01-01 00:00:04.142 D/SystemUIBootTiming(  820): StartServicescom.android.systemui.statusbar.notification.InstantAppNotifier took to complete: 11ms
01-01 00:00:04.142 D/SystemUIBootTiming(  820): StartServicescom.android.systemui.toast.ToastUI took to complete: 0ms
01-01 00:00:04.142 D/SystemUIBootTiming(  820): StartServices took to complete: 441ms
01-01 00:00:04.152 W/ActivityThread( 1012): Failed to find provider info for android.media.tv (user not unlocked)
01-01 00:00:04.164 I/chatty  ( 1012): uid=1000(system) com.droidlogic identical 1 line
01-01 00:00:04.177 W/ActivityThread( 1012): Failed to find provider info for android.media.tv (user not unlocked)
01-01 00:00:04.180 V/DigitalSignage(  665): Package Name: null
01-01 00:00:04.180 V/DigitalSignage(  665): Left: 0
01-01 00:00:04.180 V/DigitalSignage(  665): Right: 0
01-01 00:00:04.180 V/DigitalSignage(  665): Top: 0
01-01 00:00:04.180 V/DigitalSignage(  665): Bottom: 0
01-01 00:00:04.180 D/DigitalSignage(  665): else - Package Name :: null left : 0 right :: 0 top :: 0 bottom :: 0 dfu-right :: 1920 dfu-bottom :: 1080
01-01 00:00:04.180 V/DigitalSignage(  665): Package Name: null
01-01 00:00:04.181 V/DigitalSignage(  665): Left: 0
01-01 00:00:04.181 V/DigitalSignage(  665): Right: 0
01-01 00:00:04.181 V/DigitalSignage(  665): Top: 0
01-01 00:00:04.181 V/DigitalSignage(  665): Bottom: 0
01-01 00:00:04.181 D/DigitalSignage(  665): else - Package Name :: null left : 0 right :: 0 top :: 0 bottom :: 0 dfu-right :: 1920 dfu-bottom :: 1080
01-01 00:00:04.185 V/DigitalSignage(  665): Package Name: null
01-01 00:00:04.185 V/DigitalSignage(  665): Left: 0
01-01 00:00:04.185 V/DigitalSignage(  665): Right: 0
01-01 00:00:04.185 V/DigitalSignage(  665): Top: 0
01-01 00:00:04.185 V/DigitalSignage(  665): Bottom: 0
01-01 00:00:04.185 D/DigitalSignage(  665): else - Package Name :: null left : 0 right :: 0 top :: 0 bottom :: 0 dfu-right :: 1920 dfu-bottom :: 1080
01-01 00:00:04.185 V/DigitalSignage(  665): Package Name: null
01-01 00:00:04.185 V/DigitalSignage(  665): Left: 0
01-01 00:00:04.185 V/DigitalSignage(  665): Right: 0
01-01 00:00:04.185 V/DigitalSignage(  665): Top: 0
01-01 00:00:04.185 V/DigitalSignage(  665): Bottom: 0
01-01 00:00:04.186 D/DigitalSignage(  665): else - Package Name :: null left : 0 right :: 0 top :: 0 bottom :: 0 dfu-right :: 1920 dfu-bottom :: 1080
01-01 00:00:04.190 W/ActivityThread( 1012): Failed to find provider info for android.media.tv (user not unlocked)
01-01 00:00:04.195 V/DigitalSignage(  665): Package Name: null
01-01 00:00:04.195 V/DigitalSignage(  665): Left: 0
01-01 00:00:04.196 V/DigitalSignage(  665): Right: 0
01-01 00:00:04.196 V/DigitalSignage(  665): Top: 0
01-01 00:00:04.196 V/DigitalSignage(  665): Bottom: 0
01-01 00:00:04.196 D/DigitalSignage(  665): else - Package Name :: null left : 0 right :: 0 top :: 0 bottom :: 0 dfu-right :: 1920 dfu-bottom :: 1080
01-01 00:00:04.196 V/DigitalSignage(  665): Package Name: null
01-01 00:00:04.197 V/DigitalSignage(  665): Left: 0
01-01 00:00:04.197 V/DigitalSignage(  665): Right: 0
01-01 00:00:04.197 V/DigitalSignage(  665): Top: 0
01-01 00:00:04.197 V/DigitalSignage(  665): Bottom: 0
01-01 00:00:04.199 D/DigitalSignage(  665): else - Package Name :: null left : 0 right :: 0 top :: 0 bottom :: 0 dfu-right :: 1920 dfu-bottom :: 1080
01-01 00:00:04.199 V/WindowManager(  665): Orientation start waiting for draw, mDrawState=DRAW_PENDING in Window{e65308f u0 com.android.systemui.ImageWallpaper}, surfaceController Surface(name=com.android.systemui.ImageWallpaper)/@0xdeff0a1
01-01 00:00:04.204 W/ActivityThread( 1012): Failed to find provider info for android.media.tv (user not unlocked)
01-01 00:00:04.216 I/chatty  ( 1012): uid=1000(system) com.droidlogic identical 1 line
01-01 00:00:04.229 W/ActivityThread( 1012): Failed to find provider info for android.media.tv (user not unlocked)
01-01 00:00:04.233 I/DropBoxManagerService(  665): add tag=system_app_strictmode isTagEnabled=true flags=0x2
01-01 00:00:04.243 W/ActivityThread( 1012): Failed to find provider info for android.media.tv (user not unlocked)
01-01 00:00:04.255 W/ActivityThread( 1012): Failed to find provider info for android.media.tv (user not unlocked)
01-01 00:00:04.256 V/DigitalSignage(  665): Package Name: null
01-01 00:00:04.256 V/DigitalSignage(  665): Left: 0
01-01 00:00:04.256 V/DigitalSignage(  665): Right: 0
01-01 00:00:04.256 V/DigitalSignage(  665): Top: 0
01-01 00:00:04.256 V/DigitalSignage(  665): Bottom: 0
01-01 00:00:04.257 D/DigitalSignage(  665): else - Package Name :: null left : 0 right :: 0 top :: 0 bottom :: 0 dfu-right :: 1920 dfu-bottom :: 1080
01-01 00:00:04.257 V/DigitalSignage(  665): Package Name: null
01-01 00:00:04.257 V/DigitalSignage(  665): Left: 0
01-01 00:00:04.257 V/DigitalSignage(  665): Right: 0
01-01 00:00:04.257 V/DigitalSignage(  665): Top: 0
01-01 00:00:04.257 V/DigitalSignage(  665): Bottom: 0
01-01 00:00:04.257 D/DigitalSignage(  665): else - Package Name :: null left : 0 right :: 0 top :: 0 bottom :: 0 dfu-right :: 1920 dfu-bottom :: 1080
01-01 00:00:04.258 I/android.hardware.wifi@1.0-service.droidlogic(  427): Adding interface handle for wlan0
01-01 00:00:04.258 I/android.hardware.wifi@1.0-service.droidlogic(  427): Adding interface handle for p2p0
01-01 00:00:04.258 W/android.hardware.wifi@1.0-service.droidlogic(  427): No active wlan interfaces in use! Using default
01-01 00:00:04.258 E/android.hardware.wifi@1.0-service.droidlogic(  427): Failed to register radio mode change callback
01-01 00:00:04.258 W/android.hardware.wifi@1.0-service.droidlogic(  427): No active wlan interfaces in use! Using default
01-01 00:00:04.261 I/android.hardware.wifi@1.0-service.droidlogic(  427): Configured chip in mode 0
01-01 00:00:04.261 W/android.hardware.wifi@1.0-service.droidlogic(  427): No active wlan interfaces in use! Using default
01-01 00:00:04.263 V/DigitalSignage(  665): Package Name: null
01-01 00:00:04.263 V/DigitalSignage(  665): Left: 0
01-01 00:00:04.263 V/DigitalSignage(  665): Right: 0
01-01 00:00:04.263 V/DigitalSignage(  665): Top: 0
01-01 00:00:04.263 V/DigitalSignage(  665): Bottom: 0
01-01 00:00:04.263 D/DigitalSignage(  665): else - Package Name :: null left : 0 right :: 0 top :: 0 bottom :: 0 dfu-right :: 1920 dfu-bottom :: 1080
01-01 00:00:04.263 V/DigitalSignage(  665): Package Name: null
01-01 00:00:04.263 V/DigitalSignage(  665): Left: 0
01-01 00:00:04.263 V/DigitalSignage(  665): Right: 0
01-01 00:00:04.263 V/DigitalSignage(  665): Top: 0
01-01 00:00:04.263 V/DigitalSignage(  665): Bottom: 0
01-01 00:00:04.263 D/DigitalSignage(  665): else - Package Name :: null left : 0 right :: 0 top :: 0 bottom :: 0 dfu-right :: 1920 dfu-bottom :: 1080
01-01 00:00:04.264 I/android.hardware.wifi@1.0-service.droidlogic(  427): Adding interface handle for wlan0
01-01 00:00:04.264 I/android.hardware.wifi@1.0-service.droidlogic(  427): Adding interface handle for p2p0
01-01 00:00:04.264 E/android.hardware.wifi@1.0-service.droidlogic(  427): Failed to set DFS flag; DFS channels may be unavailable.
01-01 00:00:04.268 V/DigitalSignage(  665): Package Name: null
01-01 00:00:04.268 V/DigitalSignage(  665): Left: 0
01-01 00:00:04.268 V/DigitalSignage(  665): Right: 0
01-01 00:00:04.268 V/DigitalSignage(  665): Top: 0
01-01 00:00:04.268 V/DigitalSignage(  665): Bottom: 0
01-01 00:00:04.268 D/DigitalSignage(  665): else - Package Name :: null left : 0 right :: 0 top :: 0 bottom :: 0 dfu-right :: 1920 dfu-bottom :: 1080
01-01 00:00:04.268 V/DigitalSignage(  665): Package Name: null
01-01 00:00:04.268 V/DigitalSignage(  665): Left: 0
01-01 00:00:04.268 V/DigitalSignage(  665): Right: 0
01-01 00:00:04.268 V/DigitalSignage(  665): Top: 0
01-01 00:00:04.269 V/DigitalSignage(  665): Bottom: 0
01-01 00:00:04.269 D/DigitalSignage(  665): else - Package Name :: null left : 0 right :: 0 top :: 0 bottom :: 0 dfu-right :: 1920 dfu-bottom :: 1080
01-01 00:00:04.270 W/ActivityThread( 1012): Failed to find provider info for android.media.tv (user not unlocked)
01-01 00:00:04.273 V/DigitalSignage(  665): Package Name: null
01-01 00:00:04.273 V/DigitalSignage(  665): Left: 0
01-01 00:00:04.273 V/DigitalSignage(  665): Right: 0
01-01 00:00:04.273 V/DigitalSignage(  665): Top: 0
01-01 00:00:04.273 V/DigitalSignage(  665): Bottom: 0
01-01 00:00:04.273 D/DigitalSignage(  665): else - Package Name :: null left : 0 right :: 0 top :: 0 bottom :: 0 dfu-right :: 1920 dfu-bottom :: 1080
01-01 00:00:04.273 V/DigitalSignage(  665): Package Name: null
01-01 00:00:04.273 V/DigitalSignage(  665): Left: 0
01-01 00:00:04.273 V/DigitalSignage(  665): Right: 0
01-01 00:00:04.273 V/DigitalSignage(  665): Top: 0
01-01 00:00:04.273 V/DigitalSignage(  665): Bottom: 0
01-01 00:00:04.274 D/DigitalSignage(  665): else - Package Name :: null left : 0 right :: 0 top :: 0 bottom :: 0 dfu-right :: 1920 dfu-bottom :: 1080
01-01 00:00:04.282 W/ActivityThread( 1012): Failed to find provider info for android.media.tv (user not unlocked)
01-01 00:00:04.296 W/ActivityThread( 1012): Failed to find provider info for android.media.tv (user not unlocked)
01-01 00:00:04.303 I/wificond(  324): create scanner for interface with index: 8
01-01 00:00:04.303 I/wificond(  324): subscribe scan result for interface with index: 8
01-01 00:00:04.363 W/ActivityThread( 1012): Failed to find provider info for android.media.tv (user not unlocked)
01-01 00:00:04.375 W/ActivityThread( 1012): Failed to find provider info for android.media.tv (user not unlocked)
01-01 00:00:04.382 I/WindowManager(  665): ******* TELLING SURFACE FLINGER WE ARE BOOTED!
01-01 00:00:04.387 W/ActivityThread( 1012): Failed to find provider info for android.media.tv (user not unlocked)
01-01 00:00:04.389 I/ActivityManagerTiming(  665): FinishBooting
01-01 00:00:04.390 I/ActivityManager(  665): About to commit checkpoint
01-01 00:00:04.391 I/SystemServiceManager(  665): Starting phase 1000
01-01 00:00:04.391 I/ActivityManagerTiming(  665): OnBootPhase_1000
01-01 00:00:04.392 I/ActivityManagerTiming(  665): OnBootPhase_1000_com.android.server.security.FileIntegrityService
01-01 00:00:04.392 D/ActivityManagerTiming(  665): OnBootPhase_1000_com.android.server.security.FileIntegrityService took to complete: 0ms
01-01 00:00:04.392 I/ActivityManagerTiming(  665): OnBootPhase_1000_com.android.server.pm.Installer
01-01 00:00:04.392 D/ActivityManagerTiming(  665): OnBootPhase_1000_com.android.server.pm.Installer took to complete: 0ms
01-01 00:00:04.392 I/ActivityManagerTiming(  665): OnBootPhase_1000_com.android.server.os.DeviceIdentifiersPolicyService
01-01 00:00:04.392 D/ActivityManagerTiming(  665): OnBootPhase_1000_com.android.server.os.DeviceIdentifiersPolicyService took to complete: 0ms
01-01 00:00:04.392 I/ActivityManagerTiming(  665): OnBootPhase_1000_com.android.server.uri.UriGrantsManagerService$Lifecycle
01-01 00:00:04.392 D/ActivityManagerTiming(  665): OnBootPhase_1000_com.android.server.uri.UriGrantsManagerService$Lifecycle took to complete: 0ms
01-01 00:00:04.392 I/ActivityManagerTiming(  665): OnBootPhase_1000_com.android.server.wm.ActivityTaskManagerService$Lifecycle
01-01 00:00:04.392 D/ActivityManagerTiming(  665): OnBootPhase_1000_com.android.server.wm.ActivityTaskManagerService$Lifecycle took to complete: 0ms
01-01 00:00:04.392 I/ActivityManagerTiming(  665): OnBootPhase_1000_com.android.server.am.ActivityManagerService$Lifecycle
01-01 00:00:04.392 D/ActivityManagerTiming(  665): OnBootPhase_1000_com.android.server.am.ActivityManagerService$Lifecycle took to complete: 0ms
01-01 00:00:04.392 I/ActivityManagerTiming(  665): OnBootPhase_1000_com.android.server.pm.DataLoaderManagerService
01-01 00:00:04.392 D/ActivityManagerTiming(  665): OnBootPhase_1000_com.android.server.pm.DataLoaderManagerService took to complete: 0ms
01-01 00:00:04.392 I/ActivityManagerTiming(  665): OnBootPhase_1000_com.android.server.power.PowerManagerService
01-01 00:00:04.393 D/ActivityManagerTiming(  665): OnBootPhase_1000_com.android.server.power.PowerManagerService took to complete: 0ms
01-01 00:00:04.393 I/ActivityManagerTiming(  665): OnBootPhase_1000_com.android.server.power.ThermalManagerService
01-01 00:00:04.393 D/ActivityManagerTiming(  665): OnBootPhase_1000_com.android.server.power.ThermalManagerService took to complete: 0ms
01-01 00:00:04.393 I/ActivityManagerTiming(  665): OnBootPhase_1000_com.android.server.recoverysystem.RecoverySystemService$Lifecycle
01-01 00:00:04.393 D/ActivityManagerTiming(  665): OnBootPhase_1000_com.android.server.recoverysystem.RecoverySystemService$Lifecycle took to complete: 0ms
01-01 00:00:04.393 I/ActivityManagerTiming(  665): OnBootPhase_1000_com.android.server.lights.LightsService
01-01 00:00:04.393 D/ActivityManagerTiming(  665): OnBootPhase_1000_com.android.server.lights.LightsService took to complete: 0ms
01-01 00:00:04.393 I/ActivityManagerTiming(  665): OnBootPhase_1000_com.android.server.display.DisplayManagerService
01-01 00:00:04.393 D/ActivityManagerTiming(  665): OnBootPhase_1000_com.android.server.display.DisplayManagerService took to complete: 0ms
01-01 00:00:04.393 I/ActivityManagerTiming(  665): OnBootPhase_1000_com.android.server.pm.UserManagerService$LifeCycle
01-01 00:00:04.393 D/ActivityManagerTiming(  665): OnBootPhase_1000_com.android.server.pm.UserManagerService$LifeCycle took to complete: 0ms
01-01 00:00:04.393 I/ActivityManagerTiming(  665): OnBootPhase_1000_com.android.server.om.OverlayManagerService
01-01 00:00:04.393 D/ActivityManagerTiming(  665): OnBootPhase_1000_com.android.server.om.OverlayManagerService took to complete: 0ms
01-01 00:00:04.393 I/ActivityManagerTiming(  665): OnBootPhase_1000_com.android.server.SensorPrivacyService
01-01 00:00:04.393 D/ActivityManagerTiming(  665): OnBootPhase_1000_com.android.server.SensorPrivacyService took to complete: 0ms
01-01 00:00:04.393 I/ActivityManagerTiming(  665): OnBootPhase_1000_com.android.server.SystemConfigService
01-01 00:00:04.393 D/ActivityManagerTiming(  665): OnBootPhase_1000_com.android.server.SystemConfigService took to complete: 0ms
01-01 00:00:04.393 V/DisplayPowerController(  665): Brightness [0.39763778] reason changing to: 'manual', previous reason: 'override'.
01-01 00:00:04.395 I/ActivityManagerTiming(  665): OnBootPhase_1000_com.android.server.BatteryService
01-01 00:00:04.395 D/ActivityManagerTiming(  665): OnBootPhase_1000_com.android.server.BatteryService took to complete: 0ms
01-01 00:00:04.395 I/ActivityManagerTiming(  665): OnBootPhase_1000_com.android.server.usage.UsageStatsService
01-01 00:00:04.395 D/ActivityManagerTiming(  665): OnBootPhase_1000_com.android.server.usage.UsageStatsService took to complete: 0ms
01-01 00:00:04.395 I/ActivityManagerTiming(  665): OnBootPhase_1000_com.android.server.webkit.WebViewUpdateService
01-01 00:00:04.395 D/ActivityManagerTiming(  665): OnBootPhase_1000_com.android.server.webkit.WebViewUpdateService took to complete: 0ms
01-01 00:00:04.395 I/ActivityManagerTiming(  665): OnBootPhase_1000_com.android.server.CachedDeviceStateService
01-01 00:00:04.395 D/ActivityManagerTiming(  665): OnBootPhase_1000_com.android.server.CachedDeviceStateService took to complete: 0ms
01-01 00:00:04.395 I/ActivityManagerTiming(  665): OnBootPhase_1000_com.android.server.BinderCallsStatsService$LifeCycle
01-01 00:00:04.395 D/ActivityManagerTiming(  665): OnBootPhase_1000_com.android.server.BinderCallsStatsService$LifeCycle took to complete: 0ms
01-01 00:00:04.395 I/ActivityManagerTiming(  665): OnBootPhase_1000_com.android.server.LooperStatsService$Lifecycle
01-01 00:00:04.395 D/ActivityManagerTiming(  665): OnBootPhase_1000_com.android.server.LooperStatsService$Lifecycle took to complete: 0ms
01-01 00:00:04.395 I/ActivityManagerTiming(  665): OnBootPhase_1000_com.android.server.rollback.RollbackManagerService
01-01 00:00:04.400 D/ActivityManagerTiming(  665): OnBootPhase_1000_com.android.server.rollback.RollbackManagerService took to complete: 5ms
01-01 00:00:04.400 I/ActivityManagerTiming(  665): OnBootPhase_1000_com.android.server.os.BugreportManagerService
01-01 00:00:04.400 D/ActivityManagerTiming(  665): OnBootPhase_1000_com.android.server.os.BugreportManagerService took to complete: 0ms
01-01 00:00:04.400 I/ActivityManagerTiming(  665): OnBootPhase_1000_com.android.server.gpu.GpuService
01-01 00:00:04.400 D/ActivityManagerTiming(  665): OnBootPhase_1000_com.android.server.gpu.GpuService took to complete: 0ms
01-01 00:00:04.400 I/ActivityManagerTiming(  665): OnBootPhase_1000_com.android.server.security.KeyChainSystemService
01-01 00:00:04.400 D/ActivityManagerTiming(  665): OnBootPhase_1000_com.android.server.security.KeyChainSystemService took to complete: 0ms
01-01 00:00:04.400 I/ActivityManagerTiming(  665): OnBootPhase_1000_com.android.server.telecom.TelecomLoaderService
01-01 00:00:04.400 D/RollbackManager(  665): mRollbackLifetimeDurationInMillis=1209600000
01-01 00:00:04.400 D/ActivityManagerTiming(  665): OnBootPhase_1000_com.android.server.telecom.TelecomLoaderService took to complete: 0ms
01-01 00:00:04.400 I/ActivityManagerTiming(  665): OnBootPhase_1000_com.android.server.accounts.AccountManagerService$Lifecycle
01-01 00:00:04.400 D/ActivityManagerTiming(  665): OnBootPhase_1000_com.android.server.accounts.AccountManagerService$Lifecycle took to complete: 0ms
01-01 00:00:04.400 I/ActivityManagerTiming(  665): OnBootPhase_1000_com.android.server.content.ContentService$Lifecycle
01-01 00:00:04.401 D/ActivityManagerTiming(  665): OnBootPhase_1000_com.android.server.content.ContentService$Lifecycle took to complete: 0ms
01-01 00:00:04.401 W/ActivityThread( 1012): Failed to find provider info for android.media.tv (user not unlocked)
01-01 00:00:04.401 I/ActivityManagerTiming(  665): OnBootPhase_1000_com.android.server.DropBoxManagerService
01-01 00:00:04.401 D/ActivityManagerTiming(  665): OnBootPhase_1000_com.android.server.DropBoxManagerService took to complete: 0ms
01-01 00:00:04.401 I/ActivityManagerTiming(  665): OnBootPhase_1000_com.android.server.AlarmManagerService
01-01 00:00:04.401 D/ActivityManagerTiming(  665): OnBootPhase_1000_com.android.server.AlarmManagerService took to complete: 0ms
01-01 00:00:04.401 I/ActivityManagerTiming(  665): OnBootPhase_1000_com.android.server.BluetoothService
01-01 00:00:04.401 D/ActivityManagerTiming(  665): OnBootPhase_1000_com.android.server.BluetoothService took to complete: 0ms
01-01 00:00:04.401 I/ActivityManagerTiming(  665): OnBootPhase_1000_com.android.server.connectivity.IpConnectivityMetrics
01-01 00:00:04.401 D/ActivityManagerTiming(  665): OnBootPhase_1000_com.android.server.connectivity.IpConnectivityMetrics took to complete: 0ms
01-01 00:00:04.401 I/ActivityManagerTiming(  665): OnBootPhase_1000_com.android.server.net.watchlist.NetworkWatchlistService$Lifecycle
01-01 00:00:04.401 D/ActivityManagerTiming(  665): OnBootPhase_1000_com.android.server.net.watchlist.NetworkWatchlistService$Lifecycle took to complete: 0ms
01-01 00:00:04.401 I/ActivityManagerTiming(  665): OnBootPhase_1000_com.android.server.PinnerService
01-01 00:00:04.401 D/ActivityManagerTiming(  665): OnBootPhase_1000_com.android.server.PinnerService took to complete: 0ms
01-01 00:00:04.401 I/ActivityManagerTiming(  665): OnBootPhase_1000_com.google.android.startop.iorap.IorapForwardingService
01-01 00:00:04.401 D/ActivityManagerTiming(  665): OnBootPhase_1000_com.google.android.startop.iorap.IorapForwardingService took to complete: 0ms
01-01 00:00:04.401 I/ActivityManagerTiming(  665): OnBootPhase_1000_com.android.server.integrity.AppIntegrityManagerService
01-01 00:00:04.401 D/ActivityManagerTiming(  665): OnBootPhase_1000_com.android.server.integrity.AppIntegrityManagerService took to complete: 0ms
01-01 00:00:04.401 I/ActivityManagerTiming(  665): OnBootPhase_1000_com.android.server.inputmethod.InputMethodManagerService$Lifecycle
01-01 00:00:04.401 D/ActivityManagerTiming(  665): OnBootPhase_1000_com.android.server.inputmethod.InputMethodManagerService$Lifecycle took to complete: 0ms
01-01 00:00:04.401 I/ActivityManagerTiming(  665): OnBootPhase_1000_com.android.server.accessibility.AccessibilityManagerService$Lifecycle
01-01 00:00:04.401 D/ActivityManagerTiming(  665): OnBootPhase_1000_com.android.server.accessibility.AccessibilityManagerService$Lifecycle took to complete: 0ms
01-01 00:00:04.401 I/ActivityManagerTiming(  665): OnBootPhase_1000_com.android.server.StorageManagerService$Lifecycle
01-01 00:00:04.401 D/StorageManagerService(  665): FUSE flags. Settings: true. Default: true
01-01 00:00:04.401 D/ActivityManagerTiming(  665): OnBootPhase_1000_com.android.server.StorageManagerService$Lifecycle took to complete: 0ms
01-01 00:00:04.401 I/ActivityManagerTiming(  665): OnBootPhase_1000_com.android.server.usage.StorageStatsService$Lifecycle
01-01 00:00:04.401 D/ActivityManagerTiming(  665): OnBootPhase_1000_com.android.server.usage.StorageStatsService$Lifecycle took to complete: 0ms
01-01 00:00:04.401 I/ActivityManagerTiming(  665): OnBootPhase_1000_com.android.server.UiModeManagerService
01-01 00:00:04.401 D/ActivityManagerTiming(  665): OnBootPhase_1000_com.android.server.UiModeManagerService took to complete: 0ms
01-01 00:00:04.401 I/ActivityManagerTiming(  665): OnBootPhase_1000_com.android.server.locksettings.LockSettingsService$Lifecycle
01-01 00:00:04.401 D/ActivityManagerTiming(  665): OnBootPhase_1000_com.android.server.locksettings.LockSettingsService$Lifecycle took to complete: 0ms
01-01 00:00:04.401 I/ActivityManagerTiming(  665): OnBootPhase_1000_com.android.server.PersistentDataBlockService
01-01 00:00:04.401 D/ActivityManagerTiming(  665): OnBootPhase_1000_com.android.server.PersistentDataBlockService took to complete: 0ms
01-01 00:00:04.402 I/ActivityManagerTiming(  665): OnBootPhase_1000_com.android.server.testharness.TestHarnessModeService
01-01 00:00:04.402 D/TestHarnessModeService(  665): Completing Test Harness Mode setup.
01-01 00:00:04.403 D/StorageManagerService(  665): Thinking about init, mBootCompleted=true, mDaemonConnected=true
01-01 00:00:04.403 D/StorageManagerService(  665): Thinking about reset, mBootCompleted=true, mDaemonConnected=true
01-01 00:00:04.403 I/StorageSessionController(  665): Started resetting external storage service...
01-01 00:00:04.404 I/StorageSessionController(  665): Finished resetting external storage service
01-01 00:00:04.404 I/StorageManagerService(  665): Resetting vold...
01-01 00:00:04.404 I/StorageManagerService(  665): Reset vold
01-01 00:00:04.405 I/vold    (  244): onUserAdded: 0
01-01 00:00:04.405 I/StorageManagerService(  665): onVolumeStateChanged emulated;0 state:7
01-01 00:00:04.405 I/StorageManagerService(  665): onVolumeStateChanged - volumeInfo:null
01-01 00:00:04.413 W/ActivityThread( 1012): Failed to find provider info for android.media.tv (user not unlocked)
01-01 00:00:04.417 D/AppStandbyController(  665): Loading headless system app cache. appIdleEnabled=true
01-01 00:00:04.463 W/SystemServiceManager(  665): Service com.android.server.testharness.TestHarnessModeService took 62 ms in onBootPhase
01-01 00:00:04.463 D/ActivityManagerTiming(  665): OnBootPhase_1000_com.android.server.testharness.TestHarnessModeService took to complete: 62ms
01-01 00:00:04.463 I/ActivityManagerTiming(  665): OnBootPhase_1000_com.android.server.oemlock.OemLockService
01-01 00:00:04.463 D/ActivityManagerTiming(  665): OnBootPhase_1000_com.android.server.oemlock.OemLockService took to complete: 0ms
01-01 00:00:04.463 I/ActivityManagerTiming(  665): OnBootPhase_1000_com.android.server.DeviceIdleController
01-01 00:00:04.463 D/ActivityManagerTiming(  665): OnBootPhase_1000_com.android.server.DeviceIdleController took to complete: 0ms
01-01 00:00:04.463 I/ActivityManagerTiming(  665): OnBootPhase_1000_com.android.server.devicepolicy.DevicePolicyManagerService$Lifecycle
01-01 00:00:04.464 D/ActivityManagerTiming(  665): OnBootPhase_1000_com.android.server.devicepolicy.DevicePolicyManagerService$Lifecycle took to complete: 0ms
01-01 00:00:04.464 I/ActivityManagerTiming(  665): OnBootPhase_1000_com.android.server.textservices.TextServicesManagerService$Lifecycle
01-01 00:00:04.464 D/ActivityManagerTiming(  665): OnBootPhase_1000_com.android.server.textservices.TextServicesManagerService$Lifecycle took to complete: 0ms
01-01 00:00:04.464 I/ActivityManagerTiming(  665): OnBootPhase_1000_com.android.server.textclassifier.TextClassificationManagerService$Lifecycle
01-01 00:00:04.464 D/ActivityManagerTiming(  665): OnBootPhase_1000_com.android.server.textclassifier.TextClassificationManagerService$Lifecycle took to complete: 0ms
01-01 00:00:04.464 I/ActivityManagerTiming(  665): OnBootPhase_1000_com.android.server.NetworkScoreService$Lifecycle
01-01 00:00:04.464 D/ActivityManagerTiming(  665): OnBootPhase_1000_com.android.server.NetworkScoreService$Lifecycle took to complete: 0ms
01-01 00:00:04.464 I/ActivityManagerTiming(  665): OnBootPhase_1000_com.android.server.wifi.WifiService
01-01 00:00:04.464 D/ActivityManagerTiming(  665): OnBootPhase_1000_com.android.server.wifi.WifiService took to complete: 0ms
01-01 00:00:04.465 I/ActivityManagerTiming(  665): OnBootPhase_1000_com.android.server.wifi.scanner.WifiScanningService
01-01 00:00:04.465 D/ActivityManagerTiming(  665): OnBootPhase_1000_com.android.server.wifi.scanner.WifiScanningService took to complete: 0ms
01-01 00:00:04.465 I/ActivityManagerTiming(  665): OnBootPhase_1000_com.android.server.wifi.p2p.WifiP2pService
01-01 00:00:04.465 D/ActivityManagerTiming(  665): OnBootPhase_1000_com.android.server.wifi.p2p.WifiP2pService took to complete: 0ms
01-01 00:00:04.465 I/ActivityManagerTiming(  665): OnBootPhase_1000_com.android.server.ethernet.EthernetService
01-01 00:00:04.465 D/ActivityManagerTiming(  665): OnBootPhase_1000_com.android.server.ethernet.EthernetService took to complete: 0ms
01-01 00:00:04.465 I/ActivityManagerTiming(  665): OnBootPhase_1000_com.android.server.notification.NotificationManagerService
01-01 00:00:04.465 D/ActivityManagerTiming(  665): OnBootPhase_1000_com.android.server.notification.NotificationManagerService took to complete: 0ms
01-01 00:00:04.465 I/ActivityManagerTiming(  665): OnBootPhase_1000_com.android.server.storage.DeviceStorageMonitorService
01-01 00:00:04.465 D/ActivityManagerTiming(  665): OnBootPhase_1000_com.android.server.storage.DeviceStorageMonitorService took to complete: 0ms
01-01 00:00:04.465 I/ActivityManagerTiming(  665): OnBootPhase_1000_com.android.server.location.LocationManagerService$Lifecycle
01-01 00:00:04.465 D/ActivityManagerTiming(  665): OnBootPhase_1000_com.android.server.location.LocationManagerService$Lifecycle took to complete: 0ms
01-01 00:00:04.466 I/ActivityManagerTiming(  665): OnBootPhase_1000_com.android.server.timedetector.TimeDetectorService$Lifecycle
01-01 00:00:04.466 D/ActivityManagerTiming(  665): OnBootPhase_1000_com.android.server.timedetector.TimeDetectorService$Lifecycle took to complete: 0ms
01-01 00:00:04.466 I/ActivityManagerTiming(  665): OnBootPhase_1000_com.android.server.timezonedetector.TimeZoneDetectorService$Lifecycle
01-01 00:00:04.466 D/ActivityManagerTiming(  665): OnBootPhase_1000_com.android.server.timezonedetector.TimeZoneDetectorService$Lifecycle took to complete: 0ms
01-01 00:00:04.466 I/ActivityManagerTiming(  665): OnBootPhase_1000_com.android.server.search.SearchManagerService$Lifecycle
01-01 00:00:04.466 D/ActivityManagerTiming(  665): OnBootPhase_1000_com.android.server.search.SearchManagerService$Lifecycle took to complete: 0ms
01-01 00:00:04.466 I/ActivityManagerTiming(  665): OnBootPhase_1000_com.android.server.wallpaper.WallpaperManagerService$Lifecycle
01-01 00:00:04.466 D/ActivityManagerTiming(  665): OnBootPhase_1000_com.android.server.wallpaper.WallpaperManagerService$Lifecycle took to complete: 0ms
01-01 00:00:04.466 I/ActivityManagerTiming(  665): OnBootPhase_1000_com.android.server.audio.AudioService$Lifecycle
01-01 00:00:04.467 D/ActivityManagerTiming(  665): OnBootPhase_1000_com.android.server.audio.AudioService$Lifecycle took to complete: 0ms
01-01 00:00:04.467 I/ActivityManagerTiming(  665): OnBootPhase_1000_com.android.server.soundtrigger_middleware.SoundTriggerMiddlewareService$Lifecycle
01-01 00:00:04.467 D/ActivityManagerTiming(  665): OnBootPhase_1000_com.android.server.soundtrigger_middleware.SoundTriggerMiddlewareService$Lifecycle took to complete: 0ms
01-01 00:00:04.467 I/ActivityManagerTiming(  665): OnBootPhase_1000_com.android.server.DockObserver
01-01 00:00:04.467 D/ActivityManagerTiming(  665): OnBootPhase_1000_com.android.server.DockObserver took to complete: 0ms
01-01 00:00:04.467 I/ActivityManagerTiming(  665): OnBootPhase_1000_com.android.server.midi.MidiService$Lifecycle
01-01 00:00:04.467 D/ActivityManagerTiming(  665): OnBootPhase_1000_com.android.server.midi.MidiService$Lifecycle took to complete: 0ms
01-01 00:00:04.467 I/ActivityManagerTiming(  665): OnBootPhase_1000_com.android.server.adb.AdbService$Lifecycle
01-01 00:00:04.467 D/ActivityManagerTiming(  665): OnBootPhase_1000_com.android.server.adb.AdbService$Lifecycle took to complete: 0ms
01-01 00:00:04.467 I/ActivityManagerTiming(  665): OnBootPhase_1000_com.android.server.usb.UsbService$Lifecycle
01-01 00:00:04.467 D/UsbDeviceManager(  665): boot completed
01-01 00:00:04.467 D/ActivityManagerTiming(  665): OnBootPhase_1000_com.android.server.usb.UsbService$Lifecycle took to complete: 0ms
01-01 00:00:04.467 I/ActivityManagerTiming(  665): OnBootPhase_1000_com.android.server.twilight.TwilightService
01-01 00:00:04.468 D/ActivityManagerTiming(  665): OnBootPhase_1000_com.android.server.twilight.TwilightService took to complete: 1ms
01-01 00:00:04.468 I/ActivityManagerTiming(  665): OnBootPhase_1000_com.android.server.display.color.ColorDisplayService
01-01 00:00:04.468 D/ActivityManagerTiming(  665): OnBootPhase_1000_com.android.server.display.color.ColorDisplayService took to complete: 0ms
01-01 00:00:04.468 I/ActivityManagerTiming(  665): OnBootPhase_1000_com.android.server.job.JobSchedulerService
01-01 00:00:04.468 D/ActivityManagerTiming(  665): OnBootPhase_1000_com.android.server.job.JobSchedulerService took to complete: 0ms
01-01 00:00:04.468 I/ActivityManagerTiming(  665): OnBootPhase_1000_com.android.server.soundtrigger.SoundTriggerService
01-01 00:00:04.468 D/SoundTriggerService(  665): onBootPhase: 1000 : false
01-01 00:00:04.468 D/ActivityManagerTiming(  665): OnBootPhase_1000_com.android.server.soundtrigger.SoundTriggerService took to complete: 0ms
01-01 00:00:04.468 I/ActivityManagerTiming(  665): OnBootPhase_1000_com.android.server.trust.TrustManagerService
01-01 00:00:04.469 D/ActivityManagerTiming(  665): OnBootPhase_1000_com.android.server.trust.TrustManagerService took to complete: 0ms
01-01 00:00:04.469 I/ActivityManagerTiming(  665): OnBootPhase_1000_com.android.server.backup.BackupManagerService$Lifecycle
01-01 00:00:04.469 D/ActivityManagerTiming(  665): OnBootPhase_1000_com.android.server.backup.BackupManagerService$Lifecycle took to complete: 0ms
01-01 00:00:04.469 I/ActivityManagerTiming(  665): OnBootPhase_1000_com.android.server.appwidget.AppWidgetService
01-01 00:00:04.469 D/ActivityManagerTiming(  665): OnBootPhase_1000_com.android.server.appwidget.AppWidgetService took to complete: 0ms
01-01 00:00:04.469 I/ActivityManagerTiming(  665): OnBootPhase_1000_com.android.server.role.RoleManagerService
01-01 00:00:04.469 D/ActivityManagerTiming(  665): OnBootPhase_1000_com.android.server.role.RoleManagerService took to complete: 0ms
01-01 00:00:04.469 I/ActivityManagerTiming(  665): OnBootPhase_1000_com.android.server.voiceinteraction.VoiceInteractionManagerService
01-01 00:00:04.469 D/ActivityManagerTiming(  665): OnBootPhase_1000_com.android.server.voiceinteraction.VoiceInteractionManagerService took to complete: 0ms
01-01 00:00:04.469 I/ActivityManagerTiming(  665): OnBootPhase_1000_com.android.server.GestureLauncherService
01-01 00:00:04.469 D/ActivityManagerTiming(  665): OnBootPhase_1000_com.android.server.GestureLauncherService took to complete: 0ms
01-01 00:00:04.469 I/ActivityManagerTiming(  665): OnBootPhase_1000_com.android.server.SensorNotificationService
01-01 00:00:04.505 W/ActivityManager(  665): Slow operation: 81ms so far, now at getContentProviderImpl: after resolveContentProvider
01-01 00:00:04.506 W/ActivityThread( 1012): Failed to find provider info for android.media.tv (user not unlocked)
01-01 00:00:04.506 D/UsbDeviceManager(  665): broadcasting Intent { act=android.hardware.usb.action.USB_STATE flg=0x31000000 (has extras) } extras: Bundle[{host_connected=false, connected=false, unlocked=false, adb=true, configured=false}]
01-01 00:00:04.508 D/CompatibilityChangeReporter(  665): Compat change id reported: 135634846; UID 10028; state: DISABLED
01-01 00:00:04.508 D/CompatibilityChangeReporter(  665): Compat change id reported: 143937733; UID 10028; state: ENABLED
01-01 00:00:04.509 D/UsbDeviceManager(  665): setEnabledFunctions functions=0, forceRestart=false
01-01 00:00:04.516 D/ActivityManagerTiming(  665): OnBootPhase_1000_com.android.server.SensorNotificationService took to complete: 47ms
01-01 00:00:04.516 I/ActivityManagerTiming(  665): OnBootPhase_1000_com.android.server.emergency.EmergencyAffordanceService
01-01 00:00:04.516 D/ActivityManagerTiming(  665): OnBootPhase_1000_com.android.server.emergency.EmergencyAffordanceService took to complete: 0ms
01-01 00:00:04.516 I/ActivityManagerTiming(  665): OnBootPhase_1000_com.android.server.dreams.DreamManagerService
01-01 00:00:04.516 D/ActivityManagerTiming(  665): OnBootPhase_1000_com.android.server.dreams.DreamManagerService took to complete: 0ms
01-01 00:00:04.516 I/ActivityManagerTiming(  665): OnBootPhase_1000_com.android.server.restrictions.RestrictionsManagerService
01-01 00:00:04.516 D/ActivityManagerTiming(  665): OnBootPhase_1000_com.android.server.restrictions.RestrictionsManagerService took to complete: 0ms
01-01 00:00:04.516 I/ActivityManagerTiming(  665): OnBootPhase_1000_com.android.server.media.MediaSessionService
01-01 00:00:04.516 D/ActivityManagerTiming(  665): OnBootPhase_1000_com.android.server.media.MediaSessionService took to complete: 0ms
01-01 00:00:04.516 I/ActivityManagerTiming(  665): OnBootPhase_1000_com.android.server.blob.BlobStoreManagerService
01-01 00:00:04.518 D/ActivityManagerTiming(  665): OnBootPhase_1000_com.android.server.blob.BlobStoreManagerService took to complete: 1ms
01-01 00:00:04.518 I/ActivityManagerTiming(  665): OnBootPhase_1000_com.android.server.hdmi.HdmiControlService
01-01 00:00:04.518 D/ActivityManagerTiming(  665): OnBootPhase_1000_com.android.server.hdmi.HdmiControlService took to complete: 1ms
01-01 00:00:04.518 I/ActivityManagerTiming(  665): OnBootPhase_1000_com.android.server.tv.TvInputManagerService
01-01 00:00:04.518 D/ActivityManagerTiming(  665): OnBootPhase_1000_com.android.server.tv.TvInputManagerService took to complete: 0ms
01-01 00:00:04.518 I/ActivityManagerTiming(  665): OnBootPhase_1000_com.android.server.media.MediaResourceMonitorService
01-01 00:00:04.518 D/ActivityManagerTiming(  665): OnBootPhase_1000_com.android.server.media.MediaResourceMonitorService took to complete: 0ms
01-01 00:00:04.518 I/ActivityManagerTiming(  665): OnBootPhase_1000_com.android.server.tv.TvRemoteService
01-01 00:00:04.518 D/ActivityManagerTiming(  665): OnBootPhase_1000_com.android.server.tv.TvRemoteService took to complete: 0ms
01-01 00:00:04.518 I/ActivityManagerTiming(  665): OnBootPhase_1000_com.android.server.biometrics.BiometricService
01-01 00:00:04.518 D/ActivityManagerTiming(  665): OnBootPhase_1000_com.android.server.biometrics.BiometricService took to complete: 0ms
01-01 00:00:04.519 I/ActivityManagerTiming(  665): OnBootPhase_1000_com.android.server.biometrics.AuthService
01-01 00:00:04.519 D/ActivityManagerTiming(  665): OnBootPhase_1000_com.android.server.biometrics.AuthService took to complete: 0ms
01-01 00:00:04.519 I/ActivityManagerTiming(  665): OnBootPhase_1000_com.android.server.pm.ShortcutService$Lifecycle
01-01 00:00:04.519 D/ActivityManagerTiming(  665): OnBootPhase_1000_com.android.server.pm.ShortcutService$Lifecycle took to complete: 0ms
01-01 00:00:04.519 I/ActivityManagerTiming(  665): OnBootPhase_1000_com.android.server.pm.LauncherAppsService
01-01 00:00:04.519 D/ActivityManagerTiming(  665): OnBootPhase_1000_com.android.server.pm.LauncherAppsService took to complete: 0ms
01-01 00:00:04.519 I/ActivityManagerTiming(  665): OnBootPhase_1000_com.android.server.pm.CrossProfileAppsService
01-01 00:00:04.519 D/ActivityManagerTiming(  665): OnBootPhase_1000_com.android.server.pm.CrossProfileAppsService took to complete: 0ms
01-01 00:00:04.519 I/ActivityManagerTiming(  665): OnBootPhase_1000_com.android.server.people.PeopleService
01-01 00:00:04.519 D/ActivityManagerTiming(  665): OnBootPhase_1000_com.android.server.people.PeopleService took to complete: 0ms
01-01 00:00:04.519 I/ActivityManagerTiming(  665): OnBootPhase_1000_com.android.server.media.projection.MediaProjectionManagerService
01-01 00:00:04.519 D/ActivityManagerTiming(  665): OnBootPhase_1000_com.android.server.media.projection.MediaProjectionManagerService took to complete: 0ms
01-01 00:00:04.519 I/ActivityManagerTiming(  665): OnBootPhase_1000_com.android.server.slice.SliceManagerService$Lifecycle
01-01 00:00:04.519 D/ActivityManagerTiming(  665): OnBootPhase_1000_com.android.server.slice.SliceManagerService$Lifecycle took to complete: 0ms
01-01 00:00:04.519 I/ActivityManagerTiming(  665): OnBootPhase_1000_com.android.server.camera.CameraServiceProxy
01-01 00:00:04.519 D/ActivityManagerTiming(  665): OnBootPhase_1000_com.android.server.camera.CameraServiceProxy took to complete: 0ms
01-01 00:00:04.519 I/ActivityManagerTiming(  665): OnBootPhase_1000_com.android.server.stats.StatsCompanion$Lifecycle
01-01 00:00:04.519 D/ActivityManagerTiming(  665): OnBootPhase_1000_com.android.server.stats.StatsCompanion$Lifecycle took to complete: 0ms
01-01 00:00:04.519 I/ActivityManagerTiming(  665): OnBootPhase_1000_com.android.server.stats.pull.StatsPullAtomService
01-01 00:00:04.519 D/ActivityManagerTiming(  665): OnBootPhase_1000_com.android.server.stats.pull.StatsPullAtomService took to complete: 0ms
01-01 00:00:04.519 I/ActivityManagerTiming(  665): OnBootPhase_1000_com.android.server.incident.IncidentCompanionService
01-01 00:00:04.519 D/ActivityManagerTiming(  665): OnBootPhase_1000_com.android.server.incident.IncidentCompanionService took to complete: 0ms
01-01 00:00:04.519 I/ActivityManagerTiming(  665): OnBootPhase_1000_com.android.server.MmsServiceBroker
01-01 00:00:04.519 D/ActivityManagerTiming(  665): OnBootPhase_1000_com.android.server.MmsServiceBroker took to complete: 0ms
01-01 00:00:04.519 I/ActivityManagerTiming(  665): OnBootPhase_1000_com.android.server.autofill.AutofillManagerService
01-01 00:00:04.519 D/ActivityManagerTiming(  665): OnBootPhase_1000_com.android.server.autofill.AutofillManagerService took to complete: 0ms
01-01 00:00:04.519 I/ActivityManagerTiming(  665): OnBootPhase_1000_com.android.server.clipboard.ClipboardService
01-01 00:00:04.520 D/ActivityManagerTiming(  665): OnBootPhase_1000_com.android.server.clipboard.ClipboardService took to complete: 0ms
01-01 00:00:04.520 I/ActivityManagerTiming(  665): OnBootPhase_1000_com.android.server.appbinding.AppBindingService$Lifecycle
01-01 00:00:04.520 D/ActivityManagerTiming(  665): OnBootPhase_1000_com.android.server.appbinding.AppBindingService$Lifecycle took to complete: 0ms
01-01 00:00:04.520 I/ActivityManagerTiming(  665): OnBootPhase_1000_com.android.server.policy.PermissionPolicyService
01-01 00:00:04.520 D/ActivityManagerTiming(  665): OnBootPhase_1000_com.android.server.policy.PermissionPolicyService took to complete: 0ms
01-01 00:00:04.520 I/ActivityManagerTiming(  665): OnBootPhase_1000_com.android.server.pm.StagingManager$Lifecycle
01-01 00:00:04.520 D/ActivityManagerTiming(  665): OnBootPhase_1000_com.android.server.pm.StagingManager$Lifecycle took to complete: 0ms
01-01 00:00:04.520 D/ActivityManagerTiming(  665): OnBootPhase_1000 took to complete: 129ms
01-01 00:00:04.520 D/ActivityManagerTiming(  665): TotalBootTime took to complete: 7514ms
01-01 00:00:04.520 D/SystemServerInitThreadPool(  665): Shutdown requested
01-01 00:00:04.520 I/SystemServerTiming(  665): WaitInitThreadPoolShutdown
01-01 00:00:04.521 D/SystemServerInitThreadPool(  665): Shutdown successful
01-01 00:00:04.521 W/ActivityThread( 1012): Failed to find provider info for android.media.tv (user not unlocked)
01-01 00:00:04.521 D/SystemServerTiming(  665): WaitInitThreadPoolShutdown took to complete: 1ms
01-01 00:00:04.527 I/ActivityManager(  665): User 0 state changed from BOOTING to RUNNING_LOCKED
01-01 00:00:04.527 W/ActivityManager(  665): UserLifecycleEvent 4 received without an active userJourneySession.
01-01 00:00:04.532 D/StorageManagerService(  665): unlockUserKey: 0 isFileEncryptedNativeOrEmulated: true hasToken: false hasSecret: false
01-01 00:00:04.533 D/vold    (  244): fscrypt_unlock_user_key 0 serial=0 token_present=0
01-01 00:00:04.534 D/vold    (  244): Skipping non-key .
01-01 00:00:04.534 D/vold    (  244): Skipping non-key ..
01-01 00:00:04.534 D/vold    (  244): Trying user CE key /data/misc/vold/user_keys/ce/0/current
01-01 00:00:04.552 I/vold    (  244): List of Keymaster HALs found:
01-01 00:00:04.552 I/vold    (  244): Keymaster HAL #1: AmlogicKeymaster from Google SecurityLevel: TRUSTED_ENVIRONMENT HAL: android.hardware.keymaster@4.1::IKeymasterDevice/default
01-01 00:00:04.552 I/vold    (  244): Using AmlogicKeymaster from Google for encryption.  Security level: TRUSTED_ENVIRONMENT, HAL: android.hardware.keymaster@4.1::IKeymasterDevice/default
01-01 00:00:04.559 D/vold    (  244): Successfully retrieved key
01-01 00:00:04.566 D/vold    (  244): Installed fscrypt key with ref 86323b9c1ebf13b714ad65cc9077a6aa to /data
01-01 00:00:04.567 D/vold    (  244): Added fscrypt-provisioning key for 86323b9c1ebf13b714ad65cc9077a6aa to session keyring
01-01 00:00:04.567 D/vold    (  244): Installed ce key for user 0
01-01 00:00:04.570 W/ActivityManager(  665): UserLifecycleEvent 5 received without an active userJourneySession.
01-01 00:00:04.570 D/ActivityManager(  665): Started unlocking user 0
01-01 00:00:04.570 D/ActivityManager(  665): Unlocking user 0 progress 0
01-01 00:00:04.571 D/ActivityManager(  665): Unlocking user 0 progress 5
01-01 00:00:04.572 E/UserspaceRebootLogger(  665): Userspace reboot is not supported.
01-01 00:00:04.573 D/vold    (  244): fscrypt_prepare_user_storage for volume null, user 0, serial 0, flags 2
01-01 00:00:04.573 D/vold    (  244): Preparing: /data/system_ce/0
01-01 00:00:04.573 D/vold    (  244): Preparing: /data/misc_ce/0
01-01 00:00:04.573 D/vold    (  244): Preparing: /data/vendor_ce/0
01-01 00:00:04.573 W/ActivityManager(  665): Slow operation: 66ms so far, now at startProcess: returned from zygote!
01-01 00:00:04.574 D/vold    (  244): Preparing: /data/media/0
01-01 00:00:04.574 D/vold    (  244): Preparing: /data/data
01-01 00:00:04.574 I/vold    (  244): Verified that /data/system_ce/0 has the encryption policy 86323b9c1ebf13b714ad65cc9077a6aa v2 modes 1/4 flags 0x2
01-01 00:00:04.575 I/vold    (  244): Verified that /data/misc_ce/0 has the encryption policy 86323b9c1ebf13b714ad65cc9077a6aa v2 modes 1/4 flags 0x2
01-01 00:00:04.575 I/vold    (  244): Verified that /data/vendor_ce/0 has the encryption policy 86323b9c1ebf13b714ad65cc9077a6aa v2 modes 1/4 flags 0x2
01-01 00:00:04.575 I/vold    (  244): Verified that /data/media/0 has the encryption policy 86323b9c1ebf13b714ad65cc9077a6aa v2 modes 1/4 flags 0x2
01-01 00:00:04.575 I/vold    (  244): Verified that /data/data has the encryption policy 86323b9c1ebf13b714ad65cc9077a6aa v2 modes 1/4 flags 0x2
01-01 00:00:04.575 D/vold    (  244): Starting restorecon of /data/system_ce/0
01-01 00:00:04.617 D/vold    (  244): Finished restorecon of /data/system_ce/0
01-01 00:00:04.617 D/vold    (  244): Starting restorecon of /data/vendor_ce/0
01-01 00:00:04.622 D/vold    (  244): Finished restorecon of /data/vendor_ce/0
01-01 00:00:04.622 D/vold    (  244): Starting restorecon of /data/misc_ce/0
01-01 00:00:04.627 D/vold    (  244): Finished restorecon of /data/misc_ce/0
01-01 00:00:04.627 D/vold    (  244): /system/bin/vold_prepare_subdirs
01-01 00:00:04.627 D/vold    (  244):     prepare
01-01 00:00:04.627 D/vold    (  244):     
01-01 00:00:04.627 D/vold    (  244):     0
01-01 00:00:04.627 D/vold    (  244):     2
01-01 00:00:04.647 D/CompatibilityChangeReporter(  665): Compat change id reported: 135634846; UID 1000; state: DISABLED
01-01 00:00:04.649 W/ActivityManager(  665): Slow operation: 141ms so far, now at startProcess: done updating battery stats
01-01 00:00:04.649 W/ActivityManager(  665): Slow operation: 142ms so far, now at startProcess: building log message
01-01 00:00:04.649 I/ActivityManager(  665): Start proc 1301:com.reverie.swalekh.abctv/u0a28 for service {com.reverie.swalekh.abctv/com.reverie.swalekh.tv.SoftKeyboard}
01-01 00:00:04.649 W/ActivityManager(  665): Slow operation: 142ms so far, now at startProcess: starting to update pids map
01-01 00:00:04.651 W/ActivityManager(  665): Slow operation: 143ms so far, now at startProcess: done updating pids map
01-01 00:00:04.654 W/ActivityThread( 1012): Failed to find provider info for android.media.tv (user not unlocked)
01-01 00:00:04.665 I/ActivityManager(  665): Notify Jio SDK Service on crash event
01-01 00:00:04.671 D/ActivityManagerTiming(  665): FinishBooting took to complete: 281ms
01-01 00:00:04.673 V/DigitalSignage(  665): Package Name: null
01-01 00:00:04.673 V/DigitalSignage(  665): Left: 0
01-01 00:00:04.673 V/DigitalSignage(  665): Right: 0
01-01 00:00:04.673 V/DigitalSignage(  665): Top: 0
01-01 00:00:04.673 V/DigitalSignage(  665): Bottom: 0
01-01 00:00:04.673 D/DigitalSignage(  665): else - Package Name :: null left : 0 right :: 0 top :: 0 bottom :: 0 dfu-right :: 1920 dfu-bottom :: 1080
01-01 00:00:04.673 V/DigitalSignage(  665): Package Name: null
01-01 00:00:04.673 V/DigitalSignage(  665): Left: 0
01-01 00:00:04.673 V/DigitalSignage(  665): Right: 0
01-01 00:00:04.674 V/DigitalSignage(  665): Top: 0
01-01 00:00:04.674 V/DigitalSignage(  665): Bottom: 0
01-01 00:00:04.674 D/DigitalSignage(  665): else - Package Name :: null left : 0 right :: 0 top :: 0 bottom :: 0 dfu-right :: 1920 dfu-bottom :: 1080
01-01 00:00:04.677 V/DigitalSignage(  665): Package Name: null
01-01 00:00:04.677 V/DigitalSignage(  665): Left: 0
01-01 00:00:04.677 V/DigitalSignage(  665): Right: 0
01-01 00:00:04.677 V/DigitalSignage(  665): Top: 0
01-01 00:00:04.677 V/DigitalSignage(  665): Bottom: 0
01-01 00:00:04.677 D/DigitalSignage(  665): else - Package Name :: null left : 0 right :: 0 top :: 0 bottom :: 0 dfu-right :: 1920 dfu-bottom :: 1080
01-01 00:00:04.677 V/DigitalSignage(  665): Package Name: null
01-01 00:00:04.677 V/DigitalSignage(  665): Left: 0
01-01 00:00:04.677 V/DigitalSignage(  665): Right: 0
01-01 00:00:04.677 V/DigitalSignage(  665): Top: 0
01-01 00:00:04.677 V/DigitalSignage(  665): Bottom: 0
01-01 00:00:04.677 D/DigitalSignage(  665): else - Package Name :: null left : 0 right :: 0 top :: 0 bottom :: 0 dfu-right :: 1920 dfu-bottom :: 1080
01-01 00:00:04.679 W/ActivityThread( 1012): Failed to find provider info for android.media.tv (user not unlocked)
01-01 00:00:04.679 I/DropBoxManagerService(  665): add tag=system_server_wtf isTagEnabled=true flags=0x2
01-01 00:00:04.698 W/ActivityThread( 1012): Failed to find provider info for android.media.tv (user not unlocked)
01-01 00:00:04.702 I/DropBoxManagerService(  665): add tag=system_server_strictmode isTagEnabled=true flags=0x2
01-01 00:00:04.705 D/ColorDisplayService(  665): setUp: currentUser=0
01-01 00:00:04.709 I/DropBoxManagerService(  665): add tag=system_server_strictmode isTagEnabled=true flags=0x2
01-01 00:00:04.710 W/ActivityThread( 1012): Failed to find provider info for android.media.tv (user not unlocked)
01-01 00:00:04.720 W/ActivityManager(  665): Slow operation: 74ms so far, now at startProcess: returned from zygote!
01-01 00:00:04.720 W/ActivityManager(  665): Slow operation: 74ms so far, now at startProcess: done updating battery stats
01-01 00:00:04.720 W/ActivityManager(  665): Slow operation: 74ms so far, now at startProcess: building log message
01-01 00:00:04.720 I/ActivityManager(  665): Start proc 1339:com.jio.sdk/1000 for broadcast {com.jio.sdk/com.jio.sdk.receivers.SDKBootEventRecevier}
01-01 00:00:04.720 W/ActivityManager(  665): Slow operation: 74ms so far, now at startProcess: starting to update pids map
01-01 00:00:04.720 W/ActivityManager(  665): Slow operation: 74ms so far, now at startProcess: done updating pids map
01-01 00:00:04.722 W/ActivityThread( 1012): Failed to find provider info for android.media.tv (user not unlocked)
01-01 00:00:04.729 I/DropBoxManagerService(  665): add tag=system_server_strictmode isTagEnabled=true flags=0x2
01-01 00:00:04.735 W/ActivityThread( 1012): Failed to find provider info for android.media.tv (user not unlocked)
01-01 00:00:04.739 I/DropBoxManagerService(  665): add tag=system_server_strictmode isTagEnabled=true flags=0x2
01-01 00:00:04.747 W/ActivityThread( 1012): Failed to find provider info for android.media.tv (user not unlocked)
01-01 00:00:04.847 I/chatty  ( 1012): uid=1000(system) com.droidlogic identical 8 lines
01-01 00:00:04.866 W/ActivityThread( 1012): Failed to find provider info for android.media.tv (user not unlocked)
01-01 00:00:04.874 W/NotificationHistory(  665): Attempted to add notif for locked/gone/disabled user 0
01-01 00:00:04.878 W/ActivityThread( 1012): Failed to find provider info for android.media.tv (user not unlocked)
01-01 00:00:04.894 W/ActivityThread( 1012): Failed to find provider info for android.media.tv (user not unlocked)
01-01 00:00:04.899 W/StorageManagerService(  665): No primary storage defined yet; hacking together a stub
