07-09 13:37:56.574 V/ActivityTaskManager( 3843): Sending Broadcast : Intent { act=com.jio.remote.action.applaunch flg=0x40000000 pkg=com.jio.remote.btserver (has extras) }
07-09 13:37:56.576 V/ActivityTaskManager( 3843): Old State : FINISHING Updated state : DESTROYING Activity : ComponentInfo{com.jiotv.sonyliv/com.sonyliv.ui.splash.SplashActivity}
07-09 13:37:56.576 V/ActivityTaskManager( 3843): Sending Broadcast : Intent { act=com.jio.remote.action.applaunch flg=0x40000000 pkg=com.jio.remote.btserver (has extras) }
07-09 13:37:56.723 D/INSETS  ( 3843): else - Package Name ::  left : 0 right :: 0 top :: 0 bottom :: 0 dfu-right :: 1920 dfu-bottom :: 1080
07-09 13:37:56.736 V/ActivityTaskManager( 3843): Old State : DESTROYING Updated state : DESTROYED Activity : ComponentInfo{com.jiotv.sonyliv/com.sonyliv.ui.splash.SplashActivity}
07-09 13:37:56.736 V/ActivityTaskManager( 3843): Sending Broadcast : Intent { act=com.jio.remote.action.applaunch flg=0x40000000 pkg=com.jio.remote.btserver (has extras) }
07-09 13:37:56.774 W/ContextImpl( 5883): Calling a method in the system process without a qualified user: android.app.ContextImpl.bindService:1748 android.content.ContextWrapper.bindService:756 com.jio.adc.core.b.d:56 com.jio.adc.core.b.b:13 com.jio.adc.core.b$c.run:7 
07-09 13:37:56.927 W/[15343.908102@1]- RTW(    0): fill_default_txdesc(wlan0): SP Packet(0x0806) rate=0x4 SeqNum = 1340
07-09 13:37:59.058 D/AutofillManagerService( 3843): onBackKeyPressed()
07-09 13:37:59.234 E/TaskPersister( 3843): File error accessing recents directory (directory doesn't exist?).
07-09 13:37:59.788 W/[15346.777970@1]- RTW(    0): Turbo EDCA =0x431c
07-09 13:38:01.365 D/INSETS  ( 3843): else - Package Name ::  left : 0 right :: 0 top :: 0 bottom :: 0 dfu-right :: 1920 dfu-bottom :: 1080
07-09 13:38:01.805 W/[15348.794129@2]- RTW(    0): Turbo EDCA =0x5ea42b
07-09 13:38:02.406 W/[15349.396964@1]- RTW(    0): fill_default_txdesc(wlan0): SP Packet(0x0806) rate=0x4 SeqNum = 2135
07-09 13:38:03.522 I/UsageStatsService( 3843): User[0] Flushing usage stats to disk
07-09 13:38:03.821 W/[15350.810626@3]- RTW(    0): Turbo EDCA =0x431c
07-09 13:38:05.835 W/[15352.826028@2]- RTW(    0): Turbo EDCA =0x5ea42b
07-09 13:38:06.802 W/[15353.792328@2]- RTW(    0): fill_default_txdesc(wlan0): SP Packet(0x0806) rate=0x4 SeqNum = 2812
07-09 13:38:09.557 D/ConnectivityService( 3843): requestNetwork for uid/pid:10075/8718 NetworkRequest [ TRACK_DEFAULT id=50, [ Capabilities: INTERNET&NOT_RESTRICTED&TRUSTED Uid: 10075 AdministratorUids: [] RequestorUid: 10075 RequestorPackageName: com.jiotv.sonyliv] ]
07-09 13:38:09.558 D/ConnectivityService( 3843): NetReassign [50 : null  100]
07-09 13:38:09.868 W/[15356.858014@1]- RTW(    0): Turbo EDCA =0x431c
07-09 13:38:11.749 W/[15358.741707@3]- RTW(    0): fill_default_txdesc(wlan0): SP Packet(0x0806) rate=0x4 SeqNum = 3425
07-09 13:38:12.362 D/INSETS  ( 3843): else - Package Name ::  left : 0 right :: 0 top :: 0 bottom :: 0 dfu-right :: 1920 dfu-bottom :: 1080
07-09 13:38:13.561 D/INSETS  ( 3843): else - Package Name ::  left : 0 right :: 0 top :: 0 bottom :: 0 dfu-right :: 1920 dfu-bottom :: 1080
07-09 13:38:13.601 I/UsageStatsService( 3843): User[0] Flushing usage stats to disk
07-09 13:38:13.673 W/[15360.664494@3]- audit(    0): audit_lost=6417 audit_rate_limit=5 audit_backlog_limit=64
07-09 13:38:13.673 E/[15360.664502@3]- audit(    0): rate limit exceeded
07-09 13:38:15.036 I/[15362.027736@0]- resman(    0): 137 appname:OMX-100, type=0
07-09 13:38:15.097 I/[15362.086844@1]- resman(    0): 137 acquire [codec_mm], preempt yes
07-09 13:38:15.103 I/[15362.086855@1]- resman(    0): 137 score 160 secure yes
07-09 13:38:15.103 I/[15362.086860@1]- resman(    0): 137 acquire [codec_mm] success
07-09 13:38:15.103 I/[15362.087972@1]- resman(    0): 139 appname:secmem, type=3
07-09 13:38:15.103 I/[15362.091179@1]- resman(    0): 139 acquire [tvp], preempt yes
07-09 13:38:15.177 I/        (    0): [15362.165984@0]- protect tvp 0 5 ret 0 56c00000 3540000
07-09 13:38:15.177 I/        (    0): [15362.165994@0]- enable tvp for 1
07-09 13:38:15.177 I/        (    0): [15362.165997@0]- tvp_user_count is 1
07-09 13:38:15.177 I/[15362.166004@0]- resman(    0): 139 acquire [tvp] success
07-09 13:38:15.246 D/        (    0): [15362.235893@1]- the demux           clock on, ref cnt: 2
07-09 13:38:15.246 D/        (    0): [15362.235902@1]- the parser_top      clock on, ref cnt: 2
07-09 13:38:15.247 D/        (    0): [15362.235913@1]- the vdec            clock on, ref cnt: 1
07-09 13:38:15.247 D/        (    0): [15362.235935@1]- the clk_vdec_mux    clock on, ref cnt: 1
07-09 13:38:15.247 D/        (    0): [15362.235968@1]- vdec mux clock is 499999992 Hz
07-09 13:38:15.247 D/        (    0): [15362.236158@1]- vdec_create instance 0000000034229b37, total 1, PM: legacy
07-09 13:38:15.247 D/        (    0): [15362.236204@1]- set drmmode
07-09 13:38:15.247 I/        (    0): [15362.236269@1]- is_reset=0
07-09 13:38:15.247 I/        (    0): [15362.236297@1]- vdec_init, dev_name:ammvdec_h264, vdec_type=VDEC_TYPE_FRAME_BLOCK  id = 0
07-09 13:38:15.247 D/        (    0): [15362.237282@1]- ammvdec_h264_mmu_init tvp = 0x4 mmu_enable 0
07-09 13:38:15.247 D/        (    0): [15362.237290@1]- decoder_bmmu_box_alloc_box, tvp_flags = 4
07-09 13:38:15.247 D/[15362.237309@1]- 0(    0): ammvdec_h264_probe mmu_enable 0 double_write_mode 0x3
07-09 13:38:15.247 D/[15362.237355@1]- 0(    0): ammvdec_h264 mem-addr=0,buff_offset=56c10000,buf_start=56c00000
07-09 13:38:15.250 D/        (    0): [15362.237396@1]- vdec mux clock is 666666656 Hz
07-09 13:38:15.250 D/        (    0): [15362.237401@1]- vdec1 video changed to 3840 x 2160 60 fps clk->667MHZ
07-09 13:38:15.250 W/        (    0): [15362.237408@1]- H264 sysinfo: 1280x720 duration=4000, pts_outside=1
07-09 13:38:15.250 D/        (    0): [15362.237411@1]- sync_outside=0, use_idr_framerate=0, is_used_v4l: 0
07-09 13:38:15.250 I/        (    0): [15362.237471@1]- [TEE], the fw (h264_multi) will be loaded.
07-09 13:38:15.251 D/        (    0): [15362.239520@3]- vh264_init, phy_addr=7446e000 vaddr=00000000b7683660
07-09 13:38:15.251 D/        (    0): [15362.239718@3]- vfm map vdec-map-0 created
07-09 13:38:15.251 I/[15362.239740@3]- dim(    0): ch[1]:di_receiver_event_fun,8:_REG
07-09 13:38:15.251 I/[15362.239746@3]- dim(    0): reg:vdec.h264.00[198]
07-09 13:38:15.251 I/[15362.240324@0]- dim(    0): reg:use[1]ms
07-09 13:38:15.251 E/[15362.240371@0]- reg(    0): v4lvideo
07-09 13:38:15.251 I/[15362.240380@0]- dim(    0): ch[1]:di_receiver_event_fun,3:_START
07-09 13:38:15.251 D/        (    0): [15362.240387@0]- vdec_init, vf_provider_name = vdec.h264.00, b 0
07-09 13:38:15.251 I/        (    0): [15362.240402@0]- vdec->port_flag=0x182, port_flag=0x18b
07-09 13:38:15.269 D/[15362.244534@0]- v4lvid(    0): dbg: v4lvideo open
07-09 13:38:16.709 W/[15363.699456@2]- RTW(    0): fill_default_txdesc(wlan0): SP Packet(0x0806) rate=0x4 SeqNum = 1141
07-09 13:38:19.950 W/[15366.941945@1]- RTW(    0): Turbo EDCA =0x5ea42b
07-09 13:38:21.317 W/[15368.308109@2]- healthd(    0): battery l=100 v=4 t=0.0 h=2 st=2 c=1100 fc=10000000 chg=u
07-09 13:38:21.756 W/[15368.746426@2]- RTW(    0): fill_default_txdesc(wlan0): SP Packet(0x0806) rate=0x4 SeqNum = 1779
07-09 13:38:26.724 W/[15373.716624@3]- RTW(    0): fill_default_txdesc(wlan0): SP Packet(0x0806) rate=0x4 SeqNum = 2225
07-09 13:38:31.809 W/[15378.800596@3]- RTW(    0): fill_default_txdesc(wlan0): SP Packet(0x0806) rate=0x4 SeqNum = 2682
07-09 13:38:36.917 W/[15383.908621@2]- RTW(    0): fill_default_txdesc(wlan0): SP Packet(0x0806) rate=0x4 SeqNum = 3125
07-09 13:38:40.485 D/[15387.477007@3]- 0(    0): AV_SCRATCH_1 = 840e1050, AV_SCRATCH_2 18077
07-09 13:38:40.485 D/[15387.477060@3]- 0(    0): chroma_format_idc = 1 frame_mbs_only_flag 1, crop_bottom 0,  frame_height 720,
07-09 13:38:40.485 D/[15387.477065@3]- 0(    0): mb_height 45,crop_right 0, frame_width 1280, mb_width 80
07-09 13:38:40.485 D/[15387.477071@3]- 0(    0): level_idc = 31 pic_size = 1382400 size = 5
07-09 13:38:40.485 D/[15387.477076@3]- 0(    0): Warning: max_dec_frame_buffering(4) is less than DPB size(5) calculated from Profile/Level.
07-09 13:38:40.485 D/[15387.477081@3]- 0(    0): mb height/widht/total: 30/50/f00 level_idc 1f max_ref_num 4
07-09 13:38:40.485 D/[15387.477087@3]- 0(    0): restriction_flag=1, max_dec_frame_buffering=4, dec_dpb_size=6 num_reorder_frames 2 used_reorder_dpb_size_margin 9
07-09 13:38:40.485 D/[15387.477093@3]- 0(    0): vh264_set_params active_buf_spec_num 15 dec_dpb_size 6 collocate_buf_num 8
07-09 13:38:40.485 D/[15387.477404@1]- 0(    0): num_ref_frames change from 0 to 4
07-09 13:38:40.491 I/[15387.480809@2]- dim(    0): value reg:ch[1]:fix_buf:0;ponly <0,0>
07-09 13:38:40.491 I/[15387.480822@2]- dim(    0): 1280x720-0x9000.
07-09 13:38:40.491 I/[15387.481150@3]- v4lvideo(    0): provider name: vdec.h264.00
07-09 13:38:40.513 D/        (    0): [15387.504289@1]- cal_dur_from_pts vstatus 4000 dur3749 -> 3998, revised 4000
07-09 13:38:40.513 I/[15387.504531@1]- vframe_rate_uevent(    0): sent uevent FRAME_RATE_HINT=4000
07-09 13:38:40.676 I/[15387.667837@0]- VID(    0): VD1 off
07-09 13:38:40.676 I/[15387.668018@0]- vc(    0): [0]vc: set enable index=0, val=1
07-09 13:38:40.676 I/        (    0): [15387.668032@0]- dev->index =0, val=2
07-09 13:38:40.676 I/[15387.668037@0]- VID(    0): VD1 off
07-09 13:38:40.676 I/[15387.668043@0]- VID(    0): VD1 set global output as 1
07-09 13:38:40.676 I/[15387.668072@0]- VID(    0): store VD0 path_id changed -1->2
07-09 13:38:40.676 I/[15387.668093@0]- vc(    0): [0]sideband_type =-1
07-09 13:38:42.005 W/[15388.996501@3]- RTW(    0): fill_default_txdesc(wlan0): SP Packet(0x0806) rate=0x4 SeqNum = 871
07-09 13:38:42.122 W/[15389.113966@2]- RTW(    0): Turbo EDCA =0x431c
07-09 13:38:46.161 W/[15393.149934@3]- RTW(    0): Turbo EDCA =0x5ea42b
07-09 13:38:47.088 W/[15394.077897@2]- RTW(    0): fill_default_txdesc(wlan0): SP Packet(0x0806) rate=0x4 SeqNum = 1306
07-09 13:38:52.145 W/[15399.137383@2]- RTW(    0): fill_default_txdesc(wlan0): SP Packet(0x0806) rate=0x4 SeqNum = 1663
07-09 13:38:52.205 W/[15399.196586@2]- RTW(    0): Turbo EDCA =0x431c
07-09 13:38:52.497 D/[15399.488493@0]- 0(    0): h264_reconfig
07-09 13:38:52.497 D/[15399.488689@0]- 0(    0): AV_SCRATCH_1 = 8407f83c, AV_SCRATCH_2 18077
07-09 13:38:52.497 D/[15399.488735@0]- 0(    0): chroma_format_idc = 1 frame_mbs_only_flag 1, crop_bottom 4,  frame_height 540,
07-09 13:38:52.497 D/[15399.488741@0]- 0(    0): mb_height 34,crop_right 0, frame_width 960, mb_width 60
07-09 13:38:52.497 D/[15399.488748@0]- 0(    0): level_idc = 31 pic_size = 783360 size = 8
07-09 13:38:52.497 D/[15399.488756@0]- 0(    0): Warning: max_dec_frame_buffering(4) is less than DPB size(8) calculated from Profile/Level.
07-09 13:38:52.497 D/[15399.488762@0]- 0(    0): mb height/widht/total: 24/3c/870 level_idc 1f max_ref_num 4
07-09 13:38:52.497 D/[15399.488770@0]- 0(    0): restriction_flag=1, max_dec_frame_buffering=4, dec_dpb_size=6 num_reorder_frames 2 used_reorder_dpb_size_margin 9
07-09 13:38:52.497 D/[15399.488777@0]- 0(    0): vh264_set_params active_buf_spec_num 15 dec_dpb_size 6 collocate_buf_num 8
07-09 13:38:52.497 D/[15399.488989@3]- 0(    0): num_ref_frames change from 0 to 4
07-09 13:38:54.221 W/[15401.210601@1]- RTW(    0): Turbo EDCA =0x5ea42b
07-09 13:38:56.505 D/[15403.494825@2]- 0(    0): h264_reconfig
07-09 13:38:56.505 D/[15403.494959@2]- 0(    0): AV_SCRATCH_1 = 840e1050, AV_SCRATCH_2 18077
07-09 13:38:56.505 D/[15403.495017@2]- 0(    0): chroma_format_idc = 1 frame_mbs_only_flag 1, crop_bottom 0,  frame_height 720,
07-09 13:38:56.505 D/[15403.495025@2]- 0(    0): mb_height 45,crop_right 0, frame_width 1280, mb_width 80
07-09 13:38:56.505 D/[15403.495032@2]- 0(    0): level_idc = 31 pic_size = 1382400 size = 5
07-09 13:38:56.505 D/[15403.495041@2]- 0(    0): Warning: max_dec_frame_buffering(4) is less than DPB size(5) calculated from Profile/Level.
07-09 13:38:56.505 D/[15403.495048@2]- 0(    0): mb height/widht/total: 30/50/f00 level_idc 1f max_ref_num 4
07-09 13:38:56.505 D/[15403.495056@2]- 0(    0): restriction_flag=1, max_dec_frame_buffering=4, dec_dpb_size=6 num_reorder_frames 2 used_reorder_dpb_size_margin 9
07-09 13:38:56.505 D/[15403.495064@2]- 0(    0): vh264_set_params active_buf_spec_num 15 dec_dpb_size 6 collocate_buf_num 8
07-09 13:38:56.505 D/[15403.495329@2]- 0(    0): num_ref_frames change from 0 to 4
07-09 13:38:57.206 W/[15404.197123@0]- RTW(    0): fill_default_txdesc(wlan0): SP Packet(0x0806) rate=0x4 SeqNum = 2051
07-09 13:39:00.272 W/[15407.262136@1]- RTW(    0): Turbo EDCA =0x431c
07-09 13:39:00.509 D/[15407.499975@2]- 0(    0): h264_reconfig
07-09 13:39:00.509 D/[15407.500064@2]- 0(    0): AV_SCRATCH_1 = 841fe078, AV_SCRATCH_2 18077
07-09 13:39:00.509 D/[15407.500108@2]- 0(    0): chroma_format_idc = 1 frame_mbs_only_flag 1, crop_bottom 8,  frame_height 1080,
07-09 13:39:00.509 D/[15407.500113@2]- 0(    0): mb_height 68,crop_right 0, frame_width 1920, mb_width 120
07-09 13:39:00.509 D/[15407.500121@2]- 0(    0): level_idc = 40 pic_size = 3133440 size = 4
07-09 13:39:00.509 D/[15407.500127@2]- 0(    0): mb height/widht/total: 44/78/1fe0 level_idc 28 max_ref_num 4
07-09 13:39:00.509 D/[15407.500135@2]- 0(    0): restriction_flag=1, max_dec_frame_buffering=4, dec_dpb_size=6 num_reorder_frames 2 used_reorder_dpb_size_margin 9
07-09 13:39:00.509 D/[15407.500140@2]- 0(    0): vh264_set_params active_buf_spec_num 15 dec_dpb_size 6 collocate_buf_num 8
07-09 13:39:00.509 D/[15407.500357@2]- 0(    0): num_ref_frames change from 0 to 4
07-09 13:39:00.729 I/        (    0): [15407.719703@2]- protect tvp 0 5 ret 0
07-09 13:39:00.729 I/        (    0): [15407.719733@2]- protect tvp 1 6 ret 0 5a140000 2800000
07-09 13:39:02.180 W/[15409.170079@3]- RTW(    0): fill_default_txdesc(wlan0): SP Packet(0x0806) rate=0x4 SeqNum = 2437
07-09 13:39:02.285 W/[15409.275966@1]- RTW(    0): Turbo EDCA =0x5ea42b
07-09 13:39:02.893 W/[15409.884740@2]- RTW(    0): cfg80211_rtw_scan(wlan0)
07-09 13:39:02.893 W/[15409.884752@2]- RTW(    0): cfg80211_rtw_scan (wlan0) : scan deny
07-09 13:39:04.300 W/[15411.289978@2]- RTW(    0): Turbo EDCA =0x431c
07-09 13:39:06.318 W/[15413.309995@3]- RTW(    0): Turbo EDCA =0x5ea42b
07-09 13:39:06.888 W/[15413.879595@2]- RTW(    0): fill_default_txdesc(wlan0): SP Packet(0x0806) rate=0x4 SeqNum = 2784
07-09 13:39:08.329 W/[15415.322175@0]- RTW(    0): Turbo EDCA =0x431c
07-09 13:39:10.349 W/[15417.337989@3]- RTW(    0): Turbo EDCA =0x5ea42b
07-09 13:39:12.426 W/[15419.417025@3]- RTW(    0): fill_default_txdesc(wlan0): SP Packet(0x0806) rate=0x4 SeqNum = 3261
07-09 13:38:55.158 I/chatty  ( 3843): uid=1000(system) android.bg identical 4 lines
07-09 13:39:05.246 I/UsageStatsService( 3843): User[0] Flushing usage stats to disk
07-09 13:39:12.452 D/AutofillManagerService( 3843): onBackKeyPressed()
07-09 13:39:12.486 I/        (    0): [15419.479037@0]- is_reset=1
07-09 13:39:12.489 I/[15419.481096@0]- vframe_rate_uevent(    0): sent uevent FRAME_RATE_HINT=0
07-09 13:39:12.493 I/[15419.482087@3]- dim(    0): ch[1]:di_receiver_event_fun,1:_UNREG
07-09 13:39:12.493 E/[15419.482124@3]- unreg(    0): v4lvideo
07-09 13:39:12.493 I/[15419.482187@1]- dim(    0): unreg:2keep[8], msk:[0x0,0x0]
07-09 13:39:12.501 I/[15419.493727@0]- dim(    0): unreg:use[11]ms
07-09 13:39:12.501 D/        (    0): [15419.493757@0]- vdec_disable_DMC input->target= 0x0
07-09 13:39:12.502 D/[15419.493870@0]- 0(    0): vh264_stop
07-09 13:39:12.505 D/        (    0): [15419.494880@0]- vdec_release instance 0000000034229b37, total 1 id = 0
07-09 13:39:12.505 D/        (    0): [15419.495204@0]- the clk_vdec_mux    clock off, ref cnt: 0
07-09 13:39:12.505 D/        (    0): [15419.495215@0]- the vdec            clock off, ref cnt: 0
07-09 13:39:12.505 D/        (    0): [15419.495219@0]- the parser_top      clock off, ref cnt: 1
07-09 13:39:12.505 D/        (    0): [15419.495223@0]- the demux           clock off, ref cnt: 1
07-09 13:39:12.505 D/        (    0): [15419.495328@0]- the demux           clock on, ref cnt: 2
07-09 13:39:12.505 D/        (    0): [15419.495333@0]- the parser_top      clock on, ref cnt: 2
07-09 13:39:12.505 D/        (    0): [15419.495339@0]- the vdec            clock on, ref cnt: 1
07-09 13:39:12.505 D/        (    0): [15419.495357@0]- the clk_vdec_mux    clock on, ref cnt: 1
07-09 13:39:12.505 D/        (    0): [15419.495389@0]- vdec mux clock is 499999992 Hz
07-09 13:39:12.505 D/        (    0): [15419.495564@0]- vdec_create instance 0000000052a7c973, total 1, PM: legacy
07-09 13:39:12.505 D/        (    0): [15419.495740@0]- set drmmode
07-09 13:39:12.505 I/        (    0): [15419.495802@0]- is_reset=1
07-09 13:39:12.505 I/        (    0): [15419.495827@0]- vdec_init, dev_name:ammvdec_h264, vdec_type=VDEC_TYPE_FRAME_BLOCK  id = 0
07-09 13:39:12.505 D/        (    0): [15419.497380@0]- ammvdec_h264_mmu_init tvp = 0x4 mmu_enable 0
07-09 13:39:12.505 D/        (    0): [15419.497388@0]- decoder_bmmu_box_alloc_box, tvp_flags = 4
07-09 13:39:12.505 D/[15419.497405@0]- 0(    0): ammvdec_h264_probe mmu_enable 0 double_write_mode 0x3
07-09 13:39:12.505 D/[15419.497445@0]- 0(    0): ammvdec_h264 mem-addr=0,buff_offset=56c10000,buf_start=56c00000
07-09 13:39:12.506 D/        (    0): [15419.497485@0]- vdec mux clock is 666666656 Hz
07-09 13:39:12.506 D/        (    0): [15419.497490@0]- vdec1 video changed to 3840 x 2160 60 fps clk->667MHZ
07-09 13:39:12.506 W/        (    0): [15419.497496@0]- H264 sysinfo: 1280x720 duration=4000, pts_outside=1
07-09 13:39:12.506 D/        (    0): [15419.497500@0]- sync_outside=0, use_idr_framerate=0, is_used_v4l: 0
07-09 13:39:12.506 I/        (    0): [15419.497552@0]- [TEE], the fw (h264_multi) will be loaded.
07-09 13:39:12.507 D/        (    0): [15419.498509@0]- vh264_init, phy_addr=7446e000 vaddr=00000000d2d33525
07-09 13:39:12.507 D/        (    0): [15419.498863@0]- vfm map vdec-map-0 created
07-09 13:39:12.507 I/[15419.498892@0]- dim(    0): ch[1]:di_receiver_event_fun,8:_REG
07-09 13:39:12.507 I/[15419.498897@0]- dim(    0): reg:vdec.h264.00[199]
07-09 13:39:12.507 I/[15419.499151@0]- dim(    0): reg:use[1]ms
07-09 13:39:12.507 E/[15419.499172@0]- reg(    0): v4lvideo
07-09 13:39:12.507 I/[15419.499179@0]- dim(    0): ch[1]:di_receiver_event_fun,3:_START
07-09 13:39:12.507 D/        (    0): [15419.499184@0]- vdec_init, vf_provider_name = vdec.h264.00, b 0
07-09 13:39:12.509 I/        (    0): [15419.499200@0]- vdec->port_flag=0x182, port_flag=0x18b
07-09 13:39:12.509 I/        (    0): [15419.499320@0]- is_reset=0
07-09 13:39:12.537 I/        (    0): [15419.526503@1]- is_reset=1
07-09 13:39:12.537 I/[15419.526839@1]- vframe_rate_uevent(    0): sent uevent FRAME_RATE_HINT=0
07-09 13:39:12.537 I/[15419.526890@1]- dim(    0): ch[1]:di_receiver_event_fun,1:_UNREG
07-09 13:39:12.537 E/[15419.526902@1]- unreg(    0): v4lvideo
07-09 13:39:12.537 I/[15419.526961@1]- dim(    0): unreg:use[0]ms
07-09 13:39:12.537 D/        (    0): [15419.526981@1]- vdec_disable_DMC input->target= 0x0
07-09 13:39:12.537 D/[15419.527162@1]- 0(    0): vh264_stop
07-09 13:39:12.537 D/        (    0): [15419.527507@1]- vdec_release instance 0000000052a7c973, total 1 id = 0
07-09 13:39:12.537 D/        (    0): [15419.527568@1]- the clk_vdec_mux    clock off, ref cnt: 0
07-09 13:39:12.537 D/        (    0): [15419.527578@1]- the vdec            clock off, ref cnt: 0
07-09 13:39:12.537 D/        (    0): [15419.527582@1]- the parser_top      clock off, ref cnt: 1
07-09 13:39:12.537 D/        (    0): [15419.527585@1]- the demux           clock off, ref cnt: 1
07-09 13:39:12.537 D/        (    0): [15419.527643@1]- the demux           clock on, ref cnt: 2
07-09 13:39:12.537 D/        (    0): [15419.527647@1]- the parser_top      clock on, ref cnt: 2
07-09 13:39:12.537 D/        (    0): [15419.527653@1]- the vdec            clock on, ref cnt: 1
07-09 13:39:12.537 D/        (    0): [15419.527671@1]- the clk_vdec_mux    clock on, ref cnt: 1
07-09 13:39:12.537 D/        (    0): [15419.527702@1]- vdec mux clock is 499999992 Hz
07-09 13:39:12.537 D/        (    0): [15419.527869@1]- vdec_create instance 00000000686b5eb0, total 1, PM: legacy
07-09 13:39:12.537 D/        (    0): [15419.527904@1]- set drmmode
07-09 13:39:12.537 I/        (    0): [15419.527928@1]- is_reset=1
07-09 13:39:12.537 I/        (    0): [15419.527954@1]- vdec_init, dev_name:ammvdec_h264, vdec_type=VDEC_TYPE_FRAME_BLOCK  id = 0
07-09 13:39:12.537 D/        (    0): [15419.528730@1]- ammvdec_h264_mmu_init tvp = 0x4 mmu_enable 0
07-09 13:39:12.537 D/        (    0): [15419.528737@1]- decoder_bmmu_box_alloc_box, tvp_flags = 4
07-09 13:39:12.538 D/[15419.528756@1]- 0(    0): ammvdec_h264_probe mmu_enable 0 double_write_mode 0x3
07-09 13:39:12.538 D/[15419.528798@1]- 0(    0): ammvdec_h264 mem-addr=0,buff_offset=56c10000,buf_start=56c00000
07-09 13:39:12.538 D/        (    0): [15419.528838@1]- vdec mux clock is 666666656 Hz
07-09 13:39:12.538 D/        (    0): [15419.528843@1]- vdec1 video changed to 3840 x 2160 60 fps clk->667MHZ
07-09 13:39:12.538 W/        (    0): [15419.528849@1]- H264 sysinfo: 1280x720 duration=4000, pts_outside=1
07-09 13:39:12.538 D/        (    0): [15419.528853@1]- sync_outside=0, use_idr_framerate=0, is_used_v4l: 0
07-09 13:39:12.538 I/        (    0): [15419.529112@1]- [TEE], the fw (h264_multi) will be loaded.
07-09 13:39:12.538 D/        (    0): [15419.529422@2]- vh264_init, phy_addr=7446e000 vaddr=000000002d28c62c
07-09 13:39:12.538 D/        (    0): [15419.529746@2]- vfm map vdec-map-0 created
07-09 13:39:12.538 I/[15419.529769@2]- dim(    0): ch[1]:di_receiver_event_fun,8:_REG
07-09 13:39:12.538 I/[15419.529774@2]- dim(    0): reg:vdec.h264.00[200]
07-09 13:39:12.538 I/[15419.530631@1]- dim(    0): reg:use[1]ms
07-09 13:39:12.538 E/[15419.530657@1]- reg(    0): v4lvideo
07-09 13:39:12.538 I/[15419.530665@1]- dim(    0): ch[1]:di_receiver_event_fun,3:_START
07-09 13:39:12.538 D/        (    0): [15419.530671@1]- vdec_init, vf_provider_name = vdec.h264.00, b 0
07-09 13:39:12.538 I/        (    0): [15419.530686@1]- vdec->port_flag=0x182, port_flag=0x18b
07-09 13:39:12.538 I/        (    0): [15419.530774@1]- is_reset=0
07-09 13:39:12.545 I/[15419.536284@2]- vframe_rate_uevent(    0): sent uevent FRAME_RATE_HINT=0
07-09 13:39:12.545 I/[15419.536425@2]- dim(    0): ch[1]:di_receiver_event_fun,1:_UNREG
07-09 13:39:12.545 E/[15419.536438@2]- unreg(    0): v4lvideo
07-09 13:39:12.545 I/[15419.537004@2]- dim(    0): unreg:use[0]ms
07-09 13:39:12.545 D/        (    0): [15419.537034@2]- vdec_disable_DMC input->target= 0x0
07-09 13:39:12.545 D/[15419.537157@2]- 0(    0): vh264_stop
07-09 13:39:12.545 D/        (    0): [15419.537504@2]- vdec_release instance 00000000686b5eb0, total 1 id = 0
07-09 13:39:12.545 D/        (    0): [15419.537568@2]- the clk_vdec_mux    clock off, ref cnt: 0
07-09 13:39:12.545 D/        (    0): [15419.537577@2]- the vdec            clock off, ref cnt: 0
07-09 13:39:12.545 D/        (    0): [15419.537581@2]- the parser_top      clock off, ref cnt: 1
07-09 13:39:12.545 D/        (    0): [15419.537585@2]- the demux           clock off, ref cnt: 1
07-09 13:39:12.545 D/        (    0): [15419.537662@2]d v4lvideo_release_map 0 OK
07-09 13:39:12.558 E/[15419.550048@2]- Warn(    0): TVP pool will release later.
07-09 13:39:12.558 I/        (    0): [15419.550068@2]- unprotect tvp 1 handle is 6
07-09 13:39:12.561 I/        (    0): [15419.552535@2]- tvp_user_count is 0
07-09 13:39:12.561 I/[15419.552545@2]- resman(    0): 139 release [tvp]
07-09 13:39:12.564 D/[15419.554375@3]- v4lvid(    0): dbg: vidioc_close!!!!
07-09 13:39:12.565 I/[15419.555645@3]- resman(    0): 137 release [codec_mm]
07-09 13:39:12.565 E/[15419.557651@2]- Warn(    0): TVP pool will release later.
07-09 13:39:12.565 E/[15419.557662@2]- Warn(    0): TVP pool will release later.
07-09 13:39:12.565 E/[15419.557668@2]- Warn(    0): TVP pool will release later.
07-09 13:39:12.565 E/[15419.557674@2]- Warn(    0): TVP pool will release later.
07-09 13:39:12.575 I/[15419.568334@0]- vc(    0): [0]vc: set enable index=0, val=0
07-09 13:39:12.575 I/[15419.568356@0]- VID(    0): store VD0 path_id changed 2->-1
07-09 13:39:12.575 I/        (    0): [15419.568371@0]- dev->index =0, val=1
07-09 13:39:12.576 I/[15419.568376@0]- VID(    0): VD1 off
07-09 13:39:12.576 I/[15419.568381@0]- VID(    0): VD1 set global output as 0
07-09 13:39:12.576 I/        (    0): [15419.568398@0]- common_vf_unreg_provider video_render.0: vd1 used: true, vd2 used: false, black_out:0, cur_buf:00000000df3c462e
07-09 13:39:12.613 E/[15419.602106@2]- Warn(    0): TVP pool will release later.
07-09 13:39:12.613 E/[15419.602118@2]- Warn(    0): TVP pool will release later.
07-09 13:39:12.613 E/[15419.602124@2]- Warn(    0): TVP pool will release later.
07-09 13:39:12.613 I/        (    0): [15419.602142@2]- unprotect tvp 0 handle is 5
07-09 13:39:12.614 I/        (    0): [15419.606296@2]- disalbe tvp
07-09 13:39:12.770 D/INSETS  ( 3843): else - Package Name ::  left : 0 right :: 0 top :: 0 bottom :: 0 dfu-right :: 1920 dfu-bottom :: 1080
07-09 13:39:13.681 W/[15420.671134@3]- audit(    0): audit_lost=6419 audit_rate_limit=5 audit_backlog_limit=64
07-09 13:39:13.681 E/[15420.671142@3]- audit(    0): rate limit exceeded
07-09 13:39:14.014 D/AutofillManagerService( 3843): onBackKeyPressed()
07-09 13:39:14.110 W/ActivityManager( 3843): Receiver with filter android.content.IntentFilter@4d16cf8 already registered for pid 8718, callerPackage is com.jiotv.sonyliv
07-09 13:39:14.211 D/INSETS  ( 3843): else - Package Name ::  left : 0 right :: 0 top :: 0 bottom :: 0 dfu-right :: 1920 dfu-bottom :: 1080
07-09 13:39:15.329 I/UsageStatsService( 3843): User[0] Flushing usage stats to disk
07-09 13:39:15.831 D/AutofillManagerService( 3843): onBackKeyPressed()
07-09 13:39:16.397 W/[15423.388748@2]- RTW(    0): Turbo EDCA =0x431c
07-09 13:39:16.909 W/[15423.901556@1]- RTW(    0): fill_default_txdesc(wlan0): SP Packet(0x0806) rate=0x4 SeqNum = 3889
07-09 13:39:17.905 D/INSETS  ( 3843): else - Package Name ::  left : 0 right :: 0 top :: 0 bottom :: 0 dfu-right :: 1920 dfu-bottom :: 1080
07-09 13:39:18.410 W/[15425.403059@1]- RTW(    0): Turbo EDCA =0x5ea42b
07-09 13:39:21.317 W/[15428.307085@3]- healthd(    0): battery l=100 v=4 t=0.0 h=2 st=2 c=1100 fc=10000000 chg=u
07-09 13:39:22.201 W/[15429.190997@3]- RTW(    0): fill_default_txdesc(wlan0): SP Packet(0x0806) rate=0x4 SeqNum = 256
07-09 13:39:24.465 W/[15431.454331@1]- RTW(    0): Turbo EDCA =0x431c
07-09 13:39:25.433 I/UsageStatsService( 3843): User[0] Flushing usage stats to disk
07-09 13:39:26.662 D/INSETS  ( 3843): else - Package Name ::  left : 0 right :: 0 top :: 0 bottom :: 0 dfu-right :: 1920 dfu-bottom :: 1080
07-09 13:39:26.811 W/[15433.804325@2]- RTW(    0): fill_default_txdesc(wlan0): SP Packet(0x0806) rate=0x4 SeqNum = 1247
07-09 13:39:27.291 I/[15434.281751@2]- resman(    0): 140 appname:OMX-101, type=0
07-09 13:39:27.370 I/[15434.358695@1]- resman(    0): 140 acquire [codec_mm], preempt yes
07-09 13:39:27.370 I/[15434.358705@1]- resman(    0): 140 score 160 secure yes
07-09 13:39:27.370 I/[15434.358711@1]- resman(    0): 140 acquire [codec_mm] success
07-09 13:39:27.370 I/[15434.358987@1]- resman(    0): 142 appname:secmem, type=3
07-09 13:39:27.370 I/[15434.360529@1]- resman(    0): 142 acquire [tvp], preempt yes
07-09 13:39:27.397 I/        (    0): [15434.381723@1]- protect tvp 0 5 ret 0 56c00000 3540000
07-09 13:39:27.397 I/        (    0): [15434.381731@1]- enable tvp for 1
07-09 13:39:27.397 I/        (    0): [15434.381735@1]- tvp_user_count is 1
07-09 13:39:27.397 I/[15434.381742@1]- resman(    0): 142 acquire [tvp] success
07-09 13:39:27.461 D/        (    0): [15434.451021@3]- the demux           clock on, ref cnt: 2
07-09 13:39:27.461 D/        (    0): [15434.451031@3]- the parser_top      clock on, ref cnt: 2
07-09 13:39:27.461 D/        (    0): [15434.451041@3]- the vdec            clock on, ref cnt: 1
07-09 13:39:27.461 D/        (    0): [15434.451064@3]- the clk_vdec_mux    clock on, ref cnt: 1
07-09 13:39:27.466 D/        (    0): [15434.451099@3]- vdec mux clock is 499999992 Hz
07-09 13:39:27.466 D/        (    0): [15434.451295@3]- vdec_create instance 00000000412aca55, total 1, PM: legacy
07-09 13:39:27.466 D/        (    0): [15434.451341@3]- set drmmode
07-09 13:39:27.466 I/        (    0): [15434.451411@3]- is_reset=0
07-09 13:39:27.466 I/        (    0): [15434.451444@3]- vdec_init, dev_name:ammvdec_h264, vdec_type=VDEC_TYPE_FRAME_BLOCK  id = 0
07-09 13:39:27.466 D/        (    0): [15434.452277@3]- ammvdec_h264_mmu_init tvp = 0x4 mmu_enable 0
07-09 13:39:27.470 D/        (    0): [15434.452326@3]- decoder_bmmu_box_alloc_box, tvp_flags = 4
07-09 13:39:27.491 D/[15434.452345@3]- 0(    0): ammvdec_h264_probe mmu_enable 0 double_write_mode 0x3
07-09 13:39:27.492 D/[15434.452388@3]- 0(    0): ammvdec_h264 mem-addr=0,buff_offset=56c10000,buf_start=56c00000
07-09 13:39:27.492 D/        (    0): [15434.452429@3]- vdec mux clock is 666666656 Hz
07-09 13:39:27.493 D/        (    0): [15434.452434@3]- vdec1 video changed to 3840 x 2160 60 fps clk->667MHZ
07-09 13:39:27.494 W/        (    0): [15434.452440@3]- H264 sysinfo: 1280x720 duration=3840, pts_outside=1
07-09 13:39:27.494 D/        (    0): [15434.452444@3]- sync_outside=0, use_idr_framerate=0, is_used_v4l: 0
07-09 13:39:27.494 I/        (    0): [15434.452500@3]- [TEE], the fw (h264_multi) will be loaded.
07-09 13:39:27.494 D/        (    0): [15434.455115@2]- vh264_init, phy_addr=7446e000 vaddr=00000000aa42ba2d
07-09 13:39:27.497 D/        (    0): [15434.456053@2]- vfm map vdec-map-0 created
07-09 13:39:27.500 I/[15434.456076@2]- dim(    0): ch[1]:di_receiver_event_fun,8:_REG
07-09 13:39:27.508 I/[15434.456082@2]- dim(    0): reg:vdec.h264.00[201]
07-09 13:39:27.508 I/[15434.456673@3]- dim(    0): reg:use[0]ms
07-09 13:39:27.508 E/[15434.456699@3]- reg(    0): v4lvideo
07-09 13:39:27.508 I/[15434.456707@3]- dim(    0): ch[1]:di_receiver_event_fun,3:_START
07-09 13:39:27.508 D/        (    0): [15434.456714@3]- vdec_init, vf_provider_name = vdec.h264.00, b 0
07-09 13:39:27.508 I/        (    0): [15434.456729@3]- vdec->port_flag=0x182, port_flag=0x18b
07-09 13:39:27.508 D/[15434.459885@3]- v4lvid(    0): dbg: v4lvideo open
07-09 13:39:31.705 W/[15438.696591@1]- RTW(    0): fill_default_txdesc(wlan0): SP Packet(0x0806) rate=0x4 SeqNum = 2270
07-09 13:39:32.522 W/[15439.514117@3]- RTW(    0): Turbo EDCA =0x5ea42b
07-09 13:39:35.559 I/UsageStatsService( 3843): User[0] Flushing usage stats to disk
07-09 13:39:36.709 W/[15443.699111@3]- RTW(    0): fill_default_txdesc(wlan0): SP Packet(0x0806) rate=0x4 SeqNum = 2702
07-09 13:39:37.357 D/[15444.348418@0]- 0(    0): AV_SCRATCH_1 = 840e1050, AV_SCRATCH_2 18077
07-09 13:39:37.357 D/[15444.348470@0]- 0(    0): chroma_format_idc = 1 frame_mbs_only_flag 1, crop_bottom 0,  frame_height 720,
07-09 13:39:37.357 D/[15444.348475@0]- 0(    0): mb_height 45,crop_right 0, frame_width 1280, mb_width 80
07-09 13:39:37.357 D/[15444.348480@0]- 0(    0): level_idc = 31 pic_size = 1382400 size = 5
07-09 13:39:37.357 D/[15444.348485@0]- 0(    0): Warning: max_dec_frame_buffering(4) is less than DPB size(5) calculated from Profile/Level.
07-09 13:39:37.357 D/[15444.348491@0]- 0(    0): mb height/widht/total: 30/50/f00 level_idc 1f max_ref_num 4
07-09 13:39:37.357 D/[15444.348496@0]- 0(    0): restriction_flag=1, max_dec_frame_buffering=4, dec_dpb_size=6 num_reorder_frames 2 used_reorder_dpb_size_margin 9
07-09 13:39:37.357 D/[15444.348501@0]- 0(    0): vh264_set_params active_buf_spec_num 15 dec_dpb_size 6 collocate_buf_num 8
07-09 13:39:37.357 D/[15444.348802@0]- 0(    0): num_ref_frames change from 0 to 4
07-09 13:39:37.360 I/[15444.352254@0]- dim(    0): value reg:ch[1]:fix_buf:0;ponly <0,0>
07-09 13:39:37.361 I/[15444.352279@0]- dim(    0): 1280x720-0x9000.
07-09 13:39:37.361 I/[15444.353042@2]- v4lvideo(    0): provider name: vdec.h264.00
07-09 13:39:37.392 D/        (    0): [15444.381764@1]- cal_dur_from_pts vstatus 3840 dur3600 -> 3840, revised 3840
07-09 13:39:37.405 I/[15444.382205@1]- vframe_rate_uevent(    0): sent uevent FRAME_RATE_HINT=3840
07-09 13:39:38.185 I/[15445.174552@0]- VID(    0): VD1 off
07-09 13:39:38.185 I/[15445.174687@0]- vc(    0): [0]vc: set enable index=0, val=1
07-09 13:39:38.185 I/        (    0): [15445.174707@0]- dev->index =0, val=2
07-09 13:39:38.185 I/[15445.174711@0]- VID(    0): VD1 off
07-09 13:39:38.185 I/[15445.174717@0]- VID(    0): VD1 set global output as 1
07-09 13:39:38.186 I/[15445.174741@0]- VID(    0): store VD0 path_id changed -1->2
07-09 13:39:38.186 I/[15445.174761@0]- vc(    0): [0]sideband_type =-1
07-09 13:39:38.211 D/INSETS  ( 3843): else - Package Name ::  left : 0 right :: 0 top :: 0 bottom :: 0 dfu-right :: 1920 dfu-bottom :: 1080
07-09 13:39:38.517 W/[15445.509165@3]- audit(    0): audit_lost=6420 audit_rate_limit=5 audit_backlog_limit=64
07-09 13:39:38.517 E/[15445.509173@3]- audit(    0): rate limit exceeded
07-09 13:39:38.573 W/[15445.562008@2]- RTW(    0): Turbo EDCA =0x431c
07-09 13:39:41.728 W/[15448.717721@1]- RTW(    0): fill_default_txdesc(wlan0): SP Packet(0x0806) rate=0x4 SeqNum = 2349
07-09 13:39:42.608 W/[15449.598396@3]- RTW(    0): Turbo EDCA =0x5ea42b
07-09 13:39:45.773 I/UsageStatsService( 3843): User[0] Flushing usage stats to disk
07-09 13:39:45.971 W/[15452.962290@3]- RTW(    0): fill_default_txdesc(wlan0): SP Packet(0x0806) rate=0x4 SeqNum = 2376
07-09 13:39:46.964 W/[15453.956489@0]- RTW(    0): fill_default_txdesc(wlan0): SP Packet(0x0806) rate=0x4 SeqNum = 2394
07-09 13:39:48.653 W/[15455.641983@2]- RTW(    0): Turbo EDCA =0x431c
07-09 13:39:48.873 W/[15455.864249@0]- RTW(    0): recv_decache: tid=0 seq=2002 frag=0
07-09 13:39:49.961 D/[15456.950548@2]- 0(    0): h264_reconfig
07-09 13:39:49.961 D/[15456.950669@2]- 0(    0): AV_SCRATCH_1 = 8407f83c, AV_SCRATCH_2 18077
07-09 13:39:49.961 D/[15456.950729@2]- 0(    0): chroma_format_idc = 1 frame_mbs_only_flag 1, crop_bottom 4,  frame_height 540,
07-09 13:39:49.961 D/[15456.950736@2]- 0(    0): mb_height 34,crop_right 0, frame_width 960, mb_width 60
07-09 13:39:49.961 D/[15456.950744@2]- 0(    0): level_idc = 31 pic_size = 783360 size = 8
07-09 13:39:49.961 D/[15456.950751@2]- 0(    0): Warning: max_dec_frame_buffering(4) is less than DPB size(8) calculated from Profile/Level.
07-09 13:39:49.961 D/[15456.950759@2]- 0(    0): mb height/widht/total: 24/3c/870 level_idc 1f max_ref_num 4
07-09 13:39:49.961 D/[15456.950767@2]- 0(    0): restriction_flag=1, max_dec_frame_buffering=4, dec_dpb_size=6 num_reorder_frames 2 used_reorder_dpb_size_margin 9
07-09 13:39:49.961 D/[15456.950775@2]- 0(    0): vh264_set_params active_buf_spec_num 15 dec_dpb_size 6 collocate_buf_num 8
07-09 13:39:49.961 D/[15456.951036@2]- 0(    0): num_ref_frames change from 0 to 4
07-09 13:39:52.064 W/[15459.056917@1]- RTW(    0): fill_default_txdesc(wlan0): SP Packet(0x0806) rate=0x4 SeqNum = 2097
07-09 13:39:53.956 D/[15460.945753@3]- 0(    0): h264_reconfig
07-09 13:39:53.957 D/[15460.945861@3]- 0(    0): AV_SCRATCH_1 = 840e1050, AV_SCRATCH_2 18077
07-09 13:39:53.957 D/[15460.945918@3]- 0(    0): chroma_format_idc = 1 frame_mbs_only_flag 1, crop_bottom 0,  frame_height 720,
07-09 13:39:53.957 D/[15460.945926@3]- 0(    0): mb_height 45,crop_right 0, frame_width 1280, mb_width 80
07-09 13:39:53.957 D/[15460.945933@3]- 0(    0): level_idc = 31 pic_size = 1382400 size = 5
07-09 13:39:53.957 D/[15460.945940@3]- 0(    0): Warning: max_dec_frame_buffering(4) is less than DPB size(5) calculated from Profile/Level.
07-09 13:39:53.957 D/[15460.945947@3]- 0(    0): mb height/widht/total: 30/50/f00 level_idc 1f max_ref_num 4
07-09 13:39:53.957 D/[15460.945956@3]- 0(    0): restriction_flag=1, max_dec_frame_buffering=4, dec_dpb_size=6 num_reorder_frames 2 used_reorder_dpb_size_margin 9
07-09 13:39:53.957 D/[15460.945963@3]- 0(    0): vh264_set_params active_buf_spec_num 15 dec_dpb_size 6 collocate_buf_num 8
07-09 13:39:53.957 D/[15460.946214@2]- 0(    0): num_ref_frames change from 0 to 4
07-09 13:39:55.725 W/[15462.713757@1]- RTW(    0): fill_default_txdesc(wlan0): SP Packet(0x0806) rate=0x4 SeqNum = 2583
07-09 13:39:56.701 W/[15463.692427@3]- RTW(    0): fill_default_txdesc(wlan0): SP Packet(0x0806) rate=0x4 SeqNum = 2633
07-09 13:39:56.716 W/[15463.706155@1]- RTW(    0): Turbo EDCA =0x5ea42b
07-09 13:39:57.968 D/[15464.960142@2]- 0(    0): h264_reconfig
07-09 13:39:57.968 D/[15464.960563@2]- 0(    0): AV_SCRATCH_1 = 841fe078, AV_SCRATCH_2 18077
07-09 13:39:57.968 D/[15464.960631@2]- 0(    0): chroma_format_idc = 1 frame_mbs_only_flag 1, crop_bottom 8,  frame_height 1080,
07-09 13:39:57.968 D/[15464.960640@2]- 0(    0): mb_height 68,crop_right 0, frame_width 1920, mb_width 120
07-09 13:39:57.968 D/[15464.960648@2]- 0(    0): level_idc = 40 pic_size = 3133440 size = 4
07-09 13:39:57.968 D/[15464.960657@2]- 0(    0): mb height/widht/total: 44/78/1fe0 level_idc 28 max_ref_num 4
07-09 13:39:57.968 D/[15464.960667@2]- 0(    0): restriction_flag=1, max_dec_frame_buffering=4, dec_dpb_size=6 num_reorder_frames 2 used_reorder_dpb_size_margin 9
07-09 13:39:57.968 D/[15464.960676@2]- 0(    0): vh264_set_params active_buf_spec_num 15 dec_dpb_size 6 collocate_buf_num 8
07-09 13:39:57.969 D/[15464.960972@2]- 0(    0): num_ref_frames change from 0 to 4
07-09 13:39:58.208 I/        (    0): [15465.198622@2]- protect tvp 0 5 ret 0
07-09 13:39:58.209 I/        (    0): [15465.198651@2]- protect tvp 1 6 ret 0 5a140000 2800000
07-09 13:39:58.737 W/[15465.726186@2]- RTW(    0): Turbo EDCA =0x431c
07-09 13:40:02.235 W/[15469.226445@3]- RTW(    0): fill_default_txdesc(wlan0): SP Packet(0x0806) rate=0x4 SeqNum = 692
07-09 13:40:07.325 W/[15474.317498@1]- RTW(    0): fill_default_txdesc(wlan0): SP Packet(0x0806) rate=0x4 SeqNum = 1514
07-09 13:40:10.829 W/[15477.818006@1]- RTW(    0): Turbo EDCA =0x5ea42b
07-09 13:40:12.404 W/[15479.396511@1]- RTW(    0): fill_default_txdesc(wlan0): SP Packet(0x0806) rate=0x4 SeqNum = 2222
07-09 13:40:12.842 W/[15479.833905@3]- RTW(    0): Turbo EDCA =0x431c
07-09 13:40:13.424 W/[15480.415363@3]- audit(    0): audit_lost=6447 audit_rate_limit=5 audit_backlog_limit=64
07-09 13:40:13.425 E/[15480.415371@3]- audit(    0): rate limit exceeded
07-09 13:40:16.725 W/[15483.717767@3]- RTW(    0): fill_default_txdesc(wlan0): SP Packet(0x0806) rate=0x4 SeqNum = 3546
07-09 13:40:21.316 W/[15488.307157@3]- healthd(    0): battery l=100 v=4 t=0.0 h=2 st=2 c=1100 fc=10000000 chg=u
07-09 13:40:21.757 W/[15488.746385@1]- RTW(    0): fill_default_txdesc(wlan0): SP Packet(0x0806) rate=0x4 SeqNum = 324
07-09 13:40:22.929 W/[15489.918982@3]- RTW(    0): Turbo EDCA =0x5ea42b
07-09 13:40:23.401 W/[15490.392425@3]- RTW(    0): fill_default_txdesc(wlan0): SP Packet(0x0806) rate=0x4 SeqNum = 421
07-09 13:40:05.937 I/chatty  ( 3843): uid=1000(system) android.bg identical 2 lines
07-09 13:40:16.029 I/UsageStatsService( 3843): User[0] Flushing usage stats to disk
07-09 13:40:24.250 W/ActivityManager( 3843): Foreground service started from background can not have location/camera/microphone access: service com.jio.stbadservice/com.jio.pushstbadservice.InitService
07-09 13:40:24.262 W/ActivityManager( 3843): Foreground service started from background can not have location/camera/microphone access: service com.jio.stbadservice/com.jio.pushstbadservice.InitService
07-09 13:40:24.481 D/NotificationService( 3843): 0|com.jio.stbadservice|1233|null|10017: granting content://settings/system/notification_sound
07-09 13:40:24.485 I/chatty  ( 3843): uid=1000 system_server identical 2 lines
07-09 13:40:24.486 D/NotificationService( 3843): 0|com.jio.stbadservice|1233|null|10017: granting content://settings/system/notification_sound
07-09 13:40:24.509 W/NotificationHistory( 3843): Attempted to add notif for locked/gone/disabled user 0
07-09 13:40:24.942 W/[15491.934484@0]- RTW(    0): Turbo EDCA =0x431c
07-09 13:40:26.118 I/UsageStatsService( 3843): User[0] Flushing usage stats to disk
07-09 13:40:26.736 W/[15493.729184@3]- RTW(    0): fill_default_txdesc(wlan0): SP Packet(0x0806) rate=0x4 SeqNum = 923
07-09 13:40:26.957 W/[15493.946175@0]- RTW(    0): Turbo EDCA =0x5ea42b
07-09 13:40:28.972 W/[15495.961962@0]- RTW(    0): Turbo EDCA =0x431c
07-09 13:40:30.831 W/ActivityManager( 3843): Foreground service started from background can not have location/camera/microphone access: service com.jio.stbadservice/com.jio.pushservice.transporterutils.TransporterCommonService
07-09 13:40:30.849 W/ActivityManager( 3843): Foreground service started from background can not have location/camera/microphone access: service com.jio.stbadservice/com.jio.pushservice.transporterutils.TransporterCommonService
07-09 13:40:30.988 W/[15497.977956@1]- RTW(    0): Turbo EDCA =0x5ea42b
07-09 13:40:31.042 D/NotificationService( 3843): 0|com.jio.stbadservice|19080|null|10017: granting content://settings/system/notification_sound
07-09 13:40:31.043 I/chatty  ( 3843): uid=1000 system_server identical 2 lines
07-09 13:40:31.043 D/NotificationService( 3843): 0|com.jio.stbadservice|19080|null|10017: granting content://settings/system/notification_sound
07-09 13:40:31.050 W/NotificationHistory( 3843): Attempted to add notif for locked/gone/disabled user 0
07-09 13:40:31.725 W/[15498.715861@3]- RTW(    0): fill_default_txdesc(wlan0): SP Packet(0x0806) rate=0x4 SeqNum = 1375
07-09 13:40:33.003 W/[15499.993970@2]- RTW(    0): Turbo EDCA =0x431c
07-09 13:40:33.369 D/AutofillManagerService( 3843): onBackKeyPressed()
07-09 13:40:33.401 I/        (    0): [15500.390936@3]- is_reset=1
07-09 13:40:33.401 I/[15500.391238@3]- vframe_rate_uevent(    0): sent uevent FRAME_RATE_HINT=0
07-09 13:40:33.406 I/[15500.394135@2]- dim(    0): ch[1]:di_receiver_event_fun,1:_UNREG
07-09 13:40:33.406 E/[15500.394174@2]- unreg(    0): v4lvideo
07-09 13:40:33.406 I/[15500.394230@2]- dim(    0): unreg:2keep[8], msk:[0x0,0x0]
07-09 13:40:33.417 I/[15500.406662@0]- dim(    0): unreg:use[12]ms
07-09 13:40:33.417 D/        (    0): [15500.406702@0]- vdec_disable_DMC input->target= 0x0
07-09 13:40:33.417 D/[15500.407077@0]- 0(    0): vh264_stop
07-09 13:40:33.417 D/        (    0): [15500.408351@0]- vdec_release instance 00000000412aca55, total 1 id = 0
07-09 13:40:33.417 D/        (    0): [15500.408443@0]- the clk_vdec_mux    clock off, ref cnt: 0
07-09 13:40:33.417 D/        (    0): [15500.408452@0]- the vdec            clock off, ref cnt: 0
07-09 13:40:33.421 D/        (    0): [15500.408456@0]- the parser_top      clock off, ref cnt: 1
07-09 13:40:33.422 D/        (    0): [15500.408460@0]- the demux           clock off, ref cnt: 1
07-09 13:40:33.422 D/        (    0): [15500.408564@0]- the demux           clock on, ref cnt: 2
07-09 13:40:33.422 D/        (    0): [15500.408569@0]- the parser_top      clock on, ref cnt: 2
07-09 13:40:33.422 D/        (    0): [15500.408576@0]- the vdec            clock on, ref cnt: 1
07-09 13:40:33.422 D/        (    0): [15500.408595@0]- the clk_vdec_mux    clock on, ref cnt: 1
07-09 13:40:33.422 D/        (    0): [15500.408629@0]- vdec mux clock is 499999992 Hz
07-09 13:40:33.422 D/        (    0): [15500.409261@0]- vdec_create instance 000000005848f4aa, total 1, PM: legacy
07-09 13:40:33.422 D/        (    0): [15500.409318@0]- set drmmode
07-09 13:40:33.422 I/        (    0): [15500.409386@0]- is_reset=1
07-09 13:40:33.422 I/        (    0): [15500.409407@0]- vdec_init, dev_name:ammvdec_h264, vdec_type=VDEC_TYPE_FRAME_BLOCK  id = 0
07-09 13:40:33.422 D/        (    0): [15500.410656@0]- ammvdec_h264_mmu_init tvp = 0x4 mmu_enable 0
07-09 13:40:33.422 D/        (    0): [15500.410662@0]- decoder_bmmu_box_alloc_box, tvp_flags = 4
07-09 13:40:33.422 D/[15500.410732@0]- 0(    0): ammvdec_h264_probe mmu_enable 0 double_write_mode 0x3
07-09 13:40:33.422 D/[15500.410774@0]- 0(    0): ammvdec_h264 mem-addr=0,buff_offset=56c10000,buf_start=56c00000
07-09 13:40:33.422 D/        (    0): [15500.410819@0]- vdec mux clock is 666666656 Hz
07-09 13:40:33.422 D/        (    0): [15500.410825@0]- vdec1 video changed to 3840 x 2160 60 fps clk->667MHZ
07-09 13:40:33.422 W/        (    0): [15500.410830@0]- H264 sysinfo: 1280x720 duration=3840, pts_outside=1
07-09 13:40:33.422 D/        (    0): [15500.410834@0]- sync_outside=0, use_idr_framerate=0, is_used_v4l: 0
07-09 13:40:33.422 I/        (    0): [15500.410896@0]- [TEE], the fw (h264_multi) will be loaded.
07-09 13:40:33.422 D/        (    0): [15500.414203@3]- vh264_init, phy_addr=7446e000 vaddr=00000000a68cd256
07-09 13:40:33.422 D/        (    0): [15500.414420@3]- vfm map vdec-map-0 created
07-09 13:40:33.423 I/[15500.414440@3]- dim(    0): ch[1]:di_receiver_event_fun,8:_REG
07-09 13:40:33.423 I/[15500.414446@3]- dim(    0): reg:vdec.h264.00[202]
07-09 13:40:33.423 I/[15500.415009@2]- dim(    0): reg:use[1]ms
07-09 13:40:33.423 E/[15500.415033@2]- reg(    0): v4lvideo
07-09 13:40:33.423 I/[15500.415041@2]- dim(    0): ch[1]:di_receiver_event_fun,3:_START
07-09 13:40:33.423 D/        (    0): [15500.415046@2]- vdec_init, vf_provider_name = vdec.h264.00, b 0
07-09 13:40:33.423 I/        (    0): [15500.415062@2]- vdec->port_flag=0x182, port_flag=0x18b
07-09 13:40:33.423 I/        (    0): [15500.415186@2]- is_reset=0
07-09 13:40:33.435 I/        (    0): [15500.427039@0]- is_reset=1
07-09 13:40:33.449 I/[15500.427354@0]- vframe_rate_uevent(    0): sent uevent FRAME_RATE_HINT=0
07-09 13:40:33.449 I/[15500.427399@0]- dim(    0): ch[1]:di_receiver_event_fun,1:_UNREG
07-09 13:40:33.449 E/[15500.427411@0]- unreg(    0): v4lvideo
07-09 13:40:33.450 I/[15500.428400@0]- dim(    0): unreg:use[1]ms
07-09 13:40:33.451 D/        (    0): [15500.428841@0]- vdec_disable_DMC input->target= 0x0
07-09 13:40:33.451 D/[15500.428962@0]- 0(    0): vh264_stop
07-09 13:40:33.451 D/        (    0): [15500.429779@0]- vdec_release instance 000000005848f4aa, total 1 id = 0
07-09 13:40:33.451 D/        (    0): [15500.429847@0]- the clk_vdec_mux    clock off, ref cnt: 0
07-09 13:40:33.451 D/        (    0): [15500.429856@0]- the vdec            clock off, ref cnt: 0
07-09 13:40:33.451 D/        (    0): [15500.429860@0]- the parser_top      clock off, ref cnt: 1
07-09 13:40:33.451 D/        (    0): [15500.429864@0]- the demux           clock off, ref cnt: 1
07-09 13:40:33.451 D/        (    0): [15500.429907@0]- the demux           clock on, ref cnt: 2
07-09 13:40:33.451 D/        (    0): [15500.429911@0]- the parser_top      clock on, ref cnt: 2
07-09 13:40:33.451 D/        (    0): [15500.429918@0]- the vdec            clock on, ref cnt: 1
07-09 13:40:33.451 D/        (    0): [15500.429936@0]- the clk_vdec_mux    clock on, ref cnt: 1
07-09 13:40:33.451 D/        (    0): [15500.429967@0]- vdec mux clock is 499999992 Hz
07-09 13:40:33.451 D/        (    0): [15500.430060@0]- vdec_create instance 00000000d91d0e70, total 1, PM: legacy
07-09 13:40:33.451 D/        (    0): [15500.430095@0]- set drmmode
07-09 13:40:33.451 I/        (    0): [15500.430116@0]- is_reset=1
07-09 13:40:33.451 I/        (    0): [15500.430141@0]- vdec_init, dev_name:ammvdec_h264, vdec_type=VDEC_TYPE_FRAME_BLOCK  id = 0
07-09 13:40:33.451 D/        (    0): [15500.430939@0]- ammvdec_h264_mmu_init tvp = 0x4 mmu_enable 0
07-09 13:40:33.451 D/        (    0): [15500.430946@0]- decoder_bmmu_box_alloc_box, tvp_flags = 4
07-09 13:40:33.451 D/[15500.430964@0]- 0(    0): ammvdec_h264_probe mmu_enable 0 double_write_mode 0x3
07-09 13:40:33.451 D/[15500.431002@0]- 0(    0): ammvdec_h264 mem-addr=0,buff_offset=56c10000,buf_start=56c00000
07-09 13:40:33.451 D/        (    0): [15500.431039@0]- vdec mux clock is 666666656 Hz
07-09 13:40:33.451 D/        (    0): [15500.431044@0]- vdec1 video changed to 3840 x 2160 60 fps clk->667MHZ
07-09 13:40:33.451 W/        (    0): [15500.431050@0]- H264 sysinfo: 1280x720 duration=3840, pts_outside=1
07-09 13:40:33.451 D/        (    0): [15500.431054@0]- sync_outside=0, use_idr_framerate=0, is_used_v4l: 0
07-09 13:40:33.451 I/        (    0): [15500.431140@0]- [TEE], the fw (h264_multi) will be loaded.
07-09 13:40:33.451 D/        (    0): [15500.431735@0]- vh264_init, phy_addr=7446e000 vaddr=00000000b7683660
07-09 13:40:33.451 D/        (    0): [15500.432055@0]- vfm map vdec-map-0 created
07-09 13:40:33.451 I/[15500.432076@0]- dim(    0): ch[1]:di_receiver_event_fun,8:_REG
07-09 13:40:33.451 I/[15500.432081@0]- dim(    0): reg:vdec.h264.00[203]
07-09 13:40:33.451 I/[15500.432616@0]- dim(    0): reg:use[0]ms
07-09 13:40:33.451 E/[15500.432635@0]- reg(    0): v4lvideo
07-09 13:40:33.451 I/[15500.432642@0]- dim(    0): ch[1]:di_receiver_event_fun,3:_START
07-09 13:40:33.451 D/        (    0): [15500.432647@0]- vdec_init, vf_provider_name = vdec.h264.00, b 0
07-09 13:40:33.451 I/        (    0): [15500.432676@0]- vdec->port_flag=0x182, port_flag=0x18b
07-09 13:40:33.451 I/        (    0): [15500.432777@0]- is_reset=0
07-09 13:40:33.452 I/[15500.439169@3]- vframe_rate_uevent(    0): sent uevent FRAME_RATE_HINT=0
07-09 13:40:33.452 I/[15500.439229@3]- dim(    0): ch[1]:di_receiver_event_fun,1:_UNREG
07-09 13:40:33.452 E/[15500.439240@3]- unreg(    0): v4lvideo
07-09 13:40:33.452 I/[15500.439794@3]- dim(    0): unreg:use[0]ms
07-09 13:40:33.452 D/        (    0): [15500.439819@3]- vdec_disable_DMC input->target= 0x0
07-09 13:40:33.452 D/[15500.439933@3]- 0(    0): vh264_stop
07-09 13:40:33.452 D/        (    0): [15500.440550@3]- vdec_release instance 00000000d91d0e70, total 1 id = 0
07-09 13:40:33.452 D/        (    0): [15500.440597@3]- the clk_vdec_mux    clock off, ref cnt: 0
07-09 13:40:33.452 D/        (    0): [15500.440605@3]- the vdec            clock off, ref cnt: 0
07-09 13:40:33.452 D/        (    0): [15500.440609@3]- the parser_top      clock off, ref cnt: 1
