07-09 11:11:02.892 D/INSETS  ( 3843): else - Package Name ::  left : 0 right :: 0 top :: 0 bottom :: 0 dfu-right :: 1920 dfu-bottom :: 1080
07-09 11:11:03.977 D/AutofillManagerService( 3843): onBackKeyPressed()
07-09 11:11:04.096 D/INSETS  ( 3843): else - Package Name ::  left : 0 right :: 0 top :: 0 bottom :: 0 dfu-right :: 1920 dfu-bottom :: 1080
07-09 11:11:04.145 D/INSETS  ( 3843): else - Package Name ::  left : 0 right :: 0 top :: 0 bottom :: 0 dfu-right :: 1920 dfu-bottom :: 1080
07-09 11:11:05.257 D/AutofillManagerService( 3843): onBackKeyPressed()
07-09 11:11:05.898 D/AutofillManagerService( 3843): onBackKeyPressed()
07-09 11:11:05.985 V/ActivityTaskManager( 3843): Old State : RESUMED Updated state : PAUSING Activity : ComponentInfo{in.startv.hotstar/com.hotstar.MainActivity}
07-09 11:11:05.985 V/ActivityTaskManager( 3843): Sending Broadcast : Intent { act=com.jio.remote.action.applaunch flg=0x40000000 pkg=com.jio.remote.btserver (has extras) }
07-09 11:11:06.044 V/ActivityTaskManager( 3843): Old State : PAUSING Updated state : PAUSED Activity : ComponentInfo{in.startv.hotstar/com.hotstar.MainActivity}
07-09 11:11:06.044 V/ActivityTaskManager( 3843): Old State : PAUSED Updated state : STOPPING Activity : ComponentInfo{in.startv.hotstar/com.hotstar.MainActivity}
07-09 11:11:06.044 V/ActivityTaskManager( 3843): Sending Broadcast : Intent { act=com.jio.remote.action.applaunch flg=0x40000000 pkg=com.jio.remote.btserver (has extras) }
07-09 11:11:06.045 V/ActivityTaskManager( 3843): Sending Broadcast : Intent { act=com.jio.remote.action.applaunch flg=0x40000000 pkg=com.jio.remote.btserver (has extras) }
07-09 11:11:06.053 V/ActivityTaskManager( 3843): Old State : STOPPED Updated state : RESUMED Activity : ComponentInfo{com.iwedia.ui.rjio.launcher.reliance/com.iwedia.ui.rjio.launcher.ui.intro.IntroActivity}
07-09 11:11:06.053 V/ActivityTaskManager( 3843): Sending Broadcast : Intent { act=com.jio.remote.action.applaunch flg=0x40000000 pkg=com.jio.remote.btserver (has extras) }
07-09 11:11:06.093 D/INSETS  ( 3843): else - Package Name ::  left : 0 right :: 0 top :: 0 bottom :: 0 dfu-right :: 1920 dfu-bottom :: 1080
07-09 11:11:06.281 W/ActivityManager( 3843): Receiver with filter android.content.IntentFilter@4ee4d5c already registered for pid 4998, callerPackage is com.iwedia.ui.rjio.launcher.reliance
07-09 11:11:06.407 D/INSETS  ( 3843): else - Package Name ::  left : 0 right :: 0 top :: 0 bottom :: 0 dfu-right :: 1920 dfu-bottom :: 1080
07-09 11:11:06.554 D/INSETS  ( 3843): else - Package Name ::  left : 0 right :: 0 top :: 0 bottom :: 0 dfu-right :: 1920 dfu-bottom :: 1080
07-09 11:11:06.569 D/INSETS  ( 3843): else - Package Name ::  left : 0 right :: 0 top :: 0 bottom :: 0 dfu-right :: 1920 dfu-bottom :: 1080
07-09 11:11:06.572 D/INSETS  ( 3843): else - Package Name ::  left : 0 right :: 0 top :: 0 bottom :: 0 dfu-right :: 1920 dfu-bottom :: 1080
07-09 11:11:06.579 D/INSETS  ( 3843): else - Package Name ::  left : 0 right :: 0 top :: 0 bottom :: 0 dfu-right :: 1920 dfu-bottom :: 1080
07-09 11:11:06.621 V/ActivityTaskManager( 3843): Old State : STOPPING Updated state : FINISHING Activity : ComponentInfo{in.startv.hotstar/com.hotstar.MainActivity}
07-09 11:11:06.621 V/ActivityTaskManager( 3843): Sending Broadcast : Intent { act=com.jio.remote.action.applaunch flg=0x40000000 pkg=com.jio.remote.btserver (has extras) }
07-09 11:11:06.623 V/ActivityTaskManager( 3843): Old State : FINISHING Updated state : DESTROYING Activity : ComponentInfo{in.startv.hotstar/com.hotstar.MainActivity}
07-09 11:11:06.623 V/ActivityTaskManager( 3843): Sending Broadcast : Intent { act=com.jio.remote.action.applaunch flg=0x40000000 pkg=com.jio.remote.btserver (has extras) }
07-09 11:11:06.623 I/ActivityManager( 3843): Killing 7800:com.android.externalstorage/u0a20 (adj 999): empty for 6473s
07-09 11:11:06.735 D/INSETS  ( 3843): else - Package Name ::  left : 0 right :: 0 top :: 0 bottom :: 0 dfu-right :: 1920 dfu-bottom :: 1080
07-09 11:11:06.740 V/ActivityTaskManager( 3843): Old State : DESTROYING Updated state : DESTROYED Activity : ComponentInfo{in.startv.hotstar/com.hotstar.MainActivity}
07-09 11:11:06.740 V/ActivityTaskManager( 3843): Sending Broadcast : Intent { act=com.jio.remote.action.applaunch flg=0x40000000 pkg=com.jio.remote.btserver (has extras) }
07-09 11:11:08.444 W/ContextImpl( 4891): Calling a method in the system process without a qualified user: android.app.ContextImpl.sendBroadcast:1111 android.content.ContextWrapper.sendBroadcast:468 com.jio.appoptimizer.service.AppOptimizerService.before_optimization_broadcastIntent:303 com.jio.appoptimizer.service.AppOptimizerService.checkAndRemoveBackgroundApps:478 com.jio.appoptimizer.service.AppOptimizerService.access$700:73 
07-09 11:11:08.461 I/ActivityManager( 3843): Force stopping in.startv.hotstar appid=10087 user=0: from pid 4891
07-09 11:11:08.462 I/ActivityManager( 3843): Killing 10480:in.startv.hotstar/u0a87 (adj 900): stop in.startv.hotstar due to from pid 4891
07-09 11:11:08.526 W/ContextImpl( 4891): Calling a method in the system process without a qualified user: android.app.ContextImpl.sendBroadcast:1111 android.content.ContextWrapper.sendBroadcast:468 com.jio.appoptimizer.service.AppOptimizerService.after_optimization_broadcastIntent:316 com.jio.appoptimizer.service.AppOptimizerService.checkAndRemoveBackgroundApps:485 com.jio.appoptimizer.service.AppOptimizerService.access$700:73 
07-09 11:11:08.532 I/ActivityManager( 3843): Force stopping in.startv.hotstar appid=10087 user=0: from pid 4891
07-09 11:11:08.567 I/chatty  ( 3843): uid=1000(system) Binder:3843_19 identical 6 lines
07-09 11:11:08.572 I/ActivityManager( 3843): Force stopping in.startv.hotstar appid=10087 user=0: from pid 4891
07-09 11:11:08.580 I/ActivityManager( 3843): Force stopping in.startv.hotstar appid=10087 user=0: from pid 4891
07-09 11:11:08.714 D/ConnectivityService( 3843): ConnectivityService NetworkRequestInfo binderDied(NetworkRequest [ TRACK_DEFAULT id=23, [ Capabilities: INTERNET&NOT_RESTRICTED&TRUSTED Uid: 10087 AdministratorUids: [] RequestorUid: 10087 RequestorPackageName: in.startv.hotstar] ], android.os.BinderProxy@a8dc58c)
07-09 11:11:08.715 D/ConnectivityService( 3843): ConnectivityService NetworkRequestInfo binderDied(NetworkRequest [ LISTEN id=22, [ Capabilities: INTERNET&NOT_RESTRICTED&TRUSTED&NOT_VPN&FOREGROUND Uid: 10087 AdministratorUids: [] RequestorUid: 10087 RequestorPackageName: in.startv.hotstar] ], android.os.BinderProxy@6d5f4d5)
07-09 11:11:08.716 D/ConnectivityService( 3843): releasing NetworkRequest [ TRACK_DEFAULT id=23, [ Capabilities: INTERNET&NOT_RESTRICTED&TRUSTED Uid: 10087 AdministratorUids: [] RequestorUid: 10087 RequestorPackageName: in.startv.hotstar] ] (release request)
07-09 11:11:08.718 W/ActivityManager( 3843): setHasOverlayUi called on unknown pid: 10480
07-09 11:11:09.089 I/UsageStatsService( 3843): User[0] Flushing usage stats to disk
07-09 11:11:09.784 E/TaskPersister( 3843): File error accessing recents directory (directory doesn't exist?).
07-09 11:11:19.207 I/UsageStatsService( 3843): User[0] Flushing usage stats to disk
07-09 11:11:39.429 I/chatty  ( 3843): uid=1000(system) android.bg identical 2 lines
07-09 11:11:49.549 I/UsageStatsService( 3843): User[0] Flushing usage stats to disk
07-09 11:11:52.132 I/ActivityTaskManager( 3843): START u0 {act=android.intent.action.MAIN cat=[android.intent.category.LEANBACK_LAUNCHER] flg=0x10000000 pkg=in.startv.hotstar cmp=in.startv.hotstar/com.hotstar.MainActivity} from uid 10034
07-09 11:11:52.132 D/ActivityTaskManager( 3843): recent debug: [launchedPkgName] --> in.startv.hotstar [callingPackage] --> com.iwedia.ui.rjio.launcher.reliance
07-09 11:11:52.133 V/ActivityTaskManager( 3843): Old State : null Updated state : INITIALIZING Activity : ComponentInfo{in.startv.hotstar/com.hotstar.MainActivity}
07-09 11:11:52.133 V/ActivityTaskManager( 3843): Sending Broadcast : Intent { act=com.jio.remote.action.applaunch flg=0x40000000 pkg=com.jio.remote.btserver (has extras) }
07-09 11:11:52.153 V/ActivityTaskManager( 3843): Old State : RESUMED Updated state : PAUSING Activity : ComponentInfo{com.iwedia.ui.rjio.launcher.reliance/com.iwedia.ui.rjio.launcher.ui.intro.IntroActivity}
07-09 11:11:52.153 V/ActivityTaskManager( 3843): Sending Broadcast : Intent { act=com.jio.remote.action.applaunch flg=0x40000000 pkg=com.jio.remote.btserver (has extras) }
07-09 11:11:52.155 D/INSETS  ( 3843): else - Package Name ::  left : 0 right :: 0 top :: 0 bottom :: 0 dfu-right :: 1920 dfu-bottom :: 1080
07-09 11:11:52.171 V/ActivityTaskManager( 3843): Old State : PAUSING Updated state : PAUSED Activity : ComponentInfo{com.iwedia.ui.rjio.launcher.reliance/com.iwedia.ui.rjio.launcher.ui.intro.IntroActivity}
07-09 11:11:52.173 V/ActivityTaskManager( 3843): Sending Broadcast : Intent { act=com.jio.remote.action.applaunch flg=0x40000000 pkg=com.jio.remote.btserver (has extras) }
07-09 11:11:52.178 D/CompatibilityChangeReporter( 3843): Compat change id reported: 135634846; UID 10087; state: DISABLED
07-09 11:11:52.180 D/CompatibilityChangeReporter( 3843): Compat change id reported: 143937733; UID 10087; state: ENABLED
07-09 11:11:52.217 D/INSETS  ( 3843): else - Package Name ::  left : 0 right :: 0 top :: 0 bottom :: 0 dfu-right :: 1920 dfu-bottom :: 1080
07-09 11:11:52.234 W/ActivityManager( 3843): Slow operation: 58ms so far, now at startProcess: returned from zygote!
07-09 11:11:52.238 W/ActivityManager( 3843): Slow operation: 62ms so far, now at startProcess: done updating battery stats
07-09 11:11:52.241 W/ActivityManager( 3843): Slow operation: 65ms so far, now at startProcess: building log message
07-09 11:11:52.241 I/ActivityManager( 3843): Start proc 1225:in.startv.hotstar/u0a87 for pre-top-activity {in.startv.hotstar/com.hotstar.MainActivity}
07-09 11:11:52.241 W/ActivityManager( 3843): Slow operation: 65ms so far, now at startProcess: starting to update pids map
07-09 11:11:52.241 W/ActivityManager( 3843): Slow operation: 65ms so far, now at startProcess: done updating pids map
07-09 11:11:52.250 D/INSETS  ( 3843): else - Package Name ::  left : 0 right :: 0 top :: 0 bottom :: 0 dfu-right :: 1920 dfu-bottom :: 1080
07-09 11:11:52.479 V/ActivityTaskManager( 3843): Old State : INITIALIZING Updated state : RESUMED Activity : ComponentInfo{in.startv.hotstar/com.hotstar.MainActivity}
07-09 11:11:52.479 V/ActivityTaskManager( 3843): Sending Broadcast : Intent { act=com.jio.remote.action.applaunch flg=0x40000000 pkg=com.jio.remote.btserver (has extras) }
07-09 11:11:52.490 D/INSETS  ( 3843): else - Package Name ::  left : 0 right :: 0 top :: 0 bottom :: 0 dfu-right :: 1920 dfu-bottom :: 1080
07-09 11:11:52.510 I/chatty  ( 3843): uid=1000(system) android.anim identical 1 line
07-09 11:11:52.888 D/INSETS  ( 3843): else - Package Name ::  left : 0 right :: 0 top :: 0 bottom :: 0 dfu-right :: 1920 dfu-bottom :: 1080
07-09 11:11:52.916 D/INSETS  ( 3843): else - Package Name ::  left : 0 right :: 0 top :: 0 bottom :: 0 dfu-right :: 1920 dfu-bottom :: 1080
07-09 11:11:52.981 D/ConnectivityService( 3843): NetReassign [no changes]
07-09 11:11:53.247 D/CompatibilityChangeReporter( 3843): Compat change id reported: 136274596; UID 10087; state: ENABLED
07-09 11:11:53.574 D/INSETS  ( 3843): else - Package Name ::  left : 0 right :: 0 top :: 0 bottom :: 0 dfu-right :: 1920 dfu-bottom :: 1080
07-09 11:11:53.574 D/INSETS  ( 3843): else - Package Name ::  left : 0 right :: 0 top :: 0 bottom :: 0 dfu-right :: 1920 dfu-bottom :: 1080
07-09 11:11:53.750 D/INSETS  ( 3843): else - Package Name ::  left : 0 right :: 0 top :: 0 bottom :: 0 dfu-right :: 1920 dfu-bottom :: 1080
07-09 11:11:53.780 I/chatty  ( 3843): uid=1000(system) android.anim identical 4 lines
07-09 11:11:53.784 D/INSETS  ( 3843): else - Package Name ::  left : 0 right :: 0 top :: 0 bottom :: 0 dfu-right :: 1920 dfu-bottom :: 1080
07-09 11:11:53.824 V/ActivityTaskManager( 3843): Old State : PAUSED Updated state : STOPPING Activity : ComponentInfo{com.iwedia.ui.rjio.launcher.reliance/com.iwedia.ui.rjio.launcher.ui.intro.IntroActivity}
07-09 11:11:53.825 V/ActivityTaskManager( 3843): Sending Broadcast : Intent { act=com.jio.remote.action.applaunch flg=0x40000000 pkg=com.jio.remote.btserver (has extras) }
07-09 11:11:53.868 D/INSETS  ( 3843): else - Package Name ::  left : 0 right :: 0 top :: 0 bottom :: 0 dfu-right :: 1920 dfu-bottom :: 1080
07-09 11:11:53.869 D/INSETS  ( 3843): else - Package Name ::  left : 0 right :: 0 top :: 0 bottom :: 0 dfu-right :: 1920 dfu-bottom :: 1080
07-09 11:11:53.883 V/ActivityTaskManager( 3843): Old State : STOPPING Updated state : STOPPED Activity : ComponentInfo{com.iwedia.ui.rjio.launcher.reliance/com.iwedia.ui.rjio.launcher.ui.intro.IntroActivity}
07-09 11:11:53.883 V/ActivityTaskManager( 3843): Sending Broadcast : Intent { act=com.jio.remote.action.applaunch flg=0x40000000 pkg=com.jio.remote.btserver (has extras) }
07-09 11:11:53.948 D/INSETS  ( 3843): else - Package Name ::  left : 0 right :: 0 top :: 0 bottom :: 0 dfu-right :: 1920 dfu-bottom :: 1080
07-09 11:11:53.966 D/INSETS  ( 3843): else - Package Name ::  left : 0 right :: 0 top :: 0 bottom :: 0 dfu-right :: 1920 dfu-bottom :: 1080
07-09 11:11:56.284 E/TaskPersister( 3843): File error accessing recents directory (directory doesn't exist?).
07-09 11:11:59.649 I/UsageStatsService( 3843): User[0] Flushing usage stats to disk
07-09 11:12:00.157 D/INSETS  ( 3843): else - Package Name ::  left : 0 right :: 0 top :: 0 bottom :: 0 dfu-right :: 1920 dfu-bottom :: 1080
07-09 11:12:03.220 D/INSETS  ( 3843): else - Package Name ::  left : 0 right :: 0 top :: 0 bottom :: 0 dfu-right :: 1920 dfu-bottom :: 1080
07-09 11:12:03.248 D/INSETS  ( 3843): else - Package Name ::  left : 0 right :: 0 top :: 0 bottom :: 0 dfu-right :: 1920 dfu-bottom :: 1080
07-09 11:12:09.755 I/UsageStatsService( 3843): User[0] Flushing usage stats to disk
07-09 11:12:19.893 I/UsageStatsService( 3843): User[0] Flushing usage stats to disk
07-09 11:12:26.563 D/INSETS  ( 3843): else - Package Name ::  left : 0 right :: 0 top :: 0 bottom :: 0 dfu-right :: 1920 dfu-bottom :: 1080
07-09 11:12:26.888 D/INSETS  ( 3843): else - Package Name ::  left : 0 right :: 0 top :: 0 bottom :: 0 dfu-right :: 1920 dfu-bottom :: 1080
07-09 11:12:30.038 I/UsageStatsService( 3843): User[0] Flushing usage stats to disk
07-09 11:12:40.145 I/chatty  ( 3843): uid=1000(system) android.bg identical 1 line
07-09 11:12:50.258 I/UsageStatsService( 3843): User[0] Flushing usage stats to disk
07-09 11:13:00.219 D/INSETS  ( 3843): else - Package Name ::  left : 0 right :: 0 top :: 0 bottom :: 0 dfu-right :: 1920 dfu-bottom :: 1080
07-09 11:13:00.365 I/UsageStatsService( 3843): User[0] Flushing usage stats to disk
07-09 11:13:02.763 D/INSETS  ( 3843): else - Package Name ::  left : 0 right :: 0 top :: 0 bottom :: 0 dfu-right :: 1920 dfu-bottom :: 1080
07-09 11:13:03.078 D/INSETS  ( 3843): else - Package Name ::  left : 0 right :: 0 top :: 0 bottom :: 0 dfu-right :: 1920 dfu-bottom :: 1080
07-09 11:13:03.506 D/INSETS  ( 3843): else - Package Name ::  left : 0 right :: 0 top :: 0 bottom :: 0 dfu-right :: 1920 dfu-bottom :: 1080
07-09 11:13:11.624 I/UsageStatsService( 3843): User[0] Flushing usage stats to disk
07-09 11:13:21.988 I/UsageStatsService( 3843): User[0] Flushing usage stats to disk
07-09 11:13:27.638 D/INSETS  ( 3843): else - Package Name ::  left : 0 right :: 0 top :: 0 bottom :: 0 dfu-right :: 1920 dfu-bottom :: 1080
07-09 11:13:27.709 D/ConnectivityService( 3843): requestNetwork for uid/pid:10087/1225 NetworkRequest [ TRACK_DEFAULT id=27, [ Capabilities: INTERNET&NOT_RESTRICTED&TRUSTED Uid: 10087 AdministratorUids: [] RequestorUid: 10087 RequestorPackageName: in.startv.hotstar] ]
07-09 11:13:27.710 D/ConnectivityService( 3843): NetReassign [27 : null  100]
07-09 11:13:28.593 D/INSETS  ( 3843): else - Package Name ::  left : 0 right :: 0 top :: 0 bottom :: 0 dfu-right :: 1920 dfu-bottom :: 1080
07-09 11:13:30.004 D/INSETS  ( 3843): else - Package Name ::  left : 0 right :: 0 top :: 0 bottom :: 0 dfu-right :: 1920 dfu-bottom :: 1080
07-09 11:13:30.463 D/AutofillManagerService( 3843): onBackKeyPressed()
07-09 11:13:30.665 D/INSETS  ( 3843): else - Package Name ::  left : 0 right :: 0 top :: 0 bottom :: 0 dfu-right :: 1920 dfu-bottom :: 1080
07-09 11:13:31.642 D/INSETS  ( 3843): else - Package Name ::  left : 0 right :: 0 top :: 0 bottom :: 0 dfu-right :: 1920 dfu-bottom :: 1080
07-09 11:13:32.092 I/UsageStatsService( 3843): User[0] Flushing usage stats to disk
07-09 11:13:33.397 D/AutofillManagerService( 3843): onBackKeyPressed()
07-09 11:13:33.563 D/INSETS  ( 3843): else - Package Name ::  left : 0 right :: 0 top :: 0 bottom :: 0 dfu-right :: 1920 dfu-bottom :: 1080
07-09 11:13:33.669 D/INSETS  ( 3843): else - Package Name ::  left : 0 right :: 0 top :: 0 bottom :: 0 dfu-right :: 1920 dfu-bottom :: 1080
07-09 11:13:34.469 D/INSETS  ( 3843): else - Package Name ::  left : 0 right :: 0 top :: 0 bottom :: 0 dfu-right :: 1920 dfu-bottom :: 1080
07-09 11:13:42.237 I/UsageStatsService( 3843): User[0] Flushing usage stats to disk
07-09 11:14:42.885 I/chatty  ( 3843): uid=1000(system) android.bg identical 6 lines
07-09 11:14:53.005 I/UsageStatsService( 3843): User[0] Flushing usage stats to disk
07-09 11:15:01.801 D/INSETS  ( 3843): else - Package Name ::  left : 0 right :: 0 top :: 0 bottom :: 0 dfu-right :: 1920 dfu-bottom :: 1080
07-09 11:15:03.099 I/UsageStatsService( 3843): User[0] Flushing usage stats to disk
07-09 11:19:57.170 I/chatty  ( 3843): uid=1000(system) android.bg identical 29 lines
07-09 11:20:07.272 I/UsageStatsService( 3843): User[0] Flushing usage stats to disk
07-09 11:20:14.275 D/INSETS  ( 3843): else - Package Name ::  left : 0 right :: 0 top :: 0 bottom :: 0 dfu-right :: 1920 dfu-bottom :: 1080
07-09 11:20:17.389 I/UsageStatsService( 3843): User[0] Flushing usage stats to disk
07-09 11:20:17.458 I/UsageStatsService( 3843): User[0] Rolling over usage stats
07-09 11:20:17.458 I/UsageStatsService( 3843): User[0] Flushing usage stats to disk
07-09 11:20:17.501 E/IntervalStats( 3843): Unable to parse usage stats package 91
07-09 11:20:17.501 E/IntervalStats( 3843): Unable to parse usage stats package 116
07-09 11:20:17.507 E/IntervalStats( 3843): Unable to parse usage stats package 91
07-09 11:20:17.507 E/IntervalStats( 3843): Unable to parse usage stats package 116
07-09 11:20:17.533 I/UsageStatsService( 3843): User[0] Rollover scheduled @ 2025-07-10 11:20:17(1752126617389)
07-09 11:20:17.536 I/UsageStatsService( 3843): User[0] Flushing usage stats to disk
07-09 11:20:17.561 I/UsageStatsService( 3843): User[0] Rolling over usage stats complete. Took 103 milliseconds
07-09 11:20:19.678 D/AutofillManagerService( 3843): onBackKeyPressed()
07-09 11:20:19.835 D/INSETS  ( 3843): else - Package Name ::  left : 0 right :: 0 top :: 0 bottom :: 0 dfu-right :: 1920 dfu-bottom :: 1080
07-09 11:20:22.140 D/INSETS  ( 3843): else - Package Name ::  left : 0 right :: 0 top :: 0 bottom :: 0 dfu-right :: 1920 dfu-bottom :: 1080
07-09 11:20:22.764 D/INSETS  ( 3843): else - Package Name ::  left : 0 right :: 0 top :: 0 bottom :: 0 dfu-right :: 1920 dfu-bottom :: 1080
07-09 11:20:23.752 D/INSETS  ( 3843): else - Package Name ::  left : 0 right :: 0 top :: 0 bottom :: 0 dfu-right :: 1920 dfu-bottom :: 1080
07-09 11:20:24.133 D/INSETS  ( 3843): else - Package Name ::  left : 0 right :: 0 top :: 0 bottom :: 0 dfu-right :: 1920 dfu-bottom :: 1080
07-09 11:20:24.658 D/INSETS  ( 3843): else - Package Name ::  left : 0 right :: 0 top :: 0 bottom :: 0 dfu-right :: 1920 dfu-bottom :: 1080
07-09 11:20:25.734 D/INSETS  ( 3843): else - Package Name ::  left : 0 right :: 0 top :: 0 bottom :: 0 dfu-right :: 1920 dfu-bottom :: 1080
07-09 11:20:25.938 D/INSETS  ( 3843): else - Package Name ::  left : 0 right :: 0 top :: 0 bottom :: 0 dfu-right :: 1920 dfu-bottom :: 1080
07-09 11:20:27.497 I/UsageStatsService( 3843): User[0] Flushing usage stats to disk
07-09 11:20:37.600 I/UsageStatsService( 3843): User[0] Flushing usage stats to disk
07-09 11:20:40.517 D/INSETS  ( 3843): else - Package Name ::  left : 0 right :: 0 top :: 0 bottom :: 0 dfu-right :: 1920 dfu-bottom :: 1080
07-09 11:20:45.904 D/INSETS  ( 3843): else - Package Name ::  left : 0 right :: 0 top :: 0 bottom :: 0 dfu-right :: 1920 dfu-bottom :: 1080
07-09 11:20:47.685 I/UsageStatsService( 3843): User[0] Flushing usage stats to disk
--------- beginning of kernel
07-09 11:21:06.605 W/[ 7133.594038@2]- RTW(    0): Turbo EDCA =0x431c
07-09 11:21:08.619 W/[ 7135.610099@1]- RTW(    0): Turbo EDCA =0x5ea42b
07-09 11:21:10.464 W/[ 7137.455347@3]- RTW(    0): fill_default_txdesc(wlan0): SP Packet(0x0806) rate=0x4 SeqNum = 3307
07-09 11:21:12.657 W/[ 7139.646050@3]- RTW(    0): Turbo EDCA =0x431c
07-09 11:21:14.669 W/[ 7141.658013@0]- RTW(    0): Turbo EDCA =0x5ea42b
07-09 11:21:14.812 W/[ 7141.803739@3]- RTW(    0): fill_default_txdesc(wlan0): SP Packet(0x0806) rate=0x4 SeqNum = 3436
07-09 11:21:15.356 W/[ 7142.347729@2]- RTW(    0): cfg80211_rtw_scan(wlan0)
07-09 11:21:15.357 W/[ 7142.347741@2]- RTW(    0): cfg80211_rtw_scan (wlan0) : scan deny
07-09 11:21:19.840 W/[ 7146.830733@3]- RTW(    0): fill_default_txdesc(wlan0): SP Packet(0x0806) rate=0x4 SeqNum = 3458
07-09 11:21:21.317 W/[ 7148.308345@1]- healthd(    0): battery l=100 v=4 t=0.0 h=2 st=2 c=1100 fc=10000000 chg=u
07-09 11:21:22.737 W/[ 7149.726193@0]- RTW(    0): Turbo EDCA =0x431c
07-09 11:21:24.749 W/[ 7151.737999@0]- RTW(    0): Turbo EDCA =0x5ea42b
07-09 11:21:24.812 W/[ 7151.805181@3]- RTW(    0): fill_default_txdesc(wlan0): SP Packet(0x0806) rate=0x4 SeqNum = 3533
07-09 11:21:29.881 W/[ 7156.874034@3]- RTW(    0): fill_default_txdesc(wlan0): SP Packet(0x0806) rate=0x4 SeqNum = 3559
07-09 11:21:31.166 W/[ 7158.158438@2]- audit(    0): audit_lost=3099 audit_rate_limit=5 audit_backlog_limit=64
07-09 11:21:31.166 E/[ 7158.158445@2]- audit(    0): rate limit exceeded
07-09 11:21:32.812 W/[ 7159.802244@3]- RTW(    0): Turbo EDCA =0x431c
07-09 11:21:34.829 W/[ 7161.818244@1]- RTW(    0): Turbo EDCA =0x5ea42b
07-09 11:21:34.889 W/[ 7161.878201@3]- RTW(    0): fill_default_txdesc(wlan0): SP Packet(0x0806) rate=0x4 SeqNum = 3651
07-09 11:21:40.168 W/[ 7167.161221@0]- RTW(    0): fill_default_txdesc(wlan0): SP Packet(0x0806) rate=0x4 SeqNum = 3659
07-09 11:21:42.893 W/[ 7169.882232@0]- RTW(    0): Turbo EDCA =0x431c
07-09 11:21:44.908 W/[ 7171.898126@0]- RTW(    0): Turbo EDCA =0x5ea42b
07-09 11:21:44.981 W/[ 7171.971160@3]- RTW(    0): fill_default_txdesc(wlan0): SP Packet(0x0806) rate=0x4 SeqNum = 3704
07-09 11:21:48.941 W/[ 7175.930118@0]- RTW(    0): Turbo EDCA =0x431c
07-09 11:21:49.857 W/[ 7176.847068@3]- RTW(    0): fill_default_txdesc(wlan0): SP Packet(0x0806) rate=0x4 SeqNum = 3782
07-09 11:21:50.957 W/[ 7177.946606@0]- RTW(    0): Turbo EDCA =0x5ea42b
07-09 11:21:52.977 W/[ 7179.966035@2]- RTW(    0): Turbo EDCA =0x431c
07-09 11:21:54.988 W/[ 7181.978043@0]- RTW(    0): Turbo EDCA =0x5ea42b
07-09 11:21:55.246 W/[ 7182.235995@3]- RTW(    0): fill_default_txdesc(wlan0): SP Packet(0x0806) rate=0x4 SeqNum = 3807
07-09 11:21:57.005 W/[ 7183.994037@0]- RTW(    0): Turbo EDCA =0x431c
07-09 11:21:59.021 W/[ 7186.010276@1]- RTW(    0): Turbo EDCA =0x5ea42b
07-09 11:21:59.857 W/[ 7186.847123@3]- RTW(    0): fill_default_txdesc(wlan0): SP Packet(0x0806) rate=0x4 SeqNum = 3852
07-09 11:22:01.037 W/[ 7188.025996@1]- RTW(    0): Turbo EDCA =0x431c
07-09 11:22:03.052 W/[ 7190.042623@1]- RTW(    0): Turbo EDCA =0x5ea42b
07-09 11:22:04.889 W/[ 7191.880379@1]- RTW(    0): fill_default_txdesc(wlan0): SP Packet(0x0806) rate=0x4 SeqNum = 3968
07-09 11:22:05.066 W/[ 7192.057977@3]- RTW(    0): Turbo EDCA =0x431c
07-09 11:22:07.083 W/[ 7194.074066@3]- RTW(    0): Turbo EDCA =0x5ea42b
07-09 11:22:09.101 W/[ 7196.090551@1]- RTW(    0): Turbo EDCA =0x431c
07-09 11:22:10.545 W/[ 7197.534337@1]- RTW(    0): fill_default_txdesc(wlan0): SP Packet(0x0806) rate=0x4 SeqNum = 61
07-09 11:22:11.121 W/[ 7198.109981@2]- RTW(    0): Turbo EDCA =0x5ea42b
07-09 11:22:13.111 W/[ 7200.102525@3]- audit(    0): audit_lost=3127 audit_rate_limit=5 audit_backlog_limit=64
07-09 11:22:13.111 E/[ 7200.102533@3]- audit(    0): rate limit exceeded
07-09 11:22:13.131 W/[ 7200.121994@1]- RTW(    0): Turbo EDCA =0x431c
07-09 11:22:15.149 W/[ 7202.138318@0]- RTW(    0): Turbo EDCA =0x5ea42b
07-09 11:22:15.605 W/[ 7202.594261@3]- RTW(    0): fill_default_txdesc(wlan0): SP Packet(0x0806) rate=0x4 SeqNum = 195
07-09 11:22:17.164 W/[ 7204.154046@0]- RTW(    0): Turbo EDCA =0x431c
07-09 11:22:19.180 W/[ 7206.170123@0]- RTW(    0): Turbo EDCA =0x5ea42b
07-09 11:22:20.672 W/[ 7207.664268@3]- RTW(    0): fill_default_txdesc(wlan0): SP Packet(0x0806) rate=0x4 SeqNum = 593
07-09 11:22:21.196 W/[ 7208.186028@3]- RTW(    0): Turbo EDCA =0x431c
07-09 11:22:21.314 W/[ 7208.307111@1]- healthd(    0): battery l=100 v=4 t=0.0 h=2 st=2 c=1100 fc=10000000 chg=u
07-09 11:22:23.213 W/[ 7210.202118@2]- RTW(    0): Turbo EDCA =0x5ea42b
07-09 11:22:24.753 W/[ 7211.743884@1]- RTW(    0): fill_default_txdesc(wlan0): SP Packet(0x0806) rate=0x4 SeqNum = 941
07-09 11:22:25.229 W/[ 7212.218421@0]- RTW(    0): Turbo EDCA =0x431c
07-09 11:22:27.245 W/[ 7214.234437@3]- RTW(    0): Turbo EDCA =0x5ea42b
07-09 11:22:29.265 W/[ 7216.254145@0]- RTW(    0): Turbo EDCA =0x431c
07-09 11:22:29.805 W/[ 7216.796679@2]- RTW(    0): fill_default_txdesc(wlan0): SP Packet(0x0806) rate=0x4 SeqNum = 1021
07-09 11:22:31.281 W/[ 7218.270045@0]- RTW(    0): Turbo EDCA =0x5ea42b
07-09 11:22:33.293 W/[ 7220.282144@2]- RTW(    0): Turbo EDCA =0x431c
07-09 11:22:34.932 W/[ 7221.924522@3]- RTW(    0): fill_default_txdesc(wlan0): SP Packet(0x0806) rate=0x4 SeqNum = 1077
07-09 11:22:35.309 W/[ 7222.298192@3]- RTW(    0): Turbo EDCA =0x5ea42b
07-09 11:22:37.325 W/[ 7224.314087@3]- RTW(    0): Turbo EDCA =0x431c
07-09 11:22:39.340 W/[ 7226.331324@3]- RTW(    0): Turbo EDCA =0x5ea42b
07-09 11:22:40.025 W/[ 7227.014842@3]- RTW(    0): fill_default_txdesc(wlan0): SP Packet(0x0806) rate=0x4 SeqNum = 1523
07-09 11:22:41.356 W/[ 7228.346166@2]- RTW(    0): Turbo EDCA =0x431c
07-09 11:22:28.711 I/chatty  ( 3843): uid=1000(system) android.bg identical 10 lines
07-09 11:22:38.789 I/UsageStatsService( 3843): User[0] Flushing usage stats to disk
07-09 11:22:42.005 W/ContextImpl( 5883): Calling a method in the system process without a qualified user: android.app.ContextImpl.bindService:1748 android.content.ContextWrapper.bindService:756 com.jio.adc.core.b.d:56 com.jio.adc.core.b.b:13 com.jio.adc.core.b$c.run:7 
07-09 11:22:42.014 W/ContextImpl( 5369): Calling a method in the system process without a qualified user: android.app.ContextImpl.sendBroadcast:1111 android.content.ContextWrapper.sendBroadcast:468 com.iwedia.tvinput.engine.ChannelManager.disconnectCA:3912 com.iwedia.tvinput.engine.ChannelManager.access$4300:116 com.iwedia.tvinput.engine.ChannelManager$CaReconnectTask.run:2434 
07-09 11:22:42.051 W/ContextImpl( 5369): Calling a method in the system process without a qualified user: android.app.ContextImpl.sendBroadcast:1111 android.content.ContextWrapper.sendBroadcast:468 com.iwedia.tvinput.engine.ChannelManager.connectCA:3844 com.iwedia.tvinput.engine.ChannelManager.access$5900:116 com.iwedia.tvinput.engine.ChannelManager$CaMessageHandler.handleMessage:4279 
07-09 11:22:43.372 W/[ 7230.362724@2]- RTW(    0): Turbo EDCA =0x5ea42b
07-09 11:22:45.073 W/[ 7232.064626@3]- RTW(    0): fill_default_txdesc(wlan0): SP Packet(0x0806) rate=0x4 SeqNum = 1865
07-09 11:22:45.387 W/[ 7232.378019@3]- RTW(    0): Turbo EDCA =0x431c
07-09 11:22:47.408 W/[ 7234.397974@3]- RTW(    0): Turbo EDCA =0x5ea42b
07-09 11:22:48.875 I/UsageStatsService( 3843): User[0] Flushing usage stats to disk
07-09 11:22:49.418 W/[ 7236.410019@0]- RTW(    0): Turbo EDCA =0x431c
07-09 11:22:49.760 W/[ 7236.751106@3]- RTW(    0): fill_default_txdesc(wlan0): SP Packet(0x0806) rate=0x4 SeqNum = 1907
07-09 11:22:50.092 W/Looper  ( 3843): Slow dispatch took 1215ms main h=com.android.server.AlarmManagerService$AlarmHandler c=android.app.PendingIntent$FinishedDispatcher@f04780c m=0
07-09 11:22:50.100 W/Looper  ( 3843): Slow dispatch took 1221ms android.ui h=com.android.server.am.ActivityManagerService$UiHandler c=null m=31
07-09 11:22:51.436 W/[ 7238.426030@3]- RTW(    0): Turbo EDCA =0x5ea42b
07-09 11:22:53.456 W/[ 7240.445983@1]- RTW(    0): Turbo EDCA =0x431c
07-09 11:22:55.263 W/[ 7242.254308@2]- RTW(    0): fill_default_txdesc(wlan0): SP Packet(0x0806) rate=0x4 SeqNum = 1936
07-09 11:22:55.468 W/[ 7242.458632@1]- RTW(    0): Turbo EDCA =0x5ea42b
07-09 11:22:57.488 W/[ 7244.478057@2]- RTW(    0): Turbo EDCA =0x431c
07-09 11:22:57.933 W/[ 7244.925962@2]- audit(    0): audit_lost=3132 audit_rate_limit=5 audit_backlog_limit=64
07-09 11:22:57.933 E/[ 7244.925967@2]- audit(    0): rate limit exceeded
07-09 11:22:59.213 W/[ 7246.204966@3]- audit(    0): audit_lost=3147 audit_rate_limit=5 audit_backlog_limit=64
07-09 11:22:59.213 E/[ 7246.204974@3]- audit(    0): rate limit exceeded
07-09 11:22:59.501 W/[ 7246.490105@1]- RTW(    0): Turbo EDCA =0x5ea42b
07-09 11:23:00.146 I/UsageStatsService( 3843): User[0] Flushing usage stats to disk
07-09 11:23:00.309 W/[ 7247.300456@0]- audit(    0): audit_lost=3179 audit_rate_limit=5 audit_backlog_limit=64
07-09 11:23:00.309 E/[ 7247.300464@0]- audit(    0): rate limit exceeded
07-09 11:23:00.344 W/[ 7247.336063@3]- RTW(    0): fill_default_txdesc(wlan0): SP Packet(0x0806) rate=0x4 SeqNum = 2270
07-09 11:23:00.745 W/[ 7247.736577@2]- RTW(    0): fill_default_txdesc(wlan0): SP Packet(0x0806) rate=0x4 SeqNum = 2277
07-09 11:23:01.325 W/[ 7248.314886@0]- audit(    0): audit_lost=3202 audit_rate_limit=5 audit_backlog_limit=64
07-09 11:23:01.325 E/[ 7248.314894@0]- audit(    0): rate limit exceeded
07-09 11:23:01.517 W/[ 7248.506104@1]- RTW(    0): Turbo EDCA =0x431c
07-09 11:23:03.531 W/[ 7250.522105@0]- RTW(    0): Turbo EDCA =0x5ea42b
07-09 11:23:05.472 W/[ 7252.464500@3]- RTW(    0): fill_default_txdesc(wlan0): SP Packet(0x0806) rate=0x4 SeqNum = 2353
07-09 11:23:05.549 W/[ 7252.538023@2]- RTW(    0): Turbo EDCA =0x431c
07-09 11:23:07.565 W/[ 7254.554035@3]- RTW(    0): Turbo EDCA =0x5ea42b
07-09 11:23:09.580 W/[ 7256.570021@0]- RTW(    0): Turbo EDCA =0x431c
07-09 11:23:09.809 W/[ 7256.798947@3]- RTW(    0): fill_default_txdesc(wlan0): SP Packet(0x0806) rate=0x4 SeqNum = 2413
07-09 11:23:11.597 W/[ 7258.589989@3]- RTW(    0): Turbo EDCA =0x5ea42b
07-09 11:23:13.612 W/[ 7260.602274@0]- RTW(    0): Turbo EDCA =0x431c
07-09 11:23:15.216 W/[ 7262.206223@0]- RTW(    0): fill_default_txdesc(wlan0): SP Packet(0x0806) rate=0x4 SeqNum = 2573
07-09 11:23:15.629 W/[ 7262.619016@2]- RTW(    0): Turbo EDCA =0x5ea42b
07-09 11:23:16.813 W/[ 7263.801799@0]- RTW(    0): fill_default_txdesc(wlan0): SP Packet(0x0806) rate=0x4 SeqNum = 2805
07-09 11:23:17.645 W/[ 7264.634093@0]- RTW(    0): Turbo EDCA =0x431c
07-09 11:23:19.941 W/[ 7266.931788@3]- RTW(    0): fill_default_txdesc(wlan0): SP Packet(0x0806) rate=0x4 SeqNum = 2814
07-09 11:23:21.316 W/[ 7268.307223@1]- healthd(    0): battery l=100 v=4 t=0.0 h=2 st=2 c=1100 fc=10000000 chg=u
07-09 11:23:23.692 W/[ 7270.682327@3]- RTW(    0): Turbo EDCA =0x5ea42b
07-09 11:23:24.848 W/[ 7271.837738@3]- RTW(    0): fill_default_txdesc(wlan0): SP Packet(0x0806) rate=0x4 SeqNum = 3494
07-09 11:23:25.708 W/[ 7272.698001@2]- RTW(    0): Turbo EDCA =0x431c
07-09 11:23:27.725 W/[ 7274.714597@0]- RTW(    0): Turbo EDCA =0x5ea42b
07-09 11:23:29.741 W/[ 7276.730073@2]- RTW(    0): Turbo EDCA =0x431c
07-09 11:23:29.805 W/[ 7276.794001@2]- RTW(    0): fill_default_txdesc(wlan0): SP Packet(0x0806) rate=0x4 SeqNum = 3534
07-09 11:23:30.085 W/[ 7277.075895@1]- audit(    0): audit_lost=3222 audit_rate_limit=5 audit_backlog_limit=64
07-09 11:23:30.085 E/[ 7277.075902@1]- audit(    0): rate limit exceeded
07-09 11:23:31.197 W/[ 7278.185895@3]- audit(    0): audit_lost=3239 audit_rate_limit=5 audit_backlog_limit=64
07-09 11:23:31.197 E/[ 7278.185903@3]- audit(    0): rate limit exceeded
07-09 11:23:31.757 W/[ 7278.746224@0]- RTW(    0): Turbo EDCA =0x5ea42b
07-09 11:23:32.424 W/[ 7279.417136@2]- audit(    0): audit_lost=3317 audit_rate_limit=5 audit_backlog_limit=64
07-09 11:23:32.425 E/[ 7279.417143@2]- audit(    0): rate limit exceeded
07-09 11:23:33.445 W/[ 7280.436925@1]- audit(    0): audit_lost=3342 audit_rate_limit=5 audit_backlog_limit=64
07-09 11:23:33.445 E/[ 7280.436933@1]- audit(    0): rate limit exceeded
07-09 11:23:33.773 W/[ 7280.762102@0]- RTW(    0): Turbo EDCA =0x431c
07-09 11:23:20.313 I/chatty  ( 3843): uid=1000(system) android.bg identical 2 lines
07-09 11:23:30.409 I/UsageStatsService( 3843): User[0] Flushing usage stats to disk
07-09 11:23:34.177 W/ActivityManager( 3843): Receiver with filter android.content.IntentFilter@8910aa7 already registered for pid 5071, callerPackage is com.rjil.jiostbsetting
07-09 11:23:34.187 W/ContextImpl( 5071): Calling a method in the system process without a qualified user: android.app.ContextImpl.sendBroadcast:1111 android.content.ContextWrapper.sendBroadcast:468 com.rjil.jiostbsetting.service.EndlessService.ESNredirect:1604 com.rjil.jiostbsetting.service.EndlessService$mConnection$1$onServiceConnected$2.invokeSuspend:1207 kotlin.coroutines.jvm.internal.BaseContinuationImpl.resumeWith:33 
07-09 11:23:34.220 W/BroadcastQueue( 3843): Background execution not allowed: receiving Intent { act=com.netflix.ninja.intent.action.ESN_RESPONSE flg=0x10000010 (has extras) } to com.netflix.partnertoken/com.partner.padi.EsnReceiver
07-09 11:23:34.248 W/ContextImpl( 5071): Calling a method in the system process without a qualified user: android.app.ContextImpl.bindService:1748 android.content.ContextWrapper.bindService:756 com.jio.adc.core.b.d:56 com.jio.adc.core.b.b:13 com.jio.adc.core.b$c.run:7 
07-09 11:23:34.776 W/[ 7281.769281@3]- RTW(    0): fill_default_txdesc(wlan0): SP Packet(0x0806) rate=0x4 SeqNum = 3908
07-09 11:23:35.786 W/[ 7282.778176@3]- RTW(    0): Turbo EDCA =0x5ea42b
07-09 11:23:36.232 W/ContextImpl( 5071): Calling a method in the system process without a qualified user: android.app.ContextImpl.sendBroadcast:1111 android.content.ContextWrapper.sendBroadcast:468 com.rjil.jiostbsetting.utils.UtilsKt.getAllVolumeDetails:2230 com.rjil.jiostbsetting.service.EndlessService.getParameters$lambda-22:1166 com.rjil.jiostbsetting.service.EndlessService.$r8$lambda$rJsFG8XlIrKzvRVodgEZk__jDnM:0 
07-09 11:23:36.239 W/ContextImpl( 5071): Calling a method in the system process without a qualified user: android.app.ContextImpl.sendBroadcast:1111 android.content.ContextWrapper.sendBroadcast:468 com.rjil.jiostbsetting.utils.UtilsKt.sendUSBAttachDetachBroadcast:2259 com.rjil.jiostbsetting.service.EndlessService$CallbackListener.onParameterNotification:1327 com.rjil.jiostbsetting.dc.DCDataProvider.invokeCallback:107 
07-09 11:23:36.240 W/BroadcastQueue( 3843): Background execution not allowed: receiving Intent { act=com.rjil.jiostbsetting.UsbAttachDetach flg=0x30 (has extras) } to com.iwedia.ui.rjio.launcher.reliance/.profile.ExternalBroadcastReceiver
07-09 11:23:37.804 W/[ 7284.794379@0]- RTW(    0): Turbo EDCA =0x431c
07-09 11:23:39.596 W/[ 7286.586712@3]- RTW(    0): fill_default_txdesc(wlan0): SP Packet(0x0806) rate=0x4 SeqNum = 237
07-09 11:23:39.821 W/[ 7286.810133@1]- RTW(    0): Turbo EDCA =0x5ea42b
07-09 11:23:39.942 W/[ 7286.933884@3]- RTW(    0): fill_default_txdesc(wlan0): SP Packet(0x0806) rate=0x4 SeqNum = 238
07-09 11:23:40.493 I/UsageStatsService( 3843): User[0] Flushing usage stats to disk
07-09 11:23:41.836 W/[ 7288.826021@0]- RTW(    0): Turbo EDCA =0x431c
07-09 11:23:43.853 W/[ 7290.842223@1]- RTW(    0): Turbo EDCA =0x5ea42b
07-09 11:23:44.753 W/[ 7291.743743@3]- RTW(    0): fill_default_txdesc(wlan0): SP Packet(0x0806) rate=0x4 SeqNum = 675
07-09 11:23:45.868 W/[ 7292.859645@1]- RTW(    0): Turbo EDCA =0x431c
07-09 11:23:47.889 W/[ 7294.878100@1]- RTW(    0): Turbo EDCA =0x5ea42b
07-09 11:23:49.901 W/[ 7296.890035@1]- RTW(    0): Turbo EDCA =0x431c
07-09 11:23:50.133 W/[ 7297.123049@3]- RTW(    0): fill_default_txdesc(wlan0): SP Packet(0x0806) rate=0x4 SeqNum = 728
07-09 11:23:51.917 W/[ 7298.906814@0]- RTW(    0): Turbo EDCA =0x5ea42b
07-09 11:23:52.141 W/[ 7299.129802@3]- RTW(    0): fill_default_txdesc(wlan0): SP Packet(0x0806) rate=0x4 SeqNum = 730
07-09 11:23:53.931 W/[ 7300.923506@1]- RTW(    0): Turbo EDCA =0x431c
07-09 11:23:54.805 W/[ 7301.796864@3]- RTW(    0): fill_default_txdesc(wlan0): SP Packet(0x0806) rate=0x4 SeqNum = 992
07-09 11:23:55.352 W/[ 7302.343864@3]- RTW(    0): cfg80211_rtw_scan(wlan0)
07-09 11:23:55.353 W/[ 7302.343875@3]- RTW(    0): cfg80211_rtw_scan (wlan0) : scan deny
07-09 11:23:55.946 W/[ 7302.938049@1]- RTW(    0): Turbo EDCA =0x5ea42b
07-09 11:23:57.965 W/[ 7304.954122@1]- RTW(    0): Turbo EDCA =0x431c
07-09 11:23:59.803 W/[ 7306.795687@3]- RTW(    0): fill_default_txdesc(wlan0): SP Packet(0x0806) rate=0x4 SeqNum = 1058
07-09 11:23:59.981 W/[ 7306.970107@2]- RTW(    0): Turbo EDCA =0x5ea42b
07-09 11:24:01.996 W/[ 7308.986022@2]- RTW(    0): Turbo EDCA =0x431c
07-09 11:24:04.012 W/[ 7311.002286@3]- RTW(    0): Turbo EDCA =0x5ea42b
07-09 11:24:05.373 W/[ 7312.364128@2]- RTW(    0): fill_default_txdesc(wlan0): SP Packet(0x0806) rate=0x4 SeqNum = 1201
07-09 11:24:06.028 W/[ 7313.018138@1]- RTW(    0): Turbo EDCA =0x431c
07-09 11:24:08.044 W/[ 7315.034110@0]- RTW(    0): Turbo EDCA =0x5ea42b
07-09 11:24:10.061 W/[ 7317.051338@1]- RTW(    0): Turbo EDCA =0x431c
07-09 11:24:10.357 W/[ 7317.349728@3]- RTW(    0): fill_default_txdesc(wlan0): SP Packet(0x0806) rate=0x4 SeqNum = 1253
07-09 11:24:12.077 W/[ 7319.066079@2]- RTW(    0): Turbo EDCA =0x5ea42b
07-09 11:24:13.121 W/[ 7320.109947@1]- audit(    0): audit_lost=3364 audit_rate_limit=5 audit_backlog_limit=64
07-09 11:24:13.121 E/[ 7320.109956@1]- audit(    0): rate limit exceeded
07-09 11:24:14.092 W/[ 7321.082062@0]- RTW(    0): Turbo EDCA =0x431c
07-09 11:24:14.924 W/[ 7321.914224@3]- RTW(    0): fill_default_txdesc(wlan0): SP Packet(0x0806) rate=0x4 SeqNum = 1352
07-09 11:24:16.112 W/[ 7323.102058@0]- RTW(    0): Turbo EDCA =0x5ea42b
07-09 11:24:18.124 W/[ 7325.114057@1]- RTW(    0): Turbo EDCA =0x431c
07-09 11:24:19.801 W/[ 7326.793435@0]- RTW(    0): fill_default_txdesc(wlan0): SP Packet(0x0806) rate=0x4 SeqNum = 1386
07-09 11:24:20.141 W/[ 7327.130198@2]- RTW(    0): Turbo EDCA =0x5ea42b
07-09 11:24:21.317 W/[ 7328.307321@1]- healthd(    0): battery l=100 v=4 t=0.0 h=2 st=2 c=1100 fc=10000000 chg=u
07-09 11:24:22.161 W/[ 7329.150021@3]- RTW(    0): Turbo EDCA =0x431c
07-09 11:24:24.173 W/[ 7331.162173@1]- RTW(    0): Turbo EDCA =0x5ea42b
07-09 11:24:24.892 W/[ 7331.882746@1]- RTW(    0): fill_default_txdesc(wlan0): SP Packet(0x0806) rate=0x4 SeqNum = 1455
07-09 11:24:26.185 W/[ 7333.178146@0]- RTW(    0): Turbo EDCA =0x431c
07-09 11:24:28.205 W/[ 7335.194048@1]- RTW(    0): Turbo EDCA =0x5ea42b
07-09 11:24:30.112 W/[ 7337.103008@3]- RTW(    0): fill_default_txdesc(wlan0): SP Packet(0x0806) rate=0x4 SeqNum = 1529
07-09 11:24:30.221 W/[ 7337.210297@2]- RTW(    0): Turbo EDCA =0x431c
07-09 11:24:32.237 W/[ 7339.226238@0]- RTW(    0): Turbo EDCA =0x5ea42b
07-09 11:24:34.256 W/[ 7341.245981@1]- RTW(    0): Turbo EDCA =0x431c
07-09 11:24:34.785 W/[ 7341.774286@3]- RTW(    0): fill_default_txdesc(wlan0): SP Packet(0x0806) rate=0x4 SeqNum = 1571
07-09 11:24:36.268 W/[ 7343.258124@0]- RTW(    0): Turbo EDCA =0x5ea42b
07-09 11:24:38.284 W/[ 7345.273995@0]- RTW(    0): Turbo EDCA =0x431c
07-09 11:24:40.245 W/[ 7347.234520@3]- RTW(    0): fill_default_txdesc(wlan0): SP Packet(0x0806) rate=0x4 SeqNum = 1632
07-09 11:24:40.301 W/[ 7347.290146@0]- RTW(    0): Turbo EDCA =0x5ea42b
07-09 11:24:42.316 W/[ 7349.306076@1]- RTW(    0): Turbo EDCA =0x431c
07-09 11:24:44.333 W/[ 7351.322174@0]- RTW(    0): Turbo EDCA =0x5ea42b
07-09 11:24:44.957 W/[ 7351.946152@2]- RTW(    0): fill_default_txdesc(wlan0): SP Packet(0x0806) rate=0x4 SeqNum = 1726
07-09 11:24:46.349 W/[ 7353.338181@2]- RTW(    0): Turbo EDCA =0x431c
07-09 11:24:50.381 W/[ 7357.373229@1]- RTW(    0): fill_default_txdesc(wlan0): SP Packet(0x0806) rate=0x4 SeqNum = 1764
07-09 11:24:54.412 W/[ 7361.402320@1]- RTW(    0): Turbo EDCA =0x5ea42b
07-09 11:24:54.752 W/[ 7361.742836@3]- RTW(    0): fill_default_txdesc(wlan0): SP Packet(0x0806) rate=0x4 SeqNum = 1793
07-09 11:24:56.430 W/[ 7363.418027@2]- RTW(    0): Turbo EDCA =0x431c
07-09 11:24:59.777 W/[ 7366.768604@0]- RTW(    0): fill_default_txdesc(wlan0): SP Packet(0x0806) rate=0x4 SeqNum = 1886
07-09 11:25:02.477 W/[ 7369.466161@3]- RTW(    0): Turbo EDCA =0x5ea42b
07-09 11:25:04.492 W/[ 7371.482026@2]- RTW(    0): Turbo EDCA =0x431c
07-09 11:25:04.805 W/[ 7371.795900@2]- RTW(    0): fill_default_txdesc(wlan0): SP Packet(0x0806) rate=0x4 SeqNum = 1938
07-09 11:25:06.509 W/[ 7373.498051@2]- RTW(    0): Turbo EDCA =0x5ea42b
07-09 11:25:08.524 W/[ 7375.514045@3]- RTW(    0): Turbo EDCA =0x431c
07-09 11:25:09.761 W/[ 7376.749674@0]- RTW(    0): fill_default_txdesc(wlan0): SP Packet(0x0806) rate=0x4 SeqNum = 1969
07-09 11:25:10.541 W/[ 7377.534054@3]- RTW(    0): Turbo EDCA =0x5ea42b
07-09 11:25:12.556 W/[ 7379.545948@3]- RTW(    0): Turbo EDCA =0x431c
07-09 11:25:13.122 W/[ 7380.114521@1]- audit(    0): audit_lost=3367 audit_rate_limit=5 audit_backlog_limit=64
07-09 11:25:13.122 E/[ 7380.114529@1]- audit(    0): rate limit exceeded
07-09 11:25:14.924 W/[ 7381.916561@3]- RTW(    0): fill_default_txdesc(wlan0): SP Packet(0x0806) rate=0x4 SeqNum = 2074
07-09 11:25:18.605 W/[ 7385.594272@0]- RTW(    0): Turbo EDCA =0x5ea42b
07-09 11:25:19.833 W/[ 7386.823398@3]- RTW(    0): fill_default_txdesc(wlan0): SP Packet(0x0806) rate=0x4 SeqNum = 2130
07-09 11:25:20.620 W/[ 7387.610368@3]- RTW(    0): Turbo EDCA =0x431c
07-09 11:25:21.317 W/[ 7388.308033@1]- healthd(    0): battery l=100 v=4 t=0.0 h=2 st=2 c=1100 fc=10000000 chg=u
07-09 11:25:22.636 W/[ 7389.626004@1]- RTW(    0): Turbo EDCA =0x5ea42b
07-09 11:25:24.652 W/[ 7391.641990@1]- RTW(    0): Turbo EDCA =0x431c
07-09 11:25:24.900 W/[ 7391.893159@3]- RTW(    0): fill_default_txdesc(wlan0): SP Packet(0x0806) rate=0x4 SeqNum = 2218
07-09 11:25:26.669 W/[ 7393.658318@2]- RTW(    0): Turbo EDCA =0x5ea42b
07-09 11:25:28.684 W/[ 7395.673988@2]- RTW(    0): Turbo EDCA =0x431c
07-09 11:25:29.960 W/[ 7396.953173@3]- RTW(    0): fill_default_txdesc(wlan0): SP Packet(0x0806) rate=0x4 SeqNum = 2272
07-09 11:25:30.698 W/[ 7397.690158@2]- RTW(    0): Turbo EDCA =0x5ea42b
07-09 11:25:31.365 W/[ 7398.354699@0]- audit(    0): audit_lost=3370 audit_rate_limit=5 audit_backlog_limit=64
07-09 11:25:31.365 E/[ 7398.354707@0]- audit(    0): rate limit exceeded
07-09 11:25:32.716 W/[ 7399.706034@0]- RTW(    0): Turbo EDCA =0x431c
07-09 11:25:34.733 W/[ 7401.722094@2]- RTW(    0): Turbo EDCA =0x5ea42b
07-09 11:25:35.013 W/[ 7402.002487@3]- RTW(    0): fill_default_txdesc(wlan0): SP Packet(0x0806) rate=0x4 SeqNum = 2318
07-09 11:25:36.748 W/[ 7403.738049@3]- RTW(    0): Turbo EDCA =0x431c
07-09 11:25:38.764 W/[ 7405.754002@1]- RTW(    0): Turbo EDCA =0x5ea42b
07-09 11:25:39.900 W/[ 7406.889729@3]- RTW(    0): fill_default_txdesc(wlan0): SP Packet(0x0806) rate=0x4 SeqNum = 2357
07-09 11:25:40.781 W/[ 7407.770177@1]- RTW(    0): Turbo EDCA =0x431c
07-09 11:25:42.797 W/[ 7409.786032@1]- RTW(    0): Turbo EDCA =0x5ea42b
07-09 11:25:44.817 W/[ 7411.806150@2]- RTW(    0): Turbo EDCA =0x431c
07-09 11:25:44.821 W/[ 7411.812382@0]- RTW(    0): fill_default_txdesc(wlan0): SP Packet(0x0806) rate=0x4 SeqNum = 2410
07-09 11:25:46.829 W/[ 7413.818101@2]- RTW(    0): Turbo EDCA =0x5ea42b
07-09 11:25:48.844 W/[ 7415.834031@2]- RTW(    0): Turbo EDCA =0x431c
07-09 11:25:50.221 W/[ 7417.212238@1]- RTW(    0): fill_default_txdesc(wlan0): SP Packet(0x0806) rate=0x4 SeqNum = 2449
07-09 11:25:50.859 W/[ 7417.850005@1]- RTW(    0): Turbo EDCA =0x5ea42b
07-09 11:25:52.877 W/[ 7419.866206@2]- RTW(    0): Turbo EDCA =0x431c
07-09 11:25:54.893 W/[ 7421.882475@2]- RTW(    0): Turbo EDCA =0x5ea42b
07-09 11:25:55.272 W/[ 7422.262999@3]- RTW(    0): fill_default_txdesc(wlan0): SP Packet(0x0806) rate=0x4 SeqNum = 2510
07-09 11:25:56.908 W/[ 7423.898051@3]- RTW(    0): Turbo EDCA =0x431c
07-09 11:25:41.558 I/chatty  ( 3843): uid=1000(system) android.bg identical 12 lines
07-09 11:25:51.652 I/UsageStatsService( 3843): User[0] Flushing usage stats to disk
07-09 11:25:57.683 D/ConnectivityService( 3843): requestNetwork for uid/pid:10034/4998 NetworkRequest [ TRACK_DEFAULT id=28, [ Capabilities: INTERNET&NOT_RESTRICTED&TRUSTED Uid: 10034 AdministratorUids: [] RequestorUid: 10034 RequestorPackageName: com.iwedia.ui.rjio.launcher.reliance] ]
07-09 11:25:57.684 D/ConnectivityService( 3843): NetReassign [28 : null  100]
07-09 11:25:57.765 D/ConnectivityService( 3843): releasing NetworkRequest [ TRACK_DEFAULT id=28, [ Capabilities: INTERNET&NOT_RESTRICTED&TRUSTED Uid: 10034 AdministratorUids: [] RequestorUid: 10034 RequestorPackageName: com.iwedia.ui.rjio.launcher.reliance] ] (release request)
07-09 11:25:58.924 W/[ 7425.914077@0]- RTW(    0): Turbo EDCA =0x5ea42b
07-09 11:26:00.421 W/[ 7427.413236@2]- RTW(    0): fill_default_txdesc(wlan0): SP Packet(0x0806) rate=0x4 SeqNum = 2539
07-09 11:26:00.941 W/[ 7427.930182@3]- RTW(    0): Turbo EDCA =0x431c
07-09 11:26:01.734 I/UsageStatsService( 3843): User[0] Flushing usage stats to disk
07-09 11:26:02.957 W/[ 7429.946331@3]- RTW(    0): Turbo EDCA =0x5ea42b
07-09 11:26:04.973 W/[ 7431.962123@3]- RTW(    0): Turbo EDCA =0x431c
07-09 11:26:05.517 W/[ 7432.508382@3]- RTW(    0): fill_default_txdesc(wlan0): SP Packet(0x0806) rate=0x4 SeqNum = 2632
07-09 11:26:06.989 W/[ 7433.978063@3]- RTW(    0): Turbo EDCA =0x5ea42b
07-09 11:26:09.008 W/[ 7435.998006@1]- RTW(    0): Turbo EDCA =0x431c
07-09 11:26:09.957 W/[ 7436.947512@1]- RTW(    0): fill_default_txdesc(wlan0): SP Packet(0x0806) rate=0x4 SeqNum = 2685
07-09 11:26:11.024 W/[ 7438.014038@1]- RTW(    0): Turbo EDCA =0x5ea42b
07-09 11:26:13.036 W/[ 7440.026151@3]- RTW(    0): Turbo EDCA =0x431c
07-09 11:26:13.129 W/[ 7440.120512@2]- audit(    0): audit_lost=3398 audit_rate_limit=5 audit_backlog_limit=64
07-09 11:26:13.129 E/[ 7440.120520@2]- audit(    0): rate limit exceeded
07-09 11:26:14.748 W/[ 7441.738586@3]- RTW(    0): fill_default_txdesc(wlan0): SP Packet(0x0806) rate=0x4 SeqNum = 2743
07-09 11:26:15.051 W/[ 7442.042008@1]- RTW(    0): Turbo EDCA =0x5ea42b
07-09 11:26:17.069 W/[ 7444.058114@0]- RTW(    0): Turbo EDCA =0x431c
07-09 11:26:19.085 W/[ 7446.074029@1]- RTW(    0): Turbo EDCA =0x5ea42b
07-09 11:26:19.777 W/[ 7446.768442@0]- RTW(    0): fill_default_txdesc(wlan0): SP Packet(0x0806) rate=0x4 SeqNum = 2819
07-09 11:26:21.100 W/[ 7448.090009@1]- RTW(    0): Turbo EDCA =0x431c
07-09 11:26:21.317 W/[ 7448.307432@1]- healthd(    0): battery l=100 v=4 t=0.0 h=2 st=2 c=1100 fc=10000000 chg=u
07-09 11:26:23.114 W/[ 7450.106284@3]- RTW(    0): Turbo EDCA =0x5ea42b
07-09 11:26:24.832 W/[ 7451.822096@1]- RTW(    0): fill_default_txdesc(wlan0): SP Packet(0x0806) rate=0x4 SeqNum = 2973
07-09 11:26:25.132 W/[ 7452.122033@3]- RTW(    0): Turbo EDCA =0x431c
07-09 11:26:27.153 W/[ 7454.142059@3]- RTW(    0): Turbo EDCA =0x5ea42b
07-09 11:26:28.045 W/[ 7455.037804@3]- RTW(    0): fill_default_txdesc(wlan0): SP Packet(0x0806) rate=0x4 SeqNum = 2983
07-09 11:26:29.165 W/[ 7456.154902@3]- RTW(    0): Turbo EDCA =0x431c
07-09 11:26:29.900 W/[ 7456.892574@3]- RTW(    0): fill_default_txdesc(wlan0): SP Packet(0x0806) rate=0x4 SeqNum = 3021
07-09 11:26:31.181 W/[ 7458.170247@3]- RTW(    0): Turbo EDCA =0x5ea42b
07-09 11:26:33.197 W/[ 7460.186164@1]- RTW(    0): Turbo EDCA =0x431c
07-09 11:26:34.784 W/[ 7461.775655@3]- RTW(    0): fill_default_txdesc(wlan0): SP Packet(0x0806) rate=0x4 SeqNum = 3081
07-09 11:26:35.209 W/[ 7462.202097@3]- RTW(    0): Turbo EDCA =0x5ea42b
07-09 11:26:37.227 W/[ 7464.218222@2]- RTW(    0): Turbo EDCA =0x431c
07-09 11:26:39.245 W/[ 7466.234022@0]- RTW(    0): Turbo EDCA =0x5ea42b
07-09 11:26:40.041 W/[ 7467.031578@1]- RTW(    0): fill_default_txdesc(wlan0): SP Packet(0x0806) rate=0x4 SeqNum = 3136
07-09 11:26:41.265 W/[ 7468.254168@1]- RTW(    0): Turbo EDCA =0x431c
07-09 11:26:43.276 W/[ 7470.266037@1]- RTW(    0): Turbo EDCA =0x5ea42b
07-09 11:26:45.108 W/[ 7472.101469@3]- RTW(    0): fill_default_txdesc(wlan0): SP Packet(0x0806) rate=0x4 SeqNum = 3199
07-09 11:26:45.292 W/[ 7472.282123@1]- RTW(    0): Turbo EDCA =0x431c
07-09 11:26:47.308 W/[ 7474.297999@1]- RTW(    0): Turbo EDCA =0x5ea42b
07-09 11:26:49.325 W/[ 7476.314100@1]- RTW(    0): Turbo EDCA =0x431c
07-09 11:26:49.812 W/[ 7476.805370@2]- RTW(    0): fill_default_txdesc(wlan0): SP Packet(0x0806) rate=0x4 SeqNum = 3246
07-09 11:26:51.341 W/[ 7478.330001@1]- RTW(    0): Turbo EDCA =0x5ea42b
07-09 11:26:53.357 W/[ 7480.345978@2]- RTW(    0): Turbo EDCA =0x431c
07-09 11:26:55.252 W/[ 7482.241692@3]- RTW(    0): fill_default_txdesc(wlan0): SP Packet(0x0806) rate=0x4 SeqNum = 3267
07-09 11:26:55.373 W/[ 7482.361998@2]- RTW(    0): Turbo EDCA =0x5ea42b
07-09 11:26:57.388 W/[ 7484.378043@0]- RTW(    0): Turbo EDCA =0x431c
07-09 11:26:59.404 W/[ 7486.393979@1]- RTW(    0): Turbo EDCA =0x5ea42b
07-09 11:26:59.784 W/[ 7486.774388@3]- RTW(    0): fill_default_txdesc(wlan0): SP Packet(0x0806) rate=0x4 SeqNum = 3295
07-09 11:27:01.421 W/[ 7488.410083@1]- RTW(    0): Turbo EDCA =0x431c
07-09 11:27:03.436 W/[ 7490.426025@1]- RTW(    0): Turbo EDCA =0x5ea42b
07-09 11:27:04.772 W/[ 7491.762947@3]- RTW(    0): fill_default_txdesc(wlan0): SP Packet(0x0806) rate=0x4 SeqNum = 3397
07-09 11:27:05.452 W/[ 7492.442093@3]- RTW(    0): Turbo EDCA =0x431c
07-09 11:27:07.473 W/[ 7494.462099@3]- RTW(    0): Turbo EDCA =0x5ea42b
07-09 11:27:09.485 W/[ 7496.474153@0]- RTW(    0): Turbo EDCA =0x431c
07-09 11:27:10.144 W/[ 7497.133710@3]- RTW(    0): fill_default_txdesc(wlan0): SP Packet(0x0806) rate=0x4 SeqNum = 3427
07-09 11:27:11.501 W/[ 7498.490063@0]- RTW(    0): Turbo EDCA =0x5ea42b
