01-01 00:00:02.483 V/StorageManagerService(  665): Package com.android.keychain does not have legacy storage
01-01 00:00:02.483 V/StorageManagerService(  665): Package com.suntv.sunnxt does not have legacy storage
01-01 00:00:02.483 V/StorageManagerService(  665): Package com.jio.httpupdate does not have legacy storage
01-01 00:00:02.483 V/StorageManagerService(  665): Package com.android.gallery3d has legacy storage
01-01 00:00:02.483 V/StorageManagerService(  665): Package android.ext.services does not have legacy storage
01-01 00:00:02.483 V/StorageManagerService(  665): Package com.android.wifi.resources does not have legacy storage
01-01 00:00:02.483 V/StorageManagerService(  665): Package com.android.localtransport does not have legacy storage
01-01 00:00:02.483 V/StorageManagerService(  665): Package com.android.networkstack.tethering.droidlogic does not have legacy storage
01-01 00:00:02.483 V/StorageManagerService(  665): Package com.droidlogic.mictoggle does not have legacy storage
01-01 00:00:02.483 V/StorageManagerService(  665): Package com.android.packageinstaller does not have legacy storage
01-01 00:00:02.483 V/StorageManagerService(  665): Package com.google.android.exoplayer2.demo has legacy storage
01-01 00:00:02.484 V/StorageManagerService(  665): Package com.inn.nvengineer does not have legacy storage
01-01 00:00:02.484 V/StorageManagerService(  665): Package com.android.proxyhandler does not have legacy storage
01-01 00:00:02.484 V/StorageManagerService(  665): Package com.jio.store does not have legacy storage
01-01 00:00:02.484 V/StorageManagerService(  665): Package com.android.networkstack.tethering does not have legacy storage
01-01 00:00:02.484 V/StorageManagerService(  665): Package com.android.soundpicker has legacy storage
01-01 00:00:02.484 V/StorageManagerService(  665): Package com.jio.adc.aka does not have legacy storage
01-01 00:00:02.484 V/StorageManagerService(  665): Package io.appium.uiautomator2.server.test does not have legacy storage
01-01 00:00:02.484 V/StorageManagerService(  665): Package com.jio.stb.jioservice does not have legacy storage
01-01 00:00:02.484 V/StorageManagerService(  665): Package com.android.networkstack.tethering.inprocess.droidlogic does not have legacy storage
01-01 00:00:02.484 V/StorageManagerService(  665): Package com.jio.stb.settings.provider.overlay does not have legacy storage
01-01 00:00:02.485 V/StorageManagerService(  665): Package com.jio.yt does not have legacy storage
01-01 00:00:02.485 V/StorageManagerService(  665): Package com.jio.overlay.common does not have legacy storage
01-01 00:00:02.485 V/StorageManagerService(  665): Package com.jio.backgroundscheduler does not have legacy storage
01-01 00:00:02.485 V/StorageManagerService(  665): Package com.jio.mymusic.app has legacy storage
01-01 00:00:02.485 V/StorageManagerService(  665): Package com.jio.screensaver does not have legacy storage
01-01 00:00:02.485 V/StorageManagerService(  665): Package com.android.networkstack.permissionconfig does not have legacy storage
01-01 00:00:02.485 V/StorageManagerService(  665): Package com.rjl.mobileremote.receiver does not have legacy storage
01-01 00:00:02.485 V/StorageManagerService(  665): Package com.android.cts.ctsshim does not have legacy storage
01-01 00:00:02.485 V/StorageManagerService(  665): Package com.iwedia.bluetoothconnectionservice does not have legacy storage
01-01 00:00:02.485 V/StorageManagerService(  665): Package com.droidlogic.wifion does not have legacy storage
01-01 00:00:02.485 V/StorageManagerService(  665): Package com.jio.remote.btserver does not have legacy storage
01-01 00:00:02.485 V/StorageManagerService(  665): Package com.jio.dialserver does not have legacy storage
01-01 00:00:02.485 V/StorageManagerService(  665): Package com.aksys.jiogamepad does not have legacy storage
01-01 00:00:02.485 V/StorageManagerService(  665): Package com.jio.stb.catv does not have legacy storage
01-01 00:00:02.485 V/StorageManagerService(  665): Package com.android.vpndialogs does not have legacy storage
01-01 00:00:02.486 V/StorageManagerService(  665): Package com.jio.appoptimizer does not have legacy storage
01-01 00:00:02.486 V/StorageManagerService(  665): Package com.jiostb.fti does not have legacy storage
01-01 00:00:02.486 V/StorageManagerService(  665): Package com.android.music does not have legacy storage
01-01 00:00:02.486 V/StorageManagerService(  665): Package com.android.shell has legacy storage
01-01 00:00:02.486 V/StorageManagerService(  665): Package com.jio.adc.embedded does not have legacy storage
01-01 00:00:02.486 V/StorageManagerService(  665): Package com.android.wallpaperbackup does not have legacy storage
01-01 00:00:02.486 V/StorageManagerService(  665): Package com.jio.stb.rcuupdate does not have legacy storage
01-01 00:00:02.486 V/StorageManagerService(  665): Package com.jio.bioscopecontentservice does not have legacy storage
01-01 00:00:02.486 V/StorageManagerService(  665): Package com.android.providers.userdictionary does not have legacy storage
01-01 00:00:02.486 V/StorageManagerService(  665): Package com.android.providers.media.module has legacy storage
01-01 00:00:02.486 V/StorageManagerService(  665): Package com.android.hotspot2.osulogin does not have legacy storage
01-01 00:00:02.486 V/StorageManagerService(  665): Package com.media.jio.sso.stb does not have legacy storage
01-01 00:00:02.486 V/StorageManagerService(  665): Package com.jio.media.stb.ondemand does not have legacy storage
01-01 00:00:02.486 V/StorageManagerService(  665): Package com.android.location.fused does not have legacy storage
01-01 00:00:02.486 V/StorageManagerService(  665): Package com.android.deskclock has legacy storage
01-01 00:00:02.486 V/StorageManagerService(  665): Package com.android.systemui has legacy storage
01-01 00:00:02.486 V/StorageManagerService(  665): Package com.bluebank.resetservice does not have legacy storage
01-01 00:00:02.487 V/StorageManagerService(  665): Package com.android.bluetoothmidiservice does not have legacy storage
01-01 00:00:02.487 V/StorageManagerService(  665): Package com.android.permissioncontroller does not have legacy storage
01-01 00:00:02.487 V/StorageManagerService(  665): Package com.android.traceur does not have legacy storage
01-01 00:00:02.487 V/StorageManagerService(  665): Package android.auto_generated_rro_product__ does not have legacy storage
01-01 00:00:02.490 V/StorageManagerService(  665): Package com.android.bluetooth does not have legacy storage
01-01 00:00:02.520 V/StorageManagerService(  665): Package com.android.providers.contacts does not have legacy storage
01-01 00:00:02.520 V/StorageManagerService(  665): Package com.jiostb.jiogames does not have legacy storage
01-01 00:00:02.520 V/StorageManagerService(  665): Package com.rjil.podlogservice does not have legacy storage
01-01 00:00:02.520 V/StorageManagerService(  665): Package com.android.captiveportallogin does not have legacy storage
01-01 00:00:02.520 V/StorageManagerService(  665): Package com.droidlogic.overlay does not have legacy storage
01-01 00:00:02.520 V/StorageManagerService(  665): Package android.auto_generated_rro_vendor__ does not have legacy storage
01-01 00:00:02.521 D/SystemServerTiming(  665): ssm.onStartUser-0_com.android.server.StorageManagerService$Lifecycle took to complete: 46ms
01-01 00:00:02.521 I/SystemServerTiming(  665): ssm.onStartUser-0_com.android.server.usage.StorageStatsService$Lifecycle
01-01 00:00:02.521 D/SystemServerTiming(  665): ssm.onStartUser-0_com.android.server.usage.StorageStatsService$Lifecycle took to complete: 0ms
01-01 00:00:02.521 I/SystemServerTiming(  665): ssm.onStartUser-0_com.android.server.UiModeManagerService
01-01 00:00:02.521 D/SystemServerTiming(  665): ssm.onStartUser-0_com.android.server.UiModeManagerService took to complete: 0ms
01-01 00:00:02.521 I/SystemServerTiming(  665): ssm.onStartUser-0_com.android.server.locksettings.LockSettingsService$Lifecycle
01-01 00:00:02.521 D/SystemServerTiming(  665): ssm.onStartUser-0_com.android.server.locksettings.LockSettingsService$Lifecycle took to complete: 0ms
01-01 00:00:02.521 I/SystemServerTiming(  665): ssm.onStartUser-0_com.android.server.PersistentDataBlockService
01-01 00:00:02.521 D/SystemServerTiming(  665): ssm.onStartUser-0_com.android.server.PersistentDataBlockService took to complete: 0ms
01-01 00:00:02.521 I/SystemServerTiming(  665): ssm.onStartUser-0_com.android.server.testharness.TestHarnessModeService
01-01 00:00:02.521 D/SystemServerTiming(  665): ssm.onStartUser-0_com.android.server.testharness.TestHarnessModeService took to complete: 0ms
01-01 00:00:02.521 I/SystemServerTiming(  665): ssm.onStartUser-0_com.android.server.oemlock.OemLockService
01-01 00:00:02.521 D/SystemServerTiming(  665): ssm.onStartUser-0_com.android.server.oemlock.OemLockService took to complete: 0ms
01-01 00:00:02.521 I/SystemServerTiming(  665): ssm.onStartUser-0_com.android.server.DeviceIdleController
01-01 00:00:02.521 D/SystemServerTiming(  665): ssm.onStartUser-0_com.android.server.DeviceIdleController took to complete: 0ms
01-01 00:00:02.521 I/SystemServerTiming(  665): ssm.onStartUser-0_com.android.server.devicepolicy.DevicePolicyManagerService$Lifecycle
01-01 00:00:02.521 D/SystemServerTiming(  665): ssm.onStartUser-0_com.android.server.devicepolicy.DevicePolicyManagerService$Lifecycle took to complete: 0ms
01-01 00:00:02.521 I/SystemServerTiming(  665): ssm.onStartUser-0_com.android.server.textservices.TextServicesManagerService$Lifecycle
01-01 00:00:02.521 D/SystemServerTiming(  665): ssm.onStartUser-0_com.android.server.textservices.TextServicesManagerService$Lifecycle took to complete: 0ms
01-01 00:00:02.522 I/SystemServerTiming(  665): ssm.onStartUser-0_com.android.server.textclassifier.TextClassificationManagerService$Lifecycle
01-01 00:00:02.522 D/SystemServerTiming(  665): ssm.onStartUser-0_com.android.server.textclassifier.TextClassificationManagerService$Lifecycle took to complete: 1ms
01-01 00:00:02.522 I/SystemServerTiming(  665): ssm.onStartUser-0_com.android.server.NetworkScoreService$Lifecycle
01-01 00:00:02.522 D/SystemServerTiming(  665): ssm.onStartUser-0_com.android.server.NetworkScoreService$Lifecycle took to complete: 0ms
01-01 00:00:02.522 I/SystemServerTiming(  665): ssm.onStartUser-0_com.android.server.wifi.WifiService
01-01 00:00:02.522 D/SystemServerTiming(  665): ssm.onStartUser-0_com.android.server.wifi.WifiService took to complete: 0ms
01-01 00:00:02.522 I/SystemServerTiming(  665): ssm.onStartUser-0_com.android.server.wifi.scanner.WifiScanningService
01-01 00:00:02.522 D/SystemServerTiming(  665): ssm.onStartUser-0_com.android.server.wifi.scanner.WifiScanningService took to complete: 0ms
01-01 00:00:02.522 I/SystemServerTiming(  665): ssm.onStartUser-0_com.android.server.wifi.p2p.WifiP2pService
01-01 00:00:02.523 D/SystemServerTiming(  665): ssm.onStartUser-0_com.android.server.wifi.p2p.WifiP2pService took to complete: 0ms
01-01 00:00:02.523 I/SystemServerTiming(  665): ssm.onStartUser-0_com.android.server.ethernet.EthernetService
01-01 00:00:02.523 D/SystemServerTiming(  665): ssm.onStartUser-0_com.android.server.ethernet.EthernetService took to complete: 0ms
01-01 00:00:02.523 I/SystemServerTiming(  665): ssm.onStartUser-0_com.android.server.notification.NotificationManagerService
01-01 00:00:02.523 D/SystemServerTiming(  665): ssm.onStartUser-0_com.android.server.notification.NotificationManagerService took to complete: 0ms
01-01 00:00:02.523 I/SystemServerTiming(  665): ssm.onStartUser-0_com.android.server.storage.DeviceStorageMonitorService
01-01 00:00:02.523 D/SystemServerTiming(  665): ssm.onStartUser-0_com.android.server.storage.DeviceStorageMonitorService took to complete: 0ms
01-01 00:00:02.523 I/SystemServerTiming(  665): ssm.onStartUser-0_com.android.server.location.LocationManagerService$Lifecycle
01-01 00:00:02.523 D/SystemServerTiming(  665): ssm.onStartUser-0_com.android.server.location.LocationManagerService$Lifecycle took to complete: 0ms
01-01 00:00:02.523 I/SystemServerTiming(  665): ssm.onStartUser-0_com.android.server.timedetector.TimeDetectorService$Lifecycle
01-01 00:00:02.523 D/SystemServerTiming(  665): ssm.onStartUser-0_com.android.server.timedetector.TimeDetectorService$Lifecycle took to complete: 0ms
01-01 00:00:02.523 I/SystemServerTiming(  665): ssm.onStartUser-0_com.android.server.timezonedetector.TimeZoneDetectorService$Lifecycle
01-01 00:00:02.523 D/SystemServerTiming(  665): ssm.onStartUser-0_com.android.server.timezonedetector.TimeZoneDetectorService$Lifecycle took to complete: 0ms
01-01 00:00:02.523 I/SystemServerTiming(  665): ssm.onStartUser-0_com.android.server.search.SearchManagerService$Lifecycle
01-01 00:00:02.523 D/SystemServerTiming(  665): ssm.onStartUser-0_com.android.server.search.SearchManagerService$Lifecycle took to complete: 0ms
01-01 00:00:02.524 I/SystemServerTiming(  665): ssm.onStartUser-0_com.android.server.wallpaper.WallpaperManagerService$Lifecycle
01-01 00:00:02.524 D/SystemServerTiming(  665): ssm.onStartUser-0_com.android.server.wallpaper.WallpaperManagerService$Lifecycle took to complete: 0ms
01-01 00:00:02.524 I/SystemServerTiming(  665): ssm.onStartUser-0_com.android.server.audio.AudioService$Lifecycle
01-01 00:00:02.524 D/SystemServerTiming(  665): ssm.onStartUser-0_com.android.server.audio.AudioService$Lifecycle took to complete: 0ms
01-01 00:00:02.524 I/SystemServerTiming(  665): ssm.onStartUser-0_com.android.server.soundtrigger_middleware.SoundTriggerMiddlewareService$Lifecycle
01-01 00:00:02.524 D/SystemServerTiming(  665): ssm.onStartUser-0_com.android.server.soundtrigger_middleware.SoundTriggerMiddlewareService$Lifecycle took to complete: 0ms
01-01 00:00:02.524 I/SystemServerTiming(  665): ssm.onStartUser-0_com.android.server.DockObserver
01-01 00:00:02.524 D/SystemServerTiming(  665): ssm.onStartUser-0_com.android.server.DockObserver took to complete: 0ms
01-01 00:00:02.524 I/SystemServerTiming(  665): ssm.onStartUser-0_com.android.server.midi.MidiService$Lifecycle
01-01 00:00:02.524 D/SystemServerTiming(  665): ssm.onStartUser-0_com.android.server.midi.MidiService$Lifecycle took to complete: 0ms
01-01 00:00:02.524 I/SystemServerTiming(  665): ssm.onStartUser-0_com.android.server.adb.AdbService$Lifecycle
01-01 00:00:02.524 D/SystemServerTiming(  665): ssm.onStartUser-0_com.android.server.adb.AdbService$Lifecycle took to complete: 0ms
01-01 00:00:02.524 I/SystemServerTiming(  665): ssm.onStartUser-0_com.android.server.usb.UsbService$Lifecycle
01-01 00:00:02.524 D/SystemServerTiming(  665): ssm.onStartUser-0_com.android.server.usb.UsbService$Lifecycle took to complete: 0ms
01-01 00:00:02.524 I/SystemServerTiming(  665): ssm.onStartUser-0_com.android.server.twilight.TwilightService
01-01 00:00:02.524 D/SystemServerTiming(  665): ssm.onStartUser-0_com.android.server.twilight.TwilightService took to complete: 0ms
01-01 00:00:02.524 I/SystemServerTiming(  665): ssm.onStartUser-0_com.android.server.display.color.ColorDisplayService
01-01 00:00:02.524 D/SystemServerTiming(  665): ssm.onStartUser-0_com.android.server.display.color.ColorDisplayService took to complete: 0ms
01-01 00:00:02.524 I/SystemServerTiming(  665): ssm.onStartUser-0_com.android.server.job.JobSchedulerService
01-01 00:00:02.524 D/SystemServerTiming(  665): ssm.onStartUser-0_com.android.server.job.JobSchedulerService took to complete: 0ms
01-01 00:00:02.524 I/SystemServerTiming(  665): ssm.onStartUser-0_com.android.server.soundtrigger.SoundTriggerService
01-01 00:00:02.524 D/SystemServerTiming(  665): ssm.onStartUser-0_com.android.server.soundtrigger.SoundTriggerService took to complete: 0ms
01-01 00:00:02.524 I/SystemServerTiming(  665): ssm.onStartUser-0_com.android.server.trust.TrustManagerService
01-01 00:00:02.524 D/SystemServerTiming(  665): ssm.onStartUser-0_com.android.server.trust.TrustManagerService took to complete: 0ms
01-01 00:00:02.524 I/SystemServerTiming(  665): ssm.onStartUser-0_com.android.server.backup.BackupManagerService$Lifecycle
01-01 00:00:02.524 D/SystemServerTiming(  665): ssm.onStartUser-0_com.android.server.backup.BackupManagerService$Lifecycle took to complete: 0ms
01-01 00:00:02.524 I/SystemServerTiming(  665): ssm.onStartUser-0_com.android.server.appwidget.AppWidgetService
01-01 00:00:02.524 D/SystemServerTiming(  665): ssm.onStartUser-0_com.android.server.appwidget.AppWidgetService took to complete: 0ms
01-01 00:00:02.525 I/SystemServerTiming(  665): ssm.onStartUser-0_com.android.server.role.RoleManagerService
01-01 00:00:02.529 D/SystemServerTiming(  665): ssm.onStartUser-0_com.android.server.role.RoleManagerService took to complete: 4ms
01-01 00:00:02.529 I/SystemServerTiming(  665): ssm.onStartUser-0_com.android.server.voiceinteraction.VoiceInteractionManagerService
01-01 00:00:02.530 D/SystemServerTiming(  665): ssm.onStartUser-0_com.android.server.voiceinteraction.VoiceInteractionManagerService took to complete: 1ms
01-01 00:00:02.530 I/SystemServerTiming(  665): ssm.onStartUser-0_com.android.server.GestureLauncherService
01-01 00:00:02.530 D/SystemServerTiming(  665): ssm.onStartUser-0_com.android.server.GestureLauncherService took to complete: 0ms
01-01 00:00:02.530 I/SystemServerTiming(  665): ssm.onStartUser-0_com.android.server.SensorNotificationService
01-01 00:00:02.530 D/SystemServerTiming(  665): ssm.onStartUser-0_com.android.server.SensorNotificationService took to complete: 0ms
01-01 00:00:02.530 I/SystemServerTiming(  665): ssm.onStartUser-0_com.android.server.emergency.EmergencyAffordanceService
01-01 00:00:02.530 D/SystemServerTiming(  665): ssm.onStartUser-0_com.android.server.emergency.EmergencyAffordanceService took to complete: 0ms
01-01 00:00:02.530 I/SystemServerTiming(  665): ssm.onStartUser-0_com.android.server.dreams.DreamManagerService
01-01 00:00:02.530 D/SystemServerTiming(  665): ssm.onStartUser-0_com.android.server.dreams.DreamManagerService took to complete: 0ms
01-01 00:00:02.530 I/SystemServerTiming(  665): ssm.onStartUser-0_com.android.server.restrictions.RestrictionsManagerService
01-01 00:00:02.530 D/SystemServerTiming(  665): ssm.onStartUser-0_com.android.server.restrictions.RestrictionsManagerService took to complete: 0ms
01-01 00:00:02.530 I/SystemServerTiming(  665): ssm.onStartUser-0_com.android.server.media.MediaSessionService
01-01 00:00:02.531 D/SystemServerTiming(  665): ssm.onStartUser-0_com.android.server.media.MediaSessionService took to complete: 0ms
01-01 00:00:02.531 I/SystemServerTiming(  665): ssm.onStartUser-0_com.android.server.blob.BlobStoreManagerService
01-01 00:00:02.531 D/SystemServerTiming(  665): ssm.onStartUser-0_com.android.server.blob.BlobStoreManagerService took to complete: 0ms
01-01 00:00:02.531 I/SystemServerTiming(  665): ssm.onStartUser-0_com.android.server.hdmi.HdmiControlService
01-01 00:00:02.531 D/SystemServerTiming(  665): ssm.onStartUser-0_com.android.server.hdmi.HdmiControlService took to complete: 0ms
01-01 00:00:02.531 I/SystemServerTiming(  665): ssm.onStartUser-0_com.android.server.tv.TvInputManagerService
01-01 00:00:02.531 D/SystemServerTiming(  665): ssm.onStartUser-0_com.android.server.tv.TvInputManagerService took to complete: 0ms
01-01 00:00:02.531 I/SystemServerTiming(  665): ssm.onStartUser-0_com.android.server.media.MediaResourceMonitorService
01-01 00:00:02.531 D/SystemServerTiming(  665): ssm.onStartUser-0_com.android.server.media.MediaResourceMonitorService took to complete: 0ms
01-01 00:00:02.531 I/SystemServerTiming(  665): ssm.onStartUser-0_com.android.server.tv.TvRemoteService
01-01 00:00:02.531 D/SystemServerTiming(  665): ssm.onStartUser-0_com.android.server.tv.TvRemoteService took to complete: 0ms
01-01 00:00:02.531 I/SystemServerTiming(  665): ssm.onStartUser-0_com.android.server.biometrics.BiometricService
01-01 00:00:02.531 D/SystemServerTiming(  665): ssm.onStartUser-0_com.android.server.biometrics.BiometricService took to complete: 0ms
01-01 00:00:02.531 I/SystemServerTiming(  665): ssm.onStartUser-0_com.android.server.biometrics.AuthService
01-01 00:00:02.531 D/SystemServerTiming(  665): ssm.onStartUser-0_com.android.server.biometrics.AuthService took to complete: 0ms
01-01 00:00:02.531 I/SystemServerTiming(  665): ssm.onStartUser-0_com.android.server.pm.ShortcutService$Lifecycle
01-01 00:00:02.531 D/SystemServerTiming(  665): ssm.onStartUser-0_com.android.server.pm.ShortcutService$Lifecycle took to complete: 0ms
01-01 00:00:02.531 I/SystemServerTiming(  665): ssm.onStartUser-0_com.android.server.pm.LauncherAppsService
01-01 00:00:02.531 D/SystemServerTiming(  665): ssm.onStartUser-0_com.android.server.pm.LauncherAppsService took to complete: 0ms
01-01 00:00:02.531 I/SystemServerTiming(  665): ssm.onStartUser-0_com.android.server.pm.CrossProfileAppsService
01-01 00:00:02.531 D/SystemServerTiming(  665): ssm.onStartUser-0_com.android.server.pm.CrossProfileAppsService took to complete: 0ms
01-01 00:00:02.531 I/SystemServerTiming(  665): ssm.onStartUser-0_com.android.server.people.PeopleService
01-01 00:00:02.531 D/SystemServerTiming(  665): ssm.onStartUser-0_com.android.server.people.PeopleService took to complete: 0ms
01-01 00:00:02.531 I/SystemServerTiming(  665): ssm.onStartUser-0_com.android.server.media.projection.MediaProjectionManagerService
01-01 00:00:02.531 D/SystemServerTiming(  665): ssm.onStartUser-0_com.android.server.media.projection.MediaProjectionManagerService took to complete: 0ms
01-01 00:00:02.531 I/SystemServerTiming(  665): ssm.onStartUser-0_com.android.server.slice.SliceManagerService$Lifecycle
01-01 00:00:02.531 D/SystemServerTiming(  665): ssm.onStartUser-0_com.android.server.slice.SliceManagerService$Lifecycle took to complete: 0ms
01-01 00:00:02.531 I/SystemServerTiming(  665): ssm.onStartUser-0_com.android.server.camera.CameraServiceProxy
01-01 00:00:02.534 D/SystemServerTiming(  665): ssm.onStartUser-0_com.android.server.camera.CameraServiceProxy took to complete: 3ms
01-01 00:00:02.534 I/SystemServerTiming(  665): ssm.onStartUser-0_com.android.server.stats.StatsCompanion$Lifecycle
01-01 00:00:02.534 D/SystemServerTiming(  665): ssm.onStartUser-0_com.android.server.stats.StatsCompanion$Lifecycle took to complete: 0ms
01-01 00:00:02.534 I/SystemServerTiming(  665): ssm.onStartUser-0_com.android.server.stats.pull.StatsPullAtomService
01-01 00:00:02.534 D/SystemServerTiming(  665): ssm.onStartUser-0_com.android.server.stats.pull.StatsPullAtomService took to complete: 0ms
01-01 00:00:02.534 I/SystemServerTiming(  665): ssm.onStartUser-0_com.android.server.incident.IncidentCompanionService
01-01 00:00:02.534 D/SystemServerTiming(  665): ssm.onStartUser-0_com.android.server.incident.IncidentCompanionService took to complete: 0ms
01-01 00:00:02.534 I/SystemServerTiming(  665): ssm.onStartUser-0_com.android.server.MmsServiceBroker
01-01 00:00:02.534 D/SystemServerTiming(  665): ssm.onStartUser-0_com.android.server.MmsServiceBroker took to complete: 0ms
01-01 00:00:02.534 I/SystemServerTiming(  665): ssm.onStartUser-0_com.android.server.autofill.AutofillManagerService
01-01 00:00:02.534 D/SystemServerTiming(  665): ssm.onStartUser-0_com.android.server.autofill.AutofillManagerService took to complete: 0ms
01-01 00:00:02.534 I/SystemServerTiming(  665): ssm.onStartUser-0_com.android.server.clipboard.ClipboardService
01-01 00:00:02.534 D/SystemServerTiming(  665): ssm.onStartUser-0_com.android.server.clipboard.ClipboardService took to complete: 0ms
01-01 00:00:02.534 I/SystemServerTiming(  665): ssm.onStartUser-0_com.android.server.appbinding.AppBindingService$Lifecycle
01-01 00:00:02.535 W/AppBindingService(  665): [Default SMS app] u0 Target package not found
01-01 00:00:02.535 D/SystemServerTiming(  665): ssm.onStartUser-0_com.android.server.appbinding.AppBindingService$Lifecycle took to complete: 1ms
01-01 00:00:02.535 I/SystemServerTiming(  665): ssm.onStartUser-0_com.android.server.policy.PermissionPolicyService
01-01 00:00:02.561 E/android.hardware.wifi@1.0-service.droidlogic(  427): sdio class id: 0xa822
01-01 00:00:02.682 E/android.hardware.wifi@1.0-service.droidlogic(  427): found the match  bt is: rtl8822es
01-01 00:00:02.682 E/android.hardware.wifi@1.0-service.droidlogic(  427): found the match  wifi is: rtl8822es
01-01 00:00:02.688 D/SystemServerTiming(  665): startHomeOnAllDisplays took to complete: 148ms
01-01 00:00:02.688 I/SystemServerTiming(  665): showSystemReadyErrorDialogs
01-01 00:00:02.703 W/StorageManagerService(  665): No primary storage defined yet; hacking together a stub
01-01 00:00:02.825 D/SystemServerTiming(  665): showSystemReadyErrorDialogs took to complete: 137ms
01-01 00:00:02.826 I/SystemServerTiming(  665): sendUserStartBroadcast
01-01 00:00:02.826 D/SystemServerTiming(  665): sendUserStartBroadcast took to complete: 0ms
01-01 00:00:02.826 I/SystemServerTiming(  665): resumeTopActivities
01-01 00:00:02.827 D/SystemServerTiming(  665): resumeTopActivities took to complete: 1ms
01-01 00:00:02.828 I/SystemServerTiming(  665): sendUserSwitchBroadcasts
01-01 00:00:02.830 D/SystemServerTiming(  665): sendUserSwitchBroadcasts took to complete: 2ms
01-01 00:00:02.830 I/SystemServerTiming(  665): setBinderProxies
01-01 00:00:02.831 D/SystemServerTiming(  665): setBinderProxies took to complete: 0ms
01-01 00:00:02.831 D/SystemServerTiming(  665): ActivityManagerStartApps took to complete: 360ms
01-01 00:00:02.831 D/SystemServerTiming(  665): PhaseActivityManagerReady took to complete: 807ms
01-01 00:00:02.831 D/SystemServerTiming(  665): startOtherServices took to complete: 3007ms
01-01 00:00:02.894 V/BootAnimation(  371): Hotplug received
01-01 00:00:02.895 V/BootAnimation(  371): Hotplug received
01-01 00:00:02.920 D/SystemServerTiming(  665): StartServices took to complete: 5494ms
01-01 00:00:02.931 W/ActivityManager(  665): Slow operation: 99ms so far, now at attachApplicationLocked: after mServices.attachApplicationLocked
01-01 00:00:02.933 W/ActivityManager(  665): Slow operation: 475ms so far, now at startProcess: done updating battery stats
01-01 00:00:02.934 W/ActivityManager(  665): Slow operation: 475ms so far, now at startProcess: building log message
01-01 00:00:02.934 I/ActivityManager(  665): Start proc 911:com.android.networkstack.process/1073 for service {com.android.networkstack/com.android.server.NetworkStackService}
01-01 00:00:02.934 W/ActivityManager(  665): Slow operation: 476ms so far, now at startProcess: starting to update pids map
01-01 00:00:02.934 W/ActivityManager(  665): Slow operation: 476ms so far, now at startProcess: done updating pids map
01-01 00:00:02.943 I/ActivityManager(  665): Process WebViewLoader-armeabi-v7a (pid 850) has died: psvc PER 
01-01 00:00:02.954 W/ActivityManager(  665): Slow operation: 417ms so far, now at startProcess: asking zygote to start proc
01-01 00:00:02.973 D/LocalDisplayAdapter(  665): New display modes are added and the active mode has changed, use active mode as default mode.
01-01 00:00:02.973 W/LocalDisplayAdapter(  665): DisplayModeSpecs base mode no longer available, using currently active mode.
01-01 00:00:02.980 W/Looper  (  665): Slow delivery took 3150ms main h=android.app.ActivityThread$H c=null m=156
01-01 00:00:02.985 D/ConditionProviders.SCP(  665): onConnected
01-01 00:00:02.987 W/ActivityManager(  665): Slow operation: 450ms so far, now at startProcess: returned from zygote!
01-01 00:00:02.992 W/ActivityManager(  665): Slow operation: 456ms so far, now at startProcess: done updating battery stats
01-01 00:00:02.993 W/ActivityManager(  665): Slow operation: 456ms so far, now at startProcess: building log message
01-01 00:00:02.993 I/ActivityManager(  665): Start proc 990:com.jiostb.inactivitytimer/1000 for added application com.jiostb.inactivitytimer
01-01 00:00:02.993 W/ActivityManager(  665): Slow operation: 457ms so far, now at startProcess: starting to update pids map
01-01 00:00:02.993 W/ActivityManager(  665): Slow operation: 457ms so far, now at startProcess: done updating pids map
01-01 00:00:02.993 W/ActivityManager(  665): Slow operation: 456ms so far, now at startProcess: asking zygote to start proc
01-01 00:00:03.022 D/ConditionProviders(  665): Subscribing to condition://android/event?userId=-10000&calendar=&reply=1 with ComponentInfo{android/com.android.server.notification.EventConditionProvider}
01-01 00:00:03.023 D/ConditionProviders(  665): Subscribing to condition://android/schedule?days=1.2.3.4.5.6.7&start=22.0&end=7.0&exitAtAlarm=true with ComponentInfo{android/com.android.server.notification.ScheduleConditionProvider}
01-01 00:00:03.032 V/BootAnimation(  371): Hotplug received
01-01 00:00:03.062 D/CompatibilityChangeReporter(  665): Compat change id reported: 135634846; UID 10064; state: DISABLED
01-01 00:00:03.068 W/ActivityManager(  665): Slow operation: 531ms so far, now at startProcess: returned from zygote!
01-01 00:00:03.068 W/ActivityManager(  665): Slow operation: 531ms so far, now at startProcess: done updating battery stats
01-01 00:00:03.068 W/ActivityManager(  665): Slow operation: 531ms so far, now at startProcess: building log message
01-01 00:00:03.068 I/ActivityManager(  665): Start proc 1012:com.droidlogic/1000 for added application com.droidlogic
01-01 00:00:03.068 W/ActivityManager(  665): Slow operation: 531ms so far, now at startProcess: starting to update pids map
01-01 00:00:03.069 W/ActivityManager(  665): Slow operation: 532ms so far, now at startProcess: done updating pids map
01-01 00:00:03.069 W/ActivityManager(  665): Slow operation: 530ms so far, now at startProcess: asking zygote to start proc
01-01 00:00:03.090 D/AudioService(  665): cec status change enabled=false available=false
01-01 00:00:03.091 I/AudioService(  665): TV, no CEC: setting HDMI as regular vol device
01-01 00:00:03.106 D/PackageWatchdog(  665): Getting all observed packages pending health checks
01-01 00:00:03.106 I/PackageWatchdog(  665): Syncing health check requests for packages: {}
01-01 00:00:03.127 I/ExplicitHealthCheckController(  665): Service not ready to get health check supported packages. Binding...
01-01 00:00:03.130 W/ActivityManager(  665): Slow operation: 591ms so far, now at startProcess: returned from zygote!
01-01 00:00:03.132 I/ExplicitHealthCheckController(  665): Explicit health check service is bound
01-01 00:00:03.132 W/ActivityManager(  665): Slow operation: 593ms so far, now at startProcess: done updating battery stats
01-01 00:00:03.132 W/ActivityManager(  665): Slow operation: 593ms so far, now at startProcess: building log message
01-01 00:00:03.132 I/ActivityManager(  665): Start proc 1033:com.android.se/1068 for added application com.android.se
01-01 00:00:03.132 W/ActivityManager(  665): Slow operation: 593ms so far, now at startProcess: starting to update pids map
01-01 00:00:03.133 W/ActivityManager(  665): Slow operation: 593ms so far, now at startProcess: done updating pids map
01-01 00:00:03.133 W/ActivityManager(  665): Slow operation: 592ms so far, now at startProcess: asking zygote to start proc
01-01 00:00:03.168 I/DisplayManagerService(  665): Display device changed: DisplayDeviceInfo{"Built-in Screen": uniqueId="local:0", 1920 x 1080, modeId 2, defaultModeId 2, supportedModes [{id=2, width=1920, height=1080, fps=59.94006}], colorMode 0, supportedColorModes [0], HdrCapabilities HdrCapabilities{mSupportedHdrTypes=[], mMaxLuminance=500.0, mMaxAverageLuminance=500.0, mMinLuminance=0.0}, allmSupported true, gameContentTypeSupported false, density 320, 101.6 x 101.6 dpi, appVsyncOff 1000000, presDeadline 16683333, touch INTERNAL, rotation 0, type INTERNAL, address {port=0}, deviceProductInfo null, state ON, FLAG_DEFAULT_DISPLAY, FLAG_ROTATES_WITH_CONTENT, FLAG_SECURE, FLAG_SUPPORTS_PROTECTED_BUFFERS}
01-01 00:00:03.178 E/android.hardware.wifi@1.0-service.droidlogic(  427): check loading wifi driver is ok...
01-01 00:00:03.178 E/android.hardware.wifi@1.0-service.droidlogic(  427): driver loaded
01-01 00:00:03.184 W/ActivityManager(  665): Slow operation: 643ms so far, now at startProcess: returned from zygote!
01-01 00:00:03.184 I/android.hardware.wifi@1.0-service.droidlogic(  427): Wifi HAL started
01-01 00:00:03.195 W/LocalDisplayAdapter(  665): Ignoring request for invalid base mode id 1
01-01 00:00:03.195 W/ActivityManager(  665): Slow operation: 655ms so far, now at startProcess: done updating battery stats
01-01 00:00:03.195 W/ActivityManager(  665): Slow operation: 655ms so far, now at startProcess: building log message
01-01 00:00:03.195 I/ActivityManager(  665): Start proc 1058:com.jiostb.fti/1000 for added application com.jiostb.fti
01-01 00:00:03.195 W/ActivityManager(  665): Slow operation: 655ms so far, now at startProcess: starting to update pids map
01-01 00:00:03.200 W/ActivityManager(  665): Slow operation: 660ms so far, now at startProcess: done updating pids map
01-01 00:00:03.200 W/ActivityManager(  665): Slow operation: 254ms so far, now at startProcess: asking zygote to start proc
01-01 00:00:03.247 W/ActivityManager(  665): Slow operation: 301ms so far, now at startProcess: returned from zygote!
01-01 00:00:03.247 W/ActivityManager(  665): Slow operation: 301ms so far, now at startProcess: done updating battery stats
01-01 00:00:03.248 W/ActivityManager(  665): Slow operation: 301ms so far, now at startProcess: building log message
01-01 00:00:03.248 I/ActivityManager(  665): Start proc 1081:com.android.tv.settings/1000 for top-activity {com.android.tv.settings/com.android.tv.settings.system.FallbackHome}
01-01 00:00:03.248 W/ActivityManager(  665): Slow operation: 301ms so far, now at startProcess: starting to update pids map
01-01 00:00:03.248 W/ActivityManager(  665): Slow operation: 302ms so far, now at startProcess: done updating pids map
01-01 00:00:03.248 W/ActivityManager(  665): Slow operation: 190ms so far, now at startProcess: asking zygote to start proc
01-01 00:00:03.248 D/CompatibilityChangeReporter(  665): Compat change id reported: 143937733; UID 10064; state: ENABLED
01-01 00:00:03.269 I/ActivityManager(  665): Notify Jio SDK Service on crash event
01-01 00:00:03.270 I/DropBoxManagerService(  665): add tag=system_app_wtf isTagEnabled=true flags=0x2
01-01 00:00:03.300 D/ConnectivityService(  665): requestNetwork for uid/pid:1073/911 NetworkRequest [ TRACK_DEFAULT id=9, [ Capabilities: INTERNET&NOT_RESTRICTED&TRUSTED Uid: 1073 AdministratorUids: [] RequestorUid: 1073 RequestorPackageName: com.android.networkstack] ]
01-01 00:00:03.301 D/ConnectivityService(  665): NetReassign [no changes]
01-01 00:00:03.303 W/ActivityManager(  665): Receiver with filter android.content.IntentFilter@7bba18 already registered for pid 820, callerPackage is com.android.systemui
01-01 00:00:03.309 D/ConnectivityService(  665): NetReassign [no changes]
01-01 00:00:03.335 D/ActivityTaskManager(  665): JioHomeManagerService :: ActivityRecord :: setState :: StateFrom :: INITIALIZING StateTo :: RESUMED 
01-01 00:00:03.377 W/ActivityManager(  665): Slow operation: 319ms so far, now at startProcess: returned from zygote!
01-01 00:00:03.379 W/Looper  (  665): Slow dispatch took 240ms main h=android.app.ActivityThread$H c=null m=114
01-01 00:00:03.383 W/ActivityManager(  665): Slow operation: 325ms so far, now at startProcess: done updating battery stats
01-01 00:00:03.383 W/ActivityManager(  665): Slow operation: 325ms so far, now at startProcess: building log message
01-01 00:00:03.384 I/ActivityManager(  665): Start proc 1121:android.ext.services/u0a64 for service {android.ext.services/android.ext.services.autofill.InlineSuggestionRenderServiceImpl}
01-01 00:00:03.384 W/ActivityManager(  665): Slow operation: 326ms so far, now at startProcess: starting to update pids map
01-01 00:00:03.385 W/ActivityManager(  665): Slow operation: 327ms so far, now at startProcess: done updating pids map
01-01 00:00:03.392 D/ActivityManager(  665): JioHomeManagerService :: StateFrom :: INITIALIZING StateTo :: RESUMED Activity :: com.android.tv.settings/com.android.tv.settings.system.FallbackHome Action :: com.jio.remote.action.applaunch
01-01 00:00:03.404 E/TrustManagerService(  665): EXTRA_USER_HANDLE missing or invalid, value=0
01-01 00:00:03.407 I/ActivityManager(  665): Notify Jio SDK Service on crash event
01-01 00:00:03.413 V/NotificationListeners(  665): enabling notification listener for 0: ComponentInfo{io.appium.settings/io.appium.settings.NLService}
01-01 00:00:03.414 V/NotificationListeners(  665): binding: Intent { act=android.service.notification.NotificationListenerService cmp=io.appium.settings/.NLService (has extras) }
01-01 00:00:03.415 I/DropBoxManagerService(  665): add tag=system_server_wtf isTagEnabled=true flags=0x2
01-01 00:00:03.426 W/ActivityManager(  665): Unable to start service Intent { act=android.service.notification.NotificationListenerService cmp=io.appium.settings/.NLService } U=0: not found
01-01 00:00:03.427 W/NotificationListeners(  665): Unable to bind notification listener service: Intent { act=android.service.notification.NotificationListenerService cmp=io.appium.settings/.NLService (has extras) } in user 0
01-01 00:00:03.428 V/NotificationAssistants(  665): enabling notification assistant for 0: ComponentInfo{android.ext.services/android.ext.services.notification.Assistant}
01-01 00:00:03.430 V/NotificationAssistants(  665): binding: Intent { act=android.service.notification.NotificationAssistantService cmp=android.ext.services/.notification.Assistant (has extras) }
01-01 00:00:03.447 D/CountryDetector(  665): Using custom country detector class: com.android.server.location.ComprehensiveCountryDetector
01-01 00:00:03.539 W/ActivityThread( 1012): Failed to find provider info for android.media.tv (user not unlocked)
01-01 00:00:03.572 I/chatty  ( 1012): uid=1000(system) com.droidlogic identical 2 lines
01-01 00:00:03.587 W/ActivityThread( 1012): Failed to find provider info for android.media.tv (user not unlocked)
01-01 00:00:03.599 V/DigitalSignage(  665): Package Name: null
01-01 00:00:03.599 V/DigitalSignage(  665): Left: 0
01-01 00:00:03.599 V/DigitalSignage(  665): Right: 0
01-01 00:00:03.599 V/DigitalSignage(  665): Top: 0
01-01 00:00:03.599 V/DigitalSignage(  665): Bottom: 0
01-01 00:00:03.599 D/DigitalSignage(  665): else - Package Name :: null left : 0 right :: 0 top :: 0 bottom :: 0 dfu-right :: 1920 dfu-bottom :: 1080
01-01 00:00:03.600 V/DigitalSignage(  665): Package Name: null
01-01 00:00:03.600 V/DigitalSignage(  665): Left: 0
01-01 00:00:03.600 V/DigitalSignage(  665): Right: 0
01-01 00:00:03.600 V/DigitalSignage(  665): Top: 0
01-01 00:00:03.600 V/DigitalSignage(  665): Bottom: 0
01-01 00:00:03.600 D/DigitalSignage(  665): else - Package Name :: null left : 0 right :: 0 top :: 0 bottom :: 0 dfu-right :: 1920 dfu-bottom :: 1080
01-01 00:00:03.605 W/ActivityThread( 1012): Failed to find provider info for android.media.tv (user not unlocked)
01-01 00:00:03.632 I/chatty  ( 1012): uid=1000(system) com.droidlogic identical 2 lines
01-01 00:00:03.645 W/ActivityThread( 1012): Failed to find provider info for android.media.tv (user not unlocked)
01-01 00:00:03.659 D/SystemUIBootTiming(  820): DependencyInjection took to complete: 0ms
01-01 00:00:03.660 W/ActivityThread( 1012): Failed to find provider info for android.media.tv (user not unlocked)
01-01 00:00:03.674 W/ActivityThread( 1012): Failed to find provider info for android.media.tv (user not unlocked)
01-01 00:00:03.682 W/Looper  (  665): Slow dispatch took 246ms main h=android.app.ActivityThread$H c=android.app.-$$Lambda$LoadedApk$ReceiverDispatcher$Args$_BumDX2UKsnxLVrE6UJsJZkotuA@5944429 m=0
01-01 00:00:03.689 W/ActivityThread( 1012): Failed to find provider info for android.media.tv (user not unlocked)
01-01 00:00:03.690 D/ConditionProviders.SCP(  665): onSubscribe condition://android/schedule?days=1.2.3.4.5.6.7&start=22.0&end=7.0&exitAtAlarm=true
01-01 00:00:03.691 D/ConditionProviders.SCP(  665): setRegistered true
01-01 00:00:03.703 W/ActivityThread( 1012): Failed to find provider info for android.media.tv (user not unlocked)
01-01 00:00:03.707 D/ConditionProviders.SCP(  665): evaluateSubscriptionLocked cal=ScheduleCalendar[mDays={1, 2, 3, 4, 5, 6, 7}, mSchedule=ScheduleInfo{days=[1, 2, 3, 4, 5, 6, 7], startHour=22, startMinute=0, endHour=7, endMinute=0, exitAtAlarm=true, nextAlarm=Thu Jan 01 05:30:00 GMT+05:30 1970 (0)}], now=Thu Jan 01 00:00:03 GMT+05:30 2015 (1420050603691), nextUserAlarmTime=Thu Jan 01 05:30:00 GMT+05:30 1970 (0)
01-01 00:00:03.708 D/ConditionProviders.SCP(  665): notifyCondition condition://android/schedule?days=1.2.3.4.5.6.7&start=22.0&end=7.0&exitAtAlarm=true STATE_FALSE reason=snoozed
01-01 00:00:03.710 D/ConditionProviders.SCP(  665): Scheduling evaluate for Thu Jan 01 07:00:00 GMT+05:30 2015 (1420075800000), in +6h59m56s309ms, now=Thu Jan 01 00:00:03 GMT+05:30 2015 (1420050603691)
01-01 00:00:03.713 D/BluetoothManagerService(  665): Bluetooth Adapter name changed to JioSTB00061JioSTB
01-01 00:00:03.713 D/BluetoothManagerService(  665): Stored Bluetooth name: JioSTB00061JioSTB
01-01 00:00:03.716 I/ConnectivityModuleConnector(  665): Networking module service connected
01-01 00:00:03.744 V/DigitalSignage(  665): Package Name: null
01-01 00:00:03.744 V/DigitalSignage(  665): Left: 0
01-01 00:00:03.744 V/DigitalSignage(  665): Right: 0
01-01 00:00:03.744 V/DigitalSignage(  665): Top: 0
01-01 00:00:03.744 V/DigitalSignage(  665): Bottom: 0
01-01 00:00:03.752 D/DigitalSignage(  665): else - Package Name :: null left : 0 right :: 0 top :: 0 bottom :: 0 dfu-right :: 1920 dfu-bottom :: 1080
01-01 00:00:03.753 V/DigitalSignage(  665): Package Name: null
01-01 00:00:03.753 V/DigitalSignage(  665): Left: 0
01-01 00:00:03.753 V/DigitalSignage(  665): Right: 0
01-01 00:00:03.753 V/DigitalSignage(  665): Top: 0
01-01 00:00:03.754 V/DigitalSignage(  665): Bottom: 0
01-01 00:00:03.756 W/ActivityThread( 1012): Failed to find provider info for android.media.tv (user not unlocked)
01-01 00:00:03.756 D/DigitalSignage(  665): else - Package Name :: null left : 0 right :: 0 top :: 0 bottom :: 0 dfu-right :: 1920 dfu-bottom :: 1080
01-01 00:00:03.758 V/DigitalSignage(  665): Package Name: null
01-01 00:00:03.758 V/DigitalSignage(  665): Left: 0
01-01 00:00:03.758 V/DigitalSignage(  665): Right: 0
01-01 00:00:03.758 V/DigitalSignage(  665): Top: 0
01-01 00:00:03.758 V/DigitalSignage(  665): Bottom: 0
01-01 00:00:03.759 D/DigitalSignage(  665): else - Package Name :: null left : 0 right :: 0 top :: 0 bottom :: 0 dfu-right :: 1920 dfu-bottom :: 1080
01-01 00:00:03.766 D/BluetoothManagerService(  665): BluetoothServiceConnection: com.android.bluetooth.btservice.AdapterService
01-01 00:00:03.766 D/BluetoothManagerService(  665): MESSAGE_BLUETOOTH_SERVICE_CONNECTED: 1
01-01 00:00:03.767 I/ActivityManagerTiming(  665): FinishBooting
01-01 00:00:03.769 D/BluetoothManagerService(  665): Broadcasting onBluetoothServiceUp() to 3 receivers.
01-01 00:00:03.771 D/AutofillManagerService(  665): Restriction did not change for user 0
01-01 00:00:03.773 D/SystemUIBootTiming(  820): StartServicescom.android.systemui.util.NotificationChannels took to complete: 72ms
01-01 00:00:03.777 W/ActivityThread( 1012): Failed to find provider info for android.media.tv (user not unlocked)
01-01 00:00:03.783 I/ExplicitHealthCheckController(  665): Explicit health check service is connected ComponentInfo{android.ext.services/android.ext.services.watchdog.ExplicitHealthCheckServiceImpl}
01-01 00:00:03.783 I/ExplicitHealthCheckController(  665): Service initialized, syncing requests
01-01 00:00:03.792 V/DigitalSignage(  665): Package Name: null
01-01 00:00:03.792 V/DigitalSignage(  665): Left: 0
01-01 00:00:03.792 V/DigitalSignage(  665): Right: 0
01-01 00:00:03.792 V/DigitalSignage(  665): Top: 0
01-01 00:00:03.792 V/DigitalSignage(  665): Bottom: 0
01-01 00:00:03.792 D/DigitalSignage(  665): else - Package Name :: null left : 0 right :: 0 top :: 0 bottom :: 0 dfu-right :: 1920 dfu-bottom :: 1080
01-01 00:00:03.800 V/NotificationAssistants(  665): 0 notification assistant service connected: ComponentInfo{android.ext.services/android.ext.services.notification.Assistant}
01-01 00:00:03.801 D/PackageWatchdog(  665): Getting all observed packages pending health checks
01-01 00:00:03.801 I/PackageWatchdog(  665): Syncing health check requests for packages: {}
01-01 00:00:03.801 D/ExplicitHealthCheckController(  665): Getting health check supported packages
01-01 00:00:03.804 W/ActivityThread( 1012): Failed to find provider info for android.media.tv (user not unlocked)
01-01 00:00:03.805 I/ExplicitHealthCheckController(  665): Explicit health check supported packages [PackageConfig{com.android.networkstack, 86400000}]
01-01 00:00:03.805 D/PackageWatchdog(  665): Received supported packages [PackageConfig{com.android.networkstack, 86400000}]
01-01 00:00:03.805 D/ExplicitHealthCheckController(  665): Getting health check requested packages
01-01 00:00:03.806 I/ExplicitHealthCheckController(  665): Explicit health check requested packages []
01-01 00:00:03.807 I/ExplicitHealthCheckController(  665): No more health check requests, unbinding...
01-01 00:00:03.809 I/ExplicitHealthCheckController(  665): Explicit health check service is unbound
01-01 00:00:03.810 D/BluetoothManagerService(  665): MESSAGE_BLUETOOTH_STATE_CHANGE: OFF > BLE_TURNING_ON
01-01 00:00:03.810 D/BluetoothManagerService(  665): Sending BLE State Change: OFF > BLE_TURNING_ON
01-01 00:00:03.815 I/DropBoxManagerService(  665): add tag=system_app_strictmode isTagEnabled=true flags=0x2
01-01 00:00:03.818 W/ActivityThread( 1012): Failed to find provider info for android.media.tv (user not unlocked)
01-01 00:00:03.828 I/DropBoxManagerService(  665): add tag=system_app_strictmode isTagEnabled=true flags=0x2
01-01 00:00:03.842 W/ActivityThread( 1012): Failed to find provider info for android.media.tv (user not unlocked)
01-01 00:00:03.852 I/DropBoxManagerService(  665): add tag=system_app_strictmode isTagEnabled=true flags=0x2
01-01 00:00:03.855 W/ActivityThread( 1012): Failed to find provider info for android.media.tv (user not unlocked)
01-01 00:00:03.867 D/ConnectivityService(  665): requestNetwork for uid/pid:1073/911 NetworkRequest [ REQUEST id=11, [ Capabilities: INTERNET&NOT_RESTRICTED&TRUSTED&NOT_VPN AdministratorUids: [] RequestorUid: 1073 RequestorPackageName: com.android.networkstack] ]
01-01 00:00:03.867 W/ActivityThread(  665): Failed to find provider info for com.android.calendar (user not unlocked)
01-01 00:00:03.868 D/ConnectivityService(  665): NetReassign [no changes]
01-01 00:00:03.873 W/ActivityThread(  665): Failed to find provider info for com.android.calendar (user not unlocked)
01-01 00:00:03.874 I/ConnectivityModuleConnector(  665): Networking module service connected
01-01 00:00:03.876 W/ActivityThread( 1012): Failed to find provider info for android.media.tv (user not unlocked)
01-01 00:00:03.876 W/Looper  (  665): Drained
01-01 00:00:03.876 I/DropBoxManagerService(  665): add tag=system_app_strictmode isTagEnabled=true flags=0x2
01-01 00:00:03.888 W/ActivityThread( 1012): Failed to find provider info for android.media.tv (user not unlocked)
01-01 00:00:04.005 I/chatty  ( 1012): uid=1000(system) com.droidlogic identical 9 lines
01-01 00:00:04.018 W/ActivityThread( 1012): Failed to find provider info for android.media.tv (user not unlocked)
01-01 00:00:04.031 D/SystemUIBootTiming(  820): StartServicescom.android.systemui.volume.VolumeUI took to complete: 257ms
01-01 00:00:04.034 W/ActivityThread( 1012): Failed to find provider info for android.media.tv (user not unlocked)
01-01 00:00:04.047 W/ActivityThread( 1012): Failed to find provider info for android.media.tv (user not unlocked)
01-01 00:00:04.047 D/SystemUIBootTiming(  820): StartServicescom.android.systemui.stackdivider.Divider took to complete: 15ms
01-01 00:00:04.060 W/ActivityThread( 1012): Failed to find provider info for android.media.tv (user not unlocked)
01-01 00:00:04.068 I/StatusBarManagerService(  665): registerStatusBar bar=com.android.internal.statusbar.IStatusBar$Stub$Proxy@73fac73
01-01 00:00:04.069 D/SystemUIBootTiming(  820): StartServicescom.android.systemui.statusbar.tv.TvStatusBar took to complete: 22ms
01-01 00:00:04.073 W/ActivityThread( 1012): Failed to find provider info for android.media.tv (user not unlocked)
01-01 00:00:04.082 D/SystemUIBootTiming(  820): StartServicescom.android.systemui.usb.StorageNotification took to complete: 12ms
01-01 00:00:04.086 W/ActivityThread( 1012): Failed to find provider info for android.media.tv (user not unlocked)
01-01 00:00:04.099 W/ActivityThread( 1012): Failed to find provider info for android.media.tv (user not unlocked)
01-01 00:00:04.100 D/SystemUIBootTiming(  820): StartServicescom.android.systemui.power.PowerUI took to complete: 18ms
01-01 00:00:04.102 D/SystemUIBootTiming(  820): StartServicescom.android.systemui.media.RingtonePlayer took to complete: 2ms
01-01 00:00:04.104 D/SystemUIBootTiming(  820): StartServicescom.android.systemui.keyboard.KeyboardUI took to complete: 2ms
01-01 00:00:04.113 W/ActivityThread( 1012): Failed to find provider info for android.media.tv (user not unlocked)
01-01 00:00:04.126 W/ActivityThread( 1012): Failed to find provider info for android.media.tv (user not unlocked)
01-01 00:00:04.127 D/SystemUIBootTiming(  820): StartServicescom.android.systemui.pip.PipUI took to complete: 23ms
01-01 00:00:04.130 D/SystemUIBootTiming(  820): StartServicescom.android.systemui.shortcut.ShortcutKeyDispatcher took to complete: 3ms
01-01 00:00:04.131 D/SystemUIBootTiming(  820): StartServicescom.android.systemui.VendorServices took to complete: 0ms
01-01 00:00:04.131 D/SystemUIBootTiming(  820): StartServicescom.android.systemui.SliceBroadcastRelayHandler took to complete: 0ms
01-01 00:00:04.131 D/SystemUIBootTiming(  820): StartServicescom.android.systemui.SizeCompatModeActivityController took to complete: 0ms
01-01 00:00:04.138 W/ActivityThread( 1012): Failed to find provider info for android.media.tv (user not unlocked)
