--------- beginning of system
07-09 09:22:55.523 W/ContextImpl( 6796): Calling a method in the system process without a qualified user: android.app.ContextImpl.startForegroundService:1675 android.content.ContextWrapper.startForegroundService:725 android.content.ContextWrapper.startForegroundService:725 com.jio.jiobackgroundscheduler.BootReceiver.onReceive:19 android.app.ActivityThread.handleReceiver:4026 
07-09 09:22:55.557 I/chatty  ( 3843): uid=1000(system) Binder:3843_16 expire 20 lines
07-09 09:22:55.557 I/chatty  ( 3843): uid=1000(system) ActivityManager expire 50 lines
07-09 09:22:55.580 I/chatty  ( 3843): uid=1000 system_server expire 23 lines
07-09 09:22:55.700 W/ContextImpl( 6796): Calling a method in the system process without a qualified user: android.app.ContextImpl.startForegroundService:1675 android.content.ContextWrapper.startForegroundService:725 com.jio.jiobackgroundscheduler.JioBackgroundSchedulerService.startPrefetchService:84 com.jio.jiobackgroundscheduler.JioBackgroundSchedulerService.updateServicesList:388 com.jio.jiobackgroundscheduler.JioBackgroundSchedulerService.ServicesListJson:327 
07-09 09:22:55.702 I/chatty  ( 3843): uid=1000(system) Binder:3843_17 expire 10 lines
07-09 09:22:55.748 W/ContextImpl( 4891): Calling a method in the system process without a qualified user: android.app.ContextImpl.sendBroadcast:1111 android.content.ContextWrapper.sendBroadcast:468 com.jio.appoptimizer.service.JioServiceAPI.iterateMap:159 com.jio.appoptimizer.service.JioServiceAPI.lambda$new$0$com-jio-appoptimizer-service-JioServiceAPI:39 com.jio.appoptimizer.service.JioServiceAPI$$ExternalSyntheticLambda0.run:2 
07-09 09:22:55.761 I/chatty  ( 3843): uid=1000(system) ActivityManager expire 5 lines
07-09 09:22:56.174 I/chatty  ( 3843): uid=1000(system) Binder:3843_12 expire 7 lines
07-09 09:22:56.516 I/chatty  ( 3843): uid=1000(system) Binder:3843_F expire 4 lines
07-09 09:22:56.881 W/ContextImpl( 5071): Calling a method in the system process without a qualified user: android.app.ContextImpl.sendBroadcast:1111 android.content.ContextWrapper.sendBroadcast:468 com.rjil.jiostbsetting.utils.UtilsKt.getAllVolumeDetails:2230 com.rjil.jiostbsetting.service.EndlessService.getParameters$lambda-22:1166 com.rjil.jiostbsetting.service.EndlessService.$r8$lambda$rJsFG8XlIrKzvRVodgEZk__jDnM:0 
07-09 09:22:56.904 W/ContextImpl( 5071): Calling a method in the system process without a qualified user: android.app.ContextImpl.sendBroadcast:1111 android.content.ContextWrapper.sendBroadcast:468 com.rjil.jiostbsetting.utils.UtilsKt.sendUSBAttachDetachBroadcast:2259 com.rjil.jiostbsetting.service.EndlessService$CallbackListener.onParameterNotification:1327 com.rjil.jiostbsetting.dc.DCDataProvider.invokeCallback:107 
07-09 09:22:58.315 I/chatty  ( 3843): uid=1000(system) Binder:3843_13 expire 35 lines
07-09 09:22:58.733 I/chatty  ( 3843): uid=1000(system) Binder:3843_7 expire 5 lines
07-09 09:22:58.882 I/chatty  ( 3843): uid=1000(system) AsyncTask #1 expire 356 lines
07-09 09:22:59.836 W/ContextImpl( 5883): Calling a method in the system process without a qualified user: android.app.ContextImpl.startForegroundService:1675 android.content.ContextWrapper.startForegroundService:725 android.content.ContextWrapper.startForegroundService:725 com.rjil.sdmcsetting.BootReceiver.onReceive:37 android.app.ActivityThread.handleReceiver:4026 
07-09 09:23:00.211 W/ContextImpl( 5883): Calling a method in the system process without a qualified user: android.app.ContextImpl.bindService:1748 android.content.ContextWrapper.bindService:756 com.rjil.sdmcsetting.EndlessService.onCreate:341 android.app.ActivityThread.handleCreateService:4186 android.app.ActivityThread.access$1500:237 
07-09 09:23:00.221 W/ContextImpl( 5883): Calling a method in the system process without a qualified user: android.app.ContextImpl.bindService:1748 android.content.ContextWrapper.bindService:756 com.rjil.sdmcsetting.dc.DCServiceConnector.bindService:41 com.rjil.sdmcsetting.EndlessService.onCreate:343 android.app.ActivityThread.handleCreateService:4186 
07-09 09:23:00.268 I/chatty  ( 3843): uid=1000(system) Binder:3843_D expire 36 lines
07-09 09:23:00.677 W/ContextImpl( 5883): Calling a method in the system process without a qualified user: android.app.ContextImpl.bindService:1748 android.content.ContextWrapper.bindService:756 com.rjil.sdmcsetting.EndlessService.onStartCommand:203 android.app.ActivityThread.handleServiceArgs:4320 android.app.ActivityThread.access$1800:237 
07-09 09:23:01.198 W/ContextImpl( 5883): Calling a method in the system process without a qualified user: android.app.ContextImpl.bindService:1748 android.content.ContextWrapper.bindService:756 com.jio.adc.core.b.d:56 com.jio.adc.core.b.b:13 com.jio.adc.core.b$c.run:7 
07-09 09:23:01.774 W/ContextImpl( 4840): Calling a method in the system process without a qualified user: android.app.ContextImpl.sendBroadcast:1126 android.content.ContextWrapper.sendBroadcast:473 com.iwedia.tr.dc.DCServiceClient.notifyTifOnDcCallbacksCreated:107 com.iwedia.tr.dc.DCServiceClient.setCallbackInterface:95 com.iwedia.dc.api.IDCServiceDataProvider$Stub.onTransact:85 
07-09 09:23:01.856 W/ContextImpl( 5883): Calling a method in the system process without a qualified user: android.app.ContextImpl.startForegroundService:1675 android.content.ContextWrapper.startForegroundService:725 com.rjil.sdmcsetting.BootReceiver.actionOnService:62 com.rjil.sdmcsetting.BootReceiver.onReceive:47 android.app.LoadedApk$ReceiverDispatcher$Args.lambda$getRunnable$0$LoadedApk$ReceiverDispatcher$Args:1580 
07-09 09:23:02.023 W/ContextImpl( 5369): Calling a method in the system process without a qualified user: android.app.ContextImpl.sendBroadcast:1126 android.content.ContextWrapper.sendBroadcast:473 com.iwedia.tvinput.engine.ChannelManager$6.handleMessage:2214 android.os.Handler.dispatchMessage:102 android.os.Looper.loop:223 
07-09 09:23:02.025 W/ContextImpl( 5369): Calling a method in the system process without a qualified user: android.app.ContextImpl.sendBroadcast:1111 android.content.ContextWrapper.sendBroadcast:468 com.iwedia.tvinput.engine.ChannelManager$6.handleMessage:2219 android.os.Handler.dispatchMessage:102 android.os.Looper.loop:223 
07-09 09:23:02.148 W/ContextImpl( 5071): Calling a method in the system process without a qualified user: android.app.ContextImpl.sendBroadcast:1111 android.content.ContextWrapper.sendBroadcast:468 com.rjil.jiostbsetting.service.EndlessService.ESNredirect:1604 com.rjil.jiostbsetting.service.EndlessService$mConnection$1$onServiceConnected$2.invokeSuspend:1207 kotlin.coroutines.jvm.internal.BaseContinuationImpl.resumeWith:33 
07-09 09:23:04.723 I/chatty  ( 3843): uid=1000 system_server expire 2 lines
07-09 09:23:04.741 W/ActivityThread( 5883): ClassLoader.loadClass: The class loader returned by Thread.getContextClassLoader() may fail for processes that host multiple applications. You should explicitly specify a context class loader. For example: Thread.setContextClassLoader(getClass().getClassLoader());
07-09 09:23:04.794 I/chatty  ( 3843): uid=1000 system_server expire 2 lines
07-09 09:23:04.863 I/chatty  ( 3843): uid=1000 system_server expire 2 lines
07-09 09:23:04.895 I/chatty  ( 3843): uid=1000(system) android.bg expire 1 line
07-09 09:23:04.910 I/chatty  ( 3843): uid=1000 system_server expire 2 lines
07-09 09:23:04.912 I/chatty  ( 3843): uid=1000 system_server expire 2 lines
07-09 09:23:04.925 I/chatty  ( 3843): uid=1000 system_server expire 2 lines
07-09 09:23:04.960 I/chatty  ( 3843): uid=1000(system) Binder:3843_15 expire 1 line
07-09 09:23:05.636 I/chatty  ( 3843): uid=1000(system) android.ui expire 3 lines
07-09 09:23:05.706 W/ContextImpl( 6796): Calling a method in the system process without a qualified user: android.app.ContextImpl.stopService:1681 android.content.ContextWrapper.stopService:730 com.jio.jiobackgroundscheduler.JioBackgroundSchedulerService.stopPrefetchService:103 com.jio.jiobackgroundscheduler.JioBackgroundSchedulerService.updateServicesList:390 com.jio.jiobackgroundscheduler.JioBackgroundSchedulerService.ServicesListJson:327 
07-09 09:23:05.706 I/chatty  ( 3843): uid=1000(system) Binder:3843_1 expire 3 lines
07-09 09:23:05.938 I/chatty  ( 3843): uid=1000(system) Binder:3843_C expire 33 lines
07-09 09:23:05.939 I/chatty  ( 3843): uid=1000(system) ActivityManager expire 13 lines
07-09 09:23:06.012 I/chatty  ( 3843): uid=1000 system_server expire 2 lines
07-09 09:23:06.024 I/chatty  ( 3843): uid=1000 system_server expire 2 lines
07-09 09:23:06.029 I/chatty  ( 3843): uid=1000 system_server expire 2 lines
07-09 09:23:06.040 I/chatty  ( 3843): uid=1000 system_server expire 2 lines
07-09 09:23:06.445 I/chatty  ( 3843): uid=1000(system) android.anim expire 4 lines
07-09 09:23:06.595 I/chatty  ( 3843): uid=1000(system) Binder:3843_4 expire 1 line
07-09 09:23:07.248 I/chatty  ( 3843): uid=1000 system_server expire 3 lines
07-09 09:23:08.755 I/chatty  ( 3843): uid=1000(system) Binder:3843_11 expire 10 lines
07-09 09:23:09.633 I/chatty  ( 3843): uid=1000(system) Binder:3843_A expire 12 lines
07-09 09:23:09.981 W/ContextImpl( 5883): Calling a method in the system process without a qualified user: android.app.ContextImpl.sendBroadcast:1111 android.content.ContextWrapper.sendBroadcast:468 com.rjil.sdmcsetting.NetworkRepositoryImpl.handleSuccess:523 com.rjil.sdmcsetting.NetworkRepositoryImpl.checkNetwork:272 com.rjil.sdmcsetting.NetworkRepositoryImpl.checkNetwork$default:242 
07-09 09:23:10.370 W/ContextImpl( 7671): Calling a method in the system process without a qualified user: android.app.ContextImpl.startForegroundService:1675 android.content.ContextWrapper.startForegroundService:725 android.content.ContextWrapper.startForegroundService:725 com.rjl.mobileremote.receiver.BootReceiver.onReceive:58 android.app.ActivityThread.handleReceiver:4026 
07-09 09:23:10.378 I/chatty  ( 3843): uid=1000(system) ActivityManager expire 23 lines
07-09 09:23:10.635 I/chatty  ( 3843): uid=1000(system) Binder:3843_16 expire 5 lines
07-09 09:23:10.853 I/chatty  ( 3843): uid=1000 system_server expire 18 lines
07-09 09:23:11.610 I/chatty  ( 3843): uid=1000(system) Binder:3843_11 expire 4 lines
07-09 09:23:11.611 I/chatty  ( 3843): uid=1000(system) ConnectivitySer expire 9 lines
07-09 09:23:11.889 I/chatty  ( 3843): uid=1000(system) Binder:3843_17 expire 14 lines
07-09 09:23:11.952 I/chatty  ( 3843): uid=1000(system) ActivityManager expire 4 lines
07-09 09:23:11.980 I/chatty  ( 3843): uid=1000(system) Binder:3843_12 expire 1 line
07-09 09:23:12.291 I/chatty  ( 3843): uid=1000(system) Binder:3843_7 expire 3 lines
07-09 09:23:12.356 I/chatty  ( 3843): uid=1000(system) Binder:3843_F expire 272 lines
07-09 09:23:14.367 W/ContextImpl( 4840): Calling a method in the system process without a qualified user: android.app.ContextImpl.sendBroadcast:1126 android.content.ContextWrapper.sendBroadcast:473 com.iwedia.dtv.common.CommonTifExtnIntentHandler.sendIntent:123 com.iwedia.dtv.common.CommonTifExtnIntentHandler.notifyServiceJsonInfo:87 com.iwedia.dtv.common.CommonTifExtnControl.notifyServiceJsonInfo:778 
07-09 09:23:15.606 I/chatty  ( 3843): uid=1000(system) android.ui expire 1 line
07-09 09:23:17.349 I/chatty  ( 3843): uid=1000(system) PackageManager expire 3 lines
07-09 09:23:17.394 I/chatty  ( 3843): uid=1000(system) android.fg expire 1 line
07-09 09:23:23.958 I/chatty  ( 3843): uid=1000(system) android.bg expire 25 lines
07-09 09:23:24.076 W/ContextImpl( 5883): Calling a method in the system process without a qualified user: android.app.ContextImpl.bindService:1748 android.content.ContextWrapper.bindService:756 com.jio.adc.core.b.d:56 com.jio.adc.core.b.b:13 com.jio.adc.core.b$c.run:7 
07-09 09:23:26.435 I/chatty  ( 3843): uid=1000(system) android.io expire 7 lines
07-09 09:23:30.548 I/chatty  ( 3843): uid=1000(system) Binder:3843_F expire 10 lines
07-09 09:23:30.795 I/chatty  ( 3843): uid=1000 system_server expire 5 lines
07-09 09:23:36.625 W/ContextImpl( 5071): Calling a method in the system process without a qualified user: android.app.ContextImpl.sendBroadcast:1111 android.content.ContextWrapper.sendBroadcast:468 com.rjil.jiostbsetting.service.EndlessService$CallbackListener.onParameterNotification:1251 com.rjil.jiostbsetting.dc.DCDataProvider.invokeCallback:107 com.rjil.jiostbsetting.dc.DCDataProvider.access$000:15 
07-09 09:23:47.662 W/ContextImpl( 5883): Calling a method in the system process without a qualified user: android.app.ContextImpl.sendBroadcast:1111 android.content.ContextWrapper.sendBroadcast:468 com.rjil.sdmcsetting.EndlessService$CallbackListener.onParameterNotification:2141 com.rjil.sdmcsetting.dc.DCDataProvider.invokeCallback:95 com.rjil.sdmcsetting.dc.DCDataProvider.access$000:15 
07-09 09:23:57.527 I/chatty  ( 3843): uid=1000(system) Binder:3843_15 expire 2 lines
07-09 09:24:35.364 I/chatty  ( 3843): uid=1000(system) pool-4-thread-1 expire 356 lines
07-09 09:27:13.039 I/chatty  ( 3843): uid=1000 system_server expire 2 lines
07-09 09:27:13.056 I/chatty  ( 3843): uid=1000(system) android.display expire 1 line
07-09 09:27:13.057 I/chatty  ( 3843): uid=1000(system) ActivityManager expire 14 lines
07-09 09:27:13.057 I/chatty  ( 3843): uid=1000 system_server expire 2 lines
07-09 09:27:13.109 I/chatty  ( 3843): uid=1000 system_server expire 2 lines
07-09 09:27:13.146 I/chatty  ( 3843): uid=1000(system) android.anim expire 14 lines
07-09 09:27:13.205 I/chatty  ( 3843): uid=1000 system_server expire 2 lines
07-09 09:27:15.227 I/chatty  ( 3843): uid=1000 system_server expire 2 lines
07-09 09:27:15.305 I/chatty  ( 3843): uid=1000(system) Binder:3843_10 expire 5 lines
07-09 09:27:15.340 I/chatty  ( 3843): uid=1000 system_server expire 2 lines
07-09 09:27:16.657 I/chatty  ( 3843): uid=1000(system) LazyTaskWriterT expire 1 line
07-09 09:27:17.480 I/chatty  ( 3843): uid=1000(system) InputDispatcher expire 42 lines
07-09 09:27:32.700 I/chatty  ( 3843): uid=1000(system) Binder:3843_D expire 2 lines
07-09 09:27:33.435 W/ContextImpl( 5883): Calling a method in the system process without a qualified user: android.app.ContextImpl.bindService:1748 android.content.ContextWrapper.bindService:756 com.jio.adc.core.b.d:56 com.jio.adc.core.b.b:13 com.jio.adc.core.b$c.run:7 
07-09 09:27:34.776 I/chatty  ( 3843): uid=1000(system) Binder:3843_A expire 4 lines
07-09 09:27:35.314 I/chatty  ( 3843): uid=1000(system) InputDispatcher expire 2 lines
07-09 09:27:35.430 I/chatty  ( 3843): uid=1000(system) android.anim expire 14 lines
07-09 09:27:37.503 I/chatty  ( 3843): uid=1000(system) Binder:3843_A expire 11 lines
07-09 09:27:37.504 I/chatty  ( 3843): uid=1000(system) ActivityManager expire 4 lines
07-09 09:27:38.429 I/chatty  ( 3843): uid=1000(system) Binder:3843_10 expire 2 lines
07-09 09:27:38.752 I/chatty  ( 3843): uid=1000(system) Binder:3843_D expire 2 lines
07-09 09:27:40.469 I/chatty  ( 3843): uid=1000(system) android.bg expire 47 lines
07-09 09:27:42.848 I/chatty  ( 3843): uid=1000(system) Binder:3843_13 expire 22 lines
07-09 09:27:43.554 I/chatty  ( 3843): uid=1000(system) Binder:3843_F expire 6 lines
07-09 09:28:02.328 I/chatty  ( 3843): uid=1000(system) Binder:3843_17 expire 1 line
07-09 09:28:17.589 W/ContextImpl( 5883): Calling a method in the system process without a qualified user: android.app.ContextImpl.bindService:1748 android.content.ContextWrapper.bindService:756 com.jio.adc.core.b.d:56 com.jio.adc.core.b.b:13 com.jio.adc.core.b$c.run:7 
07-09 09:32:59.966 I/chatty  ( 3843): uid=1000 system_server expire 16 lines
07-09 09:35:04.343 I/chatty  ( 3843): uid=1000(system) InputDispatcher expire 10 lines
07-09 09:35:34.425 W/ContextImpl( 5883): Calling a method in the system process without a qualified user: android.app.ContextImpl.bindService:1748 android.content.ContextWrapper.bindService:756 com.jio.adc.core.b.d:56 com.jio.adc.core.b.b:13 com.jio.adc.core.b$c.run:7 
07-09 09:35:36.433 I/chatty  ( 3843): uid=1000(system) android.bg expire 13 lines
07-09 09:37:42.010 W/ContextImpl( 5369): Calling a method in the system process without a qualified user: android.app.ContextImpl.sendBroadcast:1111 android.content.ContextWrapper.sendBroadcast:468 com.iwedia.tvinput.engine.ChannelManager.disconnectCA:3912 com.iwedia.tvinput.engine.ChannelManager.access$4300:116 com.iwedia.tvinput.engine.ChannelManager$CaReconnectTask.run:2434 
07-09 09:37:42.014 W/ContextImpl( 5883): Calling a method in the system process without a qualified user: android.app.ContextImpl.bindService:1748 android.content.ContextWrapper.bindService:756 com.jio.adc.core.b.d:56 com.jio.adc.core.b.b:13 com.jio.adc.core.b$c.run:7 
07-09 09:37:42.039 W/ContextImpl( 5369): Calling a method in the system process without a qualified user: android.app.ContextImpl.sendBroadcast:1111 android.content.ContextWrapper.sendBroadcast:468 com.iwedia.tvinput.engine.ChannelManager.connectCA:3844 com.iwedia.tvinput.engine.ChannelManager.access$5900:116 com.iwedia.tvinput.engine.ChannelManager$CaMessageHandler.handleMessage:4279 
07-09 09:37:47.777 I/chatty  ( 3843): uid=1000(system) android.bg expire 27 lines
07-09 09:37:54.590 W/ContextImpl( 5883): Calling a method in the system process without a qualified user: android.app.ContextImpl.bindService:1748 android.content.ContextWrapper.bindService:756 com.jio.adc.core.b.d:56 com.jio.adc.core.b.b:13 com.jio.adc.core.b$c.run:7 
07-09 09:42:15.805 W/ContextImpl( 5883): Calling a method in the system process without a qualified user: android.app.ContextImpl.bindService:1748 android.content.ContextWrapper.bindService:756 com.jio.adc.core.b.d:56 com.jio.adc.core.b.b:13 com.jio.adc.core.b$c.run:7 
07-09 09:42:23.399 I/chatty  ( 3843): uid=1000(system) android.bg expire 62 lines
07-09 09:52:13.185 I/chatty  ( 3843): uid=1000(system) batterystats-wo expire 2 lines
07-09 09:52:41.151 W/ContextImpl( 5369): Calling a method in the system process without a qualified user: android.app.ContextImpl.sendBroadcast:1111 android.content.ContextWrapper.sendBroadcast:468 com.iwedia.tvinput.engine.ChannelManager.disconnectCA:3912 com.iwedia.tvinput.engine.ChannelManager.access$4300:116 com.iwedia.tvinput.engine.ChannelManager$CaReconnectTask.run:2434 
07-09 09:52:41.178 W/ContextImpl( 5883): Calling a method in the system process without a qualified user: android.app.ContextImpl.bindService:1748 android.content.ContextWrapper.bindService:756 com.jio.adc.core.b.d:56 com.jio.adc.core.b.b:13 com.jio.adc.core.b$c.run:7 
07-09 09:52:41.181 W/ContextImpl( 5369): Calling a method in the system process without a qualified user: android.app.ContextImpl.sendBroadcast:1111 android.content.ContextWrapper.sendBroadcast:468 com.iwedia.tvinput.engine.ChannelManager.connectCA:3844 com.iwedia.tvinput.engine.ChannelManager.access$5900:116 com.iwedia.tvinput.engine.ChannelManager$CaMessageHandler.handleMessage:4279 
07-09 09:52:41.696 I/chatty  ( 3843): uid=1000(system) android.bg expire 89 lines
07-09 09:52:54.707 W/ContextImpl( 5883): Calling a method in the system process without a qualified user: android.app.ContextImpl.bindService:1748 android.content.ContextWrapper.bindService:756 com.jio.adc.core.b.d:56 com.jio.adc.core.b.b:13 com.jio.adc.core.b$c.run:7 
07-09 09:52:58.744 I/chatty  ( 3843): uid=1000(system) Binder:3843_15 expire 10 lines
07-09 09:53:04.803 I/chatty  ( 3843): uid=1000(system) Binder:3843_16 expire 5 lines
07-09 09:53:04.804 I/chatty  ( 3843): uid=1000(system) ConnectivitySer expire 4 lines
07-09 09:53:13.650 W/ContextImpl( 5071): Calling a method in the system process without a qualified user: android.app.ContextImpl.sendBroadcast:1111 android.content.ContextWrapper.sendBroadcast:468 com.rjil.jiostbsetting.service.EndlessService.ESNredirect:1604 com.rjil.jiostbsetting.service.EndlessService$mConnection$1$onServiceConnected$2.invokeSuspend:1207 kotlin.coroutines.jvm.internal.BaseContinuationImpl.resumeWith:33 
07-09 09:53:13.652 I/chatty  ( 3843): uid=1000(system) ActivityManager expire 7 lines
07-09 09:53:13.732 W/ContextImpl( 5071): Calling a method in the system process without a qualified user: android.app.ContextImpl.bindService:1748 android.content.ContextWrapper.bindService:756 com.jio.adc.core.b.d:56 com.jio.adc.core.b.b:13 com.jio.adc.core.b$c.run:7 
07-09 09:53:15.743 W/ContextImpl( 5071): Calling a method in the system process without a qualified user: android.app.ContextImpl.sendBroadcast:1111 android.content.ContextWrapper.sendBroadcast:468 com.rjil.jiostbsetting.utils.UtilsKt.getAllVolumeDetails:2230 com.rjil.jiostbsetting.service.EndlessService.getParameters$lambda-22:1166 com.rjil.jiostbsetting.service.EndlessService.$r8$lambda$rJsFG8XlIrKzvRVodgEZk__jDnM:0 
07-09 09:53:15.748 W/ContextImpl( 5071): Calling a method in the system process without a qualified user: android.app.ContextImpl.sendBroadcast:1111 android.content.ContextWrapper.sendBroadcast:468 com.rjil.jiostbsetting.utils.UtilsKt.sendUSBAttachDetachBroadcast:2259 com.rjil.jiostbsetting.service.EndlessService$CallbackListener.onParameterNotification:1327 com.rjil.jiostbsetting.dc.DCDataProvider.invokeCallback:107 
07-09 10:02:00.092 I/chatty  ( 3843): uid=1000(system) Binder:3843_4 expire 356 lines
07-09 10:07:41.278 W/ContextImpl( 5883): Calling a method in the system process without a qualified user: android.app.ContextImpl.bindService:1748 android.content.ContextWrapper.bindService:756 com.jio.adc.core.b.d:56 com.jio.adc.core.b.b:13 com.jio.adc.core.b$c.run:7 
07-09 10:07:41.300 W/ContextImpl( 5369): Calling a method in the system process without a qualified user: android.app.ContextImpl.sendBroadcast:1111 android.content.ContextWrapper.sendBroadcast:468 com.iwedia.tvinput.engine.ChannelManager.disconnectCA:3912 com.iwedia.tvinput.engine.ChannelManager.access$4300:116 com.iwedia.tvinput.engine.ChannelManager$CaReconnectTask.run:2434 
07-09 10:07:41.337 W/ContextImpl( 5369): Calling a method in the system process without a qualified user: android.app.ContextImpl.sendBroadcast:1111 android.content.ContextWrapper.sendBroadcast:468 com.iwedia.tvinput.engine.ChannelManager.connectCA:3844 com.iwedia.tvinput.engine.ChannelManager.access$5900:116 com.iwedia.tvinput.engine.ChannelManager$CaMessageHandler.handleMessage:4279 
07-09 10:07:44.465 I/chatty  ( 3843): uid=1000(system) android.bg expire 89 lines
07-09 10:22:41.422 W/ContextImpl( 5369): Calling a method in the system process without a qualified user: android.app.ContextImpl.sendBroadcast:1111 android.content.ContextWrapper.sendBroadcast:468 com.iwedia.tvinput.engine.ChannelManager.disconnectCA:3912 com.iwedia.tvinput.engine.ChannelManager.access$4300:116 com.iwedia.tvinput.engine.ChannelManager$CaReconnectTask.run:2434 
07-09 10:22:41.440 W/ContextImpl( 5883): Calling a method in the system process without a qualified user: android.app.ContextImpl.bindService:1748 android.content.ContextWrapper.bindService:756 com.jio.adc.core.b.d:56 com.jio.adc.core.b.b:13 com.jio.adc.core.b$c.run:7 
07-09 10:22:41.462 W/ContextImpl( 5369): Calling a method in the system process without a qualified user: android.app.ContextImpl.sendBroadcast:1111 android.content.ContextWrapper.sendBroadcast:468 com.iwedia.tvinput.engine.ChannelManager.connectCA:3844 com.iwedia.tvinput.engine.ChannelManager.access$5900:116 com.iwedia.tvinput.engine.ChannelManager$CaMessageHandler.handleMessage:4279 
07-09 10:22:47.578 I/chatty  ( 3843): uid=1000(system) android.bg expire 77 lines
07-09 10:23:17.930 W/ContextImpl( 5071): Calling a method in the system process without a qualified user: android.app.ContextImpl.sendBroadcast:1111 android.content.ContextWrapper.sendBroadcast:468 com.rjil.jiostbsetting.service.EndlessService.ESNredirect:1604 com.rjil.jiostbsetting.service.EndlessService$mConnection$1$onServiceConnected$2.invokeSuspend:1207 kotlin.coroutines.jvm.internal.BaseContinuationImpl.resumeWith:33 
07-09 10:23:17.959 W/ContextImpl( 5071): Calling a method in the system process without a qualified user: android.app.ContextImpl.bindService:1748 android.content.ContextWrapper.bindService:756 com.jio.adc.core.b.d:56 com.jio.adc.core.b.b:13 com.jio.adc.core.b$c.run:7 
07-09 10:23:19.942 W/ContextImpl( 5071): Calling a method in the system process without a qualified user: android.app.ContextImpl.sendBroadcast:1111 android.content.ContextWrapper.sendBroadcast:468 com.rjil.jiostbsetting.utils.UtilsKt.getAllVolumeDetails:2230 com.rjil.jiostbsetting.service.EndlessService.getParameters$lambda-22:1166 com.rjil.jiostbsetting.service.EndlessService.$r8$lambda$rJsFG8XlIrKzvRVodgEZk__jDnM:0 
07-09 10:23:19.949 W/ContextImpl( 5071): Calling a method in the system process without a qualified user: android.app.ContextImpl.sendBroadcast:1111 android.content.ContextWrapper.sendBroadcast:468 com.rjil.jiostbsetting.utils.UtilsKt.sendUSBAttachDetachBroadcast:2259 com.rjil.jiostbsetting.service.EndlessService$CallbackListener.onParameterNotification:1327 com.rjil.jiostbsetting.dc.DCDataProvider.invokeCallback:107 
07-09 10:27:00.889 I/chatty  ( 3843): uid=1000(system) AdbDebuggingMan expire 2 lines
07-09 10:27:07.406 I/chatty  ( 3843): uid=1000 system_server expire 2 lines
07-09 10:27:07.429 I/chatty  ( 3843): uid=1000 system_server expire 2 lines
07-09 10:27:07.502 I/chatty  ( 3843): uid=1000 system_server expire 2 lines
07-09 10:27:07.515 I/chatty  ( 3843): uid=1000 system_server expire 2 lines
07-09 10:27:07.986 I/chatty  ( 3843): uid=1000 system_server expire 2 lines
07-09 10:27:08.410 I/chatty  ( 3843): uid=1000 system_server expire 2 lines
07-09 10:27:08.413 I/chatty  ( 3843): uid=1000 system_server expire 2 lines
07-09 10:27:08.416 I/chatty  ( 3843): uid=1000 system_server expire 2 lines
07-09 10:27:08.868 I/chatty  ( 3843): uid=1000 system_server expire 2 lines
07-09 10:27:08.869 I/chatty  ( 3843): uid=1000 system_server expire 2 lines
07-09 10:27:08.908 I/chatty  ( 3843): uid=1000 system_server expire 2 lines
07-09 10:27:11.463 I/chatty  ( 3843): uid=1000(system) LazyTaskWriterT expire 1 line
07-09 10:27:14.263 I/chatty  ( 3843): uid=1000(system) android.ui expire 3 lines
07-09 10:27:17.100 I/chatty  ( 3843): uid=1000 system_server expire 2 lines
07-09 10:35:41.361 I/chatty  ( 3843): uid=1000(system) InputDispatcher expire 22 lines
07-09 10:35:44.115 I/chatty  ( 3843): uid=1000(system) android.ui expire 11 lines
07-09 10:35:44.342 I/chatty  ( 3843): uid=1000(system) Binder:3843_A expire 4 lines
07-09 10:35:47.933 I/chatty  ( 3843): uid=1000(system) android.bg expire 12 lines
07-09 10:35:52.851 I/chatty  ( 3843): uid=1000(system) Binder:3843_4 expire 2 lines
07-09 10:35:53.139 I/chatty  ( 3843): uid=1000(system) Binder:3843_13 expire 358 lines
07-09 10:37:41.553 W/ContextImpl( 5369): Calling a method in the system process without a qualified user: android.app.ContextImpl.sendBroadcast:1111 android.content.ContextWrapper.sendBroadcast:468 com.iwedia.tvinput.engine.ChannelManager.disconnectCA:3912 com.iwedia.tvinput.engine.ChannelManager.access$4300:116 com.iwedia.tvinput.engine.ChannelManager$CaReconnectTask.run:2434 
07-09 10:37:41.577 W/ContextImpl( 5883): Calling a method in the system process without a qualified user: android.app.ContextImpl.bindService:1748 android.content.ContextWrapper.bindService:756 com.jio.adc.core.b.d:56 com.jio.adc.core.b.b:13 com.jio.adc.core.b$c.run:7 
07-09 10:37:41.589 W/ContextImpl( 5369): Calling a method in the system process without a qualified user: android.app.ContextImpl.sendBroadcast:1111 android.content.ContextWrapper.sendBroadcast:468 com.iwedia.tvinput.engine.ChannelManager.connectCA:3844 com.iwedia.tvinput.engine.ChannelManager.access$5900:116 com.iwedia.tvinput.engine.ChannelManager$CaMessageHandler.handleMessage:4279 
07-09 10:37:49.562 I/chatty  ( 3843): uid=1000(system) android.bg expire 88 lines
07-09 10:37:55.056 W/ContextImpl( 5883): Calling a method in the system process without a qualified user: android.app.ContextImpl.bindService:1748 android.content.ContextWrapper.bindService:756 com.jio.adc.core.b.d:56 com.jio.adc.core.b.b:13 com.jio.adc.core.b$c.run:7 
07-09 10:38:53.185 I/chatty  ( 3843): uid=1000(system) Binder:3843_D expire 5 lines
07-09 10:41:25.364 I/chatty  ( 3843): uid=1000(system) Binder:3843_1 expire 4 lines
07-09 10:41:26.064 I/chatty  ( 3843): uid=1000(system) Binder:3843_F expire 2 lines
07-09 10:52:41.835 W/ContextImpl( 5883): Calling a method in the system process without a qualified user: android.app.ContextImpl.bindService:1748 android.content.ContextWrapper.bindService:756 com.jio.adc.core.b.d:56 com.jio.adc.core.b.b:13 com.jio.adc.core.b$c.run:7 
07-09 10:52:41.856 W/ContextImpl( 5369): Calling a method in the system process without a qualified user: android.app.ContextImpl.sendBroadcast:1111 android.content.ContextWrapper.sendBroadcast:468 com.iwedia.tvinput.engine.ChannelManager.disconnectCA:3912 com.iwedia.tvinput.engine.ChannelManager.access$4300:116 com.iwedia.tvinput.engine.ChannelManager$CaReconnectTask.run:2434 
07-09 10:52:41.894 W/ContextImpl( 5369): Calling a method in the system process without a qualified user: android.app.ContextImpl.sendBroadcast:1111 android.content.ContextWrapper.sendBroadcast:468 com.iwedia.tvinput.engine.ChannelManager.connectCA:3844 com.iwedia.tvinput.engine.ChannelManager.access$5900:116 com.iwedia.tvinput.engine.ChannelManager$CaMessageHandler.handleMessage:4279 
07-09 10:52:44.681 I/chatty  ( 3843): uid=1000(system) android.bg expire 89 lines
07-09 10:52:55.201 W/ContextImpl( 5883): Calling a method in the system process without a qualified user: android.app.ContextImpl.bindService:1748 android.content.ContextWrapper.bindService:756 com.jio.adc.core.b.d:56 com.jio.adc.core.b.b:13 com.jio.adc.core.b$c.run:7 
07-09 10:53:29.994 W/ContextImpl( 5071): Calling a method in the system process without a qualified user: android.app.ContextImpl.sendBroadcast:1111 android.content.ContextWrapper.sendBroadcast:468 com.rjil.jiostbsetting.service.EndlessService.ESNredirect:1604 com.rjil.jiostbsetting.service.EndlessService$mConnection$1$onServiceConnected$2.invokeSuspend:1207 kotlin.coroutines.jvm.internal.BaseContinuationImpl.resumeWith:33 
07-09 10:53:30.028 I/chatty  ( 3843): uid=1000(system) ActivityManager expire 2 lines
07-09 10:53:30.041 W/ContextImpl( 5071): Calling a method in the system process without a qualified user: android.app.ContextImpl.bindService:1748 android.content.ContextWrapper.bindService:756 com.jio.adc.core.b.d:56 com.jio.adc.core.b.b:13 com.jio.adc.core.b$c.run:7 
07-09 10:53:31.716 W/ContextImpl( 5071): Calling a method in the system process without a qualified user: android.app.ContextImpl.sendBroadcast:1111 android.content.ContextWrapper.sendBroadcast:468 com.rjil.jiostbsetting.utils.UtilsKt.getAllVolumeDetails:2230 com.rjil.jiostbsetting.service.EndlessService.getParameters$lambda-22:1166 com.rjil.jiostbsetting.service.EndlessService.$r8$lambda$rJsFG8XlIrKzvRVodgEZk__jDnM:0 
07-09 10:53:31.723 W/ContextImpl( 5071): Calling a method in the system process without a qualified user: android.app.ContextImpl.sendBroadcast:1111 android.content.ContextWrapper.sendBroadcast:468 com.rjil.jiostbsetting.utils.UtilsKt.sendUSBAttachDetachBroadcast:2259 com.rjil.jiostbsetting.service.EndlessService$CallbackListener.onParameterNotification:1327 com.rjil.jiostbsetting.dc.DCDataProvider.invokeCallback:107 
07-09 11:06:38.159 I/chatty  ( 3843): uid=1000(system) Binder:3843_10 expire 1 line
07-09 11:07:23.103 I/chatty  ( 3843): uid=1000(system) Binder:3843_16 expire 5 lines
07-09 11:07:27.724 I/chatty  ( 3843): uid=1000(system) Binder:3843_15 expire 1 line
07-09 11:07:41.217 W/ContextImpl( 5369): Calling a method in the system process without a qualified user: android.app.ContextImpl.sendBroadcast:1111 android.content.ContextWrapper.sendBroadcast:468 com.iwedia.tvinput.engine.ChannelManager.disconnectCA:3912 com.iwedia.tvinput.engine.ChannelManager.access$4300:116 com.iwedia.tvinput.engine.ChannelManager$CaReconnectTask.run:2434 
07-09 11:07:41.237 W/ContextImpl( 5883): Calling a method in the system process without a qualified user: android.app.ContextImpl.bindService:1748 android.content.ContextWrapper.bindService:756 com.jio.adc.core.b.d:56 com.jio.adc.core.b.b:13 com.jio.adc.core.b$c.run:7 
07-09 11:07:41.258 W/ContextImpl( 5369): Calling a method in the system process without a qualified user: android.app.ContextImpl.sendBroadcast:1111 android.content.ContextWrapper.sendBroadcast:468 com.iwedia.tvinput.engine.ChannelManager.connectCA:3844 com.iwedia.tvinput.engine.ChannelManager.access$5900:116 com.iwedia.tvinput.engine.ChannelManager$CaMessageHandler.handleMessage:4279 
07-09 11:07:42.159 I/chatty  ( 3843): uid=1000(system) Binder:3843_C expire 7 lines
07-09 11:07:45.977 I/chatty  ( 3843): uid=1000(system) android.bg expire 20 lines
07-09 11:07:55.408 W/ContextImpl( 5883): Calling a method in the system process without a qualified user: android.app.ContextImpl.bindService:1748 android.content.ContextWrapper.bindService:756 com.jio.adc.core.b.d:56 com.jio.adc.core.b.b:13 com.jio.adc.core.b$c.run:7 
07-09 11:11:02.892 I/chatty  ( 3843): uid=1000(system) Binder:3843_17 expire 5 lines
07-09 11:11:05.985 I/chatty  ( 3843): uid=1000 system_server expire 2 lines
07-09 11:11:06.044 I/chatty  ( 3843): uid=1000 system_server expire 2 lines
07-09 11:11:06.044 I/chatty  ( 3843): uid=1000 system_server expire 2 lines
07-09 11:11:06.053 I/chatty  ( 3843): uid=1000 system_server expire 2 lines
07-09 11:11:06.407 I/chatty  ( 3843): uid=1000(system) Binder:3843_19 expire 11 lines
07-09 11:11:06.554 I/chatty  ( 3843): uid=1000(system) android.anim expire 15 lines
07-09 11:11:06.621 I/chatty  ( 3843): uid=1000 system_server expire 2 lines
07-09 11:11:06.623 I/chatty  ( 3843): uid=1000 system_server expire 2 lines
07-09 11:11:06.623 I/chatty  ( 3843): uid=1000(system) android.display expire 3 lines
07-09 11:11:06.740 I/chatty  ( 3843): uid=1000 system_server expire 2 lines
07-09 11:11:08.444 W/ContextImpl( 4891): Calling a method in the system process without a qualified user: android.app.ContextImpl.sendBroadcast:1111 android.content.ContextWrapper.sendBroadcast:468 com.jio.appoptimizer.service.AppOptimizerService.before_optimization_broadcastIntent:303 com.jio.appoptimizer.service.AppOptimizerService.checkAndRemoveBackgroundApps:478 com.jio.appoptimizer.service.AppOptimizerService.access$700:73 
07-09 11:11:08.526 W/ContextImpl( 4891): Calling a method in the system process without a qualified user: android.app.ContextImpl.sendBroadcast:1111 android.content.ContextWrapper.sendBroadcast:468 com.jio.appoptimizer.service.AppOptimizerService.after_optimization_broadcastIntent:316 com.jio.appoptimizer.service.AppOptimizerService.checkAndRemoveBackgroundApps:485 com.jio.appoptimizer.service.AppOptimizerService.access$700:73 
07-09 11:11:08.716 I/chatty  ( 3843): uid=1000(system) ConnectivitySer expire 2 lines
07-09 11:11:09.089 I/chatty  ( 3843): uid=1000(system) android.bg expire 6 lines
07-09 11:11:09.784 I/chatty  ( 3843): uid=1000(system) LazyTaskWriterT expire 2 lines
07-09 11:11:52.132 I/chatty  ( 3843): uid=1000(system) Binder:3843_1C expire 6 lines
07-09 11:11:52.133 I/chatty  ( 3843): uid=1000 system_server expire 2 lines
07-09 11:11:52.153 I/chatty  ( 3843): uid=1000 system_server expire 2 lines
07-09 11:11:52.171 I/chatty  ( 3843): uid=1000 system_server expire 2 lines
07-09 11:11:52.180 I/chatty  ( 3843): uid=1000(system) ActivityManager expire 7 lines
07-09 11:11:52.479 I/chatty  ( 3843): uid=1000 system_server expire 2 lines
07-09 11:11:52.916 I/chatty  ( 3843): uid=1000(system) Binder:3843_B expire 1 line
07-09 11:11:53.247 I/chatty  ( 3843): uid=1000(system) Binder:3843_2 expire 2 lines
07-09 11:11:53.824 I/chatty  ( 3843): uid=1000 system_server expire 2 lines
07-09 11:11:53.868 I/chatty  ( 3843): uid=1000(system) Binder:3843_9 expire 2 lines
07-09 11:11:53.883 I/chatty  ( 3843): uid=1000 system_server expire 2 lines
07-09 11:12:03.248 I/chatty  ( 3843): uid=1000(system) Binder:3843_2 expire 6 lines
07-09 11:12:09.755 I/chatty  ( 3843): uid=1000(system) android.bg expire 72 lines
07-09 11:12:26.563 I/chatty  ( 3843): uid=1000(system) Binder:3843_B expire 13 lines
07-09 11:13:00.219 I/chatty  ( 3843): uid=1000(system) Binder:3843_9 expire 3 lines
07-09 11:13:27.710 I/chatty  ( 3843): uid=1000(system) ConnectivitySer expire 3 lines
07-09 11:13:30.463 I/chatty  ( 3843): uid=1000(system) android.ui expire 8 lines
07-09 11:20:14.275 I/chatty  ( 3843): uid=1000(system) Binder:3843_1C expire 2 lines
07-09 11:20:22.764 I/chatty  ( 3843): uid=1000(system) Binder:3843_C expire 8 lines
07-09 11:20:25.734 I/chatty  ( 3843): uid=1000(system) Binder:3843_1B expire 9 lines
07-09 11:22:42.005 W/ContextImpl( 5883): Calling a method in the system process without a qualified user: android.app.ContextImpl.bindService:1748 android.content.ContextWrapper.bindService:756 com.jio.adc.core.b.d:56 com.jio.adc.core.b.b:13 com.jio.adc.core.b$c.run:7 
07-09 11:22:42.014 W/ContextImpl( 5369): Calling a method in the system process without a qualified user: android.app.ContextImpl.sendBroadcast:1111 android.content.ContextWrapper.sendBroadcast:468 com.iwedia.tvinput.engine.ChannelManager.disconnectCA:3912 com.iwedia.tvinput.engine.ChannelManager.access$4300:116 com.iwedia.tvinput.engine.ChannelManager$CaReconnectTask.run:2434 
07-09 11:22:42.051 W/ContextImpl( 5369): Calling a method in the system process without a qualified user: android.app.ContextImpl.sendBroadcast:1111 android.content.ContextWrapper.sendBroadcast:468 com.iwedia.tvinput.engine.ChannelManager.connectCA:3844 com.iwedia.tvinput.engine.ChannelManager.access$5900:116 com.iwedia.tvinput.engine.ChannelManager$CaMessageHandler.handleMessage:4279 
07-09 11:22:48.875 I/chatty  ( 3843): uid=1000(system) android.bg expire 89 lines
07-09 11:22:50.092 I/chatty  ( 3843): uid=1000 system_server expire 11 lines
07-09 11:23:34.177 I/chatty  ( 3843): uid=1000(system) Binder:3843_1 expire 5 lines
07-09 11:23:34.187 W/ContextImpl( 5071): Calling a method in the system process without a qualified user: android.app.ContextImpl.sendBroadcast:1111 android.content.ContextWrapper.sendBroadcast:468 com.rjil.jiostbsetting.service.EndlessService.ESNredirect:1604 com.rjil.jiostbsetting.service.EndlessService$mConnection$1$onServiceConnected$2.invokeSuspend:1207 kotlin.coroutines.jvm.internal.BaseContinuationImpl.resumeWith:33 
07-09 11:23:34.220 I/chatty  ( 3843): uid=1000(system) ActivityManager expire 2 lines
07-09 11:23:34.248 W/ContextImpl( 5071): Calling a method in the system process without a qualified user: android.app.ContextImpl.bindService:1748 android.content.ContextWrapper.bindService:756 com.jio.adc.core.b.d:56 com.jio.adc.core.b.b:13 com.jio.adc.core.b$c.run:7 
07-09 11:23:36.232 W/ContextImpl( 5071): Calling a method in the system process without a qualified user: android.app.ContextImpl.sendBroadcast:1111 android.content.ContextWrapper.sendBroadcast:468 com.rjil.jiostbsetting.utils.UtilsKt.getAllVolumeDetails:2230 com.rjil.jiostbsetting.service.EndlessService.getParameters$lambda-22:1166 com.rjil.jiostbsetting.service.EndlessService.$r8$lambda$rJsFG8XlIrKzvRVodgEZk__jDnM:0 
07-09 11:23:36.239 W/ContextImpl( 5071): Calling a method in the system process without a qualified user: android.app.ContextImpl.sendBroadcast:1111 android.content.ContextWrapper.sendBroadcast:468 com.rjil.jiostbsetting.utils.UtilsKt.sendUSBAttachDetachBroadcast:2259 com.rjil.jiostbsetting.service.EndlessService$CallbackListener.onParameterNotification:1327 com.rjil.jiostbsetting.dc.DCDataProvider.invokeCallback:107 
07-09 11:31:46.096 I/chatty  ( 3843): uid=1000(system) Binder:3843_7 expire 8 lines
07-09 11:37:42.087 W/ContextImpl( 5369): Calling a method in the system process without a qualified user: android.app.ContextImpl.sendBroadcast:1111 android.content.ContextWrapper.sendBroadcast:468 com.iwedia.tvinput.engine.ChannelManager.disconnectCA:3912 com.iwedia.tvinput.engine.ChannelManager.access$4300:116 com.iwedia.tvinput.engine.ChannelManager$CaReconnectTask.run:2434 
07-09 11:37:42.114 W/ContextImpl( 5883): Calling a method in the system process without a qualified user: android.app.ContextImpl.bindService:1748 android.content.ContextWrapper.bindService:756 com.jio.adc.core.b.d:56 com.jio.adc.core.b.b:13 com.jio.adc.core.b$c.run:7 
07-09 11:37:42.123 W/ContextImpl( 5369): Calling a method in the system process without a qualified user: android.app.ContextImpl.sendBroadcast:1111 android.content.ContextWrapper.sendBroadcast:468 com.iwedia.tvinput.engine.ChannelManager.connectCA:3844 com.iwedia.tvinput.engine.ChannelManager.access$5900:116 com.iwedia.tvinput.engine.ChannelManager$CaMessageHandler.handleMessage:4279 
07-09 11:37:50.960 I/chatty  ( 3843): uid=1000(system) android.bg expire 88 lines
07-09 11:38:58.909 I/chatty  ( 3843): uid=1000(system) InputDispatcher expire 44 lines
07-09 11:38:59.172 I/chatty  ( 3843): uid=1000(system) Binder:3843_4 expire 1 line
07-09 11:39:59.822 I/chatty  ( 3843): uid=1000(system) Binder:3843_B expire 4 lines
07-09 11:52:41.232 W/ContextImpl( 5369): Calling a method in the system process without a qualified user: android.app.ContextImpl.sendBroadcast:1111 android.content.ContextWrapper.sendBroadcast:468 com.iwedia.tvinput.engine.ChannelManager.disconnectCA:3912 com.iwedia.tvinput.engine.ChannelManager.access$4300:116 com.iwedia.tvinput.engine.ChannelManager$CaReconnectTask.run:2434 
07-09 11:52:41.257 W/ContextImpl( 5369): Calling a method in the system process without a qualified user: android.app.ContextImpl.sendBroadcast:1111 android.content.ContextWrapper.sendBroadcast:468 com.iwedia.tvinput.engine.ChannelManager.connectCA:3844 com.iwedia.tvinput.engine.ChannelManager.access$5900:116 com.iwedia.tvinput.engine.ChannelManager$CaMessageHandler.handleMessage:4279 
07-09 11:52:41.267 W/ContextImpl( 5883): Calling a method in the system process without a qualified user: android.app.ContextImpl.bindService:1748 android.content.ContextWrapper.bindService:756 com.jio.adc.core.b.d:56 com.jio.adc.core.b.b:13 com.jio.adc.core.b$c.run:7 
07-09 11:52:44.610 I/chatty  ( 3843): uid=1000(system) android.bg expire 89 lines
07-09 11:52:55.786 W/ContextImpl( 5883): Calling a method in the system process without a qualified user: android.app.ContextImpl.bindService:1748 android.content.ContextWrapper.bindService:756 com.jio.adc.core.b.d:56 com.jio.adc.core.b.b:13 com.jio.adc.core.b$c.run:7 
07-09 11:53:45.311 I/chatty  ( 3843): uid=1000(system) Binder:3843_B expire 3 lines
07-09 11:53:45.318 W/ContextImpl( 5071): Calling a method in the system process without a qualified user: android.app.ContextImpl.sendBroadcast:1111 android.content.ContextWrapper.sendBroadcast:468 com.rjil.jiostbsetting.service.EndlessService.ESNredirect:1604 com.rjil.jiostbsetting.service.EndlessService$mConnection$1$onServiceConnected$2.invokeSuspend:1207 kotlin.coroutines.jvm.internal.BaseContinuationImpl.resumeWith:33 
07-09 11:53:45.360 I/chatty  ( 3843): uid=1000(system) ActivityManager expire 5 lines
07-09 11:53:45.390 W/ContextImpl( 5071): Calling a method in the system process without a qualified user: android.app.ContextImpl.bindService:1748 android.content.ContextWrapper.bindService:756 com.jio.adc.core.b.d:56 com.jio.adc.core.b.b:13 com.jio.adc.core.b$c.run:7 
07-09 11:53:47.332 W/ContextImpl( 5071): Calling a method in the system process without a qualified user: android.app.ContextImpl.sendBroadcast:1111 android.content.ContextWrapper.sendBroadcast:468 com.rjil.jiostbsetting.utils.UtilsKt.getAllVolumeDetails:2230 com.rjil.jiostbsetting.service.EndlessService.getParameters$lambda-22:1166 com.rjil.jiostbsetting.service.EndlessService.$r8$lambda$rJsFG8XlIrKzvRVodgEZk__jDnM:0 
07-09 11:53:47.343 W/ContextImpl( 5071): Calling a method in the system process without a qualified user: android.app.ContextImpl.sendBroadcast:1111 android.content.ContextWrapper.sendBroadcast:468 com.rjil.jiostbsetting.utils.UtilsKt.sendUSBAttachDetachBroadcast:2259 com.rjil.jiostbsetting.service.EndlessService$CallbackListener.onParameterNotification:1327 com.rjil.jiostbsetting.dc.DCDataProvider.invokeCallback:107 
07-09 12:02:00.028 I/chatty  ( 3843): uid=1000(system) Binder:3843_C expire 356 lines
07-09 12:07:41.269 W/ContextImpl( 5883): Calling a method in the system process without a qualified user: android.app.ContextImpl.bindService:1748 android.content.ContextWrapper.bindService:756 com.jio.adc.core.b.d:56 com.jio.adc.core.b.b:13 com.jio.adc.core.b$c.run:7 
07-09 12:07:41.275 W/ContextImpl( 5369): Calling a method in the system process without a qualified user: android.app.ContextImpl.sendBroadcast:1111 android.content.ContextWrapper.sendBroadcast:468 com.iwedia.tvinput.engine.ChannelManager.disconnectCA:3912 com.iwedia.tvinput.engine.ChannelManager.access$4300:116 com.iwedia.tvinput.engine.ChannelManager$CaReconnectTask.run:2434 
07-09 12:07:41.303 W/ContextImpl( 5369): Calling a method in the system process without a qualified user: android.app.ContextImpl.sendBroadcast:1111 android.content.ContextWrapper.sendBroadcast:468 com.iwedia.tvinput.engine.ChannelManager.connectCA:3844 com.iwedia.tvinput.engine.ChannelManager.access$5900:116 com.iwedia.tvinput.engine.ChannelManager$CaMessageHandler.handleMessage:4279 
07-09 12:07:45.369 I/chatty  ( 3843): uid=1000(system) android.bg expire 89 lines
07-09 12:09:32.621 I/chatty  ( 3843): uid=1000(system) android.ui expire 5 lines
07-09 12:09:32.975 I/chatty  ( 3843): uid=1000(system) Binder:3843_1 expire 5 lines
07-09 12:09:55.198 I/chatty  ( 3843): uid=1000(system) Binder:3843_9 expire 3 lines
07-09 12:22:28.005 I/chatty  ( 3843): uid=1000(system) android.io expire 3 lines
07-09 12:22:41.829 W/ContextImpl( 5369): Calling a method in the system process without a qualified user: android.app.ContextImpl.sendBroadcast:1111 android.content.ContextWrapper.sendBroadcast:468 com.iwedia.tvinput.engine.ChannelManager.disconnectCA:3912 com.iwedia.tvinput.engine.ChannelManager.access$4300:116 com.iwedia.tvinput.engine.ChannelManager$CaReconnectTask.run:2434 
07-09 12:22:41.858 W/ContextImpl( 5369): Calling a method in the system process without a qualified user: android.app.ContextImpl.sendBroadcast:1111 android.content.ContextWrapper.sendBroadcast:468 com.iwedia.tvinput.engine.ChannelManager.connectCA:3844 com.iwedia.tvinput.engine.ChannelManager.access$5900:116 com.iwedia.tvinput.engine.ChannelManager$CaMessageHandler.handleMessage:4279 
07-09 12:22:41.862 W/ContextImpl( 5883): Calling a method in the system process without a qualified user: android.app.ContextImpl.bindService:1748 android.content.ContextWrapper.bindService:756 com.jio.adc.core.b.d:56 com.jio.adc.core.b.b:13 com.jio.adc.core.b$c.run:7 
07-09 12:22:45.977 I/chatty  ( 3843): uid=1000(system) android.bg expire 37 lines
07-09 12:22:48.555 W/ContextImpl( 4840): Calling a method in the system process without a qualified user: android.app.ContextImpl.sendBroadcast:1126 android.content.ContextWrapper.sendBroadcast:473 com.iwedia.dtv.common.CommonTifExtnIntentHandler.sendIntent:123 com.iwedia.dtv.common.CommonTifExtnIntentHandler.notifyServiceJsonInfo:87 com.iwedia.dtv.common.CommonTifExtnControl.notifyServiceJsonInfo:778 
07-09 12:23:49.262 W/ContextImpl( 5071): Calling a method in the system process without a qualified user: android.app.ContextImpl.sendBroadcast:1111 android.content.ContextWrapper.sendBroadcast:468 com.rjil.jiostbsetting.service.EndlessService.ESNredirect:1604 com.rjil.jiostbsetting.service.EndlessService$mConnection$1$onServiceConnected$2.invokeSuspend:1207 kotlin.coroutines.jvm.internal.BaseContinuationImpl.resumeWith:33 
07-09 12:23:49.290 W/ContextImpl( 5071): Calling a method in the system process without a qualified user: android.app.ContextImpl.bindService:1748 android.content.ContextWrapper.bindService:756 com.jio.adc.core.b.d:56 com.jio.adc.core.b.b:13 com.jio.adc.core.b$c.run:7 
07-09 12:23:51.481 W/ContextImpl( 5071): Calling a method in the system process without a qualified user: android.app.ContextImpl.sendBroadcast:1111 android.content.ContextWrapper.sendBroadcast:468 com.rjil.jiostbsetting.utils.UtilsKt.getAllVolumeDetails:2230 com.rjil.jiostbsetting.service.EndlessService.getParameters$lambda-22:1166 com.rjil.jiostbsetting.service.EndlessService.$r8$lambda$rJsFG8XlIrKzvRVodgEZk__jDnM:0 
07-09 12:23:51.485 W/ContextImpl( 5071): Calling a method in the system process without a qualified user: android.app.ContextImpl.sendBroadcast:1111 android.content.ContextWrapper.sendBroadcast:468 com.rjil.jiostbsetting.utils.UtilsKt.sendUSBAttachDetachBroadcast:2259 com.rjil.jiostbsetting.service.EndlessService$CallbackListener.onParameterNotification:1327 com.rjil.jiostbsetting.dc.DCDataProvider.invokeCallback:107 
07-09 12:24:50.617 I/chatty  ( 3843): uid=1000(system) PowerManagerSer expire 2 lines
07-09 12:25:57.805 I/chatty  ( 3843): uid=1000(system) Binder:3843_C expire 1 line
07-09 12:25:57.806 I/chatty  ( 3843): uid=1000(system) ConnectivitySer expire 4 lines
07-09 12:27:18.919 I/chatty  ( 3843): uid=1000(system) Binder:3843_7 expire 1 line
07-09 12:28:39.249 I/chatty  ( 3843): uid=1000 system_server expire 2 lines
07-09 12:28:39.289 I/chatty  ( 3843): uid=1000 system_server expire 2 lines
07-09 12:28:39.298 I/chatty  ( 3843): uid=1000 system_server expire 2 lines
07-09 12:28:39.299 I/chatty  ( 3843): uid=1000 system_server expire 2 lines
07-09 12:28:39.510 I/chatty  ( 3843): uid=1000(system) Binder:3843_1B expire 5 lines
07-09 12:28:39.607 I/chatty  ( 3843): uid=1000(system) android.anim expire 15 lines
07-09 12:28:39.629 I/chatty  ( 3843): uid=1000(system) Binder:3843_1C expire 4 lines
07-09 12:28:39.660 I/chatty  ( 3843): uid=1000 system_server expire 2 lines
07-09 12:28:39.665 I/chatty  ( 3843): uid=1000 system_server expire 2 lines
