07-04 12:36:23.336 D/INSETS  ( 3836): else - Package Name ::  left : 0 right :: 0 top :: 0 bottom :: 0 dfu-right :: 1920 dfu-bottom :: 1080
07-04 12:36:23.349 W/ContextImpl( 3836): Calling a method in the system process without a qualified user: android.app.ContextImpl.sendBroadcast:1111 com.android.server.inputmethod.InputMethodManagerService.sendSoftInputVisibilityBroadcast:3258 com.android.server.inputmethod.InputMethodManagerService.hideCurrentInputLocked:3330 com.android.server.inputmethod.InputMethodManagerService.hideSoftInput:3290 com.android.internal.view.IInputMethodManager$Stub.onTransact:325 
07-04 12:36:23.391 D/InputMethodManagerService( 3836): Top Package Name: in.startv.hotstar
07-04 12:36:23.396 W/ContextImpl( 3836): Calling a method in the system process without a qualified user: android.app.ContextImpl.sendBroadcast:1111 com.android.server.inputmethod.InputMethodManagerService.sendSoftInputVisibilityBroadcast:3258 com.android.server.inputmethod.InputMethodManagerService.showCurrentInputLocked:3231 com.android.server.inputmethod.InputMethodManagerService.showMySoftInput:4198 com.android.server.inputmethod.InputMethodManagerService.access$4100:189 
07-04 12:36:23.413 D/InputMethodManagerService( 3836): Top Package Name: in.startv.hotstar
07-04 12:36:23.414 W/ContextImpl( 3836): Calling a method in the system process without a qualified user: android.app.ContextImpl.sendBroadcast:1111 com.android.server.inputmethod.InputMethodManagerService.sendSoftInputVisibilityBroadcast:3258 com.android.server.inputmethod.InputMethodManagerService.showCurrentInputLocked:3231 com.android.server.inputmethod.InputMethodManagerService.showMySoftInput:4198 com.android.server.inputmethod.InputMethodManagerService.access$4100:189 
07-04 12:36:23.428 D/InputMethodManagerService( 3836): Top Package Name: in.startv.hotstar
07-04 12:36:23.429 W/ContextImpl( 3836): Calling a method in the system process without a qualified user: android.app.ContextImpl.sendBroadcast:1111 com.android.server.inputmethod.InputMethodManagerService.sendSoftInputVisibilityBroadcast:3258 com.android.server.inputmethod.InputMethodManagerService.showCurrentInputLocked:3231 com.android.server.inputmethod.InputMethodManagerService.showMySoftInput:4198 com.android.server.inputmethod.InputMethodManagerService.access$4100:189 
07-04 12:36:23.471 D/INSETS  ( 3836): else - Package Name ::  left : 0 right :: 0 top :: 0 bottom :: 0 dfu-right :: 1920 dfu-bottom :: 1080
07-04 12:36:23.519 I/chatty  ( 3836): uid=1000(system) Binder:3836_19 identical 1 line
07-04 12:36:23.519 D/INSETS  ( 3836): else - Package Name ::  left : 0 right :: 0 top :: 0 bottom :: 0 dfu-right :: 1920 dfu-bottom :: 1080
07-04 12:36:23.532 W/NotificationHistory( 3836): Attempted to add notif for locked/gone/disabled user 0
07-04 12:36:23.550 D/INSETS  ( 3836): else - Package Name ::  left : 0 right :: 0 top :: 0 bottom :: 0 dfu-right :: 1920 dfu-bottom :: 1080
07-04 12:36:23.550 D/INSETS  ( 3836): else - Package Name ::  left : 0 right :: 0 top :: 0 bottom :: 0 dfu-right :: 1920 dfu-bottom :: 1080
07-04 12:36:23.552 D/InputMethodManagerService( 3836): Top Package Name: in.startv.hotstar
07-04 12:36:23.552 W/ContextImpl( 3836): Calling a method in the system process without a qualified user: android.app.ContextImpl.sendBroadcast:1111 com.android.server.inputmethod.InputMethodManagerService.sendSoftInputVisibilityBroadcast:3258 com.android.server.inputmethod.InputMethodManagerService.showCurrentInputLocked:3231 com.android.server.inputmethod.InputMethodManagerService.showMySoftInput:4198 com.android.server.inputmethod.InputMethodManagerService.access$4100:189 
07-04 12:36:23.645 W/NotificationHistory( 3836): Attempted to add notif for locked/gone/disabled user 0
07-04 12:36:23.713 D/INSETS  ( 3836): else - Package Name ::  left : 0 right :: 0 top :: 0 bottom :: 0 dfu-right :: 1920 dfu-bottom :: 1080
07-04 12:36:23.713 D/INSETS  ( 3836): else - Package Name ::  left : 0 right :: 0 top :: 0 bottom :: 0 dfu-right :: 1920 dfu-bottom :: 1080
07-04 12:36:23.783 D/InputMethodManagerService( 3836): Top Package Name: in.startv.hotstar
07-04 12:36:23.783 W/ContextImpl( 3836): Calling a method in the system process without a qualified user: android.app.ContextImpl.sendBroadcast:1111 com.android.server.inputmethod.InputMethodManagerService.sendSoftInputVisibilityBroadcast:3258 com.android.server.inputmethod.InputMethodManagerService.showCurrentInputLocked:3231 com.android.server.inputmethod.InputMethodManagerService.attachNewInputLocked:2397 com.android.server.inputmethod.InputMethodManagerService.startInputUncheckedLocked:2503 
07-04 12:36:23.915 D/InputMethodManagerService( 3836): Top Package Name: in.startv.hotstar
07-04 12:36:23.915 W/ContextImpl( 3836): Calling a method in the system process without a qualified user: android.app.ContextImpl.sendBroadcast:1111 com.android.server.inputmethod.InputMethodManagerService.sendSoftInputVisibilityBroadcast:3258 com.android.server.inputmethod.InputMethodManagerService.showCurrentInputLocked:3231 com.android.server.inputmethod.InputMethodManagerService.showMySoftInput:4198 com.android.server.inputmethod.InputMethodManagerService.access$4100:189 
07-04 12:36:23.966 D/INSETS  ( 3836): else - Package Name ::  left : 0 right :: 0 top :: 0 bottom :: 0 dfu-right :: 1920 dfu-bottom :: 1080
07-04 12:36:23.967 D/INSETS  ( 3836): else - Package Name ::  left : 0 right :: 0 top :: 0 bottom :: 0 dfu-right :: 1920 dfu-bottom :: 1080
07-04 12:36:23.971 D/INSETS  ( 3836): else - Package Name ::  left : 0 right :: 0 top :: 0 bottom :: 0 dfu-right :: 1920 dfu-bottom :: 1080
07-04 12:36:23.971 D/INSETS  ( 3836): else - Package Name ::  left : 0 right :: 0 top :: 0 bottom :: 0 dfu-right :: 1920 dfu-bottom :: 1080
07-04 12:36:24.009 D/INSETS  ( 3836): else - Package Name ::  left : 0 right :: 0 top :: 0 bottom :: 0 dfu-right :: 1920 dfu-bottom :: 1080
07-04 12:36:24.010 D/INSETS  ( 3836): else - Package Name ::  left : 0 right :: 0 top :: 0 bottom :: 0 dfu-right :: 1920 dfu-bottom :: 1080
07-04 12:36:24.010 W/ContextImpl( 3836): Calling a method in the system process without a qualified user: android.app.ContextImpl.sendBroadcast:1111 com.android.server.inputmethod.InputMethodManagerService.sendSoftInputVisibilityBroadcast:3258 com.android.server.inputmethod.InputMethodManagerService.hideCurrentInputLocked:3330 com.android.server.inputmethod.InputMethodManagerService.hideMySoftInput:4180 com.android.server.inputmethod.InputMethodManagerService.access$4000:189 
07-04 12:36:24.022 D/INSETS  ( 3836): else - Package Name ::  left : 0 right :: 0 top :: 0 bottom :: 0 dfu-right :: 1920 dfu-bottom :: 1080
07-04 12:36:24.023 D/INSETS  ( 3836): else - Package Name ::  left : 0 right :: 0 top :: 0 bottom :: 0 dfu-right :: 1920 dfu-bottom :: 1080
07-04 12:36:24.053 D/INSETS  ( 3836): else - Package Name ::  left : 0 right :: 0 top :: 0 bottom :: 0 dfu-right :: 1920 dfu-bottom :: 1080
07-04 12:36:24.053 D/INSETS  ( 3836): else - Package Name ::  left : 0 right :: 0 top :: 0 bottom :: 0 dfu-right :: 1920 dfu-bottom :: 1080
07-04 12:36:24.089 D/INSETS  ( 3836): else - Package Name ::  left : 0 right :: 0 top :: 0 bottom :: 0 dfu-right :: 1920 dfu-bottom :: 1080
07-04 12:36:24.090 D/INSETS  ( 3836): else - Package Name ::  left : 0 right :: 0 top :: 0 bottom :: 0 dfu-right :: 1920 dfu-bottom :: 1080
07-04 12:36:24.124 W/NotificationHistory( 3836): Attempted to add notif for locked/gone/disabled user 0
07-04 12:36:24.315 D/INSETS  ( 3836): else - Package Name ::  left : 0 right :: 0 top :: 0 bottom :: 0 dfu-right :: 1920 dfu-bottom :: 1080
07-04 12:36:24.618 I/UsageStatsService( 3836): User[0] Flushing usage stats to disk
07-04 12:36:25.478 I/[11635.934198@0]- resman(    0): 104 appname:OMX-97, type=0
07-04 12:36:25.562 E/[11636.016294@2]- ion_import_dma_buf(    0): can not import dmabuf from another exporter
07-04 12:36:25.563 E/[11636.019049@2]- ion_import_dma_buf(    0): can not import dmabuf from another exporter
07-04 12:36:25.568 E/[11636.023108@2]- ion_import_dma_buf(    0): can not import dmabuf from another exporter
07-04 12:36:25.568 E/[11636.024192@3]- ion_import_dma_buf(    0): can not import dmabuf from another exporter
07-04 12:36:25.574 E/[11636.030585@2]- ion_import_dma_buf(    0): can not import dmabuf from another exporter
07-04 12:36:25.577 E/[11636.031292@3]- ion_import_dma_buf(    0): can not import dmabuf from another exporter
07-04 12:36:25.589 E/[11636.037859@2]- ion_import_dma_buf(    0): can not import dmabuf from another exporter
07-04 12:36:25.589 E/[11636.038611@3]- ion_import_dma_buf(    0): can not import dmabuf from another exporter
07-04 12:36:25.590 E/[11636.046314@0]- ion_import_dma_buf(    0): can not import dmabuf from another exporter
07-04 12:36:25.595 E/[11636.047559@1]- ion_import_dma_buf(    0): can not import dmabuf from another exporter
07-04 12:36:25.596 E/[11636.052688@2]- ion_import_dma_buf(    0): can not import dmabuf from another exporter
07-04 12:36:25.598 E/[11636.053533@3]- ion_import_dma_buf(    0): can not import dmabuf from another exporter
07-04 12:36:25.608 E/[11636.059123@1]- ion_import_dma_buf(    0): can not import dmabuf from another exporter
07-04 12:36:25.608 E/[11636.059756@0]- ion_import_dma_buf(    0): can not import dmabuf from another exporter
07-04 12:36:25.610 E/[11636.064899@0]- ion_import_dma_buf(    0): can not import dmabuf from another exporter
07-04 12:36:25.611 E/[11636.065566@3]- ion_import_dma_buf(    0): can not import dmabuf from another exporter
07-04 12:36:25.611 I/[11636.066737@1]- 00000000c212d955(    0): alloc space for storing ion_id
07-04 12:36:25.611 I/[11636.066752@1]- 00000000c212d955(    0): allocated ion_id:0
07-04 12:36:25.611 I/[11636.067014@1]- resman(    0): 104 acquire [codec_mm], preempt yes
07-04 12:36:25.611 I/[11636.067023@1]- resman(    0): 104 score 60 secure no
07-04 12:36:25.611 I/[11636.067028@1]- resman(    0): 104 acquire [codec_mm] success
07-04 12:36:25.611 D/        (    0): [11636.067079@1]- the demux           clock on, ref cnt: 2
07-04 12:36:25.611 D/        (    0): [11636.067084@1]- the parser_top      clock on, ref cnt: 2
07-04 12:36:25.612 D/        (    0): [11636.067094@1]- the vdec            clock on, ref cnt: 1
07-04 12:36:25.612 D/        (    0): [11636.067117@1]- the clk_hevc_mux    clock on, ref cnt: 1
07-04 12:36:25.612 D/        (    0): [11636.067121@1]- the clk_hevcb_mux   clock on, ref cnt: 1
07-04 12:36:25.612 D/        (    0): [11636.067152@1]- hevc mux clock is 499999992 Hz
07-04 12:36:25.612 D/        (    0): [11636.067166@1]- hevc back mux clock is 499999992 Hz
07-04 12:36:25.612 D/        (    0): [11636.067284@1]- vdec_create instance 00000000758efd2f, total 1, PM: legacy
07-04 12:36:25.612 D/        (    0): [11636.067322@1]- no drmmode
07-04 12:36:25.612 I/        (    0): [11636.067374@1]- is_reset=0
07-04 12:36:25.612 I/        (    0): [11636.067401@1]- vdec_init, dev_name:ammvdec_h265, vdec_type=VDEC_TYPE_FRAME_BLOCK  id = 0
07-04 12:36:25.612 D/[11636.068105@1]- [0]pdata->config=hevc_buf_width(    0): 1920;hevc_buf_height:1088;hevc_buf_margin:0;hevc_double_write_mode:16;save_buffer_mode:0;
07-04 12:36:25.612 D/        (    0): [11636.068137@1]- decoder_bmmu_box_alloc_box, tvp_flags = 0
07-04 12:36:25.619 D/        (    0): [11636.074915@0]- [0]dynamic_buf_num_margin=9
07-04 12:36:25.619 D/        (    0): [11636.074924@0]- [0]double_write_mode=16
07-04 12:36:25.620 D/[11636.074948@0]- [0]h265(    0): pts_unstable=0
07-04 12:36:25.620 D/[11636.074955@0]- [0]h265(    0): ver (201602101,0) decinfo: 0x0 rate=3600
07-04 12:36:25.620 I/        (    0): [11636.076952@0]- [TEE], the fw (hevc_mmu) will be loaded.
07-04 12:36:25.620 D/        (    0): [11636.077000@0]- hevc mux clock is 666666656 Hz
07-04 12:36:25.620 D/        (    0): [11636.077017@0]- hevc back mux clock is 666666656 Hz
07-04 12:36:25.620 D/        (    0): [11636.077023@0]- hevc video changed to 3840 x 2160 60 fps clk->667MHZ
07-04 12:36:25.620 D/        (    0): [11636.077067@0]- vfm map vdec-map-0 created
07-04 12:36:25.620 I/[11636.077085@0]- reg(    0): ionvideo
07-04 12:36:25.620 D/        (    0): [11636.077093@0]- vdec_init, vf_provider_name = vdec.h265.00, b 0
07-04 12:36:25.642 I/        (    0): [11636.096450@1]- vdec->port_flag=0x102, port_flag=0x10b
07-04 12:36:25.646 D/[11636.100395@1]- ionvid(    0): dbg: ionvideo open
07-04 12:36:25.646 D/[11636.100416@1]- ionvid(    0): dbg: ionvideo: set freerun mode
07-04 12:36:25.670 E/        (    0): [11636.125736@2]- mmu box NULL !!!
07-04 12:36:25.670 D/        (    0): [11636.125749@2]- [0]vh265 cached=0  need_size=6144 speed= 56 ms
07-04 12:36:25.670 D/        (    0): [11636.126324@0]- [0]hevc->performance_profile 0
07-04 12:36:25.677 D/        (    0): [11636.126333@0]- [0]set pic_list_init_flag 1
07-04 12:36:25.758 D/        (    0): [11636.211444@0]- [0]init_buf_spec2 1920 1080
07-04 12:36:25.759 D/        (    0): [11636.211453@0]- [0]set pic_list_init_flag to 2
07-04 12:36:25.759 D/        (    0): [11636.211503@0]- [0]set pic_list_init_flag to 3
07-04 12:36:25.759 D/        (    0): [11636.211507@0]- [vdec_kpi][vh265_isr_thread_fn] First I frame coming.
07-04 12:36:25.766 D/[11636.220731@0]- [0]VH265(    0): output first frame
07-04 12:36:25.766 D/        (    0): [11636.220754@0]- [vdec_kpi][post_video_frame] First I frame decoded.
07-04 12:36:25.798 D/        (    0): [11636.253604@0]- cal_dur_from_pts vstatus 3840 dur3600 -> 3840, revised 3840
07-04 12:36:25.807 I/[11636.259218@0]- vframe_rate_uevent(    0): sent uevent FRAME_RATE_HINT=3840
07-04 12:36:25.823 D/INSETS  ( 3836): else - Package Name ::  left : 0 right :: 0 top :: 0 bottom :: 0 dfu-right :: 1920 dfu-bottom :: 1080
07-04 12:36:26.130 D/INSETS  ( 3836): else - Package Name ::  left : 0 right :: 0 top :: 0 bottom :: 0 dfu-right :: 1920 dfu-bottom :: 1080
07-04 12:36:26.165 E/[11636.621043@2]- ion_import_dma_buf(    0): can not import dmabuf from another exporter
07-04 12:36:26.165 E/[11636.621778@2]- ion_import_dma_buf(    0): can not import dmabuf from another exporter
07-04 12:36:26.170 E/[11636.623494@0]- ion_import_dma_buf(    0): can not import dmabuf from another exporter
07-04 12:36:26.170 E/[11636.624836@0]- ion_import_dma_buf(    0): can not import dmabuf from another exporter
07-04 12:36:26.170 E/[11636.625498@0]- ion_import_dma_buf(    0): can not import dmabuf from another exporter
07-04 12:36:26.170 E/[11636.626182@0]- ion_import_dma_buf(    0): can not import dmabuf from another exporter
07-04 12:36:26.170 E/[11636.626893@2]- ion_import_dma_buf(    0): can not import dmabuf from another exporter
07-04 12:36:26.175 E/[11636.628283@1]- ion_import_dma_buf(    0): can not import dmabuf from another exporter
07-04 12:36:26.190 E/[11636.636118@1]- ion_import_dma_buf(    0): can not import dmabuf from another exporter
07-04 12:36:26.190 I/[11636.638196@1]- VID(    0): VD1 off
07-04 12:36:26.190 I/[11636.638313@1]- vc(    0): [0]vc: set enable index=0, val=1
07-04 12:36:26.190 I/        (    0): [11636.638332@1]- dev->index =0, val=2
07-04 12:36:26.191 I/[11636.638336@1]- VID(    0): VD1 off
07-04 12:36:26.191 I/[11636.638342@1]- VID(    0): VD1 set global output as 1
07-04 12:36:26.191 I/[11636.638374@1]- VID(    0): store VD0 path_id changed -1->2
07-04 12:36:26.191 I/[11636.638400@1]- vc(    0): [0]sideband_type =-1
07-04 12:36:26.205 E/[11636.651871@1]- ion_import_dma_buf(    0): can not import dmabuf from another exporter
07-04 12:36:26.247 E/[11636.701534@1]- ion_import_dma_buf(    0): can not import dmabuf from another exporter
07-04 12:36:26.285 I/        (    0): [11636.741078@3]- is_reset=1
07-04 12:36:26.288 I/[11636.741632@3]- vframe_rate_uevent(    0): sent uevent FRAME_RATE_HINT=0
07-04 12:36:26.299 I/[11636.750880@2]- unreg(    0): ionvideo
07-04 12:36:26.299 D/        (    0): [11636.750909@2]- vdec_disable_DMC input->target= 0x1
07-04 12:36:26.299 D/        (    0): [11636.754621@3]- vdec_release instance 00000000758efd2f, total 1 id = 0
07-04 12:36:26.299 D/        (    0): [11636.754861@3]- the clk_hevc_mux    clock off, ref cnt: 0
07-04 12:36:26.299 D/        (    0): [11636.754868@3]- the clk_hevcb_mux   clock off, ref cnt: 0
07-04 12:36:26.299 D/        (    0): [11636.754877@3]- the vdec            clock off, ref cnt: 0
07-04 12:36:26.299 D/        (    0): [11636.754881@3]- the parser_top      clock off, ref cnt: 1
07-04 12:36:26.299 D/        (    0): [11636.754885@3]- the demux           clock off, ref cnt: 1
07-04 12:36:26.299 D/        (    0): [11636.754956@3]- the demux           clock on, ref cnt: 2
07-04 12:36:26.300 D/        (    0): [11636.754961@3]- the parser_top      clock on, ref cnt: 2
07-04 12:36:26.300 D/        (    0): [11636.754968@3]- the vdec            clock on, ref cnt: 1
07-04 12:36:26.300 D/        (    0): [11636.754987@3]- the clk_hevc_mux    clock on, ref cnt: 1
07-04 12:36:26.300 D/        (    0): [11636.754992@3]- the clk_hevcb_mux   clock on, ref cnt: 1
07-04 12:36:26.300 D/        (    0): [11636.755024@3]- hevc mux clock is 499999992 Hz
07-04 12:36:26.300 D/        (    0): [11636.755040@3]- hevc back mux clock is 499999992 Hz
07-04 12:36:26.300 D/        (    0): [11636.755165@3]- vdec_create instance 000000007236c738, total 1, PM: legacy
07-04 12:36:26.300 D/        (    0): [11636.755207@3]- no drmmode
07-04 12:36:26.302 I/        (    0): [11636.755279@3]- is_reset=1
07-04 12:36:26.303 I/        (    0): [11636.755337@3]- vdec_init, dev_name:ammvdec_h265, vdec_type=VDEC_TYPE_FRAME_BLOCK  id = 0
07-04 12:36:26.303 D/[11636.756154@3]- [0]pdata->config=hevc_buf_width(    0): 1920;hevc_buf_height:1088;hevc_buf_margin:0;hevc_double_write_mode:16;save_buffer_mode:0;
07-04 12:36:26.303 D/        (    0): [11636.756187@3]- decoder_bmmu_box_alloc_box, tvp_flags = 0
07-04 12:36:26.303 D/        (    0): [11636.756696@3]- [0]dynamic_buf_num_margin=9
07-04 12:36:26.303 D/        (    0): [11636.756704@3]- [0]double_write_mode=16
07-04 12:36:26.303 D/[11636.756713@3]- [0]h265(    0): pts_unstable=0
07-04 12:36:26.303 D/[11636.756719@3]- [0]h265(    0): ver (201602101,0) decinfo: 0x0 rate=3600
07-04 12:36:26.303 I/        (    0): [11636.759307@1]- [TEE], the fw (hevc_mmu) will be loaded.
07-04 12:36:26.303 D/        (    0): [11636.759356@1]- hevc mux clock is 666666656 Hz
07-04 12:36:26.303 D/        (    0): [11636.759372@1]- hevc back mux clock is 666666656 Hz
07-04 12:36:26.303 D/        (    0): [11636.759377@1]- hevc video changed to 3840 x 2160 60 fps clk->667MHZ
07-04 12:36:26.303 D/        (    0): [11636.759423@1]- vfm map vdec-map-0 created
07-04 12:36:26.303 I/[11636.759443@1]- reg(    0): ionvideo
07-04 12:36:26.303 D/        (    0): [11636.759448@1]- vdec_init, vf_provider_name = vdec.h265.00, b 0
07-04 12:36:26.308 I/        (    0): [11636.760035@1]- vdec->port_flag=0x102, port_flag=0x10b
07-04 12:36:26.308 I/        (    0): [11636.760139@1]- is_reset=0
07-04 12:36:26.333 I/        (    0): [11636.786583@2]- is_reset=1
07-04 12:36:26.333 I/[11636.786907@2]- vframe_rate_uevent(    0): sent uevent FRAME_RATE_HINT=0
07-04 12:36:26.339 I/[11636.790929@0]- unreg(    0): ionvideo
07-04 12:36:26.342 D/        (    0): [11636.790956@0]- vdec_disable_DMC input->target= 0x1
07-04 12:36:26.342 D/        (    0): [11636.791582@0]- vdec_release instance 000000007236c738, total 1 id = 0
07-04 12:36:26.342 D/        (    0): [11636.791738@0]- the clk_hevc_mux    clock off, ref cnt: 0
07-04 12:36:26.342 D/        (    0): [11636.791745@0]- the clk_hevcb_mux   clock off, ref cnt: 0
07-04 12:36:26.342 D/        (    0): [11636.791831@0]- the vdec            clock off, ref cnt: 0
07-04 12:36:26.342 D/        (    0): [11636.791835@0]- the parser_top      clock off, ref cnt: 1
07-04 12:36:26.342 D/        (    0): [11636.791839@0]- the demux           clock off, ref cnt: 1
07-04 12:36:26.342 D/        (    0): [11636.791996@0]- the demux           clock on, ref cnt: 2
07-04 12:36:26.342 D/        (    0): [11636.792002@0]- the parser_top      clock on, ref cnt: 2
07-04 12:36:26.342 D/        (    0): [11636.792008@0]- the vdec            clock on, ref cnt: 1
07-04 12:36:26.342 D/        (    0): [11636.792029@0]- the clk_hevc_mux    clock on, ref cnt: 1
07-04 12:36:26.342 D/        (    0): [11636.792034@0]- the clk_hevcb_mux   clock on, ref cnt: 1
07-04 12:36:26.342 D/        (    0): [11636.792068@0]- hevc mux clock is 499999992 Hz
07-04 12:36:26.342 D/        (    0): [11636.792085@0]- hevc back mux clock is 499999992 Hz
07-04 12:36:26.342 D/        (    0): [11636.792212@0]- vdec_create instance 000000009ad7fbd7, total 1, PM: legacy
07-04 12:36:26.342 D/        (    0): [11636.792255@0]- no drmmode
07-04 12:36:26.342 I/        (    0): [11636.792294@0]- is_reset=1
07-04 12:36:26.342 I/        (    0): [11636.792320@0]- vdec_init, dev_name:ammvdec_h265, vdec_type=VDEC_TYPE_FRAME_BLOCK  id = 0
07-04 12:36:26.342 D/[11636.792955@0]- [0]pdata->config=hevc_buf_width(    0): 1920;hevc_buf_height:1088;hevc_buf_margin:0;hevc_double_write_mode:16;save_buffer_mode:0;
07-04 12:36:26.351 D/        (    0): [11636.792987@0]- decoder_bmmu_box_alloc_box, tvp_flags = 0
07-04 12:36:26.351 D/        (    0): [11636.794769@3]- [0]dynamic_buf_num_margin=9
07-04 12:36:26.368 D/        (    0): [11636.794777@3]- [0]double_write_mode=16
07-04 12:36:26.368 D/[11636.794835@3]- [0]h265(    0): pts_unstable=0
07-04 12:36:26.369 D/[11636.794841@3]- [0]h265(    0): ver (201602101,0) decinfo: 0x0 rate=3600
07-04 12:36:26.369 I/        (    0): [11636.795940@0]- [TEE], the fw (hevc_mmu) will be loaded.
07-04 12:36:26.369 D/        (    0): [11636.795990@0]- hevc mux clock is 666666656 Hz
07-04 12:36:26.369 D/        (    0): [11636.796006@0]- hevc back mux clock is 666666656 Hz
07-04 12:36:26.369 D/        (    0): [11636.796011@0]- hevc video changed to 3840 x 2160 60 fps clk->667MHZ
07-04 12:36:26.369 D/        (    0): [11636.796063@0]- vfm map vdec-map-0 created
07-04 12:36:26.369 I/[11636.796083@0]- reg(    0): ionvideo
07-04 12:36:26.369 D/        (    0): [11636.796088@0]- vdec_init, vf_provider_name = vdec.h265.00, b 0
07-04 12:36:26.369 I/        (    0): [11636.800248@0]- vdec->port_flag=0x102, port_flag=0x10b
07-04 12:36:26.369 I/        (    0): [11636.800359@0]- is_reset=0
07-04 12:36:26.369 I/[11636.812837@2]- vframe_rate_uevent(    0): sent uevent FRAME_RATE_HINT=0
07-04 12:36:26.380 I/[11636.830906@2]- unreg(    0): ionvideo
07-04 12:36:26.380 D/        (    0): [11636.830935@2]- vdec_disable_DMC input->target= 0x1
07-04 12:36:26.380 D/        (    0): [11636.831477@3]- vdec_release instance 000000009ad7fbd7, total 1 id = 0
07-04 12:36:26.380 D/        (    0): [11636.831658@3]- the clk_hevc_mux    clock off, ref cnt: 0
07-04 12:36:26.380 D/        (    0): [11636.831665@3]- the clk_hevcb_mux   clock off, ref cnt: 0
07-04 12:36:26.380 D/        (    0): [11636.831674@3]- the vdec            clock off, ref cnt: 0
07-04 12:36:26.380 D/        (    0): [11636.831678@3]- the parser_top      clock off, ref cnt: 1
07-04 12:36:26.380 D/        (    0): [11636.831682@3]- the demux           clock off, ref cnt: 1
07-04 12:36:26.380 I/[11636.831718@3]- 00000000c212d955(    0): free ion_id:0, priv_data:0
07-04 12:36:26.380 D/        (    0): [11636.831722@3]d ionvideo_release_map 0 OK
07-04 12:36:26.390 D/[11636.842912@0]- ionvid(    0): dbg: vidioc_close!!!!
07-04 12:36:26.390 D/[11636.842932@0]- ionvid(    0): dbg: vidioc_close
07-04 12:36:26.390 I/[11636.844071@0]- resman(    0): 104 release [codec_mm]
07-04 12:36:26.553 D/INSETS  ( 3836): else - Package Name ::  left : 0 right :: 0 top :: 0 bottom :: 0 dfu-right :: 1920 dfu-bottom :: 1080
07-04 12:36:26.582 I/[11637.038051@0]- vc(    0): [0]vc: set enable index=0, val=0
07-04 12:36:26.582 I/[11637.038068@0]- VID(    0): store VD0 path_id changed 2->-1
07-04 12:36:26.582 I/        (    0): [11637.038072@0]- dev->index =0, val=1
07-04 12:36:26.582 I/[11637.038077@0]- VID(    0): VD1 off
07-04 12:36:26.582 I/[11637.038082@0]- VID(    0): VD1 set global output as 0
07-04 12:36:26.582 I/        (    0): [11637.038099@0]- common_vf_unreg_provider video_render.0: vd1 used: true, vd2 used: false, black_out:0, cur_buf:00000000a4110585
07-04 12:36:26.609 D/ConnectivityService( 3836): requestNetwork for uid/pid:10086/8438 NetworkRequest [ TRACK_DEFAULT id=68, [ Capabilities: INTERNET&NOT_RESTRICTED&TRUSTED Uid: 10086 AdministratorUids: [] RequestorUid: 10086 RequestorPackageName: in.startv.hotstar] ]
07-04 12:36:26.610 D/ConnectivityService( 3836): NetReassign [68 : null  100]
07-04 12:36:27.118 W/[11637.574266@0]- RTW(    0): fill_default_txdesc(wlan0): SP Packet(0x0806) rate=0x4 SeqNum = 3442
07-04 12:36:27.402 W/[11637.855191@0]- RTW(    0): Turbo EDCA =0x431c
07-04 12:36:27.541 D/INSETS  ( 3836): else - Package Name ::  left : 0 right :: 0 top :: 0 bottom :: 0 dfu-right :: 1920 dfu-bottom :: 1080
07-04 12:36:29.416 W/[11639.872403@3]- RTW(    0): Turbo EDCA =0x5ea42b
07-04 12:36:32.230 W/[11642.684220@3]- RTW(    0): fill_default_txdesc(wlan0): SP Packet(0x0806) rate=0x4 SeqNum = 3611
07-04 12:36:34.213 W/[11644.669504@1]- audit(    0): audit_lost=4816 audit_rate_limit=5 audit_backlog_limit=64
07-04 12:36:34.213 E/[11644.669516@1]- audit(    0): rate limit exceeded
07-04 12:36:34.698 I/UsageStatsService( 3836): User[0] Flushing usage stats to disk
07-04 12:36:36.074 W/[11646.526963@2]- RTW(    0): fill_default_txdesc(wlan0): SP Packet(0x0806) rate=0x4 SeqNum = 3749
07-04 12:36:36.838 W/[11647.294960@3]- RTW(    0): fill_default_txdesc(wlan0): SP Packet(0x0806) rate=0x4 SeqNum = 3762
07-04 12:36:37.358 W/[11647.814285@2]- RTW(    0): fill_default_txdesc(wlan0): SP Packet(0x0806) rate=0x4 SeqNum = 3784
07-04 12:36:37.890 W/[11648.343647@1]- healthd(    0): battery l=100 v=4 t=0.0 h=2 st=2 c=1100 fc=10000000 chg=u
07-04 12:36:42.470 W/[11652.924916@1]- RTW(    0): fill_default_txdesc(wlan0): SP Packet(0x0806) rate=0x4 SeqNum = 4004
07-04 12:36:47.210 W/[11657.662898@3]s RTW(    0): fill_default_txdesc(wlan0): SP Packet(0x0806) rate=0x4 SeqNum = 10
07-04 12:36:48.307 I/[11658.760068@3]- resman(    0): 105 appname:OMX-98, type=0
07-04 12:36:48.390 I/[11658.844295@3]- resman(    0): 105 acquire [codec_mm], preempt yes
07-04 12:36:48.390 I/[11658.844307@3]- resman(    0): 105 score 60 secure no
07-04 12:36:48.390 I/[11658.844312@3]- resman(    0): 105 acquire [codec_mm] success
07-04 12:36:48.390 D/        (    0): [11658.844354@3]- the demux           clock on, ref cnt: 2
07-04 12:36:48.390 D/        (    0): [11658.844359@3]- the parser_top      clock on, ref cnt: 2
07-04 12:36:48.390 D/        (    0): [11658.844369@3]- the vdec            clock on, ref cnt: 1
07-04 12:36:48.390 D/        (    0): [11658.844392@3]- the clk_vdec_mux    clock on, ref cnt: 1
07-04 12:36:48.390 D/        (    0): [11658.844424@3]- vdec mux clock is 499999992 Hz
07-04 12:36:48.390 D/        (    0): [11658.844550@3]- vdec_create instance 000000009b9c10c9, total 1, PM: legacy
07-04 12:36:48.390 D/        (    0): [11658.844588@3]- no drmmode
07-04 12:36:48.390 I/        (    0): [11658.844628@3]- is_reset=0
07-04 12:36:48.390 I/        (    0): [11658.844654@3]- vdec_init, dev_name:ammvdec_h264, vdec_type=VDEC_TYPE_FRAME_BLOCK  id = 0
07-04 12:36:48.390 D/        (    0): [11658.845601@3]- ammvdec_h264_mmu_init tvp = 0x0 mmu_enable 0
07-04 12:36:48.390 D/        (    0): [11658.845610@3]- decoder_bmmu_box_alloc_box, tvp_flags = 0
07-04 12:36:48.390 D/[11658.845630@3]- 0(    0): ammvdec_h264_probe mmu_enable 0 double_write_mode 0x10
07-04 12:36:48.393 D/[11658.849324@3]- 0(    0): ammvdec_h264 mem-addr=0,buff_offset=56f10000,buf_start=56f00000
07-04 12:36:48.403 D/        (    0): [11658.849370@3]- vdec mux clock is 666666656 Hz
07-04 12:36:48.403 D/        (    0): [11658.849376@3]- vdec1 video changed to 3840 x 2160 60 fps clk->667MHZ
07-04 12:36:48.403 W/        (    0): [11658.849382@3]- H264 sysinfo: 1920x1080 duration=3200, pts_outside=1
07-04 12:36:48.403 D/        (    0): [11658.849386@3]- sync_outside=0, use_idr_framerate=0, is_used_v4l: 0
07-04 12:36:48.403 I/        (    0): [11658.849498@3]- [TEE], the fw (h264_multi) will be loaded.
07-04 12:36:48.403 D/        (    0): [11658.849801@1]- vh264_init, phy_addr=7446e000 vaddr=000000003fa308f7
07-04 12:36:48.403 D/        (    0): [11658.850247@3]- vfm map vdec-map-0 created
07-04 12:36:48.403 I/[11658.850268@3]- dim(    0): ch[1]:di_receiver_event_fun,8:_REG
07-04 12:36:48.403 I/[11658.850274@3]- dim(    0): reg:vdec.h264.00[1625]
07-04 12:36:48.403 I/[11658.851245@1]- dim(    0): reg:use[1]ms
07-04 12:36:48.403 E/[11658.851273@1]- reg(    0): v4lvideo
07-04 12:36:48.403 I/[11658.851282@1]- dim(    0): ch[1]:di_receiver_event_fun,3:_START
07-04 12:36:48.410 D/        (    0): [11658.851287@1]- vdec_init, vf_provider_name = vdec.h264.00, b 0
07-04 12:36:48.415 I/        (    0): [11658.855668@3]- vdec->port_flag=0x102, port_flag=0x10b
07-04 12:36:48.415 D/[11658.859660@3]- v4lvid(    0): dbg: v4lvideo open
07-04 12:36:48.483 D/[11658.937168@0]- 0(    0): AV_SCRATCH_1 = 841fe078, AV_SCRATCH_2 1a023
07-04 12:36:48.483 D/[11658.937221@0]- 0(    0): chroma_format_idc = 1 frame_mbs_only_flag 1, crop_bottom 8,  frame_height 1080,
07-04 12:36:48.483 D/[11658.937227@0]- 0(    0): mb_height 68,crop_right 0, frame_width 1920, mb_width 120
07-04 12:36:48.483 D/[11658.937232@0]- 0(    0): level_idc = 40 pic_size = 3133440 size = 4
07-04 12:36:48.483 D/[11658.937237@0]- 0(    0): mb height/widht/total: 44/78/1fe0 level_idc 28 max_ref_num 4
07-04 12:36:48.483 D/[11658.937243@0]- 0(    0): restriction_flag=1, max_dec_frame_buffering=4, dec_dpb_size=6 num_reorder_frames 2 used_reorder_dpb_size_margin 9
07-04 12:36:48.483 D/[11658.937248@0]- 0(    0): vh264_set_params active_buf_spec_num 15 dec_dpb_size 6 collocate_buf_num 8
07-04 12:36:48.526 D/[11658.982085@2]- 0(    0): num_ref_frames change from 0 to 4
07-04 12:36:48.536 I/[11658.989275@0]- dim(    0): value reg:ch[1]:fix_buf:0;ponly <0,0>
07-04 12:36:48.536 I/[11658.989335@0]- dim(    0): di_cnt_i_buf1:tvp:0
07-04 12:36:48.564 D/        (    0): [11659.015544@0]- cal_dur_from_pts vstatus 3840 dur3600 -> 3840, revised 3840
07-04 12:36:48.588 I/[11659.024076@0]- vframe_rate_uevent(    0): sent uevent FRAME_RATE_HINT=3840
07-04 12:36:48.588 D/[11659.035158@0]- dimh_patch_post_update_mc_sw(    0): 0x0->0x2
07-04 12:36:48.588 I/[11659.035294@0]- dim(    0): ch[1]:reg:mem cfg[8][5][3]
07-04 12:36:48.588 I/[11659.035355@0]- dim(    0): pre cfg:ch[1]:11358940ms 1th source change:
07-04 12:36:48.588 I/[11659.035360@0]- dim(    0): source change:0x0/0/0/0=>0x8009/1920/1080/0
07-04 12:36:48.588 D/[11659.035378@0]- dimh_patch_post_update_mc_sw(    0): 0x2->0x3
07-04 12:36:48.591 I/[11659.046302@0]- v4lvideo(    0): provider name: vdec.h264.00
07-04 12:36:48.659 I/[11659.113339@2]- VID(    0): VD1 off
07-04 12:36:48.659 I/[11659.113697@2]- vc(    0): [0]vc: set enable index=0, val=1
07-04 12:36:48.659 I/        (    0): [11659.113738@2]- dev->index =0, val=2
07-04 12:36:48.659 I/[11659.113745@2]- VID(    0): VD1 off
07-04 12:36:48.659 I/[11659.113755@2]- VID(    0): VD1 set global output as 1
07-04 12:36:48.659 I/[11659.113824@2]- VID(    0): store VD0 path_id changed -1->2
07-04 12:36:48.663 I/[11659.113870@2]- vc(    0): [0]sideband_type =-1
07-04 12:36:49.578 W/[11660.031709@3]- RTW(    0): Turbo EDCA =0x431c
07-04 12:36:52.308 W/[11662.764059@3]- RTW(    0): fill_default_txdesc(wlan0): SP Packet(0x0806) rate=0x4 SeqNum = 2261
07-04 12:36:55.017 W/[11665.471399@2]- RTW(    0): fill_default_txdesc(wlan0): SP Packet(0x0806) rate=0x4 SeqNum = 132
07-04 12:36:55.627 W/[11666.079458@3]- RTW(    0): Turbo EDCA =0x5ea42b
07-04 12:36:57.642 W/[11668.095143@0]- RTW(    0): Turbo EDCA =0x431c
07-04 12:36:57.754 W/[11668.202771@1]- RTW(    0): fill_default_txdesc(wlan0): SP Packet(0x0806) rate=0x4 SeqNum = 425
07-04 12:36:58.194 W/        (    0): [11668.649900@0]- [0] H264 EOS notify.
07-04 12:36:58.898 I/        (    0): [11669.351084@1]- is_reset=1
07-04 12:36:58.899 I/[11669.351451@1]- vframe_rate_uevent(    0): sent uevent FRAME_RATE_HINT=0
07-04 12:36:58.899 I/[11669.352930@0]- dim(    0): ch[1]:di_receiver_event_fun,1:_UNREG
07-04 12:36:58.899 E/[11669.352944@0]- unreg(    0): v4lvideo
07-04 12:36:58.917 I/[11669.370917@0]- dim(    0): unreg:2keep[4], msk:[0x3810,0x0]
07-04 12:36:58.917 D/[11669.370938@0]- dimh_patch_post_update_mc_sw(    0): 0x3->0x0
07-04 12:36:58.937 I/[11669.383878@0]- dim(    0): unreg:use[31]ms
07-04 12:36:58.937 D/        (    0): [11669.383911@0]- vdec_disable_DMC input->target= 0x0
07-04 12:36:58.937 D/[11669.384036@0]- 0(    0): vh264_stop
07-04 12:36:58.937 D/        (    0): [11669.390292@0]- vdec_release instance 000000009b9c10c9, total 1 id = 0
07-04 12:36:58.937 D/        (    0): [11669.390511@0]- the clk_vdec_mux    clock off, ref cnt: 0
07-04 12:36:58.937 D/        (    0): [11669.390521@0]- the vdec            clock off, ref cnt: 0
07-04 12:36:58.937 D/        (    0): [11669.390525@0]- the parser_top      clock off, ref cnt: 1
07-04 12:36:58.937 D/        (    0): [11669.390529@0]- the demux           clock off, ref cnt: 1
07-04 12:36:58.937 D/        (    0): [11669.390647@0]- the demux           clock on, ref cnt: 2
07-04 12:36:58.937 D/        (    0): [11669.390652@0]- the parser_top      clock on, ref cnt: 2
07-04 12:36:58.937 D/        (    0): [11669.390660@0]- the vdec            clock on, ref cnt: 1
07-04 12:36:58.937 D/        (    0): [11669.390679@0]- the clk_vdec_mux    clock on, ref cnt: 1
07-04 12:36:58.937 D/        (    0): [11669.390714@0]- vdec mux clock is 499999992 Hz
07-04 12:36:58.937 D/        (    0): [11669.391177@0]- vdec_create instance 00000000772bc1a1, total 1, PM: legacy
07-04 12:36:58.937 D/        (    0): [11669.391230@0]- no drmmode
07-04 12:36:58.937 I/        (    0): [11669.391279@0]- is_reset=1
07-04 12:36:58.937 I/        (    0): [11669.391308@0]- vdec_init, dev_name:ammvdec_h264, vdec_type=VDEC_TYPE_FRAME_BLOCK  id = 0
07-04 12:36:58.937 D/        (    0): [11669.392290@0]- ammvdec_h264_mmu_init tvp = 0x0 mmu_enable 0
07-04 12:36:58.937 D/        (    0): [11669.392297@0]- decoder_bmmu_box_alloc_box, tvp_flags = 0
07-04 12:36:58.937 D/[11669.392317@0]- 0(    0): ammvdec_h264_probe mmu_enable 0 double_write_mode 0x10
07-04 12:36:58.937 D/[11669.393928@1]- 0(    0): ammvdec_h264 mem-addr=0,buff_offset=56f10000,buf_start=56f00000
07-04 12:36:58.937 D/        (    0): [11669.393969@1]- vdec mux clock is 666666656 Hz
07-04 12:36:58.937 D/        (    0): [11669.393974@1]- vdec1 video changed to 3840 x 2160 60 fps clk->667MHZ
07-04 12:36:58.937 W/        (    0): [11669.393984@1]- H264 sysinfo: 1920x1080 duration=3200, pts_outside=1
07-04 12:36:58.937 D/        (    0): [11669.393987@1]- sync_outside=0, use_idr_framerate=0, is_used_v4l: 0
07-04 12:36:58.938 I/        (    0): [11669.394122@1]- [TEE], the fw (h264_multi) will be loaded.
07-04 12:36:58.940 D/        (    0): [11669.394511@2]- vh264_init, phy_addr=7446e000 vaddr=00000000f7b473e4
07-04 12:36:58.940 D/        (    0): [11669.394770@1]- vfm map vdec-map-0 created
07-04 12:36:58.940 I/[11669.394832@1]- dim(    0): ch[1]:di_receiver_event_fun,8:_REG
07-04 12:36:58.940 I/[11669.394838@1]- dim(    0): reg:vdec.h264.00[1626]
07-04 12:36:58.940 I/[11669.395688@2]- dim(    0): reg:use[1]ms
07-04 12:36:58.940 E/[11669.395715@2]- reg(    0): v4lvideo
07-04 12:36:58.940 I/[11669.395723@2]- dim(    0): ch[1]:di_receiver_event_fun,3:_START
07-04 12:36:58.940 D/        (    0): [11669.395729@2]- vdec_init, vf_provider_name = vdec.h264.00, b 0
07-04 12:36:58.940 I/        (    0): [11669.396430@2]- vdec->port_flag=0x102, port_flag=0x10b
07-04 12:36:58.940 I/        (    0): [11669.396517@2]- is_reset=0
07-04 12:36:58.950 I/[11669.406139@3]- vframe_rate_uevent(    0): sent uevent FRAME_RATE_HINT=0
07-04 12:36:58.950 I/[11669.406186@3]- dim(    0): ch[1]:di_receiver_event_fun,1:_UNREG
07-04 12:36:58.950 E/[11669.406199@3]- unreg(    0): v4lvideo
07-04 12:36:58.950 I/[11669.406771@1]- dim(    0): unreg:use[0]ms
07-04 12:36:58.950 D/        (    0): [11669.406870@1]- vdec_disable_DMC input->target= 0x0
07-04 12:36:58.952 D/[11669.406989@1]- 0(    0): vh264_stop
07-04 12:36:58.953 D/        (    0): [11669.407473@1]- vdec_release instance 00000000772bc1a1, total 1 id = 0
07-04 12:36:58.953 D/        (    0): [11669.407634@1]- the clk_vdec_mux    clock off, ref cnt: 0
07-04 12:36:58.953 D/        (    0): [11669.407644@1]- the vdec            clock off, ref cnt: 0
07-04 12:36:58.953 D/        (    0): [11669.407648@1]- the parser_top      clock off, ref cnt: 1
07-04 12:36:58.953 D/        (    0): [11669.407651@1]- the demux           clock off, ref cnt: 1
07-04 12:36:58.953 D/        (    0): [11669.407681@1]d v4lvideo_release_map 0 OK
07-04 12:36:58.953 D/[11669.407800@1]- v4lvid(    0): dbg: vidioc_close!!!!
07-04 12:36:58.953 I/[11669.409007@1]- resman(    0): 105 release [codec_mm]
07-04 12:36:59.038 I/[11669.492947@2]- resman(    0): 106 appname:OMX-99, type=0
07-04 12:36:59.160 I/[11669.616098@3]- resman(    0): 106 acquire [codec_mm], preempt yes
07-04 12:36:59.163 I/[11669.616108@3]- resman(    0): 106 score 60 secure no
07-04 12:36:59.164 I/[11669.616114@3]- resman(    0): 106 acquire [codec_mm] success
07-04 12:36:59.164 D/        (    0): [11669.616183@3]- the demux           clock on, ref cnt: 2
07-04 12:36:59.164 D/        (    0): [11669.616188@3]- the parser_top      clock on, ref cnt: 2
07-04 12:36:59.164 D/        (    0): [11669.616198@3]- the vdec            clock on, ref cnt: 1
07-04 12:36:59.165 D/        (    0): [11669.616220@3]- the clk_hevc_mux    clock on, ref cnt: 1
07-04 12:36:59.172 D/        (    0): [11669.616225@3]- the clk_hevcb_mux   clock on, ref cnt: 1
07-04 12:36:59.173 D/        (    0): [11669.616257@3]- hevc mux clock is 499999992 Hz
07-04 12:36:59.173 D/        (    0): [11669.616271@3]- hevc back mux clock is 499999992 Hz
07-04 12:36:59.173 D/        (    0): [11669.616449@3]- vdec_create instance 0000000063c5baca, total 1, PM: legacy
07-04 12:36:59.173 D/        (    0): [11669.616490@3]- no drmmode
07-04 12:36:59.173 I/        (    0): [11669.616559@3]- is_reset=0
07-04 12:36:59.173 I/        (    0): [11669.616646@3]- vdec_init, dev_name:ammvdec_h265, vdec_type=VDEC_TYPE_FRAME_BLOCK  id = 0
07-04 12:36:59.187 D/[11669.618210@3]- [0]pdata->config=hevc_buf_width(    0): 1920;hevc_buf_height:1088;hevc_buf_margin:0;hevc_double_write_mode:16;save_buffer_mode:0;
07-04 12:36:59.188 D/        (    0): [11669.618242@3]- decoder_bmmu_box_alloc_box, tvp_flags = 0
07-04 12:36:59.190 D/        (    0): [11669.621618@2]- [0]dynamic_buf_num_margin=9
07-04 12:36:59.191 D/        (    0): [11669.621625@2]- [0]double_write_mode=16
07-04 12:36:59.191 D/[11669.621634@2]- [0]h265(    0): pts_unstable=0
07-04 12:36:59.191 D/[11669.621640@2]- [0]h265(    0): ver (201602101,0) decinfo: 0x0 rate=3600
07-04 12:36:59.191 I/        (    0): [11669.625742@3]- [TEE], the fw (hevc_mmu) will be loaded.
07-04 12:36:59.191 D/        (    0): [11669.625793@3]- hevc mux clock is 666666656 Hz
07-04 12:36:59.191 D/        (    0): [11669.625810@3]- hevc back mux clock is 666666656 Hz
07-04 12:36:59.191 D/        (    0): [11669.625815@3]- hevc video changed to 3840 x 2160 60 fps clk->667MHZ
07-04 12:36:59.191 D/        (    0): [11669.625862@3]- vfm map vdec-map-0 created
07-04 12:36:59.191 I/[11669.625882@3]- dim(    0): ch[1]:di_receiver_event_fun,8:_REG
07-04 12:36:59.191 I/[11669.625887@3]- dim(    0): reg:vdec.h265.00[1627]
07-04 12:36:59.191 I/[11669.626492@0]- dim(    0): reg:use[1]ms
07-04 12:36:59.191 E/[11669.626530@0]- reg(    0): v4lvideo
07-04 12:36:59.192 I/[11669.626538@0]- dim(    0): ch[1]:di_receiver_event_fun,3:_START
07-04 12:36:59.192 D/        (    0): [11669.626545@0]- vdec_init, vf_provider_name = vdec.h265.00, b 0
07-04 12:36:59.192 I/        (    0): [11669.627400@0]- vdec->port_flag=0x102, port_flag=0x10b
07-04 12:36:59.192 D/[11669.632347@0]- v4lvid(    0): dbg: v4lvideo open
07-04 12:36:59.217 E/        (    0): [11669.672878@3]- mmu box NULL !!!
07-04 12:36:59.217 D/        (    0): [11669.672892@3]- [0]vh265 cached=0  need_size=6144 speed= 56 ms
07-04 12:36:59.217 D/        (    0): [11669.673565@0]- [0]hevc->performance_profile 0
07-04 12:36:59.217 D/        (    0): [11669.673574@0]- [0]set pic_list_init_flag 1
07-04 12:36:59.264 D/        (    0): [11669.716413@0]- [0]init_buf_spec2 1920 1080
07-04 12:36:59.271 D/        (    0): [11669.716421@0]- [0]set pic_list_init_flag to 2
07-04 12:36:59.272 D/        (    0): [11669.716447@0]- [0]set pic_list_init_flag to 3
07-04 12:36:59.272 D/        (    0): [11669.716451@0]- [vdec_kpi][vh265_isr_thread_fn] First I frame coming.
07-04 12:36:59.272 D/[11669.721070@0]- [0]VH265(    0): output first frame
07-04 12:36:59.273 D/        (    0): [11669.721095@0]- [vdec_kpi][post_video_frame] First I frame decoded.
07-04 12:36:59.273 I/[11669.721168@0]- dim(    0): value reg:ch[1]:fix_buf:0;ponly <0,0>
07-04 12:36:59.274 I/[11669.721180@0]- dim(    0): 1920x1080-0x9000.
07-04 12:36:59.274 I/[11669.722164@3]- v4lvideo(    0): provider name: vdec.h265.00
07-04 12:36:59.310 D/        (    0): [11669.766354@0]- cal_dur_from_pts vstatus 3840 dur3600 -> 3840, revised 3840
07-04 12:36:59.314 I/[11669.770747@1]- vframe_rate_uevent(    0): sent uevent FRAME_RATE_HINT=3840
07-04 12:37:02.959 W/[11673.415569@2]- RTW(    0): fill_default_txdesc(wlan0): SP Packet(0x0806) rate=0x4 SeqNum = 3731
07-04 12:37:05.710 W/[11676.163599@3]- RTW(    0): Turbo EDCA =0x5ea42b
07-04 12:37:07.278 W/[11677.731402@3]- RTW(    0): fill_default_txdesc(wlan0): SP Packet(0x0806) rate=0x4 SeqNum = 4095
07-04 12:37:07.306 W/[11677.758931@3]- RTW(    0): fill_default_txdesc(wlan0): SP Packet(0x0806) rate=0x4 SeqNum = 3
07-04 12:37:12.134 W/[11682.587168@0]- RTW(    0): fill_default_txdesc(wlan0): SP Packet(0x0806) rate=0x4 SeqNum = 103
07-04 12:37:15.786 W/[11686.239272@0]- RTW(    0): Turbo EDCA =0x431c
07-04 12:37:17.258 W/[11687.714004@3]- RTW(    0): fill_default_txdesc(wlan0): SP Packet(0x0806) rate=0x4 SeqNum = 1179
07-04 12:37:17.802 W/[11688.255750@1]- RTW(    0): Turbo EDCA =0x5ea42b
07-04 12:37:19.817 W/[11690.271154@2]- RTW(    0): Turbo EDCA =0x431c
07-04 12:37:21.831 W/[11692.287351@3]- RTW(    0): Turbo EDCA =0x5ea42b
07-04 12:37:22.370 W/[11692.826193@3]- RTW(    0): fill_default_txdesc(wlan0): SP Packet(0x0806) rate=0x4 SeqNum = 1434
07-04 12:37:25.866 W/[11696.319232@3]- RTW(    0): Turbo EDCA =0x431c
07-04 12:37:27.210 W/[11697.665783@3]- RTW(    0): fill_default_txdesc(wlan0): SP Packet(0x0806) rate=0x4 SeqNum = 1588
07-04 12:37:27.882 W/[11698.335297@3]- RTW(    0): Turbo EDCA =0x5ea42b
07-04 12:37:30.346 W/[11700.798962@2]- RTW(    0): fill_default_txdesc(wlan0): SP Packet(0x0806) rate=0x4 SeqNum = 1640
07-04 12:37:31.914 W/[11702.367157@2]- RTW(    0): Turbo EDCA =0x431c
07-04 12:37:32.270 W/[11702.723869@2]- RTW(    0): fill_default_txdesc(wlan0): SP Packet(0x0806) rate=0x4 SeqNum = 2125
07-04 12:37:33.097 W/[11703.551635@0]- RTW(    0): cfg80211_rtw_scan(wlan0)
07-04 12:37:33.099 W/[11703.551645@0]- RTW(    0): cfg80211_rtw_scan (wlan0) : scan deny
07-04 12:37:33.930 W/[11704.383264@0]- RTW(    0): Turbo EDCA =0x5ea42b
07-04 12:37:34.462 W/[11704.915754@1]- audit(    0): audit_lost=4819 audit_rate_limit=5 audit_backlog_limit=64
07-04 12:37:34.462 E/[11704.915764@1]- audit(    0): rate limit exceeded
07-04 12:37:15.062 I/chatty  ( 3836): uid=1000(system) android.bg identical 4 lines
07-04 12:37:25.151 I/UsageStatsService( 3836): User[0] Flushing usage stats to disk
07-04 12:37:35.093 D/AutofillManagerService( 3836): onBackKeyPressed()
07-04 12:37:35.150 I/        (    0): [11705.604447@0]- is_reset=1
07-04 12:37:35.150 I/[11705.604876@0]- vframe_rate_uevent(    0): sent uevent FRAME_RATE_HINT=0
07-04 12:37:35.150 I/[11705.605065@0]- dim(    0): ch[1]:di_receiver_event_fun,1:_UNREG
07-04 12:37:35.150 E/[11705.605103@0]- unreg(    0): v4lvideo
07-04 12:37:35.150 I/[11705.605158@0]- dim(    0): unreg:2keep[4], msk:[0x0,0x0]
07-04 12:37:35.163 I/[11705.616589@3]- dim(    0): unreg:use[11]ms
07-04 12:37:35.163 D/        (    0): [11705.616622@3]- vdec_disable_DMC input->target= 0x1
07-04 12:37:35.163 D/        (    0): [11705.618967@3]- vdec_release instance 0000000063c5baca, total 1 id = 0
07-04 12:37:35.163 D/        (    0): [11705.619354@3]- the clk_hevc_mux    clock off, ref cnt: 0
07-04 12:37:35.163 D/        (    0): [11705.619363@3]- the clk_hevcb_mux   clock off, ref cnt: 0
07-04 12:37:35.163 D/        (    0): [11705.619372@3]- the vdec            clock off, ref cnt: 0
07-04 12:37:35.163 D/        (    0): [11705.619376@3]- the parser_top      clock off, ref cnt: 1
07-04 12:37:35.163 D/        (    0): [11705.619380@3]- the demux           clock off, ref cnt: 1
07-04 12:37:35.163 D/        (    0): [11705.619503@3]- the demux           clock on, ref cnt: 2
07-04 12:37:35.163 D/        (    0): [11705.619508@3]- the parser_top      clock on, ref cnt: 2
07-04 12:37:35.163 D/        (    0): [11705.619516@3]- the vdec            clock on, ref cnt: 1
07-04 12:37:35.167 D/        (    0): [11705.619537@3]- the clk_hevc_mux    clock on, ref cnt: 1
07-04 12:37:35.167 D/        (    0): [11705.619541@3]- the clk_hevcb_mux   clock on, ref cnt: 1
07-04 12:37:35.167 D/        (    0): [11705.619574@3]- hevc mux clock is 499999992 Hz
07-04 12:37:35.167 D/        (    0): [11705.619590@3]- hevc back mux clock is 499999992 Hz
07-04 12:37:35.167 D/        (    0): [11705.619780@3]- vdec_create instance 000000006be13897, total 1, PM: legacy
07-04 12:37:35.178 D/        (    0): [11705.619824@3]- no drmmode
07-04 12:37:35.178 I/        (    0): [11705.619864@3]- is_reset=1
07-04 12:37:35.181 I/        (    0): [11705.619889@3]- vdec_init, dev_name:ammvdec_h265, vdec_type=VDEC_TYPE_FRAME_BLOCK  id = 0
07-04 12:37:35.181 D/[11705.620561@3]- [0]pdata->config=hevc_buf_width(    0): 1920;hevc_buf_height:1088;hevc_buf_margin:0;hevc_double_write_mode:16;save_buffer_mode:0;
07-04 12:37:35.186 D/        (    0): [11705.620594@3]- decoder_bmmu_box_alloc_box, tvp_flags = 0
07-04 12:37:35.186 D/        (    0): [11705.623542@3]- [0]dynamic_buf_num_margin=9
07-04 12:37:35.186 D/        (    0): [11705.623550@3]- [0]double_write_mode=16
07-04 12:37:35.186 D/[11705.623560@3]- [0]h265(    0): pts_unstable=0
07-04 12:37:35.186 D/[11705.623565@3]- [0]h265(    0): ver (201602101,0) decinfo: 0x0 rate=3600
07-04 12:37:35.186 I/        (    0): [11705.625689@1]- [TEE], the fw (hevc_mmu) will be loaded.
07-04 12:37:35.186 D/        (    0): [11705.625735@1]- hevc mux clock is 666666656 Hz
07-04 12:37:35.186 D/        (    0): [11705.625750@1]- hevc back mux clock is 666666656 Hz
07-04 12:37:35.186 D/        (    0): [11705.625755@1]- hevc video changed to 3840 x 2160 60 fps clk->667MHZ
07-04 12:37:35.186 D/        (    0): [11705.625806@1]- vfm map vdec-map-0 created
07-04 12:37:35.186 I/[11705.625826@1]- dim(    0): ch[1]:di_receiver_event_fun,8:_REG
07-04 12:37:35.186 I/[11705.625831@1]- dim(    0): reg:vdec.h265.00[1628]
07-04 12:37:35.186 I/[11705.626392@3]- dim(    0): reg:use[1]ms
07-04 12:37:35.186 E/[11705.626420@3]- reg(    0): v4lvideo
07-04 12:37:35.186 I/[11705.626428@3]- dim(    0): ch[1]:di_receiver_event_fun,3:_START
07-04 12:37:35.186 D/        (    0): [11705.626434@3]- vdec_init, vf_provider_name = vdec.h265.00, b 0
07-04 12:37:35.186 I/        (    0): [11705.632390@3]- vdec->port_flag=0x102, port_flag=0x10b
07-04 12:37:35.186 I/        (    0): [11705.632490@3]- is_reset=0
07-04 12:37:35.202 I/        (    0): [11705.656204@2]- is_reset=1
07-04 12:37:35.202 I/[11705.656512@2]- vframe_rate_uevent(    0): sent uevent FRAME_RATE_HINT=0
07-04 12:37:35.206 I/[11705.656574@3]- dim(    0): ch[1]:di_receiver_event_fun,1:_UNREG
07-04 12:37:35.206 E/[11705.656587@3]- unreg(    0): v4lvideo
07-04 12:37:35.206 I/[11705.657162@3]- dim(    0): unreg:use[1]ms
07-04 12:37:35.206 D/        (    0): [11705.657192@3]- vdec_disable_DMC input->target= 0x1
07-04 12:37:35.206 D/        (    0): [11705.658016@3]- vdec_release instance 000000006be13897, total 1 id = 0
07-04 12:37:35.206 D/        (    0): [11705.658185@3]- the clk_hevc_mux    clock off, ref cnt: 0
07-04 12:37:35.206 D/        (    0): [11705.658191@3]- the clk_hevcb_mux   clock off, ref cnt: 0
07-04 12:37:35.217 D/        (    0): [11705.658200@3]- the vdec            clock off, ref cnt: 0
07-04 12:37:35.218 D/        (    0): [11705.658205@3]- the parser_top      clock off, ref cnt: 1
07-04 12:37:35.218 D/        (    0): [11705.658209@3]- the demux           clock off, ref cnt: 1
07-04 12:37:35.218 D/        (    0): [11705.658302@3]- the demux           clock on, ref cnt: 2
07-04 12:37:35.218 D/        (    0): [11705.658307@3]- the parser_top      clock on, ref cnt: 2
07-04 12:37:35.218 D/        (    0): [11705.658314@3]- the vdec            clock on, ref cnt: 1
07-04 12:37:35.218 D/        (    0): [11705.658334@3]- the clk_hevc_mux    clock on, ref cnt: 1
07-04 12:37:35.218 D/        (    0): [11705.658339@3]- the clk_hevcb_mux   clock on, ref cnt: 1
07-04 12:37:35.218 D/        (    0): [11705.658370@3]- hevc mux clock is 499999992 Hz
07-04 12:37:35.218 D/        (    0): [11705.658385@3]- hevc back mux clock is 499999992 Hz
07-04 12:37:35.218 D/        (    0): [11705.658574@3]- vdec_create instance 00000000c4e32dad, total 1, PM: legacy
07-04 12:37:35.218 D/        (    0): [11705.658613@3]- no drmmode
07-04 12:37:35.218 I/        (    0): [11705.658653@3]- is_reset=1
07-04 12:37:35.218 I/        (    0): [11705.658679@3]- vdec_init, dev_name:ammvdec_h265, vdec_type=VDEC_TYPE_FRAME_BLOCK  id = 0
07-04 12:37:35.218 D/[11705.659374@3]- [0]pdata->config=hevc_buf_width(    0): 1920;hevc_buf_height:1088;hevc_buf_margin:0;hevc_double_write_mode:16;save_buffer_mode:0;
