07-04 18:40:40.302 W/ContextImpl( 3836): Calling a method in the system process without a qualified user: android.app.ContextImpl.sendBroadcast:1111 com.android.server.inputmethod.InputMethodManagerService.sendSoftInputVisibilityBroadcast:3258 com.android.server.inputmethod.InputMethodManagerService.hideCurrentInputLocked:3330 com.android.server.inputmethod.InputMethodManagerService.hideMySoftInput:4180 com.android.server.inputmethod.InputMethodManagerService.access$4000:189 
07-04 18:40:40.311 W/ContextImpl( 3836): Calling a method in the system process without a qualified user: android.app.ContextImpl.sendBroadcast:1111 com.android.server.inputmethod.InputMethodManagerService.sendSoftInputVisibilityBroadcast:3258 com.android.server.inputmethod.InputMethodManagerService.hideCurrentInputLocked:3330 com.android.server.inputmethod.InputMethodManagerService.hideSoftInput:3290 com.android.internal.view.IInputMethodManager$Stub.onTransact:325 
07-04 18:40:40.314 D/InputMethodManagerService( 3836): Top Package Name: in.startv.hotstar
07-04 18:40:40.318 W/ContextImpl( 3836): Calling a method in the system process without a qualified user: android.app.ContextImpl.sendBroadcast:1111 com.android.server.inputmethod.InputMethodManagerService.sendSoftInputVisibilityBroadcast:3258 com.android.server.inputmethod.InputMethodManagerService.showCurrentInputLocked:3231 com.android.server.inputmethod.InputMethodManagerService.showMySoftInput:4198 com.android.server.inputmethod.InputMethodManagerService.access$4100:189 
07-04 18:40:40.326 D/INSETS  ( 3836): else - Package Name ::  left : 0 right :: 0 top :: 0 bottom :: 0 dfu-right :: 1920 dfu-bottom :: 1080
07-04 18:40:40.336 W/ContextImpl( 3836): Calling a method in the system process without a qualified user: android.app.ContextImpl.sendBroadcast:1111 com.android.server.inputmethod.InputMethodManagerService.sendSoftInputVisibilityBroadcast:3258 com.android.server.inputmethod.InputMethodManagerService.hideCurrentInputLocked:3330 com.android.server.inputmethod.InputMethodManagerService.hideSoftInput:3290 com.android.internal.view.IInputMethodManager$Stub.onTransact:325 
07-04 18:40:40.380 D/InputMethodManagerService( 3836): Top Package Name: in.startv.hotstar
07-04 18:40:40.395 W/ContextImpl( 3836): Calling a method in the system process without a qualified user: android.app.ContextImpl.sendBroadcast:1111 com.android.server.inputmethod.InputMethodManagerService.sendSoftInputVisibilityBroadcast:3258 com.android.server.inputmethod.InputMethodManagerService.showCurrentInputLocked:3231 com.android.server.inputmethod.InputMethodManagerService.showMySoftInput:4198 com.android.server.inputmethod.InputMethodManagerService.access$4100:189 
07-04 18:40:40.436 D/INSETS  ( 3836): else - Package Name ::  left : 0 right :: 0 top :: 0 bottom :: 0 dfu-right :: 1920 dfu-bottom :: 1080
07-04 18:40:40.579 D/INSETS  ( 3836): else - Package Name ::  left : 0 right :: 0 top :: 0 bottom :: 0 dfu-right :: 1920 dfu-bottom :: 1080
07-04 18:40:40.580 D/INSETS  ( 3836): else - Package Name ::  left : 0 right :: 0 top :: 0 bottom :: 0 dfu-right :: 1920 dfu-bottom :: 1080
07-04 18:40:40.598 D/INSETS  ( 3836): else - Package Name ::  left : 0 right :: 0 top :: 0 bottom :: 0 dfu-right :: 1920 dfu-bottom :: 1080
07-04 18:40:40.598 D/INSETS  ( 3836): else - Package Name ::  left : 0 right :: 0 top :: 0 bottom :: 0 dfu-right :: 1920 dfu-bottom :: 1080
07-04 18:40:40.601 D/InputMethodManagerService( 3836): Top Package Name: in.startv.hotstar
07-04 18:40:40.602 W/ContextImpl( 3836): Calling a method in the system process without a qualified user: android.app.ContextImpl.sendBroadcast:1111 com.android.server.inputmethod.InputMethodManagerService.sendSoftInputVisibilityBroadcast:3258 com.android.server.inputmethod.InputMethodManagerService.showCurrentInputLocked:3231 com.android.server.inputmethod.InputMethodManagerService.showMySoftInput:4198 com.android.server.inputmethod.InputMethodManagerService.access$4100:189 
07-04 18:40:40.604 W/NotificationHistory( 3836): Attempted to add notif for locked/gone/disabled user 0
07-04 18:40:40.607 D/InputMethodManagerService( 3836): Top Package Name: in.startv.hotstar
07-04 18:40:40.610 W/ContextImpl( 3836): Calling a method in the system process without a qualified user: android.app.ContextImpl.sendBroadcast:1111 com.android.server.inputmethod.InputMethodManagerService.sendSoftInputVisibilityBroadcast:3258 com.android.server.inputmethod.InputMethodManagerService.showCurrentInputLocked:3231 com.android.server.inputmethod.InputMethodManagerService.showMySoftInput:4198 com.android.server.inputmethod.InputMethodManagerService.access$4100:189 
07-04 18:40:40.626 D/INSETS  ( 3836): else - Package Name ::  left : 0 right :: 0 top :: 0 bottom :: 0 dfu-right :: 1920 dfu-bottom :: 1080
07-04 18:40:40.637 I/chatty  ( 3836): uid=1000(system) android.display identical 2 lines
07-04 18:40:40.638 D/INSETS  ( 3836): else - Package Name ::  left : 0 right :: 0 top :: 0 bottom :: 0 dfu-right :: 1920 dfu-bottom :: 1080
07-04 18:40:40.663 D/InputMethodManagerService( 3836): Top Package Name: in.startv.hotstar
07-04 18:40:40.664 W/ContextImpl( 3836): Calling a method in the system process without a qualified user: android.app.ContextImpl.sendBroadcast:1111 com.android.server.inputmethod.InputMethodManagerService.sendSoftInputVisibilityBroadcast:3258 com.android.server.inputmethod.InputMethodManagerService.showCurrentInputLocked:3231 com.android.server.inputmethod.InputMethodManagerService.showMySoftInput:4198 com.android.server.inputmethod.InputMethodManagerService.access$4100:189 
07-04 18:40:40.679 D/INSETS  ( 3836): else - Package Name ::  left : 0 right :: 0 top :: 0 bottom :: 0 dfu-right :: 1920 dfu-bottom :: 1080
07-04 18:40:40.679 D/INSETS  ( 3836): else - Package Name ::  left : 0 right :: 0 top :: 0 bottom :: 0 dfu-right :: 1920 dfu-bottom :: 1080
07-04 18:40:40.686 D/InputMethodManagerService( 3836): Top Package Name: in.startv.hotstar
07-04 18:40:40.687 W/ContextImpl( 3836): Calling a method in the system process without a qualified user: android.app.ContextImpl.sendBroadcast:1111 com.android.server.inputmethod.InputMethodManagerService.sendSoftInputVisibilityBroadcast:3258 com.android.server.inputmethod.InputMethodManagerService.showCurrentInputLocked:3231 com.android.server.inputmethod.InputMethodManagerService.showMySoftInput:4198 com.android.server.inputmethod.InputMethodManagerService.access$4100:189 
07-04 18:40:40.700 D/INSETS  ( 3836): else - Package Name ::  left : 0 right :: 0 top :: 0 bottom :: 0 dfu-right :: 1920 dfu-bottom :: 1080
07-04 18:40:40.701 D/INSETS  ( 3836): else - Package Name ::  left : 0 right :: 0 top :: 0 bottom :: 0 dfu-right :: 1920 dfu-bottom :: 1080
07-04 18:40:40.733 D/INSETS  ( 3836): else - Package Name ::  left : 0 right :: 0 top :: 0 bottom :: 0 dfu-right :: 1920 dfu-bottom :: 1080
07-04 18:40:40.733 D/INSETS  ( 3836): else - Package Name ::  left : 0 right :: 0 top :: 0 bottom :: 0 dfu-right :: 1920 dfu-bottom :: 1080
07-04 18:40:40.860 W/NotificationHistory( 3836): Attempted to add notif for locked/gone/disabled user 0
07-04 18:40:40.901 W/NotificationHistory( 3836): Attempted to add notif for locked/gone/disabled user 0
07-04 18:40:40.941 D/INSETS  ( 3836): else - Package Name ::  left : 0 right :: 0 top :: 0 bottom :: 0 dfu-right :: 1920 dfu-bottom :: 1080
07-04 18:40:40.942 D/INSETS  ( 3836): else - Package Name ::  left : 0 right :: 0 top :: 0 bottom :: 0 dfu-right :: 1920 dfu-bottom :: 1080
07-04 18:40:40.970 D/InputMethodManagerService( 3836): Top Package Name: in.startv.hotstar
07-04 18:40:40.970 W/ContextImpl( 3836): Calling a method in the system process without a qualified user: android.app.ContextImpl.sendBroadcast:1111 com.android.server.inputmethod.InputMethodManagerService.sendSoftInputVisibilityBroadcast:3258 com.android.server.inputmethod.InputMethodManagerService.showCurrentInputLocked:3231 com.android.server.inputmethod.InputMethodManagerService.attachNewInputLocked:2397 com.android.server.inputmethod.InputMethodManagerService.startInputUncheckedLocked:2503 
07-04 18:40:40.975 W/ContextImpl( 3836): Calling a method in the system process without a qualified user: android.app.ContextImpl.sendBroadcast:1111 com.android.server.inputmethod.InputMethodManagerService.sendSoftInputVisibilityBroadcast:3258 com.android.server.inputmethod.InputMethodManagerService.hideCurrentInputLocked:3330 com.android.server.inputmethod.InputMethodManagerService.hideMySoftInput:4180 com.android.server.inputmethod.InputMethodManagerService.access$4000:189 
07-04 18:40:41.005 D/INSETS  ( 3836): else - Package Name ::  left : 0 right :: 0 top :: 0 bottom :: 0 dfu-right :: 1920 dfu-bottom :: 1080
07-04 18:40:41.005 D/INSETS  ( 3836): else - Package Name ::  left : 0 right :: 0 top :: 0 bottom :: 0 dfu-right :: 1920 dfu-bottom :: 1080
07-04 18:40:41.121 D/INSETS  ( 3836): else - Package Name ::  left : 0 right :: 0 top :: 0 bottom :: 0 dfu-right :: 1920 dfu-bottom :: 1080
07-04 18:40:41.122 D/INSETS  ( 3836): else - Package Name ::  left : 0 right :: 0 top :: 0 bottom :: 0 dfu-right :: 1920 dfu-bottom :: 1080
07-04 18:40:41.263 D/ActivityManager( 3836): Killed process: com.iwedia.httpupdate
07-04 18:40:41.263 I/ActivityManager( 3836): Process com.iwedia.httpupdate (pid 14760) has died: cch+95 SVC 
07-04 18:40:41.266 W/ActivityManager( 3836): Scheduling restart of crashed service com.iwedia.httpupdate/.HttpUpdateService in 1000ms for start-requested
07-04 18:40:41.315 D/ActivityManager( 3836): Killed process: com.iwedia.bluetoothconnectionservice
07-04 18:40:41.315 I/ActivityManager( 3836): Process com.iwedia.bluetoothconnectionservice (pid 14815) has died: cch+85 SVC 
07-04 18:40:41.316 W/ActivityManager( 3836): Scheduling restart of crashed service com.iwedia.bluetoothconnectionservice/.BluetoothAutomaticPair in 10950ms for start-requested
07-04 18:40:41.363 D/INSETS  ( 3836): else - Package Name ::  left : 0 right :: 0 top :: 0 bottom :: 0 dfu-right :: 1920 dfu-bottom :: 1080
07-04 18:40:42.267 D/CompatibilityChangeReporter( 3836): Compat change id reported: 135634846; UID 1000; state: DISABLED
07-04 18:40:42.285 I/ActivityManager( 3836): Start proc 20608:com.iwedia.httpupdate/1000 for service {com.iwedia.httpupdate/com.iwedia.httpupdate.HttpUpdateService}
07-04 18:40:42.630 W/ActivityManager( 3836): Slow operation: 55ms so far, now at attachApplicationLocked: after mServices.attachApplicationLocked
07-04 18:40:42.984 D/INSETS  ( 3836): else - Package Name ::  left : 0 right :: 0 top :: 0 bottom :: 0 dfu-right :: 1920 dfu-bottom :: 1080
07-04 18:40:44.249 D/INSETS  ( 3836): else - Package Name ::  left : 0 right :: 0 top :: 0 bottom :: 0 dfu-right :: 1920 dfu-bottom :: 1080
07-04 18:40:44.809 D/INSETS  ( 3836): else - Package Name ::  left : 0 right :: 0 top :: 0 bottom :: 0 dfu-right :: 1920 dfu-bottom :: 1080
07-04 18:40:46.002 I/UsageStatsService( 3836): User[0] Flushing usage stats to disk
--------- beginning of kernel
07-04 18:40:50.575 D/        (    0): [33501.028626@2]- vdec_create instance 00000000a45750e0, total 1, PM: legacy
07-04 18:40:50.575 D/        (    0): [33501.028658@2]- no drmmode
07-04 18:40:50.575 I/        (    0): [33501.028686@2]- is_reset=0
07-04 18:40:50.575 I/        (    0): [33501.028714@2]- vdec_init, dev_name:ammvdec_h264, vdec_type=VDEC_TYPE_FRAME_BLOCK  id = 0
07-04 18:40:50.575 D/        (    0): [33501.029523@2]- ammvdec_h264_mmu_init tvp = 0x0 mmu_enable 0
07-04 18:40:50.575 D/        (    0): [33501.029530@2]- decoder_bmmu_box_alloc_box, tvp_flags = 0
07-04 18:40:50.575 D/[33501.029548@2]- 0(    0): ammvdec_h264_probe mmu_enable 0 double_write_mode 0x10
07-04 18:40:50.579 D/[33501.032000@1]- 0(    0): ammvdec_h264 mem-addr=0,buff_offset=56f10000,buf_start=56f00000
07-04 18:40:50.579 D/        (    0): [33501.032042@1]- vdec mux clock is 666666656 Hz
07-04 18:40:50.579 D/        (    0): [33501.032048@1]- vdec1 video changed to 3840 x 2160 60 fps clk->667MHZ
07-04 18:40:50.579 W/        (    0): [33501.032054@1]- H264 sysinfo: 1920x1080 duration=3200, pts_outside=1
07-04 18:40:50.579 D/        (    0): [33501.032058@1]- sync_outside=0, use_idr_framerate=0, is_used_v4l: 0
07-04 18:40:50.579 I/        (    0): [33501.032175@1]- [TEE], the fw (h264_multi) will be loaded.
07-04 18:40:50.579 D/        (    0): [33501.033087@0]- vh264_init, phy_addr=74475000 vaddr=00000000835ff4a3
07-04 18:40:50.579 D/        (    0): [33501.033634@0]- vfm map vdec-map-0 created
07-04 18:40:50.579 I/[33501.033656@0]- dim(    0): ch[1]:di_receiver_event_fun,8:_REG
07-04 18:40:50.579 I/[33501.033662@0]- dim(    0): reg:vdec.h264.00[2112]
07-04 18:40:50.579 I/[33501.033747@0]- dim(    0): reg:use[0]ms
07-04 18:40:50.579 E/[33501.033760@0]- reg(    0): v4lvideo
07-04 18:40:50.579 I/[33501.033767@0]- dim(    0): ch[1]:di_receiver_event_fun,3:_START
07-04 18:40:50.579 D/        (    0): [33501.033771@0]- vdec_init, vf_provider_name = vdec.h264.00, b 0
07-04 18:40:50.579 I/        (    0): [33501.034613@0]- vdec->port_flag=0x102, port_flag=0x10b
07-04 18:40:50.595 D/[33501.037439@0]- v4lvid(    0): dbg: v4lvideo open
07-04 18:40:50.649 D/[33501.105327@3]- 0(    0): AV_SCRATCH_1 = 841fe078, AV_SCRATCH_2 1a023
07-04 18:40:50.657 D/[33501.105519@3]- 0(    0): chroma_format_idc = 1 frame_mbs_only_flag 1, crop_bottom 8,  frame_height 1080,
07-04 18:40:50.657 D/[33501.105526@3]- 0(    0): mb_height 68,crop_right 0, frame_width 1920, mb_width 120
07-04 18:40:50.657 D/[33501.105532@3]- 0(    0): level_idc = 40 pic_size = 3133440 size = 4
07-04 18:40:50.657 D/[33501.105537@3]- 0(    0): mb height/widht/total: 44/78/1fe0 level_idc 28 max_ref_num 4
07-04 18:40:50.657 D/[33501.105543@3]- 0(    0): restriction_flag=1, max_dec_frame_buffering=4, dec_dpb_size=6 num_reorder_frames 2 used_reorder_dpb_size_margin 9
07-04 18:40:50.657 D/[33501.105548@3]- 0(    0): vh264_set_params active_buf_spec_num 15 dec_dpb_size 6 collocate_buf_num 8
07-04 18:40:50.682 D/[33501.135733@2]- 0(    0): num_ref_frames change from 0 to 4
07-04 18:40:50.686 I/[33501.142855@0]- dim(    0): value reg:ch[1]:fix_buf:0;ponly <0,0>
07-04 18:40:50.686 I/[33501.142873@0]- dim(    0): di_cnt_i_buf1:tvp:0
07-04 18:40:50.686 I/[33501.143178@2]- v4lvideo(    0): provider name: vdec.h264.00
07-04 18:40:50.714 D/        (    0): [33501.169766@2]- cal_dur_from_pts vstatus 3840 dur3600 -> 3840, revised 3840
07-04 18:40:50.727 D/[33501.179330@0]- dimh_patch_post_update_mc_sw(    0): 0x0->0x2
07-04 18:40:50.727 I/[33501.179532@0]- dim(    0): ch[1]:reg:mem cfg[8][5][3]
07-04 18:40:50.727 I/[33501.179998@2]- vframe_rate_uevent(    0): sent uevent FRAME_RATE_HINT=3840
07-04 18:40:50.727 I/[33501.180080@0]- dim(    0): pre cfg:ch[1]:33201084ms 1th source change:
07-04 18:40:50.727 I/[33501.180086@0]- dim(    0): source change:0x0/0/0/0=>0x8009/1920/1080/0
07-04 18:40:50.727 D/[33501.180102@0]- dimh_patch_post_update_mc_sw(    0): 0x2->0x3
07-04 18:40:50.756 I/[33501.211868@2]- VID(    0): VD1 off
07-04 18:40:50.765 I/[33501.212130@2]- vc(    0): [0]vc: set enable index=0, val=1
07-04 18:40:50.765 I/        (    0): [33501.212166@2]- dev->index =0, val=2
07-04 18:40:50.765 I/[33501.212172@2]- VID(    0): VD1 off
07-04 18:40:50.765 I/[33501.212180@2]- VID(    0): VD1 set global output as 1
07-04 18:40:50.765 I/[33501.212243@2]- VID(    0): store VD0 path_id changed -1->2
07-04 18:40:50.765 I/[33501.212282@2]- vc(    0): [0]sideband_type =-1
07-04 18:40:50.922 W/[33501.376704@3]- RTW(    0): Turbo EDCA =0x431c
07-04 18:40:51.002 W/[33501.456047@1]- RTW(    0): fill_default_txdesc(wlan0): SP Packet(0x0806) rate=0x4 SeqNum = 3198
07-04 18:40:52.279 D/CompatibilityChangeReporter( 3836): Compat change id reported: 135634846; UID 1002; state: DISABLED
07-04 18:40:52.332 W/ActivityManager( 3836): Slow operation: 55ms so far, now at startProcess: returned from zygote!
07-04 18:40:52.333 W/ActivityManager( 3836): Slow operation: 55ms so far, now at startProcess: done updating battery stats
07-04 18:40:52.333 W/ActivityManager( 3836): Slow operation: 55ms so far, now at startProcess: building log message
07-04 18:40:52.333 I/ActivityManager( 3836): Start proc 20720:com.iwedia.bluetoothconnectionservice/1002 for service {com.iwedia.bluetoothconnectionservice/com.iwedia.bluetoothconnectionservice.BluetoothAutomaticPair}
07-04 18:40:52.333 W/ActivityManager( 3836): Slow operation: 56ms so far, now at startProcess: starting to update pids map
07-04 18:40:52.335 W/ActivityManager( 3836): Slow operation: 56ms so far, now at startProcess: done updating pids map
07-04 18:40:56.094 W/[33506.547797@0]- RTW(    0): fill_default_txdesc(wlan0): SP Packet(0x0806) rate=0x4 SeqNum = 761
07-04 18:40:56.107 I/UsageStatsService( 3836): User[0] Flushing usage stats to disk
07-04 18:40:58.986 W/[33509.439060@1]- RTW(    0): Turbo EDCA =0x5ea42b
07-04 18:41:01.002 W/[33511.455085@2]- RTW(    0): Turbo EDCA =0x431c
07-04 18:41:01.237 W/[33511.690751@0]- RTW(    0): fill_default_txdesc(wlan0): SP Packet(0x0806) rate=0x4 SeqNum = 1278
07-04 18:41:03.018 W/[33513.471102@3]- RTW(    0): Turbo EDCA =0x5ea42b
07-04 18:41:05.206 W/        (    0): [33515.660985@3]- [0] H264 EOS notify.
07-04 18:41:05.902 I/        (    0): [33516.352888@0]- is_reset=1
07-04 18:41:05.903 I/[33516.353890@0]- vframe_rate_uevent(    0): sent uevent FRAME_RATE_HINT=0
07-04 18:41:05.903 I/[33516.354876@1]- dim(    0): ch[1]:di_receiver_event_fun,1:_UNREG
07-04 18:41:05.903 E/[33516.354887@1]- unreg(    0): v4lvideo
07-04 18:41:05.918 I/[33516.370789@1]- dim(    0): unreg:2keep[4], msk:[0x42220,0x0]
07-04 18:41:05.918 D/[33516.370809@1]- dimh_patch_post_update_mc_sw(    0): 0x3->0x0
07-04 18:41:05.932 I/[33516.383026@2]- dim(    0): unreg:use[29]ms
07-04 18:41:05.932 D/        (    0): [33516.383059@2]- vdec_disable_DMC input->target= 0x0
07-04 18:41:05.932 D/[33516.383178@2]- 0(    0): vh264_stop
07-04 18:41:05.932 D/        (    0): [33516.386477@2]- vdec_release instance 00000000a45750e0, total 1 id = 0
07-04 18:41:05.932 D/        (    0): [33516.386647@2]- the clk_vdec_mux    clock off, ref cnt: 0
07-04 18:41:05.932 D/        (    0): [33516.386658@2]- the vdec            clock off, ref cnt: 0
07-04 18:41:05.932 D/        (    0): [33516.386662@2]- the parser_top      clock off, ref cnt: 1
07-04 18:41:05.932 D/        (    0): [33516.386666@2]- the demux           clock off, ref cnt: 1
07-04 18:41:05.932 D/        (    0): [33516.386846@2]- the demux           clock on, ref cnt: 2
07-04 18:41:05.932 D/        (    0): [33516.386852@2]- the parser_top      clock on, ref cnt: 2
07-04 18:41:05.932 D/        (    0): [33516.386861@2]- the vdec            clock on, ref cnt: 1
07-04 18:41:05.932 D/        (    0): [33516.386881@2]- the clk_vdec_mux    clock on, ref cnt: 1
07-04 18:41:05.932 D/        (    0): [33516.386915@2]- vdec mux clock is 499999992 Hz
07-04 18:41:05.932 D/        (    0): [33516.387418@2]- vdec_create instance 00000000665ffa99, total 1, PM: legacy
07-04 18:41:05.932 D/        (    0): [33516.387474@2]- no drmmode
07-04 18:41:05.932 I/        (    0): [33516.387554@2]- is_reset=1
07-04 18:41:05.932 I/        (    0): [33516.387584@2]- vdec_init, dev_name:ammvdec_h264, vdec_type=VDEC_TYPE_FRAME_BLOCK  id = 0
07-04 18:41:05.932 D/        (    0): [33516.388637@2]- ammvdec_h264_mmu_init tvp = 0x0 mmu_enable 0
07-04 18:41:05.932 D/        (    0): [33516.388644@2]- decoder_bmmu_box_alloc_box, tvp_flags = 0
07-04 18:41:05.932 D/[33516.388663@2]- 0(    0): ammvdec_h264_probe mmu_enable 0 double_write_mode 0x10
07-04 18:41:05.954 D/[33516.389925@2]- 0(    0): ammvdec_h264 mem-addr=0,buff_offset=56f10000,buf_start=56f00000
07-04 18:41:05.954 D/        (    0): [33516.389971@2]- vdec mux clock is 666666656 Hz
07-04 18:41:05.954 D/        (    0): [33516.389976@2]- vdec1 video changed to 3840 x 2160 60 fps clk->667MHZ
07-04 18:41:05.954 W/        (    0): [33516.389982@2]- H264 sysinfo: 1920x1080 duration=3200, pts_outside=1
07-04 18:41:05.954 D/        (    0): [33516.389986@2]- sync_outside=0, use_idr_framerate=0, is_used_v4l: 0
07-04 18:41:05.954 I/        (    0): [33516.390115@2]- [TEE], the fw (h264_multi) will be loaded.
07-04 18:41:05.954 D/        (    0): [33516.390683@2]- vh264_init, phy_addr=74475000 vaddr=00000000e29f924e
07-04 18:41:05.954 D/        (    0): [33516.391193@2]- vfm map vdec-map-0 created
07-04 18:41:05.955 I/[33516.391215@2]- dim(    0): ch[1]:di_receiver_event_fun,8:_REG
07-04 18:41:05.955 I/[33516.391221@2]- dim(    0): reg:vdec.h264.00[2113]
07-04 18:41:05.960 I/[33516.391809@1]- dim(    0): reg:use[0]ms
07-04 18:41:05.960 E/[33516.391836@1]- reg(    0): v4lvideo
07-04 18:41:05.960 I/[33516.391844@1]- dim(    0): ch[1]:di_receiver_event_fun,3:_START
07-04 18:41:05.960 D/        (    0): [33516.391850@1]- vdec_init, vf_provider_name = vdec.h264.00, b 0
07-04 18:41:05.960 I/        (    0): [33516.393014@2]- vdec->port_flag=0x102, port_flag=0x10b
07-04 18:41:05.960 I/        (    0): [33516.393121@2]- is_reset=0
07-04 18:41:05.961 I/[33516.405636@0]- vframe_rate_uevent(    0): sent uevent FRAME_RATE_HINT=0
07-04 18:41:05.961 I/[33516.406018@1]- dim(    0): ch[1]:di_receiver_event_fun,1:_UNREG
07-04 18:41:05.961 E/[33516.406033@1]- unreg(    0): v4lvideo
07-04 18:41:05.961 I/[33516.406170@1]- dim(    0): unreg:use[0]ms
07-04 18:41:05.961 D/        (    0): [33516.406192@1]- vdec_disable_DMC input->target= 0x0
07-04 18:41:05.961 D/[33516.406318@1]- 0(    0): vh264_stop
07-04 18:41:05.961 D/        (    0): [33516.408092@1]- vdec_release instance 00000000665ffa99, total 1 id = 0
07-04 18:41:05.961 D/        (    0): [33516.408282@1]- the clk_vdec_mux    clock off, ref cnt: 0
07-04 18:41:05.963 D/        (    0): [33516.408293@1]- the vdec            clock off, ref cnt: 0
07-04 18:41:05.963 D/        (    0): [33516.408297@1]- the parser_top      clock off, ref cnt: 1
07-04 18:41:05.963 D/        (    0): [33516.408301@1]- the demux           clock off, ref cnt: 1
07-04 18:41:05.963 D/        (    0): [33516.408330@1]d v4lvideo_release_map 0 OK
07-04 18:41:05.967 D/[33516.408994@1]- v4lvid(    0): dbg: vidioc_close!!!!
07-04 18:41:05.967 I/[33516.410468@1]- resman(    0): 240 release [codec_mm]
07-04 18:41:06.014 I/[33516.468783@2]- resman(    0): 241 appname:OMX-206, type=0
07-04 18:41:06.114 I/[33516.569758@0]- resman(    0): 241 acquire [codec_mm], preempt yes
07-04 18:41:06.116 I/[33516.569770@0]- resman(    0): 241 score 60 secure no
07-04 18:41:06.116 I/[33516.569775@0]- resman(    0): 241 acquire [codec_mm] success
07-04 18:41:06.116 D/        (    0): [33516.569806@0]- the demux           clock on, ref cnt: 2
07-04 18:41:06.116 D/        (    0): [33516.569811@0]- the parser_top      clock on, ref cnt: 2
07-04 18:41:06.116 D/        (    0): [33516.569821@0]- the vdec            clock on, ref cnt: 1
07-04 18:41:06.120 D/        (    0): [33516.569844@0]- the clk_hevc_mux    clock on, ref cnt: 1
07-04 18:41:06.120 D/        (    0): [33516.569849@0]- the clk_hevcb_mux   clock on, ref cnt: 1
07-04 18:41:06.120 D/        (    0): [33516.569880@0]- hevc mux clock is 499999992 Hz
07-04 18:41:06.120 D/        (    0): [33516.569895@0]- hevc back mux clock is 499999992 Hz
07-04 18:41:06.120 D/        (    0): [33516.570037@0]- vdec_create instance 000000009eae05db, total 1, PM: legacy
07-04 18:41:06.120 D/        (    0): [33516.570172@0]- no drmmode
07-04 18:41:06.120 I/        (    0): [33516.570215@0]- is_reset=0
07-04 18:41:06.120 I/        (    0): [33516.570444@0]- vdec_init, dev_name:ammvdec_h265, vdec_type=VDEC_TYPE_FRAME_BLOCK  id = 0
07-04 18:41:06.120 D/[33516.571493@0]- [0]pdata->config=hevc_buf_width(    0): 1920;hevc_buf_height:1088;hevc_buf_margin:0;hevc_double_write_mode:16;save_buffer_mode:0;
07-04 18:41:06.120 D/        (    0): [33516.571525@0]- decoder_bmmu_box_alloc_box, tvp_flags = 0
07-04 18:41:06.121 D/        (    0): [33516.572718@2]- [0]dynamic_buf_num_margin=9
07-04 18:41:06.121 D/        (    0): [33516.572739@2]- [0]double_write_mode=16
07-04 18:41:06.121 D/[33516.572749@2]- [0]h265(    0): pts_unstable=0
07-04 18:41:06.133 D/[33516.572755@2]- [0]h265(    0): ver (201602101,0) decinfo: 0x0 rate=3600
07-04 18:41:06.133 I/        (    0): [33516.575984@0]- [TEE], the fw (hevc_mmu) will be loaded.
07-04 18:41:06.133 D/        (    0): [33516.576081@0]- hevc mux clock is 666666656 Hz
07-04 18:41:06.133 D/        (    0): [33516.576097@0]- hevc back mux clock is 666666656 Hz
07-04 18:41:06.133 D/        (    0): [33516.576103@0]- hevc video changed to 3840 x 2160 60 fps clk->667MHZ
07-04 18:41:06.133 D/        (    0): [33516.576150@0]- vfm map vdec-map-0 created
07-04 18:41:06.133 I/[33516.576171@0]- dim(    0): ch[1]:di_receiver_event_fun,8:_REG
07-04 18:41:06.134 I/[33516.576176@0]- dim(    0): reg:vdec.h265.00[2114]
07-04 18:41:06.134 I/[33516.576763@3]- dim(    0): reg:use[0]ms
07-04 18:41:06.134 E/[33516.576788@3]- reg(    0): v4lvideo
07-04 18:41:06.134 I/[33516.576796@3]- dim(    0): ch[1]:di_receiver_event_fun,3:_START
07-04 18:41:06.134 D/        (    0): [33516.576803@3]- vdec_init, vf_provider_name = vdec.h265.00, b 0
07-04 18:41:06.134 I/        (    0): [33516.577490@3]- vdec->port_flag=0x102, port_flag=0x10b
07-04 18:41:06.134 D/[33516.580232@3]- v4lvid(    0): dbg: v4lvideo open
07-04 18:41:06.134 E/        (    0): [33516.589544@3]- mmu box NULL !!!
07-04 18:41:06.134 D/        (    0): [33516.589557@3]- [0]vh265 cached=0  need_size=6144 speed= 16 ms
07-04 18:41:06.134 D/        (    0): [33516.590137@2]- [0]hevc->performance_profile 0
07-04 18:41:06.134 D/        (    0): [33516.590144@2]- [0]set pic_list_init_flag 1
07-04 18:41:06.178 D/        (    0): [33516.634265@3]- [0]init_buf_spec2 1920 1080
07-04 18:41:06.180 D/        (    0): [33516.634273@3]- [0]set pic_list_init_flag to 2
07-04 18:41:06.180 D/        (    0): [33516.634319@2]- [0]set pic_list_init_flag to 3
07-04 18:41:06.180 D/        (    0): [33516.634324@2]- [vdec_kpi][vh265_isr_thread_fn] First I frame coming.
07-04 18:41:06.182 D/[33516.638049@2]- [0]VH265(    0): output first frame
07-04 18:41:06.182 D/        (    0): [33516.638087@2]- [vdec_kpi][post_video_frame] First I frame decoded.
07-04 18:41:06.182 I/[33516.638151@3]- dim(    0): value reg:ch[1]:fix_buf:0;ponly <0,0>
07-04 18:41:06.182 I/[33516.638163@3]- dim(    0): 1920x1080-0x9000.
07-04 18:41:06.186 I/[33516.640653@2]- v4lvideo(    0): provider name: vdec.h265.00
07-04 18:41:06.245 D/        (    0): [33516.666404@0]- cal_dur_from_pts vstatus 3840 dur3600 -> 3840, revised 3840
07-04 18:41:06.246 I/[33516.671719@0]- vframe_rate_uevent(    0): sent uevent FRAME_RATE_HINT=3840
07-04 18:41:06.327 W/[33516.781574@2]- RTW(    0): fill_default_txdesc(wlan0): SP Packet(0x0806) rate=0x4 SeqNum = 1779
07-04 18:41:07.050 W/[33517.503310@2]- RTW(    0): Turbo EDCA =0x431c
07-04 18:41:11.125 W/[33521.579917@1]- RTW(    0): fill_default_txdesc(wlan0): SP Packet(0x0806) rate=0x4 SeqNum = 3291
07-04 18:41:13.098 W/[33523.551296@1]- RTW(    0): Turbo EDCA =0x5ea42b
07-04 18:41:15.114 W/[33525.567202@1]- RTW(    0): Turbo EDCA =0x431c
07-04 18:41:16.314 W/[33526.770195@3]- RTW(    0): fill_default_txdesc(wlan0): SP Packet(0x0806) rate=0x4 SeqNum = 3617
07-04 18:41:17.130 W/[33527.583289@1]- RTW(    0): Turbo EDCA =0x5ea42b
07-04 18:41:21.162 W/[33531.615095@2]- RTW(    0): Turbo EDCA =0x431c
07-04 18:41:21.458 W/[33531.914607@3]- RTW(    0): fill_default_txdesc(wlan0): SP Packet(0x0806) rate=0x4 SeqNum = 3959
07-04 18:41:23.178 W/[33533.631148@0]- RTW(    0): Turbo EDCA =0x5ea42b
07-04 18:41:26.638 W/[33537.093687@2]- RTW(    0): fill_default_txdesc(wlan0): SP Packet(0x0806) rate=0x4 SeqNum = 148
07-04 18:41:29.226 W/[33539.679165@0]- RTW(    0): Turbo EDCA =0x431c
07-04 18:41:31.242 W/[33541.695322@2]- RTW(    0): Turbo EDCA =0x5ea42b
07-04 18:41:31.907 W/[33542.358864@0]- RTW(    0): fill_default_txdesc(wlan0): SP Packet(0x0806) rate=0x4 SeqNum = 447
07-04 18:41:36.006 W/[33546.459035@0]- RTW(    0): fill_default_txdesc(wlan0): SP Packet(0x0806) rate=0x4 SeqNum = 762
07-04 18:41:37.290 W/[33547.743123@1]- RTW(    0): Turbo EDCA =0x431c
07-04 18:41:37.890 W/[33548.344100@2]- healthd(    0): battery l=100 v=4 t=0.0 h=2 st=2 c=1100 fc=10000000 chg=u
07-04 18:41:39.306 W/[33549.759308@2]- RTW(    0): Turbo EDCA =0x5ea42b
07-04 18:41:41.122 W/[33551.578154@0]- RTW(    0): fill_default_txdesc(wlan0): SP Packet(0x0806) rate=0x4 SeqNum = 1046
07-04 18:41:43.336 W/[33553.791269@3]- RTW(    0): Turbo EDCA =0x431c
07-04 18:41:45.354 W/[33555.807149@3]- RTW(    0): Turbo EDCA =0x5ea42b
07-04 18:41:46.274 W/[33556.727683@3]- RTW(    0): fill_default_txdesc(wlan0): SP Packet(0x0806) rate=0x4 SeqNum = 1303
07-04 18:41:51.114 W/[33561.570336@3]- RTW(    0): fill_default_txdesc(wlan0): SP Packet(0x0806) rate=0x4 SeqNum = 1564
07-04 18:41:51.402 W/[33561.855060@1]- RTW(    0): Turbo EDCA =0x431c
07-04 18:41:37.535 I/chatty  ( 3836): uid=1000(system) android.bg identical 4 lines
07-04 18:41:47.635 I/UsageStatsService( 3836): User[0] Flushing usage stats to disk
07-04 18:41:55.096 D/AutofillManagerService( 3836): onBackKeyPressed()
07-04 18:41:55.152 I/        (    0): [33565.606938@3]- is_reset=1
07-04 18:41:55.153 I/[33565.607382@3]- vframe_rate_uevent(    0): sent uevent FRAME_RATE_HINT=0
07-04 18:41:55.153 I/[33565.608889@3]- dim(    0): ch[1]:di_receiver_event_fun,1:_UNREG
07-04 18:41:55.153 E/[33565.608927@3]- unreg(    0): v4lvideo
07-04 18:41:55.153 I/[33565.608993@0]- dim(    0): unreg:2keep[4], msk:[0x0,0x0]
07-04 18:41:55.164 I/[33565.620399@0]- dim(    0): unreg:use[12]ms
07-04 18:41:55.164 D/        (    0): [33565.620437@0]- vdec_disable_DMC input->target= 0x1
07-04 18:41:55.166 D/        (    0): [33565.622477@1]- vdec_release instance 000000009eae05db, total 1 id = 0
07-04 18:41:55.166 D/        (    0): [33565.622671@1]- the clk_hevc_mux    clock off, ref cnt: 0
07-04 18:41:55.166 D/        (    0): [33565.622678@1]- the clk_hevcb_mux   clock off, ref cnt: 0
07-04 18:41:55.166 D/        (    0): [33565.622739@1]- the vdec            clock off, ref cnt: 0
07-04 18:41:55.166 D/        (    0): [33565.622750@1]- the parser_top      clock off, ref cnt: 1
07-04 18:41:55.166 D/        (    0): [33565.622758@1]- the demux           clock off, ref cnt: 1
07-04 18:41:55.166 D/        (    0): [33565.622872@1]- the demux           clock on, ref cnt: 2
07-04 18:41:55.166 D/        (    0): [33565.622877@1]- the parser_top      clock on, ref cnt: 2
07-04 18:41:55.166 D/        (    0): [33565.622884@1]- the vdec            clock on, ref cnt: 1
07-04 18:41:55.166 D/        (    0): [33565.622904@1]- the clk_hevc_mux    clock on, ref cnt: 1
07-04 18:41:55.166 D/        (    0): [33565.622909@1]- the clk_hevcb_mux   clock on, ref cnt: 1
07-04 18:41:55.166 D/        (    0): [33565.622940@1]- hevc mux clock is 499999992 Hz
07-04 18:41:55.166 D/        (    0): [33565.622956@1]- hevc back mux clock is 499999992 Hz
07-04 18:41:55.166 D/        (    0): [33565.623101@1]- vdec_create instance 000000004e43d4be, total 1, PM: legacy
07-04 18:41:55.166 D/        (    0): [33565.623138@1]- no drmmode
07-04 18:41:55.166 I/        (    0): [33565.623180@1]- is_reset=1
07-04 18:41:55.166 I/        (    0): [33565.623206@1]- vdec_init, dev_name:ammvdec_h265, vdec_type=VDEC_TYPE_FRAME_BLOCK  id = 0
07-04 18:41:55.170 D/[33565.623871@1]- [0]pdata->config=hevc_buf_width(    0): 1920;hevc_buf_height:1088;hevc_buf_margin:0;hevc_double_write_mode:16;save_buffer_mode:0;
07-04 18:41:55.170 D/        (    0): [33565.623904@1]- decoder_bmmu_box_alloc_box, tvp_flags = 0
07-04 18:41:55.170 D/        (    0): [33565.626583@0]- [0]dynamic_buf_num_margin=9
07-04 18:41:55.170 D/        (    0): [33565.626591@0]- [0]double_write_mode=16
07-04 18:41:55.170 D/[33565.626600@0]- [0]h265(    0): pts_unstable=0
07-04 18:41:55.170 D/[33565.626606@0]- [0]h265(    0): ver (201602101,0) decinfo: 0x0 rate=3600
07-04 18:41:55.172 I/        (    0): [33565.627421@1]- [TEE], the fw (hevc_mmu) will be loaded.
07-04 18:41:55.172 D/        (    0): [33565.627468@1]- hevc mux clock is 666666656 Hz
07-04 18:41:55.172 D/        (    0): [33565.627485@1]- hevc back mux clock is 666666656 Hz
07-04 18:41:55.172 D/        (    0): [33565.627490@1]- hevc video changed to 3840 x 2160 60 fps clk->667MHZ
07-04 18:41:55.172 D/        (    0): [33565.627530@1]- vfm map vdec-map-0 created
07-04 18:41:55.172 I/[33565.627551@1]- dim(    0): ch[1]:di_receiver_event_fun,8:_REG
07-04 18:41:55.172 I/[33565.627556@1]- dim(    0): reg:vdec.h265.00[2115]
07-04 18:41:55.172 I/[33565.628093@3]- dim(    0): reg:use[1]ms
07-04 18:41:55.172 E/[33565.628115@3]- reg(    0): v4lvideo
07-04 18:41:55.172 I/[33565.628122@3]- dim(    0): ch[1]:di_receiver_event_fun,3:_START
07-04 18:41:55.172 D/        (    0): [33565.628127@3]- vdec_init, vf_provider_name = vdec.h265.00, b 0
07-04 18:41:55.173 I/        (    0): [33565.628941@3]- vdec->port_flag=0x102, port_flag=0x10b
07-04 18:41:55.173 I/        (    0): [33565.629046@3]- is_reset=0
07-04 18:41:55.192 I/        (    0): [33565.645406@0]- is_reset=1
07-04 18:41:55.202 I/[33565.648434@0]- vframe_rate_uevent(    0): sent uevent FRAME_RATE_HINT=0
07-04 18:41:55.202 I/[33565.648490@0]- dim(    0): ch[1]:di_receiver_event_fun,1:_UNREG
07-04 18:41:55.202 E/[33565.648501@0]- unreg(    0): v4lvideo
07-04 18:41:55.202 I/[33565.648573@0]- dim(    0): unreg:use[0]ms
07-04 18:41:55.202 D/        (    0): [33565.648592@0]- vdec_disable_DMC input->target= 0x1
07-04 18:41:55.202 D/        (    0): [33565.649094@0]- vdec_release instance 000000004e43d4be, total 1 id = 0
07-04 18:41:55.202 D/        (    0): [33565.649308@0]- the clk_hevc_mux    clock off, ref cnt: 0
07-04 18:41:55.202 D/        (    0): [33565.649314@0]- the clk_hevcb_mux   clock off, ref cnt: 0
07-04 18:41:55.203 D/        (    0): [33565.649323@0]- the vdec            clock off, ref cnt: 0
07-04 18:41:55.203 D/        (    0): [33565.649327@0]- the parser_top      clock off, ref cnt: 1
07-04 18:41:55.203 D/        (    0): [33565.649331@0]- the demux           clock off, ref cnt: 1
07-04 18:41:55.203 D/        (    0): [33565.649397@0]- the demux           clock on, ref cnt: 2
07-04 18:41:55.203 D/        (    0): [33565.649401@0]- the parser_top      clock on, ref cnt: 2
07-04 18:41:55.203 D/        (    0): [33565.649408@0]- the vdec            clock on, ref cnt: 1
07-04 18:41:55.203 D/        (    0): [33565.649427@0]- the clk_hevc_mux    clock on, ref cnt: 1
07-04 18:41:55.203 D/        (    0): [33565.649432@0]- the clk_hevcb_mux   clock on, ref cnt: 1
07-04 18:41:55.203 D/        (    0): [33565.649462@0]- hevc mux clock is 499999992 Hz
07-04 18:41:55.203 D/        (    0): [33565.649478@0]- hevc back mux clock is 499999992 Hz
07-04 18:41:55.203 D/        (    0): [33565.649652@0]- vdec_create instance 000000009b197436, total 1, PM: legacy
07-04 18:41:55.203 D/        (    0): [33565.649695@0]- no drmmode
07-04 18:41:55.203 I/        (    0): [33565.649730@0]- is_reset=1
07-04 18:41:55.203 I/        (    0): [33565.649753@0]- vdec_init, dev_name:ammvdec_h265, vdec_type=VDEC_TYPE_FRAME_BLOCK  id = 0
07-04 18:41:55.203 D/[33565.650391@0]- [0]pdata->config=hevc_buf_width(    0): 1920;hevc_buf_height:1088;hevc_buf_margin:0;hevc_double_write_mode:16;save_buffer_mode:0;
07-04 18:41:55.203 D/        (    0): [33565.650424@0]- decoder_bmmu_box_alloc_box, tvp_flags = 0
07-04 18:41:55.203 D/        (    0): [33565.650892@0]- [0]dynamic_buf_num_margin=9
07-04 18:41:55.203 D/        (    0): [33565.650898@0]- [0]double_write_mode=16
07-04 18:41:55.203 D/[33565.650906@0]- [0]h265(    0): pts_unstable=0
07-04 18:41:55.203 D/[33565.650911@0]- [0]h265(    0): ver (201602101,0) decinfo: 0x0 rate=3600
07-04 18:41:55.203 I/        (    0): [33565.655230@2]- [TEE], the fw (hevc_mmu) will be loaded.
07-04 18:41:55.203 D/        (    0): [33565.655277@2]- hevc mux clock is 666666656 Hz
07-04 18:41:55.203 D/        (    0): [33565.655293@2]- hevc back mux clock is 666666656 Hz
07-04 18:41:55.204 D/        (    0): [33565.655298@2]- hevc video changed to 3840 x 2160 60 fps clk->667MHZ
07-04 18:41:55.204 D/        (    0): [33565.655346@2]- vfm map vdec-map-0 created
07-04 18:41:55.204 I/[33565.655367@2]- dim(    0): ch[1]:di_receiver_event_fun,8:_REG
07-04 18:41:55.204 I/[33565.655372@2]- dim(    0): reg:vdec.h265.00[2116]
07-04 18:41:55.204 I/[33565.656023@1]- dim(    0): reg:use[1]ms
07-04 18:41:55.204 E/[33565.656050@1]- reg(    0): v4lvideo
07-04 18:41:55.204 I/[33565.656058@1]- dim(    0): ch[1]:di_receiver_event_fun,3:_START
07-04 18:41:55.204 D/        (    0): [33565.656064@1]- vdec_init, vf_provider_name = vdec.h265.00, b 0
07-04 18:41:55.204 I/        (    0): [33565.658388@2]- vdec->port_flag=0x102, port_flag=0x10b
07-04 18:41:55.204 I/        (    0): [33565.658493@2]- is_reset=0
07-04 18:41:55.226 I/[33565.680203@3]- vframe_rate_uevent(    0): sent uevent FRAME_RATE_HINT=0
07-04 18:41:55.226 I/[33565.680263@3]- dim(    0): ch[1]:di_receiver_event_fun,1:_UNREG
07-04 18:41:55.226 E/[33565.680275@3]- unreg(    0): v4lvideo
07-04 18:41:55.226 I/[33565.680840@3]- dim(    0): unreg:use[0]ms
07-04 18:41:55.226 D/        (    0): [33565.680871@3]- vdec_disable_DMC input->target= 0x1
07-04 18:41:55.226 D/        (    0): [33565.681639@3]- vdec_release instance 000000009b197436, total 1 id = 0
07-04 18:41:55.226 D/        (    0): [33565.681802@3]- the clk_hevc_mux    clock off, ref cnt: 0
07-04 18:41:55.226 D/        (    0): [33565.681809@3]- the clk_hevcb_mux   clock off, ref cnt: 0
07-04 18:41:55.226 D/        (    0): [33565.681818@3]- the vdec            clock off, ref cnt: 0
07-04 18:41:55.226 D/        (    0): [33565.681822@3]- the parser_top      clock off, ref cnt: 1
07-04 18:41:55.226 D/        (    0): [33565.681826@3]- the demux           clock off, ref cnt: 1
07-04 18:41:55.226 D/        (    0): [33565.681853@3]d v4lvideo_release_map 0 OK
07-04 18:41:55.226 D/[33565.681981@3]- v4lvid(    0): dbg: vidioc_close!!!!
07-04 18:41:55.226 I/[33565.683083@3]- resman(    0): 241 release [codec_mm]
07-04 18:41:55.449 D/INSETS  ( 3836): else - Package Name ::  left : 0 right :: 0 top :: 0 bottom :: 0 dfu-right :: 1920 dfu-bottom :: 1080
07-04 18:41:55.486 I/[33565.941400@2]- vc(    0): [0]vc: set enable index=0, val=0
07-04 18:41:55.486 I/[33565.941420@2]- VID(    0): store VD0 path_id changed 2->-1
07-04 18:41:55.486 I/        (    0): [33565.941424@2]- dev->index =0, val=1
07-04 18:41:55.486 I/[33565.941428@2]- VID(    0): VD1 off
07-04 18:41:55.486 I/[33565.941434@2]- VID(    0): VD1 set global output as 0
07-04 18:41:55.486 I/        (    0): [33565.941450@2]- common_vf_unreg_provider video_render.0: vd1 used: true, vd2 used: false, black_out:0, cur_buf:00000000a4110585
07-04 18:41:55.864 D/INSETS  ( 3836): else - Package Name ::  left : 0 right :: 0 top :: 0 bottom :: 0 dfu-right :: 1920 dfu-bottom :: 1080
07-04 18:41:56.262 W/[33566.715254@0]- RTW(    0): fill_default_txdesc(wlan0): SP Packet(0x0806) rate=0x4 SeqNum = 2300
07-04 18:41:57.027 D/AutofillManagerService( 3836): onBackKeyPressed()
07-04 18:41:57.451 W/[33567.903099@0]- RTW(    0): Turbo EDCA =0x5ea42b
07-04 18:41:57.723 I/UsageStatsService( 3836): User[0] Flushing usage stats to disk
07-04 18:41:58.284 D/InputMethodManagerService( 3836): Top Package Name: in.startv.hotstar
07-04 18:41:58.291 W/ContextImpl( 3836): Calling a method in the system process without a qualified user: android.app.ContextImpl.sendBroadcast:1111 com.android.server.inputmethod.InputMethodManagerService.sendSoftInputVisibilityBroadcast:3258 com.android.server.inputmethod.InputMethodManagerService.showCurrentInputLocked:3231 com.android.server.inputmethod.InputMethodManagerService.showSoftInput:3153 com.android.internal.view.IInputMethodManager$Stub.onTransact:304 
07-04 18:41:58.292 D/InputMethodManagerService( 3836): Top Package Name: in.startv.hotstar
07-04 18:41:58.297 W/ContextImpl( 3836): Calling a method in the system process without a qualified user: android.app.ContextImpl.sendBroadcast:1111 com.android.server.inputmethod.InputMethodManagerService.sendSoftInputVisibilityBroadcast:3258 com.android.server.inputmethod.InputMethodManagerService.showCurrentInputLocked:3231 com.android.server.inputmethod.InputMethodManagerService.showMySoftInput:4198 com.android.server.inputmethod.InputMethodManagerService.access$4100:189 
07-04 18:41:58.304 W/ContextImpl( 3836): Calling a method in the system process without a qualified user: android.app.ContextImpl.sendBroadcast:1111 com.android.server.inputmethod.InputMethodManagerService.sendSoftInputVisibilityBroadcast:3258 com.android.server.inputmethod.InputMethodManagerService.hideCurrentInputLocked:3330 com.android.server.inputmethod.InputMethodManagerService.hideMySoftInput:4180 com.android.server.inputmethod.InputMethodManagerService.access$4000:189 
07-04 18:41:58.308 D/CompatibilityChangeReporter( 3836): Compat change id reported: 136219221; UID 1000; state: ENABLED
07-04 18:41:58.309 D/CompatibilityChangeReporter( 3836): Compat change id reported: 136219221; UID 1000; state: DISABLED
07-04 18:41:58.316 D/INSETS  ( 3836): else - Package Name ::  left : 0 right :: 0 top :: 0 bottom :: 0 dfu-right :: 1920 dfu-bottom :: 1080
07-04 18:41:58.321 I/chatty  ( 3836): uid=1000(system) Binder:3836_E identical 2 lines
07-04 18:41:58.321 D/INSETS  ( 3836): else - Package Name ::  left : 0 right :: 0 top :: 0 bottom :: 0 dfu-right :: 1920 dfu-bottom :: 1080
07-04 18:41:58.342 D/INSETS  ( 3836): else - Package Name ::  left : 0 right :: 0 top :: 0 bottom :: 0 dfu-right :: 1920 dfu-bottom :: 1080
07-04 18:41:58.350 I/chatty  ( 3836): uid=1000(system) android.anim identical 2 lines
07-04 18:41:58.350 D/INSETS  ( 3836): else - Package Name ::  left : 0 right :: 0 top :: 0 bottom :: 0 dfu-right :: 1920 dfu-bottom :: 1080
07-04 18:41:58.371 D/InputMethodManagerService( 3836): Top Package Name: in.startv.hotstar
07-04 18:41:58.375 W/ContextImpl( 3836): Calling a method in the system process without a qualified user: android.app.ContextImpl.sendBroadcast:1111 com.android.server.inputmethod.InputMethodManagerService.sendSoftInputVisibilityBroadcast:3258 com.android.server.inputmethod.InputMethodManagerService.showCurrentInputLocked:3231 com.android.server.inputmethod.InputMethodManagerService.showMySoftInput:4198 com.android.server.inputmethod.InputMethodManagerService.access$4100:189 
07-04 18:41:58.387 D/INSETS  ( 3836): else - Package Name ::  left : 0 right :: 0 top :: 0 bottom :: 0 dfu-right :: 1920 dfu-bottom :: 1080
07-04 18:41:58.387 D/INSETS  ( 3836): else - Package Name ::  left : 0 right :: 0 top :: 0 bottom :: 0 dfu-right :: 1920 dfu-bottom :: 1080
07-04 18:41:58.403 D/InputMethodManagerService( 3836): Top Package Name: in.startv.hotstar
07-04 18:41:58.404 W/ContextImpl( 3836): Calling a method in the system process without a qualified user: android.app.ContextImpl.sendBroadcast:1111 com.android.server.inputmethod.InputMethodManagerService.sendSoftInputVisibilityBroadcast:3258 com.android.server.inputmethod.InputMethodManagerService.showCurrentInputLocked:3231 com.android.server.inputmethod.InputMethodManagerService.showMySoftInput:4198 com.android.server.inputmethod.InputMethodManagerService.access$4100:189 
07-04 18:41:58.453 D/INSETS  ( 3836): else - Package Name ::  left : 0 right :: 0 top :: 0 bottom :: 0 dfu-right :: 1920 dfu-bottom :: 1080
07-04 18:41:58.509 I/chatty  ( 3836): uid=1000(system) Binder:3836_13 identical 3 lines
07-04 18:41:58.510 D/INSETS  ( 3836): else - Package Name ::  left : 0 right :: 0 top :: 0 bottom :: 0 dfu-right :: 1920 dfu-bottom :: 1080
07-04 18:41:58.527 D/INSETS  ( 3836): else - Package Name ::  left : 0 right :: 0 top :: 0 bottom :: 0 dfu-right :: 1920 dfu-bottom :: 1080
07-04 18:41:58.528 I/chatty  ( 3836): uid=1000(system) android.anim identical 1 line
07-04 18:41:58.528 D/INSETS  ( 3836): else - Package Name ::  left : 0 right :: 0 top :: 0 bottom :: 0 dfu-right :: 1920 dfu-bottom :: 1080
07-04 18:41:58.530 D/InputMethodManagerService( 3836): Top Package Name: in.startv.hotstar
07-04 18:41:58.531 W/ContextImpl( 3836): Calling a method in the system process without a qualified user: android.app.ContextImpl.sendBroadcast:1111 com.android.server.inputmethod.InputMethodManagerService.sendSoftInputVisibilityBroadcast:3258 com.android.server.inputmethod.InputMethodManagerService.showCurrentInputLocked:3231 com.android.server.inputmethod.InputMethodManagerService.showMySoftInput:4198 com.android.server.inputmethod.InputMethodManagerService.access$4100:189 
07-04 18:41:58.537 D/InputMethodManagerService( 3836): Top Package Name: in.startv.hotstar
07-04 18:41:58.538 W/ContextImpl( 3836): Calling a method in the system process without a qualified user: android.app.ContextImpl.sendBroadcast:1111 com.android.server.inputmethod.InputMethodManagerService.sendSoftInputVisibilityBroadcast:3258 com.android.server.inputmethod.InputMethodManagerService.showCurrentInputLocked:3231 com.android.server.inputmethod.InputMethodManagerService.showMySoftInput:4198 com.android.server.inputmethod.InputMethodManagerService.access$4100:189 
07-04 18:41:58.548 D/INSETS  ( 3836): else - Package Name ::  left : 0 right :: 0 top :: 0 bottom :: 0 dfu-right :: 1920 dfu-bottom :: 1080
07-04 18:41:58.559 I/chatty  ( 3836): uid=1000(system) android.display identical 4 lines
07-04 18:41:58.559 D/INSETS  ( 3836): else - Package Name ::  left : 0 right :: 0 top :: 0 bottom :: 0 dfu-right :: 1920 dfu-bottom :: 1080
07-04 18:41:58.577 W/NotificationHistory( 3836): Attempted to add notif for locked/gone/disabled user 0
07-04 18:41:58.622 D/INSETS  ( 3836): else - Package Name ::  left : 0 right :: 0 top :: 0 bottom :: 0 dfu-right :: 1920 dfu-bottom :: 1080
07-04 18:41:58.622 I/chatty  ( 3836): uid=1000(system) Binder:3836_E identical 1 line
07-04 18:41:58.622 D/INSETS  ( 3836): else - Package Name ::  left : 0 right :: 0 top :: 0 bottom :: 0 dfu-right :: 1920 dfu-bottom :: 1080
07-04 18:41:58.746 W/NotificationHistory( 3836): Attempted to add notif for locked/gone/disabled user 0
07-04 18:41:59.267 D/InputMethodManagerService( 3836): Top Package Name: in.startv.hotstar
07-04 18:41:59.268 W/ContextImpl( 3836): Calling a method in the system process without a qualified user: android.app.ContextImpl.sendBroadcast:1111 com.android.server.inputmethod.InputMethodManagerService.sendSoftInputVisibilityBroadcast:3258 com.android.server.inputmethod.InputMethodManagerService.showCurrentInputLocked:3231 com.android.server.inputmethod.InputMethodManagerService.attachNewInputLocked:2397 com.android.server.inputmethod.InputMethodManagerService.startInputUncheckedLocked:2503 
07-04 18:41:59.271 D/InputMethodManagerService( 3836): Top Package Name: in.startv.hotstar
07-04 18:41:59.272 W/ContextImpl( 3836): Calling a method in the system process without a qualified user: android.app.ContextImpl.sendBroadcast:1111 com.android.server.inputmethod.InputMethodManagerService.sendSoftInputVisibilityBroadcast:3258 com.android.server.inputmethod.InputMethodManagerService.showCurrentInputLocked:3231 com.android.server.inputmethod.InputMethodManagerService.showMySoftInput:4198 com.android.server.inputmethod.InputMethodManagerService.access$4100:189 
07-04 18:41:59.284 D/INSETS  ( 3836): else - Package Name ::  left : 0 right :: 0 top :: 0 bottom :: 0 dfu-right :: 1920 dfu-bottom :: 1080
07-04 18:41:59.285 I/chatty  ( 3836): uid=1000(system) Binder:3836_15 identical 1 line
07-04 18:41:59.285 D/INSETS  ( 3836): else - Package Name ::  left : 0 right :: 0 top :: 0 bottom :: 0 dfu-right :: 1920 dfu-bottom :: 1080
07-04 18:41:59.415 D/InputMethodManagerService( 3836): Top Package Name: in.startv.hotstar
07-04 18:41:59.416 W/ContextImpl( 3836): Calling a method in the system process without a qualified user: android.app.ContextImpl.sendBroadcast:1111 com.android.server.inputmethod.InputMethodManagerService.sendSoftInputVisibilityBroadcast:3258 com.android.server.inputmethod.InputMethodManagerService.showCurrentInputLocked:3231 com.android.server.inputmethod.InputMethodManagerService.showMySoftInput:4198 com.android.server.inputmethod.InputMethodManagerService.access$4100:189 
07-04 18:41:59.442 D/INSETS  ( 3836): else - Package Name ::  left : 0 right :: 0 top :: 0 bottom :: 0 dfu-right :: 1920 dfu-bottom :: 1080
07-04 18:41:59.454 I/chatty  ( 3836): uid=1000(system) android.anim identical 2 lines
07-04 18:41:59.454 D/INSETS  ( 3836): else - Package Name ::  left : 0 right :: 0 top :: 0 bottom :: 0 dfu-right :: 1920 dfu-bottom :: 1080
07-04 18:42:00.014 D/InputMethodManagerService( 3836): Top Package Name: in.startv.hotstar
07-04 18:42:00.015 W/ContextImpl( 3836): Calling a method in the system process without a qualified user: android.app.ContextImpl.sendBroadcast:1111 com.android.server.inputmethod.InputMethodManagerService.sendSoftInputVisibilityBroadcast:3258 com.android.server.inputmethod.InputMethodManagerService.showCurrentInputLocked:3231 com.android.server.inputmethod.InputMethodManagerService.attachNewInputLocked:2397 com.android.server.inputmethod.InputMethodManagerService.startInputUncheckedLocked:2503 
07-04 18:42:00.018 D/InputMethodManagerService( 3836): Top Package Name: in.startv.hotstar
07-04 18:42:00.020 W/ContextImpl( 3836): Calling a method in the system process without a qualified user: android.app.ContextImpl.sendBroadcast:1111 com.android.server.inputmethod.InputMethodManagerService.sendSoftInputVisibilityBroadcast:3258 com.android.server.inputmethod.InputMethodManagerService.showCurrentInputLocked:3231 com.android.server.inputmethod.InputMethodManagerService.showMySoftInput:4198 com.android.server.inputmethod.InputMethodManagerService.access$4100:189 
07-04 18:42:00.030 D/INSETS  ( 3836): else - Package Name ::  left : 0 right :: 0 top :: 0 bottom :: 0 dfu-right :: 1920 dfu-bottom :: 1080
07-04 18:42:00.030 D/INSETS  ( 3836): else - Package Name ::  left : 0 right :: 0 top :: 0 bottom :: 0 dfu-right :: 1920 dfu-bottom :: 1080
