07-04 12:04:14.851 I/chatty  ( 3836): uid=1000(system) AppIntegrityMan expire 5 lines
07-04 12:04:14.866 I/chatty  ( 3836): uid=1000(system) PackageManager expire 19 lines
07-04 12:04:14.952 I/chatty  ( 3836): uid=1000 system_server expire 2 lines
07-04 12:04:15.111 I/chatty  ( 3836): uid=1000(system) Binder:3836_18 expire 1 line
07-04 12:04:15.122 I/chatty  ( 3836): uid=1000(system) Binder:3836_14 expire 2 lines
07-04 12:04:15.126 I/chatty  ( 3836): uid=1000(system) ConnectivitySer expire 1 line
07-04 12:04:15.709 I/chatty  ( 3836): uid=1000 system_server expire 2 lines
07-04 12:04:15.732 I/chatty  ( 3836): uid=1000(system) Binder:3836_A expire 1 line
07-04 12:04:15.769 I/chatty  ( 3836): uid=1000(system) android.fg expire 2 lines
07-04 12:04:15.796 I/chatty  ( 3836): uid=1000(system) android.display expire 1 line
07-04 12:04:16.385 I/chatty  ( 3836): uid=1000(system) Binder:3836_F expire 1 line
07-04 12:04:18.135 I/chatty  ( 3836): uid=1000(system) LazyTaskWriterT expire 1 line
07-04 12:04:37.126 I/chatty  ( 3836): uid=1000(system) Binder:3836_1 expire 1 line
07-04 12:04:37.270 I/chatty  ( 3836): uid=1000(system) Binder:3836_1C expire 1 line
07-04 12:04:37.271 I/chatty  ( 3836): uid=1000(system) ActivityManager expire 11 lines
07-04 12:04:37.518 I/chatty  ( 3836): uid=1000 system_server expire 6 lines
07-04 12:04:37.543 I/chatty  ( 3836): uid=1000(system) android.bg expire 9 lines
07-04 12:04:38.193 I/chatty  ( 3836): uid=1000(system) ConnectivitySer expire 3 lines
07-04 12:04:47.075 I/chatty  ( 3836): uid=1000(system) android.ui expire 4 lines
07-04 12:04:52.280 I/chatty  ( 3836): uid=1000(system) PackageManager expire 1 line
07-04 12:05:09.828 I/chatty  ( 3836): uid=1000(system) Binder:3836_14 expire 11 lines
07-04 12:05:09.912 I/chatty  ( 3836): uid=1000(system) Binder:3836_1B expire 1 line
07-04 12:05:19.858 E/AndroidRuntime(23257): FATAL EXCEPTION: Instr: androidx.test.runner.AndroidJUnitRunner
07-04 12:05:19.858 E/AndroidRuntime(23257): Process: io.appium.uiautomator2.server, PID: 23257
07-04 12:05:19.858 E/AndroidRuntime(23257): java.lang.IllegalStateException: UiAutomation not connected, UiAutomation@7fa8a48[id=-1, flags=0]
07-04 12:05:19.858 E/AndroidRuntime(23257): 	at android.app.UiAutomation.throwIfNotConnectedLocked(UiAutomation.java:1239)
07-04 12:05:19.858 E/AndroidRuntime(23257): 	at android.app.UiAutomation.disconnect(UiAutomation.java:296)
07-04 12:05:19.858 E/AndroidRuntime(23257): 	at android.app.Instrumentation.finish(Instrumentation.java:249)
07-04 12:05:19.858 E/AndroidRuntime(23257): 	at androidx.test.runner.MonitoringInstrumentation.finish(MonitoringInstrumentation.java:409)
07-04 12:05:19.858 E/AndroidRuntime(23257): 	at androidx.test.runner.AndroidJUnitRunner.onStart(AndroidJUnitRunner.java:474)
07-04 12:05:19.858 E/AndroidRuntime(23257): 	at android.app.Instrumentation$InstrumentationThread.run(Instrumentation.java:2205)
07-04 12:05:19.865 I/chatty  ( 3836): uid=1000 system_server expire 1 line
07-04 12:05:19.937 W/ContextImpl( 5864): Calling a method in the system process without a qualified user: android.app.ContextImpl.bindService:1748 android.content.ContextWrapper.bindService:756 com.jio.adc.core.b.d:56 com.jio.adc.core.b.b:13 com.jio.adc.core.b$c.run:7 
07-04 12:05:20.089 I/chatty  ( 3836): uid=1000(system) Binder:3836_3 expire 14 lines
07-04 12:05:20.091 I/chatty  ( 3836): uid=1000(system) ActivityManager expire 2 lines
07-04 12:05:20.094 I/chatty  ( 3836): uid=1000 system_server expire 1 line
07-04 12:05:20.238 I/chatty  ( 3836): uid=1000(system) Binder:3836_A expire 17 lines
07-04 12:05:24.423 I/chatty  ( 3836): uid=1000(system) InputDispatcher expire 4 lines
07-04 12:05:26.908 I/chatty  ( 3836): uid=1000 system_server expire 2 lines
07-04 12:05:26.917 I/chatty  ( 3836): uid=1000 system_server expire 2 lines
07-04 12:05:26.934 I/chatty  ( 3836): uid=1000(system) android.display expire 7 lines
07-04 12:05:26.946 I/chatty  ( 3836): uid=1000 system_server expire 2 lines
07-04 12:05:26.959 I/chatty  ( 3836): uid=1000(system) android.anim expire 17 lines
07-04 12:05:27.020 I/chatty  ( 3836): uid=1000 system_server expire 2 lines
07-04 12:05:27.983 I/chatty  ( 3836): uid=1000(system) Binder:3836_15 expire 13 lines
07-04 12:05:28.833 I/chatty  ( 3836): uid=1000(system) Binder:3836_4 expire 29 lines
07-04 12:05:29.248 I/chatty  ( 3836): uid=1000 system_server expire 2 lines
07-04 12:05:30.435 I/chatty  ( 3836): uid=1000 system_server expire 2 lines
07-04 12:05:30.568 I/chatty  ( 3836): uid=1000(system) LazyTaskWriterT expire 1 line
07-04 12:05:59.300 I/chatty  ( 3836): uid=1000(system) Binder:3836_15 expire 32 lines
07-04 12:05:59.307 I/chatty  ( 3836): uid=1000 system_server expire 8 lines
07-04 12:05:59.336 I/chatty  ( 3836): uid=1000(system) Binder:3836_A expire 8 lines
07-04 12:05:59.389 I/chatty  ( 3836): uid=1000(system) Binder:3836_4 expire 8 lines
07-04 12:05:59.459 I/chatty  ( 3836): uid=1000(system) android.anim expire 19 lines
07-04 12:05:59.465 I/chatty  ( 3836): uid=1000(system) android.display expire 28 lines
07-04 12:06:00.759 I/chatty  ( 3836): uid=1000(system) android.bg expire 9 lines
07-04 12:07:08.868 I/chatty  ( 3836): uid=1000(system) android.ui expire 2 lines
07-04 12:07:09.183 I/chatty  ( 3836): uid=1000(system) Binder:3836_10 expire 16 lines
07-04 12:07:10.724 I/chatty  ( 3836): uid=1000(system) Binder:3836_E expire 28 lines
07-04 12:07:10.842 I/chatty  ( 3836): uid=1000(system) Binder:3836_17 expire 9 lines
07-04 12:07:27.432 I/chatty  ( 3836): uid=1000(system) Binder:3836_1B expire 6 lines
07-04 12:07:31.588 I/chatty  ( 3836): uid=1000(system) android.bg expire 29 lines
07-04 12:07:57.817 W/ContextImpl( 5864): Calling a method in the system process without a qualified user: android.app.ContextImpl.bindService:1748 android.content.ContextWrapper.bindService:756 com.jio.adc.core.b.d:56 com.jio.adc.core.b.b:13 com.jio.adc.core.b$c.run:7 
07-04 12:07:57.878 W/ContextImpl( 5340): Calling a method in the system process without a qualified user: android.app.ContextImpl.sendBroadcast:1111 android.content.ContextWrapper.sendBroadcast:468 com.iwedia.tvinput.engine.ChannelManager.disconnectCA:3912 com.iwedia.tvinput.engine.ChannelManager.access$4300:116 com.iwedia.tvinput.engine.ChannelManager$CaReconnectTask.run:2434 
07-04 12:07:57.912 W/ContextImpl( 5340): Calling a method in the system process without a qualified user: android.app.ContextImpl.sendBroadcast:1111 android.content.ContextWrapper.sendBroadcast:468 com.iwedia.tvinput.engine.ChannelManager.connectCA:3844 com.iwedia.tvinput.engine.ChannelManager.access$5900:116 com.iwedia.tvinput.engine.ChannelManager$CaMessageHandler.handleMessage:4279 
07-04 12:08:08.889 W/ContextImpl( 5864): Calling a method in the system process without a qualified user: android.app.ContextImpl.bindService:1748 android.content.ContextWrapper.bindService:756 com.jio.adc.core.b.d:56 com.jio.adc.core.b.b:13 com.jio.adc.core.b$c.run:7 
07-04 12:08:25.922 I/chatty  ( 3836): uid=1000(system) android.ui expire 7 lines
07-04 12:08:26.270 I/chatty  ( 3836): uid=1000(system) Binder:3836_E expire 31 lines
07-04 12:08:27.848 I/chatty  ( 3836): uid=1000(system) Binder:3836_1F expire 4 lines
07-04 12:08:27.868 I/chatty  ( 3836): uid=1000(system) Binder:3836_17 expire 24 lines
07-04 12:08:27.895 I/chatty  ( 3836): uid=1000(system) android.anim expire 19 lines
07-04 12:08:28.063 I/chatty  ( 3836): uid=1000(system) android.display expire 10 lines
07-04 12:08:28.076 I/chatty  ( 3836): uid=1000 system_server expire 3 lines
07-04 12:08:30.037 I/chatty  ( 3836): uid=1000(system) Binder:3836_20 expire 2 lines
07-04 12:08:30.765 I/chatty  ( 3836): uid=1000(system) Binder:3836_2 expire 4 lines
07-04 12:08:30.794 I/chatty  ( 3836): uid=1000(system) Binder:3836_13 expire 8 lines
07-04 12:08:31.442 I/chatty  ( 3836): uid=1000(system) android.fg expire 1 line
07-04 12:08:31.451 I/chatty  ( 3836): uid=1000 system_server expire 2 lines
07-04 12:08:31.457 I/chatty  ( 3836): uid=1000 system_server expire 2 lines
07-04 12:08:31.487 I/chatty  ( 3836): uid=1000 system_server expire 2 lines
07-04 12:08:31.489 I/chatty  ( 3836): uid=1000 system_server expire 2 lines
07-04 12:08:31.539 I/chatty  ( 3836): uid=1000(system) Binder:3836_1C expire 2 lines
07-04 12:08:31.749 I/chatty  ( 3836): uid=1000(system) Binder:3836_4 expire 2 lines
07-04 12:08:31.764 I/chatty  ( 3836): uid=1000(system) Binder:3836_12 expire 3 lines
07-04 12:08:31.796 I/chatty  ( 3836): uid=1000 system_server expire 2 lines
07-04 12:08:31.981 I/chatty  ( 3836): uid=1000 system_server expire 2 lines
07-04 12:08:32.645 I/chatty  ( 3836): uid=1000 system_server expire 2 lines
07-04 12:08:32.830 I/chatty  ( 3836): uid=1000(system) ConnectivitySer expire 1 line
07-04 12:08:35.695 I/chatty  ( 3836): uid=1000(system) LazyTaskWriterT expire 1 line
07-04 12:12:16.084 I/chatty  ( 3836): uid=1000(system) Binder:3836_18 expire 2 lines
07-04 12:12:16.783 I/chatty  ( 3836): uid=1000(system) ActivityManager expire 4 lines
07-04 12:12:19.936 I/chatty  ( 3836): uid=1000(system) InputDispatcher expire 4 lines
07-04 12:12:22.381 I/chatty  ( 3836): uid=1000(system) Binder:3836_8 expire 3 lines
07-04 12:12:22.382 I/chatty  ( 3836): uid=1000 system_server expire 2 lines
07-04 12:12:22.389 I/chatty  ( 3836): uid=1000 system_server expire 2 lines
07-04 12:12:22.419 I/chatty  ( 3836): uid=1000 system_server expire 2 lines
07-04 12:12:22.490 I/chatty  ( 3836): uid=1000 system_server expire 2 lines
07-04 12:12:22.893 I/chatty  ( 3836): uid=1000(system) android.anim expire 19 lines
07-04 12:12:22.924 I/chatty  ( 3836): uid=1000(system) Binder:3836_18 expire 21 lines
07-04 12:12:23.049 I/chatty  ( 3836): uid=1000(system) ConnectivitySer expire 2 lines
07-04 12:12:23.483 I/chatty  ( 3836): uid=1000(system) Binder:3836_2 expire 2 lines
07-04 12:12:23.719 I/chatty  ( 3836): uid=1000 system_server expire 2 lines
07-04 12:12:23.780 I/chatty  ( 3836): uid=1000(system) Binder:3836_1B expire 28 lines
07-04 12:12:23.832 I/chatty  ( 3836): uid=1000 system_server expire 2 lines
07-04 12:12:25.166 I/chatty  ( 3836): uid=1000(system) android.bg expire 12 lines
07-04 12:12:26.518 I/chatty  ( 3836): uid=1000(system) LazyTaskWriterT expire 1 line
07-04 12:12:56.425 I/chatty  ( 3836): uid=1000(system) android.ui expire 3 lines
07-04 12:13:00.195 I/chatty  ( 3836): uid=1000(system) Binder:3836_6 expire 19 lines
07-04 12:13:01.754 I/chatty  ( 3836): uid=1000(system) android.display expire 16 lines
07-04 12:13:01.848 I/chatty  ( 3836): uid=1000 system_server expire 5 lines
07-04 12:13:03.387 I/chatty  ( 3836): uid=1000(system) Binder:3836_E expire 10 lines
07-04 12:13:20.182 I/chatty  ( 3836): uid=1000(system) Binder:3836_20 expire 3 lines
07-04 12:14:22.274 I/chatty  ( 3836): uid=1000(system) Binder:3836_1A expire 10 lines
07-04 12:14:23.359 I/chatty  ( 3836): uid=1000(system) Binder:3836_16 expire 4 lines
07-04 12:14:23.440 I/chatty  ( 3836): uid=1000(system) Binder:3836_11 expire 38 lines
07-04 12:14:23.563 I/chatty  ( 3836): uid=1000(system) android.anim expire 25 lines
07-04 12:14:23.566 I/chatty  ( 3836): uid=1000(system) Binder:3836_16 expire 25 lines
07-04 12:14:23.580 I/chatty  ( 3836): uid=1000 system_server expire 7 lines
07-04 12:14:23.596 I/chatty  ( 3836): uid=1000(system) android.display expire 27 lines
07-04 12:14:23.634 I/chatty  ( 3836): uid=1000(system) Binder:3836_1A expire 8 lines
07-04 12:14:26.152 I/chatty  ( 3836): uid=1000(system) android.ui expire 3 lines
07-04 12:14:26.177 I/chatty  ( 3836): uid=1000(system) Binder:3836_1E expire 18 lines
07-04 12:14:28.142 I/chatty  ( 3836): uid=1000(system) android.bg expire 8 lines
07-04 12:14:29.671 I/chatty  ( 3836): uid=1000(system) Binder:3836_B expire 15 lines
07-04 12:15:41.339 I/chatty  ( 3836): uid=1000(system) Binder:3836_E expire 3 lines
07-04 12:15:43.273 I/chatty  ( 3836): uid=1000(system) Binder:3836_9 expire 29 lines
07-04 12:15:45.963 I/chatty  ( 3836): uid=1000(system) android.display expire 8 lines
07-04 12:15:45.974 I/chatty  ( 3836): uid=1000(system) Binder:3836_B expire 12 lines
07-04 12:15:45.978 I/chatty  ( 3836): uid=1000(system) android.anim expire 19 lines
07-04 12:15:48.183 I/chatty  ( 3836): uid=1000(system) android.ui expire 6 lines
07-04 12:15:48.183 I/chatty  ( 3836): uid=1000 system_server expire 3 lines
07-04 12:15:48.185 I/chatty  ( 3836): uid=1000(system) android.fg expire 1 line
07-04 12:15:48.190 I/chatty  ( 3836): uid=1000 system_server expire 2 lines
07-04 12:15:48.195 I/chatty  ( 3836): uid=1000 system_server expire 2 lines
07-04 12:15:48.219 I/chatty  ( 3836): uid=1000 system_server expire 2 lines
07-04 12:15:48.220 I/chatty  ( 3836): uid=1000 system_server expire 2 lines
07-04 12:15:48.268 I/chatty  ( 3836): uid=1000(system) Binder:3836_7 expire 3 lines
07-04 12:15:48.295 I/chatty  ( 3836): uid=1000(system) Binder:3836_3 expire 7 lines
07-04 12:15:48.329 I/chatty  ( 3836): uid=1000(system) Binder:3836_20 expire 1 line
07-04 12:15:48.474 I/chatty  ( 3836): uid=1000(system) Binder:3836_16 expire 1 line
07-04 12:15:48.483 I/chatty  ( 3836): uid=1000 system_server expire 2 lines
07-04 12:15:48.561 I/chatty  ( 3836): uid=1000 system_server expire 2 lines
07-04 12:15:48.749 I/chatty  ( 3836): uid=1000(system) Binder:3836_E expire 14 lines
07-04 12:15:48.966 I/chatty  ( 3836): uid=1000(system) android.bg expire 12 lines
07-04 12:15:58.127 I/chatty  ( 3836): uid=1000 system_server expire 2 lines
07-04 12:15:58.308 I/chatty  ( 3836): uid=1000(system) Binder:3836_1A expire 5 lines
07-04 12:15:58.309 I/chatty  ( 3836): uid=1000(system) ConnectivitySer expire 2 lines
07-04 12:16:01.172 I/chatty  ( 3836): uid=1000(system) LazyTaskWriterT expire 2 lines
07-04 12:17:17.645 I/chatty  ( 3836): uid=1000(system) Binder:3836_19 expire 5 lines
07-04 12:17:17.649 I/chatty  ( 3836): uid=1000(system) Binder:3836_14 expire 6 lines
07-04 12:17:18.331 I/chatty  ( 3836): uid=1000(system) ActivityManager expire 4 lines
07-04 12:17:21.538 I/chatty  ( 3836): uid=1000(system) InputDispatcher expire 4 lines
07-04 12:17:23.968 I/chatty  ( 3836): uid=1000 system_server expire 2 lines
07-04 12:17:23.975 I/chatty  ( 3836): uid=1000 system_server expire 2 lines
07-04 12:17:24.008 I/chatty  ( 3836): uid=1000 system_server expire 2 lines
07-04 12:17:24.080 I/chatty  ( 3836): uid=1000 system_server expire 2 lines
07-04 12:17:25.524 I/chatty  ( 3836): uid=1000 system_server expire 2 lines
07-04 12:17:25.609 I/chatty  ( 3836): uid=1000 system_server expire 2 lines
07-04 12:17:49.904 I/chatty  ( 3836): uid=1000(system) Binder:3836_9 expire 4 lines
07-04 12:17:50.066 I/chatty  ( 3836): uid=1000(system) android.bg expire 10 lines
07-04 12:17:50.404 I/chatty  ( 3836): uid=1000(system) Binder:3836_14 expire 23 lines
07-04 12:17:50.559 I/chatty  ( 3836): uid=1000(system) android.ui expire 4 lines
07-04 12:17:50.563 I/chatty  ( 3836): uid=1000(system) Binder:3836_19 expire 25 lines
07-04 12:17:50.621 I/chatty  ( 3836): uid=1000(system) android.display expire 16 lines
07-04 12:17:53.212 I/chatty  ( 3836): uid=1000(system) Binder:3836_7 expire 16 lines
07-04 12:17:53.429 I/chatty  ( 3836): uid=1000(system) android.anim expire 19 lines
07-04 12:17:53.440 I/chatty  ( 3836): uid=1000(system) Binder:3836_12 expire 20 lines
07-04 12:17:53.456 I/chatty  ( 3836): uid=1000 system_server expire 6 lines
07-04 12:17:56.255 I/chatty  ( 3836): uid=1000(system) ConnectivitySer expire 1 line
07-04 12:17:57.048 I/chatty  ( 3836): uid=1000(system) Binder:3836_A expire 26 lines
07-04 12:19:21.458 I/chatty  ( 3836): uid=1000(system) Binder:3836_12 expire 2 lines
07-04 12:19:21.497 I/chatty  ( 3836): uid=1000(system) android.display expire 28 lines
07-04 12:19:21.561 I/chatty  ( 3836): uid=1000(system) Binder:3836_19 expire 6 lines
07-04 12:19:21.658 I/chatty  ( 3836): uid=1000 system_server expire 8 lines
07-04 12:19:23.398 I/chatty  ( 3836): uid=1000(system) Binder:3836_7 expire 1 line
07-04 12:19:31.338 I/chatty  ( 3836): uid=1000(system) android.bg expire 7 lines
07-04 12:19:36.969 I/chatty  ( 3836): uid=1000(system) ActivityManager expire 2 lines
07-04 12:20:27.566 I/chatty  ( 3836): uid=1000(system) android.ui expire 3 lines
07-04 12:20:27.917 I/chatty  ( 3836): uid=1000(system) Binder:3836_2 expire 11 lines
07-04 12:20:28.282 I/chatty  ( 3836): uid=1000(system) Binder:3836_C expire 18 lines
07-04 12:20:31.112 I/chatty  ( 3836): uid=1000(system) Binder:3836_15 expire 31 lines
07-04 12:20:31.171 I/chatty  ( 3836): uid=1000(system) android.anim expire 19 lines
07-04 12:20:31.396 I/chatty  ( 3836): uid=1000(system) Binder:3836_9 expire 7 lines
07-04 12:20:33.931 I/chatty  ( 3836): uid=1000(system) Binder:3836_F expire 4 lines
07-04 12:20:36.900 I/chatty  ( 3836): uid=1000(system) Binder:3836_1A expire 43 lines
07-04 12:20:42.078 I/chatty  ( 3836): uid=1000(system) android.bg expire 14 lines
07-04 12:20:44.534 I/chatty  ( 3836): uid=1000(system) Binder:3836_2 expire 2 lines
07-04 12:20:44.536 I/chatty  ( 3836): uid=1000(system) ActivityManager expire 7 lines
07-04 12:20:47.081 I/chatty  ( 3836): uid=1000(system) ConnectivitySer expire 3 lines
07-04 12:21:04.439 I/chatty  ( 3836): uid=1000(system) Binder:3836_C expire 9 lines
07-04 12:21:52.290 I/chatty  ( 3836): uid=1000(system) android.ui expire 3 lines
07-04 12:21:52.623 I/chatty  ( 3836): uid=1000(system) Binder:3836_F expire 19 lines
07-04 12:21:55.778 I/chatty  ( 3836): uid=1000(system) Binder:3836_15 expire 26 lines
07-04 12:21:55.866 I/chatty  ( 3836): uid=1000(system) android.anim expire 15 lines
07-04 12:21:56.015 I/chatty  ( 3836): uid=1000 system_server expire 5 lines
07-04 12:21:56.024 I/chatty  ( 3836): uid=1000(system) android.display expire 18 lines
07-04 12:22:01.610 I/chatty  ( 3836): uid=1000(system) Binder:3836_B expire 11 lines
07-04 12:22:06.627 I/chatty  ( 3836): uid=1000(system) Binder:3836_1C expire 1 line
07-04 12:22:07.280 I/chatty  ( 3836): uid=1000(system) Binder:3836_7 expire 1 line
07-04 12:22:44.530 I/chatty  ( 3836): uid=1000(system) android.io expire 3 lines
07-04 12:22:57.576 W/ContextImpl( 5340): Calling a method in the system process without a qualified user: android.app.ContextImpl.sendBroadcast:1111 android.content.ContextWrapper.sendBroadcast:468 com.iwedia.tvinput.engine.ChannelManager.disconnectCA:3912 com.iwedia.tvinput.engine.ChannelManager.access$4300:116 com.iwedia.tvinput.engine.ChannelManager$CaReconnectTask.run:2434 
07-04 12:22:57.623 W/ContextImpl( 5340): Calling a method in the system process without a qualified user: android.app.ContextImpl.sendBroadcast:1111 android.content.ContextWrapper.sendBroadcast:468 com.iwedia.tvinput.engine.ChannelManager.connectCA:3844 com.iwedia.tvinput.engine.ChannelManager.access$5900:116 com.iwedia.tvinput.engine.ChannelManager$CaMessageHandler.handleMessage:4279 
07-04 12:22:57.651 W/ContextImpl( 5864): Calling a method in the system process without a qualified user: android.app.ContextImpl.bindService:1748 android.content.ContextWrapper.bindService:756 com.jio.adc.core.b.d:56 com.jio.adc.core.b.b:13 com.jio.adc.core.b$c.run:7 
07-04 12:23:04.514 I/chatty  ( 3836): uid=1000(system) android.bg expire 13 lines
07-04 12:23:07.060 W/ContextImpl( 4789): Calling a method in the system process without a qualified user: android.app.ContextImpl.sendBroadcast:1126 android.content.ContextWrapper.sendBroadcast:473 com.iwedia.dtv.common.CommonTifExtnIntentHandler.sendIntent:123 com.iwedia.dtv.common.CommonTifExtnIntentHandler.notifyServiceJsonInfo:87 com.iwedia.dtv.common.CommonTifExtnControl.notifyServiceJsonInfo:778 
07-04 12:23:08.210 I/chatty  ( 3836): uid=1000(system) android.ui expire 5 lines
07-04 12:23:08.551 I/chatty  ( 3836): uid=1000(system) Binder:3836_1C expire 1 line
07-04 12:23:11.155 I/chatty  ( 3836): uid=1000(system) Binder:3836_2 expire 7 lines
07-04 12:23:11.203 I/chatty  ( 3836): uid=1000(system) Binder:3836_7 expire 30 lines
07-04 12:23:11.226 I/chatty  ( 3836): uid=1000(system) android.anim expire 15 lines
07-04 12:23:11.565 I/chatty  ( 3836): uid=1000 system_server expire 8 lines
07-04 12:23:11.616 I/chatty  ( 3836): uid=1000(system) Binder:3836_1A expire 15 lines
07-04 12:23:11.695 I/chatty  ( 3836): uid=1000(system) android.display expire 18 lines
07-04 12:23:12.424 I/chatty  ( 3836): uid=1000(system) Binder:3836_1F expire 22 lines
07-04 12:23:13.202 I/chatty  ( 3836): uid=1000(system) Binder:3836_B expire 8 lines
07-04 12:23:27.284 I/chatty  ( 3836): uid=1000(system) ConnectivitySer expire 3 lines
07-04 12:23:27.411 I/chatty  ( 3836): uid=1000(system) ActivityManager expire 7 lines
07-04 12:24:18.207 I/chatty  ( 3836): uid=1000(system) Binder:3836_12 expire 3 lines
07-04 12:24:18.236 W/ContextImpl( 5026): Calling a method in the system process without a qualified user: android.app.ContextImpl.sendBroadcast:1111 android.content.ContextWrapper.sendBroadcast:468 com.rjil.jiostbsetting.service.EndlessService.ESNredirect:1604 com.rjil.jiostbsetting.service.EndlessService$mConnection$1$onServiceConnected$2.invokeSuspend:1207 kotlin.coroutines.jvm.internal.BaseContinuationImpl.resumeWith:33 
07-04 12:24:18.289 I/chatty  ( 3836): uid=1000(system) ActivityManager expire 2 lines
07-04 12:24:18.302 W/ContextImpl( 5026): Calling a method in the system process without a qualified user: android.app.ContextImpl.bindService:1748 android.content.ContextWrapper.bindService:756 com.jio.adc.core.b.d:56 com.jio.adc.core.b.b:13 com.jio.adc.core.b$c.run:7 
07-04 12:24:20.005 W/ContextImpl( 5026): Calling a method in the system process without a qualified user: android.app.ContextImpl.sendBroadcast:1111 android.content.ContextWrapper.sendBroadcast:468 com.rjil.jiostbsetting.utils.UtilsKt.getAllVolumeDetails:2230 com.rjil.jiostbsetting.service.EndlessService.getParameters$lambda-22:1166 com.rjil.jiostbsetting.service.EndlessService.$r8$lambda$rJsFG8XlIrKzvRVodgEZk__jDnM:0 
07-04 12:24:20.014 W/ContextImpl( 5026): Calling a method in the system process without a qualified user: android.app.ContextImpl.sendBroadcast:1111 android.content.ContextWrapper.sendBroadcast:468 com.rjil.jiostbsetting.utils.UtilsKt.sendUSBAttachDetachBroadcast:2259 com.rjil.jiostbsetting.service.EndlessService$CallbackListener.onParameterNotification:1327 com.rjil.jiostbsetting.dc.DCDataProvider.invokeCallback:107 
07-04 12:24:33.378 I/chatty  ( 3836): uid=1000(system) Binder:3836_1F expire 4 lines
07-04 12:25:03.739 I/chatty  ( 3836): uid=1000(system) Binder:3836_F expire 6 lines
07-04 12:25:03.791 I/chatty  ( 3836): uid=1000(system) android.anim expire 22 lines
07-04 12:25:03.807 I/chatty  ( 3836): uid=1000(system) Binder:3836_1F expire 13 lines
07-04 12:25:03.816 I/chatty  ( 3836): uid=1000(system) Binder:3836_2 expire 17 lines
07-04 12:25:03.875 I/chatty  ( 3836): uid=1000(system) Binder:3836_12 expire 37 lines
07-04 12:25:03.957 I/chatty  ( 3836): uid=1000(system) android.display expire 24 lines
07-04 12:25:04.019 I/chatty  ( 3836): uid=1000 system_server expire 7 lines
07-04 12:25:04.721 I/chatty  ( 3836): uid=1000(system) Binder:3836_F expire 13 lines
07-04 12:25:05.522 I/chatty  ( 3836): uid=1000(system) android.bg expire 9 lines
07-04 12:25:06.473 I/chatty  ( 3836): uid=1000(system) android.ui expire 3 lines
07-04 12:25:09.210 I/chatty  ( 3836): uid=1000(system) Binder:3836_B expire 23 lines
07-04 12:26:17.703 I/chatty  ( 3836): uid=1000(system) Binder:3836_7 expire 3 lines
07-04 12:26:17.703 I/chatty  ( 3836): uid=1000(system) ConnectivitySer expire 2 lines
07-04 12:26:26.657 I/chatty  ( 3836): uid=1000(system) Binder:3836_C expire 3 lines
07-04 12:26:30.717 I/chatty  ( 3836): uid=1000(system) Binder:3836_1F expire 13 lines
07-04 12:26:30.729 I/chatty  ( 3836): uid=1000(system) Binder:3836_7 expire 18 lines
07-04 12:26:30.884 I/chatty  ( 3836): uid=1000(system) android.anim expire 19 lines
07-04 12:26:31.464 I/chatty  ( 3836): uid=1000(system) Binder:3836_12 expire 19 lines
07-04 12:26:32.156 I/chatty  ( 3836): uid=1000(system) android.ui expire 3 lines
07-04 12:26:32.163 I/chatty  ( 3836): uid=1000(system) Binder:3836_B expire 13 lines
07-04 12:26:32.201 I/chatty  ( 3836): uid=1000(system) android.display expire 20 lines
07-04 12:26:34.552 I/chatty  ( 3836): uid=1000 system_server expire 5 lines
07-04 12:26:36.686 I/chatty  ( 3836): uid=1000(system) android.bg expire 8 lines
07-04 12:27:47.077 I/chatty  ( 3836): uid=1000(system) Binder:3836_F expire 33 lines
07-04 12:27:49.085 I/chatty  ( 3836): uid=1000(system) Binder:3836_2 expire 7 lines
07-04 12:27:50.195 I/chatty  ( 3836): uid=1000(system) Binder:3836_9 expire 21 lines
07-04 12:27:55.179 I/chatty  ( 3836): uid=1000(system) Binder:3836_F expire 7 lines
07-04 12:27:55.277 I/chatty  ( 3836): uid=1000(system) android.anim expire 17 lines
07-04 12:27:55.295 I/chatty  ( 3836): uid=1000 system_server expire 6 lines
07-04 12:27:55.446 I/chatty  ( 3836): uid=1000(system) android.display expire 19 lines
07-04 12:27:55.478 I/chatty  ( 3836): uid=1000(system) Binder:3836_2 expire 2 lines
07-04 12:27:56.755 I/chatty  ( 3836): uid=1000(system) Binder:3836_12 expire 1 line
07-04 12:27:57.145 I/chatty  ( 3836): uid=1000(system) Binder:3836_19 expire 1 line
07-04 12:27:59.721 I/chatty  ( 3836): uid=1000(system) android.bg expire 25 lines
07-04 12:28:58.677 I/chatty  ( 3836): uid=1000(system) android.ui expire 7 lines
07-04 12:28:58.917 I/chatty  ( 3836): uid=1000(system) Binder:3836_7 expire 14 lines
07-04 12:29:00.209 I/chatty  ( 3836): uid=1000(system) Binder:3836_C expire 23 lines
07-04 12:29:00.415 I/chatty  ( 3836): uid=1000(system) Binder:3836_18 expire 12 lines
07-04 12:29:02.264 I/chatty  ( 3836): uid=1000(system) Binder:3836_E expire 7 lines
07-04 12:29:03.015 I/chatty  ( 3836): uid=1000(system) Binder:3836_4 expire 1 line
07-04 12:29:03.036 I/chatty  ( 3836): uid=1000(system) Binder:3836_10 expire 14 lines
07-04 12:29:03.258 I/chatty  ( 3836): uid=1000(system) Binder:3836_8 expire 3 lines
07-04 12:29:06.448 I/chatty  ( 3836): uid=1000(system) android.fg expire 1 line
07-04 12:29:06.495 I/chatty  ( 3836): uid=1000 system_server expire 2 lines
07-04 12:29:06.529 I/chatty  ( 3836): uid=1000 system_server expire 2 lines
07-04 12:29:06.551 I/chatty  ( 3836): uid=1000 system_server expire 2 lines
07-04 12:29:06.553 I/chatty  ( 3836): uid=1000 system_server expire 2 lines
07-04 12:29:06.929 I/chatty  ( 3836): uid=1000 system_server expire 2 lines
07-04 12:29:07.099 I/chatty  ( 3836): uid=1000 system_server expire 2 lines
07-04 12:29:08.513 I/chatty  ( 3836): uid=1000 system_server expire 2 lines
07-04 12:29:08.703 I/chatty  ( 3836): uid=1000(system) ConnectivitySer expire 1 line
07-04 12:29:11.562 I/chatty  ( 3836): uid=1000(system) LazyTaskWriterT expire 2 lines
07-04 12:32:12.067 I/chatty  ( 3836): uid=1000(system) android.bg expire 25 lines
07-04 12:32:13.091 I/chatty  ( 3836): uid=1000(system) Binder:3836_F expire 1 line
07-04 12:35:51.257 I/chatty  ( 3836): uid=1000(system) Binder:3836_19 expire 30 lines
07-04 12:35:52.147 I/chatty  ( 3836): uid=1000(system) ActivityManager expire 4 lines
07-04 12:35:56.104 I/chatty  ( 3836): uid=1000(system) InputDispatcher expire 4 lines
07-04 12:35:56.107 I/chatty  ( 3836): uid=1000(system) android.ui expire 3 lines
07-04 12:35:58.578 I/chatty  ( 3836): uid=1000 system_server expire 2 lines
07-04 12:35:58.588 I/chatty  ( 3836): uid=1000 system_server expire 2 lines
07-04 12:35:58.599 I/chatty  ( 3836): uid=1000(system) android.display expire 7 lines
07-04 12:35:58.609 I/chatty  ( 3836): uid=1000 system_server expire 2 lines
07-04 12:35:58.651 I/chatty  ( 3836): uid=1000(system) android.anim expire 19 lines
07-04 12:35:58.690 I/chatty  ( 3836): uid=1000 system_server expire 2 lines
07-04 12:35:59.154 I/chatty  ( 3836): uid=1000(system) Binder:3836_2 expire 13 lines
07-04 12:35:59.280 I/chatty  ( 3836): uid=1000(system) ConnectivitySer expire 1 line
07-04 12:36:00.126 I/chatty  ( 3836): uid=1000 system_server expire 2 lines
07-04 12:36:00.258 I/chatty  ( 3836): uid=1000(system) Binder:3836_10 expire 14 lines
07-04 12:36:00.282 I/chatty  ( 3836): uid=1000 system_server expire 2 lines
07-04 12:36:10.380 I/chatty  ( 3836): uid=1000 system_server expire 14 lines
07-04 12:36:11.361 I/chatty  ( 3836): uid=1000(system) Binder:3836_11 expire 33 lines
07-04 12:36:23.966 I/chatty  ( 3836): uid=1000(system) Binder:3836_2 expire 6 lines
07-04 12:36:23.971 I/chatty  ( 3836): uid=1000(system) android.anim expire 17 lines
07-04 12:36:24.009 I/chatty  ( 3836): uid=1000(system) android.display expire 20 lines
07-04 12:36:24.124 I/chatty  ( 3836): uid=1000 system_server expire 6 lines
07-04 12:36:24.618 I/chatty  ( 3836): uid=1000(system) android.bg expire 10 lines
07-04 12:36:25.823 I/chatty  ( 3836): uid=1000(system) Binder:3836_19 expire 10 lines
07-04 12:36:26.610 I/chatty  ( 3836): uid=1000(system) ConnectivitySer expire 1 line
07-04 12:37:35.093 I/chatty  ( 3836): uid=1000(system) android.ui expire 5 lines
07-04 12:37:35.510 I/chatty  ( 3836): uid=1000(system) Binder:3836_F expire 36 lines
07-04 12:37:38.323 I/chatty  ( 3836): uid=1000(system) Binder:3836_10 expire 13 lines
07-04 12:37:38.365 I/chatty  ( 3836): uid=1000(system) Binder:3836_4 expire 25 lines
07-04 12:37:43.173 I/chatty  ( 3836): uid=1000(system) Binder:3836_D expire 4 lines
07-04 12:37:58.135 W/ContextImpl( 5340): Calling a method in the system process without a qualified user: android.app.ContextImpl.sendBroadcast:1111 android.content.ContextWrapper.sendBroadcast:468 com.iwedia.tvinput.engine.ChannelManager.disconnectCA:3912 com.iwedia.tvinput.engine.ChannelManager.access$4300:116 com.iwedia.tvinput.engine.ChannelManager$CaReconnectTask.run:2434 
07-04 12:37:58.191 W/ContextImpl( 5864): Calling a method in the system process without a qualified user: android.app.ContextImpl.bindService:1748 android.content.ContextWrapper.bindService:756 com.jio.adc.core.b.d:56 com.jio.adc.core.b.b:13 com.jio.adc.core.b$c.run:7 
07-04 12:37:58.440 W/ContextImpl( 5340): Calling a method in the system process without a qualified user: android.app.ContextImpl.sendBroadcast:1111 android.content.ContextWrapper.sendBroadcast:468 com.iwedia.tvinput.engine.ChannelManager.connectCA:3844 com.iwedia.tvinput.engine.ChannelManager.access$5900:116 com.iwedia.tvinput.engine.ChannelManager$CaMessageHandler.handleMessage:4279 
07-04 12:38:05.594 I/chatty  ( 3836): uid=1000(system) android.bg expire 6 lines
07-04 12:38:09.219 W/ContextImpl( 5864): Calling a method in the system process without a qualified user: android.app.ContextImpl.bindService:1748 android.content.ContextWrapper.bindService:756 com.jio.adc.core.b.d:56 com.jio.adc.core.b.b:13 com.jio.adc.core.b$c.run:7 
07-04 12:38:54.337 I/chatty  ( 3836): uid=1000(system) Binder:3836_F expire 8 lines
07-04 12:39:02.652 I/chatty  ( 3836): uid=1000(system) Binder:3836_19 expire 46 lines
07-04 12:39:02.692 I/chatty  ( 3836): uid=1000(system) Binder:3836_13 expire 34 lines
07-04 12:39:02.700 I/chatty  ( 3836): uid=1000(system) android.anim expire 26 lines
07-04 12:39:02.719 I/chatty  ( 3836): uid=1000(system) Binder:3836_D expire 23 lines
07-04 12:39:02.855 I/chatty  ( 3836): uid=1000(system) android.display expire 24 lines
07-04 12:39:02.896 I/chatty  ( 3836): uid=1000 system_server expire 7 lines
07-04 12:39:05.281 I/chatty  ( 3836): uid=1000(system) android.ui expire 3 lines
07-04 12:39:06.150 I/chatty  ( 3836): uid=1000(system) android.bg expire 9 lines
07-04 12:39:07.960 I/chatty  ( 3836): uid=1000(system) Binder:3836_F expire 5 lines
07-04 12:40:25.562 I/chatty  ( 3836): uid=1000(system) Binder:3836_4 expire 18 lines
07-04 12:40:27.249 I/chatty  ( 3836): uid=1000(system) Binder:3836_19 expire 40 lines
07-04 12:40:27.605 I/chatty  ( 3836): uid=1000(system) Binder:3836_13 expire 24 lines
07-04 12:40:28.266 I/chatty  ( 3836): uid=1000(system) android.ui expire 4 lines
07-04 12:40:28.278 I/chatty  ( 3836): uid=1000(system) android.display expire 16 lines
07-04 12:40:28.288 I/chatty  ( 3836): uid=1000(system) Binder:3836_F expire 7 lines
07-04 12:40:28.295 I/chatty  ( 3836): uid=1000(system) android.anim expire 17 lines
07-04 12:40:30.740 I/chatty  ( 3836): uid=1000(system) Binder:3836_10 expire 8 lines
07-04 12:40:30.953 I/chatty  ( 3836): uid=1000 system_server expire 5 lines
07-04 12:40:36.989 I/chatty  ( 3836): uid=1000(system) android.bg expire 8 lines
07-04 12:41:48.518 I/chatty  ( 3836): uid=1000(system) Binder:3836_11 expire 11 lines
07-04 12:41:48.522 I/chatty  ( 3836): uid=1000(system) Binder:3836_D expire 26 lines
07-04 12:41:53.948 I/chatty  ( 3836): uid=1000(system) android.anim expire 20 lines
07-04 12:41:53.952 I/chatty  ( 3836): uid=1000(system) Binder:3836_19 expire 6 lines
07-04 12:41:53.973 I/chatty  ( 3836): uid=1000 system_server expire 4 lines
07-04 12:41:54.016 I/chatty  ( 3836): uid=1000(system) android.display expire 6 lines
07-04 12:41:54.612 I/chatty  ( 3836): uid=1000(system) Binder:3836_10 expire 16 lines
07-04 12:41:56.061 I/chatty  ( 3836): uid=1000(system) Binder:3836_2 expire 2 lines
07-04 12:41:57.245 I/chatty  ( 3836): uid=1000(system) Binder:3836_1B expire 1 line
07-04 12:41:57.870 I/chatty  ( 3836): uid=1000(system) android.bg expire 42 lines
07-04 12:43:11.449 I/chatty  ( 3836): uid=1000(system) android.ui expire 7 lines
07-04 12:43:11.990 I/chatty  ( 3836): uid=1000(system) Binder:3836_13 expire 17 lines
07-04 12:43:47.074 I/chatty  ( 3836): uid=1000(system) Binder:3836_8 expire 1 line
07-04 12:47:38.777 I/chatty  ( 3836): uid=1000(system) android.fg expire 1 line
07-04 12:47:38.804 I/chatty  ( 3836): uid=1000 system_server expire 2 lines
07-04 12:47:38.814 I/chatty  ( 3836): uid=1000 system_server expire 2 lines
07-04 12:47:38.846 I/chatty  ( 3836): uid=1000 system_server expire 2 lines
07-04 12:47:38.847 I/chatty  ( 3836): uid=1000 system_server expire 2 lines
07-04 12:47:39.297 I/chatty  ( 3836): uid=1000(system) Binder:3836_11 expire 1 line
07-04 12:47:39.306 I/chatty  ( 3836): uid=1000 system_server expire 2 lines
07-04 12:47:39.335 I/chatty  ( 3836): uid=1000(system) Binder:3836_4 expire 12 lines
07-04 12:47:39.387 I/chatty  ( 3836): uid=1000 system_server expire 2 lines
07-04 12:47:41.043 I/chatty  ( 3836): uid=1000 system_server expire 2 lines
07-04 12:47:41.235 I/chatty  ( 3836): uid=1000(system) Binder:3836_16 expire 1 line
07-04 12:47:41.235 I/chatty  ( 3836): uid=1000(system) ConnectivitySer expire 2 lines
07-04 12:47:44.097 I/chatty  ( 3836): uid=1000(system) LazyTaskWriterT expire 2 lines
07-04 12:48:35.367 I/chatty  ( 3836): uid=1000(system) Binder:3836_7 expire 9 lines
07-04 12:48:36.221 I/chatty  ( 3836): uid=1000(system) ActivityManager expire 4 lines
07-04 12:48:39.268 I/chatty  ( 3836): uid=1000(system) InputDispatcher expire 4 lines
07-04 12:48:41.726 I/chatty  ( 3836): uid=1000 system_server expire 2 lines
07-04 12:48:41.733 I/chatty  ( 3836): uid=1000 system_server expire 2 lines
07-04 12:48:41.760 I/chatty  ( 3836): uid=1000 system_server expire 2 lines
07-04 12:48:41.871 I/chatty  ( 3836): uid=1000 system_server expire 2 lines
07-04 12:48:43.579 I/chatty  ( 3836): uid=1000 system_server expire 2 lines
07-04 12:48:43.729 I/chatty  ( 3836): uid=1000 system_server expire 2 lines
07-04 12:48:58.457 I/chatty  ( 3836): uid=1000(system) android.anim expire 12 lines
07-04 12:48:58.461 I/chatty  ( 3836): uid=1000(system) Binder:3836_10 expire 2 lines
07-04 12:48:58.463 I/chatty  ( 3836): uid=1000(system) android.display expire 26 lines
07-04 12:48:58.490 I/chatty  ( 3836): uid=1000(system) Binder:3836_11 expire 14 lines
07-04 12:48:58.548 I/chatty  ( 3836): uid=1000 system_server expire 7 lines
07-04 12:48:58.625 I/chatty  ( 3836): uid=1000(system) Binder:3836_7 expire 25 lines
07-04 12:49:00.580 I/chatty  ( 3836): uid=1000(system) android.ui expire 3 lines
07-04 12:49:00.600 I/chatty  ( 3836): uid=1000(system) Binder:3836_9 expire 16 lines
07-04 12:49:02.435 I/chatty  ( 3836): uid=1000(system) android.bg expire 11 lines
07-04 12:49:02.928 I/chatty  ( 3836): uid=1000(system) Binder:3836_B expire 8 lines
07-04 12:49:03.192 I/chatty  ( 3836): uid=1000(system) Binder:3836_4 expire 5 lines
07-04 12:49:06.295 I/chatty  ( 3836): uid=1000(system) ConnectivitySer expire 4 lines
07-04 12:50:12.318 I/chatty  ( 3836): uid=1000(system) Binder:3836_13 expire 3 lines
07-04 12:50:12.318 I/chatty  ( 3836): uid=1000(system) ActivityManager expire 7 lines
07-04 12:50:33.954 I/chatty  ( 3836): uid=1000(system) batterystats-wo expire 2 lines
07-04 12:50:50.506 I/chatty  ( 3836): uid=1000(system) Binder:3836_16 expire 13 lines
07-04 12:50:50.682 I/chatty  ( 3836): uid=1000(system) Binder:3836_1D expire 19 lines
07-04 12:50:51.453 I/chatty  ( 3836): uid=1000(system) Binder:3836_9 expire 24 lines
07-04 12:50:51.612 I/chatty  ( 3836): uid=1000(system) Binder:3836_7 expire 21 lines
07-04 12:50:51.631 I/chatty  ( 3836): uid=1000(system) android.anim expire 20 lines
07-04 12:50:53.162 I/chatty  ( 3836): uid=1000(system) android.ui expire 4 lines
07-04 12:50:53.175 I/chatty  ( 3836): uid=1000(system) android.display expire 20 lines
07-04 12:50:54.195 I/chatty  ( 3836): uid=1000(system) android.bg expire 9 lines
07-04 12:50:56.323 I/chatty  ( 3836): uid=1000 system_server expire 5 lines
07-04 12:50:56.654 I/chatty  ( 3836): uid=1000(system) Binder:3836_11 expire 12 lines
07-04 12:51:01.267 I/chatty  ( 3836): uid=1000(system) ConnectivitySer expire 3 lines
07-04 12:51:01.364 I/chatty  ( 3836): uid=1000(system) ActivityManager expire 5 lines
07-04 12:51:22.869 I/chatty  ( 3836): uid=1000(system) Binder:3836_8 expire 17 lines
07-04 12:52:10.963 I/chatty  ( 3836): uid=1000(system) Binder:3836_6 expire 9 lines
07-04 12:52:11.333 I/chatty  ( 3836): uid=1000(system) Binder:3836_1F expire 20 lines
07-04 12:52:16.357 I/chatty  ( 3836): uid=1000(system) android.anim expire 16 lines
07-04 12:52:16.571 I/chatty  ( 3836): uid=1000(system) Binder:3836_8 expire 10 lines
07-04 12:52:18.466 I/chatty  ( 3836): uid=1000(system) Binder:3836_6 expire 19 lines
07-04 12:52:18.613 I/chatty  ( 3836): uid=1000(system) Binder:3836_11 expire 4 lines
07-04 12:52:18.676 I/chatty  ( 3836): uid=1000 system_server expire 5 lines
07-04 12:52:18.725 I/chatty  ( 3836): uid=1000(system) android.display expire 10 lines
07-04 12:52:18.897 I/chatty  ( 3836): uid=1000(system) Binder:3836_E expire 3 lines
07-04 12:52:25.117 I/chatty  ( 3836): uid=1000(system) android.bg expire 8 lines
07-04 12:52:25.206 I/chatty  ( 3836): uid=1000(system) ConnectivitySer expire 3 lines
07-04 12:52:25.300 I/chatty  ( 3836): uid=1000(system) ActivityManager expire 7 lines
07-04 12:52:46.658 I/chatty  ( 3836): uid=1000(system) Binder:3836_D expire 32 lines
07-04 12:52:58.174 W/ContextImpl( 5340): Calling a method in the system process without a qualified user: android.app.ContextImpl.sendBroadcast:1111 android.content.ContextWrapper.sendBroadcast:468 com.iwedia.tvinput.engine.ChannelManager.disconnectCA:3912 com.iwedia.tvinput.engine.ChannelManager.access$4300:116 com.iwedia.tvinput.engine.ChannelManager$CaReconnectTask.run:2434 
07-04 12:52:58.234 W/ContextImpl( 5340): Calling a method in the system process without a qualified user: android.app.ContextImpl.sendBroadcast:1111 android.content.ContextWrapper.sendBroadcast:468 com.iwedia.tvinput.engine.ChannelManager.connectCA:3844 com.iwedia.tvinput.engine.ChannelManager.access$5900:116 com.iwedia.tvinput.engine.ChannelManager$CaMessageHandler.handleMessage:4279 
07-04 12:52:58.240 W/ContextImpl( 5864): Calling a method in the system process without a qualified user: android.app.ContextImpl.bindService:1748 android.content.ContextWrapper.bindService:756 com.jio.adc.core.b.d:56 com.jio.adc.core.b.b:13 com.jio.adc.core.b$c.run:7 
07-04 12:53:09.341 W/ContextImpl( 5864): Calling a method in the system process without a qualified user: android.app.ContextImpl.bindService:1748 android.content.ContextWrapper.bindService:756 com.jio.adc.core.b.d:56 com.jio.adc.core.b.b:13 com.jio.adc.core.b$c.run:7 
07-04 12:53:34.151 I/chatty  ( 3836): uid=1000(system) android.ui expire 3 lines
07-04 12:53:34.458 I/chatty  ( 3836): uid=1000(system) Binder:3836_1 expire 16 lines
07-04 12:53:37.881 I/chatty  ( 3836): uid=1000(system) Binder:3836_C expire 12 lines
07-04 12:53:37.903 I/chatty  ( 3836): uid=1000(system) android.display expire 5 lines
07-04 12:53:39.371 I/chatty  ( 3836): uid=1000(system) Binder:3836_B expire 12 lines
07-04 12:53:43.268 I/chatty  ( 3836): uid=1000(system) Binder:3836_D expire 8 lines
07-04 12:53:43.329 I/chatty  ( 3836): uid=1000(system) Binder:3836_C expire 3 lines
07-04 12:53:43.366 I/chatty  ( 3836): uid=1000 system_server expire 5 lines
07-04 12:53:43.388 I/chatty  ( 3836): uid=1000(system) android.anim expire 13 lines
07-04 12:53:43.556 I/chatty  ( 3836): uid=1000(system) android.display expire 13 lines
07-04 12:53:43.955 I/chatty  ( 3836): uid=1000(system) Binder:3836_1 expire 1 line
07-04 12:53:46.378 I/chatty  ( 3836): uid=1000(system) android.bg expire 10 lines
07-04 12:54:23.336 I/chatty  ( 3836): uid=1000(system) Binder:3836_4 expire 6 lines
07-04 12:54:23.446 I/chatty  ( 3836): uid=1000(system) Binder:3836_1C expire 18 lines
07-04 12:54:23.569 I/chatty  ( 3836): uid=1000(system) Binder:3836_8 expire 9 lines
07-04 12:54:23.789 I/chatty  ( 3836): uid=1000(system) ConnectivitySer expire 3 lines
07-04 12:54:23.863 I/chatty  ( 3836): uid=1000(system) ActivityManager expire 14 lines
07-04 12:54:24.350 I/chatty  ( 3836): uid=1000(system) ActivityManager expire 8 lines
07-04 12:54:24.693 I/chatty  ( 3836): uid=1000(system) Binder:3836_1E expire 5 lines
07-04 12:54:34.941 W/ContextImpl(14601): Calling a method in the system process without a qualified user: android.app.ContextImpl.bindService:1748 android.content.ContextWrapper.bindService:756 l.a.c:5 l.a.a:4 com.realsil.sdk.dfu.utils.DfuAdapter.initialize:11 
07-04 12:54:34.991 W/ContextImpl(14601): Calling a method in the system process without a qualified user: android.app.ContextImpl.bindService:1748 android.content.ContextWrapper.bindService:756 l.a.c:5 l.a.a:4 com.realsil.sdk.dfu.utils.DfuAdapter.initialize:11 
07-04 12:54:35.190 W/ContextImpl( 5864): Calling a method in the system process without a qualified user: android.app.ContextImpl.bindService:1748 android.content.ContextWrapper.bindService:756 com.jio.adc.core.b.d:56 com.jio.adc.core.b.b:13 com.jio.adc.core.b$c.run:7 
07-04 12:54:35.196 I/chatty  ( 3836): uid=1000(system) Binder:3836_7 expire 10 lines
07-04 12:54:35.286 W/ContextImpl( 5026): Calling a method in the system process without a qualified user: android.app.ContextImpl.sendBroadcast:1111 android.content.ContextWrapper.sendBroadcast:468 com.rjil.jiostbsetting.service.EndlessService.ESNredirect:1604 com.rjil.jiostbsetting.service.EndlessService$mConnection$1$onServiceConnected$2.invokeSuspend:1207 kotlin.coroutines.jvm.internal.BaseContinuationImpl.resumeWith:33 
07-04 12:54:35.396 W/ContextImpl( 5026): Calling a method in the system process without a qualified user: android.app.ContextImpl.bindService:1748 android.content.ContextWrapper.bindService:756 com.jio.adc.core.b.d:56 com.jio.adc.core.b.b:13 com.jio.adc.core.b$c.run:7 
07-04 12:54:36.982 W/ContextImpl( 5026): Calling a method in the system process without a qualified user: android.app.ContextImpl.sendBroadcast:1111 android.content.ContextWrapper.sendBroadcast:468 com.rjil.jiostbsetting.utils.UtilsKt.getAllVolumeDetails:2230 com.rjil.jiostbsetting.service.EndlessService.getParameters$lambda-22:1166 com.rjil.jiostbsetting.service.EndlessService.$r8$lambda$rJsFG8XlIrKzvRVodgEZk__jDnM:0 
07-04 12:54:36.991 W/ContextImpl( 5026): Calling a method in the system process without a qualified user: android.app.ContextImpl.sendBroadcast:1111 android.content.ContextWrapper.sendBroadcast:468 com.rjil.jiostbsetting.utils.UtilsKt.sendUSBAttachDetachBroadcast:2259 com.rjil.jiostbsetting.service.EndlessService$CallbackListener.onParameterNotification:1327 com.rjil.jiostbsetting.dc.DCDataProvider.invokeCallback:107 
07-04 12:54:44.375 I/chatty  ( 3836): uid=1000(system) ActivityManager expire 3 lines
07-04 12:54:45.213 I/chatty  ( 3836): uid=1000(system) Binder:3836_16 expire 14 lines
07-04 12:54:59.921 I/chatty  ( 3836): uid=1000(system) android.ui expire 2 lines
07-04 12:55:25.214 I/chatty  ( 3836): uid=1000(system) Binder:3836_10 expire 17 lines
07-04 12:55:26.913 I/chatty  ( 3836): uid=1000(system) Binder:3836_7 expire 6 lines
07-04 12:55:26.938 I/chatty  ( 3836): uid=1000(system) Binder:3836_16 expire 8 lines
07-04 12:55:27.814 I/chatty  ( 3836): uid=1000(system) android.ui expire 4 lines
07-04 12:55:27.825 I/chatty  ( 3836): uid=1000(system) android.display expire 20 lines
07-04 12:55:27.856 I/chatty  ( 3836): uid=1000(system) android.anim expire 16 lines
07-04 12:55:29.877 I/chatty  ( 3836): uid=1000(system) Binder:3836_1C expire 18 lines
07-04 12:55:29.915 I/chatty  ( 3836): uid=1000(system) android.bg expire 9 lines
07-04 12:55:30.098 I/chatty  ( 3836): uid=1000 system_server expire 5 lines
07-04 12:55:30.446 I/chatty  ( 3836): uid=1000(system) Binder:3836_8 expire 13 lines
07-04 12:55:30.453 I/chatty  ( 3836): uid=1000(system) Binder:3836_18 expire 6 lines
07-04 12:55:30.845 I/chatty  ( 3836): uid=1000(system) Binder:3836_A expire 17 lines
07-04 12:55:34.100 I/chatty  ( 3836): uid=1000(system) Binder:3836_12 expire 16 lines
07-04 12:56:00.660 I/chatty  ( 3836): uid=1000(system) ConnectivitySer expire 3 lines
07-04 12:56:00.758 I/chatty  ( 3836): uid=1000(system) ActivityManager expire 2 lines
07-04 12:56:22.483 I/chatty  ( 3836): uid=1000(system) batterystats-wo expire 1 line
07-04 12:56:50.455 I/chatty  ( 3836): uid=1000(system) Binder:3836_1A expire 19 lines
07-04 12:56:53.158 I/chatty  ( 3836): uid=1000(system) android.anim expire 16 lines
07-04 12:56:55.900 I/chatty  ( 3836): uid=1000(system) Binder:3836_12 expire 32 lines
07-04 12:56:56.069 I/chatty  ( 3836): uid=1000(system) android.display expire 14 lines
07-04 12:56:56.110 I/chatty  ( 3836): uid=1000(system) Binder:3836_10 expire 4 lines
07-04 12:56:56.120 I/chatty  ( 3836): uid=1000 system_server expire 4 lines
07-04 12:56:57.079 I/chatty  ( 3836): uid=1000(system) Binder:3836_E expire 39 lines
07-04 12:57:01.010 I/chatty  ( 3836): uid=1000(system) android.bg expire 9 lines
07-04 12:57:12.076 I/chatty  ( 3836): uid=1000(system) Binder:3836_18 expire 7 lines
07-04 12:57:12.077 I/chatty  ( 3836): uid=1000(system) ConnectivitySer expire 3 lines
07-04 12:57:12.148 I/chatty  ( 3836): uid=1000(system) ActivityManager expire 7 lines
07-04 12:57:33.903 I/chatty  ( 3836): uid=1000(system) batterystats-wo expire 1 line
07-04 12:57:51.283 I/chatty  ( 3836): uid=1000(system) ActivityManager expire 6 lines
07-04 12:58:13.298 I/chatty  ( 3836): uid=1000(system) android.ui expire 3 lines
07-04 12:58:13.643 I/chatty  ( 3836): uid=1000(system) Binder:3836_17 expire 12 lines
07-04 12:58:22.427 I/chatty  ( 3836): uid=1000(system) Binder:3836_18 expire 7 lines
07-04 12:58:22.476 I/chatty  ( 3836): uid=1000(system) Binder:3836_E expire 3 lines
07-04 12:58:22.528 I/chatty  ( 3836): uid=1000(system) android.anim expire 20 lines
07-04 12:58:22.545 I/chatty  ( 3836): uid=1000 system_server expire 8 lines
07-04 12:58:22.739 I/chatty  ( 3836): uid=1000(system) android.display expire 19 lines
07-04 12:58:22.904 I/chatty  ( 3836): uid=1000(system) Binder:3836_12 expire 42 lines
07-04 12:58:31.822 I/chatty  ( 3836): uid=1000(system) android.bg expire 11 lines
07-04 12:58:34.611 I/chatty  ( 3836): uid=1000(system) ConnectivitySer expire 4 lines
07-04 12:58:34.678 I/chatty  ( 3836): uid=1000(system) ActivityManager expire 2 lines
07-04 12:59:29.958 I/chatty  ( 3836): uid=1000(system) Binder:3836_1A expire 14 lines
07-04 12:59:30.022 I/chatty  ( 3836): uid=1000(system) batterystats-wo expire 1 line
07-04 12:59:47.443 I/chatty  ( 3836): uid=1000(system) android.ui expire 2 lines
07-04 12:59:48.855 I/chatty  ( 3836): uid=1000(system) Binder:3836_13 expire 16 lines
07-04 12:59:49.777 I/chatty  ( 3836): uid=1000(system) Binder:3836_19 expire 14 lines
07-04 13:00:16.718 D/ConnectivityService( 3836): NetReassign [no changes]
07-04 13:00:16.758 D/CompatibilityChangeReporter( 3836): Compat change id reported: 135634846; UID 10086; state: DISABLED
07-04 13:00:16.762 D/CompatibilityChangeReporter( 3836): Compat change id reported: 143937733; UID 10086; state: ENABLED
07-04 13:00:16.791 I/ActivityManager( 3836): Start proc 16663:com.android.webview:sandboxed_process0:org.chromium.content.app.SandboxedProcessService0:7/u0i17 for  {in.startv.hotstar/org.chromium.content.app.SandboxedProcessService0:7}
07-04 13:00:16.833 D/INSETS  ( 3836): else - Package Name ::  left : 0 right :: 0 top :: 0 bottom :: 0 dfu-right :: 1920 dfu-bottom :: 1080
07-04 13:00:16.833 D/INSETS  ( 3836): else - Package Name ::  left : 0 right :: 0 top :: 0 bottom :: 0 dfu-right :: 1920 dfu-bottom :: 1080
07-04 13:00:16.891 D/CompatibilityChangeReporter( 3836): Compat change id reported: 136274596; UID 10086; state: ENABLED
07-04 13:00:17.088 D/INSETS  ( 3836): else - Package Name ::  left : 0 right :: 0 top :: 0 bottom :: 0 dfu-right :: 1920 dfu-bottom :: 1080
07-04 13:00:24.526 I/UsageStatsService( 3836): User[0] Flushing usage stats to disk
07-04 13:00:34.626 I/UsageStatsService( 3836): User[0] Flushing usage stats to disk
07-04 13:00:38.519 D/ConnectivityService( 3836): releasing NetworkRequest [ TRACK_DEFAULT id=85, [ Capabilities: INTERNET&NOT_RESTRICTED&TRUSTED Uid: 10086 AdministratorUids: [] RequestorUid: 10086 RequestorPackageName: in.startv.hotstar] ] (release request)
07-04 13:00:38.548 I/ActivityManager( 3836): Killing 16663:com.android.webview:sandboxed_process0:org.chromium.content.app.SandboxedProcessService0:7/u0a86i17 (adj 0): isolated not needed
07-04 13:00:38.614 D/KernelCpuUidUserSysTimeReader( 3836): Removing uids 99013-99013
07-04 13:00:44.719 I/UsageStatsService( 3836): User[0] Flushing usage stats to disk
07-04 13:00:54.810 I/chatty  ( 3836): uid=1000(system) android.bg identical 1 line
07-04 13:01:04.896 I/UsageStatsService( 3836): User[0] Flushing usage stats to disk
