07-04 13:17:17.241 D/        (    0): [14087.685776@1]- ammvdec_h264_mmu_init tvp = 0x0 mmu_enable 0
07-04 13:17:17.241 D/        (    0): [14087.685784@1]- decoder_bmmu_box_alloc_box, tvp_flags = 0
07-04 13:17:17.241 D/[14087.685806@1]- 0(    0): ammvdec_h264_probe mmu_enable 0 double_write_mode 0x10
07-04 13:17:17.241 D/[14087.687358@0]- 0(    0): ammvdec_h264 mem-addr=0,buff_offset=56f10000,buf_start=56f00000
07-04 13:17:17.241 D/        (    0): [14087.687403@0]- vdec mux clock is 666666656 Hz
07-04 13:17:17.241 D/        (    0): [14087.687408@0]- vdec1 video changed to 3840 x 2160 60 fps clk->667MHZ
07-04 13:17:17.241 W/        (    0): [14087.687414@0]- H264 sysinfo: 1920x1080 duration=3200, pts_outside=1
07-04 13:17:17.241 D/        (    0): [14087.687419@0]- sync_outside=0, use_idr_framerate=0, is_used_v4l: 0
07-04 13:17:17.241 I/        (    0): [14087.688111@0]- [TEE], the fw (h264_multi) will be loaded.
07-04 13:17:17.241 D/        (    0): [14087.688377@0]- vh264_init, phy_addr=7446e000 vaddr=00000000ebdd4908
07-04 13:17:17.241 D/        (    0): [14087.688501@0]- vfm map vdec-map-0 created
07-04 13:17:17.241 I/[14087.688522@0]- dim(    0): ch[1]:di_receiver_event_fun,8:_REG
07-04 13:17:17.241 I/[14087.688528@0]- dim(    0): reg:vdec.h264.00[1983]
07-04 13:17:17.242 I/[14087.689083@0]- dim(    0): reg:use[1]ms
07-04 13:17:17.242 E/[14087.689109@0]- reg(    0): v4lvideo
07-04 13:17:17.242 I/[14087.689117@0]- dim(    0): ch[1]:di_receiver_event_fun,3:_START
07-04 13:17:17.242 D/        (    0): [14087.689122@0]- vdec_init, vf_provider_name = vdec.h264.00, b 0
07-04 13:17:17.242 I/        (    0): [14087.690232@0]- vdec->port_flag=0x102, port_flag=0x10b
07-04 13:17:17.242 I/        (    0): [14087.690335@0]- is_reset=0
07-04 13:17:17.246 I/        (    0): [14087.699492@3]- is_reset=1
07-04 13:17:17.246 I/[14087.701981@3]- vframe_rate_uevent(    0): sent uevent FRAME_RATE_HINT=0
07-04 13:17:17.246 I/[14087.702026@3]- dim(    0): ch[1]:di_receiver_event_fun,1:_UNREG
07-04 13:17:17.246 E/[14087.702038@3]- unreg(    0): v4lvideo
07-04 13:17:17.246 I/[14087.702582@3]- dim(    0): unreg:use[0]ms
07-04 13:17:17.246 D/        (    0): [14087.702618@3]- vdec_disable_DMC input->target= 0x0
07-04 13:17:17.246 D/[14087.702765@3]- 0(    0): vh264_stop
07-04 13:17:17.249 D/        (    0): [14087.703272@3]- vdec_release instance 000000009070d57d, total 1 id = 0
07-04 13:17:17.250 D/        (    0): [14087.703635@3]- the clk_vdec_mux    clock off, ref cnt: 0
07-04 13:17:17.250 D/        (    0): [14087.703646@3]- the vdec            clock off, ref cnt: 0
07-04 13:17:17.250 D/        (    0): [14087.703650@3]- the parser_top      clock off, ref cnt: 1
07-04 13:17:17.250 D/        (    0): [14087.703655@3]- the demux           clock off, ref cnt: 1
07-04 13:17:17.250 D/        (    0): [14087.703739@3]- the demux           clock on, ref cnt: 2
07-04 13:17:17.250 D/        (    0): [14087.703744@3]- the parser_top      clock on, ref cnt: 2
07-04 13:17:17.250 D/        (    0): [14087.703751@3]- the vdec            clock on, ref cnt: 1
07-04 13:17:17.250 D/        (    0): [14087.703770@3]- the clk_vdec_mux    clock on, ref cnt: 1
07-04 13:17:17.250 D/        (    0): [14087.703803@3]- vdec mux clock is 499999992 Hz
07-04 13:17:17.250 D/        (    0): [14087.704006@3]- vdec_create instance 00000000d04b947f, total 1, PM: legacy
07-04 13:17:17.250 D/        (    0): [14087.704049@3]- no drmmode
07-04 13:17:17.250 I/        (    0): [14087.704089@3]- is_reset=1
07-04 13:17:17.250 I/        (    0): [14087.704119@3]- vdec_init, dev_name:ammvdec_h264, vdec_type=VDEC_TYPE_FRAME_BLOCK  id = 0
07-04 13:17:17.250 D/        (    0): [14087.705084@3]- ammvdec_h264_mmu_init tvp = 0x0 mmu_enable 0
07-04 13:17:17.250 D/        (    0): [14087.705091@3]- decoder_bmmu_box_alloc_box, tvp_flags = 0
07-04 13:17:17.250 D/[14087.705110@3]- 0(    0): ammvdec_h264_probe mmu_enable 0 double_write_mode 0x10
07-04 13:17:17.251 D/[14087.706395@3]- 0(    0): ammvdec_h264 mem-addr=0,buff_offset=56f10000,buf_start=56f00000
07-04 13:17:17.251 D/        (    0): [14087.706436@3]- vdec mux clock is 666666656 Hz
07-04 13:17:17.251 D/        (    0): [14087.706441@3]- vdec1 video changed to 3840 x 2160 60 fps clk->667MHZ
07-04 13:17:17.251 W/        (    0): [14087.706447@3]- H264 sysinfo: 1920x1080 duration=3200, pts_outside=1
07-04 13:17:17.251 D/        (    0): [14087.706451@3]- sync_outside=0, use_idr_framerate=0, is_used_v4l: 0
07-04 13:17:17.251 I/        (    0): [14087.706599@3]- [TEE], the fw (h264_multi) will be loaded.
07-04 13:17:17.251 D/        (    0): [14087.707085@3]- vh264_init, phy_addr=7446e000 vaddr=0000000058592e98
07-04 13:17:17.251 D/        (    0): [14087.707240@3]- vfm map vdec-map-0 created
07-04 13:17:17.251 I/[14087.707262@3]- dim(    0): ch[1]:di_receiver_event_fun,8:_REG
07-04 13:17:17.251 I/[14087.707267@3]- dim(    0): reg:vdec.h264.00[1984]
07-04 13:17:17.253 I/[14087.707836@0]- dim(    0): reg:use[0]ms
07-04 13:17:17.253 E/[14087.707882@0]- reg(    0): v4lvideo
07-04 13:17:17.253 I/[14087.707892@0]- dim(    0): ch[1]:di_receiver_event_fun,3:_START
07-04 13:17:17.253 D/        (    0): [14087.707897@0]- vdec_init, vf_provider_name = vdec.h264.00, b 0
07-04 13:17:17.253 I/        (    0): [14087.709068@0]- vdec->port_flag=0x102, port_flag=0x10b
07-04 13:17:17.253 I/        (    0): [14087.709188@0]- is_reset=0
07-04 13:17:17.262 I/        (    0): [14087.718439@3]- is_reset=1
07-04 13:17:17.262 I/[14087.718691@3]- vframe_rate_uevent(    0): sent uevent FRAME_RATE_HINT=0
07-04 13:17:17.262 I/[14087.718759@3]- dim(    0): ch[1]:di_receiver_event_fun,1:_UNREG
07-04 13:17:17.262 E/[14087.718811@3]- unreg(    0): v4lvideo
07-04 13:17:17.267 I/[14087.719362@3]- dim(    0): unreg:use[1]ms
07-04 13:17:17.267 D/        (    0): [14087.719394@3]- vdec_disable_DMC input->target= 0x0
07-04 13:17:17.267 D/[14087.719512@3]- 0(    0): vh264_stop
07-04 13:17:17.267 D/        (    0): [14087.720006@3]- vdec_release instance 00000000d04b947f, total 1 id = 0
07-04 13:17:17.268 D/        (    0): [14087.720348@3]- the clk_vdec_mux    clock off, ref cnt: 0
07-04 13:17:17.268 D/        (    0): [14087.720360@3]- the vdec            clock off, ref cnt: 0
07-04 13:17:17.268 D/        (    0): [14087.720364@3]- the parser_top      clock off, ref cnt: 1
07-04 13:17:17.268 D/        (    0): [14087.720368@3]- the demux           clock off, ref cnt: 1
07-04 13:17:17.268 D/        (    0): [14087.720432@3]- the demux           clock on, ref cnt: 2
07-04 13:17:17.268 D/        (    0): [14087.720437@3]- the parser_top      clock on, ref cnt: 2
07-04 13:17:17.268 D/        (    0): [14087.720443@3]- the vdec            clock on, ref cnt: 1
07-04 13:17:17.268 D/        (    0): [14087.720462@3]- the clk_vdec_mux    clock on, ref cnt: 1
07-04 13:17:17.268 D/        (    0): [14087.720495@3]- vdec mux clock is 499999992 Hz
07-04 13:17:17.268 D/        (    0): [14087.720711@3]- vdec_create instance 000000009fa047b1, total 1, PM: legacy
07-04 13:17:17.268 D/        (    0): [14087.720752@3]- no drmmode
07-04 13:17:17.268 I/        (    0): [14087.720791@3]- is_reset=1
07-04 13:17:17.268 I/        (    0): [14087.720819@3]- vdec_init, dev_name:ammvdec_h264, vdec_type=VDEC_TYPE_FRAME_BLOCK  id = 0
07-04 13:17:17.268 D/        (    0): [14087.721875@3]- ammvdec_h264_mmu_init tvp = 0x0 mmu_enable 0
07-04 13:17:17.268 D/        (    0): [14087.721883@3]- decoder_bmmu_box_alloc_box, tvp_flags = 0
07-04 13:17:17.268 D/[14087.721903@3]- 0(    0): ammvdec_h264_probe mmu_enable 0 double_write_mode 0x10
07-04 13:17:17.268 D/[14087.723398@3]- 0(    0): ammvdec_h264 mem-addr=0,buff_offset=56f10000,buf_start=56f00000
07-04 13:17:17.268 D/        (    0): [14087.723441@3]- vdec mux clock is 666666656 Hz
07-04 13:17:17.268 D/        (    0): [14087.723446@3]- vdec1 video changed to 3840 x 2160 60 fps clk->667MHZ
07-04 13:17:17.268 W/        (    0): [14087.723453@3]- H264 sysinfo: 1920x1080 duration=3200, pts_outside=1
07-04 13:17:17.268 D/        (    0): [14087.723457@3]- sync_outside=0, use_idr_framerate=0, is_used_v4l: 0
07-04 13:17:17.268 I/        (    0): [14087.723623@3]- [TEE], the fw (h264_multi) will be loaded.
07-04 13:17:17.268 D/        (    0): [14087.723792@3]- vh264_init, phy_addr=7446e000 vaddr=000000008aca9522
07-04 13:17:17.268 D/        (    0): [14087.723935@3]- vfm map vdec-map-0 created
07-04 13:17:17.268 I/[14087.723957@3]- dim(    0): ch[1]:di_receiver_event_fun,8:_REG
07-04 13:17:17.268 I/[14087.723962@3]- dim(    0): reg:vdec.h264.00[1985]
07-04 13:17:17.268 I/[14087.724545@1]- dim(    0): reg:use[1]ms
07-04 13:17:17.268 E/[14087.724570@1]- reg(    0): v4lvideo
07-04 13:17:17.268 I/[14087.724579@1]- dim(    0): ch[1]:di_receiver_event_fun,3:_START
07-04 13:17:17.268 D/        (    0): [14087.724584@1]- vdec_init, vf_provider_name = vdec.h264.00, b 0
07-04 13:17:17.271 I/        (    0): [14087.725406@1]- vdec->port_flag=0x102, port_flag=0x10b
07-04 13:17:17.271 I/        (    0): [14087.725579@1]- is_reset=0
07-04 13:17:17.278 I/        (    0): [14087.734665@2]- is_reset=1
07-04 13:17:17.278 I/[14087.735013@2]- vframe_rate_uevent(    0): sent uevent FRAME_RATE_HINT=0
07-04 13:17:17.278 I/[14087.735095@2]- dim(    0): ch[1]:di_receiver_event_fun,1:_UNREG
07-04 13:17:17.278 E/[14087.735106@2]- unreg(    0): v4lvideo
07-04 13:17:17.283 I/[14087.735655@2]- dim(    0): unreg:use[0]ms
07-04 13:17:17.283 D/        (    0): [14087.735685@2]- vdec_disable_DMC input->target= 0x0
07-04 13:17:17.283 D/[14087.735796@2]- 0(    0): vh264_stop
07-04 13:17:17.283 D/        (    0): [14087.736349@2]- vdec_release instance 000000009fa047b1, total 1 id = 0
07-04 13:17:17.283 D/        (    0): [14087.736900@2]- the clk_vdec_mux    clock off, ref cnt: 0
07-04 13:17:17.283 D/        (    0): [14087.736912@2]- the vdec            clock off, ref cnt: 0
07-04 13:17:17.283 D/        (    0): [14087.736916@2]- the parser_top      clock off, ref cnt: 1
07-04 13:17:17.283 D/        (    0): [14087.736920@2]- the demux           clock off, ref cnt: 1
07-04 13:17:17.283 D/        (    0): [14087.736984@2]- the demux           clock on, ref cnt: 2
07-04 13:17:17.283 D/        (    0): [14087.736989@2]- the parser_top      clock on, ref cnt: 2
07-04 13:17:17.283 D/        (    0): [14087.736996@2]- the vdec            clock on, ref cnt: 1
07-04 13:17:17.283 D/        (    0): [14087.737014@2]- the clk_vdec_mux    clock on, ref cnt: 1
07-04 13:17:17.283 D/        (    0): [14087.737044@2]- vdec mux clock is 499999992 Hz
07-04 13:17:17.283 D/        (    0): [14087.737764@2]- vdec_create instance 00000000cbc7eee3, total 1, PM: legacy
07-04 13:17:17.283 D/        (    0): [14087.737813@2]- no drmmode
07-04 13:17:17.283 I/        (    0): [14087.737858@2]- is_reset=1
07-04 13:17:17.283 I/        (    0): [14087.737887@2]- vdec_init, dev_name:ammvdec_h264, vdec_type=VDEC_TYPE_FRAME_BLOCK  id = 0
07-04 13:17:17.283 D/        (    0): [14087.738725@2]- ammvdec_h264_mmu_init tvp = 0x0 mmu_enable 0
07-04 13:17:17.283 D/        (    0): [14087.738733@2]- decoder_bmmu_box_alloc_box, tvp_flags = 0
07-04 13:17:17.283 D/[14087.738752@2]- 0(    0): ammvdec_h264_probe mmu_enable 0 double_write_mode 0x10
07-04 13:17:17.284 D/[14087.740090@1]- 0(    0): ammvdec_h264 mem-addr=0,buff_offset=56f10000,buf_start=56f00000
07-04 13:17:17.284 D/        (    0): [14087.740135@1]- vdec mux clock is 666666656 Hz
07-04 13:17:17.284 D/        (    0): [14087.740140@1]- vdec1 video changed to 3840 x 2160 60 fps clk->667MHZ
07-04 13:17:17.284 W/        (    0): [14087.740147@1]- H264 sysinfo: 1920x1080 duration=3200, pts_outside=1
07-04 13:17:17.285 D/        (    0): [14087.740151@1]- sync_outside=0, use_idr_framerate=0, is_used_v4l: 0
07-04 13:17:17.285 I/        (    0): [14087.740367@1]- [TEE], the fw (h264_multi) will be loaded.
07-04 13:17:17.285 D/        (    0): [14087.740686@3]- vh264_init, phy_addr=7446e000 vaddr=0000000057ec34bf
07-04 13:17:17.285 D/        (    0): [14087.740882@3]- vfm map vdec-map-0 created
07-04 13:17:17.285 I/[14087.740903@3]- dim(    0): ch[1]:di_receiver_event_fun,8:_REG
07-04 13:17:17.285 I/[14087.740908@3]- dim(    0): reg:vdec.h264.00[1986]
07-04 13:17:17.285 I/[14087.741467@2]- dim(    0): reg:use[1]ms
07-04 13:17:17.285 E/[14087.741491@2]- reg(    0): v4lvideo
07-04 13:17:17.285 I/[14087.741500@2]- dim(    0): ch[1]:di_receiver_event_fun,3:_START
07-04 13:17:17.285 D/        (    0): [14087.741505@2]- vdec_init, vf_provider_name = vdec.h264.00, b 0
07-04 13:17:17.290 I/        (    0): [14087.743075@3]- vdec->port_flag=0x102, port_flag=0x10b
07-04 13:17:17.290 I/        (    0): [14087.743182@3]- is_reset=0
07-04 13:17:17.802 W/[14088.254967@3]- RTW(    0): fill_default_txdesc(wlan0): SP Packet(0x0806) rate=0x4 SeqNum = 629
07-04 13:17:17.810 W/[14088.263121@0]- RTW(    0): fill_default_txdesc(wlan0): SP Packet(0x0806) rate=0x4 SeqNum = 633
07-04 13:17:18.568 W/[14089.023011@2]- RTW(    0): fill_default_txdesc(wlan0): SP Packet(0x0806) rate=0x4 SeqNum = 680
07-04 13:17:20.874 W/[14091.327474@0]- RTW(    0): Turbo EDCA =0x5ea42b
07-04 13:17:22.690 W/[14093.145130@2]- RTW(    0): fill_default_txdesc(wlan0): SP Packet(0x0806) rate=0x4 SeqNum = 871
07-04 13:17:27.142 W/[14097.596761@3]- RTW(    0): fill_default_txdesc(wlan0): SP Packet(0x0806) rate=0x4 SeqNum = 1084
07-04 13:17:32.290 W/[14102.743385@2]- RTW(    0): fill_default_txdesc(wlan0): SP Packet(0x0806) rate=0x4 SeqNum = 1307
07-04 13:17:32.648 W/[14103.102979@2]- RTW(    0): fill_default_txdesc(wlan0): SP Packet(0x0806) rate=0x4 SeqNum = 1336
07-04 13:17:34.562 W/[14105.018093@2]- audit(    0): audit_lost=5559 audit_rate_limit=5 audit_backlog_limit=64
07-04 13:17:34.562 E/[14105.018108@2]- audit(    0): rate limit exceeded
07-04 13:17:37.434 W/[14107.889878@2]- RTW(    0): fill_default_txdesc(wlan0): SP Packet(0x0806) rate=0x4 SeqNum = 1643
07-04 13:17:37.890 W/[14108.344879@2]- healthd(    0): battery l=100 v=4 t=0.0 h=2 st=2 c=1100 fc=10000000 chg=u
07-04 13:17:42.546 W/[14113.001440@0]- RTW(    0): fill_default_txdesc(wlan0): SP Packet(0x0806) rate=0x4 SeqNum = 1936
07-04 13:17:47.118 W/[14117.572411@0]- RTW(    0): fill_default_txdesc(wlan0): SP Packet(0x0806) rate=0x4 SeqNum = 2151
07-04 13:17:49.290 W/[14119.743070@2]- RTW(    0): fill_default_txdesc(wlan0): SP Packet(0x0806) rate=0x4 SeqNum = 2264
07-04 13:17:52.510 W/[14122.963097@1]- audit(    0): audit_lost=5561 audit_rate_limit=5 audit_backlog_limit=64
07-04 13:17:52.510 E/[14122.963104@1]- audit(    0): rate limit exceeded
07-04 13:17:52.837 W/[14123.291436@3]- RTW(    0): fill_default_txdesc(wlan0): SP Packet(0x0806) rate=0x4 SeqNum = 2421
07-04 13:17:57.954 W/[14128.410032@1]- RTW(    0): fill_default_txdesc(wlan0): SP Packet(0x0806) rate=0x4 SeqNum = 2731
07-04 13:17:47.725 I/chatty  ( 3836): uid=1000(system) android.bg identical 4 lines
07-04 13:17:57.826 I/UsageStatsService( 3836): User[0] Flushing usage stats to disk
07-04 13:17:59.216 D/AutofillManagerService( 3836): onBackKeyPressed()
07-04 13:17:59.238 I/        (    0): [14129.692861@1]- is_reset=1
07-04 13:17:59.238 I/[14129.693134@1]- vframe_rate_uevent(    0): sent uevent FRAME_RATE_HINT=0
07-04 13:17:59.238 I/[14129.693191@0]- dim(    0): ch[1]:di_receiver_event_fun,1:_UNREG
07-04 13:17:59.238 E/[14129.693204@0]- unreg(    0): v4lvideo
07-04 13:17:59.238 I/[14129.693813@1]- dim(    0): unreg:use[0]ms
07-04 13:17:59.238 D/        (    0): [14129.693840@1]- vdec_disable_DMC input->target= 0x0
07-04 13:17:59.238 D/[14129.693962@1]- 0(    0): vh264_stop
07-04 13:17:59.238 D/        (    0): [14129.694441@1]- vdec_release instance 00000000cbc7eee3, total 1 id = 0
07-04 13:17:59.247 D/        (    0): [14129.697283@1]- the clk_vdec_mux    clock off, ref cnt: 0
07-04 13:17:59.247 D/        (    0): [14129.697296@1]- the vdec            clock off, ref cnt: 0
07-04 13:17:59.247 D/        (    0): [14129.697300@1]- the parser_top      clock off, ref cnt: 1
07-04 13:17:59.247 D/        (    0): [14129.697304@1]- the demux           clock off, ref cnt: 1
07-04 13:17:59.247 D/        (    0): [14129.697403@1]- the demux           clock on, ref cnt: 2
07-04 13:17:59.247 D/        (    0): [14129.697408@1]- the parser_top      clock on, ref cnt: 2
07-04 13:17:59.247 D/        (    0): [14129.697414@1]- the vdec            clock on, ref cnt: 1
07-04 13:17:59.247 D/        (    0): [14129.697433@1]- the clk_vdec_mux    clock on, ref cnt: 1
07-04 13:17:59.247 D/        (    0): [14129.697466@1]- vdec mux clock is 499999992 Hz
07-04 13:17:59.247 D/        (    0): [14129.697636@1]- vdec_create instance 00000000afb7bf24, total 1, PM: legacy
07-04 13:17:59.247 D/        (    0): [14129.697676@1]- no drmmode
07-04 13:17:59.247 I/        (    0): [14129.697732@1]- is_reset=1
07-04 13:17:59.247 I/        (    0): [14129.697758@1]- vdec_init, dev_name:ammvdec_h264, vdec_type=VDEC_TYPE_FRAME_BLOCK  id = 0
07-04 13:17:59.247 D/        (    0): [14129.698705@1]- ammvdec_h264_mmu_init tvp = 0x0 mmu_enable 0
07-04 13:17:59.247 D/        (    0): [14129.698713@1]- decoder_bmmu_box_alloc_box, tvp_flags = 0
07-04 13:17:59.252 D/[14129.698733@1]- 0(    0): ammvdec_h264_probe mmu_enable 0 double_write_mode 0x10
07-04 13:17:59.256 D/[14129.700523@1]- 0(    0): ammvdec_h264 mem-addr=0,buff_offset=56f10000,buf_start=56f00000
07-04 13:17:59.256 D/        (    0): [14129.700567@1]- vdec mux clock is 666666656 Hz
07-04 13:17:59.256 D/        (    0): [14129.700572@1]- vdec1 video changed to 3840 x 2160 60 fps clk->667MHZ
07-04 13:17:59.256 W/        (    0): [14129.700578@1]- H264 sysinfo: 1920x1080 duration=3200, pts_outside=1
07-04 13:17:59.257 D/        (    0): [14129.700582@1]- sync_outside=0, use_idr_framerate=0, is_used_v4l: 0
07-04 13:17:59.257 I/        (    0): [14129.700749@1]- [TEE], the fw (h264_multi) will be loaded.
07-04 13:17:59.257 D/        (    0): [14129.704334@3]- vh264_init, phy_addr=7446e000 vaddr=00000000429d5400
07-04 13:17:59.257 D/        (    0): [14129.704480@3]- vfm map vdec-map-0 created
07-04 13:17:59.257 I/[14129.704501@3]- dim(    0): ch[1]:di_receiver_event_fun,8:_REG
07-04 13:17:59.257 I/[14129.704507@3]- dim(    0): reg:vdec.h264.00[1987]
07-04 13:17:59.257 I/[14129.705070@3]- dim(    0): reg:use[1]ms
07-04 13:17:59.257 E/[14129.705094@3]- reg(    0): v4lvideo
07-04 13:17:59.257 I/[14129.705102@3]- dim(    0): ch[1]:di_receiver_event_fun,3:_START
07-04 13:17:59.257 D/        (    0): [14129.705108@3]- vdec_init, vf_provider_name = vdec.h264.00, b 0
07-04 13:17:59.257 I/        (    0): [14129.706876@3]- vdec->port_flag=0x102, port_flag=0x10b
07-04 13:17:59.257 I/        (    0): [14129.707015@3]- is_reset=0
07-04 13:17:59.281 I/        (    0): [14129.727897@0]- is_reset=1
07-04 13:17:59.283 I/[14129.728369@0]- vframe_rate_uevent(    0): sent uevent FRAME_RATE_HINT=0
07-04 13:17:59.285 I/[14129.728424@0]- dim(    0): ch[1]:di_receiver_event_fun,1:_UNREG
07-04 13:17:59.285 E/[14129.728436@0]- unreg(    0): v4lvideo
07-04 13:17:59.285 I/[14129.729017@0]- dim(    0): unreg:use[1]ms
07-04 13:17:59.285 D/        (    0): [14129.729048@0]- vdec_disable_DMC input->target= 0x0
07-04 13:17:59.285 D/[14129.729166@0]- 0(    0): vh264_stop
07-04 13:17:59.285 D/        (    0): [14129.729696@0]- vdec_release instance 00000000afb7bf24, total 1 id = 0
07-04 13:17:59.285 D/        (    0): [14129.729879@0]- the clk_vdec_mux    clock off, ref cnt: 0
07-04 13:17:59.285 D/        (    0): [14129.729889@0]- the vdec            clock off, ref cnt: 0
07-04 13:17:59.285 D/        (    0): [14129.729894@0]- the parser_top      clock off, ref cnt: 1
07-04 13:17:59.285 D/        (    0): [14129.729897@0]- the demux           clock off, ref cnt: 1
07-04 13:17:59.285 D/        (    0): [14129.729967@0]- the demux           clock on, ref cnt: 2
07-04 13:17:59.292 D/        (    0): [14129.729972@0]- the parser_top      clock on, ref cnt: 2
07-04 13:17:59.295 D/        (    0): [14129.729979@0]- the vdec            clock on, ref cnt: 1
07-04 13:17:59.295 D/        (    0): [14129.729998@0]- the clk_vdec_mux    clock on, ref cnt: 1
07-04 13:17:59.295 D/        (    0): [14129.730030@0]- vdec mux clock is 499999992 Hz
07-04 13:17:59.295 D/        (    0): [14129.730264@0]- vdec_create instance 0000000014143008, total 1, PM: legacy
07-04 13:17:59.295 D/        (    0): [14129.730309@0]- no drmmode
07-04 13:17:59.297 I/        (    0): [14129.730353@0]- is_reset=1
07-04 13:17:59.297 I/        (    0): [14129.730381@0]- vdec_init, dev_name:ammvdec_h264, vdec_type=VDEC_TYPE_FRAME_BLOCK  id = 0
07-04 13:17:59.297 D/        (    0): [14129.731699@0]- ammvdec_h264_mmu_init tvp = 0x0 mmu_enable 0
07-04 13:17:59.298 D/        (    0): [14129.731707@0]- decoder_bmmu_box_alloc_box, tvp_flags = 0
07-04 13:17:59.298 D/[14129.731727@0]- 0(    0): ammvdec_h264_probe mmu_enable 0 double_write_mode 0x10
07-04 13:17:59.298 D/[14129.732992@0]- 0(    0): ammvdec_h264 mem-addr=0,buff_offset=56f10000,buf_start=56f00000
07-04 13:17:59.298 D/        (    0): [14129.733034@0]- vdec mux clock is 666666656 Hz
07-04 13:17:59.298 D/        (    0): [14129.733039@0]- vdec1 video changed to 3840 x 2160 60 fps clk->667MHZ
07-04 13:17:59.298 W/        (    0): [14129.733045@0]- H264 sysinfo: 1920x1080 duration=3200, pts_outside=1
07-04 13:17:59.298 D/        (    0): [14129.733049@0]- sync_outside=0, use_idr_framerate=0, is_used_v4l: 0
07-04 13:17:59.298 I/        (    0): [14129.733225@0]- [TEE], the fw (h264_multi) will be loaded.
07-04 13:17:59.298 D/        (    0): [14129.733628@0]- vh264_init, phy_addr=7446e000 vaddr=0000000026382a53
07-04 13:17:59.298 D/        (    0): [14129.733966@0]- vfm map vdec-map-0 created
07-04 13:17:59.298 I/[14129.733988@0]- dim(    0): ch[1]:di_receiver_event_fun,8:_REG
07-04 13:17:59.298 I/[14129.733993@0]- dim(    0): reg:vdec.h264.00[1988]
07-04 13:17:59.298 I/[14129.734545@0]- dim(    0): reg:use[1]ms
07-04 13:17:59.298 E/[14129.734570@0]- reg(    0): v4lvideo
07-04 13:17:59.298 I/[14129.734578@0]- dim(    0): ch[1]:di_receiver_event_fun,3:_START
07-04 13:17:59.298 D/        (    0): [14129.734583@0]- vdec_init, vf_provider_name = vdec.h264.00, b 0
07-04 13:17:59.298 I/        (    0): [14129.735405@0]- vdec->port_flag=0x102, port_flag=0x10b
07-04 13:17:59.298 I/        (    0): [14129.735522@0]- is_reset=0
07-04 13:17:59.298 I/[14129.739030@0]- vframe_rate_uevent(    0): sent uevent FRAME_RATE_HINT=0
07-04 13:17:59.298 I/[14129.739084@0]- dim(    0): ch[1]:di_receiver_event_fun,1:_UNREG
07-04 13:17:59.298 E/[14129.739096@0]- unreg(    0): v4lvideo
07-04 13:17:59.298 I/[14129.739767@0]- dim(    0): unreg:use[0]ms
07-04 13:17:59.298 D/        (    0): [14129.739843@0]- vdec_disable_DMC input->target= 0x0
07-04 13:17:59.298 D/[14129.739974@0]- 0(    0): vh264_stop
07-04 13:17:59.298 D/        (    0): [14129.740511@0]- vdec_release instance 0000000014143008, total 1 id = 0
07-04 13:17:59.298 D/        (    0): [14129.740694@0]- the clk_vdec_mux    clock off, ref cnt: 0
07-04 13:17:59.298 D/        (    0): [14129.740884@0]- the vdec            clock off, ref cnt: 0
07-04 13:17:59.298 D/        (    0): [14129.740888@0]- the parser_top      clock off, ref cnt: 1
07-04 13:17:59.298 D/        (    0): [14129.740892@0]- the demux           clock off, ref cnt: 1
07-04 13:17:59.298 D/        (    0): [14129.740918@0]d v4lvideo_release_map 0 OK
07-04 13:17:59.298 D/[14129.741019@0]- v4lvid(    0): dbg: vidioc_close!!!!
07-04 13:17:59.299 E/[14129.741076@3]- selinux(    0): SELinux:  Could not read /sys/devices/platform/vdec/ammvdec_h264.0: No such file or directory.
07-04 13:17:59.299 E/[14129.741111@3]- selinux(    0):  
07-04 13:17:59.299 I/[14129.744114@0]- resman(    0): 171 release [codec_mm]
07-04 13:17:59.422 D/INSETS  ( 3836): else - Package Name ::  left : 0 right :: 0 top :: 0 bottom :: 0 dfu-right :: 1920 dfu-bottom :: 1080
07-04 13:17:59.510 I/[14129.963912@0]- vc(    0): [0]vc: set enable index=0, val=0
07-04 13:17:59.510 I/[14129.963938@0]- VID(    0): store VD0 path_id changed 2->-1
07-04 13:17:59.510 I/        (    0): [14129.963943@0]- dev->index =0, val=1
07-04 13:17:59.510 I/[14129.963947@0]- VID(    0): VD1 off
07-04 13:17:59.510 I/[14129.963953@0]- VID(    0): VD1 set global output as 0
07-04 13:17:59.510 I/        (    0): [14129.963969@0]- common_vf_unreg_provider video_render.0: vd1 used: true, vd2 used: false, black_out:0, cur_buf:00000000a4110585
07-04 13:18:00.291 D/InputMethodManagerService( 3836): Top Package Name: in.startv.hotstar
07-04 13:18:00.293 W/ContextImpl( 3836): Calling a method in the system process without a qualified user: android.app.ContextImpl.sendBroadcast:1111 com.android.server.inputmethod.InputMethodManagerService.sendSoftInputVisibilityBroadcast:3258 com.android.server.inputmethod.InputMethodManagerService.showCurrentInputLocked:3231 com.android.server.inputmethod.InputMethodManagerService.showSoftInput:3153 com.android.internal.view.IInputMethodManager$Stub.onTransact:304 
07-04 13:18:00.294 D/InputMethodManagerService( 3836): Top Package Name: in.startv.hotstar
07-04 13:18:00.296 W/ContextImpl( 3836): Calling a method in the system process without a qualified user: android.app.ContextImpl.sendBroadcast:1111 com.android.server.inputmethod.InputMethodManagerService.sendSoftInputVisibilityBroadcast:3258 com.android.server.inputmethod.InputMethodManagerService.showCurrentInputLocked:3231 com.android.server.inputmethod.InputMethodManagerService.showMySoftInput:4198 com.android.server.inputmethod.InputMethodManagerService.access$4100:189 
07-04 13:18:00.298 W/ContextImpl( 3836): Calling a method in the system process without a qualified user: android.app.ContextImpl.sendBroadcast:1111 com.android.server.inputmethod.InputMethodManagerService.sendSoftInputVisibilityBroadcast:3258 com.android.server.inputmethod.InputMethodManagerService.hideCurrentInputLocked:3330 com.android.server.inputmethod.InputMethodManagerService.hideMySoftInput:4180 com.android.server.inputmethod.InputMethodManagerService.access$4000:189 
07-04 13:18:00.317 D/InputMethodManagerService( 3836): Top Package Name: in.startv.hotstar
07-04 13:18:00.318 D/INSETS  ( 3836): else - Package Name ::  left : 0 right :: 0 top :: 0 bottom :: 0 dfu-right :: 1920 dfu-bottom :: 1080
07-04 13:18:00.320 I/chatty  ( 3836): uid=1000(system) Binder:3836_1E identical 2 lines
07-04 13:18:00.320 D/INSETS  ( 3836): else - Package Name ::  left : 0 right :: 0 top :: 0 bottom :: 0 dfu-right :: 1920 dfu-bottom :: 1080
07-04 13:18:00.338 W/ContextImpl( 3836): Calling a method in the system process without a qualified user: android.app.ContextImpl.sendBroadcast:1111 com.android.server.inputmethod.InputMethodManagerService.sendSoftInputVisibilityBroadcast:3258 com.android.server.inputmethod.InputMethodManagerService.showCurrentInputLocked:3231 com.android.server.inputmethod.InputMethodManagerService.showMySoftInput:4198 com.android.server.inputmethod.InputMethodManagerService.access$4100:189 
07-04 13:18:00.346 D/INSETS  ( 3836): else - Package Name ::  left : 0 right :: 0 top :: 0 bottom :: 0 dfu-right :: 1920 dfu-bottom :: 1080
07-04 13:18:00.349 I/chatty  ( 3836): uid=1000(system) android.anim identical 2 lines
07-04 13:18:00.349 D/INSETS  ( 3836): else - Package Name ::  left : 0 right :: 0 top :: 0 bottom :: 0 dfu-right :: 1920 dfu-bottom :: 1080
07-04 13:18:00.366 D/INSETS  ( 3836): else - Package Name ::  left : 0 right :: 0 top :: 0 bottom :: 0 dfu-right :: 1920 dfu-bottom :: 1080
07-04 13:18:00.367 D/INSETS  ( 3836): else - Package Name ::  left : 0 right :: 0 top :: 0 bottom :: 0 dfu-right :: 1920 dfu-bottom :: 1080
07-04 13:18:00.382 D/InputMethodManagerService( 3836): Top Package Name: in.startv.hotstar
07-04 13:18:00.383 W/ContextImpl( 3836): Calling a method in the system process without a qualified user: android.app.ContextImpl.sendBroadcast:1111 com.android.server.inputmethod.InputMethodManagerService.sendSoftInputVisibilityBroadcast:3258 com.android.server.inputmethod.InputMethodManagerService.showCurrentInputLocked:3231 com.android.server.inputmethod.InputMethodManagerService.showMySoftInput:4198 com.android.server.inputmethod.InputMethodManagerService.access$4100:189 
07-04 13:18:00.428 D/INSETS  ( 3836): else - Package Name ::  left : 0 right :: 0 top :: 0 bottom :: 0 dfu-right :: 1920 dfu-bottom :: 1080
07-04 13:18:00.470 I/chatty  ( 3836): uid=1000(system) Binder:3836_1D identical 3 lines
07-04 13:18:00.471 D/INSETS  ( 3836): else - Package Name ::  left : 0 right :: 0 top :: 0 bottom :: 0 dfu-right :: 1920 dfu-bottom :: 1080
07-04 13:18:00.485 D/INSETS  ( 3836): else - Package Name ::  left : 0 right :: 0 top :: 0 bottom :: 0 dfu-right :: 1920 dfu-bottom :: 1080
07-04 13:18:00.485 I/chatty  ( 3836): uid=1000(system) android.anim identical 1 line
07-04 13:18:00.486 D/INSETS  ( 3836): else - Package Name ::  left : 0 right :: 0 top :: 0 bottom :: 0 dfu-right :: 1920 dfu-bottom :: 1080
07-04 13:18:00.487 D/InputMethodManagerService( 3836): Top Package Name: in.startv.hotstar
07-04 13:18:00.488 W/ContextImpl( 3836): Calling a method in the system process without a qualified user: android.app.ContextImpl.sendBroadcast:1111 com.android.server.inputmethod.InputMethodManagerService.sendSoftInputVisibilityBroadcast:3258 com.android.server.inputmethod.InputMethodManagerService.showCurrentInputLocked:3231 com.android.server.inputmethod.InputMethodManagerService.showMySoftInput:4198 com.android.server.inputmethod.InputMethodManagerService.access$4100:189 
07-04 13:18:00.495 D/InputMethodManagerService( 3836): Top Package Name: in.startv.hotstar
07-04 13:18:00.496 W/ContextImpl( 3836): Calling a method in the system process without a qualified user: android.app.ContextImpl.sendBroadcast:1111 com.android.server.inputmethod.InputMethodManagerService.sendSoftInputVisibilityBroadcast:3258 com.android.server.inputmethod.InputMethodManagerService.showCurrentInputLocked:3231 com.android.server.inputmethod.InputMethodManagerService.showMySoftInput:4198 com.android.server.inputmethod.InputMethodManagerService.access$4100:189 
07-04 13:18:00.503 D/INSETS  ( 3836): else - Package Name ::  left : 0 right :: 0 top :: 0 bottom :: 0 dfu-right :: 1920 dfu-bottom :: 1080
07-04 13:18:00.508 I/chatty  ( 3836): uid=1000(system) android.display identical 4 lines
07-04 13:18:00.509 D/INSETS  ( 3836): else - Package Name ::  left : 0 right :: 0 top :: 0 bottom :: 0 dfu-right :: 1920 dfu-bottom :: 1080
07-04 13:18:00.526 W/NotificationHistory( 3836): Attempted to add notif for locked/gone/disabled user 0
07-04 13:18:00.559 D/INSETS  ( 3836): else - Package Name ::  left : 0 right :: 0 top :: 0 bottom :: 0 dfu-right :: 1920 dfu-bottom :: 1080
07-04 13:18:00.560 I/chatty  ( 3836): uid=1000(system) Binder:3836_1D identical 1 line
07-04 13:18:00.560 D/INSETS  ( 3836): else - Package Name ::  left : 0 right :: 0 top :: 0 bottom :: 0 dfu-right :: 1920 dfu-bottom :: 1080
07-04 13:18:00.702 W/NotificationHistory( 3836): Attempted to add notif for locked/gone/disabled user 0
07-04 13:18:01.312 D/InputMethodManagerService( 3836): Top Package Name: in.startv.hotstar
07-04 13:18:01.313 W/ContextImpl( 3836): Calling a method in the system process without a qualified user: android.app.ContextImpl.sendBroadcast:1111 com.android.server.inputmethod.InputMethodManagerService.sendSoftInputVisibilityBroadcast:3258 com.android.server.inputmethod.InputMethodManagerService.showCurrentInputLocked:3231 com.android.server.inputmethod.InputMethodManagerService.attachNewInputLocked:2397 com.android.server.inputmethod.InputMethodManagerService.startInputUncheckedLocked:2503 
07-04 13:18:01.315 D/InputMethodManagerService( 3836): Top Package Name: in.startv.hotstar
07-04 13:18:01.316 W/ContextImpl( 3836): Calling a method in the system process without a qualified user: android.app.ContextImpl.sendBroadcast:1111 com.android.server.inputmethod.InputMethodManagerService.sendSoftInputVisibilityBroadcast:3258 com.android.server.inputmethod.InputMethodManagerService.showCurrentInputLocked:3231 com.android.server.inputmethod.InputMethodManagerService.showMySoftInput:4198 com.android.server.inputmethod.InputMethodManagerService.access$4100:189 
07-04 13:18:01.329 D/INSETS  ( 3836): else - Package Name ::  left : 0 right :: 0 top :: 0 bottom :: 0 dfu-right :: 1920 dfu-bottom :: 1080
07-04 13:18:01.329 I/chatty  ( 3836): uid=1000(system) Binder:3836_1A identical 1 line
07-04 13:18:01.330 D/INSETS  ( 3836): else - Package Name ::  left : 0 right :: 0 top :: 0 bottom :: 0 dfu-right :: 1920 dfu-bottom :: 1080
07-04 13:18:01.442 D/InputMethodManagerService( 3836): Top Package Name: in.startv.hotstar
07-04 13:18:01.443 W/ContextImpl( 3836): Calling a method in the system process without a qualified user: android.app.ContextImpl.sendBroadcast:1111 com.android.server.inputmethod.InputMethodManagerService.sendSoftInputVisibilityBroadcast:3258 com.android.server.inputmethod.InputMethodManagerService.showCurrentInputLocked:3231 com.android.server.inputmethod.InputMethodManagerService.showMySoftInput:4198 com.android.server.inputmethod.InputMethodManagerService.access$4100:189 
07-04 13:18:01.492 D/INSETS  ( 3836): else - Package Name ::  left : 0 right :: 0 top :: 0 bottom :: 0 dfu-right :: 1920 dfu-bottom :: 1080
07-04 13:18:01.497 I/chatty  ( 3836): uid=1000(system) android.anim identical 2 lines
07-04 13:18:01.497 D/INSETS  ( 3836): else - Package Name ::  left : 0 right :: 0 top :: 0 bottom :: 0 dfu-right :: 1920 dfu-bottom :: 1080
07-04 13:18:02.037 D/InputMethodManagerService( 3836): Top Package Name: in.startv.hotstar
07-04 13:18:02.037 W/ContextImpl( 3836): Calling a method in the system process without a qualified user: android.app.ContextImpl.sendBroadcast:1111 com.android.server.inputmethod.InputMethodManagerService.sendSoftInputVisibilityBroadcast:3258 com.android.server.inputmethod.InputMethodManagerService.showCurrentInputLocked:3231 com.android.server.inputmethod.InputMethodManagerService.attachNewInputLocked:2397 com.android.server.inputmethod.InputMethodManagerService.startInputUncheckedLocked:2503 
07-04 13:18:02.040 D/InputMethodManagerService( 3836): Top Package Name: in.startv.hotstar
07-04 13:18:02.041 W/ContextImpl( 3836): Calling a method in the system process without a qualified user: android.app.ContextImpl.sendBroadcast:1111 com.android.server.inputmethod.InputMethodManagerService.sendSoftInputVisibilityBroadcast:3258 com.android.server.inputmethod.InputMethodManagerService.showCurrentInputLocked:3231 com.android.server.inputmethod.InputMethodManagerService.showMySoftInput:4198 com.android.server.inputmethod.InputMethodManagerService.access$4100:189 
07-04 13:18:02.049 D/INSETS  ( 3836): else - Package Name ::  left : 0 right :: 0 top :: 0 bottom :: 0 dfu-right :: 1920 dfu-bottom :: 1080
07-04 13:18:02.050 D/INSETS  ( 3836): else - Package Name ::  left : 0 right :: 0 top :: 0 bottom :: 0 dfu-right :: 1920 dfu-bottom :: 1080
07-04 13:18:02.063 D/InputMethodManagerService( 3836): Top Package Name: in.startv.hotstar
07-04 13:18:02.067 W/ContextImpl( 3836): Calling a method in the system process without a qualified user: android.app.ContextImpl.sendBroadcast:1111 com.android.server.inputmethod.InputMethodManagerService.sendSoftInputVisibilityBroadcast:3258 com.android.server.inputmethod.InputMethodManagerService.showCurrentInputLocked:3231 com.android.server.inputmethod.InputMethodManagerService.showMySoftInput:4198 com.android.server.inputmethod.InputMethodManagerService.access$4100:189 
07-04 13:18:02.344 D/INSETS  ( 3836): else - Package Name ::  left : 0 right :: 0 top :: 0 bottom :: 0 dfu-right :: 1920 dfu-bottom :: 1080
07-04 13:18:02.344 D/INSETS  ( 3836): else - Package Name ::  left : 0 right :: 0 top :: 0 bottom :: 0 dfu-right :: 1920 dfu-bottom :: 1080
07-04 13:18:03.058 D/AutofillManagerService( 3836): onBackKeyPressed()
07-04 13:18:03.061 W/ContextImpl( 3836): Calling a method in the system process without a qualified user: android.app.ContextImpl.sendBroadcast:1111 com.android.server.inputmethod.InputMethodManagerService.sendSoftInputVisibilityBroadcast:3258 com.android.server.inputmethod.InputMethodManagerService.hideCurrentInputLocked:3330 com.android.server.inputmethod.InputMethodManagerService.hideMySoftInput:4180 com.android.server.inputmethod.InputMethodManagerService.access$4000:189 
07-04 13:18:03.074 W/[14133.530735@1]- RTW(    0): fill_default_txdesc(wlan0): SP Packet(0x0806) rate=0x4 SeqNum = 3335
07-04 13:18:03.074 D/INSETS  ( 3836): else - Package Name ::  left : 0 right :: 0 top :: 0 bottom :: 0 dfu-right :: 1920 dfu-bottom :: 1080
07-04 13:18:03.075 D/INSETS  ( 3836): else - Package Name ::  left : 0 right :: 0 top :: 0 bottom :: 0 dfu-right :: 1920 dfu-bottom :: 1080
07-04 13:18:03.089 D/INSETS  ( 3836): else - Package Name ::  left : 0 right :: 0 top :: 0 bottom :: 0 dfu-right :: 1920 dfu-bottom :: 1080
07-04 13:18:03.090 D/INSETS  ( 3836): else - Package Name ::  left : 0 right :: 0 top :: 0 bottom :: 0 dfu-right :: 1920 dfu-bottom :: 1080
07-04 13:18:03.100 D/INSETS  ( 3836): else - Package Name ::  left : 0 right :: 0 top :: 0 bottom :: 0 dfu-right :: 1920 dfu-bottom :: 1080
07-04 13:18:03.101 D/INSETS  ( 3836): else - Package Name ::  left : 0 right :: 0 top :: 0 bottom :: 0 dfu-right :: 1920 dfu-bottom :: 1080
07-04 13:18:03.298 D/INSETS  ( 3836): else - Package Name ::  left : 0 right :: 0 top :: 0 bottom :: 0 dfu-right :: 1920 dfu-bottom :: 1080
07-04 13:18:04.758 D/[14135.213256@1]- logd(    0): logdr: UID=0 GID=0 PID=23089 n tail=0 logMask=99 pid=0 start=0ns timeout=0ns
07-04 13:18:05.159 D/HdmiControlService( 3836): Proccess pid: 3836 is calling oneTouchPlay.
07-04 13:18:05.163 D/HdmiControlService( 3836): Local device is under address allocation. Save OTP callback for later process.
07-04 13:18:05.167 D/AutofillManagerService( 3836): Close system dialogs
07-04 13:18:05.182 I/ActivityTaskManager( 3836): START u0 {act=android.intent.action.MAIN cat=[android.intent.category.HOME] flg=0x10000100 cmp=com.iwedia.ui.rjio.launcher.reliance/com.iwedia.ui.rjio.launcher.ui.intro.IntroActivity (has extras)} from uid 0
07-04 13:18:05.182 D/ActivityTaskManager( 3836): recent debug: [launchedPkgName] --> com.iwedia.ui.rjio.launcher.reliance [callingPackage] --> null
07-04 13:18:05.186 V/ActivityTaskManager( 3836): Old State : null Updated state : INITIALIZING Activity : ComponentInfo{com.iwedia.ui.rjio.launcher.reliance/com.iwedia.ui.rjio.launcher.ui.intro.IntroActivity}
07-04 13:18:05.187 V/ActivityTaskManager( 3836): Sending Broadcast : Intent { act=com.jio.remote.action.applaunch flg=0x40000000 pkg=com.jio.remote.btserver (has extras) }
07-04 13:18:05.199 V/ActivityTaskManager( 3836): Old State : RESUMED Updated state : PAUSING Activity : ComponentInfo{in.startv.hotstar/com.hotstar.MainActivity}
07-04 13:18:05.200 V/ActivityTaskManager( 3836): Sending Broadcast : Intent { act=com.jio.remote.action.applaunch flg=0x40000000 pkg=com.jio.remote.btserver (has extras) }
07-04 13:18:05.201 D/INSETS  ( 3836): else - Package Name ::  left : 0 right :: 0 top :: 0 bottom :: 0 dfu-right :: 1920 dfu-bottom :: 1080
07-04 13:18:05.230 V/ActivityTaskManager( 3836): Old State : STOPPED Updated state : RESUMED Activity : ComponentInfo{com.iwedia.ui.rjio.launcher.reliance/com.iwedia.ui.rjio.launcher.ui.intro.IntroActivity}
07-04 13:18:05.230 V/ActivityTaskManager( 3836): Sending Broadcast : Intent { act=com.jio.remote.action.applaunch flg=0x40000000 pkg=com.jio.remote.btserver (has extras) }
07-04 13:18:05.235 V/ActivityTaskManager( 3836): Old State : PAUSING Updated state : PAUSED Activity : ComponentInfo{in.startv.hotstar/com.hotstar.MainActivity}
07-04 13:18:05.235 V/ActivityTaskManager( 3836): Sending Broadcast : Intent { act=com.jio.remote.action.applaunch flg=0x40000000 pkg=com.jio.remote.btserver (has extras) }
07-04 13:18:05.249 D/INSETS  ( 3836): else - Package Name ::  left : 0 right :: 0 top :: 0 bottom :: 0 dfu-right :: 1920 dfu-bottom :: 1080
07-04 13:18:05.304 W/WindowManager( 3836): removeWindowToken: Attempted to remove non-existing token: android.os.Binder@6492188
07-04 13:18:05.328 D/INSETS  ( 3836): else - Package Name ::  left : 0 right :: 0 top :: 0 bottom :: 0 dfu-right :: 1920 dfu-bottom :: 1080
07-04 13:18:05.340 I/ActivityManager( 3836): Force stopping io.appium.uiautomator2.server appid=10064 user=0: finished inst
07-04 13:18:05.341 I/ActivityManager( 3836): Killing 18033:io.appium.uiautomator2.server/u0a64 (adj 0): stop io.appium.uiautomator2.server due to finished inst
07-04 13:18:05.369 W/ActivityManager( 3836): Receiver with filter android.content.IntentFilter@a5411d3 already registered for pid 4963, callerPackage is com.iwedia.ui.rjio.launcher.reliance
07-04 13:18:05.437 I/[14135.892276@0]- binder(    0): undelivered TRANSACTION_COMPLETE
07-04 13:18:05.437 I/[14135.892288@0]- binder(    0): undelivered transaction 10043137, process died.
07-04 13:18:05.444 D/INSETS  ( 3836): else - Package Name ::  left : 0 right :: 0 top :: 0 bottom :: 0 dfu-right :: 1920 dfu-bottom :: 1080
07-04 13:18:05.548 D/INSETS  ( 3836): else - Package Name ::  left : 0 right :: 0 top :: 0 bottom :: 0 dfu-right :: 1920 dfu-bottom :: 1080
07-04 13:18:05.560 D/INSETS  ( 3836): else - Package Name ::  left : 0 right :: 0 top :: 0 bottom :: 0 dfu-right :: 1920 dfu-bottom :: 1080
07-04 13:18:05.565 D/INSETS  ( 3836): else - Package Name ::  left : 0 right :: 0 top :: 0 bottom :: 0 dfu-right :: 1920 dfu-bottom :: 1080
07-04 13:18:05.582 V/ActivityTaskManager( 3836): Old State : PAUSED Updated state : STOPPING Activity : ComponentInfo{in.startv.hotstar/com.hotstar.MainActivity}
07-04 13:18:05.582 V/ActivityTaskManager( 3836): Sending Broadcast : Intent { act=com.jio.remote.action.applaunch flg=0x40000000 pkg=com.jio.remote.btserver (has extras) }
07-04 13:18:05.584 D/INSETS  ( 3836): else - Package Name ::  left : 0 right :: 0 top :: 0 bottom :: 0 dfu-right :: 1920 dfu-bottom :: 1080
07-04 13:18:05.648 D/INSETS  ( 3836): else - Package Name ::  left : 0 right :: 0 top :: 0 bottom :: 0 dfu-right :: 1920 dfu-bottom :: 1080
07-04 13:18:05.666 I/[14136.121303@0]- binder(    0): undelivered transaction 10043080, process died.
07-04 13:18:05.683 V/ActivityTaskManager( 3836): Old State : STOPPING Updated state : STOPPED Activity : ComponentInfo{in.startv.hotstar/com.hotstar.MainActivity}
07-04 13:18:05.683 V/ActivityTaskManager( 3836): Sending Broadcast : Intent { act=com.jio.remote.action.applaunch flg=0x40000000 pkg=com.jio.remote.btserver (has extras) }
07-04 13:18:05.709 I/ActivityManager( 3836): Force stopping io.appium.uiautomator2.server appid=10064 user=0: from pid 23128
07-04 13:18:05.722 I/ActivityManager( 3836): Force stopping io.appium.uiautomator2.server.test appid=10038 user=0: from pid 23130
07-04 13:18:07.197 W/[14137.651163@3]- RTW(    0): fill_default_txdesc(wlan0): SP Packet(0x0806) rate=0x4 SeqNum = 1037
07-04 13:18:07.210 W/[14137.662996@1]- RTW(    0): fill_default_txdesc(wlan0): SP Packet(0x0806) rate=0x4 SeqNum = 1038
07-04 13:18:07.919 I/UsageStatsService( 3836): User[0] Flushing usage stats to disk
07-04 13:18:10.618 I/        (    0): [14141.072149@1]- EXT4-fs (mmcblk0p18): re-mounted. Opts: (null)
07-04 13:18:11.274 W/[14141.727192@0]- RTW(    0): Turbo EDCA =0x431c
07-04 13:18:12.006 I/ActivityManager( 3836): Force stopping in.startv.hotstar appid=10086 user=0: from pid 4842
07-04 13:18:12.007 I/ActivityManager( 3836): Killing 18114:in.startv.hotstar/u0a86 (adj 700): stop in.startv.hotstar due to from pid 4842
07-04 13:18:12.013 W/ActivityTaskManager( 3836): Force removing ActivityRecord{a9b290b u0 in.startv.hotstar/com.hotstar.MainActivity t403 f}}: app died, no saved state
07-04 13:18:12.014 V/ActivityTaskManager( 3836): Old State : STOPPED Updated state : DESTROYED Activity : ComponentInfo{in.startv.hotstar/com.hotstar.MainActivity}
07-04 13:18:12.014 V/ActivityTaskManager( 3836): Sending Broadcast : Intent { act=com.jio.remote.action.applaunch flg=0x40000000 pkg=com.jio.remote.btserver (has extras) }
07-04 13:18:12.016 D/INSETS  ( 3836): else - Package Name ::  left : 0 right :: 0 top :: 0 bottom :: 0 dfu-right :: 1920 dfu-bottom :: 1080
07-04 13:18:12.032 I/ActivityManager( 3836): Force stopping in.startv.hotstar appid=10086 user=0: from pid 4842
07-04 13:18:12.039 I/ActivityManager( 3836): Force stopping in.startv.hotstar appid=10086 user=0: from pid 4842
07-04 13:18:12.074 I/chatty  ( 3836): uid=1000(system) Binder:3836_2 identical 6 lines
07-04 13:18:12.079 I/ActivityManager( 3836): Force stopping in.startv.hotstar appid=10086 user=0: from pid 4842
07-04 13:18:12.098 W/[14142.553673@1]- RTW(    0): fill_default_txdesc(wlan0): SP Packet(0x0806) rate=0x4 SeqNum = 1273
07-04 13:18:12.202 D/ConnectivityService( 3836): ConnectivityService NetworkRequestInfo binderDied(NetworkRequest [ TRACK_DEFAULT id=88, [ Capabilities: INTERNET&NOT_RESTRICTED&TRUSTED Uid: 10086 AdministratorUids: [] RequestorUid: 10086 RequestorPackageName: in.startv.hotstar] ], android.os.BinderProxy@53dc398)
07-04 13:18:12.204 D/ConnectivityService( 3836): releasing NetworkRequest [ TRACK_DEFAULT id=88, [ Capabilities: INTERNET&NOT_RESTRICTED&TRUSTED Uid: 10086 AdministratorUids: [] RequestorUid: 10086 RequestorPackageName: in.startv.hotstar] ] (release request)
07-04 13:18:12.204 W/WindowManager( 3836): Cannot find window which accessibility connection is added to
07-04 13:18:12.204 D/ConnectivityService( 3836): ConnectivityService NetworkRequestInfo binderDied(NetworkRequest [ LISTEN id=87, [ Capabilities: INTERNET&NOT_RESTRICTED&TRUSTED&NOT_VPN&FOREGROUND Uid: 10086 AdministratorUids: [] RequestorUid: 10086 RequestorPackageName: in.startv.hotstar] ], android.os.BinderProxy@c74c7f1)
07-04 13:18:12.205 W/ActivityManager( 3836): setHasOverlayUi called on unknown pid: 18114
07-04 13:18:12.500 W/SocketClient( 3527): write error (Broken pipe)
07-04 13:18:12.501 W/SocketClient( 3527): write error (Broken pipe)
07-04 13:18:12.502 W/SocketClient( 3527): write error (Broken pipe)
07-04 13:18:12.504 W/SocketClient( 3527): write error (Broken pipe)
07-04 13:18:13.290 W/[14143.743164@1]- RTW(    0): Turbo EDCA =0x5ea42b
07-04 13:18:13.414 D/[14143.868860@3]- logd(    0): logdr: UID=0 GID=0 PID=23219 b tail=0 logMask=99 pid=0 start=0ns timeout=0ns
07-04 13:18:14.257 I/ActivityManager( 3836): Force stopping io.appium.uiautomator2.server appid=10064 user=0: from pid 23255
07-04 13:18:14.260 I/ActivityManager( 3836): Force stopping io.appium.uiautomator2.server.test appid=10038 user=0: from pid 23256
07-04 13:18:15.061 E/TaskPersister( 3836): File error accessing recents directory (directory doesn't exist?).
07-04 13:18:15.064 I/ActivityManager( 3836): Force stopping io.appium.uiautomator2.server appid=10064 user=0: start instr
07-04 13:18:15.069 D/CompatibilityChangeReporter( 3836): Compat change id reported: 135634846; UID 10064; state: DISABLED
07-04 13:18:15.070 D/CompatibilityChangeReporter( 3836): Compat change id reported: 143937733; UID 10064; state: ENABLED
07-04 13:18:15.090 I/ActivityManager( 3836): Start proc 23280:io.appium.uiautomator2.server/u0a64 for added application io.appium.uiautomator2.server
07-04 13:18:15.401 W/[14145.854939@2]- RTW(    0): fill_default_txdesc(wlan0): SP Packet(0x0806) rate=0x4 SeqNum = 2561
07-04 13:18:16.796 W/WindowManager( 3836): removeWindowToken: Attempted to remove non-existing token: android.os.Binder@a80aea4
07-04 13:18:17.374 W/[14147.829915@2]- RTW(    0): fill_default_txdesc(wlan0): SP Packet(0x0806) rate=0x4 SeqNum = 2841
07-04 13:18:17.467 W/SocketClient( 3527): write error (Broken pipe)
07-04 13:18:18.007 I/UsageStatsService( 3836): User[0] Flushing usage stats to disk
07-04 13:18:18.015 D/WindowManager( 3836): Unhandled key: inputToken=android.os.BinderProxy@12aebeb, title=com.iwedia.ui.rjio.launcher.reliance/com.iwedia.ui.rjio.launcher.ui.intro.IntroActivity, action=0, flags=0, keyCode=4, scanCode=0, metaState=0, repeatCount=0, policyFlags=1795162112
07-04 13:18:18.016 D/WindowManager( 3836): No fallback.
07-04 13:18:18.019 D/AutofillManagerService( 3836): onBackKeyPressed()
07-04 13:18:18.023 D/WindowManager( 3836): Unhandled key: inputToken=android.os.BinderProxy@12aebeb, title=com.iwedia.ui.rjio.launcher.reliance/com.iwedia.ui.rjio.launcher.ui.intro.IntroActivity, action=1, flags=0, keyCode=4, scanCode=0, metaState=0, repeatCount=0, policyFlags=1795162112
07-04 13:18:18.023 D/WindowManager( 3836): No fallback.
07-04 13:18:20.501 I/ActivityTaskManager( 3836): START u0 {flg=0x10000000 cmp=com.jiotv.sonyliv/com.sonyliv.ui.splash.SplashActivity} from uid 0
07-04 13:18:20.501 D/ActivityTaskManager( 3836): recent debug: [launchedPkgName] --> com.jiotv.sonyliv [callingPackage] --> com.android.shell
07-04 13:18:20.527 V/ActivityTaskManager( 3836): Old State : null Updated state : INITIALIZING Activity : ComponentInfo{com.jiotv.sonyliv/com.sonyliv.ui.splash.SplashActivity}
07-04 13:18:20.527 V/ActivityTaskManager( 3836): Sending Broadcast : Intent { act=com.jio.remote.action.applaunch flg=0x40000000 pkg=com.jio.remote.btserver (has extras) }
07-04 13:18:20.534 V/ActivityTaskManager( 3836): Old State : RESUMED Updated state : PAUSING Activity : ComponentInfo{com.iwedia.ui.rjio.launcher.reliance/com.iwedia.ui.rjio.launcher.ui.intro.IntroActivity}
07-04 13:18:20.535 V/ActivityTaskManager( 3836): Sending Broadcast : Intent { act=com.jio.remote.action.applaunch flg=0x40000000 pkg=com.jio.remote.btserver (has extras) }
07-04 13:18:20.536 D/INSETS  ( 3836): else - Package Name ::  left : 0 right :: 0 top :: 0 bottom :: 0 dfu-right :: 1920 dfu-bottom :: 1080
07-04 13:18:20.542 D/CompatibilityChangeReporter( 3836): Compat change id reported: 135634846; UID 10075; state: DISABLED
07-04 13:18:20.544 D/CompatibilityChangeReporter( 3836): Compat change id reported: 143937733; UID 10075; state: ENABLED
