07-04 12:04:14.851 I/chatty  ( 3836): uid=1000(system) AppIntegrityMan expire 5 lines
07-04 12:04:14.866 I/chatty  ( 3836): uid=1000(system) PackageManager expire 19 lines
07-04 12:04:14.952 I/chatty  ( 3836): uid=1000 system_server expire 2 lines
07-04 12:04:15.111 I/chatty  ( 3836): uid=1000(system) Binder:3836_18 expire 1 line
07-04 12:04:15.122 I/chatty  ( 3836): uid=1000(system) Binder:3836_14 expire 2 lines
07-04 12:04:15.126 I/chatty  ( 3836): uid=1000(system) ConnectivitySer expire 1 line
07-04 12:04:15.709 I/chatty  ( 3836): uid=1000 system_server expire 2 lines
07-04 12:04:15.732 I/chatty  ( 3836): uid=1000(system) Binder:3836_A expire 1 line
07-04 12:04:15.769 I/chatty  ( 3836): uid=1000(system) android.fg expire 2 lines
07-04 12:04:15.796 I/chatty  ( 3836): uid=1000(system) android.display expire 1 line
07-04 12:04:16.385 I/chatty  ( 3836): uid=1000(system) Binder:3836_F expire 1 line
07-04 12:04:18.135 I/chatty  ( 3836): uid=1000(system) LazyTaskWriterT expire 1 line
07-04 12:04:37.126 I/chatty  ( 3836): uid=1000(system) Binder:3836_1 expire 1 line
07-04 12:04:37.270 I/chatty  ( 3836): uid=1000(system) Binder:3836_1C expire 1 line
07-04 12:04:37.271 I/chatty  ( 3836): uid=1000(system) ActivityManager expire 11 lines
07-04 12:04:37.518 I/chatty  ( 3836): uid=1000 system_server expire 6 lines
07-04 12:04:37.543 I/chatty  ( 3836): uid=1000(system) android.bg expire 9 lines
07-04 12:04:38.193 I/chatty  ( 3836): uid=1000(system) ConnectivitySer expire 3 lines
07-04 12:04:47.075 I/chatty  ( 3836): uid=1000(system) android.ui expire 4 lines
07-04 12:04:52.280 I/chatty  ( 3836): uid=1000(system) PackageManager expire 1 line
07-04 12:05:09.828 I/chatty  ( 3836): uid=1000(system) Binder:3836_14 expire 11 lines
07-04 12:05:09.912 I/chatty  ( 3836): uid=1000(system) Binder:3836_1B expire 1 line
07-04 12:05:19.858 E/AndroidRuntime(23257): FATAL EXCEPTION: Instr: androidx.test.runner.AndroidJUnitRunner
07-04 12:05:19.858 E/AndroidRuntime(23257): Process: io.appium.uiautomator2.server, PID: 23257
07-04 12:05:19.858 E/AndroidRuntime(23257): java.lang.IllegalStateException: UiAutomation not connected, UiAutomation@7fa8a48[id=-1, flags=0]
07-04 12:05:19.858 E/AndroidRuntime(23257): 	at android.app.UiAutomation.throwIfNotConnectedLocked(UiAutomation.java:1239)
07-04 12:05:19.858 E/AndroidRuntime(23257): 	at android.app.UiAutomation.disconnect(UiAutomation.java:296)
07-04 12:05:19.858 E/AndroidRuntime(23257): 	at android.app.Instrumentation.finish(Instrumentation.java:249)
07-04 12:05:19.858 E/AndroidRuntime(23257): 	at androidx.test.runner.MonitoringInstrumentation.finish(MonitoringInstrumentation.java:409)
07-04 12:05:19.858 E/AndroidRuntime(23257): 	at androidx.test.runner.AndroidJUnitRunner.onStart(AndroidJUnitRunner.java:474)
07-04 12:05:19.858 E/AndroidRuntime(23257): 	at android.app.Instrumentation$InstrumentationThread.run(Instrumentation.java:2205)
07-04 12:05:19.865 I/chatty  ( 3836): uid=1000 system_server expire 1 line
07-04 12:05:19.937 W/ContextImpl( 5864): Calling a method in the system process without a qualified user: android.app.ContextImpl.bindService:1748 android.content.ContextWrapper.bindService:756 com.jio.adc.core.b.d:56 com.jio.adc.core.b.b:13 com.jio.adc.core.b$c.run:7 
07-04 12:05:20.089 I/chatty  ( 3836): uid=1000(system) Binder:3836_3 expire 14 lines
07-04 12:05:20.091 I/chatty  ( 3836): uid=1000(system) ActivityManager expire 2 lines
07-04 12:05:20.094 I/chatty  ( 3836): uid=1000 system_server expire 1 line
07-04 12:05:20.238 I/chatty  ( 3836): uid=1000(system) Binder:3836_A expire 17 lines
07-04 12:05:24.423 I/chatty  ( 3836): uid=1000(system) InputDispatcher expire 4 lines
07-04 12:05:26.908 I/chatty  ( 3836): uid=1000 system_server expire 2 lines
07-04 12:05:26.917 I/chatty  ( 3836): uid=1000 system_server expire 2 lines
07-04 12:05:26.934 I/chatty  ( 3836): uid=1000(system) android.display expire 7 lines
07-04 12:05:26.946 I/chatty  ( 3836): uid=1000 system_server expire 2 lines
07-04 12:05:26.959 I/chatty  ( 3836): uid=1000(system) android.anim expire 17 lines
07-04 12:05:27.020 I/chatty  ( 3836): uid=1000 system_server expire 2 lines
07-04 12:05:27.983 I/chatty  ( 3836): uid=1000(system) Binder:3836_15 expire 13 lines
07-04 12:05:28.833 I/chatty  ( 3836): uid=1000(system) Binder:3836_4 expire 29 lines
07-04 12:05:29.248 I/chatty  ( 3836): uid=1000 system_server expire 2 lines
07-04 12:05:30.435 I/chatty  ( 3836): uid=1000 system_server expire 2 lines
07-04 12:05:30.568 I/chatty  ( 3836): uid=1000(system) LazyTaskWriterT expire 1 line
07-04 12:05:59.300 I/chatty  ( 3836): uid=1000(system) Binder:3836_15 expire 32 lines
07-04 12:05:59.307 I/chatty  ( 3836): uid=1000 system_server expire 8 lines
07-04 12:05:59.336 I/chatty  ( 3836): uid=1000(system) Binder:3836_A expire 8 lines
07-04 12:05:59.389 I/chatty  ( 3836): uid=1000(system) Binder:3836_4 expire 8 lines
07-04 12:05:59.459 I/chatty  ( 3836): uid=1000(system) android.anim expire 19 lines
07-04 12:05:59.465 I/chatty  ( 3836): uid=1000(system) android.display expire 28 lines
07-04 12:06:00.759 I/chatty  ( 3836): uid=1000(system) android.bg expire 9 lines
07-04 12:07:08.868 I/chatty  ( 3836): uid=1000(system) android.ui expire 2 lines
07-04 12:07:09.183 I/chatty  ( 3836): uid=1000(system) Binder:3836_10 expire 16 lines
07-04 12:07:10.724 I/chatty  ( 3836): uid=1000(system) Binder:3836_E expire 28 lines
07-04 12:07:10.842 I/chatty  ( 3836): uid=1000(system) Binder:3836_17 expire 9 lines
07-04 12:07:27.432 I/chatty  ( 3836): uid=1000(system) Binder:3836_1B expire 6 lines
07-04 12:07:31.588 I/chatty  ( 3836): uid=1000(system) android.bg expire 29 lines
07-04 12:07:57.817 W/ContextImpl( 5864): Calling a method in the system process without a qualified user: android.app.ContextImpl.bindService:1748 android.content.ContextWrapper.bindService:756 com.jio.adc.core.b.d:56 com.jio.adc.core.b.b:13 com.jio.adc.core.b$c.run:7 
07-04 12:07:57.878 W/ContextImpl( 5340): Calling a method in the system process without a qualified user: android.app.ContextImpl.sendBroadcast:1111 android.content.ContextWrapper.sendBroadcast:468 com.iwedia.tvinput.engine.ChannelManager.disconnectCA:3912 com.iwedia.tvinput.engine.ChannelManager.access$4300:116 com.iwedia.tvinput.engine.ChannelManager$CaReconnectTask.run:2434 
07-04 12:07:57.912 W/ContextImpl( 5340): Calling a method in the system process without a qualified user: android.app.ContextImpl.sendBroadcast:1111 android.content.ContextWrapper.sendBroadcast:468 com.iwedia.tvinput.engine.ChannelManager.connectCA:3844 com.iwedia.tvinput.engine.ChannelManager.access$5900:116 com.iwedia.tvinput.engine.ChannelManager$CaMessageHandler.handleMessage:4279 
07-04 12:08:08.889 W/ContextImpl( 5864): Calling a method in the system process without a qualified user: android.app.ContextImpl.bindService:1748 android.content.ContextWrapper.bindService:756 com.jio.adc.core.b.d:56 com.jio.adc.core.b.b:13 com.jio.adc.core.b$c.run:7 
07-04 12:08:25.922 I/chatty  ( 3836): uid=1000(system) android.ui expire 7 lines
07-04 12:08:26.270 I/chatty  ( 3836): uid=1000(system) Binder:3836_E expire 31 lines
07-04 12:08:27.848 I/chatty  ( 3836): uid=1000(system) Binder:3836_1F expire 4 lines
07-04 12:08:27.868 I/chatty  ( 3836): uid=1000(system) Binder:3836_17 expire 24 lines
07-04 12:08:27.895 I/chatty  ( 3836): uid=1000(system) android.anim expire 19 lines
07-04 12:08:28.063 I/chatty  ( 3836): uid=1000(system) android.display expire 10 lines
07-04 12:08:28.076 I/chatty  ( 3836): uid=1000 system_server expire 3 lines
07-04 12:08:30.037 I/chatty  ( 3836): uid=1000(system) Binder:3836_20 expire 2 lines
07-04 12:08:30.765 I/chatty  ( 3836): uid=1000(system) Binder:3836_2 expire 4 lines
07-04 12:08:30.794 I/chatty  ( 3836): uid=1000(system) Binder:3836_13 expire 8 lines
07-04 12:08:31.442 I/chatty  ( 3836): uid=1000(system) android.fg expire 1 line
07-04 12:08:31.451 I/chatty  ( 3836): uid=1000 system_server expire 2 lines
07-04 12:08:31.457 I/chatty  ( 3836): uid=1000 system_server expire 2 lines
07-04 12:08:31.487 I/chatty  ( 3836): uid=1000 system_server expire 2 lines
07-04 12:08:31.489 I/chatty  ( 3836): uid=1000 system_server expire 2 lines
07-04 12:08:31.539 I/chatty  ( 3836): uid=1000(system) Binder:3836_1C expire 2 lines
07-04 12:08:31.749 I/chatty  ( 3836): uid=1000(system) Binder:3836_4 expire 2 lines
07-04 12:08:31.764 I/chatty  ( 3836): uid=1000(system) Binder:3836_12 expire 3 lines
07-04 12:08:31.796 I/chatty  ( 3836): uid=1000 system_server expire 2 lines
07-04 12:08:31.981 I/chatty  ( 3836): uid=1000 system_server expire 2 lines
07-04 12:08:32.645 I/chatty  ( 3836): uid=1000 system_server expire 2 lines
07-04 12:08:32.830 I/chatty  ( 3836): uid=1000(system) ConnectivitySer expire 1 line
07-04 12:08:35.695 I/chatty  ( 3836): uid=1000(system) LazyTaskWriterT expire 1 line
07-04 12:12:16.084 I/chatty  ( 3836): uid=1000(system) Binder:3836_18 expire 2 lines
07-04 12:12:16.783 I/chatty  ( 3836): uid=1000(system) ActivityManager expire 4 lines
07-04 12:12:19.936 I/chatty  ( 3836): uid=1000(system) InputDispatcher expire 4 lines
07-04 12:12:22.381 I/chatty  ( 3836): uid=1000(system) Binder:3836_8 expire 3 lines
07-04 12:12:22.382 I/chatty  ( 3836): uid=1000 system_server expire 2 lines
07-04 12:12:22.389 I/chatty  ( 3836): uid=1000 system_server expire 2 lines
07-04 12:12:22.419 I/chatty  ( 3836): uid=1000 system_server expire 2 lines
07-04 12:12:22.490 I/chatty  ( 3836): uid=1000 system_server expire 2 lines
07-04 12:12:22.893 I/chatty  ( 3836): uid=1000(system) android.anim expire 19 lines
07-04 12:12:22.924 I/chatty  ( 3836): uid=1000(system) Binder:3836_18 expire 21 lines
07-04 12:12:23.049 I/chatty  ( 3836): uid=1000(system) ConnectivitySer expire 2 lines
07-04 12:12:23.483 I/chatty  ( 3836): uid=1000(system) Binder:3836_2 expire 2 lines
07-04 12:12:23.719 I/chatty  ( 3836): uid=1000 system_server expire 2 lines
07-04 12:12:23.780 I/chatty  ( 3836): uid=1000(system) Binder:3836_1B expire 28 lines
07-04 12:12:23.832 I/chatty  ( 3836): uid=1000 system_server expire 2 lines
07-04 12:12:25.166 I/chatty  ( 3836): uid=1000(system) android.bg expire 12 lines
07-04 12:12:26.518 I/chatty  ( 3836): uid=1000(system) LazyTaskWriterT expire 1 line
07-04 12:12:56.425 I/chatty  ( 3836): uid=1000(system) android.ui expire 3 lines
07-04 12:13:00.195 I/chatty  ( 3836): uid=1000(system) Binder:3836_6 expire 19 lines
07-04 12:13:01.754 I/chatty  ( 3836): uid=1000(system) android.display expire 16 lines
07-04 12:13:01.848 I/chatty  ( 3836): uid=1000 system_server expire 5 lines
07-04 12:13:03.387 I/chatty  ( 3836): uid=1000(system) Binder:3836_E expire 10 lines
07-04 12:13:20.182 I/chatty  ( 3836): uid=1000(system) Binder:3836_20 expire 3 lines
07-04 12:14:22.274 I/chatty  ( 3836): uid=1000(system) Binder:3836_1A expire 10 lines
07-04 12:14:23.359 I/chatty  ( 3836): uid=1000(system) Binder:3836_16 expire 4 lines
07-04 12:14:23.440 I/chatty  ( 3836): uid=1000(system) Binder:3836_11 expire 38 lines
07-04 12:14:23.563 I/chatty  ( 3836): uid=1000(system) android.anim expire 25 lines
07-04 12:14:23.566 I/chatty  ( 3836): uid=1000(system) Binder:3836_16 expire 25 lines
07-04 12:14:23.580 I/chatty  ( 3836): uid=1000 system_server expire 7 lines
07-04 12:14:23.596 I/chatty  ( 3836): uid=1000(system) android.display expire 27 lines
07-04 12:14:23.634 I/chatty  ( 3836): uid=1000(system) Binder:3836_1A expire 8 lines
07-04 12:14:26.152 I/chatty  ( 3836): uid=1000(system) android.ui expire 3 lines
07-04 12:14:26.177 I/chatty  ( 3836): uid=1000(system) Binder:3836_1E expire 18 lines
07-04 12:14:28.142 I/chatty  ( 3836): uid=1000(system) android.bg expire 8 lines
07-04 12:14:29.671 I/chatty  ( 3836): uid=1000(system) Binder:3836_B expire 15 lines
07-04 12:15:41.339 I/chatty  ( 3836): uid=1000(system) Binder:3836_E expire 3 lines
07-04 12:15:43.273 I/chatty  ( 3836): uid=1000(system) Binder:3836_9 expire 29 lines
07-04 12:15:45.963 I/chatty  ( 3836): uid=1000(system) android.display expire 8 lines
07-04 12:15:45.974 I/chatty  ( 3836): uid=1000(system) Binder:3836_B expire 12 lines
07-04 12:15:45.978 I/chatty  ( 3836): uid=1000(system) android.anim expire 19 lines
07-04 12:15:48.183 I/chatty  ( 3836): uid=1000(system) android.ui expire 6 lines
07-04 12:15:48.183 I/chatty  ( 3836): uid=1000 system_server expire 3 lines
07-04 12:15:48.185 I/chatty  ( 3836): uid=1000(system) android.fg expire 1 line
07-04 12:15:48.190 I/chatty  ( 3836): uid=1000 system_server expire 2 lines
07-04 12:15:48.195 I/chatty  ( 3836): uid=1000 system_server expire 2 lines
07-04 12:15:48.219 I/chatty  ( 3836): uid=1000 system_server expire 2 lines
07-04 12:15:48.220 I/chatty  ( 3836): uid=1000 system_server expire 2 lines
07-04 12:15:48.268 I/chatty  ( 3836): uid=1000(system) Binder:3836_7 expire 3 lines
07-04 12:15:48.295 I/chatty  ( 3836): uid=1000(system) Binder:3836_3 expire 7 lines
07-04 12:15:48.329 I/chatty  ( 3836): uid=1000(system) Binder:3836_20 expire 1 line
07-04 12:15:48.474 I/chatty  ( 3836): uid=1000(system) Binder:3836_16 expire 1 line
07-04 12:15:48.483 I/chatty  ( 3836): uid=1000 system_server expire 2 lines
07-04 12:15:48.561 I/chatty  ( 3836): uid=1000 system_server expire 2 lines
07-04 12:15:48.749 I/chatty  ( 3836): uid=1000(system) Binder:3836_E expire 14 lines
07-04 12:15:48.966 I/chatty  ( 3836): uid=1000(system) android.bg expire 12 lines
07-04 12:15:58.127 I/chatty  ( 3836): uid=1000 system_server expire 2 lines
07-04 12:15:58.308 I/chatty  ( 3836): uid=1000(system) Binder:3836_1A expire 5 lines
07-04 12:15:58.309 I/chatty  ( 3836): uid=1000(system) ConnectivitySer expire 2 lines
07-04 12:16:01.172 I/chatty  ( 3836): uid=1000(system) LazyTaskWriterT expire 2 lines
07-04 12:17:17.645 I/chatty  ( 3836): uid=1000(system) Binder:3836_19 expire 5 lines
07-04 12:17:17.649 I/chatty  ( 3836): uid=1000(system) Binder:3836_14 expire 6 lines
07-04 12:17:18.331 I/chatty  ( 3836): uid=1000(system) ActivityManager expire 4 lines
07-04 12:17:21.538 I/chatty  ( 3836): uid=1000(system) InputDispatcher expire 4 lines
07-04 12:17:23.968 I/chatty  ( 3836): uid=1000 system_server expire 2 lines
07-04 12:17:23.975 I/chatty  ( 3836): uid=1000 system_server expire 2 lines
07-04 12:17:24.008 I/chatty  ( 3836): uid=1000 system_server expire 2 lines
07-04 12:17:24.080 I/chatty  ( 3836): uid=1000 system_server expire 2 lines
07-04 12:17:25.524 I/chatty  ( 3836): uid=1000 system_server expire 2 lines
07-04 12:17:25.609 I/chatty  ( 3836): uid=1000 system_server expire 2 lines
07-04 12:17:49.904 I/chatty  ( 3836): uid=1000(system) Binder:3836_9 expire 4 lines
07-04 12:17:50.066 I/chatty  ( 3836): uid=1000(system) android.bg expire 10 lines
07-04 12:17:50.404 I/chatty  ( 3836): uid=1000(system) Binder:3836_14 expire 23 lines
07-04 12:17:50.559 I/chatty  ( 3836): uid=1000(system) android.ui expire 4 lines
07-04 12:17:50.563 I/chatty  ( 3836): uid=1000(system) Binder:3836_19 expire 25 lines
07-04 12:17:50.621 I/chatty  ( 3836): uid=1000(system) android.display expire 16 lines
07-04 12:17:53.212 I/chatty  ( 3836): uid=1000(system) Binder:3836_7 expire 16 lines
07-04 12:17:53.429 I/chatty  ( 3836): uid=1000(system) android.anim expire 19 lines
07-04 12:17:53.440 I/chatty  ( 3836): uid=1000(system) Binder:3836_12 expire 20 lines
07-04 12:17:53.456 I/chatty  ( 3836): uid=1000 system_server expire 6 lines
07-04 12:17:56.255 I/chatty  ( 3836): uid=1000(system) ConnectivitySer expire 1 line
07-04 12:17:57.048 I/chatty  ( 3836): uid=1000(system) Binder:3836_A expire 26 lines
07-04 12:19:21.458 I/chatty  ( 3836): uid=1000(system) Binder:3836_12 expire 2 lines
07-04 12:19:21.497 I/chatty  ( 3836): uid=1000(system) android.display expire 28 lines
07-04 12:19:21.561 I/chatty  ( 3836): uid=1000(system) Binder:3836_19 expire 6 lines
07-04 12:19:21.658 I/chatty  ( 3836): uid=1000 system_server expire 8 lines
07-04 12:19:23.398 I/chatty  ( 3836): uid=1000(system) Binder:3836_7 expire 1 line
07-04 12:19:31.338 I/chatty  ( 3836): uid=1000(system) android.bg expire 7 lines
07-04 12:19:36.969 I/chatty  ( 3836): uid=1000(system) ActivityManager expire 2 lines
07-04 12:20:27.566 I/chatty  ( 3836): uid=1000(system) android.ui expire 3 lines
07-04 12:20:27.917 I/chatty  ( 3836): uid=1000(system) Binder:3836_2 expire 11 lines
07-04 12:20:28.282 I/chatty  ( 3836): uid=1000(system) Binder:3836_C expire 18 lines
07-04 12:20:31.112 I/chatty  ( 3836): uid=1000(system) Binder:3836_15 expire 31 lines
07-04 12:20:31.171 I/chatty  ( 3836): uid=1000(system) android.anim expire 19 lines
07-04 12:20:31.396 I/chatty  ( 3836): uid=1000(system) Binder:3836_9 expire 7 lines
07-04 12:20:33.931 I/chatty  ( 3836): uid=1000(system) Binder:3836_F expire 4 lines
07-04 12:20:36.900 I/chatty  ( 3836): uid=1000(system) Binder:3836_1A expire 43 lines
07-04 12:20:42.078 I/chatty  ( 3836): uid=1000(system) android.bg expire 14 lines
07-04 12:20:44.534 I/chatty  ( 3836): uid=1000(system) Binder:3836_2 expire 2 lines
07-04 12:20:44.536 I/chatty  ( 3836): uid=1000(system) ActivityManager expire 7 lines
07-04 12:20:47.081 I/chatty  ( 3836): uid=1000(system) ConnectivitySer expire 3 lines
07-04 12:21:04.439 I/chatty  ( 3836): uid=1000(system) Binder:3836_C expire 9 lines
07-04 12:21:52.290 I/chatty  ( 3836): uid=1000(system) android.ui expire 3 lines
07-04 12:21:52.623 I/chatty  ( 3836): uid=1000(system) Binder:3836_F expire 19 lines
07-04 12:21:55.778 I/chatty  ( 3836): uid=1000(system) Binder:3836_15 expire 26 lines
07-04 12:21:55.866 I/chatty  ( 3836): uid=1000(system) android.anim expire 15 lines
07-04 12:21:56.015 I/chatty  ( 3836): uid=1000 system_server expire 5 lines
07-04 12:21:56.024 I/chatty  ( 3836): uid=1000(system) android.display expire 18 lines
07-04 12:22:01.610 I/chatty  ( 3836): uid=1000(system) Binder:3836_B expire 11 lines
07-04 12:22:06.627 I/chatty  ( 3836): uid=1000(system) Binder:3836_1C expire 1 line
07-04 12:22:07.280 I/chatty  ( 3836): uid=1000(system) Binder:3836_7 expire 1 line
07-04 12:22:44.530 I/chatty  ( 3836): uid=1000(system) android.io expire 3 lines
07-04 12:22:57.576 W/ContextImpl( 5340): Calling a method in the system process without a qualified user: android.app.ContextImpl.sendBroadcast:1111 android.content.ContextWrapper.sendBroadcast:468 com.iwedia.tvinput.engine.ChannelManager.disconnectCA:3912 com.iwedia.tvinput.engine.ChannelManager.access$4300:116 com.iwedia.tvinput.engine.ChannelManager$CaReconnectTask.run:2434 
07-04 12:22:57.623 W/ContextImpl( 5340): Calling a method in the system process without a qualified user: android.app.ContextImpl.sendBroadcast:1111 android.content.ContextWrapper.sendBroadcast:468 com.iwedia.tvinput.engine.ChannelManager.connectCA:3844 com.iwedia.tvinput.engine.ChannelManager.access$5900:116 com.iwedia.tvinput.engine.ChannelManager$CaMessageHandler.handleMessage:4279 
07-04 12:22:57.651 W/ContextImpl( 5864): Calling a method in the system process without a qualified user: android.app.ContextImpl.bindService:1748 android.content.ContextWrapper.bindService:756 com.jio.adc.core.b.d:56 com.jio.adc.core.b.b:13 com.jio.adc.core.b$c.run:7 
07-04 12:23:04.514 I/chatty  ( 3836): uid=1000(system) android.bg expire 2 lines
07-04 12:23:07.060 W/ContextImpl( 4789): Calling a method in the system process without a qualified user: android.app.ContextImpl.sendBroadcast:1126 android.content.ContextWrapper.sendBroadcast:473 com.iwedia.dtv.common.CommonTifExtnIntentHandler.sendIntent:123 com.iwedia.dtv.common.CommonTifExtnIntentHandler.notifyServiceJsonInfo:87 com.iwedia.dtv.common.CommonTifExtnControl.notifyServiceJsonInfo:778 
07-04 12:23:08.210 D/AutofillManagerService( 3836): onBackKeyPressed()
07-04 12:23:08.551 D/INSETS  ( 3836): else - Package Name ::  left : 0 right :: 0 top :: 0 bottom :: 0 dfu-right :: 1920 dfu-bottom :: 1080
07-04 12:23:09.955 D/AutofillManagerService( 3836): onBackKeyPressed()
07-04 12:23:11.155 D/InputMethodManagerService( 3836): Top Package Name: in.startv.hotstar
07-04 12:23:11.167 W/ContextImpl( 3836): Calling a method in the system process without a qualified user: android.app.ContextImpl.sendBroadcast:1111 com.android.server.inputmethod.InputMethodManagerService.sendSoftInputVisibilityBroadcast:3258 com.android.server.inputmethod.InputMethodManagerService.showCurrentInputLocked:3231 com.android.server.inputmethod.InputMethodManagerService.showSoftInput:3153 com.android.internal.view.IInputMethodManager$Stub.onTransact:304 
07-04 12:23:11.173 D/InputMethodManagerService( 3836): Top Package Name: in.startv.hotstar
07-04 12:23:11.176 W/ContextImpl( 3836): Calling a method in the system process without a qualified user: android.app.ContextImpl.sendBroadcast:1111 com.android.server.inputmethod.InputMethodManagerService.sendSoftInputVisibilityBroadcast:3258 com.android.server.inputmethod.InputMethodManagerService.showCurrentInputLocked:3231 com.android.server.inputmethod.InputMethodManagerService.showMySoftInput:4198 com.android.server.inputmethod.InputMethodManagerService.access$4100:189 
07-04 12:23:11.179 W/ContextImpl( 3836): Calling a method in the system process without a qualified user: android.app.ContextImpl.sendBroadcast:1111 com.android.server.inputmethod.InputMethodManagerService.sendSoftInputVisibilityBroadcast:3258 com.android.server.inputmethod.InputMethodManagerService.hideCurrentInputLocked:3330 com.android.server.inputmethod.InputMethodManagerService.hideMySoftInput:4180 com.android.server.inputmethod.InputMethodManagerService.access$4000:189 
07-04 12:23:11.203 D/INSETS  ( 3836): else - Package Name ::  left : 0 right :: 0 top :: 0 bottom :: 0 dfu-right :: 1920 dfu-bottom :: 1080
07-04 12:23:11.205 I/chatty  ( 3836): uid=1000(system) Binder:3836_7 identical 2 lines
07-04 12:23:11.206 D/INSETS  ( 3836): else - Package Name ::  left : 0 right :: 0 top :: 0 bottom :: 0 dfu-right :: 1920 dfu-bottom :: 1080
07-04 12:23:11.226 D/INSETS  ( 3836): else - Package Name ::  left : 0 right :: 0 top :: 0 bottom :: 0 dfu-right :: 1920 dfu-bottom :: 1080
07-04 12:23:11.229 I/chatty  ( 3836): uid=1000(system) android.anim identical 2 lines
07-04 12:23:11.230 D/INSETS  ( 3836): else - Package Name ::  left : 0 right :: 0 top :: 0 bottom :: 0 dfu-right :: 1920 dfu-bottom :: 1080
07-04 12:23:11.252 D/INSETS  ( 3836): else - Package Name ::  left : 0 right :: 0 top :: 0 bottom :: 0 dfu-right :: 1920 dfu-bottom :: 1080
07-04 12:23:11.252 D/INSETS  ( 3836): else - Package Name ::  left : 0 right :: 0 top :: 0 bottom :: 0 dfu-right :: 1920 dfu-bottom :: 1080
07-04 12:23:11.565 W/Looper  ( 3836): Slow dispatch took 353ms main h=android.os.Handler c=null m=1061
07-04 12:23:11.566 D/InputMethodManagerService( 3836): Top Package Name: in.startv.hotstar
07-04 12:23:11.566 W/Looper  ( 3836): Slow delivery took 352ms main h=com.android.server.accessibility.AccessibilityManagerService$MainHandler c=<recycled PooledLambda@f6e9134> m=0
07-04 12:23:11.573 W/ContextImpl( 3836): Calling a method in the system process without a qualified user: android.app.ContextImpl.sendBroadcast:1111 com.android.server.inputmethod.InputMethodManagerService.sendSoftInputVisibilityBroadcast:3258 com.android.server.inputmethod.InputMethodManagerService.showCurrentInputLocked:3231 com.android.server.inputmethod.InputMethodManagerService.showMySoftInput:4198 com.android.server.inputmethod.InputMethodManagerService.access$4100:189 
07-04 12:23:11.576 W/Looper  ( 3836): Drained
07-04 12:23:11.577 D/InputMethodManagerService( 3836): Top Package Name: in.startv.hotstar
07-04 12:23:11.578 W/ContextImpl( 3836): Calling a method in the system process without a qualified user: android.app.ContextImpl.sendBroadcast:1111 com.android.server.inputmethod.InputMethodManagerService.sendSoftInputVisibilityBroadcast:3258 com.android.server.inputmethod.InputMethodManagerService.showCurrentInputLocked:3231 com.android.server.inputmethod.InputMethodManagerService.showMySoftInput:4198 com.android.server.inputmethod.InputMethodManagerService.access$4100:189 
07-04 12:23:11.616 D/INSETS  ( 3836): else - Package Name ::  left : 0 right :: 0 top :: 0 bottom :: 0 dfu-right :: 1920 dfu-bottom :: 1080
07-04 12:23:11.660 I/chatty  ( 3836): uid=1000(system) Binder:3836_1A identical 3 lines
07-04 12:23:11.660 D/INSETS  ( 3836): else - Package Name ::  left : 0 right :: 0 top :: 0 bottom :: 0 dfu-right :: 1920 dfu-bottom :: 1080
07-04 12:23:11.676 D/INSETS  ( 3836): else - Package Name ::  left : 0 right :: 0 top :: 0 bottom :: 0 dfu-right :: 1920 dfu-bottom :: 1080
07-04 12:23:11.676 I/chatty  ( 3836): uid=1000(system) android.anim identical 1 line
07-04 12:23:11.677 D/INSETS  ( 3836): else - Package Name ::  left : 0 right :: 0 top :: 0 bottom :: 0 dfu-right :: 1920 dfu-bottom :: 1080
07-04 12:23:11.678 D/InputMethodManagerService( 3836): Top Package Name: in.startv.hotstar
07-04 12:23:11.681 W/ContextImpl( 3836): Calling a method in the system process without a qualified user: android.app.ContextImpl.sendBroadcast:1111 com.android.server.inputmethod.InputMethodManagerService.sendSoftInputVisibilityBroadcast:3258 com.android.server.inputmethod.InputMethodManagerService.showCurrentInputLocked:3231 com.android.server.inputmethod.InputMethodManagerService.showMySoftInput:4198 com.android.server.inputmethod.InputMethodManagerService.access$4100:189 
07-04 12:23:11.685 D/InputMethodManagerService( 3836): Top Package Name: in.startv.hotstar
07-04 12:23:11.686 W/ContextImpl( 3836): Calling a method in the system process without a qualified user: android.app.ContextImpl.sendBroadcast:1111 com.android.server.inputmethod.InputMethodManagerService.sendSoftInputVisibilityBroadcast:3258 com.android.server.inputmethod.InputMethodManagerService.showCurrentInputLocked:3231 com.android.server.inputmethod.InputMethodManagerService.showMySoftInput:4198 com.android.server.inputmethod.InputMethodManagerService.access$4100:189 
07-04 12:23:11.695 D/INSETS  ( 3836): else - Package Name ::  left : 0 right :: 0 top :: 0 bottom :: 0 dfu-right :: 1920 dfu-bottom :: 1080
07-04 12:23:11.702 I/chatty  ( 3836): uid=1000(system) android.display identical 4 lines
07-04 12:23:11.703 D/INSETS  ( 3836): else - Package Name ::  left : 0 right :: 0 top :: 0 bottom :: 0 dfu-right :: 1920 dfu-bottom :: 1080
07-04 12:23:11.744 D/INSETS  ( 3836): else - Package Name ::  left : 0 right :: 0 top :: 0 bottom :: 0 dfu-right :: 1920 dfu-bottom :: 1080
07-04 12:23:11.745 I/chatty  ( 3836): uid=1000(system) Binder:3836_1A identical 1 line
07-04 12:23:11.745 D/INSETS  ( 3836): else - Package Name ::  left : 0 right :: 0 top :: 0 bottom :: 0 dfu-right :: 1920 dfu-bottom :: 1080
07-04 12:23:11.782 W/NotificationHistory( 3836): Attempted to add notif for locked/gone/disabled user 0
07-04 12:23:11.892 W/NotificationHistory( 3836): Attempted to add notif for locked/gone/disabled user 0
07-04 12:23:12.413 D/InputMethodManagerService( 3836): Top Package Name: in.startv.hotstar
07-04 12:23:12.414 W/ContextImpl( 3836): Calling a method in the system process without a qualified user: android.app.ContextImpl.sendBroadcast:1111 com.android.server.inputmethod.InputMethodManagerService.sendSoftInputVisibilityBroadcast:3258 com.android.server.inputmethod.InputMethodManagerService.showCurrentInputLocked:3231 com.android.server.inputmethod.InputMethodManagerService.attachNewInputLocked:2397 com.android.server.inputmethod.InputMethodManagerService.startInputUncheckedLocked:2503 
07-04 12:23:12.416 D/InputMethodManagerService( 3836): Top Package Name: in.startv.hotstar
07-04 12:23:12.416 W/ContextImpl( 3836): Calling a method in the system process without a qualified user: android.app.ContextImpl.sendBroadcast:1111 com.android.server.inputmethod.InputMethodManagerService.sendSoftInputVisibilityBroadcast:3258 com.android.server.inputmethod.InputMethodManagerService.showCurrentInputLocked:3231 com.android.server.inputmethod.InputMethodManagerService.showMySoftInput:4198 com.android.server.inputmethod.InputMethodManagerService.access$4100:189 
07-04 12:23:12.424 D/INSETS  ( 3836): else - Package Name ::  left : 0 right :: 0 top :: 0 bottom :: 0 dfu-right :: 1920 dfu-bottom :: 1080
07-04 12:23:12.425 I/chatty  ( 3836): uid=1000(system) Binder:3836_1F identical 1 line
07-04 12:23:12.425 D/INSETS  ( 3836): else - Package Name ::  left : 0 right :: 0 top :: 0 bottom :: 0 dfu-right :: 1920 dfu-bottom :: 1080
07-04 12:23:12.512 D/InputMethodManagerService( 3836): Top Package Name: in.startv.hotstar
07-04 12:23:12.513 W/ContextImpl( 3836): Calling a method in the system process without a qualified user: android.app.ContextImpl.sendBroadcast:1111 com.android.server.inputmethod.InputMethodManagerService.sendSoftInputVisibilityBroadcast:3258 com.android.server.inputmethod.InputMethodManagerService.showCurrentInputLocked:3231 com.android.server.inputmethod.InputMethodManagerService.attachNewInputLocked:2397 com.android.server.inputmethod.InputMethodManagerService.startInputUncheckedLocked:2503 
07-04 12:23:12.546 D/InputMethodManagerService( 3836): Top Package Name: in.startv.hotstar
07-04 12:23:12.547 W/ContextImpl( 3836): Calling a method in the system process without a qualified user: android.app.ContextImpl.sendBroadcast:1111 com.android.server.inputmethod.InputMethodManagerService.sendSoftInputVisibilityBroadcast:3258 com.android.server.inputmethod.InputMethodManagerService.showCurrentInputLocked:3231 com.android.server.inputmethod.InputMethodManagerService.showMySoftInput:4198 com.android.server.inputmethod.InputMethodManagerService.access$4100:189 
07-04 12:23:12.567 W/ContextImpl( 3836): Calling a method in the system process without a qualified user: android.app.ContextImpl.sendBroadcast:1111 com.android.server.inputmethod.InputMethodManagerService.sendSoftInputVisibilityBroadcast:3258 com.android.server.inputmethod.InputMethodManagerService.hideCurrentInputLocked:3330 com.android.server.inputmethod.InputMethodManagerService.hideMySoftInput:4180 com.android.server.inputmethod.InputMethodManagerService.access$4000:189 
07-04 12:23:12.586 D/INSETS  ( 3836): else - Package Name ::  left : 0 right :: 0 top :: 0 bottom :: 0 dfu-right :: 1920 dfu-bottom :: 1080
07-04 12:23:12.602 I/chatty  ( 3836): uid=1000(system) android.anim identical 2 lines
07-04 12:23:12.602 D/INSETS  ( 3836): else - Package Name ::  left : 0 right :: 0 top :: 0 bottom :: 0 dfu-right :: 1920 dfu-bottom :: 1080
07-04 12:23:12.619 D/INSETS  ( 3836): else - Package Name ::  left : 0 right :: 0 top :: 0 bottom :: 0 dfu-right :: 1920 dfu-bottom :: 1080
07-04 12:23:12.619 D/INSETS  ( 3836): else - Package Name ::  left : 0 right :: 0 top :: 0 bottom :: 0 dfu-right :: 1920 dfu-bottom :: 1080
07-04 12:23:12.637 D/INSETS  ( 3836): else - Package Name ::  left : 0 right :: 0 top :: 0 bottom :: 0 dfu-right :: 1920 dfu-bottom :: 1080
07-04 12:23:12.637 D/INSETS  ( 3836): else - Package Name ::  left : 0 right :: 0 top :: 0 bottom :: 0 dfu-right :: 1920 dfu-bottom :: 1080
07-04 12:23:12.641 D/INSETS  ( 3836): else - Package Name ::  left : 0 right :: 0 top :: 0 bottom :: 0 dfu-right :: 1920 dfu-bottom :: 1080
07-04 12:23:12.642 D/INSETS  ( 3836): else - Package Name ::  left : 0 right :: 0 top :: 0 bottom :: 0 dfu-right :: 1920 dfu-bottom :: 1080
07-04 12:23:12.857 D/INSETS  ( 3836): else - Package Name ::  left : 0 right :: 0 top :: 0 bottom :: 0 dfu-right :: 1920 dfu-bottom :: 1080
07-04 12:23:13.202 D/INSETS  ( 3836): else - Package Name ::  left : 0 right :: 0 top :: 0 bottom :: 0 dfu-right :: 1920 dfu-bottom :: 1080
07-04 12:23:13.451 D/INSETS  ( 3836): else - Package Name ::  left : 0 right :: 0 top :: 0 bottom :: 0 dfu-right :: 1920 dfu-bottom :: 1080
07-04 12:23:14.078 D/AutofillManagerService( 3836): onBackKeyPressed()
07-04 12:23:14.596 I/UsageStatsService( 3836): User[0] Flushing usage stats to disk
07-04 12:23:16.371 D/InputMethodManagerService( 3836): Top Package Name: in.startv.hotstar
07-04 12:23:16.376 W/ContextImpl( 3836): Calling a method in the system process without a qualified user: android.app.ContextImpl.sendBroadcast:1111 com.android.server.inputmethod.InputMethodManagerService.sendSoftInputVisibilityBroadcast:3258 com.android.server.inputmethod.InputMethodManagerService.showCurrentInputLocked:3231 com.android.server.inputmethod.InputMethodManagerService.showMySoftInput:4198 com.android.server.inputmethod.InputMethodManagerService.access$4100:189 
07-04 12:23:16.377 W/ContextImpl( 3836): Calling a method in the system process without a qualified user: android.app.ContextImpl.sendBroadcast:1111 com.android.server.inputmethod.InputMethodManagerService.sendSoftInputVisibilityBroadcast:3258 com.android.server.inputmethod.InputMethodManagerService.hideCurrentInputLocked:3330 com.android.server.inputmethod.InputMethodManagerService.hideSoftInput:3290 com.android.internal.view.IInputMethodManager$Stub.onTransact:325 
07-04 12:23:16.397 W/ContextImpl( 3836): Calling a method in the system process without a qualified user: android.app.ContextImpl.sendBroadcast:1111 com.android.server.inputmethod.InputMethodManagerService.sendSoftInputVisibilityBroadcast:3258 com.android.server.inputmethod.InputMethodManagerService.hideCurrentInputLocked:3330 com.android.server.inputmethod.InputMethodManagerService.hideSoftInput:3290 com.android.internal.view.IInputMethodManager$Stub.onTransact:325 
07-04 12:23:16.399 D/InputMethodManagerService( 3836): Top Package Name: in.startv.hotstar
07-04 12:23:16.401 W/ContextImpl( 3836): Calling a method in the system process without a qualified user: android.app.ContextImpl.sendBroadcast:1111 com.android.server.inputmethod.InputMethodManagerService.sendSoftInputVisibilityBroadcast:3258 com.android.server.inputmethod.InputMethodManagerService.showCurrentInputLocked:3231 com.android.server.inputmethod.InputMethodManagerService.showMySoftInput:4198 com.android.server.inputmethod.InputMethodManagerService.access$4100:189 
07-04 12:23:16.410 D/INSETS  ( 3836): else - Package Name ::  left : 0 right :: 0 top :: 0 bottom :: 0 dfu-right :: 1920 dfu-bottom :: 1080
07-04 12:23:16.420 W/ContextImpl( 3836): Calling a method in the system process without a qualified user: android.app.ContextImpl.sendBroadcast:1111 com.android.server.inputmethod.InputMethodManagerService.sendSoftInputVisibilityBroadcast:3258 com.android.server.inputmethod.InputMethodManagerService.hideCurrentInputLocked:3330 com.android.server.inputmethod.InputMethodManagerService.hideSoftInput:3290 com.android.internal.view.IInputMethodManager$Stub.onTransact:325 
07-04 12:23:16.461 D/InputMethodManagerService( 3836): Top Package Name: in.startv.hotstar
07-04 12:23:16.474 W/ContextImpl( 3836): Calling a method in the system process without a qualified user: android.app.ContextImpl.sendBroadcast:1111 com.android.server.inputmethod.InputMethodManagerService.sendSoftInputVisibilityBroadcast:3258 com.android.server.inputmethod.InputMethodManagerService.showCurrentInputLocked:3231 com.android.server.inputmethod.InputMethodManagerService.showMySoftInput:4198 com.android.server.inputmethod.InputMethodManagerService.access$4100:189 
07-04 12:23:16.523 D/INSETS  ( 3836): else - Package Name ::  left : 0 right :: 0 top :: 0 bottom :: 0 dfu-right :: 1920 dfu-bottom :: 1080
07-04 12:23:16.573 I/chatty  ( 3836): uid=1000(system) Binder:3836_B identical 1 line
07-04 12:23:16.574 D/INSETS  ( 3836): else - Package Name ::  left : 0 right :: 0 top :: 0 bottom :: 0 dfu-right :: 1920 dfu-bottom :: 1080
07-04 12:23:16.597 D/INSETS  ( 3836): else - Package Name ::  left : 0 right :: 0 top :: 0 bottom :: 0 dfu-right :: 1920 dfu-bottom :: 1080
07-04 12:23:16.597 D/INSETS  ( 3836): else - Package Name ::  left : 0 right :: 0 top :: 0 bottom :: 0 dfu-right :: 1920 dfu-bottom :: 1080
07-04 12:23:16.601 D/InputMethodManagerService( 3836): Top Package Name: in.startv.hotstar
07-04 12:23:16.602 W/NotificationHistory( 3836): Attempted to add notif for locked/gone/disabled user 0
07-04 12:23:16.602 W/ContextImpl( 3836): Calling a method in the system process without a qualified user: android.app.ContextImpl.sendBroadcast:1111 com.android.server.inputmethod.InputMethodManagerService.sendSoftInputVisibilityBroadcast:3258 com.android.server.inputmethod.InputMethodManagerService.showCurrentInputLocked:3231 com.android.server.inputmethod.InputMethodManagerService.showMySoftInput:4198 com.android.server.inputmethod.InputMethodManagerService.access$4100:189 
07-04 12:23:16.625 D/InputMethodManagerService( 3836): Top Package Name: in.startv.hotstar
07-04 12:23:16.625 W/ContextImpl( 3836): Calling a method in the system process without a qualified user: android.app.ContextImpl.sendBroadcast:1111 com.android.server.inputmethod.InputMethodManagerService.sendSoftInputVisibilityBroadcast:3258 com.android.server.inputmethod.InputMethodManagerService.showCurrentInputLocked:3231 com.android.server.inputmethod.InputMethodManagerService.showMySoftInput:4198 com.android.server.inputmethod.InputMethodManagerService.access$4100:189 
07-04 12:23:16.644 D/INSETS  ( 3836): else - Package Name ::  left : 0 right :: 0 top :: 0 bottom :: 0 dfu-right :: 1920 dfu-bottom :: 1080
07-04 12:23:16.649 I/chatty  ( 3836): uid=1000(system) android.display identical 2 lines
07-04 12:23:16.650 D/INSETS  ( 3836): else - Package Name ::  left : 0 right :: 0 top :: 0 bottom :: 0 dfu-right :: 1920 dfu-bottom :: 1080
07-04 12:23:16.663 D/InputMethodManagerService( 3836): Top Package Name: in.startv.hotstar
07-04 12:23:16.664 W/ContextImpl( 3836): Calling a method in the system process without a qualified user: android.app.ContextImpl.sendBroadcast:1111 com.android.server.inputmethod.InputMethodManagerService.sendSoftInputVisibilityBroadcast:3258 com.android.server.inputmethod.InputMethodManagerService.showCurrentInputLocked:3231 com.android.server.inputmethod.InputMethodManagerService.showMySoftInput:4198 com.android.server.inputmethod.InputMethodManagerService.access$4100:189 
07-04 12:23:16.671 D/INSETS  ( 3836): else - Package Name ::  left : 0 right :: 0 top :: 0 bottom :: 0 dfu-right :: 1920 dfu-bottom :: 1080
07-04 12:23:16.676 D/INSETS  ( 3836): else - Package Name ::  left : 0 right :: 0 top :: 0 bottom :: 0 dfu-right :: 1920 dfu-bottom :: 1080
07-04 12:23:16.696 D/InputMethodManagerService( 3836): Top Package Name: in.startv.hotstar
07-04 12:23:16.697 W/ContextImpl( 3836): Calling a method in the system process without a qualified user: android.app.ContextImpl.sendBroadcast:1111 com.android.server.inputmethod.InputMethodManagerService.sendSoftInputVisibilityBroadcast:3258 com.android.server.inputmethod.InputMethodManagerService.showCurrentInputLocked:3231 com.android.server.inputmethod.InputMethodManagerService.showMySoftInput:4198 com.android.server.inputmethod.InputMethodManagerService.access$4100:189 
07-04 12:23:16.714 D/INSETS  ( 3836): else - Package Name ::  left : 0 right :: 0 top :: 0 bottom :: 0 dfu-right :: 1920 dfu-bottom :: 1080
07-04 12:23:16.715 D/INSETS  ( 3836): else - Package Name ::  left : 0 right :: 0 top :: 0 bottom :: 0 dfu-right :: 1920 dfu-bottom :: 1080
07-04 12:23:16.744 D/INSETS  ( 3836): else - Package Name ::  left : 0 right :: 0 top :: 0 bottom :: 0 dfu-right :: 1920 dfu-bottom :: 1080
07-04 12:23:16.745 D/INSETS  ( 3836): else - Package Name ::  left : 0 right :: 0 top :: 0 bottom :: 0 dfu-right :: 1920 dfu-bottom :: 1080
07-04 12:23:16.844 W/NotificationHistory( 3836): Attempted to add notif for locked/gone/disabled user 0
07-04 12:23:16.929 W/NotificationHistory( 3836): Attempted to add notif for locked/gone/disabled user 0
07-04 12:23:17.104 D/INSETS  ( 3836): else - Package Name ::  left : 0 right :: 0 top :: 0 bottom :: 0 dfu-right :: 1920 dfu-bottom :: 1080
07-04 12:23:17.104 D/INSETS  ( 3836): else - Package Name ::  left : 0 right :: 0 top :: 0 bottom :: 0 dfu-right :: 1920 dfu-bottom :: 1080
07-04 12:23:17.171 D/InputMethodManagerService( 3836): Top Package Name: in.startv.hotstar
07-04 12:23:17.172 W/ContextImpl( 3836): Calling a method in the system process without a qualified user: android.app.ContextImpl.sendBroadcast:1111 com.android.server.inputmethod.InputMethodManagerService.sendSoftInputVisibilityBroadcast:3258 com.android.server.inputmethod.InputMethodManagerService.showCurrentInputLocked:3231 com.android.server.inputmethod.InputMethodManagerService.attachNewInputLocked:2397 com.android.server.inputmethod.InputMethodManagerService.startInputUncheckedLocked:2503 
07-04 12:23:17.181 W/ContextImpl( 3836): Calling a method in the system process without a qualified user: android.app.ContextImpl.sendBroadcast:1111 com.android.server.inputmethod.InputMethodManagerService.sendSoftInputVisibilityBroadcast:3258 com.android.server.inputmethod.InputMethodManagerService.hideCurrentInputLocked:3330 com.android.server.inputmethod.InputMethodManagerService.hideMySoftInput:4180 com.android.server.inputmethod.InputMethodManagerService.access$4000:189 
07-04 12:23:17.211 D/INSETS  ( 3836): else - Package Name ::  left : 0 right :: 0 top :: 0 bottom :: 0 dfu-right :: 1920 dfu-bottom :: 1080
07-04 12:23:17.216 D/INSETS  ( 3836): else - Package Name ::  left : 0 right :: 0 top :: 0 bottom :: 0 dfu-right :: 1920 dfu-bottom :: 1080
07-04 12:23:17.362 D/INSETS  ( 3836): else - Package Name ::  left : 0 right :: 0 top :: 0 bottom :: 0 dfu-right :: 1920 dfu-bottom :: 1080
07-04 12:23:17.364 D/INSETS  ( 3836): else - Package Name ::  left : 0 right :: 0 top :: 0 bottom :: 0 dfu-right :: 1920 dfu-bottom :: 1080
07-04 12:23:17.597 D/INSETS  ( 3836): else - Package Name ::  left : 0 right :: 0 top :: 0 bottom :: 0 dfu-right :: 1920 dfu-bottom :: 1080
07-04 12:23:19.440 D/INSETS  ( 3836): else - Package Name ::  left : 0 right :: 0 top :: 0 bottom :: 0 dfu-right :: 1920 dfu-bottom :: 1080
07-04 12:23:19.985 D/INSETS  ( 3836): else - Package Name ::  left : 0 right :: 0 top :: 0 bottom :: 0 dfu-right :: 1920 dfu-bottom :: 1080
07-04 12:23:24.674 I/UsageStatsService( 3836): User[0] Flushing usage stats to disk
07-04 12:23:27.283 D/ConnectivityService( 3836): requestNetwork for uid/pid:10086/32384 NetworkRequest [ TRACK_DEFAULT id=64, [ Capabilities: INTERNET&NOT_RESTRICTED&TRUSTED Uid: 10086 AdministratorUids: [] RequestorUid: 10086 RequestorPackageName: in.startv.hotstar] ]
07-04 12:23:27.284 D/ConnectivityService( 3836): NetReassign [64 : null  100]
07-04 12:23:27.295 D/ConnectivityService( 3836): NetReassign [no changes]
07-04 12:23:27.410 D/CompatibilityChangeReporter( 3836): Compat change id reported: 135634846; UID 10086; state: DISABLED
07-04 12:23:27.411 D/CompatibilityChangeReporter( 3836): Compat change id reported: 143937733; UID 10086; state: ENABLED
07-04 12:23:27.488 W/ActivityManager( 3836): Slow operation: 84ms so far, now at startProcess: returned from zygote!
07-04 12:23:27.489 W/ActivityManager( 3836): Slow operation: 84ms so far, now at startProcess: done updating battery stats
07-04 12:23:27.493 W/ActivityManager( 3836): Slow operation: 88ms so far, now at startProcess: building log message
07-04 12:23:27.493 I/ActivityManager( 3836): Start proc 2456:com.android.webview:sandboxed_process0:org.chromium.content.app.SandboxedProcessService0:1/u0i9 for  {in.startv.hotstar/org.chromium.content.app.SandboxedProcessService0:1}
07-04 12:23:27.493 W/ActivityManager( 3836): Slow operation: 88ms so far, now at startProcess: starting to update pids map
07-04 12:23:27.493 W/ActivityManager( 3836): Slow operation: 89ms so far, now at startProcess: done updating pids map
07-04 12:23:27.891 D/CompatibilityChangeReporter( 3836): Compat change id reported: 136274596; UID 10086; state: ENABLED
07-04 12:23:27.905 W/ActivityManager( 3836): Slow operation: 61ms so far, now at attachApplicationLocked: after mServices.attachApplicationLocked
07-04 12:23:34.758 I/UsageStatsService( 3836): User[0] Flushing usage stats to disk
07-04 12:23:44.848 I/UsageStatsService( 3836): User[0] Flushing usage stats to disk
07-04 12:23:50.431 D/ConnectivityService( 3836): releasing NetworkRequest [ TRACK_DEFAULT id=64, [ Capabilities: INTERNET&NOT_RESTRICTED&TRUSTED Uid: 10086 AdministratorUids: [] RequestorUid: 10086 RequestorPackageName: in.startv.hotstar] ] (release request)
07-04 12:23:50.468 I/ActivityManager( 3836): Killing 2456:com.android.webview:sandboxed_process0:org.chromium.content.app.SandboxedProcessService0:1/u0a86i9 (adj 0): isolated not needed
07-04 12:23:54.933 I/UsageStatsService( 3836): User[0] Flushing usage stats to disk
07-04 12:24:05.014 I/chatty  ( 3836): uid=1000(system) android.bg identical 1 line
07-04 12:24:15.098 I/UsageStatsService( 3836): User[0] Flushing usage stats to disk
07-04 12:24:18.207 W/ActivityManager( 3836): Receiver with filter android.content.IntentFilter@453755e already registered for pid 5026, callerPackage is com.rjil.jiostbsetting
07-04 12:24:18.236 W/ContextImpl( 5026): Calling a method in the system process without a qualified user: android.app.ContextImpl.sendBroadcast:1111 android.content.ContextWrapper.sendBroadcast:468 com.rjil.jiostbsetting.service.EndlessService.ESNredirect:1604 com.rjil.jiostbsetting.service.EndlessService$mConnection$1$onServiceConnected$2.invokeSuspend:1207 kotlin.coroutines.jvm.internal.BaseContinuationImpl.resumeWith:33 
07-04 12:24:18.289 W/BroadcastQueue( 3836): Background execution not allowed: receiving Intent { act=com.netflix.ninja.intent.action.ESN_RESPONSE flg=0x10000010 (has extras) } to com.netflix.partnertoken/com.partner.padi.EsnReceiver
07-04 12:24:18.302 W/ContextImpl( 5026): Calling a method in the system process without a qualified user: android.app.ContextImpl.bindService:1748 android.content.ContextWrapper.bindService:756 com.jio.adc.core.b.d:56 com.jio.adc.core.b.b:13 com.jio.adc.core.b$c.run:7 
07-04 12:24:20.005 W/ContextImpl( 5026): Calling a method in the system process without a qualified user: android.app.ContextImpl.sendBroadcast:1111 android.content.ContextWrapper.sendBroadcast:468 com.rjil.jiostbsetting.utils.UtilsKt.getAllVolumeDetails:2230 com.rjil.jiostbsetting.service.EndlessService.getParameters$lambda-22:1166 com.rjil.jiostbsetting.service.EndlessService.$r8$lambda$rJsFG8XlIrKzvRVodgEZk__jDnM:0 
07-04 12:24:20.014 W/ContextImpl( 5026): Calling a method in the system process without a qualified user: android.app.ContextImpl.sendBroadcast:1111 android.content.ContextWrapper.sendBroadcast:468 com.rjil.jiostbsetting.utils.UtilsKt.sendUSBAttachDetachBroadcast:2259 com.rjil.jiostbsetting.service.EndlessService$CallbackListener.onParameterNotification:1327 com.rjil.jiostbsetting.dc.DCDataProvider.invokeCallback:107 
07-04 12:24:20.016 W/BroadcastQueue( 3836): Background execution not allowed: receiving Intent { act=com.rjil.jiostbsetting.UsbAttachDetach flg=0x30 (has extras) } to com.iwedia.ui.rjio.launcher.reliance/.profile.ExternalBroadcastReceiver
07-04 12:24:25.190 I/UsageStatsService( 3836): User[0] Flushing usage stats to disk
07-04 12:24:32.914 D/AutofillManagerService( 3836): onBackKeyPressed()
07-04 12:24:33.378 D/INSETS  ( 3836): else - Package Name ::  left : 0 right :: 0 top :: 0 bottom :: 0 dfu-right :: 1920 dfu-bottom :: 1080
07-04 12:24:35.277 I/UsageStatsService( 3836): User[0] Flushing usage stats to disk
07-04 12:24:45.358 I/chatty  ( 3836): uid=1000(system) android.bg identical 1 line
07-04 12:24:55.438 I/UsageStatsService( 3836): User[0] Flushing usage stats to disk
07-04 12:25:00.668 D/INSETS  ( 3836): else - Package Name ::  left : 0 right :: 0 top :: 0 bottom :: 0 dfu-right :: 1920 dfu-bottom :: 1080
07-04 12:25:01.979 D/AutofillManagerService( 3836): onBackKeyPressed()
07-04 12:25:02.263 D/INSETS  ( 3836): else - Package Name ::  left : 0 right :: 0 top :: 0 bottom :: 0 dfu-right :: 1920 dfu-bottom :: 1080
07-04 12:25:03.732 D/InputMethodManagerService( 3836): Top Package Name: in.startv.hotstar
07-04 12:25:03.738 W/ContextImpl( 3836): Calling a method in the system process without a qualified user: android.app.ContextImpl.sendBroadcast:1111 com.android.server.inputmethod.InputMethodManagerService.sendSoftInputVisibilityBroadcast:3258 com.android.server.inputmethod.InputMethodManagerService.showCurrentInputLocked:3231 com.android.server.inputmethod.InputMethodManagerService.showMySoftInput:4198 com.android.server.inputmethod.InputMethodManagerService.access$4100:189 
07-04 12:25:03.739 D/InputMethodManagerService( 3836): Top Package Name: in.startv.hotstar
07-04 12:25:03.742 W/ContextImpl( 3836): Calling a method in the system process without a qualified user: android.app.ContextImpl.sendBroadcast:1111 com.android.server.inputmethod.InputMethodManagerService.sendSoftInputVisibilityBroadcast:3258 com.android.server.inputmethod.InputMethodManagerService.showCurrentInputLocked:3231 com.android.server.inputmethod.InputMethodManagerService.showSoftInput:3153 com.android.internal.view.IInputMethodManager$Stub.onTransact:304 
07-04 12:25:03.743 W/ContextImpl( 3836): Calling a method in the system process without a qualified user: android.app.ContextImpl.sendBroadcast:1111 com.android.server.inputmethod.InputMethodManagerService.sendSoftInputVisibilityBroadcast:3258 com.android.server.inputmethod.InputMethodManagerService.hideCurrentInputLocked:3330 com.android.server.inputmethod.InputMethodManagerService.hideMySoftInput:4180 com.android.server.inputmethod.InputMethodManagerService.access$4000:189 
07-04 12:25:03.767 D/INSETS  ( 3836): else - Package Name ::  left : 0 right :: 0 top :: 0 bottom :: 0 dfu-right :: 1920 dfu-bottom :: 1080
07-04 12:25:03.770 I/chatty  ( 3836): uid=1000(system) Binder:3836_F identical 2 lines
07-04 12:25:03.771 D/INSETS  ( 3836): else - Package Name ::  left : 0 right :: 0 top :: 0 bottom :: 0 dfu-right :: 1920 dfu-bottom :: 1080
07-04 12:25:03.791 D/INSETS  ( 3836): else - Package Name ::  left : 0 right :: 0 top :: 0 bottom :: 0 dfu-right :: 1920 dfu-bottom :: 1080
07-04 12:25:03.795 I/chatty  ( 3836): uid=1000(system) android.anim identical 2 lines
07-04 12:25:03.796 D/INSETS  ( 3836): else - Package Name ::  left : 0 right :: 0 top :: 0 bottom :: 0 dfu-right :: 1920 dfu-bottom :: 1080
07-04 12:25:03.807 D/InputMethodManagerService( 3836): Top Package Name: in.startv.hotstar
