07-04 18:42:00.046 D/InputMethodManagerService( 3836): Top Package Name: in.startv.hotstar
07-04 18:42:00.046 W/ContextImpl( 3836): Calling a method in the system process without a qualified user: android.app.ContextImpl.sendBroadcast:1111 com.android.server.inputmethod.InputMethodManagerService.sendSoftInputVisibilityBroadcast:3258 com.android.server.inputmethod.InputMethodManagerService.showCurrentInputLocked:3231 com.android.server.inputmethod.InputMethodManagerService.showMySoftInput:4198 com.android.server.inputmethod.InputMethodManagerService.access$4100:189 
07-04 18:42:00.349 D/INSETS  ( 3836): else - Package Name ::  left : 0 right :: 0 top :: 0 bottom :: 0 dfu-right :: 1920 dfu-bottom :: 1080
07-04 18:42:00.349 D/INSETS  ( 3836): else - Package Name ::  left : 0 right :: 0 top :: 0 bottom :: 0 dfu-right :: 1920 dfu-bottom :: 1080
07-04 18:42:00.985 D/AutofillManagerService( 3836): onBackKeyPressed()
07-04 18:42:00.988 W/ContextImpl( 3836): Calling a method in the system process without a qualified user: android.app.ContextImpl.sendBroadcast:1111 com.android.server.inputmethod.InputMethodManagerService.sendSoftInputVisibilityBroadcast:3258 com.android.server.inputmethod.InputMethodManagerService.hideCurrentInputLocked:3330 com.android.server.inputmethod.InputMethodManagerService.hideMySoftInput:4180 com.android.server.inputmethod.InputMethodManagerService.access$4000:189 
07-04 18:42:00.998 D/INSETS  ( 3836): else - Package Name ::  left : 0 right :: 0 top :: 0 bottom :: 0 dfu-right :: 1920 dfu-bottom :: 1080
07-04 18:42:00.999 D/INSETS  ( 3836): else - Package Name ::  left : 0 right :: 0 top :: 0 bottom :: 0 dfu-right :: 1920 dfu-bottom :: 1080
07-04 18:42:01.010 D/INSETS  ( 3836): else - Package Name ::  left : 0 right :: 0 top :: 0 bottom :: 0 dfu-right :: 1920 dfu-bottom :: 1080
07-04 18:42:01.011 D/INSETS  ( 3836): else - Package Name ::  left : 0 right :: 0 top :: 0 bottom :: 0 dfu-right :: 1920 dfu-bottom :: 1080
07-04 18:42:01.028 D/INSETS  ( 3836): else - Package Name ::  left : 0 right :: 0 top :: 0 bottom :: 0 dfu-right :: 1920 dfu-bottom :: 1080
07-04 18:42:01.028 D/INSETS  ( 3836): else - Package Name ::  left : 0 right :: 0 top :: 0 bottom :: 0 dfu-right :: 1920 dfu-bottom :: 1080
07-04 18:42:01.227 D/INSETS  ( 3836): else - Package Name ::  left : 0 right :: 0 top :: 0 bottom :: 0 dfu-right :: 1920 dfu-bottom :: 1080
07-04 18:42:01.618 W/[33572.071866@0]- RTW(    0): fill_default_txdesc(wlan0): SP Packet(0x0806) rate=0x4 SeqNum = 3065
07-04 18:42:01.704 W/[33572.158794@2]- RTW(    0): fill_default_txdesc(wlan0): SP Packet(0x0806) rate=0x4 SeqNum = 3076
07-04 18:42:03.072 D/InputMethodManagerService( 3836): Top Package Name: in.startv.hotstar
07-04 18:42:03.081 W/ContextImpl( 3836): Calling a method in the system process without a qualified user: android.app.ContextImpl.sendBroadcast:1111 com.android.server.inputmethod.InputMethodManagerService.sendSoftInputVisibilityBroadcast:3258 com.android.server.inputmethod.InputMethodManagerService.showCurrentInputLocked:3231 com.android.server.inputmethod.InputMethodManagerService.showMySoftInput:4198 com.android.server.inputmethod.InputMethodManagerService.access$4100:189 
07-04 18:42:03.085 W/ContextImpl( 3836): Calling a method in the system process without a qualified user: android.app.ContextImpl.sendBroadcast:1111 com.android.server.inputmethod.InputMethodManagerService.sendSoftInputVisibilityBroadcast:3258 com.android.server.inputmethod.InputMethodManagerService.hideCurrentInputLocked:3330 com.android.server.inputmethod.InputMethodManagerService.hideSoftInput:3290 com.android.internal.view.IInputMethodManager$Stub.onTransact:325 
07-04 18:42:03.097 W/ContextImpl( 3836): Calling a method in the system process without a qualified user: android.app.ContextImpl.sendBroadcast:1111 com.android.server.inputmethod.InputMethodManagerService.sendSoftInputVisibilityBroadcast:3258 com.android.server.inputmethod.InputMethodManagerService.hideCurrentInputLocked:3330 com.android.server.inputmethod.InputMethodManagerService.hideSoftInput:3290 com.android.internal.view.IInputMethodManager$Stub.onTransact:325 
07-04 18:42:03.101 D/InputMethodManagerService( 3836): Top Package Name: in.startv.hotstar
07-04 18:42:03.105 W/ContextImpl( 3836): Calling a method in the system process without a qualified user: android.app.ContextImpl.sendBroadcast:1111 com.android.server.inputmethod.InputMethodManagerService.sendSoftInputVisibilityBroadcast:3258 com.android.server.inputmethod.InputMethodManagerService.showCurrentInputLocked:3231 com.android.server.inputmethod.InputMethodManagerService.showMySoftInput:4198 com.android.server.inputmethod.InputMethodManagerService.access$4100:189 
07-04 18:42:03.114 D/INSETS  ( 3836): else - Package Name ::  left : 0 right :: 0 top :: 0 bottom :: 0 dfu-right :: 1920 dfu-bottom :: 1080
07-04 18:42:03.125 W/ContextImpl( 3836): Calling a method in the system process without a qualified user: android.app.ContextImpl.sendBroadcast:1111 com.android.server.inputmethod.InputMethodManagerService.sendSoftInputVisibilityBroadcast:3258 com.android.server.inputmethod.InputMethodManagerService.hideCurrentInputLocked:3330 com.android.server.inputmethod.InputMethodManagerService.hideSoftInput:3290 com.android.internal.view.IInputMethodManager$Stub.onTransact:325 
07-04 18:42:03.161 D/InputMethodManagerService( 3836): Top Package Name: in.startv.hotstar
07-04 18:42:03.174 W/ContextImpl( 3836): Calling a method in the system process without a qualified user: android.app.ContextImpl.sendBroadcast:1111 com.android.server.inputmethod.InputMethodManagerService.sendSoftInputVisibilityBroadcast:3258 com.android.server.inputmethod.InputMethodManagerService.showCurrentInputLocked:3231 com.android.server.inputmethod.InputMethodManagerService.showMySoftInput:4198 com.android.server.inputmethod.InputMethodManagerService.access$4100:189 
07-04 18:42:03.220 D/INSETS  ( 3836): else - Package Name ::  left : 0 right :: 0 top :: 0 bottom :: 0 dfu-right :: 1920 dfu-bottom :: 1080
07-04 18:42:03.261 D/INSETS  ( 3836): else - Package Name ::  left : 0 right :: 0 top :: 0 bottom :: 0 dfu-right :: 1920 dfu-bottom :: 1080
07-04 18:42:03.261 D/INSETS  ( 3836): else - Package Name ::  left : 0 right :: 0 top :: 0 bottom :: 0 dfu-right :: 1920 dfu-bottom :: 1080
07-04 18:42:03.276 D/INSETS  ( 3836): else - Package Name ::  left : 0 right :: 0 top :: 0 bottom :: 0 dfu-right :: 1920 dfu-bottom :: 1080
07-04 18:42:03.276 D/INSETS  ( 3836): else - Package Name ::  left : 0 right :: 0 top :: 0 bottom :: 0 dfu-right :: 1920 dfu-bottom :: 1080
07-04 18:42:03.280 D/InputMethodManagerService( 3836): Top Package Name: in.startv.hotstar
07-04 18:42:03.281 W/ContextImpl( 3836): Calling a method in the system process without a qualified user: android.app.ContextImpl.sendBroadcast:1111 com.android.server.inputmethod.InputMethodManagerService.sendSoftInputVisibilityBroadcast:3258 com.android.server.inputmethod.InputMethodManagerService.showCurrentInputLocked:3231 com.android.server.inputmethod.InputMethodManagerService.showMySoftInput:4198 com.android.server.inputmethod.InputMethodManagerService.access$4100:189 
07-04 18:42:03.304 W/NotificationHistory( 3836): Attempted to add notif for locked/gone/disabled user 0
07-04 18:42:03.464 D/InputMethodManagerService( 3836): Top Package Name: in.startv.hotstar
07-04 18:42:03.465 W/ContextImpl( 3836): Calling a method in the system process without a qualified user: android.app.ContextImpl.sendBroadcast:1111 com.android.server.inputmethod.InputMethodManagerService.sendSoftInputVisibilityBroadcast:3258 com.android.server.inputmethod.InputMethodManagerService.showCurrentInputLocked:3231 com.android.server.inputmethod.InputMethodManagerService.showMySoftInput:4198 com.android.server.inputmethod.InputMethodManagerService.access$4100:189 
07-04 18:42:03.481 D/InputMethodManagerService( 3836): Top Package Name: in.startv.hotstar
07-04 18:42:03.483 D/INSETS  ( 3836): else - Package Name ::  left : 0 right :: 0 top :: 0 bottom :: 0 dfu-right :: 1920 dfu-bottom :: 1080
07-04 18:42:03.491 I/chatty  ( 3836): uid=1000(system) android.display identical 2 lines
07-04 18:42:03.492 D/INSETS  ( 3836): else - Package Name ::  left : 0 right :: 0 top :: 0 bottom :: 0 dfu-right :: 1920 dfu-bottom :: 1080
07-04 18:42:03.499 W/ContextImpl( 3836): Calling a method in the system process without a qualified user: android.app.ContextImpl.sendBroadcast:1111 com.android.server.inputmethod.InputMethodManagerService.sendSoftInputVisibilityBroadcast:3258 com.android.server.inputmethod.InputMethodManagerService.showCurrentInputLocked:3231 com.android.server.inputmethod.InputMethodManagerService.showMySoftInput:4198 com.android.server.inputmethod.InputMethodManagerService.access$4100:189 
07-04 18:42:03.506 D/INSETS  ( 3836): else - Package Name ::  left : 0 right :: 0 top :: 0 bottom :: 0 dfu-right :: 1920 dfu-bottom :: 1080
07-04 18:42:03.506 D/INSETS  ( 3836): else - Package Name ::  left : 0 right :: 0 top :: 0 bottom :: 0 dfu-right :: 1920 dfu-bottom :: 1080
07-04 18:42:03.580 D/INSETS  ( 3836): else - Package Name ::  left : 0 right :: 0 top :: 0 bottom :: 0 dfu-right :: 1920 dfu-bottom :: 1080
07-04 18:42:03.581 D/INSETS  ( 3836): else - Package Name ::  left : 0 right :: 0 top :: 0 bottom :: 0 dfu-right :: 1920 dfu-bottom :: 1080
07-04 18:42:03.613 D/InputMethodManagerService( 3836): Top Package Name: in.startv.hotstar
07-04 18:42:03.614 W/ContextImpl( 3836): Calling a method in the system process without a qualified user: android.app.ContextImpl.sendBroadcast:1111 com.android.server.inputmethod.InputMethodManagerService.sendSoftInputVisibilityBroadcast:3258 com.android.server.inputmethod.InputMethodManagerService.showCurrentInputLocked:3231 com.android.server.inputmethod.InputMethodManagerService.showMySoftInput:4198 com.android.server.inputmethod.InputMethodManagerService.access$4100:189 
07-04 18:42:03.622 D/INSETS  ( 3836): else - Package Name ::  left : 0 right :: 0 top :: 0 bottom :: 0 dfu-right :: 1920 dfu-bottom :: 1080
07-04 18:42:03.623 D/INSETS  ( 3836): else - Package Name ::  left : 0 right :: 0 top :: 0 bottom :: 0 dfu-right :: 1920 dfu-bottom :: 1080
07-04 18:42:03.656 D/INSETS  ( 3836): else - Package Name ::  left : 0 right :: 0 top :: 0 bottom :: 0 dfu-right :: 1920 dfu-bottom :: 1080
07-04 18:42:03.656 D/INSETS  ( 3836): else - Package Name ::  left : 0 right :: 0 top :: 0 bottom :: 0 dfu-right :: 1920 dfu-bottom :: 1080
07-04 18:42:03.680 W/NotificationHistory( 3836): Attempted to add notif for locked/gone/disabled user 0
07-04 18:42:06.734 W/[33577.187735@1]- RTW(    0): fill_default_txdesc(wlan0): SP Packet(0x0806) rate=0x4 SeqNum = 3548
07-04 18:42:03.820 W/NotificationHistory( 3836): Attempted to add notif for locked/gone/disabled user 0
07-04 18:42:07.810 I/UsageStatsService( 3836): User[0] Flushing usage stats to disk
07-04 18:42:09.278 I/[33579.733429@0]- resman(    0): 242 appname:OMX-207, type=0
07-04 18:42:09.394 I/[33579.847617@3]- resman(    0): 242 acquire [codec_mm], preempt yes
07-04 18:42:09.394 I/[33579.847627@3]- resman(    0): 242 score 60 secure no
07-04 18:42:09.394 I/[33579.847633@3]- resman(    0): 242 acquire [codec_mm] success
07-04 18:42:09.394 D/        (    0): [33579.847702@3]- the demux           clock on, ref cnt: 2
07-04 18:42:09.394 D/        (    0): [33579.847708@3]- the parser_top      clock on, ref cnt: 2
07-04 18:42:09.394 D/        (    0): [33579.847718@3]- the vdec            clock on, ref cnt: 1
07-04 18:42:09.394 D/        (    0): [33579.847740@3]- the clk_vdec_mux    clock on, ref cnt: 1
07-04 18:42:09.394 D/        (    0): [33579.847774@3]- vdec mux clock is 499999992 Hz
07-04 18:42:09.394 D/        (    0): [33579.847853@3]- vdec_create instance 0000000044f4c915, total 1, PM: legacy
07-04 18:42:09.394 D/        (    0): [33579.847894@3]- no drmmode
07-04 18:42:09.394 I/        (    0): [33579.847954@3]- is_reset=0
07-04 18:42:09.394 I/        (    0): [33579.847982@3]- vdec_init, dev_name:ammvdec_h264, vdec_type=VDEC_TYPE_FRAME_BLOCK  id = 0
07-04 18:42:09.394 D/        (    0): [33579.850417@3]- ammvdec_h264_mmu_init tvp = 0x0 mmu_enable 0
07-04 18:42:09.394 D/        (    0): [33579.850424@3]- decoder_bmmu_box_alloc_box, tvp_flags = 0
07-04 18:42:09.395 D/[33579.850444@3]- 0(    0): ammvdec_h264_probe mmu_enable 0 double_write_mode 0x10
07-04 18:42:09.406 D/[33579.857801@2]- 0(    0): ammvdec_h264 mem-addr=0,buff_offset=56f10000,buf_start=56f00000
07-04 18:42:09.406 D/        (    0): [33579.857843@2]- vdec mux clock is 666666656 Hz
07-04 18:42:09.406 D/        (    0): [33579.857848@2]- vdec1 video changed to 3840 x 2160 60 fps clk->667MHZ
07-04 18:42:09.406 W/        (    0): [33579.857854@2]- H264 sysinfo: 1920x1080 duration=3200, pts_outside=1
07-04 18:42:09.406 D/        (    0): [33579.857858@2]- sync_outside=0, use_idr_framerate=0, is_used_v4l: 0
07-04 18:42:09.406 I/        (    0): [33579.857930@2]- [TEE], the fw (h264_multi) will be loaded.
07-04 18:42:09.406 D/        (    0): [33579.858808@1]- vh264_init, phy_addr=74475000 vaddr=000000007d4debc3
07-04 18:42:09.407 D/        (    0): [33579.862413@1]- vfm map vdec-map-0 created
07-04 18:42:09.407 I/[33579.862436@1]- dim(    0): ch[1]:di_receiver_event_fun,8:_REG
07-04 18:42:09.407 I/[33579.862441@1]- dim(    0): reg:vdec.h264.00[2117]
07-04 18:42:09.407 I/[33579.863000@1]- dim(    0): reg:use[0]ms
07-04 18:42:09.407 E/[33579.863027@1]- reg(    0): v4lvideo
07-04 18:42:09.407 I/[33579.863036@1]- dim(    0): ch[1]:di_receiver_event_fun,3:_START
07-04 18:42:09.407 D/        (    0): [33579.863044@1]- vdec_init, vf_provider_name = vdec.h264.00, b 0
07-04 18:42:09.410 I/        (    0): [33579.864764@1]- vdec->port_flag=0x102, port_flag=0x10b
07-04 18:42:09.413 D/[33579.867764@1]- v4lvid(    0): dbg: v4lvideo open
07-04 18:42:09.486 D/[33579.940276@1]- 0(    0): AV_SCRATCH_1 = 841fe078, AV_SCRATCH_2 1a023
07-04 18:42:09.486 D/[33579.940330@1]- 0(    0): chroma_format_idc = 1 frame_mbs_only_flag 1, crop_bottom 8,  frame_height 1080,
07-04 18:42:09.487 D/[33579.940335@1]- 0(    0): mb_height 68,crop_right 0, frame_width 1920, mb_width 120
07-04 18:42:09.487 D/[33579.940340@1]- 0(    0): level_idc = 40 pic_size = 3133440 size = 4
07-04 18:42:09.487 D/[33579.940345@1]- 0(    0): mb height/widht/total: 44/78/1fe0 level_idc 28 max_ref_num 4
07-04 18:42:09.487 D/[33579.940351@1]- 0(    0): restriction_flag=1, max_dec_frame_buffering=4, dec_dpb_size=6 num_reorder_frames 2 used_reorder_dpb_size_margin 9
07-04 18:42:09.487 D/[33579.940356@1]- 0(    0): vh264_set_params active_buf_spec_num 15 dec_dpb_size 6 collocate_buf_num 8
07-04 18:42:09.550 W/[33580.005571@1]- RTW(    0): Turbo EDCA =0x431c
07-04 18:42:09.554 D/[33580.009780@3]- 0(    0): num_ref_frames change from 0 to 4
07-04 18:42:09.577 I/[33580.017238@0]- dim(    0): value reg:ch[1]:fix_buf:0;ponly <0,0>
07-04 18:42:09.594 I/[33580.017256@0]- dim(    0): di_cnt_i_buf1:tvp:0
07-04 18:42:09.594 I/[33580.017850@3]- v4lvideo(    0): provider name: vdec.h264.00
07-04 18:42:09.594 D/[33580.045739@0]- dimh_patch_post_update_mc_sw(    0): 0x0->0x2
07-04 18:42:09.594 I/[33580.045869@0]- dim(    0): ch[1]:reg:mem cfg[8][5][3]
07-04 18:42:09.594 D/        (    0): [33580.046409@3]- cal_dur_from_pts vstatus 3840 dur3600 -> 3840, revised 3840
07-04 18:42:09.594 I/[33580.046503@0]- dim(    0): pre cfg:ch[1]:33279948ms 1th source change:
07-04 18:42:09.594 I/[33580.046509@0]- dim(    0): source change:0x0/0/0/0=>0x8009/1920/1080/0
07-04 18:42:09.594 D/[33580.046533@0]- dimh_patch_post_update_mc_sw(    0): 0x2->0x3
07-04 18:42:09.594 I/[33580.046664@3]- vframe_rate_uevent(    0): sent uevent FRAME_RATE_HINT=3840
07-04 18:42:09.666 I/[33580.122222@0]- VID(    0): VD1 off
07-04 18:42:09.666 I/[33580.122446@0]- vc(    0): [0]vc: set enable index=0, val=1
07-04 18:42:09.666 I/        (    0): [33580.122460@0]- dev->index =0, val=2
07-04 18:42:09.666 I/[33580.122466@0]- VID(    0): VD1 off
07-04 18:42:09.666 I/[33580.122473@0]- VID(    0): VD1 set global output as 1
07-04 18:42:09.666 I/[33580.122512@0]- VID(    0): store VD0 path_id changed -1->2
07-04 18:42:09.666 I/[33580.122548@0]- vc(    0): [0]sideband_type =-1
07-04 18:42:09.914 W/[33580.368454@1]- audit(    0): audit_lost=13480 audit_rate_limit=5 audit_backlog_limit=64
07-04 18:42:09.915 E/[33580.368466@1]- audit(    0): rate limit exceeded
07-04 18:42:10.002 D/ActivityManager( 3836): Killed process: com.android.tv.settings
07-04 18:42:10.002 I/ActivityManager( 3836): Process com.android.tv.settings (pid 14899) has died: cch+75 SVC 
07-04 18:42:10.004 W/ActivityManager( 3836): Scheduling restart of crashed service com.android.tv.settings/.users.UserSwitchListenerService in 1000ms for start-requested
07-04 18:42:10.127 E/[33580.579211@2]- binder_alloc(    0): 5329: binder_alloc_buf, no vma
07-04 18:42:10.127 I/[33580.579229@2]- binder(    0): 3836:6117 transaction failed 29189/-3, size 84-0 line 3272
07-04 18:42:10.166 D/InputMethodManagerService( 3836): Top Package Name: in.startv.hotstar
07-04 18:42:10.170 W/ContextImpl( 3836): Calling a method in the system process without a qualified user: android.app.ContextImpl.sendBroadcast:1111 com.android.server.inputmethod.InputMethodManagerService.sendSoftInputVisibilityBroadcast:3258 com.android.server.inputmethod.InputMethodManagerService.showCurrentInputLocked:3231 com.android.server.inputmethod.InputMethodManagerService.attachNewInputLocked:2397 com.android.server.inputmethod.InputMethodManagerService.startInputUncheckedLocked:2503 
07-04 18:42:10.194 W/Looper  ( 3836): Slow dispatch took 140ms android.ui h=com.android.server.am.ActivityManagerService$UiHandler c=null m=31
07-04 18:42:10.195 D/ActivityManager( 3836): Killed process: com.android.providers.calendar
07-04 18:42:10.195 I/ActivityManager( 3836): Process com.android.providers.calendar (pid 2701) has died: cch+65 CEM 
07-04 18:42:10.201 D/ActivityManager( 3836): Killed process: com.media.jio.sso.stb
07-04 18:42:10.201 I/ActivityManager( 3836): Process com.media.jio.sso.stb (pid 5329) has died: cch+55 CEM 
07-04 18:42:10.215 W/ActivityManager( 3836): setHasOverlayUi called on unknown pid: 5329
07-04 18:42:10.240 W/ContextImpl( 3836): Calling a method in the system process without a qualified user: android.app.ContextImpl.sendBroadcast:1111 com.android.server.inputmethod.InputMethodManagerService.sendSoftInputVisibilityBroadcast:3258 com.android.server.inputmethod.InputMethodManagerService.hideCurrentInputLocked:3330 com.android.server.inputmethod.InputMethodManagerService.hideMySoftInput:4180 com.android.server.inputmethod.InputMethodManagerService.access$4000:189 
07-04 18:42:10.289 D/ActivityManager( 3836): Killed process: com.jio.jiopay
07-04 18:42:10.289 I/ActivityManager( 3836): Process com.jio.jiopay (pid 5164) has died: cch+45 CEM 
07-04 18:42:10.301 W/ActivityManager( 3836): setHasOverlayUi called on unknown pid: 5164
07-04 18:42:10.332 D/INSETS  ( 3836): else - Package Name ::  left : 0 right :: 0 top :: 0 bottom :: 0 dfu-right :: 1920 dfu-bottom :: 1080
07-04 18:42:10.333 D/INSETS  ( 3836): else - Package Name ::  left : 0 right :: 0 top :: 0 bottom :: 0 dfu-right :: 1920 dfu-bottom :: 1080
07-04 18:42:10.398 D/INSETS  ( 3836): else - Package Name ::  left : 0 right :: 0 top :: 0 bottom :: 0 dfu-right :: 1920 dfu-bottom :: 1080
07-04 18:42:10.399 D/INSETS  ( 3836): else - Package Name ::  left : 0 right :: 0 top :: 0 bottom :: 0 dfu-right :: 1920 dfu-bottom :: 1080
07-04 18:42:10.658 D/INSETS  ( 3836): else - Package Name ::  left : 0 right :: 0 top :: 0 bottom :: 0 dfu-right :: 1920 dfu-bottom :: 1080
07-04 18:42:11.008 D/CompatibilityChangeReporter( 3836): Compat change id reported: 135634846; UID 1000; state: DISABLED
07-04 18:42:11.056 I/ActivityManager( 3836): Start proc 21128:com.android.tv.settings/1000 for service {com.android.tv.settings/com.android.tv.settings.users.UserSwitchListenerService}
07-04 18:42:11.838 W/[33582.291132@2]- RTW(    0): fill_default_txdesc(wlan0): SP Packet(0x0806) rate=0x4 SeqNum = 719
07-04 18:42:12.719 W/[33583.171593@0]- RTW(    0): fill_default_txdesc(wlan0): SP Packet(0x0806) rate=0x4 SeqNum = 752
07-04 18:42:13.577 W/[33584.031270@3]- RTW(    0): Turbo EDCA =0x5ea42b
07-04 18:42:16.952 W/[33587.407354@1]- RTW(    0): fill_default_txdesc(wlan0): SP Packet(0x0806) rate=0x4 SeqNum = 1360
07-04 18:42:17.610 W/[33588.063069@3]- RTW(    0): Turbo EDCA =0x431c
07-04 18:42:17.906 I/UsageStatsService( 3836): User[0] Flushing usage stats to disk
07-04 18:42:19.626 W/[33590.081754@0]- RTW(    0): Turbo EDCA =0x5ea42b
--------- beginning of main
07-04 18:42:20.893 W/ExoPlayerImpl(18179): seekTo ignored because an ad is playing
07-04 18:42:20.914 W/ExoPlayerImpl(18179): seekTo ignored because an ad is playing
07-04 18:42:20.922 W/ExoPlayerImpl(18179): seekTo ignored because an ad is playing
07-04 18:42:20.963 W/ExoPlayerImpl(18179): seekTo ignored because an ad is playing
07-04 18:42:20.964 I/ThermalService( 4174): CPU temperatures: [65.600006]
07-04 18:42:20.965 W/ExoPlayerImpl(18179): seekTo ignored because an ad is playing
07-04 18:42:20.974 I/chatty  ( 3587): uid=1002(bluetooth) POSIX timer 7 expire 12 lines
07-04 18:42:21.062 W/[33591.518098@0]- RTW(    0): cfg80211_rtw_scan(wlan0)
07-04 18:42:21.062 W/[33591.518135@0]- RTW(    0): WARN cfg80211_rtw_scan (wlan0) : scan abort!! BusyTraffic
07-04 18:42:21.098 W/[33591.531967@0]- RTW(    0): fill_default_txdesc(wlan0): SP Packet(0x0806) rate=0x4 SeqNum = 1696
07-04 18:42:21.096 I/chatty  ( 3836): uid=1000(system) android.fg expire 1 line
07-04 18:42:21.102 I/JioBackgroundSchedulerService( 6580): Check schedule  
07-04 18:42:21.322 I/chatty  ( 3738): uid=1046(mediacodec) omx@1.0-service expire 4 lines
07-04 18:42:21.374 E/ocessService0:( 5631): failed to create Unix domain socket: Operation not permitted
07-04 18:42:21.484 I/.startv.hotsta(18179): oneway function results will be dropped but finished with status OK and parcel size 4
07-04 18:42:21.486 I/e.swalekh.abct( 4520): oneway function results will be dropped but finished with status OK and parcel size 4
07-04 18:42:21.496 D/JioAppOptimizer( 4842): AppOptimizerService :: handleMessage()
07-04 18:42:21.498 I/chatty  ( 7385): uid=1000(system) RxComputationTh expire 20 lines
07-04 18:42:21.501 D/JioAppOptimizer( 4842): AppOptimizerService :: handleMessage() : Foreground Package=in.startv.hotstar
07-04 18:42:21.501 D/JioAppOptimizer( 4842): AppOptimizerService :: handleMessage() : Free memory available in MB : 345.58203125
07-04 18:42:21.502 D/JioAppOptimizer( 4842): AppOptimizerService :: handleMessage() : checkAndRemoveBackgroundApps()
07-04 18:42:21.502 D/JioAppOptimizer( 4842): AppOptimizerService :: checkAndRemoveBackgroundApps()
07-04 18:42:22.470 I/thermal2( 3635): Sending notification:  Type: CPU Name: soc_thermal CurrentValue: 63.3 ThrottlingStatus: NONE
07-04 18:42:22.576 I/chatty  ( 3738): uid=1046(mediacodec) omx@1.0-service expire 42 lines
07-04 18:42:22.594 I/        (    0): [33593.050047@3]- is_reset=1
07-04 18:42:22.594 I/[33593.050464@3]- vframe_rate_uevent(    0): sent uevent FRAME_RATE_HINT=0
07-04 18:42:22.598 I/[33593.051993@1]- dim(    0): ch[1]:di_receiver_event_fun,1:_UNREG
07-04 18:42:22.598 E/[33593.052007@1]- unreg(    0): v4lvideo
07-04 18:42:22.614 I/[33593.066783@2]- dim(    0): unreg:2keep[8], msk:[0x9190d,0x0]
07-04 18:42:22.614 I/[33593.066799@2]- dim(    0): bufq_ndis_unreg:used 2 idle 4
07-04 18:42:22.614 I/[33593.066804@2]- dim(    0): bufq_ndis_unreg:used 2 idle 1
07-04 18:42:22.614 D/[33593.066810@2]- dimh_patch_post_update_mc_sw(    0): 0x3->0x0
07-04 18:42:22.622 I/[33593.078299@1]- dim(    0): unreg:use[26]ms
07-04 18:42:22.622 D/        (    0): [33593.078329@1]- vdec_disable_DMC input->target= 0x0
07-04 18:42:22.622 D/[33593.078444@1]- 0(    0): vh264_stop
07-04 18:42:22.626 D/        (    0): [33593.081800@1]- vdec_release instance 0000000044f4c915, total 1 id = 0
07-04 18:42:22.626 D/        (    0): [33593.081993@1]- the clk_vdec_mux    clock off, ref cnt: 0
07-04 18:42:22.626 D/        (    0): [33593.082004@1]- the vdec            clock off, ref cnt: 0
07-04 18:42:22.626 D/        (    0): [33593.082008@1]- the parser_top      clock off, ref cnt: 1
07-04 18:42:22.626 D/        (    0): [33593.082012@1]- the demux           clock off, ref cnt: 1
07-04 18:42:22.626 D/        (    0): [33593.082151@1]- the demux           clock on, ref cnt: 2
07-04 18:42:22.626 D/        (    0): [33593.082175@1]- the parser_top      clock on, ref cnt: 2
07-04 18:42:22.626 D/        (    0): [33593.082182@1]- the vdec            clock on, ref cnt: 1
07-04 18:42:22.626 D/        (    0): [33593.082201@1]- the clk_vdec_mux    clock on, ref cnt: 1
07-04 18:42:22.626 D/        (    0): [33593.082231@1]- vdec mux clock is 499999992 Hz
07-04 18:42:22.626 D/        (    0): [33593.082330@1]- vdec_create instance 0000000044d8e30f, total 1, PM: legacy
07-04 18:42:22.626 D/        (    0): [33593.082365@1]- no drmmode
07-04 18:42:22.626 I/        (    0): [33593.082418@1]- is_reset=1
07-04 18:42:22.626 I/        (    0): [33593.082444@1]- vdec_init, dev_name:ammvdec_h264, vdec_type=VDEC_TYPE_FRAME_BLOCK  id = 0
07-04 18:42:22.627 D/        (    0): [33593.083558@1]- ammvdec_h264_mmu_init tvp = 0x0 mmu_enable 0
07-04 18:42:22.627 D/        (    0): [33593.083566@1]- decoder_bmmu_box_alloc_box, tvp_flags = 0
07-04 18:42:22.627 D/[33593.083608@1]- 0(    0): ammvdec_h264_probe mmu_enable 0 double_write_mode 0x10
07-04 18:42:22.630 D/[33593.084831@0]- 0(    0): ammvdec_h264 mem-addr=0,buff_offset=56f10000,buf_start=56f00000
07-04 18:42:22.630 D/        (    0): [33593.084873@0]- vdec mux clock is 666666656 Hz
07-04 18:42:22.630 D/        (    0): [33593.084878@0]- vdec1 video changed to 3840 x 2160 60 fps clk->667MHZ
07-04 18:42:22.630 W/        (    0): [33593.084884@0]- H264 sysinfo: 1920x1080 duration=3200, pts_outside=1
07-04 18:42:22.630 D/        (    0): [33593.084888@0]- sync_outside=0, use_idr_framerate=0, is_used_v4l: 0
07-04 18:42:22.630 I/        (    0): [33593.085046@0]- [TEE], the fw (h264_multi) will be loaded.
07-04 18:42:22.630 D/        (    0): [33593.086967@3]- vh264_init, phy_addr=74475000 vaddr=00000000cea7959b
07-04 18:42:22.634 D/        (    0): [33593.087084@3]- vfm map vdec-map-0 created
07-04 18:42:22.634 I/[33593.087104@3]- dim(    0): ch[1]:di_receiver_event_fun,8:_REG
07-04 18:42:22.634 I/[33593.087109@3]- dim(    0): reg:vdec.h264.00[2118]
07-04 18:42:22.634 I/[33593.087803@3]- dim(    0): reg:use[0]ms
07-04 18:42:22.634 E/[33593.087829@3]- reg(    0): v4lvideo
07-04 18:42:22.634 I/[33593.087838@3]- dim(    0): ch[1]:di_receiver_event_fun,3:_START
07-04 18:42:22.634 D/        (    0): [33593.087843@3]- vdec_init, vf_provider_name = vdec.h264.00, b 0
07-04 18:42:22.637 I/chatty  ( 3738): uid=1046(mediacodec) omx@1.0-service expire 2 lines
07-04 18:42:22.639 I/        (    0): [33593.092357@2]- vdec->port_flag=0x102, port_flag=0x10b
07-04 18:42:22.639 I/        (    0): [33593.092474@2]- is_reset=0
07-04 18:42:22.641 D/CCodecBuffers(18179): [c2.android.aac.decoder#976:1D-Output.Impl[N]] Client returned a buffer it does not own according to our record: 0
07-04 18:42:22.641 D/CCodecBuffers(18179): [c2.android.aac.decoder#976:1D-Output.Impl[N]] Client returned a buffer it does not own according to our record: 1
07-04 18:42:22.641 D/CCodecBuffers(18179): [c2.android.aac.decoder#976:1D-Output.Impl[N]] Client returned a buffer it does not own according to our record: 2
07-04 18:42:22.641 D/CCodecBuffers(18179): [c2.android.aac.decoder#976:1D-Output.Impl[N]] Client returned a buffer it does not own according to our record: 3
07-04 18:42:22.641 I/CCodecConfig(18179): query failed after returning 19 values (BAD_INDEX)
07-04 18:42:22.642 D/CCodecConfig(18179): c2 config diff is   c2::i32 coding.drc.compression-mode.value = 3
07-04 18:42:22.644 W/Codec2Client(18179): query -- param skipped: index = 1342179345.
07-04 18:42:22.644 W/Codec2Client(18179): query -- param skipped: index = 2415921170.
07-04 18:42:22.644 W/Codec2Client(18179): query -- param skipped: index = 1610614798.
07-04 18:42:22.647 D/DefaultHlsPlaylistTrackerFactory(18179): playlistStuckTargetDurationCoefficient is set to 3.5
07-04 18:42:22.731 D/TimestampAdjuster(18179): Providing adjuster for mimeType  disc: 0 useAudioTimestampAdjuster false
07-04 18:42:22.737 D/BasicMediaStatusFactory(18179): Supported media session actions: 2359815
07-04 18:42:22.739 D/BasicMediaStatusFactory(18179): Supported media session actions: 2359815
07-04 18:42:22.762 I/chatty  ( 3836): uid=1000(system) Binder:3836_9 expire 20 lines
07-04 18:42:22.762 W/APM::AudioPolicyEngine( 3665): getDevicesForStrategy() unknown strategy: -1
07-04 18:42:22.763 W/APM::AudioPolicyEngine( 3665): getDevicesForStrategy() unknown strategy: -1
07-04 18:42:22.784 D/BasicMediaStatusFactory(18179): Supported media session actions: 2359815
07-04 18:42:22.790 I/        (    0): [33593.245710@3]- is_reset=1
07-04 18:42:22.790 I/[33593.246039@3]- vframe_rate_uevent(    0): sent uevent FRAME_RATE_HINT=0
07-04 18:42:22.790 I/[33593.246097@3]- dim(    0): ch[1]:di_receiver_event_fun,1:_UNREG
07-04 18:42:22.790 E/[33593.246109@3]- unreg(    0): v4lvideo
07-04 18:42:22.790 I/[33593.246673@1]- dim(    0): unreg:use[0]ms
07-04 18:42:22.790 D/        (    0): [33593.246740@1]- vdec_disable_DMC input->target= 0x0
07-04 18:42:22.790 D/[33593.246862@1]- 0(    0): vh264_stop
07-04 18:42:22.794 D/        (    0): [33593.247467@1]- vdec_release instance 0000000044d8e30f, total 1 id = 0
07-04 18:42:22.795 D/        (    0): [33593.247663@1]- the clk_vdec_mux    clock off, ref cnt: 0
07-04 18:42:22.795 D/        (    0): [33593.247674@1]- the vdec            clock off, ref cnt: 0
07-04 18:42:22.795 D/        (    0): [33593.247678@1]- the parser_top      clock off, ref cnt: 1
07-04 18:42:22.795 D/        (    0): [33593.247682@1]- the demux           clock off, ref cnt: 1
07-04 18:42:22.795 D/        (    0): [33593.247757@1]- the demux           clock on, ref cnt: 2
07-04 18:42:22.795 D/        (    0): [33593.247762@1]- the parser_top      clock on, ref cnt: 2
07-04 18:42:22.795 D/        (    0): [33593.247769@1]- the vdec            clock on, ref cnt: 1
07-04 18:42:22.795 D/        (    0): [33593.247789@1]- the clk_vdec_mux    clock on, ref cnt: 1
07-04 18:42:22.795 D/        (    0): [33593.247823@1]- vdec mux clock is 499999992 Hz
07-04 18:42:22.795 D/        (    0): [33593.248192@1]- vdec_create instance 00000000ffcb5c3c, total 1, PM: legacy
07-04 18:42:22.797 D/        (    0): [33593.248240@1]- no drmmode
07-04 18:42:22.797 I/        (    0): [33593.248285@1]- is_reset=1
07-04 18:42:22.797 I/        (    0): [33593.248323@1]- vdec_init, dev_name:ammvdec_h264, vdec_type=VDEC_TYPE_FRAME_BLOCK  id = 0
07-04 18:42:22.797 D/        (    0): [33593.250095@1]- ammvdec_h264_mmu_init tvp = 0x0 mmu_enable 0
07-04 18:42:22.797 D/        (    0): [33593.250102@1]- decoder_bmmu_box_alloc_box, tvp_flags = 0
07-04 18:42:22.797 D/[33593.250120@1]- 0(    0): ammvdec_h264_probe mmu_enable 0 double_write_mode 0x10
07-04 18:42:22.797 D/[33593.251396@2]- 0(    0): ammvdec_h264 mem-addr=0,buff_offset=56f10000,buf_start=56f00000
07-04 18:42:22.797 D/        (    0): [33593.251440@2]- vdec mux clock is 666666656 Hz
07-04 18:42:22.797 D/        (    0): [33593.251446@2]- vdec1 video changed to 3840 x 2160 60 fps clk->667MHZ
07-04 18:42:22.798 W/        (    0): [33593.251452@2]- H264 sysinfo: 1920x1080 duration=3200, pts_outside=1
07-04 18:42:22.798 D/        (    0): [33593.251455@2]- sync_outside=0, use_idr_framerate=0, is_used_v4l: 0
07-04 18:42:22.798 I/        (    0): [33593.251624@2]- [TEE], the fw (h264_multi) will be loaded.
07-04 18:42:22.798 D/        (    0): [33593.251931@3]- vh264_init, phy_addr=74475000 vaddr=00000000494ef386
07-04 18:42:22.798 D/        (    0): [33593.252422@3]- vfm map vdec-map-0 created
07-04 18:42:22.798 I/[33593.252446@3]- dim(    0): ch[1]:di_receiver_event_fun,8:_REG
07-04 18:42:22.798 I/[33593.252451@3]- dim(    0): reg:vdec.h264.00[2119]
07-04 18:42:22.798 I/[33593.253026@1]- dim(    0): reg:use[1]ms
07-04 18:42:22.798 E/[33593.253053@1]- reg(    0): v4lvideo
07-04 18:42:22.798 I/[33593.253061@1]- dim(    0): ch[1]:di_receiver_event_fun,3:_START
07-04 18:42:22.798 D/        (    0): [33593.253066@1]- vdec_init, vf_provider_name = vdec.h264.00, b 0
07-04 18:42:22.798 I/        (    0): [33593.254039@3]- vdec->port_flag=0x102, port_flag=0x10b
07-04 18:42:22.798 I/        (    0): [33593.254187@3]- is_reset=0
07-04 18:42:22.792 D/BasicMediaStatusFactory(18179): Supported media session actions: 2359815
07-04 18:42:22.799 I/chatty  ( 3738): uid=1046(mediacodec) omx@1.0-service expire 5 lines
07-04 18:42:22.802 I/CCodecConfig(18179): query failed after returning 19 values (BAD_INDEX)
07-04 18:42:22.803 W/Codec2Client(18179): query -- param skipped: index = 1342179345.
07-04 18:42:22.803 W/Codec2Client(18179): query -- param skipped: index = 2415921170.
07-04 18:42:22.803 W/Codec2Client(18179): query -- param skipped: index = 1610614798.
07-04 18:42:22.845 D/TimestampAdjuster(18179): Providing adjuster for mimeType  disc: 0 useAudioTimestampAdjuster false
07-04 18:42:22.914 D/[33593.368522@2]- 0(    0): AV_SCRATCH_1 = 841fe078, AV_SCRATCH_2 1a023
07-04 18:42:22.914 D/[33593.368583@2]- 0(    0): chroma_format_idc = 1 frame_mbs_only_flag 1, crop_bottom 8,  frame_height 1080,
07-04 18:42:22.914 D/[33593.368588@2]- 0(    0): mb_height 68,crop_right 0, frame_width 1920, mb_width 120
07-04 18:42:22.914 D/[33593.368594@2]- 0(    0): level_idc = 40 pic_size = 3133440 size = 4
07-04 18:42:22.914 D/[33593.368600@2]- 0(    0): mb height/widht/total: 44/78/1fe0 level_idc 28 max_ref_num 4
07-04 18:42:22.914 D/[33593.368605@2]- 0(    0): restriction_flag=1, max_dec_frame_buffering=4, dec_dpb_size=6 num_reorder_frames 2 used_reorder_dpb_size_margin 9
07-04 18:42:22.914 D/[33593.368611@2]- 0(    0): vh264_set_params active_buf_spec_num 15 dec_dpb_size 6 collocate_buf_num 8
07-04 18:42:22.940 D/CCodecConfig(18179): c2 config diff is   c2::i32 coding.drc.compression-mode.value = 1
07-04 18:42:22.943 D/CCodecBuffers(18179): [c2.android.aac.decoder#976:Output[N]] popFromStashAndRegister: output format changed to AMessage(what = 0x00000000) = {
07-04 18:42:22.943 D/CCodecBuffers(18179):   int32_t aac-drc-album-mode = 0
07-04 18:42:22.943 D/CCodecBuffers(18179):   int32_t aac-drc-boost-level = 127
07-04 18:42:22.943 D/CCodecBuffers(18179):   int32_t aac-drc-cut-level = 127
07-04 18:42:22.943 D/CCodecBuffers(18179):   int32_t aac-drc-effect-type = 3
07-04 18:42:22.943 D/CCodecBuffers(18179):   int32_t aac-drc-heavy-compression = 1
07-04 18:42:22.943 D/CCodecBuffers(18179):   int32_t aac-drc-output-loudness = -1
07-04 18:42:22.943 D/CCodecBuffers(18179):   int32_t aac-encoded-target-level = -1
07-04 18:42:22.943 D/CCodecBuffers(18179):   int32_t aac-max-output-channel_count = 8
07-04 18:42:22.943 D/CCodecBuffers(18179):   int32_t aac-target-ref-level = 64
07-04 18:42:22.943 D/CCodecBuffers(18179):   int32_t channel-count = 2
07-04 18:42:22.943 D/CCodecBuffers(18179):   string mime = "audio/raw"
07-04 18:42:22.943 D/CCodecBuffers(18179):   int32_t sample-rate = 48000
07-04 18:42:22.943 D/CCodecBuffers(18179): }
07-04 18:42:22.958 D/[33593.412174@1]- 0(    0): num_ref_frames change from 0 to 4
07-04 18:42:22.971 I/ThermalService( 4174): CPU temperatures: [65.700005]
07-04 18:42:22.972 W/AudioFlinger( 3665): createTrack_l(): mismatch between requested flags (00000008) and output flags (00000002)
07-04 18:42:22.973 D/AudioFlinger( 3665): Client defaulted notificationFrames to 8200 for frameCount 16400
07-04 18:42:22.977 I/[33593.419516@2]- dim(    0): value reg:ch[1]:fix_buf:0;ponly <0,0>
07-04 18:42:22.977 I/[33593.419536@2]- dim(    0): di_cnt_i_buf1:tvp:0
07-04 18:42:22.982 D/[33593.435834@2]- dimh_patch_post_update_mc_sw(    0): 0x0->0x2
07-04 18:42:22.982 I/[33593.435968@2]- dim(    0): ch[1]:reg:mem cfg[8][5][3]
07-04 18:42:22.982 I/[33593.436025@2]- dim(    0): pre cfg:ch[1]:33293340ms 1th source change:
07-04 18:42:22.982 I/[33593.436030@2]- dim(    0): source change:0x0/0/0/0=>0x8009/1920/1080/0
07-04 18:42:22.983 D/[33593.436048@2]- dimh_patch_post_update_mc_sw(    0): 0x2->0x3
07-04 18:42:22.997 D/        (    0): [33593.445056@1]- cal_dur_from_pts vstatus 3840 dur3600 -> 3840, revised 3840
07-04 18:42:22.997 I/[33593.445313@1]- vframe_rate_uevent(    0): sent uevent FRAME_RATE_HINT=3840
07-04 18:42:22.997 I/[33593.452913@3]- v4lvideo(    0): provider name: vdec.h264.00
07-04 18:42:22.982 D/AF::TrackHandle( 3665): OpPlayAudio: track:767 usage:1 not muted
07-04 18:42:22.996 I/chatty  ( 3738): uid=1046(mediacodec) omx@1.0-service expire 3 lines
07-04 18:42:23.059 W/APM::AudioPolicyEngine( 3665): getDevicesForStrategy() unknown strategy: -1
07-04 18:42:23.059 W/APM::AudioPolicyEngine( 3665): getDevicesForStrategy() unknown strategy: -1
07-04 18:42:23.100 D/BasicMediaStatusFactory(18179): Supported media session actions: 2359815
07-04 18:42:23.106 D/TimestampAdjuster(18179): Providing adjuster for mimeType  disc: 0 useAudioTimestampAdjuster false
07-04 18:42:23.132 D/AudioTrack(18179): getTimestamp_l(768): device stall time corrected using current time 33593493796475
07-04 18:42:23.152 W/AudioTrack(18179): getTimestamp_l(768): retrograde timestamp time corrected, 33593503116933 < 33593503977558
07-04 18:42:23.197 D/JioLauncher( 4963): overlay status check for wifi and bt remote false false
07-04 18:42:23.205 D/Match code1( 5864): 2
07-04 18:42:23.207 D/JioLauncher( 4963): network-type-------NonJioNetwork
07-04 18:42:23.213 D/JioLauncher( 4963): live-tv-previousIp-[/fe80::1%wlan0, /192.168.1.1]-newHost-[/fe80::1%wlan0, /192.168.1.1]
07-04 18:42:23.224 D/TimestampAdjuster(18179): Providing adjuster for mimeType  disc: 0 useAudioTimestampAdjuster false
07-04 18:42:23.296 D/TimestampAdjuster(18179): Providing adjuster for mimeType  disc: 0 useAudioTimestampAdjuster false
07-04 18:42:23.414 E/ocessService0:( 5631): failed to create Unix domain socket: Operation not permitted
07-04 18:42:23.415 D/TimestampAdjuster(18179): Providing adjuster for mimeType  disc: 0 useAudioTimestampAdjuster false
07-04 18:42:23.441 I/TR181MonitoringThread( 4866): Refreshing parameters...
07-04 18:42:23.441 I/TR181Monitor( 4866): refresh start!
07-04 18:42:23.441 E/TR069_CPE( 4866): cpe_get_acs_network_type - 2 
07-04 18:42:23.441 I/ManagementServer( 4866): isIPv6PreferredNetwork 2
07-04 18:42:23.443 I/ManagementServer( 4866): CPE_NETWORK_TYPE_IPv6
07-04 18:42:23.564 D/TimestampAdjuster(18179): Providing adjuster for mimeType  disc: 0 useAudioTimestampAdjuster false
07-04 18:42:23.591 I/.startv.hotsta(18179): oneway function results will be dropped but finished with status OK and parcel size 4
07-04 18:42:23.594 I/e.swalekh.abct( 4520): oneway function results will be dropped but finished with status OK and parcel size 4
07-04 18:42:23.666 W/[33594.121366@1]- RTW(    0): Turbo EDCA =0x431c
07-04 18:42:23.690 I/.startv.hotsta(18179): Background young concurrent copying GC freed 174507(15MB) AllocSpace objects, 183(7820KB) LOS objects, 32% free, 45MB/68MB, paused 2.353ms total 231.347ms
07-04 18:42:23.712 D/TimestampAdjuster(18179): Providing adjuster for mimeType  disc: 0 useAudioTimestampAdjuster false
07-04 18:42:23.726 W/IP      ( 4866): No IP address for eth0
07-04 18:42:23.849 D/TimestampAdjuster(18179): Providing adjuster for mimeType  disc: 0 useAudioTimestampAdjuster false
07-04 18:42:23.908 D/TR069NativeService( 3727): Executing command: /system/bin/iwlist "wlan0" "channel"
07-04 18:42:23.957 D/TR069NativeService( 3727): Executing command: /system/bin/iwlist "wlan0" "channel"
07-04 18:42:23.995 D/TimestampAdjuster(18179): Providing adjuster for mimeType  disc: 0 useAudioTimestampAdjuster false
07-04 18:42:24.005 I/Apps    ( 4866): Foreground App :in.startv.hotstar
07-04 18:42:24.008 I/WifiApStat( 4866): Ethernet isConnected() false
07-04 18:42:24.013 I/TR181Monitor( 4866): refresh end!
07-04 18:42:24.121 I/chatty  ( 4789): uid=1000(system) Thread-2 expire 26 lines
07-04 18:42:24.151 I/DeviceStorage( 4866): Measured Storage values : cache = 247345152 media = 0 misc = 57909248 user = 2199986176 app = 2190557184
07-04 18:42:24.495 I/chatty  ( 4145): uid=1000(system) com.jiostb.inactivitytimer expire 11 lines
07-04 18:42:24.973 I/ThermalService( 4174): CPU temperatures: [63.100002]
07-04 18:42:25.107 D/BufferPoolAccessor2.0(18179): bufferpool2 0xc12b0f58 : 4(32768 size) total buffers - 4(32768 size) used buffers - 1/6 (recycle/alloc) - 5/757 (fetch/transfer)
07-04 18:42:25.125 I/chatty  ( 3325): uid=1000(system) /system/bin/servicemanager expire 102 lines
07-04 18:42:25.453 E/ocessService0:( 5631): failed to create Unix domain socket: Operation not permitted
07-04 18:42:25.626 I/chatty  ( 3752): uid=1046(mediacodec) mediaswcodec expire 2 lines
07-04 18:42:25.666 I/.startv.hotsta(18179): oneway function results will be dropped but finished with status OK and parcel size 4
07-04 18:42:25.667 I/e.swalekh.abct( 4520): oneway function results will be dropped but finished with status OK and parcel size 4
07-04 18:42:26.206 W/[33596.658797@1]- RTW(    0): fill_default_txdesc(wlan0): SP Packet(0x0806) rate=0x4 SeqNum = 3793
07-04 18:42:26.493 D/JioLauncher( 4963): isInternetAvailable-method-response-204
07-04 18:42:26.496 D/JioLauncher( 4963): isMulticastReceiver-Connected-to-5GHz-Wi-Fi-network
07-04 18:42:26.976 I/chatty  ( 4174): uid=1000(system) com.droidlogic expire 10 lines
07-04 18:42:27.490 E/ocessService0:( 5631): failed to create Unix domain socket: Operation not permitted
07-04 18:42:27.626 W/QueryController(18104): Could not detect idle state.
07-04 18:42:27.690 W/[33598.143309@3]- RTW(    0): Turbo EDCA =0x5ea42b
07-04 18:42:27.726 I/.startv.hotsta(18179): oneway function results will be dropped but finished with status OK and parcel size 4
07-04 18:42:27.728 I/e.swalekh.abct( 4520): oneway function results will be dropped but finished with status OK and parcel size 4
07-04 18:42:27.773 I/appium  (18104): AppiumResponse: {"sessionId":"41d2ab98-99fb-4484-bedf-f73a8d118ff4","value":"<?xml version='1.0' encoding='UTF-8' standalone='yes' ?>\r\n<hierarchy index=\"0\" class=\"hierarchy\" rotation=\"0\" width=\"1920\" height=\"1080\">\r\n  <android.widget.FrameLayout index=\"0\" package=\"in.startv.hotstar\" class=\"androi
07-04 18:42:28.194 D/JioLauncher( 4963): overlay status check for wifi and bt remote false false
07-04 18:42:28.199 D/Match code1( 5864): 2
07-04 18:42:28.201 D/JioLauncher( 4963): network-type-------NonJioNetwork
07-04 18:42:28.207 D/JioLauncher( 4963): live-tv-previousIp-[/fe80::1%wlan0, /192.168.1.1]-newHost-[/fe80::1%wlan0, /192.168.1.1]
07-04 18:42:28.609 I/chatty  ( 4789): uid=1000(system) Binder:4789_4 expire 67 lines
07-04 18:42:28.626 D/TimestampAdjuster(18179): Providing adjuster for mimeType  disc: 0 useAudioTimestampAdjuster false
07-04 18:42:28.644 I/chatty  ( 4789): uid=1000(system) com.iwedia.comedia.service expire 1 line
07-04 18:42:28.644 I/chatty  ( 3982): uid=1002(bluetooth) com.android.bluetooth expire 125 lines
07-04 18:42:28.652 D/BasicMediaStatusFactory(18179): Supported media session actions: 2359815
07-04 18:42:28.655 D/BasicMediaStatusFactory(18179): Supported media session actions: 2359815
07-04 18:42:29.530 E/ocessService0:( 5631): failed to create Unix domain socket: Operation not permitted
07-04 18:42:29.656 I/chatty  ( 4789): uid=1000(system) com.iwedia.comedia.service expire 4 lines
07-04 18:42:29.657 I/chatty  ( 4789): uid=1000(system) com.iwedia.comedia.service expire 1 line
07-04 18:42:29.657 I/chatty  ( 4789): uid=1000(system) com.iwedia.comedia.service expire 1 line
07-04 18:42:29.706 W/[33600.159221@0]- RTW(    0): Turbo EDCA =0x431c
07-04 18:42:29.785 I/.startv.hotsta(18179): oneway function results will be dropped but finished with status OK and parcel size 4
07-04 18:42:29.787 I/e.swalekh.abct( 4520): oneway function results will be dropped but finished with status OK and parcel size 4
07-04 18:42:30.286 D/BufferPoolAccessor2.0(18179): bufferpool2 0xc12b0f58 : 4(32768 size) total buffers - 4(32768 size) used buffers - 1/6 (recycle/alloc) - 5/999 (fetch/transfer)
07-04 18:42:30.982 I/chatty  ( 3587): uid=1002(bluetooth) data_ready_cb_t expire 16 lines
07-04 18:42:31.103 I/JioBackgroundSchedulerService( 6580): Check schedule  
07-04 18:42:31.118 W/[33601.571180@1]- RTW(    0): fill_default_txdesc(wlan0): SP Packet(0x0806) rate=0x4 SeqNum = 38
07-04 18:42:31.538 D/MulticastUtils( 4963): Timeout 5000ms IOException:Poll timed out
07-04 18:42:31.539 I/chatty  ( 3836): uid=1000(system) Binder:3836_7 expire 10 lines
07-04 18:42:31.543 D/JioLauncher( 4963): connected-network-status  1 status true time 0 lPreviousIp [/fe80::1%wlan0, /192.168.1.1] isLiveOnTop() false isOneTimeVisisbleStatus false-remoteConnectedTime-0
07-04 18:42:31.570 E/ocessService0:( 5631): failed to create Unix domain socket: Operation not permitted
07-04 18:42:31.721 W/[33602.175075@1]- RTW(    0): Turbo EDCA =0x5ea42b
07-04 18:42:31.830 I/.startv.hotsta(18179): oneway function results will be dropped but finished with status OK and parcel size 4
07-04 18:42:31.832 I/e.swalekh.abct( 4520): oneway function results will be dropped but finished with status OK and parcel size 4
07-04 18:42:32.750 I/CCodecConfig(18179): query failed after returning 19 values (BAD_INDEX)
07-04 18:42:32.751 D/CCodecConfig(18179): c2 config diff is   c2::i32 coding.drc.compression-mode.value = 3
07-04 18:42:32.755 W/Codec2Client(18179): query -- param skipped: index = 1342179345.
07-04 18:42:32.755 W/Codec2Client(18179): query -- param skipped: index = 2415921170.
07-04 18:42:32.756 W/Codec2Client(18179): query -- param skipped: index = 1610614798.
07-04 18:42:32.763 D/CCodecConfig(18179): c2 config diff is   c2::i32 coding.drc.compression-mode.value = 1
07-04 18:42:32.765 D/CCodecBuffers(18179): [c2.android.aac.decoder#976:Output[N]] popFromStashAndRegister: output format changed to AMessage(what = 0x00000000) = {
07-04 18:42:32.765 D/CCodecBuffers(18179):   int32_t aac-drc-album-mode = 0
07-04 18:42:32.765 D/CCodecBuffers(18179):   int32_t aac-drc-boost-level = 127
07-04 18:42:32.765 D/CCodecBuffers(18179):   int32_t aac-drc-cut-level = 127
07-04 18:42:32.765 D/CCodecBuffers(18179):   int32_t aac-drc-effect-type = 3
07-04 18:42:32.765 D/CCodecBuffers(18179):   int32_t aac-drc-heavy-compression = 1
07-04 18:42:32.765 D/CCodecBuffers(18179):   int32_t aac-drc-output-loudness = -1
07-04 18:42:32.765 D/CCodecBuffers(18179):   int32_t aac-encoded-target-level = -1
07-04 18:42:32.765 D/CCodecBuffers(18179):   int32_t aac-max-output-channel_count = 8
07-04 18:42:32.765 D/CCodecBuffers(18179):   int32_t aac-target-ref-level = 64
07-04 18:42:32.765 D/CCodecBuffers(18179):   int32_t channel-count = 2
07-04 18:42:32.765 D/CCodecBuffers(18179):   string mime = "audio/raw"
07-04 18:42:32.765 D/CCodecBuffers(18179):   int32_t sample-rate = 48000
07-04 18:42:32.765 D/CCodecBuffers(18179): }
07-04 18:42:32.981 I/chatty  ( 3587): uid=1002(bluetooth) POSIX timer 7 expire 14 lines
07-04 18:42:33.146 W/ExoPlayerImpl(18179): seekTo ignored because an ad is playing
07-04 18:42:33.217 D/JioLauncher( 4963): overlay status check for wifi and bt remote false false
07-04 18:42:33.232 I/chatty  ( 3738): uid=1046(mediacodec) omx@1.0-service expire 204 lines
07-04 18:42:33.234 D/Match code1( 5864): 2
07-04 18:42:33.250 I/        (    0): [33603.704329@0]- is_reset=1
07-04 18:42:33.250 I/[33603.704970@0]- vframe_rate_uevent(    0): sent uevent FRAME_RATE_HINT=0
07-04 18:42:33.250 D/        (    0): [33603.706845@0]s vdec requested to be disconnected
07-04 18:42:33.252 I/[33603.708519@1]- dim(    0): ch[1]:di_receiver_event_fun,1:_UNREG
07-04 18:42:33.252 E/[33603.708544@1]- unreg(    0): v4lvideo
07-04 18:42:33.252 I/[33603.708808@2]- dim(    0): dpre_can_exit:ch[1]:curr[1]:stat[DO_TABLE] ret[0]
07-04 18:42:33.242 D/JioLauncher( 4963): network-type-------NonJioNetwork
07-04 18:42:33.248 I/chatty  ( 4789): uid=1000(system) Thread-2 expire 30 lines
07-04 18:42:33.262 D/JioLauncher( 4963): live-tv-previousIp-[/fe80::1%wlan0, /192.168.1.1]-newHost-[/fe80::1%wlan0, /192.168.1.1]
07-04 18:42:33.270 I/[33603.722817@2]- dim(    0): unreg:2keep[8], msk:[0x290da,0x0]
07-04 18:42:33.270 I/[33603.722835@2]- dim(    0): bufq_ndis_unreg:used 2 idle 7
07-04 18:42:33.270 D/[33603.722841@2]- dimh_patch_post_update_mc_sw(    0): 0x3->0x0
07-04 18:42:33.277 D/BasicMediaStatusFactory(18179): Supported media session actions: 3408719
07-04 18:42:33.282 I/[33603.735771@2]- dim(    0): unreg:use[27]ms
07-04 18:42:33.282 D/        (    0): [33603.735841@2]- vdec_disable_DMC input->target= 0x0
07-04 18:42:33.282 D/[33603.735979@2]- 0(    0): vh264_stop
07-04 18:42:33.284 D/        (    0): [33603.739169@2]- vdec_release instance 00000000ffcb5c3c, total 1 id = 0
07-04 18:42:33.284 D/        (    0): [33603.739395@2]- the clk_vdec_mux    clock off, ref cnt: 0
07-04 18:42:33.284 D/        (    0): [33603.739407@2]- the vdec            clock off, ref cnt: 0
07-04 18:42:33.285 D/        (    0): [33603.739411@2]- the parser_top      clock off, ref cnt: 1
07-04 18:42:33.285 D/        (    0): [33603.739415@2]- the demux           clock off, ref cnt: 1
07-04 18:42:33.285 D/        (    0): [33603.739489@2]- the demux           clock on, ref cnt: 2
07-04 18:42:33.285 D/        (    0): [33603.739496@2]- the parser_top      clock on, ref cnt: 2
07-04 18:42:33.285 D/        (    0): [33603.739503@2]- the vdec            clock on, ref cnt: 1
07-04 18:42:33.285 D/        (    0): [33603.739631@2]- the clk_vdec_mux    clock on, ref cnt: 1
07-04 18:42:33.285 D/        (    0): [33603.739708@2]- vdec mux clock is 499999992 Hz
07-04 18:42:33.285 D/        (    0): [33603.739891@2]- vdec_create instance 00000000075b69ab, total 1, PM: legacy
