06-11 16:34:04.306 W/System.err(30431): 	at coil.target.GenericViewTarget.h(SourceFile:19)
06-11 16:34:04.306 W/System.err(30431): 	at coil.target.GenericViewTarget.c(SourceFile:1)
06-11 16:34:04.306 W/System.err(30431): 	at coil.RealImageLoader.c(SourceFile:255)
06-11 16:34:04.306 W/System.err(30431): 	at coil.RealImageLoader$enqueue$job$1.invokeSuspend(SourceFile:32)
06-11 16:34:04.306 W/System.err(30431): 	at kotlin.coroutines.jvm.internal.BaseContinuationImpl.resumeWith(SourceFile:9)
06-11 16:34:04.306 W/System.err(30431): 	at Yg.i.a(SourceFile:129)
06-11 16:34:04.306 W/System.err(30431): 	at S3.A.s(SourceFile:11)
06-11 16:34:04.306 W/System.err(30431): 	at kotlinx.coroutines.a.p0(SourceFile:81)
06-11 16:34:04.306 W/System.err(30431): 	at kotlinx.coroutines.d.a(SourceFile:18)
06-11 16:34:04.306 W/System.err(30431): 	at coil.RealImageLoader.b(SourceFile:10)
06-11 16:34:04.306 W/System.err(30431): 	at coil.request.ViewTargetRequestManager.onViewAttachedToWindow(SourceFile:13)
06-11 16:34:04.306 W/System.err(30431): 	at android.view.View.dispatchAttachedToWindow(View.java:21302)
06-11 16:34:04.306 W/System.err(30431): 	at android.view.ViewGroup.dispatchAttachedToWindow(ViewGroup.java:3498)
06-11 16:34:04.306 W/System.err(30431): 	at android.view.ViewGroup.dispatchAttachedToWindow(ViewGroup.java:3498)
06-11 16:34:04.306 W/System.err(30431): 	at android.view.ViewGroup.addViewInner(ViewGroup.java:5291)
06-11 16:34:04.306 W/System.err(30431): 	at android.view.ViewGroup.addView(ViewGroup.java:5077)
06-11 16:34:04.306 W/System.err(30431): 	at android.view.ViewGroup.addView(ViewGroup.java:5017)
06-11 16:34:04.306 W/System.err(30431): 	at androidx.recyclerview.widget.e.a(SourceFile:26)
06-11 16:34:04.306 W/System.err(30431): 	at androidx.recyclerview.widget.RecyclerView$l.m(SourceFile:243)
06-11 16:34:04.306 W/System.err(30431): 	at androidx.recyclerview.widget.RecyclerView$l.l(SourceFile:3)
06-11 16:34:04.306 W/System.err(30431): 	at androidx.leanback.widget.GridLayoutManager$b.b(SourceFile:42)
06-11 16:34:04.306 W/System.err(30431): 	at androidx.leanback.widget.S.b(SourceFile:58)
06-11 16:34:04.306 W/System.err(30431): 	at androidx.leanback.widget.GridLayoutManager.a1(SourceFile:26)
06-11 16:34:04.306 W/System.err(30431): 	at androidx.leanback.widget.GridLayoutManager.v0(SourceFile:1188)
06-11 16:34:04.307 W/System.err(30431): 	at androidx.recyclerview.widget.RecyclerView.r(SourceFile:74)
06-11 16:34:04.307 W/System.err(30431): 	at androidx.recyclerview.widget.RecyclerView.p(SourceFile:72)
06-11 16:34:04.307 W/System.err(30431): 	at androidx.recyclerview.widget.RecyclerView.onLayout(SourceFile:8)
06-11 16:34:04.307 W/System.err(30431): 	at android.view.View.layout(View.java:23694)
06-11 16:34:04.307 W/System.err(30431): 	at android.view.ViewGroup.layout(ViewGroup.java:6413)
06-11 16:34:04.307 W/System.err(30431): 	at androidx.constraintlayout.widget.ConstraintLayout.onLayout(SourceFile:67)
06-11 16:34:04.307 W/System.err(30431): 	at android.view.View.layout(View.java:23694)
06-11 16:34:04.307 W/System.err(30431): 	at android.view.ViewGroup.layout(ViewGroup.java:6413)
06-11 16:34:04.307 W/System.err(30431): 	at android.widget.FrameLayout.layoutChildren(FrameLayout.java:332)
06-11 16:34:04.307 W/System.err(30431): 	at android.widget.FrameLayout.onLayout(FrameLayout.java:270)
06-11 16:34:04.307 W/System.err(30431): 	at android.view.View.layout(View.java:23694)
06-11 16:34:04.307 W/System.err(30431): 	at android.view.ViewGroup.layout(ViewGroup.java:6413)
06-11 16:34:04.307 W/System.err(30431): 	at android.widget.FrameLayout.layoutChildren(FrameLayout.java:332)
06-11 16:34:04.307 W/System.err(30431): 	at android.widget.FrameLayout.onLayout(FrameLayout.java:270)
06-11 16:34:04.307 W/System.err(30431): 	at android.view.View.layout(View.java:23694)
06-11 16:34:04.307 W/System.err(30431): 	at android.view.ViewGroup.layout(ViewGroup.java:6413)
06-11 16:34:04.307 W/System.err(30431): 	at androidx.constraintlayout.widget.ConstraintLayout.onLayout(SourceFile:67)
06-11 16:34:04.307 W/System.err(30431): 	at android.view.View.layout(View.java:23694)
06-11 16:34:04.307 W/System.err(30431): 	at android.view.ViewGroup.layout(ViewGroup.java:6413)
06-11 16:34:04.307 W/System.err(30431): 	at android.widget.FrameLayout.layoutChildren(FrameLayout.java:332)
06-11 16:34:04.307 W/System.err(30431): 	at android.widget.FrameLayout.onLayout(FrameLayout.java:270)
06-11 16:34:04.307 W/System.err(30431): 	at android.view.View.layout(View.java:23694)
06-11 16:34:04.307 W/System.err(30431): 	at android.view.ViewGroup.layout(ViewGroup.java:6413)
06-11 16:34:04.307 W/System.err(30431): 	at android.widget.FrameLayout.layoutChildren(FrameLayout.java:332)
06-11 16:34:04.307 W/System.err(30431): 	at android.widget.FrameLayout.onLayout(FrameLayout.java:270)
06-11 16:34:04.307 W/System.err(30431): 	at android.view.View.layout(View.java:23694)
06-11 16:34:04.307 W/System.err(30431): 	at android.view.ViewGroup.layout(ViewGroup.java:6413)
06-11 16:34:04.307 W/System.err(30431): 	at android.widget.FrameLayout.layoutChildren(FrameLayout.java:332)
06-11 16:34:04.307 W/System.err(30431): 	at android.widget.FrameLayout.onLayout(FrameLayout.java:270)
06-11 16:34:04.307 W/System.err(30431): 	at android.view.View.layout(View.java:23694)
06-11 16:34:04.307 W/System.err(30431): 	at android.view.ViewGroup.layout(ViewGroup.java:6413)
06-11 16:34:04.307 W/System.err(30431): 	at android.widget.FrameLayout.layoutChildren(FrameLayout.java:332)
06-11 16:34:04.308 W/System.err(30431): 	at android.widget.FrameLayout.onLayout(FrameLayout.java:270)
06-11 16:34:04.308 W/System.err(30431): 	at android.view.View.layout(View.java:23694)
06-11 16:34:04.308 W/System.err(30431): 	at android.view.ViewGroup.layout(ViewGroup.java:6413)
06-11 16:34:04.308 W/System.err(30431): 	at android.widget.FrameLayout.layoutChildren(FrameLayout.java:332)
06-11 16:34:04.308 W/System.err(30431): 	at android.widget.FrameLayout.onLayout(FrameLayout.java:270)
06-11 16:34:04.308 W/System.err(30431): 	at android.view.View.layout(View.java:23694)
06-11 16:34:04.308 W/System.err(30431): 	at android.view.ViewGroup.layout(ViewGroup.java:6413)
06-11 16:34:04.308 W/System.err(30431): 	at androidx.constraintlayout.widget.ConstraintLayout.onLayout(SourceFile:67)
06-11 16:34:04.308 W/System.err(30431): 	at android.view.View.layout(View.java:23694)
06-11 16:34:04.308 W/System.err(30431): 	at android.view.ViewGroup.layout(ViewGroup.java:6413)
06-11 16:34:04.308 W/System.err(30431): 	at android.widget.FrameLayout.layoutChildren(FrameLayout.java:332)
06-11 16:34:04.308 W/System.err(30431): 	at android.widget.FrameLayout.onLayout(FrameLayout.java:270)
06-11 16:34:04.308 W/System.err(30431): 	at android.view.View.layout(View.java:23694)
06-11 16:34:04.308 W/System.err(30431): 	at android.view.ViewGroup.layout(ViewGroup.java:6413)
06-11 16:34:04.308 W/System.err(30431): 	at android.widget.LinearLayout.setChildFrame(LinearLayout.java:1829)
06-11 16:34:04.308 W/System.err(30431): 	at android.widget.LinearLayout.layoutVertical(LinearLayout.java:1673)
06-11 16:34:04.308 W/System.err(30431): 	at android.widget.LinearLayout.onLayout(LinearLayout.java:1582)
06-11 16:34:04.308 W/System.err(30431): 	at android.view.View.layout(View.java:23694)
06-11 16:34:04.308 W/System.err(30431): 	at android.view.ViewGroup.layout(ViewGroup.java:6413)
06-11 16:34:04.308 W/System.err(30431): 	at android.widget.FrameLayout.layoutChildren(FrameLayout.java:332)
06-11 16:34:04.308 W/System.err(30431): 	at android.widget.FrameLayout.onLayout(FrameLayout.java:270)
06-11 16:34:04.308 W/System.err(30431): 	at com.android.internal.policy.DecorView.onLayout(DecorView.java:797)
06-11 16:34:04.308 W/System.err(30431): 	at android.view.View.layout(View.java:23694)
06-11 16:34:04.308 W/System.err(30431): 	at android.view.ViewGroup.layout(ViewGroup.java:6413)
06-11 16:34:04.308 W/System.err(30431): 	at android.view.ViewRootImpl.performLayout(ViewRootImpl.java:3935)
06-11 16:34:04.309 W/System.err(30431): 	at android.view.ViewRootImpl.performTraversals(ViewRootImpl.java:3322)
06-11 16:34:04.309 W/System.err(30431): 	at android.view.ViewRootImpl.doTraversal(ViewRootImpl.java:2300)
06-11 16:34:04.309 W/System.err(30431): 	at android.view.ViewRootImpl$TraversalRunnable.run(ViewRootImpl.java:9015)
06-11 16:34:04.309 W/System.err(30431): 	at android.view.Choreographer$CallbackRecord.run(Choreographer.java:1231)
06-11 16:34:04.309 W/System.err(30431): 	at android.view.Choreographer$CallbackRecord.run(Choreographer.java:1239)
06-11 16:34:04.309 W/System.err(30431): 	at android.view.Choreographer.doCallbacks(Choreographer.java:899)
06-11 16:34:04.309 W/System.err(30431): 	at android.view.Choreographer.doFrame(Choreographer.java:832)
06-11 16:34:04.309 W/System.err(30431): 	at android.view.Choreographer$FrameDisplayEventReceiver.run(Choreographer.java:1214)
06-11 16:34:04.309 W/System.err(30431): 	at android.os.Handler.handleCallback(Handler.java:942)
06-11 16:34:04.309 W/System.err(30431): 	at android.os.Handler.dispatchMessage(Handler.java:99)
06-11 16:34:04.309 W/System.err(30431): 	at android.os.Looper.loopOnce(Looper.java:201)
06-11 16:34:04.309 W/System.err(30431): 	at android.os.Looper.loop(Looper.java:288)
06-11 16:34:04.309 W/System.err(30431): 	at android.app.ActivityThread.main(ActivityThread.java:7905)
06-11 16:34:04.309 W/System.err(30431): 	at java.lang.reflect.Method.invoke(Native Method)
06-11 16:34:04.309 W/System.err(30431): 	at com.android.internal.os.RuntimeInit$MethodAndArgsCaller.run(RuntimeInit.java:548)
06-11 16:34:04.309 W/System.err(30431): 	at com.android.internal.os.ZygoteInit.main(ZygoteInit.java:948)
06-11 16:34:04.310 I/system_server(  617): Background young concurrent copying GC freed 38943(2678KB) AllocSpace objects, 1(20KB) LOS objects, 16% free, 15MB/18MB, paused 324us,369us total 320.029ms
06-11 16:34:04.323 W/System.err(30431): java.lang.IllegalArgumentException: width and height must be > 0
06-11 16:34:04.324 W/System.err(30431): 	at android.graphics.Bitmap.createBitmap(Bitmap.java:1111)
06-11 16:34:04.324 W/System.err(30431): 	at android.graphics.Bitmap.createBitmap(Bitmap.java:1078)
06-11 16:34:04.324 W/System.err(30431): 	at android.graphics.Bitmap.createBitmap(Bitmap.java:1028)
06-11 16:34:04.324 W/System.err(30431): 	at android.graphics.Bitmap.createBitmap(Bitmap.java:989)
06-11 16:34:04.324 W/System.err(30431): 	at com.hotstar.feature.login.profile.customview.CircleImageView.c(SourceFile:46)
06-11 16:34:04.324 W/System.err(30431): 	at com.hotstar.feature.login.profile.customview.CircleImageView.setImageDrawable(SourceFile:4)
06-11 16:34:04.324 W/System.err(30431): 	at coil.target.ImageViewTarget.f(SourceFile:3)
06-11 16:34:04.324 W/System.err(30431): 	at coil.target.GenericViewTarget.h(SourceFile:19)
06-11 16:34:04.324 W/System.err(30431): 	at coil.target.GenericViewTarget.c(SourceFile:1)
06-11 16:34:04.324 W/System.err(30431): 	at coil.RealImageLoader.c(SourceFile:255)
06-11 16:34:04.324 W/System.err(30431): 	at coil.RealImageLoader$enqueue$job$1.invokeSuspend(SourceFile:32)
06-11 16:34:04.324 W/System.err(30431): 	at kotlin.coroutines.jvm.internal.BaseContinuationImpl.resumeWith(SourceFile:9)
06-11 16:34:04.324 W/System.err(30431): 	at Yg.i.a(SourceFile:129)
06-11 16:34:04.324 W/System.err(30431): 	at S3.A.s(SourceFile:11)
06-11 16:34:04.324 W/System.err(30431): 	at kotlinx.coroutines.a.p0(SourceFile:81)
06-11 16:34:04.324 W/System.err(30431): 	at kotlinx.coroutines.d.a(SourceFile:18)
06-11 16:34:04.324 W/System.err(30431): 	at coil.RealImageLoader.b(SourceFile:10)
06-11 16:34:04.324 W/System.err(30431): 	at coil.request.ViewTargetRequestManager.onViewAttachedToWindow(SourceFile:13)
06-11 16:34:04.324 W/System.err(30431): 	at android.view.View.dispatchAttachedToWindow(View.java:21302)
06-11 16:34:04.324 W/System.err(30431): 	at android.view.ViewGroup.dispatchAttachedToWindow(ViewGroup.java:3498)
06-11 16:34:04.324 W/System.err(30431): 	at android.view.ViewGroup.dispatchAttachedToWindow(ViewGroup.java:3498)
06-11 16:34:04.324 W/System.err(30431): 	at android.view.ViewGroup.addViewInner(ViewGroup.java:5291)
06-11 16:34:04.324 W/System.err(30431): 	at android.view.ViewGroup.addView(ViewGroup.java:5077)
06-11 16:34:04.325 W/System.err(30431): 	at android.view.ViewGroup.addView(ViewGroup.java:5017)
06-11 16:34:04.325 W/System.err(30431): 	at androidx.recyclerview.widget.e.a(SourceFile:26)
06-11 16:34:04.325 W/System.err(30431): 	at androidx.recyclerview.widget.RecyclerView$l.m(SourceFile:243)
06-11 16:34:04.325 W/System.err(30431): 	at androidx.recyclerview.widget.RecyclerView$l.l(SourceFile:3)
06-11 16:34:04.325 W/System.err(30431): 	at androidx.leanback.widget.GridLayoutManager$b.b(SourceFile:42)
06-11 16:34:04.325 W/System.err(30431): 	at androidx.leanback.widget.S.b(SourceFile:58)
06-11 16:34:04.325 W/System.err(30431): 	at androidx.leanback.widget.GridLayoutManager.a1(SourceFile:26)
06-11 16:34:04.325 W/System.err(30431): 	at androidx.leanback.widget.GridLayoutManager.v0(SourceFile:1188)
06-11 16:34:04.325 W/System.err(30431): 	at androidx.recyclerview.widget.RecyclerView.r(SourceFile:74)
06-11 16:34:04.325 W/System.err(30431): 	at androidx.recyclerview.widget.RecyclerView.p(SourceFile:72)
06-11 16:34:04.325 W/System.err(30431): 	at androidx.recyclerview.widget.RecyclerView.onLayout(SourceFile:8)
06-11 16:34:04.325 W/System.err(30431): 	at android.view.View.layout(View.java:23694)
06-11 16:34:04.325 W/System.err(30431): 	at android.view.ViewGroup.layout(ViewGroup.java:6413)
06-11 16:34:04.325 W/System.err(30431): 	at androidx.constraintlayout.widget.ConstraintLayout.onLayout(SourceFile:67)
06-11 16:34:04.325 W/System.err(30431): 	at android.view.View.layout(View.java:23694)
06-11 16:34:04.325 W/System.err(30431): 	at android.view.ViewGroup.layout(ViewGroup.java:6413)
06-11 16:34:04.325 W/System.err(30431): 	at android.widget.FrameLayout.layoutChildren(FrameLayout.java:332)
06-11 16:34:04.325 W/System.err(30431): 	at android.widget.FrameLayout.onLayout(FrameLayout.java:270)
06-11 16:34:04.325 W/System.err(30431): 	at android.view.View.layout(View.java:23694)
06-11 16:34:04.325 W/System.err(30431): 	at android.view.ViewGroup.layout(ViewGroup.java:6413)
06-11 16:34:04.325 W/System.err(30431): 	at android.widget.FrameLayout.layoutChildren(FrameLayout.java:332)
06-11 16:34:04.325 W/System.err(30431): 	at android.widget.FrameLayout.onLayout(FrameLayout.java:270)
06-11 16:34:04.325 W/System.err(30431): 	at android.view.View.layout(View.java:23694)
06-11 16:34:04.325 W/System.err(30431): 	at android.view.ViewGroup.layout(ViewGroup.java:6413)
06-11 16:34:04.325 W/System.err(30431): 	at androidx.constraintlayout.widget.ConstraintLayout.onLayout(SourceFile:67)
06-11 16:34:04.325 W/System.err(30431): 	at android.view.View.layout(View.java:23694)
06-11 16:34:04.325 W/System.err(30431): 	at android.view.ViewGroup.layout(ViewGroup.java:6413)
06-11 16:34:04.325 W/System.err(30431): 	at android.widget.FrameLayout.layoutChildren(FrameLayout.java:332)
06-11 16:34:04.325 W/System.err(30431): 	at android.widget.FrameLayout.onLayout(FrameLayout.java:270)
06-11 16:34:04.325 W/System.err(30431): 	at android.view.View.layout(View.java:23694)
06-11 16:34:04.325 W/System.err(30431): 	at android.view.ViewGroup.layout(ViewGroup.java:6413)
06-11 16:34:04.325 W/System.err(30431): 	at android.widget.FrameLayout.layoutChildren(FrameLayout.java:332)
06-11 16:34:04.325 W/System.err(30431): 	at android.widget.FrameLayout.onLayout(FrameLayout.java:270)
06-11 16:34:04.325 W/System.err(30431): 	at android.view.View.layout(View.java:23694)
06-11 16:34:04.325 W/System.err(30431): 	at android.view.ViewGroup.layout(ViewGroup.java:6413)
06-11 16:34:04.325 W/System.err(30431): 	at android.widget.FrameLayout.layoutChildren(FrameLayout.java:332)
06-11 16:34:04.325 W/System.err(30431): 	at android.widget.FrameLayout.onLayout(FrameLayout.java:270)
06-11 16:34:04.325 W/System.err(30431): 	at android.view.View.layout(View.java:23694)
06-11 16:34:04.325 W/System.err(30431): 	at android.view.ViewGroup.layout(ViewGroup.java:6413)
06-11 16:34:04.325 W/System.err(30431): 	at android.widget.FrameLayout.layoutChildren(FrameLayout.java:332)
06-11 16:34:04.325 W/System.err(30431): 	at android.widget.FrameLayout.onLayout(FrameLayout.java:270)
06-11 16:34:04.325 W/System.err(30431): 	at android.view.View.layout(View.java:23694)
06-11 16:34:04.326 W/System.err(30431): 	at android.view.ViewGroup.layout(ViewGroup.java:6413)
06-11 16:34:04.326 W/System.err(30431): 	at android.widget.FrameLayout.layoutChildren(FrameLayout.java:332)
06-11 16:34:04.326 W/System.err(30431): 	at android.widget.FrameLayout.onLayout(FrameLayout.java:270)
06-11 16:34:04.326 W/System.err(30431): 	at android.view.View.layout(View.java:23694)
06-11 16:34:04.326 W/System.err(30431): 	at android.view.ViewGroup.layout(ViewGroup.java:6413)
06-11 16:34:04.326 W/System.err(30431): 	at androidx.constraintlayout.widget.ConstraintLayout.onLayout(SourceFile:67)
06-11 16:34:04.326 W/System.err(30431): 	at android.view.View.layout(View.java:23694)
06-11 16:34:04.326 W/System.err(30431): 	at android.view.ViewGroup.layout(ViewGroup.java:6413)
06-11 16:34:04.326 W/System.err(30431): 	at android.widget.FrameLayout.layoutChildren(FrameLayout.java:332)
06-11 16:34:04.326 W/System.err(30431): 	at android.widget.FrameLayout.onLayout(FrameLayout.java:270)
06-11 16:34:04.326 W/System.err(30431): 	at android.view.View.layout(View.java:23694)
06-11 16:34:04.326 W/System.err(30431): 	at android.view.ViewGroup.layout(ViewGroup.java:6413)
06-11 16:34:04.326 W/System.err(30431): 	at android.widget.LinearLayout.setChildFrame(LinearLayout.java:1829)
06-11 16:34:04.326 W/System.err(30431): 	at android.widget.LinearLayout.layoutVertical(LinearLayout.java:1673)
06-11 16:34:04.326 W/System.err(30431): 	at android.widget.LinearLayout.onLayout(LinearLayout.java:1582)
06-11 16:34:04.326 W/System.err(30431): 	at android.view.View.layout(View.java:23694)
06-11 16:34:04.326 W/System.err(30431): 	at android.view.ViewGroup.layout(ViewGroup.java:6413)
06-11 16:34:04.326 W/System.err(30431): 	at android.widget.FrameLayout.layoutChildren(FrameLayout.java:332)
06-11 16:34:04.326 W/System.err(30431): 	at android.widget.FrameLayout.onLayout(FrameLayout.java:270)
06-11 16:34:04.326 W/System.err(30431): 	at com.android.internal.policy.DecorView.onLayout(DecorView.java:797)
06-11 16:34:04.326 W/System.err(30431): 	at android.view.View.layout(View.java:23694)
06-11 16:34:04.326 W/System.err(30431): 	at android.view.ViewGroup.layout(ViewGroup.java:6413)
06-11 16:34:04.326 W/System.err(30431): 	at android.view.ViewRootImpl.performLayout(ViewRootImpl.java:3935)
06-11 16:34:04.326 W/System.err(30431): 	at android.view.ViewRootImpl.performTraversals(ViewRootImpl.java:3322)
06-11 16:34:04.326 W/System.err(30431): 	at android.view.ViewRootImpl.doTraversal(ViewRootImpl.java:2300)
06-11 16:34:04.326 W/System.err(30431): 	at android.view.ViewRootImpl$TraversalRunnable.run(ViewRootImpl.java:9015)
06-11 16:34:04.326 W/System.err(30431): 	at android.view.Choreographer$CallbackRecord.run(Choreographer.java:1231)
06-11 16:34:04.326 W/System.err(30431): 	at android.view.Choreographer$CallbackRecord.run(Choreographer.java:1239)
06-11 16:34:04.326 W/System.err(30431): 	at android.view.Choreographer.doCallbacks(Choreographer.java:899)
06-11 16:34:04.326 W/System.err(30431): 	at android.view.Choreographer.doFrame(Choreographer.java:832)
06-11 16:34:04.326 W/System.err(30431): 	at android.view.Choreographer$FrameDisplayEventReceiver.run(Choreographer.java:1214)
06-11 16:34:04.326 W/System.err(30431): 	at android.os.Handler.handleCallback(Handler.java:942)
06-11 16:34:04.326 W/System.err(30431): 	at android.os.Handler.dispatchMessage(Handler.java:99)
06-11 16:34:04.327 W/System.err(30431): 	at android.os.Looper.loopOnce(Looper.java:201)
06-11 16:34:04.327 W/System.err(30431): 	at android.os.Looper.loop(Looper.java:288)
06-11 16:34:04.327 W/System.err(30431): 	at android.app.ActivityThread.main(ActivityThread.java:7905)
06-11 16:34:04.327 W/System.err(30431): 	at java.lang.reflect.Method.invoke(Native Method)
06-11 16:34:04.327 W/System.err(30431): 	at com.android.internal.os.RuntimeInit$MethodAndArgsCaller.run(RuntimeInit.java:548)
06-11 16:34:04.327 W/System.err(30431): 	at com.android.internal.os.ZygoteInit.main(ZygoteInit.java:948)
06-11 16:34:04.340 W/System.err(30431): java.lang.IllegalArgumentException: width and height must be > 0
06-11 16:34:04.341 W/System.err(30431): 	at android.graphics.Bitmap.createBitmap(Bitmap.java:1111)
06-11 16:34:04.341 W/System.err(30431): 	at android.graphics.Bitmap.createBitmap(Bitmap.java:1078)
06-11 16:34:04.341 W/System.err(30431): 	at android.graphics.Bitmap.createBitmap(Bitmap.java:1028)
06-11 16:34:04.341 W/System.err(30431): 	at android.graphics.Bitmap.createBitmap(Bitmap.java:989)
06-11 16:34:04.341 W/System.err(30431): 	at com.hotstar.feature.login.profile.customview.CircleImageView.c(SourceFile:46)
06-11 16:34:04.341 W/System.err(30431): 	at com.hotstar.feature.login.profile.customview.CircleImageView.setImageDrawable(SourceFile:4)
06-11 16:34:04.341 W/System.err(30431): 	at coil.target.ImageViewTarget.f(SourceFile:3)
06-11 16:34:04.341 W/System.err(30431): 	at coil.target.GenericViewTarget.h(SourceFile:19)
06-11 16:34:04.341 W/System.err(30431): 	at coil.target.GenericViewTarget.c(SourceFile:1)
06-11 16:34:04.341 W/System.err(30431): 	at coil.RealImageLoader.c(SourceFile:255)
06-11 16:34:04.341 W/System.err(30431): 	at coil.RealImageLoader$enqueue$job$1.invokeSuspend(SourceFile:32)
06-11 16:34:04.341 W/System.err(30431): 	at kotlin.coroutines.jvm.internal.BaseContinuationImpl.resumeWith(SourceFile:9)
06-11 16:34:04.341 W/System.err(30431): 	at Yg.i.a(SourceFile:129)
06-11 16:34:04.341 W/System.err(30431): 	at S3.A.s(SourceFile:11)
06-11 16:34:04.341 W/System.err(30431): 	at kotlinx.coroutines.a.p0(SourceFile:81)
06-11 16:34:04.341 W/System.err(30431): 	at kotlinx.coroutines.d.a(SourceFile:18)
06-11 16:34:04.341 W/System.err(30431): 	at coil.RealImageLoader.b(SourceFile:10)
06-11 16:34:04.342 W/System.err(30431): 	at coil.request.ViewTargetRequestManager.onViewAttachedToWindow(SourceFile:13)
06-11 16:34:04.342 W/System.err(30431): 	at android.view.View.dispatchAttachedToWindow(View.java:21302)
06-11 16:34:04.342 W/System.err(30431): 	at android.view.ViewGroup.dispatchAttachedToWindow(ViewGroup.java:3498)
06-11 16:34:04.342 W/System.err(30431): 	at android.view.ViewGroup.dispatchAttachedToWindow(ViewGroup.java:3498)
06-11 16:34:04.342 W/System.err(30431): 	at android.view.ViewGroup.addViewInner(ViewGroup.java:5291)
06-11 16:34:04.342 W/System.err(30431): 	at android.view.ViewGroup.addView(ViewGroup.java:5077)
06-11 16:34:04.342 W/System.err(30431): 	at android.view.ViewGroup.addView(ViewGroup.java:5017)
06-11 16:34:04.342 W/System.err(30431): 	at androidx.recyclerview.widget.e.a(SourceFile:26)
06-11 16:34:04.342 W/System.err(30431): 	at androidx.recyclerview.widget.RecyclerView$l.m(SourceFile:243)
06-11 16:34:04.342 W/System.err(30431): 	at androidx.recyclerview.widget.RecyclerView$l.l(SourceFile:3)
06-11 16:34:04.342 W/System.err(30431): 	at androidx.leanback.widget.GridLayoutManager$b.b(SourceFile:42)
06-11 16:34:04.342 W/System.err(30431): 	at androidx.leanback.widget.S.b(SourceFile:58)
06-11 16:34:04.342 W/System.err(30431): 	at androidx.leanback.widget.GridLayoutManager.a1(SourceFile:26)
06-11 16:34:04.342 W/System.err(30431): 	at androidx.leanback.widget.GridLayoutManager.v0(SourceFile:1188)
06-11 16:34:04.342 W/System.err(30431): 	at androidx.recyclerview.widget.RecyclerView.r(SourceFile:74)
06-11 16:34:04.342 W/System.err(30431): 	at androidx.recyclerview.widget.RecyclerView.p(SourceFile:72)
06-11 16:34:04.342 W/System.err(30431): 	at androidx.recyclerview.widget.RecyclerView.onLayout(SourceFile:8)
06-11 16:34:04.342 W/System.err(30431): 	at android.view.View.layout(View.java:23694)
06-11 16:34:04.342 W/System.err(30431): 	at android.view.ViewGroup.layout(ViewGroup.java:6413)
06-11 16:34:04.342 W/System.err(30431): 	at androidx.constraintlayout.widget.ConstraintLayout.onLayout(SourceFile:67)
06-11 16:34:04.342 W/System.err(30431): 	at android.view.View.layout(View.java:23694)
06-11 16:34:04.342 W/System.err(30431): 	at android.view.ViewGroup.layout(ViewGroup.java:6413)
06-11 16:34:04.342 W/System.err(30431): 	at android.widget.FrameLayout.layoutChildren(FrameLayout.java:332)
06-11 16:34:04.342 W/System.err(30431): 	at android.widget.FrameLayout.onLayout(FrameLayout.java:270)
06-11 16:34:04.342 W/System.err(30431): 	at android.view.View.layout(View.java:23694)
06-11 16:34:04.342 W/System.err(30431): 	at android.view.ViewGroup.layout(ViewGroup.java:6413)
06-11 16:34:04.342 W/System.err(30431): 	at android.widget.FrameLayout.layoutChildren(FrameLayout.java:332)
06-11 16:34:04.342 W/System.err(30431): 	at android.widget.FrameLayout.onLayout(FrameLayout.java:270)
06-11 16:34:04.342 W/System.err(30431): 	at android.view.View.layout(View.java:23694)
06-11 16:34:04.342 W/System.err(30431): 	at android.view.ViewGroup.layout(ViewGroup.java:6413)
06-11 16:34:04.342 W/System.err(30431): 	at androidx.constraintlayout.widget.ConstraintLayout.onLayout(SourceFile:67)
06-11 16:34:04.342 W/System.err(30431): 	at android.view.View.layout(View.java:23694)
06-11 16:34:04.342 W/System.err(30431): 	at android.view.ViewGroup.layout(ViewGroup.java:6413)
06-11 16:34:04.342 W/System.err(30431): 	at android.widget.FrameLayout.layoutChildren(FrameLayout.java:332)
06-11 16:34:04.342 W/System.err(30431): 	at android.widget.FrameLayout.onLayout(FrameLayout.java:270)
06-11 16:34:04.342 W/System.err(30431): 	at android.view.View.layout(View.java:23694)
06-11 16:34:04.342 W/System.err(30431): 	at android.view.ViewGroup.layout(ViewGroup.java:6413)
06-11 16:34:04.342 W/System.err(30431): 	at android.widget.FrameLayout.layoutChildren(FrameLayout.java:332)
06-11 16:34:04.342 W/System.err(30431): 	at android.widget.FrameLayout.onLayout(FrameLayout.java:270)
06-11 16:34:04.342 W/System.err(30431): 	at android.view.View.layout(View.java:23694)
06-11 16:34:04.342 W/System.err(30431): 	at android.view.ViewGroup.layout(ViewGroup.java:6413)
06-11 16:34:04.343 W/System.err(30431): 	at android.widget.FrameLayout.layoutChildren(FrameLayout.java:332)
06-11 16:34:04.343 W/System.err(30431): 	at android.widget.FrameLayout.onLayout(FrameLayout.java:270)
06-11 16:34:04.343 W/System.err(30431): 	at android.view.View.layout(View.java:23694)
06-11 16:34:04.343 W/System.err(30431): 	at android.view.ViewGroup.layout(ViewGroup.java:6413)
06-11 16:34:04.343 W/System.err(30431): 	at android.widget.FrameLayout.layoutChildren(FrameLayout.java:332)
06-11 16:34:04.343 W/System.err(30431): 	at android.widget.FrameLayout.onLayout(FrameLayout.java:270)
06-11 16:34:04.343 W/System.err(30431): 	at android.view.View.layout(View.java:23694)
06-11 16:34:04.343 W/System.err(30431): 	at android.view.ViewGroup.layout(ViewGroup.java:6413)
06-11 16:34:04.343 W/System.err(30431): 	at android.widget.FrameLayout.layoutChildren(FrameLayout.java:332)
06-11 16:34:04.343 W/System.err(30431): 	at android.widget.FrameLayout.onLayout(FrameLayout.java:270)
06-11 16:34:04.343 W/System.err(30431): 	at android.view.View.layout(View.java:23694)
06-11 16:34:04.343 W/System.err(30431): 	at android.view.ViewGroup.layout(ViewGroup.java:6413)
06-11 16:34:04.343 W/System.err(30431): 	at androidx.constraintlayout.widget.ConstraintLayout.onLayout(SourceFile:67)
06-11 16:34:04.343 W/System.err(30431): 	at android.view.View.layout(View.java:23694)
06-11 16:34:04.343 W/System.err(30431): 	at android.view.ViewGroup.layout(ViewGroup.java:6413)
06-11 16:34:04.343 W/System.err(30431): 	at android.widget.FrameLayout.layoutChildren(FrameLayout.java:332)
06-11 16:34:04.343 W/System.err(30431): 	at android.widget.FrameLayout.onLayout(FrameLayout.java:270)
06-11 16:34:04.343 W/System.err(30431): 	at android.view.View.layout(View.java:23694)
06-11 16:34:04.343 W/System.err(30431): 	at android.view.ViewGroup.layout(ViewGroup.java:6413)
06-11 16:34:04.343 W/System.err(30431): 	at android.widget.LinearLayout.setChildFrame(LinearLayout.java:1829)
06-11 16:34:04.343 W/System.err(30431): 	at android.widget.LinearLayout.layoutVertical(LinearLayout.java:1673)
06-11 16:34:04.343 W/System.err(30431): 	at android.widget.LinearLayout.onLayout(LinearLayout.java:1582)
06-11 16:34:04.343 W/System.err(30431): 	at android.view.View.layout(View.java:23694)
06-11 16:34:04.343 W/System.err(30431): 	at android.view.ViewGroup.layout(ViewGroup.java:6413)
06-11 16:34:04.343 W/System.err(30431): 	at android.widget.FrameLayout.layoutChildren(FrameLayout.java:332)
06-11 16:34:04.343 W/System.err(30431): 	at android.widget.FrameLayout.onLayout(FrameLayout.java:270)
06-11 16:34:04.343 W/System.err(30431): 	at com.android.internal.policy.DecorView.onLayout(DecorView.java:797)
06-11 16:34:04.343 W/System.err(30431): 	at android.view.View.layout(View.java:23694)
06-11 16:34:04.343 W/System.err(30431): 	at android.view.ViewGroup.layout(ViewGroup.java:6413)
06-11 16:34:04.343 W/System.err(30431): 	at android.view.ViewRootImpl.performLayout(ViewRootImpl.java:3935)
06-11 16:34:04.343 W/System.err(30431): 	at android.view.ViewRootImpl.performTraversals(ViewRootImpl.java:3322)
06-11 16:34:04.343 W/System.err(30431): 	at android.view.ViewRootImpl.doTraversal(ViewRootImpl.java:2300)
06-11 16:34:04.343 W/System.err(30431): 	at android.view.ViewRootImpl$TraversalRunnable.run(ViewRootImpl.java:9015)
06-11 16:34:04.343 W/System.err(30431): 	at android.view.Choreographer$CallbackRecord.run(Choreographer.java:1231)
06-11 16:34:04.343 W/System.err(30431): 	at android.view.Choreographer$CallbackRecord.run(Choreographer.java:1239)
06-11 16:34:04.343 W/System.err(30431): 	at android.view.Choreographer.doCallbacks(Choreographer.java:899)
06-11 16:34:04.343 W/System.err(30431): 	at android.view.Choreographer.doFrame(Choreographer.java:832)
06-11 16:34:04.344 W/System.err(30431): 	at android.view.Choreographer$FrameDisplayEventReceiver.run(Choreographer.java:1214)
06-11 16:34:04.344 W/System.err(30431): 	at android.os.Handler.handleCallback(Handler.java:942)
06-11 16:34:04.344 W/System.err(30431): 	at android.os.Handler.dispatchMessage(Handler.java:99)
06-11 16:34:04.344 W/System.err(30431): 	at android.os.Looper.loopOnce(Looper.java:201)
06-11 16:34:04.344 W/System.err(30431): 	at android.os.Looper.loop(Looper.java:288)
06-11 16:34:04.344 W/System.err(30431): 	at android.app.ActivityThread.main(ActivityThread.java:7905)
06-11 16:34:04.344 W/System.err(30431): 	at java.lang.reflect.Method.invoke(Native Method)
06-11 16:34:04.344 W/System.err(30431): 	at com.android.internal.os.RuntimeInit$MethodAndArgsCaller.run(RuntimeInit.java:548)
06-11 16:34:04.344 W/System.err(30431): 	at com.android.internal.os.ZygoteInit.main(ZygoteInit.java:948)
06-11 16:34:04.356 W/System.err(30431): java.lang.IllegalArgumentException: width and height must be > 0
06-11 16:34:04.357 W/System.err(30431): 	at android.graphics.Bitmap.createBitmap(Bitmap.java:1111)
06-11 16:34:04.357 W/System.err(30431): 	at android.graphics.Bitmap.createBitmap(Bitmap.java:1078)
06-11 16:34:04.357 W/System.err(30431): 	at android.graphics.Bitmap.createBitmap(Bitmap.java:1028)
06-11 16:34:04.357 W/System.err(30431): 	at android.graphics.Bitmap.createBitmap(Bitmap.java:989)
06-11 16:34:04.357 W/System.err(30431): 	at com.hotstar.feature.login.profile.customview.CircleImageView.c(SourceFile:46)
06-11 16:34:04.357 W/System.err(30431): 	at com.hotstar.feature.login.profile.customview.CircleImageView.setImageDrawable(SourceFile:4)
06-11 16:34:04.357 W/System.err(30431): 	at coil.target.ImageViewTarget.f(SourceFile:3)
06-11 16:34:04.357 W/System.err(30431): 	at coil.target.GenericViewTarget.h(SourceFile:19)
06-11 16:34:04.357 W/System.err(30431): 	at coil.target.GenericViewTarget.c(SourceFile:1)
06-11 16:34:04.357 W/System.err(30431): 	at coil.RealImageLoader.c(SourceFile:255)
06-11 16:34:04.357 W/System.err(30431): 	at coil.RealImageLoader$enqueue$job$1.invokeSuspend(SourceFile:32)
06-11 16:34:04.357 W/System.err(30431): 	at kotlin.coroutines.jvm.internal.BaseContinuationImpl.resumeWith(SourceFile:9)
06-11 16:34:04.357 W/System.err(30431): 	at Yg.i.a(SourceFile:129)
06-11 16:34:04.357 W/System.err(30431): 	at S3.A.s(SourceFile:11)
06-11 16:34:04.357 W/System.err(30431): 	at kotlinx.coroutines.a.p0(SourceFile:81)
06-11 16:34:04.357 W/System.err(30431): 	at kotlinx.coroutines.d.a(SourceFile:18)
06-11 16:34:04.357 W/System.err(30431): 	at coil.RealImageLoader.b(SourceFile:10)
06-11 16:34:04.357 W/System.err(30431): 	at coil.request.ViewTargetRequestManager.onViewAttachedToWindow(SourceFile:13)
06-11 16:34:04.357 W/System.err(30431): 	at android.view.View.dispatchAttachedToWindow(View.java:21302)
06-11 16:34:04.357 W/System.err(30431): 	at android.view.ViewGroup.dispatchAttachedToWindow(ViewGroup.java:3498)
06-11 16:34:04.357 W/System.err(30431): 	at android.view.ViewGroup.dispatchAttachedToWindow(ViewGroup.java:3498)
06-11 16:34:04.357 W/System.err(30431): 	at android.view.ViewGroup.addViewInner(ViewGroup.java:5291)
06-11 16:34:04.357 W/System.err(30431): 	at android.view.ViewGroup.addView(ViewGroup.java:5077)
06-11 16:34:04.358 W/System.err(30431): 	at android.view.ViewGroup.addView(ViewGroup.java:5017)
06-11 16:34:04.358 W/System.err(30431): 	at androidx.recyclerview.widget.e.a(SourceFile:26)
06-11 16:34:04.358 W/System.err(30431): 	at androidx.recyclerview.widget.RecyclerView$l.m(SourceFile:243)
06-11 16:34:04.358 W/System.err(30431): 	at androidx.recyclerview.widget.RecyclerView$l.l(SourceFile:3)
06-11 16:34:04.358 W/System.err(30431): 	at androidx.leanback.widget.GridLayoutManager$b.b(SourceFile:42)
06-11 16:34:04.358 W/System.err(30431): 	at androidx.leanback.widget.S.b(SourceFile:58)
06-11 16:34:04.358 W/System.err(30431): 	at androidx.leanback.widget.GridLayoutManager.a1(SourceFile:26)
06-11 16:34:04.358 W/System.err(30431): 	at androidx.leanback.widget.GridLayoutManager.v0(SourceFile:1188)
06-11 16:34:04.358 W/System.err(30431): 	at androidx.recyclerview.widget.RecyclerView.r(SourceFile:74)
06-11 16:34:04.358 W/System.err(30431): 	at androidx.recyclerview.widget.RecyclerView.p(SourceFile:72)
06-11 16:34:04.358 W/System.err(30431): 	at androidx.recyclerview.widget.RecyclerView.onLayout(SourceFile:8)
06-11 16:34:04.358 W/System.err(30431): 	at android.view.View.layout(View.java:23694)
06-11 16:34:04.358 W/System.err(30431): 	at android.view.ViewGroup.layout(ViewGroup.java:6413)
06-11 16:34:04.358 W/System.err(30431): 	at androidx.constraintlayout.widget.ConstraintLayout.onLayout(SourceFile:67)
06-11 16:34:04.358 W/System.err(30431): 	at android.view.View.layout(View.java:23694)
06-11 16:34:04.358 W/System.err(30431): 	at android.view.ViewGroup.layout(ViewGroup.java:6413)
06-11 16:34:04.358 W/System.err(30431): 	at android.widget.FrameLayout.layoutChildren(FrameLayout.java:332)
06-11 16:34:04.358 W/System.err(30431): 	at android.widget.FrameLayout.onLayout(FrameLayout.java:270)
06-11 16:34:04.358 W/System.err(30431): 	at android.view.View.layout(View.java:23694)
06-11 16:34:04.358 W/System.err(30431): 	at android.view.ViewGroup.layout(ViewGroup.java:6413)
06-11 16:34:04.358 W/System.err(30431): 	at android.widget.FrameLayout.layoutChildren(FrameLayout.java:332)
06-11 16:34:04.358 W/System.err(30431): 	at android.widget.FrameLayout.onLayout(FrameLayout.java:270)
06-11 16:34:04.358 W/System.err(30431): 	at android.view.View.layout(View.java:23694)
06-11 16:34:04.358 W/System.err(30431): 	at android.view.ViewGroup.layout(ViewGroup.java:6413)
06-11 16:34:04.358 W/System.err(30431): 	at androidx.constraintlayout.widget.ConstraintLayout.onLayout(SourceFile:67)
06-11 16:34:04.358 W/System.err(30431): 	at android.view.View.layout(View.java:23694)
06-11 16:34:04.358 W/System.err(30431): 	at android.view.ViewGroup.layout(ViewGroup.java:6413)
06-11 16:34:04.358 W/System.err(30431): 	at android.widget.FrameLayout.layoutChildren(FrameLayout.java:332)
06-11 16:34:04.358 W/System.err(30431): 	at android.widget.FrameLayout.onLayout(FrameLayout.java:270)
06-11 16:34:04.358 W/System.err(30431): 	at android.view.View.layout(View.java:23694)
06-11 16:34:04.358 W/System.err(30431): 	at android.view.ViewGroup.layout(ViewGroup.java:6413)
06-11 16:34:04.358 W/System.err(30431): 	at android.widget.FrameLayout.layoutChildren(FrameLayout.java:332)
06-11 16:34:04.358 W/System.err(30431): 	at android.widget.FrameLayout.onLayout(FrameLayout.java:270)
06-11 16:34:04.358 W/System.err(30431): 	at android.view.View.layout(View.java:23694)
06-11 16:34:04.358 W/System.err(30431): 	at android.view.ViewGroup.layout(ViewGroup.java:6413)
06-11 16:34:04.358 W/System.err(30431): 	at android.widget.FrameLayout.layoutChildren(FrameLayout.java:332)
06-11 16:34:04.358 W/System.err(30431): 	at android.widget.FrameLayout.onLayout(FrameLayout.java:270)
06-11 16:34:04.358 W/System.err(30431): 	at android.view.View.layout(View.java:23694)
06-11 16:34:04.358 W/System.err(30431): 	at android.view.ViewGroup.layout(ViewGroup.java:6413)
06-11 16:34:04.358 W/System.err(30431): 	at android.widget.FrameLayout.layoutChildren(FrameLayout.java:332)
06-11 16:34:04.358 W/System.err(30431): 	at android.widget.FrameLayout.onLayout(FrameLayout.java:270)
06-11 16:34:04.358 W/System.err(30431): 	at android.view.View.layout(View.java:23694)
06-11 16:34:04.359 W/System.err(30431): 	at android.view.ViewGroup.layout(ViewGroup.java:6413)
06-11 16:34:04.359 W/System.err(30431): 	at android.widget.FrameLayout.layoutChildren(FrameLayout.java:332)
06-11 16:34:04.359 W/System.err(30431): 	at android.widget.FrameLayout.onLayout(FrameLayout.java:270)
06-11 16:34:04.359 W/System.err(30431): 	at android.view.View.layout(View.java:23694)
06-11 16:34:04.359 W/System.err(30431): 	at android.view.ViewGroup.layout(ViewGroup.java:6413)
06-11 16:34:04.359 W/System.err(30431): 	at androidx.constraintlayout.widget.ConstraintLayout.onLayout(SourceFile:67)
06-11 16:34:04.359 W/System.err(30431): 	at android.view.View.layout(View.java:23694)
06-11 16:34:04.359 W/System.err(30431): 	at android.view.ViewGroup.layout(ViewGroup.java:6413)
06-11 16:34:04.359 W/System.err(30431): 	at android.widget.FrameLayout.layoutChildren(FrameLayout.java:332)
06-11 16:34:04.359 W/System.err(30431): 	at android.widget.FrameLayout.onLayout(FrameLayout.java:270)
06-11 16:34:04.359 W/System.err(30431): 	at android.view.View.layout(View.java:23694)
06-11 16:34:04.359 W/System.err(30431): 	at android.view.ViewGroup.layout(ViewGroup.java:6413)
06-11 16:34:04.359 W/System.err(30431): 	at android.widget.LinearLayout.setChildFrame(LinearLayout.java:1829)
06-11 16:34:04.359 W/System.err(30431): 	at android.widget.LinearLayout.layoutVertical(LinearLayout.java:1673)
06-11 16:34:04.359 W/System.err(30431): 	at android.widget.LinearLayout.onLayout(LinearLayout.java:1582)
06-11 16:34:04.359 W/System.err(30431): 	at android.view.View.layout(View.java:23694)
06-11 16:34:04.359 W/System.err(30431): 	at android.view.ViewGroup.layout(ViewGroup.java:6413)
06-11 16:34:04.359 W/System.err(30431): 	at android.widget.FrameLayout.layoutChildren(FrameLayout.java:332)
06-11 16:34:04.359 W/System.err(30431): 	at android.widget.FrameLayout.onLayout(FrameLayout.java:270)
06-11 16:34:04.359 W/System.err(30431): 	at com.android.internal.policy.DecorView.onLayout(DecorView.java:797)
06-11 16:34:04.359 W/System.err(30431): 	at android.view.View.layout(View.java:23694)
06-11 16:34:04.359 W/System.err(30431): 	at android.view.ViewGroup.layout(ViewGroup.java:6413)
06-11 16:34:04.359 W/System.err(30431): 	at android.view.ViewRootImpl.performLayout(ViewRootImpl.java:3935)
06-11 16:34:04.359 W/System.err(30431): 	at android.view.ViewRootImpl.performTraversals(ViewRootImpl.java:3322)
06-11 16:34:04.359 W/System.err(30431): 	at android.view.ViewRootImpl.doTraversal(ViewRootImpl.java:2300)
06-11 16:34:04.359 W/System.err(30431): 	at android.view.ViewRootImpl$TraversalRunnable.run(ViewRootImpl.java:9015)
06-11 16:34:04.359 W/System.err(30431): 	at android.view.Choreographer$CallbackRecord.run(Choreographer.java:1231)
06-11 16:34:04.359 W/System.err(30431): 	at android.view.Choreographer$CallbackRecord.run(Choreographer.java:1239)
06-11 16:34:04.359 W/System.err(30431): 	at android.view.Choreographer.doCallbacks(Choreographer.java:899)
06-11 16:34:04.359 W/System.err(30431): 	at android.view.Choreographer.doFrame(Choreographer.java:832)
06-11 16:34:04.359 W/System.err(30431): 	at android.view.Choreographer$FrameDisplayEventReceiver.run(Choreographer.java:1214)
06-11 16:34:04.359 W/System.err(30431): 	at android.os.Handler.handleCallback(Handler.java:942)
06-11 16:34:04.359 W/System.err(30431): 	at android.os.Handler.dispatchMessage(Handler.java:99)
06-11 16:34:04.359 W/System.err(30431): 	at android.os.Looper.loopOnce(Looper.java:201)
06-11 16:34:04.359 W/System.err(30431): 	at android.os.Looper.loop(Looper.java:288)
06-11 16:34:04.359 W/System.err(30431): 	at android.app.ActivityThread.main(ActivityThread.java:7905)
06-11 16:34:04.360 W/System.err(30431): 	at java.lang.reflect.Method.invoke(Native Method)
06-11 16:34:04.360 W/System.err(30431): 	at com.android.internal.os.RuntimeInit$MethodAndArgsCaller.run(RuntimeInit.java:548)
06-11 16:34:04.360 W/System.err(30431): 	at com.android.internal.os.ZygoteInit.main(ZygoteInit.java:948)
06-11 16:34:04.383 W/View    (30431): requestLayout() improperly called by com.hotstar.feature.login.profile.customview.CircleImageView{8455ed VFED..C.. ..S...ID 9,10-118,119 #7f0b02d8 app:id/iv_profile} during layout: running second layout pass
06-11 16:34:04.383 W/View    (30431): requestLayout() improperly called by com.hotstar.core.commonui.molecules.HSTextView{d9de2a3 V.ED..... ..S...ID 9,144-118,179 #7f0b04c0 app:id/profile_name} during layout: running second layout pass
06-11 16:34:04.383 W/View    (30431): requestLayout() improperly called by androidx.constraintlayout.widget.ConstraintLayout{c98b1d2 V.E...... ..S...ID 0,0-127,128 #7f0b02da app:id/iv_profile_view} during layout: running second layout pass
06-11 16:34:04.406 V/InputMethodManagerService(  617): startInputOrWindowGainedFocusInternalLocked: reason=CHECK_FOCUS client=android.os.BinderProxy@f647cab inputContext=null attribute=android.view.inputmethod.EditorInfo@93b05ba startInputFlags=VIEW_HAS_FOCUS|INITIAL_CONNECTION softInputMode=STATE_UNSPECIFIED|ADJUST_RESIZE windowFlags=#81810100 unverifiedTargetSdkVersion=34 imeDispatcher=android.window.ImeOnBackInvokedDispatcher@1bc4c6b
06-11 16:34:04.407 V/InputMethodManagerService(  617): Creating new accessibility sessions for client ClientState{fe08667 uid=10063 pid=30431 displayId=0}
06-11 16:34:04.698 I/.startv.hotstar(30431): Background concurrent copying GC freed 61168(2438KB) AllocSpace objects, 19(1512KB) LOS objects, 25% free, 11MB/14MB, paused 934us,152us total 373.802ms
06-11 16:34:04.788 E/ocessService1:0(25474): failed to create Unix domain socket: Operation not permitted
06-11 16:34:04.910 D/JioSettings( 2620): r0 : nonInteractiveSleep: count::0::timeout::0
06-11 16:34:04.911 D/JioSettings( 2620): r0 : inactivity: count::137::timeout::480
06-11 16:34:04.913 D/JioSettings( 2620): r0 : startScheduler::isScreenOFF::false::isMusicInProgress::false::isDreaming::false
06-11 16:34:04.914 D/JioSettings( 2620): r0 : startScheduler::isInactivityReached::false::isInactivityOverlayShown::false
06-11 16:34:05.280 I/TRuntime.CctTransportBackend(30431): Status Code: 200
06-11 16:34:05.658 I/thermal2(  444): Sending notification:  Type: CPU Name: soc_thermal CurrentValue: 64.6 ThrottlingStatus: NONE
06-11 16:34:05.915 D/JioSettings( 2620): r0 : nonInteractiveSleep: count::0::timeout::0
06-11 16:34:05.915 D/JioSettings( 2620): r0 : inactivity: count::138::timeout::480
06-11 16:34:05.916 D/JioSettings( 2620): r0 : startScheduler::isScreenOFF::false::isMusicInProgress::false::isDreaming::false
06-11 16:34:05.916 D/JioSettings( 2620): r0 : startScheduler::isInactivityReached::false::isInactivityOverlayShown::false
06-11 16:34:06.211 I/appium  (30369): The following attributes will be included to the page source: [resource-id]
06-11 16:34:06.242 D/ProfileInstaller(30431): Skipping profile installation for in.startv.hotstar
06-11 16:34:06.446 I/appium  (30369): Took 0ms to retrieve 1 matches for '//android.widget.ImageView[@resource-id='in.startv.hotstar:id/iv_profile']' XPath2 query
06-11 16:34:06.455 W/tomator2.server(30369): Accessing hidden method Landroid/view/MotionEvent;->setDisplayId(I)V (blocked,test-api, reflection, allowed)
06-11 16:34:06.488 W/tomator2.server(30369): Accessing hidden field Landroid/view/accessibility/AccessibilityNodeInfo;->mSourceNodeId:J (unsupported, reflection, allowed)
06-11 16:34:06.504 I/appium  (30369): AppiumResponse: {"sessionId":"cdc23416-aa89-4d76-bbe0-b2958cdbcf09","value":{"ELEMENT":"00000000-0000-0002-ffff-ffff00000054","element-6066-11e4-a52e-4f735466cecf":"00000000-0000-0002-ffff-ffff00000054"}}
06-11 16:34:06.508 I/tomator2.server(30369): Background concurrent copying GC freed 33977(1947KB) AllocSpace objects, 12(1632KB) LOS objects, 24% free, 5451KB/7268KB, paused 255us,58us total 100.203ms
06-11 16:34:06.534 I/appium  (30369): channel read: GET /session/cdc23416-aa89-4d76-bbe0-b2958cdbcf09/element/00000000-0000-0002-ffff-ffff00000054/attribute/displayed
06-11 16:34:06.536 I/appium  (30369): GetElementAttribute command
06-11 16:34:06.547 I/appium  (30369): AppiumResponse: {"sessionId":"cdc23416-aa89-4d76-bbe0-b2958cdbcf09","value":"true"}
06-11 16:34:06.584 I/appium  (30369): channel read: POST /session/cdc23416-aa89-4d76-bbe0-b2958cdbcf09/element/00000000-0000-0002-ffff-ffff00000054/click
06-11 16:34:06.586 I/appium  (30369): Click command
06-11 16:34:06.594 E/WifiVendorHal(  617): getWifiLinkLayerStats_1_6_Internal(l.1199) failed {.code = ERROR_UNKNOWN, .description = unknown error}
06-11 16:34:06.680 W/GestureController(30369): Gestures took longer than expected (76ms >> 16ms), device might be in a busy state.
06-11 16:34:06.680 I/appium  (30369): Waiting up to 10000ms for the device to idle
06-11 16:34:06.788 E/ocessService1:0(25474): failed to create Unix domain socket: Operation not permitted
06-11 16:34:06.918 D/JioSettings( 2620): r0 : nonInteractiveSleep: count::0::timeout::0
06-11 16:34:06.918 D/JioSettings( 2620): r0 : inactivity: count::139::timeout::480
06-11 16:34:06.919 D/JioSettings( 2620): r0 : startScheduler::isScreenOFF::false::isMusicInProgress::false::isDreaming::false
06-11 16:34:06.919 D/JioSettings( 2620): r0 : startScheduler::isInactivityReached::false::isInactivityOverlayShown::false
06-11 16:34:07.163 I/appium  (30369): AppiumResponse: {"sessionId":"cdc23416-aa89-4d76-bbe0-b2958cdbcf09","value":null}
06-11 16:34:07.194 I/appium  (30369): channel read: POST /session/cdc23416-aa89-4d76-bbe0-b2958cdbcf09/appium/device/press_keycode
06-11 16:34:07.195 I/appium  (30369): PressKeyCode command
06-11 16:34:07.195 I/appium  (30369): Calling PressKeyCode... 
06-11 16:34:07.201 D/UiDevice(30369): Pressing keycodes [66] with modifier 0.
06-11 16:34:07.221 D/WindowManager(  617): interceptKeyBeforeQueueing 
06-11 16:34:07.222 D/WindowManager(  617): keyCode: 66 down: true isWakeKey: false deviceName: Virtual KeyCode: KEYCODE_ENTER
06-11 16:34:07.228 I/IWediaGlobalKeysHelper(  617): No keys to Block
06-11 16:34:07.248 D/NavigtionSlippingUI( 1022): event.getKeyCode()=66
06-11 16:34:07.257 D/WindowManager(  617): interactive: true
06-11 16:34:07.258 D/WindowManager(  617): enter interceptKeyBeforeDispatching 1
06-11 16:34:07.259 I/IWediaGlobalKeysHelper(  617): No keys to Block
06-11 16:34:07.259 I/WindowManager(  617): cvteInterceptKeyBeforeDispatching Go in event =66
06-11 16:34:07.259 D/WindowManager(  617): enter cvteInterceptKeyBeforeDispatching onGlobalKeyEvent
06-11 16:34:07.259 D/Evan    ( 1022): onGlobalKeyEvent keycode=66
06-11 16:34:07.266 D/WindowManager(  617): onGlobalKeyEvent ret = false
06-11 16:34:07.266 D/WindowManager(  617): enter interceptKeyBeforeDispatching 3
06-11 16:34:07.266 D/JioSettings( 2620): a : onReceive::action::com.iwedia.inactivtytimer.INACTIVITY_RESET
06-11 16:34:07.267 D/GlobalKeyManager(  617): handleGlobalKey 66 KeyEvent { action=ACTION_DOWN, keyCode=KEYCODE_ENTER, scanCode=0, metaState=0, flags=0x0, repeatCount=0, eventTime=17531150000000, downTime=17531150000000, deviceId=-1, source=0x101, displayId=-1 }
06-11 16:34:07.281 D/WindowManager(  617): interceptKeyBeforeQueueing 
06-11 16:34:07.281 D/WindowManager(  617): keyCode: 66 down: false isWakeKey: false deviceName: Virtual KeyCode: KEYCODE_ENTER
06-11 16:34:07.282 I/IWediaGlobalKeysHelper(  617): No keys to Block
06-11 16:34:07.285 D/NavigtionSlippingUI( 1022): event.getKeyCode()=66
06-11 16:34:07.285 D/WindowManager(  617): interactive: true
06-11 16:34:07.286 D/WindowManager(  617): enter interceptKeyBeforeDispatching 1
06-11 16:34:07.286 I/IWediaGlobalKeysHelper(  617): No keys to Block
06-11 16:34:07.287 I/WindowManager(  617): cvteInterceptKeyBeforeDispatching Go in event =66
06-11 16:34:07.287 D/WindowManager(  617): enter cvteInterceptKeyBeforeDispatching onGlobalKeyEvent
06-11 16:34:07.287 D/Evan    ( 1022): onGlobalKeyEvent keycode=66
06-11 16:34:07.288 D/JioSettings( 2620): a : onReceive::action::com.iwedia.inactivtytimer.INACTIVITY_RESET
06-11 16:34:07.294 D/WindowManager(  617): onGlobalKeyEvent ret = false
06-11 16:34:07.294 D/WindowManager(  617): enter interceptKeyBeforeDispatching 3
06-11 16:34:07.294 D/GlobalKeyManager(  617): handleGlobalKey 66 KeyEvent { action=ACTION_UP, keyCode=KEYCODE_ENTER, scanCode=0, metaState=0, flags=0x0, repeatCount=0, eventTime=17531150000000, downTime=17531150000000, deviceId=-1, source=0x101, displayId=-1 }
06-11 16:34:07.324 I/appium  (30369): AppiumResponse: {"sessionId":"cdc23416-aa89-4d76-bbe0-b2958cdbcf09","value":null}
06-11 16:34:07.679 I/thermal2(  444): Sending notification:  Type: CPU Name: soc_thermal CurrentValue: 65.1 ThrottlingStatus: LIGHT
