06-11 21:41:22.252 W/System.err(23923): 	at android.widget.FrameLayout.onLayout(FrameLayout.java:270)
06-11 21:41:22.252 W/System.err(23923): 	at android.view.View.layout(View.java:22844)
06-11 21:41:22.253 W/System.err(23923): 	at android.view.ViewGroup.layout(ViewGroup.java:6389)
06-11 21:41:22.253 W/System.err(23923): 	at android.widget.FrameLayout.layoutChildren(FrameLayout.java:332)
06-11 21:41:22.253 W/System.err(23923): 	at android.widget.FrameLayout.onLayout(FrameLayout.java:270)
06-11 21:41:22.253 W/System.err(23923): 	at android.view.View.layout(View.java:22844)
06-11 21:41:22.253 W/System.err(23923): 	at android.view.ViewGroup.layout(ViewGroup.java:6389)
06-11 21:41:22.253 W/System.err(23923): 	at android.widget.FrameLayout.layoutChildren(FrameLayout.java:332)
06-11 21:41:22.253 W/System.err(23923): 	at android.widget.FrameLayout.onLayout(FrameLayout.java:270)
06-11 21:41:22.253 W/System.err(23923): 	at android.view.View.layout(View.java:22844)
06-11 21:41:22.253 W/System.err(23923): 	at android.view.ViewGroup.layout(ViewGroup.java:6389)
06-11 21:41:22.253 W/System.err(23923): 	at android.widget.FrameLayout.layoutChildren(FrameLayout.java:332)
06-11 21:41:22.253 W/System.err(23923): 	at android.widget.FrameLayout.onLayout(FrameLayout.java:270)
06-11 21:41:22.253 W/System.err(23923): 	at android.view.View.layout(View.java:22844)
06-11 21:41:22.253 W/System.err(23923): 	at android.view.ViewGroup.layout(ViewGroup.java:6389)
06-11 21:41:22.253 W/System.err(23923): 	at androidx.constraintlayout.widget.ConstraintLayout.onLayout(SourceFile:67)
06-11 21:41:22.253 W/System.err(23923): 	at android.view.View.layout(View.java:22844)
06-11 21:41:22.253 W/System.err(23923): 	at android.view.ViewGroup.layout(ViewGroup.java:6389)
06-11 21:41:22.253 W/System.err(23923): 	at android.widget.FrameLayout.layoutChildren(FrameLayout.java:332)
06-11 21:41:22.253 W/System.err(23923): 	at android.widget.FrameLayout.onLayout(FrameLayout.java:270)
06-11 21:41:22.253 W/System.err(23923): 	at android.view.View.layout(View.java:22844)
06-11 21:41:22.253 W/System.err(23923): 	at android.view.ViewGroup.layout(ViewGroup.java:6389)
06-11 21:41:22.253 W/System.err(23923): 	at android.widget.LinearLayout.setChildFrame(LinearLayout.java:1829)
06-11 21:41:22.253 W/System.err(23923): 	at android.widget.LinearLayout.layoutVertical(LinearLayout.java:1673)
06-11 21:41:22.253 W/System.err(23923): 	at android.widget.LinearLayout.onLayout(LinearLayout.java:1582)
06-11 21:41:22.253 W/System.err(23923): 	at android.view.View.layout(View.java:22844)
06-11 21:41:22.253 W/System.err(23923): 	at android.view.ViewGroup.layout(ViewGroup.java:6389)
06-11 21:41:22.254 W/System.err(23923): 	at android.widget.FrameLayout.layoutChildren(FrameLayout.java:332)
06-11 21:41:22.254 W/System.err(23923): 	at android.widget.FrameLayout.onLayout(FrameLayout.java:270)
06-11 21:41:22.254 W/System.err(23923): 	at com.android.internal.policy.DecorView.onLayout(DecorView.java:784)
06-11 21:41:22.254 W/System.err(23923): 	at android.view.View.layout(View.java:22844)
06-11 21:41:22.254 W/System.err(23923): 	at android.view.ViewGroup.layout(ViewGroup.java:6389)
06-11 21:41:22.254 W/System.err(23923): 	at android.view.ViewRootImpl.performLayout(ViewRootImpl.java:3475)
06-11 21:41:22.254 W/System.err(23923): 	at android.view.ViewRootImpl.performTraversals(ViewRootImpl.java:2943)
06-11 21:41:22.254 W/System.err(23923): 	at android.view.ViewRootImpl.doTraversal(ViewRootImpl.java:1948)
06-11 21:41:22.254 W/System.err(23923): 	at android.view.ViewRootImpl$TraversalRunnable.run(ViewRootImpl.java:8177)
06-11 21:41:22.254 W/System.err(23923): 	at android.view.Choreographer$CallbackRecord.run(Choreographer.java:972)
06-11 21:41:22.254 W/System.err(23923): 	at android.view.Choreographer.doCallbacks(Choreographer.java:796)
06-11 21:41:22.254 W/System.err(23923): 	at android.view.Choreographer.doFrame(Choreographer.java:731)
06-11 21:41:22.254 W/System.err(23923): 	at android.view.Choreographer$FrameDisplayEventReceiver.run(Choreographer.java:957)
06-11 21:41:22.254 W/System.err(23923): 	at android.os.Handler.handleCallback(Handler.java:938)
06-11 21:41:22.254 W/System.err(23923): 	at android.os.Handler.dispatchMessage(Handler.java:99)
06-11 21:41:22.254 W/System.err(23923): 	at android.os.Looper.loop(Looper.java:223)
06-11 21:41:22.254 W/System.err(23923): 	at android.app.ActivityThread.main(ActivityThread.java:7664)
06-11 21:41:22.254 W/System.err(23923): 	at java.lang.reflect.Method.invoke(Native Method)
06-11 21:41:22.254 W/System.err(23923): 	at com.android.internal.os.RuntimeInit$MethodAndArgsCaller.run(RuntimeInit.java:592)
06-11 21:41:22.254 W/System.err(23923): 	at com.android.internal.os.ZygoteInit.main(ZygoteInit.java:952)
06-11 21:41:22.274 W/System.err(23923): java.lang.IllegalArgumentException: width and height must be > 0
06-11 21:41:22.275 W/System.err(23923): 	at android.graphics.Bitmap.createBitmap(Bitmap.java:1113)
06-11 21:41:22.275 W/System.err(23923): 	at android.graphics.Bitmap.createBitmap(Bitmap.java:1080)
06-11 21:41:22.275 W/System.err(23923): 	at android.graphics.Bitmap.createBitmap(Bitmap.java:1030)
06-11 21:41:22.275 W/System.err(23923): 	at android.graphics.Bitmap.createBitmap(Bitmap.java:991)
06-11 21:41:22.275 W/System.err(23923): 	at com.hotstar.feature.login.profile.customview.CircleImageView.c(SourceFile:46)
06-11 21:41:22.275 W/System.err(23923): 	at com.hotstar.feature.login.profile.customview.CircleImageView.setImageDrawable(SourceFile:4)
06-11 21:41:22.275 W/System.err(23923): 	at coil.target.ImageViewTarget.f(SourceFile:3)
06-11 21:41:22.275 W/System.err(23923): 	at coil.target.GenericViewTarget.h(SourceFile:19)
06-11 21:41:22.275 W/System.err(23923): 	at coil.target.GenericViewTarget.c(SourceFile:1)
06-11 21:41:22.275 W/System.err(23923): 	at coil.RealImageLoader.c(SourceFile:255)
06-11 21:41:22.275 W/System.err(23923): 	at coil.RealImageLoader$enqueue$job$1.invokeSuspend(SourceFile:32)
06-11 21:41:22.275 W/System.err(23923): 	at kotlin.coroutines.jvm.internal.BaseContinuationImpl.resumeWith(SourceFile:9)
06-11 21:41:22.275 W/System.err(23923): 	at Yg.i.a(SourceFile:129)
06-11 21:41:22.275 W/System.err(23923): 	at S3.A.s(SourceFile:11)
06-11 21:41:22.275 W/System.err(23923): 	at kotlinx.coroutines.a.p0(SourceFile:81)
06-11 21:41:22.276 W/System.err(23923): 	at kotlinx.coroutines.d.a(SourceFile:18)
06-11 21:41:22.276 W/System.err(23923): 	at coil.RealImageLoader.b(SourceFile:10)
06-11 21:41:22.276 W/System.err(23923): 	at coil.request.ViewTargetRequestManager.onViewAttachedToWindow(SourceFile:13)
06-11 21:41:22.276 W/System.err(23923): 	at android.view.View.dispatchAttachedToWindow(View.java:20490)
06-11 21:41:22.276 W/System.err(23923): 	at android.view.ViewGroup.dispatchAttachedToWindow(ViewGroup.java:3496)
06-11 21:41:22.276 W/System.err(23923): 	at android.view.ViewGroup.dispatchAttachedToWindow(ViewGroup.java:3496)
06-11 21:41:22.276 W/System.err(23923): 	at android.view.ViewGroup.addViewInner(ViewGroup.java:5278)
06-11 21:41:22.276 W/System.err(23923): 	at android.view.ViewGroup.addView(ViewGroup.java:5064)
06-11 21:41:22.276 W/System.err(23923): 	at android.view.ViewGroup.addView(ViewGroup.java:5004)
06-11 21:41:22.276 W/System.err(23923): 	at androidx.recyclerview.widget.e.a(SourceFile:26)
06-11 21:41:22.276 W/System.err(23923): 	at androidx.recyclerview.widget.RecyclerView$l.m(SourceFile:243)
06-11 21:41:22.276 W/System.err(23923): 	at androidx.recyclerview.widget.RecyclerView$l.l(SourceFile:3)
06-11 21:41:22.276 W/System.err(23923): 	at androidx.leanback.widget.GridLayoutManager$b.b(SourceFile:42)
06-11 21:41:22.276 W/System.err(23923): 	at androidx.leanback.widget.S.b(SourceFile:58)
06-11 21:41:22.276 W/System.err(23923): 	at androidx.leanback.widget.GridLayoutManager.a1(SourceFile:26)
06-11 21:41:22.276 W/System.err(23923): 	at androidx.leanback.widget.GridLayoutManager.v0(SourceFile:1188)
06-11 21:41:22.276 W/System.err(23923): 	at androidx.recyclerview.widget.RecyclerView.r(SourceFile:74)
06-11 21:41:22.276 W/System.err(23923): 	at androidx.recyclerview.widget.RecyclerView.p(SourceFile:72)
06-11 21:41:22.276 W/System.err(23923): 	at androidx.recyclerview.widget.RecyclerView.onLayout(SourceFile:8)
06-11 21:41:22.276 W/System.err(23923): 	at android.view.View.layout(View.java:22844)
06-11 21:41:22.276 W/System.err(23923): 	at android.view.ViewGroup.layout(ViewGroup.java:6389)
06-11 21:41:22.276 W/System.err(23923): 	at androidx.constraintlayout.widget.ConstraintLayout.onLayout(SourceFile:67)
06-11 21:41:22.276 W/System.err(23923): 	at android.view.View.layout(View.java:22844)
06-11 21:41:22.277 W/System.err(23923): 	at android.view.ViewGroup.layout(ViewGroup.java:6389)
06-11 21:41:22.277 W/System.err(23923): 	at android.widget.FrameLayout.layoutChildren(FrameLayout.java:332)
06-11 21:41:22.277 W/System.err(23923): 	at android.widget.FrameLayout.onLayout(FrameLayout.java:270)
06-11 21:41:22.277 W/System.err(23923): 	at android.view.View.layout(View.java:22844)
06-11 21:41:22.277 W/System.err(23923): 	at android.view.ViewGroup.layout(ViewGroup.java:6389)
06-11 21:41:22.277 W/System.err(23923): 	at android.widget.FrameLayout.layoutChildren(FrameLayout.java:332)
06-11 21:41:22.277 W/System.err(23923): 	at android.widget.FrameLayout.onLayout(FrameLayout.java:270)
06-11 21:41:22.277 W/System.err(23923): 	at android.view.View.layout(View.java:22844)
06-11 21:41:22.277 W/System.err(23923): 	at android.view.ViewGroup.layout(ViewGroup.java:6389)
06-11 21:41:22.277 W/System.err(23923): 	at androidx.constraintlayout.widget.ConstraintLayout.onLayout(SourceFile:67)
06-11 21:41:22.277 W/System.err(23923): 	at android.view.View.layout(View.java:22844)
06-11 21:41:22.277 W/System.err(23923): 	at android.view.ViewGroup.layout(ViewGroup.java:6389)
06-11 21:41:22.277 W/System.err(23923): 	at android.widget.FrameLayout.layoutChildren(FrameLayout.java:332)
06-11 21:41:22.277 W/System.err(23923): 	at android.widget.FrameLayout.onLayout(FrameLayout.java:270)
06-11 21:41:22.277 W/System.err(23923): 	at android.view.View.layout(View.java:22844)
06-11 21:41:22.277 W/System.err(23923): 	at android.view.ViewGroup.layout(ViewGroup.java:6389)
06-11 21:41:22.277 W/System.err(23923): 	at android.widget.FrameLayout.layoutChildren(FrameLayout.java:332)
06-11 21:41:22.277 W/System.err(23923): 	at android.widget.FrameLayout.onLayout(FrameLayout.java:270)
06-11 21:41:22.277 W/System.err(23923): 	at android.view.View.layout(View.java:22844)
06-11 21:41:22.277 W/System.err(23923): 	at android.view.ViewGroup.layout(ViewGroup.java:6389)
06-11 21:41:22.277 W/System.err(23923): 	at android.widget.FrameLayout.layoutChildren(FrameLayout.java:332)
06-11 21:41:22.278 W/System.err(23923): 	at android.widget.FrameLayout.onLayout(FrameLayout.java:270)
06-11 21:41:22.278 W/System.err(23923): 	at android.view.View.layout(View.java:22844)
06-11 21:41:22.278 W/System.err(23923): 	at android.view.ViewGroup.layout(ViewGroup.java:6389)
06-11 21:41:22.278 W/System.err(23923): 	at android.widget.FrameLayout.layoutChildren(FrameLayout.java:332)
06-11 21:41:22.278 W/System.err(23923): 	at android.widget.FrameLayout.onLayout(FrameLayout.java:270)
06-11 21:41:22.278 W/System.err(23923): 	at android.view.View.layout(View.java:22844)
06-11 21:41:22.278 W/System.err(23923): 	at android.view.ViewGroup.layout(ViewGroup.java:6389)
06-11 21:41:22.278 W/System.err(23923): 	at android.widget.FrameLayout.layoutChildren(FrameLayout.java:332)
06-11 21:41:22.278 W/System.err(23923): 	at android.widget.FrameLayout.onLayout(FrameLayout.java:270)
06-11 21:41:22.278 W/System.err(23923): 	at android.view.View.layout(View.java:22844)
06-11 21:41:22.278 W/System.err(23923): 	at android.view.ViewGroup.layout(ViewGroup.java:6389)
06-11 21:41:22.278 W/System.err(23923): 	at androidx.constraintlayout.widget.ConstraintLayout.onLayout(SourceFile:67)
06-11 21:41:22.278 W/System.err(23923): 	at android.view.View.layout(View.java:22844)
06-11 21:41:22.278 W/System.err(23923): 	at android.view.ViewGroup.layout(ViewGroup.java:6389)
06-11 21:41:22.278 W/System.err(23923): 	at android.widget.FrameLayout.layoutChildren(FrameLayout.java:332)
06-11 21:41:22.278 W/System.err(23923): 	at android.widget.FrameLayout.onLayout(FrameLayout.java:270)
06-11 21:41:22.279 W/System.err(23923): 	at android.view.View.layout(View.java:22844)
06-11 21:41:22.279 W/System.err(23923): 	at android.view.ViewGroup.layout(ViewGroup.java:6389)
06-11 21:41:22.279 W/System.err(23923): 	at android.widget.LinearLayout.setChildFrame(LinearLayout.java:1829)
06-11 21:41:22.279 W/System.err(23923): 	at android.widget.LinearLayout.layoutVertical(LinearLayout.java:1673)
06-11 21:41:22.279 W/System.err(23923): 	at android.widget.LinearLayout.onLayout(LinearLayout.java:1582)
06-11 21:41:22.279 W/System.err(23923): 	at android.view.View.layout(View.java:22844)
06-11 21:41:22.279 W/System.err(23923): 	at android.view.ViewGroup.layout(ViewGroup.java:6389)
06-11 21:41:22.279 W/System.err(23923): 	at android.widget.FrameLayout.layoutChildren(FrameLayout.java:332)
06-11 21:41:22.279 W/System.err(23923): 	at android.widget.FrameLayout.onLayout(FrameLayout.java:270)
06-11 21:41:22.279 W/System.err(23923): 	at com.android.internal.policy.DecorView.onLayout(DecorView.java:784)
06-11 21:41:22.279 W/System.err(23923): 	at android.view.View.layout(View.java:22844)
06-11 21:41:22.279 W/System.err(23923): 	at android.view.ViewGroup.layout(ViewGroup.java:6389)
06-11 21:41:22.279 W/System.err(23923): 	at android.view.ViewRootImpl.performLayout(ViewRootImpl.java:3475)
06-11 21:41:22.279 W/System.err(23923): 	at android.view.ViewRootImpl.performTraversals(ViewRootImpl.java:2943)
06-11 21:41:22.279 W/System.err(23923): 	at android.view.ViewRootImpl.doTraversal(ViewRootImpl.java:1948)
06-11 21:41:22.279 W/System.err(23923): 	at android.view.ViewRootImpl$TraversalRunnable.run(ViewRootImpl.java:8177)
06-11 21:41:22.279 W/System.err(23923): 	at android.view.Choreographer$CallbackRecord.run(Choreographer.java:972)
06-11 21:41:22.279 W/System.err(23923): 	at android.view.Choreographer.doCallbacks(Choreographer.java:796)
06-11 21:41:22.280 W/System.err(23923): 	at android.view.Choreographer.doFrame(Choreographer.java:731)
06-11 21:41:22.280 W/System.err(23923): 	at android.view.Choreographer$FrameDisplayEventReceiver.run(Choreographer.java:957)
06-11 21:41:22.280 W/System.err(23923): 	at android.os.Handler.handleCallback(Handler.java:938)
06-11 21:41:22.280 W/System.err(23923): 	at android.os.Handler.dispatchMessage(Handler.java:99)
06-11 21:41:22.280 W/System.err(23923): 	at android.os.Looper.loop(Looper.java:223)
06-11 21:41:22.280 W/System.err(23923): 	at android.app.ActivityThread.main(ActivityThread.java:7664)
06-11 21:41:22.280 W/System.err(23923): 	at java.lang.reflect.Method.invoke(Native Method)
06-11 21:41:22.280 W/System.err(23923): 	at com.android.internal.os.RuntimeInit$MethodAndArgsCaller.run(RuntimeInit.java:592)
06-11 21:41:22.280 W/System.err(23923): 	at com.android.internal.os.ZygoteInit.main(ZygoteInit.java:952)
06-11 21:41:22.294 W/System.err(23923): java.lang.IllegalArgumentException: width and height must be > 0
06-11 21:41:22.295 W/System.err(23923): 	at android.graphics.Bitmap.createBitmap(Bitmap.java:1113)
06-11 21:41:22.295 W/System.err(23923): 	at android.graphics.Bitmap.createBitmap(Bitmap.java:1080)
06-11 21:41:22.296 W/System.err(23923): 	at android.graphics.Bitmap.createBitmap(Bitmap.java:1030)
06-11 21:41:22.296 W/System.err(23923): 	at android.graphics.Bitmap.createBitmap(Bitmap.java:991)
06-11 21:41:22.296 W/System.err(23923): 	at com.hotstar.feature.login.profile.customview.CircleImageView.c(SourceFile:46)
06-11 21:41:22.296 W/System.err(23923): 	at com.hotstar.feature.login.profile.customview.CircleImageView.setImageDrawable(SourceFile:4)
06-11 21:41:22.296 W/System.err(23923): 	at coil.target.ImageViewTarget.f(SourceFile:3)
06-11 21:41:22.296 W/System.err(23923): 	at coil.target.GenericViewTarget.h(SourceFile:19)
06-11 21:41:22.296 W/System.err(23923): 	at coil.target.GenericViewTarget.c(SourceFile:1)
06-11 21:41:22.296 W/System.err(23923): 	at coil.RealImageLoader.c(SourceFile:255)
06-11 21:41:22.296 W/System.err(23923): 	at coil.RealImageLoader$enqueue$job$1.invokeSuspend(SourceFile:32)
06-11 21:41:22.296 W/System.err(23923): 	at kotlin.coroutines.jvm.internal.BaseContinuationImpl.resumeWith(SourceFile:9)
06-11 21:41:22.296 W/System.err(23923): 	at Yg.i.a(SourceFile:129)
06-11 21:41:22.296 W/System.err(23923): 	at S3.A.s(SourceFile:11)
06-11 21:41:22.296 W/System.err(23923): 	at kotlinx.coroutines.a.p0(SourceFile:81)
06-11 21:41:22.296 W/System.err(23923): 	at kotlinx.coroutines.d.a(SourceFile:18)
06-11 21:41:22.296 W/System.err(23923): 	at coil.RealImageLoader.b(SourceFile:10)
06-11 21:41:22.296 W/System.err(23923): 	at coil.request.ViewTargetRequestManager.onViewAttachedToWindow(SourceFile:13)
06-11 21:41:22.296 W/System.err(23923): 	at android.view.View.dispatchAttachedToWindow(View.java:20490)
06-11 21:41:22.296 W/System.err(23923): 	at android.view.ViewGroup.dispatchAttachedToWindow(ViewGroup.java:3496)
06-11 21:41:22.296 W/System.err(23923): 	at android.view.ViewGroup.dispatchAttachedToWindow(ViewGroup.java:3496)
06-11 21:41:22.296 W/System.err(23923): 	at android.view.ViewGroup.addViewInner(ViewGroup.java:5278)
06-11 21:41:22.297 W/System.err(23923): 	at android.view.ViewGroup.addView(ViewGroup.java:5064)
06-11 21:41:22.297 W/System.err(23923): 	at android.view.ViewGroup.addView(ViewGroup.java:5004)
06-11 21:41:22.297 W/System.err(23923): 	at androidx.recyclerview.widget.e.a(SourceFile:26)
06-11 21:41:22.297 W/System.err(23923): 	at androidx.recyclerview.widget.RecyclerView$l.m(SourceFile:243)
06-11 21:41:22.297 W/System.err(23923): 	at androidx.leanback.widget.GridLayoutManager$b.b(SourceFile:46)
06-11 21:41:22.297 W/System.err(23923): 	at androidx.leanback.widget.S.m(SourceFile:37)
06-11 21:41:22.297 W/System.err(23923): 	at androidx.leanback.widget.GridLayoutManager.t1(SourceFile:26)
06-11 21:41:22.297 W/System.err(23923): 	at androidx.leanback.widget.GridLayoutManager.v0(SourceFile:1191)
06-11 21:41:22.297 W/System.err(23923): 	at androidx.recyclerview.widget.RecyclerView.r(SourceFile:74)
06-11 21:41:22.297 W/System.err(23923): 	at androidx.recyclerview.widget.RecyclerView.p(SourceFile:72)
06-11 21:41:22.297 W/System.err(23923): 	at androidx.recyclerview.widget.RecyclerView.onLayout(SourceFile:8)
06-11 21:41:22.297 W/System.err(23923): 	at android.view.View.layout(View.java:22844)
06-11 21:41:22.297 W/System.err(23923): 	at android.view.ViewGroup.layout(ViewGroup.java:6389)
06-11 21:41:22.297 W/System.err(23923): 	at androidx.constraintlayout.widget.ConstraintLayout.onLayout(SourceFile:67)
06-11 21:41:22.297 W/System.err(23923): 	at android.view.View.layout(View.java:22844)
06-11 21:41:22.297 W/System.err(23923): 	at android.view.ViewGroup.layout(ViewGroup.java:6389)
06-11 21:41:22.297 W/System.err(23923): 	at android.widget.FrameLayout.layoutChildren(FrameLayout.java:332)
06-11 21:41:22.298 W/System.err(23923): 	at android.widget.FrameLayout.onLayout(FrameLayout.java:270)
06-11 21:41:22.298 W/System.err(23923): 	at android.view.View.layout(View.java:22844)
06-11 21:41:22.298 W/System.err(23923): 	at android.view.ViewGroup.layout(ViewGroup.java:6389)
06-11 21:41:22.298 W/System.err(23923): 	at android.widget.FrameLayout.layoutChildren(FrameLayout.java:332)
06-11 21:41:22.298 W/System.err(23923): 	at android.widget.FrameLayout.onLayout(FrameLayout.java:270)
06-11 21:41:22.298 W/System.err(23923): 	at android.view.View.layout(View.java:22844)
06-11 21:41:22.298 W/System.err(23923): 	at android.view.ViewGroup.layout(ViewGroup.java:6389)
06-11 21:41:22.298 W/System.err(23923): 	at androidx.constraintlayout.widget.ConstraintLayout.onLayout(SourceFile:67)
06-11 21:41:22.298 W/System.err(23923): 	at android.view.View.layout(View.java:22844)
06-11 21:41:22.298 W/System.err(23923): 	at android.view.ViewGroup.layout(ViewGroup.java:6389)
06-11 21:41:22.298 W/System.err(23923): 	at android.widget.FrameLayout.layoutChildren(FrameLayout.java:332)
06-11 21:41:22.298 W/System.err(23923): 	at android.widget.FrameLayout.onLayout(FrameLayout.java:270)
06-11 21:41:22.298 W/System.err(23923): 	at android.view.View.layout(View.java:22844)
06-11 21:41:22.298 W/System.err(23923): 	at android.view.ViewGroup.layout(ViewGroup.java:6389)
06-11 21:41:22.298 W/System.err(23923): 	at android.widget.FrameLayout.layoutChildren(FrameLayout.java:332)
06-11 21:41:22.299 W/System.err(23923): 	at android.widget.FrameLayout.onLayout(FrameLayout.java:270)
06-11 21:41:22.299 W/System.err(23923): 	at android.view.View.layout(View.java:22844)
06-11 21:41:22.299 W/System.err(23923): 	at android.view.ViewGroup.layout(ViewGroup.java:6389)
06-11 21:41:22.299 W/System.err(23923): 	at android.widget.FrameLayout.layoutChildren(FrameLayout.java:332)
06-11 21:41:22.299 W/System.err(23923): 	at android.widget.FrameLayout.onLayout(FrameLayout.java:270)
06-11 21:41:22.299 W/System.err(23923): 	at android.view.View.layout(View.java:22844)
06-11 21:41:22.299 W/System.err(23923): 	at android.view.ViewGroup.layout(ViewGroup.java:6389)
06-11 21:41:22.299 W/System.err(23923): 	at android.widget.FrameLayout.layoutChildren(FrameLayout.java:332)
06-11 21:41:22.299 W/System.err(23923): 	at android.widget.FrameLayout.onLayout(FrameLayout.java:270)
06-11 21:41:22.299 W/System.err(23923): 	at android.view.View.layout(View.java:22844)
06-11 21:41:22.299 W/System.err(23923): 	at android.view.ViewGroup.layout(ViewGroup.java:6389)
06-11 21:41:22.299 W/System.err(23923): 	at android.widget.FrameLayout.layoutChildren(FrameLayout.java:332)
06-11 21:41:22.299 W/System.err(23923): 	at android.widget.FrameLayout.onLayout(FrameLayout.java:270)
06-11 21:41:22.299 W/System.err(23923): 	at android.view.View.layout(View.java:22844)
06-11 21:41:22.299 W/System.err(23923): 	at android.view.ViewGroup.layout(ViewGroup.java:6389)
06-11 21:41:22.299 W/System.err(23923): 	at androidx.constraintlayout.widget.ConstraintLayout.onLayout(SourceFile:67)
06-11 21:41:22.299 W/System.err(23923): 	at android.view.View.layout(View.java:22844)
06-11 21:41:22.299 W/System.err(23923): 	at android.view.ViewGroup.layout(ViewGroup.java:6389)
06-11 21:41:22.299 W/System.err(23923): 	at android.widget.FrameLayout.layoutChildren(FrameLayout.java:332)
06-11 21:41:22.299 W/System.err(23923): 	at android.widget.FrameLayout.onLayout(FrameLayout.java:270)
06-11 21:41:22.299 W/System.err(23923): 	at android.view.View.layout(View.java:22844)
06-11 21:41:22.299 W/System.err(23923): 	at android.view.ViewGroup.layout(ViewGroup.java:6389)
06-11 21:41:22.299 W/System.err(23923): 	at android.widget.LinearLayout.setChildFrame(LinearLayout.java:1829)
06-11 21:41:22.300 W/System.err(23923): 	at android.widget.LinearLayout.layoutVertical(LinearLayout.java:1673)
06-11 21:41:22.300 W/System.err(23923): 	at android.widget.LinearLayout.onLayout(LinearLayout.java:1582)
06-11 21:41:22.300 W/System.err(23923): 	at android.view.View.layout(View.java:22844)
06-11 21:41:22.300 W/System.err(23923): 	at android.view.ViewGroup.layout(ViewGroup.java:6389)
06-11 21:41:22.300 W/System.err(23923): 	at android.widget.FrameLayout.layoutChildren(FrameLayout.java:332)
06-11 21:41:22.300 W/System.err(23923): 	at android.widget.FrameLayout.onLayout(FrameLayout.java:270)
06-11 21:41:22.300 W/System.err(23923): 	at com.android.internal.policy.DecorView.onLayout(DecorView.java:784)
06-11 21:41:22.300 W/System.err(23923): 	at android.view.View.layout(View.java:22844)
06-11 21:41:22.300 W/System.err(23923): 	at android.view.ViewGroup.layout(ViewGroup.java:6389)
06-11 21:41:22.300 W/System.err(23923): 	at android.view.ViewRootImpl.performLayout(ViewRootImpl.java:3475)
06-11 21:41:22.300 W/System.err(23923): 	at android.view.ViewRootImpl.performTraversals(ViewRootImpl.java:2943)
06-11 21:41:22.300 W/System.err(23923): 	at android.view.ViewRootImpl.doTraversal(ViewRootImpl.java:1948)
06-11 21:41:22.300 W/System.err(23923): 	at android.view.ViewRootImpl$TraversalRunnable.run(ViewRootImpl.java:8177)
06-11 21:41:22.300 W/System.err(23923): 	at android.view.Choreographer$CallbackRecord.run(Choreographer.java:972)
06-11 21:41:22.300 W/System.err(23923): 	at android.view.Choreographer.doCallbacks(Choreographer.java:796)
06-11 21:41:22.300 W/System.err(23923): 	at android.view.Choreographer.doFrame(Choreographer.java:731)
06-11 21:41:22.300 W/System.err(23923): 	at android.view.Choreographer$FrameDisplayEventReceiver.run(Choreographer.java:957)
06-11 21:41:22.300 W/System.err(23923): 	at android.os.Handler.handleCallback(Handler.java:938)
06-11 21:41:22.300 W/System.err(23923): 	at android.os.Handler.dispatchMessage(Handler.java:99)
06-11 21:41:22.300 W/System.err(23923): 	at android.os.Looper.loop(Looper.java:223)
06-11 21:41:22.300 W/System.err(23923): 	at android.app.ActivityThread.main(ActivityThread.java:7664)
06-11 21:41:22.300 W/System.err(23923): 	at java.lang.reflect.Method.invoke(Native Method)
06-11 21:41:22.300 W/System.err(23923): 	at com.android.internal.os.RuntimeInit$MethodAndArgsCaller.run(RuntimeInit.java:592)
06-11 21:41:22.300 W/System.err(23923): 	at com.android.internal.os.ZygoteInit.main(ZygoteInit.java:952)
06-11 21:41:22.310 D/JioStbInactivityTimer(  926): Timer: count 25 warningTimeout:10680 timeout:10800
06-11 21:41:22.310 D/JioStbInactivityTimer(  926): isUserActive: Curr:4086815 Prev:4086815
06-11 21:41:22.313 W/AnimatorSet(23923): Start delay should always be non-negative
06-11 21:41:22.315 D/stbdpc  (  397): STB_DPGetNumPaths[570]: num_paths: 1
06-11 21:41:22.315 W/System.err(23923): java.lang.IllegalArgumentException: width and height must be > 0
06-11 21:41:22.316 W/System.err(23923): 	at android.graphics.Bitmap.createBitmap(Bitmap.java:1113)
06-11 21:41:22.316 W/System.err(23923): 	at android.graphics.Bitmap.createBitmap(Bitmap.java:1080)
06-11 21:41:22.316 W/System.err(23923): 	at android.graphics.Bitmap.createBitmap(Bitmap.java:1030)
06-11 21:41:22.316 W/System.err(23923): 	at android.graphics.Bitmap.createBitmap(Bitmap.java:991)
06-11 21:41:22.316 W/System.err(23923): 	at com.hotstar.feature.login.profile.customview.CircleImageView.c(SourceFile:46)
06-11 21:41:22.316 W/System.err(23923): 	at com.hotstar.feature.login.profile.customview.CircleImageView.setImageDrawable(SourceFile:4)
06-11 21:41:22.316 W/System.err(23923): 	at coil.target.ImageViewTarget.f(SourceFile:3)
06-11 21:41:22.317 W/System.err(23923): 	at coil.target.GenericViewTarget.h(SourceFile:19)
06-11 21:41:22.317 W/System.err(23923): 	at coil.target.GenericViewTarget.c(SourceFile:1)
06-11 21:41:22.317 W/System.err(23923): 	at coil.RealImageLoader.c(SourceFile:255)
06-11 21:41:22.317 W/System.err(23923): 	at coil.RealImageLoader$enqueue$job$1.invokeSuspend(SourceFile:32)
06-11 21:41:22.317 W/System.err(23923): 	at kotlin.coroutines.jvm.internal.BaseContinuationImpl.resumeWith(SourceFile:9)
06-11 21:41:22.317 W/System.err(23923): 	at Yg.i.a(SourceFile:129)
06-11 21:41:22.317 W/System.err(23923): 	at S3.A.s(SourceFile:11)
06-11 21:41:22.317 W/System.err(23923): 	at kotlinx.coroutines.a.p0(SourceFile:81)
06-11 21:41:22.317 W/System.err(23923): 	at kotlinx.coroutines.d.a(SourceFile:18)
06-11 21:41:22.317 W/System.err(23923): 	at coil.RealImageLoader.b(SourceFile:10)
06-11 21:41:22.317 W/System.err(23923): 	at coil.request.ViewTargetRequestManager.onViewAttachedToWindow(SourceFile:13)
06-11 21:41:22.317 W/System.err(23923): 	at android.view.View.dispatchAttachedToWindow(View.java:20490)
06-11 21:41:22.317 W/System.err(23923): 	at android.view.ViewGroup.dispatchAttachedToWindow(ViewGroup.java:3496)
06-11 21:41:22.317 W/System.err(23923): 	at android.view.ViewGroup.dispatchAttachedToWindow(ViewGroup.java:3496)
06-11 21:41:22.317 W/System.err(23923): 	at android.view.ViewGroup.addViewInner(ViewGroup.java:5278)
06-11 21:41:22.317 W/System.err(23923): 	at android.view.ViewGroup.addView(ViewGroup.java:5064)
06-11 21:41:22.317 W/System.err(23923): 	at android.view.ViewGroup.addView(ViewGroup.java:5004)
06-11 21:41:22.317 W/System.err(23923): 	at androidx.recyclerview.widget.e.a(SourceFile:26)
06-11 21:41:22.317 W/System.err(23923): 	at androidx.recyclerview.widget.RecyclerView$l.m(SourceFile:243)
06-11 21:41:22.317 W/System.err(23923): 	at androidx.leanback.widget.GridLayoutManager$b.b(SourceFile:46)
06-11 21:41:22.317 W/System.err(23923): 	at androidx.leanback.widget.S.m(SourceFile:37)
06-11 21:41:22.317 W/System.err(23923): 	at androidx.leanback.widget.GridLayoutManager.t1(SourceFile:26)
06-11 21:41:22.317 W/System.err(23923): 	at androidx.leanback.widget.GridLayoutManager.v0(SourceFile:1191)
06-11 21:41:22.317 W/System.err(23923): 	at androidx.recyclerview.widget.RecyclerView.r(SourceFile:74)
06-11 21:41:22.318 W/System.err(23923): 	at androidx.recyclerview.widget.RecyclerView.p(SourceFile:72)
06-11 21:41:22.318 W/System.err(23923): 	at androidx.recyclerview.widget.RecyclerView.onLayout(SourceFile:8)
06-11 21:41:22.318 W/System.err(23923): 	at android.view.View.layout(View.java:22844)
06-11 21:41:22.318 W/System.err(23923): 	at android.view.ViewGroup.layout(ViewGroup.java:6389)
06-11 21:41:22.318 W/System.err(23923): 	at androidx.constraintlayout.widget.ConstraintLayout.onLayout(SourceFile:67)
06-11 21:41:22.318 W/System.err(23923): 	at android.view.View.layout(View.java:22844)
06-11 21:41:22.318 W/System.err(23923): 	at android.view.ViewGroup.layout(ViewGroup.java:6389)
06-11 21:41:22.318 W/System.err(23923): 	at android.widget.FrameLayout.layoutChildren(FrameLayout.java:332)
06-11 21:41:22.318 W/System.err(23923): 	at android.widget.FrameLayout.onLayout(FrameLayout.java:270)
06-11 21:41:22.318 W/System.err(23923): 	at android.view.View.layout(View.java:22844)
06-11 21:41:22.318 W/System.err(23923): 	at android.view.ViewGroup.layout(ViewGroup.java:6389)
06-11 21:41:22.318 W/System.err(23923): 	at android.widget.FrameLayout.layoutChildren(FrameLayout.java:332)
06-11 21:41:22.318 W/System.err(23923): 	at android.widget.FrameLayout.onLayout(FrameLayout.java:270)
06-11 21:41:22.318 W/System.err(23923): 	at android.view.View.layout(View.java:22844)
06-11 21:41:22.318 W/System.err(23923): 	at android.view.ViewGroup.layout(ViewGroup.java:6389)
06-11 21:41:22.318 W/System.err(23923): 	at androidx.constraintlayout.widget.ConstraintLayout.onLayout(SourceFile:67)
06-11 21:41:22.319 W/System.err(23923): 	at android.view.View.layout(View.java:22844)
06-11 21:41:22.319 W/System.err(23923): 	at android.view.ViewGroup.layout(ViewGroup.java:6389)
06-11 21:41:22.319 W/System.err(23923): 	at android.widget.FrameLayout.layoutChildren(FrameLayout.java:332)
06-11 21:41:22.319 W/System.err(23923): 	at android.widget.FrameLayout.onLayout(FrameLayout.java:270)
06-11 21:41:22.319 W/System.err(23923): 	at android.view.View.layout(View.java:22844)
06-11 21:41:22.319 W/System.err(23923): 	at android.view.ViewGroup.layout(ViewGroup.java:6389)
06-11 21:41:22.319 W/System.err(23923): 	at android.widget.FrameLayout.layoutChildren(FrameLayout.java:332)
06-11 21:41:22.319 W/System.err(23923): 	at android.widget.FrameLayout.onLayout(FrameLayout.java:270)
06-11 21:41:22.319 W/System.err(23923): 	at android.view.View.layout(View.java:22844)
06-11 21:41:22.319 W/System.err(23923): 	at android.view.ViewGroup.layout(ViewGroup.java:6389)
06-11 21:41:22.319 W/System.err(23923): 	at android.widget.FrameLayout.layoutChildren(FrameLayout.java:332)
06-11 21:41:22.319 W/System.err(23923): 	at android.widget.FrameLayout.onLayout(FrameLayout.java:270)
06-11 21:41:22.319 W/System.err(23923): 	at android.view.View.layout(View.java:22844)
06-11 21:41:22.319 W/System.err(23923): 	at android.view.ViewGroup.layout(ViewGroup.java:6389)
06-11 21:41:22.319 W/System.err(23923): 	at android.widget.FrameLayout.layoutChildren(FrameLayout.java:332)
06-11 21:41:22.319 W/System.err(23923): 	at android.widget.FrameLayout.onLayout(FrameLayout.java:270)
06-11 21:41:22.319 W/System.err(23923): 	at android.view.View.layout(View.java:22844)
06-11 21:41:22.319 W/System.err(23923): 	at android.view.ViewGroup.layout(ViewGroup.java:6389)
06-11 21:41:22.319 W/System.err(23923): 	at android.widget.FrameLayout.layoutChildren(FrameLayout.java:332)
06-11 21:41:22.319 W/System.err(23923): 	at android.widget.FrameLayout.onLayout(FrameLayout.java:270)
06-11 21:41:22.319 W/System.err(23923): 	at android.view.View.layout(View.java:22844)
06-11 21:41:22.319 W/System.err(23923): 	at android.view.ViewGroup.layout(ViewGroup.java:6389)
06-11 21:41:22.320 W/System.err(23923): 	at androidx.constraintlayout.widget.ConstraintLayout.onLayout(SourceFile:67)
06-11 21:41:22.320 W/System.err(23923): 	at android.view.View.layout(View.java:22844)
06-11 21:41:22.320 W/System.err(23923): 	at android.view.ViewGroup.layout(ViewGroup.java:6389)
06-11 21:41:22.320 W/System.err(23923): 	at android.widget.FrameLayout.layoutChildren(FrameLayout.java:332)
06-11 21:41:22.320 W/System.err(23923): 	at android.widget.FrameLayout.onLayout(FrameLayout.java:270)
06-11 21:41:22.320 W/System.err(23923): 	at android.view.View.layout(View.java:22844)
06-11 21:41:22.320 W/System.err(23923): 	at android.view.ViewGroup.layout(ViewGroup.java:6389)
06-11 21:41:22.320 W/System.err(23923): 	at android.widget.LinearLayout.setChildFrame(LinearLayout.java:1829)
06-11 21:41:22.320 W/System.err(23923): 	at android.widget.LinearLayout.layoutVertical(LinearLayout.java:1673)
06-11 21:41:22.320 W/System.err(23923): 	at android.widget.LinearLayout.onLayout(LinearLayout.java:1582)
06-11 21:41:22.320 W/System.err(23923): 	at android.view.View.layout(View.java:22844)
06-11 21:41:22.320 W/System.err(23923): 	at android.view.ViewGroup.layout(ViewGroup.java:6389)
06-11 21:41:22.320 W/System.err(23923): 	at android.widget.FrameLayout.layoutChildren(FrameLayout.java:332)
06-11 21:41:22.320 W/System.err(23923): 	at android.widget.FrameLayout.onLayout(FrameLayout.java:270)
06-11 21:41:22.320 W/System.err(23923): 	at com.android.internal.policy.DecorView.onLayout(DecorView.java:784)
06-11 21:41:22.320 W/System.err(23923): 	at android.view.View.layout(View.java:22844)
06-11 21:41:22.320 W/System.err(23923): 	at android.view.ViewGroup.layout(ViewGroup.java:6389)
06-11 21:41:22.320 W/System.err(23923): 	at android.view.ViewRootImpl.performLayout(ViewRootImpl.java:3475)
06-11 21:41:22.320 W/System.err(23923): 	at android.view.ViewRootImpl.performTraversals(ViewRootImpl.java:2943)
06-11 21:41:22.320 W/System.err(23923): 	at android.view.ViewRootImpl.doTraversal(ViewRootImpl.java:1948)
06-11 21:41:22.320 W/System.err(23923): 	at android.view.ViewRootImpl$TraversalRunnable.run(ViewRootImpl.java:8177)
06-11 21:41:22.320 W/System.err(23923): 	at android.view.Choreographer$CallbackRecord.run(Choreographer.java:972)
06-11 21:41:22.320 W/System.err(23923): 	at android.view.Choreographer.doCallbacks(Choreographer.java:796)
06-11 21:41:22.320 W/System.err(23923): 	at android.view.Choreographer.doFrame(Choreographer.java:731)
06-11 21:41:22.320 W/System.err(23923): 	at android.view.Choreographer$FrameDisplayEventReceiver.run(Choreographer.java:957)
06-11 21:41:22.321 W/System.err(23923): 	at android.os.Handler.handleCallback(Handler.java:938)
06-11 21:41:22.321 W/System.err(23923): 	at android.os.Handler.dispatchMessage(Handler.java:99)
06-11 21:41:22.321 W/System.err(23923): 	at android.os.Looper.loop(Looper.java:223)
06-11 21:41:22.321 W/System.err(23923): 	at android.app.ActivityThread.main(ActivityThread.java:7664)
06-11 21:41:22.321 W/System.err(23923): 	at java.lang.reflect.Method.invoke(Native Method)
06-11 21:41:22.321 W/System.err(23923): 	at com.android.internal.os.RuntimeInit$MethodAndArgsCaller.run(RuntimeInit.java:592)
06-11 21:41:22.321 W/System.err(23923): 	at com.android.internal.os.ZygoteInit.main(ZygoteInit.java:952)
06-11 21:41:22.323 I/lowmemorykiller(  231): medium memory pressure event is triggered for new strategy
06-11 21:41:22.323 D/lowmemorykiller(  231): LMKD mp_event_psi kill_reasons available are PRESSURE_AFTER_KILL, NOT_RESPONDING, LOW_SWAP_AND_THRASHING, LOW_MEM_AND_SWAP, LOW_MEM_AND_THRASHING, DIRECT_RECL_AND_THRASHING
06-11 21:41:22.323 D/lowmemorykiller(  231): LMKD mp_event_psi kill_reason received= -1
06-11 21:41:22.327 W/View    (23923): requestLayout() improperly called by com.hotstar.feature.login.profile.customview.CircleImageView{7de3161 VFED..C.. ..S...ID 14,14-178,178 #7f0b02d8 app:id/iv_profile} during layout: running second layout pass
06-11 21:41:22.328 W/View    (23923): requestLayout() improperly called by com.hotstar.core.commonui.molecules.HSTextView{2867a37 V.ED..... ..S...ID 40,216-153,268 #7f0b04c0 app:id/profile_name} during layout: running second layout pass
06-11 21:41:22.328 W/View    (23923): requestLayout() improperly called by androidx.constraintlayout.widget.ConstraintLayout{1755b36 V.E...... ..S...ID 0,0-192,192 #7f0b02da app:id/iv_profile_view} during layout: running second layout pass
06-11 21:41:22.345 D/dvb_iptv(  397): ReadEmmNetworkTask[1537]: EMM Select Timeout Occured 41
06-11 21:41:22.415 D/stbdpc  (  397): STB_DPGetNumPaths[570]: num_paths: 1
06-11 21:41:22.423 I/lowmemorykiller(  231): medium memory pressure event is triggered for new strategy
06-11 21:41:22.469 D/rtk_heartbeat(  349): heartbeat_timed_out: heartbeatCmdCount = 4092, expected nextSeqNum = 4092
06-11 21:41:22.471 D/rtk_heartbeat(  349): rtkbt_heartbeat_cmpl_cback: Current SeqNum = 4092,should SeqNum=4092, status = 0
06-11 21:41:22.507 I/ThermalService(  969): CPU temperatures: [61.200005]
06-11 21:41:22.515 D/stbdpc  (  397): STB_DPGetNumPaths[570]: num_paths: 1
06-11 21:41:22.524 I/lowmemorykiller(  231): medium memory pressure event is triggered for new strategy
06-11 21:41:22.615 D/stbdpc  (  397): STB_DPGetNumPaths[570]: num_paths: 1
06-11 21:41:22.624 I/lowmemorykiller(  231): medium memory pressure event is triggered for new strategy
06-11 21:41:22.685 F/linker  (24125): CANNOT LINK EXECUTABLE "/system/bin/smartcable/smartCableSTBApp": library "libmosquitto.so" not found: needed by main executable
06-11 21:41:22.715 D/stbdpc  (  397): STB_DPGetNumPaths[570]: num_paths: 1
06-11 21:41:22.724 I/lowmemorykiller(  231): medium memory pressure event is triggered for new strategy
06-11 21:41:22.724 D/lowmemorykiller(  231): LMKD mp_event_psi kill_reasons available are PRESSURE_AFTER_KILL, NOT_RESPONDING, LOW_SWAP_AND_THRASHING, LOW_MEM_AND_SWAP, LOW_MEM_AND_THRASHING, DIRECT_RECL_AND_THRASHING
06-11 21:41:22.724 D/lowmemorykiller(  231): LMKD mp_event_psi kill_reason received= -1
06-11 21:41:22.791 D/ltts_ip_emm(  397): LTTS_IP_DMXStartEMM[381]: parse_emm_cat_status failed
06-11 21:41:22.816 D/stbdpc  (  397): STB_DPGetNumPaths[570]: num_paths: 1
06-11 21:41:22.825 I/lowmemorykiller(  231): medium memory pressure event is triggered for new strategy
06-11 21:41:22.845 D/dvb_iptv(  397): ReadEmmNetworkTask[1537]: EMM Select Timeout Occured 42
06-11 21:41:22.916 D/stbdpc  (  397): STB_DPGetNumPaths[570]: num_paths: 1
06-11 21:41:22.925 I/lowmemorykiller(  231): medium memory pressure event is triggered for new strategy
06-11 21:41:22.938 D/JioLauncher( 1773): overlay status check for wifi and bt remote false false
06-11 21:41:22.943 D/Match code1( 1439): 2
06-11 21:41:22.943 D/JIO_TR069-( 1439): Predefined List [com.jio.stb.catv, com.rjil.jiostbsetting, com.iwedia.ui.rjio.launcher.reliance, com.jio.stb.hotellauncher, com.jio.media.oberoi, com.jio.ott]
06-11 21:41:22.945 D/JIO_TR069-( 1439): Caller Package com.iwedia.ui.rjio.launcher.reliance
06-11 21:41:22.945 D/JIO_TR069-( 1439): White Listed Apps []
06-11 21:41:22.945 D/JIO_TR069-( 1439): Final White Listed Apps [com.jio.stb.catv, com.rjil.jiostbsetting, com.iwedia.ui.rjio.launcher.reliance, com.jio.stb.hotellauncher, com.jio.media.oberoi, com.jio.ott, ]
06-11 21:41:22.948 D/JioLauncher( 1773): network-type-------NonJioNetwork
06-11 21:41:22.952 D/JioLauncher( 1773): live-tv-previousIp-[/fe80::1%wlan0, /192.168.1.1]-newHost-[/fe80::1%wlan0, /192.168.1.1]
06-11 21:41:23.016 D/stbdpc  (  397): STB_DPGetNumPaths[570]: num_paths: 1
06-11 21:41:23.025 I/lowmemorykiller(  231): medium memory pressure event is triggered for new strategy
06-11 21:41:23.074 W/[ 4114.225027@1]  RTW(    0): fill_default_txdesc(wlan0): SP Packet(0x0806) rate=0x4 SeqNum = 1791
06-11 21:41:23.116 D/stbdpc  (  397): STB_DPGetNumPaths[570]: num_paths: 1
06-11 21:41:23.126 I/lowmemorykiller(  231): medium memory pressure event is triggered for new strategy
06-11 21:41:23.175 D/JioAppOptimizer( 1722): AppOptimizerService :: handleMessage()
06-11 21:41:23.177 D/JioAppOptimizer( 1722): AppOptimizerService :: handleMessage() : Foreground Package=in.startv.hotstar
06-11 21:41:23.178 D/JioAppOptimizer( 1722): AppOptimizerService :: handleMessage() : Free memory available in MB : 699.58203125
06-11 21:41:23.178 D/JioAppOptimizer( 1722): AppOptimizerService :: handleMessage() : checkAndRemoveBackgroundApps()
06-11 21:41:23.178 D/JioAppOptimizer( 1722): AppOptimizerService :: checkAndRemoveBackgroundApps()
06-11 21:41:23.216 D/stbdpc  (  397): STB_DPGetNumPaths[570]: num_paths: 1
06-11 21:41:23.226 I/lowmemorykiller(  231): medium memory pressure event is triggered for new strategy
06-11 21:41:23.269 I/.startv.hotsta(23923): oneway function results will be dropped but finished with status OK and parcel size 4
06-11 21:41:23.271 I/e.swalekh.abct( 1359): oneway function results will be dropped but finished with status OK and parcel size 4
06-11 21:41:23.280 D/JioSTBMRServer-SERVICE( 3589): InetSocketAddress(InetAddress.getByName(inetAddress.hostAddress)-/192.168.1.255
06-11 21:41:23.280 D/JioSTBMRServer-SERVICE( 3589): #beacon:RKISBFJ60000097:0:false:0:1:SV=181024 , 192.168.1.255
06-11 21:41:23.283 D/JioSTBMRServer-SERVICE( 3589): InetSocketAddress(InetAddress.getByName(inetAddress.hostAddress)-/192.168.1.255
06-11 21:41:23.283 D/JioSTBMRServer-SERVICE( 3589): #broadcast IP:192.168.1.255
06-11 21:41:23.309 D/JioStbInactivityTimer(  926): Timer: count 26 warningTimeout:10680 timeout:10800
06-11 21:41:23.310 D/JioStbInactivityTimer(  926): isUserActive: Curr:4086815 Prev:4086815
06-11 21:41:23.316 D/stbdpc  (  397): STB_DPGetNumPaths[570]: num_paths: 1
06-11 21:41:23.345 D/dvb_iptv(  397): ReadEmmNetworkTask[1537]: EMM Select Timeout Occured 43
06-11 21:41:23.417 D/stbdpc  (  397): STB_DPGetNumPaths[570]: num_paths: 1
06-11 21:41:23.470 D/rtk_heartbeat(  349): heartbeat_timed_out: heartbeatCmdCount = 4093, expected nextSeqNum = 4093
06-11 21:41:23.471 D/rtk_heartbeat(  349): rtkbt_heartbeat_cmpl_cback: Current SeqNum = 4093,should SeqNum=4093, status = 0
06-11 21:41:23.517 D/stbdpc  (  397): STB_DPGetNumPaths[570]: num_paths: 1
06-11 21:41:23.717 I/chatty  (  397): uid=0(root) DK-SiCntrl identical 2 lines
06-11 21:41:23.817 D/stbdpc  (  397): STB_DPGetNumPaths[570]: num_paths: 1
06-11 21:41:23.845 D/dvb_iptv(  397): ReadEmmNetworkTask[1537]: EMM Select Timeout Occured 44
06-11 21:41:23.917 D/stbdpc  (  397): STB_DPGetNumPaths[570]: num_paths: 1
06-11 21:41:24.018 D/stbdpc  (  397): STB_DPGetNumPaths[570]: num_paths: 1
06-11 21:41:24.048 E/WifiVendorHal(  633): getWifiLinkLayerStats_1_3_Internal(l.973) failed {.code = ERROR_UNKNOWN, .description = unknown error}
06-11 21:41:24.118 D/stbdpc  (  397): STB_DPGetNumPaths[570]: num_paths: 1
06-11 21:41:24.206 E/JIO_STORE_LOG( 3230): Unable to resolve host "jiomedia.ftp.upload.akamai.com": No address associated with hostname
06-11 21:41:24.218 D/stbdpc  (  397): STB_DPGetNumPaths[570]: num_paths: 1
06-11 21:41:24.309 D/JioStbInactivityTimer(  926): Timer: count 27 warningTimeout:10680 timeout:10800
06-11 21:41:24.310 D/JioStbInactivityTimer(  926): isUserActive: Curr:4086815 Prev:4086815
06-11 21:41:24.318 D/stbdpc  (  397): STB_DPGetNumPaths[570]: num_paths: 1
06-11 21:41:24.340 I/appium  (23858): The following attributes will be included to the page source: [resource-id]
06-11 21:41:24.345 D/dvb_iptv(  397): ReadEmmNetworkTask[1537]: EMM Select Timeout Occured 45
06-11 21:41:24.418 D/stbdpc  (  397): STB_DPGetNumPaths[570]: num_paths: 1
06-11 21:41:24.470 D/rtk_heartbeat(  349): heartbeat_timed_out: heartbeatCmdCount = 4094, expected nextSeqNum = 4094
06-11 21:41:24.471 D/rtk_heartbeat(  349): rtkbt_heartbeat_cmpl_cback: Current SeqNum = 4094,should SeqNum=4094, status = 0
06-11 21:41:24.480 I/appium  (23858): Took 0ms to retrieve 1 matches for '//android.widget.ImageView[@resource-id='in.startv.hotstar:id/iv_profile']' XPath2 query
06-11 21:41:24.486 W/tomator2.serve(23858): Accessing hidden method Landroid/view/MotionEvent;->setDisplayId(I)V (blacklist,test-api, reflection, allowed)
06-11 21:41:24.496 W/tomator2.serve(23858): Accessing hidden field Landroid/view/accessibility/AccessibilityNodeInfo;->mSourceNodeId:J (greylist, reflection, allowed)
06-11 21:41:24.506 I/appium  (23858): AppiumResponse: {"sessionId":"e8358b01-2b69-43e3-8160-f59aa62ae5b4","value":{"ELEMENT":"00000000-0000-002b-ffff-ffff00000072","element-6066-11e4-a52e-4f735466cecf":"00000000-0000-002b-ffff-ffff00000072"}}
06-11 21:41:24.519 D/stbdpc  (  397): STB_DPGetNumPaths[570]: num_paths: 1
06-11 21:41:24.523 I/ThermalService(  969): CPU temperatures: [59.200005]
06-11 21:41:24.619 D/stbdpc  (  397): STB_DPGetNumPaths[570]: num_paths: 1
06-11 21:41:24.719 D/stbdpc  (  397): STB_DPGetNumPaths[570]: num_paths: 1
06-11 21:41:24.792 D/ltts_ip_emm(  397): LTTS_IP_DMXStartEMM[381]: parse_emm_cat_status failed
06-11 21:41:24.819 D/stbdpc  (  397): STB_DPGetNumPaths[570]: num_paths: 1
06-11 21:41:24.846 D/dvb_iptv(  397): ReadEmmNetworkTask[1537]: EMM Select Timeout Occured 46
06-11 21:41:24.919 D/stbdpc  (  397): STB_DPGetNumPaths[570]: num_paths: 1
06-11 21:41:25.120 I/chatty  (  397): uid=0(root) DK-SiCntrl identical 2 lines
06-11 21:41:25.220 D/stbdpc  (  397): STB_DPGetNumPaths[570]: num_paths: 1
06-11 21:41:25.309 D/JioStbInactivityTimer(  926): Timer: count 28 warningTimeout:10680 timeout:10800
06-11 21:41:25.309 D/JioStbInactivityTimer(  926): isUserActive: Curr:4086815 Prev:4086815
06-11 21:41:25.310 I/.startv.hotsta(23923): oneway function results will be dropped but finished with status OK and parcel size 4
06-11 21:41:25.314 I/e.swalekh.abct( 1359): oneway function results will be dropped but finished with status OK and parcel size 4
06-11 21:41:25.320 D/stbdpc  (  397): STB_DPGetNumPaths[570]: num_paths: 1
06-11 21:41:25.326 D/JioSTBMRServer-SERVICE( 3589): InetSocketAddress(InetAddress.getByName(inetAddress.hostAddress)-/192.168.1.255
06-11 21:41:25.326 D/JioSTBMRServer-SERVICE( 3589): #beacon:RKISBFJ60000097:0:false:0:1:SV=181024 , 192.168.1.255
06-11 21:41:25.335 D/JioSTBMRServer-SERVICE( 3589): InetSocketAddress(InetAddress.getByName(inetAddress.hostAddress)-/192.168.1.255
06-11 21:41:25.335 D/JioSTBMRServer-SERVICE( 3589): #broadcast IP:192.168.1.255
06-11 21:41:25.346 D/dvb_iptv(  397): ReadEmmNetworkTask[1537]: EMM Select Timeout Occured 47
06-11 21:41:25.420 D/stbdpc  (  397): STB_DPGetNumPaths[570]: num_paths: 1
06-11 21:41:25.448 I/.startv.hotsta(23923): Background concurrent copying GC freed 71739(3779KB) AllocSpace objects, 25(644KB) LOS objects, 49% free, 12MB/25MB, paused 182us total 146.158ms
06-11 21:41:25.470 D/rtk_heartbeat(  349): heartbeat_timed_out: heartbeatCmdCount = 4095, expected nextSeqNum = 4095
06-11 21:41:25.471 D/rtk_heartbeat(  349): rtkbt_heartbeat_cmpl_cback: Current SeqNum = 4095,should SeqNum=4095, status = 0
06-11 21:41:25.521 D/stbdpc  (  397): STB_DPGetNumPaths[570]: num_paths: 1
06-11 21:41:25.621 D/stbdpc  (  397): STB_DPGetNumPaths[570]: num_paths: 1
06-11 21:41:25.697 I/JioBackgroundSchedulerService( 2899): Check schedule  
06-11 21:41:25.721 D/stbdpc  (  397): STB_DPGetNumPaths[570]: num_paths: 1
06-11 21:41:25.821 D/stbdpc  (  397): STB_DPGetNumPaths[570]: num_paths: 1
06-11 21:41:25.846 D/dvb_iptv(  397): ReadEmmNetworkTask[1537]: EMM Select Timeout Occured 48
06-11 21:41:25.921 D/stbdpc  (  397): STB_DPGetNumPaths[570]: num_paths: 1
06-11 21:41:25.959 D/MulticastUtils( 1773): Timeout 5000ms IOException:Poll timed out
06-11 21:41:25.965 D/JioLauncher( 1773): connected-network-status  1 status true time 0 lPreviousIp [/fe80::1%wlan0, /192.168.1.1] isLiveOnTop() false isOneTimeVisisbleStatus false-remoteConnectedTime-0
06-11 21:41:26.021 D/stbdpc  (  397): STB_DPGetNumPaths[570]: num_paths: 1
06-11 21:41:26.122 I/chatty  (  397): uid=0(root) DK-SiCntrl identical 1 line
06-11 21:41:26.222 D/stbdpc  (  397): STB_DPGetNumPaths[570]: num_paths: 1
06-11 21:41:26.310 D/JioStbInactivityTimer(  926): Timer: count 29 warningTimeout:10680 timeout:10800
06-11 21:41:26.310 D/JioStbInactivityTimer(  926): isUserActive: Curr:4086815 Prev:4086815
06-11 21:41:26.322 D/stbdpc  (  397): STB_DPGetNumPaths[570]: num_paths: 1
06-11 21:41:26.346 D/dvb_iptv(  397): ReadEmmNetworkTask[1537]: EMM Select Timeout Occured 49
06-11 21:41:26.422 D/stbdpc  (  397): STB_DPGetNumPaths[570]: num_paths: 1
06-11 21:41:26.470 D/rtk_heartbeat(  349): heartbeat_timed_out: heartbeatCmdCount = 4096, expected nextSeqNum = 4096
06-11 21:41:26.471 D/rtk_heartbeat(  349): rtkbt_heartbeat_cmpl_cback: Current SeqNum = 4096,should SeqNum=4096, status = 0
06-11 21:41:26.523 D/stbdpc  (  397): STB_DPGetNumPaths[570]: num_paths: 1
06-11 21:41:26.539 I/ThermalService(  969): CPU temperatures: [57.9]
06-11 21:41:26.623 D/stbdpc  (  397): STB_DPGetNumPaths[570]: num_paths: 1
06-11 21:41:26.723 D/stbdpc  (  397): STB_DPGetNumPaths[570]: num_paths: 1
06-11 21:41:26.792 D/ltts_ip_emm(  397): LTTS_IP_DMXStartEMM[381]: parse_emm_cat_status failed
06-11 21:41:26.823 D/stbdpc  (  397): STB_DPGetNumPaths[570]: num_paths: 1
06-11 21:41:26.846 D/dvb_iptv(  397): ReadEmmNetworkTask[1537]: EMM Select Timeout Occured 50
06-11 21:41:26.923 D/stbdpc  (  397): STB_DPGetNumPaths[570]: num_paths: 1
06-11 21:41:27.024 D/stbdpc  (  397): STB_DPGetNumPaths[570]: num_paths: 1
06-11 21:41:27.056 E/WifiVendorHal(  633): getWifiLinkLayerStats_1_3_Internal(l.973) failed {.code = ERROR_UNKNOWN, .description = unknown error}
