06-11 21:52:22.107 D/WindowManager(  633): interceptKeyTi keyCode=66 down=false repeatCount=0 keyguardOn=false canceled=false
06-11 21:52:22.107 D/WindowManager(  633): CloudPC is in NOT in foreground
06-11 21:52:22.107 D/WindowManager(  633): isKeyNeedsToPassToJioCloudPC :: NO
06-11 21:52:22.107 D/GlobalKeyManager(  633): KeyEvent { action=ACTION_UP, keyCode=KEYCODE_ENTER, scanCode=0, metaState=0, flags=0x0, repeatCount=0, eventTime=4773245, downTime=4773245, deviceId=-1, source=0x101, displayId=-1 }
06-11 21:52:22.107 D/InputDispatcher(  633): Setting input event injection result to 0.  injectorPid=27754, injectorUid=0
06-11 21:52:22.108 D/InputDispatcher(  633): injectInputEvent - Waiting for 1 pending foreground dispatches.
06-11 21:52:22.111 D/InputDispatcher(  633): injectInputEvent - Finished with result 0. injectorPid=27754, injectorUid=0
06-11 21:52:22.113 I/sub_mixing_factory(  348): [usecase_change_validate_l_sm:1209] ++++continuous:0 dev masks:0, out masks:0, out usecase PCM_NORMAL
06-11 21:52:22.113 I/sub_mixing_factory(  348): [usecase_change_validate_l_sm:1216] add usecase PCM_NORMAL, cnt 1
06-11 21:52:22.113 D/sub_mixing_factory(  348): [usecase_change_validate_l_sm:1228] cur dev masks:0, add out usecase:PCM_NORMAL
06-11 21:52:22.113 I/sub_mixing_factory(  348): [usecase_change_validate_l_sm:1259] ----continuous:0 dev masks:0x1, out masks:0x1, out usecase PCM_NORMAL
06-11 21:52:22.113 D/aml_audio_port(  348): [new_input_port:260] buf_frames:384,frame_size:4 ==> thunk_size:1536
06-11 21:52:22.113 I/aml_audio_port(  348): [get_input_port_type:109] samplerate:48000, flags:0x2, channel_cnt:2
06-11 21:52:22.113 D/aml_audio_port(  348): [new_input_port:286] inport:PCM_SYSTEM, buf:6144, direct:0, format:0x1, rate:48000, ch:2
06-11 21:52:22.113 I/amlAudioMixer(  348): [init_mixer_input_port:175] input port:PCM_SYSTEM, size 384 frames, frame_write_sum:60018688
06-11 21:52:22.113 I/aml_audio_port(  348): [get_input_port_type:109] samplerate:48000, flags:0x2, channel_cnt:2
06-11 21:52:22.113 I/sub_mixing_factory(  348): [mixer_aux_buffer_write_sm:1066] stream 0xee269000 input port:PCM_SYSTEM
06-11 21:52:22.113 I/sub_mixing_factory(  348): [mixer_aux_buffer_write_sm:1076] padding_bytes 12288
06-11 21:52:22.113 I/amlAudioMixer(  348): [mixer_write_inport:260] input port:PCM_SYSTEM is active now
06-11 21:52:22.113 I/system_server(  633): oneway function results will be dropped but finished with status OK and parcel size 4
06-11 21:52:22.114 I/sub_mixing_factory(  348): [mixer_aux_buffer_write_sm:1076] padding_bytes 10752
06-11 21:52:22.114 I/sub_mixing_factory(  348): [mixer_aux_buffer_write_sm:1076] padding_bytes 9216
06-11 21:52:22.114 I/sub_mixing_factory(  348): [mixer_aux_buffer_write_sm:1076] padding_bytes 7680
06-11 21:52:22.114 I/sub_mixing_factory(  348): [mixer_aux_buffer_write_sm:1076] padding_bytes 6144
06-11 21:52:22.114 I/system_server(  633): oneway function results will be dropped but finished with status OK and parcel size 4
06-11 21:52:22.117 I/amlAudioMixer(  348): [mixer_inports_read:704] input port:PCM_SYSTEM first start, portId:0, avail:6144
06-11 21:52:22.121 I/appium  (27769): AppiumResponse: {"sessionId":"acef45ea-c04b-461d-97ce-a089f04e094e","value":null}
06-11 21:52:22.122 I/sub_mixing_factory(  348): [mixer_aux_buffer_write_sm:1076] padding_bytes 4608
06-11 21:52:22.130 I/sub_mixing_factory(  348): [mixer_aux_buffer_write_sm:1076] padding_bytes 3072
06-11 21:52:22.138 I/sub_mixing_factory(  348): [mixer_aux_buffer_write_sm:1076] padding_bytes 1536
06-11 21:52:22.154 D/stbdpc  (  397): STB_DPGetNumPaths[570]: num_paths: 1
06-11 21:52:22.164 I/MediaFocusControl(  633): abandonAudioFocus() from uid/pid 10072/27839 clientId=android.media.AudioManager@6ed19cfg2.b$a@5eb3f5c
06-11 21:52:22.192 I/ExoPlayerImpl(27839): Release a423bc4 [ExoPlayerLib/2.16.1] [MSTB, JMSB200A, Jio, 30] [goog.exo.core, goog.exo.decoder, goog.exo.exoplayer, goog.exo.dash, goog.exo.okhttp, goog.exo.datasource]
06-11 21:52:22.252 I/appium  (27769): channel read: POST /session/acef45ea-c04b-461d-97ce-a089f04e094e/element
06-11 21:52:22.254 I/appium  (27769): FindElement command
06-11 21:52:22.254 D/stbdpc  (  397): STB_DPGetNumPaths[570]: num_paths: 1
06-11 21:52:22.257 I/appium  (27769): method: 'xpath', selector: '//android.widget.EditText[@resource-id='in.startv.hotstar:id/search_bar']'
06-11 21:52:22.257 I/appium  (27769): Waiting up to 10000ms for the device to idle
06-11 21:52:22.270 W/SoundPool(27839): Use of stream types is deprecated for operations other than volume control
06-11 21:52:22.270 W/SoundPool(27839): See the documentation of SoundPool() for what to use instead with android.media.AudioAttributes to qualify your playback use case
06-11 21:52:22.275 D/dvb_iptv(  397): ReadEmmNetworkTask[1537]: EMM Select Timeout Occured 58
06-11 21:52:22.280 I/AmFFmpegExtractor(  447): checkInList: isw:0, m:audio/ogg, t:1, i:86021 t:0
06-11 21:52:22.280 I/AmFFmpegExtractor(  447): checkInList: isw:1, m:audio/ogg, t:1, i:86021 t:0
06-11 21:52:22.280 E/AmFFmpegExtractor(  447): codec_ctx->properties: 0
06-11 21:52:22.280 I/AmFFmpegExtractor(  447): checkSupportInList ret 1
06-11 21:52:22.285 I/AmFFmpegExtractor(  447): checkInList: isw:0, m:audio/ogg, t:1, i:86021 t:0
06-11 21:52:22.285 I/AmFFmpegExtractor(  447): checkInList: isw:1, m:audio/ogg, t:1, i:86021 t:0
06-11 21:52:22.285 E/AmFFmpegExtractor(  447): codec_ctx->properties: 0
06-11 21:52:22.285 I/AmFFmpegExtractor(  447): checkSupportInList ret 1
06-11 21:52:22.295 I/AmFFmpegExtractor(  447): checkInList: isw:0, m:audio/ogg, t:1, i:86021 t:0
06-11 21:52:22.295 I/AmFFmpegExtractor(  447): checkInList: isw:1, m:audio/ogg, t:1, i:86021 t:0
06-11 21:52:22.295 E/AmFFmpegExtractor(  447): codec_ctx->properties: 0
06-11 21:52:22.295 I/AmFFmpegExtractor(  447): checkSupportInList ret 0
06-11 21:52:22.295 I/AmFFmpegExtractor(  447): checkInList: isw:0, m:audio/ogg, t:1, i:86021 t:0
06-11 21:52:22.296 E/AmFFmpegExtractor(  447): vendor do not support
06-11 21:52:22.296 I/AmFFmpegExtractor(  447): checkInList: isw:1, m:audio/ogg, t:1, i:86021 t:0
06-11 21:52:22.296 E/AmFFmpegExtractor(  447): codec_ctx->properties: 0
06-11 21:52:22.296 I/AmFFmpegExtractor(  447): checkSupportInList ret 0
06-11 21:52:22.296 E/AmFFmpegExtractor(  447): vendor do not support
06-11 21:52:22.304 E/Utils   (  447): did not find channel-count and/or sample-rate
06-11 21:52:22.306 I/AmAVUtils(27839): set profile 0 level:0
06-11 21:52:22.308 D/CCodec  (27839): allocate(c2.android.vorbis.decoder)
06-11 21:52:22.309 V/C2Store (  477): in init
06-11 21:52:22.309 V/C2Store (  477): loading dll
06-11 21:52:22.310 E/Utils   (  447): did not find channel-count and/or sample-rate
06-11 21:52:22.315 I/CCodec  (27839): Created component [c2.android.vorbis.decoder]
06-11 21:52:22.316 I/AmAVUtils(27839): set profile 0 level:0
06-11 21:52:22.316 D/CCodecConfig(27839): read media type: audio/vorbis
06-11 21:52:22.321 D/CCodec  (27839): allocate(c2.android.vorbis.decoder)
06-11 21:52:22.322 D/ReflectedParamUpdater(27839): extent() != 1 for single value type: algo.buffers.max-count.values
06-11 21:52:22.322 D/ReflectedParamUpdater(27839): extent() != 1 for single value type: output.subscribed-indices.values
06-11 21:52:22.323 D/ReflectedParamUpdater(27839): extent() != 1 for single value type: input.buffers.allocator-ids.values
06-11 21:52:22.323 D/ReflectedParamUpdater(27839): extent() != 1 for single value type: output.buffers.allocator-ids.values
06-11 21:52:22.323 D/ReflectedParamUpdater(27839): extent() != 1 for single value type: algo.buffers.allocator-ids.values
06-11 21:52:22.323 D/ReflectedParamUpdater(27839): extent() != 1 for single value type: output.buffers.pool-ids.values
06-11 21:52:22.323 D/ReflectedParamUpdater(27839): extent() != 1 for single value type: algo.buffers.pool-ids.values
06-11 21:52:22.323 I/CCodec  (27839): Created component [c2.android.vorbis.decoder]
06-11 21:52:22.324 D/CCodecConfig(27839): read media type: audio/vorbis
06-11 21:52:22.326 I/CCodecConfig(27839): query failed after returning 7 values (BAD_INDEX)
06-11 21:52:22.326 D/CCodecConfig(27839): c2 config diff is Dict {
06-11 21:52:22.326 D/CCodecConfig(27839):   c2::u32 coded.bitrate.value = 64000
06-11 21:52:22.326 D/CCodecConfig(27839):   c2::u32 input.buffers.max-size.value = 32768
06-11 21:52:22.326 D/CCodecConfig(27839):   c2::u32 input.delay.value = 0
06-11 21:52:22.326 D/CCodecConfig(27839):   string input.media-type.value = "audio/vorbis"
06-11 21:52:22.326 D/CCodecConfig(27839):   string output.media-type.value = "audio/raw"
06-11 21:52:22.326 D/CCodecConfig(27839):   c2::u32 raw.channel-count.value = 1
06-11 21:52:22.326 D/CCodecConfig(27839):   c2::u32 raw.sample-rate.value = 48000
06-11 21:52:22.326 D/CCodecConfig(27839): }
06-11 21:52:22.327 D/ReflectedParamUpdater(27839): extent() != 1 for single value type: algo.buffers.max-count.values
06-11 21:52:22.327 D/ReflectedParamUpdater(27839): extent() != 1 for single value type: output.subscribed-indices.values
06-11 21:52:22.327 D/ReflectedParamUpdater(27839): extent() != 1 for single value type: input.buffers.allocator-ids.values
06-11 21:52:22.328 D/ReflectedParamUpdater(27839): extent() != 1 for single value type: output.buffers.allocator-ids.values
06-11 21:52:22.328 D/ReflectedParamUpdater(27839): extent() != 1 for single value type: algo.buffers.allocator-ids.values
06-11 21:52:22.328 D/CCodec  (27839): [c2.android.vorbis.decoder] buffers are bound to CCodec for this session
06-11 21:52:22.328 D/CCodecConfig(27839): no c2 equivalents for durationUs
06-11 21:52:22.328 D/CCodecConfig(27839): no c2 equivalents for track-id
06-11 21:52:22.328 D/CCodecConfig(27839): no c2 equivalents for csd-1
06-11 21:52:22.328 D/CCodecConfig(27839): no c2 equivalents for channel-mask
06-11 21:52:22.329 D/CCodecConfig(27839): no c2 equivalents for flags
06-11 21:52:22.329 D/ReflectedParamUpdater(27839): extent() != 1 for single value type: output.buffers.pool-ids.values
06-11 21:52:22.329 D/ReflectedParamUpdater(27839): extent() != 1 for single value type: algo.buffers.pool-ids.values
06-11 21:52:22.330 D/CCodecConfig(27839): c2 config diff is   c2::u32 raw.sample-rate.value = 16000
06-11 21:52:22.333 W/Codec2Client(27839): query -- param skipped: index = 1107298332.
06-11 21:52:22.333 D/CCodec  (27839): setup formats input: AMessage(what = 0x00000000) = {
06-11 21:52:22.333 D/CCodec  (27839):   int32_t channel-count = 1
06-11 21:52:22.333 D/CCodec  (27839):   int32_t max-input-size = 32768
06-11 21:52:22.333 D/CCodec  (27839):   string mime = "audio/vorbis"
06-11 21:52:22.333 D/CCodec  (27839):   int32_t sample-rate = 16000
06-11 21:52:22.333 D/CCodec  (27839): } and output: AMessage(what = 0x00000000) = {
06-11 21:52:22.333 D/CCodec  (27839):   int32_t channel-count = 1
06-11 21:52:22.333 D/CCodec  (27839):   string mime = "audio/raw"
06-11 21:52:22.333 D/CCodec  (27839):   int32_t sample-rate = 16000
06-11 21:52:22.333 D/CCodec  (27839):   int32_t channel-mask = 1
06-11 21:52:22.333 D/CCodec  (27839): }
06-11 21:52:22.333 I/CCodecConfig(27839): query failed after returning 7 values (BAD_INDEX)
06-11 21:52:22.334 W/Codec2Client(27839): query -- param skipped: index = 1342179345.
06-11 21:52:22.334 W/Codec2Client(27839): query -- param skipped: index = 2415921170.
06-11 21:52:22.334 D/CCodecConfig(27839): c2 config diff is Dict {
06-11 21:52:22.334 D/CCodecConfig(27839):   c2::u32 coded.bitrate.value = 64000
06-11 21:52:22.334 D/CCodecConfig(27839):   c2::u32 input.buffers.max-size.value = 32768
06-11 21:52:22.334 D/CCodecConfig(27839):   c2::u32 input.delay.value = 0
06-11 21:52:22.334 D/CCodecConfig(27839):   string input.media-type.value = "audio/vorbis"
06-11 21:52:22.334 D/CCodecConfig(27839):   string output.media-type.value = "audio/raw"
06-11 21:52:22.334 D/CCodecConfig(27839):   c2::u32 raw.channel-count.value = 1
06-11 21:52:22.334 D/CCodecConfig(27839):   c2::u32 raw.sample-rate.value = 48000
06-11 21:52:22.334 D/CCodecConfig(27839): }
06-11 21:52:22.335 E/FMQ     (27839): grantorIdx must be less than 3
06-11 21:52:22.335 E/FMQ     (27839): grantorIdx must be less than 3
06-11 21:52:22.336 D/CCodecBufferChannel(27839): [c2.android.vorbis.decoder#426] Created input block pool with allocatorID 16 => poolID 18 - OK (0)
06-11 21:52:22.336 D/BufferPoolAccessor2.0(  477): bufferpool2 0xf7965b98 : 0(0 size) total buffers - 0(0 size) used buffers - 105/109 (recycle/alloc) - 4/109 (fetch/transfer)
06-11 21:52:22.336 D/BufferPoolAccessor2.0(  477): Destruction - bufferpool2 0xf7965b98 cached: 0/0M, 0/0% in use; allocs: 109, 96% recycled; transfers: 109, 96% unfetched
06-11 21:52:22.337 E/FMQ     (  477): grantorIdx must be less than 3
06-11 21:52:22.337 E/FMQ     (  477): grantorIdx must be less than 3
06-11 21:52:22.337 D/BufferPoolAccessor2.0(27839): bufferpool2 0xf02a5698 : 0(0 size) total buffers - 0(0 size) used buffers - 0/5 (recycle/alloc) - 4/216 (fetch/transfer)
06-11 21:52:22.337 D/BufferPoolAccessor2.0(27839): Destruction - bufferpool2 0xf02a5698 cached: 0/0M, 0/0% in use; allocs: 5, 0% recycled; transfers: 216, 98% unfetched
06-11 21:52:22.338 I/CCodecBufferChannel(27839): [c2.android.vorbis.decoder#426] Created output block pool with allocatorID 16 => poolID 67 - OK
06-11 21:52:22.338 D/CCodec  (27839): [c2.android.vorbis.decoder] buffers are bound to CCodec for this session
06-11 21:52:22.338 D/CCodecConfig(27839): no c2 equivalents for durationUs
06-11 21:52:22.338 D/CCodecConfig(27839): no c2 equivalents for track-id
06-11 21:52:22.338 D/CCodecConfig(27839): no c2 equivalents for csd-1
06-11 21:52:22.339 D/CCodecBufferChannel(27839): [c2.android.vorbis.decoder#426] Configured output block pool ids 67 => OK
06-11 21:52:22.339 D/CCodecConfig(27839): no c2 equivalents for channel-mask
06-11 21:52:22.339 D/CCodecConfig(27839): no c2 equivalents for flags
06-11 21:52:22.343 D/SimpleC2Component(  477): Using output block pool with poolID 67 => got 67 - 0
06-11 21:52:22.344 E/FMQ     (27839): grantorIdx must be less than 3
06-11 21:52:22.345 E/FMQ     (  477): grantorIdx must be less than 3
06-11 21:52:22.347 D/CCodecConfig(27839): c2 config diff is   c2::u32 raw.sample-rate.value = 16000
06-11 21:52:22.349 W/Codec2Client(27839): query -- param skipped: index = 1107298332.
06-11 21:52:22.349 D/CCodec  (27839): setup formats input: AMessage(what = 0x00000000) = {
06-11 21:52:22.349 D/CCodec  (27839):   int32_t channel-count = 1
06-11 21:52:22.349 D/CCodec  (27839):   int32_t max-input-size = 32768
06-11 21:52:22.349 D/CCodec  (27839):   string mime = "audio/vorbis"
06-11 21:52:22.349 D/CCodec  (27839):   int32_t sample-rate = 16000
06-11 21:52:22.349 D/CCodec  (27839): } and output: AMessage(what = 0x00000000) = {
06-11 21:52:22.349 D/CCodec  (27839):   int32_t channel-count = 1
06-11 21:52:22.349 D/CCodec  (27839):   string mime = "audio/raw"
06-11 21:52:22.349 D/CCodec  (27839):   int32_t sample-rate = 16000
06-11 21:52:22.349 D/CCodec  (27839):   int32_t channel-mask = 1
06-11 21:52:22.349 D/CCodec  (27839): }
06-11 21:52:22.351 W/Codec2Client(27839): query -- param skipped: index = 1342179345.
06-11 21:52:22.351 W/Codec2Client(27839): query -- param skipped: index = 2415921170.
06-11 21:52:22.352 E/FMQ     (27839): grantorIdx must be less than 3
06-11 21:52:22.352 E/FMQ     (27839): grantorIdx must be less than 3
06-11 21:52:22.353 D/CCodecBufferChannel(27839): [c2.android.vorbis.decoder#123] Created input block pool with allocatorID 16 => poolID 19 - OK (0)
06-11 21:52:22.354 E/FMQ     (  477): grantorIdx must be less than 3
06-11 21:52:22.354 E/FMQ     (  477): grantorIdx must be less than 3
06-11 21:52:22.355 D/stbdpc  (  397): STB_DPGetNumPaths[570]: num_paths: 1
06-11 21:52:22.355 I/CCodecBufferChannel(27839): [c2.android.vorbis.decoder#123] Created output block pool with allocatorID 16 => poolID 68 - OK
06-11 21:52:22.356 D/CCodecBufferChannel(27839): [c2.android.vorbis.decoder#123] Configured output block pool ids 68 => OK
06-11 21:52:22.359 D/SimpleC2Component(  477): Using output block pool with poolID 68 => got 68 - 0
06-11 21:52:22.364 E/FMQ     (27839): grantorIdx must be less than 3
06-11 21:52:22.365 E/FMQ     (  477): grantorIdx must be less than 3
06-11 21:52:22.371 E/FMQ     (  477): grantorIdx must be less than 3
06-11 21:52:22.371 E/FMQ     (27839): grantorIdx must be less than 3
06-11 21:52:22.395 D/JioStbInactivityTimer(  926): Timer: count 358 warningTimeout:10680 timeout:10800
06-11 21:52:22.396 D/JioStbInactivityTimer(  926): isUserActive: Curr:4414283 Prev:4414283
06-11 21:52:22.399 D/CCodecBuffers(27839): [c2.android.vorbis.decoder#426:Output[N]] popFromStashAndRegister: output format changed to AMessage(what = 0x00000000) = {
06-11 21:52:22.399 D/CCodecBuffers(27839):   int32_t channel-count = 1
06-11 21:52:22.399 D/CCodecBuffers(27839):   string mime = "audio/raw"
06-11 21:52:22.399 D/CCodecBuffers(27839):   int32_t sample-rate = 16000
06-11 21:52:22.399 D/CCodecBuffers(27839):   int32_t channel-mask = 1
06-11 21:52:22.399 D/CCodecBuffers(27839): }
06-11 21:52:22.410 E/FMQ     (  477): grantorIdx must be less than 3
06-11 21:52:22.410 E/FMQ     (27839): grantorIdx must be less than 3
06-11 21:52:22.411 V/DigitalSignage(  633): Package Name: null
06-11 21:52:22.411 V/DigitalSignage(  633): Left: 0
06-11 21:52:22.411 V/DigitalSignage(  633): Right: 0
06-11 21:52:22.411 V/DigitalSignage(  633): Top: 0
06-11 21:52:22.411 V/DigitalSignage(  633): Bottom: 0
06-11 21:52:22.412 D/CCodecBuffers(27839): [c2.android.vorbis.decoder#123:Output[N]] popFromStashAndRegister: output format changed to AMessage(what = 0x00000000) = {
06-11 21:52:22.412 D/CCodecBuffers(27839):   int32_t channel-count = 1
06-11 21:52:22.412 D/CCodecBuffers(27839):   string mime = "audio/raw"
06-11 21:52:22.412 D/CCodecBuffers(27839):   int32_t sample-rate = 16000
06-11 21:52:22.412 D/CCodecBuffers(27839):   int32_t channel-mask = 1
06-11 21:52:22.412 D/CCodecBuffers(27839): }
06-11 21:52:22.412 D/DigitalSignage(  633): else - Package Name :: null left : 0 right :: 0 top :: 0 bottom :: 0 dfu-right :: 1920 dfu-bottom :: 1080
06-11 21:52:22.425 I/system_server(  633): oneway function results will be dropped but finished with status OK and parcel size 4
06-11 21:52:22.425 W/APM::AudioPolicyEngine(  387): getDevicesForStrategy() unknown strategy: -1
06-11 21:52:22.455 D/stbdpc  (  397): STB_DPGetNumPaths[570]: num_paths: 1
06-11 21:52:22.455 D/CCodecBufferChannel(27839): [c2.android.vorbis.decoder#123] MediaCodec discarded an unknown buffer
06-11 21:52:22.456 I/chatty  (27839): uid=10072(in.startv.hotstar) identical 1 line
06-11 21:52:22.456 D/CCodecBufferChannel(27839): [c2.android.vorbis.decoder#123] MediaCodec discarded an unknown buffer
06-11 21:52:22.474 I/hw-BpHwBinder(27839): onLastStrongRef automatically unlinking death recipients
06-11 21:52:22.474 D/CCodecBufferChannel(27839): [c2.android.vorbis.decoder#426] MediaCodec discarded an unknown buffer
06-11 21:52:22.474 D/CCodecBufferChannel(27839): [c2.android.vorbis.decoder#426] MediaCodec discarded an unknown buffer
06-11 21:52:22.478 I/hw-BpHwBinder(27839): onLastStrongRef automatically unlinking death recipients
06-11 21:52:22.478 I/hw-BpHwBinder(  477): onLastStrongRef automatically unlinking death recipients
06-11 21:52:22.478 V/C2Store (  477): in ~ComponentModule
06-11 21:52:22.478 V/C2Store (  477): unloading dll
06-11 21:52:22.494 I/AmFFmpegExtractor(  447): checkInList: isw:0, m:audio/ogg, t:1, i:86021 t:0
06-11 21:52:22.494 I/AmFFmpegExtractor(  447): checkInList: isw:1, m:audio/ogg, t:1, i:86021 t:0
06-11 21:52:22.494 E/AmFFmpegExtractor(  447): codec_ctx->properties: 0
06-11 21:52:22.495 I/AmFFmpegExtractor(  447): checkSupportInList ret 1
06-11 21:52:22.497 I/AmFFmpegExtractor(  447): checkInList: isw:0, m:audio/ogg, t:1, i:86021 t:0
06-11 21:52:22.497 I/AmFFmpegExtractor(  447): checkInList: isw:1, m:audio/ogg, t:1, i:86021 t:0
06-11 21:52:22.497 E/AmFFmpegExtractor(  447): codec_ctx->properties: 0
06-11 21:52:22.497 I/AmFFmpegExtractor(  447): checkSupportInList ret 1
06-11 21:52:22.500 I/AmFFmpegExtractor(  447): checkInList: isw:0, m:audio/ogg, t:1, i:86021 t:0
06-11 21:52:22.501 I/AmFFmpegExtractor(  447): checkInList: isw:1, m:audio/ogg, t:1, i:86021 t:0
06-11 21:52:22.501 E/AmFFmpegExtractor(  447): codec_ctx->properties: 0
06-11 21:52:22.501 I/AmFFmpegExtractor(  447): checkSupportInList ret 0
06-11 21:52:22.501 E/AmFFmpegExtractor(  447): vendor do not support
06-11 21:52:22.509 E/Utils   (  447): did not find channel-count and/or sample-rate
06-11 21:52:22.512 I/AmAVUtils(27839): set profile 0 level:0
06-11 21:52:22.515 D/CCodec  (27839): allocate(c2.android.vorbis.decoder)
06-11 21:52:22.516 V/C2Store (  477): in init
06-11 21:52:22.516 V/C2Store (  477): loading dll
06-11 21:52:22.518 I/AmFFmpegExtractor(  447): checkInList: isw:0, m:audio/ogg, t:1, i:86021 t:0
06-11 21:52:22.518 I/AmFFmpegExtractor(  447): checkInList: isw:1, m:audio/ogg, t:1, i:86021 t:0
06-11 21:52:22.519 E/AmFFmpegExtractor(  447): codec_ctx->properties: 0
06-11 21:52:22.519 I/AmFFmpegExtractor(  447): checkSupportInList ret 0
06-11 21:52:22.520 E/AmFFmpegExtractor(  447): vendor do not support
06-11 21:52:22.521 I/CCodec  (27839): Created component [c2.android.vorbis.decoder]
06-11 21:52:22.524 D/CCodecConfig(27839): read media type: audio/vorbis
06-11 21:52:22.528 D/ReflectedParamUpdater(27839): extent() != 1 for single value type: algo.buffers.max-count.values
06-11 21:52:22.529 D/ReflectedParamUpdater(27839): extent() != 1 for single value type: output.subscribed-indices.values
06-11 21:52:22.529 D/ReflectedParamUpdater(27839): extent() != 1 for single value type: input.buffers.allocator-ids.values
06-11 21:52:22.529 D/ReflectedParamUpdater(27839): extent() != 1 for single value type: output.buffers.allocator-ids.values
06-11 21:52:22.529 D/ReflectedParamUpdater(27839): extent() != 1 for single value type: algo.buffers.allocator-ids.values
06-11 21:52:22.530 D/ReflectedParamUpdater(27839): extent() != 1 for single value type: output.buffers.pool-ids.values
06-11 21:52:22.530 D/ReflectedParamUpdater(27839): extent() != 1 for single value type: algo.buffers.pool-ids.values
06-11 21:52:22.534 I/CCodecConfig(27839): query failed after returning 7 values (BAD_INDEX)
06-11 21:52:22.535 D/CCodecConfig(27839): c2 config diff is Dict {
06-11 21:52:22.535 D/CCodecConfig(27839):   c2::u32 coded.bitrate.value = 64000
06-11 21:52:22.535 D/CCodecConfig(27839):   c2::u32 input.buffers.max-size.value = 32768
06-11 21:52:22.535 D/CCodecConfig(27839):   c2::u32 input.delay.value = 0
06-11 21:52:22.535 D/CCodecConfig(27839):   string input.media-type.value = "audio/vorbis"
06-11 21:52:22.535 D/CCodecConfig(27839):   string output.media-type.value = "audio/raw"
06-11 21:52:22.535 D/CCodecConfig(27839):   c2::u32 raw.channel-count.value = 1
06-11 21:52:22.535 D/CCodecConfig(27839):   c2::u32 raw.sample-rate.value = 48000
06-11 21:52:22.535 D/CCodecConfig(27839): }
06-11 21:52:22.536 D/CCodec  (27839): [c2.android.vorbis.decoder] buffers are bound to CCodec for this session
06-11 21:52:22.536 D/CCodecConfig(27839): no c2 equivalents for durationUs
06-11 21:52:22.536 D/CCodecConfig(27839): no c2 equivalents for track-id
06-11 21:52:22.536 D/CCodecConfig(27839): no c2 equivalents for csd-1
06-11 21:52:22.536 D/CCodecConfig(27839): no c2 equivalents for channel-mask
06-11 21:52:22.537 D/CCodecConfig(27839): no c2 equivalents for flags
06-11 21:52:22.537 D/CCodecConfig(27839): c2 config diff is   c2::u32 raw.sample-rate.value = 16000
06-11 21:52:22.539 W/Codec2Client(27839): query -- param skipped: index = 1107298332.
06-11 21:52:22.539 D/CCodec  (27839): setup formats input: AMessage(what = 0x00000000) = {
06-11 21:52:22.539 D/CCodec  (27839):   int32_t channel-count = 1
06-11 21:52:22.539 D/CCodec  (27839):   int32_t max-input-size = 32768
06-11 21:52:22.539 D/CCodec  (27839):   string mime = "audio/vorbis"
06-11 21:52:22.539 D/CCodec  (27839):   int32_t sample-rate = 16000
06-11 21:52:22.539 D/CCodec  (27839): } and output: AMessage(what = 0x00000000) = {
06-11 21:52:22.539 D/CCodec  (27839):   int32_t channel-count = 1
06-11 21:52:22.539 D/CCodec  (27839):   string mime = "audio/raw"
06-11 21:52:22.539 D/CCodec  (27839):   int32_t sample-rate = 16000
06-11 21:52:22.539 D/CCodec  (27839):   int32_t channel-mask = 1
06-11 21:52:22.539 D/CCodec  (27839): }
06-11 21:52:22.541 W/Codec2Client(27839): query -- param skipped: index = 1342179345.
06-11 21:52:22.541 W/Codec2Client(27839): query -- param skipped: index = 2415921170.
06-11 21:52:22.542 E/FMQ     (27839): grantorIdx must be less than 3
06-11 21:52:22.542 E/FMQ     (27839): grantorIdx must be less than 3
06-11 21:52:22.542 D/CCodecBufferChannel(27839): [c2.android.vorbis.decoder#83] Created input block pool with allocatorID 16 => poolID 20 - OK (0)
06-11 21:52:22.543 E/FMQ     (  477): grantorIdx must be less than 3
06-11 21:52:22.543 E/FMQ     (  477): grantorIdx must be less than 3
06-11 21:52:22.544 I/CCodecBufferChannel(27839): [c2.android.vorbis.decoder#83] Created output block pool with allocatorID 16 => poolID 69 - OK
06-11 21:52:22.544 D/CCodecBufferChannel(27839): [c2.android.vorbis.decoder#83] Configured output block pool ids 69 => OK
06-11 21:52:22.547 D/SimpleC2Component(  477): Using output block pool with poolID 69 => got 69 - 0
06-11 21:52:22.549 E/FMQ     (27839): grantorIdx must be less than 3
06-11 21:52:22.549 E/FMQ     (  477): grantorIdx must be less than 3
06-11 21:52:22.555 D/stbdpc  (  397): STB_DPGetNumPaths[570]: num_paths: 1
06-11 21:52:22.557 E/FMQ     (  477): grantorIdx must be less than 3
06-11 21:52:22.558 E/FMQ     (27839): grantorIdx must be less than 3
06-11 21:52:22.560 D/CCodecBuffers(27839): [c2.android.vorbis.decoder#83:Output[N]] popFromStashAndRegister: output format changed to AMessage(what = 0x00000000) = {
06-11 21:52:22.560 D/CCodecBuffers(27839):   int32_t channel-count = 1
06-11 21:52:22.560 D/CCodecBuffers(27839):   string mime = "audio/raw"
06-11 21:52:22.560 D/CCodecBuffers(27839):   int32_t sample-rate = 16000
06-11 21:52:22.560 D/CCodecBuffers(27839):   int32_t channel-mask = 1
06-11 21:52:22.560 D/CCodecBuffers(27839): }
06-11 21:52:22.569 E/Utils   (  447): did not find channel-count and/or sample-rate
06-11 21:52:22.575 I/AmAVUtils(27839): set profile 0 level:0
06-11 21:52:22.590 D/CCodecBufferChannel(27839): [c2.android.vorbis.decoder#83] MediaCodec discarded an unknown buffer
06-11 21:52:22.592 W/[ 4773.741855@2]  RTW(    0): fill_default_txdesc(wlan0): SP Packet(0x0806) rate=0x4 SeqNum = 1028
06-11 21:52:22.594 I/hw-BpHwBinder(27839): onLastStrongRef automatically unlinking death recipients
06-11 21:52:22.594 I/hw-BpHwBinder(  477): onLastStrongRef automatically unlinking death recipients
06-11 21:52:22.595 V/C2Store (  477): in ~ComponentModule
06-11 21:52:22.595 V/C2Store (  477): unloading dll
06-11 21:52:22.596 D/CCodec  (27839): allocate(c2.android.vorbis.decoder)
06-11 21:52:22.596 V/C2Store (  477): in init
06-11 21:52:22.596 V/C2Store (  477): loading dll
06-11 21:52:22.601 I/CCodec  (27839): Created component [c2.android.vorbis.decoder]
06-11 21:52:22.602 D/CCodecConfig(27839): read media type: audio/vorbis
06-11 21:52:22.609 D/ReflectedParamUpdater(27839): extent() != 1 for single value type: algo.buffers.max-count.values
06-11 21:52:22.610 D/ReflectedParamUpdater(27839): extent() != 1 for single value type: output.subscribed-indices.values
06-11 21:52:22.610 D/ReflectedParamUpdater(27839): extent() != 1 for single value type: input.buffers.allocator-ids.values
06-11 21:52:22.611 D/ReflectedParamUpdater(27839): extent() != 1 for single value type: output.buffers.allocator-ids.values
06-11 21:52:22.611 D/ReflectedParamUpdater(27839): extent() != 1 for single value type: algo.buffers.allocator-ids.values
06-11 21:52:22.612 D/ReflectedParamUpdater(27839): extent() != 1 for single value type: output.buffers.pool-ids.values
06-11 21:52:22.612 D/ReflectedParamUpdater(27839): extent() != 1 for single value type: algo.buffers.pool-ids.values
06-11 21:52:22.615 I/CCodecConfig(27839): query failed after returning 7 values (BAD_INDEX)
06-11 21:52:22.615 D/CCodecConfig(27839): c2 config diff is Dict {
06-11 21:52:22.615 D/CCodecConfig(27839):   c2::u32 coded.bitrate.value = 64000
06-11 21:52:22.615 D/CCodecConfig(27839):   c2::u32 input.buffers.max-size.value = 32768
06-11 21:52:22.615 D/CCodecConfig(27839):   c2::u32 input.delay.value = 0
06-11 21:52:22.615 D/CCodecConfig(27839):   string input.media-type.value = "audio/vorbis"
06-11 21:52:22.615 D/CCodecConfig(27839):   string output.media-type.value = "audio/raw"
06-11 21:52:22.615 D/CCodecConfig(27839):   c2::u32 raw.channel-count.value = 1
06-11 21:52:22.615 D/CCodecConfig(27839):   c2::u32 raw.sample-rate.value = 48000
06-11 21:52:22.615 D/CCodecConfig(27839): }
06-11 21:52:22.617 D/CCodec  (27839): [c2.android.vorbis.decoder] buffers are bound to CCodec for this session
06-11 21:52:22.617 D/CCodecConfig(27839): no c2 equivalents for durationUs
06-11 21:52:22.618 D/CCodecConfig(27839): no c2 equivalents for track-id
06-11 21:52:22.618 D/CCodecConfig(27839): no c2 equivalents for csd-1
06-11 21:52:22.618 D/CCodecConfig(27839): no c2 equivalents for channel-mask
06-11 21:52:22.618 D/CCodecConfig(27839): no c2 equivalents for flags
06-11 21:52:22.619 D/CCodecConfig(27839): c2 config diff is   c2::u32 raw.sample-rate.value = 16000
06-11 21:52:22.620 W/Codec2Client(27839): query -- param skipped: index = 1107298332.
06-11 21:52:22.621 D/CCodec  (27839): setup formats input: AMessage(what = 0x00000000) = {
06-11 21:52:22.621 D/CCodec  (27839):   int32_t channel-count = 1
06-11 21:52:22.621 D/CCodec  (27839):   int32_t max-input-size = 32768
06-11 21:52:22.621 D/CCodec  (27839):   string mime = "audio/vorbis"
06-11 21:52:22.621 D/CCodec  (27839):   int32_t sample-rate = 16000
06-11 21:52:22.621 D/CCodec  (27839): } and output: AMessage(what = 0x00000000) = {
06-11 21:52:22.621 D/CCodec  (27839):   int32_t channel-count = 1
06-11 21:52:22.621 D/CCodec  (27839):   string mime = "audio/raw"
06-11 21:52:22.621 D/CCodec  (27839):   int32_t sample-rate = 16000
06-11 21:52:22.621 D/CCodec  (27839):   int32_t channel-mask = 1
06-11 21:52:22.621 D/CCodec  (27839): }
06-11 21:52:22.621 W/Codec2Client(27839): query -- param skipped: index = 1342179345.
06-11 21:52:22.621 W/Codec2Client(27839): query -- param skipped: index = 2415921170.
06-11 21:52:22.622 E/FMQ     (27839): grantorIdx must be less than 3
06-11 21:52:22.622 E/FMQ     (27839): grantorIdx must be less than 3
06-11 21:52:22.623 D/CCodecBufferChannel(27839): [c2.android.vorbis.decoder#168] Created input block pool with allocatorID 16 => poolID 21 - OK (0)
06-11 21:52:22.624 E/FMQ     (  477): grantorIdx must be less than 3
06-11 21:52:22.624 E/FMQ     (  477): grantorIdx must be less than 3
06-11 21:52:22.625 I/CCodecBufferChannel(27839): [c2.android.vorbis.decoder#168] Created output block pool with allocatorID 16 => poolID 70 - OK
06-11 21:52:22.625 D/CCodecBufferChannel(27839): [c2.android.vorbis.decoder#168] Configured output block pool ids 70 => OK
06-11 21:52:22.627 D/SimpleC2Component(  477): Using output block pool with poolID 70 => got 70 - 0
06-11 21:52:22.628 E/FMQ     (27839): grantorIdx must be less than 3
06-11 21:52:22.629 E/FMQ     (  477): grantorIdx must be less than 3
06-11 21:52:22.642 D/rtk_heartbeat(  349): heartbeat_timed_out: heartbeatCmdCount = 4752, expected nextSeqNum = 4752
06-11 21:52:22.642 E/FMQ     (  477): grantorIdx must be less than 3
06-11 21:52:22.643 E/FMQ     (27839): grantorIdx must be less than 3
06-11 21:52:22.645 D/rtk_heartbeat(  349): rtkbt_heartbeat_cmpl_cback: Current SeqNum = 4752,should SeqNum=4752, status = 0
06-11 21:52:22.647 D/CCodecBuffers(27839): [c2.android.vorbis.decoder#168:Output[N]] popFromStashAndRegister: output format changed to AMessage(what = 0x00000000) = {
06-11 21:52:22.647 D/CCodecBuffers(27839):   int32_t channel-count = 1
06-11 21:52:22.647 D/CCodecBuffers(27839):   string mime = "audio/raw"
06-11 21:52:22.647 D/CCodecBuffers(27839):   int32_t sample-rate = 16000
06-11 21:52:22.647 D/CCodecBuffers(27839):   int32_t channel-mask = 1
06-11 21:52:22.647 D/CCodecBuffers(27839): }
06-11 21:52:22.655 D/stbdpc  (  397): STB_DPGetNumPaths[570]: num_paths: 1
06-11 21:52:22.702 D/CCodecBufferChannel(27839): [c2.android.vorbis.decoder#168] MediaCodec discarded an unknown buffer
06-11 21:52:22.703 I/chatty  (27839): uid=10072(in.startv.hotstar) identical 1 line
06-11 21:52:22.703 D/CCodecBufferChannel(27839): [c2.android.vorbis.decoder#168] MediaCodec discarded an unknown buffer
06-11 21:52:22.707 I/hw-BpHwBinder(  477): onLastStrongRef automatically unlinking death recipients
06-11 21:52:22.707 I/hw-BpHwBinder(27839): onLastStrongRef automatically unlinking death recipients
06-11 21:52:22.708 V/C2Store (  477): in ~ComponentModule
06-11 21:52:22.708 V/C2Store (  477): unloading dll
06-11 21:52:22.755 D/stbdpc  (  397): STB_DPGetNumPaths[570]: num_paths: 1
06-11 21:52:22.771 V/DigitalSignage(  633): Package Name: null
06-11 21:52:22.771 V/DigitalSignage(  633): Left: 0
06-11 21:52:22.771 V/DigitalSignage(  633): Right: 0
06-11 21:52:22.771 V/DigitalSignage(  633): Top: 0
06-11 21:52:22.771 V/DigitalSignage(  633): Bottom: 0
06-11 21:52:22.771 D/DigitalSignage(  633): else - Package Name :: null left : 0 right :: 0 top :: 0 bottom :: 0 dfu-right :: 1920 dfu-bottom :: 1080
06-11 21:52:22.775 D/dvb_iptv(  397): ReadEmmNetworkTask[1537]: EMM Select Timeout Occured 59
06-11 21:52:22.838 D/ltts_ip_emm(  397): LTTS_IP_DMXStartEMM[381]: parse_emm_cat_status failed
06-11 21:52:22.855 D/stbdpc  (  397): STB_DPGetNumPaths[570]: num_paths: 1
06-11 21:52:22.910 I/.startv.hotsta(27839): oneway function results will be dropped but finished with status OK and parcel size 4
06-11 21:52:22.915 I/e.swalekh.abct( 1359): oneway function results will be dropped but finished with status OK and parcel size 4
06-11 21:52:22.942 D/JioLauncher( 1773): overlay status check for wifi and bt remote false false
06-11 21:52:22.944 D/Match code1( 1439): 2
06-11 21:52:22.945 D/JIO_TR069-( 1439): Predefined List [com.jio.stb.catv, com.rjil.jiostbsetting, com.iwedia.ui.rjio.launcher.reliance, com.jio.stb.hotellauncher, com.jio.media.oberoi, com.jio.ott]
06-11 21:52:22.947 D/JIO_TR069-( 1439): Caller Package com.iwedia.ui.rjio.launcher.reliance
06-11 21:52:22.947 D/JioSTBMRServer-SERVICE( 3589): InetSocketAddress(InetAddress.getByName(inetAddress.hostAddress)-/192.168.1.255
06-11 21:52:22.947 D/JioSTBMRServer-SERVICE( 3589): #beacon:RKISBFJ60000097:0:false:0:1:SV=181024 , 192.168.1.255
06-11 21:52:22.947 D/JIO_TR069-( 1439): White Listed Apps []
06-11 21:52:22.947 D/JIO_TR069-( 1439): Final White Listed Apps [com.jio.stb.catv, com.rjil.jiostbsetting, com.iwedia.ui.rjio.launcher.reliance, com.jio.stb.hotellauncher, com.jio.media.oberoi, com.jio.ott, ]
06-11 21:52:22.953 D/JioSTBMRServer-SERVICE( 3589): InetSocketAddress(InetAddress.getByName(inetAddress.hostAddress)-/192.168.1.255
06-11 21:52:22.953 D/JioSTBMRServer-SERVICE( 3589): #broadcast IP:192.168.1.255
06-11 21:52:22.954 D/JioLauncher( 1773): network-type-------NonJioNetwork
06-11 21:52:22.956 D/stbdpc  (  397): STB_DPGetNumPaths[570]: num_paths: 1
06-11 21:52:22.969 D/JioLauncher( 1773): live-tv-previousIp-[/fe80::1%wlan0, /192.168.1.1]-newHost-[/fe80::1%wlan0, /192.168.1.1]
06-11 21:52:23.047 E/WifiVendorHal(  633): getWifiLinkLayerStats_1_3_Internal(l.973) failed {.code = ERROR_UNKNOWN, .description = unknown error}
06-11 21:52:23.052 D/memtrack_aml(  363): sysfs path
06-11 21:52:23.056 D/stbdpc  (  397): STB_DPGetNumPaths[570]: num_paths: 1
06-11 21:52:23.156 I/chatty  (  397): uid=0(root) DK-SiCntrl identical 1 line
06-11 21:52:23.256 D/stbdpc  (  397): STB_DPGetNumPaths[570]: num_paths: 1
06-11 21:52:23.275 D/dvb_iptv(  397): ReadEmmNetworkTask[1537]: EMM Select Timeout Occured 60
06-11 21:52:23.275 D/stbresmgr(  397): STB_RESNumTuners[315]: num_tuners: 3
06-11 21:52:23.275 E/dvb_iptv(  397): IPTV_GetDvbIpPacketDetails[684]: No valid ECM iptv_handle
06-11 21:52:23.275 D/dvb_iptv(  397): IPTV_GetDvbIpPacketDetails[688]: EMM Pkt stat received_packets:0 lost_packets:0 recov_packets:0 
06-11 21:52:23.275 D/dvb_iptv(  397): getPktDetailOnRetry[710]: Failed to fetch packet details
06-11 21:52:23.275 D/dvb_iptv(  397): ReadEmmNetworkTask[1560]: dsc state not 1
06-11 21:52:23.275 D/dvb_iptv(  397): ReadEmmNetworkTask[1582]: signal emm restart thread
06-11 21:52:23.275 D/dvb_iptv(  397): IPTV_Emm_Stop[2245]: IPTV_Emm_Stop called
06-11 21:52:23.275 D/ltts_ip_emm(  397): CloseEmmCasSession[446]: EMM CAS CloseSession CASSession ID:f07c2c00
06-11 21:52:23.275 I/Aml_MP  (  397): AmlVMXIptvCas_V2 dtor AmlVMXIptvCas_V2
06-11 21:52:23.275 I/Aml_MP  (  397): AmCasLibWrapper [~AmCasLibWrapper:47] 
06-11 21:52:23.275 D/am_cas_api(  397): [releaseAmCas/294]
06-11 21:52:23.275 V/AVPIPTV (  397): [0] ~AmCasIPTVSC2 at # 707, class_instance_index=0
06-11 21:52:23.275 I/Aml_MP  (  397): AmCasLibWrapper delete mCasObj
06-11 21:52:23.275 I/Aml_MP  (  397): AmlCasBase [~AmlCasBase:89] 
06-11 21:52:23.275 D/ltts_ip_emm(  397): CloseEmmCasSession[450]: Aml_MP_CAS_CloseSession_Emm | ret_Aml: 0
06-11 21:52:23.356 D/stbdpc  (  397): STB_DPGetNumPaths[570]: num_paths: 1
06-11 21:52:23.395 D/JioStbInactivityTimer(  926): Timer: count 359 warningTimeout:10680 timeout:10800
06-11 21:52:23.395 D/JioStbInactivityTimer(  926): isUserActive: Curr:4414283 Prev:4414283
06-11 21:52:23.430 F/linker  (28072): CANNOT LINK EXECUTABLE "/system/bin/smartcable/smartCableSTBApp": library "libmosquitto.so" not found: needed by main executable
06-11 21:52:23.456 D/stbdpc  (  397): STB_DPGetNumPaths[570]: num_paths: 1
06-11 21:52:23.549 I/appium  (27769): The following attributes will be included to the page source: [resource-id]
06-11 21:52:23.557 D/stbdpc  (  397): STB_DPGetNumPaths[570]: num_paths: 1
06-11 21:52:23.642 D/rtk_heartbeat(  349): heartbeat_timed_out: heartbeatCmdCount = 4753, expected nextSeqNum = 4753
06-11 21:52:23.644 D/rtk_heartbeat(  349): rtkbt_heartbeat_cmpl_cback: Current SeqNum = 4753,should SeqNum=4753, status = 0
06-11 21:52:23.657 D/stbdpc  (  397): STB_DPGetNumPaths[570]: num_paths: 1
06-11 21:52:23.757 D/stbdpc  (  397): STB_DPGetNumPaths[570]: num_paths: 1
06-11 21:52:23.773 I/WM-WorkerWrapper(27839): Worker result FAILURE for Work [ id=704ac942-192d-47ab-8bc7-5f146c4008a2, tags={ com.hotstar.feature.engagement.work.playnext.UpdatePlayNextWork } ]
06-11 21:52:23.775 D/dvb_iptv(  397): ReadEmmNetworkTask[1537]: EMM Select Timeout Occured 1
06-11 21:52:23.775 D/stbhwnet(  397): STB_NWDropMembership[1331]: using IPV6 protocol in dropmembership
06-11 21:52:23.776 D/stbhwnet(  397): STB_NWDropMembership[1335]: group_address: '232.24.3.241', source_address: '10.70.220.50'
06-11 21:52:23.776 D/stbhwnet(  397): STB_NWDropMembership[1353]: src url SSM enabled
06-11 21:52:23.777 D/stbhwnet(  397): get_any_multicast_interface[1061]: Found g_nw_interface wlan0, ifindex 8
06-11 21:52:23.777 D/stbhwnet(  397): STB_NWDropMembership[1376]: sockopt_ret: 92 | Protocol not available
06-11 21:52:23.777 D/stbhwnet(  397): STB_NWDropMembership[1377]: Adding source multicast group error
06-11 21:52:23.777 D/stbhwnet(  397): STB_NWDropMembership[1331]: using IPV6 protocol in dropmembership
06-11 21:52:23.777 D/stbhwnet(  397): STB_NWDropMembership[1335]: group_address: '232.24.3.241', source_address: '10.70.220.50'
06-11 21:52:23.777 D/stbhwnet(  397): STB_NWDropMembership[1353]: src url SSM enabled
06-11 21:52:23.778 D/stbhwnet(  397): get_any_multicast_interface[1061]: Found g_nw_interface wlan0, ifindex 8
06-11 21:52:23.778 D/stbhwnet(  397): STB_NWDropMembership[1376]: sockopt_ret: 92 | Protocol not available
06-11 21:52:23.778 D/stbhwnet(  397): STB_NWDropMembership[1377]: Adding source multicast group error
06-11 21:52:23.778 D/stbhwnet(  397): STB_NWDropMembership[1331]: using IPV6 protocol in dropmembership
06-11 21:52:23.778 D/stbhwnet(  397): STB_NWDropMembership[1335]: group_address: '232.24.3.241', source_address: '10.70.220.50'
06-11 21:52:23.778 D/stbhwnet(  397): STB_NWDropMembership[1353]: src url SSM enabled
06-11 21:52:23.779 D/stbhwnet(  397): get_any_multicast_interface[1061]: Found g_nw_interface wlan0, ifindex 8
06-11 21:52:23.779 D/stbhwnet(  397): STB_NWDropMembership[1376]: sockopt_ret: 92 | Protocol not available
06-11 21:52:23.779 D/stbhwnet(  397): STB_NWDropMembership[1377]: Adding source multicast group error
06-11 21:52:23.779 D/stbhwnet(  397): STB_NWDropMembership[1331]: using IPV6 protocol in dropmembership
06-11 21:52:23.779 D/stbhwnet(  397): STB_NWDropMembership[1335]: group_address: '232.24.3.241', source_address: '10.70.220.50'
06-11 21:52:23.779 D/stbhwnet(  397): STB_NWDropMembership[1353]: src url SSM enabled
06-11 21:52:23.779 I/ThermalService(  969): CPU temperatures: [64.0]
06-11 21:52:23.780 D/stbhwnet(  397): get_any_multicast_interface[1061]: Found g_nw_interface wlan0, ifindex 8
06-11 21:52:23.780 D/stbhwnet(  397): STB_NWDropMembership[1376]: sockopt_ret: 92 | Protocol not available
06-11 21:52:23.780 D/stbhwnet(  397): STB_NWDropMembership[1377]: Adding source multicast group error
06-11 21:52:23.780 E/DvbiInterface(  397): StopStartcurrentemmsession[1192]: sucessfully stop the emm session
06-11 21:52:23.784 D/PackageManager(  633): Instant App installer not found with android.intent.action.INSTALL_INSTANT_APP_PACKAGE
06-11 21:52:23.784 D/PackageManager(  633): Clear ephemeral installer activity
06-11 21:52:23.803 I/appium  (27769): Took 0ms to retrieve 1 matches for '//android.widget.EditText[@resource-id='in.startv.hotstar:id/search_bar']' XPath2 query
06-11 21:52:23.811 I/appium  (27769): AppiumResponse: {"sessionId":"acef45ea-c04b-461d-97ce-a089f04e094e","value":{"ELEMENT":"00000000-0000-003d-ffff-ffff000000e8","element-6066-11e4-a52e-4f735466cecf":"00000000-0000-003d-ffff-ffff000000e8"}}
06-11 21:52:23.844 I/appium  (27769): channel read: GET /session/acef45ea-c04b-461d-97ce-a089f04e094e/element/00000000-0000-003d-ffff-ffff000000e8/attribute/displayed
06-11 21:52:23.845 I/appium  (27769): GetElementAttribute command
06-11 21:52:23.855 I/appium  (27769): AppiumResponse: {"sessionId":"acef45ea-c04b-461d-97ce-a089f04e094e","value":"true"}
06-11 21:52:23.857 D/stbdpc  (  397): STB_DPGetNumPaths[570]: num_paths: 1
06-11 21:52:23.885 I/appium  (27769): channel read: POST /session/acef45ea-c04b-461d-97ce-a089f04e094e/element/00000000-0000-003d-ffff-ffff000000e8/click
06-11 21:52:23.885 I/appium  (27769): Click command
06-11 21:52:23.902 D/InputDispatcher(  633): injectInputEvent - eventType=2, injectorPid=27754, injectorUid=0, syncMode=0, timeout=30000, policyFlags=0x08000000
06-11 21:52:23.902 D/InputDispatcher(  633): injectInputEvent - Finished with result 0. injectorPid=27754, injectorUid=0
06-11 21:52:23.902 D/InputDispatcher(  633): Setting input event injection result to 0.  injectorPid=27754, injectorUid=0
06-11 21:52:23.902 V/InputDispatcher(  633): Asynchronous input event injection succeeded.
06-11 21:52:23.903 I/android.hardware.power-service.libperfmgr(  366): Power setBoost: INTERACTION duration: 0
06-11 21:52:23.903 I/libperfmgr(  366): Do Powerhint: INTERACTION
06-11 21:52:23.904 I/android.hardware.power-service.libperfmgr(  366): Power setBoost: INTERACTION duration: 0
06-11 21:52:23.904 I/libperfmgr(  366): Do Powerhint: INTERACTION
06-11 21:52:23.913 D/InputDispatcher(  633): injectInputEvent - eventType=2, injectorPid=27754, injectorUid=0, syncMode=0, timeout=30000, policyFlags=0x08000000
06-11 21:52:23.913 D/InputDispatcher(  633): injectInputEvent - Finished with result 0. injectorPid=27754, injectorUid=0
06-11 21:52:23.913 D/InputDispatcher(  633): Setting input event injection result to 0.  injectorPid=27754, injectorUid=0
06-11 21:52:23.913 V/InputDispatcher(  633): Asynchronous input event injection succeeded.
06-11 21:52:23.931 W/GestureController(27769): Gestures took longer than expected (32ms >> 16ms), device might be in a busy state.
06-11 21:52:23.931 I/appium  (27769): Waiting up to 10000ms for the device to idle
06-11 21:52:23.935 I/appium  (27769): AppiumResponse: {"sessionId":"acef45ea-c04b-461d-97ce-a089f04e094e","value":null}
06-11 21:52:23.943 D/InputMethodService( 1359): JioHomeManagerService::showWindow()::notifyJioHomeAboutIMEVisibility(IME_SHOWN) isInputViewShown()::true
06-11 21:52:23.943 D/InputMethodService( 1359): JioHomeMangerService::notifyJioHomeAboutIMEVisibility()::EDIT_TEXT_FOCUS_KEY Value::true Action::com.iwedia.action.SHOW_SOFT_INPUT isVisble :: true
06-11 21:52:23.957 D/stbdpc  (  397): STB_DPGetNumPaths[570]: num_paths: 1
06-11 21:52:23.972 I/appium  (27769): channel read: POST /session/acef45ea-c04b-461d-97ce-a089f04e094e/element/00000000-0000-003d-ffff-ffff000000e8/value
06-11 21:52:23.976 D/InputMethod( 1359): JioHomeManagerService::hideSoftInput()::notifyJioHomeAboutIMEVisibility(IME_HIDDEN) isInputViewShown()::false
06-11 21:52:23.976 I/appium  (27769): SendKeysToElement command
06-11 21:52:23.976 D/InputMethodService( 1359): JioHomeMangerService::notifyJioHomeAboutIMEVisibility()::EDIT_TEXT_FOCUS_KEY Value::false Action::com.iwedia.action.SHOW_SOFT_INPUT isVisble :: false
06-11 21:52:23.979 W/InputMethodService( 1359): Re-entrance in to showWindow
06-11 21:52:23.999 W/InputMethodService( 1359): Re-entrance in to showWindow
06-11 21:52:24.000 D/InputMethodService( 1359): JioHomeManagerService::showWindow()::notifyJioHomeAboutIMEVisibility(IME_SHOWN) isInputViewShown()::true
06-11 21:52:24.001 D/InputMethodService( 1359): JioHomeMangerService::notifyJioHomeAboutIMEVisibility()::EDIT_TEXT_FOCUS_KEY Value::true Action::com.iwedia.action.SHOW_SOFT_INPUT isVisble :: true
06-11 21:52:24.042 V/DigitalSignage(  633): Package Name: null
06-11 21:52:24.042 V/DigitalSignage(  633): Left: 0
06-11 21:52:24.042 V/DigitalSignage(  633): Right: 0
06-11 21:52:24.042 V/DigitalSignage(  633): Top: 0
06-11 21:52:24.042 V/DigitalSignage(  633): Bottom: 0
06-11 21:52:24.043 D/DigitalSignage(  633): else - Package Name :: null left : 0 right :: 0 top :: 0 bottom :: 0 dfu-right :: 1920 dfu-bottom :: 1080
06-11 21:52:24.058 D/stbdpc  (  397): STB_DPGetNumPaths[570]: num_paths: 1
06-11 21:52:24.067 V/DigitalSignage(  633): Package Name: null
06-11 21:52:24.067 V/DigitalSignage(  633): Left: 0
06-11 21:52:24.067 V/DigitalSignage(  633): Right: 0
06-11 21:52:24.067 V/DigitalSignage(  633): Top: 0
06-11 21:52:24.067 V/DigitalSignage(  633): Bottom: 0
06-11 21:52:24.067 D/DigitalSignage(  633): else - Package Name :: null left : 0 right :: 0 top :: 0 bottom :: 0 dfu-right :: 1920 dfu-bottom :: 1080
06-11 21:52:24.068 V/DigitalSignage(  633): Package Name: null
06-11 21:52:24.068 V/DigitalSignage(  633): Left: 0
06-11 21:52:24.068 V/DigitalSignage(  633): Right: 0
06-11 21:52:24.068 V/DigitalSignage(  633): Top: 0
06-11 21:52:24.068 V/DigitalSignage(  633): Bottom: 0
06-11 21:52:24.068 D/DigitalSignage(  633): else - Package Name :: null left : 0 right :: 0 top :: 0 bottom :: 0 dfu-right :: 1920 dfu-bottom :: 1080
06-11 21:52:24.087 V/DigitalSignage(  633): Package Name: null
06-11 21:52:24.088 V/DigitalSignage(  633): Left: 0
06-11 21:52:24.088 V/DigitalSignage(  633): Right: 0
06-11 21:52:24.088 V/DigitalSignage(  633): Top: 0
06-11 21:52:24.088 V/DigitalSignage(  633): Bottom: 0
06-11 21:52:24.088 D/DigitalSignage(  633): else - Package Name :: null left : 0 right :: 0 top :: 0 bottom :: 0 dfu-right :: 1920 dfu-bottom :: 1080
06-11 21:52:24.088 V/DigitalSignage(  633): Package Name: null
06-11 21:52:24.088 V/DigitalSignage(  633): Left: 0
06-11 21:52:24.088 V/DigitalSignage(  633): Right: 0
06-11 21:52:24.088 V/DigitalSignage(  633): Top: 0
06-11 21:52:24.088 V/DigitalSignage(  633): Bottom: 0
06-11 21:52:24.088 D/DigitalSignage(  633): else - Package Name :: null left : 0 right :: 0 top :: 0 bottom :: 0 dfu-right :: 1920 dfu-bottom :: 1080
06-11 21:52:24.096 V/DigitalSignage(  633): Package Name: null
06-11 21:52:24.096 V/DigitalSignage(  633): Left: 0
06-11 21:52:24.096 V/DigitalSignage(  633): Right: 0
06-11 21:52:24.096 V/DigitalSignage(  633): Top: 0
06-11 21:52:24.096 V/DigitalSignage(  633): Bottom: 0
06-11 21:52:24.096 D/DigitalSignage(  633): else - Package Name :: null left : 0 right :: 0 top :: 0 bottom :: 0 dfu-right :: 1920 dfu-bottom :: 1080
06-11 21:52:24.096 V/DigitalSignage(  633): Package Name: null
06-11 21:52:24.096 V/DigitalSignage(  633): Left: 0
06-11 21:52:24.096 V/DigitalSignage(  633): Right: 0
06-11 21:52:24.096 V/DigitalSignage(  633): Top: 0
06-11 21:52:24.096 V/DigitalSignage(  633): Bottom: 0
06-11 21:52:24.097 D/DigitalSignage(  633): else - Package Name :: null left : 0 right :: 0 top :: 0 bottom :: 0 dfu-right :: 1920 dfu-bottom :: 1080
06-11 21:52:24.102 V/DigitalSignage(  633): Package Name: null
06-11 21:52:24.102 V/DigitalSignage(  633): Left: 0
06-11 21:52:24.102 V/DigitalSignage(  633): Right: 0
06-11 21:52:24.103 V/DigitalSignage(  633): Top: 0
06-11 21:52:24.103 V/DigitalSignage(  633): Bottom: 0
06-11 21:52:24.103 D/DigitalSignage(  633): else - Package Name :: null left : 0 right :: 0 top :: 0 bottom :: 0 dfu-right :: 1920 dfu-bottom :: 1080
06-11 21:52:24.103 V/DigitalSignage(  633): Package Name: null
06-11 21:52:24.103 V/DigitalSignage(  633): Left: 0
06-11 21:52:24.103 V/DigitalSignage(  633): Right: 0
06-11 21:52:24.103 V/DigitalSignage(  633): Top: 0
06-11 21:52:24.103 V/DigitalSignage(  633): Bottom: 0
06-11 21:52:24.103 D/DigitalSignage(  633): else - Package Name :: null left : 0 right :: 0 top :: 0 bottom :: 0 dfu-right :: 1920 dfu-bottom :: 1080
06-11 21:52:24.149 V/DigitalSignage(  633): Package Name: null
06-11 21:52:24.149 V/DigitalSignage(  633): Left: 0
06-11 21:52:24.149 V/DigitalSignage(  633): Right: 0
06-11 21:52:24.149 V/DigitalSignage(  633): Top: 0
06-11 21:52:24.149 V/DigitalSignage(  633): Bottom: 0
