06-11 23:49:02.519 W/System.err( 9075): 	at android.widget.FrameLayout.layoutChildren(FrameLayout.java:332)
06-11 23:49:02.519 W/System.err( 9075): 	at android.widget.FrameLayout.onLayout(FrameLayout.java:270)
06-11 23:49:02.519 W/System.err( 9075): 	at com.android.internal.policy.DecorView.onLayout(DecorView.java:784)
06-11 23:49:02.519 W/System.err( 9075): 	at android.view.View.layout(View.java:22844)
06-11 23:49:02.519 W/System.err( 9075): 	at android.view.ViewGroup.layout(ViewGroup.java:6389)
06-11 23:49:02.519 W/System.err( 9075): 	at android.view.ViewRootImpl.performLayout(ViewRootImpl.java:3475)
06-11 23:49:02.519 W/System.err( 9075): 	at android.view.ViewRootImpl.performTraversals(ViewRootImpl.java:2943)
06-11 23:49:02.519 W/System.err( 9075): 	at android.view.ViewRootImpl.doTraversal(ViewRootImpl.java:1948)
06-11 23:49:02.519 W/System.err( 9075): 	at android.view.ViewRootImpl$TraversalRunnable.run(ViewRootImpl.java:8177)
06-11 23:49:02.519 W/System.err( 9075): 	at android.view.Choreographer$CallbackRecord.run(Choreographer.java:972)
06-11 23:49:02.519 W/System.err( 9075): 	at android.view.Choreographer.doCallbacks(Choreographer.java:796)
06-11 23:49:02.519 W/System.err( 9075): 	at android.view.Choreographer.doFrame(Choreographer.java:731)
06-11 23:49:02.519 W/System.err( 9075): 	at android.view.Choreographer$FrameDisplayEventReceiver.run(Choreographer.java:957)
06-11 23:49:02.519 W/System.err( 9075): 	at android.os.Handler.handleCallback(Handler.java:938)
06-11 23:49:02.519 W/System.err( 9075): 	at android.os.Handler.dispatchMessage(Handler.java:99)
06-11 23:49:02.519 W/System.err( 9075): 	at android.os.Looper.loop(Looper.java:223)
06-11 23:49:02.519 W/System.err( 9075): 	at android.app.ActivityThread.main(ActivityThread.java:7664)
06-11 23:49:02.520 W/System.err( 9075): 	at java.lang.reflect.Method.invoke(Native Method)
06-11 23:49:02.520 W/System.err( 9075): 	at com.android.internal.os.RuntimeInit$MethodAndArgsCaller.run(RuntimeInit.java:592)
06-11 23:49:02.520 W/System.err( 9075): 	at com.android.internal.os.ZygoteInit.main(ZygoteInit.java:952)
06-11 23:49:02.533 W/AnimatorSet( 9075): Start delay should always be non-negative
06-11 23:49:02.535 W/System.err( 9075): java.lang.IllegalArgumentException: width and height must be > 0
06-11 23:49:02.536 W/System.err( 9075): 	at android.graphics.Bitmap.createBitmap(Bitmap.java:1113)
06-11 23:49:02.536 W/System.err( 9075): 	at android.graphics.Bitmap.createBitmap(Bitmap.java:1080)
06-11 23:49:02.536 W/System.err( 9075): 	at android.graphics.Bitmap.createBitmap(Bitmap.java:1030)
06-11 23:49:02.536 W/System.err( 9075): 	at android.graphics.Bitmap.createBitmap(Bitmap.java:991)
06-11 23:49:02.536 W/System.err( 9075): 	at com.hotstar.feature.login.profile.customview.CircleImageView.c(SourceFile:46)
06-11 23:49:02.536 W/System.err( 9075): 	at com.hotstar.feature.login.profile.customview.CircleImageView.setImageDrawable(SourceFile:4)
06-11 23:49:02.536 W/System.err( 9075): 	at coil.target.ImageViewTarget.f(SourceFile:3)
06-11 23:49:02.536 W/System.err( 9075): 	at coil.target.GenericViewTarget.h(SourceFile:19)
06-11 23:49:02.536 W/System.err( 9075): 	at coil.target.GenericViewTarget.c(SourceFile:1)
06-11 23:49:02.536 W/System.err( 9075): 	at coil.RealImageLoader.c(SourceFile:255)
06-11 23:49:02.536 W/System.err( 9075): 	at coil.RealImageLoader$enqueue$job$1.invokeSuspend(SourceFile:32)
06-11 23:49:02.536 W/System.err( 9075): 	at kotlin.coroutines.jvm.internal.BaseContinuationImpl.resumeWith(SourceFile:9)
06-11 23:49:02.536 W/System.err( 9075): 	at Yg.i.a(SourceFile:129)
06-11 23:49:02.536 W/System.err( 9075): 	at S3.A.s(SourceFile:11)
06-11 23:49:02.536 W/System.err( 9075): 	at kotlinx.coroutines.a.p0(SourceFile:81)
06-11 23:49:02.536 W/System.err( 9075): 	at kotlinx.coroutines.d.a(SourceFile:18)
06-11 23:49:02.536 W/System.err( 9075): 	at coil.RealImageLoader.b(SourceFile:10)
06-11 23:49:02.537 W/System.err( 9075): 	at coil.request.ViewTargetRequestManager.onViewAttachedToWindow(SourceFile:13)
06-11 23:49:02.537 W/System.err( 9075): 	at android.view.View.dispatchAttachedToWindow(View.java:20490)
06-11 23:49:02.537 W/System.err( 9075): 	at android.view.ViewGroup.dispatchAttachedToWindow(ViewGroup.java:3496)
06-11 23:49:02.537 W/System.err( 9075): 	at android.view.ViewGroup.dispatchAttachedToWindow(ViewGroup.java:3496)
06-11 23:49:02.537 W/System.err( 9075): 	at android.view.ViewGroup.addViewInner(ViewGroup.java:5278)
06-11 23:49:02.537 W/System.err( 9075): 	at android.view.ViewGroup.addView(ViewGroup.java:5064)
06-11 23:49:02.537 W/System.err( 9075): 	at android.view.ViewGroup.addView(ViewGroup.java:5004)
06-11 23:49:02.537 W/System.err( 9075): 	at androidx.recyclerview.widget.e.a(SourceFile:26)
06-11 23:49:02.537 W/System.err( 9075): 	at androidx.recyclerview.widget.RecyclerView$l.m(SourceFile:243)
06-11 23:49:02.537 W/System.err( 9075): 	at androidx.leanback.widget.GridLayoutManager$b.b(SourceFile:46)
06-11 23:49:02.537 W/System.err( 9075): 	at androidx.leanback.widget.S.m(SourceFile:37)
06-11 23:49:02.537 W/System.err( 9075): 	at androidx.leanback.widget.GridLayoutManager.t1(SourceFile:26)
06-11 23:49:02.537 W/System.err( 9075): 	at androidx.leanback.widget.GridLayoutManager.v0(SourceFile:1191)
06-11 23:49:02.537 W/System.err( 9075): 	at androidx.recyclerview.widget.RecyclerView.r(SourceFile:74)
06-11 23:49:02.537 W/System.err( 9075): 	at androidx.recyclerview.widget.RecyclerView.p(SourceFile:72)
06-11 23:49:02.537 W/System.err( 9075): 	at androidx.recyclerview.widget.RecyclerView.onLayout(SourceFile:8)
06-11 23:49:02.537 W/System.err( 9075): 	at android.view.View.layout(View.java:22844)
06-11 23:49:02.537 W/System.err( 9075): 	at android.view.ViewGroup.layout(ViewGroup.java:6389)
06-11 23:49:02.537 W/System.err( 9075): 	at androidx.constraintlayout.widget.ConstraintLayout.onLayout(SourceFile:67)
06-11 23:49:02.537 W/System.err( 9075): 	at android.view.View.layout(View.java:22844)
06-11 23:49:02.537 W/System.err( 9075): 	at android.view.ViewGroup.layout(ViewGroup.java:6389)
06-11 23:49:02.537 W/System.err( 9075): 	at android.widget.FrameLayout.layoutChildren(FrameLayout.java:332)
06-11 23:49:02.537 W/System.err( 9075): 	at android.widget.FrameLayout.onLayout(FrameLayout.java:270)
06-11 23:49:02.537 W/System.err( 9075): 	at android.view.View.layout(View.java:22844)
06-11 23:49:02.537 W/System.err( 9075): 	at android.view.ViewGroup.layout(ViewGroup.java:6389)
06-11 23:49:02.537 W/System.err( 9075): 	at android.widget.FrameLayout.layoutChildren(FrameLayout.java:332)
06-11 23:49:02.538 W/System.err( 9075): 	at android.widget.FrameLayout.onLayout(FrameLayout.java:270)
06-11 23:49:02.538 W/System.err( 9075): 	at android.view.View.layout(View.java:22844)
06-11 23:49:02.538 W/System.err( 9075): 	at android.view.ViewGroup.layout(ViewGroup.java:6389)
06-11 23:49:02.538 W/System.err( 9075): 	at androidx.constraintlayout.widget.ConstraintLayout.onLayout(SourceFile:67)
06-11 23:49:02.538 W/System.err( 9075): 	at android.view.View.layout(View.java:22844)
06-11 23:49:02.538 W/System.err( 9075): 	at android.view.ViewGroup.layout(ViewGroup.java:6389)
06-11 23:49:02.538 W/System.err( 9075): 	at android.widget.FrameLayout.layoutChildren(FrameLayout.java:332)
06-11 23:49:02.538 W/System.err( 9075): 	at android.widget.FrameLayout.onLayout(FrameLayout.java:270)
06-11 23:49:02.538 W/System.err( 9075): 	at android.view.View.layout(View.java:22844)
06-11 23:49:02.538 W/System.err( 9075): 	at android.view.ViewGroup.layout(ViewGroup.java:6389)
06-11 23:49:02.538 W/System.err( 9075): 	at android.widget.FrameLayout.layoutChildren(FrameLayout.java:332)
06-11 23:49:02.538 W/System.err( 9075): 	at android.widget.FrameLayout.onLayout(FrameLayout.java:270)
06-11 23:49:02.538 W/System.err( 9075): 	at android.view.View.layout(View.java:22844)
06-11 23:49:02.538 W/System.err( 9075): 	at android.view.ViewGroup.layout(ViewGroup.java:6389)
06-11 23:49:02.538 W/System.err( 9075): 	at android.widget.FrameLayout.layoutChildren(FrameLayout.java:332)
06-11 23:49:02.538 W/System.err( 9075): 	at android.widget.FrameLayout.onLayout(FrameLayout.java:270)
06-11 23:49:02.538 W/System.err( 9075): 	at android.view.View.layout(View.java:22844)
06-11 23:49:02.538 W/System.err( 9075): 	at android.view.ViewGroup.layout(ViewGroup.java:6389)
06-11 23:49:02.538 W/System.err( 9075): 	at android.widget.FrameLayout.layoutChildren(FrameLayout.java:332)
06-11 23:49:02.538 W/System.err( 9075): 	at android.widget.FrameLayout.onLayout(FrameLayout.java:270)
06-11 23:49:02.538 W/System.err( 9075): 	at android.view.View.layout(View.java:22844)
06-11 23:49:02.538 W/System.err( 9075): 	at android.view.ViewGroup.layout(ViewGroup.java:6389)
06-11 23:49:02.538 W/System.err( 9075): 	at android.widget.FrameLayout.layoutChildren(FrameLayout.java:332)
06-11 23:49:02.538 W/System.err( 9075): 	at android.widget.FrameLayout.onLayout(FrameLayout.java:270)
06-11 23:49:02.538 W/System.err( 9075): 	at android.view.View.layout(View.java:22844)
06-11 23:49:02.539 W/System.err( 9075): 	at android.view.ViewGroup.layout(ViewGroup.java:6389)
06-11 23:49:02.539 W/System.err( 9075): 	at androidx.constraintlayout.widget.ConstraintLayout.onLayout(SourceFile:67)
06-11 23:49:02.539 W/System.err( 9075): 	at android.view.View.layout(View.java:22844)
06-11 23:49:02.539 W/System.err( 9075): 	at android.view.ViewGroup.layout(ViewGroup.java:6389)
06-11 23:49:02.539 W/System.err( 9075): 	at android.widget.FrameLayout.layoutChildren(FrameLayout.java:332)
06-11 23:49:02.539 W/System.err( 9075): 	at android.widget.FrameLayout.onLayout(FrameLayout.java:270)
06-11 23:49:02.539 W/System.err( 9075): 	at android.view.View.layout(View.java:22844)
06-11 23:49:02.539 W/System.err( 9075): 	at android.view.ViewGroup.layout(ViewGroup.java:6389)
06-11 23:49:02.539 W/System.err( 9075): 	at android.widget.LinearLayout.setChildFrame(LinearLayout.java:1829)
06-11 23:49:02.539 W/System.err( 9075): 	at android.widget.LinearLayout.layoutVertical(LinearLayout.java:1673)
06-11 23:49:02.539 W/System.err( 9075): 	at android.widget.LinearLayout.onLayout(LinearLayout.java:1582)
06-11 23:49:02.539 W/System.err( 9075): 	at android.view.View.layout(View.java:22844)
06-11 23:49:02.539 W/System.err( 9075): 	at android.view.ViewGroup.layout(ViewGroup.java:6389)
06-11 23:49:02.539 W/System.err( 9075): 	at android.widget.FrameLayout.layoutChildren(FrameLayout.java:332)
06-11 23:49:02.539 W/System.err( 9075): 	at android.widget.FrameLayout.onLayout(FrameLayout.java:270)
06-11 23:49:02.539 W/System.err( 9075): 	at com.android.internal.policy.DecorView.onLayout(DecorView.java:784)
06-11 23:49:02.539 W/System.err( 9075): 	at android.view.View.layout(View.java:22844)
06-11 23:49:02.539 W/System.err( 9075): 	at android.view.ViewGroup.layout(ViewGroup.java:6389)
06-11 23:49:02.539 W/System.err( 9075): 	at android.view.ViewRootImpl.performLayout(ViewRootImpl.java:3475)
06-11 23:49:02.540 W/System.err( 9075): 	at android.view.ViewRootImpl.performTraversals(ViewRootImpl.java:2943)
06-11 23:49:02.540 W/System.err( 9075): 	at android.view.ViewRootImpl.doTraversal(ViewRootImpl.java:1948)
06-11 23:49:02.540 W/System.err( 9075): 	at android.view.ViewRootImpl$TraversalRunnable.run(ViewRootImpl.java:8177)
06-11 23:49:02.540 W/System.err( 9075): 	at android.view.Choreographer$CallbackRecord.run(Choreographer.java:972)
06-11 23:49:02.540 W/System.err( 9075): 	at android.view.Choreographer.doCallbacks(Choreographer.java:796)
06-11 23:49:02.540 W/System.err( 9075): 	at android.view.Choreographer.doFrame(Choreographer.java:731)
06-11 23:49:02.540 W/System.err( 9075): 	at android.view.Choreographer$FrameDisplayEventReceiver.run(Choreographer.java:957)
06-11 23:49:02.540 W/System.err( 9075): 	at android.os.Handler.handleCallback(Handler.java:938)
06-11 23:49:02.540 W/System.err( 9075): 	at android.os.Handler.dispatchMessage(Handler.java:99)
06-11 23:49:02.540 W/System.err( 9075): 	at android.os.Looper.loop(Looper.java:223)
06-11 23:49:02.540 W/System.err( 9075): 	at android.app.ActivityThread.main(ActivityThread.java:7664)
06-11 23:49:02.540 W/System.err( 9075): 	at java.lang.reflect.Method.invoke(Native Method)
06-11 23:49:02.540 W/System.err( 9075): 	at com.android.internal.os.RuntimeInit$MethodAndArgsCaller.run(RuntimeInit.java:592)
06-11 23:49:02.540 W/System.err( 9075): 	at com.android.internal.os.ZygoteInit.main(ZygoteInit.java:952)
06-11 23:49:02.548 W/View    ( 9075): requestLayout() improperly called by com.hotstar.feature.login.profile.customview.CircleImageView{ffca92a VFED..C.. ..S...ID 14,14-178,178 #7f0b02d8 app:id/iv_profile} during layout: running second layout pass
06-11 23:49:02.549 W/View    ( 9075): requestLayout() improperly called by com.hotstar.core.commonui.molecules.HSTextView{e4cc3e8 V.ED..... ..S...ID 40,216-153,268 #7f0b04c0 app:id/profile_name} during layout: running second layout pass
06-11 23:49:02.549 W/View    ( 9075): requestLayout() improperly called by androidx.constraintlayout.widget.ConstraintLayout{b3ee90b V.E...... ..S...ID 0,0-192,192 #7f0b02da app:id/iv_profile_view} during layout: running second layout pass
06-11 23:49:02.576 D/stbdpc  (  397): STB_DPGetNumPaths[570]: num_paths: 1
06-11 23:49:02.589 I/TRuntime.CctTransportBackend( 9075): Status Code: 200
06-11 23:49:02.654 I/.startv.hotsta( 9075): oneway function results will be dropped but finished with status OK and parcel size 4
06-11 23:49:02.657 I/e.swalekh.abct( 1359): oneway function results will be dropped but finished with status OK and parcel size 4
06-11 23:49:02.668 D/JioSTBMRServer-SERVICE( 3589): InetSocketAddress(InetAddress.getByName(inetAddress.hostAddress)-/192.168.1.255
06-11 23:49:02.668 D/JioSTBMRServer-SERVICE( 3589): #beacon:RKISBFJ60000097:0:false:0:1:SV=181024 , 192.168.1.255
06-11 23:49:02.673 D/JioSTBMRServer-SERVICE( 3589): InetSocketAddress(InetAddress.getByName(inetAddress.hostAddress)-/192.168.1.255
06-11 23:49:02.673 D/JioSTBMRServer-SERVICE( 3589): #broadcast IP:192.168.1.255
06-11 23:49:02.676 D/stbdpc  (  397): STB_DPGetNumPaths[570]: num_paths: 1
06-11 23:49:02.776 D/stbdpc  (  397): STB_DPGetNumPaths[570]: num_paths: 1
06-11 23:49:02.841 D/dvb_iptv(  397): ReadEmmNetworkTask[1537]: EMM Select Timeout Occured 38
06-11 23:49:02.877 D/stbdpc  (  397): STB_DPGetNumPaths[570]: num_paths: 1
06-11 23:49:02.878 D/BufferPoolAccessor2.0(  477): bufferpool2 0xf79666d8 : 0(0 size) total buffers - 0(0 size) used buffers - 105/109 (recycle/alloc) - 4/109 (fetch/transfer)
06-11 23:49:02.878 D/BufferPoolAccessor2.0(  477): evictor expired: 1, evicted: 1
06-11 23:49:02.886 D/BufferPoolAccessor2.0( 9075): bufferpool2 0xf02a61d8 : 0(0 size) total buffers - 0(0 size) used buffers - 0/5 (recycle/alloc) - 4/216 (fetch/transfer)
06-11 23:49:02.886 D/BufferPoolAccessor2.0( 9075): evictor expired: 1, evicted: 1
06-11 23:49:02.900 D/JioLauncher( 1773): overlay status check for wifi and bt remote false false
06-11 23:49:02.903 D/Match code1( 1439): 2
06-11 23:49:02.903 D/JIO_TR069-( 1439): Predefined List [com.jio.stb.catv, com.rjil.jiostbsetting, com.iwedia.ui.rjio.launcher.reliance, com.jio.stb.hotellauncher, com.jio.media.oberoi, com.jio.ott]
06-11 23:49:02.906 D/JIO_TR069-( 1439): Caller Package com.iwedia.ui.rjio.launcher.reliance
06-11 23:49:02.906 D/JIO_TR069-( 1439): White Listed Apps []
06-11 23:49:02.907 D/JIO_TR069-( 1439): Final White Listed Apps [com.jio.stb.catv, com.rjil.jiostbsetting, com.iwedia.ui.rjio.launcher.reliance, com.jio.stb.hotellauncher, com.jio.media.oberoi, com.jio.ott, ]
06-11 23:49:02.910 D/JioLauncher( 1773): network-type-------NonJioNetwork
06-11 23:49:02.915 D/JioLauncher( 1773): live-tv-previousIp-[/fe80::1%wlan0, /192.168.1.1]-newHost-[/fe80::1%wlan0, /192.168.1.1]
06-11 23:49:02.977 D/stbdpc  (  397): STB_DPGetNumPaths[570]: num_paths: 1
06-11 23:49:03.177 I/chatty  (  397): uid=0(root) DK-SiCntrl identical 2 lines
06-11 23:49:03.277 D/stbdpc  (  397): STB_DPGetNumPaths[570]: num_paths: 1
06-11 23:49:03.341 D/dvb_iptv(  397): ReadEmmNetworkTask[1537]: EMM Select Timeout Occured 39
06-11 23:49:03.346 W/[11774.499245@1]  RTW(    0): fill_default_txdesc(wlan0): SP Packet(0x0806) rate=0x4 SeqNum = 3191
06-11 23:49:03.355 D/ltts_ip_emm(  397): LTTS_IP_DMXStartEMM[381]: parse_emm_cat_status failed
06-11 23:49:03.377 D/stbdpc  (  397): STB_DPGetNumPaths[570]: num_paths: 1
06-11 23:49:03.382 D/rtk_heartbeat(  349): heartbeat_timed_out: heartbeatCmdCount = 11751, expected nextSeqNum = 11751
06-11 23:49:03.383 D/rtk_heartbeat(  349): rtkbt_heartbeat_cmpl_cback: Current SeqNum = 11751,should SeqNum=11751, status = 0
06-11 23:49:03.430 D/JioStbInactivityTimer(  926): Timer: count 26 warningTimeout:10680 timeout:10800
06-11 23:49:03.431 D/JioStbInactivityTimer(  926): isUserActive: Curr:11746705 Prev:11746705
06-11 23:49:03.478 D/stbdpc  (  397): STB_DPGetNumPaths[570]: num_paths: 1
06-11 23:49:03.523 I/ThermalService(  969): CPU temperatures: [61.700005]
06-11 23:49:03.555 D/ProfileInstaller( 9075): Skipping profile installation for in.startv.hotstar
06-11 23:49:03.578 D/stbdpc  (  397): STB_DPGetNumPaths[570]: num_paths: 1
06-11 23:49:03.678 I/chatty  (  397): uid=0(root) DK-SiCntrl identical 1 line
06-11 23:49:03.778 D/stbdpc  (  397): STB_DPGetNumPaths[570]: num_paths: 1
06-11 23:49:03.841 D/dvb_iptv(  397): ReadEmmNetworkTask[1537]: EMM Select Timeout Occured 40
06-11 23:49:03.875 D/BluetoothAdapter( 3050): isLeEnabled(): ON
06-11 23:49:03.878 D/stbdpc  (  397): STB_DPGetNumPaths[570]: num_paths: 1
06-11 23:49:03.879 D/BluetoothAdapter( 3050): isLeEnabled(): ON
06-11 23:49:03.885 D/BluetoothAdapterService(  764): getAdapterService() - returning com.android.bluetooth.btservice.AdapterService@cf08a1b
06-11 23:49:03.979 D/stbdpc  (  397): STB_DPGetNumPaths[570]: num_paths: 1
06-11 23:49:04.179 I/chatty  (  397): uid=0(root) DK-SiCntrl identical 2 lines
06-11 23:49:04.279 D/stbdpc  (  397): STB_DPGetNumPaths[570]: num_paths: 1
06-11 23:49:04.341 D/dvb_iptv(  397): ReadEmmNetworkTask[1537]: EMM Select Timeout Occured 41
06-11 23:49:04.379 D/stbdpc  (  397): STB_DPGetNumPaths[570]: num_paths: 1
06-11 23:49:04.382 D/rtk_heartbeat(  349): heartbeat_timed_out: heartbeatCmdCount = 11752, expected nextSeqNum = 11752
06-11 23:49:04.383 D/rtk_heartbeat(  349): rtkbt_heartbeat_cmpl_cback: Current SeqNum = 11752,should SeqNum=11752, status = 0
06-11 23:49:04.430 D/JioStbInactivityTimer(  926): Timer: count 27 warningTimeout:10680 timeout:10800
06-11 23:49:04.430 D/JioStbInactivityTimer(  926): isUserActive: Curr:11746705 Prev:11746705
06-11 23:49:04.475 I/appium  ( 9011): The following attributes will be included to the page source: [resource-id]
06-11 23:49:04.480 D/stbdpc  (  397): STB_DPGetNumPaths[570]: num_paths: 1
06-11 23:49:04.580 D/stbdpc  (  397): STB_DPGetNumPaths[570]: num_paths: 1
06-11 23:49:04.651 I/appium  ( 9011): Took 0ms to retrieve 1 matches for '//android.widget.ImageView[@resource-id='in.startv.hotstar:id/iv_profile']' XPath2 query
06-11 23:49:04.657 W/tomator2.serve( 9011): Accessing hidden method Landroid/view/MotionEvent;->setDisplayId(I)V (blacklist,test-api, reflection, allowed)
06-11 23:49:04.667 W/tomator2.serve( 9011): Accessing hidden field Landroid/view/accessibility/AccessibilityNodeInfo;->mSourceNodeId:J (greylist, reflection, allowed)
06-11 23:49:04.676 I/appium  ( 9011): AppiumResponse: {"sessionId":"ae4e3482-26f1-4dd3-bc89-efecf2b12087","value":{"ELEMENT":"00000000-0000-0113-ffff-ffff00000072","element-6066-11e4-a52e-4f735466cecf":"00000000-0000-0113-ffff-ffff00000072"}}
06-11 23:49:04.680 D/stbdpc  (  397): STB_DPGetNumPaths[570]: num_paths: 1
06-11 23:49:04.696 I/.startv.hotsta( 9075): oneway function results will be dropped but finished with status OK and parcel size 4
06-11 23:49:04.698 I/e.swalekh.abct( 1359): oneway function results will be dropped but finished with status OK and parcel size 4
06-11 23:49:04.703 D/JioSTBMRServer-SERVICE( 3589): InetSocketAddress(InetAddress.getByName(inetAddress.hostAddress)-/192.168.1.255
06-11 23:49:04.703 D/JioSTBMRServer-SERVICE( 3589): #beacon:RKISBFJ60000097:0:false:0:1:SV=181024 , 192.168.1.255
06-11 23:49:04.705 D/JioSTBMRServer-SERVICE( 3589): InetSocketAddress(InetAddress.getByName(inetAddress.hostAddress)-/192.168.1.255
06-11 23:49:04.705 D/JioSTBMRServer-SERVICE( 3589): #broadcast IP:192.168.1.255
06-11 23:49:04.711 D/sub_mixing_factory(  348): [out_standby_subMixingPCM:1324] out_stream(0xee269000) usecase: PCM_NORMAL
06-11 23:49:04.711 I/sub_mixing_factory(  348): [usecase_change_validate_l_sm:1170] cur dev masks:0x1, delete out usecase:PCM_NORMAL
06-11 23:49:04.711 I/sub_mixing_factory(  348): [usecase_change_validate_l_sm:1180] standby unmask usecase PCM_NORMAL
06-11 23:49:04.711 I/amlAudioMixer(  348): [delete_mixer_input_port:197] input port ID:0, type:PCM_SYSTEM, cur mask:0x1
06-11 23:49:04.712 I/system_server(  633): oneway function results will be dropped but finished with status OK and parcel size 4
06-11 23:49:04.780 D/stbdpc  (  397): STB_DPGetNumPaths[570]: num_paths: 1
06-11 23:49:04.789 I/appium  ( 9011): channel read: GET /session/ae4e3482-26f1-4dd3-bc89-efecf2b12087/element/00000000-0000-0113-ffff-ffff00000072/attribute/displayed
06-11 23:49:04.791 I/appium  ( 9011): GetElementAttribute command
06-11 23:49:04.803 I/appium  ( 9011): AppiumResponse: {"sessionId":"ae4e3482-26f1-4dd3-bc89-efecf2b12087","value":"true"}
06-11 23:49:04.828 I/appium  ( 9011): channel read: POST /session/ae4e3482-26f1-4dd3-bc89-efecf2b12087/element/00000000-0000-0113-ffff-ffff00000072/click
06-11 23:49:04.830 I/appium  ( 9011): Click command
06-11 23:49:04.841 D/dvb_iptv(  397): ReadEmmNetworkTask[1537]: EMM Select Timeout Occured 42
06-11 23:49:04.846 D/InputDispatcher(  633): injectInputEvent - eventType=2, injectorPid=8996, injectorUid=0, syncMode=0, timeout=30000, policyFlags=0x08000000
06-11 23:49:04.847 D/InputDispatcher(  633): injectInputEvent - Finished with result 0. injectorPid=8996, injectorUid=0
06-11 23:49:04.847 D/InputDispatcher(  633): Setting input event injection result to 0.  injectorPid=8996, injectorUid=0
06-11 23:49:04.847 V/InputDispatcher(  633): Asynchronous input event injection succeeded.
06-11 23:49:04.848 I/android.hardware.power-service.libperfmgr(  366): Power setBoost: INTERACTION duration: 0
06-11 23:49:04.848 I/libperfmgr(  366): Do Powerhint: INTERACTION
06-11 23:49:04.848 I/android.hardware.power-service.libperfmgr(  366): Power setBoost: INTERACTION duration: 0
06-11 23:49:04.848 I/libperfmgr(  366): Do Powerhint: INTERACTION
06-11 23:49:04.858 D/InputDispatcher(  633): injectInputEvent - eventType=2, injectorPid=8996, injectorUid=0, syncMode=0, timeout=30000, policyFlags=0x08000000
06-11 23:49:04.858 D/InputDispatcher(  633): injectInputEvent - Finished with result 0. injectorPid=8996, injectorUid=0
06-11 23:49:04.858 D/InputDispatcher(  633): Setting input event injection result to 0.  injectorPid=8996, injectorUid=0
06-11 23:49:04.858 V/InputDispatcher(  633): Asynchronous input event injection succeeded.
06-11 23:49:04.873 W/GestureController( 9011): Gestures took longer than expected (32ms >> 16ms), device might be in a busy state.
06-11 23:49:04.873 I/appium  ( 9011): Waiting up to 10000ms for the device to idle
06-11 23:49:04.880 D/stbdpc  (  397): STB_DPGetNumPaths[570]: num_paths: 1
06-11 23:49:05.181 I/chatty  (  397): uid=0(root) DK-SiCntrl identical 3 lines
06-11 23:49:05.281 D/stbdpc  (  397): STB_DPGetNumPaths[570]: num_paths: 1
06-11 23:49:05.342 D/dvb_iptv(  397): ReadEmmNetworkTask[1537]: EMM Select Timeout Occured 43
06-11 23:49:05.355 D/ltts_ip_emm(  397): LTTS_IP_DMXStartEMM[381]: parse_emm_cat_status failed
06-11 23:49:05.365 I/appium  ( 9011): AppiumResponse: {"sessionId":"ae4e3482-26f1-4dd3-bc89-efecf2b12087","value":null}
06-11 23:49:05.381 D/stbdpc  (  397): STB_DPGetNumPaths[570]: num_paths: 1
06-11 23:49:05.382 D/rtk_heartbeat(  349): heartbeat_timed_out: heartbeatCmdCount = 11753, expected nextSeqNum = 11753
06-11 23:49:05.383 D/rtk_heartbeat(  349): rtkbt_heartbeat_cmpl_cback: Current SeqNum = 11753,should SeqNum=11753, status = 0
06-11 23:49:05.410 I/appium  ( 9011): channel read: POST /session/ae4e3482-26f1-4dd3-bc89-efecf2b12087/appium/device/press_keycode
06-11 23:49:05.412 I/appium  ( 9011): PressKeyCode command
06-11 23:49:05.412 I/appium  ( 9011): Calling PressKeyCode... 
06-11 23:49:05.416 D/UiDevice( 9011): Pressing keycodes [66] with modifier 0.
06-11 23:49:05.430 D/JioStbInactivityTimer(  926): Timer: count 28 warningTimeout:10680 timeout:10800
06-11 23:49:05.430 D/JioStbInactivityTimer(  926): isUserActive: Curr:11746705 Prev:11746705
06-11 23:49:05.431 D/InputDispatcher(  633): injectInputEvent - eventType=1, injectorPid=8996, injectorUid=0, syncMode=2, timeout=30000, policyFlags=0x08000000
06-11 23:49:05.432 D/WindowManager(  633): interceptKeyTq keycode=66 interactive=true keyguardActive=false policyFlags=2b000000
06-11 23:49:05.432 D/WindowManager(  633): CloudPC is in NOT in foreground
06-11 23:49:05.432 D/WindowManager(  633): isKeyNeedsToPassToJioCloudPC :: NO
06-11 23:49:05.433 I/android.hardware.power-service.libperfmgr(  366): Power setBoost: INTERACTION duration: 0
06-11 23:49:05.433 I/libperfmgr(  366): Do Powerhint: INTERACTION
06-11 23:49:05.433 D/WindowManager(  633): interceptKeyTi keyCode=66 down=true repeatCount=0 keyguardOn=false canceled=false
06-11 23:49:05.433 D/WindowManager(  633): CloudPC is in NOT in foreground
06-11 23:49:05.433 I/android.hardware.power-service.libperfmgr(  366): Power setBoost: INTERACTION duration: 0
06-11 23:49:05.433 I/libperfmgr(  366): Do Powerhint: INTERACTION
06-11 23:49:05.433 D/WindowManager(  633): isKeyNeedsToPassToJioCloudPC :: NO
06-11 23:49:05.433 D/GlobalKeyManager(  633): KeyEvent { action=ACTION_DOWN, keyCode=KEYCODE_ENTER, scanCode=0, metaState=0, flags=0x0, repeatCount=0, eventTime=11776569, downTime=11776569, deviceId=-1, source=0x101, displayId=-1 }
06-11 23:49:05.433 D/InputDispatcher(  633): Setting input event injection result to 0.  injectorPid=8996, injectorUid=0
06-11 23:49:05.434 D/InputDispatcher(  633): injectInputEvent - Waiting for 1 pending foreground dispatches.
06-11 23:49:05.435 D/InputDispatcher(  633): injectInputEvent - Finished with result 0. injectorPid=8996, injectorUid=0
06-11 23:49:05.437 D/InputDispatcher(  633): injectInputEvent - eventType=1, injectorPid=8996, injectorUid=0, syncMode=2, timeout=30000, policyFlags=0x08000000
06-11 23:49:05.437 D/WindowManager(  633): interceptKeyTq keycode=66 interactive=true keyguardActive=false policyFlags=2b000000
06-11 23:49:05.437 D/WindowManager(  633): CloudPC is in NOT in foreground
06-11 23:49:05.437 D/WindowManager(  633): isKeyNeedsToPassToJioCloudPC :: NO
06-11 23:49:05.438 D/WindowManager(  633): interceptKeyTi keyCode=66 down=false repeatCount=0 keyguardOn=false canceled=false
06-11 23:49:05.438 D/WindowManager(  633): CloudPC is in NOT in foreground
06-11 23:49:05.438 D/WindowManager(  633): isKeyNeedsToPassToJioCloudPC :: NO
06-11 23:49:05.438 D/GlobalKeyManager(  633): KeyEvent { action=ACTION_UP, keyCode=KEYCODE_ENTER, scanCode=0, metaState=0, flags=0x0, repeatCount=0, eventTime=11776569, downTime=11776569, deviceId=-1, source=0x101, displayId=-1 }
06-11 23:49:05.438 D/InputDispatcher(  633): Setting input event injection result to 0.  injectorPid=8996, injectorUid=0
06-11 23:49:05.438 D/InputDispatcher(  633): injectInputEvent - Waiting for 1 pending foreground dispatches.
06-11 23:49:05.446 I/sub_mixing_factory(  348): [usecase_change_validate_l_sm:1209] ++++continuous:0 dev masks:0, out masks:0, out usecase PCM_NORMAL
06-11 23:49:05.446 I/sub_mixing_factory(  348): [usecase_change_validate_l_sm:1216] add usecase PCM_NORMAL, cnt 1
06-11 23:49:05.446 D/sub_mixing_factory(  348): [usecase_change_validate_l_sm:1228] cur dev masks:0, add out usecase:PCM_NORMAL
06-11 23:49:05.446 I/sub_mixing_factory(  348): [usecase_change_validate_l_sm:1259] ----continuous:0 dev masks:0x1, out masks:0x1, out usecase PCM_NORMAL
06-11 23:49:05.446 D/aml_audio_port(  348): [new_input_port:260] buf_frames:384,frame_size:4 ==> thunk_size:1536
06-11 23:49:05.446 I/aml_audio_port(  348): [get_input_port_type:109] samplerate:48000, flags:0x2, channel_cnt:2
06-11 23:49:05.446 D/aml_audio_port(  348): [new_input_port:286] inport:PCM_SYSTEM, buf:6144, direct:0, format:0x1, rate:48000, ch:2
06-11 23:49:05.446 I/amlAudioMixer(  348): [init_mixer_input_port:175] input port:PCM_SYSTEM, size 384 frames, frame_write_sum:200531968
06-11 23:49:05.446 I/aml_audio_port(  348): [get_input_port_type:109] samplerate:48000, flags:0x2, channel_cnt:2
06-11 23:49:05.446 I/sub_mixing_factory(  348): [mixer_aux_buffer_write_sm:1066] stream 0xee269000 input port:PCM_SYSTEM
06-11 23:49:05.446 I/sub_mixing_factory(  348): [mixer_aux_buffer_write_sm:1076] padding_bytes 12288
06-11 23:49:05.446 I/amlAudioMixer(  348): [mixer_write_inport:260] input port:PCM_SYSTEM is active now
06-11 23:49:05.446 I/sub_mixing_factory(  348): [mixer_aux_buffer_write_sm:1076] padding_bytes 10752
06-11 23:49:05.446 I/sub_mixing_factory(  348): [mixer_aux_buffer_write_sm:1076] padding_bytes 9216
06-11 23:49:05.446 I/sub_mixing_factory(  348): [mixer_aux_buffer_write_sm:1076] padding_bytes 7680
06-11 23:49:05.446 I/sub_mixing_factory(  348): [mixer_aux_buffer_write_sm:1076] padding_bytes 6144
06-11 23:49:05.447 I/system_server(  633): oneway function results will be dropped but finished with status OK and parcel size 4
06-11 23:49:05.453 I/amlAudioMixer(  348): [mixer_inports_read:704] input port:PCM_SYSTEM first start, portId:0, avail:6144
06-11 23:49:05.456 E/WifiVendorHal(  633): getWifiLinkLayerStats_1_3_Internal(l.973) failed {.code = ERROR_UNKNOWN, .description = unknown error}
06-11 23:49:05.458 I/sub_mixing_factory(  348): [mixer_aux_buffer_write_sm:1076] padding_bytes 4608
06-11 23:49:05.466 I/sub_mixing_factory(  348): [mixer_aux_buffer_write_sm:1076] padding_bytes 3072
06-11 23:49:05.466 I/system_server(  633): oneway function results will be dropped but finished with status OK and parcel size 4
06-11 23:49:05.468 D/InputDispatcher(  633): injectInputEvent - Finished with result 0. injectorPid=8996, injectorUid=0
06-11 23:49:05.474 I/sub_mixing_factory(  348): [mixer_aux_buffer_write_sm:1076] padding_bytes 1536
06-11 23:49:05.482 D/stbdpc  (  397): STB_DPGetNumPaths[570]: num_paths: 1
06-11 23:49:05.485 I/appium  ( 9011): AppiumResponse: {"sessionId":"ae4e3482-26f1-4dd3-bc89-efecf2b12087","value":null}
06-11 23:49:05.539 I/ThermalService(  969): CPU temperatures: [60.9]
06-11 23:49:05.582 D/stbdpc  (  397): STB_DPGetNumPaths[570]: num_paths: 1
06-11 23:49:05.676 F/linker  ( 9225): CANNOT LINK EXECUTABLE "/system/bin/smartcable/smartCableSTBApp": library "libmosquitto.so" not found: needed by main executable
06-11 23:49:05.682 D/stbdpc  (  397): STB_DPGetNumPaths[570]: num_paths: 1
06-11 23:49:05.756 W/APM::AudioPolicyEngine(  387): getDevicesForStrategy() unknown strategy: -1
06-11 23:49:05.759 I/system_server(  633): oneway function results will be dropped but finished with status OK and parcel size 4
06-11 23:49:05.782 D/stbdpc  (  397): STB_DPGetNumPaths[570]: num_paths: 1
06-11 23:49:05.801 I/.startv.hotsta( 9075): Background young concurrent copying GC freed 141560(7016KB) AllocSpace objects, 42(1160KB) LOS objects, 35% free, 13MB/21MB, paused 245us total 127.904ms
06-11 23:49:05.842 D/dvb_iptv(  397): ReadEmmNetworkTask[1537]: EMM Select Timeout Occured 44
06-11 23:49:05.882 D/stbdpc  (  397): STB_DPGetNumPaths[570]: num_paths: 1
06-11 23:49:05.965 I/JioBackgroundSchedulerService( 2899): Check schedule  
06-11 23:49:05.983 D/stbdpc  (  397): STB_DPGetNumPaths[570]: num_paths: 1
06-11 23:49:06.183 I/chatty  (  397): uid=0(root) DK-SiCntrl identical 2 lines
06-11 23:49:06.283 D/stbdpc  (  397): STB_DPGetNumPaths[570]: num_paths: 1
06-11 23:49:06.342 D/dvb_iptv(  397): ReadEmmNetworkTask[1537]: EMM Select Timeout Occured 45
06-11 23:49:06.382 D/rtk_heartbeat(  349): heartbeat_timed_out: heartbeatCmdCount = 11754, expected nextSeqNum = 11754
06-11 23:49:06.383 D/rtk_heartbeat(  349): rtkbt_heartbeat_cmpl_cback: Current SeqNum = 11754,should SeqNum=11754, status = 0
06-11 23:49:06.383 D/stbdpc  (  397): STB_DPGetNumPaths[570]: num_paths: 1
06-11 23:49:06.430 D/JioStbInactivityTimer(  926): Timer: count 29 warningTimeout:10680 timeout:10800
06-11 23:49:06.430 D/JioStbInactivityTimer(  926): isUserActive: Curr:11746705 Prev:11746705
06-11 23:49:06.483 D/stbdpc  (  397): STB_DPGetNumPaths[570]: num_paths: 1
06-11 23:49:06.730 V/DigitalSignage(  633): Package Name: null
06-11 23:49:06.730 V/DigitalSignage(  633): Left: 0
06-11 23:49:06.730 V/DigitalSignage(  633): Right: 0
06-11 23:49:06.730 V/DigitalSignage(  633): Top: 0
06-11 23:49:06.730 V/DigitalSignage(  633): Bottom: 0
06-11 23:49:06.731 D/DigitalSignage(  633): else - Package Name :: null left : 0 right :: 0 top :: 0 bottom :: 0 dfu-right :: 1920 dfu-bottom :: 1080
06-11 23:49:06.757 V/DigitalSignage(  633): Package Name: null
06-11 23:49:06.757 V/DigitalSignage(  633): Left: 0
06-11 23:49:06.757 V/DigitalSignage(  633): Right: 0
06-11 23:49:06.757 V/DigitalSignage(  633): Top: 0
06-11 23:49:06.757 V/DigitalSignage(  633): Bottom: 0
06-11 23:49:06.757 D/DigitalSignage(  633): else - Package Name :: null left : 0 right :: 0 top :: 0 bottom :: 0 dfu-right :: 1920 dfu-bottom :: 1080
06-11 23:49:06.584 I/chatty  (  397): uid=0(root) DK-SiCntrl identical 1 line
06-11 23:49:06.684 D/stbdpc  (  397): STB_DPGetNumPaths[570]: num_paths: 1
06-11 23:49:06.768 I/.startv.hotsta( 9075): oneway function results will be dropped but finished with status OK and parcel size 4
06-11 23:49:06.772 I/e.swalekh.abct( 1359): oneway function results will be dropped but finished with status OK and parcel size 4
06-11 23:49:06.784 D/stbdpc  (  397): STB_DPGetNumPaths[570]: num_paths: 1
06-11 23:49:06.787 D/JioSTBMRServer-SERVICE( 3589): InetSocketAddress(InetAddress.getByName(inetAddress.hostAddress)-/192.168.1.255
06-11 23:49:06.787 D/JioSTBMRServer-SERVICE( 3589): #beacon:RKISBFJ60000097:0:false:0:1:SV=181024 , 192.168.1.255
06-11 23:49:06.812 D/JioSTBMRServer-SERVICE( 3589): InetSocketAddress(InetAddress.getByName(inetAddress.hostAddress)-/192.168.1.255
06-11 23:49:06.812 D/JioSTBMRServer-SERVICE( 3589): #broadcast IP:192.168.1.255
06-11 23:49:06.842 D/dvb_iptv(  397): ReadEmmNetworkTask[1537]: EMM Select Timeout Occured 46
06-11 23:49:06.884 D/stbdpc  (  397): STB_DPGetNumPaths[570]: num_paths: 1
06-11 23:49:06.984 I/chatty  (  397): uid=0(root) DK-SiCntrl identical 1 line
06-11 23:49:07.085 D/stbdpc  (  397): STB_DPGetNumPaths[570]: num_paths: 1
06-11 23:49:07.091 I/.startv.hotsta( 9075): Background concurrent copying GC freed 107682(6081KB) AllocSpace objects, 36(992KB) LOS objects, 49% free, 16MB/32MB, paused 486us total 295.295ms
06-11 23:49:07.185 D/stbdpc  (  397): STB_DPGetNumPaths[570]: num_paths: 1
06-11 23:49:07.285 D/stbdpc  (  397): STB_DPGetNumPaths[570]: num_paths: 1
06-11 23:49:07.342 D/dvb_iptv(  397): ReadEmmNetworkTask[1537]: EMM Select Timeout Occured 47
06-11 23:49:07.355 D/ltts_ip_emm(  397): LTTS_IP_DMXStartEMM[381]: parse_emm_cat_status failed
06-11 23:49:07.382 D/rtk_heartbeat(  349): heartbeat_timed_out: heartbeatCmdCount = 11755, expected nextSeqNum = 11755
06-11 23:49:07.384 D/rtk_heartbeat(  349): rtkbt_heartbeat_cmpl_cback: Current SeqNum = 11755,should SeqNum=11755, status = 0
06-11 23:49:07.385 D/stbdpc  (  397): STB_DPGetNumPaths[570]: num_paths: 1
06-11 23:49:07.431 D/JioStbInactivityTimer(  926): Timer: count 30 warningTimeout:10680 timeout:10800
06-11 23:49:07.432 D/JioStbInactivityTimer(  926): isUserActive: Curr:11746705 Prev:11746705
06-11 23:49:07.485 D/stbdpc  (  397): STB_DPGetNumPaths[570]: num_paths: 1
06-11 23:49:07.518 I/appium  ( 9011): channel read: POST /session/ae4e3482-26f1-4dd3-bc89-efecf2b12087/element
06-11 23:49:07.519 I/appium  ( 9011): FindElement command
06-11 23:49:07.526 I/appium  ( 9011): method: 'xpath', selector: '//android.widget.TextView[@resource-id='in.startv.hotstar:id/title']'
06-11 23:49:07.527 I/appium  ( 9011): Waiting up to 10000ms for the device to idle
06-11 23:49:07.559 I/ThermalService(  969): CPU temperatures: [64.4]
06-11 23:49:07.586 D/stbdpc  (  397): STB_DPGetNumPaths[570]: num_paths: 1
06-11 23:49:07.686 I/chatty  (  397): uid=0(root) DK-SiCntrl identical 1 line
06-11 23:49:07.786 D/stbdpc  (  397): STB_DPGetNumPaths[570]: num_paths: 1
06-11 23:49:07.842 D/dvb_iptv(  397): ReadEmmNetworkTask[1537]: EMM Select Timeout Occured 48
06-11 23:49:07.886 D/stbdpc  (  397): STB_DPGetNumPaths[570]: num_paths: 1
06-11 23:49:07.937 D/JioLauncher( 1773): overlay status check for wifi and bt remote false false
06-11 23:49:07.939 D/Match code1( 1439): 2
06-11 23:49:07.940 D/JIO_TR069-( 1439): Predefined List [com.jio.stb.catv, com.rjil.jiostbsetting, com.iwedia.ui.rjio.launcher.reliance, com.jio.stb.hotellauncher, com.jio.media.oberoi, com.jio.ott]
06-11 23:49:07.942 D/JIO_TR069-( 1439): Caller Package com.iwedia.ui.rjio.launcher.reliance
06-11 23:49:07.942 D/JIO_TR069-( 1439): White Listed Apps []
06-11 23:49:07.942 D/JIO_TR069-( 1439): Final White Listed Apps [com.jio.stb.catv, com.rjil.jiostbsetting, com.iwedia.ui.rjio.launcher.reliance, com.jio.stb.hotellauncher, com.jio.media.oberoi, com.jio.ott, ]
06-11 23:49:07.945 D/JioLauncher( 1773): network-type-------NonJioNetwork
06-11 23:49:07.949 D/JioLauncher( 1773): live-tv-previousIp-[/fe80::1%wlan0, /192.168.1.1]-newHost-[/fe80::1%wlan0, /192.168.1.1]
06-11 23:49:07.986 D/stbdpc  (  397): STB_DPGetNumPaths[570]: num_paths: 1
06-11 23:49:07.998 I/appium  ( 9011): The following attributes will be included to the page source: [resource-id]
06-11 23:49:08.081 D/DefaultRenderersFactory( 9075): Building video renderers, extensionRendererMode 0
06-11 23:49:08.086 D/stbdpc  (  397): STB_DPGetNumPaths[570]: num_paths: 1
06-11 23:49:08.097 I/ExoPlayerImpl( 9075): Init 634b121 [ExoPlayerLib/2.16.1] [MSTB, JMSB200A, Jio, 30]
06-11 23:49:08.125 I/MediaFocusControl(  633): requestAudioFocus() from uid/pid 10072/9075 clientId=android.media.AudioManager@9f78ba0g2.b$a@8b16359 callingPack=in.startv.hotstar req=1 flags=0x0 sdk=34
06-11 23:49:08.126 I/MediaFocusControl(  633): notifyAudioFocusGain. in.startv.hotstar
06-11 23:49:08.127 D/CustomBootReceiver( 1856): onReceive, Receive broadcast message, com.jio.stb.AUDIO_FOCUS_GAIN
06-11 23:49:08.127 D/CustomBootReceiver( 1856): Recvd broadcast; Audio Focus change from package : in.startv.hotstar
06-11 23:49:08.127 D/AppOptimizerAudioFocusReceiver( 1722): onReceive, Receive broadcast message, com.jio.stb.AUDIO_FOCUS_GAIN
06-11 23:49:08.127 D/AppOptimizerAudioFocusReceiver( 1722): Recvd broadcast; Current Audio Focus=in.startv.hotstar
06-11 23:49:08.127 D/AppOptimizerAudioFocusReceiver( 1722): calling removeApp method
06-11 23:49:08.139 I/DrmUtils( 9075): found android.hardware.drm@1.0::IDrmFactory clearkey
06-11 23:49:08.141 I/DrmUtils( 9075): found android.hardware.drm@1.0::IDrmFactory verimatrix
06-11 23:49:08.142 I/DrmUtils( 9075): found android.hardware.drm@1.0::IDrmFactory widevine
06-11 23:49:08.151 I/DrmUtils( 9075): found android.hardware.drm@1.0::IDrmFactory youtube
06-11 23:49:08.154 I/DrmUtils( 9075): found android.hardware.drm@1.1::IDrmFactory clearkey
06-11 23:49:08.155 I/DrmUtils( 9075): found android.hardware.drm@1.1::IDrmFactory verimatrix
06-11 23:49:08.156 I/DrmUtils( 9075): found android.hardware.drm@1.1::IDrmFactory widevine
06-11 23:49:08.158 I/DrmUtils( 9075): found android.hardware.drm@1.1::IDrmFactory youtube
06-11 23:49:08.161 I/DrmUtils( 9075): found android.hardware.drm@1.2::IDrmFactory clearkey
06-11 23:49:08.163 I/DrmUtils( 9075): found android.hardware.drm@1.2::IDrmFactory verimatrix
06-11 23:49:08.164 I/DrmUtils( 9075): found android.hardware.drm@1.2::IDrmFactory widevine
06-11 23:49:08.166 I/DrmUtils( 9075): found android.hardware.drm@1.2::IDrmFactory youtube
06-11 23:49:08.168 I/DrmUtils( 9075): found android.hardware.drm@1.3::IDrmFactory clearkey
06-11 23:49:08.169 I/DrmUtils( 9075): found android.hardware.drm@1.3::IDrmFactory verimatrix
06-11 23:49:08.170 I/DrmUtils( 9075): found android.hardware.drm@1.3::IDrmFactory widevine
06-11 23:49:08.171 I/DrmUtils( 9075): found android.hardware.drm@1.3::IDrmFactory youtube
06-11 23:49:08.171 W/android.hardware.drm@1.3-service.youtube(  355): isCryptoSchemeSupported, false
06-11 23:49:08.172 I/WVCdm   (  354): [app][in.startv.hotstar] calling virtual Return<void> wvdrm::hardware::drm::V1_3::widevine::WVDrmFactory::createPlugin(const hidl_array<uint8_t, 16> &, const android::hardware::hidl_string &, android::hardware::drm::V1_3::IDrmFactory::createPlugin_cb)
06-11 23:49:08.187 D/stbdpc  (  397): STB_DPGetNumPaths[570]: num_paths: 1
06-11 23:49:08.287 D/stbdpc  (  397): STB_DPGetNumPaths[570]: num_paths: 1
06-11 23:49:08.321 D/MediaCodecInfo( 9075): NoSupport [sizeAndRate.support, 1920x1080x25.0] [c2.android.hevc.decoder, video/hevc] [MSTB, JMSB200A, Jio, 30]
06-11 23:49:08.324 I/chatty  ( 9075): uid=10072(in.startv.hotstar) ExoPlayer:Playb identical 2 lines
06-11 23:49:08.324 D/MediaCodecInfo( 9075): NoSupport [sizeAndRate.support, 1920x1080x25.0] [c2.android.hevc.decoder, video/hevc] [MSTB, JMSB200A, Jio, 30]
06-11 23:49:08.343 D/dvb_iptv(  397): ReadEmmNetworkTask[1537]: EMM Select Timeout Occured 49
06-11 23:49:08.382 D/rtk_heartbeat(  349): heartbeat_timed_out: heartbeatCmdCount = 11756, expected nextSeqNum = 11756
06-11 23:49:08.385 D/rtk_heartbeat(  349): rtkbt_heartbeat_cmpl_cback: Current SeqNum = 11756,should SeqNum=11756, status = 0
06-11 23:49:08.387 D/stbdpc  (  397): STB_DPGetNumPaths[570]: num_paths: 1
06-11 23:49:08.401 D/MediaCodecInfo( 9075): NoSupport [sizeAndRate.support, 1920x1080x25.0] [c2.android.hevc.decoder, video/hevc] [MSTB, JMSB200A, Jio, 30]
06-11 23:49:08.416 I/appium  ( 9011): Took 0ms to retrieve 1 matches for '//android.widget.TextView[@resource-id='in.startv.hotstar:id/title']' XPath2 query
06-11 23:49:08.421 I/OMXClient( 9075): IOmx service obtained
06-11 23:49:08.422 I/OMXMaster(  474): makeComponentInstance(OMX.amlogic.hevc.decoder.awesome2) in android.hardwar process
06-11 23:49:08.423 D/OmxComponentManagerImpl(  474): support frame mode
06-11 23:49:08.423 D/OmxComponentManagerImpl(  474): use dv frame mode
06-11 23:49:08.423 D/OmxComponentManagerImpl(  474): support avs frame mode
06-11 23:49:08.423 D/OmxComponentManagerImpl(  474): format support multi-instance
06-11 23:49:08.423 D/OmxComponentManagerImpl(  474): getEntryByName_2_num=0, componentName:OMX.amlogic.hevc.decoder.awesome2
06-11 23:49:08.424 D/omx_video(  474): processName=media.codec
06-11 23:49:08.424 V/AmlogicVideoDecoderAwesome2(  474): [132]AmlogicVideoDecoder2:118 >
06-11 23:49:08.424 V/AmlogicVideoDecoderAwesome2(  474): [132]initializeState_l:1611 >
06-11 23:49:08.424 D/AmlogicVideoDecoderAwesome2(  474): [132]"vendor.media.omx.latency is not set used def=1.000000\n"
06-11 23:49:08.424 D/AmlogicVideoDecoderAwesome2(  474): [132]"vendor.media.omx.frame_numlatency is not set used def=10\n"
06-11 23:49:08.424 D/AmlogicVideoDecoderAwesome2(  474): [132]"vendor.omx.frame_numlimmit is not set used def=20\n"
06-11 23:49:08.424 D/AmlogicVideoDecoderAwesome2(  474): [133]"AmlogicVideoDecoder2, mOmxInstancenum 1, mOmxInstanceID 133"
06-11 23:49:08.424 D/AmlogicVideoDecoderAwesome2(  474): [133]"vendor.omx2.blkmode is not set used def=0\n"
06-11 23:49:08.424 D/AmlogicVideoDecoderAwesome2(  474): [133]"vendor.omx2.maxalloc is not set used def=1\n"
06-11 23:49:08.424 I/AmlogicVideoDecoderAwesome2(  474): [133]"default use NV21"
06-11 23:49:08.424 V/AmlogicVideoPassthrough(  474): [0]AmlogicVideoPassthrough:80 >
06-11 23:49:08.424 D/AmlogicVideoPassthrough(  474): [1]"AmlogicVideoPassthrough, mOmxInstancenum 1, mOmxInstanceID 127"
06-11 23:49:08.424 E/secmem_tz(  474): [Secure_NegotiateVersion:374] Secure_NegotiateVersion 2 2 2 2 2 2
06-11 23:49:08.424 E/secmem_tz(  474): [Secure_NegotiateVersion:384] Negotiated secmem version = 2
06-11 23:49:08.425 W/OmxLogConf(  474): Can not read property media.omx.log_levels, using 0
06-11 23:49:08.425 I/appium  ( 9011): AppiumResponse: {"sessionId":"ae4e3482-26f1-4dd3-bc89-efecf2b12087","value":{"ELEMENT":"00000000-0000-0113-ffff-ffff000000aa","element-6066-11e4-a52e-4f735466cecf":"00000000-0000-0113-ffff-ffff000000aa"}}
06-11 23:49:08.425 D/OmxResManage(  474): ResManWrapper OMX-141 init, fd = 12
06-11 23:49:08.426 D/AmlogicVideoDecoderAwesome2(  474): [133]"vendor.media.omx2.out_buffer1 is not set used def=8\n"
06-11 23:49:08.426 D/AmlogicVideoDecoderAwesome2(  474): [133]"out buf:8"
06-11 23:49:08.426 D/AmlogicVideoDecoderAwesome2(  474): [133]"vendor.media.omx2.dw is not set used def=0\n"
06-11 23:49:08.426 D/OmxVideoDecoder(  474): setInputCoding OMX.amlogic.hevc.decoder.awesome2
06-11 23:49:08.426 D/OmxVideoDecoder(  474): mIsLinux49=0, mIsLinux54=1, major=5, minor=4
06-11 23:49:08.426 D/OmxVideoDecoder(  474): multi dec exist
06-11 23:49:08.428 I/[11779.578948@2]  resman(    0): 167 appname:OMX-141, type=0
06-11 23:49:08.426 D/OmxVideoDecoder(  474): use dv frame mode
06-11 23:49:08.426 D/OmxVideoDecoder(  474): avs multi dec exist
06-11 23:49:08.426 D/OmxVideoDecoder(  474): Use frame mode for multidec.
06-11 23:49:08.426 D/OmxVideoDecoder(  474): Use min out buffer size
06-11 23:49:08.426 D/OmxVideoDecoder(  474): mSupportPiPVideo = 1
06-11 23:49:08.427 D/OmxVideoDecoder(  474): mMustOsdDisplay 0, mAmVideoUsed=0, mSupportPiPVideo=1, mPipVideoUsed=0, mVideoUsedByOmx=0
06-11 23:49:08.427 D/OMX-VENDOR-EXT(  474): OMX.amlogic.hevc.decoder.awesome2 : Vendor extensions supported (17)
06-11 23:49:08.427 D/OMX-VENDOR-EXT(  474):    vendor.4k-osd{{ enable : Int32 },  }
06-11 23:49:08.427 D/OMX-VENDOR-EXT(  474):    vendor.video-trickmode{{ enable : Int32 },  }
06-11 23:49:08.427 D/OMX-VENDOR-EXT(  474):    vendor.unstable-pts{{ enable : Int32 },  }
06-11 23:49:08.427 D/OMX-VENDOR-EXT(  474):    vendor.is-mvc{{ enable : Int32 },  }
06-11 23:49:08.427 D/OMX-VENDOR-EXT(  474):    vendor.is-flv{{ nContainIndex : Int32 },  }
06-11 23:49:08.427 D/OMX-VENDOR-EXT(  474):    vendor.dvconfig-box{{ disable : Int32 },  }
06-11 23:49:08.427 D/OMX-VENDOR-EXT(  474):    vendor.profile-level{{ n-profile : Int32 },  { n-level : Int32 },  }
06-11 23:49:08.427 D/OMX-VENDOR-EXT(  474):    vendor.nrdp{{ video-peek-in-tunnel : Int32 },  }
06-11 23:49:08.427 D/OMX-VENDOR-EXT(  474):    vendor.low-latency{{ enable : Int32 },  }
06-11 23:49:08.427 D/OMX-VENDOR-EXT(  474):    vendor.save-mem{{ enable : Int32 },  }
06-11 23:49:08.427 D/OMX-VENDOR-EXT(  474):    vendor.videoLayer{{ type : Int32 },  }
06-11 23:49:08.427 D/OMX-VENDOR-EXT(  474):    vendor.renderByOmx{{ enable : Int32 },  }
06-11 23:49:08.427 D/OMX-VENDOR-EXT(  474):    vendor.tunerhal{{ video-filter-id : Int32 },  { hw-av-sync-id : Int32 },  }
06-11 23:49:08.427 D/OMX-VENDOR-EXT(  474):    vendor.VideoQos{{ info : String },  }
06-11 23:49:08.427 D/OMX-VENDOR-EXT(  474):    vendor.rotation-angle{{ angle : Int32 },  }
06-11 23:49:08.427 D/OMX-VENDOR-EXT(  474):    vendor.McodecReport{{ info : String },  }
06-11 23:49:08.427 D/OMX-VENDOR-EXT(  474):    vendor.START.low-latency{{ enable : Int32 },  }
06-11 23:49:08.427 D/OmxVideoDecoder(  474): video type 11 support v4l2, use omx2
06-11 23:49:08.427 D/OmxVideoDecoder(  474): processName=media.codec
06-11 23:49:08.427 D/OmxComponentManagerImpl(  474): IncreaseEntryNumByName pEntry->mNum=0, pEntry->mMaxNum:9,componentName:OMX.amlogic.hevc.decoder.awesome2
06-11 23:49:08.427 I/omx_core(  474): OMX_getHandle_num=1
06-11 23:49:08.427 D/OmxComponent(  474): mApkName=media.codec
06-11 23:49:08.432 D/JioStbInactivityTimer(  926): Timer: count 31 warningTimeout:10680 timeout:10800
06-11 23:49:08.432 D/JioStbInactivityTimer(  926): isUserActive: Curr:11746705 Prev:11746705
06-11 23:49:08.433 D/SurfaceUtils( 9075): connecting to surface 0xbd2c7008, reason connectToSurface
06-11 23:49:08.434 I/MediaCodec( 9075): [OMX.amlogic.hevc.decoder.awesome2] setting surface generation to 9292801
06-11 23:49:08.434 D/SurfaceUtils( 9075): disconnecting from surface 0xbd2c7008, reason connectToSurface(reconnect)
06-11 23:49:08.434 D/SurfaceUtils( 9075): connecting to surface 0xbd2c7008, reason connectToSurface(reconnect)
06-11 23:49:08.434 I/AmAVUtils( 9075): AmAVUtils::getComponentRole isEncoder :0 mime:video/hevc 
06-11 23:49:08.434 V/MediaVendorExt( 9075): AVUtils::getComponentRole
06-11 23:49:08.434 I/MediaVendorExt( 9075): AmAVUtils::getComponentRole isEncoder :0 mime:video/hevc 
06-11 23:49:08.434 D/OmxVideoDecoder(  474): setParameter 1599 0x1000017
06-11 23:49:08.434 D/OmxVideoDecoder(  474): setInputCoding video_decoder.hevc
06-11 23:49:08.434 D/OmxComponent(  474): getExtensionIndex 1237 name="OMX.google.android.index.enableAndroidNativeBuffers"
06-11 23:49:08.435 D/OmxVideoDecoder(  474): setParameter 1599 0x7f000000
06-11 23:49:08.435 V/OmxVideoDecoder(  474): setParameter 2201 EnableNativeBuffers 1
06-11 23:49:08.435 V/OmxVideoDecoder(  474): updatePort mUseNativeBuffers 1
06-11 23:49:08.435 V/OmxVideoDecoder(  474): nWidth=640,nHeight=480, nMinbufs=0
06-11 23:49:08.435 D/OmxComponent(  474): getExtensionIndex 1237 name="OMX.google.android.index.allocateNativeHandle"
06-11 23:49:08.435 D/OmxVideoDecoder(  474): setParameter 1599 0x7f00000a
06-11 23:49:08.435 E/OMXNodeInstance(  474): setParameter(0xf23c4438:amlogic.hevc.decoder.awesome2, OMX.google.android.index.allocateNativeHandle(0x7f00000a): Output:1 en=0) ERROR: UnsupportedSetting(0x80001019)
06-11 23:49:08.435 D/OmxComponent(  474): getExtensionIndex 1237 name="OMX.google.android.index.storeANWBufferInMetadata"
06-11 23:49:08.435 D/OmxVideoDecoder(  474): setParameter 1599 0x7f00000d
06-11 23:49:08.435 D/OmxVideoDecoder(  474): setParameter 2221 OMX_GoogleAndroidStoreANWBufferInMetadata
06-11 23:49:08.435 V/OmxVideoDecoder(  474): mUseStoreANWBufferInMetadata=1
