06-11 23:44:23.207 D/JioSTBMRServer-SERVICE( 3589): #broadcast IP:192.168.1.255
06-11 23:44:23.250 D/stbdpc  (  397): STB_DPGetNumPaths[570]: num_paths: 1
06-11 23:44:23.251 I/ThermalService(  969): CPU temperatures: [62.9]
06-11 23:44:23.313 D/rtk_heartbeat(  349): heartbeat_timed_out: heartbeatCmdCount = 11471, expected nextSeqNum = 11471
06-11 23:44:23.314 D/rtk_heartbeat(  349): rtkbt_heartbeat_cmpl_cback: Current SeqNum = 11471,should SeqNum=11471, status = 0
06-11 23:44:23.328 W/APM::AudioPolicyEngine(  387): getDevicesForStrategy() unknown strategy: -1
06-11 23:44:23.328 I/system_server(  633): oneway function results will be dropped but finished with status OK and parcel size 4
06-11 23:44:23.335 D/ltts_ip_emm(  397): LTTS_IP_DMXStartEMM[381]: parse_emm_cat_status failed
06-11 23:44:23.350 D/stbdpc  (  397): STB_DPGetNumPaths[570]: num_paths: 1
06-11 23:44:23.391 D/JioStbInactivityTimer(  926): Timer: count 59 warningTimeout:10680 timeout:10800
06-11 23:44:23.392 D/JioStbInactivityTimer(  926): isUserActive: Curr:11434392 Prev:11434392
06-11 23:44:23.451 D/stbdpc  (  397): STB_DPGetNumPaths[570]: num_paths: 1
06-11 23:44:23.551 D/stbdpc  (  397): STB_DPGetNumPaths[570]: num_paths: 1
06-11 23:44:23.576 D/MulticastUtils( 1773): Timeout 5000ms IOException:Poll timed out
06-11 23:44:23.583 D/JioLauncher( 1773): connected-network-status  1 status true time 0 lPreviousIp [/fe80::1%wlan0, /192.168.1.1] isLiveOnTop() false isOneTimeVisisbleStatus false-remoteConnectedTime-0
06-11 23:44:23.651 D/stbdpc  (  397): STB_DPGetNumPaths[570]: num_paths: 1
06-11 23:44:23.663 D/dvb_iptv(  397): ReadEmmNetworkTask[1537]: EMM Select Timeout Occured 38
06-11 23:44:23.751 D/stbdpc  (  397): STB_DPGetNumPaths[570]: num_paths: 1
06-11 23:44:23.851 I/chatty  (  397): uid=0(root) DK-SiCntrl identical 1 line
06-11 23:44:23.952 D/stbdpc  (  397): STB_DPGetNumPaths[570]: num_paths: 1
06-11 23:44:24.008 I/.startv.hotsta( 7490): Background young concurrent copying GC freed 163976(8669KB) AllocSpace objects, 58(1588KB) LOS objects, 36% free, 16MB/25MB, paused 280us total 127.534ms
06-11 23:44:24.052 D/stbdpc  (  397): STB_DPGetNumPaths[570]: num_paths: 1
06-11 23:44:24.152 D/stbdpc  (  397): STB_DPGetNumPaths[570]: num_paths: 1
06-11 23:44:24.163 D/dvb_iptv(  397): ReadEmmNetworkTask[1537]: EMM Select Timeout Occured 39
06-11 23:44:24.252 D/stbdpc  (  397): STB_DPGetNumPaths[570]: num_paths: 1
06-11 23:44:24.313 D/rtk_heartbeat(  349): heartbeat_timed_out: heartbeatCmdCount = 11472, expected nextSeqNum = 11472
06-11 23:44:24.315 D/rtk_heartbeat(  349): rtkbt_heartbeat_cmpl_cback: Current SeqNum = 11472,should SeqNum=11472, status = 0
06-11 23:44:24.341 V/DigitalSignage(  633): Package Name: null
06-11 23:44:24.341 V/DigitalSignage(  633): Left: 0
06-11 23:44:24.341 V/DigitalSignage(  633): Right: 0
06-11 23:44:24.341 V/DigitalSignage(  633): Top: 0
06-11 23:44:24.341 V/DigitalSignage(  633): Bottom: 0
06-11 23:44:24.341 D/DigitalSignage(  633): else - Package Name :: null left : 0 right :: 0 top :: 0 bottom :: 0 dfu-right :: 1920 dfu-bottom :: 1080
06-11 23:44:24.352 D/stbdpc  (  397): STB_DPGetNumPaths[570]: num_paths: 1
06-11 23:44:24.365 V/DigitalSignage(  633): Package Name: null
06-11 23:44:24.365 V/DigitalSignage(  633): Left: 0
06-11 23:44:24.365 V/DigitalSignage(  633): Right: 0
06-11 23:44:24.365 V/DigitalSignage(  633): Top: 0
06-11 23:44:24.365 V/DigitalSignage(  633): Bottom: 0
06-11 23:44:24.365 D/DigitalSignage(  633): else - Package Name :: null left : 0 right :: 0 top :: 0 bottom :: 0 dfu-right :: 1920 dfu-bottom :: 1080
06-11 23:44:24.391 D/JioStbInactivityTimer(  926): Timer: count 60 warningTimeout:10680 timeout:10800
06-11 23:44:24.391 D/JioStbInactivityTimer(  926): isUserActive: Curr:11434392 Prev:11434392
06-11 23:44:24.453 D/stbdpc  (  397): STB_DPGetNumPaths[570]: num_paths: 1
06-11 23:44:24.553 I/chatty  (  397): uid=0(root) DK-SiCntrl identical 1 line
06-11 23:44:24.653 D/stbdpc  (  397): STB_DPGetNumPaths[570]: num_paths: 1
06-11 23:44:24.663 D/dvb_iptv(  397): ReadEmmNetworkTask[1537]: EMM Select Timeout Occured 40
06-11 23:44:24.753 D/stbdpc  (  397): STB_DPGetNumPaths[570]: num_paths: 1
06-11 23:44:24.954 I/chatty  (  397): uid=0(root) DK-SiCntrl identical 2 lines
06-11 23:44:25.054 D/stbdpc  (  397): STB_DPGetNumPaths[570]: num_paths: 1
06-11 23:44:25.073 I/.startv.hotsta( 7490): NativeAlloc concurrent copying GC freed 102345(5630KB) AllocSpace objects, 56(1824KB) LOS objects, 49% free, 16MB/33MB, paused 2.234ms total 331.090ms
06-11 23:44:25.095 I/appium  ( 7422): channel read: POST /session/51ebbdd2-746a-4f60-aafb-c8fd0cb0c787/element
06-11 23:44:25.096 I/appium  ( 7422): FindElement command
06-11 23:44:25.101 I/appium  ( 7422): method: 'xpath', selector: '//android.widget.TextView[@resource-id='in.startv.hotstar:id/title']'
06-11 23:44:25.101 I/appium  ( 7422): Waiting up to 10000ms for the device to idle
06-11 23:44:25.154 D/stbdpc  (  397): STB_DPGetNumPaths[570]: num_paths: 1
06-11 23:44:25.163 D/dvb_iptv(  397): ReadEmmNetworkTask[1537]: EMM Select Timeout Occured 41
06-11 23:44:25.232 I/.startv.hotsta( 7490): oneway function results will be dropped but finished with status OK and parcel size 4
06-11 23:44:25.237 I/e.swalekh.abct( 1359): oneway function results will be dropped but finished with status OK and parcel size 4
06-11 23:44:25.251 D/JioSTBMRServer-SERVICE( 3589): InetSocketAddress(InetAddress.getByName(inetAddress.hostAddress)-/192.168.1.255
06-11 23:44:25.251 D/JioSTBMRServer-SERVICE( 3589): #beacon:RKISBFJ60000097:0:false:0:1:SV=181024 , 192.168.1.255
06-11 23:44:25.254 D/stbdpc  (  397): STB_DPGetNumPaths[570]: num_paths: 1
06-11 23:44:25.256 D/JioSTBMRServer-SERVICE( 3589): InetSocketAddress(InetAddress.getByName(inetAddress.hostAddress)-/192.168.1.255
06-11 23:44:25.256 D/JioSTBMRServer-SERVICE( 3589): #broadcast IP:192.168.1.255
06-11 23:44:25.271 I/thermal2(  367): Sending notification:  Type: CPU Name: soc_thermal CurrentValue: 65.2 ThrottlingStatus: LIGHT
06-11 23:44:25.271 I/ThermalService(  969): CPU temperatures: [65.200005]
06-11 23:44:25.313 D/rtk_heartbeat(  349): heartbeat_timed_out: heartbeatCmdCount = 11473, expected nextSeqNum = 11473
06-11 23:44:25.314 D/rtk_heartbeat(  349): rtkbt_heartbeat_cmpl_cback: Current SeqNum = 11473,should SeqNum=11473, status = 0
06-11 23:44:25.335 D/ltts_ip_emm(  397): LTTS_IP_DMXStartEMM[381]: parse_emm_cat_status failed
06-11 23:44:25.354 D/stbdpc  (  397): STB_DPGetNumPaths[570]: num_paths: 1
06-11 23:44:25.365 F/linker  ( 7657): CANNOT LINK EXECUTABLE "/system/bin/smartcable/smartCableSTBApp": library "libmosquitto.so" not found: needed by main executable
06-11 23:44:25.392 D/JioStbInactivityTimer(  926): Timer: count 61 warningTimeout:10680 timeout:10800
06-11 23:44:25.392 D/JioStbInactivityTimer(  926): isUserActive: Curr:11434392 Prev:11434392
06-11 23:44:25.455 D/stbdpc  (  397): STB_DPGetNumPaths[570]: num_paths: 1
06-11 23:44:25.494 I/appium  ( 7422): The following attributes will be included to the page source: [resource-id]
06-11 23:44:25.555 D/stbdpc  (  397): STB_DPGetNumPaths[570]: num_paths: 1
06-11 23:44:25.611 E/WifiVendorHal(  633): getWifiLinkLayerStats_1_3_Internal(l.973) failed {.code = ERROR_UNKNOWN, .description = unknown error}
06-11 23:44:25.655 D/stbdpc  (  397): STB_DPGetNumPaths[570]: num_paths: 1
06-11 23:44:25.663 D/dvb_iptv(  397): ReadEmmNetworkTask[1537]: EMM Select Timeout Occured 42
06-11 23:44:25.711 D/DefaultRenderersFactory( 7490): Building video renderers, extensionRendererMode 0
06-11 23:44:25.729 I/ExoPlayerImpl( 7490): Init 1acc63a [ExoPlayerLib/2.16.1] [MSTB, JMSB200A, Jio, 30]
06-11 23:44:25.755 D/stbdpc  (  397): STB_DPGetNumPaths[570]: num_paths: 1
06-11 23:44:25.760 I/MediaFocusControl(  633): requestAudioFocus() from uid/pid 10072/7490 clientId=android.media.AudioManager@354101dg2.b$a@b21e292 callingPack=in.startv.hotstar req=1 flags=0x0 sdk=34
06-11 23:44:25.760 I/MediaFocusControl(  633): notifyAudioFocusGain. in.startv.hotstar
06-11 23:44:25.762 D/CustomBootReceiver( 1856): onReceive, Receive broadcast message, com.jio.stb.AUDIO_FOCUS_GAIN
06-11 23:44:25.762 D/CustomBootReceiver( 1856): Recvd broadcast; Audio Focus change from package : in.startv.hotstar
06-11 23:44:25.762 D/AppOptimizerAudioFocusReceiver( 1722): onReceive, Receive broadcast message, com.jio.stb.AUDIO_FOCUS_GAIN
06-11 23:44:25.762 D/AppOptimizerAudioFocusReceiver( 1722): Recvd broadcast; Current Audio Focus=in.startv.hotstar
06-11 23:44:25.762 D/AppOptimizerAudioFocusReceiver( 1722): calling removeApp method
06-11 23:44:25.767 I/DrmUtils( 7490): found android.hardware.drm@1.0::IDrmFactory clearkey
06-11 23:44:25.768 I/DrmUtils( 7490): found android.hardware.drm@1.0::IDrmFactory verimatrix
06-11 23:44:25.769 I/DrmUtils( 7490): found android.hardware.drm@1.0::IDrmFactory widevine
06-11 23:44:25.770 I/DrmUtils( 7490): found android.hardware.drm@1.0::IDrmFactory youtube
06-11 23:44:25.772 I/DrmUtils( 7490): found android.hardware.drm@1.1::IDrmFactory clearkey
06-11 23:44:25.773 I/DrmUtils( 7490): found android.hardware.drm@1.1::IDrmFactory verimatrix
06-11 23:44:25.775 I/DrmUtils( 7490): found android.hardware.drm@1.1::IDrmFactory widevine
06-11 23:44:25.776 I/DrmUtils( 7490): found android.hardware.drm@1.1::IDrmFactory youtube
06-11 23:44:25.778 I/DrmUtils( 7490): found android.hardware.drm@1.2::IDrmFactory clearkey
06-11 23:44:25.779 I/DrmUtils( 7490): found android.hardware.drm@1.2::IDrmFactory verimatrix
06-11 23:44:25.781 I/DrmUtils( 7490): found android.hardware.drm@1.2::IDrmFactory widevine
06-11 23:44:25.782 I/DrmUtils( 7490): found android.hardware.drm@1.2::IDrmFactory youtube
06-11 23:44:25.784 I/DrmUtils( 7490): found android.hardware.drm@1.3::IDrmFactory clearkey
06-11 23:44:25.785 I/DrmUtils( 7490): found android.hardware.drm@1.3::IDrmFactory verimatrix
06-11 23:44:25.786 I/DrmUtils( 7490): found android.hardware.drm@1.3::IDrmFactory widevine
06-11 23:44:25.787 I/DrmUtils( 7490): found android.hardware.drm@1.3::IDrmFactory youtube
06-11 23:44:25.788 W/android.hardware.drm@1.3-service.youtube(  355): isCryptoSchemeSupported, false
06-11 23:44:25.788 I/WVCdm   (  354): [app][in.startv.hotstar] calling virtual Return<void> wvdrm::hardware::drm::V1_3::widevine::WVDrmFactory::createPlugin(const hidl_array<uint8_t, 16> &, const android::hardware::hidl_string &, android::hardware::drm::V1_3::IDrmFactory::createPlugin_cb)
06-11 23:44:25.819 I/appium  ( 7422): Took 0ms to retrieve 1 matches for '//android.widget.TextView[@resource-id='in.startv.hotstar:id/title']' XPath2 query
06-11 23:44:25.827 I/appium  ( 7422): AppiumResponse: {"sessionId":"51ebbdd2-746a-4f60-aafb-c8fd0cb0c787","value":{"ELEMENT":"00000000-0000-010c-ffff-ffff000000aa","element-6066-11e4-a52e-4f735466cecf":"00000000-0000-010c-ffff-ffff000000aa"}}
06-11 23:44:25.855 D/stbdpc  (  397): STB_DPGetNumPaths[570]: num_paths: 1
06-11 23:44:25.864 I/appium  ( 7422): channel read: GET /session/51ebbdd2-746a-4f60-aafb-c8fd0cb0c787/element/00000000-0000-010c-ffff-ffff000000aa/attribute/displayed
06-11 23:44:25.865 I/appium  ( 7422): GetElementAttribute command
06-11 23:44:25.880 I/appium  ( 7422): AppiumResponse: {"sessionId":"51ebbdd2-746a-4f60-aafb-c8fd0cb0c787","value":"true"}
06-11 23:44:25.912 I/appium  ( 7422): channel read: GET /session/51ebbdd2-746a-4f60-aafb-c8fd0cb0c787/element/00000000-0000-010c-ffff-ffff000000aa/attribute/displayed
06-11 23:44:25.913 I/appium  ( 7422): GetElementAttribute command
06-11 23:44:25.925 I/appium  ( 7422): AppiumResponse: {"sessionId":"51ebbdd2-746a-4f60-aafb-c8fd0cb0c787","value":"true"}
06-11 23:44:25.955 I/JioBackgroundSchedulerService( 2899): Check schedule  
06-11 23:44:25.956 D/stbdpc  (  397): STB_DPGetNumPaths[570]: num_paths: 1
06-11 23:44:25.962 D/MediaCodecInfo( 7490): NoSupport [sizeAndRate.support, 1920x1080x25.0] [c2.android.hevc.decoder, video/hevc] [MSTB, JMSB200A, Jio, 30]
06-11 23:44:25.965 I/chatty  ( 7490): uid=10072(in.startv.hotstar) ExoPlayer:Playb identical 2 lines
06-11 23:44:25.966 D/MediaCodecInfo( 7490): NoSupport [sizeAndRate.support, 1920x1080x25.0] [c2.android.hevc.decoder, video/hevc] [MSTB, JMSB200A, Jio, 30]
06-11 23:44:25.987 I/appium  ( 7422): channel read: POST /session/51ebbdd2-746a-4f60-aafb-c8fd0cb0c787/appium/device/press_keycode
06-11 23:44:25.988 I/appium  ( 7422): PressKeyCode command
06-11 23:44:25.989 I/appium  ( 7422): Calling PressKeyCode... 
06-11 23:44:25.996 D/UiDevice( 7422): Pressing keycodes [4] with modifier 0.
06-11 23:44:26.002 D/InputDispatcher(  633): injectInputEvent - eventType=1, injectorPid=7407, injectorUid=0, syncMode=2, timeout=30000, policyFlags=0x08000000
06-11 23:44:26.002 D/WindowManager(  633): interceptKeyTq keycode=4 interactive=true keyguardActive=false policyFlags=2b000000
06-11 23:44:26.002 D/WindowManager(  633): CloudPC is in NOT in foreground
06-11 23:44:26.003 D/WindowManager(  633): isKeyNeedsToPassToJioCloudPC :: NO
06-11 23:44:26.003 I/android.hardware.power-service.libperfmgr(  366): Power setBoost: INTERACTION duration: 0
06-11 23:44:26.003 D/WindowManager(  633): interceptKeyTi keyCode=4 down=true repeatCount=0 keyguardOn=false canceled=false
06-11 23:44:26.004 D/WindowManager(  633): CloudPC is in NOT in foreground
06-11 23:44:26.004 I/libperfmgr(  366): Do Powerhint: INTERACTION
06-11 23:44:26.004 D/WindowManager(  633): isKeyNeedsToPassToJioCloudPC :: NO
06-11 23:44:26.004 D/GlobalKeyManager(  633): KeyEvent { action=ACTION_DOWN, keyCode=KEYCODE_BACK, scanCode=0, metaState=0, flags=0x0, repeatCount=0, eventTime=11497150, downTime=11497150, deviceId=-1, source=0x101, displayId=-1 }
06-11 23:44:26.004 I/android.hardware.power-service.libperfmgr(  366): Power setBoost: INTERACTION duration: 0
06-11 23:44:26.004 D/InputDispatcher(  633): Setting input event injection result to 0.  injectorPid=7407, injectorUid=0
06-11 23:44:26.004 I/libperfmgr(  366): Do Powerhint: INTERACTION
06-11 23:44:26.006 D/InputDispatcher(  633): injectInputEvent - Waiting for 1 pending foreground dispatches.
06-11 23:44:26.008 D/InputDispatcher(  633): injectInputEvent - Finished with result 0. injectorPid=7407, injectorUid=0
06-11 23:44:26.010 D/InputDispatcher(  633): injectInputEvent - eventType=1, injectorPid=7407, injectorUid=0, syncMode=2, timeout=30000, policyFlags=0x08000000
06-11 23:44:26.011 D/WindowManager(  633): interceptKeyTq keycode=4 interactive=true keyguardActive=false policyFlags=2b000000
06-11 23:44:26.011 D/WindowManager(  633): CloudPC is in NOT in foreground
06-11 23:44:26.011 D/WindowManager(  633): isKeyNeedsToPassToJioCloudPC :: NO
06-11 23:44:26.011 D/WindowManager(  633): interceptKeyTi keyCode=4 down=false repeatCount=0 keyguardOn=false canceled=false
06-11 23:44:26.011 D/WindowManager(  633): CloudPC is in NOT in foreground
06-11 23:44:26.011 D/WindowManager(  633): isKeyNeedsToPassToJioCloudPC :: NO
06-11 23:44:26.011 D/GlobalKeyManager(  633): KeyEvent { action=ACTION_UP, keyCode=KEYCODE_BACK, scanCode=0, metaState=0, flags=0x0, repeatCount=0, eventTime=11497150, downTime=11497150, deviceId=-1, source=0x101, displayId=-1 }
06-11 23:44:26.012 D/InputDispatcher(  633): Setting input event injection result to 0.  injectorPid=7407, injectorUid=0
06-11 23:44:26.012 D/AutofillManagerService(  633): onBackKeyPressed()
06-11 23:44:26.012 D/InputDispatcher(  633): injectInputEvent - Waiting for 1 pending foreground dispatches.
06-11 23:44:26.019 D/InputDispatcher(  633): injectInputEvent - Finished with result 0. injectorPid=7407, injectorUid=0
06-11 23:44:26.038 I/appium  ( 7422): AppiumResponse: {"sessionId":"51ebbdd2-746a-4f60-aafb-c8fd0cb0c787","value":null}
06-11 23:44:26.054 D/MediaCodecInfo( 7490): NoSupport [sizeAndRate.support, 1920x1080x25.0] [c2.android.hevc.decoder, video/hevc] [MSTB, JMSB200A, Jio, 30]
06-11 23:44:26.056 D/stbdpc  (  397): STB_DPGetNumPaths[570]: num_paths: 1
06-11 23:44:26.069 I/appium  ( 7422): channel read: POST /session/51ebbdd2-746a-4f60-aafb-c8fd0cb0c787/elements
06-11 23:44:26.072 I/appium  ( 7422): FindElements command
06-11 23:44:26.076 I/appium  ( 7422): method: 'xpath', selector: '//android.widget.TextView[@resource-id='in.startv.hotstar:id/tv_title']'
06-11 23:44:26.076 I/appium  ( 7422): Waiting up to 10000ms for the device to idle
06-11 23:44:26.079 I/OMXClient( 7490): IOmx service obtained
06-11 23:44:26.087 I/[11497.239663@0]  resman(    0): 163 appname:OMX-137, type=0
06-11 23:44:26.080 I/OMXMaster(  474): makeComponentInstance(OMX.amlogic.hevc.decoder.awesome2) in android.hardwar process
06-11 23:44:26.081 D/OmxComponentManagerImpl(  474): support frame mode
06-11 23:44:26.081 D/OmxComponentManagerImpl(  474): use dv frame mode
06-11 23:44:26.081 D/OmxComponentManagerImpl(  474): support avs frame mode
06-11 23:44:26.081 D/OmxComponentManagerImpl(  474): format support multi-instance
06-11 23:44:26.081 D/OmxComponentManagerImpl(  474): getEntryByName_2_num=0, componentName:OMX.amlogic.hevc.decoder.awesome2
06-11 23:44:26.082 D/omx_video(  474): processName=media.codec
06-11 23:44:26.082 V/AmlogicVideoDecoderAwesome2(  474): [128]AmlogicVideoDecoder2:118 >
06-11 23:44:26.082 V/AmlogicVideoDecoderAwesome2(  474): [128]initializeState_l:1611 >
06-11 23:44:26.082 D/AmlogicVideoDecoderAwesome2(  474): [128]"vendor.media.omx.latency is not set used def=1.000000\n"
06-11 23:44:26.082 D/AmlogicVideoDecoderAwesome2(  474): [128]"vendor.media.omx.frame_numlatency is not set used def=10\n"
06-11 23:44:26.082 D/AmlogicVideoDecoderAwesome2(  474): [128]"vendor.omx.frame_numlimmit is not set used def=20\n"
06-11 23:44:26.082 D/AmlogicVideoDecoderAwesome2(  474): [129]"AmlogicVideoDecoder2, mOmxInstancenum 1, mOmxInstanceID 129"
06-11 23:44:26.082 D/AmlogicVideoDecoderAwesome2(  474): [129]"vendor.omx2.blkmode is not set used def=0\n"
06-11 23:44:26.082 D/AmlogicVideoDecoderAwesome2(  474): [129]"vendor.omx2.maxalloc is not set used def=1\n"
06-11 23:44:26.083 I/AmlogicVideoDecoderAwesome2(  474): [129]"default use NV21"
06-11 23:44:26.083 V/AmlogicVideoPassthrough(  474): [0]AmlogicVideoPassthrough:80 >
06-11 23:44:26.083 D/AmlogicVideoPassthrough(  474): [1]"AmlogicVideoPassthrough, mOmxInstancenum 1, mOmxInstanceID 123"
06-11 23:44:26.083 E/secmem_tz(  474): [Secure_NegotiateVersion:374] Secure_NegotiateVersion 2 2 2 2 2 2
06-11 23:44:26.083 E/secmem_tz(  474): [Secure_NegotiateVersion:384] Negotiated secmem version = 2
06-11 23:44:26.085 W/OmxLogConf(  474): Can not read property media.omx.log_levels, using 0
06-11 23:44:26.086 D/OmxResManage(  474): ResManWrapper OMX-137 init, fd = 12
06-11 23:44:26.086 D/AmlogicVideoDecoderAwesome2(  474): [129]"vendor.media.omx2.out_buffer1 is not set used def=8\n"
06-11 23:44:26.086 D/AmlogicVideoDecoderAwesome2(  474): [129]"out buf:8"
06-11 23:44:26.086 D/AmlogicVideoDecoderAwesome2(  474): [129]"vendor.media.omx2.dw is not set used def=0\n"
06-11 23:44:26.086 D/OmxVideoDecoder(  474): setInputCoding OMX.amlogic.hevc.decoder.awesome2
06-11 23:44:26.086 D/OmxVideoDecoder(  474): mIsLinux49=0, mIsLinux54=1, major=5, minor=4
06-11 23:44:26.087 D/OmxVideoDecoder(  474): multi dec exist
06-11 23:44:26.087 D/OmxVideoDecoder(  474): use dv frame mode
06-11 23:44:26.087 D/OmxVideoDecoder(  474): avs multi dec exist
06-11 23:44:26.088 D/OmxVideoDecoder(  474): Use frame mode for multidec.
06-11 23:44:26.088 D/OmxVideoDecoder(  474): Use min out buffer size
06-11 23:44:26.088 D/OmxVideoDecoder(  474): mSupportPiPVideo = 1
06-11 23:44:26.088 D/OmxVideoDecoder(  474): mMustOsdDisplay 0, mAmVideoUsed=0, mSupportPiPVideo=1, mPipVideoUsed=0, mVideoUsedByOmx=0
06-11 23:44:26.088 D/OMX-VENDOR-EXT(  474): OMX.amlogic.hevc.decoder.awesome2 : Vendor extensions supported (17)
06-11 23:44:26.088 D/OMX-VENDOR-EXT(  474):    vendor.4k-osd{{ enable : Int32 },  }
06-11 23:44:26.088 D/OMX-VENDOR-EXT(  474):    vendor.video-trickmode{{ enable : Int32 },  }
06-11 23:44:26.088 D/OMX-VENDOR-EXT(  474):    vendor.unstable-pts{{ enable : Int32 },  }
06-11 23:44:26.088 D/OMX-VENDOR-EXT(  474):    vendor.is-mvc{{ enable : Int32 },  }
06-11 23:44:26.088 D/OMX-VENDOR-EXT(  474):    vendor.is-flv{{ nContainIndex : Int32 },  }
06-11 23:44:26.088 D/OMX-VENDOR-EXT(  474):    vendor.dvconfig-box{{ disable : Int32 },  }
06-11 23:44:26.089 D/OMX-VENDOR-EXT(  474):    vendor.profile-level{{ n-profile : Int32 },  { n-level : Int32 },  }
06-11 23:44:26.089 D/OMX-VENDOR-EXT(  474):    vendor.nrdp{{ video-peek-in-tunnel : Int32 },  }
06-11 23:44:26.089 D/OMX-VENDOR-EXT(  474):    vendor.low-latency{{ enable : Int32 },  }
06-11 23:44:26.089 D/OMX-VENDOR-EXT(  474):    vendor.save-mem{{ enable : Int32 },  }
06-11 23:44:26.089 D/OMX-VENDOR-EXT(  474):    vendor.videoLayer{{ type : Int32 },  }
06-11 23:44:26.089 D/OMX-VENDOR-EXT(  474):    vendor.renderByOmx{{ enable : Int32 },  }
06-11 23:44:26.089 D/OMX-VENDOR-EXT(  474):    vendor.tunerhal{{ video-filter-id : Int32 },  { hw-av-sync-id : Int32 },  }
06-11 23:44:26.089 D/OMX-VENDOR-EXT(  474):    vendor.VideoQos{{ info : String },  }
06-11 23:44:26.089 D/OMX-VENDOR-EXT(  474):    vendor.rotation-angle{{ angle : Int32 },  }
06-11 23:44:26.089 D/OMX-VENDOR-EXT(  474):    vendor.McodecReport{{ info : String },  }
06-11 23:44:26.089 D/OMX-VENDOR-EXT(  474):    vendor.START.low-latency{{ enable : Int32 },  }
06-11 23:44:26.089 D/OmxVideoDecoder(  474): video type 11 support v4l2, use omx2
06-11 23:44:26.089 D/OmxVideoDecoder(  474): processName=media.codec
06-11 23:44:26.089 D/OmxComponentManagerImpl(  474): IncreaseEntryNumByName pEntry->mNum=0, pEntry->mMaxNum:9,componentName:OMX.amlogic.hevc.decoder.awesome2
06-11 23:44:26.089 I/omx_core(  474): OMX_getHandle_num=1
06-11 23:44:26.090 D/OmxComponent(  474): mApkName=media.codec
06-11 23:44:26.094 D/SurfaceUtils( 7490): connecting to surface 0xbe59fc08, reason connectToSurface
06-11 23:44:26.094 I/MediaCodec( 7490): [OMX.amlogic.hevc.decoder.awesome2] setting surface generation to 7669761
06-11 23:44:26.094 D/SurfaceUtils( 7490): disconnecting from surface 0xbe59fc08, reason connectToSurface(reconnect)
06-11 23:44:26.094 D/SurfaceUtils( 7490): connecting to surface 0xbe59fc08, reason connectToSurface(reconnect)
06-11 23:44:26.094 I/AmAVUtils( 7490): AmAVUtils::getComponentRole isEncoder :0 mime:video/hevc 
06-11 23:44:26.094 V/MediaVendorExt( 7490): AVUtils::getComponentRole
06-11 23:44:26.094 I/MediaVendorExt( 7490): AmAVUtils::getComponentRole isEncoder :0 mime:video/hevc 
06-11 23:44:26.096 D/OmxVideoDecoder(  474): setParameter 1599 0x1000017
06-11 23:44:26.096 D/OmxVideoDecoder(  474): setInputCoding video_decoder.hevc
06-11 23:44:26.098 D/OmxComponent(  474): getExtensionIndex 1237 name="OMX.google.android.index.enableAndroidNativeBuffers"
06-11 23:44:26.098 D/OmxVideoDecoder(  474): setParameter 1599 0x7f000000
06-11 23:44:26.098 V/OmxVideoDecoder(  474): setParameter 2201 EnableNativeBuffers 1
06-11 23:44:26.098 V/OmxVideoDecoder(  474): updatePort mUseNativeBuffers 1
06-11 23:44:26.098 V/OmxVideoDecoder(  474): nWidth=640,nHeight=480, nMinbufs=0
06-11 23:44:26.098 D/OmxComponent(  474): getExtensionIndex 1237 name="OMX.google.android.index.allocateNativeHandle"
06-11 23:44:26.098 D/OmxVideoDecoder(  474): setParameter 1599 0x7f00000a
06-11 23:44:26.098 E/OMXNodeInstance(  474): setParameter(0xf23c4438:amlogic.hevc.decoder.awesome2, OMX.google.android.index.allocateNativeHandle(0x7f00000a): Output:1 en=0) ERROR: UnsupportedSetting(0x80001019)
06-11 23:44:26.098 D/OmxComponent(  474): getExtensionIndex 1237 name="OMX.google.android.index.storeANWBufferInMetadata"
06-11 23:44:26.098 D/OmxVideoDecoder(  474): setParameter 1599 0x7f00000d
06-11 23:44:26.098 D/OmxVideoDecoder(  474): setParameter 2221 OMX_GoogleAndroidStoreANWBufferInMetadata
06-11 23:44:26.098 V/OmxVideoDecoder(  474): mUseStoreANWBufferInMetadata=1
06-11 23:44:26.098 E/OMXNodeInstance(  474): getParameter(0xf23c4438:amlogic.hevc.decoder.awesome2, ??(0x6f600011)) ERROR: UnsupportedIndex(0x8000101a)
06-11 23:44:26.099 D/OmxVideoDecoder(  474): setParameter 1599 0x6000001
06-11 23:44:26.099 D/OmxVideoDecoder(  474): setParameter nPortIndex 0 CompFmt 0xb ColorFmt 0
06-11 23:44:26.100 D/OmxVideoDecoder(  474): setParameter 1599 0x6000001
06-11 23:44:26.100 D/OmxVideoDecoder(  474): setParameter nPortIndex 1 CompFmt 0 ColorFmt 0x11
06-11 23:44:26.100 I/OmxVideoDecoder(  474): getParameter Component Name OMX.amlogic.hevc.decoder.awesome2, width 640, height 480 nBufferCountMin:3
06-11 23:44:26.100 D/OmxVideoDecoder(  474): setParameter 1599 0x2000001
06-11 23:44:26.100 D/OmxVideoDecoder(  474): setParameter nPortIndex 0 nFrameWidth 1920 nFrameHeight 1080 nSliceHeight 16
06-11 23:44:26.100 E/OmxVideoDecoder(  474):  reset input buffer:2073600
06-11 23:44:26.101 V/OmxVideoDecoder(  474): updatePort mUseNativeBuffers 1
06-11 23:44:26.101 V/OmxVideoDecoder(  474): nWidth=640,nHeight=480, nMinbufs=0
06-11 23:44:26.101 I/OmxVideoDecoder(  474): getParameter Component Name OMX.amlogic.hevc.decoder.awesome2, width 640, height 480 nBufferCountMin:8
06-11 23:44:26.102 D/OmxVideoDecoder(  474): setParameter 1599 0x2000001
06-11 23:44:26.102 D/OmxVideoDecoder(  474): adaptiveplayback default set w*d: 4096*2304
06-11 23:44:26.102 D/OmxVideoDecoder(  474): media.omx.display_mode=3
06-11 23:44:26.102 D/OmxVideoDecoder(  474): mjpeg vc1 wmv wmv3 force display_mode=3
06-11 23:44:26.102 D/OmxVideoDecoder(  474): choose mVideoUsedByOmx=0, mVideoUsedByThis=0, mAmVideoUsed=0
06-11 23:44:26.102 D/OmxVideoDecoder(  474): mDisplayMode = DISPLAY_MODE_V4LVIDEO
06-11 23:44:26.102 D/OmxVideoDecoder(  474): choose mDisplayMode=3
06-11 23:44:26.102 D/OmxVideoDecoder(  474): setParameter nPortIndex 1 nFrameWidth 1920 nFrameHeight 1080 nSliceHeight 1080
06-11 23:44:26.102 V/OmxVideoDecoder(  474): updatePort mUseNativeBuffers 1
06-11 23:44:26.102 V/OmxVideoDecoder(  474): nWidth=1920,nHeight=1080, nMinbufs=0
06-11 23:44:26.102 D/OmxComponent(  474): getExtensionIndex 1237 name="OMX.google.android.index.describeColorAspects"
06-11 23:44:26.102 D/OmxComponent(  474): getExtensionIndex 1237 name="OMX.google.android.index.storeMetaDataInBuffers"
06-11 23:44:26.102 D/OmxComponent(  474): getExtensionIndex 1237 name="OMX.google.android.index.storeANWBufferInMetadata"
06-11 23:44:26.102 D/OmxComponent(  474): getExtensionIndex 1237 name="OMX.google.android.index.prepareForAdaptivePlayback"
06-11 23:44:26.102 D/OmxComponent(  474): getExtensionIndex 1237 name="OMX.google.android.index.configureVideoTunnelMode"
06-11 23:44:26.102 D/OmxComponent(  474): getExtensionIndex 1237 name="OMX.google.android.index.useAndroidNativeBuffer2"
06-11 23:44:26.102 D/OmxComponent(  474): getExtensionIndex 1237 name="OMX.google.android.index.useAndroidNativeBuffer"
06-11 23:44:26.102 D/OmxComponent(  474): getExtensionIndex 1237 name="OMX.google.android.index.enableAndroidNativeBuffers"
06-11 23:44:26.102 D/OmxComponent(  474): getExtensionIndex 1237 name="OMX.google.android.index.allocateNativeHandle"
06-11 23:44:26.102 D/OmxComponent(  474): getExtensionIndex 1237 name="OMX.google.android.index.getAndroidNativeBufferUsage"
06-11 23:44:26.102 D/OmxVideoDecoder(  474): setConfig 3009 0x7f00000c
06-11 23:44:26.103 D/OmxComponent(  474): getExtensionIndex 1237 name="OMX.google.android.index.describeHDRStaticInfo"
06-11 23:44:26.103 D/OmxComponent(  474): getExtensionIndex 1237 name="OMX.google.android.index.describeHDR10PlusInfo"
06-11 23:44:26.103 D/OmxVideoDecoder(  474): setConfig 3009 0x7f000009
06-11 23:44:26.103 D/OmxVideoDecoder(  474): HDRStaticInfo: R=0 0; G=0 0; B=0 0; W=0 0; MaxDisplayLuminance:0, MinDisplayLuminance=0, mMaxContentLightLevel=0, MaxContentLightLevel=0
06-11 23:44:26.103 D/OmxVideoDecoder(  474): HDRStaticInfo: all parmeter is 0, set mHasHDRStaticInfo to false
06-11 23:44:26.103 I/AmAVUtils( 7490): AmAVUtils::isAudioExtendFormat input = video/hevc
06-11 23:44:26.103 I/AmAVUtils( 7490): AmAVUtils::isExtendFormat input = video/hevc
06-11 23:44:26.103 I/OmxVideoDecoder(  474): getParameter Component Name OMX.amlogic.hevc.decoder.awesome2, width 1920, height 1080 nBufferCountMin:3
06-11 23:44:26.103 D/OmxVideoDecoder(  474): setConfig 3009 0x6f800002
06-11 23:44:26.103 V/OmxVideoDecoder(  474): setConfig 3192 nIndex 0x6f800002
06-11 23:44:26.104 D/OmxComponent(  474): setConfig 1230
06-11 23:44:26.104 E/OMXNodeInstance(  474): setConfig(0xf23c4438:amlogic.hevc.decoder.awesome2, ConfigPriority(0x6f800002)) ERROR: UnsupportedIndex(0x8000101a)
06-11 23:44:26.104 I/ACodec  ( 7490): codec does not support config priority (err -1010)
06-11 23:44:26.104 I/OmxVideoDecoder(  474): getParameter Component Name OMX.amlogic.hevc.decoder.awesome2, width 1920, height 1080 nBufferCountMin:3
06-11 23:44:26.104 D/OmxVideoDecoder(  474): getConfig 2867 0x6f100004
06-11 23:44:26.104 V/OmxVideoDecoder(  474): VendorExt: getConfig: index=0 (4k-osd)
06-11 23:44:26.104 D/OmxVideoDecoder(  474): getConfig 2867 0x6f100004
06-11 23:44:26.104 V/OmxVideoDecoder(  474): VendorExt: getConfig: index=1 (video-trickmode)
06-11 23:44:26.104 D/OmxVideoDecoder(  474): getConfig 2867 0x6f100004
06-11 23:44:26.105 V/OmxVideoDecoder(  474): VendorExt: getConfig: index=2 (unstable-pts)
06-11 23:44:26.105 D/OmxVideoDecoder(  474): getConfig 2867 0x6f100004
06-11 23:44:26.105 V/OmxVideoDecoder(  474): VendorExt: getConfig: index=3 (is-mvc)
06-11 23:44:26.106 D/OmxVideoDecoder(  474): getConfig 2867 0x6f100004
06-11 23:44:26.112 V/OmxVideoDecoder(  474): VendorExt: getConfig: index=4 (is-flv)
06-11 23:44:26.112 D/OmxVideoDecoder(  474): getConfig 2867 0x6f100004
06-11 23:44:26.112 V/OmxVideoDecoder(  474): VendorExt: getConfig: index=5 (dvconfig-box)
06-11 23:44:26.113 D/OmxVideoDecoder(  474): getConfig 2867 0x6f100004
06-11 23:44:26.113 V/OmxVideoDecoder(  474): VendorExt: getConfig: index=6 (profile-level)
06-11 23:44:26.162 I/[11497.316352@1]  resman(    0): 163 acquire [decoder], preempt yes
06-11 23:44:26.162 I/[11497.316364@1]  resman(    0): 163 acquire [decoder] success
06-11 23:44:26.163 I/[11497.316399@1]  resman(    0): 163 acquire [codec_mm], preempt yes
06-11 23:44:26.163 I/[11497.316408@1]  resman(    0): 163 score 60 secure no
06-11 23:44:26.163 I/[11497.316414@1]  resman(    0): 163 acquire [codec_mm] success
06-11 23:44:26.113 D/OmxVideoDecoder(  474): getConfig 2867 0x6f100004
06-11 23:44:26.113 V/OmxVideoDecoder(  474): VendorExt: getConfig: index=6 (profile-level)
06-11 23:44:26.113 D/OmxVideoDecoder(  474): getConfig 2867 0x6f100004
06-11 23:44:26.113 V/OmxVideoDecoder(  474): VendorExt: getConfig: index=7 (nrdp)
06-11 23:44:26.113 D/OmxVideoDecoder(  474): getConfig 2867 0x6f100004
06-11 23:44:26.114 V/OmxVideoDecoder(  474): VendorExt: getConfig: index=8 (low-latency)
06-11 23:44:26.114 D/OmxVideoDecoder(  474): getConfig 2867 0x6f100004
06-11 23:44:26.114 V/OmxVideoDecoder(  474): VendorExt: getConfig: index=9 (save-mem)
06-11 23:44:26.114 D/OmxVideoDecoder(  474): getConfig 2867 0x6f100004
06-11 23:44:26.114 V/OmxVideoDecoder(  474): VendorExt: getConfig: index=10 (videoLayer)
06-11 23:44:26.114 D/OmxVideoDecoder(  474): getConfig 2867 0x6f100004
06-11 23:44:26.114 V/OmxVideoDecoder(  474): VendorExt: getConfig: index=11 (renderByOmx)
06-11 23:44:26.114 D/OmxVideoDecoder(  474): getConfig 2867 0x6f100004
06-11 23:44:26.114 V/OmxVideoDecoder(  474): VendorExt: getConfig: index=12 (tunerhal)
06-11 23:44:26.116 D/OmxVideoDecoder(  474): getConfig 2867 0x6f100004
06-11 23:44:26.116 V/OmxVideoDecoder(  474): VendorExt: getConfig: index=12 (tunerhal)
06-11 23:44:26.116 D/OmxVideoDecoder(  474): getConfig 2867 0x6f100004
06-11 23:44:26.116 V/OmxVideoDecoder(  474): VendorExt: getConfig: index=13 (VideoQos)
06-11 23:44:26.117 D/OmxVideoDecoder(  474): getConfig 2867 0x6f100004
06-11 23:44:26.117 V/OmxVideoDecoder(  474): VendorExt: getConfig: index=14 (rotation-angle)
06-11 23:44:26.118 D/OmxVideoDecoder(  474): getConfig 2867 0x6f100004
06-11 23:44:26.118 V/OmxVideoDecoder(  474): VendorExt: getConfig: index=15 (McodecReport)
06-11 23:44:26.118 D/OmxVideoDecoder(  474): mMcodecReport=0 mPeer.get=0xf23bb000
06-11 23:44:26.119 D/OmxVideoDecoder(  474): getConfig 2867 0x6f100004
06-11 23:44:26.119 V/OmxVideoDecoder(  474): VendorExt: getConfig: index=16 (START.low-latency)
06-11 23:44:26.119 D/OmxVideoDecoder(  474): getConfig 2867 0x6f100004
06-11 23:44:26.119 V/OmxVideoDecoder(  474): updatePort mUseNativeBuffers 1
06-11 23:44:26.119 V/OmxVideoDecoder(  474): nWidth=1920,nHeight=1080, nMinbufs=0
06-11 23:44:26.119 I/OmxVideoDecoder(  474): getParameter Component Name OMX.amlogic.hevc.decoder.awesome2, width 1920, height 1080 nBufferCountMin:8
06-11 23:44:26.119 D/OmxVideoDecoder(  474): getConfig 2867 0x700000f
06-11 23:44:26.119 D/OmxVideoDecoder(  474): getConfig 2870 nIndex 0x700000f
06-11 23:44:26.120 I/AmlogicVideoDecoderAwesome2(  474): [129]"getAndroidNativeBufferCrop [1920 x 1080] \n"
06-11 23:44:26.120 D/OmxVideoDecoder(  474): getConfig OMX_IndexConfigCommonOutputCrop pRect->nWidth=1920, pRect->nHeight=1080
06-11 23:44:26.120 D/OmxVideoDecoder(  474): setConfig 3009 0x7f00000c
06-11 23:44:26.120 D/OmxVideoDecoder(  474): getConfig 2867 0x7f00000c
06-11 23:44:26.120 D/OmxVideoDecoder(  474): getConfig 2867 0x7f00000c
06-11 23:44:26.120 E/OMXNodeInstance(  474): getConfig(0xf23c4438:amlogic.hevc.decoder.awesome2, ??(0x7f00000c)) ERROR: UnsupportedSetting(0x80001019)
06-11 23:44:26.121 D/OmxVideoDecoder(  474): getConfig 2867 0x7f000009
06-11 23:44:26.121 D/OmxVideoDecoder(  474): getConfig 2867 0x6f100004
06-11 23:44:26.121 V/OmxVideoDecoder(  474): VendorExt: getConfig: index=0 (4k-osd)
06-11 23:44:26.121 D/OmxVideoDecoder(  474): getConfig 2867 0x6f100004
06-11 23:44:26.121 V/OmxVideoDecoder(  474): VendorExt: getConfig: index=1 (video-trickmode)
06-11 23:44:26.121 D/OmxVideoDecoder(  474): getConfig 2867 0x6f100004
06-11 23:44:26.121 V/OmxVideoDecoder(  474): VendorExt: getConfig: index=2 (unstable-pts)
06-11 23:44:26.122 D/OmxVideoDecoder(  474): getConfig 2867 0x6f100004
06-11 23:44:26.122 V/OmxVideoDecoder(  474): VendorExt: getConfig: index=3 (is-mvc)
06-11 23:44:26.122 D/OmxVideoDecoder(  474): getConfig 2867 0x6f100004
06-11 23:44:26.122 V/OmxVideoDecoder(  474): VendorExt: getConfig: index=4 (is-flv)
06-11 23:44:26.122 D/OmxVideoDecoder(  474): getConfig 2867 0x6f100004
06-11 23:44:26.122 V/OmxVideoDecoder(  474): VendorExt: getConfig: index=5 (dvconfig-box)
06-11 23:44:26.123 D/OmxVideoDecoder(  474): getConfig 2867 0x6f100004
06-11 23:44:26.123 V/OmxVideoDecoder(  474): VendorExt: getConfig: index=6 (profile-level)
06-11 23:44:26.123 D/OmxVideoDecoder(  474): getConfig 2867 0x6f100004
06-11 23:44:26.123 V/OmxVideoDecoder(  474): VendorExt: getConfig: index=6 (profile-level)
06-11 23:44:26.123 D/OmxVideoDecoder(  474): getConfig 2867 0x6f100004
06-11 23:44:26.123 V/OmxVideoDecoder(  474): VendorExt: getConfig: index=7 (nrdp)
06-11 23:44:26.123 D/OmxVideoDecoder(  474): getConfig 2867 0x6f100004
06-11 23:44:26.123 V/OmxVideoDecoder(  474): VendorExt: getConfig: index=8 (low-latency)
06-11 23:44:26.124 D/OmxVideoDecoder(  474): getConfig 2867 0x6f100004
06-11 23:44:26.124 V/OmxVideoDecoder(  474): VendorExt: getConfig: index=9 (save-mem)
06-11 23:44:26.207 I/[11497.355725@0]  [amlv4l](    0): [231]: DW:1, TW:0, Margin:5
06-11 23:44:26.207 D/[11497.356607@0]  [amlcom](    0): vdec_create instance 0000000058f9e5ff, total 1, PM: power-domain
06-11 23:44:26.207 D/[11497.357170@0]  [media_clock](    0): hevc mux clock is 499999992 Hz
06-11 23:44:26.207 D/[11497.357393@0]  [media_clock](    0): hevc back mux clock is 499999992 Hz
06-11 23:44:26.207 I/[11497.357572@0]  [amlcom](    0): vdec_init, dev_name:ammvdec_h265_v4l, vdec_type=VDEC_TYPE_FRAME_BLOCK, format: 11, total: 1
06-11 23:44:26.207 D/[11497.358169@0]  [h265](    0): [0]pdata->config=parm_v4l_codec_enable:1;parm_v4l_buffer_margin:5;hevc_double_write_mode:1;hevc_triple_write_mode:0;hevc_buf_width:4096;hevc_buf_height:2304;save_buffer_mode:0;parm_v4l_canvas_mem_mode:0;parm_v4l_canvas_mem_endian:0;parm_v4l_low_latency_mode:0;parm_v4l_metadata_config_flag:49154;parm_v4l_duration:3840;dv_profile:0;
06-11 23:44:26.207 D/[11497.358234@0]  [h265](    0): [0]discard dv data
06-11 23:44:26.207 D/[11497.358242@0]  [h265](    0): [0]dv_profile: 0
06-11 23:44:26.213 D/[11497.363539@2]  [h265](    0): [0]dynamic_buf_num_margin=5
06-11 23:44:26.213 D/[11497.363553@2]  [h265](    0): [0]double_write_mode=1
06-11 23:44:26.213 D/[11497.363556@2]  [h265](    0): [0]nal_skip_policy=2
06-11 23:44:26.213 D/[11497.363565@2]  [h265](    0): [0]h265:pts_unstable=0
06-11 23:44:26.213 D/[11497.363569@2]  [h265](    0): [0]h265: ver (201602101,0) decinfo: 0x0 rate=3840
06-11 23:44:26.229 D/[11497.369964@2]  [h265](    0): ucode version 4.138, swap enable 1
06-11 23:44:26.229 D/[11497.370288@2]  [media_clock](    0): hevc mux clock is 799999988 Hz
06-11 23:44:26.229 D/[11497.370507@2]  [media_clock](    0): hevc back mux clock is 799999988 Hz
06-11 23:44:26.229 D/[11497.370512@2]  [amlcom](    0): hevc video changed to 3840 x 2160 60 fps clk->800MHZ
06-11 23:44:26.124 D/OmxVideoDecoder(  474): getConfig 2867 0x6f100004
06-11 23:44:26.125 V/OmxVideoDecoder(  474): VendorExt: getConfig: index=10 (videoLayer)
06-11 23:44:26.125 D/OmxVideoDecoder(  474): getConfig 2867 0x6f100004
06-11 23:44:26.125 V/OmxVideoDecoder(  474): VendorExt: getConfig: index=11 (renderByOmx)
06-11 23:44:26.125 D/OmxVideoDecoder(  474): getConfig 2867 0x6f100004
06-11 23:44:26.125 V/OmxVideoDecoder(  474): VendorExt: getConfig: index=12 (tunerhal)
06-11 23:44:26.125 D/OmxVideoDecoder(  474): getConfig 2867 0x6f100004
06-11 23:44:26.126 V/OmxVideoDecoder(  474): VendorExt: getConfig: index=12 (tunerhal)
06-11 23:44:26.126 D/OmxVideoDecoder(  474): getConfig 2867 0x6f100004
06-11 23:44:26.126 V/OmxVideoDecoder(  474): VendorExt: getConfig: index=13 (VideoQos)
06-11 23:44:26.126 D/OmxVideoDecoder(  474): getConfig 2867 0x6f100004
06-11 23:44:26.126 V/OmxVideoDecoder(  474): VendorExt: getConfig: index=14 (rotation-angle)
06-11 23:44:26.126 D/OmxVideoDecoder(  474): getConfig 2867 0x6f100004
06-11 23:44:26.126 V/OmxVideoDecoder(  474): VendorExt: getConfig: index=15 (McodecReport)
06-11 23:44:26.126 D/OmxVideoDecoder(  474): mMcodecReport=0 mPeer.get=0xf23bb000
06-11 23:44:26.127 D/OmxVideoDecoder(  474): getConfig 2867 0x6f100004
06-11 23:44:26.127 V/OmxVideoDecoder(  474): VendorExt: getConfig: index=16 (START.low-latency)
06-11 23:44:26.127 D/OmxVideoDecoder(  474): getConfig 2867 0x6f100004
06-11 23:44:26.128 I/OmxComponent(  474): OMX_CommandStateSet 850 Cmd 0 nParam1 0x2
06-11 23:44:26.128 I/OmxComponent(  474): OMX-137 STATE_SET:   OMX_StateLoaded => OMX_StateIdle : OMX.amlogic.hevc.decoder.awesome2
06-11 23:44:26.128 I/OmxComponent(  474): OMX-137 STATE_TRANS: OMX_StateLoaded => OMX_StateIdle : OMX.amlogic.hevc.decoder.awesome2
06-11 23:44:26.128 I/OmxVideoDecoder(  474): getParameter Component Name OMX.amlogic.hevc.decoder.awesome2, width 1920, height 1080 nBufferCountMin:3
06-11 23:44:26.139 D/sub_mixing_factory(  348): [out_standby_subMixingPCM:1324] out_stream(0xee269000) usecase: PCM_NORMAL
06-11 23:44:26.139 I/sub_mixing_factory(  348): [usecase_change_validate_l_sm:1170] cur dev masks:0x1, delete out usecase:PCM_NORMAL
06-11 23:44:26.139 I/sub_mixing_factory(  348): [usecase_change_validate_l_sm:1180] standby unmask usecase PCM_NORMAL
06-11 23:44:26.139 I/amlAudioMixer(  348): [delete_mixer_input_port:197] input port ID:0, type:PCM_SYSTEM, cur mask:0x1
06-11 23:44:26.141 I/system_server(  633): oneway function results will be dropped but finished with status OK and parcel size 4
06-11 23:44:26.145 I/OmxComponent(  474): OMX-137 STATE_TRANS: OMX_StateLoaded => OMX_StateIdle : OMX.amlogic.hevc.decoder.awesome2
06-11 23:44:26.147 I/chatty  (  474): uid=1046(mediacodec) ecoder.awesome2 identical 1 line
06-11 23:44:26.148 I/OmxComponent(  474): OMX-137 STATE_TRANS: OMX_StateLoaded => OMX_StateIdle : OMX.amlogic.hevc.decoder.awesome2
06-11 23:44:26.148 V/OmxVideoDecoder(  474): updatePort mUseNativeBuffers 1
06-11 23:44:26.148 V/OmxVideoDecoder(  474): nWidth=1920,nHeight=1080, nMinbufs=0
06-11 23:44:26.148 I/OmxVideoDecoder(  474): getParameter Component Name OMX.amlogic.hevc.decoder.awesome2, width 1920, height 1080 nBufferCountMin:8
06-11 23:44:26.149 V/OmxVideoDecoder(  474): updatePort mUseNativeBuffers 1
06-11 23:44:26.149 V/OmxVideoDecoder(  474): nWidth=1920,nHeight=1080, nMinbufs=0
06-11 23:44:26.149 I/OmxVideoDecoder(  474): getParameter Component Name OMX.amlogic.hevc.decoder.awesome2, width 1920, height 1080 nBufferCountMin:8
06-11 23:44:26.149 D/OmxComponent(  474): getExtensionIndex 1237 name="OMX.google.android.index.AndroidNativeBufferConsumerUsage"
06-11 23:44:26.149 D/OmxVideoDecoder(  474): setParameter 1599 0x7f00000b
06-11 23:44:26.149 D/OmxVideoDecoder(  474): OMX_GoogleAndroidIndexAndroidNativeBufferConsumerUsage 0x100
06-11 23:44:26.283 D/[11497.435240@1]  [h265](    0): [0]vh265 cached=0  need_size=16384 speed= 76 ms
06-11 23:44:26.283 D/[11497.435712@0]  [h265](    0): set ucode parse
06-11 23:44:26.283 W/        (    0): [11497.435731@0]  hevc get comp info: 64 65536 797
06-11 23:44:26.283 D/[11497.435736@0]  [h265](    0): margin = 5, sps_max_dec_pic_buffering_minus1_0 = 5
06-11 23:44:26.283 I/[11497.435757@0]  [amlv4l](    0): [231]: Parse from ucode, visible(1920 x 1080), coded(1920 x 1088), scan:P, bitdepth(8), DW/TW(1, 0)
06-11 23:44:26.283 I/[11497.435902@0]  [amlv4l](    0): [231]: Picture buffer count: dec:7, vpp:0, ge2d:0, margin:5, total:12
06-11 23:44:26.283 D/[11497.435914@0]  [amlv4l](    0): [231]: Post event: res chg
06-11 23:44:26.283 D/[11497.436972@0]  [h265](    0): [0]hevc->performance_profile 0
06-11 23:44:26.283 D/[11497.436993@0]  [h265](    0): [0]set pic_list_init_flag 1
06-11 23:44:26.283 D/[11497.437131@0]  [h265](    0): [0]init_buf_spec2 1920 1080
06-11 23:44:26.283 D/[11497.437140@0]  [h265](    0): [0]set pic_list_init_flag to 2
06-11 23:44:26.283 D/[11497.437183@0]  [h265](    0): [0]set pic_list_init_flag to 3
06-11 23:44:26.149 D/OmxVideoDecoder(  474): Use OSD layer if don't use HWC.
06-11 23:44:26.149 D/OmxComponent(  474): getExtensionIndex 1237 name="OMX.google.android.index.getAndroidNativeBufferUsage"
06-11 23:44:26.149 D/OmxVideoDecoder(  474): Get NativeBufferUsage 0xc00200
06-11 23:44:26.285 D/[11497.437188@0]  [h265](    0): [vdec_kpi][vh265_isr_thread_fn] First I frame coming.
06-11 23:44:26.150 D/SurfaceUtils( 7490): set up nativeWindow 0xbe59fc08 for 1920x1080, color 0x11, rotation 0, usage 0xc02b00
06-11 23:44:26.150 D/OmxVideoDecoder(  474): setParameter 1599 0x2000001
06-11 23:44:26.150 D/OmxVideoDecoder(  474): adaptiveplayback default set w*d: 4096*2304
06-11 23:44:26.150 W/OmxVideoDecoder(  474): 4kosd set output error, newBufferCount 13 > 12
06-11 23:44:26.150 E/OMXNodeInstance(  474): setParameter(0xf23c4438:amlogic.hevc.decoder.awesome2, ParamPortDefinition(0x2000001)) ERROR: UnsupportedSetting(0x80001019)
06-11 23:44:26.151 W/ACodec  ( 7490): [OMX.amlogic.hevc.decoder.awesome2] setting nBufferCountActual to 13 failed: -1010
06-11 23:44:26.151 D/OmxVideoDecoder(  474): setParameter 1599 0x2000001
06-11 23:44:26.151 D/OmxVideoDecoder(  474): adaptiveplayback default set w*d: 4096*2304
06-11 23:44:26.152 D/OmxVideoDecoder(  474): media.omx.display_mode=3
06-11 23:44:26.152 D/OmxVideoDecoder(  474): mjpeg vc1 wmv wmv3 force display_mode=3
06-11 23:44:26.152 D/OmxVideoDecoder(  474): choose mVideoUsedByOmx=0, mVideoUsedByThis=0, mAmVideoUsed=0
06-11 23:44:26.152 D/OmxVideoDecoder(  474): choose mDisplayMode=0
06-11 23:44:26.152 D/OmxVideoDecoder(  474): mMustOsdDisplay is true
06-11 23:44:26.152 D/OmxVideoDecoder(  474): setParameter nPortIndex 1 nFrameWidth 1920 nFrameHeight 1080 nSliceHeight 1080
06-11 23:44:26.152 V/OmxVideoDecoder(  474): updatePort mUseNativeBuffers 1
06-11 23:44:26.152 V/OmxVideoDecoder(  474): nWidth=1920,nHeight=1080, nMinbufs=0
06-11 23:44:26.153 E/OMX_AmlogicPeerBufferWrapper(  474): setVideoNativeMetadata
06-11 23:44:26.153 I/OmxComponent(  474): OMX-137 STATE_TRANS: OMX_StateLoaded => OMX_StateIdle : OMX.amlogic.hevc.decoder.awesome2
06-11 23:44:26.154 E/OMX_AmlogicPeerBufferWrapper(  474): setVideoNativeMetadata
06-11 23:44:26.154 I/OmxComponent(  474): OMX-137 STATE_TRANS: OMX_StateLoaded => OMX_StateIdle : OMX.amlogic.hevc.decoder.awesome2
06-11 23:44:26.154 E/OMX_AmlogicPeerBufferWrapper(  474): setVideoNativeMetadata
06-11 23:44:26.155 I/OmxComponent(  474): OMX-137 STATE_TRANS: OMX_StateLoaded => OMX_StateIdle : OMX.amlogic.hevc.decoder.awesome2
06-11 23:44:26.155 E/OMX_AmlogicPeerBufferWrapper(  474): setVideoNativeMetadata
06-11 23:44:26.155 I/OmxComponent(  474): OMX-137 STATE_TRANS: OMX_StateLoaded => OMX_StateIdle : OMX.amlogic.hevc.decoder.awesome2
06-11 23:44:26.156 D/stbdpc  (  397): STB_DPGetNumPaths[570]: num_paths: 1
06-11 23:44:26.156 E/OMX_AmlogicPeerBufferWrapper(  474): setVideoNativeMetadata
06-11 23:44:26.156 I/OmxComponent(  474): OMX-137 STATE_TRANS: OMX_StateLoaded => OMX_StateIdle : OMX.amlogic.hevc.decoder.awesome2
06-11 23:44:26.158 E/OMX_AmlogicPeerBufferWrapper(  474): setVideoNativeMetadata
06-11 23:44:26.158 I/OmxComponent(  474): OMX-137 STATE_TRANS: OMX_StateLoaded => OMX_StateIdle : OMX.amlogic.hevc.decoder.awesome2
06-11 23:44:26.159 E/OMX_AmlogicPeerBufferWrapper(  474): setVideoNativeMetadata
06-11 23:44:26.159 I/OmxComponent(  474): OMX-137 STATE_TRANS: OMX_StateLoaded => OMX_StateIdle : OMX.amlogic.hevc.decoder.awesome2
06-11 23:44:26.159 E/OMX_AmlogicPeerBufferWrapper(  474): setVideoNativeMetadata
06-11 23:44:26.159 I/OmxComponent(  474): OMX-137 STATE_TRANS: OMX_StateLoaded => OMX_StateIdle : OMX.amlogic.hevc.decoder.awesome2
06-11 23:44:26.160 E/OMX_AmlogicPeerBufferWrapper(  474): setVideoNativeMetadata
06-11 23:44:26.160 I/OmxComponent(  474): OMX-137 STATE_TRANS: OMX_StateLoaded => OMX_StateIdle : OMX.amlogic.hevc.decoder.awesome2
06-11 23:44:26.161 E/OMX_AmlogicPeerBufferWrapper(  474): setVideoNativeMetadata
06-11 23:44:26.161 I/OmxComponent(  474): OMX-137 STATE_TRANS: OMX_StateLoaded => OMX_StateIdle : OMX.amlogic.hevc.decoder.awesome2
06-11 23:44:26.161 E/OMX_AmlogicPeerBufferWrapper(  474): setVideoNativeMetadata
06-11 23:44:26.161 I/OmxComponent(  474): OMX-137 STATE_TRANS: OMX_StateLoaded => OMX_StateIdle : OMX.amlogic.hevc.decoder.awesome2
06-11 23:44:26.162 E/OMX_AmlogicPeerBufferWrapper(  474): setVideoNativeMetadata
06-11 23:44:26.162 I/OmxComponent(  474): OMX-137 STATE_TRANS: OMX_StateLoaded => OMX_StateIdle : OMX.amlogic.hevc.decoder.awesome2
06-11 23:44:26.162 V/AmlogicVideoDecoderAwesome2(  474): [129]acquireResources:429 >
06-11 23:44:26.162 D/AmlogicVideoDecoderAwesome2(  474): [129]"setUp mDurationUs = 40000 videoDefine.xFramerate = 1638400"
06-11 23:44:26.162 V/debugSetup(  474): media.omx.dumpRecv is disabled
06-11 23:44:26.162 V/debugSetup(  474): media.omx.dumpCodec is disabled
06-11 23:44:26.162 E/AmlogicVideoDecoderAwesome2(  474): setUp(): 1200 mOwner->isGameMode()=0
06-11 23:44:26.162 D/AmlogicVideoDecoderAwesome2(  474): [129]"vendor.media.omx.gamemode is not set used def=0\n"
06-11 23:44:26.162 I/AmlogicVideoDecoderAwesome2(  474): [129]"setUp width 1920, height 1080\n"
06-11 23:44:26.162 D/AmlogicVideoDecoderAwesome2(  474): [129]"vendor.media.omx2.dw is not set used def=1\n"
06-11 23:44:26.162 D/AmlogicVideoDecoderAwesome2(  474): [129]"vendor.media.omx2.margin is not set used def=5\n"
06-11 23:44:26.162 I/AmlogicVideoDecoderAwesome2(  474): [129]"mIsSurfacTexture 1, mDoubleWriteMode 1, default_margin:5 \n"
06-11 23:44:26.162 D/AmlogicVideoDecoderAwesome2(  474): [129]"codecInit"
06-11 23:44:26.162 V/AmlogicVideoDecoderAwesome2(  474): [129]"codecInit hevc\n"
06-11 23:44:26.162 I/resman  (  474): acquire fd:12, restype:7, preempt:1, time_out:10000, arg:
06-11 23:44:26.162 I/resman  (  474): acquire fd:12, restype:5, preempt:1, time_out:10000, arg:size:60
06-11 23:44:26.162 D/VideoDecWraper(  474): VideoDecWraper
06-11 23:44:26.162 D/VideoDecWraper(  474): initialize:mime:video/hevc
06-11 23:44:26.162 D/VideoDecWraper(  474): version 1.1 use create AmVideoDec_create
06-11 23:44:26.162 I/AmVideoDec(  474): AmVideoDec version: V3.2.159-gadbe096  (dong.liu  Tue Feb 11 11:58:24 UTC 2025), mHalInstanceID 116, mHalInstancenum 1
06-11 23:44:26.162 I/AmVideoDec(  474): vendor.mediahal.loglevels is not set used def = 1
06-11 23:44:26.162 I/AmVideoDec(  474): [0] "new VideoDec\n"
06-11 23:44:26.162 I/AmVideoDec(  474): open dec_stat fd -1
06-11 23:44:26.163 D/VideoDecWraper(  474): getAmVideoDec ok
06-11 23:44:26.163 I/AmVideoDec(  474): [0] "initialize mime video/hevc secureMode is 0\n"
06-11 23:44:26.163 I/V4l2Adaptor(  474): V4l2Adaptor::initialize flags is 0x0
06-11 23:44:26.164 D/dvb_iptv(  397): ReadEmmNetworkTask[1537]: EMM Select Timeout Occured 43
06-11 23:44:26.165 W/ResourceManagerService(  465): Ignoring request to add new resource entry with value <= 0
06-11 23:44:26.169 I/V4l2Adaptor(  474): V4l2Adaptor::onInit
06-11 23:44:26.169 I/VDA     (  474): vendor.mediahal.loglevels is not set used def = 1
06-11 23:44:26.169 I/VDA     (  474): [0] "open dec_stat fd -1, log_level_ 1\n"
06-11 23:44:26.169 I/VDA     (  474): [0] "VDA Initialize flags is 0\n"
06-11 23:44:26.169 I/VDA     (  474): VideoCodecProfileToV4L2PixFmt profile 12
06-11 23:44:26.170 I/VDA     (  474): V4L2_PIX_FMT_H265
06-11 23:44:26.183 D/CCodec  ( 7490): allocate(c2.android.aac.decoder)
06-11 23:44:26.184 V/C2Store (  477): in init
06-11 23:44:26.184 V/C2Store (  477): loading dll
06-11 23:44:26.195 I/CCodec  ( 7490): Created component [c2.android.aac.decoder]
06-11 23:44:26.196 D/CCodecConfig( 7490): read media type: audio/mp4a-latm
06-11 23:44:26.201 I/VDA     (  474): vendor.vda.disable_config is not set used def = 0
06-11 23:44:26.201 I/VDA     (  474): [0] "v4l2 private parms, magic:1437256755 len:5, adaptiveback:0 height:1920 width:1080\n"
06-11 23:44:26.202 I/VDA     (  474): [0] "not 8k use max input size\n"
