06-11 15:57:47.181 I/amlAudioMixer(  435): [delete_mixer_input_port:199] input port ID:0, type:PCM_SYSTEM, cur mask:0x1
06-11 15:57:47.203 I/appium  ( 2046): channel read: GET /session/306b6886-fbf5-43a8-a68f-05121138c05f/element/00000000-0000-0034-ffff-ffff00000054/attribute/displayed
06-11 15:57:47.204 I/appium  ( 2046): GetElementAttribute command
06-11 15:57:47.209 W/ProcessStats(  631): Tracking association SourceState{d189cd system/1000 BTopFgs #3312} whose proc state 2 is better than process ProcessState{ad95640 io.appium.settings/10065 pkg=io.appium.settings} proc state 3 (17 skipped)
06-11 15:57:47.214 I/appium  ( 2046): AppiumResponse: {"sessionId":"306b6886-fbf5-43a8-a68f-05121138c05f","value":"true"}
06-11 15:57:47.237 I/appium  ( 2046): channel read: POST /session/306b6886-fbf5-43a8-a68f-05121138c05f/element/00000000-0000-0034-ffff-ffff00000054/click
06-11 15:57:47.238 I/appium  ( 2046): Click command
06-11 15:57:47.282 W/GestureController( 2046): Gestures took longer than expected (33ms >> 16ms), device might be in a busy state.
06-11 15:57:47.282 I/appium  ( 2046): Waiting up to 10000ms for the device to idle
06-11 15:57:47.555 E/WifiVendorHal(  631): getWifiLinkLayerStats_1_6_Internal(l.1199) failed {.code = ERROR_UNKNOWN, .description = unknown}
06-11 15:57:47.774 I/appium  ( 2046): AppiumResponse: {"sessionId":"306b6886-fbf5-43a8-a68f-05121138c05f","value":null}
06-11 15:57:47.803 I/appium  ( 2046): channel read: POST /session/306b6886-fbf5-43a8-a68f-05121138c05f/appium/device/press_keycode
06-11 15:57:47.804 I/appium  ( 2046): PressKeyCode command
06-11 15:57:47.804 I/appium  ( 2046): Calling PressKeyCode... 
06-11 15:57:47.808 D/UiDevice( 2046): Pressing keycodes [66] with modifier 0.
06-11 15:57:47.826 D/WindowManager(  631): interceptKeyBeforeQueueing 
06-11 15:57:47.826 D/WindowManager(  631): keyCode: 66 down: true isWakeKey: false deviceName: Virtual KeyCode: KEYCODE_ENTER
06-11 15:57:47.826 I/IWediaGlobalKeysHelper(  631): No keys to Block
06-11 15:57:47.827 D/NavigtionSlippingUI( 1091): event.getKeyCode()=66
06-11 15:57:47.828 D/WindowManager(  631): interactive: true
06-11 15:57:47.831 D/WindowManager(  631): enter interceptKeyBeforeDispatching 1
06-11 15:57:47.832 I/IWediaGlobalKeysHelper(  631): No keys to Block
06-11 15:57:47.833 I/WindowManager(  631): cvteInterceptKeyBeforeDispatching Go in event =66
06-11 15:57:47.833 D/WindowManager(  631): enter cvteInterceptKeyBeforeDispatching onGlobalKeyEvent
06-11 15:57:47.833 D/Evan    ( 1091): onGlobalKeyEvent keycode=66
06-11 15:57:47.834 D/JioSettings(23032): a : onReceive::action::com.iwedia.inactivtytimer.INACTIVITY_RESET
06-11 15:57:47.834 D/WindowManager(  631): onGlobalKeyEvent ret = false
06-11 15:57:47.834 D/WindowManager(  631): enter interceptKeyBeforeDispatching 3
06-11 15:57:47.835 D/GlobalKeyManager(  631): handleGlobalKey 66 KeyEvent { action=ACTION_DOWN, keyCode=KEYCODE_ENTER, scanCode=0, metaState=0, flags=0x0, repeatCount=0, eventTime=17428680000000, downTime=17428680000000, deviceId=-1, source=0x101, displayId=-1 }
06-11 15:57:47.838 D/WindowManager(  631): interceptKeyBeforeQueueing 
06-11 15:57:47.838 D/WindowManager(  631): keyCode: 66 down: false isWakeKey: false deviceName: Virtual KeyCode: KEYCODE_ENTER
06-11 15:57:47.838 I/IWediaGlobalKeysHelper(  631): No keys to Block
06-11 15:57:47.839 D/NavigtionSlippingUI( 1091): event.getKeyCode()=66
06-11 15:57:47.839 D/WindowManager(  631): interactive: true
06-11 15:57:47.840 D/WindowManager(  631): enter interceptKeyBeforeDispatching 1
06-11 15:57:47.840 I/IWediaGlobalKeysHelper(  631): No keys to Block
06-11 15:57:47.840 I/WindowManager(  631): cvteInterceptKeyBeforeDispatching Go in event =66
06-11 15:57:47.840 D/WindowManager(  631): enter cvteInterceptKeyBeforeDispatching onGlobalKeyEvent
06-11 15:57:47.841 D/Evan    ( 1091): onGlobalKeyEvent keycode=66
06-11 15:57:47.841 D/JioSettings(23032): a : onReceive::action::com.iwedia.inactivtytimer.INACTIVITY_RESET
06-11 15:57:47.842 D/WindowManager(  631): onGlobalKeyEvent ret = false
06-11 15:57:47.842 D/WindowManager(  631): enter interceptKeyBeforeDispatching 3
06-11 15:57:47.843 D/GlobalKeyManager(  631): handleGlobalKey 66 KeyEvent { action=ACTION_UP, keyCode=KEYCODE_ENTER, scanCode=0, metaState=0, flags=0x0, repeatCount=0, eventTime=17428680000000, downTime=17428680000000, deviceId=-1, source=0x101, displayId=-1 }
06-11 15:57:47.876 I/appium  ( 2046): AppiumResponse: {"sessionId":"306b6886-fbf5-43a8-a68f-05121138c05f","value":null}
06-11 15:57:47.898 D/JioSettings(23032): A : nonInteractiveSleep: count::0::timeout::0
06-11 15:57:47.898 D/JioSettings(23032): A : inactivity: count::1::timeout::10680
06-11 15:57:47.900 D/JioSettings(23032): A : startScheduler::isScreenOFF::false::isMusicInProgress::false::isDreaming::false
06-11 15:57:47.900 D/JioSettings(23032): A : startScheduler::isInactivityReached::false::isInactivityOverlayShown::false
06-11 15:57:48.901 D/JioSettings(23032): A : nonInteractiveSleep: count::0::timeout::0
06-11 15:57:48.902 D/JioSettings(23032): A : inactivity: count::2::timeout::10680
06-11 15:57:48.904 D/JioSettings(23032): A : startScheduler::isScreenOFF::false::isMusicInProgress::false::isDreaming::false
06-11 15:57:48.904 D/JioSettings(23032): A : startScheduler::isInactivityReached::false::isInactivityOverlayShown::false
06-11 15:57:49.088 V/InputMethodManagerService(  631): startInputOrWindowGainedFocusInternalLocked: reason=CHECK_FOCUS client=android.os.BinderProxy@d026cc8 inputContext=null attribute=android.view.inputmethod.EditorInfo@ed43470 startInputFlags=VIEW_HAS_FOCUS|INITIAL_CONNECTION softInputMode=STATE_UNSPECIFIED|ADJUST_RESIZE windowFlags=#81810100 unverifiedTargetSdkVersion=34 imeDispatcher=android.window.ImeOnBackInvokedDispatcher@6f4a3e9
06-11 15:57:49.088 V/InputMethodManagerService(  631): Creating new accessibility sessions for client ClientState{d113ba4 uid=10083 pid=2114 displayId=0}
06-11 15:57:49.133 V/InputMethodManagerService(  631): startInputOrWindowGainedFocusInternalLocked: reason=CHECK_FOCUS client=android.os.BinderProxy@d026cc8 inputContext=null attribute=android.view.inputmethod.EditorInfo@43f7b0f startInputFlags=VIEW_HAS_FOCUS|INITIAL_CONNECTION softInputMode=STATE_UNSPECIFIED|ADJUST_RESIZE windowFlags=#81810100 unverifiedTargetSdkVersion=34 imeDispatcher=android.window.ImeOnBackInvokedDispatcher@320279c
06-11 15:57:49.133 V/InputMethodManagerService(  631): Creating new accessibility sessions for client ClientState{d113ba4 uid=10083 pid=2114 displayId=0}
06-11 15:57:49.347 V/InputMethodManagerService(  631): startInputOrWindowGainedFocusInternalLocked: reason=CHECK_FOCUS client=android.os.BinderProxy@d026cc8 inputContext=null attribute=android.view.inputmethod.EditorInfo@c982d7a startInputFlags=VIEW_HAS_FOCUS|INITIAL_CONNECTION softInputMode=STATE_UNSPECIFIED|ADJUST_RESIZE windowFlags=#81810100 unverifiedTargetSdkVersion=34 imeDispatcher=android.window.ImeOnBackInvokedDispatcher@102b92b
06-11 15:57:49.348 V/InputMethodManagerService(  631): Creating new accessibility sessions for client ClientState{d113ba4 uid=10083 pid=2114 displayId=0}
06-11 15:57:49.398 D/TrafficStats( 2114): tagSocket(156) with statsTag=0xffffffff, statsUid=-1
06-11 15:57:49.400 D/TrafficStats( 2114): tagSocket(151) with statsTag=0xffffffff, statsUid=-1
06-11 15:57:49.588 I/hwservicemanager(  234): getTransport: Cannot find entry android.hardware.ir@1.0::IConsumerIr/default in either framework or device VINTF manifest.
06-11 15:57:49.591 E/ConsumerIrService( 2314): hw_get_module consumerir failed: -2
06-11 15:57:49.599 E/HidlServiceManagement( 2314): Could not find instance 'default' in library android.hardware.ir@1.0-impl.so. Keeping library open.
06-11 15:57:49.599 E/LegacySupport( 2314): Could not get passthrough implementation for android.hardware.ir@1.0::IConsumerIr/default.
06-11 15:57:49.904 D/JioSettings(23032): A : nonInteractiveSleep: count::0::timeout::0
06-11 15:57:49.905 D/JioSettings(23032): A : inactivity: count::3::timeout::10680
06-11 15:57:49.910 D/JioSettings(23032): A : startScheduler::isScreenOFF::false::isMusicInProgress::false::isDreaming::false
06-11 15:57:49.910 D/JioSettings(23032): A : startScheduler::isInactivityReached::false::isInactivityOverlayShown::false
06-11 15:57:49.914 I/appium  ( 2046): channel read: POST /session/306b6886-fbf5-43a8-a68f-05121138c05f/element
06-11 15:57:49.915 I/appium  ( 2046): FindElement command
06-11 15:57:49.918 I/appium  ( 2046): method: 'xpath', selector: '//android.widget.TextView[@resource-id='in.startv.hotstar:id/title']'
06-11 15:57:49.918 I/appium  ( 2046): Waiting up to 10000ms for the device to idle
06-11 15:57:49.937 D/JioAppOptimizer( 1587): AppOptimizerService :: handleMessage() : Foreground Package=in.startv.hotstar
06-11 15:57:49.937 D/JioAppOptimizer( 1587): AppOptimizerService :: handleMessage() : Free memory available in MB : 708.02734375
06-11 15:57:50.057 W/sdknativeservic(  565): type=1400 audit(0.0:19999): avc: denied { dac_read_search } for capability=2 scontext=u:r:sdknativeservice:s0 tcontext=u:r:sdknativeservice:s0 tclass=capability permissive=0
06-11 15:57:50.057 W/sdknativeservic(  565): type=1400 audit(0.0:20000): avc: denied { dac_override } for capability=1 scontext=u:r:sdknativeservice:s0 tcontext=u:r:sdknativeservice:s0 tclass=capability permissive=0
06-11 15:57:50.063 W/[17430.938546@0]  audit(    0): audit_lost=18206 audit_rate_limit=5 audit_backlog_limit=64
06-11 15:57:50.063 E/[17430.938554@0]  audit(    0): rate limit exceeded
06-11 15:57:50.057 W/sdknativeservic(  565): type=1400 audit(0.0:20001): avc: denied { dac_read_search } for capability=2 scontext=u:r:sdknativeservice:s0 tcontext=u:r:sdknativeservice:s0 tclass=capability permissive=0
06-11 15:57:50.057 W/sdknativeservic(  565): type=1400 audit(0.0:20002): avc: denied { dac_override } for capability=1 scontext=u:r:sdknativeservice:s0 tcontext=u:r:sdknativeservice:s0 tclass=capability permissive=0
06-11 15:57:50.057 W/sdknativeservic(  565): type=1400 audit(0.0:20003): avc: denied { read } for name="com.iwedia.comedia.service" dev="dm-8" ino=87635 scontext=u:r:sdknativeservice:s0 tcontext=u:object_r:system_app_data_file:s0 tclass=dir permissive=0
06-11 15:57:50.057 W/sdknativeservic(  565): type=1400 audit(0.0:20004): avc: denied { dac_read_search } for capability=2 scontext=u:r:sdknativeservice:s0 tcontext=u:r:sdknativeservice:s0 tclass=capability permissive=0
06-11 15:57:50.057 W/sdknativeservic(  565): type=1400 audit(0.0:20005): avc: denied { dac_override } for capability=1 scontext=u:r:sdknativeservice:s0 tcontext=u:r:sdknativeservice:s0 tclass=capability permissive=0
06-11 15:57:50.057 W/sdknativeservic(  565): type=1400 audit(0.0:20006): avc: denied { dac_read_search } for capability=2 scontext=u:r:sdknativeservice:s0 tcontext=u:r:sdknativeservice:s0 tclass=capability permissive=0
06-11 15:57:50.069 I/JioSDK_InodeUsageHelper(  565): InodeUsageHelper::reading /data/data/ directory completed
06-11 15:57:50.312 I/appium  ( 2046): The following attributes will be included to the page source: [resource-id]
06-11 15:57:50.355 I/tomator2.server( 2046): Method exceeds compiler instruction limit: 19264 in java_cup.runtime.Symbol org.eclipse.wst.xml.xpath2.processor.internal.CUP$XPathCup$actions.CUP$XPathCup$do_action(int, java_cup.runtime.lr_parser, java.util.Stack, int)
06-11 15:57:50.566 E/WifiVendorHal(  631): getWifiLinkLayerStats_1_6_Internal(l.1199) failed {.code = ERROR_UNKNOWN, .description = unknown}
06-11 15:57:50.750 I/.startv.hotstar( 2114): Background concurrent copying GC freed 593570(28MB) AllocSpace objects, 199(6160KB) LOS objects, 49% free, 14MB/28MB, paused 250us,96us total 389.544ms
06-11 15:57:50.767 W/System  ( 2114): A resource failed to call close. 
06-11 15:57:50.768 W/System  ( 2114): A resource failed to call close. 
06-11 15:57:50.827 I/appium  ( 2046): Took 0ms to retrieve 1 matches for '//android.widget.TextView[@resource-id='in.startv.hotstar:id/title']' XPath2 query
06-11 15:57:50.832 I/appium  ( 2046): AppiumResponse: {"sessionId":"306b6886-fbf5-43a8-a68f-05121138c05f","value":{"ELEMENT":"00000000-0000-0034-ffff-ffff000000ae","element-6066-11e4-a52e-4f735466cecf":"00000000-0000-0034-ffff-ffff000000ae"}}
06-11 15:57:50.863 I/appium  ( 2046): channel read: GET /session/306b6886-fbf5-43a8-a68f-05121138c05f/element/00000000-0000-0034-ffff-ffff000000ae/attribute/displayed
06-11 15:57:50.865 I/appium  ( 2046): GetElementAttribute command
06-11 15:57:50.872 I/appium  ( 2046): AppiumResponse: {"sessionId":"306b6886-fbf5-43a8-a68f-05121138c05f","value":"true"}
06-11 15:57:50.906 I/appium  ( 2046): channel read: GET /session/306b6886-fbf5-43a8-a68f-05121138c05f/element/00000000-0000-0034-ffff-ffff000000ae/attribute/displayed
06-11 15:57:50.908 I/appium  ( 2046): GetElementAttribute command
06-11 15:57:50.911 D/JioSettings(23032): A : nonInteractiveSleep: count::0::timeout::0
06-11 15:57:50.911 D/JioSettings(23032): A : inactivity: count::4::timeout::10680
06-11 15:57:50.913 D/JioSettings(23032): A : startScheduler::isScreenOFF::false::isMusicInProgress::false::isDreaming::false
06-11 15:57:50.913 D/JioSettings(23032): A : startScheduler::isInactivityReached::false::isInactivityOverlayShown::false
06-11 15:57:50.918 I/appium  ( 2046): AppiumResponse: {"sessionId":"306b6886-fbf5-43a8-a68f-05121138c05f","value":"true"}
06-11 15:57:50.948 I/appium  ( 2046): channel read: POST /session/306b6886-fbf5-43a8-a68f-05121138c05f/appium/device/press_keycode
06-11 15:57:50.949 I/appium  ( 2046): PressKeyCode command
06-11 15:57:50.949 I/appium  ( 2046): Calling PressKeyCode... 
06-11 15:57:50.951 D/UiDevice( 2046): Pressing keycodes [4] with modifier 0.
06-11 15:57:50.958 D/WindowManager(  631): interceptKeyBeforeQueueing 
06-11 15:57:50.959 D/WindowManager(  631): keyCode: 4 down: true isWakeKey: false deviceName: Virtual KeyCode: KEYCODE_BACK
06-11 15:57:50.959 I/IWediaGlobalKeysHelper(  631): No keys to Block
06-11 15:57:50.959 D/NavigtionSlippingUI( 1091): event.getKeyCode()=4
06-11 15:57:50.960 D/WindowManager(  631): interactive: true
06-11 15:57:50.961 D/WindowManager(  631): enter interceptKeyBeforeDispatching 1
06-11 15:57:50.961 I/IWediaGlobalKeysHelper(  631): No keys to Block
06-11 15:57:50.961 I/WindowManager(  631): cvteInterceptKeyBeforeDispatching Go in event =4
06-11 15:57:50.961 D/WindowManager(  631): enter cvteInterceptKeyBeforeDispatching onGlobalKeyEvent
06-11 15:57:50.962 D/Evan    ( 1091): onGlobalKeyEvent keycode=4
06-11 15:57:50.963 D/JioSettings(23032): a : onReceive::action::com.iwedia.inactivtytimer.INACTIVITY_RESET
06-11 15:57:50.963 D/WindowManager(  631): onGlobalKeyEvent ret = false
06-11 15:57:50.963 D/WindowManager(  631): enter interceptKeyBeforeDispatching 3
06-11 15:57:50.963 D/GlobalKeyManager(  631): handleGlobalKey 4 KeyEvent { action=ACTION_DOWN, keyCode=KEYCODE_BACK, scanCode=0, metaState=0, flags=0x0, repeatCount=0, eventTime=17431824000000, downTime=17431824000000, deviceId=-1, source=0x101, displayId=-1 }
06-11 15:57:50.969 D/WindowManager(  631): interceptKeyBeforeQueueing 
06-11 15:57:50.969 D/WindowManager(  631): keyCode: 4 down: false isWakeKey: false deviceName: Virtual KeyCode: KEYCODE_BACK
06-11 15:57:50.969 I/IWediaGlobalKeysHelper(  631): No keys to Block
06-11 15:57:50.969 D/NavigtionSlippingUI( 1091): event.getKeyCode()=4
06-11 15:57:50.969 D/WindowManager(  631): interactive: true
06-11 15:57:50.970 D/AutofillManagerService(  631): onBackKeyPressed()
06-11 15:57:50.970 D/WindowManager(  631): enter interceptKeyBeforeDispatching 1
06-11 15:57:50.970 I/IWediaGlobalKeysHelper(  631): No keys to Block
06-11 15:57:50.970 I/WindowManager(  631): cvteInterceptKeyBeforeDispatching Go in event =4
06-11 15:57:50.970 D/WindowManager(  631): enter cvteInterceptKeyBeforeDispatching onGlobalKeyEvent
06-11 15:57:50.971 D/Evan    ( 1091): onGlobalKeyEvent keycode=4
06-11 15:57:50.971 D/JioSettings(23032): a : onReceive::action::com.iwedia.inactivtytimer.INACTIVITY_RESET
06-11 15:57:50.972 D/WindowManager(  631): onGlobalKeyEvent ret = false
06-11 15:57:50.972 D/WindowManager(  631): enter interceptKeyBeforeDispatching 3
06-11 15:57:50.972 D/GlobalKeyManager(  631): handleGlobalKey 4 KeyEvent { action=ACTION_UP, keyCode=KEYCODE_BACK, scanCode=0, metaState=0, flags=0x0, repeatCount=0, eventTime=17431824000000, downTime=17431824000000, deviceId=-1, source=0x101, displayId=-1 }
06-11 15:57:50.980 V/InputMethodManagerService(  631): startInputOrWindowGainedFocusInternalLocked: reason=CHECK_FOCUS client=android.os.BinderProxy@d026cc8 inputContext=null attribute=android.view.inputmethod.EditorInfo@fbd2c64 startInputFlags=VIEW_HAS_FOCUS|INITIAL_CONNECTION softInputMode=STATE_UNSPECIFIED|ADJUST_RESIZE windowFlags=#81810100 unverifiedTargetSdkVersion=34 imeDispatcher=android.window.ImeOnBackInvokedDispatcher@6a8ecd
06-11 15:57:50.980 V/InputMethodManagerService(  631): Creating new accessibility sessions for client ClientState{d113ba4 uid=10083 pid=2114 displayId=0}
06-11 15:57:50.990 W/TransactionTracing(  285): Could not find layer id -1
06-11 15:57:50.993 I/appium  ( 2046): AppiumResponse: {"sessionId":"306b6886-fbf5-43a8-a68f-05121138c05f","value":null}
06-11 15:57:51.032 I/appium  ( 2046): channel read: POST /session/306b6886-fbf5-43a8-a68f-05121138c05f/elements
06-11 15:57:51.033 I/appium  ( 2046): FindElements command
06-11 15:57:51.035 I/appium  ( 2046): method: 'xpath', selector: '//android.widget.TextView[@resource-id='in.startv.hotstar:id/tv_title']'
06-11 15:57:51.035 I/appium  ( 2046): Waiting up to 10000ms for the device to idle
06-11 15:57:51.298 V/HotPlugDetectionAction(  631): Poll all devices.
06-11 15:57:51.489 D/[53    ] JioAccount-ADC(  975): com.jio.adc.core.b$3 run> Unbinding
06-11 15:57:51.718 I/appium  ( 2046): The following attributes will be included to the page source: [resource-id]
06-11 15:57:51.915 D/JioSettings(23032): A : nonInteractiveSleep: count::0::timeout::0
06-11 15:57:51.915 D/JioSettings(23032): A : inactivity: count::1::timeout::10680
06-11 15:57:51.917 D/JioSettings(23032): A : startScheduler::isScreenOFF::false::isMusicInProgress::false::isDreaming::false
06-11 15:57:51.917 D/JioSettings(23032): A : startScheduler::isInactivityReached::false::isInactivityOverlayShown::false
06-11 15:57:52.085 D/HDMI    (  631): [P]:AllocatedAddress=[]
06-11 15:57:52.266 D/TvInput_TvService( 1815): Tick, set current Date/Time.
06-11 15:57:52.278 I/appium  ( 2046): Took 1ms to retrieve 15 matches for '//android.widget.TextView[@resource-id='in.startv.hotstar:id/tv_title']' XPath2 query
06-11 15:57:52.285 I/appium  ( 2046): Caching 15 found elements
06-11 15:57:52.296 I/appium  ( 2046): Cached 15 elements
06-11 15:57:52.301 I/appium  ( 2046): AppiumResponse: {"sessionId":"306b6886-fbf5-43a8-a68f-05121138c05f","value":[{"ELEMENT":"00000000-0000-0034-ffff-ffff00000022","element-6066-11e4-a52e-4f735466cecf":"00000000-0000-0034-ffff-ffff00000022"},{"ELEMENT":"00000000-0000-0034-ffff-ffff00000027","element-6066-11e4-a52e-4f735466cecf":"00000000-0000-0034-fff
06-11 15:57:52.331 I/appium  ( 2046): channel read: GET /session/306b6886-fbf5-43a8-a68f-05121138c05f/element/00000000-0000-0034-ffff-ffff00000022/attribute/displayed
06-11 15:57:52.333 I/appium  ( 2046): GetElementAttribute command
06-11 15:57:52.345 I/appium  ( 2046): AppiumResponse: {"sessionId":"306b6886-fbf5-43a8-a68f-05121138c05f","value":"true"}
06-11 15:57:52.376 I/appium  ( 2046): channel read: GET /session/306b6886-fbf5-43a8-a68f-05121138c05f/element/00000000-0000-0034-ffff-ffff00000027/attribute/displayed
06-11 15:57:52.378 I/appium  ( 2046): GetElementAttribute command
06-11 15:57:52.387 I/appium  ( 2046): AppiumResponse: {"sessionId":"306b6886-fbf5-43a8-a68f-05121138c05f","value":"true"}
06-11 15:57:52.417 I/appium  ( 2046): channel read: GET /session/306b6886-fbf5-43a8-a68f-05121138c05f/element/00000000-0000-0034-ffff-ffff0000002c/attribute/displayed
06-11 15:57:52.419 I/appium  ( 2046): GetElementAttribute command
06-11 15:57:52.435 I/appium  ( 2046): AppiumResponse: {"sessionId":"306b6886-fbf5-43a8-a68f-05121138c05f","value":"true"}
06-11 15:57:52.463 I/appium  ( 2046): channel read: GET /session/306b6886-fbf5-43a8-a68f-05121138c05f/element/00000000-0000-0034-ffff-ffff00000031/attribute/displayed
06-11 15:57:52.464 I/appium  ( 2046): GetElementAttribute command
06-11 15:57:52.471 I/appium  ( 2046): AppiumResponse: {"sessionId":"306b6886-fbf5-43a8-a68f-05121138c05f","value":"true"}
06-11 15:57:52.509 I/appium  ( 2046): channel read: GET /session/306b6886-fbf5-43a8-a68f-05121138c05f/element/00000000-0000-0034-ffff-ffff00000036/attribute/displayed
06-11 15:57:52.511 I/appium  ( 2046): GetElementAttribute command
06-11 15:57:52.520 I/appium  ( 2046): AppiumResponse: {"sessionId":"306b6886-fbf5-43a8-a68f-05121138c05f","value":"true"}
06-11 15:57:52.553 I/appium  ( 2046): channel read: GET /session/306b6886-fbf5-43a8-a68f-05121138c05f/element/00000000-0000-0034-ffff-ffff0000003b/attribute/displayed
06-11 15:57:52.555 I/appium  ( 2046): GetElementAttribute command
06-11 15:57:52.569 I/appium  ( 2046): AppiumResponse: {"sessionId":"306b6886-fbf5-43a8-a68f-05121138c05f","value":"true"}
06-11 15:57:52.603 I/appium  ( 2046): channel read: GET /session/306b6886-fbf5-43a8-a68f-05121138c05f/element/00000000-0000-0034-ffff-ffff00000040/attribute/displayed
06-11 15:57:52.604 I/appium  ( 2046): GetElementAttribute command
06-11 15:57:52.623 I/appium  ( 2046): AppiumResponse: {"sessionId":"306b6886-fbf5-43a8-a68f-05121138c05f","value":"true"}
06-11 15:57:52.653 I/appium  ( 2046): channel read: GET /session/306b6886-fbf5-43a8-a68f-05121138c05f/element/00000000-0000-0034-ffff-ffff00000045/attribute/displayed
06-11 15:57:52.654 I/appium  ( 2046): GetElementAttribute command
06-11 15:57:52.671 I/appium  ( 2046): AppiumResponse: {"sessionId":"306b6886-fbf5-43a8-a68f-05121138c05f","value":"true"}
06-11 15:57:52.706 I/appium  ( 2046): channel read: GET /session/306b6886-fbf5-43a8-a68f-05121138c05f/element/00000000-0000-0034-ffff-ffff000000b5/attribute/displayed
06-11 15:57:52.712 I/appium  ( 2046): GetElementAttribute command
06-11 15:57:52.721 I/appium  ( 2046): AppiumResponse: {"sessionId":"306b6886-fbf5-43a8-a68f-05121138c05f","value":"true"}
06-11 15:57:52.748 I/appium  ( 2046): channel read: GET /session/306b6886-fbf5-43a8-a68f-05121138c05f/element/00000000-0000-0034-ffff-ffff000000ba/attribute/displayed
06-11 15:57:52.749 I/appium  ( 2046): GetElementAttribute command
06-11 15:57:52.759 I/appium  ( 2046): AppiumResponse: {"sessionId":"306b6886-fbf5-43a8-a68f-05121138c05f","value":"true"}
06-11 15:57:52.789 I/appium  ( 2046): channel read: GET /session/306b6886-fbf5-43a8-a68f-05121138c05f/element/00000000-0000-0034-ffff-ffff000000bf/attribute/displayed
06-11 15:57:52.790 I/appium  ( 2046): GetElementAttribute command
06-11 15:57:52.805 I/appium  ( 2046): AppiumResponse: {"sessionId":"306b6886-fbf5-43a8-a68f-05121138c05f","value":"true"}
06-11 15:57:52.837 I/appium  ( 2046): channel read: GET /session/306b6886-fbf5-43a8-a68f-05121138c05f/element/00000000-0000-0034-ffff-ffff000000c4/attribute/displayed
06-11 15:57:52.838 I/appium  ( 2046): GetElementAttribute command
06-11 15:57:52.854 I/appium  ( 2046): AppiumResponse: {"sessionId":"306b6886-fbf5-43a8-a68f-05121138c05f","value":"true"}
06-11 15:57:52.887 I/appium  ( 2046): channel read: GET /session/306b6886-fbf5-43a8-a68f-05121138c05f/element/00000000-0000-0034-ffff-ffff000000c9/attribute/displayed
06-11 15:57:52.888 I/appium  ( 2046): GetElementAttribute command
06-11 15:57:52.903 I/appium  ( 2046): AppiumResponse: {"sessionId":"306b6886-fbf5-43a8-a68f-05121138c05f","value":"true"}
06-11 15:57:52.919 D/JioSettings(23032): A : nonInteractiveSleep: count::0::timeout::0
06-11 15:57:52.919 D/JioSettings(23032): A : inactivity: count::2::timeout::10680
06-11 15:57:52.921 D/JioSettings(23032): A : startScheduler::isScreenOFF::false::isMusicInProgress::false::isDreaming::false
06-11 15:57:52.921 D/JioSettings(23032): A : startScheduler::isInactivityReached::false::isInactivityOverlayShown::false
06-11 15:57:52.932 I/appium  ( 2046): channel read: GET /session/306b6886-fbf5-43a8-a68f-05121138c05f/element/00000000-0000-0034-ffff-ffff000000ce/attribute/displayed
06-11 15:57:52.933 I/appium  ( 2046): GetElementAttribute command
06-11 15:57:52.942 I/appium  ( 2046): AppiumResponse: {"sessionId":"306b6886-fbf5-43a8-a68f-05121138c05f","value":"true"}
06-11 15:57:52.966 I/appium  ( 2046): channel read: GET /session/306b6886-fbf5-43a8-a68f-05121138c05f/element/00000000-0000-0034-ffff-ffff000000d3/attribute/displayed
06-11 15:57:52.967 I/appium  ( 2046): GetElementAttribute command
06-11 15:57:52.977 I/appium  ( 2046): AppiumResponse: {"sessionId":"306b6886-fbf5-43a8-a68f-05121138c05f","value":"true"}
06-11 15:57:53.004 I/appium  ( 2046): channel read: GET /session/306b6886-fbf5-43a8-a68f-05121138c05f/element/00000000-0000-0034-ffff-ffff00000022/text
06-11 15:57:53.005 I/appium  ( 2046): GetText command
06-11 15:57:53.023 I/appium  ( 2046): AppiumResponse: {"sessionId":"306b6886-fbf5-43a8-a68f-05121138c05f","value":"Home"}
06-11 15:57:53.053 I/appium  ( 2046): channel read: GET /session/306b6886-fbf5-43a8-a68f-05121138c05f/element/00000000-0000-0034-ffff-ffff00000027/text
06-11 15:57:53.054 I/appium  ( 2046): GetText command
06-11 15:57:53.069 I/appium  ( 2046): AppiumResponse: {"sessionId":"306b6886-fbf5-43a8-a68f-05121138c05f","value":"Search"}
06-11 15:57:53.098 I/appium  ( 2046): channel read: POST /session/306b6886-fbf5-43a8-a68f-05121138c05f/element/00000000-0000-0034-ffff-ffff00000027/click
06-11 15:57:53.099 I/appium  ( 2046): Click command
06-11 15:57:53.139 V/InputMethodManagerService(  631): startInputOrWindowGainedFocusInternalLocked: reason=CHECK_FOCUS client=android.os.BinderProxy@d026cc8 inputContext=null attribute=android.view.inputmethod.EditorInfo@131fa93 startInputFlags=VIEW_HAS_FOCUS|INITIAL_CONNECTION softInputMode=STATE_UNSPECIFIED|ADJUST_RESIZE windowFlags=#81810100 unverifiedTargetSdkVersion=34 imeDispatcher=android.window.ImeOnBackInvokedDispatcher@d52aad0
06-11 15:57:53.139 V/InputMethodManagerService(  631): Creating new accessibility sessions for client ClientState{d113ba4 uid=10083 pid=2114 displayId=0}
06-11 15:57:53.151 W/GestureController( 2046): Gestures took longer than expected (44ms >> 16ms), device might be in a busy state.
06-11 15:57:53.151 I/appium  ( 2046): Waiting up to 10000ms for the device to idle
06-11 15:57:53.579 E/WifiVendorHal(  631): getWifiLinkLayerStats_1_6_Internal(l.1199) failed {.code = ERROR_UNKNOWN, .description = unknown}
06-11 15:57:53.842 I/appium  ( 2046): AppiumResponse: {"sessionId":"306b6886-fbf5-43a8-a68f-05121138c05f","value":null}
06-11 15:57:53.875 I/appium  ( 2046): channel read: GET /session/306b6886-fbf5-43a8-a68f-05121138c05f/element/00000000-0000-0034-ffff-ffff00000027/text
06-11 15:57:53.877 I/appium  ( 2046): GetText command
06-11 15:57:53.888 I/appium  ( 2046): AppiumResponse: {"sessionId":"306b6886-fbf5-43a8-a68f-05121138c05f","value":"Search"}
06-11 15:57:53.921 I/appium  ( 2046): channel read: POST /session/306b6886-fbf5-43a8-a68f-05121138c05f/appium/device/press_keycode
06-11 15:57:53.921 D/JioSettings(23032): A : nonInteractiveSleep: count::0::timeout::0
06-11 15:57:53.922 D/JioSettings(23032): A : inactivity: count::3::timeout::10680
06-11 15:57:53.924 I/appium  ( 2046): PressKeyCode command
06-11 15:57:53.924 I/appium  ( 2046): Calling PressKeyCode... 
06-11 15:57:53.924 D/JioSettings(23032): A : startScheduler::isScreenOFF::false::isMusicInProgress::false::isDreaming::false
06-11 15:57:53.926 D/JioSettings(23032): A : startScheduler::isInactivityReached::false::isInactivityOverlayShown::false
06-11 15:57:53.929 D/UiDevice( 2046): Pressing keycodes [66] with modifier 0.
06-11 15:57:53.940 D/WindowManager(  631): interceptKeyBeforeQueueing 
06-11 15:57:53.941 D/WindowManager(  631): keyCode: 66 down: true isWakeKey: false deviceName: Virtual KeyCode: KEYCODE_ENTER
06-11 15:57:53.941 I/IWediaGlobalKeysHelper(  631): No keys to Block
06-11 15:57:53.941 D/NavigtionSlippingUI( 1091): event.getKeyCode()=66
06-11 15:57:53.942 D/WindowManager(  631): interactive: true
06-11 15:57:53.944 D/WindowManager(  631): enter interceptKeyBeforeDispatching 1
06-11 15:57:53.945 I/IWediaGlobalKeysHelper(  631): No keys to Block
06-11 15:57:53.945 I/WindowManager(  631): cvteInterceptKeyBeforeDispatching Go in event =66
06-11 15:57:53.945 D/WindowManager(  631): enter cvteInterceptKeyBeforeDispatching onGlobalKeyEvent
06-11 15:57:53.945 D/Evan    ( 1091): onGlobalKeyEvent keycode=66
06-11 15:57:53.946 D/WindowManager(  631): onGlobalKeyEvent ret = false
06-11 15:57:53.946 D/WindowManager(  631): enter interceptKeyBeforeDispatching 3
06-11 15:57:53.946 D/JioSettings(23032): a : onReceive::action::com.iwedia.inactivtytimer.INACTIVITY_RESET
06-11 15:57:53.946 D/GlobalKeyManager(  631): handleGlobalKey 66 KeyEvent { action=ACTION_DOWN, keyCode=KEYCODE_ENTER, scanCode=0, metaState=0, flags=0x0, repeatCount=0, eventTime=17434802000000, downTime=17434802000000, deviceId=-1, source=0x101, displayId=-1 }
06-11 15:57:53.950 D/WindowManager(  631): interceptKeyBeforeQueueing 
06-11 15:57:53.950 D/WindowManager(  631): keyCode: 66 down: false isWakeKey: false deviceName: Virtual KeyCode: KEYCODE_ENTER
06-11 15:57:53.950 I/IWediaGlobalKeysHelper(  631): No keys to Block
06-11 15:57:53.951 D/NavigtionSlippingUI( 1091): event.getKeyCode()=66
06-11 15:57:53.951 D/WindowManager(  631): interactive: true
06-11 15:57:53.952 D/WindowManager(  631): enter interceptKeyBeforeDispatching 1
06-11 15:57:53.952 I/IWediaGlobalKeysHelper(  631): No keys to Block
06-11 15:57:53.952 I/WindowManager(  631): cvteInterceptKeyBeforeDispatching Go in event =66
06-11 15:57:53.952 D/WindowManager(  631): enter cvteInterceptKeyBeforeDispatching onGlobalKeyEvent
06-11 15:57:53.953 D/JioSettings(23032): a : onReceive::action::com.iwedia.inactivtytimer.INACTIVITY_RESET
06-11 15:57:53.953 D/Evan    ( 1091): onGlobalKeyEvent keycode=66
06-11 15:57:53.954 D/WindowManager(  631): onGlobalKeyEvent ret = false
06-11 15:57:53.954 D/WindowManager(  631): enter interceptKeyBeforeDispatching 3
06-11 15:57:53.954 D/GlobalKeyManager(  631): handleGlobalKey 66 KeyEvent { action=ACTION_UP, keyCode=KEYCODE_ENTER, scanCode=0, metaState=0, flags=0x0, repeatCount=0, eventTime=17434802000000, downTime=17434802000000, deviceId=-1, source=0x101, displayId=-1 }
06-11 15:57:53.975 I/appium  ( 2046): AppiumResponse: {"sessionId":"306b6886-fbf5-43a8-a68f-05121138c05f","value":null}
06-11 15:57:54.040 D/CompatibilityChangeReporter( 2114): Compat change id reported: 171228096; UID 10083; state: ENABLED
06-11 15:57:54.063 W/SoundPool( 2114): Use of stream types is deprecated for operations other than volume control
06-11 15:57:54.063 W/SoundPool( 2114): See the documentation of SoundPool() for what to use instead with android.media.AudioAttributes to qualify your playback use case
06-11 15:57:54.066 I/appium  ( 2046): channel read: POST /session/306b6886-fbf5-43a8-a68f-05121138c05f/element
06-11 15:57:54.067 I/appium  ( 2046): FindElement command
06-11 15:57:54.069 I/appium  ( 2046): method: 'xpath', selector: '//android.widget.EditText[@resource-id='in.startv.hotstar:id/search_bar']'
06-11 15:57:54.069 I/appium  ( 2046): Waiting up to 10000ms for the device to idle
06-11 15:57:54.075 I/AmFFmpegByteIOAdapter(  552): File size : 4530
06-11 15:57:54.075 I/AmFFmpegByteIOAdapter(  552): File size : 4074
06-11 15:57:54.077 W/exFFmpeg(  552): Invalid return value 0 for stream protocol
06-11 15:57:54.077 W/exFFmpeg(  552): Invalid return value 0 for stream protocol
06-11 15:57:54.077 W/exFFmpeg(  552): Invalid return value 0 for stream protocol
06-11 15:57:54.077 W/exFFmpeg(  552): Invalid return value 0 for stream protocol
06-11 15:57:54.078 I/AmFFmpegExtractor(  552): checkInList: iswhite:0, mime:audio/ogg, type:1, id:86021 tag:0
06-11 15:57:54.078 I/AmFFmpegExtractor(  552): checkInList: iswhite:1, mime:audio/ogg, type:1, id:86021 tag:0
06-11 15:57:54.078 E/AmFFmpegExtractor(  552): codec_ctx->properties: 0
06-11 15:57:54.078 I/AmFFmpegExtractor(  552): checkSupportInList ret 1
06-11 15:57:54.080 V/InputMethodManagerService(  631): startInputOrWindowGainedFocusInternalLocked: reason=CHECK_FOCUS client=android.os.BinderProxy@d026cc8 inputContext=null attribute=android.view.inputmethod.EditorInfo@d2545ce startInputFlags=VIEW_HAS_FOCUS|INITIAL_CONNECTION softInputMode=STATE_UNSPECIFIED|ADJUST_RESIZE windowFlags=#81810100 unverifiedTargetSdkVersion=34 imeDispatcher=android.window.ImeOnBackInvokedDispatcher@f77acef
06-11 15:57:54.081 V/InputMethodManagerService(  631): Creating new accessibility sessions for client ClientState{d113ba4 uid=10083 pid=2114 displayId=0}
06-11 15:57:54.085 I/AmFFmpegExtractor(  552): checkInList: iswhite:0, mime:audio/ogg, type:1, id:86021 tag:0
06-11 15:57:54.085 I/AmFFmpegExtractor(  552): checkInList: iswhite:1, mime:audio/ogg, type:1, id:86021 tag:0
06-11 15:57:54.085 E/AmFFmpegExtractor(  552): codec_ctx->properties: 0
06-11 15:57:54.085 I/AmFFmpegExtractor(  552): checkSupportInList ret 1
06-11 15:57:54.087 D/InputMethodManagerService(  631): --- calledFromForegroundUserOrSystemProcess ? calling uid = 10083 system uid = 1000 calling userId = 0, foreground user id = 0, calling pid = 2114com.android.server.inputmethod.InputMethodManagerService.hideSoftInput(InputMethodManagerService.java:3734)
06-11 15:57:54.087 V/InputMethodManagerService(  631): Client requesting input be hidden
06-11 15:57:54.088 I/AmFFmpegExtractor(  552): checkInList: iswhite:0, mime:audio/ogg, type:1, id:86021 tag:0
06-11 15:57:54.088 I/AmFFmpegExtractor(  552): checkInList: iswhite:1, mime:audio/ogg, type:1, id:86021 tag:0
06-11 15:57:54.088 E/AmFFmpegExtractor(  552): codec_ctx->properties: 0
06-11 15:57:54.088 I/AmFFmpegExtractor(  552): checkSupportInList ret 0
06-11 15:57:54.088 E/AmFFmpegExtractor(  552): vendor do not support
06-11 15:57:54.089 I/AmFFmpegExtractor(  552): checkInList: iswhite:0, mime:audio/ogg, type:1, id:86021 tag:0
06-11 15:57:54.090 I/AmFFmpegExtractor(  552): checkInList: iswhite:1, mime:audio/ogg, type:1, id:86021 tag:0
06-11 15:57:54.090 E/AmFFmpegExtractor(  552): codec_ctx->properties: 0
06-11 15:57:54.090 I/AmFFmpegExtractor(  552): checkSupportInList ret 0
06-11 15:57:54.090 E/AmFFmpegExtractor(  552): vendor do not support
06-11 15:57:54.101 D/MediaCodecList( 2114): codecHandlesFormat: no format, so no extra checks
06-11 15:57:54.104 D/MediaCodecList( 2114): codecHandlesFormat: no format, so no extra checks
06-11 15:57:54.109 D/CCodec  ( 2114): allocate(c2.android.vorbis.decoder)
06-11 15:57:54.110 V/C2Store (  577): in init
06-11 15:57:54.110 V/C2Store (  577): loading dll
06-11 15:57:54.113 I/CCodec  ( 2114): Created component [c2.android.vorbis.decoder]
06-11 15:57:54.114 D/CCodecConfig( 2114): read media type: audio/vorbis
06-11 15:57:54.118 D/ReflectedParamUpdater( 2114): extent() != 1 for single value type: algo.buffers.max-count.values
06-11 15:57:54.118 D/ReflectedParamUpdater( 2114): extent() != 1 for single value type: output.subscribed-indices.values
06-11 15:57:54.119 D/ReflectedParamUpdater( 2114): extent() != 1 for single value type: input.buffers.allocator-ids.values
06-11 15:57:54.119 D/ReflectedParamUpdater( 2114): extent() != 1 for single value type: output.buffers.allocator-ids.values
06-11 15:57:54.119 D/ReflectedParamUpdater( 2114): extent() != 1 for single value type: algo.buffers.allocator-ids.values
06-11 15:57:54.119 D/ReflectedParamUpdater( 2114): extent() != 1 for single value type: output.buffers.pool-ids.values
06-11 15:57:54.120 D/MediaCodecList( 2114): codecHandlesFormat: no format, so no extra checks
06-11 15:57:54.120 D/ReflectedParamUpdater( 2114): extent() != 1 for single value type: algo.buffers.pool-ids.values
06-11 15:57:54.120 D/MediaCodecList( 2114): codecHandlesFormat: no format, so no extra checks
06-11 15:57:54.122 I/CCodecConfig( 2114): query failed after returning 7 values (BAD_INDEX)
06-11 15:57:54.122 D/CCodecConfig( 2114): c2 config diff is Dict {
06-11 15:57:54.122 D/CCodecConfig( 2114):   c2::u32 coded.bitrate.value = 64000
06-11 15:57:54.122 D/CCodecConfig( 2114):   c2::u32 input.buffers.max-size.value = 32768
06-11 15:57:54.122 D/CCodecConfig( 2114):   c2::u32 input.delay.value = 0
06-11 15:57:54.122 D/CCodecConfig( 2114):   string input.media-type.value = "audio/vorbis"
06-11 15:57:54.122 D/CCodecConfig( 2114):   string output.media-type.value = "audio/raw"
06-11 15:57:54.122 D/CCodecConfig( 2114):   c2::u32 raw.channel-count.value = 1
06-11 15:57:54.122 D/CCodecConfig( 2114):   c2::u32 raw.sample-rate.value = 48000
06-11 15:57:54.122 D/CCodecConfig( 2114): }
06-11 15:57:54.122 D/CCodec  ( 2114): allocate(c2.android.vorbis.decoder)
06-11 15:57:54.123 D/MediaCodec( 2114): flushMediametrics
06-11 15:57:54.123 D/CCodec  ( 2114): [c2.android.vorbis.decoder] buffers are bound to CCodec for this session
06-11 15:57:54.123 D/CCodecConfig( 2114): no c2 equivalents for durationUs
06-11 15:57:54.123 D/CCodecConfig( 2114): no c2 equivalents for track-id
06-11 15:57:54.123 D/CCodecConfig( 2114): no c2 equivalents for csd-1
06-11 15:57:54.124 D/CCodecConfig( 2114): no c2 equivalents for flags
06-11 15:57:54.125 D/CCodecConfig( 2114): c2 config diff is   c2::u32 coded.bitrate.value = 48000
06-11 15:57:54.125 D/CCodecConfig( 2114):   c2::u32 raw.sample-rate.value = 16000
06-11 15:57:54.125 I/CCodec  ( 2114): Created component [c2.android.vorbis.decoder]
06-11 15:57:54.126 D/CCodecConfig( 2114): read media type: audio/vorbis
06-11 15:57:54.126 W/Codec2Client( 2114): query -- param skipped: index = 1107298332.
06-11 15:57:54.126 D/CCodec  ( 2114): encoding statistics level = 0
06-11 15:57:54.127 D/CCodec  ( 2114): setup formats input: AMessage(what = 0x00000000) = {
06-11 15:57:54.127 D/CCodec  ( 2114):   int32_t bitrate = 48000
06-11 15:57:54.127 D/CCodec  ( 2114):   int32_t channel-count = 1
06-11 15:57:54.127 D/CCodec  ( 2114):   int32_t max-input-size = 32768
06-11 15:57:54.127 D/CCodec  ( 2114):   string mime = "audio/vorbis"
06-11 15:57:54.127 D/CCodec  ( 2114):   int32_t sample-rate = 16000
06-11 15:57:54.127 D/CCodec  ( 2114): }
06-11 15:57:54.127 D/CCodec  ( 2114): setup formats output: AMessage(what = 0x00000000) = {
06-11 15:57:54.127 D/CCodec  ( 2114):   int32_t channel-count = 1
06-11 15:57:54.127 D/CCodec  ( 2114):   string mime = "audio/raw"
06-11 15:57:54.127 D/CCodec  ( 2114):   int32_t sample-rate = 16000
06-11 15:57:54.127 D/CCodec  ( 2114):   int32_t channel-mask = 1
06-11 15:57:54.127 D/CCodec  ( 2114):   int32_t android._config-pcm-encoding = 2
06-11 15:57:54.127 D/CCodec  ( 2114): }
06-11 15:57:54.127 I/CCodecConfig( 2114): query failed after returning 7 values (BAD_INDEX)
06-11 15:57:54.127 W/Codec2Client( 2114): query -- param skipped: index = 1342179345.
06-11 15:57:54.128 W/Codec2Client( 2114): query -- param skipped: index = 2415921170.
06-11 15:57:54.129 D/CCodecBufferChannel( 2114): [c2.android.vorbis.decoder#379] Created input block pool with allocatorID 16 => poolID 18 - OK (0)
06-11 15:57:54.129 D/BufferPoolAccessor2.0(  577): bufferpool2 0xa2840c88 : 0(0 size) total buffers - 0(0 size) used buffers - 105/109 (recycle/alloc) - 4/109 (fetch/transfer)
06-11 15:57:54.129 D/BufferPoolAccessor2.0(  577): Destruction - bufferpool2 0xa2840c88 cached: 0/0M, 0/0% in use; allocs: 109, 96% recycled; transfers: 109, 96% unfetched
06-11 15:57:54.130 D/BufferPoolAccessor2.0( 1171): bufferpool2 0x81320ea8 : 0(0 size) total buffers - 0(0 size) used buffers - 1/6 (recycle/alloc) - 5/625 (fetch/transfer)
06-11 15:57:54.130 D/BufferPoolAccessor2.0( 2114): bufferpool2 0xac5cc1a8 : 0(0 size) total buffers - 0(0 size) used buffers - 0/5 (recycle/alloc) - 4/216 (fetch/transfer)
06-11 15:57:54.130 D/BufferPoolAccessor2.0( 2114): Destruction - bufferpool2 0xac5cc1a8 cached: 0/0M, 0/0% in use; allocs: 5, 0% recycled; transfers: 216, 98% unfetched
06-11 15:57:54.130 D/BufferPoolAccessor2.0( 1171): Destruction - bufferpool2 0x81320ea8 cached: 0/0M, 0/0% in use; allocs: 6, 17% recycled; transfers: 625, 99% unfetched
06-11 15:57:54.130 D/ReflectedParamUpdater( 2114): extent() != 1 for single value type: algo.buffers.max-count.values
06-11 15:57:54.131 I/CCodecBufferChannel( 2114): [c2.android.vorbis.decoder#379] Created output block pool with allocatorID 16 => poolID 117 - OK
06-11 15:57:54.131 D/CCodecBufferChannel( 2114): [c2.android.vorbis.decoder#379] Configured output block pool ids 117 => OK
06-11 15:57:54.131 D/ReflectedParamUpdater( 2114): extent() != 1 for single value type: output.subscribed-indices.values
06-11 15:57:54.131 D/ReflectedParamUpdater( 2114): extent() != 1 for single value type: input.buffers.allocator-ids.values
06-11 15:57:54.132 D/ReflectedParamUpdater( 2114): extent() != 1 for single value type: output.buffers.allocator-ids.values
06-11 15:57:54.132 D/ReflectedParamUpdater( 2114): extent() != 1 for single value type: algo.buffers.allocator-ids.values
06-11 15:57:54.132 D/ReflectedParamUpdater( 2114): extent() != 1 for single value type: output.buffers.pool-ids.values
06-11 15:57:54.132 D/ReflectedParamUpdater( 2114): extent() != 1 for single value type: algo.buffers.pool-ids.values
06-11 15:57:54.133 D/SimpleC2Component(  577): Using output block pool with poolID 117 => got 117 - 0
06-11 15:57:54.136 I/CCodecConfig( 2114): query failed after returning 7 values (BAD_INDEX)
06-11 15:57:54.136 D/CCodecConfig( 2114): c2 config diff is Dict {
06-11 15:57:54.136 D/CCodecConfig( 2114):   c2::u32 coded.bitrate.value = 64000
06-11 15:57:54.136 D/CCodecConfig( 2114):   c2::u32 input.buffers.max-size.value = 32768
06-11 15:57:54.136 D/CCodecConfig( 2114):   c2::u32 input.delay.value = 0
06-11 15:57:54.136 D/CCodecConfig( 2114):   string input.media-type.value = "audio/vorbis"
06-11 15:57:54.136 D/CCodecConfig( 2114):   string output.media-type.value = "audio/raw"
06-11 15:57:54.136 D/CCodecConfig( 2114):   c2::u32 raw.channel-count.value = 1
06-11 15:57:54.136 D/CCodecConfig( 2114):   c2::u32 raw.sample-rate.value = 48000
06-11 15:57:54.136 D/CCodecConfig( 2114): }
06-11 15:57:54.137 D/MediaCodec( 2114): flushMediametrics
06-11 15:57:54.137 D/CCodec  ( 2114): [c2.android.vorbis.decoder] buffers are bound to CCodec for this session
06-11 15:57:54.137 D/CCodecConfig( 2114): no c2 equivalents for durationUs
06-11 15:57:54.137 D/CCodecConfig( 2114): no c2 equivalents for track-id
06-11 15:57:54.137 D/CCodecConfig( 2114): no c2 equivalents for csd-1
06-11 15:57:54.137 D/CCodecConfig( 2114): no c2 equivalents for flags
06-11 15:57:54.139 D/CCodecConfig( 2114): c2 config diff is   c2::u32 coded.bitrate.value = 48000
06-11 15:57:54.139 D/CCodecConfig( 2114):   c2::u32 raw.sample-rate.value = 16000
06-11 15:57:54.139 I/thermal2(  464): Sending notification:  Type: CPU Name: soc_thermal CurrentValue: 75.6 ThrottlingStatus: MODERATE
06-11 15:57:54.140 W/Codec2Client( 2114): query -- param skipped: index = 1107298332.
06-11 15:57:54.140 D/CCodec  ( 2114): encoding statistics level = 0
06-11 15:57:54.140 D/CCodec  ( 2114): setup formats input: AMessage(what = 0x00000000) = {
06-11 15:57:54.140 D/CCodec  ( 2114):   int32_t bitrate = 48000
06-11 15:57:54.140 D/CCodec  ( 2114):   int32_t channel-count = 1
06-11 15:57:54.140 D/CCodec  ( 2114):   int32_t max-input-size = 32768
06-11 15:57:54.140 D/CCodec  ( 2114):   string mime = "audio/vorbis"
06-11 15:57:54.140 D/CCodec  ( 2114):   int32_t sample-rate = 16000
06-11 15:57:54.140 D/CCodec  ( 2114): }
06-11 15:57:54.140 D/CCodec  ( 2114): setup formats output: AMessage(what = 0x00000000) = {
06-11 15:57:54.140 D/CCodec  ( 2114):   int32_t channel-count = 1
06-11 15:57:54.140 D/CCodec  ( 2114):   string mime = "audio/raw"
06-11 15:57:54.140 D/CCodec  ( 2114):   int32_t sample-rate = 16000
06-11 15:57:54.140 D/CCodec  ( 2114):   int32_t channel-mask = 1
06-11 15:57:54.140 D/CCodec  ( 2114):   int32_t android._config-pcm-encoding = 2
06-11 15:57:54.140 D/CCodec  ( 2114): }
06-11 15:57:54.141 I/CCodecConfig( 2114): query failed after returning 7 values (BAD_INDEX)
06-11 15:57:54.144 W/Codec2Client( 2114): query -- param skipped: index = 1342179345.
06-11 15:57:54.144 W/Codec2Client( 2114): query -- param skipped: index = 2415921170.
06-11 15:57:54.145 D/CCodecBufferChannel( 2114): [c2.android.vorbis.decoder#46] Created input block pool with allocatorID 16 => poolID 19 - OK (0)
06-11 15:57:54.146 I/CCodecBufferChannel( 2114): [c2.android.vorbis.decoder#46] Created output block pool with allocatorID 16 => poolID 118 - OK
06-11 15:57:54.147 D/CCodecBufferChannel( 2114): [c2.android.vorbis.decoder#46] Configured output block pool ids 118 => OK
06-11 15:57:54.149 D/SimpleC2Component(  577): Using output block pool with poolID 118 => got 118 - 0
06-11 15:57:54.208 D/CCodecBufferChannel( 2114): [c2.android.vorbis.decoder#379] MediaCodec discarded an unknown buffer
06-11 15:57:54.208 D/CCodecBufferChannel( 2114): [c2.android.vorbis.decoder#379] MediaCodec discarded an unknown buffer
06-11 15:57:54.208 D/CCodecBufferChannel( 2114): [c2.android.vorbis.decoder#379] MediaCodec discarded an unknown buffer
06-11 15:57:54.209 D/CCodecBufferChannel( 2114): [c2.android.vorbis.decoder#46] MediaCodec discarded an unknown buffer
06-11 15:57:54.209 D/CCodecBufferChannel( 2114): [c2.android.vorbis.decoder#46] MediaCodec discarded an unknown buffer
06-11 15:57:54.209 D/CCodecBufferChannel( 2114): [c2.android.vorbis.decoder#46] MediaCodec discarded an unknown buffer
06-11 15:57:54.210 I/hw-BpHwBinder( 2114): onLastStrongRef automatically unlinking death recipients
06-11 15:57:54.211 I/hw-BpHwBinder(  577): onLastStrongRef automatically unlinking death recipients
06-11 15:57:54.213 D/MediaCodec( 2114): flushMediametrics
06-11 15:57:54.218 I/hw-BpHwBinder( 2114): onLastStrongRef automatically unlinking death recipients
06-11 15:57:54.220 D/MediaCodec( 2114): flushMediametrics
06-11 15:57:54.220 I/hw-BpHwBinder(  577): onLastStrongRef automatically unlinking death recipients
06-11 15:57:54.220 I/hw-BpHwBinder(  577): onLastStrongRef automatically unlinking death recipients
06-11 15:57:54.221 V/C2Store (  577): in ~ComponentModule
06-11 15:57:54.221 V/C2Store (  577): unloading dll
06-11 15:57:54.229 I/AmFFmpegByteIOAdapter(  552): File size : 4383
06-11 15:57:54.230 W/exFFmpeg(  552): Invalid return value 0 for stream protocol
06-11 15:57:54.230 W/exFFmpeg(  552): Invalid return value 0 for stream protocol
06-11 15:57:54.232 I/AmFFmpegExtractor(  552): checkInList: iswhite:0, mime:audio/ogg, type:1, id:86021 tag:0
06-11 15:57:54.232 I/AmFFmpegExtractor(  552): checkInList: iswhite:1, mime:audio/ogg, type:1, id:86021 tag:0
06-11 15:57:54.232 E/AmFFmpegExtractor(  552): codec_ctx->properties: 0
06-11 15:57:54.232 I/AmFFmpegExtractor(  552): checkSupportInList ret 1
06-11 15:57:54.236 I/AmFFmpegByteIOAdapter(  552): File size : 4557
06-11 15:57:54.237 W/exFFmpeg(  552): Invalid return value 0 for stream protocol
06-11 15:57:54.237 W/exFFmpeg(  552): Invalid return value 0 for stream protocol
06-11 15:57:54.237 I/AmFFmpegExtractor(  552): checkInList: iswhite:0, mime:audio/ogg, type:1, id:86021 tag:0
06-11 15:57:54.237 I/AmFFmpegExtractor(  552): checkInList: iswhite:1, mime:audio/ogg, type:1, id:86021 tag:0
06-11 15:57:54.237 E/AmFFmpegExtractor(  552): codec_ctx->properties: 0
06-11 15:57:54.237 I/AmFFmpegExtractor(  552): checkSupportInList ret 1
06-11 15:57:54.239 I/AmFFmpegExtractor(  552): checkInList: iswhite:0, mime:audio/ogg, type:1, id:86021 tag:0
06-11 15:57:54.239 I/AmFFmpegExtractor(  552): checkInList: iswhite:1, mime:audio/ogg, type:1, id:86021 tag:0
06-11 15:57:54.239 E/AmFFmpegExtractor(  552): codec_ctx->properties: 0
06-11 15:57:54.239 I/AmFFmpegExtractor(  552): checkSupportInList ret 0
06-11 15:57:54.239 E/AmFFmpegExtractor(  552): vendor do not support
06-11 15:57:54.246 I/AmFFmpegExtractor(  552): checkInList: iswhite:0, mime:audio/ogg, type:1, id:86021 tag:0
06-11 15:57:54.246 I/AmFFmpegExtractor(  552): checkInList: iswhite:1, mime:audio/ogg, type:1, id:86021 tag:0
06-11 15:57:54.246 E/AmFFmpegExtractor(  552): codec_ctx->properties: 0
06-11 15:57:54.246 I/AmFFmpegExtractor(  552): checkSupportInList ret 0
06-11 15:57:54.246 E/AmFFmpegExtractor(  552): vendor do not support
06-11 15:57:54.248 D/MediaCodecList( 2114): codecHandlesFormat: no format, so no extra checks
06-11 15:57:54.248 D/MediaCodecList( 2114): codecHandlesFormat: no format, so no extra checks
06-11 15:57:54.251 D/CCodec  ( 2114): allocate(c2.android.vorbis.decoder)
06-11 15:57:54.251 V/C2Store (  577): in init
06-11 15:57:54.251 V/C2Store (  577): loading dll
06-11 15:57:54.255 I/CCodec  ( 2114): Created component [c2.android.vorbis.decoder]
06-11 15:57:54.256 D/CCodecConfig( 2114): read media type: audio/vorbis
06-11 15:57:54.262 D/MediaCodecList( 2114): codecHandlesFormat: no format, so no extra checks
06-11 15:57:54.262 D/MediaCodecList( 2114): codecHandlesFormat: no format, so no extra checks
06-11 15:57:54.264 D/ReflectedParamUpdater( 2114): extent() != 1 for single value type: algo.buffers.max-count.values
06-11 15:57:54.265 D/ReflectedParamUpdater( 2114): extent() != 1 for single value type: output.subscribed-indices.values
06-11 15:57:54.265 D/ReflectedParamUpdater( 2114): extent() != 1 for single value type: input.buffers.allocator-ids.values
06-11 15:57:54.265 D/CCodec  ( 2114): allocate(c2.android.vorbis.decoder)
06-11 15:57:54.265 D/ReflectedParamUpdater( 2114): extent() != 1 for single value type: output.buffers.allocator-ids.values
06-11 15:57:54.266 D/ReflectedParamUpdater( 2114): extent() != 1 for single value type: algo.buffers.allocator-ids.values
06-11 15:57:54.266 D/ReflectedParamUpdater( 2114): extent() != 1 for single value type: output.buffers.pool-ids.values
06-11 15:57:54.266 D/ReflectedParamUpdater( 2114): extent() != 1 for single value type: algo.buffers.pool-ids.values
