--------- beginning of kernel
06-11 15:38:05.222 W/[16246.095477@3]  logd(    0): Skipping entries from slow reader, pid 28484, fd 17, from LogBuffer::Prune()
06-11 15:38:05.587 I/[16246.460173@0]  [amlv4l](    0): [53]: reset mode: 1, es frames buffering: 0
06-11 15:38:05.595 I/[16246.470387@0]  [amlv4l](    0): [53]: seek force reset to drop es frames.
06-11 15:38:05.596 I/[16246.470457@0]  [amlv4l](    0): [53]: reset mode: 1, es frames buffering: 0
06-11 15:38:05.615 I/[16246.490478@0]  [amlv4l](    0): [53]: reset mode: 1, es frames buffering: 0
06-11 15:38:05.629 I/[16246.502064@0]  [amlv4l](    0): [53]: vpp stop
06-11 15:38:05.630 I/[16246.503228@0]  vframe_rate_uevent(    0): sent uevent FRAME_RATE_HINT=0
06-11 15:38:05.630 D/[16246.503422@0]  [media_clock](    0): the clk_hevcf_mux   clock off, ref cnt: 0
06-11 15:38:05.630 D/[16246.504250@0]  [amlcom](    0): vdec_release instance 3471d931, total 1
06-11 15:38:05.630 D/[16246.504894@0]  [media_clock](    0): the clk_vdec_mux    clock off, ref cnt: 0
06-11 15:38:05.630 I/[16246.505729@1]  resman(    0): 104 release [decoder]
06-11 15:38:05.630 I/[16246.505739@1]  resman(    0): 104 release [codec_mm]
06-11 15:38:06.162 I/[16247.034907@1]  vc(    0): [0]vc: set enable index=0, val=0
06-11 15:38:06.163 I/[16247.034933@1]  VID(    0): store VD0 path_id changed 2->-1
06-11 15:38:06.163 I/        (    0): [16247.034938@1]  dev->index =0, val=1
06-11 15:38:06.163 I/[16247.034941@1]  VID(    0): VD1 off
06-11 15:38:06.163 I/[16247.034947@1]  VID(    0): VD1 set global output as 0
06-11 15:38:06.163 I/        (    0): [16247.034971@1]  common_vf_unreg_provider video_render.0: vd1 used:true, vd2 used:false, vd3 used:false, f_wait:true (963813 963813), b_out:0, cur_buf:eb825720
06-11 15:38:06.177 I/[16247.039148@0]  video_send_uevent(    0): VIDEO_FORMAT=-1, ret=0
06-11 15:38:06.663 I/[16247.536499@2]  binder(    0): 343:347 transaction failed 29201/-1, size 80-0 line 2855
06-11 15:38:06.663 I/[16247.536554@2]  binder(    0): 343:347 transaction failed 29201/-1, size 80-0 line 2855
06-11 15:38:06.663 I/[16247.536586@2]  binder(    0): 343:347 transaction failed 29201/-1, size 80-0 line 2855
06-11 15:38:06.663 I/[16247.537305@2]  lcd(    0): [0]: lcd_set_vframe_rate_hint: fr_auto_flag = 0x1, duration = 6000, frame_rate = 60
06-11 15:38:06.663 I/[16247.537313@2]  lcd(    0): [0]: lcd_framerate_automation_set_mode
06-11 15:38:06.663 I/[16247.537320@2]  aml_media(    0): current vmode=2160p60hz, cmd: 0x10000
06-11 15:38:06.663 I/[16247.537327@2]  vlock(    0): event MODE_CHANGE_PRE 0
06-11 15:38:06.663 I/[16247.537347@2]  lcd(    0): [0]: lcd_vbyone_wait_stable status: 0x20, i=1
06-11 15:38:06.663 W/[16247.537361@2]  [RX]-rx_vrr_notify_handler(    0): vrr_min=48, vrr_max=60
06-11 15:38:06.664 I/[16247.537365@2]  aml_media(    0): current vmode=2160p60hz, cmd: 0x20000
06-11 15:38:06.664 I/[16247.537374@2]  DOLBY(    0): vout_notify_callback: VOUT_EVENT_MODE_CHANGE
06-11 15:38:06.664 I/[16247.537378@2]  vlock(    0): event MODE_CHANGE
06-11 15:38:06.664 I/        (    0): [16247.537382@2]  vsync_pts_inc 1500 1/60
06-11 15:38:57.627 I/[16298.501561@2]  resman(    0): 105 appname:OMX-96, type = 0 prio = 10
06-11 15:38:57.664 I/[16298.537972@1]  resman(    0): 106 appname:OMX-97, type = 0 prio = 10
06-11 15:38:57.683 I/[16298.555754@3]  resman(    0): 107 appname:OMX-98, type = 0 prio = 10
06-11 15:38:57.744 W/[16298.617057@0]  audit(    0): audit_lost=16980 audit_rate_limit=5 audit_backlog_limit=64
06-11 15:38:57.744 E/[16298.617066@0]  audit(    0): rate limit exceeded
06-11 15:38:57.756 I/[16298.628848@0]  resman(    0): 107 acquire [decoder], preempt yes
06-11 15:38:57.756 I/[16298.628859@0]  resman(    0): 107 acquire [decoder] success
06-11 15:38:57.756 I/[16298.628897@0]  resman(    0): 107 acquire [codec_mm], preempt yes
06-11 15:38:57.756 I/[16298.628904@0]  resman(    0): 107 score 60 secure no
06-11 15:38:57.764 I/[16298.628909@0]  resman(    0): 107 acquire [codec_mm] success
06-11 15:38:57.833 I/[16298.649482@0]  [amlv4l](    0): double write mode 3 margin 5
06-11 15:38:57.835 I/[16298.649540@0]  [amlv4l](    0): vidioc_try_fmt, field: 1, fmt: 34363248
06-11 15:38:57.835 D/[16298.649846@0]  [amlcom](    0): vdec_create instance 9ee6bd13, total 1, PM: power-domain
06-11 15:38:57.835 D/[16298.649897@0]  [media_clock](    0): vdec mux clock is 799999988 Hz
06-11 15:38:57.835 I/[16298.650076@0]  [amlcom](    0): vdec_init, dev_name:ammvdec_h264_v4l, vdec_type=VDEC_TYPE_FRAME_BLOCK, format: 2, total: 1
06-11 15:38:57.835 D/[16298.650894@0]  [h264](    0): 0: pdata->config=parm_v4l_codec_enable:1;mh264_double_write_mode:3;parm_v4l_buffer_margin:5;parm_v4l_canvas_mem_mode:0;parm_v4l_canvas_mem_endian:0;parm_v4l_low_latency_mode:0;parm_v4l_metadata_config_flag:49154;parm_v4l_duration:0;
06-11 15:38:57.835 D/[16298.650922@0]  [h264](    0): ammvdec_h264_mmu_init tvp = 0x0
06-11 15:38:57.835 D/[16298.669839@0]  [media_clock](    0): vdec mux clock is 799999988 Hz
06-11 15:38:57.835 D/[16298.672206@0]  [h264](    0): vh264_init, phy_addr=63400000 vaddr=da7d1290
06-11 15:38:57.932 W/        (    0): [16298.805394@1]  [0] level_idc = 40 pic_size = 3133440 size = 4
06-11 15:38:57.932 W/        (    0): [16298.805394@1]
06-11 15:38:57.932 D/[16298.805463@1]  [media_clock](    0): hevc mux clock is 499999992 Hz
06-11 15:38:57.976 D/[16298.850186@0]  [media_clock](    0): hevc mux clock is 799999988 Hz
06-11 15:38:57.976 D/[16298.850198@0]  [amlcom](    0): hevc video changed to 3840 x 2160 60 fps clk->800MHZ
06-11 15:38:57.976 D/[16298.850207@0]  [h264](    0): 0: h264 set mmu config ok
06-11 15:38:57.976 D/[16298.850216@0]  [h264](    0): 0: vmh264_get_ps_info mmu_enable 1 double_write_mode 0x3
06-11 15:38:57.976 W/        (    0): [16298.850223@0]  h264 get comp info: 24 65536 813
06-11 15:38:57.976 I/[16298.850250@0]  [amlv4l](    0): [55]: Parse from ucode, visible(1920 x 1080), coded(1920 x 1088), scan:P
06-11 15:38:57.976 I/[16298.850278@1]  [amlv4l](    0): [55]: Picture buffer count: dec:7, vpp:0, ge2d:0, margin:5, total:12
06-11 15:38:57.976 I/[16298.850286@1]  [amlv4l](    0): [55]: changes: 1
06-11 15:38:57.976 E/[16298.850850@1]  [amlcom](    0): mmu box NULL !!!
06-11 15:38:57.976 D/[16298.850877@1]  [h264](    0): 0: vmh264 cached=0  need_size=0 speed= 200 ms
06-11 15:38:58.020 E/[16298.862193@0]  dim(    0): warn:dpvpp_dct_mem_release:2: dis_ch:255; dct_ch:255; dct_flg:0; src_blk_dct:ccb9bfa8
06-11 15:38:58.326 I/[16298.866278@0]  dim(    0): ch[2]decontour:uninit: pdct:f0ad7000 curr_nins:00000000 pre-link:1
06-11 15:38:58.326 I/[16298.870203@0]  dim(    0): afbc_sw_op:0:ver[5]
06-11 15:38:58.326 I/[16298.870228@0]  dim(    0): c_sw:bk c15da908 arb:15fffff
06-11 15:38:58.326 I/[16298.907248@0]  dim(    0): dpvpp_reg_link_sw:set inactive<1, 0> arb:11fffff
06-11 15:38:58.328 I/[16298.907290@0]  dim(    0): mem_count_buf_cfg:clear all
06-11 15:38:58.328 E/[16298.907308@0]  dim(    0): warn:di_unreg_setting:have unsetting?do nothing
06-11 15:38:58.328 I/[16298.910963@2]  dim(    0): unreg:use[48]ms
06-11 15:38:58.328 I/[16298.910988@2]  dim(    0): ins:destroy:ch[2]:end
06-11 15:38:58.328 I/[16298.911032@2]  [amlv4l](    0): [53]: vpp destroy inst count:1.
06-11 15:38:58.328 I/[16298.911590@3]  dim(    0): reg:use[0]ms
06-11 15:38:58.328 I/[16298.911601@3]  dim(    0): ins:create:ch[2],tmode[3]
06-11 15:38:58.328 I/[16298.911605@3]  dim(    0): out:0x80000000
06-11 15:38:58.328 I/[16298.952672@3]  [amlv4l](    0): [55]: vpp_wrapper init bsize:16, di(i:16, o:18), wkm:83, bm:0, fmt:80000000, drm:0, prog:1, byp:0, local:1, NR:1
06-11 15:38:58.329 I/[16298.952683@3]  [amlv4l](    0): [55]: vpp_wrapper instance count: 1
06-11 15:38:58.329 W/        (    0): [16298.957283@1]  [0] level_idc = 40 pic_size = 3133440 size = 4
06-11 15:38:58.329 W/        (    0): [16298.957283@1]
06-11 15:38:58.329 D/[16298.957314@1]  [h264](    0): 0: restriction_flag=0, max_dec_frame_buffering=4, dec_dpb_size=6 num_reorder_frames 2 used_reorder_dpb_size_margin 5
06-11 15:38:58.329 I/[16299.021868@1]  dim(    0): dim:dct_pre_plink_reg
06-11 15:38:58.329 I/[16299.021881@1]  dim(    0): di_reg_setting:ch[2]:for first ch reg:
06-11 15:38:58.329 I/[16299.050007@3]  vframe_rate_uevent(    0): sent uevent FRAME_RATE_HINT=1920
06-11 15:38:58.329 I/[16299.050017@3]  [amlv4l](    0): [55]: set duration: 780
06-11 15:38:58.329 I/[16299.052226@1]  dim(    0): dpvpp_mem_reg_ch:ch[2]:1:1:0
06-11 15:38:58.329 I/[16299.052237@1]  dim(    0): afbc_reg_variable_prelink:en_cfg:0x43,mode[2]
06-11 15:38:58.329 I/[16299.079321@1]  dim(    0): source change:ch[2]:id[0]:0x0/0/0/0=>0x509000/1920/1080/0:3
06-11 15:38:58.329 I/[16299.080294@2]  binder(    0): 343:370 transaction failed 29201/-1, size 80-0 line 2855
06-11 15:38:58.329 I/[16299.080343@2]  binder(    0): 343:370 transaction failed 29201/-1, size 80-0 line 2855
06-11 15:38:58.329 I/[16299.080373@2]  binder(    0): 343:370 transaction failed 29201/-1, size 80-0 line 2855
06-11 15:38:58.329 I/[16299.080713@3]  lcd(    0): [0]: lcd_set_vframe_rate_hint: fr_auto_flag = 0x1, duration = 5000, frame_rate = 50
06-11 15:38:58.329 I/[16299.080722@3]  lcd(    0): [0]: lcd_framerate_automation_set_mode
06-11 15:38:58.329 I/[16299.080729@3]  aml_media(    0): current vmode=2160p60hz, cmd: 0x10000
06-11 15:38:58.329 I/[16299.080737@3]  vlock(    0): event MODE_CHANGE_PRE 0
06-11 15:38:58.329 I/[16299.080760@3]  lcd(    0): [0]: lcd_vbyone_wait_stable status: 0x820, i=1
06-11 15:38:58.329 W/[16299.080773@3]  [RX]-rx_vrr_notify_handler(    0): vrr_min=48, vrr_max=60
06-11 15:38:58.329 I/[16299.080777@3]  aml_media(    0): current vmode=2160p60hz, cmd: 0x20000
06-11 15:38:58.329 I/[16299.080787@3]  DOLBY(    0): vout_notify_callback: VOUT_EVENT_MODE_CHANGE
06-11 15:38:58.329 I/[16299.080791@3]  vlock(    0): event MODE_CHANGE
06-11 15:38:58.329 I/        (    0): [16299.080795@3]  vsync_pts_inc 1800 1/50
06-11 15:38:58.329 I/[16299.084304@2]  VID(    0): VD1 off
06-11 15:38:58.329 I/[16299.084453@2]  vc(    0): [0]vc: set enable index=0, val=1
06-11 15:38:58.329 I/        (    0): [16299.084467@2]  dev->index =0, val=2
06-11 15:38:58.329 I/[16299.084471@2]  VID(    0): VD1 off
06-11 15:38:58.329 I/[16299.084477@2]  VID(    0): VD1 set global output as 1
06-11 15:38:58.329 I/[16299.084510@2]  VID(    0): store VD0 path_id changed -1->2
06-11 15:38:58.329 I/[16299.084533@2]  vc(    0): [0]sideband_type =-1
06-11 15:38:58.329 I/        (    0): [16299.084537@0]  dev->index =0, val=0
06-11 15:38:58.329 I/[16299.091682@0]  video_send_uevent(    0): VIDEO_FORMAT=0, ret=0
06-11 15:38:58.329 I/[16299.097324@2]  vframe_rate_uevent(    0): sent uevent FRAME_RATE_HINT=3840
06-11 15:38:58.329 I/[16299.097333@2]  [amlv4l](    0): [55]: set duration: f00
06-11 15:38:58.377 I/[16299.243322@1]  dim(    0): di_unreg_setting:
06-11 15:38:58.519 I/[16299.243587@1]  dim(    0): dpvpp_reg_link_sw:set active:<1, 1> op:c15d4e1c
06-11 15:38:58.519 I/[16299.250580@0]  dim(    0): dpvpph_size_change:DI_PRE_SIZE:1920,1080: arb:11fffff
06-11 15:38:58.519 I/[16299.251293@0]  dim(    0): c_sw:ak:from[0x0] c15da908
06-11 15:38:58.519 I/[16299.251583@0]  dim(    0): afbc_sw_op:1:ver[5]
06-11 15:38:58.519 I/[16299.251590@0]  dim(    0): enable_afbc_input_dvfm:3:chg:3,1,0, op:c15da908
06-11 15:38:58.519 I/[16299.271290@0]  dim(    0): enable_afbc_input_dvfm:4:chg:1,3,0, op:c15da908
06-11 15:39:25.704 I/[16326.578564@1]  dim(    0): ch[2] in eos COMP
06-11 15:39:25.727 I/[16326.599382@1]  [amlv4l](    0): [55]: changes: 10000
06-11 15:39:25.732 I/[16326.603311@2]  [amlv4l](    0): [55]: reset mode: 1, es frames buffering: 0
06-11 15:39:25.739 I/[16326.612351@1]  [amlv4l](    0): [55]: seek force reset to drop es frames.
06-11 15:39:25.747 I/[16326.612413@1]  [amlv4l](    0): [55]: reset mode: 1, es frames buffering: 0
06-11 15:39:25.779 E/[16326.651007@2]  dim(    0): warn:dpvpp_dct_mem_release:2: dis_ch:255; dct_ch:255; dct_flg:0; src_blk_dct:ccb9c05c
06-11 15:39:25.779 I/[16326.654906@2]  dim(    0): ch[2]decontour:uninit: pdct:ef150000 curr_nins:00000000 pre-link:1
06-11 15:39:25.796 I/[16326.670245@0]  dim(    0): afbc_sw_op:0:ver[5]
06-11 15:39:25.796 I/[16326.670400@0]  dim(    0): c_sw:bk c15da908 arb:15fffff
06-11 15:39:25.831 I/[16326.703229@2]  dim(    0): dpvpp_reg_link_sw:set inactive<1, 0> arb:11fffff
06-11 15:39:25.832 I/[16326.703267@2]  dim(    0): mem_count_buf_cfg:clear all
06-11 15:39:25.832 E/[16326.703288@2]  dim(    0): warn:di_unreg_setting:have unsetting?do nothing
06-11 15:39:25.832 I/[16326.706603@0]  dim(    0): unreg:use[56]ms
06-11 15:39:25.832 I/[16326.706614@0]  dim(    0): ins:destroy:ch[2]:end
06-11 15:39:25.832 I/[16326.707248@0]  dim(    0): reg:use[1]ms
06-11 15:39:25.832 I/[16326.707258@0]  dim(    0): ins:create:ch[2],tmode[3]
06-11 15:39:25.832 I/[16326.707262@0]  dim(    0): out:0x80000000
06-11 15:39:25.832 I/[16326.707609@0]  [amlv4l](    0): [55]: vpp_wrapper init bsize:16, di(i:16, o:18), wkm:83, bm:0, fmt:80000000, drm:0, prog:1, byp:0, local:1, NR:1
06-11 15:39:25.832 I/[16326.707617@0]  [amlv4l](    0): [55]: vpp_wrapper instance count: 1
06-11 15:39:25.924 I/[16326.797400@2]  [amlv4l](    0): [55]: reset mode: 1, es frames buffering: 0
06-11 15:39:25.939 I/[16326.813850@2]  [amlv4l](    0): [55]: seek force reset to drop es frames.
06-11 15:39:25.939 I/[16326.813943@0]  [amlv4l](    0): [55]: reset mode: 1, es frames buffering: 0
06-11 15:39:25.952 I/[16326.823599@1]  vc(    0): [0]vc: set enable index=0, val=0
06-11 15:39:25.952 I/[16326.823624@1]  VID(    0): store VD0 path_id changed 2->-1
06-11 15:39:25.952 I/        (    0): [16326.823629@1]  dev->index =0, val=1
06-11 15:39:25.952 I/[16326.823632@1]  VID(    0): VD1 off
06-11 15:39:25.952 I/[16326.823638@1]  VID(    0): VD1 set global output as 0
06-11 15:39:25.952 E/[16326.823653@1]  dim(    0): warn:get_itf_vfm:vfm illegal:0xefc7abd0:h[0],178
06-11 15:39:25.952 I/        (    0): [16326.824277@1]  common_vf_unreg_provider video_render.0: vd1 used:true, vd2 used:false, vd3 used:false, f_wait:true (968290 968290), b_out:0, cur_buf:eb825720
06-11 15:39:25.957 I/[16326.831137@0]  video_send_uevent(    0): VIDEO_FORMAT=-1, ret=0
06-11 15:39:26.005 I/[16326.878309@0]  [amlv4l](    0): [55]: reset mode: 1, es frames buffering: 0
06-11 15:39:26.017 I/[16326.890380@3]  [amlv4l](    0): [55]: vpp stop
06-11 15:39:26.017 I/[16326.890553@3]  vframe_rate_uevent(    0): sent uevent FRAME_RATE_HINT=0
06-11 15:39:26.028 D/[16326.900887@3]  [media_clock](    0): the clk_hevcf_mux   clock off, ref cnt: 0
06-11 15:39:26.028 D/[16326.902101@3]  [amlcom](    0): vdec_release instance 9ee6bd13, total 1
06-11 15:39:26.028 D/[16326.902342@3]  [media_clock](    0): the clk_vdec_mux    clock off, ref cnt: 0
06-11 15:39:26.042 I/[16326.904972@3]  dim(    0): unreg:use[2]ms
06-11 15:39:26.042 I/[16326.904984@3]  dim(    0): ins:destroy:ch[2]:end
06-11 15:39:26.042 I/[16326.905024@3]  [amlv4l](    0): [55]: vpp destroy inst count:0.
06-11 15:49:30.915 W/[16931.788264@1]  logd(    0): Skipping entries from slow reader, pid 30028, fd 17, from LogBuffer::Prune()
--------- beginning of system
06-11 15:49:31.173 I/ActivityTaskManager(  631): START u0 {flg=0x10000000 cmp=in.startv.hotstar/com.hotstar.MainActivity} from uid 0
06-11 15:49:31.173 E/ActivityTaskManager(  631): aml startActivity 0022 intent is Intent { flg=0x10000000 cmp=in.startv.hotstar/com.hotstar.MainActivity }
06-11 15:49:31.173 D/ActivityTaskManager(  631): calling sendJioHomeBTServerBroadcast
06-11 15:49:31.174 V/ActivityTaskManager(  631): Old State : null Updated state : INITIALIZING Activity : ComponentInfo{in.startv.hotstar/com.hotstar.MainActivity}
06-11 15:49:31.174 V/ActivityTaskManager(  631): Sending Broadcast : Intent { act=com.jio.remote.action.applaunch flg=0x40000000 pkg=com.jio.remote.btserver (has extras) }
06-11 15:49:31.174 D/CompatibilityChangeReporter(  631): Compat change id reported: 194480991; UID 10083; state: ENABLED
--------- beginning of main
06-11 15:49:31.174 E/CellBroadcastUtils(  631): getDefaultCellBroadcastReceiverPackageName: no package found
06-11 15:49:31.175 D/TestIniFileReader(  631): read ini file ,sectionName is vod
06-11 15:49:31.176 D/TestIniFileReader(  631): read ini file ,sectionName is nextnotkillpackagelist
06-11 15:49:31.177 D/TestIniFileReader(  631): read ini file ,sectionName is specialdensityapp
06-11 15:49:31.179 D/TestIniFileReader(  631): read ini file ,sectionName is videoclass
06-11 15:49:31.180 D/TestIniFileReader(  631): read ini file ,sectionName is low_ram_limit_persistent_app
06-11 15:49:31.183 D/CompatibilityChangeReporter(  631): Compat change id reported: 174042980; UID 10083; state: DISABLED
06-11 15:49:31.184 D/CompatibilityChangeReporter(  631): Compat change id reported: 184838306; UID 10083; state: DISABLED
06-11 15:49:31.184 D/CompatibilityChangeReporter(  631): Compat change id reported: 185004937; UID 10083; state: DISABLED
06-11 15:49:31.188 D/CompatibilityChangeReporter(  631): Compat change id reported: 205907456; UID 10083; state: ENABLED
06-11 15:49:31.192 D/SplashScreenView(  839): Build android.window.SplashScreenView{7924ac7 V.E...... ......ID 0,0-0,0}
06-11 15:49:31.192 D/SplashScreenView(  839): Icon: view: null drawable: null size: 0
06-11 15:49:31.192 D/SplashScreenView(  839): Branding: view: android.view.View{8fca8f4 G.ED..... ......I. 0,0-0,0 #10204db android:id/splashscreen_branding_view} drawable: null size w: 0 h: 0
06-11 15:49:31.213 D/ActivityTaskManager(  631): resumeTopActivityInnerLocked prePackageName =in.startv.hotstar  nextpackageName =in.startv.hotstar
06-11 15:49:31.213 D/ActivityTaskManager(  631): prev and next packageName not equals disney,so set device_default_density
06-11 15:49:31.215 D/ActivityTaskManager(  631): calling sendJioHomeBTServerBroadcast
06-11 15:49:31.215 V/ActivityTaskManager(  631): Old State : RESUMED Updated state : PAUSING Activity : ComponentInfo{com.jio.launcher.aosptv/com.jio.launcher.ui.activities.MainActivity}
06-11 15:49:31.216 V/ActivityTaskManager(  631): Sending Broadcast : Intent { act=com.jio.remote.action.applaunch flg=0x40000000 pkg=com.jio.remote.btserver (has extras) }
06-11 15:49:31.222 D/CoreBackPreview(  631): Window{a5cd3eb u0 Splash Screen in.startv.hotstar}: Setting back callback OnBackInvokedCallbackInfo{mCallback=android.window.IOnBackInvokedCallback$Stub$Proxy@c205fe1, mPriority=0}
06-11 15:49:31.228 D/CompatibilityChangeReporter(  631): Compat change id reported: 135634846; UID 10083; state: DISABLED
06-11 15:49:31.228 E/MainActivity( 1171): BootUpFlow::::MainActivity::onPause Called
06-11 15:49:31.228 E/a       ( 1171): RefreshManager::removeTick
06-11 15:49:31.229 D/CompatibilityChangeReporter(  631): Compat change id reported: 143937733; UID 10083; state: ENABLED
06-11 15:49:31.229 D/ActivityTaskManager(  631): calling sendJioHomeBTServerBroadcast
06-11 15:49:31.230 V/ActivityTaskManager(  631): Old State : PAUSING Updated state : PAUSED Activity : ComponentInfo{com.jio.launcher.aosptv/com.jio.launcher.ui.activities.MainActivity}
06-11 15:49:31.230 V/ActivityTaskManager(  631): Sending Broadcast : Intent { act=com.jio.remote.action.applaunch flg=0x40000000 pkg=com.jio.remote.btserver (has extras) }
06-11 15:49:31.261 I/appium  (29986): channel read: POST /session/dbeca97b-541c-49ff-83ca-53bd577bd222/element
06-11 15:49:31.262 I/appium  (29986): FindElement command
06-11 15:49:31.264 D/Zygote  (  410): Forked child process 30048
06-11 15:49:31.265 I/appium  (29986): method: 'xpath', selector: '//android.widget.ImageView[@resource-id='in.startv.hotstar:id/iv_profile']'
06-11 15:49:31.265 I/ActivityManager(  631): Start proc 30048:in.startv.hotstar/u0a83 for next-top-activity {in.startv.hotstar/com.hotstar.MainActivity}
06-11 15:49:31.270 I/appium  (29986): Waiting up to 10000ms for the device to idle
06-11 15:49:31.275 D/ActivityTaskManager(  631): resumeTopActivityInnerLocked prePackageName =com.jio.launcher.aosptv  nextpackageName =in.startv.hotstar
06-11 15:49:31.275 D/ActivityTaskManager(  631): prev and next packageName not equals disney,so set device_default_density
06-11 15:49:31.277 I/appium  (29986): The following attributes will be included to the page source: [resource-id]
06-11 15:49:31.292 W/ActivityManager(  631): Slow operation: 65ms so far, now at startProcess: done updating pids map
06-11 15:49:31.307 W/Parcel  (  839): Expecting binder but got null!
06-11 15:49:31.321 D/InputMethodManagerService(  631): --- calledFromForegroundUserOrSystemProcess ? calling uid = 10021 system uid = 1000 calling userId = 0, foreground user id = 0, calling pid = 1389com.android.server.inputmethod.InputMethodManagerService.getCurrentInputMethodSubtype(InputMethodManagerService.java:5602)
06-11 15:49:31.349 D/ActivityTaskManager(  631): calling sendJioHomeBTServerBroadcast
06-11 15:49:31.352 V/ActivityTaskManager(  631): Old State : INITIALIZING Updated state : RESUMED Activity : ComponentInfo{in.startv.hotstar/com.hotstar.MainActivity}
06-11 15:49:31.352 V/ActivityTaskManager(  631): Sending Broadcast : Intent { act=com.jio.remote.action.applaunch flg=0x40000000 pkg=com.jio.remote.btserver (has extras) }
06-11 15:49:31.354 D/DroidLogicBenchService(  912): onForegroundActivitiesChanged pid:30048,uid:10083,fg:true
06-11 15:49:31.355 D/NetflixService(  912): onForegroundActivitiesChanged pid:30048,uid:10083,fg:true
06-11 15:49:31.355 D/DroidLogicYtsService(  912): onForegroundActivitiesChanged pid:30048,uid:10083,fg:true
06-11 15:49:31.356 D/CompatibilityChangeReporter(30048): Compat change id reported: 171979766; UID 10083; state: ENABLED
06-11 15:49:31.359 D/NetflixService(  912): handleMessage
06-11 15:49:31.360 D/NetflixService(  912): com.netflix.ninja is not top activity.
06-11 15:49:31.360 I/NetflixService(  912): fg: false  mIsNetflixFg: false
06-11 15:49:31.364 D/NetflixService(  912): com.google.android.youtube.tv is not top activity.
06-11 15:49:31.381 I/NetflixService(  912): onTaskStackChanged
06-11 15:49:31.382 D/NetflixService(  912): handleMessage
06-11 15:49:31.385 D/NetflixService(  912): com.netflix.ninja is not top activity.
06-11 15:49:31.385 I/NetflixService(  912): fg: false  mIsNetflixFg: false
06-11 15:49:31.391 D/NetflixService(  912): com.google.android.youtube.tv is not top activity.
06-11 15:49:31.396 V/GraphicsEnvironment(30048): ANGLE Developer option for 'in.startv.hotstar' set to: 'default'
06-11 15:49:31.397 V/GraphicsEnvironment(30048): ANGLE GameManagerService for in.startv.hotstar: false
06-11 15:49:31.397 V/GraphicsEnvironment(30048): Neither updatable production driver nor prerelease driver is supported.
06-11 15:49:31.400 D/NetworkSecurityConfig(30048): Using Network Security Config from resource network_security_config debugBuild: false
06-11 15:49:31.401 D/NetworkSecurityConfig(30048): Using Network Security Config from resource network_security_config debugBuild: false
06-11 15:49:31.432 D/CompatibilityChangeReporter(30048): Compat change id reported: 183155436; UID 10083; state: ENABLED
06-11 15:49:31.445 D/SessionsDependencies(30048): Dependency to CRASHLYTICS added.
06-11 15:49:31.457 I/FirebaseApp(30048): Device unlocked: initializing all Firebase APIs for app [DEFAULT]
06-11 15:49:31.498 I/FirebaseCrashlytics(30048): Initializing Firebase Crashlytics 19.3.0 for in.startv.hotstar
06-11 15:49:31.504 W/GooglePlayServicesUtil(30048): in.startv.hotstar requires the Google Play Store, but it is missing.
06-11 15:49:31.504 E/DynamiteModule(30048): Invalid GmsCore APK, remote loading disabled.
06-11 15:49:31.504 I/DynamiteModule(30048): Considering local module com.google.android.gms.measurement.dynamite:127 and remote module com.google.android.gms.measurement.dynamite:0
06-11 15:49:31.504 I/DynamiteModule(30048): Selected local version of com.google.android.gms.measurement.dynamite
06-11 15:49:31.506 E/DynamiteModule(30048): Invalid GmsCore APK, remote loading disabled.
06-11 15:49:31.518 W/FA      (30048): Failed to register event listener on calling thread. Trying again on the dynamite thread.
06-11 15:49:31.519 D/SessionsDependencies(30048): Subscriber CRASHLYTICS registered.
06-11 15:49:31.545 I/FA      (30048): App measurement initialized, version: 106000
06-11 15:49:31.546 I/FA      (30048): To enable debug logging run: adb shell setprop log.tag.FA VERBOSE
06-11 15:49:31.546 I/FA      (30048): To enable faster debug mode event logging run:
06-11 15:49:31.546 I/FA      (30048):   adb shell setprop debug.firebase.analytics.app in.startv.hotstar
06-11 15:49:31.583 D/FirebaseSessions(30048): Initializing Firebase Sessions SDK.
06-11 15:49:31.586 I/FirebaseInitProvider(30048): FirebaseApp initialization successful
06-11 15:49:31.592 D/WM-WrkMgrInitializer(30048): Initializing WorkManager with default configuration.
06-11 15:49:31.638 E/DynamiteModule(30048): Invalid GmsCore APK, remote loading disabled.
06-11 15:49:31.638 I/DynamiteModule(30048): Considering local module com.google.android.gms.cast_tv_dynamite:1 and remote module com.google.android.gms.cast_tv_dynamite:0
06-11 15:49:31.641 I/DynamiteModule(30048): Selected local version of com.google.android.gms.cast_tv_dynamite
06-11 15:49:31.699 I/AmFFmpegByteIOAdapter(  552): File size : 23421
06-11 15:49:31.721 I/AmFFmpegExtractor(  552): checkInList: iswhite:0, mime:audio/mpeg, type:1, id:86017 tag:0
06-11 15:49:31.721 I/AmFFmpegExtractor(  552): checkInList: iswhite:1, mime:audio/mpeg, type:1, id:86017 tag:0
06-11 15:49:31.721 E/AmFFmpegExtractor(  552): codec_ctx->properties: 0
06-11 15:49:31.721 I/AmFFmpegExtractor(  552): checkSupportInList ret 1
06-11 15:49:31.722 I/AmFFmpegExtractor(  552): checkInList: iswhite:0, mime:audio/mpeg, type:1, id:86017 tag:0
06-11 15:49:31.723 I/AmFFmpegExtractor(  552): checkInList: iswhite:1, mime:audio/mpeg, type:1, id:86017 tag:0
06-11 15:49:31.723 E/AmFFmpegExtractor(  552): codec_ctx->properties: 0
06-11 15:49:31.723 I/AmFFmpegExtractor(  552): checkSupportInList ret 0
06-11 15:49:31.723 E/AmFFmpegExtractor(  552): vendor do not support
06-11 15:49:31.728 D/MesonHwc(  282): freeSolidColorBufferLocked free -1
06-11 15:49:31.735 I/[16932.609838@1]  vc(    0): [0]vc: set enable index=0, val=0
06-11 15:49:31.729 D/MesonHwc(  282): freeSolidColorBufferLocked free -1
06-11 15:49:31.729 I/SystemControl(  343): [frameRateDisplay] +++
06-11 15:49:31.729 I/SystemControl(  343): SystemControlHal frameRateDisplay 0,[0 0 0 0]
06-11 15:49:31.729 I/SystemControl(  343): [/SysWrite.cpp, getKernelReleaseVersion, 685] getKernelReleaseVersion: 5.4
06-11 15:49:31.729 D/SystemControl(  343): axis is 3840x2160
06-11 15:49:31.729 E/SystemControl(  343): inScreen  3840 2160 [ 0 0 0 0]
06-11 15:49:31.729 D/SystemControl(  343): SystemControlHal frect.inscreen() 0
06-11 15:49:31.729 I/SystemControl(  343): [/SysWrite.cpp, getKernelReleaseVersion, 685] getKernelReleaseVersion: 5.4
06-11 15:49:31.729 D/SystemControl(  343): axis is 3840x2160
06-11 15:49:31.729 E/SystemControl(  343): inScreen  3840 2160 [ 0 0 0 0]
06-11 15:49:31.730 I/SystemControl-FRA(  343): [/FrameRateAutoAdaption.cpp, isFrameRateOn, 173] hdmi frame rate is on
06-11 15:49:31.730 D/MesonHwc(  282): getConnectorType-0 get connector type panel-7
06-11 15:49:31.730 D/MesonHwc(  282): get existing connector 7-0xb12001dc
06-11 15:49:31.730 V/MesonDisplayServer(  282): GetDisplayMode:2160p60hz
06-11 15:49:31.730 I/SystemControl-FRA(  343): [/FrameRateAutoAdaption.cpp, setVideoLayerOn, 234] policycontrol by setVideoLayerOn 1 on 0 lastframe 0 and cost 605308
06-11 15:49:31.731 D/MesonHwc(  282): getConnectorType-0 get connector type panel-7
06-11 15:49:31.731 D/MesonHwc(  282): get existing connector 7-0xb12001dc
06-11 15:49:31.731 V/MesonDisplayServer(  282): GetDisplayMode:2160p60hz
06-11 15:49:31.731 I/SystemControl(  343): [frameRateDisplay] ---
06-11 15:49:31.731 D/MesonHwc(  282): adjustVsyncMode to HwMode
06-11 15:49:31.734 D/MesonHwc(  282): VideoComposerDev (14) set (0).
06-11 15:49:31.736 I/[16932.609874@1]  VID(    0): store VD0 path_id changed 2->-1
06-11 15:49:31.736 I/        (    0): [16932.609879@1]  dev->index =0, val=1
06-11 15:49:31.736 I/[16932.609882@1]  VID(    0): VD1 off
06-11 15:49:31.736 I/[16932.609888@1]  VID(    0): VD1 set global output as 0
06-11 15:49:31.736 I/        (    0): [16932.609922@1]  common_vf_unreg_provider video_render.0: vd1 used:true, vd2 used:false, vd3 used:false, f_wait:true (998583 998583), b_out:0, cur_buf:eb825720
06-11 15:49:31.739 I/[16932.614693@0]  video_send_uevent(    0): VIDEO_FORMAT=-1, ret=0
06-11 15:49:31.738 E/SystemControl(  343): [CPQControl]:/sys/class/amhdmitx don't exist!
06-11 15:49:31.756 W/GooglePlayServicesUtil(30048): in.startv.hotstar requires the Google Play Store, but it is missing.
06-11 15:49:31.756 W/FA      (30048): Service invalid
06-11 15:49:31.758 D/MesonHwc(  282): freeSolidColorBufferLocked free -1
06-11 15:49:31.772 I/SystemControl(  343): [CPQControl]:source_input: 10, sig_fmt: 0x402(1026), trans_fmt: 0x0
06-11 15:49:31.772 I/SystemControl(  343): [CPQControl]:pq_source_input: 10, timming: 1, 
06-11 15:49:31.773 I/SystemControl(  343): [CPQdb]:getDIRegValuesByValue, length = 25
06-11 15:49:31.773 I/SystemControl(  343): [CPQControl]:GetLocalDimming, source: 10, level = 0
06-11 15:49:31.773 E/LOCALDIMMING(  343): ADAP_LD_SetLevelIdx OPEN /dev/aml_ldim fail
06-11 15:49:31.780 I/SystemControl(  343): [CPQdb]:getDIRegValuesByValue, length = 19
06-11 15:49:31.781 I/SystemControl(  343): [CPQdb]:getDIRegValuesByValue, length = 32
06-11 15:49:31.782 I/SystemControl(  343): [CPQdb]:getDIRegValuesByValue, length = 101
06-11 15:49:31.783 D/tvserver(  496): [CTv]:Tv_SetVdinForPQ: game mode: 0, pc mode: 0, autoSwitchFlag: 2
06-11 15:49:31.783 D/tvserver(  496): [tvutils]:write /sys/class/amvecm/pc_mode, val:1
06-11 15:49:31.783 D/tvserver(  496): [CTvin]:VDIN_SetMonitorMode: monitor mode: 0!
06-11 15:49:31.783 D/tvserver(  496): [CTvin]:VDIN_SetGameMode: game mode: 0!
06-11 15:49:31.785 I/SystemControl(  343): [CPQdb]:getDIRegValuesByValue, length = 157
06-11 15:49:31.789 I/SystemControl(  343): [CPQControl]:GetBlackStretch:source:10, timming:1, value:0
06-11 15:49:31.790 I/SystemControl(  343): [CPQdb]:getRegValuesByValue, length = 2
06-11 15:49:31.790 I/SystemControl(  343): [CPQControl]:Cpq_BlackStretch success!
06-11 15:49:31.793 D/CompatibilityChangeReporter(30048): Compat change id reported: 160794467; UID 10083; state: ENABLED
06-11 15:49:31.795 I/SystemControl(  343): [CPQdb]:getRegValuesByValue, length = 3
06-11 15:49:31.795 I/SystemControl(  343): [CPQControl]:Cpq_BlueStretch success!
06-11 15:49:31.796 I/SystemControl(  343): [CPQdb]:getRegValuesByValue, length = 4
06-11 15:49:31.796 I/SystemControl(  343): [CPQControl]:Cpq_ChromaCoring success!
06-11 15:49:31.799 W/AccessibilityManagerService(  631):  wait for adding window timeout: 23
06-11 15:49:31.803 I/AmAVUtils(30048): AmAVUtils, GITINFO : a5d37ecd6a08b262f14d3b603e842e06057446d5(drm.autobuild  Thu Jun  8 11:09:49 CST 2023)
06-11 15:49:31.814 D/ConnectivityService(  631): NetReassign [no changes]
06-11 15:49:31.821 D/LifecycleServiceBinder(30048): Binding service to application.
06-11 15:49:31.823 I/SystemControl(  343): [CPQControl]:Cpq_SetSharpness1VariableParam success!
06-11 15:49:31.831 E/SystemControl(  343): [CPQdb]:ComputeNonlinearMappingValue:  value  = 127 
06-11 15:49:31.836 E/SystemControl(  343): [CPQdb]:ComputeNonlinearMappingValue:  value  = 139 
06-11 15:49:31.838 D/MediaCodecList(30048): codecHandlesFormat: no format, so no extra checks
06-11 15:49:31.839 D/MediaCodecList(30048): codecHandlesFormat: no format, so no extra checks
06-11 15:49:31.842 E/SystemControl(  343): [CPQdb]:ComputeNonlinearMappingValue:  value  = 139 
06-11 15:49:31.846 E/SystemControl(  343): [CPQdb]:ComputeNonlinearMappingValue:  value  = 139 
06-11 15:49:31.855 E/SystemControl(  343): [CPQdb]:ComputeNonlinearMappingValue:  value  = 127 
06-11 15:49:31.858 E/SystemControl(  343): [CPQdb]:ComputeNonlinearMappingValue:  value  = 139 
06-11 15:49:31.858 I/SystemControl(  343): [CPQControl]:[Cpq_SetPQMode:1552]VPP_PICTURE_MODE_MOVIE = 4!
06-11 15:49:31.858 I/SystemControl(  343): [CPQControl]:Cpq_SetBackLight: index = 1, value = 127
06-11 15:49:31.864 D/CCodec  (30048): allocate(c2.android.mp3.decoder)
06-11 15:49:31.867 D/DroidLogicYtsService(  912): mYts is false
06-11 15:49:31.867 D/DroidLogicYtsService(  912): yt app is not onForeground and set default param
06-11 15:49:31.872 D/JioSettings(23032): A : nonInteractiveSleep: count::0::timeout::0
06-11 15:49:31.872 D/JioSettings(23032): A : inactivity: count::598::timeout::10680
06-11 15:49:31.873 D/JioSettings(23032): A : startScheduler::isScreenOFF::false::isMusicInProgress::false::isDreaming::false
06-11 15:49:31.873 D/JioSettings(23032): A : startScheduler::isInactivityReached::false::isInactivityOverlayShown::false
06-11 15:49:31.874 D/DroidLogicBenchService(  912): bench app is not onForeground and set default param
06-11 15:49:31.875 E/SystemControl(  343): [/SysWrite.cpp, writeSys, 272] write /sys/class/thermal/thermal_zone0/mode failed!
06-11 15:49:31.875 E/SystemControl(  343): [/SysWrite.cpp, writeSys, 272] write /sys/devices/system/cpu/cpu0/cpufreq/scaling_governor failed!
06-11 15:49:31.877 I/Codec2Client(30048): Available Codec2 services: "software"
06-11 15:49:31.880 V/C2Store (  577): in init
06-11 15:49:31.880 V/C2Store (  577): loading dll
06-11 15:49:31.883 I/CCodec  (30048): Created component [c2.android.mp3.decoder]
06-11 15:49:31.884 D/CCodecConfig(30048): read media type: audio/mpeg
06-11 15:49:31.887 D/ReflectedParamUpdater(30048): extent() != 1 for single value type: algo.buffers.max-count.values
06-11 15:49:31.887 D/ReflectedParamUpdater(30048): extent() != 1 for single value type: output.subscribed-indices.values
06-11 15:49:31.888 D/ReflectedParamUpdater(30048): extent() != 1 for single value type: input.buffers.allocator-ids.values
06-11 15:49:31.888 D/ReflectedParamUpdater(30048): extent() != 1 for single value type: output.buffers.allocator-ids.values
06-11 15:49:31.888 D/ReflectedParamUpdater(30048): extent() != 1 for single value type: algo.buffers.allocator-ids.values
06-11 15:49:31.888 D/ReflectedParamUpdater(30048): extent() != 1 for single value type: output.buffers.pool-ids.values
06-11 15:49:31.888 D/ReflectedParamUpdater(30048): extent() != 1 for single value type: algo.buffers.pool-ids.values
06-11 15:49:31.890 I/CCodecConfig(30048): query failed after returning 7 values (BAD_INDEX)
06-11 15:49:31.890 D/CCodecConfig(30048): c2 config diff is Dict {
06-11 15:49:31.890 D/CCodecConfig(30048):   c2::u32 coded.bitrate.value = 64000
06-11 15:49:31.890 D/CCodecConfig(30048):   c2::u32 input.buffers.max-size.value = 8192
06-11 15:49:31.890 D/CCodecConfig(30048):   c2::u32 input.delay.value = 0
06-11 15:49:31.890 D/CCodecConfig(30048):   string input.media-type.value = "audio/mpeg"
06-11 15:49:31.890 D/CCodecConfig(30048):   string output.media-type.value = "audio/raw"
06-11 15:49:31.890 D/CCodecConfig(30048):   c2::u32 raw.channel-count.value = 2
06-11 15:49:31.890 D/CCodecConfig(30048):   c2::u32 raw.sample-rate.value = 44100
06-11 15:49:31.890 D/CCodecConfig(30048): }
06-11 15:49:31.891 D/MediaCodec(30048): flushMediametrics
06-11 15:49:31.892 D/CCodec  (30048): [c2.android.mp3.decoder] buffers are bound to CCodec for this session
06-11 15:49:31.892 D/CCodecConfig(30048): no c2 equivalents for durationUs
06-11 15:49:31.892 D/CCodecConfig(30048): no c2 equivalents for track-id
06-11 15:49:31.892 D/CCodecConfig(30048): no c2 equivalents for encoder-delay
06-11 15:49:31.892 D/CCodecConfig(30048): no c2 equivalents for encoder-padding
06-11 15:49:31.892 D/CCodecConfig(30048): no c2 equivalents for flags
06-11 15:49:31.893 D/CCodecConfig(30048): c2 config diff is   c2::u32 coded.bitrate.value = 32000
06-11 15:49:31.893 D/CCodecConfig(30048):   c2::u32 raw.channel-count.value = 1
06-11 15:49:31.893 D/CCodecConfig(30048):   c2::u32 raw.sample-rate.value = 48000
06-11 15:49:31.894 W/Codec2Client(30048): query -- param skipped: index = 1107298332.
06-11 15:49:31.894 D/CCodec  (30048): encoding statistics level = 0
06-11 15:49:31.894 D/CCodec  (30048): setup formats input: AMessage(what = 0x00000000) = {
06-11 15:49:31.894 D/CCodec  (30048):   int32_t bitrate = 32000
06-11 15:49:31.894 D/CCodec  (30048):   int32_t channel-count = 1
06-11 15:49:31.894 D/CCodec  (30048):   int32_t max-input-size = 8192
06-11 15:49:31.894 D/CCodec  (30048):   string mime = "audio/mpeg"
06-11 15:49:31.894 D/CCodec  (30048):   int32_t sample-rate = 48000
06-11 15:49:31.894 D/CCodec  (30048): }
06-11 15:49:31.894 D/CCodec  (30048): setup formats output: AMessage(what = 0x00000000) = {
06-11 15:49:31.894 D/CCodec  (30048):   int32_t channel-count = 1
06-11 15:49:31.894 D/CCodec  (30048):   string mime = "audio/raw"
06-11 15:49:31.894 D/CCodec  (30048):   int32_t sample-rate = 48000
06-11 15:49:31.894 D/CCodec  (30048):   int32_t encoder-delay = 576
06-11 15:49:31.894 D/CCodec  (30048):   int32_t encoder-padding = 1152
06-11 15:49:31.894 D/CCodec  (30048):   int32_t android._config-pcm-encoding = 2
06-11 15:49:31.894 D/CCodec  (30048): }
06-11 15:49:31.895 I/CCodecConfig(30048): query failed after returning 7 values (BAD_INDEX)
06-11 15:49:31.896 W/Codec2Client(30048): query -- param skipped: index = 1342179345.
06-11 15:49:31.896 W/Codec2Client(30048): query -- param skipped: index = 2415921170.
06-11 15:49:31.905 D/C2Store (30048): Using ION
06-11 15:49:31.908 D/CCodecBufferChannel(30048): [c2.android.mp3.decoder#496] Created input block pool with allocatorID 16 => poolID 17 - OK (0)
06-11 15:49:31.909 D/BufferPoolAccessor2.0( 1171): bufferpool2 0x813284c8 : 0(0 size) total buffers - 0(0 size) used buffers - 1/6 (recycle/alloc) - 5/1306 (fetch/transfer)
06-11 15:49:31.910 D/BufferPoolAccessor2.0( 1171): Destruction - bufferpool2 0x813284c8 cached: 0/0M, 0/0% in use; allocs: 6, 17% recycled; transfers: 1306, 100% unfetched
06-11 15:49:31.910 D/BufferPoolAccessor2.0( 1171): bufferpool2 0xac5d5748 : 0(0 size) total buffers - 0(0 size) used buffers - 1/6 (recycle/alloc) - 5/290 (fetch/transfer)
06-11 15:49:31.910 D/BufferPoolAccessor2.0( 1171): Destruction - bufferpool2 0xac5d5748 cached: 0/0M, 0/0% in use; allocs: 6, 17% recycled; transfers: 290, 98% unfetched
06-11 15:49:31.911 I/CCodecBufferChannel(30048): [c2.android.mp3.decoder#496] Created output block pool with allocatorID 16 => poolID 78 - OK
06-11 15:49:31.911 D/CCodecBufferChannel(30048): [c2.android.mp3.decoder#496] Configured output block pool ids 78 => OK
06-11 15:49:31.913 D/SimpleC2Component(  577): Using output block pool with poolID 78 => got 78 - 0
06-11 15:49:31.928 I/C2SoftMp3Dec(  577): Reconfiguring decoder: 0->48000 Hz, 0->1 channels
06-11 15:49:31.930 I/SystemControl(  343): [CPQControl]:GetEyeProtectionMode: mode is 0!
06-11 15:49:31.945 I/SystemControl(  343): [CPQControl]:SetColorBaseMode: mode is 1
06-11 15:49:31.947 I/SystemControl(  343): [CPQdb]:getRegValuesByValue, length = 179
06-11 15:49:32.034 D/TrafficStats(30048): tagSocket(97) with statsTag=0xffffffff, statsUid=-1
06-11 15:49:32.056 D/CompatibilityChangeReporter(30048): Compat change id reported: 210923482; UID 10083; state: ENABLED
06-11 15:49:32.087 I/SystemControl(  343): [CPQControl]:GetEyeProtectionMode: mode is 0!
06-11 15:49:32.087 I/SystemControl(  343): [CPQControl]:GetDnlpMode success!
06-11 15:49:32.087 I/SystemControl(  343): [CPQControl]:GetDnlpMode, source_input = 10, mode is 2
06-11 15:49:32.099 I/SystemControl(  343): [CPQControl]:SetDnlpMode success!
06-11 15:49:32.102 I/SystemControl(  343): [CPQdb]:getRegValuesByValue, length = 11
06-11 15:49:32.110 D/SessionLifecycleClient(30048): Queued message 1. Queue size 1
06-11 15:49:32.111 I/SystemControl(  343): [CPQControl]:GetColorGamutMode:source:10, timming:1, value:0
06-11 15:49:32.111 I/SystemControl(  343): [CPQControl]:SetColorGamutMode, source:10, value:0
06-11 15:49:32.111 I/SystemControl(  343): [CPQControl]:SaveColorGamutMode:source:10, timming:1, value:0
06-11 15:49:32.115 I/SystemControl(  343): [CPQControl]:SaveColorGamutMode success
06-11 15:49:32.115 I/SystemControl(  343): [CPQControl]:SetColorGamutMode success
06-11 15:49:32.116 E/SystemControl(  343): [/SysWrite.cpp, writeSys, 264] writeSysFs, open /sys/class/afd_module/aspect_mode fail.
06-11 15:49:32.116 I/FA      (30048): Tag Manager is not found and thus will not be used
06-11 15:49:32.118 I/SystemControl(  343): [CPQControl]:SetHDRTMOMode, source: 10, mode = 1
06-11 15:49:32.119 E/QueryController(29986): Got null root node from accessibility - Retrying...
06-11 15:49:32.119 E/SystemControl(  343): [CPQdb]:GetTableName GeneralHDRNodeTable don't have this table!
06-11 15:49:32.119 E/SystemControl(  343): [CPQControl]:mPQdb->PQ_GetHDRTMOParams failed!
06-11 15:49:32.119 E/SystemControl(  343): [CPQControl]:SetHDRTMOMode failed
06-11 15:49:32.134 D/CoreBackPreview(  631): Window{bde003e u0 in.startv.hotstar/com.hotstar.MainActivity}: Setting back callback OnBackInvokedCallbackInfo{mCallback=android.window.IOnBackInvokedCallback$Stub$Proxy@14b7bec, mPriority=0}
06-11 15:49:32.142 W/GooglePlayServicesUtil(30048): Google Play services is missing.
06-11 15:49:32.142 E/SystemControl(  343): [CPQControl]:Memc module disabled!!!
06-11 15:49:32.148 I/SystemControl(  343): [CPQControl]:SetAiSrEnable isEnable = 1
06-11 15:49:32.148 I/SystemControl(  343): [CPQControl]:Cpq_SetAiSrEnable, Cpq_SetAiSrEnable
06-11 15:49:32.148 E/SystemControl(  343): [CPQControl]:Cpq_SetAiSrEnable disabled
06-11 15:49:32.165 I/SystemControl(  343): [CPQControl]:SetAiSrEnable success
06-11 15:49:32.165 I/SystemControl(  343): [CPQControl]:GetSmoothPlusMode, source: 10, value = 0
06-11 15:49:32.165 I/SystemControl(  343): [CPQControl]:Smooth Plus disabled
06-11 15:49:32.165 I/SystemControl(  343): [CPQControl]:Cpq_SetSmoothPlusMode success!
06-11 15:49:32.180 W/libc    (30048): Access denied finding property "vendor.mali.platform.config"
06-11 15:49:32.180 I/mali    (30048): Successfully parsed 1 environment variable(s) from /vendor/etc/mali_platform.config.
06-11 15:49:32.180 W/libc    (30048): Access denied finding property "vendor.mali.debug.config"
06-11 15:49:32.181 W/libc    (30048): Access denied finding property "vendor.mali.cctx_memory_class_unnamed"
06-11 15:49:32.181 W/libc    (30048): Access denied finding property "vendor.mali.cctx_memory_class_default_heap"
06-11 15:49:32.181 W/libc    (30048): Access denied finding property "vendor.mali.cctx_memory_class_base_internal"
06-11 15:49:32.181 W/libc    (30048): Access denied finding property "vendor.mali.cctx_memory_class_framepool"
06-11 15:49:32.181 W/libc    (30048): Access denied finding property "vendor.mali.cctx_memory_class_tiler"
06-11 15:49:32.181 W/libc    (30048): Access denied finding property "vendor.mali.cctx_memory_class_program"
06-11 15:49:32.181 W/libc    (30048): Access denied finding property "vendor.mali.cctx_memory_class_egl_color_plane"
06-11 15:49:32.181 W/libc    (30048): Access denied finding property "vendor.mali.cctx_memory_class_egl_color_plane_imported"
06-11 15:49:32.181 W/libc    (30048): Access denied finding property "vendor.mali.cctx_memory_class_vao"
06-11 15:49:32.182 W/libc    (30048): Access denied finding property "vendor.mali.cctx_memory_class_img"
06-11 15:49:32.182 W/libc    (30048): Access denied finding property "vendor.mali.cctx_memory_class_internal_surface"
06-11 15:49:32.182 W/libc    (30048): Access denied finding property "vendor.mali.cctx_memory_class_buf"
06-11 15:49:32.182 W/libc    (30048): Access denied finding property "vendor.mali.cctx_memory_class_crc"
06-11 15:49:32.182 W/libc    (30048): Access denied finding property "vendor.mali.cctx_memory_class_cpom_hmem"
06-11 15:49:32.182 W/libc    (30048): Access denied finding property "vendor.mali.cctx_memory_class_cpom_rsd"
06-11 15:49:32.182 W/libc    (30048): Access denied finding property "vendor.mali.cctx_memory_class_cpom_mbs2"
06-11 15:49:32.182 W/libc    (30048): Access denied finding property "vendor.mali.cctx_memory_class_cpom_static"
06-11 15:49:32.182 W/libc    (30048): Access denied finding property "vendor.mali.cctx_memory_class_cframe_hmem"
06-11 15:49:32.182 W/libc    (30048): Access denied finding property "vendor.mali.cctx_memory_class_cframe_sample_pos"
06-11 15:49:32.182 W/libc    (30048): Access denied finding property "vendor.mali.cctx_memory_class_cframe_discard"
06-11 15:49:32.182 W/libc    (30048): Access denied finding property "vendor.mali.cctx_memory_class_cframe_tess_geom"
06-11 15:49:32.182 W/libc    (30048): Access denied finding property "vendor.mali.cctx_memory_class_cobj_hmem"
06-11 15:49:32.183 W/libc    (30048): Access denied finding property "vendor.mali.cctx_memory_class_cmar_hmem"
06-11 15:49:32.183 W/libc    (30048): Access denied finding property "vendor.mali.cctx_memory_class_cmar_prof_dump"
06-11 15:49:32.183 W/libc    (30048): Access denied finding property "vendor.mali.cctx_memory_class_cblend_hmem"
06-11 15:49:32.183 W/libc    (30048): Access denied finding property "vendor.mali.cctx_memory_class_gles_hmem"
06-11 15:49:32.183 W/libc    (30048): Access denied finding property "vendor.mali.cctx_memory_class_gles_query"
06-11 15:49:32.183 W/libc    (30048): Access denied finding property "vendor.mali.cctx_memory_class_gles_query_host"
06-11 15:49:32.186 W/libc    (30048): Access denied finding property "vendor.mali.cctx_memory_class_gles_multiview"
06-11 15:49:32.186 W/libc    (30048): Access denied finding property "vendor.mali.cctx_memory_class_cdeps_hmem"
06-11 15:49:32.186 W/libc    (30048): Access denied finding property "vendor.mali.cctx_memory_class_cmem_suballoc"
06-11 15:49:32.186 W/libc    (30048): Access denied finding property "vendor.mali.cctx_memory_class_cmem_hoard"
06-11 15:49:32.186 W/libc    (30048): Access denied finding property "vendor.mali.cctx_memory_class_cmem_registry"
06-11 15:49:32.186 W/libc    (30048): Access denied finding property "vendor.mali.cctx_memory_class_cl_payload"
06-11 15:49:32.186 W/libc    (30048): Access denied finding property "vendor.mali.cctx_memory_class_cl_wlm_tls"
06-11 15:49:32.186 W/libc    (30048): Access denied finding property "vendor.mali.cctx_memory_class_cl_hmem"
06-11 15:49:32.186 W/libc    (30048): Access denied finding property "vendor.mali.cctx_memory_class_cl_svm"
06-11 15:49:32.186 W/libc    (30048): Access denied finding property "vendor.mali.cctx_memory_class_cl_protected"
06-11 15:49:32.187 W/libc    (30048): Access denied finding property "vendor.mali.cctx_memory_class_cinstr"
06-11 15:49:32.187 W/libc    (30048): Access denied finding property "vendor.mali.cctx_memory_class_gfx_device_memory_cpu_uncached"
06-11 15:49:32.187 W/libc    (30048): Access denied finding property "vendor.mali.cctx_memory_class_gfx_device_memory_cpu_cached"
06-11 15:49:32.187 W/libc    (30048): Access denied finding property "vendor.mali.cctx_memory_class_gfx_device_memory_transient"
06-11 15:49:32.187 W/libc    (30048): Access denied finding property "vendor.mali.cctx_memory_class_gfx_device_memory_protected"
06-11 15:49:32.187 W/libc    (30048): Access denied finding property "vendor.mali.cctx_memory_class_gfx_device_external"
06-11 15:49:32.187 W/libc    (30048): Access denied finding property "vendor.mali.cctx_memory_class_gfx_device_external_swapchain"
06-11 15:49:32.187 W/libc    (30048): Access denied finding property "vendor.mali.cctx_memory_class_gfx_device_internal"
06-11 15:49:32.187 W/libc    (30048): Access denied finding property "vendor.mali.cctx_memory_class_gfx_device_internal_host"
06-11 15:49:32.187 W/libc    (30048): Access denied finding property "vendor.mali.cctx_memory_class_gfx_device_internal_protected"
06-11 15:49:32.187 W/libc    (30048): Access denied finding property "vendor.mali.cctx_memory_class_gfx_device_internal_transient"
06-11 15:49:32.188 W/libc    (30048): Access denied finding property "vendor.mali.cctx_memory_class_gfx_descriptor_pool"
06-11 15:49:32.188 W/libc    (30048): Access denied finding property "vendor.mali.cctx_memory_class_gfx_command_allocator"
06-11 15:49:32.188 W/libc    (30048): Access denied finding property "vendor.mali.cctx_memory_class_gfx_command_allocator_host"
06-11 15:49:32.188 W/libc    (30048): Access denied finding property "vendor.mali.cctx_memory_class_gfx_command_allocator_protected"
06-11 15:49:32.188 W/libc    (30048): Access denied finding property "vendor.mali.cctx_memory_class_vk_bound_buffer"
06-11 15:49:32.188 W/libc    (30048): Access denied finding property "vendor.mali.cctx_memory_class_vk_bound_image"
06-11 15:49:32.188 W/libc    (30048): Access denied finding property "vendor.mali.cctx_memory_class_cmar_signal"
06-11 15:49:32.188 W/libc    (30048): Access denied finding property "vendor.mali.cctx_memory_class_cmar_flush_chain"
06-11 15:49:32.188 W/libc    (30048): Access denied finding property "vendor.mali.cctx_memory_class_cmar_metadata_list"
06-11 15:49:32.188 W/libc    (30048): Access denied finding property "vendor.mali.cctx_memory_class_jit"
06-11 15:49:32.188 W/libc    (30048): Access denied finding property "vendor.mali.cctx_memory_class_mmu"
06-11 15:49:32.191 W/libc    (30048): Access denied finding property "vendor.mali.osu_protected_memory_heap_name"
06-11 15:49:32.191 W/libc    (30048): Access denied finding property "vendor.mali.osu_ion_protected_memory_heap_name"
06-11 15:49:32.191 W/libc    (30048): Access denied finding property "vendor.mali.platform_agt_frequency_khz"
06-11 15:49:32.191 W/libc    (30048): Access denied finding property "vendor.mali.hal_dump_dir"
06-11 15:49:32.191 W/libc    (30048): Access denied finding property "vendor.mali.platform.config"
06-11 15:49:32.192 I/mali    (30048): Successfully parsed 1 environment variable(s) from /vendor/etc/mali_platform.config.
06-11 15:49:32.192 W/libc    (30048): Access denied finding property "vendor.mali.debug.config"
