06-11 21:14:50.649 V/OmxVideoDecoder(  474): VendorExt: getConfig: index=2 (unstable-pts)
06-11 21:14:50.649 D/OmxVideoDecoder(  474): getConfig 2867 0x6f100004
06-11 21:14:50.649 V/OmxVideoDecoder(  474): VendorExt: getConfig: index=3 (is-mvc)
06-11 21:14:50.649 D/OmxVideoDecoder(  474): getConfig 2867 0x6f100004
06-11 21:14:50.649 V/OmxVideoDecoder(  474): VendorExt: getConfig: index=4 (is-flv)
06-11 21:14:50.650 D/OmxVideoDecoder(  474): getConfig 2867 0x6f100004
06-11 21:14:50.650 V/OmxVideoDecoder(  474): VendorExt: getConfig: index=5 (dvconfig-box)
06-11 21:14:50.650 D/OmxVideoDecoder(  474): getConfig 2867 0x6f100004
06-11 21:14:50.650 V/OmxVideoDecoder(  474): VendorExt: getConfig: index=6 (profile-level)
06-11 21:14:50.650 D/OmxVideoDecoder(  474): getConfig 2867 0x6f100004
06-11 21:14:50.650 V/OmxVideoDecoder(  474): VendorExt: getConfig: index=6 (profile-level)
06-11 21:14:50.650 D/OmxVideoDecoder(  474): getConfig 2867 0x6f100004
06-11 21:14:50.650 V/OmxVideoDecoder(  474): VendorExt: getConfig: index=7 (nrdp)
06-11 21:14:50.651 D/OmxVideoDecoder(  474): getConfig 2867 0x6f100004
06-11 21:14:50.651 V/OmxVideoDecoder(  474): VendorExt: getConfig: index=8 (low-latency)
06-11 21:14:50.651 D/OmxVideoDecoder(  474): getConfig 2867 0x6f100004
06-11 21:14:50.651 V/OmxVideoDecoder(  474): VendorExt: getConfig: index=9 (save-mem)
06-11 21:14:50.651 D/OmxVideoDecoder(  474): getConfig 2867 0x6f100004
06-11 21:14:50.652 V/OmxVideoDecoder(  474): VendorExt: getConfig: index=10 (videoLayer)
06-11 21:14:50.653 D/OmxVideoDecoder(  474): getConfig 2867 0x6f100004
06-11 21:14:50.653 V/OmxVideoDecoder(  474): VendorExt: getConfig: index=11 (renderByOmx)
06-11 21:14:50.653 D/OmxVideoDecoder(  474): getConfig 2867 0x6f100004
06-11 21:14:50.653 V/OmxVideoDecoder(  474): VendorExt: getConfig: index=12 (tunerhal)
06-11 21:14:50.653 D/OmxVideoDecoder(  474): getConfig 2867 0x6f100004
06-11 21:14:50.653 V/OmxVideoDecoder(  474): VendorExt: getConfig: index=12 (tunerhal)
06-11 21:14:50.653 D/OmxVideoDecoder(  474): getConfig 2867 0x6f100004
06-11 21:14:50.653 V/OmxVideoDecoder(  474): VendorExt: getConfig: index=13 (VideoQos)
06-11 21:14:50.653 D/OmxVideoDecoder(  474): getConfig 2867 0x6f100004
06-11 21:14:50.747 I/[ 2521.897651@0]  resman(    0): 36 acquire [decoder], preempt yes
06-11 21:14:50.752 I/[ 2521.897663@0]  resman(    0): 36 acquire [decoder] success
06-11 21:14:50.752 I/[ 2521.897696@0]  resman(    0): 36 acquire [codec_mm], preempt yes
06-11 21:14:50.752 I/[ 2521.897705@0]  resman(    0): 36 score 60 secure no
06-11 21:14:50.752 I/[ 2521.897711@0]  resman(    0): 36 acquire [codec_mm] success
06-11 21:14:50.653 V/OmxVideoDecoder(  474): VendorExt: getConfig: index=14 (rotation-angle)
06-11 21:14:50.654 D/OmxVideoDecoder(  474): getConfig 2867 0x6f100004
06-11 21:14:50.654 V/OmxVideoDecoder(  474): VendorExt: getConfig: index=15 (McodecReport)
06-11 21:14:50.654 D/OmxVideoDecoder(  474): mMcodecReport=0 mPeer.get=0xf23bbc00
06-11 21:14:50.654 D/OmxVideoDecoder(  474): getConfig 2867 0x6f100004
06-11 21:14:50.654 V/OmxVideoDecoder(  474): VendorExt: getConfig: index=16 (START.low-latency)
06-11 21:14:50.654 D/OmxVideoDecoder(  474): getConfig 2867 0x6f100004
06-11 21:14:50.654 V/OmxVideoDecoder(  474): updatePort mUseNativeBuffers 1
06-11 21:14:50.654 V/OmxVideoDecoder(  474): nWidth=1920,nHeight=1080, nMinbufs=0
06-11 21:14:50.654 I/OmxVideoDecoder(  474): getParameter Component Name OMX.amlogic.avc.decoder.awesome2, width 1920, height 1080 nBufferCountMin:10
06-11 21:14:50.654 D/OmxVideoDecoder(  474): getConfig 2867 0x700000f
06-11 21:14:50.654 D/OmxVideoDecoder(  474): getConfig 2870 nIndex 0x700000f
06-11 21:14:50.654 I/AmlogicVideoDecoderAwesome2(  474): [18]"getAndroidNativeBufferCrop [1920 x 1080] \n"
06-11 21:14:50.654 D/OmxVideoDecoder(  474): getConfig OMX_IndexConfigCommonOutputCrop pRect->nWidth=1920, pRect->nHeight=1080
06-11 21:14:50.655 D/OmxVideoDecoder(  474): setConfig 3009 0x7f00000c
06-11 21:14:50.655 D/OmxVideoDecoder(  474): getConfig 2867 0x7f00000c
06-11 21:14:50.655 D/OmxVideoDecoder(  474): getConfig 2867 0x7f00000c
06-11 21:14:50.655 E/OMXNodeInstance(  474): getConfig(0xf1fe1438:amlogic.avc.decoder.awesome2, ??(0x7f00000c)) ERROR: UnsupportedSetting(0x80001019)
06-11 21:14:50.655 D/OmxVideoDecoder(  474): getConfig 2867 0x7f000009
06-11 21:14:50.656 D/OmxVideoDecoder(  474): getConfig 2867 0x6f100004
06-11 21:14:50.656 V/OmxVideoDecoder(  474): VendorExt: getConfig: index=0 (4k-osd)
06-11 21:14:50.656 D/OmxVideoDecoder(  474): getConfig 2867 0x6f100004
06-11 21:14:50.656 V/OmxVideoDecoder(  474): VendorExt: getConfig: index=1 (video-trickmode)
06-11 21:14:50.656 D/OmxVideoDecoder(  474): getConfig 2867 0x6f100004
06-11 21:14:50.656 V/OmxVideoDecoder(  474): VendorExt: getConfig: index=2 (unstable-pts)
06-11 21:14:50.656 D/OmxVideoDecoder(  474): getConfig 2867 0x6f100004
06-11 21:14:50.656 V/OmxVideoDecoder(  474): VendorExt: getConfig: index=3 (is-mvc)
06-11 21:14:50.656 D/OmxVideoDecoder(  474): getConfig 2867 0x6f100004
06-11 21:14:50.657 V/OmxVideoDecoder(  474): VendorExt: getConfig: index=4 (is-flv)
06-11 21:14:50.657 D/OmxVideoDecoder(  474): getConfig 2867 0x6f100004
06-11 21:14:50.657 V/OmxVideoDecoder(  474): VendorExt: getConfig: index=5 (dvconfig-box)
06-11 21:14:50.658 D/OmxVideoDecoder(  474): getConfig 2867 0x6f100004
06-11 21:14:50.658 V/OmxVideoDecoder(  474): VendorExt: getConfig: index=6 (profile-level)
06-11 21:14:50.658 D/OmxVideoDecoder(  474): getConfig 2867 0x6f100004
06-11 21:14:50.658 V/OmxVideoDecoder(  474): VendorExt: getConfig: index=6 (profile-level)
06-11 21:14:50.658 D/OmxVideoDecoder(  474): getConfig 2867 0x6f100004
06-11 21:14:50.658 V/OmxVideoDecoder(  474): VendorExt: getConfig: index=7 (nrdp)
06-11 21:14:50.658 D/OmxVideoDecoder(  474): getConfig 2867 0x6f100004
06-11 21:14:50.658 V/OmxVideoDecoder(  474): VendorExt: getConfig: index=8 (low-latency)
06-11 21:14:50.659 D/OmxVideoDecoder(  474): getConfig 2867 0x6f100004
06-11 21:14:50.659 V/OmxVideoDecoder(  474): VendorExt: getConfig: index=9 (save-mem)
06-11 21:14:50.659 D/OmxVideoDecoder(  474): getConfig 2867 0x6f100004
06-11 21:14:50.659 V/OmxVideoDecoder(  474): VendorExt: getConfig: index=10 (videoLayer)
06-11 21:14:50.659 D/OmxVideoDecoder(  474): getConfig 2867 0x6f100004
06-11 21:14:50.659 V/OmxVideoDecoder(  474): VendorExt: getConfig: index=11 (renderByOmx)
06-11 21:14:50.659 D/OmxVideoDecoder(  474): getConfig 2867 0x6f100004
06-11 21:14:50.659 V/OmxVideoDecoder(  474): VendorExt: getConfig: index=12 (tunerhal)
06-11 21:14:50.659 D/OmxVideoDecoder(  474): getConfig 2867 0x6f100004
06-11 21:14:50.659 V/OmxVideoDecoder(  474): VendorExt: getConfig: index=12 (tunerhal)
06-11 21:14:50.659 D/OmxVideoDecoder(  474): getConfig 2867 0x6f100004
06-11 21:14:50.659 V/OmxVideoDecoder(  474): VendorExt: getConfig: index=13 (VideoQos)
06-11 21:14:50.659 D/OmxVideoDecoder(  474): getConfig 2867 0x6f100004
06-11 21:14:50.659 V/OmxVideoDecoder(  474): VendorExt: getConfig: index=14 (rotation-angle)
06-11 21:14:50.660 D/OmxVideoDecoder(  474): getConfig 2867 0x6f100004
06-11 21:14:50.660 V/OmxVideoDecoder(  474): VendorExt: getConfig: index=15 (McodecReport)
06-11 21:14:50.660 D/OmxVideoDecoder(  474): mMcodecReport=0 mPeer.get=0xf23bbc00
06-11 21:14:50.660 D/OmxVideoDecoder(  474): getConfig 2867 0x6f100004
06-11 21:14:50.660 V/OmxVideoDecoder(  474): VendorExt: getConfig: index=16 (START.low-latency)
06-11 21:14:50.660 D/OmxVideoDecoder(  474): getConfig 2867 0x6f100004
06-11 21:14:50.668 D/stbdpc  (  397): STB_DPGetNumPaths[570]: num_paths: 1
06-11 21:14:50.676 D/ltts_ip_emm(  397): LTTS_IP_DMXStartEMM[381]: parse_emm_cat_status failed
06-11 21:14:50.687 I/OmxComponent(  474): OMX_CommandStateSet 850 Cmd 0 nParam1 0x2
06-11 21:14:50.687 I/OmxComponent(  474): OMX-26 STATE_SET:   OMX_StateLoaded => OMX_StateIdle : OMX.amlogic.avc.decoder.awesome2
06-11 21:14:50.687 I/OmxComponent(  474): OMX-26 STATE_TRANS: OMX_StateLoaded => OMX_StateIdle : OMX.amlogic.avc.decoder.awesome2
06-11 21:14:50.687 I/OmxVideoDecoder(  474): getParameter Component Name OMX.amlogic.avc.decoder.awesome2, width 1920, height 1080 nBufferCountMin:3
06-11 21:14:50.688 V/DigitalSignage(  633): Package Name: null
06-11 21:14:50.688 V/DigitalSignage(  633): Left: 0
06-11 21:14:50.688 V/DigitalSignage(  633): Right: 0
06-11 21:14:50.688 V/DigitalSignage(  633): Top: 0
06-11 21:14:50.688 V/DigitalSignage(  633): Bottom: 0
06-11 21:14:50.688 D/DigitalSignage(  633): else - Package Name :: null left : 0 right :: 0 top :: 0 bottom :: 0 dfu-right :: 1920 dfu-bottom :: 1080
06-11 21:14:50.698 V/DigitalSignage(  633): Package Name: null
06-11 21:14:50.698 V/DigitalSignage(  633): Left: 0
06-11 21:14:50.698 V/DigitalSignage(  633): Right: 0
06-11 21:14:50.698 V/DigitalSignage(  633): Top: 0
06-11 21:14:50.845 I/[ 2521.974336@1]  [amlv4l](    0): [9]: DW:10, TW:0, Margin:5
06-11 21:14:50.845 I/[ 2521.974590@1]  v4lvideo(    0): di_p bypass 1
06-11 21:14:50.845 D/[ 2521.974622@1]  [amlcom](    0): vdec_create instance 000000004ccb5990, total 2, PM: power-domain
06-11 21:14:50.845 I/[ 2521.974638@1]  [amlcom](    0): vdec_init, dev_name:ammvdec_h264_v4l, vdec_type=VDEC_TYPE_FRAME_BLOCK, format: 2, total: 2
06-11 21:14:50.845 D/[ 2521.976398@1]  [h264](    0): 1: pdata->config=parm_v4l_codec_enable:1;mh264_double_write_mode:16;parm_v4l_buffer_margin:5;parm_v4l_canvas_mem_mode:0;parm_v4l_canvas_mem_endian:0;parm_v4l_low_latency_mode:0;parm_v4l_metadata_config_flag:49154;parm_v4l_duration:3840;
06-11 21:14:50.845 D/[ 2521.976443@1]  [h264](    0): ammvdec_h264_mmu_init tvp = 0x0
06-11 21:14:50.845 D/[ 2521.982531@1]  [h264](    0): vh264_init, phy_addr=56e2a000 vaddr=0000000084f3bf0c
06-11 21:14:50.698 V/DigitalSignage(  633): Bottom: 0
06-11 21:14:50.698 D/DigitalSignage(  633): else - Package Name :: null left : 0 right :: 0 top :: 0 bottom :: 0 dfu-right :: 1920 dfu-bottom :: 1080
06-11 21:14:50.698 I/ActivityTaskManager(  633): Displayed com.epic.docubay/.ui.main.activity.MainActivity: +955ms
06-11 21:14:50.701 I/android.hardware.power-service.libperfmgr(  366): Power setBoost: INTERACTION duration: 0
06-11 21:14:50.702 I/libperfmgr(  366): Do Powerhint: INTERACTION
06-11 21:14:50.727 I/OmxComponent(  474): OMX-26 STATE_TRANS: OMX_StateLoaded => OMX_StateIdle : OMX.amlogic.avc.decoder.awesome2
06-11 21:14:50.728 I/chatty  (  474): uid=1046(mediacodec) ecoder.awesome2 identical 1 line
06-11 21:14:50.729 I/OmxComponent(  474): OMX-26 STATE_TRANS: OMX_StateLoaded => OMX_StateIdle : OMX.amlogic.avc.decoder.awesome2
06-11 21:14:50.729 V/OmxVideoDecoder(  474): updatePort mUseNativeBuffers 1
06-11 21:14:50.729 V/OmxVideoDecoder(  474): nWidth=1920,nHeight=1080, nMinbufs=0
06-11 21:14:50.729 I/OmxVideoDecoder(  474): getParameter Component Name OMX.amlogic.avc.decoder.awesome2, width 1920, height 1080 nBufferCountMin:10
06-11 21:14:50.729 V/OmxVideoDecoder(  474): updatePort mUseNativeBuffers 1
06-11 21:14:50.729 V/OmxVideoDecoder(  474): nWidth=1920,nHeight=1080, nMinbufs=0
06-11 21:14:50.729 I/OmxVideoDecoder(  474): getParameter Component Name OMX.amlogic.avc.decoder.awesome2, width 1920, height 1080 nBufferCountMin:10
06-11 21:14:50.729 D/OmxComponent(  474): getExtensionIndex 1237 name="OMX.google.android.index.AndroidNativeBufferConsumerUsage"
06-11 21:14:50.730 D/OmxVideoDecoder(  474): setParameter 1599 0x7f00000b
06-11 21:14:50.730 D/OmxVideoDecoder(  474): OMX_GoogleAndroidIndexAndroidNativeBufferConsumerUsage 0x900
06-11 21:14:50.731 D/OmxComponent(  474): getExtensionIndex 1237 name="OMX.google.android.index.getAndroidNativeBufferUsage"
06-11 21:14:50.731 D/AmlogicVideoDecoderAwesome2(  474): [18]"vendor.media.omx2.dw is not set used def=0\n"
06-11 21:14:50.731 D/OmxVideoDecoder(  474): Get NativeBufferUsage 0xc00033
06-11 21:14:50.732 D/SurfaceUtils(15598): set up nativeWindow 0xc2ae4408 for 1920x1080, color 0x11, rotation 0, usage 0xc02933
06-11 21:14:50.732 D/OmxVideoDecoder(  474): setParameter 1599 0x2000001
06-11 21:14:50.733 D/OmxVideoDecoder(  474): media.omx.display_mode=3
06-11 21:14:50.733 D/OmxVideoDecoder(  474): mjpeg vc1 wmv wmv3 force display_mode=3
06-11 21:14:50.733 D/OmxVideoDecoder(  474): choose mVideoUsedByOmx=0, mVideoUsedByThis=0, mAmVideoUsed=0
06-11 21:14:50.733 D/OmxVideoDecoder(  474): mDisplayMode = DISPLAY_MODE_V4LVIDEO
06-11 21:14:50.733 D/OmxVideoDecoder(  474): choose mDisplayMode=3
06-11 21:14:50.733 D/OmxVideoDecoder(  474): setParameter nPortIndex 1 nFrameWidth 1920 nFrameHeight 1080 nSliceHeight 1080
06-11 21:14:50.733 V/OmxVideoDecoder(  474): updatePort mUseNativeBuffers 1
06-11 21:14:50.733 V/OmxVideoDecoder(  474): nWidth=1920,nHeight=1080, nMinbufs=0
06-11 21:14:50.738 E/OMX_AmlogicPeerBufferWrapper(  474): setVideoNativeMetadata
06-11 21:14:50.738 I/OmxComponent(  474): OMX-26 STATE_TRANS: OMX_StateLoaded => OMX_StateIdle : OMX.amlogic.avc.decoder.awesome2
06-11 21:14:50.738 E/OMX_AmlogicPeerBufferWrapper(  474): setVideoNativeMetadata
06-11 21:14:50.738 I/OmxComponent(  474): OMX-26 STATE_TRANS: OMX_StateLoaded => OMX_StateIdle : OMX.amlogic.avc.decoder.awesome2
06-11 21:14:50.739 E/OMX_AmlogicPeerBufferWrapper(  474): setVideoNativeMetadata
06-11 21:14:50.739 I/OmxComponent(  474): OMX-26 STATE_TRANS: OMX_StateLoaded => OMX_StateIdle : OMX.amlogic.avc.decoder.awesome2
06-11 21:14:50.739 E/OMX_AmlogicPeerBufferWrapper(  474): setVideoNativeMetadata
06-11 21:14:50.739 I/OmxComponent(  474): OMX-26 STATE_TRANS: OMX_StateLoaded => OMX_StateIdle : OMX.amlogic.avc.decoder.awesome2
06-11 21:14:50.740 E/OMX_AmlogicPeerBufferWrapper(  474): setVideoNativeMetadata
06-11 21:14:50.740 I/OmxComponent(  474): OMX-26 STATE_TRANS: OMX_StateLoaded => OMX_StateIdle : OMX.amlogic.avc.decoder.awesome2
06-11 21:14:50.740 E/OMX_AmlogicPeerBufferWrapper(  474): setVideoNativeMetadata
06-11 21:14:50.740 E/OMX_AmlogicPeerBufferWrapper(  474): setVideoNativeMetadata
06-11 21:14:50.740 I/OmxComponent(  474): OMX-26 STATE_TRANS: OMX_StateLoaded => OMX_StateIdle : OMX.amlogic.avc.decoder.awesome2
06-11 21:14:50.741 I/OmxComponent(  474): OMX-26 STATE_TRANS: OMX_StateLoaded => OMX_StateIdle : OMX.amlogic.avc.decoder.awesome2
06-11 21:14:50.741 E/OMX_AmlogicPeerBufferWrapper(  474): setVideoNativeMetadata
06-11 21:14:50.741 I/OmxComponent(  474): OMX-26 STATE_TRANS: OMX_StateLoaded => OMX_StateIdle : OMX.amlogic.avc.decoder.awesome2
06-11 21:14:50.741 E/OMX_AmlogicPeerBufferWrapper(  474): setVideoNativeMetadata
06-11 21:14:50.741 I/OmxComponent(  474): OMX-26 STATE_TRANS: OMX_StateLoaded => OMX_StateIdle : OMX.amlogic.avc.decoder.awesome2
06-11 21:14:50.741 E/OMX_AmlogicPeerBufferWrapper(  474): setVideoNativeMetadata
06-11 21:14:50.741 I/OmxComponent(  474): OMX-26 STATE_TRANS: OMX_StateLoaded => OMX_StateIdle : OMX.amlogic.avc.decoder.awesome2
06-11 21:14:50.742 E/OMX_AmlogicPeerBufferWrapper(  474): setVideoNativeMetadata
06-11 21:14:50.742 I/OmxComponent(  474): OMX-26 STATE_TRANS: OMX_StateLoaded => OMX_StateIdle : OMX.amlogic.avc.decoder.awesome2
06-11 21:14:50.742 E/OMX_AmlogicPeerBufferWrapper(  474): setVideoNativeMetadata
06-11 21:14:50.742 I/OmxComponent(  474): OMX-26 STATE_TRANS: OMX_StateLoaded => OMX_StateIdle : OMX.amlogic.avc.decoder.awesome2
06-11 21:14:50.742 E/OMX_AmlogicPeerBufferWrapper(  474): setVideoNativeMetadata
06-11 21:14:50.743 I/OmxComponent(  474): OMX-26 STATE_TRANS: OMX_StateLoaded => OMX_StateIdle : OMX.amlogic.avc.decoder.awesome2
06-11 21:14:50.743 E/OMX_AmlogicPeerBufferWrapper(  474): setVideoNativeMetadata
06-11 21:14:50.743 I/OmxComponent(  474): OMX-26 STATE_TRANS: OMX_StateLoaded => OMX_StateIdle : OMX.amlogic.avc.decoder.awesome2
06-11 21:14:50.743 V/AmlogicVideoDecoderAwesome2(  474): [18]acquireResources:429 >
06-11 21:14:50.743 D/AmlogicVideoDecoderAwesome2(  474): [18]"setUp mDurationUs = 40000 videoDefine.xFramerate = 1638400"
06-11 21:14:50.743 I/om.epic.docuba(15598): Background young concurrent copying GC freed 41533(2164KB) AllocSpace objects, 32(1356KB) LOS objects, 10% free, 12MB/13MB, paused 114us total 272.661ms
06-11 21:14:50.743 V/debugSetup(  474): media.omx.dumpRecv is disabled
06-11 21:14:50.743 V/debugSetup(  474): media.omx.dumpCodec is disabled
06-11 21:14:50.743 E/AmlogicVideoDecoderAwesome2(  474): setUp(): 1200 mOwner->isGameMode()=0
06-11 21:14:50.743 D/AmlogicVideoDecoderAwesome2(  474): [18]"vendor.media.omx.gamemode is not set used def=0\n"
06-11 21:14:50.743 I/AmlogicVideoDecoderAwesome2(  474): [18]"setUp width 1920, height 1080\n"
06-11 21:14:50.743 W/ResourceManagerService(  465): Ignoring request to add new resource entry with value <= 0
06-11 21:14:50.743 D/AmlogicVideoDecoderAwesome2(  474): [18]"vendor.media.omx2.dw is not set used def=16\n"
06-11 21:14:50.743 D/AmlogicVideoDecoderAwesome2(  474): [18]"vendor.media.omx2.margin is not set used def=5\n"
06-11 21:14:50.743 I/AmlogicVideoDecoderAwesome2(  474): [18]"mIsSurfacTexture 0, mDoubleWriteMode 16, default_margin:5 \n"
06-11 21:14:50.743 D/AmlogicVideoDecoderAwesome2(  474): [18]"codecInit"
06-11 21:14:50.743 V/AmlogicVideoDecoderAwesome2(  474): [18]"codecInit avc\n"
06-11 21:14:50.743 I/resman  (  474): acquire fd:47, restype:7, preempt:1, time_out:10000, arg:
06-11 21:14:50.743 I/resman  (  474): acquire fd:47, restype:5, preempt:1, time_out:10000, arg:size:60
06-11 21:14:50.743 D/VideoDecWraper(  474): VideoDecWraper
06-11 21:14:50.743 D/VideoDecWraper(  474): initialize:mime:video/avc
06-11 21:14:50.744 D/VideoDecWraper(  474): version 1.1 use create AmVideoDec_create
06-11 21:14:50.744 I/AmVideoDec(  474): AmVideoDec version: V3.2.159-gadbe096  (dong.liu  Tue Feb 11 11:58:24 UTC 2025), mHalInstanceID 5, mHalInstancenum 2
06-11 21:14:50.744 I/AmVideoDec(  474): vendor.mediahal.loglevels is not set used def = 1
06-11 21:14:50.744 I/AmVideoDec(  474): [1] "new VideoDec\n"
06-11 21:14:50.744 I/AmVideoDec(  474): open dec_stat fd -1
06-11 21:14:50.744 D/VideoDecWraper(  474): getAmVideoDec ok
06-11 21:14:50.745 I/AmVideoDec(  474): [1] "initialize mime video/avc secureMode is 0\n"
06-11 21:14:50.745 I/V4l2Adaptor(  474): V4l2Adaptor::initialize flags is 0x0
06-11 21:14:50.747 I/V4l2Adaptor(  474): V4l2Adaptor::onInit
06-11 21:14:50.747 I/VDA     (  474): vendor.mediahal.loglevels is not set used def = 1
06-11 21:14:50.747 I/VDA     (  474): [1928672032] "open dec_stat fd -1, log_level_ 1\n"
06-11 21:14:50.747 I/VDA     (  474): [1] "VDA Initialize flags is 0\n"
06-11 21:14:50.747 I/VDA     (  474): VideoCodecProfileToV4L2PixFmt profile a
06-11 21:14:50.747 I/VDA     (  474): V4L2_PIX_FMT_H264
06-11 21:14:50.762 D/CCodec  (15598): allocate(c2.android.aac.decoder)
06-11 21:14:50.768 D/stbdpc  (  397): STB_DPGetNumPaths[570]: num_paths: 1
06-11 21:14:50.769 I/Codec2Client(15598): Available Codec2 services: "software"
06-11 21:14:50.789 I/CCodec  (15598): Created component [c2.android.aac.decoder]
06-11 21:14:50.790 D/CCodecConfig(15598): read media type: audio/mp4a-latm
06-11 21:14:50.798 D/ReflectedParamUpdater(15598): extent() != 1 for single value type: algo.buffers.max-count.values
06-11 21:14:50.799 D/dvb_iptv(  397): ReadEmmNetworkTask[1537]: EMM Select Timeout Occured 22
06-11 21:14:50.800 D/ReflectedParamUpdater(15598): extent() != 1 for single value type: output.subscribed-indices.values
06-11 21:14:50.804 D/ReflectedParamUpdater(15598): extent() != 1 for single value type: input.buffers.allocator-ids.values
06-11 21:14:50.805 D/ReflectedParamUpdater(15598): extent() != 1 for single value type: output.buffers.allocator-ids.values
06-11 21:14:50.806 D/ReflectedParamUpdater(15598): extent() != 1 for single value type: algo.buffers.allocator-ids.values
06-11 21:14:50.807 D/ReflectedParamUpdater(15598): extent() != 1 for single value type: output.buffers.pool-ids.values
06-11 21:14:50.807 D/ReflectedParamUpdater(15598): extent() != 1 for single value type: algo.buffers.pool-ids.values
06-11 21:14:50.816 I/CCodecConfig(15598): query failed after returning 19 values (BAD_INDEX)
06-11 21:14:50.818 I/VDA     (  474): vendor.vda.disable_config is not set used def = 0
06-11 21:14:50.818 D/CCodecConfig(15598): c2 config diff is Dict {
06-11 21:14:50.818 D/CCodecConfig(15598):   c2::u32 coded.aac-packaging.value = 0
06-11 21:14:50.818 D/CCodecConfig(15598):   c2::u32 coded.bitrate.value = 64000
06-11 21:14:50.818 D/CCodecConfig(15598):   c2::u32 coded.pl.level = 0
06-11 21:14:50.818 D/CCodecConfig(15598):   c2::u32 coded.pl.profile = 8192
06-11 21:14:50.818 D/CCodecConfig(15598):   c2::i32 coding.drc.album-mode.value = 0
06-11 21:14:50.818 D/CCodecConfig(15598):   c2::float coding.drc.attenuation-factor.value = 1
06-11 21:14:50.818 D/CCodecConfig(15598):   c2::float coding.drc.boost-factor.value = 1
06-11 21:14:50.818 D/CCodecConfig(15598):   c2::i32 coding.drc.compression-mode.value = 3
06-11 21:14:50.818 D/CCodecConfig(15598):   c2::i32 coding.drc.effect-type.value = 3
06-11 21:14:50.818 D/CCodecConfig(15598):   c2::float coding.drc.encoded-level.value = 0.25
06-11 21:14:50.818 D/CCodecConfig(15598):   c2::float coding.drc.reference-level.value = -16
06-11 21:14:50.818 D/CCodecConfig(15598):   c2::u32 input.buffers.max-size.value = 8192
06-11 21:14:50.818 D/CCodecConfig(15598):   c2::u32 input.delay.value = 0
06-11 21:14:50.818 D/CCodecConfig(15598):   string input.media-type.value = "audio/mp4a-latm"
06-11 21:14:50.818 D/CCodecConfig(15598):   c2::u32 output.delay.value = 2
06-11 21:14:50.818 D/CCodecConfig(15598):   c2::float output.drc.output-loudness.value = 0.25
06-11 21:14:50.818 D/CCodecConfig(15598):   string output.media-type.value = "audio/raw"
06-11 21:14:50.818 D/CCodecConfig(15598):   c2::u32 raw.channel-count.value = 1
06-11 21:14:50.818 D/CCodecConfig(15598):   c2::u32 raw.max-channel-count.value = 8
06-11 21:14:50.818 D/CCodecConfig(15598):   c2::u32 raw.sample-rate.value = 44100
06-11 21:14:50.818 D/CCodecConfig(15598): }
06-11 21:14:50.820 I/VDA     (  474): [1] "v4l2 private parms, magic:1437256755 len:5, adaptiveback:0 height:1920 width:1080\n"
06-11 21:14:50.820 I/VDA     (  474): [1] "not 8k use max input size\n"
06-11 21:14:50.842 I/VDA     (  474): [1] "setup output format 3132564e\n"
06-11 21:14:50.842 I/VDA     (  474): IsSupportedOutputFormat v4l2_format 3132564e
06-11 21:14:50.843 I/VDA     (  474): [1] "decoder_msg.value == 3840"
06-11 21:14:50.844 D/AmlogicVideoDecoderAwesome2(  474): [18]"codecInit done"
06-11 21:14:50.844 D/AmlogicVideoDecoderAwesome2(  474): [18]"mOutWidth is 1920 mOutHeight is 1080 mFlvFlag=0 mOutBufferCount is 14"
06-11 21:14:50.844 D/AmlogicVideoDecoderAwesome2(  474): [18]"mOutBufferCount =14 mDecOutWidth 1920 mDecOutHeight 1088\n"
06-11 21:14:50.844 D/AmlogicVideoDecoderAwesome2(  474): [18]"mIsNativeBuffers =1\n"
06-11 21:14:50.844 D/AmlogicVideoDecoderAwesome2(  474): [18]"setUp mOutPortChanged=0\n"
06-11 21:14:50.844 I/OmxComponent(  474): STATE_DONE:  OMX_StateLoaded => OMX_StateIdle : OMX.amlogic.avc.decoder.awesome2
06-11 21:14:50.845 I/OmxComponent(  474): OMX_CommandStateSet 850 Cmd 0 nParam1 0x3
06-11 21:14:50.845 I/OmxComponent(  474): OMX-26 STATE_SET:   OMX_StateIdle => OMX_StateExecuting : OMX.amlogic.avc.decoder.awesome2
06-11 21:14:50.845 V/AmlogicVideoDecoderAwesome2(  474): [18]prepare:328 >
06-11 21:14:50.845 V/AmlogicVideoDecoderAwesome2(  474): [18]start:341 >
06-11 21:14:50.846 D/AmlogicVideoDecoderAwesome2(  474): [18]"mVideo start\n"
06-11 21:14:50.846 I/OmxComponent(  474): OMX-26 STATE_TRANS: OMX_StateIdle => OMX_StateExecuting : OMX.amlogic.avc.decoder.awesome2
06-11 21:14:50.846 I/OmxComponent(  474): STATE_DONE:  OMX_StateIdle => OMX_StateExecuting : OMX.amlogic.avc.decoder.awesome2
06-11 21:14:50.846 I/VDA     (  474): [1] "InitializeTask"
06-11 21:14:50.846 I/VDA     (  474): vendor.media.omx2.in_buffer set = 5
06-11 21:14:50.846 I/VDA     (  474): [1] "CreateInputBuffers count 3\n"
06-11 21:14:50.846 D/CCodec  (15598): [c2.android.aac.decoder] buffers are bound to CCodec for this session
06-11 21:14:50.847 D/CCodecConfig(15598): no c2 equivalents for flags
06-11 21:14:50.848 D/CCodecConfig(15598): config failed => CORRUPTED
06-11 21:14:50.851 D/CCodecConfig(15598): c2 config diff is   c2::u32 raw.channel-count.value = 2
06-11 21:14:50.851 D/CCodecConfig(15598):   c2::u32 raw.sample-rate.value = 48000
06-11 21:14:50.853 W/gralloc4(15598): Buffer descriptor with invalid usage bits 0x2000
06-11 21:14:50.853 W/gralloc4(  474): Buffer descriptor with invalid usage bits 0x2000
06-11 21:14:50.859 W/Codec2Client(15598): query -- param skipped: index = 1107298332.
06-11 21:14:50.861 D/CCodec  (15598): client requested max input size 1176, which is smaller than what component recommended (8192); overriding with component recommendation.
06-11 21:14:50.861 W/CCodec  (15598): This behavior is subject to change. It is recommended that app developers double check whether the requested max input size is in reasonable range.
06-11 21:14:50.861 W/gralloc4(15598): Buffer descriptor with invalid usage bits 0x2000
06-11 21:14:50.861 W/gralloc4(  474): Buffer descriptor with invalid usage bits 0x2000
06-11 21:14:50.862 D/CCodec  (15598): setup formats input: AMessage(what = 0x00000000) = {
06-11 21:14:50.862 D/CCodec  (15598):   int32_t aac-drc-album-mode = 0
06-11 21:14:50.862 D/CCodec  (15598):   int32_t aac-drc-boost-level = 127
06-11 21:14:50.862 D/CCodec  (15598):   int32_t aac-drc-cut-level = 127
06-11 21:14:50.862 D/CCodec  (15598):   int32_t aac-drc-effect-type = 3
06-11 21:14:50.862 D/CCodec  (15598):   int32_t aac-drc-heavy-compression = 3
06-11 21:14:50.862 D/CCodec  (15598):   int32_t aac-encoded-target-level = -1
06-11 21:14:50.862 D/CCodec  (15598):   int32_t aac-max-output-channel_count = 8
06-11 21:14:50.862 D/CCodec  (15598):   int32_t aac-target-ref-level = 64
06-11 21:14:50.862 D/CCodec  (15598):   int32_t channel-count = 2
06-11 21:14:50.862 D/CCodec  (15598):   int32_t level = 0
06-11 21:14:50.862 D/CCodec  (15598):   int32_t max-input-size = 8192
06-11 21:14:50.862 D/CCodec  (15598):   string mime = "audio/mp4a-latm"
06-11 21:14:50.862 D/CCodec  (15598):   int32_t profile = 2
06-11 21:14:50.862 D/CCodec  (15598):   int32_t sample-rate = 48000
06-11 21:14:50.862 D/CCodec  (15598): } and output: AMessage(what = 0x00000000) = {
06-11 21:14:50.862 D/CCodec  (15598):   int32_t aac-drc-album-mode = 0
06-11 21:14:50.862 D/CCodec  (15598):   int32_t aac-drc-boost-level = 127
06-11 21:14:50.862 D/CCodec  (15598):   int32_t aac-drc-cut-level = 127
06-11 21:14:50.862 D/CCodec  (15598):   int32_t aac-drc-effect-type = 3
06-11 21:14:50.862 D/CCodec  (15598):   int32_t aac-drc-heavy-compression = 3
06-11 21:14:50.862 D/CCodec  (15598):   int32_t aac-drc-output-loudness = -1
06-11 21:14:50.862 D/CCodec  (15598):   int32_t aac-encoded-target-level = -1
06-11 21:14:50.862 D/CCodec  (15598):   int32_t aac-max-output-channel_count = 8
06-11 21:14:50.862 D/CCodec  (15598):   int32_t aac-target-ref-level = 64
06-11 21:14:50.862 D/CCodec  (15598):   int32_t channel-count = 2
06-11 21:14:50.862 D/CCodec  (15598):   string mime = "audio/raw"
06-11 21:14:50.862 D/CCodec  (15598):   int32_t sample-rate = 48000
06-11 21:14:50.862 D/CCodec  (15598): }
06-11 21:14:50.868 W/Codec2Client(15598): query -- param skipped: index = 1342179345.
06-11 21:14:50.868 D/stbdpc  (  397): STB_DPGetNumPaths[570]: num_paths: 1
06-11 21:14:50.875 W/Codec2Client(15598): query -- param skipped: index = 2415921170.
06-11 21:14:50.876 W/Codec2Client(15598): query -- param skipped: index = 1610614798.
06-11 21:14:50.887 E/FMQ     (15598): grantorIdx must be less than 3
06-11 21:14:50.891 E/FMQ     (15598): grantorIdx must be less than 3
06-11 21:14:50.891 D/CCodecBufferChannel(15598): [c2.android.aac.decoder#203] Created input block pool with allocatorID 16 => poolID 17 - OK (0)
06-11 21:14:50.896 E/FMQ     (  477): grantorIdx must be less than 3
06-11 21:14:50.899 E/FMQ     (  477): grantorIdx must be less than 3
06-11 21:14:50.903 I/VDA     (  474): [1] "----create input VIDIOC_STREAMON----\n"
06-11 21:14:50.902 D/BufferPoolAccessor2.0(  477): bufferpool2 0xf7965e18 : 5(20480 size) total buffers - 0(0 size) used buffers - 186/191 (recycle/alloc) - 5/191 (fetch/transfer)
06-11 21:14:50.903 I/VDA     (  474): [1] "StartDevicePoll\n"
06-11 21:14:50.909 I/CCodecBufferChannel(15598): [c2.android.aac.decoder#203] Created output block pool with allocatorID 16 => poolID 29 - OK
06-11 21:14:50.911 D/CCodecBufferChannel(15598): [c2.android.aac.decoder#203] Configured output block pool ids 29 => OK
06-11 21:14:50.930 E/ion     (15598): ioctl c0044901 failed with code -1: Inappropriate ioctl for device
06-11 21:14:50.939 V/OMX_WorkerPeer(  474): vendor/amlogic/common/omx/omx_framework/WorkerPeer.cpp:runWorkerStatic:155 --------------------
06-11 21:14:50.939 V/OMX_WorkerPeer(  474): vendor/amlogic/common/omx/omx_framework/WorkerPeer.cpp:runWorker:161 --------------------
06-11 21:14:50.939 V/AmlogicVideoDecoderAwesome2(  474): [18]"doCodecSpec csd_len=29\n"
06-11 21:14:50.939 V/AmlogicVideoDecoderAwesome2(  474): [18]"doCodecSpec csd_len=9\n"
06-11 21:14:50.961 D/SimpleC2Component(  477): Using output block pool with poolID 29 => got 29 - 0
06-11 21:14:51.035 D/[ 2522.186688@0]  [h264](    0): 1: vmh264_get_ps_info mmu_enable 0 double_write_mode 0x10
06-11 21:14:51.036 I/[ 2522.186715@0]  [amlv4l](    0): [9]: Parse from ucode, visible(1920 x 1080), coded(1920 x 1088), scan:P, bitdepth(0), dw(10)
06-11 21:14:51.045 I/[ 2522.194336@0]  [amlv4l](    0): [9]: Picture buffer count: dec:5, vpp:0, ge2d:0, margin:5, total:10
06-11 21:14:51.045 D/[ 2522.194354@0]  [amlv4l](    0): [9]: Post event: res chg
06-11 21:14:51.054 I/[ 2522.201696@0]  dim(    0): reg:use[1]ms
06-11 21:14:51.054 I/[ 2522.201712@0]  dim(    0): create:ch[3],tmode[3]
06-11 21:14:51.054 I/[ 2522.201715@0]  dim(    0): out:0x80000000
06-11 21:14:51.056 D/[ 2522.209658@0]  [h264](    0): 1: restriction_flag=0, max_dec_frame_buffering=0, dec_dpb_size=5 num_reorder_frames 0 used_reorder_dpb_size_margin 5
06-11 21:14:50.967 E/FMQ     (15598): grantorIdx must be less than 3
06-11 21:14:50.968 E/FMQ     (  477): grantorIdx must be less than 3
06-11 21:14:50.969 D/stbdpc  (  397): STB_DPGetNumPaths[570]: num_paths: 1
06-11 21:14:50.977 I/C2SoftAacDec(  477): Reconfiguring decoder: 0->48000 Hz, 0->2 channels
06-11 21:14:50.983 E/FMQ     (  477): grantorIdx must be less than 3
06-11 21:14:50.984 E/FMQ     (15598): grantorIdx must be less than 3
06-11 21:14:50.987 D/CCodecConfig(15598): c2 config diff is   c2::i32 coding.drc.compression-mode.value = 1
06-11 21:14:50.989 D/CCodecBuffers(15598): [c2.android.aac.decoder#203:Output[N]] popFromStashAndRegister: output format changed to AMessage(what = 0x00000000) = {
06-11 21:14:50.989 D/CCodecBuffers(15598):   int32_t aac-drc-album-mode = 0
06-11 21:14:50.989 D/CCodecBuffers(15598):   int32_t aac-drc-boost-level = 127
06-11 21:14:50.989 D/CCodecBuffers(15598):   int32_t aac-drc-cut-level = 127
06-11 21:14:50.989 D/CCodecBuffers(15598):   int32_t aac-drc-effect-type = 3
06-11 21:14:50.989 D/CCodecBuffers(15598):   int32_t aac-drc-heavy-compression = 1
06-11 21:14:50.989 D/CCodecBuffers(15598):   int32_t aac-drc-output-loudness = -1
06-11 21:14:50.989 D/CCodecBuffers(15598):   int32_t aac-encoded-target-level = -1
06-11 21:14:50.989 D/CCodecBuffers(15598):   int32_t aac-max-output-channel_count = 8
06-11 21:14:50.989 D/CCodecBuffers(15598):   int32_t aac-target-ref-level = 64
06-11 21:14:50.989 D/CCodecBuffers(15598):   int32_t channel-count = 2
06-11 21:14:50.989 D/CCodecBuffers(15598):   string mime = "audio/raw"
06-11 21:14:50.989 D/CCodecBuffers(15598):   int32_t sample-rate = 48000
06-11 21:14:50.989 D/CCodecBuffers(15598): }
06-11 21:14:51.012 W/gralloc4(15598): Buffer descriptor with invalid usage bits 0x2000
06-11 21:14:51.018 W/AudioFlinger(  387): createTrack_l(): mismatch between requested flags (00000008) and output flags (00000002)
06-11 21:14:51.018 D/AudioFlinger(  387): Client defaulted notificationFrames to 8200 for frameCount 16400
06-11 21:14:51.020 D/AF::TrackHandle(  387): OpPlayAudio: track:71 usage:1 not muted
06-11 21:14:51.025 W/gralloc4(  474): Buffer descriptor with invalid usage bits 0x2000
06-11 21:14:51.041 I/VDA     (  474): [1] "got V4L2_EVENT_SOURCE_CHANGE change event. changes 1\n"
06-11 21:14:51.041 I/VDA     (  474): [1] "got resolution change event.\n"
06-11 21:14:51.041 I/VDA     (  474): [1] "VIDIOC_G_FMT format.fmt.pix.width 1920\n"
06-11 21:14:51.041 I/VDA     (  474): [1] "[GetVisibleSize] visible width 1920, height 1080\n"
06-11 21:14:51.041 I/VDA     (  474): [1] "[NeedResolutionChange] dpb(0->10),size(0x0->1920x1080)"
06-11 21:14:51.041 I/VDA     (  474): [1] "StopDevicePoll\n"
06-11 21:14:51.041 I/VDA     (  474): [1] "VIDIOC_G_FMT format.fmt.pix.width 1920\n"
06-11 21:14:51.042 I/VDA     (  474): [1] "[GetVisibleSize] visible width 1920, height 1080\n"
06-11 21:14:51.042 W/gralloc4(15598): Buffer descriptor with invalid usage bits 0x2000
06-11 21:14:51.043 W/gralloc4(  474): Buffer descriptor with invalid usage bits 0x2000
06-11 21:14:51.044 V/android.hardware.media.omx@1.0-service(  474): [0611/211451.043811:VERBOSE1:v4l2_video_decode_accelerator.cc(3173)] CheckInterlaced(): 
06-11 21:14:51.044 I/VDA     (  474): [1] "CheckInterlaced format.fmt.pix.field 1\n"
06-11 21:14:51.044 I/VDA     (  474): [1] "output_planes_count_ 1, format.fmt.pix.width 1920\n"
06-11 21:14:51.044 I/VDA     (  474): [1] "output_dpb_size_ 10, output buffer 10, coded_size_ 1920 x 1088\n"
06-11 21:14:51.044 I/V4l2Adaptor(  474): V4l2Adaptor::ProvidePictureBuffers 10
06-11 21:14:51.044 D/VideoDecWraper(  474): providePictureBuffers:minNumBuffers:10
06-11 21:14:51.044 D/AmlogicVideoDecoderAwesome2(  474): [18]"ProvidePictureBuffers minNumBuffers:10, size(1920x1080) alignsize(1920x1088)"
06-11 21:14:51.044 I/AmlogicVideoDecoderAwesome2(  474): [18]"mActualOutWidth 1920, mActualOutHeight 1080, width 1920, height 1080," "portDef.nBufferCountMin 10, minNumBuffersWithoutSurfaceHold 6\n"
06-11 21:14:51.044 I/AmVideoDec(  474): [1] "setupOutputBufferNum 14\n"
06-11 21:14:51.044 I/V4l2Adaptor(  474): assignPictureBuffers numOutputBuffers 14
06-11 21:14:51.044 I/VDA     (  474): [1] "StartDevicePoll\n"
06-11 21:14:51.123 D/[ 2522.235552@0]  [h264](    0): 1: decoder duration change old: 0 new: 3840
06-11 21:14:51.045 I/VideoDecWraper(  474): importBufferForPicture:0
06-11 21:14:51.173 I/[ 2522.235707@0]  dim(    0): value reg:ch[3]:fix_buf:0;ponly <0,0>
06-11 21:14:51.045 D/VideoDecWraper(  474): outbuf color format NV21
06-11 21:14:51.045 I/V4l2Adaptor(  474): importBufferForPicture pictureBufferId 0, dmabufFd 89, metaFd 90
06-11 21:14:51.045 I/VideoDecWraper(  474): importBufferForPicture:1
06-11 21:14:51.045 D/VideoDecWraper(  474): outbuf color format NV21
06-11 21:14:51.174 I/[ 2522.235722@0]  dim(    0): di_cnt_i_buf1:tvp:0
06-11 21:14:51.179 I/[ 2522.235750@0]  dim(    0): buf large::0x4fb000, 0x5a1000
06-11 21:14:51.179 I/[ 2522.259427@1]  vc(    0): [0]vc: set enable index=0, val=0
06-11 21:14:51.179 I/[ 2522.259452@1]  VID(    0): store VD0 path_id changed 2->-1
06-11 21:14:51.179 I/        (    0): [ 2522.259456@1]  dev->index =0, val=1
06-11 21:14:51.179 I/[ 2522.259459@1]  VID(    0): VD1 off
06-11 21:14:51.179 I/[ 2522.259465@1]  VID(    0): VD1 set global output as 0
06-11 21:14:51.179 I/        (    0): [ 2522.259485@1]  common_vf_unreg_provider video_render.0: vd1 used: true, vd2 used: false, vd3 used: false, black_out:0, cur_buf:00000000ebc7e71a
06-11 21:14:51.179 I/[ 2522.276967@0]  dim(    0): pre_sec_alloc:cma size:10,0xffffffff012f5100,0x53d44000
06-11 21:14:51.179 I/[ 2522.282205@0]  dim(    0): pst_sec_alloc:cma:size:90,0xffffffff012f5380,0x53d4e000
06-11 21:14:51.179 I/[ 2522.282235@0]  vpu(    0): vpu: vpu_dev_clk_gate_on: unsupport vpu mod: 72
06-11 21:14:51.179 I/[ 2522.283249@0]  dim(    0): ch[3]:reg:mem cfg[0][0][0]
06-11 21:14:51.179 I/[ 2522.284640@0]  [amlv4l](    0): [7]: reset mode: 1, es frames buffering: 0
06-11 21:14:51.179 I/[ 2522.303125@0]  [amlv4l](    0): [7]: reset mode: 1, es frames buffering: 0
06-11 21:14:51.045 I/V4l2Adaptor(  474): importBufferForPicture pictureBufferId 1, dmabufFd 91, metaFd 92
06-11 21:14:51.045 I/VideoDecWraper(  474): importBufferForPicture:2
06-11 21:14:51.045 D/VideoDecWraper(  474): outbuf color format NV21
06-11 21:14:51.045 I/V4l2Adaptor(  474): importBufferForPicture pictureBufferId 2, dmabufFd 93, metaFd 94
06-11 21:14:51.045 I/VideoDecWraper(  474): importBufferForPicture:3
06-11 21:14:51.045 D/VideoDecWraper(  474): outbuf color format NV21
06-11 21:14:51.045 I/V4l2Adaptor(  474): importBufferForPicture pictureBufferId 3, dmabufFd 95, metaFd 96
06-11 21:14:51.045 I/V4l2Adaptor(  474): onAssignPictureBuffers numOutputBuffers 14
06-11 21:14:51.045 I/V4l2Adaptor(  474): onImportBufferForPicture pictureBufferId 0, dmabufFd 89, metaFd 90, plane size 1
06-11 21:14:51.045 I/V4l2Adaptor(  474): onImportBufferForPicture addr 0x0, stride 0, offset 0, size 0
06-11 21:14:51.045 I/VDA     (  474): [1] "ImportBufferForPicture picture_buffer_id 0\n"
06-11 21:14:51.045 I/V4l2Adaptor(  474): onImportBufferForPicture pictureBufferId 1, dmabufFd 91, metaFd 92, plane size 1
06-11 21:14:51.045 I/V4l2Adaptor(  474): onImportBufferForPicture addr 0x0, stride 0, offset 0, size 0
06-11 21:14:51.045 I/VDA     (  474): [1] "ImportBufferForPicture picture_buffer_id 1\n"
06-11 21:14:51.045 I/V4l2Adaptor(  474): onImportBufferForPicture pictureBufferId 2, dmabufFd 93, metaFd 94, plane size 1
06-11 21:14:51.045 I/V4l2Adaptor(  474): onImportBufferForPicture addr 0x0, stride 0, offset 0, size 0
06-11 21:14:51.045 I/VDA     (  474): [1] "ImportBufferForPicture picture_buffer_id 2\n"
06-11 21:14:51.045 I/V4l2Adaptor(  474): onImportBufferForPicture pictureBufferId 3, dmabufFd 95, metaFd 96, plane size 1
06-11 21:14:51.045 I/V4l2Adaptor(  474): onImportBufferForPicture addr 0x0, stride 0, offset 0, size 0
06-11 21:14:51.045 I/VDA     (  474): [1] "ImportBufferForPicture picture_buffer_id 3\n"
06-11 21:14:51.045 I/VDA     (  474): [1] "AssignPictureBuffersTask"
06-11 21:14:51.045 I/VDA     (  474): [1] "ImportBufferForPictureTask dmabuf_fds 89\n"
06-11 21:14:51.046 I/VDA     (  474): [1] "----enqueue output STREAMON----\n"
06-11 21:14:51.055 I/VDA     (  474): [1] "ImportBufferForPictureTask dmabuf_fds 91\n"
06-11 21:14:51.056 I/VDA     (  474): [1] "ImportBufferForPictureTask dmabuf_fds 93\n"
06-11 21:14:51.056 W/gralloc4(15598): Buffer descriptor with invalid usage bits 0x2000
06-11 21:14:51.056 I/VDA     (  474): [1] "ImportBufferForPictureTask dmabuf_fds 95\n"
06-11 21:14:51.056 I/VDA     (  474): [1] "decoder_state_ = kDecoding wait -> decoding in decode buffer task"
06-11 21:14:51.061 D/rtk_heartbeat(  349): heartbeat_timed_out: heartbeatCmdCount = 2501, expected nextSeqNum = 2501
06-11 21:14:51.061 W/gralloc4(  474): Buffer descriptor with invalid usage bits 0x2000
06-11 21:14:51.061 D/AmlogicVideoDecoderAwesome2(  474): [18]"======setOutputBuf, line 1298=======:4, 0x0, fd:118"
06-11 21:14:51.061 I/VideoDecWraper(  474): importBufferForPicture:4
06-11 21:14:51.061 D/VideoDecWraper(  474): outbuf color format NV21
06-11 21:14:51.061 I/V4l2Adaptor(  474): importBufferForPicture pictureBufferId 4, dmabufFd 112, metaFd 113
06-11 21:14:51.062 D/rtk_heartbeat(  349): rtkbt_heartbeat_cmpl_cback: Current SeqNum = 2501,should SeqNum=2501, status = 0
06-11 21:14:51.062 I/V4l2Adaptor(  474): onImportBufferForPicture pictureBufferId 4, dmabufFd 112, metaFd 113, plane size 1
06-11 21:14:51.062 I/V4l2Adaptor(  474): onImportBufferForPicture addr 0x0, stride 0, offset 0, size 0
06-11 21:14:51.062 I/VDA     (  474): [1] "ImportBufferForPicture picture_buffer_id 4\n"
06-11 21:14:51.063 I/VDA     (  474): [1] "ImportBufferForPictureTask dmabuf_fds 112\n"
06-11 21:14:51.069 D/stbdpc  (  397): STB_DPGetNumPaths[570]: num_paths: 1
06-11 21:14:51.076 D/JioStbInactivityTimer(  926): Timer: count 101 warningTimeout:10680 timeout:10800
06-11 21:14:51.077 D/JioStbInactivityTimer(  926): isUserActive: Curr:2419842 Prev:2419842
06-11 21:14:51.083 I/VDA     (  474): [1] "got V4L2_EVENT_SOURCE_CHANGE change event. changes 2\n"
06-11 21:14:51.083 I/VDA     (  474): [1] "got HDR Info\n"
06-11 21:14:51.083 I/AmVideoDec(  474): [1] "updateInfo size 200\n"
06-11 21:14:51.215 I/[ 2522.355401@1]  [amlv4l](    0): [7]: reset mode: 1, es frames buffering: 0
06-11 21:14:51.261 I/[ 2522.357563@0]  VID(    0): VD1 off
06-11 21:14:51.261 I/[ 2522.357663@0]  vc(    0): [0]vc: set enable index=0, val=1
06-11 21:14:51.261 I/        (    0): [ 2522.357684@0]  dev->index =0, val=2
06-11 21:14:51.261 I/[ 2522.357687@0]  VID(    0): VD1 off
06-11 21:14:51.261 I/[ 2522.357691@0]  VID(    0): VD1 set global output as 1
06-11 21:14:51.261 I/[ 2522.357721@0]  VID(    0): store VD0 path_id changed -1->2
06-11 21:14:51.261 I/[ 2522.357737@0]  vc(    0): [0]sideband_type =-1
06-11 21:14:51.261 D/[ 2522.373342@3]  [amlcom](    0): vdec_release instance 00000000abc3a08c, total 2
06-11 21:14:51.261 I/[ 2522.373501@3]  v4lvideo(    0): di_p bypass 0
06-11 21:14:51.261 I/[ 2522.374816@2]  dim(    0): unreg:use[0]ms
06-11 21:14:51.261 I/[ 2522.374831@2]  dim(    0): di_destroy_instance:ch[2]:end
06-11 21:14:51.261 I/[ 2522.375880@2]  resman(    0): 35 release [decoder]
06-11 21:14:51.261 I/[ 2522.375895@2]  resman(    0): 35 release [codec_mm]
06-11 21:14:51.261 E/        (    0): [ 2522.381517@3]  disalbe fastplay
06-11 21:14:51.083 D/VideoDecWraper(  474): onUpdateDecInfo info 0xf21df180, size 200
06-11 21:14:51.087 W/gralloc4(15598): Buffer descriptor with invalid usage bits 0x2000
06-11 21:14:51.088 W/gralloc4(  474): Buffer descriptor with invalid usage bits 0x2000
06-11 21:14:51.089 D/AmlogicVideoDecoderAwesome2(  474): [18]"======setOutputBuf, line 1298=======:5, 0x0, fd:123"
06-11 21:14:51.089 I/VideoDecWraper(  474): importBufferForPicture:5
06-11 21:14:51.089 D/VideoDecWraper(  474): outbuf color format NV21
06-11 21:14:51.089 I/V4l2Adaptor(  474): importBufferForPicture pictureBufferId 5, dmabufFd 114, metaFd 115
06-11 21:14:51.090 I/V4l2Adaptor(  474): onImportBufferForPicture pictureBufferId 5, dmabufFd 114, metaFd 115, plane size 1
06-11 21:14:51.090 I/V4l2Adaptor(  474): onImportBufferForPicture addr 0x0, stride 0, offset 0, size 0
06-11 21:14:51.090 I/VDA     (  474): [1] "ImportBufferForPicture picture_buffer_id 5\n"
06-11 21:14:51.090 I/VDA     (  474): [1] "ImportBufferForPictureTask dmabuf_fds 114\n"
06-11 21:14:51.090 I/AmlogicVideoDecoderAwesome2(  474): [18]"check_stream_info mInPutFrameCount 3\n"
06-11 21:14:51.090 D/AmlogicVideoDecoderAwesome2(  474): [18]"=7, =1920, =1080, =0, =0, =1000000000000, =1000000160000, =1000000040000, =205082, =162412, =24721"
06-11 21:14:51.099 V/DigitalSignage(  633): Package Name: null
06-11 21:14:51.101 V/DigitalSignage(  633): Left: 0
06-11 21:14:51.101 V/DigitalSignage(  633): Right: 0
06-11 21:14:51.101 V/DigitalSignage(  633): Top: 0
06-11 21:14:51.101 V/DigitalSignage(  633): Bottom: 0
06-11 21:14:51.101 D/DigitalSignage(  633): else - Package Name :: null left : 0 right :: 0 top :: 0 bottom :: 0 dfu-right :: 1920 dfu-bottom :: 1080
06-11 21:14:51.105 D/MesonHwc(  360): VideoComposerDev (10) set (0).
06-11 21:14:51.106 D/NU-AmNuPlayerDriver(  465): reset(0xf3992aa0) at state 6
06-11 21:14:51.106 D/NU-AmNuPlayerDriver(  465): notifyListener_l(0xf3992aa0), (8, 0, 0, -1), loop setting(0, 0)
06-11 21:14:51.107 I/NU-GenericSource(  465): --->disconnect<---
06-11 21:14:51.107 I/NU-GenericSource(  465): --->disconnect OK 
06-11 21:14:51.110 D/SystemControl(  346): [CPQControl]:onVframeSizeChange: event value = 10(0xa)!
06-11 21:14:51.110 D/SystemControl(  346): [CPQControl]:onVframeSizeChange: send hdr event,info is 6.!
06-11 21:14:51.110 I/NU-AmNuPlayerDecoder(  465): [doFlush:939] audio flushing 
06-11 21:14:51.110 I/NU-AmNuPlayerDecoder(  465): [doFlush:946] audio flushing 
06-11 21:14:51.110 D/JioServiceSysCtrlEvent( 1856): notifyHdrInfoChangedCallback newHdrInfo:6
06-11 21:14:51.110 D/NU-AmNuPlayerDriver(  465): notifyListener_l(0xf3992aa0), (211, 0, 0, 20), loop setting(0, 0)
06-11 21:14:51.111 I/NU-AmNuPlayerDecoder(  465): [doFlush:939] video flushing 
06-11 21:14:51.111 I/NU-AmNuPlayerDecoder(  465): [doFlush:946] video flushing 
06-11 21:14:51.111 I/NU-AmNuPlayerDecoder(  465): [doFlush:952] audio flushing 
06-11 21:14:51.111 I/NU-AmNuPlayer(  465): decoder audio flush completed
06-11 21:14:51.114 I/lowmemorykiller(  231): medium memory pressure event is triggered for new strategy
06-11 21:14:51.115 D/lowmemorykiller(  231): LMKD mp_event_psi kill_reasons available are PRESSURE_AFTER_KILL, NOT_RESPONDING, LOW_SWAP_AND_THRASHING, LOW_MEM_AND_SWAP, LOW_MEM_AND_THRASHING, DIRECT_RECL_AND_THRASHING
06-11 21:14:51.115 D/lowmemorykiller(  231): LMKD mp_event_psi kill_reason received= -1
06-11 21:14:51.116 V/DigitalSignage(  633): Package Name: null
06-11 21:14:51.117 V/DigitalSignage(  633): Left: 0
06-11 21:14:51.117 V/DigitalSignage(  633): Right: 0
06-11 21:14:51.117 V/DigitalSignage(  633): Top: 0
06-11 21:14:51.117 V/DigitalSignage(  633): Bottom: 0
06-11 21:14:51.117 D/DigitalSignage(  633): else - Package Name :: null left : 0 right :: 0 top :: 0 bottom :: 0 dfu-right :: 1920 dfu-bottom :: 1080
06-11 21:14:51.121 F/linker  (15808): CANNOT LINK EXECUTABLE "/system/bin/smartcable/smartCableSTBApp": library "libmosquitto.so" not found: needed by main executable
06-11 21:14:51.126 I/NU-AmNuPlayerRenderer(  465): clearAnchorTime
06-11 21:14:51.126 I/NU-AmNuPlayerRenderer(  465): misTrickmode 0
06-11 21:14:51.126 I/NU-AmNuPlayerRenderer(  465): flushing audio
06-11 21:14:51.127 I/OmxComponent(  474): OMX_CommandFlush 850 Cmd 0x1 nParam1 0xffffffff
06-11 21:14:51.127 I/NU-AmNuPlayerRenderer(  465): clearAnchorTime
06-11 21:14:51.127 I/OmxComponent(  474): OMX.amlogic.avc.decoder.awesome2: flush input
06-11 21:14:51.127 V/AmlogicVideoDecoderAwesome2(  474): [17]flushInput:978 >
06-11 21:14:51.127 V/OMX_WorkerPeer(  474): vendor/amlogic/common/omx/omx_framework/WorkerPeer.cpp:flushInput:57 --------------------
06-11 21:14:51.127 V/AmlogicVideoDecoderAwesome2(  474): [17]pause:333 >
06-11 21:14:51.127 V/AmlogicVideoDecoderAwesome2(  474): [17]reset:381 >
06-11 21:14:51.127 D/AmlogicVideoDecoderAwesome2(  474): [17]"reset_1"
06-11 21:14:51.127 D/VideoDecWraper(  474): reset
06-11 21:14:51.127 I/AmVideoDec(  474): [0] "reset\n"
06-11 21:14:51.127 I/VDA     (  474): [0] "Reset\n"
06-11 21:14:51.127 I/NU-AmNuPlayerRenderer(  465): misTrickmode 0
06-11 21:14:51.127 I/NU-AmNuPlayerRenderer(  465): flushing video
06-11 21:14:51.129 I/VDA     (  474): [0] "ResetTask\n"
06-11 21:14:51.129 I/VDA     (  474): [0] "FinishReset\n"
06-11 21:14:51.129 I/VDA     (  474): [0] "StopDevicePoll\n"
06-11 21:14:51.130 V/android.hardware.media.omx@1.0-service(  474): [0611/211451.130331:VERBOSE1:v4l2_video_decode_accelerator.cc(3145)] CheckInterlaced(): 
06-11 21:14:51.130 D/AmlogicVideoDecoderAwesome2(  474): Calculate duration from pts is 0
06-11 21:14:51.130 I/VDA     (  474): [1] "VIDIOC_G_FMT format.fmt.pix.width 1920\n"
06-11 21:14:51.130 I/VDA     (  474): [1] "[GetVisibleSize] visible width 1920, height 1080\n"
06-11 21:14:51.130 I/VDA     (  474): [1] "CheckInterlaced format.fmt.pix.field 1\n"
06-11 21:14:51.130 I/VDA     (  474): [0] "StopOutputStream output_buffer_map_.size() 14\n"
06-11 21:14:51.130 I/VDA     (  474): [0] "----stop output VIDIOC_STREAMOFF----\n"
06-11 21:14:51.138 W/gralloc4(15598): Buffer descriptor with invalid usage bits 0x2000
06-11 21:14:51.143 I/hw-BpHwBinder(  465): onLastStrongRef automatically unlinking death recipients
06-11 21:14:51.143 W/gralloc4(  474): Buffer descriptor with invalid usage bits 0x2000
06-11 21:14:51.143 D/BufferPoolAccessor2.0(  465): bufferpool2 0xf3982cd8 : 0(0 size) total buffers - 0(0 size) used buffers - 189/197 (recycle/alloc) - 8/193 (fetch/transfer)
06-11 21:14:51.144 I/hw-BpHwBinder(  477): onLastStrongRef automatically unlinking death recipients
06-11 21:14:51.144 D/AmlogicVideoDecoderAwesome2(  474): [18]"======setOutputBuf, line 1298=======:6, 0x0, fd:129"
06-11 21:14:51.144 I/VideoDecWraper(  474): importBufferForPicture:6
06-11 21:14:51.144 D/VideoDecWraper(  474): outbuf color format NV21
06-11 21:14:51.144 I/V4l2Adaptor(  474): importBufferForPicture pictureBufferId 6, dmabufFd 117, metaFd 121
06-11 21:14:51.144 I/V4l2Adaptor(  474): onImportBufferForPicture pictureBufferId 6, dmabufFd 117, metaFd 121, plane size 1
06-11 21:14:51.144 I/V4l2Adaptor(  474): onImportBufferForPicture addr 0x0, stride 0, offset 0, size 0
06-11 21:14:51.144 I/VDA     (  474): [1] "ImportBufferForPicture picture_buffer_id 6\n"
06-11 21:14:51.144 I/VDA     (  474): [1] "ImportBufferForPictureTask dmabuf_fds 117\n"
06-11 21:14:51.145 I/NU-AmNuPlayer(  465): audio shutdown completed
06-11 21:14:51.145 I/NU-AmNuPlayer(  465): audio setHasNoMedia
06-11 21:14:51.147 I/VDA     (  474): [1] "ServiceDeviceTask(): buffer counts: IN[5,5], OUT[7,1,1] DEC[0->0] => DEVICE[2+1/3->0+6/14] => CLIENT[1]\n"
06-11 21:14:51.147 I/NuPlayerDecoderBase(  465): ReadDataHandler release.
06-11 21:14:51.147 I/MessageMonitor(  465): ReadDataHandler MessageMonitor exit
06-11 21:14:51.148 I/MessageMonitor(  465): NU-AmNuPlayerDecoder-audN MessageMonitor exit
06-11 21:14:51.148 W/AMessage(  465): failed to deliver message as target handler 35 is gone.
06-11 21:14:51.155 D/AmlogicVideoDecoderAwesome2(  474): Calculate duration from pts is 0
06-11 21:14:51.156 W/gralloc4(15598): Buffer descriptor with invalid usage bits 0x2000
06-11 21:14:51.157 W/gralloc4(  474): Buffer descriptor with invalid usage bits 0x2000
06-11 21:14:51.157 D/AmlogicVideoDecoderAwesome2(  474): [18]"======setOutputBuf, line 1298=======:7, 0x0, fd:134"
06-11 21:14:51.157 I/VideoDecWraper(  474): importBufferForPicture:7
06-11 21:14:51.157 D/VideoDecWraper(  474): outbuf color format NV21
