06-11 21:15:05.805 D/dvb_iptv(  397): ReadEmmNetworkTask[1537]: EMM Select Timeout Occured 52
06-11 21:15:05.897 D/stbdpc  (  397): STB_DPGetNumPaths[570]: num_paths: 1
06-11 21:15:05.978 E/newrelic(16088): setEntity_guid: invalid entity guid value!
06-11 21:15:05.983 D/newrelic(16088): Harvest Configuration: HarvestConfiguration{collect_network_errors=true, cross_process_id='null', data_report_period=60, data_token=[1120107382, 1120351050], error_limit=50, report_max_transaction_age=600, report_max_transaction_count=1000, response_body_limit=2048, server_timestamp=0, stack_trace_limit=100, activity_trace_max_size=65535, activity_trace_max_report_attempts=1, activity_trace_min_utilization=0.30000001192092896, at_capture=ActivityTraceConfiguration{maxTotalTraceCount=1}, priority_encoding_key=d67afc830dab717fd163bfcb0b8b88423e9a1a3b, account_id=3582066, application_id=1120107382, trusted_account_key=2006878, entity_guid=MzU4MjA2NnxNT0JJTEV8QVBQTElDQVRJT058MTEyMDEwNzM4Mg, remote_configuration=com.newrelic.agent.android.RemoteConfiguration@68c23c4, request_headers_map={NR-AgentConfiguration=AQAAAY+CfOAI, NR-Session=BiyuypIpGXVEADaockLHM0oAAAEBLCQoAAAAHQECBELDe3bIAAAAAWhJpIEDAAU3LjYuMAAAAApkaXNjb3Zlcnkr}}
06-11 21:15:05.983 D/newrelic(16088): Setting server timestamp: 0
06-11 21:15:05.985 I/newrelic(16088): Saving configuration: HarvestConfiguration{collect_network_errors=true, cross_process_id='null', data_report_period=60, data_token=[1120107382, 1120351050], error_limit=50, report_max_transaction_age=600, report_max_transaction_count=1000, response_body_limit=2048, server_timestamp=0, stack_trace_limit=100, activity_trace_max_size=65535, activity_trace_max_report_attempts=1, activity_trace_min_utilization=0.30000001192092896, at_capture=ActivityTraceConfiguration{maxTotalTraceCount=1}, priority_encoding_key=d67afc830dab717fd163bfcb0b8b88423e9a1a3b, account_id=3582066, application_id=1120107382, trusted_account_key=2006878, entity_guid=MzU4MjA2NnxNT0JJTEV8QVBQTElDQVRJT058MTEyMDEwNzM4Mg, remote_configuration=com.newrelic.agent.android.RemoteConfiguration@68c23c4, request_headers_map={NR-AgentConfiguration=AQAAAY+CfOAI, NR-Session=BiyuypIpGXVEADaockLHM0oAAAEBLCQoAAAAHQECBELDe3bIAAAAAWhJpIEDAAU3LjYuMAAAAApkaXNjb3Zlcnkr}}
06-11 21:15:05.987 I/newrelic(16088): Saving data token: [1120107382,1120351050]
06-11 21:15:05.995 I/newrelic(16088): Loaded configuration: HarvestConfiguration{collect_network_errors=true, cross_process_id='null', data_report_period=60, data_token=[1120107382, 1120351050], error_limit=50, report_max_transaction_age=600, report_max_transaction_count=1000, response_body_limit=2048, server_timestamp=0, stack_trace_limit=100, activity_trace_max_size=65535, activity_trace_max_report_attempts=1, activity_trace_min_utilization=0.30000001192092896, at_capture=ActivityTraceConfiguration{maxTotalTraceCount=1}, priority_encoding_key=d67afc830dab717fd163bfcb0b8b88423e9a1a3b, account_id=3582066, application_id=1120107382, trusted_account_key=2006878, entity_guid=MzU4MjA2NnxNT0JJTEV8QVBQTElDQVRJT058MTEyMDEwNzM4Mg, remote_configuration=com.newrelic.agent.android.RemoteConfiguration@ae2a9e2, request_headers_map={NR-AgentConfiguration=AQAAAY+CfOAI, NR-Session=BiyuypIpGXVEADaockLHM0oAAAEBLCQoAAAAHQECBELDe3bIAAAAAWhJpIEDAAU3LjYuMAAAAApkaXNjb3Zlcnkr}}
06-11 21:15:05.997 D/stbdpc  (  397): STB_DPGetNumPaths[570]: num_paths: 1
06-11 21:15:06.047 D/newrelic(16088): Event [ApplicationExit] added to queue
06-11 21:15:06.057 D/newrelic(16088): AEI: inspected 9 records: new[1] existing [0]
06-11 21:15:06.072 D/newrelic(16088): Event [ApplicationExit] added to queue
06-11 21:15:06.073 D/newrelic(16088): AEI: inspected 9 records: new[2] existing [0]
06-11 21:15:06.073 D/rtk_heartbeat(  349): heartbeat_timed_out: heartbeatCmdCount = 2516, expected nextSeqNum = 2516
06-11 21:15:06.074 F/linker  (16205): CANNOT LINK EXECUTABLE "/system/bin/smartcable/smartCableSTBApp": library "libmosquitto.so" not found: needed by main executable
06-11 21:15:06.075 D/rtk_heartbeat(  349): rtkbt_heartbeat_cmpl_cback: Current SeqNum = 2516,should SeqNum=2516, status = 0
06-11 21:15:06.078 D/JioStbInactivityTimer(  926): Timer: count 116 warningTimeout:10680 timeout:10800
06-11 21:15:06.078 D/JioStbInactivityTimer(  926): isUserActive: Curr:2419842 Prev:2419842
06-11 21:15:06.097 D/stbdpc  (  397): STB_DPGetNumPaths[570]: num_paths: 1
06-11 21:15:06.097 D/newrelic(16088): Event [ApplicationExit] added to queue
06-11 21:15:06.105 D/newrelic(16088): AEI: inspected 9 records: new[3] existing [0]
06-11 21:15:06.108 V/newrelic(16088): Registering trace of External/unknownhost with parent Display LunaBaseActivity
06-11 21:15:06.115 D/newrelic(16088): Event [ApplicationExit] added to queue
06-11 21:15:06.126 D/newrelic(16088): AEI: inspected 9 records: new[4] existing [0]
06-11 21:15:06.139 D/newrelic(16088): Event [ApplicationExit] added to queue
06-11 21:15:06.144 D/newrelic(16088): AEI: inspected 9 records: new[5] existing [0]
06-11 21:15:06.144 V/newrelic(16088): Registering trace of External/unknownhost with parent Display LunaBaseActivity
06-11 21:15:06.155 D/newrelic(16088): Event [NetworkRequest] added to queue
06-11 21:15:06.163 D/newrelic(16088): Event [NetworkRequest] added to queue
06-11 21:15:06.164 I/ryplus.tv.jiot(16088): oneway function results will be dropped but finished with status OK and parcel size 4
06-11 21:15:06.164 D/newrelic(16088): Event [ApplicationExit] added to queue
06-11 21:15:06.165 D/newrelic(16088): Event [NetworkRequest] added to queue
06-11 21:15:06.165 D/newrelic(16088): AEI: inspected 9 records: new[6] existing [0]
06-11 21:15:06.172 D/newrelic(16088): Event [ApplicationExit] added to queue
06-11 21:15:06.173 D/newrelic(16088): AEI: inspected 9 records: new[7] existing [0]
06-11 21:15:06.177 I/e.swalekh.abct( 1359): oneway function results will be dropped but finished with status OK and parcel size 4
06-11 21:15:06.178 D/newrelic(16088): Event [ApplicationExit] added to queue
06-11 21:15:06.180 D/newrelic(16088): AEI: inspected 9 records: new[8] existing [0]
06-11 21:15:06.186 D/JioSTBMRServer-SERVICE( 3589): InetSocketAddress(InetAddress.getByName(inetAddress.hostAddress)-/192.168.1.255
06-11 21:15:06.186 D/JioSTBMRServer-SERVICE( 3589): #beacon:RKISBFJ60000097:0:false:0:1:SV=181024 , 192.168.1.255
06-11 21:15:06.187 D/newrelic(16088): Event [ApplicationExit] added to queue
06-11 21:15:06.187 D/newrelic(16088): AEI: inspected 9 records: new[9] existing [0]
06-11 21:15:06.189 D/newrelic(16088): Harvester changing state: DISCONNECTED -> CONNECTED
06-11 21:15:06.189 D/newrelic(16088): Harvester state: CONNECTED
06-11 21:15:06.191 D/newrelic(16088): HarvestData.setSessionAttributes invoked with attribute set [AnalyticsAttribute{name='upgradeFrom',stringValue='4.0.1',isPersistent=true}, AnalyticsAttribute{name='osBuild',stringValue='43',isPersistent=true}, AnalyticsAttribute{name='newRelicVersion',stringValue='7.6.0',isPersistent=true}, AnalyticsAttribute{name='osMajorVersion',stringValue='11',isPersistent=true}, AnalyticsAttribute{name='sessionId',stringValue='6df114bf-29bb-4ff9-bdd0-461f1e47e1fc',isPersistent=false}, AnalyticsAttribute{name='osName',stringValue='Android',isPersistent=true}, AnalyticsAttribute{name='uuid',stringValue='1c774143-eb53-4b93-9562-d1bf496d0449',isPersistent=true}, AnalyticsAttribute{name='platform',stringValue='Native',isPersistent=true}, AnalyticsAttribute{name='appBuild',stringValue='176',isPersistent=true}, AnalyticsAttribute{name='carrier',stringValue='wifi',isPersistent=true}, AnalyticsAttribute{name='osVersion',stringValue='11',isPersistent=true}, AnalyticsAttribute{name='lastInteraction',stringValue='Display LunaBaseActivity',isPersistent=true}, AnalyticsAttribute{name='platformVersion',stringValue='7.6.0',isPersistent=true}, AnalyticsAttribute{name='deviceModel',stringValue='JMSB200A',isPersistent=true}, AnalyticsAttribute{name='memUsageMb',doubleValue='31.0',isPersistent=true}, AnalyticsAttribute{name='runTime',stringValue='2.1.0',isPersistent=true}, AnalyticsAttribute{name='deviceManufacturer',stringValue='Jio',isPersistent=true}, AnalyticsAttribute{name='architecture',stringValue='armv8l',isPersistent=true}]
06-11 21:15:06.191 D/newrelic(16088): EventManager: [13] events moved from buffer to HarvestData
06-11 21:15:06.192 E/newrelic(16088): Metric.increment() called with value[0] less then or equal to zero
06-11 21:15:06.194 D/JioSTBMRServer-SERVICE( 3589): InetSocketAddress(InetAddress.getByName(inetAddress.hostAddress)-/192.168.1.255
06-11 21:15:06.194 D/JioSTBMRServer-SERVICE( 3589): #broadcast IP:192.168.1.255
06-11 21:15:06.197 D/stbdpc  (  397): STB_DPGetNumPaths[570]: num_paths: 1
06-11 21:15:06.206 I/newrelic(16088): Harvester: connected
06-11 21:15:06.206 I/newrelic(16088): Harvester: Sending [3] HTTP transactions.
06-11 21:15:06.207 I/newrelic(16088): Harvester: Sending [0] activity traces.
06-11 21:15:06.207 I/newrelic(16088): Harvester: Sending [18] session attributes.
06-11 21:15:06.207 I/newrelic(16088): Harvester: Sending [13] analytics events.
06-11 21:15:06.222 W/newrelic(16088): PayloadController: Upload of payload [2b46b900-19b2-4184-82ca-fc32cb1e0b51] is already in progress.
06-11 21:15:06.223 W/newrelic(16088): PayloadController: Upload of payload [42c0c094-b807-4212-bb3a-960890b6ae2c] is already in progress.
06-11 21:15:06.227 W/newrelic(16088): PayloadController: Upload of payload [5b148475-7da1-469e-8385-ce80f9f70889] is already in progress.
06-11 21:15:06.240 E/TaskPersister(  633): File error accessing recents directory (directory doesn't exist?).
06-11 21:15:06.294 D/newrelic(16088): OkHttp3TransactionStateUtil: Missing body or content length
06-11 21:15:06.295 V/newrelic(16088): Added trace bfc94666-a9eb-78c8-965e-6593605a581f missing children: 1
06-11 21:15:06.297 D/stbdpc  (  397): STB_DPGetNumPaths[570]: num_paths: 1
06-11 21:15:06.305 D/dvb_iptv(  397): ReadEmmNetworkTask[1537]: EMM Select Timeout Occured 53
06-11 21:15:06.337 D/newrelic(16088): OkHttp3TransactionStateUtil: Missing body or content length
06-11 21:15:06.342 V/newrelic(16088): Added trace e8bce8ab-868c-e191-e796-1bcb7bad07c8 missing children: 0
06-11 21:15:06.398 D/stbdpc  (  397): STB_DPGetNumPaths[570]: num_paths: 1
06-11 21:15:06.404 E/WifiVendorHal(  633): getWifiLinkLayerStats_1_3_Internal(l.973) failed {.code = ERROR_UNKNOWN, .description = unknown error}
06-11 21:15:06.484 D/newrelic(16088): Payload [42c0c094-b807-4212-bb3a-960890b6ae2c] delivery took 282ms
06-11 21:15:06.498 D/stbdpc  (  397): STB_DPGetNumPaths[570]: num_paths: 1
06-11 21:15:06.540 D/newrelic(16088): Payload [5b148475-7da1-469e-8385-ce80f9f70889] delivery took 333ms
06-11 21:15:06.541 V/newrelic(16088): Registering trace of External/unknownhost with parent Display LunaBaseActivity
06-11 21:15:06.549 V/newrelic(16088): Registering trace of External/unknownhost with parent Display LunaBaseActivity
06-11 21:15:06.554 V/newrelic(16088): Registering trace of External/unknownhost with parent Display LunaBaseActivity
06-11 21:15:06.597 D/newrelic(16088): Payload [2b46b900-19b2-4184-82ca-fc32cb1e0b51] delivery took 367ms
06-11 21:15:06.598 D/stbdpc  (  397): STB_DPGetNumPaths[570]: num_paths: 1
06-11 21:15:06.657 D/newrelic(16088): OkHttp3TransactionStateUtil: Missing body or content length
06-11 21:15:06.657 V/newrelic(16088): Added trace 1c3bd73d-34f5-033b-6f7b-0d1224d6fb90 missing children: 2
06-11 21:15:06.677 D/newrelic(16088): Harvest data response: OK
06-11 21:15:06.677 D/newrelic(16088): Harvest data response status code: 200
06-11 21:15:06.677 D/ltts_ip_emm(  397): LTTS_IP_DMXStartEMM[381]: parse_emm_cat_status failed
06-11 21:15:06.679 D/newrelic(16088): Event [Breadcrumb] added to queue
06-11 21:15:06.679 D/newrelic(16088): EventManager.addEvent(): Queue is empty, setting first event timestamp to 1749656706679
06-11 21:15:06.680 I/newrelic(16088): Saving configuration: HarvestConfiguration{collect_network_errors=true, cross_process_id='null', data_report_period=60, data_token=[1120107382, 1120351050], error_limit=50, report_max_transaction_age=600, report_max_transaction_count=1000, response_body_limit=2048, server_timestamp=0, stack_trace_limit=100, activity_trace_max_size=65535, activity_trace_max_report_attempts=1, activity_trace_min_utilization=0.30000001192092896, at_capture=ActivityTraceConfiguration{maxTotalTraceCount=1}, priority_encoding_key=d67afc830dab717fd163bfcb0b8b88423e9a1a3b, account_id=3582066, application_id=1120107382, trusted_account_key=2006878, entity_guid=MzU4MjA2NnxNT0JJTEV8QVBQTElDQVRJT058MTEyMDEwNzM4Mg, remote_configuration=com.newrelic.agent.android.RemoteConfiguration@68c23c4, request_headers_map={NR-AgentConfiguration=AQAAAY+CfOAI, NR-Session=BiyuypIpGXVEADaockLHM0oAAAEBLCQoAAAAHQECBELDe3bIAAAAAWhJpIEDAAU3LjYuMAAAAApkaXNjb3Zlcnkr}}
06-11 21:15:06.680 I/newrelic(16088): Saving data token: [1120107382,1120351050]
06-11 21:15:06.686 I/newrelic(16088): Loaded configuration: HarvestConfiguration{collect_network_errors=true, cross_process_id='null', data_report_period=60, data_token=[1120107382, 1120351050], error_limit=50, report_max_transaction_age=600, report_max_transaction_count=1000, response_body_limit=2048, server_timestamp=0, stack_trace_limit=100, activity_trace_max_size=65535, activity_trace_max_report_attempts=1, activity_trace_min_utilization=0.30000001192092896, at_capture=ActivityTraceConfiguration{maxTotalTraceCount=1}, priority_encoding_key=d67afc830dab717fd163bfcb0b8b88423e9a1a3b, account_id=3582066, application_id=1120107382, trusted_account_key=2006878, entity_guid=MzU4MjA2NnxNT0JJTEV8QVBQTElDQVRJT058MTEyMDEwNzM4Mg, remote_configuration=com.newrelic.agent.android.RemoteConfiguration@d1ba3d6, request_headers_map={NR-AgentConfiguration=AQAAAY+CfOAI, NR-Session=BiyuypIpGXVEADaockLHM0oAAAEBLCQoAAAAHQECBELDe3bIAAAAAWhJpIEDAAU3LjYuMAAAAApkaXNjb3Zlcnkr}}
06-11 21:15:06.686 D/newrelic(16088): Harvest: executed
06-11 21:15:06.687 D/newrelic(16088): HarvestTimer tick took 2543ms
06-11 21:15:06.687 D/newrelic(16088): Set last tick time to: 1749656706686
06-11 21:15:06.698 D/stbdpc  (  397): STB_DPGetNumPaths[570]: num_paths: 1
06-11 21:15:06.727 D/newrelic(16088): OkHttp3TransactionStateUtil: Missing body or content length
06-11 21:15:06.728 V/newrelic(16088): Added trace 1dd350d4-62fb-a431-1d76-bdb6d54a2eb2 missing children: 1
06-11 21:15:06.729 D/newrelic(16088): OkHttp3TransactionStateUtil: Missing body or content length
06-11 21:15:06.729 V/newrelic(16088): Added trace b3092cc2-457e-99e8-8ed7-1bc0e62342ee missing children: 0
06-11 21:15:06.741 V/newrelic(16088): Registering trace of Gson#fromJson with parent Display LunaBaseActivity
06-11 21:15:06.752 V/newrelic(16088): Added trace 5debc700-5033-4565-ca8f-1b1ea572bab0 missing children: 0
06-11 21:15:06.758 E/newrelic(16088): Unable to get obfuscated flag in crash
06-11 21:15:06.784 D/newrelic(16088): PayloadController: 0ms. waiting to submit payload [b63279c7-22e7-4910-a682-022a165d2111].
06-11 21:15:06.798 D/stbdpc  (  397): STB_DPGetNumPaths[570]: num_paths: 1
06-11 21:15:06.805 D/dvb_iptv(  397): ReadEmmNetworkTask[1537]: EMM Select Timeout Occured 54
06-11 21:15:06.899 D/stbdpc  (  397): STB_DPGetNumPaths[570]: num_paths: 1
06-11 21:15:06.999 D/stbdpc  (  397): STB_DPGetNumPaths[570]: num_paths: 1
06-11 21:15:07.074 D/rtk_heartbeat(  349): heartbeat_timed_out: heartbeatCmdCount = 2517, expected nextSeqNum = 2517
06-11 21:15:07.075 D/rtk_heartbeat(  349): rtkbt_heartbeat_cmpl_cback: Current SeqNum = 2517,should SeqNum=2517, status = 0
06-11 21:15:07.077 D/JioStbInactivityTimer(  926): Timer: count 117 warningTimeout:10680 timeout:10800
06-11 21:15:07.077 D/JioStbInactivityTimer(  926): isUserActive: Curr:2419842 Prev:2419842
06-11 21:15:07.099 D/stbdpc  (  397): STB_DPGetNumPaths[570]: num_paths: 1
06-11 21:15:07.169 D/newrelic(16088): Event [NetworkRequest] added to queue
06-11 21:15:07.173 I/chatty  (16088): uid=10084(com.discoveryplus.tv.jiotv) NR_TaskQueue-1 identical 1 line
06-11 21:15:07.176 D/newrelic(16088): Event [NetworkRequest] added to queue
06-11 21:15:07.179 V/newrelic(16088): Registering trace of External/unknownhost with parent Display LunaBaseActivity
06-11 21:15:07.179 D/newrelic(16088): Event [NetworkRequest] added to queue
06-11 21:15:07.181 D/newrelic(16088): Event [NetworkRequest] added to queue
06-11 21:15:07.183 V/newrelic(16088): Trace fcbe480c-ba62-b835-4078-e8127e0247f0 is now active
06-11 21:15:07.183 V/newrelic(16088): Registering trace of JSONObject#toString with parent Display LunaBaseActivity
06-11 21:15:07.183 V/newrelic(16088): Added trace 00af96d3-38af-4870-52df-b330c05c365c missing children: 1
06-11 21:15:07.184 V/newrelic(16088): Trace fcbe480c-ba62-b835-4078-e8127e0247f0 is now active
06-11 21:15:07.184 V/newrelic(16088): Registering trace of JSONObject#toString with parent Display LunaBaseActivity
06-11 21:15:07.184 V/newrelic(16088): Added trace a04c99dd-9d83-8fff-a64d-1cb3345fad35 missing children: 1
06-11 21:15:07.199 D/stbdpc  (  397): STB_DPGetNumPaths[570]: num_paths: 1
06-11 21:15:07.299 D/stbdpc  (  397): STB_DPGetNumPaths[570]: num_paths: 1
06-11 21:15:07.305 D/dvb_iptv(  397): ReadEmmNetworkTask[1537]: EMM Select Timeout Occured 55
06-11 21:15:07.330 D/SharedPreferencesImpl(15845): Time required to fsync /data/user/0/com.hoichoi.mitv/shared_prefs/WizRocket.xml: [<1: 0, <2: 0, <4: 0, <8: 3, <16: 2, <32: 0, <64: 0, <128: 0, <256: 0, <512: 1, <1024: 0, <2048: 0, <4096: 0, <8192: 0, <16384: 0, >=16384: 0]
06-11 21:15:07.330 D/SharedPreferencesImpl(16088): Time required to fsync /data/user/0/com.discoveryplus.tv.jiotv/shared_prefs/NRPayloadStore.xml: [<1: 0, <2: 0, <4: 0, <8: 2, <16: 0, <32: 0, <64: 0, <128: 0, <256: 0, <512: 1, <1024: 0, <2048: 0, <4096: 0, <8192: 0, <16384: 0, >=16384: 0]
06-11 21:15:07.399 D/stbdpc  (  397): STB_DPGetNumPaths[570]: num_paths: 1
06-11 21:15:07.500 I/chatty  (  397): uid=0(root) DK-SiCntrl identical 1 line
06-11 21:15:07.600 D/stbdpc  (  397): STB_DPGetNumPaths[570]: num_paths: 1
06-11 21:15:07.612 D/SharedPreferencesImpl(15845): Time required to fsync /data/user/0/com.hoichoi.mitv/shared_prefs/WizRocket_ARP:8W6-4W8-8R5Z:__e9cc410b33474772857fec2970ed35a1.xml: [<1: 0, <2: 0, <4: 0, <8: 2, <16: 0, <32: 0, <64: 0, <128: 0, <256: 0, <512: 1, <1024: 0, <2048: 0, <4096: 0, <8192: 0, <16384: 0, >=16384: 0]
06-11 21:15:07.700 D/stbdpc  (  397): STB_DPGetNumPaths[570]: num_paths: 1
06-11 21:15:07.767 I/ThermalService(  969): CPU temperatures: [62.4]
06-11 21:15:07.800 D/stbdpc  (  397): STB_DPGetNumPaths[570]: num_paths: 1
06-11 21:15:07.805 D/dvb_iptv(  397): ReadEmmNetworkTask[1537]: EMM Select Timeout Occured 56
06-11 21:15:07.901 D/stbdpc  (  397): STB_DPGetNumPaths[570]: num_paths: 1
06-11 21:15:07.932 D/JioLauncher( 1773): overlay status check for wifi and bt remote false false
06-11 21:15:07.936 D/Match code1( 1439): 2
06-11 21:15:07.936 D/JIO_TR069-( 1439): Predefined List [com.jio.stb.catv, com.rjil.jiostbsetting, com.iwedia.ui.rjio.launcher.reliance, com.jio.stb.hotellauncher, com.jio.media.oberoi, com.jio.ott]
06-11 21:15:07.941 D/JIO_TR069-( 1439): Caller Package com.iwedia.ui.rjio.launcher.reliance
06-11 21:15:07.941 D/JIO_TR069-( 1439): White Listed Apps []
06-11 21:15:07.941 D/JIO_TR069-( 1439): Final White Listed Apps [com.jio.stb.catv, com.rjil.jiostbsetting, com.iwedia.ui.rjio.launcher.reliance, com.jio.stb.hotellauncher, com.jio.media.oberoi, com.jio.ott, ]
06-11 21:15:07.943 I/thermal2(  367): Sending notification:  Type: CPU Name: soc_thermal CurrentValue: 62.7 ThrottlingStatus: NONE
06-11 21:15:07.949 D/JioLauncher( 1773): network-type-------NonJioNetwork
06-11 21:15:07.955 D/JioLauncher( 1773): live-tv-previousIp-[/fe80::1%wlan0, /192.168.1.1]-newHost-[/fe80::1%wlan0, /192.168.1.1]
06-11 21:15:08.001 D/stbdpc  (  397): STB_DPGetNumPaths[570]: num_paths: 1
06-11 21:15:08.017 I/Choreographer(16088): Skipped 74 frames!  The application may be doing too much work on its main thread.
06-11 21:15:08.025 I/OpenGLRenderer(16088): Davey! duration=1258ms; Flags=0, IntendedVsync=2537919573930, Vsync=2539154140572, OldestInputEvent=9223372036854775807, NewestInputEvent=0, HandleInputStart=2539170706875, AnimationStart=2539170712375, PerformTraversalsStart=2539170750792, DrawStart=2539174110292, SyncQueued=2539174727500, SyncStart=2539175331250, IssueDrawCommandsStart=2539175437417, SwapBuffers=2539177571625, FrameCompleted=2539178775500, DequeueBufferDuration=271833, QueueBufferDuration=480750, GpuCompleted=0, 
06-11 21:15:08.033 V/newrelic(16088): Registering trace of External/unknownhost with parent Display LunaBaseActivity
06-11 21:15:08.034 V/newrelic(16088): Registering trace of External/unknownhost with parent Display LunaBaseActivity
06-11 21:15:08.034 V/newrelic(16088): Registering trace of External/unknownhost with parent Display LunaBaseActivity
06-11 21:15:08.074 D/rtk_heartbeat(  349): heartbeat_timed_out: heartbeatCmdCount = 2518, expected nextSeqNum = 2518
06-11 21:15:08.075 D/rtk_heartbeat(  349): rtkbt_heartbeat_cmpl_cback: Current SeqNum = 2518,should SeqNum=2518, status = 0
06-11 21:15:08.077 D/JioStbInactivityTimer(  926): Timer: count 118 warningTimeout:10680 timeout:10800
06-11 21:15:08.077 D/JioStbInactivityTimer(  926): isUserActive: Curr:2419842 Prev:2419842
06-11 21:15:08.101 D/stbdpc  (  397): STB_DPGetNumPaths[570]: num_paths: 1
06-11 21:15:08.132 D/newrelic(16088): OkHttp3TransactionStateUtil: Missing body or content length
06-11 21:15:08.132 V/newrelic(16088): Added trace 463d7f08-f4c1-281c-eaa6-885c363e77ba missing children: 3
06-11 21:15:08.175 V/newrelic(16088): Registering trace of JSONObject#toString with parent Display LunaBaseActivity
06-11 21:15:08.175 V/newrelic(16088): Added trace 7e45cf06-db87-56d6-a34a-32fe9718b665 missing children: 3
06-11 21:15:08.185 D/newrelic(16088): Event [NetworkRequest] added to queue
06-11 21:15:08.194 V/newrelic(16088): Registering trace of External/unknownhost with parent Display LunaBaseActivity
06-11 21:15:08.201 D/stbdpc  (  397): STB_DPGetNumPaths[570]: num_paths: 1
06-11 21:15:08.209 D/newrelic(16088): OkHttp3TransactionStateUtil: Missing body or content length
06-11 21:15:08.209 V/newrelic(16088): Added trace 4094004e-f116-181b-55eb-2a91175f895e missing children: 3
06-11 21:15:08.217 D/newrelic(16088): OkHttp3TransactionStateUtil: Missing body or content length
06-11 21:15:08.217 V/newrelic(16088): Added trace 8429d976-1603-ba87-6635-7fedac1e4337 missing children: 2
06-11 21:15:08.219 V/newrelic(16088): Registering trace of SQLiteDatabase#query with parent Display LunaBaseActivity
06-11 21:15:08.220 V/newrelic(16088): Added trace 0aecf838-6f74-1b72-86d4-2af105040afe missing children: 2
06-11 21:15:08.226 E/AdobeExperienceSDK(16088): URLBuilder - Failed to generate the URL for (server:null,  path:/b/ss/0/JAVA-1.2.4-1.11.1-AN/s, query:)
06-11 21:15:08.230 E/AdobeExperienceSDK(16088): URLBuilder - Failed to generate the URL for (server:null,  path:/b/ss/0/JAVA-1.2.4-1.11.1-AN/s, query:)
06-11 21:15:08.248 V/newrelic(16088): Registering trace of External/unknownhost with parent Display LunaBaseActivity
06-11 21:15:08.256 I/ryplus.tv.jiot(16088): oneway function results will be dropped but finished with status OK and parcel size 4
06-11 21:15:08.261 I/e.swalekh.abct( 1359): oneway function results will be dropped but finished with status OK and parcel size 4
06-11 21:15:08.274 D/JioSTBMRServer-SERVICE( 3589): InetSocketAddress(InetAddress.getByName(inetAddress.hostAddress)-/192.168.1.255
06-11 21:15:08.274 D/JioSTBMRServer-SERVICE( 3589): #beacon:RKISBFJ60000097:0:false:0:1:SV=181024 , 192.168.1.255
06-11 21:15:08.280 D/JioSTBMRServer-SERVICE( 3589): InetSocketAddress(InetAddress.getByName(inetAddress.hostAddress)-/192.168.1.255
06-11 21:15:08.281 D/JioSTBMRServer-SERVICE( 3589): #broadcast IP:192.168.1.255
06-11 21:15:08.301 D/stbdpc  (  397): STB_DPGetNumPaths[570]: num_paths: 1
06-11 21:15:08.306 D/dvb_iptv(  397): ReadEmmNetworkTask[1537]: EMM Select Timeout Occured 57
06-11 21:15:08.352 D/newrelic(16088): OkHttp3TransactionStateUtil: Missing body or content length
06-11 21:15:08.352 V/newrelic(16088): Added trace 7c6a1be2-49d0-15fe-0429-fa5d6a56fc59 missing children: 2
06-11 21:15:08.376 V/newrelic(16088): Registering trace of External/unknownhost with parent Display LunaBaseActivity
06-11 21:15:08.401 D/stbdpc  (  397): STB_DPGetNumPaths[570]: num_paths: 1
06-11 21:15:08.476 D/newrelic(16088): OkHttp3TransactionStateUtil: Missing body or content length
06-11 21:15:08.476 V/newrelic(16088): Added trace cb9dfaca-1d61-6e76-ade3-f87a0e123c31 missing children: 2
06-11 21:15:08.501 D/stbdpc  (  397): STB_DPGetNumPaths[570]: num_paths: 1
06-11 21:15:08.505 D/newrelic(16088): Event [Custom] added to queue
06-11 21:15:08.518 E/ThemeUtils(16088): View class androidx.appcompat.widget.AppCompatImageView is an AppCompat widget that can only be used with a Theme.AppCompat theme (or descendant).
06-11 21:15:08.527 E/ThemeUtils(16088): View class androidx.appcompat.widget.AppCompatTextView is an AppCompat widget that can only be used with a Theme.AppCompat theme (or descendant).
06-11 21:15:08.536 E/ThemeUtils(16088): View class androidx.appcompat.widget.AppCompatImageView is an AppCompat widget that can only be used with a Theme.AppCompat theme (or descendant).
06-11 21:15:08.537 E/ThemeUtils(16088): View class androidx.appcompat.widget.AppCompatTextView is an AppCompat widget that can only be used with a Theme.AppCompat theme (or descendant).
06-11 21:15:08.538 E/ThemeUtils(16088): View class androidx.appcompat.widget.AppCompatImageView is an AppCompat widget that can only be used with a Theme.AppCompat theme (or descendant).
06-11 21:15:08.540 E/ThemeUtils(16088): View class androidx.appcompat.widget.AppCompatTextView is an AppCompat widget that can only be used with a Theme.AppCompat theme (or descendant).
06-11 21:15:08.541 E/ThemeUtils(16088): View class androidx.appcompat.widget.AppCompatImageView is an AppCompat widget that can only be used with a Theme.AppCompat theme (or descendant).
06-11 21:15:08.543 E/ThemeUtils(16088): View class androidx.appcompat.widget.AppCompatTextView is an AppCompat widget that can only be used with a Theme.AppCompat theme (or descendant).
06-11 21:15:08.544 E/ThemeUtils(16088): View class androidx.appcompat.widget.AppCompatImageView is an AppCompat widget that can only be used with a Theme.AppCompat theme (or descendant).
06-11 21:15:08.545 E/ThemeUtils(16088): View class androidx.appcompat.widget.AppCompatTextView is an AppCompat widget that can only be used with a Theme.AppCompat theme (or descendant).
06-11 21:15:08.547 E/ThemeUtils(16088): View class androidx.appcompat.widget.AppCompatImageView is an AppCompat widget that can only be used with a Theme.AppCompat theme (or descendant).
06-11 21:15:08.548 E/ThemeUtils(16088): View class androidx.appcompat.widget.AppCompatTextView is an AppCompat widget that can only be used with a Theme.AppCompat theme (or descendant).
06-11 21:15:08.552 E/ThemeUtils(16088): View class androidx.appcompat.widget.AppCompatImageView is an AppCompat widget that can only be used with a Theme.AppCompat theme (or descendant).
06-11 21:15:08.554 E/ThemeUtils(16088): View class androidx.appcompat.widget.AppCompatTextView is an AppCompat widget that can only be used with a Theme.AppCompat theme (or descendant).
06-11 21:15:08.557 E/ThemeUtils(16088): View class androidx.appcompat.widget.AppCompatImageView is an AppCompat widget that can only be used with a Theme.AppCompat theme (or descendant).
06-11 21:15:08.558 E/ThemeUtils(16088): View class androidx.appcompat.widget.AppCompatTextView is an AppCompat widget that can only be used with a Theme.AppCompat theme (or descendant).
06-11 21:15:08.561 E/ThemeUtils(16088): View class androidx.appcompat.widget.AppCompatImageView is an AppCompat widget that can only be used with a Theme.AppCompat theme (or descendant).
06-11 21:15:08.562 E/ThemeUtils(16088): View class androidx.appcompat.widget.AppCompatTextView is an AppCompat widget that can only be used with a Theme.AppCompat theme (or descendant).
06-11 21:15:08.602 D/stbdpc  (  397): STB_DPGetNumPaths[570]: num_paths: 1
06-11 21:15:08.617 E/ThemeUtils(16088): View class com.discoveryplus.uicomponents.atom.DPlusTextAtom is an AppCompat widget that can only be used with a Theme.AppCompat theme (or descendant).
06-11 21:15:08.672 I/chatty  (16088): uid=10084(com.discoveryplus.tv.jiotv) identical 13 lines
06-11 21:15:08.675 E/ThemeUtils(16088): View class com.discoveryplus.uicomponents.atom.DPlusTextAtom is an AppCompat widget that can only be used with a Theme.AppCompat theme (or descendant).
06-11 21:15:08.678 D/ltts_ip_emm(  397): LTTS_IP_DMXStartEMM[381]: parse_emm_cat_status failed
06-11 21:15:08.678 E/ThemeUtils(16088): View class com.discoveryplus.uicomponents.atom.DPlusTextAtom is an AppCompat widget that can only be used with a Theme.AppCompat theme (or descendant).
06-11 21:15:08.681 I/chatty  (16088): uid=10084(com.discoveryplus.tv.jiotv) identical 1 line
06-11 21:15:08.685 E/ThemeUtils(16088): View class com.discoveryplus.uicomponents.atom.DPlusTextAtom is an AppCompat widget that can only be used with a Theme.AppCompat theme (or descendant).
06-11 21:15:08.702 D/stbdpc  (  397): STB_DPGetNumPaths[570]: num_paths: 1
06-11 21:15:08.724 D/CompatibilityChangeReporter(  633): Compat change id reported: 136274596; UID 10084; state: ENABLED
06-11 21:15:08.802 D/stbdpc  (  397): STB_DPGetNumPaths[570]: num_paths: 1
06-11 21:15:08.806 D/dvb_iptv(  397): ReadEmmNetworkTask[1537]: EMM Select Timeout Occured 58
06-11 21:15:08.815 D/[213   ] JioAccount-ADC( 2131): v2.a a> Event: XJSSOE3
06-11 21:15:08.815 V/[213   ] JioAccount-ADC( 2131): v2.a a> XJSSOE3	PARAMETERS:
06-11 21:15:08.816 D/[257   ] JioAccount-ADC( 2131): com.jio.adc.core.b c> Getting ServiceInfo
06-11 21:15:08.823 D/[257   ] JioAccount-ADC( 2131): com.jio.adc.core.b c> Starting Bind...
06-11 21:15:08.826 D/[257   ] JioAccount-ADC( 2131): com.jio.adc.core.b c> Binding...
06-11 21:15:08.826 D/[2     ] JioAccount-ADC( 2131): com.jio.adc.core.b$2 onServiceConnected> Connected
06-11 21:15:08.829 D/[2     ] JioAccount-ADC( 2131): com.jio.adc.core.b$c$1 h> PROCESSING EVENT: XJSSOE3; TIME: 11-06-25 21:15:08:816; PARAMETERS: {"XJSSOP13":"com.discoveryplus.tv.jiotv","XJSSOP14":true,"XJSSOP15":""}
06-11 21:15:08.834 V/[2     ] JioAccount-ADC( 2131): com.jio.adc.core.b$c$1 h> Event Written: XJSSOE3; TIME: 11-06-25 21:15:08:816; PARAMETERS: {"XJSSOP13":"com.discoveryplus.tv.jiotv","XJSSOP14":true,"XJSSOP15":""}
06-11 21:15:08.835 V/newrelic(16088): Trace fcbe480c-ba62-b835-4078-e8127e0247f0 is now active
06-11 21:15:08.835 V/newrelic(16088): Registering trace of Gson#fromJson with parent Display LunaBaseActivity
06-11 21:15:08.837 V/newrelic(16088): Added trace d1f1a1f0-4efb-2fd9-38b1-fb178634d2e3 missing children: 2
06-11 21:15:08.841 V/newrelic(16088): Registering trace of External/unknownhost with parent Display LunaBaseActivity
06-11 21:15:08.902 D/stbdpc  (  397): STB_DPGetNumPaths[570]: num_paths: 1
06-11 21:15:09.002 D/stbdpc  (  397): STB_DPGetNumPaths[570]: num_paths: 1
06-11 21:15:09.074 D/rtk_heartbeat(  349): heartbeat_timed_out: heartbeatCmdCount = 2519, expected nextSeqNum = 2519
06-11 21:15:09.075 D/rtk_heartbeat(  349): rtkbt_heartbeat_cmpl_cback: Current SeqNum = 2519,should SeqNum=2519, status = 0
06-11 21:15:09.077 D/JioStbInactivityTimer(  926): Timer: count 119 warningTimeout:10680 timeout:10800
06-11 21:15:09.078 D/JioStbInactivityTimer(  926): isUserActive: Curr:2419842 Prev:2419842
06-11 21:15:09.103 D/stbdpc  (  397): STB_DPGetNumPaths[570]: num_paths: 1
06-11 21:15:09.189 D/newrelic(16088): Event [NetworkRequest] added to queue
06-11 21:15:09.195 I/chatty  (16088): uid=10084(com.discoveryplus.tv.jiotv) NR_TaskQueue-1 identical 2 lines
06-11 21:15:09.198 D/newrelic(16088): Event [NetworkRequest] added to queue
06-11 21:15:09.203 D/stbdpc  (  397): STB_DPGetNumPaths[570]: num_paths: 1
06-11 21:15:09.298 D/newrelic(16088): OkHttp3TransactionStateUtil: Missing body or content length
06-11 21:15:09.298 V/newrelic(16088): Added trace 9c8165c2-2f28-f62d-288e-6855abb36e0d missing children: 2
06-11 21:15:09.303 D/stbdpc  (  397): STB_DPGetNumPaths[570]: num_paths: 1
06-11 21:15:09.306 D/dvb_iptv(  397): ReadEmmNetworkTask[1537]: EMM Select Timeout Occured 59
06-11 21:15:09.322 D/R0      (16088): Got login token:  eyJ0eXAiOiJKV1QiLCJhbGciOiJIUzI1NiJ9.eyJzdWIiOiJVU0VSSUQ6ZHBsdXNpbmRpYTo0Mjc2OTlhOC04MzllLTQ3MWUtYmNmZC1jOGY2NzU4OGVhOTgiLCJqdGkiOiJ0b2tlbi04MzBmMWI1ZC0yZGQ2LTQ5YmQtYTEzYS1iNTAwYmQ2MmE5NWEiLCJhbm9ueW1vdXMiOnRydWUsImlhdCI6MTc0OTY1NjcwOX0.uoFc6fQx3s179YxyRmtKnnfy74P-vTIWnZ1PWj5x1ws
06-11 21:15:09.328 V/newrelic(16088): Registering trace of External/unknownhost with parent Display LunaBaseActivity
06-11 21:15:09.329 V/newrelic(16088): Registering trace of External/unknownhost with parent Display LunaBaseActivity
06-11 21:15:09.330 V/newrelic(16088): Registering trace of External/unknownhost with parent Display LunaBaseActivity
06-11 21:15:09.338 V/newrelic(16088): Registering trace of External/unknownhost with parent Display LunaBaseActivity
06-11 21:15:09.345 I/okhttp.OkHttpClient(16088): --> GET https://ap2-prod-direct.discoveryplus.in/v1/gauth/token?grant_type=jio_sso&brand_id=49d299ae-4c3b-420f-9b73-a07b69edc877
06-11 21:15:09.346 I/okhttp.OkHttpClient(16088): Jio-SSO-Token: GgSSXVA/8m+4na20/uIn9nnRLW43v7Ao6eBNJ9hdBFsKepxhdG3XL6BXQ1nAJ4J/cf0aD2WFe3ybFRTzIQDkz3tUK/fOOGBa26sDhffCZrPIen2duhRHKQfJXMZlZdfClqwdYI0mOh+2LHZRg7c1RYUQwgSc4VBJaZYkNBh4tywaDmfkXZ0NYgvMXwpwsWaNGrBZMWHZUt9IA80So+RmuTKhJZZw6Wn2pSj5B8uRGIYKvJoznRHKHH0lTiwzjv3F374fcZVxNXWLHd7DVlfD4YtKsvQNu80fcd00uCPAS5kOOEvSE+4rLJVfGBmsnlOZc2kTYOW082xEuSva2g3sD7Cuc6uQgC1rJp4fC0VG1GWxBK68O5TwLSStcQ5QMz50qyWbvQhAzBhAkm+puDj1dmh+aQq2SUh8aAc+sIjyAOGiX5f3Fpyznj4qdXZGod3QMHnlr85q5wXcFqvoIYdQgw1eGbC1ONnWSwxTA5FddSTin9bCf/Cz1lMagUTxaIoCHzjYGxxPXXf/xmyOLFassOB2wZhd/78Xen7v6RRMdaRsRZLacZXKEE0S+aMFjo5mNUquPZgJdB2fXEJ9+CIk+n+atKDulMKTGfmDx1fCNZk4wZ/g6zqLTNJhagd6LqjZV6QV97Samls2J+7Sb342h4ABWv/DWQaFBGHZvS+Lv5zZq31DjAj6FLrPHmGnrBgLT4porbJJX103h2iar1OP9vU0kUafOkwTq5jFLXf63fI=
06-11 21:15:09.346 I/okhttp.OkHttpClient(16088): X-Subscriber-Id: 3394540132
06-11 21:15:09.347 I/okhttp.OkHttpClient(16088): X-Device-Info: com.discoveryplus.tv.jiotv/4.0.4 (Jio/JMSB200A; ANDROIDTV/11; c8b798242fea3a45/dplusindia)
06-11 21:15:09.347 I/okhttp.OkHttpClient(16088): traceparent: 00-cc3247890f60410f9d25d9df89813ede-9ee2cf4f8b6e4819-00
06-11 21:15:09.347 I/okhttp.OkHttpClient(16088): newrelic: eyJ2IjpbMCwyXSwiZCI6eyJ0eSI6Ik1vYmlsZSIsImFjIjoiMzU4MjA2NiIsImFwIjoiMTEyMDEwNzM4MiIsInRyIjoiY2MzMjQ3ODkwZjYwNDEwZjlkMjVkOWRmODk4MTNlZGUiLCJpZCI6IjllZTJjZjRmOGI2ZTQ4MTkiLCJ0aSI6MTc0OTY1NjcwOTMzOSwidGsiOiIyMDA2ODc4In19
06-11 21:15:09.347 I/okhttp.OkHttpClient(16088): tracestate: 2006878@nr=0-2-3582066-1120107382-9ee2cf4f8b6e4819----1749656709338
06-11 21:15:09.347 I/okhttp.OkHttpClient(16088): --> END GET
06-11 21:15:09.403 D/stbdpc  (  397): STB_DPGetNumPaths[570]: num_paths: 1
06-11 21:15:09.417 E/WifiVendorHal(  633): getWifiLinkLayerStats_1_3_Internal(l.973) failed {.code = ERROR_UNKNOWN, .description = unknown error}
06-11 21:15:09.482 D/newrelic(16088): OkHttp3TransactionStateUtil: Missing body or content length
06-11 21:15:09.482 V/newrelic(16088): Added trace fb8b08f6-09dd-6b28-b34e-2637e5f6ea87 missing children: 5
06-11 21:15:09.492 D/newrelic(16088): OkHttp3TransactionStateUtil: Missing body or content length
06-11 21:15:09.493 V/newrelic(16088): Added trace ad6432c9-341e-1c51-60a6-6839b7caef4c missing children: 4
06-11 21:15:09.503 D/stbdpc  (  397): STB_DPGetNumPaths[570]: num_paths: 1
06-11 21:15:09.594 D/newrelic(16088): OkHttp3TransactionStateUtil: Missing body or content length
06-11 21:15:09.594 V/newrelic(16088): Added trace fe59e3ac-da03-927f-d553-a4590897ce2d missing children: 3
06-11 21:15:09.603 D/stbdpc  (  397): STB_DPGetNumPaths[570]: num_paths: 1
06-11 21:15:09.614 I/ryplus.tv.jiot(16088): Background concurrent copying GC freed 98094(4864KB) AllocSpace objects, 22(888KB) LOS objects, 49% free, 8938KB/17MB, paused 156us total 140.338ms
06-11 21:15:09.617 V/newrelic(16088): Registering trace of External/unknownhost with parent Display LunaBaseActivity
06-11 21:15:09.704 D/stbdpc  (  397): STB_DPGetNumPaths[570]: num_paths: 1
06-11 21:15:09.704 D/newrelic(16088): OkHttp3TransactionStateUtil: Missing body or content length
06-11 21:15:09.704 V/newrelic(16088): Added trace 35c5898b-1a23-6ab3-4b47-a5899f38b7fb missing children: 3
06-11 21:15:09.716 V/newrelic(16088): Registering trace of External/unknownhost with parent Display LunaBaseActivity
06-11 21:15:09.783 I/ThermalService(  969): CPU temperatures: [63.800003]
06-11 21:15:09.804 D/stbdpc  (  397): STB_DPGetNumPaths[570]: num_paths: 1
06-11 21:15:09.806 D/dvb_iptv(  397): ReadEmmNetworkTask[1537]: EMM Select Timeout Occured 60
06-11 21:15:09.806 D/stbresmgr(  397): STB_RESNumTuners[315]: num_tuners: 3
06-11 21:15:09.806 E/dvb_iptv(  397): IPTV_GetDvbIpPacketDetails[684]: No valid ECM iptv_handle
06-11 21:15:09.806 D/dvb_iptv(  397): IPTV_GetDvbIpPacketDetails[688]: EMM Pkt stat received_packets:0 lost_packets:0 recov_packets:0 
06-11 21:15:09.806 D/dvb_iptv(  397): getPktDetailOnRetry[710]: Failed to fetch packet details
06-11 21:15:09.806 D/dvb_iptv(  397): ReadEmmNetworkTask[1560]: dsc state not 1
06-11 21:15:09.806 D/dvb_iptv(  397): ReadEmmNetworkTask[1582]: signal emm restart thread
06-11 21:15:09.806 D/dvb_iptv(  397): IPTV_Emm_Stop[2245]: IPTV_Emm_Stop called
06-11 21:15:09.806 D/ltts_ip_emm(  397): CloseEmmCasSession[446]: EMM CAS CloseSession CASSession ID:f07c2c00
06-11 21:15:09.806 I/Aml_MP  (  397): AmlVMXIptvCas_V2 dtor AmlVMXIptvCas_V2
06-11 21:15:09.806 I/Aml_MP  (  397): AmCasLibWrapper [~AmCasLibWrapper:47] 
06-11 21:15:09.806 D/am_cas_api(  397): [releaseAmCas/294]
06-11 21:15:09.806 V/AVPIPTV (  397): [0] ~AmCasIPTVSC2 at # 707, class_instance_index=0
06-11 21:15:09.806 I/Aml_MP  (  397): AmCasLibWrapper delete mCasObj
06-11 21:15:09.807 I/Aml_MP  (  397): AmlCasBase [~AmlCasBase:89] 
06-11 21:15:09.807 D/ltts_ip_emm(  397): CloseEmmCasSession[450]: Aml_MP_CAS_CloseSession_Emm | ret_Aml: 0
06-11 21:15:09.884 I/okhttp.OkHttpClient(16088): <-- 200 https://ap2-prod-direct.discoveryplus.in/v1/gauth/token?grant_type=jio_sso&brand_id=49d299ae-4c3b-420f-9b73-a07b69edc877 (535ms)
06-11 21:15:09.884 I/okhttp.OkHttpClient(16088): date: Wed, 11 Jun 2025 15:45:09 GMT
06-11 21:15:09.884 I/okhttp.OkHttpClient(16088): content-type: application/json; charset=utf-8
06-11 21:15:09.884 I/okhttp.OkHttpClient(16088): x-gauth-trace-id: cc3247890f60410f9d25d9df89813ede
06-11 21:15:09.887 I/okhttp.OkHttpClient(16088): x-request-id: 22fd7b2d-cf2b-4517-aaf6-536923fcca08
06-11 21:15:09.887 I/okhttp.OkHttpClient(16088): vary: Accept-Encoding,Origin
06-11 21:15:09.887 I/okhttp.OkHttpClient(16088): strict-transport-security: max-age=15724800; includeSubDomains;
06-11 21:15:09.892 I/okhttp.OkHttpClient(16088): {"token":"eyJhbGciOiJSUzI1NiIsInR5cCI6IkpXVCJ9.eyJhdWQiOiI0OWQyOTlhZS00YzNiLTQyMGYtOWI3My1hMDdiNjllZGM4NzciLCJleHAiOjE3NDk2NTc2MDksImp0aSI6IjBlMGFjMmQwLTllZTItNGI0NS1iN2MyLWUxNzNjNjU1NzliYyIsImlhdCI6MTc0OTY1NjcwOSwiaXNzIjoiaHR0cHM6Ly9hcDItcHJvZC5kaXNjby1hcGkuY29tL3YxL2dhdXRoIiwic3ViIjoiNDVhMDJhNzUtNWJlYS00NzRmLTg5ZjctMDQ3NmViOWYxY2EwIiwicGlkIjoiNDk3NmMzNGYtYWFlNS00YWNhLTg1ODAtZTUzZWViODNlMjQyIiwicF91aWQiOiIzMzk0NTQwMTMyIiwicG4iOiJSZWxpYW5jZSBKaW8iLCJzc29fdHlwZSI6Imppb19zc28iLCJhdXRoX3R5cGUiOiJTU080IiwiaHQiOiJJTiIsImV4dHJhIjpbeyJrZXkiOiJtb2JpbGVfbnVtYmVyIiwidmFsdWUiOiIrOTE4ODg0NTkyNTI1In0seyJrZXkiOiJyZXF1aXJlX3Bob25lX3ZlcmlmaWNhdGlvbiIsInZhbHVlIjoibm8ifV19.Ha4h2-OV5a7fpcNgas_KKfsAFvb5nojXs7fRXmZGgFuV7q-9wT9pDtrj6rDdidP5-1W6scv4A_j8nW-x_KjzmWnL5zXeFZw4k97JfJ4rL-cDEUMeFQMI_cdoKIdWiu5_ZnOaX2MgoAwCqeNkDgWb2NGGmIKmkqYjvvxo3AYj6Vf7qu2_teMuwWfUTpcrVtkF0GR6SpB0o1lGV6em3YBHJxgobZWMBrS00FoZI2yoDJtscoARCx1evtD8cB7pnDKPijHrvGuIlefoaoYS92BsFQ9LqZnZVgJNM5Ehb1iBm1ftjPPD0ATx22_j_DwSxAp498NvceRacht-xUbKn-xs4g"}
06-11 21:15:09.892 I/okhttp.OkHttpClient(16088): <-- END HTTP (1008-byte body)
06-11 21:15:09.902 D/newrelic(16088): OkHttp3TransactionStateUtil: Missing body or content length
06-11 21:15:09.903 V/newrelic(16088): Added trace 89c9bb91-e719-1cb8-4e7d-274295ec79f8 missing children: 3
06-11 21:15:09.904 D/stbdpc  (  397): STB_DPGetNumPaths[570]: num_paths: 1
06-11 21:15:09.923 V/newrelic(16088): Registering trace of External/unknownhost with parent Display LunaBaseActivity
06-11 21:15:09.968 D/newrelic(16088): OkHttp3TransactionStateUtil: Missing body or content length
06-11 21:15:09.972 V/newrelic(16088): Added trace 73797295-22e8-8575-12a0-e48f34a84b9b missing children: 3
06-11 21:15:10.004 D/stbdpc  (  397): STB_DPGetNumPaths[570]: num_paths: 1
06-11 21:15:10.013 D/newrelic(16088): OkHttp3TransactionStateUtil: Missing body or content length
06-11 21:15:10.013 V/newrelic(16088): Added trace 96b3894b-fc3f-368f-e0a0-0a4bb7f51b18 missing children: 2
06-11 21:15:10.072 E/ThemeUtils(16088): View class com.discoveryplus.uicomponents.atom.DPlusTextAtom is an AppCompat widget that can only be used with a Theme.AppCompat theme (or descendant).
06-11 21:15:10.074 D/rtk_heartbeat(  349): heartbeat_timed_out: heartbeatCmdCount = 2520, expected nextSeqNum = 2520
06-11 21:15:10.075 E/ThemeUtils(16088): View class com.discoveryplus.uicomponents.atom.DPlusTextAtom is an AppCompat widget that can only be used with a Theme.AppCompat theme (or descendant).
06-11 21:15:10.075 D/rtk_heartbeat(  349): rtkbt_heartbeat_cmpl_cback: Current SeqNum = 2520,should SeqNum=2520, status = 0
06-11 21:15:10.077 D/JioStbInactivityTimer(  926): Timer: count 120 warningTimeout:10680 timeout:10800
06-11 21:15:10.077 D/JioStbInactivityTimer(  926): isUserActive: Curr:2419842 Prev:2419842
06-11 21:15:10.086 E/ThemeUtils(16088): View class com.discoveryplus.uicomponents.atom.DPlusButtonAtom is an AppCompat widget that can only be used with a Theme.AppCompat theme (or descendant).
06-11 21:15:10.089 E/ThemeUtils(16088): View class com.discoveryplus.uicomponents.atom.DPlusButtonAtom is an AppCompat widget that can only be used with a Theme.AppCompat theme (or descendant).
06-11 21:15:10.104 D/stbdpc  (  397): STB_DPGetNumPaths[570]: num_paths: 1
06-11 21:15:10.139 V/DigitalSignage(  633): Package Name: null
06-11 21:15:10.140 V/DigitalSignage(  633): Left: 0
06-11 21:15:10.140 V/DigitalSignage(  633): Right: 0
06-11 21:15:10.140 V/DigitalSignage(  633): Top: 0
06-11 21:15:10.140 V/DigitalSignage(  633): Bottom: 0
06-11 21:15:10.140 D/DigitalSignage(  633): else - Package Name :: null left : 0 right :: 0 top :: 0 bottom :: 0 dfu-right :: 1920 dfu-bottom :: 1080
06-11 21:15:10.140 V/DigitalSignage(  633): Package Name: null
06-11 21:15:10.140 V/DigitalSignage(  633): Left: 0
06-11 21:15:10.140 V/DigitalSignage(  633): Right: 0
06-11 21:15:10.140 V/DigitalSignage(  633): Top: 0
06-11 21:15:10.140 V/DigitalSignage(  633): Bottom: 0
06-11 21:15:10.140 D/DigitalSignage(  633): else - Package Name :: null left : 0 right :: 0 top :: 0 bottom :: 0 dfu-right :: 1920 dfu-bottom :: 1080
06-11 21:15:10.142 V/DigitalSignage(  633): Package Name: null
06-11 21:15:10.142 V/DigitalSignage(  633): Left: 0
06-11 21:15:10.143 V/DigitalSignage(  633): Right: 0
06-11 21:15:10.143 V/DigitalSignage(  633): Top: 0
06-11 21:15:10.143 V/DigitalSignage(  633): Bottom: 0
06-11 21:15:10.143 D/DigitalSignage(  633): else - Package Name :: null left : 0 right :: 0 top :: 0 bottom :: 0 dfu-right :: 1920 dfu-bottom :: 1080
06-11 21:15:10.143 V/DigitalSignage(  633): Package Name: null
06-11 21:15:10.143 V/DigitalSignage(  633): Left: 0
06-11 21:15:10.143 V/DigitalSignage(  633): Right: 0
06-11 21:15:10.143 V/DigitalSignage(  633): Top: 0
06-11 21:15:10.143 V/DigitalSignage(  633): Bottom: 0
06-11 21:15:10.143 D/DigitalSignage(  633): else - Package Name :: null left : 0 right :: 0 top :: 0 bottom :: 0 dfu-right :: 1920 dfu-bottom :: 1080
06-11 21:15:10.202 D/newrelic(16088): Event [NetworkRequest] added to queue
06-11 21:15:10.204 D/stbdpc  (  397): STB_DPGetNumPaths[570]: num_paths: 1
06-11 21:15:10.210 D/newrelic(16088): Event [NetworkRequest] added to queue
06-11 21:15:10.289 V/DigitalSignage(  633): Package Name: null
06-11 21:15:10.290 V/DigitalSignage(  633): Left: 0
06-11 21:15:10.290 V/DigitalSignage(  633): Right: 0
06-11 21:15:10.290 V/DigitalSignage(  633): Top: 0
06-11 21:15:10.290 V/DigitalSignage(  633): Bottom: 0
06-11 21:15:10.290 D/DigitalSignage(  633): else - Package Name :: null left : 0 right :: 0 top :: 0 bottom :: 0 dfu-right :: 1920 dfu-bottom :: 1080
06-11 21:15:10.290 V/DigitalSignage(  633): Package Name: null
06-11 21:15:10.290 V/DigitalSignage(  633): Left: 0
06-11 21:15:10.290 V/DigitalSignage(  633): Right: 0
06-11 21:15:10.290 V/DigitalSignage(  633): Top: 0
06-11 21:15:10.290 V/DigitalSignage(  633): Bottom: 0
06-11 21:15:10.290 D/DigitalSignage(  633): else - Package Name :: null left : 0 right :: 0 top :: 0 bottom :: 0 dfu-right :: 1920 dfu-bottom :: 1080
06-11 21:15:10.293 V/DigitalSignage(  633): Package Name: null
06-11 21:15:10.293 V/DigitalSignage(  633): Left: 0
06-11 21:15:10.293 V/DigitalSignage(  633): Right: 0
06-11 21:15:10.293 V/DigitalSignage(  633): Top: 0
06-11 21:15:10.293 V/DigitalSignage(  633): Bottom: 0
06-11 21:15:10.293 D/DigitalSignage(  633): else - Package Name :: null left : 0 right :: 0 top :: 0 bottom :: 0 dfu-right :: 1920 dfu-bottom :: 1080
06-11 21:15:10.293 V/DigitalSignage(  633): Package Name: null
06-11 21:15:10.293 V/DigitalSignage(  633): Left: 0
06-11 21:15:10.293 V/DigitalSignage(  633): Right: 0
06-11 21:15:10.293 V/DigitalSignage(  633): Top: 0
06-11 21:15:10.293 V/DigitalSignage(  633): Bottom: 0
06-11 21:15:10.294 D/DigitalSignage(  633): else - Package Name :: null left : 0 right :: 0 top :: 0 bottom :: 0 dfu-right :: 1920 dfu-bottom :: 1080
06-11 21:15:10.222 I/chatty  (16088): uid=10084(com.discoveryplus.tv.jiotv) NR_TaskQueue-1 identical 5 lines
06-11 21:15:10.227 D/newrelic(16088): Event [NetworkRequest] added to queue
06-11 21:15:10.304 I/android.hardware.power-service.libperfmgr(  366): Power setBoost: INTERACTION duration: 0
06-11 21:15:10.304 I/libperfmgr(  366): Do Powerhint: INTERACTION
06-11 21:15:10.305 D/stbdpc  (  397): STB_DPGetNumPaths[570]: num_paths: 1
06-11 21:15:10.306 D/dvb_iptv(  397): ReadEmmNetworkTask[1537]: EMM Select Timeout Occured 1
06-11 21:15:10.307 D/stbhwnet(  397): STB_NWDropMembership[1331]: using IPV6 protocol in dropmembership
06-11 21:15:10.307 D/stbhwnet(  397): STB_NWDropMembership[1335]: group_address: '232.24.3.241', source_address: '10.70.220.50'
06-11 21:15:10.307 D/stbhwnet(  397): STB_NWDropMembership[1353]: src url SSM enabled
06-11 21:15:10.308 D/stbhwnet(  397): get_any_multicast_interface[1061]: Found g_nw_interface wlan0, ifindex 8
06-11 21:15:10.308 D/stbhwnet(  397): STB_NWDropMembership[1376]: sockopt_ret: 92 | Protocol not available
06-11 21:15:10.308 D/stbhwnet(  397): STB_NWDropMembership[1377]: Adding source multicast group error
06-11 21:15:10.308 D/stbhwnet(  397): STB_NWDropMembership[1331]: using IPV6 protocol in dropmembership
06-11 21:15:10.308 D/stbhwnet(  397): STB_NWDropMembership[1335]: group_address: '232.24.3.241', source_address: '10.70.220.50'
06-11 21:15:10.308 D/stbhwnet(  397): STB_NWDropMembership[1353]: src url SSM enabled
06-11 21:15:10.309 D/stbhwnet(  397): get_any_multicast_interface[1061]: Found g_nw_interface wlan0, ifindex 8
06-11 21:15:10.309 D/stbhwnet(  397): STB_NWDropMembership[1376]: sockopt_ret: 92 | Protocol not available
06-11 21:15:10.309 D/stbhwnet(  397): STB_NWDropMembership[1377]: Adding source multicast group error
06-11 21:15:10.309 D/stbhwnet(  397): STB_NWDropMembership[1331]: using IPV6 protocol in dropmembership
06-11 21:15:10.309 D/stbhwnet(  397): STB_NWDropMembership[1335]: group_address: '232.24.3.241', source_address: '10.70.220.50'
06-11 21:15:10.309 D/stbhwnet(  397): STB_NWDropMembership[1353]: src url SSM enabled
06-11 21:15:10.310 D/stbhwnet(  397): get_any_multicast_interface[1061]: Found g_nw_interface wlan0, ifindex 8
06-11 21:15:10.310 D/stbhwnet(  397): STB_NWDropMembership[1376]: sockopt_ret: 92 | Protocol not available
06-11 21:15:10.310 D/stbhwnet(  397): STB_NWDropMembership[1377]: Adding source multicast group error
06-11 21:15:10.310 D/stbhwnet(  397): STB_NWDropMembership[1331]: using IPV6 protocol in dropmembership
06-11 21:15:10.310 D/stbhwnet(  397): STB_NWDropMembership[1335]: group_address: '232.24.3.241', source_address: '10.70.220.50'
06-11 21:15:10.310 D/stbhwnet(  397): STB_NWDropMembership[1353]: src url SSM enabled
06-11 21:15:10.311 D/stbhwnet(  397): get_any_multicast_interface[1061]: Found g_nw_interface wlan0, ifindex 8
06-11 21:15:10.311 D/stbhwnet(  397): STB_NWDropMembership[1376]: sockopt_ret: 92 | Protocol not available
06-11 21:15:10.311 D/stbhwnet(  397): STB_NWDropMembership[1377]: Adding source multicast group error
06-11 21:15:10.311 E/DvbiInterface(  397): StopStartcurrentemmsession[1192]: sucessfully stop the emm session
06-11 21:15:10.320 I/android.hardware.power-service.libperfmgr(  366): Power setBoost: INTERACTION duration: 0
06-11 21:15:10.320 I/libperfmgr(  366): Do Powerhint: INTERACTION
06-11 21:15:10.344 I/ryplus.tv.jiot(16088): oneway function results will be dropped but finished with status OK and parcel size 4
06-11 21:15:10.346 I/e.swalekh.abct( 1359): oneway function results will be dropped but finished with status OK and parcel size 4
06-11 21:15:10.368 D/JioSTBMRServer-SERVICE( 3589): InetSocketAddress(InetAddress.getByName(inetAddress.hostAddress)-/192.168.1.255
06-11 21:15:10.368 D/JioSTBMRServer-SERVICE( 3589): #beacon:RKISBFJ60000097:0:false:0:1:SV=181024 , 192.168.1.255
06-11 21:15:10.380 D/JioSTBMRServer-SERVICE( 3589): InetSocketAddress(InetAddress.getByName(inetAddress.hostAddress)-/192.168.1.255
06-11 21:15:10.380 D/JioSTBMRServer-SERVICE( 3589): #broadcast IP:192.168.1.255
