06-11 23:03:07.011 D/dvb_iptv(  397): ReadEmmNetworkTask[1537]: EMM Select Timeout Occured 48
06-11 23:03:07.031 D/stbdpc  (  397): STB_DPGetNumPaths[570]: num_paths: 1
06-11 23:03:07.098 W/[ 9018.248741@3]  RTW(    0): LeaveAllPowerSaveModeDirect.....
06-11 23:03:07.099 W/[ 9018.248752@3]  RTW(    0): LeaveAllPowerSaveModeDirect: Driver Already Leave LPS
06-11 23:03:07.099 W/[ 9018.248760@3]  RTW(    0): rtw_hal_set_macaddr_port wlan0- hw port(0) mac_addr =a8:71:16:66:28:c6
06-11 23:03:07.099 W/[ 9018.248883@3]  RTW(    0): wlan0- hw port(0) mac_addr =a8:71:16:66:28:c6
06-11 23:03:07.099 W/[ 9018.248938@3]  RTW(    0): p2p0- hw port(1) mac_addr =aa:71:16:66:28:c6
06-11 23:03:07.099 W/[ 9018.252120@3]  RTW(    0): wlan0 wakeup m0=0x00000003, ori reg_0x4d4=0x00000003
06-11 23:03:07.102 W/[ 9018.253116@0]  RTW(    0): fill_default_txdesc(wlan0): SP Packet(0x0806) rate=0x4 SeqNum = 3782
06-11 23:03:07.102 W/[ 9018.253268@2]  RTW(    0): survey done event(40) band:0 for wlan0
06-11 23:03:07.102 W/        (    0): [ 9018.253367@2]  ========== ACS (VER-3) ==========
06-11 23:03:07.103 W/        (    0): [ 9018.253411@2]  Best 24G Channel:2
06-11 23:03:07.103 W/        (    0): [ 9018.253455@2]  Best 5G Channel:48
06-11 23:03:07.103 W/        (    0): [ 9018.253455@2]
06-11 23:03:07.103 W/[ 9018.253536@2]  RTW(    0): rtw_indicate_scan_done(wlan0)
06-11 23:03:07.105 I/appium  (22872): channel read: POST /session/8587a472-c29f-49d3-abb8-c617b9b8127e/element
06-11 23:03:07.106 D/WifiNl80211Manager(  633): Scan result ready event
06-11 23:03:07.106 D/WifiNative(  633): Scan result ready event
06-11 23:03:07.108 I/appium  (22872): FindElement command
06-11 23:03:07.112 I/appium  (22872): method: 'xpath', selector: '//android.widget.ImageView[@resource-id='in.startv.hotstar:id/iv_profile']'
06-11 23:03:07.112 I/appium  (22872): Waiting up to 10000ms for the device to idle
06-11 23:03:07.119 E/WifiVendorHal(  633): getWifiLinkLayerStats_1_3_Internal(l.973) failed {.code = ERROR_UNKNOWN, .description = unknown error}
06-11 23:03:07.131 D/stbdpc  (  397): STB_DPGetNumPaths[570]: num_paths: 1
06-11 23:03:07.153 D/ltts_ip_emm(  397): LTTS_IP_DMXStartEMM[381]: parse_emm_cat_status failed
06-11 23:03:07.231 D/stbdpc  (  397): STB_DPGetNumPaths[570]: num_paths: 1
06-11 23:03:07.331 I/chatty  (  397): uid=0(root) DK-SiCntrl identical 1 line
06-11 23:03:07.431 D/stbdpc  (  397): STB_DPGetNumPaths[570]: num_paths: 1
06-11 23:03:07.487 I/ThermalService(  969): CPU temperatures: [60.800003]
06-11 23:03:07.511 D/dvb_iptv(  397): ReadEmmNetworkTask[1537]: EMM Select Timeout Occured 49
06-11 23:03:07.532 D/stbdpc  (  397): STB_DPGetNumPaths[570]: num_paths: 1
06-11 23:03:07.632 D/stbdpc  (  397): STB_DPGetNumPaths[570]: num_paths: 1
06-11 23:03:07.700 D/rtk_heartbeat(  349): heartbeat_timed_out: heartbeatCmdCount = 8996, expected nextSeqNum = 8996
06-11 23:03:07.701 D/rtk_heartbeat(  349): rtkbt_heartbeat_cmpl_cback: Current SeqNum = 8996,should SeqNum=8996, status = 0
06-11 23:03:07.732 D/stbdpc  (  397): STB_DPGetNumPaths[570]: num_paths: 1
06-11 23:03:07.801 F/linker  (23104): CANNOT LINK EXECUTABLE "/system/bin/smartcable/smartCableSTBApp": library "libmosquitto.so" not found: needed by main executable
06-11 23:03:07.832 D/stbdpc  (  397): STB_DPGetNumPaths[570]: num_paths: 1
06-11 23:03:07.920 D/JioLauncher( 1773): overlay status check for wifi and bt remote false false
06-11 23:03:07.923 D/Match code1( 1439): 2
06-11 23:03:07.923 D/JIO_TR069-( 1439): Predefined List [com.jio.stb.catv, com.rjil.jiostbsetting, com.iwedia.ui.rjio.launcher.reliance, com.jio.stb.hotellauncher, com.jio.media.oberoi, com.jio.ott]
06-11 23:03:07.925 D/JIO_TR069-( 1439): Caller Package com.iwedia.ui.rjio.launcher.reliance
06-11 23:03:07.925 D/JIO_TR069-( 1439): White Listed Apps []
06-11 23:03:07.925 D/JIO_TR069-( 1439): Final White Listed Apps [com.jio.stb.catv, com.rjil.jiostbsetting, com.iwedia.ui.rjio.launcher.reliance, com.jio.stb.hotellauncher, com.jio.media.oberoi, com.jio.ott, ]
06-11 23:03:07.927 D/JioLauncher( 1773): network-type-------NonJioNetwork
06-11 23:03:07.932 D/JioLauncher( 1773): live-tv-previousIp-[/fe80::1%wlan0, /192.168.1.1]-newHost-[/fe80::1%wlan0, /192.168.1.1]
06-11 23:03:07.932 D/stbdpc  (  397): STB_DPGetNumPaths[570]: num_paths: 1
06-11 23:03:07.992 D/JioStbInactivityTimer(  926): Timer: count 174 warningTimeout:10680 timeout:10800
06-11 23:03:07.992 D/JioStbInactivityTimer(  926): isUserActive: Curr:8843201 Prev:8843201
06-11 23:03:08.011 D/dvb_iptv(  397): ReadEmmNetworkTask[1537]: EMM Select Timeout Occured 50
06-11 23:03:08.032 D/stbdpc  (  397): STB_DPGetNumPaths[570]: num_paths: 1
06-11 23:03:08.233 I/chatty  (  397): uid=0(root) DK-SiCntrl identical 2 lines
06-11 23:03:08.333 D/stbdpc  (  397): STB_DPGetNumPaths[570]: num_paths: 1
06-11 23:03:08.353 I/appium  (22872): The following attributes will be included to the page source: [resource-id]
06-11 23:03:08.433 D/stbdpc  (  397): STB_DPGetNumPaths[570]: num_paths: 1
06-11 23:03:08.497 I/appium  (22872): Took 0ms to retrieve 1 matches for '//android.widget.ImageView[@resource-id='in.startv.hotstar:id/iv_profile']' XPath2 query
06-11 23:03:08.503 W/tomator2.serve(22872): Accessing hidden method Landroid/view/MotionEvent;->setDisplayId(I)V (blacklist,test-api, reflection, allowed)
06-11 23:03:08.512 D/dvb_iptv(  397): ReadEmmNetworkTask[1537]: EMM Select Timeout Occured 51
06-11 23:03:08.513 W/tomator2.serve(22872): Accessing hidden field Landroid/view/accessibility/AccessibilityNodeInfo;->mSourceNodeId:J (greylist, reflection, allowed)
06-11 23:03:08.522 I/appium  (22872): AppiumResponse: {"sessionId":"8587a472-c29f-49d3-abb8-c617b9b8127e","value":{"ELEMENT":"00000000-0000-00b9-ffff-ffff00000072","element-6066-11e4-a52e-4f735466cecf":"00000000-0000-00b9-ffff-ffff00000072"}}
06-11 23:03:08.533 D/stbdpc  (  397): STB_DPGetNumPaths[570]: num_paths: 1
06-11 23:03:08.560 I/.startv.hotsta(22936): oneway function results will be dropped but finished with status OK and parcel size 4
06-11 23:03:08.562 I/e.swalekh.abct( 1359): oneway function results will be dropped but finished with status OK and parcel size 4
06-11 23:03:08.564 I/appium  (22872): channel read: GET /session/8587a472-c29f-49d3-abb8-c617b9b8127e/element/00000000-0000-00b9-ffff-ffff00000072/attribute/displayed
06-11 23:03:08.565 I/appium  (22872): GetElementAttribute command
06-11 23:03:08.569 D/JioSTBMRServer-SERVICE( 3589): InetSocketAddress(InetAddress.getByName(inetAddress.hostAddress)-/192.168.1.255
06-11 23:03:08.569 D/JioSTBMRServer-SERVICE( 3589): #beacon:RKISBFJ60000097:0:false:0:1:SV=181024 , 192.168.1.255
06-11 23:03:08.572 D/JioSTBMRServer-SERVICE( 3589): InetSocketAddress(InetAddress.getByName(inetAddress.hostAddress)-/192.168.1.255
06-11 23:03:08.572 D/JioSTBMRServer-SERVICE( 3589): #broadcast IP:192.168.1.255
06-11 23:03:08.577 I/appium  (22872): AppiumResponse: {"sessionId":"8587a472-c29f-49d3-abb8-c617b9b8127e","value":"true"}
06-11 23:03:08.607 I/appium  (22872): channel read: POST /session/8587a472-c29f-49d3-abb8-c617b9b8127e/element/00000000-0000-00b9-ffff-ffff00000072/click
06-11 23:03:08.608 I/appium  (22872): Click command
06-11 23:03:08.626 D/InputDispatcher(  633): injectInputEvent - eventType=2, injectorPid=22853, injectorUid=0, syncMode=0, timeout=30000, policyFlags=0x08000000
06-11 23:03:08.626 D/InputDispatcher(  633): injectInputEvent - Finished with result 0. injectorPid=22853, injectorUid=0
06-11 23:03:08.627 D/InputDispatcher(  633): Setting input event injection result to 0.  injectorPid=22853, injectorUid=0
06-11 23:03:08.627 V/InputDispatcher(  633): Asynchronous input event injection succeeded.
06-11 23:03:08.628 I/android.hardware.power-service.libperfmgr(  366): Power setBoost: INTERACTION duration: 0
06-11 23:03:08.628 I/libperfmgr(  366): Do Powerhint: INTERACTION
06-11 23:03:08.628 I/android.hardware.power-service.libperfmgr(  366): Power setBoost: INTERACTION duration: 0
06-11 23:03:08.628 I/libperfmgr(  366): Do Powerhint: INTERACTION
06-11 23:03:08.633 D/stbdpc  (  397): STB_DPGetNumPaths[570]: num_paths: 1
06-11 23:03:08.636 D/InputDispatcher(  633): injectInputEvent - eventType=2, injectorPid=22853, injectorUid=0, syncMode=0, timeout=30000, policyFlags=0x08000000
06-11 23:03:08.636 D/InputDispatcher(  633): injectInputEvent - Finished with result 0. injectorPid=22853, injectorUid=0
06-11 23:03:08.637 D/InputDispatcher(  633): Setting input event injection result to 0.  injectorPid=22853, injectorUid=0
06-11 23:03:08.637 V/InputDispatcher(  633): Asynchronous input event injection succeeded.
06-11 23:03:08.652 W/GestureController(22872): Gestures took longer than expected (34ms >> 16ms), device might be in a busy state.
06-11 23:03:08.653 I/appium  (22872): Waiting up to 10000ms for the device to idle
06-11 23:03:08.700 D/rtk_heartbeat(  349): heartbeat_timed_out: heartbeatCmdCount = 8997, expected nextSeqNum = 8997
06-11 23:03:08.701 D/rtk_heartbeat(  349): rtkbt_heartbeat_cmpl_cback: Current SeqNum = 8997,should SeqNum=8997, status = 0
06-11 23:03:08.734 D/stbdpc  (  397): STB_DPGetNumPaths[570]: num_paths: 1
06-11 23:03:08.834 I/chatty  (  397): uid=0(root) DK-SiCntrl identical 1 line
06-11 23:03:08.934 D/stbdpc  (  397): STB_DPGetNumPaths[570]: num_paths: 1
06-11 23:03:08.992 D/JioStbInactivityTimer(  926): Timer: count 175 warningTimeout:10680 timeout:10800
06-11 23:03:08.992 D/JioStbInactivityTimer(  926): isUserActive: Curr:8843201 Prev:8843201
06-11 23:03:09.012 D/dvb_iptv(  397): ReadEmmNetworkTask[1537]: EMM Select Timeout Occured 52
06-11 23:03:09.023 E/WifiVendorHal(  633): getWifiLinkLayerStats_1_3_Internal(l.973) failed {.code = ERROR_UNKNOWN, .description = unknown error}
06-11 23:03:09.034 D/stbdpc  (  397): STB_DPGetNumPaths[570]: num_paths: 1
06-11 23:03:09.134 D/stbdpc  (  397): STB_DPGetNumPaths[570]: num_paths: 1
06-11 23:03:09.143 I/appium  (22872): AppiumResponse: {"sessionId":"8587a472-c29f-49d3-abb8-c617b9b8127e","value":null}
06-11 23:03:09.153 D/ltts_ip_emm(  397): LTTS_IP_DMXStartEMM[381]: parse_emm_cat_status failed
06-11 23:03:09.235 D/stbdpc  (  397): STB_DPGetNumPaths[570]: num_paths: 1
06-11 23:03:09.293 I/appium  (22872): channel read: POST /session/8587a472-c29f-49d3-abb8-c617b9b8127e/appium/device/press_keycode
06-11 23:03:09.294 I/appium  (22872): PressKeyCode command
06-11 23:03:09.295 I/appium  (22872): Calling PressKeyCode... 
06-11 23:03:09.300 D/UiDevice(22872): Pressing keycodes [66] with modifier 0.
06-11 23:03:09.310 D/InputDispatcher(  633): injectInputEvent - eventType=1, injectorPid=22853, injectorUid=0, syncMode=2, timeout=30000, policyFlags=0x08000000
06-11 23:03:09.310 D/WindowManager(  633): interceptKeyTq keycode=66 interactive=true keyguardActive=false policyFlags=2b000000
06-11 23:03:09.310 D/WindowManager(  633): CloudPC is in NOT in foreground
06-11 23:03:09.310 D/WindowManager(  633): isKeyNeedsToPassToJioCloudPC :: NO
06-11 23:03:09.311 I/android.hardware.power-service.libperfmgr(  366): Power setBoost: INTERACTION duration: 0
06-11 23:03:09.311 I/libperfmgr(  366): Do Powerhint: INTERACTION
06-11 23:03:09.311 D/WindowManager(  633): interceptKeyTi keyCode=66 down=true repeatCount=0 keyguardOn=false canceled=false
06-11 23:03:09.311 D/WindowManager(  633): CloudPC is in NOT in foreground
06-11 23:03:09.311 I/android.hardware.power-service.libperfmgr(  366): Power setBoost: INTERACTION duration: 0
06-11 23:03:09.311 I/libperfmgr(  366): Do Powerhint: INTERACTION
06-11 23:03:09.311 D/WindowManager(  633): isKeyNeedsToPassToJioCloudPC :: NO
06-11 23:03:09.311 D/GlobalKeyManager(  633): KeyEvent { action=ACTION_DOWN, keyCode=KEYCODE_ENTER, scanCode=0, metaState=0, flags=0x0, repeatCount=0, eventTime=9020453, downTime=9020453, deviceId=-1, source=0x101, displayId=-1 }
06-11 23:03:09.311 D/InputDispatcher(  633): Setting input event injection result to 0.  injectorPid=22853, injectorUid=0
06-11 23:03:09.311 D/InputDispatcher(  633): injectInputEvent - Waiting for 1 pending foreground dispatches.
06-11 23:03:09.314 D/InputDispatcher(  633): injectInputEvent - Finished with result 0. injectorPid=22853, injectorUid=0
06-11 23:03:09.316 D/InputDispatcher(  633): injectInputEvent - eventType=1, injectorPid=22853, injectorUid=0, syncMode=2, timeout=30000, policyFlags=0x08000000
06-11 23:03:09.316 D/WindowManager(  633): interceptKeyTq keycode=66 interactive=true keyguardActive=false policyFlags=2b000000
06-11 23:03:09.317 D/WindowManager(  633): CloudPC is in NOT in foreground
06-11 23:03:09.317 D/WindowManager(  633): isKeyNeedsToPassToJioCloudPC :: NO
06-11 23:03:09.317 D/WindowManager(  633): interceptKeyTi keyCode=66 down=false repeatCount=0 keyguardOn=false canceled=false
06-11 23:03:09.317 D/WindowManager(  633): CloudPC is in NOT in foreground
06-11 23:03:09.318 D/WindowManager(  633): isKeyNeedsToPassToJioCloudPC :: NO
06-11 23:03:09.318 D/GlobalKeyManager(  633): KeyEvent { action=ACTION_UP, keyCode=KEYCODE_ENTER, scanCode=0, metaState=0, flags=0x0, repeatCount=0, eventTime=9020453, downTime=9020453, deviceId=-1, source=0x101, displayId=-1 }
06-11 23:03:09.318 D/InputDispatcher(  633): Setting input event injection result to 0.  injectorPid=22853, injectorUid=0
06-11 23:03:09.318 D/InputDispatcher(  633): injectInputEvent - Waiting for 1 pending foreground dispatches.
06-11 23:03:09.326 I/system_server(  633): oneway function results will be dropped but finished with status OK and parcel size 4
06-11 23:03:09.327 I/system_server(  633): oneway function results will be dropped but finished with status OK and parcel size 4
06-11 23:03:09.327 I/sub_mixing_factory(  348): [usecase_change_validate_l_sm:1209] ++++continuous:0 dev masks:0, out masks:0, out usecase PCM_NORMAL
06-11 23:03:09.327 I/sub_mixing_factory(  348): [usecase_change_validate_l_sm:1216] add usecase PCM_NORMAL, cnt 1
06-11 23:03:09.327 D/sub_mixing_factory(  348): [usecase_change_validate_l_sm:1228] cur dev masks:0, add out usecase:PCM_NORMAL
06-11 23:03:09.327 I/sub_mixing_factory(  348): [usecase_change_validate_l_sm:1259] ----continuous:0 dev masks:0x1, out masks:0x1, out usecase PCM_NORMAL
06-11 23:03:09.327 D/aml_audio_port(  348): [new_input_port:260] buf_frames:384,frame_size:4 ==> thunk_size:1536
06-11 23:03:09.327 I/aml_audio_port(  348): [get_input_port_type:109] samplerate:48000, flags:0x2, channel_cnt:2
06-11 23:03:09.327 D/aml_audio_port(  348): [new_input_port:286] inport:PCM_SYSTEM, buf:6144, direct:0, format:0x1, rate:48000, ch:2
06-11 23:03:09.327 I/amlAudioMixer(  348): [init_mixer_input_port:175] input port:PCM_SYSTEM, size 384 frames, frame_write_sum:139743232
06-11 23:03:09.327 I/aml_audio_port(  348): [get_input_port_type:109] samplerate:48000, flags:0x2, channel_cnt:2
06-11 23:03:09.327 I/sub_mixing_factory(  348): [mixer_aux_buffer_write_sm:1066] stream 0xee269000 input port:PCM_SYSTEM
06-11 23:03:09.327 I/sub_mixing_factory(  348): [mixer_aux_buffer_write_sm:1076] padding_bytes 12288
06-11 23:03:09.327 I/amlAudioMixer(  348): [mixer_write_inport:260] input port:PCM_SYSTEM is active now
06-11 23:03:09.328 I/sub_mixing_factory(  348): [mixer_aux_buffer_write_sm:1076] padding_bytes 10752
06-11 23:03:09.328 I/sub_mixing_factory(  348): [mixer_aux_buffer_write_sm:1076] padding_bytes 9216
06-11 23:03:09.328 I/sub_mixing_factory(  348): [mixer_aux_buffer_write_sm:1076] padding_bytes 7680
06-11 23:03:09.328 I/sub_mixing_factory(  348): [mixer_aux_buffer_write_sm:1076] padding_bytes 6144
06-11 23:03:09.333 I/amlAudioMixer(  348): [mixer_inports_read:704] input port:PCM_SYSTEM first start, portId:0, avail:6144
06-11 23:03:09.335 D/stbdpc  (  397): STB_DPGetNumPaths[570]: num_paths: 1
06-11 23:03:09.338 I/sub_mixing_factory(  348): [mixer_aux_buffer_write_sm:1076] padding_bytes 4608
06-11 23:03:09.339 D/InputDispatcher(  633): injectInputEvent - Finished with result 0. injectorPid=22853, injectorUid=0
06-11 23:03:09.346 I/sub_mixing_factory(  348): [mixer_aux_buffer_write_sm:1076] padding_bytes 3072
06-11 23:03:09.351 I/appium  (22872): AppiumResponse: {"sessionId":"8587a472-c29f-49d3-abb8-c617b9b8127e","value":null}
06-11 23:03:09.354 I/sub_mixing_factory(  348): [mixer_aux_buffer_write_sm:1076] padding_bytes 1536
06-11 23:03:09.435 D/stbdpc  (  397): STB_DPGetNumPaths[570]: num_paths: 1
06-11 23:03:09.503 I/ThermalService(  969): CPU temperatures: [61.100002]
06-11 23:03:09.512 D/dvb_iptv(  397): ReadEmmNetworkTask[1537]: EMM Select Timeout Occured 53
06-11 23:03:09.535 D/stbdpc  (  397): STB_DPGetNumPaths[570]: num_paths: 1
06-11 23:03:09.635 D/stbdpc  (  397): STB_DPGetNumPaths[570]: num_paths: 1
06-11 23:03:09.641 W/APM::AudioPolicyEngine(  387): getDevicesForStrategy() unknown strategy: -1
06-11 23:03:09.644 I/system_server(  633): oneway function results will be dropped but finished with status OK and parcel size 4
06-11 23:03:09.700 D/rtk_heartbeat(  349): heartbeat_timed_out: heartbeatCmdCount = 8998, expected nextSeqNum = 8998
06-11 23:03:09.701 D/rtk_heartbeat(  349): rtkbt_heartbeat_cmpl_cback: Current SeqNum = 8998,should SeqNum=8998, status = 0
06-11 23:03:09.736 D/stbdpc  (  397): STB_DPGetNumPaths[570]: num_paths: 1
06-11 23:03:09.836 I/chatty  (  397): uid=0(root) DK-SiCntrl identical 1 line
06-11 23:03:09.936 D/stbdpc  (  397): STB_DPGetNumPaths[570]: num_paths: 1
06-11 23:03:09.993 D/JioStbInactivityTimer(  926): Timer: count 176 warningTimeout:10680 timeout:10800
06-11 23:03:09.995 D/JioStbInactivityTimer(  926): isUserActive: Curr:8843201 Prev:8843201
06-11 23:03:10.012 D/dvb_iptv(  397): ReadEmmNetworkTask[1537]: EMM Select Timeout Occured 54
06-11 23:03:10.036 D/stbdpc  (  397): STB_DPGetNumPaths[570]: num_paths: 1
06-11 23:03:10.236 I/chatty  (  397): uid=0(root) DK-SiCntrl identical 2 lines
06-11 23:03:10.337 D/stbdpc  (  397): STB_DPGetNumPaths[570]: num_paths: 1
06-11 23:03:10.422 I/.startv.hotsta(22936): Background concurrent copying GC freed 88262(4733KB) AllocSpace objects, 31(764KB) LOS objects, 49% free, 15MB/31MB, paused 168us total 260.278ms
06-11 23:03:10.437 D/stbdpc  (  397): STB_DPGetNumPaths[570]: num_paths: 1
06-11 23:03:10.512 D/dvb_iptv(  397): ReadEmmNetworkTask[1537]: EMM Select Timeout Occured 55
06-11 23:03:10.537 D/stbdpc  (  397): STB_DPGetNumPaths[570]: num_paths: 1
06-11 23:03:10.637 D/stbdpc  (  397): STB_DPGetNumPaths[570]: num_paths: 1
06-11 23:03:10.701 D/rtk_heartbeat(  349): heartbeat_timed_out: heartbeatCmdCount = 8999, expected nextSeqNum = 8999
06-11 23:03:10.705 D/rtk_heartbeat(  349): rtkbt_heartbeat_cmpl_cback: Current SeqNum = 8999,should SeqNum=8999, status = 0
06-11 23:03:10.733 V/DigitalSignage(  633): Package Name: null
06-11 23:03:10.733 V/DigitalSignage(  633): Left: 0
06-11 23:03:10.733 V/DigitalSignage(  633): Right: 0
06-11 23:03:10.733 V/DigitalSignage(  633): Top: 0
06-11 23:03:10.733 V/DigitalSignage(  633): Bottom: 0
06-11 23:03:10.734 D/DigitalSignage(  633): else - Package Name :: null left : 0 right :: 0 top :: 0 bottom :: 0 dfu-right :: 1920 dfu-bottom :: 1080
06-11 23:03:10.737 D/stbdpc  (  397): STB_DPGetNumPaths[570]: num_paths: 1
06-11 23:03:10.746 I/.startv.hotsta(22936): oneway function results will be dropped but finished with status OK and parcel size 4
06-11 23:03:10.749 I/e.swalekh.abct( 1359): oneway function results will be dropped but finished with status OK and parcel size 4
06-11 23:03:10.756 D/JioSTBMRServer-SERVICE( 3589): InetSocketAddress(InetAddress.getByName(inetAddress.hostAddress)-/192.168.1.255
06-11 23:03:10.756 D/JioSTBMRServer-SERVICE( 3589): #beacon:RKISBFJ60000097:0:false:0:1:SV=181024 , 192.168.1.255
06-11 23:03:10.766 D/JioSTBMRServer-SERVICE( 3589): InetSocketAddress(InetAddress.getByName(inetAddress.hostAddress)-/192.168.1.255
06-11 23:03:10.766 D/JioSTBMRServer-SERVICE( 3589): #broadcast IP:192.168.1.255
06-11 23:03:10.769 V/DigitalSignage(  633): Package Name: null
06-11 23:03:10.769 V/DigitalSignage(  633): Left: 0
06-11 23:03:10.769 V/DigitalSignage(  633): Right: 0
06-11 23:03:10.769 V/DigitalSignage(  633): Top: 0
06-11 23:03:10.769 V/DigitalSignage(  633): Bottom: 0
06-11 23:03:10.769 D/DigitalSignage(  633): else - Package Name :: null left : 0 right :: 0 top :: 0 bottom :: 0 dfu-right :: 1920 dfu-bottom :: 1080
06-11 23:03:10.775 D/memtrack_aml(  363): sysfs path
06-11 23:03:10.806 D/PackageManager(  633): Instant App installer not found with android.intent.action.INSTALL_INSTANT_APP_PACKAGE
06-11 23:03:10.806 D/PackageManager(  633): Clear ephemeral installer activity
06-11 23:03:10.838 D/stbdpc  (  397): STB_DPGetNumPaths[570]: num_paths: 1
06-11 23:03:10.938 D/stbdpc  (  397): STB_DPGetNumPaths[570]: num_paths: 1
06-11 23:03:10.993 D/JioStbInactivityTimer(  926): Timer: count 177 warningTimeout:10680 timeout:10800
06-11 23:03:10.994 D/JioStbInactivityTimer(  926): isUserActive: Curr:8843201 Prev:8843201
06-11 23:03:11.012 D/dvb_iptv(  397): ReadEmmNetworkTask[1537]: EMM Select Timeout Occured 56
06-11 23:03:11.038 D/stbdpc  (  397): STB_DPGetNumPaths[570]: num_paths: 1
06-11 23:03:11.138 D/stbdpc  (  397): STB_DPGetNumPaths[570]: num_paths: 1
06-11 23:03:11.153 D/ltts_ip_emm(  397): LTTS_IP_DMXStartEMM[381]: parse_emm_cat_status failed
06-11 23:03:11.238 D/stbdpc  (  397): STB_DPGetNumPaths[570]: num_paths: 1
06-11 23:03:11.339 D/stbdpc  (  397): STB_DPGetNumPaths[570]: num_paths: 1
06-11 23:03:11.394 I/appium  (22872): channel read: POST /session/8587a472-c29f-49d3-abb8-c617b9b8127e/element
06-11 23:03:11.396 I/appium  (22872): FindElement command
06-11 23:03:11.399 I/appium  (22872): method: 'xpath', selector: '//android.widget.TextView[@resource-id='in.startv.hotstar:id/title']'
06-11 23:03:11.400 I/appium  (22872): Waiting up to 10000ms for the device to idle
06-11 23:03:11.439 D/stbdpc  (  397): STB_DPGetNumPaths[570]: num_paths: 1
06-11 23:03:11.512 D/dvb_iptv(  397): ReadEmmNetworkTask[1537]: EMM Select Timeout Occured 57
06-11 23:03:11.519 I/ThermalService(  969): CPU temperatures: [63.700005]
06-11 23:03:11.539 D/stbdpc  (  397): STB_DPGetNumPaths[570]: num_paths: 1
06-11 23:03:11.639 D/stbdpc  (  397): STB_DPGetNumPaths[570]: num_paths: 1
06-11 23:03:11.701 D/rtk_heartbeat(  349): heartbeat_timed_out: heartbeatCmdCount = 9000, expected nextSeqNum = 9000
06-11 23:03:11.702 D/rtk_heartbeat(  349): rtkbt_heartbeat_cmpl_cback: Current SeqNum = 9000,should SeqNum=9000, status = 0
06-11 23:03:11.739 D/stbdpc  (  397): STB_DPGetNumPaths[570]: num_paths: 1
06-11 23:03:11.846 I/AppsFilter(  633): interaction: PackageSetting{d0429bc io.appium.uiautomator2.server.test/10095} -> PackageSetting{860805a in.startv.hotstar/10072} BLOCKED
06-11 23:03:11.846 I/AppsFilter(  633): interaction: PackageSetting{ca44c9a com.omni.simplesetup/10026} -> PackageSetting{860805a in.startv.hotstar/10072} BLOCKED
06-11 23:03:11.846 I/AppsFilter(  633): interaction: PackageSetting{a67b9cb io.appium.settings/10094} -> PackageSetting{860805a in.startv.hotstar/10072} BLOCKED
06-11 23:03:11.855 I/RoleManagerService(  633): Granting default roles...
06-11 23:03:11.839 D/stbdpc  (  397): STB_DPGetNumPaths[570]: num_paths: 1
06-11 23:03:11.861 V/AvrcpMediaPlayerList(  764): mPackageChangedBroadcastReceiver: action: android.intent.action.PACKAGE_CHANGED
06-11 23:03:11.861 D/AvrcpMediaPlayerList(  764): Name of package changed: in.startv.hotstar
06-11 23:03:11.870 I/InputReader(  633): Reconfiguring input devices, changes=KEYBOARD_LAYOUTS | 
06-11 23:03:11.883 I/PermissionControllerServiceImpl( 2797): Updating user sensitive for uid 10072
06-11 23:03:11.884 D/JioLauncher( 1773): package-receiver: android.intent.action.PACKAGE_CHANGED
06-11 23:03:11.888 W/Role    ( 2797): Cannot get ApplicationInfo for default holder: com.android.messaging
06-11 23:03:11.940 D/stbdpc  (  397): STB_DPGetNumPaths[570]: num_paths: 1
06-11 23:03:11.948 W/Searchables(  633): No global search activity found
06-11 23:03:11.949 I/appium  (22872): The following attributes will be included to the page source: [resource-id]
06-11 23:03:11.993 D/JioStbInactivityTimer(  926): Timer: count 178 warningTimeout:10680 timeout:10800
06-11 23:03:11.993 D/JioStbInactivityTimer(  926): isUserActive: Curr:8843201 Prev:8843201
06-11 23:03:12.013 D/dvb_iptv(  397): ReadEmmNetworkTask[1537]: EMM Select Timeout Occured 58
06-11 23:03:12.018 W/[ 9023.172429@1]  RTW(    0): fill_default_txdesc(wlan0): SP Packet(0x0806) rate=0x4 SeqNum = 303
06-11 23:03:12.032 E/WifiVendorHal(  633): getWifiLinkLayerStats_1_3_Internal(l.973) failed {.code = ERROR_UNKNOWN, .description = unknown error}
06-11 23:03:12.040 D/stbdpc  (  397): STB_DPGetNumPaths[570]: num_paths: 1
06-11 23:03:12.140 D/stbdpc  (  397): STB_DPGetNumPaths[570]: num_paths: 1
06-11 23:03:12.185 I/appium  (22872): Took 0ms to retrieve 1 matches for '//android.widget.TextView[@resource-id='in.startv.hotstar:id/title']' XPath2 query
06-11 23:03:12.192 I/appium  (22872): AppiumResponse: {"sessionId":"8587a472-c29f-49d3-abb8-c617b9b8127e","value":{"ELEMENT":"00000000-0000-00b9-ffff-ffff000000aa","element-6066-11e4-a52e-4f735466cecf":"00000000-0000-00b9-ffff-ffff000000aa"}}
06-11 23:03:12.233 I/DTVKit  (  397): request[114]: 'CmnNoti.onDvbIpPacketDetails' // '[]'
06-11 23:03:12.234 D/stbresmgr(  397): STB_RESNumTuners[315]: num_tuners: 3
06-11 23:03:12.234 E/dvb_iptv(  397): IPTV_GetDvbIpPacketDetails[684]: No valid ECM iptv_handle
06-11 23:03:12.234 D/dvb_iptv(  397): IPTV_GetDvbIpPacketDetails[688]: EMM Pkt stat received_packets:0 lost_packets:0 recov_packets:0 
06-11 23:03:12.234 E/CommonClientNotiCbUtilsIntf(  397): onDvbIpPacketDetails[97]: Failure of Getting DvbIpDetails
06-11 23:03:12.234 D/CommonClientNotiCbUtilsImpl( 1624): Not Received Valid Info
06-11 23:03:12.240 D/stbdpc  (  397): STB_DPGetNumPaths[570]: num_paths: 1
06-11 23:03:12.242 I/appium  (22872): channel read: GET /session/8587a472-c29f-49d3-abb8-c617b9b8127e/element/00000000-0000-00b9-ffff-ffff000000aa/attribute/displayed
06-11 23:03:12.243 I/appium  (22872): GetElementAttribute command
06-11 23:03:12.254 I/appium  (22872): AppiumResponse: {"sessionId":"8587a472-c29f-49d3-abb8-c617b9b8127e","value":"true"}
06-11 23:03:12.278 I/appium  (22872): channel read: GET /session/8587a472-c29f-49d3-abb8-c617b9b8127e/element/00000000-0000-00b9-ffff-ffff000000aa/attribute/displayed
06-11 23:03:12.281 I/appium  (22872): GetElementAttribute command
06-11 23:03:12.289 I/appium  (22872): AppiumResponse: {"sessionId":"8587a472-c29f-49d3-abb8-c617b9b8127e","value":"true"}
06-11 23:03:12.305 D/JioLauncher( 1773): isInternetAvailable-method-response-204
06-11 23:03:12.306 D/JioLauncher( 1773): isMulticastReceiver-Connected-to-5GHz-Wi-Fi-network
06-11 23:03:12.321 I/appium  (22872): channel read: POST /session/8587a472-c29f-49d3-abb8-c617b9b8127e/appium/device/press_keycode
06-11 23:03:12.322 I/appium  (22872): PressKeyCode command
06-11 23:03:12.323 I/appium  (22872): Calling PressKeyCode... 
06-11 23:03:12.328 D/UiDevice(22872): Pressing keycodes [4] with modifier 0.
06-11 23:03:12.340 D/stbdpc  (  397): STB_DPGetNumPaths[570]: num_paths: 1
06-11 23:03:12.346 D/InputDispatcher(  633): injectInputEvent - eventType=1, injectorPid=22853, injectorUid=0, syncMode=2, timeout=30000, policyFlags=0x08000000
06-11 23:03:12.346 D/WindowManager(  633): interceptKeyTq keycode=4 interactive=true keyguardActive=false policyFlags=2b000000
06-11 23:03:12.347 D/WindowManager(  633): CloudPC is in NOT in foreground
06-11 23:03:12.347 D/WindowManager(  633): isKeyNeedsToPassToJioCloudPC :: NO
06-11 23:03:12.348 D/WindowManager(  633): interceptKeyTi keyCode=4 down=true repeatCount=0 keyguardOn=false canceled=false
06-11 23:03:12.348 D/WindowManager(  633): CloudPC is in NOT in foreground
06-11 23:03:12.348 D/WindowManager(  633): isKeyNeedsToPassToJioCloudPC :: NO
06-11 23:03:12.348 D/GlobalKeyManager(  633): KeyEvent { action=ACTION_DOWN, keyCode=KEYCODE_BACK, scanCode=0, metaState=0, flags=0x0, repeatCount=0, eventTime=9023481, downTime=9023481, deviceId=-1, source=0x101, displayId=-1 }
06-11 23:03:12.348 D/InputDispatcher(  633): Setting input event injection result to 0.  injectorPid=22853, injectorUid=0
06-11 23:03:12.348 D/InputDispatcher(  633): injectInputEvent - Waiting for 1 pending foreground dispatches.
06-11 23:03:12.348 I/android.hardware.power-service.libperfmgr(  366): Power setBoost: INTERACTION duration: 0
06-11 23:03:12.349 I/libperfmgr(  366): Do Powerhint: INTERACTION
06-11 23:03:12.349 I/android.hardware.power-service.libperfmgr(  366): Power setBoost: INTERACTION duration: 0
06-11 23:03:12.349 I/libperfmgr(  366): Do Powerhint: INTERACTION
06-11 23:03:12.349 D/InputDispatcher(  633): injectInputEvent - Finished with result 0. injectorPid=22853, injectorUid=0
06-11 23:03:12.352 D/InputDispatcher(  633): injectInputEvent - eventType=1, injectorPid=22853, injectorUid=0, syncMode=2, timeout=30000, policyFlags=0x08000000
06-11 23:03:12.352 D/WindowManager(  633): interceptKeyTq keycode=4 interactive=true keyguardActive=false policyFlags=2b000000
06-11 23:03:12.352 D/WindowManager(  633): CloudPC is in NOT in foreground
06-11 23:03:12.352 D/WindowManager(  633): isKeyNeedsToPassToJioCloudPC :: NO
06-11 23:03:12.352 D/AutofillManagerService(  633): onBackKeyPressed()
06-11 23:03:12.353 D/WindowManager(  633): interceptKeyTi keyCode=4 down=false repeatCount=0 keyguardOn=false canceled=false
06-11 23:03:12.353 D/WindowManager(  633): CloudPC is in NOT in foreground
06-11 23:03:12.353 D/WindowManager(  633): isKeyNeedsToPassToJioCloudPC :: NO
06-11 23:03:12.353 D/GlobalKeyManager(  633): KeyEvent { action=ACTION_UP, keyCode=KEYCODE_BACK, scanCode=0, metaState=0, flags=0x0, repeatCount=0, eventTime=9023481, downTime=9023481, deviceId=-1, source=0x101, displayId=-1 }
06-11 23:03:12.353 D/InputDispatcher(  633): Setting input event injection result to 0.  injectorPid=22853, injectorUid=0
06-11 23:03:12.354 D/InputDispatcher(  633): injectInputEvent - Waiting for 1 pending foreground dispatches.
06-11 23:03:12.359 D/InputDispatcher(  633): injectInputEvent - Finished with result 0. injectorPid=22853, injectorUid=0
06-11 23:03:12.367 I/appium  (22872): AppiumResponse: {"sessionId":"8587a472-c29f-49d3-abb8-c617b9b8127e","value":null}
06-11 23:03:12.394 I/appium  (22872): channel read: POST /session/8587a472-c29f-49d3-abb8-c617b9b8127e/elements
06-11 23:03:12.396 I/appium  (22872): FindElements command
06-11 23:03:12.399 I/appium  (22872): method: 'xpath', selector: '//android.widget.TextView[@resource-id='in.startv.hotstar:id/tv_title']'
06-11 23:03:12.400 I/appium  (22872): Waiting up to 10000ms for the device to idle
06-11 23:03:12.440 D/stbdpc  (  397): STB_DPGetNumPaths[570]: num_paths: 1
06-11 23:03:12.450 D/sub_mixing_factory(  348): [out_standby_subMixingPCM:1324] out_stream(0xee269000) usecase: PCM_NORMAL
06-11 23:03:12.450 I/sub_mixing_factory(  348): [usecase_change_validate_l_sm:1170] cur dev masks:0x1, delete out usecase:PCM_NORMAL
06-11 23:03:12.450 I/sub_mixing_factory(  348): [usecase_change_validate_l_sm:1180] standby unmask usecase PCM_NORMAL
06-11 23:03:12.450 I/amlAudioMixer(  348): [delete_mixer_input_port:197] input port ID:0, type:PCM_SYSTEM, cur mask:0x1
06-11 23:03:12.451 I/system_server(  633): oneway function results will be dropped but finished with status OK and parcel size 4
06-11 23:03:12.513 D/dvb_iptv(  397): ReadEmmNetworkTask[1537]: EMM Select Timeout Occured 59
06-11 23:03:12.541 D/stbdpc  (  397): STB_DPGetNumPaths[570]: num_paths: 1
06-11 23:03:12.641 D/stbdpc  (  397): STB_DPGetNumPaths[570]: num_paths: 1
06-11 23:03:12.701 D/rtk_heartbeat(  349): heartbeat_timed_out: heartbeatCmdCount = 9001, expected nextSeqNum = 9001
06-11 23:03:12.702 D/rtk_heartbeat(  349): rtkbt_heartbeat_cmpl_cback: Current SeqNum = 9001,should SeqNum=9001, status = 0
06-11 23:03:12.741 D/stbdpc  (  397): STB_DPGetNumPaths[570]: num_paths: 1
06-11 23:03:12.800 F/linker  (23129): CANNOT LINK EXECUTABLE "/system/bin/smartcable/smartCableSTBApp": library "libmosquitto.so" not found: needed by main executable
06-11 23:03:12.808 I/.startv.hotsta(22936): oneway function results will be dropped but finished with status OK and parcel size 4
06-11 23:03:12.811 I/e.swalekh.abct( 1359): oneway function results will be dropped but finished with status OK and parcel size 4
06-11 23:03:12.819 D/JioSTBMRServer-SERVICE( 3589): InetSocketAddress(InetAddress.getByName(inetAddress.hostAddress)-/192.168.1.255
06-11 23:03:12.819 D/JioSTBMRServer-SERVICE( 3589): #beacon:RKISBFJ60000097:0:false:0:1:SV=181024 , 192.168.1.255
06-11 23:03:12.821 D/JioSTBMRServer-SERVICE( 3589): InetSocketAddress(InetAddress.getByName(inetAddress.hostAddress)-/192.168.1.255
06-11 23:03:12.821 D/JioSTBMRServer-SERVICE( 3589): #broadcast IP:192.168.1.255
06-11 23:03:12.841 D/stbdpc  (  397): STB_DPGetNumPaths[570]: num_paths: 1
06-11 23:03:12.935 D/JioLauncher( 1773): overlay status check for wifi and bt remote false false
06-11 23:03:12.937 D/Match code1( 1439): 2
06-11 23:03:12.937 D/JIO_TR069-( 1439): Predefined List [com.jio.stb.catv, com.rjil.jiostbsetting, com.iwedia.ui.rjio.launcher.reliance, com.jio.stb.hotellauncher, com.jio.media.oberoi, com.jio.ott]
06-11 23:03:12.939 D/JIO_TR069-( 1439): Caller Package com.iwedia.ui.rjio.launcher.reliance
06-11 23:03:12.939 D/JIO_TR069-( 1439): White Listed Apps []
06-11 23:03:12.939 D/JIO_TR069-( 1439): Final White Listed Apps [com.jio.stb.catv, com.rjil.jiostbsetting, com.iwedia.ui.rjio.launcher.reliance, com.jio.stb.hotellauncher, com.jio.media.oberoi, com.jio.ott, ]
06-11 23:03:12.941 D/stbdpc  (  397): STB_DPGetNumPaths[570]: num_paths: 1
06-11 23:03:12.942 D/JioLauncher( 1773): network-type-------NonJioNetwork
06-11 23:03:12.948 D/JioLauncher( 1773): live-tv-previousIp-[/fe80::1%wlan0, /192.168.1.1]-newHost-[/fe80::1%wlan0, /192.168.1.1]
06-11 23:03:12.994 D/JioStbInactivityTimer(  926): Timer: count 179 warningTimeout:10680 timeout:10800
06-11 23:03:12.994 D/JioStbInactivityTimer(  926): isUserActive: Curr:8843201 Prev:8843201
06-11 23:03:13.013 D/dvb_iptv(  397): ReadEmmNetworkTask[1537]: EMM Select Timeout Occured 60
06-11 23:03:13.013 D/stbresmgr(  397): STB_RESNumTuners[315]: num_tuners: 3
06-11 23:03:13.013 E/dvb_iptv(  397): IPTV_GetDvbIpPacketDetails[684]: No valid ECM iptv_handle
06-11 23:03:13.013 D/dvb_iptv(  397): IPTV_GetDvbIpPacketDetails[688]: EMM Pkt stat received_packets:0 lost_packets:0 recov_packets:0 
06-11 23:03:13.013 D/dvb_iptv(  397): getPktDetailOnRetry[710]: Failed to fetch packet details
06-11 23:03:13.013 D/dvb_iptv(  397): ReadEmmNetworkTask[1582]: signal emm restart thread
06-11 23:03:13.013 D/dvb_iptv(  397): IPTV_Emm_Stop[2245]: IPTV_Emm_Stop called
06-11 23:03:13.013 D/ltts_ip_emm(  397): CloseEmmCasSession[446]: EMM CAS CloseSession CASSession ID:f07c2c00
06-11 23:03:13.013 I/Aml_MP  (  397): AmlVMXIptvCas_V2 dtor AmlVMXIptvCas_V2
06-11 23:03:13.014 I/Aml_MP  (  397): AmCasLibWrapper [~AmCasLibWrapper:47] 
06-11 23:03:13.014 D/am_cas_api(  397): [releaseAmCas/294]
06-11 23:03:13.014 V/AVPIPTV (  397): [0] ~AmCasIPTVSC2 at # 707, class_instance_index=0
06-11 23:03:13.014 I/Aml_MP  (  397): AmCasLibWrapper delete mCasObj
06-11 23:03:13.014 I/Aml_MP  (  397): AmlCasBase [~AmlCasBase:89] 
06-11 23:03:13.014 D/ltts_ip_emm(  397): CloseEmmCasSession[450]: Aml_MP_CAS_CloseSession_Emm | ret_Aml: 0
06-11 23:03:13.041 D/stbdpc  (  397): STB_DPGetNumPaths[570]: num_paths: 1
06-11 23:03:13.086 I/appium  (22872): The following attributes will be included to the page source: [resource-id]
06-11 23:03:13.142 D/stbdpc  (  397): STB_DPGetNumPaths[570]: num_paths: 1
06-11 23:03:13.153 D/ltts_ip_emm(  397): LTTS_IP_DMXStartEMM[381]: parse_emm_cat_status failed
06-11 23:03:13.242 D/stbdpc  (  397): STB_DPGetNumPaths[570]: num_paths: 1
06-11 23:03:13.321 I/appium  (22872): Took 1ms to retrieve 8 matches for '//android.widget.TextView[@resource-id='in.startv.hotstar:id/tv_title']' XPath2 query
06-11 23:03:13.326 I/appium  (22872): Caching 8 found elements
06-11 23:03:13.337 I/appium  (22872): Cached 8 elements
06-11 23:03:13.342 D/stbdpc  (  397): STB_DPGetNumPaths[570]: num_paths: 1
06-11 23:03:13.343 I/appium  (22872): AppiumResponse: {"sessionId":"8587a472-c29f-49d3-abb8-c617b9b8127e","value":[{"ELEMENT":"00000000-0000-00b9-ffff-ffff00000024","element-6066-11e4-a52e-4f735466cecf":"00000000-0000-00b9-ffff-ffff00000024"},{"ELEMENT":"00000000-0000-00b9-ffff-ffff00000029","element-6066-11e4-a52e-4f735466cecf":"00000000-0000-00b9-fff
06-11 23:03:13.365 D/UpdateRcuOtaService( 2105): Updated Battery Level on interval period of 30 mins
06-11 23:03:13.366 E/RCU_Update( 2105): Dumping Intent start
06-11 23:03:13.366 E/RCU_Update( 2105): [rcu_mode=BT] com.jio.tr069client
06-11 23:03:13.366 E/RCU_Update( 2105): [battery=81] com.jio.tr069client
06-11 23:03:13.366 E/RCU_Update( 2105): [mac_addr=00:e0:4c:61:2f:f7] com.jio.tr069client
06-11 23:03:13.366 E/RCU_Update( 2105): [rssi=-44] com.jio.tr069client
06-11 23:03:13.366 E/RCU_Update( 2105): [type=43 Dedicated] com.jio.tr069client
06-11 23:03:13.366 E/RCU_Update( 2105): [manufacturer_id=WEIDA] com.jio.tr069client
06-11 23:03:13.366 E/RCU_Update( 2105): [no_of_key=43] com.jio.tr069client
06-11 23:03:13.366 E/RCU_Update( 2105): [full_version=B.0.3.A.1.107.38212] com.jio.tr069client
06-11 23:03:13.366 E/RCU_Update( 2105): Dumping Intent end
06-11 23:03:13.375 I/appium  (22872): channel read: GET /session/8587a472-c29f-49d3-abb8-c617b9b8127e/element/00000000-0000-00b9-ffff-ffff00000024/attribute/displayed
06-11 23:03:13.377 I/appium  (22872): GetElementAttribute command
06-11 23:03:13.382 W/ContextImpl( 2105): Calling a method in the system process without a qualified user: android.app.ContextImpl.sendBroadcast:1111 android.content.ContextWrapper.sendBroadcast:468 com.jio.stb.rcuupdate.Utility.sendbroadcasttoTR:131 com.jio.stb.rcuupdate.UpdateRcuOtaService$8.run:2065 java.util.TimerThread.mainLoop:562 
06-11 23:03:13.388 E/ActivityManager(  633): Sending non-protected broadcast com.jio.tr069.action.SEND_RCU_DATA from system 2105:com.jio.stb.rcuupdate/1000 pkg com.jio.stb.rcuupdate
06-11 23:03:13.388 E/ActivityManager(  633): java.lang.Throwable
06-11 23:03:13.388 E/ActivityManager(  633): 	at com.android.server.am.ActivityManagerService.checkBroadcastFromSystem(ActivityManagerService.java:16035)
06-11 23:03:13.388 E/ActivityManager(  633): 	at com.android.server.am.ActivityManagerService.broadcastIntentLocked(ActivityManagerService.java:16616)
06-11 23:03:13.388 E/ActivityManager(  633): 	at com.android.server.am.ActivityManagerService.broadcastIntentLocked(ActivityManagerService.java:16052)
06-11 23:03:13.388 E/ActivityManager(  633): 	at com.android.server.am.ActivityManagerService.broadcastIntentWithFeature(ActivityManagerService.java:16866)
06-11 23:03:13.388 E/ActivityManager(  633): 	at android.app.IActivityManager$Stub.onTransact(IActivityManager.java:2283)
06-11 23:03:13.388 E/ActivityManager(  633): 	at com.android.server.am.ActivityManagerService.onTransact(ActivityManagerService.java:2884)
06-11 23:03:13.388 E/ActivityManager(  633): 	at android.os.Binder.execTransactInternal(Binder.java:1154)
06-11 23:03:13.388 E/ActivityManager(  633): 	at android.os.Binder.execTransact(Binder.java:1123)
06-11 23:03:13.389 I/appium  (22872): AppiumResponse: {"sessionId":"8587a472-c29f-49d3-abb8-c617b9b8127e","value":"true"}
06-11 23:03:13.390 E/RCU_Update( 2105): Dumping Intent start
06-11 23:03:13.391 E/RCU_Update( 2105): [rcu_mode=BT] com.rjil.jiostbsetting
06-11 23:03:13.391 E/RCU_Update( 2105): [battery=81] com.rjil.jiostbsetting
06-11 23:03:13.391 E/RCU_Update( 2105): [mac_addr=00:e0:4c:61:2f:f7] com.rjil.jiostbsetting
06-11 23:03:13.391 E/RCU_Update( 2105): [rssi=-44] com.rjil.jiostbsetting
06-11 23:03:13.391 E/RCU_Update( 2105): [type=43 Dedicated] com.rjil.jiostbsetting
06-11 23:03:13.391 E/RCU_Update( 2105): [manufacturer_id=WEIDA] com.rjil.jiostbsetting
06-11 23:03:13.391 E/RCU_Update( 2105): [no_of_key=43] com.rjil.jiostbsetting
06-11 23:03:13.391 E/RCU_Update( 2105): [full_version=B.0.3.A.1.107.38212] com.rjil.jiostbsetting
06-11 23:03:13.391 E/RCU_Update( 2105): Dumping Intent end
06-11 23:03:13.391 I/ActivityManager(  633): Notify Jio SDK Service on crash event
06-11 23:03:13.391 W/ContextImpl( 2105): Calling a method in the system process without a qualified user: android.app.ContextImpl.sendBroadcast:1111 android.content.ContextWrapper.sendBroadcast:468 com.jio.stb.rcuupdate.Utility.sendbroadcasttoSetting:148 com.jio.stb.rcuupdate.UpdateRcuOtaService$8.run:2066 java.util.TimerThread.mainLoop:562 
06-11 23:03:13.391 I/DropBoxManagerService(  633): add tag=system_server_wtf isTagEnabled=true flags=0x2
06-11 23:03:13.394 E/RCU_Update( 2105): Dumping Intent start
06-11 23:03:13.394 E/RCU_Update( 2105): [rcu_mode=BT] com.iwedia.ui.rjio.launcher.reliance
06-11 23:03:13.394 E/RCU_Update( 2105): [battery=81] com.iwedia.ui.rjio.launcher.reliance
06-11 23:03:13.394 E/RCU_Update( 2105): [mac_addr=00:e0:4c:61:2f:f7] com.iwedia.ui.rjio.launcher.reliance
06-11 23:03:13.394 E/RCU_Update( 2105): [rssi=-44] com.iwedia.ui.rjio.launcher.reliance
06-11 23:03:13.394 E/RCU_Update( 2105): [type=43 Dedicated] com.iwedia.ui.rjio.launcher.reliance
06-11 23:03:13.394 E/RCU_Update( 2105): [manufacturer_id=WEIDA] com.iwedia.ui.rjio.launcher.reliance
06-11 23:03:13.394 E/RCU_Update( 2105): [no_of_key=43] com.iwedia.ui.rjio.launcher.reliance
06-11 23:03:13.394 E/RCU_Update( 2105): [full_version=B.0.3.A.1.107.38212] com.iwedia.ui.rjio.launcher.reliance
06-11 23:03:13.394 E/RCU_Update( 2105): Dumping Intent end
06-11 23:03:13.395 W/ContextImpl( 2105): Calling a method in the system process without a qualified user: android.app.ContextImpl.sendBroadcast:1111 android.content.ContextWrapper.sendBroadcast:468 com.jio.stb.rcuupdate.Utility.sendbroadcasttoLauncher:165 com.jio.stb.rcuupdate.UpdateRcuOtaService$8.run:2067 java.util.TimerThread.mainLoop:562 
06-11 23:03:13.398 V/ActivityManager(  633): Failure notification to TR069 module
06-11 23:03:13.400 I/JioSDK_CriticalEventReceiver( 1336): onReceive(): com.jio.sdk.action.CRITICAL_EVENT_INFO
06-11 23:03:13.401 D/JioSDK_CriticalEventReceiver( 1336): checkCrashSubType. Received new crash stack trace.
06-11 23:03:13.401 D/JioSDK_CriticalEventReceiver( 1336): Founded following SubType: non-protected broadcast
06-11 23:03:13.401 D/JioSDK_CriticalEventReceiver( 1336): Received crash type : non-protected broadcast
06-11 23:03:13.401 D/JioSDK_EventsDispatcher( 1336): Event enqueued
06-11 23:03:13.401 D/RCU_Receiver( 1439): onReceive Intent { act=com.jio.tr069.action.SEND_RCU_DATA flg=0x30 pkg=com.jio.tr069client (has extras) }
06-11 23:03:13.402 D/JioSDK_EventsSQLiteDataStore( 1336): DB READ: SUCCESS
06-11 23:03:13.404 I/JioSDK_CriticalEventReceiver( 1336): onReceive(): com.jio.sdk.action.CRITICAL_EVENT_INFO
06-11 23:03:13.404 D/rcu info( 1439):   verion  B.0.3.A.1.107.38212 - battery level 81 - macaddress 00:e0:4c:61:2f:f7 - manufactureid WEIDA - numofkeys 43 - type 43 Dedicated - rssi -44 - rcu mode BT
06-11 23:03:13.406 D/JioSettings( 1826): GlobalKeyReceiver:com.jio.tr069.action.TR_RCU_DATA
06-11 23:03:13.406 D/JioSettings( 1826): GlobalKeyReceiver::onReceive::RCU Data!
06-11 23:03:13.407 I/JioSDK_CriticalEventReceiver( 1336): exception while getting package name
06-11 23:03:13.407 D/JioSettings( 1826): GlobalKeyReceiver::processRcuData WEIDA vB.0.3.A.1.107.38212 battery:81 MAC:00:e0:4c:61:2f:f7 keys:43 type:43 Dedicated
06-11 23:03:13.407 W/System.err( 1336): android.content.pm.PackageManager$NameNotFoundException: system_server
06-11 23:03:13.408 D/JioLauncher( 1773): ExternalBroadcastReceiver onReceive called com.jio.launcher.action_RCU_DATA
06-11 23:03:13.410 W/System.err( 1336): 	at android.app.ApplicationPackageManager.getPackageInfoAsUser(ApplicationPackageManager.java:206)
06-11 23:03:13.410 W/System.err( 1336): 	at android.app.ApplicationPackageManager.getPackageInfo(ApplicationPackageManager.java:178)
06-11 23:03:13.410 W/System.err( 1336): 	at com.jio.sdk.module.external.advancelog.receivers.CriticalEventReceiver.onReceive(CriticalEventReceiver.java:104)
06-11 23:03:13.410 W/System.err( 1336): 	at android.app.LoadedApk$ReceiverDispatcher$Args.lambda$getRunnable$0$LoadedApk$ReceiverDispatcher$Args(LoadedApk.java:1580)
06-11 23:03:13.410 W/System.err( 1336): 	at android.app.-$$Lambda$LoadedApk$ReceiverDispatcher$Args$_BumDX2UKsnxLVrE6UJsJZkotuA.run(Unknown Source:2)
06-11 23:03:13.410 W/System.err( 1336): 	at android.os.Handler.handleCallback(Handler.java:938)
06-11 23:03:13.410 W/System.err( 1336): 	at android.os.Handler.dispatchMessage(Handler.java:99)
06-11 23:03:13.410 W/System.err( 1336): 	at android.os.Looper.loop(Looper.java:223)
06-11 23:03:13.410 W/System.err( 1336): 	at android.app.ActivityThread.main(ActivityThread.java:7664)
06-11 23:03:13.410 W/System.err( 1336): 	at java.lang.reflect.Method.invoke(Native Method)
06-11 23:03:13.410 W/System.err( 1336): 	at com.android.internal.os.RuntimeInit$MethodAndArgsCaller.run(RuntimeInit.java:592)
06-11 23:03:13.410 W/System.err( 1336): 	at com.android.internal.os.ZygoteInit.main(ZygoteInit.java:952)
06-11 23:03:13.410 D/JioSDK_CriticalEventReceiver( 1336): eventType: wtf processName: system_server
06-11 23:03:13.410 D/JioSDK_CriticalEventReceiver( 1336): stackTrace: android.util.Log$TerribleFailure: Sending non-protected broadcast com.jio.tr069.action.SEND_RCU_DATA from system 2105:com.jio.stb.rcuupdate/1000 pkg com.jio.stb.rcuupdate
06-11 23:03:13.410 D/JioSDK_CriticalEventReceiver( 1336): 	at android.util.Log.wtf(Log.java:313)
06-11 23:03:13.410 D/JioSDK_CriticalEventReceiver( 1336): 	at android.util.Log.wtf(Log.java:307)
06-11 23:03:13.410 D/JioSDK_CriticalEventReceiver( 1336): 	at com.android.server.am.ActivityManagerService.checkBroadcastFromSystem(ActivityManagerService.java:16034)
06-11 23:03:13.410 D/JioSDK_CriticalEventReceiver( 1336): 	at com.android.server.am.ActivityManagerService.broadcastIntentLocked(ActivityManagerService.java:16616)
06-11 23:03:13.410 D/JioSDK_CriticalEventReceiver( 1336): 	at com.android.server.am.ActivityManagerService.broadcastIntentLocked(ActivityManagerService.java:16052)
06-11 23:03:13.410 D/JioSDK_CriticalEventReceiver( 1336): 	at com.android.server.am.ActivityManagerService.broadcastIntentWithFeature(ActivityManagerService.java:16866)
06-11 23:03:13.410 D/JioSDK_CriticalEventReceiver( 1336): 	at android.app.IActivityManager$Stub.onTransact(IActivityManager.java:2283)
06-11 23:03:13.410 D/JioSDK_CriticalEventReceiver( 1336): 	at com.android.server.am.ActivityManagerService.onTransact(ActivityManagerService.java:2884)
06-11 23:03:13.410 D/JioSDK_CriticalEventReceiver( 1336): 	at android.os.Binder.execTransactInternal(Binder.java:1154)
06-11 23:03:13.410 D/JioSDK_CriticalEventReceiver( 1336): 	at android.os.Binder.execTransact(Binder.java:1123)
06-11 23:03:13.410 D/JioSDK_CriticalEventReceiver( 1336): Caused by: java.lang.Throwable
06-11 23:03:13.410 D/JioSDK_CriticalEventReceiver( 1336): 	at com.android.server.am.ActivityManagerService.checkBroadcastFromSystem(ActivityManagerService.java:16035)
06-11 23:03:13.410 D/JioSDK_CriticalEventReceiver( 1336): 	... 7 more
06-11 23:03:13.410 D/JioSDK_CriticalEventReceiver( 1336):  processInfo: nullProcess: system_server
06-11 23:03:13.410 D/JioSDK_CriticalEventReceiver( 1336): Subject: ActivityManager
06-11 23:03:13.410 D/JioSDK_CriticalEventReceiver( 1336): Build: Jio/4KOTTSTB/MSTB:11/22.1.09/43:userdebug/release-keys
06-11 23:03:13.410 D/JioSDK_CriticalEventReceiver( 1336): 
06-11 23:03:13.410 D/JioSDK_CriticalEventReceiver( 1336): processVersion: NULL
06-11 23:03:13.410 D/JioSDK_CriticalEventReceiver( 1336): isProcessForeground: No
06-11 23:03:13.411 I/JioSDK_CriticalEventReceiver( 1336): Crash happend for process : system_server
06-11 23:03:13.412 D/JioSDK_CriticalEventReceiver( 1336): checkCrashSubType. Received new crash stack trace.
06-11 23:03:13.412 D/JioSDK_CriticalEventReceiver( 1336): Founded following SubType: non-protected broadcast
06-11 23:03:13.412 D/JioSDK_CriticalEventReceiver( 1336): Received crash type : non-protected broadcast
06-11 23:03:13.412 D/JioSDK_EventsDispatcher( 1336): sendEventsToRegisteredClients : Sending event to client
06-11 23:03:13.412 D/JioSDK_SDKResponseHandlerV2( 1336): Making Registered Event response, name: event-crash
06-11 23:03:13.412 E/JioSDK_CriticalLog( 1336): Executing critical log from the handler
06-11 23:03:13.413 I/JioSDK_CriticalLog( 1336): Creating critical logs
