06-11 23:26:39.926 I/appium  (30790): AppiumResponse: {"sessionId":"89090cfd-c23c-4637-9c0e-e4e71aea611f","value":{"error":"no such element","message":"An element could not be located on the page using the given search parameters","stacktrace":"io.appium.uiautomator2.common.exceptions.ElementNotFoundException: An element could not be located on the page using the given search parameters\n\tat io.appium.uiautomator2.utils.ElementLocationHelpers.findElement(ElementLocationHelpers.java:156)\n\tat io.appium.uiautomator2.handler.FindElement.safeHandle(FindElement.java:60)\n\tat io.appium.uiautomator2.handler.request.SafeRequestHandler.handle(SafeRequestHandler.java:59)\n\tat io.appium.uiautomator2.server.AppiumServlet.handleRequest(AppiumServlet.java:259)\n\tat io.appium.uiautomator2.server.AppiumServlet.handleHttpRequest(AppiumServlet.java:253)\n\tat io.appium.uiautomator2.http.ServerHandler.channelRead(ServerHandler.java:77)\n\tat io.netty.channel.AbstractChannelHandlerContext.invokeChannelRead(AbstractChannelHandlerContext.java:374)\n\tat io.netty.channel.AbstractChannelHandlerContext.invokeChannelRead(AbstractChannelHandlerContext.java:360)\n\tat io.netty.channel.AbstractChannelHandlerContext.fireChannelRead(AbstractChannelHandlerContext.java:352)\n\tat io.netty.handler.codec.MessageToMessageDecoder.channelRead(MessageToMessageDecoder.java:102)\n\tat io.netty.channel.AbstractChannelHandlerContext.invokeChannelRead(AbstractChannelHandlerContext.java:374)\n\tat io.netty.channel.AbstractChannelHandlerContext.invokeChannelRead(AbstractChannelHandlerContext.java:360)\n\tat io.netty.channel.AbstractChannelHandlerContext.fireChannelRead(AbstractChannelHandlerContext.java:352)\n\tat io.netty.channel.CombinedChannelDuplexHandler$DelegatingChannelHandlerContext.fireChannelRead(CombinedChannelDuplexHandler.java:438)\n\tat io.netty.handler.codec.ByteToMessageDecoder.fireChannelRead(ByteToMessageDecoder.java:328)\n\tat io.netty.handler.codec.ByteToMessageDecoder.channelRead(ByteToMessageDecoder.java:302)\n\tat io.netty.channel.CombinedChannelDuplexHandler.channelRead(CombinedChannelDuplexHandler.java:253)\n\tat io.netty.channel.AbstractChannelHandlerContext.invokeChannelRead(AbstractChannelHandlerContext.java:374)\n\tat io.netty.channel.AbstractChannelHandlerContext.invokeChannelRead(AbstractChannelHandlerContext.java:360)\n\tat io.netty.channel.AbstractChannelHandlerContext.fireChannelRead(AbstractChannelHandlerContext.java:352)\n\tat io.netty.handler.timeout.IdleStateHandler.channelRead(IdleStateHandler.java:287)\n\tat io.netty.channel.AbstractChannelHandlerContext.invokeChannelRead(AbstractChannelHandlerContext.java:374)\n\tat io.netty.channel.AbstractChannelHandlerContext.invokeChannelRead(AbstractChannelHandlerContext.java:360)\n\tat io.netty.channel.AbstractChannelHandlerContext.fireChannelRead(AbstractChannelHandlerContext.java:352)\n\tat io.netty.channel.DefaultChannelPipeline$HeadContext.channelRead(DefaultChannelPipeline.java:1422)\n\tat io.netty.channel.AbstractChannelHandlerContext.invokeChannelRead(AbstractChannelHandlerContext.java:374)\n\tat io.netty.channel.AbstractChannelHandlerContext.invokeChannelRead(AbstractChannelHandlerContext.java:360)\n\tat io.netty.channel.DefaultChannelPipeline.fireChannelRead(DefaultChannelPipeline.java:931)\n\tat io.netty.channel.nio.AbstractNioByteChannel$NioByteUnsafe.read(AbstractNioByteChannel.java:163)\n\tat io.netty.channel.nio.NioEventLoop.processSelectedKey(NioEventLoop.java:700)\n\tat io.netty.channel.nio.NioEventLoop.processSelectedKeysOptimized(NioEventLoop.java:635)\n\tat io.netty.channel.nio.NioEventLoop.processSelectedKeys(NioEventLoop.java:552)\n\tat io.netty.channel.nio.NioEventLoop.run(NioEventLoop.java:514)\n\tat io.netty.util.concurrent.SingleThreadEventExecutor$6.run(SingleThreadEventExecutor.java:1044)\n\tat io.netty.util.internal.ThreadExecutorMap$2.run(ThreadExecutorMap.java:74)\n\tat io.netty.util.concurrent.FastThreadLocalRunnable.run(FastThreadLocalRunnable.java:30)\n\tat java.lang.Thread.run(Thread.java:923)\n"}}
06-11 23:26:39.954 D/stbdpc  (  397): STB_DPGetNumPaths[570]: num_paths: 1
06-11 23:26:39.970 I/AppsFilter(  633): interaction: PackageSetting{d0429bc io.appium.uiautomator2.server.test/10095} -> PackageSetting{860805a in.startv.hotstar/10072} BLOCKED
06-11 23:26:39.970 I/AppsFilter(  633): interaction: PackageSetting{ca44c9a com.omni.simplesetup/10026} -> PackageSetting{860805a in.startv.hotstar/10072} BLOCKED
06-11 23:26:39.971 I/AppsFilter(  633): interaction: PackageSetting{a67b9cb io.appium.settings/10094} -> PackageSetting{860805a in.startv.hotstar/10072} BLOCKED
06-11 23:26:39.979 I/RoleManagerService(  633): Granting default roles...
06-11 23:26:39.980 V/AvrcpMediaPlayerList(  764): mPackageChangedBroadcastReceiver: action: android.intent.action.PACKAGE_CHANGED
06-11 23:26:39.980 D/AvrcpMediaPlayerList(  764): Name of package changed: in.startv.hotstar
06-11 23:26:39.982 D/JioLauncher( 1773): package-receiver: android.intent.action.PACKAGE_CHANGED
06-11 23:26:39.989 I/InputReader(  633): Reconfiguring input devices, changes=KEYBOARD_LAYOUTS | 
06-11 23:26:39.996 D/dvb_iptv(  397): ReadEmmNetworkTask[1537]: EMM Select Timeout Occured 20
06-11 23:26:40.007 I/PermissionControllerServiceImpl( 2797): Updating user sensitive for uid 10072
06-11 23:26:40.009 W/Role    ( 2797): Cannot get ApplicationInfo for default holder: com.android.messaging
06-11 23:26:40.050 D/rtk_heartbeat(  349): heartbeat_timed_out: heartbeatCmdCount = 10408, expected nextSeqNum = 10408
06-11 23:26:40.052 D/rtk_heartbeat(  349): rtkbt_heartbeat_cmpl_cback: Current SeqNum = 10408,should SeqNum=10408, status = 0
06-11 23:26:40.054 D/stbdpc  (  397): STB_DPGetNumPaths[570]: num_paths: 1
06-11 23:26:40.063 W/Searchables(  633): No global search activity found
06-11 23:26:40.121 E/TaskPersister(  633): File error accessing recents directory (directory doesn't exist?).
06-11 23:26:40.154 D/stbdpc  (  397): STB_DPGetNumPaths[570]: num_paths: 1
06-11 23:26:40.207 D/JioStbInactivityTimer(  926): Timer: count 16 warningTimeout:10680 timeout:10800
06-11 23:26:40.207 D/JioStbInactivityTimer(  926): isUserActive: Curr:10413356 Prev:10413356
06-11 23:26:40.246 E/WifiVendorHal(  633): getWifiLinkLayerStats_1_3_Internal(l.973) failed {.code = ERROR_UNKNOWN, .description = unknown error}
06-11 23:26:40.254 D/stbdpc  (  397): STB_DPGetNumPaths[570]: num_paths: 1
06-11 23:26:40.265 I/system_server(  633): oneway function results will be dropped but finished with status OK and parcel size 4
06-11 23:26:40.266 W/APM::AudioPolicyEngine(  387): getDevicesForStrategy() unknown strategy: -1
06-11 23:26:40.268 I/chatty  (  387): uid=1041(audioserver) ApmOutput identical 1 line
06-11 23:26:40.268 W/APM::AudioPolicyEngine(  387): getDevicesForStrategy() unknown strategy: -1
06-11 23:26:40.354 D/stbdpc  (  397): STB_DPGetNumPaths[570]: num_paths: 1
06-11 23:26:40.451 I/appium  (30790): channel read: POST /session/89090cfd-c23c-4637-9c0e-e4e71aea611f/element
06-11 23:26:40.452 I/appium  (30790): FindElement command
06-11 23:26:40.455 D/stbdpc  (  397): STB_DPGetNumPaths[570]: num_paths: 1
06-11 23:26:40.456 I/appium  (30790): method: 'xpath', selector: '//android.widget.ImageView[@resource-id='in.startv.hotstar:id/iv_profile']'
06-11 23:26:40.456 I/appium  (30790): Waiting up to 10000ms for the device to idle
06-11 23:26:40.464 I/appium  (30790): The following attributes will be included to the page source: [resource-id]
06-11 23:26:40.497 D/dvb_iptv(  397): ReadEmmNetworkTask[1537]: EMM Select Timeout Occured 21
06-11 23:26:40.547 I/appium  (30790): Took 0ms to retrieve 0 matches for '//android.widget.ImageView[@resource-id='in.startv.hotstar:id/iv_profile']' XPath2 query
06-11 23:26:40.554 I/appium  (30790): AppiumResponse: {"sessionId":"89090cfd-c23c-4637-9c0e-e4e71aea611f","value":{"error":"no such element","message":"An element could not be located on the page using the given search parameters","stacktrace":"io.appium.uiautomator2.common.exceptions.ElementNotFoundException: An element could not be located on the page using the given search parameters\n\tat io.appium.uiautomator2.utils.ElementLocationHelpers.findElement(ElementLocationHelpers.java:156)\n\tat io.appium.uiautomator2.handler.FindElement.safeHandle(FindElement.java:60)\n\tat io.appium.uiautomator2.handler.request.SafeRequestHandler.handle(SafeRequestHandler.java:59)\n\tat io.appium.uiautomator2.server.AppiumServlet.handleRequest(AppiumServlet.java:259)\n\tat io.appium.uiautomator2.server.AppiumServlet.handleHttpRequest(AppiumServlet.java:253)\n\tat io.appium.uiautomator2.http.ServerHandler.channelRead(ServerHandler.java:77)\n\tat io.netty.channel.AbstractChannelHandlerContext.invokeChannelRead(AbstractChannelHandlerContext.java:374)\n\tat io.netty.channel.AbstractChannelHandlerContext.invokeChannelRead(AbstractChannelHandlerContext.java:360)\n\tat io.netty.channel.AbstractChannelHandlerContext.fireChannelRead(AbstractChannelHandlerContext.java:352)\n\tat io.netty.handler.codec.MessageToMessageDecoder.channelRead(MessageToMessageDecoder.java:102)\n\tat io.netty.channel.AbstractChannelHandlerContext.invokeChannelRead(AbstractChannelHandlerContext.java:374)\n\tat io.netty.channel.AbstractChannelHandlerContext.invokeChannelRead(AbstractChannelHandlerContext.java:360)\n\tat io.netty.channel.AbstractChannelHandlerContext.fireChannelRead(AbstractChannelHandlerContext.java:352)\n\tat io.netty.channel.CombinedChannelDuplexHandler$DelegatingChannelHandlerContext.fireChannelRead(CombinedChannelDuplexHandler.java:438)\n\tat io.netty.handler.codec.ByteToMessageDecoder.fireChannelRead(ByteToMessageDecoder.java:328)\n\tat io.netty.handler.codec.ByteToMessageDecoder.channelRead(ByteToMessageDecoder.java:302)\n\tat io.netty.channel.CombinedChannelDuplexHandler.channelRead(CombinedChannelDuplexHandler.java:253)\n\tat io.netty.channel.AbstractChannelHandlerContext.invokeChannelRead(AbstractChannelHandlerContext.java:374)\n\tat io.netty.channel.AbstractChannelHandlerContext.invokeChannelRead(AbstractChannelHandlerContext.java:360)\n\tat io.netty.channel.AbstractChannelHandlerContext.fireChannelRead(AbstractChannelHandlerContext.java:352)\n\tat io.netty.handler.timeout.IdleStateHandler.channelRead(IdleStateHandler.java:287)\n\tat io.netty.channel.AbstractChannelHandlerContext.invokeChannelRead(AbstractChannelHandlerContext.java:374)\n\tat io.netty.channel.AbstractChannelHandlerContext.invokeChannelRead(AbstractChannelHandlerContext.java:360)\n\tat io.netty.channel.AbstractChannelHandlerContext.fireChannelRead(AbstractChannelHandlerContext.java:352)\n\tat io.netty.channel.DefaultChannelPipeline$HeadContext.channelRead(DefaultChannelPipeline.java:1422)\n\tat io.netty.channel.AbstractChannelHandlerContext.invokeChannelRead(AbstractChannelHandlerContext.java:374)\n\tat io.netty.channel.AbstractChannelHandlerContext.invokeChannelRead(AbstractChannelHandlerContext.java:360)\n\tat io.netty.channel.DefaultChannelPipeline.fireChannelRead(DefaultChannelPipeline.java:931)\n\tat io.netty.channel.nio.AbstractNioByteChannel$NioByteUnsafe.read(AbstractNioByteChannel.java:163)\n\tat io.netty.channel.nio.NioEventLoop.processSelectedKey(NioEventLoop.java:700)\n\tat io.netty.channel.nio.NioEventLoop.processSelectedKeysOptimized(NioEventLoop.java:635)\n\tat io.netty.channel.nio.NioEventLoop.processSelectedKeys(NioEventLoop.java:552)\n\tat io.netty.channel.nio.NioEventLoop.run(NioEventLoop.java:514)\n\tat io.netty.util.concurrent.SingleThreadEventExecutor$6.run(SingleThreadEventExecutor.java:1044)\n\tat io.netty.util.internal.ThreadExecutorMap$2.run(ThreadExecutorMap.java:74)\n\tat io.netty.util.concurrent.FastThreadLocalRunnable.run(FastThreadLocalRunnable.java:30)\n\tat java.lang.Thread.run(Thread.java:923)\n"}}
06-11 23:26:40.555 D/stbdpc  (  397): STB_DPGetNumPaths[570]: num_paths: 1
06-11 23:26:40.637 I/ActivityTaskManager(  633): Fully drawn in.startv.hotstar/com.hotstar.MainActivity: +4s653ms
06-11 23:26:40.645 I/.startv.hotsta(30860): Waiting for a blocking GC ProfileSaver
06-11 23:26:40.654 I/AppPerfTracer(30860):  splash time is: 3723 
06-11 23:26:40.654 I/AppPerfTracer(30860):  startup time is: 722 
06-11 23:26:40.654 I/AppPerfTracer(30860):  pageRenderedTime time is: 113 
06-11 23:26:40.654 I/AppPerfTracer(30860):  startup type is cold 
06-11 23:26:40.654 I/AppPerfTracer(30860): data processing time is: 1700 
06-11 23:26:40.654 I/AppPerfTracer(30860): api response time is: 282 
06-11 23:26:40.654 I/AppPerfTracer(30860): fingerprint key fetch time is: 1 
06-11 23:26:40.654 I/AppPerfTracer(30860): splash animation time is: 3183 
06-11 23:26:40.654 I/AppPerfTracer(30860): total time is : 4558 
06-11 23:26:40.654 I/AppPerfTracer(30860):  total app startup time is: 2535 
06-11 23:26:40.654 I/AppPerfTracer(30860): App Init Time: 290 
06-11 23:26:40.654 I/AppPerfTracer(30860): Activity Init Time: 63 
06-11 23:26:40.654 I/AppPerfTracer(30860): Splash Init Time: 371 
06-11 23:26:40.654 I/AppPerfTracer(30860): Startup Init Time: 600 
06-11 23:26:40.654 I/AppPerfTracer(30860): Start Api Init  501 
06-11 23:26:40.654 I/AppPerfTracer(30860): Proto Parsing Time: 301 
06-11 23:26:40.655 D/stbdpc  (  397): STB_DPGetNumPaths[570]: num_paths: 1
06-11 23:26:40.715 I/thermal2(  367): Sending notification:  Type: CPU Name: soc_thermal CurrentValue: 63.7 ThrottlingStatus: NONE
06-11 23:26:40.716 I/ThermalService(  969): CPU temperatures: [63.600002]
06-11 23:26:40.726 V/DigitalSignage(  633): Package Name: null
06-11 23:26:40.726 V/DigitalSignage(  633): Left: 0
06-11 23:26:40.726 V/DigitalSignage(  633): Right: 0
06-11 23:26:40.726 V/DigitalSignage(  633): Top: 0
06-11 23:26:40.726 V/DigitalSignage(  633): Bottom: 0
06-11 23:26:40.727 D/DigitalSignage(  633): else - Package Name :: null left : 0 right :: 0 top :: 0 bottom :: 0 dfu-right :: 1920 dfu-bottom :: 1080
06-11 23:26:40.745 W/System.err(30860): java.lang.IllegalArgumentException: width and height must be > 0
06-11 23:26:40.750 W/System.err(30860): 	at android.graphics.Bitmap.createBitmap(Bitmap.java:1113)
06-11 23:26:40.750 W/System.err(30860): 	at android.graphics.Bitmap.createBitmap(Bitmap.java:1080)
06-11 23:26:40.751 W/System.err(30860): 	at android.graphics.Bitmap.createBitmap(Bitmap.java:1030)
06-11 23:26:40.751 W/System.err(30860): 	at android.graphics.Bitmap.createBitmap(Bitmap.java:991)
06-11 23:26:40.751 W/System.err(30860): 	at com.hotstar.feature.login.profile.customview.CircleImageView.c(SourceFile:46)
06-11 23:26:40.751 W/System.err(30860): 	at com.hotstar.feature.login.profile.customview.CircleImageView.setImageDrawable(SourceFile:4)
06-11 23:26:40.751 W/System.err(30860): 	at coil.target.ImageViewTarget.f(SourceFile:3)
06-11 23:26:40.751 W/System.err(30860): 	at coil.target.GenericViewTarget.h(SourceFile:19)
06-11 23:26:40.751 W/System.err(30860): 	at coil.target.GenericViewTarget.c(SourceFile:1)
06-11 23:26:40.751 W/System.err(30860): 	at coil.RealImageLoader.c(SourceFile:255)
06-11 23:26:40.751 W/System.err(30860): 	at coil.RealImageLoader$enqueue$job$1.invokeSuspend(SourceFile:32)
06-11 23:26:40.751 W/System.err(30860): 	at kotlin.coroutines.jvm.internal.BaseContinuationImpl.resumeWith(SourceFile:9)
06-11 23:26:40.752 W/System.err(30860): 	at Yg.i.a(SourceFile:129)
06-11 23:26:40.752 W/System.err(30860): 	at S3.A.s(SourceFile:11)
06-11 23:26:40.752 W/System.err(30860): 	at kotlinx.coroutines.a.p0(SourceFile:81)
06-11 23:26:40.752 W/System.err(30860): 	at kotlinx.coroutines.d.a(SourceFile:18)
06-11 23:26:40.752 W/System.err(30860): 	at coil.RealImageLoader.b(SourceFile:10)
06-11 23:26:40.752 W/System.err(30860): 	at coil.request.ViewTargetRequestManager.onViewAttachedToWindow(SourceFile:13)
06-11 23:26:40.752 W/System.err(30860): 	at android.view.View.dispatchAttachedToWindow(View.java:20490)
06-11 23:26:40.752 W/System.err(30860): 	at android.view.ViewGroup.dispatchAttachedToWindow(ViewGroup.java:3496)
06-11 23:26:40.752 W/System.err(30860): 	at android.view.ViewGroup.dispatchAttachedToWindow(ViewGroup.java:3496)
06-11 23:26:40.752 W/System.err(30860): 	at android.view.ViewGroup.addViewInner(ViewGroup.java:5278)
06-11 23:26:40.752 W/System.err(30860): 	at android.view.ViewGroup.addView(ViewGroup.java:5064)
06-11 23:26:40.752 W/System.err(30860): 	at android.view.ViewGroup.addView(ViewGroup.java:5004)
06-11 23:26:40.752 W/System.err(30860): 	at androidx.recyclerview.widget.e.a(SourceFile:26)
06-11 23:26:40.752 W/System.err(30860): 	at androidx.recyclerview.widget.RecyclerView$l.m(SourceFile:243)
06-11 23:26:40.752 W/System.err(30860): 	at androidx.recyclerview.widget.RecyclerView$l.l(SourceFile:3)
06-11 23:26:40.752 W/System.err(30860): 	at androidx.leanback.widget.GridLayoutManager$b.b(SourceFile:42)
06-11 23:26:40.752 W/System.err(30860): 	at androidx.leanback.widget.S.b(SourceFile:58)
06-11 23:26:40.752 W/System.err(30860): 	at androidx.leanback.widget.k.a(SourceFile:12)
06-11 23:26:40.752 W/System.err(30860): 	at androidx.leanback.widget.GridLayoutManager.v0(SourceFile:1052)
06-11 23:26:40.752 W/System.err(30860): 	at androidx.recyclerview.widget.RecyclerView.r(SourceFile:74)
06-11 23:26:40.753 W/System.err(30860): 	at androidx.recyclerview.widget.RecyclerView.p(SourceFile:72)
06-11 23:26:40.753 W/System.err(30860): 	at androidx.recyclerview.widget.RecyclerView.onLayout(SourceFile:8)
06-11 23:26:40.753 W/System.err(30860): 	at android.view.View.layout(View.java:22844)
06-11 23:26:40.753 W/System.err(30860): 	at android.view.ViewGroup.layout(ViewGroup.java:6389)
06-11 23:26:40.753 W/System.err(30860): 	at androidx.constraintlayout.widget.ConstraintLayout.onLayout(SourceFile:67)
06-11 23:26:40.754 W/System.err(30860): 	at android.view.View.layout(View.java:22844)
06-11 23:26:40.754 W/System.err(30860): 	at android.view.ViewGroup.layout(ViewGroup.java:6389)
06-11 23:26:40.754 W/System.err(30860): 	at android.widget.FrameLayout.layoutChildren(FrameLayout.java:332)
06-11 23:26:40.754 W/System.err(30860): 	at android.widget.FrameLayout.onLayout(FrameLayout.java:270)
06-11 23:26:40.754 W/System.err(30860): 	at android.view.View.layout(View.java:22844)
06-11 23:26:40.754 W/System.err(30860): 	at android.view.ViewGroup.layout(ViewGroup.java:6389)
06-11 23:26:40.754 W/System.err(30860): 	at android.widget.FrameLayout.layoutChildren(FrameLayout.java:332)
06-11 23:26:40.754 W/System.err(30860): 	at android.widget.FrameLayout.onLayout(FrameLayout.java:270)
06-11 23:26:40.754 W/System.err(30860): 	at android.view.View.layout(View.java:22844)
06-11 23:26:40.755 W/System.err(30860): 	at android.view.ViewGroup.layout(ViewGroup.java:6389)
06-11 23:26:40.755 W/System.err(30860): 	at androidx.constraintlayout.widget.ConstraintLayout.onLayout(SourceFile:67)
06-11 23:26:40.755 W/System.err(30860): 	at android.view.View.layout(View.java:22844)
06-11 23:26:40.755 W/System.err(30860): 	at android.view.ViewGroup.layout(ViewGroup.java:6389)
06-11 23:26:40.755 W/System.err(30860): 	at android.widget.FrameLayout.layoutChildren(FrameLayout.java:332)
06-11 23:26:40.755 W/System.err(30860): 	at android.widget.FrameLayout.onLayout(FrameLayout.java:270)
06-11 23:26:40.755 W/System.err(30860): 	at android.view.View.layout(View.java:22844)
06-11 23:26:40.755 W/System.err(30860): 	at android.view.ViewGroup.layout(ViewGroup.java:6389)
06-11 23:26:40.755 W/System.err(30860): 	at android.widget.FrameLayout.layoutChildren(FrameLayout.java:332)
06-11 23:26:40.755 W/System.err(30860): 	at android.widget.FrameLayout.onLayout(FrameLayout.java:270)
06-11 23:26:40.755 W/System.err(30860): 	at android.view.View.layout(View.java:22844)
06-11 23:26:40.755 W/System.err(30860): 	at android.view.ViewGroup.layout(ViewGroup.java:6389)
06-11 23:26:40.755 W/System.err(30860): 	at android.widget.FrameLayout.layoutChildren(FrameLayout.java:332)
06-11 23:26:40.755 W/System.err(30860): 	at android.widget.FrameLayout.onLayout(FrameLayout.java:270)
06-11 23:26:40.755 W/System.err(30860): 	at android.view.View.layout(View.java:22844)
06-11 23:26:40.755 D/stbdpc  (  397): STB_DPGetNumPaths[570]: num_paths: 1
06-11 23:26:40.755 W/System.err(30860): 	at android.view.ViewGroup.layout(ViewGroup.java:6389)
06-11 23:26:40.755 W/System.err(30860): 	at android.widget.FrameLayout.layoutChildren(FrameLayout.java:332)
06-11 23:26:40.755 W/System.err(30860): 	at android.widget.FrameLayout.onLayout(FrameLayout.java:270)
06-11 23:26:40.755 W/System.err(30860): 	at android.view.View.layout(View.java:22844)
06-11 23:26:40.755 W/System.err(30860): 	at android.view.ViewGroup.layout(ViewGroup.java:6389)
06-11 23:26:40.755 W/System.err(30860): 	at android.widget.FrameLayout.layoutChildren(FrameLayout.java:332)
06-11 23:26:40.755 W/System.err(30860): 	at android.widget.FrameLayout.onLayout(FrameLayout.java:270)
06-11 23:26:40.755 W/System.err(30860): 	at android.view.View.layout(View.java:22844)
06-11 23:26:40.755 W/System.err(30860): 	at android.view.ViewGroup.layout(ViewGroup.java:6389)
06-11 23:26:40.756 W/System.err(30860): 	at androidx.constraintlayout.widget.ConstraintLayout.onLayout(SourceFile:67)
06-11 23:26:40.756 W/System.err(30860): 	at android.view.View.layout(View.java:22844)
06-11 23:26:40.756 W/System.err(30860): 	at android.view.ViewGroup.layout(ViewGroup.java:6389)
06-11 23:26:40.756 W/System.err(30860): 	at android.widget.FrameLayout.layoutChildren(FrameLayout.java:332)
06-11 23:26:40.756 W/System.err(30860): 	at android.widget.FrameLayout.onLayout(FrameLayout.java:270)
06-11 23:26:40.756 W/System.err(30860): 	at android.view.View.layout(View.java:22844)
06-11 23:26:40.756 W/System.err(30860): 	at android.view.ViewGroup.layout(ViewGroup.java:6389)
06-11 23:26:40.756 W/System.err(30860): 	at android.widget.LinearLayout.setChildFrame(LinearLayout.java:1829)
06-11 23:26:40.756 W/System.err(30860): 	at android.widget.LinearLayout.layoutVertical(LinearLayout.java:1673)
06-11 23:26:40.756 W/System.err(30860): 	at android.widget.LinearLayout.onLayout(LinearLayout.java:1582)
06-11 23:26:40.756 W/System.err(30860): 	at android.view.View.layout(View.java:22844)
06-11 23:26:40.756 W/System.err(30860): 	at android.view.ViewGroup.layout(ViewGroup.java:6389)
06-11 23:26:40.756 W/System.err(30860): 	at android.widget.FrameLayout.layoutChildren(FrameLayout.java:332)
06-11 23:26:40.756 W/System.err(30860): 	at android.widget.FrameLayout.onLayout(FrameLayout.java:270)
06-11 23:26:40.756 W/System.err(30860): 	at com.android.internal.policy.DecorView.onLayout(DecorView.java:784)
06-11 23:26:40.756 W/System.err(30860): 	at android.view.View.layout(View.java:22844)
06-11 23:26:40.756 W/System.err(30860): 	at android.view.ViewGroup.layout(ViewGroup.java:6389)
06-11 23:26:40.756 W/System.err(30860): 	at android.view.ViewRootImpl.performLayout(ViewRootImpl.java:3475)
06-11 23:26:40.757 W/System.err(30860): 	at android.view.ViewRootImpl.performTraversals(ViewRootImpl.java:2943)
06-11 23:26:40.757 W/System.err(30860): 	at android.view.ViewRootImpl.doTraversal(ViewRootImpl.java:1948)
06-11 23:26:40.757 W/System.err(30860): 	at android.view.ViewRootImpl$TraversalRunnable.run(ViewRootImpl.java:8177)
06-11 23:26:40.757 W/System.err(30860): 	at android.view.Choreographer$CallbackRecord.run(Choreographer.java:972)
06-11 23:26:40.757 W/System.err(30860): 	at android.view.Choreographer.doCallbacks(Choreographer.java:796)
06-11 23:26:40.757 W/System.err(30860): 	at android.view.Choreographer.doFrame(Choreographer.java:731)
06-11 23:26:40.757 W/System.err(30860): 	at android.view.Choreographer$FrameDisplayEventReceiver.run(Choreographer.java:957)
06-11 23:26:40.757 W/System.err(30860): 	at android.os.Handler.handleCallback(Handler.java:938)
06-11 23:26:40.757 W/System.err(30860): 	at android.os.Handler.dispatchMessage(Handler.java:99)
06-11 23:26:40.757 W/System.err(30860): 	at android.os.Looper.loop(Looper.java:223)
06-11 23:26:40.757 W/System.err(30860): 	at android.app.ActivityThread.main(ActivityThread.java:7664)
06-11 23:26:40.757 W/System.err(30860): 	at java.lang.reflect.Method.invoke(Native Method)
06-11 23:26:40.757 W/System.err(30860): 	at com.android.internal.os.RuntimeInit$MethodAndArgsCaller.run(RuntimeInit.java:592)
06-11 23:26:40.757 W/System.err(30860): 	at com.android.internal.os.ZygoteInit.main(ZygoteInit.java:952)
06-11 23:26:40.776 W/System.err(30860): java.lang.IllegalArgumentException: width and height must be > 0
06-11 23:26:40.777 W/System.err(30860): 	at android.graphics.Bitmap.createBitmap(Bitmap.java:1113)
06-11 23:26:40.777 W/System.err(30860): 	at android.graphics.Bitmap.createBitmap(Bitmap.java:1080)
06-11 23:26:40.777 W/System.err(30860): 	at android.graphics.Bitmap.createBitmap(Bitmap.java:1030)
06-11 23:26:40.777 W/System.err(30860): 	at android.graphics.Bitmap.createBitmap(Bitmap.java:991)
06-11 23:26:40.777 W/System.err(30860): 	at com.hotstar.feature.login.profile.customview.CircleImageView.c(SourceFile:46)
06-11 23:26:40.777 W/System.err(30860): 	at com.hotstar.feature.login.profile.customview.CircleImageView.setImageDrawable(SourceFile:4)
06-11 23:26:40.777 W/System.err(30860): 	at coil.target.ImageViewTarget.f(SourceFile:3)
06-11 23:26:40.777 W/System.err(30860): 	at coil.target.GenericViewTarget.h(SourceFile:19)
06-11 23:26:40.777 W/System.err(30860): 	at coil.target.GenericViewTarget.c(SourceFile:1)
06-11 23:26:40.777 W/System.err(30860): 	at coil.RealImageLoader.c(SourceFile:255)
06-11 23:26:40.777 W/System.err(30860): 	at coil.RealImageLoader$enqueue$job$1.invokeSuspend(SourceFile:32)
06-11 23:26:40.777 W/System.err(30860): 	at kotlin.coroutines.jvm.internal.BaseContinuationImpl.resumeWith(SourceFile:9)
06-11 23:26:40.777 W/System.err(30860): 	at Yg.i.a(SourceFile:129)
06-11 23:26:40.777 W/System.err(30860): 	at S3.A.s(SourceFile:11)
06-11 23:26:40.777 W/System.err(30860): 	at kotlinx.coroutines.a.p0(SourceFile:81)
06-11 23:26:40.777 W/System.err(30860): 	at kotlinx.coroutines.d.a(SourceFile:18)
06-11 23:26:40.777 W/System.err(30860): 	at coil.RealImageLoader.b(SourceFile:10)
06-11 23:26:40.777 W/System.err(30860): 	at coil.request.ViewTargetRequestManager.onViewAttachedToWindow(SourceFile:13)
06-11 23:26:40.778 W/System.err(30860): 	at android.view.View.dispatchAttachedToWindow(View.java:20490)
06-11 23:26:40.778 W/System.err(30860): 	at android.view.ViewGroup.dispatchAttachedToWindow(ViewGroup.java:3496)
06-11 23:26:40.778 W/System.err(30860): 	at android.view.ViewGroup.dispatchAttachedToWindow(ViewGroup.java:3496)
06-11 23:26:40.778 W/System.err(30860): 	at android.view.ViewGroup.addViewInner(ViewGroup.java:5278)
06-11 23:26:40.778 W/System.err(30860): 	at android.view.ViewGroup.addView(ViewGroup.java:5064)
06-11 23:26:40.778 W/System.err(30860): 	at android.view.ViewGroup.addView(ViewGroup.java:5004)
06-11 23:26:40.778 W/System.err(30860): 	at androidx.recyclerview.widget.e.a(SourceFile:26)
06-11 23:26:40.778 W/System.err(30860): 	at androidx.recyclerview.widget.RecyclerView$l.m(SourceFile:243)
06-11 23:26:40.778 W/System.err(30860): 	at androidx.recyclerview.widget.RecyclerView$l.l(SourceFile:3)
06-11 23:26:40.778 W/System.err(30860): 	at androidx.leanback.widget.GridLayoutManager$b.b(SourceFile:42)
06-11 23:26:40.778 W/System.err(30860): 	at androidx.leanback.widget.S.b(SourceFile:58)
06-11 23:26:40.778 W/System.err(30860): 	at androidx.leanback.widget.GridLayoutManager.a1(SourceFile:26)
06-11 23:26:40.778 W/System.err(30860): 	at androidx.leanback.widget.GridLayoutManager.v0(SourceFile:1188)
06-11 23:26:40.778 W/System.err(30860): 	at androidx.recyclerview.widget.RecyclerView.r(SourceFile:74)
06-11 23:26:40.778 W/System.err(30860): 	at androidx.recyclerview.widget.RecyclerView.p(SourceFile:72)
06-11 23:26:40.778 W/System.err(30860): 	at androidx.recyclerview.widget.RecyclerView.onLayout(SourceFile:8)
06-11 23:26:40.779 W/System.err(30860): 	at android.view.View.layout(View.java:22844)
06-11 23:26:40.779 W/System.err(30860): 	at android.view.ViewGroup.layout(ViewGroup.java:6389)
06-11 23:26:40.779 W/System.err(30860): 	at androidx.constraintlayout.widget.ConstraintLayout.onLayout(SourceFile:67)
06-11 23:26:40.779 W/System.err(30860): 	at android.view.View.layout(View.java:22844)
06-11 23:26:40.779 W/System.err(30860): 	at android.view.ViewGroup.layout(ViewGroup.java:6389)
06-11 23:26:40.779 W/System.err(30860): 	at android.widget.FrameLayout.layoutChildren(FrameLayout.java:332)
06-11 23:26:40.779 W/System.err(30860): 	at android.widget.FrameLayout.onLayout(FrameLayout.java:270)
06-11 23:26:40.779 W/System.err(30860): 	at android.view.View.layout(View.java:22844)
06-11 23:26:40.779 W/System.err(30860): 	at android.view.ViewGroup.layout(ViewGroup.java:6389)
06-11 23:26:40.779 W/System.err(30860): 	at android.widget.FrameLayout.layoutChildren(FrameLayout.java:332)
06-11 23:26:40.779 W/System.err(30860): 	at android.widget.FrameLayout.onLayout(FrameLayout.java:270)
06-11 23:26:40.779 W/System.err(30860): 	at android.view.View.layout(View.java:22844)
06-11 23:26:40.779 W/System.err(30860): 	at android.view.ViewGroup.layout(ViewGroup.java:6389)
06-11 23:26:40.779 W/System.err(30860): 	at androidx.constraintlayout.widget.ConstraintLayout.onLayout(SourceFile:67)
06-11 23:26:40.779 W/System.err(30860): 	at android.view.View.layout(View.java:22844)
06-11 23:26:40.779 W/System.err(30860): 	at android.view.ViewGroup.layout(ViewGroup.java:6389)
06-11 23:26:40.779 W/System.err(30860): 	at android.widget.FrameLayout.layoutChildren(FrameLayout.java:332)
06-11 23:26:40.779 W/System.err(30860): 	at android.widget.FrameLayout.onLayout(FrameLayout.java:270)
06-11 23:26:40.779 W/System.err(30860): 	at android.view.View.layout(View.java:22844)
06-11 23:26:40.779 W/System.err(30860): 	at android.view.ViewGroup.layout(ViewGroup.java:6389)
06-11 23:26:40.779 W/System.err(30860): 	at android.widget.FrameLayout.layoutChildren(FrameLayout.java:332)
06-11 23:26:40.779 W/System.err(30860): 	at android.widget.FrameLayout.onLayout(FrameLayout.java:270)
06-11 23:26:40.779 W/System.err(30860): 	at android.view.View.layout(View.java:22844)
06-11 23:26:40.780 W/System.err(30860): 	at android.view.ViewGroup.layout(ViewGroup.java:6389)
06-11 23:26:40.780 W/System.err(30860): 	at android.widget.FrameLayout.layoutChildren(FrameLayout.java:332)
06-11 23:26:40.780 W/System.err(30860): 	at android.widget.FrameLayout.onLayout(FrameLayout.java:270)
06-11 23:26:40.780 W/System.err(30860): 	at android.view.View.layout(View.java:22844)
06-11 23:26:40.780 W/System.err(30860): 	at android.view.ViewGroup.layout(ViewGroup.java:6389)
06-11 23:26:40.780 W/System.err(30860): 	at android.widget.FrameLayout.layoutChildren(FrameLayout.java:332)
06-11 23:26:40.780 W/System.err(30860): 	at android.widget.FrameLayout.onLayout(FrameLayout.java:270)
06-11 23:26:40.780 W/System.err(30860): 	at android.view.View.layout(View.java:22844)
06-11 23:26:40.780 W/System.err(30860): 	at android.view.ViewGroup.layout(ViewGroup.java:6389)
06-11 23:26:40.780 W/System.err(30860): 	at android.widget.FrameLayout.layoutChildren(FrameLayout.java:332)
06-11 23:26:40.780 W/System.err(30860): 	at android.widget.FrameLayout.onLayout(FrameLayout.java:270)
06-11 23:26:40.780 W/System.err(30860): 	at android.view.View.layout(View.java:22844)
06-11 23:26:40.780 W/System.err(30860): 	at android.view.ViewGroup.layout(ViewGroup.java:6389)
06-11 23:26:40.780 W/System.err(30860): 	at androidx.constraintlayout.widget.ConstraintLayout.onLayout(SourceFile:67)
06-11 23:26:40.780 W/System.err(30860): 	at android.view.View.layout(View.java:22844)
06-11 23:26:40.780 W/System.err(30860): 	at android.view.ViewGroup.layout(ViewGroup.java:6389)
06-11 23:26:40.780 W/System.err(30860): 	at android.widget.FrameLayout.layoutChildren(FrameLayout.java:332)
06-11 23:26:40.780 W/System.err(30860): 	at android.widget.FrameLayout.onLayout(FrameLayout.java:270)
06-11 23:26:40.780 W/System.err(30860): 	at android.view.View.layout(View.java:22844)
06-11 23:26:40.780 W/System.err(30860): 	at android.view.ViewGroup.layout(ViewGroup.java:6389)
06-11 23:26:40.780 W/System.err(30860): 	at android.widget.LinearLayout.setChildFrame(LinearLayout.java:1829)
06-11 23:26:40.780 W/System.err(30860): 	at android.widget.LinearLayout.layoutVertical(LinearLayout.java:1673)
06-11 23:26:40.780 W/System.err(30860): 	at android.widget.LinearLayout.onLayout(LinearLayout.java:1582)
06-11 23:26:40.780 W/System.err(30860): 	at android.view.View.layout(View.java:22844)
06-11 23:26:40.780 W/System.err(30860): 	at android.view.ViewGroup.layout(ViewGroup.java:6389)
06-11 23:26:40.781 W/System.err(30860): 	at android.widget.FrameLayout.layoutChildren(FrameLayout.java:332)
06-11 23:26:40.781 W/System.err(30860): 	at android.widget.FrameLayout.onLayout(FrameLayout.java:270)
06-11 23:26:40.781 W/System.err(30860): 	at com.android.internal.policy.DecorView.onLayout(DecorView.java:784)
06-11 23:26:40.781 W/System.err(30860): 	at android.view.View.layout(View.java:22844)
06-11 23:26:40.781 W/System.err(30860): 	at android.view.ViewGroup.layout(ViewGroup.java:6389)
06-11 23:26:40.781 W/System.err(30860): 	at android.view.ViewRootImpl.performLayout(ViewRootImpl.java:3475)
06-11 23:26:40.781 W/System.err(30860): 	at android.view.ViewRootImpl.performTraversals(ViewRootImpl.java:2943)
06-11 23:26:40.781 W/System.err(30860): 	at android.view.ViewRootImpl.doTraversal(ViewRootImpl.java:1948)
06-11 23:26:40.781 W/System.err(30860): 	at android.view.ViewRootImpl$TraversalRunnable.run(ViewRootImpl.java:8177)
06-11 23:26:40.781 W/System.err(30860): 	at android.view.Choreographer$CallbackRecord.run(Choreographer.java:972)
06-11 23:26:40.781 W/System.err(30860): 	at android.view.Choreographer.doCallbacks(Choreographer.java:796)
06-11 23:26:40.781 W/System.err(30860): 	at android.view.Choreographer.doFrame(Choreographer.java:731)
06-11 23:26:40.781 W/System.err(30860): 	at android.view.Choreographer$FrameDisplayEventReceiver.run(Choreographer.java:957)
06-11 23:26:40.781 W/System.err(30860): 	at android.os.Handler.handleCallback(Handler.java:938)
06-11 23:26:40.781 W/System.err(30860): 	at android.os.Handler.dispatchMessage(Handler.java:99)
06-11 23:26:40.781 W/System.err(30860): 	at android.os.Looper.loop(Looper.java:223)
06-11 23:26:40.781 W/System.err(30860): 	at android.app.ActivityThread.main(ActivityThread.java:7664)
06-11 23:26:40.781 W/System.err(30860): 	at java.lang.reflect.Method.invoke(Native Method)
06-11 23:26:40.781 W/System.err(30860): 	at com.android.internal.os.RuntimeInit$MethodAndArgsCaller.run(RuntimeInit.java:592)
06-11 23:26:40.781 W/System.err(30860): 	at com.android.internal.os.ZygoteInit.main(ZygoteInit.java:952)
06-11 23:26:40.796 W/System.err(30860): java.lang.IllegalArgumentException: width and height must be > 0
06-11 23:26:40.796 W/System.err(30860): 	at android.graphics.Bitmap.createBitmap(Bitmap.java:1113)
06-11 23:26:40.796 W/System.err(30860): 	at android.graphics.Bitmap.createBitmap(Bitmap.java:1080)
06-11 23:26:40.797 W/System.err(30860): 	at android.graphics.Bitmap.createBitmap(Bitmap.java:1030)
06-11 23:26:40.797 W/System.err(30860): 	at android.graphics.Bitmap.createBitmap(Bitmap.java:991)
06-11 23:26:40.797 W/System.err(30860): 	at com.hotstar.feature.login.profile.customview.CircleImageView.c(SourceFile:46)
06-11 23:26:40.797 W/System.err(30860): 	at com.hotstar.feature.login.profile.customview.CircleImageView.setImageDrawable(SourceFile:4)
06-11 23:26:40.797 W/System.err(30860): 	at coil.target.ImageViewTarget.f(SourceFile:3)
06-11 23:26:40.797 W/System.err(30860): 	at coil.target.GenericViewTarget.h(SourceFile:19)
06-11 23:26:40.797 W/System.err(30860): 	at coil.target.GenericViewTarget.c(SourceFile:1)
06-11 23:26:40.797 W/System.err(30860): 	at coil.RealImageLoader.c(SourceFile:255)
06-11 23:26:40.797 W/System.err(30860): 	at coil.RealImageLoader$enqueue$job$1.invokeSuspend(SourceFile:32)
06-11 23:26:40.797 W/System.err(30860): 	at kotlin.coroutines.jvm.internal.BaseContinuationImpl.resumeWith(SourceFile:9)
06-11 23:26:40.797 W/System.err(30860): 	at Yg.i.a(SourceFile:129)
06-11 23:26:40.797 W/System.err(30860): 	at S3.A.s(SourceFile:11)
06-11 23:26:40.797 W/System.err(30860): 	at kotlinx.coroutines.a.p0(SourceFile:81)
06-11 23:26:40.797 W/System.err(30860): 	at kotlinx.coroutines.d.a(SourceFile:18)
06-11 23:26:40.797 W/System.err(30860): 	at coil.RealImageLoader.b(SourceFile:10)
06-11 23:26:40.797 W/System.err(30860): 	at coil.request.ViewTargetRequestManager.onViewAttachedToWindow(SourceFile:13)
06-11 23:26:40.797 W/System.err(30860): 	at android.view.View.dispatchAttachedToWindow(View.java:20490)
06-11 23:26:40.797 W/System.err(30860): 	at android.view.ViewGroup.dispatchAttachedToWindow(ViewGroup.java:3496)
06-11 23:26:40.797 W/System.err(30860): 	at android.view.ViewGroup.dispatchAttachedToWindow(ViewGroup.java:3496)
06-11 23:26:40.797 W/System.err(30860): 	at android.view.ViewGroup.addViewInner(ViewGroup.java:5278)
06-11 23:26:40.797 W/System.err(30860): 	at android.view.ViewGroup.addView(ViewGroup.java:5064)
06-11 23:26:40.797 W/System.err(30860): 	at android.view.ViewGroup.addView(ViewGroup.java:5004)
06-11 23:26:40.797 W/System.err(30860): 	at androidx.recyclerview.widget.e.a(SourceFile:26)
06-11 23:26:40.798 W/System.err(30860): 	at androidx.recyclerview.widget.RecyclerView$l.m(SourceFile:243)
06-11 23:26:40.798 W/System.err(30860): 	at androidx.recyclerview.widget.RecyclerView$l.l(SourceFile:3)
06-11 23:26:40.798 W/System.err(30860): 	at androidx.leanback.widget.GridLayoutManager$b.b(SourceFile:42)
06-11 23:26:40.798 W/System.err(30860): 	at androidx.leanback.widget.S.b(SourceFile:58)
06-11 23:26:40.798 W/System.err(30860): 	at androidx.leanback.widget.GridLayoutManager.a1(SourceFile:26)
06-11 23:26:40.798 W/System.err(30860): 	at androidx.leanback.widget.GridLayoutManager.v0(SourceFile:1188)
06-11 23:26:40.798 W/System.err(30860): 	at androidx.recyclerview.widget.RecyclerView.r(SourceFile:74)
06-11 23:26:40.798 W/System.err(30860): 	at androidx.recyclerview.widget.RecyclerView.p(SourceFile:72)
06-11 23:26:40.798 W/System.err(30860): 	at androidx.recyclerview.widget.RecyclerView.onLayout(SourceFile:8)
06-11 23:26:40.798 W/System.err(30860): 	at android.view.View.layout(View.java:22844)
06-11 23:26:40.798 W/System.err(30860): 	at android.view.ViewGroup.layout(ViewGroup.java:6389)
06-11 23:26:40.798 W/System.err(30860): 	at androidx.constraintlayout.widget.ConstraintLayout.onLayout(SourceFile:67)
06-11 23:26:40.798 W/System.err(30860): 	at android.view.View.layout(View.java:22844)
06-11 23:26:40.798 W/System.err(30860): 	at android.view.ViewGroup.layout(ViewGroup.java:6389)
06-11 23:26:40.798 W/System.err(30860): 	at android.widget.FrameLayout.layoutChildren(FrameLayout.java:332)
06-11 23:26:40.798 W/System.err(30860): 	at android.widget.FrameLayout.onLayout(FrameLayout.java:270)
06-11 23:26:40.798 W/System.err(30860): 	at android.view.View.layout(View.java:22844)
06-11 23:26:40.798 W/System.err(30860): 	at android.view.ViewGroup.layout(ViewGroup.java:6389)
06-11 23:26:40.798 W/System.err(30860): 	at android.widget.FrameLayout.layoutChildren(FrameLayout.java:332)
06-11 23:26:40.798 W/System.err(30860): 	at android.widget.FrameLayout.onLayout(FrameLayout.java:270)
06-11 23:26:40.798 W/System.err(30860): 	at android.view.View.layout(View.java:22844)
06-11 23:26:40.798 W/System.err(30860): 	at android.view.ViewGroup.layout(ViewGroup.java:6389)
06-11 23:26:40.798 W/System.err(30860): 	at androidx.constraintlayout.widget.ConstraintLayout.onLayout(SourceFile:67)
06-11 23:26:40.798 W/System.err(30860): 	at android.view.View.layout(View.java:22844)
06-11 23:26:40.799 W/System.err(30860): 	at android.view.ViewGroup.layout(ViewGroup.java:6389)
06-11 23:26:40.799 W/System.err(30860): 	at android.widget.FrameLayout.layoutChildren(FrameLayout.java:332)
06-11 23:26:40.799 W/System.err(30860): 	at android.widget.FrameLayout.onLayout(FrameLayout.java:270)
06-11 23:26:40.799 W/System.err(30860): 	at android.view.View.layout(View.java:22844)
06-11 23:26:40.799 W/System.err(30860): 	at android.view.ViewGroup.layout(ViewGroup.java:6389)
06-11 23:26:40.799 W/System.err(30860): 	at android.widget.FrameLayout.layoutChildren(FrameLayout.java:332)
06-11 23:26:40.799 W/System.err(30860): 	at android.widget.FrameLayout.onLayout(FrameLayout.java:270)
06-11 23:26:40.799 W/System.err(30860): 	at android.view.View.layout(View.java:22844)
06-11 23:26:40.799 W/System.err(30860): 	at android.view.ViewGroup.layout(ViewGroup.java:6389)
06-11 23:26:40.799 W/System.err(30860): 	at android.widget.FrameLayout.layoutChildren(FrameLayout.java:332)
06-11 23:26:40.799 W/System.err(30860): 	at android.widget.FrameLayout.onLayout(FrameLayout.java:270)
06-11 23:26:40.799 W/System.err(30860): 	at android.view.View.layout(View.java:22844)
06-11 23:26:40.799 W/System.err(30860): 	at android.view.ViewGroup.layout(ViewGroup.java:6389)
06-11 23:26:40.799 W/System.err(30860): 	at android.widget.FrameLayout.layoutChildren(FrameLayout.java:332)
06-11 23:26:40.799 W/System.err(30860): 	at android.widget.FrameLayout.onLayout(FrameLayout.java:270)
06-11 23:26:40.799 W/System.err(30860): 	at android.view.View.layout(View.java:22844)
06-11 23:26:40.799 W/System.err(30860): 	at android.view.ViewGroup.layout(ViewGroup.java:6389)
06-11 23:26:40.799 W/System.err(30860): 	at android.widget.FrameLayout.layoutChildren(FrameLayout.java:332)
06-11 23:26:40.799 W/System.err(30860): 	at android.widget.FrameLayout.onLayout(FrameLayout.java:270)
06-11 23:26:40.799 W/System.err(30860): 	at android.view.View.layout(View.java:22844)
06-11 23:26:40.799 W/System.err(30860): 	at android.view.ViewGroup.layout(ViewGroup.java:6389)
06-11 23:26:40.799 W/System.err(30860): 	at androidx.constraintlayout.widget.ConstraintLayout.onLayout(SourceFile:67)
06-11 23:26:40.799 W/System.err(30860): 	at android.view.View.layout(View.java:22844)
06-11 23:26:40.799 W/System.err(30860): 	at android.view.ViewGroup.layout(ViewGroup.java:6389)
06-11 23:26:40.799 W/System.err(30860): 	at android.widget.FrameLayout.layoutChildren(FrameLayout.java:332)
06-11 23:26:40.800 W/System.err(30860): 	at android.widget.FrameLayout.onLayout(FrameLayout.java:270)
06-11 23:26:40.800 W/System.err(30860): 	at android.view.View.layout(View.java:22844)
06-11 23:26:40.800 W/System.err(30860): 	at android.view.ViewGroup.layout(ViewGroup.java:6389)
06-11 23:26:40.800 W/System.err(30860): 	at android.widget.LinearLayout.setChildFrame(LinearLayout.java:1829)
06-11 23:26:40.800 W/System.err(30860): 	at android.widget.LinearLayout.layoutVertical(LinearLayout.java:1673)
06-11 23:26:40.800 W/System.err(30860): 	at android.widget.LinearLayout.onLayout(LinearLayout.java:1582)
06-11 23:26:40.800 W/System.err(30860): 	at android.view.View.layout(View.java:22844)
06-11 23:26:40.800 W/System.err(30860): 	at android.view.ViewGroup.layout(ViewGroup.java:6389)
06-11 23:26:40.800 W/System.err(30860): 	at android.widget.FrameLayout.layoutChildren(FrameLayout.java:332)
06-11 23:26:40.800 W/System.err(30860): 	at android.widget.FrameLayout.onLayout(FrameLayout.java:270)
06-11 23:26:40.800 W/System.err(30860): 	at com.android.internal.policy.DecorView.onLayout(DecorView.java:784)
06-11 23:26:40.800 W/System.err(30860): 	at android.view.View.layout(View.java:22844)
06-11 23:26:40.800 W/System.err(30860): 	at android.view.ViewGroup.layout(ViewGroup.java:6389)
06-11 23:26:40.800 W/System.err(30860): 	at android.view.ViewRootImpl.performLayout(ViewRootImpl.java:3475)
06-11 23:26:40.800 W/System.err(30860): 	at android.view.ViewRootImpl.performTraversals(ViewRootImpl.java:2943)
06-11 23:26:40.800 W/System.err(30860): 	at android.view.ViewRootImpl.doTraversal(ViewRootImpl.java:1948)
06-11 23:26:40.800 W/System.err(30860): 	at android.view.ViewRootImpl$TraversalRunnable.run(ViewRootImpl.java:8177)
06-11 23:26:40.800 W/System.err(30860): 	at android.view.Choreographer$CallbackRecord.run(Choreographer.java:972)
06-11 23:26:40.801 W/System.err(30860): 	at android.view.Choreographer.doCallbacks(Choreographer.java:796)
06-11 23:26:40.801 W/System.err(30860): 	at android.view.Choreographer.doFrame(Choreographer.java:731)
06-11 23:26:40.801 W/System.err(30860): 	at android.view.Choreographer$FrameDisplayEventReceiver.run(Choreographer.java:957)
06-11 23:26:40.801 W/System.err(30860): 	at android.os.Handler.handleCallback(Handler.java:938)
06-11 23:26:40.801 W/System.err(30860): 	at android.os.Handler.dispatchMessage(Handler.java:99)
06-11 23:26:40.801 W/System.err(30860): 	at android.os.Looper.loop(Looper.java:223)
06-11 23:26:40.801 W/System.err(30860): 	at android.app.ActivityThread.main(ActivityThread.java:7664)
06-11 23:26:40.801 W/System.err(30860): 	at java.lang.reflect.Method.invoke(Native Method)
06-11 23:26:40.801 W/System.err(30860): 	at com.android.internal.os.RuntimeInit$MethodAndArgsCaller.run(RuntimeInit.java:592)
06-11 23:26:40.801 W/System.err(30860): 	at com.android.internal.os.ZygoteInit.main(ZygoteInit.java:952)
06-11 23:26:40.815 W/System.err(30860): java.lang.IllegalArgumentException: width and height must be > 0
06-11 23:26:40.816 W/System.err(30860): 	at android.graphics.Bitmap.createBitmap(Bitmap.java:1113)
06-11 23:26:40.816 W/System.err(30860): 	at android.graphics.Bitmap.createBitmap(Bitmap.java:1080)
06-11 23:26:40.816 W/System.err(30860): 	at android.graphics.Bitmap.createBitmap(Bitmap.java:1030)
06-11 23:26:40.816 W/System.err(30860): 	at android.graphics.Bitmap.createBitmap(Bitmap.java:991)
06-11 23:26:40.816 W/System.err(30860): 	at com.hotstar.feature.login.profile.customview.CircleImageView.c(SourceFile:46)
06-11 23:26:40.816 W/System.err(30860): 	at com.hotstar.feature.login.profile.customview.CircleImageView.setImageDrawable(SourceFile:4)
06-11 23:26:40.816 W/System.err(30860): 	at coil.target.ImageViewTarget.f(SourceFile:3)
06-11 23:26:40.816 W/System.err(30860): 	at coil.target.GenericViewTarget.h(SourceFile:19)
06-11 23:26:40.816 W/System.err(30860): 	at coil.target.GenericViewTarget.c(SourceFile:1)
06-11 23:26:40.816 W/System.err(30860): 	at coil.RealImageLoader.c(SourceFile:255)
06-11 23:26:40.816 W/System.err(30860): 	at coil.RealImageLoader$enqueue$job$1.invokeSuspend(SourceFile:32)
06-11 23:26:40.816 W/System.err(30860): 	at kotlin.coroutines.jvm.internal.BaseContinuationImpl.resumeWith(SourceFile:9)
06-11 23:26:40.816 W/System.err(30860): 	at Yg.i.a(SourceFile:129)
06-11 23:26:40.816 W/System.err(30860): 	at S3.A.s(SourceFile:11)
06-11 23:26:40.816 W/System.err(30860): 	at kotlinx.coroutines.a.p0(SourceFile:81)
06-11 23:26:40.816 W/System.err(30860): 	at kotlinx.coroutines.d.a(SourceFile:18)
06-11 23:26:40.816 W/System.err(30860): 	at coil.RealImageLoader.b(SourceFile:10)
06-11 23:26:40.816 W/System.err(30860): 	at coil.request.ViewTargetRequestManager.onViewAttachedToWindow(SourceFile:13)
06-11 23:26:40.816 W/System.err(30860): 	at android.view.View.dispatchAttachedToWindow(View.java:20490)
06-11 23:26:40.816 W/System.err(30860): 	at android.view.ViewGroup.dispatchAttachedToWindow(ViewGroup.java:3496)
06-11 23:26:40.816 W/System.err(30860): 	at android.view.ViewGroup.dispatchAttachedToWindow(ViewGroup.java:3496)
06-11 23:26:40.816 W/System.err(30860): 	at android.view.ViewGroup.addViewInner(ViewGroup.java:5278)
06-11 23:26:40.817 W/System.err(30860): 	at android.view.ViewGroup.addView(ViewGroup.java:5064)
06-11 23:26:40.817 W/System.err(30860): 	at android.view.ViewGroup.addView(ViewGroup.java:5004)
06-11 23:26:40.817 W/System.err(30860): 	at androidx.recyclerview.widget.e.a(SourceFile:26)
06-11 23:26:40.817 W/System.err(30860): 	at androidx.recyclerview.widget.RecyclerView$l.m(SourceFile:243)
06-11 23:26:40.817 W/System.err(30860): 	at androidx.recyclerview.widget.RecyclerView$l.l(SourceFile:3)
06-11 23:26:40.817 W/System.err(30860): 	at androidx.leanback.widget.GridLayoutManager$b.b(SourceFile:42)
06-11 23:26:40.817 W/System.err(30860): 	at androidx.leanback.widget.S.b(SourceFile:58)
06-11 23:26:40.817 W/System.err(30860): 	at androidx.leanback.widget.GridLayoutManager.a1(SourceFile:26)
06-11 23:26:40.817 W/System.err(30860): 	at androidx.leanback.widget.GridLayoutManager.v0(SourceFile:1188)
06-11 23:26:40.817 W/System.err(30860): 	at androidx.recyclerview.widget.RecyclerView.r(SourceFile:74)
06-11 23:26:40.817 W/System.err(30860): 	at androidx.recyclerview.widget.RecyclerView.p(SourceFile:72)
06-11 23:26:40.817 W/System.err(30860): 	at androidx.recyclerview.widget.RecyclerView.onLayout(SourceFile:8)
06-11 23:26:40.817 W/System.err(30860): 	at android.view.View.layout(View.java:22844)
06-11 23:26:40.817 W/System.err(30860): 	at android.view.ViewGroup.layout(ViewGroup.java:6389)
06-11 23:26:40.817 W/System.err(30860): 	at androidx.constraintlayout.widget.ConstraintLayout.onLayout(SourceFile:67)
06-11 23:26:40.817 W/System.err(30860): 	at android.view.View.layout(View.java:22844)
06-11 23:26:40.817 W/System.err(30860): 	at android.view.ViewGroup.layout(ViewGroup.java:6389)
06-11 23:26:40.818 W/System.err(30860): 	at android.widget.FrameLayout.layoutChildren(FrameLayout.java:332)
06-11 23:26:40.818 W/System.err(30860): 	at android.widget.FrameLayout.onLayout(FrameLayout.java:270)
06-11 23:26:40.818 W/System.err(30860): 	at android.view.View.layout(View.java:22844)
06-11 23:26:40.818 W/System.err(30860): 	at android.view.ViewGroup.layout(ViewGroup.java:6389)
06-11 23:26:40.818 W/System.err(30860): 	at android.widget.FrameLayout.layoutChildren(FrameLayout.java:332)
06-11 23:26:40.818 W/System.err(30860): 	at android.widget.FrameLayout.onLayout(FrameLayout.java:270)
06-11 23:26:40.818 W/System.err(30860): 	at android.view.View.layout(View.java:22844)
06-11 23:26:40.818 W/System.err(30860): 	at android.view.ViewGroup.layout(ViewGroup.java:6389)
06-11 23:26:40.818 W/System.err(30860): 	at androidx.constraintlayout.widget.ConstraintLayout.onLayout(SourceFile:67)
06-11 23:26:40.818 W/System.err(30860): 	at android.view.View.layout(View.java:22844)
06-11 23:26:40.818 W/System.err(30860): 	at android.view.ViewGroup.layout(ViewGroup.java:6389)
06-11 23:26:40.818 W/System.err(30860): 	at android.widget.FrameLayout.layoutChildren(FrameLayout.java:332)
