06-11 22:40:45.812 D/JioStbInactivityTimer(  926): Timer: count 16 warningTimeout:10680 timeout:10800
06-11 22:40:45.813 D/JioStbInactivityTimer(  926): isUserActive: Curr:7659016 Prev:7659016
06-11 22:40:45.816 D/JioSTBMRServer-SERVICE( 3589): InetSocketAddress(InetAddress.getByName(inetAddress.hostAddress)-/192.168.1.255
06-11 22:40:45.816 D/JioSTBMRServer-SERVICE( 3589): #beacon:RKISBFJ60000097:0:false:0:1:SV=181024 , 192.168.1.255
06-11 22:40:45.824 D/JioSTBMRServer-SERVICE( 3589): InetSocketAddress(InetAddress.getByName(inetAddress.hostAddress)-/192.168.1.255
06-11 22:40:45.824 D/JioSTBMRServer-SERVICE( 3589): #broadcast IP:192.168.1.255
06-11 22:40:45.827 I/JioBackgroundSchedulerService( 2899): Check schedule  
06-11 22:40:45.859 I/lowmemorykiller(  231): medium memory pressure event is triggered for new strategy
06-11 22:40:45.859 D/lowmemorykiller(  231): LMKD mp_event_psi kill_reasons available are PRESSURE_AFTER_KILL, NOT_RESPONDING, LOW_SWAP_AND_THRASHING, LOW_MEM_AND_SWAP, LOW_MEM_AND_THRASHING, DIRECT_RECL_AND_THRASHING
06-11 22:40:45.859 D/lowmemorykiller(  231): LMKD mp_event_psi kill_reason received= -1
06-11 22:40:45.886 D/stbdpc  (  397): STB_DPGetNumPaths[570]: num_paths: 1
06-11 22:40:45.927 I/appium  (13472): channel read: POST /session/8f3e47ea-1967-476a-9aaf-537ef2c96e58/element
06-11 22:40:45.929 I/appium  (13472): FindElement command
06-11 22:40:45.933 I/appium  (13472): method: 'xpath', selector: '//android.widget.ImageView[@resource-id='in.startv.hotstar:id/iv_profile']'
06-11 22:40:45.934 I/appium  (13472): Waiting up to 10000ms for the device to idle
06-11 22:40:45.959 I/lowmemorykiller(  231): medium memory pressure event is triggered for new strategy
06-11 22:40:45.959 D/lowmemorykiller(  231): LMKD mp_event_psi kill_reasons available are PRESSURE_AFTER_KILL, NOT_RESPONDING, LOW_SWAP_AND_THRASHING, LOW_MEM_AND_SWAP, LOW_MEM_AND_THRASHING, DIRECT_RECL_AND_THRASHING
06-11 22:40:45.959 D/lowmemorykiller(  231): LMKD mp_event_psi kill_reason received= -1
06-11 22:40:45.961 E/TaskPersister(  633): File error accessing recents directory (directory doesn't exist?).
06-11 22:40:45.986 D/stbdpc  (  397): STB_DPGetNumPaths[570]: num_paths: 1
06-11 22:40:46.060 I/lowmemorykiller(  231): medium memory pressure event is triggered for new strategy
06-11 22:40:46.086 D/stbdpc  (  397): STB_DPGetNumPaths[570]: num_paths: 1
06-11 22:40:46.157 D/dvb_iptv(  397): ReadEmmNetworkTask[1537]: EMM Select Timeout Occured 34
06-11 22:40:46.160 I/lowmemorykiller(  231): medium memory pressure event is triggered for new strategy
06-11 22:40:46.187 D/stbdpc  (  397): STB_DPGetNumPaths[570]: num_paths: 1
06-11 22:40:46.254 W/[ 7677.404683@0]  RTW(    0): fill_default_txdesc(wlan0): SP Packet(0x0806) rate=0x4 SeqNum = 1877
06-11 22:40:46.260 I/lowmemorykiller(  231): medium memory pressure event is triggered for new strategy
06-11 22:40:46.287 D/stbdpc  (  397): STB_DPGetNumPaths[570]: num_paths: 1
06-11 22:40:46.314 I/appium  (13472): The following attributes will be included to the page source: [resource-id]
06-11 22:40:46.345 D/rtk_heartbeat(  349): heartbeat_timed_out: heartbeatCmdCount = 7655, expected nextSeqNum = 7655
06-11 22:40:46.346 D/rtk_heartbeat(  349): rtkbt_heartbeat_cmpl_cback: Current SeqNum = 7655,should SeqNum=7655, status = 0
06-11 22:40:46.360 I/lowmemorykiller(  231): medium memory pressure event is triggered for new strategy
06-11 22:40:46.387 D/stbdpc  (  397): STB_DPGetNumPaths[570]: num_paths: 1
06-11 22:40:46.413 I/appium  (13472): Took 0ms to retrieve 0 matches for '//android.widget.ImageView[@resource-id='in.startv.hotstar:id/iv_profile']' XPath2 query
06-11 22:40:46.420 I/appium  (13472): AppiumResponse: {"sessionId":"8f3e47ea-1967-476a-9aaf-537ef2c96e58","value":{"error":"no such element","message":"An element could not be located on the page using the given search parameters","stacktrace":"io.appium.uiautomator2.common.exceptions.ElementNotFoundException: An element could not be located on the page using the given search parameters\n\tat io.appium.uiautomator2.utils.ElementLocationHelpers.findElement(ElementLocationHelpers.java:156)\n\tat io.appium.uiautomator2.handler.FindElement.safeHandle(FindElement.java:60)\n\tat io.appium.uiautomator2.handler.request.SafeRequestHandler.handle(SafeRequestHandler.java:59)\n\tat io.appium.uiautomator2.server.AppiumServlet.handleRequest(AppiumServlet.java:259)\n\tat io.appium.uiautomator2.server.AppiumServlet.handleHttpRequest(AppiumServlet.java:253)\n\tat io.appium.uiautomator2.http.ServerHandler.channelRead(ServerHandler.java:77)\n\tat io.netty.channel.AbstractChannelHandlerContext.invokeChannelRead(AbstractChannelHandlerContext.java:374)\n\tat io.netty.channel.AbstractChannelHandlerContext.invokeChannelRead(AbstractChannelHandlerContext.java:360)\n\tat io.netty.channel.AbstractChannelHandlerContext.fireChannelRead(AbstractChannelHandlerContext.java:352)\n\tat io.netty.handler.codec.MessageToMessageDecoder.channelRead(MessageToMessageDecoder.java:102)\n\tat io.netty.channel.AbstractChannelHandlerContext.invokeChannelRead(AbstractChannelHandlerContext.java:374)\n\tat io.netty.channel.AbstractChannelHandlerContext.invokeChannelRead(AbstractChannelHandlerContext.java:360)\n\tat io.netty.channel.AbstractChannelHandlerContext.fireChannelRead(AbstractChannelHandlerContext.java:352)\n\tat io.netty.channel.CombinedChannelDuplexHandler$DelegatingChannelHandlerContext.fireChannelRead(CombinedChannelDuplexHandler.java:438)\n\tat io.netty.handler.codec.ByteToMessageDecoder.fireChannelRead(ByteToMessageDecoder.java:328)\n\tat io.netty.handler.codec.ByteToMessageDecoder.channelRead(ByteToMessageDecoder.java:302)\n\tat io.netty.channel.CombinedChannelDuplexHandler.channelRead(CombinedChannelDuplexHandler.java:253)\n\tat io.netty.channel.AbstractChannelHandlerContext.invokeChannelRead(AbstractChannelHandlerContext.java:374)\n\tat io.netty.channel.AbstractChannelHandlerContext.invokeChannelRead(AbstractChannelHandlerContext.java:360)\n\tat io.netty.channel.AbstractChannelHandlerContext.fireChannelRead(AbstractChannelHandlerContext.java:352)\n\tat io.netty.handler.timeout.IdleStateHandler.channelRead(IdleStateHandler.java:287)\n\tat io.netty.channel.AbstractChannelHandlerContext.invokeChannelRead(AbstractChannelHandlerContext.java:374)\n\tat io.netty.channel.AbstractChannelHandlerContext.invokeChannelRead(AbstractChannelHandlerContext.java:360)\n\tat io.netty.channel.AbstractChannelHandlerContext.fireChannelRead(AbstractChannelHandlerContext.java:352)\n\tat io.netty.channel.DefaultChannelPipeline$HeadContext.channelRead(DefaultChannelPipeline.java:1422)\n\tat io.netty.channel.AbstractChannelHandlerContext.invokeChannelRead(AbstractChannelHandlerContext.java:374)\n\tat io.netty.channel.AbstractChannelHandlerContext.invokeChannelRead(AbstractChannelHandlerContext.java:360)\n\tat io.netty.channel.DefaultChannelPipeline.fireChannelRead(DefaultChannelPipeline.java:931)\n\tat io.netty.channel.nio.AbstractNioByteChannel$NioByteUnsafe.read(AbstractNioByteChannel.java:163)\n\tat io.netty.channel.nio.NioEventLoop.processSelectedKey(NioEventLoop.java:700)\n\tat io.netty.channel.nio.NioEventLoop.processSelectedKeysOptimized(NioEventLoop.java:635)\n\tat io.netty.channel.nio.NioEventLoop.processSelectedKeys(NioEventLoop.java:552)\n\tat io.netty.channel.nio.NioEventLoop.run(NioEventLoop.java:514)\n\tat io.netty.util.concurrent.SingleThreadEventExecutor$6.run(SingleThreadEventExecutor.java:1044)\n\tat io.netty.util.internal.ThreadExecutorMap$2.run(ThreadExecutorMap.java:74)\n\tat io.netty.util.concurrent.FastThreadLocalRunnable.run(FastThreadLocalRunnable.java:30)\n\tat java.lang.Thread.run(Thread.java:923)\n"}}
06-11 22:40:46.445 F/linker  (13745): CANNOT LINK EXECUTABLE "/system/bin/smartcable/smartCableSTBApp": library "libmosquitto.so" not found: needed by main executable
06-11 22:40:46.461 I/lowmemorykiller(  231): medium memory pressure event is triggered for new strategy
06-11 22:40:46.487 D/stbdpc  (  397): STB_DPGetNumPaths[570]: num_paths: 1
06-11 22:40:46.561 I/lowmemorykiller(  231): medium memory pressure event is triggered for new strategy
06-11 22:40:46.562 I/TRuntime.CctTransportBackend(13540): Making request to: https://crashlyticsreports-pa.googleapis.com/v1/firelog/legacy/batchlog
06-11 22:40:46.587 D/stbdpc  (  397): STB_DPGetNumPaths[570]: num_paths: 1
06-11 22:40:46.657 D/dvb_iptv(  397): ReadEmmNetworkTask[1537]: EMM Select Timeout Occured 35
06-11 22:40:46.662 I/lowmemorykiller(  231): medium memory pressure event is triggered for new strategy
06-11 22:40:46.688 D/stbdpc  (  397): STB_DPGetNumPaths[570]: num_paths: 1
06-11 22:40:46.707 I/TRuntime.CctTransportBackend(13540): Status Code: 200
06-11 22:40:46.762 I/lowmemorykiller(  231): medium memory pressure event is triggered for new strategy
06-11 22:40:46.762 D/lowmemorykiller(  231): LMKD mp_event_psi kill_reasons available are PRESSURE_AFTER_KILL, NOT_RESPONDING, LOW_SWAP_AND_THRASHING, LOW_MEM_AND_SWAP, LOW_MEM_AND_THRASHING, DIRECT_RECL_AND_THRASHING
06-11 22:40:46.762 D/lowmemorykiller(  231): LMKD mp_event_psi kill_reason received= -1
06-11 22:40:46.788 D/stbdpc  (  397): STB_DPGetNumPaths[570]: num_paths: 1
06-11 22:40:46.812 D/JioStbInactivityTimer(  926): Timer: count 17 warningTimeout:10680 timeout:10800
06-11 22:40:46.812 D/JioStbInactivityTimer(  926): isUserActive: Curr:7659016 Prev:7659016
06-11 22:40:46.854 W/[ 7678.005354@3]  RTW(    0): fill_default_txdesc(wlan0): SP Packet(0x0806) rate=0x4 SeqNum = 2025
06-11 22:40:46.855 I/ThermalService(  969): CPU temperatures: [60.000004]
06-11 22:40:46.858 W/APM::AudioPolicyEngine(  387): getDevicesForStrategy() unknown strategy: -1
06-11 22:40:46.859 I/system_server(  633): oneway function results will be dropped but finished with status OK and parcel size 4
06-11 22:40:46.860 W/APM::AudioPolicyEngine(  387): getDevicesForStrategy() unknown strategy: -1
06-11 22:40:46.860 W/APM::AudioPolicyEngine(  387): getDevicesForStrategy() unknown strategy: -1
06-11 22:40:46.888 D/stbdpc  (  397): STB_DPGetNumPaths[570]: num_paths: 1
06-11 22:40:46.910 E/WifiVendorHal(  633): getWifiLinkLayerStats_1_3_Internal(l.973) failed {.code = ERROR_UNKNOWN, .description = unknown error}
06-11 22:40:46.976 I/appium  (13472): channel read: POST /session/8f3e47ea-1967-476a-9aaf-537ef2c96e58/element
06-11 22:40:46.977 I/appium  (13472): FindElement command
06-11 22:40:46.980 I/appium  (13472): method: 'xpath', selector: '//android.widget.ImageView[@resource-id='in.startv.hotstar:id/iv_profile']'
06-11 22:40:46.980 I/appium  (13472): Waiting up to 10000ms for the device to idle
06-11 22:40:46.983 I/appium  (13472): The following attributes will be included to the page source: [resource-id]
06-11 22:40:46.988 D/stbdpc  (  397): STB_DPGetNumPaths[570]: num_paths: 1
06-11 22:40:47.056 D/ltts_ip_emm(  397): LTTS_IP_DMXStartEMM[381]: parse_emm_cat_status failed
06-11 22:40:47.088 I/appium  (13472): Took 0ms to retrieve 0 matches for '//android.widget.ImageView[@resource-id='in.startv.hotstar:id/iv_profile']' XPath2 query
06-11 22:40:47.088 D/stbdpc  (  397): STB_DPGetNumPaths[570]: num_paths: 1
06-11 22:40:47.096 I/appium  (13472): AppiumResponse: {"sessionId":"8f3e47ea-1967-476a-9aaf-537ef2c96e58","value":{"error":"no such element","message":"An element could not be located on the page using the given search parameters","stacktrace":"io.appium.uiautomator2.common.exceptions.ElementNotFoundException: An element could not be located on the page using the given search parameters\n\tat io.appium.uiautomator2.utils.ElementLocationHelpers.findElement(ElementLocationHelpers.java:156)\n\tat io.appium.uiautomator2.handler.FindElement.safeHandle(FindElement.java:60)\n\tat io.appium.uiautomator2.handler.request.SafeRequestHandler.handle(SafeRequestHandler.java:59)\n\tat io.appium.uiautomator2.server.AppiumServlet.handleRequest(AppiumServlet.java:259)\n\tat io.appium.uiautomator2.server.AppiumServlet.handleHttpRequest(AppiumServlet.java:253)\n\tat io.appium.uiautomator2.http.ServerHandler.channelRead(ServerHandler.java:77)\n\tat io.netty.channel.AbstractChannelHandlerContext.invokeChannelRead(AbstractChannelHandlerContext.java:374)\n\tat io.netty.channel.AbstractChannelHandlerContext.invokeChannelRead(AbstractChannelHandlerContext.java:360)\n\tat io.netty.channel.AbstractChannelHandlerContext.fireChannelRead(AbstractChannelHandlerContext.java:352)\n\tat io.netty.handler.codec.MessageToMessageDecoder.channelRead(MessageToMessageDecoder.java:102)\n\tat io.netty.channel.AbstractChannelHandlerContext.invokeChannelRead(AbstractChannelHandlerContext.java:374)\n\tat io.netty.channel.AbstractChannelHandlerContext.invokeChannelRead(AbstractChannelHandlerContext.java:360)\n\tat io.netty.channel.AbstractChannelHandlerContext.fireChannelRead(AbstractChannelHandlerContext.java:352)\n\tat io.netty.channel.CombinedChannelDuplexHandler$DelegatingChannelHandlerContext.fireChannelRead(CombinedChannelDuplexHandler.java:438)\n\tat io.netty.handler.codec.ByteToMessageDecoder.fireChannelRead(ByteToMessageDecoder.java:328)\n\tat io.netty.handler.codec.ByteToMessageDecoder.channelRead(ByteToMessageDecoder.java:302)\n\tat io.netty.channel.CombinedChannelDuplexHandler.channelRead(CombinedChannelDuplexHandler.java:253)\n\tat io.netty.channel.AbstractChannelHandlerContext.invokeChannelRead(AbstractChannelHandlerContext.java:374)\n\tat io.netty.channel.AbstractChannelHandlerContext.invokeChannelRead(AbstractChannelHandlerContext.java:360)\n\tat io.netty.channel.AbstractChannelHandlerContext.fireChannelRead(AbstractChannelHandlerContext.java:352)\n\tat io.netty.handler.timeout.IdleStateHandler.channelRead(IdleStateHandler.java:287)\n\tat io.netty.channel.AbstractChannelHandlerContext.invokeChannelRead(AbstractChannelHandlerContext.java:374)\n\tat io.netty.channel.AbstractChannelHandlerContext.invokeChannelRead(AbstractChannelHandlerContext.java:360)\n\tat io.netty.channel.AbstractChannelHandlerContext.fireChannelRead(AbstractChannelHandlerContext.java:352)\n\tat io.netty.channel.DefaultChannelPipeline$HeadContext.channelRead(DefaultChannelPipeline.java:1422)\n\tat io.netty.channel.AbstractChannelHandlerContext.invokeChannelRead(AbstractChannelHandlerContext.java:374)\n\tat io.netty.channel.AbstractChannelHandlerContext.invokeChannelRead(AbstractChannelHandlerContext.java:360)\n\tat io.netty.channel.DefaultChannelPipeline.fireChannelRead(DefaultChannelPipeline.java:931)\n\tat io.netty.channel.nio.AbstractNioByteChannel$NioByteUnsafe.read(AbstractNioByteChannel.java:163)\n\tat io.netty.channel.nio.NioEventLoop.processSelectedKey(NioEventLoop.java:700)\n\tat io.netty.channel.nio.NioEventLoop.processSelectedKeysOptimized(NioEventLoop.java:635)\n\tat io.netty.channel.nio.NioEventLoop.processSelectedKeys(NioEventLoop.java:552)\n\tat io.netty.channel.nio.NioEventLoop.run(NioEventLoop.java:514)\n\tat io.netty.util.concurrent.SingleThreadEventExecutor$6.run(SingleThreadEventExecutor.java:1044)\n\tat io.netty.util.internal.ThreadExecutorMap$2.run(ThreadExecutorMap.java:74)\n\tat io.netty.util.concurrent.FastThreadLocalRunnable.run(FastThreadLocalRunnable.java:30)\n\tat java.lang.Thread.run(Thread.java:923)\n"}}
06-11 22:40:47.134 I/ActivityTaskManager(  633): Fully drawn in.startv.hotstar/com.hotstar.MainActivity: +5s692ms
06-11 22:40:47.147 I/AppPerfTracer(13540):  splash time is: 4601 
06-11 22:40:47.147 I/AppPerfTracer(13540):  startup time is: 847 
06-11 22:40:47.147 I/AppPerfTracer(13540):  pageRenderedTime time is: 144 
06-11 22:40:47.147 I/AppPerfTracer(13540):  startup type is cold 
06-11 22:40:47.147 I/AppPerfTracer(13540): data processing time is: 3264 
06-11 22:40:47.147 I/AppPerfTracer(13540): api response time is: 317 
06-11 22:40:47.147 I/AppPerfTracer(13540): fingerprint key fetch time is: 1 
06-11 22:40:47.147 I/AppPerfTracer(13540): splash animation time is: 3406 
06-11 22:40:47.147 I/AppPerfTracer(13540): total time is : 5592 
06-11 22:40:47.147 I/AppPerfTracer(13540):  total app startup time is: 4255 
06-11 22:40:47.147 I/AppPerfTracer(13540): App Init Time: 315 
06-11 22:40:47.147 I/AppPerfTracer(13540): Activity Init Time: 144 
06-11 22:40:47.147 I/AppPerfTracer(13540): Splash Init Time: 391 
06-11 22:40:47.147 I/AppPerfTracer(13540): Startup Init Time: 1714 
06-11 22:40:47.147 I/AppPerfTracer(13540): Start Api Init  876 
06-11 22:40:47.147 I/AppPerfTracer(13540): Proto Parsing Time: 349 
06-11 22:40:47.157 D/dvb_iptv(  397): ReadEmmNetworkTask[1537]: EMM Select Timeout Occured 36
06-11 22:40:47.189 D/stbdpc  (  397): STB_DPGetNumPaths[570]: num_paths: 1
06-11 22:40:47.207 D/BufferPoolAccessor2.0(13540): bufferpool2 0xf02a6318 : 0(0 size) total buffers - 0(0 size) used buffers - 0/5 (recycle/alloc) - 4/216 (fetch/transfer)
06-11 22:40:47.207 D/BufferPoolAccessor2.0(13540): evictor expired: 1, evicted: 1
06-11 22:40:47.211 V/DigitalSignage(  633): Package Name: null
06-11 22:40:47.211 V/DigitalSignage(  633): Left: 0
06-11 22:40:47.212 V/DigitalSignage(  633): Right: 0
06-11 22:40:47.212 V/DigitalSignage(  633): Top: 0
06-11 22:40:47.212 V/DigitalSignage(  633): Bottom: 0
06-11 22:40:47.212 D/DigitalSignage(  633): else - Package Name :: null left : 0 right :: 0 top :: 0 bottom :: 0 dfu-right :: 1920 dfu-bottom :: 1080
06-11 22:40:47.226 I/TRuntime.CctTransportBackend(13540): Status Code: 200
06-11 22:40:47.241 W/System.err(13540): java.lang.IllegalArgumentException: width and height must be > 0
06-11 22:40:47.249 W/System.err(13540): 	at android.graphics.Bitmap.createBitmap(Bitmap.java:1113)
06-11 22:40:47.249 W/System.err(13540): 	at android.graphics.Bitmap.createBitmap(Bitmap.java:1080)
06-11 22:40:47.249 W/System.err(13540): 	at android.graphics.Bitmap.createBitmap(Bitmap.java:1030)
06-11 22:40:47.249 W/System.err(13540): 	at android.graphics.Bitmap.createBitmap(Bitmap.java:991)
06-11 22:40:47.250 W/System.err(13540): 	at com.hotstar.feature.login.profile.customview.CircleImageView.c(SourceFile:46)
06-11 22:40:47.250 W/System.err(13540): 	at com.hotstar.feature.login.profile.customview.CircleImageView.setImageDrawable(SourceFile:4)
06-11 22:40:47.250 W/System.err(13540): 	at coil.target.ImageViewTarget.f(SourceFile:3)
06-11 22:40:47.250 W/System.err(13540): 	at coil.target.GenericViewTarget.h(SourceFile:19)
06-11 22:40:47.250 W/System.err(13540): 	at coil.target.GenericViewTarget.c(SourceFile:1)
06-11 22:40:47.250 W/System.err(13540): 	at coil.RealImageLoader.c(SourceFile:255)
06-11 22:40:47.250 W/System.err(13540): 	at coil.RealImageLoader$enqueue$job$1.invokeSuspend(SourceFile:32)
06-11 22:40:47.250 W/System.err(13540): 	at kotlin.coroutines.jvm.internal.BaseContinuationImpl.resumeWith(SourceFile:9)
06-11 22:40:47.250 W/System.err(13540): 	at Yg.i.a(SourceFile:129)
06-11 22:40:47.250 W/System.err(13540): 	at S3.A.s(SourceFile:11)
06-11 22:40:47.250 W/System.err(13540): 	at kotlinx.coroutines.a.p0(SourceFile:81)
06-11 22:40:47.250 W/System.err(13540): 	at kotlinx.coroutines.d.a(SourceFile:18)
06-11 22:40:47.250 W/System.err(13540): 	at coil.RealImageLoader.b(SourceFile:10)
06-11 22:40:47.250 W/System.err(13540): 	at coil.request.ViewTargetRequestManager.onViewAttachedToWindow(SourceFile:13)
06-11 22:40:47.251 W/System.err(13540): 	at android.view.View.dispatchAttachedToWindow(View.java:20490)
06-11 22:40:47.251 W/System.err(13540): 	at android.view.ViewGroup.dispatchAttachedToWindow(ViewGroup.java:3496)
06-11 22:40:47.251 W/System.err(13540): 	at android.view.ViewGroup.dispatchAttachedToWindow(ViewGroup.java:3496)
06-11 22:40:47.251 W/System.err(13540): 	at android.view.ViewGroup.addViewInner(ViewGroup.java:5278)
06-11 22:40:47.251 W/System.err(13540): 	at android.view.ViewGroup.addView(ViewGroup.java:5064)
06-11 22:40:47.251 W/System.err(13540): 	at android.view.ViewGroup.addView(ViewGroup.java:5004)
06-11 22:40:47.251 W/System.err(13540): 	at androidx.recyclerview.widget.e.a(SourceFile:26)
06-11 22:40:47.251 W/System.err(13540): 	at androidx.recyclerview.widget.RecyclerView$l.m(SourceFile:243)
06-11 22:40:47.251 W/System.err(13540): 	at androidx.recyclerview.widget.RecyclerView$l.l(SourceFile:3)
06-11 22:40:47.251 W/System.err(13540): 	at androidx.leanback.widget.GridLayoutManager$b.b(SourceFile:42)
06-11 22:40:47.251 W/System.err(13540): 	at androidx.leanback.widget.S.b(SourceFile:58)
06-11 22:40:47.251 W/System.err(13540): 	at androidx.leanback.widget.k.a(SourceFile:12)
06-11 22:40:47.251 W/System.err(13540): 	at androidx.leanback.widget.GridLayoutManager.v0(SourceFile:1052)
06-11 22:40:47.251 W/System.err(13540): 	at androidx.recyclerview.widget.RecyclerView.r(SourceFile:74)
06-11 22:40:47.251 W/System.err(13540): 	at androidx.recyclerview.widget.RecyclerView.p(SourceFile:72)
06-11 22:40:47.251 W/System.err(13540): 	at androidx.recyclerview.widget.RecyclerView.onLayout(SourceFile:8)
06-11 22:40:47.251 W/System.err(13540): 	at android.view.View.layout(View.java:22844)
06-11 22:40:47.251 W/System.err(13540): 	at android.view.ViewGroup.layout(ViewGroup.java:6389)
06-11 22:40:47.251 W/System.err(13540): 	at androidx.constraintlayout.widget.ConstraintLayout.onLayout(SourceFile:67)
06-11 22:40:47.252 W/System.err(13540): 	at android.view.View.layout(View.java:22844)
06-11 22:40:47.252 W/System.err(13540): 	at android.view.ViewGroup.layout(ViewGroup.java:6389)
06-11 22:40:47.252 W/System.err(13540): 	at android.widget.FrameLayout.layoutChildren(FrameLayout.java:332)
06-11 22:40:47.252 W/System.err(13540): 	at android.widget.FrameLayout.onLayout(FrameLayout.java:270)
06-11 22:40:47.252 W/System.err(13540): 	at android.view.View.layout(View.java:22844)
06-11 22:40:47.252 W/System.err(13540): 	at android.view.ViewGroup.layout(ViewGroup.java:6389)
06-11 22:40:47.252 W/System.err(13540): 	at android.widget.FrameLayout.layoutChildren(FrameLayout.java:332)
06-11 22:40:47.252 W/System.err(13540): 	at android.widget.FrameLayout.onLayout(FrameLayout.java:270)
06-11 22:40:47.252 W/System.err(13540): 	at android.view.View.layout(View.java:22844)
06-11 22:40:47.252 W/System.err(13540): 	at android.view.ViewGroup.layout(ViewGroup.java:6389)
06-11 22:40:47.252 W/System.err(13540): 	at androidx.constraintlayout.widget.ConstraintLayout.onLayout(SourceFile:67)
06-11 22:40:47.252 W/System.err(13540): 	at android.view.View.layout(View.java:22844)
06-11 22:40:47.252 W/System.err(13540): 	at android.view.ViewGroup.layout(ViewGroup.java:6389)
06-11 22:40:47.252 W/System.err(13540): 	at android.widget.FrameLayout.layoutChildren(FrameLayout.java:332)
06-11 22:40:47.252 W/System.err(13540): 	at android.widget.FrameLayout.onLayout(FrameLayout.java:270)
06-11 22:40:47.252 W/System.err(13540): 	at android.view.View.layout(View.java:22844)
06-11 22:40:47.252 W/System.err(13540): 	at android.view.ViewGroup.layout(ViewGroup.java:6389)
06-11 22:40:47.252 W/System.err(13540): 	at android.widget.FrameLayout.layoutChildren(FrameLayout.java:332)
06-11 22:40:47.253 W/System.err(13540): 	at android.widget.FrameLayout.onLayout(FrameLayout.java:270)
06-11 22:40:47.253 W/System.err(13540): 	at android.view.View.layout(View.java:22844)
06-11 22:40:47.253 W/System.err(13540): 	at android.view.ViewGroup.layout(ViewGroup.java:6389)
06-11 22:40:47.253 W/System.err(13540): 	at android.widget.FrameLayout.layoutChildren(FrameLayout.java:332)
06-11 22:40:47.253 W/System.err(13540): 	at android.widget.FrameLayout.onLayout(FrameLayout.java:270)
06-11 22:40:47.253 W/System.err(13540): 	at android.view.View.layout(View.java:22844)
06-11 22:40:47.253 W/System.err(13540): 	at android.view.ViewGroup.layout(ViewGroup.java:6389)
06-11 22:40:47.253 W/System.err(13540): 	at android.widget.FrameLayout.layoutChildren(FrameLayout.java:332)
06-11 22:40:47.253 W/System.err(13540): 	at android.widget.FrameLayout.onLayout(FrameLayout.java:270)
06-11 22:40:47.253 W/System.err(13540): 	at android.view.View.layout(View.java:22844)
06-11 22:40:47.253 W/System.err(13540): 	at android.view.ViewGroup.layout(ViewGroup.java:6389)
06-11 22:40:47.253 W/System.err(13540): 	at android.widget.FrameLayout.layoutChildren(FrameLayout.java:332)
06-11 22:40:47.253 W/System.err(13540): 	at android.widget.FrameLayout.onLayout(FrameLayout.java:270)
06-11 22:40:47.253 W/System.err(13540): 	at android.view.View.layout(View.java:22844)
06-11 22:40:47.253 W/System.err(13540): 	at android.view.ViewGroup.layout(ViewGroup.java:6389)
06-11 22:40:47.253 W/System.err(13540): 	at androidx.constraintlayout.widget.ConstraintLayout.onLayout(SourceFile:67)
06-11 22:40:47.253 W/System.err(13540): 	at android.view.View.layout(View.java:22844)
06-11 22:40:47.253 W/System.err(13540): 	at android.view.ViewGroup.layout(ViewGroup.java:6389)
06-11 22:40:47.254 W/System.err(13540): 	at android.widget.FrameLayout.layoutChildren(FrameLayout.java:332)
06-11 22:40:47.254 W/System.err(13540): 	at android.widget.FrameLayout.onLayout(FrameLayout.java:270)
06-11 22:40:47.254 W/System.err(13540): 	at android.view.View.layout(View.java:22844)
06-11 22:40:47.254 W/System.err(13540): 	at android.view.ViewGroup.layout(ViewGroup.java:6389)
06-11 22:40:47.254 W/System.err(13540): 	at android.widget.LinearLayout.setChildFrame(LinearLayout.java:1829)
06-11 22:40:47.254 W/System.err(13540): 	at android.widget.LinearLayout.layoutVertical(LinearLayout.java:1673)
06-11 22:40:47.254 W/System.err(13540): 	at android.widget.LinearLayout.onLayout(LinearLayout.java:1582)
06-11 22:40:47.254 W/System.err(13540): 	at android.view.View.layout(View.java:22844)
06-11 22:40:47.254 W/System.err(13540): 	at android.view.ViewGroup.layout(ViewGroup.java:6389)
06-11 22:40:47.254 W/System.err(13540): 	at android.widget.FrameLayout.layoutChildren(FrameLayout.java:332)
06-11 22:40:47.254 W/System.err(13540): 	at android.widget.FrameLayout.onLayout(FrameLayout.java:270)
06-11 22:40:47.254 W/System.err(13540): 	at com.android.internal.policy.DecorView.onLayout(DecorView.java:784)
06-11 22:40:47.254 W/System.err(13540): 	at android.view.View.layout(View.java:22844)
06-11 22:40:47.254 W/System.err(13540): 	at android.view.ViewGroup.layout(ViewGroup.java:6389)
06-11 22:40:47.254 W/System.err(13540): 	at android.view.ViewRootImpl.performLayout(ViewRootImpl.java:3475)
06-11 22:40:47.254 W/System.err(13540): 	at android.view.ViewRootImpl.performTraversals(ViewRootImpl.java:2943)
06-11 22:40:47.254 W/System.err(13540): 	at android.view.ViewRootImpl.doTraversal(ViewRootImpl.java:1948)
06-11 22:40:47.254 W/System.err(13540): 	at android.view.ViewRootImpl$TraversalRunnable.run(ViewRootImpl.java:8177)
06-11 22:40:47.254 W/System.err(13540): 	at android.view.Choreographer$CallbackRecord.run(Choreographer.java:972)
06-11 22:40:47.254 W/System.err(13540): 	at android.view.Choreographer.doCallbacks(Choreographer.java:796)
06-11 22:40:47.255 W/System.err(13540): 	at android.view.Choreographer.doFrame(Choreographer.java:731)
06-11 22:40:47.255 W/System.err(13540): 	at android.view.Choreographer$FrameDisplayEventReceiver.run(Choreographer.java:957)
06-11 22:40:47.255 W/System.err(13540): 	at android.os.Handler.handleCallback(Handler.java:938)
06-11 22:40:47.255 W/System.err(13540): 	at android.os.Handler.dispatchMessage(Handler.java:99)
06-11 22:40:47.255 W/System.err(13540): 	at android.os.Looper.loop(Looper.java:223)
06-11 22:40:47.255 W/System.err(13540): 	at android.app.ActivityThread.main(ActivityThread.java:7664)
06-11 22:40:47.255 W/System.err(13540): 	at java.lang.reflect.Method.invoke(Native Method)
06-11 22:40:47.255 W/System.err(13540): 	at com.android.internal.os.RuntimeInit$MethodAndArgsCaller.run(RuntimeInit.java:592)
06-11 22:40:47.255 W/System.err(13540): 	at com.android.internal.os.ZygoteInit.main(ZygoteInit.java:952)
06-11 22:40:47.283 W/System.err(13540): java.lang.IllegalArgumentException: width and height must be > 0
06-11 22:40:47.284 W/System.err(13540): 	at android.graphics.Bitmap.createBitmap(Bitmap.java:1113)
06-11 22:40:47.284 W/System.err(13540): 	at android.graphics.Bitmap.createBitmap(Bitmap.java:1080)
06-11 22:40:47.284 W/System.err(13540): 	at android.graphics.Bitmap.createBitmap(Bitmap.java:1030)
06-11 22:40:47.284 W/System.err(13540): 	at android.graphics.Bitmap.createBitmap(Bitmap.java:991)
06-11 22:40:47.285 W/System.err(13540): 	at com.hotstar.feature.login.profile.customview.CircleImageView.c(SourceFile:46)
06-11 22:40:47.285 W/System.err(13540): 	at com.hotstar.feature.login.profile.customview.CircleImageView.setImageDrawable(SourceFile:4)
06-11 22:40:47.285 W/System.err(13540): 	at coil.target.ImageViewTarget.f(SourceFile:3)
06-11 22:40:47.285 W/System.err(13540): 	at coil.target.GenericViewTarget.h(SourceFile:19)
06-11 22:40:47.285 W/System.err(13540): 	at coil.target.GenericViewTarget.c(SourceFile:1)
06-11 22:40:47.285 W/System.err(13540): 	at coil.RealImageLoader.c(SourceFile:255)
06-11 22:40:47.285 W/System.err(13540): 	at coil.RealImageLoader$enqueue$job$1.invokeSuspend(SourceFile:32)
06-11 22:40:47.285 W/System.err(13540): 	at kotlin.coroutines.jvm.internal.BaseContinuationImpl.resumeWith(SourceFile:9)
06-11 22:40:47.285 W/System.err(13540): 	at Yg.i.a(SourceFile:129)
06-11 22:40:47.285 W/System.err(13540): 	at S3.A.s(SourceFile:11)
06-11 22:40:47.285 W/System.err(13540): 	at kotlinx.coroutines.a.p0(SourceFile:81)
06-11 22:40:47.285 W/System.err(13540): 	at kotlinx.coroutines.d.a(SourceFile:18)
06-11 22:40:47.285 W/System.err(13540): 	at coil.RealImageLoader.b(SourceFile:10)
06-11 22:40:47.285 W/System.err(13540): 	at coil.request.ViewTargetRequestManager.onViewAttachedToWindow(SourceFile:13)
06-11 22:40:47.285 W/System.err(13540): 	at android.view.View.dispatchAttachedToWindow(View.java:20490)
06-11 22:40:47.285 W/System.err(13540): 	at android.view.ViewGroup.dispatchAttachedToWindow(ViewGroup.java:3496)
06-11 22:40:47.285 W/System.err(13540): 	at android.view.ViewGroup.dispatchAttachedToWindow(ViewGroup.java:3496)
06-11 22:40:47.285 W/System.err(13540): 	at android.view.ViewGroup.addViewInner(ViewGroup.java:5278)
06-11 22:40:47.285 W/System.err(13540): 	at android.view.ViewGroup.addView(ViewGroup.java:5064)
06-11 22:40:47.285 W/System.err(13540): 	at android.view.ViewGroup.addView(ViewGroup.java:5004)
06-11 22:40:47.285 W/System.err(13540): 	at androidx.recyclerview.widget.e.a(SourceFile:26)
06-11 22:40:47.285 W/System.err(13540): 	at androidx.recyclerview.widget.RecyclerView$l.m(SourceFile:243)
06-11 22:40:47.285 W/System.err(13540): 	at androidx.recyclerview.widget.RecyclerView$l.l(SourceFile:3)
06-11 22:40:47.285 W/System.err(13540): 	at androidx.leanback.widget.GridLayoutManager$b.b(SourceFile:42)
06-11 22:40:47.286 W/System.err(13540): 	at androidx.leanback.widget.S.b(SourceFile:58)
06-11 22:40:47.286 W/System.err(13540): 	at androidx.leanback.widget.GridLayoutManager.a1(SourceFile:26)
06-11 22:40:47.286 W/System.err(13540): 	at androidx.leanback.widget.GridLayoutManager.v0(SourceFile:1188)
06-11 22:40:47.286 W/System.err(13540): 	at androidx.recyclerview.widget.RecyclerView.r(SourceFile:74)
06-11 22:40:47.286 W/System.err(13540): 	at androidx.recyclerview.widget.RecyclerView.p(SourceFile:72)
06-11 22:40:47.286 W/System.err(13540): 	at androidx.recyclerview.widget.RecyclerView.onLayout(SourceFile:8)
06-11 22:40:47.286 W/System.err(13540): 	at android.view.View.layout(View.java:22844)
06-11 22:40:47.286 W/System.err(13540): 	at android.view.ViewGroup.layout(ViewGroup.java:6389)
06-11 22:40:47.286 W/System.err(13540): 	at androidx.constraintlayout.widget.ConstraintLayout.onLayout(SourceFile:67)
06-11 22:40:47.286 W/System.err(13540): 	at android.view.View.layout(View.java:22844)
06-11 22:40:47.286 W/System.err(13540): 	at android.view.ViewGroup.layout(ViewGroup.java:6389)
06-11 22:40:47.286 W/System.err(13540): 	at android.widget.FrameLayout.layoutChildren(FrameLayout.java:332)
06-11 22:40:47.286 W/System.err(13540): 	at android.widget.FrameLayout.onLayout(FrameLayout.java:270)
06-11 22:40:47.286 W/System.err(13540): 	at android.view.View.layout(View.java:22844)
06-11 22:40:47.286 W/System.err(13540): 	at android.view.ViewGroup.layout(ViewGroup.java:6389)
06-11 22:40:47.286 W/System.err(13540): 	at android.widget.FrameLayout.layoutChildren(FrameLayout.java:332)
06-11 22:40:47.286 W/System.err(13540): 	at android.widget.FrameLayout.onLayout(FrameLayout.java:270)
06-11 22:40:47.286 W/System.err(13540): 	at android.view.View.layout(View.java:22844)
06-11 22:40:47.286 W/System.err(13540): 	at android.view.ViewGroup.layout(ViewGroup.java:6389)
06-11 22:40:47.286 W/System.err(13540): 	at androidx.constraintlayout.widget.ConstraintLayout.onLayout(SourceFile:67)
06-11 22:40:47.286 W/System.err(13540): 	at android.view.View.layout(View.java:22844)
06-11 22:40:47.286 W/System.err(13540): 	at android.view.ViewGroup.layout(ViewGroup.java:6389)
06-11 22:40:47.286 W/System.err(13540): 	at android.widget.FrameLayout.layoutChildren(FrameLayout.java:332)
06-11 22:40:47.286 W/System.err(13540): 	at android.widget.FrameLayout.onLayout(FrameLayout.java:270)
06-11 22:40:47.286 W/System.err(13540): 	at android.view.View.layout(View.java:22844)
06-11 22:40:47.287 W/System.err(13540): 	at android.view.ViewGroup.layout(ViewGroup.java:6389)
06-11 22:40:47.287 W/System.err(13540): 	at android.widget.FrameLayout.layoutChildren(FrameLayout.java:332)
06-11 22:40:47.287 W/System.err(13540): 	at android.widget.FrameLayout.onLayout(FrameLayout.java:270)
06-11 22:40:47.287 W/System.err(13540): 	at android.view.View.layout(View.java:22844)
06-11 22:40:47.287 W/System.err(13540): 	at android.view.ViewGroup.layout(ViewGroup.java:6389)
06-11 22:40:47.287 W/System.err(13540): 	at android.widget.FrameLayout.layoutChildren(FrameLayout.java:332)
06-11 22:40:47.287 W/System.err(13540): 	at android.widget.FrameLayout.onLayout(FrameLayout.java:270)
06-11 22:40:47.287 W/System.err(13540): 	at android.view.View.layout(View.java:22844)
06-11 22:40:47.287 W/System.err(13540): 	at android.view.ViewGroup.layout(ViewGroup.java:6389)
06-11 22:40:47.287 W/System.err(13540): 	at android.widget.FrameLayout.layoutChildren(FrameLayout.java:332)
06-11 22:40:47.287 W/System.err(13540): 	at android.widget.FrameLayout.onLayout(FrameLayout.java:270)
06-11 22:40:47.287 W/System.err(13540): 	at android.view.View.layout(View.java:22844)
06-11 22:40:47.288 W/System.err(13540): 	at android.view.ViewGroup.layout(ViewGroup.java:6389)
06-11 22:40:47.288 W/System.err(13540): 	at android.widget.FrameLayout.layoutChildren(FrameLayout.java:332)
06-11 22:40:47.288 W/System.err(13540): 	at android.widget.FrameLayout.onLayout(FrameLayout.java:270)
06-11 22:40:47.288 W/System.err(13540): 	at android.view.View.layout(View.java:22844)
06-11 22:40:47.288 W/System.err(13540): 	at android.view.ViewGroup.layout(ViewGroup.java:6389)
06-11 22:40:47.288 W/System.err(13540): 	at androidx.constraintlayout.widget.ConstraintLayout.onLayout(SourceFile:67)
06-11 22:40:47.288 W/System.err(13540): 	at android.view.View.layout(View.java:22844)
06-11 22:40:47.288 W/System.err(13540): 	at android.view.ViewGroup.layout(ViewGroup.java:6389)
06-11 22:40:47.288 W/System.err(13540): 	at android.widget.FrameLayout.layoutChildren(FrameLayout.java:332)
06-11 22:40:47.288 W/System.err(13540): 	at android.widget.FrameLayout.onLayout(FrameLayout.java:270)
06-11 22:40:47.288 W/System.err(13540): 	at android.view.View.layout(View.java:22844)
06-11 22:40:47.288 W/System.err(13540): 	at android.view.ViewGroup.layout(ViewGroup.java:6389)
06-11 22:40:47.288 W/System.err(13540): 	at android.widget.LinearLayout.setChildFrame(LinearLayout.java:1829)
06-11 22:40:47.288 W/System.err(13540): 	at android.widget.LinearLayout.layoutVertical(LinearLayout.java:1673)
06-11 22:40:47.288 W/System.err(13540): 	at android.widget.LinearLayout.onLayout(LinearLayout.java:1582)
06-11 22:40:47.288 W/System.err(13540): 	at android.view.View.layout(View.java:22844)
06-11 22:40:47.288 W/System.err(13540): 	at android.view.ViewGroup.layout(ViewGroup.java:6389)
06-11 22:40:47.288 W/System.err(13540): 	at android.widget.FrameLayout.layoutChildren(FrameLayout.java:332)
06-11 22:40:47.288 W/System.err(13540): 	at android.widget.FrameLayout.onLayout(FrameLayout.java:270)
06-11 22:40:47.288 W/System.err(13540): 	at com.android.internal.policy.DecorView.onLayout(DecorView.java:784)
06-11 22:40:47.288 W/System.err(13540): 	at android.view.View.layout(View.java:22844)
06-11 22:40:47.288 W/System.err(13540): 	at android.view.ViewGroup.layout(ViewGroup.java:6389)
06-11 22:40:47.288 W/System.err(13540): 	at android.view.ViewRootImpl.performLayout(ViewRootImpl.java:3475)
06-11 22:40:47.288 W/System.err(13540): 	at android.view.ViewRootImpl.performTraversals(ViewRootImpl.java:2943)
06-11 22:40:47.289 W/System.err(13540): 	at android.view.ViewRootImpl.doTraversal(ViewRootImpl.java:1948)
06-11 22:40:47.289 W/System.err(13540): 	at android.view.ViewRootImpl$TraversalRunnable.run(ViewRootImpl.java:8177)
06-11 22:40:47.289 W/System.err(13540): 	at android.view.Choreographer$CallbackRecord.run(Choreographer.java:972)
06-11 22:40:47.289 W/System.err(13540): 	at android.view.Choreographer.doCallbacks(Choreographer.java:796)
06-11 22:40:47.289 D/stbdpc  (  397): STB_DPGetNumPaths[570]: num_paths: 1
06-11 22:40:47.289 W/System.err(13540): 	at android.view.Choreographer.doFrame(Choreographer.java:731)
06-11 22:40:47.289 W/System.err(13540): 	at android.view.Choreographer$FrameDisplayEventReceiver.run(Choreographer.java:957)
06-11 22:40:47.289 W/System.err(13540): 	at android.os.Handler.handleCallback(Handler.java:938)
06-11 22:40:47.289 W/System.err(13540): 	at android.os.Handler.dispatchMessage(Handler.java:99)
06-11 22:40:47.289 W/System.err(13540): 	at android.os.Looper.loop(Looper.java:223)
06-11 22:40:47.289 W/System.err(13540): 	at android.app.ActivityThread.main(ActivityThread.java:7664)
06-11 22:40:47.289 W/System.err(13540): 	at java.lang.reflect.Method.invoke(Native Method)
06-11 22:40:47.289 W/System.err(13540): 	at com.android.internal.os.RuntimeInit$MethodAndArgsCaller.run(RuntimeInit.java:592)
06-11 22:40:47.289 W/System.err(13540): 	at com.android.internal.os.ZygoteInit.main(ZygoteInit.java:952)
06-11 22:40:47.306 W/System.err(13540): java.lang.IllegalArgumentException: width and height must be > 0
06-11 22:40:47.306 W/System.err(13540): 	at android.graphics.Bitmap.createBitmap(Bitmap.java:1113)
06-11 22:40:47.307 W/System.err(13540): 	at android.graphics.Bitmap.createBitmap(Bitmap.java:1080)
06-11 22:40:47.307 W/System.err(13540): 	at android.graphics.Bitmap.createBitmap(Bitmap.java:1030)
06-11 22:40:47.307 W/System.err(13540): 	at android.graphics.Bitmap.createBitmap(Bitmap.java:991)
06-11 22:40:47.307 W/System.err(13540): 	at com.hotstar.feature.login.profile.customview.CircleImageView.c(SourceFile:46)
06-11 22:40:47.307 W/System.err(13540): 	at com.hotstar.feature.login.profile.customview.CircleImageView.setImageDrawable(SourceFile:4)
06-11 22:40:47.307 W/System.err(13540): 	at coil.target.ImageViewTarget.f(SourceFile:3)
06-11 22:40:47.307 W/System.err(13540): 	at coil.target.GenericViewTarget.h(SourceFile:19)
06-11 22:40:47.307 W/System.err(13540): 	at coil.target.GenericViewTarget.c(SourceFile:1)
06-11 22:40:47.307 W/System.err(13540): 	at coil.RealImageLoader.c(SourceFile:255)
06-11 22:40:47.307 W/System.err(13540): 	at coil.RealImageLoader$enqueue$job$1.invokeSuspend(SourceFile:32)
06-11 22:40:47.307 W/System.err(13540): 	at kotlin.coroutines.jvm.internal.BaseContinuationImpl.resumeWith(SourceFile:9)
06-11 22:40:47.307 W/System.err(13540): 	at Yg.i.a(SourceFile:129)
06-11 22:40:47.307 W/System.err(13540): 	at S3.A.s(SourceFile:11)
06-11 22:40:47.307 W/System.err(13540): 	at kotlinx.coroutines.a.p0(SourceFile:81)
06-11 22:40:47.307 W/System.err(13540): 	at kotlinx.coroutines.d.a(SourceFile:18)
06-11 22:40:47.307 W/System.err(13540): 	at coil.RealImageLoader.b(SourceFile:10)
06-11 22:40:47.307 W/System.err(13540): 	at coil.request.ViewTargetRequestManager.onViewAttachedToWindow(SourceFile:13)
06-11 22:40:47.307 W/System.err(13540): 	at android.view.View.dispatchAttachedToWindow(View.java:20490)
06-11 22:40:47.307 W/System.err(13540): 	at android.view.ViewGroup.dispatchAttachedToWindow(ViewGroup.java:3496)
06-11 22:40:47.307 W/System.err(13540): 	at android.view.ViewGroup.dispatchAttachedToWindow(ViewGroup.java:3496)
06-11 22:40:47.307 W/System.err(13540): 	at android.view.ViewGroup.addViewInner(ViewGroup.java:5278)
06-11 22:40:47.307 W/System.err(13540): 	at android.view.ViewGroup.addView(ViewGroup.java:5064)
06-11 22:40:47.307 W/System.err(13540): 	at android.view.ViewGroup.addView(ViewGroup.java:5004)
06-11 22:40:47.307 W/System.err(13540): 	at androidx.recyclerview.widget.e.a(SourceFile:26)
06-11 22:40:47.308 W/System.err(13540): 	at androidx.recyclerview.widget.RecyclerView$l.m(SourceFile:243)
06-11 22:40:47.308 W/System.err(13540): 	at androidx.recyclerview.widget.RecyclerView$l.l(SourceFile:3)
06-11 22:40:47.308 W/System.err(13540): 	at androidx.leanback.widget.GridLayoutManager$b.b(SourceFile:42)
06-11 22:40:47.308 W/System.err(13540): 	at androidx.leanback.widget.S.b(SourceFile:58)
06-11 22:40:47.308 W/System.err(13540): 	at androidx.leanback.widget.GridLayoutManager.a1(SourceFile:26)
06-11 22:40:47.308 W/System.err(13540): 	at androidx.leanback.widget.GridLayoutManager.v0(SourceFile:1188)
06-11 22:40:47.308 W/System.err(13540): 	at androidx.recyclerview.widget.RecyclerView.r(SourceFile:74)
06-11 22:40:47.308 W/System.err(13540): 	at androidx.recyclerview.widget.RecyclerView.p(SourceFile:72)
06-11 22:40:47.308 W/System.err(13540): 	at androidx.recyclerview.widget.RecyclerView.onLayout(SourceFile:8)
06-11 22:40:47.308 W/System.err(13540): 	at android.view.View.layout(View.java:22844)
06-11 22:40:47.308 W/System.err(13540): 	at android.view.ViewGroup.layout(ViewGroup.java:6389)
06-11 22:40:47.308 W/System.err(13540): 	at androidx.constraintlayout.widget.ConstraintLayout.onLayout(SourceFile:67)
06-11 22:40:47.308 W/System.err(13540): 	at android.view.View.layout(View.java:22844)
06-11 22:40:47.308 W/System.err(13540): 	at android.view.ViewGroup.layout(ViewGroup.java:6389)
06-11 22:40:47.308 W/System.err(13540): 	at android.widget.FrameLayout.layoutChildren(FrameLayout.java:332)
06-11 22:40:47.308 W/System.err(13540): 	at android.widget.FrameLayout.onLayout(FrameLayout.java:270)
06-11 22:40:47.309 W/System.err(13540): 	at android.view.View.layout(View.java:22844)
06-11 22:40:47.309 W/System.err(13540): 	at android.view.ViewGroup.layout(ViewGroup.java:6389)
06-11 22:40:47.309 W/System.err(13540): 	at android.widget.FrameLayout.layoutChildren(FrameLayout.java:332)
06-11 22:40:47.309 W/System.err(13540): 	at android.widget.FrameLayout.onLayout(FrameLayout.java:270)
06-11 22:40:47.309 W/System.err(13540): 	at android.view.View.layout(View.java:22844)
06-11 22:40:47.309 W/System.err(13540): 	at android.view.ViewGroup.layout(ViewGroup.java:6389)
06-11 22:40:47.309 W/System.err(13540): 	at androidx.constraintlayout.widget.ConstraintLayout.onLayout(SourceFile:67)
06-11 22:40:47.309 W/System.err(13540): 	at android.view.View.layout(View.java:22844)
06-11 22:40:47.309 W/System.err(13540): 	at android.view.ViewGroup.layout(ViewGroup.java:6389)
06-11 22:40:47.309 W/System.err(13540): 	at android.widget.FrameLayout.layoutChildren(FrameLayout.java:332)
06-11 22:40:47.309 W/System.err(13540): 	at android.widget.FrameLayout.onLayout(FrameLayout.java:270)
06-11 22:40:47.309 W/System.err(13540): 	at android.view.View.layout(View.java:22844)
06-11 22:40:47.309 W/System.err(13540): 	at android.view.ViewGroup.layout(ViewGroup.java:6389)
06-11 22:40:47.309 W/System.err(13540): 	at android.widget.FrameLayout.layoutChildren(FrameLayout.java:332)
06-11 22:40:47.309 W/System.err(13540): 	at android.widget.FrameLayout.onLayout(FrameLayout.java:270)
06-11 22:40:47.309 W/System.err(13540): 	at android.view.View.layout(View.java:22844)
06-11 22:40:47.309 W/System.err(13540): 	at android.view.ViewGroup.layout(ViewGroup.java:6389)
06-11 22:40:47.309 W/System.err(13540): 	at android.widget.FrameLayout.layoutChildren(FrameLayout.java:332)
06-11 22:40:47.309 W/System.err(13540): 	at android.widget.FrameLayout.onLayout(FrameLayout.java:270)
06-11 22:40:47.309 W/System.err(13540): 	at android.view.View.layout(View.java:22844)
06-11 22:40:47.310 W/System.err(13540): 	at android.view.ViewGroup.layout(ViewGroup.java:6389)
06-11 22:40:47.310 W/System.err(13540): 	at android.widget.FrameLayout.layoutChildren(FrameLayout.java:332)
06-11 22:40:47.310 W/System.err(13540): 	at android.widget.FrameLayout.onLayout(FrameLayout.java:270)
06-11 22:40:47.310 W/System.err(13540): 	at android.view.View.layout(View.java:22844)
06-11 22:40:47.310 W/System.err(13540): 	at android.view.ViewGroup.layout(ViewGroup.java:6389)
06-11 22:40:47.310 W/System.err(13540): 	at android.widget.FrameLayout.layoutChildren(FrameLayout.java:332)
06-11 22:40:47.310 W/System.err(13540): 	at android.widget.FrameLayout.onLayout(FrameLayout.java:270)
06-11 22:40:47.310 W/System.err(13540): 	at android.view.View.layout(View.java:22844)
06-11 22:40:47.310 W/System.err(13540): 	at android.view.ViewGroup.layout(ViewGroup.java:6389)
06-11 22:40:47.310 W/System.err(13540): 	at androidx.constraintlayout.widget.ConstraintLayout.onLayout(SourceFile:67)
06-11 22:40:47.310 W/System.err(13540): 	at android.view.View.layout(View.java:22844)
06-11 22:40:47.310 W/System.err(13540): 	at android.view.ViewGroup.layout(ViewGroup.java:6389)
06-11 22:40:47.310 W/System.err(13540): 	at android.widget.FrameLayout.layoutChildren(FrameLayout.java:332)
06-11 22:40:47.310 W/System.err(13540): 	at android.widget.FrameLayout.onLayout(FrameLayout.java:270)
06-11 22:40:47.310 W/System.err(13540): 	at android.view.View.layout(View.java:22844)
06-11 22:40:47.310 W/System.err(13540): 	at android.view.ViewGroup.layout(ViewGroup.java:6389)
06-11 22:40:47.310 W/System.err(13540): 	at android.widget.LinearLayout.setChildFrame(LinearLayout.java:1829)
06-11 22:40:47.310 W/System.err(13540): 	at android.widget.LinearLayout.layoutVertical(LinearLayout.java:1673)
06-11 22:40:47.310 W/System.err(13540): 	at android.widget.LinearLayout.onLayout(LinearLayout.java:1582)
06-11 22:40:47.310 W/System.err(13540): 	at android.view.View.layout(View.java:22844)
06-11 22:40:47.310 W/System.err(13540): 	at android.view.ViewGroup.layout(ViewGroup.java:6389)
06-11 22:40:47.310 W/System.err(13540): 	at android.widget.FrameLayout.layoutChildren(FrameLayout.java:332)
06-11 22:40:47.310 W/System.err(13540): 	at android.widget.FrameLayout.onLayout(FrameLayout.java:270)
06-11 22:40:47.310 W/System.err(13540): 	at com.android.internal.policy.DecorView.onLayout(DecorView.java:784)
06-11 22:40:47.311 W/System.err(13540): 	at android.view.View.layout(View.java:22844)
06-11 22:40:47.311 W/System.err(13540): 	at android.view.ViewGroup.layout(ViewGroup.java:6389)
06-11 22:40:47.311 W/System.err(13540): 	at android.view.ViewRootImpl.performLayout(ViewRootImpl.java:3475)
06-11 22:40:47.311 W/System.err(13540): 	at android.view.ViewRootImpl.performTraversals(ViewRootImpl.java:2943)
06-11 22:40:47.311 W/System.err(13540): 	at android.view.ViewRootImpl.doTraversal(ViewRootImpl.java:1948)
06-11 22:40:47.311 W/System.err(13540): 	at android.view.ViewRootImpl$TraversalRunnable.run(ViewRootImpl.java:8177)
06-11 22:40:47.311 W/System.err(13540): 	at android.view.Choreographer$CallbackRecord.run(Choreographer.java:972)
06-11 22:40:47.311 W/System.err(13540): 	at android.view.Choreographer.doCallbacks(Choreographer.java:796)
06-11 22:40:47.311 W/System.err(13540): 	at android.view.Choreographer.doFrame(Choreographer.java:731)
06-11 22:40:47.311 W/System.err(13540): 	at android.view.Choreographer$FrameDisplayEventReceiver.run(Choreographer.java:957)
06-11 22:40:47.311 W/System.err(13540): 	at android.os.Handler.handleCallback(Handler.java:938)
06-11 22:40:47.311 W/System.err(13540): 	at android.os.Handler.dispatchMessage(Handler.java:99)
06-11 22:40:47.311 W/System.err(13540): 	at android.os.Looper.loop(Looper.java:223)
06-11 22:40:47.311 W/System.err(13540): 	at android.app.ActivityThread.main(ActivityThread.java:7664)
06-11 22:40:47.311 W/System.err(13540): 	at java.lang.reflect.Method.invoke(Native Method)
06-11 22:40:47.311 W/System.err(13540): 	at com.android.internal.os.RuntimeInit$MethodAndArgsCaller.run(RuntimeInit.java:592)
06-11 22:40:47.311 W/System.err(13540): 	at com.android.internal.os.ZygoteInit.main(ZygoteInit.java:952)
06-11 22:40:47.326 W/System.err(13540): java.lang.IllegalArgumentException: width and height must be > 0
06-11 22:40:47.327 W/System.err(13540): 	at android.graphics.Bitmap.createBitmap(Bitmap.java:1113)
06-11 22:40:47.327 W/System.err(13540): 	at android.graphics.Bitmap.createBitmap(Bitmap.java:1080)
06-11 22:40:47.327 W/System.err(13540): 	at android.graphics.Bitmap.createBitmap(Bitmap.java:1030)
06-11 22:40:47.327 W/System.err(13540): 	at android.graphics.Bitmap.createBitmap(Bitmap.java:991)
06-11 22:40:47.327 W/System.err(13540): 	at com.hotstar.feature.login.profile.customview.CircleImageView.c(SourceFile:46)
06-11 22:40:47.327 W/System.err(13540): 	at com.hotstar.feature.login.profile.customview.CircleImageView.setImageDrawable(SourceFile:4)
06-11 22:40:47.327 W/System.err(13540): 	at coil.target.ImageViewTarget.f(SourceFile:3)
06-11 22:40:47.327 W/System.err(13540): 	at coil.target.GenericViewTarget.h(SourceFile:19)
06-11 22:40:47.327 W/System.err(13540): 	at coil.target.GenericViewTarget.c(SourceFile:1)
06-11 22:40:47.327 W/System.err(13540): 	at coil.RealImageLoader.c(SourceFile:255)
06-11 22:40:47.327 W/System.err(13540): 	at coil.RealImageLoader$enqueue$job$1.invokeSuspend(SourceFile:32)
06-11 22:40:47.327 W/System.err(13540): 	at kotlin.coroutines.jvm.internal.BaseContinuationImpl.resumeWith(SourceFile:9)
06-11 22:40:47.327 W/System.err(13540): 	at Yg.i.a(SourceFile:129)
06-11 22:40:47.328 W/System.err(13540): 	at S3.A.s(SourceFile:11)
06-11 22:40:47.328 W/System.err(13540): 	at kotlinx.coroutines.a.p0(SourceFile:81)
06-11 22:40:47.328 W/System.err(13540): 	at kotlinx.coroutines.d.a(SourceFile:18)
06-11 22:40:47.328 W/System.err(13540): 	at coil.RealImageLoader.b(SourceFile:10)
