06-11 23:49:08.719 W/gralloc4(  474): Buffer descriptor with invalid usage bits 0x2000
06-11 23:49:08.720 D/AmlogicVideoDecoderAwesome2(  474): [133]"======setOutputBuf, line 1298=======:7, 0x0, fd:64"
06-11 23:49:08.720 I/VideoDecWraper(  474): importBufferForPicture:7
06-11 23:49:08.720 D/VideoDecWraper(  474): outbuf color format NV21
06-11 23:49:08.720 I/V4l2Adaptor(  474): importBufferForPicture pictureBufferId 7, dmabufFd 52, metaFd 53
06-11 23:49:08.720 I/V4l2Adaptor(  474): onImportBufferForPicture pictureBufferId 7, dmabufFd 52, metaFd 53, plane size 1
06-11 23:49:08.720 I/V4l2Adaptor(  474): onImportBufferForPicture addr 0x0, stride 0, offset 0, size 0
06-11 23:49:08.720 I/VDA     (  474): [0] "ImportBufferForPicture picture_buffer_id 7\n"
06-11 23:49:08.724 D/AmlogicVideoDecoderAwesome2(  474): Calculate duration from pts is 0
06-11 23:49:08.725 V/OmxVideoDecoder(  474): updatePort mUseNativeBuffers 1
06-11 23:49:08.725 V/OmxVideoDecoder(  474): nWidth=1920,nHeight=1080, nMinbufs=0
06-11 23:49:08.725 I/OmxVideoDecoder(  474): getParameter Component Name OMX.amlogic.hevc.decoder.awesome2, width 1920, height 1080 nBufferCountMin:8
06-11 23:49:08.725 V/android.hardware.media.omx@1.0-service(  474): [0611/234908.725052:VERBOSE1:v4l2_video_decode_accelerator.cc(3145)] CheckInterlaced(): 
06-11 23:49:08.725 I/VDA     (  474): [0] "VIDIOC_G_FMT format.fmt.pix.width 1920\n"
06-11 23:49:08.725 I/VDA     (  474): [0] "[GetVisibleSize] visible width 1920, height 1080\n"
06-11 23:49:08.725 I/VDA     (  474): [0] "CheckInterlaced format.fmt.pix.field 1\n"
06-11 23:49:08.726 D/OmxVideoDecoder(  474): getConfig 2867 0x700000f
06-11 23:49:08.726 D/OmxVideoDecoder(  474): getConfig 2870 nIndex 0x700000f
06-11 23:49:08.726 I/AmlogicVideoDecoderAwesome2(  474): [133]"getAndroidNativeBufferCrop [1920 x 1080] \n"
06-11 23:49:08.726 D/OmxVideoDecoder(  474): getConfig OMX_IndexConfigCommonOutputCrop pRect->nWidth=1920, pRect->nHeight=1080
06-11 23:49:08.726 D/OmxVideoDecoder(  474): setConfig 3009 0x7f00000c
06-11 23:49:08.726 D/OmxVideoDecoder(  474): getConfig 2867 0x7f00000c
06-11 23:49:08.726 D/OmxVideoDecoder(  474): getConfig 2867 0x7f00000c
06-11 23:49:08.726 E/OMXNodeInstance(  474): getConfig(0xf23c4438:amlogic.hevc.decoder.awesome2, ??(0x7f00000c)) ERROR: UnsupportedSetting(0x80001019)
06-11 23:49:08.727 D/OmxVideoDecoder(  474): getConfig 2867 0x7f000009
06-11 23:49:08.727 D/OmxVideoDecoder(  474): getConfig 2867 0x6f100004
06-11 23:49:08.727 V/OmxVideoDecoder(  474): VendorExt: getConfig: index=0 (4k-osd)
06-11 23:49:08.727 D/OmxVideoDecoder(  474): getConfig 2867 0x6f100004
06-11 23:49:08.727 V/OmxVideoDecoder(  474): VendorExt: getConfig: index=1 (video-trickmode)
06-11 23:49:08.727 D/OmxVideoDecoder(  474): getConfig 2867 0x6f100004
06-11 23:49:08.727 V/OmxVideoDecoder(  474): VendorExt: getConfig: index=2 (unstable-pts)
06-11 23:49:08.727 D/OmxVideoDecoder(  474): getConfig 2867 0x6f100004
06-11 23:49:08.727 I/VDA     (  474): [0] "ImportBufferForPictureTask dmabuf_fds 52\n"
06-11 23:49:08.727 V/OmxVideoDecoder(  474): VendorExt: getConfig: index=3 (is-mvc)
06-11 23:49:08.727 D/OmxVideoDecoder(  474): getConfig 2867 0x6f100004
06-11 23:49:08.727 V/OmxVideoDecoder(  474): VendorExt: getConfig: index=4 (is-flv)
06-11 23:49:08.728 D/OmxVideoDecoder(  474): getConfig 2867 0x6f100004
06-11 23:49:08.728 V/OmxVideoDecoder(  474): VendorExt: getConfig: index=5 (dvconfig-box)
06-11 23:49:08.729 D/OmxVideoDecoder(  474): getConfig 2867 0x6f100004
06-11 23:49:08.729 V/OmxVideoDecoder(  474): VendorExt: getConfig: index=6 (profile-level)
06-11 23:49:08.729 D/OmxVideoDecoder(  474): getConfig 2867 0x6f100004
06-11 23:49:08.729 V/OmxVideoDecoder(  474): VendorExt: getConfig: index=6 (profile-level)
06-11 23:49:08.729 D/OmxVideoDecoder(  474): getConfig 2867 0x6f100004
06-11 23:49:08.729 V/OmxVideoDecoder(  474): VendorExt: getConfig: index=7 (nrdp)
06-11 23:49:08.730 D/OmxVideoDecoder(  474): getConfig 2867 0x6f100004
06-11 23:49:08.730 V/OmxVideoDecoder(  474): VendorExt: getConfig: index=8 (low-latency)
06-11 23:49:08.730 D/OmxVideoDecoder(  474): getConfig 2867 0x6f100004
06-11 23:49:08.730 V/OmxVideoDecoder(  474): VendorExt: getConfig: index=9 (save-mem)
06-11 23:49:08.730 D/OmxVideoDecoder(  474): getConfig 2867 0x6f100004
06-11 23:49:08.730 V/OmxVideoDecoder(  474): VendorExt: getConfig: index=10 (videoLayer)
06-11 23:49:08.730 D/OmxVideoDecoder(  474): getConfig 2867 0x6f100004
06-11 23:49:08.730 V/OmxVideoDecoder(  474): VendorExt: getConfig: index=11 (renderByOmx)
06-11 23:49:08.730 D/OmxVideoDecoder(  474): getConfig 2867 0x6f100004
06-11 23:49:08.730 V/OmxVideoDecoder(  474): VendorExt: getConfig: index=12 (tunerhal)
06-11 23:49:08.731 D/OmxVideoDecoder(  474): getConfig 2867 0x6f100004
06-11 23:49:08.731 V/OmxVideoDecoder(  474): VendorExt: getConfig: index=12 (tunerhal)
06-11 23:49:08.731 D/OmxVideoDecoder(  474): getConfig 2867 0x6f100004
06-11 23:49:08.731 V/OmxVideoDecoder(  474): VendorExt: getConfig: index=13 (VideoQos)
06-11 23:49:08.731 D/OmxVideoDecoder(  474): getConfig 2867 0x6f100004
06-11 23:49:08.731 V/OmxVideoDecoder(  474): VendorExt: getConfig: index=14 (rotation-angle)
06-11 23:49:08.731 D/OmxVideoDecoder(  474): getConfig 2867 0x6f100004
06-11 23:49:08.731 V/OmxVideoDecoder(  474): VendorExt: getConfig: index=15 (McodecReport)
06-11 23:49:08.731 D/OmxVideoDecoder(  474): mMcodecReport=0 mPeer.get=0xf23bb000
06-11 23:49:08.731 D/OmxVideoDecoder(  474): getConfig 2867 0x6f100004
06-11 23:49:08.731 V/OmxVideoDecoder(  474): VendorExt: getConfig: index=16 (START.low-latency)
06-11 23:49:08.731 D/OmxVideoDecoder(  474): getConfig 2867 0x6f100004
06-11 23:49:08.750 D/AmlogicVideoDecoderAwesome2(  474): Calculate duration from pts is 0
06-11 23:49:08.752 I/chatty  (  474): uid=1046(mediacodec) AdaptorInThread identical 1 line
06-11 23:49:08.754 D/AmlogicVideoDecoderAwesome2(  474): Calculate duration from pts is 0
06-11 23:49:08.788 D/stbdpc  (  397): STB_DPGetNumPaths[570]: num_paths: 1
06-11 23:49:08.817 I/C2SoftAacDec(  477): Reconfiguring decoder: 0->48000 Hz, 0->2 channels
06-11 23:49:08.819 D/CCodecBuffers( 9075): [c2.android.aac.decoder#982:1D-Input.Impl[N]] codec released a buffer owned by client (index 2)
06-11 23:49:08.825 E/FMQ     (  477): grantorIdx must be less than 3
06-11 23:49:08.825 E/FMQ     ( 9075): grantorIdx must be less than 3
06-11 23:49:08.829 D/CCodecConfig( 9075): c2 config diff is   c2::i32 coding.drc.compression-mode.value = 1
06-11 23:49:08.830 D/CCodecBuffers( 9075): [c2.android.aac.decoder#982:Output[N]] popFromStashAndRegister: output format changed to AMessage(what = 0x00000000) = {
06-11 23:49:08.830 D/CCodecBuffers( 9075):   int32_t aac-drc-album-mode = 0
06-11 23:49:08.830 D/CCodecBuffers( 9075):   int32_t aac-drc-boost-level = 127
06-11 23:49:08.830 D/CCodecBuffers( 9075):   int32_t aac-drc-cut-level = 127
06-11 23:49:08.830 D/CCodecBuffers( 9075):   int32_t aac-drc-effect-type = 3
06-11 23:49:08.830 D/CCodecBuffers( 9075):   int32_t aac-drc-heavy-compression = 1
06-11 23:49:08.830 D/CCodecBuffers( 9075):   int32_t aac-drc-output-loudness = -1
06-11 23:49:08.830 D/CCodecBuffers( 9075):   int32_t aac-encoded-target-level = -1
06-11 23:49:08.830 D/CCodecBuffers( 9075):   int32_t aac-max-output-channel_count = 8
06-11 23:49:08.830 D/CCodecBuffers( 9075):   int32_t aac-target-ref-level = 64
06-11 23:49:08.830 D/CCodecBuffers( 9075):   int32_t channel-count = 2
06-11 23:49:08.830 D/CCodecBuffers( 9075):   string mime = "audio/raw"
06-11 23:49:08.830 D/CCodecBuffers( 9075):   int32_t sample-rate = 48000
06-11 23:49:08.830 D/CCodecBuffers( 9075): }
06-11 23:49:08.843 D/dvb_iptv(  397): ReadEmmNetworkTask[1537]: EMM Select Timeout Occured 50
06-11 23:49:08.843 W/AudioFlinger(  387): createTrack_l(): mismatch between requested flags (00000008) and output flags (00000002)
06-11 23:49:08.844 D/AudioFlinger(  387): Client defaulted notificationFrames to 8200 for frameCount 16400
06-11 23:49:08.846 D/AF::TrackHandle(  387): OpPlayAudio: track:223 usage:1 not muted
06-11 23:49:08.882 W/APM::AudioPolicyEngine(  387): getDevicesForStrategy() unknown strategy: -1
06-11 23:49:08.882 W/APM::AudioPolicyEngine(  387): getDevicesForStrategy() unknown strategy: -1
06-11 23:49:08.885 I/sub_mixing_factory(  348): [usecase_change_validate_l_sm:1209] ++++continuous:0 dev masks:0, out masks:0, out usecase PCM_NORMAL
06-11 23:49:08.885 I/sub_mixing_factory(  348): [usecase_change_validate_l_sm:1216] add usecase PCM_NORMAL, cnt 1
06-11 23:49:08.885 D/sub_mixing_factory(  348): [usecase_change_validate_l_sm:1228] cur dev masks:0, add out usecase:PCM_NORMAL
06-11 23:49:08.885 I/sub_mixing_factory(  348): [usecase_change_validate_l_sm:1259] ----continuous:0 dev masks:0x1, out masks:0x1, out usecase PCM_NORMAL
06-11 23:49:08.885 D/aml_audio_port(  348): [new_input_port:260] buf_frames:384,frame_size:4 ==> thunk_size:1536
06-11 23:49:08.885 I/aml_audio_port(  348): [get_input_port_type:109] samplerate:48000, flags:0x2, channel_cnt:2
06-11 23:49:08.885 D/aml_audio_port(  348): [new_input_port:286] inport:PCM_SYSTEM, buf:6144, direct:0, format:0x1, rate:48000, ch:2
06-11 23:49:08.885 I/amlAudioMixer(  348): [init_mixer_input_port:175] input port:PCM_SYSTEM, size 384 frames, frame_write_sum:200679424
06-11 23:49:08.885 I/aml_audio_port(  348): [get_input_port_type:109] samplerate:48000, flags:0x2, channel_cnt:2
06-11 23:49:08.885 I/sub_mixing_factory(  348): [mixer_aux_buffer_write_sm:1066] stream 0xee269000 input port:PCM_SYSTEM
06-11 23:49:08.886 I/sub_mixing_factory(  348): [mixer_aux_buffer_write_sm:1076] padding_bytes 12288
06-11 23:49:08.886 I/amlAudioMixer(  348): [mixer_write_inport:260] input port:PCM_SYSTEM is active now
06-11 23:49:08.886 I/system_server(  633): oneway function results will be dropped but finished with status OK and parcel size 4
06-11 23:49:08.886 I/sub_mixing_factory(  348): [mixer_aux_buffer_write_sm:1076] padding_bytes 10752
06-11 23:49:08.886 I/sub_mixing_factory(  348): [mixer_aux_buffer_write_sm:1076] padding_bytes 9216
06-11 23:49:08.886 I/sub_mixing_factory(  348): [mixer_aux_buffer_write_sm:1076] padding_bytes 7680
06-11 23:49:08.886 I/sub_mixing_factory(  348): [mixer_aux_buffer_write_sm:1076] padding_bytes 6144
06-11 23:49:08.886 I/system_server(  633): oneway function results will be dropped but finished with status OK and parcel size 4
06-11 23:49:08.888 D/stbdpc  (  397): STB_DPGetNumPaths[570]: num_paths: 1
06-11 23:49:08.893 I/amlAudioMixer(  348): [mixer_inports_read:704] input port:PCM_SYSTEM first start, portId:0, avail:6144
06-11 23:49:08.898 I/sub_mixing_factory(  348): [mixer_aux_buffer_write_sm:1076] padding_bytes 4608
06-11 23:49:08.906 I/sub_mixing_factory(  348): [mixer_aux_buffer_write_sm:1076] padding_bytes 3072
06-11 23:49:08.909 I/sub_mixing_factory(  348): [mixer_aux_buffer_write_sm:1076] padding_bytes 1536
06-11 23:49:08.936 D/CCodecBuffers( 9075): [c2.android.aac.decoder#982:1D-Input.Impl[N]] codec released a buffer owned by client (index 2)
06-11 23:49:08.942 D/CCodecBuffers( 9075): [c2.android.aac.decoder#982:1D-Input.Impl[N]] codec released a buffer owned by client (index 0)
06-11 23:49:08.954 D/CCodecBuffers( 9075): [c2.android.aac.decoder#982:1D-Input.Impl[N]] codec released a buffer owned by client (index 0)
06-11 23:49:08.958 D/CCodecBuffers( 9075): [c2.android.aac.decoder#982:1D-Input.Impl[N]] codec released a buffer owned by client (index 1)
06-11 23:49:08.976 D/AudioTrack( 9075): getTimestamp_l(204): device stall time corrected using current time 11780129283990
06-11 23:49:08.988 D/stbdpc  (  397): STB_DPGetNumPaths[570]: num_paths: 1
06-11 23:49:09.019 I/.startv.hotsta( 9075): oneway function results will be dropped but finished with status OK and parcel size 4
06-11 23:49:09.021 I/e.swalekh.abct( 1359): oneway function results will be dropped but finished with status OK and parcel size 4
06-11 23:49:09.035 V/DigitalSignage(  633): Package Name: null
06-11 23:49:09.036 V/DigitalSignage(  633): Left: 0
06-11 23:49:09.036 V/DigitalSignage(  633): Right: 0
06-11 23:49:09.036 V/DigitalSignage(  633): Top: 0
06-11 23:49:09.036 V/DigitalSignage(  633): Bottom: 0
06-11 23:49:09.036 D/DigitalSignage(  633): else - Package Name :: null left : 0 right :: 0 top :: 0 bottom :: 0 dfu-right :: 1920 dfu-bottom :: 1080
06-11 23:49:09.041 D/JioSTBMRServer-SERVICE( 3589): InetSocketAddress(InetAddress.getByName(inetAddress.hostAddress)-/192.168.1.255
06-11 23:49:09.041 D/JioSTBMRServer-SERVICE( 3589): #beacon:RKISBFJ60000097:0:false:0:1:SV=181024 , 192.168.1.255
06-11 23:49:09.060 D/JioSTBMRServer-SERVICE( 3589): InetSocketAddress(InetAddress.getByName(inetAddress.hostAddress)-/192.168.1.255
06-11 23:49:09.060 D/JioSTBMRServer-SERVICE( 3589): #broadcast IP:192.168.1.255
06-11 23:49:09.064 D/[423   ] JioAccount-ADC( 2131): com.jio.adc.core.b$3 run> Unbinding
06-11 23:49:09.073 D/memtrack_aml(  363): sysfs path
06-11 23:49:09.088 D/stbdpc  (  397): STB_DPGetNumPaths[570]: num_paths: 1
06-11 23:49:09.097 D/memtrack_aml(  363): sysfs path
06-11 23:49:09.188 D/stbdpc  (  397): STB_DPGetNumPaths[570]: num_paths: 1
06-11 23:49:09.202 W/APM::AudioPolicyEngine(  387): getDevicesForStrategy() unknown strategy: -1
06-11 23:49:09.202 I/system_server(  633): oneway function results will be dropped but finished with status OK and parcel size 4
06-11 23:49:09.202 W/APM::AudioPolicyEngine(  387): getDevicesForStrategy() unknown strategy: -1
06-11 23:49:09.202 W/APM::AudioPolicyEngine(  387): getDevicesForStrategy() unknown strategy: -1
06-11 23:49:09.289 D/stbdpc  (  397): STB_DPGetNumPaths[570]: num_paths: 1
06-11 23:49:09.303 I/.startv.hotsta( 9075): NativeAlloc concurrent copying GC freed 128955(11MB) AllocSpace objects, 84(2440KB) LOS objects, 49% free, 23MB/47MB, paused 235us total 501.385ms
06-11 23:49:09.342 D/SurfaceUtils( 9075): connecting to surface 0xbd2ca808, reason connectToSurface
06-11 23:49:09.343 I/MediaCodec( 9075): [OMX.amlogic.hevc.decoder.awesome2] setting surface generation to 9292802
06-11 23:49:09.343 D/SurfaceUtils( 9075): disconnecting from surface 0xbd2ca808, reason connectToSurface(reconnect)
06-11 23:49:09.343 D/dvb_iptv(  397): ReadEmmNetworkTask[1537]: EMM Select Timeout Occured 51
06-11 23:49:09.344 D/SurfaceUtils( 9075): connecting to surface 0xbd2ca808, reason connectToSurface(reconnect)
06-11 23:49:09.346 V/OmxVideoDecoder(  474): updatePort mUseNativeBuffers 1
06-11 23:49:09.346 V/OmxVideoDecoder(  474): nWidth=1920,nHeight=1080, nMinbufs=0
06-11 23:49:09.346 I/OmxVideoDecoder(  474): getParameter Component Name OMX.amlogic.hevc.decoder.awesome2, width 1920, height 1080 nBufferCountMin:8
06-11 23:49:09.346 D/OmxComponent(  474): getExtensionIndex 1237 name="OMX.google.android.index.AndroidNativeBufferConsumerUsage"
06-11 23:49:09.347 D/OmxVideoDecoder(  474): setParameter 1599 0x7f00000b
06-11 23:49:09.347 D/OmxVideoDecoder(  474): OMX_GoogleAndroidIndexAndroidNativeBufferConsumerUsage 0x900
06-11 23:49:09.348 D/OmxComponent(  474): getExtensionIndex 1237 name="OMX.google.android.index.getAndroidNativeBufferUsage"
06-11 23:49:09.348 D/OmxVideoDecoder(  474): Get NativeBufferUsage 0xc00200
06-11 23:49:09.349 D/SurfaceUtils( 9075): set up nativeWindow 0xbd2ca808 for 1920x1080, color 0x11, rotation 0, usage 0xc02b00
06-11 23:49:09.353 W/gralloc4(  393): Buffer descriptor with invalid usage bits 0x2000
06-11 23:49:09.353 W/gralloc4(  393): Buffer descriptor with invalid usage bits 0x2000
06-11 23:49:09.370 I/[11780.523260@3]  VID(    0): VD1 off
06-11 23:49:09.373 I/[11780.523425@3]  vc(    0): [0]vc: set enable index=0, val=1
06-11 23:49:09.373 I/        (    0): [11780.523447@3]  dev->index =0, val=2
06-11 23:49:09.373 I/[11780.523450@3]  VID(    0): VD1 off
06-11 23:49:09.373 I/[11780.523456@3]  VID(    0): VD1 set global output as 1
06-11 23:49:09.373 I/[11780.523484@3]  VID(    0): store VD0 path_id changed -1->2
06-11 23:49:09.373 I/[11780.523503@3]  vc(    0): [0]sideband_type =-1
06-11 23:49:09.355 D/ltts_ip_emm(  397): LTTS_IP_DMXStartEMM[381]: parse_emm_cat_status failed
06-11 23:49:09.355 W/gralloc4(  393): Buffer descriptor with invalid usage bits 0x2000
06-11 23:49:09.358 I/chatty  (  393): uid=1000(system) Binder:393_4 identical 4 lines
06-11 23:49:09.359 W/gralloc4(  393): Buffer descriptor with invalid usage bits 0x2000
06-11 23:49:09.359 D/SurfaceUtils( 9075): disconnecting from surface 0xbd2c7008, reason disconnectFromSurface
06-11 23:49:09.359 E/Surface ( 9075): freeAllBuffers: 8 buffers were freed while being dequeued!
06-11 23:49:09.369 D/MesonHwc(  360): VideoComposerDev (10) set (1).
06-11 23:49:09.375 W/gralloc4( 9075): Buffer descriptor with invalid usage bits 0x2000
06-11 23:49:09.376 W/gralloc4(  474): Buffer descriptor with invalid usage bits 0x2000
06-11 23:49:09.376 D/AmlogicVideoDecoderAwesome2(  474): [133]"======setOutputBuf, line 1298=======:8, 0x0, fd:70"
06-11 23:49:09.376 I/VideoDecWraper(  474): importBufferForPicture:8
06-11 23:49:09.376 D/VideoDecWraper(  474): outbuf color format NV21
06-11 23:49:09.376 I/V4l2Adaptor(  474): importBufferForPicture pictureBufferId 8, dmabufFd 27, metaFd 28
06-11 23:49:09.376 I/V4l2Adaptor(  474): onImportBufferForPicture pictureBufferId 8, dmabufFd 27, metaFd 28, plane size 1
06-11 23:49:09.377 I/V4l2Adaptor(  474): onImportBufferForPicture addr 0x0, stride 0, offset 0, size 0
06-11 23:49:09.377 I/VDA     (  474): [0] "ImportBufferForPicture picture_buffer_id 8\n"
06-11 23:49:09.377 I/VDA     (  474): [0] "ImportBufferForPictureTask dmabuf_fds 27\n"
06-11 23:49:09.384 D/rtk_heartbeat(  349): heartbeat_timed_out: heartbeatCmdCount = 11757, expected nextSeqNum = 11757
06-11 23:49:09.384 D/SystemControl(  346): [CPQControl]:onVframeSizeChange: event value = 23(0x17)!
06-11 23:49:09.385 D/SystemControl(  346): [CPQControl]:isBootvideoStopped: bootvideo enable value is 0050!
06-11 23:49:09.385 D/SystemControl(  346): [CPQControl]:isBootvideoStopped: bootvideo don't enable!
06-11 23:49:09.385 D/SystemControl(  346): [CPQControl]:onVframeSizeChange: sig_fmt = 0x40a(1034).
06-11 23:49:09.385 D/SystemControl(  346): [CPQControl]:SetCurrentSourceInputInfo: param_check_source_enable = 1!
06-11 23:49:09.385 D/SystemControl(  346): [CPQControl]:SetCurrentSourceInputInfo:new source info: source=10,sigFmt=1034(0x40a),hdrType=6
06-11 23:49:09.385 D/SystemControl(  346): [CPQControl]:SetCurrentSourceInputInfo: mCurrentHdrType is 6, hdrStatus is 0!
06-11 23:49:09.385 D/SystemControl(  346): [CPQControl]:CheckOutPutMode: current output mode is 1080p60hz!
06-11 23:49:09.385 D/SystemControl(  346): [CPQControl]:CheckOutPutMode: outputFrameHeight: 1080!
06-11 23:49:09.385 D/SystemControl(  346): [CPQControl]:Cpq_GetInputVideoFrameHeight: inputFrameHeight is 1080!
06-11 23:49:09.385 D/SystemControl(  346): [CPQControl]:CheckOutPutMode: output mode is 13!
06-11 23:49:09.385 D/rtk_heartbeat(  349): rtkbt_heartbeat_cmpl_cback: Current SeqNum = 11757,should SeqNum=11757, status = 0
06-11 23:49:09.386 D/AmlogicVideoDecoderAwesome2(  474): Calculate duration from pts is 40000
06-11 23:49:09.385 D/SystemControl(  346): [CPQControl]:SetCurrentSourceInputInfo: same signal, no need set!
06-11 23:49:09.386 D/SystemControl(  346): [CPQControl]:onVframeSizeChange: send hdr event,info is 6.!
06-11 23:49:09.387 D/JioServiceSysCtrlEvent( 1856): notifyHdrInfoChangedCallback newHdrInfo:6
06-11 23:49:09.389 D/stbdpc  (  397): STB_DPGetNumPaths[570]: num_paths: 1
06-11 23:49:09.432 D/JioStbInactivityTimer(  926): Timer: count 32 warningTimeout:10680 timeout:10800
06-11 23:49:09.433 D/JioStbInactivityTimer(  926): isUserActive: Curr:11746705 Prev:11746705
06-11 23:49:09.489 D/stbdpc  (  397): STB_DPGetNumPaths[570]: num_paths: 1
06-11 23:49:09.574 I/thermal2(  367): Sending notification:  Type: CPU Name: soc_thermal CurrentValue: 66.4 ThrottlingStatus: LIGHT
06-11 23:49:09.576 I/ThermalService(  969): CPU temperatures: [66.4]
06-11 23:49:09.589 D/stbdpc  (  397): STB_DPGetNumPaths[570]: num_paths: 1
06-11 23:49:09.689 I/chatty  (  397): uid=0(root) DK-SiCntrl identical 1 line
06-11 23:49:09.790 D/stbdpc  (  397): STB_DPGetNumPaths[570]: num_paths: 1
06-11 23:49:09.843 D/dvb_iptv(  397): ReadEmmNetworkTask[1537]: EMM Select Timeout Occured 52
06-11 23:49:09.890 D/stbdpc  (  397): STB_DPGetNumPaths[570]: num_paths: 1
06-11 23:49:09.935 I/appium  ( 9011): The following attributes will be included to the page source: [resource-id]
06-11 23:49:09.990 D/stbdpc  (  397): STB_DPGetNumPaths[570]: num_paths: 1
06-11 23:49:10.090 I/chatty  (  397): uid=0(root) DK-SiCntrl identical 1 line
06-11 23:49:10.190 D/stbdpc  (  397): STB_DPGetNumPaths[570]: num_paths: 1
06-11 23:49:10.206 I/appium  ( 9011): Took 0ms to retrieve 8 matches for '//android.widget.TextView[@resource-id='in.startv.hotstar:id/tv_title']' XPath2 query
06-11 23:49:10.212 I/appium  ( 9011): Caching 8 found elements
06-11 23:49:10.227 I/appium  ( 9011): Cached 8 elements
06-11 23:49:10.234 I/appium  ( 9011): AppiumResponse: {"sessionId":"ae4e3482-26f1-4dd3-bc89-efecf2b12087","value":[{"ELEMENT":"00000000-0000-0113-ffff-ffff00000022","element-6066-11e4-a52e-4f735466cecf":"00000000-0000-0113-ffff-ffff00000022"},{"ELEMENT":"00000000-0000-0113-ffff-ffff00000027","element-6066-11e4-a52e-4f735466cecf":"00000000-0000-0113-fff
06-11 23:49:10.268 I/appium  ( 9011): channel read: GET /session/ae4e3482-26f1-4dd3-bc89-efecf2b12087/element/00000000-0000-0113-ffff-ffff00000022/attribute/displayed
06-11 23:49:10.270 I/appium  ( 9011): GetElementAttribute command
06-11 23:49:10.285 I/appium  ( 9011): AppiumResponse: {"sessionId":"ae4e3482-26f1-4dd3-bc89-efecf2b12087","value":"true"}
06-11 23:49:10.290 D/stbdpc  (  397): STB_DPGetNumPaths[570]: num_paths: 1
06-11 23:49:10.307 I/appium  ( 9011): channel read: GET /session/ae4e3482-26f1-4dd3-bc89-efecf2b12087/element/00000000-0000-0113-ffff-ffff00000027/attribute/displayed
06-11 23:49:10.308 I/appium  ( 9011): GetElementAttribute command
06-11 23:49:10.317 I/appium  ( 9011): AppiumResponse: {"sessionId":"ae4e3482-26f1-4dd3-bc89-efecf2b12087","value":"true"}
06-11 23:49:10.338 I/appium  ( 9011): channel read: GET /session/ae4e3482-26f1-4dd3-bc89-efecf2b12087/element/00000000-0000-0113-ffff-ffff0000002c/attribute/displayed
06-11 23:49:10.339 I/appium  ( 9011): GetElementAttribute command
06-11 23:49:10.343 D/dvb_iptv(  397): ReadEmmNetworkTask[1537]: EMM Select Timeout Occured 53
06-11 23:49:10.348 I/appium  ( 9011): AppiumResponse: {"sessionId":"ae4e3482-26f1-4dd3-bc89-efecf2b12087","value":"true"}
06-11 23:49:10.371 I/appium  ( 9011): channel read: GET /session/ae4e3482-26f1-4dd3-bc89-efecf2b12087/element/00000000-0000-0113-ffff-ffff00000031/attribute/displayed
06-11 23:49:10.372 I/appium  ( 9011): GetElementAttribute command
06-11 23:49:10.382 I/appium  ( 9011): AppiumResponse: {"sessionId":"ae4e3482-26f1-4dd3-bc89-efecf2b12087","value":"true"}
06-11 23:49:10.384 D/rtk_heartbeat(  349): heartbeat_timed_out: heartbeatCmdCount = 11758, expected nextSeqNum = 11758
06-11 23:49:10.386 D/rtk_heartbeat(  349): rtkbt_heartbeat_cmpl_cback: Current SeqNum = 11758,should SeqNum=11758, status = 0
06-11 23:49:10.391 D/stbdpc  (  397): STB_DPGetNumPaths[570]: num_paths: 1
06-11 23:49:10.408 I/appium  ( 9011): channel read: GET /session/ae4e3482-26f1-4dd3-bc89-efecf2b12087/element/00000000-0000-0113-ffff-ffff00000036/attribute/displayed
06-11 23:49:10.409 I/appium  ( 9011): GetElementAttribute command
06-11 23:49:10.419 I/appium  ( 9011): AppiumResponse: {"sessionId":"ae4e3482-26f1-4dd3-bc89-efecf2b12087","value":"true"}
06-11 23:49:10.432 D/JioStbInactivityTimer(  926): Timer: count 33 warningTimeout:10680 timeout:10800
06-11 23:49:10.432 D/JioStbInactivityTimer(  926): isUserActive: Curr:11746705 Prev:11746705
06-11 23:49:10.451 I/appium  ( 9011): channel read: GET /session/ae4e3482-26f1-4dd3-bc89-efecf2b12087/element/00000000-0000-0113-ffff-ffff0000003b/attribute/displayed
06-11 23:49:10.453 I/appium  ( 9011): GetElementAttribute command
06-11 23:49:10.465 I/appium  ( 9011): AppiumResponse: {"sessionId":"ae4e3482-26f1-4dd3-bc89-efecf2b12087","value":"true"}
06-11 23:49:10.491 D/stbdpc  (  397): STB_DPGetNumPaths[570]: num_paths: 1
06-11 23:49:10.494 I/appium  ( 9011): channel read: GET /session/ae4e3482-26f1-4dd3-bc89-efecf2b12087/element/00000000-0000-0113-ffff-ffff00000040/attribute/displayed
06-11 23:49:10.495 I/appium  ( 9011): GetElementAttribute command
06-11 23:49:10.507 I/appium  ( 9011): AppiumResponse: {"sessionId":"ae4e3482-26f1-4dd3-bc89-efecf2b12087","value":"true"}
06-11 23:49:10.535 I/appium  ( 9011): channel read: GET /session/ae4e3482-26f1-4dd3-bc89-efecf2b12087/element/00000000-0000-0113-ffff-ffff00000045/attribute/displayed
06-11 23:49:10.536 I/appium  ( 9011): GetElementAttribute command
06-11 23:49:10.548 I/appium  ( 9011): AppiumResponse: {"sessionId":"ae4e3482-26f1-4dd3-bc89-efecf2b12087","value":"true"}
06-11 23:49:10.575 I/appium  ( 9011): channel read: GET /session/ae4e3482-26f1-4dd3-bc89-efecf2b12087/element/00000000-0000-0113-ffff-ffff00000022/text
06-11 23:49:10.577 I/appium  ( 9011): GetText command
06-11 23:49:10.589 I/appium  ( 9011): AppiumResponse: {"sessionId":"ae4e3482-26f1-4dd3-bc89-efecf2b12087","value":"Home"}
06-11 23:49:10.591 D/stbdpc  (  397): STB_DPGetNumPaths[570]: num_paths: 1
06-11 23:49:10.617 I/appium  ( 9011): channel read: GET /session/ae4e3482-26f1-4dd3-bc89-efecf2b12087/element/00000000-0000-0113-ffff-ffff00000027/text
06-11 23:49:10.619 I/appium  ( 9011): GetText command
06-11 23:49:10.629 I/appium  ( 9011): AppiumResponse: {"sessionId":"ae4e3482-26f1-4dd3-bc89-efecf2b12087","value":"Search"}
06-11 23:49:10.658 I/appium  ( 9011): channel read: POST /session/ae4e3482-26f1-4dd3-bc89-efecf2b12087/element/00000000-0000-0113-ffff-ffff00000027/click
06-11 23:49:10.660 I/appium  ( 9011): Click command
06-11 23:49:10.675 F/linker  ( 9276): CANNOT LINK EXECUTABLE "/system/bin/smartcable/smartCableSTBApp": library "libmosquitto.so" not found: needed by main executable
06-11 23:49:10.686 D/InputDispatcher(  633): injectInputEvent - eventType=2, injectorPid=8996, injectorUid=0, syncMode=0, timeout=30000, policyFlags=0x08000000
06-11 23:49:10.686 D/InputDispatcher(  633): injectInputEvent - Finished with result 0. injectorPid=8996, injectorUid=0
06-11 23:49:10.687 D/InputDispatcher(  633): Setting input event injection result to 0.  injectorPid=8996, injectorUid=0
06-11 23:49:10.687 V/InputDispatcher(  633): Asynchronous input event injection succeeded.
06-11 23:49:10.688 I/android.hardware.power-service.libperfmgr(  366): Power setBoost: INTERACTION duration: 0
06-11 23:49:10.688 I/libperfmgr(  366): Do Powerhint: INTERACTION
06-11 23:49:10.688 I/android.hardware.power-service.libperfmgr(  366): Power setBoost: INTERACTION duration: 0
06-11 23:49:10.689 I/libperfmgr(  366): Do Powerhint: INTERACTION
06-11 23:49:10.691 D/stbdpc  (  397): STB_DPGetNumPaths[570]: num_paths: 1
06-11 23:49:10.700 D/InputDispatcher(  633): injectInputEvent - eventType=2, injectorPid=8996, injectorUid=0, syncMode=0, timeout=30000, policyFlags=0x08000000
06-11 23:49:10.700 D/InputDispatcher(  633): injectInputEvent - Finished with result 0. injectorPid=8996, injectorUid=0
06-11 23:49:10.701 D/InputDispatcher(  633): Setting input event injection result to 0.  injectorPid=8996, injectorUid=0
06-11 23:49:10.701 V/InputDispatcher(  633): Asynchronous input event injection succeeded.
06-11 23:49:10.729 W/GestureController( 9011): Gestures took longer than expected (55ms >> 16ms), device might be in a busy state.
06-11 23:49:10.730 I/appium  ( 9011): Waiting up to 10000ms for the device to idle
06-11 23:49:10.792 D/stbdpc  (  397): STB_DPGetNumPaths[570]: num_paths: 1
06-11 23:49:10.844 D/dvb_iptv(  397): ReadEmmNetworkTask[1537]: EMM Select Timeout Occured 54
06-11 23:49:10.892 D/stbdpc  (  397): STB_DPGetNumPaths[570]: num_paths: 1
06-11 23:49:10.992 I/chatty  (  397): uid=0(root) DK-SiCntrl identical 1 line
06-11 23:49:11.092 D/stbdpc  (  397): STB_DPGetNumPaths[570]: num_paths: 1
06-11 23:49:11.098 I/.startv.hotsta( 9075): oneway function results will be dropped but finished with status OK and parcel size 4
06-11 23:49:11.101 I/e.swalekh.abct( 1359): oneway function results will be dropped but finished with status OK and parcel size 4
06-11 23:49:11.107 D/JioSTBMRServer-SERVICE( 3589): InetSocketAddress(InetAddress.getByName(inetAddress.hostAddress)-/192.168.1.255
06-11 23:49:11.107 D/JioSTBMRServer-SERVICE( 3589): #beacon:RKISBFJ60000097:0:false:0:1:SV=181024 , 192.168.1.255
06-11 23:49:11.113 D/JioSTBMRServer-SERVICE( 3589): InetSocketAddress(InetAddress.getByName(inetAddress.hostAddress)-/192.168.1.255
06-11 23:49:11.113 D/JioSTBMRServer-SERVICE( 3589): #broadcast IP:192.168.1.255
06-11 23:49:11.192 D/stbdpc  (  397): STB_DPGetNumPaths[570]: num_paths: 1
06-11 23:49:11.292 D/stbdpc  (  397): STB_DPGetNumPaths[570]: num_paths: 1
06-11 23:49:11.344 D/dvb_iptv(  397): ReadEmmNetworkTask[1537]: EMM Select Timeout Occured 55
06-11 23:49:11.355 D/ltts_ip_emm(  397): LTTS_IP_DMXStartEMM[381]: parse_emm_cat_status failed
06-11 23:49:11.385 D/rtk_heartbeat(  349): heartbeat_timed_out: heartbeatCmdCount = 11759, expected nextSeqNum = 11759
06-11 23:49:11.386 D/rtk_heartbeat(  349): rtkbt_heartbeat_cmpl_cback: Current SeqNum = 11759,should SeqNum=11759, status = 0
06-11 23:49:11.393 D/stbdpc  (  397): STB_DPGetNumPaths[570]: num_paths: 1
06-11 23:49:11.404 I/appium  ( 9011): AppiumResponse: {"sessionId":"ae4e3482-26f1-4dd3-bc89-efecf2b12087","value":null}
06-11 23:49:11.433 D/JioStbInactivityTimer(  926): Timer: count 34 warningTimeout:10680 timeout:10800
06-11 23:49:11.433 D/JioStbInactivityTimer(  926): isUserActive: Curr:11746705 Prev:11746705
06-11 23:49:11.453 I/appium  ( 9011): channel read: GET /session/ae4e3482-26f1-4dd3-bc89-efecf2b12087/element/00000000-0000-0113-ffff-ffff00000027/text
06-11 23:49:11.454 I/appium  ( 9011): GetText command
06-11 23:49:11.464 I/appium  ( 9011): AppiumResponse: {"sessionId":"ae4e3482-26f1-4dd3-bc89-efecf2b12087","value":"Search"}
06-11 23:49:11.488 E/WifiVendorHal(  633): getWifiLinkLayerStats_1_3_Internal(l.973) failed {.code = ERROR_UNKNOWN, .description = unknown error}
06-11 23:49:11.493 D/stbdpc  (  397): STB_DPGetNumPaths[570]: num_paths: 1
06-11 23:49:11.495 I/appium  ( 9011): channel read: POST /session/ae4e3482-26f1-4dd3-bc89-efecf2b12087/appium/device/press_keycode
06-11 23:49:11.497 I/appium  ( 9011): PressKeyCode command
06-11 23:49:11.497 I/appium  ( 9011): Calling PressKeyCode... 
06-11 23:49:11.502 D/UiDevice( 9011): Pressing keycodes [66] with modifier 0.
06-11 23:49:11.520 D/InputDispatcher(  633): injectInputEvent - eventType=1, injectorPid=8996, injectorUid=0, syncMode=2, timeout=30000, policyFlags=0x08000000
06-11 23:49:11.520 D/WindowManager(  633): interceptKeyTq keycode=66 interactive=true keyguardActive=false policyFlags=2b000000
06-11 23:49:11.521 D/WindowManager(  633): CloudPC is in NOT in foreground
06-11 23:49:11.521 D/WindowManager(  633): isKeyNeedsToPassToJioCloudPC :: NO
06-11 23:49:11.522 I/android.hardware.power-service.libperfmgr(  366): Power setBoost: INTERACTION duration: 0
06-11 23:49:11.522 I/libperfmgr(  366): Do Powerhint: INTERACTION
06-11 23:49:11.522 I/android.hardware.power-service.libperfmgr(  366): Power setBoost: INTERACTION duration: 0
06-11 23:49:11.522 I/libperfmgr(  366): Do Powerhint: INTERACTION
06-11 23:49:11.522 D/WindowManager(  633): interceptKeyTi keyCode=66 down=true repeatCount=0 keyguardOn=false canceled=false
06-11 23:49:11.522 D/WindowManager(  633): CloudPC is in NOT in foreground
06-11 23:49:11.522 D/WindowManager(  633): isKeyNeedsToPassToJioCloudPC :: NO
06-11 23:49:11.522 D/GlobalKeyManager(  633): KeyEvent { action=ACTION_DOWN, keyCode=KEYCODE_ENTER, scanCode=0, metaState=0, flags=0x0, repeatCount=0, eventTime=11782655, downTime=11782655, deviceId=-1, source=0x101, displayId=-1 }
06-11 23:49:11.523 D/InputDispatcher(  633): Setting input event injection result to 0.  injectorPid=8996, injectorUid=0
06-11 23:49:11.524 D/InputDispatcher(  633): injectInputEvent - Waiting for 1 pending foreground dispatches.
06-11 23:49:11.526 D/InputDispatcher(  633): injectInputEvent - Finished with result 0. injectorPid=8996, injectorUid=0
06-11 23:49:11.528 D/InputDispatcher(  633): injectInputEvent - eventType=1, injectorPid=8996, injectorUid=0, syncMode=2, timeout=30000, policyFlags=0x08000000
06-11 23:49:11.528 D/WindowManager(  633): interceptKeyTq keycode=66 interactive=true keyguardActive=false policyFlags=2b000000
06-11 23:49:11.528 D/WindowManager(  633): CloudPC is in NOT in foreground
06-11 23:49:11.528 D/WindowManager(  633): isKeyNeedsToPassToJioCloudPC :: NO
06-11 23:49:11.529 D/WindowManager(  633): interceptKeyTi keyCode=66 down=false repeatCount=0 keyguardOn=false canceled=false
06-11 23:49:11.529 D/WindowManager(  633): CloudPC is in NOT in foreground
06-11 23:49:11.529 D/WindowManager(  633): isKeyNeedsToPassToJioCloudPC :: NO
06-11 23:49:11.529 D/GlobalKeyManager(  633): KeyEvent { action=ACTION_UP, keyCode=KEYCODE_ENTER, scanCode=0, metaState=0, flags=0x0, repeatCount=0, eventTime=11782655, downTime=11782655, deviceId=-1, source=0x101, displayId=-1 }
06-11 23:49:11.529 D/InputDispatcher(  633): Setting input event injection result to 0.  injectorPid=8996, injectorUid=0
06-11 23:49:11.533 D/InputDispatcher(  633): injectInputEvent - Waiting for 1 pending foreground dispatches.
06-11 23:49:11.534 D/InputDispatcher(  633): injectInputEvent - Finished with result 0. injectorPid=8996, injectorUid=0
06-11 23:49:11.556 I/appium  ( 9011): AppiumResponse: {"sessionId":"ae4e3482-26f1-4dd3-bc89-efecf2b12087","value":null}
06-11 23:49:11.571 I/system_server(  633): oneway function results will be dropped but finished with status OK and parcel size 4
06-11 23:49:11.574 I/MediaFocusControl(  633): abandonAudioFocus() from uid/pid 10072/9075 clientId=android.media.AudioManager@9f78ba0g2.b$a@8b16359
06-11 23:49:11.575 I/OmxComponent(  474): OMX_CommandFlush 850 Cmd 0x1 nParam1 0xffffffff
06-11 23:49:11.575 I/OmxComponent(  474): OMX.amlogic.hevc.decoder.awesome2: flush input
06-11 23:49:11.575 V/AmlogicVideoDecoderAwesome2(  474): [133]flushInput:978 >
06-11 23:49:11.575 V/OMX_WorkerPeer(  474): vendor/amlogic/common/omx/omx_framework/WorkerPeer.cpp:flushInput:57 --------------------
06-11 23:49:11.575 V/AmlogicVideoDecoderAwesome2(  474): [133]pause:333 >
06-11 23:49:11.575 V/AmlogicVideoDecoderAwesome2(  474): [133]reset:381 >
06-11 23:49:11.575 D/AmlogicVideoDecoderAwesome2(  474): [133]"reset_1"
06-11 23:49:11.578 I/[11782.730291@2]  [amlv4l](    0): [239]: reset mode: 1, es frames buffering: 30
06-11 23:49:11.578 D/[11782.730456@2]  [h265](    0): [0]h265:pts_unstable=0
06-11 23:49:11.578 D/[11782.730464@2]  [h265](    0): [0]h265: ver (201602101,0) decinfo: 0x0 rate=3840
06-11 23:49:11.575 D/VideoDecWraper(  474): reset
06-11 23:49:11.575 I/AmVideoDec(  474): [0] "reset\n"
06-11 23:49:11.575 I/VDA     (  474): [0] "Reset\n"
06-11 23:49:11.576 I/VDA     (  474): [0] "ResetTask\n"
06-11 23:49:11.576 I/VDA     (  474): [0] "FinishReset\n"
06-11 23:49:11.576 I/VDA     (  474): [0] "StopDevicePoll\n"
06-11 23:49:11.576 I/VDA     (  474): [0] "StopOutputStream output_buffer_map_.size() 12\n"
06-11 23:49:11.576 I/VDA     (  474): [0] "----stop output VIDIOC_STREAMOFF----\n"
06-11 23:49:11.588 I/VDA     (  474): [0] "Stop[0] state 3\n"
06-11 23:49:11.588 I/VDA     (  474): [0] "Stop[1] state 1\n"
06-11 23:49:11.588 I/VDA     (  474): [0] "Stop[2] state 1\n"
06-11 23:49:11.588 I/VDA     (  474): [0] "Stop[3] state 3\n"
06-11 23:49:11.588 I/VDA     (  474): [0] "Stop[4] state 3\n"
06-11 23:49:11.588 I/VDA     (  474): [0] "Stop[5] state 3\n"
06-11 23:49:11.588 I/VDA     (  474): [0] "Stop[6] state 3\n"
06-11 23:49:11.588 I/VDA     (  474): [0] "Stop[7] state 1\n"
06-11 23:49:11.588 I/VDA     (  474): [0] "Stop[8] state 1\n"
06-11 23:49:11.588 I/VDA     (  474): [0] "Stop[9] state 3\n"
06-11 23:49:11.588 I/VDA     (  474): [0] "Stop[10] state 3\n"
06-11 23:49:11.591 I/[11782.742329@2]  [amlv4l](    0): [239]: reset mode: 1, es frames buffering: 0
06-11 23:49:11.588 I/VDA     (  474): [0] "Stop[11] state 3\n"
06-11 23:49:11.588 I/VDA     (  474): [0] "StopInputStream input_streamon 1, input_buffer_map_.size 3\n"
06-11 23:49:11.591 I/ThermalService(  969): CPU temperatures: [65.0]
06-11 23:49:11.593 D/stbdpc  (  397): STB_DPGetNumPaths[570]: num_paths: 1
06-11 23:49:11.596 I/VDA     (  474): [0] "----stop input VIDIOC_STREAMOFF----\n"
06-11 23:49:11.596 I/VDA     (  474): [0] "SendPictureReady\n"
06-11 23:49:11.597 D/[11782.742413@2]  [h265](    0): [0]h265:pts_unstable=0
06-11 23:49:11.597 D/[11782.742418@2]  [h265](    0): [0]h265: ver (201602101,0) decinfo: 0x0 rate=3840
06-11 23:49:11.596 I/VDA     (  474): [0] "post ResetDoneTask\n"
06-11 23:49:11.596 I/VDA     (  474): [0] "ResetDoneTask\n"
06-11 23:49:11.596 I/VDA     (  474): [0] "StartDevicePoll\n"
06-11 23:49:11.596 I/VDA     (  474): [0] "NotifyResetDone\n"
06-11 23:49:11.596 I/AmVideoDec(  474): [0] "notifyResetDone\n"
06-11 23:49:11.596 V/AmlogicVideoDecoderAwesome2(  474): [133]NotifyResetDone:2116 >
06-11 23:49:11.597 D/AmlogicVideoDecoderAwesome2(  474): [133]"reset_2"
06-11 23:49:11.597 V/AmlogicVideoDecoderAwesome2(  474): [133]start:341 >
06-11 23:49:11.597 E/ThreadWorker(  474): pthread on exit wait clean
06-11 23:49:11.597 D/AmlogicVideoDecoderAwesome2(  474): [133]"mVideo start\n"
06-11 23:49:11.597 V/AmlogicVideoDecoderAwesome2(  474): [133]flushInput:1018 >
06-11 23:49:11.597 I/OmxComponent(  474): OMX.amlogic.hevc.decoder.awesome2: flush output
06-11 23:49:11.597 V/AmlogicVideoDecoderAwesome2(  474): [133]flushOutput:1021 >
06-11 23:49:11.597 D/AmlogicVideoDecoderAwesome2(  474): [133]"__flushOutput__fillBufferDone:1 0xf23d4040\n"
06-11 23:49:11.597 D/AmlogicVideoDecoderAwesome2(  474): [133]"__flushOutput__fillBufferDone:2 0xf23d3ff0\n"
06-11 23:49:11.597 D/AmlogicVideoDecoderAwesome2(  474): [133]"__flushOutput__fillBufferDone:7 0xf23d3f00\n"
06-11 23:49:11.597 D/AmlogicVideoDecoderAwesome2(  474): [133]"__flushOutput__fillBufferDone:8 0xf23d3eb0\n"
06-11 23:49:11.597 V/AmlogicVideoDecoderAwesome2(  474): [133]flushOutput:1098 >
06-11 23:49:11.597 V/OMX_WorkerPeer(  474): vendor/amlogic/common/omx/omx_framework/WorkerPeer.cpp:runWorkerStatic:155 --------------------
06-11 23:49:11.597 V/OMX_WorkerPeer(  474): vendor/amlogic/common/omx/omx_framework/WorkerPeer.cpp:runWorker:161 --------------------
06-11 23:49:11.601 I/CCodecConfig( 9075): query failed after returning 19 values (BAD_INDEX)
06-11 23:49:11.602 D/CCodecConfig( 9075): c2 config diff is   c2::i32 coding.drc.compression-mode.value = 3
06-11 23:49:11.605 W/Codec2Client( 9075): query -- param skipped: index = 1342179345.
06-11 23:49:11.605 W/Codec2Client( 9075): query -- param skipped: index = 2415921170.
06-11 23:49:11.605 W/Codec2Client( 9075): query -- param skipped: index = 1610614798.
06-11 23:49:11.606 I/VDA     (  474): [0] "----enqueue output STREAMON----\n"
06-11 23:49:11.607 D/SurfaceUtils( 9075): connecting to surface 0xbd2cc408, reason connectToSurface
06-11 23:49:11.608 I/MediaCodec( 9075): [OMX.amlogic.hevc.decoder.awesome2] setting surface generation to 9292803
06-11 23:49:11.608 D/SurfaceUtils( 9075): disconnecting from surface 0xbd2cc408, reason connectToSurface(reconnect)
06-11 23:49:11.608 D/SurfaceUtils( 9075): connecting to surface 0xbd2cc408, reason connectToSurface(reconnect)
06-11 23:49:11.608 V/OmxVideoDecoder(  474): updatePort mUseNativeBuffers 1
06-11 23:49:11.608 V/OmxVideoDecoder(  474): nWidth=1920,nHeight=1080, nMinbufs=0
06-11 23:49:11.608 I/OmxVideoDecoder(  474): getParameter Component Name OMX.amlogic.hevc.decoder.awesome2, width 1920, height 1080 nBufferCountMin:8
06-11 23:49:11.609 D/OmxComponent(  474): getExtensionIndex 1237 name="OMX.google.android.index.AndroidNativeBufferConsumerUsage"
06-11 23:49:11.609 D/OmxVideoDecoder(  474): setParameter 1599 0x7f00000b
06-11 23:49:11.609 D/OmxVideoDecoder(  474): OMX_GoogleAndroidIndexAndroidNativeBufferConsumerUsage 0x900
06-11 23:49:11.610 D/OmxComponent(  474): getExtensionIndex 1237 name="OMX.google.android.index.getAndroidNativeBufferUsage"
06-11 23:49:11.610 D/OmxVideoDecoder(  474): Get NativeBufferUsage 0xc00200
06-11 23:49:11.610 D/SurfaceUtils( 9075): set up nativeWindow 0xbd2cc408 for 1920x1080, color 0x11, rotation 0, usage 0xc02b00
06-11 23:49:11.611 D/SurfaceUtils( 9075): disconnecting from surface 0xbd2ca808, reason disconnectFromSurface
06-11 23:49:11.611 E/Surface ( 9075): freeAllBuffers: 8 buffers were freed while being dequeued!
06-11 23:49:11.613 I/OmxComponent(  474): OMX_CommandStateSet 850 Cmd 0 nParam1 0x2
06-11 23:49:11.613 I/OmxComponent(  474): OMX-141 STATE_SET:   OMX_StateExecuting => OMX_StateIdle : OMX.amlogic.hevc.decoder.awesome2
06-11 23:49:11.613 I/OmxComponent(  474): OMX.amlogic.hevc.decoder.awesome2: flush input
06-11 23:49:11.613 V/AmlogicVideoDecoderAwesome2(  474): [133]flushInput:978 >
06-11 23:49:11.613 V/OMX_WorkerPeer(  474): vendor/amlogic/common/omx/omx_framework/WorkerPeer.cpp:flushInput:57 --------------------
06-11 23:49:11.613 V/AmlogicVideoDecoderAwesome2(  474): [133]pause:333 >
06-11 23:49:11.613 V/AmlogicVideoDecoderAwesome2(  474): [133]reset:381 >
06-11 23:49:11.613 D/AmlogicVideoDecoderAwesome2(  474): [133]"reset_1"
06-11 23:49:11.613 D/VideoDecWraper(  474): reset
06-11 23:49:11.613 I/AmVideoDec(  474): [0] "reset\n"
06-11 23:49:11.613 I/VDA     (  474): [0] "Reset\n"
06-11 23:49:11.614 D/CCodecBufferChannel( 9075): [c2.android.aac.decoder#982] MediaCodec discarded an unknown buffer
06-11 23:49:11.614 I/chatty  ( 9075): uid=10072(in.startv.hotstar) identical 2 lines
06-11 23:49:11.614 D/CCodecBufferChannel( 9075): [c2.android.aac.decoder#982] MediaCodec discarded an unknown buffer
06-11 23:49:11.620 I/hw-BpHwBinder( 9075): onLastStrongRef automatically unlinking death recipients
06-11 23:49:11.622 I/hw-BpHwBinder(  477): onLastStrongRef automatically unlinking death recipients
06-11 23:49:11.626 V/C2Store (  477): in ~ComponentModule
06-11 23:49:11.628 V/C2Store (  477): unloading dll
06-11 23:49:11.629 I/ExoPlayerImpl( 9075): Release 634b121 [ExoPlayerLib/2.16.1] [MSTB, JMSB200A, Jio, 30] [goog.exo.core, goog.exo.decoder, goog.exo.exoplayer, goog.exo.dash, goog.exo.okhttp, goog.exo.datasource, goog.exo.extractor]
06-11 23:49:11.630 I/[11782.780598@3]  dim(    0): unreg:2keep[0], msk:[0x0,0x0]
06-11 23:49:11.638 I/[11782.790702@3]  vpu(    0): vpu: vpu_dev_clk_gate_off: unsupport vpu mod: 72
06-11 23:49:11.643 I/[11782.793202@2]  dim(    0): unreg:use[31]ms
06-11 23:49:11.643 I/[11782.793214@2]  dim(    0): di_destroy_instance:ch[2]:end
06-11 23:49:11.643 I/[11782.793847@2]  dim(    0): reg:use[0]ms
06-11 23:49:11.643 I/[11782.793859@2]  dim(    0): create:ch[2],tmode[3]
06-11 23:49:11.643 I/[11782.793862@2]  dim(    0): out:0x80000000
06-11 23:49:11.645 I/VDA     (  474): [0] "ResetTask\n"
06-11 23:49:11.646 I/VDA     (  474): [0] "FinishReset\n"
06-11 23:49:11.646 I/VDA     (  474): [0] "StopDevicePoll\n"
06-11 23:49:11.647 I/VDA     (  474): [0] "StopOutputStream output_buffer_map_.size() 12\n"
06-11 23:49:11.647 I/VDA     (  474): [0] "----stop output VIDIOC_STREAMOFF----\n"
06-11 23:49:11.651 I/[11782.801270@2]  [amlv4l](    0): [239]: reset mode: 1, es frames buffering: 0
06-11 23:49:11.653 D/[11782.801343@2]  [h265](    0): [0]h265:pts_unstable=0
06-11 23:49:11.653 D/[11782.801349@2]  [h265](    0): [0]h265: ver (201602101,0) decinfo: 0x0 rate=3840
06-11 23:49:11.659 I/[11782.812307@3]  [amlv4l](    0): [239]: reset mode: 1, es frames buffering: 0
06-11 23:49:11.659 D/[11782.812484@3]  [h265](    0): [0]h265:pts_unstable=0
06-11 23:49:11.659 D/[11782.812565@3]  [h265](    0): [0]h265: ver (201602101,0) decinfo: 0x0 rate=3840
06-11 23:49:11.672 I/VDA     (  474): [0] "Stop[0] state 3\n"
06-11 23:49:11.672 I/VDA     (  474): [0] "Stop[1] state 1\n"
06-11 23:49:11.672 I/VDA     (  474): [0] "Stop[2] state 1\n"
06-11 23:49:11.672 I/VDA     (  474): [0] "Stop[3] state 1\n"
06-11 23:49:11.672 I/VDA     (  474): [0] "Stop[4] state 1\n"
06-11 23:49:11.672 I/VDA     (  474): [0] "Stop[5] state 1\n"
06-11 23:49:11.672 I/VDA     (  474): [0] "Stop[6] state 1\n"
06-11 23:49:11.672 I/VDA     (  474): [0] "Stop[7] state 1\n"
06-11 23:49:11.672 I/VDA     (  474): [0] "Stop[8] state 1\n"
06-11 23:49:11.672 I/VDA     (  474): [0] "Stop[9] state 3\n"
06-11 23:49:11.672 I/VDA     (  474): [0] "Stop[10] state 3\n"
06-11 23:49:11.672 I/VDA     (  474): [0] "Stop[11] state 3\n"
06-11 23:49:11.672 I/VDA     (  474): [0] "StopInputStream input_streamon 0, input_buffer_map_.size 3\n"
06-11 23:49:11.672 I/VDA     (  474): [0] "SendPictureReady\n"
06-11 23:49:11.672 I/VDA     (  474): [0] "post ResetDoneTask\n"
06-11 23:49:11.672 I/VDA     (  474): [0] "ResetDoneTask\n"
06-11 23:49:11.672 I/VDA     (  474): [0] "StartDevicePoll\n"
06-11 23:49:11.673 I/VDA     (  474): [0] "NotifyResetDone\n"
06-11 23:49:11.673 I/AmVideoDec(  474): [0] "notifyResetDone\n"
06-11 23:49:11.673 V/AmlogicVideoDecoderAwesome2(  474): [133]NotifyResetDone:2116 >
06-11 23:49:11.673 D/AmlogicVideoDecoderAwesome2(  474): [133]"reset_2"
06-11 23:49:11.673 V/AmlogicVideoDecoderAwesome2(  474): [133]start:341 >
06-11 23:49:11.673 E/ThreadWorker(  474): pthread on exit wait clean
06-11 23:49:11.673 D/AmlogicVideoDecoderAwesome2(  474): [133]"mVideo start\n"
06-11 23:49:11.673 V/AmlogicVideoDecoderAwesome2(  474): [133]flushInput:1018 >
06-11 23:49:11.673 I/OmxComponent(  474): OMX.amlogic.hevc.decoder.awesome2: flush output
06-11 23:49:11.673 V/AmlogicVideoDecoderAwesome2(  474): [133]flushOutput:1021 >
06-11 23:49:11.673 D/AmlogicVideoDecoderAwesome2(  474): [133]"__flushOutput__fillBufferDone:1 0xf23d4040\n"
06-11 23:49:11.673 D/AmlogicVideoDecoderAwesome2(  474): [133]"__flushOutput__fillBufferDone:2 0xf23d3ff0\n"
06-11 23:49:11.673 D/AmlogicVideoDecoderAwesome2(  474): [133]"__flushOutput__fillBufferDone:3 0xf23d3e60\n"
06-11 23:49:11.673 D/AmlogicVideoDecoderAwesome2(  474): [133]"__flushOutput__fillBufferDone:4 0xf23d3dc0\n"
06-11 23:49:11.673 D/AmlogicVideoDecoderAwesome2(  474): [133]"__flushOutput__fillBufferDone:5 0xf23d3e10\n"
06-11 23:49:11.673 D/AmlogicVideoDecoderAwesome2(  474): [133]"__flushOutput__fillBufferDone:6 0xf23d3f50\n"
06-11 23:49:11.673 D/AmlogicVideoDecoderAwesome2(  474): [133]"__flushOutput__fillBufferDone:7 0xf23d3f00\n"
06-11 23:49:11.673 D/AmlogicVideoDecoderAwesome2(  474): [133]"__flushOutput__fillBufferDone:8 0xf23d3eb0\n"
06-11 23:49:11.697 I/[11782.844591@3]  [amlv4l](    0): [239]: reset mode: 1, es frames buffering: 0
06-11 23:49:11.673 V/AmlogicVideoDecoderAwesome2(  474): [133]flushOutput:1098 >
06-11 23:49:11.674 D/AmlogicVideoDecoderAwesome2(  474): [133]"mVideo stop\n"
06-11 23:49:11.674 V/AmlogicVideoDecoderAwesome2(  474): [133]stop:366 >
06-11 23:49:11.675 V/OMX_WorkerPeer(  474): vendor/amlogic/common/omx/omx_framework/WorkerPeer.cpp:runWorkerStatic:155 --------------------
06-11 23:49:11.675 V/OMX_WorkerPeer(  474): vendor/amlogic/common/omx/omx_framework/WorkerPeer.cpp:runWorker:161 --------------------
06-11 23:49:11.675 I/OmxComponent(  474): OMX-141 STATE_TRANS: OMX_StateExecuting => OMX_StateIdle : OMX.amlogic.hevc.decoder.awesome2
06-11 23:49:11.675 I/OmxComponent(  474): STATE_DONE:  OMX_StateExecuting => OMX_StateIdle : OMX.amlogic.hevc.decoder.awesome2
06-11 23:49:11.675 I/OmxComponent(  474): OMX_CommandStateSet 850 Cmd 0 nParam1 0x1
06-11 23:49:11.675 I/OmxComponent(  474): OMX-141 STATE_SET:   OMX_StateIdle => OMX_StateLoaded : OMX.amlogic.hevc.decoder.awesome2
06-11 23:49:11.675 V/AmlogicVideoDecoderAwesome2(  474): [133]releaseResources:443 >
06-11 23:49:11.675 V/AmlogicVideoDecoderAwesome2(  474): [133]tearDown:802 >
06-11 23:49:11.675 V/AmlogicVideoDecoderAwesome2(  474): [133]tearDown:1563 >
06-11 23:49:11.676 V/AmlogicVideoDecoderAwesome2(  474): [133]initializeState_l:1611 >
06-11 23:49:11.676 D/VideoDecWraper(  474): destroy
06-11 23:49:11.676 I/VDA     (  474): [0] "Destroy"
06-11 23:49:11.676 I/VDA     (  474): [0] "DestroyTask(): IN[0,0], OUT[0,0,0] DEC[0->0] => DEVICE[3+0/3->0+0/12] => CLIENT[9]\n"
06-11 23:49:11.676 I/VDA     (  474): [0] "StopDevicePoll\n"
06-11 23:49:11.676 I/VDA     (  474): [0] "StopInputStream input_streamon 0, input_buffer_map_.size 3\n"
06-11 23:49:11.676 I/VDA     (  474): [0] "DestroyInputBuffers\n"
06-11 23:49:11.693 D/stbdpc  (  397): STB_DPGetNumPaths[570]: num_paths: 1
06-11 23:49:11.712 D/VideoDecWraper(  474): ~VideoDecWraper
06-11 23:49:11.712 I/AmVideoDec(  474): [0] "~AmVideoDec IN[39:39] OUT[17:5]\n"
06-11 23:49:11.712 D/OmxResManage(  474): Release fd = 12
06-11 23:49:11.712 D/resman  (  474): release all, fd:12
06-11 23:49:11.712 I/OmxComponent(  474): OMX-141 STATE_TRANS: OMX_StateIdle => OMX_StateLoaded : OMX.amlogic.hevc.decoder.awesome2
06-11 23:49:11.712 I/OmxComponent(  474): STATE_DONE:  OMX_StateIdle => OMX_StateLoaded : OMX.amlogic.hevc.decoder.awesome2
06-11 23:49:11.713 D/OmxComponentManagerImpl(  474): DecreaseEntryNumByName pEntry->mNum=1, pEntry->mMaxNum:9,componentName:OMX.amlogic.hevc.decoder.awesome2
06-11 23:49:11.713 I/omx_core(  474): OMX_freeHandle_num_= 0
06-11 23:49:11.713 D/OmxVideoDecoder(  474): ~OmxVideoDecoder===pSidebandWindow:0x0
06-11 23:49:11.713 D/AmlogicVideoPassthrough(  474): [1]"~AmlogicVideoPassthrough"
06-11 23:49:11.713 D/AmlogicVideoPassthrough(  474): [0]"~AmlogicVideoPassthrough, mOmxInstancenum 0"
06-11 23:49:11.713 D/OmxComponent(  474): ~OmxComponent 281 : OMX.amlogic.hevc.decoder.awesome2
06-11 23:49:11.713 I/AmlogicVideoDecoderAwesome2(  474): [133]"~AmlogicVideoDecoderAwesome2"
06-11 23:49:11.713 D/AmlogicVideoDecoderAwesome2(  474): [133]"~AmlogicVideoDecoder2"
06-11 23:49:11.713 D/AmlogicVideoDecoderAwesome2(  474): [133]"~AmlogicVideoDecoder2, mOmxInstancenum 0"
06-11 23:49:11.713 D/OmxResManage(  474): ~ResManWrapper fd = 12
