--------- beginning of main
06-11 23:32:21.137 D/rtk_heartbeat(  349): rtkbt_heartbeat_cmpl_cback: Current SeqNum = 10749,should SeqNum=10749, status = 0
06-11 23:32:21.144 D/JioLauncher( 1773): auto scroll in focus position-2-newState-0
06-11 23:32:21.144 D/merc    ( 1773): ysqlri4o: publisher called jioAd.adEventTracker.trackImpression()
06-11 23:32:21.145 D/JioLauncher( 1773): promotion handleAdImpression called for position-4 and adSpotId -> ysqlri4o
06-11 23:32:21.145 E/SIGLY_sdkWrapper( 1773): SiglyAnalyticsSdkWrapper is not initialized. Call initialize() first. Exception 
06-11 23:32:21.145 D/JioLauncher( 1773): XJLE7 -> Parameters{external={"XJL66":"Home_Launcher","XJL7":"5000","XJL6":"ysqlri4o","XJL9":"0","XJL8":"3","XJL25":"outer"}, internal={}}
06-11 23:32:21.145 E/SIGLY_sdkWrapper( 1773): Error occurred in logCustomData() method.
06-11 23:32:21.169 D/Glide   ( 1773): Finished loading Bitmap from LOCAL for com.bumptech.glide.gifdecoder.StandardGifDecoder@8b54719 with size [314x176] in 9.490542 ms
06-11 23:32:21.199 D/stbdpc  (  397): STB_DPGetNumPaths[570]: num_paths: 1
06-11 23:32:21.211 D/dvb_iptv(  397): ReadEmmNetworkTask[1537]: EMM Select Timeout Occured 20
06-11 23:32:21.212 D/Glide   ( 1773): Finished loading Bitmap from LOCAL for com.bumptech.glide.gifdecoder.StandardGifDecoder@8b54719 with size [314x176] in 11.127958 ms
06-11 23:32:21.213 I/uncher.relianc( 1773): oneway function results will be dropped but finished with status OK and parcel size 4
06-11 23:32:21.217 I/e.swalekh.abct( 1359): oneway function results will be dropped but finished with status OK and parcel size 4
06-11 23:32:21.224 D/JioSTBMRServer-SERVICE( 3589): InetSocketAddress(InetAddress.getByName(inetAddress.hostAddress)-/192.168.1.255
06-11 23:32:21.225 D/JioSTBMRServer-SERVICE( 3589): #beacon:RKISBFJ60000097:0:false:0:1:SV=181024 , 192.168.1.255
06-11 23:32:21.229 D/JioSTBMRServer-SERVICE( 3589): InetSocketAddress(InetAddress.getByName(inetAddress.hostAddress)-/192.168.1.255
06-11 23:32:21.229 D/JioSTBMRServer-SERVICE( 3589): #broadcast IP:192.168.1.255
06-11 23:32:21.244 D/Glide   ( 1773): Finished loading Bitmap from LOCAL for com.bumptech.glide.gifdecoder.StandardGifDecoder@8b54719 with size [314x176] in 3.0099579999999997 ms
06-11 23:32:21.280 D/JioStbInactivityTimer(  926): Timer: count 25 warningTimeout:10680 timeout:10800
06-11 23:32:21.280 D/JioStbInactivityTimer(  926): isUserActive: Curr:10746415 Prev:10746415
06-11 23:32:21.283 D/ltts_ip_emm(  397): LTTS_IP_DMXStartEMM[381]: parse_emm_cat_status failed
06-11 23:32:21.285 D/ApplicationLoaders( 2039): Returning zygote-cached class loader: /system/framework/android.test.base.jar
06-11 23:32:21.286 D/ApplicationLoaders( 2039): Returning zygote-cached class loader: /system/framework/android.test.base.jar
06-11 23:32:21.288 I/tomator2.serve( 2039): The ClassLoaderContext is a special shared library.
06-11 23:32:21.291 D/ApplicationLoaders( 2039): Returning zygote-cached class loader: /system/framework/android.test.base.jar
06-11 23:32:21.292 D/ApplicationLoaders( 2039): Returning zygote-cached class loader: /system/framework/android.test.base.jar
06-11 23:32:21.294 D/Glide   ( 1773): Finished loading Bitmap from LOCAL for com.bumptech.glide.gifdecoder.StandardGifDecoder@8b54719 with size [314x176] in 12.252583 ms
06-11 23:32:21.294 I/tomator2.serve( 2039): The ClassLoaderContext is a special shared library.
06-11 23:32:21.299 D/stbdpc  (  397): STB_DPGetNumPaths[570]: num_paths: 1
06-11 23:32:21.300 I/tomator2.serve( 2039): The ClassLoaderContext is a special shared library.
06-11 23:32:21.303 I/chatty  ( 2039): uid=10096(io.appium.uiautomator2.server) identical 1 line
06-11 23:32:21.305 I/tomator2.serve( 2039): The ClassLoaderContext is a special shared library.
06-11 23:32:21.308 W/tomator2.serve( 2039): ClassLoaderContext classpath size mismatch. expected=0, found=3 (PCL[]{PCL[/system/framework/android.test.base.jar*3223074991]#PCL[/system/framework/android.test.mock.jar*3465107378]{PCL[/system/framework/android.test.base.jar*3223074991]}#PCL[/system/framework/android.test.runner.jar*1831602180]{PCL[/system/framework/android.test.base.jar*3223074991]#PCL[/system/framework/android.test.mock.jar*3465107378]{PCL[/system/framework/android.test.base.jar*3223074991]}}} | PCL[/system/framework/android.test.runner.jar*1831602180:/system/framework/android.test.mock.jar*3465107378:/system/framework/android.test.base.jar*3223074991]{PCL[/system/framework/android.test.base.jar*3223074991]#PCL[/system/framework/android.test.mock.jar*3465107378]{PCL[/system/framework/android.test.base.jar*3223074991]}#PCL[/system/framework/android.test.runner.jar*1831602180]{PCL[/system/framework/android.test.base.jar*3223074991]#PCL[/system/framework/android.test.mock.jar*3465107378]{PCL[/system/framework/android.test.base.jar*3223074991]}}};PCL[/system/framework/android.test.runner.jar*1831602180:/system/framework/android.test.mock.jar*3465107378:/system/framework/android.test.base.jar*3223074991:/data/app/~~vz-LI613mzCW1_tI8sJdSA==/io.appium.uiautomator2.server.test-pndtPeicsSbNz5ltJNtTXA==/base.apk*2370577946:/data/app/~~vz-LI613mzCW1_tI8sJdSA==/io.appium.uiautomator2.server.test-pndtPeicsSbNz5ltJNtTXA==/base.apk!classes2.dex*3874714895:/data/app/~~vz-LI613mzCW1_tI8sJdSA==/io.appium.uiautomator2.server.test-pndtPeicsSbNz5ltJNtTXA==/base.apk!classes3.dex*1176165195:/data/app/~~vz-LI613mzCW1_tI8sJdSA==/io.appium.uiautomator2.server.test-pndtPeicsSbNz5ltJNtTXA==/base.apk!classes4.dex*2511881386:/data/app/~~ERS2Vb0_Lr3atThE734KvA==/io.appium.uiautomator2.server-qXkfZw9LtZYC0ZeR2vvERg==/base.apk*4034737733:/data/app/~~ERS2Vb0_Lr3atThE734KvA==/io.appium.uiautomator2.server-qXkfZw9LtZYC0ZeR2vvERg==/base.apk!classes2.dex*2790048942:/data/app/~~ERS2Vb0_Lr3atThE734KvA==/io.appium.uiautomator2.server-qXkfZw9LtZYC0ZeR2vvERg==/base.apk!classes3.dex*1634705335:/data/app/~~ERS2Vb0_Lr3atThE734KvA==/io.appium.uiautomator2.server-qXkfZw9LtZYC0ZeR2vvERg==/base.apk!classes4.dex*45356349:/data/app/~~ERS2Vb0_Lr3atThE734KvA==/io.appium.uiautomator2.server-qXkfZw9LtZYC0ZeR2vvERg==/base.apk!classes5.dex*2419862292:/data/app/~~ERS2Vb0_Lr3atThE734KvA==/io.appium.uiautomator2.server-qXkfZw9LtZYC0ZeR2vvERg==/base.apk!classes6.dex*3944827479:/data/app/~~ERS2Vb0_Lr3atThE734KvA==/io.appium.uiautomator2.server-qXkfZw9LtZYC0ZeR2vvERg==/base.apk!classes7.dex*3145060491:/data/app/~~ERS2Vb0_Lr3atThE734KvA==/io.appium.uiautomator2.server-qXkfZw9LtZYC0ZeR2vvERg==/base.apk!classes8.dex*2034454731:/data/app/~~ERS2Vb0_Lr3atThE734KvA==/io.appium.uiautomator2.server-qXkfZw9LtZYC0ZeR2vvERg==/base.apk!classes9.dex*1613375383:/data/app/~~ERS2Vb0_Lr3atThE734KvA==/io.appium.uiautomator2.server-qXkfZw9LtZYC0ZeR2vvERg==/base.apk!classes10.dex*1483611213:/data/app/~~ERS2Vb0_Lr3atThE734KvA==/io.appium.uiautomator2.server-qXkfZw9LtZYC0ZeR2vvERg==/base.apk!classes11.dex*2888641764:/data/app/~~ERS2Vb0_Lr3atThE734KvA==/io.appium.uiautomator2.server-qXkfZw9LtZYC0ZeR2vvERg==/base.apk!classes12.dex*1711778771:/data/app/~~ERS2Vb0_Lr3atThE734KvA==/io.appium.uiautomator2.server-qXkfZw9LtZYC0ZeR2vvERg==/base.apk!classes13.dex*2108421983:/data/app/~~ERS2Vb0_Lr3atThE734KvA==/io.appium.uiautomator2.server-qXkfZw9LtZYC0ZeR2vvERg==/base.apk!classes14.dex*2618393034:/data/app/~~ERS2Vb0_Lr3atThE734KvA==/io.appium.uiautomator2.server-qXkfZw9LtZYC0ZeR2vvERg==/base.apk!classes15.dex*3152272110:/data/app/~~ERS2Vb0_Lr3atThE734KvA==/io.appium.uiautomator2.server-qXkfZw9LtZYC0ZeR2vvERg==/base.apk!classes16.dex*898502560])
06-11 23:32:21.312 W/tomator2.serve( 2039): Found duplicate classes, falling back to extracting from APK : /data/app/~~vz-LI613mzCW1_tI8sJdSA==/io.appium.uiautomator2.server.test-pndtPeicsSbNz5ltJNtTXA==/base.apk
06-11 23:32:21.312 W/tomator2.serve( 2039): NOTE: This wastes RAM and hurts startup performance.
06-11 23:32:21.312 W/tomator2.serve( 2039): Found duplicated class when checking oat files: 'Lcom/squareup/okhttp/Address;' in /data/app/~~vz-LI613mzCW1_tI8sJdSA==/io.appium.uiautomator2.server.test-pndtPeicsSbNz5ltJNtTXA==/base.apk and /data/app/~~vz-LI613mzCW1_tI8sJdSA==/io.appium.uiautomator2.server.test-pndtPeicsSbNz5ltJNtTXA==/base.apk
06-11 23:32:21.327 D/Glide   ( 1773): Finished loading Bitmap from LOCAL for com.bumptech.glide.gifdecoder.StandardGifDecoder@8b54719 with size [314x176] in 4.963042 ms
06-11 23:32:21.327 W/tomator2.serve( 2039): ClassLoaderContext classpath size mismatch. expected=0, found=7 (PCL[] | PCL[/system/framework/android.test.runner.jar*1831602180:/system/framework/android.test.mock.jar*3465107378:/system/framework/android.test.base.jar*3223074991:/data/app/~~vz-LI613mzCW1_tI8sJdSA==/io.appium.uiautomator2.server.test-pndtPeicsSbNz5ltJNtTXA==/base.apk*2370577946:/data/app/~~vz-LI613mzCW1_tI8sJdSA==/io.appium.uiautomator2.server.test-pndtPeicsSbNz5ltJNtTXA==/base.apk!classes2.dex*3874714895:/data/app/~~vz-LI613mzCW1_tI8sJdSA==/io.appium.uiautomator2.server.test-pndtPeicsSbNz5ltJNtTXA==/base.apk!classes3.dex*1176165195:/data/app/~~vz-LI613mzCW1_tI8sJdSA==/io.appium.uiautomator2.server.test-pndtPeicsSbNz5ltJNtTXA==/base.apk!classes4.dex*2511881386]{PCL[/system/framework/android.test.base.jar*3223074991]#PCL[/system/framework/android.test.mock.jar*3465107378]{PCL[/system/framework/android.test.base.jar*3223074991]}#PCL[/system/framework/android.test.runner.jar*1831602180]{PCL[/system/framework/android.test.base.jar*3223074991]#PCL[/system/framework/android.test.mock.jar*3465107378]{PCL[/system/framework/android.test.base.jar*3223074991]}}};PCL[/system/framework/android.test.runner.jar*1831602180:/system/framework/android.test.mock.jar*3465107378:/system/framework/android.test.base.jar*3223074991:/data/app/~~vz-LI613mzCW1_tI8sJdSA==/io.appium.uiautomator2.server.test-pndtPeicsSbNz5ltJNtTXA==/base.apk*2370577946:/data/app/~~vz-LI613mzCW1_tI8sJdSA==/io.appium.uiautomator2.server.test-pndtPeicsSbNz5ltJNtTXA==/base.apk!classes2.dex*3874714895:/data/app/~~vz-LI613mzCW1_tI8sJdSA==/io.appium.uiautomator2.server.test-pndtPeicsSbNz5ltJNtTXA==/base.apk!classes3.dex*1176165195:/data/app/~~vz-LI613mzCW1_tI8sJdSA==/io.appium.uiautomator2.server.test-pndtPeicsSbNz5ltJNtTXA==/base.apk!classes4.dex*2511881386:/data/app/~~ERS2Vb0_Lr3atThE734KvA==/io.appium.uiautomator2.server-qXkfZw9LtZYC0ZeR2vvERg==/base.apk*4034737733:/data/app/~~ERS2Vb0_Lr3atThE734KvA==/io.appium.uiautomator2.server-qXkfZw9LtZYC0ZeR2vvERg==/base.apk!classes2.dex*2790048942:/data/app/~~ERS2Vb0_Lr3atThE734KvA==/io.appium.uiautomator2.server-qXkfZw9LtZYC0ZeR2vvERg==/base.apk!classes3.dex*1634705335:/data/app/~~ERS2Vb0_Lr3atThE734KvA==/io.appium.uiautomator2.server-qXkfZw9LtZYC0ZeR2vvERg==/base.apk!classes4.dex*45356349:/data/app/~~ERS2Vb0_Lr3atThE734KvA==/io.appium.uiautomator2.server-qXkfZw9LtZYC0ZeR2vvERg==/base.apk!classes5.dex*2419862292:/data/app/~~ERS2Vb0_Lr3atThE734KvA==/io.appium.uiautomator2.server-qXkfZw9LtZYC0ZeR2vvERg==/base.apk!classes6.dex*3944827479:/data/app/~~ERS2Vb0_Lr3atThE734KvA==/io.appium.uiautomator2.server-qXkfZw9LtZYC0ZeR2vvERg==/base.apk!classes7.dex*3145060491:/data/app/~~ERS2Vb0_Lr3atThE734KvA==/io.appium.uiautomator2.server-qXkfZw9LtZYC0ZeR2vvERg==/base.apk!classes8.dex*2034454731:/data/app/~~ERS2Vb0_Lr3atThE734KvA==/io.appium.uiautomator2.server-qXkfZw9LtZYC0ZeR2vvERg==/base.apk!classes9.dex*1613375383:/data/app/~~ERS2Vb0_Lr3atThE734KvA==/io.appium.uiautomator2.server-qXkfZw9LtZYC0ZeR2vvERg==/base.apk!classes10.dex*1483611213:/data/app/~~ERS2Vb0_Lr3atThE734KvA==/io.appium.uiautomator2.server-qXkfZw9LtZYC0ZeR2vvERg==/base.apk!classes11.dex*2888641764:/data/app/~~ERS2Vb0_Lr3atThE734KvA==/io.appium.uiautomator2.server-qXkfZw9LtZYC0ZeR2vvERg==/base.apk!classes12.dex*1711778771:/data/app/~~ERS2Vb0_Lr3atThE734KvA==/io.appium.uiautomator2.server-qXkfZw9LtZYC0ZeR2vvERg==/base.apk!classes13.dex*2108421983:/data/app/~~ERS2Vb0_Lr3atThE734KvA==/io.appium.uiautomator2.server-qXkfZw9LtZYC0ZeR2vvERg==/base.apk!classes14.dex*2618393034:/data/app/~~ERS2Vb0_Lr3atThE734KvA==/io.appium.uiautomator2.server-qXkfZw9LtZYC0ZeR2vvERg==/base.apk!classes15.dex*3152272110:/data/app/~~ERS2Vb0_Lr3atThE734KvA==/io.appium.uiautomator2.server-qXkfZw9LtZYC0ZeR2vvERg==/base.apk!classes16.dex*898502560])
06-11 23:32:21.328 W/tomator2.serve( 2039): Found duplicate classes, falling back to extracting from APK : /data/app/~~ERS2Vb0_Lr3atThE734KvA==/io.appium.uiautomator2.server-qXkfZw9LtZYC0ZeR2vvERg==/base.apk
06-11 23:32:21.328 W/tomator2.serve( 2039): NOTE: This wastes RAM and hurts startup performance.
06-11 23:32:21.328 W/tomator2.serve( 2039): Found duplicated class when checking oat files: 'L_COROUTINE/ArtificialStackFrames;' in /data/app/~~ERS2Vb0_Lr3atThE734KvA==/io.appium.uiautomator2.server-qXkfZw9LtZYC0ZeR2vvERg==/base.apk and /data/app/~~ERS2Vb0_Lr3atThE734KvA==/io.appium.uiautomator2.server-qXkfZw9LtZYC0ZeR2vvERg==/base.apk
06-11 23:32:21.366 E/adbd    (12860): failed to connect to socket 'tcp:6790': Connection refused
06-11 23:32:21.377 D/Glide   ( 1773): Finished loading Bitmap from LOCAL for com.bumptech.glide.gifdecoder.StandardGifDecoder@8b54719 with size [314x176] in 14.371709 ms
06-11 23:32:21.399 D/stbdpc  (  397): STB_DPGetNumPaths[570]: num_paths: 1
06-11 23:32:21.411 D/Glide   ( 1773): Finished loading Bitmap from LOCAL for com.bumptech.glide.gifdecoder.StandardGifDecoder@8b54719 with size [314x176] in 7.122583 ms
06-11 23:32:21.447 I/ThermalService(  969): CPU temperatures: [61.700005]
06-11 23:32:21.461 D/Glide   ( 1773): Finished loading Bitmap from LOCAL for com.bumptech.glide.gifdecoder.StandardGifDecoder@8b54719 with size [314x176] in 16.643292 ms
06-11 23:32:21.494 D/Glide   ( 1773): Finished loading Bitmap from LOCAL for com.bumptech.glide.gifdecoder.StandardGifDecoder@8b54719 with size [314x176] in 9.428458 ms
06-11 23:32:21.499 D/stbdpc  (  397): STB_DPGetNumPaths[570]: num_paths: 1
06-11 23:32:21.528 D/Glide   ( 1773): Finished loading Bitmap from LOCAL for com.bumptech.glide.gifdecoder.StandardGifDecoder@8b54719 with size [314x176] in 2.5855829999999997 ms
06-11 23:32:21.577 D/Glide   ( 1773): Finished loading Bitmap from LOCAL for com.bumptech.glide.gifdecoder.StandardGifDecoder@8b54719 with size [314x176] in 10.760625 ms
06-11 23:32:21.599 D/stbdpc  (  397): STB_DPGetNumPaths[570]: num_paths: 1
06-11 23:32:21.611 D/Glide   ( 1773): Finished loading Bitmap from LOCAL for com.bumptech.glide.gifdecoder.StandardGifDecoder@8b54719 with size [314x176] in 3.878584 ms
06-11 23:32:21.661 D/Glide   ( 1773): Finished loading Bitmap from LOCAL for com.bumptech.glide.gifdecoder.StandardGifDecoder@8b54719 with size [314x176] in 13.583375 ms
06-11 23:32:21.670 W/tomator2.serve( 2039): Accessing hidden method Landroid/app/Instrumentation;->execStartActivity(Landroid/content/Context;Landroid/os/IBinder;Landroid/os/IBinder;Landroid/app/Activity;Landroid/content/Intent;ILandroid/os/Bundle;)Landroid/app/Instrumentation$ActivityResult; (greylist, linking, allowed)
06-11 23:32:21.671 W/tomator2.serve( 2039): Accessing hidden method Landroid/app/Instrumentation;->execStartActivity(Landroid/content/Context;Landroid/os/IBinder;Landroid/os/IBinder;Ljava/lang/String;Landroid/content/Intent;ILandroid/os/Bundle;)Landroid/app/Instrumentation$ActivityResult; (greylist, linking, allowed)
06-11 23:32:21.683 D/NetworkSecurityConfig( 2039): No Network Security Config specified, using platform default
06-11 23:32:21.684 D/NetworkSecurityConfig( 2039): No Network Security Config specified, using platform default
06-11 23:32:21.684 I/AndroidJUnitRunner( 2039): newApplication android.app.Application
06-11 23:32:21.690 I/AndroidJUnitRunner( 2039): onCreate Bundle[mParcelledData.dataSize=64]
06-11 23:32:21.693 D/AndroidJUnitRunner( 2039): Use the raw file system for managing file I/O.
06-11 23:32:21.694 D/Glide   ( 1773): Finished loading Bitmap from LOCAL for com.bumptech.glide.gifdecoder.StandardGifDecoder@8b54719 with size [314x176] in 6.732708 ms
06-11 23:32:21.699 D/stbdpc  (  397): STB_DPGetNumPaths[570]: num_paths: 1
06-11 23:32:21.711 D/dvb_iptv(  397): ReadEmmNetworkTask[1537]: EMM Select Timeout Occured 21
06-11 23:32:21.716 V/TestEventClient( 2039): No service name argument was given (testDiscoveryService, testRunEventService or orchestratorService)
06-11 23:32:21.717 D/AndroidJUnitRunner( 2039): onStart is called.
06-11 23:32:21.744 D/TestRequestBuilder( 2039): Using class path scanning to discover tests
06-11 23:32:21.744 D/Glide   ( 1773): Finished loading Bitmap from LOCAL for com.bumptech.glide.gifdecoder.StandardGifDecoder@8b54719 with size [314x176] in 16.468083999999998 ms
06-11 23:32:21.745 I/TestRequestBuilder( 2039): Scanning classpath to find tests in paths [/data/app/~~vz-LI613mzCW1_tI8sJdSA==/io.appium.uiautomator2.server.test-pndtPeicsSbNz5ltJNtTXA==/base.apk]
06-11 23:32:21.749 W/tomator2.serve( 2039): Opening an oat file without a class loader. Are you using the deprecated DexFile APIs?
06-11 23:32:21.777 D/Glide   ( 1773): Finished loading Bitmap from LOCAL for com.bumptech.glide.gifdecoder.StandardGifDecoder@8b54719 with size [314x176] in 9.77575 ms
06-11 23:32:21.800 D/stbdpc  (  397): STB_DPGetNumPaths[570]: num_paths: 1
06-11 23:32:21.811 D/Glide   ( 1773): Finished loading Bitmap from LOCAL for com.bumptech.glide.gifdecoder.StandardGifDecoder@8b54719 with size [314x176] in 3.018458 ms
06-11 23:32:21.861 D/Glide   ( 1773): Finished loading Bitmap from LOCAL for com.bumptech.glide.gifdecoder.StandardGifDecoder@8b54719 with size [314x176] in 12.347541999999999 ms
06-11 23:32:21.894 D/Glide   ( 1773): Finished loading Bitmap from LOCAL for com.bumptech.glide.gifdecoder.StandardGifDecoder@8b54719 with size [314x176] in 5.028 ms
06-11 23:32:21.900 D/stbdpc  (  397): STB_DPGetNumPaths[570]: num_paths: 1
06-11 23:32:21.944 D/Glide   ( 1773): Finished loading Bitmap from LOCAL for com.bumptech.glide.gifdecoder.StandardGifDecoder@8b54719 with size [314x176] in 15.650416 ms
06-11 23:32:21.974 I/TestRunner( 2039): run started: 1 tests
06-11 23:32:21.978 D/Glide   ( 1773): Finished loading Bitmap from LOCAL for com.bumptech.glide.gifdecoder.StandardGifDecoder@8b54719 with size [314x176] in 8.697583 ms
06-11 23:32:21.979 I/TestRunner( 2039): started: startServer(io.appium.uiautomator2.server.test.AppiumUiAutomator2Server)
06-11 23:32:21.987 I/appium  ( 2039): >>>Entry point start<<<
06-11 23:32:21.995 I/appium  ( 2039): Starting ServerInstrumentation
06-11 23:32:22.000 D/stbdpc  (  397): STB_DPGetNumPaths[570]: num_paths: 1
06-11 23:32:22.015 D/Glide   ( 1773): Finished loading Bitmap from LOCAL for com.bumptech.glide.gifdecoder.StandardGifDecoder@8b54719 with size [314x176] in 5.462917 ms
06-11 23:32:22.055 I/appium  ( 2039): buildConfig: {"VERSION_NAME":"7.5.2","APPLICATION_ID":"io.appium.uiautomator2.server","BUILD_TYPE":"debug","VERSION_CODE":215,"BUILD_TIME":"1745524365546","DEBUG":true,"FLAVOR":"server"}
06-11 23:32:22.061 D/Glide   ( 1773): Finished loading Bitmap from LOCAL for com.bumptech.glide.gifdecoder.StandardGifDecoder@8b54719 with size [314x176] in 10.35625 ms
06-11 23:32:22.068 I/UiDevice( 2039): Creating a new instance, old instance exists: false
06-11 23:32:22.080 V/UiAutomation( 2039): Init UiAutomation@30745d0[id=35, flags=0]
06-11 23:32:22.083 D/UiDevice( 2039): Setting accessibility service flags: 65618
06-11 23:32:22.092 D/UiDevice( 2039): Turning on screen.
06-11 23:32:22.095 D/Glide   ( 1773): Finished loading Bitmap from LOCAL for com.bumptech.glide.gifdecoder.StandardGifDecoder@8b54719 with size [314x176] in 4.365708 ms
06-11 23:32:22.100 D/stbdpc  (  397): STB_DPGetNumPaths[570]: num_paths: 1
06-11 23:32:22.128 I/appium  ( 2039): AndroidServer created on port 6790
06-11 23:32:22.129 I/appium  ( 2039): Starting MJPEG Server
06-11 23:32:22.131 I/appium  ( 2039): MJPEG Server started
06-11 23:32:22.131 I/appium  ( 2039): ServerInstrumentation started
06-11 23:32:22.134 I/appium  ( 2039): ServerSocket created on port 7810
06-11 23:32:22.136 D/rtk_heartbeat(  349): heartbeat_timed_out: heartbeatCmdCount = 10750, expected nextSeqNum = 10750
06-11 23:32:22.137 D/rtk_heartbeat(  349): rtkbt_heartbeat_cmpl_cback: Current SeqNum = 10750,should SeqNum=10750, status = 0
06-11 23:32:22.145 D/Glide   ( 1773): Finished loading Bitmap from LOCAL for com.bumptech.glide.gifdecoder.StandardGifDecoder@8b54719 with size [314x176] in 13.793209 ms
06-11 23:32:22.178 D/Glide   ( 1773): Finished loading Bitmap from LOCAL for com.bumptech.glide.gifdecoder.StandardGifDecoder@8b54719 with size [314x176] in 6.523084 ms
06-11 23:32:22.200 D/stbdpc  (  397): STB_DPGetNumPaths[570]: num_paths: 1
06-11 23:32:22.211 D/dvb_iptv(  397): ReadEmmNetworkTask[1537]: EMM Select Timeout Occured 22
06-11 23:32:22.228 D/Glide   ( 1773): Finished loading Bitmap from LOCAL for com.bumptech.glide.gifdecoder.StandardGifDecoder@8b54719 with size [314x176] in 15.315833999999999 ms
06-11 23:32:22.261 D/Glide   ( 1773): Finished loading Bitmap from LOCAL for com.bumptech.glide.gifdecoder.StandardGifDecoder@8b54719 with size [314x176] in 7.708125 ms
06-11 23:32:22.281 D/JioStbInactivityTimer(  926): Timer: count 26 warningTimeout:10680 timeout:10800
06-11 23:32:22.281 D/JioStbInactivityTimer(  926): isUserActive: Curr:10746415 Prev:10746415
06-11 23:32:22.300 D/stbdpc  (  397): STB_DPGetNumPaths[570]: num_paths: 1
06-11 23:32:22.311 D/Glide   ( 1773): Finished loading Bitmap from LOCAL for com.bumptech.glide.gifdecoder.StandardGifDecoder@8b54719 with size [314x176] in 17.574749999999998 ms
06-11 23:32:22.318 W/tomator2.serve( 2039): Accessing hidden method Lsun/misc/VM;->maxDirectMemory()J (greylist, reflection, allowed)
06-11 23:32:22.322 I/PlatformDependent( 2039): Your platform does not provide complete low-level API for accessing direct buffers reliably. Unless explicitly requested, heap buffer will always be preferred to avoid potential system instability.
06-11 23:32:22.331 W/tomator2.serve( 2039): Accessing hidden field Lsun/nio/ch/SelectorImpl;->selectedKeys:Ljava/util/Set; (greylist, reflection, allowed)
06-11 23:32:22.331 W/tomator2.serve( 2039): Accessing hidden field Lsun/nio/ch/SelectorImpl;->publicSelectedKeys:Ljava/util/Set; (greylist, reflection, allowed)
06-11 23:32:22.345 D/Glide   ( 1773): Finished loading Bitmap from LOCAL for com.bumptech.glide.gifdecoder.StandardGifDecoder@8b54719 with size [314x176] in 10.780208 ms
06-11 23:32:22.378 D/Glide   ( 1773): Finished loading Bitmap from LOCAL for com.bumptech.glide.gifdecoder.StandardGifDecoder@8b54719 with size [314x176] in 3.629583 ms
06-11 23:32:22.379 W/Thread-5( 2039): type=1400 audit(0.0:13908): avc: denied { read } for name="somaxconn" dev="proc" ino=2153389 scontext=u:r:untrusted_app:s0:c96,c256,c512,c768 tcontext=u:object_r:proc_net:s0 tclass=file permissive=0 app=io.appium.uiautomator2.server
06-11 23:32:22.394 E/adbd    (12860): failed to connect to socket 'tcp:6790': Connection refused
06-11 23:32:22.400 W/MacAddressUtil( 2039): Failed to find a usable hardware address from the network interfaces; using random bytes: d1:8e:0f:7b:2c:3b:56:f3
06-11 23:32:22.401 D/stbdpc  (  397): STB_DPGetNumPaths[570]: num_paths: 1
06-11 23:32:22.428 D/Glide   ( 1773): Finished loading Bitmap from LOCAL for com.bumptech.glide.gifdecoder.StandardGifDecoder@8b54719 with size [314x176] in 13.645665999999999 ms
06-11 23:32:22.462 D/Glide   ( 1773): Finished loading Bitmap from LOCAL for com.bumptech.glide.gifdecoder.StandardGifDecoder@8b54719 with size [314x176] in 5.8499159999999994 ms
06-11 23:32:22.493 W/ServerBootstrap( 2039): Unknown channel option 'SO_KEEPALIVE' for channel '[id: 0x08eaa37f]'
06-11 23:32:22.496 W/ServerBootstrap( 2039): Unknown channel option 'TCP_NODELAY' for channel '[id: 0x08eaa37f]'
06-11 23:32:22.501 D/stbdpc  (  397): STB_DPGetNumPaths[570]: num_paths: 1
06-11 23:32:22.512 D/Glide   ( 1773): Finished loading Bitmap from LOCAL for com.bumptech.glide.gifdecoder.StandardGifDecoder@8b54719 with size [314x176] in 15.540999999999999 ms
06-11 23:32:22.545 D/Glide   ( 1773): Finished loading Bitmap from LOCAL for com.bumptech.glide.gifdecoder.StandardGifDecoder@8b54719 with size [314x176] in 8.634667 ms
06-11 23:32:22.580 D/Glide   ( 1773): Finished loading Bitmap from LOCAL for com.bumptech.glide.gifdecoder.StandardGifDecoder@8b54719 with size [314x176] in 3.263417 ms
06-11 23:32:22.601 D/stbdpc  (  397): STB_DPGetNumPaths[570]: num_paths: 1
06-11 23:32:22.630 D/Glide   ( 1773): Finished loading Bitmap from LOCAL for com.bumptech.glide.gifdecoder.StandardGifDecoder@8b54719 with size [314x176] in 13.338166999999999 ms
06-11 23:32:22.662 D/Glide   ( 1773): Finished loading Bitmap from LOCAL for com.bumptech.glide.gifdecoder.StandardGifDecoder@8b54719 with size [314x176] in 5.983874999999999 ms
06-11 23:32:22.701 D/stbdpc  (  397): STB_DPGetNumPaths[570]: num_paths: 1
06-11 23:32:22.712 D/dvb_iptv(  397): ReadEmmNetworkTask[1537]: EMM Select Timeout Occured 23
06-11 23:32:22.712 D/Glide   ( 1773): Finished loading Bitmap from LOCAL for com.bumptech.glide.gifdecoder.StandardGifDecoder@8b54719 with size [314x176] in 16.384332999999998 ms
06-11 23:32:22.745 D/Glide   ( 1773): Finished loading Bitmap from LOCAL for com.bumptech.glide.gifdecoder.StandardGifDecoder@8b54719 with size [314x176] in 8.416917 ms
06-11 23:32:22.780 D/Glide   ( 1773): Finished loading Bitmap from LOCAL for com.bumptech.glide.gifdecoder.StandardGifDecoder@8b54719 with size [314x176] in 2.730542 ms
06-11 23:32:22.801 D/stbdpc  (  397): STB_DPGetNumPaths[570]: num_paths: 1
06-11 23:32:22.830 D/Glide   ( 1773): Finished loading Bitmap from LOCAL for com.bumptech.glide.gifdecoder.StandardGifDecoder@8b54719 with size [314x176] in 12.436708 ms
06-11 23:32:22.862 D/Glide   ( 1773): Finished loading Bitmap from LOCAL for com.bumptech.glide.gifdecoder.StandardGifDecoder@8b54719 with size [314x176] in 4.65325 ms
06-11 23:32:22.897 D/JioLauncher( 1773): overlay status check for wifi and bt remote false false
06-11 23:32:22.899 D/Match code1( 1439): 2
06-11 23:32:22.899 D/JIO_TR069-( 1439): Predefined List [com.jio.stb.catv, com.rjil.jiostbsetting, com.iwedia.ui.rjio.launcher.reliance, com.jio.stb.hotellauncher, com.jio.media.oberoi, com.jio.ott]
06-11 23:32:22.901 D/JIO_TR069-( 1439): Caller Package com.iwedia.ui.rjio.launcher.reliance
06-11 23:32:22.901 D/JIO_TR069-( 1439): White Listed Apps []
06-11 23:32:22.901 D/JIO_TR069-( 1439): Final White Listed Apps [com.jio.stb.catv, com.rjil.jiostbsetting, com.iwedia.ui.rjio.launcher.reliance, com.jio.stb.hotellauncher, com.jio.media.oberoi, com.jio.ott, ]
06-11 23:32:22.901 D/stbdpc  (  397): STB_DPGetNumPaths[570]: num_paths: 1
06-11 23:32:22.904 D/JioLauncher( 1773): network-type-------NonJioNetwork
06-11 23:32:22.907 D/JioLauncher( 1773): live-tv-previousIp-[/fe80::1%wlan0, /192.168.1.1]-newHost-[/fe80::1%wlan0, /192.168.1.1]
06-11 23:32:22.912 D/Glide   ( 1773): Finished loading Bitmap from LOCAL for com.bumptech.glide.gifdecoder.StandardGifDecoder@8b54719 with size [314x176] in 4.943499999999999 ms
06-11 23:32:22.962 D/Glide   ( 1773): Finished loading Bitmap from LOCAL for com.bumptech.glide.gifdecoder.StandardGifDecoder@8b54719 with size [314x176] in 14.537790999999999 ms
06-11 23:32:22.995 D/Glide   ( 1773): Finished loading Bitmap from LOCAL for com.bumptech.glide.gifdecoder.StandardGifDecoder@8b54719 with size [314x176] in 6.526333999999999 ms
06-11 23:32:23.002 D/stbdpc  (  397): STB_DPGetNumPaths[570]: num_paths: 1
06-11 23:32:23.047 D/Glide   ( 1773): Finished loading Bitmap from LOCAL for com.bumptech.glide.gifdecoder.StandardGifDecoder@8b54719 with size [314x176] in 17.638417 ms
06-11 23:32:23.079 D/Glide   ( 1773): Finished loading Bitmap from LOCAL for com.bumptech.glide.gifdecoder.StandardGifDecoder@8b54719 with size [314x176] in 9.951291 ms
06-11 23:32:23.102 D/stbdpc  (  397): STB_DPGetNumPaths[570]: num_paths: 1
06-11 23:32:23.113 D/Glide   ( 1773): Finished loading Bitmap from LOCAL for com.bumptech.glide.gifdecoder.StandardGifDecoder@8b54719 with size [314x176] in 4.0097499999999995 ms
06-11 23:32:23.136 D/rtk_heartbeat(  349): heartbeat_timed_out: heartbeatCmdCount = 10751, expected nextSeqNum = 10751
06-11 23:32:23.137 D/rtk_heartbeat(  349): rtkbt_heartbeat_cmpl_cback: Current SeqNum = 10751,should SeqNum=10751, status = 0
06-11 23:32:23.163 D/Glide   ( 1773): Finished loading Bitmap from LOCAL for com.bumptech.glide.gifdecoder.StandardGifDecoder@8b54719 with size [314x176] in 13.491916999999999 ms
06-11 23:32:23.197 D/Glide   ( 1773): Finished loading Bitmap from LOCAL for com.bumptech.glide.gifdecoder.StandardGifDecoder@8b54719 with size [314x176] in 7.086708 ms
06-11 23:32:23.202 D/stbdpc  (  397): STB_DPGetNumPaths[570]: num_paths: 1
06-11 23:32:23.212 D/dvb_iptv(  397): ReadEmmNetworkTask[1537]: EMM Select Timeout Occured 24
06-11 23:32:23.246 D/Glide   ( 1773): Finished loading Bitmap from LOCAL for com.bumptech.glide.gifdecoder.StandardGifDecoder@8b54719 with size [314x176] in 15.855417 ms
06-11 23:32:23.254 I/uncher.relianc( 1773): oneway function results will be dropped but finished with status OK and parcel size 4
06-11 23:32:23.256 I/e.swalekh.abct( 1359): oneway function results will be dropped but finished with status OK and parcel size 4
06-11 23:32:23.263 D/JioSTBMRServer-SERVICE( 3589): InetSocketAddress(InetAddress.getByName(inetAddress.hostAddress)-/192.168.1.255
06-11 23:32:23.263 D/JioSTBMRServer-SERVICE( 3589): #beacon:RKISBFJ60000097:0:false:0:1:SV=181024 , 192.168.1.255
06-11 23:32:23.267 D/JioSTBMRServer-SERVICE( 3589): InetSocketAddress(InetAddress.getByName(inetAddress.hostAddress)-/192.168.1.255
06-11 23:32:23.267 D/JioSTBMRServer-SERVICE( 3589): #broadcast IP:192.168.1.255
06-11 23:32:23.279 D/Glide   ( 1773): Finished loading Bitmap from LOCAL for com.bumptech.glide.gifdecoder.StandardGifDecoder@8b54719 with size [314x176] in 9.111333 ms
06-11 23:32:23.280 D/JioStbInactivityTimer(  926): Timer: count 27 warningTimeout:10680 timeout:10800
06-11 23:32:23.281 D/JioStbInactivityTimer(  926): isUserActive: Curr:10746415 Prev:10746415
06-11 23:32:23.283 D/ltts_ip_emm(  397): LTTS_IP_DMXStartEMM[381]: parse_emm_cat_status failed
06-11 23:32:23.302 D/stbdpc  (  397): STB_DPGetNumPaths[570]: num_paths: 1
06-11 23:32:23.313 D/Glide   ( 1773): Finished loading Bitmap from LOCAL for com.bumptech.glide.gifdecoder.StandardGifDecoder@8b54719 with size [314x176] in 2.562167 ms
06-11 23:32:23.354 E/WifiVendorHal(  633): getWifiLinkLayerStats_1_3_Internal(l.973) failed {.code = ERROR_UNKNOWN, .description = unknown error}
06-11 23:32:23.362 D/Glide   ( 1773): Finished loading Bitmap from LOCAL for com.bumptech.glide.gifdecoder.StandardGifDecoder@8b54719 with size [314x176] in 10.548541 ms
06-11 23:32:23.396 D/Glide   ( 1773): Finished loading Bitmap from LOCAL for com.bumptech.glide.gifdecoder.StandardGifDecoder@8b54719 with size [314x176] in 3.921 ms
06-11 23:32:23.402 D/stbdpc  (  397): STB_DPGetNumPaths[570]: num_paths: 1
06-11 23:32:23.446 D/Glide   ( 1773): Finished loading Bitmap from LOCAL for com.bumptech.glide.gifdecoder.StandardGifDecoder@8b54719 with size [314x176] in 13.785416999999999 ms
06-11 23:32:23.463 I/ThermalService(  969): CPU temperatures: [60.300003]
06-11 23:32:23.479 D/Glide   ( 1773): Finished loading Bitmap from LOCAL for com.bumptech.glide.gifdecoder.StandardGifDecoder@8b54719 with size [314x176] in 6.5878749999999995 ms
06-11 23:32:23.503 D/stbdpc  (  397): STB_DPGetNumPaths[570]: num_paths: 1
06-11 23:32:23.529 D/Glide   ( 1773): Finished loading Bitmap from LOCAL for com.bumptech.glide.gifdecoder.StandardGifDecoder@8b54719 with size [314x176] in 16.138666 ms
06-11 23:32:23.534 I/appium  ( 2039): channel read: GET /status
06-11 23:32:23.537 I/appium  ( 2039): Status command
06-11 23:32:23.548 I/appium  ( 2039): AppiumResponse: {"sessionId":"None","value":{"message":"UiAutomator2 Server is ready to accept commands","ready":true}}
06-11 23:32:23.562 D/Glide   ( 1773): Finished loading Bitmap from LOCAL for com.bumptech.glide.gifdecoder.StandardGifDecoder@8b54719 with size [314x176] in 8.822208 ms
06-11 23:32:23.582 I/appium  ( 2039): channel read: POST /session
06-11 23:32:23.584 I/appium  ( 2039): NewSession command
06-11 23:32:23.596 D/Glide   ( 1773): Finished loading Bitmap from LOCAL for com.bumptech.glide.gifdecoder.StandardGifDecoder@8b54719 with size [314x176] in 2.522291 ms
06-11 23:32:23.603 D/stbdpc  (  397): STB_DPGetNumPaths[570]: num_paths: 1
06-11 23:32:23.608 W/tomator2.serve( 2039): Accessing hidden field Landroid/app/UiAutomation;->mOnAccessibilityEventListener:Landroid/app/UiAutomation$OnAccessibilityEventListener; (greylist-max-o, reflection, allowed)
06-11 23:32:23.616 I/appium  ( 2039): Created the new session with id 93167bda-893c-4803-9358-fa8baa2c7edf and capabilities {networkConnectionEnabled=true, warnings={}, databaseEnabled=false, deviceName=192.168.1.23:5555, platform=LINUX, deviceUDID=192.168.1.23:5555, desired={platformName=ANDROID, udid=192.168.1.23:5555, deviceName=192.168.1.23:5555, automationName=UIAutomator2}, automationName=UIAutomator2, webStorageEnabled=false, locationContextEnabled=false, takesScreenshot=true, javascriptEnabled=true, platformName=ANDROID, udid=192.168.1.23:5555}
06-11 23:32:23.629 I/appium  ( 2039): AppiumResponse: {"sessionId":"93167bda-893c-4803-9358-fa8baa2c7edf","value":{"capabilities":{"firstMatch":[{"platformName":"ANDROID","udid":"192.168.1.23:5555","deviceName":"192.168.1.23:5555","automationName":"UIAutomator2","platform":"LINUX","webStorageEnabled":false,"takesScreenshot":true,"javascriptEnabled":tru…
06-11 23:32:23.646 D/Glide   ( 1773): Finished loading Bitmap from LOCAL for com.bumptech.glide.gifdecoder.StandardGifDecoder@8b54719 with size [314x176] in 11.804958 ms
06-11 23:32:23.680 D/Glide   ( 1773): Finished loading Bitmap from LOCAL for com.bumptech.glide.gifdecoder.StandardGifDecoder@8b54719 with size [314x176] in 5.327667 ms
06-11 23:32:23.703 D/stbdpc  (  397): STB_DPGetNumPaths[570]: num_paths: 1
06-11 23:32:23.708 I/appium  ( 2039): channel read: GET /session/93167bda-893c-4803-9358-fa8baa2c7edf/appium/device/pixel_ratio
06-11 23:32:23.710 I/appium  ( 2039): GetDevicePixelRatio command
06-11 23:32:23.712 D/dvb_iptv(  397): ReadEmmNetworkTask[1537]: EMM Select Timeout Occured 25
06-11 23:32:23.715 I/appium  ( 2039): AppiumResponse: {"sessionId":"93167bda-893c-4803-9358-fa8baa2c7edf","value":2.0}
06-11 23:32:23.719 I/appium  ( 2039): channel read: GET /session/93167bda-893c-4803-9358-fa8baa2c7edf/appium/device/system_bars
06-11 23:32:23.721 I/appium  ( 2039): GetSystemBars command
06-11 23:32:23.726 I/appium  ( 2039): AppiumResponse: {"sessionId":"93167bda-893c-4803-9358-fa8baa2c7edf","value":{"statusBar":0}}
06-11 23:32:23.728 I/appium  ( 2039): channel read: GET /session/93167bda-893c-4803-9358-fa8baa2c7edf/window/current/size
06-11 23:32:23.730 D/Glide   ( 1773): Finished loading Bitmap from LOCAL for com.bumptech.glide.gifdecoder.StandardGifDecoder@8b54719 with size [314x176] in 14.835332999999999 ms
06-11 23:32:23.732 I/appium  ( 2039): GetDeviceSize command
06-11 23:32:23.732 I/appium  ( 2039): Get window size of the device
06-11 23:32:23.732 I/appium  ( 2039): channel read: GET /session/93167bda-893c-4803-9358-fa8baa2c7edf/appium/device/info
06-11 23:32:23.734 I/appium  ( 2039): GetDeviceInfo command
06-11 23:32:23.737 I/TetheringManager( 2039): registerTetheringEventCallback:io.appium.uiautomator2.server
06-11 23:32:23.737 I/appium  ( 2039): AppiumResponse: {"sessionId":"93167bda-893c-4803-9358-fa8baa2c7edf","value":{"height":1080,"width":1920}}
06-11 23:32:23.755 W/tomator2.serve( 2039): Accessing hidden field Landroid/net/NetworkCapabilities;->mSignalStrength:I (greylist-max-p, reflection, allowed)
06-11 23:32:23.755 W/tomator2.serve( 2039): Accessing hidden field Landroid/net/NetworkCapabilities;->mSSID:Ljava/lang/String; (greylist-max-o, reflection, allowed)
06-11 23:32:23.764 D/Glide   ( 1773): Finished loading Bitmap from LOCAL for com.bumptech.glide.gifdecoder.StandardGifDecoder@8b54719 with size [314x176] in 7.670375 ms
06-11 23:32:23.786 I/appium  ( 2039): AppiumResponse: {"sessionId":"93167bda-893c-4803-9358-fa8baa2c7edf","value":{"androidId":"407ddcfd393d8270","apiVersion":"30","bluetooth":{"state":"ON"},"brand":"Jio","carrierName":"","displayDensity":320,"locale":"en_IN","manufacturer":"Jio","model":"JMSB200A","networks":[{"capabilities":{"SSID":null,"linkDownBand…
06-11 23:32:23.803 D/stbdpc  (  397): STB_DPGetNumPaths[570]: num_paths: 1
06-11 23:32:23.814 D/Glide   ( 1773): Finished loading Bitmap from LOCAL for com.bumptech.glide.gifdecoder.StandardGifDecoder@8b54719 with size [314x176] in 17.582874999999998 ms
06-11 23:32:23.846 D/Glide   ( 1773): Finished loading Bitmap from LOCAL for com.bumptech.glide.gifdecoder.StandardGifDecoder@8b54719 with size [314x176] in 10.171083 ms
06-11 23:32:23.880 D/Glide   ( 1773): Finished loading Bitmap from LOCAL for com.bumptech.glide.gifdecoder.StandardGifDecoder@8b54719 with size [314x176] in 3.8395409999999996 ms
06-11 23:32:23.903 D/stbdpc  (  397): STB_DPGetNumPaths[570]: num_paths: 1
06-11 23:32:23.930 D/Glide   ( 1773): Finished loading Bitmap from LOCAL for com.bumptech.glide.gifdecoder.StandardGifDecoder@8b54719 with size [314x176] in 13.662666 ms
06-11 23:32:23.963 D/Glide   ( 1773): Finished loading Bitmap from LOCAL for com.bumptech.glide.gifdecoder.StandardGifDecoder@8b54719 with size [314x176] in 6.524334 ms
06-11 23:32:24.003 D/stbdpc  (  397): STB_DPGetNumPaths[570]: num_paths: 1
06-11 23:32:24.014 D/Glide   ( 1773): Finished loading Bitmap from LOCAL for com.bumptech.glide.gifdecoder.StandardGifDecoder@8b54719 with size [314x176] in 16.003 ms
06-11 23:32:24.046 D/Glide   ( 1773): Finished loading Bitmap from LOCAL for com.bumptech.glide.gifdecoder.StandardGifDecoder@8b54719 with size [314x176] in 8.175832999999999 ms
06-11 23:32:24.082 D/Glide   ( 1773): Finished loading Bitmap from LOCAL for com.bumptech.glide.gifdecoder.StandardGifDecoder@8b54719 with size [314x176] in 3.829208 ms
06-11 23:32:24.104 D/stbdpc  (  397): STB_DPGetNumPaths[570]: num_paths: 1
06-11 23:32:24.130 D/Glide   ( 1773): Finished loading Bitmap from LOCAL for com.bumptech.glide.gifdecoder.StandardGifDecoder@8b54719 with size [314x176] in 12.120166 ms
06-11 23:32:24.136 D/rtk_heartbeat(  349): heartbeat_timed_out: heartbeatCmdCount = 10752, expected nextSeqNum = 10752
06-11 23:32:24.137 D/rtk_heartbeat(  349): rtkbt_heartbeat_cmpl_cback: Current SeqNum = 10752,should SeqNum=10752, status = 0
06-11 23:32:24.163 D/Glide   ( 1773): Finished loading Bitmap from LOCAL for com.bumptech.glide.gifdecoder.StandardGifDecoder@8b54719 with size [314x176] in 5.511832999999999 ms
--------- beginning of kernel
06-11 23:32:24.186 D/[10775.340308@0]  logd(    0): logdr: UID=0 GID=0 PID=2125 b tail=0 logMask=99 pid=0 start=0ns timeout=0ns
06-11 23:32:24.190 D/[10775.340849@1]  logd(    0): Skipping 4294967295 entries from slow reader, pid 2125, from LogBuffer::kickMe()
06-11 23:32:24.204 D/stbdpc  (  397): STB_DPGetNumPaths[570]: num_paths: 1
06-11 23:32:24.212 D/dvb_iptv(  397): ReadEmmNetworkTask[1537]: EMM Select Timeout Occured 26
06-11 23:32:24.213 D/Glide   ( 1773): Finished loading Bitmap from LOCAL for com.bumptech.glide.gifdecoder.StandardGifDecoder@8b54719 with size [314x176] in 15.457165999999999 ms
06-11 23:32:24.246 D/Glide   ( 1773): Finished loading Bitmap from LOCAL for com.bumptech.glide.gifdecoder.StandardGifDecoder@8b54719 with size [314x176] in 8.539 ms
06-11 23:32:24.280 D/JioStbInactivityTimer(  926): Timer: count 28 warningTimeout:10680 timeout:10800
06-11 23:32:24.280 D/JioStbInactivityTimer(  926): isUserActive: Curr:10746415 Prev:10746415
06-11 23:32:24.281 D/Glide   ( 1773): Finished loading Bitmap from LOCAL for com.bumptech.glide.gifdecoder.StandardGifDecoder@8b54719 with size [314x176] in 3.2908749999999998 ms
06-11 23:32:24.304 D/stbdpc  (  397): STB_DPGetNumPaths[570]: num_paths: 1
06-11 23:32:24.330 D/Glide   ( 1773): Finished loading Bitmap from LOCAL for com.bumptech.glide.gifdecoder.StandardGifDecoder@8b54719 with size [314x176] in 12.049541999999999 ms
06-11 23:32:24.364 D/Glide   ( 1773): Finished loading Bitmap from LOCAL for com.bumptech.glide.gifdecoder.StandardGifDecoder@8b54719 with size [314x176] in 5.158167 ms
--------- beginning of system
06-11 23:32:24.389 I/ActivityTaskManager(  633): START u0 {flg=0x10000000 cmp=in.startv.hotstar/com.hotstar.MainActivity} from uid 0
06-11 23:32:24.390 D/ActivityStarter(  633):  
06-11 23:32:24.390 D/ActivityStarter(  633): launchedPkgName :: in.startv.hotstar 
06-11 23:32:24.390 D/ActivityStarter(  633): callingPackage :: com.android.shell 
06-11 23:32:24.390 D/ActivityStarter(  633): callingUid :: 0 
06-11 23:32:24.390 D/ActivityStarter(  633): callingPid :: 2143
06-11 23:32:24.390 D/ActivityTaskManager(  633): OTHER app is launched
06-11 23:32:24.400 V/DigitalSignage(  633): Package Name: null
06-11 23:32:24.400 V/DigitalSignage(  633): Left: 0
06-11 23:32:24.400 V/DigitalSignage(  633): Right: 0
06-11 23:32:24.400 V/DigitalSignage(  633): Top: 0
06-11 23:32:24.400 V/DigitalSignage(  633): Bottom: 0
06-11 23:32:24.400 D/DigitalSignage(  633): else - Package Name :: null left : 0 right :: 0 top :: 0 bottom :: 0 dfu-right :: 1920 dfu-bottom :: 1080
06-11 23:32:24.403 I/cmd     ( 2143): oneway function results will be dropped but finished with status OK and parcel size 4
06-11 23:32:24.403 D/JioLauncher( 1773): package-unregisterReceiver-for-downloadFeedBackReceiver
06-11 23:32:24.404 D/JioLauncher( 1773): onPause called in PromotionFragment
06-11 23:32:24.404 D/stbdpc  (  397): STB_DPGetNumPaths[570]: num_paths: 1
06-11 23:32:24.405 D/JioLauncher( 1773): intro-activity-on-pause
06-11 23:32:24.405 D/JioLauncher( 1773): recommendation-pause-called-no-recommendation-call-in-progress-cancel-handler
06-11 23:32:24.405 D/JioLauncher( 1773): ipl-pause-called-no-ipl-call-in-progress-cancel-handler
06-11 23:32:24.405 D/JioLauncher( 1773): for-u-recommendation-api-call-remove
06-11 23:32:24.405 D/JioLauncher( 1773): promotion-pause-called-no-ads-call-in-progress-cancel-handler
06-11 23:32:24.405 D/JioLauncher( 1773): ipl-promotion-pause-called-no-ads-call-in-progress-cancel-handler
06-11 23:32:24.406 D/JioLauncher( 1773): ThreadCount-220
06-11 23:32:24.406 D/JioLauncher( 1773): isInactivityPopupDisplaying-{"inactivity_status_modified_time":1420050609621,"inactivity_status":false,"inactivity_window_timeout":120000}
06-11 23:32:24.406 D/JioLauncher( 1773): inactivity_status-false- result-false
06-11 23:32:24.406 D/JioLauncher( 1773): overlay-removing-type-LIVE_TV_ALERT_TYPE  -isInactivityPopupDisplaying-false
06-11 23:32:24.406 D/JioLauncher( 1773): ThreadCount-220
06-11 23:32:24.407 D/JioLauncher( 1773): isInactivityPopupDisplaying-{"inactivity_status_modified_time":1420050609621,"inactivity_status":false,"inactivity_window_timeout":120000}
06-11 23:32:24.407 D/JioLauncher( 1773): inactivity_status-false- result-false
06-11 23:32:24.407 D/JioLauncher( 1773): block-apps 1 null false
06-11 23:32:24.407 D/JioLauncher( 1773): global-key-unblock-all-key
06-11 23:32:24.408 D/CompatibilityChangeReporter(  633): Compat change id reported: 135634846; UID 10072; state: DISABLED
06-11 23:32:24.409 D/CompatibilityChangeReporter(  633): Compat change id reported: 143937733; UID 10072; state: ENABLED
06-11 23:32:24.409 D/JioLauncher( 1773): block-apps -1 null false
06-11 23:32:24.409 D/JioLauncher( 1773): global-key-block-all-key--others
06-11 23:32:24.418 D/JioLauncher( 1773): promotion auto play stop true
06-11 23:32:24.420 D/Glide   ( 1773): Finished loading Bitmap from LOCAL for com.bumptech.glide.gifdecoder.StandardGifDecoder@8b54719 with size [314x176] in 17.463417 ms
06-11 23:32:24.434 V/DigitalSignage(  633): Package Name: null
06-11 23:32:24.434 V/DigitalSignage(  633): Left: 0
06-11 23:32:24.434 V/DigitalSignage(  633): Right: 0
06-11 23:32:24.434 V/DigitalSignage(  633): Top: 0
06-11 23:32:24.434 V/DigitalSignage(  633): Bottom: 0
06-11 23:32:24.434 D/DigitalSignage(  633): else - Package Name :: null left : 0 right :: 0 top :: 0 bottom :: 0 dfu-right :: 1920 dfu-bottom :: 1080
06-11 23:32:24.436 D/Zygote  (  324): Forked child process 2158
06-11 23:32:24.440 I/ActivityManager(  633): Start proc 2158:in.startv.hotstar/u0a72 for pre-top-activity {in.startv.hotstar/com.hotstar.MainActivity}
06-11 23:32:24.460 V/DigitalSignage(  633): Package Name: null
06-11 23:32:24.460 V/DigitalSignage(  633): Left: 0
06-11 23:32:24.460 V/DigitalSignage(  633): Right: 0
06-11 23:32:24.460 V/DigitalSignage(  633): Top: 0
06-11 23:32:24.460 V/DigitalSignage(  633): Bottom: 0
06-11 23:32:24.461 D/DigitalSignage(  633): else - Package Name :: null left : 0 right :: 0 top :: 0 bottom :: 0 dfu-right :: 1920 dfu-bottom :: 1080
06-11 23:32:24.465 I/appium  ( 2039): channel read: POST /session/93167bda-893c-4803-9358-fa8baa2c7edf/element
06-11 23:32:24.466 I/appium  ( 2039): FindElement command
06-11 23:32:24.470 I/appium  ( 2039): method: 'xpath', selector: '//android.widget.ImageView[@resource-id='in.startv.hotstar:id/iv_profile']'
06-11 23:32:24.473 I/adbd    (12860): jdwp connection from 2158
06-11 23:32:24.474 I/appium  ( 2039): Waiting up to 10000ms for the device to idle
06-11 23:32:24.474 D/Glide   ( 1773): Finished loading Bitmap from LOCAL for com.bumptech.glide.gifdecoder.StandardGifDecoder@8b54719 with size [314x176] in 26.937417 ms
06-11 23:32:24.487 D/ActivityTaskManager(  633): JioHomeManagerService :: ActivityRecord :: setState :: StateFrom :: INITIALIZING StateTo :: RESUMED 
06-11 23:32:24.494 V/DigitalSignage(  633): Package Name: null
06-11 23:32:24.494 V/DigitalSignage(  633): Left: 0
06-11 23:32:24.494 V/DigitalSignage(  633): Right: 0
06-11 23:32:24.494 V/DigitalSignage(  633): Top: 0
06-11 23:32:24.494 V/DigitalSignage(  633): Bottom: 0
06-11 23:32:24.495 D/DigitalSignage(  633): else - Package Name :: null left : 0 right :: 0 top :: 0 bottom :: 0 dfu-right :: 1920 dfu-bottom :: 1080
06-11 23:32:24.497 I/android.hardware.power-service.libperfmgr(  366): Power setBoost: INTERACTION duration: 0
06-11 23:32:24.497 I/libperfmgr(  366): Do Powerhint: INTERACTION
06-11 23:32:24.501 D/Glide   ( 1773): Finished loading Bitmap from LOCAL for com.bumptech.glide.gifdecoder.StandardGifDecoder@8b54719 with size [314x176] in 13.88525 ms
06-11 23:32:24.501 D/ActivityManager(  633): JioHomeManagerService :: StateFrom :: INITIALIZING StateTo :: RESUMED Activity :: in.startv.hotstar/com.hotstar.MainActivity Action :: com.jio.remote.action.applaunch
06-11 23:32:24.502 D/NetflixService(  969): onForegroundActivitiesChanged pid:2158,uid:10072,fg:true
06-11 23:32:24.504 D/stbdpc  (  397): STB_DPGetNumPaths[570]: num_paths: 1
06-11 23:32:24.509 D/NetflixService(  969): processName:com.netflix.ninja,importance:300
06-11 23:32:24.515 V/DigitalSignage(  633): Package Name: null
06-11 23:32:24.515 V/DigitalSignage(  633): Left: 0
06-11 23:32:24.515 V/DigitalSignage(  633): Right: 0
06-11 23:32:24.515 V/DigitalSignage(  633): Top: 0
06-11 23:32:24.515 V/DigitalSignage(  633): Bottom: 0
06-11 23:32:24.515 D/DigitalSignage(  633): else - Package Name :: null left : 0 right :: 0 top :: 0 bottom :: 0 dfu-right :: 1920 dfu-bottom :: 1080
06-11 23:32:24.531 D/NetworkSecurityConfig( 2158): Using Network Security Config from resource network_security_config debugBuild: false
06-11 23:32:24.534 D/NetworkSecurityConfig( 2158): Using Network Security Config from resource network_security_config debugBuild: false
06-11 23:32:24.535 D/Glide   ( 1773): Finished loading Bitmap from LOCAL for com.bumptech.glide.gifdecoder.StandardGifDecoder@8b54719 with size [314x176] in 7.8072919999999995 ms
06-11 23:32:24.563 D/SessionsDependencies( 2158): Dependency to CRASHLYTICS added.
06-11 23:32:24.579 I/FirebaseApp( 2158): Device unlocked: initializing all Firebase APIs for app [DEFAULT]
06-11 23:32:24.582 D/Glide   ( 1773): Finished loading Bitmap from LOCAL for com.bumptech.glide.gifdecoder.StandardGifDecoder@8b54719 with size [314x176] in 14.326666999999999 ms
06-11 23:32:24.603 D/FirebaseSessions( 2158): Initializing Firebase Sessions SDK.
06-11 23:32:24.604 D/stbdpc  (  397): STB_DPGetNumPaths[570]: num_paths: 1
06-11 23:32:24.616 D/Glide   ( 1773): Finished loading Bitmap from LOCAL for com.bumptech.glide.gifdecoder.StandardGifDecoder@8b54719 with size [314x176] in 7.028708 ms
06-11 23:32:24.616 I/FirebaseCrashlytics( 2158): Initializing Firebase Crashlytics 19.3.0 for in.startv.hotstar
06-11 23:32:24.623 W/GooglePlayServicesUtil( 2158): in.startv.hotstar requires the Google Play Store, but it is missing.
06-11 23:32:24.623 E/DynamiteModule( 2158): Invalid GmsCore APK, remote loading disabled.
06-11 23:32:24.623 I/DynamiteModule( 2158): Considering local module com.google.android.gms.measurement.dynamite:127 and remote module com.google.android.gms.measurement.dynamite:0
06-11 23:32:24.623 I/DynamiteModule( 2158): Selected local version of com.google.android.gms.measurement.dynamite
06-11 23:32:24.625 E/DynamiteModule( 2158): Invalid GmsCore APK, remote loading disabled.
06-11 23:32:24.639 W/FA      ( 2158): Failed to register event listener on calling thread. Trying again on the dynamite thread.
06-11 23:32:24.641 D/SessionsDependencies( 2158): Subscriber CRASHLYTICS registered.
--------- beginning of crash
06-11 23:32:24.662 F/linker  ( 2190): CANNOT LINK EXECUTABLE "/system/bin/smartcable/smartCableSTBApp": library "libmosquitto.so" not found: needed by main executable
06-11 23:32:24.665 D/Glide   ( 1773): Finished loading Bitmap from LOCAL for com.bumptech.glide.gifdecoder.StandardGifDecoder@8b54719 with size [314x176] in 15.797208999999999 ms
06-11 23:32:24.667 I/FA      ( 2158): App measurement initialized, version: 106000
06-11 23:32:24.667 I/FA      ( 2158): To enable debug logging run: adb shell setprop log.tag.FA VERBOSE
06-11 23:32:24.669 I/FA      ( 2158): To enable faster debug mode event logging run:
06-11 23:32:24.669 I/FA      ( 2158):   adb shell setprop debug.firebase.analytics.app in.startv.hotstar
