06-11 15:49:38.278 V/DisplayPowerController[0](  631): Brightness [0.39763778] reason changing to: 'manual', previous reason: 'manual [ dim ]'.
06-11 15:49:38.278 I/DisplayPowerController[0](  631): BrightnessEvent: disp=0, brt=0.39763778, rcmdBrt=NaN, preBrt=NaN, lux=0.0, preLux=0.0, hbmMax=1.0, hbmMode=off, thrmMax=1.0, flags=, reason=manual
06-11 15:49:38.278 I/PowerGroup(  631): Waking up power group from Dreaming (groupId=0, uid=1000, reason=WAKE_REASON_DREAM_FINISHED, details=android.server.power:DREAM_FINISHED)...
06-11 15:49:38.280 I/PowerManagerService(  631): Waking up from Dreaming (uid=1000, reason=WAKE_REASON_DREAM_FINISHED, details=android.server.power:DREAM_FINISHED)...
06-11 15:49:38.282 E/ActivityManager(  631): Cancel pending or running compactions as system is awake
06-11 15:49:38.289 D/DisplayDeviceConfig(  631): requesting nits when no mapping exists.
06-11 15:49:38.289 D/DisplayDeviceConfig(  631): requesting nits when no mapping exists.
06-11 15:49:38.306 D/DisplayDeviceConfig(  631): requesting nits when no mapping exists.
06-11 15:49:38.307 D/DisplayDeviceConfig(  631): requesting nits when no mapping exists.
06-11 15:49:38.307 E/lights  (  473): writeLed test:/sys/class/backlight/aml-bl/brightness,color:-15790321
06-11 15:49:38.309 E/lights  (  473): COULD NOT OPEN LED_DEVICE /sys/class/backlight/aml-bl/brightness
06-11 15:49:38.316 W/GestureController(29986): Gestures took longer than expected (61ms >> 16ms), device might be in a busy state.
06-11 15:49:38.317 I/appium  (29986): Waiting up to 10000ms for the device to idle
06-11 15:49:38.323 D/DisplayDeviceConfig(  631): requesting nits when no mapping exists.
06-11 15:49:38.323 D/DisplayDeviceConfig(  631): requesting nits when no mapping exists.
06-11 15:49:38.323 E/lights  (  473): writeLed test:/sys/class/backlight/aml-bl/brightness,color:-15724528
06-11 15:49:38.323 E/lights  (  473): COULD NOT OPEN LED_DEVICE /sys/class/backlight/aml-bl/brightness
06-11 15:49:38.339 D/DisplayDeviceConfig(  631): requesting nits when no mapping exists.
06-11 15:49:38.339 D/DisplayDeviceConfig(  631): requesting nits when no mapping exists.
06-11 15:49:38.340 E/lights  (  473): writeLed test:/sys/class/backlight/aml-bl/brightness,color:-15658735
06-11 15:49:38.340 E/lights  (  473): COULD NOT OPEN LED_DEVICE /sys/class/backlight/aml-bl/brightness
06-11 15:49:38.356 D/DisplayDeviceConfig(  631): requesting nits when no mapping exists.
06-11 15:49:38.356 D/DisplayDeviceConfig(  631): requesting nits when no mapping exists.
06-11 15:49:38.356 E/lights  (  473): writeLed test:/sys/class/backlight/aml-bl/brightness,color:-15592942
06-11 15:49:38.356 E/lights  (  473): COULD NOT OPEN LED_DEVICE /sys/class/backlight/aml-bl/brightness
06-11 15:49:38.372 D/DisplayDeviceConfig(  631): requesting nits when no mapping exists.
06-11 15:49:38.373 D/DisplayDeviceConfig(  631): requesting nits when no mapping exists.
06-11 15:49:38.389 D/DisplayDeviceConfig(  631): requesting nits when no mapping exists.
06-11 15:49:38.389 D/DisplayDeviceConfig(  631): requesting nits when no mapping exists.
06-11 15:49:38.389 E/lights  (  473): writeLed test:/sys/class/backlight/aml-bl/brightness,color:-15527149
06-11 15:49:38.389 E/lights  (  473): COULD NOT OPEN LED_DEVICE /sys/class/backlight/aml-bl/brightness
06-11 15:49:38.406 D/DisplayDeviceConfig(  631): requesting nits when no mapping exists.
06-11 15:49:38.406 D/DisplayDeviceConfig(  631): requesting nits when no mapping exists.
06-11 15:49:38.406 E/lights  (  473): writeLed test:/sys/class/backlight/aml-bl/brightness,color:-15461356
06-11 15:49:38.406 E/lights  (  473): COULD NOT OPEN LED_DEVICE /sys/class/backlight/aml-bl/brightness
06-11 15:49:38.423 D/DisplayDeviceConfig(  631): requesting nits when no mapping exists.
06-11 15:49:38.423 D/DisplayDeviceConfig(  631): requesting nits when no mapping exists.
06-11 15:49:38.423 E/lights  (  473): writeLed test:/sys/class/backlight/aml-bl/brightness,color:-15395563
06-11 15:49:38.424 E/lights  (  473): COULD NOT OPEN LED_DEVICE /sys/class/backlight/aml-bl/brightness
06-11 15:49:38.440 D/DisplayDeviceConfig(  631): requesting nits when no mapping exists.
06-11 15:49:38.440 D/DisplayDeviceConfig(  631): requesting nits when no mapping exists.
06-11 15:49:38.440 E/lights  (  473): writeLed test:/sys/class/backlight/aml-bl/brightness,color:-15329770
06-11 15:49:38.440 E/lights  (  473): COULD NOT OPEN LED_DEVICE /sys/class/backlight/aml-bl/brightness
06-11 15:49:38.456 D/DisplayDeviceConfig(  631): requesting nits when no mapping exists.
06-11 15:49:38.456 D/DisplayDeviceConfig(  631): requesting nits when no mapping exists.
06-11 15:49:38.457 E/lights  (  473): writeLed test:/sys/class/backlight/aml-bl/brightness,color:-15263977
06-11 15:49:38.457 E/lights  (  473): COULD NOT OPEN LED_DEVICE /sys/class/backlight/aml-bl/brightness
06-11 15:49:38.472 D/DisplayDeviceConfig(  631): requesting nits when no mapping exists.
06-11 15:49:38.472 D/DisplayDeviceConfig(  631): requesting nits when no mapping exists.
06-11 15:49:38.473 E/lights  (  473): writeLed test:/sys/class/backlight/aml-bl/brightness,color:-15198184
06-11 15:49:38.473 E/lights  (  473): COULD NOT OPEN LED_DEVICE /sys/class/backlight/aml-bl/brightness
06-11 15:49:38.489 D/DisplayDeviceConfig(  631): requesting nits when no mapping exists.
06-11 15:49:38.490 D/DisplayDeviceConfig(  631): requesting nits when no mapping exists.
06-11 15:49:38.490 E/lights  (  473): writeLed test:/sys/class/backlight/aml-bl/brightness,color:-15066598
06-11 15:49:38.490 E/lights  (  473): COULD NOT OPEN LED_DEVICE /sys/class/backlight/aml-bl/brightness
06-11 15:49:38.506 D/DisplayDeviceConfig(  631): requesting nits when no mapping exists.
06-11 15:49:38.506 D/DisplayDeviceConfig(  631): requesting nits when no mapping exists.
06-11 15:49:38.507 E/lights  (  473): writeLed test:/sys/class/backlight/aml-bl/brightness,color:-15000805
06-11 15:49:38.507 E/lights  (  473): COULD NOT OPEN LED_DEVICE /sys/class/backlight/aml-bl/brightness
06-11 15:49:38.523 D/DisplayDeviceConfig(  631): requesting nits when no mapping exists.
06-11 15:49:38.523 D/DisplayDeviceConfig(  631): requesting nits when no mapping exists.
06-11 15:49:38.523 E/lights  (  473): writeLed test:/sys/class/backlight/aml-bl/brightness,color:-14935012
06-11 15:49:38.524 E/lights  (  473): COULD NOT OPEN LED_DEVICE /sys/class/backlight/aml-bl/brightness
06-11 15:49:38.539 D/DisplayDeviceConfig(  631): requesting nits when no mapping exists.
06-11 15:49:38.539 D/DisplayDeviceConfig(  631): requesting nits when no mapping exists.
06-11 15:49:38.539 E/lights  (  473): writeLed test:/sys/class/backlight/aml-bl/brightness,color:-14803426
06-11 15:49:38.539 E/lights  (  473): COULD NOT OPEN LED_DEVICE /sys/class/backlight/aml-bl/brightness
06-11 15:49:38.556 D/DisplayDeviceConfig(  631): requesting nits when no mapping exists.
06-11 15:49:38.556 D/DisplayDeviceConfig(  631): requesting nits when no mapping exists.
06-11 15:49:38.556 E/lights  (  473): writeLed test:/sys/class/backlight/aml-bl/brightness,color:-14737633
06-11 15:49:38.556 E/lights  (  473): COULD NOT OPEN LED_DEVICE /sys/class/backlight/aml-bl/brightness
06-11 15:49:38.573 D/DisplayDeviceConfig(  631): requesting nits when no mapping exists.
06-11 15:49:38.574 D/DisplayDeviceConfig(  631): requesting nits when no mapping exists.
06-11 15:49:38.574 E/lights  (  473): writeLed test:/sys/class/backlight/aml-bl/brightness,color:-14606047
06-11 15:49:38.574 E/lights  (  473): COULD NOT OPEN LED_DEVICE /sys/class/backlight/aml-bl/brightness
06-11 15:49:38.590 D/DisplayDeviceConfig(  631): requesting nits when no mapping exists.
06-11 15:49:38.590 D/DisplayDeviceConfig(  631): requesting nits when no mapping exists.
06-11 15:49:38.590 E/lights  (  473): writeLed test:/sys/class/backlight/aml-bl/brightness,color:-14474461
06-11 15:49:38.590 E/lights  (  473): COULD NOT OPEN LED_DEVICE /sys/class/backlight/aml-bl/brightness
06-11 15:49:38.606 D/DisplayDeviceConfig(  631): requesting nits when no mapping exists.
06-11 15:49:38.606 D/DisplayDeviceConfig(  631): requesting nits when no mapping exists.
06-11 15:49:38.607 E/lights  (  473): writeLed test:/sys/class/backlight/aml-bl/brightness,color:-14408668
06-11 15:49:38.607 E/lights  (  473): COULD NOT OPEN LED_DEVICE /sys/class/backlight/aml-bl/brightness
06-11 15:49:38.622 D/DisplayDeviceConfig(  631): requesting nits when no mapping exists.
06-11 15:49:38.622 D/DisplayDeviceConfig(  631): requesting nits when no mapping exists.
06-11 15:49:38.623 E/lights  (  473): writeLed test:/sys/class/backlight/aml-bl/brightness,color:-14277082
06-11 15:49:38.623 E/lights  (  473): COULD NOT OPEN LED_DEVICE /sys/class/backlight/aml-bl/brightness
06-11 15:49:38.639 D/DisplayDeviceConfig(  631): requesting nits when no mapping exists.
06-11 15:49:38.639 D/DisplayDeviceConfig(  631): requesting nits when no mapping exists.
06-11 15:49:38.640 E/lights  (  473): writeLed test:/sys/class/backlight/aml-bl/brightness,color:-14079703
06-11 15:49:38.640 E/lights  (  473): COULD NOT OPEN LED_DEVICE /sys/class/backlight/aml-bl/brightness
06-11 15:49:38.656 D/DisplayDeviceConfig(  631): requesting nits when no mapping exists.
06-11 15:49:38.656 D/DisplayDeviceConfig(  631): requesting nits when no mapping exists.
06-11 15:49:38.657 E/lights  (  473): writeLed test:/sys/class/backlight/aml-bl/brightness,color:-13948117
06-11 15:49:38.657 E/lights  (  473): COULD NOT OPEN LED_DEVICE /sys/class/backlight/aml-bl/brightness
06-11 15:49:38.673 D/DisplayDeviceConfig(  631): requesting nits when no mapping exists.
06-11 15:49:38.673 D/DisplayDeviceConfig(  631): requesting nits when no mapping exists.
06-11 15:49:38.673 E/lights  (  473): writeLed test:/sys/class/backlight/aml-bl/brightness,color:-13816531
06-11 15:49:38.674 E/lights  (  473): COULD NOT OPEN LED_DEVICE /sys/class/backlight/aml-bl/brightness
06-11 15:49:38.690 D/DisplayDeviceConfig(  631): requesting nits when no mapping exists.
06-11 15:49:38.690 D/DisplayDeviceConfig(  631): requesting nits when no mapping exists.
06-11 15:49:38.690 E/lights  (  473): writeLed test:/sys/class/backlight/aml-bl/brightness,color:-13619152
06-11 15:49:38.690 E/lights  (  473): COULD NOT OPEN LED_DEVICE /sys/class/backlight/aml-bl/brightness
06-11 15:49:38.706 D/DisplayDeviceConfig(  631): requesting nits when no mapping exists.
06-11 15:49:38.706 D/DisplayDeviceConfig(  631): requesting nits when no mapping exists.
06-11 15:49:38.706 E/lights  (  473): writeLed test:/sys/class/backlight/aml-bl/brightness,color:-13421773
06-11 15:49:38.706 E/lights  (  473): COULD NOT OPEN LED_DEVICE /sys/class/backlight/aml-bl/brightness
06-11 15:49:38.723 D/DisplayDeviceConfig(  631): requesting nits when no mapping exists.
06-11 15:49:38.723 D/DisplayDeviceConfig(  631): requesting nits when no mapping exists.
06-11 15:49:38.723 E/lights  (  473): writeLed test:/sys/class/backlight/aml-bl/brightness,color:-13224394
06-11 15:49:38.723 E/lights  (  473): COULD NOT OPEN LED_DEVICE /sys/class/backlight/aml-bl/brightness
06-11 15:49:38.740 D/DisplayDeviceConfig(  631): requesting nits when no mapping exists.
06-11 15:49:38.740 D/DisplayDeviceConfig(  631): requesting nits when no mapping exists.
06-11 15:49:38.740 E/lights  (  473): writeLed test:/sys/class/backlight/aml-bl/brightness,color:-13027015
06-11 15:49:38.741 E/lights  (  473): COULD NOT OPEN LED_DEVICE /sys/class/backlight/aml-bl/brightness
06-11 15:49:38.756 D/DisplayDeviceConfig(  631): requesting nits when no mapping exists.
06-11 15:49:38.756 D/DisplayDeviceConfig(  631): requesting nits when no mapping exists.
06-11 15:49:38.756 E/lights  (  473): writeLed test:/sys/class/backlight/aml-bl/brightness,color:-12829636
06-11 15:49:38.756 E/lights  (  473): COULD NOT OPEN LED_DEVICE /sys/class/backlight/aml-bl/brightness
06-11 15:49:38.773 D/DisplayDeviceConfig(  631): requesting nits when no mapping exists.
06-11 15:49:38.773 D/DisplayDeviceConfig(  631): requesting nits when no mapping exists.
06-11 15:49:38.773 E/lights  (  473): writeLed test:/sys/class/backlight/aml-bl/brightness,color:-12566464
06-11 15:49:38.774 E/lights  (  473): COULD NOT OPEN LED_DEVICE /sys/class/backlight/aml-bl/brightness
06-11 15:49:38.790 D/DisplayDeviceConfig(  631): requesting nits when no mapping exists.
06-11 15:49:38.790 D/DisplayDeviceConfig(  631): requesting nits when no mapping exists.
06-11 15:49:38.790 E/lights  (  473): writeLed test:/sys/class/backlight/aml-bl/brightness,color:-12303292
06-11 15:49:38.790 E/lights  (  473): COULD NOT OPEN LED_DEVICE /sys/class/backlight/aml-bl/brightness
06-11 15:49:38.792 I/appium  (29986): AppiumResponse: {"sessionId":"dbeca97b-541c-49ff-83ca-53bd577bd222","value":null}
06-11 15:49:38.806 D/DisplayDeviceConfig(  631): requesting nits when no mapping exists.
06-11 15:49:38.806 D/DisplayDeviceConfig(  631): requesting nits when no mapping exists.
06-11 15:49:38.806 E/lights  (  473): writeLed test:/sys/class/backlight/aml-bl/brightness,color:-12040120
06-11 15:49:38.807 E/lights  (  473): COULD NOT OPEN LED_DEVICE /sys/class/backlight/aml-bl/brightness
06-11 15:49:38.823 D/DisplayDeviceConfig(  631): requesting nits when no mapping exists.
06-11 15:49:38.823 D/DisplayDeviceConfig(  631): requesting nits when no mapping exists.
06-11 15:49:38.823 E/lights  (  473): writeLed test:/sys/class/backlight/aml-bl/brightness,color:-11776948
06-11 15:49:38.823 E/lights  (  473): COULD NOT OPEN LED_DEVICE /sys/class/backlight/aml-bl/brightness
06-11 15:49:38.825 I/appium  (29986): channel read: POST /session/dbeca97b-541c-49ff-83ca-53bd577bd222/appium/device/press_keycode
06-11 15:49:38.826 I/appium  (29986): PressKeyCode command
06-11 15:49:38.826 I/appium  (29986): Calling PressKeyCode... 
06-11 15:49:38.831 D/UiDevice(29986): Pressing keycodes [66] with modifier 0.
06-11 15:49:38.840 D/DisplayDeviceConfig(  631): requesting nits when no mapping exists.
06-11 15:49:38.840 D/DisplayDeviceConfig(  631): requesting nits when no mapping exists.
06-11 15:49:38.840 D/WindowManager(  631): interceptKeyBeforeQueueing 
06-11 15:49:38.840 D/WindowManager(  631): keyCode: 66 down: true isWakeKey: false deviceName: Virtual KeyCode: KEYCODE_ENTER
06-11 15:49:38.841 I/IWediaGlobalKeysHelper(  631): No keys to Block
06-11 15:49:38.841 E/lights  (  473): writeLed test:/sys/class/backlight/aml-bl/brightness,color:-11447983
06-11 15:49:38.841 E/lights  (  473): COULD NOT OPEN LED_DEVICE /sys/class/backlight/aml-bl/brightness
06-11 15:49:38.841 D/NavigtionSlippingUI( 1091): event.getKeyCode()=66
06-11 15:49:38.842 D/WindowManager(  631): interactive: true
06-11 15:49:38.844 D/WindowManager(  631): enter interceptKeyBeforeDispatching 1
06-11 15:49:38.844 I/IWediaGlobalKeysHelper(  631): No keys to Block
06-11 15:49:38.844 I/WindowManager(  631): cvteInterceptKeyBeforeDispatching Go in event =66
06-11 15:49:38.844 D/WindowManager(  631): enter cvteInterceptKeyBeforeDispatching onGlobalKeyEvent
06-11 15:49:38.845 D/Evan    ( 1091): onGlobalKeyEvent keycode=66
06-11 15:49:38.845 D/JioSettings(23032): a : onReceive::action::com.iwedia.inactivtytimer.INACTIVITY_RESET
06-11 15:49:38.846 D/WindowManager(  631): onGlobalKeyEvent ret = false
06-11 15:49:38.847 D/WindowManager(  631): enter interceptKeyBeforeDispatching 3
06-11 15:49:38.847 D/GlobalKeyManager(  631): handleGlobalKey 66 KeyEvent { action=ACTION_DOWN, keyCode=KEYCODE_ENTER, scanCode=0, metaState=0, flags=0x0, repeatCount=0, eventTime=16939703000000, downTime=16939703000000, deviceId=-1, source=0x101, displayId=-1 }
06-11 15:49:38.853 D/WindowManager(  631): interceptKeyBeforeQueueing 
06-11 15:49:38.853 D/WindowManager(  631): keyCode: 66 down: false isWakeKey: false deviceName: Virtual KeyCode: KEYCODE_ENTER
06-11 15:49:38.853 I/IWediaGlobalKeysHelper(  631): No keys to Block
06-11 15:49:38.854 D/NavigtionSlippingUI( 1091): event.getKeyCode()=66
06-11 15:49:38.854 D/WindowManager(  631): interactive: true
06-11 15:49:38.855 D/WindowManager(  631): enter interceptKeyBeforeDispatching 1
06-11 15:49:38.855 I/IWediaGlobalKeysHelper(  631): No keys to Block
06-11 15:49:38.855 I/WindowManager(  631): cvteInterceptKeyBeforeDispatching Go in event =66
06-11 15:49:38.855 D/WindowManager(  631): enter cvteInterceptKeyBeforeDispatching onGlobalKeyEvent
06-11 15:49:38.856 D/Evan    ( 1091): onGlobalKeyEvent keycode=66
06-11 15:49:38.856 D/DisplayDeviceConfig(  631): requesting nits when no mapping exists.
06-11 15:49:38.856 D/DisplayDeviceConfig(  631): requesting nits when no mapping exists.
06-11 15:49:38.856 E/lights  (  473): writeLed test:/sys/class/backlight/aml-bl/brightness,color:-11119018
06-11 15:49:38.857 E/lights  (  473): COULD NOT OPEN LED_DEVICE /sys/class/backlight/aml-bl/brightness
06-11 15:49:38.857 D/JioSettings(23032): a : onReceive::action::com.iwedia.inactivtytimer.INACTIVITY_RESET
06-11 15:49:38.858 D/WindowManager(  631): onGlobalKeyEvent ret = false
06-11 15:49:38.858 D/WindowManager(  631): enter interceptKeyBeforeDispatching 3
06-11 15:49:38.858 D/GlobalKeyManager(  631): handleGlobalKey 66 KeyEvent { action=ACTION_UP, keyCode=KEYCODE_ENTER, scanCode=0, metaState=0, flags=0x0, repeatCount=0, eventTime=16939703000000, downTime=16939703000000, deviceId=-1, source=0x101, displayId=-1 }
06-11 15:49:38.872 D/DisplayDeviceConfig(  631): requesting nits when no mapping exists.
06-11 15:49:38.873 D/DisplayDeviceConfig(  631): requesting nits when no mapping exists.
06-11 15:49:38.873 E/lights  (  473): writeLed test:/sys/class/backlight/aml-bl/brightness,color:-10790053
06-11 15:49:38.873 E/lights  (  473): COULD NOT OPEN LED_DEVICE /sys/class/backlight/aml-bl/brightness
06-11 15:49:38.890 D/DisplayDeviceConfig(  631): requesting nits when no mapping exists.
06-11 15:49:38.890 D/DisplayDeviceConfig(  631): requesting nits when no mapping exists.
06-11 15:49:38.891 E/lights  (  473): writeLed test:/sys/class/backlight/aml-bl/brightness,color:-10395295
06-11 15:49:38.891 E/lights  (  473): COULD NOT OPEN LED_DEVICE /sys/class/backlight/aml-bl/brightness
06-11 15:49:38.892 I/appium  (29986): AppiumResponse: {"sessionId":"dbeca97b-541c-49ff-83ca-53bd577bd222","value":null}
06-11 15:49:38.895 W/vte.tv.api.impl( 1091): Reducing the number of considered missed Gc histogram windows from 155 to 100
06-11 15:49:38.906 D/DisplayDeviceConfig(  631): requesting nits when no mapping exists.
06-11 15:49:38.906 D/DisplayDeviceConfig(  631): requesting nits when no mapping exists.
06-11 15:49:38.907 E/lights  (  473): writeLed test:/sys/class/backlight/aml-bl/brightness,color:-10066330
06-11 15:49:38.907 E/lights  (  473): COULD NOT OPEN LED_DEVICE /sys/class/backlight/aml-bl/brightness
06-11 15:49:38.918 D/JioSettings(23032): A : nonInteractiveSleep: count::0::timeout::0
06-11 15:49:38.918 D/JioSettings(23032): A : inactivity: count::1::timeout::10680
06-11 15:49:38.919 D/JioSettings(23032): A : startScheduler::isScreenOFF::false::isMusicInProgress::false::isDreaming::false
06-11 15:49:38.919 D/JioSettings(23032): A : startScheduler::isInactivityReached::false::isInactivityOverlayShown::false
06-11 15:49:39.139 E/WifiVendorHal(  631): getWifiLinkLayerStats_1_6_Internal(l.1199) failed {.code = ERROR_UNKNOWN, .description = unknown}
06-11 15:49:39.171 I/hwservicemanager(  234): getTransport: Cannot find entry android.hardware.ir@1.0::IConsumerIr/default in either framework or device VINTF manifest.
06-11 15:49:39.173 E/ConsumerIrService(30234): hw_get_module consumerir failed: -2
06-11 15:49:39.173 E/HidlServiceManagement(30234): Could not find instance 'default' in library android.hardware.ir@1.0-impl.so. Keeping library open.
06-11 15:49:39.173 E/LegacySupport(30234): Could not get passthrough implementation for android.hardware.ir@1.0::IConsumerIr/default.
06-11 15:49:39.921 D/JioSettings(23032): A : nonInteractiveSleep: count::0::timeout::0
06-11 15:49:39.921 D/JioSettings(23032): A : inactivity: count::2::timeout::10680
06-11 15:49:39.923 D/JioSettings(23032): A : startScheduler::isScreenOFF::false::isMusicInProgress::false::isDreaming::false
06-11 15:49:39.923 D/JioSettings(23032): A : startScheduler::isInactivityReached::false::isInactivityOverlayShown::false
06-11 15:49:40.323 V/InputMethodManagerService(  631): startInputOrWindowGainedFocusInternalLocked: reason=CHECK_FOCUS client=android.os.BinderProxy@97466f2 inputContext=null attribute=android.view.inputmethod.EditorInfo@5e0dd67 startInputFlags=VIEW_HAS_FOCUS|INITIAL_CONNECTION softInputMode=STATE_UNSPECIFIED|ADJUST_RESIZE windowFlags=#81810100 unverifiedTargetSdkVersion=34 imeDispatcher=android.window.ImeOnBackInvokedDispatcher@8ddd714
06-11 15:49:40.324 V/InputMethodManagerService(  631): Creating new accessibility sessions for client ClientState{5fbcf0 uid=10083 pid=30048 displayId=0}
06-11 15:49:40.369 V/InputMethodManagerService(  631): startInputOrWindowGainedFocusInternalLocked: reason=CHECK_FOCUS client=android.os.BinderProxy@97466f2 inputContext=null attribute=android.view.inputmethod.EditorInfo@ce355b2 startInputFlags=VIEW_HAS_FOCUS|INITIAL_CONNECTION softInputMode=STATE_UNSPECIFIED|ADJUST_RESIZE windowFlags=#81810100 unverifiedTargetSdkVersion=34 imeDispatcher=android.window.ImeOnBackInvokedDispatcher@a93e903
06-11 15:49:40.370 V/InputMethodManagerService(  631): Creating new accessibility sessions for client ClientState{5fbcf0 uid=10083 pid=30048 displayId=0}
06-11 15:49:40.604 V/InputMethodManagerService(  631): startInputOrWindowGainedFocusInternalLocked: reason=CHECK_FOCUS client=android.os.BinderProxy@97466f2 inputContext=null attribute=android.view.inputmethod.EditorInfo@e9876b9 startInputFlags=VIEW_HAS_FOCUS|INITIAL_CONNECTION softInputMode=STATE_UNSPECIFIED|ADJUST_RESIZE windowFlags=#81810100 unverifiedTargetSdkVersion=34 imeDispatcher=android.window.ImeOnBackInvokedDispatcher@72d1afe
06-11 15:49:40.605 V/InputMethodManagerService(  631): Creating new accessibility sessions for client ClientState{5fbcf0 uid=10083 pid=30048 displayId=0}
06-11 15:49:40.924 D/JioSettings(23032): A : nonInteractiveSleep: count::0::timeout::0
06-11 15:49:40.924 D/JioSettings(23032): A : inactivity: count::3::timeout::10680
06-11 15:49:40.928 D/JioSettings(23032): A : startScheduler::isScreenOFF::false::isMusicInProgress::false::isDreaming::false
06-11 15:49:40.940 I/appium  (29986): channel read: POST /session/dbeca97b-541c-49ff-83ca-53bd577bd222/element
06-11 15:49:40.941 I/appium  (29986): FindElement command
06-11 15:49:40.944 D/JioSettings(23032): A : startScheduler::isInactivityReached::false::isInactivityOverlayShown::false
06-11 15:49:40.945 I/appium  (29986): method: 'xpath', selector: '//android.widget.TextView[@resource-id='in.startv.hotstar:id/title']'
06-11 15:49:40.946 I/appium  (29986): Waiting up to 10000ms for the device to idle
06-11 15:49:41.059 I/thermal2(  464): Sending notification:  Type: CPU Name: soc_thermal CurrentValue: 76 ThrottlingStatus: MODERATE
06-11 15:49:41.561 I/appium  (29986): The following attributes will be included to the page source: [resource-id]
06-11 15:49:41.754 I/.startv.hotstar(30048): Background concurrent copying GC freed 572662(27MB) AllocSpace objects, 195(6084KB) LOS objects, 49% free, 14MB/28MB, paused 158us,94us total 396.824ms
06-11 15:49:41.776 W/System  (30048): A resource failed to call close. 
06-11 15:49:41.778 W/System  (30048): A resource failed to call close. 
06-11 15:49:41.945 D/JioSettings(23032): A : nonInteractiveSleep: count::0::timeout::0
06-11 15:49:41.945 D/JioSettings(23032): A : inactivity: count::4::timeout::10680
06-11 15:49:41.948 D/JioSettings(23032): A : startScheduler::isScreenOFF::false::isMusicInProgress::false::isDreaming::false
06-11 15:49:41.948 D/JioSettings(23032): A : startScheduler::isInactivityReached::false::isInactivityOverlayShown::false
06-11 15:49:42.049 I/appium  (29986): Took 0ms to retrieve 1 matches for '//android.widget.TextView[@resource-id='in.startv.hotstar:id/title']' XPath2 query
06-11 15:49:42.053 I/appium  (29986): AppiumResponse: {"sessionId":"dbeca97b-541c-49ff-83ca-53bd577bd222","value":{"ELEMENT":"00000000-0000-0018-ffff-ffff000000ae","element-6066-11e4-a52e-4f735466cecf":"00000000-0000-0018-ffff-ffff000000ae"}}
06-11 15:49:42.084 I/appium  (29986): channel read: GET /session/dbeca97b-541c-49ff-83ca-53bd577bd222/element/00000000-0000-0018-ffff-ffff000000ae/attribute/displayed
06-11 15:49:42.085 I/appium  (29986): GetElementAttribute command
06-11 15:49:42.097 I/appium  (29986): AppiumResponse: {"sessionId":"dbeca97b-541c-49ff-83ca-53bd577bd222","value":"true"}
06-11 15:49:42.129 I/appium  (29986): channel read: GET /session/dbeca97b-541c-49ff-83ca-53bd577bd222/element/00000000-0000-0018-ffff-ffff000000ae/attribute/displayed
06-11 15:49:42.131 I/appium  (29986): GetElementAttribute command
06-11 15:49:42.139 I/appium  (29986): AppiumResponse: {"sessionId":"dbeca97b-541c-49ff-83ca-53bd577bd222","value":"true"}
06-11 15:49:42.151 E/WifiVendorHal(  631): getWifiLinkLayerStats_1_6_Internal(l.1199) failed {.code = ERROR_UNKNOWN, .description = unknown}
06-11 15:49:42.168 I/appium  (29986): channel read: POST /session/dbeca97b-541c-49ff-83ca-53bd577bd222/appium/device/press_keycode
06-11 15:49:42.169 I/appium  (29986): PressKeyCode command
06-11 15:49:42.169 I/appium  (29986): Calling PressKeyCode... 
06-11 15:49:42.173 D/UiDevice(29986): Pressing keycodes [4] with modifier 0.
06-11 15:49:42.190 D/WindowManager(  631): interceptKeyBeforeQueueing 
06-11 15:49:42.190 D/WindowManager(  631): keyCode: 4 down: true isWakeKey: false deviceName: Virtual KeyCode: KEYCODE_BACK
06-11 15:49:42.190 I/IWediaGlobalKeysHelper(  631): No keys to Block
06-11 15:49:42.191 D/NavigtionSlippingUI( 1091): event.getKeyCode()=4
06-11 15:49:42.192 D/WindowManager(  631): interactive: true
06-11 15:49:42.194 D/WindowManager(  631): enter interceptKeyBeforeDispatching 1
06-11 15:49:42.194 I/IWediaGlobalKeysHelper(  631): No keys to Block
06-11 15:49:42.195 I/WindowManager(  631): cvteInterceptKeyBeforeDispatching Go in event =4
06-11 15:49:42.195 D/WindowManager(  631): enter cvteInterceptKeyBeforeDispatching onGlobalKeyEvent
06-11 15:49:42.196 D/Evan    ( 1091): onGlobalKeyEvent keycode=4
06-11 15:49:42.196 D/JioSettings(23032): a : onReceive::action::com.iwedia.inactivtytimer.INACTIVITY_RESET
06-11 15:49:42.196 D/WindowManager(  631): onGlobalKeyEvent ret = false
06-11 15:49:42.197 D/WindowManager(  631): enter interceptKeyBeforeDispatching 3
06-11 15:49:42.197 D/GlobalKeyManager(  631): handleGlobalKey 4 KeyEvent { action=ACTION_DOWN, keyCode=KEYCODE_BACK, scanCode=0, metaState=0, flags=0x0, repeatCount=0, eventTime=16943046000000, downTime=16943046000000, deviceId=-1, source=0x101, displayId=-1 }
06-11 15:49:42.201 D/WindowManager(  631): interceptKeyBeforeQueueing 
06-11 15:49:42.201 D/WindowManager(  631): keyCode: 4 down: false isWakeKey: false deviceName: Virtual KeyCode: KEYCODE_BACK
06-11 15:49:42.201 I/IWediaGlobalKeysHelper(  631): No keys to Block
06-11 15:49:42.202 D/NavigtionSlippingUI( 1091): event.getKeyCode()=4
06-11 15:49:42.202 D/WindowManager(  631): interactive: true
06-11 15:49:42.202 D/AutofillManagerService(  631): onBackKeyPressed()
06-11 15:49:42.202 D/WindowManager(  631): enter interceptKeyBeforeDispatching 1
06-11 15:49:42.203 I/IWediaGlobalKeysHelper(  631): No keys to Block
06-11 15:49:42.203 I/WindowManager(  631): cvteInterceptKeyBeforeDispatching Go in event =4
06-11 15:49:42.203 D/WindowManager(  631): enter cvteInterceptKeyBeforeDispatching onGlobalKeyEvent
06-11 15:49:42.203 D/Evan    ( 1091): onGlobalKeyEvent keycode=4
06-11 15:49:42.205 D/WindowManager(  631): onGlobalKeyEvent ret = false
06-11 15:49:42.205 D/WindowManager(  631): enter interceptKeyBeforeDispatching 3
06-11 15:49:42.205 D/GlobalKeyManager(  631): handleGlobalKey 4 KeyEvent { action=ACTION_UP, keyCode=KEYCODE_BACK, scanCode=0, metaState=0, flags=0x0, repeatCount=0, eventTime=16943046000000, downTime=16943046000000, deviceId=-1, source=0x101, displayId=-1 }
06-11 15:49:42.205 D/JioSettings(23032): a : onReceive::action::com.iwedia.inactivtytimer.INACTIVITY_RESET
06-11 15:49:42.216 V/InputMethodManagerService(  631): startInputOrWindowGainedFocusInternalLocked: reason=CHECK_FOCUS client=android.os.BinderProxy@97466f2 inputContext=null attribute=android.view.inputmethod.EditorInfo@7c0c575 startInputFlags=VIEW_HAS_FOCUS|INITIAL_CONNECTION softInputMode=STATE_UNSPECIFIED|ADJUST_RESIZE windowFlags=#81810100 unverifiedTargetSdkVersion=34 imeDispatcher=android.window.ImeOnBackInvokedDispatcher@6bbe90a
06-11 15:49:42.218 V/InputMethodManagerService(  631): Creating new accessibility sessions for client ClientState{5fbcf0 uid=10083 pid=30048 displayId=0}
06-11 15:49:42.226 I/appium  (29986): AppiumResponse: {"sessionId":"dbeca97b-541c-49ff-83ca-53bd577bd222","value":null}
06-11 15:49:42.260 I/appium  (29986): channel read: POST /session/dbeca97b-541c-49ff-83ca-53bd577bd222/elements
06-11 15:49:42.261 I/appium  (29986): FindElements command
06-11 15:49:42.263 I/appium  (29986): method: 'xpath', selector: '//android.widget.TextView[@resource-id='in.startv.hotstar:id/tv_title']'
06-11 15:49:42.264 I/appium  (29986): Waiting up to 10000ms for the device to idle
06-11 15:49:42.302 I/system_server(  631): Background young concurrent copying GC freed 204329(10MB) AllocSpace objects, 32(640KB) LOS objects, 39% free, 16MB/27MB, paused 206us,315us total 140.559ms
06-11 15:49:42.948 D/JioSettings(23032): A : nonInteractiveSleep: count::0::timeout::0
06-11 15:49:42.948 D/JioSettings(23032): A : inactivity: count::1::timeout::10680
06-11 15:49:42.953 D/JioSettings(23032): A : startScheduler::isScreenOFF::false::isMusicInProgress::false::isDreaming::false
06-11 15:49:42.953 D/JioSettings(23032): A : startScheduler::isInactivityReached::false::isInactivityOverlayShown::false
06-11 15:49:42.953 I/appium  (29986): The following attributes will be included to the page source: [resource-id]
06-11 15:49:43.079 I/thermal2(  464): Sending notification:  Type: CPU Name: soc_thermal CurrentValue: 72.9 ThrottlingStatus: LIGHT
06-11 15:49:43.278 D/[51    ] JioAccount-ADC(30155): com.jio.adc.core.b$3 run> Unbinding
06-11 15:49:43.478 I/appium  (29986): Took 1ms to retrieve 15 matches for '//android.widget.TextView[@resource-id='in.startv.hotstar:id/tv_title']' XPath2 query
06-11 15:49:43.486 I/appium  (29986): Caching 15 found elements
06-11 15:49:43.497 I/appium  (29986): Cached 15 elements
06-11 15:49:43.501 I/appium  (29986): AppiumResponse: {"sessionId":"dbeca97b-541c-49ff-83ca-53bd577bd222","value":[{"ELEMENT":"00000000-0000-0018-ffff-ffff00000022","element-6066-11e4-a52e-4f735466cecf":"00000000-0000-0018-ffff-ffff00000022"},{"ELEMENT":"00000000-0000-0018-ffff-ffff00000027","element-6066-11e4-a52e-4f735466cecf":"00000000-0000-0018-fff
06-11 15:49:43.550 I/appium  (29986): channel read: GET /session/dbeca97b-541c-49ff-83ca-53bd577bd222/element/00000000-0000-0018-ffff-ffff00000022/attribute/displayed
06-11 15:49:43.551 I/appium  (29986): GetElementAttribute command
06-11 15:49:43.566 I/appium  (29986): AppiumResponse: {"sessionId":"dbeca97b-541c-49ff-83ca-53bd577bd222","value":"true"}
06-11 15:49:43.595 I/appium  (29986): channel read: GET /session/dbeca97b-541c-49ff-83ca-53bd577bd222/element/00000000-0000-0018-ffff-ffff00000027/attribute/displayed
06-11 15:49:43.597 I/appium  (29986): GetElementAttribute command
06-11 15:49:43.609 I/appium  (29986): AppiumResponse: {"sessionId":"dbeca97b-541c-49ff-83ca-53bd577bd222","value":"true"}
06-11 15:49:43.645 I/appium  (29986): channel read: GET /session/dbeca97b-541c-49ff-83ca-53bd577bd222/element/00000000-0000-0018-ffff-ffff0000002c/attribute/displayed
06-11 15:49:43.646 I/appium  (29986): GetElementAttribute command
06-11 15:49:43.659 I/appium  (29986): AppiumResponse: {"sessionId":"dbeca97b-541c-49ff-83ca-53bd577bd222","value":"true"}
06-11 15:49:43.689 I/appium  (29986): channel read: GET /session/dbeca97b-541c-49ff-83ca-53bd577bd222/element/00000000-0000-0018-ffff-ffff00000031/attribute/displayed
06-11 15:49:43.690 I/appium  (29986): GetElementAttribute command
06-11 15:49:43.704 I/appium  (29986): AppiumResponse: {"sessionId":"dbeca97b-541c-49ff-83ca-53bd577bd222","value":"true"}
06-11 15:49:43.735 I/appium  (29986): channel read: GET /session/dbeca97b-541c-49ff-83ca-53bd577bd222/element/00000000-0000-0018-ffff-ffff00000036/attribute/displayed
06-11 15:49:43.736 I/appium  (29986): GetElementAttribute command
06-11 15:49:43.751 I/appium  (29986): AppiumResponse: {"sessionId":"dbeca97b-541c-49ff-83ca-53bd577bd222","value":"true"}
06-11 15:49:43.779 I/appium  (29986): channel read: GET /session/dbeca97b-541c-49ff-83ca-53bd577bd222/element/00000000-0000-0018-ffff-ffff0000003b/attribute/displayed
06-11 15:49:43.780 I/appium  (29986): GetElementAttribute command
06-11 15:49:43.788 I/appium  (29986): AppiumResponse: {"sessionId":"dbeca97b-541c-49ff-83ca-53bd577bd222","value":"true"}
06-11 15:49:43.821 I/appium  (29986): channel read: GET /session/dbeca97b-541c-49ff-83ca-53bd577bd222/element/00000000-0000-0018-ffff-ffff00000040/attribute/displayed
06-11 15:49:43.823 I/appium  (29986): GetElementAttribute command
06-11 15:49:43.836 I/appium  (29986): AppiumResponse: {"sessionId":"dbeca97b-541c-49ff-83ca-53bd577bd222","value":"true"}
06-11 15:49:43.864 I/appium  (29986): channel read: GET /session/dbeca97b-541c-49ff-83ca-53bd577bd222/element/00000000-0000-0018-ffff-ffff00000045/attribute/displayed
06-11 15:49:43.865 I/appium  (29986): GetElementAttribute command
06-11 15:49:43.873 I/appium  (29986): AppiumResponse: {"sessionId":"dbeca97b-541c-49ff-83ca-53bd577bd222","value":"true"}
06-11 15:49:43.903 I/appium  (29986): channel read: GET /session/dbeca97b-541c-49ff-83ca-53bd577bd222/element/00000000-0000-0018-ffff-ffff000000b5/attribute/displayed
06-11 15:49:43.906 I/appium  (29986): GetElementAttribute command
06-11 15:49:43.921 I/appium  (29986): AppiumResponse: {"sessionId":"dbeca97b-541c-49ff-83ca-53bd577bd222","value":"true"}
06-11 15:49:43.954 D/JioSettings(23032): A : nonInteractiveSleep: count::0::timeout::0
06-11 15:49:43.954 D/JioSettings(23032): A : inactivity: count::2::timeout::10680
06-11 15:49:43.954 I/appium  (29986): channel read: GET /session/dbeca97b-541c-49ff-83ca-53bd577bd222/element/00000000-0000-0018-ffff-ffff000000ba/attribute/displayed
06-11 15:49:43.955 I/appium  (29986): GetElementAttribute command
06-11 15:49:43.957 D/JioSettings(23032): A : startScheduler::isScreenOFF::false::isMusicInProgress::false::isDreaming::false
06-11 15:49:43.957 D/JioSettings(23032): A : startScheduler::isInactivityReached::false::isInactivityOverlayShown::false
06-11 15:49:43.969 I/appium  (29986): AppiumResponse: {"sessionId":"dbeca97b-541c-49ff-83ca-53bd577bd222","value":"true"}
06-11 15:49:43.992 I/appium  (29986): channel read: GET /session/dbeca97b-541c-49ff-83ca-53bd577bd222/element/00000000-0000-0018-ffff-ffff000000bf/attribute/displayed
06-11 15:49:43.994 I/appium  (29986): GetElementAttribute command
06-11 15:49:44.003 I/appium  (29986): AppiumResponse: {"sessionId":"dbeca97b-541c-49ff-83ca-53bd577bd222","value":"true"}
06-11 15:49:44.031 I/appium  (29986): channel read: GET /session/dbeca97b-541c-49ff-83ca-53bd577bd222/element/00000000-0000-0018-ffff-ffff000000c4/attribute/displayed
06-11 15:49:44.033 I/appium  (29986): GetElementAttribute command
06-11 15:49:44.045 I/appium  (29986): AppiumResponse: {"sessionId":"dbeca97b-541c-49ff-83ca-53bd577bd222","value":"true"}
06-11 15:49:44.070 I/appium  (29986): channel read: GET /session/dbeca97b-541c-49ff-83ca-53bd577bd222/element/00000000-0000-0018-ffff-ffff000000c9/attribute/displayed
06-11 15:49:44.072 I/appium  (29986): GetElementAttribute command
06-11 15:49:44.089 I/appium  (29986): AppiumResponse: {"sessionId":"dbeca97b-541c-49ff-83ca-53bd577bd222","value":"true"}
06-11 15:49:44.120 I/appium  (29986): channel read: GET /session/dbeca97b-541c-49ff-83ca-53bd577bd222/element/00000000-0000-0018-ffff-ffff000000ce/attribute/displayed
06-11 15:49:44.122 I/appium  (29986): GetElementAttribute command
06-11 15:49:44.137 I/appium  (29986): AppiumResponse: {"sessionId":"dbeca97b-541c-49ff-83ca-53bd577bd222","value":"true"}
06-11 15:49:44.161 I/hwservicemanager(  234): getTransport: Cannot find entry android.hardware.ir@1.0::IConsumerIr/default in either framework or device VINTF manifest.
06-11 15:49:44.164 E/ConsumerIrService(30258): hw_get_module consumerir failed: -2
06-11 15:49:44.164 E/HidlServiceManagement(30258): Could not find instance 'default' in library android.hardware.ir@1.0-impl.so. Keeping library open.
06-11 15:49:44.164 E/LegacySupport(30258): Could not get passthrough implementation for android.hardware.ir@1.0::IConsumerIr/default.
06-11 15:49:44.171 I/appium  (29986): channel read: GET /session/dbeca97b-541c-49ff-83ca-53bd577bd222/element/00000000-0000-0018-ffff-ffff000000d3/attribute/displayed
06-11 15:49:44.174 I/appium  (29986): GetElementAttribute command
06-11 15:49:44.188 I/appium  (29986): AppiumResponse: {"sessionId":"dbeca97b-541c-49ff-83ca-53bd577bd222","value":"true"}
06-11 15:49:44.221 I/appium  (29986): channel read: GET /session/dbeca97b-541c-49ff-83ca-53bd577bd222/element/00000000-0000-0018-ffff-ffff00000022/text
06-11 15:49:44.222 I/appium  (29986): GetText command
06-11 15:49:44.236 I/appium  (29986): AppiumResponse: {"sessionId":"dbeca97b-541c-49ff-83ca-53bd577bd222","value":"Home"}
06-11 15:49:44.263 I/appium  (29986): channel read: GET /session/dbeca97b-541c-49ff-83ca-53bd577bd222/element/00000000-0000-0018-ffff-ffff00000027/text
06-11 15:49:44.264 I/appium  (29986): GetText command
06-11 15:49:44.274 I/appium  (29986): AppiumResponse: {"sessionId":"dbeca97b-541c-49ff-83ca-53bd577bd222","value":"Search"}
06-11 15:49:44.306 I/appium  (29986): channel read: POST /session/dbeca97b-541c-49ff-83ca-53bd577bd222/element/00000000-0000-0018-ffff-ffff00000027/click
06-11 15:49:44.307 I/appium  (29986): Click command
06-11 15:49:44.355 V/InputMethodManagerService(  631): startInputOrWindowGainedFocusInternalLocked: reason=CHECK_FOCUS client=android.os.BinderProxy@97466f2 inputContext=null attribute=android.view.inputmethod.EditorInfo@2e543f1 startInputFlags=VIEW_HAS_FOCUS|INITIAL_CONNECTION softInputMode=STATE_UNSPECIFIED|ADJUST_RESIZE windowFlags=#81810100 unverifiedTargetSdkVersion=34 imeDispatcher=android.window.ImeOnBackInvokedDispatcher@3b78bd6
06-11 15:49:44.357 V/InputMethodManagerService(  631): Creating new accessibility sessions for client ClientState{5fbcf0 uid=10083 pid=30048 displayId=0}
06-11 15:49:44.368 W/GestureController(29986): Gestures took longer than expected (48ms >> 16ms), device might be in a busy state.
06-11 15:49:44.369 I/appium  (29986): Waiting up to 10000ms for the device to idle
06-11 15:49:44.372 W/TransactionTracing(  285): Could not find layer id -1
06-11 15:49:44.372 W/TransactionTracing(  285): Could not find layer id -1
06-11 15:49:44.372 W/TransactionTracing(  285): Could not find layer id -1
06-11 15:49:44.505 D/CompatibilityChangeReporter(  631): Compat change id reported: 197654537; UID 10083; state: ENABLED
06-11 15:49:44.507 D/JioAppOptimizer( 1587): AppOptimizerService :: handleMessage() : Foreground Package=in.startv.hotstar
06-11 15:49:44.507 D/JioAppOptimizer( 1587): AppOptimizerService :: handleMessage() : Free memory available in MB : 716.609375
06-11 15:49:44.958 D/JioSettings(23032): A : nonInteractiveSleep: count::0::timeout::0
06-11 15:49:44.958 D/JioSettings(23032): A : inactivity: count::3::timeout::10680
06-11 15:49:44.962 D/JioSettings(23032): A : startScheduler::isScreenOFF::false::isMusicInProgress::false::isDreaming::false
06-11 15:49:44.962 D/JioSettings(23032): A : startScheduler::isInactivityReached::false::isInactivityOverlayShown::false
06-11 15:49:45.061 I/appium  (29986): AppiumResponse: {"sessionId":"dbeca97b-541c-49ff-83ca-53bd577bd222","value":null}
06-11 15:49:45.085 I/appium  (29986): channel read: GET /session/dbeca97b-541c-49ff-83ca-53bd577bd222/element/00000000-0000-0018-ffff-ffff00000027/text
06-11 15:49:45.086 I/appium  (29986): GetText command
06-11 15:49:45.102 I/appium  (29986): AppiumResponse: {"sessionId":"dbeca97b-541c-49ff-83ca-53bd577bd222","value":"Search"}
06-11 15:49:45.131 I/appium  (29986): channel read: POST /session/dbeca97b-541c-49ff-83ca-53bd577bd222/appium/device/press_keycode
06-11 15:49:45.132 I/appium  (29986): PressKeyCode command
06-11 15:49:45.132 I/appium  (29986): Calling PressKeyCode... 
06-11 15:49:45.134 D/UiDevice(29986): Pressing keycodes [66] with modifier 0.
06-11 15:49:45.140 D/WindowManager(  631): interceptKeyBeforeQueueing 
06-11 15:49:45.140 D/WindowManager(  631): keyCode: 66 down: true isWakeKey: false deviceName: Virtual KeyCode: KEYCODE_ENTER
06-11 15:49:45.141 I/IWediaGlobalKeysHelper(  631): No keys to Block
06-11 15:49:45.141 D/NavigtionSlippingUI( 1091): event.getKeyCode()=66
06-11 15:49:45.141 D/WindowManager(  631): interactive: true
06-11 15:49:45.144 D/WindowManager(  631): enter interceptKeyBeforeDispatching 1
06-11 15:49:45.144 I/IWediaGlobalKeysHelper(  631): No keys to Block
06-11 15:49:45.144 I/WindowManager(  631): cvteInterceptKeyBeforeDispatching Go in event =66
06-11 15:49:45.144 D/WindowManager(  631): enter cvteInterceptKeyBeforeDispatching onGlobalKeyEvent
06-11 15:49:45.145 D/JioSettings(23032): a : onReceive::action::com.iwedia.inactivtytimer.INACTIVITY_RESET
06-11 15:49:45.146 D/Evan    ( 1091): onGlobalKeyEvent keycode=66
06-11 15:49:45.148 D/WindowManager(  631): onGlobalKeyEvent ret = false
06-11 15:49:45.148 D/WindowManager(  631): enter interceptKeyBeforeDispatching 3
06-11 15:49:45.149 D/GlobalKeyManager(  631): handleGlobalKey 66 KeyEvent { action=ACTION_DOWN, keyCode=KEYCODE_ENTER, scanCode=0, metaState=0, flags=0x0, repeatCount=0, eventTime=16946007000000, downTime=16946007000000, deviceId=-1, source=0x101, displayId=-1 }
06-11 15:49:45.152 D/WindowManager(  631): interceptKeyBeforeQueueing 
06-11 15:49:45.152 D/WindowManager(  631): keyCode: 66 down: false isWakeKey: false deviceName: Virtual KeyCode: KEYCODE_ENTER
06-11 15:49:45.152 I/IWediaGlobalKeysHelper(  631): No keys to Block
06-11 15:49:45.153 D/NavigtionSlippingUI( 1091): event.getKeyCode()=66
06-11 15:49:45.153 D/WindowManager(  631): interactive: true
06-11 15:49:45.153 D/WindowManager(  631): enter interceptKeyBeforeDispatching 1
06-11 15:49:45.154 I/IWediaGlobalKeysHelper(  631): No keys to Block
06-11 15:49:45.154 I/WindowManager(  631): cvteInterceptKeyBeforeDispatching Go in event =66
06-11 15:49:45.154 D/WindowManager(  631): enter cvteInterceptKeyBeforeDispatching onGlobalKeyEvent
06-11 15:49:45.155 D/Evan    ( 1091): onGlobalKeyEvent keycode=66
06-11 15:49:45.155 D/JioSettings(23032): a : onReceive::action::com.iwedia.inactivtytimer.INACTIVITY_RESET
06-11 15:49:45.156 D/WindowManager(  631): onGlobalKeyEvent ret = false
06-11 15:49:45.157 D/WindowManager(  631): enter interceptKeyBeforeDispatching 3
06-11 15:49:45.157 D/GlobalKeyManager(  631): handleGlobalKey 66 KeyEvent { action=ACTION_UP, keyCode=KEYCODE_ENTER, scanCode=0, metaState=0, flags=0x0, repeatCount=0, eventTime=16946007000000, downTime=16946007000000, deviceId=-1, source=0x101, displayId=-1 }
06-11 15:49:45.167 E/WifiVendorHal(  631): getWifiLinkLayerStats_1_6_Internal(l.1199) failed {.code = ERROR_UNKNOWN, .description = unknown}
06-11 15:49:45.175 I/appium  (29986): AppiumResponse: {"sessionId":"dbeca97b-541c-49ff-83ca-53bd577bd222","value":null}
06-11 15:49:45.243 D/CompatibilityChangeReporter(30048): Compat change id reported: 171228096; UID 10083; state: ENABLED
06-11 15:49:45.264 I/appium  (29986): channel read: POST /session/dbeca97b-541c-49ff-83ca-53bd577bd222/element
06-11 15:49:45.265 I/appium  (29986): FindElement command
06-11 15:49:45.268 I/appium  (29986): method: 'xpath', selector: '//android.widget.EditText[@resource-id='in.startv.hotstar:id/search_bar']'
06-11 15:49:45.268 I/appium  (29986): Waiting up to 10000ms for the device to idle
06-11 15:49:45.271 W/SoundPool(30048): Use of stream types is deprecated for operations other than volume control
06-11 15:49:45.271 W/SoundPool(30048): See the documentation of SoundPool() for what to use instead with android.media.AudioAttributes to qualify your playback use case
06-11 15:49:45.278 I/AmFFmpegByteIOAdapter(  552): File size : 4074
06-11 15:49:45.281 I/AmFFmpegByteIOAdapter(  552): File size : 4530
06-11 15:49:45.283 W/exFFmpeg(  552): Invalid return value 0 for stream protocol
06-11 15:49:45.284 W/exFFmpeg(  552): Invalid return value 0 for stream protocol
06-11 15:49:45.284 W/exFFmpeg(  552): Invalid return value 0 for stream protocol
06-11 15:49:45.284 W/exFFmpeg(  552): Invalid return value 0 for stream protocol
06-11 15:49:45.284 I/AmFFmpegExtractor(  552): checkInList: iswhite:0, mime:audio/ogg, type:1, id:86021 tag:0
06-11 15:49:45.284 I/AmFFmpegExtractor(  552): checkInList: iswhite:1, mime:audio/ogg, type:1, id:86021 tag:0
06-11 15:49:45.284 E/AmFFmpegExtractor(  552): codec_ctx->properties: 0
06-11 15:49:45.284 I/AmFFmpegExtractor(  552): checkSupportInList ret 1
06-11 15:49:45.285 I/AmFFmpegExtractor(  552): checkInList: iswhite:0, mime:audio/ogg, type:1, id:86021 tag:0
06-11 15:49:45.286 I/AmFFmpegExtractor(  552): checkInList: iswhite:1, mime:audio/ogg, type:1, id:86021 tag:0
06-11 15:49:45.286 E/AmFFmpegExtractor(  552): codec_ctx->properties: 0
06-11 15:49:45.286 I/AmFFmpegExtractor(  552): checkSupportInList ret 1
06-11 15:49:45.287 V/InputMethodManagerService(  631): startInputOrWindowGainedFocusInternalLocked: reason=CHECK_FOCUS client=android.os.BinderProxy@97466f2 inputContext=null attribute=android.view.inputmethod.EditorInfo@daf2d44 startInputFlags=VIEW_HAS_FOCUS|INITIAL_CONNECTION softInputMode=STATE_UNSPECIFIED|ADJUST_RESIZE windowFlags=#81810100 unverifiedTargetSdkVersion=34 imeDispatcher=android.window.ImeOnBackInvokedDispatcher@9f92e2d
06-11 15:49:45.287 V/InputMethodManagerService(  631): Creating new accessibility sessions for client ClientState{5fbcf0 uid=10083 pid=30048 displayId=0}
06-11 15:49:45.291 D/InputMethodManagerService(  631): --- calledFromForegroundUserOrSystemProcess ? calling uid = 10083 system uid = 1000 calling userId = 0, foreground user id = 0, calling pid = 30048com.android.server.inputmethod.InputMethodManagerService.hideSoftInput(InputMethodManagerService.java:3734)
06-11 15:49:45.291 V/InputMethodManagerService(  631): Client requesting input be hidden
06-11 15:49:45.293 I/AmFFmpegExtractor(  552): checkInList: iswhite:0, mime:audio/ogg, type:1, id:86021 tag:0
06-11 15:49:45.293 I/AmFFmpegExtractor(  552): checkInList: iswhite:1, mime:audio/ogg, type:1, id:86021 tag:0
06-11 15:49:45.293 E/AmFFmpegExtractor(  552): codec_ctx->properties: 0
06-11 15:49:45.293 I/AmFFmpegExtractor(  552): checkSupportInList ret 0
06-11 15:49:45.294 E/AmFFmpegExtractor(  552): vendor do not support
06-11 15:49:45.295 I/AmFFmpegExtractor(  552): checkInList: iswhite:0, mime:audio/ogg, type:1, id:86021 tag:0
06-11 15:49:45.295 I/AmFFmpegExtractor(  552): checkInList: iswhite:1, mime:audio/ogg, type:1, id:86021 tag:0
06-11 15:49:45.295 E/AmFFmpegExtractor(  552): codec_ctx->properties: 0
06-11 15:49:45.295 I/AmFFmpegExtractor(  552): checkSupportInList ret 0
06-11 15:49:45.295 E/AmFFmpegExtractor(  552): vendor do not support
06-11 15:49:45.310 D/MediaCodecList(30048): codecHandlesFormat: no format, so no extra checks
06-11 15:49:45.312 D/MediaCodecList(30048): codecHandlesFormat: no format, so no extra checks
06-11 15:49:45.313 D/MediaCodecList(30048): codecHandlesFormat: no format, so no extra checks
06-11 15:49:45.314 D/MediaCodecList(30048): codecHandlesFormat: no format, so no extra checks
06-11 15:49:45.314 D/CCodec  (30048): allocate(c2.android.vorbis.decoder)
06-11 15:49:45.315 V/C2Store (  577): in init
06-11 15:49:45.315 V/C2Store (  577): loading dll
06-11 15:49:45.318 I/CCodec  (30048): Created component [c2.android.vorbis.decoder]
06-11 15:49:45.319 D/CCodecConfig(30048): read media type: audio/vorbis
06-11 15:49:45.321 D/CCodec  (30048): allocate(c2.android.vorbis.decoder)
06-11 15:49:45.322 I/CCodec  (30048): Created component [c2.android.vorbis.decoder]
06-11 15:49:45.323 D/CCodecConfig(30048): read media type: audio/vorbis
06-11 15:49:45.323 D/ReflectedParamUpdater(30048): extent() != 1 for single value type: algo.buffers.max-count.values
06-11 15:49:45.324 D/ReflectedParamUpdater(30048): extent() != 1 for single value type: output.subscribed-indices.values
06-11 15:49:45.324 D/ReflectedParamUpdater(30048): extent() != 1 for single value type: input.buffers.allocator-ids.values
06-11 15:49:45.324 D/ReflectedParamUpdater(30048): extent() != 1 for single value type: output.buffers.allocator-ids.values
06-11 15:49:45.325 D/ReflectedParamUpdater(30048): extent() != 1 for single value type: algo.buffers.allocator-ids.values
06-11 15:49:45.325 D/ReflectedParamUpdater(30048): extent() != 1 for single value type: output.buffers.pool-ids.values
06-11 15:49:45.325 D/ReflectedParamUpdater(30048): extent() != 1 for single value type: algo.buffers.pool-ids.values
06-11 15:49:45.327 D/ReflectedParamUpdater(30048): extent() != 1 for single value type: algo.buffers.max-count.values
06-11 15:49:45.327 I/CCodecConfig(30048): query failed after returning 7 values (BAD_INDEX)
06-11 15:49:45.327 D/CCodecConfig(30048): c2 config diff is Dict {
06-11 15:49:45.327 D/CCodecConfig(30048):   c2::u32 coded.bitrate.value = 64000
06-11 15:49:45.327 D/CCodecConfig(30048):   c2::u32 input.buffers.max-size.value = 32768
06-11 15:49:45.327 D/CCodecConfig(30048):   c2::u32 input.delay.value = 0
06-11 15:49:45.327 D/CCodecConfig(30048):   string input.media-type.value = "audio/vorbis"
06-11 15:49:45.327 D/CCodecConfig(30048):   string output.media-type.value = "audio/raw"
06-11 15:49:45.327 D/CCodecConfig(30048):   c2::u32 raw.channel-count.value = 1
06-11 15:49:45.327 D/CCodecConfig(30048):   c2::u32 raw.sample-rate.value = 48000
06-11 15:49:45.327 D/CCodecConfig(30048): }
