06-11 22:48:52.202 D/JioSDK_SDKNativeService( 1336): performTask(), Module Id: 4
06-11 22:48:52.202 D/JioSDK_CpuTempHelper(  466): tempzone here is: cat sys/class/thermal/thermal_zone0/temp
06-11 22:48:52.204 D/Glide   ( 1773): Finished loading Bitmap from LOCAL for com.bumptech.glide.gifdecoder.StandardGifDecoder@8b54719 with size [314x176] in 17.251958 ms
06-11 22:48:52.218 D/stbdpc  (  397): STB_DPGetNumPaths[570]: num_paths: 1
06-11 22:48:52.237 D/Glide   ( 1773): Finished loading Bitmap from LOCAL for com.bumptech.glide.gifdecoder.StandardGifDecoder@8b54719 with size [314x176] in 10.373916999999999 ms
06-11 22:48:52.248 I/JioSDK_SDKNativeService( 1336): performTask() moduleId: 4, result: 62.400002
06-11 22:48:52.248 D/JioSDK_JioSDKServiceInterfaceImpl( 1336): Response Object is: JioSDK{status='success', token='122bec79b7ae3bf915cefadc776321a7a6c955c3', api='get-cpu-temperature', event='null', module='null', transactionId='-1', argsObj={"code":"0","response":{"type":"cpu-temperature","value":{"unit":"celsius","temperature":"62.400002"}}}}
06-11 22:48:52.248 D/JioSDK_JioSDKServiceInterfaceImpl( 1336): response while returning is :{"code":"0","response":{"type":"cpu-temperature","value":{"unit":"celsius","temperature":"62.400002"}}}
06-11 22:48:52.249 D/JIO_TR069-( 1439): Response for get-cpu-temperature is {"status":"success","api":"get-cpu-temperature","transaction-id":"-1","details":{"code":"0","response":{"type":"cpu-temperature","value":{"unit":"celsius","temperature":"62.400002"}}}} for temperature
06-11 22:48:52.249 D/JIO_TR069-( 1439): Value is 62.400002 for key temperature
06-11 22:48:52.252 D/JIO_TR069-( 1439): json output 62.400002
06-11 22:48:52.256 D/JIO_TR069-( 1439): isDCAlarmEnable Cpu  1
06-11 22:48:52.256 D/JIO_TR069-( 1439): isAlarm2Logged Cpu false
06-11 22:48:52.256 D/JIO_TR069-( 1439): alarmkey... Cpu Cpu temperature is critical. Current temperature is 62.400002 62.400002 degree celsius High cpu temperature CPU temperature
06-11 22:48:52.256 D/JIO_TR069-( 1439): isAlarmStarted false
06-11 22:48:52.258 D/JIO_TR069-( 1439): currentalarm -isDCAlarmEnable Cpu- 1 - isAlarm2Logged false
06-11 22:48:52.258 D/JIO_TR069-( 1439): currentalarm -isAlarmInitializeNow Cpu - false - isAlarmRaisedNow false
06-11 22:48:52.260 D/JIO_TR069-FaultAlarmsNew( 1439): checking alarmsss 6000 - Flash size - com.jio.tr069client.faultMgmt.FlashMemoryHandler@f5a8093
06-11 22:48:52.260 D/JIO_TR069-FaultAlarmsNew( 1439): checking alarm 6000
06-11 22:48:52.261 D/jio_tr069( 1439): checking threshold for memeory handler
06-11 22:48:52.264 D/JIO_TR069-( 1439): isDCAlarmEnable Flash size  1
06-11 22:48:52.264 D/JIO_TR069-( 1439): isAlarm2Logged Flash size false
06-11 22:48:52.265 D/JIO_TR069-( 1439): alarmkey... Flash size Disk space is full. Free bytes: 2.3195373568E10 b , Total disk space: 2.578724864E10 b. Partition:/dev/block/data[free: 2.3195373568E10 b] [total: 2.578724864E10 b] Flash drive is full Flash Size
06-11 22:48:52.265 D/JIO_TR069-( 1439): isAlarmStarted false
06-11 22:48:52.267 D/JIO_TR069-( 1439): currentalarm -isDCAlarmEnable Flash size- 1 - isAlarm2Logged false
06-11 22:48:52.267 D/JIO_TR069-( 1439): currentalarm -isAlarmInitializeNow Flash size - false - isAlarmRaisedNow false
06-11 22:48:52.269 D/JIO_TR069-FaultAlarmsNew( 1439): checking alarmsss 32000 - Critical inode usage - com.jio.tr069client.faultMgmt.CriticalInode@4fd5a64
06-11 22:48:52.270 D/JIO_TR069-FaultAlarmsNew( 1439): checking alarm 32000
06-11 22:48:52.270 D/JioSDKClient( 1439): com.jio.tr069client
06-11 22:48:52.270 D/JioSDK_JioSDKServiceInterfaceImpl( 1336): callSdkAPI() called with JSONStr : {"module":"os","api":"get-total-inode-usage","args":{},"package":"com.jio.tr069client"}
06-11 22:48:52.271 D/JioSDK_JioSDKServiceInterfaceImpl( 1336): sdkRequest is :JioSDK{module='os', api='get-total-inode-usage', regToken='122bec79b7ae3bf915cefadc776321a7a6c955c3', transactionId='-1', argsObj={}}
06-11 22:48:52.271 D/Glide   ( 1773): Finished loading Bitmap from LOCAL for com.bumptech.glide.gifdecoder.StandardGifDecoder@8b54719 with size [314x176] in 3.6483339999999997 ms
06-11 22:48:52.271 D/JioSDK_SDKRegistrantImpl( 1336): token key map is: {122bec79b7ae3bf915cefadc776321a7a6c955c3=com.jio.tr069client}
06-11 22:48:52.271 D/JioSDK_OsModule( 1336): sdkRequest is: JioSDK{module='os', api='get-total-inode-usage', regToken='122bec79b7ae3bf915cefadc776321a7a6c955c3', transactionId='-1', argsObj={}}
06-11 22:48:52.318 D/stbdpc  (  397): STB_DPGetNumPaths[570]: num_paths: 1
06-11 22:48:52.321 D/Glide   ( 1773): Finished loading Bitmap from LOCAL for com.bumptech.glide.gifdecoder.StandardGifDecoder@8b54719 with size [314x176] in 13.700208 ms
06-11 22:48:52.342 D/JioSDK_JioSDKServiceInterfaceImpl( 1336): Response Object is: JioSDK{status='success', token='122bec79b7ae3bf915cefadc776321a7a6c955c3', api='get-total-inode-usage', event='null', module='null', transactionId='-1', argsObj={"code":"0","response":{"type":"total-inode-usage","value":"1%"}}}
06-11 22:48:52.342 D/JioSDK_JioSDKServiceInterfaceImpl( 1336): response while returning is :{"code":"0","response":{"type":"total-inode-usage","value":"1%"}}
06-11 22:48:52.342 D/JIO_TR069-( 1439): Response for get-total-inode-usage is {"status":"success","api":"get-total-inode-usage","transaction-id":"-1","details":{"code":"0","response":{"type":"total-inode-usage","value":"1%"}}} for total-inode-usage
06-11 22:48:52.342 D/JIO_TR069-( 1439): Value is 1% for key total-inode-usage
06-11 22:48:52.342 D/JIO_TR069-( 1439): json output 1%
06-11 22:48:52.345 D/JIO_TR069-( 1439): isDCAlarmEnable Critical inode usage  1
06-11 22:48:52.345 D/JIO_TR069-( 1439): isAlarm2Logged Critical inode usage false
06-11 22:48:52.345 D/JIO_TR069-( 1439): alarmkey... Critical inode usage Critical inode is 1.0 1.0 Critical inode usage 
06-11 22:48:52.345 D/JIO_TR069-( 1439): isAlarmStarted false
06-11 22:48:52.347 D/JIO_TR069-( 1439): currentalarm -isDCAlarmEnable Critical inode usage- 1 - isAlarm2Logged false
06-11 22:48:52.347 D/JIO_TR069-( 1439): currentalarm -isAlarmInitializeNow Critical inode usage - false - isAlarmRaisedNow false
06-11 22:48:52.355 D/Glide   ( 1773): Finished loading Bitmap from LOCAL for com.bumptech.glide.gifdecoder.StandardGifDecoder@8b54719 with size [314x176] in 6.7553339999999995 ms
06-11 22:48:52.404 D/Glide   ( 1773): Finished loading Bitmap from LOCAL for com.bumptech.glide.gifdecoder.StandardGifDecoder@8b54719 with size [314x176] in 16.192292 ms
06-11 22:48:52.418 D/stbdpc  (  397): STB_DPGetNumPaths[570]: num_paths: 1
06-11 22:48:52.439 D/Glide   ( 1773): Finished loading Bitmap from LOCAL for com.bumptech.glide.gifdecoder.StandardGifDecoder@8b54719 with size [314x176] in 10.86 ms
06-11 22:48:52.466 D/rtk_heartbeat(  349): heartbeat_timed_out: heartbeatCmdCount = 8141, expected nextSeqNum = 8141
06-11 22:48:52.467 D/rtk_heartbeat(  349): rtkbt_heartbeat_cmpl_cback: Current SeqNum = 8141,should SeqNum=8141, status = 0
06-11 22:48:52.472 D/Glide   ( 1773): Finished loading Bitmap from LOCAL for com.bumptech.glide.gifdecoder.StandardGifDecoder@8b54719 with size [314x176] in 3.334667 ms
06-11 22:48:52.480 D/dvb_iptv(  397): ReadEmmNetworkTask[1537]: EMM Select Timeout Occured 14
06-11 22:48:52.518 D/stbdpc  (  397): STB_DPGetNumPaths[570]: num_paths: 1
06-11 22:48:52.521 D/Glide   ( 1773): Finished loading Bitmap from LOCAL for com.bumptech.glide.gifdecoder.StandardGifDecoder@8b54719 with size [314x176] in 13.126125 ms
06-11 22:48:52.554 D/Glide   ( 1773): Finished loading Bitmap from LOCAL for com.bumptech.glide.gifdecoder.StandardGifDecoder@8b54719 with size [314x176] in 6.1936659999999994 ms
06-11 22:48:52.605 D/Glide   ( 1773): Finished loading Bitmap from LOCAL for com.bumptech.glide.gifdecoder.StandardGifDecoder@8b54719 with size [314x176] in 16.654291 ms
06-11 22:48:52.619 D/stbdpc  (  397): STB_DPGetNumPaths[570]: num_paths: 1
06-11 22:48:52.638 D/Glide   ( 1773): Finished loading Bitmap from LOCAL for com.bumptech.glide.gifdecoder.StandardGifDecoder@8b54719 with size [314x176] in 8.58225 ms
06-11 22:48:52.688 D/Glide   ( 1773): Finished loading Bitmap from LOCAL for com.bumptech.glide.gifdecoder.StandardGifDecoder@8b54719 with size [314x176] in 18.022167 ms
06-11 22:48:52.711 I/ThermalService(  969): CPU temperatures: [60.000004]
06-11 22:48:52.719 D/stbdpc  (  397): STB_DPGetNumPaths[570]: num_paths: 1
06-11 22:48:52.722 D/Glide   ( 1773): Finished loading Bitmap from LOCAL for com.bumptech.glide.gifdecoder.StandardGifDecoder@8b54719 with size [314x176] in 11.517707999999999 ms
06-11 22:48:52.756 D/Glide   ( 1773): Finished loading Bitmap from LOCAL for com.bumptech.glide.gifdecoder.StandardGifDecoder@8b54719 with size [314x176] in 5.223 ms
06-11 22:48:52.778 W/[ 8163.928884@0]  RTW(    0): LeaveAllPowerSaveModeDirect.....
06-11 22:48:52.778 W/[ 8163.928902@0]  RTW(    0): LeaveAllPowerSaveModeDirect: Driver Already Leave LPS
06-11 22:48:52.779 W/[ 8163.928914@0]  RTW(    0): rtw_hal_set_macaddr_port wlan0- hw port(0) mac_addr =a8:71:16:66:28:c6
06-11 22:48:52.779 W/[ 8163.929147@0]  RTW(    0): wlan0- hw port(0) mac_addr =a8:71:16:66:28:c6
06-11 22:48:52.779 W/[ 8163.929251@0]  RTW(    0): p2p0- hw port(1) mac_addr =aa:71:16:66:28:c6
06-11 22:48:52.782 W/[ 8163.936104@0]  RTW(    0): wlan0 wakeup m0=0x00000003, ori reg_0x4d4=0x00000003
06-11 22:48:52.784 D/WifiNl80211Manager(  633): Scan result ready event
06-11 22:48:52.784 D/WifiNative(  633): Scan result ready event
06-11 22:48:52.786 W/[ 8163.937548@1]  RTW(    0): survey done event(4a) band:0 for wlan0
06-11 22:48:52.786 W/        (    0): [ 8163.937567@1]  ========== ACS (VER-3) ==========
06-11 22:48:52.786 W/        (    0): [ 8163.937573@1]  Best 24G Channel:2
06-11 22:48:52.786 W/        (    0): [ 8163.937579@1]  Best 5G Channel:48
06-11 22:48:52.786 W/        (    0): [ 8163.937579@1]
06-11 22:48:52.786 W/[ 8163.937734@1]  RTW(    0): rtw_indicate_scan_done(wlan0)
06-11 22:48:52.793 E/WifiVendorHal(  633): getWifiLinkLayerStats_1_3_Internal(l.973) failed {.code = ERROR_UNKNOWN, .description = unknown error}
06-11 22:48:52.805 D/Glide   ( 1773): Finished loading Bitmap from LOCAL for com.bumptech.glide.gifdecoder.StandardGifDecoder@8b54719 with size [314x176] in 13.457082999999999 ms
06-11 22:48:52.819 D/stbdpc  (  397): STB_DPGetNumPaths[570]: num_paths: 1
06-11 22:48:52.838 D/Glide   ( 1773): Finished loading Bitmap from LOCAL for com.bumptech.glide.gifdecoder.StandardGifDecoder@8b54719 with size [314x176] in 6.33325 ms
06-11 22:48:52.874 D/JioStbInactivityTimer(  926): Timer: count 14 warningTimeout:10680 timeout:10800
06-11 22:48:52.874 D/JioStbInactivityTimer(  926): isUserActive: Curr:8148418 Prev:8148418
06-11 22:48:52.888 D/Glide   ( 1773): Finished loading Bitmap from LOCAL for com.bumptech.glide.gifdecoder.StandardGifDecoder@8b54719 with size [314x176] in 16.749292 ms
06-11 22:48:52.898 D/JioLauncher( 1773): overlay status check for wifi and bt remote false false
06-11 22:48:52.900 D/Match code1( 1439): 2
06-11 22:48:52.900 D/JIO_TR069-( 1439): Predefined List [com.jio.stb.catv, com.rjil.jiostbsetting, com.iwedia.ui.rjio.launcher.reliance, com.jio.stb.hotellauncher, com.jio.media.oberoi, com.jio.ott]
06-11 22:48:52.903 D/JIO_TR069-( 1439): Caller Package com.iwedia.ui.rjio.launcher.reliance
06-11 22:48:52.903 D/JIO_TR069-( 1439): White Listed Apps []
06-11 22:48:52.903 D/JIO_TR069-( 1439): Final White Listed Apps [com.jio.stb.catv, com.rjil.jiostbsetting, com.iwedia.ui.rjio.launcher.reliance, com.jio.stb.hotellauncher, com.jio.media.oberoi, com.jio.ott, ]
06-11 22:48:52.907 D/JioLauncher( 1773): network-type-------NonJioNetwork
06-11 22:48:52.910 D/JioLauncher( 1773): live-tv-previousIp-[/fe80::1%wlan0, /192.168.1.1]-newHost-[/fe80::1%wlan0, /192.168.1.1]
06-11 22:48:52.919 D/stbdpc  (  397): STB_DPGetNumPaths[570]: num_paths: 1
06-11 22:48:52.922 D/Glide   ( 1773): Finished loading Bitmap from LOCAL for com.bumptech.glide.gifdecoder.StandardGifDecoder@8b54719 with size [314x176] in 9.597624999999999 ms
06-11 22:48:52.972 D/Glide   ( 1773): Finished loading Bitmap from LOCAL for com.bumptech.glide.gifdecoder.StandardGifDecoder@8b54719 with size [314x176] in 17.979834 ms
06-11 22:48:52.980 D/dvb_iptv(  397): ReadEmmNetworkTask[1537]: EMM Select Timeout Occured 15
06-11 22:48:53.006 D/Glide   ( 1773): Finished loading Bitmap from LOCAL for com.bumptech.glide.gifdecoder.StandardGifDecoder@8b54719 with size [314x176] in 11.491375 ms
06-11 22:48:53.019 D/stbdpc  (  397): STB_DPGetNumPaths[570]: num_paths: 1
06-11 22:48:53.038 D/Glide   ( 1773): Finished loading Bitmap from LOCAL for com.bumptech.glide.gifdecoder.StandardGifDecoder@8b54719 with size [314x176] in 3.865291 ms
06-11 22:48:53.088 D/Glide   ( 1773): Finished loading Bitmap from LOCAL for com.bumptech.glide.gifdecoder.StandardGifDecoder@8b54719 with size [314x176] in 13.416542 ms
06-11 22:48:53.092 D/ltts_ip_emm(  397): LTTS_IP_DMXStartEMM[381]: parse_emm_cat_status failed
06-11 22:48:53.102 D/[ 8164.256301@3]  logd(    0): logdr: UID=0 GID=0 PID=16524 b tail=0 logMask=99 pid=0 start=0ns timeout=0ns
06-11 22:48:53.106 D/[ 8164.258574@2]  logd(    0): Skipping 4294967295 entries from slow reader, pid 16524, from LogBuffer::kickMe()
06-11 22:48:53.120 D/stbdpc  (  397): STB_DPGetNumPaths[570]: num_paths: 1
06-11 22:48:53.122 D/Glide   ( 1773): Finished loading Bitmap from LOCAL for com.bumptech.glide.gifdecoder.StandardGifDecoder@8b54719 with size [314x176] in 6.803666 ms
06-11 22:48:53.172 D/Glide   ( 1773): Finished loading Bitmap from LOCAL for com.bumptech.glide.gifdecoder.StandardGifDecoder@8b54719 with size [314x176] in 16.828457999999998 ms
06-11 22:48:53.205 D/Glide   ( 1773): Finished loading Bitmap from LOCAL for com.bumptech.glide.gifdecoder.StandardGifDecoder@8b54719 with size [314x176] in 9.269833 ms
06-11 22:48:53.220 D/stbdpc  (  397): STB_DPGetNumPaths[570]: num_paths: 1
06-11 22:48:53.239 D/Glide   ( 1773): Finished loading Bitmap from LOCAL for com.bumptech.glide.gifdecoder.StandardGifDecoder@8b54719 with size [314x176] in 1.9656669999999998 ms
06-11 22:48:53.289 D/Glide   ( 1773): Finished loading Bitmap from LOCAL for com.bumptech.glide.gifdecoder.StandardGifDecoder@8b54719 with size [314x176] in 11.521459 ms
06-11 22:48:53.320 D/stbdpc  (  397): STB_DPGetNumPaths[570]: num_paths: 1
06-11 22:48:53.322 D/Glide   ( 1773): Finished loading Bitmap from LOCAL for com.bumptech.glide.gifdecoder.StandardGifDecoder@8b54719 with size [314x176] in 4.61375 ms
--------- beginning of system
06-11 22:48:53.329 I/ActivityTaskManager(  633): START u0 {flg=0x10000000 cmp=in.startv.hotstar/com.hotstar.MainActivity} from uid 0
06-11 22:48:53.330 D/ActivityStarter(  633):  
06-11 22:48:53.330 D/ActivityStarter(  633): launchedPkgName :: in.startv.hotstar 
06-11 22:48:53.330 D/ActivityStarter(  633): callingPackage :: com.android.shell 
06-11 22:48:53.330 D/ActivityStarter(  633): callingUid :: 0 
06-11 22:48:53.330 D/ActivityStarter(  633): callingPid :: 16536
06-11 22:48:53.330 D/ActivityTaskManager(  633): OTHER app is launched
06-11 22:48:53.340 V/DigitalSignage(  633): Package Name: null
06-11 22:48:53.340 V/DigitalSignage(  633): Left: 0
06-11 22:48:53.340 V/DigitalSignage(  633): Right: 0
06-11 22:48:53.340 V/DigitalSignage(  633): Top: 0
06-11 22:48:53.340 V/DigitalSignage(  633): Bottom: 0
06-11 22:48:53.341 D/DigitalSignage(  633): else - Package Name :: null left : 0 right :: 0 top :: 0 bottom :: 0 dfu-right :: 1920 dfu-bottom :: 1080
06-11 22:48:53.345 D/JioLauncher( 1773): package-unregisterReceiver-for-downloadFeedBackReceiver
06-11 22:48:53.346 D/JioLauncher( 1773): intro-activity-on-pause
06-11 22:48:53.346 D/JioLauncher( 1773): recommendation-pause-called-no-recommendation-call-in-progress-cancel-handler
06-11 22:48:53.346 D/JioLauncher( 1773): ipl-pause-called-no-ipl-call-in-progress-cancel-handler
06-11 22:48:53.346 D/JioLauncher( 1773): for-u-recommendation-api-call-remove
06-11 22:48:53.346 D/JioLauncher( 1773): promotion-pause-called-no-ads-call-in-progress-cancel-handler
06-11 22:48:53.346 D/JioLauncher( 1773): ipl-promotion-pause-called-no-ads-call-in-progress-cancel-handler
06-11 22:48:53.347 D/JioLauncher( 1773): ThreadCount-150
06-11 22:48:53.347 D/JioLauncher( 1773): isInactivityPopupDisplaying-{"inactivity_status_modified_time":1420050609621,"inactivity_status":false,"inactivity_window_timeout":120000}
06-11 22:48:53.347 D/JioLauncher( 1773): inactivity_status-false- result-false
06-11 22:48:53.347 D/JioLauncher( 1773): overlay-removing-type-LIVE_TV_ALERT_TYPE  -isInactivityPopupDisplaying-false
06-11 22:48:53.347 D/JioLauncher( 1773): ThreadCount-150
06-11 22:48:53.347 D/JioLauncher( 1773): isInactivityPopupDisplaying-{"inactivity_status_modified_time":1420050609621,"inactivity_status":false,"inactivity_window_timeout":120000}
06-11 22:48:53.347 D/JioLauncher( 1773): inactivity_status-false- result-false
06-11 22:48:53.347 D/JioLauncher( 1773): block-apps 1 null false
06-11 22:48:53.347 D/JioLauncher( 1773): global-key-unblock-all-key
06-11 22:48:53.349 D/JioLauncher( 1773): block-apps -1 null false
06-11 22:48:53.349 D/JioLauncher( 1773): global-key-block-all-key--others
06-11 22:48:53.362 D/CompatibilityChangeReporter(  633): Compat change id reported: 135634846; UID 10072; state: DISABLED
06-11 22:48:53.363 D/CompatibilityChangeReporter(  633): Compat change id reported: 143937733; UID 10072; state: ENABLED
06-11 22:48:53.372 V/DigitalSignage(  633): Package Name: null
06-11 22:48:53.372 V/DigitalSignage(  633): Left: 0
06-11 22:48:53.372 V/DigitalSignage(  633): Right: 0
06-11 22:48:53.373 D/Glide   ( 1773): Finished loading Bitmap from LOCAL for com.bumptech.glide.gifdecoder.StandardGifDecoder@8b54719 with size [314x176] in 13.649958 ms
06-11 22:48:53.373 V/DigitalSignage(  633): Top: 0
06-11 22:48:53.373 V/DigitalSignage(  633): Bottom: 0
06-11 22:48:53.373 D/DigitalSignage(  633): else - Package Name :: null left : 0 right :: 0 top :: 0 bottom :: 0 dfu-right :: 1920 dfu-bottom :: 1080
06-11 22:48:53.392 I/appium  (16452): channel read: POST /session/c58c605f-6008-4ed0-a0d5-b69621dcb058/element
06-11 22:48:53.394 I/appium  (16452): FindElement command
06-11 22:48:53.398 I/appium  (16452): method: 'xpath', selector: '//android.widget.ImageView[@resource-id='in.startv.hotstar:id/iv_profile']'
06-11 22:48:53.402 V/DigitalSignage(  633): Package Name: null
06-11 22:48:53.402 V/DigitalSignage(  633): Left: 0
06-11 22:48:53.402 V/DigitalSignage(  633): Right: 0
06-11 22:48:53.402 V/DigitalSignage(  633): Top: 0
06-11 22:48:53.402 V/DigitalSignage(  633): Bottom: 0
06-11 22:48:53.403 D/DigitalSignage(  633): else - Package Name :: null left : 0 right :: 0 top :: 0 bottom :: 0 dfu-right :: 1920 dfu-bottom :: 1080
06-11 22:48:53.403 I/appium  (16452): Waiting up to 10000ms for the device to idle
06-11 22:48:53.407 D/Zygote  (  324): Forked child process 16539
06-11 22:48:53.408 D/Glide   ( 1773): Finished loading Bitmap from LOCAL for com.bumptech.glide.gifdecoder.StandardGifDecoder@8b54719 with size [314x176] in 8.736749999999999 ms
06-11 22:48:53.409 W/ActivityManager(  633): Slow operation: 63ms so far, now at startProcess: returned from zygote!
06-11 22:48:53.409 W/ActivityManager(  633): Slow operation: 64ms so far, now at startProcess: done updating battery stats
06-11 22:48:53.409 W/ActivityManager(  633): Slow operation: 64ms so far, now at startProcess: building log message
06-11 22:48:53.409 I/ActivityManager(  633): Start proc 16539:in.startv.hotstar/u0a72 for pre-top-activity {in.startv.hotstar/com.hotstar.MainActivity}
06-11 22:48:53.410 W/ActivityManager(  633): Slow operation: 64ms so far, now at startProcess: starting to update pids map
06-11 22:48:53.410 W/ActivityManager(  633): Slow operation: 64ms so far, now at startProcess: done updating pids map
06-11 22:48:53.420 D/stbdpc  (  397): STB_DPGetNumPaths[570]: num_paths: 1
06-11 22:48:53.442 I/adbd    (12860): jdwp connection from 16539
06-11 22:48:53.455 D/ActivityTaskManager(  633): JioHomeManagerService :: ActivityRecord :: setState :: StateFrom :: INITIALIZING StateTo :: RESUMED 
06-11 22:48:53.455 D/Glide   ( 1773): Finished loading Bitmap from LOCAL for com.bumptech.glide.gifdecoder.StandardGifDecoder@8b54719 with size [314x176] in 15.621542 ms
06-11 22:48:53.465 V/DigitalSignage(  633): Package Name: null
06-11 22:48:53.465 V/DigitalSignage(  633): Left: 0
06-11 22:48:53.465 V/DigitalSignage(  633): Right: 0
06-11 22:48:53.465 V/DigitalSignage(  633): Top: 0
06-11 22:48:53.465 V/DigitalSignage(  633): Bottom: 0
06-11 22:48:53.465 D/DigitalSignage(  633): else - Package Name :: null left : 0 right :: 0 top :: 0 bottom :: 0 dfu-right :: 1920 dfu-bottom :: 1080
06-11 22:48:53.466 D/rtk_heartbeat(  349): heartbeat_timed_out: heartbeatCmdCount = 8142, expected nextSeqNum = 8142
06-11 22:48:53.467 D/rtk_heartbeat(  349): rtkbt_heartbeat_cmpl_cback: Current SeqNum = 8142,should SeqNum=8142, status = 0
06-11 22:48:53.469 D/NetflixService(  969): onForegroundActivitiesChanged pid:16539,uid:10072,fg:true
06-11 22:48:53.471 I/android.hardware.power-service.libperfmgr(  366): Power setBoost: INTERACTION duration: 0
06-11 22:48:53.472 I/libperfmgr(  366): Do Powerhint: INTERACTION
06-11 22:48:53.477 D/ActivityManager(  633): JioHomeManagerService :: StateFrom :: INITIALIZING StateTo :: RESUMED Activity :: in.startv.hotstar/com.hotstar.MainActivity Action :: com.jio.remote.action.applaunch
06-11 22:48:53.477 D/NetflixService(  969): processName:com.netflix.ninja,importance:300
06-11 22:48:53.481 D/dvb_iptv(  397): ReadEmmNetworkTask[1537]: EMM Select Timeout Occured 16
06-11 22:48:53.489 V/DigitalSignage(  633): Package Name: null
06-11 22:48:53.489 V/DigitalSignage(  633): Left: 0
06-11 22:48:53.489 V/DigitalSignage(  633): Right: 0
06-11 22:48:53.489 V/DigitalSignage(  633): Top: 0
06-11 22:48:53.489 V/DigitalSignage(  633): Bottom: 0
06-11 22:48:53.490 D/DigitalSignage(  633): else - Package Name :: null left : 0 right :: 0 top :: 0 bottom :: 0 dfu-right :: 1920 dfu-bottom :: 1080
06-11 22:48:53.491 D/Glide   ( 1773): Finished loading Bitmap from LOCAL for com.bumptech.glide.gifdecoder.StandardGifDecoder@8b54719 with size [314x176] in 10.870999999999999 ms
06-11 22:48:53.504 D/NetworkSecurityConfig(16539): Using Network Security Config from resource network_security_config debugBuild: false
06-11 22:48:53.507 D/NetworkSecurityConfig(16539): Using Network Security Config from resource network_security_config debugBuild: false
06-11 22:48:53.520 D/stbdpc  (  397): STB_DPGetNumPaths[570]: num_paths: 1
06-11 22:48:53.535 D/SessionsDependencies(16539): Dependency to CRASHLYTICS added.
06-11 22:48:53.540 D/Glide   ( 1773): Finished loading Bitmap from LOCAL for com.bumptech.glide.gifdecoder.StandardGifDecoder@8b54719 with size [314x176] in 19.497542 ms
06-11 22:48:53.551 I/FirebaseApp(16539): Device unlocked: initializing all Firebase APIs for app [DEFAULT]
06-11 22:48:53.576 D/Glide   ( 1773): Finished loading Bitmap from LOCAL for com.bumptech.glide.gifdecoder.StandardGifDecoder@8b54719 with size [314x176] in 14.253416999999999 ms
06-11 22:48:53.576 D/FirebaseSessions(16539): Initializing Firebase Sessions SDK.
06-11 22:48:53.586 I/FirebaseCrashlytics(16539): Initializing Firebase Crashlytics 19.3.0 for in.startv.hotstar
06-11 22:48:53.593 W/GooglePlayServicesUtil(16539): in.startv.hotstar requires the Google Play Store, but it is missing.
06-11 22:48:53.594 E/DynamiteModule(16539): Invalid GmsCore APK, remote loading disabled.
06-11 22:48:53.594 I/DynamiteModule(16539): Considering local module com.google.android.gms.measurement.dynamite:127 and remote module com.google.android.gms.measurement.dynamite:0
06-11 22:48:53.594 I/DynamiteModule(16539): Selected local version of com.google.android.gms.measurement.dynamite
06-11 22:48:53.595 E/DynamiteModule(16539): Invalid GmsCore APK, remote loading disabled.
06-11 22:48:53.601 W/FA      (16539): Failed to register event listener on calling thread. Trying again on the dynamite thread.
06-11 22:48:53.604 D/SessionsDependencies(16539): Subscriber CRASHLYTICS registered.
06-11 22:48:53.608 D/Glide   ( 1773): Finished loading Bitmap from LOCAL for com.bumptech.glide.gifdecoder.StandardGifDecoder@8b54719 with size [314x176] in 5.417458 ms
06-11 22:48:53.620 D/stbdpc  (  397): STB_DPGetNumPaths[570]: num_paths: 1
06-11 22:48:53.631 I/FA      (16539): App measurement initialized, version: 106000
06-11 22:48:53.631 I/FA      (16539): To enable debug logging run: adb shell setprop log.tag.FA VERBOSE
06-11 22:48:53.631 I/FA      (16539): To enable faster debug mode event logging run:
06-11 22:48:53.631 I/FA      (16539):   adb shell setprop debug.firebase.analytics.app in.startv.hotstar
06-11 22:48:53.639 D/LifecycleServiceBinder(16539): Binding service to application.
06-11 22:48:53.657 D/Glide   ( 1773): Finished loading Bitmap from LOCAL for com.bumptech.glide.gifdecoder.StandardGifDecoder@8b54719 with size [314x176] in 13.825959 ms
06-11 22:48:53.674 I/FirebaseInitProvider(16539): FirebaseApp initialization successful
06-11 22:48:53.679 D/WM-WrkMgrInitializer(16539): Initializing WorkManager with default configuration.
06-11 22:48:53.691 D/Glide   ( 1773): Finished loading Bitmap from LOCAL for com.bumptech.glide.gifdecoder.StandardGifDecoder@8b54719 with size [314x176] in 6.755792 ms
06-11 22:48:53.693 I/TetheringManager(16539): registerTetheringEventCallback:in.startv.hotstar
06-11 22:48:53.714 E/DynamiteModule(16539): Invalid GmsCore APK, remote loading disabled.
06-11 22:48:53.714 I/DynamiteModule(16539): Considering local module com.google.android.gms.cast_tv_dynamite:1 and remote module com.google.android.gms.cast_tv_dynamite:0
06-11 22:48:53.715 I/DynamiteModule(16539): Selected local version of com.google.android.gms.cast_tv_dynamite
06-11 22:48:53.721 D/stbdpc  (  397): STB_DPGetNumPaths[570]: num_paths: 1
06-11 22:48:53.741 D/Glide   ( 1773): Finished loading Bitmap from LOCAL for com.bumptech.glide.gifdecoder.StandardGifDecoder@8b54719 with size [314x176] in 17.042834 ms
06-11 22:48:53.773 D/Glide   ( 1773): Finished loading Bitmap from LOCAL for com.bumptech.glide.gifdecoder.StandardGifDecoder@8b54719 with size [314x176] in 8.566374999999999 ms
06-11 22:48:53.797 I/AmFFmpegExtractor(  447): checkInList: isw:0, m:audio/mpeg, t:1, i:86017 t:0
06-11 22:48:53.797 I/AmFFmpegExtractor(  447): checkInList: isw:1, m:audio/mpeg, t:1, i:86017 t:0
06-11 22:48:53.797 E/AmFFmpegExtractor(  447): codec_ctx->properties: 0
06-11 22:48:53.797 I/AmFFmpegExtractor(  447): checkSupportInList ret 1
06-11 22:48:53.803 I/AmFFmpegExtractor(  447): checkInList: isw:0, m:audio/mpeg, t:1, i:86017 t:0
06-11 22:48:53.803 I/AmFFmpegExtractor(  447): checkInList: isw:1, m:audio/mpeg, t:1, i:86017 t:0
06-11 22:48:53.803 E/AmFFmpegExtractor(  447): codec_ctx->properties: 0
06-11 22:48:53.803 I/AmFFmpegExtractor(  447): checkSupportInList ret 0
06-11 22:48:53.803 E/AmFFmpegExtractor(  447): vendor do not support
06-11 22:48:53.805 E/Utils   (  447): did not find channel-count and/or sample-rate
06-11 22:48:53.812 I/AmAVUtils(16539): AmAVUtils, GITINFO : d32b3814175617bb24dd0965983e5642c803ab3a(drm.autobuild  Mon Oct 18 12:59:01 CST 2021)
06-11 22:48:53.812 I/AmAVUtils(16539): set profile 0 level:0
06-11 22:48:53.821 D/stbdpc  (  397): STB_DPGetNumPaths[570]: num_paths: 1
06-11 22:48:53.824 D/Glide   ( 1773): Finished loading Bitmap from LOCAL for com.bumptech.glide.gifdecoder.StandardGifDecoder@8b54719 with size [314x176] in 19.514083 ms
06-11 22:48:53.827 D/CCodec  (16539): allocate(c2.android.mp3.decoder)
06-11 22:48:53.832 I/Codec2Client(16539): Available Codec2 services: "software"
06-11 22:48:53.844 V/C2Store (  477): in init
06-11 22:48:53.844 V/C2Store (  477): loading dll
06-11 22:48:53.848 I/CCodec  (16539): Created component [c2.android.mp3.decoder]
06-11 22:48:53.848 D/CCodecConfig(16539): read media type: audio/mpeg
06-11 22:48:53.851 D/ReflectedParamUpdater(16539): extent() != 1 for single value type: algo.buffers.max-count.values
06-11 22:48:53.852 D/ReflectedParamUpdater(16539): extent() != 1 for single value type: output.subscribed-indices.values
06-11 22:48:53.852 D/ReflectedParamUpdater(16539): extent() != 1 for single value type: input.buffers.allocator-ids.values
06-11 22:48:53.852 D/ReflectedParamUpdater(16539): extent() != 1 for single value type: output.buffers.allocator-ids.values
06-11 22:48:53.852 D/ReflectedParamUpdater(16539): extent() != 1 for single value type: algo.buffers.allocator-ids.values
06-11 22:48:53.853 D/ReflectedParamUpdater(16539): extent() != 1 for single value type: output.buffers.pool-ids.values
06-11 22:48:53.853 D/ReflectedParamUpdater(16539): extent() != 1 for single value type: algo.buffers.pool-ids.values
06-11 22:48:53.859 D/Glide   ( 1773): Finished loading Bitmap from LOCAL for com.bumptech.glide.gifdecoder.StandardGifDecoder@8b54719 with size [314x176] in 12.448625 ms
06-11 22:48:53.861 V/DigitalSignage(  633): Package Name: null
06-11 22:48:53.861 V/DigitalSignage(  633): Left: 0
06-11 22:48:53.861 V/DigitalSignage(  633): Right: 0
06-11 22:48:53.861 V/DigitalSignage(  633): Top: 0
06-11 22:48:53.861 V/DigitalSignage(  633): Bottom: 0
06-11 22:48:53.861 D/DigitalSignage(  633): else - Package Name :: null left : 0 right :: 0 top :: 0 bottom :: 0 dfu-right :: 1920 dfu-bottom :: 1080
06-11 22:48:53.862 I/CCodecConfig(16539): query failed after returning 7 values (BAD_INDEX)
06-11 22:48:53.862 D/CCodecConfig(16539): c2 config diff is Dict {
06-11 22:48:53.862 D/CCodecConfig(16539):   c2::u32 coded.bitrate.value = 64000
06-11 22:48:53.862 D/CCodecConfig(16539):   c2::u32 input.buffers.max-size.value = 8192
06-11 22:48:53.862 D/CCodecConfig(16539):   c2::u32 input.delay.value = 0
06-11 22:48:53.862 D/CCodecConfig(16539):   string input.media-type.value = "audio/mpeg"
06-11 22:48:53.862 D/CCodecConfig(16539):   string output.media-type.value = "audio/raw"
06-11 22:48:53.862 D/CCodecConfig(16539):   c2::u32 raw.channel-count.value = 2
06-11 22:48:53.862 D/CCodecConfig(16539):   c2::u32 raw.sample-rate.value = 44100
06-11 22:48:53.862 D/CCodecConfig(16539): }
06-11 22:48:53.864 D/CCodec  (16539): [c2.android.mp3.decoder] buffers are bound to CCodec for this session
06-11 22:48:53.864 D/CCodecConfig(16539): no c2 equivalents for durationUs
06-11 22:48:53.864 D/CCodecConfig(16539): no c2 equivalents for track-id
06-11 22:48:53.864 D/CCodecConfig(16539): no c2 equivalents for encoder-delay
06-11 22:48:53.864 D/CCodecConfig(16539): no c2 equivalents for encoder-padding
06-11 22:48:53.864 D/CCodecConfig(16539): no c2 equivalents for flags
06-11 22:48:53.865 D/CCodecConfig(16539): c2 config diff is   c2::u32 raw.channel-count.value = 1
06-11 22:48:53.865 D/CCodecConfig(16539):   c2::u32 raw.sample-rate.value = 48000
06-11 22:48:53.867 W/Codec2Client(16539): query -- param skipped: index = 1107298332.
06-11 22:48:53.867 D/CCodec  (16539): setup formats input: AMessage(what = 0x00000000) = {
06-11 22:48:53.867 D/CCodec  (16539):   int32_t channel-count = 1
06-11 22:48:53.867 D/CCodec  (16539):   int32_t max-input-size = 8192
06-11 22:48:53.867 D/CCodec  (16539):   string mime = "audio/mpeg"
06-11 22:48:53.867 D/CCodec  (16539):   int32_t sample-rate = 48000
06-11 22:48:53.867 D/CCodec  (16539): } and output: AMessage(what = 0x00000000) = {
06-11 22:48:53.867 D/CCodec  (16539):   int32_t channel-count = 1
06-11 22:48:53.867 D/CCodec  (16539):   string mime = "audio/raw"
06-11 22:48:53.867 D/CCodec  (16539):   int32_t sample-rate = 48000
06-11 22:48:53.867 D/CCodec  (16539):   int32_t encoder-delay = 576
06-11 22:48:53.867 D/CCodec  (16539):   int32_t encoder-padding = 1152
06-11 22:48:53.867 D/CCodec  (16539): }
06-11 22:48:53.868 W/Codec2Client(16539): query -- param skipped: index = 1342179345.
06-11 22:48:53.868 W/Codec2Client(16539): query -- param skipped: index = 2415921170.
06-11 22:48:53.869 E/FMQ     (16539): grantorIdx must be less than 3
06-11 22:48:53.870 E/FMQ     (16539): grantorIdx must be less than 3
06-11 22:48:53.871 D/CCodecBufferChannel(16539): [c2.android.mp3.decoder#866] Created input block pool with allocatorID 16 => poolID 17 - OK (0)
06-11 22:48:53.873 E/FMQ     (  477): grantorIdx must be less than 3
06-11 22:48:53.873 E/FMQ     (  477): grantorIdx must be less than 3
06-11 22:48:53.874 D/JioStbInactivityTimer(  926): Timer: count 15 warningTimeout:10680 timeout:10800
06-11 22:48:53.874 D/JioStbInactivityTimer(  926): isUserActive: Curr:8148418 Prev:8148418
06-11 22:48:53.875 I/CCodecBufferChannel(16539): [c2.android.mp3.decoder#866] Created output block pool with allocatorID 16 => poolID 137 - OK
06-11 22:48:53.875 D/CCodecBufferChannel(16539): [c2.android.mp3.decoder#866] Configured output block pool ids 137 => OK
06-11 22:48:53.876 E/ion     (16539): ioctl c0044901 failed with code -1: Inappropriate ioctl for device
06-11 22:48:53.880 D/SimpleC2Component(  477): Using output block pool with poolID 137 => got 137 - 0
06-11 22:48:53.885 I/appium  (16452): The following attributes will be included to the page source: [resource-id]
06-11 22:48:53.889 D/ConnectivityService(  633): NetReassign [no changes]
06-11 22:48:53.895 E/FMQ     (16539): grantorIdx must be less than 3
06-11 22:48:53.895 E/FMQ     (  477): grantorIdx must be less than 3
06-11 22:48:53.896 I/C2SoftMp3Dec(  477): Reconfiguring decoder: 0->48000 Hz, 0->1 channels
06-11 22:48:53.899 E/FMQ     (  477): grantorIdx must be less than 3
06-11 22:48:53.899 E/FMQ     (16539): grantorIdx must be less than 3
06-11 22:48:53.901 D/CCodecBuffers(16539): [c2.android.mp3.decoder#866:Output[N]] popFromStashAndRegister: output format changed to AMessage(what = 0x00000000) = {
06-11 22:48:53.901 D/CCodecBuffers(16539):   int32_t channel-count = 1
06-11 22:48:53.901 D/CCodecBuffers(16539):   string mime = "audio/raw"
06-11 22:48:53.901 D/CCodecBuffers(16539):   int32_t sample-rate = 48000
06-11 22:48:53.901 D/CCodecBuffers(16539):   int32_t encoder-delay = 576
06-11 22:48:53.901 D/CCodecBuffers(16539):   int32_t encoder-padding = 1152
06-11 22:48:53.901 D/CCodecBuffers(16539): }
06-11 22:48:53.907 E/BufferQueueProducer(  393): [com.iwedia.ui.rjio.launcher.reliance/com.iwedia.ui.rjio.launcher.ui.intro.IntroActivity#0](id:189000000c9,api:0,p:-1,c:393) disconnect: not connected (req=1)
06-11 22:48:53.908 W/libEGL  ( 1773): EGLNativeWindowType 0xf4583c08 disconnect failed
06-11 22:48:53.912 V/DigitalSignage(  633): Package Name: null
06-11 22:48:53.912 V/DigitalSignage(  633): Left: 0
06-11 22:48:53.912 V/DigitalSignage(  633): Right: 0
06-11 22:48:53.912 V/DigitalSignage(  633): Top: 0
06-11 22:48:53.912 V/DigitalSignage(  633): Bottom: 0
06-11 22:48:53.912 D/DigitalSignage(  633): else - Package Name :: null left : 0 right :: 0 top :: 0 bottom :: 0 dfu-right :: 1920 dfu-bottom :: 1080
06-11 22:48:53.921 D/stbdpc  (  397): STB_DPGetNumPaths[570]: num_paths: 1
06-11 22:48:53.990 W/[ 8165.143858@0]  RTW(    0): fill_default_txdesc(wlan0): SP Packet(0x0806) rate=0x4 SeqNum = 2873
06-11 22:48:53.981 D/dvb_iptv(  397): ReadEmmNetworkTask[1537]: EMM Select Timeout Occured 17
06-11 22:48:54.002 I/FirebaseCrashlytics(16539): Saved version control info
06-11 22:48:54.015 W/GooglePlayServicesUtil(16539): in.startv.hotstar requires the Google Play Store, but it is missing.
06-11 22:48:54.015 W/FA      (16539): Service invalid
06-11 22:48:54.021 D/stbdpc  (  397): STB_DPGetNumPaths[570]: num_paths: 1
06-11 22:48:54.121 D/stbdpc  (  397): STB_DPGetNumPaths[570]: num_paths: 1
06-11 22:48:54.133 I/uncher.relianc( 1773): oneway function results will be dropped but finished with status OK and parcel size 4
06-11 22:48:54.161 I/e.swalekh.abct( 1359): oneway function results will be dropped but finished with status OK and parcel size 4
06-11 22:48:54.166 D/CCodecBufferChannel(16539): [c2.android.mp3.decoder#866] MediaCodec discarded an unknown buffer
06-11 22:48:54.166 I/chatty  (16539): uid=10072(in.startv.hotstar) identical 1 line
06-11 22:48:54.166 D/CCodecBufferChannel(16539): [c2.android.mp3.decoder#866] MediaCodec discarded an unknown buffer
06-11 22:48:54.171 I/hw-BpHwBinder(16539): onLastStrongRef automatically unlinking death recipients
06-11 22:48:54.172 I/hw-BpHwBinder(  477): onLastStrongRef automatically unlinking death recipients
06-11 22:48:54.172 V/C2Store (  477): in ~ComponentModule
06-11 22:48:54.173 V/C2Store (  477): unloading dll
06-11 22:48:54.181 D/JioSTBMRServer-SERVICE( 3589): InetSocketAddress(InetAddress.getByName(inetAddress.hostAddress)-/192.168.1.255
06-11 22:48:54.181 D/JioSTBMRServer-SERVICE( 3589): #beacon:RKISBFJ60000097:0:false:0:1:SV=181024 , 192.168.1.255
06-11 22:48:54.194 D/JioSTBMRServer-SERVICE( 3589): InetSocketAddress(InetAddress.getByName(inetAddress.hostAddress)-/192.168.1.255
06-11 22:48:54.194 D/JioSTBMRServer-SERVICE( 3589): #broadcast IP:192.168.1.255
06-11 22:48:54.222 D/stbdpc  (  397): STB_DPGetNumPaths[570]: num_paths: 1
06-11 22:48:54.322 D/stbdpc  (  397): STB_DPGetNumPaths[570]: num_paths: 1
06-11 22:48:54.364 D/SessionLifecycleClient(16539): Queued message 1. Queue size 1
06-11 22:48:54.387 D/SessionLifecycleService(16539): Service bound to new client on process 16539
06-11 22:48:54.392 I/Choreographer(16539): Skipped 41 frames!  The application may be doing too much work on its main thread.
06-11 22:48:54.393 D/SessionLifecycleService(16539): App has not yet foregrounded. Using previously stored session.
06-11 22:48:54.393 D/SessionLifecycleService(16539): Client android.os.Messenger@eda827f bound at 8165541. Clients: 1
06-11 22:48:54.397 V/RootBeer(16539): b: a() [44] - /system/xbin/su binary detected!
06-11 22:48:54.410 V/DigitalSignage(  633): Package Name: null
06-11 22:48:54.410 V/DigitalSignage(  633): Left: 0
06-11 22:48:54.410 V/DigitalSignage(  633): Right: 0
06-11 22:48:54.410 V/DigitalSignage(  633): Top: 0
06-11 22:48:54.410 V/DigitalSignage(  633): Bottom: 0
06-11 22:48:54.410 D/DigitalSignage(  633): else - Package Name :: null left : 0 right :: 0 top :: 0 bottom :: 0 dfu-right :: 1920 dfu-bottom :: 1080
06-11 22:48:54.411 V/DigitalSignage(  633): Package Name: null
06-11 22:48:54.411 V/DigitalSignage(  633): Left: 0
06-11 22:48:54.411 V/DigitalSignage(  633): Right: 0
06-11 22:48:54.411 V/DigitalSignage(  633): Top: 0
06-11 22:48:54.411 V/DigitalSignage(  633): Bottom: 0
06-11 22:48:54.411 D/DigitalSignage(  633): else - Package Name :: null left : 0 right :: 0 top :: 0 bottom :: 0 dfu-right :: 1920 dfu-bottom :: 1080
06-11 22:48:54.420 E/WifiVendorHal(  633): getWifiLinkLayerStats_1_3_Internal(l.973) failed {.code = ERROR_UNKNOWN, .description = unknown error}
06-11 22:48:54.422 D/stbdpc  (  397): STB_DPGetNumPaths[570]: num_paths: 1
06-11 22:48:54.422 D/JioAppOptimizer( 1722): AppOptimizerService :: handleMessage()
06-11 22:48:54.442 D/JioAppOptimizer( 1722): AppOptimizerService :: handleMessage() : Foreground Package=in.startv.hotstar
06-11 22:48:54.447 D/JioAppOptimizer( 1722): AppOptimizerService :: handleMessage() : Free memory available in MB : 687.9609375
06-11 22:48:54.449 D/JioAppOptimizer( 1722): AppOptimizerService :: handleMessage() : checkAndRemoveBackgroundApps()
06-11 22:48:54.450 D/JioAppOptimizer( 1722): AppOptimizerService :: checkAndRemoveBackgroundApps()
06-11 22:48:54.451 I/FA      (16539): Tag Manager is not found and thus will not be used
06-11 22:48:54.454 W/GooglePlayServicesUtil(16539): Google Play services is missing.
06-11 22:48:54.456 I/hwservicemanager(  233): getTransport: Cannot find entry android.hardware.configstore@1.0::ISurfaceFlingerConfigs/default in either framework or device manifest.
06-11 22:48:54.466 D/rtk_heartbeat(  349): heartbeat_timed_out: heartbeatCmdCount = 8143, expected nextSeqNum = 8143
06-11 22:48:54.457 I/tomator2.serve(16452): Background young concurrent copying GC freed 35713(1874KB) AllocSpace objects, 10(992KB) LOS objects, 0% free, 11MB/11MB, paused 199us total 243.048ms
06-11 22:48:54.467 D/rtk_heartbeat(  349): rtkbt_heartbeat_cmpl_cback: Current SeqNum = 8143,should SeqNum=8143, status = 0
06-11 22:48:54.481 D/dvb_iptv(  397): ReadEmmNetworkTask[1537]: EMM Select Timeout Occured 18
06-11 22:48:54.503 I/OpenGLRenderer(16539): Davey! duration=798ms; Flags=1, IntendedVsync=8164857447177, Vsync=8165541463830, OldestInputEvent=9223372036854775807, NewestInputEvent=0, HandleInputStart=8165545627183, AnimationStart=8165545630642, PerformTraversalsStart=8165545876725, DrawStart=8165638055892, SyncQueued=8165640364433, SyncStart=8165640988225, IssueDrawCommandsStart=8165641106100, SwapBuffers=8165653496808, FrameCompleted=8165656989017, DequeueBufferDuration=4857334, QueueBufferDuration=2271125, GpuCompleted=0, 
06-11 22:48:54.505 V/DigitalSignage(  633): Package Name: null
06-11 22:48:54.505 V/DigitalSignage(  633): Left: 0
06-11 22:48:54.505 V/DigitalSignage(  633): Right: 0
06-11 22:48:54.505 V/DigitalSignage(  633): Top: 0
06-11 22:48:54.505 V/DigitalSignage(  633): Bottom: 0
06-11 22:48:54.506 D/DigitalSignage(  633): else - Package Name :: null left : 0 right :: 0 top :: 0 bottom :: 0 dfu-right :: 1920 dfu-bottom :: 1080
06-11 22:48:54.506 V/DigitalSignage(  633): Package Name: null
06-11 22:48:54.506 V/DigitalSignage(  633): Left: 0
06-11 22:48:54.506 V/DigitalSignage(  633): Right: 0
06-11 22:48:54.507 V/DigitalSignage(  633): Top: 0
06-11 22:48:54.507 V/DigitalSignage(  633): Bottom: 0
06-11 22:48:54.507 D/DigitalSignage(  633): else - Package Name :: null left : 0 right :: 0 top :: 0 bottom :: 0 dfu-right :: 1920 dfu-bottom :: 1080
06-11 22:48:54.512 V/DigitalSignage(  633): Package Name: null
06-11 22:48:54.512 V/DigitalSignage(  633): Left: 0
06-11 22:48:54.512 V/DigitalSignage(  633): Right: 0
06-11 22:48:54.512 V/DigitalSignage(  633): Top: 0
06-11 22:48:54.512 V/DigitalSignage(  633): Bottom: 0
06-11 22:48:54.512 D/DigitalSignage(  633): else - Package Name :: null left : 0 right :: 0 top :: 0 bottom :: 0 dfu-right :: 1920 dfu-bottom :: 1080
06-11 22:48:54.512 V/DigitalSignage(  633): Package Name: null
06-11 22:48:54.512 V/DigitalSignage(  633): Left: 0
06-11 22:48:54.512 V/DigitalSignage(  633): Right: 0
06-11 22:48:54.512 V/DigitalSignage(  633): Top: 0
06-11 22:48:54.512 V/DigitalSignage(  633): Bottom: 0
06-11 22:48:54.512 D/DigitalSignage(  633): else - Package Name :: null left : 0 right :: 0 top :: 0 bottom :: 0 dfu-right :: 1920 dfu-bottom :: 1080
06-11 22:48:54.522 D/stbdpc  (  397): STB_DPGetNumPaths[570]: num_paths: 1
06-11 22:48:54.532 D/SessionLifecycleClient(16539): Connected to SessionLifecycleService. Queue size 1
06-11 22:48:54.533 D/SessionLifecycleClient(16539): Sending lifecycle 1 to service
06-11 22:48:54.534 D/SessionLifecycleService(16539): Activity foregrounding at 8165686.
06-11 22:48:54.534 D/SessionLifecycleService(16539): Cold start detected.
06-11 22:48:54.535 D/SessionLifecycleService(16539): Generated new session.
06-11 22:48:54.535 D/SessionLifecycleService(16539): Broadcasting new session
06-11 22:48:54.545 D/SessionFirelogPublisher(16539): Data Collection is enabled for at least one Subscriber
06-11 22:48:54.548 V/DigitalSignage(  633): Package Name: null
06-11 22:48:54.548 V/DigitalSignage(  633): Left: 0
06-11 22:48:54.548 V/DigitalSignage(  633): Right: 0
06-11 22:48:54.548 V/DigitalSignage(  633): Top: 0
06-11 22:48:54.548 V/DigitalSignage(  633): Bottom: 0
06-11 22:48:54.548 D/DigitalSignage(  633): else - Package Name :: null left : 0 right :: 0 top :: 0 bottom :: 0 dfu-right :: 1920 dfu-bottom :: 1080
06-11 22:48:54.548 V/DigitalSignage(  633): Package Name: null
06-11 22:48:54.548 V/DigitalSignage(  633): Left: 0
06-11 22:48:54.548 V/DigitalSignage(  633): Right: 0
06-11 22:48:54.548 V/DigitalSignage(  633): Top: 0
06-11 22:48:54.548 V/DigitalSignage(  633): Bottom: 0
06-11 22:48:54.549 D/DigitalSignage(  633): else - Package Name :: null left : 0 right :: 0 top :: 0 bottom :: 0 dfu-right :: 1920 dfu-bottom :: 1080
06-11 22:48:54.553 D/SessionLifecycleClient(16539): Session update received.
06-11 22:48:54.558 I/android.hardware.power-service.libperfmgr(  366): Power setBoost: INTERACTION duration: 0
06-11 22:48:54.558 I/libperfmgr(  366): Do Powerhint: INTERACTION
06-11 22:48:54.565 D/JioLauncher( 1773): launcher-appp-in-background
06-11 22:48:54.565 E/PushSDK ( 1773): Total time spend is 00:00:17
06-11 22:48:54.565 E/PushSDK ( 1773): app closed with session id uziBhkm1749662317332
06-11 22:48:54.585 D/JioLauncher( 1773): onSaveInstanceState-getting called
06-11 22:48:54.607 V/DigitalSignage(  633): Package Name: null
06-11 22:48:54.608 V/DigitalSignage(  633): Left: 0
06-11 22:48:54.608 V/DigitalSignage(  633): Right: 0
06-11 22:48:54.608 V/DigitalSignage(  633): Top: 0
06-11 22:48:54.608 V/DigitalSignage(  633): Bottom: 0
06-11 22:48:54.608 D/DigitalSignage(  633): else - Package Name :: null left : 0 right :: 0 top :: 0 bottom :: 0 dfu-right :: 1920 dfu-bottom :: 1080
06-11 22:48:54.608 V/DigitalSignage(  633): Package Name: null
06-11 22:48:54.608 V/DigitalSignage(  633): Left: 0
06-11 22:48:54.608 V/DigitalSignage(  633): Right: 0
06-11 22:48:54.608 V/DigitalSignage(  633): Top: 0
06-11 22:48:54.608 V/DigitalSignage(  633): Bottom: 0
06-11 22:48:54.608 D/DigitalSignage(  633): else - Package Name :: null left : 0 right :: 0 top :: 0 bottom :: 0 dfu-right :: 1920 dfu-bottom :: 1080
06-11 22:48:54.618 I/tomator2.serve(16452): Waiting for a blocking GC ProfileSaver
06-11 22:48:54.622 D/stbdpc  (  397): STB_DPGetNumPaths[570]: num_paths: 1
06-11 22:48:54.629 D/NetflixService(  969): onForegroundActivitiesChanged pid:1773,uid:10035,fg:false
06-11 22:48:54.632 D/SessionLifecycleClient(16539): Notified CRASHLYTICS of new session ffe2726231334f0cb403f8bbc9278bb1
06-11 22:48:54.636 D/NetflixService(  969): processName:com.netflix.ninja,importance:300
06-11 22:48:54.648 V/FileLogTree(16539): Successfully created log file /data/user/0/in.startv.hotstar/files/logs/HotStarLogs1749662334625.log
06-11 22:48:54.669 I/ActivityTaskManager(  633): Displayed in.startv.hotstar/com.hotstar.MainActivity: +1s184ms
06-11 22:48:54.676 D/CompatibilityChangeReporter(  633): Compat change id reported: 136274596; UID 10072; state: ENABLED
06-11 22:48:54.708 V/DigitalSignage(  633): Package Name: null
06-11 22:48:54.708 V/DigitalSignage(  633): Left: 0
06-11 22:48:54.708 V/DigitalSignage(  633): Right: 0
06-11 22:48:54.708 V/DigitalSignage(  633): Top: 0
06-11 22:48:54.708 V/DigitalSignage(  633): Bottom: 0
06-11 22:48:54.708 D/DigitalSignage(  633): else - Package Name :: null left : 0 right :: 0 top :: 0 bottom :: 0 dfu-right :: 1920 dfu-bottom :: 1080
06-11 22:48:54.722 D/stbdpc  (  397): STB_DPGetNumPaths[570]: num_paths: 1
06-11 22:48:54.726 I/thermal2(  367): Sending notification:  Type: CPU Name: soc_thermal CurrentValue: 65.1 ThrottlingStatus: LIGHT
06-11 22:48:54.727 V/DigitalSignage(  633): Package Name: null
06-11 22:48:54.727 V/DigitalSignage(  633): Left: 0
06-11 22:48:54.727 V/DigitalSignage(  633): Right: 0
06-11 22:48:54.727 V/DigitalSignage(  633): Top: 0
06-11 22:48:54.727 V/DigitalSignage(  633): Bottom: 0
06-11 22:48:54.727 D/DigitalSignage(  633): else - Package Name :: null left : 0 right :: 0 top :: 0 bottom :: 0 dfu-right :: 1920 dfu-bottom :: 1080
06-11 22:48:54.728 I/ThermalService(  969): CPU temperatures: [65.100006]
06-11 22:48:54.788 I/tomator2.serve(16452): Background concurrent copying GC freed 86551(4360KB) AllocSpace objects, 13(2660KB) LOS objects, 49% free, 6908KB/13MB, paused 1.659ms total 318.963ms
06-11 22:48:54.788 I/tomator2.serve(16452): WaitForGcToComplete blocked ProfileSaver on ClassLinker for 169.840ms
06-11 22:48:54.797 D/EventGDTLogger(16539): Session Event Type: SESSION_START
06-11 22:48:54.800 D/SessionFirelogPublisher(16539): Successfully logged Session Start event.
06-11 22:48:54.823 D/stbdpc  (  397): STB_DPGetNumPaths[570]: num_paths: 1
06-11 22:48:54.835 D/[213   ] JioAccount-ADC( 2131): v2.a a> Event: XJSSOE3
06-11 22:48:54.836 V/[213   ] JioAccount-ADC( 2131): v2.a a> XJSSOE3	PARAMETERS:
06-11 22:48:54.841 D/[352   ] JioAccount-ADC( 2131): com.jio.adc.core.b c> Getting ServiceInfo
06-11 22:48:54.843 D/[352   ] JioAccount-ADC( 2131): com.jio.adc.core.b c> Starting Bind...
06-11 22:48:54.846 D/[352   ] JioAccount-ADC( 2131): com.jio.adc.core.b c> Binding...
06-11 22:48:54.847 D/[2     ] JioAccount-ADC( 2131): com.jio.adc.core.b$2 onServiceConnected> Connected
06-11 22:48:54.848 D/[2     ] JioAccount-ADC( 2131): com.jio.adc.core.b$c$1 h> PROCESSING EVENT: XJSSOE3; TIME: 11-06-25 22:48:54:836; PARAMETERS: {"XJSSOP13":"in.startv.hotstar","XJSSOP14":true,"XJSSOP15":""}
06-11 22:48:54.854 V/[2     ] JioAccount-ADC( 2131): com.jio.adc.core.b$c$1 h> Event Written: XJSSOE3; TIME: 11-06-25 22:48:54:836; PARAMETERS: {"XJSSOP13":"in.startv.hotstar","XJSSOP14":true,"XJSSOP15":""}
06-11 22:48:54.874 D/JioStbInactivityTimer(  926): Timer: count 16 warningTimeout:10680 timeout:10800
06-11 22:48:54.874 D/JioStbInactivityTimer(  926): isUserActive: Curr:8148418 Prev:8148418
06-11 22:48:54.923 D/stbdpc  (  397): STB_DPGetNumPaths[570]: num_paths: 1
06-11 22:48:54.981 D/dvb_iptv(  397): ReadEmmNetworkTask[1537]: EMM Select Timeout Occured 19
06-11 22:48:55.023 D/stbdpc  (  397): STB_DPGetNumPaths[570]: num_paths: 1
06-11 22:48:55.092 D/ltts_ip_emm(  397): LTTS_IP_DMXStartEMM[381]: parse_emm_cat_status failed
06-11 22:48:55.123 D/stbdpc  (  397): STB_DPGetNumPaths[570]: num_paths: 1
06-11 22:48:55.223 D/stbdpc  (  397): STB_DPGetNumPaths[570]: num_paths: 1
06-11 22:48:55.244 D/[213   ] JioAccount-ADC( 2131): v2.a a> Event: XJSSOE4
06-11 22:48:55.245 V/[213   ] JioAccount-ADC( 2131): v2.a a> XJSSOE4	PARAMETERS:
06-11 22:48:55.247 I/.sso.stb:remot( 2131): Background young concurrent copying GC freed 47889(2064KB) AllocSpace objects, 0(0B) LOS objects, 25% free, 5973KB/7969KB, paused 226us total 283.030ms
