06-11 12:09:22.831 W/System.err(29769): 	at android.view.View.layout(View.java:22844)
06-11 12:09:22.831 W/System.err(29769): 	at android.view.ViewGroup.layout(ViewGroup.java:6389)
06-11 12:09:22.831 W/System.err(29769): 	at android.widget.FrameLayout.layoutChildren(FrameLayout.java:332)
06-11 12:09:22.831 W/System.err(29769): 	at android.widget.FrameLayout.onLayout(FrameLayout.java:270)
06-11 12:09:22.831 W/System.err(29769): 	at android.view.View.layout(View.java:22844)
06-11 12:09:22.831 W/System.err(29769): 	at android.view.ViewGroup.layout(ViewGroup.java:6389)
06-11 12:09:22.831 W/System.err(29769): 	at androidx.constraintlayout.widget.ConstraintLayout.onLayout(SourceFile:67)
06-11 12:09:22.831 W/System.err(29769): 	at android.view.View.layout(View.java:22844)
06-11 12:09:22.831 W/System.err(29769): 	at android.view.ViewGroup.layout(ViewGroup.java:6389)
06-11 12:09:22.831 W/System.err(29769): 	at android.widget.FrameLayout.layoutChildren(FrameLayout.java:332)
06-11 12:09:22.831 W/System.err(29769): 	at android.widget.FrameLayout.onLayout(FrameLayout.java:270)
06-11 12:09:22.831 W/System.err(29769): 	at android.view.View.layout(View.java:22844)
06-11 12:09:22.831 W/System.err(29769): 	at android.view.ViewGroup.layout(ViewGroup.java:6389)
06-11 12:09:22.831 W/System.err(29769): 	at android.widget.LinearLayout.setChildFrame(LinearLayout.java:1829)
06-11 12:09:22.831 W/System.err(29769): 	at android.widget.LinearLayout.layoutVertical(LinearLayout.java:1673)
06-11 12:09:22.831 W/System.err(29769): 	at android.widget.LinearLayout.onLayout(LinearLayout.java:1582)
06-11 12:09:22.831 W/System.err(29769): 	at android.view.View.layout(View.java:22844)
06-11 12:09:22.831 W/System.err(29769): 	at android.view.ViewGroup.layout(ViewGroup.java:6389)
06-11 12:09:22.831 W/System.err(29769): 	at android.widget.FrameLayout.layoutChildren(FrameLayout.java:332)
06-11 12:09:22.831 W/System.err(29769): 	at android.widget.FrameLayout.onLayout(FrameLayout.java:270)
06-11 12:09:22.831 W/System.err(29769): 	at com.android.internal.policy.DecorView.onLayout(DecorView.java:784)
06-11 12:09:22.831 W/System.err(29769): 	at android.view.View.layout(View.java:22844)
06-11 12:09:22.832 W/System.err(29769): 	at android.view.ViewGroup.layout(ViewGroup.java:6389)
06-11 12:09:22.832 W/System.err(29769): 	at android.view.ViewRootImpl.performLayout(ViewRootImpl.java:3475)
06-11 12:09:22.832 W/System.err(29769): 	at android.view.ViewRootImpl.performTraversals(ViewRootImpl.java:2943)
06-11 12:09:22.832 W/System.err(29769): 	at android.view.ViewRootImpl.doTraversal(ViewRootImpl.java:1948)
06-11 12:09:22.832 W/System.err(29769): 	at android.view.ViewRootImpl$TraversalRunnable.run(ViewRootImpl.java:8177)
06-11 12:09:22.832 W/System.err(29769): 	at android.view.Choreographer$CallbackRecord.run(Choreographer.java:972)
06-11 12:09:22.832 W/System.err(29769): 	at android.view.Choreographer.doCallbacks(Choreographer.java:796)
06-11 12:09:22.832 W/System.err(29769): 	at android.view.Choreographer.doFrame(Choreographer.java:731)
06-11 12:09:22.832 W/System.err(29769): 	at android.view.Choreographer$FrameDisplayEventReceiver.run(Choreographer.java:957)
06-11 12:09:22.832 W/System.err(29769): 	at android.os.Handler.handleCallback(Handler.java:938)
06-11 12:09:22.832 W/System.err(29769): 	at android.os.Handler.dispatchMessage(Handler.java:99)
06-11 12:09:22.832 W/System.err(29769): 	at android.os.Looper.loop(Looper.java:223)
06-11 12:09:22.832 W/System.err(29769): 	at android.app.ActivityThread.main(ActivityThread.java:7664)
06-11 12:09:22.832 W/System.err(29769): 	at java.lang.reflect.Method.invoke(Native Method)
06-11 12:09:22.832 W/System.err(29769): 	at com.android.internal.os.RuntimeInit$MethodAndArgsCaller.run(RuntimeInit.java:592)
06-11 12:09:22.832 W/System.err(29769): 	at com.android.internal.os.ZygoteInit.main(ZygoteInit.java:952)
06-11 12:09:22.846 W/System.err(29769): java.lang.IllegalArgumentException: width and height must be > 0
06-11 12:09:22.846 W/System.err(29769): 	at android.graphics.Bitmap.createBitmap(Bitmap.java:1113)
06-11 12:09:22.847 W/System.err(29769): 	at android.graphics.Bitmap.createBitmap(Bitmap.java:1080)
06-11 12:09:22.847 W/System.err(29769): 	at android.graphics.Bitmap.createBitmap(Bitmap.java:1030)
06-11 12:09:22.847 W/System.err(29769): 	at android.graphics.Bitmap.createBitmap(Bitmap.java:991)
06-11 12:09:22.847 W/System.err(29769): 	at com.hotstar.feature.login.profile.customview.CircleImageView.c(SourceFile:46)
06-11 12:09:22.847 W/System.err(29769): 	at com.hotstar.feature.login.profile.customview.CircleImageView.setImageDrawable(SourceFile:4)
06-11 12:09:22.847 W/System.err(29769): 	at coil.target.ImageViewTarget.f(SourceFile:3)
06-11 12:09:22.847 W/System.err(29769): 	at coil.target.GenericViewTarget.h(SourceFile:19)
06-11 12:09:22.847 W/System.err(29769): 	at coil.target.GenericViewTarget.c(SourceFile:1)
06-11 12:09:22.847 W/System.err(29769): 	at coil.RealImageLoader.c(SourceFile:255)
06-11 12:09:22.847 W/System.err(29769): 	at coil.RealImageLoader$enqueue$job$1.invokeSuspend(SourceFile:32)
06-11 12:09:22.847 W/System.err(29769): 	at kotlin.coroutines.jvm.internal.BaseContinuationImpl.resumeWith(SourceFile:9)
06-11 12:09:22.847 W/System.err(29769): 	at Yg.i.a(SourceFile:129)
06-11 12:09:22.847 W/System.err(29769): 	at S3.A.s(SourceFile:11)
06-11 12:09:22.847 W/System.err(29769): 	at kotlinx.coroutines.a.p0(SourceFile:81)
06-11 12:09:22.847 W/System.err(29769): 	at kotlinx.coroutines.d.a(SourceFile:18)
06-11 12:09:22.847 W/System.err(29769): 	at coil.RealImageLoader.b(SourceFile:10)
06-11 12:09:22.847 W/System.err(29769): 	at coil.request.ViewTargetRequestManager.onViewAttachedToWindow(SourceFile:13)
06-11 12:09:22.847 W/System.err(29769): 	at android.view.View.dispatchAttachedToWindow(View.java:20490)
06-11 12:09:22.847 W/System.err(29769): 	at android.view.ViewGroup.dispatchAttachedToWindow(ViewGroup.java:3496)
06-11 12:09:22.847 W/System.err(29769): 	at android.view.ViewGroup.dispatchAttachedToWindow(ViewGroup.java:3496)
06-11 12:09:22.847 W/System.err(29769): 	at android.view.ViewGroup.addViewInner(ViewGroup.java:5278)
06-11 12:09:22.847 W/System.err(29769): 	at android.view.ViewGroup.addView(ViewGroup.java:5064)
06-11 12:09:22.847 W/System.err(29769): 	at android.view.ViewGroup.addView(ViewGroup.java:5004)
06-11 12:09:22.848 W/System.err(29769): 	at androidx.recyclerview.widget.e.a(SourceFile:26)
06-11 12:09:22.848 W/System.err(29769): 	at androidx.recyclerview.widget.RecyclerView$l.m(SourceFile:243)
06-11 12:09:22.848 W/System.err(29769): 	at androidx.recyclerview.widget.RecyclerView$l.l(SourceFile:3)
06-11 12:09:22.848 W/System.err(29769): 	at androidx.leanback.widget.GridLayoutManager$b.b(SourceFile:42)
06-11 12:09:22.848 W/System.err(29769): 	at androidx.leanback.widget.S.b(SourceFile:58)
06-11 12:09:22.848 W/System.err(29769): 	at androidx.leanback.widget.GridLayoutManager.a1(SourceFile:26)
06-11 12:09:22.848 W/System.err(29769): 	at androidx.leanback.widget.GridLayoutManager.v0(SourceFile:1188)
06-11 12:09:22.848 W/System.err(29769): 	at androidx.recyclerview.widget.RecyclerView.r(SourceFile:74)
06-11 12:09:22.848 W/System.err(29769): 	at androidx.recyclerview.widget.RecyclerView.p(SourceFile:72)
06-11 12:09:22.848 W/System.err(29769): 	at androidx.recyclerview.widget.RecyclerView.onLayout(SourceFile:8)
06-11 12:09:22.848 W/System.err(29769): 	at android.view.View.layout(View.java:22844)
06-11 12:09:22.848 W/System.err(29769): 	at android.view.ViewGroup.layout(ViewGroup.java:6389)
06-11 12:09:22.848 W/System.err(29769): 	at androidx.constraintlayout.widget.ConstraintLayout.onLayout(SourceFile:67)
06-11 12:09:22.848 W/System.err(29769): 	at android.view.View.layout(View.java:22844)
06-11 12:09:22.848 W/System.err(29769): 	at android.view.ViewGroup.layout(ViewGroup.java:6389)
06-11 12:09:22.848 W/System.err(29769): 	at android.widget.FrameLayout.layoutChildren(FrameLayout.java:332)
06-11 12:09:22.848 W/System.err(29769): 	at android.widget.FrameLayout.onLayout(FrameLayout.java:270)
06-11 12:09:22.848 W/System.err(29769): 	at android.view.View.layout(View.java:22844)
06-11 12:09:22.848 W/System.err(29769): 	at android.view.ViewGroup.layout(ViewGroup.java:6389)
06-11 12:09:22.848 W/System.err(29769): 	at android.widget.FrameLayout.layoutChildren(FrameLayout.java:332)
06-11 12:09:22.848 W/System.err(29769): 	at android.widget.FrameLayout.onLayout(FrameLayout.java:270)
06-11 12:09:22.848 W/System.err(29769): 	at android.view.View.layout(View.java:22844)
06-11 12:09:22.848 W/System.err(29769): 	at android.view.ViewGroup.layout(ViewGroup.java:6389)
06-11 12:09:22.848 W/System.err(29769): 	at androidx.constraintlayout.widget.ConstraintLayout.onLayout(SourceFile:67)
06-11 12:09:22.848 W/System.err(29769): 	at android.view.View.layout(View.java:22844)
06-11 12:09:22.849 W/System.err(29769): 	at android.view.ViewGroup.layout(ViewGroup.java:6389)
06-11 12:09:22.849 W/System.err(29769): 	at android.widget.FrameLayout.layoutChildren(FrameLayout.java:332)
06-11 12:09:22.849 W/System.err(29769): 	at android.widget.FrameLayout.onLayout(FrameLayout.java:270)
06-11 12:09:22.849 W/System.err(29769): 	at android.view.View.layout(View.java:22844)
06-11 12:09:22.849 W/System.err(29769): 	at android.view.ViewGroup.layout(ViewGroup.java:6389)
06-11 12:09:22.849 W/System.err(29769): 	at android.widget.FrameLayout.layoutChildren(FrameLayout.java:332)
06-11 12:09:22.849 W/System.err(29769): 	at android.widget.FrameLayout.onLayout(FrameLayout.java:270)
06-11 12:09:22.849 W/System.err(29769): 	at android.view.View.layout(View.java:22844)
06-11 12:09:22.849 W/System.err(29769): 	at android.view.ViewGroup.layout(ViewGroup.java:6389)
06-11 12:09:22.849 W/System.err(29769): 	at android.widget.FrameLayout.layoutChildren(FrameLayout.java:332)
06-11 12:09:22.849 W/System.err(29769): 	at android.widget.FrameLayout.onLayout(FrameLayout.java:270)
06-11 12:09:22.849 W/System.err(29769): 	at android.view.View.layout(View.java:22844)
06-11 12:09:22.849 W/System.err(29769): 	at android.view.ViewGroup.layout(ViewGroup.java:6389)
06-11 12:09:22.849 W/System.err(29769): 	at android.widget.FrameLayout.layoutChildren(FrameLayout.java:332)
06-11 12:09:22.850 W/System.err(29769): 	at android.widget.FrameLayout.onLayout(FrameLayout.java:270)
06-11 12:09:22.850 W/System.err(29769): 	at android.view.View.layout(View.java:22844)
06-11 12:09:22.850 W/System.err(29769): 	at android.view.ViewGroup.layout(ViewGroup.java:6389)
06-11 12:09:22.850 W/System.err(29769): 	at android.widget.FrameLayout.layoutChildren(FrameLayout.java:332)
06-11 12:09:22.850 W/System.err(29769): 	at android.widget.FrameLayout.onLayout(FrameLayout.java:270)
06-11 12:09:22.850 W/System.err(29769): 	at android.view.View.layout(View.java:22844)
06-11 12:09:22.850 W/System.err(29769): 	at android.view.ViewGroup.layout(ViewGroup.java:6389)
06-11 12:09:22.850 W/System.err(29769): 	at androidx.constraintlayout.widget.ConstraintLayout.onLayout(SourceFile:67)
06-11 12:09:22.850 W/System.err(29769): 	at android.view.View.layout(View.java:22844)
06-11 12:09:22.850 W/System.err(29769): 	at android.view.ViewGroup.layout(ViewGroup.java:6389)
06-11 12:09:22.850 W/System.err(29769): 	at android.widget.FrameLayout.layoutChildren(FrameLayout.java:332)
06-11 12:09:22.850 W/System.err(29769): 	at android.widget.FrameLayout.onLayout(FrameLayout.java:270)
06-11 12:09:22.850 W/System.err(29769): 	at android.view.View.layout(View.java:22844)
06-11 12:09:22.850 W/System.err(29769): 	at android.view.ViewGroup.layout(ViewGroup.java:6389)
06-11 12:09:22.850 W/System.err(29769): 	at android.widget.LinearLayout.setChildFrame(LinearLayout.java:1829)
06-11 12:09:22.850 W/System.err(29769): 	at android.widget.LinearLayout.layoutVertical(LinearLayout.java:1673)
06-11 12:09:22.850 W/System.err(29769): 	at android.widget.LinearLayout.onLayout(LinearLayout.java:1582)
06-11 12:09:22.850 W/System.err(29769): 	at android.view.View.layout(View.java:22844)
06-11 12:09:22.850 W/System.err(29769): 	at android.view.ViewGroup.layout(ViewGroup.java:6389)
06-11 12:09:22.851 W/System.err(29769): 	at android.widget.FrameLayout.layoutChildren(FrameLayout.java:332)
06-11 12:09:22.851 W/System.err(29769): 	at android.widget.FrameLayout.onLayout(FrameLayout.java:270)
06-11 12:09:22.851 W/System.err(29769): 	at com.android.internal.policy.DecorView.onLayout(DecorView.java:784)
06-11 12:09:22.851 W/System.err(29769): 	at android.view.View.layout(View.java:22844)
06-11 12:09:22.851 W/System.err(29769): 	at android.view.ViewGroup.layout(ViewGroup.java:6389)
06-11 12:09:22.851 W/System.err(29769): 	at android.view.ViewRootImpl.performLayout(ViewRootImpl.java:3475)
06-11 12:09:22.851 W/System.err(29769): 	at android.view.ViewRootImpl.performTraversals(ViewRootImpl.java:2943)
06-11 12:09:22.851 W/System.err(29769): 	at android.view.ViewRootImpl.doTraversal(ViewRootImpl.java:1948)
06-11 12:09:22.851 W/System.err(29769): 	at android.view.ViewRootImpl$TraversalRunnable.run(ViewRootImpl.java:8177)
06-11 12:09:22.851 W/System.err(29769): 	at android.view.Choreographer$CallbackRecord.run(Choreographer.java:972)
06-11 12:09:22.851 W/System.err(29769): 	at android.view.Choreographer.doCallbacks(Choreographer.java:796)
06-11 12:09:22.851 W/System.err(29769): 	at android.view.Choreographer.doFrame(Choreographer.java:731)
06-11 12:09:22.851 W/System.err(29769): 	at android.view.Choreographer$FrameDisplayEventReceiver.run(Choreographer.java:957)
06-11 12:09:22.851 W/System.err(29769): 	at android.os.Handler.handleCallback(Handler.java:938)
06-11 12:09:22.851 W/System.err(29769): 	at android.os.Handler.dispatchMessage(Handler.java:99)
06-11 12:09:22.851 W/System.err(29769): 	at android.os.Looper.loop(Looper.java:223)
06-11 12:09:22.851 W/System.err(29769): 	at android.app.ActivityThread.main(ActivityThread.java:7664)
06-11 12:09:22.851 W/System.err(29769): 	at java.lang.reflect.Method.invoke(Native Method)
06-11 12:09:22.851 W/System.err(29769): 	at com.android.internal.os.RuntimeInit$MethodAndArgsCaller.run(RuntimeInit.java:592)
06-11 12:09:22.851 W/System.err(29769): 	at com.android.internal.os.ZygoteInit.main(ZygoteInit.java:952)
06-11 12:09:22.857 W/View    (29769): requestLayout() improperly called by com.hotstar.feature.login.profile.customview.CircleImageView{cdaa02b VFED..C.. ..S...ID 14,14-178,178 #7f0b02d8 app:id/iv_profile} during layout: running second layout pass
06-11 12:09:22.857 W/View    (29769): requestLayout() improperly called by com.hotstar.core.commonui.molecules.HSTextView{2655991 V.ED..... ..S...ID 23,216-170,268 #7f0b04c0 app:id/profile_name} during layout: running second layout pass
06-11 12:09:22.857 W/View    (29769): requestLayout() improperly called by androidx.constraintlayout.widget.ConstraintLayout{f7517b8 V.E...... ..S...ID 0,0-192,192 #7f0b02da app:id/iv_profile_view} during layout: running second layout pass
06-11 12:09:22.874 D/BufferPoolAccessor2.0(29769): bufferpool2 0xee262b98 : 0(0 size) total buffers - 0(0 size) used buffers - 0/5 (recycle/alloc) - 4/216 (fetch/transfer)
06-11 12:09:22.874 D/BufferPoolAccessor2.0(29769): evictor expired: 1, evicted: 1
06-11 12:09:22.892 D/stbdpc  (  405): STB_DPGetNumPaths[570]: num_paths: 1
06-11 12:09:22.929 D/dvb_iptv(  405): ReadEmmNetworkTask[1540]: EMM Select Timeout Occured 54
06-11 12:09:22.993 D/stbdpc  (  405): STB_DPGetNumPaths[570]: num_paths: 1
06-11 12:09:23.093 D/stbdpc  (  405): STB_DPGetNumPaths[570]: num_paths: 1
06-11 12:09:23.157 E/ocessService0:( 2230): failed to create Unix domain socket: Operation not permitted
06-11 12:09:23.193 D/stbdpc  (  405): STB_DPGetNumPaths[570]: num_paths: 1
06-11 12:09:23.248 D/JioStbInactivityTimer(  917): Timer: count 1 warningTimeout:-120 timeout:0
06-11 12:09:23.293 D/stbdpc  (  405): STB_DPGetNumPaths[570]: num_paths: 1
06-11 12:09:23.326 D/BufferPoolAccessor2.0(  484): bufferpool2 0xe975d458 : 0(0 size) total buffers - 0(0 size) used buffers - 105/109 (recycle/alloc) - 4/109 (fetch/transfer)
06-11 12:09:23.326 D/BufferPoolAccessor2.0(  484): evictor expired: 1, evicted: 1
06-11 12:09:23.340 D/ProfileInstaller(29769): Skipping profile installation for in.startv.hotstar
06-11 12:09:23.393 D/stbdpc  (  405): STB_DPGetNumPaths[570]: num_paths: 1
06-11 12:09:23.429 D/dvb_iptv(  405): ReadEmmNetworkTask[1540]: EMM Select Timeout Occured 55
06-11 12:09:23.494 D/stbdpc  (  405): STB_DPGetNumPaths[570]: num_paths: 1
06-11 12:09:23.519 D/rtk_heartbeat(  351): heartbeat_timed_out: heartbeatCmdCount = 5559, expected nextSeqNum = 5559
06-11 12:09:23.520 D/rtk_heartbeat(  351): rtkbt_heartbeat_cmpl_cback: Current SeqNum = 5559,should SeqNum=5559, status = 0
06-11 12:09:23.569 I/.startv.hotsta(29769): oneway function results will be dropped but finished with status OK and parcel size 4
06-11 12:09:23.575 I/e.swalekh.abct( 1264): oneway function results will be dropped but finished with status OK and parcel size 4
06-11 12:09:23.589 D/JioSTBMRServer-SERVICE( 3641): InetSocketAddress(InetAddress.getByName(inetAddress.hostAddress)-/192.168.29.255
06-11 12:09:23.589 D/JioSTBMRServer-SERVICE( 3641): #beacon:RNOSBFJNX018133:0:false:0:1:SV=181025 , 192.168.29.255
06-11 12:09:23.594 D/stbdpc  (  405): STB_DPGetNumPaths[570]: num_paths: 1
06-11 12:09:23.594 D/JioSTBMRServer-SERVICE( 3641): InetSocketAddress(InetAddress.getByName(inetAddress.hostAddress)-/192.168.29.255
06-11 12:09:23.594 D/JioSTBMRServer-SERVICE( 3641): #broadcast IP:192.168.29.255
06-11 12:09:23.694 D/stbdpc  (  405): STB_DPGetNumPaths[570]: num_paths: 1
06-11 12:09:23.743 I/JioBackgroundSchedulerService( 2969): Check schedule  
06-11 12:09:23.794 D/stbdpc  (  405): STB_DPGetNumPaths[570]: num_paths: 1
06-11 12:09:23.830 I/ThermalService(  983): CPU temperatures: [73.5]
06-11 12:09:23.894 D/stbdpc  (  405): STB_DPGetNumPaths[570]: num_paths: 1
06-11 12:09:23.929 D/dvb_iptv(  405): ReadEmmNetworkTask[1540]: EMM Select Timeout Occured 56
06-11 12:09:23.968 D/ltts_ip_emm(  405): LTTS_IP_DMXStartEMM[381]: parse_emm_cat_status failed
06-11 12:09:23.995 D/stbdpc  (  405): STB_DPGetNumPaths[570]: num_paths: 1
06-11 12:09:24.095 I/chatty  (  405): uid=0(root) DK-SiCntrl identical 1 line
06-11 12:09:24.195 D/stbdpc  (  405): STB_DPGetNumPaths[570]: num_paths: 1
06-11 12:09:24.248 D/JioStbInactivityTimer(  917): Timer: count 1 warningTimeout:-120 timeout:0
06-11 12:09:24.295 D/stbdpc  (  405): STB_DPGetNumPaths[570]: num_paths: 1
06-11 12:09:24.395 D/stbdpc  (  405): STB_DPGetNumPaths[570]: num_paths: 1
06-11 12:09:24.418 D/JioAppOptimizer( 1696): AppOptimizerService :: handleMessage()
06-11 12:09:24.420 D/JioAppOptimizer( 1696): AppOptimizerService :: handleMessage() : Foreground Package=in.startv.hotstar
06-11 12:09:24.420 D/JioAppOptimizer( 1696): AppOptimizerService :: handleMessage() : Free memory available in MB : 750.453125
06-11 12:09:24.420 D/JioAppOptimizer( 1696): AppOptimizerService :: handleMessage() : checkAndRemoveBackgroundApps()
06-11 12:09:24.420 D/JioAppOptimizer( 1696): AppOptimizerService :: checkAndRemoveBackgroundApps()
06-11 12:09:24.429 D/dvb_iptv(  405): ReadEmmNetworkTask[1540]: EMM Select Timeout Occured 57
06-11 12:09:24.495 D/stbdpc  (  405): STB_DPGetNumPaths[570]: num_paths: 1
06-11 12:09:24.519 D/rtk_heartbeat(  351): heartbeat_timed_out: heartbeatCmdCount = 5560, expected nextSeqNum = 5560
06-11 12:09:24.520 D/rtk_heartbeat(  351): rtkbt_heartbeat_cmpl_cback: Current SeqNum = 5560,should SeqNum=5560, status = 0
06-11 12:09:24.596 D/stbdpc  (  405): STB_DPGetNumPaths[570]: num_paths: 1
06-11 12:09:24.696 D/stbdpc  (  405): STB_DPGetNumPaths[570]: num_paths: 1
06-11 12:09:24.704 E/WifiVendorHal(  636): getWifiLinkLayerStats_1_3_Internal(l.973) failed {.code = ERROR_UNKNOWN, .description = unknown error}
06-11 12:09:24.796 D/stbdpc  (  405): STB_DPGetNumPaths[570]: num_paths: 1
06-11 12:09:24.878 I/appium  (29680): The following attributes will be included to the page source: [resource-id]
06-11 12:09:24.896 D/stbdpc  (  405): STB_DPGetNumPaths[570]: num_paths: 1
06-11 12:09:24.929 D/dvb_iptv(  405): ReadEmmNetworkTask[1540]: EMM Select Timeout Occured 58
06-11 12:09:24.997 D/stbdpc  (  405): STB_DPGetNumPaths[570]: num_paths: 1
06-11 12:09:25.004 D/sub_mixing_factory(  350): [out_standby_subMixingPCM:1324] out_stream(0xf6862000) usecase: PCM_NORMAL
06-11 12:09:25.004 I/sub_mixing_factory(  350): [usecase_change_validate_l_sm:1170] cur dev masks:0x1, delete out usecase:PCM_NORMAL
06-11 12:09:25.004 I/sub_mixing_factory(  350): [usecase_change_validate_l_sm:1180] standby unmask usecase PCM_NORMAL
06-11 12:09:25.004 I/amlAudioMixer(  350): [delete_mixer_input_port:197] input port ID:0, type:PCM_SYSTEM, cur mask:0x1
06-11 12:09:25.005 I/system_server(  636): oneway function results will be dropped but finished with status OK and parcel size 4
06-11 12:09:25.060 I/appium  (29680): Took 0ms to retrieve 1 matches for '//android.widget.ImageView[@resource-id='in.startv.hotstar:id/iv_profile']' XPath2 query
06-11 12:09:25.066 W/tomator2.serve(29680): Accessing hidden method Landroid/view/MotionEvent;->setDisplayId(I)V (blacklist,test-api, reflection, allowed)
06-11 12:09:25.077 W/tomator2.serve(29680): Accessing hidden field Landroid/view/accessibility/AccessibilityNodeInfo;->mSourceNodeId:J (greylist, reflection, allowed)
06-11 12:09:25.088 I/appium  (29680): AppiumResponse: {"sessionId":"ce03b361-6c2e-47d5-ab11-0ebf8add86aa","value":{"ELEMENT":"00000000-0000-0027-ffff-ffff0000006d","element-6066-11e4-a52e-4f735466cecf":"00000000-0000-0027-ffff-ffff0000006d"}}
06-11 12:09:25.097 D/stbdpc  (  405): STB_DPGetNumPaths[570]: num_paths: 1
06-11 12:09:25.114 I/appium  (29680): channel read: GET /session/ce03b361-6c2e-47d5-ab11-0ebf8add86aa/element/00000000-0000-0027-ffff-ffff0000006d/attribute/displayed
06-11 12:09:25.116 I/appium  (29680): GetElementAttribute command
06-11 12:09:25.126 I/appium  (29680): AppiumResponse: {"sessionId":"ce03b361-6c2e-47d5-ab11-0ebf8add86aa","value":"true"}
06-11 12:09:25.146 I/appium  (29680): channel read: POST /session/ce03b361-6c2e-47d5-ab11-0ebf8add86aa/element/00000000-0000-0027-ffff-ffff0000006d/click
06-11 12:09:25.147 I/appium  (29680): Click command
06-11 12:09:25.180 D/InputDispatcher(  636): injectInputEvent - eventType=2, injectorPid=29647, injectorUid=0, syncMode=0, timeout=30000, policyFlags=0x08000000
06-11 12:09:25.180 D/InputDispatcher(  636): injectInputEvent - Finished with result 0. injectorPid=29647, injectorUid=0
06-11 12:09:25.180 D/InputDispatcher(  636): Setting input event injection result to 0.  injectorPid=29647, injectorUid=0
06-11 12:09:25.180 V/InputDispatcher(  636): Asynchronous input event injection succeeded.
06-11 12:09:25.181 I/android.hardware.power-service.libperfmgr(  370): Power setBoost: INTERACTION duration: 0
06-11 12:09:25.181 I/libperfmgr(  370): Do Powerhint: INTERACTION
06-11 12:09:25.181 I/android.hardware.power-service.libperfmgr(  370): Power setBoost: INTERACTION duration: 0
06-11 12:09:25.181 I/libperfmgr(  370): Do Powerhint: INTERACTION
06-11 12:09:25.191 D/InputDispatcher(  636): injectInputEvent - eventType=2, injectorPid=29647, injectorUid=0, syncMode=0, timeout=30000, policyFlags=0x08000000
06-11 12:09:25.191 D/InputDispatcher(  636): injectInputEvent - Finished with result 0. injectorPid=29647, injectorUid=0
06-11 12:09:25.191 D/InputDispatcher(  636): Setting input event injection result to 0.  injectorPid=29647, injectorUid=0
06-11 12:09:25.192 V/InputDispatcher(  636): Asynchronous input event injection succeeded.
06-11 12:09:25.195 E/ocessService0:( 2230): failed to create Unix domain socket: Operation not permitted
06-11 12:09:25.197 D/stbdpc  (  405): STB_DPGetNumPaths[570]: num_paths: 1
06-11 12:09:25.205 W/GestureController(29680): Gestures took longer than expected (46ms >> 16ms), device might be in a busy state.
06-11 12:09:25.205 I/appium  (29680): Waiting up to 10000ms for the device to idle
06-11 12:09:25.249 D/JioStbInactivityTimer(  917): Timer: count 1 warningTimeout:-120 timeout:0
06-11 12:09:25.297 D/stbdpc  (  405): STB_DPGetNumPaths[570]: num_paths: 1
06-11 12:09:25.397 D/stbdpc  (  405): STB_DPGetNumPaths[570]: num_paths: 1
06-11 12:09:25.430 D/dvb_iptv(  405): ReadEmmNetworkTask[1540]: EMM Select Timeout Occured 59
06-11 12:09:25.437 D/JioLauncher( 1753): check-jio-block-inside-run-method-of-runnable-[/2405:201:1006:d95b::c0a8:1d01, /192.168.29.1]
06-11 12:09:25.437 D/JioLauncher( 1753): check-jio-block-jio-network-go ahead for jio block check
06-11 12:09:25.443 D/JioLauncher( 1753): dns-address-[/2405:201:1006:d95b::c0a8:1d01, /192.168.29.1]
06-11 12:09:25.497 D/stbdpc  (  405): STB_DPGetNumPaths[570]: num_paths: 1
06-11 12:09:25.519 D/rtk_heartbeat(  351): heartbeat_timed_out: heartbeatCmdCount = 5561, expected nextSeqNum = 5561
06-11 12:09:25.520 D/rtk_heartbeat(  351): rtkbt_heartbeat_cmpl_cback: Current SeqNum = 5561,should SeqNum=5561, status = 0
06-11 12:09:25.598 D/stbdpc  (  405): STB_DPGetNumPaths[570]: num_paths: 1
06-11 12:09:25.621 I/.startv.hotsta(29769): oneway function results will be dropped but finished with status OK and parcel size 4
06-11 12:09:25.624 I/e.swalekh.abct( 1264): oneway function results will be dropped but finished with status OK and parcel size 4
06-11 12:09:25.630 D/JioSTBMRServer-SERVICE( 3641): InetSocketAddress(InetAddress.getByName(inetAddress.hostAddress)-/192.168.29.255
06-11 12:09:25.630 D/JioSTBMRServer-SERVICE( 3641): #beacon:RNOSBFJNX018133:0:false:0:1:SV=181025 , 192.168.29.255
06-11 12:09:25.632 D/JioSTBMRServer-SERVICE( 3641): InetSocketAddress(InetAddress.getByName(inetAddress.hostAddress)-/192.168.29.255
06-11 12:09:25.632 D/JioSTBMRServer-SERVICE( 3641): #broadcast IP:192.168.29.255
06-11 12:09:25.697 I/appium  (29680): AppiumResponse: {"sessionId":"ce03b361-6c2e-47d5-ab11-0ebf8add86aa","value":null}
06-11 12:09:25.698 D/stbdpc  (  405): STB_DPGetNumPaths[570]: num_paths: 1
06-11 12:09:25.733 I/appium  (29680): channel read: POST /session/ce03b361-6c2e-47d5-ab11-0ebf8add86aa/appium/device/press_keycode
06-11 12:09:25.734 I/appium  (29680): PressKeyCode command
06-11 12:09:25.735 I/appium  (29680): Calling PressKeyCode... 
06-11 12:09:25.738 D/UiDevice(29680): Pressing keycodes [66] with modifier 0.
06-11 12:09:25.746 D/InputDispatcher(  636): injectInputEvent - eventType=1, injectorPid=29647, injectorUid=0, syncMode=2, timeout=30000, policyFlags=0x08000000
06-11 12:09:25.746 D/WindowManager(  636): interceptKeyTq keycode=66 interactive=true keyguardActive=false policyFlags=2b000000
06-11 12:09:25.747 D/WindowManager(  636): CloudPC is in NOT in foreground
06-11 12:09:25.747 D/WindowManager(  636): isKeyNeedsToPassToJioCloudPC :: NO
06-11 12:09:25.747 I/android.hardware.power-service.libperfmgr(  370): Power setBoost: INTERACTION duration: 0
06-11 12:09:25.748 I/libperfmgr(  370): Do Powerhint: INTERACTION
06-11 12:09:25.748 D/WindowManager(  636): interceptKeyTi keyCode=66 down=true repeatCount=0 keyguardOn=false canceled=false
06-11 12:09:25.748 D/WindowManager(  636): CloudPC is in NOT in foreground
06-11 12:09:25.748 I/android.hardware.power-service.libperfmgr(  370): Power setBoost: INTERACTION duration: 0
06-11 12:09:25.748 D/WindowManager(  636): isKeyNeedsToPassToJioCloudPC :: NO
06-11 12:09:25.748 I/libperfmgr(  370): Do Powerhint: INTERACTION
06-11 12:09:25.748 D/GlobalKeyManager(  636): KeyEvent { action=ACTION_DOWN, keyCode=KEYCODE_ENTER, scanCode=0, metaState=0, flags=0x0, repeatCount=0, eventTime=5583956, downTime=5583956, deviceId=-1, source=0x101, displayId=-1 }
06-11 12:09:25.748 D/InputDispatcher(  636): Setting input event injection result to 0.  injectorPid=29647, injectorUid=0
06-11 12:09:25.749 D/InputDispatcher(  636): injectInputEvent - Waiting for 1 pending foreground dispatches.
06-11 12:09:25.752 D/InputDispatcher(  636): injectInputEvent - Finished with result 0. injectorPid=29647, injectorUid=0
06-11 12:09:25.755 D/InputDispatcher(  636): injectInputEvent - eventType=1, injectorPid=29647, injectorUid=0, syncMode=2, timeout=30000, policyFlags=0x08000000
06-11 12:09:25.755 D/WindowManager(  636): interceptKeyTq keycode=66 interactive=true keyguardActive=false policyFlags=2b000000
06-11 12:09:25.755 D/WindowManager(  636): CloudPC is in NOT in foreground
06-11 12:09:25.755 D/WindowManager(  636): isKeyNeedsToPassToJioCloudPC :: NO
06-11 12:09:25.756 D/WindowManager(  636): interceptKeyTi keyCode=66 down=false repeatCount=0 keyguardOn=false canceled=false
06-11 12:09:25.756 D/WindowManager(  636): CloudPC is in NOT in foreground
06-11 12:09:25.756 D/WindowManager(  636): isKeyNeedsToPassToJioCloudPC :: NO
06-11 12:09:25.756 D/GlobalKeyManager(  636): KeyEvent { action=ACTION_UP, keyCode=KEYCODE_ENTER, scanCode=0, metaState=0, flags=0x0, repeatCount=0, eventTime=5583956, downTime=5583956, deviceId=-1, source=0x101, displayId=-1 }
06-11 12:09:25.756 D/InputDispatcher(  636): Setting input event injection result to 0.  injectorPid=29647, injectorUid=0
06-11 12:09:25.757 D/InputDispatcher(  636): injectInputEvent - Waiting for 1 pending foreground dispatches.
06-11 12:09:25.777 D/InputDispatcher(  636): injectInputEvent - Finished with result 0. injectorPid=29647, injectorUid=0
06-11 12:09:25.798 D/stbdpc  (  405): STB_DPGetNumPaths[570]: num_paths: 1
06-11 12:09:25.799 I/appium  (29680): AppiumResponse: {"sessionId":"ce03b361-6c2e-47d5-ab11-0ebf8add86aa","value":null}
06-11 12:09:25.804 I/DTVKit  (  405): request[114]: 'CmnNoti.onDvbIpPacketDetails' // '[]'
06-11 12:09:25.806 D/stbresmgr(  405): STB_RESNumTuners[315]: num_tuners: 3
06-11 12:09:25.806 E/dvb_iptv(  405): IPTV_GetDvbIpPacketDetails[686]: No valid ECM iptv_handle
06-11 12:09:25.806 D/dvb_iptv(  405): IPTV_GetDvbIpPacketDetails[690]: EMM Pkt stat received_packets:0 lost_packets:0 recov_packets:0 
06-11 12:09:25.806 E/CommonClientNotiCbUtilsIntf(  405): onDvbIpPacketDetails[97]: Failure of Getting DvbIpDetails
06-11 12:09:25.807 D/CommonClientNotiCbUtilsImpl( 1609): Not Received Valid Info
06-11 12:09:25.846 I/ThermalService(  983): CPU temperatures: [71.9]
06-11 12:09:25.886 I/.startv.hotsta(29769): Background young concurrent copying GC freed 176352(9340KB) AllocSpace objects, 56(1768KB) LOS objects, 45% free, 13MB/24MB, paused 462us total 103.018ms
06-11 12:09:25.891 W/System  (29769): A resource failed to call close. 
06-11 12:09:25.898 D/stbdpc  (  405): STB_DPGetNumPaths[570]: num_paths: 1
06-11 12:09:25.930 D/dvb_iptv(  405): ReadEmmNetworkTask[1540]: EMM Select Timeout Occured 60
06-11 12:09:25.930 D/stbresmgr(  405): STB_RESNumTuners[315]: num_tuners: 3
06-11 12:09:25.930 E/dvb_iptv(  405): IPTV_GetDvbIpPacketDetails[686]: No valid ECM iptv_handle
06-11 12:09:25.930 D/dvb_iptv(  405): IPTV_GetDvbIpPacketDetails[690]: EMM Pkt stat received_packets:0 lost_packets:0 recov_packets:0 
06-11 12:09:25.930 D/dvb_iptv(  405): getPktDetailOnRetry[712]: Failed to fetch packet details
06-11 12:09:25.930 D/dvb_iptv(  405): ReadEmmNetworkTask[1585]: signal emm restart thread
06-11 12:09:25.930 D/dvb_iptv(  405): IPTV_Emm_Stop[2248]: IPTV_Emm_Stop called
06-11 12:09:25.930 D/ltts_ip_emm(  405): CloseEmmCasSession[446]: EMM CAS CloseSession CASSession ID:f2b1bc00
06-11 12:09:25.930 I/Aml_MP  (  405): AmlVMXIptvCas_V2 dtor AmlVMXIptvCas_V2
06-11 12:09:25.930 I/Aml_MP  (  405): AmCasLibWrapper [~AmCasLibWrapper:47] 
06-11 12:09:25.930 D/am_cas_api(  405): [releaseAmCas/294]
06-11 12:09:25.930 V/AVPIPTV (  405): [0] ~AmCasIPTVSC2 at # 707, class_instance_index=0
06-11 12:09:25.930 I/Aml_MP  (  405): AmCasLibWrapper delete mCasObj
06-11 12:09:25.930 I/Aml_MP  (  405): AmlCasBase [~AmlCasBase:89] 
06-11 12:09:25.930 D/ltts_ip_emm(  405): CloseEmmCasSession[450]: Aml_MP_CAS_CloseSession_Emm | ret_Aml: 0
06-11 12:09:25.968 D/ltts_ip_emm(  405): LTTS_IP_DMXStartEMM[381]: parse_emm_cat_status failed
06-11 12:09:25.998 D/stbdpc  (  405): STB_DPGetNumPaths[570]: num_paths: 1
06-11 12:09:26.099 I/chatty  (  405): uid=0(root) DK-SiCntrl identical 1 line
06-11 12:09:26.199 D/stbdpc  (  405): STB_DPGetNumPaths[570]: num_paths: 1
06-11 12:09:26.249 D/JioStbInactivityTimer(  917): Timer: count 1 warningTimeout:-120 timeout:0
06-11 12:09:26.299 D/stbdpc  (  405): STB_DPGetNumPaths[570]: num_paths: 1
06-11 12:09:26.399 D/stbdpc  (  405): STB_DPGetNumPaths[570]: num_paths: 1
06-11 12:09:26.430 D/dvb_iptv(  405): ReadEmmNetworkTask[1540]: EMM Select Timeout Occured 1
06-11 12:09:26.430 D/stbhwnet(  405): STB_NWDropMembership[1331]: using IPV6 protocol in dropmembership
06-11 12:09:26.430 D/stbhwnet(  405): STB_NWDropMembership[1335]: group_address: '232.24.3.241', source_address: '10.70.220.50'
06-11 12:09:26.431 D/stbhwnet(  405): STB_NWDropMembership[1353]: src url SSM enabled
06-11 12:09:26.432 D/stbhwnet(  405): get_any_multicast_interface[1061]: Found g_nw_interface wlan0, ifindex 8
06-11 12:09:26.432 D/stbhwnet(  405): STB_NWDropMembership[1376]: sockopt_ret: 92 | Protocol not available
06-11 12:09:26.432 D/stbhwnet(  405): STB_NWDropMembership[1377]: Adding source multicast group error
06-11 12:09:26.432 D/stbhwnet(  405): STB_NWDropMembership[1331]: using IPV6 protocol in dropmembership
06-11 12:09:26.432 D/stbhwnet(  405): STB_NWDropMembership[1335]: group_address: '232.24.3.241', source_address: '10.70.220.50'
06-11 12:09:26.432 D/stbhwnet(  405): STB_NWDropMembership[1353]: src url SSM enabled
06-11 12:09:26.433 D/stbhwnet(  405): get_any_multicast_interface[1061]: Found g_nw_interface wlan0, ifindex 8
06-11 12:09:26.433 D/stbhwnet(  405): STB_NWDropMembership[1376]: sockopt_ret: 92 | Protocol not available
06-11 12:09:26.433 D/stbhwnet(  405): STB_NWDropMembership[1377]: Adding source multicast group error
06-11 12:09:26.433 D/stbhwnet(  405): STB_NWDropMembership[1331]: using IPV6 protocol in dropmembership
06-11 12:09:26.434 D/stbhwnet(  405): STB_NWDropMembership[1335]: group_address: '232.24.3.241', source_address: '10.70.220.50'
06-11 12:09:26.434 D/stbhwnet(  405): STB_NWDropMembership[1353]: src url SSM enabled
06-11 12:09:26.435 D/stbhwnet(  405): get_any_multicast_interface[1061]: Found g_nw_interface wlan0, ifindex 8
06-11 12:09:26.435 D/stbhwnet(  405): STB_NWDropMembership[1376]: sockopt_ret: 92 | Protocol not available
06-11 12:09:26.435 D/stbhwnet(  405): STB_NWDropMembership[1377]: Adding source multicast group error
06-11 12:09:26.435 D/stbhwnet(  405): STB_NWDropMembership[1331]: using IPV6 protocol in dropmembership
06-11 12:09:26.435 D/stbhwnet(  405): STB_NWDropMembership[1335]: group_address: '232.24.3.241', source_address: '10.70.220.50'
06-11 12:09:26.435 D/stbhwnet(  405): STB_NWDropMembership[1353]: src url SSM enabled
06-11 12:09:26.436 D/stbhwnet(  405): get_any_multicast_interface[1061]: Found g_nw_interface wlan0, ifindex 8
06-11 12:09:26.436 D/stbhwnet(  405): STB_NWDropMembership[1376]: sockopt_ret: 92 | Protocol not available
06-11 12:09:26.436 D/stbhwnet(  405): STB_NWDropMembership[1377]: Adding source multicast group error
06-11 12:09:26.436 E/DvbiInterface(  405): StopStartcurrentemmsession[1208]: sucessfully stop the emm session
06-11 12:09:26.499 D/stbdpc  (  405): STB_DPGetNumPaths[570]: num_paths: 1
06-11 12:09:26.519 D/rtk_heartbeat(  351): heartbeat_timed_out: heartbeatCmdCount = 5562, expected nextSeqNum = 5562
06-11 12:09:26.521 D/rtk_heartbeat(  351): rtkbt_heartbeat_cmpl_cback: Current SeqNum = 5562,should SeqNum=5562, status = 0
06-11 12:09:26.600 D/stbdpc  (  405): STB_DPGetNumPaths[570]: num_paths: 1
06-11 12:09:26.700 I/chatty  (  405): uid=0(root) DK-SiCntrl identical 1 line
06-11 12:09:26.800 D/stbdpc  (  405): STB_DPGetNumPaths[570]: num_paths: 1
06-11 12:09:26.864 D/JioLauncher( 1753): overlay status check for wifi and bt remote false false
06-11 12:09:26.867 D/Match code1( 1425): 2
06-11 12:09:26.867 D/JIO_TR069-( 1425): Predefined List [com.jio.stb.catv, com.rjil.jiostbsetting, com.iwedia.ui.rjio.launcher.reliance, com.jio.stb.hotellauncher, com.jio.media.oberoi, com.jio.ott]
06-11 12:09:26.869 D/JIO_TR069-( 1425): Caller Package com.iwedia.ui.rjio.launcher.reliance
06-11 12:09:26.870 D/JIO_TR069-( 1425): White Listed Apps []
06-11 12:09:26.870 D/JIO_TR069-( 1425): Final White Listed Apps [com.jio.stb.catv, com.rjil.jiostbsetting, com.iwedia.ui.rjio.launcher.reliance, com.jio.stb.hotellauncher, com.jio.media.oberoi, com.jio.ott, ]
06-11 12:09:26.875 D/JioLauncher( 1753): network-type-------FTTH
06-11 12:09:26.879 D/JioLauncher( 1753): live-tv-previousIp-[/2405:201:1006:d95b::c0a8:1d01, /192.168.29.1]-newHost-[/2405:201:1006:d95b::c0a8:1d01, /192.168.29.1]
06-11 12:09:26.900 D/stbdpc  (  405): STB_DPGetNumPaths[570]: num_paths: 1
06-11 12:09:26.937 D/DvbiInterface(  405): startEmmSession[1120]: primary_address: "rtp://10.70.220.50@232.24.3.241:5001"
06-11 12:09:26.937 D/DvbiInterface(  405): startEmmSession[1130]: secondary_address: ""
06-11 12:09:26.937 I/DvbiInterface(  405): startEmmSession[1152]: IPTV_EMM_Open | [args] URI: "rtp://10.70.220.50@232.24.3.241", port: 5001, fec: 2
06-11 12:09:26.937 D/dvb_iptv(  405): IPTV_Emm_Open[2006]: URL=rtp://10.70.220.50@232.24.3.241, port=5001 fec_layer=2 port1=0, port2=0
06-11 12:09:26.937 D/dvb_iptv(  405): ParseUrl[1751]: before parse | url: "10.70.220.50@232.24.3.241", src_addr: "", mc_addr: ""
06-11 12:09:26.937 D/dvb_iptv(  405): ParseUrl[1814]: after parse | url: "232.24.3.241", src_addr: "10.70.220.50", mc_addr: "232.24.3.241"
06-11 12:09:26.937 D/dvb_iptv(  405): IPTV_Emm_Open[2035]: Found 2 addresses for 232.24.3.241
06-11 12:09:26.937 D/dvb_iptv(  405): IPTV_Emm_Open[2043]: 0: family=IPv4, type=datagram, protocol=UDP, multicast=yes
06-11 12:09:26.937 D/stbhwnet(  405): STB_NWBind[914]: Added IPV4 address to bind:232.24.3.241 
06-11 12:09:26.937 D/stbhwnet(  405): STB_NWBind[921]: Binding with address 232.24.3.241
06-11 12:09:26.937 D/stbhwnet(  405): STB_NWBind[928]: Bind (fd=16) port 5001, done okay
06-11 12:09:26.937 D/dvb_iptv(  405): SocketBind[729]: bound socket, port=5001
06-11 12:09:26.937 D/stbhwnet(  405): STB_NWAddMembership[1139]: using IPV4 protocol
06-11 12:09:26.937 D/stbhwnet(  405): STB_NWAddMembership[1142]: group_address: '232.24.3.241', source_address: '10.70.220.50'
06-11 12:09:26.937 D/stbhwnet(  405): STB_NWAddMembership[1156]: src url SSM enabled
06-11 12:09:26.937 D/stbhwnet(  405): STB_NWAddMembership[1163]: source addr: 10.70.220.50, group addr: 232.24.3.241, socket: 16
06-11 12:09:26.937 D/stbhwnet(  405): STB_NWAddMembership[1164]: setsocket success for source addrs
06-11 12:09:26.937 D/stbhwnet(  405): STB_NWAddMembership[1176]: setsockopt IP_MULTICAST_ALL params:
06-11 12:09:26.937 D/stbhwnet(  405): STB_NWAddMembership[1177]: mc_all: DISABLE
06-11 12:09:26.937 D/stbhwnet(  405): STB_NWAddMembership[1182]: setsockopt success for all
06-11 12:09:26.937 D/stbhwnet(  405): STB_NWBind[914]: Added IPV4 address to bind:232.24.3.241 
06-11 12:09:26.937 D/stbhwnet(  405): STB_NWBind[921]: Binding with address 232.24.3.241
06-11 12:09:26.937 D/stbhwnet(  405): STB_NWBind[928]: Bind (fd=17) port 5002, done okay
06-11 12:09:26.937 D/dvb_iptv(  405): SocketBind[729]: bound socket, port=5002
06-11 12:09:26.937 D/stbhwnet(  405): STB_NWAddMembership[1139]: using IPV4 protocol
06-11 12:09:26.937 D/stbhwnet(  405): STB_NWAddMembership[1142]: group_address: '232.24.3.241', source_address: '10.70.220.50'
06-11 12:09:26.937 D/stbhwnet(  405): STB_NWAddMembership[1156]: src url SSM enabled
06-11 12:09:26.938 D/stbhwnet(  405): STB_NWAddMembership[1163]: source addr: 10.70.220.50, group addr: 232.24.3.241, socket: 17
06-11 12:09:26.938 D/stbhwnet(  405): STB_NWAddMembership[1164]: setsocket success for source addrs
06-11 12:09:26.938 D/stbhwnet(  405): STB_NWAddMembership[1176]: setsockopt IP_MULTICAST_ALL params:
06-11 12:09:26.938 D/stbhwnet(  405): STB_NWAddMembership[1177]: mc_all: DISABLE
06-11 12:09:26.938 D/stbhwnet(  405): STB_NWAddMembership[1182]: setsockopt success for all
06-11 12:09:26.938 D/stbhwnet(  405): STB_NWBind[914]: Added IPV4 address to bind:232.24.3.241 
06-11 12:09:26.938 D/stbhwnet(  405): STB_NWBind[921]: Binding with address 232.24.3.241
06-11 12:09:26.938 D/stbhwnet(  405): STB_NWBind[928]: Bind (fd=18) port 5003, done okay
06-11 12:09:26.938 D/dvb_iptv(  405): SocketBind[729]: bound socket, port=5003
06-11 12:09:26.938 D/stbhwnet(  405): STB_NWAddMembership[1139]: using IPV4 protocol
06-11 12:09:26.938 D/stbhwnet(  405): STB_NWAddMembership[1142]: group_address: '232.24.3.241', source_address: '10.70.220.50'
06-11 12:09:26.938 D/stbhwnet(  405): STB_NWAddMembership[1156]: src url SSM enabled
06-11 12:09:26.938 D/stbhwnet(  405): STB_NWAddMembership[1163]: source addr: 10.70.220.50, group addr: 232.24.3.241, socket: 18
06-11 12:09:26.938 D/stbhwnet(  405): STB_NWAddMembership[1164]: setsocket success for source addrs
06-11 12:09:26.938 D/stbhwnet(  405): STB_NWAddMembership[1176]: setsockopt IP_MULTICAST_ALL params:
06-11 12:09:26.938 D/stbhwnet(  405): STB_NWAddMembership[1177]: mc_all: DISABLE
06-11 12:09:26.938 D/stbhwnet(  405): STB_NWAddMembership[1182]: setsockopt success for all
06-11 12:09:26.938 D/stbhwnet(  405): STB_NWBind[914]: Added IPV4 address to bind:232.24.3.241 
06-11 12:09:26.938 D/stbhwnet(  405): STB_NWBind[921]: Binding with address 232.24.3.241
06-11 12:09:26.938 D/stbhwnet(  405): STB_NWBind[928]: Bind (fd=19) port 5005, done okay
06-11 12:09:26.938 D/dvb_iptv(  405): SocketBind[729]: bound socket, port=5005
06-11 12:09:26.938 D/stbhwnet(  405): STB_NWAddMembership[1139]: using IPV4 protocol
06-11 12:09:26.938 D/stbhwnet(  405): STB_NWAddMembership[1142]: group_address: '232.24.3.241', source_address: '10.70.220.50'
06-11 12:09:26.938 D/stbhwnet(  405): STB_NWAddMembership[1156]: src url SSM enabled
06-11 12:09:26.938 D/stbhwnet(  405): STB_NWAddMembership[1163]: source addr: 10.70.220.50, group addr: 232.24.3.241, socket: 19
06-11 12:09:26.938 D/stbhwnet(  405): STB_NWAddMembership[1164]: setsocket success for source addrs
06-11 12:09:26.938 D/stbhwnet(  405): STB_NWAddMembership[1176]: setsockopt IP_MULTICAST_ALL params:
06-11 12:09:26.938 D/stbhwnet(  405): STB_NWAddMembership[1177]: mc_all: DISABLE
06-11 12:09:26.938 D/stbhwnet(  405): STB_NWAddMembership[1182]: setsockopt success for all
06-11 12:09:26.938 D/dvb_iptv(  405): IPTV_Emm_Open[2129]: [SockTime] EMM socket open time: 1749623966s 938754us
06-11 12:09:26.938 I/Aml_MP  (  405): AmlCasBase [create:29] cas serviceType: verimatrix IPTV
06-11 12:09:26.938 I/Aml_MP  (  405): AmlCasBase create, iptv vmxcas v2 support
06-11 12:09:26.938 I/Aml_MP  (  405): AmlVMXIptvCas_V2 ctor AmlVMXIptvCas_V2
06-11 12:09:26.938 D/am_cas_api(  405): [createAmCas/77]
06-11 12:09:26.938 E/AVPIPTV (  405): [0] AmCasIPTVSC2 at # 672, class_instance_index=0
06-11 12:09:26.938 D/ltts_ip_emm(  405): openEmmCasSession[437]: IPTV EMM Cas openSession susccess CASSession ID: f2b1bc00
06-11 12:09:26.939 D/DvbiInterface(  405): StopStartcurrentemmsession[1214]: Successfully started the emm session: 0xf2461a70
06-11 12:09:26.939 D/dvb_iptv(  405): restartEmmSession[1184]: restart Emm monitor task success
06-11 12:09:26.939 D/dvb_iptv(  405): restartEmmSession[1190]: restart Emm monitor task stop and start successful - 1
06-11 12:09:26.939 D/dvb_iptv(  405): restartEmmSession[1175]: waiting for restart emm signal
06-11 12:09:27.000 D/stbdpc  (  405): STB_DPGetNumPaths[570]: num_paths: 1
06-11 12:09:27.215 V/DigitalSignage(  636): Package Name: null
06-11 12:09:27.215 V/DigitalSignage(  636): Left: 0
06-11 12:09:27.215 V/DigitalSignage(  636): Right: 0
06-11 12:09:27.215 V/DigitalSignage(  636): Top: 0
06-11 12:09:27.215 V/DigitalSignage(  636): Bottom: 0
06-11 12:09:27.215 D/DigitalSignage(  636): else - Package Name :: null left : 0 right :: 0 top :: 0 bottom :: 0 dfu-right :: 1920 dfu-bottom :: 1080
06-11 12:09:27.101 I/chatty  (  405): uid=0(root) DK-SiCntrl identical 1 line
06-11 12:09:27.201 D/stbdpc  (  405): STB_DPGetNumPaths[570]: num_paths: 1
06-11 12:09:27.234 E/ocessService0:( 2230): failed to create Unix domain socket: Operation not permitted
06-11 12:09:27.236 V/DigitalSignage(  636): Package Name: null
06-11 12:09:27.237 V/DigitalSignage(  636): Left: 0
06-11 12:09:27.237 V/DigitalSignage(  636): Right: 0
06-11 12:09:27.237 V/DigitalSignage(  636): Top: 0
06-11 12:09:27.237 V/DigitalSignage(  636): Bottom: 0
06-11 12:09:27.237 D/DigitalSignage(  636): else - Package Name :: null left : 0 right :: 0 top :: 0 bottom :: 0 dfu-right :: 1920 dfu-bottom :: 1080
06-11 12:09:27.249 D/JioStbInactivityTimer(  917): Timer: count 1 warningTimeout:-120 timeout:0
06-11 12:09:27.301 D/stbdpc  (  405): STB_DPGetNumPaths[570]: num_paths: 1
06-11 12:09:27.401 D/stbdpc  (  405): STB_DPGetNumPaths[570]: num_paths: 1
06-11 12:09:27.439 D/dvb_iptv(  405): ReadEmmNetworkTask[1540]: EMM Select Timeout Occured 1
06-11 12:09:27.439 D/dvb_iptv(  405): ReadEmmNetworkTask[1601]: [SockTime] EMM packet Reception Stopped!!
06-11 12:09:27.439 D/dvb_iptv(  405): ReadEmmNetworkTask[1604]: [SockTime] EMM packet Rxn stopped: 1749623967s 439381us
06-11 12:09:27.501 D/stbdpc  (  405): STB_DPGetNumPaths[570]: num_paths: 1
06-11 12:09:27.520 D/rtk_heartbeat(  351): heartbeat_timed_out: heartbeatCmdCount = 5563, expected nextSeqNum = 5563
06-11 12:09:27.521 D/rtk_heartbeat(  351): rtkbt_heartbeat_cmpl_cback: Current SeqNum = 5563,should SeqNum=5563, status = 0
06-11 12:09:27.602 D/stbdpc  (  405): STB_DPGetNumPaths[570]: num_paths: 1
06-11 12:09:27.702 D/stbdpc  (  405): STB_DPGetNumPaths[570]: num_paths: 1
06-11 12:09:27.715 E/WifiVendorHal(  636): getWifiLinkLayerStats_1_3_Internal(l.973) failed {.code = ERROR_UNKNOWN, .description = unknown error}
06-11 12:09:27.730 I/.startv.hotsta(29769): NativeAlloc concurrent copying GC freed 122752(7056KB) AllocSpace objects, 40(1384KB) LOS objects, 49% free, 16MB/33MB, paused 2.801ms total 357.708ms
06-11 12:09:27.766 I/.startv.hotsta(29769): oneway function results will be dropped but finished with status OK and parcel size 4
06-11 12:09:27.775 I/e.swalekh.abct( 1264): oneway function results will be dropped but finished with status OK and parcel size 4
06-11 12:09:27.788 D/JioSTBMRServer-SERVICE( 3641): InetSocketAddress(InetAddress.getByName(inetAddress.hostAddress)-/192.168.29.255
06-11 12:09:27.788 D/JioSTBMRServer-SERVICE( 3641): #beacon:RNOSBFJNX018133:0:false:0:1:SV=181025 , 192.168.29.255
06-11 12:09:27.795 D/JioSTBMRServer-SERVICE( 3641): InetSocketAddress(InetAddress.getByName(inetAddress.hostAddress)-/192.168.29.255
06-11 12:09:27.795 D/JioSTBMRServer-SERVICE( 3641): #broadcast IP:192.168.29.255
06-11 12:09:27.802 D/stbdpc  (  405): STB_DPGetNumPaths[570]: num_paths: 1
06-11 12:09:27.843 I/appium  (29680): channel read: POST /session/ce03b361-6c2e-47d5-ab11-0ebf8add86aa/element
06-11 12:09:27.844 I/appium  (29680): FindElement command
06-11 12:09:27.847 I/appium  (29680): method: 'xpath', selector: '//android.widget.TextView[@resource-id='in.startv.hotstar:id/title']'
06-11 12:09:27.847 I/appium  (29680): Waiting up to 10000ms for the device to idle
06-11 12:09:27.864 I/ThermalService(  983): CPU temperatures: [74.9]
06-11 12:09:27.902 D/stbdpc  (  405): STB_DPGetNumPaths[570]: num_paths: 1
06-11 12:09:27.939 D/dvb_iptv(  405): ReadEmmNetworkTask[1540]: EMM Select Timeout Occured 2
06-11 12:09:27.968 D/ltts_ip_emm(  405): LTTS_IP_DMXStartEMM[381]: parse_emm_cat_status failed
06-11 12:09:28.002 D/stbdpc  (  405): STB_DPGetNumPaths[570]: num_paths: 1
06-11 12:09:28.103 I/chatty  (  405): uid=0(root) DK-SiCntrl identical 1 line
06-11 12:09:28.203 D/stbdpc  (  405): STB_DPGetNumPaths[570]: num_paths: 1
06-11 12:09:28.249 D/JioStbInactivityTimer(  917): Timer: count 1 warningTimeout:-120 timeout:0
06-11 12:09:28.303 D/stbdpc  (  405): STB_DPGetNumPaths[570]: num_paths: 1
06-11 12:09:28.370 I/appium  (29680): The following attributes will be included to the page source: [resource-id]
06-11 12:09:28.403 D/stbdpc  (  405): STB_DPGetNumPaths[570]: num_paths: 1
06-11 12:09:28.439 D/dvb_iptv(  405): ReadEmmNetworkTask[1540]: EMM Select Timeout Occured 3
06-11 12:09:28.503 D/stbdpc  (  405): STB_DPGetNumPaths[570]: num_paths: 1
06-11 12:09:28.520 D/rtk_heartbeat(  351): heartbeat_timed_out: heartbeatCmdCount = 5564, expected nextSeqNum = 5564
06-11 12:09:28.522 D/rtk_heartbeat(  351): rtkbt_heartbeat_cmpl_cback: Current SeqNum = 5564,should SeqNum=5564, status = 0
06-11 12:09:28.598 I/appium  (29680): Took 0ms to retrieve 1 matches for '//android.widget.TextView[@resource-id='in.startv.hotstar:id/title']' XPath2 query
06-11 12:09:28.603 D/stbdpc  (  405): STB_DPGetNumPaths[570]: num_paths: 1
06-11 12:09:28.605 I/appium  (29680): AppiumResponse: {"sessionId":"ce03b361-6c2e-47d5-ab11-0ebf8add86aa","value":{"ELEMENT":"00000000-0000-0027-ffff-ffff000000aa","element-6066-11e4-a52e-4f735466cecf":"00000000-0000-0027-ffff-ffff000000aa"}}
06-11 12:09:28.634 I/appium  (29680): channel read: GET /session/ce03b361-6c2e-47d5-ab11-0ebf8add86aa/element/00000000-0000-0027-ffff-ffff000000aa/attribute/displayed
06-11 12:09:28.635 I/appium  (29680): GetElementAttribute command
06-11 12:09:28.643 I/appium  (29680): AppiumResponse: {"sessionId":"ce03b361-6c2e-47d5-ab11-0ebf8add86aa","value":"true"}
06-11 12:09:28.670 I/appium  (29680): channel read: GET /session/ce03b361-6c2e-47d5-ab11-0ebf8add86aa/element/00000000-0000-0027-ffff-ffff000000aa/attribute/displayed
06-11 12:09:28.671 I/appium  (29680): GetElementAttribute command
06-11 12:09:28.680 I/appium  (29680): AppiumResponse: {"sessionId":"ce03b361-6c2e-47d5-ab11-0ebf8add86aa","value":"true"}
06-11 12:09:28.704 D/stbdpc  (  405): STB_DPGetNumPaths[570]: num_paths: 1
06-11 12:09:28.709 I/appium  (29680): channel read: POST /session/ce03b361-6c2e-47d5-ab11-0ebf8add86aa/appium/device/press_keycode
06-11 12:09:28.711 I/appium  (29680): PressKeyCode command
06-11 12:09:28.711 I/appium  (29680): Calling PressKeyCode... 
06-11 12:09:28.715 D/UiDevice(29680): Pressing keycodes [4] with modifier 0.
