06-11 21:14:35.483 I/ThermalService(  969): CPU temperatures: [65.0]
06-11 21:14:35.494 D/NU-AmNuPlayerRenderer(  465): mMs12Enabled:0, mAudioDelay:0, nowMediaUs:2389878, mFormat:0x1, mSampleRate:48000
06-11 21:14:35.494 I/NU-AmNuPlayerRenderer(  465): av_slowsync 42, av_diff 840, Audio 2389920, AADJ 6, Video 2416666, VADJ 18236,SADJ -10812, audio_delta 0, mVideoFrameOutNum 57
06-11 21:14:35.531 I/VDA     (  474): [0] "ServiceDeviceTask(): buffer counts: IN[85,85], OUT[68,67,67] DEC[0->0] => DEVICE[3+0/3->0+1/14] => CLIENT[11]\n"
06-11 21:14:35.540 D/stbdpc  (  397): STB_DPGetNumPaths[570]: num_paths: 1
06-11 21:14:35.571 I/VDA     (  474): [0] "ServiceDeviceTask(): buffer counts: IN[89,89], OUT[69,69,69] DEC[0->0] => DEVICE[3+0/3->0+0/14] => CLIENT[12]\n"
06-11 21:14:35.600 I/chatty  (  474): uid=1046(mediacodec) V4L2DecoderThre identical 8 lines
06-11 21:14:35.604 I/VDA     (  474): [0] "ServiceDeviceTask(): buffer counts: IN[89,89], OUT[69,69,69] DEC[0->0] => DEVICE[3+0/3->0+0/14] => CLIENT[12]\n"
06-11 21:14:35.607 I/VDA     (  474): [0] "ServiceDeviceTask(): buffer counts: IN[89,89], OUT[70,69,69] DEC[0->0] => DEVICE[3+0/3->0+1/14] => CLIENT[11]\n"
06-11 21:14:35.638 I/JioBackgroundSchedulerService( 2899): Check schedule  
06-11 21:14:35.640 D/stbdpc  (  397): STB_DPGetNumPaths[570]: num_paths: 1
06-11 21:14:35.736 I/VDA     (  474): [0] "ServiceDeviceTask(): buffer counts: IN[93,93], OUT[73,73,73] DEC[0->0] => DEVICE[3+0/3->0+0/14] => CLIENT[12]\n"
06-11 21:14:35.739 I/VDA     (  474): [0] "ServiceDeviceTask(): buffer counts: IN[93,93], OUT[73,73,73] DEC[0->0] => DEVICE[3+0/3->0+0/14] => CLIENT[12]\n"
06-11 21:14:35.740 D/stbdpc  (  397): STB_DPGetNumPaths[570]: num_paths: 1
06-11 21:14:35.743 I/VDA     (  474): [0] "ServiceDeviceTask(): buffer counts: IN[93,93], OUT[73,73,73] DEC[0->0] => DEVICE[3+0/3->0+0/14] => CLIENT[12]\n"
06-11 21:14:35.750 I/chatty  (  474): uid=1046(mediacodec) V4L2DecoderThre identical 2 lines
06-11 21:14:35.752 I/VDA     (  474): [0] "ServiceDeviceTask(): buffer counts: IN[93,93], OUT[73,73,73] DEC[0->0] => DEVICE[3+0/3->0+0/14] => CLIENT[12]\n"
06-11 21:14:35.759 I/VDA     (  474): [0] "ServiceDeviceTask(): buffer counts: IN[95,95], OUT[73,73,73] DEC[0->0] => DEVICE[3+0/3->0+0/14] => CLIENT[12]\n"
06-11 21:14:35.766 I/VDA     (  474): [0] "ServiceDeviceTask(): buffer counts: IN[95,95], OUT[73,73,73] DEC[0->0] => DEVICE[3+0/3->0+0/14] => CLIENT[12]\n"
06-11 21:14:35.767 D/NU-AmNuPlayerRenderer(  465): mMs12Enabled:0, mAudioDelay:0, nowMediaUs:2663033, mFormat:0x1, mSampleRate:48000
06-11 21:14:35.784 D/dvb_iptv(  397): ReadEmmNetworkTask[1537]: EMM Select Timeout Occured 54
06-11 21:14:35.840 D/stbdpc  (  397): STB_DPGetNumPaths[570]: num_paths: 1
06-11 21:14:35.868 E/NU-GenericSource(  465): hasBufferAvailable return -1011
06-11 21:14:35.902 I/VDA     (  474): [0] "ServiceDeviceTask(): buffer counts: IN[97,97], OUT[77,77,77] DEC[0->0] => DEVICE[3+0/3->0+0/14] => CLIENT[12]\n"
06-11 21:14:35.906 I/VDA     (  474): [0] "ServiceDeviceTask(): buffer counts: IN[97,97], OUT[77,77,77] DEC[0->0] => DEVICE[3+0/3->0+0/14] => CLIENT[12]\n"
06-11 21:14:35.908 D/VideoDecWraper(  474): flush
06-11 21:14:35.908 I/AmVideoDec(  474): [0] "flush\n"
06-11 21:14:35.908 I/VDA     (  474): [0] "Flush"
06-11 21:14:35.909 I/VDA     (  474): [0] "FlushTask"
06-11 21:14:35.909 I/VDA     (  474): [0] "FlushTask NotifyFlushDoneIfNeeded"
06-11 21:14:35.909 I/VDA     (  474): [0] "AppendToInputFrame size 0 return\n"
06-11 21:14:35.909 I/VDA     (  474): [0] "flush id\n"
06-11 21:14:35.909 I/VDA     (  474): [0] "SendDecoderCmdStop"
06-11 21:14:35.910 I/VDA     (  474): [0] "ServiceDeviceTask(): buffer counts: IN[100,100], OUT[77,77,77] DEC[0->0] => DEVICE[3+0/3->0+0/14] => CLIENT[12]\n"
06-11 21:14:35.938 I/chatty  (  474): uid=1046(mediacodec) V4L2DecoderThre identical 17 lines
06-11 21:14:35.940 I/VDA     (  474): [0] "ServiceDeviceTask(): buffer counts: IN[100,100], OUT[77,77,77] DEC[0->0] => DEVICE[3+0/3->0+0/14] => CLIENT[12]\n"
06-11 21:14:35.940 D/stbdpc  (  397): STB_DPGetNumPaths[570]: num_paths: 1
06-11 21:14:35.996 E/TaskPersister(  633): File error accessing recents directory (directory doesn't exist?).
06-11 21:14:35.999 F/linker  (15502): CANNOT LINK EXECUTABLE "/system/bin/smartcable/smartCableSTBApp": library "libmosquitto.so" not found: needed by main executable
06-11 21:14:36.034 D/NU-AmNuPlayerRenderer(  465): mMs12Enabled:0, mAudioDelay:0, nowMediaUs:2930775, mFormat:0x1, mSampleRate:48000
06-11 21:14:36.040 D/stbdpc  (  397): STB_DPGetNumPaths[570]: num_paths: 1
06-11 21:14:36.053 D/rtk_heartbeat(  349): heartbeat_timed_out: heartbeatCmdCount = 2486, expected nextSeqNum = 2486
06-11 21:14:36.054 D/rtk_heartbeat(  349): rtkbt_heartbeat_cmpl_cback: Current SeqNum = 2486,should SeqNum=2486, status = 0
06-11 21:14:36.069 D/JioStbInactivityTimer(  926): Timer: count 86 warningTimeout:10680 timeout:10800
06-11 21:14:36.069 D/JioStbInactivityTimer(  926): isUserActive: Curr:2419842 Prev:2419842
06-11 21:14:36.071 I/VDA     (  474): [0] "ServiceDeviceTask(): buffer counts: IN[100,100], OUT[81,81,81] DEC[0->0] => DEVICE[3+0/3->0+0/14] => CLIENT[12]\n"
06-11 21:14:36.105 I/chatty  (  474): uid=1046(mediacodec) V4L2DecoderThre identical 16 lines
06-11 21:14:36.107 I/VDA     (  474): [0] "ServiceDeviceTask(): buffer counts: IN[100,100], OUT[81,81,81] DEC[0->0] => DEVICE[3+0/3->0+0/14] => CLIENT[12]\n"
06-11 21:14:36.141 D/stbdpc  (  397): STB_DPGetNumPaths[570]: num_paths: 1
06-11 21:14:36.238 I/VDA     (  474): [0] "ServiceDeviceTask(): buffer counts: IN[100,100], OUT[85,85,85] DEC[0->0] => DEVICE[3+0/3->0+0/14] => CLIENT[12]\n"
06-11 21:14:36.241 D/stbdpc  (  397): STB_DPGetNumPaths[570]: num_paths: 1
06-11 21:14:36.245 I/VDA     (  474): [0] "ServiceDeviceTask(): buffer counts: IN[100,100], OUT[85,85,85] DEC[0->0] => DEVICE[3+0/3->0+0/14] => CLIENT[12]\n"
06-11 21:14:36.250 I/chatty  (  474): uid=1046(mediacodec) V4L2DecoderThre identical 2 lines
06-11 21:14:36.251 I/VDA     (  474): [0] "ServiceDeviceTask(): buffer counts: IN[100,100], OUT[85,85,85] DEC[0->0] => DEVICE[3+0/3->0+0/14] => CLIENT[12]\n"
06-11 21:14:36.252 E/WifiVendorHal(  633): getWifiLinkLayerStats_1_3_Internal(l.973) failed {.code = ERROR_UNKNOWN, .description = unknown error}
06-11 21:14:36.263 I/VDA     (  474): [0] "ServiceDeviceTask(): buffer counts: IN[100,100], OUT[85,85,85] DEC[0->0] => DEVICE[3+0/3->0+0/14] => CLIENT[12]\n"
06-11 21:14:36.272 I/chatty  (  474): uid=1046(mediacodec) V4L2DecoderThre identical 4 lines
06-11 21:14:36.274 I/VDA     (  474): [0] "ServiceDeviceTask(): buffer counts: IN[100,100], OUT[85,85,85] DEC[0->0] => DEVICE[3+0/3->0+0/14] => CLIENT[12]\n"
06-11 21:14:36.285 D/dvb_iptv(  397): ReadEmmNetworkTask[1537]: EMM Select Timeout Occured 55
06-11 21:14:36.304 D/NU-AmNuPlayerRenderer(  465): mMs12Enabled:0, mAudioDelay:0, nowMediaUs:3200639, mFormat:0x1, mSampleRate:48000
06-11 21:14:36.341 D/stbdpc  (  397): STB_DPGetNumPaths[570]: num_paths: 1
06-11 21:14:36.410 I/VDA     (  474): [0] "ServiceDeviceTask(): buffer counts: IN[100,100], OUT[89,89,89] DEC[0->0] => DEVICE[3+0/3->0+0/14] => CLIENT[12]\n"
06-11 21:14:36.432 I/chatty  (  474): uid=1046(mediacodec) V4L2DecoderThre identical 4 lines
06-11 21:14:36.437 I/VDA     (  474): [0] "ServiceDeviceTask(): buffer counts: IN[100,100], OUT[89,89,89] DEC[0->0] => DEVICE[3+0/3->0+0/14] => CLIENT[12]\n"
06-11 21:14:36.441 D/stbdpc  (  397): STB_DPGetNumPaths[570]: num_paths: 1
06-11 21:14:36.442 I/VDA     (  474): [0] "ServiceDeviceTask(): buffer counts: IN[100,100], OUT[90,89,89] DEC[0->0] => DEVICE[3+0/3->0+1/14] => CLIENT[11]\n"
06-11 21:14:36.542 D/stbdpc  (  397): STB_DPGetNumPaths[570]: num_paths: 1
06-11 21:14:36.571 I/VDA     (  474): [0] "ServiceDeviceTask(): buffer counts: IN[100,100], OUT[93,93,93] DEC[0->0] => DEVICE[3+0/3->0+0/14] => CLIENT[12]\n"
06-11 21:14:36.575 D/NU-AmNuPlayerRenderer(  465): mMs12Enabled:0, mAudioDelay:0, nowMediaUs:3470730, mFormat:0x1, mSampleRate:48000
06-11 21:14:36.582 E/NU-GenericSource(  465): hasBufferAvailable return -1011
06-11 21:14:36.584 I/VDA     (  474): [0] "ServiceDeviceTask(): buffer counts: IN[100,100], OUT[93,93,93] DEC[0->0] => DEVICE[3+0/3->0+0/14] => CLIENT[12]\n"
06-11 21:14:36.589 I/NU-AmNuPlayerDecoder(  465): [audio] saw output EOS
06-11 21:14:36.590 I/NU-AmNuPlayerRenderer(  465): audio have queued eos, no need to check buffer discontinue
06-11 21:14:36.596 I/VDA     (  474): [0] "ServiceDeviceTask(): buffer counts: IN[100,100], OUT[93,93,93] DEC[0->0] => DEVICE[3+0/3->0+0/14] => CLIENT[12]\n"
06-11 21:14:36.600 I/chatty  (  474): uid=1046(mediacodec) V4L2DecoderThre identical 1 line
06-11 21:14:36.605 I/VDA     (  474): [0] "ServiceDeviceTask(): buffer counts: IN[100,100], OUT[93,93,93] DEC[0->0] => DEVICE[3+0/3->0+0/14] => CLIENT[12]\n"
06-11 21:14:36.642 D/stbdpc  (  397): STB_DPGetNumPaths[570]: num_paths: 1
06-11 21:14:36.675 D/ltts_ip_emm(  397): LTTS_IP_DMXStartEMM[381]: parse_emm_cat_status failed
06-11 21:14:36.700 I/om.suntv.sunnx(15306): oneway function results will be dropped but finished with status OK and parcel size 4
06-11 21:14:36.704 I/VDA     (  474): [0] "ServiceDeviceTask(): buffer counts: IN[100,100], OUT[96,96,96] DEC[0->0] => DEVICE[3+0/3->0+0/14] => CLIENT[12]\n"
06-11 21:14:36.705 I/e.swalekh.abct( 1359): oneway function results will be dropped but finished with status OK and parcel size 4
06-11 21:14:36.714 I/VDA     (  474): [0] "ServiceDeviceTask(): buffer counts: IN[100,100], OUT[96,96,96] DEC[0->0] => DEVICE[3+0/3->0+0/14] => CLIENT[12]\n"
06-11 21:14:36.723 I/VDA     (  474): [0] "ServiceDeviceTask(): buffer counts: IN[100,100], OUT[96,96,96] DEC[0->0] => DEVICE[3+0/3->0+0/14] => CLIENT[12]\n"
06-11 21:14:36.726 D/JioSTBMRServer-SERVICE( 3589): InetSocketAddress(InetAddress.getByName(inetAddress.hostAddress)-/192.168.1.255
06-11 21:14:36.726 D/JioSTBMRServer-SERVICE( 3589): #beacon:RKISBFJ60000097:0:false:0:1:SV=181024 , 192.168.1.255
06-11 21:14:36.734 D/JioSTBMRServer-SERVICE( 3589): InetSocketAddress(InetAddress.getByName(inetAddress.hostAddress)-/192.168.1.255
06-11 21:14:36.734 D/JioSTBMRServer-SERVICE( 3589): #broadcast IP:192.168.1.255
06-11 21:14:36.742 D/stbdpc  (  397): STB_DPGetNumPaths[570]: num_paths: 1
06-11 21:14:36.785 D/dvb_iptv(  397): ReadEmmNetworkTask[1537]: EMM Select Timeout Occured 56
06-11 21:14:36.842 D/stbdpc  (  397): STB_DPGetNumPaths[570]: num_paths: 1
06-11 21:14:36.842 D/NU-AmNuPlayerRenderer(  465): mMs12Enabled:0, mAudioDelay:0, nowMediaUs:3738526, mFormat:0x1, mSampleRate:48000
06-11 21:14:36.842 D/AudioTrack(  465): stop(47): called with 198656 frames delivered
06-11 21:14:36.867 I/VDA     (  474): [0] "ServiceDeviceTask(): buffer counts: IN[100,100], OUT[100,100,100] DEC[0->0] => DEVICE[3+0/3->0+0/14] => CLIENT[12]\n"
06-11 21:14:36.890 I/chatty  (  474): uid=1046(mediacodec) V4L2DecoderThre identical 8 lines
06-11 21:14:36.893 I/VDA     (  474): [0] "ServiceDeviceTask(): buffer counts: IN[100,100], OUT[100,100,100] DEC[0->0] => DEVICE[3+0/3->0+0/14] => CLIENT[12]\n"
06-11 21:14:36.896 I/VDA     (  474): [0] "Got last output buffer. Waiting last buffer=1\n"
06-11 21:14:36.896 I/VDA     (  474): [0] "StopDevicePoll\n"
06-11 21:14:36.898 I/[ 2508.049672@2]  dim(    0): ch[2] in eos p-other
06-11 21:14:36.898 D/[ 2508.049854@3]  [amlv4l](    0): [5]: Post event: eos
06-11 21:14:36.898 I/[ 2508.050629@3]  [amlv4l](    0): [5]: reset mode: 1, es frames buffering: 0
06-11 21:14:36.896 I/VDA     (  474): [0] "StopOutputStream output_buffer_map_.size() 14\n"
06-11 21:14:36.896 I/VDA     (  474): [0] "----stop output VIDIOC_STREAMOFF----\n"
06-11 21:14:36.901 I/VDA     (  474): [0] "Stop[0] state 0\n"
06-11 21:14:36.901 I/VDA     (  474): [0] "Stop[1] state 3\n"
06-11 21:14:36.901 I/VDA     (  474): [0] "Stop[2] state 3\n"
06-11 21:14:36.901 I/VDA     (  474): [0] "Stop[3] state 3\n"
06-11 21:14:36.902 I/VDA     (  474): [0] "Stop[4] state 3\n"
06-11 21:14:36.902 I/VDA     (  474): [0] "Stop[5] state 3\n"
06-11 21:14:36.902 I/VDA     (  474): [0] "Stop[6] state 3\n"
06-11 21:14:36.902 I/VDA     (  474): [0] "Stop[7] state 3\n"
06-11 21:14:36.902 I/VDA     (  474): [0] "Stop[8] state 3\n"
06-11 21:14:36.902 I/VDA     (  474): [0] "Stop[9] state 3\n"
06-11 21:14:36.902 I/VDA     (  474): [0] "Stop[10] state 3\n"
06-11 21:14:36.902 I/VDA     (  474): [0] "Stop[11] state 3\n"
06-11 21:14:36.902 I/VDA     (  474): [0] "Stop[12] state 3\n"
06-11 21:14:36.902 I/[ 2508.056088@0]  [amlv4l](    0): [5]: reset mode: 1, es frames buffering: 0
06-11 21:14:36.902 I/VDA     (  474): [0] "Stop[13] state 3\n"
06-11 21:14:36.902 I/VDA     (  474): [0] "StopInputStream input_streamon 1, input_buffer_map_.size 3\n"
06-11 21:14:36.908 I/VDA     (  474): [0] "----stop input VIDIOC_STREAMOFF----\n"
06-11 21:14:36.908 I/VDA     (  474): [0] "StartDevicePoll\n"
06-11 21:14:36.908 I/VDA     (  474): [0] "returning flush"
06-11 21:14:36.908 I/AmVideoDec(  474): [0] "notifyFlushDone\n"
06-11 21:14:36.908 I/VDA     (  474): [0] "----enqueue output STREAMON----\n"
06-11 21:14:36.908 V/AmlogicVideoDecoderAwesome2(  474): [16]NotifyFlushDone:2342 >
06-11 21:14:36.909 D/AmlogicVideoDecoderAwesome2(  474): [16]"\t===mEosStamp 0 == mEOSBitStreamId:100 mBitStreamId:100 inputTimeStamp:0\n"
06-11 21:14:36.909 I/NU-AmNuPlayerDecoder(  465): [video] saw output EOS
06-11 21:14:36.909 I/NU-AmNuPlayerRenderer(  465): video have queued eos, no need to check buffer discontinue
06-11 21:14:36.930 I/[ 2508.080649@1]  dim(    0): unreg:2keep[0], msk:[0x0,0x0]
06-11 21:14:36.938 I/[ 2508.090744@1]  vpu(    0): vpu: vpu_dev_clk_gate_off: unsupport vpu mod: 72
06-11 21:14:36.938 I/[ 2508.091617@3]  dim(    0): unreg:use[27]ms
06-11 21:14:36.939 I/[ 2508.091628@3]  dim(    0): di_destroy_instance:ch[2]:end
06-11 21:14:36.939 I/[ 2508.092227@2]  dim(    0): reg:use[1]ms
06-11 21:14:36.940 I/[ 2508.092238@2]  dim(    0): create:ch[2],tmode[3]
06-11 21:14:36.940 I/[ 2508.092242@2]  dim(    0): out:0x80000000
06-11 21:14:36.942 D/stbdpc  (  397): STB_DPGetNumPaths[570]: num_paths: 1
06-11 21:14:37.042 D/stbdpc  (  397): STB_DPGetNumPaths[570]: num_paths: 1
06-11 21:14:37.053 D/rtk_heartbeat(  349): heartbeat_timed_out: heartbeatCmdCount = 2487, expected nextSeqNum = 2487
06-11 21:14:37.055 D/rtk_heartbeat(  349): rtkbt_heartbeat_cmpl_cback: Current SeqNum = 2487,should SeqNum=2487, status = 0
06-11 21:14:37.069 D/JioStbInactivityTimer(  926): Timer: count 87 warningTimeout:10680 timeout:10800
06-11 21:14:37.070 D/JioStbInactivityTimer(  926): isUserActive: Curr:2419842 Prev:2419842
06-11 21:14:37.142 D/stbdpc  (  397): STB_DPGetNumPaths[570]: num_paths: 1
06-11 21:14:37.243 D/stbdpc  (  397): STB_DPGetNumPaths[570]: num_paths: 1
06-11 21:14:37.261 V/NU-AmNuPlayerRenderer(  465): video late by 417322 us (0.42 secs)
06-11 21:14:37.285 D/dvb_iptv(  397): ReadEmmNetworkTask[1537]: EMM Select Timeout Occured 57
06-11 21:14:37.335 D/NU-AmNuPlayerDriver(  465): notifyListener_l(0xf3992aa0), (2, 0, 0, -1), loop setting(0, 0)
06-11 21:14:37.336 D/NU-AmNuPlayerDriver(  465): notifyListener_l(0xf3992aa0), (211, 0, 0, 20), loop setting(0, 0)
06-11 21:14:37.336 I/NU-AmNuPlayerRenderer(  465): now paused audio queue has 0 entries, video has 0 entries
06-11 21:14:37.337 D/NU-AmNuPlayerDriver(  465): stop(0xf3992aa0)
06-11 21:14:37.337 D/NU-AmNuPlayerDriver(  465): notifyListener_l(0xf3992aa0), (8, 0, 0, -1), loop setting(0, 0)
06-11 21:14:37.339 V/MediaPlayer(15306): resetDrmState:  mDrmInfo=null mDrmProvisioningThread=null mPrepareDrmInProgress=false mActiveDrmScheme=false
06-11 21:14:37.339 V/MediaPlayer(15306): cleanDrmObj: mDrmObj=null mDrmSessionId=null
06-11 21:14:37.340 D/NU-AmNuPlayerDriver(  465): reset(0xf3992aa0) at state 8
06-11 21:14:37.344 I/[ 2508.496203@2]  [amlv4l](    0): [5]: reset mode: 1, es frames buffering: 0
06-11 21:14:37.354 I/[ 2508.504732@2]  [amlv4l](    0): [5]: reset mode: 1, es frames buffering: 0
06-11 21:14:37.340 I/NU-GenericSource(  465): --->disconnect<---
06-11 21:14:37.340 I/NU-GenericSource(  465): --->disconnect OK 
06-11 21:14:37.341 I/NU-AmNuPlayerDecoder(  465): [doFlush:939] audio flushing 
06-11 21:14:37.341 I/NU-AmNuPlayerDecoder(  465): [doFlush:939] video flushing 
06-11 21:14:37.341 I/NU-AmNuPlayerDecoder(  465): [doFlush:946] audio flushing 
06-11 21:14:37.341 I/NU-AmNuPlayerDecoder(  465): [doFlush:946] video flushing 
06-11 21:14:37.341 I/NU-AmNuPlayerRenderer(  465): clearAnchorTime
06-11 21:14:37.341 I/NU-AmNuPlayerRenderer(  465): misTrickmode 0
06-11 21:14:37.341 I/NU-AmNuPlayerRenderer(  465): flushing audio
06-11 21:14:37.341 I/OmxComponent(  474): OMX_CommandFlush 850 Cmd 0x1 nParam1 0xffffffff
06-11 21:14:37.341 I/OmxComponent(  474): OMX.amlogic.avc.decoder.awesome2: flush input
06-11 21:14:37.341 V/AmlogicVideoDecoderAwesome2(  474): [16]flushInput:978 >
06-11 21:14:37.341 V/OMX_WorkerPeer(  474): vendor/amlogic/common/omx/omx_framework/WorkerPeer.cpp:flushInput:57 --------------------
06-11 21:14:37.341 V/AmlogicVideoDecoderAwesome2(  474): [16]pause:333 >
06-11 21:14:37.341 V/AmlogicVideoDecoderAwesome2(  474): [16]reset:381 >
06-11 21:14:37.341 D/AmlogicVideoDecoderAwesome2(  474): [16]"reset_1"
06-11 21:14:37.341 I/NU-AmNuPlayerDecoder(  465): [doFlush:952] audio flushing 
06-11 21:14:37.341 D/VideoDecWraper(  474): reset
06-11 21:14:37.341 I/AmVideoDec(  474): [0] "reset\n"
06-11 21:14:37.341 I/VDA     (  474): [0] "Reset\n"
06-11 21:14:37.341 I/VDA     (  474): [0] "ResetTask\n"
06-11 21:14:37.341 I/VDA     (  474): [0] "FinishReset\n"
06-11 21:14:37.341 I/VDA     (  474): [0] "StopDevicePoll\n"
06-11 21:14:37.342 D/NU-AmNuPlayerDriver(  465): notifyListener_l(0xf3992aa0), (211, 0, 0, 20), loop setting(0, 0)
06-11 21:14:37.342 I/NU-AmNuPlayer(  465): decoder audio flush completed
06-11 21:14:37.342 I/VDA     (  474): [0] "StopOutputStream output_buffer_map_.size() 14\n"
06-11 21:14:37.342 I/VDA     (  474): [0] "----stop output VIDIOC_STREAMOFF----\n"
06-11 21:14:37.342 I/NU-AmNuPlayerRenderer(  465): clearAnchorTime
06-11 21:14:37.342 I/NU-AmNuPlayerRenderer(  465): misTrickmode 0
06-11 21:14:37.342 I/NU-AmNuPlayerRenderer(  465): flushing video
06-11 21:14:37.343 D/stbdpc  (  397): STB_DPGetNumPaths[570]: num_paths: 1
06-11 21:14:37.346 I/hw-BpHwBinder(  465): onLastStrongRef automatically unlinking death recipients
06-11 21:14:37.347 I/hw-BpHwBinder(  477): onLastStrongRef automatically unlinking death recipients
06-11 21:14:37.348 V/C2Store (  477): in ~ComponentModule
06-11 21:14:37.348 I/NU-AmNuPlayer(  465): audio shutdown completed
06-11 21:14:37.348 I/NU-AmNuPlayer(  465): audio setHasNoMedia
06-11 21:14:37.348 V/C2Store (  477): unloading dll
06-11 21:14:37.348 I/NuPlayerDecoderBase(  465): ReadDataHandler release.
06-11 21:14:37.348 I/MessageMonitor(  465): ReadDataHandler MessageMonitor exit
06-11 21:14:37.348 I/MessageMonitor(  465): NU-AmNuPlayerDecoder-audN MessageMonitor exit
06-11 21:14:37.354 I/VDA     (  474): [0] "Stop[0] state 1\n"
06-11 21:14:37.355 I/VDA     (  474): [0] "Stop[1] state 3\n"
06-11 21:14:37.355 I/VDA     (  474): [0] "Stop[2] state 3\n"
06-11 21:14:37.355 I/VDA     (  474): [0] "Stop[3] state 3\n"
06-11 21:14:37.355 I/VDA     (  474): [0] "Stop[4] state 3\n"
06-11 21:14:37.355 I/VDA     (  474): [0] "Stop[5] state 3\n"
06-11 21:14:37.355 I/VDA     (  474): [0] "Stop[6] state 3\n"
06-11 21:14:37.355 I/VDA     (  474): [0] "Stop[7] state 3\n"
06-11 21:14:37.355 I/VDA     (  474): [0] "Stop[8] state 3\n"
06-11 21:14:37.355 I/VDA     (  474): [0] "Stop[9] state 3\n"
06-11 21:14:37.355 I/VDA     (  474): [0] "Stop[10] state 3\n"
06-11 21:14:37.355 I/VDA     (  474): [0] "Stop[11] state 3\n"
06-11 21:14:37.355 I/VDA     (  474): [0] "Stop[12] state 3\n"
06-11 21:14:37.355 I/VDA     (  474): [0] "Stop[13] state 3\n"
06-11 21:14:37.355 I/VDA     (  474): [0] "StopInputStream input_streamon 0, input_buffer_map_.size 3\n"
06-11 21:14:37.355 I/VDA     (  474): [0] "SendPictureReady\n"
06-11 21:14:37.355 I/VDA     (  474): [0] "post ResetDoneTask\n"
06-11 21:14:37.355 I/VDA     (  474): [0] "ResetDoneTask\n"
06-11 21:14:37.355 I/VDA     (  474): [0] "StartDevicePoll\n"
06-11 21:14:37.355 I/VDA     (  474): [0] "NotifyResetDone\n"
06-11 21:14:37.355 I/AmVideoDec(  474): [0] "notifyResetDone\n"
06-11 21:14:37.355 V/AmlogicVideoDecoderAwesome2(  474): [16]NotifyResetDone:2116 >
06-11 21:14:37.355 D/AmlogicVideoDecoderAwesome2(  474): [16]"reset_2"
06-11 21:14:37.355 V/AmlogicVideoDecoderAwesome2(  474): [16]start:341 >
06-11 21:14:37.355 E/ThreadWorker(  474): pthread on exit wait clean
06-11 21:14:37.356 D/AmlogicVideoDecoderAwesome2(  474): [16]"mVideo start\n"
06-11 21:14:37.356 V/AmlogicVideoDecoderAwesome2(  474): [16]flushInput:1018 >
06-11 21:14:37.356 I/OmxComponent(  474): OMX.amlogic.avc.decoder.awesome2: flush output
06-11 21:14:37.356 V/AmlogicVideoDecoderAwesome2(  474): [16]flushOutput:1021 >
06-11 21:14:37.356 V/AmlogicVideoDecoderAwesome2(  474): [16]flushOutput:1098 >
06-11 21:14:37.357 V/OMX_WorkerPeer(  474): vendor/amlogic/common/omx/omx_framework/WorkerPeer.cpp:runWorkerStatic:155 --------------------
06-11 21:14:37.357 V/OMX_WorkerPeer(  474): vendor/amlogic/common/omx/omx_framework/WorkerPeer.cpp:runWorker:161 --------------------
06-11 21:14:37.358 I/NU-AmNuPlayerDecoder(  465): [doFlush:952] video flushing 
06-11 21:14:37.358 I/NU-AmNuPlayer(  465): decoder video flush completed
06-11 21:14:37.359 I/OmxComponent(  474): OMX_CommandStateSet 850 Cmd 0 nParam1 0x2
06-11 21:14:37.359 I/OmxComponent(  474): OMX-24 STATE_SET:   OMX_StateExecuting => OMX_StateIdle : OMX.amlogic.avc.decoder.awesome2
06-11 21:14:37.359 I/OmxComponent(  474): OMX.amlogic.avc.decoder.awesome2: flush input
06-11 21:14:37.359 V/AmlogicVideoDecoderAwesome2(  474): [16]flushInput:978 >
06-11 21:14:37.359 V/OMX_WorkerPeer(  474): vendor/amlogic/common/omx/omx_framework/WorkerPeer.cpp:flushInput:57 --------------------
06-11 21:14:37.359 V/AmlogicVideoDecoderAwesome2(  474): [16]pause:333 >
06-11 21:14:37.359 V/AmlogicVideoDecoderAwesome2(  474): [16]reset:381 >
06-11 21:14:37.359 D/AmlogicVideoDecoderAwesome2(  474): [16]"reset_1"
06-11 21:14:37.359 D/VideoDecWraper(  474): reset
06-11 21:14:37.359 I/AmVideoDec(  474): [0] "reset\n"
06-11 21:14:37.359 I/VDA     (  474): [0] "Reset\n"
06-11 21:14:37.359 I/VDA     (  474): [0] "ResetTask\n"
06-11 21:14:37.359 I/VDA     (  474): [0] "FinishReset\n"
06-11 21:14:37.359 I/VDA     (  474): [0] "StopDevicePoll\n"
06-11 21:14:37.360 I/VDA     (  474): [0] "StopInputStream input_streamon 0, input_buffer_map_.size 3\n"
06-11 21:14:37.360 I/VDA     (  474): [0] "SendPictureReady\n"
06-11 21:14:37.360 I/VDA     (  474): [0] "post ResetDoneTask\n"
06-11 21:14:37.360 I/VDA     (  474): [0] "ResetDoneTask\n"
06-11 21:14:37.360 I/VDA     (  474): [0] "StartDevicePoll\n"
06-11 21:14:37.360 I/VDA     (  474): [0] "NotifyResetDone\n"
06-11 21:14:37.360 I/AmVideoDec(  474): [0] "notifyResetDone\n"
06-11 21:14:37.360 V/AmlogicVideoDecoderAwesome2(  474): [16]NotifyResetDone:2116 >
06-11 21:14:37.361 D/AmlogicVideoDecoderAwesome2(  474): [16]"reset_2"
06-11 21:14:37.361 V/AmlogicVideoDecoderAwesome2(  474): [16]start:341 >
06-11 21:14:37.361 E/ThreadWorker(  474): pthread on exit wait clean
06-11 21:14:37.373 D/AmlogicVideoDecoderAwesome2(  474): [16]"mVideo start\n"
06-11 21:14:37.373 V/AmlogicVideoDecoderAwesome2(  474): [16]flushInput:1018 >
06-11 21:14:37.373 I/OmxComponent(  474): OMX.amlogic.avc.decoder.awesome2: flush output
06-11 21:14:37.373 V/AmlogicVideoDecoderAwesome2(  474): [16]flushOutput:1021 >
06-11 21:14:37.373 V/AmlogicVideoDecoderAwesome2(  474): [16]flushOutput:1098 >
06-11 21:14:37.373 D/AmlogicVideoDecoderAwesome2(  474): [16]"mVideo stop\n"
06-11 21:14:37.373 V/AmlogicVideoDecoderAwesome2(  474): [16]stop:366 >
06-11 21:14:37.380 V/OMX_WorkerPeer(  474): vendor/amlogic/common/omx/omx_framework/WorkerPeer.cpp:runWorkerStatic:155 --------------------
06-11 21:14:37.380 V/OMX_WorkerPeer(  474): vendor/amlogic/common/omx/omx_framework/WorkerPeer.cpp:runWorker:161 --------------------
06-11 21:14:37.380 I/OmxComponent(  474): OMX-24 STATE_TRANS: OMX_StateExecuting => OMX_StateIdle : OMX.amlogic.avc.decoder.awesome2
06-11 21:14:37.381 I/OmxComponent(  474): STATE_DONE:  OMX_StateExecuting => OMX_StateIdle : OMX.amlogic.avc.decoder.awesome2
06-11 21:14:37.381 I/OmxComponent(  474): OMX_CommandStateSet 850 Cmd 0 nParam1 0x1
06-11 21:14:37.382 I/OmxComponent(  474): OMX-24 STATE_SET:   OMX_StateIdle => OMX_StateLoaded : OMX.amlogic.avc.decoder.awesome2
06-11 21:14:37.382 V/AmlogicVideoDecoderAwesome2(  474): [16]releaseResources:443 >
06-11 21:14:37.382 V/AmlogicVideoDecoderAwesome2(  474): [16]tearDown:802 >
06-11 21:14:37.382 V/AmlogicVideoDecoderAwesome2(  474): [16]tearDown:1563 >
06-11 21:14:37.382 V/AmlogicVideoDecoderAwesome2(  474): [16]initializeState_l:1611 >
06-11 21:14:37.382 D/VideoDecWraper(  474): destroy
06-11 21:14:37.382 I/VDA     (  474): [0] "Destroy"
06-11 21:14:37.382 I/VDA     (  474): [0] "DestroyTask(): IN[0,0], OUT[0,0,0] DEC[0->0] => DEVICE[3+0/3->0+0/14] => CLIENT[12]\n"
06-11 21:14:37.382 I/VDA     (  474): [0] "StopDevicePoll\n"
06-11 21:14:37.383 I/VDA     (  474): [0] "StopInputStream input_streamon 0, input_buffer_map_.size 3\n"
06-11 21:14:37.383 I/VDA     (  474): [0] "DestroyInputBuffers\n"
06-11 21:14:37.399 I/[ 2508.548766@3]  [amlv4l](    0): [5]: reset mode: 1, es frames buffering: 0
06-11 21:14:37.407 D/[ 2508.557054@3]  [amlcom](    0): vdec_release instance 0000000028ca04ae, total 1
06-11 21:14:37.407 D/[ 2508.557206@3]  [media_clock](    0): the clk_vdec_mux    clock off, ref cnt: 0
06-11 21:14:37.407 I/[ 2508.557968@3]  dim(    0): unreg:use[0]ms
06-11 21:14:37.407 I/[ 2508.557979@3]  dim(    0): di_destroy_instance:ch[2]:end
06-11 21:14:37.407 I/[ 2508.559508@1]  resman(    0): 34 release [decoder]
06-11 21:14:37.407 I/[ 2508.559520@1]  resman(    0): 34 release [codec_mm]
06-11 21:14:37.388 W/APM::AudioPolicyEngine(  387): getDevicesForStrategy() unknown strategy: -1
06-11 21:14:37.389 I/chatty  (  387): uid=1041(audioserver) ApmOutput identical 1 line
06-11 21:14:37.389 W/APM::AudioPolicyEngine(  387): getDevicesForStrategy() unknown strategy: -1
06-11 21:14:37.390 I/system_server(  633): oneway function results will be dropped but finished with status OK and parcel size 4
06-11 21:14:37.404 D/VideoDecWraper(  474): ~VideoDecWraper
06-11 21:14:37.405 I/AmVideoDec(  474): [0] "~AmVideoDec IN[100:100] OUT[101:100]\n"
06-11 21:14:37.414 E/        (    0): [ 2508.562323@3]  disalbe fastplay
06-11 21:14:37.405 D/OmxResManage(  474): Release fd = 12
06-11 21:14:37.405 D/resman  (  474): release all, fd:12
06-11 21:14:37.405 I/OmxComponent(  474): OMX-24 STATE_TRANS: OMX_StateIdle => OMX_StateLoaded : OMX.amlogic.avc.decoder.awesome2
06-11 21:14:37.405 I/OmxComponent(  474): STATE_DONE:  OMX_StateIdle => OMX_StateLoaded : OMX.amlogic.avc.decoder.awesome2
06-11 21:14:37.406 D/OmxComponentManagerImpl(  474): DecreaseEntryNumByName pEntry->mNum=1, pEntry->mMaxNum:9,componentName:OMX.amlogic.avc.decoder.awesome2
06-11 21:14:37.406 I/omx_core(  474): OMX_freeHandle_num_= 0
06-11 21:14:37.406 D/OmxVideoDecoder(  474): ~OmxVideoDecoder===pSidebandWindow:0x0
06-11 21:14:37.406 D/AmlogicVideoPassthrough(  474): [1]"~AmlogicVideoPassthrough"
06-11 21:14:37.406 D/AmlogicVideoPassthrough(  474): [0]"~AmlogicVideoPassthrough, mOmxInstancenum 0"
06-11 21:14:37.406 D/OmxComponent(  474): ~OmxComponent 281 : OMX.amlogic.avc.decoder.awesome2
06-11 21:14:37.406 I/AmlogicVideoDecoderAwesome2(  474): [16]"~AmlogicVideoDecoderAwesome2"
06-11 21:14:37.406 D/AmlogicVideoDecoderAwesome2(  474): [16]"~AmlogicVideoDecoder2"
06-11 21:14:37.408 D/AmlogicVideoDecoderAwesome2(  474): [16]"~AmlogicVideoDecoder2, mOmxInstancenum 0"
06-11 21:14:37.408 D/OmxResManage(  474): ~ResManWrapper fd = 12
06-11 21:14:37.408 D/resman  (  474): release all resource, fd = 12
06-11 21:14:37.409 D/SurfaceUtils(  465): disconnecting from surface 0xf34c0c08, reason disconnectFromSurface
06-11 21:14:37.412 D/SurfaceUtils(  465): connecting to surface 0xf34c0c08, reason onShutdown
06-11 21:14:37.413 I/NU-AmNuPlayer(  465): video shutdown completed
06-11 21:14:37.413 I/NU-AmNuPlayer(  465): video setHasNoMedia
06-11 21:14:37.413 I/NuPlayerDecoderBase(  465): ReadDataHandler release.
06-11 21:14:37.413 I/MessageMonitor(  465): ReadDataHandler MessageMonitor exit
06-11 21:14:37.413 D/NU-AmNuPlayerDriver(  465): notifyResetComplete(0xf3992aa0)
06-11 21:14:37.413 D/SurfaceUtils(  465): disconnecting from surface 0xf34bf008, reason disconnectNativeWindow
06-11 21:14:37.413 I/MessageMonitor(  465): NU-AmNuPlayerDecoder-vidN MessageMonitor exit
06-11 21:14:37.413 W/AMessage(  465): failed to deliver message as target handler 9 is gone.
06-11 21:14:37.414 I/MessageMonitor(  465): NU-AmNuPlayer MessageMonitor exit
06-11 21:14:37.415 I/NU-GenericSource(  465): >>>[~GenericSource 1556]
06-11 21:14:37.415 I/NU-GenericSource(  465): [resetDataSource 359]
06-11 21:14:37.415 I/MessageMonitor(  465): NU-GenericSource MessageMonitor exit
06-11 21:14:37.415 I/audio_hw_primary(  348): adev_set_parameters(0xee589c40, kv: sound_track=0)
06-11 21:14:37.415 I/audio_hw_primary(  348): video player sound_track mode 0 
06-11 21:14:37.416 I/MessageMonitor(  465): NU-AmNuPlayerRenderer MessageMonitor exit
06-11 21:14:37.417 I/audio_hw_primary(  348): adev_set_parameters(0xee589c40, kv: is_ms12_continuous=1)
06-11 21:14:37.419 W/AMessage(  465): failed to post message as target looper for handler 0 is gone.
06-11 21:14:37.421 I/MediaFocusControl(  633): abandonAudioFocus() from uid/pid 10075/15306 clientId=android.media.AudioManager@e2b2aec
06-11 21:14:37.443 D/stbdpc  (  397): STB_DPGetNumPaths[570]: num_paths: 1
06-11 21:14:37.480 I/MediaFocusControl(  633): abandonAudioFocus() from uid/pid 10075/15306 clientId=android.media.AudioManager@e2b2aec
06-11 21:14:37.481 W/MediaPlayer(15306): mediaplayer went away with unhandled events
06-11 21:14:37.483 V/DigitalSignage(  633): Package Name: null
06-11 21:14:37.483 V/DigitalSignage(  633): Left: 0
06-11 21:14:37.483 V/DigitalSignage(  633): Right: 0
06-11 21:14:37.483 V/DigitalSignage(  633): Top: 0
06-11 21:14:37.483 V/DigitalSignage(  633): Bottom: 0
06-11 21:14:37.483 D/DigitalSignage(  633): else - Package Name :: null left : 0 right :: 0 top :: 0 bottom :: 0 dfu-right :: 1920 dfu-bottom :: 1080
06-11 21:14:37.485 I/android.hardware.power-service.libperfmgr(  366): Power setBoost: INTERACTION duration: 0
06-11 21:14:37.485 I/libperfmgr(  366): Do Powerhint: INTERACTION
06-11 21:14:37.491 W/MediaPlayer(15306): mediaplayer went away with unhandled events
06-11 21:14:37.503 I/ThermalService(  969): CPU temperatures: [66.200005]
06-11 21:14:37.543 D/stbdpc  (  397): STB_DPGetNumPaths[570]: num_paths: 1
06-11 21:14:37.548 I/WifiService(  633): releaseMulticastLock uid=10083
06-11 21:14:37.550 I/JTCLOG  ( 3612): JuiceModel ->  Discover Mesh ONT services started
06-11 21:14:37.551 I/WifiService(  633): acquireMulticastLock uid=10083
06-11 21:14:37.643 D/stbdpc  (  397): STB_DPGetNumPaths[570]: num_paths: 1
06-11 21:14:37.723 I/System.out(15306): 2025-06-16
06-11 21:14:37.723 I/System.out(15306): 2025-06-11
06-11 21:14:37.744 D/stbdpc  (  397): STB_DPGetNumPaths[570]: num_paths: 1
06-11 21:14:37.785 D/dvb_iptv(  397): ReadEmmNetworkTask[1537]: EMM Select Timeout Occured 58
06-11 21:14:37.844 D/stbdpc  (  397): STB_DPGetNumPaths[570]: num_paths: 1
06-11 21:14:37.906 I/ActivityTaskManager(  633): START u0 {cmp=com.suntv.sunnxt/com.androidtv.myplex.ui.activity.MainActivity} from uid 10075
06-11 21:14:37.906 D/ActivityStarter(  633):  
06-11 21:14:37.906 D/ActivityStarter(  633): launchedPkgName :: com.suntv.sunnxt 
06-11 21:14:37.906 D/ActivityStarter(  633): callingPackage :: com.suntv.sunnxt 
06-11 21:14:37.906 D/ActivityStarter(  633): callingUid :: 10075 
06-11 21:14:37.906 D/ActivityStarter(  633): callingPid :: 15306
06-11 21:14:37.906 D/ActivityTaskManager(  633): OTHER app is launched
06-11 21:14:37.914 V/DigitalSignage(  633): Package Name: null
06-11 21:14:37.914 V/DigitalSignage(  633): Left: 0
06-11 21:14:37.914 V/DigitalSignage(  633): Right: 0
06-11 21:14:37.914 V/DigitalSignage(  633): Top: 0
06-11 21:14:37.914 V/DigitalSignage(  633): Bottom: 0
06-11 21:14:37.915 D/DigitalSignage(  633): else - Package Name :: null left : 0 right :: 0 top :: 0 bottom :: 0 dfu-right :: 1920 dfu-bottom :: 1080
06-11 21:14:37.932 W/ActivityTaskManager(  633): Tried to set launchTime (0) < mLastActivityLaunchTime (2502559)
06-11 21:14:37.935 D/ActivityTaskManager(  633): JioHomeManagerService :: ActivityRecord :: setState :: StateFrom :: INITIALIZING StateTo :: RESUMED 
06-11 21:14:37.943 D/ActivityManager(  633): JioHomeManagerService :: StateFrom :: INITIALIZING StateTo :: RESUMED Activity :: com.suntv.sunnxt/com.androidtv.myplex.ui.activity.MainActivity Action :: com.jio.remote.action.applaunch
06-11 21:14:37.944 D/stbdpc  (  397): STB_DPGetNumPaths[570]: num_paths: 1
06-11 21:14:37.946 D/JioLauncher( 1773): overlay status check for wifi and bt remote false false
06-11 21:14:37.948 D/Match code1( 1439): 2
06-11 21:14:37.949 D/JIO_TR069-( 1439): Predefined List [com.jio.stb.catv, com.rjil.jiostbsetting, com.iwedia.ui.rjio.launcher.reliance, com.jio.stb.hotellauncher, com.jio.media.oberoi, com.jio.ott]
06-11 21:14:37.952 D/JIO_TR069-( 1439): Caller Package com.iwedia.ui.rjio.launcher.reliance
06-11 21:14:37.952 D/JIO_TR069-( 1439): White Listed Apps []
06-11 21:14:37.952 D/JIO_TR069-( 1439): Final White Listed Apps [com.jio.stb.catv, com.rjil.jiostbsetting, com.iwedia.ui.rjio.launcher.reliance, com.jio.stb.hotellauncher, com.jio.media.oberoi, com.jio.ott, ]
06-11 21:14:37.955 D/JioLauncher( 1773): network-type-------NonJioNetwork
06-11 21:14:37.959 D/JioLauncher( 1773): live-tv-previousIp-[/fe80::1%wlan0, /192.168.1.1]-newHost-[/fe80::1%wlan0, /192.168.1.1]
06-11 21:14:37.962 D/BufferPoolAccessor2.0( 2387): evictor expired: 1, evicted: 0
06-11 21:14:38.044 D/stbdpc  (  397): STB_DPGetNumPaths[570]: num_paths: 1
06-11 21:14:38.053 D/rtk_heartbeat(  349): heartbeat_timed_out: heartbeatCmdCount = 2488, expected nextSeqNum = 2488
06-11 21:14:38.069 D/JioStbInactivityTimer(  926): Timer: count 88 warningTimeout:10680 timeout:10800
06-11 21:14:38.070 D/JioStbInactivityTimer(  926): isUserActive: Curr:2419842 Prev:2419842
06-11 21:14:38.072 D/rtk_heartbeat(  349): rtkbt_heartbeat_cmpl_cback: Current SeqNum = 2488,should SeqNum=2488, status = 0
06-11 21:14:38.144 D/stbdpc  (  397): STB_DPGetNumPaths[570]: num_paths: 1
06-11 21:14:38.245 D/stbdpc  (  397): STB_DPGetNumPaths[570]: num_paths: 1
06-11 21:14:38.281 I/om.suntv.sunnx(15306): NativeAlloc concurrent copying GC freed 88611(4243KB) AllocSpace objects, 37(1500KB) LOS objects, 49% free, 7321KB/14MB, paused 202us total 102.858ms
06-11 21:14:38.285 D/dvb_iptv(  397): ReadEmmNetworkTask[1537]: EMM Select Timeout Occured 59
06-11 21:14:38.345 D/stbdpc  (  397): STB_DPGetNumPaths[570]: num_paths: 1
06-11 21:14:38.372 W/System.err(15306): com.google.android.gms.common.GooglePlayServicesNotAvailableException
06-11 21:14:38.374 W/System.err(15306): 	at com.google.android.gms.ads.identifier.AdvertisingIdClient.zzb(SourceFile:142)
06-11 21:14:38.374 W/System.err(15306): 	at com.google.android.gms.ads.identifier.AdvertisingIdClient.getAdvertisingIdInfo(SourceFile:17)
06-11 21:14:38.375 W/System.err(15306): 	at c6.q0.doInBackground(SourceFile:5)
06-11 21:14:38.375 W/System.err(15306): 	at android.os.AsyncTask$3.call(AsyncTask.java:394)
06-11 21:14:38.375 W/System.err(15306): 	at java.util.concurrent.FutureTask.run(FutureTask.java:266)
06-11 21:14:38.375 W/System.err(15306): 	at android.os.AsyncTask$SerialExecutor$1.run(AsyncTask.java:305)
06-11 21:14:38.375 W/System.err(15306): 	at java.util.concurrent.ThreadPoolExecutor.runWorker(ThreadPoolExecutor.java:1167)
06-11 21:14:38.375 W/System.err(15306): 	at java.util.concurrent.ThreadPoolExecutor$Worker.run(ThreadPoolExecutor.java:641)
06-11 21:14:38.375 W/System.err(15306): 	at java.lang.Thread.run(Thread.java:923)
06-11 21:14:38.377 W/System.err(15306): java.lang.NullPointerException: Attempt to invoke virtual method 'java.lang.String com.google.android.gms.ads.identifier.AdvertisingIdClient$Info.getId()' on a null object reference
06-11 21:14:38.377 W/System.err(15306): 	at c6.q0.doInBackground(SourceFile:31)
06-11 21:14:38.377 W/System.err(15306): 	at android.os.AsyncTask$3.call(AsyncTask.java:394)
06-11 21:14:38.377 W/System.err(15306): 	at java.util.concurrent.FutureTask.run(FutureTask.java:266)
06-11 21:14:38.377 W/System.err(15306): 	at android.os.AsyncTask$SerialExecutor$1.run(AsyncTask.java:305)
06-11 21:14:38.377 W/System.err(15306): 	at java.util.concurrent.ThreadPoolExecutor.runWorker(ThreadPoolExecutor.java:1167)
06-11 21:14:38.378 W/System.err(15306): 	at java.util.concurrent.ThreadPoolExecutor$Worker.run(ThreadPoolExecutor.java:641)
06-11 21:14:38.378 W/System.err(15306): 	at java.lang.Thread.run(Thread.java:923)
06-11 21:14:38.445 D/stbdpc  (  397): STB_DPGetNumPaths[570]: num_paths: 1
06-11 21:14:38.463 V/DigitalSignage(  633): Package Name: null
06-11 21:14:38.463 V/DigitalSignage(  633): Left: 0
06-11 21:14:38.463 V/DigitalSignage(  633): Right: 0
06-11 21:14:38.463 V/DigitalSignage(  633): Top: 0
06-11 21:14:38.463 V/DigitalSignage(  633): Bottom: 0
06-11 21:14:38.463 D/DigitalSignage(  633): else - Package Name :: null left : 0 right :: 0 top :: 0 bottom :: 0 dfu-right :: 1920 dfu-bottom :: 1080
06-11 21:14:38.504 W/RecyclerView(15306): No adapter attached; skipping layout
06-11 21:14:38.545 D/stbdpc  (  397): STB_DPGetNumPaths[570]: num_paths: 1
06-11 21:14:38.645 D/stbdpc  (  397): STB_DPGetNumPaths[570]: num_paths: 1
06-11 21:14:38.675 D/ltts_ip_emm(  397): LTTS_IP_DMXStartEMM[381]: parse_emm_cat_status failed
06-11 21:14:38.746 D/stbdpc  (  397): STB_DPGetNumPaths[570]: num_paths: 1
06-11 21:14:38.781 V/DigitalSignage(  633): Package Name: null
06-11 21:14:38.781 V/DigitalSignage(  633): Left: 0
06-11 21:14:38.781 V/DigitalSignage(  633): Right: 0
06-11 21:14:38.781 V/DigitalSignage(  633): Top: 0
06-11 21:14:38.782 V/DigitalSignage(  633): Bottom: 0
06-11 21:14:38.782 D/DigitalSignage(  633): else - Package Name :: null left : 0 right :: 0 top :: 0 bottom :: 0 dfu-right :: 1920 dfu-bottom :: 1080
06-11 21:14:38.785 D/dvb_iptv(  397): ReadEmmNetworkTask[1537]: EMM Select Timeout Occured 60
06-11 21:14:38.786 D/stbresmgr(  397): STB_RESNumTuners[315]: num_tuners: 3
06-11 21:14:38.786 E/dvb_iptv(  397): IPTV_GetDvbIpPacketDetails[684]: No valid ECM iptv_handle
06-11 21:14:38.786 D/dvb_iptv(  397): IPTV_GetDvbIpPacketDetails[688]: EMM Pkt stat received_packets:0 lost_packets:0 recov_packets:0 
06-11 21:14:38.786 D/dvb_iptv(  397): getPktDetailOnRetry[710]: Failed to fetch packet details
06-11 21:14:38.786 D/dvb_iptv(  397): ReadEmmNetworkTask[1582]: signal emm restart thread
06-11 21:14:38.786 D/dvb_iptv(  397): IPTV_Emm_Stop[2245]: IPTV_Emm_Stop called
06-11 21:14:38.786 I/System.out(15306): rBodycountry--IN
06-11 21:14:38.786 D/ltts_ip_emm(  397): CloseEmmCasSession[446]: EMM CAS CloseSession CASSession ID:f07c2c00
06-11 21:14:38.786 I/Aml_MP  (  397): AmlVMXIptvCas_V2 dtor AmlVMXIptvCas_V2
06-11 21:14:38.786 I/Aml_MP  (  397): AmCasLibWrapper [~AmCasLibWrapper:47] 
06-11 21:14:38.786 D/am_cas_api(  397): [releaseAmCas/294]
06-11 21:14:38.786 V/AVPIPTV (  397): [0] ~AmCasIPTVSC2 at # 707, class_instance_index=0
06-11 21:14:38.786 I/Aml_MP  (  397): AmCasLibWrapper delete mCasObj
06-11 21:14:38.786 I/Aml_MP  (  397): AmlCasBase [~AmlCasBase:89] 
06-11 21:14:38.786 D/ltts_ip_emm(  397): CloseEmmCasSession[450]: Aml_MP_CAS_CloseSession_Emm | ret_Aml: 0
06-11 21:14:38.790 I/om.suntv.sunnx(15306): oneway function results will be dropped but finished with status OK and parcel size 4
06-11 21:14:38.798 I/ActivityTaskManager(  633): Displayed com.suntv.sunnxt/com.androidtv.myplex.ui.activity.MainActivity: +889ms
06-11 21:14:38.800 V/DigitalSignage(  633): Package Name: null
06-11 21:14:38.800 V/DigitalSignage(  633): Left: 0
06-11 21:14:38.800 V/DigitalSignage(  633): Right: 0
06-11 21:14:38.800 V/DigitalSignage(  633): Top: 0
06-11 21:14:38.800 V/DigitalSignage(  633): Bottom: 0
06-11 21:14:38.800 D/DigitalSignage(  633): else - Package Name :: null left : 0 right :: 0 top :: 0 bottom :: 0 dfu-right :: 1920 dfu-bottom :: 1080
06-11 21:14:38.801 I/e.swalekh.abct( 1359): oneway function results will be dropped but finished with status OK and parcel size 4
06-11 21:14:38.806 I/android.hardware.power-service.libperfmgr(  366): Power setBoost: INTERACTION duration: 0
06-11 21:14:38.806 I/libperfmgr(  366): Do Powerhint: INTERACTION
06-11 21:14:38.826 D/JioSTBMRServer-SERVICE( 3589): InetSocketAddress(InetAddress.getByName(inetAddress.hostAddress)-/192.168.1.255
06-11 21:14:38.826 D/JioSTBMRServer-SERVICE( 3589): #beacon:RKISBFJ60000097:0:false:0:1:SV=181024 , 192.168.1.255
06-11 21:14:38.834 D/JioSTBMRServer-SERVICE( 3589): InetSocketAddress(InetAddress.getByName(inetAddress.hostAddress)-/192.168.1.255
06-11 21:14:38.834 D/JioSTBMRServer-SERVICE( 3589): #broadcast IP:192.168.1.255
06-11 21:14:38.846 D/stbdpc  (  397): STB_DPGetNumPaths[570]: num_paths: 1
06-11 21:14:38.946 I/chatty  (  397): uid=0(root) DK-SiCntrl identical 1 line
06-11 21:14:39.046 D/stbdpc  (  397): STB_DPGetNumPaths[570]: num_paths: 1
06-11 21:14:39.054 D/rtk_heartbeat(  349): heartbeat_timed_out: heartbeatCmdCount = 2489, expected nextSeqNum = 2489
06-11 21:14:39.058 D/rtk_heartbeat(  349): rtkbt_heartbeat_cmpl_cback: Current SeqNum = 2489,should SeqNum=2489, status = 0
06-11 21:14:39.069 D/JioStbInactivityTimer(  926): Timer: count 89 warningTimeout:10680 timeout:10800
06-11 21:14:39.069 D/JioStbInactivityTimer(  926): isUserActive: Curr:2419842 Prev:2419842
06-11 21:14:39.146 D/stbdpc  (  397): STB_DPGetNumPaths[570]: num_paths: 1
06-11 21:14:39.190 W/GridLayoutManager:2131427512(15306): setSelectionSmooth should not be called before first layout pass
06-11 21:14:39.193 V/DigitalSignage(  633): Package Name: null
06-11 21:14:39.193 V/DigitalSignage(  633): Left: 0
06-11 21:14:39.193 V/DigitalSignage(  633): Right: 0
06-11 21:14:39.193 V/DigitalSignage(  633): Top: 0
06-11 21:14:39.193 V/DigitalSignage(  633): Bottom: 0
06-11 21:14:39.193 D/DigitalSignage(  633): else - Package Name :: null left : 0 right :: 0 top :: 0 bottom :: 0 dfu-right :: 1920 dfu-bottom :: 1080
06-11 21:14:39.197 V/DigitalSignage(  633): Package Name: null
06-11 21:14:39.197 V/DigitalSignage(  633): Left: 0
06-11 21:14:39.197 V/DigitalSignage(  633): Right: 0
06-11 21:14:39.197 V/DigitalSignage(  633): Top: 0
06-11 21:14:39.197 V/DigitalSignage(  633): Bottom: 0
06-11 21:14:39.198 D/DigitalSignage(  633): else - Package Name :: null left : 0 right :: 0 top :: 0 bottom :: 0 dfu-right :: 1920 dfu-bottom :: 1080
06-11 21:14:39.211 I/[ 2510.363773@1]  vc(    0): [0]vc: set enable index=0, val=0
06-11 21:14:39.211 I/[ 2510.363797@1]  VID(    0): store VD0 path_id changed 2->-1
06-11 21:14:39.211 I/        (    0): [ 2510.363801@1]  dev->index =0, val=1
06-11 21:14:39.211 I/[ 2510.363804@1]  VID(    0): VD1 off
06-11 21:14:39.211 I/[ 2510.363809@1]  VID(    0): VD1 set global output as 0
06-11 21:14:39.211 I/        (    0): [ 2510.363830@1]  common_vf_unreg_provider video_render.0: vd1 used: true, vd2 used: false, vd3 used: false, black_out:0, cur_buf:00000000ebc7e71a
06-11 21:14:39.209 D/MesonHwc(  360): VideoComposerDev (10) set (0).
06-11 21:14:39.211 D/SystemControl(  346): [CPQControl]:onVframeSizeChange: event value = 10(0xa)!
06-11 21:14:39.211 D/SystemControl(  346): [CPQControl]:onVframeSizeChange: send hdr event,info is 6.!
06-11 21:14:39.212 D/JioServiceSysCtrlEvent( 1856): notifyHdrInfoChangedCallback newHdrInfo:6
06-11 21:14:39.217 I/System.out(15306): called of isFirstTime true
06-11 21:14:39.247 D/stbdpc  (  397): STB_DPGetNumPaths[570]: num_paths: 1
06-11 21:14:39.266 E/WifiVendorHal(  633): getWifiLinkLayerStats_1_3_Internal(l.973) failed {.code = ERROR_UNKNOWN, .description = unknown error}
06-11 21:14:39.286 D/dvb_iptv(  397): ReadEmmNetworkTask[1537]: EMM Select Timeout Occured 1
06-11 21:14:39.286 D/stbhwnet(  397): STB_NWDropMembership[1331]: using IPV6 protocol in dropmembership
06-11 21:14:39.286 D/stbhwnet(  397): STB_NWDropMembership[1335]: group_address: '232.24.3.241', source_address: '10.70.220.50'
06-11 21:14:39.286 D/stbhwnet(  397): STB_NWDropMembership[1353]: src url SSM enabled
06-11 21:14:39.287 D/stbhwnet(  397): get_any_multicast_interface[1061]: Found g_nw_interface wlan0, ifindex 8
06-11 21:14:39.287 D/stbhwnet(  397): STB_NWDropMembership[1376]: sockopt_ret: 92 | Protocol not available
06-11 21:14:39.287 D/stbhwnet(  397): STB_NWDropMembership[1377]: Adding source multicast group error
06-11 21:14:39.287 D/stbhwnet(  397): STB_NWDropMembership[1331]: using IPV6 protocol in dropmembership
06-11 21:14:39.287 D/stbhwnet(  397): STB_NWDropMembership[1335]: group_address: '232.24.3.241', source_address: '10.70.220.50'
06-11 21:14:39.287 D/stbhwnet(  397): STB_NWDropMembership[1353]: src url SSM enabled
06-11 21:14:39.288 D/stbhwnet(  397): get_any_multicast_interface[1061]: Found g_nw_interface wlan0, ifindex 8
06-11 21:14:39.288 D/stbhwnet(  397): STB_NWDropMembership[1376]: sockopt_ret: 92 | Protocol not available
06-11 21:14:39.288 D/stbhwnet(  397): STB_NWDropMembership[1377]: Adding source multicast group error
06-11 21:14:39.288 D/stbhwnet(  397): STB_NWDropMembership[1331]: using IPV6 protocol in dropmembership
06-11 21:14:39.288 D/stbhwnet(  397): STB_NWDropMembership[1335]: group_address: '232.24.3.241', source_address: '10.70.220.50'
06-11 21:14:39.288 D/stbhwnet(  397): STB_NWDropMembership[1353]: src url SSM enabled
06-11 21:14:39.289 D/stbhwnet(  397): get_any_multicast_interface[1061]: Found g_nw_interface wlan0, ifindex 8
06-11 21:14:39.289 D/stbhwnet(  397): STB_NWDropMembership[1376]: sockopt_ret: 92 | Protocol not available
06-11 21:14:39.289 D/stbhwnet(  397): STB_NWDropMembership[1377]: Adding source multicast group error
06-11 21:14:39.289 D/stbhwnet(  397): STB_NWDropMembership[1331]: using IPV6 protocol in dropmembership
06-11 21:14:39.289 D/stbhwnet(  397): STB_NWDropMembership[1335]: group_address: '232.24.3.241', source_address: '10.70.220.50'
06-11 21:14:39.289 D/stbhwnet(  397): STB_NWDropMembership[1353]: src url SSM enabled
06-11 21:14:39.290 D/stbhwnet(  397): get_any_multicast_interface[1061]: Found g_nw_interface wlan0, ifindex 8
06-11 21:14:39.290 D/stbhwnet(  397): STB_NWDropMembership[1376]: sockopt_ret: 92 | Protocol not available
06-11 21:14:39.290 D/stbhwnet(  397): STB_NWDropMembership[1377]: Adding source multicast group error
06-11 21:14:39.290 E/DvbiInterface(  397): StopStartcurrentemmsession[1192]: sucessfully stop the emm session
06-11 21:14:39.318 W/View    (15306): requestLayout() improperly called by android.widget.LinearLayout{a672d9d I.E...... ......ID 0,0-0,0 #7f0b0136 app:id/content_details} during layout: running second layout pass
06-11 21:14:39.319 W/View    (15306): requestLayout() improperly called by android.widget.RelativeLayout{2427212 I.E...... ......ID 0,435-1776,513 #7f0b0098 app:id/banner_indicator_fragment_container} during layout: running second layout pass
06-11 21:14:39.319 W/View    (15306): requestLayout() improperly called by android.widget.ImageView{f83de3 I.ED..... ......I. 0,0-0,0 #7f0b0099 app:id/banner_play_button} during layout: running second layout pass
06-11 21:14:39.347 D/stbdpc  (  397): STB_DPGetNumPaths[570]: num_paths: 1
06-11 21:14:39.387 E/BufferQueueProducer(  393): [com.suntv.sunnxt/com.androidtv.myplex.ui.activity.SPlashActivity#0](id:18900000041,api:0,p:-1,c:393) disconnect: not connected (req=1)
06-11 21:14:39.387 W/libEGL  (15306): EGLNativeWindowType 0xf4583c08 disconnect failed
06-11 21:14:39.391 V/DigitalSignage(  633): Package Name: null
06-11 21:14:39.391 V/DigitalSignage(  633): Left: 0
06-11 21:14:39.391 V/DigitalSignage(  633): Right: 0
06-11 21:14:39.391 V/DigitalSignage(  633): Top: 0
06-11 21:14:39.392 V/DigitalSignage(  633): Bottom: 0
06-11 21:14:39.392 D/DigitalSignage(  633): else - Package Name :: null left : 0 right :: 0 top :: 0 bottom :: 0 dfu-right :: 1920 dfu-bottom :: 1080
06-11 21:14:39.402 I/System.out(15306): rBodycountry--IN
06-11 21:14:39.447 D/stbdpc  (  397): STB_DPGetNumPaths[570]: num_paths: 1
06-11 21:14:39.523 I/ThermalService(  969): CPU temperatures: [65.600006]
06-11 21:14:39.547 D/stbdpc  (  397): STB_DPGetNumPaths[570]: num_paths: 1
06-11 21:14:39.647 D/stbdpc  (  397): STB_DPGetNumPaths[570]: num_paths: 1
06-11 21:14:39.709 W/Glide   (15306): Failed to find GeneratedAppGlideModule. You should include an annotationProcessor compile dependency on com.github.bumptech.glide:compiler in your application and a @GlideModule annotated AppGlideModule implementation or LibraryGlideModules will be silently ignored
06-11 21:14:39.725 D/ConnectivityService(  633): requestNetwork for uid/pid:10075/15306 NetworkRequest [ TRACK_DEFAULT id=37, [ Capabilities: INTERNET&NOT_RESTRICTED&TRUSTED Uid: 10075 AdministratorUids: [] RequestorUid: 10075 RequestorPackageName: com.suntv.sunnxt] ]
06-11 21:14:39.725 D/ConnectivityService(  633): NetReassign [37 : null  100]
06-11 21:14:39.726 D/WifiNetworkFactory(  633): got request NetworkRequest [ TRACK_DEFAULT id=37, [ Capabilities: INTERNET&NOT_RESTRICTED&TRUSTED Uid: 10075 AdministratorUids: [] RequestorUid: 10075 RequestorPackageName: com.suntv.sunnxt] ] with score 60 and providerId 2
06-11 21:14:39.727 D/UntrustedWifiNetworkFactory(  633): got request NetworkRequest [ TRACK_DEFAULT id=37, [ Capabilities: INTERNET&NOT_RESTRICTED&TRUSTED Uid: 10075 AdministratorUids: [] RequestorUid: 10075 RequestorPackageName: com.suntv.sunnxt] ] with score 60 and providerId 2
