06-11 21:56:52.939 D/dvb_iptv(  397): ReadEmmNetworkTask[1537]: EMM Select Timeout Occured 41
06-11 21:56:52.954 D/Glide   ( 1773): Finished loading Bitmap from LOCAL for com.bumptech.glide.gifdecoder.StandardGifDecoder@8b54719 with size [314x176] in 6.763084 ms
06-11 21:56:52.969 D/stbdpc  (  397): STB_DPGetNumPaths[570]: num_paths: 1
06-11 21:56:53.005 D/Glide   ( 1773): Finished loading Bitmap from LOCAL for com.bumptech.glide.gifdecoder.StandardGifDecoder@8b54719 with size [314x176] in 16.571375 ms
06-11 21:56:53.010 I/TestRunner(29947): run started: 1 tests
06-11 21:56:53.014 I/TestRunner(29947): started: startServer(io.appium.uiautomator2.server.test.AppiumUiAutomator2Server)
06-11 21:56:53.024 I/appium  (29947): >>>Entry point start<<<
06-11 21:56:53.029 I/appium  (29947): Starting ServerInstrumentation
06-11 21:56:53.038 D/Glide   ( 1773): Finished loading Bitmap from LOCAL for com.bumptech.glide.gifdecoder.StandardGifDecoder@8b54719 with size [314x176] in 9.828 ms
06-11 21:56:53.062 W/[ 5044.214247@2]  RTW(    0): fill_default_txdesc(wlan0): SP Packet(0x0806) rate=0x4 SeqNum = 907
06-11 21:56:53.069 D/stbdpc  (  397): STB_DPGetNumPaths[570]: num_paths: 1
06-11 21:56:53.072 D/Glide   ( 1773): Finished loading Bitmap from LOCAL for com.bumptech.glide.gifdecoder.StandardGifDecoder@8b54719 with size [314x176] in 2.944083 ms
06-11 21:56:53.089 I/appium  (29947): buildConfig: {"VERSION_NAME":"7.5.2","APPLICATION_ID":"io.appium.uiautomator2.server","BUILD_TYPE":"debug","VERSION_CODE":215,"BUILD_TIME":"1745524365546","DEBUG":true,"FLAVOR":"server"}
06-11 21:56:53.099 I/UiDevice(29947): Creating a new instance, old instance exists: false
06-11 21:56:53.112 V/UiAutomation(29947): Init UiAutomation@30745d0[id=11, flags=0]
06-11 21:56:53.113 D/UiDevice(29947): Setting accessibility service flags: 65618
06-11 21:56:53.123 D/Glide   ( 1773): Finished loading Bitmap from LOCAL for com.bumptech.glide.gifdecoder.StandardGifDecoder@8b54719 with size [314x176] in 13.513667 ms
06-11 21:56:53.123 D/UiDevice(29947): Turning on screen.
06-11 21:56:53.155 D/Glide   ( 1773): Finished loading Bitmap from LOCAL for com.bumptech.glide.gifdecoder.StandardGifDecoder@8b54719 with size [314x176] in 5.888 ms
06-11 21:56:53.158 I/appium  (29947): AndroidServer created on port 6790
06-11 21:56:53.158 I/appium  (29947): Starting MJPEG Server
06-11 21:56:53.160 I/appium  (29947): MJPEG Server started
06-11 21:56:53.160 I/appium  (29947): ServerInstrumentation started
06-11 21:56:53.163 I/appium  (29947): ServerSocket created on port 7810
06-11 21:56:53.169 D/stbdpc  (  397): STB_DPGetNumPaths[570]: num_paths: 1
06-11 21:56:53.205 D/Glide   ( 1773): Finished loading Bitmap from LOCAL for com.bumptech.glide.gifdecoder.StandardGifDecoder@8b54719 with size [314x176] in 15.414916 ms
06-11 21:56:53.238 D/Glide   ( 1773): Finished loading Bitmap from LOCAL for com.bumptech.glide.gifdecoder.StandardGifDecoder@8b54719 with size [314x176] in 7.565874999999999 ms
06-11 21:56:53.269 D/stbdpc  (  397): STB_DPGetNumPaths[570]: num_paths: 1
06-11 21:56:53.288 D/Glide   ( 1773): Finished loading Bitmap from LOCAL for com.bumptech.glide.gifdecoder.StandardGifDecoder@8b54719 with size [314x176] in 16.372999999999998 ms
06-11 21:56:53.322 D/Glide   ( 1773): Finished loading Bitmap from LOCAL for com.bumptech.glide.gifdecoder.StandardGifDecoder@8b54719 with size [314x176] in 9.767999999999999 ms
06-11 21:56:53.334 W/tomator2.serve(29947): Accessing hidden method Lsun/misc/VM;->maxDirectMemory()J (greylist, reflection, allowed)
06-11 21:56:53.337 I/PlatformDependent(29947): Your platform does not provide complete low-level API for accessing direct buffers reliably. Unless explicitly requested, heap buffer will always be preferred to avoid potential system instability.
06-11 21:56:53.346 W/tomator2.serve(29947): Accessing hidden field Lsun/nio/ch/SelectorImpl;->selectedKeys:Ljava/util/Set; (greylist, reflection, allowed)
06-11 21:56:53.346 W/tomator2.serve(29947): Accessing hidden field Lsun/nio/ch/SelectorImpl;->publicSelectedKeys:Ljava/util/Set; (greylist, reflection, allowed)
06-11 21:56:53.355 D/Glide   ( 1773): Finished loading Bitmap from LOCAL for com.bumptech.glide.gifdecoder.StandardGifDecoder@8b54719 with size [314x176] in 2.9688749999999997 ms
06-11 21:56:53.369 D/stbdpc  (  397): STB_DPGetNumPaths[570]: num_paths: 1
06-11 21:56:53.395 E/adbd    (12860): failed to connect to socket 'tcp:6790': Connection refused
06-11 21:56:53.405 D/Glide   ( 1773): Finished loading Bitmap from LOCAL for com.bumptech.glide.gifdecoder.StandardGifDecoder@8b54719 with size [314x176] in 12.364666999999999 ms
06-11 21:56:53.407 W/Thread-5(29947): type=1400 audit(0.0:6411): avc: denied { read } for name="somaxconn" dev="proc" ino=915873 scontext=u:r:untrusted_app:s0:c96,c256,c512,c768 tcontext=u:object_r:proc_net:s0 tclass=file permissive=0 app=io.appium.uiautomator2.server
06-11 21:56:53.424 W/MacAddressUtil(29947): Failed to find a usable hardware address from the network interfaces; using random bytes: 2a:a9:82:ff:cb:18:a5:40
06-11 21:56:53.438 D/Glide   ( 1773): Finished loading Bitmap from LOCAL for com.bumptech.glide.gifdecoder.StandardGifDecoder@8b54719 with size [314x176] in 4.855917 ms
06-11 21:56:53.439 D/dvb_iptv(  397): ReadEmmNetworkTask[1537]: EMM Select Timeout Occured 42
06-11 21:56:53.441 D/JioStbInactivityTimer(  926): Timer: count 629 warningTimeout:10680 timeout:10800
06-11 21:56:53.441 D/JioStbInactivityTimer(  926): isUserActive: Curr:4414283 Prev:4414283
06-11 21:56:53.469 D/stbdpc  (  397): STB_DPGetNumPaths[570]: num_paths: 1
06-11 21:56:53.488 D/Glide   ( 1773): Finished loading Bitmap from LOCAL for com.bumptech.glide.gifdecoder.StandardGifDecoder@8b54719 with size [314x176] in 14.421040999999999 ms
06-11 21:56:53.515 W/ServerBootstrap(29947): Unknown channel option 'SO_KEEPALIVE' for channel '[id: 0xe54b7b91]'
06-11 21:56:53.517 W/ServerBootstrap(29947): Unknown channel option 'TCP_NODELAY' for channel '[id: 0xe54b7b91]'
06-11 21:56:53.522 D/Glide   ( 1773): Finished loading Bitmap from LOCAL for com.bumptech.glide.gifdecoder.StandardGifDecoder@8b54719 with size [314x176] in 7.988084 ms
06-11 21:56:53.557 D/Glide   ( 1773): Finished loading Bitmap from LOCAL for com.bumptech.glide.gifdecoder.StandardGifDecoder@8b54719 with size [314x176] in 3.652167 ms
06-11 21:56:53.570 D/stbdpc  (  397): STB_DPGetNumPaths[570]: num_paths: 1
06-11 21:56:53.616 D/Glide   ( 1773): Finished loading Bitmap from LOCAL for com.bumptech.glide.gifdecoder.StandardGifDecoder@8b54719 with size [314x176] in 21.41875 ms
06-11 21:56:53.669 D/Glide   ( 1773): Finished loading Bitmap from LOCAL for com.bumptech.glide.gifdecoder.StandardGifDecoder@8b54719 with size [314x176] in 27.233542 ms
06-11 21:56:53.670 D/stbdpc  (  397): STB_DPGetNumPaths[570]: num_paths: 1
06-11 21:56:53.687 F/linker  (29981): CANNOT LINK EXECUTABLE "/system/bin/smartcable/smartCableSTBApp": library "libmosquitto.so" not found: needed by main executable
06-11 21:56:53.698 D/Glide   ( 1773): Finished loading Bitmap from LOCAL for com.bumptech.glide.gifdecoder.StandardGifDecoder@8b54719 with size [314x176] in 7.592124999999999 ms
06-11 21:56:53.705 D/rtk_heartbeat(  349): heartbeat_timed_out: heartbeatCmdCount = 5023, expected nextSeqNum = 5023
06-11 21:56:53.706 D/rtk_heartbeat(  349): rtkbt_heartbeat_cmpl_cback: Current SeqNum = 5023,should SeqNum=5023, status = 0
06-11 21:56:53.741 D/Glide   ( 1773): Finished loading Bitmap from LOCAL for com.bumptech.glide.gifdecoder.StandardGifDecoder@8b54719 with size [314x176] in 9.603042 ms
06-11 21:56:53.770 D/stbdpc  (  397): STB_DPGetNumPaths[570]: num_paths: 1
06-11 21:56:53.791 D/Glide   ( 1773): Finished loading Bitmap from LOCAL for com.bumptech.glide.gifdecoder.StandardGifDecoder@8b54719 with size [314x176] in 17.039082999999998 ms
06-11 21:56:53.824 D/Glide   ( 1773): Finished loading Bitmap from LOCAL for com.bumptech.glide.gifdecoder.StandardGifDecoder@8b54719 with size [314x176] in 10.555708 ms
06-11 21:56:53.842 E/WifiVendorHal(  633): getWifiLinkLayerStats_1_3_Internal(l.973) failed {.code = ERROR_UNKNOWN, .description = unknown error}
06-11 21:56:53.857 D/Glide   ( 1773): Finished loading Bitmap from LOCAL for com.bumptech.glide.gifdecoder.StandardGifDecoder@8b54719 with size [314x176] in 3.2440409999999997 ms
06-11 21:56:53.870 D/stbdpc  (  397): STB_DPGetNumPaths[570]: num_paths: 1
06-11 21:56:53.908 D/Glide   ( 1773): Finished loading Bitmap from LOCAL for com.bumptech.glide.gifdecoder.StandardGifDecoder@8b54719 with size [314x176] in 14.041333 ms
06-11 21:56:53.922 D/JioLauncher( 1773): auto scroll in focus position-1-newState-0
06-11 21:56:53.922 D/merc    ( 1773): 5zg7clmu: publisher called jioAd.adEventTracker.trackImpression()
06-11 21:56:53.922 D/JioLauncher( 1773): promotion handleAdImpression called for position-3 and adSpotId -> 5zg7clmu
06-11 21:56:53.923 E/SIGLY_sdkWrapper( 1773): SiglyAnalyticsSdkWrapper is not initialized. Call initialize() first. Exception 
06-11 21:56:53.923 D/JioLauncher( 1773): XJLE7 -> Parameters{external={"XJL66":"Home_Launcher","XJL7":"5000","XJL6":"5zg7clmu","XJL9":"0","XJL8":"2","XJL25":"outer"}, internal={}}
06-11 21:56:53.923 E/SIGLY_sdkWrapper( 1773): Error occurred in logCustomData() method.
06-11 21:56:53.931 I/ThermalService(  969): CPU temperatures: [60.100002]
06-11 21:56:53.940 D/Glide   ( 1773): Finished loading BitmapDrawable from MEMORY_CACHE for https://mercury.akamaized.net/i/f3ba2a507db4b9287340d2e2e9a56b7f_105631_0.jpg with size [1670x442] in 0.871208 ms
06-11 21:56:53.940 D/dvb_iptv(  397): ReadEmmNetworkTask[1537]: EMM Select Timeout Occured 43
06-11 21:56:53.945 D/Glide   ( 1773): Finished loading Bitmap from LOCAL for com.bumptech.glide.gifdecoder.StandardGifDecoder@8b54719 with size [314x176] in 11.630792 ms
06-11 21:56:53.970 D/stbdpc  (  397): STB_DPGetNumPaths[570]: num_paths: 1
06-11 21:56:53.991 D/Glide   ( 1773): Finished loading Bitmap from LOCAL for com.bumptech.glide.gifdecoder.StandardGifDecoder@8b54719 with size [314x176] in 15.689791999999999 ms
06-11 21:56:54.024 D/Glide   ( 1773): Finished loading Bitmap from LOCAL for com.bumptech.glide.gifdecoder.StandardGifDecoder@8b54719 with size [314x176] in 9.76125 ms
06-11 21:56:54.045 I/uncher.relianc( 1773): oneway function results will be dropped but finished with status OK and parcel size 4
06-11 21:56:54.047 I/e.swalekh.abct( 1359): oneway function results will be dropped but finished with status OK and parcel size 4
06-11 21:56:54.053 D/JioSTBMRServer-SERVICE( 3589): InetSocketAddress(InetAddress.getByName(inetAddress.hostAddress)-/192.168.1.255
06-11 21:56:54.053 D/JioSTBMRServer-SERVICE( 3589): #beacon:RKISBFJ60000097:0:false:0:1:SV=181024 , 192.168.1.255
06-11 21:56:54.057 D/JioSTBMRServer-SERVICE( 3589): InetSocketAddress(InetAddress.getByName(inetAddress.hostAddress)-/192.168.1.255
06-11 21:56:54.057 D/JioSTBMRServer-SERVICE( 3589): #broadcast IP:192.168.1.255
06-11 21:56:54.071 D/stbdpc  (  397): STB_DPGetNumPaths[570]: num_paths: 1
06-11 21:56:54.075 D/Glide   ( 1773): Finished loading Bitmap from LOCAL for com.bumptech.glide.gifdecoder.StandardGifDecoder@8b54719 with size [314x176] in 16.903541999999998 ms
06-11 21:56:54.108 D/Glide   ( 1773): Finished loading Bitmap from LOCAL for com.bumptech.glide.gifdecoder.StandardGifDecoder@8b54719 with size [314x176] in 9.443249999999999 ms
06-11 21:56:54.141 D/Glide   ( 1773): Finished loading Bitmap from LOCAL for com.bumptech.glide.gifdecoder.StandardGifDecoder@8b54719 with size [314x176] in 3.2857499999999997 ms
06-11 21:56:54.171 D/stbdpc  (  397): STB_DPGetNumPaths[570]: num_paths: 1
06-11 21:56:54.190 D/Glide   ( 1773): Finished loading Bitmap from LOCAL for com.bumptech.glide.gifdecoder.StandardGifDecoder@8b54719 with size [314x176] in 10.925917 ms
06-11 21:56:54.223 D/Glide   ( 1773): Finished loading Bitmap from LOCAL for com.bumptech.glide.gifdecoder.StandardGifDecoder@8b54719 with size [314x176] in 3.7370419999999998 ms
06-11 21:56:54.271 D/stbdpc  (  397): STB_DPGetNumPaths[570]: num_paths: 1
06-11 21:56:54.274 D/Glide   ( 1773): Finished loading Bitmap from LOCAL for com.bumptech.glide.gifdecoder.StandardGifDecoder@8b54719 with size [314x176] in 14.044583 ms
06-11 21:56:54.306 D/Glide   ( 1773): Finished loading Bitmap from LOCAL for com.bumptech.glide.gifdecoder.StandardGifDecoder@8b54719 with size [314x176] in 5.934625 ms
06-11 21:56:54.357 D/Glide   ( 1773): Finished loading Bitmap from LOCAL for com.bumptech.glide.gifdecoder.StandardGifDecoder@8b54719 with size [314x176] in 16.728583999999998 ms
06-11 21:56:54.371 D/stbdpc  (  397): STB_DPGetNumPaths[570]: num_paths: 1
06-11 21:56:54.390 D/Glide   ( 1773): Finished loading Bitmap from LOCAL for com.bumptech.glide.gifdecoder.StandardGifDecoder@8b54719 with size [314x176] in 9.482624999999999 ms
06-11 21:56:54.423 D/Glide   ( 1773): Finished loading Bitmap from LOCAL for com.bumptech.glide.gifdecoder.StandardGifDecoder@8b54719 with size [314x176] in 2.32225 ms
06-11 21:56:54.440 D/dvb_iptv(  397): ReadEmmNetworkTask[1537]: EMM Select Timeout Occured 44
06-11 21:56:54.441 D/JioStbInactivityTimer(  926): Timer: count 630 warningTimeout:10680 timeout:10800
06-11 21:56:54.441 D/JioStbInactivityTimer(  926): isUserActive: Curr:4414283 Prev:4414283
06-11 21:56:54.471 D/stbdpc  (  397): STB_DPGetNumPaths[570]: num_paths: 1
06-11 21:56:54.473 D/Glide   ( 1773): Finished loading Bitmap from LOCAL for com.bumptech.glide.gifdecoder.StandardGifDecoder@8b54719 with size [314x176] in 11.211791999999999 ms
06-11 21:56:54.506 D/Glide   ( 1773): Finished loading Bitmap from LOCAL for com.bumptech.glide.gifdecoder.StandardGifDecoder@8b54719 with size [314x176] in 3.6523749999999997 ms
06-11 21:56:54.534 I/appium  (29947): channel read: GET /status
06-11 21:56:54.537 I/appium  (29947): Status command
06-11 21:56:54.546 I/appium  (29947): AppiumResponse: {"sessionId":"None","value":{"message":"UiAutomator2 Server is ready to accept commands","ready":true}}
06-11 21:56:54.556 D/Glide   ( 1773): Finished loading Bitmap from LOCAL for com.bumptech.glide.gifdecoder.StandardGifDecoder@8b54719 with size [314x176] in 12.494083 ms
06-11 21:56:54.571 D/stbdpc  (  397): STB_DPGetNumPaths[570]: num_paths: 1
06-11 21:56:54.583 I/appium  (29947): channel read: POST /session
06-11 21:56:54.585 I/appium  (29947): NewSession command
06-11 21:56:54.590 D/Glide   ( 1773): Finished loading Bitmap from LOCAL for com.bumptech.glide.gifdecoder.StandardGifDecoder@8b54719 with size [314x176] in 4.924625 ms
06-11 21:56:54.609 W/tomator2.serve(29947): Accessing hidden field Landroid/app/UiAutomation;->mOnAccessibilityEventListener:Landroid/app/UiAutomation$OnAccessibilityEventListener; (greylist-max-o, reflection, allowed)
06-11 21:56:54.617 I/appium  (29947): Created the new session with id dc1eb5fd-9371-48e9-8003-caffe423eac9 and capabilities {networkConnectionEnabled=true, warnings={}, databaseEnabled=false, deviceName=192.168.1.23:5555, platform=LINUX, deviceUDID=192.168.1.23:5555, desired={platformName=ANDROID, udid=192.168.1.23:5555, deviceName=192.168.1.23:5555, automationName=UIAutomator2}, automationName=UIAutomator2, webStorageEnabled=false, locationContextEnabled=false, takesScreenshot=true, javascriptEnabled=true, platformName=ANDROID, udid=192.168.1.23:5555}
06-11 21:56:54.629 I/appium  (29947): AppiumResponse: {"sessionId":"dc1eb5fd-9371-48e9-8003-caffe423eac9","value":{"capabilities":{"firstMatch":[{"platformName":"ANDROID","udid":"192.168.1.23:5555","deviceName":"192.168.1.23:5555","automationName":"UIAutomator2","platform":"LINUX","webStorageEnabled":false,"takesScreenshot":true,"javascriptEnabled":tru
06-11 21:56:54.639 D/Glide   ( 1773): Finished loading Bitmap from LOCAL for com.bumptech.glide.gifdecoder.StandardGifDecoder@8b54719 with size [314x176] in 14.297041 ms
06-11 21:56:54.672 D/stbdpc  (  397): STB_DPGetNumPaths[570]: num_paths: 1
06-11 21:56:54.673 D/Glide   ( 1773): Finished loading Bitmap from LOCAL for com.bumptech.glide.gifdecoder.StandardGifDecoder@8b54719 with size [314x176] in 8.229667 ms
06-11 21:56:54.680 I/appium  (29947): channel read: GET /session/dc1eb5fd-9371-48e9-8003-caffe423eac9/appium/device/pixel_ratio
06-11 21:56:54.682 I/appium  (29947): GetDevicePixelRatio command
06-11 21:56:54.688 I/appium  (29947): AppiumResponse: {"sessionId":"dc1eb5fd-9371-48e9-8003-caffe423eac9","value":2.0}
06-11 21:56:54.695 I/appium  (29947): channel read: GET /session/dc1eb5fd-9371-48e9-8003-caffe423eac9/window/current/size
06-11 21:56:54.697 I/appium  (29947): GetDeviceSize command
06-11 21:56:54.697 I/appium  (29947): channel read: GET /session/dc1eb5fd-9371-48e9-8003-caffe423eac9/appium/device/system_bars
06-11 21:56:54.697 I/appium  (29947): Get window size of the device
06-11 21:56:54.698 I/appium  (29947): GetSystemBars command
06-11 21:56:54.701 I/appium  (29947): AppiumResponse: {"sessionId":"dc1eb5fd-9371-48e9-8003-caffe423eac9","value":{"statusBar":0}}
06-11 21:56:54.701 I/appium  (29947): AppiumResponse: {"sessionId":"dc1eb5fd-9371-48e9-8003-caffe423eac9","value":{"height":1080,"width":1920}}
06-11 21:56:54.705 D/rtk_heartbeat(  349): heartbeat_timed_out: heartbeatCmdCount = 5024, expected nextSeqNum = 5024
06-11 21:56:54.706 D/rtk_heartbeat(  349): rtkbt_heartbeat_cmpl_cback: Current SeqNum = 5024,should SeqNum=5024, status = 0
06-11 21:56:54.710 I/appium  (29947): channel read: GET /session/dc1eb5fd-9371-48e9-8003-caffe423eac9/appium/device/info
06-11 21:56:54.711 I/appium  (29947): GetDeviceInfo command
06-11 21:56:54.716 I/TetheringManager(29947): registerTetheringEventCallback:io.appium.uiautomator2.server
06-11 21:56:54.723 D/Glide   ( 1773): Finished loading Bitmap from LOCAL for com.bumptech.glide.gifdecoder.StandardGifDecoder@8b54719 with size [314x176] in 17.396209 ms
06-11 21:56:54.730 W/tomator2.serve(29947): Accessing hidden field Landroid/net/NetworkCapabilities;->mSignalStrength:I (greylist-max-p, reflection, allowed)
06-11 21:56:54.731 W/tomator2.serve(29947): Accessing hidden field Landroid/net/NetworkCapabilities;->mSSID:Ljava/lang/String; (greylist-max-o, reflection, allowed)
06-11 21:56:54.757 D/Glide   ( 1773): Finished loading Bitmap from LOCAL for com.bumptech.glide.gifdecoder.StandardGifDecoder@8b54719 with size [314x176] in 9.804208 ms
06-11 21:56:54.759 I/appium  (29947): AppiumResponse: {"sessionId":"dc1eb5fd-9371-48e9-8003-caffe423eac9","value":{"androidId":"407ddcfd393d8270","apiVersion":"30","bluetooth":{"state":"ON"},"brand":"Jio","carrierName":"","displayDensity":320,"locale":"en_IN","manufacturer":"Jio","model":"JMSB200A","networks":[{"capabilities":{"SSID":null,"linkDownBand
06-11 21:56:54.772 D/stbdpc  (  397): STB_DPGetNumPaths[570]: num_paths: 1
06-11 21:56:54.790 D/Glide   ( 1773): Finished loading Bitmap from LOCAL for com.bumptech.glide.gifdecoder.StandardGifDecoder@8b54719 with size [314x176] in 2.6902079999999997 ms
06-11 21:56:54.840 D/Glide   ( 1773): Finished loading Bitmap from LOCAL for com.bumptech.glide.gifdecoder.StandardGifDecoder@8b54719 with size [314x176] in 12.566041 ms
06-11 21:56:54.857 D/ltts_ip_emm(  397): LTTS_IP_DMXStartEMM[381]: parse_emm_cat_status failed
06-11 21:56:54.872 D/stbdpc  (  397): STB_DPGetNumPaths[570]: num_paths: 1
06-11 21:56:54.873 D/Glide   ( 1773): Finished loading Bitmap from LOCAL for com.bumptech.glide.gifdecoder.StandardGifDecoder@8b54719 with size [314x176] in 6.037417 ms
06-11 21:56:54.923 D/Glide   ( 1773): Finished loading Bitmap from LOCAL for com.bumptech.glide.gifdecoder.StandardGifDecoder@8b54719 with size [314x176] in 16.282042 ms
06-11 21:56:54.940 D/dvb_iptv(  397): ReadEmmNetworkTask[1537]: EMM Select Timeout Occured 45
06-11 21:56:54.957 D/Glide   ( 1773): Finished loading Bitmap from LOCAL for com.bumptech.glide.gifdecoder.StandardGifDecoder@8b54719 with size [314x176] in 9.96175 ms
06-11 21:56:54.972 D/stbdpc  (  397): STB_DPGetNumPaths[570]: num_paths: 1
06-11 21:56:54.990 D/Glide   ( 1773): Finished loading Bitmap from LOCAL for com.bumptech.glide.gifdecoder.StandardGifDecoder@8b54719 with size [314x176] in 2.848834 ms
06-11 21:56:55.041 D/Glide   ( 1773): Finished loading Bitmap from LOCAL for com.bumptech.glide.gifdecoder.StandardGifDecoder@8b54719 with size [314x176] in 13.198042 ms
06-11 21:56:55.072 D/stbdpc  (  397): STB_DPGetNumPaths[570]: num_paths: 1
06-11 21:56:55.074 D/Glide   ( 1773): Finished loading Bitmap from LOCAL for com.bumptech.glide.gifdecoder.StandardGifDecoder@8b54719 with size [314x176] in 5.451207999999999 ms
06-11 21:56:55.124 D/Glide   ( 1773): Finished loading Bitmap from LOCAL for com.bumptech.glide.gifdecoder.StandardGifDecoder@8b54719 with size [314x176] in 14.109499999999999 ms
06-11 21:56:55.157 D/Glide   ( 1773): Finished loading Bitmap from LOCAL for com.bumptech.glide.gifdecoder.StandardGifDecoder@8b54719 with size [314x176] in 6.418958 ms
06-11 21:56:55.172 D/stbdpc  (  397): STB_DPGetNumPaths[570]: num_paths: 1
06-11 21:56:55.178 D/[ 5046.331060@3]  logd(    0): logdr: UID=0 GID=0 PID=30000 b tail=0 logMask=99 pid=0 start=0ns timeout=0ns
06-11 21:56:55.182 D/[ 5046.332807@2]  logd(    0): Skipping 4294967295 entries from slow reader, pid 30000, from LogBuffer::kickMe()
06-11 21:56:55.207 D/Glide   ( 1773): Finished loading Bitmap from LOCAL for com.bumptech.glide.gifdecoder.StandardGifDecoder@8b54719 with size [314x176] in 16.277541 ms
06-11 21:56:55.241 D/Glide   ( 1773): Finished loading Bitmap from LOCAL for com.bumptech.glide.gifdecoder.StandardGifDecoder@8b54719 with size [314x176] in 9.234791999999999 ms
06-11 21:56:55.273 D/stbdpc  (  397): STB_DPGetNumPaths[570]: num_paths: 1
06-11 21:56:55.275 D/Glide   ( 1773): Finished loading Bitmap from LOCAL for com.bumptech.glide.gifdecoder.StandardGifDecoder@8b54719 with size [314x176] in 3.950958 ms
06-11 21:56:55.324 D/Glide   ( 1773): Finished loading Bitmap from LOCAL for com.bumptech.glide.gifdecoder.StandardGifDecoder@8b54719 with size [314x176] in 13.086915999999999 ms
06-11 21:56:55.357 D/Glide   ( 1773): Finished loading Bitmap from LOCAL for com.bumptech.glide.gifdecoder.StandardGifDecoder@8b54719 with size [314x176] in 5.812333 ms
06-11 21:56:55.373 D/stbdpc  (  397): STB_DPGetNumPaths[570]: num_paths: 1
06-11 21:56:55.386 D/JioAppOptimizer( 1722): AppOptimizerService :: handleMessage()
06-11 21:56:55.389 D/JioAppOptimizer( 1722): AppOptimizerService :: handleMessage() : Foreground Package=com.iwedia.ui.rjio.launcher.reliance
06-11 21:56:55.389 D/JioAppOptimizer( 1722): AppOptimizerService :: handleMessage() : Free memory available in MB : 708.7734375
06-11 21:56:55.389 D/JioAppOptimizer( 1722): AppOptimizerService :: handleMessage() : checkAndRemoveBackgroundApps()
06-11 21:56:55.389 D/JioAppOptimizer( 1722): AppOptimizerService :: checkAndRemoveBackgroundApps()
06-11 21:56:55.391 I/ActivityTaskManager(  633): START u0 {flg=0x10000000 cmp=in.startv.hotstar/com.hotstar.MainActivity} from uid 0
06-11 21:56:55.391 D/ActivityStarter(  633):  
06-11 21:56:55.391 D/ActivityStarter(  633): launchedPkgName :: in.startv.hotstar 
06-11 21:56:55.391 D/ActivityStarter(  633): callingPackage :: com.android.shell 
06-11 21:56:55.391 D/ActivityStarter(  633): callingUid :: 0 
06-11 21:56:55.391 D/ActivityStarter(  633): callingPid :: 30012
06-11 21:56:55.392 D/ActivityTaskManager(  633): OTHER app is launched
06-11 21:56:55.402 V/DigitalSignage(  633): Package Name: null
06-11 21:56:55.402 V/DigitalSignage(  633): Left: 0
06-11 21:56:55.402 V/DigitalSignage(  633): Right: 0
06-11 21:56:55.402 V/DigitalSignage(  633): Top: 0
06-11 21:56:55.402 V/DigitalSignage(  633): Bottom: 0
06-11 21:56:55.402 D/DigitalSignage(  633): else - Package Name :: null left : 0 right :: 0 top :: 0 bottom :: 0 dfu-right :: 1920 dfu-bottom :: 1080
06-11 21:56:55.408 I/cmd     (30012): oneway function results will be dropped but finished with status OK and parcel size 4
06-11 21:56:55.408 D/Glide   ( 1773): Finished loading Bitmap from LOCAL for com.bumptech.glide.gifdecoder.StandardGifDecoder@8b54719 with size [314x176] in 15.810708 ms
06-11 21:56:55.411 D/JioLauncher( 1773): package-unregisterReceiver-for-downloadFeedBackReceiver
06-11 21:56:55.411 D/JioLauncher( 1773): onPause called in PromotionFragment
06-11 21:56:55.413 D/JioLauncher( 1773): intro-activity-on-pause
06-11 21:56:55.413 D/JioLauncher( 1773): recommendation-pause-called-no-recommendation-call-in-progress-cancel-handler
06-11 21:56:55.413 D/JioLauncher( 1773): ipl-pause-called-no-ipl-call-in-progress-cancel-handler
06-11 21:56:55.413 D/JioLauncher( 1773): for-u-recommendation-api-call-remove
06-11 21:56:55.413 D/JioLauncher( 1773): ipl-promotion-pause-called-no-ads-call-in-progress-cancel-handler
06-11 21:56:55.414 D/JioLauncher( 1773): ThreadCount-91
06-11 21:56:55.414 D/JioLauncher( 1773): isInactivityPopupDisplaying-{"inactivity_status_modified_time":1420050609621,"inactivity_status":false,"inactivity_window_timeout":120000}
06-11 21:56:55.414 D/JioLauncher( 1773): inactivity_status-false- result-false
06-11 21:56:55.414 D/JioLauncher( 1773): overlay-removing-type-LIVE_TV_ALERT_TYPE  -isInactivityPopupDisplaying-false
06-11 21:56:55.414 D/JioLauncher( 1773): ThreadCount-91
06-11 21:56:55.415 D/JioLauncher( 1773): isInactivityPopupDisplaying-{"inactivity_status_modified_time":1420050609621,"inactivity_status":false,"inactivity_window_timeout":120000}
06-11 21:56:55.415 D/JioLauncher( 1773): inactivity_status-false- result-false
06-11 21:56:55.415 D/JioLauncher( 1773): block-apps 1 null false
06-11 21:56:55.415 D/JioLauncher( 1773): global-key-unblock-all-key
06-11 21:56:55.418 D/CompatibilityChangeReporter(  633): Compat change id reported: 135634846; UID 10072; state: DISABLED
06-11 21:56:55.418 D/JioLauncher( 1773): block-apps -1 null false
06-11 21:56:55.418 D/JioLauncher( 1773): global-key-block-all-key--others
06-11 21:56:55.419 D/CompatibilityChangeReporter(  633): Compat change id reported: 143937733; UID 10072; state: ENABLED
06-11 21:56:55.426 D/JioLauncher( 1773): promotion auto play stop true
06-11 21:56:55.440 D/dvb_iptv(  397): ReadEmmNetworkTask[1537]: EMM Select Timeout Occured 46
06-11 21:56:55.441 D/JioStbInactivityTimer(  926): Timer: count 631 warningTimeout:10680 timeout:10800
06-11 21:56:55.442 V/DigitalSignage(  633): Package Name: null
06-11 21:56:55.442 V/DigitalSignage(  633): Left: 0
06-11 21:56:55.442 V/DigitalSignage(  633): Right: 0
06-11 21:56:55.442 V/DigitalSignage(  633): Top: 0
06-11 21:56:55.442 V/DigitalSignage(  633): Bottom: 0
06-11 21:56:55.442 D/JioStbInactivityTimer(  926): isUserActive: Curr:4414283 Prev:4414283
06-11 21:56:55.442 D/DigitalSignage(  633): else - Package Name :: null left : 0 right :: 0 top :: 0 bottom :: 0 dfu-right :: 1920 dfu-bottom :: 1080
06-11 21:56:55.445 D/Glide   ( 1773): Finished loading Bitmap from LOCAL for com.bumptech.glide.gifdecoder.StandardGifDecoder@8b54719 with size [314x176] in 10.870459 ms
06-11 21:56:55.453 D/Zygote  (  324): Forked child process 30015
06-11 21:56:55.461 I/appium  (29947): channel read: POST /session/dc1eb5fd-9371-48e9-8003-caffe423eac9/element
06-11 21:56:55.463 I/appium  (29947): FindElement command
06-11 21:56:55.466 I/appium  (29947): method: 'xpath', selector: '//android.widget.ImageView[@resource-id='in.startv.hotstar:id/iv_profile']'
06-11 21:56:55.470 I/appium  (29947): Waiting up to 10000ms for the device to idle
06-11 21:56:55.471 W/ActivityManager(  633): Slow operation: 54ms so far, now at startProcess: returned from zygote!
06-11 21:56:55.472 W/ActivityManager(  633): Slow operation: 55ms so far, now at startProcess: done updating battery stats
06-11 21:56:55.472 W/ActivityManager(  633): Slow operation: 55ms so far, now at startProcess: building log message
06-11 21:56:55.472 I/ActivityManager(  633): Start proc 30015:in.startv.hotstar/u0a72 for pre-top-activity {in.startv.hotstar/com.hotstar.MainActivity}
06-11 21:56:55.472 W/ActivityManager(  633): Slow operation: 55ms so far, now at startProcess: starting to update pids map
06-11 21:56:55.472 W/ActivityManager(  633): Slow operation: 55ms so far, now at startProcess: done updating pids map
06-11 21:56:55.473 D/stbdpc  (  397): STB_DPGetNumPaths[570]: num_paths: 1
06-11 21:56:55.476 V/DigitalSignage(  633): Package Name: null
06-11 21:56:55.476 V/DigitalSignage(  633): Left: 0
06-11 21:56:55.476 V/DigitalSignage(  633): Right: 0
06-11 21:56:55.476 V/DigitalSignage(  633): Top: 0
06-11 21:56:55.476 V/DigitalSignage(  633): Bottom: 0
06-11 21:56:55.477 D/DigitalSignage(  633): else - Package Name :: null left : 0 right :: 0 top :: 0 bottom :: 0 dfu-right :: 1920 dfu-bottom :: 1080
06-11 21:56:55.481 I/adbd    (12860): jdwp connection from 30015
06-11 21:56:55.490 D/Glide   ( 1773): Finished loading Bitmap from LOCAL for com.bumptech.glide.gifdecoder.StandardGifDecoder@8b54719 with size [314x176] in 16.562124999999998 ms
06-11 21:56:55.495 D/ActivityTaskManager(  633): JioHomeManagerService :: ActivityRecord :: setState :: StateFrom :: INITIALIZING StateTo :: RESUMED 
06-11 21:56:55.504 V/DigitalSignage(  633): Package Name: null
06-11 21:56:55.504 V/DigitalSignage(  633): Left: 0
06-11 21:56:55.504 V/DigitalSignage(  633): Right: 0
06-11 21:56:55.504 V/DigitalSignage(  633): Top: 0
06-11 21:56:55.504 V/DigitalSignage(  633): Bottom: 0
06-11 21:56:55.504 D/DigitalSignage(  633): else - Package Name :: null left : 0 right :: 0 top :: 0 bottom :: 0 dfu-right :: 1920 dfu-bottom :: 1080
06-11 21:56:55.508 I/android.hardware.power-service.libperfmgr(  366): Power setBoost: INTERACTION duration: 0
06-11 21:56:55.508 I/libperfmgr(  366): Do Powerhint: INTERACTION
06-11 21:56:55.513 D/NetflixService(  969): onForegroundActivitiesChanged pid:30015,uid:10072,fg:true
06-11 21:56:55.516 D/ActivityManager(  633): JioHomeManagerService :: StateFrom :: INITIALIZING StateTo :: RESUMED Activity :: in.startv.hotstar/com.hotstar.MainActivity Action :: com.jio.remote.action.applaunch
06-11 21:56:55.518 D/NetflixService(  969): processName:com.netflix.ninja,importance:300
06-11 21:56:55.523 V/DigitalSignage(  633): Package Name: null
06-11 21:56:55.523 V/DigitalSignage(  633): Left: 0
06-11 21:56:55.523 V/DigitalSignage(  633): Right: 0
06-11 21:56:55.523 V/DigitalSignage(  633): Top: 0
06-11 21:56:55.523 V/DigitalSignage(  633): Bottom: 0
06-11 21:56:55.524 D/DigitalSignage(  633): else - Package Name :: null left : 0 right :: 0 top :: 0 bottom :: 0 dfu-right :: 1920 dfu-bottom :: 1080
06-11 21:56:55.539 D/Glide   ( 1773): Finished loading Bitmap from LOCAL for com.bumptech.glide.gifdecoder.StandardGifDecoder@8b54719 with size [314x176] in 24.0765 ms
06-11 21:56:55.541 D/NetworkSecurityConfig(30015): Using Network Security Config from resource network_security_config debugBuild: false
06-11 21:56:55.545 D/NetworkSecurityConfig(30015): Using Network Security Config from resource network_security_config debugBuild: false
06-11 21:56:55.560 D/Glide   ( 1773): Finished loading Bitmap from LOCAL for com.bumptech.glide.gifdecoder.StandardGifDecoder@8b54719 with size [314x176] in 4.969625 ms
06-11 21:56:55.573 D/stbdpc  (  397): STB_DPGetNumPaths[570]: num_paths: 1
06-11 21:56:55.577 D/SessionsDependencies(30015): Dependency to CRASHLYTICS added.
06-11 21:56:55.594 I/FirebaseApp(30015): Device unlocked: initializing all Firebase APIs for app [DEFAULT]
06-11 21:56:55.609 D/Glide   ( 1773): Finished loading Bitmap from LOCAL for com.bumptech.glide.gifdecoder.StandardGifDecoder@8b54719 with size [314x176] in 13.765666999999999 ms
06-11 21:56:55.618 D/FirebaseSessions(30015): Initializing Firebase Sessions SDK.
06-11 21:56:55.630 I/FirebaseCrashlytics(30015): Initializing Firebase Crashlytics 19.3.0 for in.startv.hotstar
06-11 21:56:55.635 W/GooglePlayServicesUtil(30015): in.startv.hotstar requires the Google Play Store, but it is missing.
06-11 21:56:55.635 E/DynamiteModule(30015): Invalid GmsCore APK, remote loading disabled.
06-11 21:56:55.635 I/DynamiteModule(30015): Considering local module com.google.android.gms.measurement.dynamite:127 and remote module com.google.android.gms.measurement.dynamite:0
06-11 21:56:55.637 I/DynamiteModule(30015): Selected local version of com.google.android.gms.measurement.dynamite
06-11 21:56:55.639 E/DynamiteModule(30015): Invalid GmsCore APK, remote loading disabled.
06-11 21:56:55.649 D/Glide   ( 1773): Finished loading Bitmap from LOCAL for com.bumptech.glide.gifdecoder.StandardGifDecoder@8b54719 with size [314x176] in 13.814874999999999 ms
06-11 21:56:55.650 W/FA      (30015): Failed to register event listener on calling thread. Trying again on the dynamite thread.
06-11 21:56:55.651 D/SessionsDependencies(30015): Subscriber CRASHLYTICS registered.
06-11 21:56:55.673 D/stbdpc  (  397): STB_DPGetNumPaths[570]: num_paths: 1
06-11 21:56:55.680 I/FA      (30015): App measurement initialized, version: 106000
06-11 21:56:55.680 I/FA      (30015): To enable debug logging run: adb shell setprop log.tag.FA VERBOSE
06-11 21:56:55.681 I/FA      (30015): To enable faster debug mode event logging run:
06-11 21:56:55.681 I/FA      (30015):   adb shell setprop debug.firebase.analytics.app in.startv.hotstar
06-11 21:56:55.690 D/LifecycleServiceBinder(30015): Binding service to application.
06-11 21:56:55.692 D/Glide   ( 1773): Finished loading Bitmap from LOCAL for com.bumptech.glide.gifdecoder.StandardGifDecoder@8b54719 with size [314x176] in 16.429208 ms
06-11 21:56:55.705 D/rtk_heartbeat(  349): heartbeat_timed_out: heartbeatCmdCount = 5025, expected nextSeqNum = 5025
06-11 21:56:55.708 D/rtk_heartbeat(  349): rtkbt_heartbeat_cmpl_cback: Current SeqNum = 5025,should SeqNum=5025, status = 0
06-11 21:56:55.721 I/FirebaseInitProvider(30015): FirebaseApp initialization successful
06-11 21:56:55.726 D/Glide   ( 1773): Finished loading Bitmap from LOCAL for com.bumptech.glide.gifdecoder.StandardGifDecoder@8b54719 with size [314x176] in 10.233374999999999 ms
06-11 21:56:55.736 I/JioBackgroundSchedulerService( 2899): Check schedule  
06-11 21:56:55.741 D/WM-WrkMgrInitializer(30015): Initializing WorkManager with default configuration.
06-11 21:56:55.752 I/TetheringManager(30015): registerTetheringEventCallback:in.startv.hotstar
06-11 21:56:55.767 E/DynamiteModule(30015): Invalid GmsCore APK, remote loading disabled.
06-11 21:56:55.768 I/DynamiteModule(30015): Considering local module com.google.android.gms.cast_tv_dynamite:1 and remote module com.google.android.gms.cast_tv_dynamite:0
06-11 21:56:55.768 I/DynamiteModule(30015): Selected local version of com.google.android.gms.cast_tv_dynamite
06-11 21:56:55.773 D/stbdpc  (  397): STB_DPGetNumPaths[570]: num_paths: 1
06-11 21:56:55.776 D/Glide   ( 1773): Finished loading Bitmap from LOCAL for com.bumptech.glide.gifdecoder.StandardGifDecoder@8b54719 with size [314x176] in 20.199709 ms
06-11 21:56:55.786 W/GooglePlayServicesUtil(30015): in.startv.hotstar requires the Google Play Store, but it is missing.
06-11 21:56:55.786 W/FA      (30015): Service invalid
06-11 21:56:55.810 D/Glide   ( 1773): Finished loading Bitmap from LOCAL for com.bumptech.glide.gifdecoder.StandardGifDecoder@8b54719 with size [314x176] in 13.868208 ms
06-11 21:56:55.831 I/AmFFmpegExtractor(  447): checkInList: isw:0, m:audio/mpeg, t:1, i:86017 t:0
06-11 21:56:55.832 I/AmFFmpegExtractor(  447): checkInList: isw:1, m:audio/mpeg, t:1, i:86017 t:0
06-11 21:56:55.832 E/AmFFmpegExtractor(  447): codec_ctx->properties: 0
06-11 21:56:55.832 I/AmFFmpegExtractor(  447): checkSupportInList ret 1
06-11 21:56:55.834 I/AmFFmpegExtractor(  447): checkInList: isw:0, m:audio/mpeg, t:1, i:86017 t:0
06-11 21:56:55.834 I/AmFFmpegExtractor(  447): checkInList: isw:1, m:audio/mpeg, t:1, i:86017 t:0
06-11 21:56:55.834 E/AmFFmpegExtractor(  447): codec_ctx->properties: 0
06-11 21:56:55.834 I/AmFFmpegExtractor(  447): checkSupportInList ret 0
06-11 21:56:55.834 E/AmFFmpegExtractor(  447): vendor do not support
06-11 21:56:55.836 E/Utils   (  447): did not find channel-count and/or sample-rate
06-11 21:56:55.846 I/AmAVUtils(30015): AmAVUtils, GITINFO : d32b3814175617bb24dd0965983e5642c803ab3a(drm.autobuild  Mon Oct 18 12:59:01 CST 2021)
06-11 21:56:55.847 I/AmAVUtils(30015): set profile 0 level:0
06-11 21:56:55.848 D/Glide   ( 1773): Finished loading Bitmap from LOCAL for com.bumptech.glide.gifdecoder.StandardGifDecoder@8b54719 with size [314x176] in 11.958292 ms
06-11 21:56:55.854 D/CCodec  (30015): allocate(c2.android.mp3.decoder)
06-11 21:56:55.856 I/Codec2Client(30015): Available Codec2 services: "software"
06-11 21:56:55.870 V/C2Store (  477): in init
06-11 21:56:55.870 V/C2Store (  477): loading dll
06-11 21:56:55.874 D/stbdpc  (  397): STB_DPGetNumPaths[570]: num_paths: 1
06-11 21:56:55.877 I/CCodec  (30015): Created component [c2.android.mp3.decoder]
06-11 21:56:55.881 D/CCodecConfig(30015): read media type: audio/mpeg
06-11 21:56:55.888 D/ReflectedParamUpdater(30015): extent() != 1 for single value type: algo.buffers.max-count.values
06-11 21:56:55.889 D/ReflectedParamUpdater(30015): extent() != 1 for single value type: output.subscribed-indices.values
06-11 21:56:55.889 D/ReflectedParamUpdater(30015): extent() != 1 for single value type: input.buffers.allocator-ids.values
06-11 21:56:55.889 D/ReflectedParamUpdater(30015): extent() != 1 for single value type: output.buffers.allocator-ids.values
06-11 21:56:55.890 D/ReflectedParamUpdater(30015): extent() != 1 for single value type: algo.buffers.allocator-ids.values
06-11 21:56:55.892 D/Glide   ( 1773): Finished loading Bitmap from LOCAL for com.bumptech.glide.gifdecoder.StandardGifDecoder@8b54719 with size [314x176] in 14.692499999999999 ms
06-11 21:56:55.893 D/ReflectedParamUpdater(30015): extent() != 1 for single value type: output.buffers.pool-ids.values
06-11 21:56:55.893 D/ReflectedParamUpdater(30015): extent() != 1 for single value type: algo.buffers.pool-ids.values
06-11 21:56:55.897 I/CCodecConfig(30015): query failed after returning 7 values (BAD_INDEX)
06-11 21:56:55.897 D/CCodecConfig(30015): c2 config diff is Dict {
06-11 21:56:55.897 D/CCodecConfig(30015):   c2::u32 coded.bitrate.value = 64000
06-11 21:56:55.897 D/CCodecConfig(30015):   c2::u32 input.buffers.max-size.value = 8192
06-11 21:56:55.897 D/CCodecConfig(30015):   c2::u32 input.delay.value = 0
06-11 21:56:55.897 D/CCodecConfig(30015):   string input.media-type.value = "audio/mpeg"
06-11 21:56:55.897 D/CCodecConfig(30015):   string output.media-type.value = "audio/raw"
06-11 21:56:55.897 D/CCodecConfig(30015):   c2::u32 raw.channel-count.value = 2
06-11 21:56:55.897 D/CCodecConfig(30015):   c2::u32 raw.sample-rate.value = 44100
06-11 21:56:55.897 D/CCodecConfig(30015): }
06-11 21:56:55.899 D/CCodec  (30015): [c2.android.mp3.decoder] buffers are bound to CCodec for this session
06-11 21:56:55.899 D/CCodecConfig(30015): no c2 equivalents for durationUs
06-11 21:56:55.899 D/CCodecConfig(30015): no c2 equivalents for track-id
06-11 21:56:55.899 D/CCodecConfig(30015): no c2 equivalents for encoder-delay
06-11 21:56:55.899 D/CCodecConfig(30015): no c2 equivalents for encoder-padding
06-11 21:56:55.899 D/CCodecConfig(30015): no c2 equivalents for flags
06-11 21:56:55.900 D/CCodecConfig(30015): c2 config diff is   c2::u32 raw.channel-count.value = 1
06-11 21:56:55.900 D/CCodecConfig(30015):   c2::u32 raw.sample-rate.value = 48000
06-11 21:56:55.902 W/Codec2Client(30015): query -- param skipped: index = 1107298332.
06-11 21:56:55.902 D/CCodec  (30015): setup formats input: AMessage(what = 0x00000000) = {
06-11 21:56:55.902 D/CCodec  (30015):   int32_t channel-count = 1
06-11 21:56:55.902 D/CCodec  (30015):   int32_t max-input-size = 8192
06-11 21:56:55.902 D/CCodec  (30015):   string mime = "audio/mpeg"
06-11 21:56:55.902 D/CCodec  (30015):   int32_t sample-rate = 48000
06-11 21:56:55.902 D/CCodec  (30015): } and output: AMessage(what = 0x00000000) = {
06-11 21:56:55.902 D/CCodec  (30015):   int32_t channel-count = 1
06-11 21:56:55.902 D/CCodec  (30015):   string mime = "audio/raw"
06-11 21:56:55.902 D/CCodec  (30015):   int32_t sample-rate = 48000
06-11 21:56:55.902 D/CCodec  (30015):   int32_t encoder-delay = 576
06-11 21:56:55.902 D/CCodec  (30015):   int32_t encoder-padding = 1152
06-11 21:56:55.902 D/CCodec  (30015): }
06-11 21:56:55.903 W/Codec2Client(30015): query -- param skipped: index = 1342179345.
06-11 21:56:55.903 W/Codec2Client(30015): query -- param skipped: index = 2415921170.
06-11 21:56:55.905 E/FMQ     (30015): grantorIdx must be less than 3
06-11 21:56:55.905 E/FMQ     (30015): grantorIdx must be less than 3
06-11 21:56:55.905 D/CCodecBufferChannel(30015): [c2.android.mp3.decoder#262] Created input block pool with allocatorID 16 => poolID 17 - OK (0)
06-11 21:56:55.907 E/FMQ     (  477): grantorIdx must be less than 3
06-11 21:56:55.907 E/FMQ     (  477): grantorIdx must be less than 3
06-11 21:56:55.908 I/CCodecBufferChannel(30015): [c2.android.mp3.decoder#262] Created output block pool with allocatorID 16 => poolID 79 - OK
06-11 21:56:55.909 D/CCodecBufferChannel(30015): [c2.android.mp3.decoder#262] Configured output block pool ids 79 => OK
06-11 21:56:55.910 E/ion     (30015): ioctl c0044901 failed with code -1: Inappropriate ioctl for device
06-11 21:56:55.912 D/ConnectivityService(  633): NetReassign [no changes]
06-11 21:56:55.913 V/DigitalSignage(  633): Package Name: null
06-11 21:56:55.914 V/DigitalSignage(  633): Left: 0
06-11 21:56:55.914 V/DigitalSignage(  633): Right: 0
06-11 21:56:55.914 V/DigitalSignage(  633): Top: 0
06-11 21:56:55.914 V/DigitalSignage(  633): Bottom: 0
06-11 21:56:55.914 D/DigitalSignage(  633): else - Package Name :: null left : 0 right :: 0 top :: 0 bottom :: 0 dfu-right :: 1920 dfu-bottom :: 1080
06-11 21:56:55.914 D/SimpleC2Component(  477): Using output block pool with poolID 79 => got 79 - 0
06-11 21:56:55.925 E/FMQ     (30015): grantorIdx must be less than 3
06-11 21:56:55.926 E/FMQ     (  477): grantorIdx must be less than 3
06-11 21:56:55.927 I/C2SoftMp3Dec(  477): Reconfiguring decoder: 0->48000 Hz, 0->1 channels
06-11 21:56:55.929 E/FMQ     (  477): grantorIdx must be less than 3
06-11 21:56:55.929 E/FMQ     (30015): grantorIdx must be less than 3
06-11 21:56:55.931 D/CCodecBuffers(30015): [c2.android.mp3.decoder#262:Output[N]] popFromStashAndRegister: output format changed to AMessage(what = 0x00000000) = {
06-11 21:56:55.931 D/CCodecBuffers(30015):   int32_t channel-count = 1
06-11 21:56:55.931 D/CCodecBuffers(30015):   string mime = "audio/raw"
06-11 21:56:55.931 D/CCodecBuffers(30015):   int32_t sample-rate = 48000
06-11 21:56:55.931 D/CCodecBuffers(30015):   int32_t encoder-delay = 576
06-11 21:56:55.931 D/CCodecBuffers(30015):   int32_t encoder-padding = 1152
06-11 21:56:55.931 D/CCodecBuffers(30015): }
06-11 21:56:55.931 E/BufferQueueProducer(  393): [com.iwedia.ui.rjio.launcher.reliance/com.iwedia.ui.rjio.launcher.ui.intro.IntroActivity#0](id:18900000089,api:0,p:-1,c:393) disconnect: not connected (req=1)
06-11 21:56:55.932 W/libEGL  ( 1773): EGLNativeWindowType 0xf4583c08 disconnect failed
06-11 21:56:55.936 V/DigitalSignage(  633): Package Name: null
06-11 21:56:55.936 V/DigitalSignage(  633): Left: 0
06-11 21:56:55.936 V/DigitalSignage(  633): Right: 0
06-11 21:56:55.936 V/DigitalSignage(  633): Top: 0
06-11 21:56:55.936 V/DigitalSignage(  633): Bottom: 0
06-11 21:56:55.936 D/DigitalSignage(  633): else - Package Name :: null left : 0 right :: 0 top :: 0 bottom :: 0 dfu-right :: 1920 dfu-bottom :: 1080
06-11 21:56:55.940 D/dvb_iptv(  397): ReadEmmNetworkTask[1537]: EMM Select Timeout Occured 47
06-11 21:56:55.948 I/ThermalService(  969): CPU temperatures: [63.100002]
06-11 21:56:55.953 I/appium  (29947): The following attributes will be included to the page source: [resource-id]
06-11 21:56:55.974 D/stbdpc  (  397): STB_DPGetNumPaths[570]: num_paths: 1
06-11 21:56:56.074 D/stbdpc  (  397): STB_DPGetNumPaths[570]: num_paths: 1
06-11 21:56:56.172 I/uncher.relianc( 1773): oneway function results will be dropped but finished with status OK and parcel size 4
06-11 21:56:56.174 D/stbdpc  (  397): STB_DPGetNumPaths[570]: num_paths: 1
06-11 21:56:56.178 I/e.swalekh.abct( 1359): oneway function results will be dropped but finished with status OK and parcel size 4
06-11 21:56:56.199 D/JioSTBMRServer-SERVICE( 3589): InetSocketAddress(InetAddress.getByName(inetAddress.hostAddress)-/192.168.1.255
06-11 21:56:56.199 D/JioSTBMRServer-SERVICE( 3589): #beacon:RKISBFJ60000097:0:false:0:1:SV=181024 , 192.168.1.255
06-11 21:56:56.215 D/JioSTBMRServer-SERVICE( 3589): InetSocketAddress(InetAddress.getByName(inetAddress.hostAddress)-/192.168.1.255
06-11 21:56:56.216 D/JioSTBMRServer-SERVICE( 3589): #broadcast IP:192.168.1.255
06-11 21:56:56.260 D/SessionLifecycleClient(30015): Queued message 1. Queue size 1
06-11 21:56:56.274 V/RootBeer(30015): b: a() [44] - /system/xbin/su binary detected!
06-11 21:56:56.274 D/stbdpc  (  397): STB_DPGetNumPaths[570]: num_paths: 1
06-11 21:56:56.307 I/FA      (30015): Tag Manager is not found and thus will not be used
06-11 21:56:56.309 W/GooglePlayServicesUtil(30015): Google Play services is missing.
06-11 21:56:56.310 D/SessionLifecycleService(30015): Service bound to new client on process 30015
06-11 21:56:56.317 I/Choreographer(30015): Skipped 34 frames!  The application may be doing too much work on its main thread.
06-11 21:56:56.340 V/DigitalSignage(  633): Package Name: null
06-11 21:56:56.340 V/DigitalSignage(  633): Left: 0
06-11 21:56:56.340 V/DigitalSignage(  633): Right: 0
06-11 21:56:56.340 V/DigitalSignage(  633): Top: 0
06-11 21:56:56.340 V/DigitalSignage(  633): Bottom: 0
06-11 21:56:56.340 D/DigitalSignage(  633): else - Package Name :: null left : 0 right :: 0 top :: 0 bottom :: 0 dfu-right :: 1920 dfu-bottom :: 1080
06-11 21:56:56.341 V/DigitalSignage(  633): Package Name: null
06-11 21:56:56.341 V/DigitalSignage(  633): Left: 0
06-11 21:56:56.341 V/DigitalSignage(  633): Right: 0
06-11 21:56:56.341 V/DigitalSignage(  633): Top: 0
06-11 21:56:56.341 V/DigitalSignage(  633): Bottom: 0
06-11 21:56:56.341 D/DigitalSignage(  633): else - Package Name :: null left : 0 right :: 0 top :: 0 bottom :: 0 dfu-right :: 1920 dfu-bottom :: 1080
06-11 21:56:56.343 D/SessionLifecycleService(30015): App has not yet foregrounded. Using previously stored session.
06-11 21:56:56.343 D/SessionLifecycleService(30015): Client android.os.Messenger@7c1bb05 bound at 5047464. Clients: 1
06-11 21:56:56.357 I/hwservicemanager(  233): getTransport: Cannot find entry android.hardware.configstore@1.0::ISurfaceFlingerConfigs/default in either framework or device manifest.
06-11 21:56:56.375 D/stbdpc  (  397): STB_DPGetNumPaths[570]: num_paths: 1
06-11 21:56:56.400 V/DigitalSignage(  633): Package Name: null
06-11 21:56:56.401 V/DigitalSignage(  633): Left: 0
06-11 21:56:56.401 V/DigitalSignage(  633): Right: 0
06-11 21:56:56.401 V/DigitalSignage(  633): Top: 0
06-11 21:56:56.401 V/DigitalSignage(  633): Bottom: 0
06-11 21:56:56.401 D/DigitalSignage(  633): else - Package Name :: null left : 0 right :: 0 top :: 0 bottom :: 0 dfu-right :: 1920 dfu-bottom :: 1080
06-11 21:56:56.401 V/DigitalSignage(  633): Package Name: null
06-11 21:56:56.401 V/DigitalSignage(  633): Left: 0
06-11 21:56:56.401 V/DigitalSignage(  633): Right: 0
06-11 21:56:56.401 V/DigitalSignage(  633): Top: 0
06-11 21:56:56.401 V/DigitalSignage(  633): Bottom: 0
06-11 21:56:56.401 D/DigitalSignage(  633): else - Package Name :: null left : 0 right :: 0 top :: 0 bottom :: 0 dfu-right :: 1920 dfu-bottom :: 1080
06-11 21:56:56.403 V/DigitalSignage(  633): Package Name: null
06-11 21:56:56.403 V/DigitalSignage(  633): Left: 0
06-11 21:56:56.403 V/DigitalSignage(  633): Right: 0
06-11 21:56:56.403 V/DigitalSignage(  633): Top: 0
06-11 21:56:56.403 V/DigitalSignage(  633): Bottom: 0
06-11 21:56:56.403 D/DigitalSignage(  633): else - Package Name :: null left : 0 right :: 0 top :: 0 bottom :: 0 dfu-right :: 1920 dfu-bottom :: 1080
06-11 21:56:56.403 V/DigitalSignage(  633): Package Name: null
06-11 21:56:56.403 V/DigitalSignage(  633): Left: 0
06-11 21:56:56.403 V/DigitalSignage(  633): Right: 0
06-11 21:56:56.403 V/DigitalSignage(  633): Top: 0
06-11 21:56:56.403 V/DigitalSignage(  633): Bottom: 0
06-11 21:56:56.404 D/DigitalSignage(  633): else - Package Name :: null left : 0 right :: 0 top :: 0 bottom :: 0 dfu-right :: 1920 dfu-bottom :: 1080
06-11 21:56:56.420 V/DigitalSignage(  633): Package Name: null
06-11 21:56:56.420 V/DigitalSignage(  633): Left: 0
06-11 21:56:56.420 V/DigitalSignage(  633): Right: 0
06-11 21:56:56.420 V/DigitalSignage(  633): Top: 0
06-11 21:56:56.420 V/DigitalSignage(  633): Bottom: 0
06-11 21:56:56.420 D/DigitalSignage(  633): else - Package Name :: null left : 0 right :: 0 top :: 0 bottom :: 0 dfu-right :: 1920 dfu-bottom :: 1080
06-11 21:56:56.420 V/DigitalSignage(  633): Package Name: null
06-11 21:56:56.420 V/DigitalSignage(  633): Left: 0
06-11 21:56:56.421 V/DigitalSignage(  633): Right: 0
06-11 21:56:56.422 D/CCodecBufferChannel(30015): [c2.android.mp3.decoder#262] MediaCodec discarded an unknown buffer
06-11 21:56:56.422 D/CCodecBufferChannel(30015): [c2.android.mp3.decoder#262] MediaCodec discarded an unknown buffer
06-11 21:56:56.424 I/android.hardware.power-service.libperfmgr(  366): Power setBoost: INTERACTION duration: 0
06-11 21:56:56.424 I/libperfmgr(  366): Do Powerhint: INTERACTION
06-11 21:56:56.426 V/DigitalSignage(  633): Top: 0
06-11 21:56:56.426 I/tomator2.serve(29947): Background young concurrent copying GC freed 35766(1874KB) AllocSpace objects, 9(736KB) LOS objects, 0% free, 10MB/10MB, paused 8.648ms total 154.578ms
06-11 21:56:56.426 V/DigitalSignage(  633): Bottom: 0
06-11 21:56:56.426 D/DigitalSignage(  633): else - Package Name :: null left : 0 right :: 0 top :: 0 bottom :: 0 dfu-right :: 1920 dfu-bottom :: 1080
06-11 21:56:56.432 D/SessionLifecycleClient(30015): Connected to SessionLifecycleService. Queue size 1
06-11 21:56:56.434 I/hw-BpHwBinder(30015): onLastStrongRef automatically unlinking death recipients
