--------- beginning of system
06-11 21:15:00.095 W/WindowManager(  633): removeWindowToken: Attempted to remove non-existing token: android.os.Binder@758ae19
--------- beginning of kernel
06-11 21:15:00.182 W/[ 2531.332674@1]  RTW(    0): fill_default_txdesc(wlan0): SP Packet(0x0806) rate=0x4 SeqNum = 1794
--------- beginning of main
06-11 21:15:00.186 D/stbdpc  (  397): STB_DPGetNumPaths[570]: num_paths: 1
06-11 21:15:00.251 W/llkd    (  517): type=1400 audit(0.0:3258): avc: denied { ptrace } for scontext=u:r:llkd:s0 tcontext=u:r:kernel:s0 tclass=process permissive=0
06-11 21:15:00.255 I/chatty  (  517): uid=1070(llkd) /system/bin/llkd identical 3 lines
06-11 21:15:00.255 W/llkd    (  517): type=1400 audit(0.0:3262): avc: denied { ptrace } for scontext=u:r:llkd:s0 tcontext=u:r:kernel:s0 tclass=process permissive=0
06-11 21:15:00.286 D/stbdpc  (  397): STB_DPGetNumPaths[570]: num_paths: 1
06-11 21:15:00.303 D/dvb_iptv(  397): ReadEmmNetworkTask[1537]: EMM Select Timeout Occured 41
06-11 21:15:00.382 E/WifiVendorHal(  633): getWifiLinkLayerStats_1_3_Internal(l.973) failed {.code = ERROR_UNKNOWN, .description = unknown error}
06-11 21:15:00.386 D/stbdpc  (  397): STB_DPGetNumPaths[570]: num_paths: 1
06-11 21:15:00.487 D/stbdpc  (  397): STB_DPGetNumPaths[570]: num_paths: 1
06-11 21:15:00.487 W/livelock(  517): sample 1.312s
06-11 21:15:00.584 E/JTCLOG  ( 3612): JuiceModel -> onFailure to get Account Info java.net.SocketTimeoutException: failed to connect to /192.168.1.1 (port 7443) from /192.168.1.23 (port 54096) after 10000ms
06-11 21:15:00.587 I/JTCLOG  ( 3612): StateHandler -> GET_FLN_FAILED
06-11 21:15:00.587 D/stbdpc  (  397): STB_DPGetNumPaths[570]: num_paths: 1
06-11 21:15:00.599 I/JTCLOG  ( 3612): JuicePresenter -> GET_FLN_FAILED
06-11 21:15:00.600 I/JTCLOG  ( 3612): JtcForegroundService ->FLN Not Found -> Retry after every 30 seconds
06-11 21:15:00.600 I/JTCLOG  ( 3612): JuicePresenter -> GET_FLN_FAILED
06-11 21:15:00.677 D/ltts_ip_emm(  397): LTTS_IP_DMXStartEMM[381]: parse_emm_cat_status failed
06-11 21:15:00.687 D/stbdpc  (  397): STB_DPGetNumPaths[570]: num_paths: 1
06-11 21:15:00.787 D/stbdpc  (  397): STB_DPGetNumPaths[570]: num_paths: 1
06-11 21:15:00.803 D/dvb_iptv(  397): ReadEmmNetworkTask[1537]: EMM Select Timeout Occured 42
06-11 21:15:00.887 D/stbdpc  (  397): STB_DPGetNumPaths[570]: num_paths: 1
--------- beginning of crash
06-11 21:15:01.013 F/linker  (16063): CANNOT LINK EXECUTABLE "/system/bin/smartcable/smartCableSTBApp": library "libmosquitto.so" not found: needed by main executable
06-11 21:15:00.987 D/stbdpc  (  397): STB_DPGetNumPaths[570]: num_paths: 1
06-11 21:15:01.072 D/rtk_heartbeat(  349): heartbeat_timed_out: heartbeatCmdCount = 2511, expected nextSeqNum = 2511
06-11 21:15:01.073 D/rtk_heartbeat(  349): rtkbt_heartbeat_cmpl_cback: Current SeqNum = 2511,should SeqNum=2511, status = 0
06-11 21:15:01.077 D/JioStbInactivityTimer(  926): Timer: count 111 warningTimeout:10680 timeout:10800
06-11 21:15:01.077 D/JioStbInactivityTimer(  926): isUserActive: Curr:2419842 Prev:2419842
06-11 21:15:01.088 D/stbdpc  (  397): STB_DPGetNumPaths[570]: num_paths: 1
06-11 21:15:01.188 I/chatty  (  397): uid=0(root) DK-SiCntrl identical 1 line
06-11 21:15:01.288 D/stbdpc  (  397): STB_DPGetNumPaths[570]: num_paths: 1
06-11 21:15:01.303 D/dvb_iptv(  397): ReadEmmNetworkTask[1537]: EMM Select Timeout Occured 43
06-11 21:15:01.388 D/stbdpc  (  397): STB_DPGetNumPaths[570]: num_paths: 1
06-11 21:15:01.589 I/chatty  (  397): uid=0(root) DK-SiCntrl identical 2 lines
06-11 21:15:01.689 D/stbdpc  (  397): STB_DPGetNumPaths[570]: num_paths: 1
06-11 21:15:01.715 I/ThermalService(  969): CPU temperatures: [61.9]
06-11 21:15:01.789 D/stbdpc  (  397): STB_DPGetNumPaths[570]: num_paths: 1
06-11 21:15:01.803 D/dvb_iptv(  397): ReadEmmNetworkTask[1537]: EMM Select Timeout Occured 44
06-11 21:15:01.889 D/stbdpc  (  397): STB_DPGetNumPaths[570]: num_paths: 1
06-11 21:15:01.891 I/thermal2(  367): Sending notification:  Type: CPU Name: soc_thermal CurrentValue: 62 ThrottlingStatus: NONE
06-11 21:15:01.907 I/om.hoichoi.mit(15845): oneway function results will be dropped but finished with status OK and parcel size 4
06-11 21:15:01.911 I/e.swalekh.abct( 1359): oneway function results will be dropped but finished with status OK and parcel size 4
06-11 21:15:01.918 D/JioSTBMRServer-SERVICE( 3589): InetSocketAddress(InetAddress.getByName(inetAddress.hostAddress)-/192.168.1.255
06-11 21:15:01.918 D/JioSTBMRServer-SERVICE( 3589): #beacon:RKISBFJ60000097:0:false:0:1:SV=181024 , 192.168.1.255
06-11 21:15:01.923 D/JioSTBMRServer-SERVICE( 3589): InetSocketAddress(InetAddress.getByName(inetAddress.hostAddress)-/192.168.1.255
06-11 21:15:01.923 D/JioSTBMRServer-SERVICE( 3589): #broadcast IP:192.168.1.255
06-11 21:15:01.990 D/stbdpc  (  397): STB_DPGetNumPaths[570]: num_paths: 1
06-11 21:15:02.072 D/rtk_heartbeat(  349): heartbeat_timed_out: heartbeatCmdCount = 2512, expected nextSeqNum = 2512
06-11 21:15:02.074 D/rtk_heartbeat(  349): rtkbt_heartbeat_cmpl_cback: Current SeqNum = 2512,should SeqNum=2512, status = 0
06-11 21:15:02.077 D/JioStbInactivityTimer(  926): Timer: count 112 warningTimeout:10680 timeout:10800
06-11 21:15:02.077 D/JioStbInactivityTimer(  926): isUserActive: Curr:2419842 Prev:2419842
06-11 21:15:02.090 D/stbdpc  (  397): STB_DPGetNumPaths[570]: num_paths: 1
06-11 21:15:02.190 D/stbdpc  (  397): STB_DPGetNumPaths[570]: num_paths: 1
06-11 21:15:02.277 D/JioAppOptimizer( 1722): AppOptimizerService :: handleMessage()
06-11 21:15:02.280 D/JioAppOptimizer( 1722): AppOptimizerService :: handleMessage() : Foreground Package=com.hoichoi.mitv
06-11 21:15:02.280 D/JioAppOptimizer( 1722): AppOptimizerService :: handleMessage() : Free memory available in MB : 678.0703125
06-11 21:15:02.280 D/JioAppOptimizer( 1722): AppOptimizerService :: handleMessage() : checkAndRemoveBackgroundApps()
06-11 21:15:02.280 D/JioAppOptimizer( 1722): AppOptimizerService :: checkAndRemoveBackgroundApps()
06-11 21:15:02.290 D/stbdpc  (  397): STB_DPGetNumPaths[570]: num_paths: 1
06-11 21:15:02.303 D/dvb_iptv(  397): ReadEmmNetworkTask[1537]: EMM Select Timeout Occured 45
06-11 21:15:02.390 D/stbdpc  (  397): STB_DPGetNumPaths[570]: num_paths: 1
06-11 21:15:02.490 I/chatty  (  397): uid=0(root) DK-SiCntrl identical 1 line
06-11 21:15:02.591 D/stbdpc  (  397): STB_DPGetNumPaths[570]: num_paths: 1
06-11 21:15:02.677 D/ltts_ip_emm(  397): LTTS_IP_DMXStartEMM[381]: parse_emm_cat_status failed
06-11 21:15:02.691 D/stbdpc  (  397): STB_DPGetNumPaths[570]: num_paths: 1
06-11 21:15:02.791 D/stbdpc  (  397): STB_DPGetNumPaths[570]: num_paths: 1
06-11 21:15:02.804 D/dvb_iptv(  397): ReadEmmNetworkTask[1537]: EMM Select Timeout Occured 46
06-11 21:15:02.891 D/stbdpc  (  397): STB_DPGetNumPaths[570]: num_paths: 1
06-11 21:15:02.939 D/JioLauncher( 1773): overlay status check for wifi and bt remote false false
06-11 21:15:02.945 D/Match code1( 1439): 2
06-11 21:15:02.945 D/JIO_TR069-( 1439): Predefined List [com.jio.stb.catv, com.rjil.jiostbsetting, com.iwedia.ui.rjio.launcher.reliance, com.jio.stb.hotellauncher, com.jio.media.oberoi, com.jio.ott]
06-11 21:15:02.951 D/JIO_TR069-( 1439): Caller Package com.iwedia.ui.rjio.launcher.reliance
06-11 21:15:02.951 D/JIO_TR069-( 1439): White Listed Apps []
06-11 21:15:02.951 D/JIO_TR069-( 1439): Final White Listed Apps [com.jio.stb.catv, com.rjil.jiostbsetting, com.iwedia.ui.rjio.launcher.reliance, com.jio.stb.hotellauncher, com.jio.media.oberoi, com.jio.ott, ]
06-11 21:15:02.955 D/JioLauncher( 1773): network-type-------NonJioNetwork
06-11 21:15:02.965 D/JioLauncher( 1773): live-tv-previousIp-[/fe80::1%wlan0, /192.168.1.1]-newHost-[/fe80::1%wlan0, /192.168.1.1]
06-11 21:15:02.991 D/stbdpc  (  397): STB_DPGetNumPaths[570]: num_paths: 1
06-11 21:15:03.073 D/rtk_heartbeat(  349): heartbeat_timed_out: heartbeatCmdCount = 2513, expected nextSeqNum = 2513
06-11 21:15:03.074 D/rtk_heartbeat(  349): rtkbt_heartbeat_cmpl_cback: Current SeqNum = 2513,should SeqNum=2513, status = 0
06-11 21:15:03.077 D/JioStbInactivityTimer(  926): Timer: count 113 warningTimeout:10680 timeout:10800
06-11 21:15:03.078 D/JioStbInactivityTimer(  926): isUserActive: Curr:2419842 Prev:2419842
06-11 21:15:03.092 D/stbdpc  (  397): STB_DPGetNumPaths[570]: num_paths: 1
06-11 21:15:03.118 D/[ 2534.271388@0]  logd(    0): logdr: UID=0 GID=0 PID=16081 b tail=0 logMask=99 pid=0 start=0ns timeout=0ns
06-11 21:15:03.120 I/ActivityTaskManager(  633): START u0 {flg=0x10000000 cmp=com.discoveryplus.tv.jiotv/com.discoveryplus.tv.ui.DPlusJioTvActivity} from uid 0
06-11 21:15:03.121 D/ActivityStarter(  633):  
06-11 21:15:03.121 D/ActivityStarter(  633): launchedPkgName :: com.discoveryplus.tv.jiotv 
06-11 21:15:03.121 D/ActivityStarter(  633): callingPackage :: com.android.shell 
06-11 21:15:03.121 D/ActivityStarter(  633): callingUid :: 0 
06-11 21:15:03.121 D/ActivityStarter(  633): callingPid :: 16083
06-11 21:15:03.121 D/ActivityTaskManager(  633): OTHER app is launched
06-11 21:15:03.155 V/DigitalSignage(  633): Package Name: null
06-11 21:15:03.156 V/DigitalSignage(  633): Left: 0
06-11 21:15:03.156 V/DigitalSignage(  633): Right: 0
06-11 21:15:03.156 V/DigitalSignage(  633): Top: 0
06-11 21:15:03.156 V/DigitalSignage(  633): Bottom: 0
06-11 21:15:03.156 D/DigitalSignage(  633): else - Package Name :: null left : 0 right :: 0 top :: 0 bottom :: 0 dfu-right :: 1920 dfu-bottom :: 1080
06-11 21:15:03.161 I/cmd     (16083): oneway function results will be dropped but finished with status OK and parcel size 4
06-11 21:15:03.174 D/CompatibilityChangeReporter(  633): Compat change id reported: 135634846; UID 10084; state: DISABLED
06-11 21:15:03.174 D/CompatibilityChangeReporter(  633): Compat change id reported: 143937733; UID 10084; state: ENABLED
06-11 21:15:03.192 D/stbdpc  (  397): STB_DPGetNumPaths[570]: num_paths: 1
06-11 21:15:03.203 D/Zygote  (  324): Forked child process 16088
06-11 21:15:03.213 I/ActivityManager(  633): Start proc 16088:com.discoveryplus.tv.jiotv/u0a84 for pre-top-activity {com.discoveryplus.tv.jiotv/com.discoveryplus.tv.ui.DPlusJioTvActivity}
06-11 21:15:03.230 I/adbd    (12860): jdwp connection from 16088
06-11 21:15:03.260 D/ActivityTaskManager(  633): JioHomeManagerService :: ActivityRecord :: setState :: StateFrom :: INITIALIZING StateTo :: RESUMED 
06-11 21:15:03.269 D/memtrack_aml(  363): sysfs path
06-11 21:15:03.271 D/ActivityManager(  633): JioHomeManagerService :: StateFrom :: INITIALIZING StateTo :: RESUMED Activity :: com.discoveryplus.tv.jiotv/com.discoveryplus.tv.ui.DPlusJioTvActivity Action :: com.jio.remote.action.applaunch
06-11 21:15:03.271 D/NetflixService(  969): onForegroundActivitiesChanged pid:16088,uid:10084,fg:true
06-11 21:15:03.276 D/NetflixService(  969): processName:com.netflix.ninja,importance:300
06-11 21:15:03.287 V/DigitalSignage(  633): Package Name: null
06-11 21:15:03.287 V/DigitalSignage(  633): Left: 0
06-11 21:15:03.287 V/DigitalSignage(  633): Right: 0
06-11 21:15:03.287 V/DigitalSignage(  633): Top: 0
06-11 21:15:03.287 V/DigitalSignage(  633): Bottom: 0
06-11 21:15:03.288 D/DigitalSignage(  633): else - Package Name :: null left : 0 right :: 0 top :: 0 bottom :: 0 dfu-right :: 1920 dfu-bottom :: 1080
06-11 21:15:03.292 D/stbdpc  (  397): STB_DPGetNumPaths[570]: num_paths: 1
06-11 21:15:03.304 D/dvb_iptv(  397): ReadEmmNetworkTask[1537]: EMM Select Timeout Occured 47
06-11 21:15:03.305 E/ActivityThread(15845): Failed to find provider info for com.google.android.gms.phenotype
06-11 21:15:03.320 V/DigitalSignage(  633): Package Name: null
06-11 21:15:03.320 V/DigitalSignage(  633): Left: 0
06-11 21:15:03.320 V/DigitalSignage(  633): Right: 0
06-11 21:15:03.320 V/DigitalSignage(  633): Top: 0
06-11 21:15:03.320 V/DigitalSignage(  633): Bottom: 0
06-11 21:15:03.320 D/DigitalSignage(  633): else - Package Name :: null left : 0 right :: 0 top :: 0 bottom :: 0 dfu-right :: 1920 dfu-bottom :: 1080
06-11 21:15:03.333 I/android.hardware.power-service.libperfmgr(  366): Power setBoost: INTERACTION duration: 0
06-11 21:15:03.333 I/libperfmgr(  366): Do Powerhint: INTERACTION
06-11 21:15:03.345 V/DigitalSignage(  633): Package Name: null
06-11 21:15:03.345 V/DigitalSignage(  633): Left: 0
06-11 21:15:03.346 V/DigitalSignage(  633): Right: 0
06-11 21:15:03.346 V/DigitalSignage(  633): Top: 0
06-11 21:15:03.346 V/DigitalSignage(  633): Bottom: 0
06-11 21:15:03.346 D/DigitalSignage(  633): else - Package Name :: null left : 0 right :: 0 top :: 0 bottom :: 0 dfu-right :: 1920 dfu-bottom :: 1080
06-11 21:15:03.348 D/NetworkSecurityConfig(16088): Using Network Security Config from resource jio_network_security_config debugBuild: false
06-11 21:15:03.350 D/NetworkSecurityConfig(16088): Using Network Security Config from resource jio_network_security_config debugBuild: false
06-11 21:15:03.391 E/WifiVendorHal(  633): getWifiLinkLayerStats_1_3_Internal(l.973) failed {.code = ERROR_UNKNOWN, .description = unknown error}
06-11 21:15:03.392 D/stbdpc  (  397): STB_DPGetNumPaths[570]: num_paths: 1
06-11 21:15:03.492 I/chatty  (  397): uid=0(root) DK-SiCntrl identical 1 line
06-11 21:15:03.593 D/stbdpc  (  397): STB_DPGetNumPaths[570]: num_paths: 1
06-11 21:15:03.637 I/FirebaseApp(16088): Device unlocked: initializing all Firebase APIs for app [DEFAULT]
06-11 21:15:03.679 W/DynamiteModule(16088): Local module descriptor class for com.google.android.gms.measurement.dynamite not found.
06-11 21:15:03.689 W/GooglePlayServicesUtil(16088): com.discoveryplus.tv.jiotv requires the Google Play Store, but it is missing.
06-11 21:15:03.690 E/DynamiteModule(16088): Invalid GmsCore APK, remote loading disabled.
06-11 21:15:03.690 I/DynamiteModule(16088): Considering local module com.google.android.gms.measurement.dynamite:0 and remote module com.google.android.gms.measurement.dynamite:0
06-11 21:15:03.691 W/FA      (16088): Data collection startup failed. No data will be collected.
06-11 21:15:03.691 W/FA      (16088): com.google.android.gms.dynamite.DynamiteModule$a: No acceptable module com.google.android.gms.measurement.dynamite found. Local version is 0 and remote version is 0.
06-11 21:15:03.691 W/FA      (16088): 	at com.google.android.gms.dynamite.DynamiteModule.c(com.google.android.gms:play-services-basement@@18.3.0:734)
06-11 21:15:03.691 W/FA      (16088): 	at k7.k.a(com.google.android.gms:play-services-measurement-sdk-api@@22.0.0:69)
06-11 21:15:03.691 W/FA      (16088): 	at k7.l$a.run(com.google.android.gms:play-services-measurement-sdk-api@@22.0.0:11)
06-11 21:15:03.691 W/FA      (16088): 	at java.util.concurrent.ThreadPoolExecutor.runWorker(ThreadPoolExecutor.java:1167)
06-11 21:15:03.691 W/FA      (16088): 	at java.util.concurrent.ThreadPoolExecutor$Worker.run(ThreadPoolExecutor.java:641)
06-11 21:15:03.691 W/FA      (16088): 	at java.lang.Thread.run(Thread.java:923)
06-11 21:15:03.691 W/FA      (16088): Failed to connect to measurement client.
06-11 21:15:03.693 D/stbdpc  (  397): STB_DPGetNumPaths[570]: num_paths: 1
06-11 21:15:03.703 W/Metadata(16088): Failed to find package android.content.pm.PackageManager$NameNotFoundException: com.google.android.gms
06-11 21:15:03.706 E/FirebaseInstanceId(16088): Google Play services missing or without correct permission.
06-11 21:15:03.717 V/DigitalSignage(  633): Package Name: null
06-11 21:15:03.717 V/DigitalSignage(  633): Left: 0
06-11 21:15:03.717 V/DigitalSignage(  633): Right: 0
06-11 21:15:03.717 V/DigitalSignage(  633): Top: 0
06-11 21:15:03.717 V/DigitalSignage(  633): Bottom: 0
06-11 21:15:03.718 D/DigitalSignage(  633): else - Package Name :: null left : 0 right :: 0 top :: 0 bottom :: 0 dfu-right :: 1920 dfu-bottom :: 1080
06-11 21:15:03.721 V/DigitalSignage(  633): Package Name: null
06-11 21:15:03.721 V/DigitalSignage(  633): Left: 0
06-11 21:15:03.721 V/DigitalSignage(  633): Right: 0
06-11 21:15:03.721 V/DigitalSignage(  633): Top: 0
06-11 21:15:03.721 V/DigitalSignage(  633): Bottom: 0
06-11 21:15:03.721 D/DigitalSignage(  633): else - Package Name :: null left : 0 right :: 0 top :: 0 bottom :: 0 dfu-right :: 1920 dfu-bottom :: 1080
06-11 21:15:03.731 I/ThermalService(  969): CPU temperatures: [65.200005]
06-11 21:15:03.734 E/BufferQueueProducer(  393): [com.hoichoi.mitv/com.viewlift.hoichoi.ui.HomeActivity#0](id:1890000004c,api:0,p:-1,c:393) disconnect: not connected (req=1)
06-11 21:15:03.735 W/libEGL  (15845): EGLNativeWindowType 0xc8ec4408 disconnect failed
06-11 21:15:03.738 V/DigitalSignage(  633): Package Name: null
06-11 21:15:03.738 V/DigitalSignage(  633): Left: 0
06-11 21:15:03.738 V/DigitalSignage(  633): Right: 0
06-11 21:15:03.738 V/DigitalSignage(  633): Top: 0
06-11 21:15:03.738 V/DigitalSignage(  633): Bottom: 0
06-11 21:15:03.738 D/DigitalSignage(  633): else - Package Name :: null left : 0 right :: 0 top :: 0 bottom :: 0 dfu-right :: 1920 dfu-bottom :: 1080
06-11 21:15:03.760 D/FirebaseSessions(16088): Initializing Firebase Sessions SDK.
06-11 21:15:03.762 D/FirebaseSessions(16088): No Sessions subscribers. Not listening to lifecycle events.
06-11 21:15:03.766 I/FirebaseInitProvider(16088): FirebaseApp initialization successful
06-11 21:15:03.776 W/GooglePlayServicesUtil(16088): com.discoveryplus.tv.jiotv requires the Google Play Store, but it is missing.
06-11 21:15:03.790 D/WM-WrkMgrInitializer(16088): Initializing WorkManager with default configuration.
06-11 21:15:03.793 D/stbdpc  (  397): STB_DPGetNumPaths[570]: num_paths: 1
06-11 21:15:03.800 I/TetheringManager(16088): registerTetheringEventCallback:com.discoveryplus.tv.jiotv
06-11 21:15:03.802 D/BluetoothAdapter( 3050): isLeEnabled(): ON
06-11 21:15:03.804 D/dvb_iptv(  397): ReadEmmNetworkTask[1537]: EMM Select Timeout Occured 48
06-11 21:15:03.810 D/BluetoothAdapter( 3050): isLeEnabled(): ON
06-11 21:15:03.826 D/BluetoothAdapterService(  764): getAdapterService() - returning com.android.bluetooth.btservice.AdapterService@cf08a1b
06-11 21:15:03.837 W/G5.a    (16088): Unable to load JDK7 types (annotations, java.nio.file.Path): no Java7 support added
06-11 21:15:03.893 D/stbdpc  (  397): STB_DPGetNumPaths[570]: num_paths: 1
06-11 21:15:03.911 I/thermal2(  367): Sending notification:  Type: CPU Name: soc_thermal CurrentValue: 65.8 ThrottlingStatus: LIGHT
06-11 21:15:03.949 E/newrelic(16088): setEntity_guid: invalid entity guid value!
06-11 21:15:03.975 I/newrelic(16088): Loaded configuration: HarvestConfiguration{collect_network_errors=true, cross_process_id='null', data_report_period=60, data_token=[1120107382, 1120338721], error_limit=50, report_max_transaction_age=600, report_max_transaction_count=1000, response_body_limit=2048, server_timestamp=0, stack_trace_limit=100, activity_trace_max_size=65535, activity_trace_max_report_attempts=1, activity_trace_min_utilization=0.30000001192092896, at_capture=ActivityTraceConfiguration{maxTotalTraceCount=1}, priority_encoding_key=d67afc830dab717fd163bfcb0b8b88423e9a1a3b, account_id=3582066, application_id=, trusted_account_key=2006878, entity_guid=MzU4MjA2NnxNT0JJTEV8QVBQTElDQVRJT058MTEyMDEwNzM4Mg, remote_configuration=com.newrelic.agent.android.RemoteConfiguration@d44d383, request_headers_map={NR-Session=BgrPkoYR28qgADaockLHAyEAAAEBLCQoAAAAHQECBELDe3bIAAAAAWdjwgADAAU3LjYuMAAAAApkaXNjb3Zlcnkr, NR-AgentConfiguration=AQAAAY+CfOAI}}
06-11 21:15:03.977 D/newrelic(16088): Using application version 4.0.4
06-11 21:15:03.978 D/newrelic(16088): Using application name discovery+
06-11 21:15:03.978 D/newrelic(16088): Using build 176
06-11 21:15:03.983 I/newrelic(16088): Application state monitor has started
06-11 21:15:03.993 D/newrelic(16088): AnalyticsControllerImpl.loadPersistentAttributes(): found 1 userAttributes in the attribute store
06-11 21:15:03.993 D/stbdpc  (  397): STB_DPGetNumPaths[570]: num_paths: 1
06-11 21:15:03.999 I/om.hoichoi.mit(15845): oneway function results will be dropped but finished with status OK and parcel size 4
06-11 21:15:04.023 I/e.swalekh.abct( 1359): oneway function results will be dropped but finished with status OK and parcel size 4
06-11 21:15:04.039 D/JioSTBMRServer-SERVICE( 3589): InetSocketAddress(InetAddress.getByName(inetAddress.hostAddress)-/192.168.1.255
06-11 21:15:04.039 D/JioSTBMRServer-SERVICE( 3589): #beacon:RKISBFJ60000097:0:false:0:1:SV=181024 , 192.168.1.255
06-11 21:15:04.043 D/JioSTBMRServer-SERVICE( 3589): InetSocketAddress(InetAddress.getByName(inetAddress.hostAddress)-/192.168.1.255
06-11 21:15:04.043 D/JioSTBMRServer-SERVICE( 3589): #broadcast IP:192.168.1.255
06-11 21:15:04.073 D/rtk_heartbeat(  349): heartbeat_timed_out: heartbeatCmdCount = 2514, expected nextSeqNum = 2514
06-11 21:15:04.074 D/rtk_heartbeat(  349): rtkbt_heartbeat_cmpl_cback: Current SeqNum = 2514,should SeqNum=2514, status = 0
06-11 21:15:04.077 D/JioStbInactivityTimer(  926): Timer: count 114 warningTimeout:10680 timeout:10800
06-11 21:15:04.077 D/JioStbInactivityTimer(  926): isUserActive: Curr:2419842 Prev:2419842
06-11 21:15:04.093 D/stbdpc  (  397): STB_DPGetNumPaths[570]: num_paths: 1
06-11 21:15:04.108 D/memtrack_aml(  363): sysfs path
06-11 21:15:04.116 E/newrelic(16088): setEntity_guid: invalid entity guid value!
06-11 21:15:04.116 I/newrelic(16088): Analytics Controller initialized: enabled[true]
06-11 21:15:04.119 D/newrelic(16088): Harvest Configuration: HarvestConfiguration{collect_network_errors=true, cross_process_id='null', data_report_period=60, data_token=[1120107382, 1120338721], error_limit=50, report_max_transaction_age=600, report_max_transaction_count=1000, response_body_limit=2048, server_timestamp=0, stack_trace_limit=100, activity_trace_max_size=65535, activity_trace_max_report_attempts=1, activity_trace_min_utilization=0.30000001192092896, at_capture=ActivityTraceConfiguration{maxTotalTraceCount=1}, priority_encoding_key=d67afc830dab717fd163bfcb0b8b88423e9a1a3b, account_id=3582066, application_id=, trusted_account_key=2006878, entity_guid=MzU4MjA2NnxNT0JJTEV8QVBQTElDQVRJT058MTEyMDEwNzM4Mg, remote_configuration=com.newrelic.agent.android.RemoteConfiguration@d44d383, request_headers_map={NR-Session=BgrPkoYR28qgADaockLHAyEAAAEBLCQoAAAAHQECBELDe3bIAAAAAWdjwgADAAU3LjYuMAAAAApkaXNjb3Zlcnkr, NR-AgentConfiguration=AQAAAY+CfOAI}}
06-11 21:15:04.120 D/newrelic(16088): Setting server timestamp: 0
06-11 21:15:04.120 D/newrelic(16088): Setting Harvest connect information: com.newrelic.agent.android.harvest.ConnectInformation@6bf6dbf5
06-11 21:15:04.122 I/newrelic(16088): Measurement Engine initialized.
06-11 21:15:04.124 D/newrelic(16088): Attempted to add the same MeasurementProducer com.newrelic.agent.android.measurement.MeasurementPool@69ad0d7  multiple times.
06-11 21:15:04.125 I/newrelic(16088): New Relic Agent v7.6.0
06-11 21:15:04.125 V/newrelic(16088): Application token: AAade888b2d40756d46d137b21fed1c453c7bde891-NRMA
06-11 21:15:04.129 D/newrelic(16088): Installing New Relic crash handler and chaining to com.android.internal.os.RuntimeInit$KillApplicationHandler
06-11 21:15:04.132 D/newrelic(16088): CPU sampling not supported in Android 8 and above.
06-11 21:15:04.132 D/newrelic(16088): Sampler initialized
06-11 21:15:04.132 D/newrelic(16088): HarvestTimer: Starting with a period of 60000ms
06-11 21:15:04.133 I/system_server(  633): NativeAlloc concurrent copying GC freed 171274(7871KB) AllocSpace objects, 28(1008KB) LOS objects, 49% free, 11MB/23MB, paused 186us total 285.166ms
06-11 21:15:04.136 D/newrelic(16088): Event [UserAction] added to queue
06-11 21:15:04.136 D/newrelic(16088): EventManager.addEvent(): Queue is empty, setting first event timestamp to 1749656704136
06-11 21:15:04.136 D/newrelic(16088): Agent started from f4.c.<init>:52
06-11 21:15:04.143 D/newrelic(16088): HarvestTimer: time since last tick: -1
06-11 21:15:04.143 D/newrelic(16088): Harvest: tick
06-11 21:15:04.143 D/newrelic(16088): Harvester state: UNINITIALIZED
06-11 21:15:04.144 D/SoLoader(16088): init start
06-11 21:15:04.144 D/SoLoader(16088): adding system library source: /vendor/lib
06-11 21:15:04.144 D/SoLoader(16088): adding system library source: /system/lib
06-11 21:15:04.145 D/SoLoader(16088): adding application source: com.facebook.soloader.DirectorySoSource[root = /data/app/~~IxuchQFXbVkNrWurYYStig==/com.discoveryplus.tv.jiotv-7V7o51jRjX-bdKl1d5NaFQ==/lib/arm flags = 0]
06-11 21:15:04.146 D/SoLoader(16088): adding backup source from : com.facebook.soloader.ApkSoSource[root = /data/data/com.discoveryplus.tv.jiotv/lib-main flags = 1]
06-11 21:15:04.146 D/SoLoader(16088): Preparing SO source: com.facebook.soloader.DirectorySoSource[root = /system/lib flags = 2]
06-11 21:15:04.147 D/SoLoader(16088): Preparing SO source: com.facebook.soloader.DirectorySoSource[root = /vendor/lib flags = 2]
06-11 21:15:04.147 D/SoLoader(16088): Preparing SO source: com.facebook.soloader.DirectorySoSource[root = /data/app/~~IxuchQFXbVkNrWurYYStig==/com.discoveryplus.tv.jiotv-7V7o51jRjX-bdKl1d5NaFQ==/lib/arm flags = 0]
06-11 21:15:04.148 D/SoLoader(16088): Preparing SO source: com.facebook.soloader.ApkSoSource[root = /data/data/com.discoveryplus.tv.jiotv/lib-main flags = 1]
06-11 21:15:04.149 V/fb-UnpackingSoSource(16088): locked dso store /data/user/0/com.discoveryplus.tv.jiotv/lib-main
06-11 21:15:04.154 E/newrelic(16088): setEntity_guid: invalid entity guid value!
06-11 21:15:04.156 V/fb-UnpackingSoSource(16088): deps mismatch on deps store: regenerating
06-11 21:15:04.156 V/fb-UnpackingSoSource(16088): so store dirty: regenerating
06-11 21:15:04.157 D/newrelic(16088): Harvest Configuration: HarvestConfiguration{collect_network_errors=true, cross_process_id='null', data_report_period=60, data_token=[1120107382, 1120338721], error_limit=50, report_max_transaction_age=600, report_max_transaction_count=1000, response_body_limit=2048, server_timestamp=0, stack_trace_limit=100, activity_trace_max_size=65535, activity_trace_max_report_attempts=1, activity_trace_min_utilization=0.30000001192092896, at_capture=ActivityTraceConfiguration{maxTotalTraceCount=1}, priority_encoding_key=d67afc830dab717fd163bfcb0b8b88423e9a1a3b, account_id=3582066, application_id=1120107382, trusted_account_key=2006878, entity_guid=MzU4MjA2NnxNT0JJTEV8QVBQTElDQVRJT058MTEyMDEwNzM4Mg, remote_configuration=com.newrelic.agent.android.RemoteConfiguration@d44d383, request_headers_map={NR-Session=BgrPkoYR28qgADaockLHAyEAAAEBLCQoAAAAHQECBELDe3bIAAAAAWdjwgADAAU3LjYuMAAAAApkaXNjb3Zlcnkr, NR-AgentConfiguration=AQAAAY+CfOAI}}
06-11 21:15:04.158 D/newrelic(16088): Setting server timestamp: 0
06-11 21:15:04.158 D/newrelic(16088): Setting Harvest connect information: com.newrelic.agent.android.harvest.ConnectInformation@e6a713ec
06-11 21:15:04.158 D/newrelic(16088): Setting server timestamp: 0
06-11 21:15:04.158 D/newrelic(16088): Harvester changing state: UNINITIALIZED -> DISCONNECTED
06-11 21:15:04.158 D/newrelic(16088): Harvester state: DISCONNECTED
06-11 21:15:04.158 I/newrelic(16088): Connecting, saved state is not available: DataToken{accountId=0, agentId=0}
06-11 21:15:04.194 D/stbdpc  (  397): STB_DPGetNumPaths[570]: num_paths: 1
06-11 21:15:04.294 D/stbdpc  (  397): STB_DPGetNumPaths[570]: num_paths: 1
06-11 21:15:04.304 D/dvb_iptv(  397): ReadEmmNetworkTask[1537]: EMM Select Timeout Occured 49
06-11 21:15:04.350 D/ApkSoSource(16088): not allowing consideration of lib/armeabi-v7a/libimagepipeline.so: deferring to libdir
06-11 21:15:04.350 D/ApkSoSource(16088): not allowing consideration of lib/armeabi-v7a/libnative-filters.so: deferring to libdir
06-11 21:15:04.350 D/ApkSoSource(16088): not allowing consideration of lib/armeabi-v7a/libnative-imagetranscoder.so: deferring to libdir
06-11 21:15:04.351 V/fb-UnpackingSoSource(16088): regenerating DSO store com.facebook.soloader.ApkSoSource
06-11 21:15:04.352 V/fb-UnpackingSoSource(16088): Finished regenerating DSO store com.facebook.soloader.ApkSoSource
06-11 21:15:04.352 V/fb-UnpackingSoSource(16088): starting syncer worker
06-11 21:15:04.363 V/fb-UnpackingSoSource(16088): releasing dso store lock for /data/user/0/com.discoveryplus.tv.jiotv/lib-main (from syncer thread)
06-11 21:15:04.363 V/fb-UnpackingSoSource(16088): not releasing dso store lock for /data/user/0/com.discoveryplus.tv.jiotv/lib-main (syncer thread started)
06-11 21:15:04.363 D/SoLoader(16088): init finish: 4 SO sources prepared
06-11 21:15:04.363 D/SoLoader(16088): init exiting
06-11 21:15:04.394 D/stbdpc  (  397): STB_DPGetNumPaths[570]: num_paths: 1
06-11 21:15:04.397 E/SQLiteLog(16088): (1) no such column: DISTINCTSESSIONID in "SELECT DISTINCTSESSIONID FROM MEDIAHITS"
06-11 21:15:04.411 D/[271   ] JioAccount-ADC( 2131): com.jio.adc.core.b$3 run> Unbinding
06-11 21:15:04.425 E/newrelic(16088): Unable to get obfuscated flag in crash
06-11 21:15:04.462 D/newrelic(16088): PayloadController: 0ms. waiting to submit payload [42c0c094-b807-4212-bb3a-960890b6ae2c].
06-11 21:15:04.471 D/newrelic(16088): Started trace of LunaBaseActivity:fcbe480c-ba62-b835-4078-e8127e0247f0
06-11 21:15:04.475 D/newrelic(16088): Sampler scheduler started; sampling will occur every 100 ms.
06-11 21:15:04.475 D/newrelic(16088): Sampler started
06-11 21:15:04.476 V/newrelic(16088): Trace fcbe480c-ba62-b835-4078-e8127e0247f0 is now active
06-11 21:15:04.477 V/newrelic(16088): Registering trace of LunaBaseActivity#onCreate with parent Display LunaBaseActivity
06-11 21:15:04.488 V/newrelic(16088): Added trace 0abab596-4ec8-f601-1dd9-a7c2e86ee3ca missing children: 0
06-11 21:15:04.494 D/stbdpc  (  397): STB_DPGetNumPaths[570]: num_paths: 1
06-11 21:15:04.594 D/stbdpc  (  397): STB_DPGetNumPaths[570]: num_paths: 1
06-11 21:15:04.605 V/newrelic(16088): Trace fcbe480c-ba62-b835-4078-e8127e0247f0 is now active
06-11 21:15:04.605 V/newrelic(16088): Registering trace of Gson#toJson with parent Display LunaBaseActivity
06-11 21:15:04.605 V/newrelic(16088): Trace 3325872e-ca33-8790-74c2-93806a628ead is now active
06-11 21:15:04.606 V/newrelic(16088): Registering trace of Gson#toJson with parent Gson#toJson
06-11 21:15:04.606 V/newrelic(16088): Trace c11c1b75-d706-7f56-d401-1f18553aea27 is now active
06-11 21:15:04.606 V/newrelic(16088): Registering trace of Gson#toJson with parent Gson#toJson
06-11 21:15:04.607 V/newrelic(16088): Trace 18c48d0b-47ee-1bd2-c7c7-e75ea1bff9a6 is now active
06-11 21:15:04.607 V/newrelic(16088): Registering trace of Gson#toJson with parent Gson#toJson
06-11 21:15:04.612 V/newrelic(16088): Added trace 2a94e95f-8be3-97cb-8988-771d9fc0365e missing children: 3
06-11 21:15:04.613 V/newrelic(16088): Added trace 18c48d0b-47ee-1bd2-c7c7-e75ea1bff9a6 missing children: 2
06-11 21:15:04.613 V/newrelic(16088): Added trace c11c1b75-d706-7f56-d401-1f18553aea27 missing children: 1
06-11 21:15:04.613 V/newrelic(16088): Added trace 3325872e-ca33-8790-74c2-93806a628ead missing children: 0
06-11 21:15:04.664 V/newrelic(16088): Registering trace of External/unknownhost with parent Display LunaBaseActivity
06-11 21:15:04.677 D/ltts_ip_emm(  397): LTTS_IP_DMXStartEMM[381]: parse_emm_cat_status failed
06-11 21:15:04.692 D/ConnectivityService(  633): NetReassign [no changes]
06-11 21:15:04.695 D/stbdpc  (  397): STB_DPGetNumPaths[570]: num_paths: 1
06-11 21:15:04.700 E/newrelic(16088): Unable to get obfuscated flag in crash
06-11 21:15:04.710 V/newrelic(16088): Registering trace of External/unknownhost with parent Display LunaBaseActivity
06-11 21:15:04.725 V/newrelic(16088): Registering trace of SQLiteDatabase#rawQuery with parent Display LunaBaseActivity
06-11 21:15:04.727 V/newrelic(16088): Added trace dfdf624b-2bc0-d991-3878-3390b1207f46 missing children: 2
06-11 21:15:04.728 V/newrelic(16088): Registering trace of SQLiteDatabase#rawQuery with parent Display LunaBaseActivity
06-11 21:15:04.729 V/newrelic(16088): Added trace 7bf41dcd-9143-cc9f-ec92-77c1964ac69f missing children: 2
06-11 21:15:04.738 V/newrelic(16088): Registering trace of SQLiteDatabase#rawQuery with parent Display LunaBaseActivity
06-11 21:15:04.740 V/newrelic(16088): Added trace ecaf084f-8bad-785d-d6a0-6bb65034c585 missing children: 2
06-11 21:15:04.743 D/newrelic(16088): PayloadController: 1ms. waiting to submit payload [5b148475-7da1-469e-8385-ce80f9f70889].
06-11 21:15:04.746 E/newrelic(16088): Unable to get obfuscated flag in crash
06-11 21:15:04.761 V/newrelic(16088): Registering trace of SQLiteDatabase#query with parent Display LunaBaseActivity
06-11 21:15:04.762 V/newrelic(16088): Added trace 0b2fdda6-999d-bcf2-99cc-0404dd8c6f86 missing children: 2
06-11 21:15:04.763 V/newrelic(16088): Registering trace of SQLiteDatabase#insert with parent Display LunaBaseActivity
06-11 21:15:04.765 V/newrelic(16088): Added trace 86556f4b-efa6-8fad-78ef-60ed8e35f831 missing children: 2
06-11 21:15:04.766 V/newrelic(16088): Registering trace of SQLiteDatabase#insert with parent Display LunaBaseActivity
06-11 21:15:04.769 V/newrelic(16088): Added trace 942cd52d-c5f2-3d48-d498-1d440493a8fe missing children: 2
06-11 21:15:04.769 V/newrelic(16088): Registering trace of SQLiteDatabase#insert with parent Display LunaBaseActivity
06-11 21:15:04.769 V/newrelic(16088): Added trace ede257c4-3295-0c70-c17c-18a4b2dab16f missing children: 2
06-11 21:15:04.769 V/newrelic(16088): Registering trace of SQLiteDatabase#insert with parent Display LunaBaseActivity
06-11 21:15:04.772 V/newrelic(16088): Added trace 790e6761-3ef8-0484-4a34-30f229225572 missing children: 2
06-11 21:15:04.772 V/newrelic(16088): Registering trace of SQLiteDatabase#insert with parent Display LunaBaseActivity
06-11 21:15:04.773 V/newrelic(16088): Added trace a40a34cb-3962-dc9d-e364-9efa5bcd1e09 missing children: 2
06-11 21:15:04.773 V/newrelic(16088): Registering trace of SQLiteDatabase#insert with parent Display LunaBaseActivity
06-11 21:15:04.774 V/newrelic(16088): Added trace f19cbf0d-3f87-56ce-b7c1-ea77f1c1f02c missing children: 2
06-11 21:15:04.774 V/newrelic(16088): Registering trace of SQLiteDatabase#insert with parent Display LunaBaseActivity
06-11 21:15:04.774 V/newrelic(16088): Registering trace of JSONObject#toString with parent Display LunaBaseActivity
06-11 21:15:04.774 V/newrelic(16088): Added trace 640a6a8b-7450-8bac-e4dc-a93e90e52ded missing children: 3
06-11 21:15:04.774 V/newrelic(16088): Added trace a59e7556-d65c-ea10-298d-7db353a045dd missing children: 2
06-11 21:15:04.777 V/newrelic(16088): Registering trace of SQLiteDatabase#insert with parent Display LunaBaseActivity
06-11 21:15:04.777 D/newrelic(16088): PayloadController: 0ms. waiting to submit payload [2b46b900-19b2-4184-82ca-fc32cb1e0b51].
06-11 21:15:04.777 V/newrelic(16088): Added trace c666dcc2-d5b1-ef1b-367e-087b064854ae missing children: 2
06-11 21:15:04.777 V/newrelic(16088): Trace ef85a3fd-18a2-6e31-8010-ce789da43c48 is now active
06-11 21:15:04.777 V/newrelic(16088): Registering trace of SQLiteDatabase#insert with parent Display LunaBaseActivity
06-11 21:15:04.778 V/newrelic(16088): Registering trace of JSONObject#toString with parent External/firebaseinstallations.googleapis.com
06-11 21:15:04.778 V/newrelic(16088): Added trace 0f5acd44-3de3-e2ea-3844-ebe7ad90da01 missing children: 3
06-11 21:15:04.778 V/newrelic(16088): Registering trace of SQLiteDatabase#insert with parent Display LunaBaseActivity
06-11 21:15:04.778 V/newrelic(16088): Added trace 9b76a0f8-263f-aefe-9e7b-19fe9e3a2ed8 missing children: 2
06-11 21:15:04.780 V/newrelic(16088): Registering trace of SQLiteDatabase#insert with parent Display LunaBaseActivity
06-11 21:15:04.780 V/newrelic(16088): Added trace 8e170a72-c48d-161f-27e1-f374f95eba42 missing children: 2
06-11 21:15:04.780 V/newrelic(16088): Registering trace of SQLiteDatabase#insert with parent Display LunaBaseActivity
06-11 21:15:04.780 V/newrelic(16088): Added trace d1508837-72a4-da79-0fe2-c174551abd19 missing children: 3
06-11 21:15:04.782 V/newrelic(16088): Added trace f9bdaaba-34f3-6dd4-c2ce-338bcea14ef7 missing children: 2
06-11 21:15:04.782 V/newrelic(16088): Registering trace of SQLiteDatabase#insert with parent Display LunaBaseActivity
06-11 21:15:04.782 V/newrelic(16088): Added trace bb276dcb-777b-e743-ff4c-124380f416ed missing children: 2
06-11 21:15:04.783 V/newrelic(16088): Registering trace of SQLiteDatabase#insert with parent Display LunaBaseActivity
06-11 21:15:04.783 V/newrelic(16088): Added trace 9d6ab8f0-7bfa-c0f8-7ccf-8cca3eafa4b5 missing children: 2
06-11 21:15:04.783 V/newrelic(16088): Registering trace of SQLiteDatabase#insert with parent Display LunaBaseActivity
06-11 21:15:04.784 V/newrelic(16088): Added trace f599aa58-1fb3-50e4-fdbc-412d03bf3725 missing children: 2
06-11 21:15:04.784 V/newrelic(16088): Registering trace of SQLiteDatabase#insert with parent Display LunaBaseActivity
06-11 21:15:04.784 V/newrelic(16088): Added trace e7903de3-79a4-2aa7-8ce2-d15707db1336 missing children: 2
06-11 21:15:04.795 D/stbdpc  (  397): STB_DPGetNumPaths[570]: num_paths: 1
06-11 21:15:04.804 D/dvb_iptv(  397): ReadEmmNetworkTask[1537]: EMM Select Timeout Occured 50
06-11 21:15:04.816 V/DigitalSignage(  633): Package Name: null
06-11 21:15:04.816 V/DigitalSignage(  633): Left: 0
06-11 21:15:04.816 V/DigitalSignage(  633): Right: 0
06-11 21:15:04.816 V/DigitalSignage(  633): Top: 0
06-11 21:15:04.816 V/DigitalSignage(  633): Bottom: 0
06-11 21:15:04.816 D/DigitalSignage(  633): else - Package Name :: null left : 0 right :: 0 top :: 0 bottom :: 0 dfu-right :: 1920 dfu-bottom :: 1080
06-11 21:15:04.817 V/DigitalSignage(  633): Package Name: null
06-11 21:15:04.817 V/DigitalSignage(  633): Left: 0
06-11 21:15:04.817 V/DigitalSignage(  633): Right: 0
06-11 21:15:04.817 V/DigitalSignage(  633): Top: 0
06-11 21:15:04.817 V/DigitalSignage(  633): Bottom: 0
06-11 21:15:04.817 D/DigitalSignage(  633): else - Package Name :: null left : 0 right :: 0 top :: 0 bottom :: 0 dfu-right :: 1920 dfu-bottom :: 1080
06-11 21:15:04.835 I/hwservicemanager(  233): getTransport: Cannot find entry android.hardware.configstore@1.0::ISurfaceFlingerConfigs/default in either framework or device manifest.
06-11 21:15:04.895 D/stbdpc  (  397): STB_DPGetNumPaths[570]: num_paths: 1
06-11 21:15:04.980 V/DigitalSignage(  633): Package Name: null
06-11 21:15:04.980 V/DigitalSignage(  633): Left: 0
06-11 21:15:04.980 V/DigitalSignage(  633): Right: 0
06-11 21:15:04.980 V/DigitalSignage(  633): Top: 0
06-11 21:15:04.980 V/DigitalSignage(  633): Bottom: 0
06-11 21:15:04.980 D/DigitalSignage(  633): else - Package Name :: null left : 0 right :: 0 top :: 0 bottom :: 0 dfu-right :: 1920 dfu-bottom :: 1080
06-11 21:15:04.984 V/DigitalSignage(  633): Package Name: null
06-11 21:15:04.984 V/DigitalSignage(  633): Left: 0
06-11 21:15:04.984 V/DigitalSignage(  633): Right: 0
06-11 21:15:04.984 V/DigitalSignage(  633): Top: 0
06-11 21:15:04.984 V/DigitalSignage(  633): Bottom: 0
06-11 21:15:04.988 D/DigitalSignage(  633): else - Package Name :: null left : 0 right :: 0 top :: 0 bottom :: 0 dfu-right :: 1920 dfu-bottom :: 1080
06-11 21:15:04.990 V/DigitalSignage(  633): Package Name: null
06-11 21:15:04.990 V/DigitalSignage(  633): Left: 0
06-11 21:15:04.990 V/DigitalSignage(  633): Right: 0
06-11 21:15:04.990 V/DigitalSignage(  633): Top: 0
06-11 21:15:04.990 V/DigitalSignage(  633): Bottom: 0
06-11 21:15:04.990 D/DigitalSignage(  633): else - Package Name :: null left : 0 right :: 0 top :: 0 bottom :: 0 dfu-right :: 1920 dfu-bottom :: 1080
06-11 21:15:04.990 V/DigitalSignage(  633): Package Name: null
06-11 21:15:04.991 V/DigitalSignage(  633): Left: 0
06-11 21:15:04.991 V/DigitalSignage(  633): Right: 0
06-11 21:15:04.991 V/DigitalSignage(  633): Top: 0
06-11 21:15:04.991 V/DigitalSignage(  633): Bottom: 0
06-11 21:15:04.991 D/DigitalSignage(  633): else - Package Name :: null left : 0 right :: 0 top :: 0 bottom :: 0 dfu-right :: 1920 dfu-bottom :: 1080
06-11 21:15:04.995 D/stbdpc  (  397): STB_DPGetNumPaths[570]: num_paths: 1
06-11 21:15:05.010 V/newrelic(16088): Registering trace of SQLiteDatabase#query with parent Display LunaBaseActivity
06-11 21:15:05.011 V/newrelic(16088): Added trace 57bf6b3c-5d78-e611-f07d-013a26f41830 missing children: 2
06-11 21:15:05.014 V/newrelic(16088): Registering trace of SQLiteDatabase#insert with parent Display LunaBaseActivity
06-11 21:15:05.015 V/newrelic(16088): Added trace d143912c-40f3-49e6-3911-0448ee81f204 missing children: 2
06-11 21:15:05.016 V/newrelic(16088): Registering trace of SQLiteDatabase#insert with parent Display LunaBaseActivity
06-11 21:15:05.016 V/newrelic(16088): Added trace 9da5c22c-f475-dee1-d437-ae28a9978df8 missing children: 2
06-11 21:15:05.016 V/newrelic(16088): Registering trace of SQLiteDatabase#insert with parent Display LunaBaseActivity
06-11 21:15:05.017 V/newrelic(16088): Added trace 098cc63e-7176-2efb-62c8-7aa80db7b589 missing children: 2
06-11 21:15:05.017 V/newrelic(16088): Registering trace of SQLiteDatabase#insert with parent Display LunaBaseActivity
06-11 21:15:05.017 V/newrelic(16088): Added trace 809be5f5-713d-34ec-12a9-a0ed359df38c missing children: 2
06-11 21:15:05.017 V/newrelic(16088): Registering trace of SQLiteDatabase#insert with parent Display LunaBaseActivity
06-11 21:15:05.021 V/DigitalSignage(  633): Package Name: null
06-11 21:15:05.021 V/DigitalSignage(  633): Left: 0
06-11 21:15:05.021 V/DigitalSignage(  633): Right: 0
06-11 21:15:05.021 V/DigitalSignage(  633): Top: 0
06-11 21:15:05.021 V/DigitalSignage(  633): Bottom: 0
06-11 21:15:05.021 D/DigitalSignage(  633): else - Package Name :: null left : 0 right :: 0 top :: 0 bottom :: 0 dfu-right :: 1920 dfu-bottom :: 1080
06-11 21:15:05.021 V/DigitalSignage(  633): Package Name: null
06-11 21:15:05.021 V/DigitalSignage(  633): Left: 0
06-11 21:15:05.021 V/DigitalSignage(  633): Right: 0
06-11 21:15:05.021 V/DigitalSignage(  633): Top: 0
06-11 21:15:05.021 V/DigitalSignage(  633): Bottom: 0
06-11 21:15:05.021 V/newrelic(16088): Added trace 480ad2da-5fc0-bff1-45b1-a5f0f3ce2795 missing children: 2
06-11 21:15:05.022 D/DigitalSignage(  633): else - Package Name :: null left : 0 right :: 0 top :: 0 bottom :: 0 dfu-right :: 1920 dfu-bottom :: 1080
06-11 21:15:05.022 V/newrelic(16088): Registering trace of SQLiteDatabase#insert with parent Display LunaBaseActivity
06-11 21:15:05.022 V/newrelic(16088): Added trace 3c6340f1-69c8-cfd0-73eb-222d66ff6b9d missing children: 2
06-11 21:15:05.022 V/newrelic(16088): Registering trace of SQLiteDatabase#insert with parent Display LunaBaseActivity
06-11 21:15:05.022 V/newrelic(16088): Added trace f8860597-f740-2d19-ff62-ae95349d2fde missing children: 2
06-11 21:15:05.024 V/newrelic(16088): Registering trace of SQLiteDatabase#insert with parent Display LunaBaseActivity
06-11 21:15:05.024 V/newrelic(16088): Added trace 2be2cf93-7abf-c1ad-d5b2-2cc41be3b101 missing children: 2
06-11 21:15:05.024 V/newrelic(16088): Registering trace of SQLiteDatabase#insert with parent Display LunaBaseActivity
06-11 21:15:05.025 V/newrelic(16088): Added trace f0eacc64-8258-7584-6efb-de7754cb2c7b missing children: 2
06-11 21:15:05.025 V/newrelic(16088): Registering trace of SQLiteDatabase#insert with parent Display LunaBaseActivity
06-11 21:15:05.025 V/newrelic(16088): Added trace 8c77cee0-cb97-93aa-de3b-003ea3477734 missing children: 2
06-11 21:15:05.025 V/newrelic(16088): Registering trace of SQLiteDatabase#insert with parent Display LunaBaseActivity
06-11 21:15:05.025 V/newrelic(16088): Added trace d866caff-71fd-fb89-12f6-db725797da69 missing children: 2
06-11 21:15:05.025 V/newrelic(16088): Registering trace of SQLiteDatabase#insert with parent Display LunaBaseActivity
06-11 21:15:05.026 V/newrelic(16088): Added trace 803dbaf3-53e2-a26e-2bc0-8361e9bd5ad2 missing children: 2
06-11 21:15:05.026 V/newrelic(16088): Registering trace of SQLiteDatabase#insert with parent Display LunaBaseActivity
06-11 21:15:05.026 V/newrelic(16088): Added trace 43a2417b-723d-2945-4ab2-b1d126ebce06 missing children: 2
06-11 21:15:05.026 V/newrelic(16088): Registering trace of SQLiteDatabase#insert with parent Display LunaBaseActivity
06-11 21:15:05.027 V/newrelic(16088): Added trace 58e79d78-545d-8aa7-f4ae-76a3562c621e missing children: 2
06-11 21:15:05.027 V/newrelic(16088): Registering trace of SQLiteDatabase#insert with parent Display LunaBaseActivity
06-11 21:15:05.027 V/newrelic(16088): Added trace 4f4fc2bf-9562-2516-c886-aed483ae7b99 missing children: 2
06-11 21:15:05.027 V/newrelic(16088): Registering trace of SQLiteDatabase#insert with parent Display LunaBaseActivity
06-11 21:15:05.028 V/newrelic(16088): Added trace 0e04ac32-768d-a587-a7f7-76ada2ae0d7f missing children: 2
06-11 21:15:05.032 I/android.hardware.power-service.libperfmgr(  366): Power setBoost: INTERACTION duration: 0
06-11 21:15:05.032 I/libperfmgr(  366): Do Powerhint: INTERACTION
06-11 21:15:05.036 W/ServiceManager(  393): Permission failure: android.permission.ACCESS_SURFACE_FLINGER from uid=10084 pid=16088
06-11 21:15:05.036 D/PermissionCache(  393): checking android.permission.ACCESS_SURFACE_FLINGER for uid=10084 => denied (409 us)
06-11 21:15:05.073 D/rtk_heartbeat(  349): heartbeat_timed_out: heartbeatCmdCount = 2515, expected nextSeqNum = 2515
06-11 21:15:05.074 D/rtk_heartbeat(  349): rtkbt_heartbeat_cmpl_cback: Current SeqNum = 2515,should SeqNum=2515, status = 0
06-11 21:15:05.077 D/JioStbInactivityTimer(  926): Timer: count 115 warningTimeout:10680 timeout:10800
06-11 21:15:05.077 D/JioStbInactivityTimer(  926): isUserActive: Curr:2419842 Prev:2419842
06-11 21:15:05.091 I/ActivityTaskManager(  633): Displayed com.discoveryplus.tv.jiotv/com.discoveryplus.tv.ui.DPlusJioTvActivity: +1s871ms
06-11 21:15:05.095 D/stbdpc  (  397): STB_DPGetNumPaths[570]: num_paths: 1
06-11 21:15:05.114 D/NetflixService(  969): onForegroundActivitiesChanged pid:15845,uid:10092,fg:false
06-11 21:15:05.122 D/NetflixService(  969): processName:com.netflix.ninja,importance:300
06-11 21:15:05.175 D/newrelic(16088): OkHttp3TransactionStateUtil: Missing body or content length
06-11 21:15:05.176 V/newrelic(16088): Added trace 80d680d1-9378-3adb-c36f-e74af1ff7d70 missing children: 1
06-11 21:15:05.183 V/DigitalSignage(  633): Package Name: null
06-11 21:15:05.183 V/DigitalSignage(  633): Left: 0
06-11 21:15:05.183 V/DigitalSignage(  633): Right: 0
06-11 21:15:05.183 V/DigitalSignage(  633): Top: 0
06-11 21:15:05.183 V/DigitalSignage(  633): Bottom: 0
06-11 21:15:05.184 D/DigitalSignage(  633): else - Package Name :: null left : 0 right :: 0 top :: 0 bottom :: 0 dfu-right :: 1920 dfu-bottom :: 1080
06-11 21:15:05.195 D/stbdpc  (  397): STB_DPGetNumPaths[570]: num_paths: 1
06-11 21:15:05.200 V/DigitalSignage(  633): Package Name: null
06-11 21:15:05.200 V/DigitalSignage(  633): Left: 0
06-11 21:15:05.201 V/DigitalSignage(  633): Right: 0
06-11 21:15:05.201 V/DigitalSignage(  633): Top: 0
06-11 21:15:05.201 V/DigitalSignage(  633): Bottom: 0
06-11 21:15:05.201 D/DigitalSignage(  633): else - Package Name :: null left : 0 right :: 0 top :: 0 bottom :: 0 dfu-right :: 1920 dfu-bottom :: 1080
06-11 21:15:05.296 D/stbdpc  (  397): STB_DPGetNumPaths[570]: num_paths: 1
06-11 21:15:05.304 D/dvb_iptv(  397): ReadEmmNetworkTask[1537]: EMM Select Timeout Occured 51
06-11 21:15:05.359 I/ryplus.tv.jiot(16088): Background concurrent copying GC freed 154227(8029KB) AllocSpace objects, 49(1516KB) LOS objects, 49% free, 7240KB/14MB, paused 137us total 137.697ms
06-11 21:15:05.383 I/FA      (15845): Application backgrounded at: timestamp_millis: 1749656703379
06-11 21:15:05.396 D/stbdpc  (  397): STB_DPGetNumPaths[570]: num_paths: 1
06-11 21:15:05.476 V/newrelic(16088): Registering trace of External/unknownhost with parent Display LunaBaseActivity
06-11 21:15:05.496 D/stbdpc  (  397): STB_DPGetNumPaths[570]: num_paths: 1
06-11 21:15:05.530 W/[ 2536.684050@2]  RTW(    0): fill_default_txdesc(wlan0): SP Packet(0x0806) rate=0x4 SeqNum = 1186
06-11 21:15:05.541 D/JioLauncher( 1773): isInternetAvailable-method-response-204
06-11 21:15:05.543 D/JioLauncher( 1773): isMulticastReceiver-Connected-to-5GHz-Wi-Fi-network
06-11 21:15:05.577 D/newrelic(16088): OkHttp3TransactionStateUtil: Missing body or content length
06-11 21:15:05.577 V/newrelic(16088): Added trace af8c3b0a-23b2-9620-1066-0b332aa4cfc8 missing children: 1
06-11 21:15:05.596 D/stbdpc  (  397): STB_DPGetNumPaths[570]: num_paths: 1
06-11 21:15:05.639 I/JioBackgroundSchedulerService( 2899): Check schedule  
06-11 21:15:05.696 D/stbdpc  (  397): STB_DPGetNumPaths[570]: num_paths: 1
06-11 21:15:05.714 V/newrelic(16088): Added trace ef85a3fd-18a2-6e31-8010-ce789da43c48 missing children: 0
06-11 21:15:05.725 D/newrelic(16088): setUrl(...) called on TransactionState in COMPLETE state
06-11 21:15:05.726 D/newrelic(16088): setHttpMethod(...) called on TransactionState in COMPLETE state
06-11 21:15:05.727 D/newrelic(16088): setCarrier(...) called on TransactionState in COMPLETE state
06-11 21:15:05.738 D/newrelic(16088): setWanType(...) called on TransactionState in COMPLETE state
06-11 21:15:05.738 D/newrelic(16088): setUrl(...) called on TransactionState in COMPLETE state
06-11 21:15:05.738 D/newrelic(16088): setHttpMethod(...) called on TransactionState in COMPLETE state
06-11 21:15:05.741 D/newrelic(16088): setCarrier(...) called on TransactionState in COMPLETE state
06-11 21:15:05.742 D/newrelic(16088): setWanType(...) called on TransactionState in COMPLETE state
06-11 21:15:05.742 D/newrelic(16088): setUrl(...) called on TransactionState in COMPLETE state
06-11 21:15:05.743 D/newrelic(16088): setHttpMethod(...) called on TransactionState in COMPLETE state
06-11 21:15:05.743 D/newrelic(16088): setCarrier(...) called on TransactionState in COMPLETE state
06-11 21:15:05.746 D/newrelic(16088): setWanType(...) called on TransactionState in COMPLETE state
06-11 21:15:05.746 D/newrelic(16088): setStatusCode(...) called on TransactionState in COMPLETE state
06-11 21:15:05.748 I/ThermalService(  969): CPU temperatures: [66.600006]
06-11 21:15:05.762 V/newrelic(16088): Registering trace of JSONObject#toString with parent Display LunaBaseActivity
06-11 21:15:05.762 V/newrelic(16088): Added trace 82ca3774-ce02-9541-e038-cede9fedf7fd missing children: 0
06-11 21:15:05.796 D/stbdpc  (  397): STB_DPGetNumPaths[570]: num_paths: 1
