06-11 21:14:50.862 D/CCodec  (15598): setup formats input: AMessage(what = 0x00000000) = {
06-11 21:14:50.862 D/CCodec  (15598):   int32_t aac-drc-album-mode = 0
06-11 21:14:50.862 D/CCodec  (15598):   int32_t aac-drc-boost-level = 127
06-11 21:14:50.862 D/CCodec  (15598):   int32_t aac-drc-cut-level = 127
06-11 21:14:50.862 D/CCodec  (15598):   int32_t aac-drc-effect-type = 3
06-11 21:14:50.862 D/CCodec  (15598):   int32_t aac-drc-heavy-compression = 3
06-11 21:14:50.862 D/CCodec  (15598):   int32_t aac-encoded-target-level = -1
06-11 21:14:50.862 D/CCodec  (15598):   int32_t aac-max-output-channel_count = 8
06-11 21:14:50.862 D/CCodec  (15598):   int32_t aac-target-ref-level = 64
06-11 21:14:50.862 D/CCodec  (15598):   int32_t channel-count = 2
06-11 21:14:50.862 D/CCodec  (15598):   int32_t level = 0
06-11 21:14:50.862 D/CCodec  (15598):   int32_t max-input-size = 8192
06-11 21:14:50.862 D/CCodec  (15598):   string mime = "audio/mp4a-latm"
06-11 21:14:50.862 D/CCodec  (15598):   int32_t profile = 2
06-11 21:14:50.862 D/CCodec  (15598):   int32_t sample-rate = 48000
06-11 21:14:50.862 D/CCodec  (15598): } and output: AMessage(what = 0x00000000) = {
06-11 21:14:50.862 D/CCodec  (15598):   int32_t aac-drc-album-mode = 0
06-11 21:14:50.862 D/CCodec  (15598):   int32_t aac-drc-boost-level = 127
06-11 21:14:50.862 D/CCodec  (15598):   int32_t aac-drc-cut-level = 127
06-11 21:14:50.862 D/CCodec  (15598):   int32_t aac-drc-effect-type = 3
06-11 21:14:50.862 D/CCodec  (15598):   int32_t aac-drc-heavy-compression = 3
06-11 21:14:50.862 D/CCodec  (15598):   int32_t aac-drc-output-loudness = -1
06-11 21:14:50.862 D/CCodec  (15598):   int32_t aac-encoded-target-level = -1
06-11 21:14:50.862 D/CCodec  (15598):   int32_t aac-max-output-channel_count = 8
06-11 21:14:50.862 D/CCodec  (15598):   int32_t aac-target-ref-level = 64
06-11 21:14:50.862 D/CCodec  (15598):   int32_t channel-count = 2
06-11 21:14:50.862 D/CCodec  (15598):   string mime = "audio/raw"
06-11 21:14:50.862 D/CCodec  (15598):   int32_t sample-rate = 48000
06-11 21:14:50.862 D/CCodec  (15598): }
06-11 21:14:50.868 W/Codec2Client(15598): query -- param skipped: index = 1342179345.
06-11 21:14:50.868 D/stbdpc  (  397): STB_DPGetNumPaths[570]: num_paths: 1
06-11 21:14:50.875 W/Codec2Client(15598): query -- param skipped: index = 2415921170.
06-11 21:14:50.876 W/Codec2Client(15598): query -- param skipped: index = 1610614798.
06-11 21:14:50.887 E/FMQ     (15598): grantorIdx must be less than 3
06-11 21:14:50.891 E/FMQ     (15598): grantorIdx must be less than 3
06-11 21:14:50.891 D/CCodecBufferChannel(15598): [c2.android.aac.decoder#203] Created input block pool with allocatorID 16 => poolID 17 - OK (0)
06-11 21:14:50.896 E/FMQ     (  477): grantorIdx must be less than 3
06-11 21:14:50.899 E/FMQ     (  477): grantorIdx must be less than 3
06-11 21:14:50.903 I/VDA     (  474): [1] "----create input VIDIOC_STREAMON----\n"
06-11 21:14:50.902 D/BufferPoolAccessor2.0(  477): bufferpool2 0xf7965e18 : 5(20480 size) total buffers - 0(0 size) used buffers - 186/191 (recycle/alloc) - 5/191 (fetch/transfer)
06-11 21:14:50.903 I/VDA     (  474): [1] "StartDevicePoll\n"
06-11 21:14:50.909 I/CCodecBufferChannel(15598): [c2.android.aac.decoder#203] Created output block pool with allocatorID 16 => poolID 29 - OK
06-11 21:14:50.911 D/CCodecBufferChannel(15598): [c2.android.aac.decoder#203] Configured output block pool ids 29 => OK
06-11 21:14:50.930 E/ion     (15598): ioctl c0044901 failed with code -1: Inappropriate ioctl for device
06-11 21:14:50.939 V/OMX_WorkerPeer(  474): vendor/amlogic/common/omx/omx_framework/WorkerPeer.cpp:runWorkerStatic:155 --------------------
06-11 21:14:50.939 V/OMX_WorkerPeer(  474): vendor/amlogic/common/omx/omx_framework/WorkerPeer.cpp:runWorker:161 --------------------
06-11 21:14:50.939 V/AmlogicVideoDecoderAwesome2(  474): [18]"doCodecSpec csd_len=29\n"
06-11 21:14:50.939 V/AmlogicVideoDecoderAwesome2(  474): [18]"doCodecSpec csd_len=9\n"
06-11 21:14:50.961 D/SimpleC2Component(  477): Using output block pool with poolID 29 => got 29 - 0
06-11 21:14:51.035 D/[ 2522.186688@0]  [h264](    0): 1: vmh264_get_ps_info mmu_enable 0 double_write_mode 0x10
06-11 21:14:51.036 I/[ 2522.186715@0]  [amlv4l](    0): [9]: Parse from ucode, visible(1920 x 1080), coded(1920 x 1088), scan:P, bitdepth(0), dw(10)
06-11 21:14:51.045 I/[ 2522.194336@0]  [amlv4l](    0): [9]: Picture buffer count: dec:5, vpp:0, ge2d:0, margin:5, total:10
06-11 21:14:51.045 D/[ 2522.194354@0]  [amlv4l](    0): [9]: Post event: res chg
06-11 21:14:51.054 I/[ 2522.201696@0]  dim(    0): reg:use[1]ms
06-11 21:14:51.054 I/[ 2522.201712@0]  dim(    0): create:ch[3],tmode[3]
06-11 21:14:51.054 I/[ 2522.201715@0]  dim(    0): out:0x80000000
06-11 21:14:51.056 D/[ 2522.209658@0]  [h264](    0): 1: restriction_flag=0, max_dec_frame_buffering=0, dec_dpb_size=5 num_reorder_frames 0 used_reorder_dpb_size_margin 5
06-11 21:14:50.967 E/FMQ     (15598): grantorIdx must be less than 3
06-11 21:14:50.968 E/FMQ     (  477): grantorIdx must be less than 3
06-11 21:14:50.969 D/stbdpc  (  397): STB_DPGetNumPaths[570]: num_paths: 1
06-11 21:14:50.977 I/C2SoftAacDec(  477): Reconfiguring decoder: 0->48000 Hz, 0->2 channels
06-11 21:14:50.983 E/FMQ     (  477): grantorIdx must be less than 3
06-11 21:14:50.984 E/FMQ     (15598): grantorIdx must be less than 3
06-11 21:14:50.987 D/CCodecConfig(15598): c2 config diff is   c2::i32 coding.drc.compression-mode.value = 1
06-11 21:14:50.989 D/CCodecBuffers(15598): [c2.android.aac.decoder#203:Output[N]] popFromStashAndRegister: output format changed to AMessage(what = 0x00000000) = {
06-11 21:14:50.989 D/CCodecBuffers(15598):   int32_t aac-drc-album-mode = 0
06-11 21:14:50.989 D/CCodecBuffers(15598):   int32_t aac-drc-boost-level = 127
06-11 21:14:50.989 D/CCodecBuffers(15598):   int32_t aac-drc-cut-level = 127
06-11 21:14:50.989 D/CCodecBuffers(15598):   int32_t aac-drc-effect-type = 3
06-11 21:14:50.989 D/CCodecBuffers(15598):   int32_t aac-drc-heavy-compression = 1
06-11 21:14:50.989 D/CCodecBuffers(15598):   int32_t aac-drc-output-loudness = -1
06-11 21:14:50.989 D/CCodecBuffers(15598):   int32_t aac-encoded-target-level = -1
06-11 21:14:50.989 D/CCodecBuffers(15598):   int32_t aac-max-output-channel_count = 8
06-11 21:14:50.989 D/CCodecBuffers(15598):   int32_t aac-target-ref-level = 64
06-11 21:14:50.989 D/CCodecBuffers(15598):   int32_t channel-count = 2
06-11 21:14:50.989 D/CCodecBuffers(15598):   string mime = "audio/raw"
06-11 21:14:50.989 D/CCodecBuffers(15598):   int32_t sample-rate = 48000
06-11 21:14:50.989 D/CCodecBuffers(15598): }
06-11 21:14:51.012 W/gralloc4(15598): Buffer descriptor with invalid usage bits 0x2000
06-11 21:14:51.018 W/AudioFlinger(  387): createTrack_l(): mismatch between requested flags (00000008) and output flags (00000002)
06-11 21:14:51.018 D/AudioFlinger(  387): Client defaulted notificationFrames to 8200 for frameCount 16400
06-11 21:14:51.020 D/AF::TrackHandle(  387): OpPlayAudio: track:71 usage:1 not muted
06-11 21:14:51.025 W/gralloc4(  474): Buffer descriptor with invalid usage bits 0x2000
06-11 21:14:51.041 I/VDA     (  474): [1] "got V4L2_EVENT_SOURCE_CHANGE change event. changes 1\n"
06-11 21:14:51.041 I/VDA     (  474): [1] "got resolution change event.\n"
06-11 21:14:51.041 I/VDA     (  474): [1] "VIDIOC_G_FMT format.fmt.pix.width 1920\n"
06-11 21:14:51.041 I/VDA     (  474): [1] "[GetVisibleSize] visible width 1920, height 1080\n"
06-11 21:14:51.041 I/VDA     (  474): [1] "[NeedResolutionChange] dpb(0->10),size(0x0->1920x1080)"
06-11 21:14:51.041 I/VDA     (  474): [1] "StopDevicePoll\n"
06-11 21:14:51.041 I/VDA     (  474): [1] "VIDIOC_G_FMT format.fmt.pix.width 1920\n"
06-11 21:14:51.042 I/VDA     (  474): [1] "[GetVisibleSize] visible width 1920, height 1080\n"
06-11 21:14:51.042 W/gralloc4(15598): Buffer descriptor with invalid usage bits 0x2000
06-11 21:14:51.043 W/gralloc4(  474): Buffer descriptor with invalid usage bits 0x2000
06-11 21:14:51.044 V/android.hardware.media.omx@1.0-service(  474): [0611/211451.043811:VERBOSE1:v4l2_video_decode_accelerator.cc(3173)] CheckInterlaced(): 
06-11 21:14:51.044 I/VDA     (  474): [1] "CheckInterlaced format.fmt.pix.field 1\n"
06-11 21:14:51.044 I/VDA     (  474): [1] "output_planes_count_ 1, format.fmt.pix.width 1920\n"
06-11 21:14:51.044 I/VDA     (  474): [1] "output_dpb_size_ 10, output buffer 10, coded_size_ 1920 x 1088\n"
06-11 21:14:51.044 I/V4l2Adaptor(  474): V4l2Adaptor::ProvidePictureBuffers 10
06-11 21:14:51.044 D/VideoDecWraper(  474): providePictureBuffers:minNumBuffers:10
06-11 21:14:51.044 D/AmlogicVideoDecoderAwesome2(  474): [18]"ProvidePictureBuffers minNumBuffers:10, size(1920x1080) alignsize(1920x1088)"
06-11 21:14:51.044 I/AmlogicVideoDecoderAwesome2(  474): [18]"mActualOutWidth 1920, mActualOutHeight 1080, width 1920, height 1080," "portDef.nBufferCountMin 10, minNumBuffersWithoutSurfaceHold 6\n"
06-11 21:14:51.044 I/AmVideoDec(  474): [1] "setupOutputBufferNum 14\n"
06-11 21:14:51.044 I/V4l2Adaptor(  474): assignPictureBuffers numOutputBuffers 14
06-11 21:14:51.044 I/VDA     (  474): [1] "StartDevicePoll\n"
06-11 21:14:51.123 D/[ 2522.235552@0]  [h264](    0): 1: decoder duration change old: 0 new: 3840
06-11 21:14:51.045 I/VideoDecWraper(  474): importBufferForPicture:0
06-11 21:14:51.173 I/[ 2522.235707@0]  dim(    0): value reg:ch[3]:fix_buf:0;ponly <0,0>
06-11 21:14:51.045 D/VideoDecWraper(  474): outbuf color format NV21
06-11 21:14:51.045 I/V4l2Adaptor(  474): importBufferForPicture pictureBufferId 0, dmabufFd 89, metaFd 90
06-11 21:14:51.045 I/VideoDecWraper(  474): importBufferForPicture:1
06-11 21:14:51.045 D/VideoDecWraper(  474): outbuf color format NV21
06-11 21:14:51.174 I/[ 2522.235722@0]  dim(    0): di_cnt_i_buf1:tvp:0
06-11 21:14:51.179 I/[ 2522.235750@0]  dim(    0): buf large::0x4fb000, 0x5a1000
06-11 21:14:51.179 I/[ 2522.259427@1]  vc(    0): [0]vc: set enable index=0, val=0
06-11 21:14:51.179 I/[ 2522.259452@1]  VID(    0): store VD0 path_id changed 2->-1
06-11 21:14:51.179 I/        (    0): [ 2522.259456@1]  dev->index =0, val=1
06-11 21:14:51.179 I/[ 2522.259459@1]  VID(    0): VD1 off
06-11 21:14:51.179 I/[ 2522.259465@1]  VID(    0): VD1 set global output as 0
06-11 21:14:51.179 I/        (    0): [ 2522.259485@1]  common_vf_unreg_provider video_render.0: vd1 used: true, vd2 used: false, vd3 used: false, black_out:0, cur_buf:00000000ebc7e71a
06-11 21:14:51.179 I/[ 2522.276967@0]  dim(    0): pre_sec_alloc:cma size:10,0xffffffff012f5100,0x53d44000
06-11 21:14:51.179 I/[ 2522.282205@0]  dim(    0): pst_sec_alloc:cma:size:90,0xffffffff012f5380,0x53d4e000
06-11 21:14:51.179 I/[ 2522.282235@0]  vpu(    0): vpu: vpu_dev_clk_gate_on: unsupport vpu mod: 72
06-11 21:14:51.179 I/[ 2522.283249@0]  dim(    0): ch[3]:reg:mem cfg[0][0][0]
06-11 21:14:51.179 I/[ 2522.284640@0]  [amlv4l](    0): [7]: reset mode: 1, es frames buffering: 0
06-11 21:14:51.179 I/[ 2522.303125@0]  [amlv4l](    0): [7]: reset mode: 1, es frames buffering: 0
06-11 21:14:51.045 I/V4l2Adaptor(  474): importBufferForPicture pictureBufferId 1, dmabufFd 91, metaFd 92
06-11 21:14:51.045 I/VideoDecWraper(  474): importBufferForPicture:2
06-11 21:14:51.045 D/VideoDecWraper(  474): outbuf color format NV21
06-11 21:14:51.045 I/V4l2Adaptor(  474): importBufferForPicture pictureBufferId 2, dmabufFd 93, metaFd 94
06-11 21:14:51.045 I/VideoDecWraper(  474): importBufferForPicture:3
06-11 21:14:51.045 D/VideoDecWraper(  474): outbuf color format NV21
06-11 21:14:51.045 I/V4l2Adaptor(  474): importBufferForPicture pictureBufferId 3, dmabufFd 95, metaFd 96
06-11 21:14:51.045 I/V4l2Adaptor(  474): onAssignPictureBuffers numOutputBuffers 14
06-11 21:14:51.045 I/V4l2Adaptor(  474): onImportBufferForPicture pictureBufferId 0, dmabufFd 89, metaFd 90, plane size 1
06-11 21:14:51.045 I/V4l2Adaptor(  474): onImportBufferForPicture addr 0x0, stride 0, offset 0, size 0
06-11 21:14:51.045 I/VDA     (  474): [1] "ImportBufferForPicture picture_buffer_id 0\n"
06-11 21:14:51.045 I/V4l2Adaptor(  474): onImportBufferForPicture pictureBufferId 1, dmabufFd 91, metaFd 92, plane size 1
06-11 21:14:51.045 I/V4l2Adaptor(  474): onImportBufferForPicture addr 0x0, stride 0, offset 0, size 0
06-11 21:14:51.045 I/VDA     (  474): [1] "ImportBufferForPicture picture_buffer_id 1\n"
06-11 21:14:51.045 I/V4l2Adaptor(  474): onImportBufferForPicture pictureBufferId 2, dmabufFd 93, metaFd 94, plane size 1
06-11 21:14:51.045 I/V4l2Adaptor(  474): onImportBufferForPicture addr 0x0, stride 0, offset 0, size 0
06-11 21:14:51.045 I/VDA     (  474): [1] "ImportBufferForPicture picture_buffer_id 2\n"
06-11 21:14:51.045 I/V4l2Adaptor(  474): onImportBufferForPicture pictureBufferId 3, dmabufFd 95, metaFd 96, plane size 1
06-11 21:14:51.045 I/V4l2Adaptor(  474): onImportBufferForPicture addr 0x0, stride 0, offset 0, size 0
06-11 21:14:51.045 I/VDA     (  474): [1] "ImportBufferForPicture picture_buffer_id 3\n"
06-11 21:14:51.045 I/VDA     (  474): [1] "AssignPictureBuffersTask"
06-11 21:14:51.045 I/VDA     (  474): [1] "ImportBufferForPictureTask dmabuf_fds 89\n"
06-11 21:14:51.046 I/VDA     (  474): [1] "----enqueue output STREAMON----\n"
06-11 21:14:51.055 I/VDA     (  474): [1] "ImportBufferForPictureTask dmabuf_fds 91\n"
06-11 21:14:51.056 I/VDA     (  474): [1] "ImportBufferForPictureTask dmabuf_fds 93\n"
06-11 21:14:51.056 W/gralloc4(15598): Buffer descriptor with invalid usage bits 0x2000
06-11 21:14:51.056 I/VDA     (  474): [1] "ImportBufferForPictureTask dmabuf_fds 95\n"
06-11 21:14:51.056 I/VDA     (  474): [1] "decoder_state_ = kDecoding wait -> decoding in decode buffer task"
06-11 21:14:51.061 D/rtk_heartbeat(  349): heartbeat_timed_out: heartbeatCmdCount = 2501, expected nextSeqNum = 2501
06-11 21:14:51.061 W/gralloc4(  474): Buffer descriptor with invalid usage bits 0x2000
06-11 21:14:51.061 D/AmlogicVideoDecoderAwesome2(  474): [18]"======setOutputBuf, line 1298=======:4, 0x0, fd:118"
06-11 21:14:51.061 I/VideoDecWraper(  474): importBufferForPicture:4
06-11 21:14:51.061 D/VideoDecWraper(  474): outbuf color format NV21
06-11 21:14:51.061 I/V4l2Adaptor(  474): importBufferForPicture pictureBufferId 4, dmabufFd 112, metaFd 113
06-11 21:14:51.062 D/rtk_heartbeat(  349): rtkbt_heartbeat_cmpl_cback: Current SeqNum = 2501,should SeqNum=2501, status = 0
06-11 21:14:51.062 I/V4l2Adaptor(  474): onImportBufferForPicture pictureBufferId 4, dmabufFd 112, metaFd 113, plane size 1
06-11 21:14:51.062 I/V4l2Adaptor(  474): onImportBufferForPicture addr 0x0, stride 0, offset 0, size 0
06-11 21:14:51.062 I/VDA     (  474): [1] "ImportBufferForPicture picture_buffer_id 4\n"
06-11 21:14:51.063 I/VDA     (  474): [1] "ImportBufferForPictureTask dmabuf_fds 112\n"
06-11 21:14:51.069 D/stbdpc  (  397): STB_DPGetNumPaths[570]: num_paths: 1
06-11 21:14:51.076 D/JioStbInactivityTimer(  926): Timer: count 101 warningTimeout:10680 timeout:10800
06-11 21:14:51.077 D/JioStbInactivityTimer(  926): isUserActive: Curr:2419842 Prev:2419842
06-11 21:14:51.083 I/VDA     (  474): [1] "got V4L2_EVENT_SOURCE_CHANGE change event. changes 2\n"
06-11 21:14:51.083 I/VDA     (  474): [1] "got HDR Info\n"
06-11 21:14:51.083 I/AmVideoDec(  474): [1] "updateInfo size 200\n"
06-11 21:14:51.215 I/[ 2522.355401@1]  [amlv4l](    0): [7]: reset mode: 1, es frames buffering: 0
06-11 21:14:51.261 I/[ 2522.357563@0]  VID(    0): VD1 off
06-11 21:14:51.261 I/[ 2522.357663@0]  vc(    0): [0]vc: set enable index=0, val=1
06-11 21:14:51.261 I/        (    0): [ 2522.357684@0]  dev->index =0, val=2
06-11 21:14:51.261 I/[ 2522.357687@0]  VID(    0): VD1 off
06-11 21:14:51.261 I/[ 2522.357691@0]  VID(    0): VD1 set global output as 1
06-11 21:14:51.261 I/[ 2522.357721@0]  VID(    0): store VD0 path_id changed -1->2
06-11 21:14:51.261 I/[ 2522.357737@0]  vc(    0): [0]sideband_type =-1
06-11 21:14:51.261 D/[ 2522.373342@3]  [amlcom](    0): vdec_release instance 00000000abc3a08c, total 2
06-11 21:14:51.261 I/[ 2522.373501@3]  v4lvideo(    0): di_p bypass 0
06-11 21:14:51.261 I/[ 2522.374816@2]  dim(    0): unreg:use[0]ms
06-11 21:14:51.261 I/[ 2522.374831@2]  dim(    0): di_destroy_instance:ch[2]:end
06-11 21:14:51.261 I/[ 2522.375880@2]  resman(    0): 35 release [decoder]
06-11 21:14:51.261 I/[ 2522.375895@2]  resman(    0): 35 release [codec_mm]
06-11 21:14:51.261 E/        (    0): [ 2522.381517@3]  disalbe fastplay
06-11 21:14:51.083 D/VideoDecWraper(  474): onUpdateDecInfo info 0xf21df180, size 200
06-11 21:14:51.087 W/gralloc4(15598): Buffer descriptor with invalid usage bits 0x2000
06-11 21:14:51.088 W/gralloc4(  474): Buffer descriptor with invalid usage bits 0x2000
06-11 21:14:51.089 D/AmlogicVideoDecoderAwesome2(  474): [18]"======setOutputBuf, line 1298=======:5, 0x0, fd:123"
06-11 21:14:51.089 I/VideoDecWraper(  474): importBufferForPicture:5
06-11 21:14:51.089 D/VideoDecWraper(  474): outbuf color format NV21
06-11 21:14:51.089 I/V4l2Adaptor(  474): importBufferForPicture pictureBufferId 5, dmabufFd 114, metaFd 115
06-11 21:14:51.090 I/V4l2Adaptor(  474): onImportBufferForPicture pictureBufferId 5, dmabufFd 114, metaFd 115, plane size 1
06-11 21:14:51.090 I/V4l2Adaptor(  474): onImportBufferForPicture addr 0x0, stride 0, offset 0, size 0
06-11 21:14:51.090 I/VDA     (  474): [1] "ImportBufferForPicture picture_buffer_id 5\n"
06-11 21:14:51.090 I/VDA     (  474): [1] "ImportBufferForPictureTask dmabuf_fds 114\n"
06-11 21:14:51.090 I/AmlogicVideoDecoderAwesome2(  474): [18]"check_stream_info mInPutFrameCount 3\n"
06-11 21:14:51.090 D/AmlogicVideoDecoderAwesome2(  474): [18]"=7, =1920, =1080, =0, =0, =1000000000000, =1000000160000, =1000000040000, =205082, =162412, =24721"
06-11 21:14:51.099 V/DigitalSignage(  633): Package Name: null
06-11 21:14:51.101 V/DigitalSignage(  633): Left: 0
06-11 21:14:51.101 V/DigitalSignage(  633): Right: 0
06-11 21:14:51.101 V/DigitalSignage(  633): Top: 0
06-11 21:14:51.101 V/DigitalSignage(  633): Bottom: 0
06-11 21:14:51.101 D/DigitalSignage(  633): else - Package Name :: null left : 0 right :: 0 top :: 0 bottom :: 0 dfu-right :: 1920 dfu-bottom :: 1080
06-11 21:14:51.105 D/MesonHwc(  360): VideoComposerDev (10) set (0).
06-11 21:14:51.106 D/NU-AmNuPlayerDriver(  465): reset(0xf3992aa0) at state 6
06-11 21:14:51.106 D/NU-AmNuPlayerDriver(  465): notifyListener_l(0xf3992aa0), (8, 0, 0, -1), loop setting(0, 0)
06-11 21:14:51.107 I/NU-GenericSource(  465): --->disconnect<---
06-11 21:14:51.107 I/NU-GenericSource(  465): --->disconnect OK 
06-11 21:14:51.110 D/SystemControl(  346): [CPQControl]:onVframeSizeChange: event value = 10(0xa)!
06-11 21:14:51.110 D/SystemControl(  346): [CPQControl]:onVframeSizeChange: send hdr event,info is 6.!
06-11 21:14:51.110 I/NU-AmNuPlayerDecoder(  465): [doFlush:939] audio flushing 
06-11 21:14:51.110 I/NU-AmNuPlayerDecoder(  465): [doFlush:946] audio flushing 
06-11 21:14:51.110 D/JioServiceSysCtrlEvent( 1856): notifyHdrInfoChangedCallback newHdrInfo:6
06-11 21:14:51.110 D/NU-AmNuPlayerDriver(  465): notifyListener_l(0xf3992aa0), (211, 0, 0, 20), loop setting(0, 0)
06-11 21:14:51.111 I/NU-AmNuPlayerDecoder(  465): [doFlush:939] video flushing 
06-11 21:14:51.111 I/NU-AmNuPlayerDecoder(  465): [doFlush:946] video flushing 
06-11 21:14:51.111 I/NU-AmNuPlayerDecoder(  465): [doFlush:952] audio flushing 
06-11 21:14:51.111 I/NU-AmNuPlayer(  465): decoder audio flush completed
06-11 21:14:51.114 I/lowmemorykiller(  231): medium memory pressure event is triggered for new strategy
06-11 21:14:51.115 D/lowmemorykiller(  231): LMKD mp_event_psi kill_reasons available are PRESSURE_AFTER_KILL, NOT_RESPONDING, LOW_SWAP_AND_THRASHING, LOW_MEM_AND_SWAP, LOW_MEM_AND_THRASHING, DIRECT_RECL_AND_THRASHING
06-11 21:14:51.115 D/lowmemorykiller(  231): LMKD mp_event_psi kill_reason received= -1
06-11 21:14:51.116 V/DigitalSignage(  633): Package Name: null
06-11 21:14:51.117 V/DigitalSignage(  633): Left: 0
06-11 21:14:51.117 V/DigitalSignage(  633): Right: 0
06-11 21:14:51.117 V/DigitalSignage(  633): Top: 0
06-11 21:14:51.117 V/DigitalSignage(  633): Bottom: 0
06-11 21:14:51.117 D/DigitalSignage(  633): else - Package Name :: null left : 0 right :: 0 top :: 0 bottom :: 0 dfu-right :: 1920 dfu-bottom :: 1080
--------- beginning of crash
06-11 21:14:51.121 F/linker  (15808): CANNOT LINK EXECUTABLE "/system/bin/smartcable/smartCableSTBApp": library "libmosquitto.so" not found: needed by main executable
06-11 21:14:51.126 I/NU-AmNuPlayerRenderer(  465): clearAnchorTime
06-11 21:14:51.126 I/NU-AmNuPlayerRenderer(  465): misTrickmode 0
06-11 21:14:51.126 I/NU-AmNuPlayerRenderer(  465): flushing audio
06-11 21:14:51.127 I/OmxComponent(  474): OMX_CommandFlush 850 Cmd 0x1 nParam1 0xffffffff
06-11 21:14:51.127 I/NU-AmNuPlayerRenderer(  465): clearAnchorTime
06-11 21:14:51.127 I/OmxComponent(  474): OMX.amlogic.avc.decoder.awesome2: flush input
06-11 21:14:51.127 V/AmlogicVideoDecoderAwesome2(  474): [17]flushInput:978 >
06-11 21:14:51.127 V/OMX_WorkerPeer(  474): vendor/amlogic/common/omx/omx_framework/WorkerPeer.cpp:flushInput:57 --------------------
06-11 21:14:51.127 V/AmlogicVideoDecoderAwesome2(  474): [17]pause:333 >
06-11 21:14:51.127 V/AmlogicVideoDecoderAwesome2(  474): [17]reset:381 >
06-11 21:14:51.127 D/AmlogicVideoDecoderAwesome2(  474): [17]"reset_1"
06-11 21:14:51.127 D/VideoDecWraper(  474): reset
06-11 21:14:51.127 I/AmVideoDec(  474): [0] "reset\n"
06-11 21:14:51.127 I/VDA     (  474): [0] "Reset\n"
06-11 21:14:51.127 I/NU-AmNuPlayerRenderer(  465): misTrickmode 0
06-11 21:14:51.127 I/NU-AmNuPlayerRenderer(  465): flushing video
06-11 21:14:51.129 I/VDA     (  474): [0] "ResetTask\n"
06-11 21:14:51.129 I/VDA     (  474): [0] "FinishReset\n"
06-11 21:14:51.129 I/VDA     (  474): [0] "StopDevicePoll\n"
06-11 21:14:51.130 V/android.hardware.media.omx@1.0-service(  474): [0611/211451.130331:VERBOSE1:v4l2_video_decode_accelerator.cc(3145)] CheckInterlaced(): 
06-11 21:14:51.130 D/AmlogicVideoDecoderAwesome2(  474): Calculate duration from pts is 0
06-11 21:14:51.130 I/VDA     (  474): [1] "VIDIOC_G_FMT format.fmt.pix.width 1920\n"
06-11 21:14:51.130 I/VDA     (  474): [1] "[GetVisibleSize] visible width 1920, height 1080\n"
06-11 21:14:51.130 I/VDA     (  474): [1] "CheckInterlaced format.fmt.pix.field 1\n"
06-11 21:14:51.130 I/VDA     (  474): [0] "StopOutputStream output_buffer_map_.size() 14\n"
06-11 21:14:51.130 I/VDA     (  474): [0] "----stop output VIDIOC_STREAMOFF----\n"
06-11 21:14:51.138 W/gralloc4(15598): Buffer descriptor with invalid usage bits 0x2000
06-11 21:14:51.143 I/hw-BpHwBinder(  465): onLastStrongRef automatically unlinking death recipients
06-11 21:14:51.143 W/gralloc4(  474): Buffer descriptor with invalid usage bits 0x2000
06-11 21:14:51.143 D/BufferPoolAccessor2.0(  465): bufferpool2 0xf3982cd8 : 0(0 size) total buffers - 0(0 size) used buffers - 189/197 (recycle/alloc) - 8/193 (fetch/transfer)
06-11 21:14:51.144 I/hw-BpHwBinder(  477): onLastStrongRef automatically unlinking death recipients
06-11 21:14:51.144 D/AmlogicVideoDecoderAwesome2(  474): [18]"======setOutputBuf, line 1298=======:6, 0x0, fd:129"
06-11 21:14:51.144 I/VideoDecWraper(  474): importBufferForPicture:6
06-11 21:14:51.144 D/VideoDecWraper(  474): outbuf color format NV21
06-11 21:14:51.144 I/V4l2Adaptor(  474): importBufferForPicture pictureBufferId 6, dmabufFd 117, metaFd 121
06-11 21:14:51.144 I/V4l2Adaptor(  474): onImportBufferForPicture pictureBufferId 6, dmabufFd 117, metaFd 121, plane size 1
06-11 21:14:51.144 I/V4l2Adaptor(  474): onImportBufferForPicture addr 0x0, stride 0, offset 0, size 0
06-11 21:14:51.144 I/VDA     (  474): [1] "ImportBufferForPicture picture_buffer_id 6\n"
06-11 21:14:51.144 I/VDA     (  474): [1] "ImportBufferForPictureTask dmabuf_fds 117\n"
06-11 21:14:51.145 I/NU-AmNuPlayer(  465): audio shutdown completed
06-11 21:14:51.145 I/NU-AmNuPlayer(  465): audio setHasNoMedia
06-11 21:14:51.147 I/VDA     (  474): [1] "ServiceDeviceTask(): buffer counts: IN[5,5], OUT[7,1,1] DEC[0->0] => DEVICE[2+1/3->0+6/14] => CLIENT[1]\n"
06-11 21:14:51.147 I/NuPlayerDecoderBase(  465): ReadDataHandler release.
06-11 21:14:51.147 I/MessageMonitor(  465): ReadDataHandler MessageMonitor exit
06-11 21:14:51.148 I/MessageMonitor(  465): NU-AmNuPlayerDecoder-audN MessageMonitor exit
06-11 21:14:51.148 W/AMessage(  465): failed to deliver message as target handler 35 is gone.
06-11 21:14:51.155 D/AmlogicVideoDecoderAwesome2(  474): Calculate duration from pts is 0
06-11 21:14:51.156 W/gralloc4(15598): Buffer descriptor with invalid usage bits 0x2000
06-11 21:14:51.157 W/gralloc4(  474): Buffer descriptor with invalid usage bits 0x2000
06-11 21:14:51.157 D/AmlogicVideoDecoderAwesome2(  474): [18]"======setOutputBuf, line 1298=======:7, 0x0, fd:134"
06-11 21:14:51.157 I/VideoDecWraper(  474): importBufferForPicture:7
06-11 21:14:51.157 D/VideoDecWraper(  474): outbuf color format NV21
06-11 21:14:51.157 I/V4l2Adaptor(  474): importBufferForPicture pictureBufferId 7, dmabufFd 110, metaFd 111
06-11 21:14:51.158 I/V4l2Adaptor(  474): onImportBufferForPicture pictureBufferId 7, dmabufFd 110, metaFd 111, plane size 1
06-11 21:14:51.158 I/V4l2Adaptor(  474): onImportBufferForPicture addr 0x0, stride 0, offset 0, size 0
06-11 21:14:51.158 I/VDA     (  474): [1] "ImportBufferForPicture picture_buffer_id 7\n"
06-11 21:14:51.158 I/VDA     (  474): [1] "ImportBufferForPictureTask dmabuf_fds 110\n"
06-11 21:14:51.160 V/OmxVideoDecoder(  474): updatePort mUseNativeBuffers 1
06-11 21:14:51.160 V/OmxVideoDecoder(  474): nWidth=1920,nHeight=1080, nMinbufs=0
06-11 21:14:51.160 I/OmxVideoDecoder(  474): getParameter Component Name OMX.amlogic.avc.decoder.awesome2, width 1920, height 1080 nBufferCountMin:10
06-11 21:14:51.160 D/OmxVideoDecoder(  474): getConfig 2867 0x700000f
06-11 21:14:51.160 D/OmxVideoDecoder(  474): getConfig 2870 nIndex 0x700000f
06-11 21:14:51.160 I/AmlogicVideoDecoderAwesome2(  474): [18]"getAndroidNativeBufferCrop [1920 x 1080] \n"
06-11 21:14:51.160 D/OmxVideoDecoder(  474): getConfig OMX_IndexConfigCommonOutputCrop pRect->nWidth=1920, pRect->nHeight=1080
06-11 21:14:51.160 D/OmxVideoDecoder(  474): setConfig 3009 0x7f00000c
06-11 21:14:51.160 D/OmxVideoDecoder(  474): getConfig 2867 0x7f00000c
06-11 21:14:51.160 D/OmxVideoDecoder(  474): getConfig 2867 0x7f00000c
06-11 21:14:51.160 E/OMXNodeInstance(  474): getConfig(0xf1fe1438:amlogic.avc.decoder.awesome2, ??(0x7f00000c)) ERROR: UnsupportedSetting(0x80001019)
06-11 21:14:51.161 D/OmxVideoDecoder(  474): getConfig 2867 0x7f000009
06-11 21:14:51.162 D/OmxVideoDecoder(  474): getConfig 2867 0x6f100004
06-11 21:14:51.162 V/OmxVideoDecoder(  474): VendorExt: getConfig: index=0 (4k-osd)
06-11 21:14:51.163 D/OmxVideoDecoder(  474): getConfig 2867 0x6f100004
06-11 21:14:51.163 V/OmxVideoDecoder(  474): VendorExt: getConfig: index=1 (video-trickmode)
06-11 21:14:51.163 D/OmxVideoDecoder(  474): getConfig 2867 0x6f100004
06-11 21:14:51.163 V/OmxVideoDecoder(  474): VendorExt: getConfig: index=2 (unstable-pts)
06-11 21:14:51.163 I/VDA     (  474): [0] "Stop[0] state 3\n"
06-11 21:14:51.163 I/VDA     (  474): [0] "Stop[1] state 3\n"
06-11 21:14:51.163 I/VDA     (  474): [0] "Stop[2] state 3\n"
06-11 21:14:51.163 I/VDA     (  474): [0] "Stop[3] state 3\n"
06-11 21:14:51.163 I/VDA     (  474): [0] "Stop[4] state 3\n"
06-11 21:14:51.163 I/VDA     (  474): [0] "Stop[5] state 3\n"
06-11 21:14:51.163 I/VDA     (  474): [0] "Stop[6] state 1\n"
06-11 21:14:51.163 D/OmxVideoDecoder(  474): getConfig 2867 0x6f100004
06-11 21:14:51.163 I/VDA     (  474): [0] "Stop[7] state 3\n"
06-11 21:14:51.163 V/OmxVideoDecoder(  474): VendorExt: getConfig: index=3 (is-mvc)
06-11 21:14:51.163 I/VDA     (  474): [0] "Stop[8] state 3\n"
06-11 21:14:51.163 I/VDA     (  474): [0] "Stop[9] state 3\n"
06-11 21:14:51.163 I/VDA     (  474): [0] "Stop[10] state 3\n"
06-11 21:14:51.163 I/VDA     (  474): [0] "Stop[11] state 1\n"
06-11 21:14:51.163 I/VDA     (  474): [0] "Stop[12] state 3\n"
06-11 21:14:51.163 I/VDA     (  474): [0] "Stop[13] state 3\n"
06-11 21:14:51.163 I/VDA     (  474): [0] "StopInputStream input_streamon 0, input_buffer_map_.size 3\n"
06-11 21:14:51.163 D/OmxVideoDecoder(  474): getConfig 2867 0x6f100004
06-11 21:14:51.163 I/VDA     (  474): [0] "SendPictureReady\n"
06-11 21:14:51.163 V/OmxVideoDecoder(  474): VendorExt: getConfig: index=4 (is-flv)
06-11 21:14:51.163 I/VDA     (  474): [0] "post ResetDoneTask\n"
06-11 21:14:51.164 I/VDA     (  474): [0] "ResetDoneTask\n"
06-11 21:14:51.164 I/VDA     (  474): [0] "StartDevicePoll\n"
06-11 21:14:51.164 D/OmxVideoDecoder(  474): getConfig 2867 0x6f100004
06-11 21:14:51.164 V/OmxVideoDecoder(  474): VendorExt: getConfig: index=5 (dvconfig-box)
06-11 21:14:51.164 I/VDA     (  474): [0] "NotifyResetDone\n"
06-11 21:14:51.164 D/OmxVideoDecoder(  474): getConfig 2867 0x6f100004
06-11 21:14:51.164 V/OmxVideoDecoder(  474): VendorExt: getConfig: index=6 (profile-level)
06-11 21:14:51.164 I/AmVideoDec(  474): [0] "notifyResetDone\n"
06-11 21:14:51.164 V/AmlogicVideoDecoderAwesome2(  474): [17]NotifyResetDone:2116 >
06-11 21:14:51.164 D/AmlogicVideoDecoderAwesome2(  474): [17]"reset_2"
06-11 21:14:51.164 D/OmxVideoDecoder(  474): getConfig 2867 0x6f100004
06-11 21:14:51.164 V/AmlogicVideoDecoderAwesome2(  474): [17]start:341 >
06-11 21:14:51.164 V/OmxVideoDecoder(  474): VendorExt: getConfig: index=6 (profile-level)
06-11 21:14:51.164 E/ThreadWorker(  474): pthread on exit wait clean
06-11 21:14:51.164 D/AmlogicVideoDecoderAwesome2(  474): [17]"mVideo start\n"
06-11 21:14:51.164 V/AmlogicVideoDecoderAwesome2(  474): [17]flushInput:1018 >
06-11 21:14:51.164 V/OMX_WorkerPeer(  474): vendor/amlogic/common/omx/omx_framework/WorkerPeer.cpp:runWorkerStatic:155 --------------------
06-11 21:14:51.165 V/OMX_WorkerPeer(  474): vendor/amlogic/common/omx/omx_framework/WorkerPeer.cpp:runWorker:161 --------------------
06-11 21:14:51.165 I/OmxComponent(  474): OMX.amlogic.avc.decoder.awesome2: flush output
06-11 21:14:51.165 V/AmlogicVideoDecoderAwesome2(  474): [17]flushOutput:1021 >
06-11 21:14:51.165 D/AmlogicVideoDecoderAwesome2(  474): [17]"__flushOutput__fillBufferDone:11 0xf23d3d70\n"
06-11 21:14:51.165 V/AmlogicVideoDecoderAwesome2(  474): [17]flushOutput:1098 >
06-11 21:14:51.165 D/OmxVideoDecoder(  474): getConfig 2867 0x6f100004
06-11 21:14:51.165 V/OmxVideoDecoder(  474): VendorExt: getConfig: index=7 (nrdp)
06-11 21:14:51.166 D/OmxVideoDecoder(  474): getConfig 2867 0x6f100004
06-11 21:14:51.166 V/OmxVideoDecoder(  474): VendorExt: getConfig: index=8 (low-latency)
06-11 21:14:51.166 D/OmxVideoDecoder(  474): getConfig 2867 0x6f100004
06-11 21:14:51.166 V/OmxVideoDecoder(  474): VendorExt: getConfig: index=9 (save-mem)
06-11 21:14:51.167 D/OmxVideoDecoder(  474): getConfig 2867 0x6f100004
06-11 21:14:51.167 V/OmxVideoDecoder(  474): VendorExt: getConfig: index=10 (videoLayer)
06-11 21:14:51.167 D/OmxVideoDecoder(  474): getConfig 2867 0x6f100004
06-11 21:14:51.167 V/OmxVideoDecoder(  474): VendorExt: getConfig: index=11 (renderByOmx)
06-11 21:14:51.167 D/OmxVideoDecoder(  474): getConfig 2867 0x6f100004
06-11 21:14:51.167 V/OmxVideoDecoder(  474): VendorExt: getConfig: index=12 (tunerhal)
06-11 21:14:51.167 D/OmxVideoDecoder(  474): getConfig 2867 0x6f100004
06-11 21:14:51.167 V/OmxVideoDecoder(  474): VendorExt: getConfig: index=12 (tunerhal)
06-11 21:14:51.168 D/OmxVideoDecoder(  474): getConfig 2867 0x6f100004
06-11 21:14:51.168 V/OmxVideoDecoder(  474): VendorExt: getConfig: index=13 (VideoQos)
06-11 21:14:51.168 D/OmxVideoDecoder(  474): getConfig 2867 0x6f100004
06-11 21:14:51.168 V/OmxVideoDecoder(  474): VendorExt: getConfig: index=14 (rotation-angle)
06-11 21:14:51.169 D/stbdpc  (  397): STB_DPGetNumPaths[570]: num_paths: 1
06-11 21:14:51.170 D/AmlogicVideoDecoderAwesome2(  474): Calculate duration from pts is 0
06-11 21:14:51.170 D/AmlogicVideoDecoderAwesome2(  474): Calculate duration from pts is 0
06-11 21:14:51.170 D/AmlogicVideoDecoderAwesome2(  474): Calculate duration from pts is 40000
06-11 21:14:51.171 D/OmxVideoDecoder(  474): getConfig 2867 0x6f100004
06-11 21:14:51.171 V/OmxVideoDecoder(  474): VendorExt: getConfig: index=15 (McodecReport)
06-11 21:14:51.171 D/OmxVideoDecoder(  474): mMcodecReport=0 mPeer.get=0xf23bbc00
06-11 21:14:51.171 D/OmxVideoDecoder(  474): getConfig 2867 0x6f100004
06-11 21:14:51.171 V/OmxVideoDecoder(  474): VendorExt: getConfig: index=16 (START.low-latency)
06-11 21:14:51.171 D/OmxVideoDecoder(  474): getConfig 2867 0x6f100004
06-11 21:14:51.171 I/NU-AmNuPlayerDecoder(  465): [doFlush:952] video flushing 
06-11 21:14:51.172 I/NU-AmNuPlayer(  465): decoder video flush completed
06-11 21:14:51.172 I/OmxComponent(  474): OMX_CommandStateSet 850 Cmd 0 nParam1 0x2
06-11 21:14:51.172 I/OmxComponent(  474): OMX-25 STATE_SET:   OMX_StateExecuting => OMX_StateIdle : OMX.amlogic.avc.decoder.awesome2
06-11 21:14:51.172 I/OmxComponent(  474): OMX.amlogic.avc.decoder.awesome2: flush input
06-11 21:14:51.172 V/AmlogicVideoDecoderAwesome2(  474): [17]flushInput:978 >
06-11 21:14:51.172 V/OMX_WorkerPeer(  474): vendor/amlogic/common/omx/omx_framework/WorkerPeer.cpp:flushInput:57 --------------------
06-11 21:14:51.172 V/AmlogicVideoDecoderAwesome2(  474): [17]pause:333 >
06-11 21:14:51.172 V/AmlogicVideoDecoderAwesome2(  474): [17]reset:381 >
06-11 21:14:51.172 D/AmlogicVideoDecoderAwesome2(  474): [17]"reset_1"
06-11 21:14:51.172 D/VideoDecWraper(  474): reset
06-11 21:14:51.172 I/AmVideoDec(  474): [0] "reset\n"
06-11 21:14:51.172 I/VDA     (  474): [0] "Reset\n"
06-11 21:14:51.173 I/VDA     (  474): [0] "ResetTask\n"
06-11 21:14:51.173 I/VDA     (  474): [0] "FinishReset\n"
06-11 21:14:51.173 I/VDA     (  474): [0] "StopDevicePoll\n"
06-11 21:14:51.173 I/VDA     (  474): [0] "StopInputStream input_streamon 0, input_buffer_map_.size 3\n"
06-11 21:14:51.173 I/VDA     (  474): [0] "SendPictureReady\n"
06-11 21:14:51.173 I/VDA     (  474): [0] "post ResetDoneTask\n"
06-11 21:14:51.173 I/VDA     (  474): [0] "ResetDoneTask\n"
06-11 21:14:51.173 I/VDA     (  474): [0] "StartDevicePoll\n"
06-11 21:14:51.174 I/VDA     (  474): [0] "NotifyResetDone\n"
06-11 21:14:51.174 I/AmVideoDec(  474): [0] "notifyResetDone\n"
06-11 21:14:51.174 V/AmlogicVideoDecoderAwesome2(  474): [17]NotifyResetDone:2116 >
06-11 21:14:51.174 D/AmlogicVideoDecoderAwesome2(  474): [17]"reset_2"
06-11 21:14:51.174 V/AmlogicVideoDecoderAwesome2(  474): [17]start:341 >
06-11 21:14:51.174 E/ThreadWorker(  474): pthread on exit wait clean
06-11 21:14:51.190 D/AmlogicVideoDecoderAwesome2(  474): [17]"mVideo start\n"
06-11 21:14:51.190 V/AmlogicVideoDecoderAwesome2(  474): [17]flushInput:1018 >
06-11 21:14:51.190 I/OmxComponent(  474): OMX.amlogic.avc.decoder.awesome2: flush output
06-11 21:14:51.190 V/AmlogicVideoDecoderAwesome2(  474): [17]flushOutput:1021 >
06-11 21:14:51.190 V/AmlogicVideoDecoderAwesome2(  474): [17]flushOutput:1098 >
06-11 21:14:51.190 D/AmlogicVideoDecoderAwesome2(  474): [17]"mVideo stop\n"
06-11 21:14:51.190 V/OMX_WorkerPeer(  474): vendor/amlogic/common/omx/omx_framework/WorkerPeer.cpp:runWorkerStatic:155 --------------------
06-11 21:14:51.190 V/AmlogicVideoDecoderAwesome2(  474): [17]stop:366 >
06-11 21:14:51.190 V/OMX_WorkerPeer(  474): vendor/amlogic/common/omx/omx_framework/WorkerPeer.cpp:runWorker:161 --------------------
06-11 21:14:51.190 I/OmxComponent(  474): OMX-25 STATE_TRANS: OMX_StateExecuting => OMX_StateIdle : OMX.amlogic.avc.decoder.awesome2
06-11 21:14:51.190 I/OmxComponent(  474): STATE_DONE:  OMX_StateExecuting => OMX_StateIdle : OMX.amlogic.avc.decoder.awesome2
06-11 21:14:51.191 I/OmxComponent(  474): OMX_CommandStateSet 850 Cmd 0 nParam1 0x1
06-11 21:14:51.191 I/OmxComponent(  474): OMX-25 STATE_SET:   OMX_StateIdle => OMX_StateLoaded : OMX.amlogic.avc.decoder.awesome2
06-11 21:14:51.191 V/AmlogicVideoDecoderAwesome2(  474): [17]releaseResources:443 >
06-11 21:14:51.191 V/AmlogicVideoDecoderAwesome2(  474): [17]tearDown:802 >
06-11 21:14:51.191 V/AmlogicVideoDecoderAwesome2(  474): [17]tearDown:1563 >
06-11 21:14:51.191 V/AmlogicVideoDecoderAwesome2(  474): [17]initializeState_l:1611 >
06-11 21:14:51.191 D/VideoDecWraper(  474): destroy
06-11 21:14:51.191 I/VDA     (  474): [0] "Destroy"
06-11 21:14:51.191 I/VDA     (  474): [0] "DestroyTask(): IN[0,0], OUT[0,0,0] DEC[0->0] => DEVICE[3+0/3->0+0/14] => CLIENT[12]\n"
06-11 21:14:51.191 I/VDA     (  474): [0] "StopDevicePoll\n"
06-11 21:14:51.192 I/VDA     (  474): [0] "StopInputStream input_streamon 0, input_buffer_map_.size 3\n"
06-11 21:14:51.192 I/VDA     (  474): [0] "DestroyInputBuffers\n"
06-11 21:14:51.193 W/gralloc4(15598): Buffer descriptor with invalid usage bits 0x2000
06-11 21:14:51.200 W/gralloc4(  474): Buffer descriptor with invalid usage bits 0x2000
06-11 21:14:51.201 D/AmlogicVideoDecoderAwesome2(  474): [18]"======setOutputBuf, line 1298=======:8, 0x0, fd:139"
06-11 21:14:51.201 I/VideoDecWraper(  474): importBufferForPicture:8
06-11 21:14:51.201 D/VideoDecWraper(  474): outbuf color format NV21
06-11 21:14:51.201 I/V4l2Adaptor(  474): importBufferForPicture pictureBufferId 8, dmabufFd 17, metaFd 18
06-11 21:14:51.201 I/V4l2Adaptor(  474): onImportBufferForPicture pictureBufferId 8, dmabufFd 17, metaFd 18, plane size 1
06-11 21:14:51.201 I/V4l2Adaptor(  474): onImportBufferForPicture addr 0x0, stride 0, offset 0, size 0
06-11 21:14:51.201 I/VDA     (  474): [1] "ImportBufferForPicture picture_buffer_id 8\n"
06-11 21:14:51.201 I/VDA     (  474): [1] "ImportBufferForPictureTask dmabuf_fds 17\n"
06-11 21:14:51.203 D/MesonHwc(  360): VideoComposerDev (10) set (1).
06-11 21:14:51.206 D/SystemControl(  346): [CPQControl]:onVframeSizeChange: event value = 7(0x7)!
06-11 21:14:51.206 D/SystemControl(  346): [CPQControl]:isBootvideoStopped: bootvideo enable value is 0050!
06-11 21:14:51.206 D/SystemControl(  346): [CPQControl]:isBootvideoStopped: bootvideo don't enable!
06-11 21:14:51.207 D/SystemControl(  346): [CPQControl]:onVframeSizeChange: sig_fmt = 0x40a(1034).
06-11 21:14:51.207 D/SystemControl(  346): [CPQControl]:SetCurrentSourceInputInfo: param_check_source_enable = 1!
06-11 21:14:51.207 D/SystemControl(  346): [CPQControl]:SetCurrentSourceInputInfo:new source info: source=10,sigFmt=1034(0x40a),hdrType=6
06-11 21:14:51.207 D/SystemControl(  346): [CPQControl]:SetCurrentSourceInputInfo: mCurrentHdrType is 6, hdrStatus is 0!
06-11 21:14:51.207 D/SystemControl(  346): [CPQControl]:CheckOutPutMode: current output mode is 1080p60hz!
06-11 21:14:51.207 D/SystemControl(  346): [CPQControl]:CheckOutPutMode: outputFrameHeight: 1080!
06-11 21:14:51.207 D/SystemControl(  346): [CPQControl]:Cpq_GetInputVideoFrameHeight: inputFrameHeight is 1080!
06-11 21:14:51.207 D/SystemControl(  346): [CPQControl]:CheckOutPutMode: output mode is 13!
06-11 21:14:51.207 D/SystemControl(  346): [CPQControl]:SetCurrentSourceInputInfo: same signal, no need set!
06-11 21:14:51.207 D/SystemControl(  346): [CPQControl]:onVframeSizeChange: send hdr event,info is 6.!
06-11 21:14:51.207 D/JioServiceSysCtrlEvent( 1856): notifyHdrInfoChangedCallback newHdrInfo:6
06-11 21:14:51.212 W/gralloc4(15598): Buffer descriptor with invalid usage bits 0x2000
06-11 21:14:51.212 W/gralloc4(  474): Buffer descriptor with invalid usage bits 0x2000
06-11 21:14:51.213 D/AmlogicVideoDecoderAwesome2(  474): [18]"======setOutputBuf, line 1298=======:9, 0x0, fd:30"
06-11 21:14:51.213 I/VideoDecWraper(  474): importBufferForPicture:9
06-11 21:14:51.213 D/VideoDecWraper(  474): outbuf color format NV21
06-11 21:14:51.213 I/V4l2Adaptor(  474): importBufferForPicture pictureBufferId 9, dmabufFd 15, metaFd 19
06-11 21:14:51.213 I/V4l2Adaptor(  474): onImportBufferForPicture pictureBufferId 9, dmabufFd 15, metaFd 19, plane size 1
06-11 21:14:51.213 I/V4l2Adaptor(  474): onImportBufferForPicture addr 0x0, stride 0, offset 0, size 0
06-11 21:14:51.213 I/VDA     (  474): [1] "ImportBufferForPicture picture_buffer_id 9\n"
06-11 21:14:51.213 I/VDA     (  474): [1] "ImportBufferForPictureTask dmabuf_fds 15\n"
06-11 21:14:51.215 I/lowmemorykiller(  231): medium memory pressure event is triggered for new strategy
06-11 21:14:51.215 D/lowmemorykiller(  231): LMKD mp_event_psi kill_reasons available are PRESSURE_AFTER_KILL, NOT_RESPONDING, LOW_SWAP_AND_THRASHING, LOW_MEM_AND_SWAP, LOW_MEM_AND_THRASHING, DIRECT_RECL_AND_THRASHING
06-11 21:14:51.215 D/lowmemorykiller(  231): LMKD mp_event_psi kill_reason received= -1
06-11 21:14:51.220 W/gralloc4(15598): Buffer descriptor with invalid usage bits 0x2000
06-11 21:14:51.221 W/gralloc4(  474): Buffer descriptor with invalid usage bits 0x2000
06-11 21:14:51.221 D/AmlogicVideoDecoderAwesome2(  474): [18]"======setOutputBuf, line 1298=======:10, 0x0, fd:35"
06-11 21:14:51.221 I/VideoDecWraper(  474): importBufferForPicture:10
06-11 21:14:51.221 D/VideoDecWraper(  474): outbuf color format NV21
06-11 21:14:51.221 I/V4l2Adaptor(  474): importBufferForPicture pictureBufferId 10, dmabufFd 16, metaFd 20
06-11 21:14:51.221 I/V4l2Adaptor(  474): onImportBufferForPicture pictureBufferId 10, dmabufFd 16, metaFd 20, plane size 1
06-11 21:14:51.221 I/V4l2Adaptor(  474): onImportBufferForPicture addr 0x0, stride 0, offset 0, size 0
06-11 21:14:51.221 I/VDA     (  474): [1] "ImportBufferForPicture picture_buffer_id 10\n"
06-11 21:14:51.221 I/VDA     (  474): [1] "ImportBufferForPictureTask dmabuf_fds 16\n"
06-11 21:14:51.221 D/VideoDecWraper(  474): ~VideoDecWraper
06-11 21:14:51.221 I/AmVideoDec(  474): [0] "~AmVideoDec IN[101:101] OUT[103:101]\n"
06-11 21:14:51.222 D/OmxResManage(  474): Release fd = 12
06-11 21:14:51.222 D/resman  (  474): release all, fd:12
06-11 21:14:51.222 I/OmxComponent(  474): OMX-25 STATE_TRANS: OMX_StateIdle => OMX_StateLoaded : OMX.amlogic.avc.decoder.awesome2
06-11 21:14:51.222 I/OmxComponent(  474): STATE_DONE:  OMX_StateIdle => OMX_StateLoaded : OMX.amlogic.avc.decoder.awesome2
06-11 21:14:51.222 D/OmxComponentManagerImpl(  474): DecreaseEntryNumByName pEntry->mNum=2, pEntry->mMaxNum:9,componentName:OMX.amlogic.avc.decoder.awesome2
06-11 21:14:51.222 I/omx_core(  474): OMX_freeHandle_num_= 1
06-11 21:14:51.225 D/OmxVideoDecoder(  474): ~OmxVideoDecoder===pSidebandWindow:0x0
06-11 21:14:51.226 D/AmlogicVideoPassthrough(  474): [2]"~AmlogicVideoPassthrough"
06-11 21:14:51.226 D/AmlogicVideoPassthrough(  474): [1]"~AmlogicVideoPassthrough, mOmxInstancenum 1"
06-11 21:14:51.226 D/OmxComponent(  474): ~OmxComponent 281 : OMX.amlogic.avc.decoder.awesome2
06-11 21:14:51.226 I/AmlogicVideoDecoderAwesome2(  474): [17]"~AmlogicVideoDecoderAwesome2"
06-11 21:14:51.226 D/AmlogicVideoDecoderAwesome2(  474): [17]"~AmlogicVideoDecoder2"
06-11 21:14:51.227 D/AmlogicVideoDecoderAwesome2(  474): [17]"~AmlogicVideoDecoder2, mOmxInstancenum 1"
06-11 21:14:51.227 D/OmxResManage(  474): ~ResManWrapper fd = 12
06-11 21:14:51.228 D/resman  (  474): release all resource, fd = 12
06-11 21:14:51.229 D/SurfaceUtils(  465): disconnecting from surface 0xf34c0c08, reason disconnectFromSurface
06-11 21:14:51.231 D/SurfaceUtils(  465): connecting to surface 0xf34c0c08, reason onShutdown
06-11 21:14:51.232 I/NuPlayerDecoderBase(  465): ReadDataHandler release.
06-11 21:14:51.232 I/MessageMonitor(  465): ReadDataHandler MessageMonitor exit
06-11 21:14:51.232 I/NU-AmNuPlayer(  465): video shutdown completed
06-11 21:14:51.233 I/NU-AmNuPlayer(  465): video setHasNoMedia
06-11 21:14:51.233 I/MessageMonitor(  465): NU-AmNuPlayerDecoder-vidN MessageMonitor exit
06-11 21:14:51.235 D/NU-AmNuPlayerDriver(  465): notifyResetComplete(0xf3992aa0)
06-11 21:14:51.236 D/NU-AmNuPlayerDriver(  465): reset(0xf3992aa0) at state 0
06-11 21:14:51.236 D/SurfaceUtils(  465): disconnecting from surface 0xf34bf008, reason disconnectNativeWindow
06-11 21:14:51.237 I/MessageMonitor(  465): NU-AmNuPlayer MessageMonitor exit
06-11 21:14:51.238 I/audio_hw_primary(  348): adev_set_parameters(0xee589c40, kv: sound_track=0)
06-11 21:14:51.238 I/audio_hw_primary(  348): video player sound_track mode 0 
06-11 21:14:51.239 I/NU-GenericSource(  465): >>>[~GenericSource 1556]
06-11 21:14:51.240 I/NU-GenericSource(  465): [resetDataSource 359]
06-11 21:14:51.240 I/MessageMonitor(  465): NU-GenericSource MessageMonitor exit
06-11 21:14:51.245 I/audio_hw_primary(  348): adev_set_parameters(0xee589c40, kv: is_ms12_continuous=1)
06-11 21:14:51.250 V/MediaPlayer(15598): resetDrmState:  mDrmInfo=null mDrmProvisioningThread=null mPrepareDrmInProgress=false mActiveDrmScheme=false
06-11 21:14:51.251 V/MediaPlayer(15598): cleanDrmObj: mDrmObj=null mDrmSessionId=null
06-11 21:14:51.251 V/MediaPlayer(15598): resetDrmState:  mDrmInfo=null mDrmProvisioningThread=null mPrepareDrmInProgress=false mActiveDrmScheme=false
06-11 21:14:51.251 V/MediaPlayer(15598): cleanDrmObj: mDrmObj=null mDrmSessionId=null
06-11 21:14:51.254 I/MediaFocusControl(  633): abandonAudioFocus() from uid/pid 10091/15598 clientId=android.media.AudioManager@d4a1d5f
06-11 21:14:51.256 I/MessageMonitor(  465): NU-AmNuPlayerRenderer MessageMonitor exit
06-11 21:14:51.257 W/AMessage(  465): failed to post message as target looper for handler 0 is gone.
06-11 21:14:51.261 E/BufferQueueProducer(  393): [com.epic.docubay/com.epic.docubay.ui.launcher.activity.LauncherActivity#0](id:18900000045,api:0,p:-1,c:393) disconnect: not connected (req=1)
06-11 21:14:51.262 W/libEGL  (15598): EGLNativeWindowType 0xf4583c08 disconnect failed
06-11 21:14:51.265 V/DigitalSignage(  633): Package Name: null
06-11 21:14:51.265 V/DigitalSignage(  633): Left: 0
06-11 21:14:51.265 V/DigitalSignage(  633): Right: 0
06-11 21:14:51.265 V/DigitalSignage(  633): Top: 0
06-11 21:14:51.265 V/DigitalSignage(  633): Bottom: 0
06-11 21:14:51.265 D/DigitalSignage(  633): else - Package Name :: null left : 0 right :: 0 top :: 0 bottom :: 0 dfu-right :: 1920 dfu-bottom :: 1080
06-11 21:14:51.269 D/stbdpc  (  397): STB_DPGetNumPaths[570]: num_paths: 1
06-11 21:14:51.299 D/dvb_iptv(  397): ReadEmmNetworkTask[1537]: EMM Select Timeout Occured 23
06-11 21:14:51.311 V/DigitalSignage(  633): Package Name: null
06-11 21:14:51.311 V/DigitalSignage(  633): Left: 0
06-11 21:14:51.311 V/DigitalSignage(  633): Right: 0
06-11 21:14:51.311 V/DigitalSignage(  633): Top: 0
06-11 21:14:51.311 V/DigitalSignage(  633): Bottom: 0
06-11 21:14:51.311 D/DigitalSignage(  633): else - Package Name :: null left : 0 right :: 0 top :: 0 bottom :: 0 dfu-right :: 1920 dfu-bottom :: 1080
06-11 21:14:51.315 I/lowmemorykiller(  231): medium memory pressure event is triggered for new strategy
06-11 21:14:51.315 D/lowmemorykiller(  231): LMKD mp_event_psi kill_reasons available are PRESSURE_AFTER_KILL, NOT_RESPONDING, LOW_SWAP_AND_THRASHING, LOW_MEM_AND_SWAP, LOW_MEM_AND_THRASHING, DIRECT_RECL_AND_THRASHING
06-11 21:14:51.315 D/lowmemorykiller(  231): LMKD mp_event_psi kill_reason received= -1
06-11 21:14:51.318 W/SurfaceFlinger(  393): couldn't log to binary event log: overflow.
06-11 21:14:51.329 E/WifiVendorHal(  633): getWifiLinkLayerStats_1_3_Internal(l.973) failed {.code = ERROR_UNKNOWN, .description = unknown error}
06-11 21:14:51.339 D/BufferPoolAccessor2.0(  465): evictor expired: 1, evicted: 0
06-11 21:14:51.369 D/stbdpc  (  397): STB_DPGetNumPaths[570]: num_paths: 1
06-11 21:14:51.406 W/APM::AudioPolicyEngine(  387): getDevicesForStrategy() unknown strategy: -1
06-11 21:14:51.406 W/APM::AudioPolicyEngine(  387): getDevicesForStrategy() unknown strategy: -1
06-11 21:14:51.416 I/lowmemorykiller(  231): medium memory pressure event is triggered for new strategy
06-11 21:14:51.416 D/lowmemorykiller(  231): LMKD mp_event_psi kill_reasons available are PRESSURE_AFTER_KILL, NOT_RESPONDING, LOW_SWAP_AND_THRASHING, LOW_MEM_AND_SWAP, LOW_MEM_AND_THRASHING, DIRECT_RECL_AND_THRASHING
06-11 21:14:51.416 D/lowmemorykiller(  231): LMKD mp_event_psi kill_reason received= -1
06-11 21:14:51.454 I/system_server(  633): oneway function results will be dropped but finished with status OK and parcel size 4
06-11 21:14:51.457 D/AudioTrack(15598): getTimestamp_l(49): device stall time corrected using current time 2522610472201
06-11 21:14:51.469 D/stbdpc  (  397): STB_DPGetNumPaths[570]: num_paths: 1
06-11 21:14:51.488 W/gralloc4(15598): Buffer descriptor with invalid usage bits 0x2000
06-11 21:14:51.488 W/gralloc4(  474): Buffer descriptor with invalid usage bits 0x2000
06-11 21:14:51.489 D/AmlogicVideoDecoderAwesome2(  474): [18]"======setOutputBuf, line 1298=======:11, 0x0, fd:29"
06-11 21:14:51.489 I/VideoDecWraper(  474): importBufferForPicture:11
06-11 21:14:51.489 D/VideoDecWraper(  474): outbuf color format NV21
06-11 21:14:51.489 I/V4l2Adaptor(  474): importBufferForPicture pictureBufferId 11, dmabufFd 21, metaFd 22
06-11 21:14:51.489 I/V4l2Adaptor(  474): onImportBufferForPicture pictureBufferId 11, dmabufFd 21, metaFd 22, plane size 1
06-11 21:14:51.489 I/V4l2Adaptor(  474): onImportBufferForPicture addr 0x0, stride 0, offset 0, size 0
06-11 21:14:51.489 I/VDA     (  474): [1] "ImportBufferForPicture picture_buffer_id 11\n"
06-11 21:14:51.489 I/VDA     (  474): [1] "ImportBufferForPictureTask dmabuf_fds 21\n"
06-11 21:14:51.496 I/om.epic.docuba(15598): Background concurrent copying GC freed 37944(1745KB) AllocSpace objects, 14(1436KB) LOS objects, 49% free, 15MB/31MB, paused 308us total 502.055ms
06-11 21:14:51.511 I/VDA     (  474): [1] "ServiceDeviceTask(): buffer counts: IN[35,35], OUT[12,11,11] DEC[0->0] => DEVICE[3+0/3->0+1/14] => CLIENT[11]\n"
06-11 21:14:51.513 I/om.epic.docuba(15598): oneway function results will be dropped but finished with status OK and parcel size 4
06-11 21:14:51.516 I/lowmemorykiller(  231): medium memory pressure event is triggered for new strategy
06-11 21:14:51.516 D/lowmemorykiller(  231): LMKD mp_event_psi kill_reasons available are PRESSURE_AFTER_KILL, NOT_RESPONDING, LOW_SWAP_AND_THRASHING, LOW_MEM_AND_SWAP, LOW_MEM_AND_THRASHING, DIRECT_RECL_AND_THRASHING
06-11 21:14:51.516 D/lowmemorykiller(  231): LMKD mp_event_psi kill_reason received= -1
