06-11 23:29:42.757 W/Codec2Client(32423): query -- param skipped: index = 1107298332.
06-11 23:29:42.757 D/CCodec  (32423): setup formats input: AMessage(what = 0x00000000) = {
06-11 23:29:42.757 D/CCodec  (32423):   int32_t channel-count = 1
06-11 23:29:42.757 D/CCodec  (32423):   int32_t max-input-size = 32768
06-11 23:29:42.757 D/CCodec  (32423):   string mime = "audio/vorbis"
06-11 23:29:42.757 D/CCodec  (32423):   int32_t sample-rate = 16000
06-11 23:29:42.757 D/CCodec  (32423): } and output: AMessage(what = 0x00000000) = {
06-11 23:29:42.757 D/CCodec  (32423):   int32_t channel-count = 1
06-11 23:29:42.757 D/CCodec  (32423):   string mime = "audio/raw"
06-11 23:29:42.757 D/CCodec  (32423):   int32_t sample-rate = 16000
06-11 23:29:42.757 D/CCodec  (32423):   int32_t channel-mask = 1
06-11 23:29:42.757 D/CCodec  (32423): }
06-11 23:29:42.758 W/Codec2Client(32423): query -- param skipped: index = 1342179345.
06-11 23:29:42.758 W/Codec2Client(32423): query -- param skipped: index = 2415921170.
06-11 23:29:42.759 E/FMQ     (32423): grantorIdx must be less than 3
06-11 23:29:42.759 E/FMQ     (32423): grantorIdx must be less than 3
06-11 23:29:42.759 D/CCodecBufferChannel(32423): [c2.android.vorbis.decoder#907] Created input block pool with allocatorID 16 => poolID 21 - OK (0)
06-11 23:29:42.760 E/FMQ     (  477): grantorIdx must be less than 3
06-11 23:29:42.760 E/FMQ     (  477): grantorIdx must be less than 3
06-11 23:29:42.761 I/CCodecBufferChannel(32423): [c2.android.vorbis.decoder#907] Created output block pool with allocatorID 16 => poolID 247 - OK
06-11 23:29:42.761 D/CCodecBufferChannel(32423): [c2.android.vorbis.decoder#907] Configured output block pool ids 247 => OK
06-11 23:29:42.765 E/FMQ     (32423): grantorIdx must be less than 3
06-11 23:29:42.766 E/FMQ     (  477): grantorIdx must be less than 3
06-11 23:29:42.773 D/SimpleC2Component(  477): Using output block pool with poolID 247 => got 247 - 0
06-11 23:29:42.774 I/CCodec  (32423): Created component [c2.android.vorbis.decoder]
06-11 23:29:42.783 W/pool-8-thread-1( 3655): type=1400 audit(0.0:13606): avc: denied { read } for name="arp" dev="proc" ino=4026532018 scontext=u:r:untrusted_app_27:s0:c85,c256,c512,c768 tcontext=u:object_r:proc_net:s0 tclass=file permissive=0 app=com.jio.myhome.mediasharedmp
06-11 23:29:42.775 D/CCodecConfig(32423): read media type: audio/vorbis
06-11 23:29:42.781 D/ReflectedParamUpdater(32423): extent() != 1 for single value type: algo.buffers.max-count.values
06-11 23:29:42.788 E/FMQ     (  477): grantorIdx must be less than 3
06-11 23:29:42.789 E/FMQ     (32423): grantorIdx must be less than 3
06-11 23:29:42.790 D/CCodecBuffers(32423): [c2.android.vorbis.decoder#907:Output[N]] popFromStashAndRegister: output format changed to AMessage(what = 0x00000000) = {
06-11 23:29:42.790 D/CCodecBuffers(32423):   int32_t channel-count = 1
06-11 23:29:42.790 D/CCodecBuffers(32423):   string mime = "audio/raw"
06-11 23:29:42.790 D/CCodecBuffers(32423):   int32_t sample-rate = 16000
06-11 23:29:42.790 D/CCodecBuffers(32423):   int32_t channel-mask = 1
06-11 23:29:42.790 D/CCodecBuffers(32423): }
06-11 23:29:42.792 D/ReflectedParamUpdater(32423): extent() != 1 for single value type: output.subscribed-indices.values
06-11 23:29:42.792 D/ReflectedParamUpdater(32423): extent() != 1 for single value type: input.buffers.allocator-ids.values
06-11 23:29:42.792 D/ReflectedParamUpdater(32423): extent() != 1 for single value type: output.buffers.allocator-ids.values
06-11 23:29:42.792 D/ReflectedParamUpdater(32423): extent() != 1 for single value type: algo.buffers.allocator-ids.values
06-11 23:29:42.792 D/ReflectedParamUpdater(32423): extent() != 1 for single value type: output.buffers.pool-ids.values
06-11 23:29:42.793 D/ReflectedParamUpdater(32423): extent() != 1 for single value type: algo.buffers.pool-ids.values
06-11 23:29:42.787 W/pool-8-thread-1( 3655): type=1400 audit(0.0:13607): avc: denied { read } for name="arp" dev="proc" ino=4026532018 scontext=u:r:untrusted_app_27:s0:c85,c256,c512,c768 tcontext=u:object_r:proc_net:s0 tclass=file permissive=0 app=com.jio.myhome.mediasharedmp
06-11 23:29:42.795 D/stbdpc  (  397): STB_DPGetNumPaths[570]: num_paths: 1
06-11 23:29:42.795 I/CCodecConfig(32423): query failed after returning 7 values (BAD_INDEX)
06-11 23:29:42.795 D/CCodecConfig(32423): c2 config diff is Dict {
06-11 23:29:42.795 D/CCodecConfig(32423):   c2::u32 coded.bitrate.value = 64000
06-11 23:29:42.795 D/CCodecConfig(32423):   c2::u32 input.buffers.max-size.value = 32768
06-11 23:29:42.795 D/CCodecConfig(32423):   c2::u32 input.delay.value = 0
06-11 23:29:42.795 D/CCodecConfig(32423):   string input.media-type.value = "audio/vorbis"
06-11 23:29:42.795 D/CCodecConfig(32423):   string output.media-type.value = "audio/raw"
06-11 23:29:42.795 D/CCodecConfig(32423):   c2::u32 raw.channel-count.value = 1
06-11 23:29:42.795 D/CCodecConfig(32423):   c2::u32 raw.sample-rate.value = 48000
06-11 23:29:42.795 D/CCodecConfig(32423): }
06-11 23:29:42.798 D/CCodec  (32423): [c2.android.vorbis.decoder] buffers are bound to CCodec for this session
06-11 23:29:42.798 D/CCodecConfig(32423): no c2 equivalents for durationUs
06-11 23:29:42.798 D/CCodecConfig(32423): no c2 equivalents for track-id
06-11 23:29:42.799 D/CCodecConfig(32423): no c2 equivalents for csd-1
06-11 23:29:42.799 D/CCodecConfig(32423): no c2 equivalents for channel-mask
06-11 23:29:42.799 D/CCodecConfig(32423): no c2 equivalents for flags
06-11 23:29:42.800 D/CCodecConfig(32423): c2 config diff is   c2::u32 raw.sample-rate.value = 16000
06-11 23:29:42.802 W/Codec2Client(32423): query -- param skipped: index = 1107298332.
06-11 23:29:42.802 D/CCodec  (32423): setup formats input: AMessage(what = 0x00000000) = {
06-11 23:29:42.802 D/CCodec  (32423):   int32_t channel-count = 1
06-11 23:29:42.802 D/CCodec  (32423):   int32_t max-input-size = 32768
06-11 23:29:42.802 D/CCodec  (32423):   string mime = "audio/vorbis"
06-11 23:29:42.802 D/CCodec  (32423):   int32_t sample-rate = 16000
06-11 23:29:42.802 D/CCodec  (32423): } and output: AMessage(what = 0x00000000) = {
06-11 23:29:42.802 D/CCodec  (32423):   int32_t channel-count = 1
06-11 23:29:42.802 D/CCodec  (32423):   string mime = "audio/raw"
06-11 23:29:42.802 D/CCodec  (32423):   int32_t sample-rate = 16000
06-11 23:29:42.802 D/CCodec  (32423):   int32_t channel-mask = 1
06-11 23:29:42.802 D/CCodec  (32423): }
06-11 23:29:42.803 W/Codec2Client(32423): query -- param skipped: index = 1342179345.
06-11 23:29:42.803 W/Codec2Client(32423): query -- param skipped: index = 2415921170.
06-11 23:29:42.804 E/FMQ     (32423): grantorIdx must be less than 3
06-11 23:29:42.804 E/FMQ     (32423): grantorIdx must be less than 3
06-11 23:29:42.805 D/CCodecBufferChannel(32423): [c2.android.vorbis.decoder#515] Created input block pool with allocatorID 16 => poolID 22 - OK (0)
06-11 23:29:42.806 E/FMQ     (  477): grantorIdx must be less than 3
06-11 23:29:42.806 E/FMQ     (  477): grantorIdx must be less than 3
06-11 23:29:42.808 I/CCodecBufferChannel(32423): [c2.android.vorbis.decoder#515] Created output block pool with allocatorID 16 => poolID 248 - OK
06-11 23:29:42.808 D/CCodecBufferChannel(32423): [c2.android.vorbis.decoder#515] Configured output block pool ids 248 => OK
06-11 23:29:42.812 D/SimpleC2Component(  477): Using output block pool with poolID 248 => got 248 - 0
06-11 23:29:42.813 E/FMQ     (32423): grantorIdx must be less than 3
06-11 23:29:42.814 E/FMQ     (  477): grantorIdx must be less than 3
06-11 23:29:42.825 E/FMQ     (  477): grantorIdx must be less than 3
06-11 23:29:42.825 E/FMQ     (32423): grantorIdx must be less than 3
06-11 23:29:42.828 D/CCodecBuffers(32423): [c2.android.vorbis.decoder#515:Output[N]] popFromStashAndRegister: output format changed to AMessage(what = 0x00000000) = {
06-11 23:29:42.828 D/CCodecBuffers(32423):   int32_t channel-count = 1
06-11 23:29:42.828 D/CCodecBuffers(32423):   string mime = "audio/raw"
06-11 23:29:42.828 D/CCodecBuffers(32423):   int32_t sample-rate = 16000
06-11 23:29:42.828 D/CCodecBuffers(32423):   int32_t channel-mask = 1
06-11 23:29:42.828 D/CCodecBuffers(32423): }
06-11 23:29:42.864 D/CCodecBufferChannel(32423): [c2.android.vorbis.decoder#907] MediaCodec discarded an unknown buffer
06-11 23:29:42.864 I/chatty  (32423): uid=10072(in.startv.hotstar) identical 1 line
06-11 23:29:42.864 D/CCodecBufferChannel(32423): [c2.android.vorbis.decoder#907] MediaCodec discarded an unknown buffer
06-11 23:29:42.870 I/hw-BpHwBinder(32423): onLastStrongRef automatically unlinking death recipients
06-11 23:29:42.876 D/CCodecBufferChannel(32423): [c2.android.vorbis.decoder#515] MediaCodec discarded an unknown buffer
06-11 23:29:42.877 I/chatty  (32423): uid=10072(in.startv.hotstar) identical 1 line
06-11 23:29:42.877 D/CCodecBufferChannel(32423): [c2.android.vorbis.decoder#515] MediaCodec discarded an unknown buffer
06-11 23:29:42.879 I/hw-BpHwBinder(32423): onLastStrongRef automatically unlinking death recipients
06-11 23:29:42.879 I/hw-BpHwBinder(  477): onLastStrongRef automatically unlinking death recipients
06-11 23:29:42.880 V/C2Store (  477): in ~ComponentModule
06-11 23:29:42.880 V/C2Store (  477): unloading dll
06-11 23:29:42.895 D/stbdpc  (  397): STB_DPGetNumPaths[570]: num_paths: 1
06-11 23:29:42.937 D/JioLauncher( 1773): overlay status check for wifi and bt remote false false
06-11 23:29:42.940 D/Match code1( 1439): 2
06-11 23:29:42.940 D/JIO_TR069-( 1439): Predefined List [com.jio.stb.catv, com.rjil.jiostbsetting, com.iwedia.ui.rjio.launcher.reliance, com.jio.stb.hotellauncher, com.jio.media.oberoi, com.jio.ott]
06-11 23:29:42.948 D/JIO_TR069-( 1439): Caller Package com.iwedia.ui.rjio.launcher.reliance
06-11 23:29:42.948 D/JIO_TR069-( 1439): White Listed Apps []
06-11 23:29:42.948 D/JIO_TR069-( 1439): Final White Listed Apps [com.jio.stb.catv, com.rjil.jiostbsetting, com.iwedia.ui.rjio.launcher.reliance, com.jio.stb.hotellauncher, com.jio.media.oberoi, com.jio.ott, ]
06-11 23:29:42.952 D/JioLauncher( 1773): network-type-------NonJioNetwork
06-11 23:29:42.957 D/JioLauncher( 1773): live-tv-previousIp-[/fe80::1%wlan0, /192.168.1.1]-newHost-[/fe80::1%wlan0, /192.168.1.1]
06-11 23:29:42.995 D/stbdpc  (  397): STB_DPGetNumPaths[570]: num_paths: 1
06-11 23:29:43.007 V/DigitalSignage(  633): Package Name: null
06-11 23:29:43.007 V/DigitalSignage(  633): Left: 0
06-11 23:29:43.007 V/DigitalSignage(  633): Right: 0
06-11 23:29:43.007 V/DigitalSignage(  633): Top: 0
06-11 23:29:43.008 V/DigitalSignage(  633): Bottom: 0
06-11 23:29:43.008 D/DigitalSignage(  633): else - Package Name :: null left : 0 right :: 0 top :: 0 bottom :: 0 dfu-right :: 1920 dfu-bottom :: 1080
06-11 23:29:43.027 W/pool-8-thread-1( 3655): type=1400 audit(0.0:13608): avc: denied { read } for name="arp" dev="proc" ino=4026532018 scontext=u:r:untrusted_app_27:s0:c85,c256,c512,c768 tcontext=u:object_r:proc_net:s0 tclass=file permissive=0 app=com.jio.myhome.mediasharedmp
06-11 23:29:43.043 W/pool-8-thread-1( 3655): type=1400 audit(0.0:13609): avc: denied { read } for name="arp" dev="proc" ino=4026532018 scontext=u:r:untrusted_app_27:s0:c85,c256,c512,c768 tcontext=u:object_r:proc_net:s0 tclass=file permissive=0 app=com.jio.myhome.mediasharedmp
06-11 23:29:43.095 D/stbdpc  (  397): STB_DPGetNumPaths[570]: num_paths: 1
06-11 23:29:43.098 D/rtk_heartbeat(  349): heartbeat_timed_out: heartbeatCmdCount = 10591, expected nextSeqNum = 10591
06-11 23:29:43.100 D/rtk_heartbeat(  349): rtkbt_heartbeat_cmpl_cback: Current SeqNum = 10591,should SeqNum=10591, status = 0
06-11 23:29:43.114 D/dvb_iptv(  397): ReadEmmNetworkTask[1537]: EMM Select Timeout Occured 14
06-11 23:29:43.195 D/stbdpc  (  397): STB_DPGetNumPaths[570]: num_paths: 1
06-11 23:29:43.248 D/JioStbInactivityTimer(  926): Timer: count 29 warningTimeout:10680 timeout:10800
06-11 23:29:43.251 D/JioStbInactivityTimer(  926): isUserActive: Curr:10583986 Prev:10583986
06-11 23:29:43.272 D/ltts_ip_emm(  397): LTTS_IP_DMXStartEMM[381]: parse_emm_cat_status failed
06-11 23:29:43.283 W/pool-8-thread-1( 3655): type=1400 audit(0.0:13610): avc: denied { read } for name="arp" dev="proc" ino=4026532018 scontext=u:r:untrusted_app_27:s0:c85,c256,c512,c768 tcontext=u:object_r:proc_net:s0 tclass=file permissive=0 app=com.jio.myhome.mediasharedmp
06-11 23:29:43.296 D/stbdpc  (  397): STB_DPGetNumPaths[570]: num_paths: 1
06-11 23:29:43.302 W/[10614.454346@1]  audit(    0): audit_lost=11417 audit_rate_limit=5 audit_backlog_limit=64
06-11 23:29:43.302 E/[10614.454357@1]  audit(    0): rate limit exceeded
06-11 23:29:43.496 I/chatty  (  397): uid=0(root) DK-SiCntrl identical 2 lines
06-11 23:29:43.596 D/stbdpc  (  397): STB_DPGetNumPaths[570]: num_paths: 1
06-11 23:29:43.615 D/dvb_iptv(  397): ReadEmmNetworkTask[1537]: EMM Select Timeout Occured 15
06-11 23:29:43.696 D/stbdpc  (  397): STB_DPGetNumPaths[570]: num_paths: 1
06-11 23:29:43.747 I/appium  (32357): The following attributes will be included to the page source: [resource-id]
06-11 23:29:43.797 D/stbdpc  (  397): STB_DPGetNumPaths[570]: num_paths: 1
06-11 23:29:43.832 E/WifiVendorHal(  633): getWifiLinkLayerStats_1_3_Internal(l.973) failed {.code = ERROR_UNKNOWN, .description = unknown error}
06-11 23:29:43.897 D/stbdpc  (  397): STB_DPGetNumPaths[570]: num_paths: 1
06-11 23:29:43.981 I/appium  (32357): Took 0ms to retrieve 1 matches for '//android.widget.EditText[@resource-id='in.startv.hotstar:id/search_bar']' XPath2 query
06-11 23:29:43.988 I/appium  (32357): AppiumResponse: {"sessionId":"ab354203-3f7a-4c24-bb04-869fb2b24a9d","value":{"ELEMENT":"00000000-0000-00e9-ffff-ffff000000e1","element-6066-11e4-a52e-4f735466cecf":"00000000-0000-00e9-ffff-ffff000000e1"}}
06-11 23:29:43.997 D/stbdpc  (  397): STB_DPGetNumPaths[570]: num_paths: 1
06-11 23:29:44.015 I/appium  (32357): channel read: GET /session/ab354203-3f7a-4c24-bb04-869fb2b24a9d/element/00000000-0000-00e9-ffff-ffff000000e1/attribute/displayed
06-11 23:29:44.016 I/appium  (32357): GetElementAttribute command
06-11 23:29:44.029 I/appium  (32357): AppiumResponse: {"sessionId":"ab354203-3f7a-4c24-bb04-869fb2b24a9d","value":"true"}
06-11 23:29:44.067 I/appium  (32357): channel read: POST /session/ab354203-3f7a-4c24-bb04-869fb2b24a9d/element/00000000-0000-00e9-ffff-ffff000000e1/click
06-11 23:29:44.068 I/appium  (32357): Click command
06-11 23:29:44.087 D/InputDispatcher(  633): injectInputEvent - eventType=2, injectorPid=32341, injectorUid=0, syncMode=0, timeout=30000, policyFlags=0x08000000
06-11 23:29:44.087 D/InputDispatcher(  633): injectInputEvent - Finished with result 0. injectorPid=32341, injectorUid=0
06-11 23:29:44.087 D/InputDispatcher(  633): Setting input event injection result to 0.  injectorPid=32341, injectorUid=0
06-11 23:29:44.087 V/InputDispatcher(  633): Asynchronous input event injection succeeded.
06-11 23:29:44.088 I/android.hardware.power-service.libperfmgr(  366): Power setBoost: INTERACTION duration: 0
06-11 23:29:44.088 I/libperfmgr(  366): Do Powerhint: INTERACTION
06-11 23:29:44.088 I/android.hardware.power-service.libperfmgr(  366): Power setBoost: INTERACTION duration: 0
06-11 23:29:44.088 I/libperfmgr(  366): Do Powerhint: INTERACTION
06-11 23:29:44.097 D/stbdpc  (  397): STB_DPGetNumPaths[570]: num_paths: 1
06-11 23:29:44.098 D/rtk_heartbeat(  349): heartbeat_timed_out: heartbeatCmdCount = 10592, expected nextSeqNum = 10592
06-11 23:29:44.099 D/InputDispatcher(  633): injectInputEvent - eventType=2, injectorPid=32341, injectorUid=0, syncMode=0, timeout=30000, policyFlags=0x08000000
06-11 23:29:44.099 D/InputDispatcher(  633): injectInputEvent - Finished with result 0. injectorPid=32341, injectorUid=0
06-11 23:29:44.099 D/InputDispatcher(  633): Setting input event injection result to 0.  injectorPid=32341, injectorUid=0
06-11 23:29:44.099 V/InputDispatcher(  633): Asynchronous input event injection succeeded.
06-11 23:29:44.100 D/rtk_heartbeat(  349): rtkbt_heartbeat_cmpl_cback: Current SeqNum = 10592,should SeqNum=10592, status = 0
06-11 23:29:44.113 I/appium  (32357): Waiting up to 10000ms for the device to idle
06-11 23:29:44.115 D/dvb_iptv(  397): ReadEmmNetworkTask[1537]: EMM Select Timeout Occured 16
06-11 23:29:44.117 I/appium  (32357): AppiumResponse: {"sessionId":"ab354203-3f7a-4c24-bb04-869fb2b24a9d","value":null}
06-11 23:29:44.123 D/InputMethodService( 1359): JioHomeManagerService::showWindow()::notifyJioHomeAboutIMEVisibility(IME_SHOWN) isInputViewShown()::true
06-11 23:29:44.123 D/InputMethodService( 1359): JioHomeMangerService::notifyJioHomeAboutIMEVisibility()::EDIT_TEXT_FOCUS_KEY Value::true Action::com.iwedia.action.SHOW_SOFT_INPUT isVisble :: true
06-11 23:29:44.157 I/appium  (32357): channel read: POST /session/ab354203-3f7a-4c24-bb04-869fb2b24a9d/element/00000000-0000-00e9-ffff-ffff000000e1/value
06-11 23:29:44.158 I/appium  (32357): SendKeysToElement command
06-11 23:29:44.159 D/InputMethod( 1359): JioHomeManagerService::hideSoftInput()::notifyJioHomeAboutIMEVisibility(IME_HIDDEN) isInputViewShown()::false
06-11 23:29:44.159 D/InputMethodService( 1359): JioHomeMangerService::notifyJioHomeAboutIMEVisibility()::EDIT_TEXT_FOCUS_KEY Value::false Action::com.iwedia.action.SHOW_SOFT_INPUT isVisble :: false
06-11 23:29:44.190 I/thermal2(  367): Sending notification:  Type: CPU Name: soc_thermal CurrentValue: 65.4 ThrottlingStatus: LIGHT
06-11 23:29:44.191 V/DigitalSignage(  633): Package Name: null
06-11 23:29:44.191 V/DigitalSignage(  633): Left: 0
06-11 23:29:44.191 V/DigitalSignage(  633): Right: 0
06-11 23:29:44.191 V/DigitalSignage(  633): Top: 0
06-11 23:29:44.191 V/DigitalSignage(  633): Bottom: 0
06-11 23:29:44.191 D/DigitalSignage(  633): else - Package Name :: null left : 0 right :: 0 top :: 0 bottom :: 0 dfu-right :: 1920 dfu-bottom :: 1080
06-11 23:29:44.191 I/ThermalService(  969): CPU temperatures: [65.4]
06-11 23:29:44.197 V/DigitalSignage(  633): Package Name: null
06-11 23:29:44.197 V/DigitalSignage(  633): Left: 0
06-11 23:29:44.197 V/DigitalSignage(  633): Right: 0
06-11 23:29:44.197 V/DigitalSignage(  633): Top: 0
06-11 23:29:44.197 V/DigitalSignage(  633): Bottom: 0
06-11 23:29:44.197 D/DigitalSignage(  633): else - Package Name :: null left : 0 right :: 0 top :: 0 bottom :: 0 dfu-right :: 1920 dfu-bottom :: 1080
06-11 23:29:44.197 V/DigitalSignage(  633): Package Name: null
06-11 23:29:44.197 V/DigitalSignage(  633): Left: 0
06-11 23:29:44.197 D/stbdpc  (  397): STB_DPGetNumPaths[570]: num_paths: 1
06-11 23:29:44.197 V/DigitalSignage(  633): Right: 0
06-11 23:29:44.197 V/DigitalSignage(  633): Top: 0
06-11 23:29:44.197 V/DigitalSignage(  633): Bottom: 0
06-11 23:29:44.198 D/DigitalSignage(  633): else - Package Name :: null left : 0 right :: 0 top :: 0 bottom :: 0 dfu-right :: 1920 dfu-bottom :: 1080
06-11 23:29:44.222 V/DigitalSignage(  633): Package Name: null
06-11 23:29:44.222 V/DigitalSignage(  633): Left: 0
06-11 23:29:44.222 V/DigitalSignage(  633): Right: 0
06-11 23:29:44.222 V/DigitalSignage(  633): Top: 0
06-11 23:29:44.222 V/DigitalSignage(  633): Bottom: 0
06-11 23:29:44.222 D/DigitalSignage(  633): else - Package Name :: null left : 0 right :: 0 top :: 0 bottom :: 0 dfu-right :: 1920 dfu-bottom :: 1080
06-11 23:29:44.222 V/DigitalSignage(  633): Package Name: null
06-11 23:29:44.222 V/DigitalSignage(  633): Left: 0
06-11 23:29:44.223 V/DigitalSignage(  633): Right: 0
06-11 23:29:44.223 V/DigitalSignage(  633): Top: 0
06-11 23:29:44.223 V/DigitalSignage(  633): Bottom: 0
06-11 23:29:44.223 D/DigitalSignage(  633): else - Package Name :: null left : 0 right :: 0 top :: 0 bottom :: 0 dfu-right :: 1920 dfu-bottom :: 1080
06-11 23:29:44.229 W/InputMethodService( 1359): Re-entrance in to showWindow
06-11 23:29:44.233 W/InputMethodService( 1359): Re-entrance in to showWindow
06-11 23:29:44.235 D/InputMethodService( 1359): JioHomeManagerService::showWindow()::notifyJioHomeAboutIMEVisibility(IME_SHOWN) isInputViewShown()::true
06-11 23:29:44.235 D/InputMethodService( 1359): JioHomeMangerService::notifyJioHomeAboutIMEVisibility()::EDIT_TEXT_FOCUS_KEY Value::true Action::com.iwedia.action.SHOW_SOFT_INPUT isVisble :: true
06-11 23:29:44.249 V/DigitalSignage(  633): Package Name: null
06-11 23:29:44.249 V/DigitalSignage(  633): Left: 0
06-11 23:29:44.249 V/DigitalSignage(  633): Right: 0
06-11 23:29:44.249 V/DigitalSignage(  633): Top: 0
06-11 23:29:44.249 V/DigitalSignage(  633): Bottom: 0
06-11 23:29:44.249 D/DigitalSignage(  633): else - Package Name :: null left : 0 right :: 0 top :: 0 bottom :: 0 dfu-right :: 1920 dfu-bottom :: 1080
06-11 23:29:44.249 V/DigitalSignage(  633): Package Name: null
06-11 23:29:44.249 V/DigitalSignage(  633): Left: 0
06-11 23:29:44.249 V/DigitalSignage(  633): Right: 0
06-11 23:29:44.249 V/DigitalSignage(  633): Top: 0
06-11 23:29:44.249 V/DigitalSignage(  633): Bottom: 0
06-11 23:29:44.250 D/DigitalSignage(  633): else - Package Name :: null left : 0 right :: 0 top :: 0 bottom :: 0 dfu-right :: 1920 dfu-bottom :: 1080
06-11 23:29:44.250 D/JioStbInactivityTimer(  926): Timer: count 30 warningTimeout:10680 timeout:10800
06-11 23:29:44.251 D/JioStbInactivityTimer(  926): isUserActive: Curr:10583986 Prev:10583986
06-11 23:29:44.255 V/DigitalSignage(  633): Package Name: null
06-11 23:29:44.255 V/DigitalSignage(  633): Left: 0
06-11 23:29:44.255 V/DigitalSignage(  633): Right: 0
06-11 23:29:44.255 V/DigitalSignage(  633): Top: 0
06-11 23:29:44.256 V/DigitalSignage(  633): Bottom: 0
06-11 23:29:44.256 D/DigitalSignage(  633): else - Package Name :: null left : 0 right :: 0 top :: 0 bottom :: 0 dfu-right :: 1920 dfu-bottom :: 1080
06-11 23:29:44.256 V/DigitalSignage(  633): Package Name: null
06-11 23:29:44.256 V/DigitalSignage(  633): Left: 0
06-11 23:29:44.256 V/DigitalSignage(  633): Right: 0
06-11 23:29:44.256 V/DigitalSignage(  633): Top: 0
06-11 23:29:44.256 V/DigitalSignage(  633): Bottom: 0
06-11 23:29:44.256 D/DigitalSignage(  633): else - Package Name :: null left : 0 right :: 0 top :: 0 bottom :: 0 dfu-right :: 1920 dfu-bottom :: 1080
06-11 23:29:44.295 V/DigitalSignage(  633): Package Name: null
06-11 23:29:44.295 V/DigitalSignage(  633): Left: 0
06-11 23:29:44.295 V/DigitalSignage(  633): Right: 0
06-11 23:29:44.295 V/DigitalSignage(  633): Top: 0
06-11 23:29:44.295 V/DigitalSignage(  633): Bottom: 0
06-11 23:29:44.296 D/DigitalSignage(  633): else - Package Name :: null left : 0 right :: 0 top :: 0 bottom :: 0 dfu-right :: 1920 dfu-bottom :: 1080
06-11 23:29:44.297 V/DigitalSignage(  633): Package Name: null
06-11 23:29:44.297 V/DigitalSignage(  633): Left: 0
06-11 23:29:44.297 V/DigitalSignage(  633): Right: 0
06-11 23:29:44.297 V/DigitalSignage(  633): Top: 0
06-11 23:29:44.297 V/DigitalSignage(  633): Bottom: 0
06-11 23:29:44.297 D/DigitalSignage(  633): else - Package Name :: null left : 0 right :: 0 top :: 0 bottom :: 0 dfu-right :: 1920 dfu-bottom :: 1080
06-11 23:29:44.297 D/stbdpc  (  397): STB_DPGetNumPaths[570]: num_paths: 1
06-11 23:29:44.304 V/DigitalSignage(  633): Package Name: null
06-11 23:29:44.304 V/DigitalSignage(  633): Left: 0
06-11 23:29:44.304 V/DigitalSignage(  633): Right: 0
06-11 23:29:44.304 V/DigitalSignage(  633): Top: 0
06-11 23:29:44.304 V/DigitalSignage(  633): Bottom: 0
06-11 23:29:44.305 D/DigitalSignage(  633): else - Package Name :: null left : 0 right :: 0 top :: 0 bottom :: 0 dfu-right :: 1920 dfu-bottom :: 1080
06-11 23:29:44.305 V/DigitalSignage(  633): Package Name: null
06-11 23:29:44.305 V/DigitalSignage(  633): Left: 0
06-11 23:29:44.305 V/DigitalSignage(  633): Right: 0
06-11 23:29:44.305 V/DigitalSignage(  633): Top: 0
06-11 23:29:44.305 V/DigitalSignage(  633): Bottom: 0
06-11 23:29:44.305 D/DigitalSignage(  633): else - Package Name :: null left : 0 right :: 0 top :: 0 bottom :: 0 dfu-right :: 1920 dfu-bottom :: 1080
06-11 23:29:44.308 D/JioLauncher( 1773): isInternetAvailable-method-response-204
06-11 23:29:44.310 D/JioLauncher( 1773): isMulticastReceiver-Connected-to-5GHz-Wi-Fi-network
06-11 23:29:44.313 D/BufferPoolAccessor2.0(  477): evictor expired: 1, evicted: 0
06-11 23:29:44.313 E/BufferQueueProducer(  393): [in.startv.hotstar/com.hotstar.MainActivity#0](id:18900000119,api:0,p:-1,c:393) disconnect: not connected (req=1)
06-11 23:29:44.313 W/libEGL  (32423): EGLNativeWindowType 0xf4583c08 disconnect failed
06-11 23:29:44.397 D/stbdpc  (  397): STB_DPGetNumPaths[570]: num_paths: 1
06-11 23:29:44.501 F/linker  (32655): CANNOT LINK EXECUTABLE "/system/bin/smartcable/smartCableSTBApp": library "libmosquitto.so" not found: needed by main executable
06-11 23:29:44.498 I/chatty  (  397): uid=0(root) DK-SiCntrl identical 1 line
06-11 23:29:44.598 D/stbdpc  (  397): STB_DPGetNumPaths[570]: num_paths: 1
06-11 23:29:44.615 D/dvb_iptv(  397): ReadEmmNetworkTask[1537]: EMM Select Timeout Occured 17
06-11 23:29:44.634 W/[10615.784744@0]  RTW(    0): fill_default_txdesc(wlan0): SP Packet(0x0806) rate=0x4 SeqNum = 1906
06-11 23:29:44.698 D/stbdpc  (  397): STB_DPGetNumPaths[570]: num_paths: 1
06-11 23:29:44.774 I/.startv.hotsta(32423): oneway function results will be dropped but finished with status OK and parcel size 4
06-11 23:29:44.776 I/e.swalekh.abct( 1359): oneway function results will be dropped but finished with status OK and parcel size 4
06-11 23:29:44.798 D/stbdpc  (  397): STB_DPGetNumPaths[570]: num_paths: 1
06-11 23:29:44.806 I/.startv.hotsta(32423): oneway function results will be dropped but finished with status OK and parcel size 4
06-11 23:29:44.808 I/e.swalekh.abct( 1359): oneway function results will be dropped but finished with status OK and parcel size 4
06-11 23:29:44.816 D/JioSTBMRServer-SERVICE( 3589): InetSocketAddress(InetAddress.getByName(inetAddress.hostAddress)-/192.168.1.255
06-11 23:29:44.817 D/JioSTBMRServer-SERVICE( 3589): #beacon:RKISBFJ60000097:0:true:0:1:SV=181024:KB=1 , 192.168.1.255
06-11 23:29:44.823 D/JioSTBMRServer-SERVICE( 3589): InetSocketAddress(InetAddress.getByName(inetAddress.hostAddress)-/192.168.1.255
06-11 23:29:44.823 D/JioSTBMRServer-SERVICE( 3589): #broadcast IP:192.168.1.255
06-11 23:29:44.872 D/UiObject2(32357): Setting text to ''.
06-11 23:29:44.874 I/android.hardware.power-service.libperfmgr(  366): Power setBoost: INTERACTION duration: 0
06-11 23:29:44.874 I/libperfmgr(  366): Do Powerhint: INTERACTION
06-11 23:29:44.898 D/stbdpc  (  397): STB_DPGetNumPaths[570]: num_paths: 1
06-11 23:29:44.998 I/chatty  (  397): uid=0(root) DK-SiCntrl identical 1 line
06-11 23:29:45.099 D/stbdpc  (  397): STB_DPGetNumPaths[570]: num_paths: 1
06-11 23:29:45.099 D/rtk_heartbeat(  349): heartbeat_timed_out: heartbeatCmdCount = 10593, expected nextSeqNum = 10593
06-11 23:29:45.100 D/rtk_heartbeat(  349): rtkbt_heartbeat_cmpl_cback: Current SeqNum = 10593,should SeqNum=10593, status = 0
06-11 23:29:45.115 D/dvb_iptv(  397): ReadEmmNetworkTask[1537]: EMM Select Timeout Occured 18
06-11 23:29:45.199 D/stbdpc  (  397): STB_DPGetNumPaths[570]: num_paths: 1
06-11 23:29:45.250 D/JioStbInactivityTimer(  926): Timer: count 31 warningTimeout:10680 timeout:10800
06-11 23:29:45.250 D/JioStbInactivityTimer(  926): isUserActive: Curr:10583986 Prev:10583986
06-11 23:29:45.272 D/ltts_ip_emm(  397): LTTS_IP_DMXStartEMM[381]: parse_emm_cat_status failed
06-11 23:29:45.299 D/stbdpc  (  397): STB_DPGetNumPaths[570]: num_paths: 1
06-11 23:29:45.311 D/BufferPoolAccessor2.0(32423): evictor expired: 1, evicted: 0
06-11 23:29:45.358 W/[10616.509276@1]  RTW(    0): Turbo EDCA =0x5ea42b
06-11 23:29:45.365 D/JioSDK_ThreadPool(  466): Start consuming
06-11 23:29:45.392 I/android.hardware.power-service.libperfmgr(  366): Power setBoost: INTERACTION duration: 0
06-11 23:29:45.392 I/libperfmgr(  366): Do Powerhint: INTERACTION
06-11 23:29:45.399 D/stbdpc  (  397): STB_DPGetNumPaths[570]: num_paths: 1
06-11 23:29:45.399 D/sub_mixing_factory(  348): [out_standby_subMixingPCM:1324] out_stream(0xee269000) usecase: PCM_NORMAL
06-11 23:29:45.399 I/sub_mixing_factory(  348): [usecase_change_validate_l_sm:1170] cur dev masks:0x1, delete out usecase:PCM_NORMAL
06-11 23:29:45.399 I/sub_mixing_factory(  348): [usecase_change_validate_l_sm:1180] standby unmask usecase PCM_NORMAL
06-11 23:29:45.400 I/amlAudioMixer(  348): [delete_mixer_input_port:197] input port ID:0, type:PCM_SYSTEM, cur mask:0x1
06-11 23:29:45.401 I/system_server(  633): oneway function results will be dropped but finished with status OK and parcel size 4
06-11 23:29:45.407 V/DigitalSignage(  633): Package Name: null
06-11 23:29:45.407 V/DigitalSignage(  633): Left: 0
06-11 23:29:45.407 V/DigitalSignage(  633): Right: 0
06-11 23:29:45.407 V/DigitalSignage(  633): Top: 0
06-11 23:29:45.407 V/DigitalSignage(  633): Bottom: 0
06-11 23:29:45.407 D/DigitalSignage(  633): else - Package Name :: null left : 0 right :: 0 top :: 0 bottom :: 0 dfu-right :: 1920 dfu-bottom :: 1080
06-11 23:29:45.408 V/DigitalSignage(  633): Package Name: null
06-11 23:29:45.408 V/DigitalSignage(  633): Left: 0
06-11 23:29:45.408 V/DigitalSignage(  633): Right: 0
06-11 23:29:45.408 V/DigitalSignage(  633): Top: 0
06-11 23:29:45.408 V/DigitalSignage(  633): Bottom: 0
06-11 23:29:45.408 D/DigitalSignage(  633): else - Package Name :: null left : 0 right :: 0 top :: 0 bottom :: 0 dfu-right :: 1920 dfu-bottom :: 1080
06-11 23:29:45.412 I/appium  (32357): AppiumResponse: {"sessionId":"ab354203-3f7a-4c24-bb04-869fb2b24a9d","value":null}
06-11 23:29:45.453 I/appium  (32357): channel read: POST /session/ab354203-3f7a-4c24-bb04-869fb2b24a9d/appium/device/press_keycode
06-11 23:29:45.456 I/appium  (32357): PressKeyCode command
06-11 23:29:45.456 I/appium  (32357): Calling PressKeyCode... 
06-11 23:29:45.499 D/stbdpc  (  397): STB_DPGetNumPaths[570]: num_paths: 1
06-11 23:29:45.600 D/stbdpc  (  397): STB_DPGetNumPaths[570]: num_paths: 1
06-11 23:29:45.615 D/dvb_iptv(  397): ReadEmmNetworkTask[1537]: EMM Select Timeout Occured 19
06-11 23:29:45.641 V/DigitalSignage(  633): Package Name: null
06-11 23:29:45.641 V/DigitalSignage(  633): Left: 0
06-11 23:29:45.641 V/DigitalSignage(  633): Right: 0
06-11 23:29:45.641 V/DigitalSignage(  633): Top: 0
06-11 23:29:45.641 V/DigitalSignage(  633): Bottom: 0
06-11 23:29:45.642 D/DigitalSignage(  633): else - Package Name :: null left : 0 right :: 0 top :: 0 bottom :: 0 dfu-right :: 1920 dfu-bottom :: 1080
06-11 23:29:45.642 V/DigitalSignage(  633): Package Name: null
06-11 23:29:45.642 V/DigitalSignage(  633): Left: 0
06-11 23:29:45.642 V/DigitalSignage(  633): Right: 0
06-11 23:29:45.642 V/DigitalSignage(  633): Top: 0
06-11 23:29:45.642 V/DigitalSignage(  633): Bottom: 0
06-11 23:29:45.642 D/DigitalSignage(  633): else - Package Name :: null left : 0 right :: 0 top :: 0 bottom :: 0 dfu-right :: 1920 dfu-bottom :: 1080
06-11 23:29:45.700 D/stbdpc  (  397): STB_DPGetNumPaths[570]: num_paths: 1
06-11 23:29:45.800 I/chatty  (  397): uid=0(root) DK-SiCntrl identical 1 line
06-11 23:29:45.900 D/stbdpc  (  397): STB_DPGetNumPaths[570]: num_paths: 1
06-11 23:29:45.928 I/JioBackgroundSchedulerService( 2899): Check schedule  
06-11 23:29:46.000 D/stbdpc  (  397): STB_DPGetNumPaths[570]: num_paths: 1
06-11 23:29:46.099 D/rtk_heartbeat(  349): heartbeat_timed_out: heartbeatCmdCount = 10594, expected nextSeqNum = 10594
06-11 23:29:46.100 D/rtk_heartbeat(  349): rtkbt_heartbeat_cmpl_cback: Current SeqNum = 10594,should SeqNum=10594, status = 0
06-11 23:29:46.101 D/stbdpc  (  397): STB_DPGetNumPaths[570]: num_paths: 1
06-11 23:29:46.115 D/dvb_iptv(  397): ReadEmmNetworkTask[1537]: EMM Select Timeout Occured 20
06-11 23:29:46.201 D/stbdpc  (  397): STB_DPGetNumPaths[570]: num_paths: 1
06-11 23:29:46.207 I/thermal2(  367): Sending notification:  Type: CPU Name: soc_thermal CurrentValue: 62.2 ThrottlingStatus: NONE
06-11 23:29:46.207 I/ThermalService(  969): CPU temperatures: [62.200005]
06-11 23:29:46.250 D/JioStbInactivityTimer(  926): Timer: count 32 warningTimeout:10680 timeout:10800
06-11 23:29:46.250 D/JioStbInactivityTimer(  926): isUserActive: Curr:10583986 Prev:10583986
06-11 23:29:46.301 D/stbdpc  (  397): STB_DPGetNumPaths[570]: num_paths: 1
06-11 23:29:46.345 D/UiDevice(32357): Pressing keycodes [4] with modifier 0.
06-11 23:29:46.357 D/InputDispatcher(  633): injectInputEvent - eventType=1, injectorPid=32341, injectorUid=0, syncMode=2, timeout=30000, policyFlags=0x08000000
06-11 23:29:46.357 D/WindowManager(  633): interceptKeyTq keycode=4 interactive=true keyguardActive=false policyFlags=2b000000
06-11 23:29:46.357 D/WindowManager(  633): CloudPC is in NOT in foreground
06-11 23:29:46.357 D/WindowManager(  633): isKeyNeedsToPassToJioCloudPC :: NO
06-11 23:29:46.359 I/android.hardware.power-service.libperfmgr(  366): Power setBoost: INTERACTION duration: 0
06-11 23:29:46.359 I/libperfmgr(  366): Do Powerhint: INTERACTION
06-11 23:29:46.360 I/android.hardware.power-service.libperfmgr(  366): Power setBoost: INTERACTION duration: 0
06-11 23:29:46.360 I/libperfmgr(  366): Do Powerhint: INTERACTION
06-11 23:29:46.361 D/WindowManager(  633): interceptKeyTi keyCode=4 down=true repeatCount=0 keyguardOn=false canceled=false
06-11 23:29:46.361 D/WindowManager(  633): CloudPC is in NOT in foreground
06-11 23:29:46.361 D/WindowManager(  633): isKeyNeedsToPassToJioCloudPC :: NO
06-11 23:29:46.361 D/GlobalKeyManager(  633): KeyEvent { action=ACTION_DOWN, keyCode=KEYCODE_BACK, scanCode=0, metaState=0, flags=0x0, repeatCount=0, eventTime=10617498, downTime=10617498, deviceId=-1, source=0x101, displayId=-1 }
06-11 23:29:46.361 D/InputDispatcher(  633): Setting input event injection result to 0.  injectorPid=32341, injectorUid=0
06-11 23:29:46.361 D/InputDispatcher(  633): injectInputEvent - Waiting for 1 pending foreground dispatches.
06-11 23:29:46.362 D/InputDispatcher(  633): injectInputEvent - Finished with result 0. injectorPid=32341, injectorUid=0
06-11 23:29:46.364 D/InputDispatcher(  633): injectInputEvent - eventType=1, injectorPid=32341, injectorUid=0, syncMode=2, timeout=30000, policyFlags=0x08000000
06-11 23:29:46.364 D/WindowManager(  633): interceptKeyTq keycode=4 interactive=true keyguardActive=false policyFlags=2b000000
06-11 23:29:46.364 D/WindowManager(  633): CloudPC is in NOT in foreground
06-11 23:29:46.364 D/WindowManager(  633): isKeyNeedsToPassToJioCloudPC :: NO
06-11 23:29:46.365 D/AutofillManagerService(  633): onBackKeyPressed()
06-11 23:29:46.365 D/WindowManager(  633): interceptKeyTi keyCode=4 down=false repeatCount=0 keyguardOn=false canceled=false
06-11 23:29:46.365 D/WindowManager(  633): CloudPC is in NOT in foreground
06-11 23:29:46.365 I/JioSDK_CpuUsageHelper(  466):  Started new CPU Usage calculating iteration.
06-11 23:29:46.365 D/WindowManager(  633): isKeyNeedsToPassToJioCloudPC :: NO
06-11 23:29:46.365 D/GlobalKeyManager(  633): KeyEvent { action=ACTION_UP, keyCode=KEYCODE_BACK, scanCode=0, metaState=0, flags=0x0, repeatCount=0, eventTime=10617498, downTime=10617498, deviceId=-1, source=0x101, displayId=-1 }
06-11 23:29:46.365 D/InputDispatcher(  633): Setting input event injection result to 0.  injectorPid=32341, injectorUid=0
06-11 23:29:46.366 D/InputDispatcher(  633): injectInputEvent - Waiting for 1 pending foreground dispatches.
06-11 23:29:46.370 D/InputDispatcher(  633): injectInputEvent - Finished with result 0. injectorPid=32341, injectorUid=0
06-11 23:29:46.375 V/DigitalSignage(  633): Package Name: null
06-11 23:29:46.375 V/DigitalSignage(  633): Left: 0
06-11 23:29:46.375 V/DigitalSignage(  633): Right: 0
06-11 23:29:46.375 V/DigitalSignage(  633): Top: 0
06-11 23:29:46.375 V/DigitalSignage(  633): Bottom: 0
06-11 23:29:46.376 D/InputMethod( 1359): JioHomeManagerService::hideSoftInput()::notifyJioHomeAboutIMEVisibility(IME_HIDDEN) isInputViewShown()::false
06-11 23:29:46.376 D/InputMethodService( 1359): JioHomeMangerService::notifyJioHomeAboutIMEVisibility()::EDIT_TEXT_FOCUS_KEY Value::false Action::com.iwedia.action.SHOW_SOFT_INPUT isVisble :: false
06-11 23:29:46.377 D/DigitalSignage(  633): else - Package Name :: null left : 0 right :: 0 top :: 0 bottom :: 0 dfu-right :: 1920 dfu-bottom :: 1080
06-11 23:29:46.378 V/DigitalSignage(  633): Package Name: null
06-11 23:29:46.378 V/DigitalSignage(  633): Left: 0
06-11 23:29:46.378 V/DigitalSignage(  633): Right: 0
06-11 23:29:46.378 V/DigitalSignage(  633): Top: 0
06-11 23:29:46.378 V/DigitalSignage(  633): Bottom: 0
06-11 23:29:46.378 D/DigitalSignage(  633): else - Package Name :: null left : 0 right :: 0 top :: 0 bottom :: 0 dfu-right :: 1920 dfu-bottom :: 1080
06-11 23:29:46.387 D/memtrack_aml(  363): sysfs path
06-11 23:29:46.388 V/DigitalSignage(  633): Package Name: null
06-11 23:29:46.388 V/DigitalSignage(  633): Left: 0
06-11 23:29:46.388 V/DigitalSignage(  633): Right: 0
06-11 23:29:46.388 V/DigitalSignage(  633): Top: 0
06-11 23:29:46.388 V/DigitalSignage(  633): Bottom: 0
06-11 23:29:46.391 D/DigitalSignage(  633): else - Package Name :: null left : 0 right :: 0 top :: 0 bottom :: 0 dfu-right :: 1920 dfu-bottom :: 1080
06-11 23:29:46.392 V/DigitalSignage(  633): Package Name: null
06-11 23:29:46.392 V/DigitalSignage(  633): Left: 0
06-11 23:29:46.392 V/DigitalSignage(  633): Right: 0
06-11 23:29:46.392 V/DigitalSignage(  633): Top: 0
06-11 23:29:46.392 V/DigitalSignage(  633): Bottom: 0
06-11 23:29:46.392 D/DigitalSignage(  633): else - Package Name :: null left : 0 right :: 0 top :: 0 bottom :: 0 dfu-right :: 1920 dfu-bottom :: 1080
06-11 23:29:46.395 I/appium  (32357): AppiumResponse: {"sessionId":"ab354203-3f7a-4c24-bb04-869fb2b24a9d","value":null}
06-11 23:29:46.397 V/DigitalSignage(  633): Package Name: null
06-11 23:29:46.397 V/DigitalSignage(  633): Left: 0
06-11 23:29:46.397 V/DigitalSignage(  633): Right: 0
06-11 23:29:46.397 V/DigitalSignage(  633): Top: 0
06-11 23:29:46.397 V/DigitalSignage(  633): Bottom: 0
06-11 23:29:46.397 D/DigitalSignage(  633): else - Package Name :: null left : 0 right :: 0 top :: 0 bottom :: 0 dfu-right :: 1920 dfu-bottom :: 1080
06-11 23:29:46.397 V/DigitalSignage(  633): Package Name: null
06-11 23:29:46.397 V/DigitalSignage(  633): Left: 0
06-11 23:29:46.397 V/DigitalSignage(  633): Right: 0
06-11 23:29:46.397 V/DigitalSignage(  633): Top: 0
06-11 23:29:46.397 V/DigitalSignage(  633): Bottom: 0
06-11 23:29:46.397 D/DigitalSignage(  633): else - Package Name :: null left : 0 right :: 0 top :: 0 bottom :: 0 dfu-right :: 1920 dfu-bottom :: 1080
06-11 23:29:46.402 D/stbdpc  (  397): STB_DPGetNumPaths[570]: num_paths: 1
06-11 23:29:46.422 I/appium  (32357): channel read: POST /session/ab354203-3f7a-4c24-bb04-869fb2b24a9d/element
06-11 23:29:46.425 I/appium  (32357): FindElement command
06-11 23:29:46.428 I/appium  (32357): method: 'xpath', selector: '//android.widget.ImageView[@resource-id='in.startv.hotstar:id/hero_img']'
06-11 23:29:46.429 I/appium  (32357): Waiting up to 10000ms for the device to idle
06-11 23:29:46.464 D/JioSDK_CpuUsageHelper(  466): Wait for all calculations to complete
06-11 23:29:46.464 D/JioSDK_ThreadPool(  466): Start consuming
06-11 23:29:46.502 D/stbdpc  (  397): STB_DPGetNumPaths[570]: num_paths: 1
06-11 23:29:46.602 D/stbdpc  (  397): STB_DPGetNumPaths[570]: num_paths: 1
06-11 23:29:46.607 E/BufferQueueProducer(  393): [InputMethod#0](id:1890000011b,api:0,p:-1,c:393) disconnect: not connected (req=1)
06-11 23:29:46.607 W/libEGL  ( 1359): EGLNativeWindowType 0xf4583c08 disconnect failed
06-11 23:29:46.609 V/DigitalSignage(  633): Package Name: null
06-11 23:29:46.609 V/DigitalSignage(  633): Left: 0
06-11 23:29:46.609 V/DigitalSignage(  633): Right: 0
06-11 23:29:46.609 V/DigitalSignage(  633): Top: 0
06-11 23:29:46.609 V/DigitalSignage(  633): Bottom: 0
06-11 23:29:46.609 D/DigitalSignage(  633): else - Package Name :: null left : 0 right :: 0 top :: 0 bottom :: 0 dfu-right :: 1920 dfu-bottom :: 1080
06-11 23:29:46.616 D/dvb_iptv(  397): ReadEmmNetworkTask[1537]: EMM Select Timeout Occured 21
06-11 23:29:46.702 D/stbdpc  (  397): STB_DPGetNumPaths[570]: num_paths: 1
06-11 23:29:46.802 D/stbdpc  (  397): STB_DPGetNumPaths[570]: num_paths: 1
06-11 23:29:46.840 E/WifiVendorHal(  633): getWifiLinkLayerStats_1_3_Internal(l.973) failed {.code = ERROR_UNKNOWN, .description = unknown error}
06-11 23:29:46.853 I/.startv.hotsta(32423): oneway function results will be dropped but finished with status OK and parcel size 4
06-11 23:29:46.859 I/e.swalekh.abct( 1359): oneway function results will be dropped but finished with status OK and parcel size 4
06-11 23:29:46.897 I/.startv.hotsta(32423): oneway function results will be dropped but finished with status OK and parcel size 4
06-11 23:29:46.899 I/e.swalekh.abct( 1359): oneway function results will be dropped but finished with status OK and parcel size 4
06-11 23:29:46.903 D/stbdpc  (  397): STB_DPGetNumPaths[570]: num_paths: 1
06-11 23:29:46.912 D/JioSTBMRServer-SERVICE( 3589): InetSocketAddress(InetAddress.getByName(inetAddress.hostAddress)-/192.168.1.255
06-11 23:29:46.912 D/JioSTBMRServer-SERVICE( 3589): #beacon:RKISBFJ60000097:0:false:0:1:SV=181024:KB=0 , 192.168.1.255
06-11 23:29:46.916 D/JioSTBMRServer-SERVICE( 3589): InetSocketAddress(InetAddress.getByName(inetAddress.hostAddress)-/192.168.1.255
06-11 23:29:46.916 D/JioSTBMRServer-SERVICE( 3589): #broadcast IP:192.168.1.255
06-11 23:29:46.994 I/appium  (32357): The following attributes will be included to the page source: [resource-id]
06-11 23:29:47.003 D/stbdpc  (  397): STB_DPGetNumPaths[570]: num_paths: 1
06-11 23:29:47.099 D/rtk_heartbeat(  349): heartbeat_timed_out: heartbeatCmdCount = 10595, expected nextSeqNum = 10595
06-11 23:29:47.100 D/rtk_heartbeat(  349): rtkbt_heartbeat_cmpl_cback: Current SeqNum = 10595,should SeqNum=10595, status = 0
06-11 23:29:47.103 D/stbdpc  (  397): STB_DPGetNumPaths[570]: num_paths: 1
06-11 23:29:47.116 D/dvb_iptv(  397): ReadEmmNetworkTask[1537]: EMM Select Timeout Occured 22
06-11 23:29:47.166 D/JioAppOptimizer( 1722): AppOptimizerService :: handleMessage()
06-11 23:29:47.168 D/JioAppOptimizer( 1722): AppOptimizerService :: handleMessage() : Foreground Package=in.startv.hotstar
06-11 23:29:47.170 D/JioAppOptimizer( 1722): AppOptimizerService :: handleMessage() : Free memory available in MB : 586.23046875
06-11 23:29:47.170 D/JioAppOptimizer( 1722): AppOptimizerService :: handleMessage() : checkAndRemoveBackgroundApps()
06-11 23:29:47.170 D/JioAppOptimizer( 1722): AppOptimizerService :: checkAndRemoveBackgroundApps()
06-11 23:29:47.203 D/stbdpc  (  397): STB_DPGetNumPaths[570]: num_paths: 1
06-11 23:29:47.221 I/appium  (32357): Took 0ms to retrieve 0 matches for '//android.widget.ImageView[@resource-id='in.startv.hotstar:id/hero_img']' XPath2 query
06-11 23:29:47.228 I/appium  (32357): AppiumResponse: {"sessionId":"ab354203-3f7a-4c24-bb04-869fb2b24a9d","value":{"error":"no such element","message":"An element could not be located on the page using the given search parameters","stacktrace":"io.appium.uiautomator2.common.exceptions.ElementNotFoundException: An element could not be located on the page using the given search parameters\n\tat io.appium.uiautomator2.utils.ElementLocationHelpers.findElement(ElementLocationHelpers.java:156)\n\tat io.appium.uiautomator2.handler.FindElement.safeHandle(FindElement.java:60)\n\tat io.appium.uiautomator2.handler.request.SafeRequestHandler.handle(SafeRequestHandler.java:59)\n\tat io.appium.uiautomator2.server.AppiumServlet.handleRequest(AppiumServlet.java:259)\n\tat io.appium.uiautomator2.server.AppiumServlet.handleHttpRequest(AppiumServlet.java:253)\n\tat io.appium.uiautomator2.http.ServerHandler.channelRead(ServerHandler.java:77)\n\tat io.netty.channel.AbstractChannelHandlerContext.invokeChannelRead(AbstractChannelHandlerContext.java:374)\n\tat io.netty.channel.AbstractChannelHandlerContext.invokeChannelRead(AbstractChannelHandlerContext.java:360)\n\tat io.netty.channel.AbstractChannelHandlerContext.fireChannelRead(AbstractChannelHandlerContext.java:352)\n\tat io.netty.handler.codec.MessageToMessageDecoder.channelRead(MessageToMessageDecoder.java:102)\n\tat io.netty.channel.AbstractChannelHandlerContext.invokeChannelRead(AbstractChannelHandlerContext.java:374)\n\tat io.netty.channel.AbstractChannelHandlerContext.invokeChannelRead(AbstractChannelHandlerContext.java:360)\n\tat io.netty.channel.AbstractChannelHandlerContext.fireChannelRead(AbstractChannelHandlerContext.java:352)\n\tat io.netty.channel.CombinedChannelDuplexHandler$DelegatingChannelHandlerContext.fireChannelRead(CombinedChannelDuplexHandler.java:438)\n\tat io.netty.handler.codec.ByteToMessageDecoder.fireChannelRead(ByteToMessageDecoder.java:328)\n\tat io.netty.handler.codec.ByteToMessageDecoder.channelRead(ByteToMessageDecoder.java:302)\n\tat io.netty.channel.CombinedChannelDuplexHandler.channelRead(CombinedChannelDuplexHandler.java:253)\n\tat io.netty.channel.AbstractChannelHandlerContext.invokeChannelRead(AbstractChannelHandlerContext.java:374)\n\tat io.netty.channel.AbstractChannelHandlerContext.invokeChannelRead(AbstractChannelHandlerContext.java:360)\n\tat io.netty.channel.AbstractChannelHandlerContext.fireChannelRead(AbstractChannelHandlerContext.java:352)\n\tat io.netty.handler.timeout.IdleStateHandler.channelRead(IdleStateHandler.java:287)\n\tat io.netty.channel.AbstractChannelHandlerContext.invokeChannelRead(AbstractChannelHandlerContext.java:374)\n\tat io.netty.channel.AbstractChannelHandlerContext.invokeChannelRead(AbstractChannelHandlerContext.java:360)\n\tat io.netty.channel.AbstractChannelHandlerContext.fireChannelRead(AbstractChannelHandlerContext.java:352)\n\tat io.netty.channel.DefaultChannelPipeline$HeadContext.channelRead(DefaultChannelPipeline.java:1422)\n\tat io.netty.channel.AbstractChannelHandlerContext.invokeChannelRead(AbstractChannelHandlerContext.java:374)\n\tat io.netty.channel.AbstractChannelHandlerContext.invokeChannelRead(AbstractChannelHandlerContext.java:360)\n\tat io.netty.channel.DefaultChannelPipeline.fireChannelRead(DefaultChannelPipeline.java:931)\n\tat io.netty.channel.nio.AbstractNioByteChannel$NioByteUnsafe.read(AbstractNioByteChannel.java:163)\n\tat io.netty.channel.nio.NioEventLoop.processSelectedKey(NioEventLoop.java:700)\n\tat io.netty.channel.nio.NioEventLoop.processSelectedKeysOptimized(NioEventLoop.java:635)\n\tat io.netty.channel.nio.NioEventLoop.processSelectedKeys(NioEventLoop.java:552)\n\tat io.netty.channel.nio.NioEventLoop.run(NioEventLoop.java:514)\n\tat io.netty.util.concurrent.SingleThreadEventExecutor$6.run(SingleThreadEventExecutor.java:1044)\n\tat io.netty.util.internal.ThreadExecutorMap$2.run(ThreadExecutorMap.java:74)\n\tat io.netty.util.concurrent.FastThreadLocalRunnable.run(FastThreadLocalRunnable.java:30)\n\tat java.lang.Thread.run(Thread.java:923)\n"}}
06-11 23:29:47.251 D/JioStbInactivityTimer(  926): Timer: count 33 warningTimeout:10680 timeout:10800
06-11 23:29:47.251 D/JioStbInactivityTimer(  926): isUserActive: Curr:10583986 Prev:10583986
06-11 23:29:47.273 D/ltts_ip_emm(  397): LTTS_IP_DMXStartEMM[381]: parse_emm_cat_status failed
06-11 23:29:47.303 D/stbdpc  (  397): STB_DPGetNumPaths[570]: num_paths: 1
06-11 23:29:47.504 I/chatty  (  397): uid=0(root) DK-SiCntrl identical 2 lines
06-11 23:29:47.604 D/stbdpc  (  397): STB_DPGetNumPaths[570]: num_paths: 1
06-11 23:29:47.616 D/dvb_iptv(  397): ReadEmmNetworkTask[1537]: EMM Select Timeout Occured 23
06-11 23:29:47.704 D/stbdpc  (  397): STB_DPGetNumPaths[570]: num_paths: 1
06-11 23:29:47.753 I/appium  (32357): channel read: POST /session/ab354203-3f7a-4c24-bb04-869fb2b24a9d/element
06-11 23:29:47.754 I/appium  (32357): FindElement command
06-11 23:29:47.757 I/appium  (32357): method: 'xpath', selector: '//android.widget.ImageView[@resource-id='in.startv.hotstar:id/hero_img']'
06-11 23:29:47.758 I/appium  (32357): Waiting up to 10000ms for the device to idle
06-11 23:29:47.762 I/appium  (32357): The following attributes will be included to the page source: [resource-id]
06-11 23:29:47.804 D/stbdpc  (  397): STB_DPGetNumPaths[570]: num_paths: 1
06-11 23:29:47.905 D/stbdpc  (  397): STB_DPGetNumPaths[570]: num_paths: 1
06-11 23:29:47.934 D/JioLauncher( 1773): overlay status check for wifi and bt remote false false
06-11 23:29:47.936 D/Match code1( 1439): 2
06-11 23:29:47.936 D/JIO_TR069-( 1439): Predefined List [com.jio.stb.catv, com.rjil.jiostbsetting, com.iwedia.ui.rjio.launcher.reliance, com.jio.stb.hotellauncher, com.jio.media.oberoi, com.jio.ott]
06-11 23:29:47.938 D/JIO_TR069-( 1439): Caller Package com.iwedia.ui.rjio.launcher.reliance
06-11 23:29:47.938 D/JIO_TR069-( 1439): White Listed Apps []
06-11 23:29:47.938 D/JIO_TR069-( 1439): Final White Listed Apps [com.jio.stb.catv, com.rjil.jiostbsetting, com.iwedia.ui.rjio.launcher.reliance, com.jio.stb.hotellauncher, com.jio.media.oberoi, com.jio.ott, ]
06-11 23:29:47.941 D/JioLauncher( 1773): network-type-------NonJioNetwork
06-11 23:29:47.944 D/JioLauncher( 1773): live-tv-previousIp-[/fe80::1%wlan0, /192.168.1.1]-newHost-[/fe80::1%wlan0, /192.168.1.1]
06-11 23:29:47.962 I/appium  (32357): Took 0ms to retrieve 0 matches for '//android.widget.ImageView[@resource-id='in.startv.hotstar:id/hero_img']' XPath2 query
