06-11 22:19:44.099 D/stbdpc  (  397): STB_DPGetNumPaths[570]: num_paths: 1
06-11 22:19:44.199 I/chatty  (  397): uid=0(root) DK-SiCntrl identical 1 line
06-11 22:19:44.299 D/stbdpc  (  397): STB_DPGetNumPaths[570]: num_paths: 1
06-11 22:19:44.320 D/dvb_iptv(  397): ReadEmmNetworkTask[1537]: EMM Select Timeout Occured 54
06-11 22:19:44.400 D/stbdpc  (  397): STB_DPGetNumPaths[570]: num_paths: 1
06-11 22:19:44.500 I/chatty  (  397): uid=0(root) DK-SiCntrl identical 1 line
06-11 22:19:44.600 D/stbdpc  (  397): STB_DPGetNumPaths[570]: num_paths: 1
06-11 22:19:44.644 D/JioStbInactivityTimer(  926): Timer: count 19 warningTimeout:10680 timeout:10800
06-11 22:19:44.644 D/JioStbInactivityTimer(  926): isUserActive: Curr:6395663 Prev:6395663
06-11 22:19:44.700 D/stbdpc  (  397): STB_DPGetNumPaths[570]: num_paths: 1
06-11 22:19:44.799 I/ThermalService(  969): CPU temperatures: [62.9]
06-11 22:19:44.798 I/thermal2(  367): Sending notification:  Type: CPU Name: soc_thermal CurrentValue: 62.9 ThrottlingStatus: NONE
06-11 22:19:44.800 D/stbdpc  (  397): STB_DPGetNumPaths[570]: num_paths: 1
06-11 22:19:44.820 D/dvb_iptv(  397): ReadEmmNetworkTask[1537]: EMM Select Timeout Occured 55
06-11 22:19:44.900 D/stbdpc  (  397): STB_DPGetNumPaths[570]: num_paths: 1
06-11 22:19:44.961 D/ltts_ip_emm(  397): LTTS_IP_DMXStartEMM[381]: parse_emm_cat_status failed
06-11 22:19:45.001 D/stbdpc  (  397): STB_DPGetNumPaths[570]: num_paths: 1
06-11 22:19:45.040 D/rtk_heartbeat(  349): heartbeat_timed_out: heartbeatCmdCount = 6394, expected nextSeqNum = 6394
06-11 22:19:45.042 D/rtk_heartbeat(  349): rtkbt_heartbeat_cmpl_cback: Current SeqNum = 6394,should SeqNum=6394, status = 0
06-11 22:19:45.101 D/stbdpc  (  397): STB_DPGetNumPaths[570]: num_paths: 1
06-11 22:19:45.128 F/linker  ( 6362): CANNOT LINK EXECUTABLE "/system/bin/smartcable/smartCableSTBApp": library "libmosquitto.so" not found: needed by main executable
06-11 22:19:45.201 I/chatty  (  397): uid=0(root) DK-SiCntrl identical 1 line
06-11 22:19:45.301 D/stbdpc  (  397): STB_DPGetNumPaths[570]: num_paths: 1
06-11 22:19:45.320 D/dvb_iptv(  397): ReadEmmNetworkTask[1537]: EMM Select Timeout Occured 56
06-11 22:19:45.402 D/stbdpc  (  397): STB_DPGetNumPaths[570]: num_paths: 1
06-11 22:19:45.502 I/chatty  (  397): uid=0(root) DK-SiCntrl identical 1 line
06-11 22:19:45.602 D/stbdpc  (  397): STB_DPGetNumPaths[570]: num_paths: 1
06-11 22:19:45.645 D/JioStbInactivityTimer(  926): Timer: count 20 warningTimeout:10680 timeout:10800
06-11 22:19:45.645 D/JioStbInactivityTimer(  926): isUserActive: Curr:6395663 Prev:6395663
06-11 22:19:45.680 I/TRuntime.CctTransportBackend( 6249): Status Code: 200
06-11 22:19:45.702 D/stbdpc  (  397): STB_DPGetNumPaths[570]: num_paths: 1
06-11 22:19:45.785 I/JioBackgroundSchedulerService( 2899): Check schedule  
06-11 22:19:45.803 D/stbdpc  (  397): STB_DPGetNumPaths[570]: num_paths: 1
06-11 22:19:45.821 D/dvb_iptv(  397): ReadEmmNetworkTask[1537]: EMM Select Timeout Occured 57
06-11 22:19:45.903 D/stbdpc  (  397): STB_DPGetNumPaths[570]: num_paths: 1
06-11 22:19:45.950 E/TaskPersister(  633): File error accessing recents directory (directory doesn't exist?).
06-11 22:19:46.003 D/stbdpc  (  397): STB_DPGetNumPaths[570]: num_paths: 1
06-11 22:19:46.040 E/WifiVendorHal(  633): getWifiLinkLayerStats_1_3_Internal(l.973) failed {.code = ERROR_UNKNOWN, .description = unknown error}
06-11 22:19:46.041 D/rtk_heartbeat(  349): heartbeat_timed_out: heartbeatCmdCount = 6395, expected nextSeqNum = 6395
06-11 22:19:46.050 D/rtk_heartbeat(  349): rtkbt_heartbeat_cmpl_cback: Current SeqNum = 6395,should SeqNum=6395, status = 0
06-11 22:19:46.103 D/stbdpc  (  397): STB_DPGetNumPaths[570]: num_paths: 1
06-11 22:19:46.203 I/chatty  (  397): uid=0(root) DK-SiCntrl identical 1 line
06-11 22:19:46.304 D/stbdpc  (  397): STB_DPGetNumPaths[570]: num_paths: 1
06-11 22:19:46.321 D/dvb_iptv(  397): ReadEmmNetworkTask[1537]: EMM Select Timeout Occured 58
06-11 22:19:46.404 D/stbdpc  (  397): STB_DPGetNumPaths[570]: num_paths: 1
06-11 22:19:46.504 I/chatty  (  397): uid=0(root) DK-SiCntrl identical 1 line
06-11 22:19:46.604 D/stbdpc  (  397): STB_DPGetNumPaths[570]: num_paths: 1
06-11 22:19:46.645 D/JioStbInactivityTimer(  926): Timer: count 21 warningTimeout:10680 timeout:10800
06-11 22:19:46.645 D/JioStbInactivityTimer(  926): isUserActive: Curr:6395663 Prev:6395663
06-11 22:19:46.705 D/stbdpc  (  397): STB_DPGetNumPaths[570]: num_paths: 1
06-11 22:19:46.805 D/stbdpc  (  397): STB_DPGetNumPaths[570]: num_paths: 1
06-11 22:19:46.815 I/ThermalService(  969): CPU temperatures: [59.600002]
06-11 22:19:46.821 D/dvb_iptv(  397): ReadEmmNetworkTask[1537]: EMM Select Timeout Occured 59
06-11 22:19:46.871 I/WifiService(  633): releaseMulticastLock uid=10083
06-11 22:19:46.873 I/JTCLOG  ( 3612): JuiceModel ->  Discover Mesh ONT services started
06-11 22:19:46.874 I/WifiService(  633): acquireMulticastLock uid=10083
06-11 22:19:46.905 D/stbdpc  (  397): STB_DPGetNumPaths[570]: num_paths: 1
06-11 22:19:46.918 W/[ 6418.070461@0]  RTW(    0): fill_default_txdesc(wlan0): SP Packet(0x0806) rate=0x4 SeqNum = 1265
06-11 22:19:46.961 D/ltts_ip_emm(  397): LTTS_IP_DMXStartEMM[381]: parse_emm_cat_status failed
06-11 22:19:47.005 D/stbdpc  (  397): STB_DPGetNumPaths[570]: num_paths: 1
06-11 22:19:47.041 D/rtk_heartbeat(  349): heartbeat_timed_out: heartbeatCmdCount = 6396, expected nextSeqNum = 6396
06-11 22:19:47.042 D/rtk_heartbeat(  349): rtkbt_heartbeat_cmpl_cback: Current SeqNum = 6396,should SeqNum=6396, status = 0
06-11 22:19:47.105 D/stbdpc  (  397): STB_DPGetNumPaths[570]: num_paths: 1
06-11 22:19:47.206 I/chatty  (  397): uid=0(root) DK-SiCntrl identical 1 line
06-11 22:19:47.306 D/stbdpc  (  397): STB_DPGetNumPaths[570]: num_paths: 1
06-11 22:19:47.321 D/dvb_iptv(  397): ReadEmmNetworkTask[1537]: EMM Select Timeout Occured 60
06-11 22:19:47.321 D/stbresmgr(  397): STB_RESNumTuners[315]: num_tuners: 3
06-11 22:19:47.321 E/dvb_iptv(  397): IPTV_GetDvbIpPacketDetails[684]: No valid ECM iptv_handle
06-11 22:19:47.321 D/dvb_iptv(  397): IPTV_GetDvbIpPacketDetails[688]: EMM Pkt stat received_packets:0 lost_packets:0 recov_packets:0 
06-11 22:19:47.321 D/dvb_iptv(  397): getPktDetailOnRetry[710]: Failed to fetch packet details
06-11 22:19:47.322 D/dvb_iptv(  397): ReadEmmNetworkTask[1582]: signal emm restart thread
06-11 22:19:47.322 D/dvb_iptv(  397): IPTV_Emm_Stop[2245]: IPTV_Emm_Stop called
06-11 22:19:47.322 D/ltts_ip_emm(  397): CloseEmmCasSession[446]: EMM CAS CloseSession CASSession ID:f07c2c00
06-11 22:19:47.322 I/Aml_MP  (  397): AmlVMXIptvCas_V2 dtor AmlVMXIptvCas_V2
06-11 22:19:47.322 I/Aml_MP  (  397): AmCasLibWrapper [~AmCasLibWrapper:47] 
06-11 22:19:47.322 D/am_cas_api(  397): [releaseAmCas/294]
06-11 22:19:47.322 V/AVPIPTV (  397): [0] ~AmCasIPTVSC2 at # 707, class_instance_index=0
06-11 22:19:47.322 I/Aml_MP  (  397): AmCasLibWrapper delete mCasObj
06-11 22:19:47.322 I/Aml_MP  (  397): AmlCasBase [~AmlCasBase:89] 
06-11 22:19:47.322 D/ltts_ip_emm(  397): CloseEmmCasSession[450]: Aml_MP_CAS_CloseSession_Emm | ret_Aml: 0
06-11 22:19:47.406 D/stbdpc  (  397): STB_DPGetNumPaths[570]: num_paths: 1
06-11 22:19:47.506 D/stbdpc  (  397): STB_DPGetNumPaths[570]: num_paths: 1
06-11 22:19:47.572 D/BufferPoolAccessor2.0( 6249): bufferpool2 0xf02a5558 : 0(0 size) total buffers - 0(0 size) used buffers - 0/5 (recycle/alloc) - 4/216 (fetch/transfer)
06-11 22:19:47.572 D/BufferPoolAccessor2.0( 6249): evictor expired: 1, evicted: 1
06-11 22:19:47.574 D/BufferPoolAccessor2.0(  477): bufferpool2 0xf7965b98 : 0(0 size) total buffers - 0(0 size) used buffers - 106/109 (recycle/alloc) - 3/109 (fetch/transfer)
06-11 22:19:47.574 D/BufferPoolAccessor2.0(  477): evictor expired: 1, evicted: 1
06-11 22:19:47.607 D/stbdpc  (  397): STB_DPGetNumPaths[570]: num_paths: 1
06-11 22:19:47.646 D/JioStbInactivityTimer(  926): Timer: count 22 warningTimeout:10680 timeout:10800
06-11 22:19:47.646 D/JioStbInactivityTimer(  926): isUserActive: Curr:6395663 Prev:6395663
06-11 22:19:47.707 D/stbdpc  (  397): STB_DPGetNumPaths[570]: num_paths: 1
06-11 22:19:47.807 D/stbdpc  (  397): STB_DPGetNumPaths[570]: num_paths: 1
06-11 22:19:47.822 D/dvb_iptv(  397): ReadEmmNetworkTask[1537]: EMM Select Timeout Occured 1
06-11 22:19:47.822 D/stbhwnet(  397): STB_NWDropMembership[1331]: using IPV6 protocol in dropmembership
06-11 22:19:47.823 D/stbhwnet(  397): STB_NWDropMembership[1335]: group_address: '232.24.3.241', source_address: '10.70.220.50'
06-11 22:19:47.823 D/stbhwnet(  397): STB_NWDropMembership[1353]: src url SSM enabled
06-11 22:19:47.824 D/stbhwnet(  397): get_any_multicast_interface[1061]: Found g_nw_interface wlan0, ifindex 8
06-11 22:19:47.825 D/stbhwnet(  397): STB_NWDropMembership[1376]: sockopt_ret: 92 | Protocol not available
06-11 22:19:47.825 D/stbhwnet(  397): STB_NWDropMembership[1377]: Adding source multicast group error
06-11 22:19:47.825 D/stbhwnet(  397): STB_NWDropMembership[1331]: using IPV6 protocol in dropmembership
06-11 22:19:47.825 D/stbhwnet(  397): STB_NWDropMembership[1335]: group_address: '232.24.3.241', source_address: '10.70.220.50'
06-11 22:19:47.825 D/stbhwnet(  397): STB_NWDropMembership[1353]: src url SSM enabled
06-11 22:19:47.826 D/stbhwnet(  397): get_any_multicast_interface[1061]: Found g_nw_interface wlan0, ifindex 8
06-11 22:19:47.826 D/stbhwnet(  397): STB_NWDropMembership[1376]: sockopt_ret: 92 | Protocol not available
06-11 22:19:47.826 D/stbhwnet(  397): STB_NWDropMembership[1377]: Adding source multicast group error
06-11 22:19:47.826 D/stbhwnet(  397): STB_NWDropMembership[1331]: using IPV6 protocol in dropmembership
06-11 22:19:47.827 D/stbhwnet(  397): STB_NWDropMembership[1335]: group_address: '232.24.3.241', source_address: '10.70.220.50'
06-11 22:19:47.827 D/stbhwnet(  397): STB_NWDropMembership[1353]: src url SSM enabled
06-11 22:19:47.828 D/stbhwnet(  397): get_any_multicast_interface[1061]: Found g_nw_interface wlan0, ifindex 8
06-11 22:19:47.828 D/stbhwnet(  397): STB_NWDropMembership[1376]: sockopt_ret: 92 | Protocol not available
06-11 22:19:47.828 D/stbhwnet(  397): STB_NWDropMembership[1377]: Adding source multicast group error
06-11 22:19:47.828 D/stbhwnet(  397): STB_NWDropMembership[1331]: using IPV6 protocol in dropmembership
06-11 22:19:47.828 D/stbhwnet(  397): STB_NWDropMembership[1335]: group_address: '232.24.3.241', source_address: '10.70.220.50'
06-11 22:19:47.828 D/stbhwnet(  397): STB_NWDropMembership[1353]: src url SSM enabled
06-11 22:19:47.830 D/stbhwnet(  397): get_any_multicast_interface[1061]: Found g_nw_interface wlan0, ifindex 8
06-11 22:19:47.830 D/stbhwnet(  397): STB_NWDropMembership[1376]: sockopt_ret: 92 | Protocol not available
06-11 22:19:47.830 D/stbhwnet(  397): STB_NWDropMembership[1377]: Adding source multicast group error
06-11 22:19:47.830 E/DvbiInterface(  397): StopStartcurrentemmsession[1192]: sucessfully stop the emm session
06-11 22:19:47.899 D/JioLauncher( 1773): overlay status check for wifi and bt remote false false
06-11 22:19:47.903 D/Match code1( 1439): 2
06-11 22:19:47.903 D/JIO_TR069-( 1439): Predefined List [com.jio.stb.catv, com.rjil.jiostbsetting, com.iwedia.ui.rjio.launcher.reliance, com.jio.stb.hotellauncher, com.jio.media.oberoi, com.jio.ott]
06-11 22:19:47.907 D/JIO_TR069-( 1439): Caller Package com.iwedia.ui.rjio.launcher.reliance
06-11 22:19:47.907 D/JIO_TR069-( 1439): White Listed Apps []
06-11 22:19:47.907 D/JIO_TR069-( 1439): Final White Listed Apps [com.jio.stb.catv, com.rjil.jiostbsetting, com.iwedia.ui.rjio.launcher.reliance, com.jio.stb.hotellauncher, com.jio.media.oberoi, com.jio.ott, ]
06-11 22:19:47.907 D/stbdpc  (  397): STB_DPGetNumPaths[570]: num_paths: 1
06-11 22:19:47.911 D/JioLauncher( 1773): network-type-------NonJioNetwork
06-11 22:19:47.916 D/JioLauncher( 1773): live-tv-previousIp-[/fe80::1%wlan0, /192.168.1.1]-newHost-[/fe80::1%wlan0, /192.168.1.1]
06-11 22:19:48.007 D/stbdpc  (  397): STB_DPGetNumPaths[570]: num_paths: 1
06-11 22:19:48.041 D/rtk_heartbeat(  349): heartbeat_timed_out: heartbeatCmdCount = 6397, expected nextSeqNum = 6397
06-11 22:19:48.042 D/rtk_heartbeat(  349): rtkbt_heartbeat_cmpl_cback: Current SeqNum = 6397,should SeqNum=6397, status = 0
06-11 22:19:48.108 D/stbdpc  (  397): STB_DPGetNumPaths[570]: num_paths: 1
06-11 22:19:48.208 I/chatty  (  397): uid=0(root) DK-SiCntrl identical 1 line
06-11 22:19:48.308 D/stbdpc  (  397): STB_DPGetNumPaths[570]: num_paths: 1
06-11 22:19:48.330 D/DvbiInterface(  397): startEmmSession[1104]: primary_address: "rtp://10.70.220.50@232.24.3.241:5001"
06-11 22:19:48.330 D/DvbiInterface(  397): startEmmSession[1114]: secondary_address: ""
06-11 22:19:48.330 I/DvbiInterface(  397): startEmmSession[1136]: IPTV_EMM_Open | [args] URI: "rtp://10.70.220.50@232.24.3.241", port: 5001, fec: 2
06-11 22:19:48.330 D/dvb_iptv(  397): IPTV_Emm_Open[2003]: URL=rtp://10.70.220.50@232.24.3.241, port=5001 fec_layer=2 port1=0, port2=0
06-11 22:19:48.330 D/dvb_iptv(  397): ParseUrl[1748]: before parse | url: "10.70.220.50@232.24.3.241", src_addr: "", mc_addr: ""
06-11 22:19:48.330 D/dvb_iptv(  397): ParseUrl[1811]: after parse | url: "232.24.3.241", src_addr: "10.70.220.50", mc_addr: "232.24.3.241"
06-11 22:19:48.330 D/dvb_iptv(  397): IPTV_Emm_Open[2032]: Found 2 addresses for 232.24.3.241
06-11 22:19:48.330 D/dvb_iptv(  397): IPTV_Emm_Open[2040]: 0: family=IPv4, type=datagram, protocol=UDP, multicast=yes
06-11 22:19:48.330 D/stbhwnet(  397): STB_NWBind[914]: Added IPV4 address to bind:232.24.3.241 
06-11 22:19:48.330 D/stbhwnet(  397): STB_NWBind[921]: Binding with address 232.24.3.241
06-11 22:19:48.330 D/stbhwnet(  397): STB_NWBind[928]: Bind (fd=16) port 5001, done okay
06-11 22:19:48.330 D/dvb_iptv(  397): SocketBind[727]: bound socket, port=5001
06-11 22:19:48.330 D/stbhwnet(  397): STB_NWAddMembership[1139]: using IPV4 protocol
06-11 22:19:48.331 D/stbhwnet(  397): STB_NWAddMembership[1142]: group_address: '232.24.3.241', source_address: '10.70.220.50'
06-11 22:19:48.331 D/stbhwnet(  397): STB_NWAddMembership[1156]: src url SSM enabled
06-11 22:19:48.331 D/stbhwnet(  397): STB_NWAddMembership[1163]: source addr: 10.70.220.50, group addr: 232.24.3.241, socket: 16
06-11 22:19:48.331 D/stbhwnet(  397): STB_NWAddMembership[1164]: setsocket success for source addrs
06-11 22:19:48.331 D/stbhwnet(  397): STB_NWAddMembership[1176]: setsockopt IP_MULTICAST_ALL params:
06-11 22:19:48.331 D/stbhwnet(  397): STB_NWAddMembership[1177]: mc_all: DISABLE
06-11 22:19:48.331 D/stbhwnet(  397): STB_NWAddMembership[1182]: setsockopt success for all
06-11 22:19:48.331 D/stbhwnet(  397): STB_NWBind[914]: Added IPV4 address to bind:232.24.3.241 
06-11 22:19:48.331 D/stbhwnet(  397): STB_NWBind[921]: Binding with address 232.24.3.241
06-11 22:19:48.331 D/stbhwnet(  397): STB_NWBind[928]: Bind (fd=17) port 5002, done okay
06-11 22:19:48.331 D/dvb_iptv(  397): SocketBind[727]: bound socket, port=5002
06-11 22:19:48.331 D/stbhwnet(  397): STB_NWAddMembership[1139]: using IPV4 protocol
06-11 22:19:48.331 D/stbhwnet(  397): STB_NWAddMembership[1142]: group_address: '232.24.3.241', source_address: '10.70.220.50'
06-11 22:19:48.331 D/stbhwnet(  397): STB_NWAddMembership[1156]: src url SSM enabled
06-11 22:19:48.331 D/stbhwnet(  397): STB_NWAddMembership[1163]: source addr: 10.70.220.50, group addr: 232.24.3.241, socket: 17
06-11 22:19:48.331 D/stbhwnet(  397): STB_NWAddMembership[1164]: setsocket success for source addrs
06-11 22:19:48.331 D/stbhwnet(  397): STB_NWAddMembership[1176]: setsockopt IP_MULTICAST_ALL params:
06-11 22:19:48.331 D/stbhwnet(  397): STB_NWAddMembership[1177]: mc_all: DISABLE
06-11 22:19:48.331 D/stbhwnet(  397): STB_NWAddMembership[1182]: setsockopt success for all
06-11 22:19:48.331 D/stbhwnet(  397): STB_NWBind[914]: Added IPV4 address to bind:232.24.3.241 
06-11 22:19:48.331 D/stbhwnet(  397): STB_NWBind[921]: Binding with address 232.24.3.241
06-11 22:19:48.331 D/stbhwnet(  397): STB_NWBind[928]: Bind (fd=18) port 5003, done okay
06-11 22:19:48.331 D/dvb_iptv(  397): SocketBind[727]: bound socket, port=5003
06-11 22:19:48.331 D/stbhwnet(  397): STB_NWAddMembership[1139]: using IPV4 protocol
06-11 22:19:48.331 D/stbhwnet(  397): STB_NWAddMembership[1142]: group_address: '232.24.3.241', source_address: '10.70.220.50'
06-11 22:19:48.331 D/stbhwnet(  397): STB_NWAddMembership[1156]: src url SSM enabled
06-11 22:19:48.331 D/stbhwnet(  397): STB_NWAddMembership[1163]: source addr: 10.70.220.50, group addr: 232.24.3.241, socket: 18
06-11 22:19:48.331 D/stbhwnet(  397): STB_NWAddMembership[1164]: setsocket success for source addrs
06-11 22:19:48.331 D/stbhwnet(  397): STB_NWAddMembership[1176]: setsockopt IP_MULTICAST_ALL params:
06-11 22:19:48.331 D/stbhwnet(  397): STB_NWAddMembership[1177]: mc_all: DISABLE
06-11 22:19:48.331 D/stbhwnet(  397): STB_NWAddMembership[1182]: setsockopt success for all
06-11 22:19:48.331 D/stbhwnet(  397): STB_NWBind[914]: Added IPV4 address to bind:232.24.3.241 
06-11 22:19:48.331 D/stbhwnet(  397): STB_NWBind[921]: Binding with address 232.24.3.241
06-11 22:19:48.331 D/stbhwnet(  397): STB_NWBind[928]: Bind (fd=19) port 5005, done okay
06-11 22:19:48.331 D/dvb_iptv(  397): SocketBind[727]: bound socket, port=5005
06-11 22:19:48.331 D/stbhwnet(  397): STB_NWAddMembership[1139]: using IPV4 protocol
06-11 22:19:48.331 D/stbhwnet(  397): STB_NWAddMembership[1142]: group_address: '232.24.3.241', source_address: '10.70.220.50'
06-11 22:19:48.331 D/stbhwnet(  397): STB_NWAddMembership[1156]: src url SSM enabled
06-11 22:19:48.331 D/stbhwnet(  397): STB_NWAddMembership[1163]: source addr: 10.70.220.50, group addr: 232.24.3.241, socket: 19
06-11 22:19:48.331 D/stbhwnet(  397): STB_NWAddMembership[1164]: setsocket success for source addrs
06-11 22:19:48.331 D/stbhwnet(  397): STB_NWAddMembership[1176]: setsockopt IP_MULTICAST_ALL params:
06-11 22:19:48.331 D/stbhwnet(  397): STB_NWAddMembership[1177]: mc_all: DISABLE
06-11 22:19:48.331 D/stbhwnet(  397): STB_NWAddMembership[1182]: setsockopt success for all
06-11 22:19:48.332 D/dvb_iptv(  397): IPTV_Emm_Open[2126]: [SockTime] EMM socket open time: 1749660588s 332013us
06-11 22:19:48.332 I/Aml_MP  (  397): AmlCasBase [create:29] cas serviceType: verimatrix IPTV
06-11 22:19:48.332 I/Aml_MP  (  397): AmlCasBase create, iptv vmxcas v2 support
06-11 22:19:48.332 I/Aml_MP  (  397): AmlVMXIptvCas_V2 ctor AmlVMXIptvCas_V2
06-11 22:19:48.332 D/am_cas_api(  397): [createAmCas/77]
06-11 22:19:48.332 E/AVPIPTV (  397): [0] AmCasIPTVSC2 at # 672, class_instance_index=0
06-11 22:19:48.332 D/ltts_ip_emm(  397): openEmmCasSession[437]: IPTV EMM Cas openSession susccess CASSession ID: f07c2c00
06-11 22:19:48.332 D/DvbiInterface(  397): StopStartcurrentemmsession[1198]: Successfully started the emm session: 0xf0bb39c0
06-11 22:19:48.332 D/dvb_iptv(  397): restartEmmSession[1181]: restart Emm monitor task success
06-11 22:19:48.332 D/dvb_iptv(  397): restartEmmSession[1187]: restart Emm monitor task stop and start successful - 1
06-11 22:19:48.332 D/dvb_iptv(  397): restartEmmSession[1172]: waiting for restart emm signal
06-11 22:19:48.394 E/QueryController( 6171): Got null root node from accessibility - Retrying...
06-11 22:19:48.408 D/stbdpc  (  397): STB_DPGetNumPaths[570]: num_paths: 1
06-11 22:19:48.508 D/stbdpc  (  397): STB_DPGetNumPaths[570]: num_paths: 1
06-11 22:19:48.543 D/[213   ] JioAccount-ADC( 2131): v2.a a> Event: XJSSOE3
06-11 22:19:48.543 V/[213   ] JioAccount-ADC( 2131): v2.a a> XJSSOE3	PARAMETERS:
06-11 22:19:48.546 D/[319   ] JioAccount-ADC( 2131): com.jio.adc.core.b c> Getting ServiceInfo
06-11 22:19:48.548 D/[319   ] JioAccount-ADC( 2131): com.jio.adc.core.b c> Starting Bind...
06-11 22:19:48.550 D/[2     ] JioAccount-ADC( 2131): com.jio.adc.core.b$2 onServiceConnected> Connected
06-11 22:19:48.552 D/[2     ] JioAccount-ADC( 2131): com.jio.adc.core.b$c$1 h> PROCESSING EVENT: XJSSOE3; TIME: 11-06-25 22:19:48:543; PARAMETERS: {"XJSSOP13":"in.startv.hotstar","XJSSOP14":true,"XJSSOP15":""}
06-11 22:19:48.553 D/[319   ] JioAccount-ADC( 2131): com.jio.adc.core.b c> Binding...
06-11 22:19:48.556 V/[2     ] JioAccount-ADC( 2131): com.jio.adc.core.b$c$1 h> Event Written: XJSSOE3; TIME: 11-06-25 22:19:48:543; PARAMETERS: {"XJSSOP13":"in.startv.hotstar","XJSSOP14":true,"XJSSOP15":""}
06-11 22:19:48.586 W/.sso.stb:remot( 2131): Reducing the number of considered missed Gc histogram windows from 370 to 100
06-11 22:19:48.609 D/stbdpc  (  397): STB_DPGetNumPaths[570]: num_paths: 1
06-11 22:19:48.619 I/.startv.hotsta( 6249): oneway function results will be dropped but finished with status OK and parcel size 4
06-11 22:19:48.621 I/e.swalekh.abct( 1359): oneway function results will be dropped but finished with status OK and parcel size 4
06-11 22:19:48.630 D/JioSTBMRServer-SERVICE( 3589): InetSocketAddress(InetAddress.getByName(inetAddress.hostAddress)-/192.168.1.255
06-11 22:19:48.630 D/JioSTBMRServer-SERVICE( 3589): #beacon:RKISBFJ60000097:0:false:0:1:SV=181024 , 192.168.1.255
06-11 22:19:48.634 D/JioSTBMRServer-SERVICE( 3589): InetSocketAddress(InetAddress.getByName(inetAddress.hostAddress)-/192.168.1.255
06-11 22:19:48.634 D/JioSTBMRServer-SERVICE( 3589): #broadcast IP:192.168.1.255
06-11 22:19:48.646 D/JioStbInactivityTimer(  926): Timer: count 23 warningTimeout:10680 timeout:10800
06-11 22:19:48.646 D/JioStbInactivityTimer(  926): isUserActive: Curr:6395663 Prev:6395663
06-11 22:19:48.709 D/stbdpc  (  397): STB_DPGetNumPaths[570]: num_paths: 1
06-11 22:19:48.747 D/[213   ] JioAccount-ADC( 2131): v2.a a> Event: XJSSOE4
06-11 22:19:48.748 V/[213   ] JioAccount-ADC( 2131): v2.a a> XJSSOE4	PARAMETERS:
06-11 22:19:48.749 D/[319   ] JioAccount-ADC( 2131): com.jio.adc.core.b$c$1 h> PROCESSING EVENT: XJSSOE4; TIME: 11-06-25 22:19:48:748; PARAMETERS: {"XJSSOP9":"RefreshTokenData","XJSSOP2":"200","XJSSOP3":"OK","XJSSOP4":"","XJSSOP1":"d5.s@abad1bb","XJSSOP5":"RJIL_JioSTBAF","XJSSOP6":"l7xxba9140cc92944a83ad95553ce3f4521a","XJSSOP8":"fe80::bcd3:5aff:fe4b:e27b","XJSSOP15":""}
06-11 22:19:48.753 V/[319   ] JioAccount-ADC( 2131): com.jio.adc.core.b$c$1 h> Event Written: XJSSOE4; TIME: 11-06-25 22:19:48:748; PARAMETERS: {"XJSSOP9":"RefreshTokenData","XJSSOP2":"200","XJSSOP3":"OK","XJSSOP4":"","XJSSOP1":"d5.s@abad1bb","XJSSOP5":"RJIL_JioSTBAF","XJSSOP6":"l7xxba9140cc92944a83ad95553ce3f4521a","XJSSOP8":"fe80::bcd3:5aff:fe4b:e27b","XJSSOP15":""}
06-11 22:19:48.753 D/[213   ] JioAccount-ADC( 2131): v2.a a> Event: XJSSOE4
06-11 22:19:48.754 V/[213   ] JioAccount-ADC( 2131): v2.a a> XJSSOE4	PARAMETERS:
06-11 22:19:48.757 D/[319   ] JioAccount-ADC( 2131): com.jio.adc.core.b$c$1 h> PROCESSING EVENT: XJSSOE4; TIME: 11-06-25 22:19:48:754; PARAMETERS: {"XJSSOP9":"RMN","XJSSOP2":"200","XJSSOP3":"success","XJSSOP4":"","XJSSOP1":"https://api.jio.com/v3/dip/user/authtoken/verify","XJSSOP5":"RJIL_JioSTBAF","XJSSOP6":"l7xxba9140cc92944a83ad95553ce3f4521a","XJSSOP8":"fe80::bcd3:5aff:fe4b:e27b","XJSSOP15":""}
06-11 22:19:48.764 V/[319   ] JioAccount-ADC( 2131): com.jio.adc.core.b$c$1 h> Event Written: XJSSOE4; TIME: 11-06-25 22:19:48:754; PARAMETERS: {"XJSSOP9":"RMN","XJSSOP2":"200","XJSSOP3":"success","XJSSOP4":"","XJSSOP1":"https://api.jio.com/v3/dip/user/authtoken/verify","XJSSOP5":"RJIL_JioSTBAF","XJSSOP6":"l7xxba9140cc92944a83ad95553ce3f4521a","XJSSOP8":"fe80::bcd3:5aff:fe4b:e27b","XJSSOP15":""}
06-11 22:19:48.794 D/memtrack_aml(  363): sysfs path
06-11 22:19:48.809 D/stbdpc  (  397): STB_DPGetNumPaths[570]: num_paths: 1
06-11 22:19:48.832 D/dvb_iptv(  397): ReadEmmNetworkTask[1537]: EMM Select Timeout Occured 1
06-11 22:19:48.832 D/dvb_iptv(  397): ReadEmmNetworkTask[1598]: [SockTime] EMM packet Reception Stopped!!
06-11 22:19:48.832 D/dvb_iptv(  397): ReadEmmNetworkTask[1601]: [SockTime] EMM packet Rxn stopped: 1749660588s 832580us
06-11 22:19:48.833 V/RootBeer( 6249): b: a() [44] - /system/xbin/su binary detected!
06-11 22:19:48.836 I/ThermalService(  969): CPU temperatures: [62.9]
06-11 22:19:48.878 I/system_server(  633): oneway function results will be dropped but finished with status OK and parcel size 4
06-11 22:19:48.878 I/system_server(  633): oneway function results will be dropped but finished with status OK and parcel size 4
06-11 22:19:48.879 W/AudioFlinger(  387): createTrack_l(): mismatch between requested flags (00000004) and output flags (00000002)
06-11 22:19:48.881 D/AF::TrackHandle(  387): OpPlayAudio: track:116 usage:1 not muted
06-11 22:19:48.884 D/AudioTrack( 6249): createTrack_l(0): AUDIO_OUTPUT_FLAG_FAST denied by server; frameCount 0 -> 122688
06-11 22:19:48.885 W/APM::AudioPolicyEngine(  387): getDevicesForStrategy() unknown strategy: -1
06-11 22:19:48.885 W/APM::AudioPolicyEngine(  387): getDevicesForStrategy() unknown strategy: -1
06-11 22:19:48.888 I/sub_mixing_factory(  348): [usecase_change_validate_l_sm:1209] ++++continuous:0 dev masks:0, out masks:0, out usecase PCM_NORMAL
06-11 22:19:48.888 I/sub_mixing_factory(  348): [usecase_change_validate_l_sm:1216] add usecase PCM_NORMAL, cnt 1
06-11 22:19:48.888 D/sub_mixing_factory(  348): [usecase_change_validate_l_sm:1228] cur dev masks:0, add out usecase:PCM_NORMAL
06-11 22:19:48.888 I/sub_mixing_factory(  348): [usecase_change_validate_l_sm:1259] ----continuous:0 dev masks:0x1, out masks:0x1, out usecase PCM_NORMAL
06-11 22:19:48.888 D/aml_audio_port(  348): [new_input_port:260] buf_frames:384,frame_size:4 ==> thunk_size:1536
06-11 22:19:48.888 I/aml_audio_port(  348): [get_input_port_type:109] samplerate:48000, flags:0x2, channel_cnt:2
06-11 22:19:48.888 D/aml_audio_port(  348): [new_input_port:286] inport:PCM_SYSTEM, buf:6144, direct:0, format:0x1, rate:48000, ch:2
06-11 22:19:48.888 I/amlAudioMixer(  348): [init_mixer_input_port:175] input port:PCM_SYSTEM, size 384 frames, frame_write_sum:86872064
06-11 22:19:48.888 I/aml_audio_port(  348): [get_input_port_type:109] samplerate:48000, flags:0x2, channel_cnt:2
06-11 22:19:48.888 I/sub_mixing_factory(  348): [mixer_aux_buffer_write_sm:1066] stream 0xee269000 input port:PCM_SYSTEM
06-11 22:19:48.888 I/sub_mixing_factory(  348): [mixer_aux_buffer_write_sm:1076] padding_bytes 12288
06-11 22:19:48.888 I/amlAudioMixer(  348): [mixer_write_inport:260] input port:PCM_SYSTEM is active now
06-11 22:19:48.888 I/sub_mixing_factory(  348): [mixer_aux_buffer_write_sm:1076] padding_bytes 10752
06-11 22:19:48.888 I/sub_mixing_factory(  348): [mixer_aux_buffer_write_sm:1076] padding_bytes 9216
06-11 22:19:48.888 I/sub_mixing_factory(  348): [mixer_aux_buffer_write_sm:1076] padding_bytes 7680
06-11 22:19:48.888 I/sub_mixing_factory(  348): [mixer_aux_buffer_write_sm:1076] padding_bytes 6144
06-11 22:19:48.889 I/system_server(  633): oneway function results will be dropped but finished with status OK and parcel size 4
06-11 22:19:48.893 I/amlAudioMixer(  348): [mixer_inports_read:704] input port:PCM_SYSTEM first start, portId:0, avail:6144
06-11 22:19:48.893 I/sub_mixing_factory(  348): [mixer_aux_buffer_write_sm:1076] padding_bytes 4608
06-11 22:19:48.897 I/DrmUtils( 6249): found android.hardware.drm@1.0::IDrmFactory clearkey
06-11 22:19:48.898 I/DrmUtils( 6249): found android.hardware.drm@1.0::IDrmFactory verimatrix
06-11 22:19:48.899 I/DrmUtils( 6249): found android.hardware.drm@1.0::IDrmFactory widevine
06-11 22:19:48.901 I/sub_mixing_factory(  348): [mixer_aux_buffer_write_sm:1076] padding_bytes 3072
06-11 22:19:48.902 I/DrmUtils( 6249): found android.hardware.drm@1.0::IDrmFactory youtube
06-11 22:19:48.905 I/DrmUtils( 6249): found android.hardware.drm@1.1::IDrmFactory clearkey
06-11 22:19:48.906 I/DrmUtils( 6249): found android.hardware.drm@1.1::IDrmFactory verimatrix
06-11 22:19:48.908 I/DrmUtils( 6249): found android.hardware.drm@1.1::IDrmFactory widevine
06-11 22:19:48.909 I/sub_mixing_factory(  348): [mixer_aux_buffer_write_sm:1076] padding_bytes 1536
06-11 22:19:48.909 I/DrmUtils( 6249): found android.hardware.drm@1.1::IDrmFactory youtube
06-11 22:19:48.909 D/stbdpc  (  397): STB_DPGetNumPaths[570]: num_paths: 1
06-11 22:19:48.920 I/DrmUtils( 6249): found android.hardware.drm@1.2::IDrmFactory clearkey
06-11 22:19:48.921 I/DrmUtils( 6249): found android.hardware.drm@1.2::IDrmFactory verimatrix
06-11 22:19:48.923 I/DrmUtils( 6249): found android.hardware.drm@1.2::IDrmFactory widevine
06-11 22:19:48.924 I/DrmUtils( 6249): found android.hardware.drm@1.2::IDrmFactory youtube
06-11 22:19:48.927 I/DrmUtils( 6249): found android.hardware.drm@1.3::IDrmFactory clearkey
06-11 22:19:48.928 I/DrmUtils( 6249): found android.hardware.drm@1.3::IDrmFactory verimatrix
06-11 22:19:48.930 I/DrmUtils( 6249): found android.hardware.drm@1.3::IDrmFactory widevine
06-11 22:19:48.933 I/DrmUtils( 6249): found android.hardware.drm@1.3::IDrmFactory youtube
06-11 22:19:48.933 W/android.hardware.drm@1.3-service.youtube(  355): isCryptoSchemeSupported, false
06-11 22:19:48.933 I/WVCdm   (  354): [app][in.startv.hotstar] calling virtual Return<void> wvdrm::hardware::drm::V1_3::widevine::WVDrmFactory::createPlugin(const hidl_array<uint8_t, 16> &, const android::hardware::hidl_string &, android::hardware::drm::V1_3::IDrmFactory::createPlugin_cb)
06-11 22:19:48.938 I/WVCdm   (  354): [cdm_engine.cpp(573):QueryStatus] Querying status
06-11 22:19:48.951 I/chatty  (  354): uid=1013(media) HwBinder:354_5 identical 5 lines
06-11 22:19:48.953 I/WVCdm   (  354): [cdm_engine.cpp(573):QueryStatus] Querying status
06-11 22:19:48.961 D/ltts_ip_emm(  397): LTTS_IP_DMXStartEMM[381]: parse_emm_cat_status failed
06-11 22:19:48.964 I/WVCdm   (  354): [cdm_engine.cpp(573):QueryStatus] Querying status
06-11 22:19:48.968 I/WVCdm   (  354): [cdm_engine.cpp(573):QueryStatus] Querying status
06-11 22:19:48.968 D/WVCdm   (  354): [crypto_session.cpp(805):Open] Opening crypto session: requested_security_level = Default
06-11 22:19:48.978 I/WVCdm   (  354): [file_utils.cpp(40):Exists] stat failed: ENOENT
06-11 22:19:48.991 D/ProfileInstaller( 6249): Skipping profile installation for in.startv.hotstar
06-11 22:19:49.009 D/stbdpc  (  397): STB_DPGetNumPaths[570]: num_paths: 1
06-11 22:19:49.027 W/AudioCapabilities( 6249): Unsupported mime audio/dtshd
06-11 22:19:49.027 W/AudioCapabilities( 6249): Unsupported mime audio/ffmpeg
06-11 22:19:49.027 W/AudioCapabilities( 6249): Unsupported mime audio/mpeg-L2
06-11 22:19:49.028 W/VideoCapabilities( 6249): Unsupported mime video/x-vnd.on2.vp6a
06-11 22:19:49.031 W/VideoCapabilities( 6249): Unsupported mime video/x-vnd.on2.vp6f
06-11 22:19:49.035 W/VideoCapabilities( 6249): Unsupported mime video/avs
06-11 22:19:49.036 W/VideoCapabilities( 6249): Unsupported mime video/avs2
06-11 22:19:49.038 W/VideoCapabilities( 6249): Unsupported mime video/x-motion-jpeg
06-11 22:19:49.039 W/VideoCapabilities( 6249): Unrecognized profile/level 0/3 for video/mpeg2
06-11 22:19:49.039 I/VideoCapabilities( 6249): Unsupported profile 2 for video/mpeg2
06-11 22:19:49.039 I/VideoCapabilities( 6249): Unsupported profile 3 for video/mpeg2
06-11 22:19:49.039 I/VideoCapabilities( 6249): Unsupported profile 4 for video/mpeg2
06-11 22:19:49.039 I/VideoCapabilities( 6249): Unsupported profile 5 for video/mpeg2
06-11 22:19:49.039 W/VideoCapabilities( 6249): Unrecognized profile/level 0/3 for video/mpeg2
06-11 22:19:49.039 I/VideoCapabilities( 6249): Unsupported profile 2 for video/mpeg2
06-11 22:19:49.039 I/VideoCapabilities( 6249): Unsupported profile 3 for video/mpeg2
06-11 22:19:49.039 I/VideoCapabilities( 6249): Unsupported profile 4 for video/mpeg2
06-11 22:19:49.039 I/VideoCapabilities( 6249): Unsupported profile 5 for video/mpeg2
06-11 22:19:49.040 I/VideoCapabilities( 6249): Unsupported profile 2 for video/mp4v-es
06-11 22:19:49.040 I/VideoCapabilities( 6249): Unsupported profile 4 for video/mp4v-es
06-11 22:19:49.040 I/VideoCapabilities( 6249): Unsupported profile 8 for video/mp4v-es
06-11 22:19:49.040 I/VideoCapabilities( 6249): Unsupported profile 16 for video/mp4v-es
06-11 22:19:49.040 I/VideoCapabilities( 6249): Unsupported profile 32 for video/mp4v-es
06-11 22:19:49.040 I/VideoCapabilities( 6249): Unsupported profile 64 for video/mp4v-es
06-11 22:19:49.040 I/VideoCapabilities( 6249): Unsupported profile 128 for video/mp4v-es
06-11 22:19:49.040 I/VideoCapabilities( 6249): Unsupported profile 256 for video/mp4v-es
06-11 22:19:49.040 I/VideoCapabilities( 6249): Unsupported profile 512 for video/mp4v-es
06-11 22:19:49.040 I/VideoCapabilities( 6249): Unsupported profile 1024 for video/mp4v-es
06-11 22:19:49.040 I/VideoCapabilities( 6249): Unsupported profile 2048 for video/mp4v-es
06-11 22:19:49.040 I/VideoCapabilities( 6249): Unsupported profile 4096 for video/mp4v-es
06-11 22:19:49.040 I/VideoCapabilities( 6249): Unsupported profile 8192 for video/mp4v-es
06-11 22:19:49.040 I/VideoCapabilities( 6249): Unsupported profile 16384 for video/mp4v-es
06-11 22:19:49.041 W/VideoCapabilities( 6249): Unsupported mime video/rm10
06-11 22:19:49.041 D/rtk_heartbeat(  349): heartbeat_timed_out: heartbeatCmdCount = 6398, expected nextSeqNum = 6398
06-11 22:19:49.042 W/VideoCapabilities( 6249): Unsupported mime video/rm20
06-11 22:19:49.043 D/rtk_heartbeat(  349): rtkbt_heartbeat_cmpl_cback: Current SeqNum = 6398,should SeqNum=6398, status = 0
06-11 22:19:49.043 W/VideoCapabilities( 6249): Unsupported mime video/rm30
06-11 22:19:49.044 W/VideoCapabilities( 6249): Unsupported mime video/rm40
06-11 22:19:49.045 W/VideoCapabilities( 6249): Unsupported mime video/vc1
06-11 22:19:49.047 E/WifiVendorHal(  633): getWifiLinkLayerStats_1_3_Internal(l.973) failed {.code = ERROR_UNKNOWN, .description = unknown error}
06-11 22:19:49.048 W/Utils   ( 6249): could not parse long range '1-'
06-11 22:19:49.049 W/VideoCapabilities( 6249): Unrecognized level 16 for video/x-vnd.on2.vp8
06-11 22:19:49.049 W/VideoCapabilities( 6249): Unrecognized level 32 for video/x-vnd.on2.vp8
06-11 22:19:49.049 W/VideoCapabilities( 6249): Unrecognized level 64 for video/x-vnd.on2.vp8
06-11 22:19:49.049 W/VideoCapabilities( 6249): Unrecognized level 128 for video/x-vnd.on2.vp8
06-11 22:19:49.049 W/VideoCapabilities( 6249): Unrecognized level 256 for video/x-vnd.on2.vp8
06-11 22:19:49.049 W/VideoCapabilities( 6249): Unrecognized level 512 for video/x-vnd.on2.vp8
06-11 22:19:49.049 W/VideoCapabilities( 6249): Unrecognized level 1024 for video/x-vnd.on2.vp8
06-11 22:19:49.049 W/VideoCapabilities( 6249): Unrecognized level 2048 for video/x-vnd.on2.vp8
06-11 22:19:49.049 W/VideoCapabilities( 6249): Unrecognized level 4096 for video/x-vnd.on2.vp8
06-11 22:19:49.049 W/VideoCapabilities( 6249): Unrecognized level 8192 for video/x-vnd.on2.vp8
06-11 22:19:49.049 W/VideoCapabilities( 6249): Unrecognized level 16384 for video/x-vnd.on2.vp8
06-11 22:19:49.049 W/VideoCapabilities( 6249): Unrecognized level 32768 for video/x-vnd.on2.vp8
06-11 22:19:49.051 W/VideoCapabilities( 6249): Unsupported mime video/wmv3
06-11 22:19:49.051 W/VideoCapabilities( 6249): Unsupported mime video/wmv1
06-11 22:19:49.052 W/VideoCapabilities( 6249): Unsupported mime video/wmv2
06-11 22:19:49.053 W/VideoCapabilities( 6249): Unsupported mime video/wvc1
06-11 22:19:49.053 W/Utils   ( 6249): could not parse long range '1-'
06-11 22:19:49.054 W/VideoCapabilities( 6249): Unsupported profile 4 for video/avc
06-11 22:19:49.073 D/MediaCodecInfo( 6249): NoSupport [sizeAndRate.support, 1920x1080x25.0] [c2.android.hevc.decoder, video/hevc] [MSTB, JMSB200A, Jio, 30]
06-11 22:19:49.074 D/MediaCodecInfo( 6249): NoSupport [sizeAndRate.support, 1920x1080x25.0] [c2.android.hevc.decoder, video/hevc] [MSTB, JMSB200A, Jio, 30]
06-11 22:19:49.076 D/MediaCodecInfo( 6249): NoSupport [sizeAndRate.support, 1920x1080x25.0] [c2.android.vp9.decoder, video/x-vnd.on2.vp9] [MSTB, JMSB200A, Jio, 30]
06-11 22:19:49.076 D/MediaCodecInfo( 6249): NoSupport [sizeAndRate.support, 1920x1080x25.0] [c2.android.vp9.decoder, video/x-vnd.on2.vp9] [MSTB, JMSB200A, Jio, 30]
06-11 22:19:49.109 D/stbdpc  (  397): STB_DPGetNumPaths[570]: num_paths: 1
06-11 22:19:49.210 I/chatty  (  397): uid=0(root) DK-SiCntrl identical 1 line
06-11 22:19:49.310 D/stbdpc  (  397): STB_DPGetNumPaths[570]: num_paths: 1
06-11 22:19:49.332 D/dvb_iptv(  397): ReadEmmNetworkTask[1537]: EMM Select Timeout Occured 2
06-11 22:19:49.410 D/stbdpc  (  397): STB_DPGetNumPaths[570]: num_paths: 1
06-11 22:19:49.510 I/chatty  (  397): uid=0(root) DK-SiCntrl identical 1 line
06-11 22:19:49.610 D/stbdpc  (  397): STB_DPGetNumPaths[570]: num_paths: 1
06-11 22:19:49.621 I/appium  ( 6171): Took 0ms to retrieve 0 matches for '//android.widget.ImageView[@resource-id='in.startv.hotstar:id/iv_profile']' XPath2 query
06-11 22:19:49.628 I/appium  ( 6171): AppiumResponse: {"sessionId":"17c78a2c-f689-4444-abeb-4fffb100fe07","value":{"error":"no such element","message":"An element could not be located on the page using the given search parameters","stacktrace":"io.appium.uiautomator2.common.exceptions.ElementNotFoundException: An element could not be located on the page using the given search parameters\n\tat io.appium.uiautomator2.utils.ElementLocationHelpers.findElement(ElementLocationHelpers.java:156)\n\tat io.appium.uiautomator2.handler.FindElement.safeHandle(FindElement.java:60)\n\tat io.appium.uiautomator2.handler.request.SafeRequestHandler.handle(SafeRequestHandler.java:59)\n\tat io.appium.uiautomator2.server.AppiumServlet.handleRequest(AppiumServlet.java:259)\n\tat io.appium.uiautomator2.server.AppiumServlet.handleHttpRequest(AppiumServlet.java:253)\n\tat io.appium.uiautomator2.http.ServerHandler.channelRead(ServerHandler.java:77)\n\tat io.netty.channel.AbstractChannelHandlerContext.invokeChannelRead(AbstractChannelHandlerContext.java:374)\n\tat io.netty.channel.AbstractChannelHandlerContext.invokeChannelRead(AbstractChannelHandlerContext.java:360)\n\tat io.netty.channel.AbstractChannelHandlerContext.fireChannelRead(AbstractChannelHandlerContext.java:352)\n\tat io.netty.handler.codec.MessageToMessageDecoder.channelRead(MessageToMessageDecoder.java:102)\n\tat io.netty.channel.AbstractChannelHandlerContext.invokeChannelRead(AbstractChannelHandlerContext.java:374)\n\tat io.netty.channel.AbstractChannelHandlerContext.invokeChannelRead(AbstractChannelHandlerContext.java:360)\n\tat io.netty.channel.AbstractChannelHandlerContext.fireChannelRead(AbstractChannelHandlerContext.java:352)\n\tat io.netty.channel.CombinedChannelDuplexHandler$DelegatingChannelHandlerContext.fireChannelRead(CombinedChannelDuplexHandler.java:438)\n\tat io.netty.handler.codec.ByteToMessageDecoder.fireChannelRead(ByteToMessageDecoder.java:328)\n\tat io.netty.handler.codec.ByteToMessageDecoder.channelRead(ByteToMessageDecoder.java:302)\n\tat io.netty.channel.CombinedChannelDuplexHandler.channelRead(CombinedChannelDuplexHandler.java:253)\n\tat io.netty.channel.AbstractChannelHandlerContext.invokeChannelRead(AbstractChannelHandlerContext.java:374)\n\tat io.netty.channel.AbstractChannelHandlerContext.invokeChannelRead(AbstractChannelHandlerContext.java:360)\n\tat io.netty.channel.AbstractChannelHandlerContext.fireChannelRead(AbstractChannelHandlerContext.java:352)\n\tat io.netty.handler.timeout.IdleStateHandler.channelRead(IdleStateHandler.java:287)\n\tat io.netty.channel.AbstractChannelHandlerContext.invokeChannelRead(AbstractChannelHandlerContext.java:374)\n\tat io.netty.channel.AbstractChannelHandlerContext.invokeChannelRead(AbstractChannelHandlerContext.java:360)\n\tat io.netty.channel.AbstractChannelHandlerContext.fireChannelRead(AbstractChannelHandlerContext.java:352)\n\tat io.netty.channel.DefaultChannelPipeline$HeadContext.channelRead(DefaultChannelPipeline.java:1422)\n\tat io.netty.channel.AbstractChannelHandlerContext.invokeChannelRead(AbstractChannelHandlerContext.java:374)\n\tat io.netty.channel.AbstractChannelHandlerContext.invokeChannelRead(AbstractChannelHandlerContext.java:360)\n\tat io.netty.channel.DefaultChannelPipeline.fireChannelRead(DefaultChannelPipeline.java:931)\n\tat io.netty.channel.nio.AbstractNioByteChannel$NioByteUnsafe.read(AbstractNioByteChannel.java:163)\n\tat io.netty.channel.nio.NioEventLoop.processSelectedKey(NioEventLoop.java:700)\n\tat io.netty.channel.nio.NioEventLoop.processSelectedKeysOptimized(NioEventLoop.java:635)\n\tat io.netty.channel.nio.NioEventLoop.processSelectedKeys(NioEventLoop.java:552)\n\tat io.netty.channel.nio.NioEventLoop.run(NioEventLoop.java:514)\n\tat io.netty.util.concurrent.SingleThreadEventExecutor$6.run(SingleThreadEventExecutor.java:1044)\n\tat io.netty.util.internal.ThreadExecutorMap$2.run(ThreadExecutorMap.java:74)\n\tat io.netty.util.concurrent.FastThreadLocalRunnable.run(FastThreadLocalRunnable.java:30)\n\tat java.lang.Thread.run(Thread.java:923)\n"}}
06-11 22:19:49.647 D/JioStbInactivityTimer(  926): Timer: count 24 warningTimeout:10680 timeout:10800
06-11 22:19:49.647 D/JioStbInactivityTimer(  926): isUserActive: Curr:6395663 Prev:6395663
06-11 22:19:49.710 D/stbdpc  (  397): STB_DPGetNumPaths[570]: num_paths: 1
06-11 22:19:49.811 D/stbdpc  (  397): STB_DPGetNumPaths[570]: num_paths: 1
06-11 22:19:49.832 D/dvb_iptv(  397): ReadEmmNetworkTask[1537]: EMM Select Timeout Occured 3
06-11 22:19:49.874 I/WifiService(  633): releaseMulticastLock uid=10083
06-11 22:19:49.875 I/JTCLOG  ( 3612): JuiceModel ->  getOldONTDetails() 
06-11 22:19:49.875 I/JTCLOG  ( 3612): JuiceModel -> Constants.BASEURL_PORT_7443:https://jiofiber.local.html:7443/
06-11 22:19:49.875 I/JTCLOG  ( 3612): JuiceModel -> FQDN=jiofiber.local.html
06-11 22:19:49.875 I/JTCLOG  ( 3612): JuiceModel -> getInfo() called with secured https----- -> count : 105
06-11 22:19:49.911 D/stbdpc  (  397): STB_DPGetNumPaths[570]: num_paths: 1
06-11 22:19:50.011 D/stbdpc  (  397): STB_DPGetNumPaths[570]: num_paths: 1
06-11 22:19:50.041 D/rtk_heartbeat(  349): heartbeat_timed_out: heartbeatCmdCount = 6399, expected nextSeqNum = 6399
06-11 22:19:50.042 D/rtk_heartbeat(  349): rtkbt_heartbeat_cmpl_cback: Current SeqNum = 6399,should SeqNum=6399, status = 0
06-11 22:19:50.111 D/stbdpc  (  397): STB_DPGetNumPaths[570]: num_paths: 1
06-11 22:19:50.129 F/linker  ( 6390): CANNOT LINK EXECUTABLE "/system/bin/smartcable/smartCableSTBApp": library "libmosquitto.so" not found: needed by main executable
06-11 22:19:50.211 D/stbdpc  (  397): STB_DPGetNumPaths[570]: num_paths: 1
06-11 22:19:50.219 I/appium  ( 6171): channel read: POST /session/17c78a2c-f689-4444-abeb-4fffb100fe07/element
06-11 22:19:50.221 I/appium  ( 6171): FindElement command
06-11 22:19:50.224 I/appium  ( 6171): method: 'xpath', selector: '//android.widget.ImageView[@resource-id='in.startv.hotstar:id/iv_profile']'
06-11 22:19:50.225 I/appium  ( 6171): Waiting up to 10000ms for the device to idle
06-11 22:19:50.229 I/appium  ( 6171): The following attributes will be included to the page source: [resource-id]
06-11 22:19:50.312 D/stbdpc  (  397): STB_DPGetNumPaths[570]: num_paths: 1
06-11 22:19:50.326 I/appium  ( 6171): Took 0ms to retrieve 0 matches for '//android.widget.ImageView[@resource-id='in.startv.hotstar:id/iv_profile']' XPath2 query
06-11 22:19:50.333 D/dvb_iptv(  397): ReadEmmNetworkTask[1537]: EMM Select Timeout Occured 4
06-11 22:19:50.333 I/appium  ( 6171): AppiumResponse: {"sessionId":"17c78a2c-f689-4444-abeb-4fffb100fe07","value":{"error":"no such element","message":"An element could not be located on the page using the given search parameters","stacktrace":"io.appium.uiautomator2.common.exceptions.ElementNotFoundException: An element could not be located on the page using the given search parameters\n\tat io.appium.uiautomator2.utils.ElementLocationHelpers.findElement(ElementLocationHelpers.java:156)\n\tat io.appium.uiautomator2.handler.FindElement.safeHandle(FindElement.java:60)\n\tat io.appium.uiautomator2.handler.request.SafeRequestHandler.handle(SafeRequestHandler.java:59)\n\tat io.appium.uiautomator2.server.AppiumServlet.handleRequest(AppiumServlet.java:259)\n\tat io.appium.uiautomator2.server.AppiumServlet.handleHttpRequest(AppiumServlet.java:253)\n\tat io.appium.uiautomator2.http.ServerHandler.channelRead(ServerHandler.java:77)\n\tat io.netty.channel.AbstractChannelHandlerContext.invokeChannelRead(AbstractChannelHandlerContext.java:374)\n\tat io.netty.channel.AbstractChannelHandlerContext.invokeChannelRead(AbstractChannelHandlerContext.java:360)\n\tat io.netty.channel.AbstractChannelHandlerContext.fireChannelRead(AbstractChannelHandlerContext.java:352)\n\tat io.netty.handler.codec.MessageToMessageDecoder.channelRead(MessageToMessageDecoder.java:102)\n\tat io.netty.channel.AbstractChannelHandlerContext.invokeChannelRead(AbstractChannelHandlerContext.java:374)\n\tat io.netty.channel.AbstractChannelHandlerContext.invokeChannelRead(AbstractChannelHandlerContext.java:360)\n\tat io.netty.channel.AbstractChannelHandlerContext.fireChannelRead(AbstractChannelHandlerContext.java:352)\n\tat io.netty.channel.CombinedChannelDuplexHandler$DelegatingChannelHandlerContext.fireChannelRead(CombinedChannelDuplexHandler.java:438)\n\tat io.netty.handler.codec.ByteToMessageDecoder.fireChannelRead(ByteToMessageDecoder.java:328)\n\tat io.netty.handler.codec.ByteToMessageDecoder.channelRead(ByteToMessageDecoder.java:302)\n\tat io.netty.channel.CombinedChannelDuplexHandler.channelRead(CombinedChannelDuplexHandler.java:253)\n\tat io.netty.channel.AbstractChannelHandlerContext.invokeChannelRead(AbstractChannelHandlerContext.java:374)\n\tat io.netty.channel.AbstractChannelHandlerContext.invokeChannelRead(AbstractChannelHandlerContext.java:360)\n\tat io.netty.channel.AbstractChannelHandlerContext.fireChannelRead(AbstractChannelHandlerContext.java:352)\n\tat io.netty.handler.timeout.IdleStateHandler.channelRead(IdleStateHandler.java:287)\n\tat io.netty.channel.AbstractChannelHandlerContext.invokeChannelRead(AbstractChannelHandlerContext.java:374)\n\tat io.netty.channel.AbstractChannelHandlerContext.invokeChannelRead(AbstractChannelHandlerContext.java:360)\n\tat io.netty.channel.AbstractChannelHandlerContext.fireChannelRead(AbstractChannelHandlerContext.java:352)\n\tat io.netty.channel.DefaultChannelPipeline$HeadContext.channelRead(DefaultChannelPipeline.java:1422)\n\tat io.netty.channel.AbstractChannelHandlerContext.invokeChannelRead(AbstractChannelHandlerContext.java:374)\n\tat io.netty.channel.AbstractChannelHandlerContext.invokeChannelRead(AbstractChannelHandlerContext.java:360)\n\tat io.netty.channel.DefaultChannelPipeline.fireChannelRead(DefaultChannelPipeline.java:931)\n\tat io.netty.channel.nio.AbstractNioByteChannel$NioByteUnsafe.read(AbstractNioByteChannel.java:163)\n\tat io.netty.channel.nio.NioEventLoop.processSelectedKey(NioEventLoop.java:700)\n\tat io.netty.channel.nio.NioEventLoop.processSelectedKeysOptimized(NioEventLoop.java:635)\n\tat io.netty.channel.nio.NioEventLoop.processSelectedKeys(NioEventLoop.java:552)\n\tat io.netty.channel.nio.NioEventLoop.run(NioEventLoop.java:514)\n\tat io.netty.util.concurrent.SingleThreadEventExecutor$6.run(SingleThreadEventExecutor.java:1044)\n\tat io.netty.util.internal.ThreadExecutorMap$2.run(ThreadExecutorMap.java:74)\n\tat io.netty.util.concurrent.FastThreadLocalRunnable.run(FastThreadLocalRunnable.java:30)\n\tat java.lang.Thread.run(Thread.java:923)\n"}}
06-11 22:19:50.412 D/stbdpc  (  397): STB_DPGetNumPaths[570]: num_paths: 1
06-11 22:19:50.512 I/chatty  (  397): uid=0(root) DK-SiCntrl identical 1 line
06-11 22:19:50.612 D/stbdpc  (  397): STB_DPGetNumPaths[570]: num_paths: 1
06-11 22:19:50.647 D/JioStbInactivityTimer(  926): Timer: count 25 warningTimeout:10680 timeout:10800
06-11 22:19:50.648 D/JioStbInactivityTimer(  926): isUserActive: Curr:6395663 Prev:6395663
06-11 22:19:50.671 I/.startv.hotsta( 6249): oneway function results will be dropped but finished with status OK and parcel size 4
06-11 22:19:50.674 I/e.swalekh.abct( 1359): oneway function results will be dropped but finished with status OK and parcel size 4
06-11 22:19:50.681 D/JioSTBMRServer-SERVICE( 3589): InetSocketAddress(InetAddress.getByName(inetAddress.hostAddress)-/192.168.1.255
06-11 22:19:50.681 D/JioSTBMRServer-SERVICE( 3589): #beacon:RKISBFJ60000097:0:false:0:1:SV=181024 , 192.168.1.255
06-11 22:19:50.684 D/JioSTBMRServer-SERVICE( 3589): InetSocketAddress(InetAddress.getByName(inetAddress.hostAddress)-/192.168.1.255
06-11 22:19:50.684 D/JioSTBMRServer-SERVICE( 3589): #broadcast IP:192.168.1.255
06-11 22:19:50.712 D/stbdpc  (  397): STB_DPGetNumPaths[570]: num_paths: 1
06-11 22:19:50.812 D/stbdpc  (  397): STB_DPGetNumPaths[570]: num_paths: 1
06-11 22:19:50.833 D/dvb_iptv(  397): ReadEmmNetworkTask[1537]: EMM Select Timeout Occured 5
06-11 22:19:50.851 I/ThermalService(  969): CPU temperatures: [60.700005]
06-11 22:19:50.868 I/appium  ( 6171): channel read: POST /session/17c78a2c-f689-4444-abeb-4fffb100fe07/element
06-11 22:19:50.869 I/appium  ( 6171): FindElement command
06-11 22:19:50.872 I/appium  ( 6171): method: 'xpath', selector: '//android.widget.ImageView[@resource-id='in.startv.hotstar:id/iv_profile']'
06-11 22:19:50.873 I/appium  ( 6171): Waiting up to 10000ms for the device to idle
06-11 22:19:50.879 I/appium  ( 6171): The following attributes will be included to the page source: [resource-id]
06-11 22:19:50.913 D/stbdpc  (  397): STB_DPGetNumPaths[570]: num_paths: 1
06-11 22:19:50.961 D/ltts_ip_emm(  397): LTTS_IP_DMXStartEMM[381]: parse_emm_cat_status failed
06-11 22:19:50.978 I/appium  ( 6171): Took 0ms to retrieve 0 matches for '//android.widget.ImageView[@resource-id='in.startv.hotstar:id/iv_profile']' XPath2 query
