--------- beginning of kernel
06-11 21:54:27.294 D/[ 4898.446302@3]  logd(    0): logdr: UID=0 GID=0 PID=29136 b tail=0 logMask=99 pid=0 start=0ns timeout=0ns
06-11 21:54:27.294 D/[ 4898.446527@2]  logd(    0): Skipping 4294967295 entries from slow reader, pid 29136, from LogBuffer::kickMe()
--------- beginning of system
06-11 21:54:27.508 I/ActivityTaskManager(  633): START u0 {flg=0x10000000 cmp=in.startv.hotstar/com.hotstar.MainActivity} from uid 0
06-11 21:54:27.508 D/ActivityStarter(  633):  
06-11 21:54:27.508 D/ActivityStarter(  633): launchedPkgName :: in.startv.hotstar 
06-11 21:54:27.508 D/ActivityStarter(  633): callingPackage :: com.android.shell 
06-11 21:54:27.508 D/ActivityStarter(  633): callingUid :: 0 
06-11 21:54:27.508 D/ActivityStarter(  633): callingPid :: 29148
06-11 21:54:27.512 V/DigitalSignage(  633): Package Name: null
06-11 21:54:27.512 V/DigitalSignage(  633): Left: 0
06-11 21:54:27.512 V/DigitalSignage(  633): Right: 0
06-11 21:54:27.512 V/DigitalSignage(  633): Top: 0
06-11 21:54:27.512 V/DigitalSignage(  633): Bottom: 0
06-11 21:54:28.414 W/[ 4899.567170@0]  RTW(    0): fill_default_txdesc(wlan0): SP Packet(0x0806) rate=0x4 SeqNum = 2120
--------- beginning of crash
06-11 21:54:28.544 F/linker  (29160): CANNOT LINK EXECUTABLE "/system/bin/smartcable/smartCableSTBApp": library "libmosquitto.so" not found: needed by main executable
06-11 21:54:32.439 I/[ 4903.588724@0]  resman(    0): 69 appname:OMX-49, type=0
06-11 21:54:32.484 I/[ 4903.632200@3]  resman(    0): 69 acquire [decoder], preempt yes
06-11 21:54:32.497 I/[ 4903.632211@3]  resman(    0): 69 acquire [decoder] success
06-11 21:54:32.497 I/[ 4903.632241@3]  resman(    0): 69 acquire [codec_mm], preempt yes
06-11 21:54:32.497 I/[ 4903.632249@3]  resman(    0): 69 score 60 secure no
06-11 21:54:32.497 I/[ 4903.632254@3]  resman(    0): 69 acquire [codec_mm] success
06-11 21:54:32.528 I/[ 4903.676933@1]  [amlv4l](    0): [55]: DW:1, TW:0, Margin:5
06-11 21:54:32.528 D/[ 4903.677804@1]  [amlcom](    0): vdec_create instance 000000005fdf3538, total 1, PM: power-domain
06-11 21:54:32.528 D/[ 4903.678069@1]  [media_clock](    0): hevc mux clock is 499999992 Hz
06-11 21:54:32.528 D/[ 4903.679003@1]  [media_clock](    0): hevc back mux clock is 499999992 Hz
06-11 21:54:32.528 I/[ 4903.679331@1]  [amlcom](    0): vdec_init, dev_name:ammvdec_h265_v4l, vdec_type=VDEC_TYPE_FRAME_BLOCK, format: 11, total: 1
06-11 21:54:32.528 D/[ 4903.681704@1]  [h265](    0): [0]pdata->config=parm_v4l_codec_enable:1;parm_v4l_buffer_margin:5;hevc_double_write_mode:1;hevc_triple_write_mode:0;hevc_buf_width:4096;hevc_buf_height:2304;save_buffer_mode:0;parm_v4l_canvas_mem_mode:0;parm_v4l_canvas_mem_endian:0;parm_v4l_low_latency_mode:0;parm_v4l_metadata_config_flag:49154;parm_v4l_duration:4004;dv_profile:0;
06-11 21:54:32.528 D/[ 4903.681767@1]  [h265](    0): [0]discard dv data
06-11 21:54:32.528 D/[ 4903.681775@1]  [h265](    0): [0]dv_profile: 0
06-11 21:54:32.534 D/[ 4903.686243@1]  [h265](    0): [0]dynamic_buf_num_margin=5
06-11 21:54:32.534 D/[ 4903.686254@1]  [h265](    0): [0]double_write_mode=1
06-11 21:54:32.534 D/[ 4903.686257@1]  [h265](    0): [0]nal_skip_policy=2
06-11 21:54:32.535 D/[ 4903.686266@1]  [h265](    0): [0]h265:pts_unstable=0
06-11 21:54:32.535 D/[ 4903.686271@1]  [h265](    0): [0]h265: ver (201602101,0) decinfo: 0x0 rate=4004
06-11 21:54:32.551 D/[ 4903.700378@1]  [h265](    0): ucode version 4.138, swap enable 1
06-11 21:54:32.551 D/[ 4903.702528@1]  [media_clock](    0): hevc mux clock is 799999988 Hz
06-11 21:54:32.551 D/[ 4903.702751@1]  [media_clock](    0): hevc back mux clock is 799999988 Hz
06-11 21:54:32.551 D/[ 4903.702756@1]  [amlcom](    0): hevc video changed to 3840 x 2160 60 fps clk->800MHZ
06-11 21:54:32.599 D/[ 4903.749611@2]  [h265](    0): [0]vh265 cached=0  need_size=16384 speed= 68 ms
06-11 21:54:32.599 D/[ 4903.750068@0]  [h265](    0): set ucode parse
06-11 21:54:32.599 W/        (    0): [ 4903.750079@0]  hevc get comp info: 64 65536 797
06-11 21:54:32.599 D/[ 4903.750084@0]  [h265](    0): margin = 5, sps_max_dec_pic_buffering_minus1_0 = 5
06-11 21:54:32.599 I/[ 4903.750103@0]  [amlv4l](    0): [55]: Parse from ucode, visible(1920 x 1080), coded(1920 x 1088), scan:P, bitdepth(8), DW/TW(1, 0)
06-11 21:54:32.599 I/[ 4903.750162@1]  [amlv4l](    0): [55]: Picture buffer count: dec:7, vpp:0, ge2d:0, margin:5, total:12
06-11 21:54:32.599 D/[ 4903.750172@1]  [amlv4l](    0): [55]: Post event: res chg
06-11 21:54:32.599 D/[ 4903.751138@0]  [h265](    0): [0]hevc->performance_profile 0
06-11 21:54:32.599 D/[ 4903.751159@0]  [h265](    0): [0]set pic_list_init_flag 1
06-11 21:54:32.599 D/[ 4903.751373@2]  [h265](    0): [0]init_buf_spec2 1920 1080
06-11 21:54:32.599 D/[ 4903.751385@2]  [h265](    0): [0]set pic_list_init_flag to 2
06-11 21:54:32.599 D/[ 4903.751435@0]  [h265](    0): [0]set pic_list_init_flag to 3
06-11 21:54:32.599 D/[ 4903.751440@0]  [h265](    0): [vdec_kpi][vh265_isr_thread_fn] First I frame coming.
06-11 21:54:32.615 I/[ 4903.766351@1]  dim(    0): reg:use[4]ms
06-11 21:54:32.615 I/[ 4903.766366@1]  dim(    0): create:ch[2],tmode[3]
06-11 21:54:32.615 I/[ 4903.766369@1]  dim(    0): out:0x80000000
06-11 21:54:32.630 D/[ 4903.782710@0]  [h265](    0): [0]VH265: output first frame poc 0
06-11 21:54:32.631 D/[ 4903.782738@0]  [h265](    0): [0]decoder duration change old: 0 new: 4004
06-11 21:54:32.631 D/[ 4903.782756@0]  [h265](    0): [vdec_kpi][post_video_frame] First I frame decoded.
06-11 21:54:32.647 I/[ 4903.799796@2]  dim(    0): value reg:ch[2]:fix_buf:0;ponly <0,0>
06-11 21:54:32.647 I/[ 4903.799815@2]  dim(    0): di_cnt_i_buf1:tvp:0
06-11 21:54:32.647 I/[ 4903.799826@2]  dim(    0): buf large::0x4fb000, 0x5a1000
06-11 21:54:32.647 I/[ 4903.799864@2]  vpu(    0): vpu: vpu_dev_clk_gate_on: unsupport vpu mod: 72
06-11 21:54:32.647 I/[ 4903.800810@2]  dim(    0): ch[2]:reg:mem cfg[0][0][0]
06-11 21:54:32.706 W/[ 4903.856414@1]  RTW(    0): fill_default_txdesc(wlan0): SP Packet(0x0806) rate=0x4 SeqNum = 3090
06-11 21:54:33.451 I/[ 4904.603774@0]  VID(    0): VD1 off
06-11 21:54:33.451 I/[ 4904.603909@0]  vc(    0): [0]vc: set enable index=0, val=1
06-11 21:54:33.451 I/        (    0): [ 4904.603933@0]  dev->index =0, val=2
06-11 21:54:33.451 I/[ 4904.603938@0]  VID(    0): VD1 off
06-11 21:54:33.451 I/[ 4904.603945@0]  VID(    0): VD1 set global output as 1
06-11 21:54:33.451 I/[ 4904.603981@0]  VID(    0): store VD0 path_id changed -1->2
06-11 21:54:33.452 I/[ 4904.604002@0]  vc(    0): [0]sideband_type =-1
06-11 21:54:33.554 F/linker  (29210): CANNOT LINK EXECUTABLE "/system/bin/smartcable/smartCableSTBApp": library "libmosquitto.so" not found: needed by main executable
06-11 21:54:34.030 W/[ 4905.180829@0]  RTW(    0): Turbo EDCA =0xa42b
06-11 21:54:36.059 I/[ 4907.211193@2]  [amlv4l](    0): [55]: reset mode: 1, es frames buffering: 30
06-11 21:54:36.059 D/[ 4907.211292@2]  [h265](    0): [0]h265:pts_unstable=0
06-11 21:54:36.059 D/[ 4907.211298@2]  [h265](    0): [0]h265: ver (201602101,0) decinfo: 0x0 rate=4004
06-11 21:54:36.066 I/[ 4907.218715@2]  [amlv4l](    0): [55]: reset mode: 1, es frames buffering: 0
06-11 21:54:36.067 D/[ 4907.218788@2]  [h265](    0): [0]h265:pts_unstable=0
06-11 21:54:36.067 D/[ 4907.218794@2]  [h265](    0): [0]h265: ver (201602101,0) decinfo: 0x0 rate=4004
06-11 21:54:36.094 I/[ 4907.247554@2]  dim(    0): unreg:2keep[0], msk:[0x0,0x0]
06-11 21:54:36.106 I/[ 4907.257633@2]  vpu(    0): vpu: vpu_dev_clk_gate_off: unsupport vpu mod: 72
06-11 21:54:36.106 I/[ 4907.259660@0]  dim(    0): unreg:use[30]ms
06-11 21:54:36.107 I/[ 4907.259673@0]  dim(    0): di_destroy_instance:ch[2]:end
06-11 21:54:36.107 I/[ 4907.260254@0]  dim(    0): reg:use[1]ms
06-11 21:54:36.107 I/[ 4907.260266@0]  dim(    0): create:ch[2],tmode[3]
06-11 21:54:36.107 I/[ 4907.260269@0]  dim(    0): out:0x80000000
06-11 21:54:36.115 I/[ 4907.265406@0]  [amlv4l](    0): [55]: reset mode: 1, es frames buffering: 0
06-11 21:54:36.115 D/[ 4907.265478@0]  [h265](    0): [0]h265:pts_unstable=0
06-11 21:54:36.115 D/[ 4907.265485@0]  [h265](    0): [0]h265: ver (201602101,0) decinfo: 0x0 rate=4004
06-11 21:54:36.118 I/[ 4907.271278@2]  [amlv4l](    0): [55]: reset mode: 1, es frames buffering: 0
06-11 21:54:36.118 D/[ 4907.271369@2]  [h265](    0): [0]h265:pts_unstable=0
06-11 21:54:36.118 D/[ 4907.271376@2]  [h265](    0): [0]h265: ver (201602101,0) decinfo: 0x0 rate=4004
06-11 21:54:36.138 I/[ 4907.290996@3]  [amlv4l](    0): [55]: reset mode: 1, es frames buffering: 0
06-11 21:54:36.139 D/[ 4907.291067@3]  [h265](    0): [0]h265:pts_unstable=0
06-11 21:54:36.139 D/[ 4907.291074@3]  [h265](    0): [0]h265: ver (201602101,0) decinfo: 0x0 rate=4004
06-11 21:54:36.153 D/[ 4907.301275@2]  [amlcom](    0): vdec_release instance 000000005fdf3538, total 1
06-11 21:54:36.153 D/[ 4907.302102@2]  [media_clock](    0): the clk_hevcf_mux   clock off, ref cnt: 0
06-11 21:54:36.153 D/[ 4907.302117@2]  [media_clock](    0): the clk_hevcb_mux   clock off, ref cnt: 0
06-11 21:54:36.153 I/[ 4907.302347@2]  dim(    0): unreg:use[0]ms
06-11 21:54:36.153 I/[ 4907.302355@2]  dim(    0): di_destroy_instance:ch[2]:end
06-11 21:54:36.153 I/[ 4907.303200@2]  resman(    0): 69 release [decoder]
06-11 21:54:36.153 I/[ 4907.303212@2]  resman(    0): 69 release [codec_mm]
06-11 21:54:36.153 E/        (    0): [ 4907.304172@2]  disalbe fastplay
06-11 21:54:36.415 I/[ 4907.556400@1]  vc(    0): [0]vc: set enable index=0, val=0
06-11 21:54:36.415 I/[ 4907.556425@1]  VID(    0): store VD0 path_id changed 2->-1
06-11 21:54:36.415 I/        (    0): [ 4907.556429@1]  dev->index =0, val=1
06-11 21:54:36.415 I/[ 4907.556432@1]  VID(    0): VD1 off
06-11 21:54:36.415 I/[ 4907.556438@1]  VID(    0): VD1 set global output as 0
06-11 21:54:36.415 I/        (    0): [ 4907.556456@1]  common_vf_unreg_provider video_render.0: vd1 used: true, vd2 used: false, vd3 used: false, black_out:0, cur_buf:00000000ebc7e71a
06-11 21:54:37.830 W/[ 4908.982265@2]  RTW(    0): fill_default_txdesc(wlan0): SP Packet(0x0806) rate=0x4 SeqNum = 3398
06-11 21:54:37.870 W/[ 4909.020703@0]  RTW(    0): fill_default_txdesc(wlan0): SP Packet(0x0806) rate=0x4 SeqNum = 3425
06-11 21:54:38.069 W/[ 4909.212765@3]  RTW(    0): Turbo EDCA =0x5ea42b
06-11 21:54:38.563 F/linker  (29254): CANNOT LINK EXECUTABLE "/system/bin/smartcable/smartCableSTBApp": library "libmosquitto.so" not found: needed by main executable
06-11 21:54:42.962 W/[ 4914.114527@1]  RTW(    0): fill_default_txdesc(wlan0): SP Packet(0x0806) rate=0x4 SeqNum = 136
06-11 21:54:43.558 F/linker  (29278): CANNOT LINK EXECUTABLE "/system/bin/smartcable/smartCableSTBApp": library "libmosquitto.so" not found: needed by main executable
06-11 21:54:48.066 W/[ 4919.217028@1]  RTW(    0): fill_default_txdesc(wlan0): SP Packet(0x0806) rate=0x4 SeqNum = 823
06-11 21:54:48.563 F/linker  (29287): CANNOT LINK EXECUTABLE "/system/bin/smartcable/smartCableSTBApp": library "libmosquitto.so" not found: needed by main executable
06-11 21:54:53.189 W/[ 4924.342266@0]  RTW(    0): fill_default_txdesc(wlan0): SP Packet(0x0806) rate=0x4 SeqNum = 1771
06-11 21:54:53.588 F/linker  (29327): CANNOT LINK EXECUTABLE "/system/bin/smartcable/smartCableSTBApp": library "libmosquitto.so" not found: needed by main executable
06-11 21:54:55.148 I/[ 4926.299771@2]  resman(    0): 70 appname:OMX-50, type=0
06-11 21:54:55.198 I/[ 4926.352075@2]  resman(    0): 70 acquire [decoder], preempt yes
06-11 21:54:55.201 I/[ 4926.352086@2]  resman(    0): 70 acquire [decoder] success
06-11 21:54:55.201 I/[ 4926.352116@2]  resman(    0): 70 acquire [codec_mm], preempt yes
06-11 21:54:55.201 I/[ 4926.352124@2]  resman(    0): 70 score 60 secure no
06-11 21:54:55.201 I/[ 4926.352129@2]  resman(    0): 70 acquire [codec_mm] success
06-11 21:54:55.223 I/[ 4926.372820@1]  [amlv4l](    0): [57]: DW:10, TW:0, Margin:5
06-11 21:54:55.224 D/[ 4926.373272@1]  [amlcom](    0): vdec_create instance 000000008def4bbe, total 1, PM: power-domain
06-11 21:54:55.224 D/[ 4926.373407@1]  [media_clock](    0): vdec mux clock is 799999988 Hz
06-11 21:54:55.224 I/[ 4926.373584@1]  [amlcom](    0): vdec_init, dev_name:ammvdec_h264_v4l, vdec_type=VDEC_TYPE_FRAME_BLOCK, format: 2, total: 1
06-11 21:54:55.224 D/[ 4926.374642@1]  [h264](    0): 0: pdata->config=parm_v4l_codec_enable:1;mh264_double_write_mode:16;parm_v4l_buffer_margin:5;parm_v4l_canvas_mem_mode:0;parm_v4l_canvas_mem_endian:0;parm_v4l_low_latency_mode:0;parm_v4l_metadata_config_flag:49154;parm_v4l_duration:3840;
06-11 21:54:55.224 D/[ 4926.374769@1]  [h264](    0): ammvdec_h264_mmu_init tvp = 0x0
06-11 21:54:55.231 D/[ 4926.378963@1]  [media_clock](    0): vdec mux clock is 799999988 Hz
06-11 21:54:55.231 D/[ 4926.380225@1]  [h264](    0): vh264_init, phy_addr=56e29000 vaddr=00000000b848d72a
06-11 21:54:55.363 D/[ 4926.515776@1]  [h264](    0): 0: vmh264_get_ps_info mmu_enable 0 double_write_mode 0x10
06-11 21:54:55.364 I/[ 4926.515804@1]  [amlv4l](    0): [57]: Parse from ucode, visible(1920 x 1080), coded(1920 x 1088), scan:P, bitdepth(0), dw(10)
06-11 21:54:55.364 I/[ 4926.515843@2]  [amlv4l](    0): [57]: Picture buffer count: dec:5, vpp:0, ge2d:0, margin:5, total:10
06-11 21:54:55.364 D/[ 4926.515852@2]  [amlv4l](    0): [57]: Post event: res chg
06-11 21:54:55.371 I/[ 4926.521887@2]  dim(    0): reg:use[0]ms
06-11 21:54:55.377 I/[ 4926.521901@2]  dim(    0): create:ch[2],tmode[3]
06-11 21:54:55.377 I/[ 4926.521905@2]  dim(    0): out:0x80000000
06-11 21:54:55.403 D/[ 4926.538130@2]  [h264](    0): 0: restriction_flag=0, max_dec_frame_buffering=4, dec_dpb_size=5 num_reorder_frames 2 used_reorder_dpb_size_margin 5
06-11 21:54:55.410 D/[ 4926.554739@0]  [h264](    0): 0: decoder duration change old: 0 new: 3840
06-11 21:54:55.410 I/[ 4926.554845@1]  dim(    0): value reg:ch[2]:fix_buf:0;ponly <0,0>
06-11 21:54:55.410 I/[ 4926.554861@1]  dim(    0): di_cnt_i_buf1:tvp:0
06-11 21:54:55.410 I/[ 4926.554871@1]  dim(    0): buf large::0x4fb000, 0x5a1000
06-11 21:54:55.410 I/[ 4926.554909@1]  vpu(    0): vpu: vpu_dev_clk_gate_on: unsupport vpu mod: 72
06-11 21:54:55.410 I/[ 4926.555803@1]  dim(    0): ch[2]:reg:mem cfg[0][0][0]
06-11 21:54:55.460 I/[ 4926.608895@0]  VID(    0): VD1 off
06-11 21:54:55.460 I/[ 4926.609051@0]  vc(    0): [0]vc: set enable index=0, val=1
06-11 21:54:55.460 I/        (    0): [ 4926.609076@0]  dev->index =0, val=2
06-11 21:54:55.460 I/[ 4926.609079@0]  VID(    0): VD1 off
06-11 21:54:55.460 I/[ 4926.609085@0]  VID(    0): VD1 set global output as 1
06-11 21:54:55.460 I/[ 4926.609114@0]  VID(    0): store VD0 path_id changed -1->2
06-11 21:54:55.460 I/[ 4926.609136@0]  vc(    0): [0]sideband_type =-1
06-11 21:54:56.206 W/[ 4927.356868@0]  RTW(    0): Turbo EDCA =0xa42b
06-11 21:54:57.950 W/[ 4929.100870@2]  RTW(    0): fill_default_txdesc(wlan0): SP Packet(0x0806) rate=0x4 SeqNum = 353
06-11 21:54:58.590 F/linker  (29397): CANNOT LINK EXECUTABLE "/system/bin/smartcable/smartCableSTBApp": library "libmosquitto.so" not found: needed by main executable
06-11 21:55:03.575 F/linker  (29418): CANNOT LINK EXECUTABLE "/system/bin/smartcable/smartCableSTBApp": library "libmosquitto.so" not found: needed by main executable
06-11 21:55:03.629 W/[ 4934.781622@1]  RTW(    0): fill_default_txdesc(wlan0): SP Packet(0x0806) rate=0x4 SeqNum = 1706
06-11 21:55:08.584 F/linker  (29429): CANNOT LINK EXECUTABLE "/system/bin/smartcable/smartCableSTBApp": library "libmosquitto.so" not found: needed by main executable
06-11 21:55:08.622 W/[ 4939.774976@1]  RTW(    0): fill_default_txdesc(wlan0): SP Packet(0x0806) rate=0x4 SeqNum = 1751
06-11 21:55:12.335 W/[ 4943.484802@0]  RTW(    0): Turbo EDCA =0x5ea42b
06-11 21:55:12.695 W/[ 4943.847001@1]  RTW(    0): fill_default_txdesc(wlan0): SP Packet(0x0806) rate=0x4 SeqNum = 3232
06-11 21:55:13.141 W/[ 4944.290451@2]  audit(    0): audit_lost=5249 audit_rate_limit=5 audit_backlog_limit=64
06-11 21:55:13.141 E/[ 4944.290462@2]  audit(    0): rate limit exceeded
06-11 21:55:13.584 F/linker  (29439): CANNOT LINK EXECUTABLE "/system/bin/smartcable/smartCableSTBApp": library "libmosquitto.so" not found: needed by main executable
06-11 21:55:14.334 W/[ 4945.484862@2]  audit(    0): audit_lost=5367 audit_rate_limit=5 audit_backlog_limit=64
06-11 21:55:14.334 E/[ 4945.484871@2]  audit(    0): rate limit exceeded
06-11 21:55:14.354 W/[ 4945.504698@2]  RTW(    0): Turbo EDCA =0xa42b
06-11 21:55:15.538 I/[ 4946.690380@2]  dim(    0): ch[2] in eos p-other
06-11 21:55:15.539 D/[ 4946.690544@2]  [amlv4l](    0): [57]: Post event: eos
06-11 21:55:15.540 I/[ 4946.691717@0]  [amlv4l](    0): [57]: reset mode: 1, es frames buffering: 0
06-11 21:55:15.547 I/[ 4946.700189@2]  [amlv4l](    0): [57]: reset mode: 1, es frames buffering: 0
06-11 21:55:15.574 I/[ 4946.724597@3]  dim(    0): unreg:2keep[0], msk:[0x0,0x0]
06-11 21:55:15.582 I/[ 4946.734671@3]  vpu(    0): vpu: vpu_dev_clk_gate_off: unsupport vpu mod: 72
06-11 21:55:15.582 I/[ 4946.734792@0]  dim(    0): unreg:use[26]ms
06-11 21:55:15.582 I/[ 4946.734800@0]  dim(    0): di_destroy_instance:ch[2]:end
06-11 21:55:15.582 I/[ 4946.735547@2]  dim(    0): reg:use[1]ms
06-11 21:55:15.582 I/[ 4946.735558@2]  dim(    0): create:ch[2],tmode[3]
06-11 21:55:15.582 I/[ 4946.735561@2]  dim(    0): out:0x80000000
06-11 21:55:15.911 I/[ 4947.062576@2]  [amlv4l](    0): [57]: reset mode: 1, es frames buffering: 0
06-11 21:55:15.915 I/[ 4947.067333@0]  [amlv4l](    0): [57]: reset mode: 1, es frames buffering: 0
06-11 21:55:15.934 I/[ 4947.087057@1]  [amlv4l](    0): [57]: reset mode: 1, es frames buffering: 0
06-11 21:55:15.942 D/[ 4947.095937@0]  [amlcom](    0): vdec_release instance 000000008def4bbe, total 1
06-11 21:55:15.942 D/[ 4947.096091@0]  [media_clock](    0): the clk_vdec_mux    clock off, ref cnt: 0
06-11 21:55:15.946 I/[ 4947.097178@0]  dim(    0): unreg:use[1]ms
06-11 21:55:15.946 I/[ 4947.097190@0]  dim(    0): di_destroy_instance:ch[2]:end
06-11 21:55:15.946 I/[ 4947.098526@0]  resman(    0): 70 release [decoder]
06-11 21:55:15.946 I/[ 4947.098539@0]  resman(    0): 70 release [codec_mm]
06-11 21:55:15.947 E/        (    0): [ 4947.099467@2]  disalbe fastplay
06-11 21:55:15.954 I/[ 4947.108050@1]  resman(    0): 71 appname:OMX-51, type=0
06-11 21:55:15.994 I/[ 4947.147786@2]  resman(    0): 71 acquire [decoder], preempt yes
06-11 21:55:15.994 I/[ 4947.147797@2]  resman(    0): 71 acquire [decoder] success
06-11 21:55:15.994 I/[ 4947.147826@2]  resman(    0): 71 acquire [codec_mm], preempt yes
06-11 21:55:15.994 I/[ 4947.147835@2]  resman(    0): 71 score 60 secure no
06-11 21:55:15.995 I/[ 4947.147841@2]  resman(    0): 71 acquire [codec_mm] success
06-11 21:55:16.005 I/[ 4947.152644@1]  [amlv4l](    0): [59]: DW:10, TW:0, Margin:5
06-11 21:55:16.005 D/[ 4947.152926@1]  [amlcom](    0): vdec_create instance 00000000a8207ca3, total 1, PM: power-domain
06-11 21:55:16.005 D/[ 4947.153064@1]  [media_clock](    0): vdec mux clock is 799999988 Hz
06-11 21:55:16.005 I/[ 4947.153243@1]  [amlcom](    0): vdec_init, dev_name:ammvdec_h264_v4l, vdec_type=VDEC_TYPE_FRAME_BLOCK, format: 2, total: 1
06-11 21:55:16.005 D/[ 4947.153939@1]  [h264](    0): 0: pdata->config=parm_v4l_codec_enable:1;mh264_double_write_mode:16;parm_v4l_buffer_margin:5;parm_v4l_canvas_mem_mode:0;parm_v4l_canvas_mem_endian:0;parm_v4l_low_latency_mode:0;parm_v4l_metadata_config_flag:49154;parm_v4l_duration:4000;
06-11 21:55:16.005 D/[ 4947.153982@1]  [h264](    0): ammvdec_h264_mmu_init tvp = 0x0
06-11 21:55:16.012 D/[ 4947.160534@1]  [media_clock](    0): vdec mux clock is 799999988 Hz
06-11 21:55:16.012 D/[ 4947.163060@1]  [h264](    0): vh264_init, phy_addr=56e29000 vaddr=00000000f6f6a536
06-11 21:55:16.096 D/[ 4947.242835@0]  [h264](    0): 0: vmh264_get_ps_info mmu_enable 0 double_write_mode 0x10
06-11 21:55:16.096 I/[ 4947.242863@0]  [amlv4l](    0): [59]: Parse from ucode, visible(1920 x 1080), coded(1920 x 1088), scan:P, bitdepth(0), dw(10)
06-11 21:55:16.096 I/[ 4947.246884@0]  [amlv4l](    0): [59]: Picture buffer count: dec:5, vpp:0, ge2d:0, margin:5, total:10
06-11 21:55:16.096 D/[ 4947.246898@0]  [amlv4l](    0): [59]: Post event: res chg
06-11 21:55:16.119 I/[ 4947.257788@0]  dim(    0): reg:use[0]ms
06-11 21:55:16.119 I/[ 4947.257801@0]  dim(    0): create:ch[2],tmode[3]
06-11 21:55:16.119 I/[ 4947.257805@0]  dim(    0): out:0x80000000
06-11 21:55:16.119 D/[ 4947.263269@0]  [h264](    0): 0: restriction_flag=0, max_dec_frame_buffering=4, dec_dpb_size=5 num_reorder_frames 3 used_reorder_dpb_size_margin 5
06-11 21:55:16.124 D/[ 4947.275018@0]  [h264](    0): 0: decoder duration change old: 0 new: 4000
06-11 21:55:16.125 I/[ 4947.275168@3]  dim(    0): value reg:ch[2]:fix_buf:0;ponly <0,0>
06-11 21:55:16.125 I/[ 4947.275185@3]  dim(    0): di_cnt_i_buf1:tvp:0
06-11 21:55:16.125 I/[ 4947.275195@3]  dim(    0): buf large::0x4fb000, 0x5a1000
06-11 21:55:16.125 I/[ 4947.275232@3]  vpu(    0): vpu: vpu_dev_clk_gate_on: unsupport vpu mod: 72
06-11 21:55:16.125 I/[ 4947.276104@3]  dim(    0): ch[2]:reg:mem cfg[0][0][0]
06-11 21:55:16.131 D/[ 4947.283130@1]  [amlcom](    0): vdec_save_input_context, disconnecting
06-11 21:55:16.157 I/[ 4947.283183@0]  [amlv4l](    0): [59]: reset mode: 1, es frames buffering: 1
06-11 21:55:16.158 I/[ 4947.298724@0]  [amlv4l](    0): [59]: reset mode: 1, es frames buffering: 0
06-11 21:55:16.247 I/[ 4947.396610@3]  dim(    0): unreg:2keep[0], msk:[0x0,0x0]
06-11 21:55:16.259 I/[ 4947.406697@3]  vpu(    0): vpu: vpu_dev_clk_gate_off: unsupport vpu mod: 72
06-11 21:55:16.259 I/[ 4947.408748@2]  dim(    0): unreg:use[27]ms
06-11 21:55:16.259 I/[ 4947.408760@2]  dim(    0): di_destroy_instance:ch[2]:end
06-11 21:55:16.259 I/[ 4947.409350@2]  dim(    0): reg:use[1]ms
06-11 21:55:16.259 I/[ 4947.409362@2]  dim(    0): create:ch[2],tmode[3]
06-11 21:55:16.259 I/[ 4947.409366@2]  dim(    0): out:0x80000000
06-11 21:55:16.263 I/[ 4947.416024@2]  [amlv4l](    0): [59]: reset mode: 1, es frames buffering: 0
06-11 21:55:16.277 I/[ 4947.428606@2]  [amlv4l](    0): [59]: reset mode: 1, es frames buffering: 0
06-11 21:55:16.294 I/[ 4947.445151@2]  dim(    0): unreg:use[2]ms
06-11 21:55:16.295 I/[ 4947.445164@2]  dim(    0): di_destroy_instance:ch[2]:end
06-11 21:55:16.295 I/[ 4947.446005@2]  dim(    0): reg:use[0]ms
06-11 21:55:16.295 I/[ 4947.446019@2]  dim(    0): create:ch[2],tmode[3]
06-11 21:55:16.295 I/[ 4947.446022@2]  dim(    0): out:0x80000000
06-11 21:55:17.087 I/[ 4948.240451@3]  dim(    0): value reg:ch[2]:fix_buf:0;ponly <0,0>
06-11 21:55:17.087 I/[ 4948.240470@3]  dim(    0): di_cnt_i_buf1:tvp:0
06-11 21:55:17.087 I/[ 4948.240480@3]  dim(    0): buf large::0x4fb000, 0x5a1000
06-11 21:55:17.087 I/[ 4948.240518@3]  vpu(    0): vpu: vpu_dev_clk_gate_on: unsupport vpu mod: 72
06-11 21:55:17.103 I/[ 4948.241436@3]  dim(    0): ch[2]:reg:mem cfg[0][0][0]
06-11 21:55:17.798 W/[ 4948.943483@0]  RTW(    0): fill_default_txdesc(wlan0): SP Packet(0x0806) rate=0x4 SeqNum = 1417
06-11 21:55:18.087 I/[ 4949.232816@0]  vc(    0): [0]vc: set enable index=0, val=0
06-11 21:55:18.087 I/[ 4949.232843@0]  VID(    0): store VD0 path_id changed 2->-1
06-11 21:55:18.087 I/        (    0): [ 4949.232846@0]  dev->index =0, val=1
06-11 21:55:18.087 I/[ 4949.232850@0]  VID(    0): VD1 off
06-11 21:55:18.087 I/[ 4949.232855@0]  VID(    0): VD1 set global output as 0
06-11 21:55:18.087 I/        (    0): [ 4949.232875@0]  common_vf_unreg_provider video_render.0: vd1 used: true, vd2 used: false, vd3 used: false, black_out:0, cur_buf:00000000ebc7e71a
06-11 21:55:18.604 F/linker  (29510): CANNOT LINK EXECUTABLE "/system/bin/smartcable/smartCableSTBApp": library "libmosquitto.so" not found: needed by main executable
06-11 21:55:19.027 I/[ 4950.179632@3]  [amlv4l](    0): [59]: reset mode: 1, es frames buffering: 61
06-11 21:55:19.041 I/[ 4950.192443@3]  [amlv4l](    0): [59]: reset mode: 1, es frames buffering: 0
06-11 21:55:19.075 I/[ 4950.224626@3]  dim(    0): unreg:2keep[0], msk:[0x0,0x0]
06-11 21:55:19.082 I/[ 4950.234718@3]  vpu(    0): vpu: vpu_dev_clk_gate_off: unsupport vpu mod: 72
06-11 21:55:19.087 I/[ 4950.237200@2]  dim(    0): unreg:use[27]ms
06-11 21:55:19.087 I/[ 4950.237213@2]  dim(    0): di_destroy_instance:ch[2]:end
06-11 21:55:19.087 I/[ 4950.237875@2]  dim(    0): reg:use[0]ms
06-11 21:55:19.087 I/[ 4950.237888@2]  dim(    0): create:ch[2],tmode[3]
06-11 21:55:19.087 I/[ 4950.237892@2]  dim(    0): out:0x80000000
06-11 21:55:19.091 I/[ 4950.242258@2]  [amlv4l](    0): [59]: reset mode: 1, es frames buffering: 0
06-11 21:55:19.099 I/[ 4950.249199@2]  [amlv4l](    0): [59]: reset mode: 1, es frames buffering: 0
06-11 21:55:19.155 I/[ 4950.307066@0]  [amlv4l](    0): [59]: reset mode: 1, es frames buffering: 0
06-11 21:55:19.167 D/[ 4950.317553@0]  [amlcom](    0): vdec_release instance 00000000a8207ca3, total 1
06-11 21:55:19.167 D/[ 4950.317737@0]  [media_clock](    0): the clk_vdec_mux    clock off, ref cnt: 0
06-11 21:55:19.167 I/[ 4950.318863@0]  dim(    0): unreg:use[0]ms
06-11 21:55:19.167 I/[ 4950.318875@0]  dim(    0): di_destroy_instance:ch[2]:end
06-11 21:55:19.167 I/[ 4950.320039@0]  resman(    0): 71 release [decoder]
06-11 21:55:19.168 I/[ 4950.320050@0]  resman(    0): 71 release [codec_mm]
06-11 21:55:19.171 E/        (    0): [ 4950.322971@2]  disalbe fastplay
06-11 21:55:22.414 W/[ 4953.564793@1]  RTW(    0): Turbo EDCA =0x5ea42b
06-11 21:55:22.902 W/[ 4954.053728@2]  RTW(    0): fill_default_txdesc(wlan0): SP Packet(0x0806) rate=0x4 SeqNum = 3351
06-11 21:55:23.593 F/linker  (29585): CANNOT LINK EXECUTABLE "/system/bin/smartcable/smartCableSTBApp": library "libmosquitto.so" not found: needed by main executable
06-11 21:55:28.030 W/[ 4959.181996@3]  RTW(    0): fill_default_txdesc(wlan0): SP Packet(0x0806) rate=0x4 SeqNum = 1598
06-11 21:55:28.597 F/linker  (29604): CANNOT LINK EXECUTABLE "/system/bin/smartcable/smartCableSTBApp": library "libmosquitto.so" not found: needed by main executable
06-11 21:55:33.143 W/[ 4964.293741@3]  RTW(    0): fill_default_txdesc(wlan0): SP Packet(0x0806) rate=0x4 SeqNum = 2790
06-11 21:55:33.597 F/linker  (29616): CANNOT LINK EXECUTABLE "/system/bin/smartcable/smartCableSTBApp": library "libmosquitto.so" not found: needed by main executable
06-11 21:55:38.238 W/[ 4969.392481@1]  RTW(    0): fill_default_txdesc(wlan0): SP Packet(0x0806) rate=0x4 SeqNum = 3925
06-11 21:55:38.608 F/linker  (29629): CANNOT LINK EXECUTABLE "/system/bin/smartcable/smartCableSTBApp": library "libmosquitto.so" not found: needed by main executable
06-11 21:55:43.090 W/[ 4974.242284@0]  audit(    0): audit_lost=5376 audit_rate_limit=5 audit_backlog_limit=64
06-11 21:55:43.090 E/[ 4974.242295@0]  audit(    0): rate limit exceeded
06-11 21:55:43.362 W/[ 4974.512777@1]  RTW(    0): fill_default_txdesc(wlan0): SP Packet(0x0806) rate=0x4 SeqNum = 1002
06-11 21:55:43.611 F/linker  (29639): CANNOT LINK EXECUTABLE "/system/bin/smartcable/smartCableSTBApp": library "libmosquitto.so" not found: needed by main executable
06-11 21:55:48.466 W/[ 4979.620461@1]  RTW(    0): fill_default_txdesc(wlan0): SP Packet(0x0806) rate=0x4 SeqNum = 2127
06-11 21:55:48.620 F/linker  (29653): CANNOT LINK EXECUTABLE "/system/bin/smartcable/smartCableSTBApp": library "libmosquitto.so" not found: needed by main executable
06-11 21:55:52.814 W/[ 4983.965516@0]  RTW(    0): fill_default_txdesc(wlan0): SP Packet(0x0806) rate=0x4 SeqNum = 3072
06-11 21:55:53.625 F/linker  (29667): CANNOT LINK EXECUTABLE "/system/bin/smartcable/smartCableSTBApp": library "libmosquitto.so" not found: needed by main executable
06-11 21:55:57.690 W/[ 4988.841958@3]  RTW(    0): fill_default_txdesc(wlan0): SP Packet(0x0806) rate=0x4 SeqNum = 70
06-11 21:55:58.627 F/linker  (29676): CANNOT LINK EXECUTABLE "/system/bin/smartcable/smartCableSTBApp": library "libmosquitto.so" not found: needed by main executable
06-11 21:56:02.810 W/[ 4993.962272@2]  RTW(    0): fill_default_txdesc(wlan0): SP Packet(0x0806) rate=0x4 SeqNum = 1172
06-11 21:56:03.634 F/linker  (29692): CANNOT LINK EXECUTABLE "/system/bin/smartcable/smartCableSTBApp": library "libmosquitto.so" not found: needed by main executable
06-11 21:56:05.926 W/[ 4997.078666@0]  RTW(    0): cfg80211_rtw_scan(wlan0)
06-11 21:56:05.927 W/[ 4997.078686@0]  RTW(    0): cfg80211_rtw_scan (wlan0) tx:282, rx:122, bi:404 kbps, disallow(0)
06-11 21:56:05.939 W/[ 4997.089374@2]  RTW(    0): [HW_VAR_CHECK_TXBUF] Empty in 4 ms
06-11 21:56:05.939 W/[ 4997.089455@2]  RTW(    0): wlan0 sleep m0=0x00000003, ori reg_0x4d4=0x00000000
06-11 21:56:06.629 W/[ 4997.776877@3]  RTW(    0): LeaveAllPowerSaveModeDirect.....
06-11 21:56:06.629 W/[ 4997.776893@3]  RTW(    0): LeaveAllPowerSaveModeDirect: Driver Already Leave LPS
06-11 21:56:06.629 W/[ 4997.776905@3]  RTW(    0): rtw_hal_set_macaddr_port wlan0- hw port(0) mac_addr =a8:71:16:66:28:c6
06-11 21:56:06.629 W/[ 4997.777194@3]  RTW(    0): wlan0- hw port(0) mac_addr =a8:71:16:66:28:c6
06-11 21:56:06.629 W/[ 4997.777336@3]  RTW(    0): p2p0- hw port(1) mac_addr =aa:71:16:66:28:c6
06-11 21:56:06.638 W/[ 4997.789127@2]  RTW(    0): wlan0 wakeup m0=0x00000003, ori reg_0x4d4=0x00000003
06-11 21:56:06.639 W/[ 4997.789911@1]  RTW(    0): survey done event(3f) band:0 for wlan0
06-11 21:56:06.639 W/        (    0): [ 4997.789928@1]  ========== ACS (VER-3) ==========
06-11 21:56:06.639 W/        (    0): [ 4997.789933@1]  Best 24G Channel:2
06-11 21:56:06.639 W/        (    0): [ 4997.789939@1]  Best 5G Channel:48
06-11 21:56:06.639 W/        (    0): [ 4997.789939@1]
06-11 21:56:06.639 W/[ 4997.790019@1]  RTW(    0): rtw_indicate_scan_done(wlan0)
06-11 21:56:07.910 W/[ 4999.064074@2]  RTW(    0): fill_default_txdesc(wlan0): SP Packet(0x0806) rate=0x4 SeqNum = 2238
06-11 21:56:08.641 F/linker  (29721): CANNOT LINK EXECUTABLE "/system/bin/smartcable/smartCableSTBApp": library "libmosquitto.so" not found: needed by main executable
06-11 21:56:13.066 W/[ 5004.217109@0]  RTW(    0): fill_default_txdesc(wlan0): SP Packet(0x0806) rate=0x4 SeqNum = 3364
06-11 21:56:13.646 F/linker  (29734): CANNOT LINK EXECUTABLE "/system/bin/smartcable/smartCableSTBApp": library "libmosquitto.so" not found: needed by main executable
06-11 21:56:17.914 W/[ 5009.066002@1]  RTW(    0): fill_default_txdesc(wlan0): SP Packet(0x0806) rate=0x4 SeqNum = 357
06-11 21:56:18.654 F/linker  (29777): CANNOT LINK EXECUTABLE "/system/bin/smartcable/smartCableSTBApp": library "libmosquitto.so" not found: needed by main executable
06-11 21:56:23.298 W/[ 5014.452482@0]  RTW(    0): fill_default_txdesc(wlan0): SP Packet(0x0806) rate=0x4 SeqNum = 1012
06-11 21:56:23.658 F/linker  (29792): CANNOT LINK EXECUTABLE "/system/bin/smartcable/smartCableSTBApp": library "libmosquitto.so" not found: needed by main executable
06-11 21:56:28.346 W/[ 5019.499129@3]  RTW(    0): fill_default_txdesc(wlan0): SP Packet(0x0806) rate=0x4 SeqNum = 1532
06-11 21:56:28.665 F/linker  (29801): CANNOT LINK EXECUTABLE "/system/bin/smartcable/smartCableSTBApp": library "libmosquitto.so" not found: needed by main executable
06-11 21:56:33.166 W/[ 5024.316700@0]  RTW(    0): fill_default_txdesc(wlan0): SP Packet(0x0806) rate=0x4 SeqNum = 2048
06-11 21:56:33.672 F/linker  (29816): CANNOT LINK EXECUTABLE "/system/bin/smartcable/smartCableSTBApp": library "libmosquitto.so" not found: needed by main executable
06-11 21:56:38.286 W/[ 5029.437412@2]  RTW(    0): fill_default_txdesc(wlan0): SP Packet(0x0806) rate=0x4 SeqNum = 2606
06-11 21:56:38.679 F/linker  (29826): CANNOT LINK EXECUTABLE "/system/bin/smartcable/smartCableSTBApp": library "libmosquitto.so" not found: needed by main executable
06-11 21:56:40.494 W/[ 5031.644657@2]  RTW(    0): fill_default_txdesc(wlan0): SP Packet(0x0806) rate=0x4 SeqNum = 2839
06-11 21:56:42.782 W/[ 5033.935542@2]  RTW(    0): fill_default_txdesc(wlan0): SP Packet(0x0806) rate=0x4 SeqNum = 3082
06-11 21:56:43.094 W/[ 5034.244834@0]  audit(    0): audit_lost=5379 audit_rate_limit=5 audit_backlog_limit=64
06-11 21:56:43.095 E/[ 5034.244852@0]  audit(    0): rate limit exceeded
06-11 21:56:43.679 F/linker  (29835): CANNOT LINK EXECUTABLE "/system/bin/smartcable/smartCableSTBApp": library "libmosquitto.so" not found: needed by main executable
06-11 21:56:45.530 I/        (    0): [ 5036.684373@0]  EXT4-fs (mmcblk0p17): re-mounted. Opts: (null)
06-11 21:56:47.898 W/[ 5039.052061@0]  RTW(    0): fill_default_txdesc(wlan0): SP Packet(0x0806) rate=0x4 SeqNum = 3416
06-11 21:56:48.684 F/linker  (29858): CANNOT LINK EXECUTABLE "/system/bin/smartcable/smartCableSTBApp": library "libmosquitto.so" not found: needed by main executable
06-11 21:56:50.534 D/[ 5041.685387@3]  logd(    0): logdr: UID=0 GID=0 PID=29890 b tail=0 logMask=99 pid=0 start=0ns timeout=0ns
--------- beginning of main
06-11 21:56:52.137 D/Glide   ( 1773): Finished loading Bitmap from LOCAL for com.bumptech.glide.gifdecoder.StandardGifDecoder@8b54719 with size [314x176] in 8.780667 ms
06-11 21:56:52.167 D/stbdpc  (  397): STB_DPGetNumPaths[570]: num_paths: 1
06-11 21:56:52.171 D/Glide   ( 1773): Finished loading Bitmap from LOCAL for com.bumptech.glide.gifdecoder.StandardGifDecoder@8b54719 with size [314x176] in 2.294208 ms
06-11 21:56:52.220 D/Glide   ( 1773): Finished loading Bitmap from LOCAL for com.bumptech.glide.gifdecoder.StandardGifDecoder@8b54719 with size [314x176] in 10.732417 ms
06-11 21:56:52.254 D/Glide   ( 1773): Finished loading Bitmap from LOCAL for com.bumptech.glide.gifdecoder.StandardGifDecoder@8b54719 with size [314x176] in 3.7904999999999998 ms
06-11 21:56:52.267 D/stbdpc  (  397): STB_DPGetNumPaths[570]: num_paths: 1
06-11 21:56:52.304 D/Glide   ( 1773): Finished loading Bitmap from LOCAL for com.bumptech.glide.gifdecoder.StandardGifDecoder@8b54719 with size [314x176] in 13.507584 ms
06-11 21:56:52.311 D/ApplicationLoaders(29947): Returning zygote-cached class loader: /system/framework/android.test.base.jar
06-11 21:56:52.311 D/ApplicationLoaders(29947): Returning zygote-cached class loader: /system/framework/android.test.base.jar
06-11 21:56:52.314 I/tomator2.serve(29947): The ClassLoaderContext is a special shared library.
06-11 21:56:52.317 D/ApplicationLoaders(29947): Returning zygote-cached class loader: /system/framework/android.test.base.jar
06-11 21:56:52.318 D/ApplicationLoaders(29947): Returning zygote-cached class loader: /system/framework/android.test.base.jar
06-11 21:56:52.321 I/tomator2.serve(29947): The ClassLoaderContext is a special shared library.
06-11 21:56:52.329 I/chatty  (29947): uid=10096(io.appium.uiautomator2.server) identical 2 lines
06-11 21:56:52.332 I/tomator2.serve(29947): The ClassLoaderContext is a special shared library.
06-11 21:56:52.334 W/tomator2.serve(29947): ClassLoaderContext classpath size mismatch. expected=0, found=3 (PCL[]{PCL[/system/framework/android.test.base.jar*3223074991]#PCL[/system/framework/android.test.mock.jar*3465107378]{PCL[/system/framework/android.test.base.jar*3223074991]}#PCL[/system/framework/android.test.runner.jar*1831602180]{PCL[/system/framework/android.test.base.jar*3223074991]#PCL[/system/framework/android.test.mock.jar*3465107378]{PCL[/system/framework/android.test.base.jar*3223074991]}}} | PCL[/system/framework/android.test.runner.jar*1831602180:/system/framework/android.test.mock.jar*3465107378:/system/framework/android.test.base.jar*3223074991]{PCL[/system/framework/android.test.base.jar*3223074991]#PCL[/system/framework/android.test.mock.jar*3465107378]{PCL[/system/framework/android.test.base.jar*3223074991]}#PCL[/system/framework/android.test.runner.jar*1831602180]{PCL[/system/framework/android.test.base.jar*3223074991]#PCL[/system/framework/android.test.mock.jar*3465107378]{PCL[/system/framework/android.test.base.jar*3223074991]}}};PCL[/system/framework/android.test.runner.jar*1831602180:/system/framework/android.test.mock.jar*3465107378:/system/framework/android.test.base.jar*3223074991:/data/app/~~vz-LI613mzCW1_tI8sJdSA==/io.appium.uiautomator2.server.test-pndtPeicsSbNz5ltJNtTXA==/base.apk*2370577946:/data/app/~~vz-LI613mzCW1_tI8sJdSA==/io.appium.uiautomator2.server.test-pndtPeicsSbNz5ltJNtTXA==/base.apk!classes2.dex*3874714895:/data/app/~~vz-LI613mzCW1_tI8sJdSA==/io.appium.uiautomator2.server.test-pndtPeicsSbNz5ltJNtTXA==/base.apk!classes3.dex*1176165195:/data/app/~~vz-LI613mzCW1_tI8sJdSA==/io.appium.uiautomator2.server.test-pndtPeicsSbNz5ltJNtTXA==/base.apk!classes4.dex*2511881386:/data/app/~~ERS2Vb0_Lr3atThE734KvA==/io.appium.uiautomator2.server-qXkfZw9LtZYC0ZeR2vvERg==/base.apk*4034737733:/data/app/~~ERS2Vb0_Lr3atThE734KvA==/io.appium.uiautomator2.server-qXkfZw9LtZYC0ZeR2vvERg==/base.apk!classes2.dex*2790048942:/data/app/~~ERS2Vb0_Lr3atThE734KvA==/io.appium.uiautomator2.server-qXkfZw9LtZYC0ZeR2vvERg==/base.apk!classes3.dex*1634705335:/data/app/~~ERS2Vb0_Lr3atThE734KvA==/io.appium.uiautomator2.server-qXkfZw9LtZYC0ZeR2vvERg==/base.apk!classes4.dex*45356349:/data/app/~~ERS2Vb0_Lr3atThE734KvA==/io.appium.uiautomator2.server-qXkfZw9LtZYC0ZeR2vvERg==/base.apk!classes5.dex*2419862292:/data/app/~~ERS2Vb0_Lr3atThE734KvA==/io.appium.uiautomator2.server-qXkfZw9LtZYC0ZeR2vvERg==/base.apk!classes6.dex*3944827479:/data/app/~~ERS2Vb0_Lr3atThE734KvA==/io.appium.uiautomator2.server-qXkfZw9LtZYC0ZeR2vvERg==/base.apk!classes7.dex*3145060491:/data/app/~~ERS2Vb0_Lr3atThE734KvA==/io.appium.uiautomator2.server-qXkfZw9LtZYC0ZeR2vvERg==/base.apk!classes8.dex*2034454731:/data/app/~~ERS2Vb0_Lr3atThE734KvA==/io.appium.uiautomator2.server-qXkfZw9LtZYC0ZeR2vvERg==/base.apk!classes9.dex*1613375383:/data/app/~~ERS2Vb0_Lr3atThE734KvA==/io.appium.uiautomator2.server-qXkfZw9LtZYC0ZeR2vvERg==/base.apk!classes10.dex*1483611213:/data/app/~~ERS2Vb0_Lr3atThE734KvA==/io.appium.uiautomator2.server-qXkfZw9LtZYC0ZeR2vvERg==/base.apk!classes11.dex*2888641764:/data/app/~~ERS2Vb0_Lr3atThE734KvA==/io.appium.uiautomator2.server-qXkfZw9LtZYC0ZeR2vvERg==/base.apk!classes12.dex*1711778771:/data/app/~~ERS2Vb0_Lr3atThE734KvA==/io.appium.uiautomator2.server-qXkfZw9LtZYC0ZeR2vvERg==/base.apk!classes13.dex*2108421983:/data/app/~~ERS2Vb0_Lr3atThE734KvA==/io.appium.uiautomator2.server-qXkfZw9LtZYC0ZeR2vvERg==/base.apk!classes14.dex*2618393034:/data/app/~~ERS2Vb0_Lr3atThE734KvA==/io.appium.uiautomator2.server-qXkfZw9LtZYC0ZeR2vvERg==/base.apk!classes15.dex*3152272110:/data/app/~~ERS2Vb0_Lr3atThE734KvA==/io.appium.uiautomator2.server-qXkfZw9LtZYC0ZeR2vvERg==/base.apk!classes16.dex*898502560])
06-11 21:56:52.337 D/Glide   ( 1773): Finished loading Bitmap from LOCAL for com.bumptech.glide.gifdecoder.StandardGifDecoder@8b54719 with size [314x176] in 6.6624159999999994 ms
06-11 21:56:52.338 W/tomator2.serve(29947): Found duplicate classes, falling back to extracting from APK : /data/app/~~vz-LI613mzCW1_tI8sJdSA==/io.appium.uiautomator2.server.test-pndtPeicsSbNz5ltJNtTXA==/base.apk
06-11 21:56:52.338 W/tomator2.serve(29947): NOTE: This wastes RAM and hurts startup performance.
06-11 21:56:52.338 W/tomator2.serve(29947): Found duplicated class when checking oat files: 'Lcom/squareup/okhttp/Address;' in /data/app/~~vz-LI613mzCW1_tI8sJdSA==/io.appium.uiautomator2.server.test-pndtPeicsSbNz5ltJNtTXA==/base.apk and /data/app/~~vz-LI613mzCW1_tI8sJdSA==/io.appium.uiautomator2.server.test-pndtPeicsSbNz5ltJNtTXA==/base.apk
06-11 21:56:52.353 W/tomator2.serve(29947): ClassLoaderContext classpath size mismatch. expected=0, found=7 (PCL[] | PCL[/system/framework/android.test.runner.jar*1831602180:/system/framework/android.test.mock.jar*3465107378:/system/framework/android.test.base.jar*3223074991:/data/app/~~vz-LI613mzCW1_tI8sJdSA==/io.appium.uiautomator2.server.test-pndtPeicsSbNz5ltJNtTXA==/base.apk*2370577946:/data/app/~~vz-LI613mzCW1_tI8sJdSA==/io.appium.uiautomator2.server.test-pndtPeicsSbNz5ltJNtTXA==/base.apk!classes2.dex*3874714895:/data/app/~~vz-LI613mzCW1_tI8sJdSA==/io.appium.uiautomator2.server.test-pndtPeicsSbNz5ltJNtTXA==/base.apk!classes3.dex*1176165195:/data/app/~~vz-LI613mzCW1_tI8sJdSA==/io.appium.uiautomator2.server.test-pndtPeicsSbNz5ltJNtTXA==/base.apk!classes4.dex*2511881386]{PCL[/system/framework/android.test.base.jar*3223074991]#PCL[/system/framework/android.test.mock.jar*3465107378]{PCL[/system/framework/android.test.base.jar*3223074991]}#PCL[/system/framework/android.test.runner.jar*1831602180]{PCL[/system/framework/android.test.base.jar*3223074991]#PCL[/system/framework/android.test.mock.jar*3465107378]{PCL[/system/framework/android.test.base.jar*3223074991]}}};PCL[/system/framework/android.test.runner.jar*1831602180:/system/framework/android.test.mock.jar*3465107378:/system/framework/android.test.base.jar*3223074991:/data/app/~~vz-LI613mzCW1_tI8sJdSA==/io.appium.uiautomator2.server.test-pndtPeicsSbNz5ltJNtTXA==/base.apk*2370577946:/data/app/~~vz-LI613mzCW1_tI8sJdSA==/io.appium.uiautomator2.server.test-pndtPeicsSbNz5ltJNtTXA==/base.apk!classes2.dex*3874714895:/data/app/~~vz-LI613mzCW1_tI8sJdSA==/io.appium.uiautomator2.server.test-pndtPeicsSbNz5ltJNtTXA==/base.apk!classes3.dex*1176165195:/data/app/~~vz-LI613mzCW1_tI8sJdSA==/io.appium.uiautomator2.server.test-pndtPeicsSbNz5ltJNtTXA==/base.apk!classes4.dex*2511881386:/data/app/~~ERS2Vb0_Lr3atThE734KvA==/io.appium.uiautomator2.server-qXkfZw9LtZYC0ZeR2vvERg==/base.apk*4034737733:/data/app/~~ERS2Vb0_Lr3atThE734KvA==/io.appium.uiautomator2.server-qXkfZw9LtZYC0ZeR2vvERg==/base.apk!classes2.dex*2790048942:/data/app/~~ERS2Vb0_Lr3atThE734KvA==/io.appium.uiautomator2.server-qXkfZw9LtZYC0ZeR2vvERg==/base.apk!classes3.dex*1634705335:/data/app/~~ERS2Vb0_Lr3atThE734KvA==/io.appium.uiautomator2.server-qXkfZw9LtZYC0ZeR2vvERg==/base.apk!classes4.dex*45356349:/data/app/~~ERS2Vb0_Lr3atThE734KvA==/io.appium.uiautomator2.server-qXkfZw9LtZYC0ZeR2vvERg==/base.apk!classes5.dex*2419862292:/data/app/~~ERS2Vb0_Lr3atThE734KvA==/io.appium.uiautomator2.server-qXkfZw9LtZYC0ZeR2vvERg==/base.apk!classes6.dex*3944827479:/data/app/~~ERS2Vb0_Lr3atThE734KvA==/io.appium.uiautomator2.server-qXkfZw9LtZYC0ZeR2vvERg==/base.apk!classes7.dex*3145060491:/data/app/~~ERS2Vb0_Lr3atThE734KvA==/io.appium.uiautomator2.server-qXkfZw9LtZYC0ZeR2vvERg==/base.apk!classes8.dex*2034454731:/data/app/~~ERS2Vb0_Lr3atThE734KvA==/io.appium.uiautomator2.server-qXkfZw9LtZYC0ZeR2vvERg==/base.apk!classes9.dex*1613375383:/data/app/~~ERS2Vb0_Lr3atThE734KvA==/io.appium.uiautomator2.server-qXkfZw9LtZYC0ZeR2vvERg==/base.apk!classes10.dex*1483611213:/data/app/~~ERS2Vb0_Lr3atThE734KvA==/io.appium.uiautomator2.server-qXkfZw9LtZYC0ZeR2vvERg==/base.apk!classes11.dex*2888641764:/data/app/~~ERS2Vb0_Lr3atThE734KvA==/io.appium.uiautomator2.server-qXkfZw9LtZYC0ZeR2vvERg==/base.apk!classes12.dex*1711778771:/data/app/~~ERS2Vb0_Lr3atThE734KvA==/io.appium.uiautomator2.server-qXkfZw9LtZYC0ZeR2vvERg==/base.apk!classes13.dex*2108421983:/data/app/~~ERS2Vb0_Lr3atThE734KvA==/io.appium.uiautomator2.server-qXkfZw9LtZYC0ZeR2vvERg==/base.apk!classes14.dex*2618393034:/data/app/~~ERS2Vb0_Lr3atThE734KvA==/io.appium.uiautomator2.server-qXkfZw9LtZYC0ZeR2vvERg==/base.apk!classes15.dex*3152272110:/data/app/~~ERS2Vb0_Lr3atThE734KvA==/io.appium.uiautomator2.server-qXkfZw9LtZYC0ZeR2vvERg==/base.apk!classes16.dex*898502560])
06-11 21:56:52.353 W/tomator2.serve(29947): Found duplicate classes, falling back to extracting from APK : /data/app/~~ERS2Vb0_Lr3atThE734KvA==/io.appium.uiautomator2.server-qXkfZw9LtZYC0ZeR2vvERg==/base.apk
06-11 21:56:52.354 W/tomator2.serve(29947): NOTE: This wastes RAM and hurts startup performance.
06-11 21:56:52.354 W/tomator2.serve(29947): Found duplicated class when checking oat files: 'L_COROUTINE/ArtificialStackFrames;' in /data/app/~~ERS2Vb0_Lr3atThE734KvA==/io.appium.uiautomator2.server-qXkfZw9LtZYC0ZeR2vvERg==/base.apk and /data/app/~~ERS2Vb0_Lr3atThE734KvA==/io.appium.uiautomator2.server-qXkfZw9LtZYC0ZeR2vvERg==/base.apk
06-11 21:56:52.367 D/stbdpc  (  397): STB_DPGetNumPaths[570]: num_paths: 1
06-11 21:56:52.377 E/adbd    (12860): failed to connect to socket 'tcp:6790': Connection refused
06-11 21:56:52.387 D/Glide   ( 1773): Finished loading Bitmap from LOCAL for com.bumptech.glide.gifdecoder.StandardGifDecoder@8b54719 with size [314x176] in 16.442958 ms
06-11 21:56:52.421 D/Glide   ( 1773): Finished loading Bitmap from LOCAL for com.bumptech.glide.gifdecoder.StandardGifDecoder@8b54719 with size [314x176] in 9.961875 ms
06-11 21:56:52.439 D/dvb_iptv(  397): ReadEmmNetworkTask[1537]: EMM Select Timeout Occured 40
06-11 21:56:52.440 D/JioStbInactivityTimer(  926): Timer: count 628 warningTimeout:10680 timeout:10800
06-11 21:56:52.440 D/JioStbInactivityTimer(  926): isUserActive: Curr:4414283 Prev:4414283
06-11 21:56:52.454 D/Glide   ( 1773): Finished loading Bitmap from LOCAL for com.bumptech.glide.gifdecoder.StandardGifDecoder@8b54719 with size [314x176] in 2.745875 ms
06-11 21:56:52.468 D/stbdpc  (  397): STB_DPGetNumPaths[570]: num_paths: 1
06-11 21:56:52.504 D/Glide   ( 1773): Finished loading Bitmap from LOCAL for com.bumptech.glide.gifdecoder.StandardGifDecoder@8b54719 with size [314x176] in 12.571833999999999 ms
06-11 21:56:52.537 D/Glide   ( 1773): Finished loading Bitmap from LOCAL for com.bumptech.glide.gifdecoder.StandardGifDecoder@8b54719 with size [314x176] in 4.463833 ms
06-11 21:56:52.568 D/stbdpc  (  397): STB_DPGetNumPaths[570]: num_paths: 1
06-11 21:56:52.588 D/Glide   ( 1773): Finished loading Bitmap from LOCAL for com.bumptech.glide.gifdecoder.StandardGifDecoder@8b54719 with size [314x176] in 14.732875 ms
06-11 21:56:52.621 D/Glide   ( 1773): Finished loading Bitmap from LOCAL for com.bumptech.glide.gifdecoder.StandardGifDecoder@8b54719 with size [314x176] in 7.782458999999999 ms
06-11 21:56:52.668 D/stbdpc  (  397): STB_DPGetNumPaths[570]: num_paths: 1
06-11 21:56:52.671 D/Glide   ( 1773): Finished loading Bitmap from LOCAL for com.bumptech.glide.gifdecoder.StandardGifDecoder@8b54719 with size [314x176] in 17.49325 ms
06-11 21:56:52.697 W/tomator2.serve(29947): Accessing hidden method Landroid/app/Instrumentation;->execStartActivity(Landroid/content/Context;Landroid/os/IBinder;Landroid/os/IBinder;Landroid/app/Activity;Landroid/content/Intent;ILandroid/os/Bundle;)Landroid/app/Instrumentation$ActivityResult; (greylist, linking, allowed)
06-11 21:56:52.697 W/tomator2.serve(29947): Accessing hidden method Landroid/app/Instrumentation;->execStartActivity(Landroid/content/Context;Landroid/os/IBinder;Landroid/os/IBinder;Ljava/lang/String;Landroid/content/Intent;ILandroid/os/Bundle;)Landroid/app/Instrumentation$ActivityResult; (greylist, linking, allowed)
06-11 21:56:52.704 D/Glide   ( 1773): Finished loading Bitmap from LOCAL for com.bumptech.glide.gifdecoder.StandardGifDecoder@8b54719 with size [314x176] in 9.810125 ms
06-11 21:56:52.704 D/rtk_heartbeat(  349): heartbeat_timed_out: heartbeatCmdCount = 5022, expected nextSeqNum = 5022
06-11 21:56:52.706 D/rtk_heartbeat(  349): rtkbt_heartbeat_cmpl_cback: Current SeqNum = 5022,should SeqNum=5022, status = 0
06-11 21:56:52.712 D/NetworkSecurityConfig(29947): No Network Security Config specified, using platform default
06-11 21:56:52.714 D/NetworkSecurityConfig(29947): No Network Security Config specified, using platform default
06-11 21:56:52.714 I/AndroidJUnitRunner(29947): newApplication android.app.Application
06-11 21:56:52.722 I/AndroidJUnitRunner(29947): onCreate Bundle[mParcelledData.dataSize=64]
06-11 21:56:52.725 D/AndroidJUnitRunner(29947): Use the raw file system for managing file I/O.
06-11 21:56:52.738 D/Glide   ( 1773): Finished loading Bitmap from LOCAL for com.bumptech.glide.gifdecoder.StandardGifDecoder@8b54719 with size [314x176] in 2.834959 ms
06-11 21:56:52.749 V/TestEventClient(29947): No service name argument was given (testDiscoveryService, testRunEventService or orchestratorService)
06-11 21:56:52.750 D/AndroidJUnitRunner(29947): onStart is called.
06-11 21:56:52.768 D/stbdpc  (  397): STB_DPGetNumPaths[570]: num_paths: 1
06-11 21:56:52.778 D/TestRequestBuilder(29947): Using class path scanning to discover tests
06-11 21:56:52.779 I/TestRequestBuilder(29947): Scanning classpath to find tests in paths [/data/app/~~vz-LI613mzCW1_tI8sJdSA==/io.appium.uiautomator2.server.test-pndtPeicsSbNz5ltJNtTXA==/base.apk]
06-11 21:56:52.783 W/tomator2.serve(29947): Opening an oat file without a class loader. Are you using the deprecated DexFile APIs?
06-11 21:56:52.788 D/Glide   ( 1773): Finished loading Bitmap from LOCAL for com.bumptech.glide.gifdecoder.StandardGifDecoder@8b54719 with size [314x176] in 12.639332999999999 ms
06-11 21:56:52.821 D/Glide   ( 1773): Finished loading Bitmap from LOCAL for com.bumptech.glide.gifdecoder.StandardGifDecoder@8b54719 with size [314x176] in 5.690167 ms
06-11 21:56:52.857 D/ltts_ip_emm(  397): LTTS_IP_DMXStartEMM[381]: parse_emm_cat_status failed
06-11 21:56:52.868 D/stbdpc  (  397): STB_DPGetNumPaths[570]: num_paths: 1
06-11 21:56:52.871 D/Glide   ( 1773): Finished loading Bitmap from LOCAL for com.bumptech.glide.gifdecoder.StandardGifDecoder@8b54719 with size [314x176] in 15.565334 ms
06-11 21:56:52.897 D/JioLauncher( 1773): overlay status check for wifi and bt remote false false
06-11 21:56:52.898 D/Match code1( 1439): 2
06-11 21:56:52.899 D/JIO_TR069-( 1439): Predefined List [com.jio.stb.catv, com.rjil.jiostbsetting, com.iwedia.ui.rjio.launcher.reliance, com.jio.stb.hotellauncher, com.jio.media.oberoi, com.jio.ott]
06-11 21:56:52.901 D/JIO_TR069-( 1439): Caller Package com.iwedia.ui.rjio.launcher.reliance
06-11 21:56:52.901 D/JIO_TR069-( 1439): White Listed Apps []
06-11 21:56:52.901 D/JIO_TR069-( 1439): Final White Listed Apps [com.jio.stb.catv, com.rjil.jiostbsetting, com.iwedia.ui.rjio.launcher.reliance, com.jio.stb.hotellauncher, com.jio.media.oberoi, com.jio.ott, ]
06-11 21:56:52.904 D/JioLauncher( 1773): network-type-------NonJioNetwork
06-11 21:56:52.907 D/JioLauncher( 1773): live-tv-previousIp-[/fe80::1%wlan0, /192.168.1.1]-newHost-[/fe80::1%wlan0, /192.168.1.1]
06-11 21:56:52.921 D/Glide   ( 1773): Finished loading Bitmap from LOCAL for com.bumptech.glide.gifdecoder.StandardGifDecoder@8b54719 with size [314x176] in 13.339958999999999 ms
