06-11 16:34:15.568 D/TrafficStats(30431): tagSocket(125) with statsTag=0xffffffff, statsUid=-1
06-11 16:34:15.579 D/TrafficStats(30431): tagSocket(138) with statsTag=0xffffffff, statsUid=-1
06-11 16:34:15.623 E/WifiVendorHal(  617): getWifiLinkLayerStats_1_6_Internal(l.1199) failed {.code = ERROR_UNKNOWN, .description = unknown error}
06-11 16:34:15.720 I/.startv.hotstar(30431): NativeAlloc concurrent copying GC freed 80353(3758KB) AllocSpace objects, 9(180KB) LOS objects, 19% free, 16MB/20MB, paused 287us,2.590ms total 923.300ms
06-11 16:34:15.759 I/thermal2(  444): Sending notification:  Type: CPU Name: soc_thermal CurrentValue: 67.6 ThrottlingStatus: LIGHT
06-11 16:34:15.955 D/JioSettings( 2620): r0 : nonInteractiveSleep: count::0::timeout::0
06-11 16:34:15.955 D/JioSettings( 2620): r0 : inactivity: count::2::timeout::480
06-11 16:34:15.959 D/JioSettings( 2620): r0 : startScheduler::isScreenOFF::false::isMusicInProgress::false::isDreaming::false
06-11 16:34:15.959 D/JioSettings( 2620): r0 : startScheduler::isInactivityReached::false::isInactivityOverlayShown::false
06-11 16:34:16.318 I/.startv.hotstar(30431): Background young concurrent copying GC freed 67219(3560KB) AllocSpace objects, 63(1260KB) LOS objects, 20% free, 15MB/19MB, paused 570us,153us total 119.741ms
06-11 16:34:16.628 I/appium  (30369): Took 0ms to retrieve 1 matches for '//android.widget.EditText[@resource-id='in.startv.hotstar:id/search_bar']' XPath2 query
06-11 16:34:16.635 I/appium  (30369): AppiumResponse: {"sessionId":"cdc23416-aa89-4d76-bbe0-b2958cdbcf09","value":{"ELEMENT":"00000000-0000-0002-ffff-ffff000000cf","element-6066-11e4-a52e-4f735466cecf":"00000000-0000-0002-ffff-ffff000000cf"}}
06-11 16:34:16.664 I/appium  (30369): channel read: GET /session/cdc23416-aa89-4d76-bbe0-b2958cdbcf09/element/00000000-0000-0002-ffff-ffff000000cf/attribute/displayed
06-11 16:34:16.665 I/appium  (30369): GetElementAttribute command
06-11 16:34:16.686 I/appium  (30369): AppiumResponse: {"sessionId":"cdc23416-aa89-4d76-bbe0-b2958cdbcf09","value":"true"}
06-11 16:34:16.714 I/appium  (30369): channel read: POST /session/cdc23416-aa89-4d76-bbe0-b2958cdbcf09/element/00000000-0000-0002-ffff-ffff000000cf/click
06-11 16:34:16.715 I/appium  (30369): Click command
06-11 16:34:16.783 V/InputMethodManagerService(  617): startInputOrWindowGainedFocusInternalLocked: reason=CHECK_FOCUS client=android.os.BinderProxy@f647cab inputContext=com.android.internal.view.IInputContext$Stub$Proxy@e405c4b attribute=android.view.inputmethod.EditorInfo@a885628 startInputFlags=VIEW_HAS_FOCUS|IS_TEXT_EDITOR|INITIAL_CONNECTION softInputMode=STATE_UNSPECIFIED|ADJUST_RESIZE windowFlags=#81810100 unverifiedTargetSdkVersion=34 imeDispatcher=android.window.ImeOnBackInvokedDispatcher@13d0f41
06-11 16:34:16.783 W/InputMethodManagerService(  617): Window already focused, ignoring focus gain of: com.android.internal.view.IInputMethodClient$Stub$Proxy@eeb7ce6 attribute=android.view.inputmethod.EditorInfo@a885628, token = android.os.BinderProxy@c3763b4, startInputReason=CHECK_FOCUS
06-11 16:34:16.783 V/InputMethodManagerService(  617): Creating new accessibility sessions for client ClientState{fe08667 uid=10063 pid=30431 displayId=0}
06-11 16:34:16.784 W/GestureController(30369): Gestures took longer than expected (39ms >> 16ms), device might be in a busy state.
06-11 16:34:16.784 I/appium  (30369): Waiting up to 10000ms for the device to idle
06-11 16:34:16.785 D/CompatibilityChangeReporter(30431): Compat change id reported: 163400105; UID 10063; state: ENABLED
06-11 16:34:16.786 D/InputMethodManager(30431): showSoftInput() view=com.google.android.material.textfield.TextInputEditText{976a034 VFED..CL. .F.P..ID 21,0-1014,68 #7f0b050f app:id/search_bar aid=1073741830} flags=0 reason=SHOW_SOFT_INPUT
06-11 16:34:16.790 D/InputMethodManagerService(  617): --- calledFromForegroundUserOrSystemProcess ? calling uid = 10063 system uid = 1000 calling userId = 0, foreground user id = 0, calling pid = 30431com.android.server.inputmethod.InputMethodManagerService.showSoftInput(InputMethodManagerService.java:3595)
06-11 16:34:16.791 V/InputMethodManagerService(  617): Client requesting input be shown
06-11 16:34:16.793 E/ocessService1:0(25474): failed to create Unix domain socket: Operation not permitted
06-11 16:34:16.793 I/appium  (30369): AppiumResponse: {"sessionId":"cdc23416-aa89-4d76-bbe0-b2958cdbcf09","value":null}
06-11 16:34:16.795 W/libprocessgroup(  617): Failed to open /dev/cpuctl/top-app/cgroup.procs: No such file or directory
06-11 16:34:16.795 W/ProcessStats(  617): Tracking association SourceState{83c177d system/1000 BTopFgs #2713} whose proc state 2 is better than process ProcessState{dbec14d io.appium.settings/10064 pkg=io.appium.settings} proc state 3 (11 skipped)
06-11 16:34:16.796 V/InputMethodManagerService(  617): Calling com.android.server.inputmethod.IInputMethodInvoker@58e09c3.showSoftInput(android.os.Binder@8628172, 1, null) for reason: SHOW_SOFT_INPUT
06-11 16:34:16.796 D/InputMethodManagerService(  617): calling sendSoftInputVisibilityBroadcast
06-11 16:34:16.799 W/ContextImpl(  617): Calling a method in the system process without a qualified user: android.app.ContextImpl.sendBroadcast:1189 com.android.server.inputmethod.InputMethodManagerService.sendSoftInputVisibilityBroadcast:3723 com.android.server.inputmethod.InputMethodManagerService.showCurrentInputLocked:3711 com.android.server.inputmethod.InputMethodManagerService.showSoftInput:3604 com.android.internal.view.IInputMethodManager$Stub.onTransact:369 
06-11 16:34:16.800 D/InputMethodManagerService(  617): sendBroadcast sendSoftInputVisibilityBroadcast 
06-11 16:34:16.816 W/libprocessgroup(  617): Failed to open /dev/blkio//cgroup.procs: No such file or directory
06-11 16:34:16.830 I/appium  (30369): channel read: POST /session/cdc23416-aa89-4d76-bbe0-b2958cdbcf09/element/00000000-0000-0002-ffff-ffff000000cf/value
06-11 16:34:16.832 I/appium  (30369): SendKeysToElement command
06-11 16:34:16.859 D/CompatibilityChangeReporter(29725): Compat change id reported: 210923482; UID 10012; state: ENABLED
06-11 16:34:16.952 E/LatinKeyboardView(29725): LatinKeyboardView: ORIENTATION_Lands
06-11 16:34:16.963 D/JioSettings( 2620): r0 : nonInteractiveSleep: count::0::timeout::0
06-11 16:34:16.963 D/JioSettings( 2620): r0 : inactivity: count::3::timeout::480
06-11 16:34:16.966 D/JioSettings( 2620): r0 : startScheduler::isScreenOFF::false::isMusicInProgress::false::isDreaming::false
06-11 16:34:16.966 D/JioSettings( 2620): r0 : startScheduler::isInactivityReached::false::isInactivityOverlayShown::false
06-11 16:34:17.029 V/InputMethodManagerService(  617): Calling com.android.server.inputmethod.IInputMethodInvoker@58e09c3.showSoftInput(android.os.Binder@445c240, 1, null) for reason: SHOW_MY_SOFT_INPUT
06-11 16:34:17.033 D/InputMethodManagerService(  617): calling sendSoftInputVisibilityBroadcast
06-11 16:34:17.037 W/ContextImpl(  617): Calling a method in the system process without a qualified user: android.app.ContextImpl.sendBroadcast:1189 com.android.server.inputmethod.InputMethodManagerService.sendSoftInputVisibilityBroadcast:3723 com.android.server.inputmethod.InputMethodManagerService.showCurrentInputLocked:3711 com.android.server.inputmethod.InputMethodManagerService.showMySoftInput:4930 com.android.server.inputmethod.InputMethodManagerService.-$$Nest$mshowMySoftInput:0 
06-11 16:34:17.038 D/InputMethodManagerService(  617): sendBroadcast sendSoftInputVisibilityBroadcast 
06-11 16:34:17.046 W/InputMethodService(29725): Re-entrance in to showWindow
06-11 16:34:17.056 W/InputMethodService(29725): Re-entrance in to showWindow
06-11 16:34:17.057 V/InputMethodManagerService(  617): Calling com.android.server.inputmethod.IInputMethodInvoker@58e09c3.showSoftInput(android.os.Binder@636579, 3, null) for reason: SHOW_MY_SOFT_INPUT
06-11 16:34:17.058 D/InputMethodManagerService(  617): calling sendSoftInputVisibilityBroadcast
06-11 16:34:17.059 W/ContextImpl(  617): Calling a method in the system process without a qualified user: android.app.ContextImpl.sendBroadcast:1189 com.android.server.inputmethod.InputMethodManagerService.sendSoftInputVisibilityBroadcast:3723 com.android.server.inputmethod.InputMethodManagerService.showCurrentInputLocked:3711 com.android.server.inputmethod.InputMethodManagerService.showMySoftInput:4930 com.android.server.inputmethod.InputMethodManagerService.-$$Nest$mshowMySoftInput:0 
06-11 16:34:17.059 D/InputMethodManagerService(  617): sendBroadcast sendSoftInputVisibilityBroadcast 
06-11 16:34:17.061 D/InputMethodManagerService(  617): IME window vis: 3 active: 1 inv: 0 displayId: 0
06-11 16:34:17.067 D/InputMethodManagerService(  617): IME window vis: 3 active: 1 inv: 0 displayId: 0
06-11 16:34:17.068 W/OnBackInvokedCallback(30431): OnBackInvokedCallback is not enabled for the application.
06-11 16:34:17.068 W/OnBackInvokedCallback(30431): Set 'android:enableOnBackInvokedCallback="true"' in the application manifest.
06-11 16:34:17.213 D/InputMethodManagerService(  617): --- calledFromForegroundUserOrSystemProcess ? calling uid = 10063 system uid = 1000 calling userId = 0, foreground user id = 0, calling pid = 0com.android.server.inputmethod.InputMethodManagerService.reportPerceptibleAsync(InputMethodManagerService.java:3660)
06-11 16:34:17.214 D/InputMethodManagerService(  617): IME window vis: 3 active: 1 inv: 0 displayId: 0
06-11 16:34:17.218 W/libc    (29725): Access denied finding property "vendor.mali.platform.config"
06-11 16:34:17.225 I/mali    (29725): Successfully parsed 1 environment variable(s) from /vendor/etc/mali_platform.config.
06-11 16:34:17.225 W/libc    (29725): Access denied finding property "vendor.mali.debug.config"
06-11 16:34:17.226 W/libc    (29725): Access denied finding property "vendor.mali.cctx_memory_class_unnamed"
06-11 16:34:17.227 W/libc    (29725): Access denied finding property "vendor.mali.cctx_memory_class_default_heap"
06-11 16:34:17.227 W/libc    (29725): Access denied finding property "vendor.mali.cctx_memory_class_base_internal"
06-11 16:34:17.227 W/libc    (29725): Access denied finding property "vendor.mali.cctx_memory_class_framepool"
06-11 16:34:17.227 W/libc    (29725): Access denied finding property "vendor.mali.cctx_memory_class_tiler"
06-11 16:34:17.227 W/libc    (29725): Access denied finding property "vendor.mali.cctx_memory_class_program"
06-11 16:34:17.227 W/libc    (29725): Access denied finding property "vendor.mali.cctx_memory_class_egl_color_plane"
06-11 16:34:17.227 W/libc    (29725): Access denied finding property "vendor.mali.cctx_memory_class_egl_color_plane_imported"
06-11 16:34:17.227 W/libc    (29725): Access denied finding property "vendor.mali.cctx_memory_class_vao"
06-11 16:34:17.227 W/libc    (29725): Access denied finding property "vendor.mali.cctx_memory_class_img"
06-11 16:34:17.227 W/libc    (29725): Access denied finding property "vendor.mali.cctx_memory_class_internal_surface"
06-11 16:34:17.227 W/libc    (29725): Access denied finding property "vendor.mali.cctx_memory_class_buf"
06-11 16:34:17.228 W/libc    (29725): Access denied finding property "vendor.mali.cctx_memory_class_crc"
06-11 16:34:17.228 W/libc    (29725): Access denied finding property "vendor.mali.cctx_memory_class_cpom_hmem"
06-11 16:34:17.228 W/libc    (29725): Access denied finding property "vendor.mali.cctx_memory_class_cpom_rsd"
06-11 16:34:17.228 W/libc    (29725): Access denied finding property "vendor.mali.cctx_memory_class_cpom_mbs2"
06-11 16:34:17.228 W/libc    (29725): Access denied finding property "vendor.mali.cctx_memory_class_cpom_static"
06-11 16:34:17.228 W/libc    (29725): Access denied finding property "vendor.mali.cctx_memory_class_cframe_hmem"
06-11 16:34:17.228 W/libc    (29725): Access denied finding property "vendor.mali.cctx_memory_class_cframe_sample_pos"
06-11 16:34:17.228 W/libc    (29725): Access denied finding property "vendor.mali.cctx_memory_class_cframe_discard"
06-11 16:34:17.228 W/libc    (29725): Access denied finding property "vendor.mali.cctx_memory_class_cframe_tess_geom"
06-11 16:34:17.228 W/libc    (29725): Access denied finding property "vendor.mali.cctx_memory_class_cobj_hmem"
06-11 16:34:17.228 W/libc    (29725): Access denied finding property "vendor.mali.cctx_memory_class_cmar_hmem"
06-11 16:34:17.228 W/libc    (29725): Access denied finding property "vendor.mali.cctx_memory_class_cmar_prof_dump"
06-11 16:34:17.228 W/libc    (29725): Access denied finding property "vendor.mali.cctx_memory_class_cblend_hmem"
06-11 16:34:17.228 W/libc    (29725): Access denied finding property "vendor.mali.cctx_memory_class_gles_hmem"
06-11 16:34:17.229 W/libc    (29725): Access denied finding property "vendor.mali.cctx_memory_class_gles_query"
06-11 16:34:17.229 W/libc    (29725): Access denied finding property "vendor.mali.cctx_memory_class_gles_query_host"
06-11 16:34:17.229 W/libc    (29725): Access denied finding property "vendor.mali.cctx_memory_class_gles_multiview"
06-11 16:34:17.229 W/libc    (29725): Access denied finding property "vendor.mali.cctx_memory_class_cdeps_hmem"
06-11 16:34:17.229 W/libc    (29725): Access denied finding property "vendor.mali.cctx_memory_class_cmem_suballoc"
06-11 16:34:17.229 W/libc    (29725): Access denied finding property "vendor.mali.cctx_memory_class_cmem_hoard"
06-11 16:34:17.229 W/libc    (29725): Access denied finding property "vendor.mali.cctx_memory_class_cmem_registry"
06-11 16:34:17.229 W/libc    (29725): Access denied finding property "vendor.mali.cctx_memory_class_cl_payload"
06-11 16:34:17.229 W/libc    (29725): Access denied finding property "vendor.mali.cctx_memory_class_cl_wlm_tls"
06-11 16:34:17.229 W/libc    (29725): Access denied finding property "vendor.mali.cctx_memory_class_cl_hmem"
06-11 16:34:17.229 W/libc    (29725): Access denied finding property "vendor.mali.cctx_memory_class_cl_svm"
06-11 16:34:17.229 W/libc    (29725): Access denied finding property "vendor.mali.cctx_memory_class_cl_protected"
06-11 16:34:17.229 W/libc    (29725): Access denied finding property "vendor.mali.cctx_memory_class_cinstr"
06-11 16:34:17.230 W/libc    (29725): Access denied finding property "vendor.mali.cctx_memory_class_gfx_device_memory_cpu_uncached"
06-11 16:34:17.230 W/libc    (29725): Access denied finding property "vendor.mali.cctx_memory_class_gfx_device_memory_cpu_cached"
06-11 16:34:17.230 W/libc    (29725): Access denied finding property "vendor.mali.cctx_memory_class_gfx_device_memory_transient"
06-11 16:34:17.230 W/libc    (29725): Access denied finding property "vendor.mali.cctx_memory_class_gfx_device_memory_protected"
06-11 16:34:17.230 W/libc    (29725): Access denied finding property "vendor.mali.cctx_memory_class_gfx_device_external"
06-11 16:34:17.230 W/libc    (29725): Access denied finding property "vendor.mali.cctx_memory_class_gfx_device_external_swapchain"
06-11 16:34:17.230 W/libc    (29725): Access denied finding property "vendor.mali.cctx_memory_class_gfx_device_internal"
06-11 16:34:17.230 W/libc    (29725): Access denied finding property "vendor.mali.cctx_memory_class_gfx_device_internal_host"
06-11 16:34:17.230 W/libc    (29725): Access denied finding property "vendor.mali.cctx_memory_class_gfx_device_internal_protected"
06-11 16:34:17.230 W/libc    (29725): Access denied finding property "vendor.mali.cctx_memory_class_gfx_device_internal_transient"
06-11 16:34:17.230 W/libc    (29725): Access denied finding property "vendor.mali.cctx_memory_class_gfx_descriptor_pool"
06-11 16:34:17.230 W/libc    (29725): Access denied finding property "vendor.mali.cctx_memory_class_gfx_command_allocator"
06-11 16:34:17.230 W/libc    (29725): Access denied finding property "vendor.mali.cctx_memory_class_gfx_command_allocator_host"
06-11 16:34:17.231 W/libc    (29725): Access denied finding property "vendor.mali.cctx_memory_class_gfx_command_allocator_protected"
06-11 16:34:17.231 W/libc    (29725): Access denied finding property "vendor.mali.cctx_memory_class_vk_bound_buffer"
06-11 16:34:17.231 W/libc    (29725): Access denied finding property "vendor.mali.cctx_memory_class_vk_bound_image"
06-11 16:34:17.231 W/libc    (29725): Access denied finding property "vendor.mali.cctx_memory_class_cmar_signal"
06-11 16:34:17.231 W/libc    (29725): Access denied finding property "vendor.mali.cctx_memory_class_cmar_flush_chain"
06-11 16:34:17.231 W/libc    (29725): Access denied finding property "vendor.mali.cctx_memory_class_cmar_metadata_list"
06-11 16:34:17.231 W/libc    (29725): Access denied finding property "vendor.mali.cctx_memory_class_jit"
06-11 16:34:17.231 W/libc    (29725): Access denied finding property "vendor.mali.cctx_memory_class_mmu"
06-11 16:34:17.232 W/libc    (29725): Access denied finding property "vendor.mali.osu_protected_memory_heap_name"
06-11 16:34:17.232 W/libc    (29725): Access denied finding property "vendor.mali.osu_ion_protected_memory_heap_name"
06-11 16:34:17.233 W/libc    (29725): Access denied finding property "vendor.mali.platform_agt_frequency_khz"
06-11 16:34:17.233 W/libc    (29725): Access denied finding property "vendor.mali.hal_dump_dir"
06-11 16:34:17.233 W/libc    (29725): Access denied finding property "vendor.mali.platform.config"
06-11 16:34:17.233 I/mali    (29725): Successfully parsed 1 environment variable(s) from /vendor/etc/mali_platform.config.
06-11 16:34:17.233 W/libc    (29725): Access denied finding property "vendor.mali.debug.config"
06-11 16:34:17.248 I/hwservicemanager(  228): getTransport: Cannot find entry android.hardware.configstore@1.0::ISurfaceFlingerConfigs/default in either framework or device VINTF manifest.
06-11 16:34:17.264 D/InputMethodManagerService(  617): --- calledFromForegroundUserOrSystemProcess ? calling uid = 10063 system uid = 1000 calling userId = 0, foreground user id = 0, calling pid = 0com.android.server.inputmethod.InputMethodManagerService.reportPerceptibleAsync(InputMethodManagerService.java:3660)
06-11 16:34:17.283 I/servicemanager(  227): Could not find android.hardware.graphics.allocator.IAllocator/default in the VINTF manifest.
06-11 16:34:17.367 W/Parcel  (29725): Expecting binder but got null!
06-11 16:34:17.372 D/InsetsController(30431): show(ime(), fromIme=true)
06-11 16:34:17.384 D/InputMethodManagerService(  617): IME window vis: 3 active: 1 inv: 0 displayId: 0
06-11 16:34:17.402 D/InputMethodManagerService(  617): IME window vis: 3 active: 1 inv: 0 displayId: 0
06-11 16:34:17.409 D/InsetsController(30431): show(ime(), fromIme=true)
06-11 16:34:17.410 D/InsetsController(30431): show(ime(), fromIme=true)
06-11 16:34:17.426 D/InputMethodManagerService(  617): --- calledFromForegroundUserOrSystemProcess ? calling uid = 10063 system uid = 1000 calling userId = 0, foreground user id = 0, calling pid = 0com.android.server.inputmethod.InputMethodManagerService.reportPerceptibleAsync(InputMethodManagerService.java:3660)
06-11 16:34:17.445 D/InputMethodManagerService(  617): --- calledFromForegroundUserOrSystemProcess ? calling uid = 10063 system uid = 1000 calling userId = 0, foreground user id = 0, calling pid = 0com.android.server.inputmethod.InputMethodManagerService.reportPerceptibleAsync(InputMethodManagerService.java:3660)
06-11 16:34:17.445 D/InputMethodManagerService(  617): IME window vis: 3 active: 1 inv: 0 displayId: 0
06-11 16:34:17.779 I/thermal2(  444): Sending notification:  Type: CPU Name: soc_thermal CurrentValue: 64.4 ThrottlingStatus: NONE
06-11 16:34:17.967 D/JioSettings( 2620): r0 : nonInteractiveSleep: count::0::timeout::0
06-11 16:34:17.967 D/JioSettings( 2620): r0 : inactivity: count::4::timeout::480
06-11 16:34:17.969 D/JioSettings( 2620): r0 : startScheduler::isScreenOFF::false::isMusicInProgress::false::isDreaming::false
06-11 16:34:17.969 D/JioSettings( 2620): r0 : startScheduler::isInactivityReached::false::isInactivityOverlayShown::false
06-11 16:34:18.175 D/UiObject2(30369): Setting text to ''.
06-11 16:34:18.216 V/InputMethodManagerService(  617): startInputOrWindowGainedFocusInternalLocked: reason=APP_CALLED_RESTART_INPUT_API client=android.os.BinderProxy@f647cab inputContext=com.android.internal.view.IInputContext$Stub$Proxy@dfcccca attribute=android.view.inputmethod.EditorInfo@944ee3b startInputFlags=VIEW_HAS_FOCUS|IS_TEXT_EDITOR softInputMode=STATE_UNSPECIFIED|ADJUST_RESIZE windowFlags=#81810100 unverifiedTargetSdkVersion=34 imeDispatcher=android.window.ImeOnBackInvokedDispatcher@f919958
06-11 16:34:18.216 W/InputMethodManagerService(  617): Window already focused, ignoring focus gain of: com.android.internal.view.IInputMethodClient$Stub$Proxy@fc74ab1 attribute=android.view.inputmethod.EditorInfo@944ee3b, token = android.os.BinderProxy@c3763b4, startInputReason=APP_CALLED_RESTART_INPUT_API
06-11 16:34:18.216 V/InputMethodManagerService(  617): Creating new accessibility sessions for client ClientState{fe08667 uid=10063 pid=30431 displayId=0}
06-11 16:34:18.218 V/InputMethodManagerService(  617): Attach new input asks to show input
06-11 16:34:18.219 V/InputMethodManagerService(  617): Calling com.android.server.inputmethod.IInputMethodInvoker@58e09c3.showSoftInput(android.os.Binder@58a3317, 3, null) for reason: ATTACH_NEW_INPUT
06-11 16:34:18.219 D/InputMethodManagerService(  617): calling sendSoftInputVisibilityBroadcast
06-11 16:34:18.219 W/ContextImpl(  617): Calling a method in the system process without a qualified user: android.app.ContextImpl.sendBroadcast:1189 com.android.server.inputmethod.InputMethodManagerService.sendSoftInputVisibilityBroadcast:3723 com.android.server.inputmethod.InputMethodManagerService.showCurrentInputLocked:3711 com.android.server.inputmethod.InputMethodManagerService.attachNewInputLocked:2655 com.android.server.inputmethod.InputMethodManagerService.startInputUncheckedLocked:2842 
06-11 16:34:18.220 D/InputMethodManagerService(  617): sendBroadcast sendSoftInputVisibilityBroadcast 
06-11 16:34:18.221 V/InputMethodManagerService(  617): Calling com.android.server.inputmethod.IInputMethodInvoker@58e09c3.showSoftInput(android.os.Binder@232f304, 3, null) for reason: SHOW_MY_SOFT_INPUT
06-11 16:34:18.222 D/InputMethodManagerService(  617): calling sendSoftInputVisibilityBroadcast
06-11 16:34:18.223 W/ContextImpl(  617): Calling a method in the system process without a qualified user: android.app.ContextImpl.sendBroadcast:1189 com.android.server.inputmethod.InputMethodManagerService.sendSoftInputVisibilityBroadcast:3723 com.android.server.inputmethod.InputMethodManagerService.showCurrentInputLocked:3711 com.android.server.inputmethod.InputMethodManagerService.showMySoftInput:4930 com.android.server.inputmethod.InputMethodManagerService.-$$Nest$mshowMySoftInput:0 
06-11 16:34:18.224 D/InputMethodManagerService(  617): sendBroadcast sendSoftInputVisibilityBroadcast 
06-11 16:34:18.233 V/InputMethodManagerService(  617): Calling com.android.server.inputmethod.IInputMethodInvoker@58e09c3.showSoftInput(android.os.Binder@17a2b22, 3, null) for reason: SHOW_MY_SOFT_INPUT
06-11 16:34:18.233 D/InputMethodManagerService(  617): calling sendSoftInputVisibilityBroadcast
06-11 16:34:18.233 W/ContextImpl(  617): Calling a method in the system process without a qualified user: android.app.ContextImpl.sendBroadcast:1189 com.android.server.inputmethod.InputMethodManagerService.sendSoftInputVisibilityBroadcast:3723 com.android.server.inputmethod.InputMethodManagerService.showCurrentInputLocked:3711 com.android.server.inputmethod.InputMethodManagerService.showMySoftInput:4930 com.android.server.inputmethod.InputMethodManagerService.-$$Nest$mshowMySoftInput:0 
06-11 16:34:18.234 D/InputMethodManagerService(  617): sendBroadcast sendSoftInputVisibilityBroadcast 
06-11 16:34:18.236 D/InsetsController(30431): show(ime(), fromIme=true)
06-11 16:34:18.240 D/InputMethodManagerService(  617): IME window vis: 3 active: 1 inv: 0 displayId: 0
06-11 16:34:18.241 D/InsetsController(30431): show(ime(), fromIme=true)
06-11 16:34:18.242 D/InputMethodManagerService(  617): IME window vis: 3 active: 1 inv: 0 displayId: 0
06-11 16:34:18.244 D/InsetsController(30431): show(ime(), fromIme=true)
06-11 16:34:18.248 D/InputMethodManagerService(  617): IME window vis: 3 active: 1 inv: 0 displayId: 0
06-11 16:34:18.642 E/WifiVendorHal(  617): getWifiLinkLayerStats_1_6_Internal(l.1199) failed {.code = ERROR_UNKNOWN, .description = unknown error}
06-11 16:34:18.724 I/appium  (30369): AppiumResponse: {"sessionId":"cdc23416-aa89-4d76-bbe0-b2958cdbcf09","value":null}
06-11 16:34:18.739 V/InputMethodManagerService(  617): startInputOrWindowGainedFocusInternalLocked: reason=APP_CALLED_RESTART_INPUT_API client=android.os.BinderProxy@f647cab inputContext=com.android.internal.view.IInputContext$Stub$Proxy@874e9b3 attribute=android.view.inputmethod.EditorInfo@c6e3b70 startInputFlags=VIEW_HAS_FOCUS|IS_TEXT_EDITOR softInputMode=STATE_UNSPECIFIED|ADJUST_PAN windowFlags=#81810100 unverifiedTargetSdkVersion=34 imeDispatcher=android.window.ImeOnBackInvokedDispatcher@9ab9ee9
06-11 16:34:18.742 W/InputMethodManagerService(  617): Window already focused, ignoring focus gain of: com.android.internal.view.IInputMethodClient$Stub$Proxy@9b3d76e attribute=android.view.inputmethod.EditorInfo@c6e3b70, token = android.os.BinderProxy@c3763b4, startInputReason=APP_CALLED_RESTART_INPUT_API
06-11 16:34:18.742 V/InputMethodManagerService(  617): Creating new accessibility sessions for client ClientState{fe08667 uid=10063 pid=30431 displayId=0}
06-11 16:34:18.742 V/InputMethodManagerService(  617): Attach new input asks to show input
06-11 16:34:18.743 V/InputMethodManagerService(  617): Calling com.android.server.inputmethod.IInputMethodInvoker@58e09c3.showSoftInput(android.os.Binder@dd39e9c, 3, null) for reason: ATTACH_NEW_INPUT
06-11 16:34:18.743 D/InputMethodManagerService(  617): calling sendSoftInputVisibilityBroadcast
06-11 16:34:18.743 W/ContextImpl(  617): Calling a method in the system process without a qualified user: android.app.ContextImpl.sendBroadcast:1189 com.android.server.inputmethod.InputMethodManagerService.sendSoftInputVisibilityBroadcast:3723 com.android.server.inputmethod.InputMethodManagerService.showCurrentInputLocked:3711 com.android.server.inputmethod.InputMethodManagerService.attachNewInputLocked:2655 com.android.server.inputmethod.InputMethodManagerService.startInputUncheckedLocked:2842 
06-11 16:34:18.744 D/InputMethodManagerService(  617): sendBroadcast sendSoftInputVisibilityBroadcast 
06-11 16:34:18.747 V/InputMethodManagerService(  617): Calling com.android.server.inputmethod.IInputMethodInvoker@58e09c3.showSoftInput(android.os.Binder@61640a5, 3, null) for reason: SHOW_MY_SOFT_INPUT
06-11 16:34:18.747 D/InputMethodManagerService(  617): calling sendSoftInputVisibilityBroadcast
06-11 16:34:18.749 W/ContextImpl(  617): Calling a method in the system process without a qualified user: android.app.ContextImpl.sendBroadcast:1189 com.android.server.inputmethod.InputMethodManagerService.sendSoftInputVisibilityBroadcast:3723 com.android.server.inputmethod.InputMethodManagerService.showCurrentInputLocked:3711 com.android.server.inputmethod.InputMethodManagerService.showMySoftInput:4930 com.android.server.inputmethod.InputMethodManagerService.-$$Nest$mshowMySoftInput:0 
06-11 16:34:18.750 D/InputMethodManagerService(  617): sendBroadcast sendSoftInputVisibilityBroadcast 
06-11 16:34:18.752 I/appium  (30369): channel read: POST /session/cdc23416-aa89-4d76-bbe0-b2958cdbcf09/appium/device/press_keycode
06-11 16:34:18.753 I/appium  (30369): PressKeyCode command
06-11 16:34:18.753 I/appium  (30369): Calling PressKeyCode... 
06-11 16:34:18.759 V/InputMethodManagerService(  617): Calling com.android.server.inputmethod.IInputMethodInvoker@58e09c3.showSoftInput(android.os.Binder@3c9fc7a, 3, null) for reason: SHOW_MY_SOFT_INPUT
06-11 16:34:18.761 D/InputMethodManagerService(  617): calling sendSoftInputVisibilityBroadcast
06-11 16:34:18.761 W/ContextImpl(  617): Calling a method in the system process without a qualified user: android.app.ContextImpl.sendBroadcast:1189 com.android.server.inputmethod.InputMethodManagerService.sendSoftInputVisibilityBroadcast:3723 com.android.server.inputmethod.InputMethodManagerService.showCurrentInputLocked:3711 com.android.server.inputmethod.InputMethodManagerService.showMySoftInput:4930 com.android.server.inputmethod.InputMethodManagerService.-$$Nest$mshowMySoftInput:0 
06-11 16:34:18.761 D/InputMethodManagerService(  617): sendBroadcast sendSoftInputVisibilityBroadcast 
06-11 16:34:18.764 D/InsetsController(30431): show(ime(), fromIme=true)
06-11 16:34:18.765 D/InputMethodManagerService(  617): IME window vis: 3 active: 1 inv: 0 displayId: 0
06-11 16:34:18.767 D/InsetsController(30431): show(ime(), fromIme=true)
06-11 16:34:18.767 D/InputMethodManagerService(  617): IME window vis: 3 active: 1 inv: 0 displayId: 0
06-11 16:34:18.794 E/ocessService1:0(25474): failed to create Unix domain socket: Operation not permitted
06-11 16:34:18.796 D/InsetsController(30431): show(ime(), fromIme=true)
06-11 16:34:18.797 D/InputMethodManagerService(  617): IME window vis: 3 active: 1 inv: 0 displayId: 0
06-11 16:34:18.969 D/JioSettings( 2620): r0 : nonInteractiveSleep: count::0::timeout::0
06-11 16:34:18.970 D/JioSettings( 2620): r0 : inactivity: count::5::timeout::480
06-11 16:34:18.972 D/JioSettings( 2620): r0 : startScheduler::isScreenOFF::false::isMusicInProgress::false::isDreaming::false
06-11 16:34:18.972 D/JioSettings( 2620): r0 : startScheduler::isInactivityReached::false::isInactivityOverlayShown::false
06-11 16:34:19.643 I/.startv.hotstar(30431): Background young concurrent copying GC freed 39728(2037KB) AllocSpace objects, 31(620KB) LOS objects, 9% free, 17MB/19MB, paused 324us,313us total 157.587ms
06-11 16:34:19.725 D/BufferPoolAccessor2.0(30431): bufferpool2 0x758a8898 : 0(0 size) total buffers - 0(0 size) used buffers - 2/7 (recycle/alloc) - 5/38 (fetch/transfer)
06-11 16:34:19.725 D/BufferPoolAccessor2.0(30431): evictor expired: 1, evicted: 1
06-11 16:34:19.730 D/BufferPoolAccessor2.0(  558): bufferpool2 0xad529098 : 0(0 size) total buffers - 0(0 size) used buffers - 14/17 (recycle/alloc) - 3/16 (fetch/transfer)
06-11 16:34:19.730 D/BufferPoolAccessor2.0(  558): bufferpool2 0xad5291d8 : 0(0 size) total buffers - 0(0 size) used buffers - 11/13 (recycle/alloc) - 2/12 (fetch/transfer)
06-11 16:34:19.730 D/BufferPoolAccessor2.0(  558): evictor expired: 2, evicted: 2
06-11 16:34:19.887 D/UiDevice(30369): Pressing keycodes [4] with modifier 0.
06-11 16:34:19.905 D/WindowManager(  617): interceptKeyBeforeQueueing 
06-11 16:34:19.905 D/WindowManager(  617): keyCode: 4 down: true isWakeKey: false deviceName: Virtual KeyCode: KEYCODE_BACK
06-11 16:34:19.905 I/IWediaGlobalKeysHelper(  617): No keys to Block
06-11 16:34:19.908 D/NavigtionSlippingUI( 1022): event.getKeyCode()=4
06-11 16:34:19.909 D/WindowManager(  617): interactive: true
06-11 16:34:19.910 D/WindowManager(  617): enter interceptKeyBeforeDispatching 1
06-11 16:34:19.911 I/IWediaGlobalKeysHelper(  617): No keys to Block
06-11 16:34:19.911 I/WindowManager(  617): cvteInterceptKeyBeforeDispatching Go in event =4
06-11 16:34:19.911 D/WindowManager(  617): enter cvteInterceptKeyBeforeDispatching onGlobalKeyEvent
06-11 16:34:19.912 D/Evan    ( 1022): onGlobalKeyEvent keycode=4
06-11 16:34:19.913 D/JioSettings( 2620): a : onReceive::action::com.iwedia.inactivtytimer.INACTIVITY_RESET
06-11 16:34:19.915 D/WindowManager(  617): onGlobalKeyEvent ret = false
06-11 16:34:19.915 D/WindowManager(  617): enter interceptKeyBeforeDispatching 3
06-11 16:34:19.916 D/GlobalKeyManager(  617): handleGlobalKey 4 KeyEvent { action=ACTION_DOWN, keyCode=KEYCODE_BACK, scanCode=0, metaState=0, flags=0x0, repeatCount=0, eventTime=17543836000000, downTime=17543836000000, deviceId=-1, source=0x101, displayId=-1 }
06-11 16:34:19.921 D/WindowManager(  617): interceptKeyBeforeQueueing 
06-11 16:34:19.921 D/WindowManager(  617): keyCode: 4 down: false isWakeKey: false deviceName: Virtual KeyCode: KEYCODE_BACK
06-11 16:34:19.921 I/IWediaGlobalKeysHelper(  617): No keys to Block
06-11 16:34:19.922 D/NavigtionSlippingUI( 1022): event.getKeyCode()=4
06-11 16:34:19.923 D/WindowManager(  617): interactive: true
06-11 16:34:19.924 D/AutofillManagerService(  617): onBackKeyPressed()
06-11 16:34:19.924 D/WindowManager(  617): enter interceptKeyBeforeDispatching 1
06-11 16:34:19.925 I/IWediaGlobalKeysHelper(  617): No keys to Block
06-11 16:34:19.925 I/WindowManager(  617): cvteInterceptKeyBeforeDispatching Go in event =4
06-11 16:34:19.925 D/WindowManager(  617): enter cvteInterceptKeyBeforeDispatching onGlobalKeyEvent
06-11 16:34:19.925 D/Evan    ( 1022): onGlobalKeyEvent keycode=4
06-11 16:34:19.926 D/JioSettings( 2620): a : onReceive::action::com.iwedia.inactivtytimer.INACTIVITY_RESET
06-11 16:34:19.927 D/WindowManager(  617): onGlobalKeyEvent ret = false
06-11 16:34:19.927 D/WindowManager(  617): enter interceptKeyBeforeDispatching 3
06-11 16:34:19.927 D/GlobalKeyManager(  617): handleGlobalKey 4 KeyEvent { action=ACTION_UP, keyCode=KEYCODE_BACK, scanCode=0, metaState=0, flags=0x0, repeatCount=0, eventTime=17543836000000, downTime=17543836000000, deviceId=-1, source=0x101, displayId=-1 }
06-11 16:34:19.929 V/InputMethodManagerService(  617): Calling com.android.server.inputmethod.IInputMethodInvoker@58e09c3.hideSoftInput(0, android.os.Binder@1eb6646, null) for reason: HIDE_MY_SOFT_INPUT
06-11 16:34:19.930 W/ContextImpl(  617): Calling a method in the system process without a qualified user: android.app.ContextImpl.sendBroadcast:1189 com.android.server.inputmethod.InputMethodManagerService.sendSoftInputVisibilityBroadcast:3723 com.android.server.inputmethod.InputMethodManagerService.hideCurrentInputLocked:3807 com.android.server.inputmethod.InputMethodManagerService.hideMySoftInput:4910 com.android.server.inputmethod.InputMethodManagerService.-$$Nest$mhideMySoftInput:0 
06-11 16:34:19.930 D/InputMethodManagerService(  617): sendBroadcast sendSoftInputVisibilityBroadcast 
06-11 16:34:19.930 D/InputMethodManagerService(  617): sendSoftInputVisibilityBroadcast(false) called to notify that soft input is hidden.
06-11 16:34:19.939 D/InputMethodManagerService(  617): IME window vis: 0 active: 0 inv: 0 displayId: 0
06-11 16:34:19.969 I/appium  (30369): AppiumResponse: {"sessionId":"cdc23416-aa89-4d76-bbe0-b2958cdbcf09","value":null}
06-11 16:34:19.972 D/JioSettings( 2620): r0 : nonInteractiveSleep: count::0::timeout::0
06-11 16:34:19.973 D/JioSettings( 2620): r0 : inactivity: count::1::timeout::480
06-11 16:34:19.979 D/JioSettings( 2620): r0 : startScheduler::isScreenOFF::false::isMusicInProgress::false::isDreaming::false
06-11 16:34:19.979 D/JioSettings( 2620): r0 : startScheduler::isInactivityReached::false::isInactivityOverlayShown::false
06-11 16:34:19.979 D/InputMethodManagerService(  617): --- calledFromForegroundUserOrSystemProcess ? calling uid = 10063 system uid = 1000 calling userId = 0, foreground user id = 0, calling pid = 0com.android.server.inputmethod.InputMethodManagerService.reportPerceptibleAsync(InputMethodManagerService.java:3660)
06-11 16:34:19.998 I/appium  (30369): channel read: POST /session/cdc23416-aa89-4d76-bbe0-b2958cdbcf09/element
06-11 16:34:19.999 I/appium  (30369): FindElement command
06-11 16:34:20.005 I/appium  (30369): method: 'xpath', selector: '//android.widget.ImageView[@resource-id='in.startv.hotstar:id/hero_img']'
06-11 16:34:20.006 I/appium  (30369): Waiting up to 10000ms for the device to idle
06-11 16:34:20.040 D/InputMethodManagerService(  617): --- calledFromForegroundUserOrSystemProcess ? calling uid = 10063 system uid = 1000 calling userId = 0, foreground user id = 0, calling pid = 0com.android.server.inputmethod.InputMethodManagerService.reportPerceptibleAsync(InputMethodManagerService.java:3660)
06-11 16:34:20.040 D/InputMethodManagerService(  617): IME window vis: 0 active: 0 inv: 0 displayId: 0
06-11 16:34:20.160 D/InputMethodManagerService(  617): --- calledFromForegroundUserOrSystemProcess ? calling uid = 10063 system uid = 1000 calling userId = 0, foreground user id = 0, calling pid = 30431com.android.server.inputmethod.InputMethodManagerService.hideSoftInput(InputMethodManagerService.java:3734)
06-11 16:34:20.160 V/InputMethodManagerService(  617): Client requesting input be hidden
06-11 16:34:20.173 D/MesonHwc(  281): freeSolidColorBufferLocked free -1
06-11 16:34:20.678 I/appium  (30369): The following attributes will be included to the page source: [resource-id]
06-11 16:34:20.725 D/BufferPoolAccessor2.0(30431): bufferpool2 0x758a89d8 : 0(0 size) total buffers - 0(0 size) used buffers - 2/7 (recycle/alloc) - 9/42 (fetch/transfer)
06-11 16:34:20.725 D/BufferPoolAccessor2.0(30431): bufferpool2 0x758a7498 : 0(0 size) total buffers - 0(0 size) used buffers - 2/7 (recycle/alloc) - 5/30 (fetch/transfer)
06-11 16:34:20.725 D/BufferPoolAccessor2.0(30431): bufferpool2 0x758a8618 : 0(0 size) total buffers - 0(0 size) used buffers - 2/7 (recycle/alloc) - 5/40 (fetch/transfer)
06-11 16:34:20.725 D/BufferPoolAccessor2.0(30431): evictor expired: 3, evicted: 3
06-11 16:34:20.730 D/BufferPoolAccessor2.0(  558): bufferpool2 0xad529318 : 0(0 size) total buffers - 0(0 size) used buffers - 15/19 (recycle/alloc) - 4/18 (fetch/transfer)
06-11 16:34:20.730 D/BufferPoolAccessor2.0(  558): bufferpool2 0xad529f98 : 0(0 size) total buffers - 0(0 size) used buffers - 15/18 (recycle/alloc) - 3/17 (fetch/transfer)
06-11 16:34:20.730 D/BufferPoolAccessor2.0(  558): evictor expired: 2, evicted: 2
06-11 16:34:20.794 E/ocessService1:0(25474): failed to create Unix domain socket: Operation not permitted
06-11 16:34:20.980 D/JioSettings( 2620): r0 : nonInteractiveSleep: count::0::timeout::0
06-11 16:34:20.980 D/JioSettings( 2620): r0 : inactivity: count::2::timeout::480
06-11 16:34:20.983 D/JioSettings( 2620): r0 : startScheduler::isScreenOFF::false::isMusicInProgress::false::isDreaming::false
06-11 16:34:20.983 D/JioSettings( 2620): r0 : startScheduler::isInactivityReached::false::isInactivityOverlayShown::false
06-11 16:34:21.053 I/appium  (30369): Took 0ms to retrieve 1 matches for '//android.widget.ImageView[@resource-id='in.startv.hotstar:id/hero_img']' XPath2 query
06-11 16:34:21.058 I/appium  (30369): AppiumResponse: {"sessionId":"cdc23416-aa89-4d76-bbe0-b2958cdbcf09","value":{"ELEMENT":"00000000-0000-0002-ffff-ffff0000011e","element-6066-11e4-a52e-4f735466cecf":"00000000-0000-0002-ffff-ffff0000011e"}}
06-11 16:34:21.101 I/appium  (30369): channel read: GET /session/cdc23416-aa89-4d76-bbe0-b2958cdbcf09/element/00000000-0000-0002-ffff-ffff0000011e/attribute/displayed
06-11 16:34:21.102 I/appium  (30369): GetElementAttribute command
06-11 16:34:21.112 I/appium  (30369): AppiumResponse: {"sessionId":"cdc23416-aa89-4d76-bbe0-b2958cdbcf09","value":"true"}
06-11 16:34:21.214 I/appium  (30369): channel read: POST /session/cdc23416-aa89-4d76-bbe0-b2958cdbcf09/element/00000000-0000-0002-ffff-ffff0000011e/click
06-11 16:34:21.215 I/appium  (30369): Click command
06-11 16:34:21.255 D/InputMethodManagerService(  617): --- calledFromForegroundUserOrSystemProcess ? calling uid = 10063 system uid = 1000 calling userId = 0, foreground user id = 0, calling pid = 30431com.android.server.inputmethod.InputMethodManagerService.hideSoftInput(InputMethodManagerService.java:3734)
06-11 16:34:21.255 V/InputMethodManagerService(  617): Client requesting input be hidden
06-11 16:34:21.260 V/InputMethodManagerService(  617): startInputOrWindowGainedFocusInternalLocked: reason=CHECK_FOCUS client=android.os.BinderProxy@f647cab inputContext=null attribute=android.view.inputmethod.EditorInfo@d3b2534 startInputFlags=VIEW_HAS_FOCUS|INITIAL_CONNECTION softInputMode=STATE_UNSPECIFIED|ADJUST_RESIZE windowFlags=#81810100 unverifiedTargetSdkVersion=34 imeDispatcher=android.window.ImeOnBackInvokedDispatcher@1bcdf5d
06-11 16:34:21.261 V/InputMethodManagerService(  617): Creating new accessibility sessions for client ClientState{fe08667 uid=10063 pid=30431 displayId=0}
06-11 16:34:21.267 W/GestureController(30369): Gestures took longer than expected (41ms >> 16ms), device might be in a busy state.
06-11 16:34:21.267 I/appium  (30369): Waiting up to 10000ms for the device to idle
06-11 16:34:21.653 E/WifiVendorHal(  617): getWifiLinkLayerStats_1_6_Internal(l.1199) failed {.code = ERROR_UNKNOWN, .description = unknown error}
06-11 16:34:21.984 D/JioSettings( 2620): r0 : nonInteractiveSleep: count::0::timeout::0
06-11 16:34:21.984 D/JioSettings( 2620): r0 : inactivity: count::3::timeout::480
06-11 16:34:21.987 D/JioSettings( 2620): r0 : startScheduler::isScreenOFF::false::isMusicInProgress::false::isDreaming::false
06-11 16:34:21.987 D/JioSettings( 2620): r0 : startScheduler::isInactivityReached::false::isInactivityOverlayShown::false
06-11 16:34:21.994 I/appium  (30369): AppiumResponse: {"sessionId":"cdc23416-aa89-4d76-bbe0-b2958cdbcf09","value":null}
06-11 16:34:22.016 I/appium  (30369): channel read: POST /session/cdc23416-aa89-4d76-bbe0-b2958cdbcf09/appium/device/press_keycode
06-11 16:34:22.017 I/appium  (30369): PressKeyCode command
06-11 16:34:22.017 I/appium  (30369): Calling PressKeyCode... 
06-11 16:34:22.020 D/UiDevice(30369): Pressing keycodes [66] with modifier 0.
06-11 16:34:22.041 D/WindowManager(  617): interceptKeyBeforeQueueing 
06-11 16:34:22.041 D/WindowManager(  617): keyCode: 66 down: true isWakeKey: false deviceName: Virtual KeyCode: KEYCODE_ENTER
06-11 16:34:22.041 I/IWediaGlobalKeysHelper(  617): No keys to Block
06-11 16:34:22.042 D/NavigtionSlippingUI( 1022): event.getKeyCode()=66
06-11 16:34:22.042 D/WindowManager(  617): interactive: true
06-11 16:34:22.043 D/WindowManager(  617): enter interceptKeyBeforeDispatching 1
06-11 16:34:22.044 I/IWediaGlobalKeysHelper(  617): No keys to Block
06-11 16:34:22.044 I/WindowManager(  617): cvteInterceptKeyBeforeDispatching Go in event =66
06-11 16:34:22.044 D/WindowManager(  617): enter cvteInterceptKeyBeforeDispatching onGlobalKeyEvent
06-11 16:34:22.046 D/JioSettings( 2620): a : onReceive::action::com.iwedia.inactivtytimer.INACTIVITY_RESET
06-11 16:34:22.046 D/Evan    ( 1022): onGlobalKeyEvent keycode=66
06-11 16:34:22.048 D/WindowManager(  617): onGlobalKeyEvent ret = false
06-11 16:34:22.048 D/WindowManager(  617): enter interceptKeyBeforeDispatching 3
06-11 16:34:22.049 D/GlobalKeyManager(  617): handleGlobalKey 66 KeyEvent { action=ACTION_DOWN, keyCode=KEYCODE_ENTER, scanCode=0, metaState=0, flags=0x0, repeatCount=0, eventTime=17545969000000, downTime=17545969000000, deviceId=-1, source=0x101, displayId=-1 }
06-11 16:34:22.054 D/WindowManager(  617): interceptKeyBeforeQueueing 
06-11 16:34:22.054 D/WindowManager(  617): keyCode: 66 down: false isWakeKey: false deviceName: Virtual KeyCode: KEYCODE_ENTER
06-11 16:34:22.055 I/IWediaGlobalKeysHelper(  617): No keys to Block
06-11 16:34:22.056 D/NavigtionSlippingUI( 1022): event.getKeyCode()=66
06-11 16:34:22.057 D/WindowManager(  617): interactive: true
06-11 16:34:22.058 D/WindowManager(  617): enter interceptKeyBeforeDispatching 1
06-11 16:34:22.058 I/IWediaGlobalKeysHelper(  617): No keys to Block
06-11 16:34:22.058 I/WindowManager(  617): cvteInterceptKeyBeforeDispatching Go in event =66
06-11 16:34:22.058 D/WindowManager(  617): enter cvteInterceptKeyBeforeDispatching onGlobalKeyEvent
06-11 16:34:22.059 D/JioSettings( 2620): a : onReceive::action::com.iwedia.inactivtytimer.INACTIVITY_RESET
06-11 16:34:22.059 D/Evan    ( 1022): onGlobalKeyEvent keycode=66
06-11 16:34:22.060 D/WindowManager(  617): onGlobalKeyEvent ret = false
06-11 16:34:22.060 D/WindowManager(  617): enter interceptKeyBeforeDispatching 3
06-11 16:34:22.061 D/GlobalKeyManager(  617): handleGlobalKey 66 KeyEvent { action=ACTION_UP, keyCode=KEYCODE_ENTER, scanCode=0, metaState=0, flags=0x0, repeatCount=0, eventTime=17545969000000, downTime=17545969000000, deviceId=-1, source=0x101, displayId=-1 }
06-11 16:34:22.078 I/appium  (30369): AppiumResponse: {"sessionId":"cdc23416-aa89-4d76-bbe0-b2958cdbcf09","value":null}
06-11 16:34:22.614 D/InputMethodManagerService(  617): --- calledFromForegroundUserOrSystemProcess ? calling uid = 10063 system uid = 1000 calling userId = 0, foreground user id = 0, calling pid = 30431com.android.server.inputmethod.InputMethodManagerService.hideSoftInput(InputMethodManagerService.java:3734)
06-11 16:34:22.614 V/InputMethodManagerService(  617): Client requesting input be hidden
06-11 16:34:22.719 V/InputMethodManagerService(  617): startInputOrWindowGainedFocusInternalLocked: reason=CHECK_FOCUS client=android.os.BinderProxy@f647cab inputContext=com.android.internal.view.IInputContext$Stub$Proxy@8ed1459 attribute=android.view.inputmethod.EditorInfo@efaf81e startInputFlags=VIEW_HAS_FOCUS|IS_TEXT_EDITOR|INITIAL_CONNECTION softInputMode=STATE_UNSPECIFIED|ADJUST_RESIZE windowFlags=#81810100 unverifiedTargetSdkVersion=34 imeDispatcher=android.window.ImeOnBackInvokedDispatcher@da8f8ff
06-11 16:34:22.720 W/InputMethodManagerService(  617): Window already focused, ignoring focus gain of: com.android.internal.view.IInputMethodClient$Stub$Proxy@109e6cc attribute=android.view.inputmethod.EditorInfo@efaf81e, token = android.os.BinderProxy@c3763b4, startInputReason=CHECK_FOCUS
06-11 16:34:22.720 V/InputMethodManagerService(  617): Creating new accessibility sessions for client ClientState{fe08667 uid=10063 pid=30431 displayId=0}
06-11 16:34:22.722 D/InputMethodManagerService(  617): --- calledFromForegroundUserOrSystemProcess ? calling uid = 10063 system uid = 1000 calling userId = 0, foreground user id = 0, calling pid = 30431com.android.server.inputmethod.InputMethodManagerService.hideSoftInput(InputMethodManagerService.java:3734)
06-11 16:34:22.722 V/InputMethodManagerService(  617): Client requesting input be hidden
06-11 16:34:22.725 D/InputMethodManagerService(  617): --- calledFromForegroundUserOrSystemProcess ? calling uid = 10063 system uid = 1000 calling userId = 0, foreground user id = 0, calling pid = 30431com.android.server.inputmethod.InputMethodManagerService.hideSoftInput(InputMethodManagerService.java:3734)
06-11 16:34:22.725 V/InputMethodManagerService(  617): Client requesting input be hidden
06-11 16:34:22.730 D/InputMethodManagerService(  617): --- calledFromForegroundUserOrSystemProcess ? calling uid = 10063 system uid = 1000 calling userId = 0, foreground user id = 0, calling pid = 30431com.android.server.inputmethod.InputMethodManagerService.hideSoftInput(InputMethodManagerService.java:3734)
06-11 16:34:22.730 V/InputMethodManagerService(  617): Client requesting input be hidden
06-11 16:34:22.758 D/InputMethodManagerService(  617): --- calledFromForegroundUserOrSystemProcess ? calling uid = 10063 system uid = 1000 calling userId = 0, foreground user id = 0, calling pid = 30431com.android.server.inputmethod.InputMethodManagerService.hideSoftInput(InputMethodManagerService.java:3734)
06-11 16:34:22.758 V/InputMethodManagerService(  617): Client requesting input be hidden
06-11 16:34:22.794 E/ocessService1:0(25474): failed to create Unix domain socket: Operation not permitted
06-11 16:34:22.988 D/JioSettings( 2620): r0 : nonInteractiveSleep: count::0::timeout::0
06-11 16:34:22.988 D/JioSettings( 2620): r0 : inactivity: count::1::timeout::480
06-11 16:34:22.994 D/JioSettings( 2620): r0 : startScheduler::isScreenOFF::false::isMusicInProgress::false::isDreaming::false
06-11 16:34:22.994 D/JioSettings( 2620): r0 : startScheduler::isInactivityReached::false::isInactivityOverlayShown::false
06-11 16:34:23.018 I/.startv.hotstar(30431): Background concurrent copying GC freed 50718(2678KB) AllocSpace objects, 60(1304KB) LOS objects, 18% free, 18MB/22MB, paused 283us,175us total 370.331ms
06-11 16:34:23.291 V/InputMethodManagerService(  617): startInputOrWindowGainedFocusInternalLocked: reason=CHECK_FOCUS client=android.os.BinderProxy@f647cab inputContext=null attribute=android.view.inputmethod.EditorInfo@ada782a startInputFlags=VIEW_HAS_FOCUS|INITIAL_CONNECTION softInputMode=STATE_UNSPECIFIED|ADJUST_RESIZE windowFlags=#81810100 unverifiedTargetSdkVersion=34 imeDispatcher=android.window.ImeOnBackInvokedDispatcher@a1e261b
06-11 16:34:23.291 V/InputMethodManagerService(  617): Creating new accessibility sessions for client ClientState{fe08667 uid=10063 pid=30431 displayId=0}
06-11 16:34:23.839 I/thermal2(  444): Sending notification:  Type: CPU Name: soc_thermal CurrentValue: 66.5 ThrottlingStatus: LIGHT
06-11 16:34:23.995 D/JioSettings( 2620): r0 : nonInteractiveSleep: count::0::timeout::0
06-11 16:34:23.995 D/JioSettings( 2620): r0 : inactivity: count::2::timeout::480
06-11 16:34:23.998 I/.startv.hotstar(30431): Background young concurrent copying GC freed 47238(3055KB) AllocSpace objects, 48(1308KB) LOS objects, 18% free, 17MB/21MB, paused 2.778ms,150us total 119.299ms
06-11 16:34:23.999 D/JioSettings( 2620): r0 : startScheduler::isScreenOFF::false::isMusicInProgress::false::isDreaming::false
06-11 16:34:23.999 D/JioSettings( 2620): r0 : startScheduler::isInactivityReached::false::isInactivityOverlayShown::false
06-11 16:34:24.365 D/DefaultRenderersFactory(30431): Building video renderers, extensionRendererMode 0
06-11 16:34:24.398 I/audio_hw_primary(  426): audiohal_get_latency  stream:0xa8f55000 frames:3072 out->config.rate:48000 whole_latency:64, alsa_latency:64, 
06-11 16:34:24.403 I/ExoPlayerImpl(30431): Init bf4cfda [ExoPlayerLib/2.16.1] [2KTV, JSTV210, Jio, 33]
06-11 16:34:24.441 I/MediaFocusControl(  617): requestAudioFocus() from uid/pid 10063/30431 AA=USAGE_MEDIA/CONTENT_TYPE_MOVIE clientId=android.media.AudioManager@ffb203dg2.b$a@ded8032 callingPack=in.startv.hotstar req=1 flags=0x0 sdk=34
06-11 16:34:24.442 I/AudioService.FadeOutManager(  617): unfadeOutUid() uid:10063
06-11 16:34:24.449 I/DrmUtils(30431): found IDrmFactory. Instance name:[android.hardware.drm.IDrmFactory/clearkey]
06-11 16:34:24.450 I/DrmUtils(30431): found IDrmFactory. Instance name:[android.hardware.drm.IDrmFactory/verimatrix]
