06-11 21:14:47.854 I/DrmUtils(13574): found android.hardware.drm@1.2::IDrmFactory verimatrix
06-11 21:14:47.857 I/DrmUtils(13574): found android.hardware.drm@1.2::IDrmFactory widevine
06-11 21:14:47.860 I/DrmUtils(13574): found android.hardware.drm@1.2::IDrmFactory youtube
06-11 21:14:47.863 D/stbdpc  (  397): STB_DPGetNumPaths[570]: num_paths: 1
06-11 21:14:47.863 I/DrmUtils(13574): found android.hardware.drm@1.3::IDrmFactory clearkey
06-11 21:14:47.868 I/DrmUtils(13574): found android.hardware.drm@1.3::IDrmFactory verimatrix
06-11 21:14:47.870 I/DrmUtils(13574): found android.hardware.drm@1.3::IDrmFactory widevine
06-11 21:14:47.872 I/DrmUtils(13574): found android.hardware.drm@1.3::IDrmFactory youtube
06-11 21:14:47.872 W/android.hardware.drm@1.3-service.youtube(  355): isCryptoSchemeSupported, false
06-11 21:14:47.873 E/Verimatrix DRMFactory(  353): ::isCryptoSchemeSupported
06-11 21:14:47.873 E/UUID    (  353): ::isVerimatrixUUID
06-11 21:14:47.873 E/UUID    (  353): 0xe2 
06-11 21:14:47.873 E/UUID    (  353): 0x71 
06-11 21:14:47.873 E/UUID    (  353): 0x9d 
06-11 21:14:47.873 E/UUID    (  353): 0x58 
06-11 21:14:47.873 E/UUID    (  353): 0xa9 
06-11 21:14:47.873 E/UUID    (  353): 0x85 
06-11 21:14:47.873 E/UUID    (  353): 0xb3 
06-11 21:14:47.873 E/UUID    (  353): 0xc9 
06-11 21:14:47.873 E/UUID    (  353): 0x78 
06-11 21:14:47.873 E/UUID    (  353): 0x1a 
06-11 21:14:47.873 E/UUID    (  353): 0xb0 
06-11 21:14:47.873 E/UUID    (  353): 0x30 
06-11 21:14:47.873 E/UUID    (  353): 0xaf 
06-11 21:14:47.873 E/UUID    (  353): 0x78 
06-11 21:14:47.873 E/UUID    (  353): 0xd3 
06-11 21:14:47.873 E/UUID    (  353): 0x0e 
06-11 21:14:47.874 D/hidl_ClearKeySessionLibrary(  352): Instantiating Session Library Singleton.
06-11 21:14:47.936 D/JioLauncher( 1773): overlay status check for wifi and bt remote false false
06-11 21:14:47.940 D/Match code1( 1439): 2
06-11 21:14:47.940 D/JIO_TR069-( 1439): Predefined List [com.jio.stb.catv, com.rjil.jiostbsetting, com.iwedia.ui.rjio.launcher.reliance, com.jio.stb.hotellauncher, com.jio.media.oberoi, com.jio.ott]
06-11 21:14:47.944 D/JIO_TR069-( 1439): Caller Package com.iwedia.ui.rjio.launcher.reliance
06-11 21:14:47.944 D/JIO_TR069-( 1439): White Listed Apps []
06-11 21:14:47.944 D/JIO_TR069-( 1439): Final White Listed Apps [com.jio.stb.catv, com.rjil.jiostbsetting, com.iwedia.ui.rjio.launcher.reliance, com.jio.stb.hotellauncher, com.jio.media.oberoi, com.jio.ott, ]
06-11 21:14:47.952 D/JioLauncher( 1773): network-type-------NonJioNetwork
06-11 21:14:47.953 I/lowmemorykiller(  231): medium memory pressure event is triggered for new strategy
06-11 21:14:47.953 D/lowmemorykiller(  231): LMKD mp_event_psi kill_reasons available are PRESSURE_AFTER_KILL, NOT_RESPONDING, LOW_SWAP_AND_THRASHING, LOW_MEM_AND_SWAP, LOW_MEM_AND_THRASHING, DIRECT_RECL_AND_THRASHING
06-11 21:14:47.953 D/lowmemorykiller(  231): LMKD mp_event_psi kill_reason received= -1
06-11 21:14:47.959 I/VDA     (  474): [0] "ServiceDeviceTask(): buffer counts: IN[92,92], OUT[69,68,68] DEC[0->0] => DEVICE[3+0/3->0+1/14] => CLIENT[11]\n"
06-11 21:14:47.963 D/JioLauncher( 1773): live-tv-previousIp-[/fe80::1%wlan0, /192.168.1.1]-newHost-[/fe80::1%wlan0, /192.168.1.1]
06-11 21:14:47.963 D/stbdpc  (  397): STB_DPGetNumPaths[570]: num_paths: 1
06-11 21:14:47.990 W/AudioCapabilities(13574): Unsupported mime audio/dtshd
06-11 21:14:47.990 W/AudioCapabilities(13574): Unsupported mime audio/ffmpeg
06-11 21:14:47.990 W/AudioCapabilities(13574): Unsupported mime audio/mpeg-L2
06-11 21:14:47.990 W/VideoCapabilities(13574): Unsupported mime video/x-vnd.on2.vp6a
06-11 21:14:47.991 W/VideoCapabilities(13574): Unsupported mime video/x-vnd.on2.vp6f
06-11 21:14:47.994 D/NU-AmNuPlayerRenderer(  465): mMs12Enabled:0, mAudioDelay:0, nowMediaUs:2338939, mFormat:0x1, mSampleRate:48000
06-11 21:14:47.997 W/VideoCapabilities(13574): Unsupported mime video/avs
06-11 21:14:47.999 W/VideoCapabilities(13574): Unsupported mime video/avs2
06-11 21:14:48.002 W/VideoCapabilities(13574): Unsupported mime video/x-motion-jpeg
06-11 21:14:48.003 W/VideoCapabilities(13574): Unrecognized profile/level 0/3 for video/mpeg2
06-11 21:14:48.003 I/VideoCapabilities(13574): Unsupported profile 2 for video/mpeg2
06-11 21:14:48.003 I/VideoCapabilities(13574): Unsupported profile 3 for video/mpeg2
06-11 21:14:48.003 I/VideoCapabilities(13574): Unsupported profile 4 for video/mpeg2
06-11 21:14:48.003 I/VideoCapabilities(13574): Unsupported profile 5 for video/mpeg2
06-11 21:14:48.005 W/VideoCapabilities(13574): Unrecognized profile/level 0/3 for video/mpeg2
06-11 21:14:48.005 I/VideoCapabilities(13574): Unsupported profile 2 for video/mpeg2
06-11 21:14:48.005 I/VideoCapabilities(13574): Unsupported profile 3 for video/mpeg2
06-11 21:14:48.005 I/VideoCapabilities(13574): Unsupported profile 4 for video/mpeg2
06-11 21:14:48.005 I/VideoCapabilities(13574): Unsupported profile 5 for video/mpeg2
06-11 21:14:48.006 I/VideoCapabilities(13574): Unsupported profile 2 for video/mp4v-es
06-11 21:14:48.006 I/VideoCapabilities(13574): Unsupported profile 4 for video/mp4v-es
06-11 21:14:48.006 I/VideoCapabilities(13574): Unsupported profile 8 for video/mp4v-es
06-11 21:14:48.006 I/VideoCapabilities(13574): Unsupported profile 16 for video/mp4v-es
06-11 21:14:48.007 I/VideoCapabilities(13574): Unsupported profile 32 for video/mp4v-es
06-11 21:14:48.007 I/VideoCapabilities(13574): Unsupported profile 64 for video/mp4v-es
06-11 21:14:48.007 I/VideoCapabilities(13574): Unsupported profile 128 for video/mp4v-es
06-11 21:14:48.007 I/VideoCapabilities(13574): Unsupported profile 256 for video/mp4v-es
06-11 21:14:48.007 I/VideoCapabilities(13574): Unsupported profile 512 for video/mp4v-es
06-11 21:14:48.007 I/VideoCapabilities(13574): Unsupported profile 1024 for video/mp4v-es
06-11 21:14:48.007 I/VideoCapabilities(13574): Unsupported profile 2048 for video/mp4v-es
06-11 21:14:48.007 I/VideoCapabilities(13574): Unsupported profile 4096 for video/mp4v-es
06-11 21:14:48.007 I/VideoCapabilities(13574): Unsupported profile 8192 for video/mp4v-es
06-11 21:14:48.007 I/VideoCapabilities(13574): Unsupported profile 16384 for video/mp4v-es
06-11 21:14:48.014 W/VideoCapabilities(13574): Unsupported mime video/rm10
06-11 21:14:48.014 D/NU-AmNuPlayerRenderer(  465): mMs12Enabled:0, mAudioDelay:0, nowMediaUs:2359040, mFormat:0x1, mSampleRate:48000
06-11 21:14:48.015 W/VideoCapabilities(13574): Unsupported mime video/rm20
06-11 21:14:48.021 W/VideoCapabilities(13574): Unsupported mime video/rm30
06-11 21:14:48.025 W/VideoCapabilities(13574): Unsupported mime video/rm40
06-11 21:14:48.026 W/VideoCapabilities(13574): Unsupported mime video/vc1
06-11 21:14:48.026 W/Utils   (13574): could not parse long range '1-'
06-11 21:14:48.027 W/VideoCapabilities(13574): Unrecognized level 16 for video/x-vnd.on2.vp8
06-11 21:14:48.027 W/VideoCapabilities(13574): Unrecognized level 32 for video/x-vnd.on2.vp8
06-11 21:14:48.027 W/VideoCapabilities(13574): Unrecognized level 64 for video/x-vnd.on2.vp8
06-11 21:14:48.027 W/VideoCapabilities(13574): Unrecognized level 128 for video/x-vnd.on2.vp8
06-11 21:14:48.027 W/VideoCapabilities(13574): Unrecognized level 256 for video/x-vnd.on2.vp8
06-11 21:14:48.027 W/VideoCapabilities(13574): Unrecognized level 512 for video/x-vnd.on2.vp8
06-11 21:14:48.027 W/VideoCapabilities(13574): Unrecognized level 1024 for video/x-vnd.on2.vp8
06-11 21:14:48.027 W/VideoCapabilities(13574): Unrecognized level 2048 for video/x-vnd.on2.vp8
06-11 21:14:48.027 W/VideoCapabilities(13574): Unrecognized level 4096 for video/x-vnd.on2.vp8
06-11 21:14:48.027 W/VideoCapabilities(13574): Unrecognized level 8192 for video/x-vnd.on2.vp8
06-11 21:14:48.027 W/VideoCapabilities(13574): Unrecognized level 16384 for video/x-vnd.on2.vp8
06-11 21:14:48.027 W/VideoCapabilities(13574): Unrecognized level 32768 for video/x-vnd.on2.vp8
06-11 21:14:48.029 W/VideoCapabilities(13574): Unsupported mime video/wmv3
06-11 21:14:48.030 W/VideoCapabilities(13574): Unsupported mime video/wmv1
06-11 21:14:48.034 W/VideoCapabilities(13574): Unsupported mime video/wmv2
06-11 21:14:48.035 W/VideoCapabilities(13574): Unsupported mime video/wvc1
06-11 21:14:48.035 W/Utils   (13574): could not parse long range '1-'
06-11 21:14:48.036 W/VideoCapabilities(13574): Unsupported profile 4 for video/avc
06-11 21:14:48.053 I/lowmemorykiller(  231): medium memory pressure event is triggered for new strategy
06-11 21:14:48.059 D/rtk_heartbeat(  349): heartbeat_timed_out: heartbeatCmdCount = 2498, expected nextSeqNum = 2498
06-11 21:14:48.061 D/rtk_heartbeat(  349): rtkbt_heartbeat_cmpl_cback: Current SeqNum = 2498,should SeqNum=2498, status = 0
06-11 21:14:48.063 D/stbdpc  (  397): STB_DPGetNumPaths[570]: num_paths: 1
06-11 21:14:48.066 I/WVCdm   (  354): [cdm_engine.cpp(573):QueryStatus] Querying status
06-11 21:14:48.066 I/WVCdm   (  354): [cdm_engine.cpp(573):QueryStatus] Querying status
06-11 21:14:48.075 D/JioStbInactivityTimer(  926): Timer: count 98 warningTimeout:10680 timeout:10800
06-11 21:14:48.076 D/JioStbInactivityTimer(  926): isUserActive: Curr:2419842 Prev:2419842
06-11 21:14:48.085 D/ProfileInstaller(15598): Installing profile for com.epic.docubay
06-11 21:14:48.153 I/lowmemorykiller(  231): medium memory pressure event is triggered for new strategy
06-11 21:14:48.154 D/lowmemorykiller(  231): LMKD mp_event_psi kill_reasons available are PRESSURE_AFTER_KILL, NOT_RESPONDING, LOW_SWAP_AND_THRASHING, LOW_MEM_AND_SWAP, LOW_MEM_AND_THRASHING, DIRECT_RECL_AND_THRASHING
06-11 21:14:48.154 D/lowmemorykiller(  231): LMKD mp_event_psi kill_reason received= -1
06-11 21:14:48.163 D/stbdpc  (  397): STB_DPGetNumPaths[570]: num_paths: 1
06-11 21:14:48.248 I/System.out(15306): movie--111-preview
06-11 21:14:48.248 I/System.out(15306): movie--123coverposterimage
06-11 21:14:48.248 I/System.out(15306): movie--123coverposterimage
06-11 21:14:48.254 I/lowmemorykiller(  231): medium memory pressure event is triggered for new strategy
06-11 21:14:48.254 D/lowmemorykiller(  231): LMKD mp_event_psi kill_reasons available are PRESSURE_AFTER_KILL, NOT_RESPONDING, LOW_SWAP_AND_THRASHING, LOW_MEM_AND_SWAP, LOW_MEM_AND_THRASHING, DIRECT_RECL_AND_THRASHING
06-11 21:14:48.254 D/lowmemorykiller(  231): LMKD mp_event_psi kill_reason received= -1
06-11 21:14:48.261 I/System.out(15306): movie--111-preview
06-11 21:14:48.261 I/System.out(15306): movie--123coverposterimage
06-11 21:14:48.261 I/System.out(15306): movie--123coverposterimage
06-11 21:14:48.263 D/stbdpc  (  397): STB_DPGetNumPaths[570]: num_paths: 1
06-11 21:14:48.266 I/System.out(15306): movie--111-coverposterimage
06-11 21:14:48.266 I/System.out(15306): movie--123coverposterimage
06-11 21:14:48.266 I/System.out(15306): movie--123coverposterimage
06-11 21:14:48.271 D/NU-AmNuPlayerRenderer(  465): mMs12Enabled:0, mAudioDelay:0, nowMediaUs:2616237, mFormat:0x1, mSampleRate:48000
06-11 21:14:48.273 I/System.out(15306): movie--111-coverposterimage
06-11 21:14:48.273 I/System.out(15306): movie--123coverposterimage
06-11 21:14:48.273 I/System.out(15306): movie--123coverposterimage
06-11 21:14:48.298 D/dvb_iptv(  397): ReadEmmNetworkTask[1537]: EMM Select Timeout Occured 17
06-11 21:14:48.309 I/System.out(15306): movie--111-thumbnail
06-11 21:14:48.309 I/System.out(15306): movie--123coverposterimage
06-11 21:14:48.309 I/System.out(15306): movie--123coverposterimage
06-11 21:14:48.313 I/System.out(15306): movie--111-thumbnail
06-11 21:14:48.313 I/System.out(15306): movie--123coverposterimage
06-11 21:14:48.314 I/System.out(15306): movie--123coverposterimage
06-11 21:14:48.318 E/WifiVendorHal(  633): getWifiLinkLayerStats_1_3_Internal(l.973) failed {.code = ERROR_UNKNOWN, .description = unknown error}
06-11 21:14:48.325 I/System.out(15306): movie--111-squareimage
06-11 21:14:48.326 I/System.out(15306): movie--123coverposterimage
06-11 21:14:48.326 I/System.out(15306): movie--123coverposterimage
06-11 21:14:48.330 I/System.out(15306): movie--111-squareimage
06-11 21:14:48.330 I/System.out(15306): movie--123coverposterimage
06-11 21:14:48.331 I/System.out(15306): movie--123coverposterimage
06-11 21:14:48.335 I/System.out(15306): movie--111-coverposter
06-11 21:14:48.335 I/System.out(15306): movie--123coverposterimage
06-11 21:14:48.335 I/System.out(15306): movie--123coverposterimage
06-11 21:14:48.340 I/System.out(15306): movie--111-coverposter
06-11 21:14:48.340 I/System.out(15306): movie--123coverposterimage
06-11 21:14:48.341 I/System.out(15306): movie--123coverposterimage
06-11 21:14:48.345 E/NU-GenericSource(  465): hasBufferAvailable return -1011
06-11 21:14:48.345 E/NU-GenericSource(  465): hasBufferAvailable return -1011
06-11 21:14:48.347 D/VideoDecWraper(  474): flush
06-11 21:14:48.347 I/AmVideoDec(  474): [0] "flush\n"
06-11 21:14:48.348 I/VDA     (  474): [0] "Flush"
06-11 21:14:48.348 I/VDA     (  474): [0] "FlushTask"
06-11 21:14:48.348 I/VDA     (  474): [0] "FlushTask NotifyFlushDoneIfNeeded"
06-11 21:14:48.348 I/VDA     (  474): [0] "AppendToInputFrame size 0 return\n"
06-11 21:14:48.348 I/VDA     (  474): [0] "flush id\n"
06-11 21:14:48.348 I/chatty  (  474): uid=1046(mediacodec) V4L2DecoderThre identical 2 lines
06-11 21:14:48.349 I/VDA     (  474): [0] "flush id\n"
06-11 21:14:48.349 I/VDA     (  474): [0] "SendDecoderCmdStop"
06-11 21:14:48.351 I/System.out(15306): movie--111-thumbnailimage
06-11 21:14:48.351 I/System.out(15306): movie--123coverposterimage
06-11 21:14:48.351 I/System.out(15306): movie--123coverposterimage
06-11 21:14:48.354 I/lowmemorykiller(  231): medium memory pressure event is triggered for new strategy
06-11 21:14:48.355 D/lowmemorykiller(  231): LMKD mp_event_psi kill_reasons available are PRESSURE_AFTER_KILL, NOT_RESPONDING, LOW_SWAP_AND_THRASHING, LOW_MEM_AND_SWAP, LOW_MEM_AND_THRASHING, DIRECT_RECL_AND_THRASHING
06-11 21:14:48.355 D/lowmemorykiller(  231): LMKD mp_event_psi kill_reason received= -1
06-11 21:14:48.360 I/System.out(15306): movie--111-thumbnailimage
06-11 21:14:48.360 I/System.out(15306): movie--123coverposterimage
06-11 21:14:48.361 I/System.out(15306): movie--123coverposterimage
06-11 21:14:48.364 D/stbdpc  (  397): STB_DPGetNumPaths[570]: num_paths: 1
06-11 21:14:48.366 I/System.out(15306): movie--111-contenttitleimage
06-11 21:14:48.367 I/System.out(15306): movie--123coverposterimage
06-11 21:14:48.367 I/System.out(15306): movie--123coverposterimage
06-11 21:14:48.371 I/System.out(15306): movie--111-contenttitleimage
06-11 21:14:48.371 I/System.out(15306): movie--123coverposterimage
06-11 21:14:48.371 I/System.out(15306): movie--123coverposterimage
06-11 21:14:48.395 I/VDA     (  474): [0] "ServiceDeviceTask(): buffer counts: IN[101,101], OUT[80,80,80] DEC[0->0] => DEVICE[3+0/3->0+0/14] => CLIENT[12]\n"
06-11 21:14:48.420 I/chatty  (  474): uid=1046(mediacodec) V4L2DecoderThre identical 15 lines
06-11 21:14:48.421 I/VDA     (  474): [0] "ServiceDeviceTask(): buffer counts: IN[101,101], OUT[80,80,80] DEC[0->0] => DEVICE[3+0/3->0+0/14] => CLIENT[12]\n"
06-11 21:14:48.423 I/VDA     (  474): [0] "ServiceDeviceTask(): buffer counts: IN[101,101], OUT[81,80,80] DEC[0->0] => DEVICE[3+0/3->0+1/14] => CLIENT[11]\n"
06-11 21:14:48.455 I/lowmemorykiller(  231): medium memory pressure event is triggered for new strategy
06-11 21:14:48.455 D/lowmemorykiller(  231): LMKD mp_event_psi kill_reasons available are PRESSURE_AFTER_KILL, NOT_RESPONDING, LOW_SWAP_AND_THRASHING, LOW_MEM_AND_SWAP, LOW_MEM_AND_THRASHING, DIRECT_RECL_AND_THRASHING
06-11 21:14:48.455 D/lowmemorykiller(  231): LMKD mp_event_psi kill_reason received= -1
06-11 21:14:48.464 D/stbdpc  (  397): STB_DPGetNumPaths[570]: num_paths: 1
06-11 21:14:48.542 D/NU-AmNuPlayerRenderer(  465): mMs12Enabled:0, mAudioDelay:0, nowMediaUs:2886367, mFormat:0x1, mSampleRate:48000
06-11 21:14:48.551 I/VDA     (  474): [0] "ServiceDeviceTask(): buffer counts: IN[101,101], OUT[84,84,84] DEC[0->0] => DEVICE[3+0/3->0+0/14] => CLIENT[12]\n"
06-11 21:14:48.555 I/chatty  (  474): uid=1046(mediacodec) V4L2DecoderThre identical 1 line
06-11 21:14:48.563 I/VDA     (  474): [0] "ServiceDeviceTask(): buffer counts: IN[101,101], OUT[84,84,84] DEC[0->0] => DEVICE[3+0/3->0+0/14] => CLIENT[12]\n"
06-11 21:14:48.564 D/stbdpc  (  397): STB_DPGetNumPaths[570]: num_paths: 1
06-11 21:14:48.564 I/VDA     (  474): [0] "ServiceDeviceTask(): buffer counts: IN[101,101], OUT[84,84,84] DEC[0->0] => DEVICE[3+0/3->0+0/14] => CLIENT[12]\n"
06-11 21:14:48.585 I/chatty  (  474): uid=1046(mediacodec) V4L2DecoderThre identical 12 lines
06-11 21:14:48.586 I/VDA     (  474): [0] "ServiceDeviceTask(): buffer counts: IN[101,101], OUT[84,84,84] DEC[0->0] => DEVICE[3+0/3->0+0/14] => CLIENT[12]\n"
06-11 21:14:48.664 D/stbdpc  (  397): STB_DPGetNumPaths[570]: num_paths: 1
06-11 21:14:48.676 D/ltts_ip_emm(  397): LTTS_IP_DMXStartEMM[381]: parse_emm_cat_status failed
06-11 21:14:48.764 D/stbdpc  (  397): STB_DPGetNumPaths[570]: num_paths: 1
06-11 21:14:48.798 D/dvb_iptv(  397): ReadEmmNetworkTask[1537]: EMM Select Timeout Occured 18
06-11 21:14:48.810 D/NU-AmNuPlayerRenderer(  465): mMs12Enabled:0, mAudioDelay:0, nowMediaUs:3154474, mFormat:0x1, mSampleRate:48000
06-11 21:14:48.864 D/stbdpc  (  397): STB_DPGetNumPaths[570]: num_paths: 1
06-11 21:14:48.965 D/stbdpc  (  397): STB_DPGetNumPaths[570]: num_paths: 1
06-11 21:14:49.059 D/rtk_heartbeat(  349): heartbeat_timed_out: heartbeatCmdCount = 2499, expected nextSeqNum = 2499
06-11 21:14:49.061 D/rtk_heartbeat(  349): rtkbt_heartbeat_cmpl_cback: Current SeqNum = 2499,should SeqNum=2499, status = 0
06-11 21:14:49.065 D/stbdpc  (  397): STB_DPGetNumPaths[570]: num_paths: 1
06-11 21:14:49.075 D/JioStbInactivityTimer(  926): Timer: count 99 warningTimeout:10680 timeout:10800
06-11 21:14:49.075 D/JioStbInactivityTimer(  926): isUserActive: Curr:2419842 Prev:2419842
06-11 21:14:49.081 E/BufferQueueProducer(  393): [Toast#0](id:18900000047,api:0,p:-1,c:393) disconnect: not connected (req=1)
06-11 21:14:49.081 W/libEGL  (  786): EGLNativeWindowType 0xf4585808 disconnect failed
06-11 21:14:49.083 V/DigitalSignage(  633): Package Name: null
06-11 21:14:49.083 V/DigitalSignage(  633): Left: 0
06-11 21:14:49.083 V/DigitalSignage(  633): Right: 0
06-11 21:14:49.083 V/DigitalSignage(  633): Top: 0
06-11 21:14:49.083 V/DigitalSignage(  633): Bottom: 0
06-11 21:14:49.083 D/DigitalSignage(  633): else - Package Name :: null left : 0 right :: 0 top :: 0 bottom :: 0 dfu-right :: 1920 dfu-bottom :: 1080
06-11 21:14:49.083 V/DigitalSignage(  633): Package Name: null
06-11 21:14:49.083 V/DigitalSignage(  633): Left: 0
06-11 21:14:49.083 V/DigitalSignage(  633): Right: 0
06-11 21:14:49.083 V/DigitalSignage(  633): Top: 0
06-11 21:14:49.083 V/DigitalSignage(  633): Bottom: 0
06-11 21:14:49.085 D/NU-AmNuPlayerRenderer(  465): mMs12Enabled:0, mAudioDelay:0, nowMediaUs:3429528, mFormat:0x1, mSampleRate:48000
06-11 21:14:49.085 D/DigitalSignage(  633): else - Package Name :: null left : 0 right :: 0 top :: 0 bottom :: 0 dfu-right :: 1920 dfu-bottom :: 1080
06-11 21:14:49.089 E/NU-GenericSource(  465): hasBufferAvailable return -1011
06-11 21:14:49.090 E/NU-GenericSource(  465): hasBufferAvailable return -1011
06-11 21:14:49.090 D/CCodecBufferChannel(  465): [c2.android.aac.decoder#974] buffers after EOS ignored (0 us)
06-11 21:14:49.090 E/NU-GenericSource(  465): hasBufferAvailable return -1011
06-11 21:14:49.090 D/CCodecBufferChannel(  465): [c2.android.aac.decoder#974] buffers after EOS ignored (0 us)
06-11 21:14:49.091 E/NU-GenericSource(  465): hasBufferAvailable return -1011
06-11 21:14:49.091 D/CCodecBufferChannel(  465): [c2.android.aac.decoder#974] buffers after EOS ignored (0 us)
06-11 21:14:49.092 V/DigitalSignage(  633): Package Name: null
06-11 21:14:49.092 V/DigitalSignage(  633): Left: 0
06-11 21:14:49.092 V/DigitalSignage(  633): Right: 0
06-11 21:14:49.092 V/DigitalSignage(  633): Top: 0
06-11 21:14:49.092 V/DigitalSignage(  633): Bottom: 0
06-11 21:14:49.092 D/DigitalSignage(  633): else - Package Name :: null left : 0 right :: 0 top :: 0 bottom :: 0 dfu-right :: 1920 dfu-bottom :: 1080
06-11 21:14:49.092 I/NU-AmNuPlayerDecoder(  465): [audio] saw output EOS
06-11 21:14:49.093 I/NU-AmNuPlayerRenderer(  465): audio have queued eos, no need to check buffer discontinue
06-11 21:14:49.093 D/AudioTrack(  465): stop(48): called with 193920 frames delivered
06-11 21:14:49.099 I/android.hardware.power-service.libperfmgr(  366): Power setBoost: INTERACTION duration: 0
06-11 21:14:49.099 I/libperfmgr(  366): Do Powerhint: INTERACTION
06-11 21:14:49.105 W/NotificationService(  633): Toast already killed. pkg=com.zee5.aosp token=android.os.BinderProxy@e04adfd
06-11 21:14:49.133 V/DigitalSignage(  633): Package Name: null
06-11 21:14:49.133 V/DigitalSignage(  633): Left: 0
06-11 21:14:49.133 V/DigitalSignage(  633): Right: 0
06-11 21:14:49.133 V/DigitalSignage(  633): Top: 0
06-11 21:14:49.133 V/DigitalSignage(  633): Bottom: 0
06-11 21:14:49.133 D/DigitalSignage(  633): else - Package Name :: null left : 0 right :: 0 top :: 0 bottom :: 0 dfu-right :: 1920 dfu-bottom :: 1080
06-11 21:14:49.165 D/stbdpc  (  397): STB_DPGetNumPaths[570]: num_paths: 1
06-11 21:14:49.278 I/[ 2520.432264@1]  dim(    0): ch[2] in eos p-other
06-11 21:14:49.278 D/[ 2520.432398@1]  [amlv4l](    0): [7]: Post event: eos
06-11 21:14:49.265 D/stbdpc  (  397): STB_DPGetNumPaths[570]: num_paths: 1
06-11 21:14:49.278 I/VDA     (  474): [0] "Got last output buffer. Waiting last buffer=1\n"
06-11 21:14:49.278 I/VDA     (  474): [0] "StopDevicePoll\n"
06-11 21:14:49.280 I/VDA     (  474): [0] "StopOutputStream output_buffer_map_.size() 14\n"
06-11 21:14:49.280 I/VDA     (  474): [0] "----stop output VIDIOC_STREAMOFF----\n"
06-11 21:14:49.285 I/[ 2520.434771@1]  [amlv4l](    0): [7]: reset mode: 1, es frames buffering: 0
06-11 21:14:49.287 I/VDA     (  474): [0] "Stop[0] state 3\n"
06-11 21:14:49.288 I/VDA     (  474): [0] "Stop[1] state 3\n"
06-11 21:14:49.288 I/VDA     (  474): [0] "Stop[2] state 3\n"
06-11 21:14:49.288 I/VDA     (  474): [0] "Stop[3] state 3\n"
06-11 21:14:49.288 I/VDA     (  474): [0] "Stop[4] state 3\n"
06-11 21:14:49.288 I/VDA     (  474): [0] "Stop[5] state 3\n"
06-11 21:14:49.288 I/VDA     (  474): [0] "Stop[6] state 0\n"
06-11 21:14:49.288 I/VDA     (  474): [0] "Stop[7] state 3\n"
06-11 21:14:49.288 I/VDA     (  474): [0] "Stop[8] state 3\n"
06-11 21:14:49.288 I/VDA     (  474): [0] "Stop[9] state 3\n"
06-11 21:14:49.288 I/VDA     (  474): [0] "Stop[10] state 3\n"
06-11 21:14:49.288 I/VDA     (  474): [0] "Stop[11] state 3\n"
06-11 21:14:49.288 I/VDA     (  474): [0] "Stop[12] state 3\n"
06-11 21:14:49.288 I/VDA     (  474): [0] "Stop[13] state 3\n"
06-11 21:14:49.288 I/VDA     (  474): [0] "StopInputStream input_streamon 1, input_buffer_map_.size 3\n"
06-11 21:14:49.291 I/[ 2520.442092@3]  [amlv4l](    0): [7]: reset mode: 1, es frames buffering: 0
06-11 21:14:49.293 I/VDA     (  474): [0] "----stop input VIDIOC_STREAMOFF----\n"
06-11 21:14:49.293 I/VDA     (  474): [0] "StartDevicePoll\n"
06-11 21:14:49.293 I/VDA     (  474): [0] "returning flush"
06-11 21:14:49.293 I/AmVideoDec(  474): [0] "notifyFlushDone\n"
06-11 21:14:49.293 I/VDA     (  474): [0] "----enqueue output STREAMON----\n"
06-11 21:14:49.293 V/AmlogicVideoDecoderAwesome2(  474): [17]NotifyFlushDone:2342 >
06-11 21:14:49.293 D/AmlogicVideoDecoderAwesome2(  474): [17]"\t===mEosStamp 0 == mEOSBitStreamId:101 mBitStreamId:101 inputTimeStamp:0\n"
06-11 21:14:49.294 I/NU-AmNuPlayerDecoder(  465): [video] saw output EOS
06-11 21:14:49.294 I/NU-AmNuPlayerRenderer(  465): video have queued eos, no need to check buffer discontinue
06-11 21:14:49.299 D/dvb_iptv(  397): ReadEmmNetworkTask[1537]: EMM Select Timeout Occured 19
06-11 21:14:49.315 I/[ 2520.464606@3]  dim(    0): unreg:2keep[0], msk:[0x0,0x0]
06-11 21:14:49.322 I/[ 2520.474681@3]  vpu(    0): vpu: vpu_dev_clk_gate_off: unsupport vpu mod: 72
06-11 21:14:49.326 I/[ 2520.477086@3]  dim(    0): unreg:use[30]ms
06-11 21:14:49.326 I/[ 2520.477099@3]  dim(    0): di_destroy_instance:ch[2]:end
06-11 21:14:49.327 I/[ 2520.477216@3]  dim(    0): reg:use[0]ms
06-11 21:14:49.327 I/[ 2520.477224@3]  dim(    0): create:ch[2],tmode[3]
06-11 21:14:49.327 I/[ 2520.477228@3]  dim(    0): out:0x80000000
06-11 21:14:49.352 I/om.epic.docuba(15598): oneway function results will be dropped but finished with status OK and parcel size 4
06-11 21:14:49.357 I/e.swalekh.abct( 1359): oneway function results will be dropped but finished with status OK and parcel size 4
06-11 21:14:49.365 D/stbdpc  (  397): STB_DPGetNumPaths[570]: num_paths: 1
06-11 21:14:49.375 D/JioSTBMRServer-SERVICE( 3589): InetSocketAddress(InetAddress.getByName(inetAddress.hostAddress)-/192.168.1.255
06-11 21:14:49.375 D/JioSTBMRServer-SERVICE( 3589): #beacon:RKISBFJ60000097:0:false:0:1:SV=181024 , 192.168.1.255
06-11 21:14:49.382 D/JioSTBMRServer-SERVICE( 3589): InetSocketAddress(InetAddress.getByName(inetAddress.hostAddress)-/192.168.1.255
06-11 21:14:49.382 D/JioSTBMRServer-SERVICE( 3589): #broadcast IP:192.168.1.255
06-11 21:14:49.465 D/stbdpc  (  397): STB_DPGetNumPaths[570]: num_paths: 1
06-11 21:14:49.566 D/stbdpc  (  397): STB_DPGetNumPaths[570]: num_paths: 1
06-11 21:14:49.611 I/ThermalService(  969): CPU temperatures: [65.5]
06-11 21:14:49.617 V/DigitalSignage(  633): Package Name: null
06-11 21:14:49.617 V/DigitalSignage(  633): Left: 0
06-11 21:14:49.617 V/DigitalSignage(  633): Right: 0
06-11 21:14:49.617 V/DigitalSignage(  633): Top: 0
06-11 21:14:49.617 V/DigitalSignage(  633): Bottom: 0
06-11 21:14:49.619 D/DigitalSignage(  633): else - Package Name :: null left : 0 right :: 0 top :: 0 bottom :: 0 dfu-right :: 1920 dfu-bottom :: 1080
06-11 21:14:49.621 V/DigitalSignage(  633): Package Name: null
06-11 21:14:49.621 V/DigitalSignage(  633): Left: 0
06-11 21:14:49.621 V/DigitalSignage(  633): Right: 0
06-11 21:14:49.621 V/DigitalSignage(  633): Top: 0
06-11 21:14:49.621 V/DigitalSignage(  633): Bottom: 0
06-11 21:14:49.622 D/DigitalSignage(  633): else - Package Name :: null left : 0 right :: 0 top :: 0 bottom :: 0 dfu-right :: 1920 dfu-bottom :: 1080
06-11 21:14:49.623 V/NU-AmNuPlayerRenderer(  465): video late by 500797 us (0.50 secs)
06-11 21:14:49.666 D/stbdpc  (  397): STB_DPGetNumPaths[570]: num_paths: 1
06-11 21:14:49.730 D/NU-AmNuPlayerDriver(  465): notifyListener_l(0xf3992aa0), (2, 0, 0, -1), loop setting(0, 0)
06-11 21:14:49.731 D/NU-AmNuPlayerDriver(  465): notifyListener_l(0xf3992aa0), (211, 0, 0, 20), loop setting(0, 0)
06-11 21:14:49.731 I/NU-AmNuPlayerRenderer(  465): now paused audio queue has 0 entries, video has 0 entries
06-11 21:14:49.742 I/ActivityTaskManager(  633): START u0 {flg=0x14008000 cmp=com.epic.docubay/.ui.main.activity.MainActivity (has extras)} from uid 10091
06-11 21:14:49.742 D/ActivityStarter(  633):  
06-11 21:14:49.742 D/ActivityStarter(  633): launchedPkgName :: com.epic.docubay 
06-11 21:14:49.742 D/ActivityStarter(  633): callingPackage :: com.epic.docubay 
06-11 21:14:49.742 D/ActivityStarter(  633): callingUid :: 10091 
06-11 21:14:49.742 D/ActivityStarter(  633): callingPid :: 15598
06-11 21:14:49.742 D/ActivityTaskManager(  633): OTHER app is launched
06-11 21:14:49.757 I/[ 2520.907359@1]  MUA(    0): gpu_realloc: screen cap should not access the uvm buffer.
06-11 21:14:49.765 W/ActivityTaskManager(  633): Duplicate finish request for r=ActivityRecord{aced179 u0 com.epic.docubay/.ui.launcher.activity.LauncherActivity t1074 f}}
06-11 21:14:49.766 D/stbdpc  (  397): STB_DPGetNumPaths[570]: num_paths: 1
06-11 21:14:49.767 I/MediaFocusControl(  633): abandonAudioFocus() from uid/pid 10091/15598 clientId=android.media.AudioManager@d4a1d5f
06-11 21:14:49.771 I/system_server(  633): oneway function results will be dropped but finished with status OK and parcel size 4
06-11 21:14:49.771 W/APM::AudioPolicyEngine(  387): getDevicesForStrategy() unknown strategy: -1
06-11 21:14:49.771 I/chatty  (  387): uid=1041(audioserver) ApmOutput identical 1 line
06-11 21:14:49.772 W/APM::AudioPolicyEngine(  387): getDevicesForStrategy() unknown strategy: -1
06-11 21:14:49.775 I/android.hardware.power-service.libperfmgr(  366): Power setBoost: INTERACTION duration: 0
06-11 21:14:49.775 I/libperfmgr(  366): Do Powerhint: INTERACTION
06-11 21:14:49.788 W/ActivityTaskManager(  633): Duplicate finish request for r=ActivityRecord{aced179 u0 com.epic.docubay/.ui.launcher.activity.LauncherActivity t1074 f}}
06-11 21:14:49.794 W/ActivityTaskManager(  633): Tried to set launchTime (0) < mLastActivityLaunchTime (2513283)
06-11 21:14:49.798 D/ActivityTaskManager(  633): JioHomeManagerService :: ActivityRecord :: setState :: StateFrom :: INITIALIZING StateTo :: RESUMED 
06-11 21:14:49.799 D/dvb_iptv(  397): ReadEmmNetworkTask[1537]: EMM Select Timeout Occured 20
06-11 21:14:49.806 D/ActivityManager(  633): JioHomeManagerService :: StateFrom :: INITIALIZING StateTo :: RESUMED Activity :: com.epic.docubay/com.epic.docubay.ui.main.activity.MainActivity Action :: com.jio.remote.action.applaunch
06-11 21:14:49.866 D/stbdpc  (  397): STB_DPGetNumPaths[570]: num_paths: 1
06-11 21:14:49.899 W/[ 2521.051665@0]  RTW(    0): fill_default_txdesc(wlan0): SP Packet(0x0806) rate=0x4 SeqNum = 2266
06-11 21:14:49.966 D/stbdpc  (  397): STB_DPGetNumPaths[570]: num_paths: 1
06-11 21:14:50.060 D/rtk_heartbeat(  349): heartbeat_timed_out: heartbeatCmdCount = 2500, expected nextSeqNum = 2500
06-11 21:14:50.063 D/rtk_heartbeat(  349): rtkbt_heartbeat_cmpl_cback: Current SeqNum = 2500,should SeqNum=2500, status = 0
06-11 21:14:50.066 D/stbdpc  (  397): STB_DPGetNumPaths[570]: num_paths: 1
06-11 21:14:50.076 D/JioStbInactivityTimer(  926): Timer: count 100 warningTimeout:10680 timeout:10800
06-11 21:14:50.076 D/JioStbInactivityTimer(  926): isUserActive: Curr:2419842 Prev:2419842
06-11 21:14:50.139 I/system_server(  633): NativeAlloc concurrent copying GC freed 210994(10177KB) AllocSpace objects, 49(1428KB) LOS objects, 49% free, 11MB/23MB, paused 189us total 220.583ms
06-11 21:14:50.167 D/stbdpc  (  397): STB_DPGetNumPaths[570]: num_paths: 1
06-11 21:14:50.212 W/AudioManager(15598): Use of stream types is deprecated for operations other than volume control
06-11 21:14:50.212 W/AudioManager(15598): See the documentation of requestAudioFocus() for what to use instead with android.media.AudioAttributes to qualify your playback use case
06-11 21:14:50.217 I/MediaFocusControl(  633): requestAudioFocus() from uid/pid 10091/15598 clientId=android.media.AudioManager@6309588com.epic.docubay.ui.main.activity.MainActivity@74c0deb callingPack=com.epic.docubay req=1 flags=0x0 sdk=34
06-11 21:14:50.217 I/MediaFocusControl(  633): notifyAudioFocusGain. com.epic.docubay
06-11 21:14:50.219 D/CustomBootReceiver( 1856): onReceive, Receive broadcast message, com.jio.stb.AUDIO_FOCUS_GAIN
06-11 21:14:50.219 D/AppOptimizerAudioFocusReceiver( 1722): onReceive, Receive broadcast message, com.jio.stb.AUDIO_FOCUS_GAIN
06-11 21:14:50.219 D/CustomBootReceiver( 1856): Recvd broadcast; Audio Focus change from package : com.epic.docubay
06-11 21:14:50.219 D/AppOptimizerAudioFocusReceiver( 1722): Recvd broadcast; Current Audio Focus=com.epic.docubay
06-11 21:14:50.219 D/AppOptimizerAudioFocusReceiver( 1722): calling removeApp method
06-11 21:14:50.232 I/ExoPlayerImpl(15598): Init f6f4b21 [AndroidXMedia3/1.3.1] [MSTB, JMSB200A, Jio, 30]
06-11 21:14:50.267 D/stbdpc  (  397): STB_DPGetNumPaths[570]: num_paths: 1
06-11 21:14:50.299 D/dvb_iptv(  397): ReadEmmNetworkTask[1537]: EMM Select Timeout Occured 21
06-11 21:14:50.339 D/BufferPoolAccessor2.0(  477): evictor expired: 1, evicted: 0
06-11 21:14:50.366 V/DigitalSignage(  633): Package Name: null
06-11 21:14:50.366 V/DigitalSignage(  633): Left: 0
06-11 21:14:50.366 V/DigitalSignage(  633): Right: 0
06-11 21:14:50.366 V/DigitalSignage(  633): Top: 0
06-11 21:14:50.366 V/DigitalSignage(  633): Bottom: 0
06-11 21:14:50.367 D/DigitalSignage(  633): else - Package Name :: null left : 0 right :: 0 top :: 0 bottom :: 0 dfu-right :: 1920 dfu-bottom :: 1080
06-11 21:14:50.367 D/stbdpc  (  397): STB_DPGetNumPaths[570]: num_paths: 1
06-11 21:14:50.467 D/stbdpc  (  397): STB_DPGetNumPaths[570]: num_paths: 1
06-11 21:14:50.493 W/AudioCapabilities(15598): Unsupported mime audio/dtshd
06-11 21:14:50.493 W/AudioCapabilities(15598): Unsupported mime audio/ffmpeg
06-11 21:14:50.495 W/AudioCapabilities(15598): Unsupported mime audio/mpeg-L2
06-11 21:14:50.495 W/VideoCapabilities(15598): Unsupported mime video/x-vnd.on2.vp6a
06-11 21:14:50.496 W/VideoCapabilities(15598): Unsupported mime video/x-vnd.on2.vp6f
06-11 21:14:50.501 W/VideoCapabilities(15598): Unsupported mime video/avs
06-11 21:14:50.502 W/VideoCapabilities(15598): Unsupported mime video/avs2
06-11 21:14:50.505 W/VideoCapabilities(15598): Unsupported mime video/x-motion-jpeg
06-11 21:14:50.506 W/VideoCapabilities(15598): Unrecognized profile/level 0/3 for video/mpeg2
06-11 21:14:50.506 I/VideoCapabilities(15598): Unsupported profile 2 for video/mpeg2
06-11 21:14:50.506 I/VideoCapabilities(15598): Unsupported profile 3 for video/mpeg2
06-11 21:14:50.506 I/VideoCapabilities(15598): Unsupported profile 4 for video/mpeg2
06-11 21:14:50.506 I/VideoCapabilities(15598): Unsupported profile 5 for video/mpeg2
06-11 21:14:50.507 W/VideoCapabilities(15598): Unrecognized profile/level 0/3 for video/mpeg2
06-11 21:14:50.507 I/VideoCapabilities(15598): Unsupported profile 2 for video/mpeg2
06-11 21:14:50.507 I/VideoCapabilities(15598): Unsupported profile 3 for video/mpeg2
06-11 21:14:50.507 I/VideoCapabilities(15598): Unsupported profile 4 for video/mpeg2
06-11 21:14:50.507 I/VideoCapabilities(15598): Unsupported profile 5 for video/mpeg2
06-11 21:14:50.508 I/VideoCapabilities(15598): Unsupported profile 2 for video/mp4v-es
06-11 21:14:50.508 I/VideoCapabilities(15598): Unsupported profile 4 for video/mp4v-es
06-11 21:14:50.508 I/VideoCapabilities(15598): Unsupported profile 8 for video/mp4v-es
06-11 21:14:50.508 I/VideoCapabilities(15598): Unsupported profile 16 for video/mp4v-es
06-11 21:14:50.508 I/VideoCapabilities(15598): Unsupported profile 32 for video/mp4v-es
06-11 21:14:50.508 I/VideoCapabilities(15598): Unsupported profile 64 for video/mp4v-es
06-11 21:14:50.508 I/VideoCapabilities(15598): Unsupported profile 128 for video/mp4v-es
06-11 21:14:50.508 I/VideoCapabilities(15598): Unsupported profile 256 for video/mp4v-es
06-11 21:14:50.508 I/VideoCapabilities(15598): Unsupported profile 512 for video/mp4v-es
06-11 21:14:50.508 I/VideoCapabilities(15598): Unsupported profile 1024 for video/mp4v-es
06-11 21:14:50.509 I/VideoCapabilities(15598): Unsupported profile 2048 for video/mp4v-es
06-11 21:14:50.509 I/VideoCapabilities(15598): Unsupported profile 4096 for video/mp4v-es
06-11 21:14:50.509 I/VideoCapabilities(15598): Unsupported profile 8192 for video/mp4v-es
06-11 21:14:50.509 I/VideoCapabilities(15598): Unsupported profile 16384 for video/mp4v-es
06-11 21:14:50.510 W/VideoCapabilities(15598): Unsupported mime video/rm10
06-11 21:14:50.510 W/VideoCapabilities(15598): Unsupported mime video/rm20
06-11 21:14:50.511 W/VideoCapabilities(15598): Unsupported mime video/rm30
06-11 21:14:50.512 W/VideoCapabilities(15598): Unsupported mime video/rm40
06-11 21:14:50.513 W/VideoCapabilities(15598): Unsupported mime video/vc1
06-11 21:14:50.513 W/Utils   (15598): could not parse long range '1-'
06-11 21:14:50.514 W/VideoCapabilities(15598): Unrecognized level 16 for video/x-vnd.on2.vp8
06-11 21:14:50.514 W/VideoCapabilities(15598): Unrecognized level 32 for video/x-vnd.on2.vp8
06-11 21:14:50.514 W/VideoCapabilities(15598): Unrecognized level 64 for video/x-vnd.on2.vp8
06-11 21:14:50.514 W/VideoCapabilities(15598): Unrecognized level 128 for video/x-vnd.on2.vp8
06-11 21:14:50.514 W/VideoCapabilities(15598): Unrecognized level 256 for video/x-vnd.on2.vp8
06-11 21:14:50.514 W/VideoCapabilities(15598): Unrecognized level 512 for video/x-vnd.on2.vp8
06-11 21:14:50.514 W/VideoCapabilities(15598): Unrecognized level 1024 for video/x-vnd.on2.vp8
06-11 21:14:50.514 W/VideoCapabilities(15598): Unrecognized level 2048 for video/x-vnd.on2.vp8
06-11 21:14:50.514 W/VideoCapabilities(15598): Unrecognized level 4096 for video/x-vnd.on2.vp8
06-11 21:14:50.514 W/VideoCapabilities(15598): Unrecognized level 8192 for video/x-vnd.on2.vp8
06-11 21:14:50.514 W/VideoCapabilities(15598): Unrecognized level 16384 for video/x-vnd.on2.vp8
06-11 21:14:50.514 W/VideoCapabilities(15598): Unrecognized level 32768 for video/x-vnd.on2.vp8
06-11 21:14:50.515 W/VideoCapabilities(15598): Unsupported mime video/wmv3
06-11 21:14:50.516 W/VideoCapabilities(15598): Unsupported mime video/wmv1
06-11 21:14:50.517 W/VideoCapabilities(15598): Unsupported mime video/wmv2
06-11 21:14:50.518 W/VideoCapabilities(15598): Unsupported mime video/wvc1
06-11 21:14:50.518 W/Utils   (15598): could not parse long range '1-'
06-11 21:14:50.519 W/VideoCapabilities(15598): Unsupported profile 4 for video/avc
06-11 21:14:50.551 I/hash_map_utils(  387): key: 'offloadVariableRateSupported' value: ''
06-11 21:14:50.567 D/stbdpc  (  397): STB_DPGetNumPaths[570]: num_paths: 1
06-11 21:14:50.612 I/OMXClient(15598): IOmx service obtained
06-11 21:14:50.614 I/[ 2521.768436@3]  resman(    0): 36 appname:OMX-26, type=0
06-11 21:14:50.612 I/OMXMaster(  474): makeComponentInstance(OMX.amlogic.avc.decoder.awesome2) in android.hardwar process
06-11 21:14:50.613 D/OmxComponentManagerImpl(  474): support frame mode
06-11 21:14:50.613 D/OmxComponentManagerImpl(  474): use dv frame mode
06-11 21:14:50.613 D/OmxComponentManagerImpl(  474): support avs frame mode
06-11 21:14:50.613 D/OmxComponentManagerImpl(  474): format support multi-instance
06-11 21:14:50.613 D/OmxComponentManagerImpl(  474): getEntryByName_2_num=1, componentName:OMX.amlogic.avc.decoder.awesome2
06-11 21:14:50.613 D/omx_video(  474): processName=media.codec
06-11 21:14:50.613 V/AmlogicVideoDecoderAwesome2(  474): [-800188338]AmlogicVideoDecoder2:118 >
06-11 21:14:50.613 V/AmlogicVideoDecoderAwesome2(  474): [-800188338]initializeState_l:1611 >
06-11 21:14:50.613 D/AmlogicVideoDecoderAwesome2(  474): [-800188338]"vendor.media.omx.latency is not set used def=1.000000\n"
06-11 21:14:50.613 D/AmlogicVideoDecoderAwesome2(  474): [-800188338]"vendor.media.omx.frame_numlatency is not set used def=10\n"
06-11 21:14:50.613 D/AmlogicVideoDecoderAwesome2(  474): [-800188338]"vendor.omx.frame_numlimmit is not set used def=20\n"
06-11 21:14:50.614 D/AmlogicVideoDecoderAwesome2(  474): [18]"AmlogicVideoDecoder2, mOmxInstancenum 2, mOmxInstanceID 18"
06-11 21:14:50.614 D/AmlogicVideoDecoderAwesome2(  474): [18]"vendor.omx2.blkmode is not set used def=0\n"
06-11 21:14:50.614 D/AmlogicVideoDecoderAwesome2(  474): [18]"vendor.omx2.maxalloc is not set used def=1\n"
06-11 21:14:50.614 I/AmlogicVideoDecoderAwesome2(  474): [18]"default use NV21"
06-11 21:14:50.614 V/AmlogicVideoPassthrough(  474): [1]AmlogicVideoPassthrough:80 >
06-11 21:14:50.614 D/AmlogicVideoPassthrough(  474): [2]"AmlogicVideoPassthrough, mOmxInstancenum 2, mOmxInstanceID 13"
06-11 21:14:50.614 E/secmem_tz(  474): [Secure_NegotiateVersion:374] Secure_NegotiateVersion 2 2 2 2 2 2
06-11 21:14:50.614 E/secmem_tz(  474): [Secure_NegotiateVersion:384] Negotiated secmem version = 2
06-11 21:14:50.614 W/OmxLogConf(  474): Can not read property media.omx.log_levels, using 0
06-11 21:14:50.614 D/OmxResManage(  474): ResManWrapper OMX-26 init, fd = 47
06-11 21:14:50.614 D/AmlogicVideoDecoderAwesome2(  474): [18]"vendor.media.omx2.out_buffer1 is not set used def=10\n"
06-11 21:14:50.615 D/AmlogicVideoDecoderAwesome2(  474): [18]"out buf:10"
06-11 21:14:50.615 D/AmlogicVideoDecoderAwesome2(  474): [18]"vendor.media.omx2.dw is not set used def=0\n"
06-11 21:14:50.615 D/OmxVideoDecoder(  474): setInputCoding OMX.amlogic.avc.decoder.awesome2
06-11 21:14:50.615 D/OmxVideoDecoder(  474): mIsLinux49=0, mIsLinux54=1, major=5, minor=4
06-11 21:14:50.615 D/OmxVideoDecoder(  474): multi dec exist
06-11 21:14:50.615 D/OmxVideoDecoder(  474): use dv frame mode
06-11 21:14:50.615 D/OmxVideoDecoder(  474): avs multi dec exist
06-11 21:14:50.615 D/OmxVideoDecoder(  474): Use frame mode for multidec.
06-11 21:14:50.615 D/OmxVideoDecoder(  474): Use min out buffer size
06-11 21:14:50.615 D/OmxVideoDecoder(  474): mSupportPiPVideo = 1
06-11 21:14:50.615 D/OmxVideoDecoder(  474): mMustOsdDisplay 0, mAmVideoUsed=0, mSupportPiPVideo=1, mPipVideoUsed=0, mVideoUsedByOmx=0
06-11 21:14:50.615 D/OMX-VENDOR-EXT(  474): OMX.amlogic.avc.decoder.awesome2 : Vendor extensions supported (17)
06-11 21:14:50.615 D/OMX-VENDOR-EXT(  474):    vendor.4k-osd{{ enable : Int32 },  }
06-11 21:14:50.616 D/OMX-VENDOR-EXT(  474):    vendor.video-trickmode{{ enable : Int32 },  }
06-11 21:14:50.616 D/OMX-VENDOR-EXT(  474):    vendor.unstable-pts{{ enable : Int32 },  }
06-11 21:14:50.616 D/OMX-VENDOR-EXT(  474):    vendor.is-mvc{{ enable : Int32 },  }
06-11 21:14:50.616 D/OMX-VENDOR-EXT(  474):    vendor.is-flv{{ nContainIndex : Int32 },  }
06-11 21:14:50.616 D/OMX-VENDOR-EXT(  474):    vendor.dvconfig-box{{ disable : Int32 },  }
06-11 21:14:50.616 D/OMX-VENDOR-EXT(  474):    vendor.profile-level{{ n-profile : Int32 },  { n-level : Int32 },  }
06-11 21:14:50.616 D/OMX-VENDOR-EXT(  474):    vendor.nrdp{{ video-peek-in-tunnel : Int32 },  }
06-11 21:14:50.616 D/OMX-VENDOR-EXT(  474):    vendor.low-latency{{ enable : Int32 },  }
06-11 21:14:50.616 D/OMX-VENDOR-EXT(  474):    vendor.save-mem{{ enable : Int32 },  }
06-11 21:14:50.616 D/OMX-VENDOR-EXT(  474):    vendor.videoLayer{{ type : Int32 },  }
06-11 21:14:50.616 D/OMX-VENDOR-EXT(  474):    vendor.renderByOmx{{ enable : Int32 },  }
06-11 21:14:50.616 D/OMX-VENDOR-EXT(  474):    vendor.tunerhal{{ video-filter-id : Int32 },  { hw-av-sync-id : Int32 },  }
06-11 21:14:50.616 D/OMX-VENDOR-EXT(  474):    vendor.VideoQos{{ info : String },  }
06-11 21:14:50.616 D/OMX-VENDOR-EXT(  474):    vendor.rotation-angle{{ angle : Int32 },  }
06-11 21:14:50.616 D/OMX-VENDOR-EXT(  474):    vendor.McodecReport{{ info : String },  }
06-11 21:14:50.616 D/OMX-VENDOR-EXT(  474):    vendor.START.low-latency{{ enable : Int32 },  }
06-11 21:14:50.616 D/OmxVideoDecoder(  474): video type 7 support v4l2, use omx2
06-11 21:14:50.616 D/OmxVideoDecoder(  474): processName=media.codec
06-11 21:14:50.616 D/OmxComponentManagerImpl(  474): IncreaseEntryNumByName pEntry->mNum=1, pEntry->mMaxNum:9,componentName:OMX.amlogic.avc.decoder.awesome2
06-11 21:14:50.616 I/omx_core(  474): OMX_getHandle_num=2
06-11 21:14:50.616 D/OmxComponent(  474): mApkName=media.codec
06-11 21:14:50.633 D/SurfaceUtils(15598): connecting to surface 0xc2ae4408, reason connectToSurface
06-11 21:14:50.633 I/MediaCodec(15598): [OMX.amlogic.avc.decoder.awesome2] setting surface generation to 15972353
06-11 21:14:50.633 D/SurfaceUtils(15598): disconnecting from surface 0xc2ae4408, reason connectToSurface(reconnect)
06-11 21:14:50.633 D/SurfaceUtils(15598): connecting to surface 0xc2ae4408, reason connectToSurface(reconnect)
06-11 21:14:50.641 I/AmAVUtils(15598): AmAVUtils, GITINFO : d32b3814175617bb24dd0965983e5642c803ab3a(drm.autobuild  Mon Oct 18 12:59:01 CST 2021)
06-11 21:14:50.641 I/AmAVUtils(15598): AmAVUtils::getComponentRole isEncoder :0 mime:video/avc 
06-11 21:14:50.641 V/MediaVendorExt(15598): AVUtils::getComponentRole
06-11 21:14:50.641 I/MediaVendorExt(15598): AmAVUtils::getComponentRole isEncoder :0 mime:video/avc 
06-11 21:14:50.642 D/OmxVideoDecoder(  474): setParameter 1599 0x1000017
06-11 21:14:50.642 D/OmxVideoDecoder(  474): setInputCoding video_decoder.avc
06-11 21:14:50.643 D/OmxComponent(  474): getExtensionIndex 1237 name="OMX.google.android.index.enableAndroidNativeBuffers"
06-11 21:14:50.643 D/OmxVideoDecoder(  474): setParameter 1599 0x7f000000
06-11 21:14:50.643 V/OmxVideoDecoder(  474): setParameter 2201 EnableNativeBuffers 1
06-11 21:14:50.643 V/OmxVideoDecoder(  474): updatePort mUseNativeBuffers 1
06-11 21:14:50.643 V/OmxVideoDecoder(  474): nWidth=640,nHeight=480, nMinbufs=0
06-11 21:14:50.643 D/OmxComponent(  474): getExtensionIndex 1237 name="OMX.google.android.index.allocateNativeHandle"
06-11 21:14:50.643 D/OmxVideoDecoder(  474): setParameter 1599 0x7f00000a
06-11 21:14:50.643 E/OMXNodeInstance(  474): setParameter(0xf1fe1438:amlogic.avc.decoder.awesome2, OMX.google.android.index.allocateNativeHandle(0x7f00000a): Output:1 en=0) ERROR: UnsupportedSetting(0x80001019)
06-11 21:14:50.643 D/OmxComponent(  474): getExtensionIndex 1237 name="OMX.google.android.index.storeANWBufferInMetadata"
06-11 21:14:50.643 D/OmxVideoDecoder(  474): setParameter 1599 0x7f00000d
06-11 21:14:50.643 D/OmxVideoDecoder(  474): setParameter 2221 OMX_GoogleAndroidStoreANWBufferInMetadata
06-11 21:14:50.643 V/OmxVideoDecoder(  474): mUseStoreANWBufferInMetadata=1
06-11 21:14:50.643 E/OMXNodeInstance(  474): getParameter(0xf1fe1438:amlogic.avc.decoder.awesome2, ??(0x6f600011)) ERROR: UnsupportedIndex(0x8000101a)
06-11 21:14:50.644 D/OmxVideoDecoder(  474): setParameter 1599 0x6000001
06-11 21:14:50.644 D/OmxVideoDecoder(  474): setParameter nPortIndex 0 CompFmt 0x7 ColorFmt 0
06-11 21:14:50.644 D/OmxVideoDecoder(  474): setParameter 1599 0x6000001
06-11 21:14:50.644 D/OmxVideoDecoder(  474): setParameter nPortIndex 1 CompFmt 0 ColorFmt 0x11
06-11 21:14:50.644 I/OmxVideoDecoder(  474): getParameter Component Name OMX.amlogic.avc.decoder.awesome2, width 640, height 480 nBufferCountMin:3
06-11 21:14:50.645 D/OmxVideoDecoder(  474): setParameter 1599 0x2000001
06-11 21:14:50.645 D/OmxVideoDecoder(  474): setParameter nPortIndex 0 nFrameWidth 1920 nFrameHeight 1080 nSliceHeight 16
06-11 21:14:50.645 E/OmxVideoDecoder(  474):  reset input buffer:2073600
06-11 21:14:50.645 V/OmxVideoDecoder(  474): updatePort mUseNativeBuffers 1
06-11 21:14:50.645 V/OmxVideoDecoder(  474): nWidth=640,nHeight=480, nMinbufs=0
06-11 21:14:50.645 I/OmxVideoDecoder(  474): getParameter Component Name OMX.amlogic.avc.decoder.awesome2, width 640, height 480 nBufferCountMin:10
06-11 21:14:50.645 D/OmxVideoDecoder(  474): setParameter 1599 0x2000001
06-11 21:14:50.645 D/OmxVideoDecoder(  474): media.omx.display_mode=3
06-11 21:14:50.645 D/OmxVideoDecoder(  474): mjpeg vc1 wmv wmv3 force display_mode=3
06-11 21:14:50.645 D/OmxVideoDecoder(  474): choose mVideoUsedByOmx=0, mVideoUsedByThis=0, mAmVideoUsed=0
06-11 21:14:50.645 D/OmxVideoDecoder(  474): mDisplayMode = DISPLAY_MODE_V4LVIDEO
06-11 21:14:50.645 D/OmxVideoDecoder(  474): choose mDisplayMode=3
06-11 21:14:50.645 D/OmxVideoDecoder(  474): setParameter nPortIndex 1 nFrameWidth 1920 nFrameHeight 1080 nSliceHeight 1080
06-11 21:14:50.645 V/OmxVideoDecoder(  474): updatePort mUseNativeBuffers 1
06-11 21:14:50.645 V/OmxVideoDecoder(  474): nWidth=1920,nHeight=1080, nMinbufs=0
06-11 21:14:50.646 D/OmxComponent(  474): getExtensionIndex 1237 name="OMX.google.android.index.describeColorAspects"
06-11 21:14:50.646 D/OmxComponent(  474): getExtensionIndex 1237 name="OMX.google.android.index.storeMetaDataInBuffers"
06-11 21:14:50.646 D/OmxComponent(  474): getExtensionIndex 1237 name="OMX.google.android.index.storeANWBufferInMetadata"
06-11 21:14:50.646 D/OmxComponent(  474): getExtensionIndex 1237 name="OMX.google.android.index.prepareForAdaptivePlayback"
06-11 21:14:50.646 D/OmxComponent(  474): getExtensionIndex 1237 name="OMX.google.android.index.configureVideoTunnelMode"
06-11 21:14:50.646 D/OmxComponent(  474): getExtensionIndex 1237 name="OMX.google.android.index.useAndroidNativeBuffer2"
06-11 21:14:50.646 D/OmxComponent(  474): getExtensionIndex 1237 name="OMX.google.android.index.useAndroidNativeBuffer"
06-11 21:14:50.646 D/OmxComponent(  474): getExtensionIndex 1237 name="OMX.google.android.index.enableAndroidNativeBuffers"
06-11 21:14:50.646 D/OmxComponent(  474): getExtensionIndex 1237 name="OMX.google.android.index.allocateNativeHandle"
06-11 21:14:50.646 D/OmxComponent(  474): getExtensionIndex 1237 name="OMX.google.android.index.getAndroidNativeBufferUsage"
06-11 21:14:50.646 D/OmxVideoDecoder(  474): setConfig 3009 0x7f00000c
06-11 21:14:50.647 D/OmxComponent(  474): getExtensionIndex 1237 name="OMX.google.android.index.describeHDRStaticInfo"
06-11 21:14:50.647 D/OmxComponent(  474): getExtensionIndex 1237 name="OMX.google.android.index.describeHDR10PlusInfo"
06-11 21:14:50.647 D/OmxVideoDecoder(  474): setConfig 3009 0x7f000009
06-11 21:14:50.647 D/OmxVideoDecoder(  474): HDRStaticInfo: R=0 0; G=0 0; B=0 0; W=0 0; MaxDisplayLuminance:0, MinDisplayLuminance=0, mMaxContentLightLevel=0, MaxContentLightLevel=0
06-11 21:14:50.647 D/OmxVideoDecoder(  474): HDRStaticInfo: all parmeter is 0, set mHasHDRStaticInfo to false
06-11 21:14:50.647 I/AmAVUtils(15598): AmAVUtils::isAudioExtendFormat input = video/avc
06-11 21:14:50.647 I/AmAVUtils(15598): AmAVUtils::isExtendFormat input = video/avc
06-11 21:14:50.647 I/OmxVideoDecoder(  474): getParameter Component Name OMX.amlogic.avc.decoder.awesome2, width 1920, height 1080 nBufferCountMin:3
06-11 21:14:50.647 D/OmxVideoDecoder(  474): setConfig 3009 0x6f800002
06-11 21:14:50.647 V/OmxVideoDecoder(  474): setConfig 3192 nIndex 0x6f800002
06-11 21:14:50.647 D/OmxComponent(  474): setConfig 1230
06-11 21:14:50.647 E/OMXNodeInstance(  474): setConfig(0xf1fe1438:amlogic.avc.decoder.awesome2, ConfigPriority(0x6f800002)) ERROR: UnsupportedIndex(0x8000101a)
06-11 21:14:50.647 I/ACodec  (15598): codec does not support config priority (err -1010)
06-11 21:14:50.647 I/OmxVideoDecoder(  474): getParameter Component Name OMX.amlogic.avc.decoder.awesome2, width 1920, height 1080 nBufferCountMin:3
06-11 21:14:50.648 D/OmxVideoDecoder(  474): getConfig 2867 0x6f100004
06-11 21:14:50.648 V/OmxVideoDecoder(  474): VendorExt: getConfig: index=0 (4k-osd)
06-11 21:14:50.649 D/OmxVideoDecoder(  474): getConfig 2867 0x6f100004
06-11 21:14:50.649 V/OmxVideoDecoder(  474): VendorExt: getConfig: index=1 (video-trickmode)
06-11 21:14:50.649 D/OmxVideoDecoder(  474): getConfig 2867 0x6f100004
