06-11 21:54:55.483 I/VDA     (  474): [0] "ImportBufferForPictureTask dmabuf_fds 63\n"
06-11 21:54:55.486 D/AudioTrack(28751): getTimestamp_l(80): device stall time corrected using current time 4926639348306
06-11 21:54:55.487 I/system_server(  633): oneway function results will be dropped but finished with status OK and parcel size 4
06-11 21:54:55.489 W/gralloc4(28751): Buffer descriptor with invalid usage bits 0x2000
06-11 21:54:55.490 W/gralloc4(  474): Buffer descriptor with invalid usage bits 0x2000
06-11 21:54:55.490 D/AmlogicVideoDecoderAwesome2(  474): [42]"======setOutputBuf, line 1298=======:10, 0x0, fd:80"
06-11 21:54:55.490 I/VideoDecWraper(  474): importBufferForPicture:10
06-11 21:54:55.490 D/VideoDecWraper(  474): outbuf color format NV21
06-11 21:54:55.490 I/V4l2Adaptor(  474): importBufferForPicture pictureBufferId 10, dmabufFd 40, metaFd 41
06-11 21:54:55.490 I/V4l2Adaptor(  474): onImportBufferForPicture pictureBufferId 10, dmabufFd 40, metaFd 41, plane size 1
06-11 21:54:55.490 I/V4l2Adaptor(  474): onImportBufferForPicture addr 0x0, stride 0, offset 0, size 0
06-11 21:54:55.490 I/VDA     (  474): [0] "ImportBufferForPicture picture_buffer_id 10\n"
06-11 21:54:55.491 I/VDA     (  474): [0] "ImportBufferForPictureTask dmabuf_fds 40\n"
06-11 21:54:55.524 I/VDA     (  474): [0] "ServiceDeviceTask(): buffer counts: IN[19,19], OUT[11,11,11] DEC[0->0] => DEVICE[3+0/3->0+0/14] => CLIENT[11]\n"
06-11 21:54:55.531 W/gralloc4(28751): Buffer descriptor with invalid usage bits 0x2000
06-11 21:54:55.533 W/gralloc4(  474): Buffer descriptor with invalid usage bits 0x2000
06-11 21:54:55.533 D/AmlogicVideoDecoderAwesome2(  474): [42]"======setOutputBuf, line 1298=======:11, 0x0, fd:85"
06-11 21:54:55.534 I/VideoDecWraper(  474): importBufferForPicture:11
06-11 21:54:55.534 D/VideoDecWraper(  474): outbuf color format NV21
06-11 21:54:55.534 I/V4l2Adaptor(  474): importBufferForPicture pictureBufferId 11, dmabufFd 73, metaFd 74
06-11 21:54:55.534 I/V4l2Adaptor(  474): onImportBufferForPicture pictureBufferId 11, dmabufFd 73, metaFd 74, plane size 1
06-11 21:54:55.534 I/V4l2Adaptor(  474): onImportBufferForPicture addr 0x0, stride 0, offset 0, size 0
06-11 21:54:55.534 I/VDA     (  474): [0] "ImportBufferForPicture picture_buffer_id 11\n"
06-11 21:54:55.534 I/VDA     (  474): [0] "ImportBufferForPictureTask dmabuf_fds 73\n"
06-11 21:54:55.549 D/stbdpc  (  397): STB_DPGetNumPaths[570]: num_paths: 1
06-11 21:54:55.565 I/VDA     (  474): [0] "ServiceDeviceTask(): buffer counts: IN[30,30], OUT[12,12,12] DEC[0->0] => DEVICE[3+0/3->0+0/14] => CLIENT[12]\n"
06-11 21:54:55.570 I/lowmemorykiller(  231): medium memory pressure event is triggered for new strategy
06-11 21:54:55.571 D/lowmemorykiller(  231): LMKD mp_event_psi kill_reasons available are PRESSURE_AFTER_KILL, NOT_RESPONDING, LOW_SWAP_AND_THRASHING, LOW_MEM_AND_SWAP, LOW_MEM_AND_THRASHING, DIRECT_RECL_AND_THRASHING
06-11 21:54:55.571 D/lowmemorykiller(  231): LMKD mp_event_psi kill_reason received= -1
06-11 21:54:55.594 I/VDA     (  474): [0] "ServiceDeviceTask(): buffer counts: IN[36,36], OUT[13,13,13] DEC[0->0] => DEVICE[3+0/3->0+0/14] => CLIENT[12]\n"
06-11 21:54:55.599 I/VDA     (  474): [0] "ServiceDeviceTask(): buffer counts: IN[36,36], OUT[13,13,13] DEC[0->0] => DEVICE[3+0/3->0+0/14] => CLIENT[12]\n"
06-11 21:54:55.614 I/VDA     (  474): [0] "ServiceDeviceTask(): buffer counts: IN[37,37], OUT[13,13,13] DEC[0->0] => DEVICE[3+0/3->0+0/14] => CLIENT[12]\n"
06-11 21:54:55.622 I/VDA     (  474): [0] "ServiceDeviceTask(): buffer counts: IN[37,37], OUT[13,13,13] DEC[0->0] => DEVICE[3+0/3->0+0/14] => CLIENT[12]\n"
06-11 21:54:55.640 I/VDA     (  474): [0] "ServiceDeviceTask(): buffer counts: IN[37,37], OUT[14,14,14] DEC[0->0] => DEVICE[3+0/3->0+0/14] => CLIENT[12]\n"
06-11 21:54:55.649 I/VDA     (  474): [0] "ServiceDeviceTask(): buffer counts: IN[37,37], OUT[14,14,14] DEC[0->0] => DEVICE[3+0/3->0+0/14] => CLIENT[12]\n"
06-11 21:54:55.649 D/stbdpc  (  397): STB_DPGetNumPaths[570]: num_paths: 1
06-11 21:54:55.656 I/VDA     (  474): [0] "ServiceDeviceTask(): buffer counts: IN[38,38], OUT[14,14,14] DEC[0->0] => DEVICE[3+0/3->0+0/14] => CLIENT[12]\n"
06-11 21:54:55.668 I/chatty  (  474): uid=1046(mediacodec) V4L2DecoderThre identical 1 line
06-11 21:54:55.670 I/VDA     (  474): [0] "ServiceDeviceTask(): buffer counts: IN[38,38], OUT[14,14,14] DEC[0->0] => DEVICE[3+0/3->0+0/14] => CLIENT[12]\n"
06-11 21:54:55.671 I/lowmemorykiller(  231): medium memory pressure event is triggered for new strategy
06-11 21:54:55.672 D/lowmemorykiller(  231): LMKD mp_event_psi kill_reasons available are PRESSURE_AFTER_KILL, NOT_RESPONDING, LOW_SWAP_AND_THRASHING, LOW_MEM_AND_SWAP, LOW_MEM_AND_THRASHING, DIRECT_RECL_AND_THRASHING
06-11 21:54:55.672 D/lowmemorykiller(  231): LMKD mp_event_psi kill_reason received= -1
06-11 21:54:55.673 I/VDA     (  474): [0] "ServiceDeviceTask(): buffer counts: IN[38,38], OUT[14,14,14] DEC[0->0] => DEVICE[3+0/3->0+0/14] => CLIENT[12]\n"
06-11 21:54:55.677 I/VDA     (  474): [0] "ServiceDeviceTask(): buffer counts: IN[38,38], OUT[14,14,14] DEC[0->0] => DEVICE[3+0/3->0+0/14] => CLIENT[12]\n"
06-11 21:54:55.677 D/rtk_heartbeat(  349): heartbeat_timed_out: heartbeatCmdCount = 4905, expected nextSeqNum = 4905
06-11 21:54:55.678 D/rtk_heartbeat(  349): rtkbt_heartbeat_cmpl_cback: Current SeqNum = 4905,should SeqNum=4905, status = 0
06-11 21:54:55.695 I/VDA     (  474): [0] "ServiceDeviceTask(): buffer counts: IN[38,38], OUT[15,15,15] DEC[0->0] => DEVICE[3+0/3->0+0/14] => CLIENT[12]\n"
06-11 21:54:55.697 W/gralloc4(28751): Buffer descriptor with invalid usage bits 0x2000
06-11 21:54:55.697 W/gralloc4(  474): Buffer descriptor with invalid usage bits 0x2000
06-11 21:54:55.697 D/AmlogicVideoDecoderAwesome2(  474): [42]"======setOutputBuf, line 1298=======:12, 0x0, fd:90"
06-11 21:54:55.697 I/VideoDecWraper(  474): importBufferForPicture:12
06-11 21:54:55.697 D/VideoDecWraper(  474): outbuf color format NV21
06-11 21:54:55.697 I/V4l2Adaptor(  474): importBufferForPicture pictureBufferId 12, dmabufFd 42, metaFd 68
06-11 21:54:55.697 I/V4l2Adaptor(  474): onImportBufferForPicture pictureBufferId 12, dmabufFd 42, metaFd 68, plane size 1
06-11 21:54:55.698 I/V4l2Adaptor(  474): onImportBufferForPicture addr 0x0, stride 0, offset 0, size 0
06-11 21:54:55.698 I/VDA     (  474): [0] "ImportBufferForPicture picture_buffer_id 12\n"
06-11 21:54:55.698 I/VDA     (  474): [0] "ImportBufferForPictureTask dmabuf_fds 42\n"
06-11 21:54:55.721 I/VDA     (  474): [0] "ServiceDeviceTask(): buffer counts: IN[39,39], OUT[16,16,16] DEC[0->0] => DEVICE[3+0/3->0+0/14] => CLIENT[13]\n"
06-11 21:54:55.726 I/VDA     (  474): [0] "ServiceDeviceTask(): buffer counts: IN[39,39], OUT[16,16,16] DEC[0->0] => DEVICE[3+0/3->0+0/14] => CLIENT[13]\n"
06-11 21:54:55.733 I/JioBackgroundSchedulerService( 2899): Check schedule  
06-11 21:54:55.740 V/AvrcpMediaPlayerWrapper(  764): onPlaybackStateChanged(): in.startv.hotstar : PlaybackState {state=3, position=251, buffered position=4640, speed=1.0, updated=4926890, actions=2359815, custom actions=[], active item id=1, error=null}
06-11 21:54:55.746 V/AvrcpMediaPlayerWrapper(  764): trySendMediaUpdate(): Metadata has been updated for in.startv.hotstar
06-11 21:54:55.746 D/AvrcpMediaPlayerList(  764): sendMediaUpdate
06-11 21:54:55.746 I/AvrcpMediaPlayerList(  764): sendMediaUpdate: Creating a one item queue for a player with no queue
06-11 21:54:55.746 D/AvrcpMediaPlayerList(  764): sendMediaUpdate state=PlaybackState {state=3, position=257, buffered position=4640, speed=1.0, updated=4926896, actions=2359815, custom actions=[], active item id=1, error=null}
06-11 21:54:55.746 D/AvrcpTargetService(  764): onMediaUpdated: track_changed=false state=true queue=false
06-11 21:54:55.746 D/AvrcpNativeInterface(  764): sendMediaUpdate: metadata=false playStatus=true queue=false
06-11 21:54:55.746 D/AvrcpTargetJni(  764): sendMediaUpdateNative
06-11 21:54:55.746 I/bt_stack(  764): [INFO:avrcp_service.cc(346)] virtual void bluetooth::avrcp::AvrcpService::SendMediaUpdate(bool, bool, bool) track_changed=0 :  play_state=1 :  queue=0
06-11 21:54:55.749 D/stbdpc  (  397): STB_DPGetNumPaths[570]: num_paths: 1
06-11 21:54:55.757 I/VDA     (  474): [0] "ServiceDeviceTask(): buffer counts: IN[40,40], OUT[17,17,17] DEC[0->0] => DEVICE[3+0/3->0+0/14] => CLIENT[13]\n"
06-11 21:54:55.763 I/chatty  (  474): uid=1046(mediacodec) V4L2DecoderThre identical 2 lines
06-11 21:54:55.768 I/VDA     (  474): [0] "ServiceDeviceTask(): buffer counts: IN[40,40], OUT[17,17,17] DEC[0->0] => DEVICE[3+0/3->0+0/14] => CLIENT[13]\n"
06-11 21:54:55.772 I/lowmemorykiller(  231): medium memory pressure event is triggered for new strategy
06-11 21:54:55.772 D/lowmemorykiller(  231): LMKD mp_event_psi kill_reasons available are PRESSURE_AFTER_KILL, NOT_RESPONDING, LOW_SWAP_AND_THRASHING, LOW_MEM_AND_SWAP, LOW_MEM_AND_THRASHING, DIRECT_RECL_AND_THRASHING
06-11 21:54:55.772 D/lowmemorykiller(  231): LMKD mp_event_psi kill_reason received= -1
06-11 21:54:55.773 I/VDA     (  474): [0] "ServiceDeviceTask(): buffer counts: IN[40,40], OUT[17,17,17] DEC[0->0] => DEVICE[3+0/3->0+0/14] => CLIENT[13]\n"
06-11 21:54:55.779 I/chatty  (  474): uid=1046(mediacodec) V4L2DecoderThre identical 1 line
06-11 21:54:55.784 I/VDA     (  474): [0] "ServiceDeviceTask(): buffer counts: IN[40,40], OUT[17,17,17] DEC[0->0] => DEVICE[3+0/3->0+0/14] => CLIENT[13]\n"
06-11 21:54:55.803 I/VDA     (  474): [0] "ServiceDeviceTask(): buffer counts: IN[40,40], OUT[18,18,18] DEC[0->0] => DEVICE[3+0/3->0+0/14] => CLIENT[13]\n"
06-11 21:54:55.811 I/VDA     (  474): [0] "ServiceDeviceTask(): buffer counts: IN[40,40], OUT[18,18,18] DEC[0->0] => DEVICE[3+0/3->0+0/14] => CLIENT[13]\n"
06-11 21:54:55.823 I/VDA     (  474): [0] "ServiceDeviceTask(): buffer counts: IN[41,41], OUT[18,18,18] DEC[0->0] => DEVICE[3+0/3->0+0/14] => CLIENT[13]\n"
06-11 21:54:55.844 I/VDA     (  474): [0] "ServiceDeviceTask(): buffer counts: IN[42,42], OUT[19,19,19] DEC[0->0] => DEVICE[3+0/3->0+0/14] => CLIENT[13]\n"
06-11 21:54:55.848 I/VDA     (  474): [0] "ServiceDeviceTask(): buffer counts: IN[42,42], OUT[19,19,19] DEC[0->0] => DEVICE[3+0/3->0+0/14] => CLIENT[13]\n"
06-11 21:54:55.850 D/stbdpc  (  397): STB_DPGetNumPaths[570]: num_paths: 1
06-11 21:54:55.854 I/VDA     (  474): [0] "ServiceDeviceTask(): buffer counts: IN[42,42], OUT[19,19,19] DEC[0->0] => DEVICE[3+0/3->0+0/14] => CLIENT[13]\n"
06-11 21:54:55.864 I/VDA     (  474): [0] "ServiceDeviceTask(): buffer counts: IN[42,42], OUT[19,19,19] DEC[0->0] => DEVICE[3+0/3->0+0/14] => CLIENT[13]\n"
06-11 21:54:55.866 D/dvb_iptv(  397): ReadEmmNetworkTask[1537]: EMM Select Timeout Occured 55
06-11 21:54:55.872 I/lowmemorykiller(  231): medium memory pressure event is triggered for new strategy
06-11 21:54:55.872 I/VDA     (  474): [0] "ServiceDeviceTask(): buffer counts: IN[42,42], OUT[19,19,19] DEC[0->0] => DEVICE[3+0/3->0+0/14] => CLIENT[13]\n"
06-11 21:54:55.872 D/lowmemorykiller(  231): LMKD mp_event_psi kill_reasons available are PRESSURE_AFTER_KILL, NOT_RESPONDING, LOW_SWAP_AND_THRASHING, LOW_MEM_AND_SWAP, LOW_MEM_AND_THRASHING, DIRECT_RECL_AND_THRASHING
06-11 21:54:55.872 D/lowmemorykiller(  231): LMKD mp_event_psi kill_reason received= -1
06-11 21:54:55.894 I/VDA     (  474): [0] "ServiceDeviceTask(): buffer counts: IN[42,42], OUT[20,20,20] DEC[0->0] => DEVICE[3+0/3->0+0/14] => CLIENT[13]\n"
06-11 21:54:55.900 I/VDA     (  474): [0] "ServiceDeviceTask(): buffer counts: IN[42,42], OUT[20,20,20] DEC[0->0] => DEVICE[3+0/3->0+0/14] => CLIENT[13]\n"
06-11 21:54:55.906 I/VDA     (  474): [0] "ServiceDeviceTask(): buffer counts: IN[43,43], OUT[20,20,20] DEC[0->0] => DEVICE[3+0/3->0+0/14] => CLIENT[13]\n"
06-11 21:54:55.911 I/VDA     (  474): [0] "ServiceDeviceTask(): buffer counts: IN[43,43], OUT[20,20,20] DEC[0->0] => DEVICE[3+0/3->0+0/14] => CLIENT[13]\n"
06-11 21:54:55.927 I/VDA     (  474): [0] "ServiceDeviceTask(): buffer counts: IN[44,44], OUT[21,21,21] DEC[0->0] => DEVICE[3+0/3->0+0/14] => CLIENT[13]\n"
06-11 21:54:55.948 I/chatty  (  474): uid=1046(mediacodec) V4L2DecoderThre identical 4 lines
06-11 21:54:55.949 I/VDA     (  474): [0] "ServiceDeviceTask(): buffer counts: IN[44,44], OUT[21,21,21] DEC[0->0] => DEVICE[3+0/3->0+0/14] => CLIENT[13]\n"
06-11 21:54:55.950 D/stbdpc  (  397): STB_DPGetNumPaths[570]: num_paths: 1
06-11 21:54:55.951 I/VDA     (  474): [0] "ServiceDeviceTask(): buffer counts: IN[44,44], OUT[21,21,21] DEC[0->0] => DEVICE[3+0/3->0+0/14] => CLIENT[13]\n"
06-11 21:54:55.952 D/BasicMediaStatusFactory(28751): Supported media session actions: 2359815
06-11 21:54:55.964 I/VDA     (  474): [0] "ServiceDeviceTask(): buffer counts: IN[44,44], OUT[21,21,21] DEC[0->0] => DEVICE[3+0/3->0+0/14] => CLIENT[13]\n"
06-11 21:54:55.972 I/lowmemorykiller(  231): medium memory pressure event is triggered for new strategy
06-11 21:54:55.973 D/lowmemorykiller(  231): LMKD mp_event_psi kill_reasons available are PRESSURE_AFTER_KILL, NOT_RESPONDING, LOW_SWAP_AND_THRASHING, LOW_MEM_AND_SWAP, LOW_MEM_AND_THRASHING, DIRECT_RECL_AND_THRASHING
06-11 21:54:55.973 D/lowmemorykiller(  231): LMKD mp_event_psi kill_reason received= -1
06-11 21:54:56.000 D/CCodecBuffers(28751): [c2.android.aac.decoder#386:1D-Input.Impl[N]] codec released a buffer owned by client (index 1)
06-11 21:54:56.012 D/TimestampAdjuster(28751): Providing adjuster for mimeType  disc: 0 useAudioTimestampAdjuster false
06-11 21:54:56.050 D/stbdpc  (  397): STB_DPGetNumPaths[570]: num_paths: 1
06-11 21:54:56.073 I/lowmemorykiller(  231): medium memory pressure event is triggered for new strategy
06-11 21:54:56.106 I/VDA     (  474): [0] "ServiceDeviceTask(): buffer counts: IN[46,46], OUT[25,25,25] DEC[0->0] => DEVICE[3+0/3->0+0/14] => CLIENT[13]\n"
06-11 21:54:56.119 I/chatty  (  474): uid=1046(mediacodec) V4L2DecoderThre identical 1 line
06-11 21:54:56.125 I/VDA     (  474): [0] "ServiceDeviceTask(): buffer counts: IN[46,46], OUT[25,25,25] DEC[0->0] => DEVICE[3+0/3->0+0/14] => CLIENT[13]\n"
06-11 21:54:56.130 I/VDA     (  474): [0] "ServiceDeviceTask(): buffer counts: IN[47,47], OUT[25,25,25] DEC[0->0] => DEVICE[3+0/3->0+0/14] => CLIENT[13]\n"
06-11 21:54:56.146 I/appium  (29088): channel read: POST /session/ef84e68c-339a-4786-90f9-776316a36363/element
06-11 21:54:56.147 I/appium  (29088): FindElement command
06-11 21:54:56.150 I/appium  (29088): method: 'xpath', selector: '//android.view.ViewGroup[@resource-id='in.startv.hotstar:id/ad_meta_container']'
06-11 21:54:56.150 D/stbdpc  (  397): STB_DPGetNumPaths[570]: num_paths: 1
06-11 21:54:56.150 I/appium  (29088): Waiting up to 10000ms for the device to idle
06-11 21:54:56.173 I/lowmemorykiller(  231): medium memory pressure event is triggered for new strategy
06-11 21:54:56.206 W/[ 4927.356868@0]  RTW(    0): Turbo EDCA =0xa42b
06-11 21:54:56.226 I/VDA     (  474): [0] "ServiceDeviceTask(): buffer counts: IN[49,49], OUT[28,28,28] DEC[0->0] => DEVICE[3+0/3->0+0/14] => CLIENT[13]\n"
06-11 21:54:56.233 I/chatty  (  474): uid=1046(mediacodec) V4L2DecoderThre identical 1 line
06-11 21:54:56.238 I/VDA     (  474): [0] "ServiceDeviceTask(): buffer counts: IN[49,49], OUT[28,28,28] DEC[0->0] => DEVICE[3+0/3->0+0/14] => CLIENT[13]\n"
06-11 21:54:56.248 I/VDA     (  474): [0] "ServiceDeviceTask(): buffer counts: IN[50,50], OUT[28,28,28] DEC[0->0] => DEVICE[3+0/3->0+0/14] => CLIENT[13]\n"
06-11 21:54:56.250 D/stbdpc  (  397): STB_DPGetNumPaths[570]: num_paths: 1
06-11 21:54:56.274 I/lowmemorykiller(  231): medium memory pressure event is triggered for new strategy
06-11 21:54:56.274 D/lowmemorykiller(  231): LMKD mp_event_psi kill_reasons available are PRESSURE_AFTER_KILL, NOT_RESPONDING, LOW_SWAP_AND_THRASHING, LOW_MEM_AND_SWAP, LOW_MEM_AND_THRASHING, DIRECT_RECL_AND_THRASHING
06-11 21:54:56.274 D/lowmemorykiller(  231): LMKD mp_event_psi kill_reason received= -1
06-11 21:54:56.295 D/TimestampAdjuster(28751): Providing adjuster for mimeType  disc: 0 useAudioTimestampAdjuster false
06-11 21:54:56.350 D/stbdpc  (  397): STB_DPGetNumPaths[570]: num_paths: 1
06-11 21:54:56.366 D/dvb_iptv(  397): ReadEmmNetworkTask[1537]: EMM Select Timeout Occured 56
06-11 21:54:56.374 I/lowmemorykiller(  231): medium memory pressure event is triggered for new strategy
06-11 21:54:56.396 D/CCodecBuffers(28751): [c2.android.aac.decoder#386:1D-Input.Impl[N]] codec released a buffer owned by client (index 0)
06-11 21:54:56.423 D/JioStbInactivityTimer(  926): Timer: count 512 warningTimeout:10680 timeout:10800
06-11 21:54:56.423 D/JioStbInactivityTimer(  926): isUserActive: Curr:4414283 Prev:4414283
06-11 21:54:56.425 I/VDA     (  474): [0] "ServiceDeviceTask(): buffer counts: IN[54,54], OUT[32,32,32] DEC[0->0] => DEVICE[3+0/3->0+0/14] => CLIENT[13]\n"
06-11 21:54:56.431 I/VDA     (  474): [0] "ServiceDeviceTask(): buffer counts: IN[54,54], OUT[32,32,32] DEC[0->0] => DEVICE[3+0/3->0+0/14] => CLIENT[13]\n"
06-11 21:54:56.451 D/stbdpc  (  397): STB_DPGetNumPaths[570]: num_paths: 1
06-11 21:54:56.474 I/lowmemorykiller(  231): medium memory pressure event is triggered for new strategy
06-11 21:54:56.475 D/lowmemorykiller(  231): LMKD mp_event_psi kill_reasons available are PRESSURE_AFTER_KILL, NOT_RESPONDING, LOW_SWAP_AND_THRASHING, LOW_MEM_AND_SWAP, LOW_MEM_AND_THRASHING, DIRECT_RECL_AND_THRASHING
06-11 21:54:56.475 D/lowmemorykiller(  231): LMKD mp_event_psi kill_reason received= -1
06-11 21:54:56.487 E/WifiVendorHal(  633): getWifiLinkLayerStats_1_3_Internal(l.973) failed {.code = ERROR_UNKNOWN, .description = unknown error}
06-11 21:54:56.518 D/TimestampAdjuster(28751): Providing adjuster for mimeType  disc: 0 useAudioTimestampAdjuster false
06-11 21:54:56.535 I/VDA     (  474): [0] "ServiceDeviceTask(): buffer counts: IN[56,56], OUT[35,35,35] DEC[0->0] => DEVICE[3+0/3->0+0/14] => CLIENT[13]\n"
06-11 21:54:56.543 I/chatty  (  474): uid=1046(mediacodec) V4L2DecoderThre identical 2 lines
06-11 21:54:56.547 I/VDA     (  474): [0] "ServiceDeviceTask(): buffer counts: IN[56,56], OUT[35,35,35] DEC[0->0] => DEVICE[3+0/3->0+0/14] => CLIENT[13]\n"
06-11 21:54:56.549 I/VDA     (  474): [0] "ServiceDeviceTask(): buffer counts: IN[57,57], OUT[35,35,35] DEC[0->0] => DEVICE[3+0/3->0+0/14] => CLIENT[13]\n"
06-11 21:54:56.551 D/stbdpc  (  397): STB_DPGetNumPaths[570]: num_paths: 1
06-11 21:54:56.552 I/VDA     (  474): [0] "ServiceDeviceTask(): buffer counts: IN[57,57], OUT[35,35,35] DEC[0->0] => DEVICE[3+0/3->0+0/14] => CLIENT[13]\n"
06-11 21:54:56.557 I/VDA     (  474): [0] "ServiceDeviceTask(): buffer counts: IN[57,57], OUT[35,35,35] DEC[0->0] => DEVICE[3+0/3->0+0/14] => CLIENT[13]\n"
06-11 21:54:56.562 I/VDA     (  474): [0] "ServiceDeviceTask(): buffer counts: IN[58,58], OUT[35,35,35] DEC[0->0] => DEVICE[3+0/3->0+0/14] => CLIENT[13]\n"
06-11 21:54:56.564 I/VDA     (  474): [0] "ServiceDeviceTask(): buffer counts: IN[58,58], OUT[35,35,35] DEC[0->0] => DEVICE[3+0/3->0+0/14] => CLIENT[13]\n"
06-11 21:54:56.575 I/lowmemorykiller(  231): medium memory pressure event is triggered for new strategy
06-11 21:54:56.581 I/VDA     (  474): [0] "ServiceDeviceTask(): buffer counts: IN[59,59], OUT[36,36,36] DEC[0->0] => DEVICE[3+0/3->0+0/14] => CLIENT[13]\n"
06-11 21:54:56.603 I/chatty  (  474): uid=1046(mediacodec) V4L2DecoderThre identical 5 lines
06-11 21:54:56.607 I/VDA     (  474): [0] "ServiceDeviceTask(): buffer counts: IN[59,59], OUT[36,36,36] DEC[0->0] => DEVICE[3+0/3->0+0/14] => CLIENT[13]\n"
06-11 21:54:56.609 I/VDA     (  474): [0] "ServiceDeviceTask(): buffer counts: IN[60,60], OUT[36,36,36] DEC[0->0] => DEVICE[3+0/3->0+0/14] => CLIENT[13]\n"
06-11 21:54:56.610 I/chatty  (  474): uid=1046(mediacodec) V4L2DecoderThre identical 1 line
06-11 21:54:56.613 I/VDA     (  474): [0] "ServiceDeviceTask(): buffer counts: IN[60,60], OUT[36,36,36] DEC[0->0] => DEVICE[3+0/3->0+0/14] => CLIENT[13]\n"
06-11 21:54:56.626 I/VDA     (  474): [0] "ServiceDeviceTask(): buffer counts: IN[60,60], OUT[37,37,37] DEC[0->0] => DEVICE[3+0/3->0+0/14] => CLIENT[13]\n"
06-11 21:54:56.630 I/VDA     (  474): [0] "ServiceDeviceTask(): buffer counts: IN[60,60], OUT[37,37,37] DEC[0->0] => DEVICE[3+0/3->0+0/14] => CLIENT[13]\n"
06-11 21:54:56.640 I/VDA     (  474): [0] "ServiceDeviceTask(): buffer counts: IN[61,61], OUT[37,37,37] DEC[0->0] => DEVICE[3+0/3->0+0/14] => CLIENT[13]\n"
06-11 21:54:56.647 I/chatty  (  474): uid=1046(mediacodec) V4L2DecoderThre identical 2 lines
06-11 21:54:56.649 I/VDA     (  474): [0] "ServiceDeviceTask(): buffer counts: IN[61,61], OUT[37,37,37] DEC[0->0] => DEVICE[3+0/3->0+0/14] => CLIENT[13]\n"
06-11 21:54:56.651 D/stbdpc  (  397): STB_DPGetNumPaths[570]: num_paths: 1
06-11 21:54:56.656 D/TimestampAdjuster(28751): Providing adjuster for mimeType  disc: 0 useAudioTimestampAdjuster false
06-11 21:54:56.663 I/VDA     (  474): [0] "ServiceDeviceTask(): buffer counts: IN[61,61], OUT[37,37,37] DEC[0->0] => DEVICE[3+0/3->0+0/14] => CLIENT[13]\n"
06-11 21:54:56.673 I/VDA     (  474): [0] "ServiceDeviceTask(): buffer counts: IN[61,61], OUT[38,38,38] DEC[0->0] => DEVICE[3+0/3->0+0/14] => CLIENT[13]\n"
06-11 21:54:56.676 I/VDA     (  474): [0] "ServiceDeviceTask(): buffer counts: IN[61,61], OUT[38,38,38] DEC[0->0] => DEVICE[3+0/3->0+0/14] => CLIENT[13]\n"
06-11 21:54:56.678 D/rtk_heartbeat(  349): heartbeat_timed_out: heartbeatCmdCount = 4906, expected nextSeqNum = 4906
06-11 21:54:56.679 D/rtk_heartbeat(  349): rtkbt_heartbeat_cmpl_cback: Current SeqNum = 4906,should SeqNum=4906, status = 0
06-11 21:54:56.681 I/VDA     (  474): [0] "ServiceDeviceTask(): buffer counts: IN[61,61], OUT[38,38,38] DEC[0->0] => DEVICE[3+0/3->0+0/14] => CLIENT[13]\n"
06-11 21:54:56.690 I/VDA     (  474): [0] "ServiceDeviceTask(): buffer counts: IN[61,61], OUT[38,38,38] DEC[0->0] => DEVICE[3+0/3->0+0/14] => CLIENT[13]\n"
06-11 21:54:56.694 I/VDA     (  474): [0] "ServiceDeviceTask(): buffer counts: IN[62,62], OUT[38,38,38] DEC[0->0] => DEVICE[3+0/3->0+0/14] => CLIENT[13]\n"
06-11 21:54:56.704 I/.startv.hotsta(28751): Background concurrent copying GC freed 122575(14MB) AllocSpace objects, 200(15MB) LOS objects, 38% free, 38MB/62MB, paused 902us total 896.251ms
06-11 21:54:56.708 I/VDA     (  474): [0] "ServiceDeviceTask(): buffer counts: IN[62,62], OUT[39,39,39] DEC[0->0] => DEVICE[3+0/3->0+0/14] => CLIENT[13]\n"
06-11 21:54:56.714 I/chatty  (  474): uid=1046(mediacodec) V4L2DecoderThre identical 3 lines
06-11 21:54:56.718 I/VDA     (  474): [0] "ServiceDeviceTask(): buffer counts: IN[62,62], OUT[39,39,39] DEC[0->0] => DEVICE[3+0/3->0+0/14] => CLIENT[13]\n"
06-11 21:54:56.725 I/VDA     (  474): [0] "ServiceDeviceTask(): buffer counts: IN[63,63], OUT[39,39,39] DEC[0->0] => DEVICE[3+0/3->0+0/14] => CLIENT[13]\n"
06-11 21:54:56.744 I/chatty  (  474): uid=1046(mediacodec) V4L2DecoderThre identical 8 lines
06-11 21:54:56.745 I/VDA     (  474): [0] "ServiceDeviceTask(): buffer counts: IN[63,63], OUT[39,39,39] DEC[0->0] => DEVICE[3+0/3->0+0/14] => CLIENT[13]\n"
06-11 21:54:56.748 I/VDA     (  474): [0] "ServiceDeviceTask(): buffer counts: IN[63,63], OUT[40,39,39] DEC[0->0] => DEVICE[3+0/3->0+1/14] => CLIENT[12]\n"
06-11 21:54:56.751 D/stbdpc  (  397): STB_DPGetNumPaths[570]: num_paths: 1
06-11 21:54:56.757 I/VDA     (  474): [0] "ServiceDeviceTask(): buffer counts: IN[63,63], OUT[40,40,40] DEC[0->0] => DEVICE[3+0/3->0+0/14] => CLIENT[13]\n"
06-11 21:54:56.766 I/chatty  (  474): uid=1046(mediacodec) V4L2DecoderThre identical 6 lines
06-11 21:54:56.770 I/VDA     (  474): [0] "ServiceDeviceTask(): buffer counts: IN[63,63], OUT[40,40,40] DEC[0->0] => DEVICE[3+0/3->0+0/14] => CLIENT[13]\n"
06-11 21:54:56.775 I/VDA     (  474): [0] "ServiceDeviceTask(): buffer counts: IN[64,64], OUT[40,40,40] DEC[0->0] => DEVICE[3+0/3->0+0/14] => CLIENT[13]\n"
06-11 21:54:56.827 I/VDA     (  474): [0] "ServiceDeviceTask(): buffer counts: IN[64,64], OUT[42,42,42] DEC[0->0] => DEVICE[3+0/3->0+0/14] => CLIENT[13]\n"
06-11 21:54:56.835 I/chatty  (  474): uid=1046(mediacodec) V4L2DecoderThre identical 5 lines
06-11 21:54:56.837 I/VDA     (  474): [0] "ServiceDeviceTask(): buffer counts: IN[64,64], OUT[42,42,42] DEC[0->0] => DEVICE[3+0/3->0+0/14] => CLIENT[13]\n"
06-11 21:54:56.839 I/VDA     (  474): [0] "ServiceDeviceTask(): buffer counts: IN[65,65], OUT[42,42,42] DEC[0->0] => DEVICE[3+0/3->0+0/14] => CLIENT[13]\n"
06-11 21:54:56.845 I/chatty  (  474): uid=1046(mediacodec) V4L2DecoderThre identical 3 lines
06-11 21:54:56.848 I/VDA     (  474): [0] "ServiceDeviceTask(): buffer counts: IN[65,65], OUT[42,42,42] DEC[0->0] => DEVICE[3+0/3->0+0/14] => CLIENT[13]\n"
06-11 21:54:56.849 D/ltts_ip_emm(  397): LTTS_IP_DMXStartEMM[381]: parse_emm_cat_status failed
06-11 21:54:56.850 I/VDA     (  474): [0] "ServiceDeviceTask(): buffer counts: IN[65,65], OUT[42,42,42] DEC[0->0] => DEVICE[3+0/3->0+0/14] => CLIENT[13]\n"
06-11 21:54:56.851 D/stbdpc  (  397): STB_DPGetNumPaths[570]: num_paths: 1
06-11 21:54:56.853 I/VDA     (  474): [0] "ServiceDeviceTask(): buffer counts: IN[66,66], OUT[42,42,42] DEC[0->0] => DEVICE[3+0/3->0+0/14] => CLIENT[13]\n"
06-11 21:54:56.856 I/chatty  (  474): uid=1046(mediacodec) V4L2DecoderThre identical 1 line
06-11 21:54:56.857 I/VDA     (  474): [0] "ServiceDeviceTask(): buffer counts: IN[66,66], OUT[42,42,42] DEC[0->0] => DEVICE[3+0/3->0+0/14] => CLIENT[13]\n"
06-11 21:54:56.866 D/dvb_iptv(  397): ReadEmmNetworkTask[1537]: EMM Select Timeout Occured 57
06-11 21:54:56.900 I/VDA     (  474): [0] "ServiceDeviceTask(): buffer counts: IN[66,66], OUT[44,44,44] DEC[0->0] => DEVICE[3+0/3->0+0/14] => CLIENT[13]\n"
06-11 21:54:56.912 I/chatty  (  474): uid=1046(mediacodec) V4L2DecoderThre identical 4 lines
06-11 21:54:56.914 I/VDA     (  474): [0] "ServiceDeviceTask(): buffer counts: IN[66,66], OUT[44,44,44] DEC[0->0] => DEVICE[3+0/3->0+0/14] => CLIENT[13]\n"
06-11 21:54:56.918 I/VDA     (  474): [0] "ServiceDeviceTask(): buffer counts: IN[67,67], OUT[44,44,44] DEC[0->0] => DEVICE[3+0/3->0+0/14] => CLIENT[13]\n"
06-11 21:54:56.927 I/chatty  (  474): uid=1046(mediacodec) V4L2DecoderThre identical 6 lines
06-11 21:54:56.928 I/VDA     (  474): [0] "ServiceDeviceTask(): buffer counts: IN[67,67], OUT[44,44,44] DEC[0->0] => DEVICE[3+0/3->0+0/14] => CLIENT[13]\n"
06-11 21:54:56.952 D/stbdpc  (  397): STB_DPGetNumPaths[570]: num_paths: 1
06-11 21:54:56.990 I/VDA     (  474): [0] "ServiceDeviceTask(): buffer counts: IN[68,68], OUT[46,46,46] DEC[0->0] => DEVICE[3+0/3->0+0/14] => CLIENT[13]\n"
06-11 21:54:56.992 I/chatty  (  474): uid=1046(mediacodec) V4L2DecoderThre identical 1 line
06-11 21:54:56.994 I/VDA     (  474): [0] "ServiceDeviceTask(): buffer counts: IN[68,68], OUT[46,46,46] DEC[0->0] => DEVICE[3+0/3->0+0/14] => CLIENT[13]\n"
06-11 21:54:56.995 I/ThermalService(  969): CPU temperatures: [63.500004]
06-11 21:54:56.998 I/VDA     (  474): [0] "ServiceDeviceTask(): buffer counts: IN[69,69], OUT[46,46,46] DEC[0->0] => DEVICE[3+0/3->0+0/14] => CLIENT[13]\n"
06-11 21:54:57.007 I/chatty  (  474): uid=1046(mediacodec) V4L2DecoderThre identical 4 lines
06-11 21:54:57.008 I/VDA     (  474): [0] "ServiceDeviceTask(): buffer counts: IN[69,69], OUT[46,46,46] DEC[0->0] => DEVICE[3+0/3->0+0/14] => CLIENT[13]\n"
06-11 21:54:57.010 I/VDA     (  474): [0] "ServiceDeviceTask(): buffer counts: IN[70,70], OUT[46,46,46] DEC[0->0] => DEVICE[3+0/3->0+0/14] => CLIENT[13]\n"
06-11 21:54:57.052 D/stbdpc  (  397): STB_DPGetNumPaths[570]: num_paths: 1
06-11 21:54:57.072 I/VDA     (  474): [0] "ServiceDeviceTask(): buffer counts: IN[70,70], OUT[48,48,48] DEC[0->0] => DEVICE[3+0/3->0+0/14] => CLIENT[13]\n"
06-11 21:54:57.090 I/chatty  (  474): uid=1046(mediacodec) V4L2DecoderThre identical 11 lines
06-11 21:54:57.091 I/VDA     (  474): [0] "ServiceDeviceTask(): buffer counts: IN[70,70], OUT[48,48,48] DEC[0->0] => DEVICE[3+0/3->0+0/14] => CLIENT[13]\n"
06-11 21:54:57.109 I/VDA     (  474): [0] "ServiceDeviceTask(): buffer counts: IN[72,72], OUT[49,49,49] DEC[0->0] => DEVICE[3+0/3->0+0/14] => CLIENT[13]\n"
06-11 21:54:57.119 I/chatty  (  474): uid=1046(mediacodec) V4L2DecoderThre identical 4 lines
06-11 21:54:57.120 I/VDA     (  474): [0] "ServiceDeviceTask(): buffer counts: IN[72,72], OUT[49,49,49] DEC[0->0] => DEVICE[3+0/3->0+0/14] => CLIENT[13]\n"
06-11 21:54:57.122 I/VDA     (  474): [0] "ServiceDeviceTask(): buffer counts: IN[73,73], OUT[49,49,49] DEC[0->0] => DEVICE[3+0/3->0+0/14] => CLIENT[13]\n"
06-11 21:54:57.127 I/chatty  (  474): uid=1046(mediacodec) V4L2DecoderThre identical 2 lines
06-11 21:54:57.131 I/VDA     (  474): [0] "ServiceDeviceTask(): buffer counts: IN[73,73], OUT[49,49,49] DEC[0->0] => DEVICE[3+0/3->0+0/14] => CLIENT[13]\n"
06-11 21:54:57.133 I/.startv.hotsta(28751): oneway function results will be dropped but finished with status OK and parcel size 4
06-11 21:54:57.137 I/e.swalekh.abct( 1359): oneway function results will be dropped but finished with status OK and parcel size 4
06-11 21:54:57.143 I/VDA     (  474): [0] "ServiceDeviceTask(): buffer counts: IN[73,73], OUT[50,50,50] DEC[0->0] => DEVICE[3+0/3->0+0/14] => CLIENT[13]\n"
06-11 21:54:57.145 I/VDA     (  474): [0] "ServiceDeviceTask(): buffer counts: IN[73,73], OUT[50,50,50] DEC[0->0] => DEVICE[3+0/3->0+0/14] => CLIENT[13]\n"
06-11 21:54:57.148 D/JioSTBMRServer-SERVICE( 3589): InetSocketAddress(InetAddress.getByName(inetAddress.hostAddress)-/192.168.1.255
06-11 21:54:57.148 D/JioSTBMRServer-SERVICE( 3589): #beacon:RKISBFJ60000097:0:false:0:1:SV=181024 , 192.168.1.255
06-11 21:54:57.148 I/VDA     (  474): [0] "ServiceDeviceTask(): buffer counts: IN[73,73], OUT[50,50,50] DEC[0->0] => DEVICE[3+0/3->0+0/14] => CLIENT[13]\n"
06-11 21:54:57.150 I/VDA     (  474): [0] "ServiceDeviceTask(): buffer counts: IN[73,73], OUT[50,50,50] DEC[0->0] => DEVICE[3+0/3->0+0/14] => CLIENT[13]\n"
06-11 21:54:57.151 D/JioSTBMRServer-SERVICE( 3589): InetSocketAddress(InetAddress.getByName(inetAddress.hostAddress)-/192.168.1.255
06-11 21:54:57.151 D/JioSTBMRServer-SERVICE( 3589): #broadcast IP:192.168.1.255
06-11 21:54:57.152 D/stbdpc  (  397): STB_DPGetNumPaths[570]: num_paths: 1
06-11 21:54:57.154 I/VDA     (  474): [0] "ServiceDeviceTask(): buffer counts: IN[73,73], OUT[50,50,50] DEC[0->0] => DEVICE[3+0/3->0+0/14] => CLIENT[13]\n"
06-11 21:54:57.167 I/chatty  (  474): uid=1046(mediacodec) V4L2DecoderThre identical 10 lines
06-11 21:54:57.168 I/VDA     (  474): [0] "ServiceDeviceTask(): buffer counts: IN[73,73], OUT[50,50,50] DEC[0->0] => DEVICE[3+0/3->0+0/14] => CLIENT[13]\n"
06-11 21:54:57.170 I/VDA     (  474): [0] "ServiceDeviceTask(): buffer counts: IN[74,74], OUT[50,50,50] DEC[0->0] => DEVICE[3+0/3->0+0/14] => CLIENT[13]\n"
06-11 21:54:57.182 I/chatty  (  474): uid=1046(mediacodec) V4L2DecoderThre identical 8 lines
06-11 21:54:57.183 I/VDA     (  474): [0] "ServiceDeviceTask(): buffer counts: IN[74,74], OUT[50,50,50] DEC[0->0] => DEVICE[3+0/3->0+0/14] => CLIENT[13]\n"
06-11 21:54:57.192 I/VDA     (  474): [0] "ServiceDeviceTask(): buffer counts: IN[74,74], OUT[51,51,51] DEC[0->0] => DEVICE[3+0/3->0+0/14] => CLIENT[13]\n"
06-11 21:54:57.211 I/chatty  (  474): uid=1046(mediacodec) V4L2DecoderThre identical 9 lines
06-11 21:54:57.212 I/VDA     (  474): [0] "ServiceDeviceTask(): buffer counts: IN[74,74], OUT[51,51,51] DEC[0->0] => DEVICE[3+0/3->0+0/14] => CLIENT[13]\n"
06-11 21:54:57.222 I/VDA     (  474): [0] "ServiceDeviceTask(): buffer counts: IN[75,75], OUT[52,52,52] DEC[0->0] => DEVICE[3+0/3->0+0/14] => CLIENT[13]\n"
06-11 21:54:57.247 I/chatty  (  474): uid=1046(mediacodec) V4L2DecoderThre identical 18 lines
06-11 21:54:57.248 I/VDA     (  474): [0] "ServiceDeviceTask(): buffer counts: IN[75,75], OUT[52,52,52] DEC[0->0] => DEVICE[3+0/3->0+0/14] => CLIENT[13]\n"
06-11 21:54:57.250 I/VDA     (  474): [0] "ServiceDeviceTask(): buffer counts: IN[76,76], OUT[52,52,52] DEC[0->0] => DEVICE[3+0/3->0+0/14] => CLIENT[13]\n"
06-11 21:54:57.252 D/stbdpc  (  397): STB_DPGetNumPaths[570]: num_paths: 1
06-11 21:54:57.253 I/VDA     (  474): [0] "ServiceDeviceTask(): buffer counts: IN[76,76], OUT[52,52,52] DEC[0->0] => DEVICE[3+0/3->0+0/14] => CLIENT[13]\n"
06-11 21:54:57.260 I/chatty  (  474): uid=1046(mediacodec) V4L2DecoderThre identical 4 lines
06-11 21:54:57.262 I/VDA     (  474): [0] "ServiceDeviceTask(): buffer counts: IN[76,76], OUT[52,52,52] DEC[0->0] => DEVICE[3+0/3->0+0/14] => CLIENT[13]\n"
06-11 21:54:57.278 I/VDA     (  474): [0] "ServiceDeviceTask(): buffer counts: IN[76,76], OUT[53,53,53] DEC[0->0] => DEVICE[3+0/3->0+0/14] => CLIENT[13]\n"
06-11 21:54:57.292 I/chatty  (  474): uid=1046(mediacodec) V4L2DecoderThre identical 4 lines
06-11 21:54:57.293 I/VDA     (  474): [0] "ServiceDeviceTask(): buffer counts: IN[76,76], OUT[53,53,53] DEC[0->0] => DEVICE[3+0/3->0+0/14] => CLIENT[13]\n"
06-11 21:54:57.303 I/VDA     (  474): [0] "ServiceDeviceTask(): buffer counts: IN[77,77], OUT[54,54,54] DEC[0->0] => DEVICE[3+0/3->0+0/14] => CLIENT[13]\n"
06-11 21:54:57.323 I/chatty  (  474): uid=1046(mediacodec) V4L2DecoderThre identical 13 lines
06-11 21:54:57.324 I/VDA     (  474): [0] "ServiceDeviceTask(): buffer counts: IN[77,77], OUT[54,54,54] DEC[0->0] => DEVICE[3+0/3->0+0/14] => CLIENT[13]\n"
06-11 21:54:57.341 I/VDA     (  474): [0] "ServiceDeviceTask(): buffer counts: IN[78,78], OUT[55,55,55] DEC[0->0] => DEVICE[3+0/3->0+0/14] => CLIENT[13]\n"
06-11 21:54:57.350 I/chatty  (  474): uid=1046(mediacodec) V4L2DecoderThre identical 4 lines
06-11 21:54:57.352 I/VDA     (  474): [0] "ServiceDeviceTask(): buffer counts: IN[78,78], OUT[55,55,55] DEC[0->0] => DEVICE[3+0/3->0+0/14] => CLIENT[13]\n"
06-11 21:54:57.352 D/stbdpc  (  397): STB_DPGetNumPaths[570]: num_paths: 1
06-11 21:54:57.354 I/VDA     (  474): [0] "ServiceDeviceTask(): buffer counts: IN[78,78], OUT[55,55,55] DEC[0->0] => DEVICE[3+0/3->0+0/14] => CLIENT[13]\n"
06-11 21:54:57.355 I/chatty  (  474): uid=1046(mediacodec) V4L2DecoderThre identical 1 line
06-11 21:54:57.357 I/VDA     (  474): [0] "ServiceDeviceTask(): buffer counts: IN[78,78], OUT[55,55,55] DEC[0->0] => DEVICE[3+0/3->0+0/14] => CLIENT[13]\n"
06-11 21:54:57.364 I/VDA     (  474): [0] "ServiceDeviceTask(): buffer counts: IN[79,79], OUT[55,55,55] DEC[0->0] => DEVICE[3+0/3->0+0/14] => CLIENT[13]\n"
06-11 21:54:57.366 D/dvb_iptv(  397): ReadEmmNetworkTask[1537]: EMM Select Timeout Occured 58
06-11 21:54:57.367 I/VDA     (  474): [0] "ServiceDeviceTask(): buffer counts: IN[79,79], OUT[55,55,55] DEC[0->0] => DEVICE[3+0/3->0+0/14] => CLIENT[13]\n"
06-11 21:54:57.375 I/chatty  (  474): uid=1046(mediacodec) V4L2DecoderThre identical 6 lines
06-11 21:54:57.377 I/VDA     (  474): [0] "ServiceDeviceTask(): buffer counts: IN[79,79], OUT[55,55,55] DEC[0->0] => DEVICE[3+0/3->0+0/14] => CLIENT[13]\n"
06-11 21:54:57.385 I/VDA     (  474): [0] "ServiceDeviceTask(): buffer counts: IN[79,79], OUT[56,56,56] DEC[0->0] => DEVICE[3+0/3->0+0/14] => CLIENT[13]\n"
06-11 21:54:57.406 I/chatty  (  474): uid=1046(mediacodec) V4L2DecoderThre identical 15 lines
06-11 21:54:57.407 I/VDA     (  474): [0] "ServiceDeviceTask(): buffer counts: IN[79,79], OUT[56,56,56] DEC[0->0] => DEVICE[3+0/3->0+0/14] => CLIENT[13]\n"
06-11 21:54:57.409 I/VDA     (  474): [0] "ServiceDeviceTask(): buffer counts: IN[80,80], OUT[56,56,56] DEC[0->0] => DEVICE[3+0/3->0+0/14] => CLIENT[13]\n"
06-11 21:54:57.415 I/chatty  (  474): uid=1046(mediacodec) V4L2DecoderThre identical 3 lines
06-11 21:54:57.416 I/VDA     (  474): [0] "ServiceDeviceTask(): buffer counts: IN[80,80], OUT[56,56,56] DEC[0->0] => DEVICE[3+0/3->0+0/14] => CLIENT[13]\n"
06-11 21:54:57.423 D/JioStbInactivityTimer(  926): Timer: count 513 warningTimeout:10680 timeout:10800
06-11 21:54:57.424 D/JioStbInactivityTimer(  926): isUserActive: Curr:4414283 Prev:4414283
06-11 21:54:57.427 I/VDA     (  474): [0] "ServiceDeviceTask(): buffer counts: IN[80,80], OUT[57,57,57] DEC[0->0] => DEVICE[3+0/3->0+0/14] => CLIENT[13]\n"
06-11 21:54:57.436 I/chatty  (  474): uid=1046(mediacodec) V4L2DecoderThre identical 6 lines
06-11 21:54:57.438 I/VDA     (  474): [0] "ServiceDeviceTask(): buffer counts: IN[80,80], OUT[57,57,57] DEC[0->0] => DEVICE[3+0/3->0+0/14] => CLIENT[13]\n"
06-11 21:54:57.442 I/VDA     (  474): [0] "ServiceDeviceTask(): buffer counts: IN[81,81], OUT[57,57,57] DEC[0->0] => DEVICE[3+0/3->0+0/14] => CLIENT[13]\n"
06-11 21:54:57.451 I/chatty  (  474): uid=1046(mediacodec) V4L2DecoderThre identical 4 lines
06-11 21:54:57.452 I/VDA     (  474): [0] "ServiceDeviceTask(): buffer counts: IN[81,81], OUT[57,57,57] DEC[0->0] => DEVICE[3+0/3->0+0/14] => CLIENT[13]\n"
06-11 21:54:57.452 D/stbdpc  (  397): STB_DPGetNumPaths[570]: num_paths: 1
06-11 21:54:57.454 I/VDA     (  474): [0] "ServiceDeviceTask(): buffer counts: IN[81,81], OUT[57,57,57] DEC[0->0] => DEVICE[3+0/3->0+0/14] => CLIENT[13]\n"
06-11 21:54:57.465 I/chatty  (  474): uid=1046(mediacodec) V4L2DecoderThre identical 6 lines
06-11 21:54:57.467 I/VDA     (  474): [0] "ServiceDeviceTask(): buffer counts: IN[81,81], OUT[57,57,57] DEC[0->0] => DEVICE[3+0/3->0+0/14] => CLIENT[13]\n"
06-11 21:54:57.476 I/VDA     (  474): [0] "ServiceDeviceTask(): buffer counts: IN[81,81], OUT[58,58,58] DEC[0->0] => DEVICE[3+0/3->0+0/14] => CLIENT[13]\n"
06-11 21:54:57.486 I/chatty  (  474): uid=1046(mediacodec) V4L2DecoderThre identical 4 lines
06-11 21:54:57.487 I/VDA     (  474): [0] "ServiceDeviceTask(): buffer counts: IN[81,81], OUT[58,58,58] DEC[0->0] => DEVICE[3+0/3->0+0/14] => CLIENT[13]\n"
06-11 21:54:57.489 I/VDA     (  474): [0] "ServiceDeviceTask(): buffer counts: IN[82,82], OUT[58,58,58] DEC[0->0] => DEVICE[3+0/3->0+0/14] => CLIENT[13]\n"
06-11 21:54:57.498 I/chatty  (  474): uid=1046(mediacodec) V4L2DecoderThre identical 6 lines
06-11 21:54:57.499 I/VDA     (  474): [0] "ServiceDeviceTask(): buffer counts: IN[82,82], OUT[58,58,58] DEC[0->0] => DEVICE[3+0/3->0+0/14] => CLIENT[13]\n"
06-11 21:54:57.508 I/VDA     (  474): [0] "ServiceDeviceTask(): buffer counts: IN[82,82], OUT[59,59,59] DEC[0->0] => DEVICE[3+0/3->0+0/14] => CLIENT[13]\n"
06-11 21:54:57.516 I/chatty  (  474): uid=1046(mediacodec) V4L2DecoderThre identical 5 lines
06-11 21:54:57.517 I/VDA     (  474): [0] "ServiceDeviceTask(): buffer counts: IN[82,82], OUT[59,59,59] DEC[0->0] => DEVICE[3+0/3->0+0/14] => CLIENT[13]\n"
06-11 21:54:57.521 I/VDA     (  474): [0] "ServiceDeviceTask(): buffer counts: IN[83,83], OUT[59,59,59] DEC[0->0] => DEVICE[3+0/3->0+0/14] => CLIENT[13]\n"
06-11 21:54:57.527 I/chatty  (  474): uid=1046(mediacodec) V4L2DecoderThre identical 1 line
06-11 21:54:57.528 I/VDA     (  474): [0] "ServiceDeviceTask(): buffer counts: IN[83,83], OUT[59,59,59] DEC[0->0] => DEVICE[3+0/3->0+0/14] => CLIENT[13]\n"
06-11 21:54:57.540 I/VDA     (  474): [0] "ServiceDeviceTask(): buffer counts: IN[83,83], OUT[60,60,60] DEC[0->0] => DEVICE[3+0/3->0+0/14] => CLIENT[13]\n"
06-11 21:54:57.549 I/chatty  (  474): uid=1046(mediacodec) V4L2DecoderThre identical 7 lines
06-11 21:54:57.550 I/VDA     (  474): [0] "ServiceDeviceTask(): buffer counts: IN[83,83], OUT[60,60,60] DEC[0->0] => DEVICE[3+0/3->0+0/14] => CLIENT[13]\n"
06-11 21:54:57.552 I/VDA     (  474): [0] "ServiceDeviceTask(): buffer counts: IN[84,84], OUT[60,60,60] DEC[0->0] => DEVICE[3+0/3->0+0/14] => CLIENT[13]\n"
06-11 21:54:57.552 D/stbdpc  (  397): STB_DPGetNumPaths[570]: num_paths: 1
06-11 21:54:57.553 I/VDA     (  474): [0] "ServiceDeviceTask(): buffer counts: IN[84,84], OUT[60,60,60] DEC[0->0] => DEVICE[3+0/3->0+0/14] => CLIENT[13]\n"
06-11 21:54:57.579 I/chatty  (  474): uid=1046(mediacodec) V4L2DecoderThre identical 17 lines
06-11 21:54:57.581 I/VDA     (  474): [0] "ServiceDeviceTask(): buffer counts: IN[84,84], OUT[60,60,60] DEC[0->0] => DEVICE[3+0/3->0+0/14] => CLIENT[13]\n"
06-11 21:54:57.591 I/VDA     (  474): [0] "ServiceDeviceTask(): buffer counts: IN[84,84], OUT[61,61,61] DEC[0->0] => DEVICE[3+0/3->0+0/14] => CLIENT[13]\n"
06-11 21:54:57.597 I/chatty  (  474): uid=1046(mediacodec) V4L2DecoderThre identical 5 lines
06-11 21:54:57.598 I/VDA     (  474): [0] "ServiceDeviceTask(): buffer counts: IN[84,84], OUT[61,61,61] DEC[0->0] => DEVICE[3+0/3->0+0/14] => CLIENT[13]\n"
06-11 21:54:57.600 I/VDA     (  474): [0] "ServiceDeviceTask(): buffer counts: IN[85,85], OUT[61,61,61] DEC[0->0] => DEVICE[3+0/3->0+0/14] => CLIENT[13]\n"
06-11 21:54:57.610 I/chatty  (  474): uid=1046(mediacodec) V4L2DecoderThre identical 7 lines
06-11 21:54:57.611 I/VDA     (  474): [0] "ServiceDeviceTask(): buffer counts: IN[85,85], OUT[61,61,61] DEC[0->0] => DEVICE[3+0/3->0+0/14] => CLIENT[13]\n"
06-11 21:54:57.620 I/VDA     (  474): [0] "ServiceDeviceTask(): buffer counts: IN[85,85], OUT[62,62,62] DEC[0->0] => DEVICE[3+0/3->0+0/14] => CLIENT[13]\n"
06-11 21:54:57.647 I/chatty  (  474): uid=1046(mediacodec) V4L2DecoderThre identical 20 lines
06-11 21:54:57.648 I/VDA     (  474): [0] "ServiceDeviceTask(): buffer counts: IN[85,85], OUT[62,62,62] DEC[0->0] => DEVICE[3+0/3->0+0/14] => CLIENT[13]\n"
06-11 21:54:57.649 I/VDA     (  474): [0] "ServiceDeviceTask(): buffer counts: IN[86,86], OUT[62,62,62] DEC[0->0] => DEVICE[3+0/3->0+0/14] => CLIENT[13]\n"
06-11 21:54:57.651 I/chatty  (  474): uid=1046(mediacodec) V4L2DecoderThre identical 1 line
06-11 21:54:57.652 I/VDA     (  474): [0] "ServiceDeviceTask(): buffer counts: IN[86,86], OUT[62,62,62] DEC[0->0] => DEVICE[3+0/3->0+0/14] => CLIENT[13]\n"
06-11 21:54:57.653 D/stbdpc  (  397): STB_DPGetNumPaths[570]: num_paths: 1
06-11 21:54:57.654 I/VDA     (  474): [0] "ServiceDeviceTask(): buffer counts: IN[86,86], OUT[62,62,62] DEC[0->0] => DEVICE[3+0/3->0+0/14] => CLIENT[13]\n"
06-11 21:54:57.661 I/chatty  (  474): uid=1046(mediacodec) V4L2DecoderThre identical 5 lines
06-11 21:54:57.663 I/VDA     (  474): [0] "ServiceDeviceTask(): buffer counts: IN[86,86], OUT[62,62,62] DEC[0->0] => DEVICE[3+0/3->0+0/14] => CLIENT[13]\n"
06-11 21:54:57.673 I/VDA     (  474): [0] "ServiceDeviceTask(): buffer counts: IN[86,86], OUT[63,63,63] DEC[0->0] => DEVICE[3+0/3->0+0/14] => CLIENT[13]\n"
06-11 21:54:57.675 I/chatty  (  474): uid=1046(mediacodec) V4L2DecoderThre identical 2 lines
06-11 21:54:57.677 I/VDA     (  474): [0] "ServiceDeviceTask(): buffer counts: IN[86,86], OUT[63,63,63] DEC[0->0] => DEVICE[3+0/3->0+0/14] => CLIENT[13]\n"
06-11 21:54:57.678 D/rtk_heartbeat(  349): heartbeat_timed_out: heartbeatCmdCount = 4907, expected nextSeqNum = 4907
06-11 21:54:57.679 D/rtk_heartbeat(  349): rtkbt_heartbeat_cmpl_cback: Current SeqNum = 4907,should SeqNum=4907, status = 0
06-11 21:54:57.679 I/VDA     (  474): [0] "ServiceDeviceTask(): buffer counts: IN[86,86], OUT[63,63,63] DEC[0->0] => DEVICE[3+0/3->0+0/14] => CLIENT[13]\n"
06-11 21:54:57.696 I/chatty  (  474): uid=1046(mediacodec) V4L2DecoderThre identical 15 lines
06-11 21:54:57.697 I/VDA     (  474): [0] "ServiceDeviceTask(): buffer counts: IN[86,86], OUT[63,63,63] DEC[0->0] => DEVICE[3+0/3->0+0/14] => CLIENT[13]\n"
06-11 21:54:57.699 I/VDA     (  474): [0] "ServiceDeviceTask(): buffer counts: IN[87,87], OUT[63,63,63] DEC[0->0] => DEVICE[3+0/3->0+0/14] => CLIENT[13]\n"
06-11 21:54:57.700 I/chatty  (  474): uid=1046(mediacodec) V4L2DecoderThre identical 1 line
06-11 21:54:57.702 I/VDA     (  474): [0] "ServiceDeviceTask(): buffer counts: IN[87,87], OUT[63,63,63] DEC[0->0] => DEVICE[3+0/3->0+0/14] => CLIENT[13]\n"
06-11 21:54:57.712 I/VDA     (  474): [0] "ServiceDeviceTask(): buffer counts: IN[87,87], OUT[64,64,64] DEC[0->0] => DEVICE[3+0/3->0+0/14] => CLIENT[13]\n"
06-11 21:54:57.726 I/chatty  (  474): uid=1046(mediacodec) V4L2DecoderThre identical 11 lines
06-11 21:54:57.727 I/VDA     (  474): [0] "ServiceDeviceTask(): buffer counts: IN[87,87], OUT[64,64,64] DEC[0->0] => DEVICE[3+0/3->0+0/14] => CLIENT[13]\n"
06-11 21:54:57.729 I/VDA     (  474): [0] "ServiceDeviceTask(): buffer counts: IN[88,88], OUT[64,64,64] DEC[0->0] => DEVICE[3+0/3->0+0/14] => CLIENT[13]\n"
06-11 21:54:57.730 I/chatty  (  474): uid=1046(mediacodec) V4L2DecoderThre identical 1 line
06-11 21:54:57.732 I/VDA     (  474): [0] "ServiceDeviceTask(): buffer counts: IN[88,88], OUT[64,64,64] DEC[0->0] => DEVICE[3+0/3->0+0/14] => CLIENT[13]\n"
06-11 21:54:57.742 I/VDA     (  474): [0] "ServiceDeviceTask(): buffer counts: IN[88,88], OUT[65,65,65] DEC[0->0] => DEVICE[3+0/3->0+0/14] => CLIENT[13]\n"
06-11 21:54:57.751 I/chatty  (  474): uid=1046(mediacodec) V4L2DecoderThre identical 6 lines
06-11 21:54:57.752 I/VDA     (  474): [0] "ServiceDeviceTask(): buffer counts: IN[88,88], OUT[65,65,65] DEC[0->0] => DEVICE[3+0/3->0+0/14] => CLIENT[13]\n"
06-11 21:54:57.753 D/stbdpc  (  397): STB_DPGetNumPaths[570]: num_paths: 1
06-11 21:54:57.754 I/VDA     (  474): [0] "ServiceDeviceTask(): buffer counts: IN[88,88], OUT[65,65,65] DEC[0->0] => DEVICE[3+0/3->0+0/14] => CLIENT[13]\n"
06-11 21:54:57.755 I/chatty  (  474): uid=1046(mediacodec) V4L2DecoderThre identical 1 line
06-11 21:54:57.757 I/VDA     (  474): [0] "ServiceDeviceTask(): buffer counts: IN[88,88], OUT[65,65,65] DEC[0->0] => DEVICE[3+0/3->0+0/14] => CLIENT[13]\n"
06-11 21:54:57.759 I/VDA     (  474): [0] "ServiceDeviceTask(): buffer counts: IN[89,89], OUT[65,65,65] DEC[0->0] => DEVICE[3+0/3->0+0/14] => CLIENT[13]\n"
06-11 21:54:57.764 I/chatty  (  474): uid=1046(mediacodec) V4L2DecoderThre identical 2 lines
06-11 21:54:57.772 I/VDA     (  474): [0] "ServiceDeviceTask(): buffer counts: IN[89,89], OUT[65,65,65] DEC[0->0] => DEVICE[3+0/3->0+0/14] => CLIENT[13]\n"
06-11 21:54:57.792 I/VDA     (  474): [0] "ServiceDeviceTask(): buffer counts: IN[89,89], OUT[66,66,66] DEC[0->0] => DEVICE[3+0/3->0+0/14] => CLIENT[13]\n"
06-11 21:54:57.804 I/chatty  (  474): uid=1046(mediacodec) V4L2DecoderThre identical 2 lines
06-11 21:54:57.805 I/VDA     (  474): [0] "ServiceDeviceTask(): buffer counts: IN[89,89], OUT[66,66,66] DEC[0->0] => DEVICE[3+0/3->0+0/14] => CLIENT[13]\n"
06-11 21:54:57.808 I/VDA     (  474): [0] "ServiceDeviceTask(): buffer counts: IN[90,90], OUT[66,66,66] DEC[0->0] => DEVICE[3+0/3->0+0/14] => CLIENT[13]\n"
06-11 21:54:57.820 I/VDA     (  474): [0] "ServiceDeviceTask(): buffer counts: IN[90,90], OUT[67,67,67] DEC[0->0] => DEVICE[3+0/3->0+0/14] => CLIENT[13]\n"
06-11 21:54:57.836 I/chatty  (  474): uid=1046(mediacodec) V4L2DecoderThre identical 11 lines
06-11 21:54:57.838 I/VDA     (  474): [0] "ServiceDeviceTask(): buffer counts: IN[90,90], OUT[67,67,67] DEC[0->0] => DEVICE[3+0/3->0+0/14] => CLIENT[13]\n"
06-11 21:54:57.839 I/VDA     (  474): [0] "ServiceDeviceTask(): buffer counts: IN[91,91], OUT[67,67,67] DEC[0->0] => DEVICE[3+0/3->0+0/14] => CLIENT[13]\n"
06-11 21:54:57.851 I/chatty  (  474): uid=1046(mediacodec) V4L2DecoderThre identical 7 lines
06-11 21:54:57.853 I/VDA     (  474): [0] "ServiceDeviceTask(): buffer counts: IN[91,91], OUT[67,67,67] DEC[0->0] => DEVICE[3+0/3->0+0/14] => CLIENT[13]\n"
06-11 21:54:57.853 D/stbdpc  (  397): STB_DPGetNumPaths[570]: num_paths: 1
06-11 21:54:57.855 I/VDA     (  474): [0] "ServiceDeviceTask(): buffer counts: IN[91,91], OUT[67,67,67] DEC[0->0] => DEVICE[3+0/3->0+0/14] => CLIENT[13]\n"
06-11 21:54:57.860 I/chatty  (  474): uid=1046(mediacodec) V4L2DecoderThre identical 3 lines
06-11 21:54:57.861 I/VDA     (  474): [0] "ServiceDeviceTask(): buffer counts: IN[91,91], OUT[67,67,67] DEC[0->0] => DEVICE[3+0/3->0+0/14] => CLIENT[13]\n"
06-11 21:54:57.867 D/dvb_iptv(  397): ReadEmmNetworkTask[1537]: EMM Select Timeout Occured 59
06-11 21:54:57.873 I/VDA     (  474): [0] "ServiceDeviceTask(): buffer counts: IN[91,91], OUT[68,68,68] DEC[0->0] => DEVICE[3+0/3->0+0/14] => CLIENT[13]\n"
06-11 21:54:57.885 I/chatty  (  474): uid=1046(mediacodec) V4L2DecoderThre identical 9 lines
06-11 21:54:57.887 I/VDA     (  474): [0] "ServiceDeviceTask(): buffer counts: IN[91,91], OUT[68,68,68] DEC[0->0] => DEVICE[3+0/3->0+0/14] => CLIENT[13]\n"
06-11 21:54:57.889 I/VDA     (  474): [0] "ServiceDeviceTask(): buffer counts: IN[92,92], OUT[68,68,68] DEC[0->0] => DEVICE[3+0/3->0+0/14] => CLIENT[13]\n"
06-11 21:54:57.897 I/chatty  (  474): uid=1046(mediacodec) V4L2DecoderThre identical 5 lines
06-11 21:54:57.899 I/VDA     (  474): [0] "ServiceDeviceTask(): buffer counts: IN[92,92], OUT[68,68,68] DEC[0->0] => DEVICE[3+0/3->0+0/14] => CLIENT[13]\n"
06-11 21:54:57.915 I/VDA     (  474): [0] "ServiceDeviceTask(): buffer counts: IN[92,92], OUT[69,69,69] DEC[0->0] => DEVICE[3+0/3->0+0/14] => CLIENT[13]\n"
06-11 21:54:57.929 I/chatty  (  474): uid=1046(mediacodec) V4L2DecoderThre identical 5 lines
06-11 21:54:57.931 I/VDA     (  474): [0] "ServiceDeviceTask(): buffer counts: IN[92,92], OUT[69,69,69] DEC[0->0] => DEVICE[3+0/3->0+0/14] => CLIENT[13]\n"
06-11 21:54:57.935 D/JioLauncher( 1773): overlay status check for wifi and bt remote false false
06-11 21:54:57.938 D/Match code1( 1439): 2
06-11 21:54:57.938 D/JIO_TR069-( 1439): Predefined List [com.jio.stb.catv, com.rjil.jiostbsetting, com.iwedia.ui.rjio.launcher.reliance, com.jio.stb.hotellauncher, com.jio.media.oberoi, com.jio.ott]
06-11 21:54:57.940 D/JIO_TR069-( 1439): Caller Package com.iwedia.ui.rjio.launcher.reliance
06-11 21:54:57.940 D/JIO_TR069-( 1439): White Listed Apps []
06-11 21:54:57.941 D/JIO_TR069-( 1439): Final White Listed Apps [com.jio.stb.catv, com.rjil.jiostbsetting, com.iwedia.ui.rjio.launcher.reliance, com.jio.stb.hotellauncher, com.jio.media.oberoi, com.jio.ott, ]
06-11 21:54:57.943 I/VDA     (  474): [0] "ServiceDeviceTask(): buffer counts: IN[93,93], OUT[70,70,70] DEC[0->0] => DEVICE[3+0/3->0+0/14] => CLIENT[13]\n"
06-11 21:54:57.944 D/JioLauncher( 1773): network-type-------NonJioNetwork
06-11 21:54:57.945 I/VDA     (  474): [0] "ServiceDeviceTask(): buffer counts: IN[93,93], OUT[70,70,70] DEC[0->0] => DEVICE[3+0/3->0+0/14] => CLIENT[13]\n"
06-11 21:54:57.947 I/VDA     (  474): [0] "ServiceDeviceTask(): buffer counts: IN[93,93], OUT[70,70,70] DEC[0->0] => DEVICE[3+0/3->0+0/14] => CLIENT[13]\n"
06-11 21:54:57.947 D/JioLauncher( 1773): live-tv-previousIp-[/fe80::1%wlan0, /192.168.1.1]-newHost-[/fe80::1%wlan0, /192.168.1.1]
06-11 21:54:57.950 W/[ 4929.100870@2]  RTW(    0): fill_default_txdesc(wlan0): SP Packet(0x0806) rate=0x4 SeqNum = 353
