06-11 23:48:55.291 W/tomator2.serve( 9011): ClassLoaderContext classpath size mismatch. expected=0, found=7 (PCL[] | PCL[/system/framework/android.test.runner.jar*1831602180:/system/framework/android.test.mock.jar*3465107378:/system/framework/android.test.base.jar*3223074991:/data/app/~~vz-LI613mzCW1_tI8sJdSA==/io.appium.uiautomator2.server.test-pndtPeicsSbNz5ltJNtTXA==/base.apk*2370577946:/data/app/~~vz-LI613mzCW1_tI8sJdSA==/io.appium.uiautomator2.server.test-pndtPeicsSbNz5ltJNtTXA==/base.apk!classes2.dex*3874714895:/data/app/~~vz-LI613mzCW1_tI8sJdSA==/io.appium.uiautomator2.server.test-pndtPeicsSbNz5ltJNtTXA==/base.apk!classes3.dex*1176165195:/data/app/~~vz-LI613mzCW1_tI8sJdSA==/io.appium.uiautomator2.server.test-pndtPeicsSbNz5ltJNtTXA==/base.apk!classes4.dex*2511881386]{PCL[/system/framework/android.test.base.jar*3223074991]#PCL[/system/framework/android.test.mock.jar*3465107378]{PCL[/system/framework/android.test.base.jar*3223074991]}#PCL[/system/framework/android.test.runner.jar*1831602180]{PCL[/system/framework/android.test.base.jar*3223074991]#PCL[/system/framework/android.test.mock.jar*3465107378]{PCL[/system/framework/android.test.base.jar*3223074991]}}};PCL[/system/framework/android.test.runner.jar*1831602180:/system/framework/android.test.mock.jar*3465107378:/system/framework/android.test.base.jar*3223074991:/data/app/~~vz-LI613mzCW1_tI8sJdSA==/io.appium.uiautomator2.server.test-pndtPeicsSbNz5ltJNtTXA==/base.apk*2370577946:/data/app/~~vz-LI613mzCW1_tI8sJdSA==/io.appium.uiautomator2.server.test-pndtPeicsSbNz5ltJNtTXA==/base.apk!classes2.dex*3874714895:/data/app/~~vz-LI613mzCW1_tI8sJdSA==/io.appium.uiautomator2.server.test-pndtPeicsSbNz5ltJNtTXA==/base.apk!classes3.dex*1176165195:/data/app/~~vz-LI613mzCW1_tI8sJdSA==/io.appium.uiautomator2.server.test-pndtPeicsSbNz5ltJNtTXA==/base.apk!classes4.dex*2511881386:/data/app/~~ERS2Vb0_Lr3atThE734KvA==/io.appium.uiautomator2.server-qXkfZw9LtZYC0ZeR2vvERg==/base.apk*4034737733:/data/app/~~ERS2Vb0_Lr3atThE734KvA==/io.appium.uiautomator2.server-qXkfZw9LtZYC0ZeR2vvERg==/base.apk!classes2.dex*2790048942:/data/app/~~ERS2Vb0_Lr3atThE734KvA==/io.appium.uiautomator2.server-qXkfZw9LtZYC0ZeR2vvERg==/base.apk!classes3.dex*1634705335:/data/app/~~ERS2Vb0_Lr3atThE734KvA==/io.appium.uiautomator2.server-qXkfZw9LtZYC0ZeR2vvERg==/base.apk!classes4.dex*45356349:/data/app/~~ERS2Vb0_Lr3atThE734KvA==/io.appium.uiautomator2.server-qXkfZw9LtZYC0ZeR2vvERg==/base.apk!classes5.dex*2419862292:/data/app/~~ERS2Vb0_Lr3atThE734KvA==/io.appium.uiautomator2.server-qXkfZw9LtZYC0ZeR2vvERg==/base.apk!classes6.dex*3944827479:/data/app/~~ERS2Vb0_Lr3atThE734KvA==/io.appium.uiautomator2.server-qXkfZw9LtZYC0ZeR2vvERg==/base.apk!classes7.dex*3145060491:/data/app/~~ERS2Vb0_Lr3atThE734KvA==/io.appium.uiautomator2.server-qXkfZw9LtZYC0ZeR2vvERg==/base.apk!classes8.dex*2034454731:/data/app/~~ERS2Vb0_Lr3atThE734KvA==/io.appium.uiautomator2.server-qXkfZw9LtZYC0ZeR2vvERg==/base.apk!classes9.dex*1613375383:/data/app/~~ERS2Vb0_Lr3atThE734KvA==/io.appium.uiautomator2.server-qXkfZw9LtZYC0ZeR2vvERg==/base.apk!classes10.dex*1483611213:/data/app/~~ERS2Vb0_Lr3atThE734KvA==/io.appium.uiautomator2.server-qXkfZw9LtZYC0ZeR2vvERg==/base.apk!classes11.dex*2888641764:/data/app/~~ERS2Vb0_Lr3atThE734KvA==/io.appium.uiautomator2.server-qXkfZw9LtZYC0ZeR2vvERg==/base.apk!classes12.dex*1711778771:/data/app/~~ERS2Vb0_Lr3atThE734KvA==/io.appium.uiautomator2.server-qXkfZw9LtZYC0ZeR2vvERg==/base.apk!classes13.dex*2108421983:/data/app/~~ERS2Vb0_Lr3atThE734KvA==/io.appium.uiautomator2.server-qXkfZw9LtZYC0ZeR2vvERg==/base.apk!classes14.dex*2618393034:/data/app/~~ERS2Vb0_Lr3atThE734KvA==/io.appium.uiautomator2.server-qXkfZw9LtZYC0ZeR2vvERg==/base.apk!classes15.dex*3152272110:/data/app/~~ERS2Vb0_Lr3atThE734KvA==/io.appium.uiautomator2.server-qXkfZw9LtZYC0ZeR2vvERg==/base.apk!classes16.dex*898502560])
06-11 23:48:55.292 W/tomator2.serve( 9011): Found duplicate classes, falling back to extracting from APK : /data/app/~~ERS2Vb0_Lr3atThE734KvA==/io.appium.uiautomator2.server-qXkfZw9LtZYC0ZeR2vvERg==/base.apk
06-11 23:48:55.292 W/tomator2.serve( 9011): NOTE: This wastes RAM and hurts startup performance.
06-11 23:48:55.292 W/tomator2.serve( 9011): Found duplicated class when checking oat files: 'L_COROUTINE/ArtificialStackFrames;' in /data/app/~~ERS2Vb0_Lr3atThE734KvA==/io.appium.uiautomator2.server-qXkfZw9LtZYC0ZeR2vvERg==/base.apk and /data/app/~~ERS2Vb0_Lr3atThE734KvA==/io.appium.uiautomator2.server-qXkfZw9LtZYC0ZeR2vvERg==/base.apk
06-11 23:48:55.338 D/dvb_iptv(  397): ReadEmmNetworkTask[1537]: EMM Select Timeout Occured 23
06-11 23:48:55.354 D/ltts_ip_emm(  397): LTTS_IP_DMXStartEMM[381]: parse_emm_cat_status failed
06-11 23:48:55.363 D/stbdpc  (  397): STB_DPGetNumPaths[570]: num_paths: 1
06-11 23:48:55.380 D/rtk_heartbeat(  349): heartbeat_timed_out: heartbeatCmdCount = 11743, expected nextSeqNum = 11743
06-11 23:48:55.381 D/rtk_heartbeat(  349): rtkbt_heartbeat_cmpl_cback: Current SeqNum = 11743,should SeqNum=11743, status = 0
06-11 23:48:55.425 E/adbd    (12860): failed to connect to socket 'tcp:6790': Connection refused
06-11 23:48:55.429 D/JioStbInactivityTimer(  926): Timer: count 18 warningTimeout:10680 timeout:10800
06-11 23:48:55.429 D/JioStbInactivityTimer(  926): isUserActive: Curr:11746705 Prev:11746705
06-11 23:48:55.459 I/ThermalService(  969): CPU temperatures: [61.200005]
06-11 23:48:55.463 D/stbdpc  (  397): STB_DPGetNumPaths[570]: num_paths: 1
06-11 23:48:55.563 D/stbdpc  (  397): STB_DPGetNumPaths[570]: num_paths: 1
06-11 23:48:55.621 W/tomator2.serve( 9011): Accessing hidden method Landroid/app/Instrumentation;->execStartActivity(Landroid/content/Context;Landroid/os/IBinder;Landroid/os/IBinder;Landroid/app/Activity;Landroid/content/Intent;ILandroid/os/Bundle;)Landroid/app/Instrumentation$ActivityResult; (greylist, linking, allowed)
06-11 23:48:55.622 W/tomator2.serve( 9011): Accessing hidden method Landroid/app/Instrumentation;->execStartActivity(Landroid/content/Context;Landroid/os/IBinder;Landroid/os/IBinder;Ljava/lang/String;Landroid/content/Intent;ILandroid/os/Bundle;)Landroid/app/Instrumentation$ActivityResult; (greylist, linking, allowed)
06-11 23:48:55.634 D/NetworkSecurityConfig( 9011): No Network Security Config specified, using platform default
06-11 23:48:55.636 D/NetworkSecurityConfig( 9011): No Network Security Config specified, using platform default
06-11 23:48:55.636 I/AndroidJUnitRunner( 9011): newApplication android.app.Application
06-11 23:48:55.643 I/AndroidJUnitRunner( 9011): onCreate Bundle[mParcelledData.dataSize=64]
06-11 23:48:55.646 D/AndroidJUnitRunner( 9011): Use the raw file system for managing file I/O.
06-11 23:48:55.659 F/linker  ( 9033): CANNOT LINK EXECUTABLE "/system/bin/smartcable/smartCableSTBApp": library "libmosquitto.so" not found: needed by main executable
06-11 23:48:55.664 D/stbdpc  (  397): STB_DPGetNumPaths[570]: num_paths: 1
06-11 23:48:55.669 V/TestEventClient( 9011): No service name argument was given (testDiscoveryService, testRunEventService or orchestratorService)
06-11 23:48:55.670 D/AndroidJUnitRunner( 9011): onStart is called.
06-11 23:48:55.696 D/TestRequestBuilder( 9011): Using class path scanning to discover tests
06-11 23:48:55.697 I/TestRequestBuilder( 9011): Scanning classpath to find tests in paths [/data/app/~~vz-LI613mzCW1_tI8sJdSA==/io.appium.uiautomator2.server.test-pndtPeicsSbNz5ltJNtTXA==/base.apk]
06-11 23:48:55.701 W/tomator2.serve( 9011): Opening an oat file without a class loader. Are you using the deprecated DexFile APIs?
06-11 23:48:55.764 D/stbdpc  (  397): STB_DPGetNumPaths[570]: num_paths: 1
06-11 23:48:55.838 D/dvb_iptv(  397): ReadEmmNetworkTask[1537]: EMM Select Timeout Occured 24
06-11 23:48:55.864 D/stbdpc  (  397): STB_DPGetNumPaths[570]: num_paths: 1
06-11 23:48:55.897 I/TestRunner( 9011): run started: 1 tests
06-11 23:48:55.901 I/TestRunner( 9011): started: startServer(io.appium.uiautomator2.server.test.AppiumUiAutomator2Server)
06-11 23:48:55.913 I/appium  ( 9011): >>>Entry point start<<<
06-11 23:48:55.920 I/appium  ( 9011): Starting ServerInstrumentation
06-11 23:48:55.964 D/stbdpc  (  397): STB_DPGetNumPaths[570]: num_paths: 1
06-11 23:48:55.965 I/JioBackgroundSchedulerService( 2899): Check schedule  
06-11 23:48:55.973 I/appium  ( 9011): buildConfig: {"VERSION_NAME":"7.5.2","APPLICATION_ID":"io.appium.uiautomator2.server","BUILD_TYPE":"debug","VERSION_CODE":215,"BUILD_TIME":"1745524365546","DEBUG":true,"FLAVOR":"server"}
06-11 23:48:55.983 I/UiDevice( 9011): Creating a new instance, old instance exists: false
06-11 23:48:55.996 D/UiDevice( 9011): Setting accessibility service flags: 65618
06-11 23:48:55.997 V/UiAutomation( 9011): Init UiAutomation@30745d0[id=40, flags=0]
06-11 23:48:56.003 D/MulticastUtils( 1773): Timeout 5000ms IOException:Poll timed out
06-11 23:48:56.008 D/JioLauncher( 1773): connected-network-status  1 status true time 0 lPreviousIp [/fe80::1%wlan0, /192.168.1.1] isLiveOnTop() false isOneTimeVisisbleStatus false-remoteConnectedTime-0
06-11 23:48:56.008 D/UiDevice( 9011): Turning on screen.
06-11 23:48:56.040 I/appium  ( 9011): AndroidServer created on port 6790
06-11 23:48:56.040 I/appium  ( 9011): Starting MJPEG Server
06-11 23:48:56.042 I/appium  ( 9011): MJPEG Server started
06-11 23:48:56.042 I/appium  ( 9011): ServerInstrumentation started
06-11 23:48:56.044 I/appium  ( 9011): ServerSocket created on port 7810
06-11 23:48:56.064 D/stbdpc  (  397): STB_DPGetNumPaths[570]: num_paths: 1
06-11 23:48:56.165 D/stbdpc  (  397): STB_DPGetNumPaths[570]: num_paths: 1
06-11 23:48:56.201 W/tomator2.serve( 9011): Accessing hidden method Lsun/misc/VM;->maxDirectMemory()J (greylist, reflection, allowed)
06-11 23:48:56.205 I/PlatformDependent( 9011): Your platform does not provide complete low-level API for accessing direct buffers reliably. Unless explicitly requested, heap buffer will always be preferred to avoid potential system instability.
06-11 23:48:56.213 W/tomator2.serve( 9011): Accessing hidden field Lsun/nio/ch/SelectorImpl;->selectedKeys:Ljava/util/Set; (greylist, reflection, allowed)
06-11 23:48:56.213 W/tomator2.serve( 9011): Accessing hidden field Lsun/nio/ch/SelectorImpl;->publicSelectedKeys:Ljava/util/Set; (greylist, reflection, allowed)
06-11 23:48:56.265 D/stbdpc  (  397): STB_DPGetNumPaths[570]: num_paths: 1
06-11 23:48:56.263 W/Thread-5( 9011): type=1400 audit(0.0:15174): avc: denied { read } for name="somaxconn" dev="proc" ino=2382037 scontext=u:r:untrusted_app:s0:c96,c256,c512,c768 tcontext=u:object_r:proc_net:s0 tclass=file permissive=0 app=io.appium.uiautomator2.server
06-11 23:48:56.282 W/MacAddressUtil( 9011): Failed to find a usable hardware address from the network interfaces; using random bytes: e3:4f:af:6d:61:ac:fb:1a
06-11 23:48:56.318 I/uncher.relianc( 1773): oneway function results will be dropped but finished with status OK and parcel size 4
06-11 23:48:56.320 I/e.swalekh.abct( 1359): oneway function results will be dropped but finished with status OK and parcel size 4
06-11 23:48:56.329 D/JioSTBMRServer-SERVICE( 3589): InetSocketAddress(InetAddress.getByName(inetAddress.hostAddress)-/192.168.1.255
06-11 23:48:56.329 D/JioSTBMRServer-SERVICE( 3589): #beacon:RKISBFJ60000097:0:false:0:1:SV=181024 , 192.168.1.255
06-11 23:48:56.332 D/JioSTBMRServer-SERVICE( 3589): InetSocketAddress(InetAddress.getByName(inetAddress.hostAddress)-/192.168.1.255
06-11 23:48:56.332 D/JioSTBMRServer-SERVICE( 3589): #broadcast IP:192.168.1.255
06-11 23:48:56.338 D/dvb_iptv(  397): ReadEmmNetworkTask[1537]: EMM Select Timeout Occured 25
06-11 23:48:56.365 D/stbdpc  (  397): STB_DPGetNumPaths[570]: num_paths: 1
06-11 23:48:56.375 W/ServerBootstrap( 9011): Unknown channel option 'SO_KEEPALIVE' for channel '[id: 0x6cb3c376]'
06-11 23:48:56.376 W/ServerBootstrap( 9011): Unknown channel option 'TCP_NODELAY' for channel '[id: 0x6cb3c376]'
06-11 23:48:56.380 D/rtk_heartbeat(  349): heartbeat_timed_out: heartbeatCmdCount = 11744, expected nextSeqNum = 11744
06-11 23:48:56.381 D/rtk_heartbeat(  349): rtkbt_heartbeat_cmpl_cback: Current SeqNum = 11744,should SeqNum=11744, status = 0
06-11 23:48:56.422 E/WifiVendorHal(  633): getWifiLinkLayerStats_1_3_Internal(l.973) failed {.code = ERROR_UNKNOWN, .description = unknown error}
06-11 23:48:56.429 D/JioStbInactivityTimer(  926): Timer: count 19 warningTimeout:10680 timeout:10800
06-11 23:48:56.429 D/JioStbInactivityTimer(  926): isUserActive: Curr:11746705 Prev:11746705
06-11 23:48:56.465 D/stbdpc  (  397): STB_DPGetNumPaths[570]: num_paths: 1
06-11 23:48:56.545 I/appium  ( 9011): channel read: GET /status
06-11 23:48:56.548 I/appium  ( 9011): Status command
06-11 23:48:56.556 I/appium  ( 9011): AppiumResponse: {"sessionId":"None","value":{"message":"UiAutomator2 Server is ready to accept commands","ready":true}}
06-11 23:48:56.565 D/stbdpc  (  397): STB_DPGetNumPaths[570]: num_paths: 1
06-11 23:48:56.582 I/appium  ( 9011): channel read: POST /session
06-11 23:48:56.584 I/appium  ( 9011): NewSession command
06-11 23:48:56.605 W/tomator2.serve( 9011): Accessing hidden field Landroid/app/UiAutomation;->mOnAccessibilityEventListener:Landroid/app/UiAutomation$OnAccessibilityEventListener; (greylist-max-o, reflection, allowed)
06-11 23:48:56.612 I/appium  ( 9011): Created the new session with id ae4e3482-26f1-4dd3-bc89-efecf2b12087 and capabilities {networkConnectionEnabled=true, warnings={}, databaseEnabled=false, deviceName=192.168.1.23:5555, platform=LINUX, deviceUDID=192.168.1.23:5555, desired={platformName=ANDROID, udid=192.168.1.23:5555, deviceName=192.168.1.23:5555, automationName=UIAutomator2}, automationName=UIAutomator2, webStorageEnabled=false, locationContextEnabled=false, takesScreenshot=true, javascriptEnabled=true, platformName=ANDROID, udid=192.168.1.23:5555}
06-11 23:48:56.624 I/appium  ( 9011): AppiumResponse: {"sessionId":"ae4e3482-26f1-4dd3-bc89-efecf2b12087","value":{"capabilities":{"firstMatch":[{"platformName":"ANDROID","udid":"192.168.1.23:5555","deviceName":"192.168.1.23:5555","automationName":"UIAutomator2","platform":"LINUX","webStorageEnabled":false,"takesScreenshot":true,"javascriptEnabled":tru
06-11 23:48:56.665 D/stbdpc  (  397): STB_DPGetNumPaths[570]: num_paths: 1
06-11 23:48:56.696 I/appium  ( 9011): channel read: GET /session/ae4e3482-26f1-4dd3-bc89-efecf2b12087/appium/device/pixel_ratio
06-11 23:48:56.698 I/appium  ( 9011): GetDevicePixelRatio command
06-11 23:48:56.703 I/appium  ( 9011): AppiumResponse: {"sessionId":"ae4e3482-26f1-4dd3-bc89-efecf2b12087","value":2.0}
06-11 23:48:56.710 I/appium  ( 9011): channel read: GET /session/ae4e3482-26f1-4dd3-bc89-efecf2b12087/appium/device/system_bars
06-11 23:48:56.710 I/appium  ( 9011): channel read: GET /session/ae4e3482-26f1-4dd3-bc89-efecf2b12087/window/current/size
06-11 23:48:56.711 I/appium  ( 9011): GetSystemBars command
06-11 23:48:56.712 I/appium  ( 9011): GetDeviceSize command
06-11 23:48:56.712 I/appium  ( 9011): Get window size of the device
06-11 23:48:56.713 I/appium  ( 9011): channel read: GET /session/ae4e3482-26f1-4dd3-bc89-efecf2b12087/appium/device/info
06-11 23:48:56.715 I/appium  ( 9011): GetDeviceInfo command
06-11 23:48:56.718 I/appium  ( 9011): AppiumResponse: {"sessionId":"ae4e3482-26f1-4dd3-bc89-efecf2b12087","value":{"statusBar":0}}
06-11 23:48:56.718 I/appium  ( 9011): AppiumResponse: {"sessionId":"ae4e3482-26f1-4dd3-bc89-efecf2b12087","value":{"height":1080,"width":1920}}
06-11 23:48:56.718 I/TetheringManager( 9011): registerTetheringEventCallback:io.appium.uiautomator2.server
06-11 23:48:56.735 W/tomator2.serve( 9011): Accessing hidden field Landroid/net/NetworkCapabilities;->mSignalStrength:I (greylist-max-p, reflection, allowed)
06-11 23:48:56.736 W/tomator2.serve( 9011): Accessing hidden field Landroid/net/NetworkCapabilities;->mSSID:Ljava/lang/String; (greylist-max-o, reflection, allowed)
06-11 23:48:56.764 I/appium  ( 9011): AppiumResponse: {"sessionId":"ae4e3482-26f1-4dd3-bc89-efecf2b12087","value":{"androidId":"407ddcfd393d8270","apiVersion":"30","bluetooth":{"state":"ON"},"brand":"Jio","carrierName":"","displayDensity":320,"locale":"en_IN","manufacturer":"Jio","model":"JMSB200A","networks":[{"capabilities":{"SSID":null,"linkDownBand
06-11 23:48:56.766 D/stbdpc  (  397): STB_DPGetNumPaths[570]: num_paths: 1
06-11 23:48:56.838 D/dvb_iptv(  397): ReadEmmNetworkTask[1537]: EMM Select Timeout Occured 26
06-11 23:48:56.866 D/stbdpc  (  397): STB_DPGetNumPaths[570]: num_paths: 1
06-11 23:48:57.202 D/[11768.356018@2]  logd(    0): logdr: UID=0 GID=0 PID=9060 b tail=0 logMask=99 pid=0 start=0ns timeout=0ns
06-11 23:48:57.204 D/[11768.358535@3]  logd(    0): Skipping 4294967295 entries from slow reader, pid 9060, from LogBuffer::kickMe()
06-11 23:48:57.166 I/chatty  (  397): uid=0(root) DK-SiCntrl identical 3 lines
06-11 23:48:57.267 D/stbdpc  (  397): STB_DPGetNumPaths[570]: num_paths: 1
06-11 23:48:57.338 D/dvb_iptv(  397): ReadEmmNetworkTask[1537]: EMM Select Timeout Occured 27
06-11 23:48:57.354 D/ltts_ip_emm(  397): LTTS_IP_DMXStartEMM[381]: parse_emm_cat_status failed
06-11 23:48:57.367 D/stbdpc  (  397): STB_DPGetNumPaths[570]: num_paths: 1
06-11 23:48:57.380 D/rtk_heartbeat(  349): heartbeat_timed_out: heartbeatCmdCount = 11745, expected nextSeqNum = 11745
06-11 23:48:57.382 D/rtk_heartbeat(  349): rtkbt_heartbeat_cmpl_cback: Current SeqNum = 11745,should SeqNum=11745, status = 0
--------- beginning of system
06-11 23:48:57.392 I/ActivityTaskManager(  633): START u0 {flg=0x10000000 cmp=in.startv.hotstar/com.hotstar.MainActivity} from uid 0
06-11 23:48:57.392 D/ActivityStarter(  633):  
06-11 23:48:57.392 D/ActivityStarter(  633): launchedPkgName :: in.startv.hotstar 
06-11 23:48:57.392 D/ActivityStarter(  633): callingPackage :: com.android.shell 
06-11 23:48:57.392 D/ActivityStarter(  633): callingUid :: 0 
06-11 23:48:57.392 D/ActivityStarter(  633): callingPid :: 9072
06-11 23:48:57.392 D/ActivityTaskManager(  633): OTHER app is launched
06-11 23:48:57.401 V/DigitalSignage(  633): Package Name: null
06-11 23:48:57.401 V/DigitalSignage(  633): Left: 0
06-11 23:48:57.401 V/DigitalSignage(  633): Right: 0
06-11 23:48:57.401 V/DigitalSignage(  633): Top: 0
06-11 23:48:57.401 V/DigitalSignage(  633): Bottom: 0
06-11 23:48:57.401 D/DigitalSignage(  633): else - Package Name :: null left : 0 right :: 0 top :: 0 bottom :: 0 dfu-right :: 1920 dfu-bottom :: 1080
06-11 23:48:57.405 D/JioLauncher( 1773): package-unregisterReceiver-for-downloadFeedBackReceiver
06-11 23:48:57.406 D/JioLauncher( 1773): intro-activity-on-pause
06-11 23:48:57.406 D/JioLauncher( 1773): recommendation-pause-called-no-recommendation-call-in-progress-cancel-handler
06-11 23:48:57.406 D/JioLauncher( 1773): ipl-pause-called-no-ipl-call-in-progress-cancel-handler
06-11 23:48:57.406 D/JioLauncher( 1773): for-u-recommendation-api-call-remove
06-11 23:48:57.406 D/JioLauncher( 1773): ipl-promotion-pause-called-no-ads-call-in-progress-cancel-handler
06-11 23:48:57.406 D/JioLauncher( 1773): ThreadCount-242
06-11 23:48:57.406 D/JioLauncher( 1773): isInactivityPopupDisplaying-{"inactivity_status_modified_time":1420050609621,"inactivity_status":false,"inactivity_window_timeout":120000}
06-11 23:48:57.406 D/JioLauncher( 1773): inactivity_status-false- result-false
06-11 23:48:57.406 D/JioLauncher( 1773): overlay-removing-type-LIVE_TV_ALERT_TYPE  -isInactivityPopupDisplaying-false
06-11 23:48:57.406 D/JioLauncher( 1773): ThreadCount-242
06-11 23:48:57.406 D/JioLauncher( 1773): isInactivityPopupDisplaying-{"inactivity_status_modified_time":1420050609621,"inactivity_status":false,"inactivity_window_timeout":120000}
06-11 23:48:57.406 D/JioLauncher( 1773): inactivity_status-false- result-false
06-11 23:48:57.406 D/JioLauncher( 1773): block-apps 1 null false
06-11 23:48:57.406 D/JioLauncher( 1773): global-key-unblock-all-key
06-11 23:48:57.409 D/JioLauncher( 1773): block-apps -1 null false
06-11 23:48:57.409 D/JioLauncher( 1773): global-key-block-all-key--others
06-11 23:48:57.411 D/CompatibilityChangeReporter(  633): Compat change id reported: 135634846; UID 10072; state: DISABLED
06-11 23:48:57.412 D/CompatibilityChangeReporter(  633): Compat change id reported: 143937733; UID 10072; state: ENABLED
06-11 23:48:57.429 D/JioStbInactivityTimer(  926): Timer: count 20 warningTimeout:10680 timeout:10800
06-11 23:48:57.430 D/JioStbInactivityTimer(  926): isUserActive: Curr:11746705 Prev:11746705
06-11 23:48:57.438 V/DigitalSignage(  633): Package Name: null
06-11 23:48:57.438 V/DigitalSignage(  633): Left: 0
06-11 23:48:57.438 V/DigitalSignage(  633): Right: 0
06-11 23:48:57.438 V/DigitalSignage(  633): Top: 0
06-11 23:48:57.438 V/DigitalSignage(  633): Bottom: 0
06-11 23:48:57.438 D/DigitalSignage(  633): else - Package Name :: null left : 0 right :: 0 top :: 0 bottom :: 0 dfu-right :: 1920 dfu-bottom :: 1080
06-11 23:48:57.441 D/Zygote  (  324): Forked child process 9075
06-11 23:48:57.444 I/ActivityManager(  633): Start proc 9075:in.startv.hotstar/u0a72 for pre-top-activity {in.startv.hotstar/com.hotstar.MainActivity}
06-11 23:48:57.448 I/appium  ( 9011): channel read: POST /session/ae4e3482-26f1-4dd3-bc89-efecf2b12087/element
06-11 23:48:57.450 I/appium  ( 9011): FindElement command
06-11 23:48:57.454 I/appium  ( 9011): method: 'xpath', selector: '//android.widget.ImageView[@resource-id='in.startv.hotstar:id/iv_profile']'
06-11 23:48:57.460 I/appium  ( 9011): Waiting up to 10000ms for the device to idle
06-11 23:48:57.467 D/stbdpc  (  397): STB_DPGetNumPaths[570]: num_paths: 1
06-11 23:48:57.474 V/DigitalSignage(  633): Package Name: null
06-11 23:48:57.474 V/DigitalSignage(  633): Left: 0
06-11 23:48:57.474 V/DigitalSignage(  633): Right: 0
06-11 23:48:57.474 V/DigitalSignage(  633): Top: 0
06-11 23:48:57.474 V/DigitalSignage(  633): Bottom: 0
06-11 23:48:57.474 I/adbd    (12860): jdwp connection from 9075
06-11 23:48:57.474 D/DigitalSignage(  633): else - Package Name :: null left : 0 right :: 0 top :: 0 bottom :: 0 dfu-right :: 1920 dfu-bottom :: 1080
06-11 23:48:57.475 I/ThermalService(  969): CPU temperatures: [61.600002]
06-11 23:48:57.487 D/ActivityTaskManager(  633): JioHomeManagerService :: ActivityRecord :: setState :: StateFrom :: INITIALIZING StateTo :: RESUMED 
06-11 23:48:57.494 V/DigitalSignage(  633): Package Name: null
06-11 23:48:57.494 V/DigitalSignage(  633): Left: 0
06-11 23:48:57.494 V/DigitalSignage(  633): Right: 0
06-11 23:48:57.494 V/DigitalSignage(  633): Top: 0
06-11 23:48:57.494 V/DigitalSignage(  633): Bottom: 0
06-11 23:48:57.494 D/DigitalSignage(  633): else - Package Name :: null left : 0 right :: 0 top :: 0 bottom :: 0 dfu-right :: 1920 dfu-bottom :: 1080
06-11 23:48:57.499 D/NetflixService(  969): onForegroundActivitiesChanged pid:9075,uid:10072,fg:true
06-11 23:48:57.499 D/ActivityManager(  633): JioHomeManagerService :: StateFrom :: INITIALIZING StateTo :: RESUMED Activity :: in.startv.hotstar/com.hotstar.MainActivity Action :: com.jio.remote.action.applaunch
06-11 23:48:57.503 D/NetflixService(  969): processName:com.netflix.ninja,importance:300
06-11 23:48:57.505 I/android.hardware.power-service.libperfmgr(  366): Power setBoost: INTERACTION duration: 0
06-11 23:48:57.505 I/libperfmgr(  366): Do Powerhint: INTERACTION
06-11 23:48:57.507 V/DigitalSignage(  633): Package Name: null
06-11 23:48:57.507 V/DigitalSignage(  633): Left: 0
06-11 23:48:57.507 V/DigitalSignage(  633): Right: 0
06-11 23:48:57.507 V/DigitalSignage(  633): Top: 0
06-11 23:48:57.507 V/DigitalSignage(  633): Bottom: 0
06-11 23:48:57.507 D/DigitalSignage(  633): else - Package Name :: null left : 0 right :: 0 top :: 0 bottom :: 0 dfu-right :: 1920 dfu-bottom :: 1080
06-11 23:48:57.529 D/NetworkSecurityConfig( 9075): Using Network Security Config from resource network_security_config debugBuild: false
06-11 23:48:57.531 D/NetworkSecurityConfig( 9075): Using Network Security Config from resource network_security_config debugBuild: false
06-11 23:48:57.559 D/SessionsDependencies( 9075): Dependency to CRASHLYTICS added.
06-11 23:48:57.567 D/stbdpc  (  397): STB_DPGetNumPaths[570]: num_paths: 1
06-11 23:48:57.576 I/FirebaseApp( 9075): Device unlocked: initializing all Firebase APIs for app [DEFAULT]
06-11 23:48:57.601 D/FirebaseSessions( 9075): Initializing Firebase Sessions SDK.
06-11 23:48:57.611 I/FirebaseCrashlytics( 9075): Initializing Firebase Crashlytics 19.3.0 for in.startv.hotstar
06-11 23:48:57.615 W/GooglePlayServicesUtil( 9075): in.startv.hotstar requires the Google Play Store, but it is missing.
06-11 23:48:57.615 E/DynamiteModule( 9075): Invalid GmsCore APK, remote loading disabled.
06-11 23:48:57.616 I/DynamiteModule( 9075): Considering local module com.google.android.gms.measurement.dynamite:127 and remote module com.google.android.gms.measurement.dynamite:0
06-11 23:48:57.616 I/DynamiteModule( 9075): Selected local version of com.google.android.gms.measurement.dynamite
06-11 23:48:57.617 E/DynamiteModule( 9075): Invalid GmsCore APK, remote loading disabled.
06-11 23:48:57.628 W/FA      ( 9075): Failed to register event listener on calling thread. Trying again on the dynamite thread.
06-11 23:48:57.630 D/SessionsDependencies( 9075): Subscriber CRASHLYTICS registered.
06-11 23:48:57.650 I/FA      ( 9075): App measurement initialized, version: 106000
06-11 23:48:57.650 I/FA      ( 9075): To enable debug logging run: adb shell setprop log.tag.FA VERBOSE
06-11 23:48:57.652 I/FA      ( 9075): To enable faster debug mode event logging run:
06-11 23:48:57.652 I/FA      ( 9075):   adb shell setprop debug.firebase.analytics.app in.startv.hotstar
06-11 23:48:57.660 D/LifecycleServiceBinder( 9075): Binding service to application.
06-11 23:48:57.667 D/stbdpc  (  397): STB_DPGetNumPaths[570]: num_paths: 1
06-11 23:48:57.695 I/FirebaseInitProvider( 9075): FirebaseApp initialization successful
06-11 23:48:57.700 D/WM-WrkMgrInitializer( 9075): Initializing WorkManager with default configuration.
06-11 23:48:57.713 I/TetheringManager( 9075): registerTetheringEventCallback:in.startv.hotstar
06-11 23:48:57.734 E/DynamiteModule( 9075): Invalid GmsCore APK, remote loading disabled.
06-11 23:48:57.735 I/DynamiteModule( 9075): Considering local module com.google.android.gms.cast_tv_dynamite:1 and remote module com.google.android.gms.cast_tv_dynamite:0
06-11 23:48:57.735 I/DynamiteModule( 9075): Selected local version of com.google.android.gms.cast_tv_dynamite
06-11 23:48:57.743 W/GooglePlayServicesUtil( 9075): in.startv.hotstar requires the Google Play Store, but it is missing.
06-11 23:48:57.747 W/FA      ( 9075): Service invalid
06-11 23:48:57.767 D/stbdpc  (  397): STB_DPGetNumPaths[570]: num_paths: 1
06-11 23:48:57.816 I/AmFFmpegExtractor(  447): checkInList: isw:0, m:audio/mpeg, t:1, i:86017 t:0
06-11 23:48:57.816 I/AmFFmpegExtractor(  447): checkInList: isw:1, m:audio/mpeg, t:1, i:86017 t:0
06-11 23:48:57.816 E/AmFFmpegExtractor(  447): codec_ctx->properties: 0
06-11 23:48:57.816 I/AmFFmpegExtractor(  447): checkSupportInList ret 1
06-11 23:48:57.818 I/AmFFmpegExtractor(  447): checkInList: isw:0, m:audio/mpeg, t:1, i:86017 t:0
06-11 23:48:57.818 I/AmFFmpegExtractor(  447): checkInList: isw:1, m:audio/mpeg, t:1, i:86017 t:0
06-11 23:48:57.819 E/AmFFmpegExtractor(  447): codec_ctx->properties: 0
06-11 23:48:57.819 I/AmFFmpegExtractor(  447): checkSupportInList ret 0
06-11 23:48:57.819 E/AmFFmpegExtractor(  447): vendor do not support
06-11 23:48:57.822 E/Utils   (  447): did not find channel-count and/or sample-rate
06-11 23:48:57.826 I/AmAVUtils( 9075): AmAVUtils, GITINFO : d32b3814175617bb24dd0965983e5642c803ab3a(drm.autobuild  Mon Oct 18 12:59:01 CST 2021)
06-11 23:48:57.826 I/AmAVUtils( 9075): set profile 0 level:0
06-11 23:48:57.839 D/dvb_iptv(  397): ReadEmmNetworkTask[1537]: EMM Select Timeout Occured 28
06-11 23:48:57.844 D/CCodec  ( 9075): allocate(c2.android.mp3.decoder)
06-11 23:48:57.846 D/ConnectivityService(  633): NetReassign [no changes]
06-11 23:48:57.848 I/Codec2Client( 9075): Available Codec2 services: "software"
06-11 23:48:57.854 V/C2Store (  477): in init
06-11 23:48:57.854 V/C2Store (  477): loading dll
06-11 23:48:57.858 I/CCodec  ( 9075): Created component [c2.android.mp3.decoder]
06-11 23:48:57.859 D/CCodecConfig( 9075): read media type: audio/mpeg
06-11 23:48:57.862 D/ReflectedParamUpdater( 9075): extent() != 1 for single value type: algo.buffers.max-count.values
06-11 23:48:57.863 D/ReflectedParamUpdater( 9075): extent() != 1 for single value type: output.subscribed-indices.values
06-11 23:48:57.863 D/ReflectedParamUpdater( 9075): extent() != 1 for single value type: input.buffers.allocator-ids.values
06-11 23:48:57.863 D/ReflectedParamUpdater( 9075): extent() != 1 for single value type: output.buffers.allocator-ids.values
06-11 23:48:57.864 D/ReflectedParamUpdater( 9075): extent() != 1 for single value type: algo.buffers.allocator-ids.values
06-11 23:48:57.864 D/ReflectedParamUpdater( 9075): extent() != 1 for single value type: output.buffers.pool-ids.values
06-11 23:48:57.864 D/ReflectedParamUpdater( 9075): extent() != 1 for single value type: algo.buffers.pool-ids.values
06-11 23:48:57.866 I/CCodecConfig( 9075): query failed after returning 7 values (BAD_INDEX)
06-11 23:48:57.867 D/CCodecConfig( 9075): c2 config diff is Dict {
06-11 23:48:57.867 D/CCodecConfig( 9075):   c2::u32 coded.bitrate.value = 64000
06-11 23:48:57.867 D/CCodecConfig( 9075):   c2::u32 input.buffers.max-size.value = 8192
06-11 23:48:57.867 D/CCodecConfig( 9075):   c2::u32 input.delay.value = 0
06-11 23:48:57.867 D/CCodecConfig( 9075):   string input.media-type.value = "audio/mpeg"
06-11 23:48:57.867 D/CCodecConfig( 9075):   string output.media-type.value = "audio/raw"
06-11 23:48:57.867 D/CCodecConfig( 9075):   c2::u32 raw.channel-count.value = 2
06-11 23:48:57.867 D/CCodecConfig( 9075):   c2::u32 raw.sample-rate.value = 44100
06-11 23:48:57.867 D/CCodecConfig( 9075): }
06-11 23:48:57.868 D/stbdpc  (  397): STB_DPGetNumPaths[570]: num_paths: 1
06-11 23:48:57.868 D/CCodec  ( 9075): [c2.android.mp3.decoder] buffers are bound to CCodec for this session
06-11 23:48:57.868 D/CCodecConfig( 9075): no c2 equivalents for durationUs
06-11 23:48:57.868 D/CCodecConfig( 9075): no c2 equivalents for track-id
06-11 23:48:57.868 D/CCodecConfig( 9075): no c2 equivalents for encoder-delay
06-11 23:48:57.868 D/CCodecConfig( 9075): no c2 equivalents for encoder-padding
06-11 23:48:57.868 D/CCodecConfig( 9075): no c2 equivalents for flags
06-11 23:48:57.869 D/CCodecConfig( 9075): c2 config diff is   c2::u32 raw.channel-count.value = 1
06-11 23:48:57.869 D/CCodecConfig( 9075):   c2::u32 raw.sample-rate.value = 48000
06-11 23:48:57.871 W/Codec2Client( 9075): query -- param skipped: index = 1107298332.
06-11 23:48:57.872 D/CCodec  ( 9075): setup formats input: AMessage(what = 0x00000000) = {
06-11 23:48:57.872 D/CCodec  ( 9075):   int32_t channel-count = 1
06-11 23:48:57.872 D/CCodec  ( 9075):   int32_t max-input-size = 8192
06-11 23:48:57.872 D/CCodec  ( 9075):   string mime = "audio/mpeg"
06-11 23:48:57.872 D/CCodec  ( 9075):   int32_t sample-rate = 48000
06-11 23:48:57.872 D/CCodec  ( 9075): } and output: AMessage(what = 0x00000000) = {
06-11 23:48:57.872 D/CCodec  ( 9075):   int32_t channel-count = 1
06-11 23:48:57.872 D/CCodec  ( 9075):   string mime = "audio/raw"
06-11 23:48:57.872 D/CCodec  ( 9075):   int32_t sample-rate = 48000
06-11 23:48:57.872 D/CCodec  ( 9075):   int32_t encoder-delay = 576
06-11 23:48:57.872 D/CCodec  ( 9075):   int32_t encoder-padding = 1152
06-11 23:48:57.872 D/CCodec  ( 9075): }
06-11 23:48:57.874 W/Codec2Client( 9075): query -- param skipped: index = 1342179345.
06-11 23:48:57.874 W/Codec2Client( 9075): query -- param skipped: index = 2415921170.
06-11 23:48:57.876 E/FMQ     ( 9075): grantorIdx must be less than 3
06-11 23:48:57.876 E/FMQ     ( 9075): grantorIdx must be less than 3
06-11 23:48:57.876 D/CCodecBufferChannel( 9075): [c2.android.mp3.decoder#453] Created input block pool with allocatorID 16 => poolID 17 - OK (0)
06-11 23:48:57.877 E/FMQ     (  477): grantorIdx must be less than 3
06-11 23:48:57.877 E/FMQ     (  477): grantorIdx must be less than 3
06-11 23:48:57.879 I/CCodecBufferChannel( 9075): [c2.android.mp3.decoder#453] Created output block pool with allocatorID 16 => poolID 311 - OK
06-11 23:48:57.879 D/CCodecBufferChannel( 9075): [c2.android.mp3.decoder#453] Configured output block pool ids 311 => OK
06-11 23:48:57.880 E/ion     ( 9075): ioctl c0044901 failed with code -1: Inappropriate ioctl for device
06-11 23:48:57.883 D/SimpleC2Component(  477): Using output block pool with poolID 311 => got 311 - 0
06-11 23:48:57.896 V/DigitalSignage(  633): Package Name: null
06-11 23:48:57.896 V/DigitalSignage(  633): Left: 0
06-11 23:48:57.896 V/DigitalSignage(  633): Right: 0
06-11 23:48:57.896 V/DigitalSignage(  633): Top: 0
06-11 23:48:57.896 V/DigitalSignage(  633): Bottom: 0
06-11 23:48:57.896 D/DigitalSignage(  633): else - Package Name :: null left : 0 right :: 0 top :: 0 bottom :: 0 dfu-right :: 1920 dfu-bottom :: 1080
06-11 23:48:57.903 E/FMQ     ( 9075): grantorIdx must be less than 3
06-11 23:48:57.904 E/FMQ     (  477): grantorIdx must be less than 3
06-11 23:48:57.906 I/C2SoftMp3Dec(  477): Reconfiguring decoder: 0->48000 Hz, 0->1 channels
06-11 23:48:57.909 E/FMQ     (  477): grantorIdx must be less than 3
06-11 23:48:57.909 E/FMQ     ( 9075): grantorIdx must be less than 3
06-11 23:48:57.911 D/CCodecBuffers( 9075): [c2.android.mp3.decoder#453:Output[N]] popFromStashAndRegister: output format changed to AMessage(what = 0x00000000) = {
06-11 23:48:57.911 D/CCodecBuffers( 9075):   int32_t channel-count = 1
06-11 23:48:57.911 D/CCodecBuffers( 9075):   string mime = "audio/raw"
06-11 23:48:57.911 D/CCodecBuffers( 9075):   int32_t sample-rate = 48000
06-11 23:48:57.911 D/CCodecBuffers( 9075):   int32_t encoder-delay = 576
06-11 23:48:57.911 D/CCodecBuffers( 9075):   int32_t encoder-padding = 1152
06-11 23:48:57.911 D/CCodecBuffers( 9075): }
06-11 23:48:57.918 E/BufferQueueProducer(  393): [com.iwedia.ui.rjio.launcher.reliance/com.iwedia.ui.rjio.launcher.ui.intro.IntroActivity#0](id:18900000147,api:0,p:-1,c:393) disconnect: not connected (req=1)
06-11 23:48:57.919 W/libEGL  ( 1773): EGLNativeWindowType 0xf4583c08 disconnect failed
06-11 23:48:57.924 V/DigitalSignage(  633): Package Name: null
06-11 23:48:57.924 V/DigitalSignage(  633): Left: 0
06-11 23:48:57.924 V/DigitalSignage(  633): Right: 0
06-11 23:48:57.924 V/DigitalSignage(  633): Top: 0
06-11 23:48:57.924 V/DigitalSignage(  633): Bottom: 0
06-11 23:48:57.924 D/DigitalSignage(  633): else - Package Name :: null left : 0 right :: 0 top :: 0 bottom :: 0 dfu-right :: 1920 dfu-bottom :: 1080
06-11 23:48:57.954 D/JioLauncher( 1773): overlay status check for wifi and bt remote false false
06-11 23:48:57.957 I/appium  ( 9011): The following attributes will be included to the page source: [resource-id]
06-11 23:48:57.961 D/Match code1( 1439): 2
06-11 23:48:57.961 D/JIO_TR069-( 1439): Predefined List [com.jio.stb.catv, com.rjil.jiostbsetting, com.iwedia.ui.rjio.launcher.reliance, com.jio.stb.hotellauncher, com.jio.media.oberoi, com.jio.ott]
06-11 23:48:57.964 D/JIO_TR069-( 1439): Caller Package com.iwedia.ui.rjio.launcher.reliance
06-11 23:48:57.964 D/JIO_TR069-( 1439): White Listed Apps []
06-11 23:48:57.964 D/JIO_TR069-( 1439): Final White Listed Apps [com.jio.stb.catv, com.rjil.jiostbsetting, com.iwedia.ui.rjio.launcher.reliance, com.jio.stb.hotellauncher, com.jio.media.oberoi, com.jio.ott, ]
06-11 23:48:57.968 D/stbdpc  (  397): STB_DPGetNumPaths[570]: num_paths: 1
06-11 23:48:57.968 D/JioLauncher( 1773): network-type-------NonJioNetwork
06-11 23:48:57.973 D/JioLauncher( 1773): live-tv-previousIp-[/fe80::1%wlan0, /192.168.1.1]-newHost-[/fe80::1%wlan0, /192.168.1.1]
06-11 23:48:58.068 D/stbdpc  (  397): STB_DPGetNumPaths[570]: num_paths: 1
06-11 23:48:58.230 W/[11769.379215@1]  RTW(    0): fill_default_txdesc(wlan0): SP Packet(0x0806) rate=0x4 SeqNum = 1957
06-11 23:48:58.168 D/stbdpc  (  397): STB_DPGetNumPaths[570]: num_paths: 1
06-11 23:48:58.234 D/SessionLifecycleClient( 9075): Queued message 1. Queue size 1
06-11 23:48:58.256 D/SessionLifecycleService( 9075): Service bound to new client on process 9075
06-11 23:48:58.258 I/Choreographer( 9075): Skipped 32 frames!  The application may be doing too much work on its main thread.
06-11 23:48:58.260 D/SessionLifecycleService( 9075): App has not yet foregrounded. Using previously stored session.
06-11 23:48:58.260 D/SessionLifecycleService( 9075): Client android.os.Messenger@34e6738 bound at 11769410. Clients: 1
06-11 23:48:58.268 D/stbdpc  (  397): STB_DPGetNumPaths[570]: num_paths: 1
06-11 23:48:58.282 V/DigitalSignage(  633): Package Name: null
06-11 23:48:58.283 V/DigitalSignage(  633): Left: 0
06-11 23:48:58.283 V/DigitalSignage(  633): Right: 0
06-11 23:48:58.283 V/DigitalSignage(  633): Top: 0
06-11 23:48:58.283 V/DigitalSignage(  633): Bottom: 0
06-11 23:48:58.283 D/DigitalSignage(  633): else - Package Name :: null left : 0 right :: 0 top :: 0 bottom :: 0 dfu-right :: 1920 dfu-bottom :: 1080
06-11 23:48:58.283 V/DigitalSignage(  633): Package Name: null
06-11 23:48:58.283 V/DigitalSignage(  633): Left: 0
06-11 23:48:58.283 V/DigitalSignage(  633): Right: 0
06-11 23:48:58.283 V/DigitalSignage(  633): Top: 0
06-11 23:48:58.283 V/DigitalSignage(  633): Bottom: 0
06-11 23:48:58.284 D/DigitalSignage(  633): else - Package Name :: null left : 0 right :: 0 top :: 0 bottom :: 0 dfu-right :: 1920 dfu-bottom :: 1080
06-11 23:48:58.302 V/RootBeer( 9075): b: a() [44] - /system/xbin/su binary detected!
06-11 23:48:58.312 I/tomator2.serve( 9011): Background young concurrent copying GC freed 22458(1235KB) AllocSpace objects, 11(1384KB) LOS objects, 0% free, 10MB/10MB, paused 156us total 123.741ms
06-11 23:48:58.338 I/hwservicemanager(  233): getTransport: Cannot find entry android.hardware.configstore@1.0::ISurfaceFlingerConfigs/default in either framework or device manifest.
06-11 23:48:58.339 D/dvb_iptv(  397): ReadEmmNetworkTask[1537]: EMM Select Timeout Occured 29
06-11 23:48:58.368 D/stbdpc  (  397): STB_DPGetNumPaths[570]: num_paths: 1
06-11 23:48:58.381 D/rtk_heartbeat(  349): heartbeat_timed_out: heartbeatCmdCount = 11746, expected nextSeqNum = 11746
06-11 23:48:58.382 D/rtk_heartbeat(  349): rtkbt_heartbeat_cmpl_cback: Current SeqNum = 11746,should SeqNum=11746, status = 0
06-11 23:48:58.406 I/uncher.relianc( 1773): oneway function results will be dropped but finished with status OK and parcel size 4
06-11 23:48:58.412 I/e.swalekh.abct( 1359): oneway function results will be dropped but finished with status OK and parcel size 4
06-11 23:48:58.413 D/CCodecBufferChannel( 9075): [c2.android.mp3.decoder#453] MediaCodec discarded an unknown buffer
06-11 23:48:58.418 V/DigitalSignage(  633): Package Name: null
06-11 23:48:58.418 V/DigitalSignage(  633): Left: 0
06-11 23:48:58.418 V/DigitalSignage(  633): Right: 0
06-11 23:48:58.418 V/DigitalSignage(  633): Top: 0
06-11 23:48:58.418 V/DigitalSignage(  633): Bottom: 0
06-11 23:48:58.419 D/DigitalSignage(  633): else - Package Name :: null left : 0 right :: 0 top :: 0 bottom :: 0 dfu-right :: 1920 dfu-bottom :: 1080
06-11 23:48:58.419 V/DigitalSignage(  633): Package Name: null
06-11 23:48:58.419 V/DigitalSignage(  633): Left: 0
06-11 23:48:58.419 V/DigitalSignage(  633): Right: 0
06-11 23:48:58.419 V/DigitalSignage(  633): Top: 0
06-11 23:48:58.419 V/DigitalSignage(  633): Bottom: 0
06-11 23:48:58.419 D/DigitalSignage(  633): else - Package Name :: null left : 0 right :: 0 top :: 0 bottom :: 0 dfu-right :: 1920 dfu-bottom :: 1080
06-11 23:48:58.421 V/DigitalSignage(  633): Package Name: null
06-11 23:48:58.421 V/DigitalSignage(  633): Left: 0
06-11 23:48:58.421 V/DigitalSignage(  633): Right: 0
06-11 23:48:58.421 V/DigitalSignage(  633): Top: 0
06-11 23:48:58.421 V/DigitalSignage(  633): Bottom: 0
06-11 23:48:58.421 D/DigitalSignage(  633): else - Package Name :: null left : 0 right :: 0 top :: 0 bottom :: 0 dfu-right :: 1920 dfu-bottom :: 1080
06-11 23:48:58.421 V/DigitalSignage(  633): Package Name: null
06-11 23:48:58.421 V/DigitalSignage(  633): Left: 0
06-11 23:48:58.421 V/DigitalSignage(  633): Right: 0
06-11 23:48:58.421 V/DigitalSignage(  633): Top: 0
06-11 23:48:58.421 V/DigitalSignage(  633): Bottom: 0
06-11 23:48:58.422 D/DigitalSignage(  633): else - Package Name :: null left : 0 right :: 0 top :: 0 bottom :: 0 dfu-right :: 1920 dfu-bottom :: 1080
06-11 23:48:58.413 I/chatty  ( 9075): uid=10072(in.startv.hotstar) identical 1 line
06-11 23:48:58.413 D/CCodecBufferChannel( 9075): [c2.android.mp3.decoder#453] MediaCodec discarded an unknown buffer
06-11 23:48:58.424 I/hw-BpHwBinder( 9075): onLastStrongRef automatically unlinking death recipients
06-11 23:48:58.425 I/hw-BpHwBinder(  477): onLastStrongRef automatically unlinking death recipients
06-11 23:48:58.425 V/C2Store (  477): in ~ComponentModule
06-11 23:48:58.425 V/C2Store (  477): unloading dll
06-11 23:48:58.429 D/JioStbInactivityTimer(  926): Timer: count 21 warningTimeout:10680 timeout:10800
06-11 23:48:58.429 D/JioStbInactivityTimer(  926): isUserActive: Curr:11746705 Prev:11746705
06-11 23:48:58.444 V/DigitalSignage(  633): Package Name: null
06-11 23:48:58.444 V/DigitalSignage(  633): Left: 0
06-11 23:48:58.444 V/DigitalSignage(  633): Right: 0
06-11 23:48:58.444 V/DigitalSignage(  633): Top: 0
06-11 23:48:58.444 V/DigitalSignage(  633): Bottom: 0
06-11 23:48:58.444 D/DigitalSignage(  633): else - Package Name :: null left : 0 right :: 0 top :: 0 bottom :: 0 dfu-right :: 1920 dfu-bottom :: 1080
06-11 23:48:58.444 V/DigitalSignage(  633): Package Name: null
06-11 23:48:58.444 V/DigitalSignage(  633): Left: 0
06-11 23:48:58.444 V/DigitalSignage(  633): Right: 0
06-11 23:48:58.444 V/DigitalSignage(  633): Top: 0
06-11 23:48:58.444 V/DigitalSignage(  633): Bottom: 0
06-11 23:48:58.444 D/DigitalSignage(  633): else - Package Name :: null left : 0 right :: 0 top :: 0 bottom :: 0 dfu-right :: 1920 dfu-bottom :: 1080
06-11 23:48:58.456 I/FA      ( 9075): Tag Manager is not found and thus will not be used
06-11 23:48:58.458 W/GooglePlayServicesUtil( 9075): Google Play services is missing.
06-11 23:48:58.458 I/android.hardware.power-service.libperfmgr(  366): Power setBoost: INTERACTION duration: 0
06-11 23:48:58.458 I/libperfmgr(  366): Do Powerhint: INTERACTION
06-11 23:48:58.458 D/SessionLifecycleClient( 9075): Connected to SessionLifecycleService. Queue size 1
06-11 23:48:58.460 D/SessionLifecycleClient( 9075): Sending lifecycle 1 to service
06-11 23:48:58.462 D/SessionLifecycleService( 9075): Activity foregrounding at 11769613.
06-11 23:48:58.462 D/SessionLifecycleService( 9075): Cold start detected.
06-11 23:48:58.469 D/stbdpc  (  397): STB_DPGetNumPaths[570]: num_paths: 1
06-11 23:48:58.471 D/SessionLifecycleService( 9075): Generated new session.
06-11 23:48:58.471 D/SessionLifecycleService( 9075): Broadcasting new session
06-11 23:48:58.493 D/JioSTBMRServer-SERVICE( 3589): InetSocketAddress(InetAddress.getByName(inetAddress.hostAddress)-/192.168.1.255
06-11 23:48:58.493 D/JioSTBMRServer-SERVICE( 3589): #beacon:RKISBFJ60000097:0:false:0:1:SV=181024 , 192.168.1.255
06-11 23:48:58.497 D/JioSTBMRServer-SERVICE( 3589): InetSocketAddress(InetAddress.getByName(inetAddress.hostAddress)-/192.168.1.255
06-11 23:48:58.497 D/JioSTBMRServer-SERVICE( 3589): #broadcast IP:192.168.1.255
06-11 23:48:58.501 D/SessionFirelogPublisher( 9075): Data Collection is enabled for at least one Subscriber
06-11 23:48:58.503 D/SessionLifecycleClient( 9075): Session update received.
06-11 23:48:58.529 D/JioLauncher( 1773): launcher-appp-in-background
06-11 23:48:58.530 E/PushSDK ( 1773): Total time spend is 00:00:24
06-11 23:48:58.530 E/PushSDK ( 1773): app closed with session id KnRJBVc1749665913557
06-11 23:48:58.561 D/JioLauncher( 1773): onSaveInstanceState-getting called
06-11 23:48:58.569 D/stbdpc  (  397): STB_DPGetNumPaths[570]: num_paths: 1
06-11 23:48:58.576 V/DigitalSignage(  633): Package Name: null
06-11 23:48:58.576 V/DigitalSignage(  633): Left: 0
06-11 23:48:58.576 V/DigitalSignage(  633): Right: 0
06-11 23:48:58.576 V/DigitalSignage(  633): Top: 0
06-11 23:48:58.576 V/DigitalSignage(  633): Bottom: 0
06-11 23:48:58.577 D/DigitalSignage(  633): else - Package Name :: null left : 0 right :: 0 top :: 0 bottom :: 0 dfu-right :: 1920 dfu-bottom :: 1080
06-11 23:48:58.577 V/DigitalSignage(  633): Package Name: null
06-11 23:48:58.577 V/DigitalSignage(  633): Left: 0
06-11 23:48:58.577 V/DigitalSignage(  633): Right: 0
06-11 23:48:58.577 V/DigitalSignage(  633): Top: 0
06-11 23:48:58.577 V/DigitalSignage(  633): Bottom: 0
06-11 23:48:58.577 D/DigitalSignage(  633): else - Package Name :: null left : 0 right :: 0 top :: 0 bottom :: 0 dfu-right :: 1920 dfu-bottom :: 1080
06-11 23:48:58.587 D/NetflixService(  969): onForegroundActivitiesChanged pid:1773,uid:10035,fg:false
06-11 23:48:58.592 D/NetflixService(  969): processName:com.netflix.ninja,importance:300
06-11 23:48:58.604 D/SessionLifecycleClient( 9075): Notified CRASHLYTICS of new session febe3df811fa4d60b3a16eecbe830e46
06-11 23:48:58.611 V/DigitalSignage(  633): Package Name: null
06-11 23:48:58.611 V/DigitalSignage(  633): Left: 0
06-11 23:48:58.611 V/DigitalSignage(  633): Right: 0
06-11 23:48:58.611 V/DigitalSignage(  633): Top: 0
06-11 23:48:58.611 V/DigitalSignage(  633): Bottom: 0
06-11 23:48:58.611 D/DigitalSignage(  633): else - Package Name :: null left : 0 right :: 0 top :: 0 bottom :: 0 dfu-right :: 1920 dfu-bottom :: 1080
06-11 23:48:58.621 I/ActivityTaskManager(  633): Displayed in.startv.hotstar/com.hotstar.MainActivity: +1s34ms
06-11 23:48:58.625 D/CompatibilityChangeReporter(  633): Compat change id reported: 136274596; UID 10072; state: ENABLED
06-11 23:48:58.629 V/DigitalSignage(  633): Package Name: null
06-11 23:48:58.629 V/DigitalSignage(  633): Left: 0
06-11 23:48:58.629 V/DigitalSignage(  633): Right: 0
06-11 23:48:58.629 V/DigitalSignage(  633): Top: 0
06-11 23:48:58.629 V/DigitalSignage(  633): Bottom: 0
06-11 23:48:58.630 D/DigitalSignage(  633): else - Package Name :: null left : 0 right :: 0 top :: 0 bottom :: 0 dfu-right :: 1920 dfu-bottom :: 1080
06-11 23:48:58.639 V/FileLogTree( 9075): Successfully created log file /data/user/0/in.startv.hotstar/files/logs/HotStarLogs1749665938603.log
06-11 23:48:58.669 D/stbdpc  (  397): STB_DPGetNumPaths[570]: num_paths: 1
06-11 23:48:58.711 I/tomator2.serve( 9011): Background concurrent copying GC freed 86845(4386KB) AllocSpace objects, 11(1520KB) LOS objects, 49% free, 7670KB/14MB, paused 79us total 398.371ms
06-11 23:48:58.730 D/EventGDTLogger( 9075): Session Event Type: SESSION_START
06-11 23:48:58.742 D/SessionFirelogPublisher( 9075): Successfully logged Session Start event.
06-11 23:48:58.751 D/[213   ] JioAccount-ADC( 2131): v2.a a> Event: XJSSOE3
06-11 23:48:58.751 V/[213   ] JioAccount-ADC( 2131): v2.a a> XJSSOE3	PARAMETERS:
06-11 23:48:58.766 D/[419   ] JioAccount-ADC( 2131): com.jio.adc.core.b c> Getting ServiceInfo
06-11 23:48:58.769 D/stbdpc  (  397): STB_DPGetNumPaths[570]: num_paths: 1
06-11 23:48:58.772 D/[419   ] JioAccount-ADC( 2131): com.jio.adc.core.b c> Starting Bind...
06-11 23:48:58.774 D/[2     ] JioAccount-ADC( 2131): com.jio.adc.core.b$2 onServiceConnected> Connected
06-11 23:48:58.775 D/[2     ] JioAccount-ADC( 2131): com.jio.adc.core.b$c$1 h> PROCESSING EVENT: XJSSOE3; TIME: 11-06-25 23:48:58:752; PARAMETERS: {"XJSSOP13":"in.startv.hotstar","XJSSOP14":true,"XJSSOP15":""}
06-11 23:48:58.778 D/[419   ] JioAccount-ADC( 2131): com.jio.adc.core.b c> Binding...
06-11 23:48:58.779 V/[2     ] JioAccount-ADC( 2131): com.jio.adc.core.b$c$1 h> Event Written: XJSSOE3; TIME: 11-06-25 23:48:58:752; PARAMETERS: {"XJSSOP13":"in.startv.hotstar","XJSSOP14":true,"XJSSOP15":""}
06-11 23:48:58.838 I/FirebaseCrashlytics( 9075): Saved version control info
06-11 23:48:58.839 D/dvb_iptv(  397): ReadEmmNetworkTask[1537]: EMM Select Timeout Occured 30
06-11 23:48:58.869 D/stbdpc  (  397): STB_DPGetNumPaths[570]: num_paths: 1
06-11 23:48:58.970 D/stbdpc  (  397): STB_DPGetNumPaths[570]: num_paths: 1
06-11 23:48:59.024 D/[213   ] JioAccount-ADC( 2131): v2.a a> Event: XJSSOE4
06-11 23:48:59.026 V/[213   ] JioAccount-ADC( 2131): v2.a a> XJSSOE4	PARAMETERS:
06-11 23:48:59.028 D/[419   ] JioAccount-ADC( 2131): com.jio.adc.core.b$c$1 h> PROCESSING EVENT: XJSSOE4; TIME: 11-06-25 23:48:59:027; PARAMETERS: {"XJSSOP9":"RefreshTokenData","XJSSOP2":"200","XJSSOP3":"OK","XJSSOP4":"","XJSSOP1":"d5.s@abad1bb","XJSSOP5":"RJIL_JioSTBAF","XJSSOP6":"l7xxba9140cc92944a83ad95553ce3f4521a","XJSSOP8":"fe80::bcd3:5aff:fe4b:e27b","XJSSOP15":""}
06-11 23:48:59.041 V/[419   ] JioAccount-ADC( 2131): com.jio.adc.core.b$c$1 h> Event Written: XJSSOE4; TIME: 11-06-25 23:48:59:027; PARAMETERS: {"XJSSOP9":"RefreshTokenData","XJSSOP2":"200","XJSSOP3":"OK","XJSSOP4":"","XJSSOP1":"d5.s@abad1bb","XJSSOP5":"RJIL_JioSTBAF","XJSSOP6":"l7xxba9140cc92944a83ad95553ce3f4521a","XJSSOP8":"fe80::bcd3:5aff:fe4b:e27b","XJSSOP15":""}
06-11 23:48:59.051 D/[213   ] JioAccount-ADC( 2131): v2.a a> Event: XJSSOE4
06-11 23:48:59.057 V/[213   ] JioAccount-ADC( 2131): v2.a a> XJSSOE4	PARAMETERS:
06-11 23:48:59.060 D/[419   ] JioAccount-ADC( 2131): com.jio.adc.core.b$c$1 h> PROCESSING EVENT: XJSSOE4; TIME: 11-06-25 23:48:59:058; PARAMETERS: {"XJSSOP9":"RMN","XJSSOP2":"200","XJSSOP3":"success","XJSSOP4":"","XJSSOP1":"https://api.jio.com/v3/dip/user/authtoken/verify","XJSSOP5":"RJIL_JioSTBAF","XJSSOP6":"l7xxba9140cc92944a83ad95553ce3f4521a","XJSSOP8":"fe80::bcd3:5aff:fe4b:e27b","XJSSOP15":""}
06-11 23:48:59.064 V/[419   ] JioAccount-ADC( 2131): com.jio.adc.core.b$c$1 h> Event Written: XJSSOE4; TIME: 11-06-25 23:48:59:058; PARAMETERS: {"XJSSOP9":"RMN","XJSSOP2":"200","XJSSOP3":"success","XJSSOP4":"","XJSSOP1":"https://api.jio.com/v3/dip/user/authtoken/verify","XJSSOP5":"RJIL_JioSTBAF","XJSSOP6":"l7xxba9140cc92944a83ad95553ce3f4521a","XJSSOP8":"fe80::bcd3:5aff:fe4b:e27b","XJSSOP15":""}
