--------- beginning of kernel
06-11 15:49:30.915 W/[16931.788264@1]  logd(    0): Skipping entries from slow reader, pid 30028, fd 17, from LogBuffer::Prune()
06-11 15:49:31.735 I/[16932.609838@1]  vc(    0): [0]vc: set enable index=0, val=0
06-11 15:49:31.736 I/[16932.609874@1]  VID(    0): store VD0 path_id changed 2->-1
06-11 15:49:31.736 I/        (    0): [16932.609879@1]  dev->index =0, val=1
06-11 15:49:31.736 I/[16932.609882@1]  VID(    0): VD1 off
06-11 15:49:31.736 I/[16932.609888@1]  VID(    0): VD1 set global output as 0
06-11 15:49:31.736 I/        (    0): [16932.609922@1]  common_vf_unreg_provider video_render.0: vd1 used:true, vd2 used:false, vd3 used:false, f_wait:true (998583 998583), b_out:0, cur_buf:eb825720
06-11 15:49:31.739 I/[16932.614693@0]  video_send_uevent(    0): VIDEO_FORMAT=-1, ret=0
06-11 15:49:32.239 I/[16933.112112@2]  binder(    0): 343:347 transaction failed 29201/-1, size 80-0 line 2855
06-11 15:49:32.239 I/[16933.112159@2]  binder(    0): 343:347 transaction failed 29201/-1, size 80-0 line 2855
06-11 15:49:32.239 I/[16933.112203@2]  binder(    0): 343:347 transaction failed 29201/-1, size 80-0 line 2855
06-11 15:49:32.239 I/[16933.115080@2]  lcd(    0): [0]: lcd_set_vframe_rate_hint: fr_auto_flag = 0x1, duration = 6000, frame_rate = 60
06-11 15:49:32.239 I/[16933.115089@2]  lcd(    0): [0]: lcd_framerate_automation_set_mode
06-11 15:49:32.239 I/[16933.115095@2]  aml_media(    0): current vmode=2160p60hz, cmd: 0x10000
06-11 15:49:32.239 I/[16933.115103@2]  vlock(    0): event MODE_CHANGE_PRE 0
06-11 15:49:32.239 I/[16933.115125@2]  lcd(    0): [0]: lcd_vbyone_wait_stable status: 0x820, i=1
06-11 15:49:32.239 W/[16933.115138@2]  [RX]-rx_vrr_notify_handler(    0): vrr_min=48, vrr_max=60
06-11 15:49:32.239 I/[16933.115142@2]  aml_media(    0): current vmode=2160p60hz, cmd: 0x20000
06-11 15:49:32.240 I/[16933.115152@2]  DOLBY(    0): vout_notify_callback: VOUT_EVENT_MODE_CHANGE
06-11 15:49:32.240 I/[16933.115155@2]  vlock(    0): event MODE_CHANGE
06-11 15:49:32.240 I/        (    0): [16933.115160@2]  vsync_pts_inc 1500 1/60
06-11 15:50:05.211 I/[16966.086652@1]  resman(    0): 109 appname:OMX-100, type = 0 prio = 10
06-11 15:50:05.303 I/[16966.176159@1]  resman(    0): 109 acquire [decoder], preempt yes
06-11 15:50:05.303 I/[16966.176171@1]  resman(    0): 109 acquire [decoder] success
06-11 15:50:05.303 I/[16966.176208@1]  resman(    0): 109 acquire [codec_mm], preempt yes
06-11 15:50:05.303 I/[16966.176216@1]  resman(    0): 109 score 60 secure no
06-11 15:50:05.303 I/[16966.176221@1]  resman(    0): 109 acquire [codec_mm] success
06-11 15:50:05.308 I/[16966.181091@3]  [amlv4l](    0): double write mode 3 margin 5
06-11 15:50:05.308 I/[16966.181146@3]  [amlv4l](    0): vidioc_try_fmt, field: 1, fmt: 34363248
06-11 15:50:05.308 D/[16966.181537@3]  [amlcom](    0): vdec_create instance f448d2eb, total 1, PM: power-domain
06-11 15:50:05.308 D/[16966.181588@3]  [media_clock](    0): vdec mux clock is 799999988 Hz
06-11 15:50:05.308 I/[16966.181767@3]  [amlcom](    0): vdec_init, dev_name:ammvdec_h264_v4l, vdec_type=VDEC_TYPE_FRAME_BLOCK, format: 2, total: 1
06-11 15:50:05.308 D/[16966.182707@3]  [h264](    0): 0: pdata->config=parm_v4l_codec_enable:1;mh264_double_write_mode:3;parm_v4l_buffer_margin:5;parm_v4l_canvas_mem_mode:0;parm_v4l_canvas_mem_endian:0;parm_v4l_low_latency_mode:0;parm_v4l_metadata_config_flag:49154;parm_v4l_duration:3840;
06-11 15:50:05.308 D/[16966.182736@3]  [h264](    0): ammvdec_h264_mmu_init tvp = 0x0
06-11 15:50:05.333 D/[16966.196408@0]  [media_clock](    0): vdec mux clock is 799999988 Hz
06-11 15:50:05.333 D/[16966.197225@2]  [h264](    0): vh264_init, phy_addr=63400000 vaddr=68de675e
06-11 15:51:52.800 W/[17073.674265@1]  logd(    0): Skipping entries from slow reader, pid 31154, fd 17, from LogBuffer::Prune()
--------- beginning of main
06-11 15:51:52.913 D/JioSettings(23032): A : nonInteractiveSleep: count::0::timeout::0
06-11 15:51:52.913 D/JioSettings(23032): A : inactivity: count::1::timeout::10680
06-11 15:51:52.915 D/JioSettings(23032): A : startScheduler::isScreenOFF::false::isMusicInProgress::true::isDreaming::false
06-11 15:51:52.915 D/JioSettings(23032): A : startScheduler::resetInactivity
06-11 15:51:52.915 D/JioSettings(23032): InactivityTimerService : resetInactivityTimer::dismiss::false  ||  shouldUnBlock: true
06-11 15:51:52.915 D/JioSettings(23032): InactivityTimerService : updateKeys:: isBlocking: false
06-11 15:51:52.915 D/JioSettings(23032): a : updateBlockKeys::keys::[]
06-11 15:51:52.915 D/JioSettings(23032): a : getBlockedKeysMap:::
06-11 15:51:52.917 D/JioSettings(23032): a : getBlockedKeys:::
06-11 15:51:52.917 D/JioSettings(23032): a : getBlockedKeysMap:::blockedKeys::{"com.rjil.jiotvsetting":[]}
06-11 15:51:52.919 D/JioSettings(23032): a : setBlockedKeys::keys::{"com.rjil.jiotvsetting":[]}
06-11 15:51:52.927 D/JioSettings(23032): A : startScheduler::isInactivityReached::false::isInactivityOverlayShown::false
--------- beginning of system
06-11 15:51:53.068 I/ActivityTaskManager(  631): START u0 {flg=0x10000000 cmp=in.startv.hotstar/com.hotstar.MainActivity} from uid 0
06-11 15:51:53.068 E/ActivityTaskManager(  631): aml startActivity 0022 intent is Intent { flg=0x10000000 cmp=in.startv.hotstar/com.hotstar.MainActivity }
06-11 15:51:53.069 D/ActivityTaskManager(  631): calling sendJioHomeBTServerBroadcast
06-11 15:51:53.070 D/CompatibilityChangeReporter(  631): Compat change id reported: 194480991; UID 10083; state: ENABLED
06-11 15:51:53.071 E/CellBroadcastUtils(  631): getDefaultCellBroadcastReceiverPackageName: no package found
06-11 15:51:53.071 V/ActivityTaskManager(  631): Old State : null Updated state : INITIALIZING Activity : ComponentInfo{in.startv.hotstar/com.hotstar.MainActivity}
06-11 15:51:53.072 D/TestIniFileReader(  631): read ini file ,sectionName is vod
06-11 15:51:53.073 V/ActivityTaskManager(  631): Sending Broadcast : Intent { act=com.jio.remote.action.applaunch flg=0x40000000 pkg=com.jio.remote.btserver (has extras) }
06-11 15:51:53.074 D/TestIniFileReader(  631): read ini file ,sectionName is nextnotkillpackagelist
06-11 15:51:53.075 D/TestIniFileReader(  631): read ini file ,sectionName is specialdensityapp
06-11 15:51:53.076 D/TestIniFileReader(  631): read ini file ,sectionName is videoclass
06-11 15:51:53.076 D/TestIniFileReader(  631): read ini file ,sectionName is low_ram_limit_persistent_app
06-11 15:51:53.079 D/CompatibilityChangeReporter(  631): Compat change id reported: 174042980; UID 10083; state: DISABLED
06-11 15:51:53.080 D/CompatibilityChangeReporter(  631): Compat change id reported: 184838306; UID 10083; state: DISABLED
06-11 15:51:53.080 D/CompatibilityChangeReporter(  631): Compat change id reported: 185004937; UID 10083; state: DISABLED
06-11 15:51:53.083 D/CompatibilityChangeReporter(  631): Compat change id reported: 205907456; UID 10083; state: ENABLED
06-11 15:51:53.101 D/SplashScreenView(  839): Build android.window.SplashScreenView{30d27f0 V.E...... ......ID 0,0-0,0}
06-11 15:51:53.101 D/SplashScreenView(  839): Icon: view: null drawable: null size: 0
06-11 15:51:53.101 D/SplashScreenView(  839): Branding: view: android.view.View{2655169 G.ED..... ......I. 0,0-0,0 #10204db android:id/splashscreen_branding_view} drawable: null size w: 0 h: 0
06-11 15:51:53.111 D/ActivityTaskManager(  631): resumeTopActivityInnerLocked prePackageName =in.startv.hotstar  nextpackageName =in.startv.hotstar
06-11 15:51:53.111 D/ActivityTaskManager(  631): prev and next packageName not equals disney,so set device_default_density
06-11 15:51:53.112 D/ActivityTaskManager(  631): calling sendJioHomeBTServerBroadcast
06-11 15:51:53.113 V/ActivityTaskManager(  631): Old State : RESUMED Updated state : PAUSING Activity : ComponentInfo{com.jio.launcher.aosptv/com.jio.launcher.ui.activities.MainActivity}
06-11 15:51:53.113 V/ActivityTaskManager(  631): Sending Broadcast : Intent { act=com.jio.remote.action.applaunch flg=0x40000000 pkg=com.jio.remote.btserver (has extras) }
06-11 15:51:53.120 D/CompatibilityChangeReporter(  631): Compat change id reported: 135634846; UID 10083; state: DISABLED
06-11 15:51:53.120 D/CompatibilityChangeReporter(  631): Compat change id reported: 143937733; UID 10083; state: ENABLED
06-11 15:51:53.123 E/MainActivity( 1171): BootUpFlow::::MainActivity::onPause Called
06-11 15:51:53.123 E/a       ( 1171): RefreshManager::removeTick
06-11 15:51:53.126 D/ActivityTaskManager(  631): calling sendJioHomeBTServerBroadcast
06-11 15:51:53.128 V/ActivityTaskManager(  631): Old State : PAUSING Updated state : PAUSED Activity : ComponentInfo{com.jio.launcher.aosptv/com.jio.launcher.ui.activities.MainActivity}
06-11 15:51:53.128 V/ActivityTaskManager(  631): Sending Broadcast : Intent { act=com.jio.remote.action.applaunch flg=0x40000000 pkg=com.jio.remote.btserver (has extras) }
06-11 15:51:53.134 W/ProcessStats(  631): Tracking association SourceState{d189cd system/1000 BTopFgs #2859} whose proc state 2 is better than process ProcessState{ad95640 io.appium.settings/10065 pkg=io.appium.settings} proc state 3 (10 skipped)
06-11 15:51:53.156 D/Zygote  (  410): Forked child process 31173
06-11 15:51:53.158 I/ActivityManager(  631): Start proc 31173:in.startv.hotstar/u0a83 for next-top-activity {in.startv.hotstar/com.hotstar.MainActivity}
06-11 15:51:53.160 I/appium  (31110): channel read: POST /session/028c4957-ffe3-4223-b7dd-01d975419b96/element
06-11 15:51:53.161 I/appium  (31110): FindElement command
06-11 15:51:53.169 I/appium  (31110): method: 'xpath', selector: '//android.widget.ImageView[@resource-id='in.startv.hotstar:id/iv_profile']'
06-11 15:51:53.173 I/appium  (31110): Waiting up to 10000ms for the device to idle
06-11 15:51:53.183 I/appium  (31110): The following attributes will be included to the page source: [resource-id]
06-11 15:51:53.193 D/ActivityTaskManager(  631): resumeTopActivityInnerLocked prePackageName =com.jio.launcher.aosptv  nextpackageName =in.startv.hotstar
06-11 15:51:53.193 D/ActivityTaskManager(  631): prev and next packageName not equals disney,so set device_default_density
06-11 15:51:53.206 D/CoreBackPreview(  631): Window{a0a7cc0 u0 Splash Screen in.startv.hotstar}: Setting back callback OnBackInvokedCallbackInfo{mCallback=android.window.IOnBackInvokedCallback$Stub$Proxy@ce323d8, mPriority=0}
06-11 15:51:53.208 W/ActivityManager(  631): Slow operation: 88ms so far, now at startProcess: done updating pids map
06-11 15:51:53.213 I/audio_hw_primary(  435): audiohal_get_latency  stream:0xa4086720 frames:3072 out->config.rate:48000 whole_latency:64, alsa_latency:64, 
06-11 15:51:53.227 I/[17074.101292@1]  [amlv4l](    0): [65]: reset mode: 1, es frames buffering: 0
06-11 15:51:53.220 D/InputMethodManagerService(  631): --- calledFromForegroundUserOrSystemProcess ? calling uid = 10021 system uid = 1000 calling userId = 0, foreground user id = 0, calling pid = 1389com.android.server.inputmethod.InputMethodManagerService.getCurrentInputMethodSubtype(InputMethodManagerService.java:5602)
06-11 15:51:53.222 I/OmxComponent(  573): OMX_CommandStateSet 854 Cmd 0 nParam1 0x2
06-11 15:51:53.222 I/OmxComponent(  573): OMX-105 STATE_SET:   OMX_StateExecuting => OMX_StateIdle : OMX.amlogic.avc.decoder.awesome2
06-11 15:51:53.222 I/OmxComponent(  573): OMX.amlogic.avc.decoder.awesome2: flush input
06-11 15:51:53.222 V/AmlogicVideoDecoderAwesome2(  573): [86]flushInput:1142 >
06-11 15:51:53.251 I/[17074.123374@1]  [amlv4l](    0): [65]: seek force reset to drop es frames.
06-11 15:51:53.255 I/[17074.123544@1]  [amlv4l](    0): [65]: reset mode: 1, es frames buffering: 0
06-11 15:51:53.222 V/OMX_WorkerPeer(  573): vendor/amlogic/common/omx/omx_framework/WorkerPeer.cpp:flushInput:57 --------------------
06-11 15:51:53.222 V/AmlogicVideoDecoderAwesome2(  573): [86]pause:365 >
06-11 15:51:53.222 V/AmlogicVideoDecoderAwesome2(  573): [86]reset:415 >
06-11 15:51:53.222 D/AmlogicVideoDecoderAwesome2(  573): [86]"reset_1"
06-11 15:51:53.222 D/VideoDecWraper(  573): reset
06-11 15:51:53.222 I/AmVideoDec(  573): [0] "reset\n"
06-11 15:51:53.222 I/VDA     (  573): [0]"Reset"
06-11 15:51:53.222 I/VDA     (  573): [0]"ResetTask\n"
06-11 15:51:53.283 I/[17074.158652@1]  [amlv4l](    0): [65]: reset mode: 1, es frames buffering: 0
06-11 15:51:53.222 I/AmlManagePts(  573): [0]"resetPtsInfo into\n"
06-11 15:51:53.223 I/AmlManagePts(  573): [0]"resetOutPutInfo into\n"
06-11 15:51:53.223 I/VDA     (  573): [0]"FinishReset\n"
06-11 15:51:53.223 I/VDA     (  573): [0]"StopInputStream input_streamon 1, input_buffer_map_.size 3\n"
06-11 15:51:53.223 I/VDA     (  573): [0]"----stop input VIDIOC_STREAMOFF----\n"
06-11 15:51:53.223 I/VDA     (  573): [0]"StopDevicePoll\n"
06-11 15:51:53.225 I/VDA     (  573): [0]"----stop output VIDIOC_STREAMOFF----\n"
06-11 15:51:53.235 I/audio_hw_primary(  435): audiohal_get_latency  stream:0xa4086720 frames:3072 out->config.rate:48000 whole_latency:64, alsa_latency:64, 
06-11 15:51:53.240 W/Parcel  (  839): Expecting binder but got null!
06-11 15:51:53.253 I/audio_hw_primary(  435): audiohal_get_latency  stream:0xa4086720 frames:3072 out->config.rate:48000 whole_latency:64, alsa_latency:64, 
06-11 15:51:53.253 D/CompatibilityChangeReporter(  631): Compat change id reported: 197654537; UID 1000; state: ENABLED
06-11 15:51:53.261 I/VDA     (  573): [0]"SendPictureReady\n"
06-11 15:51:53.262 I/VDA     (  573): [0]"post ResetDoneTask\n"
06-11 15:51:53.262 I/VDA     (  573): [0]"ResetDoneTask\n"
06-11 15:51:53.262 I/VDA     (  573): [0]"StartDevicePoll\n"
06-11 15:51:53.262 I/VDA     (  573): [0]"NotifyResetDone\n"
06-11 15:51:53.262 I/AmVideoDec(  573): [0] "notifyResetDone\n"
06-11 15:51:53.262 V/AmlogicVideoDecoderAwesome2(  573): [86]NotifyResetDone:2413 >
06-11 15:51:53.262 D/AmlogicVideoDecoderAwesome2(  573): [86]"reset_2"
06-11 15:51:53.262 V/AmlogicVideoDecoderAwesome2(  573): [86]start:374 >
06-11 15:51:53.262 E/ThreadWorker(  573): pthread on exit wait clean
06-11 15:51:53.262 D/AmlogicVideoDecoderAwesome2(  573): [86]"mVideo start\n"
06-11 15:51:53.262 V/AmlogicVideoDecoderAwesome2(  573): [86]flushInput:1187 >
06-11 15:51:53.262 I/OmxComponent(  573): OMX.amlogic.avc.decoder.awesome2: flush output
06-11 15:51:53.262 V/AmlogicVideoDecoderAwesome2(  573): [86]flushOutput:1190 >
06-11 15:51:53.262 D/AmlogicVideoDecoderAwesome2(  573): [86]"__flushOutput__fillBufferDone:0 0xa9840730\n"
06-11 15:51:53.262 D/AmlogicVideoDecoderAwesome2(  573): [86]"__flushOutput__fillBufferDone:1 0xa9841450\n"
06-11 15:51:53.262 D/AmlogicVideoDecoderAwesome2(  573): [86]"__flushOutput__fillBufferDone:4 0xa9842950\n"
06-11 15:51:53.263 D/AmlogicVideoDecoderAwesome2(  573): [86]"__flushOutput__fillBufferDone:5 0xa9841510\n"
06-11 15:51:53.263 V/OMX_WorkerPeer(  573): vendor/amlogic/common/omx/omx_framework/WorkerPeer.cpp:runWorkerStatic:155 --------------------
06-11 15:51:53.263 D/AmlogicVideoDecoderAwesome2(  573): [86]"__flushOutput__fillBufferDone:6 0xa98405b0\n"
06-11 15:51:53.263 V/OMX_WorkerPeer(  573): vendor/amlogic/common/omx/omx_framework/WorkerPeer.cpp:runWorker:161 --------------------
06-11 15:51:53.263 D/AmlogicVideoDecoderAwesome2(  573): [86]"__flushOutput__fillBufferDone:7 0xa98403d0\n"
06-11 15:51:53.263 D/AmlogicVideoDecoderAwesome2(  573): [86]"__flushOutput__fillBufferDone:9 0xa9840550\n"
06-11 15:51:53.263 V/AmlogicVideoDecoderAwesome2(  573): [86]flushOutput:1280 >
06-11 15:51:53.263 D/AmlogicVideoDecoderAwesome2(  573): [86]"mVideo stop\n"
06-11 15:51:53.263 V/AmlogicVideoDecoderAwesome2(  573): [86]stop:399 >
06-11 15:51:53.264 I/OmxComponent(  573): OMX-105 STATE_TRANS: OMX_StateExecuting => OMX_StateIdle : OMX.amlogic.avc.decoder.awesome2
06-11 15:51:53.264 I/OmxComponent(  573): STATE_DONE:  OMX_StateExecuting => OMX_StateIdle : OMX.amlogic.avc.decoder.awesome2
06-11 15:51:53.265 I/OmxComponent(  573): OMX_CommandStateSet 854 Cmd 0 nParam1 0x1
06-11 15:51:53.265 I/OmxComponent(  573): OMX-105 STATE_SET:   OMX_StateIdle => OMX_StateLoaded : OMX.amlogic.avc.decoder.awesome2
06-11 15:51:53.265 V/AmlogicVideoDecoderAwesome2(  573): [86]releaseResources:480 >
06-11 15:51:53.265 V/AmlogicVideoDecoderAwesome2(  573): [86]tearDown:956 >
06-11 15:51:53.265 V/AmlogicVideoDecoderAwesome2(  573): [86]tearDown:1791 >
06-11 15:51:53.265 V/AmlogicVideoDecoderAwesome2(  573): [86]initializeState_l:1840 >
06-11 15:51:53.265 D/VideoDecWraper(  573): destroy
06-11 15:51:53.265 I/VDA     (  573): [0]"Destroy:1383"
06-11 15:51:53.266 I/VDA     (  573): [0]"DestroyTask INS=0/0, OUTS=0/0"" {IN=0/3, OUT=14/14[kAtAccelerator(0) kAtDevice(0) kAtClient(14)]}"
06-11 15:51:53.266 I/VDA     (  573): [0]"StopDevicePoll\n"
06-11 15:51:53.267 I/VDA     (  573): [0]"StopInputStream input_streamon 0, input_buffer_map_.size 3\n"
06-11 15:51:53.267 I/AmlManagePts(  573): [0]"resetPtsInfo into\n"
06-11 15:51:53.267 I/AmlManagePts(  573): [0]"resetOutPutInfo into\n"
06-11 15:51:53.267 I/VDA     (  573): [0]"DestroyInputBuffers:4438"
06-11 15:51:53.274 I/VDA     (  573): [0]"DestroyOutputBuffers:4481"
06-11 15:51:53.275 I/audio_hw_primary(  435): audiohal_get_latency  stream:0xa4086720 frames:3072 out->config.rate:48000 whole_latency:64, alsa_latency:64, 
06-11 15:51:53.282 I/VDA     (  573): [0]"DestroyTask:3610"
06-11 15:51:53.282 I/AmlManagePts(  573): [0]"~AmlManagePts into\n"
06-11 15:51:53.282 I/VDA     (  573): [0]"~V4L2VideoDecodeAccelerator:596"
06-11 15:51:53.296 I/NetflixService(  912): onTaskStackChanged
06-11 15:51:53.296 D/NetflixService(  912): handleMessage
06-11 15:51:53.297 I/audio_hw_primary(  435): audiohal_get_latency  stream:0xa4086720 frames:3072 out->config.rate:48000 whole_latency:64, alsa_latency:64, 
06-11 15:51:53.298 D/ActivityTaskManager(  631): calling sendJioHomeBTServerBroadcast
06-11 15:51:53.301 D/DroidLogicBenchService(  912): onForegroundActivitiesChanged pid:31173,uid:10083,fg:true
06-11 15:51:53.301 D/NetflixService(  912): onForegroundActivitiesChanged pid:31173,uid:10083,fg:true
06-11 15:51:53.302 D/DroidLogicYtsService(  912): onForegroundActivitiesChanged pid:31173,uid:10083,fg:true
06-11 15:51:53.302 V/ActivityTaskManager(  631): Old State : INITIALIZING Updated state : RESUMED Activity : ComponentInfo{in.startv.hotstar/com.hotstar.MainActivity}
06-11 15:51:53.302 V/ActivityTaskManager(  631): Sending Broadcast : Intent { act=com.jio.remote.action.applaunch flg=0x40000000 pkg=com.jio.remote.btserver (has extras) }
06-11 15:51:53.303 D/CompatibilityChangeReporter(31173): Compat change id reported: 171979766; UID 10083; state: ENABLED
06-11 15:51:53.324 I/[17074.197927@2]  [amlv4l](    0): [65]: vpp stop
06-11 15:51:53.362 I/[17074.212088@2]  vframe_rate_uevent(    0): sent uevent FRAME_RATE_HINT=0
06-11 15:51:53.362 D/[17074.212267@2]  [media_clock](    0): the clk_hevcf_mux   clock off, ref cnt: 0
06-11 15:51:53.362 D/[17074.215626@2]  [amlcom](    0): vdec_release instance ddeb6a73, total 1
06-11 15:51:53.362 D/[17074.216630@2]  [media_clock](    0): the clk_vdec_mux    clock off, ref cnt: 0
06-11 15:51:53.362 I/[17074.217354@2]  resman(    0): 114 release [decoder]
06-11 15:51:53.362 I/[17074.217364@2]  resman(    0): 114 release [codec_mm]
06-11 15:51:53.305 D/NetflixService(  912): com.netflix.ninja is not top activity.
06-11 15:51:53.305 I/NetflixService(  912): fg: false  mIsNetflixFg: false
06-11 15:51:53.307 D/NetflixService(  912): com.google.android.youtube.tv is not top activity.
06-11 15:51:53.307 D/NetflixService(  912): handleMessage
06-11 15:51:53.311 D/NetflixService(  912): com.netflix.ninja is not top activity.
06-11 15:51:53.311 I/NetflixService(  912): fg: false  mIsNetflixFg: false
06-11 15:51:53.317 D/NetflixService(  912): com.google.android.youtube.tv is not top activity.
06-11 15:51:53.318 I/audio_hw_primary(  435): audiohal_get_latency  stream:0xa4086720 frames:3072 out->config.rate:48000 whole_latency:64, alsa_latency:64, 
06-11 15:51:53.323 I/SystemControl(  343): [/UEventObserver.cpp, AFRUenventThreadLoop, 392] uevent name:0, switch_state: DEVPATH=/devices/virtual/framerate_adapter/framerate_dev
06-11 15:51:53.323 I/SystemControl-FRA(  343): [/FrameRateAutoAdaption.cpp, isFrameRateOn, 173] hdmi frame rate is on
06-11 15:51:53.340 I/audio_hw_primary(  435): audiohal_get_latency  stream:0xa4086720 frames:3072 out->config.rate:48000 whole_latency:64, alsa_latency:64, 
06-11 15:51:53.341 D/VideoDecWraper(  573): ~VideoDecWraper
06-11 15:51:53.341 I/AmVideoDec(  573): [0] "~AmVideoDec IN[172:172] OUT[177:170]\n"
06-11 15:51:53.341 D/OmxResManage(  573): Release fd = 12
06-11 15:51:53.341 D/resman  (  573): release all, fd:12
06-11 15:51:53.341 I/OmxComponent(  573): OMX-105 STATE_TRANS: OMX_StateIdle => OMX_StateLoaded : OMX.amlogic.avc.decoder.awesome2
06-11 15:51:53.341 I/OmxComponent(  573): STATE_DONE:  OMX_StateIdle => OMX_StateLoaded : OMX.amlogic.avc.decoder.awesome2
06-11 15:51:53.342 D/SurfaceUtils( 1171): disconnecting from surface 0x7b0cfbf8, reason disconnectFromSurface
06-11 15:51:53.348 D/MediaCodec( 1171): notifyStopPlayback
06-11 15:51:53.348 I/AudioService(  631): notifyStopPlayback 
06-11 15:51:53.348 W/ContextImpl(  631): Calling a method in the system process without a qualified user: android.app.ContextImpl.sendBroadcast:1189 com.android.server.audio.AudioService.notifyStopPlayback:2672 android.media.IAudioService$Stub.onTransact:1794 android.os.Binder.execTransactInternal:1280 android.os.Binder.execTransact:1244 
06-11 15:51:53.353 D/OmxComponentManagerImpl(  573): DecreaseEntryNumByName pEntry->mNum=1, pEntry->mMaxNum:9,componentName:OMX.amlogic.avc.decoder.awesome2
06-11 15:51:53.353 I/omx_core(  573): OMX_freeHandle_num_= 0
06-11 15:51:53.355 D/AudioTrack( 1171): stop(74): called with 343488 frames delivered
06-11 15:51:53.355 D/OmxVideoDecoder(  573): ~OmxVideoDecoder===pSidebandWindow:0x0
06-11 15:51:53.357 D/CCodecBufferChannel( 1171): [c2.android.aac.decoder#67] MediaCodec discarded an unknown buffer
06-11 15:51:53.357 D/CCodecBufferChannel( 1171): [c2.android.aac.decoder#67] MediaCodec discarded an unknown buffer
06-11 15:51:53.357 D/CCodecBufferChannel( 1171): [c2.android.aac.decoder#67] MediaCodec discarded an unknown buffer
06-11 15:51:53.357 D/CCodecBufferChannel( 1171): [c2.android.aac.decoder#67] MediaCodec discarded an unknown buffer
06-11 15:51:53.357 D/CCodecBufferChannel( 1171): [c2.android.aac.decoder#67] MediaCodec discarded an unknown buffer
06-11 15:51:53.357 D/CCodecBufferChannel( 1171): [c2.android.aac.decoder#67] MediaCodec discarded an unknown buffer
06-11 15:51:53.360 D/OmxComponent(  573): ~OmxComponent 283 : OMX.amlogic.avc.decoder.awesome2
06-11 15:51:53.360 I/AmlogicVideoDecoderAwesome2(  573): [86]"~AmlogicVideoDecoderAwesome2"
06-11 15:51:53.360 D/AmlogicVideoDecoderAwesome2(  573): [86]"~AmlogicVideoDecoder2"
06-11 15:51:53.360 D/AmlogicVideoDecoderAwesome2(  573): [86]"~AmlogicVideoDecoder2, mOmxInstancenum 0"
06-11 15:51:53.360 D/OmxResManage(  573): ~ResManWrapper fd = 12
06-11 15:51:53.361 D/CompatibilityChangeReporter(  631): Compat change id reported: 168419799; UID 1000; state: DISABLED
06-11 15:51:53.362 D/resman  (  573): release all resource, fd = 12
06-11 15:51:53.363 D/DolbyTest(30958): onReceive: action: media_playback_stopped
06-11 15:51:53.363 D/DolbyTest(30958): Close Intent Received
06-11 15:51:53.363 D/MediaCodec( 1171): notifyStopPlayback
06-11 15:51:53.363 W/ContextImpl(30958): Calling a method in the system process without a qualified user: android.app.ContextImpl.stopService:1875 android.content.ContextWrapper.stopService:827 android.content.ContextWrapper.stopService:827 com.jio.dolbytest.IntentReceiver.onReceive:98 android.app.ActivityThread.handleReceiver:4340 
06-11 15:51:53.363 I/AudioService(  631): notifyStopPlayback 
06-11 15:51:53.363 W/ContextImpl(  631): Calling a method in the system process without a qualified user: android.app.ContextImpl.sendBroadcast:1189 com.android.server.audio.AudioService.notifyStopPlayback:2672 android.media.IAudioService$Stub.onTransact:1794 android.os.Binder.execTransactInternal:1280 android.os.Binder.execTransact:1244 
06-11 15:51:53.364 D/MediaCodec( 1171): flushMediametrics
06-11 15:51:53.365 D/MediaCodec( 1171): flushMediametrics
06-11 15:51:53.369 D/Broadcast(30958): Broadcasted an intent to close Popup because playback stopped
06-11 15:51:53.374 I/hw-BpHwBinder( 1171): onLastStrongRef automatically unlinking death recipients
06-11 15:51:53.375 I/hw-BpHwBinder(  577): onLastStrongRef automatically unlinking death recipients
06-11 15:51:53.375 I/hw-BpHwBinder(  577): onLastStrongRef automatically unlinking death recipients
06-11 15:51:53.376 D/DolbyTest(30958): onReceive: action: media_playback_stopped
06-11 15:51:53.376 D/DolbyTest(30958): Close Intent Received
06-11 15:51:53.377 W/ContextImpl(30958): Calling a method in the system process without a qualified user: android.app.ContextImpl.stopService:1875 android.content.ContextWrapper.stopService:827 android.content.ContextWrapper.stopService:827 com.jio.dolbytest.IntentReceiver.onReceive:98 android.app.ActivityThread.handleReceiver:4340 
06-11 15:51:53.378 D/MediaCodec( 1171): flushMediametrics
06-11 15:51:53.378 V/GraphicsEnvironment(31173): ANGLE Developer option for 'in.startv.hotstar' set to: 'default'
06-11 15:51:53.378 D/MediaCodec( 1171): flushMediametrics
06-11 15:51:53.379 V/GraphicsEnvironment(31173): ANGLE GameManagerService for in.startv.hotstar: false
06-11 15:51:53.379 V/GraphicsEnvironment(31173): Neither updatable production driver nor prerelease driver is supported.
06-11 15:51:53.379 D/Broadcast(30958): Broadcasted an intent to close Popup because playback stopped
06-11 15:51:53.380 V/C2Store (  577): in ~ComponentModule
06-11 15:51:53.380 V/C2Store (  577): unloading dll
06-11 15:51:53.382 I/audio_hw_primary(  435): audiohal_get_latency  stream:0xa4086720 frames:3072 out->config.rate:48000 whole_latency:64, alsa_latency:64, 
06-11 15:51:53.383 D/NetworkSecurityConfig(31173): Using Network Security Config from resource network_security_config debugBuild: false
06-11 15:51:53.385 D/NetworkSecurityConfig(31173): Using Network Security Config from resource network_security_config debugBuild: false
06-11 15:51:53.403 I/audio_hw_primary(  435): audiohal_get_latency  stream:0xa4086720 frames:3072 out->config.rate:48000 whole_latency:64, alsa_latency:64, 
06-11 15:51:53.415 D/CompatibilityChangeReporter(31173): Compat change id reported: 183155436; UID 10083; state: ENABLED
06-11 15:51:53.422 I/idlogic.tvinput(  948): oneway function results for code 1599295570 on binder at 0xb21e1690 will be dropped but finished with status UNKNOWN_TRANSACTION
06-11 15:51:53.423 I/appium.settings( 1611): oneway function results for code 1599295570 on binder at 0xb21e1c90 will be dropped but finished with status UNKNOWN_TRANSACTION
06-11 15:51:53.424 I/comedia.service( 1708): oneway function results for code 1599295570 on binder at 0xb21e2170 will be dropped but finished with status UNKNOWN_TRANSACTION
06-11 15:51:53.425 I/jio.tr069client( 1546): oneway function results for code 1599295570 on binder at 0xb21e1d50 will be dropped but finished with status UNKNOWN_TRANSACTION
06-11 15:51:53.425 I/id.ext.services( 1114): oneway function results for code 1599295570 on binder at 0xb21e2170 will be dropped but finished with status UNKNOWN_TRANSACTION
06-11 15:51:53.425 I/ocessService0:0(23836): oneway function results for code 1599295570 on binder at 0xb21d5e30 will be dropped but finished with status UNKNOWN_TRANSACTION
06-11 15:51:53.426 I/com.jio.store( 2478): oneway function results for code 1599295570 on binder at 0xb21e1c90 will be dropped but finished with status UNKNOWN_TRANSACTION
06-11 15:51:53.426 I/tercuotaservice( 2252): oneway function results for code 1599295570 on binder at 0xb21e1f70 will be dropped but finished with status UNKNOWN_TRANSACTION
06-11 15:51:53.426 I/tomator2.server(31110): oneway function results for code 1599295570 on binder at 0xb21e2070 will be dropped but finished with status UNKNOWN_TRANSACTION
06-11 15:51:53.427 I/launcher.aosptv( 1171): oneway function results for code 1599295570 on binder at 0xb21e2050 will be dropped but finished with status UNKNOWN_TRANSACTION
06-11 15:51:53.427 I/m.jio.dolbytest(30958): oneway function results for code 1599295570 on binder at 0xb21e1d50 will be dropped but finished with status UNKNOWN_TRANSACTION
06-11 15:51:53.427 I/il.jiotvsetting(23032): oneway function results for code 1599295570 on binder at 0xb21e1e90 will be dropped but finished with status UNKNOWN_TRANSACTION
06-11 15:51:53.428 I/e.swalekh.abctv( 1489): oneway function results for code 1599295570 on binder at 0xb21e1d70 will be dropped but finished with status UNKNOWN_TRANSACTION
06-11 15:51:53.428 I/webview_service(23796): oneway function results for code 1599295570 on binder at 0xb21e1cb0 will be dropped but finished with status UNKNOWN_TRANSACTION
06-11 15:51:53.428 I/com.jio.sdk( 1512): oneway function results for code 1599295570 on binder at 0xb21e1d70 will be dropped but finished with status UNKNOWN_TRANSACTION
06-11 15:51:53.428 I/nnectionservice( 1781): oneway function results for code 1599295570 on binder at 0xb21e1c90 will be dropped but finished with status UNKNOWN_TRANSACTION
06-11 15:51:53.429 I/.jio.dialserver( 2453): oneway function results for code 1599295570 on binder at 0xb21e1d70 will be dropped but finished with status UNKNOWN_TRANSACTION
06-11 15:51:53.429 I/vte.tv.api.impl( 1091): oneway function results for code 1599295570 on binder at 0xb21e1bb0 will be dropped but finished with status UNKNOWN_TRANSACTION
06-11 15:51:53.429 I/jio.voiceassist(23689): oneway function results for code 1599295570 on binder at 0xb21e1cb0 will be dropped but finished with status UNKNOWN_TRANSACTION
06-11 15:51:53.430 I/io.appoptimizer( 1587): oneway function results for code 1599295570 on binder at 0xb21e1fb0 will be dropped but finished with status UNKNOWN_TRANSACTION
06-11 15:51:53.430 I/.iwedia.tvinput( 1815): oneway function results for code 1599295570 on binder at 0xb21e1e10 will be dropped but finished with status UNKNOWN_TRANSACTION
06-11 15:51:53.431 I/rkstack.process( 1021): oneway function results for code 1599295570 on binder at 0xb21e1fd0 will be dropped but finished with status UNKNOWN_TRANSACTION
06-11 15:51:53.432 I/audio_hw_primary(  435): audiohal_get_latency  stream:0xa4086720 frames:3072 out->config.rate:48000 whole_latency:64, alsa_latency:64, 
06-11 15:51:53.433 D/SessionsDependencies(31173): Dependency to CRASHLYTICS added.
06-11 15:51:53.433 I/ssioncontroller(30728): oneway function results for code 1599295570 on binder at 0xb21e1fb0 will be dropped but finished with status UNKNOWN_TRANSACTION
06-11 15:51:53.433 I/droid.bluetooth( 1047): oneway function results for code 1599295570 on binder at 0xb21e1c30 will be dropped but finished with status UNKNOWN_TRANSACTION
06-11 15:51:53.434 I/FuseDaemon( 1566): oneway function results for code 1599295570 on binder at 0xb21e2170 will be dropped but finished with status UNKNOWN_TRANSACTION
06-11 15:51:53.435 I/ndroid.systemui(  839): oneway function results for code 1599295570 on binder at 0xb21e1d30 will be dropped but finished with status UNKNOWN_TRANSACTION
06-11 15:51:53.435 I/io.adc.embedded( 1389): oneway function results for code 1599295570 on binder at 0xb21e1fd0 will be dropped but finished with status UNKNOWN_TRANSACTION
06-11 15:51:53.435 I/com.droidlogic(  912): oneway function results for code 1599295570 on binder at 0xb21e2050 will be dropped but finished with status UNKNOWN_TRANSACTION
06-11 15:51:53.440 I/.startv.hotstar(31173): oneway function results for code 1599295570 on binder at 0xb21e1bb0 will be dropped but finished with status UNKNOWN_TRANSACTION
06-11 15:51:53.452 I/FirebaseApp(31173): Device unlocked: initializing all Firebase APIs for app [DEFAULT]
06-11 15:51:53.454 I/audio_hw_primary(  435): audiohal_get_latency  stream:0xa4086720 frames:3072 out->config.rate:48000 whole_latency:64, alsa_latency:64, 
06-11 15:51:53.466 I/audio_hw_primary(  435): audiohal_get_latency  stream:0xa4086720 frames:3072 out->config.rate:48000 whole_latency:64, alsa_latency:64, 
06-11 15:51:53.491 I/audio_hw_primary(  435): audiohal_get_latency  stream:0xa4086720 frames:3072 out->config.rate:48000 whole_latency:64, alsa_latency:64, 
06-11 15:51:53.494 I/FirebaseCrashlytics(31173): Initializing Firebase Crashlytics 19.3.0 for in.startv.hotstar
06-11 15:51:53.500 W/GooglePlayServicesUtil(31173): in.startv.hotstar requires the Google Play Store, but it is missing.
06-11 15:51:53.500 E/DynamiteModule(31173): Invalid GmsCore APK, remote loading disabled.
06-11 15:51:53.500 I/DynamiteModule(31173): Considering local module com.google.android.gms.measurement.dynamite:127 and remote module com.google.android.gms.measurement.dynamite:0
06-11 15:51:53.500 I/DynamiteModule(31173): Selected local version of com.google.android.gms.measurement.dynamite
06-11 15:51:53.502 E/DynamiteModule(31173): Invalid GmsCore APK, remote loading disabled.
06-11 15:51:53.513 I/audio_hw_primary(  435): audiohal_get_latency  stream:0xa4086720 frames:3072 out->config.rate:48000 whole_latency:64, alsa_latency:64, 
06-11 15:51:53.522 W/FA      (31173): Failed to register event listener on calling thread. Trying again on the dynamite thread.
06-11 15:51:53.524 D/SessionsDependencies(31173): Subscriber CRASHLYTICS registered.
06-11 15:51:53.534 I/audio_hw_primary(  435): audiohal_get_latency  stream:0xa4086720 frames:3072 out->config.rate:48000 whole_latency:64, alsa_latency:64, 
06-11 15:51:53.554 I/audio_hw_primary(  435): audiohal_get_latency  stream:0xa4086720 frames:3072 out->config.rate:48000 whole_latency:64, alsa_latency:64, 
06-11 15:51:53.579 D/CompatibilityChangeReporter(31173): Compat change id reported: 194532703; UID 10083; state: ENABLED
06-11 15:51:53.582 D/CompatibilityChangeReporter(  631): Compat change id reported: 194532703; UID 10083; state: ENABLED
06-11 15:51:53.583 I/AlarmManager(  631): setImpl sPackageName is null callingPackage is android
06-11 15:51:53.583 I/AlarmManager(  631): Setting Wakeup Alarm type[3] sPackageName is null @17104455 and next wakeup alarm is @Wed Jun 11 11:07:19 GMT+05:30 2025
06-11 15:51:53.595 I/FA      (31173): App measurement initialized, version: 106000
06-11 15:51:53.596 I/FA      (31173): To enable debug logging run: adb shell setprop log.tag.FA VERBOSE
06-11 15:51:53.597 I/FA      (31173): To enable faster debug mode event logging run:
06-11 15:51:53.597 I/FA      (31173):   adb shell setprop debug.firebase.analytics.app in.startv.hotstar
06-11 15:51:53.598 D/FirebaseSessions(31173): Initializing Firebase Sessions SDK.
06-11 15:51:53.601 I/FirebaseInitProvider(31173): FirebaseApp initialization successful
06-11 15:51:53.607 D/WM-WrkMgrInitializer(31173): Initializing WorkManager with default configuration.
06-11 15:51:53.652 D/MesonHwc(  282): freeSolidColorBufferLocked free -1
06-11 15:51:53.652 D/MesonHwc(  282): freeSolidColorBufferLocked free -1
06-11 15:51:53.652 I/SystemControl(  343): [frameRateDisplay] +++
06-11 15:51:53.652 I/SystemControl(  343): SystemControlHal frameRateDisplay 0,[0 0 0 0]
06-11 15:51:53.652 I/SystemControl(  343): [/SysWrite.cpp, getKernelReleaseVersion, 685] getKernelReleaseVersion: 5.4
06-11 15:51:53.652 D/SystemControl(  343): axis is 3840x2160
06-11 15:51:53.652 E/SystemControl(  343): inScreen  3840 2160 [ 0 0 0 0]
06-11 15:51:53.652 D/SystemControl(  343): SystemControlHal frect.inscreen() 0
06-11 15:51:53.652 I/SystemControl(  343): [/SysWrite.cpp, getKernelReleaseVersion, 685] getKernelReleaseVersion: 5.4
06-11 15:51:53.652 D/SystemControl(  343): axis is 3840x2160
06-11 15:51:53.652 E/SystemControl(  343): inScreen  3840 2160 [ 0 0 0 0]
06-11 15:51:53.653 I/SystemControl-FRA(  343): [/FrameRateAutoAdaption.cpp, isFrameRateOn, 173] hdmi frame rate is on
06-11 15:51:53.653 D/MesonHwc(  282): getConnectorType-0 get connector type panel-7
06-11 15:51:53.653 D/MesonHwc(  282): get existing connector 7-0xb12001dc
06-11 15:51:53.653 V/MesonDisplayServer(  282): GetDisplayMode:2160p60hz
06-11 15:51:53.653 I/SystemControl-FRA(  343): [/FrameRateAutoAdaption.cpp, setVideoLayerOn, 234] policycontrol by setVideoLayerOn 1 on 0 lastframe 0 and cost 7207
06-11 15:51:53.654 D/MesonHwc(  282): getConnectorType-0 get connector type panel-7
06-11 15:51:53.654 D/MesonHwc(  282): get existing connector 7-0xb12001dc
06-11 15:51:53.654 V/MesonDisplayServer(  282): GetDisplayMode:2160p60hz
06-11 15:51:53.654 I/SystemControl(  343): [frameRateDisplay] ---
06-11 15:51:53.654 D/MesonHwc(  282): adjustVsyncMode to HwMode
06-11 15:51:53.657 D/MesonHwc(  282): VideoComposerDev (14) set (0).
06-11 15:51:53.676 I/[17074.533031@1]  vc(    0): [0]vc: set enable index=0, val=0
06-11 15:51:53.676 I/[17074.533056@1]  VID(    0): store VD0 path_id changed 2->-1
06-11 15:51:53.676 I/        (    0): [17074.533062@1]  dev->index =0, val=1
06-11 15:51:53.676 I/[17074.533065@1]  VID(    0): VD1 off
06-11 15:51:53.676 I/[17074.533071@1]  VID(    0): VD1 set global output as 0
06-11 15:51:53.676 I/        (    0): [17074.533096@1]  common_vf_unreg_provider video_render.0: vd1 used:true, vd2 used:false, vd3 used:false, f_wait:true (1006537 1006537), b_out:0, cur_buf:eb825720
06-11 15:51:53.676 I/[17074.537895@0]  video_send_uevent(    0): VIDEO_FORMAT=-1, ret=0
06-11 15:51:53.662 E/SystemControl(  343): [CPQControl]:/sys/class/amhdmitx don't exist!
06-11 15:51:53.681 D/MesonHwc(  282): freeSolidColorBufferLocked free -1
06-11 15:51:53.692 I/SystemControl(  343): [CPQControl]:source_input: 10, sig_fmt: 0x402(1026), trans_fmt: 0x0
06-11 15:51:53.692 I/SystemControl(  343): [CPQControl]:pq_source_input: 10, timming: 1, 
06-11 15:51:53.694 I/SystemControl(  343): [CPQdb]:getDIRegValuesByValue, length = 25
06-11 15:51:53.694 I/SystemControl(  343): [CPQControl]:GetLocalDimming, source: 10, level = 0
06-11 15:51:53.694 E/LOCALDIMMING(  343): ADAP_LD_SetLevelIdx OPEN /dev/aml_ldim fail
06-11 15:51:53.700 I/SystemControl(  343): [CPQdb]:getDIRegValuesByValue, length = 19
06-11 15:51:53.701 I/SystemControl(  343): [CPQdb]:getDIRegValuesByValue, length = 32
06-11 15:51:53.703 I/SystemControl(  343): [CPQdb]:getDIRegValuesByValue, length = 101
06-11 15:51:53.704 D/tvserver(  496): [CTv]:Tv_SetVdinForPQ: game mode: 0, pc mode: 0, autoSwitchFlag: 2
06-11 15:51:53.704 D/tvserver(  496): [tvutils]:write /sys/class/amvecm/pc_mode, val:1
06-11 15:51:53.704 D/tvserver(  496): [CTvin]:VDIN_SetMonitorMode: monitor mode: 0!
06-11 15:51:53.704 D/tvserver(  496): [CTvin]:VDIN_SetGameMode: game mode: 0!
06-11 15:51:53.708 E/DynamiteModule(31173): Invalid GmsCore APK, remote loading disabled.
06-11 15:51:53.708 I/DynamiteModule(31173): Considering local module com.google.android.gms.cast_tv_dynamite:1 and remote module com.google.android.gms.cast_tv_dynamite:0
06-11 15:51:53.709 I/DynamiteModule(31173): Selected local version of com.google.android.gms.cast_tv_dynamite
06-11 15:51:53.717 I/SystemControl(  343): [CPQdb]:getDIRegValuesByValue, length = 157
06-11 15:51:53.719 W/AccessibilityManagerService(  631):  wait for adding window timeout: 34
06-11 15:51:53.720 I/SystemControl(  343): [CPQControl]:GetBlackStretch:source:10, timming:1, value:0
06-11 15:51:53.725 I/SystemControl(  343): [CPQdb]:getRegValuesByValue, length = 2
06-11 15:51:53.725 I/SystemControl(  343): [CPQControl]:Cpq_BlackStretch success!
06-11 15:51:53.726 I/SystemControl(  343): [CPQdb]:getRegValuesByValue, length = 3
06-11 15:51:53.726 I/SystemControl(  343): [CPQControl]:Cpq_BlueStretch success!
06-11 15:51:53.726 I/SystemControl(  343): [CPQdb]:getRegValuesByValue, length = 4
06-11 15:51:53.726 I/SystemControl(  343): [CPQControl]:Cpq_ChromaCoring success!
06-11 15:51:53.736 I/SystemControl(  343): [CPQControl]:Cpq_SetSharpness1VariableParam success!
06-11 15:51:53.743 E/SystemControl(  343): [CPQdb]:ComputeNonlinearMappingValue:  value  = 127 
06-11 15:51:53.747 E/SystemControl(  343): [CPQdb]:ComputeNonlinearMappingValue:  value  = 139 
06-11 15:51:53.754 E/SystemControl(  343): [CPQdb]:ComputeNonlinearMappingValue:  value  = 139 
06-11 15:51:53.761 E/SystemControl(  343): [CPQdb]:ComputeNonlinearMappingValue:  value  = 139 
06-11 15:51:53.764 E/SystemControl(  343): [CPQdb]:ComputeNonlinearMappingValue:  value  = 127 
06-11 15:51:53.767 D/LifecycleServiceBinder(31173): Binding service to application.
06-11 15:51:53.768 E/SystemControl(  343): [CPQdb]:ComputeNonlinearMappingValue:  value  = 139 
06-11 15:51:53.768 I/SystemControl(  343): [CPQControl]:[Cpq_SetPQMode:1552]VPP_PICTURE_MODE_MOVIE = 4!
06-11 15:51:53.769 I/SystemControl(  343): [CPQControl]:Cpq_SetBackLight: index = 1, value = 127
06-11 15:51:53.818 I/AmFFmpegByteIOAdapter(  552): File size : 23421
06-11 15:51:53.819 D/DroidLogicYtsService(  912): mYts is false
06-11 15:51:53.819 D/DroidLogicYtsService(  912): yt app is not onForeground and set default param
06-11 15:51:53.821 I/SystemControl(  343): [CPQControl]:GetEyeProtectionMode: mode is 0!
06-11 15:51:53.821 W/GooglePlayServicesUtil(31173): in.startv.hotstar requires the Google Play Store, but it is missing.
06-11 15:51:53.821 W/FA      (31173): Service invalid
06-11 15:51:53.823 I/AmFFmpegExtractor(  552): checkInList: iswhite:0, mime:audio/mpeg, type:1, id:86017 tag:0
06-11 15:51:53.823 I/AmFFmpegExtractor(  552): checkInList: iswhite:1, mime:audio/mpeg, type:1, id:86017 tag:0
06-11 15:51:53.823 E/AmFFmpegExtractor(  552): codec_ctx->properties: 0
06-11 15:51:53.823 I/AmFFmpegExtractor(  552): checkSupportInList ret 1
06-11 15:51:53.826 D/DroidLogicBenchService(  912): bench app is not onForeground and set default param
06-11 15:51:53.826 E/SystemControl(  343): [/SysWrite.cpp, writeSys, 272] write /sys/class/thermal/thermal_zone0/mode failed!
06-11 15:51:53.827 E/SystemControl(  343): [/SysWrite.cpp, writeSys, 272] write /sys/devices/system/cpu/cpu0/cpufreq/scaling_governor failed!
06-11 15:51:53.828 I/AmFFmpegExtractor(  552): checkInList: iswhite:0, mime:audio/mpeg, type:1, id:86017 tag:0
06-11 15:51:53.828 I/AmFFmpegExtractor(  552): checkInList: iswhite:1, mime:audio/mpeg, type:1, id:86017 tag:0
06-11 15:51:53.828 E/AmFFmpegExtractor(  552): codec_ctx->properties: 0
06-11 15:51:53.828 I/AmFFmpegExtractor(  552): checkSupportInList ret 0
06-11 15:51:53.828 E/AmFFmpegExtractor(  552): vendor do not support
06-11 15:51:53.830 D/CompatibilityChangeReporter(31173): Compat change id reported: 160794467; UID 10083; state: ENABLED
06-11 15:51:53.831 I/SystemControl(  343): [CPQControl]:SetColorBaseMode: mode is 1
06-11 15:51:53.833 I/SystemControl(  343): [CPQdb]:getRegValuesByValue, length = 179
06-11 15:51:53.859 I/AmAVUtils(31173): AmAVUtils, GITINFO : a5d37ecd6a08b262f14d3b603e842e06057446d5(drm.autobuild  Thu Jun  8 11:09:49 CST 2023)
06-11 15:51:53.863 D/MediaCodecList(31173): codecHandlesFormat: no format, so no extra checks
06-11 15:51:53.864 D/MediaCodecList(31173): codecHandlesFormat: no format, so no extra checks
06-11 15:51:53.871 D/ConnectivityService(  631): NetReassign [no changes]
06-11 15:51:53.879 D/CCodec  (31173): allocate(c2.android.mp3.decoder)
06-11 15:51:53.886 I/Codec2Client(31173): Available Codec2 services: "software"
06-11 15:51:53.889 W/.startv.hotstar(31173): Long monitor contention with owner DefaultDispatcher-worker-6 (31226) at java.lang.Object Ve.a.get()(SourceFile:66) waiters=0 in java.lang.Object Ve.a.get() for 136ms
06-11 15:51:53.895 W/.startv.hotstar(31173): Long monitor contention with owner DefaultDispatcher-worker-5 (31222) at java.lang.Object Ve.a.get()(SourceFile:66) waiters=0 in java.lang.Object Ve.a.get() for 101ms
06-11 15:51:53.895 I/SystemControl(  343): [CPQControl]:GetEyeProtectionMode: mode is 0!
06-11 15:51:53.895 I/SystemControl(  343): [CPQControl]:GetDnlpMode success!
06-11 15:51:53.895 I/SystemControl(  343): [CPQControl]:GetDnlpMode, source_input = 10, mode is 2
06-11 15:51:53.915 I/SystemControl(  343): [CPQControl]:SetDnlpMode success!
06-11 15:51:53.916 V/C2Store (  577): in init
06-11 15:51:53.916 V/C2Store (  577): loading dll
06-11 15:51:53.917 I/SystemControl(  343): [CPQdb]:getRegValuesByValue, length = 11
06-11 15:51:53.919 I/CCodec  (31173): Created component [c2.android.mp3.decoder]
06-11 15:51:53.920 D/CCodecConfig(31173): read media type: audio/mpeg
06-11 15:51:53.926 I/SystemControl(  343): [CPQControl]:GetColorGamutMode:source:10, timming:1, value:0
06-11 15:51:53.927 I/SystemControl(  343): [CPQControl]:SetColorGamutMode, source:10, value:0
06-11 15:51:53.927 I/SystemControl(  343): [CPQControl]:SaveColorGamutMode:source:10, timming:1, value:0
06-11 15:51:53.927 D/ReflectedParamUpdater(31173): extent() != 1 for single value type: algo.buffers.max-count.values
06-11 15:51:53.928 D/ReflectedParamUpdater(31173): extent() != 1 for single value type: output.subscribed-indices.values
06-11 15:51:53.928 D/ReflectedParamUpdater(31173): extent() != 1 for single value type: input.buffers.allocator-ids.values
06-11 15:51:53.928 D/ReflectedParamUpdater(31173): extent() != 1 for single value type: output.buffers.allocator-ids.values
06-11 15:51:53.929 D/ReflectedParamUpdater(31173): extent() != 1 for single value type: algo.buffers.allocator-ids.values
06-11 15:51:53.929 D/ReflectedParamUpdater(31173): extent() != 1 for single value type: output.buffers.pool-ids.values
06-11 15:51:53.929 D/ReflectedParamUpdater(31173): extent() != 1 for single value type: algo.buffers.pool-ids.values
06-11 15:51:53.929 D/JioSettings(23032): A : nonInteractiveSleep: count::0::timeout::0
06-11 15:51:53.929 D/JioSettings(23032): A : inactivity: count::1::timeout::10680
06-11 15:51:53.931 D/JioSettings(23032): A : startScheduler::isScreenOFF::false::isMusicInProgress::false::isDreaming::false
06-11 15:51:53.931 D/JioSettings(23032): A : startScheduler::isInactivityReached::false::isInactivityOverlayShown::false
06-11 15:51:53.932 I/CCodecConfig(31173): query failed after returning 7 values (BAD_INDEX)
06-11 15:51:53.932 D/CCodecConfig(31173): c2 config diff is Dict {
06-11 15:51:53.932 D/CCodecConfig(31173):   c2::u32 coded.bitrate.value = 64000
06-11 15:51:53.932 D/CCodecConfig(31173):   c2::u32 input.buffers.max-size.value = 8192
06-11 15:51:53.932 D/CCodecConfig(31173):   c2::u32 input.delay.value = 0
06-11 15:51:53.932 D/CCodecConfig(31173):   string input.media-type.value = "audio/mpeg"
06-11 15:51:53.932 D/CCodecConfig(31173):   string output.media-type.value = "audio/raw"
06-11 15:51:53.932 D/CCodecConfig(31173):   c2::u32 raw.channel-count.value = 2
06-11 15:51:53.932 D/CCodecConfig(31173):   c2::u32 raw.sample-rate.value = 44100
06-11 15:51:53.932 D/CCodecConfig(31173): }
06-11 15:51:53.933 D/MediaCodec(31173): flushMediametrics
06-11 15:51:53.936 D/CCodec  (31173): [c2.android.mp3.decoder] buffers are bound to CCodec for this session
06-11 15:51:53.936 D/CCodecConfig(31173): no c2 equivalents for durationUs
06-11 15:51:53.936 D/CCodecConfig(31173): no c2 equivalents for track-id
06-11 15:51:53.936 D/CCodecConfig(31173): no c2 equivalents for encoder-delay
06-11 15:51:53.936 D/CCodecConfig(31173): no c2 equivalents for encoder-padding
06-11 15:51:53.936 D/CCodecConfig(31173): no c2 equivalents for flags
06-11 15:51:53.937 D/CCodecConfig(31173): c2 config diff is   c2::u32 coded.bitrate.value = 32000
06-11 15:51:53.937 D/CCodecConfig(31173):   c2::u32 raw.channel-count.value = 1
06-11 15:51:53.937 D/CCodecConfig(31173):   c2::u32 raw.sample-rate.value = 48000
06-11 15:51:53.938 W/Codec2Client(31173): query -- param skipped: index = 1107298332.
06-11 15:51:53.938 D/CCodec  (31173): encoding statistics level = 0
06-11 15:51:53.938 D/CCodec  (31173): setup formats input: AMessage(what = 0x00000000) = {
06-11 15:51:53.938 D/CCodec  (31173):   int32_t bitrate = 32000
06-11 15:51:53.938 D/CCodec  (31173):   int32_t channel-count = 1
06-11 15:51:53.938 D/CCodec  (31173):   int32_t max-input-size = 8192
06-11 15:51:53.938 D/CCodec  (31173):   string mime = "audio/mpeg"
06-11 15:51:53.938 D/CCodec  (31173):   int32_t sample-rate = 48000
06-11 15:51:53.938 D/CCodec  (31173): }
06-11 15:51:53.938 D/CCodec  (31173): setup formats output: AMessage(what = 0x00000000) = {
06-11 15:51:53.938 D/CCodec  (31173):   int32_t channel-count = 1
06-11 15:51:53.938 D/CCodec  (31173):   string mime = "audio/raw"
06-11 15:51:53.938 D/CCodec  (31173):   int32_t sample-rate = 48000
06-11 15:51:53.938 D/CCodec  (31173):   int32_t encoder-delay = 576
06-11 15:51:53.938 D/CCodec  (31173):   int32_t encoder-padding = 1152
06-11 15:51:53.938 D/CCodec  (31173):   int32_t android._config-pcm-encoding = 2
06-11 15:51:53.938 D/CCodec  (31173): }
06-11 15:51:53.939 I/CCodecConfig(31173): query failed after returning 7 values (BAD_INDEX)
06-11 15:51:53.941 W/Codec2Client(31173): query -- param skipped: index = 1342179345.
06-11 15:51:53.941 W/Codec2Client(31173): query -- param skipped: index = 2415921170.
06-11 15:51:53.942 D/C2Store (31173): Using ION
06-11 15:51:53.943 D/CCodecBufferChannel(31173): [c2.android.mp3.decoder#145] Created input block pool with allocatorID 16 => poolID 17 - OK (0)
06-11 15:51:53.945 D/BufferPoolAccessor2.0( 1171): Destruction - bufferpool2 0xac5dd8a8 cached: 0/0M, 0/0% in use; allocs: 6, 17% recycled; transfers: 1306, 100% unfetched
06-11 15:51:53.945 I/CCodecBufferChannel(31173): [c2.android.mp3.decoder#145] Created output block pool with allocatorID 16 => poolID 90 - OK
06-11 15:51:53.945 D/CCodecBufferChannel(31173): [c2.android.mp3.decoder#145] Configured output block pool ids 90 => OK
06-11 15:51:53.947 D/SimpleC2Component(  577): Using output block pool with poolID 90 => got 90 - 0
06-11 15:51:53.955 I/SystemControl(  343): [CPQControl]:SaveColorGamutMode success
06-11 15:51:53.955 I/SystemControl(  343): [CPQControl]:SetColorGamutMode success
06-11 15:51:53.956 E/SystemControl(  343): [/SysWrite.cpp, writeSys, 264] writeSysFs, open /sys/class/afd_module/aspect_mode fail.
