06-11 21:13:41.444 I/Mediahal_VideoTunnelRenderer(  474): vendor.mediahal.loglevels is not set used def = 1
06-11 21:13:41.444 I/VideoTunnelWraper(  474): ctor VideoTunnelWraper mVideoTunnelFd 15
06-11 21:13:41.444 I/Mediahal_VideoTunnelRenderer(  474): [VideoTunnelRenderer] mFreeRun:0 mVideoSyncMode:0
06-11 21:13:41.444 D/VideoTunnelRendererWraper(  474): getRenderer ok
06-11 21:13:41.444 D/VideoTunnelRendererWraper(  474): mVideoTunnelRenderer:0xf23c3500
06-11 21:13:41.444 I/VideoTunnelWraper(  474): meson_vt_alloc_id success. mTunnelId:23
06-11 21:13:41.444 I/Mediahal_VideoTunnelRenderer(  474): [getTunnelId] mTunnelId:23
06-11 21:13:41.444 D/OmxVideoDecoder(  474): media.omx.display_mode=3
06-11 21:13:41.444 D/OmxVideoDecoder(  474): mjpeg vc1 wmv wmv3 force display_mode=3
06-11 21:13:41.444 D/OmxVideoDecoder(  474): choose mVideoUsedByOmx=0, mVideoUsedByThis=0, mAmVideoUsed=0
06-11 21:13:41.444 D/OmxVideoDecoder(  474): choose mDisplayMode=0
06-11 21:13:41.445 D/OmxComponent(  474): getExtensionIndex 1237 name="OMX.google.android.index.prepareForAdaptivePlayback"
06-11 21:13:41.445 D/OmxVideoDecoder(  474): setParameter 1599 0x7f000004
06-11 21:13:41.445 D/OmxVideoDecoder(  474): setParameter 2252 OMX_IndexAndroidPrepareForAdaptivePlayback
06-11 21:13:41.445 D/OmxVideoDecoder(  474): AdaptivePlayback: max resolution is 1920 * 1080
06-11 21:13:41.445 E/OMXNodeInstance(  474): getParameter(0xf23c4438:amlogic.av1.decoder.awesome2.secure, ??(0x6f600011)) ERROR: UnsupportedIndex(0x8000101a)
06-11 21:13:41.445 D/OmxComponent(  474): getExtensionIndex 1237 name="OMX.google.android.index.allocateNativeHandle"
06-11 21:13:41.445 D/OmxVideoDecoder(  474): setParameter 1599 0x7f00000a
06-11 21:13:41.445 E/OMXNodeInstance(  474): setParameter(0xf23c4438:amlogic.av1.decoder.awesome2.secure, OMX.google.android.index.allocateNativeHandle(0x7f00000a): Output:1 en=0) ERROR: UnsupportedSetting(0x80001019)
06-11 21:13:41.445 D/OmxComponent(  474): getExtensionIndex 1237 name="OMX.google.android.index.enableAndroidNativeBuffers"
06-11 21:13:41.446 D/OmxVideoDecoder(  474): setParameter 1599 0x7f000000
06-11 21:13:41.446 V/OmxVideoDecoder(  474): setParameter 2201 EnableNativeBuffers 1
06-11 21:13:41.446 V/OmxVideoDecoder(  474): updatePort mUseNativeBuffers 1
06-11 21:13:41.446 V/OmxVideoDecoder(  474): nWidth=640,nHeight=480, nMinbufs=0
06-11 21:13:41.446 D/OmxComponent(  474): getExtensionIndex 1237 name="OMX.google.android.index.storeANWBufferInMetadata"
06-11 21:13:41.446 D/OmxVideoDecoder(  474): setParameter 1599 0x7f00000d
06-11 21:13:41.446 D/OmxVideoDecoder(  474): setParameter 2221 OMX_GoogleAndroidStoreANWBufferInMetadata
06-11 21:13:41.446 V/OmxVideoDecoder(  474): mUseStoreANWBufferInMetadata=0
06-11 21:13:41.446 D/OmxVideoDecoder(  474): setParameter 1599 0x6000001
06-11 21:13:41.446 D/OmxVideoDecoder(  474): setParameter nPortIndex 0 CompFmt 0xe ColorFmt 0
06-11 21:13:41.446 D/OmxVideoDecoder(  474): setParameter 1599 0x6000001
06-11 21:13:41.446 D/OmxVideoDecoder(  474): setParameter nPortIndex 1 CompFmt 0 ColorFmt 0x11
06-11 21:13:41.447 I/OmxVideoDecoder(  474): getParameter Component Name OMX.amlogic.av1.decoder.awesome2.secure, width 640, height 480 nBufferCountMin:2
06-11 21:13:41.447 D/OmxVideoDecoder(  474): setParameter 1599 0x2000001
06-11 21:13:41.447 D/OmxVideoDecoder(  474): setParameter nPortIndex 0 nFrameWidth 1920 nFrameHeight 1080 nSliceHeight 16
06-11 21:13:41.447 D/OmxVideoDecoder(  474): input nBufferSize is 1048576
06-11 21:13:41.447 D/SecMemV2(  474): Use SecMemV2
06-11 21:13:41.447 D/OmxVideoDecoder(  474): Secmem input nBufferCountActual = 16, nBufferSize 2097152 type is 1
06-11 21:13:41.447 V/OmxVideoDecoder(  474): updatePort mUseNativeBuffers 1
06-11 21:13:41.447 V/OmxVideoDecoder(  474): nWidth=640,nHeight=480, nMinbufs=0
06-11 21:13:41.447 I/OmxVideoDecoder(  474): getParameter Component Name OMX.amlogic.av1.decoder.awesome2.secure, width 640, height 480 nBufferCountMin:0
06-11 21:13:41.447 D/OmxVideoDecoder(  474): setParameter 1599 0x2000001
06-11 21:13:41.447 D/OmxVideoDecoder(  474): media.omx.display_mode=3
06-11 21:13:41.447 D/OmxVideoDecoder(  474): mjpeg vc1 wmv wmv3 force display_mode=3
06-11 21:13:41.447 D/OmxVideoDecoder(  474): choose mVideoUsedByOmx=0, mVideoUsedByThis=0, mAmVideoUsed=0
06-11 21:13:41.447 D/OmxVideoDecoder(  474): mDisplayMode = DISPLAY_MODE_V4LVIDEO
06-11 21:13:41.447 D/OmxVideoDecoder(  474): choose mDisplayMode=3
06-11 21:13:41.447 D/OmxVideoDecoder(  474): update mAdaptiveMaxFrameWidth mAdaptiveMaxFrameHeight to 1920 x 1080
06-11 21:13:41.447 D/OmxVideoDecoder(  474): setParameter nPortIndex 1 nFrameWidth 1920 nFrameHeight 1080 nSliceHeight 1080
06-11 21:13:41.447 V/OmxVideoDecoder(  474): updatePort mUseNativeBuffers 1
06-11 21:13:41.447 V/OmxVideoDecoder(  474): nWidth=1920,nHeight=1080, nMinbufs=0
06-11 21:13:41.449 D/OmxComponent(  474): getExtensionIndex 1237 name="OMX.google.android.index.describeColorAspects"
06-11 21:13:41.449 D/OmxComponent(  474): getExtensionIndex 1237 name="OMX.google.android.index.storeMetaDataInBuffers"
06-11 21:13:41.449 D/OmxComponent(  474): getExtensionIndex 1237 name="OMX.google.android.index.storeANWBufferInMetadata"
06-11 21:13:41.449 D/OmxComponent(  474): getExtensionIndex 1237 name="OMX.google.android.index.prepareForAdaptivePlayback"
06-11 21:13:41.449 D/OmxComponent(  474): getExtensionIndex 1237 name="OMX.google.android.index.configureVideoTunnelMode"
06-11 21:13:41.449 D/OmxComponent(  474): getExtensionIndex 1237 name="OMX.google.android.index.useAndroidNativeBuffer2"
06-11 21:13:41.449 D/OmxComponent(  474): getExtensionIndex 1237 name="OMX.google.android.index.useAndroidNativeBuffer"
06-11 21:13:41.449 D/OmxComponent(  474): getExtensionIndex 1237 name="OMX.google.android.index.enableAndroidNativeBuffers"
06-11 21:13:41.449 D/OmxComponent(  474): getExtensionIndex 1237 name="OMX.google.android.index.allocateNativeHandle"
06-11 21:13:41.449 D/OmxComponent(  474): getExtensionIndex 1237 name="OMX.google.android.index.getAndroidNativeBufferUsage"
06-11 21:13:41.449 D/OmxVideoDecoder(  474): setConfig 3009 0x7f00000c
06-11 21:13:41.449 D/MesonHwc(  360): setSidebandStream [304] connect to videotunnel 23 successed
06-11 21:13:41.454 I/[ 2452.607286@2]  vc(    0): [0]vc: set enable index=0, val=1
06-11 21:13:41.458 I/        (    0): [ 2452.607313@2]  dev->index =0, val=2
06-11 21:13:41.458 I/[ 2452.607316@2]  VID(    0): VD1 off
06-11 21:13:41.458 I/[ 2452.607322@2]  VID(    0): VD1 set global output as 1
06-11 21:13:41.449 E/MesonHwc(  360): gralloc_get_solid_color_buf_fd, solid color fd is invalid
06-11 21:13:41.449 D/OmxComponent(  474): getExtensionIndex 1237 name="OMX.google.android.index.describeHDRStaticInfo"
06-11 21:13:41.458 I/[ 2452.607351@2]  VID(    0): store VD0 path_id changed -1->2
06-11 21:13:41.458 I/[ 2452.607425@2]  vc(    0): [0]sideband_type =-1
06-11 21:13:41.458 I/[ 2452.607450@2]  UVM(    0): dmabuf is not uvm. is_valid_mod_type 506
06-11 21:13:41.458 I/[ 2452.607453@2]  UVM(    0): dmabuf is not uvm. is_valid_mod_type 506
06-11 21:13:41.458 I/[ 2452.607533@0]  UVM(    0): dmabuf is not uvm. is_valid_mod_type 506
06-11 21:13:41.458 I/[ 2452.607548@0]  UVM(    0): dmabuf is not uvm. is_valid_mod_type 506
06-11 21:13:41.450 E/ion     (  360): ioctl c0044901 failed with code -1: Inappropriate ioctl for device
06-11 21:13:41.450 D/OmxComponent(  474): getExtensionIndex 1237 name="OMX.google.android.index.describeHDR10PlusInfo"
06-11 21:13:41.450 D/OmxVideoDecoder(  474): setConfig 3009 0x7f000009
06-11 21:13:41.450 D/OmxVideoDecoder(  474): HDRStaticInfo: R=0 0; G=0 0; B=0 0; W=0 0; MaxDisplayLuminance:0, MinDisplayLuminance=0, mMaxContentLightLevel=0, MaxContentLightLevel=0
06-11 21:13:41.450 D/OmxVideoDecoder(  474): HDRStaticInfo: all parmeter is 0, set mHasHDRStaticInfo to false
06-11 21:13:41.450 I/AmAVUtils( 2387): AmAVUtils::isAudioExtendFormat input = video/av01
06-11 21:13:41.450 I/AmAVUtils( 2387): AmAVUtils::isExtendFormat input = video/av01
06-11 21:13:41.452 D/MesonHwc(  360): createThread, Create VideoTunnelThread thread
06-11 21:13:41.452 D/MesonHwc(  360): handleVtThread, set VideoTunnelThread Thread to Enabled
06-11 21:13:41.452 D/MesonHwc(  360): [waitMixVsync] waitVBlank to get hw vsync timestamp
06-11 21:13:41.453 D/MesonHwc(  360): VideoComposerDev (10) set (1).
06-11 21:13:41.455 I/OmxVideoDecoder(  474): getParameter Component Name OMX.amlogic.av1.decoder.awesome2.secure, width 1920, height 1080 nBufferCountMin:2
06-11 21:13:41.455 D/OmxVideoDecoder(  474): getConfig 2867 0x6f100004
06-11 21:13:41.455 V/OmxVideoDecoder(  474): VendorExt: getConfig: index=0 (4k-osd)
06-11 21:13:41.456 D/OmxVideoDecoder(  474): getConfig 2867 0x6f100004
06-11 21:13:41.456 V/OmxVideoDecoder(  474): VendorExt: getConfig: index=1 (video-trickmode)
06-11 21:13:41.456 D/OmxVideoDecoder(  474): getConfig 2867 0x6f100004
06-11 21:13:41.456 V/OmxVideoDecoder(  474): VendorExt: getConfig: index=2 (unstable-pts)
06-11 21:13:41.456 D/OmxVideoDecoder(  474): getConfig 2867 0x6f100004
06-11 21:13:41.456 V/OmxVideoDecoder(  474): VendorExt: getConfig: index=3 (is-mvc)
06-11 21:13:41.456 D/OmxVideoDecoder(  474): getConfig 2867 0x6f100004
06-11 21:13:41.456 V/OmxVideoDecoder(  474): VendorExt: getConfig: index=4 (is-flv)
06-11 21:13:41.457 D/OmxVideoDecoder(  474): getConfig 2867 0x6f100004
06-11 21:13:41.457 V/OmxVideoDecoder(  474): VendorExt: getConfig: index=5 (dvconfig-box)
06-11 21:13:41.457 D/OmxVideoDecoder(  474): getConfig 2867 0x6f100004
06-11 21:13:41.457 V/OmxVideoDecoder(  474): VendorExt: getConfig: index=6 (profile-level)
06-11 21:13:41.457 D/OmxVideoDecoder(  474): getConfig 2867 0x6f100004
06-11 21:13:41.457 V/OmxVideoDecoder(  474): VendorExt: getConfig: index=6 (profile-level)
06-11 21:13:41.457 D/OmxVideoDecoder(  474): getConfig 2867 0x6f100004
06-11 21:13:41.457 V/OmxVideoDecoder(  474): VendorExt: getConfig: index=7 (nrdp)
06-11 21:13:41.457 D/OmxVideoDecoder(  474): getConfig 2867 0x6f100004
06-11 21:13:41.457 V/OmxVideoDecoder(  474): VendorExt: getConfig: index=8 (low-latency)
06-11 21:13:41.457 D/OmxVideoDecoder(  474): getConfig 2867 0x6f100004
06-11 21:13:41.457 V/OmxVideoDecoder(  474): VendorExt: getConfig: index=9 (save-mem)
06-11 21:13:41.458 D/OmxVideoDecoder(  474): getConfig 2867 0x6f100004
06-11 21:13:41.458 V/OmxVideoDecoder(  474): VendorExt: getConfig: index=10 (videoLayer)
06-11 21:13:41.458 D/OmxVideoDecoder(  474): getConfig 2867 0x6f100004
06-11 21:13:41.458 V/OmxVideoDecoder(  474): VendorExt: getConfig: index=11 (renderByOmx)
06-11 21:13:41.458 D/OmxVideoDecoder(  474): getConfig 2867 0x6f100004
06-11 21:13:41.458 V/OmxVideoDecoder(  474): VendorExt: getConfig: index=12 (tunerhal)
06-11 21:13:41.458 D/OmxVideoDecoder(  474): getConfig 2867 0x6f100004
06-11 21:13:41.458 V/OmxVideoDecoder(  474): VendorExt: getConfig: index=12 (tunerhal)
06-11 21:13:41.459 D/OmxVideoDecoder(  474): getConfig 2867 0x6f100004
06-11 21:13:41.459 V/OmxVideoDecoder(  474): VendorExt: getConfig: index=13 (VideoQos)
06-11 21:13:41.459 D/OmxVideoDecoder(  474): getConfig 2867 0x6f100004
06-11 21:13:41.459 V/OmxVideoDecoder(  474): VendorExt: getConfig: index=14 (rotation-angle)
06-11 21:13:41.459 D/OmxVideoDecoder(  474): getConfig 2867 0x6f100004
06-11 21:13:41.459 V/OmxVideoDecoder(  474): VendorExt: getConfig: index=15 (McodecReport)
06-11 21:13:41.459 D/OmxVideoDecoder(  474): mMcodecReport=0 mPeer.get=0xf23bb000
06-11 21:13:41.459 D/OmxVideoDecoder(  474): getConfig 2867 0x6f100004
06-11 21:13:41.459 V/OmxVideoDecoder(  474): VendorExt: getConfig: index=16 (START.low-latency)
06-11 21:13:41.459 D/OmxVideoDecoder(  474): getConfig 2867 0x6f100004
06-11 21:13:41.459 V/OmxVideoDecoder(  474): updatePort mUseNativeBuffers 1
06-11 21:13:41.459 V/OmxVideoDecoder(  474): nWidth=1920,nHeight=1080, nMinbufs=0
06-11 21:13:41.459 I/OmxVideoDecoder(  474): getParameter Component Name OMX.amlogic.av1.decoder.awesome2.secure, width 1920, height 1080 nBufferCountMin:0
06-11 21:13:41.460 D/OmxVideoDecoder(  474): getConfig 2867 0x700000f
06-11 21:13:41.460 D/OmxVideoDecoder(  474): getConfig 2870 nIndex 0x700000f
06-11 21:13:41.460 I/AmlogicVideoDecoderAwesome2(  474): [15]"getAndroidNativeBufferCrop [1920 x 1080] \n"
06-11 21:13:41.460 D/OmxVideoDecoder(  474): getConfig OMX_IndexConfigCommonOutputCrop pRect->nWidth=1920, pRect->nHeight=1080
06-11 21:13:41.460 D/OmxVideoDecoder(  474): setConfig 3009 0x7f00000c
06-11 21:13:41.460 D/OmxVideoDecoder(  474): getConfig 2867 0x7f00000c
06-11 21:13:41.460 D/OmxVideoDecoder(  474): getConfig 2867 0x7f00000c
06-11 21:13:41.460 E/OMXNodeInstance(  474): getConfig(0xf23c4438:amlogic.av1.decoder.awesome2.secure, ??(0x7f00000c)) ERROR: UnsupportedSetting(0x80001019)
06-11 21:13:41.460 D/OmxVideoDecoder(  474): getConfig 2867 0x7f000009
06-11 21:13:41.460 D/OmxVideoDecoder(  474): getConfig 2867 0x6f100004
06-11 21:13:41.460 V/OmxVideoDecoder(  474): VendorExt: getConfig: index=0 (4k-osd)
06-11 21:13:41.461 D/OmxVideoDecoder(  474): getConfig 2867 0x6f100004
06-11 21:13:41.461 V/OmxVideoDecoder(  474): VendorExt: getConfig: index=1 (video-trickmode)
06-11 21:13:41.461 D/OmxVideoDecoder(  474): getConfig 2867 0x6f100004
06-11 21:13:41.461 V/OmxVideoDecoder(  474): VendorExt: getConfig: index=2 (unstable-pts)
06-11 21:13:41.461 D/OmxVideoDecoder(  474): getConfig 2867 0x6f100004
06-11 21:13:41.461 V/OmxVideoDecoder(  474): VendorExt: getConfig: index=3 (is-mvc)
06-11 21:13:41.461 D/OmxVideoDecoder(  474): getConfig 2867 0x6f100004
06-11 21:13:41.461 V/OmxVideoDecoder(  474): VendorExt: getConfig: index=4 (is-flv)
06-11 21:13:41.461 D/OmxVideoDecoder(  474): getConfig 2867 0x6f100004
06-11 21:13:41.461 V/OmxVideoDecoder(  474): VendorExt: getConfig: index=5 (dvconfig-box)
06-11 21:13:41.461 D/OmxVideoDecoder(  474): getConfig 2867 0x6f100004
06-11 21:13:41.461 V/OmxVideoDecoder(  474): VendorExt: getConfig: index=6 (profile-level)
06-11 21:13:41.461 D/OmxVideoDecoder(  474): getConfig 2867 0x6f100004
06-11 21:13:41.461 V/OmxVideoDecoder(  474): VendorExt: getConfig: index=6 (profile-level)
06-11 21:13:41.462 D/OmxVideoDecoder(  474): getConfig 2867 0x6f100004
06-11 21:13:41.462 V/OmxVideoDecoder(  474): VendorExt: getConfig: index=7 (nrdp)
06-11 21:13:41.462 D/OmxVideoDecoder(  474): getConfig 2867 0x6f100004
06-11 21:13:41.462 V/OmxVideoDecoder(  474): VendorExt: getConfig: index=8 (low-latency)
06-11 21:13:41.462 D/OmxVideoDecoder(  474): getConfig 2867 0x6f100004
06-11 21:13:41.462 V/OmxVideoDecoder(  474): VendorExt: getConfig: index=9 (save-mem)
06-11 21:13:41.462 D/OmxVideoDecoder(  474): getConfig 2867 0x6f100004
06-11 21:13:41.462 V/OmxVideoDecoder(  474): VendorExt: getConfig: index=10 (videoLayer)
06-11 21:13:41.463 D/OmxVideoDecoder(  474): getConfig 2867 0x6f100004
06-11 21:13:41.463 V/OmxVideoDecoder(  474): VendorExt: getConfig: index=11 (renderByOmx)
06-11 21:13:41.463 D/OmxVideoDecoder(  474): getConfig 2867 0x6f100004
06-11 21:13:41.463 V/OmxVideoDecoder(  474): VendorExt: getConfig: index=12 (tunerhal)
06-11 21:13:41.463 D/OmxVideoDecoder(  474): getConfig 2867 0x6f100004
06-11 21:13:41.463 V/OmxVideoDecoder(  474): VendorExt: getConfig: index=12 (tunerhal)
06-11 21:13:41.463 D/OmxVideoDecoder(  474): getConfig 2867 0x6f100004
06-11 21:13:41.463 V/OmxVideoDecoder(  474): VendorExt: getConfig: index=13 (VideoQos)
06-11 21:13:41.463 D/OmxVideoDecoder(  474): getConfig 2867 0x6f100004
06-11 21:13:41.463 V/OmxVideoDecoder(  474): VendorExt: getConfig: index=14 (rotation-angle)
06-11 21:13:41.463 D/OmxVideoDecoder(  474): getConfig 2867 0x6f100004
06-11 21:13:41.463 V/OmxVideoDecoder(  474): VendorExt: getConfig: index=15 (McodecReport)
06-11 21:13:41.463 D/OmxVideoDecoder(  474): mMcodecReport=0 mPeer.get=0xf23bb000
06-11 21:13:41.464 D/OmxVideoDecoder(  474): getConfig 2867 0x6f100004
06-11 21:13:41.464 V/OmxVideoDecoder(  474): VendorExt: getConfig: index=16 (START.low-latency)
06-11 21:13:41.464 D/OmxVideoDecoder(  474): getConfig 2867 0x6f100004
06-11 21:13:41.466 I/[ 2452.619813@1]  UVM(    0): dmabuf is not uvm. is_valid_mod_type 506
06-11 21:13:41.466 I/[ 2452.619823@1]  UVM(    0): dmabuf is not uvm. is_valid_mod_type 506
06-11 21:13:41.466 I/[ 2452.619904@0]  UVM(    0): dmabuf is not uvm. is_valid_mod_type 506
06-11 21:13:41.467 I/[ 2452.619911@0]  UVM(    0): dmabuf is not uvm. is_valid_mod_type 506
06-11 21:13:41.470 I/[ 2452.620853@2]  resman(    0): 33 appname:secmem, type=3
06-11 21:13:41.470 I/[ 2452.623731@0]  vc(    0): [0]has alredy get 2, can not get more
06-11 21:13:41.470 I/[ 2452.624436@0]  UVM(    0): dmabuf is not uvm. is_valid_mod_type 506
06-11 21:13:41.470 I/[ 2452.624446@0]  UVM(    0): dmabuf is not uvm. is_valid_mod_type 506
06-11 21:13:41.470 I/[ 2452.624599@2]  UVM(    0): dmabuf is not uvm. is_valid_mod_type 506
06-11 21:13:41.470 I/[ 2452.624607@2]  UVM(    0): dmabuf is not uvm. is_valid_mod_type 506
06-11 21:13:41.474 I/[ 2452.626746@0]  resman(    0): 33 acquire [tvp], preempt yes
06-11 21:13:41.465 I/OmxComponent(  474): OMX_CommandStateSet 850 Cmd 0 nParam1 0x2
06-11 21:13:41.466 I/OmxComponent(  474): OMX-23 STATE_SET:   OMX_StateLoaded => OMX_StateIdle : OMX.amlogic.av1.decoder.awesome2.secure
06-11 21:13:41.466 I/OmxComponent(  474): OMX-23 STATE_TRANS: OMX_StateLoaded => OMX_StateIdle : OMX.amlogic.av1.decoder.awesome2.secure
06-11 21:13:41.466 I/OmxVideoDecoder(  474): getParameter Component Name OMX.amlogic.av1.decoder.awesome2.secure, width 1920, height 1080 nBufferCountMin:2
06-11 21:13:41.466 D/OmxResManage(  474): Query fd = 12
06-11 21:13:41.466 I/OmxComponent(  474): OMX-23 STATE_TRANS: OMX_StateLoaded => OMX_StateIdle : OMX.amlogic.av1.decoder.awesome2.secure
06-11 21:13:41.466 D/OmxVideoDecoder(  474): OMX-23 query tvp value is 62914560 res is 2
06-11 21:13:41.466 I/SecMemBase(  474): SecCounter+ 1
06-11 21:13:41.467 E/secmem_tz(  474): [Secure_Check_Resm_tvp_support:609] secmem support resmanager tvp
06-11 21:13:41.467 I/secmem_tz(  474): [Secure_V2_SessionCreate:683] session create 0xf23a9b90 0
06-11 21:13:41.467 E/secmem_tz(  474): [Secure_V2_Init:774] session init 0xf23a9b90 0, 2a1
06-11 21:13:41.471 I/secmem_tz(  474): secmem initialized success 0xf23a9b90
06-11 21:13:41.472 I/resman  (  474): acquire fd:16, restype:3, preempt:1, time_out:10000, arg:
06-11 21:13:41.479 D/SystemControl(  346): [CPQControl]:onVframeSizeChange: event value = 7(0x7)!
06-11 21:13:41.479 D/SystemControl(  346): [CPQControl]:isBootvideoStopped: bootvideo enable value is 0050!
06-11 21:13:41.479 D/SystemControl(  346): [CPQControl]:isBootvideoStopped: bootvideo don't enable!
06-11 21:13:41.479 D/SystemControl(  346): [CPQControl]:onVframeSizeChange: sig_fmt = 0x402(1026).
06-11 21:13:41.479 D/SystemControl(  346): [CPQControl]:SetCurrentSourceInputInfo: param_check_source_enable = 1!
06-11 21:13:41.479 D/SystemControl(  346): [CPQControl]:SetCurrentSourceInputInfo:new source info: source=10,sigFmt=1026(0x402),hdrType=6
06-11 21:13:41.479 D/SystemControl(  346): [CPQControl]:SetCurrentSourceInputInfo: mCurrentHdrType is 6, hdrStatus is 0!
06-11 21:13:41.479 D/SystemControl(  346): [CPQControl]:CheckOutPutMode: current output mode is 1080p60hz!
06-11 21:13:41.479 D/SystemControl(  346): [CPQControl]:CheckOutPutMode: outputFrameHeight: 1080!
06-11 21:13:41.480 D/SystemControl(  346): [CPQControl]:Cpq_GetInputVideoFrameHeight: inputFrameHeight is 90!
06-11 21:13:41.480 D/SystemControl(  346): [CPQControl]:CheckOutPutMode: output mode is 12!
06-11 21:13:41.480 D/SystemControl(  346): [CPQControl]:source_input: 10, sig_fmt: 0x402(1026), trans_fmt: 0x0
06-11 21:13:41.480 D/SystemControl(  346): [CPQControl]:XVYCC Moudle disabled!
06-11 21:13:41.480 D/SystemControl(  346): [CPQControl]:Cpq_SetXVYCCMode success!
06-11 21:13:41.535 D/stbdpc  (  397): STB_DPGetNumPaths[570]: num_paths: 1
06-11 21:13:41.608 D/SystemControl(  346): [CPQdb]:table name is DI_MPEG!
06-11 21:13:41.614 D/SystemControl(  346): [CPQdb]:getDIRegValuesByValue, length = 16
06-11 21:13:41.625 D/SystemControl(  346): [CPQdb]:table name is MCDI_MPEG_SD!
06-11 21:13:41.642 I/        (    0): [ 2452.796151@2]  protect tvp 0 7 ret 0 58f30000 a740000
06-11 21:13:41.643 I/        (    0): [ 2452.796166@2]  enable tvp for 1
06-11 21:13:41.643 I/        (    0): [ 2452.796169@2]  tvp_user_count is 1
06-11 21:13:41.638 D/stbdpc  (  397): STB_DPGetNumPaths[570]: num_paths: 1
06-11 21:13:41.643 I/[ 2452.796174@1]  dim(    0): load 0xa00 pq table len 115 later.
06-11 21:13:41.646 I/[ 2452.796183@2]  resman(    0): 33 acquire [tvp] success
06-11 21:13:41.646 I/[ 2452.796204@1]  dim(    0): remove 0xa00 table.
06-11 21:13:41.639 D/SystemControl(  346): [CPQdb]:getDIRegValuesByValue, length = 115
06-11 21:13:41.642 D/SystemControl(  346): [CPQControl]:Deblock moudle disabled!
06-11 21:13:41.642 D/SystemControl(  346): [CPQControl]:DemoSquito moudle disabled!
06-11 21:13:41.642 D/SystemControl(  346): [CPQControl]:Cpq_SetDIModuleParam success!
06-11 21:13:41.646 V/OmxVideoDecoder(  474): allocateBuffer 3404 pBuffer 0xf22fccf0
06-11 21:13:41.650 D/SystemControl(  346): [CPQControl]:GetPQMode, source: 10, mode: 0
06-11 21:13:41.650 D/SystemControl(  346): [CPQControl]:setPQModeByTvService: gameStatus: 0, pcStatus: 0!
06-11 21:13:41.655 V/OmxVideoDecoder(  474): allocateBuffer 3404 pBuffer 0xf22fcd10
06-11 21:13:41.655 V/OmxVideoDecoder(  474): allocateBuffer 3404 pBuffer 0xf22fcd30
06-11 21:13:41.656 V/OmxVideoDecoder(  474): allocateBuffer 3404 pBuffer 0xf22fcd80
06-11 21:13:41.657 I/OmxComponent(  474): OMX-23 STATE_TRANS: OMX_StateLoaded => OMX_StateIdle : OMX.amlogic.av1.decoder.awesome2.secure
06-11 21:13:41.657 I/chatty  (  474): uid=1046(mediacodec) awesome2.secure identical 2 lines
06-11 21:13:41.657 I/OmxComponent(  474): OMX-23 STATE_TRANS: OMX_StateLoaded => OMX_StateIdle : OMX.amlogic.av1.decoder.awesome2.secure
06-11 21:13:41.657 V/OmxVideoDecoder(  474): allocateBuffer 3404 pBuffer 0xf22fcd00
06-11 21:13:41.658 I/OmxComponent(  474): OMX-23 STATE_TRANS: OMX_StateLoaded => OMX_StateIdle : OMX.amlogic.av1.decoder.awesome2.secure
06-11 21:13:41.659 V/OmxVideoDecoder(  474): allocateBuffer 3404 pBuffer 0xf22fcd50
06-11 21:13:41.659 I/OmxComponent(  474): OMX-23 STATE_TRANS: OMX_StateLoaded => OMX_StateIdle : OMX.amlogic.av1.decoder.awesome2.secure
06-11 21:13:41.660 V/OmxVideoDecoder(  474): allocateBuffer 3404 pBuffer 0xf22fcd60
06-11 21:13:41.660 I/OmxComponent(  474): OMX-23 STATE_TRANS: OMX_StateLoaded => OMX_StateIdle : OMX.amlogic.av1.decoder.awesome2.secure
06-11 21:13:41.660 V/OmxVideoDecoder(  474): allocateBuffer 3404 pBuffer 0xf22fcd90
06-11 21:13:41.661 I/OmxComponent(  474): OMX-23 STATE_TRANS: OMX_StateLoaded => OMX_StateIdle : OMX.amlogic.av1.decoder.awesome2.secure
06-11 21:13:41.662 V/OmxVideoDecoder(  474): allocateBuffer 3404 pBuffer 0xf22fcda0
06-11 21:13:41.662 I/OmxComponent(  474): OMX-23 STATE_TRANS: OMX_StateLoaded => OMX_StateIdle : OMX.amlogic.av1.decoder.awesome2.secure
06-11 21:13:41.663 V/OmxVideoDecoder(  474): allocateBuffer 3404 pBuffer 0xf22fcdb0
06-11 21:13:41.663 I/OmxComponent(  474): OMX-23 STATE_TRANS: OMX_StateLoaded => OMX_StateIdle : OMX.amlogic.av1.decoder.awesome2.secure
06-11 21:13:41.663 V/OmxVideoDecoder(  474): allocateBuffer 3404 pBuffer 0xf22fcdc0
06-11 21:13:41.664 I/TvServerHidlClient(  346): Link to tvserver daemon service death notification successful
06-11 21:13:41.664 I/OmxComponent(  474): OMX-23 STATE_TRANS: OMX_StateLoaded => OMX_StateIdle : OMX.amlogic.av1.decoder.awesome2.secure
06-11 21:13:41.665 V/OmxVideoDecoder(  474): allocateBuffer 3404 pBuffer 0xf22fcdd0
06-11 21:13:41.665 I/OmxComponent(  474): OMX-23 STATE_TRANS: OMX_StateLoaded => OMX_StateIdle : OMX.amlogic.av1.decoder.awesome2.secure
06-11 21:13:41.666 V/OmxVideoDecoder(  474): allocateBuffer 3404 pBuffer 0xf22fcde0
06-11 21:13:41.666 I/OmxComponent(  474): OMX-23 STATE_TRANS: OMX_StateLoaded => OMX_StateIdle : OMX.amlogic.av1.decoder.awesome2.secure
06-11 21:13:41.666 V/OmxVideoDecoder(  474): allocateBuffer 3404 pBuffer 0xf22fcdf0
06-11 21:13:41.667 I/OmxComponent(  474): OMX-23 STATE_TRANS: OMX_StateLoaded => OMX_StateIdle : OMX.amlogic.av1.decoder.awesome2.secure
06-11 21:13:41.667 I/tvserver(  398): [HIDLServer]:setCallback client type:HAL, client size:4, cookie:3
06-11 21:13:41.667 V/OmxVideoDecoder(  474): allocateBuffer 3404 pBuffer 0xf22fce00
06-11 21:13:41.668 I/OmxComponent(  474): OMX-23 STATE_TRANS: OMX_StateLoaded => OMX_StateIdle : OMX.amlogic.av1.decoder.awesome2.secure
06-11 21:13:41.668 V/OmxVideoDecoder(  474): allocateBuffer 3404 pBuffer 0xf22fce20
06-11 21:13:41.671 V/AmlogicVideoDecoderAwesome2(  474): [15]acquireResources:429 >
06-11 21:13:41.671 D/AmlogicVideoDecoderAwesome2(  474): [15]"setUp mDurationUs = 41667 videoDefine.xFramerate = 1572864"
06-11 21:13:41.671 V/debugSetup(  474): media.omx.dumpRecv is disabled
06-11 21:13:41.671 V/debugSetup(  474): media.omx.dumpCodec is disabled
06-11 21:13:41.671 E/AmlogicVideoDecoderAwesome2(  474): setUp(): 1200 mOwner->isGameMode()=0
06-11 21:13:41.671 D/AmlogicVideoDecoderAwesome2(  474): [15]"vendor.media.omx.gamemode is not set used def=0\n"
06-11 21:13:41.671 I/AmlogicVideoDecoderAwesome2(  474): [15]"setUp width 1920, height 1080\n"
06-11 21:13:41.671 D/AmlogicVideoDecoderAwesome2(  474): [15]"vendor.media.omx2.dw is not set used def=3\n"
06-11 21:13:41.671 D/AmlogicVideoDecoderAwesome2(  474): [15]"vendor.media.omx2.margin is not set used def=5\n"
06-11 21:13:41.671 I/AmlogicVideoDecoderAwesome2(  474): [15]"mIsSurfacTexture 0, mDoubleWriteMode 3, default_margin:5 \n"
06-11 21:13:41.671 D/AmlogicVideoDecoderAwesome2(  474): [15]"codecInit"
06-11 21:13:41.671 V/AmlogicVideoDecoderAwesome2(  474): [15]"codecInit av1\n"
06-11 21:13:41.671 I/resman  (  474): acquire fd:12, restype:7, preempt:1, time_out:10000, arg:
06-11 21:13:41.671 I/resman  (  474): acquire fd:12, restype:5, preempt:1, time_out:10000, arg:size:60,secure
06-11 21:13:41.671 D/VideoDecWraper(  474): VideoDecWraper
06-11 21:13:41.671 D/VideoDecWraper(  474): initialize:mime:video/av01
06-11 21:13:41.674 I/[ 2452.825639@3]  resman(    0): 31 acquire [decoder], preempt yes
06-11 21:13:41.674 I/[ 2452.825649@3]  resman(    0): 31 acquire [decoder] success
06-11 21:13:41.674 I/[ 2452.825680@3]  resman(    0): 31 acquire [codec_mm], preempt yes
06-11 21:13:41.674 I/[ 2452.825689@3]  resman(    0): 31 score 60 secure yes
06-11 21:13:41.675 I/[ 2452.825695@3]  resman(    0): 31 acquire [codec_mm] success
06-11 21:13:41.676 D/tvserver(  398): [CTv]:Tv_SetVdinForPQ: game mode: 0, pc mode: 0, autoSwitchFlag: 2
06-11 21:13:41.679 D/VideoDecWraper(  474): version 1.1 use create AmVideoDec_create
06-11 21:13:41.681 D/tvserver(  398): [tvutils]:write /sys/class/amvecm/pc_mode, val:1
06-11 21:13:41.681 D/tvserver(  398): [CTvin]:VDIN_SetMonitorMode: monitor mode: 0!
06-11 21:13:41.682 D/tvserver(  398): [CTvin]:VDIN_SetGameMode: game mode: 0!
06-11 21:13:41.682 D/SystemControl(  346): [CPQControl]:setPQModeByTvService success!
06-11 21:13:41.722 I/[ 2452.873596@0]  [amlv4l](    0): [3]: set DRM mode: 1
06-11 21:13:41.731 I/[ 2452.873773@0]  [amlv4l](    0): [3]: DW:3, TW:0, Margin:5
06-11 21:13:41.731 D/[ 2452.874428@0]  [amlcom](    0): vdec_create instance 00000000e9fd6453, total 1, PM: power-domain
06-11 21:13:41.731 D/[ 2452.874707@0]  [media_clock](    0): hevc mux clock is 499999992 Hz
06-11 21:13:41.731 D/[ 2452.874924@0]  [media_clock](    0): hevc back mux clock is 499999992 Hz
06-11 21:13:41.731 I/[ 2452.875103@0]  [amlcom](    0): vdec_init, dev_name:ammvdec_av1_v4l, vdec_type=VDEC_TYPE_FRAME_BLOCK, format: 16, total: 1
06-11 21:13:41.731 W/        (    0): [ 2452.880877@0]  [0]film_grain_task_create, task ffffff8018927000 create success
06-11 21:13:41.731 W/[ 2452.880892@0]  [0]pdata->config=parm_v4l_codec_enable(    0): 1;parm_v4l_buffer_margin:5;av1_double_write_mode:3;av1_triple_write_mode:0;av1_buf_width:4096;av1_buf_height:2304;save_buffer_mode:0;no_head:0;parm_v4l_canvas_mem_mode:0;parm_v4l_canvas_mem_endian:0;parm_v4l_low_latency_mode:0;parm_v4l_duration:4000;
06-11 21:13:41.731 W/        (    0): [ 2452.880918@0]  [0]use buf resolution
06-11 21:13:41.731 W/[ 2452.881946@0]  av1(    0): ver (201602101,0) decinfo: 1920x1088 rate=4000
06-11 21:13:41.731 D/[ 2452.882200@0]  [av1](    0): After aom_bufmgr_init, prev_fb_idx : -1, new_fb_idx : -1
06-11 21:13:41.684 D/SystemControl(  346): [CPQControl]:Cpq_SetPQMode: nr2 moudle disabled!
06-11 21:13:41.684 I/AmVideoDec(  474): AmVideoDec version: V3.2.159-gadbe096  (dong.liu  Tue Feb 11 11:58:24 UTC 2025), mHalInstanceID 2, mHalInstancenum 1
06-11 21:13:41.684 D/SystemControl(  346): [CPQControl]:Cpq_LoadBasicRegs: BlackExtension moudle disabled!
06-11 21:13:41.684 I/AmVideoDec(  474): vendor.mediahal.loglevels is not set used def = 1
06-11 21:13:41.739 D/[ 2452.889851@0]  [av1](    0): av1_local_init: alloc ucode log buffer 00000000c4dd5533
06-11 21:13:41.739 D/[ 2452.891455@0]  [av1](    0): av1_local_init, alloc fg table addr 56d10000, size 0x20000
06-11 21:13:41.684 I/AmVideoDec(  474): [0] "new VideoDec\n"
06-11 21:13:41.684 I/AmVideoDec(  474): open dec_stat fd -1
06-11 21:13:41.684 D/VideoDecWraper(  474): getAmVideoDec ok
06-11 21:13:41.685 D/SystemControl(  346): [CPQdb]:table name is Sharpness_0_SD_UPSCALE_Fixed!
06-11 21:13:41.693 D/SystemControl(  346): [CPQControl]:Cpq_SetSharpness0FixedParam success!
06-11 21:13:41.693 I/AmVideoDec(  474): [0] "initialize mime video/av01 secureMode is 1\n"
06-11 21:13:41.693 I/V4l2Adaptor(  474): V4l2Adaptor::initialize flags is 0x0
06-11 21:13:41.695 D/SystemControl(  346): [CPQdb]:table name is Sharpness_0_SD_UPSCALE_Variable!
06-11 21:13:41.698 I/V4l2Adaptor(  474): V4l2Adaptor::onInit
06-11 21:13:41.699 I/VDA     (  474): vendor.mediahal.loglevels is not set used def = 1
06-11 21:13:41.699 I/VDA     (  474): [0] "open dec_stat fd -1, log_level_ 1\n"
06-11 21:13:41.699 I/VDA     (  474): [0] "VDA Initialize flags is 0\n"
06-11 21:13:41.699 I/VDA     (  474): VideoCodecProfileToV4L2PixFmt profile 21
06-11 21:13:41.699 I/VDA     (  474): V4L2_PIX_FMT_AV1
06-11 21:13:41.702 D/SystemControl(  346): [CPQControl]:Cpq_SetSharpness0VariableParam success!
06-11 21:13:41.702 D/SystemControl(  346): [CPQControl]:Cpq_LoadBasicRegs: Sharpness1 moudle disabled!
06-11 21:13:41.703 D/SystemControl(  346): [CPQdb]:table name is Bri_Con_MPEG_Brightness_RefData!
06-11 21:13:41.704 D/SystemControl(  346): [CPQControl]:Cpq_SetBrightnessBasicParam success!
06-11 21:13:41.704 D/SystemControl(  346): [CPQdb]:table name is Bri_Con_MPEG_Contrast_RefData!
06-11 21:13:41.705 D/SystemControl(  346): [CPQControl]:Cpq_SetContrastBasicParam success!
06-11 21:13:41.705 D/SystemControl(  346): [CPQdb]:table name is Saturation_MPEG_Saturation!
06-11 21:13:41.706 D/SystemControl(  346): [CPQControl]:Cpq_SetSaturationBasicParam success!
06-11 21:13:41.706 D/SystemControl(  346): [CPQdb]:table name is Saturation_MPEG_Hue!
06-11 21:13:41.707 D/SystemControl(  346): [CPQControl]:Cpq_SetHueBasicParam success!
06-11 21:13:41.717 D/SystemControl(  346): [CPQControl]:Cpq_SetVideoSaturationHue: 0 0
06-11 21:13:41.719 I/VDA     (  474): [0] "secure_mode set to true\n"
06-11 21:13:41.719 I/VDA     (  474): vendor.vda.disable_config is not set used def = 0
06-11 21:13:41.719 I/VDA     (  474): [0] "v4l2 private parms, magic:1437256755 len:5, adaptiveback:1 height:1920 width:1080\n"
06-11 21:13:41.720 I/VDA     (  474): [0] "not 8k use max input size\n"
06-11 21:13:41.721 V/OmxVideoDecoder(  474): updatePort mUseNativeBuffers 1
06-11 21:13:41.721 V/OmxVideoDecoder(  474): nWidth=1920,nHeight=1080, nMinbufs=0
06-11 21:13:41.721 I/OmxVideoDecoder(  474): getParameter Component Name OMX.amlogic.av1.decoder.awesome2.secure, width 1920, height 1080 nBufferCountMin:0
06-11 21:13:41.721 V/OmxVideoDecoder(  474): updatePort mUseNativeBuffers 1
06-11 21:13:41.721 V/OmxVideoDecoder(  474): nWidth=1920,nHeight=1080, nMinbufs=0
06-11 21:13:41.721 I/OmxVideoDecoder(  474): getParameter Component Name OMX.amlogic.av1.decoder.awesome2.secure, width 1920, height 1080 nBufferCountMin:0
06-11 21:13:41.744 D/[ 2452.893520@0]  [media_clock](    0): hevc mux clock is 799999988 Hz
06-11 21:13:41.767 D/[ 2452.893743@0]  [media_clock](    0): hevc back mux clock is 799999988 Hz
06-11 21:13:41.767 D/[ 2452.893749@0]  [amlcom](    0): hevc video changed to 4096 x 2048 60 fps clk->800MHZ
06-11 21:13:41.721 D/OmxComponent(  474): getExtensionIndex 1237 name="OMX.google.android.index.AndroidNativeBufferConsumerUsage"
06-11 21:13:41.722 D/OmxVideoDecoder(  474): setParameter 1599 0x7f00000b
06-11 21:13:41.722 D/OmxVideoDecoder(  474): OMX_GoogleAndroidIndexAndroidNativeBufferConsumerUsage 0x900
06-11 21:13:41.722 D/OmxComponent(  474): getExtensionIndex 1237 name="OMX.google.android.index.getAndroidNativeBufferUsage"
06-11 21:13:41.722 D/AmlogicVideoDecoderAwesome2(  474): [15]"vendor.media.omx2.dw is not set used def=0\n"
06-11 21:13:41.722 D/OmxVideoDecoder(  474): Get NativeBufferUsage 0x408033
06-11 21:13:41.724 D/SurfaceUtils( 2387): set up nativeWindow 0xbd326008 for 1920x1080, color 0x11, rotation 0, usage 0x40e933
06-11 21:13:41.724 D/SystemControl(  346): [CPQControl]:Cpq_SetSharpness: sharpness1 moudle disabled!
06-11 21:13:41.724 D/OmxVideoDecoder(  474): setParameter 1599 0x2000001
06-11 21:13:41.724 D/OmxVideoDecoder(  474): media.omx.display_mode=3
06-11 21:13:41.724 D/OmxVideoDecoder(  474): mjpeg vc1 wmv wmv3 force display_mode=3
06-11 21:13:41.724 D/OmxVideoDecoder(  474): choose mVideoUsedByOmx=0, mVideoUsedByThis=0, mAmVideoUsed=0
06-11 21:13:41.724 D/OmxVideoDecoder(  474): mDisplayMode = DISPLAY_MODE_V4LVIDEO
06-11 21:13:41.724 D/OmxVideoDecoder(  474): choose mDisplayMode=3
06-11 21:13:41.724 D/OmxVideoDecoder(  474): update mAdaptiveMaxFrameWidth mAdaptiveMaxFrameHeight to 1920 x 1080
06-11 21:13:41.724 D/OmxVideoDecoder(  474): setParameter nPortIndex 1 nFrameWidth 1920 nFrameHeight 1080 nSliceHeight 1080
06-11 21:13:41.724 V/OmxVideoDecoder(  474): updatePort mUseNativeBuffers 1
06-11 21:13:41.724 V/OmxVideoDecoder(  474): nWidth=1920,nHeight=1080, nMinbufs=0
06-11 21:13:41.726 W/ResourceManagerService(  465): Ignoring request to add new resource entry with value <= 0
06-11 21:13:41.726 I/lowmemorykiller(  231): medium memory pressure event is triggered for new strategy
06-11 21:13:41.727 D/lowmemorykiller(  231): LMKD mp_event_psi kill_reasons available are PRESSURE_AFTER_KILL, NOT_RESPONDING, LOW_SWAP_AND_THRASHING, LOW_MEM_AND_SWAP, LOW_MEM_AND_THRASHING, DIRECT_RECL_AND_THRASHING
06-11 21:13:41.727 D/lowmemorykiller(  231): LMKD mp_event_psi kill_reason received= -1
06-11 21:13:41.729 D/SystemControl(  346): [CPQControl]:Cpq_SetVideoBrightness brightness : 0
06-11 21:13:41.739 D/stbdpc  (  397): STB_DPGetNumPaths[570]: num_paths: 1
06-11 21:13:41.740 I/VDA     (  474): [0] "setup output format 3132564e\n"
06-11 21:13:41.740 I/VDA     (  474): IsSupportedOutputFormat v4l2_format 3132564e
06-11 21:13:41.741 I/VDA     (  474): [0] "decoder_msg.value == 3999"
06-11 21:13:41.741 D/AmlogicVideoDecoderAwesome2(  474): [15]"codecInit done"
06-11 21:13:41.742 D/AmlogicVideoDecoderAwesome2(  474): [15]"mOutWidth is 1920 mOutHeight is 1080 mFlvFlag=0 mOutBufferCount is 0"
06-11 21:13:41.742 D/AmlogicVideoDecoderAwesome2(  474): [15]"mOutBufferCount =0 mDecOutWidth 1920 mDecOutHeight 1088\n"
06-11 21:13:41.742 D/AmlogicVideoDecoderAwesome2(  474): [15]"mIsNativeBuffers =1\n"
06-11 21:13:41.742 D/VideoTunnelRendererWraper(  474): init:65280
06-11 21:13:41.745 I/Mediahal_VideoTunnelRenderer(  474): [init]mHwSyncId:65280 tunerpassthrough:0
06-11 21:13:41.746 I/VDA     (  474): [0] "InitializeTask"
06-11 21:13:41.747 I/VDA     (  474): vendor.media.omx2.in_buffer set = 5
06-11 21:13:41.747 I/VDA     (  474): [0] "CreateInputBuffers count 16\n"
06-11 21:13:41.747 D/SystemControl(  346): [CPQControl]:Cpq_SetVideoContrast: 0
06-11 21:13:41.747 D/SystemControl(  346): [CPQControl]:Cpq_SetPQMode success!
06-11 21:13:41.747 D/SystemControl(  346): [CPQControl]:GetGammaValue, source: 10, value = 0
06-11 21:13:41.747 D/SystemControl(  346): [CPQControl]:SetGammaValue, source: 10, value = 0
06-11 21:13:41.747 D/SystemControl(  346): [CPQControl]:Gamma moudle disabled!
06-11 21:13:41.747 D/SystemControl(  346): [CPQControl]:SetGammaValue success!
06-11 21:13:41.747 D/SystemControl(  346): [CPQControl]:GetColorBaseMode: mode is 1
06-11 21:13:41.747 D/SystemControl(  346): [CPQControl]:SetColorBaseMode: mode is 1
06-11 21:13:41.747 D/SystemControl(  346): [CPQControl]:CM moudle disabled!
06-11 21:13:41.747 D/SystemControl(  346): [CPQControl]:SaveColorBaseMode: mode is 1
06-11 21:13:41.749 I/VDA     (  474): [0] "----create input VIDIOC_STREAMON----\n"
06-11 21:13:41.749 I/AmMediaSync(  474): [MEDIA_TYPE_MAX_-1-0](setPcrSlope-848) slope:1.000000.
06-11 21:13:41.749 E/AmMediaSync(  474): mediasync_ioctl cmd [1074023743] faided,ret:-1 error:14(Bad address)
06-11 21:13:41.749 I/android.hardware.media.omx@1.0-service(  474): vendor.mediasync.start.threshold set = 500
06-11 21:13:41.749 I/VDA     (  474): [0] "StartDevicePoll\n"
06-11 21:13:41.749 I/android.hardware.media.omx@1.0-service(  474): vendor.mediasync.show.firstframe.nosync set = 1
06-11 21:13:41.749 I/android.hardware.media.omx@1.0-service(  474): vendor.mediasync.debug.level set = 0
06-11 21:13:41.749 I/android.hardware.media.omx@1.0-service(  474): vendor.mediasync.judge.underrunus set = 200
06-11 21:13:41.749 I/android.hardware.media.omx@1.0-service(  474): vendor.mediasync.enable.drop set = 1
06-11 21:13:41.749 I/android.hardware.media.omx@1.0-service(  474): vendor.mediasync.enable.audio.slowplay.sync set = 0
06-11 21:13:41.749 I/android.hardware.media.omx@1.0-service(  474): vendor.mediasync.audio.freerun set = 0
06-11 21:13:41.749 I/android.hardware.media.omx@1.0-service(  474): vendor.mediasync.video.freerun set = 0
06-11 21:13:41.749 I/android.hardware.media.omx@1.0-service(  474): vendor.mediasync.cache.nofocus.apts set = 1
06-11 21:13:41.749 I/android.hardware.media.omx@1.0-service(  474): vendor.mediasync.enable.pcrslope.adjust set = 0
06-11 21:13:41.749 I/android.hardware.media.omx@1.0-service(  474): vendor.mediasync.slowsync.enable set = 0
06-11 21:13:41.749 I/AmMediaSync(  474): [MEDIA_TYPE_MAX_-1-0](MediaSync-194) this:0xf23caf00, showfirst:1, debuglevel:0, StartThreshold:500 ms, slowsyncEnable:0
06-11 21:13:41.749 I/VideoSyncWraper(  474): vendor.mediahal.loglevels is not set used def = 1
06-11 21:13:41.749 I/AmMediaSync(  474): [MEDIA_VIDEO_-1-0](bindInstance-383) SyncInsId:0 mStreamtype:video, mSyncInsId:-1, mOmxTunnelMode:1.
06-11 21:13:41.749 I/MsVideoSyncAdapterWraper(  474): [No-0](0xf2500b98) MsVideoSyncAdapterWraper in
06-11 21:13:41.749 I/MsVideoSyncFRAC(  474): [MsVideoSyncFRAC212]
06-11 21:13:41.749 I/MsVideoSyncFRAC(  474): vendor.mediahal.loglevels is not set used def = 1
06-11 21:13:41.750 I/MsDisplayAdapterWraper(  474): [MsDisplayAdapterWraper:109]
06-11 21:13:41.750 I/MsDisplayAdapterWraper(  474): vendor.mediahal.loglevels is not set used def = 1
06-11 21:13:41.750 I/android.hardware.media.omx@1.0-service(  474): mediasync.enable.frame.control set = 0
06-11 21:13:41.750 I/VideoSyncWraper(  474): [bindInstance] SyncInsId:65280, streamtype:0
06-11 21:13:41.750 I/VideoSyncWraper(  474): [setSyncMode]mode:0 
06-11 21:13:41.751 I/AmMediaSync(  474): [MEDIA_VIDEO_0-0](setSyncMode-455) setSyncMode mode:0
06-11 21:13:41.751 I/VideoSyncFRAC(  474): [VideoSyncFRAC172]
06-11 21:13:41.751 I/VideoSyncFRAC(  474): vendor.mediahal.loglevels is not set used def = 1
06-11 21:13:41.751 I/DisplayAdapterWraper(  474): [DisplayAdapterWraper:109]
06-11 21:13:41.751 I/DisplayAdapterWraper(  474): vendor.mediahal.loglevels is not set used def = 1
06-11 21:13:41.751 D/AmlogicVideoDecoderAwesome2(  474): [15]"Init mVideoTunnelRenderer mHwSyncID:0xff00 channelId:23"
06-11 21:13:41.751 I/Mediahal_VideoTunnelRenderer(  474): [flushSeekTrickMode:267]
06-11 21:13:41.751 D/AmlogicVideoDecoderAwesome2(  474): [15]"setUp mOutPortChanged=0\n"
06-11 21:13:41.751 I/OmxComponent(  474): STATE_DONE:  OMX_StateLoaded => OMX_StateIdle : OMX.amlogic.av1.decoder.awesome2.secure
06-11 21:13:41.754 I/OmxComponent(  474): OMX_CommandStateSet 850 Cmd 0 nParam1 0x3
06-11 21:13:41.754 I/OmxComponent(  474): OMX-23 STATE_SET:   OMX_StateIdle => OMX_StateExecuting : OMX.amlogic.av1.decoder.awesome2.secure
06-11 21:13:41.754 V/AmlogicVideoDecoderAwesome2(  474): [15]prepare:328 >
06-11 21:13:41.754 V/AmlogicVideoDecoderAwesome2(  474): [15]start:341 >
06-11 21:13:41.755 I/Mediahal_VideoTunnelRenderer(  474): [start]
06-11 21:13:41.755 I/VideoTunnelWraper(  474): meson_vt_connect success!
06-11 21:13:41.755 V/OMX_WorkerPeer(  474): vendor/amlogic/common/omx/omx_framework/WorkerPeer.cpp:runWorkerStatic:155 --------------------
06-11 21:13:41.755 D/AmlogicVideoDecoderAwesome2(  474): [15]"mVideo start\n"
06-11 21:13:41.755 V/OMX_WorkerPeer(  474): vendor/amlogic/common/omx/omx_framework/WorkerPeer.cpp:runWorker:161 --------------------
06-11 21:13:41.755 I/OmxComponent(  474): OMX-23 STATE_TRANS: OMX_StateIdle => OMX_StateExecuting : OMX.amlogic.av1.decoder.awesome2.secure
06-11 21:13:41.755 I/OmxComponent(  474): STATE_DONE:  OMX_StateIdle => OMX_StateExecuting : OMX.amlogic.av1.decoder.awesome2.secure
06-11 21:13:41.756 D/dvb_iptv(  397): ReadEmmNetworkTask[1537]: EMM Select Timeout Occured 8
06-11 21:13:41.756 E/Mediahal_VideoTunnelRenderer(  474): Couldn't set SCHED_FIFO for drainVideoFrameThread
06-11 21:13:41.762 D/SystemControl(  346): [CPQControl]:SetColorBaseMode success!
06-11 21:13:41.763 D/SystemControl(  346): [CPQControl]:GetColorTemperature: source: 10, mode: 0!
06-11 21:13:41.763 D/SystemControl(  346): [CPQControl]:LoadPQSettings: whitebalance moudle disabled!
06-11 21:13:41.763 D/SystemControl(  346): [CPQControl]:GetDnlpMode success!
06-11 21:13:41.763 D/SystemControl(  346): [CPQControl]:GetDnlpMode, source_input = 10, mode is 2
06-11 21:13:41.763 D/SystemControl(  346): [CPQControl]:DNLP moudle disabled!
06-11 21:13:41.763 D/SystemControl(  346): [CPQControl]:SetDnlpMode success!
06-11 21:13:41.763 D/SystemControl(  346): [CPQControl]:GetLocalContrastMode: mode is 2
06-11 21:13:41.763 D/SystemControl(  346): [CPQControl]:SetLocalContrastMode: mode is 2!
06-11 21:13:41.763 D/SystemControl(  346): [CPQControl]:SetLocalContrastMode: local contrast moudle disabled!
06-11 21:13:41.763 D/SystemControl(  346): [CPQControl]:SetLocalContrastMode success!
06-11 21:13:41.763 D/SystemControl(  346): [CPQControl]:GetDisplayMode, source: 10, value = 0
06-11 21:13:41.763 D/SystemControl(  346): [CPQControl]:SetDisplayMode, source: 10, value = 0
06-11 21:13:41.763 D/SystemControl(  346): [CPQControl]:source_input:10, adapted_mode:0, AFDFlag:0,screen mode:3
06-11 21:13:41.763 D/SystemControl(  346): [CPQControl]:Cpq_SetDisplayModeAllTiming success!
06-11 21:13:41.763 D/SystemControl(  346): [CPQControl]:Cpq_SetDisplayModeOneTiming: Overscan moudle disabled!
06-11 21:13:41.763 D/SystemControl(  346): [CPQControl]:Cpq_SetDisplayModeOneTiming: screenmode:1 hs:0 he:0 vs:0 ve:0
06-11 21:13:41.763 D/SystemControl(  346): [CPQControl]:Cpq_SetVideoCrop: 0 0 0 0
06-11 21:13:41.763 D/SystemControl(  346): [CPQControl]:Cpq_SetVideoScreenMode: 1
06-11 21:13:41.764 I/AudioFlinger(  387): openOutput() this 0xf15c2000, module 10 Device type:0x400,@:, SamplingRate 48000, Format 0x000001, Channels 0x3, flags 0x41
06-11 21:13:41.765 D/SystemControl(  346): [CPQControl]:SaveDisplayMode, source: 10, value = 0
06-11 21:13:41.767 D/SystemControl(  346): [CPQControl]:SaveDisplayMode success!
06-11 21:13:41.767 D/SystemControl(  346): [CPQControl]:SetHDRTMOMode, source: 10, mode = 1
06-11 21:13:41.767 D/SystemControl(  346): [CPQControl]:hdr tmo disabled
06-11 21:13:41.767 D/SystemControl(  346): [CPQControl]:SetHDRTMOMode success
06-11 21:13:41.767 E/SystemControl(  346): [CPQControl]:ai is disable
06-11 21:13:41.767 D/SystemControl(  346): [CPQControl]:AiParamLoad success
06-11 21:13:41.767 D/SystemControl(  346): [CPQControl]:Smooth Plus disabled
06-11 21:13:41.767 D/SystemControl(  346): [CPQControl]:Cpq_SetSmoothPlusMode success!
06-11 21:13:41.767 D/SystemControl(  346): [CPQControl]:onVframeSizeChange: send hdr event,info is 6.!
06-11 21:13:41.778 D/audio_hw_primary(  348): adev_open_output_stream_new: enter
06-11 21:13:41.778 D/audio_hw_primary(  348): adev_open_output_stream: enter: devices(0x400) channel_mask(0x3) rate(48000) format(0x1) flags(0x41)
06-11 21:13:41.778 D/audio_hw_primary(  348): adev_open_output_stream: dev:0xee589c40, fmt:0, dmx fmt:-1, content id:0,sync id 0,adev->patch_src 14, adev->audio_patching 0
06-11 21:13:41.778 I/audio_hwsync(  348): aml_audio_hwsync_init p_hwsync 0xee002e80 out 0xee26a400
06-11 21:13:41.778 I/audio_hwsync(  348): aml_audio_hwsync_init done
06-11 21:13:41.778 D/audio_hw_primary(  348): adev_open_output_stream format=1 rate=48000
06-11 21:13:41.778 D/audio_hw_primary(  348): adev_open_output_stream: exit
06-11 21:13:41.778 I/sub_mixing_factory(  348): [initSubMixingInputPcm:723] ++out 0xee26a400, flags 0x41, hwsync lpcm 1
06-11 21:13:41.778 I/sub_mixing_factory(  348): [initSubMixingInputPcm:736] lpcm case
06-11 21:13:41.778 D/audio_hw_primary(  348): -adev_open_output_stream_new: out 0xee26a400: io handle:125, usecase:PCM_HWSYNC card:0 alsa devices:0
06-11 21:13:41.781 D/JioServiceSysCtrlEvent( 1856): notifyHdrInfoChangedCallback newHdrInfo:6
06-11 21:13:41.785 I/audio_hw_primary(  348): out_get_buffer_size(out->config.rate=48000, format 1,stream format 1)
06-11 21:13:41.789 I/AudioFlinger(  387): HAL output buffer size 2053 frames, normal sink buffer size 2053 frames
06-11 21:13:41.792 D/audio_hw_primary(  348): func:out_set_event_callback  callback:0xed76643d cookie:0xee8eaa00
06-11 21:13:41.802 I/AudioFlinger(  387): AudioFlinger's thread 0xf10b3800 tid=14683 ready to run
06-11 21:13:41.952 I/[ 2453.103713@1]  UVM(    0): dmabuf is not uvm. is_valid_mod_type 506
06-11 21:13:41.952 I/[ 2453.103724@1]  UVM(    0): dmabuf is not uvm. is_valid_mod_type 506
06-11 21:13:41.952 I/[ 2453.103810@2]  UVM(    0): dmabuf is not uvm. is_valid_mod_type 506
06-11 21:13:41.952 I/[ 2453.103818@2]  UVM(    0): dmabuf is not uvm. is_valid_mod_type 506
06-11 21:13:41.962 I/[ 2453.112754@0]  UVM(    0): dmabuf is not uvm. is_valid_mod_type 506
06-11 21:13:41.962 I/[ 2453.112766@0]  UVM(    0): dmabuf is not uvm. is_valid_mod_type 506
06-11 21:13:41.962 I/[ 2453.112883@2]  UVM(    0): dmabuf is not uvm. is_valid_mod_type 506
06-11 21:13:41.962 I/[ 2453.112891@2]  UVM(    0): dmabuf is not uvm. is_valid_mod_type 506
06-11 21:13:41.972 I/[ 2453.121384@1]  UVM(    0): dmabuf is not uvm. is_valid_mod_type 506
06-11 21:13:41.972 I/[ 2453.121396@1]  UVM(    0): dmabuf is not uvm. is_valid_mod_type 506
06-11 21:13:41.972 I/[ 2453.121488@2]  UVM(    0): dmabuf is not uvm. is_valid_mod_type 506
06-11 21:13:41.972 I/[ 2453.121497@2]  UVM(    0): dmabuf is not uvm. is_valid_mod_type 506
06-11 21:13:41.972 I/[ 2453.124238@0]  vc(    0): [0]has alredy get 2, can not get more
06-11 21:13:41.979 I/[ 2453.129418@2]  UVM(    0): dmabuf is not uvm. is_valid_mod_type 506
06-11 21:13:41.979 I/[ 2453.129430@2]  UVM(    0): dmabuf is not uvm. is_valid_mod_type 506
06-11 21:13:41.979 I/[ 2453.129513@1]  UVM(    0): dmabuf is not uvm. is_valid_mod_type 506
06-11 21:13:41.979 I/[ 2453.129519@1]  UVM(    0): dmabuf is not uvm. is_valid_mod_type 506
06-11 21:13:41.943 W/        ( 3655): type=1400 audit(0.0:3102): avc: denied { read } for name="arp" dev="proc" ino=4026532018 scontext=u:r:untrusted_app_27:s0:c85,c256,c512,c768 tcontext=u:object_r:proc_net:s0 tclass=file permissive=0 app=com.jio.myhome.mediasharedmp
06-11 21:13:41.811 I/system_server(  633): oneway function results will be dropped but finished with status OK and parcel size 4
06-11 21:13:41.812 I/system_server(  633): oneway function results will be dropped but finished with status OK and parcel size 4
06-11 21:13:41.813 D/AudioFlinger(  387): ro.audio.silent is ignored since no output device is set
06-11 21:13:41.951 W/pool-8-thread-1( 3655): type=1400 audit(0.0:3103): avc: denied { read } for name="arp" dev="proc" ino=4026532018 scontext=u:r:untrusted_app_27:s0:c85,c256,c512,c768 tcontext=u:object_r:proc_net:s0 tclass=file permissive=0 app=com.jio.myhome.mediasharedmp
06-11 21:13:41.814 D/sub_mixing_factory(  348): [out_standby_subMixingPCM:1324] out_stream(0xee26a400) usecase: PCM_HWSYNC
06-11 21:13:41.822 I/system_server(  633): oneway function results will be dropped but finished with status OK and parcel size 4
06-11 21:13:41.823 D/AudioFlinger(  387): ro.audio.silent is ignored since no output device is set
06-11 21:13:41.824 I/chatty  (  387): uid=1041(audioserver) AudioOut_7D identical 1 line
06-11 21:13:41.825 D/AudioFlinger(  387): ro.audio.silent is ignored since no output device is set
06-11 21:13:41.826 I/system_server(  633): oneway function results will be dropped but finished with status OK and parcel size 4
06-11 21:13:41.826 I/system_server(  633): oneway function results will be dropped but finished with status OK and parcel size 4
06-11 21:13:41.827 I/system_server(  633): oneway function results will be dropped but finished with status OK and parcel size 4
06-11 21:13:41.827 I/lowmemorykiller(  231): medium memory pressure event is triggered for new strategy
06-11 21:13:41.827 D/lowmemorykiller(  231): LMKD mp_event_psi kill_reasons available are PRESSURE_AFTER_KILL, NOT_RESPONDING, LOW_SWAP_AND_THRASHING, LOW_MEM_AND_SWAP, LOW_MEM_AND_THRASHING, DIRECT_RECL_AND_THRASHING
06-11 21:13:41.827 D/lowmemorykiller(  231): LMKD mp_event_psi kill_reason received= -1
06-11 21:13:41.835 I/system_server(  633): oneway function results will be dropped but finished with status OK and parcel size 4
06-11 21:13:41.835 I/chatty  (  633): uid=1000(system) Binder:633_4 identical 1 line
