06-11 20:33:17.949 D/[   29.089295@0]  [h264](    0): vh264_init, phy_addr=56e29000 vaddr=00000000b8ae88c0
06-11 20:33:18.014 D/[   29.163480@3]  [h264](    0): 0: vmh264_get_ps_info mmu_enable 0 double_write_mode 0x10
06-11 20:33:18.015 I/[   29.163511@3]  [amlv4l](    0): [1]: Parse from ucode, visible(1920 x 1080), coded(1920 x 1088), scan:P, bitdepth(0), dw(10)
06-11 20:33:18.015 I/[   29.163532@0]  [amlv4l](    0): [1]: Picture buffer count: dec:5, vpp:0, ge2d:0, margin:5, total:10
06-11 20:33:18.015 D/[   29.163541@0]  [amlv4l](    0): [1]: Post event: res chg
06-11 20:33:18.025 I/[   29.176016@0]  dim(    0): reg:use[1]ms
06-11 20:33:18.025 I/[   29.176031@0]  dim(    0): create:ch[2],tmode[3]
06-11 20:33:18.025 I/[   29.176034@0]  dim(    0): out:0x80000000
06-11 20:33:18.025 D/[   29.177291@3]  [h264](    0): 0: restriction_flag=0, max_dec_frame_buffering=4, dec_dpb_size=5 num_reorder_frames 2 used_reorder_dpb_size_margin 5
06-11 20:33:18.070 I/[   29.212336@1]  dim(    0): value reg:ch[2]:fix_buf:0;ponly <0,0>
06-11 20:33:18.070 I/[   29.212355@1]  dim(    0): di_cnt_i_buf1:tvp:0
06-11 20:33:18.070 I/[   29.212365@1]  dim(    0): buf large::0x4fb000, 0x5a1000
06-11 20:33:18.108 I/[   29.251181@1]  dim(    0): pre_sec_alloc:cma size:10,0xffffffff012f3800,0x53ce0000
06-11 20:33:18.115 I/[   29.268516@1]  dim(    0): pst_sec_alloc:cma:size:90,0xffffffff012f3a80,0x53cea000
06-11 20:33:18.115 I/[   29.268604@1]  vpu(    0): vpu: vpu_dev_clk_gate_on: unsupport vpu mod: 72
06-11 20:33:18.116 I/[   29.269522@1]  dim(    0): ch[2]:reg:mem cfg[0][0][0]
06-11 20:33:18.135 I/[   29.286446@2]  resman(    0): 30 appname:AmTsPlayer, type=5
06-11 20:33:18.238 I/[   29.385620@1]  vc(    0): [0]vc: set enable index=0, val=1
06-11 20:33:18.238 I/        (    0): [   29.385647@1]  dev->index =0, val=2
06-11 20:33:18.238 I/[   29.385651@1]  VID(    0): VD1 off
06-11 20:33:18.238 I/[   29.385657@1]  VID(    0): VD1 set global output as 1
06-11 20:33:18.238 I/[   29.385685@1]  VID(    0): store VD0 path_id changed -1->2
06-11 20:33:18.238 I/[   29.385702@1]  vc(    0): [0]sideband_type =-1
06-11 20:33:18.369 F/linker  ( 2538): CANNOT LINK EXECUTABLE "/system/bin/smartcable/smartCableSTBApp": library "libmosquitto.so" not found: needed by main executable
06-11 20:33:19.347 W/[   30.492753@0]  RTW(    0): Turbo EDCA =0xa42b
06-11 20:33:20.685 W/[   31.834172@2]  RTW(    0): fill_default_txdesc(wlan0): SP Packet(0x0806) rate=0x4 SeqNum = 188
06-11 20:33:21.359 W/[   32.508708@3]  RTW(    0): Turbo EDCA =0x5ea42b
06-11 20:33:23.364 F/linker  ( 2828): CANNOT LINK EXECUTABLE "/system/bin/smartcable/smartCableSTBApp": library "libmosquitto.so" not found: needed by main executable
06-11 20:33:24.557 E/[   35.706811@0]  selinux(    0): SELinux: Could not get canonical path for /sys/kernel/dmabuf/buffers/39252/attachments restorecon: No such file or directory.
06-11 20:33:24.557 E/[   35.706828@0]  selinux(    0):  
06-11 20:33:24.557 E/[   35.706866@0]  ueventd(    0): selinux_android_restorecon(/sys/kernel/dmabuf/buffers/39252/attachments) failed: No such file or directory
06-11 20:33:24.594 E/[   35.747864@0]  selinux(    0): SELinux: Could not get canonical path for /sys/kernel/dmabuf/buffers/37281/attachments restorecon: No such file or directory.
06-11 20:33:24.603 E/[   35.747892@0]  selinux(    0):  
06-11 20:33:24.603 E/[   35.747933@0]  ueventd(    0): selinux_android_restorecon(/sys/kernel/dmabuf/buffers/37281/attachments) failed: No such file or directory
06-11 20:33:24.603 E/[   35.751795@0]  selinux(    0): SELinux: Could not get canonical path for /sys/kernel/dmabuf/buffers/39279/attachments restorecon: No such file or directory.
06-11 20:33:24.603 E/[   35.751840@0]  selinux(    0):  
06-11 20:33:24.603 E/[   35.751887@0]  ueventd(    0): selinux_android_restorecon(/sys/kernel/dmabuf/buffers/39279/attachments) failed: No such file or directory
06-11 20:33:24.639 E/[   35.780798@1]  selinux(    0): SELinux:  Could not stat /sys/kernel/dmabuf/buffers/39284/attachments: No such file or directory.
06-11 20:33:25.793 W/[   36.943801@0]  RTW(    0): fill_default_txdesc(wlan0): SP Packet(0x0806) rate=0x4 SeqNum = 253
06-11 20:33:28.450 F/linker  ( 3084): CANNOT LINK EXECUTABLE "/system/bin/smartcable/smartCableSTBApp": library "libmosquitto.so" not found: needed by main executable
06-11 20:33:29.264 W/[   40.410623@2]  RTW(    0): rtw_issue_addbareq_cmd, p=0
06-11 20:33:29.356 W/[   40.410831@2]  RTW(    0): BA_starting_seqctrl = 447 for TID=0
06-11 20:33:29.356 W/[   40.410849@2]  RTW(    0): issue_addba_req(wlan0) ra=60:bd:2c:c2:fe:bd tid=0
06-11 20:33:29.356 W/[   40.411714@2]  RTW(    0): OnAction_back
06-11 20:33:29.356 W/[   40.411725@2]  RTW(    0): OnAction_back, action=1
06-11 20:33:29.356 W/[   40.411729@2]  RTW(    0): agg_enable for TID=0
06-11 20:33:29.772 E/[   40.912809@1]  selinux(    0): SELinux:  Could not stat /sys/kernel/dmabuf/buffers/41225/attachments: No such file or directory.
06-11 20:33:30.106 E/[   40.912828@1]  selinux(    0):  
06-11 20:33:30.106 W/[   41.230576@3]  RTW(    0): cfg80211_rtw_scan(wlan0)
06-11 20:33:30.106 W/[   41.230594@3]  RTW(    0): cfg80211_rtw_scan (wlan0) tx:126, rx:221, bi:347 kbps, disallow(0)
06-11 20:33:30.106 W/[   41.233501@0]  RTW(    0): [HW_VAR_CHECK_TXBUF] Empty in 4 ms
06-11 20:33:30.106 W/[   41.233596@0]  RTW(    0): wlan0 sleep m0=0x00000003, ori reg_0x4d4=0x00000000
06-11 20:33:30.367 E/[   41.520542@0]  selinux(    0): SELinux:  Could not stat /sys/kernel/dmabuf/buffers/42204/attachments: No such file or directory.
06-11 20:33:30.541 E/[   41.520637@0]  selinux(    0):  
06-11 20:33:30.639 E/[   41.791430@0]  selinux(    0): SELinux: Could not get canonical path for /sys/kernel/dmabuf/buffers/42281/attachments restorecon: No such file or directory.
06-11 20:33:30.639 E/[   41.791447@0]  selinux(    0):  
06-11 20:33:30.639 E/[   41.791497@0]  ueventd(    0): selinux_android_restorecon(/sys/kernel/dmabuf/buffers/42281/attachments) failed: No such file or directory
06-11 20:33:31.131 W/[   42.281528@0]  RTW(    0): LeaveAllPowerSaveModeDirect.....
06-11 20:33:31.131 W/[   42.281540@0]  RTW(    0): LeaveAllPowerSaveModeDirect: Driver Already Leave LPS
06-11 20:33:31.131 W/[   42.281547@0]  RTW(    0): rtw_hal_set_macaddr_port wlan0- hw port(0) mac_addr =a8:71:16:66:28:c6
06-11 20:33:31.131 W/[   42.281699@0]  RTW(    0): wlan0- hw port(0) mac_addr =a8:71:16:66:28:c6
06-11 20:33:31.131 W/[   42.281771@0]  RTW(    0): p2p0- hw port(1) mac_addr =aa:71:16:66:28:c6
06-11 20:33:31.137 W/[   42.286511@0]  RTW(    0): wlan0 wakeup m0=0x00000003, ori reg_0x4d4=0x00000003
06-11 20:33:31.137 W/[   42.287298@0]  RTW(    0): survey done event(45) band:0 for wlan0
06-11 20:33:31.137 W/        (    0): [   42.287320@0]  ========== ACS (VER-3) ==========
06-11 20:33:31.137 W/        (    0): [   42.287323@0]  Best 24G Channel:2
06-11 20:33:31.137 W/        (    0): [   42.287326@0]  Best 5G Channel:48
06-11 20:33:31.137 W/        (    0): [   42.287326@0]
06-11 20:33:31.137 W/[   42.287991@0]  RTW(    0): rtw_indicate_scan_done(wlan0)
06-11 20:33:31.137 W/[   42.289402@3]  RTW(    0): fill_default_txdesc(wlan0): SP Packet(0x0806) rate=0x4 SeqNum = 525
06-11 20:33:32.647 E/[   43.796890@0]  selinux(    0): SELinux: Could not get canonical path for /sys/kernel/dmabuf/buffers/43109/attachments restorecon: No such file or directory.
06-11 20:33:32.647 E/[   43.796908@0]  selinux(    0):  
06-11 20:33:32.647 E/[   43.796960@0]  ueventd(    0): selinux_android_restorecon(/sys/kernel/dmabuf/buffers/43109/attachments) failed: No such file or directory
06-11 20:33:33.480 F/linker  ( 3369): CANNOT LINK EXECUTABLE "/system/bin/smartcable/smartCableSTBApp": library "libmosquitto.so" not found: needed by main executable
06-11 20:33:35.108 E/[   46.257652@0]  selinux(    0): SELinux:  Could not stat /sys/kernel/dmabuf/buffers/44153/attachments: No such file or directory.
06-11 20:33:35.132 E/[   46.257667@0]  selinux(    0):  
06-11 20:33:35.286 E/[   46.435058@0]  selinux(    0): SELinux: Could not get canonical path for /sys/kernel/dmabuf/buffers/44229/attachments restorecon: No such file or directory.
06-11 20:33:35.286 E/[   46.435073@0]  selinux(    0):  
06-11 20:33:35.286 E/[   46.435113@0]  ueventd(    0): selinux_android_restorecon(/sys/kernel/dmabuf/buffers/44229/attachments) failed: No such file or directory
06-11 20:33:35.303 E/[   46.456158@0]  selinux(    0): SELinux:  Could not stat /sys/kernel/dmabuf/buffers/44233/attachments: No such file or directory.
06-11 20:33:35.399 E/[   46.456180@0]  selinux(    0):  
06-11 20:33:35.399 E/[   46.456739@0]  selinux(    0): SELinux: Could not get canonical path for /sys/kernel/dmabuf/buffers/44235/attachments restorecon: No such file or directory.
06-11 20:33:35.399 E/[   46.456755@0]  selinux(    0):  
06-11 20:33:35.399 E/[   46.456804@0]  ueventd(    0): selinux_android_restorecon(/sys/kernel/dmabuf/buffers/44235/attachments) failed: No such file or directory
06-11 20:33:35.919 W/[   47.068756@2]  RTW(    0): fill_default_txdesc(wlan0): SP Packet(0x0806) rate=0x4 SeqNum = 701
06-11 20:33:35.923 W/[   47.073774@2]  RTW(    0): fill_default_txdesc(wlan0): SP Packet(0x0806) rate=0x4 SeqNum = 703
06-11 20:33:38.362 F/linker  ( 3507): CANNOT LINK EXECUTABLE "/system/bin/smartcable/smartCableSTBApp": library "libmosquitto.so" not found: needed by main executable
06-11 20:33:38.491 I/        (    0): [   49.641070@0]  [Data Pipe] data pipe had been closed
06-11 20:33:38.491 I/        (    0): [   49.642002@2]  [Data Pipe] data pipe had been closed
06-11 20:33:38.491 I/        (    0): [   49.644726@1]  [Data Pipe] data pipe had been closed
06-11 20:33:38.494 I/        (    0): [   49.644992@1]  [Data Pipe] data pipe had been closed
06-11 20:33:38.494 I/        (    0): [   49.645498@1]  [Data Pipe] data pipe had been closed
06-11 20:33:38.494 I/        (    0): [   49.645539@1]  [Data Pipe] data pipe had been closed
06-11 20:33:41.130 W/[   52.284150@3]  RTW(    0): fill_default_txdesc(wlan0): SP Packet(0x0806) rate=0x4 SeqNum = 880
06-11 20:33:41.863 I/[   53.012647@1]  input(    0): JIO BLE Remote Keyboard as /devices/virtual/misc/uhid/0005:0509:0113.0001/input/input7
06-11 20:33:41.863 I/[   53.013549@1]  input(    0): JIO BLE Remote Mouse as /devices/virtual/misc/uhid/0005:0509:0113.0001/input/input8
06-11 20:33:41.863 I/[   53.015010@1]  input(    0): JIO BLE Remote Consumer Control as /devices/virtual/misc/uhid/0005:0509:0113.0001/input/input9
06-11 20:33:41.863 I/        (    0): [   53.015845@1]  hid-generic 0005:0509:0113.0001: input,hidraw0: BLUETOOTH HID v0.00 Keyboard [JIO BLE Remote] on
06-11 20:33:41.880 W/[   53.026812@0]  RTW(    0): rtw_android_priv_cmd: Android private cmd "BTCOEXSCAN-START" on wlan0
06-11 20:33:42.022 E/[   53.174940@1]  selinux(    0): SELinux: Could not get canonical path for /sys/kernel/dmabuf/buffers/44558/attachments restorecon: No such file or directory.
06-11 20:33:42.022 E/[   53.174960@1]  selinux(    0):  
06-11 20:33:42.022 E/[   53.175018@1]  ueventd(    0): selinux_android_restorecon(/sys/kernel/dmabuf/buffers/44558/attachments) failed: No such file or directory
06-11 20:33:42.219 I/[   53.371166@1]  [amlv4l](    0): [1]: reset mode: 1, es frames buffering: 61
06-11 20:33:42.232 I/[   53.380978@1]  [amlv4l](    0): [1]: reset mode: 1, es frames buffering: 0
06-11 20:33:42.258 I/[   53.408643@1]  dim(    0): unreg:2keep[0], msk:[0x0,0x0]
06-11 20:33:42.267 I/[   53.418753@1]  vpu(    0): vpu: vpu_dev_clk_gate_off: unsupport vpu mod: 72
06-11 20:33:42.267 I/[   53.420113@3]  dim(    0): unreg:use[28]ms
06-11 20:33:42.268 I/[   53.420128@3]  dim(    0): di_destroy_instance:ch[2]:end
06-11 20:33:42.268 I/[   53.420776@3]  dim(    0): reg:use[0]ms
06-11 20:33:42.268 I/[   53.420789@3]  dim(    0): create:ch[2],tmode[3]
06-11 20:33:42.268 I/[   53.420793@3]  dim(    0): out:0x80000000
06-11 20:33:42.275 I/[   53.424648@3]  [amlv4l](    0): [1]: reset mode: 1, es frames buffering: 0
06-11 20:33:42.288 I/[   53.435988@3]  [amlv4l](    0): [1]: reset mode: 1, es frames buffering: 0
06-11 20:33:42.309 I/[   53.460203@2]  [amlv4l](    0): [1]: reset mode: 1, es frames buffering: 0
06-11 20:33:42.363 D/[   53.477007@2]  [amlcom](    0): vdec_release instance 0000000091430d65, total 1
06-11 20:33:42.363 D/[   53.477167@2]  [media_clock](    0): the clk_vdec_mux    clock off, ref cnt: 0
06-11 20:33:42.363 I/[   53.478015@2]  dim(    0): unreg:use[1]ms
06-11 20:33:42.363 I/[   53.478027@2]  dim(    0): di_destroy_instance:ch[2]:end
06-11 20:33:42.363 I/[   53.480404@2]  resman(    0): 29 release [decoder]
06-11 20:33:42.363 I/[   53.480417@2]  resman(    0): 29 release [codec_mm]
06-11 20:33:42.363 E/        (    0): [   53.489367@3]  disalbe fastplay
06-11 20:33:42.790 I/[   53.944308@1]  vc(    0): [0]vc: set enable index=0, val=0
06-11 20:33:42.790 I/[   53.944343@1]  VID(    0): store VD0 path_id changed 2->-1
06-11 20:33:42.790 I/        (    0): [   53.944350@1]  dev->index =0, val=1
06-11 20:33:42.790 I/[   53.944353@1]  VID(    0): VD1 off
06-11 20:33:42.790 I/[   53.944360@1]  VID(    0): VD1 set global output as 0
06-11 20:33:42.790 I/        (    0): [   53.944386@1]  common_vf_unreg_provider video_render.0: vd1 used: true, vd2 used: false, vd3 used: false, black_out:0, cur_buf:00000000ebc7e71a
06-11 20:33:43.403 F/linker  ( 3824): CANNOT LINK EXECUTABLE "/system/bin/smartcable/smartCableSTBApp": library "libmosquitto.so" not found: needed by main executable
06-11 20:33:43.534 W/[   54.684797@0]  RTW(    0): Turbo EDCA =0xa42b
06-11 20:33:43.820 W/[   54.969799@2]  audit(    0): audit_lost=46 audit_rate_limit=5 audit_backlog_limit=64
06-11 20:33:43.828 E/[   54.969809@2]  audit(    0): rate limit exceeded
06-11 20:33:44.393 W/[   55.540851@1]  RTW(    0): OnAction_back
06-11 20:33:44.478 W/[   55.540865@1]  RTW(    0): OnAction_back, action=0
06-11 20:33:44.478 W/[   55.541946@2]  RTW(    0): issue_addba_rsp_wait_ack(wlan0) ra=60:bd:2c:c2:fe:bd status:=0 tid=2 size:64, acked, 1/3 in 0 ms
06-11 20:33:45.646 W/[   56.796507@1]  audit(    0): audit_lost=54 audit_rate_limit=5 audit_backlog_limit=64
06-11 20:33:45.651 E/[   56.796619@1]  audit(    0): rate limit exceeded
06-11 20:33:46.163 W/[   57.314993@1]  RTW(    0): fill_default_txdesc(wlan0): SP Packet(0x0806) rate=0x4 SeqNum = 3108
06-11 20:33:48.378 F/linker  ( 4010): CANNOT LINK EXECUTABLE "/system/bin/smartcable/smartCableSTBApp": library "libmosquitto.so" not found: needed by main executable
06-11 20:33:48.382 W/[   59.536136@0]  audit(    0): audit_lost=61 audit_rate_limit=5 audit_backlog_limit=64
06-11 20:33:48.382 E/[   59.536146@0]  audit(    0): rate limit exceeded
06-11 20:33:49.582 W/[   60.732724@1]  RTW(    0): Turbo EDCA =0x5ea42b
06-11 20:33:49.973 W/[   61.124394@3]  RTW(    0): cfg80211_rtw_scan(wlan0)
06-11 20:33:49.973 W/[   61.124417@3]  RTW(    0): cfg80211_rtw_scan (wlan0) tx:33, rx:76, bi:109 kbps, disallow(0)
06-11 20:33:49.974 W/[   61.128305@0]  RTW(    0): [HW_VAR_CHECK_TXBUF] Empty in 0 ms
06-11 20:33:49.974 W/[   61.128414@0]  RTW(    0): wlan0 sleep m0=0x00000003, ori reg_0x4d4=0x00000000
06-11 20:33:50.982 W/[   62.132964@2]  RTW(    0): LeaveAllPowerSaveModeDirect.....
06-11 20:33:50.982 W/[   62.132982@2]  RTW(    0): LeaveAllPowerSaveModeDirect: Driver Already Leave LPS
06-11 20:33:50.983 W/[   62.132994@2]  RTW(    0): rtw_hal_set_macaddr_port wlan0- hw port(0) mac_addr =a8:71:16:66:28:c6
06-11 20:33:50.983 W/[   62.133231@2]  RTW(    0): wlan0- hw port(0) mac_addr =a8:71:16:66:28:c6
06-11 20:33:50.983 W/[   62.133325@2]  RTW(    0): p2p0- hw port(1) mac_addr =aa:71:16:66:28:c6
06-11 20:33:50.990 W/[   62.143632@2]  RTW(    0): wlan0 wakeup m0=0x00000003, ori reg_0x4d4=0x00000003
06-11 20:33:50.995 W/[   62.144685@2]  RTW(    0): survey done event(4d) band:0 for wlan0
06-11 20:33:50.995 W/        (    0): [   62.144704@2]  ========== ACS (VER-3) ==========
06-11 20:33:50.995 W/        (    0): [   62.144709@2]  Best 24G Channel:2
06-11 20:33:50.995 W/        (    0): [   62.144714@2]  Best 5G Channel:48
06-11 20:33:50.995 W/        (    0): [   62.144714@2]
06-11 20:33:50.995 W/[   62.144822@2]  RTW(    0): rtw_indicate_scan_done(wlan0)
06-11 20:33:51.391 W/[   62.543536@2]  RTW(    0): fill_default_txdesc(wlan0): SP Packet(0x0806) rate=0x4 SeqNum = 3818
06-11 20:33:53.373 F/linker  ( 4048): CANNOT LINK EXECUTABLE "/system/bin/smartcable/smartCableSTBApp": library "libmosquitto.so" not found: needed by main executable
06-11 20:33:53.614 W/[   64.764817@0]  RTW(    0): Turbo EDCA =0xa42b
06-11 20:33:55.630 W/[   66.780704@0]  RTW(    0): Turbo EDCA =0x5ea42b
06-11 20:33:56.490 W/[   67.643591@1]  RTW(    0): fill_default_txdesc(wlan0): SP Packet(0x0806) rate=0x4 SeqNum = 3504
06-11 20:33:57.650 W/[   68.800755@0]  RTW(    0): Turbo EDCA =0xa42b
06-11 20:33:58.377 F/linker  ( 4073): CANNOT LINK EXECUTABLE "/system/bin/smartcable/smartCableSTBApp": library "libmosquitto.so" not found: needed by main executable
06-11 20:33:59.662 W/[   70.812818@0]  RTW(    0): Turbo EDCA =0x5ea42b
06-11 20:34:01.610 W/[   72.764034@0]  RTW(    0): fill_default_txdesc(wlan0): SP Packet(0x0806) rate=0x4 SeqNum = 3634
06-11 20:34:03.386 F/linker  ( 4078): CANNOT LINK EXECUTABLE "/system/bin/smartcable/smartCableSTBApp": library "libmosquitto.so" not found: needed by main executable
06-11 20:34:05.702 W/[   76.853463@1]  RTW(    0): fill_default_txdesc(wlan0): SP Packet(0x0806) rate=0x4 SeqNum = 3650
06-11 20:34:08.387 F/linker  ( 4079): CANNOT LINK EXECUTABLE "/system/bin/smartcable/smartCableSTBApp": library "libmosquitto.so" not found: needed by main executable
06-11 20:34:10.830 W/[   81.983967@1]  RTW(    0): fill_default_txdesc(wlan0): SP Packet(0x0806) rate=0x4 SeqNum = 3660
06-11 20:34:11.759 W/[   82.909240@0]  RTW(    0): Turbo EDCA =0xa42b
06-11 20:34:13.294 W/[   84.444701@3]  RTW(    0): rtw_issue_addbareq_cmd, p=6
06-11 20:34:13.294 W/[   84.444824@1]  RTW(    0): BA_starting_seqctrl = 20 for TID=6
06-11 20:34:13.294 W/[   84.444847@1]  RTW(    0): issue_addba_req(wlan0) ra=60:bd:2c:c2:fe:bd tid=6
06-11 20:34:13.294 W/[   84.446185@0]  RTW(    0): OnAction_back
06-11 20:34:13.294 W/[   84.446198@0]  RTW(    0): OnAction_back, action=1
06-11 20:34:13.294 W/[   84.446201@0]  RTW(    0): agg_enable for TID=6
06-11 20:34:13.395 F/linker  ( 4110): CANNOT LINK EXECUTABLE "/system/bin/smartcable/smartCableSTBApp": library "libmosquitto.so" not found: needed by main executable
06-11 20:34:15.970 W/[   87.122977@3]  RTW(    0): fill_default_txdesc(wlan0): SP Packet(0x0806) rate=0x4 SeqNum = 500
06-11 20:34:18.402 F/linker  ( 4207): CANNOT LINK EXECUTABLE "/system/bin/smartcable/smartCableSTBApp": library "libmosquitto.so" not found: needed by main executable
06-11 20:34:19.822 W/[   90.972748@3]  RTW(    0): Turbo EDCA =0x5ea42b
06-11 20:34:21.090 W/[   92.243932@1]  RTW(    0): fill_default_txdesc(wlan0): SP Packet(0x0806) rate=0x4 SeqNum = 784
06-11 20:34:23.408 F/linker  ( 4276): CANNOT LINK EXECUTABLE "/system/bin/smartcable/smartCableSTBApp": library "libmosquitto.so" not found: needed by main executable
06-11 20:34:23.854 W/[   95.004724@0]  RTW(    0): Turbo EDCA =0xa42b
06-11 20:34:26.210 W/[   97.363904@3]  RTW(    0): fill_default_txdesc(wlan0): SP Packet(0x0806) rate=0x4 SeqNum = 1842
06-11 20:34:28.411 F/linker  ( 4295): CANNOT LINK EXECUTABLE "/system/bin/smartcable/smartCableSTBApp": library "libmosquitto.so" not found: needed by main executable
06-11 20:34:29.902 W/[  101.052893@3]  RTW(    0): Turbo EDCA =0x5ea42b
06-11 20:34:29.974 W/[  101.128536@1]  RTW(    0): cfg80211_rtw_scan(wlan0)
06-11 20:34:29.975 W/[  101.128559@1]  RTW(    0): cfg80211_rtw_scan (wlan0) tx:2, rx:0, bi:2 kbps, disallow(0)
06-11 20:34:29.978 W/[  101.132329@1]  RTW(    0): [HW_VAR_CHECK_TXBUF] Empty in 0 ms
06-11 20:34:29.978 W/[  101.132425@1]  RTW(    0): wlan0 sleep m0=0x00000003, ori reg_0x4d4=0x00000000
06-11 20:34:30.982 W/[  102.132767@3]  RTW(    0): LeaveAllPowerSaveModeDirect.....
06-11 20:34:30.983 W/[  102.132781@3]  RTW(    0): LeaveAllPowerSaveModeDirect: Driver Already Leave LPS
06-11 20:34:30.983 W/[  102.132788@3]  RTW(    0): rtw_hal_set_macaddr_port wlan0- hw port(0) mac_addr =a8:71:16:66:28:c6
06-11 20:34:30.983 W/[  102.132909@3]  RTW(    0): wlan0- hw port(0) mac_addr =a8:71:16:66:28:c6
06-11 20:34:30.983 W/[  102.132961@3]  RTW(    0): p2p0- hw port(1) mac_addr =aa:71:16:66:28:c6
06-11 20:34:30.986 W/[  102.137130@0]  RTW(    0): wlan0 wakeup m0=0x00000003, ori reg_0x4d4=0x00000003
06-11 20:34:30.986 W/[  102.138889@0]  RTW(    0): survey done event(54) band:0 for wlan0
06-11 20:34:30.986 W/        (    0): [  102.138909@0]  ========== ACS (VER-3) ==========
06-11 20:34:30.987 W/        (    0): [  102.138915@0]  Best 24G Channel:2
06-11 20:34:30.987 W/        (    0): [  102.138920@0]  Best 5G Channel:48
06-11 20:34:30.987 W/        (    0): [  102.138920@0]
06-11 20:34:30.987 W/[  102.139040@0]  RTW(    0): rtw_indicate_scan_done(wlan0)
06-11 20:34:31.342 W/[  102.493517@3]  RTW(    0): fill_default_txdesc(wlan0): SP Packet(0x0806) rate=0x4 SeqNum = 1855
06-11 20:34:33.418 F/linker  ( 4306): CANNOT LINK EXECUTABLE "/system/bin/smartcable/smartCableSTBApp": library "libmosquitto.so" not found: needed by main executable
06-11 20:34:36.022 W/[  107.174376@2]  RTW(    0): fill_default_txdesc(wlan0): SP Packet(0x0806) rate=0x4 SeqNum = 1869
06-11 20:34:37.966 W/[  109.117148@1]  RTW(    0): Turbo EDCA =0xa42b
06-11 20:34:38.425 F/linker  ( 4321): CANNOT LINK EXECUTABLE "/system/bin/smartcable/smartCableSTBApp": library "libmosquitto.so" not found: needed by main executable
06-11 20:34:39.030 I/[  110.184152@1]  nf_conntrack(    0): default automatic helper assignment has been turned off for security reasons and CT-based  firewall rule not found. Use the iptables CT target to attach helpers instead.
06-11 20:34:39.982 W/[  111.132901@1]  RTW(    0): Turbo EDCA =0x5ea42b
06-11 20:34:40.882 W/[  112.033218@0]  RTW(    0): fill_default_txdesc(wlan0): SP Packet(0x0806) rate=0x4 SeqNum = 2208
06-11 20:34:41.998 W/[  113.148676@1]  RTW(    0): Turbo EDCA =0xa42b
06-11 20:34:43.432 F/linker  ( 4345): CANNOT LINK EXECUTABLE "/system/bin/smartcable/smartCableSTBApp": library "libmosquitto.so" not found: needed by main executable
06-11 20:34:45.682 W/[  116.835826@2]  RTW(    0): fill_default_txdesc(wlan0): SP Packet(0x0806) rate=0x4 SeqNum = 2684
06-11 20:34:46.034 W/[  117.185037@0]  RTW(    0): Turbo EDCA =0x5ea42b
06-11 20:34:48.046 W/[  119.196742@2]  RTW(    0): Turbo EDCA =0xa42b
06-11 20:34:48.434 F/linker  ( 4364): CANNOT LINK EXECUTABLE "/system/bin/smartcable/smartCableSTBApp": library "libmosquitto.so" not found: needed by main executable
06-11 20:34:48.862 W/[  120.014457@2]  audit(    0): audit_lost=62 audit_rate_limit=5 audit_backlog_limit=64
06-11 20:34:48.862 E/[  120.014464@2]  audit(    0): rate limit exceeded
06-11 20:34:50.062 W/[  121.212748@0]  RTW(    0): Turbo EDCA =0x5ea42b
06-11 20:34:50.830 W/[  121.984493@2]  RTW(    0): fill_default_txdesc(wlan0): SP Packet(0x0806) rate=0x4 SeqNum = 2701
06-11 20:34:53.443 F/linker  ( 4378): CANNOT LINK EXECUTABLE "/system/bin/smartcable/smartCableSTBApp": library "libmosquitto.so" not found: needed by main executable
06-11 20:34:55.975 W/[  127.124717@2]  RTW(    0): fill_default_txdesc(wlan0): SP Packet(0x0806) rate=0x4 SeqNum = 2716
06-11 20:34:58.451 F/linker  ( 4393): CANNOT LINK EXECUTABLE "/system/bin/smartcable/smartCableSTBApp": library "libmosquitto.so" not found: needed by main executable
06-11 20:35:01.102 W/[  132.254444@1]  RTW(    0): fill_default_txdesc(wlan0): SP Packet(0x0806) rate=0x4 SeqNum = 2727
06-11 20:35:03.452 F/linker  ( 4403): CANNOT LINK EXECUTABLE "/system/bin/smartcable/smartCableSTBApp": library "libmosquitto.so" not found: needed by main executable
06-11 20:35:06.251 W/[  137.403549@1]  RTW(    0): fill_default_txdesc(wlan0): SP Packet(0x0806) rate=0x4 SeqNum = 2740
06-11 20:35:08.456 F/linker  ( 4419): CANNOT LINK EXECUTABLE "/system/bin/smartcable/smartCableSTBApp": library "libmosquitto.so" not found: needed by main executable
06-11 20:35:10.882 W/[  142.036315@1]  RTW(    0): fill_default_txdesc(wlan0): SP Packet(0x0806) rate=0x4 SeqNum = 2761
06-11 20:35:13.462 F/linker  ( 4433): CANNOT LINK EXECUTABLE "/system/bin/smartcable/smartCableSTBApp": library "libmosquitto.so" not found: needed by main executable
06-11 20:35:14.098 E/[  145.249096@0]  [drm(    0): vpu_pipeline_check_finish_reg [aml_drm]] *ERROR* request drm_rdma_dt_cnt [2653] current [2652]
06-11 20:35:16.026 W/[  147.176748@2]  RTW(    0): fill_default_txdesc(wlan0): SP Packet(0x0806) rate=0x4 SeqNum = 2778
06-11 20:35:16.198 E/[  147.351194@0]  [drm(    0): vpu_pipeline_check_finish_reg [aml_drm]] *ERROR* request drm_rdma_dt_cnt [2705] current [2704]
06-11 20:35:18.465 F/linker  ( 4446): CANNOT LINK EXECUTABLE "/system/bin/smartcable/smartCableSTBApp": library "libmosquitto.so" not found: needed by main executable
06-11 20:35:20.254 E/[  151.405252@0]  [drm(    0): vpu_pipeline_check_finish_reg [aml_drm]] *ERROR* request drm_rdma_dt_cnt [2805] current [2804]
06-11 20:35:21.602 W/[  152.753540@3]  RTW(    0): fill_default_txdesc(wlan0): SP Packet(0x0806) rate=0x4 SeqNum = 2785
06-11 20:35:23.466 F/linker  ( 4461): CANNOT LINK EXECUTABLE "/system/bin/smartcable/smartCableSTBApp": library "libmosquitto.so" not found: needed by main executable
06-11 20:35:25.710 W/[  156.863349@3]  RTW(    0): fill_default_txdesc(wlan0): SP Packet(0x0806) rate=0x4 SeqNum = 2793
06-11 20:35:28.473 F/linker  ( 4470): CANNOT LINK EXECUTABLE "/system/bin/smartcable/smartCableSTBApp": library "libmosquitto.so" not found: needed by main executable
06-11 20:35:30.854 W/[  162.004764@0]  RTW(    0): fill_default_txdesc(wlan0): SP Packet(0x0806) rate=0x4 SeqNum = 2803
06-11 20:35:33.480 F/linker  ( 4485): CANNOT LINK EXECUTABLE "/system/bin/smartcable/smartCableSTBApp": library "libmosquitto.so" not found: needed by main executable
06-11 20:35:35.950 W/[  167.103983@1]  RTW(    0): fill_default_txdesc(wlan0): SP Packet(0x0806) rate=0x4 SeqNum = 2811
06-11 20:35:38.481 F/linker  ( 4494): CANNOT LINK EXECUTABLE "/system/bin/smartcable/smartCableSTBApp": library "libmosquitto.so" not found: needed by main executable
06-11 20:35:41.090 W/[  172.244459@1]  RTW(    0): fill_default_txdesc(wlan0): SP Packet(0x0806) rate=0x4 SeqNum = 2845
06-11 20:35:42.886 W/[  174.039906@3]  audit(    0): audit_lost=180 audit_rate_limit=5 audit_backlog_limit=64
06-11 20:35:42.887 E/[  174.039917@3]  audit(    0): rate limit exceeded
06-11 20:35:43.486 F/linker  ( 4511): CANNOT LINK EXECUTABLE "/system/bin/smartcable/smartCableSTBApp": library "libmosquitto.so" not found: needed by main executable
06-11 20:35:46.214 W/[  177.365779@0]  RTW(    0): fill_default_txdesc(wlan0): SP Packet(0x0806) rate=0x4 SeqNum = 2906
06-11 20:35:48.496 F/linker  ( 4520): CANNOT LINK EXECUTABLE "/system/bin/smartcable/smartCableSTBApp": library "libmosquitto.so" not found: needed by main executable
06-11 20:35:51.330 W/[  182.484436@0]  RTW(    0): fill_default_txdesc(wlan0): SP Packet(0x0806) rate=0x4 SeqNum = 2914
06-11 20:35:53.504 F/linker  ( 4541): CANNOT LINK EXECUTABLE "/system/bin/smartcable/smartCableSTBApp": library "libmosquitto.so" not found: needed by main executable
06-11 20:35:56.466 W/[  187.617297@1]  RTW(    0): fill_default_txdesc(wlan0): SP Packet(0x0806) rate=0x4 SeqNum = 2973
06-11 20:35:56.754 E/[  187.908433@0]  [drm(    0): vpu_pipeline_check_finish_reg [aml_drm]] *ERROR* request drm_rdma_dt_cnt [3713] current [3712]
06-11 20:35:58.507 F/linker  ( 4557): CANNOT LINK EXECUTABLE "/system/bin/smartcable/smartCableSTBApp": library "libmosquitto.so" not found: needed by main executable
06-11 20:35:59.278 W/[  190.428779@2]  RTW(    0): fill_default_txdesc(wlan0): SP Packet(0x0806) rate=0x4 SeqNum = 2981
06-11 20:36:00.758 W/[  191.911165@2]  RTW(    0): fill_default_txdesc(wlan0): SP Packet(0x0806) rate=0x4 SeqNum = 2985
06-11 20:36:03.511 F/linker  ( 4570): CANNOT LINK EXECUTABLE "/system/bin/smartcable/smartCableSTBApp": library "libmosquitto.so" not found: needed by main executable
06-11 20:36:05.702 W/[  196.853678@2]  RTW(    0): fill_default_txdesc(wlan0): SP Packet(0x0806) rate=0x4 SeqNum = 2993
06-11 20:36:08.434 E/[  199.586778@0]  [drm(    0): vpu_pipeline_check_finish_reg [aml_drm]] *ERROR* request drm_rdma_dt_cnt [4006] current [4005]
06-11 20:36:08.516 F/linker  ( 4579): CANNOT LINK EXECUTABLE "/system/bin/smartcable/smartCableSTBApp": library "libmosquitto.so" not found: needed by main executable
06-11 20:36:10.805 W/[  201.954418@3]  RTW(    0): fill_default_txdesc(wlan0): SP Packet(0x0806) rate=0x4 SeqNum = 3002
06-11 20:36:13.519 F/linker  ( 4588): CANNOT LINK EXECUTABLE "/system/bin/smartcable/smartCableSTBApp": library "libmosquitto.so" not found: needed by main executable
06-11 20:36:14.739 E/[  205.893100@0]  [drm(    0): vpu_pipeline_check_finish_reg [aml_drm]] *ERROR* request drm_rdma_dt_cnt [4163] current [4162]
06-11 20:36:15.902 W/[  207.053974@3]  RTW(    0): fill_default_txdesc(wlan0): SP Packet(0x0806) rate=0x4 SeqNum = 3010
06-11 20:36:16.942 W/[  208.092737@3]  RTW(    0): fill_default_txdesc(wlan0): SP Packet(0x0806) rate=0x4 SeqNum = 3015
06-11 20:36:18.521 F/linker  ( 4603): CANNOT LINK EXECUTABLE "/system/bin/smartcable/smartCableSTBApp": library "libmosquitto.so" not found: needed by main executable
06-11 20:36:21.010 W/[  212.164063@0]  RTW(    0): fill_default_txdesc(wlan0): SP Packet(0x0806) rate=0x4 SeqNum = 3030
06-11 20:36:22.798 W/[  213.949436@0]  RTW(    0): Turbo EDCA =0xa42b
06-11 20:36:23.527 F/linker  ( 4624): CANNOT LINK EXECUTABLE "/system/bin/smartcable/smartCableSTBApp": library "libmosquitto.so" not found: needed by main executable
06-11 20:36:26.110 W/[  217.263782@0]  RTW(    0): fill_default_txdesc(wlan0): SP Packet(0x0806) rate=0x4 SeqNum = 104
06-11 20:36:26.830 W/[  217.980698@1]  RTW(    0): Turbo EDCA =0x5ea42b
06-11 20:36:28.536 F/linker  ( 4643): CANNOT LINK EXECUTABLE "/system/bin/smartcable/smartCableSTBApp": library "libmosquitto.so" not found: needed by main executable
06-11 20:36:31.210 W/[  222.364404@0]  RTW(    0): fill_default_txdesc(wlan0): SP Packet(0x0806) rate=0x4 SeqNum = 110
06-11 20:36:33.543 F/linker  ( 4653): CANNOT LINK EXECUTABLE "/system/bin/smartcable/smartCableSTBApp": library "libmosquitto.so" not found: needed by main executable
06-11 20:36:36.330 W/[  227.483538@1]  RTW(    0): fill_default_txdesc(wlan0): SP Packet(0x0806) rate=0x4 SeqNum = 127
06-11 20:36:38.542 F/linker  ( 4666): CANNOT LINK EXECUTABLE "/system/bin/smartcable/smartCableSTBApp": library "libmosquitto.so" not found: needed by main executable
06-11 20:36:40.943 W/[  232.095991@3]  RTW(    0): fill_default_txdesc(wlan0): SP Packet(0x0806) rate=0x4 SeqNum = 133
06-11 20:36:41.818 E/[  232.970183@0]  [drm(    0): vpu_pipeline_check_finish_reg [aml_drm]] *ERROR* request drm_rdma_dt_cnt [4835] current [4834]
06-11 20:36:42.890 W/[  234.040662@1]  audit(    0): audit_lost=183 audit_rate_limit=5 audit_backlog_limit=64
06-11 20:36:42.890 E/[  234.040671@1]  audit(    0): rate limit exceeded
06-11 20:36:43.549 F/linker  ( 4679): CANNOT LINK EXECUTABLE "/system/bin/smartcable/smartCableSTBApp": library "libmosquitto.so" not found: needed by main executable
06-11 20:36:46.622 W/[  237.774294@2]  RTW(    0): fill_default_txdesc(wlan0): SP Packet(0x0806) rate=0x4 SeqNum = 175
06-11 20:36:47.759 W/[  238.911595@3]  RTW(    0): cfg80211_rtw_scan(wlan0)
06-11 20:36:47.759 W/[  238.911616@3]  RTW(    0): cfg80211_rtw_scan (wlan0) tx:9, rx:10, bi:19 kbps, disallow(0)
06-11 20:36:47.762 W/[  238.914465@3]  RTW(    0): [HW_VAR_CHECK_TXBUF] Empty in 0 ms
06-11 20:36:47.762 W/[  238.914543@3]  RTW(    0): wlan0 sleep m0=0x00000003, ori reg_0x4d4=0x00000000
06-11 20:36:48.553 F/linker  ( 4702): CANNOT LINK EXECUTABLE "/system/bin/smartcable/smartCableSTBApp": library "libmosquitto.so" not found: needed by main executable
06-11 20:36:48.778 W/[  239.929116@1]  RTW(    0): LeaveAllPowerSaveModeDirect.....
06-11 20:36:48.778 W/[  239.929139@1]  RTW(    0): LeaveAllPowerSaveModeDirect: Driver Already Leave LPS
06-11 20:36:48.778 W/[  239.929155@1]  RTW(    0): rtw_hal_set_macaddr_port wlan0- hw port(0) mac_addr =a8:71:16:66:28:c6
06-11 20:36:48.778 W/[  239.929765@1]  RTW(    0): wlan0- hw port(0) mac_addr =a8:71:16:66:28:c6
06-11 20:36:48.778 W/[  239.929923@1]  RTW(    0): p2p0- hw port(1) mac_addr =aa:71:16:66:28:c6
06-11 20:36:48.782 W/[  239.934099@1]  RTW(    0): wlan0 wakeup m0=0x00000003, ori reg_0x4d4=0x00000003
06-11 20:36:48.782 W/[  239.934857@1]  RTW(    0): survey done event(47) band:0 for wlan0
06-11 20:36:48.782 W/        (    0): [  239.934880@1]  ========== ACS (VER-3) ==========
06-11 20:36:48.782 W/        (    0): [  239.934883@1]  Best 24G Channel:2
06-11 20:36:48.782 W/        (    0): [  239.934886@1]  Best 5G Channel:48
06-11 20:36:48.782 W/        (    0): [  239.934886@1]
06-11 20:36:48.782 W/[  239.934987@1]  RTW(    0): rtw_indicate_scan_done(wlan0)
06-11 20:36:50.098 W/[  241.250316@2]  audit(    0): audit_lost=186 audit_rate_limit=5 audit_backlog_limit=64
06-11 20:36:50.098 E/[  241.250323@2]  audit(    0): rate limit exceeded
06-11 20:36:50.730 W/[  241.883522@2]  RTW(    0): fill_default_txdesc(wlan0): SP Packet(0x0806) rate=0x4 SeqNum = 181
06-11 20:36:53.560 F/linker  ( 4711): CANNOT LINK EXECUTABLE "/system/bin/smartcable/smartCableSTBApp": library "libmosquitto.so" not found: needed by main executable
06-11 20:36:55.843 W/[  246.994478@2]  RTW(    0): fill_default_txdesc(wlan0): SP Packet(0x0806) rate=0x4 SeqNum = 191
06-11 20:36:58.565 F/linker  ( 4728): CANNOT LINK EXECUTABLE "/system/bin/smartcable/smartCableSTBApp": library "libmosquitto.so" not found: needed by main executable
06-11 20:37:00.982 W/[  252.133859@2]  RTW(    0): fill_default_txdesc(wlan0): SP Packet(0x0806) rate=0x4 SeqNum = 204
06-11 20:37:03.567 F/linker  ( 4770): CANNOT LINK EXECUTABLE "/system/bin/smartcable/smartCableSTBApp": library "libmosquitto.so" not found: needed by main executable
06-11 20:37:05.982 W/[  257.136433@1]  RTW(    0): fill_default_txdesc(wlan0): SP Packet(0x0806) rate=0x4 SeqNum = 220
06-11 20:37:08.575 F/linker  ( 4839): CANNOT LINK EXECUTABLE "/system/bin/smartcable/smartCableSTBApp": library "libmosquitto.so" not found: needed by main executable
06-11 20:37:11.222 W/[  262.374225@0]  RTW(    0): fill_default_txdesc(wlan0): SP Packet(0x0806) rate=0x4 SeqNum = 231
06-11 20:37:13.601 F/linker  ( 4924): CANNOT LINK EXECUTABLE "/system/bin/smartcable/smartCableSTBApp": library "libmosquitto.so" not found: needed by main executable
06-11 20:37:14.028 W/[  265.177050@0]  RTW(    0): cfg80211_rtw_set_power_mgmt(wlan0) enabled:0, timeout:-1
06-11 20:37:14.797 W/[  265.948724@2]  RTW(    0): fill_default_txdesc(wlan0): SP Packet(0x0806) rate=0x4 SeqNum = 239
06-11 20:37:15.814 W/[  266.967983@2]  RTW(    0): fill_default_txdesc(wlan0): SP Packet(0x0806) rate=0x4 SeqNum = 242
06-11 20:37:17.230 W/[  268.380710@3]  RTW(    0): Turbo EDCA =0xa42b
06-11 20:37:18.585 F/linker  ( 5028): CANNOT LINK EXECUTABLE "/system/bin/smartcable/smartCableSTBApp": library "libmosquitto.so" not found: needed by main executable
06-11 20:37:21.482 W/[  272.634491@1]  RTW(    0): fill_default_txdesc(wlan0): SP Packet(0x0806) rate=0x4 SeqNum = 2881
06-11 20:37:23.589 F/linker  ( 5095): CANNOT LINK EXECUTABLE "/system/bin/smartcable/smartCableSTBApp": library "libmosquitto.so" not found: needed by main executable
06-11 20:37:25.163 W/[  276.315974@2]  RTW(    0): cfg80211_rtw_set_power_mgmt(wlan0) enabled:1, timeout:-1
06-11 20:37:25.198 W/[  276.349809@1]  RTW(    0): cfg80211_rtw_set_power_mgmt(wlan0) enabled:0, timeout:-1
06-11 20:37:25.498 W/[  276.649368@3]  RTW(    0): cfg80211_rtw_set_power_mgmt(wlan0) enabled:1, timeout:-1
06-11 20:37:25.506 W/[  276.657465@3]  RTW(    0): cfg80211_rtw_set_power_mgmt(wlan0) enabled:0, timeout:-1
06-11 20:37:25.810 W/[  276.963572@1]  RTW(    0): cfg80211_rtw_set_power_mgmt(wlan0) enabled:1, timeout:-1
06-11 20:37:25.827 W/[  276.972220@1]  RTW(    0): cfg80211_rtw_set_power_mgmt(wlan0) enabled:0, timeout:-1
06-11 20:37:26.118 W/[  277.269646@1]  RTW(    0): cfg80211_rtw_set_power_mgmt(wlan0) enabled:1, timeout:-1
06-11 20:37:26.126 W/[  277.280275@2]  RTW(    0): cfg80211_rtw_set_power_mgmt(wlan0) enabled:0, timeout:-1
06-11 20:37:26.426 W/[  277.577314@0]  RTW(    0): cfg80211_rtw_set_power_mgmt(wlan0) enabled:1, timeout:-1
06-11 20:37:26.434 W/[  277.588309@0]  RTW(    0): cfg80211_rtw_set_power_mgmt(wlan0) enabled:0, timeout:-1
06-11 20:37:26.578 W/[  277.730562@1]  RTW(    0): fill_default_txdesc(wlan0): SP Packet(0x0806) rate=0x4 SeqNum = 238
06-11 20:37:26.738 W/[  277.889694@1]  RTW(    0): cfg80211_rtw_set_power_mgmt(wlan0) enabled:1, timeout:-1
06-11 20:37:26.746 W/[  277.897770@2]  RTW(    0): cfg80211_rtw_set_power_mgmt(wlan0) enabled:0, timeout:-1
06-11 20:37:27.050 W/[  278.201888@2]  RTW(    0): cfg80211_rtw_set_power_mgmt(wlan0) enabled:1, timeout:-1
06-11 20:37:27.308 W/[  278.460703@0]  RTW(    0): Turbo EDCA =0x5ea42b
06-11 20:37:28.593 F/linker  ( 5115): CANNOT LINK EXECUTABLE "/system/bin/smartcable/smartCableSTBApp": library "libmosquitto.so" not found: needed by main executable
06-11 20:37:29.326 W/[  280.476749@0]  RTW(    0): Turbo EDCA =0xa42b
06-11 20:37:30.670 W/[  281.824277@1]  RTW(    0): fill_default_txdesc(wlan0): SP Packet(0x0806) rate=0x4 SeqNum = 453
06-11 20:37:33.358 W/[  284.508700@0]  RTW(    0): Turbo EDCA =0x5ea42b
06-11 20:37:33.591 F/linker  ( 5132): CANNOT LINK EXECUTABLE "/system/bin/smartcable/smartCableSTBApp": library "libmosquitto.so" not found: needed by main executable
06-11 20:37:35.791 W/[  286.944290@1]  RTW(    0): fill_default_txdesc(wlan0): SP Packet(0x0806) rate=0x4 SeqNum = 919
06-11 20:37:37.387 W/[  288.540954@1]  RTW(    0): Turbo EDCA =0xa42b
06-11 20:37:38.600 F/linker  ( 5143): CANNOT LINK EXECUTABLE "/system/bin/smartcable/smartCableSTBApp": library "libmosquitto.so" not found: needed by main executable
06-11 20:37:40.890 W/[  292.044127@3]  RTW(    0): fill_default_txdesc(wlan0): SP Packet(0x0806) rate=0x4 SeqNum = 4045
06-11 20:37:41.422 W/[  292.572775@0]  RTW(    0): Turbo EDCA =0x5ea42b
06-11 20:37:42.889 W/[  294.042778@1]  audit(    0): audit_lost=305 audit_rate_limit=5 audit_backlog_limit=64
06-11 20:37:42.889 E/[  294.042789@1]  audit(    0): rate limit exceeded
06-11 20:37:43.608 F/linker  ( 5166): CANNOT LINK EXECUTABLE "/system/bin/smartcable/smartCableSTBApp": library "libmosquitto.so" not found: needed by main executable
06-11 20:37:46.022 W/[  297.174008@3]  RTW(    0): fill_default_txdesc(wlan0): SP Packet(0x0806) rate=0x4 SeqNum = 8
06-11 20:37:48.616 F/linker  ( 5176): CANNOT LINK EXECUTABLE "/system/bin/smartcable/smartCableSTBApp": library "libmosquitto.so" not found: needed by main executable
06-11 20:37:51.150 W/[  302.304438@3]  RTW(    0): fill_default_txdesc(wlan0): SP Packet(0x0806) rate=0x4 SeqNum = 18
06-11 20:37:53.621 F/linker  ( 5186): CANNOT LINK EXECUTABLE "/system/bin/smartcable/smartCableSTBApp": library "libmosquitto.so" not found: needed by main executable
06-11 20:37:56.262 W/[  307.416155@3]  RTW(    0): fill_default_txdesc(wlan0): SP Packet(0x0806) rate=0x4 SeqNum = 40
06-11 20:37:58.628 F/linker  ( 5203): CANNOT LINK EXECUTABLE "/system/bin/smartcable/smartCableSTBApp": library "libmosquitto.so" not found: needed by main executable
06-11 20:38:01.190 W/[  312.340718@0]  RTW(    0): fill_default_txdesc(wlan0): SP Packet(0x0806) rate=0x4 SeqNum = 53
06-11 20:38:03.635 F/linker  ( 5212): CANNOT LINK EXECUTABLE "/system/bin/smartcable/smartCableSTBApp": library "libmosquitto.so" not found: needed by main executable
06-11 20:38:06.494 W/[  317.648110@0]  RTW(    0): fill_default_txdesc(wlan0): SP Packet(0x0806) rate=0x4 SeqNum = 64
06-11 20:38:08.637 F/linker  ( 5226): CANNOT LINK EXECUTABLE "/system/bin/smartcable/smartCableSTBApp": library "libmosquitto.so" not found: needed by main executable
06-11 20:38:11.110 W/[  322.263251@1]  RTW(    0): fill_default_txdesc(wlan0): SP Packet(0x0806) rate=0x4 SeqNum = 84
06-11 20:38:13.642 F/linker  ( 5239): CANNOT LINK EXECUTABLE "/system/bin/smartcable/smartCableSTBApp": library "libmosquitto.so" not found: needed by main executable
06-11 20:38:15.690 W/[  326.844430@1]  RTW(    0): fill_default_txdesc(wlan0): SP Packet(0x0806) rate=0x4 SeqNum = 95
06-11 20:38:18.654 F/linker  ( 5253): CANNOT LINK EXECUTABLE "/system/bin/smartcable/smartCableSTBApp": library "libmosquitto.so" not found: needed by main executable
06-11 20:38:20.794 W/[  331.945671@1]  RTW(    0): fill_default_txdesc(wlan0): SP Packet(0x0806) rate=0x4 SeqNum = 109
06-11 20:38:23.655 F/linker  ( 5267): CANNOT LINK EXECUTABLE "/system/bin/smartcable/smartCableSTBApp": library "libmosquitto.so" not found: needed by main executable
06-11 20:38:25.931 W/[  337.084367@1]  RTW(    0): fill_default_txdesc(wlan0): SP Packet(0x0806) rate=0x4 SeqNum = 258
06-11 20:38:28.665 F/linker  ( 5284): CANNOT LINK EXECUTABLE "/system/bin/smartcable/smartCableSTBApp": library "libmosquitto.so" not found: needed by main executable
06-11 20:38:31.030 W/[  342.183956@1]  RTW(    0): fill_default_txdesc(wlan0): SP Packet(0x0806) rate=0x4 SeqNum = 371
06-11 20:38:33.666 F/linker  ( 5296): CANNOT LINK EXECUTABLE "/system/bin/smartcable/smartCableSTBApp": library "libmosquitto.so" not found: needed by main executable
06-11 20:38:36.206 W/[  347.360458@1]  RTW(    0): fill_default_txdesc(wlan0): SP Packet(0x0806) rate=0x4 SeqNum = 404
06-11 20:38:38.674 F/linker  ( 5309): CANNOT LINK EXECUTABLE "/system/bin/smartcable/smartCableSTBApp": library "libmosquitto.so" not found: needed by main executable
06-11 20:38:41.330 W/[  352.484474@1]  RTW(    0): fill_default_txdesc(wlan0): SP Packet(0x0806) rate=0x4 SeqNum = 426
06-11 20:38:42.646 W/[  353.797695@3]  audit(    0): audit_lost=308 audit_rate_limit=5 audit_backlog_limit=64
06-11 20:38:42.646 E/[  353.797705@3]  audit(    0): rate limit exceeded
06-11 20:38:43.686 F/linker  ( 5319): CANNOT LINK EXECUTABLE "/system/bin/smartcable/smartCableSTBApp": library "libmosquitto.so" not found: needed by main executable
06-11 20:38:46.450 W/[  357.604216@0]  RTW(    0): fill_default_txdesc(wlan0): SP Packet(0x0806) rate=0x4 SeqNum = 484
06-11 20:38:48.687 F/linker  ( 5334): CANNOT LINK EXECUTABLE "/system/bin/smartcable/smartCableSTBApp": library "libmosquitto.so" not found: needed by main executable
06-11 20:38:50.098 W/[  361.250162@3]  audit(    0): audit_lost=311 audit_rate_limit=5 audit_backlog_limit=64
06-11 20:38:50.098 E/[  361.250169@3]  audit(    0): rate limit exceeded
06-11 20:38:51.258 W/[  362.410461@1]  RTW(    0): fill_default_txdesc(wlan0): SP Packet(0x0806) rate=0x4 SeqNum = 501
06-11 20:38:53.688 F/linker  ( 5344): CANNOT LINK EXECUTABLE "/system/bin/smartcable/smartCableSTBApp": library "libmosquitto.so" not found: needed by main executable
06-11 20:38:55.690 W/[  366.844453@0]  RTW(    0): fill_default_txdesc(wlan0): SP Packet(0x0806) rate=0x4 SeqNum = 514
06-11 20:38:58.698 F/linker  ( 5354): CANNOT LINK EXECUTABLE "/system/bin/smartcable/smartCableSTBApp": library "libmosquitto.so" not found: needed by main executable
06-11 20:39:00.838 W/[  371.990076@1]  RTW(    0): fill_default_txdesc(wlan0): SP Packet(0x0806) rate=0x4 SeqNum = 531
06-11 20:39:03.706 F/linker  ( 5370): CANNOT LINK EXECUTABLE "/system/bin/smartcable/smartCableSTBApp": library "libmosquitto.so" not found: needed by main executable
06-11 20:39:05.906 W/[  377.056725@0]  RTW(    0): fill_default_txdesc(wlan0): SP Packet(0x0806) rate=0x4 SeqNum = 544
06-11 20:39:08.710 F/linker  ( 5379): CANNOT LINK EXECUTABLE "/system/bin/smartcable/smartCableSTBApp": library "libmosquitto.so" not found: needed by main executable
06-11 20:39:11.022 W/[  382.173936@0]  RTW(    0): fill_default_txdesc(wlan0): SP Packet(0x0806) rate=0x4 SeqNum = 554
06-11 20:39:13.711 F/linker  ( 5394): CANNOT LINK EXECUTABLE "/system/bin/smartcable/smartCableSTBApp": library "libmosquitto.so" not found: needed by main executable
06-11 20:39:16.146 W/[  387.297292@0]  RTW(    0): fill_default_txdesc(wlan0): SP Packet(0x0806) rate=0x4 SeqNum = 577
06-11 20:39:18.720 F/linker  ( 5403): CANNOT LINK EXECUTABLE "/system/bin/smartcable/smartCableSTBApp": library "libmosquitto.so" not found: needed by main executable
06-11 20:39:21.434 W/[  392.585285@1]  RTW(    0): fill_default_txdesc(wlan0): SP Packet(0x0806) rate=0x4 SeqNum = 586
06-11 20:39:23.721 F/linker  ( 5421): CANNOT LINK EXECUTABLE "/system/bin/smartcable/smartCableSTBApp": library "libmosquitto.so" not found: needed by main executable
06-11 20:39:26.566 W/[  397.717811@0]  RTW(    0): fill_default_txdesc(wlan0): SP Packet(0x0806) rate=0x4 SeqNum = 610
06-11 20:39:28.733 F/linker  ( 5431): CANNOT LINK EXECUTABLE "/system/bin/smartcable/smartCableSTBApp": library "libmosquitto.so" not found: needed by main executable
06-11 20:39:31.662 W/[  402.816530@1]  RTW(    0): fill_default_txdesc(wlan0): SP Packet(0x0806) rate=0x4 SeqNum = 635
06-11 20:39:33.737 F/linker  ( 5446): CANNOT LINK EXECUTABLE "/system/bin/smartcable/smartCableSTBApp": library "libmosquitto.so" not found: needed by main executable
06-11 20:39:36.818 W/[  407.970546@1]  RTW(    0): fill_default_txdesc(wlan0): SP Packet(0x0806) rate=0x4 SeqNum = 650
06-11 20:39:38.746 F/linker  ( 5455): CANNOT LINK EXECUTABLE "/system/bin/smartcable/smartCableSTBApp": library "libmosquitto.so" not found: needed by main executable
06-11 20:39:41.878 W/[  413.030302@1]  RTW(    0): fill_default_txdesc(wlan0): SP Packet(0x0806) rate=0x4 SeqNum = 669
06-11 20:39:42.894 W/[  414.046207@0]  audit(    0): audit_lost=430 audit_rate_limit=5 audit_backlog_limit=64
06-11 20:39:42.894 E/[  414.046218@0]  audit(    0): rate limit exceeded
06-11 20:39:43.748 F/linker  ( 5469): CANNOT LINK EXECUTABLE "/system/bin/smartcable/smartCableSTBApp": library "libmosquitto.so" not found: needed by main executable
06-11 20:39:46.762 W/[  417.915829@0]  RTW(    0): fill_default_txdesc(wlan0): SP Packet(0x0806) rate=0x4 SeqNum = 708
06-11 20:39:48.754 F/linker  ( 5478): CANNOT LINK EXECUTABLE "/system/bin/smartcable/smartCableSTBApp": library "libmosquitto.so" not found: needed by main executable
06-11 20:39:51.934 W/[  423.087632@0]  RTW(    0): fill_default_txdesc(wlan0): SP Packet(0x0806) rate=0x4 SeqNum = 715
06-11 20:39:53.758 F/linker  ( 5487): CANNOT LINK EXECUTABLE "/system/bin/smartcable/smartCableSTBApp": library "libmosquitto.so" not found: needed by main executable
06-11 20:39:57.106 W/[  428.259667@0]  RTW(    0): fill_default_txdesc(wlan0): SP Packet(0x0806) rate=0x4 SeqNum = 724
06-11 20:39:58.763 F/linker  ( 5502): CANNOT LINK EXECUTABLE "/system/bin/smartcable/smartCableSTBApp": library "libmosquitto.so" not found: needed by main executable
06-11 20:40:01.822 W/[  432.976039@1]  RTW(    0): fill_default_txdesc(wlan0): SP Packet(0x0806) rate=0x4 SeqNum = 751
06-11 20:40:03.767 F/linker  ( 5514): CANNOT LINK EXECUTABLE "/system/bin/smartcable/smartCableSTBApp": library "libmosquitto.so" not found: needed by main executable
06-11 20:40:07.246 W/[  438.398697@1]  RTW(    0): fill_default_txdesc(wlan0): SP Packet(0x0806) rate=0x4 SeqNum = 763
06-11 20:40:08.776 F/linker  ( 5527): CANNOT LINK EXECUTABLE "/system/bin/smartcable/smartCableSTBApp": library "libmosquitto.so" not found: needed by main executable
06-11 20:40:12.590 W/[  443.741157@1]  RTW(    0): fill_default_txdesc(wlan0): SP Packet(0x0806) rate=0x4 SeqNum = 773
06-11 20:40:13.780 F/linker  ( 5536): CANNOT LINK EXECUTABLE "/system/bin/smartcable/smartCableSTBApp": library "libmosquitto.so" not found: needed by main executable
06-11 20:40:14.678 W/[  445.831984@0]  RTW(    0): cfg80211_rtw_scan(wlan0)
06-11 20:40:14.678 W/[  445.832006@0]  RTW(    0): cfg80211_rtw_scan (wlan0) tx:1, rx:0, bi:1 kbps, disallow(0)
06-11 20:40:14.682 W/[  445.835472@3]  RTW(    0): [HW_VAR_CHECK_TXBUF] Empty in 0 ms
06-11 20:40:14.682 W/[  445.835557@3]  RTW(    0): wlan0 sleep m0=0x00000003, ori reg_0x4d4=0x00000000
06-11 20:40:15.682 W/[  446.832745@1]  RTW(    0): LeaveAllPowerSaveModeDirect.....
06-11 20:40:15.683 W/[  446.832758@1]  RTW(    0): LeaveAllPowerSaveModeDirect: Driver Already Leave LPS
06-11 20:40:15.683 W/[  446.832765@1]  RTW(    0): rtw_hal_set_macaddr_port wlan0- hw port(0) mac_addr =a8:71:16:66:28:c6
06-11 20:40:15.683 W/[  446.832885@1]  RTW(    0): wlan0- hw port(0) mac_addr =a8:71:16:66:28:c6
06-11 20:40:15.683 W/[  446.832938@1]  RTW(    0): p2p0- hw port(1) mac_addr =aa:71:16:66:28:c6
06-11 20:40:15.686 W/[  446.838190@1]  RTW(    0): wlan0 wakeup m0=0x00000003, ori reg_0x4d4=0x00000003
06-11 20:40:15.687 W/[  446.839050@2]  RTW(    0): survey done event(55) band:0 for wlan0
06-11 20:40:15.687 W/        (    0): [  446.839078@2]  ========== ACS (VER-3) ==========
06-11 20:40:15.687 W/        (    0): [  446.839086@2]  Best 24G Channel:2
06-11 20:40:15.687 W/        (    0): [  446.839094@2]  Best 5G Channel:48
06-11 20:40:15.687 W/        (    0): [  446.839094@2]
06-11 20:40:15.687 W/[  446.839245@2]  RTW(    0): rtw_indicate_scan_done(wlan0)
06-11 20:40:17.682 W/[  448.835325@1]  RTW(    0): fill_default_txdesc(wlan0): SP Packet(0x0806) rate=0x4 SeqNum = 784
06-11 20:40:18.787 F/linker  ( 5558): CANNOT LINK EXECUTABLE "/system/bin/smartcable/smartCableSTBApp": library "libmosquitto.so" not found: needed by main executable
06-11 20:40:22.734 W/[  453.885546@1]  RTW(    0): fill_default_txdesc(wlan0): SP Packet(0x0806) rate=0x4 SeqNum = 794
06-11 20:40:23.795 F/linker  ( 5572): CANNOT LINK EXECUTABLE "/system/bin/smartcable/smartCableSTBApp": library "libmosquitto.so" not found: needed by main executable
06-11 20:40:27.962 W/[  459.116048@0]  RTW(    0): fill_default_txdesc(wlan0): SP Packet(0x0806) rate=0x4 SeqNum = 891
