06-11 22:52:20.787 D/ReflectedParamUpdater(18100): extent() != 1 for single value type: input.buffers.allocator-ids.values
06-11 22:52:20.787 D/ReflectedParamUpdater(18100): extent() != 1 for single value type: output.buffers.allocator-ids.values
06-11 22:52:20.788 D/ReflectedParamUpdater(18100): extent() != 1 for single value type: algo.buffers.allocator-ids.values
06-11 22:52:20.788 D/ReflectedParamUpdater(18100): extent() != 1 for single value type: output.buffers.pool-ids.values
06-11 22:52:20.788 D/ReflectedParamUpdater(18100): extent() != 1 for single value type: algo.buffers.pool-ids.values
06-11 22:52:20.790 I/CCodecConfig(18100): query failed after returning 7 values (BAD_INDEX)
06-11 22:52:20.790 D/CCodecConfig(18100): c2 config diff is Dict {
06-11 22:52:20.790 D/CCodecConfig(18100):   c2::u32 coded.bitrate.value = 64000
06-11 22:52:20.790 D/CCodecConfig(18100):   c2::u32 input.buffers.max-size.value = 32768
06-11 22:52:20.790 D/CCodecConfig(18100):   c2::u32 input.delay.value = 0
06-11 22:52:20.790 D/CCodecConfig(18100):   string input.media-type.value = "audio/vorbis"
06-11 22:52:20.790 D/CCodecConfig(18100):   string output.media-type.value = "audio/raw"
06-11 22:52:20.790 D/CCodecConfig(18100):   c2::u32 raw.channel-count.value = 1
06-11 22:52:20.790 D/CCodecConfig(18100):   c2::u32 raw.sample-rate.value = 48000
06-11 22:52:20.790 D/CCodecConfig(18100): }
06-11 22:52:20.792 D/CCodec  (18100): [c2.android.vorbis.decoder] buffers are bound to CCodec for this session
06-11 22:52:20.792 D/CCodecConfig(18100): no c2 equivalents for durationUs
06-11 22:52:20.792 D/CCodecConfig(18100): no c2 equivalents for track-id
06-11 22:52:20.792 D/CCodecConfig(18100): no c2 equivalents for csd-1
06-11 22:52:20.792 D/CCodecConfig(18100): no c2 equivalents for channel-mask
06-11 22:52:20.792 D/CCodecConfig(18100): no c2 equivalents for flags
06-11 22:52:20.793 D/CCodecConfig(18100): c2 config diff is   c2::u32 raw.sample-rate.value = 16000
06-11 22:52:20.794 W/Codec2Client(18100): query -- param skipped: index = 1107298332.
06-11 22:52:20.795 D/CCodec  (18100): setup formats input: AMessage(what = 0x00000000) = {
06-11 22:52:20.795 D/CCodec  (18100):   int32_t channel-count = 1
06-11 22:52:20.795 D/CCodec  (18100):   int32_t max-input-size = 32768
06-11 22:52:20.795 D/CCodec  (18100):   string mime = "audio/vorbis"
06-11 22:52:20.795 D/CCodec  (18100):   int32_t sample-rate = 16000
06-11 22:52:20.795 D/CCodec  (18100): } and output: AMessage(what = 0x00000000) = {
06-11 22:52:20.795 D/CCodec  (18100):   int32_t channel-count = 1
06-11 22:52:20.795 D/CCodec  (18100):   string mime = "audio/raw"
06-11 22:52:20.795 D/CCodec  (18100):   int32_t sample-rate = 16000
06-11 22:52:20.795 D/CCodec  (18100):   int32_t channel-mask = 1
06-11 22:52:20.795 D/CCodec  (18100): }
06-11 22:52:20.795 D/CCodec  (18100): allocate(c2.android.vorbis.decoder)
06-11 22:52:20.798 W/Codec2Client(18100): query -- param skipped: index = 1342179345.
06-11 22:52:20.798 W/Codec2Client(18100): query -- param skipped: index = 2415921170.
06-11 22:52:20.799 I/CCodec  (18100): Created component [c2.android.vorbis.decoder]
06-11 22:52:20.799 E/FMQ     (18100): grantorIdx must be less than 3
06-11 22:52:20.799 E/FMQ     (18100): grantorIdx must be less than 3
06-11 22:52:20.800 D/CCodecBufferChannel(18100): [c2.android.vorbis.decoder#657] Created input block pool with allocatorID 16 => poolID 18 - OK (0)
06-11 22:52:20.801 D/BufferPoolAccessor2.0(  477): bufferpool2 0xf7965b98 : 0(0 size) total buffers - 0(0 size) used buffers - 104/109 (recycle/alloc) - 5/109 (fetch/transfer)
06-11 22:52:20.801 D/BufferPoolAccessor2.0(  477): Destruction - bufferpool2 0xf7965b98 cached: 0/0M, 0/0% in use; allocs: 109, 95% recycled; transfers: 109, 95% unfetched
06-11 22:52:20.801 E/FMQ     (  477): grantorIdx must be less than 3
06-11 22:52:20.802 E/FMQ     (  477): grantorIdx must be less than 3
06-11 22:52:20.802 D/BufferPoolAccessor2.0(18100): bufferpool2 0xf02a5918 : 0(0 size) total buffers - 0(0 size) used buffers - 0/5 (recycle/alloc) - 4/216 (fetch/transfer)
06-11 22:52:20.843 E/[ 8371.995701@0]  selinux(    0): SELinux:  Could not stat /sys/kernel/dmabuf/buffers/1599302/attachments: No such file or directory.
06-11 22:52:20.802 D/BufferPoolAccessor2.0(18100): Destruction - bufferpool2 0xf02a5918 cached: 0/0M, 0/0% in use; allocs: 5, 0% recycled; transfers: 216, 98% unfetched
06-11 22:52:20.803 D/CCodecConfig(18100): read media type: audio/vorbis
06-11 22:52:20.855 E/[ 8371.995721@0]  selinux(    0):  
06-11 22:52:20.803 I/CCodecBufferChannel(18100): [c2.android.vorbis.decoder#657] Created output block pool with allocatorID 16 => poolID 145 - OK
06-11 22:52:20.804 D/CCodecBufferChannel(18100): [c2.android.vorbis.decoder#657] Configured output block pool ids 145 => OK
06-11 22:52:20.807 D/stbdpc  (  397): STB_DPGetNumPaths[570]: num_paths: 1
06-11 22:52:20.810 D/SimpleC2Component(  477): Using output block pool with poolID 145 => got 145 - 0
06-11 22:52:20.813 D/ReflectedParamUpdater(18100): extent() != 1 for single value type: algo.buffers.max-count.values
06-11 22:52:20.813 E/FMQ     (18100): grantorIdx must be less than 3
06-11 22:52:20.813 E/FMQ     (  477): grantorIdx must be less than 3
06-11 22:52:20.814 D/ReflectedParamUpdater(18100): extent() != 1 for single value type: output.subscribed-indices.values
06-11 22:52:20.814 D/ReflectedParamUpdater(18100): extent() != 1 for single value type: input.buffers.allocator-ids.values
06-11 22:52:20.814 D/ReflectedParamUpdater(18100): extent() != 1 for single value type: output.buffers.allocator-ids.values
06-11 22:52:20.815 D/ReflectedParamUpdater(18100): extent() != 1 for single value type: algo.buffers.allocator-ids.values
06-11 22:52:20.815 D/ReflectedParamUpdater(18100): extent() != 1 for single value type: output.buffers.pool-ids.values
06-11 22:52:20.815 D/ReflectedParamUpdater(18100): extent() != 1 for single value type: algo.buffers.pool-ids.values
06-11 22:52:20.818 I/CCodecConfig(18100): query failed after returning 7 values (BAD_INDEX)
06-11 22:52:20.818 D/CCodecConfig(18100): c2 config diff is Dict {
06-11 22:52:20.818 D/CCodecConfig(18100):   c2::u32 coded.bitrate.value = 64000
06-11 22:52:20.818 D/CCodecConfig(18100):   c2::u32 input.buffers.max-size.value = 32768
06-11 22:52:20.818 D/CCodecConfig(18100):   c2::u32 input.delay.value = 0
06-11 22:52:20.818 D/CCodecConfig(18100):   string input.media-type.value = "audio/vorbis"
06-11 22:52:20.818 D/CCodecConfig(18100):   string output.media-type.value = "audio/raw"
06-11 22:52:20.818 D/CCodecConfig(18100):   c2::u32 raw.channel-count.value = 1
06-11 22:52:20.818 D/CCodecConfig(18100):   c2::u32 raw.sample-rate.value = 48000
06-11 22:52:20.818 D/CCodecConfig(18100): }
06-11 22:52:20.823 D/CCodec  (18100): [c2.android.vorbis.decoder] buffers are bound to CCodec for this session
06-11 22:52:20.823 D/CCodecConfig(18100): no c2 equivalents for durationUs
06-11 22:52:20.823 D/CCodecConfig(18100): no c2 equivalents for track-id
06-11 22:52:20.823 D/CCodecConfig(18100): no c2 equivalents for csd-1
06-11 22:52:20.823 D/CCodecConfig(18100): no c2 equivalents for channel-mask
06-11 22:52:20.823 D/CCodecConfig(18100): no c2 equivalents for flags
06-11 22:52:20.825 D/CCodecConfig(18100): c2 config diff is   c2::u32 raw.sample-rate.value = 16000
06-11 22:52:20.828 W/Codec2Client(18100): query -- param skipped: index = 1107298332.
06-11 22:52:20.829 D/CCodec  (18100): setup formats input: AMessage(what = 0x00000000) = {
06-11 22:52:20.829 D/CCodec  (18100):   int32_t channel-count = 1
06-11 22:52:20.829 D/CCodec  (18100):   int32_t max-input-size = 32768
06-11 22:52:20.829 D/CCodec  (18100):   string mime = "audio/vorbis"
06-11 22:52:20.829 D/CCodec  (18100):   int32_t sample-rate = 16000
06-11 22:52:20.829 D/CCodec  (18100): } and output: AMessage(what = 0x00000000) = {
06-11 22:52:20.829 D/CCodec  (18100):   int32_t channel-count = 1
06-11 22:52:20.829 D/CCodec  (18100):   string mime = "audio/raw"
06-11 22:52:20.829 D/CCodec  (18100):   int32_t sample-rate = 16000
06-11 22:52:20.829 D/CCodec  (18100):   int32_t channel-mask = 1
06-11 22:52:20.829 D/CCodec  (18100): }
06-11 22:52:20.831 W/Codec2Client(18100): query -- param skipped: index = 1342179345.
06-11 22:52:20.831 W/Codec2Client(18100): query -- param skipped: index = 2415921170.
06-11 22:52:20.832 E/FMQ     (  477): grantorIdx must be less than 3
06-11 22:52:20.835 E/FMQ     (18100): grantorIdx must be less than 3
06-11 22:52:20.836 E/FMQ     (18100): grantorIdx must be less than 3
06-11 22:52:20.838 V/DigitalSignage(  633): Package Name: null
06-11 22:52:20.838 V/DigitalSignage(  633): Left: 0
06-11 22:52:20.838 V/DigitalSignage(  633): Right: 0
06-11 22:52:20.838 V/DigitalSignage(  633): Top: 0
06-11 22:52:20.838 V/DigitalSignage(  633): Bottom: 0
06-11 22:52:20.838 D/DigitalSignage(  633): else - Package Name :: null left : 0 right :: 0 top :: 0 bottom :: 0 dfu-right :: 1920 dfu-bottom :: 1080
06-11 22:52:20.838 E/FMQ     (18100): grantorIdx must be less than 3
06-11 22:52:20.838 D/CCodecBufferChannel(18100): [c2.android.vorbis.decoder#450] Created input block pool with allocatorID 16 => poolID 19 - OK (0)
06-11 22:52:20.840 E/FMQ     (  477): grantorIdx must be less than 3
06-11 22:52:20.840 E/FMQ     (  477): grantorIdx must be less than 3
06-11 22:52:20.841 D/CCodecBuffers(18100): [c2.android.vorbis.decoder#657:Output[N]] popFromStashAndRegister: output format changed to AMessage(what = 0x00000000) = {
06-11 22:52:20.841 D/CCodecBuffers(18100):   int32_t channel-count = 1
06-11 22:52:20.841 D/CCodecBuffers(18100):   string mime = "audio/raw"
06-11 22:52:20.841 D/CCodecBuffers(18100):   int32_t sample-rate = 16000
06-11 22:52:20.841 D/CCodecBuffers(18100):   int32_t channel-mask = 1
06-11 22:52:20.841 D/CCodecBuffers(18100): }
06-11 22:52:20.849 I/CCodecBufferChannel(18100): [c2.android.vorbis.decoder#450] Created output block pool with allocatorID 16 => poolID 146 - OK
06-11 22:52:20.850 D/CCodecBufferChannel(18100): [c2.android.vorbis.decoder#450] Configured output block pool ids 146 => OK
06-11 22:52:20.854 I/tomator2.serve(18034): Background young concurrent copying GC freed 125348(6522KB) AllocSpace objects, 27(708KB) LOS objects, 45% free, 9096KB/16MB, paused 77us total 104.284ms
06-11 22:52:20.859 D/SimpleC2Component(  477): Using output block pool with poolID 146 => got 146 - 0
06-11 22:52:20.887 E/FMQ     (18100): grantorIdx must be less than 3
06-11 22:52:20.887 E/FMQ     (  477): grantorIdx must be less than 3
06-11 22:52:20.891 D/CCodecBufferChannel(18100): [c2.android.vorbis.decoder#657] MediaCodec discarded an unknown buffer
06-11 22:52:20.891 I/chatty  (18100): uid=10072(in.startv.hotstar) identical 1 line
06-11 22:52:20.891 D/CCodecBufferChannel(18100): [c2.android.vorbis.decoder#657] MediaCodec discarded an unknown buffer
06-11 22:52:20.898 I/hw-BpHwBinder(18100): onLastStrongRef automatically unlinking death recipients
06-11 22:52:20.907 D/stbdpc  (  397): STB_DPGetNumPaths[570]: num_paths: 1
06-11 22:52:20.909 D/JioStbInactivityTimer(  926): Timer: count 24 warningTimeout:10680 timeout:10800
06-11 22:52:20.909 D/JioStbInactivityTimer(  926): isUserActive: Curr:8346611 Prev:8346611
06-11 22:52:20.910 E/FMQ     (  477): grantorIdx must be less than 3
06-11 22:52:20.917 E/FMQ     (18100): grantorIdx must be less than 3
06-11 22:52:20.924 W/APM::AudioPolicyEngine(  387): getDevicesForStrategy() unknown strategy: -1
06-11 22:52:20.924 D/CCodecBuffers(18100): [c2.android.vorbis.decoder#450:Output[N]] popFromStashAndRegister: output format changed to AMessage(what = 0x00000000) = {
06-11 22:52:20.924 D/CCodecBuffers(18100):   int32_t channel-count = 1
06-11 22:52:20.924 D/CCodecBuffers(18100):   string mime = "audio/raw"
06-11 22:52:20.924 D/CCodecBuffers(18100):   int32_t sample-rate = 16000
06-11 22:52:20.924 D/CCodecBuffers(18100):   int32_t channel-mask = 1
06-11 22:52:20.924 D/CCodecBuffers(18100): }
06-11 22:52:20.926 I/system_server(  633): oneway function results will be dropped but finished with status OK and parcel size 4
06-11 22:52:20.930 I/AmFFmpegExtractor(  447): checkInList: isw:0, m:audio/ogg, t:1, i:86021 t:0
06-11 22:52:20.930 I/AmFFmpegExtractor(  447): checkInList: isw:1, m:audio/ogg, t:1, i:86021 t:0
06-11 22:52:20.930 E/AmFFmpegExtractor(  447): codec_ctx->properties: 0
06-11 22:52:20.930 I/AmFFmpegExtractor(  447): checkSupportInList ret 1
06-11 22:52:20.944 D/CCodecBufferChannel(18100): [c2.android.vorbis.decoder#450] MediaCodec discarded an unknown buffer
06-11 22:52:20.944 I/chatty  (18100): uid=10072(in.startv.hotstar) identical 1 line
06-11 22:52:20.944 D/CCodecBufferChannel(18100): [c2.android.vorbis.decoder#450] MediaCodec discarded an unknown buffer
06-11 22:52:20.949 I/hw-BpHwBinder(18100): onLastStrongRef automatically unlinking death recipients
06-11 22:52:20.949 I/hw-BpHwBinder(  477): onLastStrongRef automatically unlinking death recipients
06-11 22:52:20.950 V/C2Store (  477): in ~ComponentModule
06-11 22:52:20.950 V/C2Store (  477): unloading dll
06-11 22:52:20.959 E/[ 8372.111644@0]  selinux(    0): SELinux: Could not get canonical path for /sys/kernel/dmabuf/buffers/1602048/attachments restorecon: No such file or directory.
06-11 22:52:20.959 E/[ 8372.111663@0]  selinux(    0):  
06-11 22:52:20.959 E/[ 8372.111847@0]  ueventd(    0): selinux_android_restorecon(/sys/kernel/dmabuf/buffers/1602048/attachments) failed: No such file or directory
06-11 22:52:20.960 I/AmFFmpegExtractor(  447): checkInList: isw:0, m:audio/ogg, t:1, i:86021 t:0
06-11 22:52:20.960 I/AmFFmpegExtractor(  447): checkInList: isw:1, m:audio/ogg, t:1, i:86021 t:0
06-11 22:52:20.961 E/AmFFmpegExtractor(  447): codec_ctx->properties: 0
06-11 22:52:20.961 I/AmFFmpegExtractor(  447): checkInList: isw:0, m:audio/ogg, t:1, i:86021 t:0
06-11 22:52:20.961 I/AmFFmpegExtractor(  447): checkInList: isw:1, m:audio/ogg, t:1, i:86021 t:0
06-11 22:52:20.961 E/AmFFmpegExtractor(  447): codec_ctx->properties: 0
06-11 22:52:20.961 I/AmFFmpegExtractor(  447): checkSupportInList ret 0
06-11 22:52:20.961 E/AmFFmpegExtractor(  447): vendor do not support
06-11 22:52:20.962 I/AmFFmpegExtractor(  447): checkSupportInList ret 1
06-11 22:52:20.968 E/Utils   (  447): did not find channel-count and/or sample-rate
06-11 22:52:20.970 I/AmAVUtils(18100): set profile 0 level:0
06-11 22:52:20.977 D/CCodec  (18100): allocate(c2.android.vorbis.decoder)
06-11 22:52:20.978 V/C2Store (  477): in init
06-11 22:52:20.978 V/C2Store (  477): loading dll
06-11 22:52:20.984 I/CCodec  (18100): Created component [c2.android.vorbis.decoder]
06-11 22:52:20.984 I/AmFFmpegExtractor(  447): checkInList: isw:0, m:audio/ogg, t:1, i:86021 t:0
06-11 22:52:20.984 I/AmFFmpegExtractor(  447): checkInList: isw:1, m:audio/ogg, t:1, i:86021 t:0
06-11 22:52:20.984 D/CCodecConfig(18100): read media type: audio/vorbis
06-11 22:52:20.984 E/AmFFmpegExtractor(  447): codec_ctx->properties: 0
06-11 22:52:20.984 I/AmFFmpegExtractor(  447): checkSupportInList ret 0
06-11 22:52:20.985 E/AmFFmpegExtractor(  447): vendor do not support
06-11 22:52:20.988 D/ReflectedParamUpdater(18100): extent() != 1 for single value type: algo.buffers.max-count.values
06-11 22:52:20.989 D/ReflectedParamUpdater(18100): extent() != 1 for single value type: output.subscribed-indices.values
06-11 22:52:20.989 D/ReflectedParamUpdater(18100): extent() != 1 for single value type: input.buffers.allocator-ids.values
06-11 22:52:20.989 D/ReflectedParamUpdater(18100): extent() != 1 for single value type: output.buffers.allocator-ids.values
06-11 22:52:20.990 D/ReflectedParamUpdater(18100): extent() != 1 for single value type: algo.buffers.allocator-ids.values
06-11 22:52:20.990 D/ReflectedParamUpdater(18100): extent() != 1 for single value type: output.buffers.pool-ids.values
06-11 22:52:20.990 D/ReflectedParamUpdater(18100): extent() != 1 for single value type: algo.buffers.pool-ids.values
06-11 22:52:20.994 I/CCodecConfig(18100): query failed after returning 7 values (BAD_INDEX)
06-11 22:52:20.995 D/CCodecConfig(18100): c2 config diff is Dict {
06-11 22:52:20.995 D/CCodecConfig(18100):   c2::u32 coded.bitrate.value = 64000
06-11 22:52:20.995 D/CCodecConfig(18100):   c2::u32 input.buffers.max-size.value = 32768
06-11 22:52:20.995 D/CCodecConfig(18100):   c2::u32 input.delay.value = 0
06-11 22:52:20.995 D/CCodecConfig(18100):   string input.media-type.value = "audio/vorbis"
06-11 22:52:20.995 D/CCodecConfig(18100):   string output.media-type.value = "audio/raw"
06-11 22:52:20.995 D/CCodecConfig(18100):   c2::u32 raw.channel-count.value = 1
06-11 22:52:20.995 D/CCodecConfig(18100):   c2::u32 raw.sample-rate.value = 48000
06-11 22:52:20.995 D/CCodecConfig(18100): }
06-11 22:52:20.995 E/Utils   (  447): did not find channel-count and/or sample-rate
06-11 22:52:20.996 D/CCodec  (18100): [c2.android.vorbis.decoder] buffers are bound to CCodec for this session
06-11 22:52:20.996 D/CCodecConfig(18100): no c2 equivalents for durationUs
06-11 22:52:20.996 D/CCodecConfig(18100): no c2 equivalents for track-id
06-11 22:52:20.996 D/CCodecConfig(18100): no c2 equivalents for csd-1
06-11 22:52:20.996 D/CCodecConfig(18100): no c2 equivalents for channel-mask
06-11 22:52:20.996 D/CCodecConfig(18100): no c2 equivalents for flags
06-11 22:52:20.997 D/CCodecConfig(18100): c2 config diff is   c2::u32 raw.sample-rate.value = 16000
06-11 22:52:20.998 I/AmAVUtils(18100): set profile 0 level:0
06-11 22:52:21.000 W/Codec2Client(18100): query -- param skipped: index = 1107298332.
06-11 22:52:21.001 D/CCodec  (18100): setup formats input: AMessage(what = 0x00000000) = {
06-11 22:52:21.001 D/CCodec  (18100):   int32_t channel-count = 1
06-11 22:52:21.001 D/CCodec  (18100):   int32_t max-input-size = 32768
06-11 22:52:21.001 D/CCodec  (18100):   string mime = "audio/vorbis"
06-11 22:52:21.001 D/CCodec  (18100):   int32_t sample-rate = 16000
06-11 22:52:21.001 D/CCodec  (18100): } and output: AMessage(what = 0x00000000) = {
06-11 22:52:21.001 D/CCodec  (18100):   int32_t channel-count = 1
06-11 22:52:21.001 D/CCodec  (18100):   string mime = "audio/raw"
06-11 22:52:21.001 D/CCodec  (18100):   int32_t sample-rate = 16000
06-11 22:52:21.001 D/CCodec  (18100):   int32_t channel-mask = 1
06-11 22:52:21.001 D/CCodec  (18100): }
06-11 22:52:21.002 W/Codec2Client(18100): query -- param skipped: index = 1342179345.
06-11 22:52:21.002 W/Codec2Client(18100): query -- param skipped: index = 2415921170.
06-11 22:52:21.004 D/CCodec  (18100): allocate(c2.android.vorbis.decoder)
06-11 22:52:21.007 E/FMQ     (18100): grantorIdx must be less than 3
06-11 22:52:21.007 I/CCodec  (18100): Created component [c2.android.vorbis.decoder]
06-11 22:52:21.007 D/stbdpc  (  397): STB_DPGetNumPaths[570]: num_paths: 1
06-11 22:52:21.008 D/CCodecConfig(18100): read media type: audio/vorbis
06-11 22:52:21.010 E/FMQ     (18100): grantorIdx must be less than 3
06-11 22:52:21.015 D/ReflectedParamUpdater(18100): extent() != 1 for single value type: algo.buffers.max-count.values
06-11 22:52:21.015 D/CCodecBufferChannel(18100): [c2.android.vorbis.decoder#66] Created input block pool with allocatorID 16 => poolID 20 - OK (0)
06-11 22:52:21.016 D/ReflectedParamUpdater(18100): extent() != 1 for single value type: output.subscribed-indices.values
06-11 22:52:21.016 D/ReflectedParamUpdater(18100): extent() != 1 for single value type: input.buffers.allocator-ids.values
06-11 22:52:21.016 D/ReflectedParamUpdater(18100): extent() != 1 for single value type: output.buffers.allocator-ids.values
06-11 22:52:21.016 D/ReflectedParamUpdater(18100): extent() != 1 for single value type: algo.buffers.allocator-ids.values
06-11 22:52:21.017 D/ReflectedParamUpdater(18100): extent() != 1 for single value type: output.buffers.pool-ids.values
06-11 22:52:21.017 E/FMQ     (  477): grantorIdx must be less than 3
06-11 22:52:21.017 E/FMQ     (  477): grantorIdx must be less than 3
06-11 22:52:21.017 D/ReflectedParamUpdater(18100): extent() != 1 for single value type: algo.buffers.pool-ids.values
06-11 22:52:21.019 I/CCodecBufferChannel(18100): [c2.android.vorbis.decoder#66] Created output block pool with allocatorID 16 => poolID 147 - OK
06-11 22:52:21.020 D/CCodecBufferChannel(18100): [c2.android.vorbis.decoder#66] Configured output block pool ids 147 => OK
06-11 22:52:21.021 I/CCodecConfig(18100): query failed after returning 7 values (BAD_INDEX)
06-11 22:52:21.021 D/CCodecConfig(18100): c2 config diff is Dict {
06-11 22:52:21.021 D/CCodecConfig(18100):   c2::u32 coded.bitrate.value = 64000
06-11 22:52:21.021 D/CCodecConfig(18100):   c2::u32 input.buffers.max-size.value = 32768
06-11 22:52:21.021 D/CCodecConfig(18100):   c2::u32 input.delay.value = 0
06-11 22:52:21.021 D/CCodecConfig(18100):   string input.media-type.value = "audio/vorbis"
06-11 22:52:21.021 D/CCodecConfig(18100):   string output.media-type.value = "audio/raw"
06-11 22:52:21.021 D/CCodecConfig(18100):   c2::u32 raw.channel-count.value = 1
06-11 22:52:21.021 D/CCodecConfig(18100):   c2::u32 raw.sample-rate.value = 48000
06-11 22:52:21.021 D/CCodecConfig(18100): }
06-11 22:52:21.022 D/CCodec  (18100): [c2.android.vorbis.decoder] buffers are bound to CCodec for this session
06-11 22:52:21.023 D/CCodecConfig(18100): no c2 equivalents for durationUs
06-11 22:52:21.023 D/CCodecConfig(18100): no c2 equivalents for track-id
06-11 22:52:21.023 D/CCodecConfig(18100): no c2 equivalents for csd-1
06-11 22:52:21.023 D/CCodecConfig(18100): no c2 equivalents for channel-mask
06-11 22:52:21.023 D/CCodecConfig(18100): no c2 equivalents for flags
06-11 22:52:21.027 D/CCodecConfig(18100): c2 config diff is   c2::u32 raw.sample-rate.value = 16000
06-11 22:52:21.031 D/SimpleC2Component(  477): Using output block pool with poolID 147 => got 147 - 0
06-11 22:52:21.032 W/Codec2Client(18100): query -- param skipped: index = 1107298332.
06-11 22:52:21.032 D/CCodec  (18100): setup formats input: AMessage(what = 0x00000000) = {
06-11 22:52:21.032 D/CCodec  (18100):   int32_t channel-count = 1
06-11 22:52:21.032 D/CCodec  (18100):   int32_t max-input-size = 32768
06-11 22:52:21.032 D/CCodec  (18100):   string mime = "audio/vorbis"
06-11 22:52:21.032 D/CCodec  (18100):   int32_t sample-rate = 16000
06-11 22:52:21.032 D/CCodec  (18100): } and output: AMessage(what = 0x00000000) = {
06-11 22:52:21.032 D/CCodec  (18100):   int32_t channel-count = 1
06-11 22:52:21.032 D/CCodec  (18100):   string mime = "audio/raw"
06-11 22:52:21.032 D/CCodec  (18100):   int32_t sample-rate = 16000
06-11 22:52:21.032 D/CCodec  (18100):   int32_t channel-mask = 1
06-11 22:52:21.032 D/CCodec  (18100): }
06-11 22:52:21.033 W/Codec2Client(18100): query -- param skipped: index = 1342179345.
06-11 22:52:21.033 W/Codec2Client(18100): query -- param skipped: index = 2415921170.
06-11 22:52:21.037 E/FMQ     (18100): grantorIdx must be less than 3
06-11 22:52:21.037 E/FMQ     (18100): grantorIdx must be less than 3
06-11 22:52:21.041 E/FMQ     (18100): grantorIdx must be less than 3
06-11 22:52:21.041 D/CCodecBufferChannel(18100): [c2.android.vorbis.decoder#18] Created input block pool with allocatorID 16 => poolID 21 - OK (0)
06-11 22:52:21.041 E/FMQ     (  477): grantorIdx must be less than 3
06-11 22:52:21.042 I/chatty  (  477): uid=1046(mediacodec) HwBinder:477_1 identical 1 line
06-11 22:52:21.042 E/FMQ     (  477): grantorIdx must be less than 3
06-11 22:52:21.044 I/CCodecBufferChannel(18100): [c2.android.vorbis.decoder#18] Created output block pool with allocatorID 16 => poolID 148 - OK
06-11 22:52:21.044 D/CCodecBufferChannel(18100): [c2.android.vorbis.decoder#18] Configured output block pool ids 148 => OK
06-11 22:52:21.050 D/SimpleC2Component(  477): Using output block pool with poolID 148 => got 148 - 0
06-11 22:52:21.051 E/FMQ     (18100): grantorIdx must be less than 3
06-11 22:52:21.052 E/FMQ     (  477): grantorIdx must be less than 3
06-11 22:52:21.060 E/FMQ     (  477): grantorIdx must be less than 3
06-11 22:52:21.061 E/FMQ     (18100): grantorIdx must be less than 3
06-11 22:52:21.063 D/CCodecBuffers(18100): [c2.android.vorbis.decoder#66:Output[N]] popFromStashAndRegister: output format changed to AMessage(what = 0x00000000) = {
06-11 22:52:21.063 D/CCodecBuffers(18100):   int32_t channel-count = 1
06-11 22:52:21.063 D/CCodecBuffers(18100):   string mime = "audio/raw"
06-11 22:52:21.063 D/CCodecBuffers(18100):   int32_t sample-rate = 16000
06-11 22:52:21.063 D/CCodecBuffers(18100):   int32_t channel-mask = 1
06-11 22:52:21.063 D/CCodecBuffers(18100): }
06-11 22:52:21.081 E/FMQ     (  477): grantorIdx must be less than 3
06-11 22:52:21.082 E/FMQ     (18100): grantorIdx must be less than 3
06-11 22:52:21.087 D/CCodecBuffers(18100): [c2.android.vorbis.decoder#18:Output[N]] popFromStashAndRegister: output format changed to AMessage(what = 0x00000000) = {
06-11 22:52:21.087 D/CCodecBuffers(18100):   int32_t channel-count = 1
06-11 22:52:21.087 D/CCodecBuffers(18100):   string mime = "audio/raw"
06-11 22:52:21.087 D/CCodecBuffers(18100):   int32_t sample-rate = 16000
06-11 22:52:21.087 D/CCodecBuffers(18100):   int32_t channel-mask = 1
06-11 22:52:21.087 D/CCodecBuffers(18100): }
06-11 22:52:21.095 D/dvb_iptv(  397): ReadEmmNetworkTask[1537]: EMM Select Timeout Occured 59
06-11 22:52:21.107 D/ltts_ip_emm(  397): LTTS_IP_DMXStartEMM[381]: parse_emm_cat_status failed
06-11 22:52:21.107 D/stbdpc  (  397): STB_DPGetNumPaths[570]: num_paths: 1
06-11 22:52:21.116 D/CCodecBufferChannel(18100): [c2.android.vorbis.decoder#18] MediaCodec discarded an unknown buffer
06-11 22:52:21.119 I/hw-BpHwBinder(18100): onLastStrongRef automatically unlinking death recipients
06-11 22:52:21.122 E/[ 8372.275948@0]  selinux(    0): SELinux: Could not get canonical path for /sys/kernel/dmabuf/buffers/1602111/attachments restorecon: No such file or directory.
06-11 22:52:21.123 E/[ 8372.276040@0]  selinux(    0):  
06-11 22:52:21.123 E/[ 8372.276099@0]  ueventd(    0): selinux_android_restorecon(/sys/kernel/dmabuf/buffers/1602111/attachments) failed: No such file or directory
06-11 22:52:21.123 D/CCodecBufferChannel(18100): [c2.android.vorbis.decoder#66] MediaCodec discarded an unknown buffer
06-11 22:52:21.124 I/chatty  (18100): uid=10072(in.startv.hotstar) NDK MediaCodec_ identical 1 line
06-11 22:52:21.124 D/CCodecBufferChannel(18100): [c2.android.vorbis.decoder#66] MediaCodec discarded an unknown buffer
06-11 22:52:21.127 I/hw-BpHwBinder(18100): onLastStrongRef automatically unlinking death recipients
06-11 22:52:21.127 I/hw-BpHwBinder(  477): onLastStrongRef automatically unlinking death recipients
06-11 22:52:21.127 V/C2Store (  477): in ~ComponentModule
06-11 22:52:21.127 V/C2Store (  477): unloading dll
06-11 22:52:21.208 D/stbdpc  (  397): STB_DPGetNumPaths[570]: num_paths: 1
06-11 22:52:21.215 V/DigitalSignage(  633): Package Name: null
06-11 22:52:21.215 V/DigitalSignage(  633): Left: 0
06-11 22:52:21.216 V/DigitalSignage(  633): Right: 0
06-11 22:52:21.216 V/DigitalSignage(  633): Top: 0
06-11 22:52:21.216 I/WifiService(  633): releaseMulticastLock uid=10083
06-11 22:52:21.216 V/DigitalSignage(  633): Bottom: 0
06-11 22:52:21.216 D/DigitalSignage(  633): else - Package Name :: null left : 0 right :: 0 top :: 0 bottom :: 0 dfu-right :: 1920 dfu-bottom :: 1080
06-11 22:52:21.216 I/JTCLOG  ( 3612): JuiceModel ->  Discover Mesh ONT services started
06-11 22:52:21.222 I/WifiService(  633): acquireMulticastLock uid=10083
06-11 22:52:21.308 D/stbdpc  (  397): STB_DPGetNumPaths[570]: num_paths: 1
06-11 22:52:21.408 I/chatty  (  397): uid=0(root) DK-SiCntrl identical 1 line
06-11 22:52:21.508 D/stbdpc  (  397): STB_DPGetNumPaths[570]: num_paths: 1
06-11 22:52:21.516 D/rtk_heartbeat(  349): heartbeat_timed_out: heartbeatCmdCount = 8350, expected nextSeqNum = 8350
06-11 22:52:21.518 D/rtk_heartbeat(  349): rtkbt_heartbeat_cmpl_cback: Current SeqNum = 8350,should SeqNum=8350, status = 0
06-11 22:52:21.595 D/dvb_iptv(  397): ReadEmmNetworkTask[1537]: EMM Select Timeout Occured 60
06-11 22:52:21.595 D/stbresmgr(  397): STB_RESNumTuners[315]: num_tuners: 3
06-11 22:52:21.595 E/dvb_iptv(  397): IPTV_GetDvbIpPacketDetails[684]: No valid ECM iptv_handle
06-11 22:52:21.595 D/dvb_iptv(  397): IPTV_GetDvbIpPacketDetails[688]: EMM Pkt stat received_packets:0 lost_packets:0 recov_packets:0 
06-11 22:52:21.595 D/dvb_iptv(  397): getPktDetailOnRetry[710]: Failed to fetch packet details
06-11 22:52:21.595 D/dvb_iptv(  397): ReadEmmNetworkTask[1582]: signal emm restart thread
06-11 22:52:21.595 D/dvb_iptv(  397): IPTV_Emm_Stop[2245]: IPTV_Emm_Stop called
06-11 22:52:21.595 D/ltts_ip_emm(  397): CloseEmmCasSession[446]: EMM CAS CloseSession CASSession ID:f07c2c00
06-11 22:52:21.595 I/Aml_MP  (  397): AmlVMXIptvCas_V2 dtor AmlVMXIptvCas_V2
06-11 22:52:21.595 I/Aml_MP  (  397): AmCasLibWrapper [~AmCasLibWrapper:47] 
06-11 22:52:21.595 D/am_cas_api(  397): [releaseAmCas/294]
06-11 22:52:21.595 V/AVPIPTV (  397): [0] ~AmCasIPTVSC2 at # 707, class_instance_index=0
06-11 22:52:21.595 I/Aml_MP  (  397): AmCasLibWrapper delete mCasObj
06-11 22:52:21.595 I/Aml_MP  (  397): AmlCasBase [~AmlCasBase:89] 
06-11 22:52:21.595 D/ltts_ip_emm(  397): CloseEmmCasSession[450]: Aml_MP_CAS_CloseSession_Emm | ret_Aml: 0
06-11 22:52:21.608 D/stbdpc  (  397): STB_DPGetNumPaths[570]: num_paths: 1
06-11 22:52:21.709 D/stbdpc  (  397): STB_DPGetNumPaths[570]: num_paths: 1
06-11 22:52:21.771 I/.startv.hotsta(18100): NativeAlloc concurrent copying GC freed 152243(8868KB) AllocSpace objects, 132(3136KB) LOS objects, 50% free, 17MB/34MB, paused 233us total 350.166ms
06-11 22:52:21.809 D/stbdpc  (  397): STB_DPGetNumPaths[570]: num_paths: 1
06-11 22:52:21.857 I/.startv.hotsta(18100): oneway function results will be dropped but finished with status OK and parcel size 4
06-11 22:52:21.860 I/e.swalekh.abct( 1359): oneway function results will be dropped but finished with status OK and parcel size 4
06-11 22:52:21.870 D/JioSTBMRServer-SERVICE( 3589): InetSocketAddress(InetAddress.getByName(inetAddress.hostAddress)-/192.168.1.255
06-11 22:52:21.870 D/JioSTBMRServer-SERVICE( 3589): #beacon:RKISBFJ60000097:0:false:0:1:SV=181024 , 192.168.1.255
06-11 22:52:21.873 D/JioSTBMRServer-SERVICE( 3589): InetSocketAddress(InetAddress.getByName(inetAddress.hostAddress)-/192.168.1.255
06-11 22:52:21.873 D/JioSTBMRServer-SERVICE( 3589): #broadcast IP:192.168.1.255
06-11 22:52:21.908 D/JioStbInactivityTimer(  926): Timer: count 25 warningTimeout:10680 timeout:10800
06-11 22:52:21.908 D/JioStbInactivityTimer(  926): isUserActive: Curr:8346611 Prev:8346611
06-11 22:52:21.909 D/stbdpc  (  397): STB_DPGetNumPaths[570]: num_paths: 1
06-11 22:52:21.940 I/appium  (18034): The following attributes will be included to the page source: [resource-id]
06-11 22:52:22.009 D/stbdpc  (  397): STB_DPGetNumPaths[570]: num_paths: 1
06-11 22:52:22.056 E/WifiVendorHal(  633): getWifiLinkLayerStats_1_3_Internal(l.973) failed {.code = ERROR_UNKNOWN, .description = unknown error}
06-11 22:52:22.095 D/dvb_iptv(  397): ReadEmmNetworkTask[1537]: EMM Select Timeout Occured 1
06-11 22:52:22.095 D/stbhwnet(  397): STB_NWDropMembership[1331]: using IPV6 protocol in dropmembership
06-11 22:52:22.095 D/stbhwnet(  397): STB_NWDropMembership[1335]: group_address: '232.24.3.241', source_address: '10.70.220.50'
06-11 22:52:22.095 D/stbhwnet(  397): STB_NWDropMembership[1353]: src url SSM enabled
06-11 22:52:22.096 D/stbhwnet(  397): get_any_multicast_interface[1061]: Found g_nw_interface wlan0, ifindex 8
06-11 22:52:22.096 D/stbhwnet(  397): STB_NWDropMembership[1376]: sockopt_ret: 92 | Protocol not available
06-11 22:52:22.096 D/stbhwnet(  397): STB_NWDropMembership[1377]: Adding source multicast group error
06-11 22:52:22.096 D/stbhwnet(  397): STB_NWDropMembership[1331]: using IPV6 protocol in dropmembership
06-11 22:52:22.096 D/stbhwnet(  397): STB_NWDropMembership[1335]: group_address: '232.24.3.241', source_address: '10.70.220.50'
06-11 22:52:22.096 D/stbhwnet(  397): STB_NWDropMembership[1353]: src url SSM enabled
06-11 22:52:22.097 D/stbhwnet(  397): get_any_multicast_interface[1061]: Found g_nw_interface wlan0, ifindex 8
06-11 22:52:22.097 D/stbhwnet(  397): STB_NWDropMembership[1376]: sockopt_ret: 92 | Protocol not available
06-11 22:52:22.097 D/stbhwnet(  397): STB_NWDropMembership[1377]: Adding source multicast group error
06-11 22:52:22.097 D/stbhwnet(  397): STB_NWDropMembership[1331]: using IPV6 protocol in dropmembership
06-11 22:52:22.097 D/stbhwnet(  397): STB_NWDropMembership[1335]: group_address: '232.24.3.241', source_address: '10.70.220.50'
06-11 22:52:22.097 D/stbhwnet(  397): STB_NWDropMembership[1353]: src url SSM enabled
06-11 22:52:22.098 D/stbhwnet(  397): get_any_multicast_interface[1061]: Found g_nw_interface wlan0, ifindex 8
06-11 22:52:22.098 D/stbhwnet(  397): STB_NWDropMembership[1376]: sockopt_ret: 92 | Protocol not available
06-11 22:52:22.098 D/stbhwnet(  397): STB_NWDropMembership[1377]: Adding source multicast group error
06-11 22:52:22.098 D/stbhwnet(  397): STB_NWDropMembership[1331]: using IPV6 protocol in dropmembership
06-11 22:52:22.098 D/stbhwnet(  397): STB_NWDropMembership[1335]: group_address: '232.24.3.241', source_address: '10.70.220.50'
06-11 22:52:22.098 D/stbhwnet(  397): STB_NWDropMembership[1353]: src url SSM enabled
06-11 22:52:22.099 D/stbhwnet(  397): get_any_multicast_interface[1061]: Found g_nw_interface wlan0, ifindex 8
06-11 22:52:22.099 D/stbhwnet(  397): STB_NWDropMembership[1376]: sockopt_ret: 92 | Protocol not available
06-11 22:52:22.099 D/stbhwnet(  397): STB_NWDropMembership[1377]: Adding source multicast group error
06-11 22:52:22.099 E/DvbiInterface(  397): StopStartcurrentemmsession[1192]: sucessfully stop the emm session
06-11 22:52:22.109 D/stbdpc  (  397): STB_DPGetNumPaths[570]: num_paths: 1
06-11 22:52:22.172 I/appium  (18034): Took 0ms to retrieve 1 matches for '//android.widget.EditText[@resource-id='in.startv.hotstar:id/search_bar']' XPath2 query
06-11 22:52:22.175 F/linker  (18296): CANNOT LINK EXECUTABLE "/system/bin/smartcable/smartCableSTBApp": library "libmosquitto.so" not found: needed by main executable
06-11 22:52:22.183 I/appium  (18034): AppiumResponse: {"sessionId":"1291e071-43ae-4c09-ac5c-f2fa95502d6b","value":{"ELEMENT":"00000000-0000-009d-ffff-ffff000000d3","element-6066-11e4-a52e-4f735466cecf":"00000000-0000-009d-ffff-ffff000000d3"}}
06-11 22:52:22.209 D/stbdpc  (  397): STB_DPGetNumPaths[570]: num_paths: 1
06-11 22:52:22.212 I/appium  (18034): channel read: GET /session/1291e071-43ae-4c09-ac5c-f2fa95502d6b/element/00000000-0000-009d-ffff-ffff000000d3/attribute/displayed
06-11 22:52:22.215 I/appium  (18034): GetElementAttribute command
06-11 22:52:22.223 I/appium  (18034): AppiumResponse: {"sessionId":"1291e071-43ae-4c09-ac5c-f2fa95502d6b","value":"true"}
06-11 22:52:22.248 I/appium  (18034): channel read: POST /session/1291e071-43ae-4c09-ac5c-f2fa95502d6b/element/00000000-0000-009d-ffff-ffff000000d3/click
06-11 22:52:22.250 I/appium  (18034): Click command
06-11 22:52:22.263 D/InputDispatcher(  633): injectInputEvent - eventType=2, injectorPid=18017, injectorUid=0, syncMode=0, timeout=30000, policyFlags=0x08000000
06-11 22:52:22.264 D/InputDispatcher(  633): injectInputEvent - Finished with result 0. injectorPid=18017, injectorUid=0
06-11 22:52:22.264 D/InputDispatcher(  633): Setting input event injection result to 0.  injectorPid=18017, injectorUid=0
06-11 22:52:22.264 V/InputDispatcher(  633): Asynchronous input event injection succeeded.
06-11 22:52:22.265 I/android.hardware.power-service.libperfmgr(  366): Power setBoost: INTERACTION duration: 0
06-11 22:52:22.265 I/libperfmgr(  366): Do Powerhint: INTERACTION
06-11 22:52:22.265 I/android.hardware.power-service.libperfmgr(  366): Power setBoost: INTERACTION duration: 0
06-11 22:52:22.265 I/libperfmgr(  366): Do Powerhint: INTERACTION
06-11 22:52:22.276 D/InputDispatcher(  633): injectInputEvent - eventType=2, injectorPid=18017, injectorUid=0, syncMode=0, timeout=30000, policyFlags=0x08000000
06-11 22:52:22.276 D/InputDispatcher(  633): injectInputEvent - Finished with result 0. injectorPid=18017, injectorUid=0
06-11 22:52:22.276 D/InputDispatcher(  633): Setting input event injection result to 0.  injectorPid=18017, injectorUid=0
06-11 22:52:22.276 V/InputDispatcher(  633): Asynchronous input event injection succeeded.
06-11 22:52:22.290 I/appium  (18034): Waiting up to 10000ms for the device to idle
06-11 22:52:22.296 D/InputMethodService( 1359): JioHomeManagerService::showWindow()::notifyJioHomeAboutIMEVisibility(IME_SHOWN) isInputViewShown()::true
06-11 22:52:22.296 D/InputMethodService( 1359): JioHomeMangerService::notifyJioHomeAboutIMEVisibility()::EDIT_TEXT_FOCUS_KEY Value::true Action::com.iwedia.action.SHOW_SOFT_INPUT isVisble :: true
06-11 22:52:22.299 I/appium  (18034): AppiumResponse: {"sessionId":"1291e071-43ae-4c09-ac5c-f2fa95502d6b","value":null}
06-11 22:52:22.310 D/stbdpc  (  397): STB_DPGetNumPaths[570]: num_paths: 1
06-11 22:52:22.328 D/InputMethod( 1359): JioHomeManagerService::hideSoftInput()::notifyJioHomeAboutIMEVisibility(IME_HIDDEN) isInputViewShown()::false
06-11 22:52:22.328 D/InputMethodService( 1359): JioHomeMangerService::notifyJioHomeAboutIMEVisibility()::EDIT_TEXT_FOCUS_KEY Value::false Action::com.iwedia.action.SHOW_SOFT_INPUT isVisble :: false
06-11 22:52:22.331 I/appium  (18034): channel read: POST /session/1291e071-43ae-4c09-ac5c-f2fa95502d6b/element/00000000-0000-009d-ffff-ffff000000d3/value
06-11 22:52:22.333 I/appium  (18034): SendKeysToElement command
06-11 22:52:22.359 V/DigitalSignage(  633): Package Name: null
06-11 22:52:22.359 V/DigitalSignage(  633): Left: 0
06-11 22:52:22.359 V/DigitalSignage(  633): Right: 0
06-11 22:52:22.359 V/DigitalSignage(  633): Top: 0
06-11 22:52:22.359 V/DigitalSignage(  633): Bottom: 0
06-11 22:52:22.359 D/DigitalSignage(  633): else - Package Name :: null left : 0 right :: 0 top :: 0 bottom :: 0 dfu-right :: 1920 dfu-bottom :: 1080
06-11 22:52:22.364 I/ThermalService(  969): CPU temperatures: [63.700005]
06-11 22:52:22.366 V/DigitalSignage(  633): Package Name: null
06-11 22:52:22.366 V/DigitalSignage(  633): Left: 0
06-11 22:52:22.366 V/DigitalSignage(  633): Right: 0
06-11 22:52:22.366 V/DigitalSignage(  633): Top: 0
06-11 22:52:22.366 V/DigitalSignage(  633): Bottom: 0
06-11 22:52:22.367 D/DigitalSignage(  633): else - Package Name :: null left : 0 right :: 0 top :: 0 bottom :: 0 dfu-right :: 1920 dfu-bottom :: 1080
06-11 22:52:22.367 V/DigitalSignage(  633): Package Name: null
06-11 22:52:22.367 V/DigitalSignage(  633): Left: 0
06-11 22:52:22.367 V/DigitalSignage(  633): Right: 0
06-11 22:52:22.367 V/DigitalSignage(  633): Top: 0
06-11 22:52:22.367 V/DigitalSignage(  633): Bottom: 0
06-11 22:52:22.367 D/DigitalSignage(  633): else - Package Name :: null left : 0 right :: 0 top :: 0 bottom :: 0 dfu-right :: 1920 dfu-bottom :: 1080
06-11 22:52:22.389 W/InputMethodService( 1359): Re-entrance in to showWindow
06-11 22:52:22.391 V/DigitalSignage(  633): Package Name: null
06-11 22:52:22.391 V/DigitalSignage(  633): Left: 0
06-11 22:52:22.391 V/DigitalSignage(  633): Right: 0
06-11 22:52:22.391 V/DigitalSignage(  633): Top: 0
06-11 22:52:22.391 V/DigitalSignage(  633): Bottom: 0
06-11 22:52:22.392 D/DigitalSignage(  633): else - Package Name :: null left : 0 right :: 0 top :: 0 bottom :: 0 dfu-right :: 1920 dfu-bottom :: 1080
06-11 22:52:22.392 V/DigitalSignage(  633): Package Name: null
06-11 22:52:22.392 V/DigitalSignage(  633): Left: 0
06-11 22:52:22.392 V/DigitalSignage(  633): Right: 0
06-11 22:52:22.392 V/DigitalSignage(  633): Top: 0
06-11 22:52:22.392 V/DigitalSignage(  633): Bottom: 0
06-11 22:52:22.392 D/DigitalSignage(  633): else - Package Name :: null left : 0 right :: 0 top :: 0 bottom :: 0 dfu-right :: 1920 dfu-bottom :: 1080
06-11 22:52:22.392 W/InputMethodService( 1359): Re-entrance in to showWindow
06-11 22:52:22.395 D/InputMethodService( 1359): JioHomeManagerService::showWindow()::notifyJioHomeAboutIMEVisibility(IME_SHOWN) isInputViewShown()::true
06-11 22:52:22.395 D/InputMethodService( 1359): JioHomeMangerService::notifyJioHomeAboutIMEVisibility()::EDIT_TEXT_FOCUS_KEY Value::true Action::com.iwedia.action.SHOW_SOFT_INPUT isVisble :: true
06-11 22:52:22.404 V/DigitalSignage(  633): Package Name: null
06-11 22:52:22.404 V/DigitalSignage(  633): Left: 0
06-11 22:52:22.404 V/DigitalSignage(  633): Right: 0
06-11 22:52:22.404 V/DigitalSignage(  633): Top: 0
06-11 22:52:22.404 V/DigitalSignage(  633): Bottom: 0
06-11 22:52:22.405 D/DigitalSignage(  633): else - Package Name :: null left : 0 right :: 0 top :: 0 bottom :: 0 dfu-right :: 1920 dfu-bottom :: 1080
06-11 22:52:22.405 V/DigitalSignage(  633): Package Name: null
06-11 22:52:22.405 V/DigitalSignage(  633): Left: 0
06-11 22:52:22.405 V/DigitalSignage(  633): Right: 0
06-11 22:52:22.405 V/DigitalSignage(  633): Top: 0
06-11 22:52:22.405 V/DigitalSignage(  633): Bottom: 0
06-11 22:52:22.405 D/DigitalSignage(  633): else - Package Name :: null left : 0 right :: 0 top :: 0 bottom :: 0 dfu-right :: 1920 dfu-bottom :: 1080
06-11 22:52:22.409 V/DigitalSignage(  633): Package Name: null
06-11 22:52:22.409 V/DigitalSignage(  633): Left: 0
06-11 22:52:22.409 V/DigitalSignage(  633): Right: 0
06-11 22:52:22.409 V/DigitalSignage(  633): Top: 0
06-11 22:52:22.409 V/DigitalSignage(  633): Bottom: 0
06-11 22:52:22.410 D/DigitalSignage(  633): else - Package Name :: null left : 0 right :: 0 top :: 0 bottom :: 0 dfu-right :: 1920 dfu-bottom :: 1080
06-11 22:52:22.410 D/stbdpc  (  397): STB_DPGetNumPaths[570]: num_paths: 1
06-11 22:52:22.410 V/DigitalSignage(  633): Package Name: null
06-11 22:52:22.410 V/DigitalSignage(  633): Left: 0
06-11 22:52:22.410 V/DigitalSignage(  633): Right: 0
06-11 22:52:22.410 V/DigitalSignage(  633): Top: 0
06-11 22:52:22.410 V/DigitalSignage(  633): Bottom: 0
06-11 22:52:22.410 D/DigitalSignage(  633): else - Package Name :: null left : 0 right :: 0 top :: 0 bottom :: 0 dfu-right :: 1920 dfu-bottom :: 1080
06-11 22:52:22.455 V/DigitalSignage(  633): Package Name: null
06-11 22:52:22.455 V/DigitalSignage(  633): Left: 0
06-11 22:52:22.455 V/DigitalSignage(  633): Right: 0
06-11 22:52:22.455 V/DigitalSignage(  633): Top: 0
06-11 22:52:22.455 V/DigitalSignage(  633): Bottom: 0
06-11 22:52:22.456 D/DigitalSignage(  633): else - Package Name :: null left : 0 right :: 0 top :: 0 bottom :: 0 dfu-right :: 1920 dfu-bottom :: 1080
06-11 22:52:22.456 V/DigitalSignage(  633): Package Name: null
06-11 22:52:22.456 V/DigitalSignage(  633): Left: 0
06-11 22:52:22.456 V/DigitalSignage(  633): Right: 0
06-11 22:52:22.456 V/DigitalSignage(  633): Top: 0
06-11 22:52:22.456 V/DigitalSignage(  633): Bottom: 0
06-11 22:52:22.456 D/DigitalSignage(  633): else - Package Name :: null left : 0 right :: 0 top :: 0 bottom :: 0 dfu-right :: 1920 dfu-bottom :: 1080
06-11 22:52:22.458 V/DigitalSignage(  633): Package Name: null
06-11 22:52:22.458 V/DigitalSignage(  633): Left: 0
06-11 22:52:22.458 V/DigitalSignage(  633): Right: 0
06-11 22:52:22.458 V/DigitalSignage(  633): Top: 0
06-11 22:52:22.458 V/DigitalSignage(  633): Bottom: 0
06-11 22:52:22.459 D/DigitalSignage(  633): else - Package Name :: null left : 0 right :: 0 top :: 0 bottom :: 0 dfu-right :: 1920 dfu-bottom :: 1080
06-11 22:52:22.459 V/DigitalSignage(  633): Package Name: null
06-11 22:52:22.459 V/DigitalSignage(  633): Left: 0
06-11 22:52:22.459 V/DigitalSignage(  633): Right: 0
06-11 22:52:22.459 V/DigitalSignage(  633): Top: 0
06-11 22:52:22.459 V/DigitalSignage(  633): Bottom: 0
06-11 22:52:22.459 D/DigitalSignage(  633): else - Package Name :: null left : 0 right :: 0 top :: 0 bottom :: 0 dfu-right :: 1920 dfu-bottom :: 1080
06-11 22:52:22.466 E/BufferQueueProducer(  393): [in.startv.hotstar/com.hotstar.MainActivity#0](id:189000000d3,api:0,p:-1,c:393) disconnect: not connected (req=1)
06-11 22:52:22.467 W/libEGL  (18100): EGLNativeWindowType 0xf4587408 disconnect failed
06-11 22:52:22.510 D/stbdpc  (  397): STB_DPGetNumPaths[570]: num_paths: 1
06-11 22:52:22.516 D/rtk_heartbeat(  349): heartbeat_timed_out: heartbeatCmdCount = 8351, expected nextSeqNum = 8351
06-11 22:52:22.517 D/rtk_heartbeat(  349): rtkbt_heartbeat_cmpl_cback: Current SeqNum = 8351,should SeqNum=8351, status = 0
06-11 22:52:22.599 D/DvbiInterface(  397): startEmmSession[1104]: primary_address: "rtp://10.70.220.50@232.24.3.241:5001"
06-11 22:52:22.599 D/DvbiInterface(  397): startEmmSession[1114]: secondary_address: ""
06-11 22:52:22.599 I/DvbiInterface(  397): startEmmSession[1136]: IPTV_EMM_Open | [args] URI: "rtp://10.70.220.50@232.24.3.241", port: 5001, fec: 2
06-11 22:52:22.599 D/dvb_iptv(  397): IPTV_Emm_Open[2003]: URL=rtp://10.70.220.50@232.24.3.241, port=5001 fec_layer=2 port1=0, port2=0
06-11 22:52:22.600 D/dvb_iptv(  397): ParseUrl[1748]: before parse | url: "10.70.220.50@232.24.3.241", src_addr: "", mc_addr: ""
06-11 22:52:22.600 D/dvb_iptv(  397): ParseUrl[1811]: after parse | url: "232.24.3.241", src_addr: "10.70.220.50", mc_addr: "232.24.3.241"
06-11 22:52:22.600 D/dvb_iptv(  397): IPTV_Emm_Open[2032]: Found 2 addresses for 232.24.3.241
06-11 22:52:22.600 D/dvb_iptv(  397): IPTV_Emm_Open[2040]: 0: family=IPv4, type=datagram, protocol=UDP, multicast=yes
06-11 22:52:22.600 D/stbhwnet(  397): STB_NWBind[914]: Added IPV4 address to bind:232.24.3.241 
06-11 22:52:22.600 D/stbhwnet(  397): STB_NWBind[921]: Binding with address 232.24.3.241
06-11 22:52:22.600 D/stbhwnet(  397): STB_NWBind[928]: Bind (fd=16) port 5001, done okay
06-11 22:52:22.600 D/dvb_iptv(  397): SocketBind[727]: bound socket, port=5001
06-11 22:52:22.600 D/stbhwnet(  397): STB_NWAddMembership[1139]: using IPV4 protocol
06-11 22:52:22.600 D/stbhwnet(  397): STB_NWAddMembership[1142]: group_address: '232.24.3.241', source_address: '10.70.220.50'
06-11 22:52:22.600 D/stbhwnet(  397): STB_NWAddMembership[1156]: src url SSM enabled
06-11 22:52:22.600 D/stbhwnet(  397): STB_NWAddMembership[1163]: source addr: 10.70.220.50, group addr: 232.24.3.241, socket: 16
06-11 22:52:22.600 D/stbhwnet(  397): STB_NWAddMembership[1164]: setsocket success for source addrs
06-11 22:52:22.600 D/stbhwnet(  397): STB_NWAddMembership[1176]: setsockopt IP_MULTICAST_ALL params:
06-11 22:52:22.600 D/stbhwnet(  397): STB_NWAddMembership[1177]: mc_all: DISABLE
06-11 22:52:22.600 D/stbhwnet(  397): STB_NWAddMembership[1182]: setsockopt success for all
06-11 22:52:22.600 D/stbhwnet(  397): STB_NWBind[914]: Added IPV4 address to bind:232.24.3.241 
06-11 22:52:22.600 D/stbhwnet(  397): STB_NWBind[921]: Binding with address 232.24.3.241
06-11 22:52:22.600 D/stbhwnet(  397): STB_NWBind[928]: Bind (fd=17) port 5002, done okay
06-11 22:52:22.600 D/dvb_iptv(  397): SocketBind[727]: bound socket, port=5002
06-11 22:52:22.600 D/stbhwnet(  397): STB_NWAddMembership[1139]: using IPV4 protocol
06-11 22:52:22.600 D/stbhwnet(  397): STB_NWAddMembership[1142]: group_address: '232.24.3.241', source_address: '10.70.220.50'
06-11 22:52:22.600 D/stbhwnet(  397): STB_NWAddMembership[1156]: src url SSM enabled
06-11 22:52:22.600 D/stbhwnet(  397): STB_NWAddMembership[1163]: source addr: 10.70.220.50, group addr: 232.24.3.241, socket: 17
06-11 22:52:22.600 D/stbhwnet(  397): STB_NWAddMembership[1164]: setsocket success for source addrs
06-11 22:52:22.600 D/stbhwnet(  397): STB_NWAddMembership[1176]: setsockopt IP_MULTICAST_ALL params:
06-11 22:52:22.600 D/stbhwnet(  397): STB_NWAddMembership[1177]: mc_all: DISABLE
06-11 22:52:22.600 D/stbhwnet(  397): STB_NWAddMembership[1182]: setsockopt success for all
06-11 22:52:22.601 D/stbhwnet(  397): STB_NWBind[914]: Added IPV4 address to bind:232.24.3.241 
06-11 22:52:22.601 D/stbhwnet(  397): STB_NWBind[921]: Binding with address 232.24.3.241
06-11 22:52:22.601 D/stbhwnet(  397): STB_NWBind[928]: Bind (fd=18) port 5003, done okay
06-11 22:52:22.601 D/dvb_iptv(  397): SocketBind[727]: bound socket, port=5003
06-11 22:52:22.601 D/stbhwnet(  397): STB_NWAddMembership[1139]: using IPV4 protocol
06-11 22:52:22.601 D/stbhwnet(  397): STB_NWAddMembership[1142]: group_address: '232.24.3.241', source_address: '10.70.220.50'
06-11 22:52:22.601 D/stbhwnet(  397): STB_NWAddMembership[1156]: src url SSM enabled
06-11 22:52:22.601 D/stbhwnet(  397): STB_NWAddMembership[1163]: source addr: 10.70.220.50, group addr: 232.24.3.241, socket: 18
06-11 22:52:22.601 D/stbhwnet(  397): STB_NWAddMembership[1164]: setsocket success for source addrs
06-11 22:52:22.601 D/stbhwnet(  397): STB_NWAddMembership[1176]: setsockopt IP_MULTICAST_ALL params:
06-11 22:52:22.601 D/stbhwnet(  397): STB_NWAddMembership[1177]: mc_all: DISABLE
06-11 22:52:22.601 D/stbhwnet(  397): STB_NWAddMembership[1182]: setsockopt success for all
06-11 22:52:22.601 D/stbhwnet(  397): STB_NWBind[914]: Added IPV4 address to bind:232.24.3.241 
06-11 22:52:22.601 D/stbhwnet(  397): STB_NWBind[921]: Binding with address 232.24.3.241
06-11 22:52:22.601 D/stbhwnet(  397): STB_NWBind[928]: Bind (fd=19) port 5005, done okay
06-11 22:52:22.601 D/dvb_iptv(  397): SocketBind[727]: bound socket, port=5005
06-11 22:52:22.601 D/stbhwnet(  397): STB_NWAddMembership[1139]: using IPV4 protocol
06-11 22:52:22.601 D/stbhwnet(  397): STB_NWAddMembership[1142]: group_address: '232.24.3.241', source_address: '10.70.220.50'
06-11 22:52:22.601 D/stbhwnet(  397): STB_NWAddMembership[1156]: src url SSM enabled
06-11 22:52:22.601 D/stbhwnet(  397): STB_NWAddMembership[1163]: source addr: 10.70.220.50, group addr: 232.24.3.241, socket: 19
06-11 22:52:22.601 D/stbhwnet(  397): STB_NWAddMembership[1164]: setsocket success for source addrs
06-11 22:52:22.601 D/stbhwnet(  397): STB_NWAddMembership[1176]: setsockopt IP_MULTICAST_ALL params:
06-11 22:52:22.601 D/stbhwnet(  397): STB_NWAddMembership[1177]: mc_all: DISABLE
06-11 22:52:22.601 D/stbhwnet(  397): STB_NWAddMembership[1182]: setsockopt success for all
06-11 22:52:22.601 D/dvb_iptv(  397): IPTV_Emm_Open[2126]: [SockTime] EMM socket open time: 1749662542s 601694us
