--------- beginning of kernel
06-11 23:02:51.454 W/[ 9002.606211@2]  RTW(    0): fill_default_txdesc(wlan0): SP Packet(0x0806) rate=0x4 SeqNum = 740
--------- beginning of crash
06-11 23:02:52.786 F/linker  (22907): CANNOT LINK EXECUTABLE "/system/bin/smartcable/smartCableSTBApp": library "libmosquitto.so" not found: needed by main executable
06-11 23:02:53.254 D/[ 9004.407065@3]  logd(    0): logdr: UID=0 GID=0 PID=22921 b tail=0 logMask=99 pid=0 start=0ns timeout=0ns
06-11 23:02:53.255 D/[ 9004.409485@3]  logd(    0): Skipping 4294967295 entries from slow reader, pid 22921, from LogBuffer::kickMe()
06-11 23:02:56.054 W/[ 9007.205814@1]  RTW(    0): fill_default_txdesc(wlan0): SP Packet(0x0806) rate=0x4 SeqNum = 2153
06-11 23:02:57.791 F/linker  (23066): CANNOT LINK EXECUTABLE "/system/bin/smartcable/smartCableSTBApp": library "libmosquitto.so" not found: needed by main executable
06-11 23:03:01.778 W/[ 9012.931699@1]  RTW(    0): fill_default_txdesc(wlan0): SP Packet(0x0806) rate=0x4 SeqNum = 2946
06-11 23:03:02.790 F/linker  (23081): CANNOT LINK EXECUTABLE "/system/bin/smartcable/smartCableSTBApp": library "libmosquitto.so" not found: needed by main executable
06-11 23:03:06.402 W/[ 9017.553724@1]  RTW(    0): cfg80211_rtw_scan(wlan0)
06-11 23:03:06.419 W/[ 9017.553783@1]  RTW(    0): cfg80211_rtw_scan (wlan0) tx:363, rx:79, bi:442 kbps, disallow(0)
06-11 23:03:06.419 W/[ 9017.559589@2]  RTW(    0): [HW_VAR_CHECK_TXBUF] Empty in 0 ms
06-11 23:03:06.419 W/[ 9017.559679@2]  RTW(    0): wlan0 sleep m0=0x00000003, ori reg_0x4d4=0x00000000
06-11 23:03:07.098 W/[ 9018.248741@3]  RTW(    0): LeaveAllPowerSaveModeDirect.....
06-11 23:03:07.099 W/[ 9018.248752@3]  RTW(    0): LeaveAllPowerSaveModeDirect: Driver Already Leave LPS
06-11 23:03:07.099 W/[ 9018.248760@3]  RTW(    0): rtw_hal_set_macaddr_port wlan0- hw port(0) mac_addr =a8:71:16:66:28:c6
06-11 23:03:07.099 W/[ 9018.248883@3]  RTW(    0): wlan0- hw port(0) mac_addr =a8:71:16:66:28:c6
06-11 23:03:07.099 W/[ 9018.248938@3]  RTW(    0): p2p0- hw port(1) mac_addr =aa:71:16:66:28:c6
06-11 23:03:07.099 W/[ 9018.252120@3]  RTW(    0): wlan0 wakeup m0=0x00000003, ori reg_0x4d4=0x00000003
06-11 23:03:07.102 W/[ 9018.253116@0]  RTW(    0): fill_default_txdesc(wlan0): SP Packet(0x0806) rate=0x4 SeqNum = 3782
06-11 23:03:07.102 W/[ 9018.253268@2]  RTW(    0): survey done event(40) band:0 for wlan0
06-11 23:03:07.102 W/        (    0): [ 9018.253367@2]  ========== ACS (VER-3) ==========
06-11 23:03:07.103 W/        (    0): [ 9018.253411@2]  Best 24G Channel:2
06-11 23:03:07.103 W/        (    0): [ 9018.253455@2]  Best 5G Channel:48
06-11 23:03:07.103 W/        (    0): [ 9018.253455@2]
06-11 23:03:07.103 W/[ 9018.253536@2]  RTW(    0): rtw_indicate_scan_done(wlan0)
06-11 23:03:07.801 F/linker  (23104): CANNOT LINK EXECUTABLE "/system/bin/smartcable/smartCableSTBApp": library "libmosquitto.so" not found: needed by main executable
06-11 23:03:12.018 W/[ 9023.172429@1]  RTW(    0): fill_default_txdesc(wlan0): SP Packet(0x0806) rate=0x4 SeqNum = 303
06-11 23:03:12.800 F/linker  (23129): CANNOT LINK EXECUTABLE "/system/bin/smartcable/smartCableSTBApp": library "libmosquitto.so" not found: needed by main executable
06-11 23:03:17.050 W/[ 9028.203008@2]  RTW(    0): fill_default_txdesc(wlan0): SP Packet(0x0806) rate=0x4 SeqNum = 1810
06-11 23:03:17.842 F/linker  (23171): CANNOT LINK EXECUTABLE "/system/bin/smartcable/smartCableSTBApp": library "libmosquitto.so" not found: needed by main executable
06-11 23:03:22.154 W/[ 9033.306502@2]  RTW(    0): fill_default_txdesc(wlan0): SP Packet(0x0806) rate=0x4 SeqNum = 2608
06-11 23:03:22.804 F/linker  (23184): CANNOT LINK EXECUTABLE "/system/bin/smartcable/smartCableSTBApp": library "libmosquitto.so" not found: needed by main executable
06-11 23:03:26.970 W/[ 9038.122359@0]  RTW(    0): fill_default_txdesc(wlan0): SP Packet(0x0806) rate=0x4 SeqNum = 3307
06-11 23:03:27.816 F/linker  (23202): CANNOT LINK EXECUTABLE "/system/bin/smartcable/smartCableSTBApp": library "libmosquitto.so" not found: needed by main executable
06-11 23:03:32.502 W/[ 9043.655386@0]  RTW(    0): fill_default_txdesc(wlan0): SP Packet(0x0806) rate=0x4 SeqNum = 322
06-11 23:03:32.825 F/linker  (23288): CANNOT LINK EXECUTABLE "/system/bin/smartcable/smartCableSTBApp": library "libmosquitto.so" not found: needed by main executable
06-11 23:03:33.391 I/[ 9044.541662@1]  resman(    0): 121 appname:OMX-97, type=0
06-11 23:03:33.453 I/[ 9044.606258@0]  resman(    0): 121 acquire [decoder], preempt yes
06-11 23:03:33.453 I/[ 9044.606323@0]  resman(    0): 121 acquire [decoder] success
06-11 23:03:33.453 I/[ 9044.606371@0]  resman(    0): 121 acquire [codec_mm], preempt yes
06-11 23:03:33.453 I/[ 9044.606381@0]  resman(    0): 121 score 60 secure no
06-11 23:03:33.453 I/[ 9044.606385@0]  resman(    0): 121 acquire [codec_mm] success
06-11 23:03:33.478 I/[ 9044.631041@1]  [amlv4l](    0): [151]: DW:10, TW:0, Margin:5
06-11 23:03:33.495 D/[ 9044.631551@1]  [amlcom](    0): vdec_create instance 0000000002106ece, total 1, PM: power-domain
06-11 23:03:33.495 D/[ 9044.631735@1]  [media_clock](    0): vdec mux clock is 799999988 Hz
06-11 23:03:33.495 I/[ 9044.631944@1]  [amlcom](    0): vdec_init, dev_name:ammvdec_h264_v4l, vdec_type=VDEC_TYPE_FRAME_BLOCK, format: 2, total: 1
06-11 23:03:33.510 D/[ 9044.641023@1]  [h264](    0): 0: pdata->config=parm_v4l_codec_enable:1;mh264_double_write_mode:16;parm_v4l_buffer_margin:5;parm_v4l_canvas_mem_mode:0;parm_v4l_canvas_mem_endian:0;parm_v4l_low_latency_mode:0;parm_v4l_metadata_config_flag:49154;parm_v4l_duration:0;
06-11 23:03:33.530 D/[ 9044.641097@1]  [h264](    0): ammvdec_h264_mmu_init tvp = 0x0
06-11 23:03:33.530 D/[ 9044.647635@1]  [media_clock](    0): vdec mux clock is 799999988 Hz
06-11 23:03:33.532 D/[ 9044.649914@1]  [h264](    0): vh264_init, phy_addr=56e29000 vaddr=00000000a0ef048a
06-11 23:03:33.660 D/[ 9044.811359@0]  [h264](    0): 0: vmh264_get_ps_info mmu_enable 0 double_write_mode 0x10
06-11 23:03:33.660 I/[ 9044.811390@0]  [amlv4l](    0): [151]: Parse from ucode, visible(1920 x 1080), coded(1920 x 1088), scan:P, bitdepth(0), dw(10)
06-11 23:03:33.660 I/[ 9044.811431@3]  [amlv4l](    0): [151]: Picture buffer count: dec:5, vpp:0, ge2d:0, margin:5, total:10
06-11 23:03:33.660 D/[ 9044.811440@3]  [amlv4l](    0): [151]: Post event: res chg
06-11 23:03:33.670 I/[ 9044.817976@3]  dim(    0): reg:use[1]ms
06-11 23:03:33.670 I/[ 9044.817989@3]  dim(    0): create:ch[2],tmode[3]
06-11 23:03:33.670 I/[ 9044.817992@3]  dim(    0): out:0x80000000
06-11 23:03:33.670 D/[ 9044.819200@0]  [h264](    0): 0: restriction_flag=0, max_dec_frame_buffering=4, dec_dpb_size=5 num_reorder_frames 2 used_reorder_dpb_size_margin 5
06-11 23:03:33.684 D/[ 9044.835182@0]  [h264](    0): 0: decoder duration change old: 0 new: 1920
06-11 23:03:33.690 I/[ 9044.835334@2]  dim(    0): value reg:ch[2]:fix_buf:0;ponly <0,0>
06-11 23:03:33.690 I/[ 9044.835350@2]  dim(    0): di_cnt_i_buf1:tvp:0
06-11 23:03:33.690 I/[ 9044.835361@2]  dim(    0): buf large::0x4fb000, 0x5a1000
06-11 23:03:33.690 I/[ 9044.835398@2]  vpu(    0): vpu: vpu_dev_clk_gate_on: unsupport vpu mod: 72
06-11 23:03:33.690 I/[ 9044.836300@2]  dim(    0): ch[2]:reg:mem cfg[0][0][0]
06-11 23:03:33.738 I/[ 9044.890158@3]  VID(    0): VD1 off
06-11 23:03:33.738 I/[ 9044.890316@3]  vc(    0): [0]vc: set enable index=0, val=1
06-11 23:03:33.738 I/        (    0): [ 9044.890345@3]  dev->index =0, val=2
06-11 23:03:33.738 I/[ 9044.890348@3]  VID(    0): VD1 off
06-11 23:03:33.738 I/[ 9044.890353@3]  VID(    0): VD1 set global output as 1
06-11 23:03:33.738 I/[ 9044.890383@3]  VID(    0): store VD0 path_id changed -1->2
06-11 23:03:33.739 I/[ 9044.890405@3]  vc(    0): [0]sideband_type =-1
06-11 23:03:34.894 W/[ 9046.044902@2]  RTW(    0): Turbo EDCA =0xa42b
06-11 23:03:37.134 W/[ 9048.284749@1]  RTW(    0): fill_default_txdesc(wlan0): SP Packet(0x0806) rate=0x4 SeqNum = 3421
06-11 23:03:37.144 W/[ 9048.295429@3]  RTW(    0): fill_default_txdesc(wlan0): SP Packet(0x0806) rate=0x4 SeqNum = 3434
06-11 23:03:37.598 W/[ 9048.751263@3]  audit(    0): audit_lost=9693 audit_rate_limit=5 audit_backlog_limit=64
06-11 23:03:37.598 E/[ 9048.751273@3]  audit(    0): rate limit exceeded
06-11 23:03:37.832 F/linker  (23337): CANNOT LINK EXECUTABLE "/system/bin/smartcable/smartCableSTBApp": library "libmosquitto.so" not found: needed by main executable
06-11 23:03:39.130 W/[ 9050.283254@3]  audit(    0): audit_lost=9806 audit_rate_limit=5 audit_backlog_limit=64
06-11 23:03:39.130 E/[ 9050.283264@3]  audit(    0): rate limit exceeded
06-11 23:03:41.715 W/[ 9052.867719@2]  RTW(    0): fill_default_txdesc(wlan0): SP Packet(0x0806) rate=0x4 SeqNum = 3107
06-11 23:03:42.835 F/linker  (23348): CANNOT LINK EXECUTABLE "/system/bin/smartcable/smartCableSTBApp": library "libmosquitto.so" not found: needed by main executable
06-11 23:03:42.970 W/[ 9054.123749@0]  audit(    0): audit_lost=9811 audit_rate_limit=5 audit_backlog_limit=64
06-11 23:03:42.970 E/[ 9054.123760@0]  audit(    0): rate limit exceeded
06-11 23:03:43.675 I/[ 9054.829082@3]  dim(    0): ch[2] in eos p-other
06-11 23:03:43.675 D/[ 9054.829278@3]  [amlv4l](    0): [151]: Post event: eos
06-11 23:03:43.679 I/[ 9054.832927@0]  [amlv4l](    0): [151]: reset mode: 1, es frames buffering: 0
06-11 23:03:43.686 I/[ 9054.840320@0]  [amlv4l](    0): [151]: reset mode: 1, es frames buffering: 0
06-11 23:03:43.714 I/[ 9054.864590@2]  dim(    0): unreg:2keep[0], msk:[0x0,0x0]
06-11 23:03:43.722 I/[ 9054.874676@2]  vpu(    0): vpu: vpu_dev_clk_gate_off: unsupport vpu mod: 72
06-11 23:03:43.723 I/[ 9054.875039@3]  dim(    0): unreg:use[28]ms
06-11 23:03:43.723 I/[ 9054.875050@3]  dim(    0): di_destroy_instance:ch[2]:end
06-11 23:03:43.723 I/[ 9054.875661@3]  dim(    0): reg:use[0]ms
06-11 23:03:43.723 I/[ 9054.875674@3]  dim(    0): create:ch[2],tmode[3]
06-11 23:03:43.723 I/[ 9054.875677@3]  dim(    0): out:0x80000000
06-11 23:03:44.099 I/[ 9055.250548@3]  [amlv4l](    0): [151]: reset mode: 1, es frames buffering: 0
06-11 23:03:44.106 I/[ 9055.258225@3]  [amlv4l](    0): [151]: reset mode: 1, es frames buffering: 0
06-11 23:03:44.135 I/[ 9055.286537@2]  [amlv4l](    0): [151]: reset mode: 1, es frames buffering: 0
06-11 23:03:44.144 D/[ 9055.293335@0]  [amlcom](    0): vdec_release instance 0000000002106ece, total 1
06-11 23:03:44.144 D/[ 9055.293492@0]  [media_clock](    0): the clk_vdec_mux    clock off, ref cnt: 0
06-11 23:03:44.144 I/[ 9055.294245@0]  dim(    0): unreg:use[1]ms
06-11 23:03:44.144 I/[ 9055.294257@0]  dim(    0): di_destroy_instance:ch[2]:end
06-11 23:03:44.144 I/[ 9055.295429@2]  resman(    0): 121 release [decoder]
06-11 23:03:44.144 I/[ 9055.295442@2]  resman(    0): 121 release [codec_mm]
06-11 23:03:44.144 E/        (    0): [ 9055.297803@0]  disalbe fastplay
06-11 23:03:44.159 I/[ 9055.310044@2]  resman(    0): 122 appname:OMX-98, type=0
06-11 23:03:44.210 I/[ 9055.362618@0]  resman(    0): 122 acquire [decoder], preempt yes
06-11 23:03:44.212 I/[ 9055.362630@0]  resman(    0): 122 acquire [decoder] success
06-11 23:03:44.212 I/[ 9055.362659@0]  resman(    0): 122 acquire [codec_mm], preempt yes
06-11 23:03:44.212 I/[ 9055.362667@0]  resman(    0): 122 score 60 secure no
06-11 23:03:44.212 I/[ 9055.362672@0]  resman(    0): 122 acquire [codec_mm] success
06-11 23:03:44.223 I/[ 9055.376104@2]  [amlv4l](    0): [153]: DW:10, TW:0, Margin:5
06-11 23:03:44.223 D/[ 9055.376363@2]  [amlcom](    0): vdec_create instance 000000001edc4b6c, total 1, PM: power-domain
06-11 23:03:44.223 D/[ 9055.376499@2]  [media_clock](    0): vdec mux clock is 799999988 Hz
06-11 23:03:44.231 I/[ 9055.376729@2]  [amlcom](    0): vdec_init, dev_name:ammvdec_h264_v4l, vdec_type=VDEC_TYPE_FRAME_BLOCK, format: 2, total: 1
06-11 23:03:44.243 D/[ 9055.378770@2]  [h264](    0): 0: pdata->config=parm_v4l_codec_enable:1;mh264_double_write_mode:16;parm_v4l_buffer_margin:5;parm_v4l_canvas_mem_mode:0;parm_v4l_canvas_mem_endian:0;parm_v4l_low_latency_mode:0;parm_v4l_metadata_config_flag:49154;parm_v4l_duration:4000;
06-11 23:03:44.243 D/[ 9055.378814@2]  [h264](    0): ammvdec_h264_mmu_init tvp = 0x0
06-11 23:03:44.243 D/[ 9055.383866@2]  [media_clock](    0): vdec mux clock is 799999988 Hz
06-11 23:03:44.243 D/[ 9055.387149@2]  [h264](    0): vh264_init, phy_addr=56e29000 vaddr=00000000c3220371
06-11 23:03:44.294 I/[ 9055.446609@0]  [amlv4l](    0): [153]: reset mode: 1, es frames buffering: 0
06-11 23:03:44.295 D/[ 9055.446657@0]  [h264](    0): 0: !!!wrong seq_info2 0x0 mb_width/mb_height (0x0/0x0), ret:1
06-11 23:03:44.667 D/[ 9055.818310@1]  [h264](    0): 0: vmh264_get_ps_info mmu_enable 0 double_write_mode 0x10
06-11 23:03:44.667 I/[ 9055.818339@1]  [amlv4l](    0): [153]: Parse from ucode, visible(1920 x 1080), coded(1920 x 1088), scan:P, bitdepth(0), dw(10)
06-11 23:03:44.667 I/[ 9055.819776@2]  [amlv4l](    0): [153]: Picture buffer count: dec:5, vpp:0, ge2d:0, margin:5, total:10
06-11 23:03:44.667 D/[ 9055.819793@2]  [amlv4l](    0): [153]: Post event: res chg
06-11 23:03:44.679 I/[ 9055.828958@2]  dim(    0): reg:use[0]ms
06-11 23:03:44.679 I/[ 9055.828970@2]  dim(    0): create:ch[2],tmode[3]
06-11 23:03:44.679 I/[ 9055.828973@2]  dim(    0): out:0x80000000
06-11 23:03:44.687 D/[ 9055.838604@2]  [h264](    0): 0: restriction_flag=0, max_dec_frame_buffering=4, dec_dpb_size=5 num_reorder_frames 3 used_reorder_dpb_size_margin 5
06-11 23:03:44.740 D/[ 9055.888328@0]  [h264](    0): 0: decoder duration change old: 0 new: 4000
06-11 23:03:44.740 I/[ 9055.888494@1]  dim(    0): value reg:ch[2]:fix_buf:0;ponly <0,0>
06-11 23:03:44.745 I/[ 9055.888510@1]  dim(    0): di_cnt_i_buf1:tvp:0
06-11 23:03:44.745 I/[ 9055.888562@1]  dim(    0): buf large::0x4fb000, 0x5a1000
06-11 23:03:44.746 I/[ 9055.888601@1]  vpu(    0): vpu: vpu_dev_clk_gate_on: unsupport vpu mod: 72
06-11 23:03:44.746 I/[ 9055.889481@1]  dim(    0): ch[2]:reg:mem cfg[0][0][0]
06-11 23:03:46.838 W/[ 9057.988853@3]  RTW(    0): fill_default_txdesc(wlan0): SP Packet(0x0806) rate=0x4 SeqNum = 527
06-11 23:03:47.833 F/linker  (23387): CANNOT LINK EXECUTABLE "/system/bin/smartcable/smartCableSTBApp": library "libmosquitto.so" not found: needed by main executable
06-11 23:03:52.062 W/[ 9063.212721@3]  RTW(    0): fill_default_txdesc(wlan0): SP Packet(0x0806) rate=0x4 SeqNum = 3279
06-11 23:03:52.841 F/linker  (23402): CANNOT LINK EXECUTABLE "/system/bin/smartcable/smartCableSTBApp": library "libmosquitto.so" not found: needed by main executable
06-11 23:03:57.186 W/[ 9068.337004@2]  RTW(    0): fill_default_txdesc(wlan0): SP Packet(0x0806) rate=0x4 SeqNum = 1880
06-11 23:03:57.850 F/linker  (23417): CANNOT LINK EXECUTABLE "/system/bin/smartcable/smartCableSTBApp": library "libmosquitto.so" not found: needed by main executable
06-11 23:03:58.383 W/[ 9069.532674@2]  RTW(    0): fill_default_txdesc(wlan0): SP Packet(0x0806) rate=0x4 SeqNum = 2762
06-11 23:04:02.230 W/[ 9073.382311@1]  RTW(    0): fill_default_txdesc(wlan0): SP Packet(0x0806) rate=0x4 SeqNum = 3117
06-11 23:04:02.852 F/linker  (23435): CANNOT LINK EXECUTABLE "/system/bin/smartcable/smartCableSTBApp": library "libmosquitto.so" not found: needed by main executable
06-11 23:04:07.422 W/[ 9078.573184@0]  RTW(    0): fill_default_txdesc(wlan0): SP Packet(0x0806) rate=0x4 SeqNum = 2259
06-11 23:04:07.856 F/linker  (23446): CANNOT LINK EXECUTABLE "/system/bin/smartcable/smartCableSTBApp": library "libmosquitto.so" not found: needed by main executable
06-11 23:04:09.166 W/[ 9080.316823@3]  RTW(    0): Turbo EDCA =0x5ea42b
06-11 23:04:11.182 W/[ 9082.333445@1]  RTW(    0): Turbo EDCA =0xa42b
06-11 23:04:12.542 W/[ 9083.695553@0]  RTW(    0): fill_default_txdesc(wlan0): SP Packet(0x0806) rate=0x4 SeqNum = 3061
06-11 23:04:12.857 F/linker  (23460): CANNOT LINK EXECUTABLE "/system/bin/smartcable/smartCableSTBApp": library "libmosquitto.so" not found: needed by main executable
06-11 23:04:13.198 W/[ 9084.348743@0]  RTW(    0): Turbo EDCA =0x5ea42b
06-11 23:04:15.214 W/[ 9086.364672@3]  RTW(    0): Turbo EDCA =0xa42b
06-11 23:04:15.562 W/[ 9086.715197@3]  RTW(    0): recv_decache: tid=0 seq=3398 frag=0
06-11 23:04:17.230 W/[ 9088.380711@1]  RTW(    0): Turbo EDCA =0x5ea42b
06-11 23:04:17.658 W/[ 9088.810831@1]  RTW(    0): fill_default_txdesc(wlan0): SP Packet(0x0806) rate=0x4 SeqNum = 3814
06-11 23:04:17.861 F/linker  (23473): CANNOT LINK EXECUTABLE "/system/bin/smartcable/smartCableSTBApp": library "libmosquitto.so" not found: needed by main executable
06-11 23:04:19.934 I/[ 9091.087264@1]  vc(    0): [0]vc: set enable index=0, val=0
06-11 23:04:19.934 I/[ 9091.087288@1]  VID(    0): store VD0 path_id changed 2->-1
06-11 23:04:19.935 I/        (    0): [ 9091.087292@1]  dev->index =0, val=1
06-11 23:04:19.935 I/[ 9091.087295@1]  VID(    0): VD1 off
06-11 23:04:19.935 I/[ 9091.087300@1]  VID(    0): VD1 set global output as 0
06-11 23:04:19.935 I/        (    0): [ 9091.087318@1]  common_vf_unreg_provider video_render.0: vd1 used: true, vd2 used: false, vd3 used: false, black_out:0, cur_buf:00000000ebc7e71a
06-11 23:04:20.195 I/[ 9091.346835@1]  [amlv4l](    0): [153]: reset mode: 1, es frames buffering: 61
06-11 23:04:20.203 I/[ 9091.353803@1]  [amlv4l](    0): [153]: reset mode: 1, es frames buffering: 0
06-11 23:04:20.231 I/[ 9091.380593@3]  dim(    0): unreg:2keep[0], msk:[0x0,0x0]
06-11 23:04:20.241 I/[ 9091.390720@3]  vpu(    0): vpu: vpu_dev_clk_gate_off: unsupport vpu mod: 72
06-11 23:04:20.241 I/[ 9091.391016@1]  dim(    0): unreg:use[28]ms
06-11 23:04:20.241 I/[ 9091.391025@1]  dim(    0): di_destroy_instance:ch[2]:end
06-11 23:04:20.241 I/[ 9091.391630@1]  dim(    0): reg:use[0]ms
06-11 23:04:20.241 I/[ 9091.391641@1]  dim(    0): create:ch[2],tmode[3]
06-11 23:04:20.241 I/[ 9091.391645@1]  dim(    0): out:0x80000000
06-11 23:04:20.264 I/[ 9091.415501@1]  [amlv4l](    0): [153]: reset mode: 1, es frames buffering: 0
06-11 23:04:20.286 I/[ 9091.436648@1]  [amlv4l](    0): [153]: reset mode: 1, es frames buffering: 0
06-11 23:04:20.323 I/[ 9091.455173@1]  [amlv4l](    0): [153]: reset mode: 1, es frames buffering: 0
06-11 23:04:20.323 D/[ 9091.461620@1]  [amlcom](    0): vdec_release instance 000000001edc4b6c, total 1
06-11 23:04:20.323 D/[ 9091.461772@1]  [media_clock](    0): the clk_vdec_mux    clock off, ref cnt: 0
06-11 23:04:20.323 I/[ 9091.462470@1]  dim(    0): unreg:use[1]ms
06-11 23:04:20.323 I/[ 9091.462481@1]  dim(    0): di_destroy_instance:ch[2]:end
06-11 23:04:20.323 I/[ 9091.463521@1]  resman(    0): 122 release [decoder]
06-11 23:04:20.323 I/[ 9091.463532@1]  resman(    0): 122 release [codec_mm]
06-11 23:04:20.323 E/        (    0): [ 9091.464689@3]  disalbe fastplay
06-11 23:04:22.779 W/[ 9093.931614@1]  RTW(    0): fill_default_txdesc(wlan0): SP Packet(0x0806) rate=0x4 SeqNum = 1173
06-11 23:04:22.870 F/linker  (23508): CANNOT LINK EXECUTABLE "/system/bin/smartcable/smartCableSTBApp": library "libmosquitto.so" not found: needed by main executable
06-11 23:04:27.875 F/linker  (23525): CANNOT LINK EXECUTABLE "/system/bin/smartcable/smartCableSTBApp": library "libmosquitto.so" not found: needed by main executable
06-11 23:04:27.898 W/[ 9099.050485@0]  RTW(    0): fill_default_txdesc(wlan0): SP Packet(0x0806) rate=0x4 SeqNum = 2120
06-11 23:04:32.873 F/linker  (23535): CANNOT LINK EXECUTABLE "/system/bin/smartcable/smartCableSTBApp": library "libmosquitto.so" not found: needed by main executable
06-11 23:04:33.022 W/[ 9104.173994@1]  RTW(    0): fill_default_txdesc(wlan0): SP Packet(0x0806) rate=0x4 SeqNum = 2696
06-11 23:04:37.883 F/linker  (23549): CANNOT LINK EXECUTABLE "/system/bin/smartcable/smartCableSTBApp": library "libmosquitto.so" not found: needed by main executable
06-11 23:04:38.154 W/[ 9109.306410@1]  RTW(    0): fill_default_txdesc(wlan0): SP Packet(0x0806) rate=0x4 SeqNum = 3195
06-11 23:04:42.880 F/linker  (23558): CANNOT LINK EXECUTABLE "/system/bin/smartcable/smartCableSTBApp": library "libmosquitto.so" not found: needed by main executable
06-11 23:04:43.154 W/[ 9114.305848@3]  RTW(    0): fill_default_txdesc(wlan0): SP Packet(0x0806) rate=0x4 SeqNum = 3744
06-11 23:04:43.214 W/[ 9114.366080@1]  audit(    0): audit_lost=9813 audit_rate_limit=5 audit_backlog_limit=64
06-11 23:04:43.214 E/[ 9114.366092@1]  audit(    0): rate limit exceeded
06-11 23:04:47.885 F/linker  (23574): CANNOT LINK EXECUTABLE "/system/bin/smartcable/smartCableSTBApp": library "libmosquitto.so" not found: needed by main executable
06-11 23:04:48.278 W/[ 9119.429929@1]  RTW(    0): fill_default_txdesc(wlan0): SP Packet(0x0806) rate=0x4 SeqNum = 184
06-11 23:04:52.398 W/[ 9123.548651@0]  RTW(    0): fill_default_txdesc(wlan0): SP Packet(0x0806) rate=0x4 SeqNum = 608
06-11 23:04:52.892 F/linker  (23583): CANNOT LINK EXECUTABLE "/system/bin/smartcable/smartCableSTBApp": library "libmosquitto.so" not found: needed by main executable
06-11 23:04:53.498 W/[ 9124.651414@1]  RTW(    0): fill_default_txdesc(wlan0): SP Packet(0x0806) rate=0x4 SeqNum = 719
06-11 23:04:57.898 F/linker  (23601): CANNOT LINK EXECUTABLE "/system/bin/smartcable/smartCableSTBApp": library "libmosquitto.so" not found: needed by main executable
06-11 23:04:58.626 W/[ 9129.780385@0]  RTW(    0): fill_default_txdesc(wlan0): SP Packet(0x0806) rate=0x4 SeqNum = 1250
06-11 23:05:02.902 F/linker  (23610): CANNOT LINK EXECUTABLE "/system/bin/smartcable/smartCableSTBApp": library "libmosquitto.so" not found: needed by main executable
06-11 23:05:03.754 W/[ 9134.906329@0]  RTW(    0): fill_default_txdesc(wlan0): SP Packet(0x0806) rate=0x4 SeqNum = 1797
06-11 23:05:07.909 F/linker  (23622): CANNOT LINK EXECUTABLE "/system/bin/smartcable/smartCableSTBApp": library "libmosquitto.so" not found: needed by main executable
06-11 23:05:08.798 W/[ 9139.949612@0]  RTW(    0): fill_default_txdesc(wlan0): SP Packet(0x0806) rate=0x4 SeqNum = 2319
06-11 23:05:12.918 F/linker  (23632): CANNOT LINK EXECUTABLE "/system/bin/smartcable/smartCableSTBApp": library "libmosquitto.so" not found: needed by main executable
06-11 23:05:13.954 W/[ 9145.106367@1]  RTW(    0): fill_default_txdesc(wlan0): SP Packet(0x0806) rate=0x4 SeqNum = 2867
06-11 23:05:17.926 F/linker  (23653): CANNOT LINK EXECUTABLE "/system/bin/smartcable/smartCableSTBApp": library "libmosquitto.so" not found: needed by main executable
06-11 23:05:19.023 W/[ 9150.176318@0]  RTW(    0): fill_default_txdesc(wlan0): SP Packet(0x0806) rate=0x4 SeqNum = 3485
06-11 23:05:22.790 E/[ 9153.944446@0]  selinux(    0): SELinux: Could not get canonical path for /sys/kernel/dmabuf/buffers/1779198/attachments restorecon: No such file or directory.
06-11 23:05:22.790 E/[ 9153.944462@0]  selinux(    0):  
06-11 23:05:22.794 E/[ 9153.944728@0]  ueventd(    0): selinux_android_restorecon(/sys/kernel/dmabuf/buffers/1779198/attachments) failed: No such file or directory
06-11 23:05:22.806 E/[ 9153.958324@0]  selinux(    0): SELinux: Could not get canonical path for /sys/kernel/dmabuf/buffers/1776480/attachments restorecon: No such file or directory.
06-11 23:05:22.806 E/[ 9153.958344@0]  selinux(    0):  
06-11 23:05:22.806 E/[ 9153.958383@0]  ueventd(    0): selinux_android_restorecon(/sys/kernel/dmabuf/buffers/1776480/attachments) failed: No such file or directory
06-11 23:05:22.927 F/linker  (23669): CANNOT LINK EXECUTABLE "/system/bin/smartcable/smartCableSTBApp": library "libmosquitto.so" not found: needed by main executable
06-11 23:05:24.166 W/[ 9155.318194@0]  RTW(    0): fill_default_txdesc(wlan0): SP Packet(0x0806) rate=0x4 SeqNum = 4055
06-11 23:05:27.468 W/[ 9158.620671@0]  RTW(    0): fill_default_txdesc(wlan0): SP Packet(0x0806) rate=0x4 SeqNum = 299
06-11 23:05:27.937 F/linker  (23679): CANNOT LINK EXECUTABLE "/system/bin/smartcable/smartCableSTBApp": library "libmosquitto.so" not found: needed by main executable
06-11 23:05:28.750 W/[ 9159.900885@1]  RTW(    0): fill_default_txdesc(wlan0): SP Packet(0x0806) rate=0x4 SeqNum = 429
06-11 23:05:32.945 F/linker  (23693): CANNOT LINK EXECUTABLE "/system/bin/smartcable/smartCableSTBApp": library "libmosquitto.so" not found: needed by main executable
06-11 23:05:33.890 W/[ 9165.043216@3]  RTW(    0): fill_default_txdesc(wlan0): SP Packet(0x0806) rate=0x4 SeqNum = 969
06-11 23:05:37.870 W/[ 9169.021998@2]  audit(    0): audit_lost=9816 audit_rate_limit=5 audit_backlog_limit=64
06-11 23:05:37.870 E/[ 9169.022004@2]  audit(    0): rate limit exceeded
06-11 23:05:37.946 F/linker  (23703): CANNOT LINK EXECUTABLE "/system/bin/smartcable/smartCableSTBApp": library "libmosquitto.so" not found: needed by main executable
06-11 23:05:38.742 W/[ 9169.892778@1]  RTW(    0): fill_default_txdesc(wlan0): SP Packet(0x0806) rate=0x4 SeqNum = 1502
06-11 23:05:39.038 W/[ 9170.191575@2]  audit(    0): audit_lost=9934 audit_rate_limit=5 audit_backlog_limit=64
06-11 23:05:39.038 E/[ 9170.191584@2]  audit(    0): rate limit exceeded
06-11 23:05:42.957 F/linker  (23748): CANNOT LINK EXECUTABLE "/system/bin/smartcable/smartCableSTBApp": library "libmosquitto.so" not found: needed by main executable
06-11 23:05:43.222 W/[ 9174.376168@3]  audit(    0): audit_lost=9939 audit_rate_limit=5 audit_backlog_limit=64
06-11 23:05:43.223 E/[ 9174.376185@3]  audit(    0): rate limit exceeded
06-11 23:05:43.942 W/[ 9175.093140@0]  RTW(    0): fill_default_txdesc(wlan0): SP Packet(0x0806) rate=0x4 SeqNum = 2083
06-11 23:05:47.964 F/linker  (23797): CANNOT LINK EXECUTABLE "/system/bin/smartcable/smartCableSTBApp": library "libmosquitto.so" not found: needed by main executable
06-11 23:05:48.698 W/[ 9179.849957@1]  RTW(    0): fill_default_txdesc(wlan0): SP Packet(0x0806) rate=0x4 SeqNum = 2583
06-11 23:05:52.966 F/linker  (23874): CANNOT LINK EXECUTABLE "/system/bin/smartcable/smartCableSTBApp": library "libmosquitto.so" not found: needed by main executable
06-11 23:05:53.582 W/[ 9184.732662@0]  RTW(    0): fill_default_txdesc(wlan0): SP Packet(0x0806) rate=0x4 SeqNum = 3126
06-11 23:05:53.854 W/[ 9185.007801@1]  RTW(    0): fill_default_txdesc(wlan0): SP Packet(0x0806) rate=0x4 SeqNum = 3153
06-11 23:05:57.969 F/linker  (23923): CANNOT LINK EXECUTABLE "/system/bin/smartcable/smartCableSTBApp": library "libmosquitto.so" not found: needed by main executable
06-11 23:05:58.814 W/[ 9189.968431@1]  RTW(    0): fill_default_txdesc(wlan0): SP Packet(0x0806) rate=0x4 SeqNum = 3687
06-11 23:06:02.976 F/linker  (23973): CANNOT LINK EXECUTABLE "/system/bin/smartcable/smartCableSTBApp": library "libmosquitto.so" not found: needed by main executable
06-11 23:06:03.758 W/[ 9194.912257@0]  RTW(    0): fill_default_txdesc(wlan0): SP Packet(0x0806) rate=0x4 SeqNum = 105
06-11 23:06:07.983 F/linker  (23989): CANNOT LINK EXECUTABLE "/system/bin/smartcable/smartCableSTBApp": library "libmosquitto.so" not found: needed by main executable
06-11 23:06:09.182 W/[ 9200.333162@1]  RTW(    0): fill_default_txdesc(wlan0): SP Packet(0x0806) rate=0x4 SeqNum = 702
06-11 23:06:09.376 I/        (    0): [ 9200.528256@2]  EXT4-fs (mmcblk0p17): re-mounted. Opts: (null)
06-11 23:06:12.988 F/linker  (24004): CANNOT LINK EXECUTABLE "/system/bin/smartcable/smartCableSTBApp": library "libmosquitto.so" not found: needed by main executable
06-11 23:06:13.990 D/[ 9205.144225@2]  logd(    0): logdr: UID=0 GID=0 PID=24033 b tail=0 logMask=99 pid=0 start=0ns timeout=0ns
06-11 23:06:14.263 W/[ 9205.412577@1]  RTW(    0): fill_default_txdesc(wlan0): SP Packet(0x0806) rate=0x4 SeqNum = 1679
06-11 23:06:14.638 I/[ 9205.790551@1]  binder(    0): 22872:22894 transaction failed 29189/-22, size 616-0 line 2705
06-11 23:06:14.648 E/AndroidRuntime(22872): FATAL EXCEPTION: Instr: androidx.test.runner.AndroidJUnitRunner
06-11 23:06:14.648 E/AndroidRuntime(22872): Process: io.appium.uiautomator2.server, PID: 22872
06-11 23:06:14.648 E/AndroidRuntime(22872): java.lang.IllegalStateException: UiAutomation not connected, UiAutomation@30745d0[id=-1, flags=0]
06-11 23:06:14.648 E/AndroidRuntime(22872): 	at android.app.UiAutomation.throwIfNotConnectedLocked(UiAutomation.java:1239)
06-11 23:06:14.648 E/AndroidRuntime(22872): 	at android.app.UiAutomation.disconnect(UiAutomation.java:296)
06-11 23:06:14.648 E/AndroidRuntime(22872): 	at android.app.Instrumentation.finish(Instrumentation.java:249)
06-11 23:06:14.648 E/AndroidRuntime(22872): 	at androidx.test.runner.MonitoringInstrumentation.finish(MonitoringInstrumentation.java:409)
06-11 23:06:14.648 E/AndroidRuntime(22872): 	at androidx.test.runner.AndroidJUnitRunner.onStart(AndroidJUnitRunner.java:474)
06-11 23:06:14.648 E/AndroidRuntime(22872): 	at android.app.Instrumentation$InstrumentationThread.run(Instrumentation.java:2205)
06-11 23:06:14.799 I/[ 9205.951889@1]  binder(    0): 633:660 transaction failed 29189/-22, size 88-0 line 2705
06-11 23:06:14.806 I/[ 9205.956596@1]  binder(    0): 633:24088 transaction failed 29189/-22, size 340-0 line 2705
--------- beginning of main
06-11 23:06:15.813 D/Glide   ( 1773): Finished loading Bitmap from LOCAL for com.bumptech.glide.gifdecoder.StandardGifDecoder@8b54719 with size [314x176] in 16.348708 ms
06-11 23:06:15.846 D/Glide   ( 1773): Finished loading Bitmap from LOCAL for com.bumptech.glide.gifdecoder.StandardGifDecoder@8b54719 with size [314x176] in 8.819084 ms
06-11 23:06:15.879 I/JioBackgroundSchedulerService( 2899): Check schedule  
06-11 23:06:15.880 D/Glide   ( 1773): Finished loading Bitmap from LOCAL for com.bumptech.glide.gifdecoder.StandardGifDecoder@8b54719 with size [314x176] in 1.9836669999999998 ms
06-11 23:06:15.888 D/stbdpc  (  397): STB_DPGetNumPaths[570]: num_paths: 1
06-11 23:06:15.930 D/Glide   ( 1773): Finished loading Bitmap from LOCAL for com.bumptech.glide.gifdecoder.StandardGifDecoder@8b54719 with size [314x176] in 11.198584 ms
06-11 23:06:15.963 D/Glide   ( 1773): Finished loading Bitmap from LOCAL for com.bumptech.glide.gifdecoder.StandardGifDecoder@8b54719 with size [314x176] in 3.9793749999999997 ms
06-11 23:06:15.988 D/stbdpc  (  397): STB_DPGetNumPaths[570]: num_paths: 1
06-11 23:06:16.013 D/Glide   ( 1773): Finished loading Bitmap from LOCAL for com.bumptech.glide.gifdecoder.StandardGifDecoder@8b54719 with size [314x176] in 14.348167 ms
06-11 23:06:16.016 D/JioStbInactivityTimer(  926): Timer: count 362 warningTimeout:10680 timeout:10800
06-11 23:06:16.016 D/JioStbInactivityTimer(  926): isUserActive: Curr:8843201 Prev:8843201
06-11 23:06:16.024 D/ApplicationLoaders(24119): Returning zygote-cached class loader: /system/framework/android.test.base.jar
06-11 23:06:16.024 D/ApplicationLoaders(24119): Returning zygote-cached class loader: /system/framework/android.test.base.jar
06-11 23:06:16.027 I/tomator2.serve(24119): The ClassLoaderContext is a special shared library.
06-11 23:06:16.032 D/ApplicationLoaders(24119): Returning zygote-cached class loader: /system/framework/android.test.base.jar
06-11 23:06:16.032 D/ApplicationLoaders(24119): Returning zygote-cached class loader: /system/framework/android.test.base.jar
06-11 23:06:16.035 I/tomator2.serve(24119): The ClassLoaderContext is a special shared library.
06-11 23:06:16.042 I/chatty  (24119): uid=10096(io.appium.uiautomator2.server) identical 1 line
06-11 23:06:16.045 I/tomator2.serve(24119): The ClassLoaderContext is a special shared library.
06-11 23:06:16.047 D/Glide   ( 1773): Finished loading Bitmap from LOCAL for com.bumptech.glide.gifdecoder.StandardGifDecoder@8b54719 with size [314x176] in 7.926583 ms
06-11 23:06:16.047 I/tomator2.serve(24119): The ClassLoaderContext is a special shared library.
06-11 23:06:16.051 W/tomator2.serve(24119): ClassLoaderContext classpath size mismatch. expected=0, found=3 (PCL[]{PCL[/system/framework/android.test.base.jar*3223074991]#PCL[/system/framework/android.test.mock.jar*3465107378]{PCL[/system/framework/android.test.base.jar*3223074991]}#PCL[/system/framework/android.test.runner.jar*1831602180]{PCL[/system/framework/android.test.base.jar*3223074991]#PCL[/system/framework/android.test.mock.jar*3465107378]{PCL[/system/framework/android.test.base.jar*3223074991]}}} | PCL[/system/framework/android.test.runner.jar*1831602180:/system/framework/android.test.mock.jar*3465107378:/system/framework/android.test.base.jar*3223074991]{PCL[/system/framework/android.test.base.jar*3223074991]#PCL[/system/framework/android.test.mock.jar*3465107378]{PCL[/system/framework/android.test.base.jar*3223074991]}#PCL[/system/framework/android.test.runner.jar*1831602180]{PCL[/system/framework/android.test.base.jar*3223074991]#PCL[/system/framework/android.test.mock.jar*3465107378]{PCL[/system/framework/android.test.base.jar*3223074991]}}};PCL[/system/framework/android.test.runner.jar*1831602180:/system/framework/android.test.mock.jar*3465107378:/system/framework/android.test.base.jar*3223074991:/data/app/~~vz-LI613mzCW1_tI8sJdSA==/io.appium.uiautomator2.server.test-pndtPeicsSbNz5ltJNtTXA==/base.apk*2370577946:/data/app/~~vz-LI613mzCW1_tI8sJdSA==/io.appium.uiautomator2.server.test-pndtPeicsSbNz5ltJNtTXA==/base.apk!classes2.dex*3874714895:/data/app/~~vz-LI613mzCW1_tI8sJdSA==/io.appium.uiautomator2.server.test-pndtPeicsSbNz5ltJNtTXA==/base.apk!classes3.dex*1176165195:/data/app/~~vz-LI613mzCW1_tI8sJdSA==/io.appium.uiautomator2.server.test-pndtPeicsSbNz5ltJNtTXA==/base.apk!classes4.dex*2511881386:/data/app/~~ERS2Vb0_Lr3atThE734KvA==/io.appium.uiautomator2.server-qXkfZw9LtZYC0ZeR2vvERg==/base.apk*4034737733:/data/app/~~ERS2Vb0_Lr3atThE734KvA==/io.appium.uiautomator2.server-qXkfZw9LtZYC0ZeR2vvERg==/base.apk!classes2.dex*2790048942:/data/app/~~ERS2Vb0_Lr3atThE734KvA==/io.appium.uiautomator2.server-qXkfZw9LtZYC0ZeR2vvERg==/base.apk!classes3.dex*1634705335:/data/app/~~ERS2Vb0_Lr3atThE734KvA==/io.appium.uiautomator2.server-qXkfZw9LtZYC0ZeR2vvERg==/base.apk!classes4.dex*45356349:/data/app/~~ERS2Vb0_Lr3atThE734KvA==/io.appium.uiautomator2.server-qXkfZw9LtZYC0ZeR2vvERg==/base.apk!classes5.dex*2419862292:/data/app/~~ERS2Vb0_Lr3atThE734KvA==/io.appium.uiautomator2.server-qXkfZw9LtZYC0ZeR2vvERg==/base.apk!classes6.dex*3944827479:/data/app/~~ERS2Vb0_Lr3atThE734KvA==/io.appium.uiautomator2.server-qXkfZw9LtZYC0ZeR2vvERg==/base.apk!classes7.dex*3145060491:/data/app/~~ERS2Vb0_Lr3atThE734KvA==/io.appium.uiautomator2.server-qXkfZw9LtZYC0ZeR2vvERg==/base.apk!classes8.dex*2034454731:/data/app/~~ERS2Vb0_Lr3atThE734KvA==/io.appium.uiautomator2.server-qXkfZw9LtZYC0ZeR2vvERg==/base.apk!classes9.dex*1613375383:/data/app/~~ERS2Vb0_Lr3atThE734KvA==/io.appium.uiautomator2.server-qXkfZw9LtZYC0ZeR2vvERg==/base.apk!classes10.dex*1483611213:/data/app/~~ERS2Vb0_Lr3atThE734KvA==/io.appium.uiautomator2.server-qXkfZw9LtZYC0ZeR2vvERg==/base.apk!classes11.dex*2888641764:/data/app/~~ERS2Vb0_Lr3atThE734KvA==/io.appium.uiautomator2.server-qXkfZw9LtZYC0ZeR2vvERg==/base.apk!classes12.dex*1711778771:/data/app/~~ERS2Vb0_Lr3atThE734KvA==/io.appium.uiautomator2.server-qXkfZw9LtZYC0ZeR2vvERg==/base.apk!classes13.dex*2108421983:/data/app/~~ERS2Vb0_Lr3atThE734KvA==/io.appium.uiautomator2.server-qXkfZw9LtZYC0ZeR2vvERg==/base.apk!classes14.dex*2618393034:/data/app/~~ERS2Vb0_Lr3atThE734KvA==/io.appium.uiautomator2.server-qXkfZw9LtZYC0ZeR2vvERg==/base.apk!classes15.dex*3152272110:/data/app/~~ERS2Vb0_Lr3atThE734KvA==/io.appium.uiautomator2.server-qXkfZw9LtZYC0ZeR2vvERg==/base.apk!classes16.dex*898502560])
06-11 23:06:16.054 W/tomator2.serve(24119): Found duplicate classes, falling back to extracting from APK : /data/app/~~vz-LI613mzCW1_tI8sJdSA==/io.appium.uiautomator2.server.test-pndtPeicsSbNz5ltJNtTXA==/base.apk
06-11 23:06:16.054 W/tomator2.serve(24119): NOTE: This wastes RAM and hurts startup performance.
06-11 23:06:16.054 W/tomator2.serve(24119): Found duplicated class when checking oat files: 'Lcom/squareup/okhttp/Address;' in /data/app/~~vz-LI613mzCW1_tI8sJdSA==/io.appium.uiautomator2.server.test-pndtPeicsSbNz5ltJNtTXA==/base.apk and /data/app/~~vz-LI613mzCW1_tI8sJdSA==/io.appium.uiautomator2.server.test-pndtPeicsSbNz5ltJNtTXA==/base.apk
06-11 23:06:16.070 W/tomator2.serve(24119): ClassLoaderContext classpath size mismatch. expected=0, found=7 (PCL[] | PCL[/system/framework/android.test.runner.jar*1831602180:/system/framework/android.test.mock.jar*3465107378:/system/framework/android.test.base.jar*3223074991:/data/app/~~vz-LI613mzCW1_tI8sJdSA==/io.appium.uiautomator2.server.test-pndtPeicsSbNz5ltJNtTXA==/base.apk*2370577946:/data/app/~~vz-LI613mzCW1_tI8sJdSA==/io.appium.uiautomator2.server.test-pndtPeicsSbNz5ltJNtTXA==/base.apk!classes2.dex*3874714895:/data/app/~~vz-LI613mzCW1_tI8sJdSA==/io.appium.uiautomator2.server.test-pndtPeicsSbNz5ltJNtTXA==/base.apk!classes3.dex*1176165195:/data/app/~~vz-LI613mzCW1_tI8sJdSA==/io.appium.uiautomator2.server.test-pndtPeicsSbNz5ltJNtTXA==/base.apk!classes4.dex*2511881386]{PCL[/system/framework/android.test.base.jar*3223074991]#PCL[/system/framework/android.test.mock.jar*3465107378]{PCL[/system/framework/android.test.base.jar*3223074991]}#PCL[/system/framework/android.test.runner.jar*1831602180]{PCL[/system/framework/android.test.base.jar*3223074991]#PCL[/system/framework/android.test.mock.jar*3465107378]{PCL[/system/framework/android.test.base.jar*3223074991]}}};PCL[/system/framework/android.test.runner.jar*1831602180:/system/framework/android.test.mock.jar*3465107378:/system/framework/android.test.base.jar*3223074991:/data/app/~~vz-LI613mzCW1_tI8sJdSA==/io.appium.uiautomator2.server.test-pndtPeicsSbNz5ltJNtTXA==/base.apk*2370577946:/data/app/~~vz-LI613mzCW1_tI8sJdSA==/io.appium.uiautomator2.server.test-pndtPeicsSbNz5ltJNtTXA==/base.apk!classes2.dex*3874714895:/data/app/~~vz-LI613mzCW1_tI8sJdSA==/io.appium.uiautomator2.server.test-pndtPeicsSbNz5ltJNtTXA==/base.apk!classes3.dex*1176165195:/data/app/~~vz-LI613mzCW1_tI8sJdSA==/io.appium.uiautomator2.server.test-pndtPeicsSbNz5ltJNtTXA==/base.apk!classes4.dex*2511881386:/data/app/~~ERS2Vb0_Lr3atThE734KvA==/io.appium.uiautomator2.server-qXkfZw9LtZYC0ZeR2vvERg==/base.apk*4034737733:/data/app/~~ERS2Vb0_Lr3atThE734KvA==/io.appium.uiautomator2.server-qXkfZw9LtZYC0ZeR2vvERg==/base.apk!classes2.dex*2790048942:/data/app/~~ERS2Vb0_Lr3atThE734KvA==/io.appium.uiautomator2.server-qXkfZw9LtZYC0ZeR2vvERg==/base.apk!classes3.dex*1634705335:/data/app/~~ERS2Vb0_Lr3atThE734KvA==/io.appium.uiautomator2.server-qXkfZw9LtZYC0ZeR2vvERg==/base.apk!classes4.dex*45356349:/data/app/~~ERS2Vb0_Lr3atThE734KvA==/io.appium.uiautomator2.server-qXkfZw9LtZYC0ZeR2vvERg==/base.apk!classes5.dex*2419862292:/data/app/~~ERS2Vb0_Lr3atThE734KvA==/io.appium.uiautomator2.server-qXkfZw9LtZYC0ZeR2vvERg==/base.apk!classes6.dex*3944827479:/data/app/~~ERS2Vb0_Lr3atThE734KvA==/io.appium.uiautomator2.server-qXkfZw9LtZYC0ZeR2vvERg==/base.apk!classes7.dex*3145060491:/data/app/~~ERS2Vb0_Lr3atThE734KvA==/io.appium.uiautomator2.server-qXkfZw9LtZYC0ZeR2vvERg==/base.apk!classes8.dex*2034454731:/data/app/~~ERS2Vb0_Lr3atThE734KvA==/io.appium.uiautomator2.server-qXkfZw9LtZYC0ZeR2vvERg==/base.apk!classes9.dex*1613375383:/data/app/~~ERS2Vb0_Lr3atThE734KvA==/io.appium.uiautomator2.server-qXkfZw9LtZYC0ZeR2vvERg==/base.apk!classes10.dex*1483611213:/data/app/~~ERS2Vb0_Lr3atThE734KvA==/io.appium.uiautomator2.server-qXkfZw9LtZYC0ZeR2vvERg==/base.apk!classes11.dex*2888641764:/data/app/~~ERS2Vb0_Lr3atThE734KvA==/io.appium.uiautomator2.server-qXkfZw9LtZYC0ZeR2vvERg==/base.apk!classes12.dex*1711778771:/data/app/~~ERS2Vb0_Lr3atThE734KvA==/io.appium.uiautomator2.server-qXkfZw9LtZYC0ZeR2vvERg==/base.apk!classes13.dex*2108421983:/data/app/~~ERS2Vb0_Lr3atThE734KvA==/io.appium.uiautomator2.server-qXkfZw9LtZYC0ZeR2vvERg==/base.apk!classes14.dex*2618393034:/data/app/~~ERS2Vb0_Lr3atThE734KvA==/io.appium.uiautomator2.server-qXkfZw9LtZYC0ZeR2vvERg==/base.apk!classes15.dex*3152272110:/data/app/~~ERS2Vb0_Lr3atThE734KvA==/io.appium.uiautomator2.server-qXkfZw9LtZYC0ZeR2vvERg==/base.apk!classes16.dex*898502560])
06-11 23:06:16.071 W/tomator2.serve(24119): Found duplicate classes, falling back to extracting from APK : /data/app/~~ERS2Vb0_Lr3atThE734KvA==/io.appium.uiautomator2.server-qXkfZw9LtZYC0ZeR2vvERg==/base.apk
06-11 23:06:16.071 W/tomator2.serve(24119): NOTE: This wastes RAM and hurts startup performance.
06-11 23:06:16.071 W/tomator2.serve(24119): Found duplicated class when checking oat files: 'L_COROUTINE/ArtificialStackFrames;' in /data/app/~~ERS2Vb0_Lr3atThE734KvA==/io.appium.uiautomator2.server-qXkfZw9LtZYC0ZeR2vvERg==/base.apk and /data/app/~~ERS2Vb0_Lr3atThE734KvA==/io.appium.uiautomator2.server-qXkfZw9LtZYC0ZeR2vvERg==/base.apk
06-11 23:06:16.085 E/adbd    (12860): failed to connect to socket 'tcp:6790': Connection refused
06-11 23:06:16.089 D/stbdpc  (  397): STB_DPGetNumPaths[570]: num_paths: 1
06-11 23:06:16.097 D/Glide   ( 1773): Finished loading Bitmap from LOCAL for com.bumptech.glide.gifdecoder.StandardGifDecoder@8b54719 with size [314x176] in 17.496624999999998 ms
06-11 23:06:16.130 D/Glide   ( 1773): Finished loading Bitmap from LOCAL for com.bumptech.glide.gifdecoder.StandardGifDecoder@8b54719 with size [314x176] in 10.812375 ms
06-11 23:06:16.136 D/dvb_iptv(  397): ReadEmmNetworkTask[1537]: EMM Select Timeout Occured 54
06-11 23:06:16.164 D/Glide   ( 1773): Finished loading Bitmap from LOCAL for com.bumptech.glide.gifdecoder.StandardGifDecoder@8b54719 with size [314x176] in 3.974167 ms
06-11 23:06:16.189 D/stbdpc  (  397): STB_DPGetNumPaths[570]: num_paths: 1
06-11 23:06:16.214 D/Glide   ( 1773): Finished loading Bitmap from LOCAL for com.bumptech.glide.gifdecoder.StandardGifDecoder@8b54719 with size [314x176] in 13.570124999999999 ms
06-11 23:06:16.247 D/Glide   ( 1773): Finished loading Bitmap from LOCAL for com.bumptech.glide.gifdecoder.StandardGifDecoder@8b54719 with size [314x176] in 6.723292 ms
06-11 23:06:16.289 D/stbdpc  (  397): STB_DPGetNumPaths[570]: num_paths: 1
06-11 23:06:16.297 D/Glide   ( 1773): Finished loading Bitmap from LOCAL for com.bumptech.glide.gifdecoder.StandardGifDecoder@8b54719 with size [314x176] in 16.490208 ms
06-11 23:06:16.330 D/Glide   ( 1773): Finished loading Bitmap from LOCAL for com.bumptech.glide.gifdecoder.StandardGifDecoder@8b54719 with size [314x176] in 8.779167 ms
06-11 23:06:16.365 D/Glide   ( 1773): Finished loading Bitmap from LOCAL for com.bumptech.glide.gifdecoder.StandardGifDecoder@8b54719 with size [314x176] in 2.950208 ms
06-11 23:06:16.389 D/stbdpc  (  397): STB_DPGetNumPaths[570]: num_paths: 1
06-11 23:06:16.414 D/Glide   ( 1773): Finished loading Bitmap from LOCAL for com.bumptech.glide.gifdecoder.StandardGifDecoder@8b54719 with size [314x176] in 11.491375 ms
06-11 23:06:16.423 W/tomator2.serve(24119): Accessing hidden method Landroid/app/Instrumentation;->execStartActivity(Landroid/content/Context;Landroid/os/IBinder;Landroid/os/IBinder;Landroid/app/Activity;Landroid/content/Intent;ILandroid/os/Bundle;)Landroid/app/Instrumentation$ActivityResult; (greylist, linking, allowed)
06-11 23:06:16.423 W/tomator2.serve(24119): Accessing hidden method Landroid/app/Instrumentation;->execStartActivity(Landroid/content/Context;Landroid/os/IBinder;Landroid/os/IBinder;Ljava/lang/String;Landroid/content/Intent;ILandroid/os/Bundle;)Landroid/app/Instrumentation$ActivityResult; (greylist, linking, allowed)
06-11 23:06:16.437 D/NetworkSecurityConfig(24119): No Network Security Config specified, using platform default
06-11 23:06:16.438 D/NetworkSecurityConfig(24119): No Network Security Config specified, using platform default
06-11 23:06:16.438 I/AndroidJUnitRunner(24119): newApplication android.app.Application
06-11 23:06:16.445 I/AndroidJUnitRunner(24119): onCreate Bundle[mParcelledData.dataSize=64]
06-11 23:06:16.447 D/Glide   ( 1773): Finished loading Bitmap from LOCAL for com.bumptech.glide.gifdecoder.StandardGifDecoder@8b54719 with size [314x176] in 5.120125 ms
06-11 23:06:16.450 D/AndroidJUnitRunner(24119): Use the raw file system for managing file I/O.
06-11 23:06:16.474 V/TestEventClient(24119): No service name argument was given (testDiscoveryService, testRunEventService or orchestratorService)
06-11 23:06:16.475 D/AndroidJUnitRunner(24119): onStart is called.
06-11 23:06:16.489 D/stbdpc  (  397): STB_DPGetNumPaths[570]: num_paths: 1
06-11 23:06:16.497 D/Glide   ( 1773): Finished loading Bitmap from LOCAL for com.bumptech.glide.gifdecoder.StandardGifDecoder@8b54719 with size [314x176] in 15.167209 ms
06-11 23:06:16.504 D/TestRequestBuilder(24119): Using class path scanning to discover tests
06-11 23:06:16.506 I/TestRequestBuilder(24119): Scanning classpath to find tests in paths [/data/app/~~vz-LI613mzCW1_tI8sJdSA==/io.appium.uiautomator2.server.test-pndtPeicsSbNz5ltJNtTXA==/base.apk]
06-11 23:06:16.509 W/tomator2.serve(24119): Opening an oat file without a class loader. Are you using the deprecated DexFile APIs?
06-11 23:06:16.531 D/Glide   ( 1773): Finished loading Bitmap from LOCAL for com.bumptech.glide.gifdecoder.StandardGifDecoder@8b54719 with size [314x176] in 8.024042 ms
06-11 23:06:16.580 D/Glide   ( 1773): Finished loading Bitmap from LOCAL for com.bumptech.glide.gifdecoder.StandardGifDecoder@8b54719 with size [314x176] in 17.315458 ms
06-11 23:06:16.589 D/stbdpc  (  397): STB_DPGetNumPaths[570]: num_paths: 1
06-11 23:06:16.614 D/Glide   ( 1773): Finished loading Bitmap from LOCAL for com.bumptech.glide.gifdecoder.StandardGifDecoder@8b54719 with size [314x176] in 10.863666 ms
06-11 23:06:16.636 D/dvb_iptv(  397): ReadEmmNetworkTask[1537]: EMM Select Timeout Occured 55
06-11 23:06:16.648 D/Glide   ( 1773): Finished loading Bitmap from LOCAL for com.bumptech.glide.gifdecoder.StandardGifDecoder@8b54719 with size [314x176] in 4.102374999999999 ms
06-11 23:06:16.690 D/stbdpc  (  397): STB_DPGetNumPaths[570]: num_paths: 1
06-11 23:06:16.697 D/Glide   ( 1773): Finished loading Bitmap from LOCAL for com.bumptech.glide.gifdecoder.StandardGifDecoder@8b54719 with size [314x176] in 13.097958 ms
06-11 23:06:16.723 I/TestRunner(24119): run started: 1 tests
06-11 23:06:16.726 I/TestRunner(24119): started: startServer(io.appium.uiautomator2.server.test.AppiumUiAutomator2Server)
06-11 23:06:16.731 D/Glide   ( 1773): Finished loading Bitmap from LOCAL for com.bumptech.glide.gifdecoder.StandardGifDecoder@8b54719 with size [314x176] in 7.170083 ms
06-11 23:06:16.736 I/appium  (24119): >>>Entry point start<<<
06-11 23:06:16.741 I/appium  (24119): Starting ServerInstrumentation
06-11 23:06:16.748 D/rtk_heartbeat(  349): heartbeat_timed_out: heartbeatCmdCount = 9185, expected nextSeqNum = 9185
06-11 23:06:16.749 D/rtk_heartbeat(  349): rtkbt_heartbeat_cmpl_cback: Current SeqNum = 9185,should SeqNum=9185, status = 0
06-11 23:06:16.781 D/Glide   ( 1773): Finished loading Bitmap from LOCAL for com.bumptech.glide.gifdecoder.StandardGifDecoder@8b54719 with size [314x176] in 16.251417 ms
06-11 23:06:16.790 D/stbdpc  (  397): STB_DPGetNumPaths[570]: num_paths: 1
06-11 23:06:16.796 I/appium  (24119): buildConfig: {"VERSION_NAME":"7.5.2","APPLICATION_ID":"io.appium.uiautomator2.server","BUILD_TYPE":"debug","VERSION_CODE":215,"BUILD_TIME":"1745524365546","DEBUG":true,"FLAVOR":"server"}
06-11 23:06:16.807 I/UiDevice(24119): Creating a new instance, old instance exists: false
06-11 23:06:16.814 D/Glide   ( 1773): Finished loading Bitmap from LOCAL for com.bumptech.glide.gifdecoder.StandardGifDecoder@8b54719 with size [314x176] in 8.762208 ms
06-11 23:06:16.824 V/UiAutomation(24119): Init UiAutomation@30745d0[id=28, flags=0]
06-11 23:06:16.825 D/UiDevice(24119): Setting accessibility service flags: 65618
06-11 23:06:16.834 D/UiDevice(24119): Turning on screen.
06-11 23:06:16.850 D/Glide   ( 1773): Finished loading Bitmap from LOCAL for com.bumptech.glide.gifdecoder.StandardGifDecoder@8b54719 with size [314x176] in 4.27075 ms
06-11 23:06:16.870 I/appium  (24119): AndroidServer created on port 6790
06-11 23:06:16.870 I/appium  (24119): Starting MJPEG Server
06-11 23:06:16.872 I/appium  (24119): MJPEG Server started
06-11 23:06:16.872 I/appium  (24119): ServerInstrumentation started
06-11 23:06:16.874 I/appium  (24119): ServerSocket created on port 7810
06-11 23:06:16.890 D/stbdpc  (  397): STB_DPGetNumPaths[570]: num_paths: 1
06-11 23:06:16.898 D/Glide   ( 1773): Finished loading Bitmap from LOCAL for com.bumptech.glide.gifdecoder.StandardGifDecoder@8b54719 with size [314x176] in 10.946709 ms
06-11 23:06:16.932 D/Glide   ( 1773): Finished loading Bitmap from LOCAL for com.bumptech.glide.gifdecoder.StandardGifDecoder@8b54719 with size [314x176] in 4.64725 ms
06-11 23:06:16.981 D/Glide   ( 1773): Finished loading Bitmap from LOCAL for com.bumptech.glide.gifdecoder.StandardGifDecoder@8b54719 with size [314x176] in 13.820791999999999 ms
06-11 23:06:16.990 D/stbdpc  (  397): STB_DPGetNumPaths[570]: num_paths: 1
06-11 23:06:16.991 I/ThermalService(  969): CPU temperatures: [61.700005]
06-11 23:06:17.014 D/Glide   ( 1773): Finished loading Bitmap from LOCAL for com.bumptech.glide.gifdecoder.StandardGifDecoder@8b54719 with size [314x176] in 6.717207999999999 ms
06-11 23:06:17.016 D/JioStbInactivityTimer(  926): Timer: count 363 warningTimeout:10680 timeout:10800
06-11 23:06:17.017 D/JioStbInactivityTimer(  926): isUserActive: Curr:8843201 Prev:8843201
06-11 23:06:17.049 W/tomator2.serve(24119): Accessing hidden method Lsun/misc/VM;->maxDirectMemory()J (greylist, reflection, allowed)
06-11 23:06:17.053 I/PlatformDependent(24119): Your platform does not provide complete low-level API for accessing direct buffers reliably. Unless explicitly requested, heap buffer will always be preferred to avoid potential system instability.
06-11 23:06:17.062 W/tomator2.serve(24119): Accessing hidden field Lsun/nio/ch/SelectorImpl;->selectedKeys:Ljava/util/Set; (greylist, reflection, allowed)
06-11 23:06:17.062 W/tomator2.serve(24119): Accessing hidden field Lsun/nio/ch/SelectorImpl;->publicSelectedKeys:Ljava/util/Set; (greylist, reflection, allowed)
06-11 23:06:17.064 D/Glide   ( 1773): Finished loading Bitmap from LOCAL for com.bumptech.glide.gifdecoder.StandardGifDecoder@8b54719 with size [314x176] in 16.524124999999998 ms
06-11 23:06:17.090 D/stbdpc  (  397): STB_DPGetNumPaths[570]: num_paths: 1
