06-11 22:28:47.588 I/DynamiteModule( 9763): Selected local version of com.google.android.gms.measurement.dynamite
06-11 22:28:47.590 E/DynamiteModule( 9763): Invalid GmsCore APK, remote loading disabled.
06-11 22:28:47.591 D/SessionsDependencies( 9763): Subscriber CRASHLYTICS registered.
06-11 22:28:47.608 D/Glide   ( 1773): Finished loading Bitmap from LOCAL for com.bumptech.glide.gifdecoder.StandardGifDecoder@8b54719 with size [314x176] in 12.39125 ms
06-11 22:28:47.648 D/LifecycleServiceBinder( 9763): Binding service to application.
06-11 22:28:47.654 D/Glide   ( 1773): Finished loading Bitmap from LOCAL for com.bumptech.glide.gifdecoder.StandardGifDecoder@8b54719 with size [314x176] in 17.699333 ms
06-11 22:28:47.655 D/stbdpc  (  397): STB_DPGetNumPaths[570]: num_paths: 1
06-11 22:28:47.670 D/dvb_iptv(  397): ReadEmmNetworkTask[1537]: EMM Select Timeout Occured 24
06-11 22:28:47.686 D/Glide   ( 1773): Finished loading Bitmap from LOCAL for com.bumptech.glide.gifdecoder.StandardGifDecoder@8b54719 with size [314x176] in 7.9886669999999995 ms
06-11 22:28:47.692 I/FirebaseInitProvider( 9763): FirebaseApp initialization successful
06-11 22:28:47.705 D/WM-WrkMgrInitializer( 9763): Initializing WorkManager with default configuration.
06-11 22:28:47.716 I/TetheringManager( 9763): registerTetheringEventCallback:in.startv.hotstar
06-11 22:28:47.724 I/FA      ( 9763): App measurement initialized, version: 106000
06-11 22:28:47.724 I/FA      ( 9763): To enable debug logging run: adb shell setprop log.tag.FA VERBOSE
06-11 22:28:47.724 E/WifiVendorHal(  633): getWifiLinkLayerStats_1_3_Internal(l.973) failed {.code = ERROR_UNKNOWN, .description = unknown error}
06-11 22:28:47.725 I/FA      ( 9763): To enable faster debug mode event logging run:
06-11 22:28:47.725 I/FA      ( 9763):   adb shell setprop debug.firebase.analytics.app in.startv.hotstar
06-11 22:28:47.728 D/JioStbInactivityTimer(  926): Timer: count 30 warningTimeout:10680 timeout:10800
06-11 22:28:47.728 D/JioStbInactivityTimer(  926): isUserActive: Curr:6926904 Prev:6926904
06-11 22:28:47.736 D/Glide   ( 1773): Finished loading Bitmap from LOCAL for com.bumptech.glide.gifdecoder.StandardGifDecoder@8b54719 with size [314x176] in 17.79625 ms
06-11 22:28:47.753 I/system_server(  633): Background young concurrent copying GC freed 213709(10MB) AllocSpace objects, 32(640KB) LOS objects, 45% free, 13MB/24MB, paused 201us total 172.839ms
06-11 22:28:47.755 D/stbdpc  (  397): STB_DPGetNumPaths[570]: num_paths: 1
06-11 22:28:47.774 E/DynamiteModule( 9763): Invalid GmsCore APK, remote loading disabled.
06-11 22:28:47.774 I/DynamiteModule( 9763): Considering local module com.google.android.gms.cast_tv_dynamite:1 and remote module com.google.android.gms.cast_tv_dynamite:0
06-11 22:28:47.774 I/DynamiteModule( 9763): Selected local version of com.google.android.gms.cast_tv_dynamite
06-11 22:28:47.780 D/Glide   ( 1773): Finished loading Bitmap from LOCAL for com.bumptech.glide.gifdecoder.StandardGifDecoder@8b54719 with size [314x176] in 18.398958 ms
06-11 22:28:47.823 V/DigitalSignage(  633): Package Name: null
06-11 22:28:47.823 V/DigitalSignage(  633): Left: 0
06-11 22:28:47.823 V/DigitalSignage(  633): Right: 0
06-11 22:28:47.823 V/DigitalSignage(  633): Top: 0
06-11 22:28:47.823 V/DigitalSignage(  633): Bottom: 0
06-11 22:28:47.824 D/DigitalSignage(  633): else - Package Name :: null left : 0 right :: 0 top :: 0 bottom :: 0 dfu-right :: 1920 dfu-bottom :: 1080
06-11 22:28:47.842 E/BufferQueueProducer(  393): [com.iwedia.ui.rjio.launcher.reliance/com.iwedia.ui.rjio.launcher.ui.intro.IntroActivity#0](id:189000000b2,api:0,p:-1,c:393) disconnect: not connected (req=1)
06-11 22:28:47.842 W/libEGL  ( 1773): EGLNativeWindowType 0xf4583c08 disconnect failed
06-11 22:28:47.843 V/DigitalSignage(  633): Package Name: null
06-11 22:28:47.843 V/DigitalSignage(  633): Left: 0
06-11 22:28:47.843 V/DigitalSignage(  633): Right: 0
06-11 22:28:47.843 V/DigitalSignage(  633): Top: 0
06-11 22:28:47.843 V/DigitalSignage(  633): Bottom: 0
06-11 22:28:47.844 D/DigitalSignage(  633): else - Package Name :: null left : 0 right :: 0 top :: 0 bottom :: 0 dfu-right :: 1920 dfu-bottom :: 1080
06-11 22:28:47.851 D/Glide   ( 1773): Finished loading Bitmap from LOCAL for com.bumptech.glide.gifdecoder.StandardGifDecoder@8b54719 with size [314x176] in 48.966542 ms
06-11 22:28:47.855 D/stbdpc  (  397): STB_DPGetNumPaths[570]: num_paths: 1
06-11 22:28:47.877 I/tomator2.serve( 9693): Background young concurrent copying GC freed 41020(2273KB) AllocSpace objects, 11(1384KB) LOS objects, 0% free, 11MB/11MB, paused 2.377ms total 211.620ms
06-11 22:28:47.908 D/JioLauncher( 1773): overlay status check for wifi and bt remote false false
06-11 22:28:47.914 D/Match code1( 1439): 2
06-11 22:28:47.914 D/JIO_TR069-( 1439): Predefined List [com.jio.stb.catv, com.rjil.jiostbsetting, com.iwedia.ui.rjio.launcher.reliance, com.jio.stb.hotellauncher, com.jio.media.oberoi, com.jio.ott]
06-11 22:28:47.922 W/[ 6959.075117@2]  RTW(    0): fill_default_txdesc(wlan0): SP Packet(0x0806) rate=0x4 SeqNum = 2462
06-11 22:28:47.919 D/JIO_TR069-( 1439): Caller Package com.iwedia.ui.rjio.launcher.reliance
06-11 22:28:47.919 D/JIO_TR069-( 1439): White Listed Apps []
06-11 22:28:47.919 D/JIO_TR069-( 1439): Final White Listed Apps [com.jio.stb.catv, com.rjil.jiostbsetting, com.iwedia.ui.rjio.launcher.reliance, com.jio.stb.hotellauncher, com.jio.media.oberoi, com.jio.ott, ]
06-11 22:28:47.922 D/JioLauncher( 1773): network-type-------NonJioNetwork
06-11 22:28:47.927 D/JioLauncher( 1773): live-tv-previousIp-[/fe80::1%wlan0, /192.168.1.1]-newHost-[/fe80::1%wlan0, /192.168.1.1]
06-11 22:28:47.944 I/AmFFmpegExtractor(  447): checkInList: isw:0, m:audio/mpeg, t:1, i:86017 t:0
06-11 22:28:47.944 I/AmFFmpegExtractor(  447): checkInList: isw:1, m:audio/mpeg, t:1, i:86017 t:0
06-11 22:28:47.944 E/AmFFmpegExtractor(  447): codec_ctx->properties: 0
06-11 22:28:47.944 I/AmFFmpegExtractor(  447): checkSupportInList ret 1
06-11 22:28:47.955 D/stbdpc  (  397): STB_DPGetNumPaths[570]: num_paths: 1
06-11 22:28:47.962 I/AmFFmpegExtractor(  447): checkInList: isw:0, m:audio/mpeg, t:1, i:86017 t:0
06-11 22:28:47.962 I/AmFFmpegExtractor(  447): checkInList: isw:1, m:audio/mpeg, t:1, i:86017 t:0
06-11 22:28:47.962 E/AmFFmpegExtractor(  447): codec_ctx->properties: 0
06-11 22:28:47.962 I/AmFFmpegExtractor(  447): checkSupportInList ret 0
06-11 22:28:47.962 E/AmFFmpegExtractor(  447): vendor do not support
06-11 22:28:47.972 E/Utils   (  447): did not find channel-count and/or sample-rate
06-11 22:28:47.974 W/.startv.hotsta( 9763): Long monitor contention with owner DefaultDispatcher-worker-2 (9791) at java.lang.Object Ve.a.get()(SourceFile:66) waiters=0 in java.lang.Object Ve.a.get() for 164ms
06-11 22:28:47.977 D/ConnectivityService(  633): NetReassign [no changes]
06-11 22:28:47.993 I/tomator2.serve( 9693): Background concurrent copying GC freed 77923(3713KB) AllocSpace objects, 11(2200KB) LOS objects, 49% free, 6484KB/12MB, paused 3.229ms total 115.109ms
06-11 22:28:47.996 I/AmAVUtils( 9763): AmAVUtils, GITINFO : d32b3814175617bb24dd0965983e5642c803ab3a(drm.autobuild  Mon Oct 18 12:59:01 CST 2021)
06-11 22:28:47.996 I/AmAVUtils( 9763): set profile 0 level:0
06-11 22:28:48.017 D/CCodec  ( 9763): allocate(c2.android.mp3.decoder)
06-11 22:28:48.020 I/Codec2Client( 9763): Available Codec2 services: "software"
06-11 22:28:48.040 V/C2Store (  477): in init
06-11 22:28:48.040 V/C2Store (  477): loading dll
06-11 22:28:48.056 D/stbdpc  (  397): STB_DPGetNumPaths[570]: num_paths: 1
06-11 22:28:48.064 I/CCodec  ( 9763): Created component [c2.android.mp3.decoder]
06-11 22:28:48.065 D/CCodecConfig( 9763): read media type: audio/mpeg
06-11 22:28:48.068 D/ReflectedParamUpdater( 9763): extent() != 1 for single value type: algo.buffers.max-count.values
06-11 22:28:48.069 D/ReflectedParamUpdater( 9763): extent() != 1 for single value type: output.subscribed-indices.values
06-11 22:28:48.069 D/ReflectedParamUpdater( 9763): extent() != 1 for single value type: input.buffers.allocator-ids.values
06-11 22:28:48.069 D/ReflectedParamUpdater( 9763): extent() != 1 for single value type: output.buffers.allocator-ids.values
06-11 22:28:48.069 D/ReflectedParamUpdater( 9763): extent() != 1 for single value type: algo.buffers.allocator-ids.values
06-11 22:28:48.069 D/ReflectedParamUpdater( 9763): extent() != 1 for single value type: output.buffers.pool-ids.values
06-11 22:28:48.069 D/ReflectedParamUpdater( 9763): extent() != 1 for single value type: algo.buffers.pool-ids.values
06-11 22:28:48.071 I/CCodecConfig( 9763): query failed after returning 7 values (BAD_INDEX)
06-11 22:28:48.072 D/CCodecConfig( 9763): c2 config diff is Dict {
06-11 22:28:48.072 D/CCodecConfig( 9763):   c2::u32 coded.bitrate.value = 64000
06-11 22:28:48.072 D/CCodecConfig( 9763):   c2::u32 input.buffers.max-size.value = 8192
06-11 22:28:48.072 D/CCodecConfig( 9763):   c2::u32 input.delay.value = 0
06-11 22:28:48.072 D/CCodecConfig( 9763):   string input.media-type.value = "audio/mpeg"
06-11 22:28:48.072 D/CCodecConfig( 9763):   string output.media-type.value = "audio/raw"
06-11 22:28:48.072 D/CCodecConfig( 9763):   c2::u32 raw.channel-count.value = 2
06-11 22:28:48.072 D/CCodecConfig( 9763):   c2::u32 raw.sample-rate.value = 44100
06-11 22:28:48.072 D/CCodecConfig( 9763): }
06-11 22:28:48.073 D/CCodec  ( 9763): [c2.android.mp3.decoder] buffers are bound to CCodec for this session
06-11 22:28:48.073 D/CCodecConfig( 9763): no c2 equivalents for durationUs
06-11 22:28:48.073 D/CCodecConfig( 9763): no c2 equivalents for track-id
06-11 22:28:48.073 D/CCodecConfig( 9763): no c2 equivalents for encoder-delay
06-11 22:28:48.073 D/CCodecConfig( 9763): no c2 equivalents for encoder-padding
06-11 22:28:48.073 D/CCodecConfig( 9763): no c2 equivalents for flags
06-11 22:28:48.074 D/CCodecConfig( 9763): c2 config diff is   c2::u32 raw.channel-count.value = 1
06-11 22:28:48.074 D/CCodecConfig( 9763):   c2::u32 raw.sample-rate.value = 48000
06-11 22:28:48.076 W/Codec2Client( 9763): query -- param skipped: index = 1107298332.
06-11 22:28:48.076 D/CCodec  ( 9763): setup formats input: AMessage(what = 0x00000000) = {
06-11 22:28:48.076 D/CCodec  ( 9763):   int32_t channel-count = 1
06-11 22:28:48.076 D/CCodec  ( 9763):   int32_t max-input-size = 8192
06-11 22:28:48.076 D/CCodec  ( 9763):   string mime = "audio/mpeg"
06-11 22:28:48.076 D/CCodec  ( 9763):   int32_t sample-rate = 48000
06-11 22:28:48.076 D/CCodec  ( 9763): } and output: AMessage(what = 0x00000000) = {
06-11 22:28:48.076 D/CCodec  ( 9763):   int32_t channel-count = 1
06-11 22:28:48.076 D/CCodec  ( 9763):   string mime = "audio/raw"
06-11 22:28:48.076 D/CCodec  ( 9763):   int32_t sample-rate = 48000
06-11 22:28:48.076 D/CCodec  ( 9763):   int32_t encoder-delay = 576
06-11 22:28:48.076 D/CCodec  ( 9763):   int32_t encoder-padding = 1152
06-11 22:28:48.076 D/CCodec  ( 9763): }
06-11 22:28:48.077 W/Codec2Client( 9763): query -- param skipped: index = 1342179345.
06-11 22:28:48.077 W/Codec2Client( 9763): query -- param skipped: index = 2415921170.
06-11 22:28:48.078 E/FMQ     ( 9763): grantorIdx must be less than 3
06-11 22:28:48.078 E/FMQ     ( 9763): grantorIdx must be less than 3
06-11 22:28:48.078 D/CCodecBufferChannel( 9763): [c2.android.mp3.decoder#163] Created input block pool with allocatorID 16 => poolID 17 - OK (0)
06-11 22:28:48.079 E/FMQ     (  477): grantorIdx must be less than 3
06-11 22:28:48.079 E/FMQ     (  477): grantorIdx must be less than 3
06-11 22:28:48.080 I/CCodecBufferChannel( 9763): [c2.android.mp3.decoder#163] Created output block pool with allocatorID 16 => poolID 118 - OK
06-11 22:28:48.081 D/CCodecBufferChannel( 9763): [c2.android.mp3.decoder#163] Configured output block pool ids 118 => OK
06-11 22:28:48.082 E/ion     ( 9763): ioctl c0044901 failed with code -1: Inappropriate ioctl for device
06-11 22:28:48.083 D/SimpleC2Component(  477): Using output block pool with poolID 118 => got 118 - 0
06-11 22:28:48.102 E/FMQ     ( 9763): grantorIdx must be less than 3
06-11 22:28:48.102 E/FMQ     (  477): grantorIdx must be less than 3
06-11 22:28:48.104 I/C2SoftMp3Dec(  477): Reconfiguring decoder: 0->48000 Hz, 0->1 channels
06-11 22:28:48.105 E/FMQ     (  477): grantorIdx must be less than 3
06-11 22:28:48.106 E/FMQ     ( 9763): grantorIdx must be less than 3
06-11 22:28:48.107 D/CCodecBuffers( 9763): [c2.android.mp3.decoder#163:Output[N]] popFromStashAndRegister: output format changed to AMessage(what = 0x00000000) = {
06-11 22:28:48.107 D/CCodecBuffers( 9763):   int32_t channel-count = 1
06-11 22:28:48.107 D/CCodecBuffers( 9763):   string mime = "audio/raw"
06-11 22:28:48.107 D/CCodecBuffers( 9763):   int32_t sample-rate = 48000
06-11 22:28:48.107 D/CCodecBuffers( 9763):   int32_t encoder-delay = 576
06-11 22:28:48.107 D/CCodecBuffers( 9763):   int32_t encoder-padding = 1152
06-11 22:28:48.107 D/CCodecBuffers( 9763): }
06-11 22:28:48.142 E/QueryController( 9693): Got null root node from accessibility - Retrying...
06-11 22:28:48.156 D/stbdpc  (  397): STB_DPGetNumPaths[570]: num_paths: 1
06-11 22:28:48.170 D/dvb_iptv(  397): ReadEmmNetworkTask[1537]: EMM Select Timeout Occured 25
06-11 22:28:48.176 D/rtk_heartbeat(  349): heartbeat_timed_out: heartbeatCmdCount = 6937, expected nextSeqNum = 6937
06-11 22:28:48.178 D/rtk_heartbeat(  349): rtkbt_heartbeat_cmpl_cback: Current SeqNum = 6937,should SeqNum=6937, status = 0
06-11 22:28:48.203 W/GooglePlayServicesUtil( 9763): in.startv.hotstar requires the Google Play Store, but it is missing.
06-11 22:28:48.203 W/FA      ( 9763): Service invalid
06-11 22:28:48.256 D/stbdpc  (  397): STB_DPGetNumPaths[570]: num_paths: 1
06-11 22:28:48.323 D/SessionLifecycleClient( 9763): Queued message 1. Queue size 1
06-11 22:28:48.342 V/RootBeer( 9763): b: a() [44] - /system/xbin/su binary detected!
06-11 22:28:48.356 D/stbdpc  (  397): STB_DPGetNumPaths[570]: num_paths: 1
06-11 22:28:48.382 D/SessionLifecycleService( 9763): Service bound to new client on process 9763
06-11 22:28:48.389 D/SessionLifecycleService( 9763): App has not yet foregrounded. Using previously stored session.
06-11 22:28:48.390 D/SessionLifecycleService( 9763): Client android.os.Messenger@a9ec79b bound at 6959536. Clients: 1
06-11 22:28:48.399 I/Choreographer( 9763): Skipped 40 frames!  The application may be doing too much work on its main thread.
06-11 22:28:48.403 E/QueryController( 9693): Got null root node from accessibility - Retrying...
06-11 22:28:48.432 V/DigitalSignage(  633): Package Name: null
06-11 22:28:48.432 V/DigitalSignage(  633): Left: 0
06-11 22:28:48.432 V/DigitalSignage(  633): Right: 0
06-11 22:28:48.432 V/DigitalSignage(  633): Top: 0
06-11 22:28:48.433 V/DigitalSignage(  633): Bottom: 0
06-11 22:28:48.433 D/DigitalSignage(  633): else - Package Name :: null left : 0 right :: 0 top :: 0 bottom :: 0 dfu-right :: 1920 dfu-bottom :: 1080
06-11 22:28:48.433 V/DigitalSignage(  633): Package Name: null
06-11 22:28:48.433 V/DigitalSignage(  633): Left: 0
06-11 22:28:48.433 V/DigitalSignage(  633): Right: 0
06-11 22:28:48.433 V/DigitalSignage(  633): Top: 0
06-11 22:28:48.433 V/DigitalSignage(  633): Bottom: 0
06-11 22:28:48.434 D/DigitalSignage(  633): else - Package Name :: null left : 0 right :: 0 top :: 0 bottom :: 0 dfu-right :: 1920 dfu-bottom :: 1080
06-11 22:28:48.456 D/stbdpc  (  397): STB_DPGetNumPaths[570]: num_paths: 1
06-11 22:28:48.465 I/hwservicemanager(  233): getTransport: Cannot find entry android.hardware.configstore@1.0::ISurfaceFlingerConfigs/default in either framework or device manifest.
06-11 22:28:48.475 I/FA      ( 9763): Tag Manager is not found and thus will not be used
06-11 22:28:48.476 W/GooglePlayServicesUtil( 9763): Google Play services is missing.
06-11 22:28:48.481 D/CCodecBufferChannel( 9763): [c2.android.mp3.decoder#163] MediaCodec discarded an unknown buffer
06-11 22:28:48.485 I/hw-BpHwBinder( 9763): onLastStrongRef automatically unlinking death recipients
06-11 22:28:48.485 I/hw-BpHwBinder(  477): onLastStrongRef automatically unlinking death recipients
06-11 22:28:48.487 V/C2Store (  477): in ~ComponentModule
06-11 22:28:48.487 V/C2Store (  477): unloading dll
06-11 22:28:48.525 I/JTCLOG  ( 3612): JtcForegroundService ->retrieveIpv6 -> 2401:4900:1c16:396:bb79:e9b4:ce56:d79f
06-11 22:28:48.525 I/JTCLOG  ( 3612): JtcForegroundService ->ipValidation -> ipAddress = 2401:4900:1c16:396:bb79:e9b4:ce56:d79f preference ip = 2409:40c2:124e:c931:7a5:7da2:7d86:3595
06-11 22:28:48.532 I/OpenGLRenderer( 9763): Davey! duration=816ms; Flags=1, IntendedVsync=6958869353816, Vsync=6959536687136, OldestInputEvent=9223372036854775807, NewestInputEvent=0, HandleInputStart=6959552775108, AnimationStart=6959552778900, PerformTraversalsStart=6959554883942, DrawStart=6959645340775, SyncQueued=6959646709858, SyncStart=6959647101108, IssueDrawCommandsStart=6959647195608, SwapBuffers=6959684269317, FrameCompleted=6959685926317, DequeueBufferDuration=11961792, QueueBufferDuration=726375, GpuCompleted=0, 
06-11 22:28:48.535 V/DigitalSignage(  633): Package Name: null
06-11 22:28:48.535 V/DigitalSignage(  633): Left: 0
06-11 22:28:48.535 V/DigitalSignage(  633): Right: 0
06-11 22:28:48.535 V/DigitalSignage(  633): Top: 0
06-11 22:28:48.535 V/DigitalSignage(  633): Bottom: 0
06-11 22:28:48.536 D/DigitalSignage(  633): else - Package Name :: null left : 0 right :: 0 top :: 0 bottom :: 0 dfu-right :: 1920 dfu-bottom :: 1080
06-11 22:28:48.536 V/DigitalSignage(  633): Package Name: null
06-11 22:28:48.536 V/DigitalSignage(  633): Left: 0
06-11 22:28:48.536 V/DigitalSignage(  633): Right: 0
06-11 22:28:48.536 V/DigitalSignage(  633): Top: 0
06-11 22:28:48.536 V/DigitalSignage(  633): Bottom: 0
06-11 22:28:48.536 D/DigitalSignage(  633): else - Package Name :: null left : 0 right :: 0 top :: 0 bottom :: 0 dfu-right :: 1920 dfu-bottom :: 1080
06-11 22:28:48.539 V/DigitalSignage(  633): Package Name: null
06-11 22:28:48.539 V/DigitalSignage(  633): Left: 0
06-11 22:28:48.539 V/DigitalSignage(  633): Right: 0
06-11 22:28:48.539 V/DigitalSignage(  633): Top: 0
06-11 22:28:48.539 V/DigitalSignage(  633): Bottom: 0
06-11 22:28:48.539 D/DigitalSignage(  633): else - Package Name :: null left : 0 right :: 0 top :: 0 bottom :: 0 dfu-right :: 1920 dfu-bottom :: 1080
06-11 22:28:48.539 V/DigitalSignage(  633): Package Name: null
06-11 22:28:48.539 V/DigitalSignage(  633): Left: 0
06-11 22:28:48.539 V/DigitalSignage(  633): Right: 0
06-11 22:28:48.539 V/DigitalSignage(  633): Top: 0
06-11 22:28:48.539 V/DigitalSignage(  633): Bottom: 0
06-11 22:28:48.540 D/DigitalSignage(  633): else - Package Name :: null left : 0 right :: 0 top :: 0 bottom :: 0 dfu-right :: 1920 dfu-bottom :: 1080
06-11 22:28:48.556 D/stbdpc  (  397): STB_DPGetNumPaths[570]: num_paths: 1
06-11 22:28:48.558 V/DigitalSignage(  633): Package Name: null
06-11 22:28:48.558 V/DigitalSignage(  633): Left: 0
06-11 22:28:48.558 V/DigitalSignage(  633): Right: 0
06-11 22:28:48.558 V/DigitalSignage(  633): Top: 0
06-11 22:28:48.558 V/DigitalSignage(  633): Bottom: 0
06-11 22:28:48.559 D/DigitalSignage(  633): else - Package Name :: null left : 0 right :: 0 top :: 0 bottom :: 0 dfu-right :: 1920 dfu-bottom :: 1080
06-11 22:28:48.559 V/DigitalSignage(  633): Package Name: null
06-11 22:28:48.559 V/DigitalSignage(  633): Left: 0
06-11 22:28:48.559 V/DigitalSignage(  633): Right: 0
06-11 22:28:48.559 V/DigitalSignage(  633): Top: 0
06-11 22:28:48.559 V/DigitalSignage(  633): Bottom: 0
06-11 22:28:48.559 D/DigitalSignage(  633): else - Package Name :: null left : 0 right :: 0 top :: 0 bottom :: 0 dfu-right :: 1920 dfu-bottom :: 1080
06-11 22:28:48.559 I/ActivityTaskManager(  633): Displayed in.startv.hotstar/com.hotstar.MainActivity: +1s232ms
06-11 22:28:48.568 I/android.hardware.power-service.libperfmgr(  366): Power setBoost: INTERACTION duration: 0
06-11 22:28:48.568 I/libperfmgr(  366): Do Powerhint: INTERACTION
06-11 22:28:48.575 D/SessionLifecycleClient( 9763): Connected to SessionLifecycleService. Queue size 1
06-11 22:28:48.600 D/SessionLifecycleClient( 9763): Sending lifecycle 1 to service
06-11 22:28:48.600 D/SessionLifecycleService( 9763): Activity foregrounding at 6959753.
06-11 22:28:48.600 D/SessionLifecycleService( 9763): Cold start detected.
06-11 22:28:48.601 D/SessionLifecycleService( 9763): Generated new session.
06-11 22:28:48.601 D/SessionLifecycleService( 9763): Broadcasting new session
06-11 22:28:48.604 D/JioLauncher( 1773): launcher-appp-in-background
06-11 22:28:48.608 E/PushSDK ( 1773): Total time spend is 00:00:32
06-11 22:28:48.608 E/PushSDK ( 1773): app closed with session id MlljfPR1749661095814
06-11 22:28:48.613 D/SessionFirelogPublisher( 9763): Data Collection is enabled for at least one Subscriber
06-11 22:28:48.613 D/SessionLifecycleClient( 9763): Session update received.
06-11 22:28:48.618 D/SessionLifecycleClient( 9763): Notified CRASHLYTICS of new session 0d067918710948339bbb71a393394b21
06-11 22:28:48.625 D/JioLauncher( 1773): onSaveInstanceState-getting called
06-11 22:28:48.635 V/DigitalSignage(  633): Package Name: null
06-11 22:28:48.635 V/DigitalSignage(  633): Left: 0
06-11 22:28:48.635 V/DigitalSignage(  633): Right: 0
06-11 22:28:48.635 V/DigitalSignage(  633): Top: 0
06-11 22:28:48.635 V/DigitalSignage(  633): Bottom: 0
06-11 22:28:48.636 D/DigitalSignage(  633): else - Package Name :: null left : 0 right :: 0 top :: 0 bottom :: 0 dfu-right :: 1920 dfu-bottom :: 1080
06-11 22:28:48.636 V/DigitalSignage(  633): Package Name: null
06-11 22:28:48.637 V/DigitalSignage(  633): Left: 0
06-11 22:28:48.637 V/DigitalSignage(  633): Right: 0
06-11 22:28:48.637 V/DigitalSignage(  633): Top: 0
06-11 22:28:48.637 V/DigitalSignage(  633): Bottom: 0
06-11 22:28:48.637 D/DigitalSignage(  633): else - Package Name :: null left : 0 right :: 0 top :: 0 bottom :: 0 dfu-right :: 1920 dfu-bottom :: 1080
06-11 22:28:48.647 D/NetflixService(  969): onForegroundActivitiesChanged pid:1773,uid:10035,fg:false
06-11 22:28:48.650 D/NetflixService(  969): processName:com.netflix.ninja,importance:300
06-11 22:28:48.657 D/stbdpc  (  397): STB_DPGetNumPaths[570]: num_paths: 1
06-11 22:28:48.670 D/dvb_iptv(  397): ReadEmmNetworkTask[1537]: EMM Select Timeout Occured 26
06-11 22:28:48.674 D/CompatibilityChangeReporter(  633): Compat change id reported: 136274596; UID 10072; state: ENABLED
06-11 22:28:48.684 V/FileLogTree( 9763): Successfully created log file /data/user/0/in.startv.hotstar/files/logs/HotStarLogs1749661128672.log
06-11 22:28:48.721 V/DigitalSignage(  633): Package Name: null
06-11 22:28:48.721 V/DigitalSignage(  633): Left: 0
06-11 22:28:48.721 V/DigitalSignage(  633): Right: 0
06-11 22:28:48.721 V/DigitalSignage(  633): Top: 0
06-11 22:28:48.721 V/DigitalSignage(  633): Bottom: 0
06-11 22:28:48.721 D/DigitalSignage(  633): else - Package Name :: null left : 0 right :: 0 top :: 0 bottom :: 0 dfu-right :: 1920 dfu-bottom :: 1080
06-11 22:28:48.722 I/FirebaseCrashlytics( 9763): Saved version control info
06-11 22:28:48.728 D/EventGDTLogger( 9763): Session Event Type: SESSION_START
06-11 22:28:48.728 D/JioStbInactivityTimer(  926): Timer: count 31 warningTimeout:10680 timeout:10800
06-11 22:28:48.729 D/JioStbInactivityTimer(  926): isUserActive: Curr:6926904 Prev:6926904
06-11 22:28:48.734 D/SessionFirelogPublisher( 9763): Successfully logged Session Start event.
06-11 22:28:48.736 V/DigitalSignage(  633): Package Name: null
06-11 22:28:48.736 V/DigitalSignage(  633): Left: 0
06-11 22:28:48.736 V/DigitalSignage(  633): Right: 0
06-11 22:28:48.736 V/DigitalSignage(  633): Top: 0
06-11 22:28:48.736 V/DigitalSignage(  633): Bottom: 0
06-11 22:28:48.736 D/DigitalSignage(  633): else - Package Name :: null left : 0 right :: 0 top :: 0 bottom :: 0 dfu-right :: 1920 dfu-bottom :: 1080
06-11 22:28:48.757 D/stbdpc  (  397): STB_DPGetNumPaths[570]: num_paths: 1
06-11 22:28:48.776 D/[213   ] JioAccount-ADC( 2131): v2.a a> Event: XJSSOE3
06-11 22:28:48.776 V/[213   ] JioAccount-ADC( 2131): v2.a a> XJSSOE3	PARAMETERS:
06-11 22:28:48.779 D/[336   ] JioAccount-ADC( 2131): com.jio.adc.core.b c> Getting ServiceInfo
06-11 22:28:48.781 D/[336   ] JioAccount-ADC( 2131): com.jio.adc.core.b c> Starting Bind...
06-11 22:28:48.784 D/[2     ] JioAccount-ADC( 2131): com.jio.adc.core.b$2 onServiceConnected> Connected
06-11 22:28:48.785 D/[2     ] JioAccount-ADC( 2131): com.jio.adc.core.b$c$1 h> PROCESSING EVENT: XJSSOE3; TIME: 11-06-25 22:28:48:777; PARAMETERS: {"XJSSOP13":"in.startv.hotstar","XJSSOP14":true,"XJSSOP15":""}
06-11 22:28:48.786 D/[336   ] JioAccount-ADC( 2131): com.jio.adc.core.b c> Binding...
06-11 22:28:48.796 V/[2     ] JioAccount-ADC( 2131): com.jio.adc.core.b$c$1 h> Event Written: XJSSOE3; TIME: 11-06-25 22:28:48:777; PARAMETERS: {"XJSSOP13":"in.startv.hotstar","XJSSOP14":true,"XJSSOP15":""}
06-11 22:28:48.808 I/.startv.hotsta( 9763): oneway function results will be dropped but finished with status OK and parcel size 4
06-11 22:28:48.815 I/e.swalekh.abct( 1359): oneway function results will be dropped but finished with status OK and parcel size 4
06-11 22:28:48.836 V/RootBeer( 9763): b: a() [44] - /system/xbin/su binary detected!
06-11 22:28:48.842 D/JioSTBMRServer-SERVICE( 3589): InetSocketAddress(InetAddress.getByName(inetAddress.hostAddress)-/192.168.1.255
06-11 22:28:48.842 D/JioSTBMRServer-SERVICE( 3589): #beacon:RKISBFJ60000097:0:false:0:1:SV=181024 , 192.168.1.255
06-11 22:28:48.845 D/JioSTBMRServer-SERVICE( 3589): InetSocketAddress(InetAddress.getByName(inetAddress.hostAddress)-/192.168.1.255
06-11 22:28:48.845 D/JioSTBMRServer-SERVICE( 3589): #broadcast IP:192.168.1.255
06-11 22:28:48.857 D/stbdpc  (  397): STB_DPGetNumPaths[570]: num_paths: 1
06-11 22:28:48.866 I/lowmemorykiller(  231): medium memory pressure event is triggered for new strategy
06-11 22:28:48.867 D/lowmemorykiller(  231): LMKD mp_event_psi kill_reasons available are PRESSURE_AFTER_KILL, NOT_RESPONDING, LOW_SWAP_AND_THRASHING, LOW_MEM_AND_SWAP, LOW_MEM_AND_THRASHING, DIRECT_RECL_AND_THRASHING
06-11 22:28:48.867 D/lowmemorykiller(  231): LMKD mp_event_psi kill_reason received= -1
06-11 22:28:48.956 I/DrmUtils( 9763): found android.hardware.drm@1.0::IDrmFactory clearkey
06-11 22:28:48.957 I/DrmUtils( 9763): found android.hardware.drm@1.0::IDrmFactory verimatrix
06-11 22:28:48.957 D/stbdpc  (  397): STB_DPGetNumPaths[570]: num_paths: 1
06-11 22:28:48.959 I/DrmUtils( 9763): found android.hardware.drm@1.0::IDrmFactory widevine
06-11 22:28:48.960 I/DrmUtils( 9763): found android.hardware.drm@1.0::IDrmFactory youtube
06-11 22:28:48.963 I/DrmUtils( 9763): found android.hardware.drm@1.1::IDrmFactory clearkey
06-11 22:28:48.964 I/DrmUtils( 9763): found android.hardware.drm@1.1::IDrmFactory verimatrix
06-11 22:28:48.965 I/DrmUtils( 9763): found android.hardware.drm@1.1::IDrmFactory widevine
06-11 22:28:48.966 I/DrmUtils( 9763): found android.hardware.drm@1.1::IDrmFactory youtube
06-11 22:28:48.967 I/lowmemorykiller(  231): medium memory pressure event is triggered for new strategy
06-11 22:28:48.967 D/lowmemorykiller(  231): LMKD mp_event_psi kill_reasons available are PRESSURE_AFTER_KILL, NOT_RESPONDING, LOW_SWAP_AND_THRASHING, LOW_MEM_AND_SWAP, LOW_MEM_AND_THRASHING, DIRECT_RECL_AND_THRASHING
06-11 22:28:48.967 D/lowmemorykiller(  231): LMKD mp_event_psi kill_reason received= -1
06-11 22:28:48.970 I/DrmUtils( 9763): found android.hardware.drm@1.2::IDrmFactory clearkey
06-11 22:28:48.972 I/DrmUtils( 9763): found android.hardware.drm@1.2::IDrmFactory verimatrix
06-11 22:28:48.974 I/DrmUtils( 9763): found android.hardware.drm@1.2::IDrmFactory widevine
06-11 22:28:48.975 I/DrmUtils( 9763): found android.hardware.drm@1.2::IDrmFactory youtube
06-11 22:28:48.977 I/DrmUtils( 9763): found android.hardware.drm@1.3::IDrmFactory clearkey
06-11 22:28:48.979 I/DrmUtils( 9763): found android.hardware.drm@1.3::IDrmFactory verimatrix
06-11 22:28:48.980 I/DrmUtils( 9763): found android.hardware.drm@1.3::IDrmFactory widevine
06-11 22:28:48.982 I/DrmUtils( 9763): found android.hardware.drm@1.3::IDrmFactory youtube
06-11 22:28:48.982 W/android.hardware.drm@1.3-service.youtube(  355): isCryptoSchemeSupported, false
06-11 22:28:48.983 I/WVCdm   (  354): [app][in.startv.hotstar] calling virtual Return<void> wvdrm::hardware::drm::V1_3::widevine::WVDrmFactory::createPlugin(const hidl_array<uint8_t, 16> &, const android::hardware::hidl_string &, android::hardware::drm::V1_3::IDrmFactory::createPlugin_cb)
06-11 22:28:48.984 I/WVCdm   (  354): [cdm_engine.cpp(573):QueryStatus] Querying status
06-11 22:28:48.993 I/chatty  (  354): uid=1013(media) HwBinder:354_3 identical 7 lines
06-11 22:28:48.994 I/WVCdm   (  354): [cdm_engine.cpp(573):QueryStatus] Querying status
06-11 22:28:48.994 D/WVCdm   (  354): [crypto_session.cpp(805):Open] Opening crypto session: requested_security_level = Default
06-11 22:28:48.994 I/WVCdm   (  354): [file_utils.cpp(40):Exists] stat failed: ENOENT
06-11 22:28:49.002 D/ltts_ip_emm(  397): LTTS_IP_DMXStartEMM[381]: parse_emm_cat_status failed
06-11 22:28:49.028 I/system_server(  633): oneway function results will be dropped but finished with status OK and parcel size 4
06-11 22:28:49.029 I/system_server(  633): oneway function results will be dropped but finished with status OK and parcel size 4
06-11 22:28:49.029 W/AudioFlinger(  387): createTrack_l(): mismatch between requested flags (00000004) and output flags (00000002)
06-11 22:28:49.031 D/AF::TrackHandle(  387): OpPlayAudio: track:130 usage:1 not muted
06-11 22:28:49.034 D/AudioTrack( 9763): createTrack_l(0): AUDIO_OUTPUT_FLAG_FAST denied by server; frameCount 0 -> 122688
06-11 22:28:49.036 W/APM::AudioPolicyEngine(  387): getDevicesForStrategy() unknown strategy: -1
06-11 22:28:49.036 W/APM::AudioPolicyEngine(  387): getDevicesForStrategy() unknown strategy: -1
06-11 22:28:49.038 I/system_server(  633): oneway function results will be dropped but finished with status OK and parcel size 4
06-11 22:28:49.042 I/sub_mixing_factory(  348): [usecase_change_validate_l_sm:1209] ++++continuous:0 dev masks:0, out masks:0, out usecase PCM_NORMAL
06-11 22:28:49.042 I/sub_mixing_factory(  348): [usecase_change_validate_l_sm:1216] add usecase PCM_NORMAL, cnt 1
06-11 22:28:49.042 D/sub_mixing_factory(  348): [usecase_change_validate_l_sm:1228] cur dev masks:0, add out usecase:PCM_NORMAL
06-11 22:28:49.042 I/sub_mixing_factory(  348): [usecase_change_validate_l_sm:1259] ----continuous:0 dev masks:0x1, out masks:0x1, out usecase PCM_NORMAL
06-11 22:28:49.042 D/aml_audio_port(  348): [new_input_port:260] buf_frames:384,frame_size:4 ==> thunk_size:1536
06-11 22:28:49.042 I/aml_audio_port(  348): [get_input_port_type:109] samplerate:48000, flags:0x2, channel_cnt:2
06-11 22:28:49.042 D/aml_audio_port(  348): [new_input_port:286] inport:PCM_SYSTEM, buf:6144, direct:0, format:0x1, rate:48000, ch:2
06-11 22:28:49.042 I/amlAudioMixer(  348): [init_mixer_input_port:175] input port:PCM_SYSTEM, size 384 frames, frame_write_sum:95969280
06-11 22:28:49.043 I/aml_audio_port(  348): [get_input_port_type:109] samplerate:48000, flags:0x2, channel_cnt:2
06-11 22:28:49.043 I/sub_mixing_factory(  348): [mixer_aux_buffer_write_sm:1066] stream 0xee269000 input port:PCM_SYSTEM
06-11 22:28:49.043 I/sub_mixing_factory(  348): [mixer_aux_buffer_write_sm:1076] padding_bytes 12288
06-11 22:28:49.043 I/amlAudioMixer(  348): [mixer_write_inport:260] input port:PCM_SYSTEM is active now
06-11 22:28:49.043 I/sub_mixing_factory(  348): [mixer_aux_buffer_write_sm:1076] padding_bytes 10752
06-11 22:28:49.043 I/sub_mixing_factory(  348): [mixer_aux_buffer_write_sm:1076] padding_bytes 9216
06-11 22:28:49.043 I/sub_mixing_factory(  348): [mixer_aux_buffer_write_sm:1076] padding_bytes 7680
06-11 22:28:49.043 I/sub_mixing_factory(  348): [mixer_aux_buffer_write_sm:1076] padding_bytes 6144
06-11 22:28:49.045 I/amlAudioMixer(  348): [mixer_inports_read:704] input port:PCM_SYSTEM first start, portId:0, avail:6144
06-11 22:28:49.045 I/sub_mixing_factory(  348): [mixer_aux_buffer_write_sm:1076] padding_bytes 4608
06-11 22:28:49.053 I/sub_mixing_factory(  348): [mixer_aux_buffer_write_sm:1076] padding_bytes 3072
06-11 22:28:49.057 D/stbdpc  (  397): STB_DPGetNumPaths[570]: num_paths: 1
06-11 22:28:49.061 I/sub_mixing_factory(  348): [mixer_aux_buffer_write_sm:1076] padding_bytes 1536
06-11 22:28:49.064 W/AudioCapabilities( 9763): Unsupported mime audio/dtshd
06-11 22:28:49.064 W/AudioCapabilities( 9763): Unsupported mime audio/ffmpeg
06-11 22:28:49.065 W/AudioCapabilities( 9763): Unsupported mime audio/mpeg-L2
06-11 22:28:49.066 W/VideoCapabilities( 9763): Unsupported mime video/x-vnd.on2.vp6a
06-11 22:28:49.067 I/lowmemorykiller(  231): medium memory pressure event is triggered for new strategy
06-11 22:28:49.068 D/lowmemorykiller(  231): LMKD mp_event_psi kill_reasons available are PRESSURE_AFTER_KILL, NOT_RESPONDING, LOW_SWAP_AND_THRASHING, LOW_MEM_AND_SWAP, LOW_MEM_AND_THRASHING, DIRECT_RECL_AND_THRASHING
06-11 22:28:49.068 D/lowmemorykiller(  231): LMKD mp_event_psi kill_reason received= -1
06-11 22:28:49.071 W/VideoCapabilities( 9763): Unsupported mime video/x-vnd.on2.vp6f
06-11 22:28:49.077 W/VideoCapabilities( 9763): Unsupported mime video/avs
06-11 22:28:49.079 W/VideoCapabilities( 9763): Unsupported mime video/avs2
06-11 22:28:49.082 W/VideoCapabilities( 9763): Unsupported mime video/x-motion-jpeg
06-11 22:28:49.083 W/VideoCapabilities( 9763): Unrecognized profile/level 0/3 for video/mpeg2
06-11 22:28:49.084 I/VideoCapabilities( 9763): Unsupported profile 2 for video/mpeg2
06-11 22:28:49.084 I/VideoCapabilities( 9763): Unsupported profile 3 for video/mpeg2
06-11 22:28:49.084 I/VideoCapabilities( 9763): Unsupported profile 4 for video/mpeg2
06-11 22:28:49.084 I/VideoCapabilities( 9763): Unsupported profile 5 for video/mpeg2
06-11 22:28:49.084 W/VideoCapabilities( 9763): Unrecognized profile/level 0/3 for video/mpeg2
06-11 22:28:49.084 I/VideoCapabilities( 9763): Unsupported profile 2 for video/mpeg2
06-11 22:28:49.084 I/VideoCapabilities( 9763): Unsupported profile 3 for video/mpeg2
06-11 22:28:49.084 I/VideoCapabilities( 9763): Unsupported profile 4 for video/mpeg2
06-11 22:28:49.084 I/VideoCapabilities( 9763): Unsupported profile 5 for video/mpeg2
06-11 22:28:49.085 I/VideoCapabilities( 9763): Unsupported profile 2 for video/mp4v-es
06-11 22:28:49.085 I/VideoCapabilities( 9763): Unsupported profile 4 for video/mp4v-es
06-11 22:28:49.085 I/VideoCapabilities( 9763): Unsupported profile 8 for video/mp4v-es
06-11 22:28:49.085 I/VideoCapabilities( 9763): Unsupported profile 16 for video/mp4v-es
06-11 22:28:49.085 I/VideoCapabilities( 9763): Unsupported profile 32 for video/mp4v-es
06-11 22:28:49.085 I/VideoCapabilities( 9763): Unsupported profile 64 for video/mp4v-es
06-11 22:28:49.085 I/VideoCapabilities( 9763): Unsupported profile 128 for video/mp4v-es
06-11 22:28:49.085 I/VideoCapabilities( 9763): Unsupported profile 256 for video/mp4v-es
06-11 22:28:49.085 I/VideoCapabilities( 9763): Unsupported profile 512 for video/mp4v-es
06-11 22:28:49.085 I/VideoCapabilities( 9763): Unsupported profile 1024 for video/mp4v-es
06-11 22:28:49.085 I/VideoCapabilities( 9763): Unsupported profile 2048 for video/mp4v-es
06-11 22:28:49.085 I/VideoCapabilities( 9763): Unsupported profile 4096 for video/mp4v-es
06-11 22:28:49.085 I/VideoCapabilities( 9763): Unsupported profile 8192 for video/mp4v-es
06-11 22:28:49.085 I/VideoCapabilities( 9763): Unsupported profile 16384 for video/mp4v-es
06-11 22:28:49.087 W/VideoCapabilities( 9763): Unsupported mime video/rm10
06-11 22:28:49.088 W/VideoCapabilities( 9763): Unsupported mime video/rm20
06-11 22:28:49.088 W/VideoCapabilities( 9763): Unsupported mime video/rm30
06-11 22:28:49.089 W/VideoCapabilities( 9763): Unsupported mime video/rm40
06-11 22:28:49.089 W/VideoCapabilities( 9763): Unsupported mime video/vc1
06-11 22:28:49.090 W/Utils   ( 9763): could not parse long range '1-'
06-11 22:28:49.090 W/VideoCapabilities( 9763): Unrecognized level 16 for video/x-vnd.on2.vp8
06-11 22:28:49.091 W/VideoCapabilities( 9763): Unrecognized level 32 for video/x-vnd.on2.vp8
06-11 22:28:49.091 W/VideoCapabilities( 9763): Unrecognized level 64 for video/x-vnd.on2.vp8
06-11 22:28:49.091 W/VideoCapabilities( 9763): Unrecognized level 128 for video/x-vnd.on2.vp8
06-11 22:28:49.091 W/VideoCapabilities( 9763): Unrecognized level 256 for video/x-vnd.on2.vp8
06-11 22:28:49.091 W/VideoCapabilities( 9763): Unrecognized level 512 for video/x-vnd.on2.vp8
06-11 22:28:49.091 W/VideoCapabilities( 9763): Unrecognized level 1024 for video/x-vnd.on2.vp8
06-11 22:28:49.091 W/VideoCapabilities( 9763): Unrecognized level 2048 for video/x-vnd.on2.vp8
06-11 22:28:49.091 W/VideoCapabilities( 9763): Unrecognized level 4096 for video/x-vnd.on2.vp8
06-11 22:28:49.091 W/VideoCapabilities( 9763): Unrecognized level 8192 for video/x-vnd.on2.vp8
06-11 22:28:49.091 W/VideoCapabilities( 9763): Unrecognized level 16384 for video/x-vnd.on2.vp8
06-11 22:28:49.091 W/VideoCapabilities( 9763): Unrecognized level 32768 for video/x-vnd.on2.vp8
06-11 22:28:49.092 W/VideoCapabilities( 9763): Unsupported mime video/wmv3
06-11 22:28:49.092 W/VideoCapabilities( 9763): Unsupported mime video/wmv1
06-11 22:28:49.093 W/VideoCapabilities( 9763): Unsupported mime video/wmv2
06-11 22:28:49.094 W/VideoCapabilities( 9763): Unsupported mime video/wvc1
06-11 22:28:49.094 W/Utils   ( 9763): could not parse long range '1-'
06-11 22:28:49.095 W/VideoCapabilities( 9763): Unsupported profile 4 for video/avc
06-11 22:28:49.115 D/MediaCodecInfo( 9763): NoSupport [sizeAndRate.support, 1920x1080x25.0] [c2.android.hevc.decoder, video/hevc] [MSTB, JMSB200A, Jio, 30]
06-11 22:28:49.116 D/MediaCodecInfo( 9763): NoSupport [sizeAndRate.support, 1920x1080x25.0] [c2.android.hevc.decoder, video/hevc] [MSTB, JMSB200A, Jio, 30]
06-11 22:28:49.117 D/MediaCodecInfo( 9763): NoSupport [sizeAndRate.support, 1920x1080x25.0] [c2.android.vp9.decoder, video/x-vnd.on2.vp9] [MSTB, JMSB200A, Jio, 30]
06-11 22:28:49.117 D/MediaCodecInfo( 9763): NoSupport [sizeAndRate.support, 1920x1080x25.0] [c2.android.vp9.decoder, video/x-vnd.on2.vp9] [MSTB, JMSB200A, Jio, 30]
06-11 22:28:49.158 D/stbdpc  (  397): STB_DPGetNumPaths[570]: num_paths: 1
06-11 22:28:49.159 I/ThermalService(  969): CPU temperatures: [64.0]
06-11 22:28:49.168 I/lowmemorykiller(  231): medium memory pressure event is triggered for new strategy
06-11 22:28:49.168 D/lowmemorykiller(  231): LMKD mp_event_psi kill_reasons available are PRESSURE_AFTER_KILL, NOT_RESPONDING, LOW_SWAP_AND_THRASHING, LOW_MEM_AND_SWAP, LOW_MEM_AND_THRASHING, DIRECT_RECL_AND_THRASHING
06-11 22:28:49.168 D/lowmemorykiller(  231): LMKD mp_event_psi kill_reason received= -1
06-11 22:28:49.171 D/dvb_iptv(  397): ReadEmmNetworkTask[1537]: EMM Select Timeout Occured 27
06-11 22:28:49.172 I/appium  ( 9693): Took 0ms to retrieve 0 matches for '//android.widget.ImageView[@resource-id='in.startv.hotstar:id/iv_profile']' XPath2 query
06-11 22:28:49.177 D/rtk_heartbeat(  349): heartbeat_timed_out: heartbeatCmdCount = 6938, expected nextSeqNum = 6938
06-11 22:28:49.178 D/rtk_heartbeat(  349): rtkbt_heartbeat_cmpl_cback: Current SeqNum = 6938,should SeqNum=6938, status = 0
06-11 22:28:49.179 D/MulticastUtils( 1773): Timeout 5000ms IOException:Poll timed out
06-11 22:28:49.184 D/JioLauncher( 1773): connected-network-status  1 status true time 0 lPreviousIp [/fe80::1%wlan0, /192.168.1.1] isLiveOnTop() false isOneTimeVisisbleStatus false-remoteConnectedTime-0
06-11 22:28:49.184 I/appium  ( 9693): AppiumResponse: {"sessionId":"1a4eecb7-e3ea-47ea-894f-c2020ff19f9e","value":{"error":"no such element","message":"An element could not be located on the page using the given search parameters","stacktrace":"io.appium.uiautomator2.common.exceptions.ElementNotFoundException: An element could not be located on the page using the given search parameters\n\tat io.appium.uiautomator2.utils.ElementLocationHelpers.findElement(ElementLocationHelpers.java:156)\n\tat io.appium.uiautomator2.handler.FindElement.safeHandle(FindElement.java:60)\n\tat io.appium.uiautomator2.handler.request.SafeRequestHandler.handle(SafeRequestHandler.java:59)\n\tat io.appium.uiautomator2.server.AppiumServlet.handleRequest(AppiumServlet.java:259)\n\tat io.appium.uiautomator2.server.AppiumServlet.handleHttpRequest(AppiumServlet.java:253)\n\tat io.appium.uiautomator2.http.ServerHandler.channelRead(ServerHandler.java:77)\n\tat io.netty.channel.AbstractChannelHandlerContext.invokeChannelRead(AbstractChannelHandlerContext.java:374)\n\tat io.netty.channel.AbstractChannelHandlerContext.invokeChannelRead(AbstractChannelHandlerContext.java:360)\n\tat io.netty.channel.AbstractChannelHandlerContext.fireChannelRead(AbstractChannelHandlerContext.java:352)\n\tat io.netty.handler.codec.MessageToMessageDecoder.channelRead(MessageToMessageDecoder.java:102)\n\tat io.netty.channel.AbstractChannelHandlerContext.invokeChannelRead(AbstractChannelHandlerContext.java:374)\n\tat io.netty.channel.AbstractChannelHandlerContext.invokeChannelRead(AbstractChannelHandlerContext.java:360)\n\tat io.netty.channel.AbstractChannelHandlerContext.fireChannelRead(AbstractChannelHandlerContext.java:352)\n\tat io.netty.channel.CombinedChannelDuplexHandler$DelegatingChannelHandlerContext.fireChannelRead(CombinedChannelDuplexHandler.java:438)\n\tat io.netty.handler.codec.ByteToMessageDecoder.fireChannelRead(ByteToMessageDecoder.java:328)\n\tat io.netty.handler.codec.ByteToMessageDecoder.channelRead(ByteToMessageDecoder.java:302)\n\tat io.netty.channel.CombinedChannelDuplexHandler.channelRead(CombinedChannelDuplexHandler.java:253)\n\tat io.netty.channel.AbstractChannelHandlerContext.invokeChannelRead(AbstractChannelHandlerContext.java:374)\n\tat io.netty.channel.AbstractChannelHandlerContext.invokeChannelRead(AbstractChannelHandlerContext.java:360)\n\tat io.netty.channel.AbstractChannelHandlerContext.fireChannelRead(AbstractChannelHandlerContext.java:352)\n\tat io.netty.handler.timeout.IdleStateHandler.channelRead(IdleStateHandler.java:287)\n\tat io.netty.channel.AbstractChannelHandlerContext.invokeChannelRead(AbstractChannelHandlerContext.java:374)\n\tat io.netty.channel.AbstractChannelHandlerContext.invokeChannelRead(AbstractChannelHandlerContext.java:360)\n\tat io.netty.channel.AbstractChannelHandlerContext.fireChannelRead(AbstractChannelHandlerContext.java:352)\n\tat io.netty.channel.DefaultChannelPipeline$HeadContext.channelRead(DefaultChannelPipeline.java:1422)\n\tat io.netty.channel.AbstractChannelHandlerContext.invokeChannelRead(AbstractChannelHandlerContext.java:374)\n\tat io.netty.channel.AbstractChannelHandlerContext.invokeChannelRead(AbstractChannelHandlerContext.java:360)\n\tat io.netty.channel.DefaultChannelPipeline.fireChannelRead(DefaultChannelPipeline.java:931)\n\tat io.netty.channel.nio.AbstractNioByteChannel$NioByteUnsafe.read(AbstractNioByteChannel.java:163)\n\tat io.netty.channel.nio.NioEventLoop.processSelectedKey(NioEventLoop.java:700)\n\tat io.netty.channel.nio.NioEventLoop.processSelectedKeysOptimized(NioEventLoop.java:635)\n\tat io.netty.channel.nio.NioEventLoop.processSelectedKeys(NioEventLoop.java:552)\n\tat io.netty.channel.nio.NioEventLoop.run(NioEventLoop.java:514)\n\tat io.netty.util.concurrent.SingleThreadEventExecutor$6.run(SingleThreadEventExecutor.java:1044)\n\tat io.netty.util.internal.ThreadExecutorMap$2.run(ThreadExecutorMap.java:74)\n\tat io.netty.util.concurrent.FastThreadLocalRunnable.run(FastThreadLocalRunnable.java:30)\n\tat java.lang.Thread.run(Thread.java:923)\n"}}
06-11 22:28:49.258 D/stbdpc  (  397): STB_DPGetNumPaths[570]: num_paths: 1
06-11 22:28:49.268 I/lowmemorykiller(  231): medium memory pressure event is triggered for new strategy
06-11 22:28:49.268 D/lowmemorykiller(  231): LMKD mp_event_psi kill_reasons available are PRESSURE_AFTER_KILL, NOT_RESPONDING, LOW_SWAP_AND_THRASHING, LOW_MEM_AND_SWAP, LOW_MEM_AND_THRASHING, DIRECT_RECL_AND_THRASHING
06-11 22:28:49.268 D/lowmemorykiller(  231): LMKD mp_event_psi kill_reason received= -1
06-11 22:28:49.314 D/JioAppOptimizer( 1722): AppOptimizerService :: handleMessage()
06-11 22:28:49.318 D/JioAppOptimizer( 1722): AppOptimizerService :: handleMessage() : Foreground Package=in.startv.hotstar
06-11 22:28:49.318 D/JioAppOptimizer( 1722): AppOptimizerService :: handleMessage() : Free memory available in MB : 618.4375
06-11 22:28:49.319 D/JioAppOptimizer( 1722): AppOptimizerService :: handleMessage() : checkAndRemoveBackgroundApps()
06-11 22:28:49.319 D/JioAppOptimizer( 1722): AppOptimizerService :: checkAndRemoveBackgroundApps()
06-11 22:28:49.358 D/stbdpc  (  397): STB_DPGetNumPaths[570]: num_paths: 1
06-11 22:28:49.368 I/lowmemorykiller(  231): medium memory pressure event is triggered for new strategy
06-11 22:28:49.369 D/lowmemorykiller(  231): LMKD mp_event_psi kill_reasons available are PRESSURE_AFTER_KILL, NOT_RESPONDING, LOW_SWAP_AND_THRASHING, LOW_MEM_AND_SWAP, LOW_MEM_AND_THRASHING, DIRECT_RECL_AND_THRASHING
06-11 22:28:49.369 D/lowmemorykiller(  231): LMKD mp_event_psi kill_reason received= -1
06-11 22:28:49.458 D/stbdpc  (  397): STB_DPGetNumPaths[570]: num_paths: 1
06-11 22:28:49.469 I/lowmemorykiller(  231): medium memory pressure event is triggered for new strategy
06-11 22:28:49.558 D/stbdpc  (  397): STB_DPGetNumPaths[570]: num_paths: 1
06-11 22:28:49.569 I/lowmemorykiller(  231): medium memory pressure event is triggered for new strategy
06-11 22:28:49.570 D/lowmemorykiller(  231): LMKD mp_event_psi kill_reasons available are PRESSURE_AFTER_KILL, NOT_RESPONDING, LOW_SWAP_AND_THRASHING, LOW_MEM_AND_SWAP, LOW_MEM_AND_THRASHING, DIRECT_RECL_AND_THRASHING
06-11 22:28:49.570 D/lowmemorykiller(  231): LMKD mp_event_psi kill_reason received= -1
06-11 22:28:49.593 I/.startv.hotsta( 9763): Background concurrent copying GC freed 233735(12MB) AllocSpace objects, 78(3684KB) LOS objects, 49% free, 9461KB/18MB, paused 167us total 200.682ms
06-11 22:28:49.597 W/System  ( 9763): A resource failed to call close. 
06-11 22:28:49.598 W/System  ( 9763): A resource failed to call close. 
06-11 22:28:49.658 D/stbdpc  (  397): STB_DPGetNumPaths[570]: num_paths: 1
06-11 22:28:49.670 I/lowmemorykiller(  231): medium memory pressure event is triggered for new strategy
06-11 22:28:49.670 D/lowmemorykiller(  231): LMKD mp_event_psi kill_reasons available are PRESSURE_AFTER_KILL, NOT_RESPONDING, LOW_SWAP_AND_THRASHING, LOW_MEM_AND_SWAP, LOW_MEM_AND_THRASHING, DIRECT_RECL_AND_THRASHING
06-11 22:28:49.670 D/lowmemorykiller(  231): LMKD mp_event_psi kill_reason received= -1
06-11 22:28:49.671 D/dvb_iptv(  397): ReadEmmNetworkTask[1537]: EMM Select Timeout Occured 28
06-11 22:28:49.723 I/appium  ( 9693): channel read: POST /session/1a4eecb7-e3ea-47ea-894f-c2020ff19f9e/element
06-11 22:28:49.725 I/appium  ( 9693): FindElement command
06-11 22:28:49.728 D/JioStbInactivityTimer(  926): Timer: count 32 warningTimeout:10680 timeout:10800
06-11 22:28:49.728 D/JioStbInactivityTimer(  926): isUserActive: Curr:6926904 Prev:6926904
06-11 22:28:49.729 I/appium  ( 9693): method: 'xpath', selector: '//android.widget.ImageView[@resource-id='in.startv.hotstar:id/iv_profile']'
06-11 22:28:49.729 I/appium  ( 9693): Waiting up to 10000ms for the device to idle
06-11 22:28:49.733 I/appium  ( 9693): The following attributes will be included to the page source: [resource-id]
06-11 22:28:49.759 D/stbdpc  (  397): STB_DPGetNumPaths[570]: num_paths: 1
06-11 22:28:49.770 I/lowmemorykiller(  231): medium memory pressure event is triggered for new strategy
06-11 22:28:49.821 I/appium  ( 9693): Took 0ms to retrieve 0 matches for '//android.widget.ImageView[@resource-id='in.startv.hotstar:id/iv_profile']' XPath2 query
