06-11 21:54:28.577 D/InputDispatcher(  633): Setting input event injection result to 0.  injectorPid=29072, injectorUid=0
06-11 21:54:28.577 V/InputDispatcher(  633): Asynchronous input event injection succeeded.
06-11 21:54:28.578 I/android.hardware.power-service.libperfmgr(  366): Power setBoost: INTERACTION duration: 0
06-11 21:54:28.578 I/libperfmgr(  366): Do Powerhint: INTERACTION
06-11 21:54:28.579 I/android.hardware.power-service.libperfmgr(  366): Power setBoost: INTERACTION duration: 0
06-11 21:54:28.579 I/libperfmgr(  366): Do Powerhint: INTERACTION
06-11 21:54:28.588 D/InputDispatcher(  633): injectInputEvent - eventType=2, injectorPid=29072, injectorUid=0, syncMode=0, timeout=30000, policyFlags=0x08000000
06-11 21:54:28.589 D/InputDispatcher(  633): injectInputEvent - Finished with result 0. injectorPid=29072, injectorUid=0
06-11 21:54:28.589 D/InputDispatcher(  633): Setting input event injection result to 0.  injectorPid=29072, injectorUid=0
06-11 21:54:28.589 V/InputDispatcher(  633): Asynchronous input event injection succeeded.
06-11 21:54:28.598 D/stbdpc  (  397): STB_DPGetNumPaths[570]: num_paths: 1
06-11 21:54:28.604 W/GestureController(29088): Gestures took longer than expected (46ms >> 16ms), device might be in a busy state.
06-11 21:54:28.604 I/appium  (29088): Waiting up to 10000ms for the device to idle
06-11 21:54:28.671 D/rtk_heartbeat(  349): heartbeat_timed_out: heartbeatCmdCount = 4878, expected nextSeqNum = 4878
06-11 21:54:28.673 D/rtk_heartbeat(  349): rtkbt_heartbeat_cmpl_cback: Current SeqNum = 4878,should SeqNum=4878, status = 0
06-11 21:54:28.698 D/stbdpc  (  397): STB_DPGetNumPaths[570]: num_paths: 1
06-11 21:54:28.767 I/ThermalService(  969): CPU temperatures: [58.4]
06-11 21:54:28.798 D/stbdpc  (  397): STB_DPGetNumPaths[570]: num_paths: 1
06-11 21:54:28.847 D/ltts_ip_emm(  397): LTTS_IP_DMXStartEMM[381]: parse_emm_cat_status failed
06-11 21:54:28.856 D/dvb_iptv(  397): ReadEmmNetworkTask[1537]: EMM Select Timeout Occured 1
06-11 21:54:28.857 D/dvb_iptv(  397): ReadEmmNetworkTask[1598]: [SockTime] EMM packet Reception Stopped!!
06-11 21:54:28.857 D/dvb_iptv(  397): ReadEmmNetworkTask[1601]: [SockTime] EMM packet Rxn stopped: 1749659068s 857099us
06-11 21:54:28.898 D/stbdpc  (  397): STB_DPGetNumPaths[570]: num_paths: 1
06-11 21:54:28.999 D/stbdpc  (  397): STB_DPGetNumPaths[570]: num_paths: 1
06-11 21:54:29.096 I/appium  (29088): AppiumResponse: {"sessionId":"ef84e68c-339a-4786-90f9-776316a36363","value":null}
06-11 21:54:29.099 D/stbdpc  (  397): STB_DPGetNumPaths[570]: num_paths: 1
06-11 21:54:29.180 I/appium  (29088): channel read: POST /session/ef84e68c-339a-4786-90f9-776316a36363/appium/device/press_keycode
06-11 21:54:29.181 I/appium  (29088): PressKeyCode command
06-11 21:54:29.181 I/appium  (29088): Calling PressKeyCode... 
06-11 21:54:29.185 D/UiDevice(29088): Pressing keycodes [66] with modifier 0.
06-11 21:54:29.194 D/InputDispatcher(  633): injectInputEvent - eventType=1, injectorPid=29072, injectorUid=0, syncMode=2, timeout=30000, policyFlags=0x08000000
06-11 21:54:29.194 D/WindowManager(  633): interceptKeyTq keycode=66 interactive=true keyguardActive=false policyFlags=2b000000
06-11 21:54:29.195 D/WindowManager(  633): CloudPC is in NOT in foreground
06-11 21:54:29.195 D/WindowManager(  633): isKeyNeedsToPassToJioCloudPC :: NO
06-11 21:54:29.196 I/android.hardware.power-service.libperfmgr(  366): Power setBoost: INTERACTION duration: 0
06-11 21:54:29.196 I/libperfmgr(  366): Do Powerhint: INTERACTION
06-11 21:54:29.196 I/android.hardware.power-service.libperfmgr(  366): Power setBoost: INTERACTION duration: 0
06-11 21:54:29.197 I/libperfmgr(  366): Do Powerhint: INTERACTION
06-11 21:54:29.197 D/WindowManager(  633): interceptKeyTi keyCode=66 down=true repeatCount=0 keyguardOn=false canceled=false
06-11 21:54:29.197 D/WindowManager(  633): CloudPC is in NOT in foreground
06-11 21:54:29.197 D/WindowManager(  633): isKeyNeedsToPassToJioCloudPC :: NO
06-11 21:54:29.197 D/GlobalKeyManager(  633): KeyEvent { action=ACTION_DOWN, keyCode=KEYCODE_ENTER, scanCode=0, metaState=0, flags=0x0, repeatCount=0, eventTime=4900338, downTime=4900338, deviceId=-1, source=0x101, displayId=-1 }
06-11 21:54:29.197 D/InputDispatcher(  633): Setting input event injection result to 0.  injectorPid=29072, injectorUid=0
06-11 21:54:29.198 D/InputDispatcher(  633): injectInputEvent - Waiting for 1 pending foreground dispatches.
06-11 21:54:29.199 D/stbdpc  (  397): STB_DPGetNumPaths[570]: num_paths: 1
06-11 21:54:29.199 D/InputDispatcher(  633): injectInputEvent - Finished with result 0. injectorPid=29072, injectorUid=0
06-11 21:54:29.201 D/InputDispatcher(  633): injectInputEvent - eventType=1, injectorPid=29072, injectorUid=0, syncMode=2, timeout=30000, policyFlags=0x08000000
06-11 21:54:29.201 D/WindowManager(  633): interceptKeyTq keycode=66 interactive=true keyguardActive=false policyFlags=2b000000
06-11 21:54:29.201 D/WindowManager(  633): CloudPC is in NOT in foreground
06-11 21:54:29.202 D/WindowManager(  633): isKeyNeedsToPassToJioCloudPC :: NO
06-11 21:54:29.202 D/WindowManager(  633): interceptKeyTi keyCode=66 down=false repeatCount=0 keyguardOn=false canceled=false
06-11 21:54:29.202 D/WindowManager(  633): CloudPC is in NOT in foreground
06-11 21:54:29.202 D/WindowManager(  633): isKeyNeedsToPassToJioCloudPC :: NO
06-11 21:54:29.202 D/GlobalKeyManager(  633): KeyEvent { action=ACTION_UP, keyCode=KEYCODE_ENTER, scanCode=0, metaState=0, flags=0x0, repeatCount=0, eventTime=4900338, downTime=4900338, deviceId=-1, source=0x101, displayId=-1 }
06-11 21:54:29.202 D/InputDispatcher(  633): Setting input event injection result to 0.  injectorPid=29072, injectorUid=0
06-11 21:54:29.203 D/InputDispatcher(  633): injectInputEvent - Waiting for 1 pending foreground dispatches.
06-11 21:54:29.211 I/sub_mixing_factory(  348): [usecase_change_validate_l_sm:1209] ++++continuous:0 dev masks:0, out masks:0, out usecase PCM_NORMAL
06-11 21:54:29.211 I/sub_mixing_factory(  348): [usecase_change_validate_l_sm:1216] add usecase PCM_NORMAL, cnt 1
06-11 21:54:29.211 D/sub_mixing_factory(  348): [usecase_change_validate_l_sm:1228] cur dev masks:0, add out usecase:PCM_NORMAL
06-11 21:54:29.211 I/sub_mixing_factory(  348): [usecase_change_validate_l_sm:1259] ----continuous:0 dev masks:0x1, out masks:0x1, out usecase PCM_NORMAL
06-11 21:54:29.211 D/aml_audio_port(  348): [new_input_port:260] buf_frames:384,frame_size:4 ==> thunk_size:1536
06-11 21:54:29.211 I/aml_audio_port(  348): [get_input_port_type:109] samplerate:48000, flags:0x2, channel_cnt:2
06-11 21:54:29.211 D/aml_audio_port(  348): [new_input_port:286] inport:PCM_SYSTEM, buf:6144, direct:0, format:0x1, rate:48000, ch:2
06-11 21:54:29.211 I/amlAudioMixer(  348): [init_mixer_input_port:175] input port:PCM_SYSTEM, size 384 frames, frame_write_sum:61161472
06-11 21:54:29.211 I/aml_audio_port(  348): [get_input_port_type:109] samplerate:48000, flags:0x2, channel_cnt:2
06-11 21:54:29.211 I/system_server(  633): oneway function results will be dropped but finished with status OK and parcel size 4
06-11 21:54:29.211 I/sub_mixing_factory(  348): [mixer_aux_buffer_write_sm:1066] stream 0xee269000 input port:PCM_SYSTEM
06-11 21:54:29.211 I/sub_mixing_factory(  348): [mixer_aux_buffer_write_sm:1076] padding_bytes 12288
06-11 21:54:29.211 I/amlAudioMixer(  348): [mixer_write_inport:260] input port:PCM_SYSTEM is active now
06-11 21:54:29.211 I/sub_mixing_factory(  348): [mixer_aux_buffer_write_sm:1076] padding_bytes 10752
06-11 21:54:29.211 I/sub_mixing_factory(  348): [mixer_aux_buffer_write_sm:1076] padding_bytes 9216
06-11 21:54:29.211 I/sub_mixing_factory(  348): [mixer_aux_buffer_write_sm:1076] padding_bytes 7680
06-11 21:54:29.211 I/sub_mixing_factory(  348): [mixer_aux_buffer_write_sm:1076] padding_bytes 6144
06-11 21:54:29.212 I/system_server(  633): oneway function results will be dropped but finished with status OK and parcel size 4
06-11 21:54:29.213 I/amlAudioMixer(  348): [mixer_inports_read:704] input port:PCM_SYSTEM first start, portId:0, avail:6144
06-11 21:54:29.213 I/sub_mixing_factory(  348): [mixer_aux_buffer_write_sm:1076] padding_bytes 4608
06-11 21:54:29.226 I/sub_mixing_factory(  348): [mixer_aux_buffer_write_sm:1076] padding_bytes 3072
06-11 21:54:29.228 D/InputDispatcher(  633): injectInputEvent - Finished with result 0. injectorPid=29072, injectorUid=0
06-11 21:54:29.234 I/sub_mixing_factory(  348): [mixer_aux_buffer_write_sm:1076] padding_bytes 1536
06-11 21:54:29.248 I/appium  (29088): AppiumResponse: {"sessionId":"ef84e68c-339a-4786-90f9-776316a36363","value":null}
06-11 21:54:29.299 D/stbdpc  (  397): STB_DPGetNumPaths[570]: num_paths: 1
06-11 21:54:29.357 D/dvb_iptv(  397): ReadEmmNetworkTask[1537]: EMM Select Timeout Occured 2
06-11 21:54:29.399 D/stbdpc  (  397): STB_DPGetNumPaths[570]: num_paths: 1
06-11 21:54:29.404 E/WifiVendorHal(  633): getWifiLinkLayerStats_1_3_Internal(l.973) failed {.code = ERROR_UNKNOWN, .description = unknown error}
06-11 21:54:29.411 D/JioStbInactivityTimer(  926): Timer: count 485 warningTimeout:10680 timeout:10800
06-11 21:54:29.412 D/JioStbInactivityTimer(  926): isUserActive: Curr:4414283 Prev:4414283
06-11 21:54:29.499 D/stbdpc  (  397): STB_DPGetNumPaths[570]: num_paths: 1
06-11 21:54:29.521 W/APM::AudioPolicyEngine(  387): getDevicesForStrategy() unknown strategy: -1
06-11 21:54:29.522 I/system_server(  633): oneway function results will be dropped but finished with status OK and parcel size 4
06-11 21:54:29.600 D/stbdpc  (  397): STB_DPGetNumPaths[570]: num_paths: 1
06-11 21:54:29.671 D/rtk_heartbeat(  349): heartbeat_timed_out: heartbeatCmdCount = 4879, expected nextSeqNum = 4879
06-11 21:54:29.672 D/rtk_heartbeat(  349): rtkbt_heartbeat_cmpl_cback: Current SeqNum = 4879,should SeqNum=4879, status = 0
06-11 21:54:29.700 D/stbdpc  (  397): STB_DPGetNumPaths[570]: num_paths: 1
06-11 21:54:29.764 D/MulticastUtils( 1773): Timeout 5000ms IOException:Poll timed out
06-11 21:54:29.770 D/JioLauncher( 1773): connected-network-status  1 status true time 0 lPreviousIp [/fe80::1%wlan0, /192.168.1.1] isLiveOnTop() false isOneTimeVisisbleStatus false-remoteConnectedTime-0
06-11 21:54:29.800 D/stbdpc  (  397): STB_DPGetNumPaths[570]: num_paths: 1
06-11 21:54:29.857 D/dvb_iptv(  397): ReadEmmNetworkTask[1537]: EMM Select Timeout Occured 3
06-11 21:54:29.900 D/stbdpc  (  397): STB_DPGetNumPaths[570]: num_paths: 1
06-11 21:54:30.000 I/chatty  (  397): uid=0(root) DK-SiCntrl identical 1 line
06-11 21:54:30.101 D/stbdpc  (  397): STB_DPGetNumPaths[570]: num_paths: 1
06-11 21:54:30.127 I/.startv.hotsta(28751): oneway function results will be dropped but finished with status OK and parcel size 4
06-11 21:54:30.134 I/e.swalekh.abct( 1359): oneway function results will be dropped but finished with status OK and parcel size 4
06-11 21:54:30.152 D/JioSTBMRServer-SERVICE( 3589): InetSocketAddress(InetAddress.getByName(inetAddress.hostAddress)-/192.168.1.255
06-11 21:54:30.152 D/JioSTBMRServer-SERVICE( 3589): #beacon:RKISBFJ60000097:0:false:0:1:SV=181024 , 192.168.1.255
06-11 21:54:30.155 D/JioSTBMRServer-SERVICE( 3589): InetSocketAddress(InetAddress.getByName(inetAddress.hostAddress)-/192.168.1.255
06-11 21:54:30.155 D/JioSTBMRServer-SERVICE( 3589): #broadcast IP:192.168.1.255
06-11 21:54:30.201 D/stbdpc  (  397): STB_DPGetNumPaths[570]: num_paths: 1
06-11 21:54:30.301 D/stbdpc  (  397): STB_DPGetNumPaths[570]: num_paths: 1
06-11 21:54:30.357 D/dvb_iptv(  397): ReadEmmNetworkTask[1537]: EMM Select Timeout Occured 4
06-11 21:54:30.401 D/stbdpc  (  397): STB_DPGetNumPaths[570]: num_paths: 1
06-11 21:54:30.411 D/JioStbInactivityTimer(  926): Timer: count 486 warningTimeout:10680 timeout:10800
06-11 21:54:30.411 D/JioStbInactivityTimer(  926): isUserActive: Curr:4414283 Prev:4414283
06-11 21:54:30.501 D/stbdpc  (  397): STB_DPGetNumPaths[570]: num_paths: 1
06-11 21:54:30.601 D/stbdpc  (  397): STB_DPGetNumPaths[570]: num_paths: 1
06-11 21:54:30.671 D/rtk_heartbeat(  349): heartbeat_timed_out: heartbeatCmdCount = 4880, expected nextSeqNum = 4880
06-11 21:54:30.672 D/rtk_heartbeat(  349): rtkbt_heartbeat_cmpl_cback: Current SeqNum = 4880,should SeqNum=4880, status = 0
06-11 21:54:30.702 D/stbdpc  (  397): STB_DPGetNumPaths[570]: num_paths: 1
06-11 21:54:30.783 I/ThermalService(  969): CPU temperatures: [62.000004]
06-11 21:54:30.789 V/DigitalSignage(  633): Package Name: null
06-11 21:54:30.789 V/DigitalSignage(  633): Left: 0
06-11 21:54:30.789 V/DigitalSignage(  633): Right: 0
06-11 21:54:30.789 V/DigitalSignage(  633): Top: 0
06-11 21:54:30.789 V/DigitalSignage(  633): Bottom: 0
06-11 21:54:30.790 D/DigitalSignage(  633): else - Package Name :: null left : 0 right :: 0 top :: 0 bottom :: 0 dfu-right :: 1920 dfu-bottom :: 1080
06-11 21:54:30.802 D/stbdpc  (  397): STB_DPGetNumPaths[570]: num_paths: 1
06-11 21:54:30.814 V/DigitalSignage(  633): Package Name: null
06-11 21:54:30.814 V/DigitalSignage(  633): Left: 0
06-11 21:54:30.814 V/DigitalSignage(  633): Right: 0
06-11 21:54:30.814 V/DigitalSignage(  633): Top: 0
06-11 21:54:30.814 V/DigitalSignage(  633): Bottom: 0
06-11 21:54:30.815 D/DigitalSignage(  633): else - Package Name :: null left : 0 right :: 0 top :: 0 bottom :: 0 dfu-right :: 1920 dfu-bottom :: 1080
06-11 21:54:30.847 D/ltts_ip_emm(  397): LTTS_IP_DMXStartEMM[381]: parse_emm_cat_status failed
06-11 21:54:30.857 D/dvb_iptv(  397): ReadEmmNetworkTask[1537]: EMM Select Timeout Occured 5
06-11 21:54:30.902 D/stbdpc  (  397): STB_DPGetNumPaths[570]: num_paths: 1
06-11 21:54:31.102 I/chatty  (  397): uid=0(root) DK-SiCntrl identical 2 lines
06-11 21:54:31.203 D/stbdpc  (  397): STB_DPGetNumPaths[570]: num_paths: 1
06-11 21:54:31.290 I/appium  (29088): channel read: POST /session/ef84e68c-339a-4786-90f9-776316a36363/element
06-11 21:54:31.292 I/appium  (29088): FindElement command
06-11 21:54:31.295 I/appium  (29088): method: 'xpath', selector: '//android.widget.TextView[@resource-id='in.startv.hotstar:id/title']'
06-11 21:54:31.296 I/appium  (29088): Waiting up to 10000ms for the device to idle
06-11 21:54:31.303 D/stbdpc  (  397): STB_DPGetNumPaths[570]: num_paths: 1
06-11 21:54:31.357 D/dvb_iptv(  397): ReadEmmNetworkTask[1537]: EMM Select Timeout Occured 6
06-11 21:54:31.358 D/DvbiInterface(  397): updateemmstatus[1325]:  EMM_status:0
06-11 21:54:31.403 D/stbdpc  (  397): STB_DPGetNumPaths[570]: num_paths: 1
06-11 21:54:31.412 D/JioStbInactivityTimer(  926): Timer: count 487 warningTimeout:10680 timeout:10800
06-11 21:54:31.412 D/JioStbInactivityTimer(  926): isUserActive: Curr:4414283 Prev:4414283
06-11 21:54:31.503 D/stbdpc  (  397): STB_DPGetNumPaths[570]: num_paths: 1
06-11 21:54:31.603 D/stbdpc  (  397): STB_DPGetNumPaths[570]: num_paths: 1
06-11 21:54:31.671 D/rtk_heartbeat(  349): heartbeat_timed_out: heartbeatCmdCount = 4881, expected nextSeqNum = 4881
06-11 21:54:31.672 D/rtk_heartbeat(  349): rtkbt_heartbeat_cmpl_cback: Current SeqNum = 4881,should SeqNum=4881, status = 0
06-11 21:54:31.704 D/stbdpc  (  397): STB_DPGetNumPaths[570]: num_paths: 1
06-11 21:54:31.804 D/stbdpc  (  397): STB_DPGetNumPaths[570]: num_paths: 1
06-11 21:54:31.858 D/dvb_iptv(  397): ReadEmmNetworkTask[1537]: EMM Select Timeout Occured 7
06-11 21:54:31.892 I/DTVKit  (  397): request[114]: 'CmnNoti.onDvbIpPacketDetails' // '[]'
06-11 21:54:31.892 D/stbresmgr(  397): STB_RESNumTuners[315]: num_tuners: 3
06-11 21:54:31.892 E/dvb_iptv(  397): IPTV_GetDvbIpPacketDetails[684]: No valid ECM iptv_handle
06-11 21:54:31.892 D/dvb_iptv(  397): IPTV_GetDvbIpPacketDetails[688]: EMM Pkt stat received_packets:0 lost_packets:0 recov_packets:0 
06-11 21:54:31.892 E/CommonClientNotiCbUtilsIntf(  397): onDvbIpPacketDetails[97]: Failure of Getting DvbIpDetails
06-11 21:54:31.893 D/CommonClientNotiCbUtilsImpl( 1624): Not Received Valid Info
06-11 21:54:31.904 D/stbdpc  (  397): STB_DPGetNumPaths[570]: num_paths: 1
06-11 21:54:31.983 I/appium  (29088): The following attributes will be included to the page source: [resource-id]
06-11 21:54:32.004 D/stbdpc  (  397): STB_DPGetNumPaths[570]: num_paths: 1
06-11 21:54:32.104 D/stbdpc  (  397): STB_DPGetNumPaths[570]: num_paths: 1
06-11 21:54:32.121 D/DefaultRenderersFactory(28751): Building video renderers, extensionRendererMode 0
06-11 21:54:32.133 I/ExoPlayerImpl(28751): Init 10625d5 [ExoPlayerLib/2.16.1] [MSTB, JMSB200A, Jio, 30]
06-11 21:54:32.158 I/MediaFocusControl(  633): requestAudioFocus() from uid/pid 10072/28751 clientId=android.media.AudioManager@e292f24g2.b$a@dbe3a8d callingPack=in.startv.hotstar req=1 flags=0x0 sdk=34
06-11 21:54:32.158 I/MediaFocusControl(  633): notifyAudioFocusGain. in.startv.hotstar
06-11 21:54:32.160 D/CustomBootReceiver( 1856): onReceive, Receive broadcast message, com.jio.stb.AUDIO_FOCUS_GAIN
06-11 21:54:32.160 D/CustomBootReceiver( 1856): Recvd broadcast; Audio Focus change from package : in.startv.hotstar
06-11 21:54:32.160 D/AppOptimizerAudioFocusReceiver( 1722): onReceive, Receive broadcast message, com.jio.stb.AUDIO_FOCUS_GAIN
06-11 21:54:32.160 D/AppOptimizerAudioFocusReceiver( 1722): Recvd broadcast; Current Audio Focus=in.startv.hotstar
06-11 21:54:32.160 D/AppOptimizerAudioFocusReceiver( 1722): calling removeApp method
06-11 21:54:32.171 I/DrmUtils(28751): found android.hardware.drm@1.0::IDrmFactory clearkey
06-11 21:54:32.172 I/DrmUtils(28751): found android.hardware.drm@1.0::IDrmFactory verimatrix
06-11 21:54:32.174 I/DrmUtils(28751): found android.hardware.drm@1.0::IDrmFactory widevine
06-11 21:54:32.175 I/DrmUtils(28751): found android.hardware.drm@1.0::IDrmFactory youtube
06-11 21:54:32.178 I/DrmUtils(28751): found android.hardware.drm@1.1::IDrmFactory clearkey
06-11 21:54:32.179 I/DrmUtils(28751): found android.hardware.drm@1.1::IDrmFactory verimatrix
06-11 21:54:32.180 I/DrmUtils(28751): found android.hardware.drm@1.1::IDrmFactory widevine
06-11 21:54:32.181 I/DrmUtils(28751): found android.hardware.drm@1.1::IDrmFactory youtube
06-11 21:54:32.183 I/DrmUtils(28751): found android.hardware.drm@1.2::IDrmFactory clearkey
06-11 21:54:32.185 I/DrmUtils(28751): found android.hardware.drm@1.2::IDrmFactory verimatrix
06-11 21:54:32.186 I/DrmUtils(28751): found android.hardware.drm@1.2::IDrmFactory widevine
06-11 21:54:32.187 I/DrmUtils(28751): found android.hardware.drm@1.2::IDrmFactory youtube
06-11 21:54:32.190 I/DrmUtils(28751): found android.hardware.drm@1.3::IDrmFactory clearkey
06-11 21:54:32.191 I/DrmUtils(28751): found android.hardware.drm@1.3::IDrmFactory verimatrix
06-11 21:54:32.192 I/DrmUtils(28751): found android.hardware.drm@1.3::IDrmFactory widevine
06-11 21:54:32.193 I/DrmUtils(28751): found android.hardware.drm@1.3::IDrmFactory youtube
06-11 21:54:32.194 W/android.hardware.drm@1.3-service.youtube(  355): isCryptoSchemeSupported, false
06-11 21:54:32.194 I/WVCdm   (  354): [app][in.startv.hotstar] calling virtual Return<void> wvdrm::hardware::drm::V1_3::widevine::WVDrmFactory::createPlugin(const hidl_array<uint8_t, 16> &, const android::hardware::hidl_string &, android::hardware::drm::V1_3::IDrmFactory::createPlugin_cb)
06-11 21:54:32.197 I/.startv.hotsta(28751): oneway function results will be dropped but finished with status OK and parcel size 4
06-11 21:54:32.205 D/stbdpc  (  397): STB_DPGetNumPaths[570]: num_paths: 1
06-11 21:54:32.205 I/e.swalekh.abct( 1359): oneway function results will be dropped but finished with status OK and parcel size 4
06-11 21:54:32.211 D/JioSTBMRServer-SERVICE( 3589): InetSocketAddress(InetAddress.getByName(inetAddress.hostAddress)-/192.168.1.255
06-11 21:54:32.211 D/JioSTBMRServer-SERVICE( 3589): #beacon:RKISBFJ60000097:0:false:0:1:SV=181024 , 192.168.1.255
06-11 21:54:32.214 D/JioSTBMRServer-SERVICE( 3589): InetSocketAddress(InetAddress.getByName(inetAddress.hostAddress)-/192.168.1.255
06-11 21:54:32.214 D/JioSTBMRServer-SERVICE( 3589): #broadcast IP:192.168.1.255
06-11 21:54:32.305 D/stbdpc  (  397): STB_DPGetNumPaths[570]: num_paths: 1
06-11 21:54:32.335 D/sub_mixing_factory(  348): [out_standby_subMixingPCM:1324] out_stream(0xee269000) usecase: PCM_NORMAL
06-11 21:54:32.335 I/sub_mixing_factory(  348): [usecase_change_validate_l_sm:1170] cur dev masks:0x1, delete out usecase:PCM_NORMAL
06-11 21:54:32.335 I/sub_mixing_factory(  348): [usecase_change_validate_l_sm:1180] standby unmask usecase PCM_NORMAL
06-11 21:54:32.335 I/amlAudioMixer(  348): [delete_mixer_input_port:197] input port ID:0, type:PCM_SYSTEM, cur mask:0x1
06-11 21:54:32.337 I/system_server(  633): oneway function results will be dropped but finished with status OK and parcel size 4
06-11 21:54:32.340 D/MediaCodecInfo(28751): NoSupport [sizeAndRate.support, 1920x1080x23.976024627685547] [c2.android.hevc.decoder, video/hevc] [MSTB, JMSB200A, Jio, 30]
06-11 21:54:32.343 I/chatty  (28751): uid=10072(in.startv.hotstar) ExoPlayer:Playb identical 2 lines
06-11 21:54:32.344 D/MediaCodecInfo(28751): NoSupport [sizeAndRate.support, 1920x1080x23.976024627685547] [c2.android.hevc.decoder, video/hevc] [MSTB, JMSB200A, Jio, 30]
06-11 21:54:32.358 D/dvb_iptv(  397): ReadEmmNetworkTask[1537]: EMM Select Timeout Occured 8
06-11 21:54:32.405 D/stbdpc  (  397): STB_DPGetNumPaths[570]: num_paths: 1
06-11 21:54:32.409 I/appium  (29088): Took 0ms to retrieve 1 matches for '//android.widget.TextView[@resource-id='in.startv.hotstar:id/title']' XPath2 query
06-11 21:54:32.412 D/JioStbInactivityTimer(  926): Timer: count 488 warningTimeout:10680 timeout:10800
06-11 21:54:32.413 D/JioStbInactivityTimer(  926): isUserActive: Curr:4414283 Prev:4414283
06-11 21:54:32.415 D/MediaCodecInfo(28751): NoSupport [sizeAndRate.support, 1920x1080x23.976024627685547] [c2.android.hevc.decoder, video/hevc] [MSTB, JMSB200A, Jio, 30]
06-11 21:54:32.415 E/WifiVendorHal(  633): getWifiLinkLayerStats_1_3_Internal(l.973) failed {.code = ERROR_UNKNOWN, .description = unknown error}
06-11 21:54:32.417 I/appium  (29088): AppiumResponse: {"sessionId":"ef84e68c-339a-4786-90f9-776316a36363","value":{"ELEMENT":"00000000-0000-0048-ffff-ffff000000aa","element-6066-11e4-a52e-4f735466cecf":"00000000-0000-0048-ffff-ffff000000aa"}}
06-11 21:54:32.433 I/OMXClient(28751): IOmx service obtained
06-11 21:54:32.433 I/OMXMaster(  474): makeComponentInstance(OMX.amlogic.hevc.decoder.awesome2) in android.hardwar process
06-11 21:54:32.433 D/OmxComponentManagerImpl(  474): support frame mode
06-11 21:54:32.433 D/OmxComponentManagerImpl(  474): use dv frame mode
06-11 21:54:32.433 D/OmxComponentManagerImpl(  474): support avs frame mode
06-11 21:54:32.434 D/OmxComponentManagerImpl(  474): format support multi-instance
06-11 21:54:32.434 D/OmxComponentManagerImpl(  474): getEntryByName_2_num=0, componentName:OMX.amlogic.hevc.decoder.awesome2
06-11 21:54:32.434 D/omx_video(  474): processName=media.codec
06-11 21:54:32.434 V/AmlogicVideoDecoderAwesome2(  474): [40]AmlogicVideoDecoder2:118 >
06-11 21:54:32.434 V/AmlogicVideoDecoderAwesome2(  474): [40]initializeState_l:1611 >
06-11 21:54:32.434 D/AmlogicVideoDecoderAwesome2(  474): [40]"vendor.media.omx.latency is not set used def=1.000000\n"
06-11 21:54:32.434 D/AmlogicVideoDecoderAwesome2(  474): [40]"vendor.media.omx.frame_numlatency is not set used def=10\n"
06-11 21:54:32.434 D/AmlogicVideoDecoderAwesome2(  474): [40]"vendor.omx.frame_numlimmit is not set used def=20\n"
06-11 21:54:32.434 D/AmlogicVideoDecoderAwesome2(  474): [41]"AmlogicVideoDecoder2, mOmxInstancenum 1, mOmxInstanceID 41"
06-11 21:54:32.434 D/AmlogicVideoDecoderAwesome2(  474): [41]"vendor.omx2.blkmode is not set used def=0\n"
06-11 21:54:32.434 D/AmlogicVideoDecoderAwesome2(  474): [41]"vendor.omx2.maxalloc is not set used def=1\n"
06-11 21:54:32.434 I/AmlogicVideoDecoderAwesome2(  474): [41]"default use NV21"
06-11 21:54:32.434 V/AmlogicVideoPassthrough(  474): [0]AmlogicVideoPassthrough:80 >
06-11 21:54:32.434 D/AmlogicVideoPassthrough(  474): [1]"AmlogicVideoPassthrough, mOmxInstancenum 1, mOmxInstanceID 35"
06-11 21:54:32.434 E/secmem_tz(  474): [Secure_NegotiateVersion:374] Secure_NegotiateVersion 2 2 2 2 2 2
06-11 21:54:32.434 E/secmem_tz(  474): [Secure_NegotiateVersion:384] Negotiated secmem version = 2
06-11 21:54:32.434 W/OmxLogConf(  474): Can not read property media.omx.log_levels, using 0
06-11 21:54:32.435 D/OmxResManage(  474): ResManWrapper OMX-49 init, fd = 12
06-11 21:54:32.435 D/AmlogicVideoDecoderAwesome2(  474): [41]"vendor.media.omx2.out_buffer1 is not set used def=8\n"
06-11 21:54:32.435 D/AmlogicVideoDecoderAwesome2(  474): [41]"out buf:8"
06-11 21:54:32.435 D/AmlogicVideoDecoderAwesome2(  474): [41]"vendor.media.omx2.dw is not set used def=0\n"
06-11 21:54:32.435 D/OmxVideoDecoder(  474): setInputCoding OMX.amlogic.hevc.decoder.awesome2
06-11 21:54:32.435 D/OmxVideoDecoder(  474): mIsLinux49=0, mIsLinux54=1, major=5, minor=4
06-11 21:54:32.435 D/OmxVideoDecoder(  474): multi dec exist
06-11 21:54:32.435 D/OmxVideoDecoder(  474): use dv frame mode
06-11 21:54:32.435 D/OmxVideoDecoder(  474): avs multi dec exist
06-11 21:54:32.435 D/OmxVideoDecoder(  474): Use frame mode for multidec.
06-11 21:54:32.435 D/OmxVideoDecoder(  474): Use min out buffer size
06-11 21:54:32.435 D/OmxVideoDecoder(  474): mSupportPiPVideo = 1
06-11 21:54:32.436 D/OmxVideoDecoder(  474): mMustOsdDisplay 0, mAmVideoUsed=0, mSupportPiPVideo=1, mPipVideoUsed=0, mVideoUsedByOmx=0
06-11 21:54:32.436 D/OMX-VENDOR-EXT(  474): OMX.amlogic.hevc.decoder.awesome2 : Vendor extensions supported (17)
06-11 21:54:32.436 D/OMX-VENDOR-EXT(  474):    vendor.4k-osd{{ enable : Int32 },  }
06-11 21:54:32.436 D/OMX-VENDOR-EXT(  474):    vendor.video-trickmode{{ enable : Int32 },  }
06-11 21:54:32.436 D/OMX-VENDOR-EXT(  474):    vendor.unstable-pts{{ enable : Int32 },  }
06-11 21:54:32.436 D/OMX-VENDOR-EXT(  474):    vendor.is-mvc{{ enable : Int32 },  }
06-11 21:54:32.436 D/OMX-VENDOR-EXT(  474):    vendor.is-flv{{ nContainIndex : Int32 },  }
06-11 21:54:32.436 D/OMX-VENDOR-EXT(  474):    vendor.dvconfig-box{{ disable : Int32 },  }
06-11 21:54:32.436 D/OMX-VENDOR-EXT(  474):    vendor.profile-level{{ n-profile : Int32 },  { n-level : Int32 },  }
06-11 21:54:32.436 D/OMX-VENDOR-EXT(  474):    vendor.nrdp{{ video-peek-in-tunnel : Int32 },  }
06-11 21:54:32.436 D/OMX-VENDOR-EXT(  474):    vendor.low-latency{{ enable : Int32 },  }
06-11 21:54:32.436 D/OMX-VENDOR-EXT(  474):    vendor.save-mem{{ enable : Int32 },  }
06-11 21:54:32.436 D/OMX-VENDOR-EXT(  474):    vendor.videoLayer{{ type : Int32 },  }
06-11 21:54:32.436 D/OMX-VENDOR-EXT(  474):    vendor.renderByOmx{{ enable : Int32 },  }
06-11 21:54:32.436 D/OMX-VENDOR-EXT(  474):    vendor.tunerhal{{ video-filter-id : Int32 },  { hw-av-sync-id : Int32 },  }
06-11 21:54:32.436 D/OMX-VENDOR-EXT(  474):    vendor.VideoQos{{ info : String },  }
06-11 21:54:32.436 D/OMX-VENDOR-EXT(  474):    vendor.rotation-angle{{ angle : Int32 },  }
06-11 21:54:32.436 D/OMX-VENDOR-EXT(  474):    vendor.McodecReport{{ info : String },  }
06-11 21:54:32.436 D/OMX-VENDOR-EXT(  474):    vendor.START.low-latency{{ enable : Int32 },  }
06-11 21:54:32.436 D/OmxVideoDecoder(  474): video type 11 support v4l2, use omx2
06-11 21:54:32.436 D/OmxVideoDecoder(  474): processName=media.codec
06-11 21:54:32.436 D/OmxComponentManagerImpl(  474): IncreaseEntryNumByName pEntry->mNum=0, pEntry->mMaxNum:9,componentName:OMX.amlogic.hevc.decoder.awesome2
06-11 21:54:32.436 I/omx_core(  474): OMX_getHandle_num=1
06-11 21:54:32.436 D/OmxComponent(  474): mApkName=media.codec
06-11 21:54:32.439 I/[ 4903.588724@0]  resman(    0): 69 appname:OMX-49, type=0
06-11 21:54:32.440 D/SurfaceUtils(28751): connecting to surface 0xbf218808, reason connectToSurface
06-11 21:54:32.440 I/MediaCodec(28751): [OMX.amlogic.hevc.decoder.awesome2] setting surface generation to 29441025
06-11 21:54:32.440 D/SurfaceUtils(28751): disconnecting from surface 0xbf218808, reason connectToSurface(reconnect)
06-11 21:54:32.440 D/SurfaceUtils(28751): connecting to surface 0xbf218808, reason connectToSurface(reconnect)
06-11 21:54:32.440 I/AmAVUtils(28751): AmAVUtils::getComponentRole isEncoder :0 mime:video/hevc 
06-11 21:54:32.440 V/MediaVendorExt(28751): AVUtils::getComponentRole
06-11 21:54:32.440 I/MediaVendorExt(28751): AmAVUtils::getComponentRole isEncoder :0 mime:video/hevc 
06-11 21:54:32.440 D/OmxVideoDecoder(  474): setParameter 1599 0x1000017
06-11 21:54:32.440 D/OmxVideoDecoder(  474): setInputCoding video_decoder.hevc
06-11 21:54:32.441 D/OmxComponent(  474): getExtensionIndex 1237 name="OMX.google.android.index.enableAndroidNativeBuffers"
06-11 21:54:32.441 D/OmxVideoDecoder(  474): setParameter 1599 0x7f000000
06-11 21:54:32.441 V/OmxVideoDecoder(  474): setParameter 2201 EnableNativeBuffers 1
06-11 21:54:32.441 V/OmxVideoDecoder(  474): updatePort mUseNativeBuffers 1
06-11 21:54:32.441 V/OmxVideoDecoder(  474): nWidth=640,nHeight=480, nMinbufs=0
06-11 21:54:32.441 D/OmxComponent(  474): getExtensionIndex 1237 name="OMX.google.android.index.allocateNativeHandle"
06-11 21:54:32.441 D/OmxVideoDecoder(  474): setParameter 1599 0x7f00000a
06-11 21:54:32.441 E/OMXNodeInstance(  474): setParameter(0xf23c4438:amlogic.hevc.decoder.awesome2, OMX.google.android.index.allocateNativeHandle(0x7f00000a): Output:1 en=0) ERROR: UnsupportedSetting(0x80001019)
06-11 21:54:32.441 D/OmxComponent(  474): getExtensionIndex 1237 name="OMX.google.android.index.storeANWBufferInMetadata"
06-11 21:54:32.441 D/OmxVideoDecoder(  474): setParameter 1599 0x7f00000d
06-11 21:54:32.441 D/OmxVideoDecoder(  474): setParameter 2221 OMX_GoogleAndroidStoreANWBufferInMetadata
06-11 21:54:32.441 V/OmxVideoDecoder(  474): mUseStoreANWBufferInMetadata=1
06-11 21:54:32.441 E/OMXNodeInstance(  474): getParameter(0xf23c4438:amlogic.hevc.decoder.awesome2, ??(0x6f600011)) ERROR: UnsupportedIndex(0x8000101a)
06-11 21:54:32.442 D/OmxVideoDecoder(  474): setParameter 1599 0x6000001
06-11 21:54:32.442 D/OmxVideoDecoder(  474): setParameter nPortIndex 0 CompFmt 0xb ColorFmt 0
06-11 21:54:32.442 D/OmxVideoDecoder(  474): setParameter 1599 0x6000001
06-11 21:54:32.442 D/OmxVideoDecoder(  474): setParameter nPortIndex 1 CompFmt 0 ColorFmt 0x11
06-11 21:54:32.442 I/OmxVideoDecoder(  474): getParameter Component Name OMX.amlogic.hevc.decoder.awesome2, width 640, height 480 nBufferCountMin:3
06-11 21:54:32.442 D/OmxVideoDecoder(  474): setParameter 1599 0x2000001
06-11 21:54:32.442 D/OmxVideoDecoder(  474): setParameter nPortIndex 0 nFrameWidth 1920 nFrameHeight 1080 nSliceHeight 16
06-11 21:54:32.442 E/OmxVideoDecoder(  474):  reset input buffer:2073600
06-11 21:54:32.443 V/OmxVideoDecoder(  474): updatePort mUseNativeBuffers 1
06-11 21:54:32.443 V/OmxVideoDecoder(  474): nWidth=640,nHeight=480, nMinbufs=0
06-11 21:54:32.443 I/OmxVideoDecoder(  474): getParameter Component Name OMX.amlogic.hevc.decoder.awesome2, width 640, height 480 nBufferCountMin:8
06-11 21:54:32.443 D/OmxVideoDecoder(  474): setParameter 1599 0x2000001
06-11 21:54:32.443 D/OmxVideoDecoder(  474): adaptiveplayback default set w*d: 4096*2304
06-11 21:54:32.443 D/OmxVideoDecoder(  474): media.omx.display_mode=3
06-11 21:54:32.443 D/OmxVideoDecoder(  474): mjpeg vc1 wmv wmv3 force display_mode=3
06-11 21:54:32.443 D/OmxVideoDecoder(  474): choose mVideoUsedByOmx=0, mVideoUsedByThis=0, mAmVideoUsed=0
06-11 21:54:32.443 D/OmxVideoDecoder(  474): mDisplayMode = DISPLAY_MODE_V4LVIDEO
06-11 21:54:32.443 D/OmxVideoDecoder(  474): choose mDisplayMode=3
06-11 21:54:32.443 D/OmxVideoDecoder(  474): setParameter nPortIndex 1 nFrameWidth 1920 nFrameHeight 1080 nSliceHeight 1080
06-11 21:54:32.443 V/OmxVideoDecoder(  474): updatePort mUseNativeBuffers 1
06-11 21:54:32.443 V/OmxVideoDecoder(  474): nWidth=1920,nHeight=1080, nMinbufs=0
06-11 21:54:32.444 D/OmxComponent(  474): getExtensionIndex 1237 name="OMX.google.android.index.describeColorAspects"
06-11 21:54:32.445 D/OmxComponent(  474): getExtensionIndex 1237 name="OMX.google.android.index.storeMetaDataInBuffers"
06-11 21:54:32.445 D/OmxComponent(  474): getExtensionIndex 1237 name="OMX.google.android.index.storeANWBufferInMetadata"
06-11 21:54:32.445 D/OmxComponent(  474): getExtensionIndex 1237 name="OMX.google.android.index.prepareForAdaptivePlayback"
06-11 21:54:32.445 D/OmxComponent(  474): getExtensionIndex 1237 name="OMX.google.android.index.configureVideoTunnelMode"
06-11 21:54:32.445 D/OmxComponent(  474): getExtensionIndex 1237 name="OMX.google.android.index.useAndroidNativeBuffer2"
06-11 21:54:32.445 D/OmxComponent(  474): getExtensionIndex 1237 name="OMX.google.android.index.useAndroidNativeBuffer"
06-11 21:54:32.445 D/OmxComponent(  474): getExtensionIndex 1237 name="OMX.google.android.index.enableAndroidNativeBuffers"
06-11 21:54:32.445 D/OmxComponent(  474): getExtensionIndex 1237 name="OMX.google.android.index.allocateNativeHandle"
06-11 21:54:32.445 D/OmxComponent(  474): getExtensionIndex 1237 name="OMX.google.android.index.getAndroidNativeBufferUsage"
06-11 21:54:32.445 D/OmxVideoDecoder(  474): setConfig 3009 0x7f00000c
06-11 21:54:32.445 D/OmxComponent(  474): getExtensionIndex 1237 name="OMX.google.android.index.describeHDRStaticInfo"
06-11 21:54:32.445 D/OmxComponent(  474): getExtensionIndex 1237 name="OMX.google.android.index.describeHDR10PlusInfo"
06-11 21:54:32.446 D/OmxVideoDecoder(  474): setConfig 3009 0x7f000009
06-11 21:54:32.446 D/OmxVideoDecoder(  474): HDRStaticInfo: R=0 0; G=0 0; B=0 0; W=0 0; MaxDisplayLuminance:0, MinDisplayLuminance=0, mMaxContentLightLevel=0, MaxContentLightLevel=0
06-11 21:54:32.446 D/OmxVideoDecoder(  474): HDRStaticInfo: all parmeter is 0, set mHasHDRStaticInfo to false
06-11 21:54:32.446 I/AmAVUtils(28751): AmAVUtils::isAudioExtendFormat input = video/hevc
06-11 21:54:32.446 I/AmAVUtils(28751): AmAVUtils::isExtendFormat input = video/hevc
06-11 21:54:32.446 I/OmxVideoDecoder(  474): getParameter Component Name OMX.amlogic.hevc.decoder.awesome2, width 1920, height 1080 nBufferCountMin:3
06-11 21:54:32.446 D/OmxVideoDecoder(  474): setConfig 3009 0x6f800002
06-11 21:54:32.446 V/OmxVideoDecoder(  474): setConfig 3192 nIndex 0x6f800002
06-11 21:54:32.446 D/OmxComponent(  474): setConfig 1230
06-11 21:54:32.446 E/OMXNodeInstance(  474): setConfig(0xf23c4438:amlogic.hevc.decoder.awesome2, ConfigPriority(0x6f800002)) ERROR: UnsupportedIndex(0x8000101a)
06-11 21:54:32.446 I/ACodec  (28751): codec does not support config priority (err -1010)
06-11 21:54:32.446 I/OmxVideoDecoder(  474): getParameter Component Name OMX.amlogic.hevc.decoder.awesome2, width 1920, height 1080 nBufferCountMin:3
06-11 21:54:32.447 D/OmxVideoDecoder(  474): getConfig 2867 0x6f100004
06-11 21:54:32.447 V/OmxVideoDecoder(  474): VendorExt: getConfig: index=0 (4k-osd)
06-11 21:54:32.447 D/OmxVideoDecoder(  474): getConfig 2867 0x6f100004
06-11 21:54:32.447 V/OmxVideoDecoder(  474): VendorExt: getConfig: index=1 (video-trickmode)
06-11 21:54:32.447 D/OmxVideoDecoder(  474): getConfig 2867 0x6f100004
06-11 21:54:32.447 V/OmxVideoDecoder(  474): VendorExt: getConfig: index=2 (unstable-pts)
06-11 21:54:32.447 D/OmxVideoDecoder(  474): getConfig 2867 0x6f100004
06-11 21:54:32.447 V/OmxVideoDecoder(  474): VendorExt: getConfig: index=3 (is-mvc)
06-11 21:54:32.448 D/OmxVideoDecoder(  474): getConfig 2867 0x6f100004
06-11 21:54:32.448 V/OmxVideoDecoder(  474): VendorExt: getConfig: index=4 (is-flv)
06-11 21:54:32.448 D/OmxVideoDecoder(  474): getConfig 2867 0x6f100004
06-11 21:54:32.448 V/OmxVideoDecoder(  474): VendorExt: getConfig: index=5 (dvconfig-box)
06-11 21:54:32.448 D/OmxVideoDecoder(  474): getConfig 2867 0x6f100004
06-11 21:54:32.448 V/OmxVideoDecoder(  474): VendorExt: getConfig: index=6 (profile-level)
06-11 21:54:32.448 D/OmxVideoDecoder(  474): getConfig 2867 0x6f100004
06-11 21:54:32.448 V/OmxVideoDecoder(  474): VendorExt: getConfig: index=6 (profile-level)
06-11 21:54:32.448 D/OmxVideoDecoder(  474): getConfig 2867 0x6f100004
06-11 21:54:32.448 V/OmxVideoDecoder(  474): VendorExt: getConfig: index=7 (nrdp)
06-11 21:54:32.448 D/OmxVideoDecoder(  474): getConfig 2867 0x6f100004
06-11 21:54:32.449 V/OmxVideoDecoder(  474): VendorExt: getConfig: index=8 (low-latency)
06-11 21:54:32.449 D/OmxVideoDecoder(  474): getConfig 2867 0x6f100004
06-11 21:54:32.449 V/OmxVideoDecoder(  474): VendorExt: getConfig: index=9 (save-mem)
06-11 21:54:32.449 D/OmxVideoDecoder(  474): getConfig 2867 0x6f100004
06-11 21:54:32.449 V/OmxVideoDecoder(  474): VendorExt: getConfig: index=10 (videoLayer)
06-11 21:54:32.449 D/OmxVideoDecoder(  474): getConfig 2867 0x6f100004
06-11 21:54:32.449 V/OmxVideoDecoder(  474): VendorExt: getConfig: index=11 (renderByOmx)
06-11 21:54:32.449 D/OmxVideoDecoder(  474): getConfig 2867 0x6f100004
06-11 21:54:32.449 V/OmxVideoDecoder(  474): VendorExt: getConfig: index=12 (tunerhal)
06-11 21:54:32.449 D/OmxVideoDecoder(  474): getConfig 2867 0x6f100004
06-11 21:54:32.449 V/OmxVideoDecoder(  474): VendorExt: getConfig: index=12 (tunerhal)
06-11 21:54:32.450 D/OmxVideoDecoder(  474): getConfig 2867 0x6f100004
06-11 21:54:32.450 V/OmxVideoDecoder(  474): VendorExt: getConfig: index=13 (VideoQos)
06-11 21:54:32.450 D/OmxVideoDecoder(  474): getConfig 2867 0x6f100004
06-11 21:54:32.450 V/OmxVideoDecoder(  474): VendorExt: getConfig: index=14 (rotation-angle)
06-11 21:54:32.450 D/OmxVideoDecoder(  474): getConfig 2867 0x6f100004
06-11 21:54:32.450 V/OmxVideoDecoder(  474): VendorExt: getConfig: index=15 (McodecReport)
06-11 21:54:32.450 D/OmxVideoDecoder(  474): mMcodecReport=0 mPeer.get=0xf23bb000
06-11 21:54:32.450 D/OmxVideoDecoder(  474): getConfig 2867 0x6f100004
06-11 21:54:32.450 V/OmxVideoDecoder(  474): VendorExt: getConfig: index=16 (START.low-latency)
06-11 21:54:32.450 D/OmxVideoDecoder(  474): getConfig 2867 0x6f100004
06-11 21:54:32.450 V/OmxVideoDecoder(  474): updatePort mUseNativeBuffers 1
06-11 21:54:32.450 V/OmxVideoDecoder(  474): nWidth=1920,nHeight=1080, nMinbufs=0
06-11 21:54:32.450 I/OmxVideoDecoder(  474): getParameter Component Name OMX.amlogic.hevc.decoder.awesome2, width 1920, height 1080 nBufferCountMin:8
06-11 21:54:32.451 D/OmxVideoDecoder(  474): getConfig 2867 0x700000f
06-11 21:54:32.451 D/OmxVideoDecoder(  474): getConfig 2870 nIndex 0x700000f
06-11 21:54:32.451 I/AmlogicVideoDecoderAwesome2(  474): [41]"getAndroidNativeBufferCrop [1920 x 1080] \n"
06-11 21:54:32.451 D/OmxVideoDecoder(  474): getConfig OMX_IndexConfigCommonOutputCrop pRect->nWidth=1920, pRect->nHeight=1080
06-11 21:54:32.451 D/OmxVideoDecoder(  474): setConfig 3009 0x7f00000c
06-11 21:54:32.451 D/OmxVideoDecoder(  474): getConfig 2867 0x7f00000c
06-11 21:54:32.451 D/OmxVideoDecoder(  474): getConfig 2867 0x7f00000c
06-11 21:54:32.451 E/OMXNodeInstance(  474): getConfig(0xf23c4438:amlogic.hevc.decoder.awesome2, ??(0x7f00000c)) ERROR: UnsupportedSetting(0x80001019)
06-11 21:54:32.451 D/OmxVideoDecoder(  474): getConfig 2867 0x7f000009
06-11 21:54:32.452 D/OmxVideoDecoder(  474): getConfig 2867 0x6f100004
06-11 21:54:32.452 V/OmxVideoDecoder(  474): VendorExt: getConfig: index=0 (4k-osd)
06-11 21:54:32.452 D/OmxVideoDecoder(  474): getConfig 2867 0x6f100004
06-11 21:54:32.452 V/OmxVideoDecoder(  474): VendorExt: getConfig: index=1 (video-trickmode)
06-11 21:54:32.452 D/OmxVideoDecoder(  474): getConfig 2867 0x6f100004
06-11 21:54:32.452 V/OmxVideoDecoder(  474): VendorExt: getConfig: index=2 (unstable-pts)
06-11 21:54:32.452 D/OmxVideoDecoder(  474): getConfig 2867 0x6f100004
06-11 21:54:32.452 V/OmxVideoDecoder(  474): VendorExt: getConfig: index=3 (is-mvc)
06-11 21:54:32.452 D/OmxVideoDecoder(  474): getConfig 2867 0x6f100004
06-11 21:54:32.452 V/OmxVideoDecoder(  474): VendorExt: getConfig: index=4 (is-flv)
06-11 21:54:32.452 D/OmxVideoDecoder(  474): getConfig 2867 0x6f100004
06-11 21:54:32.452 V/OmxVideoDecoder(  474): VendorExt: getConfig: index=5 (dvconfig-box)
06-11 21:54:32.453 D/OmxVideoDecoder(  474): getConfig 2867 0x6f100004
06-11 21:54:32.453 V/OmxVideoDecoder(  474): VendorExt: getConfig: index=6 (profile-level)
06-11 21:54:32.453 D/OmxVideoDecoder(  474): getConfig 2867 0x6f100004
06-11 21:54:32.453 V/OmxVideoDecoder(  474): VendorExt: getConfig: index=6 (profile-level)
06-11 21:54:32.453 D/OmxVideoDecoder(  474): getConfig 2867 0x6f100004
06-11 21:54:32.453 V/OmxVideoDecoder(  474): VendorExt: getConfig: index=7 (nrdp)
06-11 21:54:32.453 D/OmxVideoDecoder(  474): getConfig 2867 0x6f100004
06-11 21:54:32.453 V/OmxVideoDecoder(  474): VendorExt: getConfig: index=8 (low-latency)
06-11 21:54:32.453 D/OmxVideoDecoder(  474): getConfig 2867 0x6f100004
06-11 21:54:32.453 V/OmxVideoDecoder(  474): VendorExt: getConfig: index=9 (save-mem)
06-11 21:54:32.453 D/OmxVideoDecoder(  474): getConfig 2867 0x6f100004
06-11 21:54:32.453 V/OmxVideoDecoder(  474): VendorExt: getConfig: index=10 (videoLayer)
06-11 21:54:32.454 D/OmxVideoDecoder(  474): getConfig 2867 0x6f100004
06-11 21:54:32.454 V/OmxVideoDecoder(  474): VendorExt: getConfig: index=11 (renderByOmx)
06-11 21:54:32.454 D/OmxVideoDecoder(  474): getConfig 2867 0x6f100004
06-11 21:54:32.454 V/OmxVideoDecoder(  474): VendorExt: getConfig: index=12 (tunerhal)
06-11 21:54:32.454 D/OmxVideoDecoder(  474): getConfig 2867 0x6f100004
06-11 21:54:32.454 V/OmxVideoDecoder(  474): VendorExt: getConfig: index=12 (tunerhal)
06-11 21:54:32.454 D/OmxVideoDecoder(  474): getConfig 2867 0x6f100004
06-11 21:54:32.454 V/OmxVideoDecoder(  474): VendorExt: getConfig: index=13 (VideoQos)
06-11 21:54:32.454 D/OmxVideoDecoder(  474): getConfig 2867 0x6f100004
06-11 21:54:32.454 V/OmxVideoDecoder(  474): VendorExt: getConfig: index=14 (rotation-angle)
06-11 21:54:32.454 D/OmxVideoDecoder(  474): getConfig 2867 0x6f100004
06-11 21:54:32.454 V/OmxVideoDecoder(  474): VendorExt: getConfig: index=15 (McodecReport)
06-11 21:54:32.454 D/OmxVideoDecoder(  474): mMcodecReport=0 mPeer.get=0xf23bb000
06-11 21:54:32.455 D/OmxVideoDecoder(  474): getConfig 2867 0x6f100004
06-11 21:54:32.455 V/OmxVideoDecoder(  474): VendorExt: getConfig: index=16 (START.low-latency)
06-11 21:54:32.455 D/OmxVideoDecoder(  474): getConfig 2867 0x6f100004
06-11 21:54:32.455 I/OmxComponent(  474): OMX_CommandStateSet 850 Cmd 0 nParam1 0x2
06-11 21:54:32.455 I/OmxComponent(  474): OMX-49 STATE_SET:   OMX_StateLoaded => OMX_StateIdle : OMX.amlogic.hevc.decoder.awesome2
06-11 21:54:32.455 I/OmxComponent(  474): OMX-49 STATE_TRANS: OMX_StateLoaded => OMX_StateIdle : OMX.amlogic.hevc.decoder.awesome2
06-11 21:54:32.456 I/OmxVideoDecoder(  474): getParameter Component Name OMX.amlogic.hevc.decoder.awesome2, width 1920, height 1080 nBufferCountMin:3
06-11 21:54:32.462 I/appium  (29088): channel read: GET /session/ef84e68c-339a-4786-90f9-776316a36363/element/00000000-0000-0048-ffff-ffff000000aa/attribute/displayed
06-11 21:54:32.464 I/appium  (29088): GetElementAttribute command
06-11 21:54:32.465 I/OmxComponent(  474): OMX-49 STATE_TRANS: OMX_StateLoaded => OMX_StateIdle : OMX.amlogic.hevc.decoder.awesome2
06-11 21:54:32.467 I/chatty  (  474): uid=1046(mediacodec) ecoder.awesome2 identical 1 line
06-11 21:54:32.468 I/OmxComponent(  474): OMX-49 STATE_TRANS: OMX_StateLoaded => OMX_StateIdle : OMX.amlogic.hevc.decoder.awesome2
06-11 21:54:32.468 V/OmxVideoDecoder(  474): updatePort mUseNativeBuffers 1
06-11 21:54:32.468 V/OmxVideoDecoder(  474): nWidth=1920,nHeight=1080, nMinbufs=0
06-11 21:54:32.469 I/OmxVideoDecoder(  474): getParameter Component Name OMX.amlogic.hevc.decoder.awesome2, width 1920, height 1080 nBufferCountMin:8
06-11 21:54:32.469 V/OmxVideoDecoder(  474): updatePort mUseNativeBuffers 1
06-11 21:54:32.469 V/OmxVideoDecoder(  474): nWidth=1920,nHeight=1080, nMinbufs=0
06-11 21:54:32.469 I/OmxVideoDecoder(  474): getParameter Component Name OMX.amlogic.hevc.decoder.awesome2, width 1920, height 1080 nBufferCountMin:8
06-11 21:54:32.469 D/OmxComponent(  474): getExtensionIndex 1237 name="OMX.google.android.index.AndroidNativeBufferConsumerUsage"
06-11 21:54:32.470 D/OmxVideoDecoder(  474): setParameter 1599 0x7f00000b
06-11 21:54:32.470 D/OmxVideoDecoder(  474): OMX_GoogleAndroidIndexAndroidNativeBufferConsumerUsage 0x100
06-11 21:54:32.470 D/OmxVideoDecoder(  474): Use OSD layer if don't use HWC.
06-11 21:54:32.470 D/OmxComponent(  474): getExtensionIndex 1237 name="OMX.google.android.index.getAndroidNativeBufferUsage"
06-11 21:54:32.470 D/OmxVideoDecoder(  474): Get NativeBufferUsage 0xc00200
06-11 21:54:32.471 D/SurfaceUtils(28751): set up nativeWindow 0xbf218808 for 1920x1080, color 0x11, rotation 0, usage 0xc02b00
06-11 21:54:32.471 D/OmxVideoDecoder(  474): setParameter 1599 0x2000001
06-11 21:54:32.471 D/OmxVideoDecoder(  474): adaptiveplayback default set w*d: 4096*2304
06-11 21:54:32.471 W/OmxVideoDecoder(  474): 4kosd set output error, newBufferCount 13 > 12
06-11 21:54:32.471 E/OMXNodeInstance(  474): setParameter(0xf23c4438:amlogic.hevc.decoder.awesome2, ParamPortDefinition(0x2000001)) ERROR: UnsupportedSetting(0x80001019)
06-11 21:54:32.471 W/ACodec  (28751): [OMX.amlogic.hevc.decoder.awesome2] setting nBufferCountActual to 13 failed: -1010
06-11 21:54:32.471 D/OmxVideoDecoder(  474): setParameter 1599 0x2000001
06-11 21:54:32.471 D/OmxVideoDecoder(  474): adaptiveplayback default set w*d: 4096*2304
06-11 21:54:32.471 D/OmxVideoDecoder(  474): media.omx.display_mode=3
06-11 21:54:32.471 D/OmxVideoDecoder(  474): mjpeg vc1 wmv wmv3 force display_mode=3
06-11 21:54:32.471 D/OmxVideoDecoder(  474): choose mVideoUsedByOmx=0, mVideoUsedByThis=0, mAmVideoUsed=0
06-11 21:54:32.471 D/OmxVideoDecoder(  474): choose mDisplayMode=0
06-11 21:54:32.471 D/OmxVideoDecoder(  474): mMustOsdDisplay is true
06-11 21:54:32.471 D/OmxVideoDecoder(  474): setParameter nPortIndex 1 nFrameWidth 1920 nFrameHeight 1080 nSliceHeight 1080
06-11 21:54:32.471 V/OmxVideoDecoder(  474): updatePort mUseNativeBuffers 1
06-11 21:54:32.471 V/OmxVideoDecoder(  474): nWidth=1920,nHeight=1080, nMinbufs=0
06-11 21:54:32.472 E/OMX_AmlogicPeerBufferWrapper(  474): setVideoNativeMetadata
06-11 21:54:32.472 I/OmxComponent(  474): OMX-49 STATE_TRANS: OMX_StateLoaded => OMX_StateIdle : OMX.amlogic.hevc.decoder.awesome2
06-11 21:54:32.473 E/OMX_AmlogicPeerBufferWrapper(  474): setVideoNativeMetadata
06-11 21:54:32.473 I/OmxComponent(  474): OMX-49 STATE_TRANS: OMX_StateLoaded => OMX_StateIdle : OMX.amlogic.hevc.decoder.awesome2
06-11 21:54:32.473 E/OMX_AmlogicPeerBufferWrapper(  474): setVideoNativeMetadata
06-11 21:54:32.474 I/OmxComponent(  474): OMX-49 STATE_TRANS: OMX_StateLoaded => OMX_StateIdle : OMX.amlogic.hevc.decoder.awesome2
06-11 21:54:32.474 E/OMX_AmlogicPeerBufferWrapper(  474): setVideoNativeMetadata
06-11 21:54:32.474 I/OmxComponent(  474): OMX-49 STATE_TRANS: OMX_StateLoaded => OMX_StateIdle : OMX.amlogic.hevc.decoder.awesome2
06-11 21:54:32.474 E/OMX_AmlogicPeerBufferWrapper(  474): setVideoNativeMetadata
06-11 21:54:32.474 I/OmxComponent(  474): OMX-49 STATE_TRANS: OMX_StateLoaded => OMX_StateIdle : OMX.amlogic.hevc.decoder.awesome2
06-11 21:54:32.475 E/OMX_AmlogicPeerBufferWrapper(  474): setVideoNativeMetadata
06-11 21:54:32.475 I/OmxComponent(  474): OMX-49 STATE_TRANS: OMX_StateLoaded => OMX_StateIdle : OMX.amlogic.hevc.decoder.awesome2
06-11 21:54:32.475 E/OMX_AmlogicPeerBufferWrapper(  474): setVideoNativeMetadata
06-11 21:54:32.475 I/OmxComponent(  474): OMX-49 STATE_TRANS: OMX_StateLoaded => OMX_StateIdle : OMX.amlogic.hevc.decoder.awesome2
06-11 21:54:32.475 E/OMX_AmlogicPeerBufferWrapper(  474): setVideoNativeMetadata
06-11 21:54:32.475 I/OmxComponent(  474): OMX-49 STATE_TRANS: OMX_StateLoaded => OMX_StateIdle : OMX.amlogic.hevc.decoder.awesome2
06-11 21:54:32.476 E/OMX_AmlogicPeerBufferWrapper(  474): setVideoNativeMetadata
06-11 21:54:32.476 I/OmxComponent(  474): OMX-49 STATE_TRANS: OMX_StateLoaded => OMX_StateIdle : OMX.amlogic.hevc.decoder.awesome2
06-11 21:54:32.476 E/OMX_AmlogicPeerBufferWrapper(  474): setVideoNativeMetadata
06-11 21:54:32.476 I/OmxComponent(  474): OMX-49 STATE_TRANS: OMX_StateLoaded => OMX_StateIdle : OMX.amlogic.hevc.decoder.awesome2
06-11 21:54:32.477 E/OMX_AmlogicPeerBufferWrapper(  474): setVideoNativeMetadata
06-11 21:54:32.477 I/OmxComponent(  474): OMX-49 STATE_TRANS: OMX_StateLoaded => OMX_StateIdle : OMX.amlogic.hevc.decoder.awesome2
06-11 21:54:32.477 E/OMX_AmlogicPeerBufferWrapper(  474): setVideoNativeMetadata
06-11 21:54:32.477 I/OmxComponent(  474): OMX-49 STATE_TRANS: OMX_StateLoaded => OMX_StateIdle : OMX.amlogic.hevc.decoder.awesome2
06-11 21:54:32.477 V/AmlogicVideoDecoderAwesome2(  474): [41]acquireResources:429 >
06-11 21:54:32.477 D/AmlogicVideoDecoderAwesome2(  474): [41]"setUp mDurationUs = 41708 videoDefine.xFramerate = 1571292"
06-11 21:54:32.478 V/debugSetup(  474): media.omx.dumpRecv is disabled
06-11 21:54:32.478 V/debugSetup(  474): media.omx.dumpCodec is disabled
06-11 21:54:32.478 E/AmlogicVideoDecoderAwesome2(  474): setUp(): 1200 mOwner->isGameMode()=0
06-11 21:54:32.478 D/AmlogicVideoDecoderAwesome2(  474): [41]"vendor.media.omx.gamemode is not set used def=0\n"
06-11 21:54:32.478 I/AmlogicVideoDecoderAwesome2(  474): [41]"setUp width 1920, height 1080\n"
06-11 21:54:32.478 D/AmlogicVideoDecoderAwesome2(  474): [41]"vendor.media.omx2.dw is not set used def=1\n"
06-11 21:54:32.478 D/AmlogicVideoDecoderAwesome2(  474): [41]"vendor.media.omx2.margin is not set used def=5\n"
06-11 21:54:32.478 I/AmlogicVideoDecoderAwesome2(  474): [41]"mIsSurfacTexture 1, mDoubleWriteMode 1, default_margin:5 \n"
06-11 21:54:32.478 D/AmlogicVideoDecoderAwesome2(  474): [41]"codecInit"
06-11 21:54:32.478 V/AmlogicVideoDecoderAwesome2(  474): [41]"codecInit hevc\n"
06-11 21:54:32.478 I/resman  (  474): acquire fd:12, restype:7, preempt:1, time_out:10000, arg:
06-11 21:54:32.478 I/resman  (  474): acquire fd:12, restype:5, preempt:1, time_out:10000, arg:size:60
06-11 21:54:32.478 D/VideoDecWraper(  474): VideoDecWraper
06-11 21:54:32.478 D/VideoDecWraper(  474): initialize:mime:video/hevc
06-11 21:54:32.478 D/VideoDecWraper(  474): version 1.1 use create AmVideoDec_create
