06-11 23:49:11.714 D/resman  (  474): release all resource, fd = 12
06-11 23:49:11.714 D/SurfaceUtils( 9075): disconnecting from surface 0xbd2cc408, reason disconnectFromSurface
06-11 23:49:11.734 W/SoundPool( 9075): Use of stream types is deprecated for operations other than volume control
06-11 23:49:11.734 W/SoundPool( 9075): See the documentation of SoundPool() for what to use instead with android.media.AudioAttributes to qualify your playback use case
06-11 23:49:11.721 D/[11782.844709@3]  [h265](    0): [0]h265:pts_unstable=0
06-11 23:49:11.749 D/[11782.844715@3]  [h265](    0): [0]h265: ver (201602101,0) decinfo: 0x0 rate=3840
06-11 23:49:11.749 D/[11782.864027@1]  [amlcom](    0): vdec_release instance 000000005fdf3538, total 1
06-11 23:49:11.749 D/[11782.864191@1]  [media_clock](    0): the clk_hevcf_mux   clock off, ref cnt: 0
06-11 23:49:11.749 D/[11782.864205@1]  [media_clock](    0): the clk_hevcb_mux   clock off, ref cnt: 0
06-11 23:49:11.749 I/[11782.865424@1]  dim(    0): unreg:use[1]ms
06-11 23:49:11.749 I/[11782.865436@1]  dim(    0): di_destroy_instance:ch[2]:end
06-11 23:49:11.749 I/[11782.866646@0]  resman(    0): 167 release [decoder]
06-11 23:49:11.749 I/[11782.866658@0]  resman(    0): 167 release [codec_mm]
06-11 23:49:11.749 E/        (    0): [11782.867626@0]  disalbe fastplay
06-11 23:49:11.793 D/stbdpc  (  397): STB_DPGetNumPaths[570]: num_paths: 1
06-11 23:49:11.813 I/AmFFmpegExtractor(  447): checkInList: isw:0, m:audio/ogg, t:1, i:86021 t:0
06-11 23:49:11.813 I/AmFFmpegExtractor(  447): checkInList: isw:1, m:audio/ogg, t:1, i:86021 t:0
06-11 23:49:11.813 E/AmFFmpegExtractor(  447): codec_ctx->properties: 0
06-11 23:49:11.813 I/AmFFmpegExtractor(  447): checkSupportInList ret 1
06-11 23:49:11.814 I/AmFFmpegExtractor(  447): checkInList: isw:0, m:audio/ogg, t:1, i:86021 t:0
06-11 23:49:11.815 I/AmFFmpegExtractor(  447): checkInList: isw:1, m:audio/ogg, t:1, i:86021 t:0
06-11 23:49:11.815 E/AmFFmpegExtractor(  447): codec_ctx->properties: 0
06-11 23:49:11.815 I/AmFFmpegExtractor(  447): checkSupportInList ret 1
06-11 23:49:11.822 W/APM::AudioPolicyEngine(  387): getDevicesForStrategy() unknown strategy: -1
06-11 23:49:11.823 I/system_server(  633): oneway function results will be dropped but finished with status OK and parcel size 4
06-11 23:49:11.827 I/AmFFmpegExtractor(  447): checkInList: isw:0, m:audio/ogg, t:1, i:86021 t:0
06-11 23:49:11.828 I/AmFFmpegExtractor(  447): checkInList: isw:1, m:audio/ogg, t:1, i:86021 t:0
06-11 23:49:11.828 E/AmFFmpegExtractor(  447): codec_ctx->properties: 0
06-11 23:49:11.828 I/AmFFmpegExtractor(  447): checkSupportInList ret 0
06-11 23:49:11.828 E/AmFFmpegExtractor(  447): vendor do not support
06-11 23:49:11.829 I/AmFFmpegExtractor(  447): checkInList: isw:0, m:audio/ogg, t:1, i:86021 t:0
06-11 23:49:11.830 I/AmFFmpegExtractor(  447): checkInList: isw:1, m:audio/ogg, t:1, i:86021 t:0
06-11 23:49:11.830 E/AmFFmpegExtractor(  447): codec_ctx->properties: 0
06-11 23:49:11.830 I/AmFFmpegExtractor(  447): checkSupportInList ret 0
06-11 23:49:11.831 V/DigitalSignage(  633): Package Name: null
06-11 23:49:11.831 V/DigitalSignage(  633): Left: 0
06-11 23:49:11.831 V/DigitalSignage(  633): Right: 0
06-11 23:49:11.831 V/DigitalSignage(  633): Top: 0
06-11 23:49:11.831 V/DigitalSignage(  633): Bottom: 0
06-11 23:49:11.831 D/DigitalSignage(  633): else - Package Name :: null left : 0 right :: 0 top :: 0 bottom :: 0 dfu-right :: 1920 dfu-bottom :: 1080
06-11 23:49:11.830 E/AmFFmpegExtractor(  447): vendor do not support
06-11 23:49:11.839 I/appium  ( 9011): channel read: POST /session/ae4e3482-26f1-4dd3-bc89-efecf2b12087/element
06-11 23:49:11.841 E/Utils   (  447): did not find channel-count and/or sample-rate
06-11 23:49:11.842 E/Utils   (  447): did not find channel-count and/or sample-rate
06-11 23:49:11.842 I/appium  ( 9011): FindElement command
06-11 23:49:11.844 D/dvb_iptv(  397): ReadEmmNetworkTask[1537]: EMM Select Timeout Occured 56
06-11 23:49:11.845 I/AmAVUtils( 9075): set profile 0 level:0
06-11 23:49:11.846 I/appium  ( 9011): method: 'xpath', selector: '//android.widget.EditText[@resource-id='in.startv.hotstar:id/search_bar']'
06-11 23:49:11.847 I/appium  ( 9011): Waiting up to 10000ms for the device to idle
06-11 23:49:11.848 I/AmAVUtils( 9075): set profile 0 level:0
06-11 23:49:11.854 D/MesonHwc(  360): VideoComposerDev (10) set (0).
06-11 23:49:11.854 I/[11783.008230@3]  vc(    0): [0]vc: set enable index=0, val=0
06-11 23:49:11.868 I/[11783.008255@3]  VID(    0): store VD0 path_id changed 2->-1
06-11 23:49:11.868 I/        (    0): [11783.008259@3]  dev->index =0, val=1
06-11 23:49:11.868 I/[11783.008262@3]  VID(    0): VD1 off
06-11 23:49:11.868 I/[11783.008267@3]  VID(    0): VD1 set global output as 0
06-11 23:49:11.868 I/        (    0): [11783.008284@3]  common_vf_unreg_provider video_render.0: vd1 used: true, vd2 used: false, vd3 used: false, black_out:0, cur_buf:00000000ebc7e71a
06-11 23:49:11.870 D/CCodec  ( 9075): allocate(c2.android.vorbis.decoder)
06-11 23:49:11.871 V/C2Store (  477): in init
06-11 23:49:11.871 V/C2Store (  477): loading dll
06-11 23:49:11.876 I/CCodec  ( 9075): Created component [c2.android.vorbis.decoder]
06-11 23:49:11.876 D/CCodecConfig( 9075): read media type: audio/vorbis
06-11 23:49:11.879 D/CCodec  ( 9075): allocate(c2.android.vorbis.decoder)
06-11 23:49:11.881 I/CCodec  ( 9075): Created component [c2.android.vorbis.decoder]
06-11 23:49:11.881 D/CCodecConfig( 9075): read media type: audio/vorbis
06-11 23:49:11.884 D/ReflectedParamUpdater( 9075): extent() != 1 for single value type: algo.buffers.max-count.values
06-11 23:49:11.884 D/ReflectedParamUpdater( 9075): extent() != 1 for single value type: output.subscribed-indices.values
06-11 23:49:11.884 D/ReflectedParamUpdater( 9075): extent() != 1 for single value type: input.buffers.allocator-ids.values
06-11 23:49:11.884 D/ReflectedParamUpdater( 9075): extent() != 1 for single value type: output.buffers.allocator-ids.values
06-11 23:49:11.885 D/ReflectedParamUpdater( 9075): extent() != 1 for single value type: algo.buffers.allocator-ids.values
06-11 23:49:11.885 D/ReflectedParamUpdater( 9075): extent() != 1 for single value type: output.buffers.pool-ids.values
06-11 23:49:11.885 D/ReflectedParamUpdater( 9075): extent() != 1 for single value type: algo.buffers.pool-ids.values
06-11 23:49:11.887 D/SystemControl(  346): [CPQControl]:onVframeSizeChange: event value = 10(0xa)!
06-11 23:49:11.887 D/SystemControl(  346): [CPQControl]:onVframeSizeChange: send hdr event,info is 6.!
06-11 23:49:11.887 D/JioServiceSysCtrlEvent( 1856): notifyHdrInfoChangedCallback newHdrInfo:6
06-11 23:49:11.888 I/CCodecConfig( 9075): query failed after returning 7 values (BAD_INDEX)
06-11 23:49:11.888 D/CCodecConfig( 9075): c2 config diff is Dict {
06-11 23:49:11.888 D/CCodecConfig( 9075):   c2::u32 coded.bitrate.value = 64000
06-11 23:49:11.888 D/CCodecConfig( 9075):   c2::u32 input.buffers.max-size.value = 32768
06-11 23:49:11.888 D/CCodecConfig( 9075):   c2::u32 input.delay.value = 0
06-11 23:49:11.888 D/CCodecConfig( 9075):   string input.media-type.value = "audio/vorbis"
06-11 23:49:11.888 D/CCodecConfig( 9075):   string output.media-type.value = "audio/raw"
06-11 23:49:11.888 D/CCodecConfig( 9075):   c2::u32 raw.channel-count.value = 1
06-11 23:49:11.888 D/CCodecConfig( 9075):   c2::u32 raw.sample-rate.value = 48000
06-11 23:49:11.888 D/CCodecConfig( 9075): }
06-11 23:49:11.889 D/ReflectedParamUpdater( 9075): extent() != 1 for single value type: algo.buffers.max-count.values
06-11 23:49:11.890 D/CCodec  ( 9075): [c2.android.vorbis.decoder] buffers are bound to CCodec for this session
06-11 23:49:11.890 D/CCodecConfig( 9075): no c2 equivalents for durationUs
06-11 23:49:11.890 D/CCodecConfig( 9075): no c2 equivalents for track-id
06-11 23:49:11.890 D/CCodecConfig( 9075): no c2 equivalents for csd-1
06-11 23:49:11.890 D/CCodecConfig( 9075): no c2 equivalents for channel-mask
06-11 23:49:11.890 D/CCodecConfig( 9075): no c2 equivalents for flags
06-11 23:49:11.890 D/ReflectedParamUpdater( 9075): extent() != 1 for single value type: output.subscribed-indices.values
06-11 23:49:11.890 D/ReflectedParamUpdater( 9075): extent() != 1 for single value type: input.buffers.allocator-ids.values
06-11 23:49:11.890 D/ReflectedParamUpdater( 9075): extent() != 1 for single value type: output.buffers.allocator-ids.values
06-11 23:49:11.890 D/ReflectedParamUpdater( 9075): extent() != 1 for single value type: algo.buffers.allocator-ids.values
06-11 23:49:11.890 D/CCodecConfig( 9075): c2 config diff is   c2::u32 raw.sample-rate.value = 16000
06-11 23:49:11.891 D/ReflectedParamUpdater( 9075): extent() != 1 for single value type: output.buffers.pool-ids.values
06-11 23:49:11.891 D/ReflectedParamUpdater( 9075): extent() != 1 for single value type: algo.buffers.pool-ids.values
06-11 23:49:11.892 W/Codec2Client( 9075): query -- param skipped: index = 1107298332.
06-11 23:49:11.892 D/CCodec  ( 9075): setup formats input: AMessage(what = 0x00000000) = {
06-11 23:49:11.892 D/CCodec  ( 9075):   int32_t channel-count = 1
06-11 23:49:11.892 D/CCodec  ( 9075):   int32_t max-input-size = 32768
06-11 23:49:11.892 D/CCodec  ( 9075):   string mime = "audio/vorbis"
06-11 23:49:11.892 D/CCodec  ( 9075):   int32_t sample-rate = 16000
06-11 23:49:11.892 D/CCodec  ( 9075): } and output: AMessage(what = 0x00000000) = {
06-11 23:49:11.892 D/CCodec  ( 9075):   int32_t channel-count = 1
06-11 23:49:11.892 D/CCodec  ( 9075):   string mime = "audio/raw"
06-11 23:49:11.892 D/CCodec  ( 9075):   int32_t sample-rate = 16000
06-11 23:49:11.892 D/CCodec  ( 9075):   int32_t channel-mask = 1
06-11 23:49:11.892 D/CCodec  ( 9075): }
06-11 23:49:11.893 W/Codec2Client( 9075): query -- param skipped: index = 1342179345.
06-11 23:49:11.893 W/Codec2Client( 9075): query -- param skipped: index = 2415921170.
06-11 23:49:11.893 I/CCodecConfig( 9075): query failed after returning 7 values (BAD_INDEX)
06-11 23:49:11.893 D/CCodecConfig( 9075): c2 config diff is Dict {
06-11 23:49:11.893 D/CCodecConfig( 9075):   c2::u32 coded.bitrate.value = 64000
06-11 23:49:11.893 D/CCodecConfig( 9075):   c2::u32 input.buffers.max-size.value = 32768
06-11 23:49:11.893 D/CCodecConfig( 9075):   c2::u32 input.delay.value = 0
06-11 23:49:11.893 D/CCodecConfig( 9075):   string input.media-type.value = "audio/vorbis"
06-11 23:49:11.893 D/CCodecConfig( 9075):   string output.media-type.value = "audio/raw"
06-11 23:49:11.893 D/CCodecConfig( 9075):   c2::u32 raw.channel-count.value = 1
06-11 23:49:11.893 D/CCodecConfig( 9075):   c2::u32 raw.sample-rate.value = 48000
06-11 23:49:11.893 D/CCodecConfig( 9075): }
06-11 23:49:11.894 E/FMQ     ( 9075): grantorIdx must be less than 3
06-11 23:49:11.894 D/stbdpc  (  397): STB_DPGetNumPaths[570]: num_paths: 1
06-11 23:49:11.894 E/FMQ     ( 9075): grantorIdx must be less than 3
06-11 23:49:11.894 D/CCodecBufferChannel( 9075): [c2.android.vorbis.decoder#218] Created input block pool with allocatorID 16 => poolID 19 - OK (0)
06-11 23:49:11.895 D/CCodec  ( 9075): [c2.android.vorbis.decoder] buffers are bound to CCodec for this session
06-11 23:49:11.895 E/FMQ     (  477): grantorIdx must be less than 3
06-11 23:49:11.895 D/CCodecConfig( 9075): no c2 equivalents for durationUs
06-11 23:49:11.895 D/CCodecConfig( 9075): no c2 equivalents for track-id
06-11 23:49:11.895 D/CCodecConfig( 9075): no c2 equivalents for csd-1
06-11 23:49:11.895 E/FMQ     (  477): grantorIdx must be less than 3
06-11 23:49:11.895 D/CCodecConfig( 9075): no c2 equivalents for channel-mask
06-11 23:49:11.895 D/CCodecConfig( 9075): no c2 equivalents for flags
06-11 23:49:11.895 I/CCodecBufferChannel( 9075): [c2.android.vorbis.decoder#218] Created output block pool with allocatorID 16 => poolID 313 - OK
06-11 23:49:11.896 D/CCodecBufferChannel( 9075): [c2.android.vorbis.decoder#218] Configured output block pool ids 313 => OK
06-11 23:49:11.896 D/CCodecConfig( 9075): c2 config diff is   c2::u32 raw.sample-rate.value = 16000
06-11 23:49:11.897 W/Codec2Client( 9075): query -- param skipped: index = 1107298332.
06-11 23:49:11.897 D/CCodec  ( 9075): setup formats input: AMessage(what = 0x00000000) = {
06-11 23:49:11.897 D/CCodec  ( 9075):   int32_t channel-count = 1
06-11 23:49:11.897 D/CCodec  ( 9075):   int32_t max-input-size = 32768
06-11 23:49:11.897 D/CCodec  ( 9075):   string mime = "audio/vorbis"
06-11 23:49:11.897 D/CCodec  ( 9075):   int32_t sample-rate = 16000
06-11 23:49:11.897 D/CCodec  ( 9075): } and output: AMessage(what = 0x00000000) = {
06-11 23:49:11.897 D/CCodec  ( 9075):   int32_t channel-count = 1
06-11 23:49:11.897 D/CCodec  ( 9075):   string mime = "audio/raw"
06-11 23:49:11.897 D/CCodec  ( 9075):   int32_t sample-rate = 16000
06-11 23:49:11.897 D/CCodec  ( 9075):   int32_t channel-mask = 1
06-11 23:49:11.897 D/CCodec  ( 9075): }
06-11 23:49:11.899 D/SimpleC2Component(  477): Using output block pool with poolID 313 => got 313 - 0
06-11 23:49:11.901 E/FMQ     ( 9075): grantorIdx must be less than 3
06-11 23:49:11.901 E/FMQ     (  477): grantorIdx must be less than 3
06-11 23:49:11.909 W/Codec2Client( 9075): query -- param skipped: index = 1342179345.
06-11 23:49:11.909 W/Codec2Client( 9075): query -- param skipped: index = 2415921170.
06-11 23:49:11.910 E/FMQ     ( 9075): grantorIdx must be less than 3
06-11 23:49:11.911 E/FMQ     ( 9075): grantorIdx must be less than 3
06-11 23:49:11.911 D/CCodecBufferChannel( 9075): [c2.android.vorbis.decoder#868] Created input block pool with allocatorID 16 => poolID 20 - OK (0)
06-11 23:49:11.912 E/FMQ     (  477): grantorIdx must be less than 3
06-11 23:49:11.912 E/FMQ     (  477): grantorIdx must be less than 3
06-11 23:49:11.913 I/CCodecBufferChannel( 9075): [c2.android.vorbis.decoder#868] Created output block pool with allocatorID 16 => poolID 314 - OK
06-11 23:49:11.914 E/[11783.066225@1]  selinux(    0): SELinux:  Could not stat /sys/kernel/dmabuf/buffers/2387419/attachments: No such file or directory.
06-11 23:49:11.915 E/[11783.066241@1]  selinux(    0):  
06-11 23:49:11.914 D/CCodecBufferChannel( 9075): [c2.android.vorbis.decoder#868] Configured output block pool ids 314 => OK
06-11 23:49:11.916 E/FMQ     (  477): grantorIdx must be less than 3
06-11 23:49:11.917 E/FMQ     ( 9075): grantorIdx must be less than 3
06-11 23:49:11.918 D/CCodecBuffers( 9075): [c2.android.vorbis.decoder#218:Output[N]] popFromStashAndRegister: output format changed to AMessage(what = 0x00000000) = {
06-11 23:49:11.918 D/CCodecBuffers( 9075):   int32_t channel-count = 1
06-11 23:49:11.918 D/CCodecBuffers( 9075):   string mime = "audio/raw"
06-11 23:49:11.918 D/CCodecBuffers( 9075):   int32_t sample-rate = 16000
06-11 23:49:11.918 D/CCodecBuffers( 9075):   int32_t channel-mask = 1
06-11 23:49:11.918 D/CCodecBuffers( 9075): }
06-11 23:49:11.927 D/SimpleC2Component(  477): Using output block pool with poolID 314 => got 314 - 0
06-11 23:49:11.928 E/FMQ     ( 9075): grantorIdx must be less than 3
06-11 23:49:11.929 E/FMQ     (  477): grantorIdx must be less than 3
06-11 23:49:11.939 E/FMQ     (  477): grantorIdx must be less than 3
06-11 23:49:11.939 E/FMQ     ( 9075): grantorIdx must be less than 3
06-11 23:49:11.941 D/CCodecBuffers( 9075): [c2.android.vorbis.decoder#868:Output[N]] popFromStashAndRegister: output format changed to AMessage(what = 0x00000000) = {
06-11 23:49:11.941 D/CCodecBuffers( 9075):   int32_t channel-count = 1
06-11 23:49:11.941 D/CCodecBuffers( 9075):   string mime = "audio/raw"
06-11 23:49:11.941 D/CCodecBuffers( 9075):   int32_t sample-rate = 16000
06-11 23:49:11.941 D/CCodecBuffers( 9075):   int32_t channel-mask = 1
06-11 23:49:11.941 D/CCodecBuffers( 9075): }
06-11 23:49:11.971 D/CCodecBufferChannel( 9075): [c2.android.vorbis.decoder#868] MediaCodec discarded an unknown buffer
06-11 23:49:11.971 D/CCodecBufferChannel( 9075): [c2.android.vorbis.decoder#868] MediaCodec discarded an unknown buffer
06-11 23:49:11.974 I/hw-BpHwBinder( 9075): onLastStrongRef automatically unlinking death recipients
06-11 23:49:11.979 D/CCodecBufferChannel( 9075): [c2.android.vorbis.decoder#218] MediaCodec discarded an unknown buffer
06-11 23:49:11.979 I/chatty  ( 9075): uid=10072(in.startv.hotstar) identical 1 line
06-11 23:49:11.979 D/CCodecBufferChannel( 9075): [c2.android.vorbis.decoder#218] MediaCodec discarded an unknown buffer
06-11 23:49:11.980 I/hw-BpHwBinder( 9075): onLastStrongRef automatically unlinking death recipients
06-11 23:49:11.981 I/hw-BpHwBinder(  477): onLastStrongRef automatically unlinking death recipients
06-11 23:49:11.982 V/C2Store (  477): in ~ComponentModule
06-11 23:49:11.982 V/C2Store (  477): unloading dll
06-11 23:49:11.983 D/JioAppOptimizer( 1722): AppOptimizerService :: handleMessage()
06-11 23:49:11.986 D/JioAppOptimizer( 1722): AppOptimizerService :: handleMessage() : Foreground Package=in.startv.hotstar
06-11 23:49:11.986 D/JioAppOptimizer( 1722): AppOptimizerService :: handleMessage() : Free memory available in MB : 589.42578125
06-11 23:49:11.986 D/JioAppOptimizer( 1722): AppOptimizerService :: handleMessage() : checkAndRemoveBackgroundApps()
06-11 23:49:11.986 D/JioAppOptimizer( 1722): AppOptimizerService :: checkAndRemoveBackgroundApps()
06-11 23:49:11.989 I/AmFFmpegExtractor(  447): checkInList: isw:0, m:audio/ogg, t:1, i:86021 t:0
06-11 23:49:11.989 I/AmFFmpegExtractor(  447): checkInList: isw:1, m:audio/ogg, t:1, i:86021 t:0
06-11 23:49:11.989 E/AmFFmpegExtractor(  447): codec_ctx->properties: 0
06-11 23:49:11.989 I/AmFFmpegExtractor(  447): checkSupportInList ret 1
06-11 23:49:11.993 I/AmFFmpegExtractor(  447): checkInList: isw:0, m:audio/ogg, t:1, i:86021 t:0
06-11 23:49:11.994 I/AmFFmpegExtractor(  447): checkInList: isw:1, m:audio/ogg, t:1, i:86021 t:0
06-11 23:49:11.994 E/AmFFmpegExtractor(  447): codec_ctx->properties: 0
06-11 23:49:11.994 I/AmFFmpegExtractor(  447): checkSupportInList ret 0
06-11 23:49:11.994 D/stbdpc  (  397): STB_DPGetNumPaths[570]: num_paths: 1
06-11 23:49:11.999 E/AmFFmpegExtractor(  447): vendor do not support
06-11 23:49:12.009 I/AmFFmpegExtractor(  447): checkInList: isw:0, m:audio/ogg, t:1, i:86021 t:0
06-11 23:49:12.009 I/AmFFmpegExtractor(  447): checkInList: isw:1, m:audio/ogg, t:1, i:86021 t:0
06-11 23:49:12.009 E/AmFFmpegExtractor(  447): codec_ctx->properties: 0
06-11 23:49:12.009 I/AmFFmpegExtractor(  447): checkSupportInList ret 1
06-11 23:49:12.011 E/Utils   (  447): did not find channel-count and/or sample-rate
06-11 23:49:12.021 I/AmAVUtils( 9075): set profile 0 level:0
06-11 23:49:12.024 I/AmFFmpegExtractor(  447): checkInList: isw:0, m:audio/ogg, t:1, i:86021 t:0
06-11 23:49:12.024 I/AmFFmpegExtractor(  447): checkInList: isw:1, m:audio/ogg, t:1, i:86021 t:0
06-11 23:49:12.024 E/AmFFmpegExtractor(  447): codec_ctx->properties: 0
06-11 23:49:12.024 I/AmFFmpegExtractor(  447): checkSupportInList ret 0
06-11 23:49:12.024 D/CCodec  ( 9075): allocate(c2.android.vorbis.decoder)
06-11 23:49:12.024 E/AmFFmpegExtractor(  447): vendor do not support
06-11 23:49:12.024 V/C2Store (  477): in init
06-11 23:49:12.024 V/C2Store (  477): loading dll
06-11 23:49:12.029 I/CCodec  ( 9075): Created component [c2.android.vorbis.decoder]
06-11 23:49:12.029 D/CCodecConfig( 9075): read media type: audio/vorbis
06-11 23:49:12.032 D/ReflectedParamUpdater( 9075): extent() != 1 for single value type: algo.buffers.max-count.values
06-11 23:49:12.032 D/ReflectedParamUpdater( 9075): extent() != 1 for single value type: output.subscribed-indices.values
06-11 23:49:12.032 D/ReflectedParamUpdater( 9075): extent() != 1 for single value type: input.buffers.allocator-ids.values
06-11 23:49:12.033 D/ReflectedParamUpdater( 9075): extent() != 1 for single value type: output.buffers.allocator-ids.values
06-11 23:49:12.033 D/ReflectedParamUpdater( 9075): extent() != 1 for single value type: algo.buffers.allocator-ids.values
06-11 23:49:12.033 D/ReflectedParamUpdater( 9075): extent() != 1 for single value type: output.buffers.pool-ids.values
06-11 23:49:12.033 D/ReflectedParamUpdater( 9075): extent() != 1 for single value type: algo.buffers.pool-ids.values
06-11 23:49:12.035 I/CCodecConfig( 9075): query failed after returning 7 values (BAD_INDEX)
06-11 23:49:12.035 D/CCodecConfig( 9075): c2 config diff is Dict {
06-11 23:49:12.035 D/CCodecConfig( 9075):   c2::u32 coded.bitrate.value = 64000
06-11 23:49:12.035 D/CCodecConfig( 9075):   c2::u32 input.buffers.max-size.value = 32768
06-11 23:49:12.035 D/CCodecConfig( 9075):   c2::u32 input.delay.value = 0
06-11 23:49:12.035 D/CCodecConfig( 9075):   string input.media-type.value = "audio/vorbis"
06-11 23:49:12.035 D/CCodecConfig( 9075):   string output.media-type.value = "audio/raw"
06-11 23:49:12.035 D/CCodecConfig( 9075):   c2::u32 raw.channel-count.value = 1
06-11 23:49:12.035 D/CCodecConfig( 9075):   c2::u32 raw.sample-rate.value = 48000
06-11 23:49:12.035 D/CCodecConfig( 9075): }
06-11 23:49:12.038 D/CCodec  ( 9075): [c2.android.vorbis.decoder] buffers are bound to CCodec for this session
06-11 23:49:12.038 D/CCodecConfig( 9075): no c2 equivalents for durationUs
06-11 23:49:12.038 D/CCodecConfig( 9075): no c2 equivalents for track-id
06-11 23:49:12.038 D/CCodecConfig( 9075): no c2 equivalents for csd-1
06-11 23:49:12.038 D/CCodecConfig( 9075): no c2 equivalents for channel-mask
06-11 23:49:12.038 D/CCodecConfig( 9075): no c2 equivalents for flags
06-11 23:49:12.039 D/CCodecConfig( 9075): c2 config diff is   c2::u32 raw.sample-rate.value = 16000
06-11 23:49:12.041 W/Codec2Client( 9075): query -- param skipped: index = 1107298332.
06-11 23:49:12.041 D/CCodec  ( 9075): setup formats input: AMessage(what = 0x00000000) = {
06-11 23:49:12.041 D/CCodec  ( 9075):   int32_t channel-count = 1
06-11 23:49:12.041 D/CCodec  ( 9075):   int32_t max-input-size = 32768
06-11 23:49:12.041 D/CCodec  ( 9075):   string mime = "audio/vorbis"
06-11 23:49:12.041 D/CCodec  ( 9075):   int32_t sample-rate = 16000
06-11 23:49:12.041 D/CCodec  ( 9075): } and output: AMessage(what = 0x00000000) = {
06-11 23:49:12.041 D/CCodec  ( 9075):   int32_t channel-count = 1
06-11 23:49:12.041 D/CCodec  ( 9075):   string mime = "audio/raw"
06-11 23:49:12.041 D/CCodec  ( 9075):   int32_t sample-rate = 16000
06-11 23:49:12.041 D/CCodec  ( 9075):   int32_t channel-mask = 1
06-11 23:49:12.041 D/CCodec  ( 9075): }
06-11 23:49:12.042 W/Codec2Client( 9075): query -- param skipped: index = 1342179345.
06-11 23:49:12.042 W/Codec2Client( 9075): query -- param skipped: index = 2415921170.
06-11 23:49:12.043 E/FMQ     ( 9075): grantorIdx must be less than 3
06-11 23:49:12.043 E/FMQ     ( 9075): grantorIdx must be less than 3
06-11 23:49:12.043 D/CCodecBufferChannel( 9075): [c2.android.vorbis.decoder#868] Created input block pool with allocatorID 16 => poolID 21 - OK (0)
06-11 23:49:12.044 E/FMQ     (  477): grantorIdx must be less than 3
06-11 23:49:12.044 E/FMQ     (  477): grantorIdx must be less than 3
06-11 23:49:12.045 E/Utils   (  447): did not find channel-count and/or sample-rate
06-11 23:49:12.045 I/CCodecBufferChannel( 9075): [c2.android.vorbis.decoder#868] Created output block pool with allocatorID 16 => poolID 315 - OK
06-11 23:49:12.046 D/CCodecBufferChannel( 9075): [c2.android.vorbis.decoder#868] Configured output block pool ids 315 => OK
06-11 23:49:12.048 D/SimpleC2Component(  477): Using output block pool with poolID 315 => got 315 - 0
06-11 23:49:12.050 E/FMQ     ( 9075): grantorIdx must be less than 3
06-11 23:49:12.050 E/FMQ     (  477): grantorIdx must be less than 3
06-11 23:49:12.066 E/FMQ     (  477): grantorIdx must be less than 3
06-11 23:49:12.067 E/FMQ     ( 9075): grantorIdx must be less than 3
06-11 23:49:12.069 D/CCodecBuffers( 9075): [c2.android.vorbis.decoder#868:Output[N]] popFromStashAndRegister: output format changed to AMessage(what = 0x00000000) = {
06-11 23:49:12.069 D/CCodecBuffers( 9075):   int32_t channel-count = 1
06-11 23:49:12.069 D/CCodecBuffers( 9075):   string mime = "audio/raw"
06-11 23:49:12.069 D/CCodecBuffers( 9075):   int32_t sample-rate = 16000
06-11 23:49:12.069 D/CCodecBuffers( 9075):   int32_t channel-mask = 1
06-11 23:49:12.069 D/CCodecBuffers( 9075): }
06-11 23:49:12.075 I/AmAVUtils( 9075): set profile 0 level:0
06-11 23:49:12.083 D/CCodec  ( 9075): allocate(c2.android.vorbis.decoder)
06-11 23:49:12.087 I/CCodec  ( 9075): Created component [c2.android.vorbis.decoder]
06-11 23:49:12.088 D/CCodecConfig( 9075): read media type: audio/vorbis
06-11 23:49:12.094 D/stbdpc  (  397): STB_DPGetNumPaths[570]: num_paths: 1
06-11 23:49:12.094 D/ReflectedParamUpdater( 9075): extent() != 1 for single value type: algo.buffers.max-count.values
06-11 23:49:12.097 D/ReflectedParamUpdater( 9075): extent() != 1 for single value type: output.subscribed-indices.values
06-11 23:49:12.098 D/ReflectedParamUpdater( 9075): extent() != 1 for single value type: input.buffers.allocator-ids.values
06-11 23:49:12.098 D/ReflectedParamUpdater( 9075): extent() != 1 for single value type: output.buffers.allocator-ids.values
06-11 23:49:12.099 D/ReflectedParamUpdater( 9075): extent() != 1 for single value type: algo.buffers.allocator-ids.values
06-11 23:49:12.099 D/ReflectedParamUpdater( 9075): extent() != 1 for single value type: output.buffers.pool-ids.values
06-11 23:49:12.100 D/ReflectedParamUpdater( 9075): extent() != 1 for single value type: algo.buffers.pool-ids.values
06-11 23:49:12.108 I/CCodecConfig( 9075): query failed after returning 7 values (BAD_INDEX)
06-11 23:49:12.109 D/CCodecConfig( 9075): c2 config diff is Dict {
06-11 23:49:12.109 D/CCodecConfig( 9075):   c2::u32 coded.bitrate.value = 64000
06-11 23:49:12.109 D/CCodecConfig( 9075):   c2::u32 input.buffers.max-size.value = 32768
06-11 23:49:12.109 D/CCodecConfig( 9075):   c2::u32 input.delay.value = 0
06-11 23:49:12.109 D/CCodecConfig( 9075):   string input.media-type.value = "audio/vorbis"
06-11 23:49:12.109 D/CCodecConfig( 9075):   string output.media-type.value = "audio/raw"
06-11 23:49:12.109 D/CCodecConfig( 9075):   c2::u32 raw.channel-count.value = 1
06-11 23:49:12.109 D/CCodecConfig( 9075):   c2::u32 raw.sample-rate.value = 48000
06-11 23:49:12.109 D/CCodecConfig( 9075): }
06-11 23:49:12.114 D/CCodec  ( 9075): [c2.android.vorbis.decoder] buffers are bound to CCodec for this session
06-11 23:49:12.114 D/CCodecConfig( 9075): no c2 equivalents for durationUs
06-11 23:49:12.114 D/CCodecConfig( 9075): no c2 equivalents for track-id
06-11 23:49:12.114 D/CCodecConfig( 9075): no c2 equivalents for csd-1
06-11 23:49:12.114 D/CCodecConfig( 9075): no c2 equivalents for channel-mask
06-11 23:49:12.114 D/CCodecConfig( 9075): no c2 equivalents for flags
06-11 23:49:12.116 D/CCodecConfig( 9075): c2 config diff is   c2::u32 raw.sample-rate.value = 16000
06-11 23:49:12.118 W/Codec2Client( 9075): query -- param skipped: index = 1107298332.
06-11 23:49:12.118 D/CCodec  ( 9075): setup formats input: AMessage(what = 0x00000000) = {
06-11 23:49:12.118 D/CCodec  ( 9075):   int32_t channel-count = 1
06-11 23:49:12.118 D/CCodec  ( 9075):   int32_t max-input-size = 32768
06-11 23:49:12.118 D/CCodec  ( 9075):   string mime = "audio/vorbis"
06-11 23:49:12.118 D/CCodec  ( 9075):   int32_t sample-rate = 16000
06-11 23:49:12.118 D/CCodec  ( 9075): } and output: AMessage(what = 0x00000000) = {
06-11 23:49:12.118 D/CCodec  ( 9075):   int32_t channel-count = 1
06-11 23:49:12.118 D/CCodec  ( 9075):   string mime = "audio/raw"
06-11 23:49:12.118 D/CCodec  ( 9075):   int32_t sample-rate = 16000
06-11 23:49:12.118 D/CCodec  ( 9075):   int32_t channel-mask = 1
06-11 23:49:12.118 D/CCodec  ( 9075): }
06-11 23:49:12.125 W/Codec2Client( 9075): query -- param skipped: index = 1342179345.
06-11 23:49:12.125 W/Codec2Client( 9075): query -- param skipped: index = 2415921170.
06-11 23:49:12.126 E/FMQ     ( 9075): grantorIdx must be less than 3
06-11 23:49:12.127 E/FMQ     ( 9075): grantorIdx must be less than 3
06-11 23:49:12.127 D/CCodecBufferChannel( 9075): [c2.android.vorbis.decoder#48] Created input block pool with allocatorID 16 => poolID 22 - OK (0)
06-11 23:49:12.128 E/FMQ     (  477): grantorIdx must be less than 3
06-11 23:49:12.128 E/FMQ     (  477): grantorIdx must be less than 3
06-11 23:49:12.129 I/CCodecBufferChannel( 9075): [c2.android.vorbis.decoder#48] Created output block pool with allocatorID 16 => poolID 316 - OK
06-11 23:49:12.129 D/CCodecBufferChannel( 9075): [c2.android.vorbis.decoder#48] Configured output block pool ids 316 => OK
06-11 23:49:12.131 D/SimpleC2Component(  477): Using output block pool with poolID 316 => got 316 - 0
06-11 23:49:12.135 D/CCodecBufferChannel( 9075): [c2.android.vorbis.decoder#868] MediaCodec discarded an unknown buffer
06-11 23:49:12.135 I/chatty  ( 9075): uid=10072(in.startv.hotstar) identical 1 line
06-11 23:49:12.135 D/CCodecBufferChannel( 9075): [c2.android.vorbis.decoder#868] MediaCodec discarded an unknown buffer
06-11 23:49:12.136 E/FMQ     ( 9075): grantorIdx must be less than 3
06-11 23:49:12.136 E/FMQ     (  477): grantorIdx must be less than 3
06-11 23:49:12.141 I/hw-BpHwBinder( 9075): onLastStrongRef automatically unlinking death recipients
06-11 23:49:12.150 E/FMQ     (  477): grantorIdx must be less than 3
06-11 23:49:12.150 E/FMQ     ( 9075): grantorIdx must be less than 3
06-11 23:49:12.153 D/CCodecBuffers( 9075): [c2.android.vorbis.decoder#48:Output[N]] popFromStashAndRegister: output format changed to AMessage(what = 0x00000000) = {
06-11 23:49:12.153 D/CCodecBuffers( 9075):   int32_t channel-count = 1
06-11 23:49:12.153 D/CCodecBuffers( 9075):   string mime = "audio/raw"
06-11 23:49:12.153 D/CCodecBuffers( 9075):   int32_t sample-rate = 16000
06-11 23:49:12.153 D/CCodecBuffers( 9075):   int32_t channel-mask = 1
06-11 23:49:12.153 D/CCodecBuffers( 9075): }
06-11 23:49:12.194 D/stbdpc  (  397): STB_DPGetNumPaths[570]: num_paths: 1
06-11 23:49:12.196 D/CCodecBufferChannel( 9075): [c2.android.vorbis.decoder#48] MediaCodec discarded an unknown buffer
06-11 23:49:12.198 I/hw-BpHwBinder( 9075): onLastStrongRef automatically unlinking death recipients
06-11 23:49:12.198 I/hw-BpHwBinder(  477): onLastStrongRef automatically unlinking death recipients
06-11 23:49:12.199 V/C2Store (  477): in ~ComponentModule
06-11 23:49:12.199 V/C2Store (  477): unloading dll
06-11 23:49:12.294 D/stbdpc  (  397): STB_DPGetNumPaths[570]: num_paths: 1
06-11 23:49:12.302 W/.startv.hotsta( 9075): Long monitor contention with owner DefaultDispatcher-worker-7 (9124) at void com.hotstar.bifrostlib.core.PayloadQueue$b.a(byte[])(SourceFile:91) waiters=1 in int com.hotstar.bifrostlib.core.PayloadQueue$b.k() for 225ms
06-11 23:49:12.311 V/DigitalSignage(  633): Package Name: null
06-11 23:49:12.311 V/DigitalSignage(  633): Left: 0
06-11 23:49:12.311 V/DigitalSignage(  633): Right: 0
06-11 23:49:12.311 V/DigitalSignage(  633): Top: 0
06-11 23:49:12.311 V/DigitalSignage(  633): Bottom: 0
06-11 23:49:12.311 D/DigitalSignage(  633): else - Package Name :: null left : 0 right :: 0 top :: 0 bottom :: 0 dfu-right :: 1920 dfu-bottom :: 1080
06-11 23:49:12.344 D/dvb_iptv(  397): ReadEmmNetworkTask[1537]: EMM Select Timeout Occured 57
06-11 23:49:12.385 D/rtk_heartbeat(  349): heartbeat_timed_out: heartbeatCmdCount = 11760, expected nextSeqNum = 11760
06-11 23:49:12.386 D/rtk_heartbeat(  349): rtkbt_heartbeat_cmpl_cback: Current SeqNum = 11760,should SeqNum=11760, status = 0
06-11 23:49:12.394 D/stbdpc  (  397): STB_DPGetNumPaths[570]: num_paths: 1
06-11 23:49:12.433 D/JioStbInactivityTimer(  926): Timer: count 35 warningTimeout:10680 timeout:10800
06-11 23:49:12.433 D/JioStbInactivityTimer(  926): isUserActive: Curr:11746705 Prev:11746705
06-11 23:49:12.464 I/DTVKit  (  397): request[114]: 'CmnNoti.onDvbIpPacketDetails' // '[]'
06-11 23:49:12.464 D/stbresmgr(  397): STB_RESNumTuners[315]: num_tuners: 3
06-11 23:49:12.464 E/dvb_iptv(  397): IPTV_GetDvbIpPacketDetails[684]: No valid ECM iptv_handle
06-11 23:49:12.464 D/dvb_iptv(  397): IPTV_GetDvbIpPacketDetails[688]: EMM Pkt stat received_packets:0 lost_packets:0 recov_packets:0 
06-11 23:49:12.464 E/CommonClientNotiCbUtilsIntf(  397): onDvbIpPacketDetails[97]: Failure of Getting DvbIpDetails
06-11 23:49:12.464 D/CommonClientNotiCbUtilsImpl( 1624): Not Received Valid Info
06-11 23:49:12.495 D/stbdpc  (  397): STB_DPGetNumPaths[570]: num_paths: 1
06-11 23:49:12.695 I/chatty  (  397): uid=0(root) DK-SiCntrl identical 2 lines
06-11 23:49:12.795 D/stbdpc  (  397): STB_DPGetNumPaths[570]: num_paths: 1
06-11 23:49:12.844 D/dvb_iptv(  397): ReadEmmNetworkTask[1537]: EMM Select Timeout Occured 58
06-11 23:49:12.895 D/stbdpc  (  397): STB_DPGetNumPaths[570]: num_paths: 1
06-11 23:49:12.933 D/JioLauncher( 1773): overlay status check for wifi and bt remote false false
06-11 23:49:12.935 D/Match code1( 1439): 2
06-11 23:49:12.936 D/JIO_TR069-( 1439): Predefined List [com.jio.stb.catv, com.rjil.jiostbsetting, com.iwedia.ui.rjio.launcher.reliance, com.jio.stb.hotellauncher, com.jio.media.oberoi, com.jio.ott]
06-11 23:49:12.939 D/JIO_TR069-( 1439): Caller Package com.iwedia.ui.rjio.launcher.reliance
06-11 23:49:12.939 D/JIO_TR069-( 1439): White Listed Apps []
06-11 23:49:12.939 D/JIO_TR069-( 1439): Final White Listed Apps [com.jio.stb.catv, com.rjil.jiostbsetting, com.iwedia.ui.rjio.launcher.reliance, com.jio.stb.hotellauncher, com.jio.media.oberoi, com.jio.ott, ]
06-11 23:49:12.943 D/JioLauncher( 1773): network-type-------NonJioNetwork
06-11 23:49:12.948 D/JioLauncher( 1773): live-tv-previousIp-[/fe80::1%wlan0, /192.168.1.1]-newHost-[/fe80::1%wlan0, /192.168.1.1]
06-11 23:49:12.996 D/stbdpc  (  397): STB_DPGetNumPaths[570]: num_paths: 1
06-11 23:49:13.047 I/appium  ( 9011): The following attributes will be included to the page source: [resource-id]
06-11 23:49:13.094 W/[11784.246374@3]  RTW(    0): fill_default_txdesc(wlan0): SP Packet(0x0806) rate=0x4 SeqNum = 3488
06-11 23:49:13.096 D/stbdpc  (  397): STB_DPGetNumPaths[570]: num_paths: 1
06-11 23:49:13.150 I/.startv.hotsta( 9075): oneway function results will be dropped but finished with status OK and parcel size 4
06-11 23:49:13.156 I/e.swalekh.abct( 1359): oneway function results will be dropped but finished with status OK and parcel size 4
06-11 23:49:13.171 D/JioSTBMRServer-SERVICE( 3589): InetSocketAddress(InetAddress.getByName(inetAddress.hostAddress)-/192.168.1.255
06-11 23:49:13.171 D/JioSTBMRServer-SERVICE( 3589): #beacon:RKISBFJ60000097:0:false:0:1:SV=181024 , 192.168.1.255
06-11 23:49:13.175 D/JioSTBMRServer-SERVICE( 3589): InetSocketAddress(InetAddress.getByName(inetAddress.hostAddress)-/192.168.1.255
06-11 23:49:13.175 D/JioSTBMRServer-SERVICE( 3589): #broadcast IP:192.168.1.255
06-11 23:49:13.196 D/stbdpc  (  397): STB_DPGetNumPaths[570]: num_paths: 1
06-11 23:49:13.296 D/stbdpc  (  397): STB_DPGetNumPaths[570]: num_paths: 1
06-11 23:49:13.306 I/appium  ( 9011): Took 0ms to retrieve 1 matches for '//android.widget.EditText[@resource-id='in.startv.hotstar:id/search_bar']' XPath2 query
06-11 23:49:13.313 I/appium  ( 9011): AppiumResponse: {"sessionId":"ae4e3482-26f1-4dd3-bc89-efecf2b12087","value":{"ELEMENT":"00000000-0000-0113-ffff-ffff000000e1","element-6066-11e4-a52e-4f735466cecf":"00000000-0000-0113-ffff-ffff000000e1"}}
06-11 23:49:13.344 D/dvb_iptv(  397): ReadEmmNetworkTask[1537]: EMM Select Timeout Occured 59
06-11 23:49:13.355 D/ltts_ip_emm(  397): LTTS_IP_DMXStartEMM[381]: parse_emm_cat_status failed
06-11 23:49:13.376 I/appium  ( 9011): channel read: GET /session/ae4e3482-26f1-4dd3-bc89-efecf2b12087/element/00000000-0000-0113-ffff-ffff000000e1/attribute/displayed
06-11 23:49:13.378 I/appium  ( 9011): GetElementAttribute command
06-11 23:49:13.385 D/rtk_heartbeat(  349): heartbeat_timed_out: heartbeatCmdCount = 11761, expected nextSeqNum = 11761
06-11 23:49:13.386 I/appium  ( 9011): AppiumResponse: {"sessionId":"ae4e3482-26f1-4dd3-bc89-efecf2b12087","value":"true"}
06-11 23:49:13.386 D/rtk_heartbeat(  349): rtkbt_heartbeat_cmpl_cback: Current SeqNum = 11761,should SeqNum=11761, status = 0
06-11 23:49:13.396 D/stbdpc  (  397): STB_DPGetNumPaths[570]: num_paths: 1
06-11 23:49:13.415 I/appium  ( 9011): channel read: POST /session/ae4e3482-26f1-4dd3-bc89-efecf2b12087/element/00000000-0000-0113-ffff-ffff000000e1/click
06-11 23:49:13.417 I/appium  ( 9011): Click command
06-11 23:49:13.432 D/JioStbInactivityTimer(  926): Timer: count 36 warningTimeout:10680 timeout:10800
06-11 23:49:13.432 D/JioStbInactivityTimer(  926): isUserActive: Curr:11746705 Prev:11746705
06-11 23:49:13.438 D/InputDispatcher(  633): injectInputEvent - eventType=2, injectorPid=8996, injectorUid=0, syncMode=0, timeout=30000, policyFlags=0x08000000
06-11 23:49:13.438 D/InputDispatcher(  633): Setting input event injection result to 0.  injectorPid=8996, injectorUid=0
06-11 23:49:13.438 V/InputDispatcher(  633): Asynchronous input event injection succeeded.
06-11 23:49:13.439 I/android.hardware.power-service.libperfmgr(  366): Power setBoost: INTERACTION duration: 0
06-11 23:49:13.439 I/libperfmgr(  366): Do Powerhint: INTERACTION
06-11 23:49:13.439 D/InputDispatcher(  633): injectInputEvent - Finished with result 0. injectorPid=8996, injectorUid=0
06-11 23:49:13.439 I/android.hardware.power-service.libperfmgr(  366): Power setBoost: INTERACTION duration: 0
06-11 23:49:13.439 I/libperfmgr(  366): Do Powerhint: INTERACTION
06-11 23:49:13.450 D/InputDispatcher(  633): injectInputEvent - eventType=2, injectorPid=8996, injectorUid=0, syncMode=0, timeout=30000, policyFlags=0x08000000
06-11 23:49:13.451 D/InputDispatcher(  633): injectInputEvent - Finished with result 0. injectorPid=8996, injectorUid=0
06-11 23:49:13.451 D/InputDispatcher(  633): Setting input event injection result to 0.  injectorPid=8996, injectorUid=0
06-11 23:49:13.451 V/InputDispatcher(  633): Asynchronous input event injection succeeded.
06-11 23:49:13.466 W/GestureController( 9011): Gestures took longer than expected (38ms >> 16ms), device might be in a busy state.
06-11 23:49:13.467 I/appium  ( 9011): Waiting up to 10000ms for the device to idle
06-11 23:49:13.473 I/appium  ( 9011): AppiumResponse: {"sessionId":"ae4e3482-26f1-4dd3-bc89-efecf2b12087","value":null}
06-11 23:49:13.475 D/InputMethodService( 1359): JioHomeManagerService::showWindow()::notifyJioHomeAboutIMEVisibility(IME_SHOWN) isInputViewShown()::true
06-11 23:49:13.475 D/InputMethodService( 1359): JioHomeMangerService::notifyJioHomeAboutIMEVisibility()::EDIT_TEXT_FOCUS_KEY Value::true Action::com.iwedia.action.SHOW_SOFT_INPUT isVisble :: true
06-11 23:49:13.496 D/stbdpc  (  397): STB_DPGetNumPaths[570]: num_paths: 1
06-11 23:49:13.503 I/appium  ( 9011): channel read: POST /session/ae4e3482-26f1-4dd3-bc89-efecf2b12087/element/00000000-0000-0113-ffff-ffff000000e1/value
06-11 23:49:13.505 I/appium  ( 9011): SendKeysToElement command
06-11 23:49:13.512 D/InputMethod( 1359): JioHomeManagerService::hideSoftInput()::notifyJioHomeAboutIMEVisibility(IME_HIDDEN) isInputViewShown()::false
06-11 23:49:13.512 D/InputMethodService( 1359): JioHomeMangerService::notifyJioHomeAboutIMEVisibility()::EDIT_TEXT_FOCUS_KEY Value::false Action::com.iwedia.action.SHOW_SOFT_INPUT isVisble :: false
06-11 23:49:13.540 V/DigitalSignage(  633): Package Name: null
06-11 23:49:13.540 V/DigitalSignage(  633): Left: 0
06-11 23:49:13.540 V/DigitalSignage(  633): Right: 0
06-11 23:49:13.541 V/DigitalSignage(  633): Top: 0
06-11 23:49:13.541 V/DigitalSignage(  633): Bottom: 0
06-11 23:49:13.542 D/DigitalSignage(  633): else - Package Name :: null left : 0 right :: 0 top :: 0 bottom :: 0 dfu-right :: 1920 dfu-bottom :: 1080
06-11 23:49:13.574 D/BufferPoolAccessor2.0(  477): evictor expired: 1, evicted: 0
06-11 23:49:13.578 V/DigitalSignage(  633): Package Name: null
06-11 23:49:13.578 V/DigitalSignage(  633): Left: 0
06-11 23:49:13.578 V/DigitalSignage(  633): Right: 0
06-11 23:49:13.578 V/DigitalSignage(  633): Top: 0
06-11 23:49:13.578 V/DigitalSignage(  633): Bottom: 0
06-11 23:49:13.579 D/DigitalSignage(  633): else - Package Name :: null left : 0 right :: 0 top :: 0 bottom :: 0 dfu-right :: 1920 dfu-bottom :: 1080
06-11 23:49:13.579 V/DigitalSignage(  633): Package Name: null
06-11 23:49:13.579 V/DigitalSignage(  633): Left: 0
06-11 23:49:13.579 V/DigitalSignage(  633): Right: 0
06-11 23:49:13.579 V/DigitalSignage(  633): Top: 0
06-11 23:49:13.579 V/DigitalSignage(  633): Bottom: 0
06-11 23:49:13.579 D/DigitalSignage(  633): else - Package Name :: null left : 0 right :: 0 top :: 0 bottom :: 0 dfu-right :: 1920 dfu-bottom :: 1080
06-11 23:49:13.592 V/DigitalSignage(  633): Package Name: null
06-11 23:49:13.592 V/DigitalSignage(  633): Left: 0
06-11 23:49:13.592 V/DigitalSignage(  633): Right: 0
06-11 23:49:13.592 V/DigitalSignage(  633): Top: 0
06-11 23:49:13.592 V/DigitalSignage(  633): Bottom: 0
06-11 23:49:13.592 D/DigitalSignage(  633): else - Package Name :: null left : 0 right :: 0 top :: 0 bottom :: 0 dfu-right :: 1920 dfu-bottom :: 1080
06-11 23:49:13.592 V/DigitalSignage(  633): Package Name: null
06-11 23:49:13.592 V/DigitalSignage(  633): Left: 0
06-11 23:49:13.592 V/DigitalSignage(  633): Right: 0
06-11 23:49:13.592 V/DigitalSignage(  633): Top: 0
06-11 23:49:13.593 V/DigitalSignage(  633): Bottom: 0
06-11 23:49:13.593 D/DigitalSignage(  633): else - Package Name :: null left : 0 right :: 0 top :: 0 bottom :: 0 dfu-right :: 1920 dfu-bottom :: 1080
06-11 23:49:13.595 W/InputMethodService( 1359): Re-entrance in to showWindow
06-11 23:49:13.597 D/stbdpc  (  397): STB_DPGetNumPaths[570]: num_paths: 1
06-11 23:49:13.598 W/InputMethodService( 1359): Re-entrance in to showWindow
06-11 23:49:13.599 D/InputMethodService( 1359): JioHomeManagerService::showWindow()::notifyJioHomeAboutIMEVisibility(IME_SHOWN) isInputViewShown()::true
06-11 23:49:13.600 D/InputMethodService( 1359): JioHomeMangerService::notifyJioHomeAboutIMEVisibility()::EDIT_TEXT_FOCUS_KEY Value::true Action::com.iwedia.action.SHOW_SOFT_INPUT isVisble :: true
06-11 23:49:13.607 I/ThermalService(  969): CPU temperatures: [65.200005]
06-11 23:49:13.611 V/DigitalSignage(  633): Package Name: null
06-11 23:49:13.611 V/DigitalSignage(  633): Left: 0
06-11 23:49:13.611 V/DigitalSignage(  633): Right: 0
06-11 23:49:13.611 V/DigitalSignage(  633): Top: 0
06-11 23:49:13.611 V/DigitalSignage(  633): Bottom: 0
06-11 23:49:13.611 D/DigitalSignage(  633): else - Package Name :: null left : 0 right :: 0 top :: 0 bottom :: 0 dfu-right :: 1920 dfu-bottom :: 1080
06-11 23:49:13.611 V/DigitalSignage(  633): Package Name: null
06-11 23:49:13.611 V/DigitalSignage(  633): Left: 0
06-11 23:49:13.611 V/DigitalSignage(  633): Right: 0
06-11 23:49:13.611 V/DigitalSignage(  633): Top: 0
06-11 23:49:13.611 V/DigitalSignage(  633): Bottom: 0
06-11 23:49:13.611 D/DigitalSignage(  633): else - Package Name :: null left : 0 right :: 0 top :: 0 bottom :: 0 dfu-right :: 1920 dfu-bottom :: 1080
06-11 23:49:13.649 V/DigitalSignage(  633): Package Name: null
06-11 23:49:13.649 V/DigitalSignage(  633): Left: 0
06-11 23:49:13.649 V/DigitalSignage(  633): Right: 0
06-11 23:49:13.649 V/DigitalSignage(  633): Top: 0
06-11 23:49:13.649 V/DigitalSignage(  633): Bottom: 0
06-11 23:49:13.650 D/DigitalSignage(  633): else - Package Name :: null left : 0 right :: 0 top :: 0 bottom :: 0 dfu-right :: 1920 dfu-bottom :: 1080
06-11 23:49:13.650 V/DigitalSignage(  633): Package Name: null
06-11 23:49:13.650 V/DigitalSignage(  633): Left: 0
06-11 23:49:13.650 V/DigitalSignage(  633): Right: 0
06-11 23:49:13.650 V/DigitalSignage(  633): Top: 0
06-11 23:49:13.650 V/DigitalSignage(  633): Bottom: 0
06-11 23:49:13.650 D/DigitalSignage(  633): else - Package Name :: null left : 0 right :: 0 top :: 0 bottom :: 0 dfu-right :: 1920 dfu-bottom :: 1080
06-11 23:49:13.653 V/DigitalSignage(  633): Package Name: null
06-11 23:49:13.653 V/DigitalSignage(  633): Left: 0
06-11 23:49:13.653 V/DigitalSignage(  633): Right: 0
06-11 23:49:13.653 V/DigitalSignage(  633): Top: 0
06-11 23:49:13.653 V/DigitalSignage(  633): Bottom: 0
06-11 23:49:13.653 D/DigitalSignage(  633): else - Package Name :: null left : 0 right :: 0 top :: 0 bottom :: 0 dfu-right :: 1920 dfu-bottom :: 1080
06-11 23:49:13.653 V/DigitalSignage(  633): Package Name: null
06-11 23:49:13.653 V/DigitalSignage(  633): Left: 0
06-11 23:49:13.653 V/DigitalSignage(  633): Right: 0
06-11 23:49:13.653 V/DigitalSignage(  633): Top: 0
06-11 23:49:13.653 V/DigitalSignage(  633): Bottom: 0
06-11 23:49:13.653 D/DigitalSignage(  633): else - Package Name :: null left : 0 right :: 0 top :: 0 bottom :: 0 dfu-right :: 1920 dfu-bottom :: 1080
06-11 23:49:13.660 E/BufferQueueProducer(  393): [in.startv.hotstar/com.hotstar.MainActivity#0](id:18900000149,api:0,p:-1,c:393) disconnect: not connected (req=1)
06-11 23:49:13.660 W/libEGL  ( 9075): EGLNativeWindowType 0xf4585808 disconnect failed
06-11 23:49:13.697 D/stbdpc  (  397): STB_DPGetNumPaths[570]: num_paths: 1
06-11 23:49:13.797 D/stbdpc  (  397): STB_DPGetNumPaths[570]: num_paths: 1
06-11 23:49:13.845 D/dvb_iptv(  397): ReadEmmNetworkTask[1537]: EMM Select Timeout Occured 60
06-11 23:49:13.845 D/stbresmgr(  397): STB_RESNumTuners[315]: num_tuners: 3
06-11 23:49:13.845 E/dvb_iptv(  397): IPTV_GetDvbIpPacketDetails[684]: No valid ECM iptv_handle
06-11 23:49:13.845 D/dvb_iptv(  397): IPTV_GetDvbIpPacketDetails[688]: EMM Pkt stat received_packets:0 lost_packets:0 recov_packets:0 
06-11 23:49:13.845 D/dvb_iptv(  397): getPktDetailOnRetry[710]: Failed to fetch packet details
06-11 23:49:13.845 D/dvb_iptv(  397): ReadEmmNetworkTask[1582]: signal emm restart thread
06-11 23:49:13.845 D/dvb_iptv(  397): IPTV_Emm_Stop[2245]: IPTV_Emm_Stop called
06-11 23:49:13.845 D/ltts_ip_emm(  397): CloseEmmCasSession[446]: EMM CAS CloseSession CASSession ID:f07c2c00
06-11 23:49:13.845 I/Aml_MP  (  397): AmlVMXIptvCas_V2 dtor AmlVMXIptvCas_V2
06-11 23:49:13.845 I/Aml_MP  (  397): AmCasLibWrapper [~AmCasLibWrapper:47] 
06-11 23:49:13.845 D/am_cas_api(  397): [releaseAmCas/294]
06-11 23:49:13.845 V/AVPIPTV (  397): [0] ~AmCasIPTVSC2 at # 707, class_instance_index=0
06-11 23:49:13.845 I/Aml_MP  (  397): AmCasLibWrapper delete mCasObj
06-11 23:49:13.845 I/Aml_MP  (  397): AmlCasBase [~AmlCasBase:89] 
06-11 23:49:13.845 D/ltts_ip_emm(  397): CloseEmmCasSession[450]: Aml_MP_CAS_CloseSession_Emm | ret_Aml: 0
06-11 23:49:13.897 D/stbdpc  (  397): STB_DPGetNumPaths[570]: num_paths: 1
06-11 23:49:13.997 D/stbdpc  (  397): STB_DPGetNumPaths[570]: num_paths: 1
06-11 23:49:14.040 D/JioLauncher( 1773): isInternetAvailable-method-response-204
06-11 23:49:14.041 D/JioLauncher( 1773): isMulticastReceiver-Connected-to-5GHz-Wi-Fi-network
06-11 23:49:14.098 D/stbdpc  (  397): STB_DPGetNumPaths[570]: num_paths: 1
06-11 23:49:14.198 D/stbdpc  (  397): STB_DPGetNumPaths[570]: num_paths: 1
06-11 23:49:14.231 D/UiObject2( 9011): Setting text to ''.
06-11 23:49:14.232 I/android.hardware.power-service.libperfmgr(  366): Power setBoost: INTERACTION duration: 0
06-11 23:49:14.233 I/libperfmgr(  366): Do Powerhint: INTERACTION
06-11 23:49:14.298 D/stbdpc  (  397): STB_DPGetNumPaths[570]: num_paths: 1
06-11 23:49:14.345 D/dvb_iptv(  397): ReadEmmNetworkTask[1537]: EMM Select Timeout Occured 1
06-11 23:49:14.345 D/stbhwnet(  397): STB_NWDropMembership[1331]: using IPV6 protocol in dropmembership
06-11 23:49:14.345 D/stbhwnet(  397): STB_NWDropMembership[1335]: group_address: '232.24.3.241', source_address: '10.70.220.50'
06-11 23:49:14.345 D/stbhwnet(  397): STB_NWDropMembership[1353]: src url SSM enabled
06-11 23:49:14.347 D/stbhwnet(  397): get_any_multicast_interface[1061]: Found g_nw_interface wlan0, ifindex 8
06-11 23:49:14.347 D/stbhwnet(  397): STB_NWDropMembership[1376]: sockopt_ret: 92 | Protocol not available
06-11 23:49:14.347 D/stbhwnet(  397): STB_NWDropMembership[1377]: Adding source multicast group error
06-11 23:49:14.347 D/stbhwnet(  397): STB_NWDropMembership[1331]: using IPV6 protocol in dropmembership
06-11 23:49:14.347 D/stbhwnet(  397): STB_NWDropMembership[1335]: group_address: '232.24.3.241', source_address: '10.70.220.50'
06-11 23:49:14.347 D/stbhwnet(  397): STB_NWDropMembership[1353]: src url SSM enabled
06-11 23:49:14.348 D/stbhwnet(  397): get_any_multicast_interface[1061]: Found g_nw_interface wlan0, ifindex 8
06-11 23:49:14.348 D/stbhwnet(  397): STB_NWDropMembership[1376]: sockopt_ret: 92 | Protocol not available
06-11 23:49:14.348 D/stbhwnet(  397): STB_NWDropMembership[1377]: Adding source multicast group error
06-11 23:49:14.348 D/stbhwnet(  397): STB_NWDropMembership[1331]: using IPV6 protocol in dropmembership
06-11 23:49:14.348 D/stbhwnet(  397): STB_NWDropMembership[1335]: group_address: '232.24.3.241', source_address: '10.70.220.50'
06-11 23:49:14.348 D/stbhwnet(  397): STB_NWDropMembership[1353]: src url SSM enabled
06-11 23:49:14.349 D/stbhwnet(  397): get_any_multicast_interface[1061]: Found g_nw_interface wlan0, ifindex 8
06-11 23:49:14.349 D/stbhwnet(  397): STB_NWDropMembership[1376]: sockopt_ret: 92 | Protocol not available
06-11 23:49:14.349 D/stbhwnet(  397): STB_NWDropMembership[1377]: Adding source multicast group error
06-11 23:49:14.349 D/stbhwnet(  397): STB_NWDropMembership[1331]: using IPV6 protocol in dropmembership
06-11 23:49:14.349 D/stbhwnet(  397): STB_NWDropMembership[1335]: group_address: '232.24.3.241', source_address: '10.70.220.50'
06-11 23:49:14.349 D/stbhwnet(  397): STB_NWDropMembership[1353]: src url SSM enabled
06-11 23:49:14.350 D/stbhwnet(  397): get_any_multicast_interface[1061]: Found g_nw_interface wlan0, ifindex 8
06-11 23:49:14.350 D/stbhwnet(  397): STB_NWDropMembership[1376]: sockopt_ret: 92 | Protocol not available
06-11 23:49:14.350 D/stbhwnet(  397): STB_NWDropMembership[1377]: Adding source multicast group error
06-11 23:49:14.350 E/DvbiInterface(  397): StopStartcurrentemmsession[1192]: sucessfully stop the emm session
06-11 23:49:14.385 D/rtk_heartbeat(  349): heartbeat_timed_out: heartbeatCmdCount = 11762, expected nextSeqNum = 11762
06-11 23:49:14.386 D/rtk_heartbeat(  349): rtkbt_heartbeat_cmpl_cback: Current SeqNum = 11762,should SeqNum=11762, status = 0
