06-11 21:57:19.339 D/AutofillManagerService(  633): onBackKeyPressed()
06-11 21:57:19.339 D/WindowManager(  633): interceptKeyTi keyCode=4 down=false repeatCount=0 keyguardOn=false canceled=false
06-11 21:57:19.339 D/WindowManager(  633): CloudPC is in NOT in foreground
06-11 21:57:19.339 D/WindowManager(  633): isKeyNeedsToPassToJioCloudPC :: NO
06-11 21:57:19.339 D/GlobalKeyManager(  633): KeyEvent { action=ACTION_UP, keyCode=KEYCODE_BACK, scanCode=0, metaState=0, flags=0x0, repeatCount=0, eventTime=5070466, downTime=5070466, deviceId=-1, source=0x101, displayId=-1 }
06-11 21:57:19.339 D/InputDispatcher(  633): Setting input event injection result to 0.  injectorPid=29932, injectorUid=0
06-11 21:57:19.340 D/InputDispatcher(  633): injectInputEvent - Waiting for 1 pending foreground dispatches.
06-11 21:57:19.346 D/InputDispatcher(  633): injectInputEvent - Finished with result 0. injectorPid=29932, injectorUid=0
06-11 21:57:19.366 I/appium  (29947): AppiumResponse: {"sessionId":"dc1eb5fd-9371-48e9-8003-caffe423eac9","value":null}
06-11 21:57:19.389 D/MediaCodecInfo(30015): NoSupport [sizeAndRate.support, 1920x1080x23.976024627685547] [c2.android.hevc.decoder, video/hevc] [MSTB, JMSB200A, Jio, 30]
06-11 21:57:19.392 I/chatty  (30015): uid=10072(in.startv.hotstar) ExoPlayer:Playb identical 2 lines
06-11 21:57:19.393 D/MediaCodecInfo(30015): NoSupport [sizeAndRate.support, 1920x1080x23.976024627685547] [c2.android.hevc.decoder, video/hevc] [MSTB, JMSB200A, Jio, 30]
06-11 21:57:19.417 I/appium  (29947): channel read: POST /session/dc1eb5fd-9371-48e9-8003-caffe423eac9/elements
06-11 21:57:19.418 I/appium  (29947): FindElements command
06-11 21:57:19.420 D/stbdpc  (  397): STB_DPGetNumPaths[570]: num_paths: 1
06-11 21:57:19.421 I/appium  (29947): method: 'xpath', selector: '//android.widget.TextView[@resource-id='in.startv.hotstar:id/tv_title']'
06-11 21:57:19.421 I/appium  (29947): Waiting up to 10000ms for the device to idle
06-11 21:57:19.427 D/sub_mixing_factory(  348): [out_standby_subMixingPCM:1324] out_stream(0xee269000) usecase: PCM_NORMAL
06-11 21:57:19.427 I/sub_mixing_factory(  348): [usecase_change_validate_l_sm:1170] cur dev masks:0x1, delete out usecase:PCM_NORMAL
06-11 21:57:19.427 I/sub_mixing_factory(  348): [usecase_change_validate_l_sm:1180] standby unmask usecase PCM_NORMAL
06-11 21:57:19.427 I/amlAudioMixer(  348): [delete_mixer_input_port:197] input port ID:0, type:PCM_SYSTEM, cur mask:0x1
06-11 21:57:19.428 I/system_server(  633): oneway function results will be dropped but finished with status OK and parcel size 4
06-11 21:57:19.447 D/JioStbInactivityTimer(  926): Timer: count 655 warningTimeout:10680 timeout:10800
06-11 21:57:19.448 D/JioStbInactivityTimer(  926): isUserActive: Curr:4414283 Prev:4414283
06-11 21:57:19.456 D/dvb_iptv(  397): ReadEmmNetworkTask[1537]: EMM Select Timeout Occured 32
06-11 21:57:19.477 D/MediaCodecInfo(30015): NoSupport [sizeAndRate.support, 1920x1080x23.976024627685547] [c2.android.hevc.decoder, video/hevc] [MSTB, JMSB200A, Jio, 30]
06-11 21:57:19.496 I/OMXClient(30015): IOmx service obtained
06-11 21:57:19.496 I/OMXMaster(  474): makeComponentInstance(OMX.amlogic.hevc.decoder.awesome2) in android.hardwar process
06-11 21:57:19.498 D/OmxComponentManagerImpl(  474): support frame mode
06-11 21:57:19.498 D/OmxComponentManagerImpl(  474): use dv frame mode
06-11 21:57:19.498 D/OmxComponentManagerImpl(  474): support avs frame mode
06-11 21:57:19.498 D/OmxComponentManagerImpl(  474): format support multi-instance
06-11 21:57:19.498 D/OmxComponentManagerImpl(  474): getEntryByName_2_num=0, componentName:OMX.amlogic.hevc.decoder.awesome2
06-11 21:57:19.499 D/omx_video(  474): processName=media.codec
06-11 21:57:19.499 V/AmlogicVideoDecoderAwesome2(  474): [43]AmlogicVideoDecoder2:118 >
06-11 21:57:19.499 V/AmlogicVideoDecoderAwesome2(  474): [43]initializeState_l:1611 >
06-11 21:57:19.499 D/AmlogicVideoDecoderAwesome2(  474): [43]"vendor.media.omx.latency is not set used def=1.000000\n"
06-11 21:57:19.499 D/AmlogicVideoDecoderAwesome2(  474): [43]"vendor.media.omx.frame_numlatency is not set used def=10\n"
06-11 21:57:19.499 D/AmlogicVideoDecoderAwesome2(  474): [43]"vendor.omx.frame_numlimmit is not set used def=20\n"
06-11 21:57:19.499 D/AmlogicVideoDecoderAwesome2(  474): [44]"AmlogicVideoDecoder2, mOmxInstancenum 1, mOmxInstanceID 44"
06-11 21:57:19.499 D/AmlogicVideoDecoderAwesome2(  474): [44]"vendor.omx2.blkmode is not set used def=0\n"
06-11 21:57:19.499 D/AmlogicVideoDecoderAwesome2(  474): [44]"vendor.omx2.maxalloc is not set used def=1\n"
06-11 21:57:19.499 I/AmlogicVideoDecoderAwesome2(  474): [44]"default use NV21"
06-11 21:57:19.499 V/AmlogicVideoPassthrough(  474): [0]AmlogicVideoPassthrough:80 >
06-11 21:57:19.499 D/AmlogicVideoPassthrough(  474): [1]"AmlogicVideoPassthrough, mOmxInstancenum 1, mOmxInstanceID 38"
06-11 21:57:19.499 E/secmem_tz(  474): [Secure_NegotiateVersion:374] Secure_NegotiateVersion 2 2 2 2 2 2
06-11 21:57:19.499 E/secmem_tz(  474): [Secure_NegotiateVersion:384] Negotiated secmem version = 2
06-11 21:57:19.499 W/OmxLogConf(  474): Can not read property media.omx.log_levels, using 0
06-11 21:57:19.502 I/[ 5070.653667@1]  resman(    0): 72 appname:OMX-52, type=0
06-11 21:57:19.500 D/OmxResManage(  474): ResManWrapper OMX-52 init, fd = 12
06-11 21:57:19.500 D/AmlogicVideoDecoderAwesome2(  474): [44]"vendor.media.omx2.out_buffer1 is not set used def=8\n"
06-11 21:57:19.500 D/AmlogicVideoDecoderAwesome2(  474): [44]"out buf:8"
06-11 21:57:19.500 D/AmlogicVideoDecoderAwesome2(  474): [44]"vendor.media.omx2.dw is not set used def=0\n"
06-11 21:57:19.500 D/OmxVideoDecoder(  474): setInputCoding OMX.amlogic.hevc.decoder.awesome2
06-11 21:57:19.500 D/OmxVideoDecoder(  474): mIsLinux49=0, mIsLinux54=1, major=5, minor=4
06-11 21:57:19.500 D/OmxVideoDecoder(  474): multi dec exist
06-11 21:57:19.500 D/OmxVideoDecoder(  474): use dv frame mode
06-11 21:57:19.501 D/OmxVideoDecoder(  474): avs multi dec exist
06-11 21:57:19.501 D/OmxVideoDecoder(  474): Use frame mode for multidec.
06-11 21:57:19.501 D/OmxVideoDecoder(  474): Use min out buffer size
06-11 21:57:19.501 D/OmxVideoDecoder(  474): mSupportPiPVideo = 1
06-11 21:57:19.502 D/OmxVideoDecoder(  474): mMustOsdDisplay 0, mAmVideoUsed=0, mSupportPiPVideo=1, mPipVideoUsed=0, mVideoUsedByOmx=0
06-11 21:57:19.502 D/OMX-VENDOR-EXT(  474): OMX.amlogic.hevc.decoder.awesome2 : Vendor extensions supported (17)
06-11 21:57:19.502 D/OMX-VENDOR-EXT(  474):    vendor.4k-osd{{ enable : Int32 },  }
06-11 21:57:19.502 D/OMX-VENDOR-EXT(  474):    vendor.video-trickmode{{ enable : Int32 },  }
06-11 21:57:19.502 D/OMX-VENDOR-EXT(  474):    vendor.unstable-pts{{ enable : Int32 },  }
06-11 21:57:19.502 D/OMX-VENDOR-EXT(  474):    vendor.is-mvc{{ enable : Int32 },  }
06-11 21:57:19.502 D/OMX-VENDOR-EXT(  474):    vendor.is-flv{{ nContainIndex : Int32 },  }
06-11 21:57:19.502 D/OMX-VENDOR-EXT(  474):    vendor.dvconfig-box{{ disable : Int32 },  }
06-11 21:57:19.502 D/OMX-VENDOR-EXT(  474):    vendor.profile-level{{ n-profile : Int32 },  { n-level : Int32 },  }
06-11 21:57:19.502 D/OMX-VENDOR-EXT(  474):    vendor.nrdp{{ video-peek-in-tunnel : Int32 },  }
06-11 21:57:19.502 D/OMX-VENDOR-EXT(  474):    vendor.low-latency{{ enable : Int32 },  }
06-11 21:57:19.502 D/OMX-VENDOR-EXT(  474):    vendor.save-mem{{ enable : Int32 },  }
06-11 21:57:19.502 D/OMX-VENDOR-EXT(  474):    vendor.videoLayer{{ type : Int32 },  }
06-11 21:57:19.502 D/OMX-VENDOR-EXT(  474):    vendor.renderByOmx{{ enable : Int32 },  }
06-11 21:57:19.502 D/OMX-VENDOR-EXT(  474):    vendor.tunerhal{{ video-filter-id : Int32 },  { hw-av-sync-id : Int32 },  }
06-11 21:57:19.503 D/OMX-VENDOR-EXT(  474):    vendor.VideoQos{{ info : String },  }
06-11 21:57:19.503 D/OMX-VENDOR-EXT(  474):    vendor.rotation-angle{{ angle : Int32 },  }
06-11 21:57:19.503 D/OMX-VENDOR-EXT(  474):    vendor.McodecReport{{ info : String },  }
06-11 21:57:19.503 D/OMX-VENDOR-EXT(  474):    vendor.START.low-latency{{ enable : Int32 },  }
06-11 21:57:19.503 D/OmxVideoDecoder(  474): video type 11 support v4l2, use omx2
06-11 21:57:19.503 D/OmxVideoDecoder(  474): processName=media.codec
06-11 21:57:19.503 D/OmxComponentManagerImpl(  474): IncreaseEntryNumByName pEntry->mNum=0, pEntry->mMaxNum:9,componentName:OMX.amlogic.hevc.decoder.awesome2
06-11 21:57:19.503 I/omx_core(  474): OMX_getHandle_num=1
06-11 21:57:19.503 D/OmxComponent(  474): mApkName=media.codec
06-11 21:57:19.520 D/stbdpc  (  397): STB_DPGetNumPaths[570]: num_paths: 1
06-11 21:57:19.526 D/SurfaceUtils(30015): connecting to surface 0xbc8d6808, reason connectToSurface
06-11 21:57:19.527 I/MediaCodec(30015): [OMX.amlogic.hevc.decoder.awesome2] setting surface generation to 30735361
06-11 21:57:19.527 D/SurfaceUtils(30015): disconnecting from surface 0xbc8d6808, reason connectToSurface(reconnect)
06-11 21:57:19.527 D/SurfaceUtils(30015): connecting to surface 0xbc8d6808, reason connectToSurface(reconnect)
06-11 21:57:19.527 I/AmAVUtils(30015): AmAVUtils::getComponentRole isEncoder :0 mime:video/hevc 
06-11 21:57:19.527 V/MediaVendorExt(30015): AVUtils::getComponentRole
06-11 21:57:19.527 I/MediaVendorExt(30015): AmAVUtils::getComponentRole isEncoder :0 mime:video/hevc 
06-11 21:57:19.527 D/OmxVideoDecoder(  474): setParameter 1599 0x1000017
06-11 21:57:19.527 D/OmxVideoDecoder(  474): setInputCoding video_decoder.hevc
06-11 21:57:19.528 D/OmxComponent(  474): getExtensionIndex 1237 name="OMX.google.android.index.enableAndroidNativeBuffers"
06-11 21:57:19.528 D/OmxVideoDecoder(  474): setParameter 1599 0x7f000000
06-11 21:57:19.528 V/OmxVideoDecoder(  474): setParameter 2201 EnableNativeBuffers 1
06-11 21:57:19.528 V/OmxVideoDecoder(  474): updatePort mUseNativeBuffers 1
06-11 21:57:19.528 V/OmxVideoDecoder(  474): nWidth=640,nHeight=480, nMinbufs=0
06-11 21:57:19.528 D/OmxComponent(  474): getExtensionIndex 1237 name="OMX.google.android.index.allocateNativeHandle"
06-11 21:57:19.528 D/OmxVideoDecoder(  474): setParameter 1599 0x7f00000a
06-11 21:57:19.528 E/OMXNodeInstance(  474): setParameter(0xf23c4438:amlogic.hevc.decoder.awesome2, OMX.google.android.index.allocateNativeHandle(0x7f00000a): Output:1 en=0) ERROR: UnsupportedSetting(0x80001019)
06-11 21:57:19.528 D/OmxComponent(  474): getExtensionIndex 1237 name="OMX.google.android.index.storeANWBufferInMetadata"
06-11 21:57:19.528 D/OmxVideoDecoder(  474): setParameter 1599 0x7f00000d
06-11 21:57:19.528 D/OmxVideoDecoder(  474): setParameter 2221 OMX_GoogleAndroidStoreANWBufferInMetadata
06-11 21:57:19.528 V/OmxVideoDecoder(  474): mUseStoreANWBufferInMetadata=1
06-11 21:57:19.528 E/OMXNodeInstance(  474): getParameter(0xf23c4438:amlogic.hevc.decoder.awesome2, ??(0x6f600011)) ERROR: UnsupportedIndex(0x8000101a)
06-11 21:57:19.528 D/OmxVideoDecoder(  474): setParameter 1599 0x6000001
06-11 21:57:19.528 D/OmxVideoDecoder(  474): setParameter nPortIndex 0 CompFmt 0xb ColorFmt 0
06-11 21:57:19.532 D/OmxVideoDecoder(  474): setParameter 1599 0x6000001
06-11 21:57:19.532 D/OmxVideoDecoder(  474): setParameter nPortIndex 1 CompFmt 0 ColorFmt 0x11
06-11 21:57:19.533 I/OmxVideoDecoder(  474): getParameter Component Name OMX.amlogic.hevc.decoder.awesome2, width 640, height 480 nBufferCountMin:3
06-11 21:57:19.533 D/OmxVideoDecoder(  474): setParameter 1599 0x2000001
06-11 21:57:19.533 D/OmxVideoDecoder(  474): setParameter nPortIndex 0 nFrameWidth 1920 nFrameHeight 1080 nSliceHeight 16
06-11 21:57:19.533 E/OmxVideoDecoder(  474):  reset input buffer:2073600
06-11 21:57:19.533 V/OmxVideoDecoder(  474): updatePort mUseNativeBuffers 1
06-11 21:57:19.533 V/OmxVideoDecoder(  474): nWidth=640,nHeight=480, nMinbufs=0
06-11 21:57:19.533 I/OmxVideoDecoder(  474): getParameter Component Name OMX.amlogic.hevc.decoder.awesome2, width 640, height 480 nBufferCountMin:8
06-11 21:57:19.535 D/OmxVideoDecoder(  474): setParameter 1599 0x2000001
06-11 21:57:19.535 D/OmxVideoDecoder(  474): adaptiveplayback default set w*d: 4096*2304
06-11 21:57:19.535 D/OmxVideoDecoder(  474): media.omx.display_mode=3
06-11 21:57:19.535 D/OmxVideoDecoder(  474): mjpeg vc1 wmv wmv3 force display_mode=3
06-11 21:57:19.535 D/OmxVideoDecoder(  474): choose mVideoUsedByOmx=0, mVideoUsedByThis=0, mAmVideoUsed=0
06-11 21:57:19.535 D/OmxVideoDecoder(  474): mDisplayMode = DISPLAY_MODE_V4LVIDEO
06-11 21:57:19.535 D/OmxVideoDecoder(  474): choose mDisplayMode=3
06-11 21:57:19.535 D/OmxVideoDecoder(  474): setParameter nPortIndex 1 nFrameWidth 1920 nFrameHeight 1080 nSliceHeight 1080
06-11 21:57:19.535 V/OmxVideoDecoder(  474): updatePort mUseNativeBuffers 1
06-11 21:57:19.535 V/OmxVideoDecoder(  474): nWidth=1920,nHeight=1080, nMinbufs=0
06-11 21:57:19.535 D/OmxComponent(  474): getExtensionIndex 1237 name="OMX.google.android.index.describeColorAspects"
06-11 21:57:19.536 D/OmxComponent(  474): getExtensionIndex 1237 name="OMX.google.android.index.storeMetaDataInBuffers"
06-11 21:57:19.536 D/OmxComponent(  474): getExtensionIndex 1237 name="OMX.google.android.index.storeANWBufferInMetadata"
06-11 21:57:19.536 D/OmxComponent(  474): getExtensionIndex 1237 name="OMX.google.android.index.prepareForAdaptivePlayback"
06-11 21:57:19.536 D/OmxComponent(  474): getExtensionIndex 1237 name="OMX.google.android.index.configureVideoTunnelMode"
06-11 21:57:19.536 D/OmxComponent(  474): getExtensionIndex 1237 name="OMX.google.android.index.useAndroidNativeBuffer2"
06-11 21:57:19.536 D/OmxComponent(  474): getExtensionIndex 1237 name="OMX.google.android.index.useAndroidNativeBuffer"
06-11 21:57:19.536 D/OmxComponent(  474): getExtensionIndex 1237 name="OMX.google.android.index.enableAndroidNativeBuffers"
06-11 21:57:19.536 D/OmxComponent(  474): getExtensionIndex 1237 name="OMX.google.android.index.allocateNativeHandle"
06-11 21:57:19.536 D/OmxComponent(  474): getExtensionIndex 1237 name="OMX.google.android.index.getAndroidNativeBufferUsage"
06-11 21:57:19.536 D/OmxVideoDecoder(  474): setConfig 3009 0x7f00000c
06-11 21:57:19.537 D/OmxComponent(  474): getExtensionIndex 1237 name="OMX.google.android.index.describeHDRStaticInfo"
06-11 21:57:19.537 D/OmxComponent(  474): getExtensionIndex 1237 name="OMX.google.android.index.describeHDR10PlusInfo"
06-11 21:57:19.537 D/OmxVideoDecoder(  474): setConfig 3009 0x7f000009
06-11 21:57:19.537 D/OmxVideoDecoder(  474): HDRStaticInfo: R=0 0; G=0 0; B=0 0; W=0 0; MaxDisplayLuminance:0, MinDisplayLuminance=0, mMaxContentLightLevel=0, MaxContentLightLevel=0
06-11 21:57:19.537 D/OmxVideoDecoder(  474): HDRStaticInfo: all parmeter is 0, set mHasHDRStaticInfo to false
06-11 21:57:19.537 I/AmAVUtils(30015): AmAVUtils::isAudioExtendFormat input = video/hevc
06-11 21:57:19.538 I/AmAVUtils(30015): AmAVUtils::isExtendFormat input = video/hevc
06-11 21:57:19.538 I/OmxVideoDecoder(  474): getParameter Component Name OMX.amlogic.hevc.decoder.awesome2, width 1920, height 1080 nBufferCountMin:3
06-11 21:57:19.538 D/OmxVideoDecoder(  474): setConfig 3009 0x6f800002
06-11 21:57:19.538 V/OmxVideoDecoder(  474): setConfig 3192 nIndex 0x6f800002
06-11 21:57:19.538 D/OmxComponent(  474): setConfig 1230
06-11 21:57:19.538 E/OMXNodeInstance(  474): setConfig(0xf23c4438:amlogic.hevc.decoder.awesome2, ConfigPriority(0x6f800002)) ERROR: UnsupportedIndex(0x8000101a)
06-11 21:57:19.538 I/ACodec  (30015): codec does not support config priority (err -1010)
06-11 21:57:19.538 I/OmxVideoDecoder(  474): getParameter Component Name OMX.amlogic.hevc.decoder.awesome2, width 1920, height 1080 nBufferCountMin:3
06-11 21:57:19.544 D/OmxVideoDecoder(  474): getConfig 2867 0x6f100004
06-11 21:57:19.544 V/OmxVideoDecoder(  474): VendorExt: getConfig: index=0 (4k-osd)
06-11 21:57:19.546 D/OmxVideoDecoder(  474): getConfig 2867 0x6f100004
06-11 21:57:19.546 V/OmxVideoDecoder(  474): VendorExt: getConfig: index=1 (video-trickmode)
06-11 21:57:19.546 D/OmxVideoDecoder(  474): getConfig 2867 0x6f100004
06-11 21:57:19.546 V/OmxVideoDecoder(  474): VendorExt: getConfig: index=2 (unstable-pts)
06-11 21:57:19.546 D/OmxVideoDecoder(  474): getConfig 2867 0x6f100004
06-11 21:57:19.546 V/OmxVideoDecoder(  474): VendorExt: getConfig: index=3 (is-mvc)
06-11 21:57:19.547 D/OmxVideoDecoder(  474): getConfig 2867 0x6f100004
06-11 21:57:19.547 V/OmxVideoDecoder(  474): VendorExt: getConfig: index=4 (is-flv)
06-11 21:57:19.547 D/OmxVideoDecoder(  474): getConfig 2867 0x6f100004
06-11 21:57:19.547 V/OmxVideoDecoder(  474): VendorExt: getConfig: index=5 (dvconfig-box)
06-11 21:57:19.548 D/OmxVideoDecoder(  474): getConfig 2867 0x6f100004
06-11 21:57:19.548 V/OmxVideoDecoder(  474): VendorExt: getConfig: index=6 (profile-level)
06-11 21:57:19.549 D/OmxVideoDecoder(  474): getConfig 2867 0x6f100004
06-11 21:57:19.549 V/OmxVideoDecoder(  474): VendorExt: getConfig: index=6 (profile-level)
06-11 21:57:19.550 D/OmxVideoDecoder(  474): getConfig 2867 0x6f100004
06-11 21:57:19.550 V/OmxVideoDecoder(  474): VendorExt: getConfig: index=7 (nrdp)
06-11 21:57:19.550 D/OmxVideoDecoder(  474): getConfig 2867 0x6f100004
06-11 21:57:19.550 V/OmxVideoDecoder(  474): VendorExt: getConfig: index=8 (low-latency)
06-11 21:57:19.550 D/OmxVideoDecoder(  474): getConfig 2867 0x6f100004
06-11 21:57:19.550 V/OmxVideoDecoder(  474): VendorExt: getConfig: index=9 (save-mem)
06-11 21:57:19.551 D/OmxVideoDecoder(  474): getConfig 2867 0x6f100004
06-11 21:57:19.551 V/OmxVideoDecoder(  474): VendorExt: getConfig: index=10 (videoLayer)
06-11 21:57:19.551 D/OmxVideoDecoder(  474): getConfig 2867 0x6f100004
06-11 21:57:19.551 V/OmxVideoDecoder(  474): VendorExt: getConfig: index=11 (renderByOmx)
06-11 21:57:19.551 D/OmxVideoDecoder(  474): getConfig 2867 0x6f100004
06-11 21:57:19.551 V/OmxVideoDecoder(  474): VendorExt: getConfig: index=12 (tunerhal)
06-11 21:57:19.551 D/OmxVideoDecoder(  474): getConfig 2867 0x6f100004
06-11 21:57:19.551 V/OmxVideoDecoder(  474): VendorExt: getConfig: index=12 (tunerhal)
06-11 21:57:19.551 D/OmxVideoDecoder(  474): getConfig 2867 0x6f100004
06-11 21:57:19.551 V/OmxVideoDecoder(  474): VendorExt: getConfig: index=13 (VideoQos)
06-11 21:57:19.551 D/OmxVideoDecoder(  474): getConfig 2867 0x6f100004
06-11 21:57:19.551 V/OmxVideoDecoder(  474): VendorExt: getConfig: index=14 (rotation-angle)
06-11 21:57:19.552 D/OmxVideoDecoder(  474): getConfig 2867 0x6f100004
06-11 21:57:19.552 V/OmxVideoDecoder(  474): VendorExt: getConfig: index=15 (McodecReport)
06-11 21:57:19.552 D/OmxVideoDecoder(  474): mMcodecReport=0 mPeer.get=0xf23bb000
06-11 21:57:19.552 D/OmxVideoDecoder(  474): getConfig 2867 0x6f100004
06-11 21:57:19.552 V/OmxVideoDecoder(  474): VendorExt: getConfig: index=16 (START.low-latency)
06-11 21:57:19.552 D/OmxVideoDecoder(  474): getConfig 2867 0x6f100004
06-11 21:57:19.552 V/OmxVideoDecoder(  474): updatePort mUseNativeBuffers 1
06-11 21:57:19.552 V/OmxVideoDecoder(  474): nWidth=1920,nHeight=1080, nMinbufs=0
06-11 21:57:19.552 I/OmxVideoDecoder(  474): getParameter Component Name OMX.amlogic.hevc.decoder.awesome2, width 1920, height 1080 nBufferCountMin:8
06-11 21:57:19.552 D/OmxVideoDecoder(  474): getConfig 2867 0x700000f
06-11 21:57:19.552 D/OmxVideoDecoder(  474): getConfig 2870 nIndex 0x700000f
06-11 21:57:19.552 I/AmlogicVideoDecoderAwesome2(  474): [44]"getAndroidNativeBufferCrop [1920 x 1080] \n"
06-11 21:57:19.552 D/OmxVideoDecoder(  474): getConfig OMX_IndexConfigCommonOutputCrop pRect->nWidth=1920, pRect->nHeight=1080
06-11 21:57:19.552 D/OmxVideoDecoder(  474): setConfig 3009 0x7f00000c
06-11 21:57:19.553 D/OmxVideoDecoder(  474): getConfig 2867 0x7f00000c
06-11 21:57:19.553 D/OmxVideoDecoder(  474): getConfig 2867 0x7f00000c
06-11 21:57:19.553 E/OMXNodeInstance(  474): getConfig(0xf23c4438:amlogic.hevc.decoder.awesome2, ??(0x7f00000c)) ERROR: UnsupportedSetting(0x80001019)
06-11 21:57:19.553 D/OmxVideoDecoder(  474): getConfig 2867 0x7f000009
06-11 21:57:19.553 D/OmxVideoDecoder(  474): getConfig 2867 0x6f100004
06-11 21:57:19.553 V/OmxVideoDecoder(  474): VendorExt: getConfig: index=0 (4k-osd)
06-11 21:57:19.553 D/OmxVideoDecoder(  474): getConfig 2867 0x6f100004
06-11 21:57:19.553 V/OmxVideoDecoder(  474): VendorExt: getConfig: index=1 (video-trickmode)
06-11 21:57:19.553 D/OmxVideoDecoder(  474): getConfig 2867 0x6f100004
06-11 21:57:19.554 V/OmxVideoDecoder(  474): VendorExt: getConfig: index=2 (unstable-pts)
06-11 21:57:19.554 D/OmxVideoDecoder(  474): getConfig 2867 0x6f100004
06-11 21:57:19.554 V/OmxVideoDecoder(  474): VendorExt: getConfig: index=3 (is-mvc)
06-11 21:57:19.554 D/OmxVideoDecoder(  474): getConfig 2867 0x6f100004
06-11 21:57:19.554 V/OmxVideoDecoder(  474): VendorExt: getConfig: index=4 (is-flv)
06-11 21:57:19.554 D/OmxVideoDecoder(  474): getConfig 2867 0x6f100004
06-11 21:57:19.554 V/OmxVideoDecoder(  474): VendorExt: getConfig: index=5 (dvconfig-box)
06-11 21:57:19.554 D/OmxVideoDecoder(  474): getConfig 2867 0x6f100004
06-11 21:57:19.554 V/OmxVideoDecoder(  474): VendorExt: getConfig: index=6 (profile-level)
06-11 21:57:19.555 D/OmxVideoDecoder(  474): getConfig 2867 0x6f100004
06-11 21:57:19.555 V/OmxVideoDecoder(  474): VendorExt: getConfig: index=6 (profile-level)
06-11 21:57:19.555 D/OmxVideoDecoder(  474): getConfig 2867 0x6f100004
06-11 21:57:19.555 V/OmxVideoDecoder(  474): VendorExt: getConfig: index=7 (nrdp)
06-11 21:57:19.555 D/OmxVideoDecoder(  474): getConfig 2867 0x6f100004
06-11 21:57:19.555 V/OmxVideoDecoder(  474): VendorExt: getConfig: index=8 (low-latency)
06-11 21:57:19.555 D/OmxVideoDecoder(  474): getConfig 2867 0x6f100004
06-11 21:57:19.555 V/OmxVideoDecoder(  474): VendorExt: getConfig: index=9 (save-mem)
06-11 21:57:19.555 D/OmxVideoDecoder(  474): getConfig 2867 0x6f100004
06-11 21:57:19.555 V/OmxVideoDecoder(  474): VendorExt: getConfig: index=10 (videoLayer)
06-11 21:57:19.555 D/OmxVideoDecoder(  474): getConfig 2867 0x6f100004
06-11 21:57:19.555 V/OmxVideoDecoder(  474): VendorExt: getConfig: index=11 (renderByOmx)
06-11 21:57:19.555 D/OmxVideoDecoder(  474): getConfig 2867 0x6f100004
06-11 21:57:19.555 V/OmxVideoDecoder(  474): VendorExt: getConfig: index=12 (tunerhal)
06-11 21:57:19.556 D/OmxVideoDecoder(  474): getConfig 2867 0x6f100004
06-11 21:57:19.556 V/OmxVideoDecoder(  474): VendorExt: getConfig: index=12 (tunerhal)
06-11 21:57:19.556 D/OmxVideoDecoder(  474): getConfig 2867 0x6f100004
06-11 21:57:19.556 V/OmxVideoDecoder(  474): VendorExt: getConfig: index=13 (VideoQos)
06-11 21:57:19.563 D/OmxVideoDecoder(  474): getConfig 2867 0x6f100004
06-11 21:57:19.563 V/OmxVideoDecoder(  474): VendorExt: getConfig: index=14 (rotation-angle)
06-11 21:57:19.565 D/OmxVideoDecoder(  474): getConfig 2867 0x6f100004
06-11 21:57:19.565 V/OmxVideoDecoder(  474): VendorExt: getConfig: index=15 (McodecReport)
06-11 21:57:19.565 D/OmxVideoDecoder(  474): mMcodecReport=0 mPeer.get=0xf23bb000
06-11 21:57:19.566 D/OmxVideoDecoder(  474): getConfig 2867 0x6f100004
06-11 21:57:19.566 V/OmxVideoDecoder(  474): VendorExt: getConfig: index=16 (START.low-latency)
06-11 21:57:19.566 D/OmxVideoDecoder(  474): getConfig 2867 0x6f100004
06-11 21:57:19.567 I/OmxVideoDecoder(  474): getParameter Component Name OMX.amlogic.hevc.decoder.awesome2, width 1920, height 1080 nBufferCountMin:3
06-11 21:57:19.568 I/OmxComponent(  474): OMX_CommandStateSet 850 Cmd 0 nParam1 0x2
06-11 21:57:19.568 I/OmxComponent(  474): OMX-52 STATE_SET:   OMX_StateLoaded => OMX_StateIdle : OMX.amlogic.hevc.decoder.awesome2
06-11 21:57:19.568 I/OmxComponent(  474): OMX-52 STATE_TRANS: OMX_StateLoaded => OMX_StateIdle : OMX.amlogic.hevc.decoder.awesome2
06-11 21:57:19.585 I/chatty  (  474): uid=1046(mediacodec) ecoder.awesome2 identical 2 lines
06-11 21:57:19.586 I/OmxComponent(  474): OMX-52 STATE_TRANS: OMX_StateLoaded => OMX_StateIdle : OMX.amlogic.hevc.decoder.awesome2
06-11 21:57:19.587 V/OmxVideoDecoder(  474): updatePort mUseNativeBuffers 1
06-11 21:57:19.587 V/OmxVideoDecoder(  474): nWidth=1920,nHeight=1080, nMinbufs=0
06-11 21:57:19.587 I/OmxVideoDecoder(  474): getParameter Component Name OMX.amlogic.hevc.decoder.awesome2, width 1920, height 1080 nBufferCountMin:8
06-11 21:57:19.587 V/OmxVideoDecoder(  474): updatePort mUseNativeBuffers 1
06-11 21:57:19.587 V/OmxVideoDecoder(  474): nWidth=1920,nHeight=1080, nMinbufs=0
06-11 21:57:19.587 I/OmxVideoDecoder(  474): getParameter Component Name OMX.amlogic.hevc.decoder.awesome2, width 1920, height 1080 nBufferCountMin:8
06-11 21:57:19.587 D/OmxComponent(  474): getExtensionIndex 1237 name="OMX.google.android.index.AndroidNativeBufferConsumerUsage"
06-11 21:57:19.587 D/OmxVideoDecoder(  474): setParameter 1599 0x7f00000b
06-11 21:57:19.587 D/OmxVideoDecoder(  474): OMX_GoogleAndroidIndexAndroidNativeBufferConsumerUsage 0x100
06-11 21:57:19.587 D/OmxVideoDecoder(  474): Use OSD layer if don't use HWC.
06-11 21:57:19.587 D/OmxComponent(  474): getExtensionIndex 1237 name="OMX.google.android.index.getAndroidNativeBufferUsage"
06-11 21:57:19.587 D/OmxVideoDecoder(  474): Get NativeBufferUsage 0xc00200
06-11 21:57:19.587 D/SurfaceUtils(30015): set up nativeWindow 0xbc8d6808 for 1920x1080, color 0x11, rotation 0, usage 0xc02b00
06-11 21:57:19.588 D/OmxVideoDecoder(  474): setParameter 1599 0x2000001
06-11 21:57:19.588 D/OmxVideoDecoder(  474): adaptiveplayback default set w*d: 4096*2304
06-11 21:57:19.588 W/OmxVideoDecoder(  474): 4kosd set output error, newBufferCount 13 > 12
06-11 21:57:19.588 E/OMXNodeInstance(  474): setParameter(0xf23c4438:amlogic.hevc.decoder.awesome2, ParamPortDefinition(0x2000001)) ERROR: UnsupportedSetting(0x80001019)
06-11 21:57:19.588 W/ACodec  (30015): [OMX.amlogic.hevc.decoder.awesome2] setting nBufferCountActual to 13 failed: -1010
06-11 21:57:19.588 D/OmxVideoDecoder(  474): setParameter 1599 0x2000001
06-11 21:57:19.588 D/OmxVideoDecoder(  474): adaptiveplayback default set w*d: 4096*2304
06-11 21:57:19.588 D/OmxVideoDecoder(  474): media.omx.display_mode=3
06-11 21:57:19.588 D/OmxVideoDecoder(  474): mjpeg vc1 wmv wmv3 force display_mode=3
06-11 21:57:19.588 D/OmxVideoDecoder(  474): choose mVideoUsedByOmx=0, mVideoUsedByThis=0, mAmVideoUsed=0
06-11 21:57:19.588 D/OmxVideoDecoder(  474): choose mDisplayMode=0
06-11 21:57:19.588 D/OmxVideoDecoder(  474): mMustOsdDisplay is true
06-11 21:57:19.588 D/OmxVideoDecoder(  474): setParameter nPortIndex 1 nFrameWidth 1920 nFrameHeight 1080 nSliceHeight 1080
06-11 21:57:19.588 V/OmxVideoDecoder(  474): updatePort mUseNativeBuffers 1
06-11 21:57:19.588 V/OmxVideoDecoder(  474): nWidth=1920,nHeight=1080, nMinbufs=0
06-11 21:57:19.590 E/OMX_AmlogicPeerBufferWrapper(  474): setVideoNativeMetadata
06-11 21:57:19.590 I/OmxComponent(  474): OMX-52 STATE_TRANS: OMX_StateLoaded => OMX_StateIdle : OMX.amlogic.hevc.decoder.awesome2
06-11 21:57:19.590 E/OMX_AmlogicPeerBufferWrapper(  474): setVideoNativeMetadata
06-11 21:57:19.590 I/OmxComponent(  474): OMX-52 STATE_TRANS: OMX_StateLoaded => OMX_StateIdle : OMX.amlogic.hevc.decoder.awesome2
06-11 21:57:19.591 E/OMX_AmlogicPeerBufferWrapper(  474): setVideoNativeMetadata
06-11 21:57:19.591 I/OmxComponent(  474): OMX-52 STATE_TRANS: OMX_StateLoaded => OMX_StateIdle : OMX.amlogic.hevc.decoder.awesome2
06-11 21:57:19.591 E/OMX_AmlogicPeerBufferWrapper(  474): setVideoNativeMetadata
06-11 21:57:19.591 I/OmxComponent(  474): OMX-52 STATE_TRANS: OMX_StateLoaded => OMX_StateIdle : OMX.amlogic.hevc.decoder.awesome2
06-11 21:57:19.592 E/OMX_AmlogicPeerBufferWrapper(  474): setVideoNativeMetadata
06-11 21:57:19.592 I/OmxComponent(  474): OMX-52 STATE_TRANS: OMX_StateLoaded => OMX_StateIdle : OMX.amlogic.hevc.decoder.awesome2
06-11 21:57:19.592 E/OMX_AmlogicPeerBufferWrapper(  474): setVideoNativeMetadata
06-11 21:57:19.593 I/OmxComponent(  474): OMX-52 STATE_TRANS: OMX_StateLoaded => OMX_StateIdle : OMX.amlogic.hevc.decoder.awesome2
06-11 21:57:19.600 I/[ 5070.751127@3]  resman(    0): 72 acquire [decoder], preempt yes
06-11 21:57:19.600 I/[ 5070.751138@3]  resman(    0): 72 acquire [decoder] success
06-11 21:57:19.600 I/[ 5070.751166@3]  resman(    0): 72 acquire [codec_mm], preempt yes
06-11 21:57:19.600 I/[ 5070.751173@3]  resman(    0): 72 score 60 secure no
06-11 21:57:19.600 I/[ 5070.751179@3]  resman(    0): 72 acquire [codec_mm] success
06-11 21:57:19.593 E/OMX_AmlogicPeerBufferWrapper(  474): setVideoNativeMetadata
06-11 21:57:19.593 I/OmxComponent(  474): OMX-52 STATE_TRANS: OMX_StateLoaded => OMX_StateIdle : OMX.amlogic.hevc.decoder.awesome2
06-11 21:57:19.594 E/OMX_AmlogicPeerBufferWrapper(  474): setVideoNativeMetadata
06-11 21:57:19.594 I/OmxComponent(  474): OMX-52 STATE_TRANS: OMX_StateLoaded => OMX_StateIdle : OMX.amlogic.hevc.decoder.awesome2
06-11 21:57:19.595 E/OMX_AmlogicPeerBufferWrapper(  474): setVideoNativeMetadata
06-11 21:57:19.595 I/OmxComponent(  474): OMX-52 STATE_TRANS: OMX_StateLoaded => OMX_StateIdle : OMX.amlogic.hevc.decoder.awesome2
06-11 21:57:19.595 E/OMX_AmlogicPeerBufferWrapper(  474): setVideoNativeMetadata
06-11 21:57:19.595 I/OmxComponent(  474): OMX-52 STATE_TRANS: OMX_StateLoaded => OMX_StateIdle : OMX.amlogic.hevc.decoder.awesome2
06-11 21:57:19.596 E/OMX_AmlogicPeerBufferWrapper(  474): setVideoNativeMetadata
06-11 21:57:19.596 I/OmxComponent(  474): OMX-52 STATE_TRANS: OMX_StateLoaded => OMX_StateIdle : OMX.amlogic.hevc.decoder.awesome2
06-11 21:57:19.596 E/OMX_AmlogicPeerBufferWrapper(  474): setVideoNativeMetadata
06-11 21:57:19.597 I/OmxComponent(  474): OMX-52 STATE_TRANS: OMX_StateLoaded => OMX_StateIdle : OMX.amlogic.hevc.decoder.awesome2
06-11 21:57:19.597 V/AmlogicVideoDecoderAwesome2(  474): [44]acquireResources:429 >
06-11 21:57:19.597 D/AmlogicVideoDecoderAwesome2(  474): [44]"setUp mDurationUs = 41708 videoDefine.xFramerate = 1571292"
06-11 21:57:19.597 V/debugSetup(  474): media.omx.dumpRecv is disabled
06-11 21:57:19.597 V/debugSetup(  474): media.omx.dumpCodec is disabled
06-11 21:57:19.597 E/AmlogicVideoDecoderAwesome2(  474): setUp(): 1200 mOwner->isGameMode()=0
06-11 21:57:19.597 D/AmlogicVideoDecoderAwesome2(  474): [44]"vendor.media.omx.gamemode is not set used def=0\n"
06-11 21:57:19.597 I/AmlogicVideoDecoderAwesome2(  474): [44]"setUp width 1920, height 1080\n"
06-11 21:57:19.597 D/AmlogicVideoDecoderAwesome2(  474): [44]"vendor.media.omx2.dw is not set used def=1\n"
06-11 21:57:19.597 D/AmlogicVideoDecoderAwesome2(  474): [44]"vendor.media.omx2.margin is not set used def=5\n"
06-11 21:57:19.597 I/AmlogicVideoDecoderAwesome2(  474): [44]"mIsSurfacTexture 1, mDoubleWriteMode 1, default_margin:5 \n"
06-11 21:57:19.597 D/AmlogicVideoDecoderAwesome2(  474): [44]"codecInit"
06-11 21:57:19.597 V/AmlogicVideoDecoderAwesome2(  474): [44]"codecInit hevc\n"
06-11 21:57:19.597 I/resman  (  474): acquire fd:12, restype:7, preempt:1, time_out:10000, arg:
06-11 21:57:19.597 I/resman  (  474): acquire fd:12, restype:5, preempt:1, time_out:10000, arg:size:60
06-11 21:57:19.597 D/VideoDecWraper(  474): VideoDecWraper
06-11 21:57:19.597 D/VideoDecWraper(  474): initialize:mime:video/hevc
06-11 21:57:19.597 D/VideoDecWraper(  474): version 1.1 use create AmVideoDec_create
06-11 21:57:19.597 I/AmVideoDec(  474): AmVideoDec version: V3.2.159-gadbe096  (dong.liu  Tue Feb 11 11:58:24 UTC 2025), mHalInstanceID 31, mHalInstancenum 1
06-11 21:57:19.597 I/AmVideoDec(  474): vendor.mediahal.loglevels is not set used def = 1
06-11 21:57:19.597 I/AmVideoDec(  474): [0] "new VideoDec\n"
06-11 21:57:19.597 I/AmVideoDec(  474): open dec_stat fd -1
06-11 21:57:19.597 D/VideoDecWraper(  474): getAmVideoDec ok
06-11 21:57:19.598 I/AmVideoDec(  474): [0] "initialize mime video/hevc secureMode is 0\n"
06-11 21:57:19.598 I/V4l2Adaptor(  474): V4l2Adaptor::initialize flags is 0x0
06-11 21:57:19.598 I/V4l2Adaptor(  474): V4l2Adaptor::onInit
06-11 21:57:19.598 I/VDA     (  474): vendor.mediahal.loglevels is not set used def = 1
06-11 21:57:19.598 I/VDA     (  474): [0] "open dec_stat fd -1, log_level_ 1\n"
06-11 21:57:19.598 I/VDA     (  474): [0] "VDA Initialize flags is 0\n"
06-11 21:57:19.598 I/VDA     (  474): VideoCodecProfileToV4L2PixFmt profile 12
06-11 21:57:19.598 I/VDA     (  474): V4L2_PIX_FMT_H265
06-11 21:57:19.598 W/ResourceManagerService(  465): Ignoring request to add new resource entry with value <= 0
06-11 21:57:19.609 D/CCodec  (30015): allocate(c2.android.aac.decoder)
06-11 21:57:19.609 V/C2Store (  477): in init
06-11 21:57:19.609 V/C2Store (  477): loading dll
06-11 21:57:19.618 I/VDA     (  474): vendor.vda.disable_config is not set used def = 0
06-11 21:57:19.618 I/VDA     (  474): [0] "v4l2 private parms, magic:1437256755 len:5, adaptiveback:0 height:1920 width:1080\n"
06-11 21:57:19.618 I/VDA     (  474): [0] "not 8k use max input size\n"
06-11 21:57:19.618 I/[ 5070.772009@1]  [amlv4l](    0): [61]: DW:1, TW:0, Margin:5
06-11 21:57:19.618 D/[ 5070.772240@1]  [amlcom](    0): vdec_create instance 0000000059757052, total 1, PM: power-domain
06-11 21:57:19.618 D/[ 5070.772508@1]  [media_clock](    0): hevc mux clock is 499999992 Hz
06-11 21:57:19.624 D/[ 5070.772782@1]  [media_clock](    0): hevc back mux clock is 499999992 Hz
06-11 21:57:19.624 I/[ 5070.772964@1]  [amlcom](    0): vdec_init, dev_name:ammvdec_h265_v4l, vdec_type=VDEC_TYPE_FRAME_BLOCK, format: 11, total: 1
06-11 21:57:19.624 D/[ 5070.773561@1]  [h265](    0): [0]pdata->config=parm_v4l_codec_enable:1;parm_v4l_buffer_margin:5;hevc_double_write_mode:1;hevc_triple_write_mode:0;hevc_buf_width:4096;hevc_buf_height:2304;save_buffer_mode:0;parm_v4l_canvas_mem_mode:0;parm_v4l_canvas_mem_endian:0;parm_v4l_low_latency_mode:0;parm_v4l_metadata_config_flag:49154;parm_v4l_duration:4004;dv_profile:0;
06-11 21:57:19.624 D/[ 5070.773627@1]  [h265](    0): [0]discard dv data
06-11 21:57:19.624 D/[ 5070.773635@1]  [h265](    0): [0]dv_profile: 0
06-11 21:57:19.624 D/[ 5070.777365@1]  [h265](    0): [0]dynamic_buf_num_margin=5
06-11 21:57:19.624 D/[ 5070.777378@1]  [h265](    0): [0]double_write_mode=1
06-11 21:57:19.624 D/[ 5070.777381@1]  [h265](    0): [0]nal_skip_policy=2
06-11 21:57:19.624 D/[ 5070.777392@1]  [h265](    0): [0]h265:pts_unstable=0
06-11 21:57:19.624 D/[ 5070.777397@1]  [h265](    0): [0]h265: ver (201602101,0) decinfo: 0x0 rate=4004
06-11 21:57:19.633 D/[ 5070.783626@1]  [h265](    0): ucode version 4.138, swap enable 1
06-11 21:57:19.633 D/[ 5070.783934@1]  [media_clock](    0): hevc mux clock is 799999988 Hz
06-11 21:57:19.633 D/[ 5070.784227@1]  [media_clock](    0): hevc back mux clock is 799999988 Hz
06-11 21:57:19.633 D/[ 5070.784237@1]  [amlcom](    0): hevc video changed to 3840 x 2160 60 fps clk->800MHZ
06-11 21:57:19.621 D/stbdpc  (  397): STB_DPGetNumPaths[570]: num_paths: 1
06-11 21:57:19.622 I/CCodec  (30015): Created component [c2.android.aac.decoder]
06-11 21:57:19.622 D/CCodecConfig(30015): read media type: audio/mp4a-latm
06-11 21:57:19.635 D/ReflectedParamUpdater(30015): extent() != 1 for single value type: algo.buffers.max-count.values
06-11 21:57:19.635 I/VDA     (  474): [0] "setup output format 3132564e\n"
06-11 21:57:19.635 I/VDA     (  474): IsSupportedOutputFormat v4l2_format 3132564e
06-11 21:57:19.636 I/VDA     (  474): [0] "decoder_msg.value == 3999"
06-11 21:57:19.636 D/AmlogicVideoDecoderAwesome2(  474): [44]"codecInit done"
06-11 21:57:19.636 D/AmlogicVideoDecoderAwesome2(  474): [44]"mOutWidth is 1920 mOutHeight is 1080 mFlvFlag=0 mOutBufferCount is 12"
06-11 21:57:19.636 D/AmlogicVideoDecoderAwesome2(  474): [44]"mOutBufferCount =12 mDecOutWidth 1920 mDecOutHeight 1088\n"
06-11 21:57:19.636 D/AmlogicVideoDecoderAwesome2(  474): [44]"mIsNativeBuffers =1\n"
06-11 21:57:19.636 D/AmlogicVideoDecoderAwesome2(  474): [44]"setUp mOutPortChanged=0\n"
06-11 21:57:19.636 I/OmxComponent(  474): STATE_DONE:  OMX_StateLoaded => OMX_StateIdle : OMX.amlogic.hevc.decoder.awesome2
06-11 21:57:19.637 I/OmxComponent(  474): OMX_CommandStateSet 850 Cmd 0 nParam1 0x3
06-11 21:57:19.637 I/OmxComponent(  474): OMX-52 STATE_SET:   OMX_StateIdle => OMX_StateExecuting : OMX.amlogic.hevc.decoder.awesome2
06-11 21:57:19.637 V/AmlogicVideoDecoderAwesome2(  474): [44]prepare:328 >
06-11 21:57:19.637 V/AmlogicVideoDecoderAwesome2(  474): [44]start:341 >
06-11 21:57:19.637 D/ReflectedParamUpdater(30015): extent() != 1 for single value type: output.subscribed-indices.values
06-11 21:57:19.637 D/AmlogicVideoDecoderAwesome2(  474): [44]"mVideo start\n"
06-11 21:57:19.637 I/OmxComponent(  474): OMX-52 STATE_TRANS: OMX_StateIdle => OMX_StateExecuting : OMX.amlogic.hevc.decoder.awesome2
06-11 21:57:19.637 I/OmxComponent(  474): STATE_DONE:  OMX_StateIdle => OMX_StateExecuting : OMX.amlogic.hevc.decoder.awesome2
06-11 21:57:19.637 D/ReflectedParamUpdater(30015): extent() != 1 for single value type: input.buffers.allocator-ids.values
06-11 21:57:19.637 V/OMX_WorkerPeer(  474): vendor/amlogic/common/omx/omx_framework/WorkerPeer.cpp:runWorkerStatic:155 --------------------
06-11 21:57:19.638 V/OMX_WorkerPeer(  474): vendor/amlogic/common/omx/omx_framework/WorkerPeer.cpp:runWorker:161 --------------------
06-11 21:57:19.638 D/ReflectedParamUpdater(30015): extent() != 1 for single value type: output.buffers.allocator-ids.values
06-11 21:57:19.639 I/VDA     (  474): [0] "InitializeTask"
06-11 21:57:19.639 I/VDA     (  474): vendor.media.omx2.in_buffer set = 5
06-11 21:57:19.639 I/VDA     (  474): [0] "CreateInputBuffers count 3\n"
06-11 21:57:19.640 D/ReflectedParamUpdater(30015): extent() != 1 for single value type: algo.buffers.allocator-ids.values
06-11 21:57:19.642 D/ReflectedParamUpdater(30015): extent() != 1 for single value type: output.buffers.pool-ids.values
06-11 21:57:19.642 D/ReflectedParamUpdater(30015): extent() != 1 for single value type: algo.buffers.pool-ids.values
06-11 21:57:19.647 W/gralloc4(  474): Buffer descriptor with invalid usage bits 0x2000
06-11 21:57:19.648 V/AmlogicVideoDecoderAwesome2(  474): [44]"doCodecSpec csd_len=136\n"
06-11 21:57:19.648 E/AmlogicVideoDecoderAwesome(  474): SPS: Main profile bitstream
06-11 21:57:19.648 E/AmlogicVideoDecoderAwesome(  474): SPS: bit_depth=8,8
06-11 21:57:19.648 D/AmlogicVideoDecoderAwesome2(  474): [44]"hevc csd size = 136, [1920:1080],bitdepth=8"
06-11 21:57:19.657 I/VDA     (  474): [0] "----create input VIDIOC_STREAMON----\n"
06-11 21:57:19.657 I/VDA     (  474): [0] "StartDevicePoll\n"
06-11 21:57:19.658 I/CCodecConfig(30015): query failed after returning 19 values (BAD_INDEX)
06-11 21:57:19.659 D/CCodecConfig(30015): c2 config diff is Dict {
06-11 21:57:19.659 D/CCodecConfig(30015):   c2::u32 coded.aac-packaging.value = 0
06-11 21:57:19.659 D/CCodecConfig(30015):   c2::u32 coded.bitrate.value = 64000
06-11 21:57:19.659 D/CCodecConfig(30015):   c2::u32 coded.pl.level = 0
06-11 21:57:19.659 D/CCodecConfig(30015):   c2::u32 coded.pl.profile = 8192
06-11 21:57:19.659 D/CCodecConfig(30015):   c2::i32 coding.drc.album-mode.value = 0
06-11 21:57:19.659 D/CCodecConfig(30015):   c2::float coding.drc.attenuation-factor.value = 1
06-11 21:57:19.659 D/CCodecConfig(30015):   c2::float coding.drc.boost-factor.value = 1
06-11 21:57:19.659 D/CCodecConfig(30015):   c2::i32 coding.drc.compression-mode.value = 3
06-11 21:57:19.659 D/CCodecConfig(30015):   c2::i32 coding.drc.effect-type.value = 3
06-11 21:57:19.659 D/CCodecConfig(30015):   c2::float coding.drc.encoded-level.value = 0.25
06-11 21:57:19.659 D/CCodecConfig(30015):   c2::float coding.drc.reference-level.value = -16
06-11 21:57:19.659 D/CCodecConfig(30015):   c2::u32 input.buffers.max-size.value = 8192
06-11 21:57:19.659 D/CCodecConfig(30015):   c2::u32 input.delay.value = 0
06-11 21:57:19.659 D/CCodecConfig(30015):   string input.media-type.value = "audio/mp4a-latm"
06-11 21:57:19.659 D/CCodecConfig(30015):   c2::u32 output.delay.value = 2
06-11 21:57:19.659 D/CCodecConfig(30015):   c2::float output.drc.output-loudness.value = 0.25
06-11 21:57:19.659 D/CCodecConfig(30015):   string output.media-type.value = "audio/raw"
06-11 21:57:19.659 D/CCodecConfig(30015):   c2::u32 raw.channel-count.value = 1
06-11 21:57:19.659 D/CCodecConfig(30015):   c2::u32 raw.max-channel-count.value = 8
06-11 21:57:19.659 D/CCodecConfig(30015):   c2::u32 raw.sample-rate.value = 44100
06-11 21:57:19.659 D/CCodecConfig(30015): }
06-11 21:57:19.662 D/CCodec  (30015): [c2.android.aac.decoder] buffers are bound to CCodec for this session
06-11 21:57:19.663 D/CCodecConfig(30015): no c2 equivalents for flags
06-11 21:57:19.667 D/CCodecConfig(30015): c2 config diff is   c2::u32 raw.channel-count.value = 2
06-11 21:57:19.667 D/CCodecConfig(30015):   c2::u32 raw.sample-rate.value = 48000
06-11 21:57:19.675 W/Codec2Client(30015): query -- param skipped: index = 1107298332.
06-11 21:57:19.676 D/CCodec  (30015): setup formats input: AMessage(what = 0x00000000) = {
06-11 21:57:19.676 D/CCodec  (30015):   int32_t aac-drc-album-mode = 0
06-11 21:57:19.676 D/CCodec  (30015):   int32_t aac-drc-boost-level = 127
06-11 21:57:19.676 D/CCodec  (30015):   int32_t aac-drc-cut-level = 127
06-11 21:57:19.676 D/CCodec  (30015):   int32_t aac-drc-effect-type = 3
06-11 21:57:19.676 D/CCodec  (30015):   int32_t aac-drc-heavy-compression = 3
06-11 21:57:19.676 D/CCodec  (30015):   int32_t aac-encoded-target-level = -1
06-11 21:57:19.676 D/CCodec  (30015):   int32_t aac-max-output-channel_count = 8
06-11 21:57:19.676 D/CCodec  (30015):   int32_t aac-target-ref-level = 64
06-11 21:57:19.676 D/CCodec  (30015):   int32_t channel-count = 2
06-11 21:57:19.676 D/CCodec  (30015):   int32_t level = 0
06-11 21:57:19.676 D/CCodec  (30015):   int32_t max-input-size = 8192
06-11 21:57:19.676 D/CCodec  (30015):   string mime = "audio/mp4a-latm"
06-11 21:57:19.676 D/CCodec  (30015):   int32_t profile = 2
06-11 21:57:19.676 D/CCodec  (30015):   int32_t sample-rate = 48000
06-11 21:57:19.676 D/CCodec  (30015): } and output: AMessage(what = 0x00000000) = {
06-11 21:57:19.676 D/CCodec  (30015):   int32_t aac-drc-album-mode = 0
06-11 21:57:19.676 D/CCodec  (30015):   int32_t aac-drc-boost-level = 127
06-11 21:57:19.676 D/CCodec  (30015):   int32_t aac-drc-cut-level = 127
06-11 21:57:19.676 D/CCodec  (30015):   int32_t aac-drc-effect-type = 3
06-11 21:57:19.676 D/CCodec  (30015):   int32_t aac-drc-heavy-compression = 3
06-11 21:57:19.676 D/CCodec  (30015):   int32_t aac-drc-output-loudness = -1
06-11 21:57:19.676 D/CCodec  (30015):   int32_t aac-encoded-target-level = -1
06-11 21:57:19.676 D/CCodec  (30015):   int32_t aac-max-output-channel_count = 8
06-11 21:57:19.676 D/CCodec  (30015):   int32_t aac-target-ref-level = 64
06-11 21:57:19.676 D/CCodec  (30015):   int32_t channel-count = 2
06-11 21:57:19.676 D/CCodec  (30015):   string mime = "audio/raw"
06-11 21:57:19.676 D/CCodec  (30015):   int32_t sample-rate = 48000
06-11 21:57:19.676 D/CCodec  (30015): }
06-11 21:57:19.679 W/Codec2Client(30015): query -- param skipped: index = 1342179345.
06-11 21:57:19.679 W/Codec2Client(30015): query -- param skipped: index = 2415921170.
06-11 21:57:19.679 W/Codec2Client(30015): query -- param skipped: index = 1610614798.
06-11 21:57:19.680 E/FMQ     (30015): grantorIdx must be less than 3
06-11 21:57:19.680 E/FMQ     (30015): grantorIdx must be less than 3
06-11 21:57:19.682 D/CCodecBufferChannel(30015): [c2.android.aac.decoder#515] Created input block pool with allocatorID 16 => poolID 18 - OK (0)
06-11 21:57:19.682 D/BufferPoolAccessor2.0(  477): bufferpool2 0xf7965b98 : 0(0 size) total buffers - 0(0 size) used buffers - 106/109 (recycle/alloc) - 3/109 (fetch/transfer)
06-11 21:57:19.682 D/BufferPoolAccessor2.0(  477): Destruction - bufferpool2 0xf7965b98 cached: 0/0M, 0/0% in use; allocs: 109, 97% recycled; transfers: 109, 97% unfetched
06-11 21:57:19.683 E/FMQ     (  477): grantorIdx must be less than 3
06-11 21:57:19.683 E/FMQ     (  477): grantorIdx must be less than 3
06-11 21:57:19.684 D/BufferPoolAccessor2.0(30015): bufferpool2 0xf02a5918 : 0(0 size) total buffers - 0(0 size) used buffers - 0/5 (recycle/alloc) - 4/216 (fetch/transfer)
06-11 21:57:19.684 D/BufferPoolAccessor2.0(30015): Destruction - bufferpool2 0xf02a5918 cached: 0/0M, 0/0% in use; allocs: 5, 0% recycled; transfers: 216, 98% unfetched
06-11 21:57:19.684 I/CCodecBufferChannel(30015): [c2.android.aac.decoder#515] Created output block pool with allocatorID 16 => poolID 80 - OK
06-11 21:57:19.684 D/CCodecBufferChannel(30015): [c2.android.aac.decoder#515] Configured output block pool ids 80 => OK
06-11 21:57:19.689 D/SimpleC2Component(  477): Using output block pool with poolID 80 => got 80 - 0
06-11 21:57:19.692 E/FMQ     (30015): grantorIdx must be less than 3
06-11 21:57:19.694 E/FMQ     (  477): grantorIdx must be less than 3
06-11 21:57:19.708 W/gralloc4(  474): Buffer descriptor with invalid usage bits 0x2000
06-11 21:57:19.711 D/rtk_heartbeat(  349): heartbeat_timed_out: heartbeatCmdCount = 5049, expected nextSeqNum = 5049
06-11 21:57:19.713 D/rtk_heartbeat(  349): rtkbt_heartbeat_cmpl_cback: Current SeqNum = 5049,should SeqNum=5049, status = 0
06-11 21:57:19.714 D/[ 5070.866231@2]  [h265](    0): [0]vh265 cached=0  need_size=16384 speed= 92 ms
06-11 21:57:19.714 D/[ 5070.866697@0]  [h265](    0): set ucode parse
06-11 21:57:19.714 W/        (    0): [ 5070.866710@0]  hevc get comp info: 64 65536 797
06-11 21:57:19.714 D/[ 5070.866715@0]  [h265](    0): margin = 5, sps_max_dec_pic_buffering_minus1_0 = 5
06-11 21:57:19.714 I/[ 5070.866729@0]  [amlv4l](    0): [61]: Parse from ucode, visible(1920 x 1080), coded(1920 x 1088), scan:P, bitdepth(8), DW/TW(1, 0)
06-11 21:57:19.714 I/[ 5070.866779@1]  [amlv4l](    0): [61]: Picture buffer count: dec:7, vpp:0, ge2d:0, margin:5, total:12
06-11 21:57:19.714 D/[ 5070.866789@1]  [amlv4l](    0): [61]: Post event: res chg
06-11 21:57:19.714 D/[ 5070.867814@0]  [h265](    0): [0]hevc->performance_profile 0
06-11 21:57:19.714 D/[ 5070.867835@0]  [h265](    0): [0]set pic_list_init_flag 1
06-11 21:57:19.714 D/[ 5070.868073@0]  [h265](    0): [0]init_buf_spec2 1920 1080
06-11 21:57:19.714 D/[ 5070.868085@0]  [h265](    0): [0]set pic_list_init_flag to 2
06-11 21:57:19.714 D/[ 5070.868120@0]  [h265](    0): [0]set pic_list_init_flag to 3
06-11 21:57:19.714 D/[ 5070.868123@0]  [h265](    0): [vdec_kpi][vh265_isr_thread_fn] First I frame coming.
06-11 21:57:19.713 I/VDA     (  474): [0] "got V4L2_EVENT_SOURCE_CHANGE change event. changes 1\n"
06-11 21:57:19.713 I/VDA     (  474): [0] "got resolution change event.\n"
06-11 21:57:19.713 I/VDA     (  474): [0] "VIDIOC_G_FMT format.fmt.pix.width 1920\n"
06-11 21:57:19.713 I/VDA     (  474): [0] "[GetVisibleSize] visible width 1920, height 1080\n"
06-11 21:57:19.714 I/VDA     (  474): [0] "[NeedResolutionChange] dpb(0->12),size(0x0->1920x1080)"
06-11 21:57:19.714 I/VDA     (  474): [0] "ServiceDeviceTask(): buffer counts: IN[1,1], OUT[0,0,0] DEC[0->0] => DEVICE[3+0/3->0+0/0] => CLIENT[0]\n"
06-11 21:57:19.714 I/VDA     (  474): [0] "StopDevicePoll\n"
06-11 21:57:19.717 I/VDA     (  474): [0] "VIDIOC_G_FMT format.fmt.pix.width 1920\n"
06-11 21:57:19.717 I/VDA     (  474): [0] "[GetVisibleSize] visible width 1920, height 1080\n"
06-11 21:57:19.717 V/android.hardware.media.omx@1.0-service(  474): [0611/215719.717106:VERBOSE1:v4l2_video_decode_accelerator.cc(3173)] CheckInterlaced(): 
06-11 21:57:19.717 I/VDA     (  474): [0] "CheckInterlaced format.fmt.pix.field 1\n"
06-11 21:57:19.717 I/VDA     (  474): [0] "output_planes_count_ 1, format.fmt.pix.width 1920\n"
06-11 21:57:19.717 I/VDA     (  474): [0] "output_dpb_size_ 12, output buffer 12, coded_size_ 1920 x 1088\n"
06-11 21:57:19.717 I/VDA     (  474): [0] "StartDevicePoll\n"
06-11 21:57:19.717 I/V4l2Adaptor(  474): V4l2Adaptor::ProvidePictureBuffers 12
06-11 21:57:19.717 D/VideoDecWraper(  474): providePictureBuffers:minNumBuffers:12
06-11 21:57:19.717 D/AmlogicVideoDecoderAwesome2(  474): [44]"ProvidePictureBuffers minNumBuffers:12, size(1920x1080) alignsize(1920x1088)"
06-11 21:57:19.717 I/AmVideoDec(  474): [0] "setupOutputBufferNum 12\n"
06-11 21:57:19.717 I/V4l2Adaptor(  474): assignPictureBuffers numOutputBuffers 12
06-11 21:57:19.717 I/VideoDecWraper(  474): importBufferForPicture:0
06-11 21:57:19.717 D/VideoDecWraper(  474): outbuf color format NV21
06-11 21:57:19.717 I/V4l2Adaptor(  474): importBufferForPicture pictureBufferId 0, dmabufFd 20, metaFd 21
06-11 21:57:19.717 I/VideoDecWraper(  474): importBufferForPicture:1
06-11 21:57:19.717 D/VideoDecWraper(  474): outbuf color format NV21
06-11 21:57:19.717 I/V4l2Adaptor(  474): importBufferForPicture pictureBufferId 1, dmabufFd 22, metaFd 23
06-11 21:57:19.717 I/V4l2Adaptor(  474): onAssignPictureBuffers numOutputBuffers 12
06-11 21:57:19.717 I/V4l2Adaptor(  474): onImportBufferForPicture pictureBufferId 0, dmabufFd 20, metaFd 21, plane size 1
06-11 21:57:19.717 I/VDA     (  474): [0] "AssignPictureBuffersTask"
06-11 21:57:19.717 I/V4l2Adaptor(  474): onImportBufferForPicture addr 0x0, stride 0, offset 0, size 0
06-11 21:57:19.717 I/VDA     (  474): [0] "ImportBufferForPicture picture_buffer_id 0\n"
06-11 21:57:19.717 I/V4l2Adaptor(  474): onImportBufferForPicture pictureBufferId 1, dmabufFd 22, metaFd 23, plane size 1
06-11 21:57:19.717 I/V4l2Adaptor(  474): onImportBufferForPicture addr 0x0, stride 0, offset 0, size 0
06-11 21:57:19.717 I/VDA     (  474): [0] "ImportBufferForPicture picture_buffer_id 1\n"
06-11 21:57:19.718 I/VDA     (  474): [0] "ImportBufferForPictureTask dmabuf_fds 20\n"
06-11 21:57:19.719 W/gralloc4(  474): Buffer descriptor with invalid usage bits 0x2000
06-11 21:57:19.719 D/AmlogicVideoDecoderAwesome2(  474): [44]"======setOutputBuf, line 1298=======:2, 0x0, fd:39"
06-11 21:57:19.720 I/VideoDecWraper(  474): importBufferForPicture:2
06-11 21:57:19.720 D/VideoDecWraper(  474): outbuf color format NV21
06-11 21:57:19.720 I/V4l2Adaptor(  474): importBufferForPicture pictureBufferId 2, dmabufFd 24, metaFd 25
06-11 21:57:19.720 I/V4l2Adaptor(  474): onImportBufferForPicture pictureBufferId 2, dmabufFd 24, metaFd 25, plane size 1
06-11 21:57:19.720 I/VDA     (  474): [0] "----enqueue output STREAMON----\n"
06-11 21:57:19.720 I/V4l2Adaptor(  474): onImportBufferForPicture addr 0x0, stride 0, offset 0, size 0
