06-11 22:32:37.751 I/[ 7188.904646@3]  resman(    0): 100 release [codec_mm]
06-11 22:32:37.754 E/        (    0): [ 7188.905565@3]  disalbe fastplay
06-11 22:32:37.762 I/[ 7188.912843@1]  resman(    0): 101 appname:OMX-79, type=0
06-11 22:32:37.782 I/[ 7188.934230@1]  resman(    0): 103 appname:secmem, type=3
06-11 22:32:37.782 I/[ 7188.935996@1]  resman(    0): 103 acquire [tvp], preempt yes
06-11 22:32:37.898 I/        (    0): [ 7189.049250@3]  protect tvp 0 7 ret 0 5a720000 a740000
06-11 22:32:37.899 I/        (    0): [ 7189.049263@3]  enable tvp for 1
06-11 22:32:37.899 I/        (    0): [ 7189.049267@3]  tvp_user_count is 1
06-11 22:32:37.899 I/[ 7189.049273@3]  resman(    0): 103 acquire [tvp] success
06-11 22:32:37.918 I/[ 7189.068688@2]  resman(    0): 101 acquire [decoder], preempt yes
06-11 22:32:37.926 I/[ 7189.068700@2]  resman(    0): 101 acquire [decoder] success
06-11 22:32:37.926 I/[ 7189.068730@2]  resman(    0): 101 acquire [codec_mm], preempt yes
06-11 22:32:37.926 I/[ 7189.068738@2]  resman(    0): 101 score 60 secure yes
06-11 22:32:37.926 I/[ 7189.068744@2]  resman(    0): 101 acquire [codec_mm] success
06-11 22:32:37.926 I/[ 7189.075251@1]  [amlv4l](    0): [115]: set DRM mode: 1
06-11 22:32:37.926 I/[ 7189.075416@1]  [amlv4l](    0): [115]: DW:3, TW:0, Margin:5
06-11 22:32:37.926 D/[ 7189.075646@1]  [amlcom](    0): vdec_create instance 0000000059757052, total 1, PM: power-domain
06-11 22:32:37.926 D/[ 7189.075938@1]  [media_clock](    0): hevc mux clock is 499999992 Hz
06-11 22:32:37.926 D/[ 7189.076156@1]  [media_clock](    0): hevc back mux clock is 499999992 Hz
06-11 22:32:37.926 I/[ 7189.076333@1]  [amlcom](    0): vdec_init, dev_name:ammvdec_h265_v4l, vdec_type=VDEC_TYPE_FRAME_BLOCK, format: 11, total: 1
06-11 22:32:37.926 D/[ 7189.076920@1]  [h265](    0): [0]pdata->config=parm_v4l_codec_enable:1;parm_v4l_buffer_margin:5;hevc_double_write_mode:3;hevc_triple_write_mode:0;hevc_buf_width:4096;hevc_buf_height:2304;save_buffer_mode:0;parm_v4l_canvas_mem_mode:0;parm_v4l_canvas_mem_endian:0;parm_v4l_low_latency_mode:0;parm_v4l_metadata_config_flag:49154;parm_v4l_duration:4000;dv_profile:0;
06-11 22:32:37.927 D/[ 7189.076982@1]  [h265](    0): [0]discard dv data
06-11 22:32:37.927 D/[ 7189.076990@1]  [h265](    0): [0]dv_profile: 0
06-11 22:32:37.927 D/[ 7189.077466@1]  [h265](    0): [0]dynamic_buf_num_margin=5
06-11 22:32:37.927 D/[ 7189.077476@1]  [h265](    0): [0]double_write_mode=3
06-11 22:32:37.928 D/[ 7189.077479@1]  [h265](    0): [0]nal_skip_policy=2
06-11 22:32:37.928 D/[ 7189.077487@1]  [h265](    0): [0]h265:pts_unstable=0
06-11 22:32:37.928 D/[ 7189.077491@1]  [h265](    0): [0]h265: ver (201602101,0) decinfo: 0x0 rate=4000
06-11 22:32:37.934 D/[ 7189.085463@3]  [h265](    0): ucode version 4.138, swap enable 1
06-11 22:32:37.938 D/[ 7189.085782@3]  [media_clock](    0): hevc mux clock is 799999988 Hz
06-11 22:32:37.938 D/[ 7189.086000@3]  [media_clock](    0): hevc back mux clock is 799999988 Hz
06-11 22:32:37.948 D/[ 7189.086005@3]  [amlcom](    0): hevc video changed to 3840 x 2160 60 fps clk->800MHZ
06-11 22:32:37.975 D/[ 7189.124881@3]  [h265](    0): [0]vh265 cached=0  need_size=16384 speed= 48 ms
06-11 22:32:37.975 D/[ 7189.125345@0]  [h265](    0): set ucode parse
06-11 22:32:37.975 W/        (    0): [ 7189.125358@0]  hevc get comp info: 64 65536 797
06-11 22:32:37.975 D/[ 7189.125363@0]  [h265](    0): margin = 5, sps_max_dec_pic_buffering_minus1_0 = 5
06-11 22:32:37.975 I/[ 7189.125379@0]  [amlv4l](    0): [115]: Parse from ucode, visible(1920 x 1080), coded(1920 x 1088), scan:P, bitdepth(8), DW/TW(3, 0)
06-11 22:32:37.975 D/[ 7189.126435@0]  [h265](    0): [0]hevc->performance_profile 0
06-11 22:32:37.975 D/[ 7189.126461@0]  [h265](    0): [0]set pic_list_init_flag 1
06-11 22:32:37.975 D/[ 7189.126603@0]  [h265](    0): [0]init_buf_spec2 1920 1080
06-11 22:32:37.975 I/[ 7189.126611@3]  [amlv4l](    0): [115]: Picture buffer count: dec:7, vpp:0, ge2d:0, margin:5, total:12
06-11 22:32:37.975 D/[ 7189.126617@0]  [h265](    0): [0]set pic_list_init_flag to 2
06-11 22:32:37.975 D/[ 7189.126622@3]  [amlv4l](    0): [115]: Post event: res chg
06-11 22:32:37.975 D/[ 7189.126658@0]  [h265](    0): [0]set pic_list_init_flag to 3
06-11 22:32:37.975 D/[ 7189.126662@0]  [h265](    0): [vdec_kpi][vh265_isr_thread_fn] First I frame coming.
06-11 22:32:37.982 I/[ 7189.135002@3]  dim(    0): reg:use[0]ms
06-11 22:32:37.982 I/[ 7189.135015@3]  dim(    0): create:ch[2],tmode[3]
06-11 22:32:37.982 I/[ 7189.135019@3]  dim(    0): out:0xa0000000
06-11 22:32:37.997 D/[ 7189.140629@0]  [h265](    0): [0]VH265: output first frame poc 0
06-11 22:32:37.997 D/[ 7189.140653@0]  [h265](    0): [0]decoder duration change old: 0 new: 4000
06-11 22:32:37.997 D/[ 7189.140668@0]  [h265](    0): [vdec_kpi][post_video_frame] First I frame decoded.
06-11 22:32:37.997 I/[ 7189.140775@0]  dim(    0): value reg:ch[2]:fix_buf:0;ponly <0,0>
06-11 22:32:37.997 I/[ 7189.140791@0]  dim(    0): di_cnt_i_buf1:tvp:1
06-11 22:32:37.997 I/[ 7189.140802@0]  dim(    0): buf large::0x4fb000, 0x5a1000
06-11 22:32:37.997 I/[ 7189.140841@0]  vpu(    0): vpu: vpu_dev_clk_gate_on: unsupport vpu mod: 72
06-11 22:32:37.997 I/[ 7189.141761@0]  dim(    0): ch[2]:reg:mem cfg[0][0][0]
06-11 22:32:38.008 E/[ 7189.158363@1]  selinux(    0): SELinux:  Could not stat /sys/kernel/dmabuf/buffers/1317204/attachments: No such file or directory.
06-11 22:32:38.009 E/[ 7189.158381@1]  selinux(    0):  
06-11 22:32:38.224 D/[ 7189.375291@0]  [amlcom](    0): vdec_save_input_context, disconnecting
06-11 22:32:38.224 I/[ 7189.375351@1]  [amlv4l](    0): [115]: reset mode: 1, es frames buffering: 15
06-11 22:32:38.224 D/[ 7189.375474@1]  [h265](    0): [0]h265:pts_unstable=0
06-11 22:32:38.224 D/[ 7189.375481@1]  [h265](    0): [0]h265: ver (201602101,0) decinfo: 0x0 rate=4000
06-11 22:32:38.239 I/[ 7189.380600@3]  [amlv4l](    0): [115]: reset mode: 1, es frames buffering: 0
06-11 22:32:38.239 D/[ 7189.380677@3]  [h265](    0): [0]h265:pts_unstable=0
06-11 22:32:38.239 D/[ 7189.380682@3]  [h265](    0): [0]h265: ver (201602101,0) decinfo: 0x0 rate=4000
06-11 22:32:38.300 I/[ 7189.448756@2]  dim(    0): unreg:2keep[0], msk:[0x0,0x0]
06-11 22:32:38.317 I/[ 7189.458846@2]  vpu(    0): vpu: vpu_dev_clk_gate_off: unsupport vpu mod: 72
06-11 22:32:38.317 I/[ 7189.460991@2]  dim(    0): unreg:use[32]ms
06-11 22:32:38.317 I/[ 7189.461003@2]  dim(    0): di_destroy_instance:ch[2]:end
06-11 22:32:38.317 I/[ 7189.461128@2]  dim(    0): reg:use[0]ms
06-11 22:32:38.317 I/[ 7189.461134@2]  dim(    0): create:ch[2],tmode[3]
06-11 22:32:38.317 I/[ 7189.461138@2]  dim(    0): out:0xa0000000
06-11 22:32:38.325 I/[ 7189.477968@0]  [amlv4l](    0): [115]: reset mode: 1, es frames buffering: 0
06-11 22:32:38.325 D/[ 7189.478062@0]  [h265](    0): [0]h265:pts_unstable=0
06-11 22:32:38.325 D/[ 7189.478086@0]  [h265](    0): [0]h265: ver (201602101,0) decinfo: 0x0 rate=4000
06-11 22:32:38.330 I/[ 7189.481359@1]  [amlv4l](    0): [115]: reset mode: 1, es frames buffering: 0
06-11 22:32:38.331 D/[ 7189.481434@1]  [h265](    0): [0]h265:pts_unstable=0
06-11 22:32:38.331 D/[ 7189.481440@1]  [h265](    0): [0]h265: ver (201602101,0) decinfo: 0x0 rate=4000
06-11 22:32:38.338 I/[ 7189.492183@1]  dim(    0): unreg:use[1]ms
06-11 22:32:38.339 I/[ 7189.492196@1]  dim(    0): di_destroy_instance:ch[2]:end
06-11 22:32:38.340 I/[ 7189.492781@1]  dim(    0): reg:use[0]ms
06-11 22:32:38.340 I/[ 7189.492792@1]  dim(    0): create:ch[2],tmode[3]
06-11 22:32:38.343 I/[ 7189.492796@1]  dim(    0): out:0xa0000000
06-11 22:32:38.447 W/[ 7189.600990@1]  RTW(    0): fill_default_txdesc(wlan0): SP Packet(0x0806) rate=0x4 SeqNum = 3289
06-11 22:32:38.539 D/[ 7189.691548@0]  [h265](    0): [0]hevc->performance_profile 0
06-11 22:32:38.539 D/[ 7189.691574@0]  [h265](    0): [0]set pic_list_init_flag 1
06-11 22:32:38.539 D/[ 7189.691696@2]  [h265](    0): [0]init_buf_spec2 1920 1080
06-11 22:32:38.539 D/[ 7189.691706@2]  [h265](    0): [0]set pic_list_init_flag to 2
06-11 22:32:38.539 D/[ 7189.691750@0]  [h265](    0): [0]set pic_list_init_flag to 3
06-11 22:32:38.544 D/[ 7189.694969@0]  [h265](    0): [0]VH265: output first frame poc 0
06-11 22:32:38.544 I/[ 7189.695139@2]  dim(    0): value reg:ch[2]:fix_buf:0;ponly <0,0>
06-11 22:32:38.544 I/[ 7189.695156@2]  dim(    0): di_cnt_i_buf1:tvp:1
06-11 22:32:38.544 I/[ 7189.695166@2]  dim(    0): buf large::0x4fb000, 0x5a1000
06-11 22:32:38.544 I/[ 7189.695204@2]  vpu(    0): vpu: vpu_dev_clk_gate_on: unsupport vpu mod: 72
06-11 22:32:38.544 I/[ 7189.696072@2]  dim(    0): ch[2]:reg:mem cfg[0][0][0]
06-11 22:32:40.175 W/[ 7191.324779@3]  RTW(    0): Turbo EDCA =0xa42b
06-11 22:32:40.948 F/linker  (11360): CANNOT LINK EXECUTABLE "/system/bin/smartcable/smartCableSTBApp": library "libmosquitto.so" not found: needed by main executable
06-11 22:32:42.830 W/[ 7193.981147@1]  RTW(    0): fill_default_txdesc(wlan0): SP Packet(0x0806) rate=0x4 SeqNum = 1524
06-11 22:32:43.142 W/[ 7194.293669@1]  audit(    0): audit_lost=7719 audit_rate_limit=5 audit_backlog_limit=64
06-11 22:32:43.142 E/[ 7194.293681@1]  audit(    0): rate limit exceeded
06-11 22:32:45.940 F/linker  (11376): CANNOT LINK EXECUTABLE "/system/bin/smartcable/smartCableSTBApp": library "libmosquitto.so" not found: needed by main executable
06-11 22:32:46.222 W/[ 7197.372793@2]  RTW(    0): Turbo EDCA =0x5ea42b
06-11 22:32:47.903 W/[ 7199.057345@0]  RTW(    0): fill_default_txdesc(wlan0): SP Packet(0x0806) rate=0x4 SeqNum = 1928
06-11 22:32:48.238 W/[ 7199.388716@0]  RTW(    0): Turbo EDCA =0xa42b
06-11 22:32:50.254 W/[ 7201.404950@1]  RTW(    0): Turbo EDCA =0x5ea42b
06-11 22:32:50.944 F/linker  (11386): CANNOT LINK EXECUTABLE "/system/bin/smartcable/smartCableSTBApp": library "libmosquitto.so" not found: needed by main executable
06-11 22:32:52.758 W/[ 7203.911323@3]  RTW(    0): fill_default_txdesc(wlan0): SP Packet(0x0806) rate=0x4 SeqNum = 2178
06-11 22:32:54.286 W/[ 7205.436705@2]  RTW(    0): Turbo EDCA =0xa42b
06-11 22:32:55.950 F/linker  (11400): CANNOT LINK EXECUTABLE "/system/bin/smartcable/smartCableSTBApp": library "libmosquitto.so" not found: needed by main executable
06-11 22:32:56.306 W/[ 7207.456677@1]  RTW(    0): Turbo EDCA =0x5ea42b
06-11 22:32:57.898 W/[ 7209.051347@2]  RTW(    0): fill_default_txdesc(wlan0): SP Packet(0x0806) rate=0x4 SeqNum = 2480
06-11 22:33:00.334 W/[ 7211.484769@2]  RTW(    0): Turbo EDCA =0xa42b
06-11 22:33:00.963 F/linker  (11414): CANNOT LINK EXECUTABLE "/system/bin/smartcable/smartCableSTBApp": library "libmosquitto.so" not found: needed by main executable
06-11 22:33:02.350 W/[ 7213.500662@0]  RTW(    0): Turbo EDCA =0x5ea42b
06-11 22:33:02.998 W/[ 7214.152364@3]  RTW(    0): fill_default_txdesc(wlan0): SP Packet(0x0806) rate=0x4 SeqNum = 2808
06-11 22:33:05.971 F/linker  (11427): CANNOT LINK EXECUTABLE "/system/bin/smartcable/smartCableSTBApp": library "libmosquitto.so" not found: needed by main executable
06-11 22:33:07.502 W/[ 7218.652770@1]  RTW(    0): fill_default_txdesc(wlan0): SP Packet(0x0806) rate=0x4 SeqNum = 3120
06-11 22:33:08.122 W/[ 7219.272717@1]  RTW(    0): fill_default_txdesc(wlan0): SP Packet(0x0806) rate=0x4 SeqNum = 3169
06-11 22:33:10.412 W/[ 7221.564784@3]  RTW(    0): Turbo EDCA =0xa42b
06-11 22:33:10.963 F/linker  (11439): CANNOT LINK EXECUTABLE "/system/bin/smartcable/smartCableSTBApp": library "libmosquitto.so" not found: needed by main executable
06-11 22:33:12.430 W/[ 7223.580667@3]  RTW(    0): Turbo EDCA =0x5ea42b
06-11 22:33:13.238 W/[ 7224.391457@1]  RTW(    0): fill_default_txdesc(wlan0): SP Packet(0x0806) rate=0x4 SeqNum = 3603
06-11 22:33:15.968 F/linker  (11462): CANNOT LINK EXECUTABLE "/system/bin/smartcable/smartCableSTBApp": library "libmosquitto.so" not found: needed by main executable
06-11 22:33:17.854 W/[ 7229.005724@1]  RTW(    0): fill_default_txdesc(wlan0): SP Packet(0x0806) rate=0x4 SeqNum = 3959
06-11 22:33:20.971 F/linker  (11477): CANNOT LINK EXECUTABLE "/system/bin/smartcable/smartCableSTBApp": library "libmosquitto.so" not found: needed by main executable
06-11 22:33:23.238 W/[ 7234.392167@0]  RTW(    0): fill_default_txdesc(wlan0): SP Packet(0x0806) rate=0x4 SeqNum = 117
06-11 22:33:25.782 W/[ 7236.934286@2]  audit(    0): audit_lost=7722 audit_rate_limit=5 audit_backlog_limit=64
06-11 22:33:25.782 E/[ 7236.934293@2]  audit(    0): rate limit exceeded
06-11 22:33:25.975 F/linker  (11493): CANNOT LINK EXECUTABLE "/system/bin/smartcable/smartCableSTBApp": library "libmosquitto.so" not found: needed by main executable
06-11 22:33:26.810 W/[ 7237.964060@2]  audit(    0): audit_lost=7843 audit_rate_limit=5 audit_backlog_limit=64
06-11 22:33:26.810 E/[ 7237.964067@2]  audit(    0): rate limit exceeded
06-11 22:33:27.691 W/[ 7238.842373@0]  RTW(    0): fill_default_txdesc(wlan0): SP Packet(0x0806) rate=0x4 SeqNum = 314
06-11 22:33:30.983 F/linker  (11509): CANNOT LINK EXECUTABLE "/system/bin/smartcable/smartCableSTBApp": library "libmosquitto.so" not found: needed by main executable
06-11 22:33:32.702 W/[ 7243.855898@3]  RTW(    0): fill_default_txdesc(wlan0): SP Packet(0x0806) rate=0x4 SeqNum = 694
06-11 22:33:35.985 F/linker  (11569): CANNOT LINK EXECUTABLE "/system/bin/smartcable/smartCableSTBApp": library "libmosquitto.so" not found: needed by main executable
06-11 22:33:37.822 W/[ 7248.973766@3]  RTW(    0): fill_default_txdesc(wlan0): SP Packet(0x0806) rate=0x4 SeqNum = 960
06-11 22:33:40.989 F/linker  (11623): CANNOT LINK EXECUTABLE "/system/bin/smartcable/smartCableSTBApp": library "libmosquitto.so" not found: needed by main executable
06-11 22:33:41.050 W/[ 7252.203959@0]  RTW(    0): cfg80211_rtw_scan(wlan0)
06-11 22:33:41.050 W/[ 7252.203984@0]  RTW(    0): cfg80211_rtw_scan (wlan0) tx:42, rx:21, bi:63 kbps, disallow(0)
06-11 22:33:41.058 W/[ 7252.211193@0]  RTW(    0): [HW_VAR_CHECK_TXBUF] Empty in 0 ms
06-11 22:33:41.058 W/[ 7252.211324@0]  RTW(    0): wlan0 sleep m0=0x00000003, ori reg_0x4d4=0x00000000
06-11 22:33:41.746 W/[ 7252.896820@0]  RTW(    0): LeaveAllPowerSaveModeDirect.....
06-11 22:33:41.746 W/[ 7252.896833@0]  RTW(    0): LeaveAllPowerSaveModeDirect: Driver Already Leave LPS
06-11 22:33:41.747 W/[ 7252.896841@0]  RTW(    0): rtw_hal_set_macaddr_port wlan0- hw port(0) mac_addr =a8:71:16:66:28:c6
06-11 22:33:41.747 W/[ 7252.897294@0]  RTW(    0): wlan0- hw port(0) mac_addr =a8:71:16:66:28:c6
06-11 22:33:41.747 W/[ 7252.897391@0]  RTW(    0): p2p0- hw port(1) mac_addr =aa:71:16:66:28:c6
06-11 22:33:41.749 W/[ 7252.903256@0]  RTW(    0): wlan0 wakeup m0=0x00000003, ori reg_0x4d4=0x00000003
06-11 22:33:41.762 W/[ 7252.904253@0]  RTW(    0): survey done event(44) band:0 for wlan0
06-11 22:33:41.762 W/        (    0): [ 7252.904271@0]  ========== ACS (VER-3) ==========
06-11 22:33:41.763 W/        (    0): [ 7252.904275@0]  Best 24G Channel:2
06-11 22:33:41.763 W/        (    0): [ 7252.904277@0]  Best 5G Channel:48
06-11 22:33:41.763 W/        (    0): [ 7252.904277@0]
06-11 22:33:41.763 W/[ 7252.904598@0]  RTW(    0): rtw_indicate_scan_done(wlan0)
06-11 22:33:42.894 W/[ 7254.046328@0]  audit(    0): audit_lost=7849 audit_rate_limit=5 audit_backlog_limit=64
06-11 22:33:42.894 E/[ 7254.046344@0]  audit(    0): rate limit exceeded
06-11 22:33:42.914 W/[ 7254.067319@0]  RTW(    0): fill_default_txdesc(wlan0): SP Packet(0x0806) rate=0x4 SeqNum = 1214
06-11 22:33:45.996 F/linker  (11699): CANNOT LINK EXECUTABLE "/system/bin/smartcable/smartCableSTBApp": library "libmosquitto.so" not found: needed by main executable
06-11 22:33:48.214 W/[ 7259.367488@1]  RTW(    0): fill_default_txdesc(wlan0): SP Packet(0x0806) rate=0x4 SeqNum = 1520
06-11 22:33:51.002 F/linker  (11766): CANNOT LINK EXECUTABLE "/system/bin/smartcable/smartCableSTBApp": library "libmosquitto.so" not found: needed by main executable
06-11 22:33:52.911 W/[ 7264.063203@0]  RTW(    0): fill_default_txdesc(wlan0): SP Packet(0x0806) rate=0x4 SeqNum = 1807
06-11 22:33:56.001 F/linker  (11798): CANNOT LINK EXECUTABLE "/system/bin/smartcable/smartCableSTBApp": library "libmosquitto.so" not found: needed by main executable
06-11 22:33:57.935 W/[ 7269.084798@0]  RTW(    0): fill_default_txdesc(wlan0): SP Packet(0x0806) rate=0x4 SeqNum = 2129
06-11 22:33:57.955 W/[ 7269.106549@0]  RTW(    0): fill_default_txdesc(wlan0): SP Packet(0x0806) rate=0x4 SeqNum = 2136
06-11 22:34:01.006 F/linker  (11811): CANNOT LINK EXECUTABLE "/system/bin/smartcable/smartCableSTBApp": library "libmosquitto.so" not found: needed by main executable
06-11 22:34:02.922 W/[ 7274.074853@0]  RTW(    0): fill_default_txdesc(wlan0): SP Packet(0x0806) rate=0x4 SeqNum = 2460
06-11 22:34:05.079 D/[ 7276.228735@2]  logd(    0): logdr: UID=0 GID=0 PID=11882 b tail=0 logMask=99 pid=0 start=0ns timeout=0ns
06-11 22:34:06.007 F/linker  (11930): CANNOT LINK EXECUTABLE "/system/bin/smartcable/smartCableSTBApp": library "libmosquitto.so" not found: needed by main executable
06-11 22:34:08.642 W/[ 7279.794480@0]  RTW(    0): fill_default_txdesc(wlan0): SP Packet(0x0806) rate=0x4 SeqNum = 540
06-11 22:34:11.015 F/linker  (12000): CANNOT LINK EXECUTABLE "/system/bin/smartcable/smartCableSTBApp": library "libmosquitto.so" not found: needed by main executable
06-11 22:34:13.766 W/[ 7284.919331@0]  RTW(    0): fill_default_txdesc(wlan0): SP Packet(0x0806) rate=0x4 SeqNum = 1498
06-11 22:34:16.020 F/linker  (12015): CANNOT LINK EXECUTABLE "/system/bin/smartcable/smartCableSTBApp": library "libmosquitto.so" not found: needed by main executable
06-11 22:34:18.986 W/[ 7290.140017@1]  RTW(    0): fill_default_txdesc(wlan0): SP Packet(0x0806) rate=0x4 SeqNum = 1891
06-11 22:34:21.024 F/linker  (12028): CANNOT LINK EXECUTABLE "/system/bin/smartcable/smartCableSTBApp": library "libmosquitto.so" not found: needed by main executable
06-11 22:34:23.278 W/[ 7294.428682@0]  RTW(    0): fill_default_txdesc(wlan0): SP Packet(0x0806) rate=0x4 SeqNum = 2177
06-11 22:34:24.010 W/[ 7295.161817@0]  RTW(    0): fill_default_txdesc(wlan0): SP Packet(0x0806) rate=0x4 SeqNum = 2279
06-11 22:34:26.037 F/linker  (12047): CANNOT LINK EXECUTABLE "/system/bin/smartcable/smartCableSTBApp": library "libmosquitto.so" not found: needed by main executable
06-11 22:34:29.842 W/[ 7300.996100@1]  RTW(    0): fill_default_txdesc(wlan0): SP Packet(0x0806) rate=0x4 SeqNum = 2684
06-11 22:34:31.044 F/linker  (12058): CANNOT LINK EXECUTABLE "/system/bin/smartcable/smartCableSTBApp": library "libmosquitto.so" not found: needed by main executable
06-11 22:34:35.270 W/[ 7306.422778@3]  RTW(    0): fill_default_txdesc(wlan0): SP Packet(0x0806) rate=0x4 SeqNum = 3071
06-11 22:34:36.050 F/linker  (12072): CANNOT LINK EXECUTABLE "/system/bin/smartcable/smartCableSTBApp": library "libmosquitto.so" not found: needed by main executable
06-11 22:34:40.322 W/[ 7311.476358@0]  RTW(    0): fill_default_txdesc(wlan0): SP Packet(0x0806) rate=0x4 SeqNum = 3447
06-11 22:34:41.054 F/linker  (12082): CANNOT LINK EXECUTABLE "/system/bin/smartcable/smartCableSTBApp": library "libmosquitto.so" not found: needed by main executable
06-11 22:34:44.910 W/[ 7316.060615@1]  RTW(    0): fill_default_txdesc(wlan0): SP Packet(0x0806) rate=0x4 SeqNum = 3853
06-11 22:34:46.060 F/linker  (12094): CANNOT LINK EXECUTABLE "/system/bin/smartcable/smartCableSTBApp": library "libmosquitto.so" not found: needed by main executable
06-11 22:34:49.706 W/[ 7320.858960@1]  RTW(    0): fill_default_txdesc(wlan0): SP Packet(0x0806) rate=0x4 SeqNum = 169
06-11 22:34:51.064 F/linker  (12109): CANNOT LINK EXECUTABLE "/system/bin/smartcable/smartCableSTBApp": library "libmosquitto.so" not found: needed by main executable
06-11 22:34:54.830 W/[ 7325.982983@3]  RTW(    0): fill_default_txdesc(wlan0): SP Packet(0x0806) rate=0x4 SeqNum = 592
06-11 22:34:56.073 F/linker  (12119): CANNOT LINK EXECUTABLE "/system/bin/smartcable/smartCableSTBApp": library "libmosquitto.so" not found: needed by main executable
06-11 22:34:59.946 W/[ 7331.100208@0]  RTW(    0): fill_default_txdesc(wlan0): SP Packet(0x0806) rate=0x4 SeqNum = 974
06-11 22:35:01.076 F/linker  (12134): CANNOT LINK EXECUTABLE "/system/bin/smartcable/smartCableSTBApp": library "libmosquitto.so" not found: needed by main executable
06-11 22:35:04.862 W/[ 7336.013856@0]  RTW(    0): fill_default_txdesc(wlan0): SP Packet(0x0806) rate=0x4 SeqNum = 1392
06-11 22:35:06.080 F/linker  (12146): CANNOT LINK EXECUTABLE "/system/bin/smartcable/smartCableSTBApp": library "libmosquitto.so" not found: needed by main executable
06-11 22:35:10.186 W/[ 7341.338893@1]  RTW(    0): fill_default_txdesc(wlan0): SP Packet(0x0806) rate=0x4 SeqNum = 1809
06-11 22:35:11.083 F/linker  (12161): CANNOT LINK EXECUTABLE "/system/bin/smartcable/smartCableSTBApp": library "libmosquitto.so" not found: needed by main executable
06-11 22:35:15.306 W/[ 7346.459669@3]  RTW(    0): fill_default_txdesc(wlan0): SP Packet(0x0806) rate=0x4 SeqNum = 2269
06-11 22:35:16.092 F/linker  (12171): CANNOT LINK EXECUTABLE "/system/bin/smartcable/smartCableSTBApp": library "libmosquitto.so" not found: needed by main executable
06-11 22:35:20.430 W/[ 7351.581195@1]  RTW(    0): fill_default_txdesc(wlan0): SP Packet(0x0806) rate=0x4 SeqNum = 2646
06-11 22:35:21.102 F/linker  (12187): CANNOT LINK EXECUTABLE "/system/bin/smartcable/smartCableSTBApp": library "libmosquitto.so" not found: needed by main executable
06-11 22:35:21.134 W/[ 7352.284742@0]  RTW(    0): fill_default_txdesc(wlan0): SP Packet(0x0806) rate=0x4 SeqNum = 2693
06-11 22:35:25.546 W/[ 7356.698770@0]  RTW(    0): fill_default_txdesc(wlan0): SP Packet(0x0806) rate=0x4 SeqNum = 3031
06-11 22:35:26.105 F/linker  (12201): CANNOT LINK EXECUTABLE "/system/bin/smartcable/smartCableSTBApp": library "libmosquitto.so" not found: needed by main executable
06-11 22:35:26.650 W/[ 7357.803157@2]  audit(    0): audit_lost=7851 audit_rate_limit=5 audit_backlog_limit=64
06-11 22:35:26.650 E/[ 7357.803164@2]  audit(    0): rate limit exceeded
06-11 22:35:27.702 W/[ 7358.853625@2]  audit(    0): audit_lost=7968 audit_rate_limit=5 audit_backlog_limit=64
06-11 22:35:27.702 E/[ 7358.853635@2]  audit(    0): rate limit exceeded
06-11 22:35:30.258 W/[ 7361.412416@3]  RTW(    0): fill_default_txdesc(wlan0): SP Packet(0x0806) rate=0x4 SeqNum = 3384
06-11 22:35:31.107 F/linker  (12221): CANNOT LINK EXECUTABLE "/system/bin/smartcable/smartCableSTBApp": library "libmosquitto.so" not found: needed by main executable
06-11 22:35:34.770 W/[ 7365.920954@3]  RTW(    0): fill_default_txdesc(wlan0): SP Packet(0x0806) rate=0x4 SeqNum = 3776
06-11 22:35:36.114 F/linker  (12232): CANNOT LINK EXECUTABLE "/system/bin/smartcable/smartCableSTBApp": library "libmosquitto.so" not found: needed by main executable
06-11 22:35:39.882 W/[ 7371.035827@1]  RTW(    0): fill_default_txdesc(wlan0): SP Packet(0x0806) rate=0x4 SeqNum = 105
06-11 22:35:41.117 F/linker  (12242): CANNOT LINK EXECUTABLE "/system/bin/smartcable/smartCableSTBApp": library "libmosquitto.so" not found: needed by main executable
06-11 22:35:43.143 W/[ 7374.293979@3]  audit(    0): audit_lost=7980 audit_rate_limit=5 audit_backlog_limit=64
06-11 22:35:43.143 E/[ 7374.293992@3]  audit(    0): rate limit exceeded
06-11 22:35:44.770 W/[ 7375.920768@0]  RTW(    0): fill_default_txdesc(wlan0): SP Packet(0x0806) rate=0x4 SeqNum = 513
06-11 22:35:46.123 F/linker  (12256): CANNOT LINK EXECUTABLE "/system/bin/smartcable/smartCableSTBApp": library "libmosquitto.so" not found: needed by main executable
06-11 22:35:50.230 W/[ 7381.384143@1]  RTW(    0): fill_default_txdesc(wlan0): SP Packet(0x0806) rate=0x4 SeqNum = 914
06-11 22:35:51.134 F/linker  (12268): CANNOT LINK EXECUTABLE "/system/bin/smartcable/smartCableSTBApp": library "libmosquitto.so" not found: needed by main executable
06-11 22:35:55.350 W/[ 7386.500743@1]  RTW(    0): fill_default_txdesc(wlan0): SP Packet(0x0806) rate=0x4 SeqNum = 1287
06-11 22:35:56.137 F/linker  (12282): CANNOT LINK EXECUTABLE "/system/bin/smartcable/smartCableSTBApp": library "libmosquitto.so" not found: needed by main executable
06-11 22:36:00.574 W/[ 7391.725907@1]  RTW(    0): fill_default_txdesc(wlan0): SP Packet(0x0806) rate=0x4 SeqNum = 1675
06-11 22:36:01.145 F/linker  (12293): CANNOT LINK EXECUTABLE "/system/bin/smartcable/smartCableSTBApp": library "libmosquitto.so" not found: needed by main executable
06-11 22:36:04.974 W/[ 7396.127675@3]  RTW(    0): fill_default_txdesc(wlan0): SP Packet(0x0806) rate=0x4 SeqNum = 2083
06-11 22:36:06.151 F/linker  (12309): CANNOT LINK EXECUTABLE "/system/bin/smartcable/smartCableSTBApp": library "libmosquitto.so" not found: needed by main executable
06-11 22:36:09.938 W/[ 7401.090487@1]  RTW(    0): fill_default_txdesc(wlan0): SP Packet(0x0806) rate=0x4 SeqNum = 2431
06-11 22:36:11.156 F/linker  (12319): CANNOT LINK EXECUTABLE "/system/bin/smartcable/smartCableSTBApp": library "libmosquitto.so" not found: needed by main executable
06-11 22:36:14.802 W/[ 7405.952864@3]  RTW(    0): fill_default_txdesc(wlan0): SP Packet(0x0806) rate=0x4 SeqNum = 2760
06-11 22:36:16.158 F/linker  (12333): CANNOT LINK EXECUTABLE "/system/bin/smartcable/smartCableSTBApp": library "libmosquitto.so" not found: needed by main executable
06-11 22:36:19.922 W/[ 7411.072883@3]  RTW(    0): fill_default_txdesc(wlan0): SP Packet(0x0806) rate=0x4 SeqNum = 3148
06-11 22:36:21.164 F/linker  (12345): CANNOT LINK EXECUTABLE "/system/bin/smartcable/smartCableSTBApp": library "libmosquitto.so" not found: needed by main executable
06-11 22:36:22.316 W/[ 7413.468820@0]  RTW(    0): fill_default_txdesc(wlan0): SP Packet(0x0806) rate=0x4 SeqNum = 3381
06-11 22:36:25.050 W/[ 7416.201722@1]  RTW(    0): fill_default_txdesc(wlan0): SP Packet(0x0806) rate=0x4 SeqNum = 3614
06-11 22:36:26.167 F/linker  (12360): CANNOT LINK EXECUTABLE "/system/bin/smartcable/smartCableSTBApp": library "libmosquitto.so" not found: needed by main executable
06-11 22:36:29.554 W/[ 7420.707400@2]  RTW(    0): cfg80211_rtw_scan(wlan0)
06-11 22:36:29.554 W/[ 7420.707423@2]  RTW(    0): cfg80211_rtw_scan (wlan0) tx:115, rx:49, bi:164 kbps, disallow(0)
06-11 22:36:29.562 W/[ 7420.714289@2]  RTW(    0): [HW_VAR_CHECK_TXBUF] Empty in 0 ms
06-11 22:36:29.562 W/[ 7420.714374@2]  RTW(    0): wlan0 sleep m0=0x00000003, ori reg_0x4d4=0x00000000
06-11 22:36:30.253 W/[ 7421.404732@2]  RTW(    0): LeaveAllPowerSaveModeDirect.....
06-11 22:36:30.253 W/[ 7421.404746@2]  RTW(    0): LeaveAllPowerSaveModeDirect: Driver Already Leave LPS
06-11 22:36:30.253 W/[ 7421.404753@2]  RTW(    0): rtw_hal_set_macaddr_port wlan0- hw port(0) mac_addr =a8:71:16:66:28:c6
06-11 22:36:30.253 W/[ 7421.404878@2]  RTW(    0): wlan0- hw port(0) mac_addr =a8:71:16:66:28:c6
06-11 22:36:30.253 W/[ 7421.404929@2]  RTW(    0): p2p0- hw port(1) mac_addr =aa:71:16:66:28:c6
06-11 22:36:30.259 W/[ 7421.410407@2]  RTW(    0): wlan0 wakeup m0=0x00000003, ori reg_0x4d4=0x00000003
06-11 22:36:30.259 W/[ 7421.411245@2]  RTW(    0): survey done event(4b) band:0 for wlan0
06-11 22:36:30.259 W/        (    0): [ 7421.411262@2]  ========== ACS (VER-3) ==========
06-11 22:36:30.259 W/        (    0): [ 7421.411267@2]  Best 24G Channel:2
06-11 22:36:30.259 W/        (    0): [ 7421.411273@2]  Best 5G Channel:48
06-11 22:36:30.259 W/        (    0): [ 7421.411273@2]
06-11 22:36:30.259 W/[ 7421.411354@2]  RTW(    0): rtw_indicate_scan_done(wlan0)
06-11 22:36:30.259 W/[ 7421.412151@0]  RTW(    0): fill_default_txdesc(wlan0): SP Packet(0x0806) rate=0x4 SeqNum = 4008
06-11 22:36:31.179 F/linker  (12389): CANNOT LINK EXECUTABLE "/system/bin/smartcable/smartCableSTBApp": library "libmosquitto.so" not found: needed by main executable
06-11 22:36:35.279 W/[ 7426.431177@0]  RTW(    0): fill_default_txdesc(wlan0): SP Packet(0x0806) rate=0x4 SeqNum = 364
06-11 22:36:36.183 F/linker  (12399): CANNOT LINK EXECUTABLE "/system/bin/smartcable/smartCableSTBApp": library "libmosquitto.so" not found: needed by main executable
06-11 22:36:39.784 W/[ 7430.933752@1]  RTW(    0): fill_default_txdesc(wlan0): SP Packet(0x0806) rate=0x4 SeqNum = 706
06-11 22:36:41.189 F/linker  (12413): CANNOT LINK EXECUTABLE "/system/bin/smartcable/smartCableSTBApp": library "libmosquitto.so" not found: needed by main executable
06-11 22:36:43.142 W/[ 7434.296024@2]  audit(    0): audit_lost=7983 audit_rate_limit=5 audit_backlog_limit=64
06-11 22:36:43.143 E/[ 7434.296041@2]  audit(    0): rate limit exceeded
06-11 22:36:45.006 W/[ 7436.157706@0]  RTW(    0): fill_default_txdesc(wlan0): SP Packet(0x0806) rate=0x4 SeqNum = 1157
06-11 22:36:46.196 F/linker  (12423): CANNOT LINK EXECUTABLE "/system/bin/smartcable/smartCableSTBApp": library "libmosquitto.so" not found: needed by main executable
06-11 22:36:49.750 W/[ 7440.903713@1]  RTW(    0): fill_default_txdesc(wlan0): SP Packet(0x0806) rate=0x4 SeqNum = 1512
06-11 22:36:51.201 F/linker  (12438): CANNOT LINK EXECUTABLE "/system/bin/smartcable/smartCableSTBApp": library "libmosquitto.so" not found: needed by main executable
06-11 22:36:55.698 W/[ 7446.850883@0]  RTW(    0): fill_default_txdesc(wlan0): SP Packet(0x0806) rate=0x4 SeqNum = 2076
06-11 22:36:56.207 F/linker  (12464): CANNOT LINK EXECUTABLE "/system/bin/smartcable/smartCableSTBApp": library "libmosquitto.so" not found: needed by main executable
06-11 22:37:00.742 W/[ 7451.894272@1]  RTW(    0): fill_default_txdesc(wlan0): SP Packet(0x0806) rate=0x4 SeqNum = 2384
06-11 22:37:01.209 F/linker  (12479): CANNOT LINK EXECUTABLE "/system/bin/smartcable/smartCableSTBApp": library "libmosquitto.so" not found: needed by main executable
06-11 22:37:05.926 W/[ 7457.077663@0]  RTW(    0): fill_default_txdesc(wlan0): SP Packet(0x0806) rate=0x4 SeqNum = 2846
06-11 22:37:06.214 F/linker  (12491): CANNOT LINK EXECUTABLE "/system/bin/smartcable/smartCableSTBApp": library "libmosquitto.so" not found: needed by main executable
06-11 22:37:11.054 W/[ 7462.206485@1]  RTW(    0): fill_default_txdesc(wlan0): SP Packet(0x0806) rate=0x4 SeqNum = 3240
06-11 22:37:11.217 F/linker  (12506): CANNOT LINK EXECUTABLE "/system/bin/smartcable/smartCableSTBApp": library "libmosquitto.so" not found: needed by main executable
06-11 22:37:15.930 W/[ 7467.082662@1]  RTW(    0): fill_default_txdesc(wlan0): SP Packet(0x0806) rate=0x4 SeqNum = 3646
06-11 22:37:16.222 F/linker  (12516): CANNOT LINK EXECUTABLE "/system/bin/smartcable/smartCableSTBApp": library "libmosquitto.so" not found: needed by main executable
06-11 22:37:20.970 W/[ 7472.122161@1]  RTW(    0): fill_default_txdesc(wlan0): SP Packet(0x0806) rate=0x4 SeqNum = 3981
06-11 22:37:21.226 F/linker  (12526): CANNOT LINK EXECUTABLE "/system/bin/smartcable/smartCableSTBApp": library "libmosquitto.so" not found: needed by main executable
06-11 22:37:23.243 W/[ 7474.396810@0]  RTW(    0): fill_default_txdesc(wlan0): SP Packet(0x0806) rate=0x4 SeqNum = 94
06-11 22:37:26.166 W/[ 7477.317142@1]  RTW(    0): fill_default_txdesc(wlan0): SP Packet(0x0806) rate=0x4 SeqNum = 376
06-11 22:37:26.232 F/linker  (12543): CANNOT LINK EXECUTABLE "/system/bin/smartcable/smartCableSTBApp": library "libmosquitto.so" not found: needed by main executable
06-11 22:37:27.046 W/[ 7478.197439@2]  audit(    0): audit_lost=7986 audit_rate_limit=5 audit_backlog_limit=64
06-11 22:37:27.046 E/[ 7478.197446@2]  audit(    0): rate limit exceeded
06-11 22:37:28.090 W/[ 7479.243865@1]  audit(    0): audit_lost=8107 audit_rate_limit=5 audit_backlog_limit=64
06-11 22:37:28.090 E/[ 7479.243875@1]  audit(    0): rate limit exceeded
06-11 22:37:31.241 F/linker  (12559): CANNOT LINK EXECUTABLE "/system/bin/smartcable/smartCableSTBApp": library "libmosquitto.so" not found: needed by main executable
06-11 22:37:31.246 W/[ 7482.398779@0]  RTW(    0): fill_default_txdesc(wlan0): SP Packet(0x0806) rate=0x4 SeqNum = 850
06-11 22:37:36.246 F/linker  (12604): CANNOT LINK EXECUTABLE "/system/bin/smartcable/smartCableSTBApp": library "libmosquitto.so" not found: needed by main executable
06-11 22:37:36.890 W/[ 7488.042864@1]  RTW(    0): fill_default_txdesc(wlan0): SP Packet(0x0806) rate=0x4 SeqNum = 1251
06-11 22:37:41.254 F/linker  (12674): CANNOT LINK EXECUTABLE "/system/bin/smartcable/smartCableSTBApp": library "libmosquitto.so" not found: needed by main executable
06-11 22:37:41.827 W/[ 7492.978298@3]  RTW(    0): fill_default_txdesc(wlan0): SP Packet(0x0806) rate=0x4 SeqNum = 1629
06-11 22:37:43.142 W/[ 7494.294836@1]  audit(    0): audit_lost=8116 audit_rate_limit=5 audit_backlog_limit=64
06-11 22:37:43.142 E/[ 7494.294842@1]  audit(    0): rate limit exceeded
06-11 22:37:46.252 F/linker  (12729): CANNOT LINK EXECUTABLE "/system/bin/smartcable/smartCableSTBApp": library "libmosquitto.so" not found: needed by main executable
06-11 22:37:47.167 W/[ 7498.317506@1]  RTW(    0): fill_default_txdesc(wlan0): SP Packet(0x0806) rate=0x4 SeqNum = 2072
06-11 22:37:51.256 F/linker  (12779): CANNOT LINK EXECUTABLE "/system/bin/smartcable/smartCableSTBApp": library "libmosquitto.so" not found: needed by main executable
06-11 22:37:52.046 W/[ 7503.198809@0]  RTW(    0): fill_default_txdesc(wlan0): SP Packet(0x0806) rate=0x4 SeqNum = 2393
06-11 22:37:56.261 F/linker  (12838): CANNOT LINK EXECUTABLE "/system/bin/smartcable/smartCableSTBApp": library "libmosquitto.so" not found: needed by main executable
06-11 22:37:57.170 W/[ 7508.320755@1]  RTW(    0): fill_default_txdesc(wlan0): SP Packet(0x0806) rate=0x4 SeqNum = 2786
06-11 22:38:01.271 F/linker  (12848): CANNOT LINK EXECUTABLE "/system/bin/smartcable/smartCableSTBApp": library "libmosquitto.so" not found: needed by main executable
06-11 22:38:02.182 W/[ 7513.333332@3]  RTW(    0): fill_default_txdesc(wlan0): SP Packet(0x0806) rate=0x4 SeqNum = 3151
06-11 22:38:06.276 F/linker  (12870): CANNOT LINK EXECUTABLE "/system/bin/smartcable/smartCableSTBApp": library "libmosquitto.so" not found: needed by main executable
06-11 22:38:06.978 W/[ 7518.129612@3]  RTW(    0): fill_default_txdesc(wlan0): SP Packet(0x0806) rate=0x4 SeqNum = 3504
06-11 22:38:11.280 F/linker  (12882): CANNOT LINK EXECUTABLE "/system/bin/smartcable/smartCableSTBApp": library "libmosquitto.so" not found: needed by main executable
06-11 22:38:11.774 W/[ 7522.925805@3]  RTW(    0): fill_default_txdesc(wlan0): SP Packet(0x0806) rate=0x4 SeqNum = 3893
06-11 22:38:16.283 F/linker  (12892): CANNOT LINK EXECUTABLE "/system/bin/smartcable/smartCableSTBApp": library "libmosquitto.so" not found: needed by main executable
06-11 22:38:17.102 W/[ 7528.253479@1]  RTW(    0): fill_default_txdesc(wlan0): SP Packet(0x0806) rate=0x4 SeqNum = 239
06-11 22:38:21.293 F/linker  (12906): CANNOT LINK EXECUTABLE "/system/bin/smartcable/smartCableSTBApp": library "libmosquitto.so" not found: needed by main executable
06-11 22:38:21.798 W/[ 7532.949209@0]  RTW(    0): fill_default_txdesc(wlan0): SP Packet(0x0806) rate=0x4 SeqNum = 582
06-11 22:38:24.430 W/[ 7535.580678@2]  RTW(    0): fill_default_txdesc(wlan0): SP Packet(0x0806) rate=0x4 SeqNum = 776
06-11 22:38:26.299 F/linker  (12918): CANNOT LINK EXECUTABLE "/system/bin/smartcable/smartCableSTBApp": library "libmosquitto.so" not found: needed by main executable
06-11 22:38:26.890 W/[ 7538.042090@2]  RTW(    0): fill_default_txdesc(wlan0): SP Packet(0x0806) rate=0x4 SeqNum = 978
06-11 22:38:31.306 F/linker  (12949): CANNOT LINK EXECUTABLE "/system/bin/smartcable/smartCableSTBApp": library "libmosquitto.so" not found: needed by main executable
06-11 22:38:32.058 W/[ 7543.209487@1]  RTW(    0): fill_default_txdesc(wlan0): SP Packet(0x0806) rate=0x4 SeqNum = 1362
06-11 22:38:36.310 F/linker  (12960): CANNOT LINK EXECUTABLE "/system/bin/smartcable/smartCableSTBApp": library "libmosquitto.so" not found: needed by main executable
06-11 22:38:37.102 W/[ 7548.254861@1]  RTW(    0): fill_default_txdesc(wlan0): SP Packet(0x0806) rate=0x4 SeqNum = 1698
06-11 22:38:41.321 F/linker  (12974): CANNOT LINK EXECUTABLE "/system/bin/smartcable/smartCableSTBApp": library "libmosquitto.so" not found: needed by main executable
06-11 22:38:41.970 W/[ 7553.122723@3]  RTW(    0): fill_default_txdesc(wlan0): SP Packet(0x0806) rate=0x4 SeqNum = 2015
06-11 22:38:42.898 W/[ 7554.051128@3]  audit(    0): audit_lost=8119 audit_rate_limit=5 audit_backlog_limit=64
06-11 22:38:42.899 E/[ 7554.051144@3]  audit(    0): rate limit exceeded
06-11 22:38:46.325 F/linker  (12985): CANNOT LINK EXECUTABLE "/system/bin/smartcable/smartCableSTBApp": library "libmosquitto.so" not found: needed by main executable
06-11 22:38:46.790 W/[ 7557.942630@3]  RTW(    0): fill_default_txdesc(wlan0): SP Packet(0x0806) rate=0x4 SeqNum = 2441
06-11 22:38:51.336 F/linker  (12999): CANNOT LINK EXECUTABLE "/system/bin/smartcable/smartCableSTBApp": library "libmosquitto.so" not found: needed by main executable
06-11 22:38:51.702 W/[ 7562.853282@1]  RTW(    0): fill_default_txdesc(wlan0): SP Packet(0x0806) rate=0x4 SeqNum = 2742
06-11 22:38:56.342 F/linker  (13012): CANNOT LINK EXECUTABLE "/system/bin/smartcable/smartCableSTBApp": library "libmosquitto.so" not found: needed by main executable
06-11 22:38:56.794 W/[ 7567.945788@1]  RTW(    0): fill_default_txdesc(wlan0): SP Packet(0x0806) rate=0x4 SeqNum = 3156
06-11 22:39:01.343 F/linker  (13026): CANNOT LINK EXECUTABLE "/system/bin/smartcable/smartCableSTBApp": library "libmosquitto.so" not found: needed by main executable
06-11 22:39:01.714 W/[ 7572.865555@1]  RTW(    0): fill_default_txdesc(wlan0): SP Packet(0x0806) rate=0x4 SeqNum = 3553
06-11 22:39:06.351 F/linker  (13038): CANNOT LINK EXECUTABLE "/system/bin/smartcable/smartCableSTBApp": library "libmosquitto.so" not found: needed by main executable
06-11 22:39:06.750 W/[ 7577.903711@1]  RTW(    0): fill_default_txdesc(wlan0): SP Packet(0x0806) rate=0x4 SeqNum = 3904
06-11 22:39:11.357 F/linker  (13049): CANNOT LINK EXECUTABLE "/system/bin/smartcable/smartCableSTBApp": library "libmosquitto.so" not found: needed by main executable
06-11 22:39:11.962 W/[ 7583.114412@0]  RTW(    0): fill_default_txdesc(wlan0): SP Packet(0x0806) rate=0x4 SeqNum = 249
06-11 22:39:14.677 W/[ 7585.831304@3]  RTW(    0): cfg80211_rtw_scan(wlan0)
06-11 22:39:14.692 W/[ 7585.831324@3]  RTW(    0): cfg80211_rtw_scan (wlan0) tx:107, rx:41, bi:148 kbps, disallow(0)
06-11 22:39:14.692 W/[ 7585.835861@3]  RTW(    0): [HW_VAR_CHECK_TXBUF] Empty in 0 ms
06-11 22:39:14.692 W/[ 7585.835979@3]  RTW(    0): wlan0 sleep m0=0x00000003, ori reg_0x4d4=0x00000000
06-11 22:39:15.370 W/[ 7586.520985@1]  RTW(    0): LeaveAllPowerSaveModeDirect.....
06-11 22:39:15.371 W/[ 7586.521006@1]  RTW(    0): LeaveAllPowerSaveModeDirect: Driver Already Leave LPS
06-11 22:39:15.371 W/[ 7586.521022@1]  RTW(    0): rtw_hal_set_macaddr_port wlan0- hw port(0) mac_addr =a8:71:16:66:28:c6
06-11 22:39:15.371 W/[ 7586.521318@1]  RTW(    0): wlan0- hw port(0) mac_addr =a8:71:16:66:28:c6
06-11 22:39:15.371 W/[ 7586.521453@1]  RTW(    0): p2p0- hw port(1) mac_addr =aa:71:16:66:28:c6
06-11 22:39:15.378 W/[ 7586.529742@1]  RTW(    0): wlan0 wakeup m0=0x00000003, ori reg_0x4d4=0x00000003
06-11 22:39:15.378 W/[ 7586.530268@1]  RTW(    0): survey done event(3e) band:0 for wlan0
06-11 22:39:15.378 W/        (    0): [ 7586.530282@1]  ========== ACS (VER-3) ==========
06-11 22:39:15.378 W/        (    0): [ 7586.530285@1]  Best 24G Channel:2
06-11 22:39:15.379 W/        (    0): [ 7586.530287@1]  Best 5G Channel:48
06-11 22:39:15.379 W/        (    0): [ 7586.530287@1]
06-11 22:39:15.379 W/[ 7586.530357@1]  RTW(    0): rtw_indicate_scan_done(wlan0)
06-11 22:39:16.361 F/linker  (13073): CANNOT LINK EXECUTABLE "/system/bin/smartcable/smartCableSTBApp": library "libmosquitto.so" not found: needed by main executable
06-11 22:39:17.004 W/[ 7588.156603@0]  RTW(    0): fill_default_txdesc(wlan0): SP Packet(0x0806) rate=0x4 SeqNum = 654
06-11 22:39:21.369 F/linker  (13083): CANNOT LINK EXECUTABLE "/system/bin/smartcable/smartCableSTBApp": library "libmosquitto.so" not found: needed by main executable
06-11 22:39:21.802 W/[ 7592.956440@0]  RTW(    0): fill_default_txdesc(wlan0): SP Packet(0x0806) rate=0x4 SeqNum = 1022
06-11 22:39:25.356 W/[ 7596.508670@0]  RTW(    0): fill_default_txdesc(wlan0): SP Packet(0x0806) rate=0x4 SeqNum = 1238
06-11 22:39:26.369 F/linker  (13098): CANNOT LINK EXECUTABLE "/system/bin/smartcable/smartCableSTBApp": library "libmosquitto.so" not found: needed by main executable
06-11 22:39:26.974 W/[ 7598.127486@1]  RTW(    0): fill_default_txdesc(wlan0): SP Packet(0x0806) rate=0x4 SeqNum = 1382
06-11 22:39:27.862 W/[ 7599.015632@1]  audit(    0): audit_lost=8121 audit_rate_limit=5 audit_backlog_limit=64
06-11 22:39:27.862 E/[ 7599.015642@1]  audit(    0): rate limit exceeded
06-11 22:39:28.910 W/[ 7600.062266@1]  audit(    0): audit_lost=8241 audit_rate_limit=5 audit_backlog_limit=64
06-11 22:39:28.910 E/[ 7600.062275@1]  audit(    0): rate limit exceeded
06-11 22:39:31.378 F/linker  (13118): CANNOT LINK EXECUTABLE "/system/bin/smartcable/smartCableSTBApp": library "libmosquitto.so" not found: needed by main executable
06-11 22:39:31.970 W/[ 7603.124054@0]  RTW(    0): fill_default_txdesc(wlan0): SP Packet(0x0806) rate=0x4 SeqNum = 1855
06-11 22:39:36.382 F/linker  (13134): CANNOT LINK EXECUTABLE "/system/bin/smartcable/smartCableSTBApp": library "libmosquitto.so" not found: needed by main executable
06-11 22:39:36.786 W/[ 7607.937827@0]  RTW(    0): fill_default_txdesc(wlan0): SP Packet(0x0806) rate=0x4 SeqNum = 2256
06-11 22:39:41.387 F/linker  (13145): CANNOT LINK EXECUTABLE "/system/bin/smartcable/smartCableSTBApp": library "libmosquitto.so" not found: needed by main executable
06-11 22:39:41.710 W/[ 7612.861120@3]  RTW(    0): fill_default_txdesc(wlan0): SP Packet(0x0806) rate=0x4 SeqNum = 2590
06-11 22:39:43.146 W/[ 7614.298780@3]  audit(    0): audit_lost=8251 audit_rate_limit=5 audit_backlog_limit=64
06-11 22:39:43.146 E/[ 7614.298791@3]  audit(    0): rate limit exceeded
06-11 22:39:46.394 F/linker  (13159): CANNOT LINK EXECUTABLE "/system/bin/smartcable/smartCableSTBApp": library "libmosquitto.so" not found: needed by main executable
06-11 22:39:46.775 W/[ 7617.928166@0]  RTW(    0): fill_default_txdesc(wlan0): SP Packet(0x0806) rate=0x4 SeqNum = 3098
06-11 22:39:49.934 W/[ 7621.084744@0]  RTW(    0): fill_default_txdesc(wlan0): SP Packet(0x0806) rate=0x4 SeqNum = 3386
06-11 22:39:51.399 F/linker  (13169): CANNOT LINK EXECUTABLE "/system/bin/smartcable/smartCableSTBApp": library "libmosquitto.so" not found: needed by main executable
06-11 22:39:52.090 W/[ 7623.244035@3]  RTW(    0): fill_default_txdesc(wlan0): SP Packet(0x0806) rate=0x4 SeqNum = 3536
06-11 22:39:56.405 F/linker  (13181): CANNOT LINK EXECUTABLE "/system/bin/smartcable/smartCableSTBApp": library "libmosquitto.so" not found: needed by main executable
06-11 22:39:56.934 W/[ 7628.088404@1]  RTW(    0): fill_default_txdesc(wlan0): SP Packet(0x0806) rate=0x4 SeqNum = 3919
06-11 22:40:01.408 F/linker  (13195): CANNOT LINK EXECUTABLE "/system/bin/smartcable/smartCableSTBApp": library "libmosquitto.so" not found: needed by main executable
06-11 22:40:01.986 W/[ 7633.136602@0]  RTW(    0): fill_default_txdesc(wlan0): SP Packet(0x0806) rate=0x4 SeqNum = 258
06-11 22:40:06.412 F/linker  (13207): CANNOT LINK EXECUTABLE "/system/bin/smartcable/smartCableSTBApp": library "libmosquitto.so" not found: needed by main executable
06-11 22:40:07.158 W/[ 7638.310284@3]  RTW(    0): fill_default_txdesc(wlan0): SP Packet(0x0806) rate=0x4 SeqNum = 694
06-11 22:40:11.421 F/linker  (13222): CANNOT LINK EXECUTABLE "/system/bin/smartcable/smartCableSTBApp": library "libmosquitto.so" not found: needed by main executable
06-11 22:40:11.922 W/[ 7643.073890@1]  RTW(    0): fill_default_txdesc(wlan0): SP Packet(0x0806) rate=0x4 SeqNum = 1089
06-11 22:40:16.425 F/linker  (13232): CANNOT LINK EXECUTABLE "/system/bin/smartcable/smartCableSTBApp": library "libmosquitto.so" not found: needed by main executable
06-11 22:40:17.514 W/[ 7648.667300@0]  RTW(    0): fill_default_txdesc(wlan0): SP Packet(0x0806) rate=0x4 SeqNum = 1556
06-11 22:40:21.425 F/linker  (13258): CANNOT LINK EXECUTABLE "/system/bin/smartcable/smartCableSTBApp": library "libmosquitto.so" not found: needed by main executable
06-11 22:40:21.706 W/[ 7652.856636@2]  RTW(    0): fill_default_txdesc(wlan0): SP Packet(0x0806) rate=0x4 SeqNum = 1892
06-11 22:40:25.091 I/[ 7656.241033@1]  [amlv4l](    0): [115]: reset mode: 1, es frames buffering: 16
06-11 22:40:25.091 D/[ 7656.241182@1]  [h265](    0): [0]h265:pts_unstable=0
06-11 22:40:25.091 D/[ 7656.241192@1]  [h265](    0): [0]h265: ver (201602101,0) decinfo: 0x0 rate=4000
06-11 22:40:25.107 I/[ 7656.258036@1]  [amlv4l](    0): [115]: reset mode: 1, es frames buffering: 0
06-11 22:40:25.107 D/[ 7656.258114@1]  [h265](    0): [0]h265:pts_unstable=0
06-11 22:40:25.107 D/[ 7656.258121@1]  [h265](    0): [0]h265: ver (201602101,0) decinfo: 0x0 rate=4000
06-11 22:40:25.158 I/[ 7656.308598@2]  dim(    0): unreg:2keep[0], msk:[0x0,0x0]
06-11 22:40:25.166 I/[ 7656.318723@2]  vpu(    0): vpu: vpu_dev_clk_gate_off: unsupport vpu mod: 72
06-11 22:40:25.177 I/[ 7656.319419@2]  dim(    0): unreg:use[28]ms
06-11 22:40:25.177 I/[ 7656.319432@2]  dim(    0): di_destroy_instance:ch[2]:end
06-11 22:40:25.177 I/[ 7656.319556@2]  dim(    0): reg:use[0]ms
06-11 22:40:25.177 I/[ 7656.319564@2]  dim(    0): create:ch[2],tmode[3]
06-11 22:40:25.178 I/[ 7656.319568@2]  dim(    0): out:0xa0000000
06-11 22:40:25.179 I/[ 7656.328061@2]  [amlv4l](    0): [115]: reset mode: 1, es frames buffering: 0
06-11 22:40:25.180 D/[ 7656.328139@2]  [h265](    0): [0]h265:pts_unstable=0
06-11 22:40:25.180 D/[ 7656.328144@2]  [h265](    0): [0]h265: ver (201602101,0) decinfo: 0x0 rate=4000
06-11 22:40:25.180 I/[ 7656.333314@3]  [amlv4l](    0): [115]: reset mode: 1, es frames buffering: 0
06-11 22:40:25.180 D/[ 7656.333378@3]  [h265](    0): [0]h265:pts_unstable=0
06-11 22:40:25.180 D/[ 7656.333383@3]  [h265](    0): [0]h265: ver (201602101,0) decinfo: 0x0 rate=4000
06-11 22:40:25.207 I/[ 7656.357020@2]  [amlv4l](    0): [115]: reset mode: 1, es frames buffering: 0
06-11 22:40:25.207 D/[ 7656.357096@2]  [h265](    0): [0]h265:pts_unstable=0
06-11 22:40:25.207 D/[ 7656.357102@2]  [h265](    0): [0]h265: ver (201602101,0) decinfo: 0x0 rate=4000
06-11 22:40:25.242 D/[ 7656.394933@2]  [amlcom](    0): vdec_release instance 0000000059757052, total 1
06-11 22:40:25.242 D/[ 7656.394994@2]  [media_clock](    0): the clk_hevcf_mux   clock off, ref cnt: 0
06-11 22:40:25.242 D/[ 7656.395002@2]  [media_clock](    0): the clk_hevcb_mux   clock off, ref cnt: 0
06-11 22:40:25.243 I/[ 7656.395604@2]  dim(    0): unreg:use[0]ms
06-11 22:40:25.243 I/[ 7656.395614@2]  dim(    0): di_destroy_instance:ch[2]:end
06-11 22:40:25.243 I/[ 7656.396509@2]  resman(    0): 101 release [decoder]
06-11 22:40:25.243 I/[ 7656.396521@2]  resman(    0): 101 release [codec_mm]
06-11 22:40:25.247 E/        (    0): [ 7656.399016@1]  disalbe fastplay
06-11 22:40:25.262 E/[ 7656.416207@1]  Warn(    0): TVP pool will release later.
06-11 22:40:25.262 I/        (    0): [ 7656.416218@1]  tvp_user_count is 0
06-11 22:40:25.262 I/[ 7656.416223@1]  resman(    0): 103 release [tvp]
06-11 22:40:25.483 E/[ 7656.635137@0]  Warn(    0): TVP pool will release later.
06-11 22:40:25.483 E/[ 7656.635363@0]  Warn(    0): TVP pool will release later.
06-11 22:40:25.483 E/[ 7656.635514@0]  Warn(    0): TVP pool will release later.
06-11 22:40:25.483 E/[ 7656.635626@0]  Warn(    0): TVP pool will release later.
06-11 22:40:25.483 E/[ 7656.635730@0]  Warn(    0): TVP pool will release later.
06-11 22:40:25.483 E/[ 7656.635839@0]  Warn(    0): TVP pool will release later.
06-11 22:40:25.483 E/[ 7656.635940@0]  Warn(    0): TVP pool will release later.
06-11 22:40:25.483 E/[ 7656.636042@0]  Warn(    0): TVP pool will release later.
06-11 22:40:25.483 E/[ 7656.636151@0]  Warn(    0): TVP pool will release later.
06-11 22:40:25.483 E/[ 7656.636258@0]  Warn(    0): TVP pool will release later.
06-11 22:40:25.483 E/[ 7656.636684@0]  Warn(    0): TVP pool will release later.
06-11 22:40:25.483 E/[ 7656.636693@0]  Warn(    0): TVP pool will release later.
06-11 22:40:25.483 E/[ 7656.636699@0]  Warn(    0): TVP pool will release later.
06-11 22:40:25.483 E/[ 7656.636703@0]  Warn(    0): TVP pool will release later.
06-11 22:40:25.483 E/[ 7656.636709@0]  Warn(    0): TVP pool will release later.
06-11 22:40:25.483 E/[ 7656.636714@0]  Warn(    0): TVP pool will release later.
06-11 22:40:25.483 E/[ 7656.636718@0]  Warn(    0): TVP pool will release later.
06-11 22:40:25.483 E/[ 7656.636723@0]  Warn(    0): TVP pool will release later.
06-11 22:40:25.483 E/[ 7656.636728@0]  Warn(    0): TVP pool will release later.
06-11 22:40:25.486 E/[ 7656.636732@0]  Warn(    0): TVP pool will release later.
06-11 22:40:25.486 I/[ 7656.638185@0]  vc(    0): [0]vc: set enable index=0, val=0
06-11 22:40:25.486 I/[ 7656.638210@0]  VID(    0): store VD0 path_id changed 2->-1
06-11 22:40:25.486 I/        (    0): [ 7656.638214@0]  dev->index =0, val=1
06-11 22:40:25.486 I/[ 7656.638217@0]  VID(    0): VD1 off
06-11 22:40:25.486 I/[ 7656.638222@0]  VID(    0): VD1 set global output as 0
06-11 22:40:25.486 I/        (    0): [ 7656.638240@0]  common_vf_unreg_provider video_render.0: vd1 used: true, vd2 used: false, vd3 used: false, black_out:0, cur_buf:00000000ebc7e71a
06-11 22:40:25.510 E/[ 7656.663247@1]  Warn(    0): TVP pool will release later.
06-11 22:40:25.526 E/[ 7656.677594@0]  Warn(    0): TVP pool will release later.
06-11 22:40:25.550 E/[ 7656.702192@0]  Warn(    0): TVP pool will release later.
06-11 22:40:25.590 E/[ 7656.740604@0]  Warn(    0): TVP pool will release later.
06-11 22:40:25.590 E/[ 7656.740623@0]  Warn(    0): TVP pool will release later.
06-11 22:40:25.590 I/        (    0): [ 7656.740678@0]  unprotect tvp 0 handle is 7
06-11 22:40:25.590 I/        (    0): [ 7656.742189@0]  disalbe tvp
06-11 22:40:26.432 F/linker  (13283): CANNOT LINK EXECUTABLE "/system/bin/smartcable/smartCableSTBApp": library "libmosquitto.so" not found: needed by main executable
