06-11 23:44:29.291 I/android.hardware.power-service.libperfmgr(  366): Power setBoost: INTERACTION duration: 0
06-11 23:44:29.291 D/WindowManager(  633): isKeyNeedsToPassToJioCloudPC :: NO
06-11 23:44:29.291 D/GlobalKeyManager(  633): KeyEvent { action=ACTION_DOWN, keyCode=KEYCODE_ENTER, scanCode=0, metaState=0, flags=0x0, repeatCount=0, eventTime=11500424, downTime=11500424, deviceId=-1, source=0x101, displayId=-1 }
06-11 23:44:29.291 I/libperfmgr(  366): Do Powerhint: INTERACTION
06-11 23:44:29.291 D/InputDispatcher(  633): Setting input event injection result to 0.  injectorPid=7407, injectorUid=0
06-11 23:44:29.291 D/InputDispatcher(  633): injectInputEvent - Waiting for 1 pending foreground dispatches.
06-11 23:44:29.293 D/InputDispatcher(  633): injectInputEvent - Finished with result 0. injectorPid=7407, injectorUid=0
06-11 23:44:29.296 D/InputDispatcher(  633): injectInputEvent - eventType=1, injectorPid=7407, injectorUid=0, syncMode=2, timeout=30000, policyFlags=0x08000000
06-11 23:44:29.296 D/WindowManager(  633): interceptKeyTq keycode=66 interactive=true keyguardActive=false policyFlags=2b000000
06-11 23:44:29.296 D/WindowManager(  633): CloudPC is in NOT in foreground
06-11 23:44:29.297 D/WindowManager(  633): isKeyNeedsToPassToJioCloudPC :: NO
06-11 23:44:29.297 D/WindowManager(  633): interceptKeyTi keyCode=66 down=false repeatCount=0 keyguardOn=false canceled=false
06-11 23:44:29.297 D/WindowManager(  633): CloudPC is in NOT in foreground
06-11 23:44:29.297 D/WindowManager(  633): isKeyNeedsToPassToJioCloudPC :: NO
06-11 23:44:29.297 D/GlobalKeyManager(  633): KeyEvent { action=ACTION_UP, keyCode=KEYCODE_ENTER, scanCode=0, metaState=0, flags=0x0, repeatCount=0, eventTime=11500424, downTime=11500424, deviceId=-1, source=0x101, displayId=-1 }
06-11 23:44:29.297 D/InputDispatcher(  633): Setting input event injection result to 0.  injectorPid=7407, injectorUid=0
06-11 23:44:29.297 D/InputDispatcher(  633): injectInputEvent - Waiting for 1 pending foreground dispatches.
06-11 23:44:29.300 D/InputDispatcher(  633): injectInputEvent - Finished with result 0. injectorPid=7407, injectorUid=0
06-11 23:44:29.304 I/thermal2(  367): Sending notification:  Type: CPU Name: soc_thermal CurrentValue: 63.8 ThrottlingStatus: NONE
06-11 23:44:29.306 I/system_server(  633): oneway function results will be dropped but finished with status OK and parcel size 4
06-11 23:44:29.307 I/ThermalService(  969): CPU temperatures: [63.800003]
06-11 23:44:29.311 I/appium  ( 7422): AppiumResponse: {"sessionId":"51ebbdd2-746a-4f60-aafb-c8fd0cb0c787","value":null}
06-11 23:44:29.314 D/rtk_heartbeat(  349): heartbeat_timed_out: heartbeatCmdCount = 11477, expected nextSeqNum = 11477
06-11 23:44:29.315 D/rtk_heartbeat(  349): rtkbt_heartbeat_cmpl_cback: Current SeqNum = 11477,should SeqNum=11477, status = 0
06-11 23:44:29.335 D/ltts_ip_emm(  397): LTTS_IP_DMXStartEMM[381]: parse_emm_cat_status failed
06-11 23:44:29.340 I/MediaFocusControl(  633): abandonAudioFocus() from uid/pid 10072/7490 clientId=android.media.AudioManager@354101dg2.b$a@b21e292
06-11 23:44:29.343 I/OmxComponent(  474): OMX_CommandFlush 850 Cmd 0x1 nParam1 0xffffffff
06-11 23:44:29.344 I/OmxComponent(  474): OMX.amlogic.hevc.decoder.awesome2: flush input
06-11 23:44:29.344 V/AmlogicVideoDecoderAwesome2(  474): [129]flushInput:978 >
06-11 23:44:29.344 V/OMX_WorkerPeer(  474): vendor/amlogic/common/omx/omx_framework/WorkerPeer.cpp:flushInput:57 --------------------
06-11 23:44:29.344 V/AmlogicVideoDecoderAwesome2(  474): [129]pause:333 >
06-11 23:44:29.344 V/AmlogicVideoDecoderAwesome2(  474): [129]reset:381 >
06-11 23:44:29.344 D/AmlogicVideoDecoderAwesome2(  474): [129]"reset_1"
06-11 23:44:29.344 D/VideoDecWraper(  474): reset
06-11 23:44:29.346 I/[11500.499161@3]  [amlv4l](    0): [231]: reset mode: 1, es frames buffering: 25
06-11 23:44:29.348 D/[11500.499263@3]  [h265](    0): [0]h265:pts_unstable=0
06-11 23:44:29.348 D/[11500.499270@3]  [h265](    0): [0]h265: ver (201602101,0) decinfo: 0x0 rate=3840
06-11 23:44:29.344 I/AmVideoDec(  474): [0] "reset\n"
06-11 23:44:29.344 I/VDA     (  474): [0] "Reset\n"
06-11 23:44:29.344 I/VDA     (  474): [0] "ResetTask\n"
06-11 23:44:29.344 I/VDA     (  474): [0] "FinishReset\n"
06-11 23:44:29.344 I/VDA     (  474): [0] "StopDevicePoll\n"
06-11 23:44:29.345 I/VDA     (  474): [0] "StopOutputStream output_buffer_map_.size() 12\n"
06-11 23:44:29.345 I/VDA     (  474): [0] "----stop output VIDIOC_STREAMOFF----\n"
06-11 23:44:29.359 I/VDA     (  474): [0] "Stop[0] state 3\n"
06-11 23:44:29.359 I/VDA     (  474): [0] "Stop[1] state 1\n"
06-11 23:44:29.359 I/VDA     (  474): [0] "Stop[2] state 1\n"
06-11 23:44:29.359 I/VDA     (  474): [0] "Stop[3] state 3\n"
06-11 23:44:29.359 I/VDA     (  474): [0] "Stop[4] state 3\n"
06-11 23:44:29.363 I/[11500.513660@3]  [amlv4l](    0): [231]: reset mode: 1, es frames buffering: 0
06-11 23:44:29.363 D/[11500.514154@3]  [h265](    0): [0]h265:pts_unstable=0
06-11 23:44:29.364 D/[11500.514164@3]  [h265](    0): [0]h265: ver (201602101,0) decinfo: 0x0 rate=3840
06-11 23:44:29.359 I/VDA     (  474): [0] "Stop[5] state 3\n"
06-11 23:44:29.359 I/VDA     (  474): [0] "Stop[6] state 3\n"
06-11 23:44:29.359 I/VDA     (  474): [0] "Stop[7] state 1\n"
06-11 23:44:29.359 I/VDA     (  474): [0] "Stop[8] state 1\n"
06-11 23:44:29.359 I/VDA     (  474): [0] "Stop[9] state 3\n"
06-11 23:44:29.359 I/VDA     (  474): [0] "Stop[10] state 3\n"
06-11 23:44:29.359 I/VDA     (  474): [0] "Stop[11] state 3\n"
06-11 23:44:29.359 I/VDA     (  474): [0] "StopInputStream input_streamon 1, input_buffer_map_.size 3\n"
06-11 23:44:29.362 D/stbdpc  (  397): STB_DPGetNumPaths[570]: num_paths: 1
06-11 23:44:29.369 I/VDA     (  474): [0] "----stop input VIDIOC_STREAMOFF----\n"
06-11 23:44:29.369 I/VDA     (  474): [0] "SendPictureReady\n"
06-11 23:44:29.369 I/VDA     (  474): [0] "post ResetDoneTask\n"
06-11 23:44:29.369 I/VDA     (  474): [0] "ResetDoneTask\n"
06-11 23:44:29.369 I/VDA     (  474): [0] "StartDevicePoll\n"
06-11 23:44:29.369 I/VDA     (  474): [0] "NotifyResetDone\n"
06-11 23:44:29.369 I/AmVideoDec(  474): [0] "notifyResetDone\n"
06-11 23:44:29.369 V/AmlogicVideoDecoderAwesome2(  474): [129]NotifyResetDone:2116 >
06-11 23:44:29.370 D/AmlogicVideoDecoderAwesome2(  474): [129]"reset_2"
06-11 23:44:29.370 V/AmlogicVideoDecoderAwesome2(  474): [129]start:341 >
06-11 23:44:29.370 E/ThreadWorker(  474): pthread on exit wait clean
06-11 23:44:29.370 D/AmlogicVideoDecoderAwesome2(  474): [129]"mVideo start\n"
06-11 23:44:29.370 V/AmlogicVideoDecoderAwesome2(  474): [129]flushInput:1018 >
06-11 23:44:29.370 I/OmxComponent(  474): OMX.amlogic.hevc.decoder.awesome2: flush output
06-11 23:44:29.370 V/AmlogicVideoDecoderAwesome2(  474): [129]flushOutput:1021 >
06-11 23:44:29.370 D/AmlogicVideoDecoderAwesome2(  474): [129]"__flushOutput__fillBufferDone:1 0xf23d3ff0\n"
06-11 23:44:29.370 D/AmlogicVideoDecoderAwesome2(  474): [129]"__flushOutput__fillBufferDone:2 0xf23d3fa0\n"
06-11 23:44:29.370 D/AmlogicVideoDecoderAwesome2(  474): [129]"__flushOutput__fillBufferDone:7 0xf23d3f00\n"
06-11 23:44:29.370 D/AmlogicVideoDecoderAwesome2(  474): [129]"__flushOutput__fillBufferDone:8 0xf23d3eb0\n"
06-11 23:44:29.370 V/AmlogicVideoDecoderAwesome2(  474): [129]flushOutput:1098 >
06-11 23:44:29.371 V/OMX_WorkerPeer(  474): vendor/amlogic/common/omx/omx_framework/WorkerPeer.cpp:runWorkerStatic:155 --------------------
06-11 23:44:29.371 V/OMX_WorkerPeer(  474): vendor/amlogic/common/omx/omx_framework/WorkerPeer.cpp:runWorker:161 --------------------
06-11 23:44:29.371 I/VDA     (  474): [0] "----enqueue output STREAMON----\n"
06-11 23:44:29.373 D/CCodecBuffers( 7490): [c2.android.aac.decoder#436:1D-Output.Impl[N]] Client returned a buffer it does not own according to our record: 0
06-11 23:44:29.373 I/CCodecConfig( 7490): query failed after returning 19 values (BAD_INDEX)
06-11 23:44:29.373 D/CCodecConfig( 7490): c2 config diff is   c2::i32 coding.drc.compression-mode.value = 3
06-11 23:44:29.375 W/Codec2Client( 7490): query -- param skipped: index = 1342179345.
06-11 23:44:29.375 W/Codec2Client( 7490): query -- param skipped: index = 2415921170.
06-11 23:44:29.375 W/Codec2Client( 7490): query -- param skipped: index = 1610614798.
06-11 23:44:29.378 D/SurfaceUtils( 7490): connecting to surface 0xb8950008, reason connectToSurface
06-11 23:44:29.378 I/MediaCodec( 7490): [OMX.amlogic.hevc.decoder.awesome2] setting surface generation to 7669763
06-11 23:44:29.378 D/SurfaceUtils( 7490): disconnecting from surface 0xb8950008, reason connectToSurface(reconnect)
06-11 23:44:29.378 D/SurfaceUtils( 7490): connecting to surface 0xb8950008, reason connectToSurface(reconnect)
06-11 23:44:29.378 V/OmxVideoDecoder(  474): updatePort mUseNativeBuffers 1
06-11 23:44:29.379 V/OmxVideoDecoder(  474): nWidth=1920,nHeight=1080, nMinbufs=0
06-11 23:44:29.379 I/OmxVideoDecoder(  474): getParameter Component Name OMX.amlogic.hevc.decoder.awesome2, width 1920, height 1080 nBufferCountMin:8
06-11 23:44:29.379 D/OmxComponent(  474): getExtensionIndex 1237 name="OMX.google.android.index.AndroidNativeBufferConsumerUsage"
06-11 23:44:29.379 D/OmxVideoDecoder(  474): setParameter 1599 0x7f00000b
06-11 23:44:29.380 D/OmxVideoDecoder(  474): OMX_GoogleAndroidIndexAndroidNativeBufferConsumerUsage 0x900
06-11 23:44:29.380 D/OmxComponent(  474): getExtensionIndex 1237 name="OMX.google.android.index.getAndroidNativeBufferUsage"
06-11 23:44:29.380 D/OmxVideoDecoder(  474): Get NativeBufferUsage 0xc00200
06-11 23:44:29.380 D/SurfaceUtils( 7490): set up nativeWindow 0xb8950008 for 1920x1080, color 0x11, rotation 0, usage 0xc02b00
06-11 23:44:29.380 D/SurfaceUtils( 7490): disconnecting from surface 0xbe5a3408, reason disconnectFromSurface
06-11 23:44:29.381 E/Surface ( 7490): freeAllBuffers: 8 buffers were freed while being dequeued!
06-11 23:44:29.382 I/OmxComponent(  474): OMX_CommandStateSet 850 Cmd 0 nParam1 0x2
06-11 23:44:29.382 I/OmxComponent(  474): OMX-137 STATE_SET:   OMX_StateExecuting => OMX_StateIdle : OMX.amlogic.hevc.decoder.awesome2
06-11 23:44:29.382 I/OmxComponent(  474): OMX.amlogic.hevc.decoder.awesome2: flush input
06-11 23:44:29.382 V/AmlogicVideoDecoderAwesome2(  474): [129]flushInput:978 >
06-11 23:44:29.382 V/OMX_WorkerPeer(  474): vendor/amlogic/common/omx/omx_framework/WorkerPeer.cpp:flushInput:57 --------------------
06-11 23:44:29.382 V/AmlogicVideoDecoderAwesome2(  474): [129]pause:333 >
06-11 23:44:29.382 V/AmlogicVideoDecoderAwesome2(  474): [129]reset:381 >
06-11 23:44:29.382 D/AmlogicVideoDecoderAwesome2(  474): [129]"reset_1"
06-11 23:44:29.382 D/VideoDecWraper(  474): reset
06-11 23:44:29.382 I/AmVideoDec(  474): [0] "reset\n"
06-11 23:44:29.382 I/VDA     (  474): [0] "Reset\n"
06-11 23:44:29.384 D/CCodecBufferChannel( 7490): [c2.android.aac.decoder#436] MediaCodec discarded an unknown buffer
06-11 23:44:29.395 I/[11500.544602@2]  dim(    0): unreg:2keep[0], msk:[0x0,0x0]
06-11 23:44:29.387 D/CCodecBufferChannel( 7490): [c2.android.aac.decoder#436] MediaCodec discarded an unknown buffer
06-11 23:44:29.392 D/JioStbInactivityTimer(  926): Timer: count 65 warningTimeout:10680 timeout:10800
06-11 23:44:29.392 D/JioStbInactivityTimer(  926): isUserActive: Curr:11434392 Prev:11434392
06-11 23:44:29.402 D/CCodecBufferChannel( 7490): [c2.android.aac.decoder#436] MediaCodec discarded an unknown buffer
06-11 23:44:29.402 I/[11500.554706@2]  vpu(    0): vpu: vpu_dev_clk_gate_off: unsupport vpu mod: 72
06-11 23:44:29.403 D/CCodecBufferChannel( 7490): [c2.android.aac.decoder#436] MediaCodec discarded an unknown buffer
06-11 23:44:29.404 I/hw-BpHwBinder( 7490): onLastStrongRef automatically unlinking death recipients
06-11 23:44:29.404 I/hw-BpHwBinder(  477): onLastStrongRef automatically unlinking death recipients
06-11 23:44:29.406 I/[11500.557257@0]  dim(    0): unreg:use[30]ms
06-11 23:44:29.406 I/[11500.557271@0]  dim(    0): di_destroy_instance:ch[2]:end
06-11 23:44:29.406 I/[11500.557896@0]  dim(    0): reg:use[0]ms
06-11 23:44:29.406 I/[11500.557926@0]  dim(    0): create:ch[2],tmode[3]
06-11 23:44:29.406 I/[11500.557929@0]  dim(    0): out:0x80000000
06-11 23:44:29.405 V/C2Store (  477): in ~ComponentModule
06-11 23:44:29.405 V/C2Store (  477): unloading dll
06-11 23:44:29.407 I/VDA     (  474): [0] "ResetTask\n"
06-11 23:44:29.407 I/VDA     (  474): [0] "FinishReset\n"
06-11 23:44:29.407 I/VDA     (  474): [0] "StopDevicePoll\n"
06-11 23:44:29.408 I/VDA     (  474): [0] "StopOutputStream output_buffer_map_.size() 12\n"
06-11 23:44:29.408 I/VDA     (  474): [0] "----stop output VIDIOC_STREAMOFF----\n"
06-11 23:44:29.410 I/[11500.562022@0]  [amlv4l](    0): [231]: reset mode: 1, es frames buffering: 0
06-11 23:44:29.410 D/[11500.563494@0]  [h265](    0): [0]h265:pts_unstable=0
06-11 23:44:29.410 D/[11500.563506@0]  [h265](    0): [0]h265: ver (201602101,0) decinfo: 0x0 rate=3840
06-11 23:44:29.419 I/ExoPlayerImpl( 7490): Release 1acc63a [ExoPlayerLib/2.16.1] [MSTB, JMSB200A, Jio, 30] [goog.exo.core, goog.exo.decoder, goog.exo.exoplayer, goog.exo.dash, goog.exo.okhttp, goog.exo.datasource, goog.exo.extractor]
06-11 23:44:29.423 I/[11500.574110@3]  [amlv4l](    0): [231]: reset mode: 1, es frames buffering: 0
06-11 23:44:29.423 D/[11500.574195@3]  [h265](    0): [0]h265:pts_unstable=0
06-11 23:44:29.423 D/[11500.574203@3]  [h265](    0): [0]h265: ver (201602101,0) decinfo: 0x0 rate=3840
06-11 23:44:29.428 I/VDA     (  474): [0] "Stop[0] state 3\n"
06-11 23:44:29.428 I/VDA     (  474): [0] "Stop[1] state 1\n"
06-11 23:44:29.450 I/[11500.602180@0]  [amlv4l](    0): [231]: reset mode: 1, es frames buffering: 0
06-11 23:44:29.450 D/[11500.602256@0]  [h265](    0): [0]h265:pts_unstable=0
06-11 23:44:29.451 D/[11500.602261@0]  [h265](    0): [0]h265: ver (201602101,0) decinfo: 0x0 rate=3840
06-11 23:44:29.428 I/VDA     (  474): [0] "Stop[2] state 1\n"
06-11 23:44:29.428 I/VDA     (  474): [0] "Stop[3] state 1\n"
06-11 23:44:29.428 I/VDA     (  474): [0] "Stop[4] state 1\n"
06-11 23:44:29.428 I/VDA     (  474): [0] "Stop[5] state 1\n"
06-11 23:44:29.428 I/VDA     (  474): [0] "Stop[6] state 1\n"
06-11 23:44:29.429 I/VDA     (  474): [0] "Stop[7] state 1\n"
06-11 23:44:29.429 I/VDA     (  474): [0] "Stop[8] state 1\n"
06-11 23:44:29.429 I/VDA     (  474): [0] "Stop[9] state 3\n"
06-11 23:44:29.429 I/VDA     (  474): [0] "Stop[10] state 3\n"
06-11 23:44:29.429 I/VDA     (  474): [0] "Stop[11] state 3\n"
06-11 23:44:29.429 I/VDA     (  474): [0] "StopInputStream input_streamon 0, input_buffer_map_.size 3\n"
06-11 23:44:29.429 I/VDA     (  474): [0] "SendPictureReady\n"
06-11 23:44:29.429 I/VDA     (  474): [0] "post ResetDoneTask\n"
06-11 23:44:29.429 I/VDA     (  474): [0] "ResetDoneTask\n"
06-11 23:44:29.429 I/VDA     (  474): [0] "StartDevicePoll\n"
06-11 23:44:29.429 I/VDA     (  474): [0] "NotifyResetDone\n"
06-11 23:44:29.429 I/AmVideoDec(  474): [0] "notifyResetDone\n"
06-11 23:44:29.429 V/AmlogicVideoDecoderAwesome2(  474): [129]NotifyResetDone:2116 >
06-11 23:44:29.429 D/AmlogicVideoDecoderAwesome2(  474): [129]"reset_2"
06-11 23:44:29.429 V/AmlogicVideoDecoderAwesome2(  474): [129]start:341 >
06-11 23:44:29.429 E/ThreadWorker(  474): pthread on exit wait clean
06-11 23:44:29.429 D/AmlogicVideoDecoderAwesome2(  474): [129]"mVideo start\n"
06-11 23:44:29.430 V/AmlogicVideoDecoderAwesome2(  474): [129]flushInput:1018 >
06-11 23:44:29.430 I/OmxComponent(  474): OMX.amlogic.hevc.decoder.awesome2: flush output
06-11 23:44:29.430 V/AmlogicVideoDecoderAwesome2(  474): [129]flushOutput:1021 >
06-11 23:44:29.430 D/AmlogicVideoDecoderAwesome2(  474): [129]"__flushOutput__fillBufferDone:1 0xf23d3ff0\n"
06-11 23:44:29.430 D/AmlogicVideoDecoderAwesome2(  474): [129]"__flushOutput__fillBufferDone:2 0xf23d3fa0\n"
06-11 23:44:29.430 D/AmlogicVideoDecoderAwesome2(  474): [129]"__flushOutput__fillBufferDone:3 0xf23d3e60\n"
06-11 23:44:29.430 D/AmlogicVideoDecoderAwesome2(  474): [129]"__flushOutput__fillBufferDone:4 0xf23d3dc0\n"
06-11 23:44:29.430 D/AmlogicVideoDecoderAwesome2(  474): [129]"__flushOutput__fillBufferDone:5 0xf23d3e10\n"
06-11 23:44:29.430 D/AmlogicVideoDecoderAwesome2(  474): [129]"__flushOutput__fillBufferDone:6 0xf23d3f50\n"
06-11 23:44:29.430 D/AmlogicVideoDecoderAwesome2(  474): [129]"__flushOutput__fillBufferDone:7 0xf23d3f00\n"
06-11 23:44:29.430 D/AmlogicVideoDecoderAwesome2(  474): [129]"__flushOutput__fillBufferDone:8 0xf23d3eb0\n"
06-11 23:44:29.430 V/AmlogicVideoDecoderAwesome2(  474): [129]flushOutput:1098 >
06-11 23:44:29.430 D/AmlogicVideoDecoderAwesome2(  474): [129]"mVideo stop\n"
06-11 23:44:29.430 V/AmlogicVideoDecoderAwesome2(  474): [129]stop:366 >
06-11 23:44:29.436 V/OMX_WorkerPeer(  474): vendor/amlogic/common/omx/omx_framework/WorkerPeer.cpp:runWorkerStatic:155 --------------------
06-11 23:44:29.436 V/OMX_WorkerPeer(  474): vendor/amlogic/common/omx/omx_framework/WorkerPeer.cpp:runWorker:161 --------------------
06-11 23:44:29.436 I/OmxComponent(  474): OMX-137 STATE_TRANS: OMX_StateExecuting => OMX_StateIdle : OMX.amlogic.hevc.decoder.awesome2
06-11 23:44:29.436 I/OmxComponent(  474): STATE_DONE:  OMX_StateExecuting => OMX_StateIdle : OMX.amlogic.hevc.decoder.awesome2
06-11 23:44:29.437 I/OmxComponent(  474): OMX_CommandStateSet 850 Cmd 0 nParam1 0x1
06-11 23:44:29.437 I/OmxComponent(  474): OMX-137 STATE_SET:   OMX_StateIdle => OMX_StateLoaded : OMX.amlogic.hevc.decoder.awesome2
06-11 23:44:29.437 V/AmlogicVideoDecoderAwesome2(  474): [129]releaseResources:443 >
06-11 23:44:29.437 V/AmlogicVideoDecoderAwesome2(  474): [129]tearDown:802 >
06-11 23:44:29.437 V/AmlogicVideoDecoderAwesome2(  474): [129]tearDown:1563 >
06-11 23:44:29.437 V/AmlogicVideoDecoderAwesome2(  474): [129]initializeState_l:1611 >
06-11 23:44:29.437 D/VideoDecWraper(  474): destroy
06-11 23:44:29.437 I/VDA     (  474): [0] "Destroy"
06-11 23:44:29.437 I/VDA     (  474): [0] "DestroyTask(): IN[0,0], OUT[0,0,0] DEC[0->0] => DEVICE[3+0/3->0+0/12] => CLIENT[9]\n"
06-11 23:44:29.437 I/VDA     (  474): [0] "StopDevicePoll\n"
06-11 23:44:29.438 I/VDA     (  474): [0] "StopInputStream input_streamon 0, input_buffer_map_.size 3\n"
06-11 23:44:29.438 I/VDA     (  474): [0] "DestroyInputBuffers\n"
06-11 23:44:29.462 D/[11500.613248@1]  [amlcom](    0): vdec_release instance 0000000058f9e5ff, total 1
06-11 23:44:29.462 D/[11500.613398@1]  [media_clock](    0): the clk_hevcf_mux   clock off, ref cnt: 0
06-11 23:44:29.462 D/[11500.613412@1]  [media_clock](    0): the clk_hevcb_mux   clock off, ref cnt: 0
06-11 23:44:29.462 I/[11500.615139@3]  dim(    0): unreg:use[1]ms
06-11 23:44:29.463 I/[11500.615151@3]  dim(    0): di_destroy_instance:ch[2]:end
06-11 23:44:29.463 I/[11500.616044@3]  resman(    0): 163 release [decoder]
06-11 23:44:29.463 I/[11500.616055@3]  resman(    0): 163 release [codec_mm]
06-11 23:44:29.467 E/        (    0): [11500.618550@2]  disalbe fastplay
06-11 23:44:29.462 D/VideoDecWraper(  474): ~VideoDecWraper
06-11 23:44:29.462 I/AmVideoDec(  474): [0] "~AmVideoDec IN[34:34] OUT[17:5]\n"
06-11 23:44:29.462 D/OmxResManage(  474): Release fd = 12
06-11 23:44:29.462 D/resman  (  474): release all, fd:12
06-11 23:44:29.462 I/OmxComponent(  474): OMX-137 STATE_TRANS: OMX_StateIdle => OMX_StateLoaded : OMX.amlogic.hevc.decoder.awesome2
06-11 23:44:29.462 I/OmxComponent(  474): STATE_DONE:  OMX_StateIdle => OMX_StateLoaded : OMX.amlogic.hevc.decoder.awesome2
06-11 23:44:29.462 D/stbdpc  (  397): STB_DPGetNumPaths[570]: num_paths: 1
06-11 23:44:29.464 D/OmxComponentManagerImpl(  474): DecreaseEntryNumByName pEntry->mNum=1, pEntry->mMaxNum:9,componentName:OMX.amlogic.hevc.decoder.awesome2
06-11 23:44:29.464 I/omx_core(  474): OMX_freeHandle_num_= 0
06-11 23:44:29.464 D/OmxVideoDecoder(  474): ~OmxVideoDecoder===pSidebandWindow:0x0
06-11 23:44:29.464 D/AmlogicVideoPassthrough(  474): [1]"~AmlogicVideoPassthrough"
06-11 23:44:29.464 D/AmlogicVideoPassthrough(  474): [0]"~AmlogicVideoPassthrough, mOmxInstancenum 0"
06-11 23:44:29.464 D/OmxComponent(  474): ~OmxComponent 281 : OMX.amlogic.hevc.decoder.awesome2
06-11 23:44:29.464 I/AmlogicVideoDecoderAwesome2(  474): [129]"~AmlogicVideoDecoderAwesome2"
06-11 23:44:29.464 D/AmlogicVideoDecoderAwesome2(  474): [129]"~AmlogicVideoDecoder2"
06-11 23:44:29.464 D/AmlogicVideoDecoderAwesome2(  474): [129]"~AmlogicVideoDecoder2, mOmxInstancenum 0"
06-11 23:44:29.464 D/OmxResManage(  474): ~ResManWrapper fd = 12
06-11 23:44:29.465 D/resman  (  474): release all resource, fd = 12
06-11 23:44:29.465 D/SurfaceUtils( 7490): disconnecting from surface 0xb8950008, reason disconnectFromSurface
06-11 23:44:29.505 I/remote.receive( 3589): Background concurrent copying GC freed 31167(3364KB) AllocSpace objects, 46(1672KB) LOS objects, 49% free, 4925KB/9851KB, paused 89us total 105.185ms
06-11 23:44:29.506 W/SoundPool( 7490): Use of stream types is deprecated for operations other than volume control
06-11 23:44:29.506 W/SoundPool( 7490): See the documentation of SoundPool() for what to use instead with android.media.AudioAttributes to qualify your playback use case
06-11 23:44:29.508 I/appium  ( 7422): channel read: POST /session/51ebbdd2-746a-4f60-aafb-c8fd0cb0c787/element
06-11 23:44:29.511 I/appium  ( 7422): FindElement command
06-11 23:44:29.514 I/appium  ( 7422): method: 'xpath', selector: '//android.widget.EditText[@resource-id='in.startv.hotstar:id/search_bar']'
06-11 23:44:29.515 I/appium  ( 7422): Waiting up to 10000ms for the device to idle
06-11 23:44:29.520 I/AmFFmpegExtractor(  447): checkInList: isw:0, m:audio/ogg, t:1, i:86021 t:0
06-11 23:44:29.520 I/AmFFmpegExtractor(  447): checkInList: isw:0, m:audio/ogg, t:1, i:86021 t:0
06-11 23:44:29.520 I/AmFFmpegExtractor(  447): checkInList: isw:1, m:audio/ogg, t:1, i:86021 t:0
06-11 23:44:29.520 I/AmFFmpegExtractor(  447): checkInList: isw:1, m:audio/ogg, t:1, i:86021 t:0
06-11 23:44:29.520 E/AmFFmpegExtractor(  447): codec_ctx->properties: 0
06-11 23:44:29.520 E/AmFFmpegExtractor(  447): codec_ctx->properties: 0
06-11 23:44:29.520 I/AmFFmpegExtractor(  447): checkSupportInList ret 1
06-11 23:44:29.520 I/AmFFmpegExtractor(  447): checkSupportInList ret 1
06-11 23:44:29.536 I/AmFFmpegExtractor(  447): checkInList: isw:0, m:audio/ogg, t:1, i:86021 t:0
06-11 23:44:29.536 I/AmFFmpegExtractor(  447): checkInList: isw:1, m:audio/ogg, t:1, i:86021 t:0
06-11 23:44:29.536 E/AmFFmpegExtractor(  447): codec_ctx->properties: 0
06-11 23:44:29.536 I/AmFFmpegExtractor(  447): checkSupportInList ret 0
06-11 23:44:29.536 I/AmFFmpegExtractor(  447): checkInList: isw:0, m:audio/ogg, t:1, i:86021 t:0
06-11 23:44:29.536 I/AmFFmpegExtractor(  447): checkInList: isw:1, m:audio/ogg, t:1, i:86021 t:0
06-11 23:44:29.536 E/AmFFmpegExtractor(  447): vendor do not support
06-11 23:44:29.536 E/AmFFmpegExtractor(  447): codec_ctx->properties: 0
06-11 23:44:29.536 I/AmFFmpegExtractor(  447): checkSupportInList ret 0
06-11 23:44:29.537 E/AmFFmpegExtractor(  447): vendor do not support
06-11 23:44:29.551 E/Utils   (  447): did not find channel-count and/or sample-rate
06-11 23:44:29.552 E/Utils   (  447): did not find channel-count and/or sample-rate
06-11 23:44:29.553 I/AmAVUtils( 7490): set profile 0 level:0
06-11 23:44:29.557 I/AmAVUtils( 7490): set profile 0 level:0
06-11 23:44:29.559 D/CCodec  ( 7490): allocate(c2.android.vorbis.decoder)
06-11 23:44:29.559 V/C2Store (  477): in init
06-11 23:44:29.559 V/C2Store (  477): loading dll
06-11 23:44:29.562 D/stbdpc  (  397): STB_DPGetNumPaths[570]: num_paths: 1
06-11 23:44:29.563 D/CCodec  ( 7490): allocate(c2.android.vorbis.decoder)
06-11 23:44:29.566 W/APM::AudioPolicyEngine(  387): getDevicesForStrategy() unknown strategy: -1
06-11 23:44:29.568 I/CCodec  ( 7490): Created component [c2.android.vorbis.decoder]
06-11 23:44:29.568 I/CCodec  ( 7490): Created component [c2.android.vorbis.decoder]
06-11 23:44:29.568 I/system_server(  633): oneway function results will be dropped but finished with status OK and parcel size 4
06-11 23:44:29.569 D/CCodecConfig( 7490): read media type: audio/vorbis
06-11 23:44:29.569 D/CCodecConfig( 7490): read media type: audio/vorbis
06-11 23:44:29.572 D/ReflectedParamUpdater( 7490): extent() != 1 for single value type: algo.buffers.max-count.values
06-11 23:44:29.573 D/ReflectedParamUpdater( 7490): extent() != 1 for single value type: output.subscribed-indices.values
06-11 23:44:29.573 D/ReflectedParamUpdater( 7490): extent() != 1 for single value type: input.buffers.allocator-ids.values
06-11 23:44:29.573 D/ReflectedParamUpdater( 7490): extent() != 1 for single value type: algo.buffers.max-count.values
06-11 23:44:29.573 D/ReflectedParamUpdater( 7490): extent() != 1 for single value type: output.buffers.allocator-ids.values
06-11 23:44:29.573 D/ReflectedParamUpdater( 7490): extent() != 1 for single value type: algo.buffers.allocator-ids.values
06-11 23:44:29.573 D/ReflectedParamUpdater( 7490): extent() != 1 for single value type: output.buffers.pool-ids.values
06-11 23:44:29.573 D/ReflectedParamUpdater( 7490): extent() != 1 for single value type: output.subscribed-indices.values
06-11 23:44:29.573 D/ReflectedParamUpdater( 7490): extent() != 1 for single value type: algo.buffers.pool-ids.values
06-11 23:44:29.574 D/ReflectedParamUpdater( 7490): extent() != 1 for single value type: input.buffers.allocator-ids.values
06-11 23:44:29.574 D/ReflectedParamUpdater( 7490): extent() != 1 for single value type: output.buffers.allocator-ids.values
06-11 23:44:29.576 D/ReflectedParamUpdater( 7490): extent() != 1 for single value type: algo.buffers.allocator-ids.values
06-11 23:44:29.576 I/CCodecConfig( 7490): query failed after returning 7 values (BAD_INDEX)
06-11 23:44:29.576 D/ReflectedParamUpdater( 7490): extent() != 1 for single value type: output.buffers.pool-ids.values
06-11 23:44:29.576 D/CCodecConfig( 7490): c2 config diff is Dict {
06-11 23:44:29.576 D/CCodecConfig( 7490):   c2::u32 coded.bitrate.value = 64000
06-11 23:44:29.576 D/CCodecConfig( 7490):   c2::u32 input.buffers.max-size.value = 32768
06-11 23:44:29.576 D/CCodecConfig( 7490):   c2::u32 input.delay.value = 0
06-11 23:44:29.576 D/CCodecConfig( 7490):   string input.media-type.value = "audio/vorbis"
06-11 23:44:29.576 D/CCodecConfig( 7490):   string output.media-type.value = "audio/raw"
06-11 23:44:29.576 D/CCodecConfig( 7490):   c2::u32 raw.channel-count.value = 1
06-11 23:44:29.576 D/CCodecConfig( 7490):   c2::u32 raw.sample-rate.value = 48000
06-11 23:44:29.576 D/CCodecConfig( 7490): }
06-11 23:44:29.576 D/ReflectedParamUpdater( 7490): extent() != 1 for single value type: algo.buffers.pool-ids.values
06-11 23:44:29.578 D/CCodec  ( 7490): [c2.android.vorbis.decoder] buffers are bound to CCodec for this session
06-11 23:44:29.578 D/CCodecConfig( 7490): no c2 equivalents for durationUs
06-11 23:44:29.578 D/CCodecConfig( 7490): no c2 equivalents for track-id
06-11 23:44:29.578 D/CCodecConfig( 7490): no c2 equivalents for csd-1
06-11 23:44:29.578 D/CCodecConfig( 7490): no c2 equivalents for channel-mask
06-11 23:44:29.578 D/CCodecConfig( 7490): no c2 equivalents for flags
06-11 23:44:29.578 I/CCodecConfig( 7490): query failed after returning 7 values (BAD_INDEX)
06-11 23:44:29.578 D/CCodecConfig( 7490): c2 config diff is Dict {
06-11 23:44:29.578 D/CCodecConfig( 7490):   c2::u32 coded.bitrate.value = 64000
06-11 23:44:29.578 D/CCodecConfig( 7490):   c2::u32 input.buffers.max-size.value = 32768
06-11 23:44:29.578 D/CCodecConfig( 7490):   c2::u32 input.delay.value = 0
06-11 23:44:29.578 D/CCodecConfig( 7490):   string input.media-type.value = "audio/vorbis"
06-11 23:44:29.578 D/CCodecConfig( 7490):   string output.media-type.value = "audio/raw"
06-11 23:44:29.578 D/CCodecConfig( 7490):   c2::u32 raw.channel-count.value = 1
06-11 23:44:29.578 D/CCodecConfig( 7490):   c2::u32 raw.sample-rate.value = 48000
06-11 23:44:29.578 D/CCodecConfig( 7490): }
06-11 23:44:29.578 D/CCodecConfig( 7490): c2 config diff is   c2::u32 raw.sample-rate.value = 16000
06-11 23:44:29.580 W/Codec2Client( 7490): query -- param skipped: index = 1107298332.
06-11 23:44:29.580 D/CCodec  ( 7490): [c2.android.vorbis.decoder] buffers are bound to CCodec for this session
06-11 23:44:29.580 D/CCodec  ( 7490): setup formats input: AMessage(what = 0x00000000) = {
06-11 23:44:29.580 D/CCodec  ( 7490):   int32_t channel-count = 1
06-11 23:44:29.580 D/CCodec  ( 7490):   int32_t max-input-size = 32768
06-11 23:44:29.580 D/CCodec  ( 7490):   string mime = "audio/vorbis"
06-11 23:44:29.580 D/CCodec  ( 7490):   int32_t sample-rate = 16000
06-11 23:44:29.580 D/CCodec  ( 7490): } and output: AMessage(what = 0x00000000) = {
06-11 23:44:29.580 D/CCodec  ( 7490):   int32_t channel-count = 1
06-11 23:44:29.580 D/CCodec  ( 7490):   string mime = "audio/raw"
06-11 23:44:29.580 D/CCodec  ( 7490):   int32_t sample-rate = 16000
06-11 23:44:29.580 D/CCodec  ( 7490):   int32_t channel-mask = 1
06-11 23:44:29.580 D/CCodec  ( 7490): }
06-11 23:44:29.580 D/CCodecConfig( 7490): no c2 equivalents for durationUs
06-11 23:44:29.580 D/CCodecConfig( 7490): no c2 equivalents for track-id
06-11 23:44:29.580 D/CCodecConfig( 7490): no c2 equivalents for csd-1
06-11 23:44:29.580 D/CCodecConfig( 7490): no c2 equivalents for channel-mask
06-11 23:44:29.580 D/CCodecConfig( 7490): no c2 equivalents for flags
06-11 23:44:29.581 D/CCodecConfig( 7490): c2 config diff is   c2::u32 raw.sample-rate.value = 16000
06-11 23:44:29.582 W/Codec2Client( 7490): query -- param skipped: index = 1342179345.
06-11 23:44:29.582 W/Codec2Client( 7490): query -- param skipped: index = 2415921170.
06-11 23:44:29.583 E/FMQ     ( 7490): grantorIdx must be less than 3
06-11 23:44:29.583 W/Codec2Client( 7490): query -- param skipped: index = 1107298332.
06-11 23:44:29.583 E/FMQ     ( 7490): grantorIdx must be less than 3
06-11 23:44:29.583 D/CCodec  ( 7490): setup formats input: AMessage(what = 0x00000000) = {
06-11 23:44:29.583 D/CCodec  ( 7490):   int32_t channel-count = 1
06-11 23:44:29.583 D/CCodec  ( 7490):   int32_t max-input-size = 32768
06-11 23:44:29.583 D/CCodec  ( 7490):   string mime = "audio/vorbis"
06-11 23:44:29.583 D/CCodec  ( 7490):   int32_t sample-rate = 16000
06-11 23:44:29.583 D/CCodec  ( 7490): } and output: AMessage(what = 0x00000000) = {
06-11 23:44:29.583 D/CCodec  ( 7490):   int32_t channel-count = 1
06-11 23:44:29.583 D/CCodec  ( 7490):   string mime = "audio/raw"
06-11 23:44:29.583 D/CCodec  ( 7490):   int32_t sample-rate = 16000
06-11 23:44:29.583 D/CCodec  ( 7490):   int32_t channel-mask = 1
06-11 23:44:29.583 D/CCodec  ( 7490): }
06-11 23:44:29.583 D/CCodecBufferChannel( 7490): [c2.android.vorbis.decoder#577] Created input block pool with allocatorID 16 => poolID 19 - OK (0)
06-11 23:44:29.584 W/Codec2Client( 7490): query -- param skipped: index = 1342179345.
06-11 23:44:29.584 W/Codec2Client( 7490): query -- param skipped: index = 2415921170.
06-11 23:44:29.584 E/FMQ     (  477): grantorIdx must be less than 3
06-11 23:44:29.585 E/FMQ     (  477): grantorIdx must be less than 3
06-11 23:44:29.585 E/FMQ     ( 7490): grantorIdx must be less than 3
06-11 23:44:29.585 E/FMQ     ( 7490): grantorIdx must be less than 3
06-11 23:44:29.585 D/CCodecBufferChannel( 7490): [c2.android.vorbis.decoder#529] Created input block pool with allocatorID 16 => poolID 20 - OK (0)
06-11 23:44:29.585 I/CCodecBufferChannel( 7490): [c2.android.vorbis.decoder#577] Created output block pool with allocatorID 16 => poolID 301 - OK
06-11 23:44:29.585 D/CCodecBufferChannel( 7490): [c2.android.vorbis.decoder#577] Configured output block pool ids 301 => OK
06-11 23:44:29.586 E/FMQ     (  477): grantorIdx must be less than 3
06-11 23:44:29.586 E/FMQ     (  477): grantorIdx must be less than 3
06-11 23:44:29.588 I/CCodecBufferChannel( 7490): [c2.android.vorbis.decoder#529] Created output block pool with allocatorID 16 => poolID 302 - OK
06-11 23:44:29.588 D/SimpleC2Component(  477): Using output block pool with poolID 301 => got 301 - 0
06-11 23:44:29.588 D/CCodecBufferChannel( 7490): [c2.android.vorbis.decoder#529] Configured output block pool ids 302 => OK
06-11 23:44:29.590 D/SimpleC2Component(  477): Using output block pool with poolID 302 => got 302 - 0
06-11 23:44:29.590 E/FMQ     ( 7490): grantorIdx must be less than 3
06-11 23:44:29.590 E/FMQ     (  477): grantorIdx must be less than 3
06-11 23:44:29.592 E/FMQ     ( 7490): grantorIdx must be less than 3
06-11 23:44:29.592 E/FMQ     (  477): grantorIdx must be less than 3
06-11 23:44:29.606 E/FMQ     (  477): grantorIdx must be less than 3
06-11 23:44:29.607 E/FMQ     ( 7490): grantorIdx must be less than 3
06-11 23:44:29.607 E/FMQ     (  477): grantorIdx must be less than 3
06-11 23:44:29.608 E/FMQ     ( 7490): grantorIdx must be less than 3
06-11 23:44:29.609 D/CCodecBuffers( 7490): [c2.android.vorbis.decoder#529:Output[N]] popFromStashAndRegister: output format changed to AMessage(what = 0x00000000) = {
06-11 23:44:29.609 D/CCodecBuffers( 7490):   int32_t channel-count = 1
06-11 23:44:29.609 D/CCodecBuffers( 7490):   string mime = "audio/raw"
06-11 23:44:29.609 D/CCodecBuffers( 7490):   int32_t sample-rate = 16000
06-11 23:44:29.609 D/CCodecBuffers( 7490):   int32_t channel-mask = 1
06-11 23:44:29.609 D/CCodecBuffers( 7490): }
06-11 23:44:29.612 D/CCodecBuffers( 7490): [c2.android.vorbis.decoder#577:Output[N]] popFromStashAndRegister: output format changed to AMessage(what = 0x00000000) = {
06-11 23:44:29.612 D/CCodecBuffers( 7490):   int32_t channel-count = 1
06-11 23:44:29.612 D/CCodecBuffers( 7490):   string mime = "audio/raw"
06-11 23:44:29.612 D/CCodecBuffers( 7490):   int32_t sample-rate = 16000
06-11 23:44:29.612 D/CCodecBuffers( 7490):   int32_t channel-mask = 1
06-11 23:44:29.612 D/CCodecBuffers( 7490): }
06-11 23:44:29.632 D/CCodecBufferChannel( 7490): [c2.android.vorbis.decoder#529] MediaCodec discarded an unknown buffer
06-11 23:44:29.632 I/chatty  ( 7490): uid=10072(in.startv.hotstar) identical 1 line
06-11 23:44:29.632 D/CCodecBufferChannel( 7490): [c2.android.vorbis.decoder#529] MediaCodec discarded an unknown buffer
06-11 23:44:29.635 I/hw-BpHwBinder( 7490): onLastStrongRef automatically unlinking death recipients
06-11 23:44:29.644 V/DigitalSignage(  633): Package Name: null
06-11 23:44:29.644 V/DigitalSignage(  633): Left: 0
06-11 23:44:29.644 V/DigitalSignage(  633): Right: 0
06-11 23:44:29.644 V/DigitalSignage(  633): Top: 0
06-11 23:44:29.644 V/DigitalSignage(  633): Bottom: 0
06-11 23:44:29.644 D/DigitalSignage(  633): else - Package Name :: null left : 0 right :: 0 top :: 0 bottom :: 0 dfu-right :: 1920 dfu-bottom :: 1080
06-11 23:44:29.644 D/CCodecBufferChannel( 7490): [c2.android.vorbis.decoder#577] MediaCodec discarded an unknown buffer
06-11 23:44:29.646 I/AmFFmpegExtractor(  447): checkInList: isw:0, m:audio/ogg, t:1, i:86021 t:0
06-11 23:44:29.646 I/AmFFmpegExtractor(  447): checkInList: isw:1, m:audio/ogg, t:1, i:86021 t:0
06-11 23:44:29.646 E/AmFFmpegExtractor(  447): codec_ctx->properties: 0
06-11 23:44:29.646 I/AmFFmpegExtractor(  447): checkSupportInList ret 1
06-11 23:44:29.647 I/hw-BpHwBinder( 7490): onLastStrongRef automatically unlinking death recipients
06-11 23:44:29.647 I/hw-BpHwBinder(  477): onLastStrongRef automatically unlinking death recipients
06-11 23:44:29.648 V/C2Store (  477): in ~ComponentModule
06-11 23:44:29.648 V/C2Store (  477): unloading dll
06-11 23:44:29.659 I/.startv.hotsta( 7490): oneway function results will be dropped but finished with status OK and parcel size 4
06-11 23:44:29.662 I/e.swalekh.abct( 1359): oneway function results will be dropped but finished with status OK and parcel size 4
06-11 23:44:29.662 D/stbdpc  (  397): STB_DPGetNumPaths[570]: num_paths: 1
06-11 23:44:29.665 D/dvb_iptv(  397): ReadEmmNetworkTask[1537]: EMM Select Timeout Occured 50
06-11 23:44:29.667 I/AmFFmpegExtractor(  447): checkInList: isw:0, m:audio/ogg, t:1, i:86021 t:0
06-11 23:44:29.667 I/AmFFmpegExtractor(  447): checkInList: isw:1, m:audio/ogg, t:1, i:86021 t:0
06-11 23:44:29.667 E/AmFFmpegExtractor(  447): codec_ctx->properties: 0
06-11 23:44:29.667 I/AmFFmpegExtractor(  447): checkSupportInList ret 1
06-11 23:44:29.672 I/AmFFmpegExtractor(  447): checkInList: isw:0, m:audio/ogg, t:1, i:86021 t:0
06-11 23:44:29.672 I/AmFFmpegExtractor(  447): checkInList: isw:1, m:audio/ogg, t:1, i:86021 t:0
06-11 23:44:29.672 E/AmFFmpegExtractor(  447): codec_ctx->properties: 0
06-11 23:44:29.672 D/MesonHwc(  360): VideoComposerDev (10) set (0).
06-11 23:44:29.672 I/AmFFmpegExtractor(  447): checkSupportInList ret 0
06-11 23:44:29.673 E/AmFFmpegExtractor(  447): vendor do not support
06-11 23:44:29.674 I/[11500.826700@1]  vc(    0): [0]vc: set enable index=0, val=0
06-11 23:44:29.674 I/[11500.826729@1]  VID(    0): store VD0 path_id changed 2->-1
06-11 23:44:29.675 I/        (    0): [11500.826733@1]  dev->index =0, val=1
06-11 23:44:29.675 I/[11500.826737@1]  VID(    0): VD1 off
06-11 23:44:29.675 I/[11500.826742@1]  VID(    0): VD1 set global output as 0
06-11 23:44:29.675 I/        (    0): [11500.826760@1]  common_vf_unreg_provider video_render.0: vd1 used: true, vd2 used: false, vd3 used: false, black_out:0, cur_buf:00000000ebc7e71a
06-11 23:44:29.676 D/JioSTBMRServer-SERVICE( 3589): InetSocketAddress(InetAddress.getByName(inetAddress.hostAddress)-/192.168.1.255
06-11 23:44:29.676 D/JioSTBMRServer-SERVICE( 3589): #beacon:RKISBFJ60000097:0:false:0:1:SV=181024 , 192.168.1.255
06-11 23:44:29.679 I/AmFFmpegExtractor(  447): checkInList: isw:0, m:audio/ogg, t:1, i:86021 t:0
06-11 23:44:29.679 I/AmFFmpegExtractor(  447): checkInList: isw:1, m:audio/ogg, t:1, i:86021 t:0
06-11 23:44:29.679 E/AmFFmpegExtractor(  447): codec_ctx->properties: 0
06-11 23:44:29.679 I/AmFFmpegExtractor(  447): checkSupportInList ret 0
06-11 23:44:29.680 E/AmFFmpegExtractor(  447): vendor do not support
06-11 23:44:29.685 E/Utils   (  447): did not find channel-count and/or sample-rate
06-11 23:44:29.688 I/AmAVUtils( 7490): set profile 0 level:0
06-11 23:44:29.688 D/SystemControl(  346): [CPQControl]:onVframeSizeChange: event value = 10(0xa)!
06-11 23:44:29.688 D/SystemControl(  346): [CPQControl]:onVframeSizeChange: send hdr event,info is 6.!
06-11 23:44:29.688 D/JioServiceSysCtrlEvent( 1856): notifyHdrInfoChangedCallback newHdrInfo:6
06-11 23:44:29.689 E/Utils   (  447): did not find channel-count and/or sample-rate
06-11 23:44:29.692 I/AmAVUtils( 7490): set profile 0 level:0
06-11 23:44:29.696 D/CCodec  ( 7490): allocate(c2.android.vorbis.decoder)
06-11 23:44:29.699 D/JioSTBMRServer-SERVICE( 3589): InetSocketAddress(InetAddress.getByName(inetAddress.hostAddress)-/192.168.1.255
06-11 23:44:29.706 V/C2Store (  477): in init
06-11 23:44:29.706 V/C2Store (  477): loading dll
06-11 23:44:29.707 D/JioSTBMRServer-SERVICE( 3589): #broadcast IP:192.168.1.255
06-11 23:44:29.709 D/CCodec  ( 7490): allocate(c2.android.vorbis.decoder)
06-11 23:44:29.711 I/CCodec  ( 7490): Created component [c2.android.vorbis.decoder]
06-11 23:44:29.712 I/CCodec  ( 7490): Created component [c2.android.vorbis.decoder]
06-11 23:44:29.712 D/CCodecConfig( 7490): read media type: audio/vorbis
06-11 23:44:29.712 D/CCodecConfig( 7490): read media type: audio/vorbis
06-11 23:44:29.717 D/ReflectedParamUpdater( 7490): extent() != 1 for single value type: algo.buffers.max-count.values
06-11 23:44:29.718 D/ReflectedParamUpdater( 7490): extent() != 1 for single value type: algo.buffers.max-count.values
06-11 23:44:29.718 D/ReflectedParamUpdater( 7490): extent() != 1 for single value type: output.subscribed-indices.values
06-11 23:44:29.718 D/ReflectedParamUpdater( 7490): extent() != 1 for single value type: input.buffers.allocator-ids.values
06-11 23:44:29.718 D/ReflectedParamUpdater( 7490): extent() != 1 for single value type: output.subscribed-indices.values
06-11 23:44:29.719 D/ReflectedParamUpdater( 7490): extent() != 1 for single value type: output.buffers.allocator-ids.values
06-11 23:44:29.719 D/ReflectedParamUpdater( 7490): extent() != 1 for single value type: input.buffers.allocator-ids.values
06-11 23:44:29.719 D/ReflectedParamUpdater( 7490): extent() != 1 for single value type: algo.buffers.allocator-ids.values
06-11 23:44:29.719 D/ReflectedParamUpdater( 7490): extent() != 1 for single value type: output.buffers.pool-ids.values
06-11 23:44:29.719 D/ReflectedParamUpdater( 7490): extent() != 1 for single value type: output.buffers.allocator-ids.values
06-11 23:44:29.719 D/ReflectedParamUpdater( 7490): extent() != 1 for single value type: algo.buffers.pool-ids.values
06-11 23:44:29.719 D/ReflectedParamUpdater( 7490): extent() != 1 for single value type: algo.buffers.allocator-ids.values
06-11 23:44:29.719 D/ReflectedParamUpdater( 7490): extent() != 1 for single value type: output.buffers.pool-ids.values
06-11 23:44:29.719 D/ReflectedParamUpdater( 7490): extent() != 1 for single value type: algo.buffers.pool-ids.values
06-11 23:44:29.722 I/CCodecConfig( 7490): query failed after returning 7 values (BAD_INDEX)
06-11 23:44:29.722 D/CCodecConfig( 7490): c2 config diff is Dict {
06-11 23:44:29.722 D/CCodecConfig( 7490):   c2::u32 coded.bitrate.value = 64000
06-11 23:44:29.722 D/CCodecConfig( 7490):   c2::u32 input.buffers.max-size.value = 32768
06-11 23:44:29.722 D/CCodecConfig( 7490):   c2::u32 input.delay.value = 0
06-11 23:44:29.722 D/CCodecConfig( 7490):   string input.media-type.value = "audio/vorbis"
06-11 23:44:29.722 D/CCodecConfig( 7490):   string output.media-type.value = "audio/raw"
06-11 23:44:29.722 D/CCodecConfig( 7490):   c2::u32 raw.channel-count.value = 1
06-11 23:44:29.722 D/CCodecConfig( 7490):   c2::u32 raw.sample-rate.value = 48000
06-11 23:44:29.722 D/CCodecConfig( 7490): }
06-11 23:44:29.722 I/CCodecConfig( 7490): query failed after returning 7 values (BAD_INDEX)
06-11 23:44:29.722 D/CCodecConfig( 7490): c2 config diff is Dict {
06-11 23:44:29.722 D/CCodecConfig( 7490):   c2::u32 coded.bitrate.value = 64000
06-11 23:44:29.722 D/CCodecConfig( 7490):   c2::u32 input.buffers.max-size.value = 32768
06-11 23:44:29.722 D/CCodecConfig( 7490):   c2::u32 input.delay.value = 0
06-11 23:44:29.722 D/CCodecConfig( 7490):   string input.media-type.value = "audio/vorbis"
06-11 23:44:29.722 D/CCodecConfig( 7490):   string output.media-type.value = "audio/raw"
06-11 23:44:29.722 D/CCodecConfig( 7490):   c2::u32 raw.channel-count.value = 1
06-11 23:44:29.722 D/CCodecConfig( 7490):   c2::u32 raw.sample-rate.value = 48000
06-11 23:44:29.722 D/CCodecConfig( 7490): }
06-11 23:44:29.724 D/CCodec  ( 7490): [c2.android.vorbis.decoder] buffers are bound to CCodec for this session
06-11 23:44:29.724 D/CCodec  ( 7490): [c2.android.vorbis.decoder] buffers are bound to CCodec for this session
06-11 23:44:29.724 D/CCodecConfig( 7490): no c2 equivalents for durationUs
06-11 23:44:29.724 D/CCodecConfig( 7490): no c2 equivalents for durationUs
06-11 23:44:29.724 D/CCodecConfig( 7490): no c2 equivalents for track-id
06-11 23:44:29.724 D/CCodecConfig( 7490): no c2 equivalents for track-id
06-11 23:44:29.724 D/CCodecConfig( 7490): no c2 equivalents for csd-1
06-11 23:44:29.724 D/CCodecConfig( 7490): no c2 equivalents for csd-1
06-11 23:44:29.724 D/CCodecConfig( 7490): no c2 equivalents for channel-mask
06-11 23:44:29.724 D/CCodecConfig( 7490): no c2 equivalents for channel-mask
06-11 23:44:29.724 D/CCodecConfig( 7490): no c2 equivalents for flags
06-11 23:44:29.724 D/CCodecConfig( 7490): no c2 equivalents for flags
06-11 23:44:29.725 D/CCodecConfig( 7490): c2 config diff is   c2::u32 raw.sample-rate.value = 16000
06-11 23:44:29.725 D/CCodecConfig( 7490): c2 config diff is   c2::u32 raw.sample-rate.value = 16000
06-11 23:44:29.727 W/Codec2Client( 7490): query -- param skipped: index = 1107298332.
06-11 23:44:29.727 D/CCodec  ( 7490): setup formats input: AMessage(what = 0x00000000) = {
06-11 23:44:29.727 D/CCodec  ( 7490):   int32_t channel-count = 1
06-11 23:44:29.727 D/CCodec  ( 7490):   int32_t max-input-size = 32768
06-11 23:44:29.727 D/CCodec  ( 7490):   string mime = "audio/vorbis"
06-11 23:44:29.727 D/CCodec  ( 7490):   int32_t sample-rate = 16000
06-11 23:44:29.727 D/CCodec  ( 7490): } and output: AMessage(what = 0x00000000) = {
06-11 23:44:29.727 D/CCodec  ( 7490):   int32_t channel-count = 1
06-11 23:44:29.727 D/CCodec  ( 7490):   string mime = "audio/raw"
06-11 23:44:29.727 D/CCodec  ( 7490):   int32_t sample-rate = 16000
06-11 23:44:29.727 D/CCodec  ( 7490):   int32_t channel-mask = 1
06-11 23:44:29.727 D/CCodec  ( 7490): }
06-11 23:44:29.727 W/Codec2Client( 7490): query -- param skipped: index = 1107298332.
06-11 23:44:29.727 D/CCodec  ( 7490): setup formats input: AMessage(what = 0x00000000) = {
06-11 23:44:29.727 D/CCodec  ( 7490):   int32_t channel-count = 1
06-11 23:44:29.727 D/CCodec  ( 7490):   int32_t max-input-size = 32768
06-11 23:44:29.727 D/CCodec  ( 7490):   string mime = "audio/vorbis"
06-11 23:44:29.727 D/CCodec  ( 7490):   int32_t sample-rate = 16000
06-11 23:44:29.727 D/CCodec  ( 7490): } and output: AMessage(what = 0x00000000) = {
06-11 23:44:29.727 D/CCodec  ( 7490):   int32_t channel-count = 1
06-11 23:44:29.727 D/CCodec  ( 7490):   string mime = "audio/raw"
06-11 23:44:29.727 D/CCodec  ( 7490):   int32_t sample-rate = 16000
06-11 23:44:29.727 D/CCodec  ( 7490):   int32_t channel-mask = 1
06-11 23:44:29.727 D/CCodec  ( 7490): }
06-11 23:44:29.728 W/Codec2Client( 7490): query -- param skipped: index = 1342179345.
06-11 23:44:29.728 W/Codec2Client( 7490): query -- param skipped: index = 1342179345.
06-11 23:44:29.728 W/Codec2Client( 7490): query -- param skipped: index = 2415921170.
06-11 23:44:29.729 W/Codec2Client( 7490): query -- param skipped: index = 2415921170.
06-11 23:44:29.732 E/FMQ     ( 7490): grantorIdx must be less than 3
06-11 23:44:29.732 E/FMQ     ( 7490): grantorIdx must be less than 3
06-11 23:44:29.734 D/CCodecBufferChannel( 7490): [c2.android.vorbis.decoder#793] Created input block pool with allocatorID 16 => poolID 21 - OK (0)
06-11 23:44:29.734 E/FMQ     ( 7490): grantorIdx must be less than 3
06-11 23:44:29.734 E/FMQ     ( 7490): grantorIdx must be less than 3
06-11 23:44:29.735 D/CCodecBufferChannel( 7490): [c2.android.vorbis.decoder#745] Created input block pool with allocatorID 16 => poolID 22 - OK (0)
06-11 23:44:29.736 E/FMQ     (  477): grantorIdx must be less than 3
06-11 23:44:29.736 E/FMQ     (  477): grantorIdx must be less than 3
06-11 23:44:29.737 I/CCodecBufferChannel( 7490): [c2.android.vorbis.decoder#793] Created output block pool with allocatorID 16 => poolID 303 - OK
06-11 23:44:29.737 E/FMQ     (  477): grantorIdx must be less than 3
06-11 23:44:29.737 E/FMQ     (  477): grantorIdx must be less than 3
06-11 23:44:29.738 D/CCodecBufferChannel( 7490): [c2.android.vorbis.decoder#793] Configured output block pool ids 303 => OK
06-11 23:44:29.738 I/CCodecBufferChannel( 7490): [c2.android.vorbis.decoder#745] Created output block pool with allocatorID 16 => poolID 304 - OK
06-11 23:44:29.738 D/CCodecBufferChannel( 7490): [c2.android.vorbis.decoder#745] Configured output block pool ids 304 => OK
06-11 23:44:29.740 D/SimpleC2Component(  477): Using output block pool with poolID 304 => got 304 - 0
06-11 23:44:29.744 E/FMQ     ( 7490): grantorIdx must be less than 3
06-11 23:44:29.745 E/FMQ     (  477): grantorIdx must be less than 3
06-11 23:44:29.747 D/SimpleC2Component(  477): Using output block pool with poolID 303 => got 303 - 0
06-11 23:44:29.748 E/FMQ     ( 7490): grantorIdx must be less than 3
06-11 23:44:29.748 E/FMQ     (  477): grantorIdx must be less than 3
06-11 23:44:29.762 E/FMQ     (  477): grantorIdx must be less than 3
06-11 23:44:29.762 D/stbdpc  (  397): STB_DPGetNumPaths[570]: num_paths: 1
06-11 23:44:29.763 E/FMQ     ( 7490): grantorIdx must be less than 3
06-11 23:44:29.765 D/CCodecBuffers( 7490): [c2.android.vorbis.decoder#745:Output[N]] popFromStashAndRegister: output format changed to AMessage(what = 0x00000000) = {
06-11 23:44:29.765 D/CCodecBuffers( 7490):   int32_t channel-count = 1
06-11 23:44:29.765 D/CCodecBuffers( 7490):   string mime = "audio/raw"
06-11 23:44:29.765 D/CCodecBuffers( 7490):   int32_t sample-rate = 16000
06-11 23:44:29.765 D/CCodecBuffers( 7490):   int32_t channel-mask = 1
06-11 23:44:29.765 D/CCodecBuffers( 7490): }
06-11 23:44:29.770 E/FMQ     (  477): grantorIdx must be less than 3
06-11 23:44:29.770 E/FMQ     ( 7490): grantorIdx must be less than 3
06-11 23:44:29.772 D/CCodecBuffers( 7490): [c2.android.vorbis.decoder#793:Output[N]] popFromStashAndRegister: output format changed to AMessage(what = 0x00000000) = {
06-11 23:44:29.772 D/CCodecBuffers( 7490):   int32_t channel-count = 1
06-11 23:44:29.772 D/CCodecBuffers( 7490):   string mime = "audio/raw"
06-11 23:44:29.772 D/CCodecBuffers( 7490):   int32_t sample-rate = 16000
06-11 23:44:29.772 D/CCodecBuffers( 7490):   int32_t channel-mask = 1
06-11 23:44:29.772 D/CCodecBuffers( 7490): }
06-11 23:44:29.803 D/CCodecBufferChannel( 7490): [c2.android.vorbis.decoder#745] MediaCodec discarded an unknown buffer
06-11 23:44:29.803 I/chatty  ( 7490): uid=10072(in.startv.hotstar) identical 1 line
06-11 23:44:29.803 D/CCodecBufferChannel( 7490): [c2.android.vorbis.decoder#745] MediaCodec discarded an unknown buffer
06-11 23:44:29.806 I/hw-BpHwBinder( 7490): onLastStrongRef automatically unlinking death recipients
06-11 23:44:29.824 D/CCodecBufferChannel( 7490): [c2.android.vorbis.decoder#793] MediaCodec discarded an unknown buffer
06-11 23:44:29.824 I/chatty  ( 7490): uid=10072(in.startv.hotstar) identical 1 line
06-11 23:44:29.824 D/CCodecBufferChannel( 7490): [c2.android.vorbis.decoder#793] MediaCodec discarded an unknown buffer
06-11 23:44:29.827 I/hw-BpHwBinder( 7490): onLastStrongRef automatically unlinking death recipients
06-11 23:44:29.827 I/hw-BpHwBinder(  477): onLastStrongRef automatically unlinking death recipients
06-11 23:44:29.827 V/C2Store (  477): in ~ComponentModule
06-11 23:44:29.827 V/C2Store (  477): unloading dll
06-11 23:44:29.863 D/stbdpc  (  397): STB_DPGetNumPaths[570]: num_paths: 1
06-11 23:44:29.995 V/DigitalSignage(  633): Package Name: null
06-11 23:44:29.995 V/DigitalSignage(  633): Left: 0
