06-11 23:01:04.054 D/aml_audio_port(  348): [new_input_port:260] buf_frames:384,frame_size:4 ==> thunk_size:1536
06-11 23:01:04.054 I/aml_audio_port(  348): [get_input_port_type:109] samplerate:48000, flags:0x2, channel_cnt:2
06-11 23:01:04.054 D/aml_audio_port(  348): [new_input_port:286] inport:PCM_SYSTEM, buf:6144, direct:0, format:0x1, rate:48000, ch:2
06-11 23:01:04.054 I/amlAudioMixer(  348): [init_mixer_input_port:175] input port:PCM_SYSTEM, size 384 frames, frame_write_sum:136783872
06-11 23:01:04.054 I/aml_audio_port(  348): [get_input_port_type:109] samplerate:48000, flags:0x2, channel_cnt:2
06-11 23:01:04.054 I/sub_mixing_factory(  348): [mixer_aux_buffer_write_sm:1066] stream 0xee269000 input port:PCM_SYSTEM
06-11 23:01:04.054 I/sub_mixing_factory(  348): [mixer_aux_buffer_write_sm:1076] padding_bytes 12288
06-11 23:01:04.054 I/amlAudioMixer(  348): [mixer_write_inport:260] input port:PCM_SYSTEM is active now
06-11 23:01:04.055 I/sub_mixing_factory(  348): [mixer_aux_buffer_write_sm:1076] padding_bytes 10752
06-11 23:01:04.055 I/system_server(  633): oneway function results will be dropped but finished with status OK and parcel size 4
06-11 23:01:04.055 I/sub_mixing_factory(  348): [mixer_aux_buffer_write_sm:1076] padding_bytes 9216
06-11 23:01:04.055 I/sub_mixing_factory(  348): [mixer_aux_buffer_write_sm:1076] padding_bytes 7680
06-11 23:01:04.055 I/sub_mixing_factory(  348): [mixer_aux_buffer_write_sm:1076] padding_bytes 6144
06-11 23:01:04.061 I/amlAudioMixer(  348): [mixer_inports_read:704] input port:PCM_SYSTEM first start, portId:0, avail:6144
06-11 23:01:04.063 W/GestureController(21780): Gestures took longer than expected (39ms >> 16ms), device might be in a busy state.
06-11 23:01:04.063 I/appium  (21780): Waiting up to 10000ms for the device to idle
06-11 23:01:04.066 I/sub_mixing_factory(  348): [mixer_aux_buffer_write_sm:1076] padding_bytes 4608
06-11 23:01:04.069 I/sub_mixing_factory(  348): [mixer_aux_buffer_write_sm:1076] padding_bytes 3072
06-11 23:01:04.082 I/sub_mixing_factory(  348): [mixer_aux_buffer_write_sm:1076] padding_bytes 1536
06-11 23:01:04.105 D/stbdpc  (  397): STB_DPGetNumPaths[570]: num_paths: 1
06-11 23:01:04.205 I/chatty  (  397): uid=0(root) DK-SiCntrl identical 1 line
06-11 23:01:04.305 D/stbdpc  (  397): STB_DPGetNumPaths[570]: num_paths: 1
06-11 23:01:04.370 W/APM::AudioPolicyEngine(  387): getDevicesForStrategy() unknown strategy: -1
06-11 23:01:04.371 I/system_server(  633): oneway function results will be dropped but finished with status OK and parcel size 4
06-11 23:01:04.404 I/.startv.hotsta(21861): oneway function results will be dropped but finished with status OK and parcel size 4
06-11 23:01:04.405 D/stbdpc  (  397): STB_DPGetNumPaths[570]: num_paths: 1
06-11 23:01:04.406 I/e.swalekh.abct( 1359): oneway function results will be dropped but finished with status OK and parcel size 4
06-11 23:01:04.412 D/JioSTBMRServer-SERVICE( 3589): InetSocketAddress(InetAddress.getByName(inetAddress.hostAddress)-/192.168.1.255
06-11 23:01:04.412 D/JioSTBMRServer-SERVICE( 3589): #beacon:RKISBFJ60000097:0:false:0:1:SV=181024 , 192.168.1.255
06-11 23:01:04.416 D/JioSTBMRServer-SERVICE( 3589): InetSocketAddress(InetAddress.getByName(inetAddress.hostAddress)-/192.168.1.255
06-11 23:01:04.416 D/JioSTBMRServer-SERVICE( 3589): #broadcast IP:192.168.1.255
06-11 23:01:04.432 D/dvb_iptv(  397): ReadEmmNetworkTask[1537]: EMM Select Timeout Occured 51
06-11 23:01:04.505 D/stbdpc  (  397): STB_DPGetNumPaths[570]: num_paths: 1
06-11 23:01:04.511 I/ThermalService(  969): CPU temperatures: [60.000004]
06-11 23:01:04.606 D/stbdpc  (  397): STB_DPGetNumPaths[570]: num_paths: 1
06-11 23:01:04.666 D/rtk_heartbeat(  349): heartbeat_timed_out: heartbeatCmdCount = 8873, expected nextSeqNum = 8873
06-11 23:01:04.667 D/rtk_heartbeat(  349): rtkbt_heartbeat_cmpl_cback: Current SeqNum = 8873,should SeqNum=8873, status = 0
06-11 23:01:04.671 V/DigitalSignage(  633): Package Name: null
06-11 23:01:04.671 V/DigitalSignage(  633): Left: 0
06-11 23:01:04.671 V/DigitalSignage(  633): Right: 0
06-11 23:01:04.671 V/DigitalSignage(  633): Top: 0
06-11 23:01:04.671 V/DigitalSignage(  633): Bottom: 0
06-11 23:01:04.671 D/DigitalSignage(  633): else - Package Name :: null left : 0 right :: 0 top :: 0 bottom :: 0 dfu-right :: 1920 dfu-bottom :: 1080
06-11 23:01:04.706 D/stbdpc  (  397): STB_DPGetNumPaths[570]: num_paths: 1
06-11 23:01:04.930 V/DigitalSignage(  633): Package Name: null
06-11 23:01:04.930 V/DigitalSignage(  633): Left: 0
06-11 23:01:04.930 V/DigitalSignage(  633): Right: 0
06-11 23:01:04.931 V/DigitalSignage(  633): Top: 0
06-11 23:01:04.931 V/DigitalSignage(  633): Bottom: 0
06-11 23:01:04.931 D/DigitalSignage(  633): else - Package Name :: null left : 0 right :: 0 top :: 0 bottom :: 0 dfu-right :: 1920 dfu-bottom :: 1080
06-11 23:01:04.806 I/chatty  (  397): uid=0(root) DK-SiCntrl identical 1 line
06-11 23:01:04.906 D/stbdpc  (  397): STB_DPGetNumPaths[570]: num_paths: 1
06-11 23:01:04.932 D/dvb_iptv(  397): ReadEmmNetworkTask[1537]: EMM Select Timeout Occured 52
06-11 23:01:04.980 D/JioStbInactivityTimer(  926): Timer: count 51 warningTimeout:10680 timeout:10800
06-11 23:01:04.981 D/JioStbInactivityTimer(  926): isUserActive: Curr:8843201 Prev:8843201
06-11 23:01:05.006 D/stbdpc  (  397): STB_DPGetNumPaths[570]: num_paths: 1
06-11 23:01:05.070 D/JioAppOptimizer( 1722): AppOptimizerService :: handleMessage()
06-11 23:01:05.074 D/JioAppOptimizer( 1722): AppOptimizerService :: handleMessage() : Foreground Package=in.startv.hotstar
06-11 23:01:05.074 D/JioAppOptimizer( 1722): AppOptimizerService :: handleMessage() : Free memory available in MB : 561.3125
06-11 23:01:05.074 D/JioAppOptimizer( 1722): AppOptimizerService :: handleMessage() : checkAndRemoveBackgroundApps()
06-11 23:01:05.074 D/JioAppOptimizer( 1722): AppOptimizerService :: checkAndRemoveBackgroundApps()
06-11 23:01:05.093 I/.startv.hotsta(21861): NativeAlloc concurrent copying GC freed 192949(10MB) AllocSpace objects, 104(2128KB) LOS objects, 50% free, 18MB/36MB, paused 185us total 282.008ms
06-11 23:01:05.107 D/stbdpc  (  397): STB_DPGetNumPaths[570]: num_paths: 1
06-11 23:01:05.144 D/ltts_ip_emm(  397): LTTS_IP_DMXStartEMM[381]: parse_emm_cat_status failed
06-11 23:01:05.207 D/stbdpc  (  397): STB_DPGetNumPaths[570]: num_paths: 1
06-11 23:01:05.307 I/chatty  (  397): uid=0(root) DK-SiCntrl identical 1 line
06-11 23:01:05.407 D/stbdpc  (  397): STB_DPGetNumPaths[570]: num_paths: 1
06-11 23:01:05.432 D/dvb_iptv(  397): ReadEmmNetworkTask[1537]: EMM Select Timeout Occured 53
06-11 23:01:05.507 D/stbdpc  (  397): STB_DPGetNumPaths[570]: num_paths: 1
06-11 23:01:05.608 D/stbdpc  (  397): STB_DPGetNumPaths[570]: num_paths: 1
06-11 23:01:05.657 E/WifiVendorHal(  633): getWifiLinkLayerStats_1_3_Internal(l.973) failed {.code = ERROR_UNKNOWN, .description = unknown error}
06-11 23:01:05.666 D/rtk_heartbeat(  349): heartbeat_timed_out: heartbeatCmdCount = 8874, expected nextSeqNum = 8874
06-11 23:01:05.668 D/rtk_heartbeat(  349): rtkbt_heartbeat_cmpl_cback: Current SeqNum = 8874,should SeqNum=8874, status = 0
06-11 23:01:05.708 D/stbdpc  (  397): STB_DPGetNumPaths[570]: num_paths: 1
06-11 23:01:05.779 I/appium  (21780): AppiumResponse: {"sessionId":"7ed38e82-8ace-4534-a084-c12046ad77fc","value":null}
06-11 23:01:05.803 I/appium  (21780): channel read: POST /session/7ed38e82-8ace-4534-a084-c12046ad77fc/appium/device/press_keycode
06-11 23:01:05.804 I/appium  (21780): PressKeyCode command
06-11 23:01:05.804 I/appium  (21780): Calling PressKeyCode... 
06-11 23:01:05.808 D/stbdpc  (  397): STB_DPGetNumPaths[570]: num_paths: 1
06-11 23:01:05.809 D/UiDevice(21780): Pressing keycodes [66] with modifier 0.
06-11 23:01:05.821 D/InputDispatcher(  633): injectInputEvent - eventType=1, injectorPid=21749, injectorUid=0, syncMode=2, timeout=30000, policyFlags=0x08000000
06-11 23:01:05.821 D/WindowManager(  633): interceptKeyTq keycode=66 interactive=true keyguardActive=false policyFlags=2b000000
06-11 23:01:05.821 D/WindowManager(  633): CloudPC is in NOT in foreground
06-11 23:01:05.821 D/WindowManager(  633): isKeyNeedsToPassToJioCloudPC :: NO
06-11 23:01:05.822 I/android.hardware.power-service.libperfmgr(  366): Power setBoost: INTERACTION duration: 0
06-11 23:01:05.822 I/libperfmgr(  366): Do Powerhint: INTERACTION
06-11 23:01:05.822 D/WindowManager(  633): interceptKeyTi keyCode=66 down=true repeatCount=0 keyguardOn=false canceled=false
06-11 23:01:05.822 D/WindowManager(  633): CloudPC is in NOT in foreground
06-11 23:01:05.822 I/android.hardware.power-service.libperfmgr(  366): Power setBoost: INTERACTION duration: 0
06-11 23:01:05.822 D/WindowManager(  633): isKeyNeedsToPassToJioCloudPC :: NO
06-11 23:01:05.822 I/libperfmgr(  366): Do Power