06-11 15:53:07.269 I/[17148.139910@2]  DOLBY(    0): vout_notify_callback: VOUT_EVENT_MODE_CHANGE
06-11 15:53:07.269 I/[17148.139914@2]  vlock(    0): event MODE_CHANGE
06-11 15:53:07.269 I/        (    0): [17148.139918@2]  vsync_pts_inc 1500 1/60
06-11 15:53:07.264 D/DisplayDensityManager(  912): processNamecom.droidlogic
06-11 15:53:07.264 D/MesonHwc(  282): Update period fe502a->1312d00
06-11 15:53:07.264 D/MesonHwc(  282): Update period fe502a->1312d00
06-11 15:53:07.264 D/DisplayDensityManager(  912): processNamecom.droidlogic
06-11 15:53:07.264 I/DisplayDensityManager(  912): getPrefDensity display { 3840x2160 width * 1.0f / mDefaultSize.getWidth()2.0&2.0
06-11 15:53:07.264 E/DisplayDensityManager(  912): density: 480 ->240 scaleSize:2.0
06-11 15:53:07.275 W/libc    (31970): Access denied finding property "vendor.mali.platform.config"
06-11 15:53:07.275 I/mali    (31970): Successfully parsed 1 environment variable(s) from /vendor/etc/mali_platform.config.
06-11 15:53:07.275 W/libc    (31970): Access denied finding property "vendor.mali.debug.config"
06-11 15:53:07.276 W/libc    (31970): Access denied finding property "vendor.mali.cctx_memory_class_unnamed"
06-11 15:53:07.276 W/libc    (31970): Access denied finding property "vendor.mali.cctx_memory_class_default_heap"
06-11 15:53:07.276 W/libc    (31970): Access denied finding property "vendor.mali.cctx_memory_class_base_internal"
06-11 15:53:07.276 W/libc    (31970): Access denied finding property "vendor.mali.cctx_memory_class_framepool"
06-11 15:53:07.276 W/libc    (31970): Access denied finding property "vendor.mali.cctx_memory_class_tiler"
06-11 15:53:07.276 W/libc    (31970): Access denied finding property "vendor.mali.cctx_memory_class_program"
06-11 15:53:07.276 W/libc    (31970): Access denied finding property "vendor.mali.cctx_memory_class_egl_color_plane"
06-11 15:53:07.276 W/libc    (31970): Access denied finding property "vendor.mali.cctx_memory_class_egl_color_plane_imported"
06-11 15:53:07.276 W/libc    (31970): Access denied finding property "vendor.mali.cctx_memory_class_vao"
06-11 15:53:07.276 W/libc    (31970): Access denied finding property "vendor.mali.cctx_memory_class_img"
06-11 15:53:07.276 W/libc    (31970): Access denied finding property "vendor.mali.cctx_memory_class_internal_surface"
06-11 15:53:07.276 W/libc    (31970): Access denied finding property "vendor.mali.cctx_memory_class_buf"
06-11 15:53:07.276 W/libc    (31970): Access denied finding property "vendor.mali.cctx_memory_class_crc"
06-11 15:53:07.277 W/libc    (31970): Access denied finding property "vendor.mali.cctx_memory_class_cpom_hmem"
06-11 15:53:07.277 W/libc    (31970): Access denied finding property "vendor.mali.cctx_memory_class_cpom_rsd"
06-11 15:53:07.277 W/libc    (31970): Access denied finding property "vendor.mali.cctx_memory_class_cpom_mbs2"
06-11 15:53:07.277 W/libc    (31970): Access denied finding property "vendor.mali.cctx_memory_class_cpom_static"
06-11 15:53:07.277 W/libc    (31970): Access denied finding property "vendor.mali.cctx_memory_class_cframe_hmem"
06-11 15:53:07.277 W/libc    (31970): Access denied finding property "vendor.mali.cctx_memory_class_cframe_sample_pos"
06-11 15:53:07.277 W/libc    (31970): Access denied finding property "vendor.mali.cctx_memory_class_cframe_discard"
06-11 15:53:07.277 W/libc    (31970): Access denied finding property "vendor.mali.cctx_memory_class_cframe_tess_geom"
06-11 15:53:07.277 W/libc    (31970): Access denied finding property "vendor.mali.cctx_memory_class_cobj_hmem"
06-11 15:53:07.277 W/libc    (31970): Access denied finding property "vendor.mali.cctx_memory_class_cmar_hmem"
06-11 15:53:07.277 W/libc    (31970): Access denied finding property "vendor.mali.cctx_memory_class_cmar_prof_dump"
06-11 15:53:07.277 W/libc    (31970): Access denied finding property "vendor.mali.cctx_memory_class_cblend_hmem"
06-11 15:53:07.277 W/libc    (31970): Access denied finding property "vendor.mali.cctx_memory_class_gles_hmem"
06-11 15:53:07.278 W/libc    (31970): Access denied finding property "vendor.mali.cctx_memory_class_gles_query"
06-11 15:53:07.278 W/libc    (31970): Access denied finding property "vendor.mali.cctx_memory_class_gles_query_host"
06-11 15:53:07.278 W/libc    (31970): Access denied finding property "vendor.mali.cctx_memory_class_gles_multiview"
06-11 15:53:07.278 W/libc    (31970): Access denied finding property "vendor.mali.cctx_memory_class_cdeps_hmem"
06-11 15:53:07.278 W/libc    (31970): Access denied finding property "vendor.mali.cctx_memory_class_cmem_suballoc"
06-11 15:53:07.278 W/libc    (31970): Access denied finding property "vendor.mali.cctx_memory_class_cmem_hoard"
06-11 15:53:07.278 W/libc    (31970): Access denied finding property "vendor.mali.cctx_memory_class_cmem_registry"
06-11 15:53:07.278 W/libc    (31970): Access denied finding property "vendor.mali.cctx_memory_class_cl_payload"
06-11 15:53:07.278 W/libc    (31970): Access denied finding property "vendor.mali.cctx_memory_class_cl_wlm_tls"
06-11 15:53:07.278 W/libc    (31970): Access denied finding property "vendor.mali.cctx_memory_class_cl_hmem"
06-11 15:53:07.278 W/libc    (31970): Access denied finding property "vendor.mali.cctx_memory_class_cl_svm"
06-11 15:53:07.278 W/libc    (31970): Access denied finding property "vendor.mali.cctx_memory_class_cl_protected"
06-11 15:53:07.279 W/libc    (31970): Access denied finding property "vendor.mali.cctx_memory_class_cinstr"
06-11 15:53:07.279 W/libc    (31970): Access denied finding property "vendor.mali.cctx_memory_class_gfx_device_memory_cpu_uncached"
06-11 15:53:07.279 W/libc    (31970): Access denied finding property "vendor.mali.cctx_memory_class_gfx_device_memory_cpu_cached"
06-11 15:53:07.279 W/libc    (31970): Access denied finding property "vendor.mali.cctx_memory_class_gfx_device_memory_transient"
06-11 15:53:07.279 W/libc    (31970): Access denied finding property "vendor.mali.cctx_memory_class_gfx_device_memory_protected"
06-11 15:53:07.279 W/libc    (31970): Access denied finding property "vendor.mali.cctx_memory_class_gfx_device_external"
06-11 15:53:07.279 W/libc    (31970): Access denied finding property "vendor.mali.cctx_memory_class_gfx_device_external_swapchain"
06-11 15:53:07.279 W/libc    (31970): Access denied finding property "vendor.mali.cctx_memory_class_gfx_device_internal"
06-11 15:53:07.279 W/libc    (31970): Access denied finding property "vendor.mali.cctx_memory_class_gfx_device_internal_host"
06-11 15:53:07.279 W/libc    (31970): Access denied finding property "vendor.mali.cctx_memory_class_gfx_device_internal_protected"
06-11 15:53:07.279 W/libc    (31970): Access denied finding property "vendor.mali.cctx_memory_class_gfx_device_internal_transient"
06-11 15:53:07.279 W/libc    (31970): Access denied finding property "vendor.mali.cctx_memory_class_gfx_descriptor_pool"
06-11 15:53:07.280 W/libc    (31970): Access denied finding property "vendor.mali.cctx_memory_class_gfx_command_allocator"
06-11 15:53:07.280 W/libc    (31970): Access denied finding property "vendor.mali.cctx_memory_class_gfx_command_allocator_host"
06-11 15:53:07.280 W/libc    (31970): Access denied finding property "vendor.mali.cctx_memory_class_gfx_command_allocator_protected"
06-11 15:53:07.280 W/libc    (31970): Access denied finding property "vendor.mali.cctx_memory_class_vk_bound_buffer"
06-11 15:53:07.280 W/libc    (31970): Access denied finding property "vendor.mali.cctx_memory_class_vk_bound_image"
06-11 15:53:07.280 W/libc    (31970): Access denied finding property "vendor.mali.cctx_memory_class_cmar_signal"
06-11 15:53:07.280 W/libc    (31970): Access denied finding property "vendor.mali.cctx_memory_class_cmar_flush_chain"
06-11 15:53:07.280 W/libc    (31970): Access denied finding property "vendor.mali.cctx_memory_class_cmar_metadata_list"
06-11 15:53:07.280 W/libc    (31970): Access denied finding property "vendor.mali.cctx_memory_class_jit"
06-11 15:53:07.280 W/libc    (31970): Access denied finding property "vendor.mali.cctx_memory_class_mmu"
06-11 15:53:07.280 W/libc    (31970): Access denied finding property "vendor.mali.osu_protected_memory_heap_name"
06-11 15:53:07.281 W/libc    (31970): Access denied finding property "vendor.mali.osu_ion_protected_memory_heap_name"
06-11 15:53:07.283 W/libc    (31970): Access denied finding property "vendor.mali.platform_agt_frequency_khz"
06-11 15:53:07.283 W/libc    (31970): Access denied finding property "vendor.mali.hal_dump_dir"
06-11 15:53:07.283 W/libc    (31970): Access denied finding property "vendor.mali.platform.config"
06-11 15:53:07.284 I/mali    (31970): Successfully parsed 1 environment variable(s) from /vendor/etc/mali_platform.config.
06-11 15:53:07.284 W/libc    (31970): Access denied finding property "vendor.mali.debug.config"
06-11 15:53:07.293 I/hwservicemanager(  234): getTransport: Cannot find entry android.hardware.configstore@1.0::ISurfaceFlingerConfigs/default in either framework or device VINTF manifest.
06-11 15:53:07.295 D/CompatibilityChangeReporter(31970): Compat change id reported: 194532703; UID 10083; state: ENABLED
06-11 15:53:07.301 D/CompatibilityChangeReporter(  631): Compat change id reported: 194532703; UID 10083; state: ENABLED
06-11 15:53:07.302 I/AlarmManager(  631): setImpl sPackageName is null callingPackage is android
06-11 15:53:07.302 I/AlarmManager(  631): Setting Wakeup Alarm type[3] sPackageName is null @17178173 and next wakeup alarm is @Wed Jun 11 11:07:19 GMT+05:30 2025
06-11 15:53:07.344 I/servicemanager(  233): Could not find android.hardware.graphics.allocator.IAllocator/default in the VINTF manifest.
06-11 15:53:07.369 D/JioSettings(23032): A : nonInteractiveSleep: count::0::timeout::0
06-11 15:53:07.370 D/JioSettings(23032): A : inactivity: count::20::timeout::10680
06-11 15:53:07.371 D/JioSettings(23032): A : startScheduler::isScreenOFF::false::isMusicInProgress::false::isDreaming::false
06-11 15:53:07.371 D/JioSettings(23032): A : startScheduler::isInactivityReached::false::isInactivityOverlayShown::false
06-11 15:53:07.392 I/OpenGLRenderer(31970): Davey! duration=713ms; Flags=1, FrameTimelineVsyncId=170293, IntendedVsync=17147545569416, Vsync=17148105569416, InputEventId=0, HandleInputStart=17148111095092, AnimationStart=17148111096509, PerformTraversalsStart=17148111303675, DrawStart=17148211991259, FrameDeadline=17147564236082, FrameInterval=17148111088759, FrameStartTime=20000000, SyncQueued=17148219280384, SyncStart=17148219369217, IssueDrawCommandsStart=17148224393134, SwapBuffers=17148256837050, FrameCompleted=17148259492217, DequeueBufferDuration=20750, QueueBufferDuration=524375, GpuCompleted=17148259492217, SwapBuffersCompleted=17148258795134, DisplayPresentTime=0, CommandSubmissionCompleted=17148256837050, 
06-11 15:53:07.392 W/Parcel  (31970): Expecting binder but got null!
06-11 15:53:07.401 D/CCodecBufferChannel(31970): [c2.android.mp3.decoder#22] MediaCodec discarded an unknown buffer
06-11 15:53:07.402 D/CCodecBufferChannel(31970): [c2.android.mp3.decoder#22] MediaCodec discarded an unknown buffer
06-11 15:53:07.402 D/CCodecBufferChannel(31970): [c2.android.mp3.decoder#22] MediaCodec discarded an unknown buffer
06-11 15:53:07.403 I/hw-BpHwBinder(31970): onLastStrongRef automatically unlinking death recipients
06-11 15:53:07.403 I/hw-BpHwBinder(  577): onLastStrongRef automatically unlinking death recipients
06-11 15:53:07.404 I/hw-BpHwBinder(  577): onLastStrongRef automatically unlinking death recipients
06-11 15:53:07.404 V/C2Store (  577): in ~ComponentModule
06-11 15:53:07.405 V/C2Store (  577): unloading dll
06-11 15:53:07.406 D/MediaCodec(31970): flushMediametrics
06-11 15:53:07.406 I/ActivityTaskManager(  631): Displayed in.startv.hotstar/com.hotstar.MainActivity: +1s227ms
06-11 15:53:07.408 D/SessionLifecycleService(31970): Service bound to new client on process 31970
06-11 15:53:07.414 D/SessionLifecycleService(31970): App has not yet foregrounded. Using previously stored session.
06-11 15:53:07.414 D/SessionLifecycleService(31970): Client android.os.Messenger@db5407 bound at 17148281. Clients: 1
06-11 15:53:07.435 D/SessionLifecycleClient(31970): Connected to SessionLifecycleService. Queue size 1
06-11 15:53:07.444 V/InputMethodManagerService(  631): startInputOrWindowGainedFocusInternalLocked: reason=WINDOW_FOCUS_GAIN client=android.os.BinderProxy@b0957a2 inputContext=null attribute=android.view.inputmethod.EditorInfo@2a02ad9 startInputFlags=VIEW_HAS_FOCUS|INITIAL_CONNECTION softInputMode=STATE_UNSPECIFIED|ADJUST_PAN|IS_FORWARD_NAVIGATION windowFlags=#81810100 unverifiedTargetSdkVersion=34 imeDispatcher=android.window.ImeOnBackInvokedDispatcher@8168c9e
06-11 15:53:07.445 D/CompatibilityChangeReporter(  631): Compat change id reported: 214016041; UID 10083; state: ENABLED
06-11 15:53:07.445 V/InputMethodManagerService(  631): Unspecified window will hide input
06-11 15:53:07.445 V/InputMethodManagerService(  631): unbindCurrentInputLocked: client=android.os.BinderProxy@95b2cf8
06-11 15:53:07.445 V/InputMethodMenuController(  631): Hide switching menu
06-11 15:53:07.445 V/InputMethodManagerService(  631): Creating new session for client ClientState{a6337f uid=10083 pid=31970 displayId=0}
06-11 15:53:07.446 V/InputMethodManagerService(  631): Creating new accessibility sessions for client ClientState{a6337f uid=10083 pid=31970 displayId=0}
06-11 15:53:07.449 V/InputMethodManagerService(  631): Disabling: SessionState{uid 1000 pid 1171 method 1510ad3 session 3001610 channel ClientState{8e2065e uid=1000 pid=1171 displayId=0} (server)}
06-11 15:53:07.449 V/InputMethodManagerService(  631): Enabling: SessionState{uid 10083 pid 31970 method 1510ad3 session 75f9b95 channel ClientState{a6337f uid=10083 pid=31970 displayId=0} (server)}
06-11 15:53:07.454 D/ActivityTaskManager(  631): calling sendJioHomeBTServerBroadcast
06-11 15:53:07.456 E/a       ( 1171): RefreshManager::cancelTimer
06-11 15:53:07.459 E/MainActivity( 1171): BootUpFlow::::MainActivity::onStop Called
06-11 15:53:07.460 V/ActivityTaskManager(  631): Old State : PAUSED Updated state : STOPPING Activity : ComponentInfo{com.jio.launcher.aosptv/com.jio.launcher.ui.activities.MainActivity}
06-11 15:53:07.460 V/ActivityTaskManager(  631): Sending Broadcast : Intent { act=com.jio.remote.action.applaunch flg=0x40000000 pkg=com.jio.remote.btserver (has extras) }
06-11 15:53:07.460 D/SessionLifecycleClient(31970): Sending lifecycle 1 to service
06-11 15:53:07.463 D/SessionLifecycleService(31970): Activity foregrounding at 17148333.
06-11 15:53:07.463 D/SessionLifecycleService(31970): Cold start detected.
06-11 15:53:07.464 D/SessionLifecycleService(31970): Generated new session.
06-11 15:53:07.464 D/SessionLifecycleService(31970): Broadcasting new session
06-11 15:53:07.465 D/SessionLifecycleClient(31970): Session update received.
06-11 15:53:07.476 D/InputMethodManagerService(  631): --- calledFromForegroundUserOrSystemProcess ? calling uid = 10083 system uid = 1000 calling userId = 0, foreground user id = 0, calling pid = 0com.android.server.inputmethod.InputMethodManagerService.reportPerceptibleAsync(InputMethodManagerService.java:3660)
06-11 15:53:07.476 D/InputMethodManagerService(  631): IME window vis: 0 active: 0 inv: 0 displayId: 0
06-11 15:53:07.476 V/InputMethodMenuController(  631): Hide switching menu
06-11 15:53:07.482 D/SessionLifecycleClient(31970): Notified CRASHLYTICS of new session e8ddd8769db742b09dc65d2ce6375d89
06-11 15:53:07.484 V/FileLogTree(31970): Successfully created log file /data/user/0/in.startv.hotstar/files/logs/HotStarLogs1749637387481.log
06-11 15:53:07.488 D/ActivityTaskManager(  631): calling sendJioHomeBTServerBroadcast
06-11 15:53:07.494 V/ActivityTaskManager(  631): Old State : STOPPING Updated state : STOPPED Activity : ComponentInfo{com.jio.launcher.aosptv/com.jio.launcher.ui.activities.MainActivity}
06-11 15:53:07.494 V/ActivityTaskManager(  631): Sending Broadcast : Intent { act=com.jio.remote.action.applaunch flg=0x40000000 pkg=com.jio.remote.btserver (has extras) }
06-11 15:53:07.502 D/CompatibilityChangeReporter(  631): Compat change id reported: 168419799; UID 10017; state: DISABLED
06-11 15:53:07.504 D/SessionFirelogPublisher(31970): Data Collection is enabled for at least one Subscriber
06-11 15:53:07.542 E/Class:Constants$Companion: Line: 194, Method: c(31274): STB-SSO: so-stb-enable_log_for_sso-status-false-Attempt to invoke virtual method 'int java.lang.String.length()' on a null object reference
06-11 15:53:07.541 W/DefaultDispatch(31274): type=1400 audit(0.0:19672): avc: denied { read } for name="u:object_r:serialno_prop:s0" dev="tmpfs" ino=749 scontext=u:r:platform_app:s0:c512,c768 tcontext=u:object_r:serialno_prop:s0 tclass=file permissive=0 app=com.media.jio.sso.stb
06-11 15:53:07.544 E/Class:Constants$Companion: Line: 106, Method: b(31274): STB-SSO: sso-stb-enable_log_for_sso_api-status-false-Attempt to invoke virtual method 'int java.lang.String.length()' on a null object reference
06-11 15:53:07.545 D/JIOACCOUNT--(31274): SSOApplicationGlobal ->printApplicationDetails
06-11 15:53:07.546 W/libc    (31274): Access denied finding property "ro.serialno"
06-11 15:53:07.549 D/Class:Constants$Companion: Line: 39, Method: z(31274): STB-SSO: permission: android.permission.READ_PHONE_STATE = 		DENIED
06-11 15:53:07.549 D/Class:Constants$Companion: Line: 39, Method: z(31274): STB-SSO: permission: android.permission.READ_PRIVILEGED_PHONE_STATE = 		GRANTED
06-11 15:53:07.550 D/Class:Constants$Companion: Line: 67, Method: G(31274): STB-SSO: app-details-versionCode-535-versionName-5.3.5-buildType-JIOFIBER-serialNumber-
06-11 15:53:07.550 D/JIOACCOUNT--(31274): getLoginInfo
06-11 15:53:07.554 D/JIOACCOUNT--(31274): loginDaoObject -> [SSODBLoginModel(id=1, loginType=3, name=+918355988439, username=+918355988439, subscriberId=8355988439, uniqueId=9d9a1a0b-8a2c-4ea7-bf0a-f477497acbc6, ssoToken=eyJhbGciOiJFUzI1NiJ9.eyJ1bmlxdWUiOiI5ZDlhMWEwYi04YTJjLTRlYTctYmYwYS1mNDc3NDk3YWNiYzYiLCJ1c2VyVHlwZSI6IlJJTHBlcnNvbiIsImF1dGhMZXZlbCI6IjMwIiwiZGV2aWNlSWQiOiI0MzE0ZjZlZmM0ZTE5MDU2YWQ4NDVlODlkN2I4MTg1ZGE5OTYwNmMxOWY5YmQ4ODgxNWI4MjlmZmZjMWI3MDNhNGI3NThlYWVmYjZhYzVkMjJkNDc4OWJkZWY1YzdlYzYyMjk1NzhhNTIxNjUwZGU5ZjE0YTdiOGE3ZjI3MjQzMSIsInJlYWxtIjoibm9uLWppbyIsImlhdCI6MTc0OTYzNjQ4N30.mPpjnNQ3Bke_txFlHQYfj8xV7UGVRmihUwdTaJOP4cy-S-J334SkjyyLC5nG0dM_CPg8TC46DM8wGpqvnJ1Jdw, mobileNumber=8355988439, lbCookie=, updateTimeStamp=1749636487500, jToken=, deviceId=, methodCalledTime=1748431850130, connectedOnt=)]
06-11 15:53:07.574 D/OkHttp  (31274): --> GET https://tv.media.jio.com/apis/v2.0/service/get
06-11 15:53:07.574 D/OkHttp  (31274): name: in.startv.hotstar
06-11 15:53:07.574 D/OkHttp  (31274): ssotoken: eyJhbGciOiJFUzI1NiJ9.eyJ1bmlxdWUiOiI5ZDlhMWEwYi04YTJjLTRlYTctYmYwYS1mNDc3NDk3YWNiYzYiLCJ1c2VyVHlwZSI6IlJJTHBlcnNvbiIsImF1dGhMZXZlbCI6IjMwIiwiZGV2aWNlSWQiOiI0MzE0ZjZlZmM0ZTE5MDU2YWQ4NDVlODlkN2I4MTg1ZGE5OTYwNmMxOWY5YmQ4ODgxNWI4MjlmZmZjMWI3MDNhNGI3NThlYWVmYjZhYzVkMjJkNDc4OWJkZWY1YzdlYzYyMjk1NzhhNTIxNjUwZGU5ZjE0YTdiOGE3ZjI3MjQzMSIsInJlYWxtIjoibm9uLWppbyIsImlhdCI6MTc0OTYzNjQ4N30.mPpjnNQ3Bke_txFlHQYfj8xV7UGVRmihUwdTaJOP4cy-S-J334SkjyyLC5nG0dM_CPg8TC46DM8wGpqvnJ1Jdw
06-11 15:53:07.574 D/OkHttp  (31274): uniqueid: 9d9a1a0b-8a2c-4ea7-bf0a-f477497acbc6
06-11 15:53:07.574 D/OkHttp  (31274): appname: JPL_JioSmartTV
06-11 15:53:07.574 D/OkHttp  (31274): x-api-key: l7xxba9140cc92944a83ad95553ce3f4521a
06-11 15:53:07.575 D/OkHttp  (31274): appkey: 06758e99be484fca56fb
06-11 15:53:07.575 D/OkHttp  (31274): --> END GET
06-11 15:53:07.604 D/OkHttp  (31274): <-- 200 https://tv.media.jio.com/apis/v2.0/service/get (29ms)
06-11 15:53:07.604 D/OkHttp  (31274): content-type: application/json
06-11 15:53:07.604 D/OkHttp  (31274): access-control-allow-origin: *
06-11 15:53:07.604 D/OkHttp  (31274): x-time: 0.001
06-11 15:53:07.604 D/OkHttp  (31274): accept-ranges: bytes
06-11 15:53:07.604 D/OkHttp  (31274): date: Wed, 11 Jun 2025 10:23:07 GMT
06-11 15:53:07.607 D/OkHttp  (31274): via: 1.1 varnish
06-11 15:53:07.607 D/OkHttp  (31274): x-served-by: cache-rj-vabb4300026-RJ-VABB
06-11 15:53:07.607 D/OkHttp  (31274): x-cache: MISS
06-11 15:53:07.607 D/OkHttp  (31274): x-cache-hits: 0
06-11 15:53:07.607 D/OkHttp  (31274): x-timer: S1749637387.199084,VS0,VE3
06-11 15:53:07.607 D/OkHttp  (31274): vary: Accept-Encoding
06-11 15:53:07.607 D/OkHttp  (31274): strict-transport-security: max-age=300
06-11 15:53:07.609 D/OkHttp  (31274): {"code":200,"allow":true}
06-11 15:53:07.609 D/OkHttp  (31274): <-- END HTTP (25-byte body)
06-11 15:53:07.610 D/JIOACCOUNT--(31274): packageResponse -> {"code":200,"allow":true} packageName ->in.startv.hotstar
06-11 15:53:07.612 D/TrafficStats(31970): tagSocket(69) with statsTag=0xffffffff, statsUid=-1
06-11 15:53:07.615 D/[43    ] JioAccount-ADC(31274): v2.a a> Event: XJSSOE3
06-11 15:53:07.615 V/[43    ] JioAccount-ADC(31274): v2.a a> XJSSOE3	PARAMETERS:
06-11 15:53:07.618 D/EventGDTLogger(31970): Session Event Type: SESSION_START
06-11 15:53:07.618 D/SessionFirelogPublisher(31970): Successfully logged Session Start event.
06-11 15:53:07.620 D/[53    ] JioAccount-ADC(31274): com.jio.adc.core.b c> Getting ServiceInfo
06-11 15:53:07.621 D/[53    ] JioAccount-ADC(31274): com.jio.adc.core.b c> Starting Bind...
06-11 15:53:07.626 D/[2     ] JioAccount-ADC(31274): com.jio.adc.core.b$2 onServiceConnected> Connected
06-11 15:53:07.628 D/[2     ] JioAccount-ADC(31274): com.jio.adc.core.b$c$1 h> PROCESSING EVENT: XJSSOE3; TIME: 11-06-25 15:53:07:615; PARAMETERS: {"XJSSOP13":"in.startv.hotstar","XJSSOP14":true,"XJSSOP15":""}
06-11 15:53:07.629 D/[53    ] JioAccount-ADC(31274): com.jio.adc.core.b c> Binding...
06-11 15:53:07.635 D/TrafficStats(31970): tagSocket(93) with statsTag=0xffffffff, statsUid=-1
06-11 15:53:07.643 V/[2     ] JioAccount-ADC(31274): com.jio.adc.core.b$c$1 h> Event Written: XJSSOE3; TIME: 11-06-25 15:53:07:615; PARAMETERS: {"XJSSOP13":"in.startv.hotstar","XJSSOP14":true,"XJSSOP15":""}
06-11 15:53:07.643 D/InputMethodManagerService(  631): --- calledFromForegroundUserOrSystemProcess ? calling uid = 10021 system uid = 1000 calling userId = 0, foreground user id = 0, calling pid = 1389com.android.server.inputmethod.InputMethodManagerService.getCurrentInputMethodSubtype(InputMethodManagerService.java:5602)
06-11 15:53:07.646 I/audio_hw_primary(  435): audiohal_get_latency  stream:0xa4086720 frames:3072 out->config.rate:48000 whole_latency:64, alsa_latency:64, 
06-11 15:53:07.655 W/AudioFlinger(  673): createTrack_l(): mismatch between requested flags (00000004) and output flags (00000002)
06-11 15:53:07.656 D/AF::TrackHandle(  673): OpPlayAudio: track:103 usage:1 not muted
06-11 15:53:07.657 I/audio_hw_primary(  435): audiohal_get_latency  stream:0xa4086720 frames:3072 out->config.rate:48000 whole_latency:64, alsa_latency:64, 
06-11 15:53:07.661 I/audio_hw_primary(  435): [adev_set_audio_port_config:9274] id:2, dev:OUT_SPEAKER, role:SINK, type:DEVICE, gain:-3647
06-11 15:53:07.661 I/audio_hw_primary(  435): [adev_set_audio_port_config:9359] set sink_gain[SPEAKER]: 0.015014, cur_out_devices:0x2
06-11 15:53:07.664 I/appium  (31908): Took 1ms to retrieve 0 matches for '//android.widget.ImageView[@resource-id='in.startv.hotstar:id/iv_profile']' XPath2 query
06-11 15:53:07.664 I/sub_mixing_factory(  435): [usecase_change_validate_l_sm:1368] ++++continuous:0 dev masks:0, out masks:0, out usecase PCM_NORMAL
06-11 15:53:07.664 I/sub_mixing_factory(  435): [usecase_change_validate_l_sm:1375] add usecase PCM_NORMAL, cnt 1
06-11 15:53:07.664 D/sub_mixing_factory(  435): [usecase_change_validate_l_sm:1387] cur dev masks:0, add out usecase:PCM_NORMAL
06-11 15:53:07.664 I/sub_mixing_factory(  435): [usecase_change_validate_l_sm:1412] ----continuous:0 dev masks:0x1, out masks:0x1, out usecase PCM_NORMAL
06-11 15:53:07.665 D/aml_audio_port(  435): [setPortConfig:281] +++ch mask = 0x3, fmt 0x1, samplerate 48000
06-11 15:53:07.665 D/aml_audio_port(  435): [new_input_port:341] buf_frames:384,frame_size:4 ==> thunk_size:1536
06-11 15:53:07.665 I/aml_audio_port(  435): [get_input_port_type:112] samplerate:48000, flags:0x2, channel_cnt:2
06-11 15:53:07.665 D/aml_audio_port(  435): [new_input_port:371] inport:PCM_SYSTEM, buf:6144, direct:0, format:0x1, rate:48000, ch:2
06-11 15:53:07.667 D/amlAudioMixer(  435): [mixer_get_available_inport_index:128] +inportsAvailMasks: 0xff
06-11 15:53:07.667 D/amlAudioMixer(  435): [mixer_get_available_inport_index:131] -inportsAvailMasks:0xfe, index 0
06-11 15:53:07.667 I/amlAudioMixer(  435): [init_mixer_input_port:177] input port:PCM_SYSTEM, size 384 frames, frame_write_sum:32618496
06-11 15:53:07.667 I/aml_audio_port(  435): [get_input_port_type:112] samplerate:48000, flags:0x2, channel_cnt:2
06-11 15:53:07.667 I/sub_mixing_factory(  435): [mixer_aux_buffer_write_sm:1217] stream 0xa4086720 input port:PCM_SYSTEM
06-11 15:53:07.667 I/sub_mixing_factory(  435): [mixer_aux_buffer_write_sm:1228] padding_bytes 12288
06-11 15:53:07.667 I/amlAudioMixer(  435): [mixer_write_inport:271] input port:PCM_SYSTEM is active now
06-11 15:53:07.667 I/sub_mixing_factory(  435): [mixer_aux_buffer_write_sm:1228] padding_bytes 10752
06-11 15:53:07.667 I/sub_mixing_factory(  435): [mixer_aux_buffer_write_sm:1228] padding_bytes 9216
06-11 15:53:07.667 I/sub_mixing_factory(  435): [mixer_aux_buffer_write_sm:1228] padding_bytes 7680
06-11 15:53:07.667 I/sub_mixing_factory(  435): [mixer_aux_buffer_write_sm:1228] padding_bytes 6144
06-11 15:53:07.670 I/appium  (31908): AppiumResponse: {"sessionId":"8f5912d5-f693-4974-8552-abb28d2226d2","value":{"error":"no such element","message":"An element could not be located on the page using the given search parameters","stacktrace":"io.appium.uiautomator2.common.exceptions.ElementNotFoundException: An element could not be located on the page using the given search parameters\n\tat io.appium.uiautomator2.utils.ElementLocationHelpers.findElement(ElementLocationHelpers.java:156)\n\tat io.appium.uiautomator2.handler.FindElement.safeHandle(FindElement.java:60)\n\tat io.appium.uiautomator2.handler.request.SafeRequestHandler.handle(SafeRequestHandler.java:59)\n\tat io.appium.uiautomator2.server.AppiumServlet.handleRequest(AppiumServlet.java:259)\n\tat io.appium.uiautomator2.server.AppiumServlet.handleHttpRequest(AppiumServlet.java:253)\n\tat io.appium.uiautomator2.http.ServerHandler.channelRead(ServerHandler.java:77)\n\tat io.netty.channel.AbstractChannelHandlerContext.invokeChannelRead(AbstractChannelHandlerContext.java:374)\n\tat io.netty.channel.AbstractChannelHandlerContext.invokeChannelRead(AbstractChannelHandlerContext.java:360)\n\tat io.netty.channel.AbstractChannelHandlerContext.fireChannelRead(AbstractChannelHandlerContext.java:352)\n\tat io.netty.handler.codec.MessageToMessageDecoder.channelRead(MessageToMessageDecoder.java:102)\n\tat io.netty.channel.AbstractChannelHandlerContext.invokeChannelRead(AbstractChannelHandlerContext.java:374)\n\tat io.netty.channel.AbstractChannelHandlerContext.invokeChannelRead(AbstractChannelHandlerContext.java:360)\n\tat io.netty.channel.AbstractChannelHandlerContext.fireChannelRead(AbstractChannelHandlerContext.java:352)\n\tat io.netty.channel.CombinedChannelDuplexHandler$DelegatingChannelHandlerContext.fireChannelRead(CombinedChannelDuplexHandler.java:438)\n\tat io.netty.handler.codec.ByteToMessageDecoder.fireChannelRead(ByteToMessageDecoder.java:328)\n\tat io.netty.handler.codec.ByteToMessageDecoder.channelRead(ByteToMessageDecoder.java:302)\n\tat io.netty.channel.CombinedChannelDuplexHandler.channelRead(CombinedChannelDuplexHandler.java:253)\n\tat io.netty.channel.AbstractChannelHandlerContext.invokeChannelRead(AbstractChannelHandlerContext.java:374)\n\tat io.netty.channel.AbstractChannelHandlerContext.invokeChannelRead(AbstractChannelHandlerContext.java:360)\n\tat io.netty.channel.AbstractChannelHandlerContext.fireChannelRead(AbstractChannelHandlerContext.java:352)\n\tat io.netty.handler.timeout.IdleStateHandler.channelRead(IdleStateHandler.java:287)\n\tat io.netty.channel.AbstractChannelHandlerContext.invokeChannelRead(AbstractChannelHandlerContext.java:374)\n\tat io.netty.channel.AbstractChannelHandlerContext.invokeChannelRead(AbstractChannelHandlerContext.java:360)\n\tat io.netty.channel.AbstractChannelHandlerContext.fireChannelRead(AbstractChannelHandlerContext.java:352)\n\tat io.netty.channel.DefaultChannelPipeline$HeadContext.channelRead(DefaultChannelPipeline.java:1422)\n\tat io.netty.channel.AbstractChannelHandlerContext.invokeChannelRead(AbstractChannelHandlerContext.java:374)\n\tat io.netty.channel.AbstractChannelHandlerContext.invokeChannelRead(AbstractChannelHandlerContext.java:360)\n\tat io.netty.channel.DefaultChannelPipeline.fireChannelRead(DefaultChannelPipeline.java:931)\n\tat io.netty.channel.nio.AbstractNioByteChannel$NioByteUnsafe.read(AbstractNioByteChannel.java:163)\n\tat io.netty.channel.nio.NioEventLoop.processSelectedKey(NioEventLoop.java:700)\n\tat io.netty.channel.nio.NioEventLoop.processSelectedKeysOptimized(NioEventLoop.java:635)\n\tat io.netty.channel.nio.NioEventLoop.processSelectedKeys(NioEventLoop.java:552)\n\tat io.netty.channel.nio.NioEventLoop.run(NioEventLoop.java:514)\n\tat io.netty.util.concurrent.SingleThreadEventExecutor$6.run(SingleThreadEventExecutor.java:1044)\n\tat io.netty.util.internal.ThreadExecutorMap$2.run(ThreadExecutorMap.java:74)\n\tat io.netty.util.concurrent.FastThreadLocalRunnable.run(FastThreadLocalRunnable.java:30)\n\tat java.lang.Thread.run(Thread.java:1012)\n"}}
06-11 15:53:07.675 I/amlAudioMixer(  435): [mixer_inports_read:822] input port:PCM_SYSTEM first start, portId:0, avail:6144
06-11 15:53:07.676 I/sub_mixing_factory(  435): [mixer_aux_buffer_write_sm:1228] padding_bytes 4608
06-11 15:53:07.676 I/sub_mixing_factory(  435): [mixer_aux_buffer_write_sm:1228] padding_bytes 3072
06-11 15:53:07.686 I/sub_mixing_factory(  435): [mixer_aux_buffer_write_sm:1228] padding_bytes 1536
06-11 15:53:07.714 V/RootBeer(31970): b: a() [44] - /system/xbin/su binary detected!
06-11 15:53:07.718 I/AlarmManager(  631): setImpl sPackageName is null callingPackage is android
06-11 15:53:07.718 I/AlarmManager(  631): Setting Wakeup Alarm type[2] sPackageName is null @19467012 and next wakeup alarm is @Wed Jun 11 11:07:19 GMT+05:30 2025
06-11 15:53:07.728 D/TrafficStats(31970): tagSocket(103) with statsTag=0xffffffff, statsUid=-1
06-11 15:53:07.741 I/audio_hw_primary(  435): [audio_stream_out,stream_id:0xa4086720] time_diff[20385163]us stream_type[pcm] sync_mode[non tunnel] input_size[130482176]bytes, last_position[32615424], last_time[17148612920]us, delay[5120], jitter[17511]ms
06-11 15:53:07.769 W/TransactionTracing(  285): Could not find layer handle 0x9fdc7910
06-11 15:53:07.769 W/TransactionTracing(  285): Could not find layer handle 0xa8999390
06-11 15:53:07.859 D/CoreBackPreview(  631): Window{1bef8e2 u0 Splash Screen in.startv.hotstar EXITING}: Setting back callback null
06-11 15:53:07.861 D/CompatibilityChangeReporter(  631): Compat change id reported: 161145287; UID 10083; state: DISABLED
06-11 15:53:07.862 W/InputManager-JNI(  631): Input channel object '1bef8e2 Splash Screen in.startv.hotstar (client)' was disposed without first being removed with the input manager!
06-11 15:53:07.909 W/FrameTracker(  839): Missing SF jank callback for vsyncId: 170454
06-11 15:53:07.909 W/FrameTracker(  839): Missing SF jank callback for vsyncId: 170469
06-11 15:53:07.909 W/FrameTracker(  839): Missing SF jank callback for vsyncId: 170483
06-11 15:53:07.910 V/PerfettoTrigger(  839): Triggering /system/bin/trigger_perfetto com.android.telemetry.interaction-jank-monitor-39
06-11 15:53:07.958 I/FirebaseCrashlytics(31970): Saved version control info
06-11 15:53:07.973 D/TrafficStats(31970): tagSocket(151) with statsTag=0xffffffff, statsUid=-1
06-11 15:53:07.990 I/DrmHalHidl(31970): found instance=playready version=android.hardware.drm@1.4::IDrmFactory
06-11 15:53:07.990 I/DrmHalHidl(31970): found instance=youtube version=android.hardware.drm@1.4::IDrmFactory
06-11 15:53:07.993 I/DrmUtils(31970): found IDrmFactory. Instance name:[android.hardware.drm.IDrmFactory/clearkey]
06-11 15:53:07.994 I/DrmUtils(31970): found IDrmFactory. Instance name:[android.hardware.drm.IDrmFactory/verimatrix]
06-11 15:53:07.995 I/DrmUtils(31970): found IDrmFactory. Instance name:[android.hardware.drm.IDrmFactory/widevine]
06-11 15:53:07.995 I/WVCdm-DrmFactory(  442): [app][in.startv.hotstar] calling virtual ::ndk::ScopedAStatus wvdrm::hardware::drm::widevine::WVDrmFactory::createDrmPlugin(const aidl::android::hardware::drm::Uuid &, const std::string &, std::shared_ptr< ::aidl::android::hardware::drm::IDrmPlugin> *)
06-11 15:53:07.995 D/WVCdm   (  442): Instantiating CDM.
06-11 15:53:07.999 D/WVCdm   (  442): [cdm_engine.cpp(551):QueryStatus] security_level = Default, query_token = HdcpLevel
06-11 15:53:07.999 I/WVCdm   (  442): [file_utils.cpp(38):Exists] stat failed: ENOENT
06-11 15:53:08.000 I/WVCdm   (  442): [oemcrypto_adapter_dynamic.cpp(849):Initialize] Level 3 Build Info (v17): OEMCrypto Level3 Code Feb  2 2023 05:14:35 28923 ARM 32bit APIv17.1
06-11 15:53:08.003 I/WVCdm   (  442): [(0):] Level3 Library 28923 Feb  2 2023 05:14:35
06-11 15:53:08.011 I/WVCdm   (  442): [oemcrypto_adapter_dynamic.cpp(863):Initialize] L3 Initialized. Trying L1.
06-11 15:53:08.024 W/WVCdm   (  442): [oemcrypto_adapter_dynamic.cpp(1017):LoadLevel1] Could not load L1 _oecc90.
06-11 15:53:08.025 W/WVCdm   (  442): [oemcrypto_adapter_dynamic.cpp(1055):LoadLevel1] Could not load L1 _oecc57.
06-11 15:53:08.025 W/WVCdm   (  442): [oemcrypto_adapter_dynamic.cpp(1057):LoadLevel1] Could not load L1 _oecc18.
06-11 15:53:08.025 W/WVCdm   (  442): [oemcrypto_adapter_dynamic.cpp(1058):LoadLevel1] Could not load L1 _oecc51.
06-11 15:53:08.025 W/WVCdm   (  442): [oemcrypto_adapter_dynamic.cpp(1059):LoadLevel1] Could not load L1 _oecc23.
06-11 15:53:08.025 D/WVCdm   (  442): [oemcrypto_adapter_dynamic.cpp(882):Initialize] OEMCrypto_Initialize Level 1 success. I will use level 1.
06-11 15:53:08.026 I/WVCdm   (  442): [oemcrypto_adapter_dynamic.cpp(892):Initialize] Level 1 Build Info (v17): Widevine OPK v17.3.0 
06-11 15:53:08.026 I/WVCdm   (  442): [file_utils.cpp(38):Exists] stat failed: ENOENT
06-11 15:53:08.027 D/WVCdm   (  442): [crypto_session.cpp(411):CacheVersion] OEMCrypto version (default security level): 17.3
06-11 15:53:08.027 D/WVCdm   (  442): [crypto_session.cpp(420):CacheVersion] OEMCrypto version (L3 security level): 17.1
06-11 15:53:08.027 D/WVCdm   (  442): [cdm_engine.cpp(551):QueryStatus] security_level = Default, query_token = MaxHdcpLevel
06-11 15:53:08.030 D/WVCdm   (  442): [cdm_engine.cpp(551):QueryStatus] security_level = Default, query_token = HdcpLevel
06-11 15:53:08.030 D/WVCdm   (  442): [cdm_engine.cpp(551):QueryStatus] security_level = Default, query_token = MaxHdcpLevel
06-11 15:53:08.032 W/TransactionTracing(  285): Could not find layer handle 0x9fdca3d0
06-11 15:53:08.032 W/TransactionTracing(  285): Could not find layer handle 0xa89ba010
06-11 15:53:08.032 W/TransactionTracing(  285): Could not find layer handle 0xa89bc390
06-11 15:53:08.032 W/TransactionTracing(  285): Could not find layer handle 0xa89bc390
06-11 15:53:08.032 W/TransactionTracing(  285): Could not find layer handle 0xa89ba010
06-11 15:53:08.033 D/MesonHwc(  282): freeSolidColorBufferLocked free -1
06-11 15:53:08.052 I/WVCdm   (  442): [(0):] L3 Terminate.
06-11 15:53:08.052 E/WVCdm   (  442): [oemcrypto_adapter_dynamic.cpp(904):Level1Terminate] L1 Terminate
06-11 15:53:08.052 I/cas_dsm (  442): [cas_dsm_close_all_sessions:459]
06-11 15:53:08.054 D/WVCdm   (  442): [cdm_engine.cpp(551):QueryStatus] security_level = Default, query_token = NumberOfOpenSessions
06-11 15:53:08.054 I/WVCdm   (  442): [file_utils.cpp(38):Exists] stat failed: ENOENT
06-11 15:53:08.055 I/WVCdm   (  442): [oemcrypto_adapter_dynamic.cpp(849):Initialize] Level 3 Build Info (v17): OEMCrypto Level3 Code Feb  2 2023 05:14:35 28923 ARM 32bit APIv17.1
06-11 15:53:08.056 I/WVCdm   (  442): [(0):] Level3 Library 28923 Feb  2 2023 05:14:35
06-11 15:53:08.063 I/WVCdm   (  442): [oemcrypto_adapter_dynamic.cpp(863):Initialize] L3 Initialized. Trying L1.
06-11 15:53:08.071 D/TrafficStats(31970): tagSocket(155) with statsTag=0xffffffff, statsUid=-1
06-11 15:53:08.074 W/WVCdm   (  442): [oemcrypto_adapter_dynamic.cpp(1017):LoadLevel1] Could not load L1 _oecc90.
06-11 15:53:08.075 W/WVCdm   (  442): [oemcrypto_adapter_dynamic.cpp(1055):LoadLevel1] Could not load L1 _oecc57.
06-11 15:53:08.075 W/WVCdm   (  442): [oemcrypto_adapter_dynamic.cpp(1057):LoadLevel1] Could not load L1 _oecc18.
06-11 15:53:08.075 W/WVCdm   (  442): [oemcrypto_adapter_dynamic.cpp(1058):LoadLevel1] Could not load L1 _oecc51.
06-11 15:53:08.075 W/WVCdm   (  442): [oemcrypto_adapter_dynamic.cpp(1059):LoadLevel1] Could not load L1 _oecc23.
06-11 15:53:08.075 D/WVCdm   (  442): [oemcrypto_adapter_dynamic.cpp(882):Initialize] OEMCrypto_Initialize Level 1 success. I will use level 1.
06-11 15:53:08.076 I/WVCdm   (  442): [oemcrypto_adapter_dynamic.cpp(892):Initialize] Level 1 Build Info (v17): Widevine OPK v17.3.0 
06-11 15:53:08.076 I/WVCdm   (  442): [file_utils.cpp(38):Exists] stat failed: ENOENT
06-11 15:53:08.077 D/WVCdm   (  442): [crypto_session.cpp(411):CacheVersion] OEMCrypto version (default security level): 17.3
06-11 15:53:08.077 D/WVCdm   (  442): [crypto_session.cpp(420):CacheVersion] OEMCrypto version (L3 security level): 17.1
06-11 15:53:08.077 D/WVCdm   (  442): [cdm_engine.cpp(551):QueryStatus] security_level = Default, query_token = MaxNumberOfSessions
06-11 15:53:08.078 D/WVCdm   (  442): [cdm_engine.cpp(551):QueryStatus] security_level = Default, query_token = WidevineCdmVersion
06-11 15:53:08.079 D/WVCdm   (  442): [cdm_engine.cpp(551):QueryStatus] security_level = Default, query_token = SecurityLevel
06-11 15:53:08.079 D/WVCdm   (  442): [cdm_engine.cpp(551):QueryStatus] security_level = Default, query_token = SystemID
06-11 15:53:08.080 E/WVCdm   (  442): [crypto_session.cpp(803):GetCachedSystemId] Crypto session is not open
06-11 15:53:08.081 I/WVCdm   (  442): [file_utils.cpp(38):Exists] stat failed: ENOENT
06-11 15:53:08.089 I/WVCdm   (  442): [(0):] L3 Terminate.
06-11 15:53:08.089 E/WVCdm   (  442): [oemcrypto_adapter_dynamic.cpp(904):Level1Terminate] L1 Terminate
06-11 15:53:08.090 I/cas_dsm (  442): [cas_dsm_close_all_sessions:459]
06-11 15:53:08.094 D/statsd_drm(  555): statsd_mediadrm skipping empty entry
06-11 15:53:08.094 E/DrmHalHidl(31970): Failed to get vendor from drm plugin: -19
06-11 15:53:08.094 E/DrmHalHidl(31970): Failed to get description from drm plugin: -19
06-11 15:53:08.104 I/AlarmManager(  631): setImpl sPackageName is null callingPackage is android
06-11 15:53:08.106 I/AlarmManager(  631): Setting Wakeup Alarm type[2] sPackageName is null @22186676 and next wakeup alarm is @Wed Jun 11 11:07:19 GMT+05:30 2025
06-11 15:53:08.108 I/AlarmManager(  631): setImpl sPackageName is null callingPackage is android
06-11 15:53:08.108 I/AlarmManager(  631): Setting Wakeup Alarm type[2] sPackageName is null @19466628 and next wakeup alarm is @Wed Jun 11 11:07:19 GMT+05:30 2025
06-11 15:53:08.135 W/AudioCapabilities(31970): Unsupported mime audio/vnd.dts
06-11 15:53:08.136 W/AudioCapabilities(31970): Unsupported mime audio/vnd.dts.hd;profile=lbr
06-11 15:53:08.137 W/AudioCapabilities(31970): Unsupported mime audio/vnd.dts.hd
06-11 15:53:08.137 W/AudioCapabilities(31970): Unsupported mime audio/ffmpeg
06-11 15:53:08.138 W/VideoCapabilities(31970): Unsupported mime video/x-vnd.on2.vp6a
06-11 15:53:08.138 W/VideoCapabilities(31970): Unsupported mime video/x-vnd.on2.vp6f
06-11 15:53:08.140 W/VideoCapabilities(31970): Unsupported mime video/avs
06-11 15:53:08.141 W/VideoCapabilities(31970): Unsupported mime video/avs2
06-11 15:53:08.141 W/VideoCapabilities(31970): Unsupported mime video/dolby-vision
06-11 15:53:08.141 W/VideoCapabilities(31970): Unsupported mime video/dolby-vision
06-11 15:53:08.142 W/VideoCapabilities(31970): Unsupported mime video/dolby-vision
06-11 15:53:08.142 W/VideoCapabilities(31970): Unsupported mime video/dolby-vision
06-11 15:53:08.143 W/VideoCapabilities(31970): Unsupported mime video/dolby-vision
06-11 15:53:08.143 W/VideoCapabilities(31970): Unsupported mime video/dolby-vision
06-11 15:53:08.144 W/VideoCapabilities(31970): Unrecognized profile/level 1/256 for video/3gpp
06-11 15:53:08.144 W/VideoCapabilities(31970): Unrecognized profile/level 1/512 for video/3gpp
06-11 15:53:08.144 W/VideoCapabilities(31970): Unrecognized profile/level 1/1024 for video/3gpp
06-11 15:53:08.144 W/VideoCapabilities(31970): Unrecognized profile/level 1/2048 for video/3gpp
06-11 15:53:08.144 W/VideoCapabilities(31970): Unrecognized profile/level 1/4096 for video/3gpp
06-11 15:53:08.144 W/VideoCapabilities(31970): Unrecognized profile/level 1/8192 for video/3gpp
06-11 15:53:08.144 W/VideoCapabilities(31970): Unrecognized profile/level 1/16384 for video/3gpp
06-11 15:53:08.144 W/VideoCapabilities(31970): Unrecognized profile/level 1/32768 for video/3gpp
06-11 15:53:08.145 W/VideoCapabilities(31970): Unsupported mime video/x-motion-jpeg
06-11 15:53:08.146 W/VideoCapabilities(31970): Unrecognized profile/level 0/3 for video/mpeg2
06-11 15:53:08.146 I/VideoCapabilities(31970): Unsupported profile 2 for video/mpeg2
06-11 15:53:08.146 I/VideoCapabilities(31970): Unsupported profile 3 for video/mpeg2
06-11 15:53:08.146 I/VideoCapabilities(31970): Unsupported profile 4 for video/mpeg2
06-11 15:53:08.146 I/VideoCapabilities(31970): Unsupported profile 5 for video/mpeg2
06-11 15:53:08.147 I/VideoCapabilities(31970): Unsupported profile 2 for video/mp4v-es
06-11 15:53:08.147 I/VideoCapabilities(31970): Unsupported profile 4 for video/mp4v-es
06-11 15:53:08.147 I/VideoCapabilities(31970): Unsupported profile 8 for video/mp4v-es
06-11 15:53:08.147 I/VideoCapabilities(31970): Unsupported profile 16 for video/mp4v-es
06-11 15:53:08.147 I/VideoCapabilities(31970): Unsupported profile 32 for video/mp4v-es
06-11 15:53:08.147 I/VideoCapabilities(31970): Unsupported profile 64 for video/mp4v-es
06-11 15:53:08.147 I/VideoCapabilities(31970): Unsupported profile 128 for video/mp4v-es
06-11 15:53:08.147 I/VideoCapabilities(31970): Unsupported profile 256 for video/mp4v-es
06-11 15:53:08.147 I/VideoCapabilities(31970): Unsupported profile 512 for video/mp4v-es
06-11 15:53:08.147 I/VideoCapabilities(31970): Unsupported profile 1024 for video/mp4v-es
06-11 15:53:08.147 I/VideoCapabilities(31970): Unsupported profile 2048 for video/mp4v-es
06-11 15:53:08.148 I/VideoCapabilities(31970): Unsupported profile 4096 for video/mp4v-es
06-11 15:53:08.148 I/VideoCapabilities(31970): Unsupported profile 8192 for video/mp4v-es
06-11 15:53:08.148 I/VideoCapabilities(31970): Unsupported profile 16384 for video/mp4v-es
06-11 15:53:08.149 W/VideoCapabilities(31970): Unsupported mime video/rm10
06-11 15:53:08.149 W/VideoCapabilities(31970): Unsupported mime video/rm20
06-11 15:53:08.150 W/VideoCapabilities(31970): Unsupported mime video/rm30
06-11 15:53:08.150 W/VideoCapabilities(31970): Unsupported mime video/rm40
06-11 15:53:08.150 W/VideoCapabilities(31970): Unsupported mime video/vc1
06-11 15:53:08.151 W/Utils   (31970): could not parse long range '1-'
06-11 15:53:08.152 W/VideoCapabilities(31970): Unrecognized level 16 for video/x-vnd.on2.vp8
06-11 15:53:08.152 W/VideoCapabilities(31970): Unrecognized level 32 for video/x-vnd.on2.vp8
06-11 15:53:08.152 W/VideoCapabilities(31970): Unrecognized level 64 for video/x-vnd.on2.vp8
06-11 15:53:08.152 W/VideoCapabilities(31970): Unrecognized level 128 for video/x-vnd.on2.vp8
06-11 15:53:08.152 W/VideoCapabilities(31970): Unrecognized level 256 for video/x-vnd.on2.vp8
06-11 15:53:08.152 W/VideoCapabilities(31970): Unrecognized level 512 for video/x-vnd.on2.vp8
06-11 15:53:08.152 W/VideoCapabilities(31970): Unrecognized level 1024 for video/x-vnd.on2.vp8
06-11 15:53:08.152 W/VideoCapabilities(31970): Unrecognized level 2048 for video/x-vnd.on2.vp8
06-11 15:53:08.152 W/VideoCapabilities(31970): Unrecognized level 4096 for video/x-vnd.on2.vp8
06-11 15:53:08.152 W/VideoCapabilities(31970): Unrecognized level 8192 for video/x-vnd.on2.vp8
06-11 15:53:08.152 W/VideoCapabilities(31970): Unrecognized level 16384 for video/x-vnd.on2.vp8
06-11 15:53:08.152 W/VideoCapabilities(31970): Unrecognized level 32768 for video/x-vnd.on2.vp8
06-11 15:53:08.152 W/VideoCapabilities(31970): Unsupported mime video/wmv3
06-11 15:53:08.154 W/VideoCapabilities(31970): Unsupported mime video/wmv3
06-11 15:53:08.154 W/VideoCapabilities(31970): Unsupported mime video/wmv1
06-11 15:53:08.155 W/VideoCapabilities(31970): Unsupported mime video/wmv2
06-11 15:53:08.155 W/VideoCapabilities(31970): Unsupported mime video/x-ms-wmv
06-11 15:53:08.156 W/VideoCapabilities(31970): Unsupported mime video/wvc1
06-11 15:53:08.156 W/Utils   (31970): could not parse long range '1-'
06-11 15:53:08.173 D/MediaCodecInfo(31970): NoSupport [sizeAndRate.support, 1920x1080x25.0] [c2.android.hevc.decoder, video/hevc] [4KTV, JSTV220, Jio, 33]
06-11 15:53:08.174 D/MediaCodecInfo(31970): NoSupport [sizeAndRate.support, 1920x1080x25.0] [c2.android.hevc.decoder, video/hevc] [4KTV, JSTV220, Jio, 33]
06-11 15:53:08.174 D/MediaCodecInfo(31970): NoSupport [sizeAndRate.support, 1920x1080x25.0] [c2.android.vp9.decoder, video/x-vnd.on2.vp9] [4KTV, JSTV220, Jio, 33]
06-11 15:53:08.175 D/MediaCodecInfo(31970): NoSupport [sizeAndRate.support, 1920x1080x25.0] [c2.android.vp9.decoder, video/x-vnd.on2.vp9] [4KTV, JSTV220, Jio, 33]
06-11 15:53:08.199 I/appium  (31908): channel read: POST /session/8f5912d5-f693-4974-8552-abb28d2226d2/element
06-11 15:53:08.200 I/appium  (31908): FindElement command
06-11 15:53:08.205 I/appium  (31908): method: 'xpath', selector: '//android.widget.ImageView[@resource-id='in.startv.hotstar:id/iv_profile']'
06-11 15:53:08.205 I/appium  (31908): Waiting up to 10000ms for the device to idle
06-11 15:53:08.245 D/TrafficStats(31970): tagSocket(104) with statsTag=0xffffffff, statsUid=-1
06-11 15:53:08.373 D/JioSettings(23032): A : nonInteractiveSleep: count::0::timeout::0
06-11 15:53:08.373 D/JioSettings(23032): A : inactivity: count::21::timeout::10680
06-11 15:53:08.377 D/JioSettings(23032): A : startScheduler::isScreenOFF::false::isMusicInProgress::true::isDreaming::false
06-11 15:53:08.377 D/JioSettings(23032): A : startScheduler::resetInactivity
06-11 15:53:08.377 D/JioSettings(23032): InactivityTimerService : resetInactivityTimer::dismiss::false  ||  shouldUnBlock: true
06-11 15:53:08.377 D/JioSettings(23032): InactivityTimerService : updateKeys:: isBlocking: false
06-11 15:53:08.377 D/JioSettings(23032): a : updateBlockKeys::keys::[]
06-11 15:53:08.377 D/JioSettings(23032): a : getBlockedKeysMap:::
06-11 15:53:08.377 D/JioSettings(23032): a : getBlockedKeys:::
06-11 15:53:08.379 D/JioSettings(23032): a : getBlockedKeysMap:::blockedKeys::{"com.rjil.jiotvsetting":[]}
06-11 15:53:08.387 D/JioSettings(23032): a : setBlockedKeys::keys::{"com.rjil.jiotvsetting":[]}
06-11 15:53:08.389 D/JioSettings(23032): A : startScheduler::isInactivityReached::false::isInactivityOverlayShown::false
06-11 15:53:08.540 I/appium  (31908): The following attributes will be included to the page source: [resource-id]
06-11 15:53:08.670 I/appium  (31908): Took 0ms to retrieve 0 matches for '//android.widget.ImageView[@resource-id='in.startv.hotstar:id/iv_profile']' XPath2 query
