06-11 22:49:22.095 D/InputDispatcher(  633): injectInputEvent - eventType=2, injectorPid=16437, injectorUid=0, syncMode=0, timeout=30000, policyFlags=0x08000000
06-11 22:49:22.096 D/InputDispatcher(  633): injectInputEvent - Finished with result 0. injectorPid=16437, injectorUid=0
06-11 22:49:22.096 D/InputDispatcher(  633): Setting input event injection result to 0.  injectorPid=16437, injectorUid=0
06-11 22:49:22.096 V/InputDispatcher(  633): Asynchronous input event injection succeeded.
06-11 22:49:22.102 I/system_server(  633): oneway function results will be dropped but finished with status OK and parcel size 4
06-11 22:49:22.104 I/sub_mixing_factory(  348): [usecase_change_validate_l_sm:1209] ++++continuous:0 dev masks:0, out masks:0, out usecase PCM_NORMAL
06-11 22:49:22.104 I/sub_mixing_factory(  348): [usecase_change_validate_l_sm:1216] add usecase PCM_NORMAL, cnt 1
06-11 22:49:22.104 D/sub_mixing_factory(  348): [usecase_change_validate_l_sm:1228] cur dev masks:0, add out usecase:PCM_NORMAL
06-11 22:49:22.104 I/sub_mixing_factory(  348): [usecase_change_validate_l_sm:1259] ----continuous:0 dev masks:0x1, out masks:0x1, out usecase PCM_NORMAL
06-11 22:49:22.104 D/aml_audio_port(  348): [new_input_port:260] buf_frames:384,frame_size:4 ==> thunk_size:1536
06-11 22:49:22.104 I/aml_audio_port(  348): [get_input_port_type:109] samplerate:48000, flags:0x2, channel_cnt:2
06-11 22:49:22.104 D/aml_audio_port(  348): [new_input_port:286] inport:PCM_SYSTEM, buf:6144, direct:0, format:0x1, rate:48000, ch:2
06-11 22:49:22.104 I/amlAudioMixer(  348): [init_mixer_input_port:175] input port:PCM_SYSTEM, size 384 frames, frame_write_sum:121387008
06-11 22:49:22.104 I/system_server(  633): oneway function results will be dropped but finished with status OK and parcel size 4
06-11 22:49:22.104 I/aml_audio_port(  348): [get_input_port_type:109] samplerate:48000, flags:0x2, channel_cnt:2
06-11 22:49:22.104 I/sub_mixing_factory(  348): [mixer_aux_buffer_write_sm:1066] stream 0xee269000 input port:PCM_SYSTEM
06-11 22:49:22.104 I/sub_mixing_factory(  348): [mixer_aux_buffer_write_sm:1076] padding_bytes 12288
06-11 22:49:22.104 I/amlAudioMixer(  348): [mixer_write_inport:260] input port:PCM_SYSTEM is active now
06-11 22:49:22.104 I/sub_mixing_factory(  348): [mixer_aux_buffer_write_sm:1076] padding_bytes 10752
06-11 22:49:22.104 I/sub_mixing_factory(  348): [mixer_aux_buffer_write_sm:1076] padding_bytes 9216
06-11 22:49:22.104 I/sub_mixing_factory(  348): [mixer_aux_buffer_write_sm:1076] padding_bytes 7680
06-11 22:49:22.104 I/sub_mixing_factory(  348): [mixer_aux_buffer_write_sm:1076] padding_bytes 6144
06-11 22:49:22.109 I/amlAudioMixer(  348): [mixer_inports_read:704] input port:PCM_SYSTEM first start, portId:0, avail:6144
06-11 22:49:22.111 W/GestureController(16452): Gestures took longer than expected (32ms >> 16ms), device might be in a busy state.
06-11 22:49:22.111 I/appium  (16452): Waiting up to 10000ms for the device to idle
06-11 22:49:22.114 I/sub_mixing_factory(  348): [mixer_aux_buffer_write_sm:1076] padding_bytes 4608
06-11 22:49:22.122 I/sub_mixing_factory(  348): [mixer_aux_buffer_write_sm:1076] padding_bytes 3072
06-11 22:49:22.130 I/sub_mixing_factory(  348): [mixer_aux_buffer_write_sm:1076] padding_bytes 1536
06-11 22:49:22.174 D/stbdpc  (  397): STB_DPGetNumPaths[570]: num_paths: 1
06-11 22:49:22.241 D/AudioAnalytics(  463): gc(1700, 2000): log size:1700 item map size:107, item map items:1700
06-11 22:49:22.275 D/stbdpc  (  397): STB_DPGetNumPaths[570]: num_paths: 1
06-11 22:49:22.375 D/stbdpc  (  397): STB_DPGetNumPaths[570]: num_paths: 1
06-11 22:49:22.419 I/system_server(  633): oneway function results will be dropped but finished with status OK and parcel size 4
06-11 22:49:22.419 W/APM::AudioPolicyEngine(  387): getDevicesForStrategy() unknown strategy: -1
06-11 22:49:22.472 D/rtk_heartbeat(  349): heartbeat_timed_out: heartbeatCmdCount = 8171, expected nextSeqNum = 8171
06-11 22:49:22.473 D/rtk_heartbeat(  349): rtkbt_heartbeat_cmpl_cback: Current SeqNum = 8171,should SeqNum=8171, status = 0
06-11 22:49:22.475 D/stbdpc  (  397): STB_DPGetNumPaths[570]: num_paths: 1
06-11 22:49:22.498 D/dvb_iptv(  397): ReadEmmNetworkTask[1537]: EMM Select Timeout Occured 12
06-11 22:49:22.575 D/stbdpc  (  397): STB_DPGetNumPaths[570]: num_paths: 1
06-11 22:49:22.752 V/DigitalSignage(  633): Package Name: null
06-11 22:49:22.752 V/DigitalSignage(  633): Left: 0
06-11 22:49:22.752 V/DigitalSignage(  633): Right: 0
06-11 22:49:22.752 V/DigitalSignage(  633): Top: 0
06-11 22:49:22.752 V/DigitalSignage(  633): Bottom: 0
06-11 22:49:22.752 D/DigitalSignage(  633): else - Package Name :: null left : 0 right :: 0 top :: 0 bottom :: 0 dfu-right :: 1920 dfu-bottom :: 1080
06-11 22:49:22.775 I/chatty  (  397): uid=0(root) DK-SiCntrl identical 2 lines
06-11 22:49:22.876 D/stbdpc  (  397): STB_DPGetNumPaths[570]: num_paths: 1
06-11 22:49:22.879 D/JioStbInactivityTimer(  926): Timer: count 44 warningTimeout:10680 timeout:10800
06-11 22:49:22.879 D/JioStbInactivityTimer(  926): isUserActive: Curr:8148418 Prev:8148418
06-11 22:49:22.935 D/JioLauncher( 1773): overlay status check for wifi and bt remote false false
06-11 22:49:22.937 D/Match code1( 1439): 2
06-11 22:49:22.937 D/JIO_TR069-( 1439): Predefined List [com.jio.stb.catv, com.rjil.jiostbsetting, com.iwedia.ui.rjio.launcher.reliance, com.jio.stb.hotellauncher, com.jio.media.oberoi, com.jio.ott]
06-11 22:49:22.939 D/JIO_TR069-( 1439): Caller Package com.iwedia.ui.rjio.launcher.reliance
06-11 22:49:22.939 D/JIO_TR069-( 1439): White Listed Apps []
06-11 22:49:22.939 D/JIO_TR069-( 1439): Final White Listed Apps [com.jio.stb.catv, com.rjil.jiostbsetting, com.iwedia.ui.rjio.launcher.reliance, com.jio.stb.hotellauncher, com.jio.media.oberoi, com.jio.ott, ]
06-11 22:49:22.943 D/JioLauncher( 1773): network-type-------NonJioNetwork
06-11 22:49:22.946 D/JioLauncher( 1773): live-tv-previousIp-[/fe80::1%wlan0, /192.168.1.1]-newHost-[/fe80::1%wlan0, /192.168.1.1]
06-11 22:49:22.947 I/ThermalService(  969): CPU temperatures: [63.200005]
06-11 22:49:22.976 D/stbdpc  (  397): STB_DPGetNumPaths[570]: num_paths: 1
06-11 22:49:22.991 V/DigitalSignage(  633): Package Name: null
06-11 22:49:22.991 V/DigitalSignage(  633): Left: 0
06-11 22:49:22.991 V/DigitalSignage(  633): Right: 0
06-11 22:49:22.991 V/DigitalSignage(  633): Top: 0
06-11 22:49:22.991 V/DigitalSignage(  633): Bottom: 0
06-11 22:49:22.992 D/DigitalSignage(  633): else - Package Name :: null left : 0 right :: 0 top :: 0 bottom :: 0 dfu-right :: 1920 dfu-bottom :: 1080
06-11 22:49:22.998 D/dvb_iptv(  397): ReadEmmNetworkTask[1537]: EMM Select Timeout Occured 13
06-11 22:49:23.076 D/stbdpc  (  