06-11 13:24:19.720 D/stbdpc  (  405): STB_DPGetNumPaths[570]: num_paths: 1
06-11 13:24:19.766 I/appium  (19470): channel read: GET /session/44e89fd4-42c3-4a0b-8765-548ae65b1554/appium/device/pixel_ratio
06-11 13:24:19.767 I/appium  (19470): GetDevicePixelRatio command
06-11 13:24:19.773 I/appium  (19470): AppiumResponse: {"sessionId":"44e89fd4-42c3-4a0b-8765-548ae65b1554","value":2.0}
06-11 13:24:19.777 I/appium  (19470): channel read: GET /session/44e89fd4-42c3-4a0b-8765-548ae65b1554/appium/device/system_bars
06-11 13:24:19.777 I/appium  (19470): channel read: GET /session/44e89fd4-42c3-4a0b-8765-548ae65b1554/window/current/size
06-11 13:24:19.778 I/appium  (19470): GetDeviceSize command
06-11 13:24:19.779 I/appium  (19470): GetSystemBars command
06-11 13:24:19.779 I/appium  (19470): Get window size of the device
06-11 13:24:19.785 I/appium  (19470): AppiumResponse: {"sessionId":"44e89fd4-42c3-4a0b-8765-548ae65b1554","value":{"height":1080,"width":1920}}
06-11 13:24:19.785 I/appium  (19470): AppiumResponse: {"sessionId":"44e89fd4-42c3-4a0b-8765-548ae65b1554","value":{"statusBar":0}}
06-11 13:24:19.797 I/appium  (19470): channel read: GET /session/44e89fd4-42c3-4a0b-8765-548ae65b1554/appium/device/info
06-11 13:24:19.800 I/appium  (19470): GetDeviceInfo command
06-11 13:24:19.804 I/TetheringManager(19470): registerTetheringEventCallback:io.appium.uiautomator2.server
06-11 13:24:19.818 I/ThermalService(  983): CPU temperatures: [70.700005]
06-11 13:24:19.820 D/stbdpc  (  405): STB_DPGetNumPaths[570]: num_paths: 1
06-11 13:24:19.831 W/tomator2.serve(19470): Accessing hidden field Landroid/net/NetworkCapabilities;->mSignalStrength:I (greylist-max-p, reflection, allowed)
06-11 13:24:19.831 W/tomator2.serve(19470): Accessing hidden field Landroid/net/NetworkCapabilities;->mSSID:Ljava/lang/String; (greylist-max-o, reflection, allowed)
06-11 13:24:19.872 I/appium  (19470): AppiumResponse: {"sessionId":"44e89fd4-42c3-4a0b-8765-548ae65b1554","value":{"androidId":"456dfde5da9bc8ae","apiVersion":"30","bluetooth":{"state":"ON"},"brand":"Jio","carrierName":"","displayDensity":320,"locale":"en_IN","manufacturer":"Jio","model":"JMSC200A","networks":[{"capabilities":{"SSID":null,"linkDownBand
06-11 13:24:19.904 D/JioStbInactivityTimer(  917): Timer: count 1 warningTimeout:-120 timeout:0
06-11 13:24:19.920 D/stbdpc  (  405): STB_DPGetNumPaths[570]: num_paths: 1
06-11 13:24:19.927 D/dvb_iptv(  405): ReadEmmNetworkTask[1540]: EMM Select Timeout Occured 52
06-11 13:24:20.021 D/stbdpc  (  405): STB_DPGetNumPaths[570]: num_paths: 1
06-11 13:24:20.218 D/[10078.434167@2]  logd(    0): logdr: UID=0 GID=0 PID=19520 b tail=0 logMask=99 pid=0 start=0ns timeout=0ns
06-11 13:24:20.218 D/[10078.436328@2]  logd(    0): Skipping 4294967295 entries from slow reader, pid 19520, from LogBuffer::kickMe()
06-11 13:24:20.121 I/chatty  (  405): uid=0(root) DK-SiCntrl identical 1 line
06-11 13:24:20.221 D/stbdpc  (  405): STB_DPGetNumPaths[570]: num_paths: 1
06-11 13:24:20.303 D/ltts_ip_emm(  405): LTTS_IP_DMXStartEMM[381]: parse_emm_cat_status failed
06-11 13:24:20.321 D/stbdpc  (  405): STB_DPGetNumPaths[570]: num_paths: 1
--------- beginning of system
06-11 13:24:20.394 I/ActivityTaskManager(  636): START u0 {flg=0x10000000 cmp=in.startv.hotstar/com.hotstar.MainActivity} from uid 0
06-11 13:24:20.394 D/ActivityStarter(  636):  
06-11 13:24:20.394 D/ActivityStarter(  636): launchedPkgName :: in.startv.hotstar 
06-11 13:24:20.394 D/ActivityStarter(  636): callingPackage :: com.android.shell 
06-11 13:24:20.394 D/ActivityStarter(  636): callingUid :: 0 
06-11 13:24:20.394 D/ActivityStarter(  636): callingPid :: 19532
06-11 13:24:20.394 D/ActivityTaskManager(  636): OTHER app is launched
06-11 13:24:20.421 D/stbdpc  (  405): STB_DPGetNumPaths[570]: num_paths: 1
06-11 13:24:20.422 V/DigitalSignage(  636): Package Name: null
06-11 13:24:20.422 V/DigitalSignage(  636): Left: 0
06-11 13:24:20.422 V/DigitalSignage(  636): Right: 0
06-11 13:24:20.422 V/DigitalSignage(  636): Top: 0
06-11 13:24:20.422 V/DigitalSignage(  636): Bottom: 0
06-11 13:24:20.422 D/DigitalSignage(  636): else - Package Name :: null left : 0 right :: 0 top :: 0 bottom :: 0 dfu-right :: 1920 dfu-bottom :: 1080
06-11 13:24:20.426 D/CompatibilityChangeReporter(  636): Compat change id reported: 135634846; UID 10111; state: DISABLED
06-11 13:24:20.427 D/dvb_iptv(  405): ReadEmmNetworkTask[1540]: EMM Select Timeout Occured 53
06-11 13:24:20.428 D/CompatibilityChangeReporter(  636): Compat change id reported: 143937733; UID 10111; state: ENABLED
06-11 13:24:20.445 D/Zygote  (  326): Forked child process 19537
06-11 13:24:20.449 I/ActivityManager(  636): Start proc 19537:in.startv.hotstar/u0a111 for pre-top-activity {in.startv.hotstar/com.hotstar.MainActivity}
06-11 13:24:20.455 V/DigitalSignage(  636): Package Name: null
06-11 13:24:20.456 V/DigitalSignage(  636): Left: 0
06-11 13:24:20.456 V/DigitalSignage(  636): Right: 0
06-11 13:24:20.456 V/DigitalSignage(  636): Top: 0
06-11 13:24:20.456 V/DigitalSignage(  636): Bottom: 0
06-11 13:24:20.456 D/DigitalSignage(  636): else - Package Name :: null left : 0 right :: 0 top :: 0 bottom :: 0 dfu-right :: 1920 dfu-bottom :: 1080
06-11 13:24:20.460 I/appium  (19470): channel read: POST /session/44e89fd4-42c3-4a0b-8765-548ae65b1554/element
06-11 13:24:20.462 I/appium  (19470): FindElement command
06-11 13:24:20.467 I/appium  (19470): method: 'xpath', selector: '//android.widget.ImageView[@resource-id='in.startv.hotstar:id/iv_profile']'
06-11 13:24:20.473 I/appium  (19470): Waiting up to 10000ms for the device to idle
06-11 13:24:20.485 V/DigitalSignage(  636): Package Name: null
06-11 13:24:20.485 V/DigitalSignage(  636): Left: 0
06-11 13:24:20.485 V/DigitalSignage(  636): Right: 0
06-11 13:24:20.485 V/DigitalSignage(  636): Top: 0
06-11 13:24:20.485 V/DigitalSignage(  636): Bottom: 0
06-11 13:24:20.486 D/DigitalSignage(  636): else - Package Name :: null left : 0 right :: 0 top :: 0 bottom :: 0 dfu-right :: 1920 dfu-bottom :: 1080
06-11 13:24:20.498 I/adbd    ( 4559): jdwp connection from 19537
06-11 13:24:20.521 D/stbdpc  (  405): STB_DPGetNumPaths[570]: num_paths: 1
06-11 13:24:20.526 D/ActivityTaskManager(  636): JioHomeManagerService :: ActivityRecord :: setState :: StateFrom :: INITIALIZING StateTo :: RESUMED 
06-11 13:24:20.552 I/android.hardware.power-service.libperfmgr(  370): Power setBoost: INTERACTION duration: 0
06-11 13:24:20.552 I/libperfmgr(  370): Do Powerhint: INTERACTION
06-11 13:24:20.564 V/DigitalSignage(  636): Package Name: null
06-11 13:24:20.564 V/DigitalSignage(  636): Left: 0
06-11 13:24:20.564 V/DigitalSignage(  636): Right: 0
06-11 13:24:20.564 V/DigitalSignage(  636): Top: 0
06-11 13:24:20.564 V/DigitalSignage(  636): Bottom: 0
06-11 13:24:20.564 D/DigitalSignage(  636): else - Package Name :: null left : 0 right :: 0 top :: 0 bottom :: 0 dfu-right :: 1920 dfu-bottom :: 1080
06-11 13:24:20.575 D/NetflixService(  983): onForegroundActivitiesChanged pid:19537,uid:10111,fg:true
06-11 13:24:20.575 D/ActivityManager(  636): JioHomeManagerService :: StateFrom :: INITIALIZING StateTo :: RESUMED Activity :: in.startv.hotstar/com.hotstar.MainActivity Action :: com.jio.remote.action.applaunch
06-11 13:24:20.578 D/NetflixService(  983): processName:com.netflix.ninja,importance:300
06-11 13:24:20.586 V/DigitalSignage(  636): Package Name: null
06-11 13:24:20.586 V/DigitalSignage(  636): Left: 0
06-11 13:24:20.587 V/DigitalSignage(  636): Right: 0
06-11 13:24:20.587 V/DigitalSignage(  636): Top: 0
06-11 13:24:20.588 V/DigitalSignage(  636): Bottom: 0
06-11 13:24:20.588 D/DigitalSignage(  636): else - Package Name :: null left : 0 right :: 0 top :: 0 bottom :: 0 dfu-right :: 1920 dfu-bottom :: 1080
06-11 13:24:20.595 I/com.zee5.aosp(11708): oneway function results will be dropped but finished with status OK and parcel size 4
06-11 13:24:20.600 I/e.swalekh.abct( 1264): oneway function results will be dropped but finished with status OK and parcel size 4
06-11 13:24:20.613 D/NetworkSecurityConfig(19537): Using Network Security Config from resource network_security_config debugBuild: false
06-11 13:24:20.615 D/NetworkSecurityConfig(19537): Using Network Security Config from resource network_security_config debugBuild: false
06-11 13:24:20.622 D/stbdpc  (  405): STB_DPGetNumPaths[570]: num_paths: 1
06-11 13:24:20.622 D/JioSTBMRServer-SERVICE( 3641): InetSocketAddress(InetAddress.getByName(inetAddress.hostAddress)-/192.168.29.255
06-11 13:24:20.622 D/JioSTBMRServer-SERVICE( 3641): #beacon:RNOSBFJNX018133:0:false:0:1:SV=181025 , 192.168.29.255
06-11 13:24:20.626 D/JioSTBMRServer-SERVICE( 3641): InetSocketAddress(InetAddress.getByName(inetAddress.hostAddress)-/192.168.29.255
06-11 13:24:20.626 D/JioSTBMRServer-SERVICE( 3641): #broadcast IP:192.168.29.255
06-11 13:24:20.642 D/rtk_heartbeat(  351): heartbeat_timed_out: heartbeatCmdCount = 10055, expected nextSeqNum = 10055
06-11 13:24:20.644 D/rtk_heartbeat(  351): rtkbt_heartbeat_cmpl_cback: Current SeqNum = 10055,should SeqNum=10055, status = 0
06-11 13:24:20.663 W/ndroid.systemu(  790): Reducing the number of considered missed Gc histogram windows from 144 to 100
06-11 13:24:20.722 D/stbdpc  (  405): STB_DPGetNumPaths[570]: num_paths: 1
06-11 13:24:20.794 D/SessionsDependencies(19537): Dependency to CRASHLYTICS added.
06-11 13:24:20.815 I/FirebaseApp(19537): Device unlocked: initializing all Firebase APIs for app [DEFAULT]
06-11 13:24:20.822 D/stbdpc  (  405): STB_DPGetNumPaths[570]: num_paths: 1
06-11 13:24:20.830 I/FirebaseCrashlytics(19537): Initializing Firebase Crashlytics 19.3.0 for in.startv.hotstar
06-11 13:24:20.867 D/SessionsDependencies(19537): Subscriber CRASHLYTICS registered.
06-11 13:24:20.873 W/GooglePlayServicesUtil(19537): in.startv.hotstar requires the Google Play Store, but it is missing.
06-11 13:24:20.873 E/DynamiteModule(19537): Invalid GmsCore APK, remote loading disabled.
06-11 13:24:20.873 I/DynamiteModule(19537): Considering local module com.google.android.gms.measurement.dynamite:127 and remote module com.google.android.gms.measurement.dynamite:0
06-11 13:24:20.873 I/DynamiteModule(19537): Selected local version of com.google.android.gms.measurement.dynamite
06-11 13:24:20.875 E/DynamiteModule(19537): Invalid GmsCore APK, remote loading disabled.
06-11 13:24:20.890 E/WifiVendorHal(  636): getWifiLinkLayerStats_1_3_Internal(l.973) failed {.code = ERROR_UNKNOWN, .description = unknown error}
06-11 13:24:20.905 D/JioStbInactivityTimer(  917): Timer: count 1 warningTimeout:-120 timeout:0
06-11 13:24:20.909 I/FA      (19537): App measurement initialized, version: 106000
06-11 13:24:20.909 I/FA      (19537): To enable debug logging run: adb shell setprop log.tag.FA VERBOSE
06-11 13:24:20.911 I/FA      (19537): To enable faster debug mode event logging run:
06-11 13:24:20.911 I/FA      (19537):   adb shell setprop debug.firebase.analytics.app in.startv.hotstar
06-11 13:24:20.922 D/stbdpc  (  405): STB_DPGetNumPaths[570]: num_paths: 1
06-11 13:24:20.927 D/dvb_iptv(  405): ReadEmmNetworkTask[1540]: EMM Select Timeout Occured 54
06-11 13:24:20.938 V/DigitalSignage(  636): Package Name: null
06-11 13:24:20.939 V/DigitalSignage(  636): Left: 0
06-11 13:24:20.939 V/DigitalSignage(  636): Right: 0
06-11 13:24:20.939 V/DigitalSignage(  636): Top: 0
06-11 13:24:20.939 V/DigitalSignage(  636): Bottom: 0
06-11 13:24:20.939 D/DigitalSignage(  636): else - Package Name :: null left : 0 right :: 0 top :: 0 bottom :: 0 dfu-right :: 1920 dfu-bottom :: 1080
06-11 13:24:20.944 D/FirebaseSessions(19537): Initializing Firebase Sessions SDK.
06-11 13:24:20.945 V/DigitalSignage(  636): Package Name: null
06-11 13:24:20.945 V/DigitalSignage(  636): Left: 0
06-11 13:24:20.945 V/DigitalSignage(  636): Right: 0
06-11 13:24:20.945 V/DigitalSignage(  636): Top: 0
06-11 13:24:20.945 V/DigitalSignage(  636): Bottom: 0
06-11 13:24:20.945 D/DigitalSignage(  636): else - Package Name :: null left : 0 right :: 0 top :: 0 bottom :: 0 dfu-right :: 1920 dfu-bottom :: 1080
06-11 13:24:20.965 E/BufferQueueProducer(  402): [com.zee5.aosp/com.zee5.androidtv.home.presentation.HomeActivity#0](id:1920000013a,api:0,p:-1,c:402) disconnect: not connected (req=1)
06-11 13:24:20.965 W/libEGL  (11708): EGLNativeWindowType 0xc2ce5808 disconnect failed
06-11 13:24:20.966 V/DigitalSignage(  636): Package Name: null
06-11 13:24:20.966 V/DigitalSignage(  636): Left: 0
06-11 13:24:20.966 V/DigitalSignage(  636): Right: 0
06-11 13:24:20.966 V/DigitalSignage(  636): Top: 0
06-11 13:24:20.966 V/DigitalSignage(  636): Bottom: 0
06-11 13:24:20.967 D/DigitalSignage(  636): else - Package Name :: null left : 0 right :: 0 top :: 0 bottom :: 0 dfu-right :: 1920 dfu-bottom :: 1080
06-11 13:24:20.989 I/FirebaseInitProvider(19537): FirebaseApp initialization successful
06-11 13:24:21.010 D/WM-WrkMgrInitializer(19537): Initializing WorkManager with default configuration.
06-11 13:24:21.022 D/stbdpc  (  405): STB_DPGetNumPaths[570]: num_paths: 1
06-11 13:24:21.025 I/TetheringManager(19537): registerTetheringEventCallback:in.startv.hotstar
06-11 13:24:21.038 D/LifecycleServiceBinder(19537): Binding service to application.
06-11 13:24:21.051 E/DynamiteModule(19537): Invalid GmsCore APK, remote loading disabled.
06-11 13:24:21.052 I/DynamiteModule(19537): Considering local module com.google.android.gms.cast_tv_dynamite:1 and remote module com.google.android.gms.cast_tv_dynamite:0
06-11 13:24:21.052 I/DynamiteModule(19537): Selected local version of com.google.android.gms.cast_tv_dynamite
06-11 13:24:21.067 I/appium  (19470): The following attributes will be included to the page source: [resource-id]
06-11 13:24:21.123 D/stbdpc  (  405): STB_DPGetNumPaths[570]: num_paths: 1
06-11 13:24:21.223 D/stbdpc  (  405): STB_DPGetNumPaths[570]: num_paths: 1
06-11 13:24:21.237 I/AmFFmpegExtractor(  468): checkInList: isw:0, m:audio/mpeg, t:1, i:86017 t:0
06-11 13:24:21.237 I/AmFFmpegExtractor(  468): checkInList: isw:1, m:audio/mpeg, t:1, i:86017 t:0
06-11 13:24:21.237 E/AmFFmpegExtractor(  468): codec_ctx->properties: 0
06-11 13:24:21.237 I/AmFFmpegExtractor(  468): checkSupportInList ret 1
06-11 13:24:21.261 E/ThemeUtils(11708): View class androidx.appcompat.widget.AppCompatImageView is an AppCompat widget that can only be used with a Theme.AppCompat theme (or descendant).
06-11 13:24:21.262 E/ThemeUtils(11708): View class androidx.appcompat.widget.AppCompatTextView is an AppCompat widget that can only be used with a Theme.AppCompat theme (or descendant).
06-11 13:24:21.271 E/ThemeUtils(11708): View class androidx.appcompat.widget.AppCompatTextView is an AppCompat widget that can only be used with a Theme.AppCompat theme (or descendant).
06-11 13:24:21.272 I/AmFFmpegExtractor(  468): checkInList: isw:0, m:audio/mpeg, t:1, i:86017 t:0
06-11 13:24:21.272 I/AmFFmpegExtractor(  468): checkInList: isw:1, m:audio/mpeg, t:1, i:86017 t:0
06-11 13:24:21.272 E/AmFFmpegExtractor(  468): codec_ctx->properties: 0
06-11 13:24:21.272 I/AmFFmpegExtractor(  468): checkSupportInList ret 0
06-11 13:24:21.272 E/AmFFmpegExtractor(  468): vendor do not support
06-11 13:24:21.281 E/Utils   (  468): did not find channel-count and/or sample-rate
06-11 13:24:21.290 I/lowmemorykiller(  231): medium memory pressure event is triggered for new strategy
06-11 13:24:21.290 D/lowmemorykiller(  231): LMKD mp_event_psi kill_reasons available are PRESSURE_AFTER_KILL, NOT_RESPONDING, LOW_SWAP_AND_THRASHING, LOW_MEM_AND_SWAP, LOW_MEM_AND_THRASHING, DIRECT_RECL_AND_THRASHING
06-11 13:24:21.290 D/lowmemorykiller(  231): LMKD mp_event_psi kill_reason received= -1
06-11 13:24:21.295 E/ThemeUtils(11708): View class androidx.appcompat.widget.AppCompatImageView is an AppCompat widget that can only be used with a Theme.AppCompat theme (or descendant).
06-11 13:24:21.296 E/ThemeUtils(11708): View class androidx.appcompat.widget.AppCompatTextView is an AppCompat widget that can only be used with a Theme.AppCompat theme (or descendant).
06-11 13:24:21.299 E/ThemeUtils(11708): View class androidx.appcompat.widget.AppCompatTextView is an AppCompat widget that can only be used with a Theme.AppCompat theme (or descendant).
06-11 13:24:21.318 E/ThemeUtils(11708): View class androidx.appcompat.widget.AppCompatImageView is an AppCompat widget that can only be used with a Theme.AppCompat theme (or descendant).
06-11 13:24:21.319 E/ThemeUtils(11708): View class androidx.appcompat.widget.AppCompatTextView is an AppCompat widget that can only be used with a Theme.AppCompat theme (or descendant).
06-11 13:24:21.320 I/AmAVUtils(19537): AmAVUtils, GITINFO : d32b3814175617bb24dd0965983e5642c803ab3a(drm.autobuild  Mon Oct 18 12:59:01 CST 2021)
06-11 13:24:21.321 I/AmAVUtils(19537): set profile 0 level:0
06-11 13:24:21.321 E/ThemeUtils(11708): View class androidx.appcompat.widget.AppCompatTextView is an AppCompat widget that can only be used with a Theme.AppCompat theme (or descendant).
06-11 13:24:21.323 D/stbdpc  (  405): STB_DPGetNumPaths[570]: num_paths: 1
06-11 13:24:21.337 D/ConnectivityService(  636): NetReassign [no changes]
06-11 13:24:21.345 D/CCodec  (19537): allocate(c2.android.mp3.decoder)
06-11 13:24:21.348 I/Codec2Client(19537): Available Codec2 services: "software"
06-11 13:24:21.352 V/C2Store (  484): in init
06-11 13:24:21.352 V/C2Store (  484): loading dll
06-11 13:24:21.364 I/CCodec  (19537): Created component [c2.android.mp3.decoder]
06-11 13:24:21.364 D/CCodecConfig(19537): read media type: audio/mpeg
06-11 13:24:21.368 D/ReflectedParamUpdater(19537): extent() != 1 for single value type: algo.buffers.max-count.values
06-11 13:24:21.369 D/ReflectedParamUpdater(19537): extent() != 1 for single value type: output.subscribed-indices.values
06-11 13:24:21.369 D/ReflectedParamUpdater(19537): extent() != 1 for single value type: input.buffers.allocator-ids.values
06-11 13:24:21.369 D/ReflectedParamUpdater(19537): extent() != 1 for single value type: output.buffers.allocator-ids.values
06-11 13:24:21.369 D/ReflectedParamUpdater(19537): extent() != 1 for single value type: algo.buffers.allocator-ids.values
06-11 13:24:21.369 D/ReflectedParamUpdater(19537): extent() != 1 for single value type: output.buffers.pool-ids.values
06-11 13:24:21.369 D/ReflectedParamUpdater(19537): extent() != 1 for single value type: algo.buffers.pool-ids.values
06-11 13:24:21.371 E/ThemeUtils(11708): View class androidx.appcompat.widget.AppCompatImageView is an AppCompat widget that can only be used with a Theme.AppCompat theme (or descendant).
06-11 13:24:21.373 E/ThemeUtils(11708): View class androidx.appcompat.widget.AppCompatTextView is an AppCompat widget that can only be used with a Theme.AppCompat theme (or descendant).
06-11 13:24:21.379 I/CCodecConfig(19537): query failed after returning 7 values (BAD_INDEX)
06-11 13:24:21.379 D/CCodecConfig(19537): c2 config diff is Dict {
06-11 13:24:21.379 D/CCodecConfig(19537):   c2::u32 coded.bitrate.value = 64000
06-11 13:24:21.379 D/CCodecConfig(19537):   c2::u32 input.buffers.max-size.value = 8192
06-11 13:24:21.379 D/CCodecConfig(19537):   c2::u32 input.delay.value = 0
06-11 13:24:21.379 D/CCodecConfig(19537):   string input.media-type.value = "audio/mpeg"
06-11 13:24:21.379 D/CCodecConfig(19537):   string output.media-type.value = "audio/raw"
06-11 13:24:21.379 D/CCodecConfig(19537):   c2::u32 raw.channel-count.value = 2
06-11 13:24:21.379 D/CCodecConfig(19537):   c2::u32 raw.sample-rate.value = 44100
06-11 13:24:21.379 D/CCodecConfig(19537): }
06-11 13:24:21.383 E/ThemeUtils(11708): View class androidx.appcompat.widget.AppCompatTextView is an AppCompat widget that can only be used with a Theme.AppCompat theme (or descendant).
06-11 13:24:21.385 D/CCodec  (19537): [c2.android.mp3.decoder] buffers are bound to CCodec for this session
06-11 13:24:21.386 D/CCodecConfig(19537): no c2 equivalents for durationUs
06-11 13:24:21.386 D/CCodecConfig(19537): no c2 equivalents for track-id
06-11 13:24:21.386 D/CCodecConfig(19537): no c2 equivalents for encoder-delay
06-11 13:24:21.386 D/CCodecConfig(19537): no c2 equivalents for encoder-padding
06-11 13:24:21.386 D/CCodecConfig(19537): no c2 equivalents for flags
06-11 13:24:21.387 D/CCodecConfig(19537): c2 config diff is   c2::u32 raw.channel-count.value = 1
06-11 13:24:21.387 D/CCodecConfig(19537):   c2::u32 raw.sample-rate.value = 48000
06-11 13:24:21.388 W/Codec2Client(19537): query -- param skipped: index = 1107298332.
06-11 13:24:21.388 D/CCodec  (19537): setup formats input: AMessage(what = 0x00000000) = {
06-11 13:24:21.388 D/CCodec  (19537):   int32_t channel-count = 1
06-11 13:24:21.388 D/CCodec  (19537):   int32_t max-input-size = 8192
06-11 13:24:21.388 D/CCodec  (19537):   string mime = "audio/mpeg"
06-11 13:24:21.388 D/CCodec  (19537):   int32_t sample-rate = 48000
06-11 13:24:21.388 D/CCodec  (19537): } and output: AMessage(what = 0x00000000) = {
06-11 13:24:21.388 D/CCodec  (19537):   int32_t channel-count = 1
06-11 13:24:21.388 D/CCodec  (19537):   string mime = "audio/raw"
06-11 13:24:21.388 D/CCodec  (19537):   int32_t sample-rate = 48000
06-11 13:24:21.388 D/CCodec  (19537):   int32_t encoder-delay = 576
06-11 13:24:21.388 D/CCodec  (19537):   int32_t encoder-padding = 1152
06-11 13:24:21.388 D/CCodec  (19537): }
06-11 13:24:21.390 W/Codec2Client(19537): query -- param skipped: index = 1342179345.
06-11 13:24:21.390 W/Codec2Client(19537): query -- param skipped: index = 2415921170.
06-11 13:24:21.390 I/lowmemorykiller(  231): medium memory pressure event is triggered for new strategy
06-11 13:24:21.390 D/lowmemorykiller(  231): LMKD mp_event_psi kill_reasons available are PRESSURE_AFTER_KILL, NOT_RESPONDING, LOW_SWAP_AND_THRASHING, LOW_MEM_AND_SWAP, LOW_MEM_AND_THRASHING, DIRECT_RECL_AND_THRASHING
06-11 13:24:21.391 D/lowmemorykiller(  231): LMKD mp_event_psi kill_reason received= -1
06-11 13:24:21.408 E/ThemeUtils(11708): View class androidx.appcompat.widget.AppCompatImageView is an AppCompat widget that can only be used with a Theme.AppCompat theme (or descendant).
06-11 13:24:21.413 E/ThemeUtils(11708): View class androidx.appcompat.widget.AppCompatTextView is an AppCompat widget that can only be used with a Theme.AppCompat theme (or descendant).
06-11 13:24:21.416 W/GooglePlayServicesUtil(19537): in.startv.hotstar requires the Google Play Store, but it is missing.
06-11 13:24:21.416 W/FA      (19537): Service invalid
06-11 13:24:21.420 E/ThemeUtils(11708): View class androidx.appcompat.widget.AppCompatTextView is an AppCompat widget that can only be used with a Theme.AppCompat theme (or descendant).
06-11 13:24:21.423 D/stbdpc  (  405): STB_DPGetNumPaths[570]: num_paths: 1
06-11 13:24:21.427 D/dvb_iptv(  405): ReadEmmNetworkTask[1540]: EMM Select Timeout Occured 55
06-11 13:24:21.430 E/FMQ     (19537): grantorIdx must be less than 3
06-11 13:24:21.432 E/FMQ     (19537): grantorIdx must be less than 3
06-11 13:24:21.434 D/CCodecBufferChannel(19537): [c2.android.mp3.decoder#623] Created input block pool with allocatorID 16 => poolID 17 - OK (0)
06-11 13:24:21.435 E/FMQ     (  484): grantorIdx must be less than 3
06-11 13:24:21.436 E/FMQ     (  484): grantorIdx must be less than 3
06-11 13:24:21.436 D/BufferPoolAccessor2.0(11708): bufferpool2 0xbdc29b58 : 0(0 size) total buffers - 0(0 size) used buffers - 1/6 (recycle/alloc) - 5/37 (fetch/transfer)
06-11 13:24:21.437 D/BufferPoolAccessor2.0(11708): Destruction - bufferpool2 0xbdc29b58 cached: 0/0M, 0/0% in use; allocs: 6, 17% recycled; transfers: 37, 86% unfetched
06-11 13:24:21.437 D/BufferPoolAccessor2.0(11708): bufferpool2 0xbf056458 : 0(0 size) total buffers - 0(0 size) used buffers - 1/6 (recycle/alloc) - 5/1622 (fetch/transfer)
06-11 13:24:21.437 D/BufferPoolAccessor2.0(11708): Destruction - bufferpool2 0xbf056458 cached: 0/0M, 0/0% in use; allocs: 6, 17% recycled; transfers: 1622, 100% unfetched
06-11 13:24:21.437 I/CCodecBufferChannel(19537): [c2.android.mp3.decoder#623] Created output block pool with allocatorID 16 => poolID 279 - OK
06-11 13:24:21.438 D/CCodecBufferChannel(19537): [c2.android.mp3.decoder#623] Configured output block pool ids 279 => OK
06-11 13:24:21.447 E/ThemeUtils(11708): View class androidx.appcompat.widget.AppCompatImageView is an AppCompat widget that can only be used with a Theme.AppCompat theme (or descendant).
06-11 13:24:21.453 E/ThemeUtils(11708): View class androidx.appcompat.widget.AppCompatTextView is an AppCompat widget that can only be used with a Theme.AppCompat theme (or descendant).
06-11 13:24:21.455 E/ThemeUtils(11708): View class androidx.appcompat.widget.AppCompatTextView is an AppCompat widget that can only be used with a Theme.AppCompat theme (or descendant).
06-11 13:24:21.464 E/ThemeUtils(11708): View class androidx.appcompat.widget.AppCompatImageView is an AppCompat widget that can only be used with a Theme.AppCompat theme (or descendant).
06-11 13:24:21.466 E/ThemeUtils(11708): View class androidx.appcompat.widget.AppCompatTextView is an AppCompat widget that can only be used with a Theme.AppCompat theme (or descendant).
06-11 13:24:21.468 E/ThemeUtils(11708): View class androidx.appcompat.widget.AppCompatTextView is an AppCompat widget that can only be used with a Theme.AppCompat theme (or descendant).
06-11 13:24:21.478 E/ion     (19537): ioctl c0044901 failed with code -1: Inappropriate ioctl for device
06-11 13:24:21.486 D/SimpleC2Component(  484): Using output block pool with poolID 279 => got 279 - 0
06-11 13:24:21.491 I/lowmemorykiller(  231): medium memory pressure event is triggered for new strategy
06-11 13:24:21.491 D/lowmemorykiller(  231): LMKD mp_event_psi kill_reasons available are PRESSURE_AFTER_KILL, NOT_RESPONDING, LOW_SWAP_AND_THRASHING, LOW_MEM_AND_SWAP, LOW_MEM_AND_THRASHING, DIRECT_RECL_AND_THRASHING
06-11 13:24:21.491 D/lowmemorykiller(  231): LMKD mp_event_psi kill_reason received= -1
06-11 13:24:21.502 E/FMQ     (19537): grantorIdx must be less than 3
06-11 13:24:21.503 E/FMQ     (  484): grantorIdx must be less than 3
06-11 13:24:21.504 I/C2SoftMp3Dec(  484): Reconfiguring decoder: 0->48000 Hz, 0->1 channels
06-11 13:24:21.506 E/FMQ     (  484): grantorIdx must be less than 3
06-11 13:24:21.507 E/FMQ     (19537): grantorIdx must be less than 3
06-11 13:24:21.509 D/CCodecBuffers(19537): [c2.android.mp3.decoder#623:Output[N]] popFromStashAndRegister: output format changed to AMessage(what = 0x00000000) = {
06-11 13:24:21.509 D/CCodecBuffers(19537):   int32_t channel-count = 1
06-11 13:24:21.509 D/CCodecBuffers(19537):   string mime = "audio/raw"
06-11 13:24:21.509 D/CCodecBuffers(19537):   int32_t sample-rate = 48000
06-11 13:24:21.509 D/CCodecBuffers(19537):   int32_t encoder-delay = 576
06-11 13:24:21.509 D/CCodecBuffers(19537):   int32_t encoder-padding = 1152
06-11 13:24:21.509 D/CCodecBuffers(19537): }
06-11 13:24:21.523 D/stbdpc  (  405): STB_DPGetNumPaths[570]: num_paths: 1
06-11 13:24:21.591 I/lowmemorykiller(  231): medium memory pressure event is triggered for new strategy
06-11 13:24:21.591 D/lowmemorykiller(  231): LMKD mp_event_psi kill_reasons available are PRESSURE_AFTER_KILL, NOT_RESPONDING, LOW_SWAP_AND_THRASHING, LOW_MEM_AND_SWAP, LOW_MEM_AND_THRASHING, DIRECT_RECL_AND_THRASHING
06-11 13:24:21.591 D/lowmemorykiller(  231): LMKD mp_event_psi kill_reason received= -1
06-11 13:24:21.624 D/stbdpc  (  405): STB_DPGetNumPaths[570]: num_paths: 1
06-11 13:24:21.643 D/rtk_heartbeat(  351): heartbeat_timed_out: heartbeatCmdCount = 10056, expected nextSeqNum = 10056
06-11 13:24:21.645 D/rtk_heartbeat(  351): rtkbt_heartbeat_cmpl_cback: Current SeqNum = 10056,should SeqNum=10056, status = 0
06-11 13:24:21.691 I/lowmemorykiller(  231): medium memory pressure event is triggered for new strategy
06-11 13:24:21.692 D/lowmemorykiller(  231): LMKD mp_event_psi kill_reasons available are PRESSURE_AFTER_KILL, NOT_RESPONDING, LOW_SWAP_AND_THRASHING, LOW_MEM_AND_SWAP, LOW_MEM_AND_THRASHING, DIRECT_RECL_AND_THRASHING
06-11 13:24:21.692 D/lowmemorykiller(  231): LMKD mp_event_psi kill_reason received= -1
06-11 13:24:21.724 D/stbdpc  (  405): STB_DPGetNumPaths[570]: num_paths: 1
06-11 13:24:21.792 I/tomator2.serve(19470): Background young concurrent copying GC freed 35714(1874KB) AllocSpace objects, 8(608KB) LOS objects, 0% free, 13MB/13MB, paused 79us total 379.845ms
06-11 13:24:21.792 I/lowmemorykiller(  231): medium memory pressure event is triggered for new strategy
06-11 13:24:21.792 D/lowmemorykiller(  231): LMKD mp_event_psi kill_reasons available are PRESSURE_AFTER_KILL, NOT_RESPONDING, LOW_SWAP_AND_THRASHING, LOW_MEM_AND_SWAP, LOW_MEM_AND_THRASHING, DIRECT_RECL_AND_THRASHING
06-11 13:24:21.792 D/lowmemorykiller(  231): LMKD mp_event_psi kill_reason received= -1
06-11 13:24:21.824 D/stbdpc  (  405): STB_DPGetNumPaths[570]: num_paths: 1
06-11 13:24:21.835 I/ThermalService(  983): CPU temperatures: [73.8]
06-11 13:24:21.892 I/lowmemorykiller(  231): medium memory pressure event is triggered for new strategy
06-11 13:24:21.893 D/lowmemorykiller(  231): LMKD mp_event_psi kill_reasons available are PRESSURE_AFTER_KILL, NOT_RESPONDING, LOW_SWAP_AND_THRASHING, LOW_MEM_AND_SWAP, LOW_MEM_AND_THRASHING, DIRECT_RECL_AND_THRASHING
06-11 13:24:21.893 D/lowmemorykiller(  231): LMKD mp_event_psi kill_reason received= -1
06-11 13:24:21.904 D/JioStbInactivityTimer(  917): Timer: count 1 warningTimeout:-120 timeout:0
06-11 13:24:21.919 D/CCodecBufferChannel(19537): [c2.android.mp3.decoder#623] MediaCodec discarded an unknown buffer
06-11 13:24:21.919 D/CCodecBufferChannel(19537): [c2.android.mp3.decoder#623] MediaCodec discarded an unknown buffer
06-11 13:24:21.922 I/hw-BpHwBinder(19537): onLastStrongRef automatically unlinking death recipients
06-11 13:24:21.922 I/hw-BpHwBinder(  484): onLastStrongRef automatically unlinking death recipients
06-11 13:24:21.923 V/C2Store (  484): in ~ComponentModule
06-11 13:24:21.923 V/C2Store (  484): unloading dll
06-11 13:24:21.924 D/stbdpc  (  405): STB_DPGetNumPaths[570]: num_paths: 1
06-11 13:24:21.928 D/dvb_iptv(  405): ReadEmmNetworkTask[1540]: EMM Select Timeout Occured 56
06-11 13:24:21.983 I/Choreographer(11708): Skipped 47 frames!  The application may be doing too much work on its main thread.
06-11 13:24:21.993 I/lowmemorykiller(  231): medium memory pressure event is triggered for new strategy
06-11 13:24:21.993 D/lowmemorykiller(  231): LMKD mp_event_psi kill_reasons available are PRESSURE_AFTER_KILL, NOT_RESPONDING, LOW_SWAP_AND_THRASHING, LOW_MEM_AND_SWAP, LOW_MEM_AND_THRASHING, DIRECT_RECL_AND_THRASHING
06-11 13:24:21.993 D/lowmemorykiller(  231): LMKD mp_event_psi kill_reason received= -1
06-11 13:24:22.003 D/SessionLifecycleClient(19537): Queued message 1. Queue size 1
06-11 13:24:22.024 D/stbdpc  (  405): STB_DPGetNumPaths[570]: num_paths: 1
06-11 13:24:22.047 I/Choreographer(19537): Skipped 60 frames!  The application may be doing too much work on its main thread.
06-11 13:24:22.068 V/DigitalSignage(  636): Package Name: null
06-11 13:24:22.068 V/DigitalSignage(  636): Left: 0
06-11 13:24:22.068 V/DigitalSignage(  636): Right: 0
06-11 13:24:22.068 V/DigitalSignage(  636): Top: 0
06-11 13:24:22.068 V/DigitalSignage(  636): Bottom: 0
06-11 13:24:22.068 D/DigitalSignage(  636): else - Package Name :: null left : 0 right :: 0 top :: 0 bottom :: 0 dfu-right :: 1920 dfu-bottom :: 1080
06-11 13:24:22.068 V/DigitalSignage(  636): Package Name: null
06-11 13:24:22.068 V/DigitalSignage(  636): Left: 0
06-11 13:24:22.068 V/DigitalSignage(  636): Right: 0
06-11 13:24:22.068 V/DigitalSignage(  636): Top: 0
06-11 13:24:22.068 V/DigitalSignage(  636): Bottom: 0
06-11 13:24:22.068 D/DigitalSignage(  636): else - Package Name :: null left : 0 right :: 0 top :: 0 bottom :: 0 dfu-right :: 1920 dfu-bottom :: 1080
06-11 13:24:22.093 I/lowmemorykiller(  231): medium memory pressure event is triggered for new strategy
06-11 13:24:22.093 D/lowmemorykiller(  231): LMKD mp_event_psi kill_reasons available are PRESSURE_AFTER_KILL, NOT_RESPONDING, LOW_SWAP_AND_THRASHING, LOW_MEM_AND_SWAP, LOW_MEM_AND_THRASHING, DIRECT_RECL_AND_THRASHING
06-11 13:24:22.093 D/lowmemorykiller(  231): LMKD mp_event_psi kill_reason received= -1
06-11 13:24:22.094 I/hwservicemanager(  233): getTransport: Cannot find entry android.hardware.configstore@1.0::ISurfaceFlingerConfigs/default in either framework or device manifest.
06-11 13:24:22.125 D/stbdpc  (  405): STB_DPGetNumPaths[570]: num_paths: 1
06-11 13:24:22.180 I/FA      (19537): Tag Manager is not found and thus will not be used
06-11 13:24:22.191 W/GooglePlayServicesUtil(19537): Google Play services is missing.
06-11 13:24:22.193 I/lowmemorykiller(  231): medium memory pressure event is triggered for new strategy
06-11 13:24:22.194 D/lowmemorykiller(  231): LMKD mp_event_psi kill_reasons available are PRESSURE_AFTER_KILL, NOT_RESPONDING, LOW_SWAP_AND_THRASHING, LOW_MEM_AND_SWAP, LOW_MEM_AND_THRASHING, DIRECT_RECL_AND_THRASHING
06-11 13:24:22.194 D/lowmemorykiller(  231): LMKD mp_event_psi kill_reason received= -1
06-11 13:24:22.205 I/OpenGLRenderer(19537): Davey! duration=1169ms; Flags=1, IntendedVsync=10079253224087, Vsync=10080254224067, OldestInputEvent=9223372036854775807, NewestInputEvent=0, HandleInputStart=10080265236639, AnimationStart=10080265239889, PerformTraversalsStart=10080265577139, DrawStart=10080347608472, SyncQueued=10080356746389, SyncStart=10080357697389, IssueDrawCommandsStart=10080357863847, SwapBuffers=10080411640222, FrameCompleted=10080423244889, DequeueBufferDuration=1209125, QueueBufferDuration=2222167, GpuCompleted=0, 
06-11 13:24:22.207 V/DigitalSignage(  636): Package Name: null
06-11 13:24:22.207 V/DigitalSignage(  636): Left: 0
06-11 13:24:22.207 V/DigitalSignage(  636): Right: 0
06-11 13:24:22.207 V/DigitalSignage(  636): Top: 0
06-11 13:24:22.207 V/DigitalSignage(  636): Bottom: 0
06-11 13:24:22.207 D/DigitalSignage(  636): else - Package Name :: null left : 0 right :: 0 top :: 0 bottom :: 0 dfu-right :: 1920 dfu-bottom :: 1080
06-11 13:24:22.207 V/DigitalSignage(  636): Package Name: null
06-11 13:24:22.207 V/DigitalSignage(  636): Left: 0
06-11 13:24:22.207 V/DigitalSignage(  636): Right: 0
06-11 13:24:22.207 V/DigitalSignage(  636): Top: 0
06-11 13:24:22.208 V/DigitalSignage(  636): Bottom: 0
06-11 13:24:22.208 D/DigitalSignage(  636): else - Package Name :: null left : 0 right :: 0 top :: 0 bottom :: 0 dfu-right :: 1920 dfu-bottom :: 1080
06-11 13:24:22.210 V/DigitalSignage(  636): Package Name: null
06-11 13:24:22.210 V/DigitalSignage(  636): Left: 0
06-11 13:24:22.210 V/DigitalSignage(  636): Right: 0
06-11 13:24:22.210 V/DigitalSignage(  636): Top: 0
06-11 13:24:22.210 V/DigitalSignage(  636): Bottom: 0
06-11 13:24:22.210 D/DigitalSignage(  636): else - Package Name :: null left : 0 right :: 0 top :: 0 bottom :: 0 dfu-right :: 1920 dfu-bottom :: 1080
06-11 13:24:22.210 V/DigitalSignage(  636): Package Name: null
06-11 13:24:22.210 V/DigitalSignage(  636): Left: 0
06-11 13:24:22.210 V/DigitalSignage(  636): Right: 0
06-11 13:24:22.211 V/DigitalSignage(  636): Top: 0
06-11 13:24:22.211 V/DigitalSignage(  636): Bottom: 0
06-11 13:24:22.212 D/DigitalSignage(  636): else - Package Name :: null left : 0 right :: 0 top :: 0 bottom :: 0 dfu-right :: 1920 dfu-bottom :: 1080
06-11 13:24:22.225 V/DigitalSignage(  636): Package Name: null
06-11 13:24:22.225 V/DigitalSignage(  636): Left: 0
06-11 13:24:22.225 V/DigitalSignage(  636): Right: 0
06-11 13:24:22.225 D/stbdpc  (  405): STB_DPGetNumPaths[570]: num_paths: 1
06-11 13:24:22.225 V/DigitalSignage(  636): Top: 0
06-11 13:24:22.225 V/DigitalSignage(  636): Bottom: 0
06-11 13:24:22.225 D/DigitalSignage(  636): else - Package Name :: null left : 0 right :: 0 top :: 0 bottom :: 0 dfu-right :: 1920 dfu-bottom :: 1080
06-11 13:24:22.225 V/DigitalSignage(  636): Package Name: null
06-11 13:24:22.225 V/DigitalSignage(  636): Left: 0
06-11 13:24:22.225 V/DigitalSignage(  636): Right: 0
06-11 13:24:22.225 V/DigitalSignage(  636): Top: 0
06-11 13:24:22.225 V/DigitalSignage(  636): Bottom: 0
06-11 13:24:22.226 D/DigitalSignage(  636): else - Package Name :: null left : 0 right :: 0 top :: 0 bottom :: 0 dfu-right :: 1920 dfu-bottom :: 1080
06-11 13:24:22.226 D/SessionLifecycleService(19537): Service bound to new client on process 19537
06-11 13:24:22.237 I/android.hardware.power-service.libperfmgr(  370): Power setBoost: INTERACTION duration: 0
06-11 13:24:22.237 I/libperfmgr(  370): Do Powerhint: INTERACTION
06-11 13:24:22.239 V/RootBeer(19537): b: a() [44] - /system/xbin/su binary detected!
06-11 13:24:22.246 D/SessionLifecycleService(19537): App has not yet foregrounded. Using previously stored session.
06-11 13:24:22.246 D/SessionLifecycleService(19537): Client android.os.Messenger@cd8d2aa bound at 10080444. Clients: 1
06-11 13:24:22.255 E/QueryController(19470): Got null root node from accessibility - Retrying...
06-11 13:24:22.294 I/lowmemorykiller(  231): medium memory pressure event is triggered for new strategy
06-11 13:24:22.294 D/lowmemorykiller(  231): LMKD mp_event_psi kill_reasons available are PRESSURE_AFTER_KILL, NOT_RESPONDING, LOW_SWAP_AND_THRASHING, LOW_MEM_AND_SWAP, LOW_MEM_AND_THRASHING, DIRECT_RECL_AND_THRASHING
06-11 13:24:22.294 D/lowmemorykiller(  231): LMKD mp_event_psi kill_reason received= -1
06-11 13:24:22.303 D/ltts_ip_emm(  405): LTTS_IP_DMXStartEMM[381]: parse_emm_cat_status failed
06-11 13:24:22.308 D/SessionLifecycleClient(19537): Connected to SessionLifecycleService. Queue size 1
06-11 13:24:22.309 D/SessionLifecycleClient(19537): Sending lifecycle 1 to service
06-11 13:24:22.309 D/SessionLifecycleService(19537): Activity foregrounding at 10080527.
06-11 13:24:22.309 D/SessionLifecycleService(19537): Cold start detected.
06-11 13:24:22.311 D/SessionLifecycleService(19537): Generated new session.
06-11 13:24:22.311 D/SessionLifecycleService(19537): Broadcasting new session
06-11 13:24:22.313 D/SessionLifecycleClient(19537): Session update received.
06-11 13:24:22.325 D/stbdpc  (  405): STB_DPGetNumPaths[570]: num_paths: 1
06-11 13:24:22.367 D/SessionFirelogPublisher(19537): Data Collection is enabled for at least one Subscriber
06-11 13:24:22.374 I/lowmemorykiller(  231): medium memory pressure event is triggered for new strategy
06-11 13:24:22.374 D/lowmemorykiller(  231): LMKD mp_event_psi kill_reasons available are PRESSURE_AFTER_KILL, NOT_RESPONDING, LOW_SWAP_AND_THRASHING, LOW_MEM_AND_SWAP, LOW_MEM_AND_THRASHING, DIRECT_RECL_AND_THRASHING
06-11 13:24:22.374 D/lowmemorykiller(  231): LMKD mp_event_psi kill_reason received= -1
06-11 13:24:22.379 D/SessionLifecycleClient(19537): Notified CRASHLYTICS of new session 493cc855b38d4444802de4ae8b9eec11
06-11 13:24:22.390 V/DigitalSignage(  636): Package Name: null
06-11 13:24:22.390 V/DigitalSignage(  636): Left: 0
06-11 13:24:22.390 V/DigitalSignage(  636): Right: 0
06-11 13:24:22.390 V/DigitalSignage(  636): Top: 0
06-11 13:24:22.390 V/DigitalSignage(  636): Bottom: 0
06-11 13:24:22.390 D/DigitalSignage(  636): else - Package Name :: null left : 0 right :: 0 top :: 0 bottom :: 0 dfu-right :: 1920 dfu-bottom :: 1080
06-11 13:24:22.394 I/lowmemorykiller(  231): medium memory pressure event is triggered for new strategy
06-11 13:24:22.394 D/lowmemorykiller(  231): LMKD mp_event_psi kill_reasons available are PRESSURE_AFTER_KILL, NOT_RESPONDING, LOW_SWAP_AND_THRASHING, LOW_MEM_AND_SWAP, LOW_MEM_AND_THRASHING, DIRECT_RECL_AND_THRASHING
06-11 13:24:22.394 D/lowmemorykiller(  231): LMKD mp_event_psi kill_reason received= -1
06-11 13:24:22.405 V/DigitalSignage(  636): Package Name: null
06-11 13:24:22.405 V/DigitalSignage(  636): Left: 0
06-11 13:24:22.406 V/DigitalSignage(  636): Right: 0
06-11 13:24:22.406 V/DigitalSignage(  636): Top: 0
06-11 13:24:22.406 V/DigitalSignage(  636): Bottom: 0
06-11 13:24:22.406 D/DigitalSignage(  636): else - Package Name :: null left : 0 right :: 0 top :: 0 bottom :: 0 dfu-right :: 1920 dfu-bottom :: 1080
06-11 13:24:22.412 V/FileLogTree(19537): Successfully created log file /data/user/0/in.startv.hotstar/files/logs/HotStarLogs1749628462408.log
06-11 13:24:22.425 D/stbdpc  (  405): STB_DPGetNumPaths[570]: num_paths: 1
06-11 13:24:22.428 D/dvb_iptv(  405): ReadEmmNetworkTask[1540]: EMM Select Timeout Occured 57
06-11 13:24:22.436 I/ActivityTaskManager(  636): Displayed in.startv.hotstar/com.hotstar.MainActivity: +1s818ms
06-11 13:24:22.439 D/CompatibilityChangeReporter(  636): Compat change id reported: 136274596; UID 10111; state: ENABLED
06-11 13:24:22.472 I/tomator2.serve(19470): Background concurrent copying GC freed 86880(4400KB) AllocSpace objects, 14(2976KB) LOS objects, 49% free, 6967KB/13MB, paused 86us total 621.860ms
06-11 13:24:22.496 I/lowmemorykiller(  231): medium memory pressure event is triggered for new strategy
06-11 13:24:22.496 D/lowmemorykiller(  231): LMKD mp_event_psi kill_reasons available are PRESSURE_AFTER_KILL, NOT_RESPONDING, LOW_SWAP_AND_THRASHING, LOW_MEM_AND_SWAP, LOW_MEM_AND_THRASHING, DIRECT_RECL_AND_THRASHING
06-11 13:24:22.497 D/lowmemorykiller(  231): LMKD mp_event_psi kill_reason received= -1
06-11 13:24:22.501 D/EventGDTLogger(19537): Session Event Type: SESSION_START
06-11 13:24:22.501 D/SessionFirelogPublisher(19537): Successfully logged Session Start event.
06-11 13:24:22.525 D/stbdpc  (  405): STB_DPGetNumPaths[570]: num_paths: 1
06-11 13:24:22.597 I/lowmemorykiller(  231): medium memory pressure event is triggered for new strategy
06-11 13:24:22.597 D/lowmemorykiller(  231): LMKD mp_event_psi kill_reasons available are PRESSURE_AFTER_KILL, NOT_RESPONDING, LOW_SWAP_AND_THRASHING, LOW_MEM_AND_SWAP, LOW_MEM_AND_THRASHING, DIRECT_RECL_AND_THRASHING
06-11 13:24:22.597 D/lowmemorykiller(  231): LMKD mp_event_psi kill_reason received= -1
06-11 13:24:22.626 D/stbdpc  (  405): STB_DPGetNumPaths[570]: num_paths: 1
06-11 13:24:22.644 D/rtk_heartbeat(  351): heartbeat_timed_out: heartbeatCmdCount = 10057, expected nextSeqNum = 10057
06-11 13:24:22.645 D/rtk_heartbeat(  351): rtkbt_heartbeat_cmpl_cback: Current SeqNum = 10057,should SeqNum=10057, status = 0
06-11 13:24:22.697 I/lowmemorykiller(  231): medium memory pressure event is triggered for new strategy
06-11 13:24:22.697 D/lowmemorykiller(  231): LMKD mp_event_psi kill_reasons available are PRESSURE_AFTER_KILL, NOT_RESPONDING, LOW_SWAP_AND_THRASHING, LOW_MEM_AND_SWAP, LOW_MEM_AND_THRASHING, DIRECT_RECL_AND_THRASHING
06-11 13:24:22.697 D/lowmemorykiller(  231): LMKD mp_event_psi kill_reason received= -1
06-11 13:24:22.726 D/stbdpc  (  405): STB_DPGetNumPaths[570]: num_paths: 1
06-11 13:24:22.797 I/lowmemorykiller(  231): medium memory pressure event is triggered for new strategy
06-11 13:24:22.798 D/lowmemorykiller(  231): LMKD mp_event_psi kill_reasons available are PRESSURE_AFTER_KILL, NOT_RESPONDING, LOW_SWAP_AND_THRASHING, LOW_MEM_AND_SWAP, LOW_MEM_AND_THRASHING, DIRECT_RECL_AND_THRASHING
06-11 13:24:22.798 D/lowmemorykiller(  231): LMKD mp_event_psi kill_reason received= -1
06-11 13:24:22.815 D/[212   ] JioAccount-ADC( 2155): v2.a a> Event: XJSSOE3
06-11 13:24:22.816 V/[212   ] JioAccount-ADC( 2155): v2.a a> XJSSOE3	PARAMETERS:
06-11 13:24:22.826 D/[317   ] JioAccount-ADC( 2155): com.jio.adc.core.b c> Getting ServiceInfo
06-11 13:24:22.826 D/stbdpc  (  405): STB_DPGetNumPaths[570]: num_paths: 1
06-11 13:24:22.829 D/[317   ] JioAccount-ADC( 2155): com.jio.adc.core.b c> Starting Bind...
06-11 13:24:22.833 D/[317   ] JioAccount-ADC( 2155): com.jio.adc.core.b c> Binding...
06-11 13:24:22.835 D/[2     ] JioAccount-ADC( 2155): com.jio.adc.core.b$2 onServiceConnected> Connected
06-11 13:24:22.837 D/[2     ] JioAccount-ADC( 2155): com.jio.adc.core.b$c$1 h> PROCESSING EVENT: XJSSOE3; TIME: 11-06-25 13:24:22:816; PARAMETERS: {"XJSSOP13":"in.startv.hotstar","XJSSOP14":true,"XJSSOP15":""}
06-11 13:24:22.846 V/[2     ] JioAccount-ADC( 2155): com.jio.adc.core.b$c$1 h> Event Written: XJSSOE3; TIME: 11-06-25 13:24:22:816; PARAMETERS: {"XJSSOP13":"in.startv.hotstar","XJSSOP14":true,"XJSSOP15":""}
06-11 13:24:22.849 I/FirebaseCrashlytics(19537): Saved version control info
06-11 13:24:22.898 I/lowmemorykiller(  231): medium memory pressure event is triggered for new strategy
06-11 13:24:22.898 D/lowmemorykiller(  231): LMKD mp_event_psi kill_reasons available are PRESSURE_AFTER_KILL, NOT_RESPONDING, LOW_SWAP_AND_THRASHING, LOW_MEM_AND_SWAP, LOW_MEM_AND_THRASHING, DIRECT_RECL_AND_THRASHING
06-11 13:24:22.898 D/lowmemorykiller(  231): LMKD mp_event_psi kill_reason received= -1
06-11 13:24:22.905 D/JioStbInactivityTimer(  917): Timer: count 1 warningTimeout:-120 timeout:0
06-11 13:24:22.926 D/stbdpc  (  405): STB_DPGetNumPaths[570]: num_paths: 1
06-11 13:24:22.928 D/dvb_iptv(  405): ReadEmmNetworkTask[1540]: EMM Select Timeout Occured 58
06-11 13:24:22.938 I/Choreographer(11708): Skipped 41 frames!  The application may be doing too much work on its main thread.
06-11 13:24:22.998 I/lowmemorykiller(  231): medium memory pressure event is triggered for new strategy
06-11 13:24:22.999 D/lowmemorykiller(  231): LMKD mp_event_psi kill_reasons available are PRESSURE_AFTER_KILL, NOT_RESPONDING, LOW_SWAP_AND_THRASHING, LOW_MEM_AND_SWAP, LOW_MEM_AND_THRASHING, DIRECT_RECL_AND_THRASHING
06-11 13:24:22.999 D/lowmemorykiller(  231): LMKD mp_event_psi kill_reason received= -1
06-11 13:24:23.026 D/stbdpc  (  405): STB_DPGetNumPaths[570]: num_paths: 1
06-11 13:24:23.099 I/lowmemorykiller(  231): medium memory pressure event is triggered for new strategy
06-11 13:24:23.099 D/lowmemorykiller(  231): LMKD mp_event_psi kill_reasons available are PRESSURE_AFTER_KILL, NOT_RESPONDING, LOW_SWAP_AND_THRASHING, LOW_MEM_AND_SWAP, LOW_MEM_AND_THRASHING, DIRECT_RECL_AND_THRASHING
06-11 13:24:23.099 D/lowmemorykiller(  231): LMKD mp_event_psi kill_reason received= -1
06-11 13:24:23.127 D/stbdpc  (  405): STB_DPGetNumPaths[570]: num_paths: 1
06-11 13:24:23.192 D/[212   ] JioAccount-ADC( 2155): v2.a a> Event: XJSSOE4
06-11 13:24:23.193 V/[212   ] JioAccount-ADC( 2155): v2.a a> XJSSOE4	PARAMETERS:
06-11 13:24:23.194 D/[317   ] JioAccount-ADC( 2155): com.jio.adc.core.b$c$1 h> PROCESSING EVENT: XJSSOE4; TIME: 11-06-25 13:24:23:193; PARAMETERS: {"XJSSOP9":"RefreshTokenData","XJSSOP2":"200","XJSSOP3":"OK","XJSSOP4":"","XJSSOP1":"d5.s@269ffb7","XJSSOP5":"RJIL_JioSTBAF","XJSSOP6":"l7xxba9140cc92944a83ad95553ce3f4521a","XJSSOP8":"fe80::6444:fbff:fe6e:42b8","XJSSOP15":""}
06-11 13:24:23.198 I/.startv.hotsta(19537): Background concurrent copying GC freed 154841(8566KB) AllocSpace objects, 52(2184KB) LOS objects, 49% free, 10MB/20MB, paused 2.052ms total 707.696ms
06-11 13:24:23.199 I/lowmemorykiller(  231): medium memory pressure event is triggered for new strategy
06-11 13:24:23.199 D/lowmemorykiller(  231): LMKD mp_event_psi kill_reasons available are PRESSURE_AFTER_KILL, NOT_RESPONDING, LOW_SWAP_AND_THRASHING, LOW_MEM_AND_SWAP, LOW_MEM_AND_THRASHING, DIRECT_RECL_AND_THRASHING
06-11 13:24:23.199 D/lowmemorykiller(  231): LMKD mp_event_psi kill_reason received= -1
06-11 13:24:23.207 V/[317   ] JioAccount-ADC( 2155): com.jio.adc.core.b$c$1 h> Event Written: XJSSOE4; TIME: 11-06-25 13:24:23:193; PARAMETERS: {"XJSSOP9":"RefreshTokenData","XJSSOP2":"200","XJSSOP3":"OK","XJSSOP4":"","XJSSOP1":"d5.s@269ffb7","XJSSOP5":"RJIL_JioSTBAF","XJSSOP6":"l7xxba9140cc92944a83ad95553ce3f4521a","XJSSOP8":"fe80::6444:fbff:fe6e:42b8","XJSSOP15":""}
06-11 13:24:23.207 W/System  (19537): A resource failed to call close. 
06-11 13:24:23.223 D/[212   ] JioAccount-ADC( 2155): v2.a a> Event: XJSSOE4
06-11 13:24:23.224 V/[212   ] JioAccount-ADC( 2155): v2.a a> XJSSOE4	PARAMETERS:
06-11 13:24:23.225 D/[317   ] JioAccount-ADC( 2155): com.jio.adc.core.b$c$1 h> PROCESSING EVENT: XJSSOE4; TIME: 11-06-25 13:24:23:224; PARAMETERS: {"XJSSOP9":"RMN","XJSSOP2":"200","XJSSOP3":"success","XJSSOP4":"","XJSSOP1":"https://api.jio.com/v3/dip/user/authtoken/verify","XJSSOP5":"RJIL_JioSTBAF","XJSSOP6":"l7xxba9140cc92944a83ad95553ce3f4521a","XJSSOP8":"fe80::6444:fbff:fe6e:42b8","XJSSOP15":""}
06-11 13:24:23.227 D/stbdpc  (  405): STB_DPGetNumPaths[570]: num_paths: 1
06-11 13:24:23.231 V/[317   ] JioAccount-ADC( 2155): com.jio.adc.core.b$c$1 h> Event Written: XJSSOE4; TIME: 11-06-25 13:24:23:224; PARAMETERS: {"XJSSOP9":"RMN","XJSSOP2":"200","XJSSOP3":"success","XJSSOP4":"","XJSSOP1":"https://api.jio.com/v3/dip/user/authtoken/verify","XJSSOP5":"RJIL_JioSTBAF","XJSSOP6":"l7xxba9140cc92944a83ad95553ce3f4521a","XJSSOP8":"fe80::6444:fbff:fe6e:42b8","XJSSOP15":""}
06-11 13:24:23.273 I/.startv.hotsta(19537): oneway function results will be dropped but finished with status OK and parcel size 4
06-11 13:24:23.287 I/e.swalekh.abct( 1264): oneway function results will be dropped but finished with status OK and parcel size 4
06-11 13:24:23.300 I/lowmemorykiller(  231): medium memory pressure event is triggered for new strategy
06-11 13:24:23.300 D/lowmemorykiller(  231): LMKD mp_event_psi kill_reasons available are PRESSURE_AFTER_KILL, NOT_RESPONDING, LOW_SWAP_AND_THRASHING, LOW_MEM_AND_SWAP, LOW_MEM_AND_THRASHING, DIRECT_RECL_AND_THRASHING
06-11 13:24:23.300 D/lowmemorykiller(  231): LMKD mp_event_psi kill_reason received= -1
06-11 13:24:23.302 D/JioSTBMRServer-SERVICE( 3641): InetSocketAddress(InetAddress.getByName(inetAddress.hostAddress)-/192.168.29.255
06-11 13:24:23.303 D/JioSTBMRServer-SERVICE( 3641): #beacon:RNOSBFJNX018133:0:false:0:1:SV=181025 , 192.168.29.255
06-11 13:24:23.308 D/JioSTBMRServer-SERVICE( 3641): InetSocketAddress(InetAddress.getByName(inetAddress.hostAddress)-/192.168.29.255
06-11 13:24:23.308 D/JioSTBMRServer-SERVICE( 3641): #broadcast IP:192.168.29.255
06-11 13:24:23.327 D/stbdpc  (  405): STB_DPGetNumPaths[570]: num_paths: 1
06-11 13:24:23.336 V/RootBeer(19537): b: a() [44] - /system/xbin/su binary detected!
06-11 13:24:23.400 I/lowmemorykiller(  231): medium memory pressure event is triggered for new strategy
06-11 13:24:23.400 D/lowmemorykiller(  231): LMKD mp_event_psi kill_reasons available are PRESSURE_AFTER_KILL, NOT_RESPONDING, LOW_SWAP_AND_THRASHING, LOW_MEM_AND_SWAP, LOW_MEM_AND_THRASHING, DIRECT_RECL_AND_THRASHING
