06-11 22:51:39.189 W/System.err(17652): 	at S3.A.s(SourceFile:11)
06-11 22:51:39.189 W/System.err(17652): 	at kotlinx.coroutines.a.p0(SourceFile:81)
06-11 22:51:39.189 W/System.err(17652): 	at kotlinx.coroutines.d.a(SourceFile:18)
06-11 22:51:39.189 W/System.err(17652): 	at coil.RealImageLoader.b(SourceFile:10)
06-11 22:51:39.189 W/System.err(17652): 	at coil.request.ViewTargetRequestManager.onViewAttachedToWindow(SourceFile:13)
06-11 22:51:39.189 W/System.err(17652): 	at android.view.View.dispatchAttachedToWindow(View.java:20490)
06-11 22:51:39.189 W/System.err(17652): 	at android.view.ViewGroup.dispatchAttachedToWindow(ViewGroup.java:3496)
06-11 22:51:39.189 W/System.err(17652): 	at android.view.ViewGroup.dispatchAttachedToWindow(ViewGroup.java:3496)
06-11 22:51:39.189 W/System.err(17652): 	at android.view.ViewGroup.addViewInner(ViewGroup.java:5278)
06-11 22:51:39.189 W/System.err(17652): 	at android.view.ViewGroup.addView(ViewGroup.java:5064)
06-11 22:51:39.189 W/System.err(17652): 	at android.view.ViewGroup.addView(ViewGroup.java:5004)
06-11 22:51:39.189 W/System.err(17652): 	at androidx.recyclerview.widget.e.a(SourceFile:26)
06-11 22:51:39.189 W/System.err(17652): 	at androidx.recyclerview.widget.RecyclerView$l.m(SourceFile:243)
06-11 22:51:39.189 W/System.err(17652): 	at androidx.leanback.widget.GridLayoutManager$b.b(SourceFile:46)
06-11 22:51:39.189 W/System.err(17652): 	at androidx.leanback.widget.S.m(SourceFile:37)
06-11 22:51:39.189 W/System.err(17652): 	at androidx.leanback.widget.GridLayoutManager.t1(SourceFile:26)
06-11 22:51:39.189 W/System.err(17652): 	at androidx.leanback.widget.GridLayoutManager.v0(SourceFile:1191)
06-11 22:51:39.189 W/System.err(17652): 	at androidx.recyclerview.widget.RecyclerView.r(SourceFile:74)
06-11 22:51:39.189 W/System.err(17652): 	at androidx.recyclerview.widget.RecyclerView.p(SourceFile:72)
06-11 22:51:39.189 W/System.err(17652): 	at androidx.recyclerview.widget.RecyclerView.onLayout(SourceFile:8)
06-11 22:51:39.190 W/System.err(17652): 	at android.view.View.layout(View.java:22844)
06-11 22:51:39.190 W/System.err(17652): 	at android.view.ViewGroup.layout(ViewGroup.java:6389)
06-11 22:51:39.190 W/System.err(17652): 	at androidx.constraintlayout.widget.ConstraintLayout.onLayout(SourceFile:67)
06-11 22:51:39.190 W/System.err(17652): 	at android.view.View.layout(View.java:22844)
06-11 22:51:39.190 W/System.err(17652): 	at android.view.ViewGroup.layout(ViewGroup.java:6389)
06-11 22:51:39.190 W/System.err(17652): 	at android.widget.FrameLayout.layoutChildren(FrameLayout.java:332)
06-11 22:51:39.190 W/System.err(17652): 	at android.widget.FrameLayout.onLayout(FrameLayout.java:270)
06-11 22:51:39.190 W/System.err(17652): 	at android.view.View.layout(View.java:22844)
06-11 22:51:39.190 W/System.err(17652): 	at android.view.ViewGroup.layout(ViewGroup.java:6389)
06-11 22:51:39.190 W/System.err(17652): 	at android.widget.FrameLayout.layoutChildren(FrameLayout.java:332)
06-11 22:51:39.190 W/System.err(17652): 	at android.widget.FrameLayout.onLayout(FrameLayout.java:270)
06-11 22:51:39.190 W/System.err(17652): 	at android.view.View.layout(View.java:22844)
06-11 22:51:39.190 W/System.err(17652): 	at android.view.ViewGroup.layout(ViewGroup.java:6389)
06-11 22:51:39.190 W/System.err(17652): 	at androidx.constraintlayout.widget.ConstraintLayout.onLayout(SourceFile:67)
06-11 22:51:39.190 W/System.err(17652): 	at android.view.View.layout(View.java:22844)
06-11 22:51:39.190 W/System.err(17652): 	at android.view.ViewGroup.layout(ViewGroup.java:6389)
06-11 22:51:39.190 W/System.err(17652): 	at android.widget.FrameLayout.layoutChildren(FrameLayout.java:332)
06-11 22:51:39.190 W/System.err(17652): 	at android.widget.FrameLayout.onLayout(FrameLayout.java:270)
06-11 22:51:39.190 W/System.err(17652): 	at android.view.View.layout(View.java:22844)
06-11 22:51:39.190 W/System.err(17652): 	at android.view.ViewGroup.layout(ViewGroup.java:6389)
06-11 22:51:39.191 W/System.err(17652): 	at android.widget.FrameLayout.layoutChildren(FrameLayout.java:332)
06-11 22:51:39.191 W/System.err(17652): 	at android.widget.FrameLayout.onLayout(FrameLayout.java:270)
06-11 22:51:39.191 W/System.err(17652): 	at android.view.View.layout(View.java:22844)
06-11 22:51:39.191 W/System.err(17652): 	at android.view.ViewGroup.layout(ViewGroup.java:6389)
06-11 22:51:39.191 W/System.err(17652): 	at android.widget.FrameLayout.layoutChildren(FrameLayout.java:332)
06-11 22:51:39.191 W/System.err(17652): 	at android.widget.FrameLayout.onLayout(FrameLayout.java:270)
06-11 22:51:39.191 W/System.err(17652): 	at android.view.View.layout(View.java:22844)
06-11 22:51:39.191 W/System.err(17652): 	at android.view.ViewGroup.layout(ViewGroup.java:6389)
06-11 22:51:39.191 W/System.err(17652): 	at android.widget.FrameLayout.layoutChildren(FrameLayout.java:332)
06-11 22:51:39.191 W/System.err(17652): 	at android.widget.FrameLayout.onLayout(FrameLayout.java:270)
06-11 22:51:39.191 W/System.err(17652): 	at android.view.View.layout(View.java:22844)
06-11 22:51:39.191 W/System.err(17652): 	at android.view.ViewGroup.layout(ViewGroup.java:6389)
06-11 22:51:39.191 W/System.err(17652): 	at android.widget.FrameLayout.layoutChildren(FrameLayout.java:332)
06-11 22:51:39.191 W/System.err(17652): 	at android.widget.FrameLayout.onLayout(FrameLayout.java:270)
06-11 22:51:39.191 W/System.err(17652): 	at android.view.View.layout(View.java:22844)
06-11 22:51:39.191 W/System.err(17652): 	at android.view.ViewGroup.layout(ViewGroup.java:6389)
06-11 22:51:39.191 W/System.err(17652): 	at androidx.constraintlayout.widget.ConstraintLayout.onLayout(SourceFile:67)
06-11 22:51:39.192 W/System.err(17652): 	at android.view.View.layout(View.java:22844)
06-11 22:51:39.192 W/System.err(17652): 	at android.view.ViewGroup.layout(ViewGroup.java:6389)
06-11 22:51:39.192 W/System.err(17652): 	at android.widget.FrameLayout.layoutChildren(FrameLayout.java:332)
06-11 22:51:39.192 W/System.err(17652): 	at android.widget.FrameLayout.onLayout(FrameLayout.java:270)
06-11 22:51:39.192 W/System.err(17652): 	at android.view.View.layout(View.java:22844)
06-11 22:51:39.192 W/System.err(17652): 	at android.view.ViewGroup.layout(ViewGroup.java:6389)
06-11 22:51:39.192 W/System.err(17652): 	at android.widget.LinearLayout.setChildFrame(LinearLayout.java:1829)
06-11 22:51:39.192 W/System.err(17652): 	at android.widget.LinearLayout.layoutVertical(LinearLayout.java:1673)
06-11 22:51:39.192 W/System.err(17652): 	at android.widget.LinearLayout.onLayout(LinearLayout.java:1582)
06-11 22:51:39.192 W/System.err(17652): 	at android.view.View.layout(View.java:22844)
06-11 22:51:39.192 W/System.err(17652): 	at android.view.ViewGroup.layout(ViewGroup.java:6389)
06-11 22:51:39.192 W/System.err(17652): 	at android.widget.FrameLayout.layoutChildren(FrameLayout.java:332)
06-11 22:51:39.192 W/System.err(17652): 	at android.widget.FrameLayout.onLayout(FrameLayout.java:270)
06-11 22:51:39.192 W/System.err(17652): 	at com.android.internal.policy.DecorView.onLayout(DecorView.java:784)
06-11 22:51:39.192 W/System.err(17652): 	at android.view.View.layout(View.java:22844)
06-11 22:51:39.192 W/System.err(17652): 	at android.view.ViewGroup.layout(ViewGroup.java:6389)
06-11 22:51:39.192 W/System.err(17652): 	at android.view.ViewRootImpl.performLayout(ViewRootImpl.java:3475)
06-11 22:51:39.192 W/System.err(17652): 	at android.view.ViewRootImpl.performTraversals(ViewRootImpl.java:2943)
06-11 22:51:39.192 W/System.err(17652): 	at android.view.ViewRootImpl.doTraversal(ViewRootImpl.java:1948)
06-11 22:51:39.192 W/System.err(17652): 	at android.view.ViewRootImpl$TraversalRunnable.run(ViewRootImpl.java:8177)
06-11 22:51:39.192 W/System.err(17652): 	at android.view.Choreographer$CallbackRecord.run(Choreographer.java:972)
06-11 22:51:39.192 W/System.err(17652): 	at android.view.Choreographer.doCallbacks(Choreographer.java:796)
06-11 22:51:39.192 W/System.err(17652): 	at android.view.Choreographer.doFrame(Choreographer.java:731)
06-11 22:51:39.192 W/System.err(17652): 	at android.view.Choreographer$FrameDisplayEventReceiver.run(Choreographer.java:957)
06-11 22:51:39.193 W/System.err(17652): 	at android.os.Handler.handleCallback(Handler.java:938)
06-11 22:51:39.193 W/System.err(17652): 	at android.os.Handler.dispatchMessage(Handler.java:99)
06-11 22:51:39.193 W/System.err(17652): 	at android.os.Looper.loop(Looper.java:223)
06-11 22:51:39.193 W/System.err(17652): 	at android.app.ActivityThread.main(ActivityThread.java:7664)
06-11 22:51:39.193 W/System.err(17652): 	at java.lang.reflect.Method.invoke(Native Method)
06-11 22:51:39.193 W/System.err(17652): 	at com.android.internal.os.RuntimeInit$MethodAndArgsCaller.run(RuntimeInit.java:592)
06-11 22:51:39.193 W/System.err(17652): 	at com.android.internal.os.ZygoteInit.main(ZygoteInit.java:952)
06-11 22:51:39.207 W/AnimatorSet(17652): Start delay should always be non-negative
06-11 22:51:39.209 W/System.err(17652): java.lang.IllegalArgumentException: width and height must be > 0
06-11 22:51:39.209 W/System.err(17652): 	at android.graphics.Bitmap.createBitmap(Bitmap.java:1113)
06-11 22:51:39.209 W/System.err(17652): 	at android.graphics.Bitmap.createBitmap(Bitmap.java:1080)
06-11 22:51:39.210 W/System.err(17652): 	at android.graphics.Bitmap.createBitmap(Bitmap.java:1030)
06-11 22:51:39.210 W/System.err(17652): 	at android.graphics.Bitmap.createBitmap(Bitmap.java:991)
06-11 22:51:39.210 W/System.err(17652): 	at com.hotstar.feature.login.profile.customview.CircleImageView.c(SourceFile:46)
06-11 22:51:39.210 W/System.err(17652): 	at com.hotstar.feature.login.profile.customview.CircleImageView.setImageDrawable(SourceFile:4)
06-11 22:51:39.210 W/System.err(17652): 	at coil.target.ImageViewTarget.f(SourceFile:3)
06-11 22:51:39.210 W/System.err(17652): 	at coil.target.GenericViewTarget.h(SourceFile:19)
06-11 22:51:39.210 W/System.err(17652): 	at coil.target.GenericViewTarget.c(SourceFile:1)
06-11 22:51:39.210 W/System.err(17652): 	at coil.RealImageLoader.c(SourceFile:255)
06-11 22:51:39.210 W/System.err(17652): 	at coil.RealImageLoader$enqueue$job$1.invokeSuspend(SourceFile:32)
06-11 22:51:39.210 W/System.err(17652): 	at kotlin.coroutines.jvm.internal.BaseContinuationImpl.resumeWith(SourceFile:9)
06-11 22:51:39.210 W/System.err(17652): 	at Yg.i.a(SourceFile:129)
06-11 22:51:39.210 W/System.err(17652): 	at S3.A.s(SourceFile:11)
06-11 22:51:39.211 W/System.err(17652): 	at kotlinx.coroutines.a.p0(SourceFile:81)
06-11 22:51:39.211 W/System.err(17652): 	at kotlinx.coroutines.d.a(SourceFile:18)
06-11 22:51:39.211 W/System.err(17652): 	at coil.RealImageLoader.b(SourceFile:10)
06-11 22:51:39.211 W/System.err(17652): 	at coil.request.ViewTargetRequestManager.onViewAttachedToWindow(SourceFile:13)
06-11 22:51:39.211 W/System.err(17652): 	at android.view.View.dispatchAttachedToWindow(View.java:20490)
06-11 22:51:39.211 W/System.err(17652): 	at android.view.ViewGroup.dispatchAttachedToWindow(ViewGroup.java:3496)
06-11 22:51:39.211 W/System.err(17652): 	at android.view.ViewGroup.dispatchAttachedToWindow(ViewGroup.java:3496)
06-11 22:51:39.211 W/System.err(17652): 	at android.view.ViewGroup.addViewInner(ViewGroup.java:5278)
06-11 22:51:39.211 W/System.err(17652): 	at android.view.ViewGroup.addView(ViewGroup.java:5064)
06-11 22:51:39.211 W/System.err(17652): 	at android.view.ViewGroup.addView(ViewGroup.java:5004)
06-11 22:51:39.211 W/System.err(17652): 	at androidx.recyclerview.widget.e.a(SourceFile:26)
06-11 22:51:39.211 W/System.err(17652): 	at androidx.recyclerview.widget.RecyclerView$l.m(SourceFile:243)
06-11 22:51:39.211 W/System.err(17652): 	at androidx.leanback.widget.GridLayoutManager$b.b(SourceFile:46)
06-11 22:51:39.211 W/System.err(17652): 	at androidx.leanback.widget.S.m(SourceFile:37)
06-11 22:51:39.211 W/System.err(17652): 	at androidx.leanback.widget.GridLayoutManager.t1(SourceFile:26)
06-11 22:51:39.211 W/System.err(17652): 	at androidx.leanback.widget.GridLayoutManager.v0(SourceFile:1191)
06-11 22:51:39.211 W/System.err(17652): 	at androidx.recyclerview.widget.RecyclerView.r(SourceFile:74)
06-11 22:51:39.211 W/System.err(17652): 	at androidx.recyclerview.widget.RecyclerView.p(SourceFile:72)
06-11 22:51:39.211 W/System.err(17652): 	at androidx.recyclerview.widget.RecyclerView.onLayout(SourceFile:8)
06-11 22:51:39.211 W/System.err(17652): 	at android.view.View.layout(View.java:22844)
06-11 22:51:39.211 W/System.err(17652): 	at android.view.ViewGroup.layout(ViewGroup.java:6389)
06-11 22:51:39.211 W/System.err(17652): 	at androidx.constraintlayout.widget.ConstraintLayout.onLayout(SourceFile:67)
06-11 22:51:39.211 W/System.err(17652): 	at android.view.View.layout(View.java:22844)
06-11 22:51:39.211 W/System.err(17652): 	at android.view.ViewGroup.layout(ViewGroup.java:6389)
06-11 22:51:39.211 W/System.err(17652): 	at android.widget.FrameLayout.layoutChildren(FrameLayout.java:332)
06-11 22:51:39.212 W/System.err(17652): 	at android.widget.FrameLayout.onLayout(FrameLayout.java:270)
06-11 22:51:39.212 W/System.err(17652): 	at android.view.View.layout(View.java:22844)
06-11 22:51:39.212 W/System.err(17652): 	at android.view.ViewGroup.layout(ViewGroup.java:6389)
06-11 22:51:39.212 W/System.err(17652): 	at android.widget.FrameLayout.layoutChildren(FrameLayout.java:332)
06-11 22:51:39.212 W/System.err(17652): 	at android.widget.FrameLayout.onLayout(FrameLayout.java:270)
06-11 22:51:39.212 W/System.err(17652): 	at android.view.View.layout(View.java:22844)
06-11 22:51:39.212 W/System.err(17652): 	at android.view.ViewGroup.layout(ViewGroup.java:6389)
06-11 22:51:39.212 W/System.err(17652): 	at androidx.constraintlayout.widget.ConstraintLayout.onLayout(SourceFile:67)
06-11 22:51:39.212 W/System.err(17652): 	at android.view.View.layout(View.java:22844)
06-11 22:51:39.212 W/System.err(17652): 	at android.view.ViewGroup.layout(ViewGroup.java:6389)
06-11 22:51:39.212 W/System.err(17652): 	at android.widget.FrameLayout.layoutChildren(FrameLayout.java:332)
06-11 22:51:39.212 W/System.err(17652): 	at android.widget.FrameLayout.onLayout(FrameLayout.java:270)
06-11 22:51:39.212 W/System.err(17652): 	at android.view.View.layout(View.java:22844)
06-11 22:51:39.212 W/System.err(17652): 	at android.view.ViewGroup.layout(ViewGroup.java:6389)
06-11 22:51:39.212 W/System.err(17652): 	at android.widget.FrameLayout.layoutChildren(FrameLayout.java:332)
06-11 22:51:39.212 W/System.err(17652): 	at android.widget.FrameLayout.onLayout(FrameLayout.java:270)
06-11 22:51:39.212 W/System.err(17652): 	at android.view.View.layout(View.java:22844)
06-11 22:51:39.213 W/System.err(17652): 	at android.view.ViewGroup.layout(ViewGroup.java:6389)
06-11 22:51:39.213 W/System.err(17652): 	at android.widget.FrameLayout.layoutChildren(FrameLayout.java:332)
06-11 22:51:39.213 W/System.err(17652): 	at android.widget.FrameLayout.onLayout(FrameLayout.java:270)
06-11 22:51:39.213 W/System.err(17652): 	at android.view.View.layout(View.java:22844)
06-11 22:51:39.213 W/System.err(17652): 	at android.view.ViewGroup.layout(ViewGroup.java:6389)
06-11 22:51:39.213 W/System.err(17652): 	at android.widget.FrameLayout.layoutChildren(FrameLayout.java:332)
06-11 22:51:39.213 W/System.err(17652): 	at android.widget.FrameLayout.onLayout(FrameLayout.java:270)
06-11 22:51:39.213 W/System.err(17652): 	at android.view.View.layout(View.java:22844)
06-11 22:51:39.213 W/System.err(17652): 	at android.view.ViewGroup.layout(ViewGroup.java:6389)
06-11 22:51:39.213 W/System.err(17652): 	at android.widget.FrameLayout.layoutChildren(FrameLayout.java:332)
06-11 22:51:39.213 W/System.err(17652): 	at android.widget.FrameLayout.onLayout(FrameLayout.java:270)
06-11 22:51:39.213 W/System.err(17652): 	at android.view.View.layout(View.java:22844)
06-11 22:51:39.213 W/System.err(17652): 	at android.view.ViewGroup.layout(ViewGroup.java:6389)
06-11 22:51:39.214 W/System.err(17652): 	at androidx.constraintlayout.widget.ConstraintLayout.onLayout(SourceFile:67)
06-11 22:51:39.214 W/System.err(17652): 	at android.view.View.layout(View.java:22844)
06-11 22:51:39.214 W/System.err(17652): 	at android.view.ViewGroup.layout(ViewGroup.java:6389)
06-11 22:51:39.214 W/System.err(17652): 	at android.widget.FrameLayout.layoutChildren(FrameLayout.java:332)
06-11 22:51:39.214 W/System.err(17652): 	at android.widget.FrameLayout.onLayout(FrameLayout.java:270)
06-11 22:51:39.214 W/System.err(17652): 	at android.view.View.layout(View.java:22844)
06-11 22:51:39.214 W/System.err(17652): 	at android.view.ViewGroup.layout(ViewGroup.java:6389)
06-11 22:51:39.214 W/System.err(17652): 	at android.widget.LinearLayout.setChildFrame(LinearLayout.java:1829)
06-11 22:51:39.214 W/System.err(17652): 	at android.widget.LinearLayout.layoutVertical(LinearLayout.java:1673)
06-11 22:51:39.214 W/System.err(17652): 	at android.widget.LinearLayout.onLayout(LinearLayout.java:1582)
06-11 22:51:39.214 W/System.err(17652): 	at android.view.View.layout(View.java:22844)
06-11 22:51:39.214 W/System.err(17652): 	at android.view.ViewGroup.layout(ViewGroup.java:6389)
06-11 22:51:39.214 W/System.err(17652): 	at android.widget.FrameLayout.layoutChildren(FrameLayout.java:332)
06-11 22:51:39.214 W/System.err(17652): 	at android.widget.FrameLayout.onLayout(FrameLayout.java:270)
06-11 22:51:39.214 W/System.err(17652): 	at com.android.internal.policy.DecorView.onLayout(DecorView.java:784)
06-11 22:51:39.214 W/System.err(17652): 	at android.view.View.layout(View.java:22844)
06-11 22:51:39.214 W/System.err(17652): 	at android.view.ViewGroup.layout(ViewGroup.java:6389)
06-11 22:51:39.214 W/System.err(17652): 	at android.view.ViewRootImpl.performLayout(ViewRootImpl.java:3475)
06-11 22:51:39.214 W/System.err(17652): 	at android.view.ViewRootImpl.performTraversals(ViewRootImpl.java:2943)
06-11 22:51:39.214 W/System.err(17652): 	at android.view.ViewRootImpl.doTraversal(ViewRootImpl.java:1948)
06-11 22:51:39.214 W/System.err(17652): 	at android.view.ViewRootImpl$TraversalRunnable.run(ViewRootImpl.java:8177)
06-11 22:51:39.214 W/System.err(17652): 	at android.view.Choreographer$CallbackRecord.run(Choreographer.java:972)
06-11 22:51:39.215 W/System.err(17652): 	at android.view.Choreographer.doCallbacks(Choreographer.java:796)
06-11 22:51:39.215 W/System.err(17652): 	at android.view.Choreographer.doFrame(Choreographer.java:731)
06-11 22:51:39.215 W/System.err(17652): 	at android.view.Choreographer$FrameDisplayEventReceiver.run(Choreographer.java:957)
06-11 22:51:39.215 W/System.err(17652): 	at android.os.Handler.handleCallback(Handler.java:938)
06-11 22:51:39.215 W/System.err(17652): 	at android.os.Handler.dispatchMessage(Handler.java:99)
06-11 22:51:39.215 W/System.err(17652): 	at android.os.Looper.loop(Looper.java:223)
06-11 22:51:39.215 W/System.err(17652): 	at android.app.ActivityThread.main(ActivityThread.java:7664)
06-11 22:51:39.215 W/System.err(17652): 	at java.lang.reflect.Method.invoke(Native Method)
06-11 22:51:39.215 W/System.err(17652): 	at com.android.internal.os.RuntimeInit$MethodAndArgsCaller.run(RuntimeInit.java:592)
06-11 22:51:39.215 W/System.err(17652): 	at com.android.internal.os.ZygoteInit.main(ZygoteInit.java:952)
06-11 22:51:39.222 W/View    (17652): requestLayout() improperly called by com.hotstar.feature.login.profile.customview.CircleImageView{2b1e8d8 VFED..C.. ..S...ID 14,14-178,178 #7f0b02d8 app:id/iv_profile} during layout: running second layout pass
06-11 22:51:39.222 W/View    (17652): requestLayout() improperly called by com.hotstar.core.commonui.molecules.HSTextView{8dce1c6 V.ED..... ..S...ID 40,216-153,268 #7f0b04c0 app:id/profile_name} during layout: running second layout pass
06-11 22:51:39.222 W/View    (17652): requestLayout() improperly called by androidx.constraintlayout.widget.ConstraintLayout{af37ba1 V.E...... ..S...ID 0,0-192,192 #7f0b02da app:id/iv_profile_view} during layout: running second layout pass
06-11 22:51:39.231 D/stbdpc  (  397): STB_DPGetNumPaths[570]: num_paths: 1
06-11 22:51:39.331 D/stbdpc  (  397): STB_DPGetNumPaths[570]: num_paths: 1
06-11 22:51:39.400 I/appium  (17585): channel read: POST /session/6e543146-c9de-4ab3-9a11-4decefe46202/element
06-11 22:51:39.401 I/appium  (17585): FindElement command
06-11 22:51:39.406 I/appium  (17585): method: 'xpath', selector: '//android.widget.ImageView[@resource-id='in.startv.hotstar:id/iv_profile']'
06-11 22:51:39.407 I/appium  (17585): Waiting up to 10000ms for the device to idle
06-11 22:51:39.431 D/stbdpc  (  397): STB_DPGetNumPaths[570]: num_paths: 1
06-11 22:51:39.506 D/rtk_heartbeat(  349): heartbeat_timed_out: heartbeatCmdCount = 8308, expected nextSeqNum = 8308
06-11 22:51:39.507 D/rtk_heartbeat(  349): rtkbt_heartbeat_cmpl_cback: Current SeqNum = 8308,should SeqNum=8308, status = 0
06-11 22:51:39.531 D/stbdpc  (  397): STB_DPGetNumPaths[570]: num_paths: 1
06-11 22:51:39.573 D/dvb_iptv(  397): ReadEmmNetworkTask[1537]: EMM Select Timeout Occured 38
06-11 22:51:39.631 D/stbdpc  (  397): STB_DPGetNumPaths[570]: num_paths: 1
06-11 22:51:39.731 D/stbdpc  (  397): STB_DPGetNumPaths[570]: num_paths: 1
06-11 22:51:39.802 D/BufferPoolAccessor2.0(17652): bufferpool2 0xf02a5918 : 0(0 size) total buffers - 0(0 size) used buffers - 0/5 (recycle/alloc) - 4/216 (fetch/transfer)
06-11 22:51:39.802 D/BufferPoolAccessor2.0(17652): evictor expired: 1, evicted: 1
06-11 22:51:39.803 D/BufferPoolAccessor2.0(  477): bufferpool2 0xf7965b98 : 0(0 size) total buffers - 0(0 size) used buffers - 104/109 (recycle/alloc) - 5/109 (fetch/transfer)
06-11 22:51:39.803 D/BufferPoolAccessor2.0(  477): evictor expired: 1, evicted: 1
06-11 22:51:39.832 D/stbdpc  (  397): STB_DPGetNumPaths[570]: num_paths: 1
06-11 22:51:39.905 D/JioStbInactivityTimer(  926): Timer: count 181 warningTimeout:10680 timeout:10800
06-11 22:51:39.906 D/JioStbInactivityTimer(  926): isUserActive: Curr:8148418 Prev:8148418
06-11 22:51:39.932 D/stbdpc  (  397): STB_DPGetNumPaths[570]: num_paths: 1
06-11 22:51:39.937 E/WifiVendorHal(  633): getWifiLinkLayerStats_1_3_Internal(l.973) failed {.code = ERROR_UNKNOWN, .description = unknown error}
06-11 22:51:40.031 I/ThermalService(  969): CPU temperatures: [62.200005]
06-11 22:51:40.032 D/stbdpc  (  397): STB_DPGetNumPaths[570]: num_paths: 1
06-11 22:51:40.073 D/dvb_iptv(  397): ReadEmmNetworkTask[1537]: EMM Select Timeout Occured 39
06-11 22:51:40.132 D/stbdpc  (  397): STB_DPGetNumPaths[570]: num_paths: 1
06-11 22:51:40.333 I/chatty  (  397): uid=0(root) DK-SiCntrl identical 2 lines
06-11 22:51:40.433 D/stbdpc  (  397): STB_DPGetNumPaths[570]: num_paths: 1
06-11 22:51:40.506 D/rtk_heartbeat(  349): heartbeat_timed_out: heartbeatCmdCount = 8309, expected nextSeqNum = 8309
06-11 22:51:40.507 D/rtk_heartbeat(  349): rtkbt_heartbeat_cmpl_cback: Current SeqNum = 8309,should SeqNum=8309, status = 0
06-11 22:51:40.533 D/stbdpc  (  397): STB_DPGetNumPaths[570]: num_paths: 1
06-11 22:51:40.544 D/ProfileInstaller(17652): Skipping profile installation for in.startv.hotstar
06-11 22:51:40.573 D/dvb_iptv(  397): ReadEmmNetworkTask[1537]: EMM Select Timeout Occured 40
06-11 22:51:40.633 D/stbdpc  (  397): STB_DPGetNumPaths[570]: num_paths: 1
06-11 22:51:40.733 I/chatty  (  397): uid=0(root) DK-SiCntrl identical 1 line
06-11 22:51:40.833 D/stbdpc  (  397): STB_DPGetNumPaths[570]: num_paths: 1
06-11 22:51:40.867 I/.startv.hotsta(17652): oneway function results will be dropped but finished with status OK and parcel size 4
06-11 22:51:40.869 I/e.swalekh.abct( 1359): oneway function results will be dropped but finished with status OK and parcel size 4
06-11 22:51:40.883 D/JioSTBMRServer-SERVICE( 3589): InetSocketAddress(InetAddress.getByName(inetAddress.hostAddress)-/192.168.1.255
06-11 22:51:40.883 D/JioSTBMRServer-SERVICE( 3589): #beacon:RKISBFJ60000097:0:false:0:1:SV=181024 , 192.168.1.255
06-11 22:51:40.888 D/JioSTBMRServer-SERVICE( 3589): InetSocketAddress(InetAddress.getByName(inetAddress.hostAddress)-/192.168.1.255
06-11 22:51:40.888 D/JioSTBMRServer-SERVICE( 3589): #broadcast IP:192.168.1.255
06-11 22:51:40.905 D/JioStbInactivityTimer(  926): Timer: count 182 warningTimeout:10680 timeout:10800
06-11 22:51:40.905 D/JioStbInactivityTimer(  926): isUserActive: Curr:8148418 Prev:8148418
06-11 22:51:40.934 D/stbdpc  (  397): STB_DPGetNumPaths[570]: num_paths: 1
06-11 22:51:41.034 D/stbdpc  (  397): STB_DPGetNumPaths[570]: num_paths: 1
06-11 22:51:41.073 D/dvb_iptv(  397): ReadEmmNetworkTask[1537]: EMM Select Timeout Occured 41
06-11 22:51:41.104 D/ltts_ip_emm(  397): LTTS_IP_DMXStartEMM[381]: parse_emm_cat_status failed
06-11 22:51:41.134 D/stbdpc  (  397): STB_DPGetNumPaths[570]: num_paths: 1
06-11 22:51:41.234 D/stbdpc  (  397): STB_DPGetNumPaths[570]: num_paths: 1
06-11 22:51:41.250 I/appium  (17585): The following attributes will be included to the page source: [resource-id]
06-11 22:51:41.268 D/memtrack_aml(  363): sysfs path
06-11 22:51:41.335 D/stbdpc  (  397): STB_DPGetNumPaths[570]: num_paths: 1
06-11 22:51:41.399 D/sub_mixing_factory(  348): [out_standby_subMixingPCM:1324] out_stream(0xee269000) usecase: PCM_NORMAL
06-11 22:51:41.399 I/sub_mixing_factory(  348): [usecase_change_validate_l_sm:1170] cur dev masks:0x1, delete out usecase:PCM_NORMAL
06-11 22:51:41.399 I/sub_mixing_factory(  348): [usecase_change_validate_l_sm:1180] standby unmask usecase PCM_NORMAL
06-11 22:51:41.399 I/amlAudioMixer(  348): [delete_mixer_input_port:197] input port ID:0, type:PCM_SYSTEM, cur mask:0x1
06-11 22:51:41.400 I/system_server(  633): oneway function results will be dropped but finished with status OK and parcel size 4
06-11 22:51:41.426 I/appium  (17585): Took 0ms to retrieve 1 matches for '//android.widget.ImageView[@resource-id='in.startv.hotstar:id/iv_profile']' XPath2 query
06-11 22:51:41.432 W/tomator2.serve(17585): Accessing hidden method Landroid/view/MotionEvent;->setDisplayId(I)V (blacklist,test-api, reflection, allowed)
06-11 22:51:41.435 D/stbdpc  (  397): STB_DPGetNumPaths[570]: num_paths: 1
06-11 22:51:41.444 W/tomator2.serve(17585): Accessing hidden field Landroid/view/accessibility/AccessibilityNodeInfo;->mSourceNodeId:J (greylist, reflection, allowed)
06-11 22:51:41.454 I/appium  (17585): AppiumResponse: {"sessionId":"6e543146-c9de-4ab3-9a11-4decefe46202","value":{"ELEMENT":"00000000-0000-0096-ffff-ffff00000072","element-6066-11e4-a52e-4f735466cecf":"00000000-0000-0096-ffff-ffff00000072"}}
06-11 22:51:41.491 I/appium  (17585): channel read: GET /session/6e543146-c9de-4ab3-9a11-4decefe46202/element/00000000-0000-0096-ffff-ffff00000072/attribute/displayed
06-11 22:51:41.494 I/appium  (17585): GetElementAttribute command
06-11 22:51:41.503 I/appium  (17585): AppiumResponse: {"sessionId":"6e543146-c9de-4ab3-9a11-4decefe46202","value":"true"}
06-11 22:51:41.506 D/rtk_heartbeat(  349): heartbeat_timed_out: heartbeatCmdCount = 8310, expected nextSeqNum = 8310
06-11 22:51:41.507 D/rtk_heartbeat(  349): rtkbt_heartbeat_cmpl_cback: Current SeqNum = 8310,should SeqNum=8310, status = 0
06-11 22:51:41.535 D/stbdpc  (  397): STB_DPGetNumPaths[570]: num_paths: 1
06-11 22:51:41.536 I/appium  (17585): channel read: POST /session/6e543146-c9de-4ab3-9a11-4decefe46202/element/00000000-0000-0096-ffff-ffff00000072/click
06-11 22:51:41.537 I/appium  (17585): Click command
06-11 22:51:41.556 D/InputDispatcher(  633): injectInputEvent - eventType=2, injectorPid=17566, injectorUid=0, syncMode=0, timeout=30000, policyFlags=0x08000000
06-11 22:51:41.556 D/InputDispatcher(  633): injectInputEvent - Finished with result 0. injectorPid=17566, injectorUid=0
06-11 22:51:41.557 D/InputDispatcher(  633): Setting input event injection result to 0.  injectorPid=17566, injectorUid=0
06-11 22:51:41.557 V/InputDispatcher(  633): Asynchronous input event injection succeeded.
06-11 22:51:41.557 I/android.hardware.power-service.libperfmgr(  366): Power setBoost: INTERACTION duration: 0
06-11 22:51:41.557 I/libperfmgr(  366): Do Powerhint: INTERACTION
06-11 22:51:41.557 I/android.hardware.power-service.libperfmgr(  366): Power setBoost: INTERACTION duration: 0
06-11 22:51:41.558 I/libperfmgr(  366): Do Powerhint: INTERACTION
06-11 22:51:41.568 D/InputDispatcher(  633): injectInputEvent - eventType=2, injectorPid=17566, injectorUid=0, syncMode=0, timeout=30000, policyFlags=0x08000000
06-11 22:51:41.568 D/InputDispatcher(  633): injectInputEvent - Finished with result 0. injectorPid=17566, injectorUid=0
06-11 22:51:41.568 D/InputDispatcher(  633): Setting input event injection result to 0.  injectorPid=17566, injectorUid=0
06-11 22:51:41.568 V/InputDispatcher(  633): Asynchronous input event injection succeeded.
06-11 22:51:41.574 D/dvb_iptv(  397): ReadEmmNetworkTask[1537]: EMM Select Timeout Occured 42
06-11 22:51:41.582 W/GestureController(17585): Gestures took longer than expected (32ms >> 16ms), device might be in a busy state.
06-11 22:51:41.582 I/appium  (17585): Waiting up to 10000ms for the device to idle
06-11 22:51:41.635 D/stbdpc  (  397): STB_DPGetNumPaths[570]: num_paths: 1
06-11 22:51:41.735 I/chatty  (  397): uid=0(root) DK-SiCntrl identical 1 line
06-11 22:51:41.835 D/stbdpc  (  397): STB_DPGetNumPaths[570]: num_paths: 1
06-11 22:51:41.906 D/JioStbInactivityTimer(  926): Timer: count 183 warningTimeout:10680 timeout:10800
06-11 22:51:41.906 D/JioStbInactivityTimer(  926): isUserActive: Curr:8148418 Prev:8148418
06-11 22:51:41.936 D/stbdpc  (  397): STB_DPGetNumPaths[570]: num_paths: 1
06-11 22:51:41.960 I/ActivityManager(  633): Force stopping io.appium.uiautomator2.server appid=10096 user=0: from pid 17832
06-11 22:51:41.961 I/ActivityManager(  633): Killing 17585:io.appium.uiautomator2.server/u0a96 (adj 0): stop io.appium.uiautomator2.server due to from pid 17832
06-11 22:51:41.962 D/lowmemorykiller(  231): LMKD pid_remove called. pid=17585
06-11 22:51:41.963 W/ActivityManager(  633): Crash of app io.appium.uiautomator2.server running instrumentation ComponentInfo{io.appium.uiautomator2.server.test/androidx.test.runner.AndroidJUnitRunner}
06-11 22:51:41.964 I/ActivityManager(  633): Force stopping io.appium.uiautomator2.server appid=10096 user=0: finished inst
06-11 22:51:41.969 W/Binder  (17566): Caught a RuntimeException from the binder stub implementation.
06-11 22:51:41.969 W/Binder  (17566): java.lang.SecurityException: Calling from not trusted UID!
06-11 22:51:41.969 W/Binder  (17566): 	at android.app.UiAutomationConnection.throwIfCalledByNotTrustedUidLocked(UiAutomationConnection.java:525)
06-11 22:51:41.969 W/Binder  (17566): 	at android.app.UiAutomationConnection.shutdown(UiAutomationConnection.java:429)
06-11 22:51:41.969 W/Binder  (17566): 	at android.app.IUiAutomationConnection$Stub.onTransact(IUiAutomationConnection.java:390)
06-11 22:51:41.969 W/Binder  (17566): 	at android.os.Binder.execTransactInternal(Binder.java:1159)
06-11 22:51:41.969 W/Binder  (17566): 	at android.os.Binder.execTransact(Binder.java:1123)
06-11 22:51:41.971 D/JioSettings( 1826): PackageResetBroadcastReceiver::onReceive: intent->>> android.intent.action.PACKAGE_RESTARTED, reset package: package:io.appium.uiautomator2.server
06-11 22:51:41.971 D/JioSettings( 1826): Reset package: package:io.appium.uiautomator2.server
06-11 22:51:41.973 D/AndroidRuntime(17566): Shutting down VM
06-11 22:51:41.974 I/ActivityManager(  633): Force stopping io.appium.uiautomator2.server.test appid=10095 user=0: from pid 17833
06-11 22:51:41.978 D/JioSettings( 1826): PackageResetBroadcastReceiver::onReceive: intent->>> android.intent.action.PACKAGE_RESTARTED, reset package: package:io.appium.uiautomator2.server.test
06-11 22:51:41.978 D/JioSettings( 1826): Reset package: package:io.appium.uiautomator2.server.test
06-11 22:51:42.014 I/Zygote  (  324): Process 17585 exited due to signal 9 (Killed)
06-11 22:51:42.016 W/WindowManager(  633): removeWindowToken: Attempted to remove non-existing token: android.os.Binder@240d065
06-11 22:51:42.036 D/stbdpc  (  397): STB_DPGetNumPaths[570]: num_paths: 1
06-11 22:51:42.047 I/ThermalService(  969): CPU temperatures: [61.100002]
06-11 22:51:42.052 I/libprocessgroup(  633): Successfully killed process cgroup uid 10096 pid 17585 in 89ms
06-11 22:51:42.074 D/dvb_iptv(  397): ReadEmmNetworkTask[1537]: EMM Select Timeout Occured 43
06-11 22:51:42.136 D/stbdpc  (  397): STB_DPGetNumPaths[570]: num_paths: 1
06-11 22:51:42.149 F/linker  (17842): CANNOT LINK EXECUTABLE "/system/bin/smartcable/smartCableSTBApp": library "libmosquitto.so" not found: needed by main executable
06-11 22:51:42.236 D/stbdpc  (  397): STB_DPGetNumPaths[570]: num_paths: 1
06-11 22:51:42.259 I/cmd     (17856): oneway function results will be dropped but finished with status OK and parcel size 4
06-11 22:51:42.336 D/stbdpc  (  397): STB_DPGetNumPaths[570]: num_paths: 1
06-11 22:51:42.427 I/ActivityManager(  633): Failure reporting to instrumentation watcher: comp=ComponentInfo{io.appium.uiautomator2.server.test/androidx.test.runner.AndroidJUnitRunner} results=Bundle[{shortMsg=Process crashed.}]
06-11 22:51:42.430 I/[ 8333.581172@1]  binder(    0): release 17566:17584 transaction 3770536 in, still active
06-11 22:51:42.430 I/[ 8333.581188@1]  binder(    0): send failed reply for transaction 3770536 to 633:17836
06-11 22:51:42.437 D/stbdpc  (  397): STB_DPGetNumPaths[570]: num_paths: 1
06-11 22:51:42.507 D/rtk_heartbeat(  349): heartbeat_timed_out: heartbeatCmdCount = 8311, expected nextSeqNum = 8311
06-11 22:51:42.508 D/rtk_heartbeat(  349): rtkbt_heartbeat_cmpl_cback: Current SeqNum = 8311,should SeqNum=8311, status = 0
06-11 22:51:42.537 D/stbdpc  (  397): STB_DPGetNumPaths[570]: num_paths: 1
06-11 22:51:42.574 D/dvb_iptv(  397): ReadEmmNetworkTask[1537]: EMM Select Timeout Occured 44
06-11 22:51:42.637 D/stbdpc  (  397): STB_DPGetNumPaths[570]: num_paths: 1
06-11 22:51:42.675 W/pool-8-thread-1( 3655): type=1400 audit(0.0:10751): avc: denied { read } for name="arp" dev="proc" ino=4026532018 scontext=u:r:untrusted_app_27:s0:c85,c256,c512,c768 tcontext=u:object_r:proc_net:s0 tclass=file permissive=0 app=com.jio.myhome.mediasharedmp
06-11 22:51:42.679 W/pool-8-thread-1( 3655): type=1400 audit(0.0:10752): avc: denied { read } for name="arp" dev="proc" ino=4026532018 scontext=u:r:untrusted_app_27:s0:c85,c256,c512,c768 tcontext=u:object_r:proc_net:s0 tclass=file permissive=0 app=com.jio.myhome.mediasharedmp
06-11 22:51:42.737 D/stbdpc  (  397): STB_DPGetNumPaths[570]: num_paths: 1
06-11 22:51:42.837 D/stbdpc  (  397): STB_DPGetNumPaths[570]: num_paths: 1
06-11 22:51:42.906 D/JioStbInactivityTimer(  926): Timer: count 184 warningTimeout:10680 timeout:10800
06-11 22:51:42.906 D/JioStbInactivityTimer(  926): isUserActive: Curr:8148418 Prev:8148418
06-11 22:51:42.916 I/.startv.hotsta(17652): oneway function results will be dropped but finished with status OK and parcel size 4
06-11 22:51:42.918 I/e.swalekh.abct( 1359): oneway function results will be dropped but finished with status OK and parcel size 4
06-11 22:51:42.925 D/JioSTBMRServer-SERVICE( 3589): InetSocketAddress(InetAddress.getByName(inetAddress.hostAddress)-/192.168.1.255
06-11 22:51:42.925 D/JioSTBMRServer-SERVICE( 3589): #beacon:RKISBFJ60000097:0:false:0:1:SV=181024 , 192.168.1.255
06-11 22:51:42.923 W/pool-8-thread-1( 3655): type=1400 audit(0.0:10753): avc: denied { read } for name="arp" dev="proc" ino=4026532018 scontext=u:r:untrusted_app_27:s0:c85,c256,c512,c768 tcontext=u:object_r:proc_net:s0 tclass=file permissive=0 app=com.jio.myhome.mediasharedmp
06-11 22:51:42.930 D/JioSTBMRServer-SERVICE( 3589): InetSocketAddress(InetAddress.getByName(inetAddress.hostAddress)-/192.168.1.255
06-11 22:51:42.930 D/JioSTBMRServer-SERVICE( 3589): #broadcast IP:192.168.1.255
06-11 22:51:42.923 W/pool-8-thread-1( 3655): type=1400 audit(0.0:10754): avc: denied { read } for name="arp" dev="proc" ino=4026532018 scontext=u:r:untrusted_app_27:s0:c85,c256,c512,c768 tcontext=u:object_r:proc_net:s0 tclass=file permissive=0 app=com.jio.myhome.mediasharedmp
06-11 22:51:42.937 D/JioLauncher( 1773): overlay status check for wifi and bt remote false false
06-11 22:51:42.938 D/stbdpc  (  397): STB_DPGetNumPaths[570]: num_paths: 1
06-11 22:51:42.939 D/Match code1( 1439): 2
06-11 22:51:42.939 D/JIO_TR069-( 1439): Predefined List [com.jio.stb.catv, com.rjil.jiostbsetting, com.iwedia.ui.rjio.launcher.reliance, com.jio.stb.hotellauncher, com.jio.media.oberoi, com.jio.ott]
06-11 22:51:42.941 D/JIO_TR069-( 1439): Caller Package com.iwedia.ui.rjio.launcher.reliance
06-11 22:51:42.941 D/JIO_TR069-( 1439): White Listed Apps []
06-11 22:51:42.941 D/JIO_TR069-( 1439): Final White Listed Apps [com.jio.stb.catv, com.rjil.jiostbsetting, com.iwedia.ui.rjio.launcher.reliance, com.jio.stb.hotellauncher, com.jio.media.oberoi, com.jio.ott, ]
06-11 22:51:42.943 E/WifiVendorHal(  633): getWifiLinkLayerStats_1_3_Internal(l.973) failed {.code = ERROR_UNKNOWN, .description = unknown error}
06-11 22:51:42.943 D/JioLauncher( 1773): network-type-------NonJioNetwork
06-11 22:51:42.947 D/JioLauncher( 1773): live-tv-previousIp-[/fe80::1%wlan0, /192.168.1.1]-newHost-[/fe80::1%wlan0, /192.168.1.1]
06-11 22:51:43.038 D/stbdpc  (  397): STB_DPGetNumPaths[570]: num_paths: 1
06-11 22:51:43.074 D/dvb_iptv(  397): ReadEmmNetworkTask[1537]: EMM Select Timeout Occured 45
06-11 22:51:43.104 D/ltts_ip_emm(  397): LTTS_IP_DMXStartEMM[381]: parse_emm_cat_status failed
06-11 22:51:43.138 D/stbdpc  (  397): STB_DPGetNumPaths[570]: num_paths: 1
06-11 22:51:43.167 W/pool-8-thread-1( 3655): type=1400 audit(0.0:10755): avc: denied { read } for name="arp" dev="proc" ino=4026532018 scontext=u:r:untrusted_app_27:s0:c85,c256,c512,c768 tcontext=u:object_r:proc_net:s0 tclass=file permissive=0 app=com.jio.myhome.mediasharedmp
06-11 22:51:43.180 W/[ 8334.330807@3]  audit(    0): audit_lost=9037 audit_rate_limit=5 audit_backlog_limit=64
06-11 22:51:43.180 E/JTCLOG  ( 3612): JuiceModel -> onFailure to get Account Info java.net.SocketTimeoutException: failed to connect to /192.168.1.1 (port 7443) from /192.168.1.23 (port 58424) after 10000ms
06-11 22:51:43.180 E/[ 8334.330823@3]  audit(    0): rate limit exceeded
06-11 22:51:43.181 I/JTCLOG  ( 3612): StateHandler -> GET_FLN_FAILED
06-11 22:51:43.186 I/JTCLOG  ( 3612): JuicePresenter -> GET_FLN_FAILED
06-11 22:51:43.186 I/JTCLOG  ( 3612): JtcForegroundService ->FLN Not Found -> Retry after every 30 seconds
06-11 22:51:43.186 I/JTCLOG  ( 3612): JuicePresenter -> GET_FLN_FAILED
06-11 22:51:43.238 D/stbdpc  (  397): STB_DPGetNumPaths[570]: num_paths: 1
06-11 22:51:43.338 I/chatty  (  397): uid=0(root) DK-SiCntrl identical 1 line
06-11 22:51:43.438 D/stbdpc  (  397): STB_DPGetNumPaths[570]: num_paths: 1
06-11 22:51:43.507 D/rtk_heartbeat(  349): heartbeat_timed_out: heartbeatCmdCount = 8312, expected nextSeqNum = 8312
06-11 22:51:43.508 D/rtk_heartbeat(  349): rtkbt_heartbeat_cmpl_cback: Current SeqNum = 8312,should SeqNum=8312, status = 0
06-11 22:51:43.539 D/stbdpc  (  397): STB_DPGetNumPaths[570]: num_paths: 1
06-11 22:51:43.574 D/dvb_iptv(  397): ReadEmmNetworkTask[1537]: EMM Select Timeout Occured 46
06-11 22:51:43.639 D/stbdpc  (  397): STB_DPGetNumPaths[570]: num_paths: 1
06-11 22:51:43.894 W/[ 8335.045053@1]  RTW(    0): fill_default_txdesc(wlan0): SP Packet(0x0806) rate=0x4 SeqNum = 2038
06-11 22:51:43.739 I/chatty  (  397): uid=0(root) DK-SiCntrl identical 1 line
06-11 22:51:43.839 D/stbdpc  (  397): STB_DPGetNumPaths[570]: num_paths: 1
06-11 22:51:43.906 D/JioStbInactivityTimer(  926): Timer: count 185 warningTimeout:10680 timeout:10800
06-11 22:51:43.906 D/JioStbInactivityTimer(  926): isUserActive: Curr:8148418 Prev:8148418
06-11 22:51:43.939 D/stbdpc  (  397): STB_DPGetNumPaths[570]: num_paths: 1
06-11 22:51:44.040 D/stbdpc  (  397): STB_DPGetNumPaths[570]: num_paths: 1
06-11 22:51:44.063 I/ThermalService(  969): CPU temperatures: [59.9]
06-11 22:51:44.075 D/dvb_iptv(  397): ReadEmmNetworkTask[1537]: EMM Select Timeout Occured 47
06-11 22:51:44.140 D/stbdpc  (  397): STB_DPGetNumPaths[570]: num_paths: 1
06-11 22:51:44.340 I/chatty  (  397): uid=0(root) DK-SiCntrl identical 2 lines
06-11 22:51:44.440 D/stbdpc  (  397): STB_DPGetNumPaths[570]: num_paths: 1
06-11 22:51:44.507 D/rtk_heartbeat(  349): heartbeat_timed_out: heartbeatCmdCount = 8313, expected nextSeqNum = 8313
06-11 22:51:44.508 D/rtk_heartbeat(  349): rtkbt_heartbeat_cmpl_cback: Current SeqNum = 8313,should SeqNum=8313, status = 0
06-11 22:51:44.541 D/stbdpc  (  397): STB_DPGetNumPaths[570]: num_paths: 1
06-11 22:51:44.575 D/dvb_iptv(  397): ReadEmmNetworkTask[1537]: EMM Select Timeout Occured 48
06-11 22:51:44.641 D/stbdpc  (  397): STB_DPGetNumPaths[570]: num_paths: 1
06-11 22:51:44.741 I/chatty  (  397): uid=0(root) DK-SiCntrl identical 1 line
06-11 22:51:44.841 D/stbdpc  (  397): STB_DPGetNumPaths[570]: num_paths: 1
06-11 22:51:44.906 D/JioStbInactivityTimer(  926): Timer: count 186 warningTimeout:10680 timeout:10800
06-11 22:51:44.906 D/JioStbInactivityTimer(  926): isUserActive: Curr:8148418 Prev:8148418
06-11 22:51:44.941 D/stbdpc  (  397): STB_DPGetNumPaths[570]: num_paths: 1
06-11 22:51:44.955 I/.startv.hotsta(17652): oneway function results will be dropped but finished with status OK and parcel size 4
06-11 22:51:44.957 I/e.swalekh.abct( 1359): oneway function results will be dropped but finished with status OK and parcel size 4
06-11 22:51:44.965 D/JioSTBMRServer-SERVICE( 3589): InetSocketAddress(InetAddress.getByName(inetAddress.hostAddress)-/192.168.1.255
06-11 22:51:44.966 D/JioSTBMRServer-SERVICE( 3589): #beacon:RKISBFJ60000097:0:false:0:1:SV=181024 , 192.168.1.255
06-11 22:51:44.971 D/JioSTBMRServer-SERVICE( 3589): InetSocketAddress(InetAddress.getByName(inetAddress.hostAddress)-/192.168.1.255
06-11 22:51:44.971 D/JioSTBMRServer-SERVICE( 3589): #broadcast IP:192.168.1.255
06-11 22:51:45.041 D/stbdpc  (  397): STB_DPGetNumPaths[570]: num_paths: 1
06-11 22:51:45.075 D/dvb_iptv(  397): ReadEmmNetworkTask[1537]: EMM Select Timeout Occured 49
06-11 22:51:45.104 D/ltts_ip_emm(  397): LTTS_IP_DMXStartEMM[381]: parse_emm_cat_status failed
06-11 22:51:45.142 D/stbdpc  (  397): STB_DPGetNumPaths[570]: num_paths: 1
06-11 22:51:45.342 I/chatty  (  397): uid=0(root) DK-SiCntrl identical 2 lines
06-11 22:51:45.442 D/stbdpc  (  397): STB_DPGetNumPaths[570]: num_paths: 1
06-11 22:51:45.507 D/rtk_heartbeat(  349): heartbeat_timed_out: heartbeatCmdCount = 8314, expected nextSeqNum = 8314
06-11 22:51:45.508 D/rtk_heartbeat(  349): rtkbt_heartbeat_cmpl_cback: Current SeqNum = 8314,should SeqNum=8314, status = 0
06-11 22:51:45.543 D/stbdpc  (  397): STB_DPGetNumPaths[570]: num_paths: 1
06-11 22:51:45.575 D/dvb_iptv(  397): ReadEmmNetworkTask[1537]: EMM Select Timeout Occured 50
06-11 22:51:45.643 D/stbdpc  (  397): STB_DPGetNumPaths[570]: num_paths: 1
06-11 22:51:45.743 D/stbdpc  (  397): STB_DPGetNumPaths[570]: num_paths: 1
06-11 22:51:45.793 D/[360   ] JioAccount-ADC( 2131): com.jio.adc.core.b$3 run> Unbinding
06-11 22:51:45.798 D/memtrack_aml(  363): sysfs path
06-11 22:51:45.843 D/stbdpc  (  397): STB_DPGetNumPaths[570]: num_paths: 1
06-11 22:51:45.853 I/JioBackgroundSchedulerService( 2899): Check schedule  
06-11 22:51:45.906 D/JioStbInactivityTimer(  926): Timer: count 187 warningTimeout:10680 timeout:10800
06-11 22:51:45.906 D/JioStbInactivityTimer(  926): isUserActive: Curr:8148418 Prev:8148418
06-11 22:51:45.943 D/stbdpc  (  397): STB_DPGetNumPaths[570]: num_paths: 1
06-11 22:51:45.950 E/WifiVendorHal(  633): getWifiLinkLayerStats_1_3_Internal(l.973) failed {.code = ERROR_UNKNOWN, .description = unknown error}
06-11 22:51:46.044 D/stbdpc  (  397): STB_DPGetNumPaths[570]: num_paths: 1
06-11 22:51:46.075 D/dvb_iptv(  397): ReadEmmNetworkTask[1537]: EMM Select Timeout Occured 51
06-11 22:51:46.079 I/ThermalService(  969): CPU temperatures: [58.500004]
06-11 22:51:46.144 D/stbdpc  (  397): STB_DPGetNumPaths[570]: num_paths: 1
06-11 22:51:46.344 I/chatty  (  397): uid=0(root) DK-SiCntrl identical 2 lines
06-11 22:51:46.444 D/stbdpc  (  397): STB_DPGetNumPaths[570]: num_paths: 1
06-11 22:51:46.507 D/rtk_heartbeat(  349): heartbeat_timed_out: heartbeatCmdCount = 8315, expected nextSeqNum = 8315
06-11 22:51:46.509 D/rtk_heartbeat(  349): rtkbt_heartbeat_cmpl_cback: Current SeqNum = 8315,should SeqNum=8315, status = 0
06-11 22:51:46.544 D/stbdpc  (  397): STB_DPGetNumPaths[570]: num_paths: 1
06-11 22:51:46.575 D/dvb_iptv(  397): ReadEmmNetworkTask[1537]: EMM Select Timeout Occured 52
06-11 22:51:46.645 D/stbdpc  (  397): STB_DPGetNumPaths[570]: num_paths: 1
06-11 22:51:46.745 I/chatty  (  397): uid=0(root) DK-SiCntrl identical 1 line
06-11 22:51:46.845 D/stbdpc  (  397): STB_DPGetNumPaths[570]: num_paths: 1
06-11 22:51:46.868 D/JioLauncher( 1773): isInternetAvailable-method-response-204
06-11 22:51:46.871 D/JioLauncher( 1773): isMulticastReceiver-Connected-to-5GHz-Wi-Fi-network
06-11 22:51:46.906 D/JioStbInactivityTimer(  926): Timer: count 188 warningTimeout:10680 timeout:10800
06-11 22:51:46.907 D/JioStbInactivityTimer(  926): isUserActive: Curr:8148418 Prev:8148418
06-11 22:51:46.945 D/stbdpc  (  397): STB_DPGetNumPaths[570]: num_paths: 1
06-11 22:51:46.967 D/JioAppOptimizer( 1722): AppOptimizerService :: handleMessage()
06-11 22:51:46.969 D/JioAppOptimizer( 1722): AppOptimizerService :: handleMessage() : Foreground Package=in.startv.hotstar
06-11 22:51:46.969 D/JioAppOptimizer( 1722): AppOptimizerService :: handleMessage() : Free memory available in MB : 741.40625
06-11 22:51:46.969 D/JioAppOptimizer( 1722): AppOptimizerService :: handleMessage() : checkAndRemoveBackgroundApps()
06-11 22:51:46.969 D/JioAppOptimizer( 1722): AppOptimizerService :: checkAndRemoveBackgroundApps()
06-11 22:51:47.000 I/.startv.hotsta(17652): oneway function results will be dropped but finished with status OK and parcel size 4
06-11 22:51:47.003 I/e.swalekh.abct( 1359): oneway function results will be dropped but finished with status OK and parcel size 4
06-11 22:51:47.011 D/JioSTBMRServer-SERVICE( 3589): InetSocketAddress(InetAddress.getByName(inetAddress.hostAddress)-/192.168.1.255
06-11 22:51:47.011 D/JioSTBMRServer-SERVICE( 3589): #beacon:RKISBFJ60000097:0:false:0:1:SV=181024 , 192.168.1.255
06-11 22:51:47.014 D/JioSTBMRServer-SERVICE( 3589): InetSocketAddress(InetAddress.getByName(inetAddress.hostAddress)-/192.168.1.255
06-11 22:51:47.014 D/JioSTBMRServer-SERVICE( 3589): #broadcast IP:192.168.1.255
06-11 22:51:47.046 D/stbdpc  (  397): STB_DPGetNumPaths[570]: num_paths: 1
06-11 22:51:47.076 D/dvb_iptv(  397): ReadEmmNetworkTask[1537]: EMM Select Timeout Occured 53
06-11 22:51:47.104 D/ltts_ip_emm(  397): LTTS_IP_DMXStartEMM[381]: parse_emm_cat_status failed
06-11 22:51:47.146 D/stbdpc  (  397): STB_DPGetNumPaths[570]: num_paths: 1
06-11 22:51:47.156 F/linker  (17878): CANNOT LINK EXECUTABLE "/system/bin/smartcable/smartCableSTBApp": library "libmosquitto.so" not found: needed by main executable
06-11 22:51:47.346 I/chatty  (  397): uid=0(root) DK-SiCntrl identical 2 lines
06-11 22:51:47.446 D/stbdpc  (  397): STB_DPGetNumPaths[570]: num_paths: 1
06-11 22:51:47.508 D/rtk_heartbeat(  349): heartbeat_timed_out: heartbeatCmdCount = 8316, expected nextSeqNum = 8316
06-11 22:51:47.509 D/rtk_heartbeat(  349): rtkbt_heartbeat_cmpl_cback: Current SeqNum = 8316,should SeqNum=8316, status = 0
06-11 22:51:47.546 D/stbdpc  (  397): STB_DPGetNumPaths[570]: num_paths: 1
06-11 22:51:47.576 D/dvb_iptv(  397): ReadEmmNetworkTask[1537]: EMM Select Timeout Occured 54
06-11 22:51:47.647 D/stbdpc  (  397): STB_DPGetNumPaths[570]: num_paths: 1
06-11 22:51:47.747 I/chatty  (  397): uid=0(root) DK-SiCntrl identical 1 line
06-11 22:51:47.847 D/stbdpc  (  397): STB_DPGetNumPaths[570]: num_paths: 1
06-11 22:51:47.906 D/JioStbInactivityTimer(  926): Timer: count 189 warningTimeout:10680 timeout:10800
06-11 22:51:47.907 D/JioStbInactivityTimer(  926): isUserActive: Curr:8148418 Prev:8148418
06-11 22:51:47.938 D/JioLauncher( 1773): overlay status check for wifi and bt remote false false
06-11 22:51:47.940 D/Match code1( 1439): 2
06-11 22:51:47.941 D/JIO_TR069-( 1439): Predefined List [com.jio.stb.catv, com.rjil.jiostbsetting, com.iwedia.ui.rjio.launcher.reliance, com.jio.stb.hotellauncher, com.jio.media.oberoi, com.jio.ott]
06-11 22:51:47.942 D/JIO_TR069-( 1439): Caller Package com.iwedia.ui.rjio.launcher.reliance
06-11 22:51:47.942 D/JIO_TR069-( 1439): White Listed Apps []
06-11 22:51:47.942 D/JIO_TR069-( 1439): Final White Listed Apps [com.jio.stb.catv, com.rjil.jiostbsetting, com.iwedia.ui.rjio.launcher.reliance, com.jio.stb.hotellauncher, com.jio.media.oberoi, com.jio.ott, ]
06-11 22:51:47.945 D/JioLauncher( 1773): network-type-------NonJioNetwork
06-11 22:51:47.947 D/stbdpc  (  397): STB_DPGetNumPaths[570]: num_paths: 1
06-11 22:51:47.948 D/JioLauncher( 1773): live-tv-previousIp-[/fe80::1%wlan0, /192.168.1.1]-newHost-[/fe80::1%wlan0, /192.168.1.1]
06-11 22:51:48.047 D/stbdpc  (  397): STB_DPGetNumPaths[570]: num_paths: 1
06-11 22:51:48.076 D/dvb_iptv(  397): ReadEmmNetworkTask[1537]: EMM Select Timeout Occured 55
06-11 22:51:48.095 I/ThermalService(  969): CPU temperatures: [58.4]
06-11 22:51:48.148 D/stbdpc  (  397): STB_DPGetNumPaths[570]: num_paths: 1
06-11 22:51:48.348 I/chatty  (  397): uid=0(root) DK-SiCntrl identical 2 lines
06-11 22:51:48.448 D/stbdpc  (  397): STB_DPGetNumPaths[570]: num_paths: 1
06-11 22:51:48.508 D/rtk_heartbeat(  349): heartbeat_timed_out: heartbeatCmdCount = 8317, expected nextSeqNum = 8317
06-11 22:51:48.509 D/rtk_heartbeat(  349): rtkbt_heartbeat_cmpl_cback: Current SeqNum = 8317,should SeqNum=8317, status = 0
06-11 22:51:48.548 D/stbdpc  (  397): STB_DPGetNumPaths[570]: num_paths: 1
06-11 22:51:48.576 D/dvb_iptv(  397): ReadEmmNetworkTask[1537]: EMM Select Timeout Occured 56
06-11 22:51:48.649 D/stbdpc  (  397): STB_DPGetNumPaths[570]: num_paths: 1
06-11 22:51:48.749 I/chatty  (  397): uid=0(root) DK-SiCntrl identical 1 line
06-11 22:51:48.849 D/stbdpc  (  397): STB_DPGetNumPaths[570]: num_paths: 1
06-11 22:51:48.906 D/JioStbInactivityTimer(  926): Timer: count 190 warningTimeout:10680 timeout:10800
06-11 22:51:48.907 D/JioStbInactivityTimer(  926): isUserActive: Curr:8148418 Prev:8148418
06-11 22:51:48.949 D/stbdpc  (  397): STB_DPGetNumPaths[570]: num_paths: 1
