06-11 16:34:26.599 I/.startv.hotstar(30431): Waiting for a blocking GC ClassLinker
06-11 16:34:26.613 I/mali    (30693): Successfully parsed 1 environment variable(s) from /vendor/etc/mali_platform.config.
06-11 16:34:26.615 I/mali    (30693): Successfully parsed 1 environment variable(s) from /vendor/etc/mali_platform.config.
06-11 16:34:26.633 I/hwservicemanager(  228): getTransport: Cannot find entry android.hardware.configstore@1.0::ISurfaceFlingerConfigs/default in either framework or device VINTF manifest.
06-11 16:34:26.651 I/.startv.hotstar(30431): Waiting for a blocking GC ClassLinker
06-11 16:34:26.651 W/RenderThread(30693): type=1400 audit(0.0:5307): avc: denied { read } for name="u:object_r:default_prop:s0" dev="tmpfs" ino=18736 scontext=u:r:jio_dolbytest:s0 tcontext=u:object_r:default_prop:s0 tclass=file permissive=0
06-11 16:34:26.652 I/.startv.hotstar(30431): Waiting for a blocking GC ClassLinker
06-11 16:34:26.652 I/.startv.hotstar(30431): Waiting for a blocking GC ClassLinker
06-11 16:34:26.654 I/.startv.hotstar(30431): Waiting for a blocking GC ClassLinker
06-11 16:34:26.654 W/libc    (30693): Access denied finding property "renderthread.skia.reduceopstasksplitting"
06-11 16:34:26.654 I/.startv.hotstar(30431): Waiting for a blocking GC ClassLinker
06-11 16:34:26.655 I/.startv.hotstar(30431): Waiting for a blocking GC ClassLinker
06-11 16:34:26.657 I/.startv.hotstar(30431): Waiting for a blocking GC ClassLinker
06-11 16:34:26.658 I/.startv.hotstar(30431): Waiting for a blocking GC ClassLinker
06-11 16:34:26.663 I/.startv.hotstar(30431): Waiting for a blocking GC ClassLinker
06-11 16:34:26.674 I/.startv.hotstar(30431): Waiting for a blocking GC ClassLinker
06-11 16:34:26.677 I/.startv.hotstar(30431): Waiting for a blocking GC ClassLinker
06-11 16:34:26.677 I/.startv.hotstar(30431): Waiting for a blocking GC ClassLinker
06-11 16:34:26.677 I/.startv.hotstar(30431): Waiting for a blocking GC ClassLinker
06-11 16:34:26.685 I/servicemanager(  227): Could not find android.hardware.graphics.allocator.IAllocator/default in the VINTF manifest.
06-11 16:34:26.689 I/.startv.hotstar(30431): Waiting for a blocking GC ClassLinker
06-11 16:34:26.701 I/.startv.hotstar(30431): Waiting for a blocking GC ClassLinker
06-11 16:34:26.702 I/.startv.hotstar(30431): Waiting for a blocking GC ClassLinker
06-11 16:34:26.706 I/.startv.hotstar(30431): Waiting for a blocking GC ClassLinker
06-11 16:34:26.707 I/.startv.hotstar(30431): Waiting for a blocking GC ClassLinker
06-11 16:34:26.718 I/.startv.hotstar(30431): Waiting for a blocking GC ClassLinker
06-11 16:34:26.726 I/.startv.hotstar(30431): Waiting for a blocking GC ClassLinker
06-11 16:34:26.733 I/.startv.hotstar(30431): Waiting for a blocking GC ClassLinker
06-11 16:34:26.736 I/.startv.hotstar(30431): Waiting for a blocking GC ClassLinker
06-11 16:34:26.742 I/.startv.hotstar(30431): Waiting for a blocking GC ClassLinker
06-11 16:34:26.750 I/.startv.hotstar(30431): Waiting for a blocking GC ClassLinker
06-11 16:34:26.751 I/.startv.hotstar(30431): Waiting for a blocking GC ClassLinker
06-11 16:34:26.752 I/.startv.hotstar(30431): Waiting for a blocking GC ClassLinker
06-11 16:34:26.756 I/.startv.hotstar(30431): Waiting for a blocking GC ClassLinker
06-11 16:34:26.757 I/.startv.hotstar(30431): Waiting for a blocking GC ClassLinker
06-11 16:34:26.773 I/audio_hw_primary(  426): audiohal_get_latency  stream:0xa8f55000 frames:3072 out->config.rate:48000 whole_latency:64, alsa_latency:64, 
06-11 16:34:26.774 D/TrafficStats(30431): tagSocket(131) with statsTag=0xffffffff, statsUid=-1
06-11 16:34:26.790 I/audio_hw_primary(  426): get_audio_indicator(), [audioindicator=]
06-11 16:34:26.795 E/ocessService1:0(25474): failed to create Unix domain socket: Operation not permitted
06-11 16:34:26.805 D/DolbyTestAudio(30693): audioindicator=
06-11 16:34:26.805 D/Dolby Test Response(30693): src_fmt = invalid
06-11 16:34:26.811 W/RecyclerView(30431): No adapter attached; skipping layout
06-11 16:34:26.811 W/RecyclerView(30431): No adapter attached; skipping layout
06-11 16:34:26.811 W/RecyclerView(30431): No adapter attached; skipping layout
06-11 16:34:26.846 D/DolbyTest(30693): Data is Null
06-11 16:34:26.880 D/DolbyTest(30693): Data is Null
06-11 16:34:26.880 D/Prop using adb(30693): src_fmt = null
06-11 16:34:26.958 D/DolbyTest(30693): Intent received but video is still buffering
06-11 16:34:26.961 D/ConnectivityService(  617): requestNetwork for uid/pid:10063/30431 activeRequest: null callbackRequest: 139 [NetworkRequest [ REQUEST id=140, [ Capabilities: INTERNET&NOT_RESTRICTED&TRUSTED&NOT_VCN_MANAGED Uid: 10063 RequestorUid: 10063 RequestorPkg: in.startv.hotstar UnderlyingNetworks: Null] ]] callback flags: 0 order: 2147483647
06-11 16:34:26.966 D/ConnectivityService(  617): NetReassign [140 : null  100]
06-11 16:34:27.000 D/WifiNetworkFactory(  617): got request NetworkRequest [ REQUEST id=140, [ Capabilities: INTERNET&NOT_RESTRICTED&TRUSTED&NOT_VCN_MANAGED Uid: 10063 RequestorUid: 10063 RequestorPkg: in.startv.hotstar UnderlyingNetworks: Null] ]
06-11 16:34:27.000 I/system_server(  617): Background concurrent copying GC freed 79614(3859KB) AllocSpace objects, 7(268KB) LOS objects, 20% free, 15MB/19MB, paused 52.238ms,298us total 2.332s
06-11 16:34:27.008 D/JioSettings( 2620): r0 : nonInteractiveSleep: count::0::timeout::0
06-11 16:34:27.008 D/JioSettings( 2620): r0 : inactivity: count::2::timeout::480
06-11 16:34:27.010 D/JioSettings( 2620): r0 : startScheduler::isScreenOFF::false::isMusicInProgress::false::isDreaming::false
06-11 16:34:27.010 D/JioSettings( 2620): r0 : startScheduler::isInactivityReached::false::isInactivityOverlayShown::false
06-11 16:34:27.014 D/UntrustedWifiNetworkFactory(  617): got request NetworkRequest [ REQUEST id=140, [ Capabilities: INTERNET&NOT_RESTRICTED&TRUSTED&NOT_VCN_MANAGED Uid: 10063 RequestorUid: 10063 RequestorPkg: in.startv.hotstar UnderlyingNetworks: Null] ]
06-11 16:34:27.014 D/OemPaidWifiNetworkFactory(  617): got request NetworkRequest [ REQUEST id=140, [ Capabilities: INTERNET&NOT_RESTRICTED&TRUSTED&NOT_VCN_MANAGED Uid: 10063 RequestorUid: 10063 RequestorPkg: in.startv.hotstar UnderlyingNetworks: Null] ]
06-11 16:34:27.014 D/MultiInternetWifiNetworkFactory(  617): got request NetworkRequest [ REQUEST id=140, [ Capabilities: INTERNET&NOT_RESTRICTED&TRUSTED&NOT_VCN_MANAGED Uid: 10063 RequestorUid: 10063 RequestorPkg: in.startv.hotstar UnderlyingNetworks: Null] ]
06-11 16:34:27.094 I/audio_hw_primary(  426): get_audio_indicator(), [audioindicator=]
06-11 16:34:27.100 D/DolbyTestAudio(30693): audioindicator=
06-11 16:34:27.100 D/Dolby Test Response(30693): src_fmt = invalid
06-11 16:34:27.122 D/DolbyTest(30693): Data is Null
06-11 16:34:27.141 W/AccessibilityManagerService(  617):  wait for adding window timeout: 3
06-11 16:34:27.151 D/DolbyTest(30693): Data is Null
06-11 16:34:27.152 D/Prop using adb(30693): src_fmt = null
06-11 16:34:27.154 D/DolbyTest(30693): Intent received but video is still buffering
06-11 16:34:27.286 I/audio_hw_primary(  426): get_audio_indicator(), [audioindicator=]
06-11 16:34:27.288 D/DolbyTestAudio(30693): audioindicator=
06-11 16:34:27.289 D/Dolby Test Response(30693): src_fmt = invalid
06-11 16:34:27.309 D/DolbyTest(30693): Data is Null
06-11 16:34:27.335 D/DolbyTest(30693): Data is Null
06-11 16:34:27.336 D/Prop using adb(30693): src_fmt = null
06-11 16:34:27.338 D/DolbyTest(30693): Intent received but video is still buffering
06-11 16:34:27.360 I/.startv.hotstar(30431): Background concurrent copying GC freed 134335(9872KB) AllocSpace objects, 63(2776KB) LOS objects, 16% free, 19MB/23MB, paused 1.006ms,319us total 1.199s
06-11 16:34:27.360 I/.startv.hotstar(30431): WaitForGcToComplete blocked ClassLinker on Background for 761.525ms
06-11 16:34:27.361 I/.startv.hotstar(30431): WaitForGcToComplete blocked ClassLinker on ClassLinker for 708.865ms
06-11 16:34:27.361 I/.startv.hotstar(30431): WaitForGcToComplete blocked ClassLinker on ClassLinker for 708.601ms
06-11 16:34:27.361 I/.startv.hotstar(30431): WaitForGcToComplete blocked ClassLinker on ClassLinker for 707.711ms
06-11 16:34:27.361 I/.startv.hotstar(30431): WaitForGcToComplete blocked ClassLinker on ClassLinker for 704.265ms
06-11 16:34:27.362 I/.startv.hotstar(30431): WaitForGcToComplete blocked ClassLinker on ClassLinker for 703.067ms
06-11 16:34:27.362 I/.startv.hotstar(30431): WaitForGcToComplete blocked ClassLinker on ClassLinker for 699.123ms
06-11 16:34:27.362 I/.startv.hotstar(30431): WaitForGcToComplete blocked ClassLinker on ClassLinker for 688.205ms
06-11 16:34:27.362 I/.startv.hotstar(30431): WaitForGcToComplete blocked ClassLinker on ClassLinker for 685.398ms
06-11 16:34:27.362 I/.startv.hotstar(30431): WaitForGcToComplete blocked ClassLinker on ClassLinker for 685.294ms
06-11 16:34:27.363 I/.startv.hotstar(30431): WaitForGcToComplete blocked ClassLinker on ClassLinker for 685.313ms
06-11 16:34:27.363 I/.startv.hotstar(30431): WaitForGcToComplete blocked ClassLinker on ClassLinker for 673.443ms
06-11 16:34:27.363 I/.startv.hotstar(30431): WaitForGcToComplete blocked ClassLinker on ClassLinker for 662.296ms
06-11 16:34:27.363 I/.startv.hotstar(30431): WaitForGcToComplete blocked ClassLinker on ClassLinker for 660.497ms
06-11 16:34:27.363 I/.startv.hotstar(30431): WaitForGcToComplete blocked ClassLinker on ClassLinker for 657.316ms
06-11 16:34:27.363 I/.startv.hotstar(30431): WaitForGcToComplete blocked ClassLinker on ClassLinker for 656.520ms
06-11 16:34:27.363 I/.startv.hotstar(30431): WaitForGcToComplete blocked ClassLinker on ClassLinker for 709.216ms
06-11 16:34:27.364 I/.startv.hotstar(30431): WaitForGcToComplete blocked ClassLinker on ClassLinker for 708.390ms
06-11 16:34:27.364 I/.startv.hotstar(30431): WaitForGcToComplete blocked ClassLinker on ClassLinker for 712.221ms
06-11 16:34:27.364 I/.startv.hotstar(30431): WaitForGcToComplete blocked ClassLinker on ClassLinker for 612.407ms
06-11 16:34:27.364 I/.startv.hotstar(30431): WaitForGcToComplete blocked ClassLinker on ClassLinker for 622.567ms
06-11 16:34:27.364 I/.startv.hotstar(30431): Waiting for a blocking GC ClassLinker
06-11 16:34:27.364 I/.startv.hotstar(30431): Waiting for a blocking GC ClassLinker
06-11 16:34:27.365 I/.startv.hotstar(30431): Waiting for a blocking GC ClassLinker
06-11 16:34:27.365 I/.startv.hotstar(30431): Waiting for a blocking GC ClassLinker
06-11 16:34:27.365 I/.startv.hotstar(30431): Waiting for a blocking GC ClassLinker
06-11 16:34:27.365 I/.startv.hotstar(30431): Waiting for a blocking GC ClassLinker
06-11 16:34:27.365 I/.startv.hotstar(30431): Waiting for a blocking GC ClassLinker
06-11 16:34:27.365 I/.startv.hotstar(30431): Waiting for a blocking GC ClassLinker
06-11 16:34:27.365 I/.startv.hotstar(30431): WaitForGcToComplete blocked ClassLinker on ClassLinker for 609.183ms
06-11 16:34:27.365 I/.startv.hotstar(30431): WaitForGcToComplete blocked ClassLinker on ClassLinker for 613.952ms
06-11 16:34:27.366 I/.startv.hotstar(30431): WaitForGcToComplete blocked ClassLinker on ClassLinker for 647.479ms
06-11 16:34:27.366 I/.startv.hotstar(30431): WaitForGcToComplete blocked ClassLinker on ClassLinker for 616.002ms
06-11 16:34:27.366 I/.startv.hotstar(30431): WaitForGcToComplete blocked ClassLinker on ClassLinker for 633.699ms
06-11 16:34:27.366 I/.startv.hotstar(30431): WaitForGcToComplete blocked ClassLinker on ClassLinker for 642.391ms
06-11 16:34:27.366 I/.startv.hotstar(30431): WaitForGcToComplete blocked ClassLinker on ClassLinker for 630.131ms
06-11 16:34:27.367 I/.startv.hotstar(30431): WaitForGcToComplete blocked ClassLinker on ClassLinker for 610.063ms
06-11 16:34:27.414 I/bt_btif_dm( 1004): packages/modules/Bluetooth/system/btif/src/btif_dm.cc:620 btif_update_remote_properties: cod from storage is also unclassified
06-11 16:34:27.449 E/VerityUtils(  617): Failed to measure fs-verity, errno 1: /data/app/~~b-VskzN7iklqMvQgYwXh3Q==/in.startv.hotstar-qFGKgSBUtrBFxKvlUJDcpw==/base.apk
06-11 16:34:27.468 I/audio_hw_primary(  426): get_audio_indicator(), [audioindicator=]
06-11 16:34:27.470 D/DolbyTestAudio(30693): audioindicator=
06-11 16:34:27.470 D/Dolby Test Response(30693): src_fmt = invalid
06-11 16:34:27.498 D/DolbyTest(30693): Data is Null
06-11 16:34:27.522 D/DolbyTest(30693): Data is Null
06-11 16:34:27.522 D/Prop using adb(30693): src_fmt = null
06-11 16:34:27.525 D/DolbyTest(30693): Intent received but video is still buffering
06-11 16:34:27.665 I/audio_hw_primary(  426): get_audio_indicator(), [audioindicator=]
06-11 16:34:27.675 D/DolbyTestAudio(30693): audioindicator=
06-11 16:34:27.675 D/Dolby Test Response(30693): src_fmt = invalid
06-11 16:34:27.678 E/WifiVendorHal(  617): getWifiLinkLayerStats_1_6_Internal(l.1199) failed {.code = ERROR_UNKNOWN, .description = unknown error}
06-11 16:34:27.705 D/DolbyTest(30693): Data is Null
06-11 16:34:27.742 D/DolbyTest(30693): Data is Null
06-11 16:34:27.742 D/Prop using adb(30693): src_fmt = null
06-11 16:34:27.746 D/DolbyTest(30693): Intent received but video is still buffering
06-11 16:34:27.913 I/audio_hw_primary(  426): get_audio_indicator(), [audioindicator=]
06-11 16:34:27.915 D/DefaultRenderersFactory(30431): Building video renderers, extensionRendererMode 0
06-11 16:34:27.917 D/DolbyTestAudio(30693): audioindicator=
06-11 16:34:27.917 D/Dolby Test Response(30693): src_fmt = invalid
06-11 16:34:27.940 I/ExoPlayerImpl(30431): Init d3f065c [ExoPlayerLib/2.16.1] [2KTV, JSTV210, Jio, 33]
06-11 16:34:27.941 D/DolbyTest(30693): Data is Null
06-11 16:34:27.951 W/MediaSessionCompat(30431): Couldn't find a unique registered media button receiver in the given context.
06-11 16:34:27.961 D/DolbyTest(30693): Data is Null
06-11 16:34:27.961 D/Prop using adb(30693): src_fmt = null
06-11 16:34:27.963 V/MediaPlayerList( 1004): onActiveSessionsChanged: number of controllers: 0
06-11 16:34:27.964 V/MediaPlayerList( 1004): onActiveSessionsChanged: number of controllers: 0
06-11 16:34:27.964 D/DolbyTest(30693): Intent received but video is still buffering
06-11 16:34:28.001 V/MediaPlayerList( 1004): onActiveSessionsChanged: number of controllers: 1
06-11 16:34:28.004 D/MediaPlayerList( 1004): onActiveSessionsChanged: controller: in.startv.hotstar
06-11 16:34:28.007 I/.startv.hotstar(30431): IncrementDisableThreadFlip blocked for 5.155ms
06-11 16:34:28.011 D/JioSettings( 2620): r0 : nonInteractiveSleep: count::0::timeout::0
06-11 16:34:28.017 D/JioSettings( 2620): r0 : inactivity: count::3::timeout::480
06-11 16:34:28.022 D/JioSettings( 2620): r0 : startScheduler::isScreenOFF::false::isMusicInProgress::false::isDreaming::false
06-11 16:34:28.022 D/JioSettings( 2620): r0 : startScheduler::isInactivityReached::false::isInactivityOverlayShown::false
06-11 16:34:28.034 I/MediaFocusControl(  617): requestAudioFocus() from uid/pid 10063/30431 AA=USAGE_MEDIA/CONTENT_TYPE_MOVIE clientId=android.media.AudioManager@ffb203dg2.b$a@1faa692 callingPack=in.startv.hotstar req=1 flags=0x0 sdk=34
06-11 16:34:28.035 I/AudioService.FadeOutManager(  617): unfadeOutUid() uid:10063
06-11 16:34:28.037 I/MediaPlayerList( 1004): Adding wrapped media player: in.startv.hotstar at key: 1
06-11 16:34:28.038 V/MediaPlayerList( 1004): onActiveSessionsChanged: number of controllers: 1
06-11 16:34:28.038 D/MediaPlayerList( 1004): onActiveSessionsChanged: controller: in.startv.hotstar
06-11 16:34:28.041 I/DrmUtils(30431): found IDrmFactory. Instance name:[android.hardware.drm.IDrmFactory/clearkey]
06-11 16:34:28.045 I/DrmUtils(30431): found IDrmFactory. Instance name:[android.hardware.drm.IDrmFactory/verimatrix]
06-11 16:34:28.049 I/DrmUtils(30431): found IDrmFactory. Instance name:[android.hardware.drm.IDrmFactory/widevine]
06-11 16:34:28.051 I/MediaPlayerList( 1004): Adding wrapped media player: in.startv.hotstar at key: 1
06-11 16:34:28.053 I/WVCdm-DrmFactory(  431): [app][in.startv.hotstar] calling virtual ::ndk::ScopedAStatus wvdrm::hardware::drm::widevine::WVDrmFactory::createDrmPlugin(const aidl::android::hardware::drm::Uuid &, const std::string &, std::shared_ptr< ::aidl::android::hardware::drm::IDrmPlugin> *)
06-11 16:34:28.167 I/audio_hw_primary(  426): get_audio_indicator(), [audioindicator=]
06-11 16:34:28.170 D/TrafficStats(30431): tagSocket(209) with statsTag=0xffffffff, statsUid=-1
06-11 16:34:28.174 D/TrafficStats(30431): tagSocket(260) with statsTag=0xffffffff, statsUid=-1
06-11 16:34:28.177 D/DolbyTestAudio(30693): audioindicator=
06-11 16:34:28.177 D/Dolby Test Response(30693): src_fmt = invalid
06-11 16:34:28.179 D/BasicMediaStatusFactory(30431): Supported media session actions: 3408391
06-11 16:34:28.214 D/DolbyTest(30693): Data is Null
06-11 16:34:28.250 D/DolbyTest(30693): Data is Null
06-11 16:34:28.250 D/Prop using adb(30693): src_fmt = null
06-11 16:34:28.258 D/DolbyTest(30693): Intent received but video is still buffering
06-11 16:34:28.426 I/audio_hw_primary(  426): get_audio_indicator(), [audioindicator=]
06-11 16:34:28.434 D/DolbyTestAudio(30693): audioindicator=
06-11 16:34:28.435 D/Dolby Test Response(30693): src_fmt = invalid
06-11 16:34:28.485 D/DolbyTest(30693): Data is Null
06-11 16:34:28.535 D/DolbyTest(30693): Data is Null
06-11 16:34:28.535 D/Prop using adb(30693): src_fmt = null
06-11 16:34:28.540 D/DolbyTest(30693): Intent received but video is still buffering
06-11 16:34:28.543 I/.startv.hotstar(30431): Background young concurrent copying GC freed 36369(2683KB) AllocSpace objects, 0(0B) LOS objects, 4% free, 22MB/23MB, paused 2.732ms,289us total 567.153ms
06-11 16:34:28.581 D/MediaCodecInfo(30431): NoSupport [sizeAndRate.support, 1920x1080x24.0] [c2.android.hevc.decoder, video/hevc] [2KTV, JSTV210, Jio, 33]
06-11 16:34:28.582 D/MediaCodecInfo(30431): NoSupport [sizeAndRate.support, 1920x1080x24.0] [c2.android.hevc.decoder, video/hevc] [2KTV, JSTV210, Jio, 33]
06-11 16:34:28.585 D/MediaCodecInfo(30431): NoSupport [sizeAndRate.support, 1920x1080x24.0] [c2.android.hevc.decoder, video/hevc] [2KTV, JSTV210, Jio, 33]
06-11 16:34:28.586 D/MediaCodecInfo(30431): NoSupport [sizeAndRate.support, 1920x1080x24.0] [c2.android.hevc.decoder, video/hevc] [2KTV, JSTV210, Jio, 33]
06-11 16:34:28.602 D/BasicMediaStatusFactory(30431): Supported media session actions: 3408719
06-11 16:34:28.609 D/BasicMediaStatusFactory(30431): Supported media session actions: 3408719
06-11 16:34:28.688 I/audio_hw_primary(  426): get_audio_indicator(), [audioindicator=]
06-11 16:34:28.701 D/DolbyTestAudio(30693): audioindicator=
06-11 16:34:28.701 D/Dolby Test Response(30693): src_fmt = invalid
06-11 16:34:28.716 I/DefaultMediaCodecAdapterFactory(30431): Creating an asynchronous MediaCodec adapter for track type audio
06-11 16:34:28.720 D/MediaCodec(30431): MediaCodec::reclaim(0x6ba67400) OMX.amlogic.hevc.decoder.awesome2
06-11 16:34:28.761 D/DolbyTest(30693): Data is Null
06-11 16:34:28.794 D/DolbyTest(30693): Data is Null
06-11 16:34:28.794 D/Prop using adb(30693): src_fmt = null
06-11 16:34:28.796 E/ocessService1:0(25474): failed to create Unix domain socket: Operation not permitted
06-11 16:34:28.798 D/DolbyTest(30693): Intent received but video is still buffering
06-11 16:34:28.829 D/TrafficStats(30431): tagSocket(144) with statsTag=0xffffffff, statsUid=-1
06-11 16:34:28.928 I/audio_hw_primary(  426): get_audio_indicator(), [audioindicator=]
06-11 16:34:28.933 D/DolbyTestAudio(30693): audioindicator=
06-11 16:34:28.933 D/Dolby Test Response(30693): src_fmt = invalid
06-11 16:34:28.956 D/DolbyTest(30693): Data is Null
06-11 16:34:28.982 D/DolbyTest(30693): Data is Null
06-11 16:34:28.982 D/Prop using adb(30693): src_fmt = null
06-11 16:34:28.985 D/DolbyTest(30693): Intent received but video is still buffering
06-11 16:34:29.024 D/JioSettings( 2620): r0 : nonInteractiveSleep: count::0::timeout::0
06-11 16:34:29.024 D/JioSettings( 2620): r0 : inactivity: count::4::timeout::480
06-11 16:34:29.027 D/JioSettings( 2620): r0 : startScheduler::isScreenOFF::false::isMusicInProgress::false::isDreaming::false
06-11 16:34:29.027 D/JioSettings( 2620): r0 : startScheduler::isInactivityReached::false::isInactivityOverlayShown::false
06-11 16:34:29.034 E/ACodec  (30431): signalError(omxError 0x80001001, internalError -110)
06-11 16:34:29.034 E/MediaCodec(30431): Codec reported err 0xffffff92/TIMED_OUT, actionCode 0, while in state 10/RELEASING
06-11 16:34:29.041 I/ACodec  (30431): [OMX.amlogic.hevc.decoder.awesome2] forcing the release of codec
06-11 16:34:29.046 I/OmxComponent(  552): OMX_CommandStateSet 854 Cmd 0 nParam1 0x2
06-11 16:34:29.046 I/OmxComponent(  552): OMX-70 STATE_SET:   OMX_StateExecuting => OMX_StateIdle : OMX.amlogic.hevc.decoder.awesome2
06-11 16:34:29.046 I/OmxComponent(  552): OMX.amlogic.hevc.decoder.awesome2: flush input
06-11 16:34:29.046 V/AmlogicVideoDecoderAwesome2(  552): [53]flushInput:1142 >
06-11 16:34:29.046 V/OMX_WorkerPeer(  552): vendor/amlogic/common/omx/omx_framework/WorkerPeer.cpp:flushInput:57 --------------------
06-11 16:34:29.046 V/AmlogicVideoDecoderAwesome2(  552): [53]pause:365 >
06-11 16:34:29.046 V/AmlogicVideoDecoderAwesome2(  552): [53]reset:415 >
06-11 16:34:29.046 D/AmlogicVideoDecoderAwesome2(  552): [53]"reset_1"
06-11 16:34:29.046 D/VideoDecWraper(  552): reset
06-11 16:34:29.046 I/AmVideoDec(  552): [No--1]-[0]"reset\n"
06-11 16:34:29.047 I/VDA     (  552): [53##45]"Reset"
06-11 16:34:29.047 I/VDA     (  552): [53##45]"ResetTask\n"
06-11 16:34:29.047 I/AmlManagePts(  552): [0]"resetPtsInfo into\n"
06-11 16:34:29.047 I/AmlManagePts(  552): [0]"resetOutPutInfo into\n"
06-11 16:34:29.048 I/VDA     (  552): [53##45]"current in kChangingResolution or kAwaitingPictureBuffers [state: 5], need wait\n"
06-11 16:34:29.120 I/audio_hw_primary(  426): get_audio_indicator(), [audioindicator=]
06-11 16:34:29.124 D/DolbyTestAudio(30693): audioindicator=
06-11 16:34:29.124 D/Dolby Test Response(30693): src_fmt = invalid
06-11 16:34:29.151 D/DolbyTest(30693): Data is Null
06-11 16:34:29.183 D/DolbyTest(30693): Data is Null
06-11 16:34:29.183 D/Prop using adb(30693): src_fmt = null
06-11 16:34:29.185 D/DolbyTest(30693): Intent received but video is still buffering
06-11 16:34:29.212 I/.startv.hotstar(30431): Background concurrent copying GC freed 55391(3587KB) AllocSpace objects, 22(504KB) LOS objects, 15% free, 21MB/25MB, paused 257us,432us total 585.721ms
06-11 16:34:29.247 D/AmlogicVideoDecoderAwesome2(  552): [53]"reset_2"
06-11 16:34:29.247 V/AmlogicVideoDecoderAwesome2(  552): [53]start:374 >
06-11 16:34:29.247 E/ThreadWorker(  552): pthread on exit wait clean
06-11 16:34:29.248 D/AmlogicVideoDecoderAwesome2(  552): [53]"mVideo start\n"
06-11 16:34:29.248 V/AmlogicVideoDecoderAwesome2(  552): [53]flushInput:1187 >
06-11 16:34:29.248 I/OmxComponent(  552): OMX.amlogic.hevc.decoder.awesome2: flush output
06-11 16:34:29.248 V/AmlogicVideoDecoderAwesome2(  552): [53]flushOutput:1190 >
06-11 16:34:29.248 V/AmlogicVideoDecoderAwesome2(  552): [53]flushOutput:1280 >
06-11 16:34:29.248 D/AmlogicVideoDecoderAwesome2(  552): [53]"mVideo stop\n"
06-11 16:34:29.248 V/OMX_WorkerPeer(  552): vendor/amlogic/common/omx/omx_framework/WorkerPeer.cpp:runWorkerStatic:155 --------------------
06-11 16:34:29.248 V/AmlogicVideoDecoderAwesome2(  552): [53]stop:399 >
06-11 16:34:29.248 V/OMX_WorkerPeer(  552): vendor/amlogic/common/omx/omx_framework/WorkerPeer.cpp:runWorker:161 --------------------
06-11 16:34:29.248 I/OmxComponent(  552): OMX-70 STATE_TRANS: OMX_StateExecuting => OMX_StateIdle : OMX.amlogic.hevc.decoder.awesome2
06-11 16:34:29.248 I/OmxComponent(  552): STATE_DONE:  OMX_StateExecuting => OMX_StateIdle : OMX.amlogic.hevc.decoder.awesome2
06-11 16:34:29.320 I/audio_hw_primary(  426): get_audio_indicator(), [audioindicator=]
06-11 16:34:29.324 D/DolbyTestAudio(30693): audioindicator=
06-11 16:34:29.324 D/Dolby Test Response(30693): src_fmt = invalid
06-11 16:34:29.346 I/OmxComponent(  552): OMX_CommandStateSet 854 Cmd 0 nParam1 0x1
06-11 16:34:29.346 I/OmxComponent(  552): OMX-70 STATE_SET:   OMX_StateIdle => OMX_StateLoaded : OMX.amlogic.hevc.decoder.awesome2
06-11 16:34:29.346 V/AmlogicVideoDecoderAwesome2(  552): [53]releaseResources:480 >
06-11 16:34:29.346 V/AmlogicVideoDecoderAwesome2(  552): [53]tearDown:956 >
06-11 16:34:29.346 V/AmlogicVideoDecoderAwesome2(  552): [53]tearDown:1791 >
06-11 16:34:29.346 V/AmlogicVideoDecoderAwesome2(  552): [53]initializeState_l:1840 >
06-11 16:34:29.346 D/VideoDecWraper(  552): destroy
06-11 16:34:29.347 I/VDA     (  552): [53##45]"Destroy:1537"
06-11 16:34:29.347 I/VDA     (  552): [53##45]"DestroyTask INS=4/4, OUTS=0/0"" {IN=3/3, OUT=0/0[kAtAccelerator(0) kAtDevice(0) kAtClient(0)]}"
06-11 16:34:29.347 I/VDA     (  552): [53##45]"StopDevicePoll\n"
06-11 16:34:29.348 I/VDA     (  552): [53##45]"StopInputStream input_streamon 1, input_buffer_map_.size 3\n"
06-11 16:34:29.352 I/[17553.298959@3]  [amlv4l](    0): [45]: force reset to drop es frames.
06-11 16:34:29.352 I/[17553.299165@1]  [amlv4l](    0): [45]: reset mode: 1, es frames buffering: 1
06-11 16:34:29.352 D/[17553.299232@1]  [h265](    0): [0]h265:pts_unstable=0
06-11 16:34:29.352 D/[17553.299239@1]  [h265](    0): [0]h265: ver (201602101,0) decinfo: 0x0 rate=3600
06-11 16:34:29.355 I/[17553.304442@1]  [amlv4l](    0): [45]: seek force reset to drop es frames.
06-11 16:34:29.355 I/[17553.304607@1]  [amlv4l](    0): [45]: reset mode: 1, es frames buffering: 0
06-11 16:34:29.355 D/[17553.304666@1]  [h265](    0): [0]h265:pts_unstable=0
06-11 16:34:29.355 D/[17553.304673@1]  [h265](    0): [0]h265: ver (201602101,0) decinfo: 0x0 rate=3600
06-11 16:34:29.360 D/DolbyTest(30693): Data is Null
06-11 16:34:29.365 I/VDA     (  552): [53##45]"----stop input VIDIOC_STREAMOFF----\n"
06-11 16:34:29.365 I/AmlManagePts(  552): [0]"resetPtsInfo into\n"
06-11 16:34:29.365 I/AmlManagePts(  552): [0]"resetOutPutInfo into\n"
06-11 16:34:29.365 I/VDA     (  552): [53##45]"DestroyInputBuffers:4766"
06-11 16:34:29.373 I/VDA     (  552): [53##45]"DestroyOutputBuffers:4809"
06-11 16:34:29.374 I/VDA     (  552): [53##45]"DestroyTask:3910"
06-11 16:34:29.374 I/AmlManagePts(  552): [0]"~AmlManagePts into\n"
06-11 16:34:29.374 I/VDA     (  552): [53##45]"~V4L2VideoDecodeAccelerator:648"
06-11 16:34:29.380 I/[17553.327760@3]  vframe_rate_uevent(    0): sent uevent FRAME_RATE_HINT=0
06-11 16:34:29.380 D/[17553.328296@2]  [amlcom](    0): vdec_release instance fc7c28c8, total 1
06-11 16:34:29.380 D/[17553.329136@2]  [media_clock](    0): the clk_hevc_mux    clock off, ref cnt: 0
06-11 16:34:29.380 I/[17553.330608@2]  resman(    0): 101 release [decoder]
06-11 16:34:29.380 I/[17553.330618@2]  resman(    0): 101 release [codec_mm]
06-11 16:34:29.379 D/VideoDecWraper(  552): ~VideoDecWraper
06-11 16:34:29.379 I/AmVideoDec(  552): [No--1]-[0]"~AmVideoDec IN[8:8] OUT[0:0]\n"
06-11 16:34:29.380 D/OmxResManage(  552): Release fd = 11
06-11 16:34:29.380 D/resman  (  552): release all, fd:11
06-11 16:34:29.380 I/OmxComponent(  552): OMX-70 STATE_TRANS: OMX_StateIdle => OMX_StateLoaded : OMX.amlogic.hevc.decoder.awesome2
06-11 16:34:29.380 I/OmxComponent(  552): STATE_DONE:  OMX_StateIdle => OMX_StateLoaded : OMX.amlogic.hevc.decoder.awesome2
06-11 16:34:29.389 I/SystemControl(  335): [/UEventObserver.cpp, AFRUenventThreadLoop, 392] uevent name:0, switch_state: DEVPATH=/devices/virtual/framerate_adapter/framerate_dev
06-11 16:34:29.390 I/SystemControl-FRA(  335): [/FrameRateAutoAdaption.cpp, isFrameRateOn, 173] hdmi frame rate is on
06-11 16:34:29.399 D/DolbyTest(30693): Data is Null
06-11 16:34:29.399 D/Prop using adb(30693): src_fmt = null
06-11 16:34:29.401 D/DolbyTest(30693): Intent received but video is still buffering
06-11 16:34:29.447 D/OmxComponentManagerImpl(  552): DecreaseEntryNumByName pEntry->mNum=1, pEntry->mMaxNum:9,componentName:OMX.amlogic.hevc.decoder.awesome2
06-11 16:34:29.447 I/omx_core(  552): OMX_freeHandle_num_= 0
06-11 16:34:29.448 D/OmxVideoDecoder(  552): ~OmxVideoDecoder===pSidebandWindow:0x0
06-11 16:34:29.451 D/OmxComponent(  552): ~OmxComponent 283 : OMX.amlogic.hevc.decoder.awesome2
06-11 16:34:29.451 I/AmlogicVideoDecoderAwesome2(  552): [53]"~AmlogicVideoDecoderAwesome2"
06-11 16:34:29.451 D/AmlogicVideoDecoderAwesome2(  552): [53]"~AmlogicVideoDecoder2"
06-11 16:34:29.451 D/AmlogicVideoDecoderAwesome2(  552): [53]"~AmlogicVideoDecoder2, mOmxInstancenum 0"
06-11 16:34:29.452 D/OmxResManage(  552): ~ResManWrapper fd = 11
06-11 16:34:29.452 D/resman  (  552): release all resource, fd = 11
06-11 16:34:29.454 E/ACodec  (30431): OMX.amlogic.hevc.decoder.awesome2
06-11 16:34:29.454 D/SurfaceUtils(30431): disconnecting from surface 0x6ba7b408, reason disconnectFromSurface
06-11 16:34:29.456 D/MediaCodec(30431): flushMediametrics
06-11 16:34:29.457 D/MediaCodec(30431): MediaCodec looper is gone, skip reclaim
06-11 16:34:29.458 D/MediaCodec(30431): flushMediametrics
06-11 16:34:29.463 D/CCodec  (30431): allocate(c2.android.aac.decoder)
06-11 16:34:29.468 V/C2Store (  558): in init
06-11 16:34:29.468 V/C2Store (  558): loading dll
06-11 16:34:29.487 I/CCodec  (30431): Created component [c2.android.aac.decoder]
06-11 16:34:29.489 D/CCodecConfig(30431): read media type: audio/mp4a-latm
06-11 16:34:29.498 D/ReflectedParamUpdater(30431): extent() != 1 for single value type: algo.buffers.max-count.values
06-11 16:34:29.499 D/ReflectedParamUpdater(30431): extent() != 1 for single value type: output.subscribed-indices.values
06-11 16:34:29.499 D/ReflectedParamUpdater(30431): extent() != 1 for single value type: input.buffers.allocator-ids.values
06-11 16:34:29.499 D/ReflectedParamUpdater(30431): extent() != 1 for single value type: output.buffers.allocator-ids.values
06-11 16:34:29.500 D/ReflectedParamUpdater(30431): extent() != 1 for single value type: algo.buffers.allocator-ids.values
06-11 16:34:29.500 D/ReflectedParamUpdater(30431): extent() != 1 for single value type: output.buffers.pool-ids.values
06-11 16:34:29.500 D/ReflectedParamUpdater(30431): extent() != 1 for single value type: algo.buffers.pool-ids.values
06-11 16:34:29.511 I/CCodecConfig(30431): query failed after returning 20 values (BAD_INDEX)
06-11 16:34:29.512 D/CCodecConfig(30431): c2 config diff is Dict {
06-11 16:34:29.512 D/CCodecConfig(30431):   c2::u32 coded.aac-packaging.value = 0
06-11 16:34:29.512 D/CCodecConfig(30431):   c2::u32 coded.bitrate.value = 64000
06-11 16:34:29.512 D/CCodecConfig(30431):   c2::u32 coded.pl.level = 0
06-11 16:34:29.512 D/CCodecConfig(30431):   c2::u32 coded.pl.profile = 8192
06-11 16:34:29.512 D/CCodecConfig(30431):   c2::i32 coding.drc.album-mode.value = 0
06-11 16:34:29.512 D/CCodecConfig(30431):   c2::float coding.drc.attenuation-factor.value = 1
06-11 16:34:29.512 D/CCodecConfig(30431):   c2::float coding.drc.boost-factor.value = 1
06-11 16:34:29.512 D/CCodecConfig(30431):   c2::i32 coding.drc.compression-mode.value = 3
06-11 16:34:29.512 D/CCodecConfig(30431):   c2::i32 coding.drc.effect-type.value = 3
06-11 16:34:29.512 D/CCodecConfig(30431):   c2::float coding.drc.encoded-level.value = 0.25
06-11 16:34:29.512 D/CCodecConfig(30431):   c2::float coding.drc.reference-level.value = -16
06-11 16:34:29.512 D/CCodecConfig(30431):   c2::u32 input.buffers.max-size.value = 8192
06-11 16:34:29.512 D/CCodecConfig(30431):   c2::u32 input.delay.value = 0
06-11 16:34:29.512 D/CCodecConfig(30431):   string input.media-type.value = "audio/mp4a-latm"
06-11 16:34:29.512 D/CCodecConfig(30431):   c2::u32 output.delay.value = 2
06-11 16:34:29.512 D/CCodecConfig(30431):   c2::float output.drc.output-loudness.value = 0.25
06-11 16:34:29.512 D/CCodecConfig(30431):   string output.media-type.value = "audio/raw"
06-11 16:34:29.512 D/CCodecConfig(30431):   c2::u32 raw.channel-count.value = 1
06-11 16:34:29.512 D/CCodecConfig(30431):   c2::u32 raw.channel-mask.value = 0
06-11 16:34:29.512 D/CCodecConfig(30431):   c2::u32 raw.max-channel-count.value = 8
06-11 16:34:29.512 D/CCodecConfig(30431):   c2::u32 raw.sample-rate.value = 44100
06-11 16:34:29.512 D/CCodecConfig(30431): }
06-11 16:34:29.518 I/idlogic.tvinput(  911): oneway function results for code 1599295570 on binder at 0xa43983a0 will be dropped but finished with status UNKNOWN_TRANSACTION
06-11 16:34:29.518 I/il.jiotvsetting( 2620): oneway function results for code 1599295570 on binder at 0xa4398470 will be dropped but finished with status UNKNOWN_TRANSACTION
06-11 16:34:29.521 I/MediaCodec(30431): MediaCodec will operate in async mode
06-11 16:34:29.522 I/jio.screensaver(25202): oneway function results for code 1599295570 on binder at 0xa4398470 will be dropped but finished with status UNKNOWN_TRANSACTION
06-11 16:34:29.524 I/.startv.hotstar(30431): oneway function results for code 1599295570 on binder at 0xa4398470 will be dropped but finished with status UNKNOWN_TRANSACTION
06-11 16:34:29.527 D/MediaCodec(30431): flushMediametrics
06-11 16:34:29.527 D/CCodec  (30431): [c2.android.aac.decoder] buffers are bound to CCodec for this session
06-11 16:34:29.527 I/id.providers.tv(25748): oneway function results for code 1599295570 on binder at 0xa4398470 will be dropped but finished with status UNKNOWN_TRANSACTION
06-11 16:34:29.531 I/droid.bluetooth( 1004): oneway function results for code 1599295570 on binder at 0xa4398420 will be dropped but finished with status UNKNOWN_TRANSACTION
06-11 16:34:29.532 I/appium.settings(29755): oneway function results for code 1599295570 on binder at 0xa43984a0 will be dropped but finished with status UNKNOWN_TRANSACTION
06-11 16:34:29.533 I/id.ext.services( 1058): oneway function results for code 1599295570 on binder at 0xa4398430 will be dropped but finished with status UNKNOWN_TRANSACTION
06-11 16:34:29.536 I/m.jio.dolbytest(30693): oneway function results for code 1599295570 on binder at 0xa4398470 will be dropped but finished with status UNKNOWN_TRANSACTION
06-11 16:34:29.538 I/m.netflix.ninja(29613): oneway function results for code 1599295570 on binder at 0xa4398460 will be dropped but finished with status UNKNOWN_TRANSACTION
06-11 16:34:29.539 D/CCodecConfig(30431): no c2 equivalents for flags
06-11 16:34:29.540 I/vte.tv.api.impl( 1022): oneway function results for code 1599295570 on binder at 0xa4398420 will be dropped but finished with status UNKNOWN_TRANSACTION
06-11 16:34:29.543 I/.jio.dialserver(29907): oneway function results for code 1599295570 on binder at 0xa4398470 will be dropped but finished with status UNKNOWN_TRANSACTION
06-11 16:34:29.544 I/FuseDaemon( 1451): oneway function results for code 1599295570 on binder at 0xa4398460 will be dropped but finished with status UNKNOWN_TRANSACTION
06-11 16:34:29.544 D/CCodecConfig(30431): c2 config diff is   c2::u32 raw.channel-count.value = 2
06-11 16:34:29.544 D/CCodecConfig(30431):   c2::u32 raw.sample-rate.value = 48000
06-11 16:34:29.545 I/webview_service( 5002): oneway function results for code 1599295570 on binder at 0xa4398470 will be dropped but finished with status UNKNOWN_TRANSACTION
06-11 16:34:29.546 I/io.adc.embedded( 1250): oneway function results for code 1599295570 on binder at 0xa4398430 will be dropped but finished with status UNKNOWN_TRANSACTION
06-11 16:34:29.546 I/nnectionservice( 1506): oneway function results for code 1599295570 on binder at 0xa4398470 will be dropped but finished with status UNKNOWN_TRANSACTION
06-11 16:34:29.547 I/com.jio.sdk( 1379): oneway function results for code 1599295570 on binder at 0xa4398460 will be dropped but finished with status UNKNOWN_TRANSACTION
06-11 16:34:29.547 W/Codec2Client(30431): query -- param skipped: index = 1107298332.
06-11 16:34:29.547 D/CCodec  (30431): encoding statistics level = 0
06-11 16:34:29.548 D/CCodec  (30431): setup formats input: AMessage(what = 0x00000000) = {
06-11 16:34:29.548 D/CCodec  (30431):   int32_t aac-drc-album-mode = 0
06-11 16:34:29.548 D/CCodec  (30431):   int32_t aac-drc-boost-level = 127
06-11 16:34:29.548 D/CCodec  (30431):   int32_t aac-drc-cut-level = 127
06-11 16:34:29.548 D/CCodec  (30431):   int32_t aac-drc-effect-type = 3
06-11 16:34:29.548 D/CCodec  (30431):   int32_t aac-encoded-target-level = -1
06-11 16:34:29.548 D/CCodec  (30431):   int32_t aac-max-output-channel_count = 8
06-11 16:34:29.548 D/CCodec  (30431):   int32_t aac-target-ref-level = 64
06-11 16:34:29.548 D/CCodec  (30431):   int32_t bitrate = 64000
06-11 16:34:29.548 D/CCodec  (30431):   int32_t channel-count = 2
06-11 16:34:29.548 D/CCodec  (30431):   int32_t channel-mask = 0
06-11 16:34:29.548 D/CCodec  (30431):   int32_t level = 0
06-11 16:34:29.548 D/CCodec  (30431):   int32_t max-input-size = 8192
06-11 16:34:29.548 D/CCodec  (30431):   int32_t max-output-channel-count = 8
06-11 16:34:29.548 D/CCodec  (30431):   string mime = "audio/mp4a-latm"
06-11 16:34:29.548 D/CCodec  (30431):   int32_t profile = 2
06-11 16:34:29.548 D/CCodec  (30431):   int32_t sample-rate = 48000
06-11 16:34:29.548 D/CCodec  (30431): }
06-11 16:34:29.548 D/CCodec  (30431): setup formats output: AMessage(what = 0x00000000) = {
06-11 16:34:29.548 D/CCodec  (30431):   int32_t aac-drc-album-mode = 0
06-11 16:34:29.548 D/CCodec  (30431):   int32_t aac-drc-boost-level = 127
06-11 16:34:29.548 D/CCodec  (30431):   int32_t aac-drc-cut-level = 127
06-11 16:34:29.548 D/CCodec  (30431):   int32_t aac-drc-effect-type = 3
06-11 16:34:29.548 D/CCodec  (30431):   int32_t aac-drc-output-loudness = -1
06-11 16:34:29.548 D/CCodec  (30431):   int32_t aac-encoded-target-level = -1
06-11 16:34:29.548 D/CCodec  (30431):   int32_t aac-max-output-channel_count = 8
06-11 16:34:29.548 D/CCodec  (30431):   int32_t aac-target-ref-level = 64
06-11 16:34:29.548 D/CCodec  (30431):   int32_t channel-count = 2
06-11 16:34:29.548 D/CCodec  (30431):   int32_t channel-mask = 0
06-11 16:34:29.548 D/CCodec  (30431):   int32_t max-output-channel-count = 8
06-11 16:34:29.548 D/CCodec  (30431):   string mime = "audio/raw"
06-11 16:34:29.548 D/CCodec  (30431):   int32_t sample-rate = 48000
06-11 16:34:29.548 D/CCodec  (30431):   int32_t android._config-pcm-encoding = 2
06-11 16:34:29.548 D/CCodec  (30431): }
06-11 16:34:29.548 I/CCodecConfig(30431): query failed after returning 20 values (BAD_INDEX)
06-11 16:34:29.549 D/MediaCodec(30431): keep callback message for reclaim
06-11 16:34:29.552 I/.sso.stb:remote(25771): oneway function results for code 1599295570 on binder at 0xa4398470 will be dropped but finished with status UNKNOWN_TRANSACTION
06-11 16:34:29.553 W/Codec2Client(30431): query -- param skipped: index = 1342179345.
06-11 16:34:29.553 W/Codec2Client(30431): query -- param skipped: index = 2415921170.
06-11 16:34:29.553 W/Codec2Client(30431): query -- param skipped: index = 1610614798.
06-11 16:34:29.554 I/tomator2.server(30369): oneway function results for code 1599295570 on binder at 0xa43984a0 will be dropped but finished with status UNKNOWN_TRANSACTION
06-11 16:34:29.555 D/CCodecBufferChannel(30431): [c2.android.aac.decoder#432] Created input block pool with allocatorID 16 => poolID 22 - OK (0)
06-11 16:34:29.557 I/ocessService1:0(25474): oneway function results for code 1599295570 on binder at 0xa43982c0 will be dropped but finished with status UNKNOWN_TRANSACTION
06-11 16:34:29.558 I/CCodecBufferChannel(30431): [c2.android.aac.decoder#432] Created output block pool with allocatorID 16 => poolID 56 - OK
06-11 16:34:29.558 D/CCodecBufferChannel(30431): [c2.android.aac.decoder#432] Configured output block pool ids 56 => OK
06-11 16:34:29.560 I/jio.voiceassist(25345): oneway function results for code 1599295570 on binder at 0xa4398470 will be dropped but finished with status UNKNOWN_TRANSACTION
06-11 16:34:29.561 I/launcher.aosptv(28057): oneway function results for code 1599295570 on binder at 0xa4398470 will be dropped but finished with status UNKNOWN_TRANSACTION
06-11 16:34:29.561 I/audio_hw_primary(  426): get_audio_indicator(), [audioindicator=]
06-11 16:34:29.562 I/com.droidlogic( 1076): oneway function results for code 1599295570 on binder at 0xa4398420 will be dropped but finished with status UNKNOWN_TRANSACTION
06-11 16:34:29.562 D/SimpleC2Component(  558): Using output block pool with poolID 56 => got 56 - 0
06-11 16:34:29.562 I/jio.tr069client( 1403): oneway function results for code 1599295570 on binder at 0xa4398400 will be dropped but finished with status UNKNOWN_TRANSACTION
06-11 16:34:29.563 I/tercuotaservice( 2242): oneway function results for code 1599295570 on binder at 0xa4398470 will be dropped but finished with status UNKNOWN_TRANSACTION
06-11 16:34:29.566 D/DolbyTestAudio(30693): audioindicator=
06-11 16:34:29.566 D/Dolby Test Response(30693): src_fmt = invalid
06-11 16:34:29.569 D/MediaCodec(30431): notifyStartPlayback
06-11 16:34:29.570 I/e.swalekh.abctv(29725): oneway function results for code 1599295570 on binder at 0xa4398470 will be dropped but finished with status UNKNOWN_TRANSACTION
06-11 16:34:29.574 I/AudioService(  617): notifyStartPlayback 
06-11 16:34:29.582 W/ContextImpl(  617): Calling a method in the system process without a qualified user: android.app.ContextImpl.sendBroadcast:1189 com.android.server.audio.AudioService.notifyStartPlayback:2663 android.media.IAudioService$Stub.onTransact:1788 android.os.Binder.execTransactInternal:1280 android.os.Binder.execTransact:1244 
06-11 16:34:29.586 I/C2SoftAacDec(  558): Reconfiguring decoder: 0->48000 Hz, 0->2 channels
06-11 16:34:29.596 D/MediaCodecInfo(30431): NoSupport [sizeAndRate.support, 1920x1080x24.0] [c2.android.hevc.decoder, video/hevc] [2KTV, JSTV210, Jio, 33]
06-11 16:34:29.596 I/DefaultMediaCodecAdapterFactory(30431): Creating an asynchronous MediaCodec adapter for track type video
06-11 16:34:29.610 I/OMXClient(30431): IOmx service obtained
06-11 16:34:29.611 D/CCodecConfig(30431): c2 config diff is   c2::u32 raw.channel-mask.value = 12
06-11 16:34:29.613 D/CCodecBuffers(30431): [c2.android.aac.decoder#432:Output[N]] popFromStashAndRegister: at 1000841002666us, output format changed to AMessage(what = 0x00000000) = {
06-11 16:34:29.613 D/CCodecBuffers(30431):   int32_t aac-drc-album-mode = 0
06-11 16:34:29.613 D/CCodecBuffers(30431):   int32_t aac-drc-boost-level = 127
06-11 16:34:29.613 D/CCodecBuffers(30431):   int32_t aac-drc-cut-level = 127
06-11 16:34:29.613 D/CCodecBuffers(30431):   int32_t aac-drc-effect-type = 3
06-11 16:34:29.613 D/CCodecBuffers(30431):   int32_t aac-drc-output-loudness = -1
06-11 16:34:29.613 D/CCodecBuffers(30431):   int32_t aac-encoded-target-level = -1
06-11 16:34:29.613 D/CCodecBuffers(30431):   int32_t aac-max-output-channel_count = 8
06-11 16:34:29.613 D/CCodecBuffers(30431):   int32_t aac-target-ref-level = 64
06-11 16:34:29.613 D/CCodecBuffers(30431):   int32_t channel-count = 2
06-11 16:34:29.613 D/CCodecBuffers(30431):   int32_t channel-mask = 12
06-11 16:34:29.613 D/CCodecBuffers(30431):   int32_t max-output-channel-count = 8
06-11 16:34:29.613 D/CCodecBuffers(30431):   string mime = "audio/raw"
06-11 16:34:29.613 D/CCodecBuffers(30431):   int32_t sample-rate = 48000
06-11 16:34:29.613 D/CCodecBuffers(30431):   int32_t android._config-pcm-encoding = 2
06-11 16:34:29.613 D/CCodecBuffers(30431): }
06-11 16:34:29.615 I/OMXStore(  552): makeComponentInstance(OMX.amlogic.hevc.decoder.awesome2) in android.hardwar process
06-11 16:34:29.619 I/[17553.569614@1]  resman(    0): 102 appname:OMX-71, type = 0 prio = 10
06-11 16:34:29.616 D/OmxComponentManagerImpl(  552): support frame mode
06-11 16:34:29.616 D/OmxComponentManagerImpl(  552): use dv stream mode
06-11 16:34:29.616 D/OmxComponentManagerImpl(  552): support avs frame mode
06-11 16:34:29.616 D/OmxComponentManagerImpl(  552): format support multi-instance
06-11 16:34:29.616 D/OmxComponentManagerImpl(  552): getEntryByName_2_num=0, componentName:OMX.amlogic.hevc.decoder.awesome2
06-11 16:34:29.617 D/omx_video(  552): processName=media.codec componentname=OMX.amlogic.hevc.decoder.awesome2
06-11 16:34:29.617 V/AmlogicVideoDecoderAwesome2(  552): [53]AmlogicVideoDecoder2:115 >
06-11 16:34:29.617 V/AmlogicVideoDecoderAwesome2(  552): [53]initializeState_l:1840 >
06-11 16:34:29.617 D/AmlogicVideoDecoderAwesome2(  552): [53]"vendor.media.omx.latency is not set used def=1.000000\n"
06-11 16:34:29.617 D/AmlogicVideoDecoderAwesome2(  552): [53]"vendor.media.omx.frame_numlatency is not set used def=10\n"
06-11 16:34:29.617 D/AmlogicVideoDecoderAwesome2(  552): [53]"vendor.omx.frame_numlimmit is not set used def=20\n"
06-11 16:34:29.618 D/AmlogicVideoDecoderAwesome2(  552): [54]"AmlogicVideoDecoder2, mOmxInstancenum 1, mOmxInstanceID 54"
06-11 16:34:29.618 D/AmlogicVideoDecoderAwesome2(  552): [54]"vendor.omx2.blkmode is not set used def=0\n"
06-11 16:34:29.618 D/AmlogicVideoDecoderAwesome2(  552): [54]"vendor.omx2.maxalloc is not set used def=1\n"
06-11 16:34:29.618 I/AmlogicVideoDecoderAwesome2(  552): [54]"default use NV21"
06-11 16:34:29.618 D/AmlogicVideoDecoderAwesome2(  552): [54]"vendor.omx2.avc.buffer_num is not set used def=12\n"
06-11 16:34:29.618 I/AmlogicVideoDecoderAwesome2(  552): [54]"avc default size level 1 buffer num 12"
06-11 16:34:29.618 W/OmxVideoDecoder(  552): [PropGetSize@102] getprop {vendor.display-size} = Failed
06-11 16:34:29.618 I/OmxVideoDecoder(  552): [isDisplaySupport8K@111]  display_w = 1920, display_h = 1080
06-11 16:34:29.618 E/secmem_tz(  552): [Secure_NegotiateVersion:391] Secure_NegotiateVersion 2 2 2 2 2 2
06-11 16:34:29.618 E/secmem_tz(  552): [Secure_NegotiateVersion:401] Negotiated secmem version = 2
06-11 16:34:29.618 W/OmxLogConf(  552): Can not read property media.omx.log_levels, using 0
06-11 16:34:29.619 I/resman  (  552): resman_init at #110 fd 11
06-11 16:34:29.619 D/OmxResManage(  552): ResManWrapper OMX-71 init, fd = 11
06-11 16:34:29.619 D/AmlogicVideoDecoderAwesome2(  552): [54]"vendor.media.omx2.out_buffer1 is not set used def=8\n"
06-11 16:34:29.619 D/AmlogicVideoDecoderAwesome2(  552): [54]"out buf:8"
06-11 16:34:29.619 D/AmlogicVideoDecoderAwesome2(  552): [54]"vendor.media.omx2.dw is not set used def=0\n"
06-11 16:34:29.619 D/OmxVideoDecoder(  552): setInputCoding OMX.amlogic.hevc.decoder.awesome2
06-11 16:34:29.620 D/OmxVideoDecoder(  552): mIsLinux49=0 mIsLinux515=0 mIsLinux54=1 , major=5, minor=4
06-11 16:34:29.620 W/OmxVideoDecoder(  552): [PropGetSize@102] getprop {vendor.display-size} = Failed
06-11 16:34:29.620 I/OmxVideoDecoder(  552): [isDisplaySupport8K@111]  display_w = 1920, display_h = 1080
06-11 16:34:29.620 D/OmxVideoDecoder(  552): multi dec exist
06-11 16:34:29.620 D/OmxVideoDecoder(  552): use dv stream mode
06-11 16:34:29.620 D/OmxVideoDecoder(  552): avs multi dec exist
06-11 16:34:29.620 D/OmxVideoDecoder(  552): Use frame mode for multidec.
06-11 16:34:29.620 D/OmxVideoDecoder(  552): Use min out buffer size
06-11 16:34:29.620 D/OmxVideoDecoder(  552): vendor.media.omx.dec.enable_h264_4k_mmu 1
06-11 16:34:29.620 D/OmxVideoDecoder(  552): mSupportPiPVideo = 1
06-11 16:34:29.623 D/OmxVideoDecoder(  552): mMustOsdDisplay 0, mAmVideoUsed=0, mSupportPiPVideo=1, mPipVideoUsed=0, mVideoUsedByOmx=0
06-11 16:34:29.623 D/OMX-VENDOR-EXT(  552): OMX.amlogic.hevc.decoder.awesome2 : Vendor extensions supported (26)
06-11 16:34:29.623 D/OMX-VENDOR-EXT(  552):    vendor.4k-osd{{ enable : Int32 },  }
06-11 16:34:29.623 D/OMX-VENDOR-EXT(  552):    vendor.video-trickmode{{ enable : Int32 },  }
06-11 16:34:29.623 D/OMX-VENDOR-EXT(  552):    vendor.unstable-pts{{ enable : Int32 },  }
06-11 16:34:29.623 D/OMX-VENDOR-EXT(  552):    vendor.player-id{{ value : Int32 },  }
06-11 16:34:29.623 D/OMX-VENDOR-EXT(  552):    vendor.isudp{{ enable : Int32 },  }
06-11 16:34:29.623 D/OMX-VENDOR-EXT(  552):    vendor.realframerate{{ framerate-num : Int32 },  { framerate-den : Int32 },  }
06-11 16:34:29.623 D/OMX-VENDOR-EXT(  552):    vendor.Bitrate{{ value : Int32 },  }
06-11 16:34:29.623 D/OMX-VENDOR-EXT(  552):    vendor.is-mvc{{ enable : Int32 },  }
06-11 16:34:29.623 D/OMX-VENDOR-EXT(  552):    vendor.is-flv{{ nContainIndex : Int32 },  }
06-11 16:34:29.623 D/OMX-VENDOR-EXT(  552):    vendor.dvconfig-box{{ disable : Int32 },  }
06-11 16:34:29.623 D/OMX-VENDOR-EXT(  552):    vendor.profile-level{{ n-profile : Int32 },  { n-level : Int32 },  }
06-11 16:34:29.623 D/OMX-VENDOR-EXT(  552):    vendor.nrdp{{ video-peek-in-tunnel : Int32 },  }
06-11 16:34:29.623 D/OMX-VENDOR-EXT(  552):    vendor.low-latency{{ enable : Int32 },  }
06-11 16:34:29.623 D/OMX-VENDOR-EXT(  552):    vendor.save-mem{{ enable : Int32 },  }
06-11 16:34:29.623 D/OMX-VENDOR-EXT(  552):    vendor.videoLayer{{ type : Int32 },  }
06-11 16:34:29.623 D/OMX-VENDOR-EXT(  552):    vendor.renderByOmx{{ enable : Int32 },  }
06-11 16:34:29.623 D/OMX-VENDOR-EXT(  552):    vendor.tunerhal{{ video-filter-id : Int32 },  { hw-av-sync-id : Int32 },  }
06-11 16:34:29.624 D/OMX-VENDOR-EXT(  552):    vendor.tunerhal.passthrough{{ trick-mode : Int32 },  { trick-speed : Int32 },  { frame-advance : Int32 },  }
06-11 16:34:29.624 D/OMX-VENDOR-EXT(  552):    vendor.tunerhal.passthrough{{ event-mask : Int64 },  }
06-11 16:34:29.624 D/OMX-VENDOR-EXT(  552):    vendor.VideoQos{{ info : String },  }
06-11 16:34:29.624 D/OMX-VENDOR-EXT(  552):    vendor.rotation-angle{{ angle : Int32 },  }
06-11 16:34:29.624 D/OMX-VENDOR-EXT(  552):    vendor.McodecReport{{ info : String },  }
06-11 16:34:29.624 D/OMX-VENDOR-EXT(  552):    vendor.START.low-latency{{ enable : Int32 },  }
06-11 16:34:29.624 D/OMX-VENDOR-EXT(  552):    vendor.avc-size-level{{ value : Int32 },  }
06-11 16:34:29.624 D/OMX-VENDOR-EXT(  552):    vendor.avc-4k-mmu{{ enable : Int32 },  }
06-11 16:34:29.624 D/OMX-VENDOR-EXT(  552):    vendor.nrdp{{ nrdp-suppress-notification : Int32 },  }
06-11 16:34:29.624 D/OmxVideoDecoder(  552): video type 11 support v4l2, use omx2
06-11 16:34:29.624 D/DolbyTest(30693): Data is Null
06-11 16:34:29.625 D/OmxVideoDecoder(  552): processName=media.codec
06-11 16:34:29.625 D/OmxComponentManagerImpl(  552): IncreaseEntryNumByName pEntry->mNum=0, pEntry->mMaxNum:9,componentName:OMX.amlogic.hevc.decoder.awesome2
06-11 16:34:29.625 I/omx_core(  552): OMX_getHandle_num=1
06-11 16:34:29.625 D/OmxComponent(  552): mApkName=media.codec
