06-11 23:26:43.657 I/appium  (30790): AppiumResponse: {"sessionId":"89090cfd-c23c-4637-9c0e-e4e71aea611f","value":null}
06-11 23:26:43.660 D/stbdpc  (  397): STB_DPGetNumPaths[570]: num_paths: 1
06-11 23:26:43.680 D/memtrack_aml(  363): sysfs path
06-11 23:26:43.702 I/appium  (30790): channel read: POST /session/89090cfd-c23c-4637-9c0e-e4e71aea611f/appium/device/press_keycode
06-11 23:26:43.704 I/appium  (30790): PressKeyCode command
06-11 23:26:43.704 I/appium  (30790): Calling PressKeyCode... 
06-11 23:26:43.710 D/UiDevice(30790): Pressing keycodes [66] with modifier 0.
06-11 23:26:43.723 D/InputDispatcher(  633): injectInputEvent - eventType=1, injectorPid=30775, injectorUid=0, syncMode=2, timeout=30000, policyFlags=0x08000000
06-11 23:26:43.723 D/WindowManager(  633): interceptKeyTq keycode=66 interactive=true keyguardActive=false policyFlags=2b000000
06-11 23:26:43.723 D/WindowManager(  633): CloudPC is in NOT in foreground
06-11 23:26:43.723 D/WindowManager(  633): isKeyNeedsToPassToJioCloudPC :: NO
06-11 23:26:43.724 I/android.hardware.power-service.libperfmgr(  366): Power setBoost: INTERACTION duration: 0
06-11 23:26:43.724 I/libperfmgr(  366): Do Powerhint: INTERACTION
06-11 23:26:43.724 D/WindowManager(  633): interceptKeyTi keyCode=66 down=true repeatCount=0 keyguardOn=false canceled=false
06-11 23:26:43.724 D/WindowManager(  633): CloudPC is in NOT in foreground
06-11 23:26:43.724 I/android.hardware.power-service.libperfmgr(  366): Power setBoost: INTERACTION duration: 0
06-11 23:26:43.724 D/WindowManager(  633): isKeyNeedsToPassToJioCloudPC :: NO
06-11 23:26:43.724 I/libperfmgr(  366): Do Powerhint: INTERACTION
06-11 23:26:43.724 D/GlobalKeyManager(  633): KeyEvent { action=ACTION_DOWN, keyCode=KEYCODE_ENTER, scanCode=0, metaState=0, flags=0x0, repeatCount=0, eventTime=10434863, downTime=10434863, deviceId=-1, source=0x101, displayId=-1 }
06-11 23:26:43.724 D/InputDispatcher(  633): Setting input event injection result to 0.  injectorPid=30775, injectorUid=0
06-11 23:26:43.725 D/InputDispatcher(  633): injectInputEvent - Waiting for 1 pending foreground dispatches.
06-11 23:26:43.726 D/InputDispatcher(  633): injectInputEvent - Finished with result 0. injectorPid=30775, injectorUid=0
06-11 23:26:43.729 D/InputDispatcher(  633): injectInputEvent - eventType=1, injectorPid=30775, injectorUid=0, syncMode=2, timeout=30000, policyFlags=0x08000000
06-11 23:26:43.729 D/WindowManager(  633): interceptKeyTq keycode=66 interactive=true keyguardActive=false policyFlags=2b000000
06-11 23:26:43.729 D/WindowManager(  633): CloudPC is in NOT in foreground
06-11 23:26:43.729 D/WindowManager(  633): isKeyNeedsToPassToJioCloudPC :: NO
06-11 23:26:43.729 D/WindowManager(  633): interceptKeyTi keyCode=66 down=false repeatCount=0 keyguardOn=false canceled=false
06-11 23:26:43.729 D/WindowManager(  633): CloudPC is in NOT in foreground
06-11 23:26:43.729 D/WindowManager(  633): isKeyNeedsToPassToJioCloudPC :: NO
06-11 23:26:43.730 D/GlobalKeyManager(  633): KeyEvent { action=ACTION_UP, keyCode=KEYCODE_ENTER, scanCode=0, metaState=0, flags=0x0, repeatCount=0, eventTime=10434863, downTime=10434863, deviceId=-1, source=0x101, displayId=-1 }
06-11 23:26:43.730 D/InputDispatcher(  633): Setting input event injection result to 0.  injectorPid=30775, injectorUid=0
06-11 23:26:43.730 D/InputDispatcher(  633): injectInputEvent - Waiting for 1 pending foreground dispatches.
06-11 23:26:43.737 I/sub_mixing_factory(  348): [usecase_change_validate_l_sm:1209] ++++continuous:0 dev masks:0, out masks:0, out usecase PCM_NORMAL
06-11 23:26:43.737 I/sub_mixing_factory(  348): [usecase_change_validate_l_sm:1216] add usecase PCM_NORMAL, cnt 1
06-11 23:26:43.737 D/sub_mixing_factory(  348): [usecase_change_validate_l_sm:1228] cur dev masks:0, add out usecase:PCM_NORMAL
06-11 23:26:43.737 I/sub_mixing_factory(  348): [usecase_change_validate_l_sm:1259] ----continuous:0 dev masks:0x1, out masks:0x1, out usecase PCM_NORMAL
06-11 23:26:43.737 D/aml_audio_port(  348): [new_input_port:260] buf_frames:384,frame_size:4 ==> thunk_size:1536
06-11 23:26:43.737 I/aml_audio_port(  348): [get_input_port_type:109] samplerate:48000, flags:0x2, channel_cnt:2
06-11 23:26:43.737 D/aml_audio_port(  348): [new_input_port:286] inport:PCM_SYSTEM, buf:6144, direct:0, format:0x1, rate:48000, ch:2
06-11 23:26:43.737 I/amlAudioMixer(  348): [init_mixer_input_port:175] input port:PCM_SYSTEM, size 384 frames, frame_write_sum:155865088
06-11 23:26:43.737 I/aml_audio_port(  348): [get_input_port_type:109] samplerate:48000, flags:0x2, channel_cnt:2
06-11 23:26:43.737 I/sub_mixing_factory(  348): [mixer_aux_buffer_write_sm:1066] stream 0xee269000 input port:PCM_SYSTEM
06-11 23:26:43.737 I/sub_mixing_factory(  348): [mixer_aux_buffer_write_sm:1076] padding_bytes 12288
06-11 23:26:43.737 I/amlAudioMixer(  348): [mixer_write_inport:260] input port:PCM_SYSTEM is active now
06-11 23:26:43.737 I/sub_mixing_factory(  348): [mixer_aux_buffer_write_sm:1076] padding_bytes 10752
06-11 23:26:43.737 I/sub_mixing_factory(  348): [mixer_aux_buffer_write_sm:1076] padding_bytes 9216
06-11 23:26:43.737 I/sub_mixing_factory(  348): [mixer_aux_buffer_write_sm:1076] padding_bytes 7680
06-11 23:26:43.737 I/sub_mixing_factory(  348): [mixer_aux_buffer_write_sm:1076] padding_bytes 6144
06-11 23:26:43.737 I/system_server(  633): oneway function results will be dropped but finished with status OK and parcel size 4
06-11 23:26:43.738 I/system_server(  633): oneway function results will be dropped but finished with status OK and parcel size 4
06-11 23:26:43.741 I/amlAudioMixer(  348): [mixer_inports_read:704] input port:PCM_SYSTEM first start, portId:0, avail:6144
06-11 23:26:43.746 I/sub_mixing_factory(  348): [mixer_aux_buffer_write_sm:1076] padding_bytes 4608
06-11 23:26:43.751 D/InputDispatcher(  633): injectInputEvent - Finished with result 0. injectorPid=30775, injectorUid=0
06-11 23:26:43.754 I/sub_mixing_factory(  348): [mixer_aux_buffer_write_sm:1076] padding_bytes 3072
06-11 23:26:43.760 I/appium  (30790): AppiumResponse: {"sessionId":"89090cfd-c23c-4637-9c0e-e4e71aea611f","value":null}
06-11 23:26:43.760 D/stbdpc  (  397): STB_DPGetNumPaths[570]: num_paths: 1
06-11 23:26:43.762 I/sub_mixing_factory(  348): [mixer_aux_buffer_write_sm:1076] padding_bytes 1536
06-11 23:26:43.861 D/stbdpc  (  397): STB_DPGetNumPaths[570]: num_paths: 1
06-11 23:26:43.961 D/stbdpc  (  397): STB_DPGetNumPaths[570]: num_paths: 1
06-11 23:26:43.998 D/dvb_iptv(  397): ReadEmmNetworkTask[1537]: EMM Select Timeout Occured 28
06-11 23:26:44.048 W/APM::AudioPolicyEngine(  387): getDevicesForStrategy() unknown strategy: -1
06-11 23:26:44.049 I/system_server(  633): oneway function results will be dropped but finished with status OK and parcel size 4
06-11 23:26:44.051 D/rtk_heartbeat(  349): heartbeat_timed_out: heartbeatCmdCount = 10412, expected nextSeqNum = 10412
06-11 23:26:44.052 D/rtk_heartbeat(  349): rtkbt_heartbeat_cmpl_cback: Current SeqNum = 10412,should SeqNum=10412, status = 0
06-11 23:26:44.061 D/stbdpc  (  397): STB_DPGetNumPaths[570]: num_paths: 1
06-11 23:26:44.161 D/stbdpc  (  397): STB_DPGetNumPaths[570]: num_paths: 1
06-11 23:26:44.207 D/JioStbInactivityTimer(  926): Timer: count 20 warningTimeout:10680 timeout:10800
06-11 23:26:44.208 D/JioStbInactivityTimer(  926): isUserActive: Curr:10413356 Prev:10413356
06-11 23:26:44.261 D/stbdpc  (  397): STB_DPGetNumPaths[570]: num_paths: 1
06-11 23:26:44.344 F/linker  (31006): CANNOT LINK EXECUTABLE "/system/bin/smartcable/smartCableSTBApp": library "libmosquitto.so" not found: needed by main executable
06-11 23:26:44.361 I/chatty  (  397): uid=0(root) DK-SiCntrl identical 1 line
06-11 23:26:44.462 D/stbdpc  (  397): STB_DPGetNumPaths[570]: num_paths: 1
06-11 23:26:44.498 D/dvb_iptv(  397): ReadEmmNetworkTask[1537]: EMM Select Timeout Occured 29
06-11 23:26:44.562 D/stbdpc  (  397): STB_DPGetNumPaths[570]: num_paths: 1
06-11 23:26:44.591 I/.startv.hotsta(30860): Background young concurrent copying GC freed 144793(7848KB) AllocSpace objects, 64(1700KB) LOS objects, 34% free, 15MB/24MB, paused 317us total 153.018ms
06-11 23:26:44.662 D/stbdpc  (  397): STB_DPGetNumPaths[570]: num_paths: 1
06-11 23:26:44.719 D/JioAppOptimizer( 1722): AppOptimizerService :: handleMessage()
06-11 23:26:44.721 D/JioAppOptimizer( 1722): AppOptimizerService :: handleMessage() : Foreground Package=in.startv.hotstar
06-11 23:26:44.721 D/JioAppOptimizer( 1722): AppOptimizerService :: handleMessage() : Free memory available in MB : 648.36328125
06-11 23:26:44.721 D/JioAppOptimizer( 1722): AppOptimizerService :: handleMessage() : checkAndRemoveBackgroundApps()
06-11 23:26:44.721 D/JioAppOptimizer( 1722): AppOptimizerService :: checkAndRemoveBackgroundApps()
06-11 23:26:44.747 I/ThermalService(  969): CPU temperatures: [64.0]
06-11 23:26:44.762 D/stbdpc  (  397): STB_DPGetNumPaths[570]: num_paths: 1
06-11 23:26:44.971 V/DigitalSignage(  633): Package Name: null
06-11 23:26:44.971 V/DigitalSignage(  633): Left: 0
06-11 23:26:44.971 V/DigitalSignage(  633): Right: 0
06-11 23:26:44.971 V/DigitalSignage(  633): Top: 0
06-11 23:26:44.971 V/DigitalSignage(  633): Bottom: 0
06-11 23:26:44.972 D/DigitalSignage(  633): else - Package Name :: null left : 0 right :: 0 top :: 0 bottom :: 0 dfu-right :: 1920 dfu-bottom :: 1080
06-11 23:26:44.996 V/DigitalSignage(  633): Package Name: null
06-11 23:26:44.996 V/DigitalSignage(  633): Left: 0
06-11 23:26:44.996 V/DigitalSignage(  633): Right: 0
06-11 23:26:44.996 V/DigitalSignage(  633): Top: 0
06-11 23:26:44.996 V/DigitalSignage(  633): Bottom: 0
06-11 23:26:44.996 D/DigitalSignage(  633): else - Package Name :: null left : 0 right :: 0 top :: 0 bottom :: 0 dfu-right :: 1920 dfu-bottom :: 1080
06-11 23:26:44.862 I/chatty  (  397): uid=0(root) DK-SiCntrl identical 1 line
06-11 23:26:44.963 D/stbdpc  (  397): STB_DPGetNumPaths[570]: num_paths: 1
06-11 23:26:44.998 D/dvb_iptv(  397): ReadEmmNetworkTask[1537]: EMM Select Timeout Occured 30
06-11 23:26:45.051 D/rtk_heartbeat(  349): heartbeat_timed_out: heartbeatCmdCount = 10413, expected nextSeqNum = 10413
06-11 23:26:45.053 D/rtk_heartbeat(  349): rtkbt_heartbeat_cmpl_cback: Current SeqNum = 10413,should SeqNum=10413, status = 0
06-11 23:26:45.063 D/stbdpc  (  397): STB_DPGetNumPaths[570]: num_paths: 1
06-11 23:26:45.163 D/stbdpc  (  397): STB_DPGetNumPaths[570]: num_paths: 1
06-11 23:26:45.207 D/JioStbInactivityTimer(  926): Timer: count 21 warningTimeout:10680 timeout:10800
06-11 23:26:45.207 D/JioStbInactivityTimer(  926): isUserActive: Curr:10413356 Prev:10413356
06-11 23:26:45.260 D/ltts_ip_emm(  397): LTTS_IP_DMXStartEMM[381]: parse_emm_cat_status failed
06-11 23:26:45.263 D/stbdpc  (  397): STB_DPGetNumPaths[570]: num_paths: 1
06-11 23:26:45.299 I/.startv.hotsta(30860): oneway function results will be dropped but finished with status OK and parcel size 4
06-11 23:26:45.302 I/e.swalekh.abct( 1359): oneway function results will be dropped but finished with status OK and parcel size 4
06-11 23:26:45.335 D/JioSTBMRServer-SERVICE( 3589): InetSocketAddress(InetAddress.getByName(inetAddress.hostAddress)-/192.168.1.255
06-11 23:26:45.335 D/JioSTBMRServer-SERVICE( 3589): #beacon:RKISBFJ60000097:0:false:0:1:SV=181024 , 192.168.1.255
06-11 23:26:45.338 D/JioSTBMRServer-SERVICE( 3589): InetSocketAddress(InetAddress.getByName(inetAddress.hostAddress)-/192.168.1.255
06-11 23:26:45.338 D/JioSTBMRServer-SERVICE( 3589): #broadcast IP:192.168.1.255
06-11 23:26:45.363 D/stbdpc  (  397): STB_DPGetNumPaths[570]: num_paths: 1
06-11 23:26:45.463 D/stbdpc  (  397): STB_DPGetNumPaths[570]: num_paths: 1
06-11 23:26:45.498 D/dvb_iptv(  397): ReadEmmNetworkTask[1537]: EMM Select Timeout Occured 31
06-11 23:26:45.519 I/.startv.hotsta(30860): NativeAlloc concurrent copying GC freed 76746(4475KB) AllocSpace objects, 47(1228KB) LOS objects, 50% free, 15MB/31MB, paused 201us total 282.436ms
06-11 23:26:45.564 D/stbdpc  (  397): STB_DPGetNumPaths[570]: num_paths: 1
06-11 23:26:45.664 I/chatty  (  397): uid=0(root) DK-SiCntrl identical 1 line
06-11 23:26:45.764 D/stbdpc  (  397): STB_DPGetNumPaths[570]: num_paths: 1
06-11 23:26:45.804 I/appium  (30790): channel read: POST /session/89090cfd-c23c-4637-9c0e-e4e71aea611f/element
06-11 23:26:45.807 I/appium  (30790): FindElement command
06-11 23:26:45.810 I/appium  (30790): method: 'xpath', selector: '//android.widget.TextView[@resource-id='in.startv.hotstar:id/title']'
06-11 23:26:45.812 I/appium  (30790): Waiting up to 10000ms for the device to idle
06-11 23:26:45.864 D/stbdpc  (  397): STB_DPGetNumPaths[570]: num_paths: 1
06-11 23:26:45.921 I/JioBackgroundSchedulerService( 2899): Check schedule  
06-11 23:26:45.964 D/stbdpc  (  397): STB_DPGetNumPaths[570]: num_paths: 1
06-11 23:26:45.998 D/dvb_iptv(  397): ReadEmmNetworkTask[1537]: EMM Select Timeout Occured 32
06-11 23:26:46.052 D/rtk_heartbeat(  349): heartbeat_timed_out: heartbeatCmdCount = 10414, expected nextSeqNum = 10414
06-11 23:26:46.053 D/rtk_heartbeat(  349): rtkbt_heartbeat_cmpl_cback: Current SeqNum = 10414,should SeqNum=10414, status = 0
06-11 23:26:46.064 D/stbdpc  (  397): STB_DPGetNumPaths[570]: num_paths: 1
06-11 23:26:46.114 I/appium  (30790): The following attributes will be included to the page source: [resource-id]
06-11 23:26:46.165 D/stbdpc  (  397): STB_DPGetNumPaths[570]: num_paths: 1
06-11 23:26:46.208 D/JioStbInactivityTimer(  926): Timer: count 22 warningTimeout:10680 timeout:10800
06-11 23:26:46.208 D/JioStbInactivityTimer(  926): isUserActive: Curr:10413356 Prev:10413356
06-11 23:26:46.262 E/WifiVendorHal(  633): getWifiLinkLayerStats_1_3_Internal(l.973) failed {.code = ERROR_UNKNOWN, .description = unknown error}
06-11 23:26:46.265 D/stbdpc  (  397): STB_DPGetNumPaths[570]: num_paths: 1
06-11 23:26:46.288 D/DefaultRenderersFactory(30860): Building video renderers, extensionRendererMode 0
06-11 23:26:46.300 I/ExoPlayerImpl(30860): Init 532c5bb [ExoPlayerLib/2.16.1] [MSTB, JMSB200A, Jio, 30]
06-11 23:26:46.326 I/MediaFocusControl(  633): requestAudioFocus() from uid/pid 10072/30860 clientId=android.media.AudioManager@77de0a2g2.b$a@a563133 callingPack=in.startv.hotstar req=1 flags=0x0 sdk=34
06-11 23:26:46.326 I/MediaFocusControl(  633): notifyAudioFocusGain. in.startv.hotstar
06-11 23:26:46.327 D/CustomBootReceiver( 1856): onReceive, Receive broadcast message, com.jio.stb.AUDIO_FOCUS_GAIN
06-11 23:26:46.327 D/CustomBootReceiver( 1856): Recvd broadcast; Audio Focus change from package : in.startv.hotstar
06-11 23:26:46.328 D/AppOptimizerAudioFocusReceiver( 1722): onReceive, Receive broadcast message, com.jio.stb.AUDIO_FOCUS_GAIN
06-11 23:26:46.328 D/AppOptimizerAudioFocusReceiver( 1722): Recvd broadcast; Current Audio Focus=in.startv.hotstar
06-11 23:26:46.328 D/AppOptimizerAudioFocusReceiver( 1722): calling removeApp method
06-11 23:26:46.338 I/DrmUtils(30860): found android.hardware.drm@1.0::IDrmFactory clearkey
06-11 23:26:46.342 I/DrmUtils(30860): found android.hardware.drm@1.0::IDrmFactory verimatrix
06-11 23:26:46.346 I/DrmUtils(30860): found android.hardware.drm@1.0::IDrmFactory widevine
06-11 23:26:46.354 I/DrmUtils(30860): found android.hardware.drm@1.0::IDrmFactory youtube
06-11 23:26:46.357 I/DrmUtils(30860): found android.hardware.drm@1.1::IDrmFactory clearkey
06-11 23:26:46.359 I/DrmUtils(30860): found android.hardware.drm@1.1::IDrmFactory verimatrix
06-11 23:26:46.360 I/DrmUtils(30860): found android.hardware.drm@1.1::IDrmFactory widevine
06-11 23:26:46.361 I/DrmUtils(30860): found android.hardware.drm@1.1::IDrmFactory youtube
06-11 23:26:46.363 I/DrmUtils(30860): found android.hardware.drm@1.2::IDrmFactory clearkey
06-11 23:26:46.364 I/DrmUtils(30860): found android.hardware.drm@1.2::IDrmFactory verimatrix
06-11 23:26:46.365 D/stbdpc  (  397): STB_DPGetNumPaths[570]: num_paths: 1
06-11 23:26:46.366 I/DrmUtils(30860): found android.hardware.drm@1.2::IDrmFactory widevine
06-11 23:26:46.368 I/DrmUtils(30860): found android.hardware.drm@1.2::IDrmFactory youtube
06-11 23:26:46.370 I/DrmUtils(30860): found android.hardware.drm@1.3::IDrmFactory clearkey
06-11 23:26:46.371 I/DrmUtils(30860): found android.hardware.drm@1.3::IDrmFactory verimatrix
06-11 23:26:46.372 I/DrmUtils(30860): found android.hardware.drm@1.3::IDrmFactory widevine
06-11 23:26:46.374 I/DrmUtils(30860): found android.hardware.drm@1.3::IDrmFactory youtube
06-11 23:26:46.375 W/android.hardware.drm@1.3-service.youtube(  355): isCryptoSchemeSupported, false
06-11 23:26:46.375 I/WVCdm   (  354): [app][in.startv.hotstar] calling virtual Return<void> wvdrm::hardware::drm::V1_3::widevine::WVDrmFactory::createPlugin(const hidl_array<uint8_t, 16> &, const android::hardware::hidl_string &, android::hardware::drm::V1_3::IDrmFactory::createPlugin_cb)
06-11 23:26:46.465 D/stbdpc  (  397): STB_DPGetNumPaths[570]: num_paths: 1
06-11 23:26:46.499 D/dvb_iptv(  397): ReadEmmNetworkTask[1537]: EMM Select Timeout Occured 33
06-11 23:26:46.508 I/appium  (30790): Took 0ms to retrieve 1 matches for '//android.widget.TextView[@resource-id='in.startv.hotstar:id/title']' XPath2 query
06-11 23:26:46.515 D/MediaCodecInfo(30860): NoSupport [sizeAndRate.support, 1920x1080x25.0] [c2.android.hevc.decoder, video/hevc] [MSTB, JMSB200A, Jio, 30]
06-11 23:26:46.515 D/MediaCodecInfo(30860): NoSupport [sizeAndRate.support, 1920x1080x25.0] [c2.android.hevc.decoder, video/hevc] [MSTB, JMSB200A, Jio, 30]
06-11 23:26:46.515 I/appium  (30790): AppiumResponse: {"sessionId":"89090cfd-c23c-4637-9c0e-e4e71aea611f","value":{"ELEMENT":"00000000-0000-00db-ffff-ffff000000aa","element-6066-11e4-a52e-4f735466cecf":"00000000-0000-00db-ffff-ffff000000aa"}}
06-11 23:26:46.519 D/MediaCodecInfo(30860): NoSupport [sizeAndRate.support, 1920x1080x25.0] [c2.android.hevc.decoder, video/hevc] [MSTB, JMSB200A, Jio, 30]
06-11 23:26:46.520 D/MediaCodecInfo(30860): NoSupport [sizeAndRate.support, 1920x1080x25.0] [c2.android.hevc.decoder, video/hevc] [MSTB, JMSB200A, Jio, 30]
06-11 23:26:46.545 I/appium  (30790): channel read: GET /session/89090cfd-c23c-4637-9c0e-e4e71aea611f/element/00000000-0000-00db-ffff-ffff000000aa/attribute/displayed
06-11 23:26:46.547 I/appium  (30790): GetElementAttribute command
06-11 23:26:46.565 D/stbdpc  (  397): STB_DPGetNumPaths[570]: num_paths: 1
06-11 23:26:46.568 I/appium  (30790): AppiumResponse: {"sessionId":"89090cfd-c23c-4637-9c0e-e4e71aea611f","value":"true"}
06-11 23:26:46.598 I/appium  (30790): channel read: GET /session/89090cfd-c23c-4637-9c0e-e4e71aea611f/element/00000000-0000-00db-ffff-ffff000000aa/attribute/displayed
06-11 23:26:46.599 I/appium  (30790): GetElementAttribute command
06-11 23:26:46.608 I/appium  (30790): AppiumResponse: {"sessionId":"89090cfd-c23c-4637-9c0e-e4e71aea611f","value":"true"}
06-11 23:26:46.622 D/CCodec  (30860): allocate(c2.android.aac.decoder)
06-11 23:26:46.622 V/C2Store (  477): in init
06-11 23:26:46.623 V/C2Store (  477): loading dll
06-11 23:26:46.628 I/CCodec  (30860): Created component [c2.android.aac.decoder]
06-11 23:26:46.629 D/CCodecConfig(30860): read media type: audio/mp4a-latm
06-11 23:26:46.633 D/ReflectedParamUpdater(30860): extent() != 1 for single value type: algo.buffers.max-count.values
06-11 23:26:46.634 D/ReflectedParamUpdater(30860): extent() != 1 for single value type: output.subscribed-indices.values
06-11 23:26:46.634 D/ReflectedParamUpdater(30860): extent() != 1 for single value type: input.buffers.allocator-ids.values
06-11 23:26:46.634 D/ReflectedParamUpdater(30860): extent() != 1 for single value type: output.buffers.allocator-ids.values
06-11 23:26:46.635 D/ReflectedParamUpdater(30860): extent() != 1 for single value type: algo.buffers.allocator-ids.values
06-11 23:26:46.636 D/ReflectedParamUpdater(30860): extent() != 1 for single value type: output.buffers.pool-ids.values
06-11 23:26:46.636 D/ReflectedParamUpdater(30860): extent() != 1 for single value type: algo.buffers.pool-ids.values
06-11 23:26:46.640 I/appium  (30790): channel read: POST /session/89090cfd-c23c-4637-9c0e-e4e71aea611f/appium/device/press_keycode
06-11 23:26:46.642 I/CCodecConfig(30860): query failed after returning 19 values (BAD_INDEX)
06-11 23:26:46.643 D/CCodecConfig(30860): c2 config diff is Dict {
06-11 23:26:46.643 D/CCodecConfig(30860):   c2::u32 coded.aac-packaging.value = 0
06-11 23:26:46.643 D/CCodecConfig(30860):   c2::u32 coded.bitrate.value = 64000
06-11 23:26:46.643 D/CCodecConfig(30860):   c2::u32 coded.pl.level = 0
06-11 23:26:46.643 D/CCodecConfig(30860):   c2::u32 coded.pl.profile = 8192
06-11 23:26:46.643 D/CCodecConfig(30860):   c2::i32 coding.drc.album-mode.value = 0
06-11 23:26:46.643 D/CCodecConfig(30860):   c2::float coding.drc.attenuation-factor.value = 1
06-11 23:26:46.643 D/CCodecConfig(30860):   c2::float coding.drc.boost-factor.value = 1
06-11 23:26:46.643 D/CCodecConfig(30860):   c2::i32 coding.drc.compression-mode.value = 3
06-11 23:26:46.643 D/CCodecConfig(30860):   c2::i32 coding.drc.effect-type.value = 3
06-11 23:26:46.643 D/CCodecConfig(30860):   c2::float coding.drc.encoded-level.value = 0.25
06-11 23:26:46.643 D/CCodecConfig(30860):   c2::float coding.drc.reference-level.value = -16
06-11 23:26:46.643 D/CCodecConfig(30860):   c2::u32 input.buffers.max-size.value = 8192
06-11 23:26:46.643 D/CCodecConfig(30860):   c2::u32 input.delay.value = 0
06-11 23:26:46.643 D/CCodecConfig(30860):   string input.media-type.value = "audio/mp4a-latm"
06-11 23:26:46.643 D/CCodecConfig(30860):   c2::u32 output.delay.value = 2
06-11 23:26:46.643 D/CCodecConfig(30860):   c2::float output.drc.output-loudness.value = 0.25
06-11 23:26:46.643 D/CCodecConfig(30860):   string output.media-type.value = "audio/raw"
06-11 23:26:46.643 D/CCodecConfig(30860):   c2::u32 raw.channel-count.value = 1
06-11 23:26:46.643 D/CCodecConfig(30860):   c2::u32 raw.max-channel-count.value = 8
06-11 23:26:46.643 D/CCodecConfig(30860):   c2::u32 raw.sample-rate.value = 44100
06-11 23:26:46.643 D/CCodecConfig(30860): }
06-11 23:26:46.644 I/appium  (30790): PressKeyCode command
06-11 23:26:46.644 I/appium  (30790): Calling PressKeyCode... 
06-11 23:26:46.645 D/CCodec  (30860): [c2.android.aac.decoder] buffers are bound to CCodec for this session
06-11 23:26:46.645 D/CCodecConfig(30860): no c2 equivalents for flags
06-11 23:26:46.646 D/CCodecConfig(30860): c2 config diff is   c2::u32 raw.channel-count.value = 2
06-11 23:26:46.646 D/CCodecConfig(30860):   c2::u32 raw.sample-rate.value = 48000
06-11 23:26:46.647 D/UiDevice(30790): Pressing keycodes [4] with modifier 0.
06-11 23:26:46.651 W/Codec2Client(30860): query -- param skipped: index = 1107298332.
06-11 23:26:46.651 D/CCodec  (30860): setup formats input: AMessage(what = 0x00000000) = {
06-11 23:26:46.651 D/CCodec  (30860):   int32_t aac-drc-album-mode = 0
06-11 23:26:46.651 D/CCodec  (30860):   int32_t aac-drc-boost-level = 127
06-11 23:26:46.651 D/CCodec  (30860):   int32_t aac-drc-cut-level = 127
06-11 23:26:46.651 D/CCodec  (30860):   int32_t aac-drc-effect-type = 3
06-11 23:26:46.651 D/CCodec  (30860):   int32_t aac-drc-heavy-compression = 3
06-11 23:26:46.651 D/CCodec  (30860):   int32_t aac-encoded-target-level = -1
06-11 23:26:46.651 D/CCodec  (30860):   int32_t aac-max-output-channel_count = 8
06-11 23:26:46.651 D/CCodec  (30860):   int32_t aac-target-ref-level = 64
06-11 23:26:46.651 D/CCodec  (30860):   int32_t channel-count = 2
06-11 23:26:46.651 D/CCodec  (30860):   int32_t level = 0
06-11 23:26:46.651 D/CCodec  (30860):   int32_t max-input-size = 8192
06-11 23:26:46.651 D/CCodec  (30860):   string mime = "audio/mp4a-latm"
06-11 23:26:46.651 D/CCodec  (30860):   int32_t profile = 2
06-11 23:26:46.651 D/CCodec  (30860):   int32_t sample-rate = 48000
06-11 23:26:46.651 D/CCodec  (30860): } and output: AMessage(what = 0x00000000) = {
06-11 23:26:46.651 D/CCodec  (30860):   int32_t aac-drc-album-mode = 0
06-11 23:26:46.651 D/CCodec  (30860):   int32_t aac-drc-boost-level = 127
06-11 23:26:46.651 D/CCodec  (30860):   int32_t aac-drc-cut-level = 127
06-11 23:26:46.651 D/CCodec  (30860):   int32_t aac-drc-effect-type = 3
06-11 23:26:46.651 D/CCodec  (30860):   int32_t aac-drc-heavy-compression = 3
06-11 23:26:46.651 D/CCodec  (30860):   int32_t aac-drc-output-loudness = -1
06-11 23:26:46.651 D/CCodec  (30860):   int32_t aac-encoded-target-level = -1
06-11 23:26:46.651 D/CCodec  (30860):   int32_t aac-max-output-channel_count = 8
06-11 23:26:46.651 D/CCodec  (30860):   int32_t aac-target-ref-level = 64
06-11 23:26:46.651 D/CCodec  (30860):   int32_t channel-count = 2
06-11 23:26:46.651 D/CCodec  (30860):   string mime = "audio/raw"
06-11 23:26:46.651 D/CCodec  (30860):   int32_t sample-rate = 48000
06-11 23:26:46.651 D/CCodec  (30860): }
06-11 23:26:46.654 W/Codec2Client(30860): query -- param skipped: index = 1342179345.
06-11 23:26:46.655 W/Codec2Client(30860): query -- param skipped: index = 2415921170.
06-11 23:26:46.655 W/Codec2Client(30860): query -- param skipped: index = 1610614798.
06-11 23:26:46.655 E/FMQ     (30860): grantorIdx must be less than 3
06-11 23:26:46.655 E/FMQ     (30860): grantorIdx must be less than 3
06-11 23:26:46.656 D/CCodecBufferChannel(30860): [c2.android.aac.decoder#643] Created input block pool with allocatorID 16 => poolID 18 - OK (0)
06-11 23:26:46.656 D/BufferPoolAccessor2.0(  477): bufferpool2 0xf79666d8 : 0(0 size) total buffers - 0(0 size) used buffers - 104/109 (recycle/alloc) - 5/109 (fetch/transfer)
06-11 23:26:46.656 D/BufferPoolAccessor2.0(  477): Destruction - bufferpool2 0xf79666d8 cached: 0/0M, 0/0% in use; allocs: 109, 95% recycled; transfers: 109, 95% unfetched
06-11 23:26:46.658 E/FMQ     (  477): grantorIdx must be less than 3
06-11 23:26:46.658 E/FMQ     (  477): grantorIdx must be less than 3
06-11 23:26:46.660 I/CCodecBufferChannel(30860): [c2.android.aac.decoder#643] Created output block pool with allocatorID 16 => poolID 227 - OK
06-11 23:26:46.660 D/BufferPoolAccessor2.0(30860): bufferpool2 0xf02a5698 : 0(0 size) total buffers - 0(0 size) used buffers - 0/5 (recycle/alloc) - 4/216 (fetch/transfer)
06-11 23:26:46.660 D/BufferPoolAccessor2.0(30860): Destruction - bufferpool2 0xf02a5698 cached: 0/0M, 0/0% in use; allocs: 5, 0% recycled; transfers: 216, 98% unfetched
06-11 23:26:46.661 D/CCodecBufferChannel(30860): [c2.android.aac.decoder#643] Configured output block pool ids 227 => OK
06-11 23:26:46.661 D/InputDispatcher(  633): injectInputEvent - eventType=1, injectorPid=30775, injectorUid=0, syncMode=2, timeout=30000, policyFlags=0x08000000
06-11 23:26:46.661 D/WindowManager(  633): interceptKeyTq keycode=4 interactive=true keyguardActive=false policyFlags=2b000000
06-11 23:26:46.661 D/WindowManager(  633): CloudPC is in NOT in foreground
06-11 23:26:46.661 D/WindowManager(  633): isKeyNeedsToPassToJioCloudPC :: NO
06-11 23:26:46.662 I/android.hardware.power-service.libperfmgr(  366): Power setBoost: INTERACTION duration: 0
06-11 23:26:46.691 I/[10437.844481@1]  resman(    0): 140 appname:OMX-114, type=0
06-11 23:26:46.662 I/libperfmgr(  366): Do Powerhint: INTERACTION
06-11 23:26:46.665 I/android.hardware.power-service.libperfmgr(  366): Power setBoost: INTERACTION duration: 0
06-11 23:26:46.665 I/libperfmgr(  366): Do Powerhint: INTERACTION
06-11 23:26:46.665 D/stbdpc  (  397): STB_DPGetNumPaths[570]: num_paths: 1
06-11 23:26:46.665 D/SimpleC2Component(  477): Using output block pool with poolID 227 => got 227 - 0
06-11 23:26:46.666 D/WindowManager(  633): interceptKeyTi keyCode=4 down=true repeatCount=0 keyguardOn=false canceled=false
06-11 23:26:46.666 D/WindowManager(  633): CloudPC is in NOT in foreground
06-11 23:26:46.666 D/WindowManager(  633): isKeyNeedsToPassToJioCloudPC :: NO
06-11 23:26:46.666 E/FMQ     (30860): grantorIdx must be less than 3
06-11 23:26:46.666 D/GlobalKeyManager(  633): KeyEvent { action=ACTION_DOWN, keyCode=KEYCODE_BACK, scanCode=0, metaState=0, flags=0x0, repeatCount=0, eventTime=10437800, downTime=10437800, deviceId=-1, source=0x101, displayId=-1 }
06-11 23:26:46.666 D/InputDispatcher(  633): Setting input event injection result to 0.  injectorPid=30775, injectorUid=0
06-11 23:26:46.667 E/FMQ     (  477): grantorIdx must be less than 3
06-11 23:26:46.668 D/InputDispatcher(  633): injectInputEvent - Finished with result 0. injectorPid=30775, injectorUid=0
06-11 23:26:46.669 D/InputDispatcher(  633): injectInputEvent - eventType=1, injectorPid=30775, injectorUid=0, syncMode=2, timeout=30000, policyFlags=0x08000000
06-11 23:26:46.669 D/WindowManager(  633): interceptKeyTq keycode=4 interactive=true keyguardActive=false policyFlags=2b000000
06-11 23:26:46.669 D/WindowManager(  633): CloudPC is in NOT in foreground
06-11 23:26:46.669 D/WindowManager(  633): isKeyNeedsToPassToJioCloudPC :: NO
06-11 23:26:46.670 D/WindowManager(  633): interceptKeyTi keyCode=4 down=false repeatCount=0 keyguardOn=false canceled=false
06-11 23:26:46.670 D/WindowManager(  633): CloudPC is in NOT in foreground
06-11 23:26:46.670 D/WindowManager(  633): isKeyNeedsToPassToJioCloudPC :: NO
06-11 23:26:46.670 D/GlobalKeyManager(  633): KeyEvent { action=ACTION_UP, keyCode=KEYCODE_BACK, scanCode=0, metaState=0, flags=0x0, repeatCount=0, eventTime=10437800, downTime=10437800, deviceId=-1, source=0x101, displayId=-1 }
06-11 23:26:46.670 D/InputDispatcher(  633): Setting input event injection result to 0.  injectorPid=30775, injectorUid=0
06-11 23:26:46.670 D/InputDispatcher(  633): injectInputEvent - Waiting for 1 pending foreground dispatches.
06-11 23:26:46.671 D/AutofillManagerService(  633): onBackKeyPressed()
06-11 23:26:46.673 D/MediaCodecInfo(30860): NoSupport [sizeAndRate.support, 1920x1080x25.0] [c2.android.hevc.decoder, video/hevc] [MSTB, JMSB200A, Jio, 30]
06-11 23:26:46.680 D/InputDispatcher(  633): injectInputEvent - Finished with result 0. injectorPid=30775, injectorUid=0
06-11 23:26:46.687 I/.startv.hotsta(30860): Compiler allocated 4406KB to compile N2.c N2.d.n(org.xmlpull.v1.XmlPullParser, N2.b)
06-11 23:26:46.688 I/OMXClient(30860): IOmx service obtained
06-11 23:26:46.689 I/OMXMaster(  474): makeComponentInstance(OMX.amlogic.hevc.decoder.awesome2) in android.hardwar process
06-11 23:26:46.689 D/OmxComponentManagerImpl(  474): support frame mode
06-11 23:26:46.689 D/OmxComponentManagerImpl(  474): use dv frame mode
06-11 23:26:46.689 D/OmxComponentManagerImpl(  474): support avs frame mode
06-11 23:26:46.689 D/OmxComponentManagerImpl(  474): format support multi-instance
06-11 23:26:46.689 D/OmxComponentManagerImpl(  474): getEntryByName_2_num=0, componentName:OMX.amlogic.hevc.decoder.awesome2
06-11 23:26:46.689 D/omx_video(  474): processName=media.codec
06-11 23:26:46.689 V/AmlogicVideoDecoderAwesome2(  474): [105]AmlogicVideoDecoder2:118 >
06-11 23:26:46.689 V/AmlogicVideoDecoderAwesome2(  474): [105]initializeState_l:1611 >
06-11 23:26:46.690 D/AmlogicVideoDecoderAwesome2(  474): [105]"vendor.media.omx.latency is not set used def=1.000000\n"
06-11 23:26:46.690 D/AmlogicVideoDecoderAwesome2(  474): [105]"vendor.media.omx.frame_numlatency is not set used def=10\n"
06-11 23:26:46.690 D/AmlogicVideoDecoderAwesome2(  474): [105]"vendor.omx.frame_numlimmit is not set used def=20\n"
06-11 23:26:46.690 D/AmlogicVideoDecoderAwesome2(  474): [106]"AmlogicVideoDecoder2, mOmxInstancenum 1, mOmxInstanceID 106"
06-11 23:26:46.690 D/AmlogicVideoDecoderAwesome2(  474): [106]"vendor.omx2.blkmode is not set used def=0\n"
06-11 23:26:46.690 D/AmlogicVideoDecoderAwesome2(  474): [106]"vendor.omx2.maxalloc is not set used def=1\n"
06-11 23:26:46.690 I/AmlogicVideoDecoderAwesome2(  474): [106]"default use NV21"
06-11 23:26:46.690 V/AmlogicVideoPassthrough(  474): [0]AmlogicVideoPassthrough:80 >
06-11 23:26:46.690 D/AmlogicVideoPassthrough(  474): [1]"AmlogicVideoPassthrough, mOmxInstancenum 1, mOmxInstanceID 100"
06-11 23:26:46.690 E/secmem_tz(  474): [Secure_NegotiateVersion:374] Secure_NegotiateVersion 2 2 2 2 2 2
06-11 23:26:46.690 E/secmem_tz(  474): [Secure_NegotiateVersion:384] Negotiated secmem version = 2
06-11 23:26:46.690 W/OmxLogConf(  474): Can not read property media.omx.log_levels, using 0
06-11 23:26:46.691 D/OmxResManage(  474): ResManWrapper OMX-114 init, fd = 12
06-11 23:26:46.691 D/AmlogicVideoDecoderAwesome2(  474): [106]"vendor.media.omx2.out_buffer1 is not set used def=8\n"
06-11 23:26:46.691 D/AmlogicVideoDecoderAwesome2(  474): [106]"out buf:8"
06-11 23:26:46.691 D/AmlogicVideoDecoderAwesome2(  474): [106]"vendor.media.omx2.dw is not set used def=0\n"
06-11 23:26:46.691 D/OmxVideoDecoder(  474): setInputCoding OMX.amlogic.hevc.decoder.awesome2
06-11 23:26:46.691 D/OmxVideoDecoder(  474): mIsLinux49=0, mIsLinux54=1, major=5, minor=4
06-11 23:26:46.691 D/OmxVideoDecoder(  474): multi dec exist
06-11 23:26:46.691 D/OmxVideoDecoder(  474): use dv frame mode
06-11 23:26:46.691 D/OmxVideoDecoder(  474): avs multi dec exist
06-11 23:26:46.691 D/OmxVideoDecoder(  474): Use frame mode for multidec.
06-11 23:26:46.691 D/OmxVideoDecoder(  474): Use min out buffer size
06-11 23:26:46.691 D/OmxVideoDecoder(  474): mSupportPiPVideo = 1
06-11 23:26:46.692 D/OmxVideoDecoder(  474): mMustOsdDisplay 0, mAmVideoUsed=0, mSupportPiPVideo=1, mPipVideoUsed=0, mVideoUsedByOmx=0
06-11 23:26:46.692 D/OMX-VENDOR-EXT(  474): OMX.amlogic.hevc.decoder.awesome2 : Vendor extensions supported (17)
06-11 23:26:46.692 D/OMX-VENDOR-EXT(  474):    vendor.4k-osd{{ enable : Int32 },  }
06-11 23:26:46.692 D/OMX-VENDOR-EXT(  474):    vendor.video-trickmode{{ enable : Int32 },  }
06-11 23:26:46.692 D/OMX-VENDOR-EXT(  474):    vendor.unstable-pts{{ enable : Int32 },  }
06-11 23:26:46.692 D/OMX-VENDOR-EXT(  474):    vendor.is-mvc{{ enable : Int32 },  }
06-11 23:26:46.692 D/OMX-VENDOR-EXT(  474):    vendor.is-flv{{ nContainIndex : Int32 },  }
06-11 23:26:46.692 D/OMX-VENDOR-EXT(  474):    vendor.dvconfig-box{{ disable : Int32 },  }
06-11 23:26:46.692 D/OMX-VENDOR-EXT(  474):    vendor.profile-level{{ n-profile : Int32 },  { n-level : Int32 },  }
06-11 23:26:46.694 D/OMX-VENDOR-EXT(  474):    vendor.nrdp{{ video-peek-in-tunnel : Int32 },  }
06-11 23:26:46.694 D/OMX-VENDOR-EXT(  474):    vendor.low-latency{{ enable : Int32 },  }
06-11 23:26:46.694 D/OMX-VENDOR-EXT(  474):    vendor.save-mem{{ enable : Int32 },  }
06-11 23:26:46.694 D/OMX-VENDOR-EXT(  474):    vendor.videoLayer{{ type : Int32 },  }
06-11 23:26:46.694 D/OMX-VENDOR-EXT(  474):    vendor.renderByOmx{{ enable : Int32 },  }
06-11 23:26:46.694 D/OMX-VENDOR-EXT(  474):    vendor.tunerhal{{ video-filter-id : Int32 },  { hw-av-sync-id : Int32 },  }
06-11 23:26:46.694 D/OMX-VENDOR-EXT(  474):    vendor.VideoQos{{ info : String },  }
06-11 23:26:46.694 D/OMX-VENDOR-EXT(  474):    vendor.rotation-angle{{ angle : Int32 },  }
06-11 23:26:46.694 D/OMX-VENDOR-EXT(  474):    vendor.McodecReport{{ info : String },  }
06-11 23:26:46.694 D/OMX-VENDOR-EXT(  474):    vendor.START.low-latency{{ enable : Int32 },  }
06-11 23:26:46.694 D/OmxVideoDecoder(  474): video type 11 support v4l2, use omx2
06-11 23:26:46.694 D/OmxVideoDecoder(  474): processName=media.codec
06-11 23:26:46.695 D/OmxComponentManagerImpl(  474): IncreaseEntryNumByName pEntry->mNum=0, pEntry->mMaxNum:9,componentName:OMX.amlogic.hevc.decoder.awesome2
06-11 23:26:46.695 I/omx_core(  474): OMX_getHandle_num=1
06-11 23:26:46.695 D/OmxComponent(  474): mApkName=media.codec
06-11 23:26:46.698 D/SurfaceUtils(30860): connecting to surface 0xbe4a7008, reason connectToSurface
06-11 23:26:46.698 I/MediaCodec(30860): [OMX.amlogic.hevc.decoder.awesome2] setting surface generation to 31600641
06-11 23:26:46.698 D/SurfaceUtils(30860): disconnecting from surface 0xbe4a7008, reason connectToSurface(reconnect)
06-11 23:26:46.698 D/SurfaceUtils(30860): connecting to surface 0xbe4a7008, reason connectToSurface(reconnect)
06-11 23:26:46.698 I/AmAVUtils(30860): AmAVUtils::getComponentRole isEncoder :0 mime:video/hevc 
06-11 23:26:46.698 V/MediaVendorExt(30860): AVUtils::getComponentRole
06-11 23:26:46.698 I/MediaVendorExt(30860): AmAVUtils::getComponentRole isEncoder :0 mime:video/hevc 
06-11 23:26:46.698 D/OmxVideoDecoder(  474): setParameter 1599 0x1000017
06-11 23:26:46.698 D/OmxVideoDecoder(  474): setInputCoding video_decoder.hevc
06-11 23:26:46.698 I/appium  (30790): AppiumResponse: {"sessionId":"89090cfd-c23c-4637-9c0e-e4e71aea611f","value":null}
06-11 23:26:46.699 D/OmxComponent(  474): getExtensionIndex 1237 name="OMX.google.android.index.enableAndroidNativeBuffers"
06-11 23:26:46.699 D/OmxVideoDecoder(  474): setParameter 1599 0x7f000000
06-11 23:26:46.699 V/OmxVideoDecoder(  474): setParameter 2201 EnableNativeBuffers 1
06-11 23:26:46.699 V/OmxVideoDecoder(  474): updatePort mUseNativeBuffers 1
06-11 23:26:46.699 V/OmxVideoDecoder(  474): nWidth=640,nHeight=480, nMinbufs=0
06-11 23:26:46.699 D/OmxComponent(  474): getExtensionIndex 1237 name="OMX.google.android.index.allocateNativeHandle"
06-11 23:26:46.699 D/OmxVideoDecoder(  474): setParameter 1599 0x7f00000a
06-11 23:26:46.699 E/OMXNodeInstance(  474): setParameter(0xf23c4438:amlogic.hevc.decoder.awesome2, OMX.google.android.index.allocateNativeHandle(0x7f00000a): Output:1 en=0) ERROR: UnsupportedSetting(0x80001019)
06-11 23:26:46.699 D/OmxComponent(  474): getExtensionIndex 1237 name="OMX.google.android.index.storeANWBufferInMetadata"
06-11 23:26:46.699 D/OmxVideoDecoder(  474): setParameter 1599 0x7f00000d
06-11 23:26:46.699 D/OmxVideoDecoder(  474): setParameter 2221 OMX_GoogleAndroidStoreANWBufferInMetadata
06-11 23:26:46.699 V/OmxVideoDecoder(  474): mUseStoreANWBufferInMetadata=1
06-11 23:26:46.699 E/OMXNodeInstance(  474): getParameter(0xf23c4438:amlogic.hevc.decoder.awesome2, ??(0x6f600011)) ERROR: UnsupportedIndex(0x8000101a)
06-11 23:26:46.699 D/OmxVideoDecoder(  474): setParameter 1599 0x6000001
06-11 23:26:46.699 D/OmxVideoDecoder(  474): setParameter nPortIndex 0 CompFmt 0xb ColorFmt 0
06-11 23:26:46.700 D/OmxVideoDecoder(  474): setParameter 1599 0x6000001
06-11 23:26:46.700 D/OmxVideoDecoder(  474): setParameter nPortIndex 1 CompFmt 0 ColorFmt 0x11
06-11 23:26:46.701 I/OmxVideoDecoder(  474): getParameter Component Name OMX.amlogic.hevc.decoder.awesome2, width 640, height 480 nBufferCountMin:3
06-11 23:26:46.702 D/OmxVideoDecoder(  474): setParameter 1599 0x2000001
06-11 23:26:46.702 D/OmxVideoDecoder(  474): setParameter nPortIndex 0 nFrameWidth 1920 nFrameHeight 1080 nSliceHeight 16
06-11 23:26:46.702 E/OmxVideoDecoder(  474):  reset input buffer:2073600
06-11 23:26:46.702 V/OmxVideoDecoder(  474): updatePort mUseNativeBuffers 1
06-11 23:26:46.702 V/OmxVideoDecoder(  474): nWidth=640,nHeight=480, nMinbufs=0
06-11 23:26:46.702 I/OmxVideoDecoder(  474): getParameter Component Name OMX.amlogic.hevc.decoder.awesome2, width 640, height 480 nBufferCountMin:8
06-11 23:26:46.703 D/OmxVideoDecoder(  474): setParameter 1599 0x2000001
06-11 23:26:46.703 D/OmxVideoDecoder(  474): adaptiveplayback default set w*d: 4096*2304
06-11 23:26:46.703 D/OmxVideoDecoder(  474): media.omx.display_mode=3
06-11 23:26:46.703 D/OmxVideoDecoder(  474): mjpeg vc1 wmv wmv3 force display_mode=3
06-11 23:26:46.703 D/OmxVideoDecoder(  474): choose mVideoUsedByOmx=0, mVideoUsedByThis=0, mAmVideoUsed=0
06-11 23:26:46.703 D/OmxVideoDecoder(  474): mDisplayMode = DISPLAY_MODE_V4LVIDEO
06-11 23:26:46.703 D/OmxVideoDecoder(  474): choose mDisplayMode=3
06-11 23:26:46.703 D/OmxVideoDecoder(  474): setParameter nPortIndex 1 nFrameWidth 1920 nFrameHeight 1080 nSliceHeight 1080
06-11 23:26:46.703 V/OmxVideoDecoder(  474): updatePort mUseNativeBuffers 1
06-11 23:26:46.703 V/OmxVideoDecoder(  474): nWidth=1920,nHeight=1080, nMinbufs=0
06-11 23:26:46.704 D/OmxComponent(  474): getExtensionIndex 1237 name="OMX.google.android.index.describeColorAspects"
06-11 23:26:46.704 D/OmxComponent(  474): getExtensionIndex 1237 name="OMX.google.android.index.storeMetaDataInBuffers"
06-11 23:26:46.704 D/OmxComponent(  474): getExtensionIndex 1237 name="OMX.google.android.index.storeANWBufferInMetadata"
06-11 23:26:46.704 D/OmxComponent(  474): getExtensionIndex 1237 name="OMX.google.android.index.prepareForAdaptivePlayback"
06-11 23:26:46.704 D/OmxComponent(  474): getExtensionIndex 1237 name="OMX.google.android.index.configureVideoTunnelMode"
06-11 23:26:46.704 D/OmxComponent(  474): getExtensionIndex 1237 name="OMX.google.android.index.useAndroidNativeBuffer2"
06-11 23:26:46.704 D/OmxComponent(  474): getExtensionIndex 1237 name="OMX.google.android.index.useAndroidNativeBuffer"
06-11 23:26:46.704 D/OmxComponent(  474): getExtensionIndex 1237 name="OMX.google.android.index.enableAndroidNativeBuffers"
06-11 23:26:46.704 D/OmxComponent(  474): getExtensionIndex 1237 name="OMX.google.android.index.allocateNativeHandle"
06-11 23:26:46.704 D/OmxComponent(  474): getExtensionIndex 1237 name="OMX.google.android.index.getAndroidNativeBufferUsage"
06-11 23:26:46.705 D/OmxVideoDecoder(  474): setConfig 3009 0x7f00000c
06-11 23:26:46.705 D/OmxComponent(  474): getExtensionIndex 1237 name="OMX.google.android.index.describeHDRStaticInfo"
06-11 23:26:46.706 D/OmxComponent(  474): getExtensionIndex 1237 name="OMX.google.android.index.describeHDR10PlusInfo"
06-11 23:26:46.707 D/OmxVideoDecoder(  474): setConfig 3009 0x7f000009
06-11 23:26:46.707 D/OmxVideoDecoder(  474): HDRStaticInfo: R=0 0; G=0 0; B=0 0; W=0 0; MaxDisplayLuminance:0, MinDisplayLuminance=0, mMaxContentLightLevel=0, MaxContentLightLevel=0
06-11 23:26:46.707 D/OmxVideoDecoder(  474): HDRStaticInfo: all parmeter is 0, set mHasHDRStaticInfo to false
06-11 23:26:46.708 I/AmAVUtils(30860): AmAVUtils::isAudioExtendFormat input = video/hevc
06-11 23:26:46.708 I/AmAVUtils(30860): AmAVUtils::isExtendFormat input = video/hevc
06-11 23:26:46.708 I/OmxVideoDecoder(  474): getParameter Component Name OMX.amlogic.hevc.decoder.awesome2, width 1920, height 1080 nBufferCountMin:3
06-11 23:26:46.709 D/OmxVideoDecoder(  474): setConfig 3009 0x6f800002
06-11 23:26:46.709 V/OmxVideoDecoder(  474): setConfig 3192 nIndex 0x6f800002
06-11 23:26:46.709 D/OmxComponent(  474): setConfig 1230
06-11 23:26:46.709 E/OMXNodeInstance(  474): setConfig(0xf23c4438:amlogic.hevc.decoder.awesome2, ConfigPriority(0x6f800002)) ERROR: UnsupportedIndex(0x8000101a)
06-11 23:26:46.709 I/ACodec  (30860): codec does not support config priority (err -1010)
06-11 23:26:46.711 I/OmxVideoDecoder(  474): getParameter Component Name OMX.amlogic.hevc.decoder.awesome2, width 1920, height 1080 nBufferCountMin:3
06-11 23:26:46.711 D/OmxVideoDecoder(  474): getConfig 2867 0x6f100004
06-11 23:26:46.712 V/OmxVideoDecoder(  474): VendorExt: getConfig: index=0 (4k-osd)
06-11 23:26:46.712 D/OmxVideoDecoder(  474): getConfig 2867 0x6f100004
06-11 23:26:46.712 V/OmxVideoDecoder(  474): VendorExt: getConfig: index=1 (video-trickmode)
06-11 23:26:46.712 D/OmxVideoDecoder(  474): getConfig 2867 0x6f100004
06-11 23:26:46.713 V/OmxVideoDecoder(  474): VendorExt: getConfig: index=2 (unstable-pts)
06-11 23:26:46.713 D/OmxVideoDecoder(  474): getConfig 2867 0x6f100004
06-11 23:26:46.713 V/OmxVideoDecoder(  474): VendorExt: getConfig: index=3 (is-mvc)
06-11 23:26:46.713 D/OmxVideoDecoder(  474): getConfig 2867 0x6f100004
06-11 23:26:46.713 V/OmxVideoDecoder(  474): VendorExt: getConfig: index=4 (is-flv)
06-11 23:26:46.713 D/OmxVideoDecoder(  474): getConfig 2867 0x6f100004
06-11 23:26:46.713 V/OmxVideoDecoder(  474): VendorExt: getConfig: index=5 (dvconfig-box)
06-11 23:26:46.714 D/OmxVideoDecoder(  474): getConfig 2867 0x6f100004
06-11 23:26:46.715 V/OmxVideoDecoder(  474): VendorExt: getConfig: index=6 (profile-level)
06-11 23:26:46.715 D/OmxVideoDecoder(  474): getConfig 2867 0x6f100004
06-11 23:26:46.715 V/OmxVideoDecoder(  474): VendorExt: getConfig: index=6 (profile-level)
06-11 23:26:46.715 D/OmxVideoDecoder(  474): getConfig 2867 0x6f100004
06-11 23:26:46.715 V/OmxVideoDecoder(  474): VendorExt: getConfig: index=7 (nrdp)
06-11 23:26:46.715 D/OmxVideoDecoder(  474): getConfig 2867 0x6f100004
06-11 23:26:46.715 V/OmxVideoDecoder(  474): VendorExt: getConfig: index=8 (low-latency)
06-11 23:26:46.716 D/OmxVideoDecoder(  474): getConfig 2867 0x6f100004
06-11 23:26:46.716 V/OmxVideoDecoder(  474): VendorExt: getConfig: index=9 (save-mem)
06-11 23:26:46.719 D/OmxVideoDecoder(  474): getConfig 2867 0x6f100004
06-11 23:26:46.719 V/OmxVideoDecoder(  474): VendorExt: getConfig: index=10 (videoLayer)
06-11 23:26:46.720 D/OmxVideoDecoder(  474): getConfig 2867 0x6f100004
06-11 23:26:46.720 V/OmxVideoDecoder(  474): VendorExt: getConfig: index=11 (renderByOmx)
06-11 23:26:46.720 D/OmxVideoDecoder(  474): getConfig 2867 0x6f100004
06-11 23:26:46.721 V/OmxVideoDecoder(  474): VendorExt: getConfig: index=12 (tunerhal)
06-11 23:26:46.722 D/OmxVideoDecoder(  474): getConfig 2867 0x6f100004
06-11 23:26:46.722 V/OmxVideoDecoder(  474): VendorExt: getConfig: index=12 (tunerhal)
06-11 23:26:46.723 D/OmxVideoDecoder(  474): getConfig 2867 0x6f100004
06-11 23:26:46.723 V/OmxVideoDecoder(  474): VendorExt: getConfig: index=13 (VideoQos)
06-11 23:26:46.723 D/OmxVideoDecoder(  474): getConfig 2867 0x6f100004
06-11 23:26:46.723 V/OmxVideoDecoder(  474): VendorExt: getConfig: index=14 (rotation-angle)
06-11 23:26:46.723 D/OmxVideoDecoder(  474): getConfig 2867 0x6f100004
06-11 23:26:46.723 V/OmxVideoDecoder(  474): VendorExt: getConfig: index=15 (McodecReport)
06-11 23:26:46.723 D/OmxVideoDecoder(  474): mMcodecReport=0 mPeer.get=0xf23bb000
06-11 23:26:46.723 D/OmxVideoDecoder(  474): getConfig 2867 0x6f100004
06-11 23:26:46.724 V/OmxVideoDecoder(  474): VendorExt: getConfig: index=16 (START.low-latency)
06-11 23:26:46.724 D/OmxVideoDecoder(  474): getConfig 2867 0x6f100004
06-11 23:26:46.725 V/OmxVideoDecoder(  474): updatePort mUseNativeBuffers 1
06-11 23:26:46.725 V/OmxVideoDecoder(  474): nWidth=1920,nHeight=1080, nMinbufs=0
06-11 23:26:46.725 I/OmxVideoDecoder(  474): getParameter Component Name OMX.amlogic.hevc.decoder.awesome2, width 1920, height 1080 nBufferCountMin:8
06-11 23:26:46.725 D/OmxVideoDecoder(  474): getConfig 2867 0x700000f
06-11 23:26:46.726 D/OmxVideoDecoder(  474): getConfig 2870 nIndex 0x700000f
06-11 23:26:46.726 I/AmlogicVideoDecoderAwesome2(  474): [106]"getAndroidNativeBufferCrop [1920 x 1080] \n"
06-11 23:26:46.726 D/OmxVideoDecoder(  474): getConfig OMX_IndexConfigCommonOutputCrop pRect->nWidth=1920, pRect->nHeight=1080
06-11 23:26:46.726 D/OmxVideoDecoder(  474): setConfig 3009 0x7f00000c
06-11 23:26:46.726 D/OmxVideoDecoder(  474): getConfig 2867 0x7f00000c
06-11 23:26:46.727 D/OmxVideoDecoder(  474): getConfig 2867 0x7f00000c
06-11 23:26:46.727 E/OMXNodeInstance(  474): getConfig(0xf23c4438:amlogic.hevc.decoder.awesome2, ??(0x7f00000c)) ERROR: UnsupportedSetting(0x80001019)
06-11 23:26:46.727 D/OmxVideoDecoder(  474): getConfig 2867 0x7f000009
06-11 23:26:46.727 D/OmxVideoDecoder(  474): getConfig 2867 0x6f100004
06-11 23:26:46.727 V/OmxVideoDecoder(  474): VendorExt: getConfig: index=0 (4k-osd)
06-11 23:26:46.727 D/OmxVideoDecoder(  474): getConfig 2867 0x6f100004
06-11 23:26:46.727 V/OmxVideoDecoder(  474): VendorExt: getConfig: index=1 (video-trickmode)
06-11 23:26:46.728 D/OmxVideoDecoder(  474): getConfig 2867 0x6f100004
06-11 23:26:46.728 V/OmxVideoDecoder(  474): VendorExt: getConfig: index=2 (unstable-pts)
06-11 23:26:46.728 D/OmxVideoDecoder(  474): getConfig 2867 0x6f100004
06-11 23:26:46.728 V/OmxVideoDecoder(  474): VendorExt: getConfig: index=3 (is-mvc)
06-11 23:26:46.728 D/OmxVideoDecoder(  474): getConfig 2867 0x6f100004
06-11 23:26:46.728 V/OmxVideoDecoder(  474): VendorExt: getConfig: index=4 (is-flv)
06-11 23:26:46.728 D/OmxVideoDecoder(  474): getConfig 2867 0x6f100004
06-11 23:26:46.728 V/OmxVideoDecoder(  474): VendorExt: getConfig: index=5 (dvconfig-box)
06-11 23:26:46.728 D/OmxVideoDecoder(  474): getConfig 2867 0x6f100004
06-11 23:26:46.728 V/OmxVideoDecoder(  474): VendorExt: getConfig: index=6 (profile-level)
06-11 23:26:46.729 D/OmxVideoDecoder(  474): getConfig 2867 0x6f100004
06-11 23:26:46.729 V/OmxVideoDecoder(  474): VendorExt: getConfig: index=6 (profile-level)
06-11 23:26:46.729 D/OmxVideoDecoder(  474): getConfig 2867 0x6f100004
06-11 23:26:46.729 V/OmxVideoDecoder(  474): VendorExt: getConfig: index=7 (nrdp)
06-11 23:26:46.729 D/OmxVideoDecoder(  474): getConfig 2867 0x6f100004
06-11 23:26:46.729 V/OmxVideoDecoder(  474): VendorExt: getConfig: index=8 (low-latency)
06-11 23:26:46.729 D/OmxVideoDecoder(  474): getConfig 2867 0x6f100004
06-11 23:26:46.729 V/OmxVideoDecoder(  474): VendorExt: getConfig: index=9 (save-mem)
06-11 23:26:46.729 D/OmxVideoDecoder(  474): getConfig 2867 0x6f100004
06-11 23:26:46.729 V/OmxVideoDecoder(  474): VendorExt: getConfig: index=10 (videoLayer)
06-11 23:26:46.730 D/OmxVideoDecoder(  474): getConfig 2867 0x6f100004
06-11 23:26:46.730 V/OmxVideoDecoder(  474): VendorExt: getConfig: index=11 (renderByOmx)
06-11 23:26:46.730 D/OmxVideoDecoder(  474): getConfig 2867 0x6f100004
06-11 23:26:46.730 V/OmxVideoDecoder(  474): VendorExt: getConfig: index=12 (tunerhal)
06-11 23:26:46.730 D/OmxVideoDecoder(  474): getConfig 2867 0x6f100004
06-11 23:26:46.730 V/OmxVideoDecoder(  474): VendorExt: getConfig: index=12 (tunerhal)
06-11 23:26:46.730 D/OmxVideoDecoder(  474): getConfig 2867 0x6f100004
06-11 23:26:46.730 V/OmxVideoDecoder(  474): VendorExt: getConfig: index=13 (VideoQos)
06-11 23:26:46.730 D/OmxVideoDecoder(  474): getConfig 2867 0x6f100004
06-11 23:26:46.730 V/OmxVideoDecoder(  474): VendorExt: getConfig: index=14 (rotation-angle)
06-11 23:26:46.731 D/OmxVideoDecoder(  474): getConfig 2867 0x6f100004
06-11 23:26:46.731 V/OmxVideoDecoder(  474): VendorExt: getConfig: index=15 (McodecReport)
06-11 23:26:46.731 D/OmxVideoDecoder(  474): mMcodecReport=0 mPeer.get=0xf23bb000
06-11 23:26:46.731 D/OmxVideoDecoder(  474): getConfig 2867 0x6f100004
06-11 23:26:46.731 V/OmxVideoDecoder(  474): VendorExt: getConfig: index=16 (START.low-latency)
06-11 23:26:46.731 D/OmxVideoDecoder(  474): getConfig 2867 0x6f100004
06-11 23:26:46.734 I/OmxComponent(  474): OMX_CommandStateSet 850 Cmd 0 nParam1 0x2
