06-11 23:28:30.564 D/dvb_iptv(  397): ReadEmmNetworkTask[1537]: EMM Select Timeout Occured 55
06-11 23:28:30.569 W/tomator2.serve(31709): Accessing hidden field Lsun/nio/ch/SelectorImpl;->selectedKeys:Ljava/util/Set; (greylist, reflection, allowed)
06-11 23:28:30.569 W/tomator2.serve(31709): Accessing hidden field Lsun/nio/ch/SelectorImpl;->publicSelectedKeys:Ljava/util/Set; (greylist, reflection, allowed)
06-11 23:28:30.580 D/Glide   ( 1773): Finished loading Bitmap from LOCAL for com.bumptech.glide.gifdecoder.StandardGifDecoder@8b54719 with size [314x176] in 7.555834 ms
06-11 23:28:30.623 W/Thread-5(31709): type=1400 audit(0.0:13593): avc: denied { read } for name="somaxconn" dev="proc" ino=2079817 scontext=u:r:untrusted_app:s0:c96,c256,c512,c768 tcontext=u:object_r:proc_net:s0 tclass=file permissive=0 app=io.appium.uiautomator2.server
06-11 23:28:30.630 D/Glide   ( 1773): Finished loading Bitmap from LOCAL for com.bumptech.glide.gifdecoder.StandardGifDecoder@8b54719 with size [314x176] in 17.70775 ms
06-11 23:28:30.640 W/MacAddressUtil(31709): Failed to find a usable hardware address from the network interfaces; using random bytes: 70:be:92:7d:96:27:00:ee
06-11 23:28:30.659 D/stbdpc  (  397): STB_DPGetNumPaths[570]: num_paths: 1
06-11 23:28:30.663 D/Glide   ( 1773): Finished loading Bitmap from LOCAL for com.bumptech.glide.gifdecoder.StandardGifDecoder@8b54719 with size [314x176] in 10.831375 ms
06-11 23:28:30.670 E/adbd    (12860): failed to connect to socket 'tcp:6790': Connection refused
06-11 23:28:30.697 D/Glide   ( 1773): Finished loading Bitmap from LOCAL for com.bumptech.glide.gifdecoder.StandardGifDecoder@8b54719 with size [314x176] in 3.722333 ms
06-11 23:28:30.733 W/ServerBootstrap(31709): Unknown channel option 'SO_KEEPALIVE' for channel '[id: 0x6a06ecf3]'
06-11 23:28:30.735 W/ServerBootstrap(31709): Unknown channel option 'TCP_NODELAY' for channel '[id: 0x6a06ecf3]'
06-11 23:28:30.747 D/Glide   ( 1773): Finished loading Bitmap from LOCAL for com.bumptech.glide.gifdecoder.StandardGifDecoder@8b54719 with size [314x176] in 13.636833 ms
06-11 23:28:30.759 D/stbdpc  (  397): STB_DPGetNumPaths[570]: num_paths: 1
06-11 23:28:30.780 D/Glide   ( 1773): Finished loading Bitmap from LOCAL for com.bumptech.glide.gifdecoder.StandardGifDecoder@8b54719 with size [314x176] in 6.799665999999999 ms
06-11 23:28:30.831 D/Glide   ( 1773): Finished loading Bitmap from LOCAL for com.bumptech.glide.gifdecoder.StandardGifDecoder@8b54719 with size [314x176] in 17.458875 ms
06-11 23:28:30.859 D/stbdpc  (  397): STB_DPGetNumPaths[570]: num_paths: 1
06-11 23:28:30.864 D/Glide   ( 1773): Finished loading Bitmap from LOCAL for com.bumptech.glide.gifdecoder.StandardGifDecoder@8b54719 with size [314x176] in 9.567625 ms
06-11 23:28:30.897 D/Glide   ( 1773): Finished loading Bitmap from LOCAL for com.bumptech.glide.gifdecoder.StandardGifDecoder@8b54719 with size [314x176] in 2.1726669999999997 ms
06-11 23:28:30.948 D/Glide   ( 1773): Finished loading Bitmap from LOCAL for com.bumptech.glide.gifdecoder.StandardGifDecoder@8b54719 with size [314x176] in 12.0535 ms
06-11 23:28:30.959 D/stbdpc  (  397): STB_DPGetNumPaths[570]: num_paths: 1
06-11 23:28:30.981 D/Glide   ( 1773): Finished loading Bitmap from LOCAL for com.bumptech.glide.gifdecoder.StandardGifDecoder@8b54719 with size [314x176] in 4.414625 ms
06-11 23:28:31.031 D/Glide   ( 1773): Finished loading Bitmap from LOCAL for com.bumptech.glide.gifdecoder.StandardGifDecoder@8b54719 with size [314x176] in 15.1715 ms
06-11 23:28:31.059 D/stbdpc  (  397): STB_DPGetNumPaths[570]: num_paths: 1
06-11 23:28:31.064 D/dvb_iptv(  397): ReadEmmNetworkTask[1537]: EMM Select Timeout Occured 56
06-11 23:28:31.065 D/Glide   ( 1773): Finished loading Bitmap from LOCAL for com.bumptech.glide.gifdecoder.StandardGifDecoder@8b54719 with size [314x176] in 8.9325 ms
06-11 23:28:31.079 D/rtk_heartbeat(  349): heartbeat_timed_out: heartbeatCmdCount = 10519, expected nextSeqNum = 10519
06-11 23:28:31.081 D/rtk_heartbeat(  349): rtkbt_heartbeat_cmpl_cback: Current SeqNum = 10519,should SeqNum=10519, status = 0
06-11 23:28:31.114 D/Glide   ( 1773): Finished loading Bitmap from LOCAL for com.bumptech.glide.gifdecoder.StandardGifDecoder@8b54719 with size [314x176] in 16.965415999999998 ms
06-11 23:28:31.147 D/Glide   ( 1773): Finished loading Bitmap from LOCAL for com.bumptech.glide.gifdecoder.StandardGifDecoder@8b54719 with size [314x176] in 10.005832999999999 ms
06-11 23:28:31.154 D/BufferPoolAccessor2.0(  477): evictor expired: 5, evicted: 0
06-11 23:28:31.159 D/stbdpc  (  397): STB_DPGetNumPaths[570]: num_paths: 1
06-11 23:28:31.180 D/Glide   ( 1773): Finished loading Bitmap from LOCAL for com.bumptech.glide.gifdecoder.StandardGifDecoder@8b54719 with size [314x176] in 3.3877919999999997 ms
06-11 23:28:31.223 D/JioStbInactivityTimer(  926): Timer: count 13 warningTimeout:10680 timeout:10800
06-11 23:28:31.223 D/JioStbInactivityTimer(  926): isUserActive: Curr:10527488 Prev:10527488
06-11 23:28:31.231 D/Glide   ( 1773): Finished loading Bitmap from LOCAL for com.bumptech.glide.gifdecoder.StandardGifDecoder@8b54719 with size [314x176] in 13.667874999999999 ms
06-11 23:28:31.260 D/stbdpc  (  397): STB_DPGetNumPaths[570]: num_paths: 1
06-11 23:28:31.265 D/Glide   ( 1773): Finished loading Bitmap from LOCAL for com.bumptech.glide.gifdecoder.StandardGifDecoder@8b54719 with size [314x176] in 7.7121249999999995 ms
06-11 23:28:31.267 D/ltts_ip_emm(  397): LTTS_IP_DMXStartEMM[381]: parse_emm_cat_status failed
06-11 23:28:31.314 D/Glide   ( 1773): Finished loading Bitmap from LOCAL for com.bumptech.glide.gifdecoder.StandardGifDecoder@8b54719 with size [314x176] in 16.098917 ms
06-11 23:28:31.348 D/Glide   ( 1773): Finished loading Bitmap from LOCAL for com.bumptech.glide.gifdecoder.StandardGifDecoder@8b54719 with size [314x176] in 9.967917 ms
06-11 23:28:31.360 D/stbdpc  (  397): STB_DPGetNumPaths[570]: num_paths: 1
06-11 23:28:31.383 D/Glide   ( 1773): Finished loading Bitmap from LOCAL for com.bumptech.glide.gifdecoder.StandardGifDecoder@8b54719 with size [314x176] in 4.534959 ms
06-11 23:28:31.431 D/Glide   ( 1773): Finished loading Bitmap from LOCAL for com.bumptech.glide.gifdecoder.StandardGifDecoder@8b54719 with size [314x176] in 12.802707999999999 ms
06-11 23:28:31.460 D/stbdpc  (  397): STB_DPGetNumPaths[570]: num_paths: 1
06-11 23:28:31.465 D/Glide   ( 1773): Finished loading Bitmap from LOCAL for com.bumptech.glide.gifdecoder.StandardGifDecoder@8b54719 with size [314x176] in 5.970041999999999 ms
06-11 23:28:31.515 D/Glide   ( 1773): Finished loading Bitmap from LOCAL for com.bumptech.glide.gifdecoder.StandardGifDecoder@8b54719 with size [314x176] in 15.744833 ms
06-11 23:28:31.548 D/Glide   ( 1773): Finished loading Bitmap from LOCAL for com.bumptech.glide.gifdecoder.StandardGifDecoder@8b54719 with size [314x176] in 8.859084 ms
06-11 23:28:31.560 D/stbdpc  (  397): STB_DPGetNumPaths[570]: num_paths: 1
06-11 23:28:31.564 D/dvb_iptv(  397): ReadEmmNetworkTask[1537]: EMM Select Timeout Occured 57
06-11 23:28:31.598 D/Glide   ( 1773): Finished loading Bitmap from LOCAL for com.bumptech.glide.gifdecoder.StandardGifDecoder@8b54719 with size [314x176] in 17.90175 ms
06-11 23:28:31.601 E/WifiVendorHal(  633): getWifiLinkLayerStats_1_3_Internal(l.973) failed {.code = ERROR_UNKNOWN, .description = unknown error}
06-11 23:28:31.603 I/ThermalService(  969): CPU temperatures: [60.4]
06-11 23:28:31.631 D/Glide   ( 1773): Finished loading Bitmap from LOCAL for com.bumptech.glide.gifdecoder.StandardGifDecoder@8b54719 with size [314x176] in 10.635375 ms
06-11 23:28:31.660 D/stbdpc  (  397): STB_DPGetNumPaths[570]: num_paths: 1
06-11 23:28:31.666 D/Glide   ( 1773): Finished loading Bitmap from LOCAL for com.bumptech.glide.gifdecoder.StandardGifDecoder@8b54719 with size [314x176] in 5.28275 ms
06-11 23:28:31.716 D/Glide   ( 1773): Finished loading Bitmap from LOCAL for com.bumptech.glide.gifdecoder.StandardGifDecoder@8b54719 with size [314x176] in 14.7785 ms
06-11 23:28:31.748 D/Glide   ( 1773): Finished loading Bitmap from LOCAL for com.bumptech.glide.gifdecoder.StandardGifDecoder@8b54719 with size [314x176] in 6.399833 ms
06-11 23:28:31.761 D/stbdpc  (  397): STB_DPGetNumPaths[570]: num_paths: 1
06-11 23:28:31.798 D/Glide   ( 1773): Finished loading Bitmap from LOCAL for com.bumptech.glide.gifdecoder.StandardGifDecoder@8b54719 with size [314x176] in 15.212 ms
06-11 23:28:31.825 I/appium  (31709): channel read: GET /status
06-11 23:28:31.828 I/appium  (31709): Status command
06-11 23:28:31.831 D/Glide   ( 1773): Finished loading Bitmap from LOCAL for com.bumptech.glide.gifdecoder.StandardGifDecoder@8b54719 with size [314x176] in 9.144959 ms
06-11 23:28:31.837 I/appium  (31709): AppiumResponse: {"sessionId":"None","value":{"message":"UiAutomator2 Server is ready to accept commands","ready":true}}
06-11 23:28:31.861 D/stbdpc  (  397): STB_DPGetNumPaths[570]: num_paths: 1
06-11 23:28:31.866 D/Glide   ( 1773): Finished loading Bitmap from LOCAL for com.bumptech.glide.gifdecoder.StandardGifDecoder@8b54719 with size [314x176] in 3.7727079999999997 ms
06-11 23:28:31.877 I/appium  (31709): channel read: POST /session
06-11 23:28:31.879 I/appium  (31709): NewSession command
06-11 23:28:31.901 W/tomator2.serve(31709): Accessing hidden field Landroid/app/UiAutomation;->mOnAccessibilityEventListener:Landroid/app/UiAutomation$OnAccessibilityEventListener; (greylist-max-o, reflection, allowed)
06-11 23:28:31.908 I/appium  (31709): Created the new session with id e19f9558-6329-4d58-a6c1-db0f902b0de3 and capabilities {networkConnectionEnabled=true, warnings={}, databaseEnabled=false, deviceName=192.168.1.23:5555, platform=LINUX, deviceUDID=192.168.1.23:5555, desired={platformName=ANDROID, udid=192.168.1.23:5555, deviceName=192.168.1.23:5555, automationName=UIAutomator2}, automationName=UIAutomator2, webStorageEnabled=false, locationContextEnabled=false, takesScreenshot=true, javascriptEnabled=true, platformName=ANDROID, udid=192.168.1.23:5555}
06-11 23:28:31.914 D/Glide   ( 1773): Finished loading Bitmap from LOCAL for com.bumptech.glide.gifdecoder.StandardGifDecoder@8b54719 with size [314x176] in 12.258083 ms
06-11 23:28:31.921 I/appium  (31709): AppiumResponse: {"sessionId":"e19f9558-6329-4d58-a6c1-db0f902b0de3","value":{"capabilities":{"firstMatch":[{"platformName":"ANDROID","udid":"192.168.1.23:5555","deviceName":"192.168.1.23:5555","automationName":"UIAutomator2","platform":"LINUX","webStorageEnabled":false,"takesScreenshot":true,"javascriptEnabled":tru
06-11 23:28:31.948 D/Glide   ( 1773): Finished loading Bitmap from LOCAL for com.bumptech.glide.gifdecoder.StandardGifDecoder@8b54719 with size [314x176] in 5.918457999999999 ms
06-11 23:28:31.957 I/appium  (31709): channel read: GET /session/e19f9558-6329-4d58-a6c1-db0f902b0de3/appium/device/pixel_ratio
06-11 23:28:31.958 I/appium  (31709): GetDevicePixelRatio command
06-11 23:28:31.961 D/stbdpc  (  397): STB_DPGetNumPaths[570]: num_paths: 1
06-11 23:28:31.963 I/appium  (31709): AppiumResponse: {"sessionId":"e19f9558-6329-4d58-a6c1-db0f902b0de3","value":2.0}
06-11 23:28:31.972 I/appium  (31709): channel read: GET /session/e19f9558-6329-4d58-a6c1-db0f902b0de3/appium/device/system_bars
06-11 23:28:31.974 I/appium  (31709): GetSystemBars command
06-11 23:28:31.976 I/appium  (31709): channel read: GET /session/e19f9558-6329-4d58-a6c1-db0f902b0de3/window/current/size
06-11 23:28:31.977 I/appium  (31709): GetDeviceSize command
06-11 23:28:31.977 I/appium  (31709): Get window size of the device
06-11 23:28:31.979 I/appium  (31709): AppiumResponse: {"sessionId":"e19f9558-6329-4d58-a6c1-db0f902b0de3","value":{"statusBar":0}}
06-11 23:28:31.980 I/appium  (31709): channel read: GET /session/e19f9558-6329-4d58-a6c1-db0f902b0de3/appium/device/info
06-11 23:28:31.982 I/appium  (31709): GetDeviceInfo command
06-11 23:28:31.983 I/appium  (31709): AppiumResponse: {"sessionId":"e19f9558-6329-4d58-a6c1-db0f902b0de3","value":{"height":1080,"width":1920}}
06-11 23:28:31.986 I/TetheringManager(31709): registerTetheringEventCallback:io.appium.uiautomator2.server
06-11 23:28:31.998 D/Glide   ( 1773): Finished loading Bitmap from LOCAL for com.bumptech.glide.gifdecoder.StandardGifDecoder@8b54719 with size [314x176] in 15.525167 ms
06-11 23:28:32.003 W/tomator2.serve(31709): Accessing hidden field Landroid/net/NetworkCapabilities;->mSignalStrength:I (greylist-max-p, reflection, allowed)
06-11 23:28:32.004 W/tomator2.serve(31709): Accessing hidden field Landroid/net/NetworkCapabilities;->mSSID:Ljava/lang/String; (greylist-max-o, reflection, allowed)
06-11 23:28:32.032 D/Glide   ( 1773): Finished loading Bitmap from LOCAL for com.bumptech.glide.gifdecoder.StandardGifDecoder@8b54719 with size [314x176] in 8.2265 ms
06-11 23:28:32.033 I/appium  (31709): AppiumResponse: {"sessionId":"e19f9558-6329-4d58-a6c1-db0f902b0de3","value":{"androidId":"407ddcfd393d8270","apiVersion":"30","bluetooth":{"state":"ON"},"brand":"Jio","carrierName":"","displayDensity":320,"locale":"en_IN","manufacturer":"Jio","model":"JMSB200A","networks":[{"capabilities":{"SSID":null,"linkDownBand
06-11 23:28:32.061 D/stbdpc  (  397): STB_DPGetNumPaths[570]: num_paths: 1
06-11 23:28:32.064 D/dvb_iptv(  397): ReadEmmNetworkTask[1537]: EMM Select Timeout Occured 58
06-11 23:28:32.079 D/rtk_heartbeat(  349): heartbeat_timed_out: heartbeatCmdCount = 10520, expected nextSeqNum = 10520
06-11 23:28:32.080 D/rtk_heartbeat(  349): rtkbt_heartbeat_cmpl_cback: Current SeqNum = 10520,should SeqNum=10520, status = 0
06-11 23:28:32.082 D/Glide   ( 1773): Finished loading Bitmap from LOCAL for com.bumptech.glide.gifdecoder.StandardGifDecoder@8b54719 with size [314x176] in 17.327541999999998 ms
06-11 23:28:32.115 D/Glide   ( 1773): Finished loading Bitmap from LOCAL for com.bumptech.glide.gifdecoder.StandardGifDecoder@8b54719 with size [314x176] in 10.697583 ms
06-11 23:28:32.149 D/Glide   ( 1773): Finished loading Bitmap from LOCAL for com.bumptech.glide.gifdecoder.StandardGifDecoder@8b54719 with size [314x176] in 4.354709 ms
06-11 23:28:32.161 D/stbdpc  (  397): STB_DPGetNumPaths[570]: num_paths: 1
06-11 23:28:32.198 D/Glide   ( 1773): Finished loading Bitmap from LOCAL for com.bumptech.glide.gifdecoder.StandardGifDecoder@8b54719 with size [314x176] in 13.913959 ms
06-11 23:28:32.223 D/JioStbInactivityTimer(  926): Timer: count 14 warningTimeout:10680 timeout:10800
06-11 23:28:32.224 D/JioStbInactivityTimer(  926): isUserActive: Curr:10527488 Prev:10527488
06-11 23:28:32.232 D/Glide   ( 1773): Finished loading Bitmap from LOCAL for com.bumptech.glide.gifdecoder.StandardGifDecoder@8b54719 with size [314x176] in 7.252458 ms
06-11 23:28:32.261 D/stbdpc  (  397): STB_DPGetNumPaths[570]: num_paths: 1
06-11 23:28:32.282 D/Glide   ( 1773): Finished loading Bitmap from LOCAL for com.bumptech.glide.gifdecoder.StandardGifDecoder@8b54719 with size [314x176] in 16.281208 ms
06-11 23:28:32.315 D/Glide   ( 1773): Finished loading Bitmap from LOCAL for com.bumptech.glide.gifdecoder.StandardGifDecoder@8b54719 with size [314x176] in 8.5785 ms
06-11 23:28:32.316 I/uncher.relianc( 1773): oneway function results will be dropped but finished with status OK and parcel size 4
06-11 23:28:32.318 I/e.swalekh.abct( 1359): oneway function results will be dropped but finished with status OK and parcel size 4
06-11 23:28:32.326 D/JioSTBMRServer-SERVICE( 3589): InetSocketAddress(InetAddress.getByName(inetAddress.hostAddress)-/192.168.1.255
06-11 23:28:32.326 D/JioSTBMRServer-SERVICE( 3589): #beacon:RKISBFJ60000097:0:false:0:1:SV=181024 , 192.168.1.255
06-11 23:28:32.333 D/JioSTBMRServer-SERVICE( 3589): InetSocketAddress(InetAddress.getByName(inetAddress.hostAddress)-/192.168.1.255
06-11 23:28:32.333 D/JioSTBMRServer-SERVICE( 3589): #broadcast IP:192.168.1.255
06-11 23:28:32.362 D/stbdpc  (  397): STB_DPGetNumPaths[570]: num_paths: 1
06-11 23:28:32.362 I/DTVKit  (  397): request[114]: 'CmnNoti.onDvbIpPacketDetails' // '[]'
06-11 23:28:32.362 D/stbresmgr(  397): STB_RESNumTuners[315]: num_tuners: 3
06-11 23:28:32.362 E/dvb_iptv(  397): IPTV_GetDvbIpPacketDetails[684]: No valid ECM iptv_handle
06-11 23:28:32.362 D/dvb_iptv(  397): IPTV_GetDvbIpPacketDetails[688]: EMM Pkt stat received_packets:0 lost_packets:0 recov_packets:0 
06-11 23:28:32.362 E/CommonClientNotiCbUtilsIntf(  397): onDvbIpPacketDetails[97]: Failure of Getting DvbIpDetails
06-11 23:28:32.363 D/CommonClientNotiCbUtilsImpl( 1624): Not Received Valid Info
06-11 23:28:32.365 D/Glide   ( 1773): Finished loading Bitmap from LOCAL for com.bumptech.glide.gifdecoder.StandardGifDecoder@8b54719 with size [314x176] in 17.501041 ms
06-11 23:28:32.398 D/Glide   ( 1773): Finished loading Bitmap from LOCAL for com.bumptech.glide.gifdecoder.StandardGifDecoder@8b54719 with size [314x176] in 10.622499999999999 ms
06-11 23:28:32.410 D/[10543.562208@2]  logd(    0): logdr: UID=0 GID=0 PID=31762 b tail=0 logMask=99 pid=0 start=0ns timeout=0ns
06-11 23:28:32.413 D/[10543.564875@1]  logd(    0): Skipping 4294967295 entries from slow reader, pid 31762, from LogBuffer::kickMe()
06-11 23:28:32.432 D/Glide   ( 1773): Finished loading Bitmap from LOCAL for com.bumptech.glide.gifdecoder.StandardGifDecoder@8b54719 with size [314x176] in 4.264041 ms
06-11 23:28:32.462 D/stbdpc  (  397): STB_DPGetNumPaths[570]: num_paths: 1
06-11 23:28:32.482 D/Glide   ( 1773): Finished loading Bitmap from LOCAL for com.bumptech.glide.gifdecoder.StandardGifDecoder@8b54719 with size [314x176] in 13.977625 ms
06-11 23:28:32.515 D/Glide   ( 1773): Finished loading Bitmap from LOCAL for com.bumptech.glide.gifdecoder.StandardGifDecoder@8b54719 with size [314x176] in 6.7085 ms
06-11 23:28:32.562 D/stbdpc  (  397): STB_DPGetNumPaths[570]: num_paths: 1
06-11 23:28:32.565 D/dvb_iptv(  397): ReadEmmNetworkTask[1537]: EMM Select Timeout Occured 59
06-11 23:28:32.566 D/Glide   ( 1773): Finished loading Bitmap from LOCAL for com.bumptech.glide.gifdecoder.StandardGifDecoder@8b54719 with size [314x176] in 16.763291 ms
--------- beginning of system
06-11 23:28:32.597 I/ActivityTaskManager(  633): START u0 {flg=0x10000000 cmp=in.startv.hotstar/com.hotstar.MainActivity} from uid 0
06-11 23:28:32.598 D/ActivityStarter(  633):  
06-11 23:28:32.598 D/ActivityStarter(  633): launchedPkgName :: in.startv.hotstar 
06-11 23:28:32.598 D/ActivityStarter(  633): callingPackage :: com.android.shell 
06-11 23:28:32.598 D/ActivityStarter(  633): callingUid :: 0 
06-11 23:28:32.598 D/ActivityStarter(  633): callingPid :: 31774
06-11 23:28:32.599 D/ActivityTaskManager(  633): OTHER app is launched
06-11 23:28:32.599 D/Glide   ( 1773): Finished loading Bitmap from LOCAL for com.bumptech.glide.gifdecoder.StandardGifDecoder@8b54719 with size [314x176] in 9.222875 ms
06-11 23:28:32.608 V/DigitalSignage(  633): Package Name: null
06-11 23:28:32.608 V/DigitalSignage(  633): Left: 0
06-11 23:28:32.608 V/DigitalSignage(  633): Right: 0
06-11 23:28:32.608 V/DigitalSignage(  633): Top: 0
06-11 23:28:32.608 V/DigitalSignage(  633): Bottom: 0
06-11 23:28:32.609 D/DigitalSignage(  633): else - Package Name :: null left : 0 right :: 0 top :: 0 bottom :: 0 dfu-right :: 1920 dfu-bottom :: 1080
06-11 23:28:32.612 I/cmd     (31774): oneway function results will be dropped but finished with status OK and parcel size 4
06-11 23:28:32.612 D/JioLauncher( 1773): package-unregisterReceiver-for-downloadFeedBackReceiver
06-11 23:28:32.613 D/JioLauncher( 1773): intro-activity-on-pause
06-11 23:28:32.613 D/JioLauncher( 1773): recommendation-pause-called-no-recommendation-call-in-progress-cancel-handler
06-11 23:28:32.613 D/JioLauncher( 1773): ipl-pause-called-no-ipl-call-in-progress-cancel-handler
06-11 23:28:32.613 D/JioLauncher( 1773): for-u-recommendation-api-call-remove
06-11 23:28:32.613 D/JioLauncher( 1773): promotion-pause-called-no-ads-call-in-progress-cancel-handler
06-11 23:28:32.613 D/JioLauncher( 1773): ipl-promotion-pause-called-no-ads-call-in-progress-cancel-handler
06-11 23:28:32.614 D/JioLauncher( 1773): ThreadCount-213
06-11 23:28:32.614 D/JioLauncher( 1773): isInactivityPopupDisplaying-{"inactivity_status_modified_time":1420050609621,"inactivity_status":false,"inactivity_window_timeout":120000}
06-11 23:28:32.614 D/JioLauncher( 1773): inactivity_status-false- result-false
06-11 23:28:32.615 D/JioLauncher( 1773): overlay-removing-type-LIVE_TV_ALERT_TYPE  -isInactivityPopupDisplaying-false
06-11 23:28:32.615 D/JioLauncher( 1773): ThreadCount-213
06-11 23:28:32.615 D/JioLauncher( 1773): isInactivityPopupDisplaying-{"inactivity_status_modified_time":1420050609621,"inactivity_status":false,"inactivity_window_timeout":120000}
06-11 23:28:32.615 D/JioLauncher( 1773): inactivity_status-false- result-false
06-11 23:28:32.615 D/JioLauncher( 1773): block-apps 1 null false
06-11 23:28:32.615 D/JioLauncher( 1773): global-key-unblock-all-key
06-11 23:28:32.617 D/JioLauncher( 1773): block-apps -1 null false
06-11 23:28:32.617 D/JioLauncher( 1773): global-key-block-all-key--others
06-11 23:28:32.618 D/CompatibilityChangeReporter(  633): Compat change id reported: 135634846; UID 10072; state: DISABLED
06-11 23:28:32.619 D/CompatibilityChangeReporter(  633): Compat change id reported: 143937733; UID 10072; state: ENABLED
06-11 23:28:32.637 V/DigitalSignage(  633): Package Name: null
06-11 23:28:32.637 V/DigitalSignage(  633): Left: 0
06-11 23:28:32.637 V/DigitalSignage(  633): Right: 0
06-11 23:28:32.637 V/DigitalSignage(  633): Top: 0
06-11 23:28:32.637 V/DigitalSignage(  633): Bottom: 0
06-11 23:28:32.638 D/DigitalSignage(  633): else - Package Name :: null left : 0 right :: 0 top :: 0 bottom :: 0 dfu-right :: 1920 dfu-bottom :: 1080
06-11 23:28:32.644 D/Zygote  (  324): Forked child process 31777
06-11 23:28:32.655 D/Glide   ( 1773): Finished loading Bitmap from LOCAL for com.bumptech.glide.gifdecoder.StandardGifDecoder@8b54719 with size [314x176] in 23.285083 ms
06-11 23:28:32.661 I/ActivityManager(  633): Start proc 31777:in.startv.hotstar/u0a72 for pre-top-activity {in.startv.hotstar/com.hotstar.MainActivity}
06-11 23:28:32.662 D/stbdpc  (  397): STB_DPGetNumPaths[570]: num_paths: 1
06-11 23:28:32.667 V/DigitalSignage(  633): Package Name: null
06-11 23:28:32.667 V/DigitalSignage(  633): Left: 0
06-11 23:28:32.667 V/DigitalSignage(  633): Right: 0
06-11 23:28:32.667 V/DigitalSignage(  633): Top: 0
06-11 23:28:32.667 V/DigitalSignage(  633): Bottom: 0
06-11 23:28:32.668 D/DigitalSignage(  633): else - Package Name :: null left : 0 right :: 0 top :: 0 bottom :: 0 dfu-right :: 1920 dfu-bottom :: 1080
06-11 23:28:32.670 I/appium  (31709): channel read: POST /session/e19f9558-6329-4d58-a6c1-db0f902b0de3/element
06-11 23:28:32.674 I/appium  (31709): FindElement command
06-11 23:28:32.674 I/adbd    (12860): jdwp connection from 31777
06-11 23:28:32.677 I/appium  (31709): method: 'xpath', selector: '//android.widget.ImageView[@resource-id='in.startv.hotstar:id/iv_profile']'
06-11 23:28:32.683 D/Glide   ( 1773): Finished loading Bitmap from LOCAL for com.bumptech.glide.gifdecoder.StandardGifDecoder@8b54719 with size [314x176] in 11.424292 ms
06-11 23:28:32.684 I/appium  (31709): Waiting up to 10000ms for the device to idle
06-11 23:28:32.692 D/ActivityTaskManager(  633): JioHomeManagerService :: ActivityRecord :: setState :: StateFrom :: INITIALIZING StateTo :: RESUMED 
06-11 23:28:32.702 V/DigitalSignage(  633): Package Name: null
06-11 23:28:32.702 V/DigitalSignage(  633): Left: 0
06-11 23:28:32.702 V/DigitalSignage(  633): Right: 0
06-11 23:28:32.702 V/DigitalSignage(  633): Top: 0
06-11 23:28:32.703 V/DigitalSignage(  633): Bottom: 0
06-11 23:28:32.703 D/DigitalSignage(  633): else - Package Name :: null left : 0 right :: 0 top :: 0 bottom :: 0 dfu-right :: 1920 dfu-bottom :: 1080
06-11 23:28:32.708 D/NetflixService(  969): onForegroundActivitiesChanged pid:31777,uid:10072,fg:true
06-11 23:28:32.708 D/ActivityManager(  633): JioHomeManagerService :: StateFrom :: INITIALIZING StateTo :: RESUMED Activity :: in.startv.hotstar/com.hotstar.MainActivity Action :: com.jio.remote.action.applaunch
06-11 23:28:32.714 V/DigitalSignage(  633): Package Name: null
06-11 23:28:32.714 V/DigitalSignage(  633): Left: 0
06-11 23:28:32.714 V/DigitalSignage(  633): Right: 0
06-11 23:28:32.714 V/DigitalSignage(  633): Top: 0
06-11 23:28:32.715 V/DigitalSignage(  633): Bottom: 0
06-11 23:28:32.715 D/DigitalSignage(  633): else - Package Name :: null left : 0 right :: 0 top :: 0 bottom :: 0 dfu-right :: 1920 dfu-bottom :: 1080
06-11 23:28:32.717 I/android.hardware.power-service.libperfmgr(  366): Power setBoost: INTERACTION duration: 0
06-11 23:28:32.717 I/libperfmgr(  366): Do Powerhint: INTERACTION
06-11 23:28:32.717 D/NetflixService(  969): processName:com.netflix.ninja,importance:300
06-11 23:28:32.742 D/Glide   ( 1773): Finished loading Bitmap from LOCAL for com.bumptech.glide.gifdecoder.StandardGifDecoder@8b54719 with size [314x176] in 29.403875 ms
06-11 23:28:32.747 D/NetworkSecurityConfig(31777): Using Network Security Config from resource network_security_config debugBuild: false
06-11 23:28:32.750 D/NetworkSecurityConfig(31777): Using Network Security Config from resource network_security_config debugBuild: false
06-11 23:28:32.762 D/stbdpc  (  397): STB_DPGetNumPaths[570]: num_paths: 1
06-11 23:28:32.768 D/Glide   ( 1773): Finished loading Bitmap from LOCAL for com.bumptech.glide.gifdecoder.StandardGifDecoder@8b54719 with size [314x176] in 14.174999999999999 ms
06-11 23:28:32.779 D/SessionsDependencies(31777): Dependency to CRASHLYTICS added.
06-11 23:28:32.797 I/FirebaseApp(31777): Device unlocked: initializing all Firebase APIs for app [DEFAULT]
06-11 23:28:32.804 D/Glide   ( 1773): Finished loading Bitmap from LOCAL for com.bumptech.glide.gifdecoder.StandardGifDecoder@8b54719 with size [314x176] in 9.604875 ms
06-11 23:28:32.824 D/FirebaseSessions(31777): Initializing Firebase Sessions SDK.
06-11 23:28:32.835 I/FirebaseCrashlytics(31777): Initializing Firebase Crashlytics 19.3.0 for in.startv.hotstar
06-11 23:28:32.839 W/GooglePlayServicesUtil(31777): in.startv.hotstar requires the Google Play Store, but it is missing.
06-11 23:28:32.840 E/DynamiteModule(31777): Invalid GmsCore APK, remote loading disabled.
06-11 23:28:32.840 I/DynamiteModule(31777): Considering local module com.google.android.gms.measurement.dynamite:127 and remote module com.google.android.gms.measurement.dynamite:0
06-11 23:28:32.840 I/DynamiteModule(31777): Selected local version of com.google.android.gms.measurement.dynamite
06-11 23:28:32.843 E/DynamiteModule(31777): Invalid GmsCore APK, remote loading disabled.
06-11 23:28:32.852 D/Glide   ( 1773): Finished loading Bitmap from LOCAL for com.bumptech.glide.gifdecoder.StandardGifDecoder@8b54719 with size [314x176] in 16.015290999999998 ms
06-11 23:28:32.854 W/FA      (31777): Failed to register event listener on calling thread. Trying again on the dynamite thread.
06-11 23:28:32.855 D/SessionsDependencies(31777): Subscriber CRASHLYTICS registered.
06-11 23:28:32.863 D/stbdpc  (  397): STB_DPGetNumPaths[570]: num_paths: 1
06-11 23:28:32.884 D/Glide   ( 1773): Finished loading Bitmap from LOCAL for com.bumptech.glide.gifdecoder.StandardGifDecoder@8b54719 with size [314x176] in 7.506291999999999 ms
06-11 23:28:32.888 D/LifecycleServiceBinder(31777): Binding service to application.
06-11 23:28:32.890 I/FA      (31777): App measurement initialized, version: 106000
06-11 23:28:32.891 I/FA      (31777): To enable debug logging run: adb shell setprop log.tag.FA VERBOSE
06-11 23:28:32.892 I/FA      (31777): To enable faster debug mode event logging run:
06-11 23:28:32.892 I/FA      (31777):   adb shell setprop debug.firebase.analytics.app in.startv.hotstar
06-11 23:28:32.901 D/JioLauncher( 1773): overlay status check for wifi and bt remote false false
06-11 23:28:32.903 D/Match code1( 1439): 2
06-11 23:28:32.903 D/JIO_TR069-( 1439): Predefined List [com.jio.stb.catv, com.rjil.jiostbsetting, com.iwedia.ui.rjio.launcher.reliance, com.jio.stb.hotellauncher, com.jio.media.oberoi, com.jio.ott]
06-11 23:28:32.909 D/JIO_TR069-( 1439): Caller Package com.iwedia.ui.rjio.launcher.reliance
06-11 23:28:32.909 D/JIO_TR069-( 1439): White Listed Apps []
06-11 23:28:32.909 D/JIO_TR069-( 1439): Final White Listed Apps [com.jio.stb.catv, com.rjil.jiostbsetting, com.iwedia.ui.rjio.launcher.reliance, com.jio.stb.hotellauncher, com.jio.media.oberoi, com.jio.ott, ]
06-11 23:28:32.912 D/JioLauncher( 1773): network-type-------NonJioNetwork
06-11 23:28:32.921 D/JioLauncher( 1773): live-tv-previousIp-[/fe80::1%wlan0, /192.168.1.1]-newHost-[/fe80::1%wlan0, /192.168.1.1]
06-11 23:28:32.935 D/Glide   ( 1773): Finished loading Bitmap from LOCAL for com.bumptech.glide.gifdecoder.StandardGifDecoder@8b54719 with size [314x176] in 11.849459 ms
06-11 23:28:32.936 I/FirebaseInitProvider(31777): FirebaseApp initialization successful
06-11 23:28:32.946 D/WM-WrkMgrInitializer(31777): Initializing WorkManager with default configuration.
06-11 23:28:32.956 I/TetheringManager(31777): registerTetheringEventCallback:in.startv.hotstar
06-11 23:28:32.963 D/stbdpc  (  397): STB_DPGetNumPaths[570]: num_paths: 1
06-11 23:28:32.975 E/DynamiteModule(31777): Invalid GmsCore APK, remote loading disabled.
06-11 23:28:32.975 I/DynamiteModule(31777): Considering local module com.google.android.gms.cast_tv_dynamite:1 and remote module com.google.android.gms.cast_tv_dynamite:0
06-11 23:28:32.975 I/DynamiteModule(31777): Selected local version of com.google.android.gms.cast_tv_dynamite
06-11 23:28:32.979 D/Glide   ( 1773): Finished loading Bitmap from LOCAL for com.bumptech.glide.gifdecoder.StandardGifDecoder@8b54719 with size [314x176] in 15.477041999999999 ms
06-11 23:28:33.016 D/Glide   ( 1773): Finished loading Bitmap from LOCAL for com.bumptech.glide.gifdecoder.StandardGifDecoder@8b54719 with size [314x176] in 12.24 ms
06-11 23:28:33.024 I/AmFFmpegExtractor(  447): checkInList: isw:0, m:audio/mpeg, t:1, i:86017 t:0
06-11 23:28:33.024 I/AmFFmpegExtractor(  447): checkInList: isw:1, m:audio/mpeg, t:1, i:86017 t:0
06-11 23:28:33.024 E/AmFFmpegExtractor(  447): codec_ctx->properties: 0
06-11 23:28:33.024 I/AmFFmpegExtractor(  447): checkSupportInList ret 1
06-11 23:28:33.034 I/AmFFmpegExtractor(  447): checkInList: isw:0, m:audio/mpeg, t:1, i:86017 t:0
06-11 23:28:33.034 I/AmFFmpegExtractor(  447): checkInList: isw:1, m:audio/mpeg, t:1, i:86017 t:0
06-11 23:28:33.034 E/AmFFmpegExtractor(  447): codec_ctx->properties: 0
06-11 23:28:33.034 I/AmFFmpegExtractor(  447): checkSupportInList ret 0
06-11 23:28:33.035 E/AmFFmpegExtractor(  447): vendor do not support
06-11 23:28:33.036 E/Utils   (  447): did not find channel-count and/or sample-rate
06-11 23:28:33.052 D/Glide   ( 1773): Finished loading Bitmap from LOCAL for com.bumptech.glide.gifdecoder.StandardGifDecoder@8b54719 with size [314x176] in 8.427208 ms
06-11 23:28:33.061 I/AmAVUtils(31777): AmAVUtils, GITINFO : d32b3814175617bb24dd0965983e5642c803ab3a(drm.autobuild  Mon Oct 18 12:59:01 CST 2021)
06-11 23:28:33.061 I/AmAVUtils(31777): set profile 0 level:0
06-11 23:28:33.063 D/stbdpc  (  397): STB_DPGetNumPaths[570]: num_paths: 1
06-11 23:28:33.065 D/dvb_iptv(  397): ReadEmmNetworkTask[1537]: EMM Select Timeout Occured 60
06-11 23:28:33.065 D/stbresmgr(  397): STB_RESNumTuners[315]: num_tuners: 3
06-11 23:28:33.065 E/dvb_iptv(  397): IPTV_GetDvbIpPacketDetails[684]: No valid ECM iptv_handle
06-11 23:28:33.065 D/dvb_iptv(  397): IPTV_GetDvbIpPacketDetails[688]: EMM Pkt stat received_packets:0 lost_packets:0 recov_packets:0 
06-11 23:28:33.065 D/dvb_iptv(  397): getPktDetailOnRetry[710]: Failed to fetch packet details
06-11 23:28:33.065 D/dvb_iptv(  397): ReadEmmNetworkTask[1560]: dsc state not 1
06-11 23:28:33.065 D/dvb_iptv(  397): ReadEmmNetworkTask[1582]: signal emm restart thread
06-11 23:28:33.065 D/dvb_iptv(  397): IPTV_Emm_Stop[2245]: IPTV_Emm_Stop called
06-11 23:28:33.065 D/ltts_ip_emm(  397): CloseEmmCasSession[446]: EMM CAS CloseSession CASSession ID:f07c2c00
06-11 23:28:33.065 I/Aml_MP  (  397): AmlVMXIptvCas_V2 dtor AmlVMXIptvCas_V2
06-11 23:28:33.065 I/Aml_MP  (  397): AmCasLibWrapper [~AmCasLibWrapper:47] 
06-11 23:28:33.065 D/am_cas_api(  397): [releaseAmCas/294]
06-11 23:28:33.065 V/AVPIPTV (  397): [0] ~AmCasIPTVSC2 at # 707, class_instance_index=0
06-11 23:28:33.065 I/Aml_MP  (  397): AmCasLibWrapper delete mCasObj
06-11 23:28:33.065 I/Aml_MP  (  397): AmlCasBase [~AmlCasBase:89] 
06-11 23:28:33.065 D/ltts_ip_emm(  397): CloseEmmCasSession[450]: Aml_MP_CAS_CloseSession_Emm | ret_Aml: 0
06-11 23:28:33.069 D/CCodec  (31777): allocate(c2.android.mp3.decoder)
06-11 23:28:33.076 I/Codec2Client(31777): Available Codec2 services: "software"
06-11 23:28:33.079 D/rtk_heartbeat(  349): heartbeat_timed_out: heartbeatCmdCount = 10521, expected nextSeqNum = 10521
06-11 23:28:33.080 V/C2Store (  477): in init
06-11 23:28:33.080 V/C2Store (  477): loading dll
06-11 23:28:33.080 D/rtk_heartbeat(  349): rtkbt_heartbeat_cmpl_cback: Current SeqNum = 10521,should SeqNum=10521, status = 0
06-11 23:28:33.090 I/CCodec  (31777): Created component [c2.android.mp3.decoder]
06-11 23:28:33.090 D/CCodecConfig(31777): read media type: audio/mpeg
06-11 23:28:33.093 D/ReflectedParamUpdater(31777): extent() != 1 for single value type: algo.buffers.max-count.values
06-11 23:28:33.094 D/ReflectedParamUpdater(31777): extent() != 1 for single value type: output.subscribed-indices.values
06-11 23:28:33.094 D/ReflectedParamUpdater(31777): extent() != 1 for single value type: input.buffers.allocator-ids.values
06-11 23:28:33.094 D/ReflectedParamUpdater(31777): extent() != 1 for single value type: output.buffers.allocator-ids.values
06-11 23:28:33.094 D/ReflectedParamUpdater(31777): extent() != 1 for single value type: algo.buffers.allocator-ids.values
06-11 23:28:33.094 D/ReflectedParamUpdater(31777): extent() != 1 for single value type: output.buffers.pool-ids.values
06-11 23:28:33.096 D/ReflectedParamUpdater(31777): extent() != 1 for single value type: algo.buffers.pool-ids.values
06-11 23:28:33.101 I/CCodecConfig(31777): query failed after returning 7 values (BAD_INDEX)
06-11 23:28:33.102 D/CCodecConfig(31777): c2 config diff is Dict {
06-11 23:28:33.102 D/CCodecConfig(31777):   c2::u32 coded.bitrate.value = 64000
06-11 23:28:33.102 D/CCodecConfig(31777):   c2::u32 input.buffers.max-size.value = 8192
06-11 23:28:33.102 D/CCodecConfig(31777):   c2::u32 input.delay.value = 0
06-11 23:28:33.102 D/CCodecConfig(31777):   string input.media-type.value = "audio/mpeg"
06-11 23:28:33.102 D/CCodecConfig(31777):   string output.media-type.value = "audio/raw"
06-11 23:28:33.102 D/CCodecConfig(31777):   c2::u32 raw.channel-count.value = 2
06-11 23:28:33.102 D/CCodecConfig(31777):   c2::u32 raw.sample-rate.value = 44100
06-11 23:28:33.102 D/CCodecConfig(31777): }
06-11 23:28:33.102 D/ConnectivityService(  633): NetReassign [no changes]
06-11 23:28:33.104 V/DigitalSignage(  633): Package Name: null
06-11 23:28:33.104 V/DigitalSignage(  633): Left: 0
06-11 23:28:33.104 V/DigitalSignage(  633): Right: 0
06-11 23:28:33.104 V/DigitalSignage(  633): Top: 0
06-11 23:28:33.104 V/DigitalSignage(  633): Bottom: 0
06-11 23:28:33.104 D/DigitalSignage(  633): else - Package Name :: null left : 0 right :: 0 top :: 0 bottom :: 0 dfu-right :: 1920 dfu-bottom :: 1080
06-11 23:28:33.105 D/CCodec  (31777): [c2.android.mp3.decoder] buffers are bound to CCodec for this session
06-11 23:28:33.105 D/CCodecConfig(31777): no c2 equivalents for durationUs
06-11 23:28:33.105 D/CCodecConfig(31777): no c2 equivalents for track-id
06-11 23:28:33.105 D/CCodecConfig(31777): no c2 equivalents for encoder-delay
06-11 23:28:33.105 D/CCodecConfig(31777): no c2 equivalents for encoder-padding
06-11 23:28:33.105 D/CCodecConfig(31777): no c2 equivalents for flags
06-11 23:28:33.105 D/Glide   ( 1773): Finished loading Bitmap from LOCAL for com.bumptech.glide.gifdecoder.StandardGifDecoder@8b54719 with size [314x176] in 21.598333999999998 ms
06-11 23:28:33.106 D/CCodecConfig(31777): c2 config diff is   c2::u32 raw.channel-count.value = 1
06-11 23:28:33.106 D/CCodecConfig(31777):   c2::u32 raw.sample-rate.value = 48000
06-11 23:28:33.107 W/Codec2Client(31777): query -- param skipped: index = 1107298332.
06-11 23:28:33.107 D/CCodec  (31777): setup formats input: AMessage(what = 0x00000000) = {
06-11 23:28:33.107 D/CCodec  (31777):   int32_t channel-count = 1
06-11 23:28:33.107 D/CCodec  (31777):   int32_t max-input-size = 8192
06-11 23:28:33.107 D/CCodec  (31777):   string mime = "audio/mpeg"
06-11 23:28:33.107 D/CCodec  (31777):   int32_t sample-rate = 48000
06-11 23:28:33.107 D/CCodec  (31777): } and output: AMessage(what = 0x00000000) = {
06-11 23:28:33.107 D/CCodec  (31777):   int32_t channel-count = 1
06-11 23:28:33.107 D/CCodec  (31777):   string mime = "audio/raw"
06-11 23:28:33.107 D/CCodec  (31777):   int32_t sample-rate = 48000
06-11 23:28:33.107 D/CCodec  (31777):   int32_t encoder-delay = 576
06-11 23:28:33.107 D/CCodec  (31777):   int32_t encoder-padding = 1152
06-11 23:28:33.107 D/CCodec  (31777): }
06-11 23:28:33.110 W/Codec2Client(31777): query -- param skipped: index = 1342179345.
06-11 23:28:33.110 W/Codec2Client(31777): query -- param skipped: index = 2415921170.
06-11 23:28:33.113 E/FMQ     (31777): grantorIdx must be less than 3
06-11 23:28:33.115 E/FMQ     (31777): grantorIdx must be less than 3
06-11 23:28:33.115 D/CCodecBufferChannel(31777): [c2.android.mp3.decoder#46] Created input block pool with allocatorID 16 => poolID 17 - OK (0)
06-11 23:28:33.117 E/FMQ     (  477): grantorIdx must be less than 3
06-11 23:28:33.117 E/FMQ     (  477): grantorIdx must be less than 3
06-11 23:28:33.119 I/CCodecBufferChannel(31777): [c2.android.mp3.decoder#46] Created output block pool with allocatorID 16 => poolID 237 - OK
06-11 23:28:33.119 D/CCodecBufferChannel(31777): [c2.android.mp3.decoder#46] Configured output block pool ids 237 => OK
06-11 23:28:33.120 E/ion     (31777): ioctl c0044901 failed with code -1: Inappropriate ioctl for device
06-11 23:28:33.123 E/BufferQueueProducer(  393): [com.iwedia.ui.rjio.launcher.reliance/com.iwedia.ui.rjio.launcher.ui.intro.IntroActivity#0](id:18900000112,api:0,p:-1,c:393) disconnect: not connected (req=1)
06-11 23:28:33.123 W/libEGL  ( 1773): EGLNativeWindowType 0xf4583c08 disconnect failed
06-11 23:28:33.125 V/DigitalSignage(  633): Package Name: null
06-11 23:28:33.125 V/DigitalSignage(  633): Left: 0
06-11 23:28:33.125 V/DigitalSignage(  633): Right: 0
06-11 23:28:33.125 V/DigitalSignage(  633): Top: 0
06-11 23:28:33.125 V/DigitalSignage(  633): Bottom: 0
06-11 23:28:33.125 D/DigitalSignage(  633): else - Package Name :: null left : 0 right :: 0 top :: 0 bottom :: 0 dfu-right :: 1920 dfu-bottom :: 1080
06-11 23:28:33.130 D/SimpleC2Component(  477): Using output block pool with poolID 237 => got 237 - 0
06-11 23:28:33.134 W/GooglePlayServicesUtil(31777): in.startv.hotstar requires the Google Play Store, but it is missing.
06-11 23:28:33.135 W/FA      (31777): Service invalid
06-11 23:28:33.143 E/FMQ     (31777): grantorIdx must be less than 3
06-11 23:28:33.144 E/FMQ     (  477): grantorIdx must be less than 3
06-11 23:28:33.147 I/C2SoftMp3Dec(  477): Reconfiguring decoder: 0->48000 Hz, 0->1 channels
06-11 23:28:33.152 E/FMQ     (  477): grantorIdx must be less than 3
06-11 23:28:33.153 I/appium  (31709): The following attributes will be included to the page source: [resource-id]
06-11 23:28:33.154 E/FMQ     (31777): grantorIdx must be less than 3
06-11 23:28:33.158 D/CCodecBuffers(31777): [c2.android.mp3.decoder#46:Output[N]] popFromStashAndRegister: output format changed to AMessage(what = 0x00000000) = {
06-11 23:28:33.158 D/CCodecBuffers(31777):   int32_t channel-count = 1
06-11 23:28:33.158 D/CCodecBuffers(31777):   string mime = "audio/raw"
06-11 23:28:33.158 D/CCodecBuffers(31777):   int32_t sample-rate = 48000
06-11 23:28:33.158 D/CCodecBuffers(31777):   int32_t encoder-delay = 576
06-11 23:28:33.158 D/CCodecBuffers(31777):   int32_t encoder-padding = 1152
06-11 23:28:33.158 D/CCodecBuffers(31777): }
06-11 23:28:33.163 D/stbdpc  (  397): STB_DPGetNumPaths[570]: num_paths: 1
06-11 23:28:33.229 D/JioStbInactivityTimer(  926): Timer: count 15 warningTimeout:10680 timeout:10800
06-11 23:28:33.229 D/JioStbInactivityTimer(  926): isUserActive: Curr:10527488 Prev:10527488
06-11 23:28:33.231 I/FirebaseCrashlytics(31777): Saved version control info
06-11 23:28:33.263 D/stbdpc  (  397): STB_DPGetNumPaths[570]: num_paths: 1
06-11 23:28:33.268 D/ltts_ip_emm(  397): LTTS_IP_DMXStartEMM[381]: parse_emm_cat_status failed
06-11 23:28:33.363 D/stbdpc  (  397): STB_DPGetNumPaths[570]: num_paths: 1
06-11 23:28:33.464 D/stbdpc  (  397): STB_DPGetNumPaths[570]: num_paths: 1
06-11 23:28:33.545 I/hw-BpHwBinder(31777): onLastStrongRef automatically unlinking death recipients
06-11 23:28:33.546 I/hw-BpHwBinder(  477): onLastStrongRef automatically unlinking death recipients
06-11 23:28:33.548 V/C2Store (  477): in ~ComponentModule
06-11 23:28:33.548 V/C2Store (  477): unloading dll
06-11 23:28:33.564 D/stbdpc  (  397): STB_DPGetNumPaths[570]: num_paths: 1
06-11 23:28:33.565 D/dvb_iptv(  397): ReadEmmNetworkTask[1537]: EMM Select Timeout Occured 1
06-11 23:28:33.565 D/stbhwnet(  397): STB_NWDropMembership[1331]: using IPV6 protocol in dropmembership
06-11 23:28:33.565 D/stbhwnet(  397): STB_NWDropMembership[1335]: group_address: '232.24.3.241', source_address: '10.70.220.50'
06-11 23:28:33.565 D/stbhwnet(  397): STB_NWDropMembership[1353]: src url SSM enabled
06-11 23:28:33.566 D/stbhwnet(  397): get_any_multicast_interface[1061]: Found g_nw_interface wlan0, ifindex 8
06-11 23:28:33.566 D/stbhwnet(  397): STB_NWDropMembership[1376]: sockopt_ret: 92 | Protocol not available
06-11 23:28:33.567 D/stbhwnet(  397): STB_NWDropMembership[1377]: Adding source multicast group error
06-11 23:28:33.567 D/stbhwnet(  397): STB_NWDropMembership[1331]: using IPV6 protocol in dropmembership
06-11 23:28:33.567 D/stbhwnet(  397): STB_NWDropMembership[1335]: group_address: '232.24.3.241', source_address: '10.70.220.50'
06-11 23:28:33.567 D/stbhwnet(  397): STB_NWDropMembership[1353]: src url SSM enabled
06-11 23:28:33.567 D/stbhwnet(  397): get_any_multicast_interface[1061]: Found g_nw_interface wlan0, ifindex 8
06-11 23:28:33.567 D/stbhwnet(  397): STB_NWDropMembership[1376]: sockopt_ret: 92 | Protocol not available
06-11 23:28:33.567 D/stbhwnet(  397): STB_NWDropMembership[1377]: Adding source multicast group error
06-11 23:28:33.567 D/stbhwnet(  397): STB_NWDropMembership[1331]: using IPV6 protocol in dropmembership
06-11 23:28:33.567 D/stbhwnet(  397): STB_NWDropMembership[1335]: group_address: '232.24.3.241', source_address: '10.70.220.50'
06-11 23:28:33.567 D/stbhwnet(  397): STB_NWDropMembership[1353]: src url SSM enabled
06-11 23:28:33.568 D/stbhwnet(  397): get_any_multicast_interface[1061]: Found g_nw_interface wlan0, ifindex 8
06-11 23:28:33.568 D/stbhwnet(  397): STB_NWDropMembership[1376]: sockopt_ret: 92 | Protocol not available
06-11 23:28:33.568 D/stbhwnet(  397): STB_NWDropMembership[1377]: Adding source multicast group error
06-11 23:28:33.568 D/stbhwnet(  397): STB_NWDropMembership[1331]: using IPV6 protocol in dropmembership
06-11 23:28:33.568 D/stbhwnet(  397): STB_NWDropMembership[1335]: group_address: '232.24.3.241', source_address: '10.70.220.50'
06-11 23:28:33.568 D/stbhwnet(  397): STB_NWDropMembership[1353]: src url SSM enabled
06-11 23:28:33.569 D/stbhwnet(  397): get_any_multicast_interface[1061]: Found g_nw_interface wlan0, ifindex 8
06-11 23:28:33.569 D/stbhwnet(  397): STB_NWDropMembership[1376]: sockopt_ret: 92 | Protocol not available
06-11 23:28:33.569 D/stbhwnet(  397): STB_NWDropMembership[1377]: Adding source multicast group error
06-11 23:28:33.569 E/DvbiInterface(  397): StopStartcurrentemmsession[1192]: sucessfully stop the emm session
06-11 23:28:33.575 V/RootBeer(31777): b: a() [44] - /system/xbin/su binary detected!
06-11 23:28:33.619 I/thermal2(  367): Sending notification:  Type: CPU Name: soc_thermal CurrentValue: 66.1 ThrottlingStatus: LIGHT
06-11 23:28:33.619 I/ThermalService(  969): CPU temperatures: [66.100006]
06-11 23:28:33.639 I/FA      (31777): Tag Manager is not found and thus will not be used
06-11 23:28:33.643 W/GooglePlayServicesUtil(31777): Google Play services is missing.
06-11 23:28:33.646 D/SessionLifecycleClient(31777): Queued message 1. Queue size 1
06-11 23:28:33.663 D/SessionLifecycleService(31777): Service bound to new client on process 31777
06-11 23:28:33.664 D/stbdpc  (  397): STB_DPGetNumPaths[570]: num_paths: 1
06-11 23:28:33.666 I/Choreographer(31777): Skipped 43 frames!  The application may be doing too much work on its main thread.
06-11 23:28:33.679 D/SessionLifecycleService(31777): App has not yet foregrounded. Using previously stored session.
06-11 23:28:33.679 V/DigitalSignage(  633): Package Name: null
06-11 23:28:33.679 D/SessionLifecycleService(31777): Client android.os.Messenger@8c8e0c8 bound at 10544817. Clients: 1
06-11 23:28:33.679 V/DigitalSignage(  633): Left: 0
06-11 23:28:33.679 V/DigitalSignage(  633): Right: 0
06-11 23:28:33.679 V/DigitalSignage(  633): Top: 0
06-11 23:28:33.679 V/DigitalSignage(  633): Bottom: 0
06-11 23:28:33.679 D/DigitalSignage(  633): else - Package Name :: null left : 0 right :: 0 top :: 0 bottom :: 0 dfu-right :: 1920 dfu-bottom :: 1080
06-11 23:28:33.680 V/DigitalSignage(  633): Package Name: null
06-11 23:28:33.680 V/DigitalSignage(  633): Left: 0
06-11 23:28:33.680 V/DigitalSignage(  633): Right: 0
06-11 23:28:33.680 V/DigitalSignage(  633): Top: 0
06-11 23:28:33.680 V/DigitalSignage(  633): Bottom: 0
06-11 23:28:33.680 D/DigitalSignage(  633): else - Package Name :: null left : 0 right :: 0 top :: 0 bottom :: 0 dfu-right :: 1920 dfu-bottom :: 1080
06-11 23:28:33.698 I/hwservicemanager(  233): getTransport: Cannot find entry android.hardware.configstore@1.0::ISurfaceFlingerConfigs/default in either framework or device manifest.
06-11 23:28:33.755 I/OpenGLRenderer(31777): Davey! duration=807ms; Flags=1, IntendedVsync=10544100932442, Vsync=10544818315761, OldestInputEvent=9223372036854775807, NewestInputEvent=0, HandleInputStart=10544819352901, AnimationStart=10544819356443, PerformTraversalsStart=10544819677818, DrawStart=10544879844276, SyncQueued=10544882893860, SyncStart=10544883994485, IssueDrawCommandsStart=10544884202735, SwapBuffers=10544907344610, FrameCompleted=10544909063360, DequeueBufferDuration=182125, QueueBufferDuration=794125, GpuCompleted=0, 
06-11 23:28:33.757 V/DigitalSignage(  633): Package Name: null
06-11 23:28:33.757 V/DigitalSignage(  633): Left: 0
06-11 23:28:33.757 V/DigitalSignage(  633): Right: 0
06-11 23:28:33.757 V/DigitalSignage(  633): Top: 0
06-11 23:28:33.757 V/DigitalSignage(  633): Bottom: 0
06-11 23:28:33.757 D/DigitalSignage(  633): else - Package Name :: null left : 0 right :: 0 top :: 0 bottom :: 0 dfu-right :: 1920 dfu-bottom :: 1080
06-11 23:28:33.757 V/DigitalSignage(  633): Package Name: null
06-11 23:28:33.757 V/DigitalSignage(  633): Left: 0
06-11 23:28:33.757 V/DigitalSignage(  633): Right: 0
06-11 23:28:33.757 V/DigitalSignage(  633): Top: 0
06-11 23:28:33.757 V/DigitalSignage(  633): Bottom: 0
06-11 23:28:33.758 D/DigitalSignage(  633): else - Package Name :: null left : 0 right :: 0 top :: 0 bottom :: 0 dfu-right :: 1920 dfu-bottom :: 1080
06-11 23:28:33.761 V/DigitalSignage(  633): Package Name: null
06-11 23:28:33.761 V/DigitalSignage(  633): Left: 0
06-11 23:28:33.761 V/DigitalSignage(  633): Right: 0
06-11 23:28:33.761 V/DigitalSignage(  633): Top: 0
06-11 23:28:33.761 V/DigitalSignage(  633): Bottom: 0
06-11 23:28:33.761 D/DigitalSignage(  633): else - Package Name :: null left : 0 right :: 0 top :: 0 bottom :: 0 dfu-right :: 1920 dfu-bottom :: 1080
06-11 23:28:33.762 V/DigitalSignage(  633): Package Name: null
06-11 23:28:33.762 V/DigitalSignage(  633): Left: 0
06-11 23:28:33.762 V/DigitalSignage(  633): Right: 0
06-11 23:28:33.762 V/DigitalSignage(  633): Top: 0
06-11 23:28:33.762 V/DigitalSignage(  633): Bottom: 0
06-11 23:28:33.762 D/DigitalSignage(  633): else - Package Name :: null left : 0 right :: 0 top :: 0 bottom :: 0 dfu-right :: 1920 dfu-bottom :: 1080
06-11 23:28:33.764 D/stbdpc  (  397): STB_DPGetNumPaths[570]: num_paths: 1
06-11 23:28:33.766 I/tomator2.serve(31709): Background young concurrent copying GC freed 35712(1890KB) AllocSpace objects, 8(608KB) LOS objects, 0% free, 13MB/13MB, paused 78us total 308.131ms
06-11 23:28:33.789 I/ActivityTaskManager(  633): Displayed in.startv.hotstar/com.hotstar.MainActivity: +1s166ms
06-11 23:28:33.796 V/DigitalSignage(  633): Package Name: null
06-11 23:28:33.796 V/DigitalSignage(  633): Left: 0
06-11 23:28:33.796 V/DigitalSignage(  633): Right: 0
06-11 23:28:33.796 V/DigitalSignage(  633): Top: 0
06-11 23:28:33.796 V/DigitalSignage(  633): Bottom: 0
06-11 23:28:33.796 D/DigitalSignage(  633): else - Package Name :: null left : 0 right :: 0 top :: 0 bottom :: 0 dfu-right :: 1920 dfu-bottom :: 1080
06-11 23:28:33.796 V/DigitalSignage(  633): Package Name: null
06-11 23:28:33.796 V/DigitalSignage(  633): Left: 0
06-11 23:28:33.796 V/DigitalSignage(  633): Right: 0
06-11 23:28:33.796 V/DigitalSignage(  633): Top: 0
06-11 23:28:33.796 V/DigitalSignage(  633): Bottom: 0
06-11 23:28:33.797 D/DigitalSignage(  633): else - Package Name :: null left : 0 right :: 0 top :: 0 bottom :: 0 dfu-right :: 1920 dfu-bottom :: 1080
06-11 23:28:33.799 I/android.hardware.power-service.libperfmgr(  366): Power setBoost: INTERACTION duration: 0
06-11 23:28:33.799 I/libperfmgr(  366): Do Powerhint: INTERACTION
06-11 23:28:33.818 D/SessionLifecycleClient(31777): Connected to SessionLifecycleService. Queue size 1
06-11 23:28:33.826 D/SessionLifecycleClient(31777): Sending lifecycle 1 to service
06-11 23:28:33.826 D/SessionLifecycleService(31777): Activity foregrounding at 10544979.
06-11 23:28:33.826 D/SessionLifecycleService(31777): Cold start detected.
