06-11 15:57:40.821 D/CCodec  ( 2114):   int32_t sample-rate = 48000
06-11 15:57:40.821 D/CCodec  ( 2114):   int32_t encoder-delay = 576
06-11 15:57:40.821 D/CCodec  ( 2114):   int32_t encoder-padding = 1152
06-11 15:57:40.821 D/CCodec  ( 2114):   int32_t android._config-pcm-encoding = 2
06-11 15:57:40.821 D/CCodec  ( 2114): }
06-11 15:57:40.821 I/CCodecConfig( 2114): query failed after returning 7 values (BAD_INDEX)
06-11 15:57:40.822 W/Codec2Client( 2114): query -- param skipped: index = 1342179345.
06-11 15:57:40.822 W/Codec2Client( 2114): query -- param skipped: index = 2415921170.
06-11 15:57:40.825 W/GooglePlayServicesUtil( 2114): in.startv.hotstar requires the Google Play Store, but it is missing.
06-11 15:57:40.825 W/FA      ( 2114): Service invalid
06-11 15:57:40.833 D/C2Store ( 2114): Using ION
06-11 15:57:40.837 D/CCodecBufferChannel( 2114): [c2.android.mp3.decoder#755] Created input block pool with allocatorID 16 => poolID 17 - OK (0)
06-11 15:57:40.839 I/CCodecBufferChannel( 2114): [c2.android.mp3.decoder#755] Created output block pool with allocatorID 16 => poolID 116 - OK
06-11 15:57:40.839 D/CCodecBufferChannel( 2114): [c2.android.mp3.decoder#755] Configured output block pool ids 116 => OK
06-11 15:57:40.840 D/SimpleC2Component(  577): Using output block pool with poolID 116 => got 116 - 0
06-11 15:57:40.849 D/JioSettings(23032): A : nonInteractiveSleep: count::0::timeout::0
06-11 15:57:40.849 D/JioSettings(23032): A : inactivity: count::1::timeout::10680
06-11 15:57:40.851 D/JioSettings(23032): A : startScheduler::isScreenOFF::false::isMusicInProgress::false::isDreaming::false
06-11 15:57:40.851 D/JioSettings(23032): A : startScheduler::isInactivityReached::false::isInactivityOverlayShown::false
06-11 15:57:40.855 I/C2SoftMp3Dec(  577): Reconfiguring decoder: 0->48000 Hz, 0->1 channels
06-11 15:57:40.881 I/SystemControl(  343): [CPQControl]:GetEyeProtectionMode: mode is 0!
06-11 15:57:40.882 I/SystemControl(  343): [CPQControl]:GetDnlpMode success!
06-11 15:57:40.882 I/SystemControl(  343): [CPQControl]:GetDnlpMode, source_input = 10, mode is 2
06-11 15:57:40.908 I/SystemControl(  343): [CPQControl]:SetDnlpMode success!
06-11 15:57:40.910 I/SystemControl(  343): [CPQdb]:getRegValuesByValue, length = 11
06-11 15:57:40.915 I/SystemControl(  343): [CPQControl]:GetColorGamutMode:source:10, timming:1, value:0
06-11 15:57:40.915 I/SystemControl(  343): [CPQControl]:SetColorGamutMode, source:10, value:0
06-11 15:57:40.915 I/SystemControl(  343): [CPQControl]:SaveColorGamutMode:source:10, timming:1, value:0
06-11 15:57:40.919 I/SystemControl(  343): [CPQControl]:SaveColorGamutMode success
06-11 15:57:40.919 I/SystemControl(  343): [CPQControl]:SetColorGamutMode success
06-11 15:57:40.920 E/SystemControl(  343): [/SysWrite.cpp, writeSys, 264] writeSysFs, open /sys/class/afd_module/aspect_mode fail.
06-11 15:57:40.923 I/SystemControl(  343): [CPQControl]:SetHDRTMOMode, source: 10, mode = 1
06-11 15:57:40.924 E/SystemControl(  343): [CPQdb]:GetTableName GeneralHDRNodeTable don't have this table!
06-11 15:57:40.924 E/SystemControl(  343): [CPQControl]:mPQdb->PQ_GetHDRTMOParams failed!
06-11 15:57:40.924 E/SystemControl(  343): [CPQControl]:SetHDRTMOMode failed
06-11 15:57:40.942 E/SystemControl(  343): [CPQControl]:Memc module disabled!!!
06-11 15:57:40.944 I/SystemControl(  343): [CPQControl]:SetAiSrEnable isEnable = 1
06-11 15:57:40.944 I/SystemControl(  343): [CPQControl]:Cpq_SetAiSrEnable, Cpq_SetAiSrEnable
06-11 15:57:40.944 E/SystemControl(  343): [CPQControl]:Cpq_SetAiSrEnable disabled
06-11 15:57:40.952 E/QueryController( 2046): Got null root node from accessibility - Retrying...
06-11 15:57:40.970 I/SystemControl(  343): [CPQControl]:SetAiSrEnable success
06-11 15:57:40.970 I/SystemControl(  343): [CPQControl]:GetSmoothPlusMode, source: 10, value = 0
06-11 15:57:40.970 I/SystemControl(  343): [CPQControl]:Smooth Plus disabled
06-11 15:57:40.970 I/SystemControl(  343): [CPQControl]:Cpq_SetSmoothPlusMode success!
06-11 15:57:41.013 D/TrafficStats( 2114): tagSocket(89) with statsTag=0xffffffff, statsUid=-1
06-11 15:57:41.022 D/CompatibilityChangeReporter( 2114): Compat change id reported: 210923482; UID 10083; state: ENABLED
06-11 15:57:41.056 D/SessionLifecycleClient( 2114): Queued message 1. Queue size 1
06-11 15:57:41.066 D/SystemControl(  343): really getLastFrame 0 0
06-11 15:57:41.071 D/MesonDisplayServer(  282): setFrameRate frameRate 0.00
06-11 15:57:41.075 D/MesonHwc(  282): setFrameRate value:0.000000
06-11 15:57:41.076 D/MesonHwc(  282): [setActiveConfig] 0
06-11 15:57:41.076 D/MesonHwc(  282): RealModeMgr::setActiveConfig setMode: 2160p60hz, seamless:1
06-11 15:57:41.077 I/SystemControl(  343): set displaymode callback
06-11 15:57:41.077 I/SystemControl(  343): [/SystemControlHal.cpp, onDensityChange, 107] onDensityChange display:0, size:3840 2160
06-11 15:57:41.078 D/DisplayDensityManager(  948): processNamecom.droidlogic.tvinput
06-11 15:57:41.079 I/[17421.953496@0]  binder(    0): 343:347 transaction failed 29201/-1, size 80-0 line 2855
06-11 15:57:41.078 D/DisplayDensityManager(  912): processNamecom.droidlogic
06-11 15:57:41.078 D/DisplayDensityManager(  912): processNamecom.droidlogic
06-11 15:57:41.078 I/DisplayDensityManager(  912): getPrefDensity display { 3840x2160 width * 1.0f / mDefaultSize.getWidth()2.0&2.0
06-11 15:57:41.078 E/DisplayDensityManager(  912): density: 480 ->240 scaleSize:2.0
06-11 15:57:41.083 I/MesonHwc(  282): Crtc setMode: 2160p60hz
06-11 15:57:41.083 I/MesonHwc(  282): Crtc set fr hint: 6000
06-11 15:57:41.083 D/MesonHwc(  282): Update period fe502a->1312d00
06-11 15:57:41.083 D/MesonHwc(  282): Update period fe502a->1312d00
06-11 15:57:41.084 I/[17421.953546@0]  binder(    0): 343:347 transaction failed 29201/-1, size 80-0 line 2855
06-11 15:57:41.084 I/[17421.953578@0]  binder(    0): 343:347 transaction failed 29201/-1, size 80-0 line 2855
06-11 15:57:41.084 I/[17421.958672@1]  lcd(    0): [0]: lcd_set_vframe_rate_hint: fr_auto_flag = 0x1, duration = 6000, frame_rate = 60
06-11 15:57:41.084 I/[17421.958682@1]  lcd(    0): [0]: lcd_framerate_automation_set_mode
06-11 15:57:41.084 I/[17421.958688@1]  aml_media(    0): current vmode=2160p60hz, cmd: 0x10000
06-11 15:57:41.084 I/[17421.958695@1]  vlock(    0): event MODE_CHANGE_PRE 0
06-11 15:57:41.084 I/[17421.958717@1]  lcd(    0): [0]: lcd_vbyone_wait_stable status: 0x820, i=1
06-11 15:57:41.084 W/[17421.958731@1]  [RX]-rx_vrr_notify_handler(    0): vrr_min=48, vrr_max=60
06-11 15:57:41.084 I/[17421.958735@1]  aml_media(    0): current vmode=2160p60hz, cmd: 0x20000
06-11 15:57:41.084 I/[17421.958744@1]  DOLBY(    0): vout_notify_callback: VOUT_EVENT_MODE_CHANGE
06-11 15:57:41.084 I/[17421.958748@1]  vlock(    0): event MODE_CHANGE
06-11 15:57:41.084 I/        (    0): [17421.958752@1]  vsync_pts_inc 1500 1/60
06-11 15:57:41.073 W/DealyCheckFrame(  343): type=1400 audit(0.0:19996): avc: denied { call } for scontext=u:r:system_control:s0 tcontext=u:r:hal_oemlock_default:s0 tclass=binder permissive=0
06-11 15:57:41.073 W/DealyCheckFrame(  343): type=1400 audit(0.0:19997): avc: denied { call } for scontext=u:r:system_control:s0 tcontext=u:r:hal_oemlock_default:s0 tclass=binder permissive=0
06-11 15:57:41.087 D/CoreBackPreview(  631): Window{6665ae3 u0 in.startv.hotstar/com.hotstar.MainActivity}: Setting back callback OnBackInvokedCallbackInfo{mCallback=android.window.IOnBackInvokedCallback$Stub$Proxy@29eb99, mPriority=0}
06-11 15:57:41.088 I/FA      ( 2114): Tag Manager is not found and thus will not be used
06-11 15:57:41.094 W/GooglePlayServicesUtil( 2114): Google Play services is missing.
06-11 15:57:41.116 V/RootBeer( 2114): b: a() [44] - /system/xbin/su binary detected!
06-11 15:57:41.121 W/libc    ( 2114): Access denied finding property "vendor.mali.platform.config"
06-11 15:57:41.125 I/mali    ( 2114): Successfully parsed 1 environment variable(s) from /vendor/etc/mali_platform.config.
06-11 15:57:41.125 W/libc    ( 2114): Access denied finding property "vendor.mali.debug.config"
06-11 15:57:41.126 W/libc    ( 2114): Access denied finding property "vendor.mali.cctx_memory_class_unnamed"
06-11 15:57:41.126 W/libc    ( 2114): Access denied finding property "vendor.mali.cctx_memory_class_default_heap"
06-11 15:57:41.126 W/libc    ( 2114): Access denied finding property "vendor.mali.cctx_memory_class_base_internal"
06-11 15:57:41.126 W/libc    ( 2114): Access denied finding property "vendor.mali.cctx_memory_class_framepool"
06-11 15:57:41.126 W/libc    ( 2114): Access denied finding property "vendor.mali.cctx_memory_class_tiler"
06-11 15:57:41.126 W/libc    ( 2114): Access denied finding property "vendor.mali.cctx_memory_class_program"
06-11 15:57:41.126 W/libc    ( 2114): Access denied finding property "vendor.mali.cctx_memory_class_egl_color_plane"
06-11 15:57:41.126 W/libc    ( 2114): Access denied finding property "vendor.mali.cctx_memory_class_egl_color_plane_imported"
06-11 15:57:41.126 W/libc    ( 2114): Access denied finding property "vendor.mali.cctx_memory_class_vao"
06-11 15:57:41.127 W/libc    ( 2114): Access denied finding property "vendor.mali.cctx_memory_class_img"
06-11 15:57:41.127 W/libc    ( 2114): Access denied finding property "vendor.mali.cctx_memory_class_internal_surface"
06-11 15:57:41.127 W/libc    ( 2114): Access denied finding property "vendor.mali.cctx_memory_class_buf"
06-11 15:57:41.127 W/libc    ( 2114): Access denied finding property "vendor.mali.cctx_memory_class_crc"
06-11 15:57:41.127 W/libc    ( 2114): Access denied finding property "vendor.mali.cctx_memory_class_cpom_hmem"
06-11 15:57:41.127 W/libc    ( 2114): Access denied finding property "vendor.mali.cctx_memory_class_cpom_rsd"
06-11 15:57:41.127 W/libc    ( 2114): Access denied finding property "vendor.mali.cctx_memory_class_cpom_mbs2"
06-11 15:57:41.127 W/libc    ( 2114): Access denied finding property "vendor.mali.cctx_memory_class_cpom_static"
06-11 15:57:41.127 W/libc    ( 2114): Access denied finding property "vendor.mali.cctx_memory_class_cframe_hmem"
06-11 15:57:41.127 W/libc    ( 2114): Access denied finding property "vendor.mali.cctx_memory_class_cframe_sample_pos"
06-11 15:57:41.127 W/libc    ( 2114): Access denied finding property "vendor.mali.cctx_memory_class_cframe_discard"
06-11 15:57:41.127 W/libc    ( 2114): Access denied finding property "vendor.mali.cctx_memory_class_cframe_tess_geom"
06-11 15:57:41.128 W/libc    ( 2114): Access denied finding property "vendor.mali.cctx_memory_class_cobj_hmem"
06-11 15:57:41.128 W/libc    ( 2114): Access denied finding property "vendor.mali.cctx_memory_class_cmar_hmem"
06-11 15:57:41.128 W/libc    ( 2114): Access denied finding property "vendor.mali.cctx_memory_class_cmar_prof_dump"
06-11 15:57:41.128 W/libc    ( 2114): Access denied finding property "vendor.mali.cctx_memory_class_cblend_hmem"
06-11 15:57:41.128 W/libc    ( 2114): Access denied finding property "vendor.mali.cctx_memory_class_gles_hmem"
06-11 15:57:41.128 W/libc    ( 2114): Access denied finding property "vendor.mali.cctx_memory_class_gles_query"
06-11 15:57:41.128 W/libc    ( 2114): Access denied finding property "vendor.mali.cctx_memory_class_gles_query_host"
06-11 15:57:41.128 W/libc    ( 2114): Access denied finding property "vendor.mali.cctx_memory_class_gles_multiview"
06-11 15:57:41.128 W/libc    ( 2114): Access denied finding property "vendor.mali.cctx_memory_class_cdeps_hmem"
06-11 15:57:41.129 W/libc    ( 2114): Access denied finding property "vendor.mali.cctx_memory_class_cmem_suballoc"
06-11 15:57:41.129 W/libc    ( 2114): Access denied finding property "vendor.mali.cctx_memory_class_cmem_hoard"
06-11 15:57:41.129 W/libc    ( 2114): Access denied finding property "vendor.mali.cctx_memory_class_cmem_registry"
06-11 15:57:41.129 W/libc    ( 2114): Access denied finding property "vendor.mali.cctx_memory_class_cl_payload"
06-11 15:57:41.129 W/libc    ( 2114): Access denied finding property "vendor.mali.cctx_memory_class_cl_wlm_tls"
06-11 15:57:41.129 W/libc    ( 2114): Access denied finding property "vendor.mali.cctx_memory_class_cl_hmem"
06-11 15:57:41.129 W/libc    ( 2114): Access denied finding property "vendor.mali.cctx_memory_class_cl_svm"
06-11 15:57:41.129 W/libc    ( 2114): Access denied finding property "vendor.mali.cctx_memory_class_cl_protected"
06-11 15:57:41.129 W/libc    ( 2114): Access denied finding property "vendor.mali.cctx_memory_class_cinstr"
06-11 15:57:41.129 W/libc    ( 2114): Access denied finding property "vendor.mali.cctx_memory_class_gfx_device_memory_cpu_uncached"
06-11 15:57:41.129 W/libc    ( 2114): Access denied finding property "vendor.mali.cctx_memory_class_gfx_device_memory_cpu_cached"
06-11 15:57:41.129 W/libc    ( 2114): Access denied finding property "vendor.mali.cctx_memory_class_gfx_device_memory_transient"
06-11 15:57:41.130 W/libc    ( 2114): Access denied finding property "vendor.mali.cctx_memory_class_gfx_device_memory_protected"
06-11 15:57:41.130 W/libc    ( 2114): Access denied finding property "vendor.mali.cctx_memory_class_gfx_device_external"
06-11 15:57:41.130 W/libc    ( 2114): Access denied finding property "vendor.mali.cctx_memory_class_gfx_device_external_swapchain"
06-11 15:57:41.130 W/libc    ( 2114): Access denied finding property "vendor.mali.cctx_memory_class_gfx_device_internal"
06-11 15:57:41.130 W/libc    ( 2114): Access denied finding property "vendor.mali.cctx_memory_class_gfx_device_internal_host"
06-11 15:57:41.130 W/libc    ( 2114): Access denied finding property "vendor.mali.cctx_memory_class_gfx_device_internal_protected"
06-11 15:57:41.130 W/libc    ( 2114): Access denied finding property "vendor.mali.cctx_memory_class_gfx_device_internal_transient"
06-11 15:57:41.130 W/libc    ( 2114): Access denied finding property "vendor.mali.cctx_memory_class_gfx_descriptor_pool"
06-11 15:57:41.130 W/libc    ( 2114): Access denied finding property "vendor.mali.cctx_memory_class_gfx_command_allocator"
06-11 15:57:41.131 W/libc    ( 2114): Access denied finding property "vendor.mali.cctx_memory_class_gfx_command_allocator_host"
06-11 15:57:41.131 W/libc    ( 2114): Access denied finding property "vendor.mali.cctx_memory_class_gfx_command_allocator_protected"
06-11 15:57:41.131 W/libc    ( 2114): Access denied finding property "vendor.mali.cctx_memory_class_vk_bound_buffer"
06-11 15:57:41.131 W/libc    ( 2114): Access denied finding property "vendor.mali.cctx_memory_class_vk_bound_image"
06-11 15:57:41.131 W/libc    ( 2114): Access denied finding property "vendor.mali.cctx_memory_class_cmar_signal"
06-11 15:57:41.131 W/libc    ( 2114): Access denied finding property "vendor.mali.cctx_memory_class_cmar_flush_chain"
06-11 15:57:41.131 W/libc    ( 2114): Access denied finding property "vendor.mali.cctx_memory_class_cmar_metadata_list"
06-11 15:57:41.131 W/libc    ( 2114): Access denied finding property "vendor.mali.cctx_memory_class_jit"
06-11 15:57:41.132 W/libc    ( 2114): Access denied finding property "vendor.mali.cctx_memory_class_mmu"
06-11 15:57:41.132 W/libc    ( 2114): Access denied finding property "vendor.mali.osu_protected_memory_heap_name"
06-11 15:57:41.132 W/libc    ( 2114): Access denied finding property "vendor.mali.osu_ion_protected_memory_heap_name"
06-11 15:57:41.132 W/libc    ( 2114): Access denied finding property "vendor.mali.platform_agt_frequency_khz"
06-11 15:57:41.133 W/libc    ( 2114): Access denied finding property "vendor.mali.hal_dump_dir"
06-11 15:57:41.136 W/libc    ( 2114): Access denied finding property "vendor.mali.platform.config"
06-11 15:57:41.136 I/mali    ( 2114): Successfully parsed 1 environment variable(s) from /vendor/etc/mali_platform.config.
06-11 15:57:41.136 W/libc    ( 2114): Access denied finding property "vendor.mali.debug.config"
06-11 15:57:41.150 I/hwservicemanager(  234): getTransport: Cannot find entry android.hardware.configstore@1.0::ISurfaceFlingerConfigs/default in either framework or device VINTF manifest.
06-11 15:57:41.191 I/servicemanager(  233): Could not find android.hardware.graphics.allocator.IAllocator/default in the VINTF manifest.
06-11 15:57:41.219 W/Parcel  ( 2114): Expecting binder but got null!
06-11 15:57:41.225 D/SessionLifecycleService( 2114): Service bound to new client on process 2114
06-11 15:57:41.227 D/SessionLifecycleService( 2114): App has not yet foregrounded. Using previously stored session.
06-11 15:57:41.228 D/SessionLifecycleService( 2114): Client android.os.Messenger@ac596be bound at 17422097. Clients: 1
06-11 15:57:41.245 I/ActivityTaskManager(  631): Displayed in.startv.hotstar/com.hotstar.MainActivity: +1s236ms
06-11 15:57:41.255 D/SessionLifecycleClient( 2114): Connected to SessionLifecycleService. Queue size 1
06-11 15:57:41.257 D/SessionLifecycleClient( 2114): Sending lifecycle 1 to service
06-11 15:57:41.260 D/SessionLifecycleService( 2114): Activity foregrounding at 17422130.
06-11 15:57:41.261 D/SessionLifecycleService( 2114): Cold start detected.
06-11 15:57:41.261 D/SessionLifecycleService( 2114): Generated new session.
06-11 15:57:41.262 D/SessionLifecycleService( 2114): Broadcasting new session
06-11 15:57:41.264 V/InputMethodManagerService(  631): startInputOrWindowGainedFocusInternalLocked: reason=WINDOW_FOCUS_GAIN client=android.os.BinderProxy@d026cc8 inputContext=null attribute=android.view.inputmethod.EditorInfo@b39b36 startInputFlags=VIEW_HAS_FOCUS|INITIAL_CONNECTION softInputMode=STATE_UNSPECIFIED|ADJUST_PAN|IS_FORWARD_NAVIGATION windowFlags=#81810100 unverifiedTargetSdkVersion=34 imeDispatcher=android.window.ImeOnBackInvokedDispatcher@787ba37
06-11 15:57:41.264 D/CompatibilityChangeReporter(  631): Compat change id reported: 214016041; UID 10083; state: ENABLED
06-11 15:57:41.264 V/InputMethodManagerService(  631): Unspecified window will hide input
06-11 15:57:41.265 V/InputMethodManagerService(  631): unbindCurrentInputLocked: client=android.os.BinderProxy@95b2cf8
06-11 15:57:41.265 V/InputMethodMenuController(  631): Hide switching menu
06-11 15:57:41.265 V/InputMethodManagerService(  631): Creating new session for client ClientState{d113ba4 uid=10083 pid=2114 displayId=0}
06-11 15:57:41.265 V/InputMethodManagerService(  631): Creating new accessibility sessions for client ClientState{d113ba4 uid=10083 pid=2114 displayId=0}
06-11 15:57:41.267 D/CCodecBufferChannel( 2114): [c2.android.mp3.decoder#755] MediaCodec discarded an unknown buffer
06-11 15:57:41.268 D/CCodecBufferChannel( 2114): [c2.android.mp3.decoder#755] MediaCodec discarded an unknown buffer
06-11 15:57:41.268 D/CCodecBufferChannel( 2114): [c2.android.mp3.decoder#755] MediaCodec discarded an unknown buffer
06-11 15:57:41.272 D/SessionLifecycleClient( 2114): Session update received.
06-11 15:57:41.273 I/hw-BpHwBinder( 2114): onLastStrongRef automatically unlinking death recipients
06-11 15:57:41.274 I/hw-BpHwBinder(  577): onLastStrongRef automatically unlinking death recipients
06-11 15:57:41.274 I/hw-BpHwBinder(  577): onLastStrongRef automatically unlinking death recipients
06-11 15:57:41.276 V/C2Store (  577): in ~ComponentModule
06-11 15:57:41.276 V/C2Store (  577): unloading dll
06-11 15:57:41.278 V/InputMethodManagerService(  631): Disabling: SessionState{uid 1000 pid 1171 method 1510ad3 session 3001610 channel ClientState{8e2065e uid=1000 pid=1171 displayId=0} (server)}
06-11 15:57:41.279 V/InputMethodManagerService(  631): Enabling: SessionState{uid 10083 pid 2114 method 1510ad3 session 39634c2 channel ClientState{d113ba4 uid=10083 pid=2114 displayId=0} (server)}
06-11 15:57:41.279 D/MediaCodec( 2114): flushMediametrics
06-11 15:57:41.297 V/InputMethodMenuController(  631): Hide switching menu
06-11 15:57:41.301 D/ActivityTaskManager(  631): calling sendJioHomeBTServerBroadcast
06-11 15:57:41.302 V/ActivityTaskManager(  631): Old State : PAUSED Updated state : STOPPING Activity : ComponentInfo{com.jio.launcher.aosptv/com.jio.launcher.ui.activities.MainActivity}
06-11 15:57:41.305 E/a       ( 1171): RefreshManager::cancelTimer
06-11 15:57:41.308 W/TransactionTracing(  285): Could not find layer handle 0x9fdc4f50
06-11 15:57:41.309 E/MainActivity( 1171): BootUpFlow::::MainActivity::onStop Called
06-11 15:57:41.312 V/ActivityTaskManager(  631): Sending Broadcast : Intent { act=com.jio.remote.action.applaunch flg=0x40000000 pkg=com.jio.remote.btserver (has extras) }
06-11 15:57:41.326 D/ActivityTaskManager(  631): calling sendJioHomeBTServerBroadcast
06-11 15:57:41.329 V/ActivityTaskManager(  631): Old State : STOPPING Updated state : STOPPED Activity : ComponentInfo{com.jio.launcher.aosptv/com.jio.launcher.ui.activities.MainActivity}
06-11 15:57:41.330 V/ActivityTaskManager(  631): Sending Broadcast : Intent { act=com.jio.remote.action.applaunch flg=0x40000000 pkg=com.jio.remote.btserver (has extras) }
06-11 15:57:41.332 D/DroidLogicBenchService(  912): onForegroundActivitiesChanged pid:1171,uid:1000,fg:false
06-11 15:57:41.332 D/NetflixService(  912): onForegroundActivitiesChanged pid:1171,uid:1000,fg:false
06-11 15:57:41.332 D/DroidLogicYtsService(  912): onForegroundActivitiesChanged pid:1171,uid:1000,fg:false
06-11 15:57:41.332 D/NetflixService(  912): handleMessage
06-11 15:57:41.337 D/NetflixService(  912): com.netflix.ninja is not top activity.
06-11 15:57:41.337 I/NetflixService(  912): fg: false  mIsNetflixFg: false
06-11 15:57:41.337 D/InputMethodManagerService(  631): --- calledFromForegroundUserOrSystemProcess ? calling uid = 10083 system uid = 1000 calling userId = 0, foreground user id = 0, calling pid = 0com.android.server.inputmethod.InputMethodManagerService.reportPerceptibleAsync(InputMethodManagerService.java:3660)
06-11 15:57:41.337 D/InputMethodManagerService(  631): IME window vis: 0 active: 0 inv: 0 displayId: 0
06-11 15:57:41.340 W/TransactionTracing(  285): Could not find layer handle 0x9fdc1010
06-11 15:57:41.344 D/NetflixService(  912): com.google.android.youtube.tv is not top activity.
06-11 15:57:41.356 D/SessionFirelogPublisher( 2114): Data Collection is enabled for at least one Subscriber
06-11 15:57:41.364 D/SessionLifecycleClient( 2114): Notified CRASHLYTICS of new session 01277026787e47429e437aa26b8ac1c0
06-11 15:57:41.376 V/FileLogTree( 2114): Successfully created log file /data/user/0/in.startv.hotstar/files/logs/HotStarLogs1749637661369.log
06-11 15:57:41.383 D/CompatibilityChangeReporter(  631): Compat change id reported: 168419799; UID 10017; state: DISABLED
06-11 15:57:41.396 E/Class:Constants$Companion: Line: 194, Method: c(  975): STB-SSO: so-stb-enable_log_for_sso-status-false-Attempt to invoke virtual method 'int java.lang.String.length()' on a null object reference
06-11 15:57:41.393 W/DefaultDispatch(  975): type=1400 audit(0.0:19998): avc: denied { read } for name="u:object_r:serialno_prop:s0" dev="tmpfs" ino=749 scontext=u:r:platform_app:s0:c512,c768 tcontext=u:object_r:serialno_prop:s0 tclass=file permissive=0 app=com.media.jio.sso.stb
06-11 15:57:41.397 E/Class:Constants$Companion: Line: 106, Method: b(  975): STB-SSO: sso-stb-enable_log_for_sso_api-status-false-Attempt to invoke virtual method 'int java.lang.String.length()' on a null object reference
06-11 15:57:41.397 D/JIOACCOUNT--(  975): SSOApplicationGlobal ->printApplicationDetails
06-11 15:57:41.398 W/libc    (  975): Access denied finding property "ro.serialno"
06-11 15:57:41.401 D/Class:Constants$Companion: Line: 39, Method: z(  975): STB-SSO: permission: android.permission.READ_PHONE_STATE = 		DENIED
06-11 15:57:41.402 D/Class:Constants$Companion: Line: 39, Method: z(  975): STB-SSO: permission: android.permission.READ_PRIVILEGED_PHONE_STATE = 		GRANTED
06-11 15:57:41.402 D/Class:Constants$Companion: Line: 67, Method: G(  975): STB-SSO: app-details-versionCode-535-versionName-5.3.5-buildType-JIOFIBER-serialNumber-
06-11 15:57:41.402 D/JIOACCOUNT--(  975): getLoginInfo
06-11 15:57:41.403 D/JIOACCOUNT--(  975): loginDaoObject -> [SSODBLoginModel(id=1, loginType=3, name=+918355988439, username=+918355988439, subscriberId=8355988439, uniqueId=9d9a1a0b-8a2c-4ea7-bf0a-f477497acbc6, ssoToken=eyJhbGciOiJFUzI1NiJ9.eyJ1bmlxdWUiOiI5ZDlhMWEwYi04YTJjLTRlYTctYmYwYS1mNDc3NDk3YWNiYzYiLCJ1c2VyVHlwZSI6IlJJTHBlcnNvbiIsImF1dGhMZXZlbCI6IjMwIiwiZGV2aWNlSWQiOiI0MzE0ZjZlZmM0ZTE5MDU2YWQ4NDVlODlkN2I4MTg1ZGE5OTYwNmMxOWY5YmQ4ODgxNWI4MjlmZmZjMWI3MDNhNGI3NThlYWVmYjZhYzVkMjJkNDc4OWJkZWY1YzdlYzYyMjk1NzhhNTIxNjUwZGU5ZjE0YTdiOGE3ZjI3MjQzMSIsInJlYWxtIjoibm9uLWppbyIsImlhdCI6MTc0OTYzNjQ4N30.mPpjnNQ3Bke_txFlHQYfj8xV7UGVRmihUwdTaJOP4cy-S-J334SkjyyLC5nG0dM_CPg8TC46DM8wGpqvnJ1Jdw, mobileNumber=8355988439, lbCookie=, updateTimeStamp=1749636487500, jToken=, deviceId=, methodCalledTime=1748431850130, connectedOnt=)]
06-11 15:57:41.419 D/OkHttp  (  975): --> GET https://tv.media.jio.com/apis/v2.0/service/get
06-11 15:57:41.424 D/OkHttp  (  975): name: in.startv.hotstar
06-11 15:57:41.424 D/OkHttp  (  975): ssotoken: eyJhbGciOiJFUzI1NiJ9.eyJ1bmlxdWUiOiI5ZDlhMWEwYi04YTJjLTRlYTctYmYwYS1mNDc3NDk3YWNiYzYiLCJ1c2VyVHlwZSI6IlJJTHBlcnNvbiIsImF1dGhMZXZlbCI6IjMwIiwiZGV2aWNlSWQiOiI0MzE0ZjZlZmM0ZTE5MDU2YWQ4NDVlODlkN2I4MTg1ZGE5OTYwNmMxOWY5YmQ4ODgxNWI4MjlmZmZjMWI3MDNhNGI3NThlYWVmYjZhYzVkMjJkNDc4OWJkZWY1YzdlYzYyMjk1NzhhNTIxNjUwZGU5ZjE0YTdiOGE3ZjI3MjQzMSIsInJlYWxtIjoibm9uLWppbyIsImlhdCI6MTc0OTYzNjQ4N30.mPpjnNQ3Bke_txFlHQYfj8xV7UGVRmihUwdTaJOP4cy-S-J334SkjyyLC5nG0dM_CPg8TC46DM8wGpqvnJ1Jdw
06-11 15:57:41.424 D/OkHttp  (  975): uniqueid: 9d9a1a0b-8a2c-4ea7-bf0a-f477497acbc6
06-11 15:57:41.424 D/OkHttp  (  975): appname: JPL_JioSmartTV
06-11 15:57:41.425 D/OkHttp  (  975): x-api-key: l7xxba9140cc92944a83ad95553ce3f4521a
06-11 15:57:41.425 D/OkHttp  (  975): appkey: 06758e99be484fca56fb
06-11 15:57:41.425 D/OkHttp  (  975): --> END GET
06-11 15:57:41.456 D/TrafficStats( 2114): tagSocket(85) with statsTag=0xffffffff, statsUid=-1
06-11 15:57:41.466 D/OkHttp  (  975): <-- 200 https://tv.media.jio.com/apis/v2.0/service/get (40ms)
06-11 15:57:41.466 D/OkHttp  (  975): content-type: application/json
06-11 15:57:41.466 D/OkHttp  (  975): access-control-allow-origin: *
06-11 15:57:41.466 D/OkHttp  (  975): x-time: 0.001
06-11 15:57:41.466 D/OkHttp  (  975): accept-ranges: bytes
06-11 15:57:41.466 D/OkHttp  (  975): date: Wed, 11 Jun 2025 10:27:41 GMT
06-11 15:57:41.466 D/OkHttp  (  975): via: 1.1 varnish
06-11 15:57:41.466 D/OkHttp  (  975): x-served-by: cache-rj-vabb4300031-RJ-VABB
06-11 15:57:41.466 D/OkHttp  (  975): x-cache: MISS
06-11 15:57:41.466 D/OkHttp  (  975): x-cache-hits: 0
06-11 15:57:41.466 D/OkHttp  (  975): x-timer: S1749637661.055673,VS0,VE2
06-11 15:57:41.466 D/OkHttp  (  975): vary: Accept-Encoding
06-11 15:57:41.466 D/OkHttp  (  975): strict-transport-security: max-age=300
06-11 15:57:41.467 D/OkHttp  (  975): {"code":200,"allow":true}
06-11 15:57:41.467 D/OkHttp  (  975): <-- END HTTP (25-byte body)
06-11 15:57:41.468 D/JIOACCOUNT--(  975): packageResponse -> {"code":200,"allow":true} packageName ->in.startv.hotstar
06-11 15:57:41.470 D/[42    ] JioAccount-ADC(  975): v2.a a> Event: XJSSOE3
06-11 15:57:41.471 V/[42    ] JioAccount-ADC(  975): v2.a a> XJSSOE3	PARAMETERS:
06-11 15:57:41.472 D/[52    ] JioAccount-ADC(  975): com.jio.adc.core.b c> Getting ServiceInfo
06-11 15:57:41.477 D/[52    ] JioAccount-ADC(  975): com.jio.adc.core.b c> Starting Bind...
06-11 15:57:41.482 D/[2     ] JioAccount-ADC(  975): com.jio.adc.core.b$2 onServiceConnected> Connected
06-11 15:57:41.482 D/[52    ] JioAccount-ADC(  975): com.jio.adc.core.b c> Binding...
06-11 15:57:41.484 D/[2     ] JioAccount-ADC(  975): com.jio.adc.core.b$c$1 h> PROCESSING EVENT: XJSSOE3; TIME: 11-06-25 15:57:41:471; PARAMETERS: {"XJSSOP13":"in.startv.hotstar","XJSSOP14":true,"XJSSOP15":""}
06-11 15:57:41.492 V/[2     ] JioAccount-ADC(  975): com.jio.adc.core.b$c$1 h> Event Written: XJSSOE3; TIME: 11-06-25 15:57:41:471; PARAMETERS: {"XJSSOP13":"in.startv.hotstar","XJSSOP14":true,"XJSSOP15":""}
06-11 15:57:41.498 D/InputMethodManagerService(  631): --- calledFromForegroundUserOrSystemProcess ? calling uid = 10021 system uid = 1000 calling userId = 0, foreground user id = 0, calling pid = 1389com.android.server.inputmethod.InputMethodManagerService.getCurrentInputMethodSubtype(InputMethodManagerService.java:5602)
06-11 15:57:41.503 D/EventGDTLogger( 2114): Session Event Type: SESSION_START
06-11 15:57:41.511 I/appium  ( 2046): Took 0ms to retrieve 0 matches for '//android.widget.ImageView[@resource-id='in.startv.hotstar:id/iv_profile']' XPath2 query
06-11 15:57:41.512 D/SessionFirelogPublisher( 2114): Successfully logged Session Start event.
06-11 15:57:41.518 I/appium  ( 2046): AppiumResponse: {"sessionId":"306b6886-fbf5-43a8-a68f-05121138c05f","value":{"error":"no such element","message":"An element could not be located on the page using the given search parameters","stacktrace":"io.appium.uiautomator2.common.exceptions.ElementNotFoundException: An element could not be located on the page using the given search parameters\n\tat io.appium.uiautomator2.utils.ElementLocationHelpers.findElement(ElementLocationHelpers.java:156)\n\tat io.appium.uiautomator2.handler.FindElement.safeHandle(FindElement.java:60)\n\tat io.appium.uiautomator2.handler.request.SafeRequestHandler.handle(SafeRequestHandler.java:59)\n\tat io.appium.uiautomator2.server.AppiumServlet.handleRequest(AppiumServlet.java:259)\n\tat io.appium.uiautomator2.server.AppiumServlet.handleHttpRequest(AppiumServlet.java:253)\n\tat io.appium.uiautomator2.http.ServerHandler.channelRead(ServerHandler.java:77)\n\tat io.netty.channel.AbstractChannelHandlerContext.invokeChannelRead(AbstractChannelHandlerContext.java:374)\n\tat io.netty.channel.AbstractChannelHandlerContext.invokeChannelRead(AbstractChannelHandlerContext.java:360)\n\tat io.netty.channel.AbstractChannelHandlerContext.fireChannelRead(AbstractChannelHandlerContext.java:352)\n\tat io.netty.handler.codec.MessageToMessageDecoder.channelRead(MessageToMessageDecoder.java:102)\n\tat io.netty.channel.AbstractChannelHandlerContext.invokeChannelRead(AbstractChannelHandlerContext.java:374)\n\tat io.netty.channel.AbstractChannelHandlerContext.invokeChannelRead(AbstractChannelHandlerContext.java:360)\n\tat io.netty.channel.AbstractChannelHandlerContext.fireChannelRead(AbstractChannelHandlerContext.java:352)\n\tat io.netty.channel.CombinedChannelDuplexHandler$DelegatingChannelHandlerContext.fireChannelRead(CombinedChannelDuplexHandler.java:438)\n\tat io.netty.handler.codec.ByteToMessageDecoder.fireChannelRead(ByteToMessageDecoder.java:328)\n\tat io.netty.handler.codec.ByteToMessageDecoder.channelRead(ByteToMessageDecoder.java:302)\n\tat io.netty.channel.CombinedChannelDuplexHandler.channelRead(CombinedChannelDuplexHandler.java:253)\n\tat io.netty.channel.AbstractChannelHandlerContext.invokeChannelRead(AbstractChannelHandlerContext.java:374)\n\tat io.netty.channel.AbstractChannelHandlerContext.invokeChannelRead(AbstractChannelHandlerContext.java:360)\n\tat io.netty.channel.AbstractChannelHandlerContext.fireChannelRead(AbstractChannelHandlerContext.java:352)\n\tat io.netty.handler.timeout.IdleStateHandler.channelRead(IdleStateHandler.java:287)\n\tat io.netty.channel.AbstractChannelHandlerContext.invokeChannelRead(AbstractChannelHandlerContext.java:374)\n\tat io.netty.channel.AbstractChannelHandlerContext.invokeChannelRead(AbstractChannelHandlerContext.java:360)\n\tat io.netty.channel.AbstractChannelHandlerContext.fireChannelRead(AbstractChannelHandlerContext.java:352)\n\tat io.netty.channel.DefaultChannelPipeline$HeadContext.channelRead(DefaultChannelPipeline.java:1422)\n\tat io.netty.channel.AbstractChannelHandlerContext.invokeChannelRead(AbstractChannelHandlerContext.java:374)\n\tat io.netty.channel.AbstractChannelHandlerContext.invokeChannelRead(AbstractChannelHandlerContext.java:360)\n\tat io.netty.channel.DefaultChannelPipeline.fireChannelRead(DefaultChannelPipeline.java:931)\n\tat io.netty.channel.nio.AbstractNioByteChannel$NioByteUnsafe.read(AbstractNioByteChannel.java:163)\n\tat io.netty.channel.nio.NioEventLoop.processSelectedKey(NioEventLoop.java:700)\n\tat io.netty.channel.nio.NioEventLoop.processSelectedKeysOptimized(NioEventLoop.java:635)\n\tat io.netty.channel.nio.NioEventLoop.processSelectedKeys(NioEventLoop.java:552)\n\tat io.netty.channel.nio.NioEventLoop.run(NioEventLoop.java:514)\n\tat io.netty.util.concurrent.SingleThreadEventExecutor$6.run(SingleThreadEventExecutor.java:1044)\n\tat io.netty.util.internal.ThreadExecutorMap$2.run(ThreadExecutorMap.java:74)\n\tat io.netty.util.concurrent.FastThreadLocalRunnable.run(FastThreadLocalRunnable.java:30)\n\tat java.lang.Thread.run(Thread.java:1012)\n"}}
06-11 15:57:41.524 E/WifiVendorHal(  631): getWifiLinkLayerStats_1_6_Internal(l.1199) failed {.code = ERROR_UNKNOWN, .description = unknown}
06-11 15:57:41.538 W/InputManager-JNI(  631): Input channel object 'd424b4d Splash Screen in.startv.hotstar (client)' was disposed without first being removed with the input manager!
06-11 15:57:41.550 D/CoreBackPreview(  631): Window{d424b4d u0 Splash Screen in.startv.hotstar EXITING}: Setting back callback null
06-11 15:57:41.585 V/RootBeer( 2114): b: a() [44] - /system/xbin/su binary detected!
06-11 15:57:41.586 W/FrameTracker(  839): Missed App frame:8
06-11 15:57:41.611 D/TrafficStats( 2114): tagSocket(93) with statsTag=0xffffffff, statsUid=-1
06-11 15:57:41.613 I/audio_hw_primary(  435): audiohal_get_latency  stream:0xa4086720 frames:3072 out->config.rate:48000 whole_latency:64, alsa_latency:64, 
06-11 15:57:41.620 D/TrafficStats( 2114): tagSocket(94) with statsTag=0xffffffff, statsUid=-1
06-11 15:57:41.630 W/AudioFlinger(  673): createTrack_l(): mismatch between requested flags (00000004) and output flags (00000002)
06-11 15:57:41.632 D/AF::TrackHandle(  673): OpPlayAudio: track:111 usage:1 not muted
06-11 15:57:41.632 I/AlarmManager(  631): setImpl sPackageName is null callingPackage is android
06-11 15:57:41.633 I/AlarmManager(  631): Setting Wakeup Alarm type[2] sPackageName is null @19193114 and next wakeup alarm is @Wed Jun 11 11:07:19 GMT+05:30 2025
06-11 15:57:41.634 I/audio_hw_primary(  435): audiohal_get_latency  stream:0xa4086720 frames:3072 out->config.rate:48000 whole_latency:64, alsa_latency:64, 
06-11 15:57:41.639 I/audio_hw_primary(  435): [adev_set_audio_port_config:9274] id:2, dev:OUT_SPEAKER, role:SINK, type:DEVICE, gain:-3647
06-11 15:57:41.639 I/audio_hw_primary(  435): [adev_set_audio_port_config:9359] set sink_gain[SPEAKER]: 0.015014, cur_out_devices:0x2
06-11 15:57:41.695 D/CompatibilityChangeReporter(  631): Compat change id reported: 161145287; UID 10083; state: DISABLED
06-11 15:57:41.708 D/MesonHwc(  282): freeSolidColorBufferLocked free -1
06-11 15:57:41.707 W/TransactionTracing(  285): Could not find layer handle 0x9fdc0c90
06-11 15:57:41.709 W/TransactionTracing(  285): Could not find layer handle 0xa8994510
06-11 15:57:41.709 W/TransactionTracing(  285): Could not find layer handle 0xa89baed0
06-11 15:57:41.709 W/TransactionTracing(  285): Could not find layer handle 0xa89baed0
06-11 15:57:41.709 W/TransactionTracing(  285): Could not find layer handle 0xa8994510
06-11 15:57:41.786 D/TrafficStats( 2114): tagSocket(104) with statsTag=0xffffffff, statsUid=-1
06-11 15:57:41.808 I/DrmHalHidl( 2114): found instance=playready version=android.hardware.drm@1.4::IDrmFactory
06-11 15:57:41.808 I/DrmHalHidl( 2114): found instance=youtube version=android.hardware.drm@1.4::IDrmFactory
06-11 15:57:41.812 I/DrmUtils( 2114): found IDrmFactory. Instance name:[android.hardware.drm.IDrmFactory/clearkey]
06-11 15:57:41.813 I/DrmUtils( 2114): found IDrmFactory. Instance name:[android.hardware.drm.IDrmFactory/verimatrix]
06-11 15:57:41.814 I/DrmUtils( 2114): found IDrmFactory. Instance name:[android.hardware.drm.IDrmFactory/widevine]
06-11 15:57:41.814 I/WVCdm-DrmFactory(  442): [app][in.startv.hotstar] calling virtual ::ndk::ScopedAStatus wvdrm::hardware::drm::widevine::WVDrmFactory::createDrmPlugin(const aidl::android::hardware::drm::Uuid &, const std::string &, std::shared_ptr< ::aidl::android::hardware::drm::IDrmPlugin> *)
06-11 15:57:41.814 D/WVCdm   (  442): Instantiating CDM.
06-11 15:57:41.815 D/WVCdm   (  442): [cdm_engine.cpp(551):QueryStatus] security_level = Default, query_token = HdcpLevel
06-11 15:57:41.816 I/WVCdm   (  442): [file_utils.cpp(38):Exists] stat failed: ENOENT
06-11 15:57:41.816 I/WVCdm   (  442): [oemcrypto_adapter_dynamic.cpp(849):Initialize] Level 3 Build Info (v17): OEMCrypto Level3 Code Feb  2 2023 05:14:35 28923 ARM 32bit APIv17.1
06-11 15:57:41.819 I/WVCdm   (  442): [(0):] Level3 Library 28923 Feb  2 2023 05:14:35
06-11 15:57:41.828 I/WVCdm   (  442): [oemcrypto_adapter_dynamic.cpp(863):Initialize] L3 Initialized. Trying L1.
06-11 15:57:41.844 D/DroidLogicBenchService(  912): bench app is not onForeground and set default param
06-11 15:57:41.845 D/DroidLogicYtsService(  912): mYts is false
06-11 15:57:41.845 D/DroidLogicYtsService(  912): yt app is not onForeground and set default param
06-11 15:57:41.845 W/WVCdm   (  442): [oemcrypto_adapter_dynamic.cpp(1017):LoadLevel1] Could not load L1 _oecc90.
06-11 15:57:41.846 W/WVCdm   (  442): [oemcrypto_adapter_dynamic.cpp(1055):LoadLevel1] Could not load L1 _oecc57.
06-11 15:57:41.846 E/SystemControl(  343): [/SysWrite.cpp, writeSys, 272] write /sys/class/thermal/thermal_zone0/mode failed!
06-11 15:57:41.846 W/WVCdm   (  442): [oemcrypto_adapter_dynamic.cpp(1057):LoadLevel1] Could not load L1 _oecc18.
06-11 15:57:41.846 W/WVCdm   (  442): [oemcrypto_adapter_dynamic.cpp(1058):LoadLevel1] Could not load L1 _oecc51.
06-11 15:57:41.846 W/WVCdm   (  442): [oemcrypto_adapter_dynamic.cpp(1059):LoadLevel1] Could not load L1 _oecc23.
06-11 15:57:41.846 D/WVCdm   (  442): [oemcrypto_adapter_dynamic.cpp(882):Initialize] OEMCrypto_Initialize Level 1 success. I will use level 1.
06-11 15:57:41.847 E/SystemControl(  343): [/SysWrite.cpp, writeSys, 272] write /sys/devices/system/cpu/cpu0/cpufreq/scaling_governor failed!
06-11 15:57:41.847 I/WVCdm   (  442): [oemcrypto_adapter_dynamic.cpp(892):Initialize] Level 1 Build Info (v17): Widevine OPK v17.3.0 
06-11 15:57:41.847 I/WVCdm   (  442): [file_utils.cpp(38):Exists] stat failed: ENOENT
06-11 15:57:41.848 D/WVCdm   (  442): [crypto_session.cpp(411):CacheVersion] OEMCrypto version (default security level): 17.3
06-11 15:57:41.848 D/WVCdm   (  442): [crypto_session.cpp(420):CacheVersion] OEMCrypto version (L3 security level): 17.1
06-11 15:57:41.848 D/WVCdm   (  442): [cdm_engine.cpp(551):QueryStatus] security_level = Default, query_token = MaxHdcpLevel
06-11 15:57:41.850 D/WVCdm   (  442): [cdm_engine.cpp(551):QueryStatus] security_level = Default, query_token = HdcpLevel
06-11 15:57:41.850 D/WVCdm   (  442): [cdm_engine.cpp(551):QueryStatus] security_level = Default, query_token = MaxHdcpLevel
06-11 15:57:41.852 D/JioSettings(23032): A : nonInteractiveSleep: count::0::timeout::0
06-11 15:57:41.853 D/JioSettings(23032): A : inactivity: count::2::timeout::10680
06-11 15:57:41.857 D/JioSettings(23032): A : startScheduler::isScreenOFF::false::isMusicInProgress::true::isDreaming::false
06-11 15:57:41.857 D/JioSettings(23032): A : startScheduler::resetInactivity
06-11 15:57:41.857 D/JioSettings(23032): InactivityTimerService : resetInactivityTimer::dismiss::false  ||  shouldUnBlock: true
06-11 15:57:41.857 D/JioSettings(23032): InactivityTimerService : updateKeys:: isBlocking: false
06-11 15:57:41.857 D/JioSettings(23032): a : updateBlockKeys::keys::[]
06-11 15:57:41.857 D/JioSettings(23032): a : getBlockedKeysMap:::
06-11 15:57:41.859 D/JioSettings(23032): a : getBlockedKeys:::
06-11 15:57:41.859 D/JioSettings(23032): a : getBlockedKeysMap:::blockedKeys::{"com.rjil.jiotvsetting":[]}
06-11 15:57:41.861 D/JioSettings(23032): a : setBlockedKeys::keys::{"com.rjil.jiotvsetting":[]}
06-11 15:57:41.863 D/TrafficStats( 2114): tagSocket(110) with statsTag=0xffffffff, statsUid=-1
06-11 15:57:41.866 I/WVCdm   (  442): [(0):] L3 Terminate.
06-11 15:57:41.866 E/WVCdm   (  442): [oemcrypto_adapter_dynamic.cpp(904):Level1Terminate] L1 Terminate
06-11 15:57:41.866 I/cas_dsm (  442): [cas_dsm_close_all_sessions:459]
06-11 15:57:41.867 D/JioSettings(23032): A : startScheduler::isInactivityReached::false::isInactivityOverlayShown::false
06-11 15:57:41.867 D/WVCdm   (  442): [cdm_engine.cpp(551):QueryStatus] security_level = Default, query_token = NumberOfOpenSessions
06-11 15:57:41.867 I/WVCdm   (  442): [file_utils.cpp(38):Exists] stat failed: ENOENT
06-11 15:57:41.868 I/WVCdm   (  442): [(0):] Level3 Library 28923 Feb  2 2023 05:14:35
06-11 15:57:41.869 I/WVCdm   (  442): [oemcrypto_adapter_dynamic.cpp(849):Initialize] Level 3 Build Info (v17): OEMCrypto Level3 Code Feb  2 2023 05:14:35 28923 ARM 32bit APIv17.1
06-11 15:57:41.879 I/WVCdm   (  442): [oemcrypto_adapter_dynamic.cpp(863):Initialize] L3 Initialized. Trying L1.
06-11 15:57:41.884 W/WVCdm   (  442): [oemcrypto_adapter_dynamic.cpp(1017):LoadLevel1] Could not load L1 _oecc90.
06-11 15:57:41.884 W/WVCdm   (  442): [oemcrypto_adapter_dynamic.cpp(1055):LoadLevel1] Could not load L1 _oecc57.
06-11 15:57:41.885 W/WVCdm   (  442): [oemcrypto_adapter_dynamic.cpp(1057):LoadLevel1] Could not load L1 _oecc18.
06-11 15:57:41.885 W/WVCdm   (  442): [oemcrypto_adapter_dynamic.cpp(1058):LoadLevel1] Could not load L1 _oecc51.
06-11 15:57:41.885 W/WVCdm   (  442): [oemcrypto_adapter_dynamic.cpp(1059):LoadLevel1] Could not load L1 _oecc23.
06-11 15:57:41.885 D/WVCdm   (  442): [oemcrypto_adapter_dynamic.cpp(882):Initialize] OEMCrypto_Initialize Level 1 success. I will use level 1.
06-11 15:57:41.885 I/WVCdm   (  442): [oemcrypto_adapter_dynamic.cpp(892):Initialize] Level 1 Build Info (v17): Widevine OPK v17.3.0 
06-11 15:57:41.886 I/WVCdm   (  442): [file_utils.cpp(38):Exists] stat failed: ENOENT
06-11 15:57:41.886 D/WVCdm   (  442): [crypto_session.cpp(411):CacheVersion] OEMCrypto version (default security level): 17.3
06-11 15:57:41.886 D/WVCdm   (  442): [crypto_session.cpp(420):CacheVersion] OEMCrypto version (L3 security level): 17.1
06-11 15:57:41.886 D/WVCdm   (  442): [cdm_engine.cpp(551):QueryStatus] security_level = Default, query_token = MaxNumberOfSessions
06-11 15:57:41.887 D/WVCdm   (  442): [cdm_engine.cpp(551):QueryStatus] security_level = Default, query_token = WidevineCdmVersion
06-11 15:57:41.888 D/WVCdm   (  442): [cdm_engine.cpp(551):QueryStatus] security_level = Default, query_token = SecurityLevel
06-11 15:57:41.889 D/WVCdm   (  442): [cdm_engine.cpp(551):QueryStatus] security_level = Default, query_token = SystemID
06-11 15:57:41.889 E/WVCdm   (  442): [crypto_session.cpp(803):GetCachedSystemId] Crypto session is not open
06-11 15:57:41.889 I/WVCdm   (  442): [file_utils.cpp(38):Exists] stat failed: ENOENT
06-11 15:57:41.908 I/WVCdm   (  442): [(0):] L3 Terminate.
06-11 15:57:41.908 E/WVCdm   (  442): [oemcrypto_adapter_dynamic.cpp(904):Level1Terminate] L1 Terminate
06-11 15:57:41.908 I/cas_dsm (  442): [cas_dsm_close_all_sessions:459]
06-11 15:57:41.913 D/statsd_drm(  555): statsd_mediadrm skipping empty entry
06-11 15:57:41.913 E/DrmHalHidl( 2114): Failed to get vendor from drm plugin: -19
06-11 15:57:41.913 E/DrmHalHidl( 2114): Failed to get description from drm plugin: -19
06-11 15:57:41.947 I/FirebaseCrashlytics( 2114): Saved version control info
06-11 15:57:41.965 W/AudioCapabilities( 2114): Unsupported mime audio/vnd.dts
06-11 15:57:41.965 W/AudioCapabilities( 2114): Unsupported mime audio/vnd.dts.hd;profile=lbr
06-11 15:57:41.966 W/AudioCapabilities( 2114): Unsupported mime audio/vnd.dts.hd
06-11 15:57:41.966 W/AudioCapabilities( 2114): Unsupported mime audio/ffmpeg
06-11 15:57:41.967 W/VideoCapabilities( 2114): Unsupported mime video/x-vnd.on2.vp6a
06-11 15:57:41.967 W/VideoCapabilities( 2114): Unsupported mime video/x-vnd.on2.vp6f
06-11 15:57:41.970 W/VideoCapabilities( 2114): Unsupported mime video/avs
06-11 15:57:41.970 W/VideoCapabilities( 2114): Unsupported mime video/avs2
06-11 15:57:41.971 W/VideoCapabilities( 2114): Unsupported mime video/dolby-vision
06-11 15:57:41.971 W/VideoCapabilities( 2114): Unsupported mime video/dolby-vision
06-11 15:57:41.972 W/VideoCapabilities( 2114): Unsupported mime video/dolby-vision
06-11 15:57:41.972 W/VideoCapabilities( 2114): Unsupported mime video/dolby-vision
06-11 15:57:41.973 W/VideoCapabilities( 2114): Unsupported mime video/dolby-vision
06-11 15:57:41.973 W/VideoCapabilities( 2114): Unsupported mime video/dolby-vision
06-11 15:57:41.974 W/VideoCapabilities( 2114): Unrecognized profile/level 1/256 for video/3gpp
06-11 15:57:41.974 W/VideoCapabilities( 2114): Unrecognized profile/level 1/512 for video/3gpp
06-11 15:57:41.974 W/VideoCapabilities( 2114): Unrecognized profile/level 1/1024 for video/3gpp
06-11 15:57:41.974 W/VideoCapabilities( 2114): Unrecognized profile/level 1/2048 for video/3gpp
06-11 15:57:41.974 W/VideoCapabilities( 2114): Unrecognized profile/level 1/4096 for video/3gpp
06-11 15:57:41.974 W/VideoCapabilities( 2114): Unrecognized profile/level 1/8192 for video/3gpp
06-11 15:57:41.974 W/VideoCapabilities( 2114): Unrecognized profile/level 1/16384 for video/3gpp
06-11 15:57:41.975 W/VideoCapabilities( 2114): Unrecognized profile/level 1/32768 for video/3gpp
06-11 15:57:41.977 W/VideoCapabilities( 2114): Unsupported mime video/x-motion-jpeg
06-11 15:57:41.978 W/VideoCapabilities( 2114): Unrecognized profile/level 0/3 for video/mpeg2
06-11 15:57:41.978 I/VideoCapabilities( 2114): Unsupported profile 2 for video/mpeg2
06-11 15:57:41.978 I/VideoCapabilities( 2114): Unsupported profile 3 for video/mpeg2
06-11 15:57:41.978 I/VideoCapabilities( 2114): Unsupported profile 4 for video/mpeg2
06-11 15:57:41.978 I/VideoCapabilities( 2114): Unsupported profile 5 for video/mpeg2
06-11 15:57:41.978 I/VideoCapabilities( 2114): Unsupported profile 2 for video/mp4v-es
06-11 15:57:41.978 I/VideoCapabilities( 2114): Unsupported profile 4 for video/mp4v-es
06-11 15:57:41.978 I/VideoCapabilities( 2114): Unsupported profile 8 for video/mp4v-es
06-11 15:57:41.978 I/VideoCapabilities( 2114): Unsupported profile 16 for video/mp4v-es
06-11 15:57:41.978 I/VideoCapabilities( 2114): Unsupported profile 32 for video/mp4v-es
06-11 15:57:41.978 I/VideoCapabilities( 2114): Unsupported profile 64 for video/mp4v-es
06-11 15:57:41.978 I/VideoCapabilities( 2114): Unsupported profile 128 for video/mp4v-es
06-11 15:57:41.978 I/VideoCapabilities( 2114): Unsupported profile 256 for video/mp4v-es
06-11 15:57:41.978 I/VideoCapabilities( 2114): Unsupported profile 512 for video/mp4v-es
06-11 15:57:41.978 I/VideoCapabilities( 2114): Unsupported profile 1024 for video/mp4v-es
06-11 15:57:41.978 I/VideoCapabilities( 2114): Unsupported profile 2048 for video/mp4v-es
06-11 15:57:41.978 I/VideoCapabilities( 2114): Unsupported profile 4096 for video/mp4v-es
06-11 15:57:41.979 I/VideoCapabilities( 2114): Unsupported profile 8192 for video/mp4v-es
06-11 15:57:41.979 I/VideoCapabilities( 2114): Unsupported profile 16384 for video/mp4v-es
06-11 15:57:41.979 W/VideoCapabilities( 2114): Unsupported mime video/rm10
06-11 15:57:41.979 W/VideoCapabilities( 2114): Unsupported mime video/rm20
06-11 15:57:41.980 W/VideoCapabilities( 2114): Unsupported mime video/rm30
06-11 15:57:41.980 W/VideoCapabilities( 2114): Unsupported mime video/rm40
06-11 15:57:41.981 W/VideoCapabilities( 2114): Unsupported mime video/vc1
06-11 15:57:41.981 W/Utils   ( 2114): could not parse long range '1-'
06-11 15:57:41.981 W/VideoCapabilities( 2114): Unrecognized level 16 for video/x-vnd.on2.vp8
06-11 15:57:41.981 W/VideoCapabilities( 2114): Unrecognized level 32 for video/x-vnd.on2.vp8
06-11 15:57:41.982 W/VideoCapabilities( 2114): Unrecognized level 64 for video/x-vnd.on2.vp8
06-11 15:57:41.982 W/VideoCapabilities( 2114): Unrecognized level 128 for video/x-vnd.on2.vp8
06-11 15:57:41.982 W/VideoCapabilities( 2114): Unrecognized level 256 for video/x-vnd.on2.vp8
06-11 15:57:41.982 W/VideoCapabilities( 2114): Unrecognized level 512 for video/x-vnd.on2.vp8
06-11 15:57:41.982 W/VideoCapabilities( 2114): Unrecognized level 1024 for video/x-vnd.on2.vp8
06-11 15:57:41.982 W/VideoCapabilities( 2114): Unrecognized level 2048 for video/x-vnd.on2.vp8
06-11 15:57:41.982 W/VideoCapabilities( 2114): Unrecognized level 4096 for video/x-vnd.on2.vp8
06-11 15:57:41.982 W/VideoCapabilities( 2114): Unrecognized level 8192 for video/x-vnd.on2.vp8
06-11 15:57:41.982 W/VideoCapabilities( 2114): Unrecognized level 16384 for video/x-vnd.on2.vp8
06-11 15:57:41.982 W/VideoCapabilities( 2114): Unrecognized level 32768 for video/x-vnd.on2.vp8
06-11 15:57:41.982 W/VideoCapabilities( 2114): Unsupported mime video/wmv3
06-11 15:57:41.983 W/VideoCapabilities( 2114): Unsupported mime video/wmv3
06-11 15:57:41.983 W/VideoCapabilities( 2114): Unsupported mime video/wmv1
06-11 15:57:41.984 W/VideoCapabilities( 2114): Unsupported mime video/wmv2
06-11 15:57:41.984 W/VideoCapabilities( 2114): Unsupported mime video/x-ms-wmv
06-11 15:57:41.984 W/VideoCapabilities( 2114): Unsupported mime video/wvc1
06-11 15:57:41.985 W/Utils   ( 2114): could not parse long range '1-'
06-11 15:57:41.999 I/thermal2(  464): Sending notification:  Type: CPU Name: soc_thermal CurrentValue: 77.8 ThrottlingStatus: MODERATE
06-11 15:57:42.004 D/MediaCodecInfo( 2114): NoSupport [sizeAndRate.support, 1920x1080x25.0] [c2.android.hevc.decoder, video/hevc] [4KTV, JSTV220, Jio, 33]
06-11 15:57:42.005 D/MediaCodecInfo( 2114): NoSupport [sizeAndRate.support, 1920x1080x25.0] [c2.android.hevc.decoder, video/hevc] [4KTV, JSTV220, Jio, 33]
06-11 15:57:42.006 D/MediaCodecInfo( 2114): NoSupport [sizeAndRate.support, 1920x1080x25.0] [c2.android.vp9.decoder, video/x-vnd.on2.vp9] [4KTV, JSTV220, Jio, 33]
06-11 15:57:42.006 D/MediaCodecInfo( 2114): NoSupport [sizeAndRate.support, 1920x1080x25.0] [c2.android.vp9.decoder, video/x-vnd.on2.vp9] [4KTV, JSTV220, Jio, 33]
06-11 15:57:42.047 I/appium  ( 2046): channel read: POST /session/306b6886-fbf5-43a8-a68f-05121138c05f/element
06-11 15:57:42.048 I/appium  ( 2046): FindElement command
