06-11 23:52:12.067 I/[11963.220449@0]  dim(    0): unreg:use[28]ms
06-11 23:52:12.067 I/[11963.220461@0]  dim(    0): di_destroy_instance:ch[2]:end
06-11 23:52:12.070 I/[11963.221131@0]  dim(    0): reg:use[1]ms
06-11 23:52:12.070 I/[11963.221144@0]  dim(    0): create:ch[2],tmode[3]
06-11 23:52:12.070 I/[11963.221147@0]  dim(    0): out:0x80000000
06-11 23:52:12.070 I/[11963.223573@0]  [amlv4l](    0): [245]: reset mode: 1, es frames buffering: 0
06-11 23:52:12.070 D/[11963.223653@0]  [h265](    0): [0]h265:pts_unstable=0
06-11 23:52:12.070 D/[11963.223658@0]  [h265](    0): [0]h265: ver (201602101,0) decinfo: 0x0 rate=4000
06-11 23:52:12.090 I/[11963.243082@0]  [amlv4l](    0): [245]: reset mode: 1, es frames buffering: 0
06-11 23:52:12.090 D/[11963.243176@0]  [h265](    0): [0]h265:pts_unstable=0
06-11 23:52:12.090 D/[11963.243183@0]  [h265](    0): [0]h265: ver (201602101,0) decinfo: 0x0 rate=4000
06-11 23:52:12.114 I/[11963.266142@0]  [amlv4l](    0): [245]: reset mode: 1, es frames buffering: 0
06-11 23:52:12.114 D/[11963.266217@0]  [h265](    0): [0]h265:pts_unstable=0
06-11 23:52:12.115 D/[11963.266223@0]  [h265](    0): [0]h265: ver (201602101,0) decinfo: 0x0 rate=4000
06-11 23:52:12.119 D/[11963.271472@0]  [amlcom](    0): vdec_release instance 000000008fcbbb62, total 1
06-11 23:52:12.119 D/[11963.271631@0]  [media_clock](    0): the clk_hevcf_mux   clock off, ref cnt: 0
06-11 23:52:12.119 D/[11963.271644@0]  [media_clock](    0): the clk_hevcb_mux   clock off, ref cnt: 0
06-11 23:52:12.122 I/[11963.272978@0]  dim(    0): unreg:use[0]ms
06-11 23:52:12.122 I/[11963.272988@0]  dim(    0): di_destroy_instance:ch[2]:end
06-11 23:52:12.122 I/[11963.273967@3]  resman(    0): 170 release [decoder]
06-11 23:52:12.122 I/[11963.273979@3]  resman(    0): 170 release [codec_mm]
06-11 23:52:12.122 E/        (    0): [11963.275087@2]  disalbe fastplay
06-11 23:52:12.375 I/[11963.524971@3]  vc(    0): [0]vc: set enable index=0, val=0
06-11 23:52:12.375 I/[11963.525002@3]  VID(    0): store VD0 path_id changed 2->-1
06-11 23:52:12.375 I/        (    0): [11963.525006@3]  dev->index =0, val=1
06-11 23:52:12.375 I/[11963.525009@3]  VID(    0): VD1 off
06-11 23:52:12.375 I/[11963.525014@3]  VID(    0): VD1 set global output as 0
06-11 23:52:12.375 I/        (    0): [11963.525034@3]  common_vf_unreg_provider video_render.0: vd1 used: true, vd2 used: false, vd3 used: false, black_out:0, cur_buf:00000000ebc7e71a
06-11 23:52:12.726 W/[11963.877698@0]  RTW(    0): fill_default_txdesc(wlan0): SP Packet(0x0806) rate=0x4 SeqNum = 3712
06-11 23:52:15.891 F/linker  (10224): CANNOT LINK EXECUTABLE "/system/bin/smartcable/smartCableSTBApp": library "libmosquitto.so" not found: needed by main executable
06-11 23:52:17.794 W/[11968.945804@1]  RTW(    0): fill_default_txdesc(wlan0): SP Packet(0x0806) rate=0x4 SeqNum = 216
06-11 23:52:20.895 F/linker  (10233): CANNOT LINK EXECUTABLE "/system/bin/smartcable/smartCableSTBApp": library "libmosquitto.so" not found: needed by main executable
06-11 23:52:22.966 W/[11974.119070@2]  RTW(    0): fill_default_txdesc(wlan0): SP Packet(0x0806) rate=0x4 SeqNum = 411
06-11 23:52:25.898 F/linker  (10248): CANNOT LINK EXECUTABLE "/system/bin/smartcable/smartCableSTBApp": library "libmosquitto.so" not found: needed by main executable
06-11 23:52:26.274 I/        (    0): [11977.427432@1]  EXT4-fs (mmcblk0p17): re-mounted. Opts: (null)
06-11 23:52:27.762 W/[11978.914259@2]  RTW(    0): fill_default_txdesc(wlan0): SP Packet(0x0806) rate=0x4 SeqNum = 1057
06-11 23:52:30.866 D/[11982.017248@0]  logd(    0): logdr: UID=0 GID=0 PID=10291 b tail=0 logMask=99 pid=0 start=0ns timeout=0ns
06-11 23:52:30.902 F/linker  (10299): CANNOT LINK EXECUTABLE "/system/bin/smartcable/smartCableSTBApp": library "libmosquitto.so" not found: needed by main executable
06-11 23:52:31.426 I/[11982.579857@2]  binder(    0): 9011:9034 transaction failed 29189/-22, size 616-0 line 2705
06-11 23:52:31.443 E/AndroidRuntime( 9011): FATAL EXCEPTION: Instr: androidx.test.runner.AndroidJUnitRunner
06-11 23:52:31.443 E/AndroidRuntime( 9011): Process: io.appium.uiautomator2.server, PID: 9011
06-11 23:52:31.443 E/AndroidRuntime( 9011): java.lang.IllegalStateException: UiAutomation not connected, UiAutomation@30745d0[id=-1, flags=0]
06-11 23:52:31.443 E/AndroidRuntime( 9011): 	at android.app.UiAutomation.throwIfNotConnectedLocked(UiAutomation.java:1239)
06-11 23:52:31.443 E/AndroidRuntime( 9011): 	at android.app.UiAutomation.disconnect(UiAutomation.java:296)
06-11 23:52:31.443 E/AndroidRuntime( 9011): 	at android.app.Instrumentation.finish(Instrumentation.java:249)
06-11 23:52:31.443 E/AndroidRuntime( 9011): 	at androidx.test.runner.MonitoringInstrumentation.finish(MonitoringInstrumentation.java:409)
06-11 23:52:31.443 E/AndroidRuntime( 9011): 	at androidx.test.runner.AndroidJUnitRunner.onStart(AndroidJUnitRunner.java:474)
06-11 23:52:31.443 E/AndroidRuntime( 9011): 	at android.app.Instrumentation$InstrumentationThread.run(Instrumentation.java:2205)
06-11 23:52:31.531 I/[11982.683085@1]  binder(    0): 633:10338 transaction failed 29189/-22, size 340-0 line 2705
06-11 23:52:31.531 I/[11982.684070@0]  binder(    0): 633:660 transaction failed 29189/-22, size 88-0 line 2705
--------- beginning of main
06-11 23:52:31.670 D/stbdpc  (  397): STB_DPGetNumPaths[570]: num_paths: 1
06-11 23:52:31.732 D/JioSettings( 1826): PackageResetBroadcastReceiver::onReceive: intent->>> android.intent.action.PACKAGE_RESTARTED, reset package: package:io.appium.uiautomator2.server.test
06-11 23:52:31.733 D/JioSettings( 1826): Reset package: package:io.appium.uiautomator2.server.test
06-11 23:52:31.738 I/cmd     (10346): oneway function results will be dropped but finished with status OK and parcel size 4
06-11 23:52:31.739 D/JioSettings( 1826): PackageResetBroadcastReceiver::onReceive: intent->>> android.intent.action.PACKAGE_RESTARTED, reset package: package:io.appium.uiautomator2.server
06-11 23:52:31.739 D/JioSettings( 1826): Reset package: package:io.appium.uiautomator2.server
06-11 23:52:31.771 D/stbdpc  (  397): STB_DPGetNumPaths[570]: num_paths: 1
06-11 23:52:31.787 E/adbd    (12860): failed to connect to socket 'tcp:6790': Connection refused
06-11 23:52:31.871 D/stbdpc  (  397): STB_DPGetNumPaths[570]: num_paths: 1
06-11 23:52:31.971 D/stbdpc  (  397): STB_DPGetNumPaths[570]: num_paths: 1
06-11 23:52:31.978 D/dvb_iptv(  397): ReadEmmNetworkTask[1537]: EMM Select Timeout Occured 22
06-11 23:52:31.982 I/JioSDK_SDKNativeService( 1336): performTask() moduleId: 1, result: success
06-11 23:52:31.982 D/JioSDK_AdvanceLogModuleAdapter( 1336): success
06-11 23:52:31.982 D/JioSDK_CriticalLog( 1336): Critical Kernel Log Dumped
06-11 23:52:31.984 D/JioSDK_SDKNativeService( 1336): performTask(), Module Id: 1
06-11 23:52:32.024 D/AndroidRuntime(10352): >>>>>> START com.android.internal.os.RuntimeInit uid 0 <<<<<<
06-11 23:52:32.030 I/AndroidRuntime(10352): Using default boot image
06-11 23:52:32.031 I/AndroidRuntime(10352): Leaving lock profiling enabled
06-11 23:52:32.038 I/app_process(10352): Core platform API reporting enabled, enforcing=false
06-11 23:52:32.071 D/stbdpc  (  397): STB_DPGetNumPaths[570]: num_paths: 1
06-11 23:52:32.123 I/JioSDK_SDKNativeService( 1336): performTask() moduleId: 1, result: success
06-11 23:52:32.123 D/JioSDK_AdvanceLogModuleAdapter( 1336): success
06-11 23:52:32.123 D/JioSDK_CriticalLog( 1336): Critical Bluetooth Log Dumped
06-11 23:52:32.149 V/JioSDK_CriticalLog( 1336): FileName STB-RKISBFJ60000097_JMSB200A_11_Jun_2025_23-34-27_CriticalLog.txt
06-11 23:52:32.150 V/JioSDK_CriticalLog( 1336): FileName STB-RKISBFJ60000097_JMSB200A_11_Jun_2025_23-44-10_CriticalLog.txt
06-11 23:52:32.151 V/JioSDK_CriticalLog( 1336): FileName STB-RKISBFJ60000097_JMSB200A_11_Jun_2025_23-40-55_CriticalKernelLog.txt
06-11 23:52:32.154 V/JioSDK_CriticalLog( 1336): FileName STB-RKISBFJ60000097_JMSB200A_11_Jun_2025_23-44-10_CriticalKernelLog.txt
06-11 23:52:32.156 V/JioSDK_CriticalLog( 1336): FileName STB-RKISBFJ60000097_JMSB200A_11_Jun_2025_23-37-35_CriticalKernelLog.txt
06-11 23:52:32.157 V/JioSDK_CriticalLog( 1336): FileName STB-RKISBFJ60000097_JMSB200A_11_Jun_2025_23-34-27_CriticalKernelLog.txt
06-11 23:52:32.158 V/JioSDK_CriticalLog( 1336): FileName STB-RKISBFJ60000097_JMSB200A_11_Jun_2025_23-33-13_CriticalKernelLog.txt
06-11 23:52:32.159 V/JioSDK_CriticalLog( 1336): FileName STB-RKISBFJ60000097_JMSB200A_11_Jun_2025_23-48-54_CriticalKernelLog.txt
06-11 23:52:32.160 V/JioSDK_CriticalLog( 1336): FileName STB-RKISBFJ60000097_JMSB200A_11_Jun_2025_23-52-31_CriticalKernelLog.txt
06-11 23:52:32.160 V/JioSDK_CriticalLog( 1336): FileName STB-RKISBFJ60000097_JMSB200A_11_Jun_2025_23-33-13_CriticalLog.txt
06-11 23:52:32.161 V/JioSDK_CriticalLog( 1336): FileName STB-RKISBFJ60000097_JMSB200A_11_Jun_2025_23-37-35_CriticalLog.txt
06-11 23:52:32.163 V/JioSDK_CriticalLog( 1336): FileName STB-RKISBFJ60000097_JMSB200A_11_Jun_2025_23-40-55_BtDumpsysLog.txt
06-11 23:52:32.164 V/JioSDK_CriticalLog( 1336): FileName STB-RKISBFJ60000097_JMSB200A_11_Jun_2025_23-52-31_BtDumpsysLog.txt
06-11 23:52:32.166 V/JioSDK_CriticalLog( 1336): FileName STB-RKISBFJ60000097_JMSB200A_11_Jun_2025_23-34-27_BtDumpsysLog.txt
06-11 23:52:32.168 V/JioSDK_CriticalLog( 1336): FileName STB-RKISBFJ60000097_JMSB200A_11_Jun_2025_23-33-13_BtDumpsysLog.txt
06-11 23:52:32.169 V/JioSDK_CriticalLog( 1336): FileName STB-RKISBFJ60000097_JMSB200A_11_Jun_2025_23-48-54_BtDumpsysLog.txt
06-11 23:52:32.170 V/JioSDK_CriticalLog( 1336): FileName STB-RKISBFJ60000097_JMSB200A_11_Jun_2025_23-44-11_BtDumpsysLog.txt
06-11 23:52:32.171 D/stbdpc  (  397): STB_DPGetNumPaths[570]: num_paths: 1
06-11 23:52:32.172 V/JioSDK_CriticalLog( 1336): FileName STB-RKISBFJ60000097_JMSB200A_11_Jun_2025_23-37-35_BtDumpsysLog.txt
06-11 23:52:32.173 V/JioSDK_CriticalLog( 1336): FileName STB-RKISBFJ60000097_JMSB200A_11_Jun_2025_23-48-54_CriticalLog.txt
06-11 23:52:32.175 V/JioSDK_CriticalLog( 1336): FileName STB-RKISBFJ60000097_JMSB200A_11_Jun_2025_23-52-31_CriticalLog.txt
06-11 23:52:32.176 V/JioSDK_CriticalLog( 1336): FileName STB-RKISBFJ60000097_JMSB200A_11_Jun_2025_23-40-55_CriticalLog.txt
06-11 23:52:32.176 D/JioSDK_CriticalLog( 1336): Total Critical log size 8209670 bytes
06-11 23:52:32.187 D/app_process(10352): Time zone APEX ICU file found: /apex/com.android.tzdata/etc/icu/icu_tzdata.dat
06-11 23:52:32.187 D/app_process(10352): I18n APEX ICU file found: /apex/com.android.i18n/etc/icu/icudt66l.dat
06-11 23:52:32.192 I/uncher.relianc( 1773): oneway function results will be dropped but finished with status OK and parcel size 4
06-11 23:52:32.195 I/e.swalekh.abct( 1359): oneway function results will be dropped but finished with status OK and parcel size 4
06-11 23:52:32.205 I/app_process(10352): The ClassLoaderContext is a special shared library.
06-11 23:52:32.209 D/JioSTBMRServer-SERVICE( 3589): InetSocketAddress(InetAddress.getByName(inetAddress.hostAddress)-/192.168.1.255
06-11 23:52:32.209 D/JioSTBMRServer-SERVICE( 3589): #beacon:RKISBFJ60000097:0:false:0:1:SV=181024 , 192.168.1.255
06-11 23:52:32.213 D/JioSTBMRServer-SERVICE( 3589): InetSocketAddress(InetAddress.getByName(inetAddress.hostAddress)-/192.168.1.255
06-11 23:52:32.213 D/JioSTBMRServer-SERVICE( 3589): #broadcast IP:192.168.1.255
06-11 23:52:32.240 W/app_process(10352): JNI RegisterNativeMethods: attempt to register 0 native methods for android.media.AudioAttributes
06-11 23:52:32.256 D/AndroidRuntime(10352): Calling main entry com.android.commands.am.Am
06-11 23:52:32.271 D/stbdpc  (  397): STB_DPGetNumPaths[570]: num_paths: 1
06-11 23:52:32.280 D/Zygote  (  324): Forked child process 10371
06-11 23:52:32.291 I/tomator2.serve(10371): Late-enabling -Xcheck:jni
06-11 23:52:32.295 I/JioSDK_CriticalLog( 1336): Log file STB-RKISBFJ60000097_JMSB200A_11_Jun_2025_23-33-13_CriticalKernelLog.txt is deleted
06-11 23:52:32.298 I/JioSDK_CriticalLog( 1336): Log file STB-RKISBFJ60000097_JMSB200A_11_Jun_2025_23-33-13_CriticalLog.txt is deleted
06-11 23:52:32.301 I/JioSDK_CriticalLog( 1336): Log file STB-RKISBFJ60000097_JMSB200A_11_Jun_2025_23-33-13_BtDumpsysLog.txt is deleted
06-11 23:52:32.317 I/tomator2.serve(10371): Unquickening 12 vdex files!
06-11 23:52:32.323 I/adbd    (12860): jdwp connection from 10371
06-11 23:52:32.371 I/tomator2.serve(10371): The ClassLoaderContext is a special shared library.
06-11 23:52:32.372 D/stbdpc  (  397): STB_DPGetNumPaths[570]: num_paths: 1
06-11 23:52:32.373 I/tomator2.serve(10371): The ClassLoaderContext is a special shared library.
06-11 23:52:32.376 I/tomator2.serve(10371): The ClassLoaderContext is a special shared library.
06-11 23:52:32.378 W/tomator2.serve(10371): ClassLoaderContext classpath size mismatch. expected=0, found=3 (PCL[]{PCL[/system/framework/android.test.base.jar*3223074991]#PCL[/system/framework/android.test.mock.jar*3465107378]{PCL[/system/framework/android.test.base.jar*3223074991]}#PCL[/system/framework/android.test.runner.jar*1831602180]{PCL[/system/framework/android.test.base.jar*3223074991]#PCL[/system/framework/android.test.mock.jar*3465107378]{PCL[/system/framework/android.test.base.jar*3223074991]}}} | PCL[/system/framework/android.test.runner.jar*1831602180:/system/framework/android.test.mock.jar*3465107378:/system/framework/android.test.base.jar*3223074991])
06-11 23:52:32.383 W/tomator2.serve(10371): ClassLoaderContext classpath size mismatch. expected=0, found=7 (PCL[] | PCL[/system/framework/android.test.runner.jar*1831602180:/system/framework/android.test.mock.jar*3465107378:/system/framework/android.test.base.jar*3223074991:/data/app/~~vz-LI613mzCW1_tI8sJdSA==/io.appium.uiautomator2.server.test-pndtPeicsSbNz5ltJNtTXA==/base.apk*2370577946:/data/app/~~vz-LI613mzCW1_tI8sJdSA==/io.appium.uiautomator2.server.test-pndtPeicsSbNz5ltJNtTXA==/base.apk!classes2.dex*3874714895:/data/app/~~vz-LI613mzCW1_tI8sJdSA==/io.appium.uiautomator2.server.test-pndtPeicsSbNz5ltJNtTXA==/base.apk!classes3.dex*1176165195:/data/app/~~vz-LI613mzCW1_tI8sJdSA==/io.appium.uiautomator2.server.test-pndtPeicsSbNz5ltJNtTXA==/base.apk!classes4.dex*2511881386])
06-11 23:52:32.386 W/tomator2.serve(10371): Found duplicate classes, falling back to extracting from APK : /data/app/~~ERS2Vb0_Lr3atThE734KvA==/io.appium.uiautomator2.server-qXkfZw9LtZYC0ZeR2vvERg==/base.apk
06-11 23:52:32.386 W/tomator2.serve(10371): NOTE: This wastes RAM and hurts startup performance.
06-11 23:52:32.386 W/tomator2.serve(10371): Found duplicated class when checking oat files: 'Ljunit/framework/Assert;' in /data/app/~~ERS2Vb0_Lr3atThE734KvA==/io.appium.uiautomator2.server-qXkfZw9LtZYC0ZeR2vvERg==/base.apk and /system/framework/android.test.base.jar
06-11 23:52:32.441 D/rtk_heartbeat(  349): heartbeat_timed_out: heartbeatCmdCount = 11960, expected nextSeqNum = 11960
06-11 23:52:32.442 D/rtk_heartbeat(  349): rtkbt_heartbeat_cmpl_cback: Current SeqNum = 11960,should SeqNum=11960, status = 0
06-11 23:52:32.464 D/JioStbInactivityTimer(  926): Timer: count 17 warningTimeout:10680 timeout:10800
06-11 23:52:32.464 D/JioStbInactivityTimer(  926): isUserActive: Curr:11965206 Prev:11965206
06-11 23:52:32.472 D/stbdpc  (  397): STB_DPGetNumPaths[570]: num_paths: 1
06-11 23:52:32.478 D/dvb_iptv(  397): ReadEmmNetworkTask[1537]: EMM Select Timeout Occured 23
06-11 23:52:32.483 I/DTVKit  (  397): request[114]: 'CmnNoti.onDvbIpPacketDetails' // '[]'
06-11 23:52:32.483 D/stbresmgr(  397): STB_RESNumTuners[315]: num_tuners: 3
06-11 23:52:32.483 E/dvb_iptv(  397): IPTV_GetDvbIpPacketDetails[684]: No valid ECM iptv_handle
06-11 23:52:32.483 D/dvb_iptv(  397): IPTV_GetDvbIpPacketDetails[688]: EMM Pkt stat received_packets:0 lost_packets:0 recov_packets:0 
06-11 23:52:32.483 E/CommonClientNotiCbUtilsIntf(  397): onDvbIpPacketDetails[97]: Failure of Getting DvbIpDetails
06-11 23:52:32.483 D/CommonClientNotiCbUtilsImpl( 1624): Not Received Valid Info
06-11 23:52:32.572 D/stbdpc  (  397): STB_DPGetNumPaths[570]: num_paths: 1
06-11 23:52:32.714 W/[11983.868249@2]  RTW(    0): fill_default_txdesc(wlan0): SP Packet(0x0806) rate=0x4 SeqNum = 2561
06-11 23:52:32.672 D/stbdpc  (  397): STB_DPGetNumPaths[570]: num_paths: 1
06-11 23:52:32.734 D/ApplicationLoaders(10371): Returning zygote-cached class loader: /system/framework/android.test.base.jar
06-11 23:52:32.734 D/ApplicationLoaders(10371): Returning zygote-cached class loader: /system/framework/android.test.base.jar
06-11 23:52:32.737 I/tomator2.serve(10371): The ClassLoaderContext is a special shared library.
06-11 23:52:32.740 D/ApplicationLoaders(10371): Returning zygote-cached class loader: /system/framework/android.test.base.jar
06-11 23:52:32.740 D/ApplicationLoaders(10371): Returning zygote-cached class loader: /system/framework/android.test.base.jar
06-11 23:52:32.742 I/tomator2.serve(10371): The ClassLoaderContext is a special shared library.
06-11 23:52:32.750 I/chatty  (10371): uid=10096(io.appium.uiautomator2.server) identical 2 lines
06-11 23:52:32.752 I/tomator2.serve(10371): The ClassLoaderContext is a special shared library.
06-11 23:52:32.754 W/tomator2.serve(10371): ClassLoaderContext classpath size mismatch. expected=0, found=3 (PCL[]{PCL[/system/framework/android.test.base.jar*3223074991]#PCL[/system/framework/android.test.mock.jar*3465107378]{PCL[/system/framework/android.test.base.jar*3223074991]}#PCL[/system/framework/android.test.runner.jar*1831602180]{PCL[/system/framework/android.test.base.jar*3223074991]#PCL[/system/framework/android.test.mock.jar*3465107378]{PCL[/system/framework/android.test.base.jar*3223074991]}}} | PCL[/system/framework/android.test.runner.jar*1831602180:/system/framework/android.test.mock.jar*3465107378:/system/framework/android.test.base.jar*3223074991]{PCL[/system/framework/android.test.base.jar*3223074991]#PCL[/system/framework/android.test.mock.jar*3465107378]{PCL[/system/framework/android.test.base.jar*3223074991]}#PCL[/system/framework/android.test.runner.jar*1831602180]{PCL[/system/framework/android.test.base.jar*3223074991]#PCL[/system/framework/android.test.mock.jar*3465107378]{PCL[/system/framework/android.test.base.jar*3223074991]}}};PCL[/system/framework/android.test.runner.jar*1831602180:/system/framework/android.test.mock.jar*3465107378:/system/framework/android.test.base.jar*3223074991:/data/app/~~vz-LI613mzCW1_tI8sJdSA==/io.appium.uiautomator2.server.test-pndtPeicsSbNz5ltJNtTXA==/base.apk*2370577946:/data/app/~~vz-LI613mzCW1_tI8sJdSA==/io.appium.uiautomator2.server.test-pndtPeicsSbNz5ltJNtTXA==/base.apk!classes2.dex*3874714895:/data/app/~~vz-LI613mzCW1_tI8sJdSA==/io.appium.uiautomator2.server.test-pndtPeicsSbNz5ltJNtTXA==/base.apk!classes3.dex*1176165195:/data/app/~~vz-LI613mzCW1_tI8sJdSA==/io.appium.uiautomator2.server.test-pndtPeicsSbNz5ltJNtTXA==/base.apk!classes4.dex*2511881386:/data/app/~~ERS2Vb0_Lr3atThE734KvA==/io.appium.uiautomator2.server-qXkfZw9LtZYC0ZeR2vvERg==/base.apk*4034737733:/data/app/~~ERS2Vb0_Lr3atThE734KvA==/io.appium.uiautomator2.server-qXkfZw9LtZYC0ZeR2vvERg==/base.apk!classes2.dex*2790048942:/data/app/~~ERS2Vb0_Lr3atThE734KvA==/io.appium.uiautomator2.server-qXkfZw9LtZYC0ZeR2vvERg==/base.apk!classes3.dex*1634705335:/data/app/~~ERS2Vb0_Lr3atThE734KvA==/io.appium.uiautomator2.server-qXkfZw9LtZYC0ZeR2vvERg==/base.apk!classes4.dex*45356349:/data/app/~~ERS2Vb0_Lr3atThE734KvA==/io.appium.uiautomator2.server-qXkfZw9LtZYC0ZeR2vvERg==/base.apk!classes5.dex*2419862292:/data/app/~~ERS2Vb0_Lr3atThE734KvA==/io.appium.uiautomator2.server-qXkfZw9LtZYC0ZeR2vvERg==/base.apk!classes6.dex*3944827479:/data/app/~~ERS2Vb0_Lr3atThE734KvA==/io.appium.uiautomator2.server-qXkfZw9LtZYC0ZeR2vvERg==/base.apk!classes7.dex*3145060491:/data/app/~~ERS2Vb0_Lr3atThE734KvA==/io.appium.uiautomator2.server-qXkfZw9LtZYC0ZeR2vvERg==/base.apk!classes8.dex*2034454731:/data/app/~~ERS2Vb0_Lr3atThE734KvA==/io.appium.uiautomator2.server-qXkfZw9LtZYC0ZeR2vvERg==/base.apk!classes9.dex*1613375383:/data/app/~~ERS2Vb0_Lr3atThE734KvA==/io.appium.uiautomator2.server-qXkfZw9LtZYC0ZeR2vvERg==/base.apk!classes10.dex*1483611213:/data/app/~~ERS2Vb0_Lr3atThE734KvA==/io.appium.uiautomator2.server-qXkfZw9LtZYC0ZeR2vvERg==/base.apk!classes11.dex*2888641764:/data/app/~~ERS2Vb0_Lr3atThE734KvA==/io.appium.uiautomator2.server-qXkfZw9LtZYC0ZeR2vvERg==/base.apk!classes12.dex*1711778771:/data/app/~~ERS2Vb0_Lr3atThE734KvA==/io.appium.uiautomator2.server-qXkfZw9LtZYC0ZeR2vvERg==/base.apk!classes13.dex*2108421983:/data/app/~~ERS2Vb0_Lr3atThE734KvA==/io.appium.uiautomator2.server-qXkfZw9LtZYC0ZeR2vvERg==/base.apk!classes14.dex*2618393034:/data/app/~~ERS2Vb0_Lr3atThE734KvA==/io.appium.uiautomator2.server-qXkfZw9LtZYC0ZeR2vvERg==/base.apk!classes15.dex*3152272110:/data/app/~~ERS2Vb0_Lr3atThE734KvA==/io.appium.uiautomator2.server-qXkfZw9LtZYC0ZeR2vvERg==/base.apk!classes16.dex*898502560])
06-11 23:52:32.757 W/tomator2.serve(10371): Found duplicate classes, falling back to extracting from APK : /data/app/~~vz-LI613mzCW1_tI8sJdSA==/io.appium.uiautomator2.server.test-pndtPeicsSbNz5ltJNtTXA==/base.apk
06-11 23:52:32.757 W/tomator2.serve(10371): NOTE: This wastes RAM and hurts startup performance.
06-11 23:52:32.757 W/tomator2.serve(10371): Found duplicated class when checking oat files: 'Lcom/squareup/okhttp/Address;' in /data/app/~~vz-LI613mzCW1_tI8sJdSA==/io.appium.uiautomator2.server.test-pndtPeicsSbNz5ltJNtTXA==/base.apk and /data/app/~~vz-LI613mzCW1_tI8sJdSA==/io.appium.uiautomator2.server.test-pndtPeicsSbNz5ltJNtTXA==/base.apk
06-11 23:52:32.771 W/tomator2.serve(10371): ClassLoaderContext classpath size mismatch. expected=0, found=7 (PCL[] | PCL[/system/framework/android.test.runner.jar*1831602180:/system/framework/android.test.mock.jar*3465107378:/system/framework/android.test.base.jar*3223074991:/data/app/~~vz-LI613mzCW1_tI8sJdSA==/io.appium.uiautomator2.server.test-pndtPeicsSbNz5ltJNtTXA==/base.apk*2370577946:/data/app/~~vz-LI613mzCW1_tI8sJdSA==/io.appium.uiautomator2.server.test-pndtPeicsSbNz5ltJNtTXA==/base.apk!classes2.dex*3874714895:/data/app/~~vz-LI613mzCW1_tI8sJdSA==/io.appium.uiautomator2.server.test-pndtPeicsSbNz5ltJNtTXA==/base.apk!classes3.dex*1176165195:/data/app/~~vz-LI613mzCW1_tI8sJdSA==/io.appium.uiautomator2.server.test-pndtPeicsSbNz5ltJNtTXA==/base.apk!classes4.dex*2511881386]{PCL[/system/framework/android.test.base.jar*3223074991]#PCL[/system/framework/android.test.mock.jar*3465107378]{PCL[/system/framework/android.test.base.jar*3223074991]}#PCL[/system/framework/android.test.runner.jar*1831602180]{PCL[/system/framework/android.test.base.jar*3223074991]#PCL[/system/framework/android.test.mock.jar*3465107378]{PCL[/system/framework/android.test.base.jar*3223074991]}}};PCL[/system/framework/android.test.runner.jar*1831602180:/system/framework/android.test.mock.jar*3465107378:/system/framework/android.test.base.jar*3223074991:/data/app/~~vz-LI613mzCW1_tI8sJdSA==/io.appium.uiautomator2.server.test-pndtPeicsSbNz5ltJNtTXA==/base.apk*2370577946:/data/app/~~vz-LI613mzCW1_tI8sJdSA==/io.appium.uiautomator2.server.test-pndtPeicsSbNz5ltJNtTXA==/base.apk!classes2.dex*3874714895:/data/app/~~vz-LI613mzCW1_tI8sJdSA==/io.appium.uiautomator2.server.test-pndtPeicsSbNz5ltJNtTXA==/base.apk!classes3.dex*1176165195:/data/app/~~vz-LI613mzCW1_tI8sJdSA==/io.appium.uiautomator2.server.test-pndtPeicsSbNz5ltJNtTXA==/base.apk!classes4.dex*2511881386:/data/app/~~ERS2Vb0_Lr3atThE734KvA==/io.appium.uiautomator2.server-qXkfZw9LtZYC0ZeR2vvERg==/base.apk*4034737733:/data/app/~~ERS2Vb0_Lr3atThE734KvA==/io.appium.uiautomator2.server-qXkfZw9LtZYC0ZeR2vvERg==/base.apk!classes2.dex*2790048942:/data/app/~~ERS2Vb0_Lr3atThE734KvA==/io.appium.uiautomator2.server-qXkfZw9LtZYC0ZeR2vvERg==/base.apk!classes3.dex*1634705335:/data/app/~~ERS2Vb0_Lr3atThE734KvA==/io.appium.uiautomator2.server-qXkfZw9LtZYC0ZeR2vvERg==/base.apk!classes4.dex*45356349:/data/app/~~ERS2Vb0_Lr3atThE734KvA==/io.appium.uiautomator2.server-qXkfZw9LtZYC0ZeR2vvERg==/base.apk!classes5.dex*2419862292:/data/app/~~ERS2Vb0_Lr3atThE734KvA==/io.appium.uiautomator2.server-qXkfZw9LtZYC0ZeR2vvERg==/base.apk!classes6.dex*3944827479:/data/app/~~ERS2Vb0_Lr3atThE734KvA==/io.appium.uiautomator2.server-qXkfZw9LtZYC0ZeR2vvERg==/base.apk!classes7.dex*3145060491:/data/app/~~ERS2Vb0_Lr3atThE734KvA==/io.appium.uiautomator2.server-qXkfZw9LtZYC0ZeR2vvERg==/base.apk!classes8.dex*2034454731:/data/app/~~ERS2Vb0_Lr3atThE734KvA==/io.appium.uiautomator2.server-qXkfZw9LtZYC0ZeR2vvERg==/base.apk!classes9.dex*1613375383:/data/app/~~ERS2Vb0_Lr3atThE734KvA==/io.appium.uiautomator2.server-qXkfZw9LtZYC0ZeR2vvERg==/base.apk!classes10.dex*1483611213:/data/app/~~ERS2Vb0_Lr3atThE734KvA==/io.appium.uiautomator2.server-qXkfZw9LtZYC0ZeR2vvERg==/base.apk!classes11.dex*2888641764:/data/app/~~ERS2Vb0_Lr3atThE734KvA==/io.appium.uiautomator2.server-qXkfZw9LtZYC0ZeR2vvERg==/base.apk!classes12.dex*1711778771:/data/app/~~ERS2Vb0_Lr3atThE734KvA==/io.appium.uiautomator2.server-qXkfZw9LtZYC0ZeR2vvERg==/base.apk!classes13.dex*2108421983:/data/app/~~ERS2Vb0_Lr3atThE734KvA==/io.appium.uiautomator2.server-qXkfZw9LtZYC0ZeR2vvERg==/base.apk!classes14.dex*2618393034:/data/app/~~ERS2Vb0_Lr3atThE734KvA==/io.appium.uiautomator2.server-qXkfZw9LtZYC0ZeR2vvERg==/base.apk!classes15.dex*3152272110:/data/app/~~ERS2Vb0_Lr3atThE734KvA==/io.appium.uiautomator2.server-qXkfZw9LtZYC0ZeR2vvERg==/base.apk!classes16.dex*898502560])
06-11 23:52:32.772 D/stbdpc  (  397): STB_DPGetNumPaths[570]: num_paths: 1
06-11 23:52:32.772 W/tomator2.serve(10371): Found duplicate classes, falling back to extracting from APK : /data/app/~~ERS2Vb0_Lr3atThE734KvA==/io.appium.uiautomator2.server-qXkfZw9LtZYC0ZeR2vvERg==/base.apk
06-11 23:52:32.772 W/tomator2.serve(10371): NOTE: This wastes RAM and hurts startup performance.
06-11 23:52:32.773 W/tomator2.serve(10371): Found duplicated class when checking oat files: 'L_COROUTINE/ArtificialStackFrames;' in /data/app/~~ERS2Vb0_Lr3atThE734KvA==/io.appium.uiautomator2.server-qXkfZw9LtZYC0ZeR2vvERg==/base.apk and /data/app/~~ERS2Vb0_Lr3atThE734KvA==/io.appium.uiautomator2.server-qXkfZw9LtZYC0ZeR2vvERg==/base.apk
06-11 23:52:32.873 D/stbdpc  (  397): STB_DPGetNumPaths[570]: num_paths: 1
06-11 23:52:32.878 E/adbd    (12860): failed to connect to socket 'tcp:6790': Connection refused
06-11 23:52:32.897 D/JioLauncher( 1773): overlay status check for wifi and bt remote false false
06-11 23:52:32.900 D/Match code1( 1439): 2
06-11 23:52:32.900 D/JIO_TR069-( 1439): Predefined List [com.jio.stb.catv, com.rjil.jiostbsetting, com.iwedia.ui.rjio.launcher.reliance, com.jio.stb.hotellauncher, com.jio.media.oberoi, com.jio.ott]
06-11 23:52:32.902 D/JIO_TR069-( 1439): Caller Package com.iwedia.ui.rjio.launcher.reliance
06-11 23:52:32.902 D/JIO_TR069-( 1439): White Listed Apps []
06-11 23:52:32.902 D/JIO_TR069-( 1439): Final White Listed Apps [com.jio.stb.catv, com.rjil.jiostbsetting, com.iwedia.ui.rjio.launcher.reliance, com.jio.stb.hotellauncher, com.jio.media.oberoi, com.jio.ott, ]
06-11 23:52:32.905 D/JioLauncher( 1773): network-type-------NonJioNetwork
06-11 23:52:32.909 D/JioLauncher( 1773): live-tv-previousIp-[/fe80::1%wlan0, /192.168.1.1]-newHost-[/fe80::1%wlan0, /192.168.1.1]
06-11 23:52:32.973 D/stbdpc  (  397): STB_DPGetNumPaths[570]: num_paths: 1
06-11 23:52:32.978 D/dvb_iptv(  397): ReadEmmNetworkTask[1537]: EMM Select Timeout Occured 24
06-11 23:52:33.073 D/stbdpc  (  397): STB_DPGetNumPaths[570]: num_paths: 1
06-11 23:52:33.076 E/WifiVendorHal(  633): getWifiLinkLayerStats_1_3_Internal(l.973) failed {.code = ERROR_UNKNOWN, .description = unknown error}
06-11 23:52:33.110 W/tomator2.serve(10371): Accessing hidden method Landroid/app/Instrumentation;->execStartActivity(Landroid/content/Context;Landroid/os/IBinder;Landroid/os/IBinder;Landroid/app/Activity;Landroid/content/Intent;ILandroid/os/Bundle;)Landroid/app/Instrumentation$ActivityResult; (greylist, linking, allowed)
06-11 23:52:33.110 W/tomator2.serve(10371): Accessing hidden method Landroid/app/Instrumentation;->execStartActivity(Landroid/content/Context;Landroid/os/IBinder;Landroid/os/IBinder;Ljava/lang/String;Landroid/content/Intent;ILandroid/os/Bundle;)Landroid/app/Instrumentation$ActivityResult; (greylist, linking, allowed)
06-11 23:52:33.122 D/NetworkSecurityConfig(10371): No Network Security Config specified, using platform default
06-11 23:52:33.124 D/NetworkSecurityConfig(10371): No Network Security Config specified, using platform default
06-11 23:52:33.124 I/AndroidJUnitRunner(10371): newApplication android.app.Application
06-11 23:52:33.129 I/AndroidJUnitRunner(10371): onCreate Bundle[mParcelledData.dataSize=64]
06-11 23:52:33.132 D/AndroidJUnitRunner(10371): Use the raw file system for managing file I/O.
06-11 23:52:33.154 V/TestEventClient(10371): No service name argument was given (testDiscoveryService, testRunEventService or orchestratorService)
06-11 23:52:33.155 D/AndroidJUnitRunner(10371): onStart is called.
06-11 23:52:33.173 D/stbdpc  (  397): STB_DPGetNumPaths[570]: num_paths: 1
06-11 23:52:33.182 D/TestRequestBuilder(10371): Using class path scanning to discover tests
06-11 23:52:33.183 I/ThermalService(  969): CPU temperatures: [61.600002]
06-11 23:52:33.184 I/TestRequestBuilder(10371): Scanning classpath to find tests in paths [/data/app/~~vz-LI613mzCW1_tI8sJdSA==/io.appium.uiautomator2.server.test-pndtPeicsSbNz5ltJNtTXA==/base.apk]
06-11 23:52:33.187 W/tomator2.serve(10371): Opening an oat file without a class loader. Are you using the deprecated DexFile APIs?
06-11 23:52:33.273 D/stbdpc  (  397): STB_DPGetNumPaths[570]: num_paths: 1
06-11 23:52:33.370 D/ltts_ip_emm(  397): LTTS_IP_DMXStartEMM[381]: parse_emm_cat_status failed
06-11 23:52:33.373 D/stbdpc  (  397): STB_DPGetNumPaths[570]: num_paths: 1
06-11 23:52:33.384 I/TestRunner(10371): run started: 1 tests
06-11 23:52:33.388 I/TestRunner(10371): started: startServer(io.appium.uiautomator2.server.test.AppiumUiAutomator2Server)
06-11 23:52:33.396 I/appium  (10371): >>>Entry point start<<<
06-11 23:52:33.401 I/appium  (10371): Starting ServerInstrumentation
06-11 23:52:33.441 D/rtk_heartbeat(  349): heartbeat_timed_out: heartbeatCmdCount = 11961, expected nextSeqNum = 11961
06-11 23:52:33.442 D/rtk_heartbeat(  349): rtkbt_heartbeat_cmpl_cback: Current SeqNum = 11961,should SeqNum=11961, status = 0
06-11 23:52:33.455 I/appium  (10371): buildConfig: {"VERSION_NAME":"7.5.2","APPLICATION_ID":"io.appium.uiautomator2.server","BUILD_TYPE":"debug","VERSION_CODE":215,"BUILD_TIME":"1745524365546","DEBUG":true,"FLAVOR":"server"}
06-11 23:52:33.464 I/UiDevice(10371): Creating a new instance, old instance exists: false
06-11 23:52:33.465 D/JioStbInactivityTimer(  926): Timer: count 18 warningTimeout:10680 timeout:10800
06-11 23:52:33.465 D/JioStbInactivityTimer(  926): isUserActive: Curr:11965206 Prev:11965206
06-11 23:52:33.473 D/stbdpc  (  397): STB_DPGetNumPaths[570]: num_paths: 1
06-11 23:52:33.476 V/UiAutomation(10371): Init UiAutomation@30745d0[id=41, flags=0]
06-11 23:52:33.477 D/UiDevice(10371): Setting accessibility service flags: 65618
06-11 23:52:33.479 D/dvb_iptv(  397): ReadEmmNetworkTask[1537]: EMM Select Timeout Occured 25
06-11 23:52:33.487 D/UiDevice(10371): Turning on screen.
06-11 23:52:33.503 D/MulticastUtils( 1773): Timeout 5000ms IOException:Poll timed out
06-11 23:52:33.507 D/JioLauncher( 1773): connected-network-status  1 status true time 0 lPreviousIp [/fe80::1%wlan0, /192.168.1.1] isLiveOnTop() false isOneTimeVisisbleStatus false-remoteConnectedTime-0
06-11 23:52:33.523 I/appium  (10371): AndroidServer created on port 6790
06-11 23:52:33.523 I/appium  (10371): Starting MJPEG Server
06-11 23:52:33.525 I/appium  (10371): MJPEG Server started
06-11 23:52:33.525 I/appium  (10371): ServerInstrumentation started
06-11 23:52:33.527 I/appium  (10371): ServerSocket created on port 7810
06-11 23:52:33.574 D/stbdpc  (  397): STB_DPGetNumPaths[570]: num_paths: 1
06-11 23:52:33.674 D/stbdpc  (  397): STB_DPGetNumPaths[570]: num_paths: 1
06-11 23:52:33.687 W/tomator2.serve(10371): Accessing hidden method Lsun/misc/VM;->maxDirectMemory()J (greylist, reflection, allowed)
06-11 23:52:33.690 I/PlatformDependent(10371): Your platform does not provide complete low-level API for accessing direct buffers reliably. Unless explicitly requested, heap buffer will always be preferred to avoid potential system instability.
06-11 23:52:33.699 W/tomator2.serve(10371): Accessing hidden field Lsun/nio/ch/SelectorImpl;->selectedKeys:Ljava/util/Set; (greylist, reflection, allowed)
06-11 23:52:33.699 W/tomator2.serve(10371): Accessing hidden field Lsun/nio/ch/SelectorImpl;->publicSelectedKeys:Ljava/util/Set; (greylist, reflection, allowed)
06-11 23:52:33.759 W/Thread-5(10371): type=1400 audit(0.0:15476): avc: denied { read } for name="somaxconn" dev="proc" ino=2425409 scontext=u:r:untrusted_app:s0:c96,c256,c512,c768 tcontext=u:object_r:proc_net:s0 tclass=file permissive=0 app=io.appium.uiautomator2.server
06-11 23:52:33.774 D/stbdpc  (  397): STB_DPGetNumPaths[570]: num_paths: 1
06-11 23:52:33.776 W/MacAddressUtil(10371): Failed to find a usable hardware address from the network interfaces; using random bytes: ff:eb:27:ad:80:60:3d:c8
06-11 23:52:33.861 W/ServerBootstrap(10371): Unknown channel option 'SO_KEEPALIVE' for channel '[id: 0x091ff53e]'
06-11 23:52:33.863 W/ServerBootstrap(10371): Unknown channel option 'TCP_NODELAY' for channel '[id: 0x091ff53e]'
06-11 23:52:33.874 D/stbdpc  (  397): STB_DPGetNumPaths[570]: num_paths: 1
06-11 23:52:33.878 D/BluetoothAdapter( 3050): isLeEnabled(): ON
06-11 23:52:33.880 D/BluetoothAdapter( 3050): isLeEnabled(): ON
06-11 23:52:33.885 D/BluetoothAdapterService(  764): getAdapterService() - returning com.android.bluetooth.btservice.AdapterService@cf08a1b
06-11 23:52:33.974 D/stbdpc  (  397): STB_DPGetNumPaths[570]: num_paths: 1
06-11 23:52:33.979 D/dvb_iptv(  397): ReadEmmNetworkTask[1537]: EMM Select Timeout Occured 26
06-11 23:52:33.995 I/appium  (10371): channel read: GET /status
06-11 23:52:33.998 I/appium  (10371): Status command
06-11 23:52:34.006 I/appium  (10371): AppiumResponse: {"sessionId":"None","value":{"message":"UiAutomator2 Server is ready to accept commands","ready":true}}
06-11 23:52:34.038 I/appium  (10371): channel read: POST /session
06-11 23:52:34.040 I/appium  (10371): NewSession command
06-11 23:52:34.061 W/tomator2.serve(10371): Accessing hidden field Landroid/app/UiAutomation;->mOnAccessibilityEventListener:Landroid/app/UiAutomation$OnAccessibilityEventListener; (greylist-max-o, reflection, allowed)
06-11 23:52:34.068 I/appium  (10371): Created the new session with id b6426a08-1826-4712-a748-bd6a3bbd5437 and capabilities {networkConnectionEnabled=true, warnings={}, databaseEnabled=false, deviceName=192.168.1.23:5555, platform=LINUX, deviceUDID=192.168.1.23:5555, desired={platformName=ANDROID, udid=192.168.1.23:5555, deviceName=192.168.1.23:5555, automationName=UIAutomator2}, automationName=UIAutomator2, webStorageEnabled=false, locationContextEnabled=false, takesScreenshot=true, javascriptEnabled=true, platformName=ANDROID, udid=192.168.1.23:5555}
06-11 23:52:34.075 D/stbdpc  (  397): STB_DPGetNumPaths[570]: num_paths: 1
06-11 23:52:34.080 I/appium  (10371): AppiumResponse: {"sessionId":"b6426a08-1826-4712-a748-bd6a3bbd5437","value":{"capabilities":{"firstMatch":[{"platformName":"ANDROID","udid":"192.168.1.23:5555","deviceName":"192.168.1.23:5555","automationName":"UIAutomator2","platform":"LINUX","webStorageEnabled":false,"takesScreenshot":true,"javascriptEnabled":tru
06-11 23:52:34.139 I/appium  (10371): channel read: GET /session/b6426a08-1826-4712-a748-bd6a3bbd5437/appium/device/pixel_ratio
06-11 23:52:34.140 I/appium  (10371): GetDevicePixelRatio command
06-11 23:52:34.145 I/appium  (10371): AppiumResponse: {"sessionId":"b6426a08-1826-4712-a748-bd6a3bbd5437","value":2.0}
06-11 23:52:34.153 I/appium  (10371): channel read: GET /session/b6426a08-1826-4712-a748-bd6a3bbd5437/window/current/size
06-11 23:52:34.154 I/appium  (10371): GetDeviceSize command
06-11 23:52:34.154 I/appium  (10371): channel read: GET /session/b6426a08-1826-4712-a748-bd6a3bbd5437/appium/device/system_bars
06-11 23:52:34.154 I/appium  (10371): Get window size of the device
06-11 23:52:34.156 I/appium  (10371): GetSystemBars command
06-11 23:52:34.160 I/appium  (10371): AppiumResponse: {"sessionId":"b6426a08-1826-4712-a748-bd6a3bbd5437","value":{"height":1080,"width":1920}}
06-11 23:52:34.161 I/appium  (10371): AppiumResponse: {"sessionId":"b6426a08-1826-4712-a748-bd6a3bbd5437","value":{"statusBar":0}}
06-11 23:52:34.161 I/appium  (10371): channel read: GET /session/b6426a08-1826-4712-a748-bd6a3bbd5437/appium/device/info
06-11 23:52:34.162 I/appium  (10371): GetDeviceInfo command
06-11 23:52:34.166 I/TetheringManager(10371): registerTetheringEventCallback:io.appium.uiautomator2.server
06-11 23:52:34.175 D/stbdpc  (  397): STB_DPGetNumPaths[570]: num_paths: 1
06-11 23:52:34.179 W/tomator2.serve(10371): Accessing hidden field Landroid/net/NetworkCapabilities;->mSignalStrength:I (greylist-max-p, reflection, allowed)
06-11 23:52:34.179 W/tomator2.serve(10371): Accessing hidden field Landroid/net/NetworkCapabilities;->mSSID:Ljava/lang/String; (greylist-max-o, reflection, allowed)
06-11 23:52:34.203 I/appium  (10371): AppiumResponse: {"sessionId":"b6426a08-1826-4712-a748-bd6a3bbd5437","value":{"androidId":"407ddcfd393d8270","apiVersion":"30","bluetooth":{"state":"ON"},"brand":"Jio","carrierName":"","displayDensity":320,"locale":"en_IN","manufacturer":"Jio","model":"JMSB200A","networks":[{"capabilities":{"SSID":null,"linkDownBand
06-11 23:52:34.256 I/uncher.relianc( 1773): oneway function results will be dropped but finished with status OK and parcel size 4
06-11 23:52:34.258 I/e.swalekh.abct( 1359): oneway function results will be dropped but finished with status OK and parcel size 4
06-11 23:52:34.268 D/JioSTBMRServer-SERVICE( 3589): InetSocketAddress(InetAddress.getByName(inetAddress.hostAddress)-/192.168.1.255
06-11 23:52:34.268 D/JioSTBMRServer-SERVICE( 3589): #beacon:RKISBFJ60000097:0:false:0:1:SV=181024 , 192.168.1.255
06-11 23:52:34.270 D/JioSTBMRServer-SERVICE( 3589): InetSocketAddress(InetAddress.getByName(inetAddress.hostAddress)-/192.168.1.255
06-11 23:52:34.270 D/JioSTBMRServer-SERVICE( 3589): #broadcast IP:192.168.1.255
06-11 23:52:34.275 D/stbdpc  (  397): STB_DPGetNumPaths[570]: num_paths: 1
06-11 23:52:34.375 D/stbdpc  (  397): STB_DPGetNumPaths[570]: num_paths: 1
06-11 23:52:34.441 D/rtk_heartbeat(  349): heartbeat_timed_out: heartbeatCmdCount = 11962, expected nextSeqNum = 11962
06-11 23:52:34.443 D/rtk_heartbeat(  349): rtkbt_heartbeat_cmpl_cback: Current SeqNum = 11962,should SeqNum=11962, status = 0
06-11 23:52:34.464 D/JioStbInactivityTimer(  926): Timer: count 19 warningTimeout:10680 timeout:10800
06-11 23:52:34.464 D/JioStbInactivityTimer(  926): isUserActive: Curr:11965206 Prev:11965206
06-11 23:52:34.475 D/stbdpc  (  397): STB_DPGetNumPaths[570]: num_paths: 1
06-11 23:52:34.479 D/dvb_iptv(  397): ReadEmmNetworkTask[1537]: EMM Select Timeout Occured 27
06-11 23:52:34.575 D/stbdpc  (  397): STB_DPGetNumPaths[570]: num_paths: 1
06-11 23:52:34.638 D/[11985.788842@0]  logd(    0): logdr: UID=0 GID=0 PID=10419 b tail=0 logMask=99 pid=0 start=0ns timeout=0ns
06-11 23:52:34.639 D/[11985.789116@3]  logd(    0): Skipping 4294967295 entries from slow reader, pid 10419, from LogBuffer::kickMe()
--------- beginning of system
06-11 23:52:34.819 I/ActivityTaskManager(  633): START u0 {flg=0x10000000 cmp=in.startv.hotstar/com.hotstar.MainActivity} from uid 0
06-11 23:52:34.819 D/ActivityStarter(  633):  
06-11 23:52:34.819 D/ActivityStarter(  633): launchedPkgName :: in.startv.hotstar 
06-11 23:52:34.819 D/ActivityStarter(  633): callingPackage :: com.android.shell 
06-11 23:52:34.819 D/ActivityStarter(  633): callingUid :: 0 
06-11 23:52:34.819 D/ActivityStarter(  633): callingPid :: 10431
06-11 23:52:34.676 I/chatty  (  397): uid=0(root) DK-SiCntrl identical 1 line
06-11 23:52:34.776 D/stbdpc  (  397): STB_DPGetNumPaths[570]: num_paths: 1
06-11 23:52:34.819 D/ActivityTaskManager(  633): OTHER app is launched
06-11 23:52:34.823 D/JioAppOptimizer( 1722): AppOptimizerService :: handleMessage()
06-11 23:52:34.826 V/DigitalSignage(  633): Package Name: null
06-11 23:52:34.826 V/DigitalSignage(  633): Left: 0
06-11 23:52:34.826 V/DigitalSignage(  633): Right: 0
06-11 23:52:34.826 V/DigitalSignage(  633): Top: 0
06-11 23:52:34.827 V/DigitalSignage(  633): Bottom: 0
06-11 23:52:34.827 D/DigitalSignage(  633): else - Package Name :: null left : 0 right :: 0 top :: 0 bottom :: 0 dfu-right :: 1920 dfu-bottom :: 1080
06-11 23:52:34.830 D/JioAppOptimizer( 1722): AppOptimizerService :: handleMessage() : Foreground Package=in.startv.hotstar
06-11 23:52:34.830 D/JioAppOptimizer( 1722): AppOptimizerService :: handleMessage() : Free memory available in MB : 673.48828125
06-11 23:52:34.830 D/JioAppOptimizer( 1722): AppOptimizerService :: handleMessage() : checkAndRemoveBackgroundApps()
06-11 23:52:34.830 D/JioAppOptimizer( 1722): AppOptimizerService :: checkAndRemoveBackgroundApps()
06-11 23:52:34.830 I/cmd     (10431): oneway function results will be dropped but finished with status OK and parcel size 4
06-11 23:52:34.831 D/JioLauncher( 1773): package-unregisterReceiver-for-downloadFeedBackReceiver
06-11 23:52:34.831 D/JioLauncher( 1773): intro-activity-on-pause
06-11 23:52:34.831 D/JioLauncher( 1773): recommendation-pause-called-no-recommendation-call-in-progress-cancel-handler
06-11 23:52:34.831 D/JioLauncher( 1773): ipl-pause-called-no-ipl-call-in-progress-cancel-handler
06-11 23:52:34.831 D/JioLauncher( 1773): for-u-recommendation-api-call-remove
06-11 23:52:34.831 D/JioLauncher( 1773): ipl-promotion-pause-called-no-ads-call-in-progress-cancel-handler
06-11 23:52:34.831 D/JioLauncher( 1773): ThreadCount-237
06-11 23:52:34.831 D/JioLauncher( 1773): isInactivityPopupDisplaying-{"inactivity_status_modified_time":1420050609621,"inactivity_status":false,"inactivity_window_timeout":120000}
06-11 23:52:34.831 D/JioLauncher( 1773): inactivity_status-false- result-false
06-11 23:52:34.832 D/JioLauncher( 1773): overlay-removing-type-LIVE_TV_ALERT_TYPE  -isInactivityPopupDisplaying-false
06-11 23:52:34.832 D/JioLauncher( 1773): ThreadCount-237
06-11 23:52:34.832 D/JioLauncher( 1773): isInactivityPopupDisplaying-{"inactivity_status_modified_time":1420050609621,"inactivity_status":false,"inactivity_window_timeout":120000}
06-11 23:52:34.832 D/JioLauncher( 1773): inactivity_status-false- result-false
06-11 23:52:34.832 D/JioLauncher( 1773): block-apps 1 null false
06-11 23:52:34.832 D/JioLauncher( 1773): global-key-unblock-all-key
06-11 23:52:34.835 D/JioLauncher( 1773): block-apps -1 null false
06-11 23:52:34.836 D/JioLauncher( 1773): global-key-block-all-key--others
06-11 23:52:34.840 D/CompatibilityChangeReporter(  633): Compat change id reported: 135634846; UID 10072; state: DISABLED
06-11 23:52:34.841 D/CompatibilityChangeReporter(  633): Compat change id reported: 143937733; UID 10072; state: ENABLED
06-11 23:52:34.855 V/DigitalSignage(  633): Package Name: null
06-11 23:52:34.857 V/DigitalSignage(  633): Left: 0
06-11 23:52:34.857 V/DigitalSignage(  633): Right: 0
06-11 23:52:34.857 V/DigitalSignage(  633): Top: 0
06-11 23:52:34.857 V/DigitalSignage(  633): Bottom: 0
06-11 23:52:34.857 D/DigitalSignage(  633): else - Package Name :: null left : 0 right :: 0 top :: 0 bottom :: 0 dfu-right :: 1920 dfu-bottom :: 1080
06-11 23:52:34.876 D/stbdpc  (  397): STB_DPGetNumPaths[570]: num_paths: 1
06-11 23:52:34.879 I/appium  (10371): channel read: POST /session/b6426a08-1826-4712-a748-bd6a3bbd5437/element
06-11 23:52:34.881 I/appium  (10371): FindElement command
06-11 23:52:34.883 D/Zygote  (  324): Forked child process 10434
06-11 23:52:34.884 I/appium  (10371): method: 'xpath', selector: '//android.widget.ImageView[@resource-id='in.startv.hotstar:id/iv_profile']'
06-11 23:52:34.888 I/appium  (10371): Waiting up to 10000ms for the device to idle
06-11 23:52:34.894 W/ActivityManager(  633): Slow operation: 57ms so far, now at startProcess: returned from zygote!
06-11 23:52:34.894 W/ActivityManager(  633): Slow operation: 57ms so far, now at startProcess: done updating battery stats
06-11 23:52:34.894 W/ActivityManager(  633): Slow operation: 58ms so far, now at startProcess: building log message
06-11 23:52:34.894 I/ActivityManager(  633): Start proc 10434:in.startv.hotstar/u0a72 for pre-top-activity {in.startv.hotstar/com.hotstar.MainActivity}
06-11 23:52:34.894 W/ActivityManager(  633): Slow operation: 58ms so far, now at startProcess: starting to update pids map
06-11 23:52:34.895 W/ActivityManager(  633): Slow operation: 58ms so far, now at startProcess: done updating pids map
06-11 23:52:34.898 V/DigitalSignage(  633): Package Name: null
06-11 23:52:34.898 V/DigitalSignage(  633): Left: 0
06-11 23:52:34.898 V/DigitalSignage(  633): Right: 0
06-11 23:52:34.898 V/DigitalSignage(  633): Top: 0
06-11 23:52:34.898 V/DigitalSignage(  633): Bottom: 0
06-11 23:52:34.898 D/DigitalSignage(  633): else - Package Name :: null left : 0 right :: 0 top :: 0 bottom :: 0 dfu-right :: 1920 dfu-bottom :: 1080
06-11 23:52:34.908 I/adbd    (12860): jdwp connection from 10434
06-11 23:52:34.921 D/ActivityTaskManager(  633): JioHomeManagerService :: ActivityRecord :: setState :: StateFrom :: INITIALIZING StateTo :: RESUMED 
06-11 23:52:34.930 V/DigitalSignage(  633): Package Name: null
06-11 23:52:34.930 V/DigitalSignage(  633): Left: 0
06-11 23:52:34.930 V/DigitalSignage(  633): Right: 0
06-11 23:52:34.930 V/DigitalSignage(  633): Top: 0
06-11 23:52:34.930 V/DigitalSignage(  633): Bottom: 0
06-11 23:52:34.930 D/DigitalSignage(  633): else - Package Name :: null left : 0 right :: 0 top :: 0 bottom :: 0 dfu-right :: 1920 dfu-bottom :: 1080
06-11 23:52:34.935 D/ActivityManager(  633): JioHomeManagerService :: StateFrom :: INITIALIZING StateTo :: RESUMED Activity :: in.startv.hotstar/com.hotstar.MainActivity Action :: com.jio.remote.action.applaunch
06-11 23:52:34.935 D/NetflixService(  969): onForegroundActivitiesChanged pid:10434,uid:10072,fg:true
06-11 23:52:34.937 D/NetflixService(  969): processName:com.netflix.ninja,importance:300
06-11 23:52:34.939 I/android.hardware.power-service.libperfmgr(  366): Power setBoost: INTERACTION duration: 0
06-11 23:52:34.940 I/libperfmgr(  366): Do Powerhint: INTERACTION
06-11 23:52:34.941 V/DigitalSignage(  633): Package Name: null
06-11 23:52:34.941 V/DigitalSignage(  633): Left: 0
06-11 23:52:34.941 V/DigitalSignage(  633): Right: 0
06-11 23:52:34.941 V/DigitalSignage(  633): Top: 0
06-11 23:52:34.941 V/DigitalSignage(  633): Bottom: 0
06-11 23:52:34.941 D/DigitalSignage(  633): else - Package Name :: null left : 0 right :: 0 top :: 0 bottom :: 0 dfu-right :: 1920 dfu-bottom :: 1080
06-11 23:52:34.966 D/NetworkSecurityConfig(10434): Using Network Security Config from resource network_security_config debugBuild: false
06-11 23:52:34.967 D/NetworkSecurityConfig(10434): Using Network Security Config from resource network_security_config debugBuild: false
06-11 23:52:34.976 D/stbdpc  (  397): STB_DPGetNumPaths[570]: num_paths: 1
06-11 23:52:34.979 D/dvb_iptv(  397): ReadEmmNetworkTask[1537]: EMM Select Timeout Occured 28
06-11 23:52:34.996 D/SessionsDependencies(10434): Dependency to CRASHLYTICS added.
06-11 23:52:35.011 I/FirebaseApp(10434): Device unlocked: initializing all Firebase APIs for app [DEFAULT]
06-11 23:52:35.034 D/FirebaseSessions(10434): Initializing Firebase Sessions SDK.
06-11 23:52:35.044 I/FirebaseCrashlytics(10434): Initializing Firebase Crashlytics 19.3.0 for in.startv.hotstar
06-11 23:52:35.048 W/GooglePlayServicesUtil(10434): in.startv.hotstar requires the Google Play Store, but it is missing.
06-11 23:52:35.048 E/DynamiteModule(10434): Invalid GmsCore APK, remote loading disabled.
06-11 23:52:35.048 I/DynamiteModule(10434): Considering local module com.google.android.gms.measurement.dynamite:127 and remote module com.google.android.gms.measurement.dynamite:0
06-11 23:52:35.048 I/DynamiteModule(10434): Selected local version of com.google.android.gms.measurement.dynamite
06-11 23:52:35.050 E/DynamiteModule(10434): Invalid GmsCore APK, remote loading disabled.
06-11 23:52:35.061 W/FA      (10434): Failed to register event listener on calling thread. Trying again on the dynamite thread.
06-11 23:52:35.063 D/SessionsDependencies(10434): Subscriber CRASHLYTICS registered.
06-11 23:52:35.076 D/stbdpc  (  397): STB_DPGetNumPaths[570]: num_paths: 1
06-11 23:52:35.088 I/FA      (10434): App measurement initialized, version: 106000
06-11 23:52:35.089 I/FA      (10434): To enable debug logging run: adb shell setprop log.tag.FA VERBOSE
06-11 23:52:35.091 I/FA      (10434): To enable faster debug mode event logging run:
06-11 23:52:35.091 I/FA      (10434):   adb shell setprop debug.firebase.analytics.app in.startv.hotstar
06-11 23:52:35.094 D/LifecycleServiceBinder(10434): Binding service to application.
06-11 23:52:35.133 I/FirebaseInitProvider(10434): FirebaseApp initialization successful
06-11 23:52:35.138 D/WM-WrkMgrInitializer(10434): Initializing WorkManager with default configuration.
06-11 23:52:35.150 I/TetheringManager(10434): registerTetheringEventCallback:in.startv.hotstar
06-11 23:52:35.167 E/DynamiteModule(10434): Invalid GmsCore APK, remote loading disabled.
06-11 23:52:35.167 I/DynamiteModule(10434): Considering local module com.google.android.gms.cast_tv_dynamite:1 and remote module com.google.android.gms.cast_tv_dynamite:0
06-11 23:52:35.167 I/DynamiteModule(10434): Selected local version of com.google.android.gms.cast_tv_dynamite
06-11 23:52:35.177 D/stbdpc  (  397): STB_DPGetNumPaths[570]: num_paths: 1
06-11 23:52:35.187 W/GooglePlayServicesUtil(10434): in.startv.hotstar requires the Google Play Store, but it is missing.
06-11 23:52:35.187 W/FA      (10434): Service invalid
06-11 23:52:35.203 I/ThermalService(  969): CPU temperatures: [63.4]
06-11 23:52:35.233 I/AmFFmpegExtractor(  447): checkInList: isw:0, m:audio/mpeg, t:1, i:86017 t:0
