06-11 22:14:14.764 F/linker  ( 4779): CANNOT LINK EXECUTABLE "/system/bin/smartcable/smartCableSTBApp": library "libmosquitto.so" not found: needed by main executable
06-11 22:14:15.978 W/[ 6087.128607@3]  RTW(    0): fill_default_txdesc(wlan0): SP Packet(0x0806) rate=0x4 SeqNum = 2930
06-11 22:14:19.767 F/linker  ( 4789): CANNOT LINK EXECUTABLE "/system/bin/smartcable/smartCableSTBApp": library "libmosquitto.so" not found: needed by main executable
06-11 22:14:20.998 W/[ 6092.150110@1]  RTW(    0): fill_default_txdesc(wlan0): SP Packet(0x0806) rate=0x4 SeqNum = 3284
06-11 22:14:22.640 W/[ 6093.788646@0]  RTW(    0): fill_default_txdesc(wlan0): SP Packet(0x0806) rate=0x4 SeqNum = 3397
06-11 22:14:24.769 F/linker  ( 4804): CANNOT LINK EXECUTABLE "/system/bin/smartcable/smartCableSTBApp": library "libmosquitto.so" not found: needed by main executable
06-11 22:14:26.115 W/[ 6097.266730@0]  RTW(    0): fill_default_txdesc(wlan0): SP Packet(0x0806) rate=0x4 SeqNum = 3578
06-11 22:14:29.776 F/linker  ( 4815): CANNOT LINK EXECUTABLE "/system/bin/smartcable/smartCableSTBApp": library "libmosquitto.so" not found: needed by main executable
06-11 22:14:30.722 W/[ 6101.875282@1]  RTW(    0): fill_default_txdesc(wlan0): SP Packet(0x0806) rate=0x4 SeqNum = 3883
06-11 22:14:34.785 F/linker  ( 4832): CANNOT LINK EXECUTABLE "/system/bin/smartcable/smartCableSTBApp": library "libmosquitto.so" not found: needed by main executable
06-11 22:14:36.430 W/[ 6107.582702@0]  RTW(    0): fill_default_txdesc(wlan0): SP Packet(0x0806) rate=0x4 SeqNum = 268
06-11 22:14:39.789 F/linker  ( 4848): CANNOT LINK EXECUTABLE "/system/bin/smartcable/smartCableSTBApp": library "libmosquitto.so" not found: needed by main executable
06-11 22:14:40.226 I/[ 6111.377437@0]  resman(    0): 81 appname:OMX-61, type=0
06-11 22:14:40.278 I/[ 6111.430245@1]  resman(    0): 81 acquire [decoder], preempt yes
06-11 22:14:40.279 I/[ 6111.430257@1]  resman(    0): 81 acquire [decoder] success
06-11 22:14:40.279 I/[ 6111.430287@1]  resman(    0): 81 acquire [codec_mm], preempt yes
06-11 22:14:40.279 I/[ 6111.430295@1]  resman(    0): 81 score 60 secure no
06-11 22:14:40.279 I/[ 6111.430300@1]  resman(    0): 81 acquire [codec_mm] success
06-11 22:14:40.290 I/[ 6111.438760@1]  [amlv4l](    0): [79]: DW:10, TW:0, Margin:5
06-11 22:14:40.290 D/[ 6111.439370@1]  [amlcom](    0): vdec_create instance 00000000968e70db, total 1, PM: power-domain
06-11 22:14:40.290 D/[ 6111.439508@1]  [media_clock](    0): vdec mux clock is 799999988 Hz
06-11 22:14:40.290 I/[ 6111.439686@1]  [amlcom](    0): vdec_init, dev_name:ammvdec_h264_v4l, vdec_type=VDEC_TYPE_FRAME_BLOCK, format: 2, total: 1
06-11 22:14:40.290 D/[ 6111.441586@1]  [h264](    0): 0: pdata->config=parm_v4l_codec_enable:1;mh264_double_write_mode:16;parm_v4l_buffer_margin:5;parm_v4l_canvas_mem_mode:0;parm_v4l_canvas_mem_endian:0;parm_v4l_low_latency_mode:0;parm_v4l_metadata_config_flag:49154;parm_v4l_duration:3840;
06-11 22:14:40.290 D/[ 6111.441630@1]  [h264](    0): ammvdec_h264_mmu_init tvp = 0x0
06-11 22:14:40.294 D/[ 6111.445538@1]  [media_clock](    0): vdec mux clock is 799999988 Hz
06-11 22:14:40.299 D/[ 6111.449182@2]  [h264](    0): vh264_init, phy_addr=56e29000 vaddr=000000005e0e2670
06-11 22:14:40.399 D/[ 6111.552074@3]  [h264](    0): 0: vmh264_get_ps_info mmu_enable 0 double_write_mode 0x10
06-11 22:14:40.399 I/[ 6111.552098@3]  [amlv4l](    0): [79]: Parse from ucode, visible(1920 x 1080), coded(1920 x 1088), scan:P, bitdepth(0), dw(10)
06-11 22:14:40.399 I/[ 6111.552145@2]  [amlv4l](    0): [79]: Picture buffer count: dec:5, vpp:0, ge2d:0, margin:5, total:10
06-11 22:14:40.399 D/[ 6111.552153@2]  [amlv4l](    0): [79]: Post event: res chg
06-11 22:14:40.409 I/[ 6111.560231@2]  dim(    0): reg:use[1]ms
06-11 22:14:40.409 I/[ 6111.560244@2]  dim(    0): create:ch[2],tmode[3]
06-11 22:14:40.409 I/[ 6111.560247@2]  dim(    0): out:0x80000000
06-11 22:14:40.409 D/[ 6111.562236@0]  [h264](    0): 0: restriction_flag=0, max_dec_frame_buffering=4, dec_dpb_size=5 num_reorder_frames 2 used_reorder_dpb_size_margin 5
06-11 22:14:40.435 D/[ 6111.585749@0]  [h264](    0): 0: decoder duration change old: 0 new: 3840
06-11 22:14:40.435 I/[ 6111.585888@3]  dim(    0): value reg:ch[2]:fix_buf:0;ponly <0,0>
06-11 22:14:40.435 I/[ 6111.585906@3]  dim(    0): di_cnt_i_buf1:tvp:0
06-11 22:14:40.435 I/[ 6111.585916@3]  dim(    0): buf large::0x4fb000, 0x5a1000
06-11 22:14:40.435 I/[ 6111.585954@3]  vpu(    0): vpu: vpu_dev_clk_gate_on: unsupport vpu mod: 72
06-11 22:14:40.435 I/[ 6111.586835@3]  dim(    0): ch[2]:reg:mem cfg[0][0][0]
06-11 22:14:40.490 I/[ 6111.643676@1]  VID(    0): VD1 off
06-11 22:14:40.490 I/[ 6111.643865@1]  vc(    0): [0]vc: set enable index=0, val=1
06-11 22:14:40.490 I/        (    0): [ 6111.643891@1]  dev->index =0, val=2
06-11 22:14:40.490 I/[ 6111.643894@1]  VID(    0): VD1 off
06-11 22:14:40.490 I/[ 6111.643901@1]  VID(    0): VD1 set global output as 1
06-11 22:14:40.490 I/[ 6111.643933@1]  VID(    0): store VD0 path_id changed -1->2
06-11 22:14:40.491 I/[ 6111.643956@1]  vc(    0): [0]sideband_type =-1
06-11 22:14:40.941 W/[ 6112.089184@1]  RTW(    0): fill_default_txdesc(wlan0): SP Packet(0x0806) rate=0x4 SeqNum = 1868
06-11 22:14:41.614 W/[ 6112.764663@2]  RTW(    0): Turbo EDCA =0xa42b
06-11 22:14:43.119 W/[ 6114.271751@3]  audit(    0): audit_lost=6557 audit_rate_limit=5 audit_backlog_limit=64
06-11 22:14:43.119 E/[ 6114.271761@3]  audit(    0): rate limit exceeded
06-11 22:14:44.798 F/linker  ( 4908): CANNOT LINK EXECUTABLE "/system/bin/smartcable/smartCableSTBApp": library "libmosquitto.so" not found: needed by main executable
06-11 22:14:45.704 W/[ 6116.855260@2]  RTW(    0): fill_default_txdesc(wlan0): SP Packet(0x0806) rate=0x4 SeqNum = 1411
06-11 22:14:47.662 W/[ 6118.812911@0]  RTW(    0): Turbo EDCA =0x5ea42b
06-11 22:14:49.794 F/linker  ( 4927): CANNOT LINK EXECUTABLE "/system/bin/smartcable/smartCableSTBApp": library "libmosquitto.so" not found: needed by main executable
06-11 22:14:50.714 W/[ 6121.866394@1]  RTW(    0): fill_default_txdesc(wlan0): SP Packet(0x0806) rate=0x4 SeqNum = 2917
06-11 22:14:54.799 F/linker  ( 4939): CANNOT LINK EXECUTABLE "/system/bin/smartcable/smartCableSTBApp": library "libmosquitto.so" not found: needed by main executable
06-11 22:14:55.870 W/[ 6127.020936@1]  RTW(    0): fill_default_txdesc(wlan0): SP Packet(0x0806) rate=0x4 SeqNum = 559
06-11 22:14:59.808 F/linker  ( 4954): CANNOT LINK EXECUTABLE "/system/bin/smartcable/smartCableSTBApp": library "libmosquitto.so" not found: needed by main executable
06-11 22:15:01.382 I/[ 6132.534795@2]  dim(    0): ch[2] in eos p-other
06-11 22:15:01.385 D/[ 6132.534983@2]  [amlv4l](    0): [79]: Post event: eos
06-11 22:15:01.385 I/[ 6132.535636@2]  [amlv4l](    0): [79]: reset mode: 1, es frames buffering: 0
06-11 22:15:01.390 I/[ 6132.544065@2]  [amlv4l](    0): [79]: reset mode: 1, es frames buffering: 0
06-11 22:15:01.418 I/[ 6132.568595@3]  dim(    0): unreg:2keep[0], msk:[0x0,0x0]
06-11 22:15:01.418 W/[ 6132.570200@0]  RTW(    0): fill_default_txdesc(wlan0): SP Packet(0x0806) rate=0x4 SeqNum = 1560
06-11 22:15:01.426 I/[ 6132.578675@3]  vpu(    0): vpu: vpu_dev_clk_gate_off: unsupport vpu mod: 72
06-11 22:15:01.426 I/[ 6132.578967@3]  dim(    0): unreg:use[28]ms
06-11 22:15:01.427 I/[ 6132.578973@3]  dim(    0): di_destroy_instance:ch[2]:end
06-11 22:15:01.427 I/[ 6132.579063@3]  dim(    0): reg:use[0]ms
06-11 22:15:01.427 I/[ 6132.579070@3]  dim(    0): create:ch[2],tmode[3]
06-11 22:15:01.427 I/[ 6132.579074@3]  dim(    0): out:0x80000000
06-11 22:15:01.427 I/[ 6132.579913@3]  [amlv4l](    0): [79]: reset mode: 1, es frames buffering: 0
06-11 22:15:01.434 I/[ 6132.585136@0]  [amlv4l](    0): [79]: reset mode: 1, es frames buffering: 0
06-11 22:15:01.451 I/[ 6132.602860@3]  [amlv4l](    0): [79]: reset mode: 1, es frames buffering: 0
06-11 22:15:01.459 D/[ 6132.611225@1]  [amlcom](    0): vdec_release instance 00000000968e70db, total 1
06-11 22:15:01.459 D/[ 6132.611403@1]  [media_clock](    0): the clk_vdec_mux    clock off, ref cnt: 0
06-11 22:15:01.459 I/[ 6132.612307@3]  dim(    0): unreg:use[1]ms
06-11 22:15:01.459 I/[ 6132.612321@3]  dim(    0): di_destroy_instance:ch[2]:end
06-11 22:15:01.462 I/[ 6132.613628@2]  resman(    0): 81 release [decoder]
06-11 22:15:01.463 I/[ 6132.613643@2]  resman(    0): 81 release [codec_mm]
06-11 22:15:01.463 E/        (    0): [ 6132.615556@3]  disalbe fastplay
06-11 22:15:01.470 I/[ 6132.623859@3]  resman(    0): 82 appname:OMX-62, type=0
06-11 22:15:01.530 I/[ 6132.681343@0]  resman(    0): 82 acquire [decoder], preempt yes
06-11 22:15:01.531 I/[ 6132.681354@0]  resman(    0): 82 acquire [decoder] success
06-11 22:15:01.531 I/[ 6132.681394@0]  resman(    0): 82 acquire [codec_mm], preempt yes
06-11 22:15:01.531 I/[ 6132.681402@0]  resman(    0): 82 score 60 secure no
06-11 22:15:01.531 I/[ 6132.681408@0]  resman(    0): 82 acquire [codec_mm] success
06-11 22:15:01.534 I/[ 6132.688235@3]  [amlv4l](    0): [81]: DW:10, TW:0, Margin:5
06-11 22:15:01.535 D/[ 6132.688505@3]  [amlcom](    0): vdec_create instance 000000002380eac1, total 1, PM: power-domain
06-11 22:15:01.535 D/[ 6132.688687@3]  [media_clock](    0): vdec mux clock is 799999988 Hz
06-11 22:15:01.539 I/[ 6132.688867@3]  [amlcom](    0): vdec_init, dev_name:ammvdec_h264_v4l, vdec_type=VDEC_TYPE_FRAME_BLOCK, format: 2, total: 1
06-11 22:15:01.539 D/[ 6132.689532@3]  [h264](    0): 0: pdata->config=parm_v4l_codec_enable:1;mh264_double_write_mode:16;parm_v4l_buffer_margin:5;parm_v4l_canvas_mem_mode:0;parm_v4l_canvas_mem_endian:0;parm_v4l_low_latency_mode:0;parm_v4l_metadata_config_flag:49154;parm_v4l_duration:4000;
06-11 22:15:01.539 D/[ 6132.689578@3]  [h264](    0): ammvdec_h264_mmu_init tvp = 0x0
06-11 22:15:01.542 D/[ 6132.694376@1]  [media_clock](    0): vdec mux clock is 799999988 Hz
06-11 22:15:01.543 D/[ 6132.696152@3]  [h264](    0): vh264_init, phy_addr=56e29000 vaddr=000000005578539d
06-11 22:15:01.607 D/[ 6132.760280@0]  [h264](    0): 0: vmh264_get_ps_info mmu_enable 0 double_write_mode 0x10
06-11 22:15:01.607 I/[ 6132.760314@0]  [amlv4l](    0): [81]: Parse from ucode, visible(1920 x 1080), coded(1920 x 1088), scan:P, bitdepth(0), dw(10)
06-11 22:15:01.607 I/[ 6132.761257@0]  [amlv4l](    0): [81]: Picture buffer count: dec:5, vpp:0, ge2d:0, margin:5, total:10
06-11 22:15:01.607 D/[ 6132.761273@0]  [amlv4l](    0): [81]: Post event: res chg
06-11 22:15:01.618 I/[ 6132.769361@2]  dim(    0): reg:use[1]ms
06-11 22:15:01.622 I/[ 6132.769377@2]  dim(    0): create:ch[2],tmode[3]
06-11 22:15:01.623 I/[ 6132.769380@2]  dim(    0): out:0x80000000
06-11 22:15:01.623 D/[ 6132.774880@0]  [h264](    0): 0: restriction_flag=0, max_dec_frame_buffering=4, dec_dpb_size=5 num_reorder_frames 3 used_reorder_dpb_size_margin 5
06-11 22:15:01.639 D/[ 6132.789475@0]  [h264](    0): 0: decoder duration change old: 0 new: 4000
06-11 22:15:01.639 I/[ 6132.789629@3]  dim(    0): value reg:ch[2]:fix_buf:0;ponly <0,0>
06-11 22:15:01.639 I/[ 6132.789646@3]  dim(    0): di_cnt_i_buf1:tvp:0
06-11 22:15:01.639 I/[ 6132.789656@3]  dim(    0): buf large::0x4fb000, 0x5a1000
06-11 22:15:01.639 I/[ 6132.789691@3]  vpu(    0): vpu: vpu_dev_clk_gate_on: unsupport vpu mod: 72
06-11 22:15:01.639 I/[ 6132.790601@3]  dim(    0): ch[2]:reg:mem cfg[0][0][0]
06-11 22:15:01.714 D/[ 6132.866666@1]  [amlcom](    0): vdec_save_input_context, disconnecting
06-11 22:15:01.715 I/[ 6132.866741@1]  [amlv4l](    0): [81]: reset mode: 1, es frames buffering: 5
06-11 22:15:01.722 I/[ 6132.873323@1]  [amlv4l](    0): [81]: reset mode: 1, es frames buffering: 0
06-11 22:15:01.751 I/[ 6132.900615@3]  dim(    0): unreg:2keep[0], msk:[0x0,0x0]
06-11 22:15:01.759 I/[ 6132.910731@3]  vpu(    0): vpu: vpu_dev_clk_gate_off: unsupport vpu mod: 72
06-11 22:15:01.760 I/[ 6132.911354@2]  dim(    0): unreg:use[28]ms
06-11 22:15:01.760 I/[ 6132.911367@2]  dim(    0): di_destroy_instance:ch[2]:end
06-11 22:15:01.760 I/[ 6132.912008@2]  dim(    0): reg:use[1]ms
06-11 22:15:01.760 I/[ 6132.912050@2]  dim(    0): create:ch[2],tmode[3]
06-11 22:15:01.760 I/[ 6132.912054@2]  dim(    0): out:0x80000000
06-11 22:15:01.766 I/[ 6132.917656@2]  [amlv4l](    0): [81]: reset mode: 1, es frames buffering: 0
06-11 22:15:01.774 I/[ 6132.925035@0]  [amlv4l](    0): [81]: reset mode: 1, es frames buffering: 0
06-11 22:15:01.775 W/[ 6132.925782@1]  RTW(    0): Turbo EDCA =0xa42b
06-11 22:15:01.791 I/[ 6132.942192@0]  dim(    0): unreg:use[0]ms
06-11 22:15:01.795 I/[ 6132.942204@0]  dim(    0): di_destroy_instance:ch[2]:end
06-11 22:15:01.797 I/[ 6132.942422@0]  dim(    0): reg:use[0]ms
06-11 22:15:01.797 I/[ 6132.942434@0]  dim(    0): create:ch[2],tmode[3]
06-11 22:15:01.797 I/[ 6132.942437@0]  dim(    0): out:0x80000000
06-11 22:15:02.089 I/[ 6133.242437@0]  dim(    0): value reg:ch[2]:fix_buf:0;ponly <0,0>
06-11 22:15:02.090 I/[ 6133.242455@0]  dim(    0): di_cnt_i_buf1:tvp:0
06-11 22:15:02.090 I/[ 6133.242466@0]  dim(    0): buf large::0x4fb000, 0x5a1000
06-11 22:15:02.091 I/[ 6133.242521@0]  vpu(    0): vpu: vpu_dev_clk_gate_on: unsupport vpu mod: 72
06-11 22:15:02.091 I/[ 6133.243504@0]  dim(    0): ch[2]:reg:mem cfg[0][0][0]
06-11 22:15:04.819 F/linker  ( 5000): CANNOT LINK EXECUTABLE "/system/bin/smartcable/smartCableSTBApp": library "libmosquitto.so" not found: needed by main executable
06-11 22:15:06.162 W/[ 6137.312531@1]  RTW(    0): fill_default_txdesc(wlan0): SP Packet(0x0806) rate=0x4 SeqNum = 2300
06-11 22:15:09.818 F/linker  ( 5020): CANNOT LINK EXECUTABLE "/system/bin/smartcable/smartCableSTBApp": library "libmosquitto.so" not found: needed by main executable
06-11 22:15:11.282 W/[ 6142.436076@1]  RTW(    0): fill_default_txdesc(wlan0): SP Packet(0x0806) rate=0x4 SeqNum = 3285
06-11 22:15:14.807 E/[ 6145.960375@1]  selinux(    0): SELinux: Could not get canonical path for /sys/kernel/dmabuf/buffers/1119057/attachments restorecon: No such file or directory.
06-11 22:15:14.807 E/[ 6145.960391@1]  selinux(    0):  
06-11 22:15:14.807 E/[ 6145.960623@1]  ueventd(    0): selinux_android_restorecon(/sys/kernel/dmabuf/buffers/1119057/attachments) failed: No such file or directory
06-11 22:15:14.825 F/linker  ( 5036): CANNOT LINK EXECUTABLE "/system/bin/smartcable/smartCableSTBApp": library "libmosquitto.so" not found: needed by main executable
06-11 22:15:15.729 W/[ 6146.881258@0]  RTW(    0): fill_default_txdesc(wlan0): SP Packet(0x0806) rate=0x4 SeqNum = 2511
06-11 22:15:19.798 W/[ 6150.952495@0]  audit(    0): audit_lost=6560 audit_rate_limit=5 audit_backlog_limit=64
06-11 22:15:19.798 E/[ 6150.952505@0]  audit(    0): rate limit exceeded
06-11 22:15:19.823 F/linker  ( 5047): CANNOT LINK EXECUTABLE "/system/bin/smartcable/smartCableSTBApp": library "libmosquitto.so" not found: needed by main executable
06-11 22:15:20.782 W/[ 6151.932939@3]  RTW(    0): fill_default_txdesc(wlan0): SP Packet(0x0806) rate=0x4 SeqNum = 2654
06-11 22:15:20.902 W/[ 6152.054823@1]  audit(    0): audit_lost=6678 audit_rate_limit=5 audit_backlog_limit=64
06-11 22:15:20.902 E/[ 6152.054832@1]  audit(    0): rate limit exceeded
06-11 22:15:21.934 W/[ 6153.084722@1]  RTW(    0): Turbo EDCA =0x5ea42b
06-11 22:15:23.950 W/[ 6155.100848@0]  RTW(    0): Turbo EDCA =0xa42b
06-11 22:15:24.834 F/linker  ( 5064): CANNOT LINK EXECUTABLE "/system/bin/smartcable/smartCableSTBApp": library "libmosquitto.so" not found: needed by main executable
06-11 22:15:25.966 W/[ 6157.116786@1]  RTW(    0): Turbo EDCA =0x5ea42b
06-11 22:15:26.666 W/[ 6157.819221@0]  RTW(    0): fill_default_txdesc(wlan0): SP Packet(0x0806) rate=0x4 SeqNum = 3890
06-11 22:15:29.841 F/linker  ( 5079): CANNOT LINK EXECUTABLE "/system/bin/smartcable/smartCableSTBApp": library "libmosquitto.so" not found: needed by main executable
06-11 22:15:29.998 W/[ 6161.148747@3]  RTW(    0): Turbo EDCA =0xa42b
06-11 22:15:30.794 W/[ 6161.947864@0]  RTW(    0): fill_default_txdesc(wlan0): SP Packet(0x0806) rate=0x4 SeqNum = 583
06-11 22:15:32.012 W/[ 6163.164702@0]  RTW(    0): Turbo EDCA =0x5ea42b
06-11 22:15:34.847 F/linker  ( 5093): CANNOT LINK EXECUTABLE "/system/bin/smartcable/smartCableSTBApp": library "libmosquitto.so" not found: needed by main executable
06-11 22:15:35.898 W/[ 6167.052109@0]  RTW(    0): fill_default_txdesc(wlan0): SP Packet(0x0806) rate=0x4 SeqNum = 1350
06-11 22:15:36.046 W/[ 6167.196721@2]  RTW(    0): Turbo EDCA =0xa42b
06-11 22:15:39.856 F/linker  ( 5105): CANNOT LINK EXECUTABLE "/system/bin/smartcable/smartCableSTBApp": library "libmosquitto.so" not found: needed by main executable
06-11 22:15:40.082 W/[ 6171.232912@3]  RTW(    0): Turbo EDCA =0x5ea42b
06-11 22:15:40.998 W/[ 6172.151191@2]  RTW(    0): fill_default_txdesc(wlan0): SP Packet(0x0806) rate=0x4 SeqNum = 1942
06-11 22:15:43.122 W/[ 6174.276238@0]  audit(    0): audit_lost=6687 audit_rate_limit=5 audit_backlog_limit=64
06-11 22:15:43.122 E/[ 6174.276247@0]  audit(    0): rate limit exceeded
06-11 22:15:44.111 W/[ 6175.264711@2]  RTW(    0): Turbo EDCA =0xa42b
06-11 22:15:44.860 F/linker  ( 5122): CANNOT LINK EXECUTABLE "/system/bin/smartcable/smartCableSTBApp": library "libmosquitto.so" not found: needed by main executable
06-11 22:15:45.946 W/[ 6177.097443@3]  RTW(    0): fill_default_txdesc(wlan0): SP Packet(0x0806) rate=0x4 SeqNum = 2906
06-11 22:15:46.126 W/[ 6177.276816@3]  RTW(    0): Turbo EDCA =0x5ea42b
06-11 22:15:49.860 F/linker  ( 5133): CANNOT LINK EXECUTABLE "/system/bin/smartcable/smartCableSTBApp": library "libmosquitto.so" not found: needed by main executable
06-11 22:15:51.119 W/[ 6182.268738@3]  RTW(    0): fill_default_txdesc(wlan0): SP Packet(0x0806) rate=0x4 SeqNum = 3670
06-11 22:15:51.566 W/[ 6182.720351@3]  RTW(    0): cfg80211_rtw_scan(wlan0)
06-11 22:15:51.569 W/[ 6182.720369@3]  RTW(    0): cfg80211_rtw_scan (wlan0) tx:103, rx:42, bi:145 kbps, disallow(0)
06-11 22:15:51.578 W/[ 6182.731049@2]  RTW(    0): [HW_VAR_CHECK_TXBUF] Empty in 0 ms
06-11 22:15:51.580 W/[ 6182.731170@2]  RTW(    0): wlan0 sleep m0=0x00000003, ori reg_0x4d4=0x00000000
06-11 22:15:52.174 W/[ 6183.324910@3]  RTW(    0): Turbo EDCA =0xa42b
06-11 22:15:52.270 W/[ 6183.420749@0]  RTW(    0): LeaveAllPowerSaveModeDirect.....
06-11 22:15:52.271 W/[ 6183.420761@0]  RTW(    0): LeaveAllPowerSaveModeDirect: Driver Already Leave LPS
06-11 22:15:52.271 W/[ 6183.420768@0]  RTW(    0): rtw_hal_set_macaddr_port wlan0- hw port(0) mac_addr =a8:71:16:66:28:c6
06-11 22:15:52.271 W/[ 6183.420900@0]  RTW(    0): wlan0- hw port(0) mac_addr =a8:71:16:66:28:c6
06-11 22:15:52.271 W/[ 6183.420958@0]  RTW(    0): p2p0- hw port(1) mac_addr =aa:71:16:66:28:c6
06-11 22:15:52.280 W/[ 6183.428934@1]  RTW(    0): wlan0 wakeup m0=0x00000003, ori reg_0x4d4=0x00000003
06-11 22:15:52.280 W/[ 6183.430238@0]  RTW(    0): survey done event(44) band:0 for wlan0
06-11 22:15:52.280 W/        (    0): [ 6183.430288@0]  ========== ACS (VER-3) ==========
06-11 22:15:52.280 W/        (    0): [ 6183.430296@0]  Best 24G Channel:2
06-11 22:15:52.281 W/        (    0): [ 6183.430304@0]  Best 5G Channel:48
06-11 22:15:52.281 W/        (    0): [ 6183.430304@0]
06-11 22:15:52.281 W/[ 6183.430554@0]  RTW(    0): rtw_indicate_scan_done(wlan0)
06-11 22:15:54.864 F/linker  ( 5170): CANNOT LINK EXECUTABLE "/system/bin/smartcable/smartCableSTBApp": library "libmosquitto.so" not found: needed by main executable
06-11 22:15:56.170 W/[ 6187.321531@0]  RTW(    0): fill_default_txdesc(wlan0): SP Packet(0x0806) rate=0x4 SeqNum = 1063
06-11 22:15:56.206 W/[ 6187.356792@3]  RTW(    0): Turbo EDCA =0x5ea42b
06-11 22:15:59.869 F/linker  ( 5180): CANNOT LINK EXECUTABLE "/system/bin/smartcable/smartCableSTBApp": library "libmosquitto.so" not found: needed by main executable
06-11 22:16:00.686 W/[ 6191.836670@1]  RTW(    0): fill_default_txdesc(wlan0): SP Packet(0x0806) rate=0x4 SeqNum = 1408
06-11 22:16:00.734 W/[ 6191.885908@1]  RTW(    0): fill_default_txdesc(wlan0): SP Packet(0x0806) rate=0x4 SeqNum = 1417
06-11 22:16:04.881 F/linker  ( 5194): CANNOT LINK EXECUTABLE "/system/bin/smartcable/smartCableSTBApp": library "libmosquitto.so" not found: needed by main executable
06-11 22:16:06.690 W/[ 6197.841055@0]  RTW(    0): fill_default_txdesc(wlan0): SP Packet(0x0806) rate=0x4 SeqNum = 1894
06-11 22:16:09.879 F/linker  ( 5209): CANNOT LINK EXECUTABLE "/system/bin/smartcable/smartCableSTBApp": library "libmosquitto.so" not found: needed by main executable
06-11 22:16:11.674 W/[ 6202.825867@1]  RTW(    0): fill_default_txdesc(wlan0): SP Packet(0x0806) rate=0x4 SeqNum = 2232
06-11 22:16:14.889 F/linker  ( 5222): CANNOT LINK EXECUTABLE "/system/bin/smartcable/smartCableSTBApp": library "libmosquitto.so" not found: needed by main executable
06-11 22:16:16.846 W/[ 6207.999185@0]  RTW(    0): fill_default_txdesc(wlan0): SP Packet(0x0806) rate=0x4 SeqNum = 2597
06-11 22:16:19.891 F/linker  ( 5236): CANNOT LINK EXECUTABLE "/system/bin/smartcable/smartCableSTBApp": library "libmosquitto.so" not found: needed by main executable
06-11 22:16:20.654 W/[ 6211.804732@1]  RTW(    0): fill_default_txdesc(wlan0): SP Packet(0x0806) rate=0x4 SeqNum = 2840
06-11 22:16:21.986 W/[ 6213.139235@0]  RTW(    0): fill_default_txdesc(wlan0): SP Packet(0x0806) rate=0x4 SeqNum = 2941
06-11 22:16:24.892 F/linker  ( 5246): CANNOT LINK EXECUTABLE "/system/bin/smartcable/smartCableSTBApp": library "libmosquitto.so" not found: needed by main executable
06-11 22:16:27.126 W/[ 6218.279203@0]  RTW(    0): fill_default_txdesc(wlan0): SP Packet(0x0806) rate=0x4 SeqNum = 3231
06-11 22:16:29.897 F/linker  ( 5261): CANNOT LINK EXECUTABLE "/system/bin/smartcable/smartCableSTBApp": library "libmosquitto.so" not found: needed by main executable
06-11 22:16:32.246 W/[ 6223.399874@2]  RTW(    0): fill_default_txdesc(wlan0): SP Packet(0x0806) rate=0x4 SeqNum = 3647
06-11 22:16:34.908 F/linker  ( 5272): CANNOT LINK EXECUTABLE "/system/bin/smartcable/smartCableSTBApp": library "libmosquitto.so" not found: needed by main executable
06-11 22:16:37.326 W/[ 6228.479633@1]  RTW(    0): fill_default_txdesc(wlan0): SP Packet(0x0806) rate=0x4 SeqNum = 4073
06-11 22:16:38.062 W/[ 6229.212811@1]  RTW(    0): fill_default_txdesc(wlan0): SP Packet(0x0806) rate=0x4 SeqNum = 37
06-11 22:16:39.914 F/linker  ( 5287): CANNOT LINK EXECUTABLE "/system/bin/smartcable/smartCableSTBApp": library "libmosquitto.so" not found: needed by main executable
06-11 22:16:42.050 W/[ 6233.203684@0]  RTW(    0): fill_default_txdesc(wlan0): SP Packet(0x0806) rate=0x4 SeqNum = 360
06-11 22:16:43.123 W/[ 6234.275832@0]  audit(    0): audit_lost=6690 audit_rate_limit=5 audit_backlog_limit=64
06-11 22:16:43.123 E/[ 6234.275849@0]  audit(    0): rate limit exceeded
06-11 22:16:44.926 F/linker  ( 5302): CANNOT LINK EXECUTABLE "/system/bin/smartcable/smartCableSTBApp": library "libmosquitto.so" not found: needed by main executable
06-11 22:16:47.530 W/[ 6238.681192@3]  RTW(    0): fill_default_txdesc(wlan0): SP Packet(0x0806) rate=0x4 SeqNum = 856
06-11 22:16:49.930 F/linker  ( 5316): CANNOT LINK EXECUTABLE "/system/bin/smartcable/smartCableSTBApp": library "libmosquitto.so" not found: needed by main executable
06-11 22:16:51.770 W/[ 6242.923355@3]  RTW(    0): fill_default_txdesc(wlan0): SP Packet(0x0806) rate=0x4 SeqNum = 1217
06-11 22:16:54.934 F/linker  ( 5326): CANNOT LINK EXECUTABLE "/system/bin/smartcable/smartCableSTBApp": library "libmosquitto.so" not found: needed by main executable
06-11 22:16:56.758 W/[ 6247.909407@2]  RTW(    0): fill_default_txdesc(wlan0): SP Packet(0x0806) rate=0x4 SeqNum = 1593
06-11 22:16:59.939 F/linker  ( 5338): CANNOT LINK EXECUTABLE "/system/bin/smartcable/smartCableSTBApp": library "libmosquitto.so" not found: needed by main executable
06-11 22:17:01.670 W/[ 6252.823063@0]  RTW(    0): fill_default_txdesc(wlan0): SP Packet(0x0806) rate=0x4 SeqNum = 1933
06-11 22:17:01.870 W/[ 6253.020653@0]  RTW(    0): fill_default_txdesc(wlan0): SP Packet(0x0806) rate=0x4 SeqNum = 1950
06-11 22:17:04.948 F/linker  ( 5352): CANNOT LINK EXECUTABLE "/system/bin/smartcable/smartCableSTBApp": library "libmosquitto.so" not found: needed by main executable
06-11 22:17:06.914 W/[ 6258.068249@0]  RTW(    0): fill_default_txdesc(wlan0): SP Packet(0x0806) rate=0x4 SeqNum = 2293
06-11 22:17:09.951 F/linker  ( 5367): CANNOT LINK EXECUTABLE "/system/bin/smartcable/smartCableSTBApp": library "libmosquitto.so" not found: needed by main executable
06-11 22:17:11.902 W/[ 6263.055032@0]  RTW(    0): fill_default_txdesc(wlan0): SP Packet(0x0806) rate=0x4 SeqNum = 2606
06-11 22:17:14.956 F/linker  ( 5383): CANNOT LINK EXECUTABLE "/system/bin/smartcable/smartCableSTBApp": library "libmosquitto.so" not found: needed by main executable
06-11 22:17:17.218 W/[ 6268.369638@2]  RTW(    0): fill_default_txdesc(wlan0): SP Packet(0x0806) rate=0x4 SeqNum = 3015
06-11 22:17:19.794 W/[ 6270.946984@0]  audit(    0): audit_lost=6693 audit_rate_limit=5 audit_backlog_limit=64
06-11 22:17:19.794 E/[ 6270.946990@0]  audit(    0): rate limit exceeded
06-11 22:17:19.963 F/linker  ( 5394): CANNOT LINK EXECUTABLE "/system/bin/smartcable/smartCableSTBApp": library "libmosquitto.so" not found: needed by main executable
06-11 22:17:21.674 W/[ 6272.825607@3]  RTW(    0): fill_default_txdesc(wlan0): SP Packet(0x0806) rate=0x4 SeqNum = 3393
06-11 22:17:24.971 F/linker  ( 5408): CANNOT LINK EXECUTABLE "/system/bin/smartcable/smartCableSTBApp": library "libmosquitto.so" not found: needed by main executable
06-11 22:17:27.162 W/[ 6278.316356@3]  RTW(    0): fill_default_txdesc(wlan0): SP Packet(0x0806) rate=0x4 SeqNum = 3734
06-11 22:17:29.981 F/linker  ( 5449): CANNOT LINK EXECUTABLE "/system/bin/smartcable/smartCableSTBApp": library "libmosquitto.so" not found: needed by main executable
06-11 22:17:32.666 W/[ 6283.819250@0]  RTW(    0): fill_default_txdesc(wlan0): SP Packet(0x0806) rate=0x4 SeqNum = 4060
06-11 22:17:34.984 F/linker  ( 5503): CANNOT LINK EXECUTABLE "/system/bin/smartcable/smartCableSTBApp": library "libmosquitto.so" not found: needed by main executable
06-11 22:17:36.750 W/[ 6287.900765@2]  RTW(    0): fill_default_txdesc(wlan0): SP Packet(0x0806) rate=0x4 SeqNum = 240
06-11 22:17:39.989 F/linker  ( 5573): CANNOT LINK EXECUTABLE "/system/bin/smartcable/smartCableSTBApp": library "libmosquitto.so" not found: needed by main executable
06-11 22:17:41.886 W/[ 6293.039705@1]  RTW(    0): fill_default_txdesc(wlan0): SP Packet(0x0806) rate=0x4 SeqNum = 674
06-11 22:17:43.366 W/[ 6294.516768@2]  audit(    0): audit_lost=6821 audit_rate_limit=5 audit_backlog_limit=64
06-11 22:17:43.366 E/[ 6294.516781@2]  audit(    0): rate limit exceeded
06-11 22:17:44.993 F/linker  ( 5634): CANNOT LINK EXECUTABLE "/system/bin/smartcable/smartCableSTBApp": library "libmosquitto.so" not found: needed by main executable
06-11 22:17:47.026 W/[ 6298.179895@1]  RTW(    0): fill_default_txdesc(wlan0): SP Packet(0x0806) rate=0x4 SeqNum = 1133
06-11 22:17:50.001 F/linker  ( 5681): CANNOT LINK EXECUTABLE "/system/bin/smartcable/smartCableSTBApp": library "libmosquitto.so" not found: needed by main executable
06-11 22:17:52.146 W/[ 6303.299914@2]  RTW(    0): fill_default_txdesc(wlan0): SP Packet(0x0806) rate=0x4 SeqNum = 1544
06-11 22:17:55.011 F/linker  ( 5698): CANNOT LINK EXECUTABLE "/system/bin/smartcable/smartCableSTBApp": library "libmosquitto.so" not found: needed by main executable
06-11 22:17:56.858 W/[ 6308.011833@3]  RTW(    0): fill_default_txdesc(wlan0): SP Packet(0x0806) rate=0x4 SeqNum = 1907
06-11 22:18:00.014 F/linker  ( 5713): CANNOT LINK EXECUTABLE "/system/bin/smartcable/smartCableSTBApp": library "libmosquitto.so" not found: needed by main executable
06-11 22:18:02.190 W/[ 6313.341624@3]  RTW(    0): fill_default_txdesc(wlan0): SP Packet(0x0806) rate=0x4 SeqNum = 2358
06-11 22:18:02.798 W/[ 6313.948839@0]  RTW(    0): fill_default_txdesc(wlan0): SP Packet(0x0806) rate=0x4 SeqNum = 2392
06-11 22:18:05.017 F/linker  ( 5726): CANNOT LINK EXECUTABLE "/system/bin/smartcable/smartCableSTBApp": library "libmosquitto.so" not found: needed by main executable
06-11 22:18:06.738 W/[ 6317.889215@2]  RTW(    0): fill_default_txdesc(wlan0): SP Packet(0x0806) rate=0x4 SeqNum = 2713
06-11 22:18:09.262 W/[ 6320.412838@1]  RTW(    0): Turbo EDCA =0xa42b
06-11 22:18:10.032 F/linker  ( 5748): CANNOT LINK EXECUTABLE "/system/bin/smartcable/smartCableSTBApp": library "libmosquitto.so" not found: needed by main executable
06-11 22:18:11.707 W/[ 6322.860105@1]  RTW(    0): fill_default_txdesc(wlan0): SP Packet(0x0806) rate=0x4 SeqNum = 1126
06-11 22:18:15.033 F/linker  ( 5759): CANNOT LINK EXECUTABLE "/system/bin/smartcable/smartCableSTBApp": library "libmosquitto.so" not found: needed by main executable
06-11 22:18:16.686 W/[ 6327.840187@0]  RTW(    0): fill_default_txdesc(wlan0): SP Packet(0x0806) rate=0x4 SeqNum = 3124
06-11 22:18:20.040 F/linker  ( 5775): CANNOT LINK EXECUTABLE "/system/bin/smartcable/smartCableSTBApp": library "libmosquitto.so" not found: needed by main executable
06-11 22:18:21.358 W/[ 6332.508753@3]  RTW(    0): Turbo EDCA =0x5ea42b
06-11 22:18:21.826 W/[ 6332.979618@3]  RTW(    0): fill_default_txdesc(wlan0): SP Packet(0x0806) rate=0x4 SeqNum = 1200
06-11 22:18:25.041 F/linker  ( 5786): CANNOT LINK EXECUTABLE "/system/bin/smartcable/smartCableSTBApp": library "libmosquitto.so" not found: needed by main executable
06-11 22:18:26.966 W/[ 6338.120104@3]  RTW(    0): fill_default_txdesc(wlan0): SP Packet(0x0806) rate=0x4 SeqNum = 1608
06-11 22:18:27.406 W/[ 6338.556927@0]  RTW(    0): Turbo EDCA =0xa42b
06-11 22:18:30.050 F/linker  ( 5800): CANNOT LINK EXECUTABLE "/system/bin/smartcable/smartCableSTBApp": library "libmosquitto.so" not found: needed by main executable
06-11 22:18:31.438 W/[ 6342.588765@0]  RTW(    0): Turbo EDCA =0x5ea42b
06-11 22:18:32.159 W/[ 6343.309588@3]  RTW(    0): fill_default_txdesc(wlan0): SP Packet(0x0806) rate=0x4 SeqNum = 2650
06-11 22:18:35.057 F/linker  ( 5811): CANNOT LINK EXECUTABLE "/system/bin/smartcable/smartCableSTBApp": library "libmosquitto.so" not found: needed by main executable
06-11 22:18:37.255 W/[ 6348.408505@3]  RTW(    0): fill_default_txdesc(wlan0): SP Packet(0x0806) rate=0x4 SeqNum = 3114
06-11 22:18:37.486 W/[ 6348.636677@1]  RTW(    0): Turbo EDCA =0xa42b
06-11 22:18:40.064 F/linker  ( 5822): CANNOT LINK EXECUTABLE "/system/bin/smartcable/smartCableSTBApp": library "libmosquitto.so" not found: needed by main executable
06-11 22:18:41.518 W/[ 6352.668768@3]  RTW(    0): Turbo EDCA =0x5ea42b
06-11 22:18:42.118 W/[ 6353.271552@3]  RTW(    0): fill_default_txdesc(wlan0): SP Packet(0x0806) rate=0x4 SeqNum = 4028
06-11 22:18:42.874 W/[ 6354.028296@3]  audit(    0): audit_lost=6823 audit_rate_limit=5 audit_backlog_limit=64
06-11 22:18:42.874 E/[ 6354.028310@3]  audit(    0): rate limit exceeded
06-11 22:18:45.064 F/linker  ( 5838): CANNOT LINK EXECUTABLE "/system/bin/smartcable/smartCableSTBApp": library "libmosquitto.so" not found: needed by main executable
06-11 22:18:47.478 W/[ 6358.630273@0]  RTW(    0): fill_default_txdesc(wlan0): SP Packet(0x0806) rate=0x4 SeqNum = 811
06-11 22:18:47.566 W/[ 6358.716702@2]  RTW(    0): Turbo EDCA =0xa42b
06-11 22:18:50.070 F/linker  ( 5851): CANNOT LINK EXECUTABLE "/system/bin/smartcable/smartCableSTBApp": library "libmosquitto.so" not found: needed by main executable
06-11 22:18:51.598 W/[ 6362.748828@3]  RTW(    0): Turbo EDCA =0x5ea42b
06-11 22:18:51.850 W/[ 6363.004248@3]  RTW(    0): fill_default_txdesc(wlan0): SP Packet(0x0806) rate=0x4 SeqNum = 1471
06-11 22:18:53.614 W/[ 6364.764858@0]  RTW(    0): Turbo EDCA =0xa42b
06-11 22:18:55.080 F/linker  ( 5866): CANNOT LINK EXECUTABLE "/system/bin/smartcable/smartCableSTBApp": library "libmosquitto.so" not found: needed by main executable
06-11 22:18:55.634 W/[ 6366.784751@0]  RTW(    0): Turbo EDCA =0x5ea42b
06-11 22:18:56.730 W/[ 6367.881033@2]  RTW(    0): fill_default_txdesc(wlan0): SP Packet(0x0806) rate=0x4 SeqNum = 2807
06-11 22:18:57.646 W/[ 6368.796791@1]  RTW(    0): Turbo EDCA =0xa42b
06-11 22:18:59.660 W/[ 6370.812733@3]  RTW(    0): Turbo EDCA =0x5ea42b
06-11 22:19:00.085 F/linker  ( 5876): CANNOT LINK EXECUTABLE "/system/bin/smartcable/smartCableSTBApp": library "libmosquitto.so" not found: needed by main executable
06-11 22:19:01.678 W/[ 6372.829187@1]  RTW(    0): Turbo EDCA =0xa42b
06-11 22:19:01.853 W/[ 6373.000207@0]  RTW(    0): fill_default_txdesc(wlan0): SP Packet(0x0806) rate=0x4 SeqNum = 3829
06-11 22:19:02.442 W/[ 6373.595562@0]  RTW(    0): cfg80211_rtw_scan(wlan0)
06-11 22:19:02.442 W/[ 6373.595582@0]  RTW(    0): cfg80211_rtw_scan (wlan0) tx:275, rx:23127, bi:23402 kbps, disallow(1)
06-11 22:19:02.442 W/[ 6373.595586@0]  RTW(    0): cfg80211_rtw_scan (wlan0) : scan abort!! BusyTraffic
06-11 22:19:03.694 W/[ 6374.844736@3]  RTW(    0): Turbo EDCA =0x5ea42b
06-11 22:19:05.096 F/linker  ( 5911): CANNOT LINK EXECUTABLE "/system/bin/smartcable/smartCableSTBApp": library "libmosquitto.so" not found: needed by main executable
06-11 22:19:05.710 W/[ 6376.860877@1]  RTW(    0): Turbo EDCA =0xa42b
06-11 22:19:06.947 W/[ 6378.099794@0]  RTW(    0): fill_default_txdesc(wlan0): SP Packet(0x0806) rate=0x4 SeqNum = 835
06-11 22:19:07.726 W/[ 6378.877310@3]  RTW(    0): Turbo EDCA =0x5ea42b
06-11 22:19:09.742 W/[ 6380.892872@0]  RTW(    0): Turbo EDCA =0xa42b
06-11 22:19:10.101 F/linker  ( 5926): CANNOT LINK EXECUTABLE "/system/bin/smartcable/smartCableSTBApp": library "libmosquitto.so" not found: needed by main executable
06-11 22:19:11.758 W/[ 6382.908693@3]  RTW(    0): Turbo EDCA =0x5ea42b
06-11 22:19:12.082 W/[ 6383.236228@1]  RTW(    0): fill_default_txdesc(wlan0): SP Packet(0x0806) rate=0x4 SeqNum = 2158
06-11 22:19:13.778 W/[ 6384.928679@1]  RTW(    0): Turbo EDCA =0xa42b
06-11 22:19:15.108 F/linker  ( 5940): CANNOT LINK EXECUTABLE "/system/bin/smartcable/smartCableSTBApp": library "libmosquitto.so" not found: needed by main executable
06-11 22:19:15.790 W/[ 6386.940977@0]  RTW(    0): Turbo EDCA =0x5ea42b
06-11 22:19:16.675 W/[ 6387.826761@1]  RTW(    0): fill_default_txdesc(wlan0): SP Packet(0x0806) rate=0x4 SeqNum = 3601
06-11 22:19:17.806 W/[ 6388.956682@2]  RTW(    0): Turbo EDCA =0xa42b
06-11 22:19:19.822 W/[ 6390.972675@1]  RTW(    0): Turbo EDCA =0x5ea42b
06-11 22:19:20.113 F/linker  ( 5952): CANNOT LINK EXECUTABLE "/system/bin/smartcable/smartCableSTBApp": library "libmosquitto.so" not found: needed by main executable
06-11 22:19:20.918 W/[ 6392.071478@1]  audit(    0): audit_lost=6825 audit_rate_limit=5 audit_backlog_limit=64
06-11 22:19:20.919 E/[ 6392.071488@1]  audit(    0): rate limit exceeded
06-11 22:19:21.678 W/[ 6392.831627@0]  RTW(    0): fill_default_txdesc(wlan0): SP Packet(0x0806) rate=0x4 SeqNum = 635
06-11 22:19:21.838 W/[ 6392.988722@0]  RTW(    0): Turbo EDCA =0xa42b
06-11 22:19:21.922 W/[ 6393.075548@1]  audit(    0): audit_lost=6942 audit_rate_limit=5 audit_backlog_limit=64
06-11 22:19:21.922 E/[ 6393.075557@1]  audit(    0): rate limit exceeded
06-11 22:19:22.443 I/[ 6393.592642@1]  [amlv4l](    0): [81]: reset mode: 1, es frames buffering: 61
06-11 22:19:22.450 I/[ 6393.603157@1]  [amlv4l](    0): [81]: reset mode: 1, es frames buffering: 0
06-11 22:19:22.478 I/[ 6393.628614@3]  dim(    0): unreg:2keep[0], msk:[0x0,0x0]
06-11 22:19:22.486 I/[ 6393.638726@3]  vpu(    0): vpu: vpu_dev_clk_gate_off: unsupport vpu mod: 72
06-11 22:19:22.486 I/[ 6393.639734@2]  dim(    0): unreg:use[27]ms
06-11 22:19:22.487 I/[ 6393.639747@2]  dim(    0): di_destroy_instance:ch[2]:end
06-11 22:19:22.487 I/[ 6393.640377@2]  dim(    0): reg:use[1]ms
06-11 22:19:22.487 I/[ 6393.640389@2]  dim(    0): create:ch[2],tmode[3]
06-11 22:19:22.487 I/[ 6393.640393@2]  dim(    0): out:0x80000000
06-11 22:19:22.492 I/[ 6393.643816@2]  [amlv4l](    0): [81]: reset mode: 1, es frames buffering: 0
06-11 22:19:22.502 I/[ 6393.653194@1]  [amlv4l](    0): [81]: reset mode: 1, es frames buffering: 0
06-11 22:19:22.535 I/[ 6393.684949@1]  [amlv4l](    0): [81]: reset mode: 1, es frames buffering: 0
06-11 22:19:22.543 D/[ 6393.693154@2]  [amlcom](    0): vdec_release instance 000000002380eac1, total 1
06-11 22:19:22.543 D/[ 6393.693310@2]  [media_clock](    0): the clk_vdec_mux    clock off, ref cnt: 0
06-11 22:19:22.543 I/[ 6393.694040@2]  dim(    0): unreg:use[1]ms
06-11 22:19:22.543 I/[ 6393.694049@2]  dim(    0): di_destroy_instance:ch[2]:end
06-11 22:19:22.543 I/[ 6393.694928@3]  resman(    0): 82 release [decoder]
06-11 22:19:22.543 I/[ 6393.694941@3]  resman(    0): 82 release [codec_mm]
06-11 22:19:22.543 E/        (    0): [ 6393.696248@3]  disalbe fastplay
06-11 22:19:22.709 I/[ 6393.861510@0]  vc(    0): [0]vc: set enable index=0, val=0
06-11 22:19:22.709 I/[ 6393.861544@0]  VID(    0): store VD0 path_id changed 2->-1
06-11 22:19:22.709 I/        (    0): [ 6393.861548@0]  dev->index =0, val=1
06-11 22:19:22.709 I/[ 6393.861551@0]  VID(    0): VD1 off
06-11 22:19:22.709 I/[ 6393.861556@0]  VID(    0): VD1 set global output as 0
06-11 22:19:22.709 I/        (    0): [ 6393.861578@0]  common_vf_unreg_provider video_render.0: vd1 used: true, vd2 used: false, vd3 used: false, black_out:0, cur_buf:00000000ebc7e71a
06-11 22:19:23.862 W/[ 6395.013090@0]  RTW(    0): Turbo EDCA =0x5ea42b
06-11 22:19:25.117 F/linker  ( 5988): CANNOT LINK EXECUTABLE "/system/bin/smartcable/smartCableSTBApp": library "libmosquitto.so" not found: needed by main executable
06-11 22:19:26.674 W/[ 6397.825674@3]  RTW(    0): fill_default_txdesc(wlan0): SP Packet(0x0806) rate=0x4 SeqNum = 1854
06-11 22:19:30.120 F/linker  ( 6021): CANNOT LINK EXECUTABLE "/system/bin/smartcable/smartCableSTBApp": library "libmosquitto.so" not found: needed by main executable
06-11 22:19:31.678 W/[ 6402.831784@2]  RTW(    0): fill_default_txdesc(wlan0): SP Packet(0x0806) rate=0x4 SeqNum = 3694
06-11 22:19:35.122 F/linker  ( 6040): CANNOT LINK EXECUTABLE "/system/bin/smartcable/smartCableSTBApp": library "libmosquitto.so" not found: needed by main executable
06-11 22:19:35.802 I/        (    0): [ 6406.956478@1]  EXT4-fs (mmcblk0p17): re-mounted. Opts: (null)
06-11 22:19:36.738 W/[ 6407.889931@0]  RTW(    0): fill_default_txdesc(wlan0): SP Packet(0x0806) rate=0x4 SeqNum = 1410
06-11 22:19:36.780 D/[ 6407.933681@0]  logd(    0): logdr: UID=0 GID=0 PID=6083 b tail=0 logMask=99 pid=0 start=0ns timeout=0ns
06-11 22:19:37.415 I/[ 6408.566203@1]  binder(    0): 2661:2687 transaction failed 29189/-22, size 616-0 line 2705
06-11 22:19:37.435 E/AndroidRuntime( 2661): FATAL EXCEPTION: Instr: androidx.test.runner.AndroidJUnitRunner
06-11 22:19:37.435 E/AndroidRuntime( 2661): Process: io.appium.uiautomator2.server, PID: 2661
06-11 22:19:37.435 E/AndroidRuntime( 2661): java.lang.IllegalStateException: UiAutomation not connected, UiAutomation@30745d0[id=-1, flags=0]
06-11 22:19:37.435 E/AndroidRuntime( 2661): 	at android.app.UiAutomation.throwIfNotConnectedLocked(UiAutomation.java:1239)
06-11 22:19:37.435 E/AndroidRuntime( 2661): 	at android.app.UiAutomation.disconnect(UiAutomation.java:296)
06-11 22:19:37.435 E/AndroidRuntime( 2661): 	at android.app.Instrumentation.finish(Instrumentation.java:249)
06-11 22:19:37.435 E/AndroidRuntime( 2661): 	at androidx.test.runner.MonitoringInstrumentation.finish(MonitoringInstrumentation.java:409)
06-11 22:19:37.435 E/AndroidRuntime( 2661): 	at androidx.test.runner.AndroidJUnitRunner.onStart(AndroidJUnitRunner.java:474)
06-11 22:19:37.435 E/AndroidRuntime( 2661): 	at android.app.Instrumentation$InstrumentationThread.run(Instrumentation.java:2205)
06-11 22:19:37.562 I/[ 6408.712524@1]  binder(    0): 633:660 transaction failed 29189/-22, size 88-0 line 2705
06-11 22:19:37.563 I/[ 6408.712710@2]  binder(    0): 633:6145 transaction failed 29189/-22, size 340-0 line 2705
--------- beginning of main
06-11 22:19:38.519 D/Glide   ( 1773): Finished loading Bitmap from LOCAL for com.bumptech.glide.gifdecoder.StandardGifDecoder@8b54719 with size [314x176] in 17.5735 ms
06-11 22:19:38.552 D/Glide   ( 1773): Finished loading Bitmap from LOCAL for com.bumptech.glide.gifdecoder.StandardGifDecoder@8b54719 with size [314x176] in 10.971916 ms
06-11 22:19:38.586 D/Glide   ( 1773): Finished loading Bitmap from LOCAL for com.bumptech.glide.gifdecoder.StandardGifDecoder@8b54719 with size [314x176] in 3.8980409999999996 ms
06-11 22:19:38.589 D/stbdpc  (  397): STB_DPGetNumPaths[570]: num_paths: 1
06-11 22:19:38.636 D/Glide   ( 1773): Finished loading Bitmap from LOCAL for com.bumptech.glide.gifdecoder.StandardGifDecoder@8b54719 with size [314x176] in 13.4615 ms
06-11 22:19:38.643 D/JioStbInactivityTimer(  926): Timer: count 13 warningTimeout:10680 timeout:10800
06-11 22:19:38.644 D/JioStbInactivityTimer(  926): isUserActive: Curr:6395663 Prev:6395663
06-11 22:19:38.669 D/Glide   ( 1773): Finished loading Bitmap from LOCAL for com.bumptech.glide.gifdecoder.StandardGifDecoder@8b54719 with size [314x176] in 6.546749999999999 ms
06-11 22:19:38.689 D/stbdpc  (  397): STB_DPGetNumPaths[570]: num_paths: 1
06-11 22:19:38.719 D/Glide   ( 1773): Finished loading Bitmap from LOCAL for com.bumptech.glide.gifdecoder.StandardGifDecoder@8b54719 with size [314x176] in 16.485333 ms
06-11 22:19:38.747 I/ThermalService(  969): CPU temperatures: [62.600002]
06-11 22:19:38.752 D/Glide   ( 1773): Finished loading Bitmap from LOCAL for com.bumptech.glide.gifdecoder.StandardGifDecoder@8b54719 with size [314x176] in 9.898709 ms
06-11 22:19:38.786 D/Glide   ( 1773): Finished loading Bitmap from LOCAL for com.bumptech.glide.gifdecoder.StandardGifDecoder@8b54719 with size [314x176] in 3.1411249999999997 ms
06-11 22:19:38.789 D/stbdpc  (  397): STB_DPGetNumPaths[570]: num_paths: 1
06-11 22:19:38.798 D/ApplicationLoaders( 6171): Returning zygote-cached class loader: /system/framework/android.test.base.jar
06-11 22:19:38.798 D/ApplicationLoaders( 6171): Returning zygote-cached class loader: /system/framework/android.test.base.jar
06-11 22:19:38.801 I/tomator2.serve( 6171): The ClassLoaderContext is a special shared library.
06-11 22:19:38.804 D/ApplicationLoaders( 6171): Returning zygote-cached class loader: /system/framework/android.test.base.jar
06-11 22:19:38.805 D/ApplicationLoaders( 6171): Returning zygote-cached class loader: /system/framework/android.test.base.jar
06-11 22:19:38.807 I/tomator2.serve( 6171): The ClassLoaderContext is a special shared library.
06-11 22:19:38.815 I/chatty  ( 6171): uid=10096(io.appium.uiautomator2.server) identical 2 lines
06-11 22:19:38.817 I/tomator2.serve( 6171): The ClassLoaderContext is a special shared library.
06-11 22:19:38.818 D/dvb_iptv(  397): ReadEmmNetworkTask[1537]: EMM Select Timeout Occured 43
06-11 22:19:38.819 W/tomator2.serve( 6171): ClassLoaderContext classpath size mismatch. expected=0, found=3 (PCL[]{PCL[/system/framework/android.test.base.jar*3223074991]#PCL[/system/framework/android.test.mock.jar*3465107378]{PCL[/system/framework/android.test.base.jar*3223074991]}#PCL[/system/framework/android.test.runner.jar*1831602180]{PCL[/system/framework/android.test.base.jar*3223074991]#PCL[/system/framework/android.test.mock.jar*3465107378]{PCL[/system/framework/android.test.base.jar*3223074991]}}} | PCL[/system/framework/android.test.runner.jar*1831602180:/system/framework/android.test.mock.jar*3465107378:/system/framework/android.test.base.jar*3223074991]{PCL[/system/framework/android.test.base.jar*3223074991]#PCL[/system/framework/android.test.mock.jar*3465107378]{PCL[/system/framework/android.test.base.jar*3223074991]}#PCL[/system/framework/android.test.runner.jar*1831602180]{PCL[/system/framework/android.test.base.jar*3223074991]#PCL[/system/framework/android.test.mock.jar*3465107378]{PCL[/system/framework/android.test.base.jar*3223074991]}}};PCL[/system/framework/android.test.runner.jar*1831602180:/system/framework/android.test.mock.jar*3465107378:/system/framework/android.test.base.jar*3223074991:/data/app/~~vz-LI613mzCW1_tI8sJdSA==/io.appium.uiautomator2.server.test-pndtPeicsSbNz5ltJNtTXA==/base.apk*2370577946:/data/app/~~vz-LI613mzCW1_tI8sJdSA==/io.appium.uiautomator2.server.test-pndtPeicsSbNz5ltJNtTXA==/base.apk!classes2.dex*3874714895:/data/app/~~vz-LI613mzCW1_tI8sJdSA==/io.appium.uiautomator2.server.test-pndtPeicsSbNz5ltJNtTXA==/base.apk!classes3.dex*1176165195:/data/app/~~vz-LI613mzCW1_tI8sJdSA==/io.appium.uiautomator2.server.test-pndtPeicsSbNz5ltJNtTXA==/base.apk!classes4.dex*2511881386:/data/app/~~ERS2Vb0_Lr3atThE734KvA==/io.appium.uiautomator2.server-qXkfZw9LtZYC0ZeR2vvERg==/base.apk*4034737733:/data/app/~~ERS2Vb0_Lr3atThE734KvA==/io.appium.uiautomator2.server-qXkfZw9LtZYC0ZeR2vvERg==/base.apk!classes2.dex*2790048942:/data/app/~~ERS2Vb0_Lr3atThE734KvA==/io.appium.uiautomator2.server-qXkfZw9LtZYC0ZeR2vvERg==/base.apk!classes3.dex*1634705335:/data/app/~~ERS2Vb0_Lr3atThE734KvA==/io.appium.uiautomator2.server-qXkfZw9LtZYC0ZeR2vvERg==/base.apk!classes4.dex*45356349:/data/app/~~ERS2Vb0_Lr3atThE734KvA==/io.appium.uiautomator2.server-qXkfZw9LtZYC0ZeR2vvERg==/base.apk!classes5.dex*2419862292:/data/app/~~ERS2Vb0_Lr3atThE734KvA==/io.appium.uiautomator2.server-qXkfZw9LtZYC0ZeR2vvERg==/base.apk!classes6.dex*3944827479:/data/app/~~ERS2Vb0_Lr3atThE734KvA==/io.appium.uiautomator2.server-qXkfZw9LtZYC0ZeR2vvERg==/base.apk!classes7.dex*3145060491:/data/app/~~ERS2Vb0_Lr3atThE734KvA==/io.appium.uiautomator2.server-qXkfZw9LtZYC0ZeR2vvERg==/base.apk!classes8.dex*2034454731:/data/app/~~ERS2Vb0_Lr3atThE734KvA==/io.appium.uiautomator2.server-qXkfZw9LtZYC0ZeR2vvERg==/base.apk!classes9.dex*1613375383:/data/app/~~ERS2Vb0_Lr3atThE734KvA==/io.appium.uiautomator2.server-qXkfZw9LtZYC0ZeR2vvERg==/base.apk!classes10.dex*1483611213:/data/app/~~ERS2Vb0_Lr3atThE734KvA==/io.appium.uiautomator2.server-qXkfZw9LtZYC0ZeR2vvERg==/base.apk!classes11.dex*2888641764:/data/app/~~ERS2Vb0_Lr3atThE734KvA==/io.appium.uiautomator2.server-qXkfZw9LtZYC0ZeR2vvERg==/base.apk!classes12.dex*1711778771:/data/app/~~ERS2Vb0_Lr3atThE734KvA==/io.appium.uiautomator2.server-qXkfZw9LtZYC0ZeR2vvERg==/base.apk!classes13.dex*2108421983:/data/app/~~ERS2Vb0_Lr3atThE734KvA==/io.appium.uiautomator2.server-qXkfZw9LtZYC0ZeR2vvERg==/base.apk!classes14.dex*2618393034:/data/app/~~ERS2Vb0_Lr3atThE734KvA==/io.appium.uiautomator2.server-qXkfZw9LtZYC0ZeR2vvERg==/base.apk!classes15.dex*3152272110:/data/app/~~ERS2Vb0_Lr3atThE734KvA==/io.appium.uiautomator2.server-qXkfZw9LtZYC0ZeR2vvERg==/base.apk!classes16.dex*898502560])
06-11 22:19:38.823 W/tomator2.serve( 6171): Found duplicate classes, falling back to extracting from APK : /data/app/~~vz-LI613mzCW1_tI8sJdSA==/io.appium.uiautomator2.server.test-pndtPeicsSbNz5ltJNtTXA==/base.apk
06-11 22:19:38.823 W/tomator2.serve( 6171): NOTE: This wastes RAM and hurts startup performance.
06-11 22:19:38.823 W/tomator2.serve( 6171): Found duplicated class when checking oat files: 'Lcom/squareup/okhttp/Address;' in /data/app/~~vz-LI613mzCW1_tI8sJdSA==/io.appium.uiautomator2.server.test-pndtPeicsSbNz5ltJNtTXA==/base.apk and /data/app/~~vz-LI613mzCW1_tI8sJdSA==/io.appium.uiautomator2.server.test-pndtPeicsSbNz5ltJNtTXA==/base.apk
06-11 22:19:38.829 E/adbd    (12860): failed to connect to socket 'tcp:6790': Connection refused
06-11 22:19:38.836 D/Glide   ( 1773): Finished loading Bitmap from LOCAL for com.bumptech.glide.gifdecoder.StandardGifDecoder@8b54719 with size [314x176] in 12.092167 ms
