06-11 21:52:13.720 W/View    (27839): requestLayout() improperly called by com.hotstar.feature.login.profile.customview.CircleImageView{3f68ef3 VFED..C.. ..S...ID 14,14-178,178 #7f0b02d8 app:id/iv_profile} during layout: running second layout pass
06-11 21:52:13.720 W/View    (27839): requestLayout() improperly called by com.hotstar.core.commonui.molecules.HSTextView{41bcce0 V.ED..... ..S...ID 40,216-153,268 #7f0b04c0 app:id/profile_name} during layout: running second layout pass
06-11 21:52:13.720 W/View    (27839): requestLayout() improperly called by androidx.constraintlayout.widget.ConstraintLayout{e611ae3 V.E...... ..S...ID 0,0-192,192 #7f0b02da app:id/iv_profile_view} during layout: running second layout pass
06-11 21:52:13.739 D/stbdpc  (  397): STB_DPGetNumPaths[570]: num_paths: 1
06-11 21:52:13.771 D/dvb_iptv(  397): ReadEmmNetworkTask[1537]: EMM Select Timeout Occured 41
06-11 21:52:13.792 I/appium  (27769): channel read: POST /session/acef45ea-c04b-461d-97ce-a089f04e094e/element
06-11 21:52:13.793 I/appium  (27769): FindElement command
06-11 21:52:13.799 I/appium  (27769): method: 'xpath', selector: '//android.widget.ImageView[@resource-id='in.startv.hotstar:id/iv_profile']'
06-11 21:52:13.800 I/appium  (27769): Waiting up to 10000ms for the device to idle
06-11 21:52:13.839 D/stbdpc  (  397): STB_DPGetNumPaths[570]: num_paths: 1
06-11 21:52:13.861 D/MulticastUtils( 1773): Timeout 5000ms IOException:Poll timed out
06-11 21:52:13.865 D/JioLauncher( 1773): connected-network-status  1 status true time 0 lPreviousIp [/fe80::1%wlan0, /192.168.1.1] isLiveOnTop() false isOneTimeVisisbleStatus false-remoteConnectedTime-0
06-11 21:52:13.939 D/stbdpc  (  397): STB_DPGetNumPaths[570]: num_paths: 1
06-11 21:52:14.019 E/WifiVendorHal(  633): getWifiLinkLayerStats_1_3_Internal(l.973) failed {.code = ERROR_UNKNOWN, .description = unknown error}
06-11 21:52:14.039 D/stbdpc  (  397): STB_DPGetNumPaths[570]: num_paths: 1
06-11 21:52:14.139 I/chatty  (  397): uid=0(root) DK-SiCntrl identical 1 line
06-11 21:52:14.240 D/stbdpc  (  397): STB_DPGetNumPaths[570]: num_paths: 1
06-11 21:52:14.271 D/dvb_iptv(  397): ReadEmmNetworkTask[1537]: EMM Select Timeout Occured 42
06-11 21:52:14.340 D/stbdpc  (  397): STB_DPGetNumPaths[570]: num_paths: 1
06-11 21:52:14.395 D/JioStbInactivityTimer(  926): Timer: count 350 warningTimeout:10680 timeout:10800
06-11 21:52:14.395 D/JioStbInactivityTimer(  926): isUserActive: Curr:4414283 Prev:4414283
06-11 21:52:14.415 I/.startv.hotsta(27839): oneway function results will be dropped but finished with status OK and parcel size 4
06-11 21:52:14.418 I/e.swalekh.abct( 1359): oneway function results will be dropped but finished with status OK and parcel size 4
06-11 21:52:14.426 D/JioSTBMRServer-SERVICE( 3589): InetSocketAddress(InetAddress.getByName(inetAddress.hostAddress)-/192.168.1.255
06-11 21:52:14.426 D/JioSTBMRServer-SERVICE( 3589): #beacon:RKISBFJ60000097:0:false:0:1:SV=181024 , 192.168.1.255
06-11 21:52:14.429 D/JioSTBMRServer-SERVICE( 3589): InetSocketAddress(InetAddress.getByName(inetAddress.hostAddress)-/192.168.1.255
06-11 21:52:14.429 D/JioSTBMRServer-SERVICE( 3589): #broadcast IP:192.168.1.255
06-11 21:52:14.440 D/stbdpc  (  397): STB_DPGetNumPaths[570]: num_paths: 1
06-11 21:52:14.540 D/stbdpc  (  397): STB_DPGetNumPaths[570]: num_paths: 1
06-11 21:52:14.637 D/rtk_heartbeat(  349): heartbeat_timed_out: heartbeatCmdCount = 4744, expected nextSeqNum = 4744
06-11 21:52:14.639 D/rtk_heartbeat(  349): rtkbt_heartbeat_cmpl_cback: Current SeqNum = 4744,should SeqNum=4744, status = 0
06-11 21:52:14.640 D/stbdpc  (  397): STB_DPGetNumPaths[570]: num_paths: 1
06-11 21:52:14.740 D/stbdpc  (  397): STB_DPGetNumPaths[570]: num_paths: 1
06-11 21:52:14.772 D/dvb_iptv(  397): ReadEmmNetworkTask[1537]: EMM Select Timeout Occured 43
06-11 21:52:14.838 D/ltts_ip_emm(  397): LTTS_IP_DMXStartEMM[381]: parse_emm_cat_status failed
06-11 21:52:14.841 D/stbdpc  (  397): STB_DPGetNumPaths[570]: num_paths: 1
06-11 21:52:14.918 I/JTCLOG  ( 3612): JtcForegroundService ->RegisterApp()
06-11 21:52:14.919 I/JTCLOG  ( 3612): JuicePresenter -> registerApp
06-11 21:52:14.919 I/JTCLOG  ( 3612): InitState -> Register
06-11 21:52:14.919 I/JTCLOG  ( 3612): InitState -> Juice Sys NOT Started so do both Start and Registration
06-11 21:52:14.920 I/JTCLOG  ( 3612): JuiceModel -> Registering ...........
06-11 21:52:14.920 E/JTCLOG  ( 3612): networkConnectionType = WIFI
06-11 21:52:14.924 I/JTCLOG  ( 3612): JuiceModel -> SelfIp of type 2  = 2401:4900:1c16:396:bb79:e9b4:ce56:d79f
06-11 21:52:14.924 E/JTCLOG  ( 3612): MacUniqueID: 23:fd:db:f3:4d:33
06-11 21:52:14.924 I/JTCLOG  ( 3612): JuiceModel -> discover IDU services
06-11 21:52:14.926 I/WifiService(  633): acquireMulticastLock uid=10083
06-11 21:52:14.941 D/stbdpc  (  397): STB_DPGetNumPaths[570]: num_paths: 1
06-11 21:52:15.141 I/chatty  (  397): uid=0(root) DK-SiCntrl identical 2 lines
06-11 21:52:15.241 D/stbdpc  (  397): STB_DPGetNumPaths[570]: num_paths: 1
06-11 21:52:15.272 D/dvb_iptv(  397): ReadEmmNetworkTask[1537]: EMM Select Timeout Occured 44
06-11 21:52:15.341 D/stbdpc  (  397): STB_DPGetNumPaths[570]: num_paths: 1
06-11 21:52:15.396 D/JioStbInactivityTimer(  926): Timer: count 351 warningTimeout:10680 timeout:10800
06-11 21:52:15.396 D/JioStbInactivityTimer(  926): isUserActive: Curr:4414283 Prev:4414283
06-11 21:52:15.442 D/stbdpc  (  397): STB_DPGetNumPaths[570]: num_paths: 1
06-11 21:52:15.542 D/stbdpc  (  397): STB_DPGetNumPaths[570]: num_paths: 1
06-11 21:52:15.637 D/rtk_heartbeat(  349): heartbeat_timed_out: heartbeatCmdCount = 4745, expected nextSeqNum = 4745
06-11 21:52:15.638 D/rtk_heartbeat(  349): rtkbt_heartbeat_cmpl_cback: Current SeqNum = 4745,should SeqNum=4745, status = 0
06-11 21:52:15.642 D/stbdpc  (  397): STB_DPGetNumPaths[570]: num_paths: 1
06-11 21:52:15.711 I/ThermalService(  969): CPU temperatures: [57.600002]
06-11 21:52:15.728 I/JioBackgroundSchedulerService( 2899): Check schedule  
06-11 21:52:15.739 I/appium  (27769): The following attributes will be included to the page source: [resource-id]
06-11 21:52:15.742 D/stbdpc  (  397): STB_DPGetNumPaths[570]: num_paths: 1
06-11 21:52:15.772 D/dvb_iptv(  397): ReadEmmNetworkTask[1537]: EMM Select Timeout Occured 45
06-11 21:52:15.842 D/stbdpc  (  397): STB_DPGetNumPaths[570]: num_paths: 1
06-11 21:52:15.874 I/appium  (27769): Took 0ms to retrieve 1 matches for '//android.widget.ImageView[@resource-id='in.startv.hotstar:id/iv_profile']' XPath2 query
06-11 21:52:15.880 W/tomator2.serve(27769): Accessing hidden method Landroid/view/MotionEvent;->setDisplayId(I)V (blacklist,test-api, reflection, allowed)
06-11 21:52:15.890 W/tomator2.serve(27769): Accessing hidden field Landroid/view/accessibility/AccessibilityNodeInfo;->mSourceNodeId:J (greylist, reflection, allowed)
06-11 21:52:15.899 I/appium  (27769): AppiumResponse: {"sessionId":"acef45ea-c04b-461d-97ce-a089f04e094e","value":{"ELEMENT":"00000000-0000-003d-ffff-ffff00000072","element-6066-11e4-a52e-4f735466cecf":"00000000-0000-003d-ffff-ffff00000072"}}
06-11 21:52:15.943 D/stbdpc  (  397): STB_DPGetNumPaths[570]: num_paths: 1
06-11 21:52:15.952 I/appium  (27769): channel read: GET /session/acef45ea-c04b-461d-97ce-a089f04e094e/element/00000000-0000-003d-ffff-ffff00000072/attribute/displayed
06-11 21:52:15.953 I/appium  (27769): GetElementAttribute command
06-11 21:52:15.964 I/appium  (27769): AppiumResponse: {"sessionId":"acef45ea-c04b-461d-97ce-a089f04e094e","value":"true"}
06-11 21:52:16.007 I/appium  (27769): channel read: POST /session/acef45ea-c04b-461d-97ce-a089f04e094e/element/00000000-0000-003d-ffff-ffff00000072/click
06-11 21:52:16.009 I/appium  (27769): Click command
06-11 21:52:16.028 D/InputDispatcher(  633): injectInputEvent - eventType=2, injectorPid=27754, injectorUid=0, syncMode=0, timeout=30000, policyFlags=0x08000000
06-11 21:52:16.028 D/InputDispatcher(  633): injectInputEvent - Finished with result 0. injectorPid=27754, injectorUid=0
06-11 21:52:16.028 D/InputDispatcher(  633): Setting input event injection result to 0.  injectorPid=27754, injectorUid=0
06-11 21:52:16.028 V/InputDispatcher(  633): Asynchronous input event injection succeeded.
06-11 21:52:16.028 I/android.hardware.power-service.libperfmgr(  366): Power setBoost: INTERACTION duration: 0
06-11 21:52:16.029 I/libperfmgr(  366): Do Powerhint: INTERACTION
06-11 21:52:16.030 I/android.hardware.power-service.libperfmgr(  366): Power setBoost: INTERACTION duration: 0
06-11 21:52:16.030 I/libperfmgr(  366): Do Powerhint: INTERACTION
06-11 21:52:16.039 D/InputDispatcher(  633): injectInputEvent - eventType=2, injectorPid=27754, injectorUid=0, syncMode=0, timeout=30000, policyFlags=0x08000000
06-11 21:52:16.039 D/InputDispatcher(  633): injectInputEvent - Finished with result 0. injectorPid=27754, injectorUid=0
06-11 21:52:16.039 D/InputDispatcher(  633): Setting input event injection result to 0.  injectorPid=27754, injectorUid=0
06-11 21:52:16.039 V/InputDispatcher(  633): Asynchronous input event injection succeeded.
06-11 21:52:16.043 D/stbdpc  (  397): STB_DPGetNumPaths[570]: num_paths: 1
06-11 21:52:16.055 W/GestureController(27769): Gestures took longer than expected (34ms >> 16ms), device might be in a busy state.
06-11 21:52:16.055 I/appium  (27769): Waiting up to 10000ms for the device to idle
06-11 21:52:16.143 D/stbdpc  (  397): STB_DPGetNumPaths[570]: num_paths: 1
06-11 21:52:16.243 D/stbdpc  (  397): STB_DPGetNumPaths[570]: num_paths: 1
06-11 21:52:16.272 D/dvb_iptv(  397): ReadEmmNetworkTask[1537]: EMM Select Timeout Occured 46
06-11 21:52:16.343 D/stbdpc  (  397): STB_DPGetNumPaths[570]: num_paths: 1
06-11 21:52:16.395 D/JioStbInactivityTimer(  926): Timer: count 352 warningTimeout:10680 timeout:10800
06-11 21:52:16.395 D/JioStbInactivityTimer(  926): isUserActive: Curr:4414283 Prev:4414283
06-11 21:52:16.444 D/stbdpc  (  397): STB_DPGetNumPaths[570]: num_paths: 1
06-11 21:52:16.459 I/.startv.hotsta(27839): oneway function results will be dropped but finished with status OK and parcel size 4
06-11 21:52:16.461 I/e.swalekh.abct( 1359): oneway function results will be dropped but finished with status OK and parcel size 4
06-11 21:52:16.467 D/JioSTBMRServer-SERVICE( 3589): InetSocketAddress(InetAddress.getByName(inetAddress.hostAddress)-/192.168.1.255
06-11 21:52:16.467 D/JioSTBMRServer-SERVICE( 3589): #beacon:RKISBFJ60000097:0:false:0:1:SV=181024 , 192.168.1.255
06-11 21:52:16.473 D/JioSTBMRServer-SERVICE( 3589): InetSocketAddress(InetAddress.getByName(inetAddress.hostAddress)-/192.168.1.255
06-11 21:52:16.473 D/JioSTBMRServer-SERVICE( 3589): #broadcast IP:192.168.1.255
06-11 21:52:16.544 D/stbdpc  (  397): STB_DPGetNumPaths[570]: num_paths: 1
06-11 21:52:16.544 I/appium  (27769): AppiumResponse: {"sessionId":"acef45ea-c04b-461d-97ce-a089f04e094e","value":null}
06-11 21:52:16.589 I/appium  (27769): channel read: POST /session/acef45ea-c04b-461d-97ce-a089f04e094e/appium/device/press_keycode
06-11 21:52:16.590 I/appium  (27769): PressKeyCode command
06-11 21:52:16.591 I/appium  (27769): Calling PressKeyCode... 
06-11 21:52:16.595 D/UiDevice(27769): Pressing keycodes [66] with modifier 0.
06-11 21:52:16.611 D/InputDispatcher(  633): injectInputEvent - eventType=1, injectorPid=27754, injectorUid=0, syncMode=2, timeout=30000, policyFlags=0x08000000
06-11 21:52:16.611 D/WindowManager(  633): interceptKeyTq keycode=66 interactive=true keyguardActive=false policyFlags=2b000000
06-11 21:52:16.612 D/WindowManager(  633): CloudPC is in NOT in foreground
06-11 21:52:16.612 D/WindowManager(  633): isKeyNeedsToPassToJioCloudPC :: NO
06-11 21:52:16.612 I/android.hardware.power-service.libperfmgr(  366): Power setBoost: INTERACTION duration: 0
06-11 21:52:16.613 D/WindowManager(  633): interceptKeyTi keyCode=66 down=true repeatCount=0 keyguardOn=false canceled=false
06-11 21:52:16.613 D/WindowManager(  633): CloudPC is in NOT in foreground
06-11 21:52:16.613 I/libperfmgr(  366): Do Powerhint: INTERACTION
06-11 21:52:16.613 D/WindowManager(  633): isKeyNeedsToPassToJioCloudPC :: NO
06-11 21:52:16.613 I/android.hardware.power-service.libperfmgr(  366): Power setBoost: INTERACTION duration: 0
06-11 21:52:16.613 D/GlobalKeyManager(  633): KeyEvent { action=ACTION_DOWN, keyCode=KEYCODE_ENTER, scanCode=0, metaState=0, flags=0x0, repeatCount=0, eventTime=4767748, downTime=4767748, deviceId=-1, source=0x101, displayId=-1 }
06-11 21:52:16.613 I/libperfmgr(  366): Do Powerhint: INTERACTION
06-11 21:52:16.613 D/InputDispatcher(  633): Setting input event injection result to 0.  injectorPid=27754, injectorUid=0
06-11 21:52:16.613 D/InputDispatcher(  633): injectInputEvent - Waiting for 1 pending foreground dispatches.
06-11 21:52:16.615 D/InputDispatcher(  633): injectInputEvent - Finished with result 0. injectorPid=27754, injectorUid=0
06-11 21:52:16.617 D/InputDispatcher(  633): injectInputEvent - eventType=1, injectorPid=27754, injectorUid=0, syncMode=2, timeout=30000, policyFlags=0x08000000
06-11 21:52:16.617 D/WindowManager(  633): interceptKeyTq keycode=66 interactive=true keyguardActive=false policyFlags=2b000000
06-11 21:52:16.617 D/WindowManager(  633): CloudPC is in NOT in foreground
06-11 21:52:16.618 D/WindowManager(  633): isKeyNeedsToPassToJioCloudPC :: NO
06-11 21:52:16.618 D/WindowManager(  633): interceptKeyTi keyCode=66 down=false repeatCount=0 keyguardOn=false canceled=false
06-11 21:52:16.618 D/WindowManager(  633): CloudPC is in NOT in foreground
06-11 21:52:16.618 D/WindowManager(  633): isKeyNeedsToPassToJioCloudPC :: NO
06-11 21:52:16.618 D/GlobalKeyManager(  633): KeyEvent { action=ACTION_UP, keyCode=KEYCODE_ENTER, scanCode=0, metaState=0, flags=0x0, repeatCount=0, eventTime=4767748, downTime=4767748, deviceId=-1, source=0x101, displayId=-1 }
06-11 21:52:16.619 D/InputDispatcher(  633): Setting input event injection result to 0.  injectorPid=27754, injectorUid=0
06-11 21:52:16.619 D/InputDispatcher(  633): injectInputEvent - Waiting for 1 pending foreground dispatches.
06-11 21:52:16.626 I/sub_mixing_factory(  348): [usecase_change_validate_l_sm:1209] ++++continuous:0 dev masks:0, out masks:0, out usecase PCM_NORMAL
06-11 21:52:16.626 I/sub_mixing_factory(  348): [usecase_change_validate_l_sm:1216] add usecase PCM_NORMAL, cnt 1
06-11 21:52:16.626 D/sub_mixing_factory(  348): [usecase_change_validate_l_sm:1228] cur dev masks:0, add out usecase:PCM_NORMAL
06-11 21:52:16.626 I/sub_mixing_factory(  348): [usecase_change_validate_l_sm:1259] ----continuous:0 dev masks:0x1, out masks:0x1, out usecase PCM_NORMAL
06-11 21:52:16.626 D/aml_audio_port(  348): [new_input_port:260] buf_frames:384,frame_size:4 ==> thunk_size:1536
06-11 21:52:16.626 I/aml_audio_port(  348): [get_input_port_type:109] samplerate:48000, flags:0x2, channel_cnt:2
06-11 21:52:16.626 D/aml_audio_port(  348): [new_input_port:286] inport:PCM_SYSTEM, buf:6144, direct:0, format:0x1, rate:48000, ch:2
06-11 21:52:16.626 I/amlAudioMixer(  348): [init_mixer_input_port:175] input port:PCM_SYSTEM, size 384 frames, frame_write_sum:59871232
06-11 21:52:16.626 I/aml_audio_port(  348): [get_input_port_type:109] samplerate:48000, flags:0x2, channel_cnt:2
06-11 21:52:16.626 I/sub_mixing_factory(  348): [mixer_aux_buffer_write_sm:1066] stream 0xee269000 input port:PCM_SYSTEM
06-11 21:52:16.626 I/sub_mixing_factory(  348): [mixer_aux_buffer_write_sm:1076] padding_bytes 12288
06-11 21:52:16.627 I/amlAudioMixer(  348): [mixer_write_inport:260] input port:PCM_SYSTEM is active now
06-11 21:52:16.627 I/sub_mixing_factory(  348): [mixer_aux_buffer_write_sm:1076] padding_bytes 10752
06-11 21:52:16.627 I/sub_mixing_factory(  348): [mixer_aux_buffer_write_sm:1076] padding_bytes 9216
06-11 21:52:16.627 I/sub_mixing_factory(  348): [mixer_aux_buffer_write_sm:1076] padding_bytes 7680
06-11 21:52:16.627 I/sub_mixing_factory(  348): [mixer_aux_buffer_write_sm:1076] padding_bytes 6144
06-11 21:52:16.627 I/system_server(  633): oneway function results will be dropped but finished with status OK and parcel size 4
06-11 21:52:16.628 I/system_server(  633): oneway function results will be dropped but finished with status OK and parcel size 4
06-11 21:52:16.629 I/amlAudioMixer(  348): [mixer_inports_read:704] input port:PCM_SYSTEM first start, portId:0, avail:6144
06-11 21:52:16.629 I/sub_mixing_factory(  348): [mixer_aux_buffer_write_sm:1076] padding_bytes 4608
06-11 21:52:16.636 D/InputDispatcher(  633): injectInputEvent - Finished with result 0. injectorPid=27754, injectorUid=0
06-11 21:52:16.637 I/sub_mixing_factory(  348): [mixer_aux_buffer_write_sm:1076] padding_bytes 3072
06-11 21:52:16.639 D/rtk_heartbeat(  349): heartbeat_timed_out: heartbeatCmdCount = 4746, expected nextSeqNum = 4746
06-11 21:52:16.643 D/rtk_heartbeat(  349): rtkbt_heartbeat_cmpl_cback: Current SeqNum = 4746,should SeqNum=4746, status = 0
06-11 21:52:16.644 D/stbdpc  (  397): STB_DPGetNumPaths[570]: num_paths: 1
06-11 21:52:16.645 I/sub_mixing_factory(  348): [mixer_aux_buffer_write_sm:1076] padding_bytes 1536
06-11 21:52:16.651 I/appium  (27769): AppiumResponse: {"sessionId":"acef45ea-c04b-461d-97ce-a089f04e094e","value":null}
06-11 21:52:16.744 D/stbdpc  (  397): STB_DPGetNumPaths[570]: num_paths: 1
06-11 21:52:16.772 D/dvb_iptv(  397): ReadEmmNetworkTask[1537]: EMM Select Timeout Occured 47
06-11 21:52:16.791 I/.startv.hotsta(27839): Background concurrent copying GC freed 69148(3367KB) AllocSpace objects, 24(624KB) LOS objects, 49% free, 12MB/24MB, paused 105us total 151.187ms
06-11 21:52:16.794 D/JioStbNetworkUtility( 1773): gateway-default-ip-/fe80::1
06-11 21:52:16.838 D/ltts_ip_emm(  397): LTTS_IP_DMXStartEMM[381]: parse_emm_cat_status failed
06-11 21:52:16.844 D/stbdpc  (  397): STB_DPGetNumPaths[570]: num_paths: 1
06-11 21:52:16.932 W/APM::AudioPolicyEngine(  387): getDevicesForStrategy() unknown strategy: -1
06-11 21:52:16.933 I/system_server(  633): oneway function results will be dropped but finished with status OK and parcel size 4
06-11 21:52:16.944 D/stbdpc  (  397): STB_DPGetNumPaths[570]: num_paths: 1
06-11 21:52:17.026 E/WifiVendorHal(  633): getWifiLinkLayerStats_1_3_Internal(l.973) failed {.code = ERROR_UNKNOWN, .description = unknown error}
06-11 21:52:17.045 D/stbdpc  (  397): STB_DPGetNumPaths[570]: num_paths: 1
06-11 21:52:17.145 I/chatty  (  397): uid=0(root) DK-SiCntrl identical 1 line
06-11 21:52:17.245 D/stbdpc  (  397): STB_DPGetNumPaths[570]: num_paths: 1
06-11 21:52:17.273 D/dvb_iptv(  397): ReadEmmNetworkTask[1537]: EMM Select Timeout Occured 48
06-11 21:52:17.345 D/stbdpc  (  397): STB_DPGetNumPaths[570]: num_paths: 1
06-11 21:52:17.395 D/JioStbInactivityTimer(  926): Timer: count 353 warningTimeout:10680 timeout:10800
06-11 21:52:17.395 D/JioStbInactivityTimer(  926): isUserActive: Curr:4414283 Prev:4414283
06-11 21:52:17.445 D/stbdpc  (  397): STB_DPGetNumPaths[570]: num_paths: 1
06-11 21:52:17.579 W/[ 4768.725919@2]  RTW(    0): fill_default_txdesc(wlan0): SP Packet(0x0806) rate=0x4 SeqNum = 4038
06-11 21:52:17.545 D/stbdpc  (  397): STB_DPGetNumPaths[570]: num_paths: 1
06-11 21:52:17.640 D/rtk_heartbeat(  349): heartbeat_timed_out: heartbeatCmdCount = 4747, expected nextSeqNum = 4747
06-11 21:52:17.641 D/rtk_heartbeat(  349): rtkbt_heartbeat_cmpl_cback: Current SeqNum = 4747,should SeqNum=4747, status = 0
06-11 21:52:17.646 D/stbdpc  (  397): STB_DPGetNumPaths[570]: num_paths: 1
06-11 21:52:17.731 I/ThermalService(  969): CPU temperatures: [61.300003]
06-11 21:52:17.746 D/stbdpc  (  397): STB_DPGetNumPaths[570]: num_paths: 1
06-11 21:52:17.773 D/dvb_iptv(  397): ReadEmmNetworkTask[1537]: EMM Select Timeout Occured 49
06-11 21:52:17.846 D/stbdpc  (  397): STB_DPGetNumPaths[570]: num_paths: 1
06-11 21:52:17.925 I/WifiService(  633): releaseMulticastLock uid=10083
06-11 21:52:17.926 I/JTCLOG  ( 3612): JuiceModel ->  Discover Mesh ONT services started
06-11 21:52:17.927 I/WifiService(  633): acquireMulticastLock uid=10083
06-11 21:52:17.944 D/JioLauncher( 1773): overlay status check for wifi and bt remote false false
06-11 21:52:17.946 D/stbdpc  (  397): STB_DPGetNumPaths[570]: num_paths: 1
06-11 21:52:17.948 D/Match code1( 1439): 2
06-11 21:52:17.948 D/JIO_TR069-( 1439): Predefined List [com.jio.stb.catv, com.rjil.jiostbsetting, com.iwedia.ui.rjio.launcher.reliance, com.jio.stb.hotellauncher, com.jio.media.oberoi, com.jio.ott]
06-11 21:52:17.951 D/JIO_TR069-( 1439): Caller Package com.iwedia.ui.rjio.launcher.reliance
06-11 21:52:17.951 D/JIO_TR069-( 1439): White Listed Apps []
06-11 21:52:17.951 D/JIO_TR069-( 1439): Final White Listed Apps [com.jio.stb.catv, com.rjil.jiostbsetting, com.iwedia.ui.rjio.launcher.reliance, com.jio.stb.hotellauncher, com.jio.media.oberoi, com.jio.ott, ]
06-11 21:52:17.957 D/JioLauncher( 1773): network-type-------NonJioNetwork
06-11 21:52:17.961 D/JioLauncher( 1773): live-tv-previousIp-[/fe80::1%wlan0, /192.168.1.1]-newHost-[/fe80::1%wlan0, /192.168.1.1]
06-11 21:52:18.001 V/DigitalSignage(  633): Package Name: null
06-11 21:52:18.001 V/DigitalSignage(  633): Left: 0
06-11 21:52:18.001 V/DigitalSignage(  633): Right: 0
06-11 21:52:18.001 V/DigitalSignage(  633): Top: 0
06-11 21:52:18.001 V/DigitalSignage(  633): Bottom: 0
06-11 21:52:18.001 D/DigitalSignage(  633): else - Package Name :: null left : 0 right :: 0 top :: 0 bottom :: 0 dfu-right :: 1920 dfu-bottom :: 1080
06-11 21:52:18.027 V/DigitalSignage(  633): Package Name: null
06-11 21:52:18.027 V/DigitalSignage(  633): Left: 0
06-11 21:52:18.027 V/DigitalSignage(  633): Right: 0
06-11 21:52:18.027 V/DigitalSignage(  633): Top: 0
06-11 21:52:18.027 V/DigitalSignage(  633): Bottom: 0
06-11 21:52:18.027 D/DigitalSignage(  633): else - Package Name :: null left : 0 right :: 0 top :: 0 bottom :: 0 dfu-right :: 1920 dfu-bottom :: 1080
06-11 21:52:18.046 D/stbdpc  (  397): STB_DPGetNumPaths[570]: num_paths: 1
06-11 21:52:18.067 D/PackageManager(  633): Instant App installer not found with android.intent.action.INSTALL_INSTANT_APP_PACKAGE
06-11 21:52:18.067 D/PackageManager(  633): Clear ephemeral installer activity
06-11 21:52:18.147 I/chatty  (  397): uid=0(root) DK-SiCntrl identical 1 line
06-11 21:52:18.247 D/stbdpc  (  397): STB_DPGetNumPaths[570]: num_paths: 1
06-11 21:52:18.273 D/dvb_iptv(  397): ReadEmmNetworkTask[1537]: EMM Select Timeout Occured 50
06-11 21:52:18.347 D/stbdpc  (  397): STB_DPGetNumPaths[570]: num_paths: 1
06-11 21:52:18.395 D/JioStbInactivityTimer(  926): Timer: count 354 warningTimeout:10680 timeout:10800
06-11 21:52:18.396 D/JioStbInactivityTimer(  926): isUserActive: Curr:4414283 Prev:4414283
06-11 21:52:18.447 D/stbdpc  (  397): STB_DPGetNumPaths[570]: num_paths: 1
06-11 21:52:18.459 F/linker  (28023): CANNOT LINK EXECUTABLE "/system/bin/smartcable/smartCableSTBApp": library "libmosquitto.so" not found: needed by main executable
06-11 21:52:18.525 I/.startv.hotsta(27839): NativeAlloc concurrent copying GC freed 111276(6526KB) AllocSpace objects, 36(928KB) LOS objects, 50% free, 16MB/33MB, paused 250us total 348.364ms
06-11 21:52:18.547 D/stbdpc  (  397): STB_DPGetNumPaths[570]: num_paths: 1
06-11 21:52:18.619 I/.startv.hotsta(27839): oneway function results will be dropped but finished with status OK and parcel size 4
06-11 21:52:18.622 I/e.swalekh.abct( 1359): oneway function results will be dropped but finished with status OK and parcel size 4
06-11 21:52:18.641 D/rtk_heartbeat(  349): heartbeat_timed_out: heartbeatCmdCount = 4748, expected nextSeqNum = 4748
06-11 21:52:18.644 D/rtk_heartbeat(  349): rtkbt_heartbeat_cmpl_cback: Current SeqNum = 4748,should SeqNum=4748, status = 0
06-11 21:52:18.648 D/stbdpc  (  397): STB_DPGetNumPaths[570]: num_paths: 1
06-11 21:52:18.648 D/JioSTBMRServer-SERVICE( 3589): InetSocketAddress(InetAddress.getByName(inetAddress.hostAddress)-/192.168.1.255
06-11 21:52:18.648 D/JioSTBMRServer-SERVICE( 3589): #beacon:RKISBFJ60000097:0:false:0:1:SV=181024 , 192.168.1.255
06-11 21:52:18.652 D/JioSTBMRServer-SERVICE( 3589): InetSocketAddress(InetAddress.getByName(inetAddress.hostAddress)-/192.168.1.255
06-11 21:52:18.652 D/JioSTBMRServer-SERVICE( 3589): #broadcast IP:192.168.1.255
06-11 21:52:18.689 I/appium  (27769): channel read: POST /session/acef45ea-c04b-461d-97ce-a089f04e094e/element
06-11 21:52:18.692 I/appium  (27769): FindElement command
06-11 21:52:18.694 I/appium  (27769): method: 'xpath', selector: '//android.widget.TextView[@resource-id='in.startv.hotstar:id/title']'
06-11 21:52:18.695 I/appium  (27769): Waiting up to 10000ms for the device to idle
06-11 21:52:18.748 D/stbdpc  (  397): STB_DPGetNumPaths[570]: num_paths: 1
06-11 21:52:18.773 D/dvb_iptv(  397): ReadEmmNetworkTask[1537]: EMM Select Timeout Occured 51
06-11 21:52:18.838 D/ltts_ip_emm(  397): LTTS_IP_DMXStartEMM[381]: parse_emm_cat_status failed
06-11 21:52:18.848 D/stbdpc  (  397): STB_DPGetNumPaths[570]: num_paths: 1
06-11 21:52:19.107 I/AppsFilter(  633): interaction: PackageSetting{d0429bc io.appium.uiautomator2.server.test/10095} -> PackageSetting{860805a in.startv.hotstar/10072} BLOCKED
06-11 21:52:19.107 I/AppsFilter(  633): interaction: PackageSetting{ca44c9a com.omni.simplesetup/10026} -> PackageSetting{860805a in.startv.hotstar/10072} BLOCKED
06-11 21:52:19.107 I/AppsFilter(  633): interaction: PackageSetting{a67b9cb io.appium.settings/10094} -> PackageSetting{860805a in.startv.hotstar/10072} BLOCKED
06-11 21:52:19.112 I/RoleManagerService(  633): Granting default roles...
06-11 21:52:18.948 I/chatty  (  397): uid=0(root) DK-SiCntrl identical 1 line
06-11 21:52:19.048 D/stbdpc  (  397): STB_DPGetNumPaths[570]: num_paths: 1
06-11 21:52:19.118 V/AvrcpMediaPlayerList(  764): mPackageChangedBroadcastReceiver: action: android.intent.action.PACKAGE_CHANGED
06-11 21:52:19.118 D/AvrcpMediaPlayerList(  764): Name of package changed: in.startv.hotstar
06-11 21:52:19.119 D/JioLauncher( 1773): package-receiver: android.intent.action.PACKAGE_CHANGED
06-11 21:52:19.121 I/InputReader(  633): Reconfiguring input devices, changes=KEYBOARD_LAYOUTS | 
06-11 21:52:19.140 I/PermissionControllerServiceImpl( 2797): Updating user sensitive for uid 10072
06-11 21:52:19.142 W/Role    ( 2797): Cannot get ApplicationInfo for default holder: com.android.messaging
06-11 21:52:19.148 D/stbdpc  (  397): STB_DPGetNumPaths[570]: num_paths: 1
06-11 21:52:19.248 I/appium  (27769): The following attributes will be included to the page source: [resource-id]
06-11 21:52:19.249 D/stbdpc  (  397): STB_DPGetNumPaths[570]: num_paths: 1
06-11 21:52:19.273 D/dvb_iptv(  397): ReadEmmNetworkTask[1537]: EMM Select Timeout Occured 52
06-11 21:52:19.349 D/stbdpc  (  397): STB_DPGetNumPaths[570]: num_paths: 1
06-11 21:52:19.395 D/JioStbInactivityTimer(  926): Timer: count 355 warningTimeout:10680 timeout:10800
06-11 21:52:19.395 D/JioStbInactivityTimer(  926): isUserActive: Curr:4414283 Prev:4414283
06-11 21:52:19.449 D/stbdpc  (  397): STB_DPGetNumPaths[570]: num_paths: 1
06-11 21:52:19.461 D/DefaultRenderersFactory(27839): Building video renderers, extensionRendererMode 0
06-11 21:52:19.476 I/ExoPlayerImpl(27839): Init a423bc4 [ExoPlayerLib/2.16.1] [MSTB, JMSB200A, Jio, 30]
06-11 21:52:19.482 I/appium  (27769): Took 0ms to retrieve 1 matches for '//android.widget.TextView[@resource-id='in.startv.hotstar:id/title']' XPath2 query
06-11 21:52:19.488 W/Searchables(  633): No global search activity found
06-11 21:52:19.490 I/appium  (27769): AppiumResponse: {"sessionId":"acef45ea-c04b-461d-97ce-a089f04e094e","value":{"ELEMENT":"00000000-0000-003d-ffff-ffff000000aa","element-6066-11e4-a52e-4f735466cecf":"00000000-0000-003d-ffff-ffff000000aa"}}
06-11 21:52:19.511 I/MediaFocusControl(  633): requestAudioFocus() from uid/pid 10072/27839 clientId=android.media.AudioManager@6ed19cfg2.b$a@5eb3f5c callingPack=in.startv.hotstar req=1 flags=0x0 sdk=34
06-11 21:52:19.511 I/MediaFocusControl(  633): notifyAudioFocusGain. in.startv.hotstar
06-11 21:52:19.512 D/CustomBootReceiver( 1856): onReceive, Receive broadcast message, com.jio.stb.AUDIO_FOCUS_GAIN
06-11 21:52:19.512 D/CustomBootReceiver( 1856): Recvd broadcast; Audio Focus change from package : in.startv.hotstar
06-11 21:52:19.512 D/AppOptimizerAudioFocusReceiver( 1722): onReceive, Receive broadcast message, com.jio.stb.AUDIO_FOCUS_GAIN
06-11 21:52:19.512 D/AppOptimizerAudioFocusReceiver( 1722): Recvd broadcast; Current Audio Focus=in.startv.hotstar
06-11 21:52:19.512 D/AppOptimizerAudioFocusReceiver( 1722): calling removeApp method
06-11 21:52:19.516 I/DrmUtils(27839): found android.hardware.drm@1.0::IDrmFactory clearkey
06-11 21:52:19.518 I/DrmUtils(27839): found android.hardware.drm@1.0::IDrmFactory verimatrix
06-11 21:52:19.519 I/appium  (27769): channel read: GET /session/acef45ea-c04b-461d-97ce-a089f04e094e/element/00000000-0000-003d-ffff-ffff000000aa/attribute/displayed
06-11 21:52:19.520 I/DrmUtils(27839): found android.hardware.drm@1.0::IDrmFactory widevine
06-11 21:52:19.520 I/appium  (27769): GetElementAttribute command
06-11 21:52:19.522 I/DrmUtils(27839): found android.hardware.drm@1.0::IDrmFactory youtube
06-11 21:52:19.525 I/DrmUtils(27839): found android.hardware.drm@1.1::IDrmFactory clearkey
06-11 21:52:19.526 I/DrmUtils(27839): found android.hardware.drm@1.1::IDrmFactory verimatrix
06-11 21:52:19.527 I/DrmUtils(27839): found android.hardware.drm@1.1::IDrmFactory widevine
06-11 21:52:19.528 I/DrmUtils(27839): found android.hardware.drm@1.1::IDrmFactory youtube
06-11 21:52:19.531 I/DrmUtils(27839): found android.hardware.drm@1.2::IDrmFactory clearkey
06-11 21:52:19.532 I/DrmUtils(27839): found android.hardware.drm@1.2::IDrmFactory verimatrix
06-11 21:52:19.534 I/DrmUtils(27839): found android.hardware.drm@1.2::IDrmFactory widevine
06-11 21:52:19.536 I/DrmUtils(27839): found android.hardware.drm@1.2::IDrmFactory youtube
06-11 21:52:19.539 I/DrmUtils(27839): found android.hardware.drm@1.3::IDrmFactory clearkey
06-11 21:52:19.540 I/DrmUtils(27839): found android.hardware.drm@1.3::IDrmFactory verimatrix
06-11 21:52:19.542 I/DrmUtils(27839): found android.hardware.drm@1.3::IDrmFactory widevine
06-11 21:52:19.543 I/DrmUtils(27839): found android.hardware.drm@1.3::IDrmFactory youtube
06-11 21:52:19.543 W/android.hardware.drm@1.3-service.youtube(  355): isCryptoSchemeSupported, false
06-11 21:52:19.544 I/WVCdm   (  354): [app][in.startv.hotstar] calling virtual Return<void> wvdrm::hardware::drm::V1_3::widevine::WVDrmFactory::createPlugin(const hidl_array<uint8_t, 16> &, const android::hardware::hidl_string &, android::hardware::drm::V1_3::IDrmFactory::createPlugin_cb)
06-11 21:52:19.545 I/appium  (27769): AppiumResponse: {"sessionId":"acef45ea-c04b-461d-97ce-a089f04e094e","value":"true"}
06-11 21:52:19.549 D/stbdpc  (  397): STB_DPGetNumPaths[570]: num_paths: 1
06-11 21:52:19.587 I/appium  (27769): channel read: GET /session/acef45ea-c04b-461d-97ce-a089f04e094e/element/00000000-0000-003d-ffff-ffff000000aa/attribute/displayed
06-11 21:52:19.588 I/appium  (27769): GetElementAttribute command
06-11 21:52:19.596 I/appium  (27769): AppiumResponse: {"sessionId":"acef45ea-c04b-461d-97ce-a089f04e094e","value":"true"}
06-11 21:52:19.641 I/appium  (27769): channel read: POST /session/acef45ea-c04b-461d-97ce-a089f04e094e/appium/device/press_keycode
06-11 21:52:19.641 D/rtk_heartbeat(  349): heartbeat_timed_out: heartbeatCmdCount = 4749, expected nextSeqNum = 4749
06-11 21:52:19.643 D/rtk_heartbeat(  349): rtkbt_heartbeat_cmpl_cback: Current SeqNum = 4749,should SeqNum=4749, status = 0
06-11 21:52:19.643 I/appium  (27769): PressKeyCode command
06-11 21:52:19.643 I/appium  (27769): Calling PressKeyCode... 
06-11 21:52:19.647 D/UiDevice(27769): Pressing keycodes [4] with modifier 0.
06-11 21:52:19.649 D/stbdpc  (  397): STB_DPGetNumPaths[570]: num_paths: 1
06-11 21:52:19.664 D/InputDispatcher(  633): injectInputEvent - eventType=1, injectorPid=27754, injectorUid=0, syncMode=2, timeout=30000, policyFlags=0x08000000
06-11 21:52:19.665 D/WindowManager(  633): interceptKeyTq keycode=4 interactive=true keyguardActive=false policyFlags=2b000000
06-11 21:52:19.665 D/WindowManager(  633): CloudPC is in NOT in foreground
06-11 21:52:19.665 D/WindowManager(  633): isKeyNeedsToPassToJioCloudPC :: NO
06-11 21:52:19.666 D/WindowManager(  633): interceptKeyTi keyCode=4 down=true repeatCount=0 keyguardOn=false canceled=false
06-11 21:52:19.666 D/WindowManager(  633): CloudPC is in NOT in foreground
06-11 21:52:19.666 D/WindowManager(  633): isKeyNeedsToPassToJioCloudPC :: NO
06-11 21:52:19.666 D/GlobalKeyManager(  633): KeyEvent { action=ACTION_DOWN, keyCode=KEYCODE_BACK, scanCode=0, metaState=0, flags=0x0, repeatCount=0, eventTime=4770801, downTime=4770801, deviceId=-1, source=0x101, displayId=-1 }
06-11 21:52:19.666 D/InputDispatcher(  633): Setting input event injection result to 0.  injectorPid=27754, injectorUid=0
06-11 21:52:19.666 D/InputDispatcher(  633): injectInputEvent - Waiting for 1 pending foreground dispatches.
06-11 21:52:19.666 I/android.hardware.power-service.libperfmgr(  366): Power setBoost: INTERACTION duration: 0
06-11 21:52:19.667 I/libperfmgr(  366): Do Powerhint: INTERACTION
06-11 21:52:19.667 I/android.hardware.power-service.libperfmgr(  366): Power setBoost: INTERACTION duration: 0
06-11 21:52:19.667 I/libperfmgr(  366): Do Powerhint: INTERACTION
06-11 21:52:19.668 D/InputDispatcher(  633): injectInputEvent - Finished with result 0. injectorPid=27754, injectorUid=0
06-11 21:52:19.669 D/InputDispatcher(  633): injectInputEvent - eventType=1, injectorPid=27754, injectorUid=0, syncMode=2, timeout=30000, policyFlags=0x08000000
06-11 21:52:19.669 D/WindowManager(  633): interceptKeyTq keycode=4 interactive=true keyguardActive=false policyFlags=2b000000
06-11 21:52:19.670 D/WindowManager(  633): CloudPC is in NOT in foreground
06-11 21:52:19.670 D/WindowManager(  633): isKeyNeedsToPassToJioCloudPC :: NO
06-11 21:52:19.670 D/AutofillManagerService(  633): onBackKeyPressed()
06-11 21:52:19.670 D/WindowManager(  633): interceptKeyTi keyCode=4 down=false repeatCount=0 keyguardOn=false canceled=false
06-11 21:52:19.670 D/WindowManager(  633): CloudPC is in NOT in foreground
06-11 21:52:19.670 D/WindowManager(  633): isKeyNeedsToPassToJioCloudPC :: NO
06-11 21:52:19.670 D/GlobalKeyManager(  633): KeyEvent { action=ACTION_UP, keyCode=KEYCODE_BACK, scanCode=0, metaState=0, flags=0x0, repeatCount=0, eventTime=4770801, downTime=4770801, deviceId=-1, source=0x101, displayId=-1 }
06-11 21:52:19.671 D/InputDispatcher(  633): Setting input event injection result to 0.  injectorPid=27754, injectorUid=0
06-11 21:52:19.671 D/InputDispatcher(  633): injectInputEvent - Waiting for 1 pending foreground dispatches.
06-11 21:52:19.676 D/InputDispatcher(  633): injectInputEvent - Finished with result 0. injectorPid=27754, injectorUid=0
06-11 21:52:19.685 I/appium  (27769): AppiumResponse: {"sessionId":"acef45ea-c04b-461d-97ce-a089f04e094e","value":null}
06-11 21:52:19.727 I/appium  (27769): channel read: POST /session/acef45ea-c04b-461d-97ce-a089f04e094e/elements
06-11 21:52:19.728 I/appium  (27769): FindElements command
06-11 21:52:19.732 I/appium  (27769): method: 'xpath', selector: '//android.widget.TextView[@resource-id='in.startv.hotstar:id/tv_title']'
06-11 21:52:19.732 I/appium  (27769): Waiting up to 10000ms for the device to idle
06-11 21:52:19.747 I/ThermalService(  969): CPU temperatures: [61.600002]
06-11 21:52:19.748 D/sub_mixing_factory(  348): [out_standby_subMixingPCM:1324] out_stream(0xee269000) usecase: PCM_NORMAL
06-11 21:52:19.748 I/sub_mixing_factory(  348): [usecase_change_validate_l_sm:1170] cur dev masks:0x1, delete out usecase:PCM_NORMAL
06-11 21:52:19.748 I/sub_mixing_factory(  348): [usecase_change_validate_l_sm:1180] standby unmask usecase PCM_NORMAL
06-11 21:52:19.748 I/amlAudioMixer(  348): [delete_mixer_input_port:197] input port ID:0, type:PCM_SYSTEM, cur mask:0x1
06-11 21:52:19.749 D/stbdpc  (  397): STB_DPGetNumPaths[570]: num_paths: 1
06-11 21:52:19.750 I/system_server(  633): oneway function results will be dropped but finished with status OK and parcel size 4
06-11 21:52:19.773 D/dvb_iptv(  397): ReadEmmNetworkTask[1537]: EMM Select Timeout Occured 53
06-11 21:52:19.850 D/stbdpc  (  397): STB_DPGetNumPaths[570]: num_paths: 1
06-11 21:52:19.950 D/stbdpc  (  397): STB_DPGetNumPaths[570]: num_paths: 1
06-11 21:52:20.035 E/WifiVendorHal(  633): getWifiLinkLayerStats_1_3_Internal(l.973) failed {.code = ERROR_UNKNOWN, .description = unknown error}
06-11 21:52:20.050 D/stbdpc  (  397): STB_DPGetNumPaths[570]: num_paths: 1
06-11 21:52:20.150 I/chatty  (  397): uid=0(root) DK-SiCntrl identical 1 line
06-11 21:52:20.251 D/stbdpc  (  397): STB_DPGetNumPaths[570]: num_paths: 1
06-11 21:52:20.274 D/dvb_iptv(  397): ReadEmmNetworkTask[1537]: EMM Select Timeout Occured 54
06-11 21:52:20.351 D/stbdpc  (  397): STB_DPGetNumPaths[570]: num_paths: 1
06-11 21:52:20.395 D/JioStbInactivityTimer(  926): Timer: count 356 warningTimeout:10680 timeout:10800
06-11 21:52:20.396 D/JioStbInactivityTimer(  926): isUserActive: Curr:4414283 Prev:4414283
06-11 21:52:20.404 I/appium  (27769): The following attributes will be included to the page source: [resource-id]
06-11 21:52:20.451 D/stbdpc  (  397): STB_DPGetNumPaths[570]: num_paths: 1
06-11 21:52:20.551 D/stbdpc  (  397): STB_DPGetNumPaths[570]: num_paths: 1
06-11 21:52:20.627 I/appium  (27769): Took 0ms to retrieve 8 matches for '//android.widget.TextView[@resource-id='in.startv.hotstar:id/tv_title']' XPath2 query
06-11 21:52:20.632 I/appium  (27769): Caching 8 found elements
06-11 21:52:20.641 I/appium  (27769): Cached 8 elements
06-11 21:52:20.642 D/rtk_heartbeat(  349): heartbeat_timed_out: heartbeatCmdCount = 4750, expected nextSeqNum = 4750
06-11 21:52:20.643 D/rtk_heartbeat(  349): rtkbt_heartbeat_cmpl_cback: Current SeqNum = 4750,should SeqNum=4750, status = 0
06-11 21:52:20.647 I/appium  (27769): AppiumResponse: {"sessionId":"acef45ea-c04b-461d-97ce-a089f04e094e","value":[{"ELEMENT":"00000000-0000-003d-ffff-ffff00000024","element-6066-11e4-a52e-4f735466cecf":"00000000-0000-003d-ffff-ffff00000024"},{"ELEMENT":"00000000-0000-003d-ffff-ffff00000029","element-6066-11e4-a52e-4f735466cecf":"00000000-0000-003d-fff
06-11 21:52:20.651 D/stbdpc  (  397): STB_DPGetNumPaths[570]: num_paths: 1
06-11 21:52:20.674 I/.startv.hotsta(27839): oneway function results will be dropped but finished with status OK and parcel size 4
06-11 21:52:20.676 I/e.swalekh.abct( 1359): oneway function results will be dropped but finished with status OK and parcel size 4
06-11 21:52:20.688 D/JioSTBMRServer-SERVICE( 3589): InetSocketAddress(InetAddress.getByName(inetAddress.hostAddress)-/192.168.1.255
06-11 21:52:20.688 D/JioSTBMRServer-SERVICE( 3589): #beacon:RKISBFJ60000097:0:false:0:1:SV=181024 , 192.168.1.255
06-11 21:52:20.691 D/JioSTBMRServer-SERVICE( 3589): InetSocketAddress(InetAddress.getByName(inetAddress.hostAddress)-/192.168.1.255
06-11 21:52:20.691 D/JioSTBMRServer-SERVICE( 3589): #broadcast IP:192.168.1.255
06-11 21:52:20.751 D/stbdpc  (  397): STB_DPGetNumPaths[570]: num_paths: 1
06-11 21:52:20.774 D/dvb_iptv(  397): ReadEmmNetworkTask[1537]: EMM Select Timeout Occured 55
06-11 21:52:20.780 I/appium  (27769): channel read: GET /session/acef45ea-c04b-461d-97ce-a089f04e094e/element/00000000-0000-003d-ffff-ffff00000024/attribute/displayed
06-11 21:52:20.781 I/appium  (27769): GetElementAttribute command
06-11 21:52:20.793 I/appium  (27769): AppiumResponse: {"sessionId":"acef45ea-c04b-461d-97ce-a089f04e094e","value":"true"}
06-11 21:52:20.834 I/appium  (27769): channel read: GET /session/acef45ea-c04b-461d-97ce-a089f04e094e/element/00000000-0000-003d-ffff-ffff00000029/attribute/displayed
06-11 21:52:20.835 I/appium  (27769): GetElementAttribute command
06-11 21:52:20.838 D/ltts_ip_emm(  397): LTTS_IP_DMXStartEMM[381]: parse_emm_cat_status failed
06-11 21:52:20.844 I/appium  (27769): AppiumResponse: {"sessionId":"acef45ea-c04b-461d-97ce-a089f04e094e","value":"true"}
06-11 21:52:20.852 D/stbdpc  (  397): STB_DPGetNumPaths[570]: num_paths: 1
06-11 21:52:20.884 I/appium  (27769): channel read: GET /session/acef45ea-c04b-461d-97ce-a089f04e094e/element/00000000-0000-003d-ffff-ffff0000002e/attribute/displayed
06-11 21:52:20.885 I/appium  (27769): GetElementAttribute command
06-11 21:52:20.893 I/appium  (27769): AppiumResponse: {"sessionId":"acef45ea-c04b-461d-97ce-a089f04e094e","value":"true"}
06-11 21:52:20.923 I/appium  (27769): channel read: GET /session/acef45ea-c04b-461d-97ce-a089f04e094e/element/00000000-0000-003d-ffff-ffff00000033/attribute/displayed
06-11 21:52:20.924 I/appium  (27769): GetElementAttribute command
06-11 21:52:20.926 I/WifiService(  633): releaseMulticastLock uid=10083
06-11 21:52:20.927 I/JTCLOG  ( 3612): JuiceModel ->  getOldONTDetails() 
06-11 21:52:20.927 I/JTCLOG  ( 3612): JuiceModel -> Constants.BASEURL_PORT_7443:https://jiofiber.local.html:7443/
06-11 21:52:20.928 I/JTCLOG  ( 3612): JuiceModel -> FQDN=jiofiber.local.html
06-11 21:52:20.928 I/JTCLOG  ( 3612): JuiceModel -> getInfo() called with secured https----- -> count : 78
06-11 21:52:20.936 I/appium  (27769): AppiumResponse: {"sessionId":"acef45ea-c04b-461d-97ce-a089f04e094e","value":"true"}
06-11 21:52:20.952 D/stbdpc  (  397): STB_DPGetNumPaths[570]: num_paths: 1
06-11 21:52:20.964 I/appium  (27769): channel read: GET /session/acef45ea-c04b-461d-97ce-a089f04e094e/element/00000000-0000-003d-ffff-ffff00000038/attribute/displayed
06-11 21:52:20.966 I/appium  (27769): GetElementAttribute command
06-11 21:52:20.976 I/appium  (27769): AppiumResponse: {"sessionId":"acef45ea-c04b-461d-97ce-a089f04e094e","value":"true"}
06-11 21:52:21.007 I/appium  (27769): channel read: GET /session/acef45ea-c04b-461d-97ce-a089f04e094e/element/00000000-0000-003d-ffff-ffff0000003d/attribute/displayed
06-11 21:52:21.008 I/appium  (27769): GetElementAttribute command
06-11 21:52:21.016 I/appium  (27769): AppiumResponse: {"sessionId":"acef45ea-c04b-461d-97ce-a089f04e094e","value":"true"}
06-11 21:52:21.052 I/appium  (27769): channel read: GET /session/acef45ea-c04b-461d-97ce-a089f04e094e/element/00000000-0000-003d-ffff-ffff00000042/attribute/displayed
06-11 21:52:21.052 D/stbdpc  (  397): STB_DPGetNumPaths[570]: num_paths: 1
06-11 21:52:21.053 I/appium  (27769): GetElementAttribute command
06-11 21:52:21.063 I/appium  (27769): AppiumResponse: {"sessionId":"acef45ea-c04b-461d-97ce-a089f04e094e","value":"true"}
06-11 21:52:21.097 I/appium  (27769): channel read: GET /session/acef45ea-c04b-461d-97ce-a089f04e094e/element/00000000-0000-003d-ffff-ffff00000047/attribute/displayed
06-11 21:52:21.099 I/appium  (27769): GetElementAttribute command
06-11 21:52:21.108 I/appium  (27769): AppiumResponse: {"sessionId":"acef45ea-c04b-461d-97ce-a089f04e094e","value":"true"}
06-11 21:52:21.144 I/appium  (27769): channel read: GET /session/acef45ea-c04b-461d-97ce-a089f04e094e/element/00000000-0000-003d-ffff-ffff00000024/text
06-11 21:52:21.146 I/appium  (27769): GetText command
06-11 21:52:21.152 D/stbdpc  (  397): STB_DPGetNumPaths[570]: num_paths: 1
06-11 21:52:21.154 I/appium  (27769): AppiumResponse: {"sessionId":"acef45ea-c04b-461d-97ce-a089f04e094e","value":"Home"}
06-11 21:52:21.185 I/appium  (27769): channel read: GET /session/acef45ea-c04b-461d-97ce-a089f04e094e/element/00000000-0000-003d-ffff-ffff00000029/text
06-11 21:52:21.187 I/appium  (27769): GetText command
06-11 21:52:21.197 I/appium  (27769): AppiumResponse: {"sessionId":"acef45ea-c04b-461d-97ce-a089f04e094e","value":"Search"}
06-11 21:52:21.235 I/appium  (27769): channel read: POST /session/acef45ea-c04b-461d-97ce-a089f04e094e/element/00000000-0000-003d-ffff-ffff00000029/click
06-11 21:52:21.236 I/appium  (27769): Click command
06-11 21:52:21.250 D/InputDispatcher(  633): injectInputEvent - eventType=2, injectorPid=27754, injectorUid=0, syncMode=0, timeout=30000, policyFlags=0x08000000
06-11 21:52:21.250 D/InputDispatcher(  633): injectInputEvent - Finished with result 0. injectorPid=27754, injectorUid=0
06-11 21:52:21.250 D/InputDispatcher(  633): Setting input event injection result to 0.  injectorPid=27754, injectorUid=0
06-11 21:52:21.250 V/InputDispatcher(  633): Asynchronous input event injection succeeded.
06-11 21:52:21.251 I/android.hardware.power-service.libperfmgr(  366): Power setBoost: INTERACTION duration: 0
06-11 21:52:21.251 I/libperfmgr(  366): Do Powerhint: INTERACTION
06-11 21:52:21.252 I/android.hardware.power-service.libperfmgr(  366): Power setBoost: INTERACTION duration: 0
06-11 21:52:21.252 I/libperfmgr(  366): Do Powerhint: INTERACTION
06-11 21:52:21.252 D/stbdpc  (  397): STB_DPGetNumPaths[570]: num_paths: 1
06-11 21:52:21.261 D/InputDispatcher(  633): injectInputEvent - eventType=2, injectorPid=27754, injectorUid=0, syncMode=0, timeout=30000, policyFlags=0x08000000
06-11 21:52:21.261 D/InputDispatcher(  633): injectInputEvent - Finished with result 0. injectorPid=27754, injectorUid=0
06-11 21:52:21.261 D/InputDispatcher(  633): Setting input event injection result to 0.  injectorPid=27754, injectorUid=0
06-11 21:52:21.261 V/InputDispatcher(  633): Asynchronous input event injection succeeded.
06-11 21:52:21.274 D/dvb_iptv(  397): ReadEmmNetworkTask[1537]: EMM Select Timeout Occured 56
06-11 21:52:21.293 W/GestureController(27769): Gestures took longer than expected (49ms >> 16ms), device might be in a busy state.
06-11 21:52:21.294 I/appium  (27769): Waiting up to 10000ms for the device to idle
06-11 21:52:21.352 D/stbdpc  (  397): STB_DPGetNumPaths[570]: num_paths: 1
06-11 21:52:21.381 D/JioAppOptimizer( 1722): AppOptimizerService :: handleMessage()
06-11 21:52:21.384 D/JioAppOptimizer( 1722): AppOptimizerService :: handleMessage() : Foreground Package=in.startv.hotstar
06-11 21:52:21.385 D/JioAppOptimizer( 1722): AppOptimizerService :: handleMessage() : Free memory available in MB : 650.43359375
06-11 21:52:21.385 D/JioAppOptimizer( 1722): AppOptimizerService :: handleMessage() : checkAndRemoveBackgroundApps()
06-11 21:52:21.385 D/JioAppOptimizer( 1722): AppOptimizerService :: checkAndRemoveBackgroundApps()
06-11 21:52:21.395 D/JioStbInactivityTimer(  926): Timer: count 357 warningTimeout:10680 timeout:10800
06-11 21:52:21.396 D/JioStbInactivityTimer(  926): isUserActive: Curr:4414283 Prev:4414283
06-11 21:52:21.453 D/stbdpc  (  397): STB_DPGetNumPaths[570]: num_paths: 1
06-11 21:52:21.553 D/stbdpc  (  397): STB_DPGetNumPaths[570]: num_paths: 1
06-11 21:52:21.642 D/rtk_heartbeat(  349): heartbeat_timed_out: heartbeatCmdCount = 4751, expected nextSeqNum = 4751
06-11 21:52:21.643 D/rtk_heartbeat(  349): rtkbt_heartbeat_cmpl_cback: Current SeqNum = 4751,should SeqNum=4751, status = 0
06-11 21:52:21.653 D/stbdpc  (  397): STB_DPGetNumPaths[570]: num_paths: 1
06-11 21:52:21.753 D/stbdpc  (  397): STB_DPGetNumPaths[570]: num_paths: 1
06-11 21:52:21.763 I/ThermalService(  969): CPU temperatures: [58.4]
06-11 21:52:21.774 D/dvb_iptv(  397): ReadEmmNetworkTask[1537]: EMM Select Timeout Occured 57
06-11 21:52:21.854 D/stbdpc  (  397): STB_DPGetNumPaths[570]: num_paths: 1
06-11 21:52:21.954 D/stbdpc  (  397): STB_DPGetNumPaths[570]: num_paths: 1
06-11 21:52:21.967 I/appium  (27769): AppiumResponse: {"sessionId":"acef45ea-c04b-461d-97ce-a089f04e094e","value":null}
06-11 21:52:22.039 I/appium  (27769): channel read: GET /session/acef45ea-c04b-461d-97ce-a089f04e094e/element/00000000-0000-003d-ffff-ffff00000029/text
06-11 21:52:22.042 I/appium  (27769): GetText command
06-11 21:52:22.049 I/appium  (27769): AppiumResponse: {"sessionId":"acef45ea-c04b-461d-97ce-a089f04e094e","value":"Search"}
06-11 21:52:22.054 D/stbdpc  (  397): STB_DPGetNumPaths[570]: num_paths: 1
06-11 21:52:22.085 I/appium  (27769): channel read: POST /session/acef45ea-c04b-461d-97ce-a089f04e094e/appium/device/press_keycode
06-11 21:52:22.086 I/appium  (27769): PressKeyCode command
06-11 21:52:22.086 I/appium  (27769): Calling PressKeyCode... 
06-11 21:52:22.091 D/UiDevice(27769): Pressing keycodes [66] with modifier 0.
06-11 21:52:22.101 D/InputDispatcher(  633): injectInputEvent - eventType=1, injectorPid=27754, injectorUid=0, syncMode=2, timeout=30000, policyFlags=0x08000000
06-11 21:52:22.101 D/WindowManager(  633): interceptKeyTq keycode=66 interactive=true keyguardActive=false policyFlags=2b000000
06-11 21:52:22.101 D/WindowManager(  633): CloudPC is in NOT in foreground
06-11 21:52:22.101 D/WindowManager(  633): isKeyNeedsToPassToJioCloudPC :: NO
06-11 21:52:22.102 I/android.hardware.power-service.libperfmgr(  366): Power setBoost: INTERACTION duration: 0
06-11 21:52:22.102 I/libperfmgr(  366): Do Powerhint: INTERACTION
06-11 21:52:22.102 I/android.hardware.power-service.libperfmgr(  366): Power setBoost: INTERACTION duration: 0
06-11 21:52:22.102 I/libperfmgr(  366): Do Powerhint: INTERACTION
06-11 21:52:22.103 D/WindowManager(  633): interceptKeyTi keyCode=66 down=true repeatCount=0 keyguardOn=false canceled=false
06-11 21:52:22.103 D/WindowManager(  633): CloudPC is in NOT in foreground
06-11 21:52:22.103 D/WindowManager(  633): isKeyNeedsToPassToJioCloudPC :: NO
06-11 21:52:22.103 D/GlobalKeyManager(  633): KeyEvent { action=ACTION_DOWN, keyCode=KEYCODE_ENTER, scanCode=0, metaState=0, flags=0x0, repeatCount=0, eventTime=4773245, downTime=4773245, deviceId=-1, source=0x101, displayId=-1 }
06-11 21:52:22.103 D/InputDispatcher(  633): Setting input event injection result to 0.  injectorPid=27754, injectorUid=0
06-11 21:52:22.103 D/InputDispatcher(  633): injectInputEvent - Waiting for 1 pending foreground dispatches.
06-11 21:52:22.105 D/InputDispatcher(  633): injectInputEvent - Finished with result 0. injectorPid=27754, injectorUid=0
06-11 21:52:22.106 D/InputDispatcher(  633): injectInputEvent - eventType=1, injectorPid=27754, injectorUid=0, syncMode=2, timeout=30000, policyFlags=0x08000000
06-11 21:52:22.107 D/WindowManager(  633): interceptKeyTq keycode=66 interactive=true keyguardActive=false policyFlags=2b000000
06-11 21:52:22.107 D/WindowManager(  633): CloudPC is in NOT in foreground
06-11 21:52:22.107 D/WindowManager(  633): isKeyNeedsToPassToJioCloudPC :: NO
