--------- beginning of crash
06-11 21:51:53.409 F/linker  (27800): CANNOT LINK EXECUTABLE "/system/bin/smartcable/smartCableSTBApp": library "libmosquitto.so" not found: needed by main executable
--------- beginning of kernel
06-11 21:51:55.482 D/[ 4746.634633@1]  logd(    0): logdr: UID=0 GID=0 PID=27824 b tail=0 logMask=99 pid=0 start=0ns timeout=0ns
06-11 21:51:55.486 D/[ 4746.636854@2]  logd(    0): Skipping 4294967295 entries from slow reader, pid 27824, from LogBuffer::kickMe()
06-11 21:51:56.986 W/[ 4748.139733@2]  RTW(    0): fill_default_txdesc(wlan0): SP Packet(0x0806) rate=0x4 SeqNum = 856
06-11 21:51:58.411 F/linker  (27942): CANNOT LINK EXECUTABLE "/system/bin/smartcable/smartCableSTBApp": library "libmosquitto.so" not found: needed by main executable
06-11 21:52:02.103 W/[ 4753.256178@1]  RTW(    0): fill_default_txdesc(wlan0): SP Packet(0x0806) rate=0x4 SeqNum = 1299
06-11 21:52:03.412 F/linker  (27962): CANNOT LINK EXECUTABLE "/system/bin/smartcable/smartCableSTBApp": library "libmosquitto.so" not found: needed by main executable
06-11 21:52:06.715 W/[ 4757.866472@1]  RTW(    0): fill_default_txdesc(wlan0): SP Packet(0x0806) rate=0x4 SeqNum = 2158
06-11 21:52:07.087 W/[ 4758.236711@1]  RTW(    0): fill_default_txdesc(wlan0): SP Packet(0x0806) rate=0x4 SeqNum = 2206
06-11 21:52:08.416 F/linker  (27979): CANNOT LINK EXECUTABLE "/system/bin/smartcable/smartCableSTBApp": library "libmosquitto.so" not found: needed by main executable
06-11 21:52:11.938 W/[ 4763.090612@1]  RTW(    0): fill_default_txdesc(wlan0): SP Packet(0x0806) rate=0x4 SeqNum = 2934
06-11 21:52:13.424 F/linker  (27993): CANNOT LINK EXECUTABLE "/system/bin/smartcable/smartCableSTBApp": library "libmosquitto.so" not found: needed by main executable
06-11 21:52:17.579 W/[ 4768.725919@2]  RTW(    0): fill_default_txdesc(wlan0): SP Packet(0x0806) rate=0x4 SeqNum = 4038
06-11 21:52:18.459 F/linker  (28023): CANNOT LINK EXECUTABLE "/system/bin/smartcable/smartCableSTBApp": library "libmosquitto.so" not found: needed by main executable
06-11 21:52:22.592 W/[ 4773.741855@2]  RTW(    0): fill_default_txdesc(wlan0): SP Packet(0x0806) rate=0x4 SeqNum = 1028
06-11 21:52:23.430 F/linker  (28072): CANNOT LINK EXECUTABLE "/system/bin/smartcable/smartCableSTBApp": library "libmosquitto.so" not found: needed by main executable
06-11 21:52:27.402 W/[ 4778.552825@1]  RTW(    0): fill_default_txdesc(wlan0): SP Packet(0x0806) rate=0x4 SeqNum = 2115
06-11 21:52:28.435 F/linker  (28096): CANNOT LINK EXECUTABLE "/system/bin/smartcable/smartCableSTBApp": library "libmosquitto.so" not found: needed by main executable
06-11 21:52:32.010 W/[ 4783.161208@3]  RTW(    0): fill_default_txdesc(wlan0): SP Packet(0x0806) rate=0x4 SeqNum = 2762
06-11 21:52:33.437 F/linker  (28111): CANNOT LINK EXECUTABLE "/system/bin/smartcable/smartCableSTBApp": library "libmosquitto.so" not found: needed by main executable
06-11 21:52:37.022 W/[ 4788.175602@3]  RTW(    0): fill_default_txdesc(wlan0): SP Packet(0x0806) rate=0x4 SeqNum = 3583
06-11 21:52:38.442 W/[ 4789.593057@0]  RTW(    0): cfg80211_rtw_scan(wlan0)
06-11 21:52:38.442 W/[ 4789.593078@0]  RTW(    0): cfg80211_rtw_scan (wlan0) tx:350, rx:144, bi:494 kbps, disallow(0)
06-11 21:52:38.443 F/linker  (28123): CANNOT LINK EXECUTABLE "/system/bin/smartcable/smartCableSTBApp": library "libmosquitto.so" not found: needed by main executable
06-11 21:52:38.446 W/[ 4789.597618@0]  RTW(    0): [HW_VAR_CHECK_TXBUF] Empty in 0 ms
06-11 21:52:38.447 W/[ 4789.597735@0]  RTW(    0): wlan0 sleep m0=0x00000003, ori reg_0x4d4=0x00000000
06-11 21:52:39.147 W/[ 4790.296718@3]  RTW(    0): LeaveAllPowerSaveModeDirect.....
06-11 21:52:39.147 W/[ 4790.296730@3]  RTW(    0): LeaveAllPowerSaveModeDirect: Driver Already Leave LPS
06-11 21:52:39.147 W/[ 4790.296737@3]  RTW(    0): rtw_hal_set_macaddr_port wlan0- hw port(0) mac_addr =a8:71:16:66:28:c6
06-11 21:52:39.147 W/[ 4790.296854@3]  RTW(    0): wlan0- hw port(0) mac_addr =a8:71:16:66:28:c6
06-11 21:52:39.147 W/[ 4790.296904@3]  RTW(    0): p2p0- hw port(1) mac_addr =aa:71:16:66:28:c6
06-11 21:52:39.147 W/[ 4790.300028@3]  RTW(    0): wlan0 wakeup m0=0x00000003, ori reg_0x4d4=0x00000003
06-11 21:52:39.147 W/[ 4790.301349@3]  RTW(    0): survey done event(3d) band:0 for wlan0
06-11 21:52:39.147 W/        (    0): [ 4790.301365@3]  ========== ACS (VER-3) ==========
06-11 21:52:39.147 W/        (    0): [ 4790.301368@3]  Best 24G Channel:2
06-11 21:52:39.147 W/        (    0): [ 4790.301372@3]  Best 5G Channel:48
06-11 21:52:39.148 W/        (    0): [ 4790.301372@3]
06-11 21:52:39.148 W/[ 4790.301429@3]  RTW(    0): rtw_indicate_scan_done(wlan0)
06-11 21:52:39.667 I/[ 4790.818585@3]  resman(    0): 68 appname:OMX-48, type=0
06-11 21:52:39.725 I/[ 4790.874669@3]  resman(    0): 68 acquire [decoder], preempt yes
06-11 21:52:39.758 I/[ 4790.874680@3]  resman(    0): 68 acquire [decoder] success
06-11 21:52:39.758 I/[ 4790.874710@3]  resman(    0): 68 acquire [codec_mm], preempt yes
06-11 21:52:39.758 I/[ 4790.874718@3]  resman(    0): 68 score 60 secure no
06-11 21:52:39.758 I/[ 4790.874723@3]  resman(    0): 68 acquire [codec_mm] success
06-11 21:52:39.758 I/[ 4790.879711@1]  [amlv4l](    0): [53]: DW:10, TW:0, Margin:5
06-11 21:52:39.758 D/[ 4790.879961@1]  [amlcom](    0): vdec_create instance 0000000082433520, total 1, PM: power-domain
06-11 21:52:39.758 D/[ 4790.880093@1]  [media_clock](    0): vdec mux clock is 799999988 Hz
06-11 21:52:39.758 I/[ 4790.880272@1]  [amlcom](    0): vdec_init, dev_name:ammvdec_h264_v4l, vdec_type=VDEC_TYPE_FRAME_BLOCK, format: 2, total: 1
06-11 21:52:39.758 D/[ 4790.881528@1]  [h264](    0): 0: pdata->config=parm_v4l_codec_enable:1;mh264_double_write_mode:16;parm_v4l_buffer_margin:5;parm_v4l_canvas_mem_mode:0;parm_v4l_canvas_mem_endian:0;parm_v4l_low_latency_mode:0;parm_v4l_metadata_config_flag:49154;parm_v4l_duration:3840;
06-11 21:52:39.758 D/[ 4790.881571@1]  [h264](    0): ammvdec_h264_mmu_init tvp = 0x0
06-11 21:52:39.758 D/[ 4790.886773@1]  [media_clock](    0): vdec mux clock is 799999988 Hz
06-11 21:52:39.758 D/[ 4790.887599@1]  [h264](    0): vh264_init, phy_addr=56e29000 vaddr=00000000a06888f2
06-11 21:52:39.794 D/[ 4790.948515@1]  [h264](    0): 0: vmh264_get_ps_info mmu_enable 0 double_write_mode 0x10
06-11 21:52:39.794 I/[ 4790.948575@1]  [amlv4l](    0): [53]: Parse from ucode, visible(1920 x 1080), coded(1920 x 1088), scan:P, bitdepth(0), dw(10)
06-11 21:52:39.795 I/[ 4790.948601@2]  [amlv4l](    0): [53]: Picture buffer count: dec:5, vpp:0, ge2d:0, margin:5, total:10
06-11 21:52:39.795 D/[ 4790.948613@2]  [amlv4l](    0): [53]: Post event: res chg
06-11 21:52:39.814 I/[ 4790.966248@2]  dim(    0): reg:use[0]ms
06-11 21:52:39.814 I/[ 4790.966260@2]  dim(    0): create:ch[2],tmode[3]
06-11 21:52:39.814 I/[ 4790.966264@2]  dim(    0): out:0x80000000
06-11 21:52:39.815 D/[ 4790.968002@1]  [h264](    0): 0: restriction_flag=0, max_dec_frame_buffering=4, dec_dpb_size=5 num_reorder_frames 2 used_reorder_dpb_size_margin 5
06-11 21:52:39.826 D/[ 4790.980464@0]  [h264](    0): 0: decoder duration change old: 0 new: 3840
06-11 21:52:39.827 I/[ 4790.980672@2]  dim(    0): value reg:ch[2]:fix_buf:0;ponly <0,0>
06-11 21:52:39.827 I/[ 4790.980688@2]  dim(    0): di_cnt_i_buf1:tvp:0
06-11 21:52:39.827 I/[ 4790.980698@2]  dim(    0): buf large::0x4fb000, 0x5a1000
06-11 21:52:39.827 I/[ 4790.980734@2]  vpu(    0): vpu: vpu_dev_clk_gate_on: unsupport vpu mod: 72
06-11 21:52:39.827 I/[ 4790.981606@2]  dim(    0): ch[2]:reg:mem cfg[0][0][0]
06-11 21:52:40.739 I/[ 4791.891711@0]  VID(    0): VD1 off
06-11 21:52:40.741 I/[ 4791.891966@1]  vc(    0): [0]vc: set enable index=0, val=1
06-11 21:52:40.741 I/        (    0): [ 4791.891990@1]  dev->index =0, val=2
06-11 21:52:40.741 I/[ 4791.891993@1]  VID(    0): VD1 off
06-11 21:52:40.741 I/[ 4791.892000@1]  VID(    0): VD1 set global output as 1
06-11 21:52:40.741 I/[ 4791.892034@1]  VID(    0): store VD0 path_id changed -1->2
06-11 21:52:40.741 I/[ 4791.892060@1]  vc(    0): [0]sideband_type =-1
06-11 21:52:41.134 W/[ 4792.284719@3]  RTW(    0): Turbo EDCA =0xa42b
06-11 21:52:42.146 W/[ 4793.297839@3]  RTW(    0): fill_default_txdesc(wlan0): SP Packet(0x0806) rate=0x4 SeqNum = 2073
06-11 21:52:43.451 F/linker  (28172): CANNOT LINK EXECUTABLE "/system/bin/smartcable/smartCableSTBApp": library "libmosquitto.so" not found: needed by main executable
06-11 21:52:44.718 W/[ 4795.868675@0]  RTW(    0): fill_default_txdesc(wlan0): SP Packet(0x0806) rate=0x4 SeqNum = 3144
06-11 21:52:45.166 W/[ 4796.316700@3]  RTW(    0): Turbo EDCA =0x5ea42b
06-11 21:52:46.854 W/[ 4798.007380@0]  RTW(    0): fill_default_txdesc(wlan0): SP Packet(0x0806) rate=0x4 SeqNum = 3463
06-11 21:52:48.459 F/linker  (28185): CANNOT LINK EXECUTABLE "/system/bin/smartcable/smartCableSTBApp": library "libmosquitto.so" not found: needed by main executable
06-11 21:52:49.422 I/[ 4800.575574@0]  [amlv4l](    0): [53]: reset mode: 1, es frames buffering: 61
06-11 21:52:49.443 I/[ 4800.588799@0]  [amlv4l](    0): [53]: reset mode: 1, es frames buffering: 0
06-11 21:52:49.503 I/[ 4800.652626@2]  dim(    0): unreg:2keep[0], msk:[0x0,0x0]
06-11 21:52:49.510 I/[ 4800.662737@2]  vpu(    0): vpu: vpu_dev_clk_gate_off: unsupport vpu mod: 72
06-11 21:52:49.516 I/[ 4800.665319@0]  dim(    0): unreg:use[30]ms
06-11 21:52:49.516 I/[ 4800.665333@0]  dim(    0): di_destroy_instance:ch[2]:end
06-11 21:52:49.516 I/[ 4800.666320@0]  dim(    0): reg:use[1]ms
06-11 21:52:49.516 I/[ 4800.666334@0]  dim(    0): create:ch[2],tmode[3]
06-11 21:52:49.516 I/[ 4800.666338@0]  dim(    0): out:0x80000000
06-11 21:52:49.530 I/[ 4800.684420@0]  [amlv4l](    0): [53]: reset mode: 1, es frames buffering: 0
06-11 21:52:49.550 I/[ 4800.702335@2]  [amlv4l](    0): [53]: reset mode: 1, es frames buffering: 0
06-11 21:52:49.583 I/[ 4800.735476@3]  [amlv4l](    0): [53]: reset mode: 1, es frames buffering: 0
06-11 21:52:49.602 D/[ 4800.741974@1]  [amlcom](    0): vdec_release instance 0000000082433520, total 1
06-11 21:52:49.602 D/[ 4800.742783@1]  [media_clock](    0): the clk_vdec_mux    clock off, ref cnt: 0
06-11 21:52:49.602 I/[ 4800.743506@1]  dim(    0): unreg:use[1]ms
06-11 21:52:49.602 I/[ 4800.743517@1]  dim(    0): di_destroy_instance:ch[2]:end
06-11 21:52:49.602 I/[ 4800.744420@2]  resman(    0): 68 release [decoder]
06-11 21:52:49.602 I/[ 4800.744431@2]  resman(    0): 68 release [codec_mm]
06-11 21:52:49.602 E/        (    0): [ 4800.745461@3]  disalbe fastplay
06-11 21:52:49.668 I/[ 4800.819577@0]  vc(    0): [0]vc: set enable index=0, val=0
06-11 21:52:49.668 I/[ 4800.819605@0]  VID(    0): store VD0 path_id changed 2->-1
06-11 21:52:49.669 I/        (    0): [ 4800.819609@0]  dev->index =0, val=1
06-11 21:52:49.669 I/[ 4800.819612@0]  VID(    0): VD1 off
06-11 21:52:49.669 I/[ 4800.819618@0]  VID(    0): VD1 set global output as 0
06-11 21:52:49.669 I/        (    0): [ 4800.819637@0]  common_vf_unreg_provider video_render.0: vd1 used: true, vd2 used: false, vd3 used: false, black_out:0, cur_buf:00000000ebc7e71a
06-11 21:52:52.386 W/[ 4803.537323@0]  RTW(    0): fill_default_txdesc(wlan0): SP Packet(0x0806) rate=0x4 SeqNum = 705
06-11 21:52:53.461 F/linker  (28202): CANNOT LINK EXECUTABLE "/system/bin/smartcable/smartCableSTBApp": library "libmosquitto.so" not found: needed by main executable
06-11 21:52:57.502 W/[ 4808.654602@3]  RTW(    0): fill_default_txdesc(wlan0): SP Packet(0x0806) rate=0x4 SeqNum = 1887
06-11 21:52:58.464 F/linker  (28217): CANNOT LINK EXECUTABLE "/system/bin/smartcable/smartCableSTBApp": library "libmosquitto.so" not found: needed by main executable
06-11 21:53:01.910 W/[ 4813.060998@0]  RTW(    0): fill_default_txdesc(wlan0): SP Packet(0x0806) rate=0x4 SeqNum = 2873
06-11 21:53:03.473 F/linker  (28227): CANNOT LINK EXECUTABLE "/system/bin/smartcable/smartCableSTBApp": library "libmosquitto.so" not found: needed by main executable
06-11 21:53:07.698 W/[ 4818.849728@3]  RTW(    0): fill_default_txdesc(wlan0): SP Packet(0x0806) rate=0x4 SeqNum = 81
06-11 21:53:08.478 F/linker  (28240): CANNOT LINK EXECUTABLE "/system/bin/smartcable/smartCableSTBApp": library "libmosquitto.so" not found: needed by main executable
06-11 21:53:11.962 W/[ 4823.114459@0]  audit(    0): audit_lost=5125 audit_rate_limit=5 audit_backlog_limit=64
06-11 21:53:11.962 E/[ 4823.114467@0]  audit(    0): rate limit exceeded
06-11 21:53:12.810 W/[ 4823.962269@3]  RTW(    0): fill_default_txdesc(wlan0): SP Packet(0x0806) rate=0x4 SeqNum = 1229
06-11 21:53:13.103 W/[ 4824.256262@0]  audit(    0): audit_lost=5246 audit_rate_limit=5 audit_backlog_limit=64
06-11 21:53:13.103 E/[ 4824.256273@0]  audit(    0): rate limit exceeded
06-11 21:53:13.487 F/linker  (28249): CANNOT LINK EXECUTABLE "/system/bin/smartcable/smartCableSTBApp": library "libmosquitto.so" not found: needed by main executable
06-11 21:53:17.930 W/[ 4829.081492@0]  RTW(    0): fill_default_txdesc(wlan0): SP Packet(0x0806) rate=0x4 SeqNum = 2427
06-11 21:53:18.491 F/linker  (28264): CANNOT LINK EXECUTABLE "/system/bin/smartcable/smartCableSTBApp": library "libmosquitto.so" not found: needed by main executable
06-11 21:53:23.058 W/[ 4834.211748@0]  RTW(    0): fill_default_txdesc(wlan0): SP Packet(0x0806) rate=0x4 SeqNum = 3585
06-11 21:53:23.494 F/linker  (28305): CANNOT LINK EXECUTABLE "/system/bin/smartcable/smartCableSTBApp": library "libmosquitto.so" not found: needed by main executable
06-11 21:53:28.210 W/[ 4839.362860@1]  RTW(    0): fill_default_txdesc(wlan0): SP Packet(0x0806) rate=0x4 SeqNum = 639
06-11 21:53:28.504 F/linker  (28356): CANNOT LINK EXECUTABLE "/system/bin/smartcable/smartCableSTBApp": library "libmosquitto.so" not found: needed by main executable
06-11 21:53:33.378 W/[ 4844.528767@3]  RTW(    0): fill_default_txdesc(wlan0): SP Packet(0x0806) rate=0x4 SeqNum = 1743
06-11 21:53:33.512 F/linker  (28429): CANNOT LINK EXECUTABLE "/system/bin/smartcable/smartCableSTBApp": library "libmosquitto.so" not found: needed by main executable
06-11 21:53:37.198 W/[ 4848.348714@0]  RTW(    0): fill_default_txdesc(wlan0): SP Packet(0x0806) rate=0x4 SeqNum = 2578
06-11 21:53:38.458 W/[ 4849.611921@0]  RTW(    0): fill_default_txdesc(wlan0): SP Packet(0x0806) rate=0x4 SeqNum = 2861
06-11 21:53:38.513 F/linker  (28479): CANNOT LINK EXECUTABLE "/system/bin/smartcable/smartCableSTBApp": library "libmosquitto.so" not found: needed by main executable
06-11 21:53:41.775 I/        (    0): [ 4852.925528@3]  EXT4-fs (mmcblk0p17): re-mounted. Opts: (null)
06-11 21:53:42.838 W/[ 4853.990000@0]  audit(    0): audit_lost=5247 audit_rate_limit=5 audit_backlog_limit=64
06-11 21:53:42.838 E/[ 4853.990013@0]  audit(    0): rate limit exceeded
06-11 21:53:43.515 F/linker  (28536): CANNOT LINK EXECUTABLE "/system/bin/smartcable/smartCableSTBApp": library "libmosquitto.so" not found: needed by main executable
06-11 21:53:43.586 W/[ 4854.739972@1]  RTW(    0): fill_default_txdesc(wlan0): SP Packet(0x0806) rate=0x4 SeqNum = 3601
06-11 21:53:46.822 D/[ 4857.973137@2]  logd(    0): logdr: UID=0 GID=0 PID=28572 b tail=0 logMask=99 pid=0 start=0ns timeout=0ns
06-11 21:53:47.534 I/[ 4858.687188@2]  binder(    0): 27769:27792 transaction failed 29189/-22, size 616-0 line 2705
06-11 21:53:47.549 E/AndroidRuntime(27769): FATAL EXCEPTION: Instr: androidx.test.runner.AndroidJUnitRunner
06-11 21:53:47.549 E/AndroidRuntime(27769): Process: io.appium.uiautomator2.server, PID: 27769
06-11 21:53:47.549 E/AndroidRuntime(27769): java.lang.IllegalStateException: UiAutomation not connected, UiAutomation@30745d0[id=-1, flags=0]
06-11 21:53:47.549 E/AndroidRuntime(27769): 	at android.app.UiAutomation.throwIfNotConnectedLocked(UiAutomation.java:1239)
06-11 21:53:47.549 E/AndroidRuntime(27769): 	at android.app.UiAutomation.disconnect(UiAutomation.java:296)
06-11 21:53:47.549 E/AndroidRuntime(27769): 	at android.app.Instrumentation.finish(Instrumentation.java:249)
06-11 21:53:47.549 E/AndroidRuntime(27769): 	at androidx.test.runner.MonitoringInstrumentation.finish(MonitoringInstrumentation.java:409)
06-11 21:53:47.549 E/AndroidRuntime(27769): 	at androidx.test.runner.AndroidJUnitRunner.onStart(AndroidJUnitRunner.java:474)
06-11 21:53:47.549 E/AndroidRuntime(27769): 	at android.app.Instrumentation$InstrumentationThread.run(Instrumentation.java:2205)
06-11 21:53:47.684 I/[ 4858.835796@0]  binder(    0): 633:660 transaction failed 29189/-22, size 88-0 line 2705
06-11 21:53:47.684 I/[ 4858.837469@0]  binder(    0): 633:28633 transaction failed 29189/-22, size 340-0 line 2705
06-11 21:53:47.691 W/[ 4858.842639@1]  RTW(    0): fill_default_txdesc(wlan0): SP Packet(0x0806) rate=0x4 SeqNum = 671
06-11 21:53:48.515 F/linker  (28682): CANNOT LINK EXECUTABLE "/system/bin/smartcable/smartCableSTBApp": library "libmosquitto.so" not found: needed by main executable
--------- beginning of main
06-11 21:53:48.704 D/Glide   ( 1773): Finished loading Bitmap from LOCAL for com.bumptech.glide.gifdecoder.StandardGifDecoder@8b54719 with size [314x176] in 17.342333999999997 ms
06-11 21:53:48.720 D/stbdpc  (  397): STB_DPGetNumPaths[570]: num_paths: 1
06-11 21:53:48.737 D/Glide   ( 1773): Finished loading Bitmap from LOCAL for com.bumptech.glide.gifdecoder.StandardGifDecoder@8b54719 with size [314x176] in 9.211708999999999 ms
06-11 21:53:48.771 D/Glide   ( 1773): Finished loading Bitmap from LOCAL for com.bumptech.glide.gifdecoder.StandardGifDecoder@8b54719 with size [314x176] in 1.996667 ms
06-11 21:53:48.820 D/stbdpc  (  397): STB_DPGetNumPaths[570]: num_paths: 1
06-11 21:53:48.820 D/Glide   ( 1773): Finished loading Bitmap from LOCAL for com.bumptech.glide.gifdecoder.StandardGifDecoder@8b54719 with size [314x176] in 11.373667 ms
06-11 21:53:48.828 D/dvb_iptv(  397): ReadEmmNetworkTask[1537]: EMM Select Timeout Occured 45
06-11 21:53:48.845 D/ltts_ip_emm(  397): LTTS_IP_DMXStartEMM[381]: parse_emm_cat_status failed
06-11 21:53:48.848 D/ApplicationLoaders(28662): Returning zygote-cached class loader: /system/framework/android.test.base.jar
06-11 21:53:48.848 D/ApplicationLoaders(28662): Returning zygote-cached class loader: /system/framework/android.test.base.jar
06-11 21:53:48.851 I/tomator2.serve(28662): The ClassLoaderContext is a special shared library.
06-11 21:53:48.855 D/ApplicationLoaders(28662): Returning zygote-cached class loader: /system/framework/android.test.base.jar
06-11 21:53:48.855 D/Glide   ( 1773): Finished loading Bitmap from LOCAL for com.bumptech.glide.gifdecoder.StandardGifDecoder@8b54719 with size [314x176] in 5.584084 ms
06-11 21:53:48.855 D/ApplicationLoaders(28662): Returning zygote-cached class loader: /system/framework/android.test.base.jar
06-11 21:53:48.857 I/tomator2.serve(28662): The ClassLoaderContext is a special shared library.
06-11 21:53:48.865 I/chatty  (28662): uid=10096(io.appium.uiautomator2.server) identical 2 lines
06-11 21:53:48.867 I/tomator2.serve(28662): The ClassLoaderContext is a special shared library.
06-11 21:53:48.871 W/tomator2.serve(28662): ClassLoaderContext classpath size mismatch. expected=0, found=3 (PCL[]{PCL[/system/framework/android.test.base.jar*3223074991]#PCL[/system/framework/android.test.mock.jar*3465107378]{PCL[/system/framework/android.test.base.jar*3223074991]}#PCL[/system/framework/android.test.runner.jar*1831602180]{PCL[/system/framework/android.test.base.jar*3223074991]#PCL[/system/framework/android.test.mock.jar*3465107378]{PCL[/system/framework/android.test.base.jar*3223074991]}}} | PCL[/system/framework/android.test.runner.jar*1831602180:/system/framework/android.test.mock.jar*3465107378:/system/framework/android.test.base.jar*3223074991]{PCL[/system/framework/android.test.base.jar*3223074991]#PCL[/system/framework/android.test.mock.jar*3465107378]{PCL[/system/framework/android.test.base.jar*3223074991]}#PCL[/system/framework/android.test.runner.jar*1831602180]{PCL[/system/framework/android.test.base.jar*3223074991]#PCL[/system/framework/android.test.mock.jar*3465107378]{PCL[/system/framework/android.test.base.jar*3223074991]}}};PCL[/system/framework/android.test.runner.jar*1831602180:/system/framework/android.test.mock.jar*3465107378:/system/framework/android.test.base.jar*3223074991:/data/app/~~vz-LI613mzCW1_tI8sJdSA==/io.appium.uiautomator2.server.test-pndtPeicsSbNz5ltJNtTXA==/base.apk*2370577946:/data/app/~~vz-LI613mzCW1_tI8sJdSA==/io.appium.uiautomator2.server.test-pndtPeicsSbNz5ltJNtTXA==/base.apk!classes2.dex*3874714895:/data/app/~~vz-LI613mzCW1_tI8sJdSA==/io.appium.uiautomator2.server.test-pndtPeicsSbNz5ltJNtTXA==/base.apk!classes3.dex*1176165195:/data/app/~~vz-LI613mzCW1_tI8sJdSA==/io.appium.uiautomator2.server.test-pndtPeicsSbNz5ltJNtTXA==/base.apk!classes4.dex*2511881386:/data/app/~~ERS2Vb0_Lr3atThE734KvA==/io.appium.uiautomator2.server-qXkfZw9LtZYC0ZeR2vvERg==/base.apk*4034737733:/data/app/~~ERS2Vb0_Lr3atThE734KvA==/io.appium.uiautomator2.server-qXkfZw9LtZYC0ZeR2vvERg==/base.apk!classes2.dex*2790048942:/data/app/~~ERS2Vb0_Lr3atThE734KvA==/io.appium.uiautomator2.server-qXkfZw9LtZYC0ZeR2vvERg==/base.apk!classes3.dex*1634705335:/data/app/~~ERS2Vb0_Lr3atThE734KvA==/io.appium.uiautomator2.server-qXkfZw9LtZYC0ZeR2vvERg==/base.apk!classes4.dex*45356349:/data/app/~~ERS2Vb0_Lr3atThE734KvA==/io.appium.uiautomator2.server-qXkfZw9LtZYC0ZeR2vvERg==/base.apk!classes5.dex*2419862292:/data/app/~~ERS2Vb0_Lr3atThE734KvA==/io.appium.uiautomator2.server-qXkfZw9LtZYC0ZeR2vvERg==/base.apk!classes6.dex*3944827479:/data/app/~~ERS2Vb0_Lr3atThE734KvA==/io.appium.uiautomator2.server-qXkfZw9LtZYC0ZeR2vvERg==/base.apk!classes7.dex*3145060491:/data/app/~~ERS2Vb0_Lr3atThE734KvA==/io.appium.uiautomator2.server-qXkfZw9LtZYC0ZeR2vvERg==/base.apk!classes8.dex*2034454731:/data/app/~~ERS2Vb0_Lr3atThE734KvA==/io.appium.uiautomator2.server-qXkfZw9LtZYC0ZeR2vvERg==/base.apk!classes9.dex*1613375383:/data/app/~~ERS2Vb0_Lr3atThE734KvA==/io.appium.uiautomator2.server-qXkfZw9LtZYC0ZeR2vvERg==/base.apk!classes10.dex*1483611213:/data/app/~~ERS2Vb0_Lr3atThE734KvA==/io.appium.uiautomator2.server-qXkfZw9LtZYC0ZeR2vvERg==/base.apk!classes11.dex*2888641764:/data/app/~~ERS2Vb0_Lr3atThE734KvA==/io.appium.uiautomator2.server-qXkfZw9LtZYC0ZeR2vvERg==/base.apk!classes12.dex*1711778771:/data/app/~~ERS2Vb0_Lr3atThE734KvA==/io.appium.uiautomator2.server-qXkfZw9LtZYC0ZeR2vvERg==/base.apk!classes13.dex*2108421983:/data/app/~~ERS2Vb0_Lr3atThE734KvA==/io.appium.uiautomator2.server-qXkfZw9LtZYC0ZeR2vvERg==/base.apk!classes14.dex*2618393034:/data/app/~~ERS2Vb0_Lr3atThE734KvA==/io.appium.uiautomator2.server-qXkfZw9LtZYC0ZeR2vvERg==/base.apk!classes15.dex*3152272110:/data/app/~~ERS2Vb0_Lr3atThE734KvA==/io.appium.uiautomator2.server-qXkfZw9LtZYC0ZeR2vvERg==/base.apk!classes16.dex*898502560])
06-11 21:53:48.874 W/tomator2.serve(28662): Found duplicate classes, falling back to extracting from APK : /data/app/~~vz-LI613mzCW1_tI8sJdSA==/io.appium.uiautomator2.server.test-pndtPeicsSbNz5ltJNtTXA==/base.apk
06-11 21:53:48.874 W/tomator2.serve(28662): NOTE: This wastes RAM and hurts startup performance.
06-11 21:53:48.874 W/tomator2.serve(28662): Found duplicated class when checking oat files: 'Lcom/squareup/okhttp/Address;' in /data/app/~~vz-LI613mzCW1_tI8sJdSA==/io.appium.uiautomator2.server.test-pndtPeicsSbNz5ltJNtTXA==/base.apk and /data/app/~~vz-LI613mzCW1_tI8sJdSA==/io.appium.uiautomator2.server.test-pndtPeicsSbNz5ltJNtTXA==/base.apk
06-11 21:53:48.888 W/tomator2.serve(28662): ClassLoaderContext classpath size mismatch. expected=0, found=7 (PCL[] | PCL[/system/framework/android.test.runner.jar*1831602180:/system/framework/android.test.mock.jar*3465107378:/system/framework/android.test.base.jar*3223074991:/data/app/~~vz-LI613mzCW1_tI8sJdSA==/io.appium.uiautomator2.server.test-pndtPeicsSbNz5ltJNtTXA==/base.apk*2370577946:/data/app/~~vz-LI613mzCW1_tI8sJdSA==/io.appium.uiautomator2.server.test-pndtPeicsSbNz5ltJNtTXA==/base.apk!classes2.dex*3874714895:/data/app/~~vz-LI613mzCW1_tI8sJdSA==/io.appium.uiautomator2.server.test-pndtPeicsSbNz5ltJNtTXA==/base.apk!classes3.dex*1176165195:/data/app/~~vz-LI613mzCW1_tI8sJdSA==/io.appium.uiautomator2.server.test-pndtPeicsSbNz5ltJNtTXA==/base.apk!classes4.dex*2511881386]{PCL[/system/framework/android.test.base.jar*3223074991]#PCL[/system/framework/android.test.mock.jar*3465107378]{PCL[/system/framework/android.test.base.jar*3223074991]}#PCL[/system/framework/android.test.runner.jar*1831602180]{PCL[/system/framework/android.test.base.jar*3223074991]#PCL[/system/framework/android.test.mock.jar*3465107378]{PCL[/system/framework/android.test.base.jar*3223074991]}}};PCL[/system/framework/android.test.runner.jar*1831602180:/system/framework/android.test.mock.jar*3465107378:/system/framework/android.test.base.jar*3223074991:/data/app/~~vz-LI613mzCW1_tI8sJdSA==/io.appium.uiautomator2.server.test-pndtPeicsSbNz5ltJNtTXA==/base.apk*2370577946:/data/app/~~vz-LI613mzCW1_tI8sJdSA==/io.appium.uiautomator2.server.test-pndtPeicsSbNz5ltJNtTXA==/base.apk!classes2.dex*3874714895:/data/app/~~vz-LI613mzCW1_tI8sJdSA==/io.appium.uiautomator2.server.test-pndtPeicsSbNz5ltJNtTXA==/base.apk!classes3.dex*1176165195:/data/app/~~vz-LI613mzCW1_tI8sJdSA==/io.appium.uiautomator2.server.test-pndtPeicsSbNz5ltJNtTXA==/base.apk!classes4.dex*2511881386:/data/app/~~ERS2Vb0_Lr3atThE734KvA==/io.appium.uiautomator2.server-qXkfZw9LtZYC0ZeR2vvERg==/base.apk*4034737733:/data/app/~~ERS2Vb0_Lr3atThE734KvA==/io.appium.uiautomator2.server-qXkfZw9LtZYC0ZeR2vvERg==/base.apk!classes2.dex*2790048942:/data/app/~~ERS2Vb0_Lr3atThE734KvA==/io.appium.uiautomator2.server-qXkfZw9LtZYC0ZeR2vvERg==/base.apk!classes3.dex*1634705335:/data/app/~~ERS2Vb0_Lr3atThE734KvA==/io.appium.uiautomator2.server-qXkfZw9LtZYC0ZeR2vvERg==/base.apk!classes4.dex*45356349:/data/app/~~ERS2Vb0_Lr3atThE734KvA==/io.appium.uiautomator2.server-qXkfZw9LtZYC0ZeR2vvERg==/base.apk!classes5.dex*2419862292:/data/app/~~ERS2Vb0_Lr3atThE734KvA==/io.appium.uiautomator2.server-qXkfZw9LtZYC0ZeR2vvERg==/base.apk!classes6.dex*3944827479:/data/app/~~ERS2Vb0_Lr3atThE734KvA==/io.appium.uiautomator2.server-qXkfZw9LtZYC0ZeR2vvERg==/base.apk!classes7.dex*3145060491:/data/app/~~ERS2Vb0_Lr3atThE734KvA==/io.appium.uiautomator2.server-qXkfZw9LtZYC0ZeR2vvERg==/base.apk!classes8.dex*2034454731:/data/app/~~ERS2Vb0_Lr3atThE734KvA==/io.appium.uiautomator2.server-qXkfZw9LtZYC0ZeR2vvERg==/base.apk!classes9.dex*1613375383:/data/app/~~ERS2Vb0_Lr3atThE734KvA==/io.appium.uiautomator2.server-qXkfZw9LtZYC0ZeR2vvERg==/base.apk!classes10.dex*1483611213:/data/app/~~ERS2Vb0_Lr3atThE734KvA==/io.appium.uiautomator2.server-qXkfZw9LtZYC0ZeR2vvERg==/base.apk!classes11.dex*2888641764:/data/app/~~ERS2Vb0_Lr3atThE734KvA==/io.appium.uiautomator2.server-qXkfZw9LtZYC0ZeR2vvERg==/base.apk!classes12.dex*1711778771:/data/app/~~ERS2Vb0_Lr3atThE734KvA==/io.appium.uiautomator2.server-qXkfZw9LtZYC0ZeR2vvERg==/base.apk!classes13.dex*2108421983:/data/app/~~ERS2Vb0_Lr3atThE734KvA==/io.appium.uiautomator2.server-qXkfZw9LtZYC0ZeR2vvERg==/base.apk!classes14.dex*2618393034:/data/app/~~ERS2Vb0_Lr3atThE734KvA==/io.appium.uiautomator2.server-qXkfZw9LtZYC0ZeR2vvERg==/base.apk!classes15.dex*3152272110:/data/app/~~ERS2Vb0_Lr3atThE734KvA==/io.appium.uiautomator2.server-qXkfZw9LtZYC0ZeR2vvERg==/base.apk!classes16.dex*898502560])
06-11 21:53:48.889 W/tomator2.serve(28662): Found duplicate classes, falling back to extracting from APK : /data/app/~~ERS2Vb0_Lr3atThE734KvA==/io.appium.uiautomator2.server-qXkfZw9LtZYC0ZeR2vvERg==/base.apk
06-11 21:53:48.889 W/tomator2.serve(28662): NOTE: This wastes RAM and hurts startup performance.
06-11 21:53:48.889 W/tomator2.serve(28662): Found duplicated class when checking oat files: 'L_COROUTINE/ArtificialStackFrames;' in /data/app/~~ERS2Vb0_Lr3atThE734KvA==/io.appium.uiautomator2.server-qXkfZw9LtZYC0ZeR2vvERg==/base.apk and /data/app/~~ERS2Vb0_Lr3atThE734KvA==/io.appium.uiautomator2.server-qXkfZw9LtZYC0ZeR2vvERg==/base.apk
06-11 21:53:48.904 D/Glide   ( 1773): Finished loading Bitmap from LOCAL for com.bumptech.glide.gifdecoder.StandardGifDecoder@8b54719 with size [314x176] in 14.705084 ms
06-11 21:53:48.920 D/stbdpc  (  397): STB_DPGetNumPaths[570]: num_paths: 1
06-11 21:53:48.938 D/Glide   ( 1773): Finished loading Bitmap from LOCAL for com.bumptech.glide.gifdecoder.StandardGifDecoder@8b54719 with size [314x176] in 8.106957999999999 ms
06-11 21:53:48.938 E/adbd    (12860): failed to connect to socket 'tcp:6790': Connection refused
06-11 21:53:48.988 D/Glide   ( 1773): Finished loading Bitmap from LOCAL for com.bumptech.glide.gifdecoder.StandardGifDecoder@8b54719 with size [314x176] in 17.4885 ms
06-11 21:53:48.993 I/uncher.relianc( 1773): oneway function results will be dropped but finished with status OK and parcel size 4
06-11 21:53:48.996 I/e.swalekh.abct( 1359): oneway function results will be dropped but finished with status OK and parcel size 4
06-11 21:53:49.005 D/JioSTBMRServer-SERVICE( 3589): InetSocketAddress(InetAddress.getByName(inetAddress.hostAddress)-/192.168.1.255
06-11 21:53:49.005 D/JioSTBMRServer-SERVICE( 3589): #beacon:RKISBFJ60000097:0:false:0:1:SV=181024 , 192.168.1.255
06-11 21:53:49.009 D/JioSTBMRServer-SERVICE( 3589): InetSocketAddress(InetAddress.getByName(inetAddress.hostAddress)-/192.168.1.255
06-11 21:53:49.009 D/JioSTBMRServer-SERVICE( 3589): #broadcast IP:192.168.1.255
06-11 21:53:49.020 D/stbdpc  (  397): STB_DPGetNumPaths[570]: num_paths: 1
06-11 21:53:49.021 D/Glide   ( 1773): Finished loading Bitmap from LOCAL for com.bumptech.glide.gifdecoder.StandardGifDecoder@8b54719 with size [314x176] in 10.974 ms
06-11 21:53:49.054 D/Glide   ( 1773): Finished loading Bitmap from LOCAL for com.bumptech.glide.gifdecoder.StandardGifDecoder@8b54719 with size [314x176] in 3.0029999999999997 ms
06-11 21:53:49.104 D/Glide   ( 1773): Finished loading Bitmap from LOCAL for com.bumptech.glide.gifdecoder.StandardGifDecoder@8b54719 with size [314x176] in 12.552667 ms
06-11 21:53:49.120 D/stbdpc  (  397): STB_DPGetNumPaths[570]: num_paths: 1
06-11 21:53:49.137 D/Glide   ( 1773): Finished loading Bitmap from LOCAL for com.bumptech.glide.gifdecoder.StandardGifDecoder@8b54719 with size [314x176] in 5.721583 ms
06-11 21:53:49.188 D/Glide   ( 1773): Finished loading Bitmap from LOCAL for com.bumptech.glide.gifdecoder.StandardGifDecoder@8b54719 with size [314x176] in 15.684 ms
06-11 21:53:49.220 D/stbdpc  (  397): STB_DPGetNumPaths[570]: num_paths: 1
06-11 21:53:49.221 D/Glide   ( 1773): Finished loading Bitmap from LOCAL for com.bumptech.glide.gifdecoder.StandardGifDecoder@8b54719 with size [314x176] in 8.562624999999999 ms
06-11 21:53:49.236 W/tomator2.serve(28662): Accessing hidden method Landroid/app/Instrumentation;->execStartActivity(Landroid/content/Context;Landroid/os/IBinder;Landroid/os/IBinder;Landroid/app/Activity;Landroid/content/Intent;ILandroid/os/Bundle;)Landroid/app/Instrumentation$ActivityResult; (greylist, linking, allowed)
06-11 21:53:49.236 W/tomator2.serve(28662): Accessing hidden method Landroid/app/Instrumentation;->execStartActivity(Landroid/content/Context;Landroid/os/IBinder;Landroid/os/IBinder;Ljava/lang/String;Landroid/content/Intent;ILandroid/os/Bundle;)Landroid/app/Instrumentation$ActivityResult; (greylist, linking, allowed)
06-11 21:53:49.248 D/NetworkSecurityConfig(28662): No Network Security Config specified, using platform default
06-11 21:53:49.250 D/NetworkSecurityConfig(28662): No Network Security Config specified, using platform default
06-11 21:53:49.250 I/AndroidJUnitRunner(28662): newApplication android.app.Application
06-11 21:53:49.254 D/Glide   ( 1773): Finished loading Bitmap from LOCAL for com.bumptech.glide.gifdecoder.StandardGifDecoder@8b54719 with size [314x176] in 2.041625 ms
06-11 21:53:49.257 I/AndroidJUnitRunner(28662): onCreate Bundle[mParcelledData.dataSize=64]
06-11 21:53:49.261 D/AndroidJUnitRunner(28662): Use the raw file system for managing file I/O.
06-11 21:53:49.282 V/TestEventClient(28662): No service name argument was given (testDiscoveryService, testRunEventService or orchestratorService)
06-11 21:53:49.283 D/AndroidJUnitRunner(28662): onStart is called.
06-11 21:53:49.304 D/Glide   ( 1773): Finished loading Bitmap from LOCAL for com.bumptech.glide.gifdecoder.StandardGifDecoder@8b54719 with size [314x176] in 11.317667 ms
06-11 21:53:49.312 D/TestRequestBuilder(28662): Using class path scanning to discover tests
06-11 21:53:49.313 I/TestRequestBuilder(28662): Scanning classpath to find tests in paths [/data/app/~~vz-LI613mzCW1_tI8sJdSA==/io.appium.uiautomator2.server.test-pndtPeicsSbNz5ltJNtTXA==/base.apk]
06-11 21:53:49.317 W/tomator2.serve(28662): Opening an oat file without a class loader. Are you using the deprecated DexFile APIs?
06-11 21:53:49.321 D/stbdpc  (  397): STB_DPGetNumPaths[570]: num_paths: 1
06-11 21:53:49.328 D/dvb_iptv(  397): ReadEmmNetworkTask[1537]: EMM Select Timeout Occured 46
06-11 21:53:49.338 D/Glide   ( 1773): Finished loading Bitmap from LOCAL for com.bumptech.glide.gifdecoder.StandardGifDecoder@8b54719 with size [314x176] in 4.757959 ms
06-11 21:53:49.388 D/Glide   ( 1773): Finished loading Bitmap from LOCAL for com.bumptech.glide.gifdecoder.StandardGifDecoder@8b54719 with size [314x176] in 14.8445 ms
06-11 21:53:49.405 D/JioStbInactivityTimer(  926): Timer: count 445 warningTimeout:10680 timeout:10800
06-11 21:53:49.405 D/JioStbInactivityTimer(  926): isUserActive: Curr:4414283 Prev:4414283
06-11 21:53:49.421 D/stbdpc  (  397): STB_DPGetNumPaths[570]: num_paths: 1
06-11 21:53:49.421 D/Glide   ( 1773): Finished loading Bitmap from LOCAL for com.bumptech.glide.gifdecoder.StandardGifDecoder@8b54719 with size [314x176] in 7.6576249999999995 ms
06-11 21:53:49.471 D/Glide   ( 1773): Finished loading Bitmap from LOCAL for com.bumptech.glide.gifdecoder.StandardGifDecoder@8b54719 with size [314x176] in 16.585584 ms
06-11 21:53:49.504 D/Glide   ( 1773): Finished loading Bitmap from LOCAL for com.bumptech.glide.gifdecoder.StandardGifDecoder@8b54719 with size [314x176] in 9.536125 ms
06-11 21:53:49.521 D/stbdpc  (  397): STB_DPGetNumPaths[570]: num_paths: 1
06-11 21:53:49.532 I/TestRunner(28662): run started: 1 tests
06-11 21:53:49.536 I/TestRunner(28662): started: startServer(io.appium.uiautomator2.server.test.AppiumUiAutomator2Server)
06-11 21:53:49.538 D/Glide   ( 1773): Finished loading Bitmap from LOCAL for com.bumptech.glide.gifdecoder.StandardGifDecoder@8b54719 with size [314x176] in 3.086416 ms
06-11 21:53:49.546 I/appium  (28662): >>>Entry point start<<<
06-11 21:53:49.551 I/appium  (28662): Starting ServerInstrumentation
06-11 21:53:49.588 D/Glide   ( 1773): Finished loading Bitmap from LOCAL for com.bumptech.glide.gifdecoder.StandardGifDecoder@8b54719 with size [314x176] in 12.392166999999999 ms
06-11 21:53:49.613 I/appium  (28662): buildConfig: {"VERSION_NAME":"7.5.2","APPLICATION_ID":"io.appium.uiautomator2.server","BUILD_TYPE":"debug","VERSION_CODE":215,"BUILD_TIME":"1745524365546","DEBUG":true,"FLAVOR":"server"}
06-11 21:53:49.621 D/stbdpc  (  397): STB_DPGetNumPaths[570]: num_paths: 1
06-11 21:53:49.622 D/Glide   ( 1773): Finished loading Bitmap from LOCAL for com.bumptech.glide.gifdecoder.StandardGifDecoder@8b54719 with size [314x176] in 5.522041 ms
06-11 21:53:49.627 I/UiDevice(28662): Creating a new instance, old instance exists: false
06-11 21:53:49.641 V/UiAutomation(28662): Init UiAutomation@30745d0[id=9, flags=0]
06-11 21:53:49.644 D/UiDevice(28662): Setting accessibility service flags: 65618
06-11 21:53:49.653 D/UiDevice(28662): Turning on screen.
06-11 21:53:49.661 D/rtk_heartbeat(  349): heartbeat_timed_out: heartbeatCmdCount = 4839, expected nextSeqNum = 4839
06-11 21:53:49.662 D/rtk_heartbeat(  349): rtkbt_heartbeat_cmpl_cback: Current SeqNum = 4839,should SeqNum=4839, status = 0
06-11 21:53:49.671 D/Glide   ( 1773): Finished loading Bitmap from LOCAL for com.bumptech.glide.gifdecoder.StandardGifDecoder@8b54719 with size [314x176] in 13.710624999999999 ms
06-11 21:53:49.688 I/appium  (28662): AndroidServer created on port 6790
06-11 21:53:49.689 I/appium  (28662): Starting MJPEG Server
06-11 21:53:49.691 I/appium  (28662): MJPEG Server started
06-11 21:53:49.691 I/appium  (28662): ServerInstrumentation started
06-11 21:53:49.693 I/appium  (28662): ServerSocket created on port 7810
06-11 21:53:49.705 D/Glide   ( 1773): Finished loading Bitmap from LOCAL for com.bumptech.glide.gifdecoder.StandardGifDecoder@8b54719 with size [314x176] in 6.925084 ms
06-11 21:53:49.721 D/stbdpc  (  397): STB_DPGetNumPaths[570]: num_paths: 1
06-11 21:53:49.755 D/Glide   ( 1773): Finished loading Bitmap from LOCAL for com.bumptech.glide.gifdecoder.StandardGifDecoder@8b54719 with size [314x176] in 16.409459 ms
06-11 21:53:49.788 D/Glide   ( 1773): Finished loading Bitmap from LOCAL for com.bumptech.glide.gifdecoder.StandardGifDecoder@8b54719 with size [314x176] in 8.762291 ms
06-11 21:53:49.822 D/stbdpc  (  397): STB_DPGetNumPaths[570]: num_paths: 1
06-11 21:53:49.822 D/Glide   ( 1773): Finished loading Bitmap from LOCAL for com.bumptech.glide.gifdecoder.StandardGifDecoder@8b54719 with size [314x176] in 2.6920409999999997 ms
06-11 21:53:49.828 D/dvb_iptv(  397): ReadEmmNetworkTask[1537]: EMM Select Timeout Occured 47
06-11 21:53:49.860 W/tomator2.serve(28662): Accessing hidden method Lsun/misc/VM;->maxDirectMemory()J (greylist, reflection, allowed)
06-11 21:53:49.863 I/PlatformDependent(28662): Your platform does not provide complete low-level API for accessing direct buffers reliably. Unless explicitly requested, heap buffer will always be preferred to avoid potential system instability.
06-11 21:53:49.871 W/tomator2.serve(28662): Accessing hidden field Lsun/nio/ch/SelectorImpl;->selectedKeys:Ljava/util/Set; (greylist, reflection, allowed)
06-11 21:53:49.871 W/tomator2.serve(28662): Accessing hidden field Lsun/nio/ch/SelectorImpl;->publicSelectedKeys:Ljava/util/Set; (greylist, reflection, allowed)
06-11 21:53:49.872 D/Glide   ( 1773): Finished loading Bitmap from LOCAL for com.bumptech.glide.gifdecoder.StandardGifDecoder@8b54719 with size [314x176] in 11.634875 ms
06-11 21:53:49.905 D/Glide   ( 1773): Finished loading Bitmap from LOCAL for com.bumptech.glide.gifdecoder.StandardGifDecoder@8b54719 with size [314x176] in 4.880542 ms
06-11 21:53:49.922 D/stbdpc  (  397): STB_DPGetNumPaths[570]: num_paths: 1
06-11 21:53:49.919 W/Thread-5(28662): type=1400 audit(0.0:6248): avc: denied { read } for name="somaxconn" dev="proc" ino=860700 scontext=u:r:untrusted_app:s0:c96,c256,c512,c768 tcontext=u:object_r:proc_net:s0 tclass=file permissive=0 app=io.appium.uiautomator2.server
06-11 21:53:49.937 W/MacAddressUtil(28662): Failed to find a usable hardware address from the network interfaces; using random bytes: d4:00:d0:82:e6:6c:fe:68
06-11 21:53:49.955 D/Glide   ( 1773): Finished loading Bitmap from LOCAL for com.bumptech.glide.gifdecoder.StandardGifDecoder@8b54719 with size [314x176] in 14.665083999999998 ms
06-11 21:53:49.957 E/adbd    (12860): failed to connect to socket 'tcp:6790': Connection refused
06-11 21:53:49.988 D/Glide   ( 1773): Finished loading Bitmap from LOCAL for com.bumptech.glide.gifdecoder.StandardGifDecoder@8b54719 with size [314x176] in 7.498165999999999 ms
06-11 21:53:50.022 D/stbdpc  (  397): STB_DPGetNumPaths[570]: num_paths: 1
06-11 21:53:50.030 W/ServerBootstrap(28662): Unknown channel option 'SO_KEEPALIVE' for channel '[id: 0x9ab033ef]'
06-11 21:53:50.032 W/ServerBootstrap(28662): Unknown channel option 'TCP_NODELAY' for channel '[id: 0x9ab033ef]'
06-11 21:53:50.039 D/Glide   ( 1773): Finished loading Bitmap from LOCAL for com.bumptech.glide.gifdecoder.StandardGifDecoder@8b54719 with size [314x176] in 17.70525 ms
06-11 21:53:50.072 D/Glide   ( 1773): Finished loading Bitmap from LOCAL for com.bumptech.glide.gifdecoder.StandardGifDecoder@8b54719 with size [314x176] in 10.688958 ms
06-11 21:53:50.106 D/Glide   ( 1773): Finished loading Bitmap from LOCAL for com.bumptech.glide.gifdecoder.StandardGifDecoder@8b54719 with size [314x176] in 4.225207999999999 ms
06-11 21:53:50.122 D/stbdpc  (  397): STB_DPGetNumPaths[570]: num_paths: 1
06-11 21:53:50.157 D/Glide   ( 1773): Finished loading Bitmap from LOCAL for com.bumptech.glide.gifdecoder.StandardGifDecoder@8b54719 with size [314x176] in 15.566291999999999 ms
06-11 21:53:50.190 D/Glide   ( 1773): Finished loading Bitmap from LOCAL for com.bumptech.glide.gifdecoder.StandardGifDecoder@8b54719 with size [314x176] in 8.047708 ms
06-11 21:53:50.222 D/stbdpc  (  397): STB_DPGetNumPaths[570]: num_paths: 1
06-11 21:53:50.240 D/Glide   ( 1773): Finished loading Bitmap from LOCAL for com.bumptech.glide.gifdecoder.StandardGifDecoder@8b54719 with size [314x176] in 17.463667 ms
06-11 21:53:50.273 D/Glide   ( 1773): Finished loading Bitmap from LOCAL for com.bumptech.glide.gifdecoder.StandardGifDecoder@8b54719 with size [314x176] in 10.65725 ms
06-11 21:53:50.289 E/WifiVendorHal(  633): getWifiLinkLayerStats_1_3_Internal(l.973) failed {.code = ERROR_UNKNOWN, .description = unknown error}
06-11 21:53:50.306 D/Glide   ( 1773): Finished loading Bitmap from LOCAL for com.bumptech.glide.gifdecoder.StandardGifDecoder@8b54719 with size [314x176] in 3.251 ms
06-11 21:53:50.323 D/stbdpc  (  397): STB_DPGetNumPaths[570]: num_paths: 1
06-11 21:53:50.328 D/dvb_iptv(  397): ReadEmmNetworkTask[1537]: EMM Select Timeout Occured 48
06-11 21:53:50.355 D/Glide   ( 1773): Finished loading Bitmap from LOCAL for com.bumptech.glide.gifdecoder.StandardGifDecoder@8b54719 with size [314x176] in 11.672958999999999 ms
06-11 21:53:50.389 D/Glide   ( 1773): Finished loading Bitmap from LOCAL for com.bumptech.glide.gifdecoder.StandardGifDecoder@8b54719 with size [314x176] in 5.592042 ms
06-11 21:53:50.405 D/JioStbInactivityTimer(  926): Timer: count 446 warningTimeout:10680 timeout:10800
06-11 21:53:50.407 D/JioStbInactivityTimer(  926): isUserActive: Curr:4414283 Prev:4414283
06-11 21:53:50.423 D/stbdpc  (  397): STB_DPGetNumPaths[570]: num_paths: 1
06-11 21:53:50.439 D/Glide   ( 1773): Finished loading Bitmap from LOCAL for com.bumptech.glide.gifdecoder.StandardGifDecoder@8b54719 with size [314x176] in 14.890958999999999 ms
06-11 21:53:50.463 I/ThermalService(  969): CPU temperatures: [60.000004]
06-11 21:53:50.472 D/Glide   ( 1773): Finished loading Bitmap from LOCAL for com.bumptech.glide.gifdecoder.StandardGifDecoder@8b54719 with size [314x176] in 7.956625 ms
06-11 21:53:50.522 D/Glide   ( 1773): Finished loading Bitmap from LOCAL for com.bumptech.glide.gifdecoder.StandardGifDecoder@8b54719 with size [314x176] in 17.379792 ms
06-11 21:53:50.523 D/stbdpc  (  397): STB_DPGetNumPaths[570]: num_paths: 1
06-11 21:53:50.556 D/Glide   ( 1773): Finished loading Bitmap from LOCAL for com.bumptech.glide.gifdecoder.StandardGifDecoder@8b54719 with size [314x176] in 11.267083 ms
06-11 21:53:50.589 D/Glide   ( 1773): Finished loading Bitmap from LOCAL for com.bumptech.glide.gifdecoder.StandardGifDecoder@8b54719 with size [314x176] in 3.2809999999999997 ms
06-11 21:53:50.623 D/stbdpc  (  397): STB_DPGetNumPaths[570]: num_paths: 1
06-11 21:53:50.639 D/Glide   ( 1773): Finished loading Bitmap from LOCAL for com.bumptech.glide.gifdecoder.StandardGifDecoder@8b54719 with size [314x176] in 12.888375 ms
06-11 21:53:50.661 D/rtk_heartbeat(  349): heartbeat_timed_out: heartbeatCmdCount = 4840, expected nextSeqNum = 4840
06-11 21:53:50.662 D/rtk_heartbeat(  349): rtkbt_heartbeat_cmpl_cback: Current SeqNum = 4840,should SeqNum=4840, status = 0
06-11 21:53:50.673 D/Glide   ( 1773): Finished loading Bitmap from LOCAL for com.bumptech.glide.gifdecoder.StandardGifDecoder@8b54719 with size [314x176] in 5.491416 ms
06-11 21:53:50.723 D/Glide   ( 1773): Finished loading Bitmap from LOCAL for com.bumptech.glide.gifdecoder.StandardGifDecoder@8b54719 with size [314x176] in 15.60175 ms
06-11 21:53:50.723 D/stbdpc  (  397): STB_DPGetNumPaths[570]: num_paths: 1
06-11 21:53:50.756 D/Glide   ( 1773): Finished loading Bitmap from LOCAL for com.bumptech.glide.gifdecoder.StandardGifDecoder@8b54719 with size [314x176] in 8.418417 ms
06-11 21:53:50.807 D/Glide   ( 1773): Finished loading Bitmap from LOCAL for com.bumptech.glide.gifdecoder.StandardGifDecoder@8b54719 with size [314x176] in 18.223584 ms
06-11 21:53:50.823 D/stbdpc  (  397): STB_DPGetNumPaths[570]: num_paths: 1
06-11 21:53:50.829 D/dvb_iptv(  397): ReadEmmNetworkTask[1537]: EMM Select Timeout Occured 49
06-11 21:53:50.839 D/Glide   ( 1773): Finished loading Bitmap from LOCAL for com.bumptech.glide.gifdecoder.StandardGifDecoder@8b54719 with size [314x176] in 9.917 ms
06-11 21:53:50.845 D/ltts_ip_emm(  397): LTTS_IP_DMXStartEMM[381]: parse_emm_cat_status failed
06-11 21:53:50.873 D/Glide   ( 1773): Finished loading Bitmap from LOCAL for com.bumptech.glide.gifdecoder.StandardGifDecoder@8b54719 with size [314x176] in 3.745125 ms
06-11 21:53:50.923 D/Glide   ( 1773): Finished loading Bitmap from LOCAL for com.bumptech.glide.gifdecoder.StandardGifDecoder@8b54719 with size [314x176] in 14.122541 ms
06-11 21:53:50.924 D/stbdpc  (  397): STB_DPGetNumPaths[570]: num_paths: 1
06-11 21:53:50.956 D/Glide   ( 1773): Finished loading Bitmap from LOCAL for com.bumptech.glide.gifdecoder.StandardGifDecoder@8b54719 with size [314x176] in 7.137833 ms
06-11 21:53:51.006 D/Glide   ( 1773): Finished loading Bitmap from LOCAL for com.bumptech.glide.gifdecoder.StandardGifDecoder@8b54719 with size [314x176] in 17.162834 ms
06-11 21:53:51.024 D/stbdpc  (  397): STB_DPGetNumPaths[570]: num_paths: 1
06-11 21:53:51.037 I/uncher.relianc( 1773): oneway function results will be dropped but finished with status OK and parcel size 4
06-11 21:53:51.040 D/Glide   ( 1773): Finished loading Bitmap from LOCAL for com.bumptech.glide.gifdecoder.StandardGifDecoder@8b54719 with size [314x176] in 11.301416999999999 ms
06-11 21:53:51.042 I/e.swalekh.abct( 1359): oneway function results will be dropped but finished with status OK and parcel size 4
06-11 21:53:51.050 D/JioSTBMRServer-SERVICE( 3589): InetSocketAddress(InetAddress.getByName(inetAddress.hostAddress)-/192.168.1.255
06-11 21:53:51.050 D/JioSTBMRServer-SERVICE( 3589): #beacon:RKISBFJ60000097:0:false:0:1:SV=181024 , 192.168.1.255
06-11 21:53:51.053 D/JioSTBMRServer-SERVICE( 3589): InetSocketAddress(InetAddress.getByName(inetAddress.hostAddress)-/192.168.1.255
06-11 21:53:51.053 D/JioSTBMRServer-SERVICE( 3589): #broadcast IP:192.168.1.255
06-11 21:53:51.073 D/Glide   ( 1773): Finished loading Bitmap from LOCAL for com.bumptech.glide.gifdecoder.StandardGifDecoder@8b54719 with size [314x176] in 2.925542 ms
06-11 21:53:51.107 I/appium  (28662): channel read: GET /status
06-11 21:53:51.110 I/appium  (28662): Status command
06-11 21:53:51.119 I/appium  (28662): AppiumResponse: {"sessionId":"None","value":{"message":"UiAutomator2 Server is ready to accept commands","ready":true}}
06-11 21:53:51.123 D/Glide   ( 1773): Finished loading Bitmap from LOCAL for com.bumptech.glide.gifdecoder.StandardGifDecoder@8b54719 with size [314x176] in 12.688167 ms
06-11 21:53:51.124 D/stbdpc  (  397): STB_DPGetNumPaths[570]: num_paths: 1
06-11 21:53:51.156 D/Glide   ( 1773): Finished loading Bitmap from LOCAL for com.bumptech.glide.gifdecoder.StandardGifDecoder@8b54719 with size [314x176] in 5.52225 ms
06-11 21:53:51.157 I/appium  (28662): channel read: POST /session
06-11 21:53:51.159 I/appium  (28662): NewSession command
06-11 21:53:51.181 W/tomator2.serve(28662): Accessing hidden field Landroid/app/UiAutomation;->mOnAccessibilityEventListener:Landroid/app/UiAutomation$OnAccessibilityEventListener; (greylist-max-o, reflection, allowed)
06-11 21:53:51.188 I/appium  (28662): Created the new session with id 24a5f95d-c883-4739-b381-340c6cb3854c and capabilities {networkConnectionEnabled=true, warnings={}, databaseEnabled=false, deviceName=192.168.1.23:5555, platform=LINUX, deviceUDID=192.168.1.23:5555, desired={platformName=ANDROID, udid=192.168.1.23:5555, deviceName=192.168.1.23:5555, automationName=UIAutomator2}, automationName=UIAutomator2, webStorageEnabled=false, locationContextEnabled=false, takesScreenshot=true, javascriptEnabled=true, platformName=ANDROID, udid=192.168.1.23:5555}
06-11 21:53:51.200 I/appium  (28662): AppiumResponse: {"sessionId":"24a5f95d-c883-4739-b381-340c6cb3854c","value":{"capabilities":{"firstMatch":[{"platformName":"ANDROID","udid":"192.168.1.23:5555","deviceName":"192.168.1.23:5555","automationName":"UIAutomator2","platform":"LINUX","webStorageEnabled":false,"takesScreenshot":true,"javascriptEnabled":tru…
06-11 21:53:51.206 D/Glide   ( 1773): Finished loading Bitmap from LOCAL for com.bumptech.glide.gifdecoder.StandardGifDecoder@8b54719 with size [314x176] in 14.435958999999999 ms
06-11 21:53:51.224 D/stbdpc  (  397): STB_DPGetNumPaths[570]: num_paths: 1
06-11 21:53:51.240 D/Glide   ( 1773): Finished loading Bitmap from LOCAL for com.bumptech.glide.gifdecoder.StandardGifDecoder@8b54719 with size [314x176] in 6.9845 ms
06-11 21:53:51.247 I/appium  (28662): channel read: GET /session/24a5f95d-c883-4739-b381-340c6cb3854c/appium/device/pixel_ratio
06-11 21:53:51.248 I/appium  (28662): GetDevicePixelRatio command
06-11 21:53:51.252 I/appium  (28662): AppiumResponse: {"sessionId":"24a5f95d-c883-4739-b381-340c6cb3854c","value":2.0}
06-11 21:53:51.266 I/appium  (28662): channel read: GET /session/24a5f95d-c883-4739-b381-340c6cb3854c/appium/device/system_bars
06-11 21:53:51.266 I/appium  (28662): channel read: GET /session/24a5f95d-c883-4739-b381-340c6cb3854c/window/current/size
06-11 21:53:51.267 I/appium  (28662): GetSystemBars command
06-11 21:53:51.267 I/appium  (28662): GetDeviceSize command
06-11 21:53:51.267 I/appium  (28662): Get window size of the device
06-11 21:53:51.272 I/appium  (28662): channel read: GET /session/24a5f95d-c883-4739-b381-340c6cb3854c/appium/device/info
06-11 21:53:51.272 I/appium  (28662): AppiumResponse: {"sessionId":"24a5f95d-c883-4739-b381-340c6cb3854c","value":{"height":1080,"width":1920}}
06-11 21:53:51.273 I/appium  (28662): AppiumResponse: {"sessionId":"24a5f95d-c883-4739-b381-340c6cb3854c","value":{"statusBar":0}}
06-11 21:53:51.274 I/appium  (28662): GetDeviceInfo command
