07-10 09:23:33.092 W/ActivityManager( 3835): Slow operation: 169ms so far, now at getContentProviderImpl: after checkContentProviderPermission
07-10 09:23:33.094 W/ActivityManager( 3835): Slow operation: 170ms so far, now at getContentProviderImpl: incProviderCountLocked
07-10 09:23:33.094 W/ActivityManager( 3835): Slow operation: 171ms so far, now at getContentProviderImpl: before updateLruProcess
07-10 09:23:33.094 W/ActivityManager( 3835): Slow operation: 171ms so far, now at getContentProviderImpl: after updateLruProcess
07-10 09:23:33.094 W/ActivityManager( 3835): Slow operation: 171ms so far, now at getContentProviderImpl: before updateOomAdj
07-10 09:23:33.096 W/ActivityManager( 3835): Slow operation: 173ms so far, now at getContentProviderImpl: after updateOomAdj
07-10 09:23:33.096 W/ActivityManager( 3835): Slow operation: 173ms so far, now at getContentProviderImpl: done!
07-10 09:23:33.238 W/Looper  ( 3835): Slow dispatch took 235ms android.fg h=android.os.Handler c=com.android.internal.infra.-$$Lambda$53Qv95pSlr953bhqxLSzWBlAEjg@2c1237c m=0
07-10 09:23:33.239 I/ActivityManager( 3835): Killing 6428:com.android.dynsystem/1000 (adj 985): empty #17
07-10 09:23:33.440 W/Looper  ( 3835): Slow dispatch took 181ms android.fg h=com.android.server.AppStateTracker$MyHandler c=null m=11
07-10 09:23:33.657 I/ActivityManager( 3835): Killing 6452:com.android.packageinstaller/u0a22 (adj 985): empty #17
07-10 09:23:33.906 D/CompatibilityChangeReporter( 3835): Compat change id reported: 135634846; UID 10017; state: DISABLED
07-10 09:23:33.907 D/CompatibilityChangeReporter( 3835): Compat change id reported: 143937733; UID 10017; state: DISABLED
07-10 09:23:33.959 W/ActivityManager( 3835): Slow operation: 53ms so far, now at startProcess: returned from zygote!
07-10 09:23:33.959 W/ActivityManager( 3835): Slow operation: 54ms so far, now at startProcess: done updating battery stats
07-10 09:23:33.959 W/ActivityManager( 3835): Slow operation: 54ms so far, now at startProcess: building log message
07-10 09:23:33.959 I/ActivityManager( 3835): Start proc 8097:com.jio.stbadservice/u0a17 for broadcast {com.jio.stbadservice/com.jio.pushstbadservice.JioDelayedReceiver}
07-10 09:23:33.959 W/ActivityManager( 3835): Slow operation: 54ms so far, now at startProcess: starting to update pids map
07-10 09:23:33.960 W/ActivityManager( 3835): Slow operation: 54ms so far, now at startProcess: done updating pids map
07-10 09:23:36.850 W/BroadcastQueue( 3835): Background execution not allowed: receiving Intent { act=com.rjil.jiostbsetting.UsbAttachDetach flg=0x30 (has extras) } to com.iwedia.ui.rjio.launcher.reliance/.profile.ExternalBroadcastReceiver
07-10 09:23:36.893 W/BroadcastQueue( 3835): Background execution not allowed: receiving Intent { act=com.rjil.jiostbsetting.HDMI_MODE flg=0x30 (has extras) } to com.iwedia.ui.rjio.launcher.reliance/.profile.ExternalBroadcastReceiver
07-10 09:23:36.902 W/BroadcastQueue( 3835): Background execution not allowed: receiving Intent { act=com.netflix.ninja.intent.action.ESN_RESPONSE flg=0x10000010 (has extras) } to com.netflix.partnertoken/com.partner.padi.EsnReceiver
07-10 09:23:36.911 W/ContextImpl( 5051): Calling a method in the system process without a qualified user: android.app.ContextImpl.bindService:1748 android.content.ContextWrapper.bindService:756 com.jio.adc.core.b.d:56 com.jio.adc.core.b.b:13 com.jio.adc.core.b$c.run:7 
07-10 09:23:36.961 W/ActivityManager( 3835): Foreground service started from background can not have location/camera/microphone access: service com.jio.stbadservice/com.jio.pushstbadservice.InitService
07-10 09:23:37.041 W/ActivityManager( 3835): Foreground service started from background can not have location/camera/microphone access: service com.jio.stbadservice/com.jio.pushstbadservice.InitService
07-10 09:23:37.245 D/NotificationService( 3835): 0|com.jio.stbadservice|1233|null|10017: granting content://settings/system/notification_sound
07-10 09:23:37.247 I/chatty  ( 3835): uid=1000 system_server identical 2 lines
07-10 09:23:37.248 D/NotificationService( 3835): 0|com.jio.stbadservice|1233|null|10017: granting content://settings/system/notification_sound
07-10 09:23:37.284 W/NotificationHistory( 3835): Attempted to add notif for locked/gone/disabled user 0
07-10 09:23:37.586 I/UsageStatsService( 3835): User[0] Flushing usage stats to disk
07-10 09:23:37.607 D/ConnectivityService( 3835): releasing NetworkRequest [ TRACK_DEFAULT id=21, [ Capabilities: INTERNET&NOT_RESTRICTED&TRUSTED Uid: 10071 AdministratorUids: [] RequestorUid: 10071 RequestorPackageName: com.amazon.amazonvideo.livingroom] ] (release request)
07-10 09:23:37.620 I/ActivityManager( 3835): Killing 6581:com.android.shell/2000 (adj 985): empty #17
07-10 09:23:38.108 D/CompatibilityChangeReporter( 3835): Compat change id reported: 149924527; UID 10063; state: ENABLED
07-10 09:23:38.186 D/CompatibilityChangeReporter( 3835): Compat change id reported: 132649864; UID 10063; state: DISABLED
07-10 09:23:41.533 W/Looper  ( 3835): Slow dispatch took 2342ms android.fg h=android.os.Handler c=com.android.internal.infra.-$$Lambda$ServiceConnector$Impl$Q3XwhehBxp2gunoWvuP2lFsbtBM@abcddab m=0
07-10 09:23:41.565 W/ActivityManager( 3835): Foreground service started from background can not have location/camera/microphone access: service com.jio.stbadservice/com.jio.pushservice.transporterutils.TransporterCommonService
07-10 09:23:41.873 D/NotificationService( 3835): 0|com.jio.stbadservice|19080|null|10017: granting content://settings/system/notification_sound
07-10 09:23:41.881 I/chatty  ( 3835): uid=1000 system_server identical 2 lines
07-10 09:23:41.884 D/NotificationService( 3835): 0|com.jio.stbadservice|19080|null|10017: granting content://settings/system/notification_sound
07-10 09:23:41.889 W/NotificationHistory( 3835): Attempted to add notif for locked/gone/disabled user 0
07-10 09:23:41.911 W/ActivityManager( 3835): Foreground service started from background can not have location/camera/microphone access: service com.jio.stbadservice/com.jio.pushservice.transporterutils.TransporterCommonService
07-10 09:23:54.053 I/UsageStatsService( 3835): User[0] Flushing usage stats to disk
07-10 09:23:55.229 W/ContextImpl( 5818): Calling a method in the system process without a qualified user: android.app.ContextImpl.sendBroadcast:1111 android.content.ContextWrapper.sendBroadcast:468 com.rjil.sdmcsetting.EndlessService$CallbackListener.onParameterNotification:2141 com.rjil.sdmcsetting.dc.DCDataProvider.invokeCallback:95 com.rjil.sdmcsetting.dc.DCDataProvider.access$000:15 
07-10 09:23:58.633 W/ActivityManager( 3835): Foreground service started from background can not have location/camera/microphone access: service com.netflix.partnertoken/com.partner.padi.SsoService
07-10 09:23:58.634 V/ActivityManager( 3835): Attempted to start a foreground service (com.netflix.partnertoken/com.partner.padi.SsoService) with a broken notification (no icon: Notification(channel=com.netflix.partnertoken shortcut=null contentView=null vibrate=null sound=null defaults=0x0 flags=0x42 color=0x00000000 category=service vis=PRIVATE))
07-10 09:23:58.971 W/Looper  ( 3835): Slow dispatch took 245ms main h=com.android.server.notification.NotificationManagerService$WorkerHandler c=com.android.server.notification.NotificationManagerService$EnqueueNotificationRunnable@d548282 m=0
07-10 09:23:59.190 D/NotificationService( 3835): 0|com.netflix.partnertoken|1|null|10021: granting content://settings/system/notification_sound
07-10 09:23:59.193 I/chatty  ( 3835): uid=1000 system_server identical 2 lines
07-10 09:23:59.194 D/NotificationService( 3835): 0|com.netflix.partnertoken|1|null|10021: granting content://settings/system/notification_sound
07-10 09:23:59.199 W/NotificationHistory( 3835): Attempted to add notif for locked/gone/disabled user 0
07-10 09:23:59.870 D/INSETS  ( 3835): else - Package Name ::  left : 0 right :: 0 top :: 0 bottom :: 0 dfu-right :: 1920 dfu-bottom :: 1080
07-10 09:24:00.050 D/INSETS  ( 3835): else - Package Name ::  left : 0 right :: 0 top :: 0 bottom :: 0 dfu-right :: 1920 dfu-bottom :: 1080
07-10 09:24:03.003 D/ConnectivityService( 3835): requestNetwork for uid/pid:10034/4992 NetworkRequest [ TRACK_DEFAULT id=25, [ Capabilities: INTERNET&NOT_RESTRICTED&TRUSTED Uid: 10034 AdministratorUids: [] RequestorUid: 10034 RequestorPackageName: com.iwedia.ui.rjio.launcher.reliance] ]
07-10 09:24:03.010 D/ConnectivityService( 3835): NetReassign [25 : null → 100]
07-10 09:24:03.321 D/ConnectivityService( 3835): releasing NetworkRequest [ TRACK_DEFAULT id=25, [ Capabilities: INTERNET&NOT_RESTRICTED&TRUSTED Uid: 10034 AdministratorUids: [] RequestorUid: 10034 RequestorPackageName: com.iwedia.ui.rjio.launcher.reliance] ] (release request)
07-10 09:24:06.509 I/UsageStatsService( 3835): User[0] Flushing usage stats to disk
07-10 09:24:07.477 W/ContextImpl( 5818): Calling a method in the system process without a qualified user: android.app.ContextImpl.bindService:1748 android.content.ContextWrapper.bindService:756 com.jio.adc.core.b.d:56 com.jio.adc.core.b.b:13 com.jio.adc.core.b$c.run:7 
07-10 09:24:17.029 I/UsageStatsService( 3835): User[0] Flushing usage stats to disk
07-10 09:24:19.460 W/Looper  ( 3835): Slow dispatch took 448ms main h=com.android.server.media.AudioPlayerStateMonitor$MessageHandler c=null m=1
07-10 09:24:19.634 W/Looper  ( 3835): Slow delivery took 453ms main h=com.android.server.media.AudioPlayerStateMonitor$MessageHandler c=null m=1
07-10 09:24:19.634 W/Looper  ( 3835): Slow dispatch took 173ms main h=com.android.server.media.AudioPlayerStateMonitor$MessageHandler c=null m=1
07-10 09:24:19.749 W/Looper  ( 3835): Drained
07-10 09:24:19.791 D/INSETS  ( 3835): else - Package Name ::  left : 0 right :: 0 top :: 0 bottom :: 0 dfu-right :: 1920 dfu-bottom :: 1080
07-10 09:24:20.015 D/INSETS  ( 3835): else - Package Name ::  left : 0 right :: 0 top :: 0 bottom :: 0 dfu-right :: 1920 dfu-bottom :: 1080
07-10 09:24:26.502 W/ContextImpl( 5818): Calling a method in the system process without a qualified user: android.app.ContextImpl.bindService:1748 android.content.ContextWrapper.bindService:756 com.jio.adc.core.b.d:56 com.jio.adc.core.b.b:13 com.jio.adc.core.b$c.run:7 
07-10 09:24:30.377 I/UsageStatsService( 3835): User[0] Flushing usage stats to disk
07-10 09:24:40.606 I/UsageStatsService( 3835): User[0] Flushing usage stats to disk
07-10 09:24:46.384 E/IntervalStats( 3835): Unable to parse usage stats package 116
07-10 09:24:46.385 E/IntervalStats( 3835): Unable to parse event package 116
07-10 09:24:46.401 I/chatty  ( 3835): uid=1000(system) pool-4-thread-1 identical 106 lines
07-10 09:24:46.401 E/IntervalStats( 3835): Unable to parse event package 116
07-10 09:24:46.415 E/IntervalStats( 3835): Unable to parse usage stats package 116
07-10 09:24:46.415 E/IntervalStats( 3835): Unable to parse event package 116
07-10 09:24:46.420 I/chatty  ( 3835): uid=1000(system) pool-4-thread-1 identical 82 lines
07-10 09:24:46.420 E/IntervalStats( 3835): Unable to parse event package 116
07-10 09:24:46.436 E/IntervalStats( 3835): Unable to parse usage stats package 116
07-10 09:24:46.436 E/IntervalStats( 3835): Unable to parse event package 116
07-10 09:24:46.441 I/chatty  ( 3835): uid=1000(system) pool-4-thread-1 identical 73 lines
07-10 09:24:46.441 E/IntervalStats( 3835): Unable to parse event package 116
07-10 09:24:46.456 E/IntervalStats( 3835): Unable to parse usage stats package 131
07-10 09:24:46.456 E/IntervalStats( 3835): Unable to parse event package 131
07-10 09:24:46.459 I/chatty  ( 3835): uid=1000(system) pool-4-thread-1 identical 50 lines
07-10 09:24:46.459 E/IntervalStats( 3835): Unable to parse event package 131
07-10 09:24:46.469 E/IntervalStats( 3835): Unable to parse usage stats package 131
07-10 09:24:46.469 E/IntervalStats( 3835): Unable to parse event package 131
07-10 09:24:46.472 I/chatty  ( 3835): uid=1000(system) pool-4-thread-1 identical 30 lines
07-10 09:24:46.472 E/IntervalStats( 3835): Unable to parse event package 131
07-10 09:24:50.746 I/UsageStatsService( 3835): User[0] Flushing usage stats to disk
07-10 09:25:51.551 I/chatty  ( 3835): uid=1000(system) android.bg identical 6 lines
07-10 09:26:01.649 I/UsageStatsService( 3835): User[0] Flushing usage stats to disk
07-10 09:26:02.758 D/ConnectivityService( 3835): requestNetwork for uid/pid:10034/4992 NetworkRequest [ TRACK_DEFAULT id=26, [ Capabilities: INTERNET&NOT_RESTRICTED&TRUSTED Uid: 10034 AdministratorUids: [] RequestorUid: 10034 RequestorPackageName: com.iwedia.ui.rjio.launcher.reliance] ]
07-10 09:26:02.759 D/ConnectivityService( 3835): NetReassign [26 : null → 100]
07-10 09:26:02.990 D/ConnectivityService( 3835): releasing NetworkRequest [ TRACK_DEFAULT id=26, [ Capabilities: INTERNET&NOT_RESTRICTED&TRUSTED Uid: 10034 AdministratorUids: [] RequestorUid: 10034 RequestorPackageName: com.iwedia.ui.rjio.launcher.reliance] ] (release request)
07-10 09:26:11.789 I/UsageStatsService( 3835): User[0] Flushing usage stats to disk
07-10 09:26:15.754 D/CompatibilityChangeReporter( 3835): Compat change id reported: 136219221; UID 10017; state: DISABLED
07-10 09:26:15.813 W/ActivityManager( 3835): Unable to start service Intent { act=com.dsm.cdn.log.client.command cmp=com.jio.stbpushservice/.Analytics.JioAdsPushAnalyticsService (has extras) } U=0: not found
07-10 09:26:15.861 W/ActivityManager( 3835): Unable to start service Intent { act=com.dsm.cdn.log.client.command cmp=com.jio.stbpushservice/.Analytics.JioAdsPushAnalyticsService (has extras) } U=0: not found
07-10 09:26:15.886 W/ActivityManager( 3835): Unable to start service Intent { act=com.dsm.cdn.log.success cmp=com.jio.stbpushservice/.Analytics.JioAdsPushAnalyticsService (has extras) } U=0: not found
07-10 09:26:15.890 W/ActivityManager( 3835): Unable to start service Intent { act=com.dsm.cdn.log.client.command cmp=com.jio.stbpushservice/.Analytics.JioAdsPushAnalyticsService (has extras) } U=0: not found
07-10 09:26:22.079 I/UsageStatsService( 3835): User[0] Flushing usage stats to disk
07-10 09:27:22.802 I/chatty  ( 3835): uid=1000(system) android.bg identical 6 lines
07-10 09:27:32.926 I/UsageStatsService( 3835): User[0] Flushing usage stats to disk
07-10 09:27:39.399 I/DropBoxManagerService( 3835): add tag=system_server_strictmode isTagEnabled=true flags=0x2
07-10 09:27:39.429 I/chatty  ( 3835): uid=1000(system) android.io identical 4 lines
07-10 09:27:39.434 I/DropBoxManagerService( 3835): add tag=system_server_strictmode isTagEnabled=true flags=0x2
07-10 09:27:43.229 I/UsageStatsService( 3835): User[0] Flushing usage stats to disk
07-10 09:28:54.041 I/chatty  ( 3835): uid=1000(system) android.bg identical 7 lines
07-10 09:29:04.137 I/UsageStatsService( 3835): User[0] Flushing usage stats to disk
07-10 09:29:13.930 D/INSETS  ( 3835): else - Package Name ::  left : 0 right :: 0 top :: 0 bottom :: 0 dfu-right :: 1920 dfu-bottom :: 1080
07-10 09:29:14.004 D/INSETS  ( 3835): else - Package Name ::  left : 0 right :: 0 top :: 0 bottom :: 0 dfu-right :: 1920 dfu-bottom :: 1080
07-10 09:29:14.237 I/UsageStatsService( 3835): User[0] Flushing usage stats to disk
07-10 09:32:56.957 I/chatty  ( 3835): uid=1000(system) android.bg identical 22 lines
07-10 09:33:07.045 I/UsageStatsService( 3835): User[0] Flushing usage stats to disk
07-10 09:33:13.072 I/JobServiceContext( 3835): Client timed out while executing (no jobFinished received), sending onStop: 8afe58a #u0a37/1 com.jio.store/.jobsheduler.AppInstallJobService
07-10 09:33:17.143 I/UsageStatsService( 3835): User[0] Flushing usage stats to disk
07-10 09:33:57.545 I/chatty  ( 3835): uid=1000(system) android.bg identical 4 lines
07-10 09:34:07.648 I/UsageStatsService( 3835): User[0] Flushing usage stats to disk
07-10 09:34:17.720 D/INSETS  ( 3835): else - Package Name ::  left : 0 right :: 0 top :: 0 bottom :: 0 dfu-right :: 1920 dfu-bottom :: 1080
07-10 09:34:17.752 I/UsageStatsService( 3835): User[0] Flushing usage stats to disk
07-10 09:34:17.860 D/INSETS  ( 3835): else - Package Name ::  left : 0 right :: 0 top :: 0 bottom :: 0 dfu-right :: 1920 dfu-bottom :: 1080
07-10 09:34:27.901 I/UsageStatsService( 3835): User[0] Flushing usage stats to disk
07-10 09:37:40.566 I/chatty  ( 3835): uid=1000(system) android.bg identical 19 lines
07-10 09:37:50.665 I/UsageStatsService( 3835): User[0] Flushing usage stats to disk
07-10 09:37:53.773 W/ContextImpl( 5291): Calling a method in the system process without a qualified user: android.app.ContextImpl.sendBroadcast:1111 android.content.ContextWrapper.sendBroadcast:468 com.iwedia.tvinput.engine.ChannelManager.disconnectCA:3912 com.iwedia.tvinput.engine.ChannelManager.access$4300:116 com.iwedia.tvinput.engine.ChannelManager$CaReconnectTask.run:2434 
07-10 09:37:53.797 W/ContextImpl( 5818): Calling a method in the system process without a qualified user: android.app.ContextImpl.bindService:1748 android.content.ContextWrapper.bindService:756 com.jio.adc.core.b.d:56 com.jio.adc.core.b.b:13 com.jio.adc.core.b$c.run:7 
07-10 09:37:53.830 W/ContextImpl( 5291): Calling a method in the system process without a qualified user: android.app.ContextImpl.sendBroadcast:1111 android.content.ContextWrapper.sendBroadcast:468 com.iwedia.tvinput.engine.ChannelManager.connectCA:3844 com.iwedia.tvinput.engine.ChannelManager.access$5900:116 com.iwedia.tvinput.engine.ChannelManager$CaMessageHandler.handleMessage:4279 
07-10 09:38:00.766 I/UsageStatsService( 3835): User[0] Flushing usage stats to disk
07-10 09:38:05.271 W/ContextImpl( 5818): Calling a method in the system process without a qualified user: android.app.ContextImpl.bindService:1748 android.content.ContextWrapper.bindService:756 com.jio.adc.core.b.d:56 com.jio.adc.core.b.b:13 com.jio.adc.core.b$c.run:7 
07-10 09:38:10.580 V/DisplayPowerController( 3835): Brightness [0.05] reason changing to: 'manual [ dim ]', previous reason: 'manual'.
07-10 09:38:10.861 I/UsageStatsService( 3835): User[0] Flushing usage stats to disk
07-10 09:39:22.787 I/chatty  ( 3835): uid=1000(system) android.bg identical 7 lines
07-10 09:39:32.982 I/UsageStatsService( 3835): User[0] Flushing usage stats to disk
07-10 09:39:33.014 D/INSETS  ( 3835): else - Package Name ::  left : 0 right :: 0 top :: 0 bottom :: 0 dfu-right :: 1920 dfu-bottom :: 1080
07-10 09:39:33.019 V/DisplayPowerController( 3835): Brightness [0.39763778] reason changing to: 'manual', previous reason: 'manual [ dim ]'.
07-10 09:39:33.200 D/INSETS  ( 3835): else - Package Name ::  left : 0 right :: 0 top :: 0 bottom :: 0 dfu-right :: 1920 dfu-bottom :: 1080
07-10 09:39:43.096 I/UsageStatsService( 3835): User[0] Flushing usage stats to disk
07-10 09:39:43.479 D/INSETS  ( 3835): else - Package Name ::  left : 0 right :: 0 top :: 0 bottom :: 0 dfu-right :: 1920 dfu-bottom :: 1080
07-10 09:39:53.211 I/UsageStatsService( 3835): User[0] Flushing usage stats to disk
07-10 09:39:56.280 D/INSETS  ( 3835): else - Package Name ::  left : 0 right :: 0 top :: 0 bottom :: 0 dfu-right :: 1920 dfu-bottom :: 1080
07-10 09:40:03.371 I/UsageStatsService( 3835): User[0] Flushing usage stats to disk
07-10 09:44:08.099 I/chatty  ( 3835): uid=1000(system) android.bg identical 24 lines
07-10 09:44:18.191 I/UsageStatsService( 3835): User[0] Flushing usage stats to disk
07-10 09:44:18.277 D/INSETS  ( 3835): else - Package Name ::  left : 0 right :: 0 top :: 0 bottom :: 0 dfu-right :: 1920 dfu-bottom :: 1080
07-10 09:44:18.337 D/INSETS  ( 3835): else - Package Name ::  left : 0 right :: 0 top :: 0 bottom :: 0 dfu-right :: 1920 dfu-bottom :: 1080
07-10 09:44:28.306 I/UsageStatsService( 3835): User[0] Flushing usage stats to disk
07-10 09:49:01.689 I/chatty  ( 3835): uid=1000(system) android.bg identical 27 lines
07-10 09:49:11.794 I/UsageStatsService( 3835): User[0] Flushing usage stats to disk
07-10 09:49:17.215 D/INSETS  ( 3835): else - Package Name ::  left : 0 right :: 0 top :: 0 bottom :: 0 dfu-right :: 1920 dfu-bottom :: 1080
07-10 09:49:17.335 D/INSETS  ( 3835): else - Package Name ::  left : 0 right :: 0 top :: 0 bottom :: 0 dfu-right :: 1920 dfu-bottom :: 1080
07-10 09:49:21.889 I/UsageStatsService( 3835): User[0] Flushing usage stats to disk
--------- beginning of kernel
07-10 09:52:17.145 W/[ 1795.444491@0]- RTW(    0): fill_default_txdesc(wlan0): SP Packet(0x0806) rate=0x4 SeqNum = 1552
07-10 09:52:18.245 W/[ 1796.542912@0]- RTW(    0): rtw_set_ps_mode(wlan0) Enter 802.11 power save - WIFI-TRAFFIC_IDLE
07-10 09:52:05.035 I/chatty  ( 3835): uid=1000(system) android.bg identical 16 lines
07-10 09:52:15.126 I/UsageStatsService( 3835): User[0] Flushing usage stats to disk
07-10 09:52:21.904 D/KernelCpuUidUserSysTimeReader( 3835): Removing uids 1037-1037
07-10 09:52:22.245 W/[ 1800.546753@1]- RTW(    0): fill_default_txdesc(wlan0): SP Packet(0x0806) rate=0x4 SeqNum = 1559
07-10 09:52:22.277 W/[ 1800.577215@0]- RTW(    0): rtw_set_ps_mode(wlan0) Leave 802.11 power save - WIFI-LPS_CTRL_TRAFFIC_BUSY
07-10 09:52:24.293 W/[ 1802.590917@0]- RTW(    0): rtw_set_ps_mode(wlan0) Enter 802.11 power save - WIFI-TRAFFIC_IDLE
07-10 09:52:25.216 I/UsageStatsService( 3835): User[0] Flushing usage stats to disk
07-10 09:52:26.309 W/[ 1804.609146@0]- RTW(    0): rtw_set_ps_mode(wlan0) Leave 802.11 power save - WIFI-LPS_CTRL_TRAFFIC_BUSY
07-10 09:52:27.010 W/[ 1805.310974@0]- RTW(    0): fill_default_txdesc(wlan0): SP Packet(0x0806) rate=0x4 SeqNum = 1565
07-10 09:52:28.326 W/[ 1806.622987@1]- RTW(    0): rtw_set_ps_mode(wlan0) Enter 802.11 power save - WIFI-TRAFFIC_IDLE
07-10 09:52:30.189 W/[ 1808.487109@1]- healthd(    0): battery l=100 v=4 t=0.0 h=2 st=2 c=1100 fc=10000000 chg=u
07-10 09:52:31.729 W/[ 1810.028069@0]- audit(    0): audit_lost=879 audit_rate_limit=5 audit_backlog_limit=64
07-10 09:52:31.729 E/[ 1810.028078@0]- audit(    0): rate limit exceeded
07-10 09:52:32.357 W/[ 1810.656691@1]- RTW(    0): rtw_set_ps_mode(wlan0) Leave 802.11 power save - WIFI-LPS_CTRL_TRAFFIC_BUSY
07-10 09:52:32.401 W/[ 1810.701449@1]- RTW(    0): fill_default_txdesc(wlan0): SP Packet(0x0806) rate=0x4 SeqNum = 1596
07-10 09:52:35.323 I/UsageStatsService( 3835): User[0] Flushing usage stats to disk
07-10 09:52:36.389 W/[ 1814.687196@2]- RTW(    0): Turbo EDCA =0x431c
07-10 09:52:37.416 W/[ 1815.716976@1]- RTW(    0): fill_default_txdesc(wlan0): SP Packet(0x0806) rate=0x4 SeqNum = 1793
07-10 09:52:39.687 W/[ 1817.983662@1]- RTW(    0): cfg80211_rtw_scan(wlan0)
07-10 09:52:39.687 W/[ 1817.983678@1]- RTW(    0): WARN cfg80211_rtw_scan (wlan0) : scan abort!! BusyTraffic
07-10 09:52:40.266 I/ProcessStatsService( 3835): Pruning old procstats: /data/system/procstats/state-2025-07-07-15-06-58.bin
07-10 09:52:40.419 W/[ 1818.720026@1]- RTW(    0): Turbo EDCA =0x5ea42b
07-10 09:52:42.529 W/[ 1820.827767@1]- RTW(    0): fill_default_txdesc(wlan0): SP Packet(0x0806) rate=0x4 SeqNum = 1811
07-10 09:52:45.419 I/UsageStatsService( 3835): User[0] Flushing usage stats to disk
07-10 09:52:47.553 W/[ 1825.851990@2]- RTW(    0): fill_default_txdesc(wlan0): SP Packet(0x0806) rate=0x4 SeqNum = 1830
07-10 09:52:52.057 W/[ 1830.356118@0]- RTW(    0): fill_default_txdesc(wlan0): SP Packet(0x0806) rate=0x4 SeqNum = 1838
07-10 09:52:53.228 W/ContextImpl( 5291): Calling a method in the system process without a qualified user: android.app.ContextImpl.sendBroadcast:1111 android.content.ContextWrapper.sendBroadcast:468 com.iwedia.tvinput.engine.ChannelManager.disconnectCA:3912 com.iwedia.tvinput.engine.ChannelManager.access$4300:116 com.iwedia.tvinput.engine.ChannelManager$CaReconnectTask.run:2434 
07-10 09:52:53.283 W/ContextImpl( 5291): Calling a method in the system process without a qualified user: android.app.ContextImpl.sendBroadcast:1111 android.content.ContextWrapper.sendBroadcast:468 com.iwedia.tvinput.engine.ChannelManager.connectCA:3844 com.iwedia.tvinput.engine.ChannelManager.access$5900:116 com.iwedia.tvinput.engine.ChannelManager$CaMessageHandler.handleMessage:4279 
07-10 09:52:53.289 W/ContextImpl( 5818): Calling a method in the system process without a qualified user: android.app.ContextImpl.bindService:1748 android.content.ContextWrapper.bindService:756 com.jio.adc.core.b.d:56 com.jio.adc.core.b.b:13 com.jio.adc.core.b$c.run:7 
07-10 09:52:54.533 W/[ 1832.830959@3]- RTW(    0): rtw_set_ps_mode(wlan0) Enter 802.11 power save - WIFI-TRAFFIC_IDLE
07-10 09:52:55.518 I/UsageStatsService( 3835): User[0] Flushing usage stats to disk
07-10 09:52:56.549 W/[ 1834.849191@1]- RTW(    0): rtw_set_ps_mode(wlan0) Leave 802.11 power save - WIFI-LPS_CTRL_TRAFFIC_BUSY
07-10 09:52:57.169 W/[ 1835.470585@3]- RTW(    0): fill_default_txdesc(wlan0): SP Packet(0x0806) rate=0x4 SeqNum = 1847
07-10 09:52:58.565 W/[ 1836.862929@3]- RTW(    0): rtw_set_ps_mode(wlan0) Enter 802.11 power save - WIFI-TRAFFIC_IDLE
07-10 09:52:58.661 W/[ 1836.962471@3]- RTW(    0): cfg80211_rtw_set_power_mgmt(wlan0) enabled:0, timeout:-1
07-10 09:52:58.665 W/[ 1836.965053@3]- RTW(    0): rtw_set_ps_mode(wlan0) Leave 802.11 power save - WIFI-CFG80211_PWRMGMT
07-10 09:52:59.845 W/[ 1838.146390@2]- RTW(    0): cfg80211_rtw_set_power_mgmt(wlan0) enabled:1, timeout:-1
07-10 09:52:59.865 W/[ 1838.164974@2]- RTW(    0): cfg80211_rtw_set_power_mgmt(wlan0) enabled:0, timeout:-1
07-10 09:53:00.173 W/[ 1838.471677@0]- RTW(    0): cfg80211_rtw_set_power_mgmt(wlan0) enabled:1, timeout:-1
07-10 09:53:00.221 W/[ 1838.520512@0]- RTW(    0): cfg80211_rtw_set_power_mgmt(wlan0) enabled:0, timeout:-1
07-10 09:53:00.525 W/[ 1838.823498@1]- RTW(    0): cfg80211_rtw_set_power_mgmt(wlan0) enabled:1, timeout:-1
07-10 09:53:00.534 W/[ 1838.835713@2]- RTW(    0): cfg80211_rtw_set_power_mgmt(wlan0) enabled:0, timeout:-1
07-10 09:53:00.849 W/[ 1839.149049@0]- RTW(    0): cfg80211_rtw_set_power_mgmt(wlan0) enabled:1, timeout:-1
07-10 09:53:00.865 W/[ 1839.165206@2]- RTW(    0): cfg80211_rtw_set_power_mgmt(wlan0) enabled:0, timeout:-1
07-10 09:53:01.165 W/[ 1839.466319@3]- RTW(    0): cfg80211_rtw_set_power_mgmt(wlan0) enabled:1, timeout:-1
07-10 09:53:01.177 W/[ 1839.476858@3]- RTW(    0): cfg80211_rtw_set_power_mgmt(wlan0) enabled:0, timeout:-1
07-10 09:53:01.485 W/[ 1839.785721@0]- RTW(    0): cfg80211_rtw_set_power_mgmt(wlan0) enabled:1, timeout:-1
07-10 09:53:01.497 W/[ 1839.797845@0]- RTW(    0): cfg80211_rtw_set_power_mgmt(wlan0) enabled:0, timeout:-1
07-10 09:53:01.817 W/[ 1840.115691@3]- RTW(    0): cfg80211_rtw_set_power_mgmt(wlan0) enabled:1, timeout:-1
07-10 09:53:01.897 W/[ 1840.195009@2]- RTW(    0): fill_default_txdesc(wlan0): SP Packet(0x0806) rate=0x4 SeqNum = 1879
07-10 09:53:04.352 I/ActivityManager( 3835): Killing 6123:com.jio.jiopay/u0a77 (adj 995): empty for 1800s
07-10 09:53:04.372 W/Looper  ( 3835): Slow dispatch took 1067ms android.ui h=com.android.server.am.ActivityManagerService$UiHandler c=null m=31
07-10 09:53:05.615 I/UsageStatsService( 3835): User[0] Flushing usage stats to disk
07-10 09:53:07.009 W/[ 1845.307326@0]- RTW(    0): fill_default_txdesc(wlan0): SP Packet(0x0806) rate=0x4 SeqNum = 1895
07-10 09:53:08.645 W/[ 1846.942942@0]- RTW(    0): rtw_set_ps_mode(wlan0) Enter 802.11 power save - WIFI-TRAFFIC_IDLE
07-10 09:53:09.101 W/[ 1847.400084@1]- RTW(    0): rtw_set_ps_mode(wlan0) Leave 802.11 power save - WIFI-LPS_CTRL_RX_TRAFFIC_LEAVE
07-10 09:53:10.978 I/ActivityManager( 3835): Killing 6838:com.jio.smartmemorymanager/1000 (adj 985): empty for 1803s
07-10 09:53:12.093 W/[ 1850.391197@1]- RTW(    0): fill_default_txdesc(wlan0): SP Packet(0x0806) rate=0x4 SeqNum = 1930
07-10 09:53:15.738 I/UsageStatsService( 3835): User[0] Flushing usage stats to disk
07-10 09:53:17.145 W/[ 1855.445574@0]- RTW(    0): fill_default_txdesc(wlan0): SP Packet(0x0806) rate=0x4 SeqNum = 1940
07-10 09:53:22.153 W/[ 1860.453762@2]- RTW(    0): fill_default_txdesc(wlan0): SP Packet(0x0806) rate=0x4 SeqNum = 1963
07-10 09:53:23.693 W/[ 1861.994084@3]- audit(    0): audit_lost=882 audit_rate_limit=5 audit_backlog_limit=64
07-10 09:53:23.693 E/[ 1861.994089@3]- audit(    0): rate limit exceeded
07-10 09:53:25.584 W/[ 1863.884321@2]- audit(    0): audit_lost=897 audit_rate_limit=5 audit_backlog_limit=64
07-10 09:53:25.584 E/[ 1863.884329@2]- audit(    0): rate limit exceeded
07-10 09:53:25.877 I/UsageStatsService( 3835): User[0] Flushing usage stats to disk
07-10 09:53:26.764 W/[ 1865.064537@2]- audit(    0): audit_lost=912 audit_rate_limit=5 audit_backlog_limit=64
07-10 09:53:26.764 E/[ 1865.064545@2]- audit(    0): rate limit exceeded
07-10 09:53:27.261 W/[ 1865.558978@2]- RTW(    0): fill_default_txdesc(wlan0): SP Packet(0x0806) rate=0x4 SeqNum = 1996
07-10 09:53:27.817 W/[ 1866.115041@2]- audit(    0): audit_lost=931 audit_rate_limit=5 audit_backlog_limit=64
07-10 09:53:27.817 E/[ 1866.115049@2]- audit(    0): rate limit exceeded
07-10 09:53:29.069 W/[ 1867.370519@3]- audit(    0): audit_lost=940 audit_rate_limit=5 audit_backlog_limit=64
07-10 09:53:29.069 E/[ 1867.370527@3]- audit(    0): rate limit exceeded
07-10 09:53:30.179 W/[ 1868.479395@1]- audit(    0): audit_lost=955 audit_rate_limit=5 audit_backlog_limit=64
07-10 09:53:30.179 E/[ 1868.479403@1]- audit(    0): rate limit exceeded
07-10 09:53:30.189 W/[ 1868.487237@2]- healthd(    0): battery l=100 v=4 t=0.0 h=2 st=2 c=1100 fc=10000000 chg=u
07-10 09:53:30.324 W/ContextImpl( 5051): Calling a method in the system process without a qualified user: android.app.ContextImpl.sendBroadcast:1111 android.content.ContextWrapper.sendBroadcast:468 com.rjil.jiostbsetting.utils.UtilsKt.getAllVolumeDetails:2230 com.rjil.jiostbsetting.service.EndlessService.getParameters$lambda-22:1166 com.rjil.jiostbsetting.service.EndlessService.$r8$lambda$rJsFG8XlIrKzvRVodgEZk__jDnM:0 
07-10 09:53:30.338 W/ContextImpl( 5051): Calling a method in the system process without a qualified user: android.app.ContextImpl.sendBroadcast:1111 android.content.ContextWrapper.sendBroadcast:468 com.rjil.jiostbsetting.utils.UtilsKt.sendUSBAttachDetachBroadcast:2259 com.rjil.jiostbsetting.service.EndlessService$CallbackListener.onParameterNotification:1327 com.rjil.jiostbsetting.dc.DCDataProvider.invokeCallback:107 
07-10 09:53:30.339 W/BroadcastQueue( 3835): Background execution not allowed: receiving Intent { act=com.rjil.jiostbsetting.UsbAttachDetach flg=0x30 (has extras) } to com.iwedia.ui.rjio.launcher.reliance/.profile.ExternalBroadcastReceiver
07-10 09:53:30.340 I/ActivityManager( 3835): Killing 5697:com.android.webview:webview_service/u0a52 (adj 965): empty for 1812s
07-10 09:53:30.341 I/ActivityManager( 3835): Killing 7539:com.omni.sci/u0a28 (adj 965): empty for 1814s
07-10 09:53:30.341 I/ActivityManager( 3835): Killing 7215:com.android.webview:webview_apk/u0a52 (adj 975): empty for 1815s
07-10 09:53:30.342 I/ActivityManager( 3835): Killing 7402:com.media.jio.sso.stb/u0a8 (adj 975): empty for 1816s
07-10 09:53:30.342 I/ActivityManager( 3835): Killing 7151:com.android.webview:sandboxed_process0:org.chromium.content.app.SandboxedProcessService0:0/u0a37i1 (adj 985): empty for 1817s
07-10 09:53:30.434 W/ActivityManager( 3835): Scheduling restart of crashed service com.jio.store/org.chromium.content.app.SandboxedProcessService0:0 in 1000ms for connection
07-10 09:53:30.499 W/ActivityManager( 3835): Scheduling restart of crashed service com.android.webview/org.chromium.android_webview.services.MetricsBridgeService in 1000ms for connection
07-10 09:53:30.558 D/ConnectivityService( 3835): ConnectivityService NetworkRequestInfo binderDied(NetworkRequest [ TRACK_DEFAULT id=20, [ Capabilities: INTERNET&NOT_RESTRICTED&TRUSTED Uid: 10008 AdministratorUids: [] RequestorUid: 10008 RequestorPackageName: com.media.jio.sso.stb] ], android.os.BinderProxy@8b8b993)
07-10 09:53:30.560 D/ConnectivityService( 3835): releasing NetworkRequest [ TRACK_DEFAULT id=20, [ Capabilities: INTERNET&NOT_RESTRICTED&TRUSTED Uid: 10008 AdministratorUids: [] RequestorUid: 10008 RequestorPackageName: com.media.jio.sso.stb] ] (release request)
07-10 09:53:31.218 W/[ 1869.518793@0]- audit(    0): audit_lost=962 audit_rate_limit=5 audit_backlog_limit=64
07-10 09:53:31.218 E/[ 1869.518801@0]- audit(    0): rate limit exceeded
07-10 09:53:31.286 W/ActivityManager( 3835): Receiver with filter android.content.IntentFilter@8309185 already registered for pid 5051, callerPackage is com.rjil.jiostbsetting
07-10 09:53:31.288 W/ContextImpl( 5051): Calling a method in the system process without a qualified user: android.app.ContextImpl.sendBroadcast:1111 android.content.ContextWrapper.sendBroadcast:468 com.rjil.jiostbsetting.service.EndlessService.ESNredirect:1604 com.rjil.jiostbsetting.service.EndlessService$mConnection$1$onServiceConnected$2.invokeSuspend:1207 kotlin.coroutines.jvm.internal.BaseContinuationImpl.resumeWith:33 
07-10 09:53:31.306 W/BroadcastQueue( 3835): Background execution not allowed: receiving Intent { act=com.netflix.ninja.intent.action.ESN_RESPONSE flg=0x10000010 (has extras) } to com.netflix.partnertoken/com.partner.padi.EsnReceiver
07-10 09:53:31.316 W/ContextImpl( 5051): Calling a method in the system process without a qualified user: android.app.ContextImpl.bindService:1748 android.content.ContextWrapper.bindService:756 com.jio.adc.core.b.d:56 com.jio.adc.core.b.b:13 com.jio.adc.core.b$c.run:7 
07-10 09:53:31.993 W/[ 1870.292701@0]- RTW(    0): fill_default_txdesc(wlan0): SP Packet(0x0806) rate=0x4 SeqNum = 2064
07-10 09:53:34.853 W/[ 1873.151278@0]- RTW(    0): Turbo EDCA =0x431c
07-10 09:53:36.041 I/UsageStatsService( 3835): User[0] Flushing usage stats to disk
07-10 09:53:36.869 W/[ 1875.167211@2]- RTW(    0): Turbo EDCA =0x5ea42b
07-10 09:53:37.316 W/[ 1875.616146@2]- RTW(    0): fill_default_txdesc(wlan0): SP Packet(0x0806) rate=0x4 SeqNum = 2094
07-10 09:53:38.885 W/[ 1877.183240@2]- RTW(    0): Turbo EDCA =0x431c
07-10 09:53:39.385 W/[ 1877.685530@2]- audit(    0): audit_lost=968 audit_rate_limit=5 audit_backlog_limit=64
07-10 09:53:39.385 E/[ 1877.685538@2]- audit(    0): rate limit exceeded
07-10 09:53:40.901 W/[ 1879.200108@0]- RTW(    0): Turbo EDCA =0x5ea42b
07-10 09:53:41.981 W/[ 1880.280964@1]- RTW(    0): fill_default_txdesc(wlan0): SP Packet(0x0806) rate=0x4 SeqNum = 2110
07-10 09:53:42.917 W/[ 1881.215505@2]- RTW(    0): Turbo EDCA =0x431c
07-10 09:53:44.933 W/[ 1883.231269@1]- RTW(    0): Turbo EDCA =0x5ea42b
07-10 09:53:46.977 W/[ 1885.275289@3]- RTW(    0): fill_default_txdesc(wlan0): SP Packet(0x0806) rate=0x4 SeqNum = 2170
07-10 09:53:50.981 W/[ 1889.279944@3]- RTW(    0): Turbo EDCA =0x431c
07-10 09:53:51.957 W/[ 1890.257168@1]- RTW(    0): fill_default_txdesc(wlan0): SP Packet(0x0806) rate=0x4 SeqNum = 2185
07-10 09:53:52.995 W/[ 1891.295313@1]- RTW(    0): Turbo EDCA =0x5ea42b
07-10 09:53:55.010 W/[ 1893.311187@1]- RTW(    0): Turbo EDCA =0x431c
07-10 09:53:56.969 W/[ 1895.270141@3]- RTW(    0): fill_default_txdesc(wlan0): SP Packet(0x0806) rate=0x4 SeqNum = 2393
07-10 09:53:57.028 W/[ 1895.327675@1]- RTW(    0): Turbo EDCA =0x5ea42b
07-10 09:54:03.005 W/[ 1901.305813@0]- RTW(    0): fill_default_txdesc(wlan0): SP Packet(0x0806) rate=0x4 SeqNum = 2420
07-10 09:54:03.077 W/[ 1901.375195@2]- RTW(    0): Turbo EDCA =0x431c
07-10 09:54:05.093 W/[ 1903.392116@0]- RTW(    0): Turbo EDCA =0x5ea42b
07-10 09:54:08.234 W/[ 1906.534944@2]- RTW(    0): fill_default_txdesc(wlan0): SP Packet(0x0806) rate=0x4 SeqNum = 2623
07-10 09:54:11.138 W/[ 1909.439266@1]- RTW(    0): Turbo EDCA =0x431c
07-10 09:54:13.181 W/[ 1911.482488@1]- RTW(    0): fill_default_txdesc(wlan0): SP Packet(0x0806) rate=0x4 SeqNum = 2932
07-10 09:54:15.177 W/[ 1913.476090@3]- RTW(    0): Turbo EDCA =0x5ea42b
07-10 09:54:18.177 W/[ 1916.477542@2]- RTW(    0): fill_default_txdesc(wlan0): SP Packet(0x0806) rate=0x4 SeqNum = 2997
07-10 09:54:23.317 W/[ 1921.615250@2]- RTW(    0): fill_default_txdesc(wlan0): SP Packet(0x0806) rate=0x4 SeqNum = 3008
07-10 09:54:28.233 W/[ 1926.534629@0]- RTW(    0): fill_default_txdesc(wlan0): SP Packet(0x0806) rate=0x4 SeqNum = 3024
07-10 09:54:30.189 W/[ 1928.487292@2]- healthd(    0): battery l=100 v=4 t=0.0 h=2 st=2 c=1100 fc=10000000 chg=u
07-10 09:54:31.729 W/[ 1930.029650@0]- audit(    0): audit_lost=996 audit_rate_limit=5 audit_backlog_limit=64
07-10 09:54:31.729 E/[ 1930.029661@0]- audit(    0): rate limit exceeded
07-10 09:54:33.477 W/[ 1931.775027@1]- RTW(    0): fill_default_txdesc(wlan0): SP Packet(0x0806) rate=0x4 SeqNum = 3056
07-10 09:54:36.355 W/[ 1934.655008@3]- RTW(    0): fill_default_txdesc(wlan0): SP Packet(0x0806) rate=0x4 SeqNum = 3063
07-10 09:54:38.641 W/[ 1936.941879@1]- RTW(    0): fill_default_txdesc(wlan0): SP Packet(0x0806) rate=0x4 SeqNum = 3068
07-10 09:54:43.395 W/[ 1941.695310@1]- RTW(    0): Turbo EDCA =0x431c
07-10 09:54:43.735 W/[ 1942.033524@1]- RTW(    0): fill_default_txdesc(wlan0): SP Packet(0x0806) rate=0x4 SeqNum = 3074
07-10 09:54:45.413 W/[ 1943.711182@1]- RTW(    0): Turbo EDCA =0x5ea42b
07-10 09:54:48.681 W/[ 1946.982254@2]- RTW(    0): fill_default_txdesc(wlan0): SP Packet(0x0806) rate=0x4 SeqNum = 3084
07-10 09:54:53.121 W/[ 1951.420563@2]- RTW(    0): fill_default_txdesc(wlan0): SP Packet(0x0806) rate=0x4 SeqNum = 3090
07-10 09:54:58.525 W/[ 1956.824746@2]- RTW(    0): fill_default_txdesc(wlan0): SP Packet(0x0806) rate=0x4 SeqNum = 3107
07-10 09:55:03.121 W/[ 1961.421265@2]- RTW(    0): fill_default_txdesc(wlan0): SP Packet(0x0806) rate=0x4 SeqNum = 3115
07-10 09:55:03.748 W/[ 1962.046998@2]- RTW(    0): fill_default_txdesc(wlan0): SP Packet(0x0806) rate=0x4 SeqNum = 3116
07-10 09:55:05.573 W/[ 1963.870941@0]- RTW(    0): rtw_set_ps_mode(wlan0) Enter 802.11 power save - WIFI-TRAFFIC_IDLE
07-10 09:55:06.905 W/[ 1965.205786@1]- RTW(    0): rtw_set_ps_mode(wlan0) Leave 802.11 power save - WIFI-LPS_CTRL_RX_TRAFFIC_LEAVE
07-10 09:55:08.237 W/[ 1966.537430@1]- RTW(    0): fill_default_txdesc(wlan0): SP Packet(0x0806) rate=0x4 SeqNum = 3131
07-10 09:55:09.605 W/[ 1967.902943@0]- RTW(    0): rtw_set_ps_mode(wlan0) Enter 802.11 power save - WIFI-TRAFFIC_IDLE
07-10 09:55:11.621 W/[ 1969.921165@1]- RTW(    0): rtw_set_ps_mode(wlan0) Leave 802.11 power save - WIFI-LPS_CTRL_TRAFFIC_BUSY
07-10 09:55:13.165 W/[ 1971.465810@3]- RTW(    0): fill_default_txdesc(wlan0): SP Packet(0x0806) rate=0x4 SeqNum = 3139
07-10 09:55:15.653 W/[ 1973.950906@0]- RTW(    0): rtw_set_ps_mode(wlan0) Enter 802.11 power save - WIFI-TRAFFIC_IDLE
07-10 09:55:17.669 W/[ 1975.969490@1]- RTW(    0): rtw_set_ps_mode(wlan0) Leave 802.11 power save - WIFI-LPS_CTRL_TRAFFIC_BUSY
07-10 09:55:18.377 W/[ 1976.678086@1]- RTW(    0): fill_default_txdesc(wlan0): SP Packet(0x0806) rate=0x4 SeqNum = 3146
07-10 09:55:19.673 W/[ 1977.974364@3]- RTW(    0): cfg80211_rtw_scan(wlan0)
07-10 09:55:19.681 W/[ 1977.982389@1]- RTW(    0): [HW_VAR_CHECK_TXBUF] Empty in 0 ms
07-10 09:55:19.681 W/[ 1977.982564@1]- RTW(    0): wlan0 sleep m0=0x00000003, ori reg_0x4d4=0x00000000
07-10 09:55:20.397 W/[ 1978.696183@1]- RTW(    0): LeaveAllPowerSaveModeDirect.....
07-10 09:55:20.397 W/[ 1978.696198@1]- RTW(    0): LeaveAllPowerSaveModeDirect: Driver Already Leave LPS
07-10 09:55:20.397 W/[ 1978.696216@1]- RTW(    0): rtw_hal_set_macaddr_port wlan0- hw port(0) mac_addr =2c:73:60:db:c0:84
07-10 09:55:20.397 W/[ 1978.696747@1]- RTW(    0): wlan0- hw port(0) mac_addr =2c:73:60:db:c0:84
07-10 09:55:20.397 W/[ 1978.696967@1]- RTW(    0): p2p0- hw port(1) mac_addr =2e:73:60:db:c0:84
07-10 09:55:20.418 W/[ 1978.719415@3]- RTW(    0): wlan0 wakeup m0=0x00000003, ori reg_0x4d4=0x00000003
07-10 09:55:20.423 W/[ 1978.720302@3]- RTW(    0): survey done event(3e) band:0 for wlan0
07-10 09:55:20.423 W/        (    0): [ 1978.720321@3]- ========== ACS (VER-3) ==========
07-10 09:55:20.423 W/        (    0): [ 1978.720327@3]- Best 24G Channel:1
07-10 09:55:20.423 W/        (    0): [ 1978.720333@3]- Best 5G Channel:157
07-10 09:55:20.423 W/        (    0): [ 1978.720333@3]-
07-10 09:55:20.423 W/[ 1978.720416@3]- RTW(    0): rtw_indicate_scan_done(wlan0)
07-10 09:55:23.193 W/[ 1981.493874@3]- RTW(    0): fill_default_txdesc(wlan0): SP Packet(0x0806) rate=0x4 SeqNum = 3165
07-10 09:55:25.730 W/[ 1984.030911@2]- RTW(    0): rtw_set_ps_mode(wlan0) Enter 802.11 power save - WIFI-TRAFFIC_IDLE
07-10 09:55:26.057 W/[ 1984.358162@3]- RTW(    0): rtw_set_ps_mode(wlan0) Leave 802.11 power save - WIFI-LPS_CTRL_RX_TRAFFIC_LEAVE
07-10 09:55:28.321 W/[ 1986.619487@0]- RTW(    0): fill_default_txdesc(wlan0): SP Packet(0x0806) rate=0x4 SeqNum = 3206
07-10 09:55:30.189 W/[ 1988.487593@2]- healthd(    0): battery l=100 v=4 t=0.0 h=2 st=2 c=1100 fc=10000000 chg=u
07-10 09:55:31.737 W/[ 1990.036430@1]- audit(    0): audit_lost=999 audit_rate_limit=5 audit_backlog_limit=64
07-10 09:55:31.737 E/[ 1990.036442@1]- audit(    0): rate limit exceeded
07-10 09:55:33.333 W/[ 1991.632722@2]- RTW(    0): fill_default_txdesc(wlan0): SP Packet(0x0806) rate=0x4 SeqNum = 3240
07-10 09:55:38.603 W/[ 1996.900167@0]- RTW(    0): fill_default_txdesc(wlan0): SP Packet(0x0806) rate=0x4 SeqNum = 3250
07-10 09:55:39.513 W/[ 1997.814727@3]- audit(    0): audit_lost=1002 audit_rate_limit=5 audit_backlog_limit=64
07-10 09:55:39.514 E/[ 1997.814735@3]- audit(    0): rate limit exceeded
07-10 09:55:39.842 W/[ 1998.142912@0]- RTW(    0): rtw_set_ps_mode(wlan0) Enter 802.11 power save - WIFI-TRAFFIC_IDLE
07-10 09:55:41.862 W/[ 2000.161299@0]- RTW(    0): rtw_set_ps_mode(wlan0) Leave 802.11 power save - WIFI-LPS_CTRL_TRAFFIC_BUSY
07-10 09:55:43.041 W/[ 2001.341651@2]- RTW(    0): fill_default_txdesc(wlan0): SP Packet(0x0806) rate=0x4 SeqNum = 3256
07-10 09:55:43.877 W/[ 2002.175245@0]- RTW(    0): Turbo EDCA =0x431c
07-10 09:55:45.890 W/[ 2004.190981@3]- RTW(    0): rtw_set_ps_mode(wlan0) Enter 802.11 power save - WIFI-TRAFFIC_IDLE
07-10 09:55:45.897 W/[ 2004.197842@3]- RTW(    0): Turbo EDCA =0x5ea42b
07-10 09:55:47.909 W/[ 2006.208872@0]- RTW(    0): rtw_set_ps_mode(wlan0) Leave 802.11 power save - WIFI-LPS_CTRL_TRAFFIC_BUSY
07-10 09:55:48.601 W/[ 2006.899911@0]- RTW(    0): fill_default_txdesc(wlan0): SP Packet(0x0806) rate=0x4 SeqNum = 3264
07-10 09:55:53.825 W/[ 2012.126274@0]- RTW(    0): fill_default_txdesc(wlan0): SP Packet(0x0806) rate=0x4 SeqNum = 3282
07-10 09:55:55.973 W/[ 2014.271099@0]- RTW(    0): rtw_set_ps_mode(wlan0) Enter 802.11 power save - WIFI-TRAFFIC_IDLE
07-10 09:55:57.993 W/[ 2016.292703@1]- RTW(    0): rtw_set_ps_mode(wlan0) Leave 802.11 power save - WIFI-LPS_CTRL_TRAFFIC_BUSY
07-10 09:55:58.829 W/[ 2017.130699@2]- RTW(    0): fill_default_txdesc(wlan0): SP Packet(0x0806) rate=0x4 SeqNum = 3289
07-10 09:56:00.005 W/[ 2018.302931@3]- RTW(    0): rtw_set_ps_mode(wlan0) Enter 802.11 power save - WIFI-TRAFFIC_IDLE
07-10 09:56:02.021 W/[ 2020.321764@1]- RTW(    0): rtw_set_ps_mode(wlan0) Leave 802.11 power save - WIFI-LPS_CTRL_TRAFFIC_BUSY
07-10 09:56:03.945 W/[ 2022.246254@2]- RTW(    0): fill_default_txdesc(wlan0): SP Packet(0x0806) rate=0x4 SeqNum = 3296
07-10 09:56:06.053 W/[ 2024.351944@0]- RTW(    0): rtw_set_ps_mode(wlan0) Enter 802.11 power save - WIFI-TRAFFIC_IDLE
07-10 09:56:09.369 W/[ 2027.669984@1]- RTW(    0): fill_default_txdesc(wlan0): SP Packet(0x0806) rate=0x4 SeqNum = 3302
07-10 09:56:12.101 W/[ 2030.400821@1]- RTW(    0): rtw_set_ps_mode(wlan0) Leave 802.11 power save - WIFI-LPS_CTRL_TRAFFIC_BUSY
07-10 09:56:14.097 W/[ 2032.396951@2]- RTW(    0): fill_default_txdesc(wlan0): SP Packet(0x0806) rate=0x4 SeqNum = 3319
07-10 09:56:19.609 W/[ 2037.906918@3]- RTW(    0): fill_default_txdesc(wlan0): SP Packet(0x0806) rate=0x4 SeqNum = 3328
07-10 09:56:22.087 W/[ 2040.387027@2]- RTW(    0): fill_default_txdesc(wlan0): SP Packet(0x0806) rate=0x4 SeqNum = 3334
07-10 09:56:24.197 W/[ 2042.494888@0]- RTW(    0): rtw_set_ps_mode(wlan0) Enter 802.11 power save - WIFI-TRAFFIC_IDLE
07-10 09:56:24.422 W/[ 2042.721992@2]- RTW(    0): fill_default_txdesc(wlan0): SP Packet(0x0806) rate=0x4 SeqNum = 3336
07-10 09:56:24.629 W/[ 2042.926918@2]- RTW(    0): rtw_set_ps_mode(wlan0) Leave 802.11 power save - WIFI-LPS_CTRL_RX_TRAFFIC_LEAVE
07-10 09:56:29.517 W/[ 2047.818293@3]- RTW(    0): fill_default_txdesc(wlan0): SP Packet(0x0806) rate=0x4 SeqNum = 3379
07-10 09:56:30.187 W/[ 2048.487210@2]- healthd(    0): battery l=100 v=4 t=0.0 h=2 st=2 c=1100 fc=10000000 chg=u
07-10 09:56:31.737 W/[ 2050.035072@3]- audit(    0): audit_lost=1030 audit_rate_limit=5 audit_backlog_limit=64
07-10 09:56:31.737 E/[ 2050.035079@3]- audit(    0): rate limit exceeded
07-10 09:56:34.349 W/[ 2052.649713@2]- RTW(    0): fill_default_txdesc(wlan0): SP Packet(0x0806) rate=0x4 SeqNum = 3410
07-10 09:56:39.485 W/[ 2057.783863@0]- RTW(    0): fill_default_txdesc(wlan0): SP Packet(0x0806) rate=0x4 SeqNum = 3420
07-10 09:56:42.340 W/[ 2060.640160@1]- RTW(    0): Turbo EDCA =0x431c
07-10 09:56:44.234 W/[ 2062.534192@3]- RTW(    0): fill_default_txdesc(wlan0): SP Packet(0x0806) rate=0x4 SeqNum = 3435
07-10 09:56:44.357 W/[ 2062.655218@1]- RTW(    0): Turbo EDCA =0x5ea42b
07-10 09:56:49.318 W/[ 2067.615025@3]- RTW(    0): fill_default_txdesc(wlan0): SP Packet(0x0806) rate=0x4 SeqNum = 3442
07-10 09:56:51.309 W/[ 2069.608753@0]h hrtimer(    0): interrupt took 206042 ns
07-10 09:56:54.945 W/[ 2073.243528@3]- RTW(    0): fill_default_txdesc(wlan0): SP Packet(0x0806) rate=0x4 SeqNum = 3458
07-10 09:56:56.453 W/[ 2074.750902@0]- RTW(    0): rtw_set_ps_mode(wlan0) Enter 802.11 power save - WIFI-TRAFFIC_IDLE
07-10 09:56:58.469 W/[ 2076.768678@1]- RTW(    0): rtw_set_ps_mode(wlan0) Leave 802.11 power save - WIFI-LPS_CTRL_TRAFFIC_BUSY
07-10 09:57:00.173 W/[ 2078.472831@2]- RTW(    0): fill_default_txdesc(wlan0): SP Packet(0x0806) rate=0x4 SeqNum = 3465
07-10 09:57:04.518 W/[ 2082.814931@0]- RTW(    0): rtw_set_ps_mode(wlan0) Enter 802.11 power save - WIFI-TRAFFIC_IDLE
07-10 09:57:05.176 W/[ 2083.475723@2]- RTW(    0): fill_default_txdesc(wlan0): SP Packet(0x0806) rate=0x4 SeqNum = 3472
07-10 09:57:07.533 W/[ 2085.833274@1]- RTW(    0): rtw_set_ps_mode(wlan0) Leave 802.11 power save - WIFI-LPS_CTRL_RX_TRAFFIC_LEAVE
07-10 09:57:10.205 W/[ 2088.502984@1]- RTW(    0): fill_default_txdesc(wlan0): SP Packet(0x0806) rate=0x4 SeqNum = 3489
07-10 09:57:14.597 W/[ 2092.894917@0]- RTW(    0): rtw_set_ps_mode(wlan0) Enter 802.11 power save - WIFI-TRAFFIC_IDLE
07-10 09:57:15.265 W/[ 2093.566614@0]- RTW(    0): fill_default_txdesc(wlan0): SP Packet(0x0806) rate=0x4 SeqNum = 3496
07-10 09:57:16.105 W/[ 2094.405562@1]- RTW(    0): rtw_set_ps_mode(wlan0) Leave 802.11 power save - WIFI-LPS_CTRL_RX_TRAFFIC_LEAVE
07-10 09:57:18.629 W/[ 2096.926936@0]- RTW(    0): rtw_set_ps_mode(wlan0) Enter 802.11 power save - WIFI-TRAFFIC_IDLE
07-10 09:57:18.633 W/[ 2096.933256@1]- RTW(    0): Turbo EDCA =0x431c
07-10 09:57:20.333 W/[ 2098.631914@2]- RTW(    0): fill_default_txdesc(wlan0): SP Packet(0x0806) rate=0x4 SeqNum = 3504
07-10 09:57:21.221 W/[ 2099.519004@3]- RTW(    0): fill_default_txdesc(wlan0): SP Packet(0x0806) rate=0x4 SeqNum = 3505
07-10 09:57:22.661 W/[ 2100.961104@1]- RTW(    0): rtw_set_ps_mode(wlan0) Leave 802.11 power save - WIFI-LPS_CTRL_TRAFFIC_BUSY
07-10 09:57:24.677 W/[ 2102.974950@0]- RTW(    0): rtw_set_ps_mode(wlan0) Enter 802.11 power save - WIFI-TRAFFIC_IDLE
07-10 09:57:24.681 W/[ 2102.982095@1]- RTW(    0): Turbo EDCA =0x5ea42b
07-10 09:57:25.757 W/[ 2104.058242@3]- RTW(    0): fill_default_txdesc(wlan0): SP Packet(0x0806) rate=0x4 SeqNum = 3512
07-10 09:57:26.693 W/[ 2104.993063@1]- RTW(    0): rtw_set_ps_mode(wlan0) Leave 802.11 power save - WIFI-LPS_CTRL_TRAFFIC_BUSY
07-10 09:57:28.709 W/[ 2107.007101@0]- RTW(    0): rtw_set_ps_mode(wlan0) Enter 802.11 power save - WIFI-TRAFFIC_IDLE
07-10 09:57:28.713 W/[ 2107.012519@1]- RTW(    0): Turbo EDCA =0x431c
07-10 09:57:30.189 W/[ 2108.487520@2]- healthd(    0): battery l=100 v=4 t=0.0 h=2 st=2 c=1100 fc=10000000 chg=u
07-10 09:57:30.573 W/[ 2108.872334@3]- RTW(    0): fill_default_txdesc(wlan0): SP Packet(0x0806) rate=0x4 SeqNum = 3521
07-10 09:57:30.877 W/[ 2109.177878@1]- RTW(    0): fill_default_txdesc(wlan0): SP Packet(0x0806) rate=0x4 SeqNum = 3522
07-10 09:57:30.985 W/[ 2109.283307@1]- RTW(    0): rtw_set_ps_mode(wlan0) Leave 802.11 power save - WIFI-LPS_CTRL_RX_TRAFFIC_LEAVE
07-10 09:57:18.801 I/chatty  ( 3835): uid=1000(system) android.bg identical 22 lines
07-10 09:57:28.895 I/UsageStatsService( 3835): User[0] Flushing usage stats to disk
07-10 09:57:31.108 W/AdbDebuggingManager( 3835): Read failed with count -1
07-10 09:57:31.109 E/AdbDebuggingManager( 3835): Caught an exception opening the socket: java.io.IOException: Connection refused
07-10 09:57:31.165 I/[ 2109.464043@1]- android_work(    0): did not send uevent (0 0           (null))
07-10 09:57:31.165 I/        (    0): [ 2109.464161@1]- read descriptors
07-10 09:57:31.165 I/        (    0): [ 2109.464178@1]- read strings
07-10 09:57:31.749 W/[ 2110.048389@1]- audit(    0): audit_lost=1033 audit_rate_limit=5 audit_backlog_limit=64
07-10 09:57:31.749 E/[ 2110.048397@1]- audit(    0): rate limit exceeded
07-10 09:57:31.806 I/        (    0): [ 2110.103990@2]- EXT4-fs (mmcblk0p18): re-mounted. Opts: (null)
07-10 09:57:32.741 W/[ 2111.039533@1]- RTW(    0): Turbo EDCA =0x5ea42b
07-10 09:57:35.397 I/ConditionProviders( 3835):  Allowing condition provider io.appium.settings/io.appium.settings.NLService
07-10 09:57:35.398 I/NotificationListeners( 3835):  Allowing notification listener io.appium.settings/io.appium.settings.NLService
07-10 09:57:35.399 V/NotificationListeners( 3835): enabling notification listener for 0: ComponentInfo{io.appium.settings/io.appium.settings.NLService}
07-10 09:57:35.399 V/NotificationListeners( 3835): Not registering ComponentInfo{io.appium.settings/io.appium.settings.NLService} is already bound
07-10 09:57:35.399 V/NotificationListeners( 3835): enabling notification listener for 0: ComponentInfo{com.iwedia.notificationservice/com.iwedia.notificationservice.utils.IwediaNLService}
07-10 09:57:35.399 V/NotificationListeners( 3835): Not registering ComponentInfo{com.iwedia.notificationservice/com.iwedia.notificationservice.utils.IwediaNLService} is already bound
