07-10 10:02:06.709 D/        (    0): [ 2384.995778@2]- the clk_hevcb_mux   clock on, ref cnt: 1
07-10 10:02:06.709 D/        (    0): [ 2384.995825@2]- hevc mux clock is 499999992 Hz
07-10 10:02:06.709 D/        (    0): [ 2384.995841@2]- hevc back mux clock is 499999992 Hz
07-10 10:02:06.709 D/        (    0): [ 2384.996057@2]- vdec_create instance 0000000097f1144e, total 1, PM: legacy
07-10 10:02:06.709 D/        (    0): [ 2384.996103@2]- no drmmode
07-10 10:02:06.709 I/        (    0): [ 2384.996148@2]- is_reset=1
07-10 10:02:06.709 I/        (    0): [ 2384.996175@2]- vdec_init, dev_name:ammvdec_h265, vdec_type=VDEC_TYPE_FRAME_BLOCK  id = 0
07-10 10:02:06.709 D/[ 2384.996840@2]- [0]pdata->config=hevc_buf_width(    0): 1920;hevc_buf_height:1088;hevc_buf_margin:0;hevc_double_write_mode:16;save_buffer_mode:0;
07-10 10:02:06.709 D/        (    0): [ 2384.996873@2]- decoder_bmmu_box_alloc_box, tvp_flags = 0
07-10 10:02:06.709 D/        (    0): [ 2384.999380@0]- [0]dynamic_buf_num_margin=9
07-10 10:02:06.709 D/        (    0): [ 2384.999387@0]- [0]double_write_mode=16
07-10 10:02:06.709 D/[ 2384.999396@0]- [0]h265(    0): pts_unstable=0
07-10 10:02:06.709 D/[ 2384.999402@0]- [0]h265(    0): ver (201602101,0) decinfo: 0x0 rate=3600
07-10 10:02:06.709 I/        (    0): [ 2384.999832@0]- [TEE], the fw (hevc_mmu) will be loaded.
07-10 10:02:06.709 D/        (    0): [ 2384.999879@0]- hevc mux clock is 666666656 Hz
07-10 10:02:06.710 D/        (    0): [ 2384.999895@0]- hevc back mux clock is 666666656 Hz
07-10 10:02:06.710 D/        (    0): [ 2384.999900@0]- hevc video changed to 3840 x 2160 60 fps clk->667MHZ
07-10 10:02:06.710 D/        (    0): [ 2384.999950@0]- vfm map vdec-map-0 created
07-10 10:02:06.710 I/[ 2384.999970@0]- reg(    0): ionvideo
07-10 10:02:06.710 D/        (    0): [ 2384.999975@0]- vdec_init, vf_provider_name = vdec.h265.00, b 0
07-10 10:02:06.710 I/        (    0): [ 2385.001618@2]- vdec->port_flag=0x102, port_flag=0x10b
07-10 10:02:06.710 I/        (    0): [ 2385.001725@2]- is_reset=0
07-10 10:02:06.713 I/[ 2385.014532@0]- vframe_rate_uevent(    0): sent uevent FRAME_RATE_HINT=0
07-10 10:02:06.721 I/[ 2385.018931@0]- unreg(    0): ionvideo
07-10 10:02:06.721 D/        (    0): [ 2385.018960@0]- vdec_disable_DMC input->target= 0x1
07-10 10:02:06.721 D/        (    0): [ 2385.019489@2]- vdec_release instance 0000000097f1144e, total 1 id = 0
07-10 10:02:06.721 D/        (    0): [ 2385.019644@2]- the clk_hevc_mux    clock off, ref cnt: 0
07-10 10:02:06.721 D/        (    0): [ 2385.019650@2]- the clk_hevcb_mux   clock off, ref cnt: 0
07-10 10:02:06.721 D/        (    0): [ 2385.019659@2]- the vdec            clock off, ref cnt: 0
07-10 10:02:06.721 D/        (    0): [ 2385.019663@2]- the parser_top      clock off, ref cnt: 1
07-10 10:02:06.721 D/        (    0): [ 2385.019667@2]- the demux           clock off, ref cnt: 1
07-10 10:02:06.721 I/[ 2385.019701@2]- 000000001eca4803(    0): free ion_id:0, priv_data:0
07-10 10:02:06.721 D/        (    0): [ 2385.019705@2]d ionvideo_release_map 0 OK
07-10 10:02:06.733 D/[ 2385.030939@0]- ionvid(    0): dbg: vidioc_close!!!!
07-10 10:02:06.748 D/[ 2385.030958@0]- ionvid(    0): dbg: vidioc_close
07-10 10:02:06.748 I/[ 2385.032034@0]- resman(    0): 41 release [codec_mm]
07-10 10:02:06.841 I/[ 2385.141927@3]- vc(    0): [0]vc: set enable index=0, val=0
07-10 10:02:06.841 I/[ 2385.141949@3]- VID(    0): store VD0 path_id changed 2->-1
07-10 10:02:06.841 I/        (    0): [ 2385.141953@3]- dev->index =0, val=1
07-10 10:02:06.841 I/[ 2385.141958@3]- VID(    0): VD1 off
07-10 10:02:06.841 I/[ 2385.141964@3]- VID(    0): VD1 set global output as 0
07-10 10:02:06.841 I/        (    0): [ 2385.141980@3]- common_vf_unreg_provider video_render.0: vd1 used: true, vd2 used: false, black_out:0, cur_buf:00000000ec16603b
07-10 10:02:06.809 D/INSETS  ( 3835): else - Package Name ::  left : 0 right :: 0 top :: 0 bottom :: 0 dfu-right :: 1920 dfu-bottom :: 1080
07-10 10:02:07.302 D/INSETS  ( 3835): else - Package Name ::  left : 0 right :: 0 top :: 0 bottom :: 0 dfu-right :: 1920 dfu-bottom :: 1080
07-10 10:02:09.013 I/[ 2387.312023@2]- resman(    0): 42 appname:OMX-39, type=0
07-10 10:02:09.109 I/[ 2387.409844@3]- resman(    0): 42 acquire [codec_mm], preempt yes
07-10 10:02:09.109 I/[ 2387.409856@3]- resman(    0): 42 score 30 secure no
07-10 10:02:09.109 I/[ 2387.409862@3]- resman(    0): 42 acquire [codec_mm] success
07-10 10:02:09.109 D/        (    0): [ 2387.409904@3]- the demux           clock on, ref cnt: 2
07-10 10:02:09.109 D/        (    0): [ 2387.409909@3]- the parser_top      clock on, ref cnt: 2
07-10 10:02:09.109 D/        (    0): [ 2387.409919@3]- the vdec            clock on, ref cnt: 1
07-10 10:02:09.110 D/        (    0): [ 2387.409941@3]- the clk_vdec_mux    clock on, ref cnt: 1
07-10 10:02:09.110 D/        (    0): [ 2387.409972@3]- vdec mux clock is 499999992 Hz
07-10 10:02:09.110 D/        (    0): [ 2387.410211@3]- vdec_create instance 0000000023e14155, total 1, PM: legacy
07-10 10:02:09.110 D/        (    0): [ 2387.410252@3]- no drmmode
07-10 10:02:09.110 I/        (    0): [ 2387.410292@3]- is_reset=0
07-10 10:02:09.111 I/        (    0): [ 2387.410319@3]- vdec_init, dev_name:ammvdec_h264, vdec_type=VDEC_TYPE_FRAME_BLOCK  id = 0
07-10 10:02:09.122 D/        (    0): [ 2387.411696@3]- ammvdec_h264_mmu_init tvp = 0x0 mmu_enable 0
07-10 10:02:09.122 D/        (    0): [ 2387.412125@3]- decoder_bmmu_box_alloc_box, tvp_flags = 0
07-10 10:02:09.122 D/[ 2387.412147@3]- 0(    0): ammvdec_h264_probe mmu_enable 0 double_write_mode 0x10
07-10 10:02:09.122 D/[ 2387.413637@0]- 0(    0): ammvdec_h264 mem-addr=0,buff_offset=56fc0000,buf_start=56fb0000
07-10 10:02:09.122 D/        (    0): [ 2387.413678@0]- vdec mux clock is 666666656 Hz
07-10 10:02:09.122 D/        (    0): [ 2387.413684@0]- vdec1 video changed to 3840 x 2160 60 fps clk->667MHZ
07-10 10:02:09.122 W/        (    0): [ 2387.413690@0]- H264 sysinfo: 854x480 duration=3840, pts_outside=1
07-10 10:02:09.124 D/        (    0): [ 2387.413694@0]- sync_outside=0, use_idr_framerate=0, is_used_v4l: 0
07-10 10:02:09.124 I/        (    0): [ 2387.413865@0]- [TEE], the fw (h264_multi) will be loaded.
07-10 10:02:09.124 D/        (    0): [ 2387.414532@0]- vh264_init, phy_addr=7446e000 vaddr=00000000a345ee27
07-10 10:02:09.124 D/        (    0): [ 2387.414751@0]- vfm map vdec-map-0 created
07-10 10:02:09.124 I/[ 2387.414771@0]- dim(    0): ch[1]:di_receiver_event_fun,8:_REG
07-10 10:02:09.124 I/[ 2387.414778@0]- dim(    0): reg:vdec.h264.00[25]
07-10 10:02:09.125 I/[ 2387.414906@0]- dim(    0): reg:use[0]ms
07-10 10:02:09.125 E/[ 2387.414922@0]- reg(    0): v4lvideo
07-10 10:02:09.126 I/[ 2387.414929@0]- dim(    0): ch[1]:di_receiver_event_fun,3:_START
07-10 10:02:09.126 D/        (    0): [ 2387.414935@0]- vdec_init, vf_provider_name = vdec.h264.00, b 0
07-10 10:02:09.126 I/        (    0): [ 2387.415634@0]- vdec->port_flag=0x102, port_flag=0x10b
07-10 10:02:09.126 D/[ 2387.420218@0]- v4lvid(    0): dbg: v4lvideo open
07-10 10:02:09.189 D/[ 2387.485722@3]- 0(    0): AV_SCRATCH_1 = 84065436, AV_SCRATCH_2 18077
07-10 10:02:09.189 D/[ 2387.485775@3]- 0(    0): chroma_format_idc = 1 frame_mbs_only_flag 1, crop_bottom 0,  frame_height 480,
07-10 10:02:09.189 D/[ 2387.485781@3]- 0(    0): mb_height 30,crop_right 10, frame_width 854, mb_width 54
07-10 10:02:09.189 D/[ 2387.485785@3]- 0(    0): level_idc = 31 pic_size = 622080 size = 11
07-10 10:02:09.189 D/[ 2387.485791@3]- 0(    0): Warning: max_dec_frame_buffering(4) is less than DPB size(11) calculated from Profile/Level.
07-10 10:02:09.189 D/[ 2387.485796@3]- 0(    0): mb height/widht/total: 20/38/700 level_idc 1f max_ref_num 4
07-10 10:02:09.189 D/[ 2387.485801@3]- 0(    0): restriction_flag=1, max_dec_frame_buffering=4, dec_dpb_size=6 num_reorder_frames 2 used_reorder_dpb_size_margin 9
07-10 10:02:09.189 D/[ 2387.485806@3]- 0(    0): vh264_set_params active_buf_spec_num 15 dec_dpb_size 6 collocate_buf_num 8
07-10 10:02:09.197 D/[ 2387.491501@2]- 0(    0): num_ref_frames change from 0 to 4
07-10 10:02:09.197 I/[ 2387.493199@0]- dim(    0): value reg:ch[1]:fix_buf:0;ponly <0,0>
07-10 10:02:09.197 I/[ 2387.493212@0]- dim(    0): 854x480-0x9000.
07-10 10:02:09.197 I/[ 2387.493897@1]- v4lvideo(    0): provider name: vdec.h264.00
07-10 10:02:09.204 D/        (    0): [ 2387.501821@2]- cal_dur_from_pts vstatus 3840 dur3600 -> 3840, revised 3840
07-10 10:02:09.204 I/[ 2387.502060@2]- vframe_rate_uevent(    0): sent uevent FRAME_RATE_HINT=3840
07-10 10:02:09.241 I/[ 2387.540966@2]- VID(    0): VD1 off
07-10 10:02:09.241 I/[ 2387.541075@2]- vc(    0): [0]vc: set enable index=0, val=1
07-10 10:02:09.241 I/        (    0): [ 2387.541093@2]- dev->index =0, val=2
07-10 10:02:09.241 I/[ 2387.541097@2]- VID(    0): VD1 off
07-10 10:02:09.241 I/[ 2387.541102@2]- VID(    0): VD1 set global output as 1
07-10 10:02:09.241 I/[ 2387.541133@2]- VID(    0): store VD0 path_id changed -1->2
07-10 10:02:09.241 I/[ 2387.541152@2]- vc(    0): [0]sideband_type =-1
07-10 10:02:09.425 W/[ 2387.725152@3]s RTW(    0): fill_default_txdesc(wlan0): SP Packet(0x0806) rate=0x4 SeqNum = 203
07-10 10:02:13.622 I/UsageStatsService( 3835): User[0] Flushing usage stats to disk
07-10 10:02:14.137 W/[ 2392.437048@2]- RTW(    0): fill_default_txdesc(wlan0): SP Packet(0x0806) rate=0x4 SeqNum = 1912
07-10 10:02:16.997 W/[ 2395.295208@0]- RTW(    0): Turbo EDCA =0x5ea42b
07-10 10:02:19.012 W/[ 2397.311307@0]- RTW(    0): Turbo EDCA =0x431c
07-10 10:02:19.458 W/[ 2397.757674@1]- RTW(    0): fill_default_txdesc(wlan0): SP Packet(0x0806) rate=0x4 SeqNum = 2426
07-10 10:02:21.029 W/[ 2399.328416@0]- RTW(    0): Turbo EDCA =0x5ea42b
07-10 10:02:23.045 W/[ 2401.343323@2]- RTW(    0): Turbo EDCA =0x431c
07-10 10:02:24.577 W/[ 2402.875181@3]- RTW(    0): fill_default_txdesc(wlan0): SP Packet(0x0806) rate=0x4 SeqNum = 2786
07-10 10:02:25.061 W/[ 2403.359287@0]- RTW(    0): Turbo EDCA =0x5ea42b
07-10 10:02:29.033 W/        (    0): [ 2407.332544@3]- [0] H264 EOS notify.
07-10 10:02:29.313 I/        (    0): [ 2407.612332@3]- is_reset=1
07-10 10:02:29.313 I/[ 2407.612981@3]- vframe_rate_uevent(    0): sent uevent FRAME_RATE_HINT=0
07-10 10:02:29.313 I/[ 2407.614888@0]- dim(    0): ch[1]:di_receiver_event_fun,1:_UNREG
07-10 10:02:29.313 E/[ 2407.614925@0]- unreg(    0): v4lvideo
07-10 10:02:29.313 I/[ 2407.614984@0]- dim(    0): unreg:2keep[0], msk:[0x0,0x0]
07-10 10:02:29.328 I/[ 2407.626724@1]- dim(    0): unreg:use[12]ms
07-10 10:02:29.329 D/        (    0): [ 2407.626754@1]- vdec_disable_DMC input->target= 0x0
07-10 10:02:29.329 D/[ 2407.626974@1]- 0(    0): vh264_stop
07-10 10:02:29.329 D/        (    0): [ 2407.627971@1]- vdec_release instance 0000000023e14155, total 1 id = 0
07-10 10:02:29.329 D/        (    0): [ 2407.628153@1]- the clk_vdec_mux    clock off, ref cnt: 0
07-10 10:02:29.329 D/        (    0): [ 2407.628163@1]- the vdec            clock off, ref cnt: 0
07-10 10:02:29.329 D/        (    0): [ 2407.628167@1]- the parser_top      clock off, ref cnt: 1
07-10 10:02:29.329 D/        (    0): [ 2407.628171@1]- the demux           clock off, ref cnt: 1
07-10 10:02:29.329 D/        (    0): [ 2407.628263@1]- the demux           clock on, ref cnt: 2
07-10 10:02:29.329 D/        (    0): [ 2407.628268@1]- the parser_top      clock on, ref cnt: 2
07-10 10:02:29.329 D/        (    0): [ 2407.628275@1]- the vdec            clock on, ref cnt: 1
07-10 10:02:29.329 D/        (    0): [ 2407.628294@1]- the clk_vdec_mux    clock on, ref cnt: 1
07-10 10:02:29.329 D/        (    0): [ 2407.628325@1]- vdec mux clock is 499999992 Hz
07-10 10:02:29.329 D/        (    0): [ 2407.628517@1]- vdec_create instance 000000009a6f9bf6, total 1, PM: legacy
07-10 10:02:29.329 D/        (    0): [ 2407.628558@1]- no drmmode
07-10 10:02:29.329 I/        (    0): [ 2407.628622@1]- is_reset=1
07-10 10:02:29.329 I/        (    0): [ 2407.628648@1]- vdec_init, dev_name:ammvdec_h264, vdec_type=VDEC_TYPE_FRAME_BLOCK  id = 0
07-10 10:02:29.329 D/        (    0): [ 2407.629660@1]- ammvdec_h264_mmu_init tvp = 0x0 mmu_enable 0
07-10 10:02:29.329 D/        (    0): [ 2407.629667@1]- decoder_bmmu_box_alloc_box, tvp_flags = 0
07-10 10:02:29.329 D/[ 2407.629686@1]- 0(    0): ammvdec_h264_probe mmu_enable 0 double_write_mode 0x10
07-10 10:02:29.331 D/[ 2407.631434@0]- 0(    0): ammvdec_h264 mem-addr=0,buff_offset=56fc0000,buf_start=56fb0000
07-10 10:02:29.331 D/        (    0): [ 2407.631477@0]- vdec mux clock is 666666656 Hz
07-10 10:02:29.331 D/        (    0): [ 2407.631483@0]- vdec1 video changed to 3840 x 2160 60 fps clk->667MHZ
07-10 10:02:29.331 W/        (    0): [ 2407.631488@0]- H264 sysinfo: 854x480 duration=3840, pts_outside=1
07-10 10:02:29.331 D/        (    0): [ 2407.631492@0]- sync_outside=0, use_idr_framerate=0, is_used_v4l: 0
07-10 10:02:29.331 I/        (    0): [ 2407.631662@0]- [TEE], the fw (h264_multi) will be loaded.
07-10 10:02:29.331 D/        (    0): [ 2407.632701@1]- vh264_init, phy_addr=7446e000 vaddr=000000005fa9ee54
07-10 10:02:29.331 D/        (    0): [ 2407.632865@1]- vfm map vdec-map-0 created
07-10 10:02:29.331 I/[ 2407.632886@1]- dim(    0): ch[1]:di_receiver_event_fun,8:_REG
07-10 10:02:29.331 I/[ 2407.632893@1]- dim(    0): reg:vdec.h264.00[26]
07-10 10:02:29.332 I/[ 2407.633446@3]- dim(    0): reg:use[1]ms
07-10 10:02:29.332 E/[ 2407.633474@3]- reg(    0): v4lvideo
07-10 10:02:29.332 I/[ 2407.633483@3]- dim(    0): ch[1]:di_receiver_event_fun,3:_START
07-10 10:02:29.333 D/        (    0): [ 2407.633488@3]- vdec_init, vf_provider_name = vdec.h264.00, b 0
07-10 10:02:29.333 I/        (    0): [ 2407.634523@3]- vdec->port_flag=0x102, port_flag=0x10b
07-10 10:02:29.333 I/        (    0): [ 2407.634624@3]- is_reset=0
07-10 10:02:29.341 I/[ 2407.640284@3]- vframe_rate_uevent(    0): sent uevent FRAME_RATE_HINT=0
07-10 10:02:29.341 I/[ 2407.640333@3]- dim(    0): ch[1]:di_receiver_event_fun,1:_UNREG
07-10 10:02:29.341 E/[ 2407.640345@3]- unreg(    0): v4lvideo
07-10 10:02:29.341 I/[ 2407.640900@1]- dim(    0): unreg:use[0]ms
07-10 10:02:29.341 D/        (    0): [ 2407.640931@1]- vdec_disable_DMC input->target= 0x0
07-10 10:02:29.341 D/[ 2407.641049@1]- 0(    0): vh264_stop
07-10 10:02:29.341 D/        (    0): [ 2407.641534@1]- vdec_release instance 000000009a6f9bf6, total 1 id = 0
07-10 10:02:29.341 D/        (    0): [ 2407.641750@1]- the clk_vdec_mux    clock off, ref cnt: 0
07-10 10:02:29.341 D/        (    0): [ 2407.641760@1]- the vdec            clock off, ref cnt: 0
07-10 10:02:29.341 D/        (    0): [ 2407.641765@1]- the parser_top      clock off, ref cnt: 1
07-10 10:02:29.341 D/        (    0): [ 2407.641769@1]- the demux           clock off, ref cnt: 1
07-10 10:02:29.341 D/        (    0): [ 2407.641793@1]d v4lvideo_release_map 0 OK
07-10 10:02:29.341 D/[ 2407.641920@1]- v4lvid(    0): dbg: vidioc_close!!!!
07-10 10:02:29.341 I/[ 2407.643174@1]- resman(    0): 42 release [codec_mm]
07-10 10:02:29.353 I/[ 2407.653793@3]- resman(    0): 43 appname:OMX-40, type=0
07-10 10:02:29.407 I/[ 2407.672683@3]- resman(    0): 43 acquire [codec_mm], preempt yes
07-10 10:02:29.407 I/[ 2407.672693@3]- resman(    0): 43 score 160 secure yes
07-10 10:02:29.407 I/[ 2407.672698@3]- resman(    0): 43 acquire [codec_mm] success
07-10 10:02:29.407 I/[ 2407.674295@3]- resman(    0): 45 appname:secmem, type=3
07-10 10:02:29.407 I/[ 2407.676591@1]- resman(    0): 45 acquire [tvp], preempt yes
07-10 10:02:29.429 I/        (    0): [ 2407.730018@3]- protect tvp 0 5 ret 0 57d60000 3540000
07-10 10:02:29.429 I/        (    0): [ 2407.730027@3]- enable tvp for 1
07-10 10:02:29.429 I/        (    0): [ 2407.730031@3]- tvp_user_count is 1
07-10 10:02:29.429 I/[ 2407.730037@3]- resman(    0): 45 acquire [tvp] success
07-10 10:02:29.465 D/        (    0): [ 2407.763587@2]- the demux           clock on, ref cnt: 2
07-10 10:02:29.465 D/        (    0): [ 2407.763594@2]- the parser_top      clock on, ref cnt: 2
07-10 10:02:29.465 D/        (    0): [ 2407.763627@2]- the vdec            clock on, ref cnt: 1
07-10 10:02:29.465 D/        (    0): [ 2407.763682@2]- the clk_hevc_mux    clock on, ref cnt: 1
07-10 10:02:29.465 D/        (    0): [ 2407.763688@2]- the clk_hevcb_mux   clock on, ref cnt: 1
07-10 10:02:29.465 D/        (    0): [ 2407.763718@2]- hevc mux clock is 499999992 Hz
07-10 10:02:29.465 D/        (    0): [ 2407.763733@2]- hevc back mux clock is 499999992 Hz
07-10 10:02:29.465 D/        (    0): [ 2407.763944@2]- vdec_create instance 0000000099f86031, total 1, PM: legacy
07-10 10:02:29.465 D/        (    0): [ 2407.763987@2]- set drmmode
07-10 10:02:29.465 I/        (    0): [ 2407.764032@2]- is_reset=0
07-10 10:02:29.465 I/        (    0): [ 2407.764058@2]- vdec_init, dev_name:ammvdec_h265, vdec_type=VDEC_TYPE_FRAME_BLOCK  id = 0
07-10 10:02:29.465 D/[ 2407.764722@2]- [0]pdata->config=hevc_buf_width(    0): 1920;hevc_buf_height:1088;hevc_buf_margin:0;hevc_double_write_mode:3;save_buffer_mode:0;
07-10 10:02:29.471 D/        (    0): [ 2407.772093@3]- decoder_bmmu_box_alloc_box, tvp_flags = 4
07-10 10:02:29.471 D/        (    0): [ 2407.772111@3]- [0]dynamic_buf_num_margin=9
07-10 10:02:29.471 D/        (    0): [ 2407.772115@3]- [0]double_write_mode=3
07-10 10:02:29.471 D/[ 2407.772123@3]- [0]h265(    0): pts_unstable=0
07-10 10:02:29.471 D/[ 2407.772130@3]- [0]h265(    0): ver (201602101,0) decinfo: 0x0 rate=3600
07-10 10:02:29.472 I/        (    0): [ 2407.773811@1]- [TEE], the fw (hevc_mmu) will be loaded.
07-10 10:02:29.472 D/        (    0): [ 2407.773905@1]- hevc mux clock is 666666656 Hz
07-10 10:02:29.472 D/        (    0): [ 2407.773922@1]- hevc back mux clock is 666666656 Hz
07-10 10:02:29.472 D/        (    0): [ 2407.773927@1]- hevc video changed to 3840 x 2160 60 fps clk->667MHZ
07-10 10:02:29.472 D/        (    0): [ 2407.773967@1]- vfm map vdec-map-0 created
07-10 10:02:29.472 I/[ 2407.773988@1]- dim(    0): ch[1]:di_receiver_event_fun,8:_REG
07-10 10:02:29.472 I/[ 2407.773993@1]- dim(    0): reg:vdec.h265.00[27]
07-10 10:02:29.473 I/[ 2407.774532@1]- dim(    0): reg:use[1]ms
07-10 10:02:29.473 E/[ 2407.774553@1]- reg(    0): v4lvideo
07-10 10:02:29.473 I/[ 2407.774560@1]- dim(    0): ch[1]:di_receiver_event_fun,3:_START
07-10 10:02:29.473 D/        (    0): [ 2407.774567@1]- vdec_init, vf_provider_name = vdec.h265.00, b 0
07-10 10:02:29.473 I/        (    0): [ 2407.774582@1]- vdec->port_flag=0x182, port_flag=0x18b
07-10 10:02:29.477 D/[ 2407.777645@1]- v4lvid(    0): dbg: v4lvideo open
07-10 10:02:29.501 D/        (    0): [ 2407.801880@3]- [0]vh265 cached=4096  need_size=6144 speed= 36 ms
07-10 10:02:29.501 D/        (    0): [ 2407.802425@0]- [0]hevc->performance_profile 0
07-10 10:02:29.501 D/        (    0): [ 2407.802436@0]- [0]set pic_list_init_flag 1
07-10 10:02:29.504 D/        (    0): [ 2407.803847@2]- [0]init_buf_spec2 856 480
07-10 10:02:29.504 D/        (    0): [ 2407.803856@2]- [0]set pic_list_init_flag to 2
07-10 10:02:29.504 D/        (    0): [ 2407.803883@0]- [0]set pic_list_init_flag to 3
07-10 10:02:29.504 D/        (    0): [ 2407.803887@0]- [vdec_kpi][vh265_isr_thread_fn] First I frame coming.
07-10 10:02:29.504 D/[ 2407.804774@0]- [0]VH265(    0): output first frame
07-10 10:02:29.506 D/        (    0): [ 2407.804796@0]- [vdec_kpi][post_video_frame] First I frame decoded.
07-10 10:02:29.506 I/[ 2407.804871@0]- dim(    0): value reg:ch[1]:fix_buf:0;ponly <0,0>
07-10 10:02:29.506 I/[ 2407.804882@0]- dim(    0): 213x120-0x509000.
07-10 10:02:29.509 I/[ 2407.808523@0]- v4lvideo(    0): provider name: vdec.h265.00
07-10 10:02:29.530 D/        (    0): [ 2407.829589@2]- cal_dur_from_pts vstatus 4000 dur3750 -> 4000, revised 4000
07-10 10:02:29.530 I/[ 2407.831061@2]- vframe_rate_uevent(    0): sent uevent FRAME_RATE_HINT=4000
07-10 10:02:29.601 W/[ 2407.902604@0]s RTW(    0): rtw_issue_addbareq_cmd, p=4
07-10 10:02:29.601 W/[ 2407.902735@3]- RTW(    0): BA_starting_seqctrl = 2 for TID=4
07-10 10:02:29.601 W/[ 2407.902753@3]- RTW(    0): issue_addba_req(wlan0) ra=60:bd:2c:c2:fe:bd tid=4
07-10 10:02:29.606 W/[ 2407.903858@0]- RTW(    0): OnAction_back
07-10 10:02:29.606 W/[ 2407.903868@0]- RTW(    0): OnAction_back, action=1
07-10 10:02:29.606 W/[ 2407.903871@0]- RTW(    0): agg_enable for TID=4
07-10 10:02:29.693 W/[ 2407.990982@0]- RTW(    0): fill_default_txdesc(wlan0): SP Packet(0x0806) rate=0x4 SeqNum = 3264
07-10 10:02:29.749 I/        (    0): [ 2408.047786@2]- is_reset=1
07-10 10:02:29.764 I/[ 2408.048212@2]- vframe_rate_uevent(    0): sent uevent FRAME_RATE_HINT=0
07-10 10:02:29.765 I/[ 2408.050010@2]- dim(    0): ch[1]:di_receiver_event_fun,1:_UNREG
07-10 10:02:29.765 E/[ 2408.050052@2]- unreg(    0): v4lvideo
07-10 10:02:29.765 I/[ 2408.050110@0]- dim(    0): unreg:2keep[0], msk:[0x0,0x0]
07-10 10:02:29.766 I/[ 2408.061576@1]- dim(    0): unreg:use[11]ms
07-10 10:02:29.766 D/        (    0): [ 2408.061608@1]- vdec_disable_DMC input->target= 0x1
07-10 10:02:29.766 D/        (    0): [ 2408.063621@3]- vdec_release instance 0000000099f86031, total 1 id = 0
07-10 10:02:29.766 D/        (    0): [ 2408.063685@3]- the clk_hevc_mux    clock off, ref cnt: 0
07-10 10:02:29.766 D/        (    0): [ 2408.063691@3]- the clk_hevcb_mux   clock off, ref cnt: 0
07-10 10:02:29.766 D/        (    0): [ 2408.063700@3]- the vdec            clock off, ref cnt: 0
07-10 10:02:29.766 D/        (    0): [ 2408.063704@3]- the parser_top      clock off, ref cnt: 1
07-10 10:02:29.766 D/        (    0): [ 2408.063707@3]- the demux           clock off, ref cnt: 1
07-10 10:02:29.766 D/        (    0): [ 2408.063771@3]- the demux           clock on, ref cnt: 2
07-10 10:02:29.766 D/        (    0): [ 2408.063775@3]- the parser_top      clock on, ref cnt: 2
07-10 10:02:29.766 D/        (    0): [ 2408.063782@3]- the vdec            clock on, ref cnt: 1
07-10 10:02:29.766 D/        (    0): [ 2408.063801@3]- the clk_hevc_mux    clock on, ref cnt: 1
07-10 10:02:29.766 D/        (    0): [ 2408.063805@3]- the clk_hevcb_mux   clock on, ref cnt: 1
07-10 10:02:29.766 D/        (    0): [ 2408.063839@3]- hevc mux clock is 499999992 Hz
07-10 10:02:29.766 D/        (    0): [ 2408.063855@3]- hevc back mux clock is 499999992 Hz
07-10 10:02:29.766 D/        (    0): [ 2408.064061@3]- vdec_create instance 00000000a5e5dec8, total 1, PM: legacy
07-10 10:02:29.766 D/        (    0): [ 2408.064106@3]- set drmmode
07-10 10:02:29.766 I/        (    0): [ 2408.064151@3]- is_reset=1
07-10 10:02:29.766 I/        (    0): [ 2408.064173@3]- vdec_init, dev_name:ammvdec_h265, vdec_type=VDEC_TYPE_FRAME_BLOCK  id = 0
07-10 10:02:29.766 D/[ 2408.064849@3]- [0]pdata->config=hevc_buf_width(    0): 1920;hevc_buf_height:1088;hevc_buf_margin:0;hevc_double_write_mode:3;save_buffer_mode:0;
07-10 10:02:29.766 D/        (    0): [ 2408.064900@3]- decoder_bmmu_box_alloc_box, tvp_flags = 4
07-10 10:02:29.766 D/        (    0): [ 2408.064918@3]- [0]dynamic_buf_num_margin=9
07-10 10:02:29.766 D/        (    0): [ 2408.064921@3]- [0]double_write_mode=3
07-10 10:02:29.766 D/[ 2408.064930@3]- [0]h265(    0): pts_unstable=0
07-10 10:02:29.766 D/[ 2408.064936@3]- [0]h265(    0): ver (201602101,0) decinfo: 0x0 rate=3600
07-10 10:02:29.769 I/        (    0): [ 2408.069048@3]- [TEE], the fw (hevc_mmu) will be loaded.
07-10 10:02:29.771 D/        (    0): [ 2408.069098@3]- hevc mux clock is 666666656 Hz
07-10 10:02:29.771 D/        (    0): [ 2408.069114@3]- hevc back mux clock is 666666656 Hz
07-10 10:02:29.771 D/        (    0): [ 2408.069119@3]- hevc video changed to 3840 x 2160 60 fps clk->667MHZ
07-10 10:02:29.771 D/        (    0): [ 2408.069271@3]- vfm map vdec-map-0 created
07-10 10:02:29.771 I/[ 2408.069311@3]- dim(    0): ch[1]:di_receiver_event_fun,8:_REG
07-10 10:02:29.771 I/[ 2408.069317@3]- dim(    0): reg:vdec.h265.00[28]
07-10 10:02:29.771 I/[ 2408.069878@2]- dim(    0): reg:use[0]ms
07-10 10:02:29.772 E/[ 2408.069905@2]- reg(    0): v4lvideo
07-10 10:02:29.772 I/[ 2408.069913@2]- dim(    0): ch[1]:di_receiver_event_fun,3:_START
07-10 10:02:29.772 D/        (    0): [ 2408.069919@2]- vdec_init, vf_provider_name = vdec.h265.00, b 0
07-10 10:02:29.772 I/        (    0): [ 2408.069934@2]- vdec->port_flag=0x182, port_flag=0x18b
07-10 10:02:29.772 I/        (    0): [ 2408.070034@2]- is_reset=0
07-10 10:02:29.811 I/        (    0): [ 2408.109708@0]- is_reset=1
07-10 10:02:29.811 I/[ 2408.110712@0]- vframe_rate_uevent(    0): sent uevent FRAME_RATE_HINT=0
07-10 10:02:29.811 I/[ 2408.110946@0]- dim(    0): ch[1]:di_receiver_event_fun,1:_UNREG
07-10 10:02:29.811 E/[ 2408.110959@0]- unreg(    0): v4lvideo
07-10 10:02:29.811 I/[ 2408.111045@0]- dim(    0): unreg:use[1]ms
07-10 10:02:29.811 D/        (    0): [ 2408.111065@0]- vdec_disable_DMC input->target= 0x1
07-10 10:02:29.811 D/        (    0): [ 2408.111535@0]- vdec_release instance 00000000a5e5dec8, total 1 id = 0
07-10 10:02:29.811 D/        (    0): [ 2408.111583@0]- the clk_hevc_mux    clock off, ref cnt: 0
07-10 10:02:29.811 D/        (    0): [ 2408.111590@0]- the clk_hevcb_mux   clock off, ref cnt: 0
07-10 10:02:29.811 D/        (    0): [ 2408.111598@0]- the vdec            clock off, ref cnt: 0
07-10 10:02:29.811 D/        (    0): [ 2408.111602@0]- the parser_top      clock off, ref cnt: 1
07-10 10:02:29.811 D/        (    0): [ 2408.111606@0]- the demux           clock off, ref cnt: 1
07-10 10:02:29.811 D/        (    0): [ 2408.111723@0]- the demux           clock on, ref cnt: 2
07-10 10:02:29.812 D/        (    0): [ 2408.111730@0]- the parser_top      clock on, ref cnt: 2
07-10 10:02:29.812 D/        (    0): [ 2408.111736@0]- the vdec            clock on, ref cnt: 1
07-10 10:02:29.812 D/        (    0): [ 2408.111755@0]- the clk_hevc_mux    clock on, ref cnt: 1
07-10 10:02:29.812 D/        (    0): [ 2408.111760@0]- the clk_hevcb_mux   clock on, ref cnt: 1
07-10 10:02:29.812 D/        (    0): [ 2408.111791@0]- hevc mux clock is 499999992 Hz
07-10 10:02:29.812 D/        (    0): [ 2408.111806@0]- hevc back mux clock is 499999992 Hz
07-10 10:02:29.812 D/        (    0): [ 2408.111894@0]- vdec_create instance 00000000c7b6b707, total 1, PM: legacy
07-10 10:02:29.812 D/        (    0): [ 2408.111936@0]- set drmmode
07-10 10:02:29.812 I/        (    0): [ 2408.111974@0]- is_reset=1
07-10 10:02:29.812 I/        (    0): [ 2408.111999@0]- vdec_init, dev_name:ammvdec_h265, vdec_type=VDEC_TYPE_FRAME_BLOCK  id = 0
07-10 10:02:29.812 D/[ 2408.113078@0]- [0]pdata->config=hevc_buf_width(    0): 1920;hevc_buf_height:1088;hevc_buf_margin:0;hevc_double_write_mode:3;save_buffer_mode:0;
07-10 10:02:29.812 D/        (    0): [ 2408.113123@0]- decoder_bmmu_box_alloc_box, tvp_flags = 4
07-10 10:02:29.812 D/        (    0): [ 2408.113140@0]- [0]dynamic_buf_num_margin=9
07-10 10:02:29.812 D/        (    0): [ 2408.113144@0]- [0]double_write_mode=3
07-10 10:02:29.812 D/[ 2408.113152@0]- [0]h265(    0): pts_unstable=0
07-10 10:02:29.812 D/[ 2408.113157@0]- [0]h265(    0): ver (201602101,0) decinfo: 0x0 rate=3600
07-10 10:02:29.841 I/        (    0): [ 2408.114435@2]- [TEE], the fw (hevc_mmu) will be loaded.
07-10 10:02:29.841 D/        (    0): [ 2408.114481@2]- hevc mux clock is 666666656 Hz
07-10 10:02:29.841 D/        (    0): [ 2408.114497@2]- hevc back mux clock is 666666656 Hz
07-10 10:02:29.841 D/        (    0): [ 2408.114502@2]- hevc video changed to 3840 x 2160 60 fps clk->667MHZ
07-10 10:02:29.841 D/        (    0): [ 2408.114552@2]- vfm map vdec-map-0 created
07-10 10:02:29.841 I/[ 2408.114572@2]- dim(    0): ch[1]:di_receiver_event_fun,8:_REG
07-10 10:02:29.841 I/[ 2408.114577@2]- dim(    0): reg:vdec.h265.00[29]
07-10 10:02:29.841 I/[ 2408.115140@3]- dim(    0): reg:use[1]ms
07-10 10:02:29.841 E/[ 2408.115169@3]- reg(    0): v4lvideo
07-10 10:02:29.841 I/[ 2408.115177@3]- dim(    0): ch[1]:di_receiver_event_fun,3:_START
07-10 10:02:29.841 D/        (    0): [ 2408.115182@3]- vdec_init, vf_provider_name = vdec.h265.00, b 0
07-10 10:02:29.841 I/        (    0): [ 2408.116564@3]- vdec->port_flag=0x182, port_flag=0x18b
07-10 10:02:29.841 I/        (    0): [ 2408.116682@3]- is_reset=0
07-10 10:02:29.905 D/        (    0): [ 2408.202923@3]- [0]vh265 cached=8192  need_size=6144 speed= 92 ms
07-10 10:02:29.905 D/        (    0): [ 2408.203497@2]- [0]hevc->performance_profile 0
07-10 10:02:29.905 D/        (    0): [ 2408.203506@2]- [0]set pic_list_init_flag 1
07-10 10:02:29.905 D/        (    0): [ 2408.206569@1]- [0]init_buf_spec2 856 480
07-10 10:02:29.909 D/        (    0): [ 2408.206577@1]- [0]set pic_list_init_flag to 2
07-10 10:02:29.911 D/        (    0): [ 2408.206635@2]- [0]set pic_list_init_flag to 3
07-10 10:02:29.911 D/        (    0): [ 2408.206639@2]- [vdec_kpi][vh265_isr_thread_fn] First I frame coming.
07-10 10:02:29.911 D/[ 2408.207449@2]- [0]VH265(    0): output first frame
07-10 10:02:29.911 D/        (    0): [ 2408.207470@2]- [vdec_kpi][post_video_frame] First I frame decoded.
07-10 10:02:29.911 I/[ 2408.207547@0]- dim(    0): value reg:ch[1]:fix_buf:0;ponly <0,0>
07-10 10:02:29.911 I/[ 2408.207567@0]- dim(    0): 213x120-0x509000.
07-10 10:02:29.911 I/[ 2408.207860@0]- v4lvideo(    0): provider name: vdec.h265.00
07-10 10:02:29.929 D/        (    0): [ 2408.230148@2]- cal_dur_from_pts vstatus 4000 dur3750 -> 4000, revised 4000
07-10 10:02:29.934 I/[ 2408.233803@2]- vframe_rate_uevent(    0): sent uevent FRAME_RATE_HINT=4000
07-10 10:02:30.187 W/[ 2408.487424@3]- healthd(    0): battery l=100 v=4 t=0.0 h=2 st=2 c=1100 fc=10000000 chg=u
07-10 10:02:31.109 W/[ 2409.407396@0]- RTW(    0): Turbo EDCA =0x431c
07-10 10:02:34.421 W/[ 2412.719336@0]- RTW(    0): fill_default_txdesc(wlan0): SP Packet(0x0806) rate=0x4 SeqNum = 3939
07-10 10:02:35.141 W/[ 2413.439220@3]- RTW(    0): Turbo EDCA =0x5ea42b
07-10 10:02:39.173 W/[ 2417.471171@1]- RTW(    0): Turbo EDCA =0x431c
07-10 10:02:39.945 W/[ 2418.243172@1]- RTW(    0): fill_default_txdesc(wlan0): SP Packet(0x0806) rate=0x4 SeqNum = 194
07-10 10:02:41.189 W/[ 2419.487253@0]- RTW(    0): Turbo EDCA =0x5ea42b
07-10 10:02:45.057 W/[ 2423.354961@3]- RTW(    0): fill_default_txdesc(wlan0): SP Packet(0x0806) rate=0x4 SeqNum = 498
07-10 10:02:45.221 W/[ 2423.519270@0]- RTW(    0): Turbo EDCA =0x431c
07-10 10:02:46.596 W/[ 2424.895037@3]s RTW(    0): fill_default_txdesc(wlan0): SP Packet(0x0806) rate=0x4 SeqNum = 612
07-10 10:02:47.237 W/[ 2425.535296@0]- RTW(    0): Turbo EDCA =0x5ea42b
07-10 10:02:50.069 W/[ 2428.368431@0]- RTW(    0): fill_default_txdesc(wlan0): SP Packet(0x0806) rate=0x4 SeqNum = 823
07-10 10:02:51.273 W/[ 2429.572618@0]- RTW(    0): Turbo EDCA =0x431c
07-10 10:02:53.283 W/[ 2431.583285@1]- RTW(    0): Turbo EDCA =0x5ea42b
07-10 10:02:55.097 W/[ 2433.398619@1]- RTW(    0): fill_default_txdesc(wlan0): SP Packet(0x0806) rate=0x4 SeqNum = 1105
07-10 10:02:59.333 W/[ 2437.631223@0]- RTW(    0): Turbo EDCA =0x431c
07-10 10:03:00.517 W/[ 2438.815826@1]- RTW(    0): fill_default_txdesc(wlan0): SP Packet(0x0806) rate=0x4 SeqNum = 1393
07-10 10:03:01.349 W/[ 2439.647270@0]- RTW(    0): Turbo EDCA =0x5ea42b
07-10 10:03:04.889 W/[ 2443.189743@2]- RTW(    0): fill_default_txdesc(wlan0): SP Packet(0x0806) rate=0x4 SeqNum = 1644
07-10 10:03:07.397 W/[ 2445.695194@1]- RTW(    0): Turbo EDCA =0x431c
07-10 10:03:09.413 W/[ 2447.711293@0]- RTW(    0): Turbo EDCA =0x5ea42b
07-10 10:03:09.909 W/[ 2448.208393@1]- RTW(    0): fill_default_txdesc(wlan0): SP Packet(0x0806) rate=0x4 SeqNum = 1958
07-10 10:03:15.459 W/[ 2453.759344@3]- RTW(    0): Turbo EDCA =0x431c
07-10 10:03:15.873 W/[ 2454.173749@0]- RTW(    0): fill_default_txdesc(wlan0): SP Packet(0x0806) rate=0x4 SeqNum = 2262
07-10 10:03:05.796 I/chatty  ( 3835): uid=1000(system) android.bg identical 5 lines
07-10 10:03:15.892 I/UsageStatsService( 3835): User[0] Flushing usage stats to disk
07-10 10:03:16.829 D/AutofillManagerService( 3835): onBackKeyPressed()
07-10 10:03:16.881 I/        (    0): [ 2455.179759@2]- is_reset=1
07-10 10:03:16.881 I/[ 2455.180052@2]- vframe_rate_uevent(    0): sent uevent FRAME_RATE_HINT=0
07-10 10:03:16.881 I/[ 2455.181284@1]- dim(    0): ch[1]:di_receiver_event_fun,1:_UNREG
07-10 10:03:16.881 E/[ 2455.181367@1]- unreg(    0): v4lvideo
07-10 10:03:16.882 I/[ 2455.181428@0]- dim(    0): unreg:2keep[0], msk:[0x0,0x0]
07-10 10:03:16.893 I/[ 2455.192324@0]- dim(    0): unreg:use[11]ms
07-10 10:03:16.893 D/        (    0): [ 2455.192356@0]- vdec_disable_DMC input->target= 0x1
07-10 10:03:16.893 D/        (    0): [ 2455.193792@0]- vdec_release instance 00000000c7b6b707, total 1 id = 0
07-10 10:03:16.893 D/        (    0): [ 2455.193886@0]- the clk_hevc_mux    clock off, ref cnt: 0
07-10 10:03:16.893 D/        (    0): [ 2455.193893@0]- the clk_hevcb_mux   clock off, ref cnt: 0
07-10 10:03:16.893 D/        (    0): [ 2455.193903@0]- the vdec            clock off, ref cnt: 0
07-10 10:03:16.893 D/        (    0): [ 2455.193907@0]- the parser_top      clock off, ref cnt: 1
07-10 10:03:16.893 D/        (    0): [ 2455.193911@0]- the demux           clock off, ref cnt: 1
07-10 10:03:16.893 D/        (    0): [ 2455.194022@0]- the demux           clock on, ref cnt: 2
07-10 10:03:16.893 D/        (    0): [ 2455.194027@0]- the parser_top      clock on, ref cnt: 2
07-10 10:03:16.894 D/        (    0): [ 2455.194035@0]- the vdec            clock on, ref cnt: 1
07-10 10:03:16.894 D/        (    0): [ 2455.194055@0]- the clk_hevc_mux    clock on, ref cnt: 1
07-10 10:03:16.894 D/        (    0): [ 2455.194061@0]- the clk_hevcb_mux   clock on, ref cnt: 1
07-10 10:03:16.894 D/        (    0): [ 2455.194092@0]- hevc mux clock is 499999992 Hz
07-10 10:03:16.894 D/        (    0): [ 2455.194108@0]- hevc back mux clock is 499999992 Hz
07-10 10:03:16.894 D/        (    0): [ 2455.194191@0]- vdec_create instance 00000000bd23f2f8, total 1, PM: legacy
07-10 10:03:16.894 D/        (    0): [ 2455.194231@0]- set drmmode
07-10 10:03:16.894 I/        (    0): [ 2455.194279@0]- is_reset=1
07-10 10:03:16.895 I/        (    0): [ 2455.194304@0]- vdec_init, dev_name:ammvdec_h265, vdec_type=VDEC_TYPE_FRAME_BLOCK  id = 0
07-10 10:03:16.895 D/[ 2455.195112@0]- [0]pdata->config=hevc_buf_width(    0): 1920;hevc_buf_height:1088;hevc_buf_margin:0;hevc_double_write_mode:3;save_buffer_mode:0;
07-10 10:03:16.895 D/        (    0): [ 2455.195154@0]- decoder_bmmu_box_alloc_box, tvp_flags = 4
07-10 10:03:16.895 D/        (    0): [ 2455.195170@0]- [0]dynamic_buf_num_margin=9
07-10 10:03:16.895 D/        (    0): [ 2455.195173@0]- [0]double_write_mode=3
07-10 10:03:16.895 D/[ 2455.195181@0]- [0]h265(    0): pts_unstable=0
07-10 10:03:16.895 D/[ 2455.195187@0]- [0]h265(    0): ver (201602101,0) decinfo: 0x0 rate=3600
07-10 10:03:16.902 I/        (    0): [ 2455.198122@3]- [TEE], the fw (hevc_mmu) will be loaded.
07-10 10:03:16.910 D/        (    0): [ 2455.198170@3]- hevc mux clock is 666666656 Hz
07-10 10:03:16.910 D/        (    0): [ 2455.198186@3]- hevc back mux clock is 666666656 Hz
07-10 10:03:16.910 D/        (    0): [ 2455.198191@3]- hevc video changed to 3840 x 2160 60 fps clk->667MHZ
07-10 10:03:16.910 D/        (    0): [ 2455.198235@3]- vfm map vdec-map-0 created
07-10 10:03:16.910 I/[ 2455.198256@3]- dim(    0): ch[1]:di_receiver_event_fun,8:_REG
07-10 10:03:16.910 I/[ 2455.198261@3]- dim(    0): reg:vdec.h265.00[30]
07-10 10:03:16.910 I/[ 2455.198816@3]- dim(    0): reg:use[0]ms
07-10 10:03:16.910 E/[ 2455.198895@3]- reg(    0): v4lvideo
07-10 10:03:16.910 I/[ 2455.198903@3]- dim(    0): ch[1]:di_receiver_event_fun,3:_START
07-10 10:03:16.910 D/        (    0): [ 2455.198909@3]- vdec_init, vf_provider_name = vdec.h265.00, b 0
07-10 10:03:16.910 I/        (    0): [ 2455.198996@3]- vdec->port_flag=0x182, port_flag=0x18b
07-10 10:03:16.910 I/        (    0): [ 2455.199116@3]- is_reset=0
07-10 10:03:16.920 I/        (    0): [ 2455.219269@1]- is_reset=1
07-10 10:03:16.934 I/[ 2455.219555@1]- vframe_rate_uevent(    0): sent uevent FRAME_RATE_HINT=0
07-10 10:03:16.934 I/[ 2455.219612@1]- dim(    0): ch[1]:di_receiver_event_fun,1:_UNREG
07-10 10:03:16.934 E/[ 2455.219624@1]- unreg(    0): v4lvideo
07-10 10:03:16.934 I/[ 2455.219665@1]- dim(    0): unreg:use[0]ms
07-10 10:03:16.935 D/        (    0): [ 2455.219698@1]- vdec_disable_DMC input->target= 0x1
07-10 10:03:16.935 D/        (    0): [ 2455.220149@1]- vdec_release instance 00000000bd23f2f8, total 1 id = 0
07-10 10:03:16.935 D/        (    0): [ 2455.220196@1]- the clk_hevc_mux    clock off, ref cnt: 0
07-10 10:03:16.935 D/        (    0): [ 2455.220203@1]- the clk_hevcb_mux   clock off, ref cnt: 0
07-10 10:03:16.935 D/        (    0): [ 2455.220211@1]- the vdec            clock off, ref cnt: 0
07-10 10:03:16.935 D/        (    0): [ 2455.220215@1]- the parser_top      clock off, ref cnt: 1
07-10 10:03:16.935 D/        (    0): [ 2455.220219@1]- the demux           clock off, ref cnt: 1
07-10 10:03:16.935 D/        (    0): [ 2455.220275@1]- the demux           clock on, ref cnt: 2
07-10 10:03:16.935 D/        (    0): [ 2455.220279@1]- the parser_top      clock on, ref cnt: 2
07-10 10:03:16.935 D/        (    0): [ 2455.220286@1]- the vdec            clock on, ref cnt: 1
07-10 10:03:16.935 D/        (    0): [ 2455.220327@1]- the clk_hevc_mux    clock on, ref cnt: 1
07-10 10:03:16.935 D/        (    0): [ 2455.220332@1]- the clk_hevcb_mux   clock on, ref cnt: 1
07-10 10:03:16.935 D/        (    0): [ 2455.220364@1]- hevc mux clock is 499999992 Hz
07-10 10:03:16.935 D/        (    0): [ 2455.220380@1]- hevc back mux clock is 499999992 Hz
07-10 10:03:16.935 D/        (    0): [ 2455.220461@1]- vdec_create instance 00000000a1829639, total 1, PM: legacy
07-10 10:03:16.935 D/        (    0): [ 2455.220501@1]- set drmmode
07-10 10:03:16.935 I/        (    0): [ 2455.220527@1]- is_reset=1
07-10 10:03:16.935 I/        (    0): [ 2455.220553@1]- vdec_init, dev_name:ammvdec_h265, vdec_type=VDEC_TYPE_FRAME_BLOCK  id = 0
07-10 10:03:16.935 D/[ 2455.221196@1]- [0]pdata->config=hevc_buf_width(    0): 1920;hevc_buf_height:1088;hevc_buf_margin:0;hevc_double_write_mode:3;save_buffer_mode:0;
07-10 10:03:16.935 D/        (    0): [ 2455.221300@1]- decoder_bmmu_box_alloc_box, tvp_flags = 4
07-10 10:03:16.935 D/        (    0): [ 2455.221316@1]- [0]dynamic_buf_num_margin=9
07-10 10:03:16.935 D/        (    0): [ 2455.221320@1]- [0]double_write_mode=3
07-10 10:03:16.935 D/[ 2455.221328@1]- [0]h265(    0): pts_unstable=0
07-10 10:03:16.935 D/[ 2455.221334@1]- [0]h265(    0): ver (201602101,0) decinfo: 0x0 rate=3600
07-10 10:03:16.935 I/        (    0): [ 2455.221771@1]- [TEE], the fw (hevc_mmu) will be loaded.
07-10 10:03:16.935 D/        (    0): [ 2455.221815@1]- hevc mux clock is 666666656 Hz
07-10 10:03:16.935 D/        (    0): [ 2455.221830@1]- hevc back mux clock is 666666656 Hz
07-10 10:03:16.936 D/        (    0): [ 2455.221836@1]- hevc video changed to 3840 x 2160 60 fps clk->667MHZ
07-10 10:03:16.936 D/        (    0): [ 2455.221878@1]- vfm map vdec-map-0 created
07-10 10:03:16.936 I/[ 2455.221898@1]- dim(    0): ch[1]:di_receiver_event_fun,8:_REG
07-10 10:03:16.936 I/[ 2455.221904@1]- dim(    0): reg:vdec.h265.00[31]
07-10 10:03:16.936 I/[ 2455.222463@1]- dim(    0): reg:use[1]ms
07-10 10:03:16.936 E/[ 2455.222488@1]- reg(    0): v4lvideo
07-10 10:03:16.939 I/[ 2455.222496@1]- dim(    0): ch[1]:di_receiver_event_fun,3:_START
07-10 10:03:16.939 D/        (    0): [ 2455.222501@1]- vdec_init, vf_provider_name = vdec.h265.00, b 0
07-10 10:03:16.939 I/        (    0): [ 2455.222516@1]- vdec->port_flag=0x182, port_flag=0x18b
07-10 10:03:16.939 I/        (    0): [ 2455.222671@1]- is_reset=0
07-10 10:03:16.939 I/[ 2455.236791@3]- vframe_rate_uevent(    0): sent uevent FRAME_RATE_HINT=0
07-10 10:03:16.939 I/[ 2455.236836@3]- dim(    0): ch[1]:di_receiver_event_fun,1:_UNREG
07-10 10:03:16.939 E/[ 2455.236848@3]- unreg(    0): v4lvideo
07-10 10:03:16.939 I/[ 2455.237410@2]- dim(    0): unreg:use[1]ms
07-10 10:03:16.939 D/        (    0): [ 2455.237439@2]- vdec_disable_DMC input->target= 0x1
07-10 10:03:16.939 D/        (    0): [ 2455.239166@1]- vdec_release instance 00000000a1829639, total 1 id = 0
07-10 10:03:16.939 D/        (    0): [ 2455.239213@1]- the clk_hevc_mux    clock off, ref cnt: 0
07-10 10:03:16.939 D/        (    0): [ 2455.239220@1]- the clk_hevcb_mux   clock off, ref cnt: 0
07-10 10:03:16.939 D/        (    0): [ 2455.239228@1]- the vdec            clock off, ref cnt: 0
07-10 10:03:16.939 D/        (    0): [ 2455.239232@1]- the parser_top      clock off, ref cnt: 1
07-10 10:03:16.940 D/        (    0): [ 2455.239236@1]- the demux           clock off, ref cnt: 1
07-10 10:03:16.940 D/        (    0): [ 2455.239262@1]d v4lvideo_release_map 0 OK
07-10 10:03:16.953 E/[ 2455.252408@2]- Warn(    0): TVP pool will release later.
07-10 10:03:16.953 I/        (    0): [ 2455.252458@2]- tvp_user_count is 0
07-10 10:03:16.953 I/[ 2455.252463@2]- resman(    0): 45 release [tvp]
07-10 10:03:16.953 D/[ 2455.254298@2]- v4lvid(    0): dbg: vidioc_close!!!!
07-10 10:03:16.956 I/[ 2455.255440@2]- resman(    0): 43 release [codec_mm]
07-10 10:03:17.178 D/INSETS  ( 3835): else - Package Name ::  left : 0 right :: 0 top :: 0 bottom :: 0 dfu-right :: 1920 dfu-bottom :: 1080
07-10 10:03:17.245 I/[ 2455.542633@0]- vc(    0): [0]vc: set enable index=0, val=0
07-10 10:03:17.245 I/[ 2455.542664@0]- VID(    0): store VD0 path_id changed 2->-1
07-10 10:03:17.245 I/        (    0): [ 2455.542669@0]- dev->index =0, val=1
07-10 10:03:17.245 I/[ 2455.542674@0]- VID(    0): VD1 off
07-10 10:03:17.245 I/[ 2455.542679@0]- VID(    0): VD1 set global output as 0
07-10 10:03:17.245 I/        (    0): [ 2455.542698@0]- common_vf_unreg_provider video_render.0: vd1 used: true, vd2 used: false, black_out:0, cur_buf:00000000ec16603b
07-10 10:03:17.254 E/[ 2455.555055@3]- Warn(    0): TVP pool will release later.
07-10 10:03:17.254 E/[ 2455.555076@3]- Warn(    0): TVP pool will release later.
07-10 10:03:17.301 E/[ 2455.598919@3]- Warn(    0): TVP pool will release later.
07-10 10:03:17.301 E/[ 2455.598940@3]- Warn(    0): TVP pool will release later.
07-10 10:03:17.313 E/[ 2455.610896@3]- Warn(    0): TVP pool will release later.
07-10 10:03:17.326 I/        (    0): [ 2455.623530@2]- unprotect tvp 0 handle is 5
07-10 10:03:17.326 I/        (    0): [ 2455.626198@2]- disalbe tvp
07-10 10:03:17.477 W/[ 2455.775466@2]- RTW(    0): Turbo EDCA =0x5ea42b
07-10 10:03:18.346 D/AutofillManagerService( 3835): onBackKeyPressed()
07-10 10:03:19.539 D/InputMethodManagerService( 3835): Top Package Name: in.startv.hotstar
07-10 10:03:19.545 W/ContextImpl( 3835): Calling a method in the system process without a qualified user: android.app.ContextImpl.sendBroadcast:1111 com.android.server.inputmethod.InputMethodManagerService.sendSoftInputVisibilityBroadcast:3258 com.android.server.inputmethod.InputMethodManagerService.showCurrentInputLocked:3231 com.android.server.inputmethod.InputMethodManagerService.showSoftInput:3153 com.android.internal.view.IInputMethodManager$Stub.onTransact:304 
07-10 10:03:19.547 D/InputMethodManagerService( 3835): Top Package Name: in.startv.hotstar
07-10 10:03:19.550 W/ContextImpl( 3835): Calling a method in the system process without a qualified user: android.app.ContextImpl.sendBroadcast:1111 com.android.server.inputmethod.InputMethodManagerService.sendSoftInputVisibilityBroadcast:3258 com.android.server.inputmethod.InputMethodManagerService.showCurrentInputLocked:3231 com.android.server.inputmethod.InputMethodManagerService.showMySoftInput:4198 com.android.server.inputmethod.InputMethodManagerService.access$4100:189 
07-10 10:03:19.555 W/ContextImpl( 3835): Calling a method in the system process without a qualified user: android.app.ContextImpl.sendBroadcast:1111 com.android.server.inputmethod.InputMethodManagerService.sendSoftInputVisibilityBroadcast:3258 com.android.server.inputmethod.InputMethodManagerService.hideCurrentInputLocked:3330 com.android.server.inputmethod.InputMethodManagerService.hideMySoftInput:4180 com.android.server.inputmethod.InputMethodManagerService.access$4000:189 
07-10 10:03:19.579 D/INSETS  ( 3835): else - Package Name ::  left : 0 right :: 0 top :: 0 bottom :: 0 dfu-right :: 1920 dfu-bottom :: 1080
07-10 10:03:19.583 I/chatty  ( 3835): uid=1000(system) Binder:3835_E identical 2 lines
07-10 10:03:19.583 D/INSETS  ( 3835): else - Package Name ::  left : 0 right :: 0 top :: 0 bottom :: 0 dfu-right :: 1920 dfu-bottom :: 1080
07-10 10:03:19.588 D/InputMethodManagerService( 3835): Top Package Name: in.startv.hotstar
07-10 10:03:19.591 W/ContextImpl( 3835): Calling a method in the system process without a qualified user: android.app.ContextImpl.sendBroadcast:1111 com.android.server.inputmethod.InputMethodManagerService.sendSoftInputVisibilityBroadcast:3258 com.android.server.inputmethod.InputMethodManagerService.showCurrentInputLocked:3231 com.android.server.inputmethod.InputMethodManagerService.showMySoftInput:4198 com.android.server.inputmethod.InputMethodManagerService.access$4100:189 
07-10 10:03:19.603 D/INSETS  ( 3835): else - Package Name ::  left : 0 right :: 0 top :: 0 bottom :: 0 dfu-right :: 1920 dfu-bottom :: 1080
07-10 10:03:19.606 I/chatty  ( 3835): uid=1000(system) android.anim identical 2 lines
07-10 10:03:19.607 D/INSETS  ( 3835): else - Package Name ::  left : 0 right :: 0 top :: 0 bottom :: 0 dfu-right :: 1920 dfu-bottom :: 1080
07-10 10:03:19.620 D/INSETS  ( 3835): else - Package Name ::  left : 0 right :: 0 top :: 0 bottom :: 0 dfu-right :: 1920 dfu-bottom :: 1080
07-10 10:03:19.620 D/INSETS  ( 3835): else - Package Name ::  left : 0 right :: 0 top :: 0 bottom :: 0 dfu-right :: 1920 dfu-bottom :: 1080
07-10 10:03:19.631 D/InputMethodManagerService( 3835): Top Package Name: in.startv.hotstar
07-10 10:03:19.632 W/ContextImpl( 3835): Calling a method in the system process without a qualified user: android.app.ContextImpl.sendBroadcast:1111 com.android.server.inputmethod.InputMethodManagerService.sendSoftInputVisibilityBroadcast:3258 com.android.server.inputmethod.InputMethodManagerService.showCurrentInputLocked:3231 com.android.server.inputmethod.InputMethodManagerService.showMySoftInput:4198 com.android.server.inputmethod.InputMethodManagerService.access$4100:189 
07-10 10:03:19.670 D/INSETS  ( 3835): else - Package Name ::  left : 0 right :: 0 top :: 0 bottom :: 0 dfu-right :: 1920 dfu-bottom :: 1080
07-10 10:03:19.671 D/INSETS  ( 3835): else - Package Name ::  left : 0 right :: 0 top :: 0 bottom :: 0 dfu-right :: 1920 dfu-bottom :: 1080
07-10 10:03:19.721 D/INSETS  ( 3835): else - Package Name ::  left : 0 right :: 0 top :: 0 bottom :: 0 dfu-right :: 1920 dfu-bottom :: 1080
07-10 10:03:19.721 I/chatty  ( 3835): uid=1000(system) Binder:3835_E identical 1 line
07-10 10:03:19.722 D/INSETS  ( 3835): else - Package Name ::  left : 0 right :: 0 top :: 0 bottom :: 0 dfu-right :: 1920 dfu-bottom :: 1080
07-10 10:03:19.735 D/INSETS  ( 3835): else - Package Name ::  left : 0 right :: 0 top :: 0 bottom :: 0 dfu-right :: 1920 dfu-bottom :: 1080
07-10 10:03:19.735 I/chatty  ( 3835): uid=1000(system) android.anim identical 1 line
07-10 10:03:19.737 D/INSETS  ( 3835): else - Package Name ::  left : 0 right :: 0 top :: 0 bottom :: 0 dfu-right :: 1920 dfu-bottom :: 1080
07-10 10:03:19.741 D/InputMethodManagerService( 3835): Top Package Name: in.startv.hotstar
07-10 10:03:19.742 W/ContextImpl( 3835): Calling a method in the system process without a qualified user: android.app.ContextImpl.sendBroadcast:1111 com.android.server.inputmethod.InputMethodManagerService.sendSoftInputVisibilityBroadcast:3258 com.android.server.inputmethod.InputMethodManagerService.showCurrentInputLocked:3231 com.android.server.inputmethod.InputMethodManagerService.showMySoftInput:4198 com.android.server.inputmethod.InputMethodManagerService.access$4100:189 
07-10 10:03:19.746 D/InputMethodManagerService( 3835): Top Package Name: in.startv.hotstar
07-10 10:03:19.747 W/ContextImpl( 3835): Calling a method in the system process without a qualified user: android.app.ContextImpl.sendBroadcast:1111 com.android.server.inputmethod.InputMethodManagerService.sendSoftInputVisibilityBroadcast:3258 com.android.server.inputmethod.InputMethodManagerService.showCurrentInputLocked:3231 com.android.server.inputmethod.InputMethodManagerService.showMySoftInput:4198 com.android.server.inputmethod.InputMethodManagerService.access$4100:189 
07-10 10:03:19.753 D/INSETS  ( 3835): else - Package Name ::  left : 0 right :: 0 top :: 0 bottom :: 0 dfu-right :: 1920 dfu-bottom :: 1080
07-10 10:03:19.764 I/chatty  ( 3835): uid=1000(system) android.display identical 4 lines
07-10 10:03:19.765 D/INSETS  ( 3835): else - Package Name ::  left : 0 right :: 0 top :: 0 bottom :: 0 dfu-right :: 1920 dfu-bottom :: 1080
07-10 10:03:19.781 W/NotificationHistory( 3835): Attempted to add notif for locked/gone/disabled user 0
07-10 10:03:19.804 D/INSETS  ( 3835): else - Package Name ::  left : 0 right :: 0 top :: 0 bottom :: 0 dfu-right :: 1920 dfu-bottom :: 1080
07-10 10:03:19.805 I/chatty  ( 3835): uid=1000(system) Binder:3835_1 identical 1 line
07-10 10:03:19.805 D/INSETS  ( 3835): else - Package Name ::  left : 0 right :: 0 top :: 0 bottom :: 0 dfu-right :: 1920 dfu-bottom :: 1080
07-10 10:03:19.953 W/NotificationHistory( 3835): Attempted to add notif for locked/gone/disabled user 0
07-10 10:03:20.089 W/[ 2458.390495@2]- RTW(    0): fill_default_txdesc(wlan0): SP Packet(0x0806) rate=0x4 SeqNum = 2937
07-10 10:03:20.493 D/InputMethodManagerService( 3835): Top Package Name: in.startv.hotstar
