--------- beginning of system
07-10 09:23:05.790 E/ActivityThread( 6013): Failed to find provider info for com.netflix.partner.provider.dynamicconfig
07-10 09:23:05.939 I/chatty  ( 3835): uid=1000(system) Binder:3835_10 expire 2 lines
07-10 09:23:05.941 I/chatty  ( 3835): uid=1000(system) ActivityManager expire 61 lines
07-10 09:23:06.497 I/chatty  ( 3835): uid=1000(system) Binder:3835_2 expire 9 lines
07-10 09:23:06.498 I/chatty  ( 3835): uid=1000(system) ConnectivitySer expire 3 lines
07-10 09:23:06.511 I/chatty  ( 3835): uid=1000(system) Binder:3835_6 expire 5 lines
07-10 09:23:06.536 W/ContextImpl( 4885): Calling a method in the system process without a qualified user: android.app.ContextImpl.sendBroadcast:1111 android.content.ContextWrapper.sendBroadcast:468 com.jio.appoptimizer.service.JioServiceAPI.iterateMap:159 com.jio.appoptimizer.service.JioServiceAPI.lambda$new$0$com-jio-appoptimizer-service-JioServiceAPI:39 com.jio.appoptimizer.service.JioServiceAPI$$ExternalSyntheticLambda0.run:2 
07-10 09:23:06.578 I/chatty  ( 3835): uid=1000(system) ActivityManager expire 5 lines
07-10 09:23:06.733 I/chatty  ( 3835): uid=1000(system) Binder:3835_E expire 9 lines
07-10 09:23:06.776 W/ContextImpl( 6767): Calling a method in the system process without a qualified user: android.app.ContextImpl.startForegroundService:1675 android.content.ContextWrapper.startForegroundService:725 android.content.ContextWrapper.startForegroundService:725 com.jio.jiobackgroundscheduler.BootReceiver.onReceive:19 android.app.ActivityThread.handleReceiver:4026 
07-10 09:23:06.952 I/chatty  ( 3835): uid=1000 system_server expire 23 lines
07-10 09:23:07.088 W/ContextImpl( 6767): Calling a method in the system process without a qualified user: android.app.ContextImpl.startForegroundService:1675 android.content.ContextWrapper.startForegroundService:725 com.jio.jiobackgroundscheduler.JioBackgroundSchedulerService.startPrefetchService:84 com.jio.jiobackgroundscheduler.JioBackgroundSchedulerService.updateServicesList:388 com.jio.jiobackgroundscheduler.JioBackgroundSchedulerService.ServicesListJson:327 
07-10 09:23:07.091 I/chatty  ( 3835): uid=1000(system) Binder:3835_1 expire 8 lines
07-10 09:23:07.531 I/chatty  ( 3835): uid=1000(system) AsyncTask #1 expire 356 lines
07-10 09:23:08.001 W/ContextImpl( 5051): Calling a method in the system process without a qualified user: android.app.ContextImpl.sendBroadcast:1111 android.content.ContextWrapper.sendBroadcast:468 com.rjil.jiostbsetting.service.EndlessService.getParameters:1159 com.rjil.jiostbsetting.service.EndlessService.access$getParameters:123 com.rjil.jiostbsetting.service.EndlessService$mConnection$1$onServiceConnected$2.invokeSuspend:1206 
07-10 09:23:08.104 W/ContextImpl( 4912): Calling a method in the system process without a qualified user: android.app.ContextImpl.sendBroadcast:1126 android.content.ContextWrapper.sendBroadcast:473 insight.tr069.client.tr181.Device.JioSTB.ACS.onSetSTUNError:47 insight.tr069.client.tr181.helpers.STUNClient.<init>:141 insight.tr069.client.tr181.TR181Monitor$1.run:273 
07-10 09:23:12.376 I/chatty  ( 3835): uid=1000(system) Binder:3835_15 expire 4 lines
07-10 09:23:13.959 W/ContextImpl( 5051): Calling a method in the system process without a qualified user: android.app.ContextImpl.sendBroadcast:1111 android.content.ContextWrapper.sendBroadcast:468 com.rjil.jiostbsetting.utils.UtilsKt.getAllVolumeDetails:2230 com.rjil.jiostbsetting.service.EndlessService.getParameters$lambda-22:1166 com.rjil.jiostbsetting.service.EndlessService.$r8$lambda$rJsFG8XlIrKzvRVodgEZk__jDnM:0 
07-10 09:23:13.992 W/ContextImpl( 5051): Calling a method in the system process without a qualified user: android.app.ContextImpl.sendBroadcast:1111 android.content.ContextWrapper.sendBroadcast:468 com.rjil.jiostbsetting.utils.UtilsKt.sendUSBAttachDetachBroadcast:2259 com.rjil.jiostbsetting.service.EndlessService$CallbackListener.onParameterNotification:1327 com.rjil.jiostbsetting.dc.DCDataProvider.invokeCallback:107 
07-10 09:23:14.021 I/chatty  ( 3835): uid=1000 system_server expire 2 lines
07-10 09:23:14.043 I/chatty  ( 3835): uid=1000 system_server expire 2 lines
07-10 09:23:14.058 W/ContextImpl( 5818): Calling a method in the system process without a qualified user: android.app.ContextImpl.startForegroundService:1675 android.content.ContextWrapper.startForegroundService:725 android.content.ContextWrapper.startForegroundService:725 com.rjil.sdmcsetting.BootReceiver.onReceive:37 android.app.ActivityThread.handleReceiver:4026 
07-10 09:23:14.161 I/chatty  ( 3835): uid=1000 system_server expire 2 lines
07-10 09:23:14.167 I/chatty  ( 3835): uid=1000 system_server expire 2 lines
07-10 09:23:14.177 I/chatty  ( 3835): uid=1000 system_server expire 2 lines
07-10 09:23:14.185 I/chatty  ( 3835): uid=1000 system_server expire 2 lines
07-10 09:23:14.303 W/ContextImpl( 5818): Calling a method in the system process without a qualified user: android.app.ContextImpl.bindService:1748 android.content.ContextWrapper.bindService:756 com.rjil.sdmcsetting.EndlessService.onCreate:341 android.app.ActivityThread.handleCreateService:4186 android.app.ActivityThread.access$1500:237 
07-10 09:23:14.316 W/ContextImpl( 5818): Calling a method in the system process without a qualified user: android.app.ContextImpl.bindService:1748 android.content.ContextWrapper.bindService:756 com.rjil.sdmcsetting.dc.DCServiceConnector.bindService:41 com.rjil.sdmcsetting.EndlessService.onCreate:343 android.app.ActivityThread.handleCreateService:4186 
07-10 09:23:14.777 I/chatty  ( 3835): uid=1000(system) android.io expire 2 lines
07-10 09:23:14.779 W/ContextImpl( 5818): Calling a method in the system process without a qualified user: android.app.ContextImpl.bindService:1748 android.content.ContextWrapper.bindService:756 com.rjil.sdmcsetting.EndlessService.onStartCommand:203 android.app.ActivityThread.handleServiceArgs:4320 android.app.ActivityThread.access$1800:237 
07-10 09:23:14.837 I/chatty  ( 3835): uid=1000 system_server expire 2 lines
07-10 09:23:14.852 I/chatty  ( 3835): uid=1000 system_server expire 2 lines
07-10 09:23:14.853 I/chatty  ( 3835): uid=1000 system_server expire 2 lines
07-10 09:23:14.864 I/chatty  ( 3835): uid=1000 system_server expire 2 lines
07-10 09:23:15.045 I/chatty  ( 3835): uid=1000(system) android.anim expire 2 lines
07-10 09:23:15.052 W/ContextImpl( 5818): Calling a method in the system process without a qualified user: android.app.ContextImpl.bindService:1748 android.content.ContextWrapper.bindService:756 com.jio.adc.core.b.d:56 com.jio.adc.core.b.b:13 com.jio.adc.core.b$c.run:7 
07-10 09:23:15.101 W/ActivityThread( 5818): ClassLoader.loadClass: The class loader returned by Thread.getContextClassLoader() may fail for processes that host multiple applications. You should explicitly specify a context class loader. For example: Thread.setContextClassLoader(getClass().getClassLoader());
07-10 09:23:15.269 W/ContextImpl( 5051): Calling a method in the system process without a qualified user: android.app.ContextImpl.sendBroadcast:1111 android.content.ContextWrapper.sendBroadcast:468 com.rjil.jiostbsetting.service.EndlessService.ESNredirect:1604 com.rjil.jiostbsetting.service.EndlessService$mConnection$1$onServiceConnected$2.invokeSuspend:1207 kotlin.coroutines.jvm.internal.BaseContinuationImpl.resumeWith:33 
07-10 09:23:15.775 W/ContextImpl( 5818): Calling a method in the system process without a qualified user: android.app.ContextImpl.bindService:1748 android.content.ContextWrapper.bindService:756 com.rjil.sdmcsetting.EndlessService.onStartCommand:203 android.app.ActivityThread.handleServiceArgs:4320 android.app.ActivityThread.access$1800:237 
07-10 09:23:16.136 I/chatty  ( 3835): uid=1000(system) android.ui expire 1 line
07-10 09:23:16.356 I/chatty  ( 3835): uid=1000(system) ActivityManager expire 50 lines
07-10 09:23:16.357 I/chatty  ( 3835): uid=1000(system) Binder:3835_2 expire 3 lines
07-10 09:23:16.758 I/chatty  ( 3835): uid=1000(system) Binder:3835_11 expire 6 lines
07-10 09:23:17.013 I/chatty  ( 3835): uid=1000 system_server expire 14 lines
07-10 09:23:17.030 W/ContextImpl( 5051): Calling a method in the system process without a qualified user: android.app.ContextImpl.bindService:1748 android.content.ContextWrapper.bindService:756 com.jio.adc.core.b.d:56 com.jio.adc.core.b.b:13 com.jio.adc.core.b$c.run:7 
07-10 09:23:17.092 W/ContextImpl( 6767): Calling a method in the system process without a qualified user: android.app.ContextImpl.stopService:1681 android.content.ContextWrapper.stopService:730 com.jio.jiobackgroundscheduler.JioBackgroundSchedulerService.stopPrefetchService:103 com.jio.jiobackgroundscheduler.JioBackgroundSchedulerService.updateServicesList:390 com.jio.jiobackgroundscheduler.JioBackgroundSchedulerService.ServicesListJson:327 
07-10 09:23:17.095 I/chatty  ( 3835): uid=1000(system) Binder:3835_8 expire 10 lines
07-10 09:23:17.342 W/ContextImpl( 5818): Calling a method in the system process without a qualified user: android.app.ContextImpl.sendBroadcast:1111 android.content.ContextWrapper.sendBroadcast:468 com.rjil.sdmcsetting.NetworkRepositoryImpl.handleSuccess:523 com.rjil.sdmcsetting.NetworkRepositoryImpl.checkNetwork:272 com.rjil.sdmcsetting.NetworkRepositoryImpl.checkNetwork:236 
07-10 09:23:17.357 W/ContextImpl( 5818): Calling a method in the system process without a qualified user: android.app.ContextImpl.sendBroadcast:1111 android.content.ContextWrapper.sendBroadcast:468 com.rjil.sdmcsetting.NetworkRepositoryImpl.handleSuccess:523 com.rjil.sdmcsetting.NetworkRepositoryImpl.checkNetwork:272 com.rjil.sdmcsetting.NetworkRepositoryImpl.checkNetwork:236 
07-10 09:23:17.423 W/ContextImpl( 5051): Calling a method in the system process without a qualified user: android.app.ContextImpl.sendBroadcast:1111 android.content.ContextWrapper.sendBroadcast:468 android.content.ContextWrapper.sendBroadcast:468 com.rjil.jiostbsetting.utils.UtilsKt.sendHDMIBroadcastToLauncher:409 com.rjil.jiostbsetting.receiver.BootReceiver.onReceive:129 
07-10 09:23:17.461 W/ContextImpl( 5051): Calling a method in the system process without a qualified user: android.app.ContextImpl.startForegroundService:1675 android.content.ContextWrapper.startForegroundService:725 com.rjil.jiostbsetting.receiver.BootReceiver.actionOnService:338 com.rjil.jiostbsetting.receiver.BootReceiver.onReceive:159 android.app.ActivityThread.handleReceiver:4026 
07-10 09:23:17.776 I/chatty  ( 3835): uid=1000(system) PackageManager expire 3 lines
07-10 09:23:17.822 I/chatty  ( 3835): uid=1000(system) android.fg expire 4 lines
07-10 09:23:18.218 I/chatty  ( 3835): uid=1000(system) android.anim expire 2 lines
07-10 09:23:19.954 W/ContextImpl( 5818): Calling a method in the system process without a qualified user: android.app.ContextImpl.sendBroadcast:1111 android.content.ContextWrapper.sendBroadcast:468 com.rjil.sdmcsetting.NetworkRepositoryImpl.handleSuccess:523 com.rjil.sdmcsetting.NetworkRepositoryImpl.checkNetwork:272 com.rjil.sdmcsetting.NetworkRepositoryImpl.checkNetwork$default:242 
07-10 09:23:20.401 W/ContextImpl( 5051): Calling a method in the system process without a qualified user: android.app.ContextImpl.sendBroadcast:1111 android.content.ContextWrapper.sendBroadcast:468 com.rjil.jiostbsetting.pod.service.DelaySilentUpgrade.sendUpgradeStatusToPodLogService:125 com.rjil.jiostbsetting.pod.service.DelaySilentUpgrade.continueOnBootCompleted:113 com.rjil.jiostbsetting.pod.service.DelaySilentUpgrade.access$200:30 
07-10 09:23:20.441 I/chatty  ( 3835): uid=1000(system) Binder:3835_6 expire 5 lines
07-10 09:23:20.664 I/chatty  ( 3835): uid=1000(system) Binder:3835_E expire 7 lines
07-10 09:23:21.112 W/ContextImpl( 7694): Calling a method in the system process without a qualified user: android.app.ContextImpl.startForegroundService:1675 android.content.ContextWrapper.startForegroundService:725 android.content.ContextWrapper.startForegroundService:725 com.rjl.mobileremote.receiver.BootReceiver.onReceive:58 android.app.ActivityThread.handleReceiver:4026 
07-10 09:23:22.248 I/chatty  ( 3835): uid=1000(system) Binder:3835_D expire 6 lines
07-10 09:23:22.249 I/chatty  ( 3835): uid=1000(system) ConnectivitySer expire 10 lines
07-10 09:23:22.467 I/chatty  ( 3835): uid=1000(system) android.bg expire 5 lines
07-10 09:23:26.170 I/chatty  ( 3835): uid=1000(system) Binder:3835_1 expire 3 lines
07-10 09:23:27.897 I/chatty  ( 3835): uid=1000(system) Binder:3835_15 expire 292 lines
07-10 09:23:28.991 I/chatty  ( 3835): uid=1000(system) Binder:3835_C expire 2 lines
07-10 09:23:31.111 I/chatty  ( 3835): uid=1000(system) Binder:3835_9 expire 10 lines
07-10 09:23:32.245 I/chatty  ( 3835): uid=1000(system) Binder:3835_10 expire 1 line
07-10 09:23:32.259 I/chatty  ( 3835): uid=1000(system) ActivityManager expire 4 lines
07-10 09:23:36.911 W/ContextImpl( 5051): Calling a method in the system process without a qualified user: android.app.ContextImpl.bindService:1748 android.content.ContextWrapper.bindService:756 com.jio.adc.core.b.d:56 com.jio.adc.core.b.b:13 com.jio.adc.core.b$c.run:7 
07-10 09:23:37.245 I/chatty  ( 3835): uid=1000 system_server expire 10 lines
07-10 09:23:55.229 W/ContextImpl( 5818): Calling a method in the system process without a qualified user: android.app.ContextImpl.sendBroadcast:1111 android.content.ContextWrapper.sendBroadcast:468 com.rjil.sdmcsetting.EndlessService$CallbackListener.onParameterNotification:2141 com.rjil.sdmcsetting.dc.DCDataProvider.invokeCallback:95 com.rjil.sdmcsetting.dc.DCDataProvider.access$000:15 
07-10 09:23:58.971 I/chatty  ( 3835): uid=1000 system_server expire 9 lines
07-10 09:24:00.050 I/chatty  ( 3835): uid=1000(system) Binder:3835_9 expire 3 lines
07-10 09:24:07.477 W/ContextImpl( 5818): Calling a method in the system process without a qualified user: android.app.ContextImpl.bindService:1748 android.content.ContextWrapper.bindService:756 com.jio.adc.core.b.d:56 com.jio.adc.core.b.b:13 com.jio.adc.core.b$c.run:7 
07-10 09:24:19.749 I/chatty  ( 3835): uid=1000 system_server expire 7 lines
07-10 09:24:19.791 I/chatty  ( 3835): uid=1000(system) Binder:3835_E expire 8 lines
07-10 09:24:26.502 W/ContextImpl( 5818): Calling a method in the system process without a qualified user: android.app.ContextImpl.bindService:1748 android.content.ContextWrapper.bindService:756 com.jio.adc.core.b.d:56 com.jio.adc.core.b.b:13 com.jio.adc.core.b$c.run:7 
07-10 09:24:30.377 I/chatty  ( 3835): uid=1000(system) android.bg expire 80 lines
07-10 09:24:46.384 I/chatty  ( 3835): uid=1000(system) pool-4-thread-1 expire 356 lines
07-10 09:26:02.759 I/chatty  ( 3835): uid=1000(system) ConnectivitySer expire 3 lines
07-10 09:26:15.754 I/chatty  ( 3835): uid=1000(system) Binder:3835_4 expire 1 line
07-10 09:26:15.813 I/chatty  ( 3835): uid=1000(system) Binder:3835_10 expire 6 lines
07-10 09:27:39.399 I/chatty  ( 3835): uid=1000(system) android.io expire 6 lines
07-10 09:29:13.930 I/chatty  ( 3835): uid=1000(system) Binder:3835_15 expire 5 lines
07-10 09:37:53.773 W/ContextImpl( 5291): Calling a method in the system process without a qualified user: android.app.ContextImpl.sendBroadcast:1111 android.content.ContextWrapper.sendBroadcast:468 com.iwedia.tvinput.engine.ChannelManager.disconnectCA:3912 com.iwedia.tvinput.engine.ChannelManager.access$4300:116 com.iwedia.tvinput.engine.ChannelManager$CaReconnectTask.run:2434 
07-10 09:37:53.797 W/ContextImpl( 5818): Calling a method in the system process without a qualified user: android.app.ContextImpl.bindService:1748 android.content.ContextWrapper.bindService:756 com.jio.adc.core.b.d:56 com.jio.adc.core.b.b:13 com.jio.adc.core.b$c.run:7 
07-10 09:37:53.830 W/ContextImpl( 5291): Calling a method in the system process without a qualified user: android.app.ContextImpl.sendBroadcast:1111 android.content.ContextWrapper.sendBroadcast:468 com.iwedia.tvinput.engine.ChannelManager.connectCA:3844 com.iwedia.tvinput.engine.ChannelManager.access$5900:116 com.iwedia.tvinput.engine.ChannelManager$CaMessageHandler.handleMessage:4279 
07-10 09:38:00.766 I/chatty  ( 3835): uid=1000(system) android.bg expire 89 lines
07-10 09:38:05.271 W/ContextImpl( 5818): Calling a method in the system process without a qualified user: android.app.ContextImpl.bindService:1748 android.content.ContextWrapper.bindService:756 com.jio.adc.core.b.d:56 com.jio.adc.core.b.b:13 com.jio.adc.core.b$c.run:7 
07-10 09:38:10.580 I/chatty  ( 3835): uid=1000(system) PowerManagerSer expire 2 lines
07-10 09:39:33.014 I/chatty  ( 3835): uid=1000(system) Binder:3835_8 expire 19 lines
07-10 09:39:56.280 I/chatty  ( 3835): uid=1000(system) Binder:3835_D expire 6 lines
07-10 09:52:21.904 I/chatty  ( 3835): uid=1000(system) batterystats-wo expire 1 line
07-10 09:52:53.228 W/ContextImpl( 5291): Calling a method in the system process without a qualified user: android.app.ContextImpl.sendBroadcast:1111 android.content.ContextWrapper.sendBroadcast:468 com.iwedia.tvinput.engine.ChannelManager.disconnectCA:3912 com.iwedia.tvinput.engine.ChannelManager.access$4300:116 com.iwedia.tvinput.engine.ChannelManager$CaReconnectTask.run:2434 
07-10 09:52:53.283 W/ContextImpl( 5291): Calling a method in the system process without a qualified user: android.app.ContextImpl.sendBroadcast:1111 android.content.ContextWrapper.sendBroadcast:468 com.iwedia.tvinput.engine.ChannelManager.connectCA:3844 com.iwedia.tvinput.engine.ChannelManager.access$5900:116 com.iwedia.tvinput.engine.ChannelManager$CaMessageHandler.handleMessage:4279 
07-10 09:52:53.289 W/ContextImpl( 5818): Calling a method in the system process without a qualified user: android.app.ContextImpl.bindService:1748 android.content.ContextWrapper.bindService:756 com.jio.adc.core.b.d:56 com.jio.adc.core.b.b:13 com.jio.adc.core.b$c.run:7 
07-10 09:52:55.518 I/chatty  ( 3835): uid=1000(system) android.bg expire 29 lines
07-10 09:53:04.372 I/chatty  ( 3835): uid=1000(system) android.ui expire 2 lines
07-10 09:53:30.324 W/ContextImpl( 5051): Calling a method in the system process without a qualified user: android.app.ContextImpl.sendBroadcast:1111 android.content.ContextWrapper.sendBroadcast:468 com.rjil.jiostbsetting.utils.UtilsKt.getAllVolumeDetails:2230 com.rjil.jiostbsetting.service.EndlessService.getParameters$lambda-22:1166 com.rjil.jiostbsetting.service.EndlessService.$r8$lambda$rJsFG8XlIrKzvRVodgEZk__jDnM:0 
07-10 09:53:30.338 W/ContextImpl( 5051): Calling a method in the system process without a qualified user: android.app.ContextImpl.sendBroadcast:1111 android.content.ContextWrapper.sendBroadcast:468 com.rjil.jiostbsetting.utils.UtilsKt.sendUSBAttachDetachBroadcast:2259 com.rjil.jiostbsetting.service.EndlessService$CallbackListener.onParameterNotification:1327 com.rjil.jiostbsetting.dc.DCDataProvider.invokeCallback:107 
07-10 09:53:30.339 I/chatty  ( 3835): uid=1000(system) ActivityManager expire 7 lines
07-10 09:53:31.288 W/ContextImpl( 5051): Calling a method in the system process without a qualified user: android.app.ContextImpl.sendBroadcast:1111 android.content.ContextWrapper.sendBroadcast:468 com.rjil.jiostbsetting.service.EndlessService.ESNredirect:1604 com.rjil.jiostbsetting.service.EndlessService$mConnection$1$onServiceConnected$2.invokeSuspend:1207 kotlin.coroutines.jvm.internal.BaseContinuationImpl.resumeWith:33 
07-10 09:53:31.316 W/ContextImpl( 5051): Calling a method in the system process without a qualified user: android.app.ContextImpl.bindService:1748 android.content.ContextWrapper.bindService:756 com.jio.adc.core.b.d:56 com.jio.adc.core.b.b:13 com.jio.adc.core.b$c.run:7 
07-10 09:57:31.108 I/chatty  ( 3835): uid=1000(system) AdbDebuggingMan expire 2 lines
07-10 09:57:35.596 I/chatty  ( 3835): uid=1000 system_server expire 2 lines
07-10 09:57:35.652 I/chatty  ( 3835): uid=1000 system_server expire 2 lines
07-10 09:57:35.703 I/chatty  ( 3835): uid=1000 system_server expire 2 lines
07-10 09:57:35.720 I/chatty  ( 3835): uid=1000 system_server expire 2 lines
07-10 09:57:35.822 I/chatty  ( 3835): uid=1000(system) android.anim expire 6 lines
07-10 09:57:36.105 I/chatty  ( 3835): uid=1000(system) Binder:3835_1 expire 4 lines
07-10 09:57:36.106 I/chatty  ( 3835): uid=1000 system_server expire 2 lines
07-10 09:57:36.554 I/chatty  ( 3835): uid=1000 system_server expire 2 lines
07-10 09:57:36.557 I/chatty  ( 3835): uid=1000 system_server expire 2 lines
07-10 09:57:36.558 I/chatty  ( 3835): uid=1000 system_server expire 2 lines
07-10 09:57:37.292 I/chatty  ( 3835): uid=1000 system_server expire 2 lines
07-10 09:57:37.296 I/chatty  ( 3835): uid=1000 system_server expire 2 lines
07-10 09:57:37.352 I/chatty  ( 3835): uid=1000 system_server expire 2 lines
07-10 09:57:38.821 I/chatty  ( 3835): uid=1000(system) ActivityManager expire 7 lines
07-10 09:57:43.888 I/chatty  ( 3835): uid=1000(system) InputDispatcher expire 4 lines
07-10 09:57:46.312 I/chatty  ( 3835): uid=1000 system_server expire 2 lines
07-10 09:57:46.322 I/chatty  ( 3835): uid=1000 system_server expire 2 lines
07-10 09:57:46.331 I/chatty  ( 3835): uid=1000(system) android.display expire 21 lines
07-10 09:57:46.332 I/chatty  ( 3835): uid=1000(system) ActivityManager expire 17 lines
07-10 09:57:46.354 I/chatty  ( 3835): uid=1000 system_server expire 2 lines
07-10 09:57:46.380 I/chatty  ( 3835): uid=1000(system) android.anim expire 23 lines
07-10 09:57:46.462 I/chatty  ( 3835): uid=1000 system_server expire 2 lines
07-10 09:57:46.900 I/chatty  ( 3835): uid=1000(system) Binder:3835_1 expire 11 lines
07-10 09:57:47.200 I/chatty  ( 3835): uid=1000(system) ConnectivitySer expire 3 lines
07-10 09:57:48.126 I/chatty  ( 3835): uid=1000(system) Binder:3835_D expire 4 lines
07-10 09:57:49.159 I/chatty  ( 3835): uid=1000 system_server expire 8 lines
07-10 09:57:49.235 I/chatty  ( 3835): uid=1000(system) Binder:3835_10 expire 27 lines
07-10 09:57:49.383 I/chatty  ( 3835): uid=1000(system) android.bg expire 4 lines
07-10 09:57:49.424 I/chatty  ( 3835): uid=1000 system_server expire 2 lines
07-10 09:57:49.758 I/chatty  ( 3835): uid=1000 system_server expire 2 lines
07-10 09:57:50.067 I/chatty  ( 3835): uid=1000(system) LazyTaskWriterT expire 1 line
07-10 09:58:01.382 I/chatty  ( 3835): uid=1000(system) Binder:3835_8 expire 7 lines
07-10 09:58:05.988 I/chatty  ( 3835): uid=1000(system) Binder:3835_4 expire 17 lines
07-10 09:58:07.788 I/chatty  ( 3835): uid=1000(system) android.ui expire 2 lines
07-10 09:58:10.646 I/chatty  ( 3835): uid=1000(system) Binder:3835_15 expire 25 lines
07-10 09:58:24.266 I/chatty  ( 3835): uid=1000(system) ActivityManager expire 6 lines
07-10 09:58:25.280 I/chatty  ( 3835): uid=1000(system) Binder:3835_4 expire 29 lines
07-10 09:58:26.110 I/chatty  ( 3835): uid=1000(system) Binder:3835_8 expire 17 lines
07-10 09:58:30.493 I/chatty  ( 3835): uid=1000(system) android.bg expire 13 lines
07-10 09:59:22.729 I/chatty  ( 3835): uid=1000(system) android.ui expire 5 lines
07-10 09:59:23.091 I/chatty  ( 3835): uid=1000(system) Binder:3835_1 expire 16 lines
07-10 09:59:25.719 I/chatty  ( 3835): uid=1000(system) Binder:3835_E expire 12 lines
07-10 09:59:25.823 I/chatty  ( 3835): uid=1000(system) android.anim expire 30 lines
07-10 09:59:25.946 I/chatty  ( 3835): uid=1000 system_server expire 7 lines
07-10 09:59:25.984 I/chatty  ( 3835): uid=1000(system) android.display expire 21 lines
07-10 09:59:27.457 I/chatty  ( 3835): uid=1000(system) Binder:3835_D expire 37 lines
07-10 09:59:27.465 I/chatty  ( 3835): uid=1000(system) Binder:3835_10 expire 12 lines
07-10 10:00:39.834 I/chatty  ( 3835): uid=1000(system) Binder:3835_9 expire 2 lines
07-10 10:00:39.880 D/INSETS  ( 3835): else - Package Name ::  left : 0 right :: 0 top :: 0 bottom :: 0 dfu-right :: 1920 dfu-bottom :: 1080
07-10 10:00:40.429 D/InputMethodManagerService( 3835): Top Package Name: in.startv.hotstar
07-10 10:00:40.430 W/ContextImpl( 3835): Calling a method in the system process without a qualified user: android.app.ContextImpl.sendBroadcast:1111 com.android.server.inputmethod.InputMethodManagerService.sendSoftInputVisibilityBroadcast:3258 com.android.server.inputmethod.InputMethodManagerService.showCurrentInputLocked:3231 com.android.server.inputmethod.InputMethodManagerService.attachNewInputLocked:2397 com.android.server.inputmethod.InputMethodManagerService.startInputUncheckedLocked:2503 
07-10 10:00:40.433 D/InputMethodManagerService( 3835): Top Package Name: in.startv.hotstar
07-10 10:00:40.434 W/ContextImpl( 3835): Calling a method in the system process without a qualified user: android.app.ContextImpl.sendBroadcast:1111 com.android.server.inputmethod.InputMethodManagerService.sendSoftInputVisibilityBroadcast:3258 com.android.server.inputmethod.InputMethodManagerService.showCurrentInputLocked:3231 com.android.server.inputmethod.InputMethodManagerService.showMySoftInput:4198 com.android.server.inputmethod.InputMethodManagerService.access$4100:189 
07-10 10:00:40.443 D/INSETS  ( 3835): else - Package Name ::  left : 0 right :: 0 top :: 0 bottom :: 0 dfu-right :: 1920 dfu-bottom :: 1080
07-10 10:00:40.444 D/INSETS  ( 3835): else - Package Name ::  left : 0 right :: 0 top :: 0 bottom :: 0 dfu-right :: 1920 dfu-bottom :: 1080
07-10 10:00:40.460 D/InputMethodManagerService( 3835): Top Package Name: in.startv.hotstar
07-10 10:00:40.461 W/ContextImpl( 3835): Calling a method in the system process without a qualified user: android.app.ContextImpl.sendBroadcast:1111 com.android.server.inputmethod.InputMethodManagerService.sendSoftInputVisibilityBroadcast:3258 com.android.server.inputmethod.InputMethodManagerService.showCurrentInputLocked:3231 com.android.server.inputmethod.InputMethodManagerService.showMySoftInput:4198 com.android.server.inputmethod.InputMethodManagerService.access$4100:189 
07-10 10:00:40.745 D/INSETS  ( 3835): else - Package Name ::  left : 0 right :: 0 top :: 0 bottom :: 0 dfu-right :: 1920 dfu-bottom :: 1080
07-10 10:00:40.745 D/INSETS  ( 3835): else - Package Name ::  left : 0 right :: 0 top :: 0 bottom :: 0 dfu-right :: 1920 dfu-bottom :: 1080
07-10 10:00:41.368 D/AutofillManagerService( 3835): onBackKeyPressed()
07-10 10:00:41.372 W/ContextImpl( 3835): Calling a method in the system process without a qualified user: android.app.ContextImpl.sendBroadcast:1111 com.android.server.inputmethod.InputMethodManagerService.sendSoftInputVisibilityBroadcast:3258 com.android.server.inputmethod.InputMethodManagerService.hideCurrentInputLocked:3330 com.android.server.inputmethod.InputMethodManagerService.hideMySoftInput:4180 com.android.server.inputmethod.InputMethodManagerService.access$4000:189 
07-10 10:00:41.382 D/INSETS  ( 3835): else - Package Name ::  left : 0 right :: 0 top :: 0 bottom :: 0 dfu-right :: 1920 dfu-bottom :: 1080
07-10 10:00:41.382 D/INSETS  ( 3835): else - Package Name ::  left : 0 right :: 0 top :: 0 bottom :: 0 dfu-right :: 1920 dfu-bottom :: 1080
07-10 10:00:41.401 D/INSETS  ( 3835): else - Package Name ::  left : 0 right :: 0 top :: 0 bottom :: 0 dfu-right :: 1920 dfu-bottom :: 1080
07-10 10:00:41.401 D/INSETS  ( 3835): else - Package Name ::  left : 0 right :: 0 top :: 0 bottom :: 0 dfu-right :: 1920 dfu-bottom :: 1080
07-10 10:00:41.405 D/INSETS  ( 3835): else - Package Name ::  left : 0 right :: 0 top :: 0 bottom :: 0 dfu-right :: 1920 dfu-bottom :: 1080
07-10 10:00:41.406 D/INSETS  ( 3835): else - Package Name ::  left : 0 right :: 0 top :: 0 bottom :: 0 dfu-right :: 1920 dfu-bottom :: 1080
07-10 10:00:41.623 D/INSETS  ( 3835): else - Package Name ::  left : 0 right :: 0 top :: 0 bottom :: 0 dfu-right :: 1920 dfu-bottom :: 1080
07-10 10:00:42.739 I/UsageStatsService( 3835): User[0] Flushing usage stats to disk
07-10 10:00:43.570 D/InputMethodManagerService( 3835): Top Package Name: in.startv.hotstar
07-10 10:00:43.576 W/ContextImpl( 3835): Calling a method in the system process without a qualified user: android.app.ContextImpl.sendBroadcast:1111 com.android.server.inputmethod.InputMethodManagerService.sendSoftInputVisibilityBroadcast:3258 com.android.server.inputmethod.InputMethodManagerService.showCurrentInputLocked:3231 com.android.server.inputmethod.InputMethodManagerService.showMySoftInput:4198 com.android.server.inputmethod.InputMethodManagerService.access$4100:189 
07-10 10:00:43.578 W/ContextImpl( 3835): Calling a method in the system process without a qualified user: android.app.ContextImpl.sendBroadcast:1111 com.android.server.inputmethod.InputMethodManagerService.sendSoftInputVisibilityBroadcast:3258 com.android.server.inputmethod.InputMethodManagerService.hideCurrentInputLocked:3330 com.android.server.inputmethod.InputMethodManagerService.hideSoftInput:3290 com.android.internal.view.IInputMethodManager$Stub.onTransact:325 
07-10 10:00:43.588 W/ContextImpl( 3835): Calling a method in the system process without a qualified user: android.app.ContextImpl.sendBroadcast:1111 com.android.server.inputmethod.InputMethodManagerService.sendSoftInputVisibilityBroadcast:3258 com.android.server.inputmethod.InputMethodManagerService.hideCurrentInputLocked:3330 com.android.server.inputmethod.InputMethodManagerService.hideSoftInput:3290 com.android.internal.view.IInputMethodManager$Stub.onTransact:325 
07-10 10:00:43.590 D/InputMethodManagerService( 3835): Top Package Name: in.startv.hotstar
07-10 10:00:43.597 W/ContextImpl( 3835): Calling a method in the system process without a qualified user: android.app.ContextImpl.sendBroadcast:1111 com.android.server.inputmethod.InputMethodManagerService.sendSoftInputVisibilityBroadcast:3258 com.android.server.inputmethod.InputMethodManagerService.showCurrentInputLocked:3231 com.android.server.inputmethod.InputMethodManagerService.showMySoftInput:4198 com.android.server.inputmethod.InputMethodManagerService.access$4100:189 
07-10 10:00:43.602 D/INSETS  ( 3835): else - Package Name ::  left : 0 right :: 0 top :: 0 bottom :: 0 dfu-right :: 1920 dfu-bottom :: 1080
07-10 10:00:43.613 W/ContextImpl( 3835): Calling a method in the system process without a qualified user: android.app.ContextImpl.sendBroadcast:1111 com.android.server.inputmethod.InputMethodManagerService.sendSoftInputVisibilityBroadcast:3258 com.android.server.inputmethod.InputMethodManagerService.hideCurrentInputLocked:3330 com.android.server.inputmethod.InputMethodManagerService.hideSoftInput:3290 com.android.internal.view.IInputMethodManager$Stub.onTransact:325 
07-10 10:00:43.659 D/InputMethodManagerService( 3835): Top Package Name: in.startv.hotstar
07-10 10:00:43.668 W/ContextImpl( 3835): Calling a method in the system process without a qualified user: android.app.ContextImpl.sendBroadcast:1111 com.android.server.inputmethod.InputMethodManagerService.sendSoftInputVisibilityBroadcast:3258 com.android.server.inputmethod.InputMethodManagerService.showCurrentInputLocked:3231 com.android.server.inputmethod.InputMethodManagerService.showMySoftInput:4198 com.android.server.inputmethod.InputMethodManagerService.access$4100:189 
07-10 10:00:43.686 D/InputMethodManagerService( 3835): Top Package Name: in.startv.hotstar
07-10 10:00:43.690 W/ContextImpl( 3835): Calling a method in the system process without a qualified user: android.app.ContextImpl.sendBroadcast:1111 com.android.server.inputmethod.InputMethodManagerService.sendSoftInputVisibilityBroadcast:3258 com.android.server.inputmethod.InputMethodManagerService.showCurrentInputLocked:3231 com.android.server.inputmethod.InputMethodManagerService.showMySoftInput:4198 com.android.server.inputmethod.InputMethodManagerService.access$4100:189 
07-10 10:00:43.701 D/InputMethodManagerService( 3835): Top Package Name: in.startv.hotstar
07-10 10:00:43.702 W/ContextImpl( 3835): Calling a method in the system process without a qualified user: android.app.ContextImpl.sendBroadcast:1111 com.android.server.inputmethod.InputMethodManagerService.sendSoftInputVisibilityBroadcast:3258 com.android.server.inputmethod.InputMethodManagerService.showCurrentInputLocked:3231 com.android.server.inputmethod.InputMethodManagerService.showMySoftInput:4198 com.android.server.inputmethod.InputMethodManagerService.access$4100:189 
07-10 10:00:43.751 D/INSETS  ( 3835): else - Package Name ::  left : 0 right :: 0 top :: 0 bottom :: 0 dfu-right :: 1920 dfu-bottom :: 1080
07-10 10:00:43.799 I/chatty  ( 3835): uid=1000(system) Binder:3835_D identical 1 line
07-10 10:00:43.799 D/INSETS  ( 3835): else - Package Name ::  left : 0 right :: 0 top :: 0 bottom :: 0 dfu-right :: 1920 dfu-bottom :: 1080
07-10 10:00:43.802 W/NotificationHistory( 3835): Attempted to add notif for locked/gone/disabled user 0
07-10 10:00:43.821 D/INSETS  ( 3835): else - Package Name ::  left : 0 right :: 0 top :: 0 bottom :: 0 dfu-right :: 1920 dfu-bottom :: 1080
07-10 10:00:43.823 D/INSETS  ( 3835): else - Package Name ::  left : 0 right :: 0 top :: 0 bottom :: 0 dfu-right :: 1920 dfu-bottom :: 1080
07-10 10:00:43.828 D/InputMethodManagerService( 3835): Top Package Name: in.startv.hotstar
07-10 10:00:43.828 W/ContextImpl( 3835): Calling a method in the system process without a qualified user: android.app.ContextImpl.sendBroadcast:1111 com.android.server.inputmethod.InputMethodManagerService.sendSoftInputVisibilityBroadcast:3258 com.android.server.inputmethod.InputMethodManagerService.showCurrentInputLocked:3231 com.android.server.inputmethod.InputMethodManagerService.showMySoftInput:4198 com.android.server.inputmethod.InputMethodManagerService.access$4100:189 
07-10 10:00:43.895 D/INSETS  ( 3835): else - Package Name ::  left : 0 right :: 0 top :: 0 bottom :: 0 dfu-right :: 1920 dfu-bottom :: 1080
07-10 10:00:43.899 D/INSETS  ( 3835): else - Package Name ::  left : 0 right :: 0 top :: 0 bottom :: 0 dfu-right :: 1920 dfu-bottom :: 1080
07-10 10:00:43.902 D/InputMethodManagerService( 3835): Top Package Name: in.startv.hotstar
07-10 10:00:43.903 W/ContextImpl( 3835): Calling a method in the system process without a qualified user: android.app.ContextImpl.sendBroadcast:1111 com.android.server.inputmethod.InputMethodManagerService.sendSoftInputVisibilityBroadcast:3258 com.android.server.inputmethod.InputMethodManagerService.showCurrentInputLocked:3231 com.android.server.inputmethod.InputMethodManagerService.attachNewInputLocked:2397 com.android.server.inputmethod.InputMethodManagerService.startInputUncheckedLocked:2503 
07-10 10:00:43.906 D/INSETS  ( 3835): else - Package Name ::  left : 0 right :: 0 top :: 0 bottom :: 0 dfu-right :: 1920 dfu-bottom :: 1080
07-10 10:00:43.907 D/INSETS  ( 3835): else - Package Name ::  left : 0 right :: 0 top :: 0 bottom :: 0 dfu-right :: 1920 dfu-bottom :: 1080
07-10 10:00:43.915 W/NotificationHistory( 3835): Attempted to add notif for locked/gone/disabled user 0
07-10 10:00:43.920 D/INSETS  ( 3835): else - Package Name ::  left : 0 right :: 0 top :: 0 bottom :: 0 dfu-right :: 1920 dfu-bottom :: 1080
07-10 10:00:43.920 D/INSETS  ( 3835): else - Package Name ::  left : 0 right :: 0 top :: 0 bottom :: 0 dfu-right :: 1920 dfu-bottom :: 1080
07-10 10:00:43.934 D/InputMethodManagerService( 3835): Top Package Name: in.startv.hotstar
07-10 10:00:43.935 W/ContextImpl( 3835): Calling a method in the system process without a qualified user: android.app.ContextImpl.sendBroadcast:1111 com.android.server.inputmethod.InputMethodManagerService.sendSoftInputVisibilityBroadcast:3258 com.android.server.inputmethod.InputMethodManagerService.showCurrentInputLocked:3231 com.android.server.inputmethod.InputMethodManagerService.showMySoftInput:4198 com.android.server.inputmethod.InputMethodManagerService.access$4100:189 
07-10 10:00:44.007 D/INSETS  ( 3835): else - Package Name ::  left : 0 right :: 0 top :: 0 bottom :: 0 dfu-right :: 1920 dfu-bottom :: 1080
07-10 10:00:44.007 D/INSETS  ( 3835): else - Package Name ::  left : 0 right :: 0 top :: 0 bottom :: 0 dfu-right :: 1920 dfu-bottom :: 1080
07-10 10:00:44.011 D/INSETS  ( 3835): else - Package Name ::  left : 0 right :: 0 top :: 0 bottom :: 0 dfu-right :: 1920 dfu-bottom :: 1080
07-10 10:00:44.011 D/INSETS  ( 3835): else - Package Name ::  left : 0 right :: 0 top :: 0 bottom :: 0 dfu-right :: 1920 dfu-bottom :: 1080
07-10 10:00:44.036 W/ContextImpl( 3835): Calling a method in the system process without a qualified user: android.app.ContextImpl.sendBroadcast:1111 com.android.server.inputmethod.InputMethodManagerService.sendSoftInputVisibilityBroadcast:3258 com.android.server.inputmethod.InputMethodManagerService.hideCurrentInputLocked:3330 com.android.server.inputmethod.InputMethodManagerService.hideMySoftInput:4180 com.android.server.inputmethod.InputMethodManagerService.access$4000:189 
07-10 10:00:44.055 D/INSETS  ( 3835): else - Package Name ::  left : 0 right :: 0 top :: 0 bottom :: 0 dfu-right :: 1920 dfu-bottom :: 1080
07-10 10:00:44.063 I/chatty  ( 3835): uid=1000(system) android.display identical 2 lines
07-10 10:00:44.064 D/INSETS  ( 3835): else - Package Name ::  left : 0 right :: 0 top :: 0 bottom :: 0 dfu-right :: 1920 dfu-bottom :: 1080
07-10 10:00:44.092 D/INSETS  ( 3835): else - Package Name ::  left : 0 right :: 0 top :: 0 bottom :: 0 dfu-right :: 1920 dfu-bottom :: 1080
07-10 10:00:44.092 D/INSETS  ( 3835): else - Package Name ::  left : 0 right :: 0 top :: 0 bottom :: 0 dfu-right :: 1920 dfu-bottom :: 1080
07-10 10:00:44.162 W/NotificationHistory( 3835): Attempted to add notif for locked/gone/disabled user 0
07-10 10:00:44.162 D/INSETS  ( 3835): else - Package Name ::  left : 0 right :: 0 top :: 0 bottom :: 0 dfu-right :: 1920 dfu-bottom :: 1080
07-10 10:00:44.163 D/INSETS  ( 3835): else - Package Name ::  left : 0 right :: 0 top :: 0 bottom :: 0 dfu-right :: 1920 dfu-bottom :: 1080
07-10 10:00:44.403 D/INSETS  ( 3835): else - Package Name ::  left : 0 right :: 0 top :: 0 bottom :: 0 dfu-right :: 1920 dfu-bottom :: 1080
07-10 10:00:46.495 D/INSETS  ( 3835): else - Package Name ::  left : 0 right :: 0 top :: 0 bottom :: 0 dfu-right :: 1920 dfu-bottom :: 1080
07-10 10:00:46.958 D/INSETS  ( 3835): else - Package Name ::  left : 0 right :: 0 top :: 0 bottom :: 0 dfu-right :: 1920 dfu-bottom :: 1080
07-10 10:00:52.857 I/UsageStatsService( 3835): User[0] Flushing usage stats to disk
07-10 10:01:43.338 I/chatty  ( 3835): uid=1000(system) android.bg identical 5 lines
07-10 10:01:53.429 I/UsageStatsService( 3835): User[0] Flushing usage stats to disk
07-10 10:01:55.346 D/AutofillManagerService( 3835): onBackKeyPressed()
07-10 10:01:55.618 D/INSETS  ( 3835): else - Package Name ::  left : 0 right :: 0 top :: 0 bottom :: 0 dfu-right :: 1920 dfu-bottom :: 1080
07-10 10:01:56.044 D/INSETS  ( 3835): else - Package Name ::  left : 0 right :: 0 top :: 0 bottom :: 0 dfu-right :: 1920 dfu-bottom :: 1080
07-10 10:01:57.144 D/AutofillManagerService( 3835): onBackKeyPressed()
07-10 10:01:58.335 D/InputMethodManagerService( 3835): Top Package Name: in.startv.hotstar
07-10 10:01:58.339 W/ContextImpl( 3835): Calling a method in the system process without a qualified user: android.app.ContextImpl.sendBroadcast:1111 com.android.server.inputmethod.InputMethodManagerService.sendSoftInputVisibilityBroadcast:3258 com.android.server.inputmethod.InputMethodManagerService.showCurrentInputLocked:3231 com.android.server.inputmethod.InputMethodManagerService.showSoftInput:3153 com.android.internal.view.IInputMethodManager$Stub.onTransact:304 
07-10 10:01:58.340 D/InputMethodManagerService( 3835): Top Package Name: in.startv.hotstar
07-10 10:01:58.341 W/ContextImpl( 3835): Calling a method in the system process without a qualified user: android.app.ContextImpl.sendBroadcast:1111 com.android.server.inputmethod.InputMethodManagerService.sendSoftInputVisibilityBroadcast:3258 com.android.server.inputmethod.InputMethodManagerService.showCurrentInputLocked:3231 com.android.server.inputmethod.InputMethodManagerService.showMySoftInput:4198 com.android.server.inputmethod.InputMethodManagerService.access$4100:189 
07-10 10:01:58.343 W/ContextImpl( 3835): Calling a method in the system process without a qualified user: android.app.ContextImpl.sendBroadcast:1111 com.android.server.inputmethod.InputMethodManagerService.sendSoftInputVisibilityBroadcast:3258 com.android.server.inputmethod.InputMethodManagerService.hideCurrentInputLocked:3330 com.android.server.inputmethod.InputMethodManagerService.hideMySoftInput:4180 com.android.server.inputmethod.InputMethodManagerService.access$4000:189 
07-10 10:01:58.361 D/InputMethodManagerService( 3835): Top Package Name: in.startv.hotstar
07-10 10:01:58.362 D/INSETS  ( 3835): else - Package Name ::  left : 0 right :: 0 top :: 0 bottom :: 0 dfu-right :: 1920 dfu-bottom :: 1080
07-10 10:01:58.364 I/chatty  ( 3835): uid=1000(system) Binder:3835_15 identical 2 lines
07-10 10:01:58.364 D/INSETS  ( 3835): else - Package Name ::  left : 0 right :: 0 top :: 0 bottom :: 0 dfu-right :: 1920 dfu-bottom :: 1080
07-10 10:01:58.369 W/ContextImpl( 3835): Calling a method in the system process without a qualified user: android.app.ContextImpl.sendBroadcast:1111 com.android.server.inputmethod.InputMethodManagerService.sendSoftInputVisibilityBroadcast:3258 com.android.server.inputmethod.InputMethodManagerService.showCurrentInputLocked:3231 com.android.server.inputmethod.InputMethodManagerService.showMySoftInput:4198 com.android.server.inputmethod.InputMethodManagerService.access$4100:189 
07-10 10:01:58.392 D/INSETS  ( 3835): else - Package Name ::  left : 0 right :: 0 top :: 0 bottom :: 0 dfu-right :: 1920 dfu-bottom :: 1080
07-10 10:01:58.396 I/chatty  ( 3835): uid=1000(system) android.anim identical 2 lines
07-10 10:01:58.397 D/INSETS  ( 3835): else - Package Name ::  left : 0 right :: 0 top :: 0 bottom :: 0 dfu-right :: 1920 dfu-bottom :: 1080
07-10 10:01:58.418 D/INSETS  ( 3835): else - Package Name ::  left : 0 right :: 0 top :: 0 bottom :: 0 dfu-right :: 1920 dfu-bottom :: 1080
07-10 10:01:58.419 D/INSETS  ( 3835): else - Package Name ::  left : 0 right :: 0 top :: 0 bottom :: 0 dfu-right :: 1920 dfu-bottom :: 1080
07-10 10:01:58.433 D/InputMethodManagerService( 3835): Top Package Name: in.startv.hotstar
07-10 10:01:58.433 W/ContextImpl( 3835): Calling a method in the system process without a qualified user: android.app.ContextImpl.sendBroadcast:1111 com.android.server.inputmethod.InputMethodManagerService.sendSoftInputVisibilityBroadcast:3258 com.android.server.inputmethod.InputMethodManagerService.showCurrentInputLocked:3231 com.android.server.inputmethod.InputMethodManagerService.showMySoftInput:4198 com.android.server.inputmethod.InputMethodManagerService.access$4100:189 
07-10 10:01:58.472 D/INSETS  ( 3835): else - Package Name ::  left : 0 right :: 0 top :: 0 bottom :: 0 dfu-right :: 1920 dfu-bottom :: 1080
07-10 10:01:58.472 D/INSETS  ( 3835): else - Package Name ::  left : 0 right :: 0 top :: 0 bottom :: 0 dfu-right :: 1920 dfu-bottom :: 1080
07-10 10:01:58.518 D/INSETS  ( 3835): else - Package Name ::  left : 0 right :: 0 top :: 0 bottom :: 0 dfu-right :: 1920 dfu-bottom :: 1080
07-10 10:01:58.518 I/chatty  ( 3835): uid=1000(system) Binder:3835_15 identical 1 line
07-10 10:01:58.519 D/INSETS  ( 3835): else - Package Name ::  left : 0 right :: 0 top :: 0 bottom :: 0 dfu-right :: 1920 dfu-bottom :: 1080
07-10 10:01:58.532 D/INSETS  ( 3835): else - Package Name ::  left : 0 right :: 0 top :: 0 bottom :: 0 dfu-right :: 1920 dfu-bottom :: 1080
07-10 10:01:58.532 I/chatty  ( 3835): uid=1000(system) android.anim identical 1 line
07-10 10:01:58.533 D/INSETS  ( 3835): else - Package Name ::  left : 0 right :: 0 top :: 0 bottom :: 0 dfu-right :: 1920 dfu-bottom :: 1080
07-10 10:01:58.534 D/InputMethodManagerService( 3835): Top Package Name: in.startv.hotstar
07-10 10:01:58.536 W/ContextImpl( 3835): Calling a method in the system process without a qualified user: android.app.ContextImpl.sendBroadcast:1111 com.android.server.inputmethod.InputMethodManagerService.sendSoftInputVisibilityBroadcast:3258 com.android.server.inputmethod.InputMethodManagerService.showCurrentInputLocked:3231 com.android.server.inputmethod.InputMethodManagerService.showMySoftInput:4198 com.android.server.inputmethod.InputMethodManagerService.access$4100:189 
07-10 10:01:58.541 D/InputMethodManagerService( 3835): Top Package Name: in.startv.hotstar
07-10 10:01:58.542 W/ContextImpl( 3835): Calling a method in the system process without a qualified user: android.app.ContextImpl.sendBroadcast:1111 com.android.server.inputmethod.InputMethodManagerService.sendSoftInputVisibilityBroadcast:3258 com.android.server.inputmethod.InputMethodManagerService.showCurrentInputLocked:3231 com.android.server.inputmethod.InputMethodManagerService.showMySoftInput:4198 com.android.server.inputmethod.InputMethodManagerService.access$4100:189 
07-10 10:01:58.549 D/INSETS  ( 3835): else - Package Name ::  left : 0 right :: 0 top :: 0 bottom :: 0 dfu-right :: 1920 dfu-bottom :: 1080
07-10 10:01:58.557 I/chatty  ( 3835): uid=1000(system) android.display identical 4 lines
07-10 10:01:58.558 D/INSETS  ( 3835): else - Package Name ::  left : 0 right :: 0 top :: 0 bottom :: 0 dfu-right :: 1920 dfu-bottom :: 1080
07-10 10:01:58.565 W/NotificationHistory( 3835): Attempted to add notif for locked/gone/disabled user 0
07-10 10:01:58.615 D/INSETS  ( 3835): else - Package Name ::  left : 0 right :: 0 top :: 0 bottom :: 0 dfu-right :: 1920 dfu-bottom :: 1080
07-10 10:01:58.616 I/chatty  ( 3835): uid=1000(system) Binder:3835_1 identical 1 line
07-10 10:01:58.618 D/INSETS  ( 3835): else - Package Name ::  left : 0 right :: 0 top :: 0 bottom :: 0 dfu-right :: 1920 dfu-bottom :: 1080
07-10 10:01:58.749 W/NotificationHistory( 3835): Attempted to add notif for locked/gone/disabled user 0
07-10 10:01:59.317 D/InputMethodManagerService( 3835): Top Package Name: in.startv.hotstar
07-10 10:01:59.318 W/ContextImpl( 3835): Calling a method in the system process without a qualified user: android.app.ContextImpl.sendBroadcast:1111 com.android.server.inputmethod.InputMethodManagerService.sendSoftInputVisibilityBroadcast:3258 com.android.server.inputmethod.InputMethodManagerService.showCurrentInputLocked:3231 com.android.server.inputmethod.InputMethodManagerService.attachNewInputLocked:2397 com.android.server.inputmethod.InputMethodManagerService.startInputUncheckedLocked:2503 
07-10 10:01:59.322 D/InputMethodManagerService( 3835): Top Package Name: in.startv.hotstar
07-10 10:01:59.322 W/ContextImpl( 3835): Calling a method in the system process without a qualified user: android.app.ContextImpl.sendBroadcast:1111 com.android.server.inputmethod.InputMethodManagerService.sendSoftInputVisibilityBroadcast:3258 com.android.server.inputmethod.InputMethodManagerService.showCurrentInputLocked:3231 com.android.server.inputmethod.InputMethodManagerService.showMySoftInput:4198 com.android.server.inputmethod.InputMethodManagerService.access$4100:189 
07-10 10:01:59.334 D/INSETS  ( 3835): else - Package Name ::  left : 0 right :: 0 top :: 0 bottom :: 0 dfu-right :: 1920 dfu-bottom :: 1080
07-10 10:01:59.335 I/chatty  ( 3835): uid=1000(system) Binder:3835_10 identical 1 line
07-10 10:01:59.336 D/INSETS  ( 3835): else - Package Name ::  left : 0 right :: 0 top :: 0 bottom :: 0 dfu-right :: 1920 dfu-bottom :: 1080
07-10 10:01:59.463 D/InputMethodManagerService( 3835): Top Package Name: in.startv.hotstar
07-10 10:01:59.465 W/ContextImpl( 3835): Calling a method in the system process without a qualified user: android.app.ContextImpl.sendBroadcast:1111 com.android.server.inputmethod.InputMethodManagerService.sendSoftInputVisibilityBroadcast:3258 com.android.server.inputmethod.InputMethodManagerService.showCurrentInputLocked:3231 com.android.server.inputmethod.InputMethodManagerService.showMySoftInput:4198 com.android.server.inputmethod.InputMethodManagerService.access$4100:189 
07-10 10:01:59.480 D/INSETS  ( 3835): else - Package Name ::  left : 0 right :: 0 top :: 0 bottom :: 0 dfu-right :: 1920 dfu-bottom :: 1080
07-10 10:01:59.499 I/chatty  ( 3835): uid=1000(system) android.anim identical 2 lines
07-10 10:01:59.500 D/INSETS  ( 3835): else - Package Name ::  left : 0 right :: 0 top :: 0 bottom :: 0 dfu-right :: 1920 dfu-bottom :: 1080
07-10 10:02:00.056 D/InputMethodManagerService( 3835): Top Package Name: in.startv.hotstar
07-10 10:02:00.057 W/ContextImpl( 3835): Calling a method in the system process without a qualified user: android.app.ContextImpl.sendBroadcast:1111 com.android.server.inputmethod.InputMethodManagerService.sendSoftInputVisibilityBroadcast:3258 com.android.server.inputmethod.InputMethodManagerService.showCurrentInputLocked:3231 com.android.server.inputmethod.InputMethodManagerService.attachNewInputLocked:2397 com.android.server.inputmethod.InputMethodManagerService.startInputUncheckedLocked:2503 
07-10 10:02:00.060 D/InputMethodManagerService( 3835): Top Package Name: in.startv.hotstar
07-10 10:02:00.061 W/ContextImpl( 3835): Calling a method in the system process without a qualified user: android.app.ContextImpl.sendBroadcast:1111 com.android.server.inputmethod.InputMethodManagerService.sendSoftInputVisibilityBroadcast:3258 com.android.server.inputmethod.InputMethodManagerService.showCurrentInputLocked:3231 com.android.server.inputmethod.InputMethodManagerService.showMySoftInput:4198 com.android.server.inputmethod.InputMethodManagerService.access$4100:189 
07-10 10:02:00.078 D/INSETS  ( 3835): else - Package Name ::  left : 0 right :: 0 top :: 0 bottom :: 0 dfu-right :: 1920 dfu-bottom :: 1080
07-10 10:02:00.079 D/INSETS  ( 3835): else - Package Name ::  left : 0 right :: 0 top :: 0 bottom :: 0 dfu-right :: 1920 dfu-bottom :: 1080
07-10 10:02:00.090 D/InputMethodManagerService( 3835): Top Package Name: in.startv.hotstar
07-10 10:02:00.091 W/ContextImpl( 3835): Calling a method in the system process without a qualified user: android.app.ContextImpl.sendBroadcast:1111 com.android.server.inputmethod.InputMethodManagerService.sendSoftInputVisibilityBroadcast:3258 com.android.server.inputmethod.InputMethodManagerService.showCurrentInputLocked:3231 com.android.server.inputmethod.InputMethodManagerService.showMySoftInput:4198 com.android.server.inputmethod.InputMethodManagerService.access$4100:189 
