07-02 10:46:44.602 W/pool-7-thread-1( 6918): type=1400 audit(0.0:2707): avc: denied { read } for name="arp" dev="proc" ino=4026531984 scontext=u:r:untrusted_app_27:s0:c76,c256,c512,c768 tcontext=u:object_r:proc_net:s0 tclass=file permissive=0 app=com.jio.myhome.mediasharedmp
07-02 10:46:44.610 W/pool-7-thread-1( 6918): type=1400 audit(0.0:2708): avc: denied { read } for name="arp" dev="proc" ino=4026531984 scontext=u:r:untrusted_app_27:s0:c76,c256,c512,c768 tcontext=u:object_r:proc_net:s0 tclass=file permissive=0 app=com.jio.myhome.mediasharedmp
07-02 10:46:44.622 D/com.jiohome.bleserveradv.service.BluetoothController( 6294): start Advertise
07-02 10:46:44.623 D/BluetoothAdapter( 6294): isLeEnabled(): ON
07-02 10:46:44.625 D/BluetoothAdapter( 6294): isLeEnabled(): ON
07-02 10:46:44.629 D/BluetoothAdapterService( 3948): getAdapterService() - returning com.android.bluetooth.btservice.AdapterService@c162e96
07-02 10:46:44.635 E/bt_stack( 3948): [ERROR:btm_ble_multi_adv.cc(425)] setting parameters failed, status: 12
07-02 10:46:44.637 D/com.jiohome.bleserveradv.service.BluetoothController( 6294): Restart onStartFailure 12
07-02 10:46:44.637 E/com.jiohome.bleserveradv.service.BluetoothController( 6294): Restart onStartFailure 12
07-02 10:46:44.642 I/adbd    ( 3738): opening control endpoint /dev/usb-ffs/adb/ep0
07-02 10:46:44.645 I/adbd    ( 3738): UsbFfsConnection constructed
07-02 10:46:44.646 I/adbd    ( 3738): UsbFfs-monitor thread spawned
07-02 10:46:44.825 D/JioLauncher(12451): isInternetAvailable-method-response-204
07-02 10:46:44.828 D/JioLauncher(12451): isMulticastReceiver-Connected-to-5GHz-Wi-Fi-network
07-02 10:46:44.850 W/pool-7-thread-1( 6918): type=1400 audit(0.0:2709): avc: denied { read } for name="arp" dev="proc" ino=4026531984 scontext=u:r:untrusted_app_27:s0:c76,c256,c512,c768 tcontext=u:object_r:proc_net:s0 tclass=file permissive=0 app=com.jio.myhome.mediasharedmp
07-02 10:46:44.896 E/rtk_heartbeat( 3550): heartbeat_timed_out: @bbb heartbeatCmdCount = 2570, expected nextSeqNum = 2570
07-02 10:46:44.897 I/rtk_heartbeat( 3550): rtkbt_heartbeat_cmpl_cback: @bbb Current SeqNum = 2570,should SeqNum=2570, status = 0
07-02 10:46:45.077 D/JioAppOptimizer( 4820): AppOptimizerService :: handleMessage()
07-02 10:46:45.080 D/JioAppOptimizer( 4820): AppOptimizerService :: handleMessage() : Foreground Package=in.startv.hotstar
07-02 10:46:45.080 D/JioAppOptimizer( 4820): AppOptimizerService :: handleMessage() : Free memory available in MB : 477.96484375
07-02 10:46:45.080 D/JioAppOptimizer( 4820): AppOptimizerService :: handleMessage() : checkAndRemoveBackgroundApps()
07-02 10:46:45.081 D/JioAppOptimizer( 4820): AppOptimizerService :: checkAndRemoveBackgroundApps()
07-02 10:46:45.615 I/ThermalService( 4132): CPU temperatures: [53.7]
07-02 10:46:45.647 W/adbd    ( 3738): timed out while waiting for FUNCTIONFS_BIND, trying again
07-02 10:46:45.647 I/adbd    ( 3738): UsbFfs: connection terminated: monitor thread finished
07-02 10:46:45.647 I/adbd    ( 3738): UsbFfs: already offline
07-02 10:46:45.648 I/adbd    ( 3738): destroying transport UsbFfs
07-02 10:46:45.648 I/adbd    ( 3738): UsbFfsConnection being destroyed
07-02 10:46:45.681 I/adbd    ( 3738): opening control endpoint /dev/usb-ffs/adb/ep0
07-02 10:46:45.683 I/adbd    ( 3738): UsbFfsConnection constructed
07-02 10:46:45.684 I/adbd    ( 3738): UsbFfs-monitor thread spawned
07-02 10:46:45.896 E/rtk_heartbeat( 3550): heartbeat_timed_out: @bbb heartbeatCmdCount = 2571, expected nextSeqNum = 2571
07-02 10:46:45.897 I/rtk_heartbeat( 3550): rtkbt_heartbeat_cmpl_cback: @bbb Current SeqNum = 2571,should SeqNum=2571, status = 0
07-02 10:46:46.354 I/.startv.hotsta(21797): oneway function results will be dropped but finished with status OK and parcel size 4
07-02 10:46:46.356 I/e.swalekh.abct( 4482): oneway function results will be dropped but finished with status OK and parcel size 4
07-02 10:46:46.411 I/chatty  ( 4777): uid=1000(system) Binder:4777_2 expire 65 lines
07-02 10:46:46.419 I/chatty  ( 4777): uid=1000(system) com.iwedia.comedia.service expire 1 line
07-02 10:46:46.685 W/adbd    ( 3738): timed out while waiting for FUNCTIONFS_BIND, trying again
07-02 10:46:46.685 I/adbd    ( 3738): UsbFfs: connection terminated: monitor thread finished
07-02 10:46:46.685 I/adbd    ( 3738): UsbFfs: already offline
07-02 10:46:46.686 I/adbd    ( 3738): destroying transport UsbFfs
07-02 10:46:46.686 I/adbd    ( 3738): UsbFfsConnection being destroyed
07-02 10:46:46.721 I/adbd    ( 3738): opening control endpoint /dev/usb-ffs/adb/ep0
07-02 10:46:46.723 I/adbd    ( 3738): UsbFfsConnection constructed
07-02 10:46:46.723 I/adbd    ( 3738): UsbFfs-monitor thread spawned
07-02 10:46:46.896 E/rtk_heartbeat( 3550): heartbeat_timed_out: @bbb heartbeatCmdCount = 2572, expected nextSeqNum = 2572
07-02 10:46:46.898 I/rtk_heartbeat( 3550): rtkbt_heartbeat_cmpl_cback: @bbb Current SeqNum = 2572,should SeqNum=2572, status = 0
07-02 10:46:47.428 I/chatty  ( 4777): uid=1000(system) com.iwedia.comedia.service expire 4 lines
07-02 10:46:47.430 I/chatty  ( 4777): uid=1000(system) com.iwedia.comedia.service expire 1 line
07-02 10:46:47.431 I/chatty  ( 4777): uid=1000(system) com.iwedia.comedia.service expire 1 line
07-02 10:46:47.619 I/ThermalService( 4132): CPU temperatures: [53.4]
07-02 10:46:47.725 W/adbd    ( 3738): timed out while waiting for FUNCTIONFS_BIND, trying again
07-02 10:46:47.725 I/adbd    ( 3738): UsbFfs: connection terminated: monitor thread finished
07-02 10:46:47.725 I/adbd    ( 3738): UsbFfs: already offline
07-02 10:46:47.725 I/adbd    ( 3738): destroying transport UsbFfs
07-02 10:46:47.725 I/adbd    ( 3738): UsbFfsConnection being destroyed
07-02 10:46:47.757 I/adbd    ( 3738): opening control endpoint /dev/usb-ffs/adb/ep0
07-02 10:46:47.759 I/adbd    ( 3738): UsbFfsConnection constructed
07-02 10:46:47.759 I/adbd    ( 3738): UsbFfs-monitor thread spawned
07-02 10:46:47.832 I/chatty  ( 4777): uid=1000(system) Thread-2 expire 14 lines
07-02 10:46:47.897 E/rtk_heartbeat( 3550): heartbeat_timed_out: @bbb heartbeatCmdCount = 2573, expected nextSeqNum = 2573
07-02 10:46:47.898 I/rtk_heartbeat( 3550): rtkbt_heartbeat_cmpl_cback: @bbb Current SeqNum = 2573,should SeqNum=2573, status = 0
07-02 10:46:48.409 I/.startv.hotsta(21797): oneway function results will be dropped but finished with status OK and parcel size 4
07-02 10:46:48.411 I/e.swalekh.abct( 4482): oneway function results will be dropped but finished with status OK and parcel size 4
07-02 10:46:48.486 I/chatty  ( 4107): uid=1000(system) com.jiostb.inactivitytimer expire 11 lines
07-02 10:46:48.760 W/adbd    ( 3738): timed out while waiting for FUNCTIONFS_BIND, trying again
07-02 10:46:48.761 I/adbd    ( 3738): UsbFfs: connection terminated: monitor thread finished
07-02 10:46:48.761 I/adbd    ( 3738): UsbFfs: already offline
07-02 10:46:48.761 I/adbd    ( 3738): destroying transport UsbFfs
07-02 10:46:48.761 I/adbd    ( 3738): UsbFfsConnection being destroyed
07-02 10:46:48.801 I/adbd    ( 3738): opening control endpoint /dev/usb-ffs/adb/ep0
07-02 10:46:48.803 I/adbd    ( 3738): UsbFfsConnection constructed
07-02 10:46:48.804 I/adbd    ( 3738): UsbFfs-monitor thread spawned
07-02 10:46:48.897 E/rtk_heartbeat( 3550): heartbeat_timed_out: @bbb heartbeatCmdCount = 2574, expected nextSeqNum = 2574
07-02 10:46:48.898 I/rtk_heartbeat( 3550): rtkbt_heartbeat_cmpl_cback: @bbb Current SeqNum = 2574,should SeqNum=2574, status = 0
07-02 10:46:48.971 D/TimestampAdjuster(21797): Providing adjuster for mimeType  disc: 0 useAudioTimestampAdjuster false
07-02 10:46:48.977 V/AvrcpMediaPlayerWrapper( 3948): onPlaybackStateChanged(): in.startv.hotstar : PlaybackState {state=6, position=0, buffered position=0, speed=0.0, updated=2595954, actions=2359815, custom actions=[], active item id=1, error=null}
07-02 10:46:48.978 W/AvrcpMediaPlayerWrapper( 3948): onPlaybackStateChanged(): in.startv.hotstar tried to update with no new data
07-02 10:46:48.978 D/BasicMediaStatusFactory(21797): Supported media session actions: 2359815
07-02 10:46:48.981 V/AvrcpMediaPlayerWrapper( 3948): trySendMediaUpdate(): Metadata has been updated for in.startv.hotstar
07-02 10:46:48.981 D/AvrcpMediaPlayerList( 3948): sendMediaUpdate
07-02 10:46:48.981 I/AvrcpMediaPlayerList( 3948): sendMediaUpdate: Creating a one item queue for a player with no queue
07-02 10:46:48.982 D/AvrcpMediaPlayerList( 3948): sendMediaUpdate state=PlaybackState {state=6, position=0, buffered position=0, speed=0.0, updated=2595954, actions=2359815, custom actions=[], active item id=1, error=null}
07-02 10:46:48.982 D/AvrcpTargetService( 3948): onMediaUpdated: track_changed=false state=false queue=false
07-02 10:46:48.982 D/AvrcpNativeInterface( 3948): sendMediaUpdate: metadata=false playStatus=false queue=false
07-02 10:46:48.982 D/AvrcpTargetJni( 3948): sendMediaUpdateNative
07-02 10:46:48.982 I/bt_stack( 3948): [INFO:avrcp_service.cc(346)] virtual void bluetooth::avrcp::AvrcpService::SendMediaUpdate(bool, bool, bool) track_changed=0 :  play_state=0 :  queue=0
07-02 10:46:48.984 D/BasicMediaStatusFactory(21797): Supported media session actions: 2359815
07-02 10:46:49.061 I/JioBackgroundSchedulerService( 6271): Check schedule  
07-02 10:46:49.070 I/OMXClient(21797): IOmx service obtained
07-02 10:46:49.071 I/chatty  ( 3697): uid=1046(mediacodec) HwBinder:3697_5 expire 199 lines
07-02 10:46:49.091 D/MediaCodec(21797): flushMediametrics
07-02 10:46:49.091 D/SurfaceUtils(21797): connecting to surface 0xb9500408, reason connectToSurface
07-02 10:46:49.092 I/MediaCodec(21797): [OMX.amlogic.avc.decoder.awesome2] setting surface generation to 22320154
07-02 10:46:49.092 D/SurfaceUtils(21797): disconnecting from surface 0xb9500408, reason connectToSurface(reconnect)
07-02 10:46:49.093 D/SurfaceUtils(21797): connecting to surface 0xb9500408, reason connectToSurface(reconnect)
07-02 10:46:49.096 I/AmAVUtils(21797): AmAVUtils::getComponentRole isEncoder :0 mime:video/avc 
07-02 10:46:49.096 V/MediaVendorExt(21797): AVUtils::getComponentRole
07-02 10:46:49.096 I/MediaVendorExt(21797): AmAVUtils::getComponentRole isEncoder :0 mime:video/avc 
07-02 10:46:49.099 E/ACodec  (21797): [OMX.amlogic.avc.decoder.awesome2] setPortMode on output to DynamicANWBuffer failed w/ err -2147483648
07-02 10:46:49.103 I/chatty  ( 3697): uid=1046(mediacodec) HwBinder:3697_3 expire 89 lines
07-02 10:46:49.102 I/chatty  ( 3697): uid=1046(mediacodec) omx@1.0-service expire 4 lines
07-02 10:46:49.109 I/AmAVUtils(21797): AmAVUtils::isAudioExtendFormat input = video/avc
07-02 10:46:49.109 I/AmAVUtils(21797): AmAVUtils::isExtendFormat input = video/avc
07-02 10:46:49.110 I/ACodec  (21797): codec does not support config priority (err -1010)
07-02 10:46:49.120 I/chatty  ( 3697): uid=1046(mediacodec) HwBinder:3697_4 expire 57 lines
07-02 10:46:49.127 I/chatty  ( 3697): uid=1046(mediacodec) omx@1.0-service expire 57 lines
07-02 10:46:49.136 D/SurfaceUtils(21797): disconnecting from surface 0xb9500408, reason setNativeWindowSizeFormatAndUsage
07-02 10:46:49.136 D/SurfaceUtils(21797): connecting to surface 0xb9500408, reason setNativeWindowSizeFormatAndUsage
07-02 10:46:49.138 D/SurfaceUtils(21797): set up nativeWindow 0xb9500408 for 1920x1080, color 0x11, rotation 0, usage 0x402933
07-02 10:46:49.142 W/gralloc4(21797): Buffer descriptor with invalid usage bits 0x2000
07-02 10:46:49.144 W/gralloc4(21797): Buffer descriptor with invalid usage bits 0x2000
07-02 10:46:49.147 W/gralloc4(21797): Buffer descriptor with invalid usage bits 0x2000
07-02 10:46:49.150 W/gralloc4(21797): Buffer descriptor with invalid usage bits 0x2000
07-02 10:46:49.152 W/gralloc4(21797): Buffer descriptor with invalid usage bits 0x2000
07-02 10:46:49.154 W/gralloc4(21797): Buffer descriptor with invalid usage bits 0x2000
07-02 10:46:49.156 W/gralloc4(21797): Buffer descriptor with invalid usage bits 0x2000
07-02 10:46:49.158 W/gralloc4(21797): Buffer descriptor with invalid usage bits 0x2000
07-02 10:46:49.161 I/chatty  ( 4777): uid=1000(system) Thread-2 expire 33 lines
07-02 10:46:49.163 W/ResourceManagerService( 3687): Ignoring request to add new resource entry with value <= 0
07-02 10:46:49.170 D/CCodec  (21797): allocate(c2.android.aac.decoder)
07-02 10:46:49.182 I/CCodec  (21797): Created component [c2.android.aac.decoder]
07-02 10:46:49.182 I/chatty  ( 3697): uid=1046(mediacodec) omx@1.0-service expire 9 lines
07-02 10:46:49.184 D/CCodecConfig(21797): read media type: audio/mp4a-latm
07-02 10:46:49.192 D/ReflectedParamUpdater(21797): extent() != 1 for single value type: algo.buffers.max-count.values
07-02 10:46:49.193 D/ReflectedParamUpdater(21797): extent() != 1 for single value type: output.subscribed-indices.values
07-02 10:46:49.194 D/ReflectedParamUpdater(21797): extent() != 1 for single value type: input.buffers.allocator-ids.values
07-02 10:46:49.196 D/ReflectedParamUpdater(21797): extent() != 1 for single value type: output.buffers.allocator-ids.values
07-02 10:46:49.199 D/ReflectedParamUpdater(21797): extent() != 1 for single value type: algo.buffers.allocator-ids.values
07-02 10:46:49.201 D/ReflectedParamUpdater(21797): extent() != 1 for single value type: output.buffers.pool-ids.values
07-02 10:46:49.201 D/ReflectedParamUpdater(21797): extent() != 1 for single value type: algo.buffers.pool-ids.values
07-02 10:46:49.210 I/CCodecConfig(21797): query failed after returning 19 values (BAD_INDEX)
07-02 10:46:49.210 D/CCodecConfig(21797): c2 config diff is Dict {
07-02 10:46:49.210 D/CCodecConfig(21797):   c2::u32 coded.aac-packaging.value = 0
07-02 10:46:49.210 D/CCodecConfig(21797):   c2::u32 coded.bitrate.value = 64000
07-02 10:46:49.210 D/CCodecConfig(21797):   c2::u32 coded.pl.level = 0
07-02 10:46:49.210 D/CCodecConfig(21797):   c2::u32 coded.pl.profile = 8192
07-02 10:46:49.210 D/CCodecConfig(21797):   c2::i32 coding.drc.album-mode.value = 0
07-02 10:46:49.210 D/CCodecConfig(21797):   c2::float coding.drc.attenuation-factor.value = 1
07-02 10:46:49.210 D/CCodecConfig(21797):   c2::float coding.drc.boost-factor.value = 1
07-02 10:46:49.210 D/CCodecConfig(21797):   c2::i32 coding.drc.compression-mode.value = 3
07-02 10:46:49.210 D/CCodecConfig(21797):   c2::i32 coding.drc.effect-type.value = 3
07-02 10:46:49.210 D/CCodecConfig(21797):   c2::float coding.drc.encoded-level.value = 0.25
07-02 10:46:49.210 D/CCodecConfig(21797):   c2::float coding.drc.reference-level.value = -16
07-02 10:46:49.210 D/CCodecConfig(21797):   c2::u32 input.buffers.max-size.value = 8192
07-02 10:46:49.210 D/CCodecConfig(21797):   c2::u32 input.delay.value = 0
07-02 10:46:49.210 D/CCodecConfig(21797):   string input.media-type.value = "audio/mp4a-latm"
07-02 10:46:49.210 D/CCodecConfig(21797):   c2::u32 output.delay.value = 2
07-02 10:46:49.210 D/CCodecConfig(21797):   c2::float output.drc.output-loudness.value = 0.25
07-02 10:46:49.210 D/CCodecConfig(21797):   string output.media-type.value = "audio/raw"
07-02 10:46:49.210 D/CCodecConfig(21797):   c2::u32 raw.channel-count.value = 1
07-02 10:46:49.210 D/CCodecConfig(21797):   c2::u32 raw.max-channel-count.value = 8
07-02 10:46:49.210 D/CCodecConfig(21797):   c2::u32 raw.sample-rate.value = 44100
07-02 10:46:49.210 D/CCodecConfig(21797): }
07-02 10:46:49.214 D/MediaCodec(21797): flushMediametrics
07-02 10:46:49.215 D/CCodec  (21797): [c2.android.aac.decoder] buffers are bound to CCodec for this session
07-02 10:46:49.215 D/CCodecConfig(21797): no c2 equivalents for flags
07-02 10:46:49.217 D/CCodecConfig(21797): c2 config diff is   c2::u32 raw.channel-count.value = 2
07-02 10:46:49.217 D/CCodecConfig(21797):   c2::u32 raw.sample-rate.value = 48000
07-02 10:46:49.220 W/Codec2Client(21797): query -- param skipped: index = 1107298332.
07-02 10:46:49.221 D/CCodec  (21797): setup formats input: AMessage(what = 0x00000000) = {
07-02 10:46:49.221 D/CCodec  (21797):   int32_t aac-drc-album-mode = 0
07-02 10:46:49.221 D/CCodec  (21797):   int32_t aac-drc-boost-level = 127
07-02 10:46:49.221 D/CCodec  (21797):   int32_t aac-drc-cut-level = 127
07-02 10:46:49.221 D/CCodec  (21797):   int32_t aac-drc-effect-type = 3
07-02 10:46:49.221 D/CCodec  (21797):   int32_t aac-drc-heavy-compression = 3
07-02 10:46:49.221 D/CCodec  (21797):   int32_t aac-encoded-target-level = -1
07-02 10:46:49.221 D/CCodec  (21797):   int32_t aac-max-output-channel_count = 8
07-02 10:46:49.221 D/CCodec  (21797):   int32_t aac-target-ref-level = 64
07-02 10:46:49.221 D/CCodec  (21797):   int32_t channel-count = 2
07-02 10:46:49.221 D/CCodec  (21797):   int32_t level = 0
07-02 10:46:49.221 D/CCodec  (21797):   int32_t max-input-size = 8192
07-02 10:46:49.221 D/CCodec  (21797):   string mime = "audio/mp4a-latm"
07-02 10:46:49.221 D/CCodec  (21797):   int32_t profile = 2
07-02 10:46:49.221 D/CCodec  (21797):   int32_t sample-rate = 48000
07-02 10:46:49.221 D/CCodec  (21797): } and output: AMessage(what = 0x00000000) = {
07-02 10:46:49.221 D/CCodec  (21797):   int32_t aac-drc-album-mode = 0
07-02 10:46:49.221 D/CCodec  (21797):   int32_t aac-drc-boost-level = 127
07-02 10:46:49.221 D/CCodec  (21797):   int32_t aac-drc-cut-level = 127
07-02 10:46:49.221 D/CCodec  (21797):   int32_t aac-drc-effect-type = 3
07-02 10:46:49.221 D/CCodec  (21797):   int32_t aac-drc-heavy-compression = 3
07-02 10:46:49.221 D/CCodec  (21797):   int32_t aac-drc-output-loudness = -1
07-02 10:46:49.221 D/CCodec  (21797):   int32_t aac-encoded-target-level = -1
07-02 10:46:49.221 D/CCodec  (21797):   int32_t aac-max-output-channel_count = 8
07-02 10:46:49.221 D/CCodec  (21797):   int32_t aac-target-ref-level = 64
07-02 10:46:49.221 D/CCodec  (21797):   int32_t channel-count = 2
07-02 10:46:49.221 D/CCodec  (21797):   string mime = "audio/raw"
07-02 10:46:49.221 D/CCodec  (21797):   int32_t sample-rate = 48000
07-02 10:46:49.221 D/CCodec  (21797): }
07-02 10:46:49.224 W/Codec2Client(21797): query -- param skipped: index = 1342179345.
07-02 10:46:49.224 W/Codec2Client(21797): query -- param skipped: index = 2415921170.
07-02 10:46:49.224 W/Codec2Client(21797): query -- param skipped: index = 1610614798.
07-02 10:46:49.225 E/FMQ     (21797): grantorIdx must be less than 3
07-02 10:46:49.225 E/FMQ     (21797): grantorIdx must be less than 3
07-02 10:46:49.225 D/CCodecBufferChannel(21797): [c2.android.aac.decoder#757] Created input block pool with allocatorID 16 => poolID 47 - OK (0)
07-02 10:46:49.225 I/chatty  ( 3709): uid=1046(mediacodec) HwBinder:3709_2 expire 2 lines
07-02 10:46:49.228 D/BufferPoolAccessor2.0(21797): bufferpool2 0xa19d5818 : 0(0 size) total buffers - 0(0 size) used buffers - 1/6 (recycle/alloc) - 5/92 (fetch/transfer)
07-02 10:46:49.228 D/BufferPoolAccessor2.0(21797): Destruction - bufferpool2 0xa19d5818 cached: 0/0M, 0/0% in use; allocs: 6, 17% recycled; transfers: 92, 95% unfetched
07-02 10:46:49.228 I/CCodecBufferChannel(21797): [c2.android.aac.decoder#757] Created output block pool with allocatorID 16 => poolID 70 - OK
07-02 10:46:49.228 D/CCodecBufferChannel(21797): [c2.android.aac.decoder#757] Configured output block pool ids 70 => OK
07-02 10:46:49.230 I/chatty  ( 3709): uid=1046(mediacodec) mediaswcodec expire 6 lines
07-02 10:46:49.233 E/FMQ     (21797): grantorIdx must be less than 3
07-02 10:46:49.245 E/FMQ     (21797): grantorIdx must be less than 3
07-02 10:46:49.250 D/CCodecConfig(21797): c2 config diff is   c2::i32 coding.drc.compression-mode.value = 1
07-02 10:46:49.251 D/CCodecBuffers(21797): [c2.android.aac.decoder#757:Output[N]] popFromStashAndRegister: output format changed to AMessage(what = 0x00000000) = {
07-02 10:46:49.251 D/CCodecBuffers(21797):   int32_t aac-drc-album-mode = 0
07-02 10:46:49.251 D/CCodecBuffers(21797):   int32_t aac-drc-boost-level = 127
07-02 10:46:49.251 D/CCodecBuffers(21797):   int32_t aac-drc-cut-level = 127
07-02 10:46:49.251 D/CCodecBuffers(21797):   int32_t aac-drc-effect-type = 3
07-02 10:46:49.251 D/CCodecBuffers(21797):   int32_t aac-drc-heavy-compression = 1
07-02 10:46:49.251 D/CCodecBuffers(21797):   int32_t aac-drc-output-loudness = -1
07-02 10:46:49.251 D/CCodecBuffers(21797):   int32_t aac-encoded-target-level = -1
07-02 10:46:49.251 D/CCodecBuffers(21797):   int32_t aac-max-output-channel_count = 8
07-02 10:46:49.251 D/CCodecBuffers(21797):   int32_t aac-target-ref-level = 64
07-02 10:46:49.251 D/CCodecBuffers(21797):   int32_t channel-count = 2
07-02 10:46:49.251 D/CCodecBuffers(21797):   string mime = "audio/raw"
07-02 10:46:49.251 D/CCodecBuffers(21797):   int32_t sample-rate = 48000
07-02 10:46:49.251 D/CCodecBuffers(21797): }
07-02 10:46:49.268 W/AudioFlinger( 3633): createTrack_l(): mismatch between requested flags (00000008) and output flags (00000002)
07-02 10:46:49.268 D/AudioFlinger( 3633): Client defaulted notificationFrames to 8200 for frameCount 16400
07-02 10:46:49.271 D/AF::TrackHandle( 3633): OpPlayAudio: track:97 usage:1 not muted
07-02 10:46:49.289 I/chatty  ( 3697): uid=1046(mediacodec) omx@1.0-service expire 135 lines
07-02 10:46:49.329 W/APM::AudioPolicyEngine( 3633): getDevicesForStrategy() unknown strategy: -1
07-02 10:46:49.329 W/APM::AudioPolicyEngine( 3633): getDevicesForStrategy() unknown strategy: -1
07-02 10:46:49.337 I/sub_mixing_factory( 3548): [usecase_change_validate_l_sm:1196] ++++continuous:0 dev masks:0, out masks:0, out usecase PCM_NORMAL
07-02 10:46:49.338 I/sub_mixing_factory( 3548): [usecase_change_validate_l_sm:1203] add usecase PCM_NORMAL, cnt 1
07-02 10:46:49.338 D/sub_mixing_factory( 3548): [usecase_change_validate_l_sm:1215] cur dev masks:0, add out usecase:PCM_NORMAL
07-02 10:46:49.338 I/sub_mixing_factory( 3548): [usecase_change_validate_l_sm:1246] ----continuous:0 dev masks:0x1, out masks:0x1, out usecase PCM_NORMAL
07-02 10:46:49.338 D/aml_audio_port( 3548): [new_input_port:262] buf_frames:384,frame_size:4 ==> thunk_size:1536
07-02 10:46:49.338 I/aml_audio_port( 3548): [get_input_port_type:109] samplerate:48000, flags:0x2, channel_cnt:2
07-02 10:46:49.338 D/aml_audio_port( 3548): [new_input_port:288] inport:PCM_SYSTEM, buf:6144, direct:0, format:0x1, rate:48000, ch:2
07-02 10:46:49.338 I/amlAudioMixer( 3548): [init_mixer_input_port:168] input port:PCM_SYSTEM, size 384 frames, frame_write_sum:33732608
07-02 10:46:49.338 I/aml_audio_port( 3548): [get_input_port_type:109] samplerate:48000, flags:0x2, channel_cnt:2
07-02 10:46:49.338 I/sub_mixing_factory( 3548): [mixer_aux_buffer_write_sm:1053] stream 0xea504000 input port:PCM_SYSTEM
07-02 10:46:49.338 I/sub_mixing_factory( 3548): [mixer_aux_buffer_write_sm:1063] padding_bytes 12288
07-02 10:46:49.338 I/amlAudioMixer( 3548): [mixer_write_inport:253] input port:PCM_SYSTEM is active now
07-02 10:46:49.338 I/sub_mixing_factory( 3548): [mixer_aux_buffer_write_sm:1063] padding_bytes 10752
07-02 10:46:49.338 I/sub_mixing_factory( 3548): [mixer_aux_buffer_write_sm:1063] padding_bytes 9216
07-02 10:46:49.338 I/sub_mixing_factory( 3548): [mixer_aux_buffer_write_sm:1063] padding_bytes 7680
07-02 10:46:49.338 I/sub_mixing_factory( 3548): [mixer_aux_buffer_write_sm:1063] padding_bytes 6144
07-02 10:46:49.338 D/TimestampAdjuster(21797): Providing adjuster for mimeType  disc: 0 useAudioTimestampAdjuster false
07-02 10:46:49.341 I/amlAudioMixer( 3548): [mixer_inports_read:697] input port:PCM_SYSTEM first start, portId:0, avail:6144
07-02 10:46:49.341 I/sub_mixing_factory( 3548): [mixer_aux_buffer_write_sm:1063] padding_bytes 4608
07-02 10:46:49.349 D/SystemControl( 3546): [CPQControl]:onVframeSizeChange: event value = 7(0x7)!
07-02 10:46:49.354 I/sub_mixing_factory( 3548): [mixer_aux_buffer_write_sm:1063] padding_bytes 3072
07-02 10:46:49.357 I/sub_mixing_factory( 3548): [mixer_aux_buffer_write_sm:1063] padding_bytes 1536
07-02 10:46:49.359 D/SystemControl( 3546): [CPQControl]:isBootvideoStopped: bootvideo enable value is 0050!
07-02 10:46:49.359 D/SystemControl( 3546): [CPQControl]:isBootvideoStopped: bootvideo don't enable!
07-02 10:46:49.359 D/SystemControl( 3546): [CPQControl]:onVframeSizeChange: sig_fmt = 0x40a(1034).
07-02 10:46:49.369 D/SystemControl( 3546): [CPQControl]:SetCurrentSourceInputInfo: param_check_source_enable = 1!
07-02 10:46:49.369 D/SystemControl( 3546): [CPQControl]:SetCurrentSourceInputInfo:new source info: source=10,sigFmt=1034(0x40a),hdrType=6
07-02 10:46:49.369 D/SystemControl( 3546): [CPQControl]:SetCurrentSourceInputInfo: mCurrentHdrType is 6, hdrStatus is 0!
07-02 10:46:49.370 D/SystemControl( 3546): [CPQControl]:CheckOutPutMode: current output mode is 1080p60hz!
07-02 10:46:49.370 D/SystemControl( 3546): [CPQControl]:CheckOutPutMode: outputFrameHeight: 1080!
07-02 10:46:49.371 D/SystemControl( 3546): [CPQControl]:Cpq_GetInputVideoFrameHeight: inputFrameHeight is 1080!
07-02 10:46:49.371 D/SystemControl( 3546): [CPQControl]:CheckOutPutMode: output mode is 13!
07-02 10:46:49.371 D/SystemControl( 3546): [CPQControl]:SetCurrentSourceInputInfo: same signal, no need set!
07-02 10:46:49.371 D/SystemControl( 3546): [CPQControl]:onVframeSizeChange: send hdr event,info is 6.!
07-02 10:46:49.433 D/AudioTrack(21797): getTimestamp_l(69): device stall time corrected using current time 2596411897777
07-02 10:46:49.496 D/JioLauncher(12451): overlay status check for wifi and bt remote false false
07-02 10:46:49.512 D/Match code1( 5705): 2
07-02 10:46:49.521 D/JioLauncher(12451): network-type-------NonJioNetwork
07-02 10:46:49.538 D/JioLauncher(12451): live-tv-previousIp-[/fe80::1%wlan0, /192.168.1.1]-newHost-[/fe80::1%wlan0, /192.168.1.1]
07-02 10:46:49.579 V/AvrcpMediaPlayerWrapper( 3948): onPlaybackStateChanged(): in.startv.hotstar : PlaybackState {state=3, position=162, buffered position=6640, speed=1.0, updated=2596542, actions=2359815, custom actions=[], active item id=1, error=null}
07-02 10:46:49.593 V/AvrcpMediaPlayerWrapper( 3948): trySendMediaUpdate(): Metadata has been updated for in.startv.hotstar
07-02 10:46:49.593 D/AvrcpMediaPlayerList( 3948): sendMediaUpdate
07-02 10:46:49.593 I/AvrcpMediaPlayerList( 3948): sendMediaUpdate: Creating a one item queue for a player with no queue
07-02 10:46:49.593 D/AvrcpMediaPlayerList( 3948): sendMediaUpdate state=PlaybackState {state=3, position=189, buffered position=6640, speed=1.0, updated=2596569, actions=2359815, custom actions=[], active item id=1, error=null}
07-02 10:46:49.594 D/AvrcpTargetService( 3948): onMediaUpdated: track_changed=false state=true queue=false
07-02 10:46:49.594 D/AvrcpNativeInterface( 3948): sendMediaUpdate: metadata=false playStatus=true queue=false
07-02 10:46:49.594 D/AvrcpTargetJni( 3948): sendMediaUpdateNative
07-02 10:46:49.594 I/bt_stack( 3948): [INFO:avrcp_service.cc(346)] virtual void bluetooth::avrcp::AvrcpService::SendMediaUpdate(bool, bool, bool) track_changed=0 :  play_state=1 :  queue=0
07-02 10:46:49.624 I/ThermalService( 4132): CPU temperatures: [58.100002]
07-02 10:46:49.641 D/PipelineWatcher(21797): onInputBufferReleased: frameIndex not found (37); ignored
07-02 10:46:49.646 D/BasicMediaStatusFactory(21797): Supported media session actions: 2359815
07-02 10:46:49.674 D/TimestampAdjuster(21797): Providing adjuster for mimeType  disc: 0 useAudioTimestampAdjuster false
07-02 10:46:49.770 I/TR181MonitoringThread( 4842): Refreshing parameters...
07-02 10:46:49.770 I/TR181Monitor( 4842): refresh start!
07-02 10:46:49.773 E/TR069_CPE( 4842): cpe_get_acs_network_type - 2 
07-02 10:46:49.773 I/ManagementServer( 4842): isIPv6PreferredNetwork 2
07-02 10:46:49.775 I/ManagementServer( 4842): CPE_NETWORK_TYPE_IPv6
07-02 10:46:49.805 W/adbd    ( 3738): timed out while waiting for FUNCTIONFS_BIND, trying again
07-02 10:46:49.805 I/adbd    ( 3738): UsbFfs: connection terminated: monitor thread finished
07-02 10:46:49.805 I/adbd    ( 3738): UsbFfs: already offline
07-02 10:46:49.805 I/adbd    ( 3738): destroying transport UsbFfs
07-02 10:46:49.805 I/adbd    ( 3738): UsbFfsConnection being destroyed
07-02 10:46:49.811 D/CCodecBuffers(21797): [c2.android.aac.decoder#757:1D-Input.Impl[N]] codec released a buffer owned by client (index 0)
07-02 10:46:49.851 I/adbd    ( 3738): opening control endpoint /dev/usb-ffs/adb/ep0
07-02 10:46:49.857 I/adbd    ( 3738): UsbFfsConnection constructed
07-02 10:46:49.858 I/adbd    ( 3738): UsbFfs-monitor thread spawned
07-02 10:46:49.871 D/MulticastUtils(12451): Timeout 5000ms IOException:Poll timed out
07-02 10:46:49.883 D/JioLauncher(12451): connected-network-status  1 status true time 0 lPreviousIp [/fe80::1%wlan0, /192.168.1.1] isLiveOnTop() false isOneTimeVisisbleStatus false-remoteConnectedTime-0
07-02 10:46:49.898 E/rtk_heartbeat( 3550): heartbeat_timed_out: @bbb heartbeatCmdCount = 2575, expected nextSeqNum = 2575
07-02 10:46:49.901 I/rtk_heartbeat( 3550): rtkbt_heartbeat_cmpl_cback: @bbb Current SeqNum = 2575,should SeqNum=2575, status = 0
07-02 10:46:50.087 D/TimestampAdjuster(21797): Providing adjuster for mimeType  disc: 0 useAudioTimestampAdjuster false
07-02 10:46:50.111 I/WebViewFactory(21797): Loading com.android.webview version 128.0.6613.88 (code 661308800)
07-02 10:46:50.217 I/.startv.hotsta(21797): The ClassLoaderContext is a special shared library.
07-02 10:46:50.239 D/nativeloader(21797): classloader namespace configured for unbundled product apk. library_path=/product/app/webview/lib/arm:/product/app/webview/webview.apk!/lib/armeabi-v7a:/product/lib:/system/product/lib
07-02 10:46:50.336 W/IP      ( 4842): No IP address for eth0
07-02 10:46:50.427 D/TimestampAdjuster(21797): Providing adjuster for mimeType  disc: 0 useAudioTimestampAdjuster false
07-02 10:46:50.619 I/.startv.hotsta(21797): Waiting for a blocking GC ClassLinker
07-02 10:46:50.687 D/TR069NativeService( 3691): Executing command: /system/bin/iwlist "wlan0" "channel"
07-02 10:46:50.690 I/.startv.hotsta(21797): Background young concurrent copying GC freed 92829(9327KB) AllocSpace objects, 145(7752KB) LOS objects, 0% free, 68MB/68MB, paused 452us total 1.097s
07-02 10:46:50.690 I/.startv.hotsta(21797): WaitForGcToComplete blocked ClassLinker on HeapTrim for 70.516ms
07-02 10:46:50.731 D/TR069NativeService( 3691): Executing command: /system/bin/iwlist "wlan0" "channel"
07-02 10:46:50.754 D/MediaCodecInfo(21797): NoSupport [sizeAndRate.support, 1920x1080x25.0] [c2.android.hevc.decoder, video/hevc] [franklin, JHSC200, Jio, 30]
07-02 10:46:50.758 I/chatty  (21797): uid=10066(in.startv.hotstar) identical 5 lines
07-02 10:46:50.821 I/Apps    ( 4842): Foreground App :in.startv.hotstar
07-02 10:46:50.827 I/WifiApStat( 4842): Ethernet isConnected() false
07-02 10:46:50.828 I/TR181Monitor( 4842): refresh end!
07-02 10:46:50.859 W/adbd    ( 3738): timed out while waiting for FUNCTIONFS_BIND, trying again
07-02 10:46:50.859 I/adbd    ( 3738): UsbFfs: connection terminated: monitor thread finished
07-02 10:46:50.860 I/adbd    ( 3738): UsbFfs: already offline
07-02 10:46:50.860 I/adbd    ( 3738): destroying transport UsbFfs
07-02 10:46:50.860 I/adbd    ( 3738): UsbFfsConnection being destroyed
07-02 10:46:50.862 I/chatty  (21797): uid=10066(in.startv.hotstar) expire 1 line
07-02 10:46:50.889 I/adbd    ( 3738): opening control endpoint /dev/usb-ffs/adb/ep0
07-02 10:46:50.895 I/adbd    ( 3738): UsbFfsConnection constructed
07-02 10:46:50.900 E/rtk_heartbeat( 3550): heartbeat_timed_out: @bbb heartbeatCmdCount = 2576, expected nextSeqNum = 2576
07-02 10:46:50.906 I/rtk_heartbeat( 3550): rtkbt_heartbeat_cmpl_cback: @bbb Current SeqNum = 2576,should SeqNum=2576, status = 0
07-02 10:46:50.906 I/adbd    ( 3738): UsbFfs-monitor thread spawned
07-02 10:46:50.990 I/chatty  (21797): uid=10066(in.startv.hotstar) expire 11 lines
07-02 10:46:50.994 I/DeviceStorage( 4842): Measured Storage values : cache = 104517632 media = 0 misc = 37949440 user = 1998643200 app = 1990381568
07-02 10:46:45.337 I/UsageStatsService( 3799): User[0] Flushing usage stats to disk
07-02 10:46:51.073 D/CompatibilityChangeReporter( 3799): Compat change id reported: 135634846; UID 10066; state: DISABLED
07-02 10:46:51.073 D/CompatibilityChangeReporter( 3799): Compat change id reported: 143937733; UID 10066; state: ENABLED
07-02 10:46:51.121 D/Zygote  ( 4071): Forked child process 24873
07-02 10:46:51.124 W/ActivityManager( 3799): Slow operation: 52ms so far, now at startProcess: returned from zygote!
07-02 10:46:51.125 W/ActivityManager( 3799): Slow operation: 53ms so far, now at startProcess: done updating battery stats
07-02 10:46:51.125 W/ActivityManager( 3799): Slow operation: 53ms so far, now at startProcess: building log message
07-02 10:46:51.125 I/ActivityManager( 3799): Start proc 24873:com.android.webview:sandboxed_process0:org.chromium.content.app.SandboxedProcessService0:0/u0i7 for  {in.startv.hotstar/org.chromium.content.app.SandboxedProcessService0:0}
07-02 10:46:51.125 W/ActivityManager( 3799): Slow operation: 53ms so far, now at startProcess: starting to update pids map
07-02 10:46:51.130 W/ActivityManager( 3799): Slow operation: 57ms so far, now at startProcess: done updating pids map
07-02 10:46:51.209 W/ocessService0:(24873): Using default instruction set features for ARM CPU variant (cortex-a9) using conservative defaults
07-02 10:46:51.231 E/ocessService0:(24873): Not starting debugger since process cannot load the jdwp agent.
07-02 10:46:51.336 D/CompatibilityChangeReporter( 3799): Compat change id reported: 136274596; UID 10066; state: ENABLED
07-02 10:46:51.442 D/NetworkSecurityConfig(24873): No Network Security Config specified, using platform default
07-02 10:46:51.445 D/NetworkSecurityConfig(24873): No Network Security Config specified, using platform default
07-02 10:46:51.447 I/cr_WebViewApkApp(24873): version=128.0.6613.88 (661308800) minSdkVersion=26 isBundle=false processName=com.android.webview:sandboxed_process0:org.chromium.content.app.SandboxedProcessService0:0
07-02 10:46:51.454 I/cr_ChildProcessService(24873): Creating new ChildProcessService pid=24873
07-02 10:46:51.629 I/ThermalService( 4132): CPU temperatures: [59.9]
07-02 10:46:51.900 E/rtk_heartbeat( 3550): heartbeat_timed_out: @bbb heartbeatCmdCount = 2577, expected nextSeqNum = 2577
07-02 10:46:51.902 I/rtk_heartbeat( 3550): rtkbt_heartbeat_cmpl_cback: @bbb Current SeqNum = 2577,should SeqNum=2577, status = 0
07-02 10:46:51.909 W/adbd    ( 3738): timed out while waiting for FUNCTIONFS_BIND, trying again
07-02 10:46:51.910 I/adbd    ( 3738): UsbFfs: connection terminated: monitor thread finished
07-02 10:46:51.911 I/adbd    ( 3738): UsbFfs: already offline
07-02 10:46:51.911 I/adbd    ( 3738): destroying transport UsbFfs
07-02 10:46:51.912 I/adbd    ( 3738): UsbFfsConnection being destroyed
07-02 10:46:51.939 I/chatty  (21797): uid=10066(in.startv.hotstar) AudioThread expire 2 lines
07-02 10:46:51.945 I/chatty  (21797): uid=10066(in.startv.hotstar) Chrome_InProcGp expire 1 line
07-02 10:46:51.946 I/chatty  ( 3289): uid=1000(system) /system/bin/servicemanager expire 52 lines
07-02 10:46:51.961 I/adbd    ( 3738): opening control endpoint /dev/usb-ffs/adb/ep0
07-02 10:46:51.964 I/adbd    ( 3738): UsbFfsConnection constructed
07-02 10:46:51.965 I/adbd    ( 3738): UsbFfs-monitor thread spawned
07-02 10:46:51.979 I/chatty  (21797): uid=10066(in.startv.hotstar) Chrome_ProcessL expire 1 line
07-02 10:46:51.989 I/chatty  (21797): uid=10066(in.startv.hotstar) HwBinder:21797_ expire 5 lines
07-02 10:46:51.998 I/cr_LibraryLoader(24873): Successfully loaded native library
07-02 10:46:52.006 I/cr_CachingUmaRecorder(24873): Flushed 2 samples from 2 histograms, 0 samples were dropped.
07-02 10:46:52.056 W/SystemServiceRegistry(24873): No service published for: uimode
07-02 10:46:52.111 I/chatty  (21797): uid=10066(in.startv.hotstar) Binder:21797_7 expire 1 line
07-02 10:46:52.144 D/ConnectivityService( 3799): requestNetwork for uid/pid:10066/21797 NetworkRequest [ TRACK_DEFAULT id=49, [ Capabilities: INTERNET&NOT_RESTRICTED&TRUSTED Uid: 10066 AdministratorUids: [] RequestorUid: 10066 RequestorPackageName: in.startv.hotstar] ]
07-02 10:46:52.146 D/ConnectivityService( 3799): NetReassign [49 : null → 100]
07-02 10:46:52.154 I/chatty  ( 3799): uid=1000(system) EthernetService expire 1 line
07-02 10:46:52.179 D/ConnectivityService( 3799): NetReassign [no changes]
07-02 10:46:52.205 W/chromium(24873): [WARNING:runtime_features.cc(605)] Fenced frames cannot be enabled in this configuration. Use --enable-features=FencedFrames instead.
07-02 10:46:52.206 W/chromium(24873): [WARNING:runtime_features.cc(650)] SharedStorage cannot be enabled in this configuration. Use --enable-features=SharedStorageAPI in addition.
07-02 10:46:52.206 W/chromium(24873): [WARNING:runtime_features.cc(660)] SharedStorage for M118+ cannot be enabled in this configuration. Use --enable-features=SharedStorageAPI,SharedStorageAPIM118 in addition.
07-02 10:46:52.429 I/chatty  (21797): uid=10066(in.startv.hotstar) RenderThread expire 2 lines
07-02 10:46:52.533 I/appium  (21720): channel read: GET /session/946d1cb1-a216-4bd8-80ff-9b0b00159d9a/source
07-02 10:46:52.535 I/appium  (21720): Source command
07-02 10:46:52.536 I/appium  (21720): Waiting up to 10000ms for the device to idle
07-02 10:46:52.815 I/e.swalekh.abct( 4482): oneway function results will be dropped but finished with status OK and parcel size 4
07-02 10:46:52.901 E/rtk_heartbeat( 3550): heartbeat_timed_out: @bbb heartbeatCmdCount = 2578, expected nextSeqNum = 2578
07-02 10:46:52.908 I/rtk_heartbeat( 3550): rtkbt_heartbeat_cmpl_cback: @bbb Current SeqNum = 2578,should SeqNum=2578, status = 0
07-02 10:46:52.956 I/chatty  (21797): uid=10066(in.startv.hotstar) ThreadPoolSingl expire 2 lines
07-02 10:46:52.967 W/adbd    ( 3738): timed out while waiting for FUNCTIONFS_BIND, trying again
07-02 10:46:52.967 I/adbd    ( 3738): UsbFfs: connection terminated: monitor thread finished
07-02 10:46:52.967 I/adbd    ( 3738): UsbFfs: already offline
07-02 10:46:52.967 I/adbd    ( 3738): destroying transport UsbFfs
07-02 10:46:52.967 I/adbd    ( 3738): UsbFfsConnection being destroyed
07-02 10:46:53.009 I/adbd    ( 3738): opening control endpoint /dev/usb-ffs/adb/ep0
07-02 10:46:53.012 I/adbd    ( 3738): UsbFfsConnection constructed
07-02 10:46:53.016 I/adbd    ( 3738): UsbFfs-monitor thread spawned
07-02 10:46:53.195 I/chatty  ( 4196): uid=1000(system) DefaultDispatch expire 10 lines
07-02 10:46:53.342 I/ocessService0:(24873): Background young concurrent copying GC freed 1628(149KB) AllocSpace objects, 1(20KB) LOS objects, 84% free, 4392KB/28MB, paused 3.364ms total 144.642ms
07-02 10:46:53.633 I/appium  (21720): AppiumResponse: {"sessionId":"946d1cb1-a216-4bd8-80ff-9b0b00159d9a","value":"<?xml version='1.0' encoding='UTF-8' standalone='yes' ?>\r\n<hierarchy index=\"0\" class=\"hierarchy\" rotation=\"0\" width=\"1920\" height=\"1080\">\r\n  <android.widget.FrameLayout index=\"0\" package=\"in.startv.hotstar\" class=\"androi…
07-02 10:46:53.640 I/ThermalService( 4132): CPU temperatures: [60.300003]
07-02 10:46:53.902 E/rtk_heartbeat( 3550): heartbeat_timed_out: @bbb heartbeatCmdCount = 2579, expected nextSeqNum = 2579
07-02 10:46:53.905 I/rtk_heartbeat( 3550): rtkbt_heartbeat_cmpl_cback: @bbb Current SeqNum = 2579,should SeqNum=2579, status = 0
07-02 10:46:54.017 W/adbd    ( 3738): timed out while waiting for FUNCTIONFS_BIND, trying again
07-02 10:46:54.017 I/adbd    ( 3738): UsbFfs: connection terminated: monitor thread finished
07-02 10:46:54.017 I/adbd    ( 3738): UsbFfs: already offline
07-02 10:46:54.017 I/adbd    ( 3738): destroying transport UsbFfs
07-02 10:46:54.018 I/adbd    ( 3738): UsbFfsConnection being destroyed
07-02 10:46:54.061 I/adbd    ( 3738): opening control endpoint /dev/usb-ffs/adb/ep0
07-02 10:46:54.063 I/adbd    ( 3738): UsbFfsConnection constructed
07-02 10:46:54.064 I/adbd    ( 3738): UsbFfs-monitor thread spawned
07-02 10:46:54.226 I/chatty  (21797): uid=10066(in.startv.hotstar) NDK MediaCodec_ expire 3 lines
07-02 10:46:54.480 D/JioLauncher(12451): overlay status check for wifi and bt remote false false
07-02 10:46:54.485 D/Match code1( 5705): 2
07-02 10:46:54.493 D/JioLauncher(12451): network-type-------NonJioNetwork
07-02 10:46:54.499 D/JioLauncher(12451): live-tv-previousIp-[/fe80::1%wlan0, /192.168.1.1]-newHost-[/fe80::1%wlan0, /192.168.1.1]
07-02 10:46:54.542 I/chatty  ( 4955): uid=1000(system) StreamAVDetails expire 35 lines
07-02 10:46:54.902 E/rtk_heartbeat( 3550): heartbeat_timed_out: @bbb heartbeatCmdCount = 2580, expected nextSeqNum = 2580
07-02 10:46:54.905 I/rtk_heartbeat( 3550): rtkbt_heartbeat_cmpl_cback: @bbb Current SeqNum = 2580,should SeqNum=2580, status = 0
07-02 10:46:54.969 I/chatty  (21797): uid=10066(in.startv.hotstar) Binder:21797_5 expire 3 lines
07-02 10:46:54.976 I/e.swalekh.abct( 4482): oneway function results will be dropped but finished with status OK and parcel size 4
07-02 10:46:54.992 I/chatty  ( 6721): uid=1000(system) RxComputationTh expire 11 lines
07-02 10:46:55.065 W/adbd    ( 3738): timed out while waiting for FUNCTIONFS_BIND, trying again
07-02 10:46:55.065 I/adbd    ( 3738): UsbFfs: connection terminated: monitor thread finished
07-02 10:46:55.065 I/adbd    ( 3738): UsbFfs: already offline
07-02 10:46:55.065 I/adbd    ( 3738): destroying transport UsbFfs
07-02 10:46:55.065 I/adbd    ( 3738): UsbFfsConnection being destroyed
07-02 10:46:55.113 I/adbd    ( 3738): opening control endpoint /dev/usb-ffs/adb/ep0
07-02 10:46:55.114 I/adbd    ( 3738): UsbFfsConnection constructed
07-02 10:46:55.115 I/adbd    ( 3738): UsbFfs-monitor thread spawned
07-02 10:46:55.195 D/JioAppOptimizer( 4820): AppOptimizerService :: handleMessage()
07-02 10:46:55.197 D/JioAppOptimizer( 4820): AppOptimizerService :: handleMessage() : Foreground Package=in.startv.hotstar
07-02 10:46:55.197 D/JioAppOptimizer( 4820): AppOptimizerService :: handleMessage() : Free memory available in MB : 364.4765625
07-02 10:46:55.197 D/JioAppOptimizer( 4820): AppOptimizerService :: handleMessage() : checkAndRemoveBackgroundApps()
07-02 10:46:55.197 D/JioAppOptimizer( 4820): AppOptimizerService :: checkAndRemoveBackgroundApps()
07-02 10:46:55.420 I/UsageStatsService( 3799): User[0] Flushing usage stats to disk
07-02 10:46:55.644 I/ThermalService( 4132): CPU temperatures: [58.600002]
07-02 10:46:55.902 E/rtk_heartbeat( 3550): heartbeat_timed_out: @bbb heartbeatCmdCount = 2581, expected nextSeqNum = 2581
07-02 10:46:55.903 I/rtk_heartbeat( 3550): rtkbt_heartbeat_cmpl_cback: @bbb Current SeqNum = 2581,should SeqNum=2581, status = 0
07-02 10:46:56.116 W/adbd    ( 3738): timed out while waiting for FUNCTIONFS_BIND, trying again
07-02 10:46:56.116 I/adbd    ( 3738): UsbFfs: connection terminated: monitor thread finished
07-02 10:46:56.116 I/adbd    ( 3738): UsbFfs: already offline
07-02 10:46:56.116 I/adbd    ( 3738): destroying transport UsbFfs
07-02 10:46:56.116 I/adbd    ( 3738): UsbFfsConnection being destroyed
07-02 10:46:56.153 I/adbd    ( 3738): opening control endpoint /dev/usb-ffs/adb/ep0
07-02 10:46:56.156 I/adbd    ( 3738): UsbFfsConnection constructed
07-02 10:46:56.158 I/adbd    ( 3738): UsbFfs-monitor thread spawned
07-02 10:46:56.456 I/chatty  ( 4777): uid=1000(system) com.iwedia.comedia.service expire 1 line
07-02 10:46:56.902 E/rtk_heartbeat( 3550): heartbeat_timed_out: @bbb heartbeatCmdCount = 2582, expected nextSeqNum = 2582
07-02 10:46:56.904 I/rtk_heartbeat( 3550): rtkbt_heartbeat_cmpl_cback: @bbb Current SeqNum = 2582,should SeqNum=2582, status = 0
07-02 10:46:57.049 I/e.swalekh.abct( 4482): oneway function results will be dropped but finished with status OK and parcel size 4
07-02 10:46:57.063 I/chatty  ( 6721): uid=1000(system) RxComputationTh expire 11 lines
07-02 10:46:57.159 W/adbd    ( 3738): timed out while waiting for FUNCTIONFS_BIND, trying again
07-02 10:46:57.159 I/adbd    ( 3738): UsbFfs: connection terminated: monitor thread finished
07-02 10:46:57.159 I/adbd    ( 3738): UsbFfs: already offline
07-02 10:46:57.159 I/adbd    ( 3738): destroying transport UsbFfs
07-02 10:46:57.159 I/adbd    ( 3738): UsbFfsConnection being destroyed
07-02 10:46:57.201 I/adbd    ( 3738): opening control endpoint /dev/usb-ffs/adb/ep0
07-02 10:46:57.202 I/adbd    ( 3738): UsbFfsConnection constructed
07-02 10:46:57.203 I/adbd    ( 3738): UsbFfs-monitor thread spawned
07-02 10:46:57.468 I/chatty  ( 4777): uid=1000(system) com.iwedia.comedia.service expire 4 lines
07-02 10:46:57.469 I/chatty  ( 4777): uid=1000(system) com.iwedia.comedia.service expire 1 line
07-02 10:46:57.469 I/chatty  ( 4777): uid=1000(system) com.iwedia.comedia.service expire 1 line
07-02 10:46:57.647 I/ThermalService( 4132): CPU temperatures: [56.2]
07-02 10:46:57.854 I/chatty  ( 3799): uid=1000(system) WifiHandlerThre expire 8 lines
07-02 10:46:57.903 E/rtk_heartbeat( 3550): heartbeat_timed_out: @bbb heartbeatCmdCount = 2583, expected nextSeqNum = 2583
07-02 10:46:57.903 I/rtk_heartbeat( 3550): rtkbt_heartbeat_cmpl_cback: @bbb Current SeqNum = 2583,should SeqNum=2583, status = 0
07-02 10:46:58.204 W/adbd    ( 3738): timed out while waiting for FUNCTIONFS_BIND, trying again
07-02 10:46:58.204 I/adbd    ( 3738): UsbFfs: connection terminated: monitor thread finished
07-02 10:46:58.211 I/adbd    ( 3738): UsbFfs: already offline
07-02 10:46:58.211 I/adbd    ( 3738): destroying transport UsbFfs
07-02 10:46:58.213 I/adbd    ( 3738): UsbFfsConnection being destroyed
07-02 10:46:58.245 I/adbd    ( 3738): opening control endpoint /dev/usb-ffs/adb/ep0
07-02 10:46:58.246 I/adbd    ( 3738): UsbFfsConnection constructed
07-02 10:46:58.247 I/adbd    ( 3738): UsbFfs-monitor thread spawned
07-02 10:46:58.456 I/chatty  ( 4777): uid=1000(system) Binder:4777_2 expire 45 lines
07-02 10:46:58.903 E/rtk_heartbeat( 3550): heartbeat_timed_out: @bbb heartbeatCmdCount = 2584, expected nextSeqNum = 2584
07-02 10:46:58.904 I/rtk_heartbeat( 3550): rtkbt_heartbeat_cmpl_cback: @bbb Current SeqNum = 2584,should SeqNum=2584, status = 0
07-02 10:46:59.045 I/chatty  ( 4777): uid=1000(system) Thread-2 expire 14 lines
07-02 10:46:59.061 I/JioBackgroundSchedulerService( 6271): Check schedule  
07-02 10:46:59.101 I/e.swalekh.abct( 4482): oneway function results will be dropped but finished with status OK and parcel size 4
07-02 10:46:59.248 W/adbd    ( 3738): timed out while waiting for FUNCTIONFS_BIND, trying again
07-02 10:46:59.248 I/adbd    ( 3738): UsbFfs: connection terminated: monitor thread finished
07-02 10:46:59.248 I/adbd    ( 3738): UsbFfs: already offline
07-02 10:46:59.248 I/adbd    ( 3738): destroying transport UsbFfs
07-02 10:46:59.248 I/adbd    ( 3738): UsbFfsConnection being destroyed
07-02 10:46:59.285 I/adbd    ( 3738): opening control endpoint /dev/usb-ffs/adb/ep0
07-02 10:46:59.287 I/adbd    ( 3738): UsbFfsConnection constructed
07-02 10:46:59.288 I/adbd    ( 3738): UsbFfs-monitor thread spawned
07-02 10:46:59.480 D/JioLauncher(12451): overlay status check for wifi and bt remote false false
07-02 10:46:59.485 D/Match code1( 5705): 2
07-02 10:46:59.488 D/JioLauncher(12451): network-type-------NonJioNetwork
07-02 10:46:59.491 I/chatty  ( 4107): uid=1000(system) com.jiostb.inactivitytimer expire 11 lines
07-02 10:46:59.494 D/JioLauncher(12451): live-tv-previousIp-[/fe80::1%wlan0, /192.168.1.1]-newHost-[/fe80::1%wlan0, /192.168.1.1]
07-02 10:46:59.650 I/ThermalService( 4132): CPU temperatures: [57.100002]
07-02 10:46:59.788 I/chatty  (21797): uid=10066(in.startv.hotstar) expire 10 lines
07-02 10:46:59.903 E/rtk_heartbeat( 3550): heartbeat_timed_out: @bbb heartbeatCmdCount = 2585, expected nextSeqNum = 2585
07-02 10:46:59.904 I/rtk_heartbeat( 3550): rtkbt_heartbeat_cmpl_cback: @bbb Current SeqNum = 2585,should SeqNum=2585, status = 0
07-02 10:47:00.048 I/chatty  (21797): uid=10066(in.startv.hotstar) HwBinder:21797_ expire 4 lines
07-02 10:47:00.159 D/TvInput_TvService( 5242): Tick, set current Date/Time.
07-02 10:47:00.289 W/adbd    ( 3738): timed out while waiting for FUNCTIONFS_BIND, trying again
07-02 10:47:00.289 I/adbd    ( 3738): UsbFfs: connection terminated: monitor thread finished
07-02 10:47:00.289 I/adbd    ( 3738): UsbFfs: already offline
07-02 10:47:00.289 I/adbd    ( 3738): destroying transport UsbFfs
07-02 10:47:00.289 I/adbd    ( 3738): UsbFfsConnection being destroyed
07-02 10:47:00.294 I/chatty  ( 4777): uid=1000(system) Thread-2 expire 1 line
07-02 10:47:00.329 I/adbd    ( 3738): opening control endpoint /dev/usb-ffs/adb/ep0
07-02 10:47:00.331 I/adbd    ( 3738): UsbFfsConnection constructed
07-02 10:47:00.331 I/adbd    ( 3738): UsbFfs-monitor thread spawned
07-02 10:47:00.903 E/rtk_heartbeat( 3550): heartbeat_timed_out: @bbb heartbeatCmdCount = 2586, expected nextSeqNum = 2586
07-02 10:47:00.904 I/rtk_heartbeat( 3550): rtkbt_heartbeat_cmpl_cback: @bbb Current SeqNum = 2586,should SeqNum=2586, status = 0
07-02 10:47:01.151 I/chatty  (21797): uid=10066(in.startv.hotstar) Binder:21797_5 expire 6 lines
07-02 10:47:01.155 I/e.swalekh.abct( 4482): oneway function results will be dropped but finished with status OK and parcel size 4
07-02 10:47:01.172 I/chatty  ( 6721): uid=1000(system) RxComputationTh expire 12 lines
07-02 10:47:01.332 W/adbd    ( 3738): timed out while waiting for FUNCTIONFS_BIND, trying again
07-02 10:47:01.332 I/adbd    ( 3738): UsbFfs: connection terminated: monitor thread finished
07-02 10:47:01.332 I/adbd    ( 3738): UsbFfs: already offline
07-02 10:47:01.332 I/adbd    ( 3738): destroying transport UsbFfs
07-02 10:47:01.332 I/adbd    ( 3738): UsbFfsConnection being destroyed
07-02 10:47:01.362 I/adbd    ( 3738): opening control endpoint /dev/usb-ffs/adb/ep0
07-02 10:47:01.363 I/adbd    ( 3738): UsbFfsConnection constructed
07-02 10:47:01.364 I/adbd    ( 3738): UsbFfs-monitor thread spawned
07-02 10:47:01.654 I/ThermalService( 4132): CPU temperatures: [56.9]
07-02 10:47:01.903 E/rtk_heartbeat( 3550): heartbeat_timed_out: @bbb heartbeatCmdCount = 2587, expected nextSeqNum = 2587
07-02 10:47:01.904 I/rtk_heartbeat( 3550): rtkbt_heartbeat_cmpl_cback: @bbb Current SeqNum = 2587,should SeqNum=2587, status = 0
07-02 10:47:02.365 W/adbd    ( 3738): timed out while waiting for FUNCTIONFS_BIND, trying again
07-02 10:47:02.365 I/adbd    ( 3738): UsbFfs: connection terminated: monitor thread finished
