06-19 14:42:09.543 W/ContextImpl( 4817): Calling a method in the system process without a qualified user: android.app.ContextImpl.sendBroadcast:1111 android.content.ContextWrapper.sendBroadcast:468 com.iwedia.dtv.mount.MountControl$1.onEngineInitialized:132 com.iwedia.dtv.ComediaEngine.initialize:81 com.iwedia.comedia.service.ComediaService$InitializeProc.run:131 
06-19 14:42:09.606 W/ContextImpl( 4817): Calling a method in the system process without a qualified user: android.app.ContextImpl.bindService:1748 android.content.ContextWrapper.bindService:756 insight.tr069.client.tr135.TR135ConnectionHelper.bindService:29 com.iwedia.tr.TRMonitor.<init>:111 com.iwedia.comedia.service.ComediaService$2.run:278 
06-19 14:42:10.078 I/DropBoxManagerService( 3846): add tag=system_app_strictmode isTagEnabled=true flags=0x2
06-19 14:42:10.174 D/CompatibilityChangeReporter( 3846): Compat change id reported: 135634846; UID 1000; state: DISABLED
06-19 14:42:10.249 D/INSETS  ( 3846): else - Package Name ::  left : 0 right :: 0 top :: 0 bottom :: 0 dfu-right :: 1920 dfu-bottom :: 1080
06-19 14:42:10.269 W/ActivityManager( 3846): Slow operation: 101ms so far, now at startProcess: returned from zygote!
06-19 14:42:10.270 W/ActivityManager( 3846): Slow operation: 101ms so far, now at startProcess: done updating battery stats
06-19 14:42:10.270 W/ActivityManager( 3846): Slow operation: 101ms so far, now at startProcess: building log message
06-19 14:42:10.270 I/ActivityManager( 3846): Start proc 5905:com.android.keychain/1000 for service {com.android.keychain/com.android.keychain.KeyChainService}
06-19 14:42:10.270 W/ActivityManager( 3846): Slow operation: 101ms so far, now at startProcess: starting to update pids map
06-19 14:42:10.271 W/ActivityManager( 3846): Slow operation: 102ms so far, now at startProcess: done updating pids map
06-19 14:42:10.295 D/INSETS  ( 3846): else - Package Name ::  left : 0 right :: 0 top :: 0 bottom :: 0 dfu-right :: 1920 dfu-bottom :: 1080
06-19 14:42:10.301 D/INSETS  ( 3846): else - Package Name ::  left : 0 right :: 0 top :: 0 bottom :: 0 dfu-right :: 1920 dfu-bottom :: 1080
06-19 14:42:10.359 D/CompatibilityChangeReporter( 3846): Compat change id reported: 136219221; UID 1000; state: ENABLED
06-19 14:42:10.433 D/CompatibilityChangeReporter( 3846): Compat change id reported: 135634846; UID 1000; state: DISABLED
06-19 14:42:10.436 D/CompatibilityChangeReporter( 3846): Compat change id reported: 136219221; UID 1000; state: DISABLED
06-19 14:42:10.482 W/ActivityManager( 3846): Slow operation: 51ms so far, now at startProcess: building log message
06-19 14:42:10.482 I/ActivityManager( 3846): Start proc 5946:com.iwedia.updatercuotaservice/1000 for broadcast {com.iwedia.updatercuotaservice/com.iwedia.updatercuotaservice.BootReceiver}
06-19 14:42:10.482 W/ActivityManager( 3846): Slow operation: 51ms so far, now at startProcess: starting to update pids map
06-19 14:42:10.482 W/ActivityManager( 3846): Slow operation: 51ms so far, now at startProcess: done updating pids map
06-19 14:42:10.489 D/WindowManager( 3846): Unhandled key: inputToken=android.os.BinderProxy@bfa0634, title=com.iwedia.ui.rjio.launcher.reliance/com.iwedia.ui.rjio.launcher.ui.intro.JioPrerollVideoActivity, action=0, flags=8, keyCode=20, scanCode=108, metaState=0, repeatCount=0, policyFlags=1728053249
06-19 14:42:10.490 D/WindowManager( 3846): No fallback.
06-19 14:42:10.505 D/ConnectivityService( 3846): requestNetwork for uid/pid:10034/5027 NetworkRequest [ TRACK_DEFAULT id=13, [ Capabilities: INTERNET&NOT_RESTRICTED&TRUSTED Uid: 10034 AdministratorUids: [] RequestorUid: 10034 RequestorPackageName: com.iwedia.ui.rjio.launcher.reliance] ]
06-19 14:42:10.505 D/ConnectivityService( 3846): NetReassign [no changes]
06-19 14:42:10.652 V/ActivityManager( 3846): Attempted to start a foreground service (com.iwedia.ui.rjio.launcher.reliance/.preroll.service.MediaService) with a broken notification (no icon: Notification(channel=PlaylistCoreMediaNotificationChannel shortcut=null contentView=null vibrate=null sound=null defaults=0x0 flags=0x50 color=0x00000000 category=transport actions=3 vis=PUBLIC))
06-19 14:42:10.718 W/ContextImpl( 5946): Calling a method in the system process without a qualified user: android.app.ContextImpl.startService:1669 android.content.ContextWrapper.startService:720 android.content.ContextWrapper.startService:720 com.iwedia.updatercuotaservice.BootReceiver.onReceive:34 android.app.ActivityThread.handleReceiver:4026 
06-19 14:42:10.729 D/CompatibilityChangeReporter( 3846): Compat change id reported: 136219221; UID 1000; state: ENABLED
06-19 14:42:10.729 D/CompatibilityChangeReporter( 3846): Compat change id reported: 136219221; UID 1000; state: DISABLED
06-19 14:42:10.748 D/WindowManager( 3846): Unhandled key: inputToken=android.os.BinderProxy@bfa0634, title=com.iwedia.ui.rjio.launcher.reliance/com.iwedia.ui.rjio.launcher.ui.intro.JioPrerollVideoActivity, action=1, flags=8, keyCode=20, scanCode=108, metaState=0, repeatCount=0, policyFlags=1728053248
06-19 14:42:10.748 D/WindowManager( 3846): No fallback.
06-19 14:42:10.751 D/WindowManager( 3846): Unhandled key: inputToken=android.os.BinderProxy@bfa0634, title=com.iwedia.ui.rjio.launcher.reliance/com.iwedia.ui.rjio.launcher.ui.intro.JioPrerollVideoActivity, action=0, flags=8, keyCode=20, scanCode=108, metaState=0, repeatCount=0, policyFlags=1728053249
06-19 14:42:10.751 D/WindowManager( 3846): No fallback.
06-19 14:42:10.789 W/ContextImpl( 4948): Calling a method in the system process without a qualified user: android.app.ContextImpl.startService:1669 android.content.ContextWrapper.startService:720 android.content.ContextWrapper.startService:720 com.rjil.podlogservice.receiver.BootReceiver.delayOnBootCompleted:161 com.rjil.podlogservice.receiver.BootReceiver.onReceivingIntent:91 
06-19 14:42:10.807 W/ContextImpl( 4294): Calling a method in the system process without a qualified user: android.app.ContextImpl.startService:1669 android.content.ContextWrapper.startService:720 android.content.ContextWrapper.startService:720 com.android.tv.settings.users.UserSwitchListenerService$BootReceiver.onReceive:50 android.app.ActivityThread.handleReceiver:4026 
06-19 14:42:10.832 D/CompatibilityChangeReporter( 3846): Compat change id reported: 135634846; UID 10053; state: DISABLED
06-19 14:42:10.833 D/CompatibilityChangeReporter( 3846): Compat change id reported: 143937733; UID 10053; state: ENABLED
06-19 14:42:10.875 D/NotificationService( 3846): 0|com.iwedia.ui.rjio.launcher.reliance|2131428212|null|10034: granting content://settings/system/notification_sound
06-19 14:42:10.876 I/chatty  ( 3846): uid=1000 system_server identical 2 lines
06-19 14:42:10.877 D/NotificationService( 3846): 0|com.iwedia.ui.rjio.launcher.reliance|2131428212|null|10034: granting content://settings/system/notification_sound
06-19 14:42:10.878 W/NotificationHistory( 3846): Attempted to add notif for locked/gone/disabled user 0
06-19 14:42:10.891 W/ActivityManager( 3846): Slow operation: 60ms so far, now at startProcess: returned from zygote!
06-19 14:42:10.892 W/ActivityManager( 3846): Slow operation: 61ms so far, now at startProcess: done updating battery stats
06-19 14:42:10.892 W/ActivityManager( 3846): Slow operation: 61ms so far, now at startProcess: building log message
06-19 14:42:10.892 I/ActivityManager( 3846): Start proc 5987:com.netflix.ninja/u0a53 for broadcast {com.netflix.ninja/com.netflix.ninja.BootCompleteReceiver}
06-19 14:42:10.892 W/ActivityManager( 3846): Slow operation: 61ms so far, now at startProcess: starting to update pids map
06-19 14:42:10.893 W/ActivityManager( 3846): Slow operation: 62ms so far, now at startProcess: done updating pids map
06-19 14:42:10.916 D/WindowManager( 3846): Unhandled key: inputToken=android.os.BinderProxy@bfa0634, title=com.iwedia.ui.rjio.launcher.reliance/com.iwedia.ui.rjio.launcher.ui.intro.JioPrerollVideoActivity, action=1, flags=8, keyCode=20, scanCode=108, metaState=0, repeatCount=0, policyFlags=1728053248
06-19 14:42:10.916 D/WindowManager( 3846): No fallback.
06-19 14:42:10.987 W/[   29.195470@1]- RTW(    0): LeaveAllPowerSaveModeDirect.....
06-19 14:42:10.987 W/[   29.195486@1]- RTW(    0): rtw_hal_set_macaddr_port wlan0- hw port(0) mac_addr =2c:73:60:db:c0:84
06-19 14:42:10.988 W/[   29.197789@3]- RTW(    0): wlan0- hw port(0) mac_addr =2c:73:60:db:c0:84
06-19 14:42:10.988 W/[   29.197918@3]- RTW(    0): p2p0- hw port(1) mac_addr =2e:73:60:db:c0:84
06-19 14:42:11.035 W/[   29.245451@2]- RTW(    0): wlan0 wakeup m0=0x00000002, ori reg_0x4d4=0x00000002
06-19 14:42:11.036 W/[   29.245560@2]- RTW(    0): survey done event(39) band:0 for wlan0
06-19 14:42:11.036 W/        (    0): [   29.245577@2]- ========== ACS (VER-3) ==========
06-19 14:42:11.036 W/        (    0): [   29.245580@2]- Best 24G Channel:4
06-19 14:42:11.036 W/        (    0): [   29.245584@2]- Best 5G Channel:116
06-19 14:42:11.036 W/        (    0): [   29.245584@2]-
06-19 14:42:11.036 W/[   29.245713@2]- RTW(    0): rtw_indicate_scan_done(wlan0)
06-19 14:42:11.058 W/ContextImpl( 5946): Calling a method in the system process without a qualified user: android.app.ContextImpl.bindService:1748 android.content.ContextWrapper.bindService:756 l.a.c:5 l.a.a:4 com.realsil.sdk.dfu.utils.DfuAdapter.initialize:11 
06-19 14:42:11.075 W/[   29.286392@2]- RTW(    0): ==>rtw_ps_processor .fw_state(8)
06-19 14:42:11.079 W/[   29.288551@2]- RTW(    0): ==>ips_enter cnts:1
06-19 14:42:11.079 W/[   29.288558@2]- RTW(    0): nolinked power save enter
06-19 14:42:11.079 W/[   29.288562@2]- RTW(    0): ===> rtw_ips_pwr_down...................
06-19 14:42:11.080 W/[   29.288566@2]- RTW(    0): ====> rtw_ips_dev_unload...
06-19 14:42:11.080 W/[   29.288987@2]- RTW(    0): disable_interrupt: update SDIO HIMR=0
06-19 14:42:11.080 W/[   29.289093@2]- RTW(    0): SetHwReg: bMacPwrCtrlOn=0
06-19 14:42:11.121 W/[   29.327480@2]- RTW(    0): <=== rtw_ips_pwr_down..................... in 40ms
06-19 14:42:11.145 W/ContextImpl( 5946): Calling a method in the system process without a qualified user: android.app.ContextImpl.bindService:1748 android.content.ContextWrapper.bindService:756 l.a.c:5 l.a.a:4 com.realsil.sdk.dfu.utils.DfuAdapter.initialize:11 
06-19 14:42:11.188 W/ContextImpl( 5392): Calling a method in the system process without a qualified user: android.app.ContextImpl.sendBroadcast:1126 android.content.ContextWrapper.sendBroadcast:473 com.iwedia.tvinput.engine.ChannelManager.init:1679 com.iwedia.tvinput.engine.BaseDtvEngine.initializeDtvFunctionality:159 com.iwedia.tvinput.engine.DtvEngine.initializeDtvFunctionality:81 
06-19 14:42:11.262 I/[   29.469144@1]- resman(    0): 24 appname:OMX-21, type=0
06-19 14:42:11.376 I/[   29.585462@3]- resman(    0): 24 acquire [codec_mm], preempt yes
06-19 14:42:11.376 I/[   29.585474@3]- resman(    0): 24 score 30 secure no
06-19 14:42:11.376 I/[   29.585479@3]- resman(    0): 24 acquire [codec_mm] success
06-19 14:42:11.376 D/        (    0): [   29.586781@3]- the demux           clock on, ref cnt: 2
06-19 14:42:11.376 D/        (    0): [   29.586791@3]- the parser_top      clock on, ref cnt: 2
06-19 14:42:11.376 D/        (    0): [   29.586800@3]- the vdec            clock on, ref cnt: 1
06-19 14:42:11.376 D/        (    0): [   29.586824@3]- the clk_vdec_mux    clock on, ref cnt: 1
06-19 14:42:11.382 D/        (    0): [   29.586903@3]- vdec mux clock is 499999992 Hz
06-19 14:42:11.384 D/        (    0): [   29.587016@3]- vdec_create instance 00000000b50beebc, total 1, PM: legacy
06-19 14:42:11.384 D/        (    0): [   29.587186@3]- no drmmode
06-19 14:42:11.384 I/        (    0): [   29.587258@3]- is_reset=0
06-19 14:42:11.384 I/        (    0): [   29.587284@3]- vdec_init, dev_name:ammvdec_h264, vdec_type=VDEC_TYPE_FRAME_BLOCK  id = 0
06-19 14:42:11.384 D/        (    0): [   29.588132@3]- ammvdec_h264_mmu_init tvp = 0x0 mmu_enable 0
06-19 14:42:11.384 D/        (    0): [   29.588140@3]- decoder_bmmu_box_alloc_box, tvp_flags = 0
06-19 14:42:11.384 D/[   29.588158@3]- 0(    0): ammvdec_h264_probe mmu_enable 0 double_write_mode 0x10
06-19 14:42:11.384 D/[   29.590237@3]- 0(    0): ammvdec_h264 mem-addr=0,buff_offset=56c10000,buf_start=56c00000
06-19 14:42:11.384 D/        (    0): [   29.590331@3]- vdec mux clock is 666666656 Hz
06-19 14:42:11.384 D/        (    0): [   29.590336@3]- vdec1 video changed to 3840 x 2160 60 fps clk->667MHZ
06-19 14:42:11.384 W/        (    0): [   29.590342@3]- H264 sysinfo: 1032x476 duration=3840, pts_outside=1
06-19 14:42:11.384 D/        (    0): [   29.590346@3]- sync_outside=0, use_idr_framerate=0, is_used_v4l: 0
06-19 14:42:11.384 I/        (    0): [   29.590412@3]- [TEE], the fw (h264_multi) will be loaded.
06-19 14:42:11.384 D/        (    0): [   29.592512@3]- vh264_init, phy_addr=7446e000 vaddr=00000000251bdda0
06-19 14:42:11.390 D/        (    0): [   29.594157@1]- vfm map vdec-map-0 created
06-19 14:42:11.390 I/[   29.594179@1]- dim(    0): ch[1]:di_receiver_event_fun,8:_REG
06-19 14:42:11.390 I/[   29.594184@1]- dim(    0): reg:vdec.h264.00[1]
06-19 14:42:11.390 I/[   29.594280@1]- dim(    0): reg:use[0]ms
06-19 14:42:11.390 E/[   29.594295@1]- reg(    0): v4lvideo
06-19 14:42:11.390 I/[   29.594301@1]- dim(    0): ch[1]:di_receiver_event_fun,3:_START
06-19 14:42:11.390 D/        (    0): [   29.594307@1]- vdec_init, vf_provider_name = vdec.h264.00, b 0
06-19 14:42:11.390 I/        (    0): [   29.598052@1]- vdec->port_flag=0x102, port_flag=0x10b
06-19 14:42:11.439 D/[   29.604437@3]- v4lvid(    0): dbg: v4lvideo open
06-19 14:42:11.468 W/[   29.609132@2]- RTW(    0): cfg80211_rtw_scan(wlan0)
06-19 14:42:11.498 D/        (    0): [   29.609147@2]- random mac_addr: 00000000: 62 a5 8b 17 d3 22                                b...."
06-19 14:42:11.498 W/[   29.609164@2]- RTW(    0): _rtw_pwr_wakeup call ips_leave....
06-19 14:42:11.498 W/[   29.609168@2]- RTW(    0): ==>ips_leave cnts:1
06-19 14:42:11.498 W/[   29.609172@2]- RTW(    0): ===>  rtw_ips_pwr_up..............
06-19 14:42:11.498 W/[   29.609190@2]- RTW(    0): ===> ips_netdrv_open.........
06-19 14:42:11.498 W/[   29.609196@2]- RTW(    0): rtl8822b_hal_init fw source from array
06-19 14:42:11.498 D/[   29.684373@3]- 0(    0): AV_SCRATCH_1 = 83079e41, AV_SCRATCH_2 18043
06-19 14:42:11.498 D/[   29.684425@3]- 0(    0): chroma_format_idc = 1 frame_mbs_only_flag 1, crop_bottom 4,  frame_height 476,
06-19 14:42:11.498 D/[   29.684430@3]- 0(    0): mb_height 30,crop_right 8, frame_width 1032, mb_width 65
06-19 14:42:11.499 D/[   29.684435@3]- 0(    0): level_idc = 32 pic_size = 748800 size = 10
06-19 14:42:11.499 D/[   29.684440@3]- 0(    0): mb height/widht/total: 20/44/880 level_idc 20 max_ref_num 3
06-19 14:42:11.499 D/[   29.684446@3]- 0(    0): restriction_flag=0, max_dec_frame_buffering=0, dec_dpb_size=12 num_reorder_frames 0 used_reorder_dpb_size_margin 9
06-19 14:42:11.499 D/[   29.684451@3]- 0(    0): vh264_set_params active_buf_spec_num 21 dec_dpb_size 12 collocate_buf_num 7
06-19 14:42:11.535 W/[   29.745805@1]- RTW(    0): SetHwReg: bMacPwrCtrlOn=1
06-19 14:42:11.544 D/[   29.753550@1]- 0(    0): num_ref_frames change from 0 to 3
06-19 14:42:11.548 I/[   29.755771@1]- dim(    0): value reg:ch[1]:fix_buf:0;ponly <0,0>
06-19 14:42:11.548 I/[   29.755786@1]- dim(    0): 1032x476-0x9000.
06-19 14:42:11.548 I/[   29.755867@1]- dim(    0): dim_nr_ds_init alloc nrds canvas 33.
06-19 14:42:11.548 I/[   29.756973@1]- v4lvideo(    0): provider name: vdec.h264.00
06-19 14:42:11.566 D/        (    0): [   29.765318@0]- cal_dur_from_pts vstatus 3840 dur3600 -> 3840, revised 3840
06-19 14:42:11.566 I/[   29.765554@0]- vframe_rate_uevent(    0): sent uevent FRAME_RATE_HINT=3840
06-19 14:42:11.588 I/[   29.794736@3]- vc(    0): [0]vc: set enable index=0, val=1
06-19 14:42:11.588 I/        (    0): [   29.794757@3]- dev->index =0, val=2
06-19 14:42:11.588 I/[   29.794762@3]- VID(    0): VD1 off
06-19 14:42:11.588 I/[   29.794770@3]- VID(    0): VD1 set global output as 1
06-19 14:42:11.588 I/[   29.794800@3]- VID(    0): store VD0 path_id changed -1->2
06-19 14:42:11.588 I/[   29.794821@3]- vc(    0): [0]sideband_type =-1
06-19 14:42:11.647 W/[   29.851478@1]- RTW(    0): _rtw_hal_set_fw_rsvd_page(wlan0) Get [ NOR ] RsvdPageNUm  ==>
06-19 14:42:11.861 W/[   29.851490@1]- RTW(    0): LocPsPoll: 4
06-19 14:42:11.861 W/[   29.851499@1]- RTW(    0): LocNullData: 5
06-19 14:42:11.861 W/[   29.851505@1]- RTW(    0): LocQosNull: 6
06-19 14:42:11.861 W/[   29.851511@1]- RTW(    0): LocBTQosNull: 7
06-19 14:42:11.861 W/[   29.851517@1]- RTW(    0): _rtw_hal_set_fw_rsvd_page(wlan0) Get [ NOR ] RsvdPageNUm <==
06-19 14:42:11.861 W/[   29.885591@3]- RTW(    0): enable_interrupt(wlan0): update SDIO HIMR=0x00000001
06-19 14:42:12.002 D/WindowManager( 3846): Unhandled key: inputToken=android.os.BinderProxy@bfa0634, title=com.iwedia.ui.rjio.launcher.reliance/com.iwedia.ui.rjio.launcher.ui.intro.JioPrerollVideoActivity, action=0, flags=8, keyCode=20, scanCode=108, metaState=0, repeatCount=0, policyFlags=1728053249
06-19 14:42:12.002 D/WindowManager( 3846): No fallback.
06-19 14:42:12.002 D/WindowManager( 3846): Unhandled key: inputToken=android.os.BinderProxy@bfa0634, title=com.iwedia.ui.rjio.launcher.reliance/com.iwedia.ui.rjio.launcher.ui.intro.JioPrerollVideoActivity, action=1, flags=8, keyCode=20, scanCode=108, metaState=0, repeatCount=0, policyFlags=1728053248
06-19 14:42:12.002 D/WindowManager( 3846): No fallback.
06-19 14:42:12.003 D/WindowManager( 3846): Unhandled key: inputToken=android.os.BinderProxy@bfa0634, title=com.iwedia.ui.rjio.launcher.reliance/com.iwedia.ui.rjio.launcher.ui.intro.JioPrerollVideoActivity, action=0, flags=8, keyCode=20, scanCode=108, metaState=0, repeatCount=0, policyFlags=1728053249
06-19 14:42:12.003 D/WindowManager( 3846): No fallback.
06-19 14:42:12.011 D/WindowManager( 3846): Unhandled key: inputToken=android.os.BinderProxy@bfa0634, title=com.iwedia.ui.rjio.launcher.reliance/com.iwedia.ui.rjio.launcher.ui.intro.JioPrerollVideoActivity, action=1, flags=8, keyCode=20, scanCode=108, metaState=0, repeatCount=0, policyFlags=1728053248
06-19 14:42:12.011 D/WindowManager( 3846): No fallback.
06-19 14:42:12.013 D/WindowManager( 3846): Unhandled key: inputToken=android.os.BinderProxy@bfa0634, title=com.iwedia.ui.rjio.launcher.reliance/com.iwedia.ui.rjio.launcher.ui.intro.JioPrerollVideoActivity, action=0, flags=8, keyCode=20, scanCode=108, metaState=0, repeatCount=0, policyFlags=1728053249
06-19 14:42:12.014 D/WindowManager( 3846): No fallback.
06-19 14:42:12.029 D/WindowManager( 3846): Unhandled key: inputToken=android.os.BinderProxy@bfa0634, title=com.iwedia.ui.rjio.launcher.reliance/com.iwedia.ui.rjio.launcher.ui.intro.JioPrerollVideoActivity, action=1, flags=8, keyCode=20, scanCode=108, metaState=0, repeatCount=0, policyFlags=1728053248
06-19 14:42:12.029 D/WindowManager( 3846): No fallback.
06-19 14:42:12.036 D/WindowManager( 3846): Unhandled key: inputToken=android.os.BinderProxy@bfa0634, title=com.iwedia.ui.rjio.launcher.reliance/com.iwedia.ui.rjio.launcher.ui.intro.JioPrerollVideoActivity, action=0, flags=8, keyCode=20, scanCode=108, metaState=0, repeatCount=0, policyFlags=1728053249
06-19 14:42:12.036 D/WindowManager( 3846): No fallback.
06-19 14:42:12.059 D/WindowManager( 3846): Unhandled key: inputToken=android.os.BinderProxy@bfa0634, title=com.iwedia.ui.rjio.launcher.reliance/com.iwedia.ui.rjio.launcher.ui.intro.JioPrerollVideoActivity, action=0, flags=8, keyCode=20, scanCode=108, metaState=0, repeatCount=0, policyFlags=1728053249
06-19 14:42:12.059 D/WindowManager( 3846): No fallback.
06-19 14:42:12.063 D/WindowManager( 3846): Unhandled key: inputToken=android.os.BinderProxy@bfa0634, title=com.iwedia.ui.rjio.launcher.reliance/com.iwedia.ui.rjio.launcher.ui.intro.JioPrerollVideoActivity, action=1, flags=8, keyCode=20, scanCode=108, metaState=0, repeatCount=0, policyFlags=1728053248
06-19 14:42:12.063 D/WindowManager( 3846): No fallback.
06-19 14:42:12.188 I/[   30.397929@3]- spk_mute_set(    0): mute flag = 1
06-19 14:42:12.298 D/INSETS  ( 3846): else - Package Name ::  left : 0 right :: 0 top :: 0 bottom :: 0 dfu-right :: 1920 dfu-bottom :: 1080
06-19 14:42:12.308 V/ActivityTaskManager( 3846): Old State : STOPPING Updated state : STOPPED Activity : ComponentInfo{com.iwedia.ui.rjio.launcher.reliance/com.iwedia.ui.rjio.launcher.ui.intro.IntroActivity}
06-19 14:42:12.308 V/ActivityTaskManager( 3846): Sending Broadcast : Intent { act=com.jio.remote.action.applaunch flg=0x40000000 pkg=com.jio.remote.btserver (has extras) }
06-19 14:42:12.757 D/CompatibilityChangeReporter( 3846): Compat change id reported: 135634846; UID 1000; state: DISABLED
06-19 14:42:12.858 W/ActivityManager( 3846): Slow operation: 103ms so far, now at startProcess: returned from zygote!
06-19 14:42:12.859 W/ActivityManager( 3846): Slow operation: 103ms so far, now at startProcess: done updating battery stats
06-19 14:42:12.859 W/ActivityManager( 3846): Slow operation: 103ms so far, now at startProcess: building log message
06-19 14:42:12.859 I/ActivityManager( 3846): Start proc 6084:com.rjil.jiostblogservice/1000 for broadcast {com.rjil.jiostblogservice/com.rjil.jiostblogservice.receiver.BootReceiver}
06-19 14:42:12.859 W/ActivityManager( 3846): Slow operation: 103ms so far, now at startProcess: starting to update pids map
06-19 14:42:12.860 W/ActivityManager( 3846): Slow operation: 104ms so far, now at startProcess: done updating pids map
06-19 14:42:13.067 D/CompatibilityChangeReporter( 3846): Compat change id reported: 135634846; UID 10077; state: DISABLED
06-19 14:42:13.068 D/CompatibilityChangeReporter( 3846): Compat change id reported: 143937733; UID 10077; state: ENABLED
06-19 14:42:13.068 D/CompatibilityChangeReporter( 3846): Compat change id reported: 136219221; UID 1000; state: ENABLED
06-19 14:42:13.071 D/CompatibilityChangeReporter( 3846): Compat change id reported: 136219221; UID 1000; state: DISABLED
06-19 14:42:13.152 W/ActivityManager( 3846): Slow operation: 85ms so far, now at startProcess: returned from zygote!
06-19 14:42:13.153 W/ActivityManager( 3846): Slow operation: 86ms so far, now at startProcess: done updating battery stats
06-19 14:42:13.153 W/ActivityManager( 3846): Slow operation: 86ms so far, now at startProcess: building log message
06-19 14:42:13.153 I/ActivityManager( 3846): Start proc 6108:com.jio.jiopay/u0a77 for broadcast {com.jio.jiopay/com.jio.jiopay.common.BootReceiver}
06-19 14:42:13.153 W/ActivityManager( 3846): Slow operation: 86ms so far, now at startProcess: starting to update pids map
06-19 14:42:13.153 W/ActivityManager( 3846): Slow operation: 86ms so far, now at startProcess: done updating pids map
06-19 14:42:13.188 W/[   31.395655@2]- RTW(    0): rtl8822b_hal_init Download Firmware from array success
06-19 14:42:13.188 W/[   31.395666@2]- RTW(    0): NIC FW Version:30 SubVersion:20 FW size:161240
06-19 14:42:13.199 W/[   31.409688@3]- RTW(    0): rtl8822b_mac_verify successful
06-19 14:42:13.227 W/[   31.434930@2]- RTW(    0): txpath=0x3, rxpath=0x3
06-19 14:42:13.253 W/[   31.434938@2]- RTW(    0): txpath_1ss:0x1, num:1
06-19 14:42:13.254 W/[   31.434942@2]- RTW(    0): txpath_2ss:0x3, num:2
06-19 14:42:13.379 W/[   31.589123@0]- RTW(    0): is_valid_id_status: HALMAC_FEATURE_DUMP_PHYSICAL_EFUSE
06-19 14:42:13.379 W/[   31.589226@0]- RTW(    0): is_valid_id_status: HALMAC_FEATURE_DUMP_PHYSICAL_EFUSE
06-19 14:42:13.379 W/[   31.589304@0]- RTW(    0): is_valid_id_status: HALMAC_FEATURE_DUMP_PHYSICAL_EFUSE
06-19 14:42:13.389 W/        (    0): [   31.595914@0]- start_addr=(0x20000), end_addr=(0x40000), buffer_size=(0x20000), smp_number_max=(16384)
06-19 14:42:13.395 W/[   31.604682@0]- RTW(    0): rtw_hal_set_default_port_id_cmd (wlan0) port_id :0, mad_id:0
06-19 14:42:13.434 W/[   31.639735@3]- RTW(    0): rtw_hal_set_wifi_btc_port_id_cmd (wlan0) - hw_port :0
06-19 14:42:13.434 W/[   31.640457@0]- RTW(    0): ERROR rtl8822b_c2h_handler_no_io: C2H(9) enqueue FAIL!
06-19 14:42:13.434 W/[   31.642592@1]- RTW(    0): rtl8822b_init_misc: AMPDU agg retry with new/break when rate fall back: true / true
06-19 14:42:13.434 W/[   31.642605@1]- RTW(    0): rtw_hal_set_macaddr_port wlan0- hw port(0) mac_addr =2c:73:60:db:c0:84
06-19 14:42:13.434 W/[   31.642821@3]- RTW(    0): rtw_hal_set_macaddr_port p2p0- hw port(1) mac_addr =2e:73:60:db:c0:84
06-19 14:42:13.439 W/[   31.646507@3]- RTW(    0): [HW_VAR_ENABLE_RX_BAR] 0x6A2=0x100
06-19 14:42:13.487 D/PackageManager( 3846): Instant App installer not found with android.intent.action.INSTALL_INSTANT_APP_PACKAGE
06-19 14:42:13.487 D/PackageManager( 3846): Clear ephemeral installer activity
06-19 14:42:13.734 W/[   31.679381@2]- RTW(    0): wlan0: hw_port(0) will set mode to 2
06-19 14:42:13.734 W/[   31.679615@2]- RTW(    0): set_opmode_port0(wlan0): hw_port(0) mode=2
06-19 14:42:13.734 W/[   31.680262@2]- RTW(    0): rtw_dyn_soml_config.
06-19 14:42:13.734 W/[   31.680268@2]- RTW(    0): rtw_dyn_soml_para_set.
06-19 14:42:13.734 W/[   31.680272@2]- RTW(    0): dyn_soml_en = 1
06-19 14:42:13.734 W/[   31.680277@2]- RTW(    0): rtw_hal_init: padapter->registrypriv.set_rrsr_value=0xffffffff
06-19 14:42:13.734 W/[   31.680286@2]- RTW(    0): <===  rtw_ips_pwr_up.............. in 2072ms
06-19 14:42:13.734 W/[   31.680291@2]- RTW(    0): nolinked power save leave
06-19 14:42:13.734 W/[   31.680358@2]- RTW(    0): ==> ips_leave.....LED(0x01628282)...
06-19 14:42:13.734 W/[   31.711607@3]- RTW(    0): LeaveAllPowerSaveModeDirect.....
06-19 14:42:13.734 W/[   31.711619@3]- RTW(    0): rtw_hal_set_macaddr_port wlan0- hw port(0) mac_addr =62:a5:8b:17:d3:22
06-19 14:42:13.734 W/[   31.723180@2]- RTW(    0): wlan0- hw port(0) mac_addr =62:a5:8b:17:d3:22
06-19 14:42:13.734 W/[   31.723629@2]- RTW(    0): p2p0- hw port(1) mac_addr =2e:73:60:db:c0:84
06-19 14:42:13.734 W/[   31.723644@2]- RTW(    0): sitesurvey_cmd_hdl pno_scan_seq_num 3127
06-19 14:42:13.734 W/[   31.728065@2]- RTW(    0): [HW_VAR_CHECK_TXBUF] Empty in 4 ms
06-19 14:42:13.734 W/[   31.728236@2]- RTW(    0): wlan0 sleep m0=0x00000002, ori reg_0x4d4=0x00000000
06-19 14:42:13.857 D/CompatibilityChangeReporter( 3846): Compat change id reported: 135634846; UID 10080; state: DISABLED
06-19 14:42:13.859 D/CompatibilityChangeReporter( 3846): Compat change id reported: 143937733; UID 10080; state: ENABLED
06-19 14:42:13.920 W/ActivityManager( 3846): Slow operation: 64ms so far, now at startProcess: returned from zygote!
06-19 14:42:13.921 W/ActivityManager( 3846): Slow operation: 65ms so far, now at startProcess: done updating battery stats
06-19 14:42:13.921 W/ActivityManager( 3846): Slow operation: 65ms so far, now at startProcess: building log message
06-19 14:42:13.921 I/ActivityManager( 3846): Start proc 6146:com.zee5.aosp/u0a80 for broadcast {com.zee5.aosp/com.zee5.android.pmr.receivers.AfsPmrBootReceiver}
06-19 14:42:13.921 W/ActivityManager( 3846): Slow operation: 65ms so far, now at startProcess: starting to update pids map
06-19 14:42:13.921 W/ActivityManager( 3846): Slow operation: 65ms so far, now at startProcess: done updating pids map
06-19 14:42:14.116 W/[   32.324005@2]- RTW(    0): =>cfg80211_rtw_abort_scan(wlan0) - Abort Scan
06-19 14:42:14.156 W/[   32.324015@2]- RTW(    0): _rtw_wait_scan_done(wlan0)fw_state=WIFI_UNDER_SURVEY!
06-19 14:42:14.223 W/[   32.430513@3]- RTW(    0): _rtw_wait_scan_done(wlan0)fw_state=WIFI_UNDER_SURVEY!
06-19 14:42:14.330 W/[   32.538512@1]- RTW(    0): _rtw_wait_scan_done(wlan0)fw_state=WIFI_UNDER_SURVEY!
06-19 14:42:14.381 W/[   32.587455@1]- RTW(    0): scan_abort_hdl idx:37
06-19 14:42:14.384 W/[   32.587474@1]- RTW(    0): LeaveAllPowerSaveModeDirect.....
06-19 14:42:14.384 W/[   32.587483@1]- RTW(    0): rtw_hal_set_macaddr_port wlan0- hw port(0) mac_addr =2c:73:60:db:c0:84
06-19 14:42:14.384 W/[   32.587835@1]- RTW(    0): wlan0- hw port(0) mac_addr =2c:73:60:db:c0:84
06-19 14:42:14.384 W/[   32.587971@1]- RTW(    0): p2p0- hw port(1) mac_addr =2e:73:60:db:c0:84
06-19 14:42:14.407 W/[   32.617363@0]- RTW(    0): wlan0 wakeup m0=0x00000002, ori reg_0x4d4=0x00000002
06-19 14:42:14.407 W/[   32.617497@0]- RTW(    0): survey done event(c) band:0 for wlan0
06-19 14:42:14.408 W/        (    0): [   32.617513@0]- ========== ACS (VER-3) ==========
06-19 14:42:14.408 W/        (    0): [   32.617517@0]- Best 24G Channel:2
06-19 14:42:14.408 W/        (    0): [   32.617520@0]- Best 5G Channel:116
06-19 14:42:14.408 W/        (    0): [   32.617520@0]-
06-19 14:42:14.408 W/[   32.617696@0]- RTW(    0): rtw_indicate_scan_done(wlan0)
06-19 14:42:14.451 W/[   32.658596@3]- RTW(    0): ==>rtw_ps_processor .fw_state(8)
06-19 14:42:14.705 W/[   32.671083@3]- RTW(    0): ==>ips_enter cnts:2
06-19 14:42:14.705 W/[   32.671089@3]- RTW(    0): nolinked power save enter
06-19 14:42:14.705 W/[   32.671093@3]- RTW(    0): ===> rtw_ips_pwr_down...................
06-19 14:42:14.705 W/[   32.671097@3]- RTW(    0): ====> rtw_ips_dev_unload...
06-19 14:42:14.705 W/[   32.675905@3]- RTW(    0): disable_interrupt: update SDIO HIMR=0
06-19 14:42:14.705 W/[   32.676063@2]- RTW(    0): SetHwReg: bMacPwrCtrlOn=0
06-19 14:42:14.705 W/[   32.699041@3]- RTW(    0): <=== rtw_ips_pwr_down..................... in 28ms
06-19 14:42:14.705 W/[   32.883546@2]- RTW(    0): =>cfg80211_rtw_connect(wlan0) - Start to Connection
06-19 14:42:14.705 W/[   32.883556@2]- RTW(    0): privacy=1, key=          (null), key_len=0, key_idx=0, auth_type=0
06-19 14:42:14.705 W/[   32.883561@2]s RTW(    0): cfg80211_rtw_connect(wlan0): fw_state=0x8
06-19 14:42:14.705 W/[   32.883570@2]- RTW(    0): _rtw_pwr_wakeup call ips_leave....
06-19 14:42:14.705 W/[   32.883575@2]- RTW(    0): ==>ips_leave cnts:2
06-19 14:42:14.706 W/[   32.883579@2]- RTW(    0): ===>  rtw_ips_pwr_up..............
06-19 14:42:14.706 W/[   32.883597@2]- RTW(    0): ===> ips_netdrv_open.........
06-19 14:42:14.706 W/[   32.883603@2]- RTW(    0): rtl8822b_hal_init fw source from array
06-19 14:42:14.706 W/[   32.901005@1]- RTW(    0): SetHwReg: bMacPwrCtrlOn=1
06-19 14:42:14.724 W/[   32.931465@2]- RTW(    0): _rtw_hal_set_fw_rsvd_page(wlan0) Get [ NOR ] RsvdPageNUm  ==>
06-19 14:42:14.724 W/[   32.931475@2]- RTW(    0): LocPsPoll: 4
06-19 14:42:14.725 W/[   32.931485@2]- RTW(    0): LocNullData: 5
06-19 14:42:14.727 W/[   32.931491@2]- RTW(    0): LocQosNull: 6
06-19 14:42:14.730 W/[   32.931496@2]- RTW(    0): LocBTQosNull: 7
06-19 14:42:14.733 W/[   32.931503@2]- RTW(    0): _rtw_hal_set_fw_rsvd_page(wlan0) Get [ NOR ] RsvdPageNUm <==
06-19 14:42:14.733 W/[   32.941023@2]- RTW(    0): enable_interrupt(wlan0): update SDIO HIMR=0x00000001
06-19 14:42:15.115 D/ConnectivityService( 3846): requestNetwork for uid/pid:10080/6146 NetworkRequest [ REQUEST id=15, [ Capabilities: INTERNET&NOT_RESTRICTED&TRUSTED&NOT_VPN Uid: 10080 AdministratorUids: [] RequestorUid: 10080 RequestorPackageName: com.zee5.aosp] ]
06-19 14:42:15.116 D/ConnectivityService( 3846): NetReassign [no changes]
06-19 14:42:15.170 W/ContextImpl( 4817): Calling a method in the system process without a qualified user: android.app.ContextImpl.sendBroadcast:1126 android.content.ContextWrapper.sendBroadcast:473 com.iwedia.dtv.common.CommonTifExtnIntentHandler.sendIntent:123 com.iwedia.dtv.common.CommonTifExtnIntentHandler.notifyNetworkIdUpdate:76 com.iwedia.dtv.common.CommonTifExtnControl.notifyNetworkIdUpdate:1053 
06-19 14:42:15.203 D/CompatibilityChangeReporter( 3846): Compat change id reported: 149924527; UID 1000; state: ENABLED
06-19 14:42:15.204 D/CompatibilityChangeReporter( 3846): Compat change id reported: 132649864; UID 1000; state: DISABLED
06-19 14:42:15.206 W/ContextImpl( 4817): Calling a method in the system process without a qualified user: android.app.ContextImpl.sendBroadcast:1126 android.content.ContextWrapper.sendBroadcast:473 com.iwedia.dtv.common.CommonTifExtnIntentHandler.sendIntent:123 com.iwedia.dtv.common.CommonTifExtnIntentHandler.notifyServiceJsonInfo:87 com.iwedia.dtv.common.CommonTifExtnControl.notifyServiceJsonInfo:778 
06-19 14:42:15.296 W/ContextImpl( 4817): Calling a method in the system process without a qualified user: android.app.ContextImpl.sendBroadcast:1111 android.content.ContextWrapper.sendBroadcast:468 com.iwedia.dtv.mount.MountControl.registerCallback:936 com.iwedia.dtv.mount.IMountControl$Stub.onTransact:197 android.os.Binder.execTransactInternal:1154 
06-19 14:42:15.323 W/ContextImpl( 4817): Calling a method in the system process without a qualified user: android.app.ContextImpl.sendBroadcast:1111 android.content.ContextWrapper.sendBroadcast:468 com.iwedia.dtv.mount.MountControl.registerCallback:936 com.iwedia.dtv.mount.IMountControl$Stub.onTransact:197 android.os.Binder.execTransactInternal:1154 
06-19 14:42:15.787 W/[   33.997982@1]- RTW(    0): rtl8822b_hal_init Download Firmware from array success
06-19 14:42:15.795 W/[   33.997993@1]- RTW(    0): NIC FW Version:30 SubVersion:20 FW size:161240
06-19 14:42:15.799 W/[   34.002658@3]- RTW(    0): rtl8822b_mac_verify successful
06-19 14:42:15.816 W/[   34.023788@1]- RTW(    0): txpath=0x3, rxpath=0x3
06-19 14:42:16.142 W/wificond( 3748): Scan is not started. Ignore abort request
06-19 14:42:16.225 D/CompatibilityChangeReporter( 3846): Compat change id reported: 135634846; UID 10018; state: DISABLED
06-19 14:42:16.225 D/CompatibilityChangeReporter( 3846): Compat change id reported: 143937733; UID 10018; state: ENABLED
06-19 14:42:16.329 D/ConnectivityService( 3846): registerNetworkAgent NetworkAgentInfo{ ni{[type: WIFI[], state: UNKNOWN/IDLE, reason: (unspecified), extra: , failover: false, available: true, roaming: false]}  network{100}  nethandle{432902426637}  lp{{LinkAddresses: [ ] DnsAddresses: [ ] Domains: null MTU: 0 Routes: [ ]}}  nc{[ Transports: WIFI Capabilities: NOT_METERED&INTERNET&NOT_RESTRICTED&TRUSTED&NOT_VPN&NOT_ROAMING&FOREGROUND&NOT_CONGESTED&NOT_SUSPENDED LinkUpBandwidth>=866000Kbps LinkDnBandwidth>=866000Kbps OwnerUid: 1000 SSID: "Airtel_Allwyn parmar" RequestorUid: -1 RequestorPackageName: null]}  Score{20}  everValidated{false}  lastValidated{false}  created{false} lingering{false} explicitlySelected{false} acceptUnvalidated{false} everCaptivePortalDetected{false} lastCaptivePortalDetected{false} partialConnectivity{false} acceptPartialConnectivity{false} clat{mBaseIface: null, mIface: null, mState: IDLE} }
06-19 14:42:16.339 W/ActivityManager( 3846): Slow operation: 115ms so far, now at startProcess: returned from zygote!
06-19 14:42:16.339 W/ActivityManager( 3846): Slow operation: 115ms so far, now at startProcess: done updating battery stats
06-19 14:42:16.340 W/ActivityManager( 3846): Slow operation: 116ms so far, now at startProcess: building log message
06-19 14:42:16.340 I/ActivityManager( 3846): Start proc 6260:com.aksys.jiogamepad/u0a18 for broadcast {com.aksys.jiogamepad/com.aksys.jiogamepad.service.UpdatePowerOnReceiver}
06-19 14:42:16.340 W/ActivityManager( 3846): Slow operation: 116ms so far, now at startProcess: starting to update pids map
06-19 14:42:16.340 W/ActivityManager( 3846): Slow operation: 116ms so far, now at startProcess: done updating pids map
06-19 14:42:16.350 W/ContextImpl( 4901): Calling a method in the system process without a qualified user: android.app.ContextImpl.sendBroadcast:1126 android.content.ContextWrapper.sendBroadcast:473 insight.tr069.client.tr181.Device.JioSTB.ACS.onSetSTUNError:47 insight.tr069.client.tr181.helpers.STUNClient.<init>:145 insight.tr069.client.tr181.TR181Monitor$1.run:273 
06-19 14:42:16.594 D/CompatibilityChangeReporter( 3846): Compat change id reported: 135634846; UID 10054; state: DISABLED
06-19 14:42:16.595 D/CompatibilityChangeReporter( 3846): Compat change id reported: 143937733; UID 10054; state: DISABLED
06-19 14:42:16.660 W/ActivityManager( 3846): Slow operation: 67ms so far, now at startProcess: returned from zygote!
06-19 14:42:16.660 W/ActivityManager( 3846): Slow operation: 68ms so far, now at startProcess: done updating battery stats
06-19 14:42:16.662 W/ActivityManager( 3846): Slow operation: 69ms so far, now at startProcess: building log message
06-19 14:42:16.662 I/ActivityManager( 3846): Start proc 6294:com.android.camera2/u0a54 for broadcast {com.android.camera2/com.android.camera.DisableCameraReceiver}
06-19 14:42:16.662 W/ActivityManager( 3846): Slow operation: 69ms so far, now at startProcess: starting to update pids map
06-19 14:42:16.662 W/ActivityManager( 3846): Slow operation: 69ms so far, now at startProcess: done updating pids map
06-19 14:42:16.679 D/ConnectivityService( 3846): [100 WIFI] EVENT_NETWORK_INFO_CHANGED, going from UNKNOWN to UNKNOWN
06-19 14:42:16.717 W/ActivityManager( 3846): Foreground service started from background can not have location/camera/microphone access: service com.aksys.jiogamepad/.service.UpdateFotaMainService
06-19 14:42:16.718 V/ActivityManager( 3846): Attempted to start a foreground service (com.aksys.jiogamepad/.service.UpdateFotaMainService) with a broken notification (no icon: Notification(channel=JioGamepad Service shortcut=null contentView=null vibrate=null sound=null defaults=0x0 flags=0x40 color=0x00000000 vis=PRIVATE))
06-19 14:42:16.761 D/ConnectivityService( 3846): NetReassign [no changes]
06-19 14:42:16.762 D/ConnectivityService( 3846): Adding iface wlan0 to network 100
06-19 14:42:16.767 E/ConnectivityService( 3846): Exception adding interface: java.lang.IllegalStateException: android.os.ServiceSpecificException: Machine is not on the network (code 64)
06-19 14:42:17.226 W/[   34.023796@1]- RTW(    0): txpath_1ss:0x1, num:1
06-19 14:42:17.226 W/[   34.023800@1]- RTW(    0): txpath_2ss:0x3, num:2
06-19 14:42:17.226 W/[   34.080220@1]- RTW(    0): is_valid_id_status: HALMAC_FEATURE_DUMP_PHYSICAL_EFUSE
06-19 14:42:17.227 D/ConnectivityService( 3846): Adding iface wlan0 to network 100
06-19 14:42:17.251 W/[   34.080313@1]- RTW(    0): is_valid_id_status: HALMAC_FEATURE_DUMP_PHYSICAL_EFUSE
06-19 14:42:17.251 W/[   34.081695@3]- RTW(    0): is_valid_id_status: HALMAC_FEATURE_DUMP_PHYSICAL_EFUSE
06-19 14:42:17.251 W/        (    0): [   34.088529@3]- start_addr=(0x20000), end_addr=(0x40000), buffer_size=(0x20000), smp_number_max=(16384)
06-19 14:42:17.251 W/[   34.097718@1]- RTW(    0): rtw_hal_set_default_port_id_cmd (wlan0) port_id :0, mad_id:0
06-19 14:42:17.251 W/[   34.107075@1]- RTW(    0): rtw_hal_set_wifi_btc_port_id_cmd (wlan0) - hw_port :0
06-19 14:42:17.251 W/[   34.107470@0]- RTW(    0): ERROR rtl8822b_c2h_handler_no_io: C2H(9) enqueue FAIL!
06-19 14:42:17.251 W/[   34.108707@1]- RTW(    0): rtl8822b_init_misc: AMPDU agg retry with new/break when rate fall back: true / true
06-19 14:42:17.251 W/[   34.108720@1]- RTW(    0): rtw_hal_set_macaddr_port wlan0- hw port(0) mac_addr =2c:73:60:db:c0:84
06-19 14:42:17.251 W/[   34.108919@1]- RTW(    0): rtw_hal_set_macaddr_port p2p0- hw port(1) mac_addr =2e:73:60:db:c0:84
06-19 14:42:17.251 W/[   34.110074@3]- RTW(    0): [HW_VAR_ENABLE_RX_BAR] 0x6A2=0x100
06-19 14:42:17.251 W/[   34.142281@3]- RTW(    0): wlan0: hw_port(0) will set mode to 2
06-19 14:42:17.251 W/[   34.142746@3]- RTW(    0): set_opmode_port0(wlan0): hw_port(0) mode=2
06-19 14:42:17.251 W/[   34.147541@3]- RTW(    0): rtw_dyn_soml_config.
06-19 14:42:17.251 W/[   34.147549@3]- RTW(    0): rtw_dyn_soml_para_set.
06-19 14:42:17.251 W/[   34.147553@3]- RTW(    0): dyn_soml_en = 1
06-19 14:42:17.251 W/[   34.147558@3]- RTW(    0): rtw_hal_init: padapter->registrypriv.set_rrsr_value=0xffffffff
06-19 14:42:17.251 W/[   34.147566@3]- RTW(    0): <===  rtw_ips_pwr_up.............. in 1264ms
06-19 14:42:17.251 W/[   34.147570@3]- RTW(    0): nolinked power save leave
06-19 14:42:17.251 W/[   34.147639@3]- RTW(    0): ==> ips_leave.....LED(0x01628282)...
06-19 14:42:17.251 W/[   34.158099@3]- RTW(    0): ssid=Airtel_Allwyn parmar, len=20
06-19 14:42:17.251 W/[   34.158106@3]- RTW(    0): bssid=60:bd:2c:c2:fe:bd
06-19 14:42:17.251 W/[   34.158110@3]- RTW(    0): rtw_cfg80211_set_wpa_version, wpa_version=2
06-19 14:42:17.251 W/[   34.158114@3]- RTW(    0): rtw_cfg80211_set_auth_type, nl80211_auth_type=0
06-19 14:42:17.251 W/[   34.158118@3]- RTW(    0): cfg80211_rtw_connect, ie_len=56
06-19 14:42:17.251 W/[   34.158123@3]- RTW(    0): set wpa_ie(length:56):
06-19 14:42:17.251 W/[   34.158127@3]- RTW(    0): 30 14 01 00  00 0F AC 02  01 00 00 0F  AC 04 01 00
06-19 14:42:17.251 W/[   34.158179@3]- RTW(    0): 00 0F AC 02  80 00 7F 0A  00 00 0A 02  00 40 00 00
06-19 14:42:17.251 W/[   34.158229@3]- RTW(    0): 00 01 3B 14  80 51 53 54  73 74 75 76  77 78 79 7A
06-19 14:42:17.268 D/ConnectivityService( 3846): Setting DNS servers for network 100 to [/192.168.1.1]
06-19 14:42:17.269 D/DnsManager( 3846): sendDnsConfigurationForNetwork(100, [192.168.1.1], [], 1800, 25, 8, 64, 0, 0, , [192.168.1.1])
06-19 14:42:17.314 D/CompatibilityChangeReporter( 3846): Compat change id reported: 136219221; UID 1000; state: ENABLED
06-19 14:42:17.314 D/CompatibilityChangeReporter( 3846): Compat change id reported: 136219221; UID 1000; state: DISABLED
06-19 14:42:17.321 D/ConnectivityService( 3846): NetReassign [9 : null  100, 12 : null  100, 8 : null  100, 13 : null  100, 15 : null  100, 14 : null  100, 1 : null  100, 11 : null  100]
06-19 14:42:17.329 D/ConnectivityService( 3846): Switching to new default network: NetworkAgentInfo{ ni{[type: WIFI[], state: CONNECTED/CONNECTED, reason: (unspecified), extra: , failover: false, available: true, roaming: false]}  network{100}  nethandle{432902426637}  lp{{InterfaceName: wlan0 LinkAddresses: [ fe80::d659:4a44:a6da:d60f/64,192.168.1.33/24 ] DnsAddresses: [ /192.168.1.1 ] Domains: null MTU: 0 ServerAddress: /192.168.1.1 TcpBufferSizes: 524288,1048576,2097152,262144,524288,1048576 Routes: [ ff00::/8 -> :: wlan0 mtu 0,fe80::/64 -> :: wlan0 mtu 0,192.168.1.0/24 -> 0.0.0.0 wlan0 mtu 0,0.0.0.0/0 -> 192.168.1.1 wlan0 mtu 0 ]}}  nc{[ Transports: WIFI Capabilities: NOT_METERED&INTERNET&NOT_RESTRICTED&TRUSTED&NOT_VPN&NOT_ROAMING&FOREGROUND&NOT_CONGESTED&NOT_SUSPENDED LinkUpBandwidth>=672000Kbps LinkDnBandwidth>=672000Kbps SignalStrength: -43 OwnerUid: 1000 SSID: "Airtel_Allwyn parmar" RequestorUid: -1 RequestorPackageName: null]}  Score{20}  everValidated{false}  lastValidated{false}  created{true} lingering{false} explicitlySelected{false} acceptUnvalidated{false} everCaptivePortalDetected{false} lastCaptivePortalDetected{false} partialConnectivity{false} acceptPartialConnectivity{false} clat{mBaseIface: null, mIface: null, mState: IDLE} }
06-19 14:42:17.351 D/CompatibilityChangeReporter( 3846): Compat change id reported: 135634846; UID 10022; state: DISABLED
06-19 14:42:17.352 D/CompatibilityChangeReporter( 3846): Compat change id reported: 143937733; UID 10022; state: ENABLED
06-19 14:42:17.353 W/[   34.158307@3]- RTW(    0): 7B 7C 7D 7E  7F 80 81 82
06-19 14:42:17.353 W/[   34.158340@3]- RTW(    0): got wpa2_ie, wpa2_ielen:20
06-19 14:42:17.353 W/[   34.158906@3]- RTW(    0): rtw_cfg80211_set_cipher, ucast=1, cipher=0xfac04
06-19 14:42:17.353 W/[   34.158912@3]- RTW(    0): rtw_cfg80211_set_cipher, ucast=0, cipher=0xfac02
06-19 14:42:17.353 W/[   34.158917@3]- RTW(    0): rtw_cfg80211_set_key_mgt, key_mgt=0xfac02
06-19 14:42:17.353 W/[   34.158926@3]s RTW(    0): rtw_set_802_11_connect(wlan0)  fw_state=0x00000008
06-19 14:42:17.353 W/[   34.158943@3]s RTW(    0): [by_bssid:1][assoc_ssid:Airtel_Allwyn parmar][to_roam:0] new candidate: Airtel_Allwyn parmar(60:bd:2c:c2:fe:bd, ch36) rssi:-42
06-19 14:42:17.353 W/[   34.158950@3]s RTW(    0): rtw_select_and_join_from_scanned_queue: candidate: Airtel_Allwyn parmar(60:bd:2c:c2:fe:bd, ch:36)
06-19 14:42:17.353 W/[   34.158956@3]s RTW(    0): link to Ralink AP
06-19 14:42:17.353 W/[   34.158967@3]s RTW(    0): [HT] HAL Support LDPC = 0x03
06-19 14:42:17.353 W/[   34.158970@3]s RTW(    0): [HT] HAL Support STBC = 0x01
06-19 14:42:17.353 W/[   34.158976@3]s RTW(    0): [HT] Declare supporting RX LDPC
06-19 14:42:17.353 W/[   34.158984@3]s RTW(    0): rtw_restructure_ht_ie IEEE80211_HT_CAP_MAX_AMSDU is set
06-19 14:42:17.353 W/[   34.158988@3]s RTW(    0): [VHT] Support LDPC = 0x03
06-19 14:42:17.353 W/[   34.158990@3]s RTW(    0): [VHT] Support STBC = 0x03
06-19 14:42:17.356 W/[   34.158992@3]s RTW(    0): [VHT] Support Beamformee
06-19 14:42:17.356 W/[   34.158994@3]s RTW(    0): [VHT] Support MU-MIMO STA
06-19 14:42:17.356 W/[   34.159001@3]s RTW(    0): rtw_build_vht_cap_ie, line818, Set MAX MPDU len = 11454 bytes
06-19 14:42:17.356 W/[   34.159003@3]s RTW(    0): [VHT] Declare supporting RX LDPC
06-19 14:42:17.356 W/[   34.159005@3]s RTW(    0): [VHT] Declare supporting SGI 80MHz
06-19 14:42:17.356 W/[   34.159007@3]s RTW(    0): [VHT] Declare supporting TX STBC
06-19 14:42:17.356 W/[   34.159009@3]s RTW(    0): [VHT] Declare supporting RX STBC = 1
06-19 14:42:17.356 W/[   34.159010@3]s RTW(    0): [VHT] Declare supporting SU Bfee
06-19 14:42:17.356 W/[   34.159012@3]s RTW(    0): [VHT] Declare supporting MU Bfee
06-19 14:42:17.356 W/[   34.159025@3]- RTW(    0): set ssid:dot11AuthAlgrthm=2, dot11PrivacyAlgrthm=4, dot118021XGrpPrivacy=2
06-19 14:42:17.356 W/[   34.159030@3]- RTW(    0): <=cfg80211_rtw_connect, ret 0
06-19 14:42:17.356 W/[   34.166747@0]- RTW(    0): rtw_chk_start_clnt_join(wlan0) req: 36,2,1
06-19 14:42:17.356 W/[   34.166756@0]- RTW(    0): rtw_chk_start_clnt_join(wlan0) others ld_sta_num:0, ap_num:0, mesh_num:0
06-19 14:42:17.360 W/[   34.166764@0]- RTW(    0): rtw_dfs_rd_en_decision(wlan0) needed:0, mlme_act:6, excl_ifbmp:0x00
06-19 14:42:17.360 W/[   34.166769@0]- RTW(    0): rtw_dfs_rd_en_decision(wlan0) ld_sta_num:0, lg_sta_num:1, ap_num:0, mesh_num:0, 36,2,1
06-19 14:42:17.360 W/[   34.166774@0]- RTW(    0): rtw_chk_start_clnt_join(wlan0) union: 36,2,1
06-19 14:42:17.360 W/[   34.167730@3]- RTW(    0): rtw_hal_set_bssid wlan0- hw port -0 BSSID: 60:bd:2c:c2:fe:bd
06-19 14:42:17.360 W/[   34.280591@1]- RTW(    0): is_valid_id_status: HALMAC_FEATURE_IQK
06-19 14:42:17.360 W/[   34.336768@1]- RTW(    0): OnBeacon: beacon keys ready
06-19 14:42:17.360 W/[   34.336777@1]- RTW(    0): link to Ralink AP
06-19 14:42:17.360 W/[   34.336783@1]- RTW(    0): start auth
06-19 14:42:17.360 W/[   34.336796@1]- RTW(    0): issue_auth
06-19 14:42:17.360 W/[   34.339384@1]- RTW(    0): OnAction_back
06-19 14:42:17.360 W/[   34.339575@1]- RTW(    0): OnAction_back
06-19 14:42:17.360 W/[   34.339712@1]- RTW(    0): OnAuthClient
06-19 14:42:17.360 W/[   34.339717@1]- RTW(    0): auth success, start assoc
06-19 14:42:17.360 W/[   34.339738@1]- RTW(    0): network.SupportedRates[0]=8C
06-19 14:42:17.360 W/[   34.339741@1]- RTW(    0): network.SupportedRates[1]=12
06-19 14:42:17.360 W/[   34.339745@1]- RTW(    0): network.SupportedRates[2]=98
06-19 14:42:17.360 W/[   34.339749@1]- RTW(    0): network.SupportedRates[3]=24
06-19 14:42:17.360 W/[   34.339752@1]- RTW(    0): network.SupportedRates[4]=B0
06-19 14:42:17.360 W/[   34.339756@1]- RTW(    0): network.SupportedRates[5]=48
06-19 14:42:17.360 W/[   34.339759@1]- RTW(    0): network.SupportedRates[6]=60
06-19 14:42:17.360 W/[   34.339762@1]- RTW(    0): network.SupportedRates[7]=6C
06-19 14:42:17.360 W/[   34.339766@1]- RTW(    0): bssrate_len = 8
06-19 14:42:17.360 W/[   34.339969@1]- RTW(    0): OnAction_back
06-19 14:42:17.360 W/[   34.340700@1]- RTW(    0): OnAction_back
06-19 14:42:17.360 W/[   34.340886@1]- RTW(    0): OnAction_back
06-19 14:42:17.360 W/[   34.341066@1]- RTW(    0): OnAction_back
06-19 14:42:17.360 W/[   34.342286@1]- RTW(    0): OnAssocRsp
06-19 14:42:17.360 W/[   34.342299@1]- RTW(    0): Enable HT Tx LDPC!
06-19 14:42:17.360 W/[   34.342305@1]- RTW(    0): Current VHT LDPC Setting = 0A
06-19 14:42:17.360 W/[   34.342308@1]- RTW(    0): Current VHT STBC Setting = 0A
06-19 14:42:17.360 W/[   34.342312@1]- RTW(    0): Current VHT Beamforming Setting=0x0302
06-19 14:42:17.360 W/[   34.342322@1]- RTW(    0): report_join_res(1, 0)
06-19 14:42:17.361 W/[   34.342337@1]s RTW(    0): rtw_joinbss_update_network
06-19 14:42:17.361 W/[   34.342347@1]s RTW(    0): +rtw_update_ht_cap()
06-19 14:42:17.361 W/[   34.342363@1]s RTW(    0): rtw_alloc_macid(wlan0) if1, mac_addr:60:bd:2c:c2:fe:bd macid:0
06-19 14:42:17.361 W/[   34.342365@1]s RTW(    0): rtw_joinbss_update_stainfo
06-19 14:42:17.361 W/[   34.342372@1]s RTW(    0): rtw_get_sta_tx_nss: 2 SS
06-19 14:42:17.361 W/[   34.342374@1]s RTW(    0): rtw_get_sta_rx_nss: 2 ss
06-19 14:42:17.361 W/[   34.342377@1]s RTW(    0): STA - MAC_ID:0, Tx - 2 SS, Rx - 2 SS
06-19 14:42:17.361 W/[   34.342379@1]s RTW(    0): STA - MAC_ID:0, SM_PS 3
06-19 14:42:17.361 W/[   34.342383@1]s RTW(    0): vht_mcs_map=fa ff, nss=2 => bitmap=00000000000fffff
06-19 14:42:17.361 W/[   34.342387@1]s RTW(    0): ### Set STA_(0) info ###
06-19 14:42:17.361 W/[   34.342395@1]s RTW(    0): rtw_xmit_queue_set(wlan0): enable queue TX for macid=0
06-19 14:42:17.361 W/[   34.342399@1]s RTW(    0): rtw_cfg80211_indicate_connect(wlan0)
06-19 14:42:17.361 W/[   34.342479@1]s RTW(    0): assoc success
06-19 14:42:17.361 W/[   34.342594@2]- RTW(    0): OnAction_back
06-19 14:42:17.361 W/[   34.342599@2]- RTW(    0): OnAction_back, action=2
06-19 14:42:17.361 W/[   34.342604@2]- RTW(    0): OnAction_back(): DELBA: 0(27)
06-19 14:42:17.361 W/[   34.342672@3]- RTW(    0): rtw_set_rts_bw connect_to_8812=0,enable=1
06-19 14:42:17.361 W/[   34.342729@1]- RTW(    0): rtw_ndev_notifier_call(wlan0) state:4
06-19 14:42:17.361 W/[   34.344741@2]- RTW(    0): OnAction_back
06-19 14:42:17.417 W/[   34.344750@2]- RTW(    0): OnAction_back, action=2
06-19 14:42:17.417 W/[   34.344754@2]- RTW(    0): OnAction_back(): DELBA: 0(27)
06-19 14:42:17.417 W/[   34.346662@0]- RTW(    0): HW_VAR_BASIC_RATE: 0x150->0x150->0x150
06-19 14:42:17.417 W/[   34.354397@2]- RTW(    0): WMM(0): 0, a42b
06-19 14:42:17.417 W/[   34.354766@2]- RTW(    0): WMM(1): 0, a44f
06-19 14:42:17.417 W/[   34.354903@2]- RTW(    0): WMM(2): 0, 5e4322
06-19 14:42:17.417 W/[   34.355024@1]- RTW(    0): WMM(3): 0, 2f3222
