01-01 00:00:04.557 D/SystemUIBootTiming(  814): StartServicescom.android.systemui.toast.ToastUI took to complete: 0ms
01-01 00:00:04.558 D/SystemUIBootTiming(  814): StartServices took to complete: 281ms
01-01 00:00:04.568 W/ActivityThread( 1007): Failed to find provider info for android.media.tv (user not unlocked)
01-01 00:00:04.593 I/chatty  ( 1007): uid=1000(system) com.droidlogic identical 2 lines
01-01 00:00:04.607 W/ActivityThread( 1007): Failed to find provider info for android.media.tv (user not unlocked)
01-01 00:00:04.608 V/DigitalSignage(  656): Package Name: null
01-01 00:00:04.608 V/DigitalSignage(  656): Left: 0
01-01 00:00:04.608 V/DigitalSignage(  656): Right: 0
01-01 00:00:04.608 V/DigitalSignage(  656): Top: 0
01-01 00:00:04.608 V/DigitalSignage(  656): Bottom: 0
01-01 00:00:04.609 D/DigitalSignage(  656): else - Package Name :: null left : 0 right :: 0 top :: 0 bottom :: 0 dfu-right :: 1920 dfu-bottom :: 1080
01-01 00:00:04.609 V/DigitalSignage(  656): Package Name: null
01-01 00:00:04.609 V/DigitalSignage(  656): Left: 0
01-01 00:00:04.609 V/DigitalSignage(  656): Right: 0
01-01 00:00:04.609 V/DigitalSignage(  656): Top: 0
01-01 00:00:04.609 V/DigitalSignage(  656): Bottom: 0
01-01 00:00:04.609 D/DigitalSignage(  656): else - Package Name :: null left : 0 right :: 0 top :: 0 bottom :: 0 dfu-right :: 1920 dfu-bottom :: 1080
01-01 00:00:04.617 V/DigitalSignage(  656): Package Name: null
01-01 00:00:04.617 V/DigitalSignage(  656): Left: 0
01-01 00:00:04.617 V/DigitalSignage(  656): Right: 0
01-01 00:00:04.617 V/DigitalSignage(  656): Top: 0
01-01 00:00:04.617 V/DigitalSignage(  656): Bottom: 0
01-01 00:00:04.617 D/DigitalSignage(  656): else - Package Name :: null left : 0 right :: 0 top :: 0 bottom :: 0 dfu-right :: 1920 dfu-bottom :: 1080
01-01 00:00:04.617 V/DigitalSignage(  656): Package Name: null
01-01 00:00:04.617 V/DigitalSignage(  656): Left: 0
01-01 00:00:04.617 V/DigitalSignage(  656): Right: 0
01-01 00:00:04.617 V/DigitalSignage(  656): Top: 0
01-01 00:00:04.617 V/DigitalSignage(  656): Bottom: 0
01-01 00:00:04.617 D/DigitalSignage(  656): else - Package Name :: null left : 0 right :: 0 top :: 0 bottom :: 0 dfu-right :: 1920 dfu-bottom :: 1080
01-01 00:00:04.620 W/ActivityThread( 1007): Failed to find provider info for android.media.tv (user not unlocked)
01-01 00:00:04.635 W/ActivityThread( 1007): Failed to find provider info for android.media.tv (user not unlocked)
01-01 00:00:04.646 I/DropBoxManagerService(  656): add tag=system_app_strictmode isTagEnabled=true flags=0x2
01-01 00:00:04.650 W/ActivityThread( 1007): Failed to find provider info for android.media.tv (user not unlocked)
01-01 00:00:04.665 W/ActivityThread( 1007): Failed to find provider info for android.media.tv (user not unlocked)
01-01 00:00:04.677 I/android.hardware.wifi@1.0-service.droidlogic(  420): Adding interface handle for wlan0
01-01 00:00:04.678 I/android.hardware.wifi@1.0-service.droidlogic(  420): Adding interface handle for p2p0
01-01 00:00:04.678 W/android.hardware.wifi@1.0-service.droidlogic(  420): No active wlan interfaces in use! Using default
01-01 00:00:04.678 E/android.hardware.wifi@1.0-service.droidlogic(  420): Failed to register radio mode change callback
01-01 00:00:04.678 W/android.hardware.wifi@1.0-service.droidlogic(  420): No active wlan interfaces in use! Using default
01-01 00:00:04.678 W/ActivityThread( 1007): Failed to find provider info for android.media.tv (user not unlocked)
01-01 00:00:04.683 V/DigitalSignage(  656): Package Name: null
01-01 00:00:04.683 V/DigitalSignage(  656): Left: 0
01-01 00:00:04.683 V/DigitalSignage(  656): Right: 0
01-01 00:00:04.683 V/DigitalSignage(  656): Top: 0
01-01 00:00:04.683 V/DigitalSignage(  656): Bottom: 0
01-01 00:00:04.683 D/DigitalSignage(  656): else - Package Name :: null left : 0 right :: 0 top :: 0 bottom :: 0 dfu-right :: 1920 dfu-bottom :: 1080
01-01 00:00:04.684 V/DigitalSignage(  656): Package Name: null
01-01 00:00:04.684 V/DigitalSignage(  656): Left: 0
01-01 00:00:04.684 V/DigitalSignage(  656): Right: 0
01-01 00:00:04.684 V/DigitalSignage(  656): Top: 0
01-01 00:00:04.684 V/DigitalSignage(  656): Bottom: 0
01-01 00:00:04.684 D/DigitalSignage(  656): else - Package Name :: null left : 0 right :: 0 top :: 0 bottom :: 0 dfu-right :: 1920 dfu-bottom :: 1080
01-01 00:00:04.687 I/android.hardware.wifi@1.0-service.droidlogic(  420): Configured chip in mode 0
01-01 00:00:04.687 W/android.hardware.wifi@1.0-service.droidlogic(  420): No active wlan interfaces in use! Using default
01-01 00:00:04.690 V/DigitalSignage(  656): Package Name: null
01-01 00:00:04.690 V/DigitalSignage(  656): Left: 0
01-01 00:00:04.690 V/DigitalSignage(  656): Right: 0
01-01 00:00:04.690 V/DigitalSignage(  656): Top: 0
01-01 00:00:04.690 V/DigitalSignage(  656): Bottom: 0
01-01 00:00:04.691 W/ActivityThread( 1007): Failed to find provider info for android.media.tv (user not unlocked)
01-01 00:00:04.691 D/DigitalSignage(  656): else - Package Name :: null left : 0 right :: 0 top :: 0 bottom :: 0 dfu-right :: 1920 dfu-bottom :: 1080
01-01 00:00:04.691 V/DigitalSignage(  656): Package Name: null
01-01 00:00:04.691 V/DigitalSignage(  656): Left: 0
01-01 00:00:04.691 V/DigitalSignage(  656): Right: 0
01-01 00:00:04.691 V/DigitalSignage(  656): Top: 0
01-01 00:00:04.691 V/DigitalSignage(  656): Bottom: 0
01-01 00:00:04.691 D/DigitalSignage(  656): else - Package Name :: null left : 0 right :: 0 top :: 0 bottom :: 0 dfu-right :: 1920 dfu-bottom :: 1080
01-01 00:00:04.695 I/android.hardware.wifi@1.0-service.droidlogic(  420): Adding interface handle for wlan0
01-01 00:00:04.695 I/android.hardware.wifi@1.0-service.droidlogic(  420): Adding interface handle for p2p0
01-01 00:00:04.696 E/android.hardware.wifi@1.0-service.droidlogic(  420): Failed to set DFS flag; DFS channels may be unavailable.
01-01 00:00:04.705 W/ActivityThread( 1007): Failed to find provider info for android.media.tv (user not unlocked)
01-01 00:00:04.730 I/chatty  ( 1007): uid=1000(system) com.droidlogic identical 2 lines
01-01 00:00:04.742 W/ActivityThread( 1007): Failed to find provider info for android.media.tv (user not unlocked)
01-01 00:00:04.744 I/WindowManager(  656): ******* TELLING SURFACE FLINGER WE ARE BOOTED!
01-01 00:00:04.748 I/wificond(  322): create scanner for interface with index: 8
01-01 00:00:04.748 I/wificond(  322): subscribe scan result for interface with index: 8
01-01 00:00:04.749 I/ActivityManagerTiming(  656): FinishBooting
01-01 00:00:04.750 I/ActivityManager(  656): About to commit checkpoint
01-01 00:00:04.751 I/SystemServiceManager(  656): Starting phase 1000
01-01 00:00:04.751 I/ActivityManagerTiming(  656): OnBootPhase_1000
01-01 00:00:04.751 I/ActivityManagerTiming(  656): OnBootPhase_1000_com.android.server.security.FileIntegrityService
01-01 00:00:04.751 D/ActivityManagerTiming(  656): OnBootPhase_1000_com.android.server.security.FileIntegrityService took to complete: 0ms
01-01 00:00:04.751 I/ActivityManagerTiming(  656): OnBootPhase_1000_com.android.server.pm.Installer
01-01 00:00:04.751 D/ActivityManagerTiming(  656): OnBootPhase_1000_com.android.server.pm.Installer took to complete: 0ms
01-01 00:00:04.751 I/ActivityManagerTiming(  656): OnBootPhase_1000_com.android.server.os.DeviceIdentifiersPolicyService
01-01 00:00:04.751 D/ActivityManagerTiming(  656): OnBootPhase_1000_com.android.server.os.DeviceIdentifiersPolicyService took to complete: 0ms
01-01 00:00:04.751 I/ActivityManagerTiming(  656): OnBootPhase_1000_com.android.server.uri.UriGrantsManagerService$Lifecycle
01-01 00:00:04.751 D/ActivityManagerTiming(  656): OnBootPhase_1000_com.android.server.uri.UriGrantsManagerService$Lifecycle took to complete: 0ms
01-01 00:00:04.751 I/ActivityManagerTiming(  656): OnBootPhase_1000_com.android.server.wm.ActivityTaskManagerService$Lifecycle
01-01 00:00:04.751 D/ActivityManagerTiming(  656): OnBootPhase_1000_com.android.server.wm.ActivityTaskManagerService$Lifecycle took to complete: 0ms
01-01 00:00:04.751 I/ActivityManagerTiming(  656): OnBootPhase_1000_com.android.server.am.ActivityManagerService$Lifecycle
01-01 00:00:04.751 D/ActivityManagerTiming(  656): OnBootPhase_1000_com.android.server.am.ActivityManagerService$Lifecycle took to complete: 0ms
01-01 00:00:04.751 I/ActivityManagerTiming(  656): OnBootPhase_1000_com.android.server.pm.DataLoaderManagerService
01-01 00:00:04.751 D/ActivityManagerTiming(  656): OnBootPhase_1000_com.android.server.pm.DataLoaderManagerService took to complete: 0ms
01-01 00:00:04.751 I/ActivityManagerTiming(  656): OnBootPhase_1000_com.android.server.power.PowerManagerService
01-01 00:00:04.753 V/DisplayPowerController(  656): Brightness [0.39763778] reason changing to: 'manual', previous reason: 'override'.
01-01 00:00:04.753 D/ActivityManagerTiming(  656): OnBootPhase_1000_com.android.server.power.PowerManagerService took to complete: 1ms
01-01 00:00:04.753 I/ActivityManagerTiming(  656): OnBootPhase_1000_com.android.server.power.ThermalManagerService
01-01 00:00:04.753 D/ActivityManagerTiming(  656): OnBootPhase_1000_com.android.server.power.ThermalManagerService took to complete: 0ms
01-01 00:00:04.753 I/ActivityManagerTiming(  656): OnBootPhase_1000_com.android.server.recoverysystem.RecoverySystemService$Lifecycle
01-01 00:00:04.753 D/ActivityManagerTiming(  656): OnBootPhase_1000_com.android.server.recoverysystem.RecoverySystemService$Lifecycle took to complete: 0ms
01-01 00:00:04.753 I/ActivityManagerTiming(  656): OnBootPhase_1000_com.android.server.lights.LightsService
01-01 00:00:04.753 D/ActivityManagerTiming(  656): OnBootPhase_1000_com.android.server.lights.LightsService took to complete: 0ms
01-01 00:00:04.754 I/ActivityManagerTiming(  656): OnBootPhase_1000_com.android.server.display.DisplayManagerService
01-01 00:00:04.754 D/ActivityManagerTiming(  656): OnBootPhase_1000_com.android.server.display.DisplayManagerService took to complete: 0ms
01-01 00:00:04.754 I/ActivityManagerTiming(  656): OnBootPhase_1000_com.android.server.pm.UserManagerService$LifeCycle
01-01 00:00:04.754 D/ActivityManagerTiming(  656): OnBootPhase_1000_com.android.server.pm.UserManagerService$LifeCycle took to complete: 0ms
01-01 00:00:04.754 I/ActivityManagerTiming(  656): OnBootPhase_1000_com.android.server.om.OverlayManagerService
01-01 00:00:04.754 D/ActivityManagerTiming(  656): OnBootPhase_1000_com.android.server.om.OverlayManagerService took to complete: 0ms
01-01 00:00:04.754 I/ActivityManagerTiming(  656): OnBootPhase_1000_com.android.server.SensorPrivacyService
01-01 00:00:04.754 D/ActivityManagerTiming(  656): OnBootPhase_1000_com.android.server.SensorPrivacyService took to complete: 0ms
01-01 00:00:04.754 I/ActivityManagerTiming(  656): OnBootPhase_1000_com.android.server.SystemConfigService
01-01 00:00:04.754 D/ActivityManagerTiming(  656): OnBootPhase_1000_com.android.server.SystemConfigService took to complete: 0ms
01-01 00:00:04.754 I/ActivityManagerTiming(  656): OnBootPhase_1000_com.android.server.BatteryService
01-01 00:00:04.754 D/ActivityManagerTiming(  656): OnBootPhase_1000_com.android.server.BatteryService took to complete: 0ms
01-01 00:00:04.754 I/ActivityManagerTiming(  656): OnBootPhase_1000_com.android.server.usage.UsageStatsService
01-01 00:00:04.754 D/ActivityManagerTiming(  656): OnBootPhase_1000_com.android.server.usage.UsageStatsService took to complete: 0ms
01-01 00:00:04.754 I/ActivityManagerTiming(  656): OnBootPhase_1000_com.android.server.webkit.WebViewUpdateService
01-01 00:00:04.754 D/ActivityManagerTiming(  656): OnBootPhase_1000_com.android.server.webkit.WebViewUpdateService took to complete: 0ms
01-01 00:00:04.754 I/ActivityManagerTiming(  656): OnBootPhase_1000_com.android.server.CachedDeviceStateService
01-01 00:00:04.754 D/ActivityManagerTiming(  656): OnBootPhase_1000_com.android.server.CachedDeviceStateService took to complete: 0ms
01-01 00:00:04.754 I/ActivityManagerTiming(  656): OnBootPhase_1000_com.android.server.BinderCallsStatsService$LifeCycle
01-01 00:00:04.754 D/ActivityManagerTiming(  656): OnBootPhase_1000_com.android.server.BinderCallsStatsService$LifeCycle took to complete: 0ms
01-01 00:00:04.754 I/ActivityManagerTiming(  656): OnBootPhase_1000_com.android.server.LooperStatsService$Lifecycle
01-01 00:00:04.754 D/ActivityManagerTiming(  656): OnBootPhase_1000_com.android.server.LooperStatsService$Lifecycle took to complete: 0ms
01-01 00:00:04.754 I/ActivityManagerTiming(  656): OnBootPhase_1000_com.android.server.rollback.RollbackManagerService
01-01 00:00:04.755 D/ActivityManagerTiming(  656): OnBootPhase_1000_com.android.server.rollback.RollbackManagerService took to complete: 1ms
01-01 00:00:04.755 I/ActivityManagerTiming(  656): OnBootPhase_1000_com.android.server.os.BugreportManagerService
01-01 00:00:04.755 D/ActivityManagerTiming(  656): OnBootPhase_1000_com.android.server.os.BugreportManagerService took to complete: 0ms
01-01 00:00:04.755 I/ActivityManagerTiming(  656): OnBootPhase_1000_com.android.server.gpu.GpuService
01-01 00:00:04.755 D/ActivityManagerTiming(  656): OnBootPhase_1000_com.android.server.gpu.GpuService took to complete: 0ms
01-01 00:00:04.755 I/ActivityManagerTiming(  656): OnBootPhase_1000_com.android.server.security.KeyChainSystemService
01-01 00:00:04.755 D/ActivityManagerTiming(  656): OnBootPhase_1000_com.android.server.security.KeyChainSystemService took to complete: 0ms
01-01 00:00:04.755 I/ActivityManagerTiming(  656): OnBootPhase_1000_com.android.server.telecom.TelecomLoaderService
01-01 00:00:04.755 D/ActivityManagerTiming(  656): OnBootPhase_1000_com.android.server.telecom.TelecomLoaderService took to complete: 0ms
01-01 00:00:04.755 I/ActivityManagerTiming(  656): OnBootPhase_1000_com.android.server.accounts.AccountManagerService$Lifecycle
01-01 00:00:04.755 D/ActivityManagerTiming(  656): OnBootPhase_1000_com.android.server.accounts.AccountManagerService$Lifecycle took to complete: 0ms
01-01 00:00:04.755 I/ActivityManagerTiming(  656): OnBootPhase_1000_com.android.server.content.ContentService$Lifecycle
01-01 00:00:04.756 D/ActivityManagerTiming(  656): OnBootPhase_1000_com.android.server.content.ContentService$Lifecycle took to complete: 0ms
01-01 00:00:04.756 I/ActivityManagerTiming(  656): OnBootPhase_1000_com.android.server.DropBoxManagerService
01-01 00:00:04.756 D/ActivityManagerTiming(  656): OnBootPhase_1000_com.android.server.DropBoxManagerService took to complete: 0ms
01-01 00:00:04.756 I/ActivityManagerTiming(  656): OnBootPhase_1000_com.android.server.AlarmManagerService
01-01 00:00:04.756 D/RollbackManager(  656): mRollbackLifetimeDurationInMillis=1209600000
01-01 00:00:04.756 D/ActivityManagerTiming(  656): OnBootPhase_1000_com.android.server.AlarmManagerService took to complete: 0ms
01-01 00:00:04.756 I/ActivityManagerTiming(  656): OnBootPhase_1000_com.android.server.BluetoothService
01-01 00:00:04.756 W/ActivityThread( 1007): Failed to find provider info for android.media.tv (user not unlocked)
01-01 00:00:04.757 D/ActivityManagerTiming(  656): OnBootPhase_1000_com.android.server.BluetoothService took to complete: 0ms
01-01 00:00:04.757 I/ActivityManagerTiming(  656): OnBootPhase_1000_com.android.server.connectivity.IpConnectivityMetrics
01-01 00:00:04.757 D/ActivityManagerTiming(  656): OnBootPhase_1000_com.android.server.connectivity.IpConnectivityMetrics took to complete: 0ms
01-01 00:00:04.757 I/ActivityManagerTiming(  656): OnBootPhase_1000_com.android.server.net.watchlist.NetworkWatchlistService$Lifecycle
01-01 00:00:04.758 D/ActivityManagerTiming(  656): OnBootPhase_1000_com.android.server.net.watchlist.NetworkWatchlistService$Lifecycle took to complete: 0ms
01-01 00:00:04.758 I/ActivityManagerTiming(  656): OnBootPhase_1000_com.android.server.PinnerService
01-01 00:00:04.758 D/ActivityManagerTiming(  656): OnBootPhase_1000_com.android.server.PinnerService took to complete: 0ms
01-01 00:00:04.758 I/ActivityManagerTiming(  656): OnBootPhase_1000_com.google.android.startop.iorap.IorapForwardingService
01-01 00:00:04.758 D/ActivityManagerTiming(  656): OnBootPhase_1000_com.google.android.startop.iorap.IorapForwardingService took to complete: 0ms
01-01 00:00:04.758 I/ActivityManagerTiming(  656): OnBootPhase_1000_com.android.server.integrity.AppIntegrityManagerService
01-01 00:00:04.758 D/ActivityManagerTiming(  656): OnBootPhase_1000_com.android.server.integrity.AppIntegrityManagerService took to complete: 0ms
01-01 00:00:04.758 I/ActivityManagerTiming(  656): OnBootPhase_1000_com.android.server.inputmethod.InputMethodManagerService$Lifecycle
01-01 00:00:04.758 D/ActivityManagerTiming(  656): OnBootPhase_1000_com.android.server.inputmethod.InputMethodManagerService$Lifecycle took to complete: 0ms
01-01 00:00:04.758 I/ActivityManagerTiming(  656): OnBootPhase_1000_com.android.server.accessibility.AccessibilityManagerService$Lifecycle
01-01 00:00:04.758 D/ActivityManagerTiming(  656): OnBootPhase_1000_com.android.server.accessibility.AccessibilityManagerService$Lifecycle took to complete: 0ms
01-01 00:00:04.758 I/ActivityManagerTiming(  656): OnBootPhase_1000_com.android.server.StorageManagerService$Lifecycle
01-01 00:00:04.759 D/StorageManagerService(  656): Thinking about init, mBootCompleted=true, mDaemonConnected=true
01-01 00:00:04.759 D/StorageManagerService(  656): Thinking about reset, mBootCompleted=true, mDaemonConnected=true
01-01 00:00:04.759 I/StorageSessionController(  656): Started resetting external storage service...
01-01 00:00:04.759 I/StorageSessionController(  656): Finished resetting external storage service
01-01 00:00:04.759 I/StorageManagerService(  656): Resetting vold...
01-01 00:00:04.760 I/StorageManagerService(  656): onVolumeStateChanged emulated;0 state:7
01-01 00:00:04.760 I/StorageManagerService(  656): onVolumeStateChanged - volumeInfo:null
01-01 00:00:04.762 I/StorageManagerService(  656): Reset vold
01-01 00:00:04.762 I/vold    (  240): onUserAdded: 0
01-01 00:00:04.762 D/StorageManagerService(  656): FUSE flags. Settings: true. Default: true
01-01 00:00:04.762 D/ActivityManagerTiming(  656): OnBootPhase_1000_com.android.server.StorageManagerService$Lifecycle took to complete: 4ms
01-01 00:00:04.762 I/ActivityManagerTiming(  656): OnBootPhase_1000_com.android.server.usage.StorageStatsService$Lifecycle
01-01 00:00:04.762 D/ActivityManagerTiming(  656): OnBootPhase_1000_com.android.server.usage.StorageStatsService$Lifecycle took to complete: 0ms
01-01 00:00:04.762 I/ActivityManagerTiming(  656): OnBootPhase_1000_com.android.server.UiModeManagerService
01-01 00:00:04.763 D/ActivityManagerTiming(  656): OnBootPhase_1000_com.android.server.UiModeManagerService took to complete: 0ms
01-01 00:00:04.763 I/ActivityManagerTiming(  656): OnBootPhase_1000_com.android.server.locksettings.LockSettingsService$Lifecycle
01-01 00:00:04.763 D/ActivityManagerTiming(  656): OnBootPhase_1000_com.android.server.locksettings.LockSettingsService$Lifecycle took to complete: 0ms
01-01 00:00:04.763 I/ActivityManagerTiming(  656): OnBootPhase_1000_com.android.server.PersistentDataBlockService
01-01 00:00:04.763 D/ActivityManagerTiming(  656): OnBootPhase_1000_com.android.server.PersistentDataBlockService took to complete: 0ms
01-01 00:00:04.763 I/ActivityManagerTiming(  656): OnBootPhase_1000_com.android.server.testharness.TestHarnessModeService
01-01 00:00:04.763 D/TestHarnessModeService(  656): Completing Test Harness Mode setup.
01-01 00:00:04.770 W/ActivityThread( 1007): Failed to find provider info for android.media.tv (user not unlocked)
01-01 00:00:04.771 D/AppStandbyController(  656): Loading headless system app cache. appIdleEnabled=true
01-01 00:00:04.810 W/ActivityThread( 1007): Failed to find provider info for android.media.tv (user not unlocked)
01-01 00:00:04.818 W/SystemServiceManager(  656): Service com.android.server.testharness.TestHarnessModeService took 55 ms in onBootPhase
01-01 00:00:04.819 D/ActivityManagerTiming(  656): OnBootPhase_1000_com.android.server.testharness.TestHarnessModeService took to complete: 56ms
01-01 00:00:04.819 I/ActivityManagerTiming(  656): OnBootPhase_1000_com.android.server.oemlock.OemLockService
01-01 00:00:04.819 D/ActivityManagerTiming(  656): OnBootPhase_1000_com.android.server.oemlock.OemLockService took to complete: 0ms
01-01 00:00:04.819 I/ActivityManagerTiming(  656): OnBootPhase_1000_com.android.server.DeviceIdleController
01-01 00:00:04.819 D/ActivityManagerTiming(  656): OnBootPhase_1000_com.android.server.DeviceIdleController took to complete: 0ms
01-01 00:00:04.820 I/ActivityManagerTiming(  656): OnBootPhase_1000_com.android.server.devicepolicy.DevicePolicyManagerService$Lifecycle
01-01 00:00:04.820 D/ActivityManagerTiming(  656): OnBootPhase_1000_com.android.server.devicepolicy.DevicePolicyManagerService$Lifecycle took to complete: 0ms
01-01 00:00:04.820 I/ActivityManagerTiming(  656): OnBootPhase_1000_com.android.server.textservices.TextServicesManagerService$Lifecycle
01-01 00:00:04.820 D/ActivityManagerTiming(  656): OnBootPhase_1000_com.android.server.textservices.TextServicesManagerService$Lifecycle took to complete: 0ms
01-01 00:00:04.820 I/ActivityManagerTiming(  656): OnBootPhase_1000_com.android.server.textclassifier.TextClassificationManagerService$Lifecycle
01-01 00:00:04.820 D/ActivityManagerTiming(  656): OnBootPhase_1000_com.android.server.textclassifier.TextClassificationManagerService$Lifecycle took to complete: 0ms
01-01 00:00:04.820 I/ActivityManagerTiming(  656): OnBootPhase_1000_com.android.server.NetworkScoreService$Lifecycle
01-01 00:00:04.820 D/ActivityManagerTiming(  656): OnBootPhase_1000_com.android.server.NetworkScoreService$Lifecycle took to complete: 0ms
01-01 00:00:04.820 I/ActivityManagerTiming(  656): OnBootPhase_1000_com.android.server.wifi.WifiService
01-01 00:00:04.821 D/ActivityManagerTiming(  656): OnBootPhase_1000_com.android.server.wifi.WifiService took to complete: 1ms
01-01 00:00:04.821 I/ActivityManagerTiming(  656): OnBootPhase_1000_com.android.server.wifi.scanner.WifiScanningService
01-01 00:00:04.821 D/ActivityManagerTiming(  656): OnBootPhase_1000_com.android.server.wifi.scanner.WifiScanningService took to complete: 0ms
01-01 00:00:04.821 I/ActivityManagerTiming(  656): OnBootPhase_1000_com.android.server.wifi.p2p.WifiP2pService
01-01 00:00:04.821 D/ActivityManagerTiming(  656): OnBootPhase_1000_com.android.server.wifi.p2p.WifiP2pService took to complete: 0ms
01-01 00:00:04.821 I/ActivityManagerTiming(  656): OnBootPhase_1000_com.android.server.ethernet.EthernetService
01-01 00:00:04.821 D/ActivityManagerTiming(  656): OnBootPhase_1000_com.android.server.ethernet.EthernetService took to complete: 0ms
01-01 00:00:04.821 I/ActivityManagerTiming(  656): OnBootPhase_1000_com.android.server.notification.NotificationManagerService
01-01 00:00:04.821 D/ActivityManagerTiming(  656): OnBootPhase_1000_com.android.server.notification.NotificationManagerService took to complete: 0ms
01-01 00:00:04.821 I/ActivityManagerTiming(  656): OnBootPhase_1000_com.android.server.storage.DeviceStorageMonitorService
01-01 00:00:04.821 D/ActivityManagerTiming(  656): OnBootPhase_1000_com.android.server.storage.DeviceStorageMonitorService took to complete: 0ms
01-01 00:00:04.821 I/ActivityManagerTiming(  656): OnBootPhase_1000_com.android.server.location.LocationManagerService$Lifecycle
01-01 00:00:04.821 D/ActivityManagerTiming(  656): OnBootPhase_1000_com.android.server.location.LocationManagerService$Lifecycle took to complete: 0ms
01-01 00:00:04.821 I/ActivityManagerTiming(  656): OnBootPhase_1000_com.android.server.timedetector.TimeDetectorService$Lifecycle
01-01 00:00:04.821 D/ActivityManagerTiming(  656): OnBootPhase_1000_com.android.server.timedetector.TimeDetectorService$Lifecycle took to complete: 0ms
01-01 00:00:04.821 I/ActivityManagerTiming(  656): OnBootPhase_1000_com.android.server.timezonedetector.TimeZoneDetectorService$Lifecycle
01-01 00:00:04.822 D/ActivityManagerTiming(  656): OnBootPhase_1000_com.android.server.timezonedetector.TimeZoneDetectorService$Lifecycle took to complete: 0ms
01-01 00:00:04.822 I/ActivityManagerTiming(  656): OnBootPhase_1000_com.android.server.search.SearchManagerService$Lifecycle
01-01 00:00:04.822 D/ActivityManagerTiming(  656): OnBootPhase_1000_com.android.server.search.SearchManagerService$Lifecycle took to complete: 0ms
01-01 00:00:04.822 I/ActivityManagerTiming(  656): OnBootPhase_1000_com.android.server.wallpaper.WallpaperManagerService$Lifecycle
01-01 00:00:04.822 D/ActivityManagerTiming(  656): OnBootPhase_1000_com.android.server.wallpaper.WallpaperManagerService$Lifecycle took to complete: 0ms
01-01 00:00:04.822 I/ActivityManagerTiming(  656): OnBootPhase_1000_com.android.server.audio.AudioService$Lifecycle
01-01 00:00:04.822 D/ActivityManagerTiming(  656): OnBootPhase_1000_com.android.server.audio.AudioService$Lifecycle took to complete: 1ms
01-01 00:00:04.823 I/ActivityManagerTiming(  656): OnBootPhase_1000_com.android.server.soundtrigger_middleware.SoundTriggerMiddlewareService$Lifecycle
01-01 00:00:04.823 D/ActivityManagerTiming(  656): OnBootPhase_1000_com.android.server.soundtrigger_middleware.SoundTriggerMiddlewareService$Lifecycle took to complete: 0ms
01-01 00:00:04.823 I/ActivityManagerTiming(  656): OnBootPhase_1000_com.android.server.DockObserver
01-01 00:00:04.823 D/ActivityManagerTiming(  656): OnBootPhase_1000_com.android.server.DockObserver took to complete: 0ms
01-01 00:00:04.823 I/ActivityManagerTiming(  656): OnBootPhase_1000_com.android.server.midi.MidiService$Lifecycle
01-01 00:00:04.823 D/ActivityManagerTiming(  656): OnBootPhase_1000_com.android.server.midi.MidiService$Lifecycle took to complete: 0ms
01-01 00:00:04.823 I/ActivityManagerTiming(  656): OnBootPhase_1000_com.android.server.adb.AdbService$Lifecycle
01-01 00:00:04.823 D/ActivityManagerTiming(  656): OnBootPhase_1000_com.android.server.adb.AdbService$Lifecycle took to complete: 0ms
01-01 00:00:04.823 I/ActivityManagerTiming(  656): OnBootPhase_1000_com.android.server.usb.UsbService$Lifecycle
01-01 00:00:04.823 D/UsbDeviceManager(  656): boot completed
01-01 00:00:04.823 D/ActivityManagerTiming(  656): OnBootPhase_1000_com.android.server.usb.UsbService$Lifecycle took to complete: 0ms
01-01 00:00:04.823 I/ActivityManagerTiming(  656): OnBootPhase_1000_com.android.server.twilight.TwilightService
01-01 00:00:04.825 D/ActivityManagerTiming(  656): OnBootPhase_1000_com.android.server.twilight.TwilightService took to complete: 1ms
01-01 00:00:04.825 I/ActivityManagerTiming(  656): OnBootPhase_1000_com.android.server.display.color.ColorDisplayService
01-01 00:00:04.825 D/ActivityManagerTiming(  656): OnBootPhase_1000_com.android.server.display.color.ColorDisplayService took to complete: 0ms
01-01 00:00:04.825 I/ActivityManagerTiming(  656): OnBootPhase_1000_com.android.server.job.JobSchedulerService
01-01 00:00:04.825 D/ActivityManagerTiming(  656): OnBootPhase_1000_com.android.server.job.JobSchedulerService took to complete: 0ms
01-01 00:00:04.825 I/ActivityManagerTiming(  656): OnBootPhase_1000_com.android.server.soundtrigger.SoundTriggerService
01-01 00:00:04.825 D/SoundTriggerService(  656): onBootPhase: 1000 : false
01-01 00:00:04.825 D/ActivityManagerTiming(  656): OnBootPhase_1000_com.android.server.soundtrigger.SoundTriggerService took to complete: 0ms
01-01 00:00:04.825 I/ActivityManagerTiming(  656): OnBootPhase_1000_com.android.server.trust.TrustManagerService
01-01 00:00:04.825 D/ActivityManagerTiming(  656): OnBootPhase_1000_com.android.server.trust.TrustManagerService took to complete: 0ms
01-01 00:00:04.825 W/ActivityThread( 1007): Failed to find provider info for android.media.tv (user not unlocked)
01-01 00:00:04.825 I/ActivityManagerTiming(  656): OnBootPhase_1000_com.android.server.backup.BackupManagerService$Lifecycle
01-01 00:00:04.825 D/ActivityManagerTiming(  656): OnBootPhase_1000_com.android.server.backup.BackupManagerService$Lifecycle took to complete: 0ms
01-01 00:00:04.825 I/ActivityManagerTiming(  656): OnBootPhase_1000_com.android.server.appwidget.AppWidgetService
01-01 00:00:04.825 D/ActivityManagerTiming(  656): OnBootPhase_1000_com.android.server.appwidget.AppWidgetService took to complete: 0ms
01-01 00:00:04.825 I/ActivityManagerTiming(  656): OnBootPhase_1000_com.android.server.role.RoleManagerService
01-01 00:00:04.825 D/ActivityManagerTiming(  656): OnBootPhase_1000_com.android.server.role.RoleManagerService took to complete: 0ms
01-01 00:00:04.825 I/ActivityManagerTiming(  656): OnBootPhase_1000_com.android.server.voiceinteraction.VoiceInteractionManagerService
01-01 00:00:04.825 D/ActivityManagerTiming(  656): OnBootPhase_1000_com.android.server.voiceinteraction.VoiceInteractionManagerService took to complete: 0ms
01-01 00:00:04.826 I/ActivityManagerTiming(  656): OnBootPhase_1000_com.android.server.GestureLauncherService
01-01 00:00:04.826 D/ActivityManagerTiming(  656): OnBootPhase_1000_com.android.server.GestureLauncherService took to complete: 0ms
01-01 00:00:04.826 I/ActivityManagerTiming(  656): OnBootPhase_1000_com.android.server.SensorNotificationService
01-01 00:00:04.826 D/UsbDeviceManager(  656): broadcasting Intent { act=android.hardware.usb.action.USB_STATE flg=0x31000000 (has extras) } extras: Bundle[{host_connected=false, connected=false, unlocked=false, adb=true, configured=false}]
01-01 00:00:04.830 D/ActivityManagerTiming(  656): OnBootPhase_1000_com.android.server.SensorNotificationService took to complete: 4ms
01-01 00:00:04.830 I/ActivityManagerTiming(  656): OnBootPhase_1000_com.android.server.emergency.EmergencyAffordanceService
01-01 00:00:04.830 D/ActivityManagerTiming(  656): OnBootPhase_1000_com.android.server.emergency.EmergencyAffordanceService took to complete: 0ms
01-01 00:00:04.830 I/ActivityManagerTiming(  656): OnBootPhase_1000_com.android.server.dreams.DreamManagerService
01-01 00:00:04.830 D/ActivityManagerTiming(  656): OnBootPhase_1000_com.android.server.dreams.DreamManagerService took to complete: 0ms
01-01 00:00:04.830 I/ActivityManagerTiming(  656): OnBootPhase_1000_com.android.server.restrictions.RestrictionsManagerService
01-01 00:00:04.830 D/ActivityManagerTiming(  656): OnBootPhase_1000_com.android.server.restrictions.RestrictionsManagerService took to complete: 0ms
01-01 00:00:04.830 I/ActivityManagerTiming(  656): OnBootPhase_1000_com.android.server.media.MediaSessionService
01-01 00:00:04.830 D/ActivityManagerTiming(  656): OnBootPhase_1000_com.android.server.media.MediaSessionService took to complete: 0ms
01-01 00:00:04.830 I/ActivityManagerTiming(  656): OnBootPhase_1000_com.android.server.blob.BlobStoreManagerService
01-01 00:00:04.831 D/ActivityManagerTiming(  656): OnBootPhase_1000_com.android.server.blob.BlobStoreManagerService took to complete: 1ms
01-01 00:00:04.831 I/ActivityManagerTiming(  656): OnBootPhase_1000_com.android.server.hdmi.HdmiControlService
01-01 00:00:04.831 D/ActivityManagerTiming(  656): OnBootPhase_1000_com.android.server.hdmi.HdmiControlService took to complete: 1ms
01-01 00:00:04.831 I/ActivityManagerTiming(  656): OnBootPhase_1000_com.android.server.tv.TvInputManagerService
01-01 00:00:04.832 D/ActivityManagerTiming(  656): OnBootPhase_1000_com.android.server.tv.TvInputManagerService took to complete: 0ms
01-01 00:00:04.832 I/ActivityManagerTiming(  656): OnBootPhase_1000_com.android.server.media.MediaResourceMonitorService
01-01 00:00:04.832 D/ActivityManagerTiming(  656): OnBootPhase_1000_com.android.server.media.MediaResourceMonitorService took to complete: 0ms
01-01 00:00:04.832 I/ActivityManagerTiming(  656): OnBootPhase_1000_com.android.server.tv.TvRemoteService
01-01 00:00:04.832 D/ActivityManagerTiming(  656): OnBootPhase_1000_com.android.server.tv.TvRemoteService took to complete: 0ms
01-01 00:00:04.832 I/ActivityManagerTiming(  656): OnBootPhase_1000_com.android.server.biometrics.BiometricService
01-01 00:00:04.832 D/ActivityManagerTiming(  656): OnBootPhase_1000_com.android.server.biometrics.BiometricService took to complete: 0ms
01-01 00:00:04.832 I/ActivityManagerTiming(  656): OnBootPhase_1000_com.android.server.biometrics.AuthService
01-01 00:00:04.832 D/ActivityManagerTiming(  656): OnBootPhase_1000_com.android.server.biometrics.AuthService took to complete: 0ms
01-01 00:00:04.832 I/ActivityManagerTiming(  656): OnBootPhase_1000_com.android.server.pm.ShortcutService$Lifecycle
01-01 00:00:04.832 D/ActivityManagerTiming(  656): OnBootPhase_1000_com.android.server.pm.ShortcutService$Lifecycle took to complete: 0ms
01-01 00:00:04.832 I/ActivityManagerTiming(  656): OnBootPhase_1000_com.android.server.pm.LauncherAppsService
01-01 00:00:04.832 D/ActivityManagerTiming(  656): OnBootPhase_1000_com.android.server.pm.LauncherAppsService took to complete: 0ms
01-01 00:00:04.832 I/ActivityManagerTiming(  656): OnBootPhase_1000_com.android.server.pm.CrossProfileAppsService
01-01 00:00:04.832 D/ActivityManagerTiming(  656): OnBootPhase_1000_com.android.server.pm.CrossProfileAppsService took to complete: 0ms
01-01 00:00:04.832 I/ActivityManagerTiming(  656): OnBootPhase_1000_com.android.server.people.PeopleService
01-01 00:00:04.832 D/ActivityManagerTiming(  656): OnBootPhase_1000_com.android.server.people.PeopleService took to complete: 0ms
01-01 00:00:04.832 I/ActivityManagerTiming(  656): OnBootPhase_1000_com.android.server.media.projection.MediaProjectionManagerService
01-01 00:00:04.832 D/ActivityManagerTiming(  656): OnBootPhase_1000_com.android.server.media.projection.MediaProjectionManagerService took to complete: 0ms
01-01 00:00:04.832 I/ActivityManagerTiming(  656): OnBootPhase_1000_com.android.server.slice.SliceManagerService$Lifecycle
01-01 00:00:04.832 D/ActivityManagerTiming(  656): OnBootPhase_1000_com.android.server.slice.SliceManagerService$Lifecycle took to complete: 0ms
01-01 00:00:04.832 I/ActivityManagerTiming(  656): OnBootPhase_1000_com.android.server.camera.CameraServiceProxy
01-01 00:00:04.832 D/ActivityManagerTiming(  656): OnBootPhase_1000_com.android.server.camera.CameraServiceProxy took to complete: 0ms
01-01 00:00:04.832 I/ActivityManagerTiming(  656): OnBootPhase_1000_com.android.server.stats.StatsCompanion$Lifecycle
01-01 00:00:04.832 D/ActivityManagerTiming(  656): OnBootPhase_1000_com.android.server.stats.StatsCompanion$Lifecycle took to complete: 0ms
01-01 00:00:04.832 I/ActivityManagerTiming(  656): OnBootPhase_1000_com.android.server.stats.pull.StatsPullAtomService
01-01 00:00:04.832 D/ActivityManagerTiming(  656): OnBootPhase_1000_com.android.server.stats.pull.StatsPullAtomService took to complete: 0ms
01-01 00:00:04.832 I/ActivityManagerTiming(  656): OnBootPhase_1000_com.android.server.incident.IncidentCompanionService
01-01 00:00:04.832 D/ActivityManagerTiming(  656): OnBootPhase_1000_com.android.server.incident.IncidentCompanionService took to complete: 0ms
01-01 00:00:04.833 I/ActivityManagerTiming(  656): OnBootPhase_1000_com.android.server.MmsServiceBroker
01-01 00:00:04.833 D/ActivityManagerTiming(  656): OnBootPhase_1000_com.android.server.MmsServiceBroker took to complete: 0ms
01-01 00:00:04.833 I/ActivityManagerTiming(  656): OnBootPhase_1000_com.android.server.autofill.AutofillManagerService
01-01 00:00:04.833 D/ActivityManagerTiming(  656): OnBootPhase_1000_com.android.server.autofill.AutofillManagerService took to complete: 0ms
01-01 00:00:04.833 I/ActivityManagerTiming(  656): OnBootPhase_1000_com.android.server.clipboard.ClipboardService
01-01 00:00:04.833 D/ActivityManagerTiming(  656): OnBootPhase_1000_com.android.server.clipboard.ClipboardService took to complete: 0ms
01-01 00:00:04.833 I/ActivityManagerTiming(  656): OnBootPhase_1000_com.android.server.appbinding.AppBindingService$Lifecycle
01-01 00:00:04.833 D/ActivityManagerTiming(  656): OnBootPhase_1000_com.android.server.appbinding.AppBindingService$Lifecycle took to complete: 0ms
01-01 00:00:04.833 I/ActivityManagerTiming(  656): OnBootPhase_1000_com.android.server.policy.PermissionPolicyService
01-01 00:00:04.833 D/ActivityManagerTiming(  656): OnBootPhase_1000_com.android.server.policy.PermissionPolicyService took to complete: 0ms
01-01 00:00:04.833 I/ActivityManagerTiming(  656): OnBootPhase_1000_com.android.server.pm.StagingManager$Lifecycle
01-01 00:00:04.833 D/ActivityManagerTiming(  656): OnBootPhase_1000_com.android.server.pm.StagingManager$Lifecycle took to complete: 0ms
01-01 00:00:04.833 D/ActivityManagerTiming(  656): OnBootPhase_1000 took to complete: 82ms
01-01 00:00:04.833 D/ActivityManagerTiming(  656): TotalBootTime took to complete: 8657ms
01-01 00:00:04.833 D/SystemServerInitThreadPool(  656): Shutdown requested
01-01 00:00:04.833 I/SystemServerTiming(  656): WaitInitThreadPoolShutdown
01-01 00:00:04.834 D/UsbDeviceManager(  656): setEnabledFunctions functions=0, forceRestart=false
01-01 00:00:04.834 D/SystemServerInitThreadPool(  656): Shutdown successful
01-01 00:00:04.834 D/SystemServerTiming(  656): WaitInitThreadPoolShutdown took to complete: 1ms
01-01 00:00:04.836 I/ActivityManager(  656): User 0 state changed from BOOTING to RUNNING_LOCKED
01-01 00:00:04.837 W/ActivityManager(  656): UserLifecycleEvent 4 received without an active userJourneySession.
01-01 00:00:04.858 D/StorageManagerService(  656): unlockUserKey: 0 isFileEncryptedNativeOrEmulated: true hasToken: false hasSecret: false
01-01 00:00:04.858 D/vold    (  240): fscrypt_unlock_user_key 0 serial=0 token_present=0
01-01 00:00:04.860 D/vold    (  240): Skipping non-key .
01-01 00:00:04.860 D/vold    (  240): Skipping non-key ..
01-01 00:00:04.860 D/vold    (  240): Trying user CE key /data/misc/vold/user_keys/ce/0/current
01-01 00:00:04.867 I/vold    (  240): List of Keymaster HALs found:
01-01 00:00:04.868 I/vold    (  240): Keymaster HAL #1: AmlogicKeymaster from Google SecurityLevel: TRUSTED_ENVIRONMENT HAL: android.hardware.keymaster@4.1::IKeymasterDevice/default
01-01 00:00:04.868 I/vold    (  240): Using AmlogicKeymaster from Google for encryption.  Security level: TRUSTED_ENVIRONMENT, HAL: android.hardware.keymaster@4.1::IKeymasterDevice/default
01-01 00:00:04.876 D/vold    (  240): Successfully retrieved key
01-01 00:00:04.879 D/vold    (  240): Installed fscrypt key with ref 86323b9c1ebf13b714ad65cc9077a6aa to /data
01-01 00:00:04.879 D/vold    (  240): Added fscrypt-provisioning key for 86323b9c1ebf13b714ad65cc9077a6aa to session keyring
01-01 00:00:04.879 D/vold    (  240): Installed ce key for user 0
01-01 00:00:04.881 W/ActivityManager(  656): UserLifecycleEvent 5 received without an active userJourneySession.
01-01 00:00:04.881 D/ActivityManager(  656): Started unlocking user 0
01-01 00:00:04.881 D/ActivityManager(  656): Unlocking user 0 progress 0
01-01 00:00:04.881 D/ActivityManager(  656): Unlocking user 0 progress 5
01-01 00:00:04.882 E/UserspaceRebootLogger(  656): Userspace reboot is not supported.
01-01 00:00:04.885 D/CompatibilityChangeReporter(  656): Compat change id reported: 135634846; UID 1000; state: DISABLED
01-01 00:00:04.886 D/ActivityManagerTiming(  656): FinishBooting took to complete: 137ms
01-01 00:00:04.887 D/vold    (  240): fscrypt_prepare_user_storage for volume null, user 0, serial 0, flags 2
01-01 00:00:04.888 D/vold    (  240): Preparing: /data/system_ce/0
01-01 00:00:04.888 D/vold    (  240): Preparing: /data/misc_ce/0
01-01 00:00:04.888 D/vold    (  240): Preparing: /data/vendor_ce/0
01-01 00:00:04.889 I/ActivityManager(  656): Notify Jio SDK Service on crash event
01-01 00:00:04.889 I/DropBoxManagerService(  656): add tag=system_server_wtf isTagEnabled=true flags=0x2
01-01 00:00:04.890 V/DigitalSignage(  656): Package Name: null
01-01 00:00:04.890 V/DigitalSignage(  656): Left: 0
01-01 00:00:04.890 V/DigitalSignage(  656): Right: 0
01-01 00:00:04.890 V/DigitalSignage(  656): Top: 0
01-01 00:00:04.890 V/DigitalSignage(  656): Bottom: 0
01-01 00:00:04.890 D/DigitalSignage(  656): else - Package Name :: null left : 0 right :: 0 top :: 0 bottom :: 0 dfu-right :: 1920 dfu-bottom :: 1080
01-01 00:00:04.890 V/DigitalSignage(  656): Package Name: null
01-01 00:00:04.890 V/DigitalSignage(  656): Left: 0
01-01 00:00:04.890 V/DigitalSignage(  656): Right: 0
01-01 00:00:04.890 V/DigitalSignage(  656): Top: 0
01-01 00:00:04.890 V/DigitalSignage(  656): Bottom: 0
01-01 00:00:04.890 D/DigitalSignage(  656): else - Package Name :: null left : 0 right :: 0 top :: 0 bottom :: 0 dfu-right :: 1920 dfu-bottom :: 1080
01-01 00:00:04.892 D/vold    (  240): Preparing: /data/media/0
01-01 00:00:04.892 V/DigitalSignage(  656): Package Name: null
01-01 00:00:04.892 V/DigitalSignage(  656): Left: 0
01-01 00:00:04.892 V/DigitalSignage(  656): Right: 0
01-01 00:00:04.892 V/DigitalSignage(  656): Top: 0
01-01 00:00:04.892 V/DigitalSignage(  656): Bottom: 0
01-01 00:00:04.893 D/DigitalSignage(  656): else - Package Name :: null left : 0 right :: 0 top :: 0 bottom :: 0 dfu-right :: 1920 dfu-bottom :: 1080
01-01 00:00:04.893 V/DigitalSignage(  656): Package Name: null
01-01 00:00:04.893 V/DigitalSignage(  656): Left: 0
01-01 00:00:04.893 V/DigitalSignage(  656): Right: 0
01-01 00:00:04.893 V/DigitalSignage(  656): Top: 0
01-01 00:00:04.893 V/DigitalSignage(  656): Bottom: 0
01-01 00:00:04.893 D/DigitalSignage(  656): else - Package Name :: null left : 0 right :: 0 top :: 0 bottom :: 0 dfu-right :: 1920 dfu-bottom :: 1080
01-01 00:00:04.893 D/vold    (  240): Preparing: /data/data
01-01 00:00:04.893 I/vold    (  240): Verified that /data/system_ce/0 has the encryption policy 86323b9c1ebf13b714ad65cc9077a6aa v2 modes 1/4 flags 0x2
01-01 00:00:04.893 I/vold    (  240): Verified that /data/misc_ce/0 has the encryption policy 86323b9c1ebf13b714ad65cc9077a6aa v2 modes 1/4 flags 0x2
01-01 00:00:04.894 I/vold    (  240): Verified that /data/vendor_ce/0 has the encryption policy 86323b9c1ebf13b714ad65cc9077a6aa v2 modes 1/4 flags 0x2
01-01 00:00:04.894 I/vold    (  240): Verified that /data/media/0 has the encryption policy 86323b9c1ebf13b714ad65cc9077a6aa v2 modes 1/4 flags 0x2
01-01 00:00:04.894 I/vold    (  240): Verified that /data/data has the encryption policy 86323b9c1ebf13b714ad65cc9077a6aa v2 modes 1/4 flags 0x2
01-01 00:00:04.894 D/vold    (  240): Starting restorecon of /data/system_ce/0
01-01 00:00:04.896 W/ActivityThread( 1007): Failed to find provider info for android.media.tv (user not unlocked)
01-01 00:00:04.899 I/DropBoxManagerService(  656): add tag=system_server_strictmode isTagEnabled=true flags=0x2
01-01 00:00:04.906 D/ColorDisplayService(  656): setUp: currentUser=0
01-01 00:00:04.908 I/DropBoxManagerService(  656): add tag=system_server_strictmode isTagEnabled=true flags=0x2
01-01 00:00:04.908 D/CompatibilityChangeReporter(  656): Compat change id reported: 135634846; UID 10028; state: DISABLED
01-01 00:00:04.911 W/ActivityThread( 1007): Failed to find provider info for android.media.tv (user not unlocked)
01-01 00:00:04.916 D/vold    (  240): Finished restorecon of /data/system_ce/0
01-01 00:00:04.916 D/vold    (  240): Starting restorecon of /data/vendor_ce/0
01-01 00:00:04.916 I/DropBoxManagerService(  656): add tag=system_server_strictmode isTagEnabled=true flags=0x2
01-01 00:00:04.923 W/ActivityThread( 1007): Failed to find provider info for android.media.tv (user not unlocked)
01-01 00:00:04.924 I/DropBoxManagerService(  656): add tag=system_server_strictmode isTagEnabled=true flags=0x2
01-01 00:00:04.925 D/vold    (  240): Finished restorecon of /data/vendor_ce/0
01-01 00:00:04.925 D/vold    (  240): Starting restorecon of /data/misc_ce/0
01-01 00:00:04.936 W/ActivityThread( 1007): Failed to find provider info for android.media.tv (user not unlocked)
01-01 00:00:04.937 D/vold    (  240): Finished restorecon of /data/misc_ce/0
01-01 00:00:04.937 D/vold    (  240): /system/bin/vold_prepare_subdirs
01-01 00:00:04.937 D/vold    (  240):     prepare
01-01 00:00:04.937 D/vold    (  240):     
01-01 00:00:04.937 D/vold    (  240):     0
01-01 00:00:04.937 D/vold    (  240):     2
01-01 00:00:04.948 W/ActivityThread( 1007): Failed to find provider info for android.media.tv (user not unlocked)
01-01 00:00:04.953 W/ActivityManager(  656): Slow operation: 69ms so far, now at startProcess: returned from zygote!
01-01 00:00:04.953 W/ActivityManager(  656): Slow operation: 69ms so far, now at startProcess: done updating battery stats
01-01 00:00:04.953 W/ActivityManager(  656): Slow operation: 69ms so far, now at startProcess: building log message
01-01 00:00:04.953 I/ActivityManager(  656): Start proc 1304:com.jio.sdk/1000 for broadcast {com.jio.sdk/com.jio.sdk.receivers.SDKBootEventRecevier}
01-01 00:00:04.953 W/ActivityManager(  656): Slow operation: 69ms so far, now at startProcess: starting to update pids map
01-01 00:00:04.954 W/ActivityManager(  656): Slow operation: 70ms so far, now at startProcess: done updating pids map
01-01 00:00:04.954 D/CompatibilityChangeReporter(  656): Compat change id reported: 143937733; UID 10028; state: ENABLED
01-01 00:00:04.966 W/ActivityThread( 1007): Failed to find provider info for android.media.tv (user not unlocked)
01-01 00:00:04.981 I/chatty  ( 1007): uid=1000(system) com.droidlogic identical 1 line
01-01 00:00:04.993 W/ActivityThread( 1007): Failed to find provider info for android.media.tv (user not unlocked)
01-01 00:00:04.995 W/ActivityManager(  656): Slow operation: 88ms so far, now at startProcess: returned from zygote!
01-01 00:00:04.995 W/ActivityManager(  656): Slow operation: 88ms so far, now at startProcess: done updating battery stats
01-01 00:00:04.995 W/ActivityManager(  656): Slow operation: 88ms so far, now at startProcess: building log message
01-01 00:00:04.995 I/ActivityManager(  656): Start proc 1310:com.reverie.swalekh.abctv/u0a28 for service {com.reverie.swalekh.abctv/com.reverie.swalekh.tv.SoftKeyboard}
01-01 00:00:04.995 W/ActivityManager(  656): Slow operation: 88ms so far, now at startProcess: starting to update pids map
01-01 00:00:04.996 W/ActivityManager(  656): Slow operation: 89ms so far, now at startProcess: done updating pids map
01-01 00:00:05.004 W/ActivityThread( 1007): Failed to find provider info for android.media.tv (user not unlocked)
01-01 00:00:05.043 I/chatty  ( 1007): uid=1000(system) com.droidlogic identical 3 lines
01-01 00:00:05.055 W/ActivityThread( 1007): Failed to find provider info for android.media.tv (user not unlocked)
01-01 00:00:05.104 W/NotificationHistory(  656): Attempted to add notif for locked/gone/disabled user 0
01-01 00:00:05.107 W/ActivityThread( 1007): Failed to find provider info for android.media.tv (user not unlocked)
01-01 00:00:05.206 I/chatty  ( 1007): uid=1000(system) com.droidlogic identical 5 lines
01-01 00:00:05.241 W/ActivityThread( 1007): Failed to find provider info for android.media.tv (user not unlocked)
01-01 00:00:05.245 W/ContextImpl( 1304): Calling a method in the system process without a qualified user: android.app.ContextImpl.startService:1669 android.content.ContextWrapper.startService:720 android.content.ContextWrapper.startService:720 com.jio.sdk.receivers.SDKBootEventRecevier.startJioSDKService:59 com.jio.sdk.receivers.SDKBootEventRecevier.onReceive:50 
01-01 00:00:05.246 W/ActivityManager(  656): Unable to start service Intent { cmp=com.jio.sdk/.JioSDKService } U=0: not found
01-01 00:00:05.251 D/CompatibilityChangeReporter(  656): Compat change id reported: 135634846; UID 10093; state: DISABLED
01-01 00:00:05.252 D/CompatibilityChangeReporter(  656): Compat change id reported: 143937733; UID 10093; state: DISABLED
01-01 00:00:05.260 W/ActivityThread( 1007): Failed to find provider info for android.media.tv (user not unlocked)
01-01 00:00:05.261 I/ActivityManager(  656): Notify Jio SDK Service on crash event
01-01 00:00:05.264 I/DropBoxManagerService(  656): add tag=system_app_wtf isTagEnabled=true flags=0x2
01-01 00:00:05.274 W/ActivityThread( 1007): Failed to find provider info for android.media.tv (user not unlocked)
01-01 00:00:05.286 I/chatty  ( 1007): uid=1000(system) com.droidlogic identical 1 line
01-01 00:00:05.299 W/ActivityThread( 1007): Failed to find provider info for android.media.tv (user not unlocked)
01-01 00:00:05.308 W/ActivityManager(  656): Slow operation: 58ms so far, now at startProcess: returned from zygote!
01-01 00:00:05.309 W/ActivityManager(  656): Slow operation: 59ms so far, now at startProcess: done updating battery stats
01-01 00:00:05.309 W/ActivityManager(  656): Slow operation: 59ms so far, now at startProcess: building log message
01-01 00:00:05.309 I/ActivityManager(  656): Start proc 1368:com.jio.stbadservice/u0a93 for broadcast {com.jio.stbadservice/com.jio.pushstbadservice.Transporter.InitBootReceiver}
01-01 00:00:05.309 W/ActivityManager(  656): Slow operation: 59ms so far, now at startProcess: starting to update pids map
01-01 00:00:05.309 W/ActivityManager(  656): Slow operation: 59ms so far, now at startProcess: done updating pids map
01-01 00:00:05.313 W/ActivityThread( 1007): Failed to find provider info for android.media.tv (user not unlocked)
01-01 00:00:05.353 I/chatty  ( 1007): uid=1000(system) com.droidlogic identical 3 lines
01-01 00:00:05.366 W/ActivityThread( 1007): Failed to find provider info for android.media.tv (user not unlocked)
01-01 00:00:05.381 W/StorageManagerService(  656): No primary storage defined yet; hacking together a stub
01-01 00:00:05.394 W/ActivityThread( 1007): Failed to find provider info for android.media.tv (user not unlocked)
01-01 00:00:05.420 I/chatty  ( 1007): uid=1000(system) com.droidlogic identical 2 lines
01-01 00:00:05.433 W/ActivityThread( 1007): Failed to find provider info for android.media.tv (user not unlocked)
01-01 00:00:05.440 W/ActivityTaskManager(  656): Current config: {1.0 ?mcc?mnc [en_IN] ldltr sw540dp w960dp h540dp 320dpi lrg long land television -touch -keyb/v/h dpad/v winConfig={ mBounds=Rect(0, 0 - 1920, 1080) mAppBounds=Rect(0, 0 - 1920, 1080) mWindowingMode=fullscreen mDisplayWindowingMode=fullscreen mActivityType=undefined mAlwaysOnTop=undefined mRotation=ROTATION_0} s.4} unchanged for IME proc com.reverie.swalekh.abctv
