07-02 20:31:31.350 D/INSETS  ( 3846): else - Package Name ::  left : 0 right :: 0 top :: 0 bottom :: 0 dfu-right :: 1920 dfu-bottom :: 1080
07-02 20:31:31.393 I/chatty  ( 3846): uid=1000(system) Binder:3846_2 identical 3 lines
07-02 20:31:31.394 D/INSETS  ( 3846): else - Package Name ::  left : 0 right :: 0 top :: 0 bottom :: 0 dfu-right :: 1920 dfu-bottom :: 1080
07-02 20:31:31.406 D/INSETS  ( 3846): else - Package Name ::  left : 0 right :: 0 top :: 0 bottom :: 0 dfu-right :: 1920 dfu-bottom :: 1080
07-02 20:31:31.406 I/chatty  ( 3846): uid=1000(system) android.anim identical 1 line
07-02 20:31:31.406 D/INSETS  ( 3846): else - Package Name ::  left : 0 right :: 0 top :: 0 bottom :: 0 dfu-right :: 1920 dfu-bottom :: 1080
07-02 20:31:31.408 D/InputMethodManagerService( 3846): Top Package Name: in.startv.hotstar
07-02 20:31:31.412 W/ContextImpl( 3846): Calling a method in the system process without a qualified user: android.app.ContextImpl.sendBroadcast:1111 com.android.server.inputmethod.InputMethodManagerService.sendSoftInputVisibilityBroadcast:3258 com.android.server.inputmethod.InputMethodManagerService.showCurrentInputLocked:3231 com.android.server.inputmethod.InputMethodManagerService.showMySoftInput:4198 com.android.server.inputmethod.InputMethodManagerService.access$4100:189 
07-02 20:31:31.414 W/[ 7376.307106@1]- RTW(    0): fill_default_txdesc(wlan0): SP Packet(0x0806) rate=0x4 SeqNum = 3303
07-02 20:31:31.416 D/InputMethodManagerService( 3846): Top Package Name: in.startv.hotstar
07-02 20:31:31.417 W/ContextImpl( 3846): Calling a method in the system process without a qualified user: android.app.ContextImpl.sendBroadcast:1111 com.android.server.inputmethod.InputMethodManagerService.sendSoftInputVisibilityBroadcast:3258 com.android.server.inputmethod.InputMethodManagerService.showCurrentInputLocked:3231 com.android.server.inputmethod.InputMethodManagerService.showMySoftInput:4198 com.android.server.inputmethod.InputMethodManagerService.access$4100:189 
07-02 20:31:31.423 D/INSETS  ( 3846): else - Package Name ::  left : 0 right :: 0 top :: 0 bottom :: 0 dfu-right :: 1920 dfu-bottom :: 1080
07-02 20:31:31.432 I/chatty  ( 3846): uid=1000(system) android.display identical 4 lines
07-02 20:31:31.432 D/INSETS  ( 3846): else - Package Name ::  left : 0 right :: 0 top :: 0 bottom :: 0 dfu-right :: 1920 dfu-bottom :: 1080
07-02 20:31:31.451 W/NotificationHistory( 3846): Attempted to add notif for locked/gone/disabled user 0
07-02 20:31:31.476 D/INSETS  ( 3846): else - Package Name ::  left : 0 right :: 0 top :: 0 bottom :: 0 dfu-right :: 1920 dfu-bottom :: 1080
07-02 20:31:31.477 I/chatty  ( 3846): uid=1000(system) Binder:3846_11 identical 1 line
07-02 20:31:31.477 D/INSETS  ( 3846): else - Package Name ::  left : 0 right :: 0 top :: 0 bottom :: 0 dfu-right :: 1920 dfu-bottom :: 1080
07-02 20:31:31.624 W/NotificationHistory( 3846): Attempted to add notif for locked/gone/disabled user 0
07-02 20:31:32.164 D/InputMethodManagerService( 3846): Top Package Name: in.startv.hotstar
07-02 20:31:32.165 W/ContextImpl( 3846): Calling a method in the system process without a qualified user: android.app.ContextImpl.sendBroadcast:1111 com.android.server.inputmethod.InputMethodManagerService.sendSoftInputVisibilityBroadcast:3258 com.android.server.inputmethod.InputMethodManagerService.showCurrentInputLocked:3231 com.android.server.inputmethod.InputMethodManagerService.attachNewInputLocked:2397 com.android.server.inputmethod.InputMethodManagerService.startInputUncheckedLocked:2503 
07-02 20:31:32.168 D/InputMethodManagerService( 3846): Top Package Name: in.startv.hotstar
07-02 20:31:32.168 W/ContextImpl( 3846): Calling a method in the system process without a qualified user: android.app.ContextImpl.sendBroadcast:1111 com.android.server.inputmethod.InputMethodManagerService.sendSoftInputVisibilityBroadcast:3258 com.android.server.inputmethod.InputMethodManagerService.showCurrentInputLocked:3231 com.android.server.inputmethod.InputMethodManagerService.showMySoftInput:4198 com.android.server.inputmethod.InputMethodManagerService.access$4100:189 
07-02 20:31:32.183 D/INSETS  ( 3846): else - Package Name ::  left : 0 right :: 0 top :: 0 bottom :: 0 dfu-right :: 1920 dfu-bottom :: 1080
07-02 20:31:32.183 I/chatty  ( 3846): uid=1000(system) Binder:3846_11 identical 1 line
07-02 20:31:32.184 D/INSETS  ( 3846): else - Package Name ::  left : 0 right :: 0 top :: 0 bottom :: 0 dfu-right :: 1920 dfu-bottom :: 1080
07-02 20:31:32.296 D/InputMethodManagerService( 3846): Top Package Name: in.startv.hotstar
07-02 20:31:32.297 W/ContextImpl( 3846): Calling a method in the system process without a qualified user: android.app.ContextImpl.sendBroadcast:1111 com.android.server.inputmethod.InputMethodManagerService.sendSoftInputVisibilityBroadcast:3258 com.android.server.inputmethod.InputMethodManagerService.showCurrentInputLocked:3231 com.android.server.inputmethod.InputMethodManagerService.showMySoftInput:4198 com.android.server.inputmethod.InputMethodManagerService.access$4100:189 
07-02 20:31:32.349 D/INSETS  ( 3846): else - Package Name ::  left : 0 right :: 0 top :: 0 bottom :: 0 dfu-right :: 1920 dfu-bottom :: 1080
07-02 20:31:32.361 I/chatty  ( 3846): uid=1000(system) android.anim identical 2 lines
07-02 20:31:32.362 D/INSETS  ( 3846): else - Package Name ::  left : 0 right :: 0 top :: 0 bottom :: 0 dfu-right :: 1920 dfu-bottom :: 1080
07-02 20:31:32.902 D/InputMethodManagerService( 3846): Top Package Name: in.startv.hotstar
07-02 20:31:32.903 W/ContextImpl( 3846): Calling a method in the system process without a qualified user: android.app.ContextImpl.sendBroadcast:1111 com.android.server.inputmethod.InputMethodManagerService.sendSoftInputVisibilityBroadcast:3258 com.android.server.inputmethod.InputMethodManagerService.showCurrentInputLocked:3231 com.android.server.inputmethod.InputMethodManagerService.attachNewInputLocked:2397 com.android.server.inputmethod.InputMethodManagerService.startInputUncheckedLocked:2503 
07-02 20:31:32.905 D/InputMethodManagerService( 3846): Top Package Name: in.startv.hotstar
07-02 20:31:32.906 W/ContextImpl( 3846): Calling a method in the system process without a qualified user: android.app.ContextImpl.sendBroadcast:1111 com.android.server.inputmethod.InputMethodManagerService.sendSoftInputVisibilityBroadcast:3258 com.android.server.inputmethod.InputMethodManagerService.showCurrentInputLocked:3231 com.android.server.inputmethod.InputMethodManagerService.showMySoftInput:4198 com.android.server.inputmethod.InputMethodManagerService.access$4100:189 
07-02 20:31:32.925 D/INSETS  ( 3846): else - Package Name ::  left : 0 right :: 0 top :: 0 bottom :: 0 dfu-right :: 1920 dfu-bottom :: 1080
07-02 20:31:32.925 D/INSETS  ( 3846): else - Package Name ::  left : 0 right :: 0 top :: 0 bottom :: 0 dfu-right :: 1920 dfu-bottom :: 1080
07-02 20:31:32.936 D/InputMethodManagerService( 3846): Top Package Name: in.startv.hotstar
07-02 20:31:32.937 W/ContextImpl( 3846): Calling a method in the system process without a qualified user: android.app.ContextImpl.sendBroadcast:1111 com.android.server.inputmethod.InputMethodManagerService.sendSoftInputVisibilityBroadcast:3258 com.android.server.inputmethod.InputMethodManagerService.showCurrentInputLocked:3231 com.android.server.inputmethod.InputMethodManagerService.showMySoftInput:4198 com.android.server.inputmethod.InputMethodManagerService.access$4100:189 
07-02 20:31:33.188 D/INSETS  ( 3846): else - Package Name ::  left : 0 right :: 0 top :: 0 bottom :: 0 dfu-right :: 1920 dfu-bottom :: 1080
07-02 20:31:33.189 D/INSETS  ( 3846): else - Package Name ::  left : 0 right :: 0 top :: 0 bottom :: 0 dfu-right :: 1920 dfu-bottom :: 1080
07-02 20:31:33.824 D/AutofillManagerService( 3846): onBackKeyPressed()
07-02 20:31:33.827 W/ContextImpl( 3846): Calling a method in the system process without a qualified user: android.app.ContextImpl.sendBroadcast:1111 com.android.server.inputmethod.InputMethodManagerService.sendSoftInputVisibilityBroadcast:3258 com.android.server.inputmethod.InputMethodManagerService.hideCurrentInputLocked:3330 com.android.server.inputmethod.InputMethodManagerService.hideMySoftInput:4180 com.android.server.inputmethod.InputMethodManagerService.access$4000:189 
07-02 20:31:33.844 D/INSETS  ( 3846): else - Package Name ::  left : 0 right :: 0 top :: 0 bottom :: 0 dfu-right :: 1920 dfu-bottom :: 1080
07-02 20:31:33.845 D/INSETS  ( 3846): else - Package Name ::  left : 0 right :: 0 top :: 0 bottom :: 0 dfu-right :: 1920 dfu-bottom :: 1080
07-02 20:31:33.858 D/INSETS  ( 3846): else - Package Name ::  left : 0 right :: 0 top :: 0 bottom :: 0 dfu-right :: 1920 dfu-bottom :: 1080
07-02 20:31:33.859 D/INSETS  ( 3846): else - Package Name ::  left : 0 right :: 0 top :: 0 bottom :: 0 dfu-right :: 1920 dfu-bottom :: 1080
07-02 20:31:33.865 D/INSETS  ( 3846): else - Package Name ::  left : 0 right :: 0 top :: 0 bottom :: 0 dfu-right :: 1920 dfu-bottom :: 1080
07-02 20:31:33.865 D/INSETS  ( 3846): else - Package Name ::  left : 0 right :: 0 top :: 0 bottom :: 0 dfu-right :: 1920 dfu-bottom :: 1080
07-02 20:31:34.069 D/INSETS  ( 3846): else - Package Name ::  left : 0 right :: 0 top :: 0 bottom :: 0 dfu-right :: 1920 dfu-bottom :: 1080
07-02 20:31:36.070 D/[ 7380.965774@3]- logd(    0): logdr: UID=0 GID=0 PID=13372 n tail=0 logMask=99 pid=0 start=0ns timeout=0ns
07-02 20:31:36.461 D/HdmiControlService( 3846): Proccess pid: 3846 is calling oneTouchPlay.
07-02 20:31:36.462 D/HdmiControlService( 3846): Local device is under address allocation. Save OTP callback for later process.
07-02 20:31:36.467 D/AutofillManagerService( 3846): Close system dialogs
07-02 20:31:36.483 I/ActivityTaskManager( 3846): START u0 {act=android.intent.action.MAIN cat=[android.intent.category.HOME] flg=0x10000100 cmp=com.iwedia.ui.rjio.launcher.reliance/com.iwedia.ui.rjio.launcher.ui.intro.IntroActivity (has extras)} from uid 0
07-02 20:31:36.483 D/ActivityTaskManager( 3846): recent debug: [launchedPkgName] --> com.iwedia.ui.rjio.launcher.reliance [callingPackage] --> null
07-02 20:31:36.488 V/ActivityTaskManager( 3846): Old State : null Updated state : INITIALIZING Activity : ComponentInfo{com.iwedia.ui.rjio.launcher.reliance/com.iwedia.ui.rjio.launcher.ui.intro.IntroActivity}
07-02 20:31:36.489 V/ActivityTaskManager( 3846): Sending Broadcast : Intent { act=com.jio.remote.action.applaunch flg=0x40000000 pkg=com.jio.remote.btserver (has extras) }
07-02 20:31:36.494 W/[ 7381.387497@0]s RTW(    0): fill_default_txdesc(wlan0): SP Packet(0x0806) rate=0x4 SeqNum = 1538
07-02 20:31:36.505 V/ActivityTaskManager( 3846): Old State : RESUMED Updated state : PAUSING Activity : ComponentInfo{in.startv.hotstar/com.hotstar.MainActivity}
07-02 20:31:36.505 V/ActivityTaskManager( 3846): Sending Broadcast : Intent { act=com.jio.remote.action.applaunch flg=0x40000000 pkg=com.jio.remote.btserver (has extras) }
07-02 20:31:36.506 D/INSETS  ( 3846): else - Package Name ::  left : 0 right :: 0 top :: 0 bottom :: 0 dfu-right :: 1920 dfu-bottom :: 1080
07-02 20:31:36.529 V/ActivityTaskManager( 3846): Old State : STOPPED Updated state : RESUMED Activity : ComponentInfo{com.iwedia.ui.rjio.launcher.reliance/com.iwedia.ui.rjio.launcher.ui.intro.IntroActivity}
07-02 20:31:36.529 V/ActivityTaskManager( 3846): Sending Broadcast : Intent { act=com.jio.remote.action.applaunch flg=0x40000000 pkg=com.jio.remote.btserver (has extras) }
07-02 20:31:36.535 V/ActivityTaskManager( 3846): Old State : PAUSING Updated state : PAUSED Activity : ComponentInfo{in.startv.hotstar/com.hotstar.MainActivity}
07-02 20:31:36.536 V/ActivityTaskManager( 3846): Sending Broadcast : Intent { act=com.jio.remote.action.applaunch flg=0x40000000 pkg=com.jio.remote.btserver (has extras) }
07-02 20:31:36.547 D/INSETS  ( 3846): else - Package Name ::  left : 0 right :: 0 top :: 0 bottom :: 0 dfu-right :: 1920 dfu-bottom :: 1080
07-02 20:31:36.588 W/WindowManager( 3846): removeWindowToken: Attempted to remove non-existing token: android.os.Binder@a1d791f
07-02 20:31:36.617 D/INSETS  ( 3846): else - Package Name ::  left : 0 right :: 0 top :: 0 bottom :: 0 dfu-right :: 1920 dfu-bottom :: 1080
07-02 20:31:36.644 I/ActivityManager( 3846): Force stopping io.appium.uiautomator2.server appid=10064 user=0: finished inst
07-02 20:31:36.650 I/ActivityManager( 3846): Killing 9695:io.appium.uiautomator2.server/u0a64 (adj 0): stop io.appium.uiautomator2.server due to finished inst
07-02 20:31:36.693 W/ActivityManager( 3846): Receiver with filter android.content.IntentFilter@c9bf48a already registered for pid 5027, callerPackage is com.iwedia.ui.rjio.launcher.reliance
07-02 20:31:36.746 I/[ 7381.640967@2]- binder(    0): undelivered TRANSACTION_COMPLETE
07-02 20:31:36.747 I/[ 7381.640979@2]- binder(    0): undelivered transaction 4361027, process died.
07-02 20:31:36.771 D/INSETS  ( 3846): else - Package Name ::  left : 0 right :: 0 top :: 0 bottom :: 0 dfu-right :: 1920 dfu-bottom :: 1080
07-02 20:31:36.898 D/INSETS  ( 3846): else - Package Name ::  left : 0 right :: 0 top :: 0 bottom :: 0 dfu-right :: 1920 dfu-bottom :: 1080
07-02 20:31:36.902 I/UsageStatsService( 3846): User[0] Flushing usage stats to disk
07-02 20:31:36.908 D/INSETS  ( 3846): else - Package Name ::  left : 0 right :: 0 top :: 0 bottom :: 0 dfu-right :: 1920 dfu-bottom :: 1080
07-02 20:31:36.929 D/INSETS  ( 3846): else - Package Name ::  left : 0 right :: 0 top :: 0 bottom :: 0 dfu-right :: 1920 dfu-bottom :: 1080
07-02 20:31:36.933 D/INSETS  ( 3846): else - Package Name ::  left : 0 right :: 0 top :: 0 bottom :: 0 dfu-right :: 1920 dfu-bottom :: 1080
07-02 20:31:36.954 V/ActivityTaskManager( 3846): Old State : PAUSED Updated state : STOPPING Activity : ComponentInfo{in.startv.hotstar/com.hotstar.MainActivity}
07-02 20:31:36.955 V/ActivityTaskManager( 3846): Sending Broadcast : Intent { act=com.jio.remote.action.applaunch flg=0x40000000 pkg=com.jio.remote.btserver (has extras) }
07-02 20:31:37.020 D/INSETS  ( 3846): else - Package Name ::  left : 0 right :: 0 top :: 0 bottom :: 0 dfu-right :: 1920 dfu-bottom :: 1080
07-02 20:31:37.057 V/ActivityTaskManager( 3846): Old State : STOPPING Updated state : STOPPED Activity : ComponentInfo{in.startv.hotstar/com.hotstar.MainActivity}
07-02 20:31:37.057 V/ActivityTaskManager( 3846): Sending Broadcast : Intent { act=com.jio.remote.action.applaunch flg=0x40000000 pkg=com.jio.remote.btserver (has extras) }
07-02 20:31:37.131 I/ActivityManager( 3846): Force stopping io.appium.uiautomator2.server.test appid=10038 user=0: from pid 13416
07-02 20:31:37.142 I/ActivityManager( 3846): Force stopping io.appium.uiautomator2.server appid=10064 user=0: from pid 13415
07-02 20:31:41.542 W/[ 7386.437885@3]- RTW(    0): fill_default_txdesc(wlan0): SP Packet(0x0806) rate=0x4 SeqNum = 2027
07-02 20:31:41.654 W/[ 7386.550353@0]- RTW(    0): cfg80211_rtw_scan(wlan0)
07-02 20:31:41.654 W/[ 7386.550364@0]- RTW(    0): cfg80211_rtw_scan (wlan0) : scan deny
07-02 20:31:44.762 W/[ 7389.655535@0]- healthd(    0): battery l=100 v=4 t=0.0 h=2 st=2 c=1100 fc=10000000 chg=u
07-02 20:31:45.735 I/ActivityManager( 3846): Force stopping in.startv.hotstar appid=10066 user=0: from pid 4878
07-02 20:31:45.736 I/ActivityManager( 3846): Killing 9779:in.startv.hotstar/u0a66 (adj 700): stop in.startv.hotstar due to from pid 4878
07-02 20:31:45.740 W/ActivityTaskManager( 3846): Force removing ActivityRecord{786cef6 u0 in.startv.hotstar/com.hotstar.MainActivity t292 f}}: app died, no saved state
07-02 20:31:45.741 V/ActivityTaskManager( 3846): Old State : STOPPED Updated state : DESTROYED Activity : ComponentInfo{in.startv.hotstar/com.hotstar.MainActivity}
07-02 20:31:45.741 V/ActivityTaskManager( 3846): Sending Broadcast : Intent { act=com.jio.remote.action.applaunch flg=0x40000000 pkg=com.jio.remote.btserver (has extras) }
07-02 20:31:45.745 D/INSETS  ( 3846): else - Package Name ::  left : 0 right :: 0 top :: 0 bottom :: 0 dfu-right :: 1920 dfu-bottom :: 1080
07-02 20:31:45.764 I/ActivityManager( 3846): Force stopping in.startv.hotstar appid=10066 user=0: from pid 4878
07-02 20:31:45.770 I/ActivityManager( 3846): Force stopping in.startv.hotstar appid=10066 user=0: from pid 4878
07-02 20:31:45.776 I/ActivityManager( 3846): Force stopping in.startv.hotstar appid=10066 user=0: from pid 4878
07-02 20:31:45.803 I/chatty  ( 3846): uid=1000(system) Binder:3846_2 identical 5 lines
07-02 20:31:45.807 I/ActivityManager( 3846): Force stopping in.startv.hotstar appid=10066 user=0: from pid 4878
07-02 20:31:45.931 D/ConnectivityService( 3846): ConnectivityService NetworkRequestInfo binderDied(NetworkRequest [ LISTEN id=41, [ Capabilities: INTERNET&NOT_RESTRICTED&TRUSTED&NOT_VPN&FOREGROUND Uid: 10066 AdministratorUids: [] RequestorUid: 10066 RequestorPackageName: in.startv.hotstar] ], android.os.BinderProxy@295c46f)
07-02 20:31:45.932 D/ConnectivityService( 3846): ConnectivityService NetworkRequestInfo binderDied(NetworkRequest [ TRACK_DEFAULT id=42, [ Capabilities: INTERNET&NOT_RESTRICTED&TRUSTED Uid: 10066 AdministratorUids: [] RequestorUid: 10066 RequestorPackageName: in.startv.hotstar] ], android.os.BinderProxy@878a57c)
07-02 20:31:45.932 W/WindowManager( 3846): Cannot find window which accessibility connection is added to
07-02 20:31:45.933 D/ConnectivityService( 3846): releasing NetworkRequest [ TRACK_DEFAULT id=42, [ Capabilities: INTERNET&NOT_RESTRICTED&TRUSTED Uid: 10066 AdministratorUids: [] RequestorUid: 10066 RequestorPackageName: in.startv.hotstar] ] (release request)
07-02 20:31:45.933 W/ActivityManager( 3846): setHasOverlayUi called on unknown pid: 9779
07-02 20:31:46.602 W/[ 7391.497753@2]- RTW(    0): fill_default_txdesc(wlan0): SP Packet(0x0806) rate=0x4 SeqNum = 2091
07-02 20:31:47.226 I/UsageStatsService( 3846): User[0] Flushing usage stats to disk
07-02 20:31:48.797 E/TaskPersister( 3846): File error accessing recents directory (directory doesn't exist?).
07-02 20:31:50.814 W/[ 7395.706552@1]- audit(    0): audit_lost=3110 audit_rate_limit=5 audit_backlog_limit=64
07-02 20:31:50.814 E/[ 7395.706560@1]- audit(    0): rate limit exceeded
07-02 20:31:51.010 W/[ 7395.902568@3]- RTW(    0): fill_default_txdesc(wlan0): SP Packet(0x0806) rate=0x4 SeqNum = 2099
07-02 20:31:51.682 W/[ 7396.576983@0]- RTW(    0): fill_default_txdesc(wlan0): SP Packet(0x0806) rate=0x4 SeqNum = 2102
07-02 20:31:56.739 W/[ 7401.631913@2]- RTW(    0): fill_default_txdesc(wlan0): SP Packet(0x0806) rate=0x4 SeqNum = 2108
07-02 20:31:57.326 I/UsageStatsService( 3846): User[0] Flushing usage stats to disk
07-02 20:32:01.140 W/[ 7406.034752@1]- RTW(    0): fill_default_txdesc(wlan0): SP Packet(0x0806) rate=0x4 SeqNum = 2116
07-02 20:32:06.505 W/[ 7411.401275@2]- RTW(    0): fill_default_txdesc(wlan0): SP Packet(0x0806) rate=0x4 SeqNum = 2138
07-02 20:32:08.674 W/[ 7413.566631@2]- RTW(    0): fill_default_txdesc(wlan0): SP Packet(0x0806) rate=0x4 SeqNum = 2142
07-02 20:32:08.814 W/[ 7413.708914@3]- RTW(    0): fill_default_txdesc(wlan0): SP Packet(0x0806) rate=0x4 SeqNum = 2143
07-02 20:32:11.634 W/[ 7416.529519@2]- RTW(    0): fill_default_txdesc(wlan0): SP Packet(0x0806) rate=0x4 SeqNum = 2149
07-02 20:32:17.082 W/[ 7421.976550@0]- RTW(    0): fill_default_txdesc(wlan0): SP Packet(0x0806) rate=0x4 SeqNum = 2157
07-02 20:32:21.142 W/[ 7426.037927@2]- RTW(    0): fill_default_txdesc(wlan0): SP Packet(0x0806) rate=0x4 SeqNum = 2163
07-02 20:32:26.174 W/[ 7431.069763@3]- RTW(    0): fill_default_txdesc(wlan0): SP Packet(0x0806) rate=0x4 SeqNum = 2170
07-02 20:32:17.537 I/chatty  ( 3846): uid=1000(system) android.bg identical 2 lines
07-02 20:32:27.638 I/UsageStatsService( 3846): User[0] Flushing usage stats to disk
07-02 20:32:29.634 D/ConnectivityService( 3846): requestNetwork for uid/pid:10034/5027 NetworkRequest [ TRACK_DEFAULT id=43, [ Capabilities: INTERNET&NOT_RESTRICTED&TRUSTED Uid: 10034 AdministratorUids: [] RequestorUid: 10034 RequestorPackageName: com.iwedia.ui.rjio.launcher.reliance] ]
07-02 20:32:29.635 D/ConnectivityService( 3846): NetReassign [43 : null  100]
07-02 20:32:29.714 D/ConnectivityService( 3846): releasing NetworkRequest [ TRACK_DEFAULT id=43, [ Capabilities: INTERNET&NOT_RESTRICTED&TRUSTED Uid: 10034 AdministratorUids: [] RequestorUid: 10034 RequestorPackageName: com.iwedia.ui.rjio.launcher.reliance] ] (release request)
07-02 20:32:31.314 W/[ 7436.208428@1]- RTW(    0): fill_default_txdesc(wlan0): SP Packet(0x0806) rate=0x4 SeqNum = 2204
07-02 20:32:36.322 W/[ 7441.216668@2]- RTW(    0): fill_default_txdesc(wlan0): SP Packet(0x0806) rate=0x4 SeqNum = 2217
07-02 20:32:37.741 I/UsageStatsService( 3846): User[0] Flushing usage stats to disk
07-02 20:32:40.067 W/[ 7444.959044@3]- RTW(    0): Turbo EDCA =0x431c
07-02 20:32:41.390 W/[ 7446.286333@3]- RTW(    0): fill_default_txdesc(wlan0): SP Packet(0x0806) rate=0x4 SeqNum = 2223
07-02 20:32:44.098 W/[ 7448.990967@1]- RTW(    0): Turbo EDCA =0x5ea42b
07-02 20:32:44.762 W/[ 7449.654888@0]- healthd(    0): battery l=100 v=4 t=0.0 h=2 st=2 c=1100 fc=10000000 chg=u
07-02 20:32:46.114 W/[ 7451.006518@3]- RTW(    0): rtw_set_ps_mode(wlan0) Enter 802.11 power save - WIFI-TRAFFIC_IDLE
07-02 20:32:46.482 W/[ 7451.377931@2]- RTW(    0): rtw_set_ps_mode(wlan0) Leave 802.11 power save - WIFI-LPS_CTRL_RX_TRAFFIC_LEAVE
07-02 20:32:46.482 W/[ 7451.378237@3]s RTW(    0): fill_default_txdesc(wlan0): SP Packet(0x0806) rate=0x4 SeqNum = 2236
07-02 20:32:50.146 W/[ 7455.038538@3]- RTW(    0): rtw_set_ps_mode(wlan0) Enter 802.11 power save - WIFI-TRAFFIC_IDLE
07-02 20:32:51.403 W/[ 7456.296039@2]- RTW(    0): fill_default_txdesc(wlan0): SP Packet(0x0806) rate=0x4 SeqNum = 2246
07-02 20:32:52.162 W/[ 7457.056789@1]- RTW(    0): rtw_set_ps_mode(wlan0) Leave 802.11 power save - WIFI-LPS_CTRL_TRAFFIC_BUSY
07-02 20:32:54.178 W/[ 7459.070531@3]- RTW(    0): rtw_set_ps_mode(wlan0) Enter 802.11 power save - WIFI-TRAFFIC_IDLE
07-02 20:32:56.568 W/[ 7461.462766@1]- RTW(    0): fill_default_txdesc(wlan0): SP Packet(0x0806) rate=0x4 SeqNum = 2254
07-02 20:32:56.746 W/[ 7461.641881@0]- RTW(    0): rtw_set_ps_mode(wlan0) Leave 802.11 power save - WIFI-LPS_CTRL_TX_TRAFFIC_LEAVE
07-02 20:33:00.226 W/[ 7465.118549@3]- RTW(    0): rtw_set_ps_mode(wlan0) Enter 802.11 power save - WIFI-TRAFFIC_IDLE
07-02 20:33:01.229 W/[ 7466.125222@3]- RTW(    0): fill_default_txdesc(wlan0): SP Packet(0x0806) rate=0x4 SeqNum = 2260
07-02 20:33:02.242 W/[ 7467.136745@1]- RTW(    0): rtw_set_ps_mode(wlan0) Leave 802.11 power save - WIFI-LPS_CTRL_TRAFFIC_BUSY
07-02 20:33:04.258 W/[ 7469.150549@3]- RTW(    0): rtw_set_ps_mode(wlan0) Enter 802.11 power save - WIFI-TRAFFIC_IDLE
07-02 20:33:06.349 W/[ 7471.245575@3]- RTW(    0): fill_default_txdesc(wlan0): SP Packet(0x0806) rate=0x4 SeqNum = 2266
07-02 20:33:08.290 W/[ 7473.184852@1]- RTW(    0): rtw_set_ps_mode(wlan0) Leave 802.11 power save - WIFI-LPS_CTRL_TRAFFIC_BUSY
07-02 20:33:10.310 W/[ 7475.202637@1]- RTW(    0): rtw_set_ps_mode(wlan0) Enter 802.11 power save - WIFI-TRAFFIC_IDLE
07-02 20:33:11.370 W/[ 7476.265024@0]- RTW(    0): fill_default_txdesc(wlan0): SP Packet(0x0806) rate=0x4 SeqNum = 2273
07-02 20:33:12.322 W/[ 7477.216747@1]- RTW(    0): rtw_set_ps_mode(wlan0) Leave 802.11 power save - WIFI-LPS_CTRL_TRAFFIC_BUSY
07-02 20:33:16.358 W/[ 7481.250535@3]- RTW(    0): rtw_set_ps_mode(wlan0) Enter 802.11 power save - WIFI-TRAFFIC_IDLE
07-02 20:33:16.798 W/[ 7481.691436@2]- RTW(    0): fill_default_txdesc(wlan0): SP Packet(0x0806) rate=0x4 SeqNum = 2291
07-02 20:33:18.370 W/[ 7483.265496@1]- RTW(    0): rtw_set_ps_mode(wlan0) Leave 802.11 power save - WIFI-LPS_CTRL_TRAFFIC_BUSY
07-02 20:33:20.386 W/[ 7485.278654@3]- RTW(    0): rtw_set_ps_mode(wlan0) Enter 802.11 power save - WIFI-TRAFFIC_IDLE
07-02 20:33:22.018 W/[ 7486.913673@2]- RTW(    0): fill_default_txdesc(wlan0): SP Packet(0x0806) rate=0x4 SeqNum = 2299
07-02 20:33:22.402 W/[ 7487.296754@1]- RTW(    0): rtw_set_ps_mode(wlan0) Leave 802.11 power save - WIFI-LPS_CTRL_TRAFFIC_BUSY
07-02 20:33:24.418 W/[ 7489.310529@3]- RTW(    0): rtw_set_ps_mode(wlan0) Enter 802.11 power save - WIFI-TRAFFIC_IDLE
07-02 20:33:26.146 W/[ 7491.038677@2]- RTW(    0): rtw_set_ps_mode(wlan0) Leave 802.11 power save - WIFI-LPS_CTRL_RX_TRAFFIC_LEAVE
07-02 20:33:26.438 W/[ 7491.333340@0]- RTW(    0): fill_default_txdesc(wlan0): SP Packet(0x0806) rate=0x4 SeqNum = 2313
07-02 20:33:28.454 W/[ 7493.346513@3]- RTW(    0): rtw_set_ps_mode(wlan0) Enter 802.11 power save - WIFI-TRAFFIC_IDLE
07-02 20:33:29.550 W/[ 7494.446280@3]- RTW(    0): rtw_set_ps_mode(wlan0) Leave 802.11 power save - WIFI-LPS_CTRL_TX_TRAFFIC_LEAVE
07-02 20:33:29.717 W/[ 7494.611256@0]- audit(    0): audit_lost=3138 audit_rate_limit=5 audit_backlog_limit=64
07-02 20:33:29.718 E/[ 7494.611269@0]- audit(    0): rate limit exceeded
07-02 20:33:32.090 W/[ 7496.986335@3]- RTW(    0): fill_default_txdesc(wlan0): SP Packet(0x0806) rate=0x4 SeqNum = 2344
07-02 20:33:36.142 W/[ 7501.036017@2]- RTW(    0): fill_default_txdesc(wlan0): SP Packet(0x0806) rate=0x4 SeqNum = 2350
07-02 20:33:40.546 W/[ 7505.438528@3]- RTW(    0): rtw_set_ps_mode(wlan0) Enter 802.11 power save - WIFI-TRAFFIC_IDLE
07-02 20:33:40.550 W/[ 7505.445259@1]- RTW(    0): Turbo EDCA =0x431c
07-02 20:33:41.270 W/[ 7506.164715@2]- RTW(    0): fill_default_txdesc(wlan0): SP Packet(0x0806) rate=0x4 SeqNum = 2355
07-02 20:33:42.565 W/[ 7507.460471@3]- RTW(    0): rtw_set_ps_mode(wlan0) Leave 802.11 power save - WIFI-LPS_CTRL_TRAFFIC_BUSY
07-02 20:33:44.578 W/[ 7509.471008@1]- RTW(    0): Turbo EDCA =0x5ea42b
07-02 20:33:44.762 W/[ 7509.656068@0]- healthd(    0): battery l=100 v=4 t=0.0 h=2 st=2 c=1100 fc=10000000 chg=u
07-02 20:33:46.291 W/[ 7511.186871@3]- RTW(    0): fill_default_txdesc(wlan0): SP Packet(0x0806) rate=0x4 SeqNum = 2373
07-02 20:33:48.610 W/[ 7513.502491@3]- RTW(    0): rtw_set_ps_mode(wlan0) Enter 802.11 power save - WIFI-TRAFFIC_IDLE
07-02 20:33:50.910 W/[ 7515.806089@1]- audit(    0): audit_lost=3140 audit_rate_limit=5 audit_backlog_limit=64
07-02 20:33:50.910 E/[ 7515.806097@1]- audit(    0): rate limit exceeded
07-02 20:33:51.408 W/[ 7516.302581@1]- RTW(    0): fill_default_txdesc(wlan0): SP Packet(0x0806) rate=0x4 SeqNum = 2380
07-02 20:33:52.646 W/[ 7517.540997@2]- RTW(    0): rtw_set_ps_mode(wlan0) Leave 802.11 power save - WIFI-LPS_CTRL_TRAFFIC_BUSY
07-02 20:33:54.658 W/[ 7519.550542@3]- RTW(    0): rtw_set_ps_mode(wlan0) Enter 802.11 power save - WIFI-TRAFFIC_IDLE
07-02 20:33:56.530 W/[ 7521.422476@3]- RTW(    0): fill_default_txdesc(wlan0): SP Packet(0x0806) rate=0x4 SeqNum = 2387
07-02 20:33:56.674 W/[ 7521.568692@2]- RTW(    0): rtw_set_ps_mode(wlan0) Leave 802.11 power save - WIFI-LPS_CTRL_TRAFFIC_BUSY
07-02 20:33:58.690 W/[ 7523.582513@3]- RTW(    0): rtw_set_ps_mode(wlan0) Enter 802.11 power save - WIFI-TRAFFIC_IDLE
07-02 20:34:01.546 W/[ 7526.439458@2]- RTW(    0): fill_default_txdesc(wlan0): SP Packet(0x0806) rate=0x4 SeqNum = 2395
07-02 20:34:02.726 W/[ 7527.620069@3]- RTW(    0): rtw_set_ps_mode(wlan0) Leave 802.11 power save - WIFI-LPS_CTRL_TRAFFIC_BUSY
07-02 20:34:04.738 W/[ 7529.630537@2]- RTW(    0): rtw_set_ps_mode(wlan0) Enter 802.11 power save - WIFI-TRAFFIC_IDLE
07-02 20:34:06.458 W/[ 7531.354116@3]- RTW(    0): fill_default_txdesc(wlan0): SP Packet(0x0806) rate=0x4 SeqNum = 2399
07-02 20:34:06.754 W/[ 7531.648641@3]- RTW(    0): rtw_set_ps_mode(wlan0) Leave 802.11 power save - WIFI-LPS_CTRL_TRAFFIC_BUSY
07-02 20:34:08.770 W/[ 7533.662538@3]- RTW(    0): rtw_set_ps_mode(wlan0) Enter 802.11 power save - WIFI-TRAFFIC_IDLE
07-02 20:34:11.476 W/[ 7536.371825@3]- RTW(    0): fill_default_txdesc(wlan0): SP Packet(0x0806) rate=0x4 SeqNum = 2408
07-02 20:34:12.502 W/[ 7537.398391@3]- RTW(    0): rtw_set_ps_mode(wlan0) Leave 802.11 power save - WIFI-LPS_CTRL_RX_TRAFFIC_LEAVE
07-02 20:34:14.818 W/[ 7539.710503@3]- RTW(    0): rtw_set_ps_mode(wlan0) Enter 802.11 power save - WIFI-TRAFFIC_IDLE
07-02 20:34:16.598 W/[ 7541.492723@3]- RTW(    0): fill_default_txdesc(wlan0): SP Packet(0x0806) rate=0x4 SeqNum = 2425
07-02 20:34:16.834 W/[ 7541.728433@2]- RTW(    0): rtw_set_ps_mode(wlan0) Leave 802.11 power save - WIFI-LPS_CTRL_TRAFFIC_BUSY
07-02 20:34:18.850 W/[ 7543.742540@3]- RTW(    0): rtw_set_ps_mode(wlan0) Enter 802.11 power save - WIFI-TRAFFIC_IDLE
07-02 20:34:21.410 W/[ 7546.305439@3]- RTW(    0): fill_default_txdesc(wlan0): SP Packet(0x0806) rate=0x4 SeqNum = 2430
07-02 20:34:08.698 I/chatty  ( 3846): uid=1000(system) android.bg identical 9 lines
07-02 20:34:18.814 I/UsageStatsService( 3846): User[0] Flushing usage stats to disk
07-02 20:34:21.663 W/ActivityManager( 3846): Unable to start service Intent { act=com.dsm.health.check cmp=com.jio.stbpushservice/com.jio.pushservice.transporterutils.TransporterCommonService } U=0: not found
07-02 20:34:21.666 W/[ 7546.561522@1]- RTW(    0): cfg80211_rtw_scan(wlan0)
07-02 20:34:21.666 W/[ 7546.561533@1]- RTW(    0): cfg80211_rtw_scan (wlan0) : scan deny
07-02 20:34:22.882 W/[ 7547.776416@0]- RTW(    0): rtw_set_ps_mode(wlan0) Leave 802.11 power save - WIFI-LPS_CTRL_TRAFFIC_BUSY
07-02 20:34:24.898 W/[ 7549.790538@3]- RTW(    0): rtw_set_ps_mode(wlan0) Enter 802.11 power save - WIFI-TRAFFIC_IDLE
07-02 20:34:26.838 W/[ 7551.733201@2]- RTW(    0): fill_default_txdesc(wlan0): SP Packet(0x0806) rate=0x4 SeqNum = 2450
07-02 20:34:26.914 W/[ 7551.808747@1]- RTW(    0): rtw_set_ps_mode(wlan0) Leave 802.11 power save - WIFI-LPS_CTRL_TRAFFIC_BUSY
07-02 20:34:28.921 I/UsageStatsService( 3846): User[0] Flushing usage stats to disk
07-02 20:34:29.470 W/[ 7554.363578@2]- audit(    0): audit_lost=3168 audit_rate_limit=5 audit_backlog_limit=64
07-02 20:34:29.470 E/[ 7554.363590@2]- audit(    0): rate limit exceeded
07-02 20:34:31.662 W/[ 7556.557629@1]- RTW(    0): fill_default_txdesc(wlan0): SP Packet(0x0806) rate=0x4 SeqNum = 2492
07-02 20:34:33.314 W/[ 7558.206560@2]- RTW(    0): fill_default_txdesc(wlan0): SP Packet(0x0806) rate=0x4 SeqNum = 2495
07-02 20:34:33.454 W/[ 7558.349519@3]- RTW(    0): fill_default_txdesc(wlan0): SP Packet(0x0806) rate=0x4 SeqNum = 2496
07-02 20:34:36.904 W/[ 7561.799106@3]- RTW(    0): fill_default_txdesc(wlan0): SP Packet(0x0806) rate=0x4 SeqNum = 2502
07-02 20:34:41.026 W/[ 7565.919001@1]- RTW(    0): Turbo EDCA =0x431c
07-02 20:34:41.390 W/[ 7566.283620@0]- RTW(    0): fill_default_txdesc(wlan0): SP Packet(0x0806) rate=0x4 SeqNum = 2519
07-02 20:34:43.042 W/[ 7567.935010@1]- RTW(    0): Turbo EDCA =0x5ea42b
07-02 20:34:44.762 W/[ 7569.654765@0]- healthd(    0): battery l=100 v=4 t=0.0 h=2 st=2 c=1100 fc=10000000 chg=u
07-02 20:34:47.034 W/[ 7571.927184@2]- RTW(    0): fill_default_txdesc(wlan0): SP Packet(0x0806) rate=0x4 SeqNum = 2526
07-02 20:34:49.090 W/[ 7573.982534@3]- RTW(    0): rtw_set_ps_mode(wlan0) Enter 802.11 power save - WIFI-TRAFFIC_IDLE
07-02 20:34:52.129 W/[ 7577.025548@3]- RTW(    0): fill_default_txdesc(wlan0): SP Packet(0x0806) rate=0x4 SeqNum = 2532
07-02 20:34:53.122 W/[ 7578.016776@1]- RTW(    0): rtw_set_ps_mode(wlan0) Leave 802.11 power save - WIFI-LPS_CTRL_TRAFFIC_BUSY
07-02 20:34:55.138 W/[ 7580.030544@3]- RTW(    0): rtw_set_ps_mode(wlan0) Enter 802.11 power save - WIFI-TRAFFIC_IDLE
07-02 20:34:56.226 W/[ 7581.121176@2]- RTW(    0): fill_default_txdesc(wlan0): SP Packet(0x0806) rate=0x4 SeqNum = 2542
07-02 20:34:56.742 W/[ 7581.637075@1]- RTW(    0): rtw_set_ps_mode(wlan0) Leave 802.11 power save - WIFI-LPS_CTRL_RX_TRAFFIC_LEAVE
07-02 20:34:59.168 W/[ 7584.062506@3]- RTW(    0): rtw_set_ps_mode(wlan0) Enter 802.11 power save - WIFI-TRAFFIC_IDLE
07-02 20:35:00.972 W/[ 7585.867789@1]- RTW(    0): rtw_set_ps_mode(wlan0) Leave 802.11 power save - WIFI-LPS_CTRL_RX_TRAFFIC_LEAVE
07-02 20:35:01.246 W/[ 7586.138559@2]s RTW(    0): fill_default_txdesc(wlan0): SP Packet(0x0806) rate=0x4 SeqNum = 2632
07-02 20:35:01.353 I/        (    0): [ 7586.248399@1]- EXT4-fs (mmcblk0p18): re-mounted. Opts: (null)
07-02 20:35:03.927 D/[ 7588.818852@1]- logd(    0): logdr: UID=0 GID=0 PID=14100 b tail=0 logMask=99 pid=0 start=0ns timeout=0ns
07-02 20:34:49.147 I/chatty  ( 3846): uid=1000(system) android.bg identical 2 lines
07-02 20:34:59.245 I/UsageStatsService( 3846): User[0] Flushing usage stats to disk
07-02 20:35:04.649 I/ActivityManager( 3846): Force stopping io.appium.uiautomator2.server appid=10064 user=0: from pid 14140
07-02 20:35:04.655 I/ActivityManager( 3846): Force stopping io.appium.uiautomator2.server.test appid=10038 user=0: from pid 14141
07-02 20:35:05.503 I/ActivityManager( 3846): Force stopping io.appium.uiautomator2.server appid=10064 user=0: start instr
07-02 20:35:05.508 D/CompatibilityChangeReporter( 3846): Compat change id reported: 135634846; UID 10064; state: DISABLED
07-02 20:35:05.509 D/CompatibilityChangeReporter( 3846): Compat change id reported: 143937733; UID 10064; state: ENABLED
07-02 20:35:05.526 I/ActivityManager( 3846): Start proc 14161:io.appium.uiautomator2.server/u0a64 for added application io.appium.uiautomator2.server
07-02 20:35:06.322 W/[ 7591.216105@1]- RTW(    0): fill_default_txdesc(wlan0): SP Packet(0x0806) rate=0x4 SeqNum = 408
07-02 20:35:07.235 W/WindowManager( 3846): removeWindowToken: Attempted to remove non-existing token: android.os.Binder@2899800
07-02 20:35:09.351 I/UsageStatsService( 3846): User[0] Flushing usage stats to disk
07-02 20:35:09.420 D/WindowManager( 3846): Unhandled key: inputToken=android.os.BinderProxy@38b7fc3, title=com.iwedia.ui.rjio.launcher.reliance/com.iwedia.ui.rjio.launcher.ui.intro.IntroActivity, action=0, flags=0, keyCode=4, scanCode=0, metaState=0, repeatCount=0, policyFlags=1795162112
07-02 20:35:09.421 D/WindowManager( 3846): No fallback.
07-02 20:35:09.424 D/AutofillManagerService( 3846): onBackKeyPressed()
07-02 20:35:09.428 D/WindowManager( 3846): Unhandled key: inputToken=android.os.BinderProxy@38b7fc3, title=com.iwedia.ui.rjio.launcher.reliance/com.iwedia.ui.rjio.launcher.ui.intro.IntroActivity, action=1, flags=0, keyCode=4, scanCode=0, metaState=0, repeatCount=0, policyFlags=1795162112
07-02 20:35:09.428 D/WindowManager( 3846): No fallback.
07-02 20:35:11.353 W/[ 7596.249354@3]- RTW(    0): fill_default_txdesc(wlan0): SP Packet(0x0806) rate=0x4 SeqNum = 1140
07-02 20:35:11.793 I/ActivityTaskManager( 3846): START u0 {flg=0x10000000 cmp=in.startv.hotstar/com.hotstar.MainActivity} from uid 0
07-02 20:35:11.793 D/ActivityTaskManager( 3846): recent debug: [launchedPkgName] --> in.startv.hotstar [callingPackage] --> com.android.shell
07-02 20:35:11.795 V/ActivityTaskManager( 3846): Old State : null Updated state : INITIALIZING Activity : ComponentInfo{in.startv.hotstar/com.hotstar.MainActivity}
07-02 20:35:11.795 V/ActivityTaskManager( 3846): Sending Broadcast : Intent { act=com.jio.remote.action.applaunch flg=0x40000000 pkg=com.jio.remote.btserver (has extras) }
07-02 20:35:11.802 V/ActivityTaskManager( 3846): Old State : RESUMED Updated state : PAUSING Activity : ComponentInfo{com.iwedia.ui.rjio.launcher.reliance/com.iwedia.ui.rjio.launcher.ui.intro.IntroActivity}
07-02 20:35:11.802 V/ActivityTaskManager( 3846): Sending Broadcast : Intent { act=com.jio.remote.action.applaunch flg=0x40000000 pkg=com.jio.remote.btserver (has extras) }
07-02 20:35:11.803 D/INSETS  ( 3846): else - Package Name ::  left : 0 right :: 0 top :: 0 bottom :: 0 dfu-right :: 1920 dfu-bottom :: 1080
07-02 20:35:11.820 D/CompatibilityChangeReporter( 3846): Compat change id reported: 135634846; UID 10066; state: DISABLED
07-02 20:35:11.821 D/CompatibilityChangeReporter( 3846): Compat change id reported: 143937733; UID 10066; state: ENABLED
07-02 20:35:11.821 V/ActivityTaskManager( 3846): Old State : PAUSING Updated state : PAUSED Activity : ComponentInfo{com.iwedia.ui.rjio.launcher.reliance/com.iwedia.ui.rjio.launcher.ui.intro.IntroActivity}
07-02 20:35:11.822 V/ActivityTaskManager( 3846): Sending Broadcast : Intent { act=com.jio.remote.action.applaunch flg=0x40000000 pkg=com.jio.remote.btserver (has extras) }
07-02 20:35:11.865 D/INSETS  ( 3846): else - Package Name ::  left : 0 right :: 0 top :: 0 bottom :: 0 dfu-right :: 1920 dfu-bottom :: 1080
07-02 20:35:11.870 W/ActivityManager( 3846): Slow operation: 51ms so far, now at startProcess: returned from zygote!
07-02 20:35:11.871 W/ActivityManager( 3846): Slow operation: 52ms so far, now at startProcess: done updating battery stats
07-02 20:35:11.871 W/ActivityManager( 3846): Slow operation: 52ms so far, now at startProcess: building log message
07-02 20:35:11.871 I/ActivityManager( 3846): Start proc 14243:in.startv.hotstar/u0a66 for pre-top-activity {in.startv.hotstar/com.hotstar.MainActivity}
07-02 20:35:11.871 W/ActivityManager( 3846): Slow operation: 52ms so far, now at startProcess: starting to update pids map
07-02 20:35:11.871 W/ActivityManager( 3846): Slow operation: 52ms so far, now at startProcess: done updating pids map
07-02 20:35:11.902 D/INSETS  ( 3846): else - Package Name ::  left : 0 right :: 0 top :: 0 bottom :: 0 dfu-right :: 1920 dfu-bottom :: 1080
07-02 20:35:11.933 V/ActivityTaskManager( 3846): Old State : INITIALIZING Updated state : RESUMED Activity : ComponentInfo{in.startv.hotstar/com.hotstar.MainActivity}
07-02 20:35:11.934 V/ActivityTaskManager( 3846): Sending Broadcast : Intent { act=com.jio.remote.action.applaunch flg=0x40000000 pkg=com.jio.remote.btserver (has extras) }
07-02 20:35:11.948 D/INSETS  ( 3846): else - Package Name ::  left : 0 right :: 0 top :: 0 bottom :: 0 dfu-right :: 1920 dfu-bottom :: 1080
07-02 20:35:11.965 I/chatty  ( 3846): uid=1000(system) android.anim identical 1 line
07-02 20:35:12.370 D/INSETS  ( 3846): else - Package Name ::  left : 0 right :: 0 top :: 0 bottom :: 0 dfu-right :: 1920 dfu-bottom :: 1080
07-02 20:35:12.399 D/INSETS  ( 3846): else - Package Name ::  left : 0 right :: 0 top :: 0 bottom :: 0 dfu-right :: 1920 dfu-bottom :: 1080
07-02 20:35:12.712 D/ConnectivityService( 3846): NetReassign [no changes]
07-02 20:35:13.127 D/INSETS  ( 3846): else - Package Name ::  left : 0 right :: 0 top :: 0 bottom :: 0 dfu-right :: 1920 dfu-bottom :: 1080
07-02 20:35:13.128 D/INSETS  ( 3846): else - Package Name ::  left : 0 right :: 0 top :: 0 bottom :: 0 dfu-right :: 1920 dfu-bottom :: 1080
07-02 20:35:13.395 D/INSETS  ( 3846): else - Package Name ::  left : 0 right :: 0 top :: 0 bottom :: 0 dfu-right :: 1920 dfu-bottom :: 1080
07-02 20:35:13.418 I/chatty  ( 3846): uid=1000(system) android.anim identical 4 lines
07-02 20:35:13.419 D/INSETS  ( 3846): else - Package Name ::  left : 0 right :: 0 top :: 0 bottom :: 0 dfu-right :: 1920 dfu-bottom :: 1080
07-02 20:35:13.513 D/CompatibilityChangeReporter( 3846): Compat change id reported: 136274596; UID 10066; state: ENABLED
07-02 20:35:13.585 D/INSETS  ( 3846): else - Package Name ::  left : 0 right :: 0 top :: 0 bottom :: 0 dfu-right :: 1920 dfu-bottom :: 1080
07-02 20:35:13.602 D/INSETS  ( 3846): else - Package Name ::  left : 0 right :: 0 top :: 0 bottom :: 0 dfu-right :: 1920 dfu-bottom :: 1080
07-02 20:35:13.614 V/ActivityTaskManager( 3846): Old State : PAUSED Updated state : STOPPING Activity : ComponentInfo{com.iwedia.ui.rjio.launcher.reliance/com.iwedia.ui.rjio.launcher.ui.intro.IntroActivity}
07-02 20:35:13.614 V/ActivityTaskManager( 3846): Sending Broadcast : Intent { act=com.jio.remote.action.applaunch flg=0x40000000 pkg=com.jio.remote.btserver (has extras) }
07-02 20:35:13.671 D/INSETS  ( 3846): else - Package Name ::  left : 0 right :: 0 top :: 0 bottom :: 0 dfu-right :: 1920 dfu-bottom :: 1080
07-02 20:35:13.681 V/ActivityTaskManager( 3846): Old State : STOPPING Updated state : STOPPED Activity : ComponentInfo{com.iwedia.ui.rjio.launcher.reliance/com.iwedia.ui.rjio.launcher.ui.intro.IntroActivity}
07-02 20:35:13.684 V/ActivityTaskManager( 3846): Sending Broadcast : Intent { act=com.jio.remote.action.applaunch flg=0x40000000 pkg=com.jio.remote.btserver (has extras) }
07-02 20:35:15.626 E/TaskPersister( 3846): File error accessing recents directory (directory doesn't exist?).
07-02 20:35:16.470 W/[ 7601.365943@0]- RTW(    0): fill_default_txdesc(wlan0): SP Packet(0x0806) rate=0x4 SeqNum = 1949
07-02 20:35:19.442 I/UsageStatsService( 3846): User[0] Flushing usage stats to disk
07-02 20:35:21.570 W/[ 7606.465782@1]- RTW(    0): fill_default_txdesc(wlan0): SP Packet(0x0806) rate=0x4 SeqNum = 2404
07-02 20:35:26.634 W/[ 7611.527915@2]- RTW(    0): fill_default_txdesc(wlan0): SP Packet(0x0806) rate=0x4 SeqNum = 2830
07-02 20:35:31.670 W/[ 7616.566035@1]- RTW(    0): fill_default_txdesc(wlan0): SP Packet(0x0806) rate=0x4 SeqNum = 3259
07-02 20:35:33.730 W/[ 7618.622650@1]- RTW(    0): fill_default_txdesc(wlan0): SP Packet(0x0806) rate=0x4 SeqNum = 3408
07-02 20:35:36.742 W/[ 7621.636305@2]- RTW(    0): fill_default_txdesc(wlan0): SP Packet(0x0806) rate=0x4 SeqNum = 3642
07-02 20:35:41.814 W/[ 7626.706807@2]- RTW(    0): fill_default_txdesc(wlan0): SP Packet(0x0806) rate=0x4 SeqNum = 37
07-02 20:35:44.758 W/[ 7629.653818@0]- healthd(    0): battery l=100 v=4 t=0.0 h=2 st=2 c=1100 fc=10000000 chg=u
07-02 20:35:46.914 W/[ 7631.806391@2]- RTW(    0): fill_default_txdesc(wlan0): SP Packet(0x0806) rate=0x4 SeqNum = 472
07-02 20:35:51.026 W/[ 7635.922377@0]- audit(    0): audit_lost=3171 audit_rate_limit=5 audit_backlog_limit=64
07-02 20:35:51.029 E/[ 7635.922385@0]- audit(    0): rate limit exceeded
07-02 20:35:51.146 W/[ 7636.039384@2]- RTW(    0): fill_default_txdesc(wlan0): SP Packet(0x0806) rate=0x4 SeqNum = 819
07-02 20:35:53.698 W/[ 7638.592797@1]- RTW(    0): fill_default_txdesc(wlan0): SP Packet(0x0806) rate=0x4 SeqNum = 1063
07-02 20:35:56.966 W/[ 7641.858735@2]- RTW(    0): fill_default_txdesc(wlan0): SP Packet(0x0806) rate=0x4 SeqNum = 1296
07-02 20:36:01.142 W/[ 7646.036263@2]- RTW(    0): fill_default_txdesc(wlan0): SP Packet(0x0806) rate=0x4 SeqNum = 1628
07-02 20:36:06.210 W/[ 7651.105635@2]- RTW(    0): fill_default_txdesc(wlan0): SP Packet(0x0806) rate=0x4 SeqNum = 2011
07-02 20:36:11.250 W/[ 7656.145386@2]- RTW(    0): fill_default_txdesc(wlan0): SP Packet(0x0806) rate=0x4 SeqNum = 2408
07-02 20:36:13.922 W/[ 7658.814569@3]- RTW(    0): fill_default_txdesc(wlan0): SP Packet(0x0806) rate=0x4 SeqNum = 2659
07-02 20:36:16.402 W/[ 7661.296840@1]- RTW(    0): fill_default_txdesc(wlan0): SP Packet(0x0806) rate=0x4 SeqNum = 2886
07-02 20:36:21.482 W/[ 7666.375299@1]- RTW(    0): fill_default_txdesc(wlan0): SP Packet(0x0806) rate=0x4 SeqNum = 3270
07-02 20:36:26.146 W/[ 7671.041438@2]- RTW(    0): fill_default_txdesc(wlan0): SP Packet(0x0806) rate=0x4 SeqNum = 3627
07-02 20:36:29.490 W/[ 7674.383523@0]- audit(    0): audit_lost=3197 audit_rate_limit=5 audit_backlog_limit=64
07-02 20:36:29.490 E/[ 7674.383543@0]- audit(    0): rate limit exceeded
07-02 20:36:31.582 W/[ 7676.475094@1]- RTW(    0): fill_default_txdesc(wlan0): SP Packet(0x0806) rate=0x4 SeqNum = 4
07-02 20:36:33.891 W/[ 7678.783989@0]- RTW(    0): fill_default_txdesc(wlan0): SP Packet(0x0806) rate=0x4 SeqNum = 144
07-02 20:36:36.165 W/[ 7681.059318@2]- RTW(    0): fill_default_txdesc(wlan0): SP Packet(0x0806) rate=0x4 SeqNum = 238
07-02 20:36:41.202 W/[ 7686.096916@2]- RTW(    0): fill_default_txdesc(wlan0): SP Packet(0x0806) rate=0x4 SeqNum = 482
07-02 20:36:44.758 W/[ 7689.654387@0]- healthd(    0): battery l=100 v=4 t=0.0 h=2 st=2 c=1100 fc=10000000 chg=u
07-02 20:36:46.326 W/[ 7691.220175@2]- RTW(    0): fill_default_txdesc(wlan0): SP Packet(0x0806) rate=0x4 SeqNum = 702
07-02 20:36:51.890 W/[ 7696.786383@2]- RTW(    0): fill_default_txdesc(wlan0): SP Packet(0x0806) rate=0x4 SeqNum = 964
07-02 20:36:56.154 W/[ 7701.047124@1]- RTW(    0): fill_default_txdesc(wlan0): SP Packet(0x0806) rate=0x4 SeqNum = 1283
07-02 20:37:01.659 W/[ 7706.551332@2]- RTW(    0): cfg80211_rtw_scan(wlan0)
07-02 20:37:01.659 W/[ 7706.551427@2]- RTW(    0): WARN cfg80211_rtw_scan (wlan0) : scan abort!! BusyTraffic
07-02 20:37:01.678 W/[ 7706.573361@1]- RTW(    0): fill_default_txdesc(wlan0): SP Packet(0x0806) rate=0x4 SeqNum = 1717
07-02 20:37:07.130 W/[ 7712.025725@2]- RTW(    0): fill_default_txdesc(wlan0): SP Packet(0x0806) rate=0x4 SeqNum = 2149
07-02 20:37:08.702 W/[ 7713.598500@2]- RTW(    0): fill_default_txdesc(wlan0): SP Packet(0x0806) rate=0x4 SeqNum = 2289
07-02 20:37:08.850 W/[ 7713.742624@1]- RTW(    0): fill_default_txdesc(wlan0): SP Packet(0x0806) rate=0x4 SeqNum = 2293
07-02 20:37:11.170 W/[ 7716.065914@2]- RTW(    0): fill_default_txdesc(wlan0): SP Packet(0x0806) rate=0x4 SeqNum = 2508
07-02 20:37:16.254 W/[ 7721.147089@1]- RTW(    0): fill_default_txdesc(wlan0): SP Packet(0x0806) rate=0x4 SeqNum = 2962
07-02 20:37:19.200 W/[ 7724.094695@2]- RTW(    0): fill_default_txdesc(wlan0): SP Packet(0x0806) rate=0x4 SeqNum = 3180
07-02 20:37:21.330 W/[ 7726.226023@2]- RTW(    0): fill_default_txdesc(wlan0): SP Packet(0x0806) rate=0x4 SeqNum = 3381
07-02 20:37:26.410 W/[ 7731.306251@2]- RTW(    0): fill_default_txdesc(wlan0): SP Packet(0x0806) rate=0x4 SeqNum = 3803
07-02 20:37:31.170 W/[ 7736.065972@2]- RTW(    0): fill_default_txdesc(wlan0): SP Packet(0x0806) rate=0x4 SeqNum = 115
07-02 20:37:36.530 W/[ 7741.425804@2]- RTW(    0): fill_default_txdesc(wlan0): SP Packet(0x0806) rate=0x4 SeqNum = 447
07-02 20:37:41.582 W/[ 7746.476783@3]s RTW(    0): fill_default_txdesc(wlan0): SP Packet(0x0806) rate=0x4 SeqNum = 685
07-02 20:37:44.758 W/[ 7749.653951@0]- healthd(    0): battery l=100 v=4 t=0.0 h=2 st=2 c=1100 fc=10000000 chg=u
07-02 20:37:46.650 W/[ 7751.543262@1]- RTW(    0): fill_default_txdesc(wlan0): SP Packet(0x0806) rate=0x4 SeqNum = 934
07-02 20:37:51.126 W/[ 7756.022284@1]- audit(    0): audit_lost=3200 audit_rate_limit=5 audit_backlog_limit=64
07-02 20:37:51.126 E/[ 7756.022291@1]- audit(    0): rate limit exceeded
07-02 20:37:51.750 W/[ 7756.645961@2]- RTW(    0): fill_default_txdesc(wlan0): SP Packet(0x0806) rate=0x4 SeqNum = 1170
07-02 20:37:56.830 W/[ 7761.724654@1]- RTW(    0): fill_default_txdesc(wlan0): SP Packet(0x0806) rate=0x4 SeqNum = 1520
07-02 20:38:01.522 W/[ 7766.415645@1]- RTW(    0): fill_default_txdesc(wlan0): SP Packet(0x0806) rate=0x4 SeqNum = 1877
07-02 20:38:06.962 W/[ 7771.857764@1]- RTW(    0): fill_default_txdesc(wlan0): SP Packet(0x0806) rate=0x4 SeqNum = 2307
07-02 20:38:11.214 W/[ 7776.106770@2]- RTW(    0): fill_default_txdesc(wlan0): SP Packet(0x0806) rate=0x4 SeqNum = 2658
07-02 20:38:17.122 W/[ 7782.015499@3]- RTW(    0): fill_default_txdesc(wlan0): SP Packet(0x0806) rate=0x4 SeqNum = 3176
07-02 20:38:21.182 W/[ 7786.074910@1]- RTW(    0): fill_default_txdesc(wlan0): SP Packet(0x0806) rate=0x4 SeqNum = 3500
07-02 20:38:26.262 W/[ 7791.156882@1]- RTW(    0): fill_default_txdesc(wlan0): SP Packet(0x0806) rate=0x4 SeqNum = 3888
07-02 20:38:12.411 I/chatty  ( 3846): uid=1000(system) android.bg identical 17 lines
07-02 20:38:22.514 I/UsageStatsService( 3846): User[0] Flushing usage stats to disk
07-02 20:38:27.144 W/ActivityManager( 3846): Foreground service started from background can not have location/camera/microphone access: service com.jio.stbadservice/com.jio.pushstbadservice.InitService
07-02 20:38:27.155 W/ActivityManager( 3846): Foreground service started from background can not have location/camera/microphone access: service com.jio.stbadservice/com.jio.pushstbadservice.InitService
07-02 20:38:27.356 D/NotificationService( 3846): 0|com.jio.stbadservice|1233|null|10017: granting content://settings/system/notification_sound
07-02 20:38:27.359 I/chatty  ( 3846): uid=1000 system_server identical 2 lines
07-02 20:38:27.359 D/NotificationService( 3846): 0|com.jio.stbadservice|1233|null|10017: granting content://settings/system/notification_sound
07-02 20:38:27.370 W/NotificationHistory( 3846): Attempted to add notif for locked/gone/disabled user 0
07-02 20:38:29.024 W/ActivityManager( 3846): Foreground service started from background can not have location/camera/microphone access: service com.jio.stbadservice/com.jio.pushservice.transporterutils.TransporterCommonService
07-02 20:38:29.050 W/ActivityManager( 3846): Foreground service started from background can not have location/camera/microphone access: service com.jio.stbadservice/com.jio.pushservice.transporterutils.TransporterCommonService
07-02 20:38:29.236 D/NotificationService( 3846): 0|com.jio.stbadservice|19080|null|10017: granting content://settings/system/notification_sound
07-02 20:38:29.237 I/chatty  ( 3846): uid=1000 system_server identical 2 lines
07-02 20:38:29.238 D/NotificationService( 3846): 0|com.jio.stbadservice|19080|null|10017: granting content://settings/system/notification_sound
07-02 20:38:29.244 W/NotificationHistory( 3846): Attempted to add notif for locked/gone/disabled user 0
07-02 20:38:29.482 W/[ 7794.377453@2]- audit(    0): audit_lost=3227 audit_rate_limit=5 audit_backlog_limit=64
07-02 20:38:29.482 E/[ 7794.377465@2]- audit(    0): rate limit exceeded
07-02 20:38:31.358 W/[ 7796.251638@2]- RTW(    0): fill_default_txdesc(wlan0): SP Packet(0x0806) rate=0x4 SeqNum = 298
07-02 20:38:32.618 I/UsageStatsService( 3846): User[0] Flushing usage stats to disk
07-02 20:38:36.454 W/[ 7801.347628@2]- RTW(    0): fill_default_txdesc(wlan0): SP Packet(0x0806) rate=0x4 SeqNum = 606
07-02 20:38:41.510 W/[ 7806.406392@2]- RTW(    0): fill_default_txdesc(wlan0): SP Packet(0x0806) rate=0x4 SeqNum = 848
07-02 20:38:44.762 W/[ 7809.657317@0]- healthd(    0): battery l=100 v=4 t=0.0 h=2 st=2 c=1100 fc=10000000 chg=u
07-02 20:38:46.562 W/[ 7811.457329@2]- RTW(    0): fill_default_txdesc(wlan0): SP Packet(0x0806) rate=0x4 SeqNum = 1099
07-02 20:38:51.639 W/[ 7816.535631@2]- RTW(    0): fill_default_txdesc(wlan0): SP Packet(0x0806) rate=0x4 SeqNum = 1315
07-02 20:38:56.734 W/[ 7821.626886@3]- RTW(    0): fill_default_txdesc(wlan0): SP Packet(0x0806) rate=0x4 SeqNum = 1670
07-02 20:39:01.794 W/[ 7826.686790@1]- RTW(    0): fill_default_txdesc(wlan0): SP Packet(0x0806) rate=0x4 SeqNum = 2054
07-02 20:39:06.890 W/[ 7831.785511@2]- RTW(    0): fill_default_txdesc(wlan0): SP Packet(0x0806) rate=0x4 SeqNum = 2452
07-02 20:39:11.990 W/[ 7836.884827@1]- RTW(    0): fill_default_txdesc(wlan0): SP Packet(0x0806) rate=0x4 SeqNum = 2874
