07-02 18:38:49.083 V/ActivityTaskManager( 3846): Old State : STOPPING Updated state : STOPPED Activity : ComponentInfo{in.startv.hotstar/com.hotstar.MainActivity}
07-02 18:38:49.083 V/ActivityTaskManager( 3846): Sending Broadcast : Intent { act=com.jio.remote.action.applaunch flg=0x40000000 pkg=com.jio.remote.btserver (has extras) }
07-02 18:38:49.201 I/ActivityManager( 3846): Force stopping io.appium.uiautomator2.server appid=10064 user=0: from pid 12937
07-02 18:38:49.207 I/ActivityManager( 3846): Force stopping io.appium.uiautomator2.server.test appid=10038 user=0: from pid 12938
07-02 18:38:50.890 W/[  615.784707@2]- RTW(    0): fill_default_txdesc(wlan0): SP Packet(0x0806) rate=0x4 SeqNum = 1243
07-02 18:38:54.134 I/        (    0): [  619.027664@1]- EXT4-fs (mmcblk0p18): re-mounted. Opts: (null)
07-02 18:38:55.986 W/[  620.881743@2]- RTW(    0): fill_default_txdesc(wlan0): SP Packet(0x0806) rate=0x4 SeqNum = 1951
07-02 18:38:56.118 W/ProcessCpuTracker( 3846): Failed to stat(/proc/13054): android.system.ErrnoException: stat failed: ENOENT (No such file or directory)
07-02 18:38:56.118 W/ProcessCpuTracker( 3846): Skipping unknown process pid 13054
07-02 18:38:56.119 W/ProcessCpuTracker( 3846): Failed to stat(/proc/13056): android.system.ErrnoException: stat failed: ENOENT (No such file or directory)
07-02 18:38:56.119 W/ProcessCpuTracker( 3846): Skipping unknown process pid 13056
07-02 18:38:56.119 W/ProcessCpuTracker( 3846): Failed to stat(/proc/13057): android.system.ErrnoException: stat failed: ENOENT (No such file or directory)
07-02 18:38:56.119 W/ProcessCpuTracker( 3846): Skipping unknown process pid 13057
07-02 18:38:56.262 D/[  621.155667@1]- logd(    0): logdr: UID=0 GID=0 PID=13075 b tail=0 logMask=99 pid=0 start=0ns timeout=0ns
07-02 18:38:56.597 W/[  621.492135@1]- RTW(    0): fill_default_txdesc(wlan0): SP Packet(0x0806) rate=0x4 SeqNum = 2903
07-02 18:38:56.964 I/ActivityManager( 3846): Force stopping io.appium.uiautomator2.server appid=10064 user=0: from pid 13116
07-02 18:38:56.972 I/ActivityManager( 3846): Force stopping io.appium.uiautomator2.server.test appid=10038 user=0: from pid 13117
07-02 18:38:57.302 I/ActivityManager( 3846): Force stopping in.startv.hotstar appid=10066 user=0: from pid 4878
07-02 18:38:57.303 I/ActivityManager( 3846): Killing 9552:in.startv.hotstar/u0a66 (adj 700): stop in.startv.hotstar due to from pid 4878
07-02 18:38:57.307 W/ActivityTaskManager( 3846): Force removing ActivityRecord{12786b4 u0 in.startv.hotstar/com.hotstar.MainActivity t279 f}}: app died, no saved state
07-02 18:38:57.311 V/ActivityTaskManager( 3846): Old State : STOPPED Updated state : DESTROYED Activity : ComponentInfo{in.startv.hotstar/com.hotstar.MainActivity}
07-02 18:38:57.312 D/INSETS  ( 3846): else - Package Name ::  left : 0 right :: 0 top :: 0 bottom :: 0 dfu-right :: 1920 dfu-bottom :: 1080
07-02 18:38:57.312 V/ActivityTaskManager( 3846): Sending Broadcast : Intent { act=com.jio.remote.action.applaunch flg=0x40000000 pkg=com.jio.remote.btserver (has extras) }
07-02 18:38:57.330 I/ActivityManager( 3846): Force stopping in.startv.hotstar appid=10066 user=0: from pid 4878
07-02 18:38:57.341 I/ActivityManager( 3846): Killing 6521:com.android.shell/2000 (adj 985): empty #17
07-02 18:38:57.342 I/ActivityManager( 3846): Force stopping in.startv.hotstar appid=10066 user=0: from pid 4878
07-02 18:38:57.372 I/chatty  ( 3846): uid=1000(system) Binder:3846_14 identical 4 lines
07-02 18:38:57.387 I/ActivityManager( 3846): Force stopping in.startv.hotstar appid=10066 user=0: from pid 4878
07-02 18:38:57.398 I/ActivityManager( 3846): Force stopping in.startv.hotstar appid=10066 user=0: from pid 4878
07-02 18:38:57.408 I/ActivityManager( 3846): Force stopping in.startv.hotstar appid=10066 user=0: from pid 4878
07-02 18:38:57.545 W/ActivityManager( 3846): setHasOverlayUi called on unknown pid: 9552
07-02 18:38:57.546 D/ConnectivityService( 3846): ConnectivityService NetworkRequestInfo binderDied(NetworkRequest [ LISTEN id=21, [ Capabilities: INTERNET&NOT_RESTRICTED&TRUSTED&NOT_VPN&FOREGROUND Uid: 10066 AdministratorUids: [] RequestorUid: 10066 RequestorPackageName: in.startv.hotstar] ], android.os.BinderProxy@8e76e7)
07-02 18:38:57.546 D/ConnectivityService( 3846): ConnectivityService NetworkRequestInfo binderDied(NetworkRequest [ TRACK_DEFAULT id=22, [ Capabilities: INTERNET&NOT_RESTRICTED&TRUSTED Uid: 10066 AdministratorUids: [] RequestorUid: 10066 RequestorPackageName: in.startv.hotstar] ], android.os.BinderProxy@28d3294)
07-02 18:38:57.546 D/ConnectivityService( 3846): releasing NetworkRequest [ TRACK_DEFAULT id=22, [ Capabilities: INTERNET&NOT_RESTRICTED&TRUSTED Uid: 10066 AdministratorUids: [] RequestorUid: 10066 RequestorPackageName: in.startv.hotstar] ] (release request)
07-02 18:38:57.550 W/WindowManager( 3846): Cannot find window which accessibility connection is added to
07-02 18:38:57.869 I/ActivityManager( 3846): Force stopping io.appium.uiautomator2.server appid=10064 user=0: start instr
07-02 18:38:57.873 D/CompatibilityChangeReporter( 3846): Compat change id reported: 135634846; UID 10064; state: DISABLED
07-02 18:38:57.874 D/CompatibilityChangeReporter( 3846): Compat change id reported: 143937733; UID 10064; state: ENABLED
07-02 18:38:57.894 I/ActivityManager( 3846): Start proc 13148:io.appium.uiautomator2.server/u0a64 for added application io.appium.uiautomator2.server
07-02 18:38:59.370 I/UsageStatsService( 3846): User[0] Flushing usage stats to disk
07-02 18:38:59.551 W/[  624.446595@2]- RTW(    0): fill_default_txdesc(wlan0): SP Packet(0x0806) rate=0x4 SeqNum = 3597
07-02 18:38:59.644 W/WindowManager( 3846): removeWindowToken: Attempted to remove non-existing token: android.os.Binder@d6dd202
07-02 18:39:00.359 E/TaskPersister( 3846): File error accessing recents directory (directory doesn't exist?).
07-02 18:39:01.062 W/[  625.955296@2]- RTW(    0): fill_default_txdesc(wlan0): SP Packet(0x0806) rate=0x4 SeqNum = 3849
07-02 18:39:01.613 D/WindowManager( 3846): Unhandled key: inputToken=android.os.BinderProxy@38b7fc3, title=com.iwedia.ui.rjio.launcher.reliance/com.iwedia.ui.rjio.launcher.ui.intro.IntroActivity, action=0, flags=0, keyCode=4, scanCode=0, metaState=0, repeatCount=0, policyFlags=1795162112
07-02 18:39:01.613 D/WindowManager( 3846): No fallback.
07-02 18:39:01.616 D/AutofillManagerService( 3846): onBackKeyPressed()
07-02 18:39:01.620 D/WindowManager( 3846): Unhandled key: inputToken=android.os.BinderProxy@38b7fc3, title=com.iwedia.ui.rjio.launcher.reliance/com.iwedia.ui.rjio.launcher.ui.intro.IntroActivity, action=1, flags=0, keyCode=4, scanCode=0, metaState=0, repeatCount=0, policyFlags=1795162112
07-02 18:39:01.620 D/WindowManager( 3846): No fallback.
07-02 18:39:01.762 W/[  626.658136@3]- RTW(    0): fill_default_txdesc(wlan0): SP Packet(0x0806) rate=0x4 SeqNum = 0
07-02 18:39:03.987 I/ActivityTaskManager( 3846): START u0 {flg=0x10000000 cmp=com.jiotv.sonyliv/com.sonyliv.ui.splash.SplashActivity} from uid 0
07-02 18:39:03.987 D/ActivityTaskManager( 3846): recent debug: [launchedPkgName] --> com.jiotv.sonyliv [callingPackage] --> com.android.shell
07-02 18:39:04.014 V/ActivityTaskManager( 3846): Old State : null Updated state : INITIALIZING Activity : ComponentInfo{com.jiotv.sonyliv/com.sonyliv.ui.splash.SplashActivity}
07-02 18:39:04.015 V/ActivityTaskManager( 3846): Sending Broadcast : Intent { act=com.jio.remote.action.applaunch flg=0x40000000 pkg=com.jio.remote.btserver (has extras) }
07-02 18:39:04.023 V/ActivityTaskManager( 3846): Old State : RESUMED Updated state : PAUSING Activity : ComponentInfo{com.iwedia.ui.rjio.launcher.reliance/com.iwedia.ui.rjio.launcher.ui.intro.IntroActivity}
07-02 18:39:04.024 V/ActivityTaskManager( 3846): Sending Broadcast : Intent { act=com.jio.remote.action.applaunch flg=0x40000000 pkg=com.jio.remote.btserver (has extras) }
07-02 18:39:04.027 D/INSETS  ( 3846): else - Package Name ::  left : 0 right :: 0 top :: 0 bottom :: 0 dfu-right :: 1920 dfu-bottom :: 1080
07-02 18:39:04.032 D/CompatibilityChangeReporter( 3846): Compat change id reported: 135634846; UID 10075; state: DISABLED
07-02 18:39:04.033 D/CompatibilityChangeReporter( 3846): Compat change id reported: 143937733; UID 10075; state: ENABLED
07-02 18:39:04.050 V/ActivityTaskManager( 3846): Old State : PAUSING Updated state : PAUSED Activity : ComponentInfo{com.iwedia.ui.rjio.launcher.reliance/com.iwedia.ui.rjio.launcher.ui.intro.IntroActivity}
07-02 18:39:04.050 V/ActivityTaskManager( 3846): Sending Broadcast : Intent { act=com.jio.remote.action.applaunch flg=0x40000000 pkg=com.jio.remote.btserver (has extras) }
07-02 18:39:04.066 I/ActivityManager( 3846): Start proc 13234:com.jiotv.sonyliv/u0a75 for pre-top-activity {com.jiotv.sonyliv/com.sonyliv.ui.splash.SplashActivity}
07-02 18:39:04.116 V/ActivityTaskManager( 3846): Old State : INITIALIZING Updated state : RESUMED Activity : ComponentInfo{com.jiotv.sonyliv/com.sonyliv.ui.splash.SplashActivity}
07-02 18:39:04.116 V/ActivityTaskManager( 3846): Sending Broadcast : Intent { act=com.jio.remote.action.applaunch flg=0x40000000 pkg=com.jio.remote.btserver (has extras) }
07-02 18:39:04.925 D/ConnectivityService( 3846): NetReassign [no changes]
07-02 18:39:05.003 D/ConnectivityService( 3846): requestNetwork for uid/pid:10075/13234 NetworkRequest [ TRACK_DEFAULT id=26, [ Capabilities: INTERNET&NOT_RESTRICTED&TRUSTED Uid: 10075 AdministratorUids: [] RequestorUid: 10075 RequestorPackageName: com.jiotv.sonyliv] ]
07-02 18:39:05.004 D/ConnectivityService( 3846): NetReassign [26 : null  100]
07-02 18:39:05.229 D/INSETS  ( 3846): else - Package Name ::  left : 0 right :: 0 top :: 0 bottom :: 0 dfu-right :: 1920 dfu-bottom :: 1080
07-02 18:39:05.485 D/INSETS  ( 3846): else - Package Name ::  left : 0 right :: 0 top :: 0 bottom :: 0 dfu-right :: 1920 dfu-bottom :: 1080
07-02 18:39:05.509 D/INSETS  ( 3846): else - Package Name ::  left : 0 right :: 0 top :: 0 bottom :: 0 dfu-right :: 1920 dfu-bottom :: 1080
07-02 18:39:05.918 V/ActivityTaskManager( 3846): Old State : PAUSED Updated state : STOPPING Activity : ComponentInfo{com.iwedia.ui.rjio.launcher.reliance/com.iwedia.ui.rjio.launcher.ui.intro.IntroActivity}
07-02 18:39:05.918 V/ActivityTaskManager( 3846): Sending Broadcast : Intent { act=com.jio.remote.action.applaunch flg=0x40000000 pkg=com.jio.remote.btserver (has extras) }
07-02 18:39:05.919 D/INSETS  ( 3846): else - Package Name ::  left : 0 right :: 0 top :: 0 bottom :: 0 dfu-right :: 1920 dfu-bottom :: 1080
07-02 18:39:05.940 D/INSETS  ( 3846): else - Package Name ::  left : 0 right :: 0 top :: 0 bottom :: 0 dfu-right :: 1920 dfu-bottom :: 1080
07-02 18:39:05.982 D/INSETS  ( 3846): else - Package Name ::  left : 0 right :: 0 top :: 0 bottom :: 0 dfu-right :: 1920 dfu-bottom :: 1080
07-02 18:39:06.000 V/ActivityTaskManager( 3846): Old State : STOPPING Updated state : STOPPED Activity : ComponentInfo{com.iwedia.ui.rjio.launcher.reliance/com.iwedia.ui.rjio.launcher.ui.intro.IntroActivity}
07-02 18:39:06.001 V/ActivityTaskManager( 3846): Sending Broadcast : Intent { act=com.jio.remote.action.applaunch flg=0x40000000 pkg=com.jio.remote.btserver (has extras) }
07-02 18:39:06.130 W/[  631.025187@0]- RTW(    0): fill_default_txdesc(wlan0): SP Packet(0x0806) rate=0x4 SeqNum = 695
07-02 18:39:07.612 E/TaskPersister( 3846): File error accessing recents directory (directory doesn't exist?).
07-02 18:39:09.486 I/UsageStatsService( 3846): User[0] Flushing usage stats to disk
07-02 18:39:10.190 W/[  635.084383@2]- RTW(    0): fill_default_txdesc(wlan0): SP Packet(0x0806) rate=0x4 SeqNum = 1125
07-02 18:39:15.250 W/[  640.144905@2]- RTW(    0): fill_default_txdesc(wlan0): SP Packet(0x0806) rate=0x4 SeqNum = 1665
07-02 18:39:19.339 I/JobServiceContext( 3846): Client timed out while executing (no jobFinished received), sending onStop: c7f9a9c #u0a37/1 com.jio.store/.jobsheduler.AppInstallJobService
07-02 18:39:19.362 I/ActivityManager( 3846): Killing 6794:com.jio.smartmemorymanager/1000 (adj 985): empty #17
07-02 18:39:19.594 I/UsageStatsService( 3846): User[0] Flushing usage stats to disk
07-02 18:39:20.342 W/[  645.234784@0]- RTW(    0): fill_default_txdesc(wlan0): SP Packet(0x0806) rate=0x4 SeqNum = 2258
07-02 18:39:25.150 W/[  650.046573@0]- RTW(    0): fill_default_txdesc(wlan0): SP Packet(0x0806) rate=0x4 SeqNum = 2766
07-02 18:39:25.315 W/ActivityManager( 3846): Unable to start service Intent { act=com.google.android.gms.analytics.service.START cmp=com.google.android.gms/.analytics.service.AnalyticsService (has extras) } U=0: not found
07-02 18:39:25.410 W/[  650.304830@0]- RTW(    0): fill_default_txdesc(wlan0): SP Packet(0x0806) rate=0x4 SeqNum = 2806
07-02 18:39:25.978 D/ConnectivityService( 3846): requestNetwork for uid/pid:10075/13234 NetworkRequest [ TRACK_DEFAULT id=27, [ Capabilities: INTERNET&NOT_RESTRICTED&TRUSTED Uid: 10075 AdministratorUids: [] RequestorUid: 10075 RequestorPackageName: com.jiotv.sonyliv] ]
07-02 18:39:25.980 D/ConnectivityService( 3846): NetReassign [27 : null  100]
07-02 18:39:27.190 I/ActivityTaskManager( 3846): START u0 {flg=0x14008000 cmp=com.jiotv.sonyliv/com.sonyliv.ui.home.HomeActivity} from uid 10075
07-02 18:39:27.190 D/ActivityTaskManager( 3846): recent debug: [launchedPkgName] --> com.jiotv.sonyliv [callingPackage] --> com.jiotv.sonyliv
07-02 18:39:27.205 V/ActivityTaskManager( 3846): Old State : null Updated state : INITIALIZING Activity : ComponentInfo{com.jiotv.sonyliv/com.sonyliv.ui.home.HomeActivity}
07-02 18:39:27.205 V/ActivityTaskManager( 3846): Sending Broadcast : Intent { act=com.jio.remote.action.applaunch flg=0x40000000 pkg=com.jio.remote.btserver (has extras) }
07-02 18:39:27.225 V/ActivityTaskManager( 3846): Old State : RESUMED Updated state : PAUSING Activity : ComponentInfo{com.jiotv.sonyliv/com.sonyliv.ui.splash.SplashActivity}
07-02 18:39:27.235 V/ActivityTaskManager( 3846): Sending Broadcast : Intent { act=com.jio.remote.action.applaunch flg=0x40000000 pkg=com.jio.remote.btserver (has extras) }
07-02 18:39:27.241 W/ActivityTaskManager( 3846): Duplicate finish request for r=ActivityRecord{3dc84ab u0 com.jiotv.sonyliv/com.sonyliv.ui.splash.SplashActivity t280 f}}
07-02 18:39:27.250 W/ActivityTaskManager( 3846): Tried to set launchTime (0) < mLastActivityLaunchTime (628913)
07-02 18:39:27.255 V/ActivityTaskManager( 3846): Old State : PAUSED Updated state : STOPPING Activity : ComponentInfo{com.jiotv.sonyliv/com.sonyliv.ui.splash.SplashActivity}
07-02 18:39:27.259 V/ActivityTaskManager( 3846): Sending Broadcast : Intent { act=com.jio.remote.action.applaunch flg=0x40000000 pkg=com.jio.remote.btserver (has extras) }
07-02 18:39:27.290 V/ActivityTaskManager( 3846): Old State : PAUSING Updated state : PAUSED Activity : ComponentInfo{com.jiotv.sonyliv/com.sonyliv.ui.splash.SplashActivity}
07-02 18:39:27.290 V/ActivityTaskManager( 3846): Old State : INITIALIZING Updated state : RESUMED Activity : ComponentInfo{com.jiotv.sonyliv/com.sonyliv.ui.home.HomeActivity}
07-02 18:39:27.290 V/ActivityTaskManager( 3846): Sending Broadcast : Intent { act=com.jio.remote.action.applaunch flg=0x40000000 pkg=com.jio.remote.btserver (has extras) }
07-02 18:39:27.291 V/ActivityTaskManager( 3846): Sending Broadcast : Intent { act=com.jio.remote.action.applaunch flg=0x40000000 pkg=com.jio.remote.btserver (has extras) }
07-02 18:39:27.698 D/CompatibilityChangeReporter( 3846): Compat change id reported: 135634846; UID 10075; state: DISABLED
07-02 18:39:27.698 D/CompatibilityChangeReporter( 3846): Compat change id reported: 143937733; UID 10075; state: ENABLED
07-02 18:39:27.732 I/ActivityManager( 3846): Start proc 13545:com.android.webview:sandboxed_process0:org.chromium.content.app.SandboxedProcessService0:0/u0i3 for  {com.jiotv.sonyliv/org.chromium.content.app.SandboxedProcessService0:0}
07-02 18:39:27.796 D/CompatibilityChangeReporter( 3846): Compat change id reported: 136274596; UID 10075; state: ENABLED
07-02 18:39:28.013 E/ActivityThread(13234): Failed to find provider info for com.jio.stbpushservice.SubscriberIdProvider2
07-02 18:39:28.518 D/INSETS  ( 3846): else - Package Name ::  left : 0 right :: 0 top :: 0 bottom :: 0 dfu-right :: 1920 dfu-bottom :: 1080
07-02 18:39:28.574 D/INSETS  ( 3846): else - Package Name ::  left : 0 right :: 0 top :: 0 bottom :: 0 dfu-right :: 1920 dfu-bottom :: 1080
07-02 18:39:28.597 D/INSETS  ( 3846): else - Package Name ::  left : 0 right :: 0 top :: 0 bottom :: 0 dfu-right :: 1920 dfu-bottom :: 1080
07-02 18:39:28.740 I/ActivityManager( 3846): PendingStartActivityUids startActivity to updateOomAdj delay:1479ms, uid:10075
07-02 18:39:28.904 D/INSETS  ( 3846): else - Package Name ::  left : 0 right :: 0 top :: 0 bottom :: 0 dfu-right :: 1920 dfu-bottom :: 1080
07-02 18:39:28.910 D/INSETS  ( 3846): else - Package Name ::  left : 0 right :: 0 top :: 0 bottom :: 0 dfu-right :: 1920 dfu-bottom :: 1080
07-02 18:39:28.915 V/ActivityTaskManager( 3846): Old State : FINISHING Updated state : DESTROYING Activity : ComponentInfo{com.jiotv.sonyliv/com.sonyliv.ui.splash.SplashActivity}
07-02 18:39:28.915 V/ActivityTaskManager( 3846): Old State : STOPPING Updated state : FINISHING Activity : ComponentInfo{com.jiotv.sonyliv/com.sonyliv.ui.splash.SplashActivity}
07-02 18:39:28.915 V/ActivityTaskManager( 3846): Sending Broadcast : Intent { act=com.jio.remote.action.applaunch flg=0x40000000 pkg=com.jio.remote.btserver (has extras) }
07-02 18:39:28.916 V/ActivityTaskManager( 3846): Sending Broadcast : Intent { act=com.jio.remote.action.applaunch flg=0x40000000 pkg=com.jio.remote.btserver (has extras) }
07-02 18:39:29.272 D/INSETS  ( 3846): else - Package Name ::  left : 0 right :: 0 top :: 0 bottom :: 0 dfu-right :: 1920 dfu-bottom :: 1080
07-02 18:39:29.277 V/ActivityTaskManager( 3846): Old State : DESTROYING Updated state : DESTROYED Activity : ComponentInfo{com.jiotv.sonyliv/com.sonyliv.ui.splash.SplashActivity}
07-02 18:39:29.277 V/ActivityTaskManager( 3846): Sending Broadcast : Intent { act=com.jio.remote.action.applaunch flg=0x40000000 pkg=com.jio.remote.btserver (has extras) }
07-02 18:39:29.682 I/UsageStatsService( 3846): User[0] Flushing usage stats to disk
07-02 18:39:30.490 W/[  655.384372@2]- RTW(    0): fill_default_txdesc(wlan0): SP Packet(0x0806) rate=0x4 SeqNum = 3776
07-02 18:39:30.862 E/TaskPersister( 3846): File error accessing recents directory (directory doesn't exist?).
07-02 18:39:32.190 W/[  657.086879@0]- RTW(    0): Turbo EDCA =0x431c
07-02 18:39:33.090 W/[  657.982515@3]- RTW(    0): fill_default_txdesc(wlan0): SP Packet(0x0806) rate=0x4 SeqNum = 155
07-02 18:39:33.202 W/[  658.098184@0]- RTW(    0): fill_default_txdesc(wlan0): SP Packet(0x0806) rate=0x4 SeqNum = 166
07-02 18:39:34.214 W/[  659.106922@2]- RTW(    0): Turbo EDCA =0x5ea42b
07-02 18:39:35.550 W/[  660.444908@2]- RTW(    0): fill_default_txdesc(wlan0): SP Packet(0x0806) rate=0x4 SeqNum = 632
07-02 18:39:39.953 I/UsageStatsService( 3846): User[0] Flushing usage stats to disk
07-02 18:39:40.650 W/[  665.544831@0]- RTW(    0): fill_default_txdesc(wlan0): SP Packet(0x0806) rate=0x4 SeqNum = 1174
07-02 18:39:44.758 W/[  669.653840@2]- healthd(    0): battery l=100 v=4 t=0.0 h=2 st=2 c=1100 fc=10000000 chg=u
07-02 18:39:44.818 W/[  669.712765@0]- audit(    0): audit_lost=734 audit_rate_limit=5 audit_backlog_limit=64
07-02 18:39:44.818 E/[  669.712774@0]- audit(    0): rate limit exceeded
07-02 18:39:45.750 W/[  670.645102@2]- RTW(    0): fill_default_txdesc(wlan0): SP Packet(0x0806) rate=0x4 SeqNum = 1684
07-02 18:39:46.143 W/[  671.038677@3]- RTW(    0): fill_default_txdesc(wlan0): SP Packet(0x0806) rate=0x4 SeqNum = 1726
07-02 18:39:50.842 W/[  675.736155@2]- RTW(    0): fill_default_txdesc(wlan0): SP Packet(0x0806) rate=0x4 SeqNum = 2245
07-02 18:39:55.962 W/[  680.855487@3]- RTW(    0): fill_default_txdesc(wlan0): SP Packet(0x0806) rate=0x4 SeqNum = 2773
07-02 18:40:01.062 W/[  685.954831@0]- RTW(    0): fill_default_txdesc(wlan0): SP Packet(0x0806) rate=0x4 SeqNum = 3327
07-02 18:40:06.138 W/[  691.034322@2]- RTW(    0): fill_default_txdesc(wlan0): SP Packet(0x0806) rate=0x4 SeqNum = 3834
07-02 18:40:10.190 D/[  695.085175@0]- logd(    0): logdr: UID=0 GID=0 PID=13808 n tail=0 logMask=99 pid=0 start=0ns timeout=0ns
07-02 18:40:10.218 W/[  695.114327@0]- RTW(    0): fill_default_txdesc(wlan0): SP Packet(0x0806) rate=0x4 SeqNum = 1462
07-02 18:40:15.302 W/[  700.195233@3]- RTW(    0): fill_default_txdesc(wlan0): SP Packet(0x0806) rate=0x4 SeqNum = 2725
07-02 18:40:18.142 W/[  703.038569@2]- RTW(    0): fill_default_txdesc(wlan0): SP Packet(0x0806) rate=0x4 SeqNum = 2977
07-02 18:40:18.146 W/[  703.038920@2]- RTW(    0): fill_default_txdesc(wlan0): SP Packet(0x0806) rate=0x4 SeqNum = 2978
07-02 18:40:20.408 W/[  705.304190@1]- RTW(    0): fill_default_txdesc(wlan0): SP Packet(0x0806) rate=0x4 SeqNum = 3236
07-02 18:40:20.706 W/[  705.598595@1]- RTW(    0): fill_default_txdesc(wlan0): SP Packet(0x0806) rate=0x4 SeqNum = 3259
07-02 18:40:25.330 W/[  710.224989@0]- RTW(    0): fill_default_txdesc(wlan0): SP Packet(0x0806) rate=0x4 SeqNum = 3709
07-02 18:40:29.222 W/[  714.114706@0]- audit(    0): audit_lost=762 audit_rate_limit=5 audit_backlog_limit=64
07-02 18:40:29.222 E/[  714.114727@0]- audit(    0): rate limit exceeded
07-02 18:40:29.266 W/[  714.161059@3]- RTW(    0): cfg80211_rtw_scan(wlan0)
07-02 18:40:29.266 W/[  714.161073@3]- RTW(    0): WARN cfg80211_rtw_scan (wlan0) : scan abort!! BusyTraffic
07-02 18:40:30.542 W/[  715.436474@0]- RTW(    0): fill_default_txdesc(wlan0): SP Packet(0x0806) rate=0x4 SeqNum = 218
07-02 18:40:33.190 D/[  718.086583@0]- logd(    0): logdr: UID=0 GID=0 PID=13896 n tail=0 logMask=99 pid=0 start=0ns timeout=0ns
07-02 18:40:35.590 W/[  720.484459@0]- RTW(    0): fill_default_txdesc(wlan0): SP Packet(0x0806) rate=0x4 SeqNum = 2343
07-02 18:40:40.218 W/[  725.111260@0]- RTW(    0): fill_default_txdesc(wlan0): SP Packet(0x0806) rate=0x4 SeqNum = 2764
07-02 18:40:40.738 W/[  725.630828@2]- RTW(    0): Turbo EDCA =0x431c
07-02 18:40:42.754 W/[  727.646869@3]- RTW(    0): Turbo EDCA =0x5ea42b
07-02 18:40:43.746 W/[  728.638848@3]- RTW(    0): fill_default_txdesc(wlan0): SP Packet(0x0806) rate=0x4 SeqNum = 3089
07-02 18:40:43.862 W/[  728.755110@0]- RTW(    0): fill_default_txdesc(wlan0): SP Packet(0x0806) rate=0x4 SeqNum = 3096
07-02 18:40:44.762 W/[  729.656961@2]- healthd(    0): battery l=100 v=4 t=0.0 h=2 st=2 c=1100 fc=10000000 chg=u
07-02 18:40:45.734 W/[  730.627365@0]s RTW(    0): fill_default_txdesc(wlan0): SP Packet(0x0806) rate=0x4 SeqNum = 3265
07-02 18:40:50.810 W/[  735.704035@2]- RTW(    0): fill_default_txdesc(wlan0): SP Packet(0x0806) rate=0x4 SeqNum = 3770
07-02 18:40:55.894 W/[  740.790317@3]- RTW(    0): fill_default_txdesc(wlan0): SP Packet(0x0806) rate=0x4 SeqNum = 1433
07-02 18:40:56.246 D/[  741.141039@0]- logd(    0): logdr: UID=0 GID=0 PID=13992 n tail=0 logMask=99 pid=0 start=0ns timeout=0ns
07-02 18:40:56.546 W/[  741.438565@0]- RTW(    0): fill_default_txdesc(wlan0): SP Packet(0x0806) rate=0x4 SeqNum = 2275
07-02 18:41:00.994 W/[  745.889528@0]- RTW(    0): fill_default_txdesc(wlan0): SP Packet(0x0806) rate=0x4 SeqNum = 2739
07-02 18:41:06.090 W/[  750.984053@2]- RTW(    0): fill_default_txdesc(wlan0): SP Packet(0x0806) rate=0x4 SeqNum = 3193
07-02 18:41:11.193 W/[  756.086831@2]- RTW(    0): fill_default_txdesc(wlan0): SP Packet(0x0806) rate=0x4 SeqNum = 3693
07-02 18:41:16.266 W/[  761.160855@0]- RTW(    0): fill_default_txdesc(wlan0): SP Packet(0x0806) rate=0x4 SeqNum = 55
07-02 18:41:18.046 W/[  762.942591@0]- RTW(    0): fill_default_txdesc(wlan0): SP Packet(0x0806) rate=0x4 SeqNum = 191
07-02 18:41:18.728 D/[  763.624449@0]- logd(    0): logdr: UID=0 GID=0 PID=14079 n tail=0 logMask=99 pid=0 start=0ns timeout=0ns
07-02 18:41:21.354 W/[  766.249338@0]- RTW(    0): fill_default_txdesc(wlan0): SP Packet(0x0806) rate=0x4 SeqNum = 2305
07-02 18:41:12.187 I/chatty  ( 3846): uid=1000(system) android.bg identical 9 lines
07-02 18:41:22.290 I/UsageStatsService( 3846): User[0] Flushing usage stats to disk
07-02 18:41:23.846 W/ContextImpl( 4901): Calling a method in the system process without a qualified user: android.app.ContextImpl.sendBroadcast:1126 android.content.ContextWrapper.sendBroadcast:473 insight.tr069.client.tr181.Device.JioSTB.ACS.onSetACSError:37 insight.tr069.client.TR069ClientService.makeErrorMessage:813 insight.tr069.client.TR069ClientService.insertNewMessage:829 
07-02 18:41:23.849 W/ContextImpl( 4901): Calling a method in the system process without a qualified user: android.app.ContextImpl.sendBroadcast:1126 android.content.ContextWrapper.sendBroadcast:473 insight.tr069.client.tr181.Device.JioSTB.ACS.onSetACSError:37 insight.tr069.client.TR069ClientService.makeErrorMessage:813 insight.tr069.client.TR069ClientService.insertNewMessage:829 
07-02 18:41:23.855 W/ContextImpl( 4901): Calling a method in the system process without a qualified user: android.app.ContextImpl.sendBroadcast:1126 android.content.ContextWrapper.sendBroadcast:473 insight.tr069.client.tr181.Device.JioSTB.ACS.onSetACSError:37 insight.tr069.client.TR069ClientService.makeErrorMessage:813 insight.tr069.client.TR069ClientService.insertNewMessage:829 
07-02 18:41:23.872 W/ContextImpl( 5799): Calling a method in the system process without a qualified user: android.app.ContextImpl.bindService:1748 android.content.ContextWrapper.bindService:756 com.jio.adc.core.b.d:56 com.jio.adc.core.b.b:13 com.jio.adc.core.b$c.run:7 
07-02 18:41:26.430 W/[  771.325260@0]- RTW(    0): fill_default_txdesc(wlan0): SP Packet(0x0806) rate=0x4 SeqNum = 2796
07-02 18:41:31.499 W/[  776.395980@0]- RTW(    0): fill_default_txdesc(wlan0): SP Packet(0x0806) rate=0x4 SeqNum = 3321
07-02 18:41:32.394 I/UsageStatsService( 3846): User[0] Flushing usage stats to disk
07-02 18:41:36.572 W/[  781.467332@3]- RTW(    0): fill_default_txdesc(wlan0): SP Packet(0x0806) rate=0x4 SeqNum = 3800
07-02 18:41:41.474 W/[  786.367299@0]- RTW(    0): fill_default_txdesc(wlan0): SP Packet(0x0806) rate=0x4 SeqNum = 1225
07-02 18:41:41.486 D/[  786.380814@3]- logd(    0): logdr: UID=0 GID=0 PID=14189 n tail=0 logMask=99 pid=0 start=0ns timeout=0ns
07-02 18:41:44.759 W/[  789.654060@2]- healthd(    0): battery l=100 v=4 t=0.0 h=2 st=2 c=1100 fc=10000000 chg=u
07-02 18:41:44.910 W/[  789.804679@2]- audit(    0): audit_lost=765 audit_rate_limit=5 audit_backlog_limit=64
07-02 18:41:44.910 E/[  789.804687@2]- audit(    0): rate limit exceeded
07-02 18:41:46.403 W/[  791.295315@0]- RTW(    0): fill_default_txdesc(wlan0): SP Packet(0x0806) rate=0x4 SeqNum = 2515
07-02 18:41:51.814 W/[  796.706705@2]- RTW(    0): fill_default_txdesc(wlan0): SP Packet(0x0806) rate=0x4 SeqNum = 2999
07-02 18:41:56.874 W/[  801.766441@2]- RTW(    0): fill_default_txdesc(wlan0): SP Packet(0x0806) rate=0x4 SeqNum = 3478
07-02 18:42:01.922 W/[  806.817992@0]- RTW(    0): fill_default_txdesc(wlan0): SP Packet(0x0806) rate=0x4 SeqNum = 3940
07-02 18:42:01.962 W/[  806.858056@3]- RTW(    0): fill_default_txdesc(wlan0): SP Packet(0x0806) rate=0x4 SeqNum = 3946
07-02 18:42:03.862 D/[  808.756817@0]- logd(    0): logdr: UID=0 GID=0 PID=14284 n tail=0 logMask=99 pid=0 start=0ns timeout=0ns
07-02 18:41:52.586 I/chatty  ( 3846): uid=1000(system) android.bg identical 2 lines
07-02 18:42:02.674 I/UsageStatsService( 3846): User[0] Flushing usage stats to disk
07-02 18:42:04.182 D/HdmiControlService( 3846): Proccess pid: 3846 is calling oneTouchPlay.
07-02 18:42:04.183 D/HdmiControlService( 3846): Local device is under address allocation. Save OTP callback for later process.
07-02 18:42:04.185 D/AutofillManagerService( 3846): Close system dialogs
07-02 18:42:04.192 I/ActivityTaskManager( 3846): START u0 {act=android.intent.action.MAIN cat=[android.intent.category.HOME] flg=0x10000100 cmp=com.iwedia.ui.rjio.launcher.reliance/com.iwedia.ui.rjio.launcher.ui.intro.IntroActivity (has extras)} from uid 0
07-02 18:42:04.192 D/ActivityTaskManager( 3846): recent debug: [launchedPkgName] --> com.iwedia.ui.rjio.launcher.reliance [callingPackage] --> null
07-02 18:42:04.193 V/ActivityTaskManager( 3846): Old State : null Updated state : INITIALIZING Activity : ComponentInfo{com.iwedia.ui.rjio.launcher.reliance/com.iwedia.ui.rjio.launcher.ui.intro.IntroActivity}
07-02 18:42:04.193 V/ActivityTaskManager( 3846): Sending Broadcast : Intent { act=com.jio.remote.action.applaunch flg=0x40000000 pkg=com.jio.remote.btserver (has extras) }
07-02 18:42:04.198 V/ActivityTaskManager( 3846): Old State : RESUMED Updated state : PAUSING Activity : ComponentInfo{com.jiotv.sonyliv/com.sonyliv.ui.home.HomeActivity}
07-02 18:42:04.198 V/ActivityTaskManager( 3846): Sending Broadcast : Intent { act=com.jio.remote.action.applaunch flg=0x40000000 pkg=com.jio.remote.btserver (has extras) }
07-02 18:42:04.199 D/INSETS  ( 3846): else - Package Name ::  left : 0 right :: 0 top :: 0 bottom :: 0 dfu-right :: 1920 dfu-bottom :: 1080
07-02 18:42:04.221 V/ActivityTaskManager( 3846): Old State : PAUSING Updated state : PAUSED Activity : ComponentInfo{com.jiotv.sonyliv/com.sonyliv.ui.home.HomeActivity}
07-02 18:42:04.221 V/ActivityTaskManager( 3846): Sending Broadcast : Intent { act=com.jio.remote.action.applaunch flg=0x40000000 pkg=com.jio.remote.btserver (has extras) }
07-02 18:42:04.225 V/ActivityTaskManager( 3846): Old State : STOPPED Updated state : RESUMED Activity : ComponentInfo{com.iwedia.ui.rjio.launcher.reliance/com.iwedia.ui.rjio.launcher.ui.intro.IntroActivity}
07-02 18:42:04.226 V/ActivityTaskManager( 3846): Sending Broadcast : Intent { act=com.jio.remote.action.applaunch flg=0x40000000 pkg=com.jio.remote.btserver (has extras) }
07-02 18:42:04.232 D/INSETS  ( 3846): else - Package Name ::  left : 0 right :: 0 top :: 0 bottom :: 0 dfu-right :: 1920 dfu-bottom :: 1080
07-02 18:42:04.252 W/ActivityManager( 3846): Receiver with filter android.content.IntentFilter@46fe5d9 already registered for pid 5027, callerPackage is com.iwedia.ui.rjio.launcher.reliance
07-02 18:42:04.305 D/INSETS  ( 3846): else - Package Name ::  left : 0 right :: 0 top :: 0 bottom :: 0 dfu-right :: 1920 dfu-bottom :: 1080
07-02 18:42:04.320 W/WindowManager( 3846): removeWindowToken: Attempted to remove non-existing token: android.os.Binder@7dd8af4
07-02 18:42:04.332 D/INSETS  ( 3846): else - Package Name ::  left : 0 right :: 0 top :: 0 bottom :: 0 dfu-right :: 1920 dfu-bottom :: 1080
07-02 18:42:04.345 I/ActivityManager( 3846): Force stopping io.appium.uiautomator2.server appid=10064 user=0: finished inst
07-02 18:42:04.348 I/ActivityManager( 3846): Killing 13148:io.appium.uiautomator2.server/u0a64 (adj 0): stop io.appium.uiautomator2.server due to finished inst
07-02 18:42:04.458 D/INSETS  ( 3846): else - Package Name ::  left : 0 right :: 0 top :: 0 bottom :: 0 dfu-right :: 1920 dfu-bottom :: 1080
07-02 18:42:04.468 D/INSETS  ( 3846): else - Package Name ::  left : 0 right :: 0 top :: 0 bottom :: 0 dfu-right :: 1920 dfu-bottom :: 1080
07-02 18:42:04.473 D/INSETS  ( 3846): else - Package Name ::  left : 0 right :: 0 top :: 0 bottom :: 0 dfu-right :: 1920 dfu-bottom :: 1080
07-02 18:42:04.492 D/INSETS  ( 3846): else - Package Name ::  left : 0 right :: 0 top :: 0 bottom :: 0 dfu-right :: 1920 dfu-bottom :: 1080
07-02 18:42:04.502 V/ActivityTaskManager( 3846): Old State : PAUSED Updated state : STOPPING Activity : ComponentInfo{com.jiotv.sonyliv/com.sonyliv.ui.home.HomeActivity}
07-02 18:42:04.503 V/ActivityTaskManager( 3846): Sending Broadcast : Intent { act=com.jio.remote.action.applaunch flg=0x40000000 pkg=com.jio.remote.btserver (has extras) }
07-02 18:42:04.550 D/INSETS  ( 3846): else - Package Name ::  left : 0 right :: 0 top :: 0 bottom :: 0 dfu-right :: 1920 dfu-bottom :: 1080
07-02 18:42:04.578 V/ActivityTaskManager( 3846): Old State : STOPPING Updated state : STOPPED Activity : ComponentInfo{com.jiotv.sonyliv/com.sonyliv.ui.home.HomeActivity}
07-02 18:42:04.578 V/ActivityTaskManager( 3846): Sending Broadcast : Intent { act=com.jio.remote.action.applaunch flg=0x40000000 pkg=com.jio.remote.btserver (has extras) }
07-02 18:42:04.650 I/[  809.544978@1]- binder(    0): undelivered TRANSACTION_COMPLETE
07-02 18:42:04.652 I/[  809.544992@1]- binder(    0): undelivered transaction 871847, process died.
07-02 18:42:04.757 I/ActivityManager( 3846): Force stopping io.appium.uiautomator2.server appid=10064 user=0: from pid 14325
07-02 18:42:04.770 I/ActivityManager( 3846): Force stopping io.appium.uiautomator2.server.test appid=10038 user=0: from pid 14328
07-02 18:42:06.238 W/[  811.130803@3]- RTW(    0): fill_default_txdesc(wlan0): SP Packet(0x0806) rate=0x4 SeqNum = 2132
07-02 18:42:08.482 W/[  813.374607@3]- RTW(    0): fill_default_txdesc(wlan0): SP Packet(0x0806) rate=0x4 SeqNum = 2147
07-02 18:42:08.598 W/[  813.491632@1]- RTW(    0): fill_default_txdesc(wlan0): SP Packet(0x0806) rate=0x4 SeqNum = 2149
07-02 18:42:09.730 I/        (    0): [  814.626004@2]- EXT4-fs (mmcblk0p18): re-mounted. Opts: (null)
07-02 18:42:10.018 I/ActivityManager( 3846): Force stopping com.jiotv.sonyliv appid=10075 user=0: from pid 4878
07-02 18:42:10.019 I/ActivityManager( 3846): Killing 13234:com.jiotv.sonyliv/u0a75 (adj 700): stop com.jiotv.sonyliv due to from pid 4878
07-02 18:42:10.023 W/ActivityTaskManager( 3846): Force removing ActivityRecord{ba321cd u0 com.jiotv.sonyliv/com.sonyliv.ui.home.HomeActivity t280 f}}: app died, no saved state
07-02 18:42:10.024 D/INSETS  ( 3846): else - Package Name ::  left : 0 right :: 0 top :: 0 bottom :: 0 dfu-right :: 1920 dfu-bottom :: 1080
07-02 18:42:10.029 V/ActivityTaskManager( 3846): Old State : STOPPED Updated state : DESTROYED Activity : ComponentInfo{com.jiotv.sonyliv/com.sonyliv.ui.home.HomeActivity}
07-02 18:42:10.034 V/ActivityTaskManager( 3846): Sending Broadcast : Intent { act=com.jio.remote.action.applaunch flg=0x40000000 pkg=com.jio.remote.btserver (has extras) }
07-02 18:42:10.034 I/ActivityManager( 3846): Killing 13545:com.android.webview:sandboxed_process0:org.chromium.content.app.SandboxedProcessService0:0/u0a75i3 (adj 0): isolated not needed
07-02 18:42:10.045 I/ActivityManager( 3846): Force stopping com.jiotv.sonyliv appid=10075 user=0: from pid 4878
07-02 18:42:10.105 I/chatty  ( 3846): uid=1000(system) Binder:3846_3 identical 7 lines
07-02 18:42:10.113 I/ActivityManager( 3846): Force stopping com.jiotv.sonyliv appid=10075 user=0: from pid 4878
07-02 18:42:10.114 D/KernelCpuUidUserSysTimeReader( 3846): Removing uids 1037-1037
07-02 18:42:10.255 D/ConnectivityService( 3846): ConnectivityService NetworkRequestInfo binderDied(NetworkRequest [ TRACK_DEFAULT id=26, [ Capabilities: INTERNET&NOT_RESTRICTED&TRUSTED Uid: 10075 AdministratorUids: [] RequestorUid: 10075 RequestorPackageName: com.jiotv.sonyliv] ], android.os.BinderProxy@2feabbe)
07-02 18:42:10.256 W/ActivityManager( 3846): setHasOverlayUi called on unknown pid: 13234
07-02 18:42:10.256 D/ConnectivityService( 3846): releasing NetworkRequest [ TRACK_DEFAULT id=26, [ Capabilities: INTERNET&NOT_RESTRICTED&TRUSTED Uid: 10075 AdministratorUids: [] RequestorUid: 10075 RequestorPackageName: com.jiotv.sonyliv] ] (release request)
07-02 18:42:10.256 D/ConnectivityService( 3846): ConnectivityService NetworkRequestInfo binderDied(NetworkRequest [ LISTEN id=25, [ Transports: CELLULAR|WIFI Capabilities: INTERNET&NOT_RESTRICTED&TRUSTED&NOT_VPN Uid: 10075 AdministratorUids: [] RequestorUid: 10075 RequestorPackageName: com.jiotv.sonyliv] ], android.os.BinderProxy@1b7341f)
07-02 18:42:10.257 W/WindowManager( 3846): Cannot find window which accessibility connection is added to
07-02 18:42:10.257 D/ConnectivityService( 3846): ConnectivityService NetworkRequestInfo binderDied(NetworkRequest [ TRACK_DEFAULT id=27, [ Capabilities: INTERNET&NOT_RESTRICTED&TRUSTED Uid: 10075 AdministratorUids: [] RequestorUid: 10075 RequestorPackageName: com.jiotv.sonyliv] ], android.os.BinderProxy@bdcd36c)
07-02 18:42:10.258 D/ConnectivityService( 3846): releasing NetworkRequest [ TRACK_DEFAULT id=27, [ Capabilities: INTERNET&NOT_RESTRICTED&TRUSTED Uid: 10075 AdministratorUids: [] RequestorUid: 10075 RequestorPackageName: com.jiotv.sonyliv] ] (release request)
07-02 18:42:11.826 D/[  816.719467@2]- logd(    0): logdr: UID=0 GID=0 PID=14474 b tail=0 logMask=99 pid=0 start=0ns timeout=0ns
07-02 18:42:11.926 W/[  816.821107@1]- RTW(    0): fill_default_txdesc(wlan0): SP Packet(0x0806) rate=0x4 SeqNum = 3276
07-02 18:42:12.465 I/ActivityManager( 3846): Force stopping io.appium.uiautomator2.server appid=10064 user=0: from pid 14511
07-02 18:42:12.471 I/ActivityManager( 3846): Force stopping io.appium.uiautomator2.server.test appid=10038 user=0: from pid 14512
07-02 18:42:12.764 I/UsageStatsService( 3846): User[0] Flushing usage stats to disk
07-02 18:42:13.073 E/TaskPersister( 3846): File error accessing recents directory (directory doesn't exist?).
07-02 18:42:13.118 I/ActivityManager( 3846): Force stopping io.appium.uiautomator2.server appid=10064 user=0: start instr
07-02 18:42:13.122 D/CompatibilityChangeReporter( 3846): Compat change id reported: 135634846; UID 10064; state: DISABLED
07-02 18:42:13.123 D/CompatibilityChangeReporter( 3846): Compat change id reported: 143937733; UID 10064; state: ENABLED
07-02 18:42:13.140 I/ActivityManager( 3846): Start proc 14534:io.appium.uiautomator2.server/u0a64 for added application io.appium.uiautomator2.server
07-02 18:42:14.821 W/WindowManager( 3846): removeWindowToken: Attempted to remove non-existing token: android.os.Binder@588f749
07-02 18:42:16.141 D/WindowManager( 3846): Unhandled key: inputToken=android.os.BinderProxy@38b7fc3, title=com.iwedia.ui.rjio.launcher.reliance/com.iwedia.ui.rjio.launcher.ui.intro.IntroActivity, action=0, flags=0, keyCode=4, scanCode=0, metaState=0, repeatCount=0, policyFlags=1795162112
07-02 18:42:16.141 D/WindowManager( 3846): No fallback.
07-02 18:42:16.144 D/AutofillManagerService( 3846): onBackKeyPressed()
07-02 18:42:16.147 D/WindowManager( 3846): Unhandled key: inputToken=android.os.BinderProxy@38b7fc3, title=com.iwedia.ui.rjio.launcher.reliance/com.iwedia.ui.rjio.launcher.ui.intro.IntroActivity, action=1, flags=0, keyCode=4, scanCode=0, metaState=0, repeatCount=0, policyFlags=1795162112
07-02 18:42:16.148 D/WindowManager( 3846): No fallback.
07-02 18:42:16.470 W/[  821.362503@0]- RTW(    0): fill_default_txdesc(wlan0): SP Packet(0x0806) rate=0x4 SeqNum = 628
07-02 18:42:17.874 W/[  822.769222@3]- RTW(    0): fill_default_txdesc(wlan0): SP Packet(0x0806) rate=0x4 SeqNum = 782
07-02 18:42:17.954 W/[  822.846653@2]- RTW(    0): fill_default_txdesc(wlan0): SP Packet(0x0806) rate=0x4 SeqNum = 793
07-02 18:42:18.515 I/ActivityTaskManager( 3846): START u0 {flg=0x10000000 cmp=com.suntv.sunnxt/com.androidtv.myplex.ui.activity.SPlashActivity} from uid 0
07-02 18:42:18.515 D/ActivityTaskManager( 3846): recent debug: [launchedPkgName] --> com.suntv.sunnxt [callingPackage] --> com.android.shell
07-02 18:42:18.538 V/ActivityTaskManager( 3846): Old State : null Updated state : INITIALIZING Activity : ComponentInfo{com.suntv.sunnxt/com.androidtv.myplex.ui.activity.SPlashActivity}
07-02 18:42:18.539 V/ActivityTaskManager( 3846): Sending Broadcast : Intent { act=com.jio.remote.action.applaunch flg=0x40000000 pkg=com.jio.remote.btserver (has extras) }
07-02 18:42:18.545 V/ActivityTaskManager( 3846): Old State : RESUMED Updated state : PAUSING Activity : ComponentInfo{com.iwedia.ui.rjio.launcher.reliance/com.iwedia.ui.rjio.launcher.ui.intro.IntroActivity}
07-02 18:42:18.545 V/ActivityTaskManager( 3846): Sending Broadcast : Intent { act=com.jio.remote.action.applaunch flg=0x40000000 pkg=com.jio.remote.btserver (has extras) }
07-02 18:42:18.546 D/INSETS  ( 3846): else - Package Name ::  left : 0 right :: 0 top :: 0 bottom :: 0 dfu-right :: 1920 dfu-bottom :: 1080
07-02 18:42:18.551 D/CompatibilityChangeReporter( 3846): Compat change id reported: 135634846; UID 10069; state: DISABLED
07-02 18:42:18.554 D/CompatibilityChangeReporter( 3846): Compat change id reported: 143937733; UID 10069; state: ENABLED
07-02 18:42:18.570 V/ActivityTaskManager( 3846): Old State : PAUSING Updated state : PAUSED Activity : ComponentInfo{com.iwedia.ui.rjio.launcher.reliance/com.iwedia.ui.rjio.launcher.ui.intro.IntroActivity}
07-02 18:42:18.570 V/ActivityTaskManager( 3846): Sending Broadcast : Intent { act=com.jio.remote.action.applaunch flg=0x40000000 pkg=com.jio.remote.btserver (has extras) }
07-02 18:42:18.580 I/ActivityManager( 3846): Start proc 14615:com.suntv.sunnxt/u0a69 for pre-top-activity {com.suntv.sunnxt/com.androidtv.myplex.ui.activity.SPlashActivity}
07-02 18:42:18.588 D/INSETS  ( 3846): else - Package Name ::  left : 0 right :: 0 top :: 0 bottom :: 0 dfu-right :: 1920 dfu-bottom :: 1080
07-02 18:42:18.612 D/INSETS  ( 3846): else - Package Name ::  left : 0 right :: 0 top :: 0 bottom :: 0 dfu-right :: 1920 dfu-bottom :: 1080
07-02 18:42:18.645 V/ActivityTaskManager( 3846): Old State : INITIALIZING Updated state : RESUMED Activity : ComponentInfo{com.suntv.sunnxt/com.androidtv.myplex.ui.activity.SPlashActivity}
07-02 18:42:18.645 V/ActivityTaskManager( 3846): Sending Broadcast : Intent { act=com.jio.remote.action.applaunch flg=0x40000000 pkg=com.jio.remote.btserver (has extras) }
07-02 18:42:18.651 D/INSETS  ( 3846): else - Package Name ::  left : 0 right :: 0 top :: 0 bottom :: 0 dfu-right :: 1920 dfu-bottom :: 1080
07-02 18:42:18.673 I/chatty  ( 3846): uid=1000(system) android.anim identical 1 line
07-02 18:42:19.060 D/INSETS  ( 3846): else - Package Name ::  left : 0 right :: 0 top :: 0 bottom :: 0 dfu-right :: 1920 dfu-bottom :: 1080
07-02 18:42:19.086 D/INSETS  ( 3846): else - Package Name ::  left : 0 right :: 0 top :: 0 bottom :: 0 dfu-right :: 1920 dfu-bottom :: 1080
07-02 18:42:19.366 I/chatty  ( 3846): uid=1000(system) Binder:3846_D identical 1 line
07-02 18:42:19.367 D/INSETS  ( 3846): else - Package Name ::  left : 0 right :: 0 top :: 0 bottom :: 0 dfu-right :: 1920 dfu-bottom :: 1080
07-02 18:42:19.474 D/INSETS  ( 3846): else - Package Name ::  left : 0 right :: 0 top :: 0 bottom :: 0 dfu-right :: 1920 dfu-bottom :: 1080
07-02 18:42:19.478 I/chatty  ( 3846): uid=1000(system) android.anim identical 2 lines
07-02 18:42:19.478 D/INSETS  ( 3846): else - Package Name ::  left : 0 right :: 0 top :: 0 bottom :: 0 dfu-right :: 1920 dfu-bottom :: 1080
07-02 18:42:19.496 V/ActivityTaskManager( 3846): Old State : PAUSED Updated state : STOPPING Activity : ComponentInfo{com.iwedia.ui.rjio.launcher.reliance/com.iwedia.ui.rjio.launcher.ui.intro.IntroActivity}
07-02 18:42:19.496 V/ActivityTaskManager( 3846): Sending Broadcast : Intent { act=com.jio.remote.action.applaunch flg=0x40000000 pkg=com.jio.remote.btserver (has extras) }
07-02 18:42:19.504 D/INSETS  ( 3846): else - Package Name ::  left : 0 right :: 0 top :: 0 bottom :: 0 dfu-right :: 1920 dfu-bottom :: 1080
07-02 18:42:19.504 D/INSETS  ( 3846): else - Package Name ::  left : 0 right :: 0 top :: 0 bottom :: 0 dfu-right :: 1920 dfu-bottom :: 1080
07-02 18:42:19.560 D/INSETS  ( 3846): else - Package Name ::  left : 0 right :: 0 top :: 0 bottom :: 0 dfu-right :: 1920 dfu-bottom :: 1080
07-02 18:42:19.560 D/INSETS  ( 3846): else - Package Name ::  left : 0 right :: 0 top :: 0 bottom :: 0 dfu-right :: 1920 dfu-bottom :: 1080
07-02 18:42:19.573 V/ActivityTaskManager( 3846): Old State : STOPPING Updated state : STOPPED Activity : ComponentInfo{com.iwedia.ui.rjio.launcher.reliance/com.iwedia.ui.rjio.launcher.ui.intro.IntroActivity}
07-02 18:42:19.573 V/ActivityTaskManager( 3846): Sending Broadcast : Intent { act=com.jio.remote.action.applaunch flg=0x40000000 pkg=com.jio.remote.btserver (has extras) }
07-02 18:42:19.675 D/INSETS  ( 3846): else - Package Name ::  left : 0 right :: 0 top :: 0 bottom :: 0 dfu-right :: 1920 dfu-bottom :: 1080
07-02 18:42:19.694 D/INSETS  ( 3846): else - Package Name ::  left : 0 right :: 0 top :: 0 bottom :: 0 dfu-right :: 1920 dfu-bottom :: 1080
07-02 18:42:19.756 D/INSETS  ( 3846): else - Package Name ::  left : 0 right :: 0 top :: 0 bottom :: 0 dfu-right :: 1920 dfu-bottom :: 1080
07-02 18:42:19.786 I/[  824.681016@0]- resman(    0): 38 appname:OMX-31, type=0
07-02 18:42:19.906 I/[  824.800390@2]- resman(    0): 38 acquire [codec_mm], preempt yes
07-02 18:42:19.925 I/[  824.800400@2]- resman(    0): 38 score 60 secure no
07-02 18:42:19.925 I/[  824.800405@2]- resman(    0): 38 acquire [codec_mm] success
07-02 18:42:19.925 D/        (    0): [  824.800463@2]- the demux           clock on, ref cnt: 2
07-02 18:42:19.925 D/        (    0): [  824.800468@2]- the parser_top      clock on, ref cnt: 2
07-02 18:42:19.925 D/        (    0): [  824.800477@2]- the vdec            clock on, ref cnt: 1
07-02 18:42:19.925 D/        (    0): [  824.800499@2]- the clk_vdec_mux    clock on, ref cnt: 1
07-02 18:42:19.925 D/        (    0): [  824.800531@2]- vdec mux clock is 499999992 Hz
07-02 18:42:19.925 D/        (    0): [  824.800618@2]- vdec_create instance 0000000085812d18, total 1, PM: legacy
07-02 18:42:19.925 D/        (    0): [  824.800681@2]- no drmmode
07-02 18:42:19.925 I/        (    0): [  824.800831@2]- is_reset=0
07-02 18:42:19.925 I/        (    0): [  824.800857@2]- vdec_init, dev_name:ammvdec_h264, vdec_type=VDEC_TYPE_FRAME_BLOCK  id = 0
07-02 18:42:19.925 D/        (    0): [  824.801638@2]- ammvdec_h264_mmu_init tvp = 0x0 mmu_enable 0
07-02 18:42:19.925 D/        (    0): [  824.801646@2]- decoder_bmmu_box_alloc_box, tvp_flags = 0
07-02 18:42:19.925 D/[  824.801665@2]- 0(    0): ammvdec_h264_probe mmu_enable 0 double_write_mode 0x10
07-02 18:42:19.925 D/[  824.808598@2]- 0(    0): ammvdec_h264 mem-addr=0,buff_offset=56c10000,buf_start=56c00000
07-02 18:42:19.925 D/        (    0): [  824.808638@2]- vdec mux clock is 666666656 Hz
07-02 18:42:19.926 D/        (    0): [  824.808643@2]- vdec1 video changed to 3840 x 2160 60 fps clk->667MHZ
07-02 18:42:19.926 W/        (    0): [  824.808649@2]- H264 sysinfo: 1920x1080 duration=4000, pts_outside=1
07-02 18:42:19.926 D/        (    0): [  824.808653@2]- sync_outside=0, use_idr_framerate=0, is_used_v4l: 0
07-02 18:42:19.926 I/        (    0): [  824.808723@2]- [TEE], the fw (h264_multi) will be loaded.
07-02 18:42:19.926 D/        (    0): [  824.811257@2]- vh264_init, phy_addr=7446e000 vaddr=00000000d3847ca6
07-02 18:42:19.926 D/        (    0): [  824.811517@3]- vfm map vdec-map-0 created
07-02 18:42:19.926 I/[  824.811536@3]- dim(    0): ch[1]:di_receiver_event_fun,8:_REG
07-02 18:42:19.926 I/[  824.811542@3]- dim(    0): reg:vdec.h264.00[31]
07-02 18:42:19.926 I/[  824.812117@2]- dim(    0): reg:use[1]ms
07-02 18:42:19.926 E/[  824.812142@2]- reg(    0): v4lvideo
07-02 18:42:19.926 I/[  824.812150@2]- dim(    0): ch[1]:di_receiver_event_fun,3:_START
07-02 18:42:19.932 D/        (    0): [  824.812157@2]- vdec_init, vf_provider_name = vdec.h264.00, b 0
07-02 18:42:19.937 I/        (    0): [  824.828755@3]- vdec->port_flag=0x102, port_flag=0x10b
07-02 18:42:19.937 D/[  824.831543@3]- v4lvid(    0): dbg: v4lvideo open
07-02 18:42:19.960 D/[  824.851728@1]- 0(    0): AV_SCRATCH_1 = 841fe078, AV_SCRATCH_2 1a077
07-02 18:42:19.960 D/[  824.851789@1]- 0(    0): chroma_format_idc = 1 frame_mbs_only_flag 1, crop_bottom 8,  frame_height 1080,
07-02 18:42:19.960 D/[  824.851794@1]- 0(    0): mb_height 68,crop_right 0, frame_width 1920, mb_width 120
07-02 18:42:19.960 D/[  824.851799@1]- 0(    0): level_idc = 40 pic_size = 3133440 size = 4
07-02 18:42:19.960 D/[  824.851804@1]- 0(    0): mb height/widht/total: 44/78/1fe0 level_idc 28 max_ref_num 4
07-02 18:42:19.960 D/[  824.851810@1]- 0(    0): restriction_flag=1, max_dec_frame_buffering=4, dec_dpb_size=6 num_reorder_frames 2 used_reorder_dpb_size_margin 9
07-02 18:42:19.960 D/[  824.851816@1]- 0(    0): vh264_set_params active_buf_spec_num 15 dec_dpb_size 6 collocate_buf_num 8
07-02 18:42:20.038 D/[  824.932368@2]- 0(    0): num_ref_frames change from 0 to 4
07-02 18:42:20.046 I/[  824.939706@0]- dim(    0): value reg:ch[1]:fix_buf:0;ponly <0,0>
07-02 18:42:20.061 I/[  824.939718@0]- dim(    0): 1920x1080-0x9000.
07-02 18:42:20.061 I/[  824.940354@0]- v4lvideo(    0): provider name: vdec.h264.00
07-02 18:42:20.085 D/        (    0): [  824.968317@2]- cal_dur_from_pts vstatus 4000 dur3751 -> 4001, revised 4000
07-02 18:42:20.103 I/[  824.968561@2]- vframe_rate_uevent(    0): sent uevent FRAME_RATE_HINT=4000
07-02 18:42:20.103 I/[  824.971003@0]- VID(    0): VD1 off
07-02 18:42:20.103 I/[  824.971182@0]- vc(    0): [0]vc: set enable index=0, val=1
07-02 18:42:20.104 I/        (    0): [  824.971208@0]- dev->index =0, val=2
07-02 18:42:20.104 I/[  824.971213@0]- VID(    0): VD1 off
07-02 18:42:20.104 I/[  824.971219@0]- VID(    0): VD1 set global output as 1
07-02 18:42:20.104 I/[  824.971250@0]- VID(    0): store VD0 path_id changed -1->2
07-02 18:42:20.104 I/[  824.971269@0]- vc(    0): [0]sideband_type =-1
07-02 18:42:21.206 W/[  826.098907@1]- RTW(    0): fill_default_txdesc(wlan0): SP Packet(0x0806) rate=0x4 SeqNum = 1407
07-02 18:42:22.665 E/TaskPersister( 3846): File error accessing recents directory (directory doesn't exist?).
07-02 18:42:22.855 I/UsageStatsService( 3846): User[0] Flushing usage stats to disk
07-02 18:42:23.970 W/        (    0): [  828.865636@3]- [0] H264 EOS notify.
07-02 18:42:24.406 I/        (    0): [  829.302284@0]- is_reset=1
07-02 18:42:24.410 I/[  829.303268@0]- vframe_rate_uevent(    0): sent uevent FRAME_RATE_HINT=0
07-02 18:42:24.415 I/[  829.304683@0]- dim(    0): ch[1]:di_receiver_event_fun,1:_UNREG
07-02 18:42:24.415 E/[  829.304719@0]- unreg(    0): v4lvideo
07-02 18:42:24.415 I/[  829.304774@0]- dim(    0): unreg:2keep[0], msk:[0x0,0x0]
07-02 18:42:24.422 I/[  829.317693@2]- dim(    0): unreg:use[13]ms
07-02 18:42:24.422 D/        (    0): [  829.317726@2]- vdec_disable_DMC input->target= 0x0
07-02 18:42:24.422 D/[  829.317842@2]- 0(    0): vh264_stop
07-02 18:42:24.426 D/        (    0): [  829.319981@2]- vdec_release instance 0000000085812d18, total 1 id = 0
