07-02 17:44:38.801 W/vold    ( 3371): Failed to LOOP_GET_STATUS64 /dev/block/loop11: No such device or address
07-02 17:44:38.801 W/vold    ( 3371): Failed to LOOP_GET_STATUS64 /dev/block/loop13: No such device or address
07-02 17:44:38.801 W/vold    ( 3371): Failed to LOOP_GET_STATUS64 /dev/block/loop15: No such device or address
07-02 17:44:38.801 W/vold    ( 3371): Failed to LOOP_GET_STATUS64 /dev/block/loop9: No such device or address
07-02 17:44:38.801 W/vold    ( 3371): Failed to LOOP_GET_STATUS64 /dev/block/loop8: No such device or address
07-02 17:44:38.801 W/vold    ( 3371): Failed to LOOP_GET_STATUS64 /dev/block/loop7: No such device or address
07-02 17:44:38.801 W/vold    ( 3371): Failed to LOOP_GET_STATUS64 /dev/block/loop2: No such device or address
07-02 17:44:38.801 W/vold    ( 3371): Failed to LOOP_GET_STATUS64 /dev/block/loop3: No such device or address
07-02 17:44:38.801 W/vold    ( 3371): Failed to LOOP_GET_STATUS64 /dev/block/loop5: No such device or address
07-02 17:44:38.802 W/vold    ( 3371): Failed to LOOP_GET_STATUS64 /dev/block/loop10: No such device or address
07-02 17:44:38.802 W/vold    ( 3371): Failed to LOOP_GET_STATUS64 /dev/block/loop0: No such device or address
07-02 17:44:38.802 W/vold    ( 3371): Failed to LOOP_GET_STATUS64 /dev/block/loop1: No such device or address
07-02 17:44:38.803 W/        (    0): [    5.750075@1]- EXT4-fs (mmcblk0p20): Ignoring removed nomblk_io_submit option
07-02 17:44:38.806 D/vold    ( 3371): VoldNativeService::start() completed OK
07-02 17:44:38.807 I/        (    0): [    5.756954@1]- EXT4-fs (mmcblk0p20): mounted filesystem with ordered data mode. Opts: errors=remount-ro,nomblk_io_submit
07-02 17:44:38.832 I/vold    ( 3371): Found disk at /devices/platform/ff500000.dwc3/xhci-hcd.0.auto/usb1/1-1/1-1:1.0/host0/target0:0:0/0:0:0:0/block/sda but delaying scan due to secure keyguard
07-02 17:44:38.851 I/[    5.799267@1]- e2fsck(    0): e2fsck 1.45.4 (23-Sep-2019)
07-02 17:44:38.857 I/[    5.806972@1]- e2fsck(    0): /dev/block/data: clean, 7654/265056 files, 538519/1059324 blocks
07-02 17:44:38.863 W/        (    0): [    5.812064@0]- EXT4-fs (mmcblk0p20): Ignoring removed nomblk_io_submit option
07-02 17:44:38.867 I/        (    0): [    5.814296@1]- EXT4-fs (mmcblk0p20): mounted filesystem with ordered data mode. Opts: nodelalloc,nomblk_io_submit,errors=panic
07-02 17:44:38.887 I/[    5.834189@3]- tune2fs(    0): tune2fs 1.45.4 (23-Sep-2019)
07-02 17:44:38.911 I/[    5.860413@0]- e2fsck(    0): e2fsck 1.45.4 (23-Sep-2019)
07-02 17:44:38.915 I/[    5.863551@0]- e2fsck(    0): Pass 1: Checking inodes, blocks, and sizes
07-02 17:44:38.919 I/[    5.866262@3]- e2fsck(    0): Pass 2: Checking directory structure
07-02 17:44:38.919 I/[    5.868867@0]- e2fsck(    0): Pass 3: Checking directory connectivity
07-02 17:44:38.919 I/[    5.869074@0]- e2fsck(    0): Pass 4: Checking reference counts
07-02 17:44:38.923 I/[    5.869573@0]- e2fsck(    0): Pass 5: Checking group summary information
07-02 17:44:38.928 I/[    5.874982@3]- e2fsck(    0): odm_ext: 60/4096 files (0.0% non-contiguous), 996/4096 blocks
07-02 17:44:38.931 W/        (    0): [    5.878799@1]- EXT4-fs (mmcblk0p18): Ignoring removed nomblk_io_submit option
07-02 17:44:38.931 I/        (    0): [    5.879952@1]- EXT4-fs (mmcblk0p18): mounted filesystem without journal. Opts: nodelalloc,nomblk_io_submit,errors=panic
07-02 17:44:38.935 W/        (    0): [    5.882806@1]- EXT4-fs (mmcblk0p3): Ignoring removed nomblk_io_submit option
07-02 17:44:38.935 I/        (    0): [    5.884405@1]- EXT4-fs (mmcblk0p3): mounted filesystem with ordered data mode. Opts: errors=remount-ro,nomblk_io_submit
07-02 17:44:38.979 W/        (    0): [    5.928100@1]- EXT4-fs (mmcblk0p3): Ignoring removed nomblk_io_submit option
07-02 17:44:38.983 I/        (    0): [    5.929718@1]- EXT4-fs (mmcblk0p3): mounted filesystem with ordered data mode. Opts: nodelalloc,nomblk_io_submit,errors=panic
07-02 17:44:39.019 W/        (    0): [    5.967317@1]- EXT4-fs (mmcblk0p10): Ignoring removed nomblk_io_submit option
07-02 17:44:39.023 I/        (    0): [    5.969450@1]- EXT4-fs (mmcblk0p10): mounted filesystem with ordered data mode. Opts: nodelalloc,nomblk_io_submit,errors=panic
07-02 17:44:39.059 W/        (    0): [    6.005930@1]- EXT4-fs (mmcblk0p15): Ignoring removed nomblk_io_submit option
07-02 17:44:39.059 I/        (    0): [    6.007505@1]- EXT4-fs (mmcblk0p15): mounted filesystem with ordered data mode. Opts: nodelalloc,nomblk_io_submit,errors=panic
07-02 17:44:39.063 W/        (    0): [    6.012681@1]- FAT-fs (mmcblk0p16): Volume was not properly unmounted. Some data may be corrupt. Please run fsck.
07-02 17:44:39.095 E/[    6.043531@0]- init(    0): Unable to set property 'ro.crypto.fuse_sdcard' from uid:0 gid:0 pid:2729: SELinux permission check failed
07-02 17:44:39.211 I/[    6.160415@1]- selinux(    0): SELinux: Skipping restorecon on directory(/cache/lost+found)
07-02 17:44:39.211 I/[    6.160454@1]- selinux(    0):  
07-02 17:44:39.215 I/[    6.162235@1]- selinux(    0): SELinux: Skipping restorecon on directory(/cache/backup_stage)
07-02 17:44:39.215 I/[    6.162268@1]- selinux(    0):  
07-02 17:44:39.215 I/[    6.163962@1]- selinux(    0): SELinux: Skipping restorecon on directory(/cache/recovery)
07-02 17:44:39.215 I/[    6.164006@1]- selinux(    0):  
07-02 17:44:39.219 I/[    6.165793@1]- selinux(    0): SELinux: Skipping restorecon on directory(/cache/backup)
07-02 17:44:39.219 I/[    6.165830@1]- selinux(    0):  
07-02 17:44:39.277 I/Checkpoint( 3371): cp_prepareCheckpoint called
07-02 17:44:39.335 I/[    6.283631@0]- apexd(    0): This device does not support updatable APEX. Exiting
07-02 17:44:39.335 I/[    6.283712@0]- apexd(    0): Marking APEXd as activated
07-02 17:44:39.456 D/vold    ( 3371): fscrypt_init_user0
07-02 17:44:39.457 D/vold    ( 3371): fscrypt_prepare_user_storage for volume null, user 0, serial 0, flags 1
07-02 17:44:39.457 D/vold    ( 3371): Preparing: /data/system/users/0
07-02 17:44:39.457 D/vold    ( 3371): Preparing: /data/misc/profiles/cur/0
07-02 17:44:39.458 D/vold    ( 3371): Preparing: /data/system_de/0
07-02 17:44:39.459 D/vold    ( 3371): Preparing: /data/misc_de/0
07-02 17:44:39.459 D/[    6.406658@3]- vdc(    0): Waited 0ms for vold
07-02 17:44:39.459 D/vold    ( 3371): Preparing: /data/vendor_de/0
07-02 17:44:39.460 D/vold    ( 3371): Preparing: /data/user_de/0
07-02 17:44:39.460 D/vold    ( 3371): /system/bin/vold_prepare_subdirs
07-02 17:44:39.460 D/vold    ( 3371):     prepare
07-02 17:44:39.460 D/vold    ( 3371):     
07-02 17:44:39.460 D/vold    ( 3371):     0
07-02 17:44:39.460 D/vold    ( 3371):     1
07-02 17:44:39.508 D/vold    ( 3371): fscrypt_unlock_user_key 0 serial=0 token_present=0
07-02 17:44:39.547 I/[    6.494573@0]- apexd(    0): This device does not support updatable APEX. Exiting
07-02 17:44:39.547 I/[    6.494664@0]- apexd(    0): Marking APEXd as ready
07-02 17:44:39.551 I/[    6.500315@0]- selinux(    0): SELinux: Skipping restorecon on directory(/data)
07-02 17:44:39.551 I/[    6.500357@0]- selinux(    0):  
07-02 17:44:39.583 W/        (    0): [    6.531733@1]- probe amlogic dvb driver [V2.02]
07-02 17:44:39.583 D/        (    0): [    6.531750@1]- the demux           clock on, ref cnt: 1
07-02 17:44:39.583 D/        (    0): [    6.531756@1]- the ahbarb0         clock on, ref cnt: 1
07-02 17:44:39.583 D/        (    0): [    6.531761@1]- the parser_top      clock on, ref cnt: 1
07-02 17:44:39.583 I/[    6.531909@1]- DVB(    0): registering new adapter (amlogic-dvb-demux)
07-02 17:44:39.587 W/[    6.534904@0]- tuner(    0): tuner_attach demod driver, tuner_num = 0,i2caddr=0x60,0x0,i2c_adp=000000001249caf7, frontend.id=0
07-02 17:44:39.871 W/[    6.817598@0]- tuner(    0): tuner_attach tuner_type is TunerMXL251
07-02 17:44:39.871 E/[    6.817607@0]- Demod(    0): attach demod0 [id 16] done.
07-02 17:44:39.871 W/[    6.817641@0]- tuner(    0): tuner_attach demod driver, tuner_num = 1,i2caddr=0x53,0x63,i2c_adp=000000001249caf7, frontend.id=1
07-02 17:44:40.155 W/[    7.101546@0]- tuner(    0): tuner_attach tuner_type is TunerMXL251
07-02 17:44:40.155 E/[    7.101558@0]- Demod(    0): attach demod1 [id 16] done.
07-02 17:44:40.155 I/        (    0): [    7.101576@0]- amlogic-dvb-demux demux: DVB: registering adapter 0 frontend 0 (tuner DVB-C)...
07-02 17:44:40.155 I/        (    0): [    7.101968@0]- amlogic-dvb-demux demux: DVB: registering adapter 0 frontend 1 (tuner DVB-C)...
07-02 17:44:40.175 I/[    7.123910@1]- selinux(    0): SELinux: Skipping restorecon on directory(/data/misc/apexdata/com.android.wifi)
07-02 17:44:40.175 I/[    7.123950@1]- selinux(    0):  
07-02 17:44:40.183 W/[    7.131339@0]- init(    0): Top-level directory needs encryption action, eg mkdir /data/media <mode> <uid> <gid> encryption=Require
07-02 17:44:40.183 I/[    7.131384@0]- init(    0): Not setting encryption policy on: /data/media
07-02 17:44:40.211 I/[    7.158788@2]- logd.daemon(    0): reinit
07-02 17:44:40.267 I/        (    0): [    7.216861@3]- file system registered
07-02 17:44:40.275 W/        (    0): [    7.222894@3]- using random self ethernet address
07-02 17:44:40.275 W/        (    0): [    7.222903@3]- using random host ethernet address
07-02 17:44:40.283 I/        (    0): [    7.230536@0]- assign_ffs_buffer FFS_BUFFER_MAX=256!!!
07-02 17:44:40.291 I/        (    0): [    7.237773@2]- assign_ffs_buffer FFS_BUFFER_MAX=256!!!
07-02 17:44:40.295 I/        (    0): [    7.242179@3]- assign_ffs_buffer FFS_BUFFER_MAX=256!!!
07-02 17:44:40.311 W/        (    0): [    7.258217@3]- ammvdec_h264 module init
07-02 17:44:40.331 D/        (    0): [    7.279275@3]- amvdec_h265 module init
07-02 17:44:40.343 W/        (    0): [    7.292506@3]- ammvdec_mpeg12 module init
07-02 17:44:40.355 W/        (    0): [    7.301536@2]- ammvdec_mpeg4_driver_init_module
07-02 17:44:40.355 D/        (    0): [    7.304437@2]- amvdec_vc1 module init
07-02 17:44:40.363 D/        (    0): [    7.312094@2]- amvdec_vp9 module init
07-02 17:44:40.375 W/        (    0): [    7.324796@3]- amvenc_avc probe start.
07-02 17:44:40.375 W/        (    0): [    7.324805@3]- amvenc_avc_probe -- reserved memory config fail.
07-02 17:44:40.375 W/        (    0): [    7.324810@3]- amvenc_avc - cma memory pool size: 60 MB
07-02 17:44:40.375 W/        (    0): [    7.324835@3]- encode_wq_init.
07-02 17:44:40.375 W/        (    0): [    7.324844@3]- encode start monitor.
07-02 17:44:40.383 W/        (    0): [    7.330168@2]- encode workqueue monitor start.
07-02 17:44:40.387 W/        (    0): [    7.334054@2]- vpu_init
07-02 17:44:40.387 W/        (    0): [    7.334548@2]- vpu_probe fuck, clock_a: 0, clock_b: 0, clock_c: 0
07-02 17:44:40.387 W/        (    0): [    7.334556@2]- HevcEnc reserved memory config fail.
07-02 17:44:40.387 W/        (    0): [    7.334561@2]- HevcEnc - cma memory pool size: 64 MB
07-02 17:44:40.387 W/        (    0): [    7.334591@2]- HevcEnc - wave420l_irq: 45
07-02 17:44:40.387 W/        (    0): [    7.334674@2]- vpu base address get from platform driver physical base addr=0xff610000, virtual base=0xffffff800d388000
07-02 17:44:40.387 W/        (    0): [    7.335123@2]- SUCCESS alloc_chrdev_region
07-02 17:44:40.387 W/        (    0): [    7.335129@2]- success to probe vpu device with video memory from cma
07-02 17:44:40.403 I/        (    0): [    7.349622@2]- decoder registered as /dev/video26
07-02 17:44:40.403 W/[    7.351456@2]- amlogic_fbc_lib(    0): disagrees about version of symbol module_layout
07-02 17:44:40.403 W/[    7.351470@2]- amlogic_fbc_lib(    0): module license 'Copyright (C) 2015 Amlogic, Inc. All rights reserved.' taints kernel.
07-02 17:44:40.403 W/        (    0): [    7.351474@2]- Disabling lock debugging due to kernel taint
07-02 17:44:40.403 W/[    7.351642@2]- amlogic_fbc_lib(    0): disagrees about version of symbol register_amlogic_afbc_dec_fun
07-02 17:44:40.403 W/[    7.351653@2]- amlogic_fbc_lib(    0): disagrees about version of symbol register_amlogic_afbc_dec_fun_v1
07-02 17:44:40.403 W/        (    0): [    7.351933@2]- register_amlogic_afbc_dec_fun
07-02 17:44:40.403 E/        (    0): [    7.351937@2]- register_amlogic_afbc_dec_fun
07-02 17:44:40.419 D/        (    0): [    7.365890@2]- amvdec_av1 module init
07-02 17:44:40.423 W/        (    0): [    7.373214@3]- jpegenc module init
07-02 17:44:40.611 E/[    7.558157@0]- selinux(    0): SELinux:  Could not read /sys/devices/virtual/net/ipsec_test/statistics: No such file or directory.
07-02 17:44:40.611 E/[    7.558205@0]- selinux(    0):  
07-02 17:44:40.611 E/[    7.560885@0]- selinux(    0): SELinux: Could not set context for /sys/devices/virtual/net/ipsec_test/gro_flush_timeout:  No such file or directory
07-02 17:44:40.615 E/[    7.562442@0]- selinux(    0):  
07-02 17:44:40.615 E/[    7.564661@0]- selinux(    0): SELinux: Could not set context for /sys/devices/virtual/net/ipsec_test/mtu:  No such file or directory
07-02 17:44:40.615 E/[    7.564705@0]- selinux(    0):  
07-02 17:44:40.619 E/[    7.566388@0]- selinux(    0): SELinux: Could not set context for /sys/devices/virtual/net/ipsec_test/dormant:  No such file or directory
07-02 17:44:40.619 E/[    7.566425@0]- selinux(    0):  
07-02 17:44:40.619 E/[    7.567944@0]- selinux(    0): SELinux: Could not set context for /sys/devices/virtual/net/ipsec_test/subsystem:  No such file or directory
07-02 17:44:40.619 E/[    7.567982@0]- selinux(    0):  
07-02 17:44:40.623 E/[    7.571482@0]- selinux(    0): SELinux: Could not set context for /sys/devices/virtual/net/ipsec_test/link_mode:  No such file or directory
07-02 17:44:40.623 E/[    7.571530@0]- selinux(    0):  
07-02 17:44:40.623 E/[    7.573219@0]- selinux(    0): SELinux: Could not set context for /sys/devices/virtual/net/ipsec_test/phys_port_id:  No such file or directory
07-02 17:44:40.623 E/[    7.573265@0]- selinux(    0):  
07-02 17:44:40.644 E/[    7.576037@0]- selinux(    0): SELinux: Could not set context for /sys/devices/virtual/net/ipsec_test/power:  No such file or directory
07-02 17:44:40.644 E/[    7.576111@0]- selinux(    0):  
07-02 17:44:40.644 E/[    7.578843@0]- selinux(    0): SELinux:  Could not read /sys/devices/virtual/net/ipsec_test/power: No such file or directory.
07-02 17:44:40.644 E/[    7.579266@0]- selinux(    0):  
07-02 17:44:40.644 E/[    7.585010@0]- selinux(    0): SELinux: Could not set context for /sys/devices/virtual/net/ipsec_test/duplex:  No such file or directory
07-02 17:44:40.657 E/[    7.585049@0]- selinux(    0):  
07-02 17:44:40.657 E/[    7.585482@0]- selinux(    0): SELinux: Could not set context for /sys/devices/virtual/net/ipsec_test/dev_port:  No such file or directory
07-02 17:44:40.657 E/[    7.585512@0]- selinux(    0):  
07-02 17:44:40.657 E/[    7.585841@0]- selinux(    0): SELinux: Could not set context for /sys/devices/virtual/net/ipsec_test/phys_switch_id:  No such file or directory
07-02 17:44:40.657 E/[    7.585870@0]- selinux(    0):  
07-02 17:44:40.657 E/[    7.586184@0]- selinux(    0): SELinux: Could not set context for /sys/devices/virtual/net/ipsec_test/proto_down:  No such file or directory
07-02 17:44:40.677 E/[    7.586213@0]- selinux(    0):  
07-02 17:44:40.690 E/[    7.586528@0]- selinux(    0): SELinux: Could not set context for /sys/devices/virtual/net/ipsec_test/operstate:  No such file or directory
07-02 17:44:40.690 E/[    7.586558@0]- selinux(    0):  
07-02 17:44:40.690 E/[    7.586861@0]- selinux(    0): SELinux: Could not set context for /sys/devices/virtual/net/ipsec_test/broadcast:  No such file or directory
07-02 17:44:40.690 E/[    7.586894@0]- selinux(    0):  
07-02 17:44:40.690 E/[    7.587198@0]- selinux(    0): SELinux: Could not set context for /sys/devices/virtual/net/ipsec_test/speed:  No such file or directory
07-02 17:44:40.690 E/[    7.587230@0]- selinux(    0):  
07-02 17:44:40.690 E/[    7.587560@0]- selinux(    0): SELinux: Could not set context for /sys/devices/virtual/net/ipsec_test/addr_assign_type:  No such file or directory
07-02 17:44:40.690 E/[    7.587597@0]- selinux(    0):  
07-02 17:44:40.690 E/[    7.587890@0]- selinux(    0): SELinux: Could not set context for /sys/devices/virtual/net/ipsec_test/type:  No such file or directory
07-02 17:44:40.690 E/[    7.587918@0]- selinux(    0):  
07-02 17:44:40.690 E/[    7.588246@0]- selinux(    0): SELinux: Could not set context for /sys/devices/virtual/net/ipsec_test/tx_queue_len:  No such file or directory
07-02 17:44:40.690 E/[    7.588277@0]- selinux(    0):  
07-02 17:44:40.690 E/[    7.588630@0]- selinux(    0): SELinux: Could not set context for /sys/devices/virtual/net/ipsec_test/carrier_changes:  No such file or directory
07-02 17:44:40.690 E/[    7.588663@0]- selinux(    0):  
07-02 17:44:40.690 E/[    7.589002@0]- selinux(    0): SELinux: Could not set context for /sys/devices/virtual/net/ipsec_test/name_assign_type:  No such file or directory
07-02 17:44:40.690 E/[    7.589033@0]- selinux(    0):  
07-02 17:44:40.690 E/[    7.601804@0]- selinux(    0): SELinux: Could not set context for /sys/devices/virtual/net/ipsec_test/ifalias:  No such file or directory
07-02 17:44:40.690 E/[    7.601845@0]- selinux(    0):  
07-02 17:44:40.690 E/[    7.606094@0]- selinux(    0): SELinux: Could not set context for /sys/devices/virtual/net/ipsec_test/iflink:  No such file or directory
07-02 17:44:40.690 E/[    7.606137@0]- selinux(    0):  
07-02 17:44:40.690 E/[    7.608368@0]- selinux(    0): SELinux: Could not set context for /sys/devices/virtual/net/ipsec_test/phys_port_name:  No such file or directory
07-02 17:44:40.690 E/[    7.608400@0]- selinux(    0):  
07-02 17:44:40.690 E/[    7.608863@0]- selinux(    0): SELinux: Could not set context for /sys/devices/virtual/net/ipsec_test/dev_id:  No such file or directory
07-02 17:44:40.690 E/[    7.608895@0]- selinux(    0):  
07-02 17:44:40.691 E/[    7.610436@0]- selinux(    0): SELinux: Could not set context for /sys/devices/virtual/net/ipsec_test/ifindex:  No such file or directory
07-02 17:44:40.691 E/[    7.610475@0]- selinux(    0):  
07-02 17:44:40.691 E/[    7.612516@0]- selinux(    0): SELinux: Could not set context for /sys/devices/virtual/net/ipsec_test/address:  No such file or directory
07-02 17:44:40.691 E/[    7.612569@0]- selinux(    0):  
07-02 17:44:40.691 E/[    7.614087@0]- selinux(    0): SELinux: Could not set context for /sys/devices/virtual/net/ipsec_test/uevent:  No such file or directory
07-02 17:44:40.691 E/[    7.614125@0]- selinux(    0):  
07-02 17:44:40.691 E/[    7.615486@0]- selinux(    0): SELinux: Could not set context for /sys/devices/virtual/net/ipsec_test/carrier:  No such file or directory
07-02 17:44:40.691 E/[    7.617875@0]- selinux(    0):  
07-02 17:44:40.691 E/[    7.618659@0]- ueventd(    0): selinux_android_restorecon(/sys/devices/virtual/net/ipsec_test) failed: Success
07-02 17:44:40.843 I/        (    0): [    7.792140@3]- early_suspend_state=0
07-02 17:44:40.843 I/[    7.792343@3]- cpufreq_interactive(    0): cpufreq_hmp_boost_start()
07-02 17:44:40.844 I/[    7.792348@3]- cpufreq_interactive(    0): no need to active hmp boost!
07-02 17:44:40.879 W/[    7.821763@0]- healthd(    0): BatteryTemperaturePath not found
07-02 17:44:40.879 W/[    7.821782@0]- healthd(    0): BatteryCycleCountPath not found
07-02 17:44:40.879 W/[    7.821790@0]- healthd(    0): batteryCapacityLevelPath not found
07-02 17:44:40.879 W/[    7.821797@0]- healthd(    0): batteryChargeTimeToFullNowPath. not found
07-02 17:44:40.879 W/[    7.821805@0]- healthd(    0): batteryFullChargeDesignCapacityUahPath. not found
07-02 17:44:40.899 W/[    7.844279@3]- healthd(    0): battery l=100 v=4 t=0.0 h=2 st=2 c=1100 fc=10000000 chg=u
07-02 17:44:40.935 I/        (    0): [    7.880334@3]- [amvecm_ioctl] reset oo_y_lut_hlg_sdr
07-02 17:44:40.943 I/[    7.890031@2]- fb(    0): osd_open, 1543, fb_index=0,fb_rmem_size=26738688
07-02 17:44:40.943 I/[    7.890230@2]- fb(    0): osd_open, 1543, fb_index=1,fb_rmem_size=1048576
07-02 17:44:40.943 I/[    7.890268@2]- fb(    0): osd_open, 1543, fb_index=2,fb_rmem_size=1048576
07-02 17:44:40.943 I/[    7.890406@2]- fb(    0): vpu clkc clock is 199 MHZ
07-02 17:44:40.943 I/[    7.890421@2]d vpu(    0): switch_vpu_mem_pd: unsupport vpu mod: 54
07-02 17:44:40.943 I/[    7.890429@2]- fb(    0): osd_open, 1543, fb_index=3,fb_rmem_size=8388608
07-02 17:44:40.943 I/        (    0): [    7.890578@2]- video_composer_open iminor(inode) =0
07-02 17:44:40.947 I/        (    0): [    7.896150@2]- video_composer_open iminor(inode) =1
07-02 17:44:40.967 I/[    7.915248@2]- vout(    0): vout_ioctl: cmd_dir = 0x2, cmd_nr = 0x0
07-02 17:44:41.027 E/[    7.974542@0]- init(    0): Control message: Could not find 'vendor.amlogic.hardware.hdmicec@1.0::IDroidHdmiCEC/default' for ctl.interface_start from pid: 3351 (/system/bin/hwservicemanager)
07-02 17:44:41.035 E/[    7.976037@0]- init(    0): Control message: Could not find 'vendor.amlogic.hardware.hdmicec@1.0::IDroidHdmiCEC/default' for ctl.interface_start from pid: 3351 (/system/bin/hwservicemanager)
07-02 17:44:41.109 E/[    8.057434@0]- vfm_map_store(    0): rm default
07-02 17:44:41.110 I/android.hardware.wifi@1.0-service.droidlogic( 3676): Wifi Hal is booting up...
07-02 17:44:41.120 E/[    8.058102@1]- vfm_map_store(    0): add default decoder ppmgr deinterlace amvideo
07-02 17:44:41.122 I/HidlServiceManagement( 3676): Registered android.hardware.wifi@1.4::IWifi/default
07-02 17:44:41.179 I/[    8.127260@2]- vout(    0): vout_ioctl: cmd_dir = 0x2, cmd_nr = 0x0
07-02 17:44:41.223 I/gsid    ( 3738): no DSU: No such file or directory
07-02 17:44:41.237 I/[    8.186909@1]- hdmitx(    0): store_avmute 1
07-02 17:44:41.237 I/[    8.186921@1]- hdmitx(    0): hw: avmute set to 2
07-02 17:44:41.303 E/[    8.249467@0]- init(    0): Could not start service 'remotecfg' as part of class 'main': Cannot find '/vendor/bin/remotecfg': No such file or directory
07-02 17:44:41.340 I/[    8.287466@2]- hdmitx(    0): system: hdcp: set mode as -1
07-02 17:44:41.340 I/[    8.287564@2]- hdmitx(    0): system: store_phy 0
07-02 17:44:41.391 I/[    8.338190@2]- hdmitx(    0): system: set hdcp_pwr 1
07-02 17:44:41.437 I/installd( 3761): installd firing up
07-02 17:44:41.679 I/[    8.627871@0]- hdmitx(    0): system: restore hdcp_pwr 0
07-02 17:44:41.683 W/        (    0): [    8.628085@0]- amhdmitx amhdmitx0: hdmitx20: stop14
07-02 17:44:41.683 W/        (    0): [    8.628205@0]- amhdmitx amhdmitx0: hdmitx20: stop22
07-02 17:44:41.684 I/[    8.631151@3]- vout(    0): vmode set to 1080p60hz
07-02 17:44:41.684 I/[    8.631397@3]- fb(    0): current vmode=1080p60hz, cmd: 0x10000
07-02 17:44:41.684 I/[    8.631407@3]- vlock(    0): event MODE_CHANGE_PRE 0
07-02 17:44:41.684 I/        (    0): [    8.631421@3]- hdmitx_set_current_vmode[5413]
07-02 17:44:41.684 I/[    8.631426@3]- hdmitx(    0): system: recalc before 1080p60hz 2997 50, frac 1
07-02 17:44:41.684 I/[    8.631431@3]- hdmitx(    0): system: recalc after 1080p60hz 2997 50, frac 1
07-02 17:44:41.684 I/[    8.632053@3]- hdmitx(    0): system: get current mode: 1080p60hz
07-02 17:44:41.684 I/[    8.632062@3]- hdmitx(    0): system: update physical size: 480 270
07-02 17:44:41.684 I/[    8.632109@3]- hdmitx(    0): video: already init VIC = 0  Now VIC = 16
07-02 17:44:41.684 I/[    8.633163@3]- hdmitx(    0): hw: div40: 0
07-02 17:44:41.695 I/[    8.642626@3]- unifykey(    0): unifykey is locked
07-02 17:44:41.695 E/[    8.642689@3]- unifykey(    0): key_unify_init() already inited!
07-02 17:44:41.695 I/[    8.642724@3]- unifykey(    0): name_store() 1302, name usid, 4
07-02 17:44:41.695 I/[    8.642729@3]- unifykey(    0): name_store() 1311
07-02 17:44:41.695 E/[    8.642893@3]- unifykey(    0): name: usid, size 37
07-02 17:44:41.695 E/[    8.642970@3]- unifykey(    0): key_unify_init() already inited!
07-02 17:44:41.695 I/[    8.643002@3]- unifykey(    0): unifykey is unlocked
07-02 17:44:41.708 I/wificond( 3780): wificond is starting up...
07-02 17:44:41.711 I/[    8.659343@1]- hdmitx(    0): E: ddc w1b 0x54 0x20 0x00
07-02 17:44:41.711 I/[    8.659357@1]- hdmitx(    0): frac_rate = 1
07-02 17:44:41.711 I/[    8.659365@1]- hdmitx(    0): config HPLL = 5940000 frac_rate = 1
07-02 17:44:41.711 I/[    8.659423@1]- hdmitx(    0): HPLLv1: 0xdb3a04f7
07-02 17:44:41.712 I/[    8.659426@1]- hdmitx(    0): config HPLL done
07-02 17:44:41.712 I/[    8.659437@1]- hdmitx(    0): set_hpll_od3_clk_div[687] div = 6
07-02 17:44:41.712 I/[    8.659445@1]- hdmitx(    0): j = 4  vid_clk_div = 1
07-02 17:44:41.712 I/[    8.659462@1]- hdmitx(    0): set enc for VIC: 16
07-02 17:44:41.712 I/[    8.659475@1]- hdmitx(    0): hw:  config hdmitx IP vic = 16 cd:6 cs: 1
07-02 17:44:41.731 I/[    8.678952@0]h hdmitx(    0): system: irq 80000001 0
07-02 17:44:41.735 I/HidlServiceManagement( 3780): Registered android.system.wifi.keystore@1.0::IKeystore/default
07-02 17:44:41.739 I/[    8.685656@1]- hdmitx(    0): adjust decouple fifo
07-02 17:44:41.791 I/[    8.739716@0]- hdmitx(    0): video: Sink is HDMI device
07-02 17:44:41.791 I/[    8.739770@0]- hdmitx(    0): fs = 3, cd = 4, tmds_clk = 148352
07-02 17:44:41.791 I/[    8.739778@0]- hdmitx(    0): update audio N 5824
07-02 17:44:41.791 I/[    8.739785@0]- hdmitx(    0): hw: set channel status
07-02 17:44:41.795 I/[    8.744186@2]- vout(    0): new mode 1080p60hz set ok
07-02 17:44:41.795 I/[    8.744198@2]- fb(    0): current vmode=1080p60hz, cmd: 0x20000
07-02 17:44:41.795 I/        (    0): [    8.744219@2]- vout sys: update date: 0x0bb50032
07-02 17:44:41.795 I/[    8.744225@2]- DOLBY(    0): vout_notify_callback: VOUT_EVENT_MODE_CHANGE
07-02 17:44:41.795 I/[    8.744232@2]- vlock(    0): event MODE_CHANGE
07-02 17:44:41.799 I/[    8.745772@2]- vout(    0): vout_ioctl: cmd_dir = 0x2, cmd_nr = 0x0
07-02 17:44:41.835 I/[    8.781368@0]- hdmitx(    0): [0x10000103]: 0x00000008
07-02 17:44:41.835 I/[    8.781391@0]- hdmitx(    0): [0x10000104]: 0x00000001
07-02 17:44:41.835 I/[    8.781397@0]- hdmitx(    0): [0x10000170]: 0x00000010
07-02 17:44:41.835 I/[    8.781401@0]- hdmitx(    0): [0x10000180]: 0x000000ff
07-02 17:44:41.835 I/[    8.781405@0]- hdmitx(    0): [0x10000181]: 0x000000ff
07-02 17:44:41.835 I/[    8.781409@0]- hdmitx(    0): [0x10000182]: 0x00000003
07-02 17:44:41.835 I/[    8.781413@0]- hdmitx(    0): [0x10000183]: 0x00000007
07-02 17:44:41.835 I/[    8.781417@0]- hdmitx(    0): [0x10000184]: 0x0000003f
07-02 17:44:41.835 I/[    8.781421@0]- hdmitx(    0): [0x10000185]: 0x00000002
07-02 17:44:41.835 I/[    8.781426@0]- hdmitx(    0): [0x10000187]: 0x000000ff
07-02 17:44:41.835 I/[    8.781430@0]- hdmitx(    0): [0x10000188]: 0x00000003
07-02 17:44:41.853 I/[    8.800384@2]- hdmitx(    0): store_avmute -1
07-02 17:44:41.853 I/[    8.800395@2]- hdmitx(    0): hw: avmute set to 1
07-02 17:44:41.915 I/        (    0): [    8.863165@1]- read descriptors
07-02 17:44:41.915 I/        (    0): [    8.863184@1]- read strings
07-02 17:44:42.057 I/[    9.007765@3]- hdmitx(    0): system: set hdcp_pwr 1
07-02 17:44:42.111 I/[    9.058094@1]- hdmitx(    0): system: restore hdcp_pwr 0
07-02 17:44:42.111 W/        (    0): [    9.058200@1]- amhdmitx amhdmitx0: hdmitx20: stop14
07-02 17:44:42.111 W/        (    0): [    9.058259@1]- amhdmitx amhdmitx0: hdmitx20: stop22
07-02 17:44:42.111 I/[    9.060631@1]- hdmitx(    0): system: hdcp: set mode as 1
07-02 17:44:42.123 I/[    9.069305@1]s hdmitx(    0): hdcp14: instat: 0x1
07-02 17:44:42.239 W/        (    0): [    9.186751@3]- avc open
07-02 17:44:42.239 W/        (    0): [    9.186761@3]- amvenc_avc  check CMA pool success, max instance: 3.
07-02 17:44:42.239 I/[    9.189327@1]s hdmitx(    0): hdcp14: instat: 0x81
07-02 17:44:42.243 W/        (    0): [    9.190991@3]- allocating phys 0x56c00000, size 20480k, wq:0000000052244934.
07-02 17:44:42.243 W/        (    0): [    9.191002@3]- amvenc_avc  memory config success, buff start:0x56c00000, size is 0x1400000, wq:0000000052244934.
07-02 17:44:42.243 W/        (    0): [    9.191171@3]- avc release, wq:0000000052244934
07-02 17:44:42.243 W/        (    0): [    9.191181@3]- remove  encode_work_queue 0000000052244934 success, _destroy_encode_work_queue line 3934.
07-02 17:44:42.247 W/        (    0): [    9.196126@3]- [+] vpu_open
07-02 17:44:42.251 W/        (    0): [    9.200186@3]- allocating phys 0x56c00000, virt addr 0x0, size 65536k
07-02 17:44:42.251 D/        (    0): [    9.200469@3]- the vdec            clock on, ref cnt: 1
07-02 17:44:42.251 W/        (    0): [    9.200497@3]- [-] vpu_open, ret: 0
07-02 17:44:42.251 W/        (    0): [    9.200639@3]- vpu_release
07-02 17:44:42.251 W/        (    0): [    9.200643@3]- vpu_free_buffers
07-02 17:44:42.251 W/        (    0): [    9.200647@3]- vpu_free_instances
07-02 17:44:42.251 W/        (    0): [    9.200651@3]- vpu_release, s_video_memory 0x56c00000
07-02 17:44:42.251 I/[    9.201313@1]s hdmitx(    0): hdcp14: instat: 0x1
07-02 17:44:42.259 D/        (    0): [    9.206589@3]- the vdec            clock off, ref cnt: 0
07-02 17:44:42.306 I/[    9.253532@2]- hdmitx(    0): hdcptx: 1  auth: 1
07-02 17:44:42.315 I/[    9.262125@2]- hdmitx(    0): store_avmute -1
07-02 17:44:42.315 I/[    9.262136@2]- hdmitx(    0): hw: avmute set to 1
07-02 17:44:42.451 E/[    9.398280@2]- init(    0): Unable to set property 'persist.audio.debug.search' from uid:1041 gid:1005 pid:3613: SELinux permission check failed
07-02 17:44:42.458 E/[    9.399171@0]- init(    0): Unable to set property 'persist.audio.debug.read' from uid:1041 gid:1005 pid:3613: SELinux permission check failed
07-02 17:44:42.471 E/[    9.418477@0]- init(    0): Unable to set property 'audio.passthrough.enable' from uid:1041 gid:1005 pid:3692: SELinux permission check failed
07-02 17:44:42.478 I/        (    0): [    9.425422@2]- Not init audio effects
07-02 17:44:42.478 I/[    9.426755@2]- audio_ddr_mngr(    0): frddrs[0] registered by device ff642000.audiobus:tdmb
07-02 17:44:42.478 D/        (    0): [    9.426848@2]- asoc aml_dai_set_tdm_fmt, 0x4001, 000000003865e14f, id(1), clksel(1)
07-02 17:44:42.478 D/        (    0): [    9.426853@2]- aml_tdm_set_fmt(), fmt not change
07-02 17:44:42.478 D/        (    0): [    9.426863@2]- dump_pcm_setting(000000003865e14f)
07-02 17:44:42.478 D/        (    0): [    9.426866@2]- 	pcm_mode(1)
07-02 17:44:42.478 D/        (    0): [    9.426870@2]- 	sysclk(12288000)
07-02 17:44:42.478 D/        (    0): [    9.426873@2]- 	sysclk_bclk_ratio(4)
07-02 17:44:42.478 D/        (    0): [    9.426876@2]- 	bclk(3072000)
07-02 17:44:42.478 D/        (    0): [    9.426879@2]- 	bclk_lrclk_ratio(64)
07-02 17:44:42.478 D/        (    0): [    9.426883@2]- 	lrclk(48000)
07-02 17:44:42.478 D/        (    0): [    9.426886@2]- 	tx_mask(0x3)
07-02 17:44:42.478 D/        (    0): [    9.426889@2]- 	rx_mask(0x3)
07-02 17:44:42.478 D/        (    0): [    9.426893@2]- 	slots(2)
07-02 17:44:42.478 D/        (    0): [    9.426896@2]- 	slot_width(32)
07-02 17:44:42.478 D/        (    0): [    9.426899@2]- 	lane_mask_in(0x2)
07-02 17:44:42.478 D/        (    0): [    9.426902@2]- 	lane_mask_out(0x1)
07-02 17:44:42.478 D/        (    0): [    9.426905@2]- 	lane_oe_mask_in(0x0)
07-02 17:44:42.478 D/        (    0): [    9.426909@2]- 	lane_oe_mask_out(0x0)
07-02 17:44:42.478 D/        (    0): [    9.426912@2]- 	lane_lb_mask_in(0x0)
07-02 17:44:42.478 D/        (    0): [    9.426918@2]- set mclk:12288000, mpll:24576000, get mclk:12287994, mpll:24575987
07-02 17:44:42.478 D/        (    0): [    9.426921@2]- aml_tdm_set_clkdiv, div 4, clksel(1)
07-02 17:44:42.478 D/        (    0): [    9.426931@2]- aml_set_bclk_ratio, select I2S mode
07-02 17:44:42.478 D/        (    0): [    9.426940@2]- aml_tdm_hw_setting_init(), enable mclk for tdm-1
07-02 17:44:42.478 D/        (    0): [    9.427023@2]- ss_prepare() 246, lvl 1
07-02 17:44:42.478 D/        (    0): [    9.427031@2]- spdif_a fifo ctrl, frddr:0 type:1, 16 bits, chmask 0x3, swap 0x10
07-02 17:44:42.478 D/[    9.427039@2]- iec_info(    0): rate: 48000, codec_type:0x0, channel status L:0x2000100, R:0x2000100
07-02 17:44:42.478 I/        (    0): [    9.427080@2]- hdmitx_notify_callback_a[5692] type:1 rate:3 size:1 chs:2 i2s_ch_mask:1 aud_src_if:0
07-02 17:44:42.478 I/        (    0): [    9.427084@2]- hdmitx_set_i2s_mask[5647] ch_num 2 ch_msk 1
07-02 17:44:42.478 I/[    9.427103@2]- hdmitx(    0): fs = 3, cd = 4, tmds_clk = 148352
07-02 17:44:42.478 I/[    9.427113@2]- hdmitx(    0): hw: set channel status
07-02 17:44:42.483 I/[    9.429340@2]- audio(    0): set audio param
07-02 17:44:42.483 D/[    9.429355@2]- audio_ddr_mngr(    0): frddr_set_sharebuffer_enable share lvl: 1, dst_src: 3
07-02 17:44:42.483 D/        (    0): [    9.429909@2]- tdm playback mute: 0, lane_cnt = 4
07-02 17:44:42.499 I/        (    0): [    9.448767@2]- asoc-aml-card auge_sound: TDM[1] Playback enable
07-02 17:44:42.499 D/        (    0): [    9.448779@2]- ss_trigger() ss 3
07-02 17:44:42.499 D/        (    0): [    9.448784@2]- spdif_a is set to enable
07-02 17:44:42.499 D/        (    0): [    9.448896@2]- ss_mute() 364, mute 0, id 0
07-02 17:44:42.693 E/[    9.642997@3]- init(    0): Unable to set property 'audio.passthrough.enable' from uid:1041 gid:1005 pid:3692: SELinux permission check failed
07-02 17:44:42.700 I/[    9.646037@2]- unifykey(    0): unifykey is locked
07-02 17:44:42.700 E/[    9.646117@2]- unifykey(    0): key_unify_init() already inited!
07-02 17:44:42.700 I/[    9.646156@2]- unifykey(    0): name_store() 1302, name mac, 3
07-02 17:44:42.700 I/[    9.646161@2]- unifykey(    0): name_store() 1311
07-02 17:44:42.700 E/[    9.646342@2]- unifykey(    0): name: mac, size 17
07-02 17:44:42.700 E/[    9.646491@2]- unifykey(    0): key_unify_init() already inited!
07-02 17:44:42.700 I/[    9.646524@2]- unifykey(    0): unifykey is unlocked
07-02 17:44:42.700 I/[    9.646974@2]- unifykey(    0): unifykey is locked
07-02 17:44:42.700 E/[    9.647013@2]- unifykey(    0): key_unify_init() already inited!
07-02 17:44:42.700 I/[    9.647048@2]- unifykey(    0): name_store() 1302, name usid, 4
07-02 17:44:42.700 I/[    9.647053@2]- unifykey(    0): name_store() 1311
07-02 17:44:42.700 E/[    9.647200@2]- unifykey(    0): name: usid, size 37
07-02 17:44:42.700 E/[    9.647273@2]- unifykey(    0): key_unify_init() already inited!
07-02 17:44:42.700 I/[    9.647302@2]- unifykey(    0): unifykey is unlocked
07-02 17:44:42.700 E/[    9.649744@2]- init(    0): Unable to set property 'ro.serialno' from uid:0 gid:0 pid:3782: Read-only property was already set
07-02 17:44:42.707 E/[    9.654017@0]- init(    0): Unable to set property 'audio.passthrough.enable' from uid:1041 gid:1005 pid:3692: SELinux permission check failed
07-02 17:44:42.711 E/[    9.658751@0]- init(    0): Unable to set property 'audio.passthrough.enable' from uid:1041 gid:1005 pid:3692: SELinux permission check failed
07-02 17:44:42.715 E/[    9.664394@0]- init(    0): Unable to set property 'audio.passthrough.enable' from uid:1041 gid:1005 pid:3692: SELinux permission check failed
07-02 17:44:42.727 E/[    9.674048@3]- init(    0): Unable to set property 'audio.passthrough.enable' from uid:1041 gid:1005 pid:3692: SELinux permission check failed
07-02 17:44:42.735 E/[    9.682603@0]- init(    0): Unable to set property 'audio.passthrough.enable' from uid:1041 gid:1005 pid:3692: SELinux permission check failed
07-02 17:44:42.750 E/[    9.698028@1]- init(    0): Unable to set property 'audio.passthrough.enable' from uid:1041 gid:1005 pid:3692: SELinux permission check failed
07-02 17:44:42.763 E/[    9.710889@3]- init(    0): Unable to set property 'audio.passthrough.enable' from uid:1041 gid:1005 pid:3692: SELinux permission check failed
07-02 17:44:42.847 E/[    9.795355@1]- init(    0): Unable to set property 'audio.passthrough.enable' from uid:1041 gid:1005 pid:3692: SELinux permission check failed
07-02 17:44:43.703 I/[   10.651881@3]- unifykey(    0): unifykey is locked
07-02 17:44:43.703 E/[   10.651948@3]- unifykey(    0): key_unify_init() already inited!
07-02 17:44:43.703 I/[   10.651984@3]- unifykey(    0): name_store() 1302, name mac, 3
07-02 17:44:43.703 I/[   10.651990@3]- unifykey(    0): name_store() 1311
07-02 17:44:43.703 E/[   10.652228@3]- unifykey(    0): name: mac, size 17
07-02 17:44:43.703 E/[   10.652373@3]- unifykey(    0): key_unify_init() already inited!
07-02 17:44:43.703 I/[   10.652404@3]- unifykey(    0): unifykey is unlocked
07-02 17:44:43.731 D/Zygote32Timing( 3554): PostZygoteInitGC took to complete: 44ms
07-02 17:44:43.731 D/Zygote32Timing( 3554): ZygoteInit took to complete: 1250ms
07-02 17:44:44.012 D/BootAnimation( 3890): bootVideoProp=50, mConfig=0, mVol=50, mMute=0
07-02 17:44:44.012 D/BootAnimation( 3890): BootAnimationShownTiming start time: 10869ms
07-02 17:44:44.092 I/chatty  ( 3893): uid=1000 system_server expire 139 lines
07-02 17:44:44.115 I/[   11.063703@1]- fb(    0): osd[0] enable: 1 scale:0x10001 (HwBinder:3641_2)
07-02 17:44:44.115 I/[   11.063710@1]- fb(    0): osd[0] enable: 1 scale:0x10001 (HwBinder:3641_2)
07-02 17:44:44.123 I/[   11.071544@1]- fb(    0): free_scale_switch to fb0, mode: 0x10001
07-02 17:44:44.123 I/[   11.071763@1]- fb(    0): set logo loaded
07-02 17:44:45.124 I/chatty  ( 3893): uid=1000 system_server expire 110 lines
07-02 17:44:45.510 I/chatty  ( 3893): uid=1000(system) batterystats-wo expire 5 lines
07-02 17:44:45.849 I/chatty  ( 3893): uid=1000(system) android.bg expire 1 line
07-02 17:44:45.884 I/chatty  ( 3893): uid=1000 system_server expire 219 lines
07-02 17:44:45.904 I/chatty  ( 3893): uid=1000(system) android.display expire 2 lines
07-02 17:44:46.894 I/chatty  ( 3893): uid=1000 system_server expire 6 lines
07-02 17:44:47.030 I/chatty  ( 3893): uid=1000 system_server expire 4 lines
07-02 17:44:47.115 E/storaged( 3774): getService package_native failed
07-02 17:44:47.140 I/storaged( 3774): storaged: Start
07-02 17:44:47.201 I/chatty  ( 3893): uid=1000 system_server expire 17 lines
07-02 17:44:47.561 I/chatty  ( 3893): uid=1000 system_server expire 13 lines
07-02 17:44:49.420 I/chatty  ( 3893): uid=1000 system_server expire 200 lines
07-02 17:44:49.547 I/chatty  ( 3893): uid=1000 system_server expire 8 lines
07-02 17:44:49.571 I/chatty  ( 3893): uid=1000 system_server expire 5 lines
07-02 17:44:49.596 I/chatty  ( 3893): uid=1000 system_server expire 15 lines
07-02 17:44:51.873 I/chatty  ( 3893): uid=1000 system_server expire 3 lines
07-02 17:44:52.246 E/storaged( 3774): getService package_native failed
07-02 17:44:52.779 I/chatty  ( 3893): uid=1000(system) Binder:3893_2 expire 2 lines
07-02 17:44:52.788 I/chatty  ( 3893): uid=1000(system) ActivityManager expire 1 line
07-02 17:44:52.823 I/chatty  ( 3893): uid=1000 system_server expire 6 lines
07-02 17:44:52.839 W/[   19.787290@3]- healthd(    0): battery l=100 v=4 t=0.0 h=2 st=2 c=1100 fc=10000000 chg=u
07-02 17:44:52.887 I/chatty  ( 3893): uid=1000 system_server expire 4 lines
07-02 17:44:52.887 I/chatty  ( 3893): uid=1000 system_server expire 4 lines
07-02 17:44:52.900 I/chatty  ( 3893): uid=1000(system) android.bg expire 1 line
07-02 17:44:52.928 D/ZygoteInitTiming_lazy( 3554): BeginPreload took to complete: 37ms
07-02 17:44:52.997 I/chatty  ( 3893): uid=1000 system_server expire 222 lines
07-02 17:44:53.092 I/chatty  ( 3893): uid=1000(system) android.display expire 1 line
07-02 17:44:53.130 I/chatty  ( 3893): uid=1000(system) android.io expire 8 lines
07-02 17:44:53.231 I/chatty  ( 3893): uid=1000 system_server expire 9 lines
07-02 17:44:53.269 I/chatty  ( 3893): uid=1000(system) NetworkWatchlis expire 1 line
07-02 17:44:53.479 I/chatty  ( 3893): uid=1000(system) StorageManagerS expire 4 lines
07-02 17:44:53.495 I/chatty  ( 3893): uid=1000 system_server expire 4 lines
07-02 17:44:54.451 I/chatty  ( 3893): uid=1000 system_server expire 4 lines
07-02 17:44:54.859 D/ZygoteInitTiming_lazy( 3554): PreloadClasses took to complete: 1931ms
07-02 17:44:54.891 D/ZygoteInitTiming_lazy( 3554): CacheNonBootClasspathClassLoaders took to complete: 31ms
07-02 17:44:55.021 D/ZygoteInitTiming_lazy( 3554): PreloadResources took to complete: 130ms
07-02 17:44:55.040 I/chatty  ( 3893): uid=1000 system_server expire 3 lines
07-02 17:44:55.679 I/        (    0): [   22.626984@0]- Now can use cma, free:11982, wm:11987
07-02 17:44:55.959 I/        (    0): [   22.907165@2]- read descriptors
07-02 17:44:55.959 I/        (    0): [   22.907180@2]- read strings
07-02 17:44:55.959 I/        (    0): [   22.907259@2]- read descriptors
07-02 17:44:55.959 I/        (    0): [   22.907268@2]- read strings
07-02 17:44:55.975 I/chatty  ( 3893): uid=1000 system_server expire 238 lines
07-02 17:44:55.977 I/chatty  ( 3893): uid=1000 system_server expire 3 lines
07-02 17:44:55.982 I/chatty  ( 3893): uid=1000(system) HwBinder:3893_1 expire 1 line
07-02 17:44:55.989 I/chatty  ( 3893): uid=1000(system) HwBinder:3893_2 expire 1 line
07-02 17:44:55.996 I/chatty  ( 3893): uid=1000(system) android.fg expire 3 lines
07-02 17:44:56.015 I/chatty  ( 3893): uid=1000(system) ConnectivitySer expire 1 line
07-02 17:44:56.067 I/chatty  ( 3893): uid=1000 system_server expire 7 lines
07-02 17:44:56.111 W/        (    0): [   23.057929@3]- [RX]-cec cfg = 0
07-02 17:44:56.111 E/        (    0): [   23.058630@3]- cectx ff80023c.aocec: CEC framework ctrl enabled
07-02 17:44:56.240 I/chatty  ( 3893): uid=1000(system) android.ui expire 1 line
07-02 17:44:56.275 I/chatty  ( 3893): uid=1000 system_server expire 254 lines
07-02 17:44:56.364 I/chatty  ( 3893): uid=1000(system) ConnectivitySer expire 2 lines
07-02 17:44:56.379 I/chatty  ( 3893): uid=1000 system_server expire 247 lines
07-02 17:44:56.453 I/chatty  ( 3893): uid=1000(system) PowerManagerSer expire 2 lines
07-02 17:44:56.459 I/        (    0): [   23.405441@3]- efuse tx_amp = 22
07-02 17:44:56.459 I/        (    0): [   23.405691@3]- set phy setup_amp = 2
07-02 17:44:56.480 W/        (    0): [   23.428389@1]- meson6-dwmac ff3f0000.ethernet eth0: fail to init PTP.
07-02 17:44:56.485 I/[   23.432669@1]- IPv6(    0): ADDRCONF(NETDEV_UP): eth0: link is not ready
07-02 17:44:56.492 I/chatty  ( 3893): uid=1000(system) android.bg expire 3 lines
07-02 17:44:56.594 E/android.hardware.wifi@1.0-service.droidlogic( 3676): use wifi info
07-02 17:44:56.600 E/android.hardware.wifi@1.0-service.droidlogic( 3676): device is not ready, wait some times
07-02 17:44:56.708 I/chatty  ( 3893): uid=1000(system) android.display expire 2 lines
07-02 17:44:56.713 I/chatty  ( 3893): uid=1000 system_server expire 178 lines
07-02 17:44:56.728 I/chatty  ( 3893): uid=1000 system_server expire 65 lines
07-02 17:44:56.729 I/chatty  ( 3893): uid=1000 system_server expire 4 lines
07-02 17:44:56.729 I/chatty  ( 3893): uid=1000 system_server expire 3 lines
07-02 17:44:56.729 I/chatty  ( 3893): uid=1000 system_server expire 24 lines
07-02 17:44:56.733 I/chatty  ( 3893): uid=1000 system_server expire 35 lines
07-02 17:44:56.735 I/chatty  ( 3893): uid=1000 system_server expire 68 lines
07-02 17:44:56.738 I/chatty  ( 3893): uid=1000 system_server expire 112 lines
07-02 17:44:56.738 I/chatty  ( 3893): uid=1000 system_server expire 17 lines
07-02 17:44:56.779 I/chatty  ( 3893): uid=1000(system) android.io expire 3 lines
07-02 17:44:56.830 I/chatty  ( 3893): uid=1000(system) ActivityManager expire 21 lines
07-02 17:44:56.858 I/chatty  ( 3893): uid=1000 system_server expire 209 lines
07-02 17:44:56.860 I/[   23.805383@2]- meson-mmc(    0): [sdio_notify] finish
07-02 17:44:56.864 I/chatty  ( 3893): uid=1000(system) StorageManagerS expire 1 line
07-02 17:44:56.876 I/chatty  ( 3893): uid=1000 system_server expire 5 lines
07-02 17:44:56.881 I/chatty  ( 3893): uid=1000(system) AudioService expire 1 line
07-02 17:44:56.883 I/chatty  ( 3893): uid=1000(system) HwBinder:3893_3 expire 1 line
07-02 17:44:56.907 I/chatty  ( 3893): uid=1000(system) UsbService host expire 2 lines
07-02 17:44:56.938 I/chatty  ( 3893): uid=1000(system) ActivityManager expire 1 line
07-02 17:44:56.955 I/chatty  ( 3893): uid=1000(system) android.fg expire 1 line
07-02 17:44:57.099 I/chatty  ( 3893): uid=1000(system) Binder:3893_3 expire 1 line
07-02 17:44:57.155 I/[   24.101811@3]- resman(    0): 2 appname:secmem, type=3
07-02 17:44:57.183 I/[   24.132757@1]- resman(    0): 3 appname:OMX-0, type=0
07-02 17:44:57.255 I/[   24.204700@1]- resman(    0): 4 appname:OMX-1, type=0
07-02 17:44:57.262 W/ActivityThread( 4079): Failed to find provider info for android.media.tv (user not unlocked)
07-02 17:44:57.379 I/[   24.325525@1]- meson-mmc(    0): [sdio_notify] finish
07-02 17:44:57.383 E/[   24.331977@0]h meson-mmc(    0): sdio: resp_timeout,vstat:0xa1ff2800,virqc:3fff
07-02 17:44:57.383 E/[   24.331984@0]h meson-mmc(    0): sdio: err: wait for irq service, bus_fsm:0x8
07-02 17:44:57.383 I/[   24.332006@2]- meson-mmc(    0): meson_mmc_irq_thread_v3 657 sdio: cmd:8
07-02 17:44:57.383 W/        (    0): [   24.332702@1]- meson-aml-mmc ffe05000.sd3: card claims to support voltages below defined range
07-02 17:44:57.439 I/[   24.385953@1]- meson-mmc(    0): sdio: clk 166666664 tuning start
07-02 17:44:57.444 I/[   24.391635@1]- meson-mmc(    0): sdio: adj_win: < 1 2 3 4 >
07-02 17:44:57.444 I/[   24.391645@1]- meson-mmc(    0): step:4, delay1:0x104104, delay2:0x4000000
07-02 17:44:57.447 I/[   24.395677@1]- meson-mmc(    0): sdio: adj_win: < 1 2 3 4 >
07-02 17:44:57.447 I/[   24.395687@1]- meson-mmc(    0): step:8, delay1:0x208208, delay2:0x8000000
07-02 17:44:57.455 I/[   24.401703@1]- meson-mmc(    0): sdio: adj_win: < 1 2 3 4 >
07-02 17:44:57.455 I/[   24.401714@1]- meson-mmc(    0): step:12, delay1:0x30c30c, delay2:0xc000000
07-02 17:44:57.459 I/[   24.406568@1]- meson-mmc(    0): sdio: adj_win: < 1 2 3 4 >
07-02 17:44:57.459 I/[   24.406580@1]- meson-mmc(    0): step:16, delay1:0x410410, delay2:0x10000000
07-02 17:44:57.467 I/[   24.411363@1]- meson-mmc(    0): sdio: adj_win: < 2 3 4 5 >
07-02 17:44:57.467 I/[   24.411374@1]- meson-mmc(    0): left:3, right:0, mid:4, size:4
07-02 17:44:57.467 I/[   24.411379@1]- meson-mmc(    0): step:0, delay1:0x0, delay2:0x0
07-02 17:44:57.467 I/[   24.411385@1]- meson-mmc(    0): sdio: sd_emmc_regs->gclock=0x10000246,sd_emmc_regs->gadjust=0x32000
07-02 17:44:57.467 I/[   24.412636@1]- sdio(    0): new ultra high speed SDR104 SDIO card at address 0001
07-02 17:44:57.467 I/[   24.412645@3]- sdio(    0): clock 166666664, 4-bit-bus-width
07-02 17:44:57.467 I/        (    0): [   24.412645@3]-
07-02 17:44:57.467 I/[   24.413428@3]- meson-mmc(    0): [sdio_reinit] finish
07-02 17:44:57.547 I/[   24.497044@2]- resman(    0): 5 appname:OMX-2, type=0
07-02 17:44:57.571 I/[   24.518935@1]- resman(    0): 6 appname:OMX-3, type=0
07-02 17:44:57.595 I/[   24.541528@0]- resman(    0): 7 appname:OMX-4, type=0
07-02 17:44:57.639 I/[   24.586054@1]- resman(    0): 8 appname:OMX-5, type=0
07-02 17:44:57.656 I/[   24.605155@1]- resman(    0): 9 appname:OMX-6, type=0
07-02 17:44:57.709 I/[   24.656633@1]- resman(    0): 10 appname:OMX-7, type=0
07-02 17:44:57.728 I/chatty  ( 4079): uid=1000(system) com.droidlogic identical 29 lines
07-02 17:44:57.735 I/[   24.682957@3]- resman(    0): 11 appname:OMX-8, type=0
07-02 17:44:57.741 W/ActivityThread( 4079): Failed to find provider info for android.media.tv (user not unlocked)
07-02 17:44:57.752 E/android.hardware.wifi@1.0-service.droidlogic( 3676): sdio class id: 0xb822
07-02 17:44:57.754 W/ActivityThread( 4079): Failed to find provider info for android.media.tv (user not unlocked)
07-02 17:44:57.768 W/ActivityThread( 4079): Failed to find provider info for android.media.tv (user not unlocked)
07-02 17:44:57.774 I/[   24.722408@3]- resman(    0): 12 appname:OMX-9, type=0
07-02 17:44:57.777 E/android.hardware.wifi@1.0-service.droidlogic( 3676): found the match  bt is: rtl8822bs
07-02 17:44:57.777 E/android.hardware.wifi@1.0-service.droidlogic( 3676): found the match  wifi is: rtl8822bs
07-02 17:44:57.789 W/ActivityThread( 4079): Failed to find provider info for android.media.tv (user not unlocked)
07-02 17:44:57.799 I/[   24.747240@1]- resman(    0): 13 appname:OMX-10, type=0
07-02 17:44:57.865 I/[   24.812927@1]- resman(    0): 14 appname:OMX-11, type=0
07-02 17:44:57.891 I/[   24.839977@3]- resman(    0): 15 appname:OMX-12, type=0
07-02 17:44:57.950 W/ActivityThread( 4079): Failed to find provider info for android.media.tv (user not unlocked)
07-02 17:44:57.955 D/SystemUIBootTiming( 4054): DependencyInjection took to complete: 0ms
07-02 17:44:58.003 I/chatty  ( 3893): uid=1000 system_server expire 7 lines
07-02 17:44:58.023 W/[   24.971238@0]- RTW(    0): module init start
07-02 17:44:58.023 W/[   24.971247@0]- RTW(    0): rtl88x2bs v5.11.0.7-25-g5432c7d44.20221222_COEX20200302-7b7b
07-02 17:44:58.023 W/[   24.971251@0]- RTW(    0): build time: Jun 19 2025 09:08:51
07-02 17:44:58.023 W/[   24.971255@0]- RTW(    0): rtl88x2bs BT-Coex version = COEX20200302-7b7b
07-02 17:44:58.023 W/[   24.971318@0]- RTW(    0): rtw_inetaddr_notifier_register
07-02 17:44:58.023 W/[   24.971655@0]- RTW(    0): == SDIO Card Info ==
07-02 17:44:58.023 W/[   24.971667@0]- RTW(    0): card: 000000009ebb8e46
07-02 17:44:58.023 W/[   24.971671@0]- RTW(    0): clock: 167000000 Hz
07-02 17:44:58.023 W/[   24.971676@0]- RTW(    0): timing spec: sd uhs SDR104
07-02 17:44:58.023 W/[   24.971686@0]- RTW(    0): sd3_bus_mode: TRUE
07-02 17:44:58.023 W/[   24.971690@0]- RTW(    0): func num: 1
07-02 17:44:58.023 W/[   24.971694@0]- RTW(    0): func1: 000000003051fa83 (*)
07-02 17:44:58.023 W/[   24.971698@0]- RTW(    0): ================
07-02 17:44:58.023 W/[   24.971705@0]- RTW(    0): CHIP TYPE: RTL8822B
07-02 17:44:58.023 W/[   24.971861@0]- RTW(    0): loadparam, Select P2P interface: iface_id:1
07-02 17:44:58.023 W/[   24.971921@0]- RTW(    0): [HALMAC]55772M
