07-02 19:28:15.998 I/[ 3580.894165@3]- resman(    0): 97 acquire [codec_mm], preempt yes
07-02 19:28:15.998 I/[ 3580.894190@3]- resman(    0): 97 score 60 secure no
07-02 19:28:15.998 I/[ 3580.894211@3]- resman(    0): 97 acquire [codec_mm] success
07-02 19:28:16.005 D/        (    0): [ 3580.894291@3]- the demux           clock on, ref cnt: 2
07-02 19:28:16.011 D/        (    0): [ 3580.894296@3]- the parser_top      clock on, ref cnt: 2
07-02 19:28:16.011 D/        (    0): [ 3580.894305@3]- the vdec            clock on, ref cnt: 1
07-02 19:28:16.011 D/        (    0): [ 3580.894328@3]- the clk_vdec_mux    clock on, ref cnt: 1
07-02 19:28:16.011 D/        (    0): [ 3580.894359@3]- vdec mux clock is 499999992 Hz
07-02 19:28:16.013 D/        (    0): [ 3580.894513@3]- vdec_create instance 00000000572ecafc, total 1, PM: legacy
07-02 19:28:16.013 D/        (    0): [ 3580.894557@3]- no drmmode
07-02 19:28:16.013 I/        (    0): [ 3580.894600@3]- is_reset=0
07-02 19:28:16.013 I/        (    0): [ 3580.894627@3]- vdec_init, dev_name:ammvdec_h264, vdec_type=VDEC_TYPE_FRAME_BLOCK  id = 0
07-02 19:28:16.013 D/        (    0): [ 3580.895700@3]- ammvdec_h264_mmu_init tvp = 0x0 mmu_enable 0
07-02 19:28:16.013 D/        (    0): [ 3580.895707@3]- decoder_bmmu_box_alloc_box, tvp_flags = 0
07-02 19:28:16.013 D/[ 3580.895726@3]- 0(    0): ammvdec_h264_probe mmu_enable 0 double_write_mode 0x10
07-02 19:28:16.013 D/[ 3580.901272@0]- 0(    0): ammvdec_h264 mem-addr=0,buff_offset=58cc0000,buf_start=58cb0000
07-02 19:28:16.013 D/        (    0): [ 3580.901318@0]- vdec mux clock is 666666656 Hz
07-02 19:28:16.013 D/        (    0): [ 3580.901323@0]- vdec1 video changed to 3840 x 2160 60 fps clk->667MHZ
07-02 19:28:16.013 W/        (    0): [ 3580.901329@0]- H264 sysinfo: 1920x1080 duration=3840, pts_outside=1
07-02 19:28:16.013 D/        (    0): [ 3580.901333@0]- sync_outside=0, use_idr_framerate=0, is_used_v4l: 0
07-02 19:28:16.018 I/        (    0): [ 3580.901438@0]- [TEE], the fw (h264_multi) will be loaded.
07-02 19:28:16.018 D/        (    0): [ 3580.902649@1]- vh264_init, phy_addr=7446e000 vaddr=000000003635a0a6
07-02 19:28:16.018 D/        (    0): [ 3580.904903@3]- vfm map vdec-map-0 created
07-02 19:28:16.018 I/[ 3580.904924@3]- reg(    0): ionvideo
07-02 19:28:16.018 D/        (    0): [ 3580.904930@3]- vdec_init, vf_provider_name = vdec.h264.00, b 0
07-02 19:28:16.018 I/        (    0): [ 3580.913366@0]- vdec->port_flag=0x102, port_flag=0x10b
07-02 19:28:16.030 D/[ 3580.918951@0]- ionvid(    0): dbg: ionvideo open
07-02 19:28:16.033 D/[ 3580.918974@0]- ionvid(    0): dbg: ionvideo: set freerun mode
07-02 19:28:16.108 D/[ 3581.000980@3]- 0(    0): AV_SCRATCH_1 = 841fe078, AV_SCRATCH_2 1a077
07-02 19:28:16.108 D/[ 3581.001036@3]- 0(    0): chroma_format_idc = 1 frame_mbs_only_flag 1, crop_bottom 8,  frame_height 1080,
07-02 19:28:16.108 D/[ 3581.001042@3]- 0(    0): mb_height 68,crop_right 0, frame_width 1920, mb_width 120
07-02 19:28:16.108 D/[ 3581.001047@3]- 0(    0): level_idc = 40 pic_size = 3133440 size = 4
07-02 19:28:16.108 D/[ 3581.001053@3]- 0(    0): mb height/widht/total: 44/78/1fe0 level_idc 28 max_ref_num 4
07-02 19:28:16.108 D/[ 3581.001058@3]- 0(    0): restriction_flag=1, max_dec_frame_buffering=4, dec_dpb_size=6 num_reorder_frames 2 used_reorder_dpb_size_margin 9
07-02 19:28:16.108 D/[ 3581.001064@3]- 0(    0): vh264_set_params active_buf_spec_num 15 dec_dpb_size 6 collocate_buf_num 8
07-02 19:28:16.190 D/[ 3581.082696@1]- 0(    0): num_ref_frames change from 0 to 4
07-02 19:28:16.226 D/        (    0): [ 3581.119277@1]- cal_dur_from_pts vstatus 3840 dur3600 -> 3840, revised 3840
07-02 19:28:16.226 I/[ 3581.119514@1]- vframe_rate_uevent(    0): sent uevent FRAME_RATE_HINT=3840
07-02 19:28:16.719 D/INSETS  ( 3846): else - Package Name ::  left : 0 right :: 0 top :: 0 bottom :: 0 dfu-right :: 1920 dfu-bottom :: 1080
07-02 19:28:16.758 E/[ 3581.652947@1]- ion_import_dma_buf(    0): can not import dmabuf from another exporter
07-02 19:28:16.758 E/[ 3581.654509@1]- ion_import_dma_buf(    0): can not import dmabuf from another exporter
07-02 19:28:16.761 E/[ 3581.657066@2]- ion_import_dma_buf(    0): can not import dmabuf from another exporter
07-02 19:28:16.764 E/[ 3581.659671@0]- ion_import_dma_buf(    0): can not import dmabuf from another exporter
07-02 19:28:16.768 E/[ 3581.660734@3]- ion_import_dma_buf(    0): can not import dmabuf from another exporter
07-02 19:28:16.769 E/[ 3581.662263@1]- ion_import_dma_buf(    0): can not import dmabuf from another exporter
07-02 19:28:16.774 E/[ 3581.663193@1]- ion_import_dma_buf(    0): can not import dmabuf from another exporter
07-02 19:28:16.774 E/[ 3581.670167@0]- ion_import_dma_buf(    0): can not import dmabuf from another exporter
07-02 19:28:16.798 E/[ 3581.694167@2]- ion_import_dma_buf(    0): can not import dmabuf from another exporter
07-02 19:28:16.808 I/[ 3581.696456@2]- VID(    0): VD1 off
07-02 19:28:16.808 I/[ 3581.696576@2]- vc(    0): [0]vc: set enable index=0, val=1
07-02 19:28:16.808 I/        (    0): [ 3581.696598@2]- dev->index =0, val=2
07-02 19:28:16.808 I/[ 3581.696603@2]- VID(    0): VD1 off
07-02 19:28:16.808 I/[ 3581.696608@2]- VID(    0): VD1 set global output as 1
07-02 19:28:16.808 I/[ 3581.696643@2]- VID(    0): store VD0 path_id changed -1->2
07-02 19:28:16.808 I/[ 3581.696672@2]- vc(    0): [0]sideband_type =-1
07-02 19:28:16.830 E/[ 3581.726219@3]- ion_import_dma_buf(    0): can not import dmabuf from another exporter
07-02 19:28:16.882 E/[ 3581.776420@0]- ion_import_dma_buf(    0): can not import dmabuf from another exporter
07-02 19:28:16.914 E/[ 3581.809713@1]- ion_import_dma_buf(    0): can not import dmabuf from another exporter
07-02 19:28:16.966 E/[ 3581.859746@0]- ion_import_dma_buf(    0): can not import dmabuf from another exporter
07-02 19:28:17.014 E/[ 3581.910128@1]- ion_import_dma_buf(    0): can not import dmabuf from another exporter
07-02 19:28:17.049 E/[ 3581.943344@1]- ion_import_dma_buf(    0): can not import dmabuf from another exporter
07-02 19:28:17.081 E/[ 3581.976468@1]- ion_import_dma_buf(    0): can not import dmabuf from another exporter
07-02 19:28:17.410 W/[ 3582.302787@1]- RTW(    0): Turbo EDCA =0x431c
07-02 19:28:17.710 I/        (    0): [ 3582.603993@3]- is_reset=1
07-02 19:28:17.713 I/[ 3582.604342@3]- vframe_rate_uevent(    0): sent uevent FRAME_RATE_HINT=0
07-02 19:28:17.723 I/[ 3582.614976@3]- unreg(    0): ionvideo
07-02 19:28:17.723 D/        (    0): [ 3582.615010@3]- vdec_disable_DMC input->target= 0x0
07-02 19:28:17.723 D/[ 3582.615145@3]- 0(    0): vh264_stop
07-02 19:28:17.723 D/        (    0): [ 3582.618858@3]- vdec_release instance 00000000572ecafc, total 1 id = 0
07-02 19:28:17.723 D/        (    0): [ 3582.619046@3]- the clk_vdec_mux    clock off, ref cnt: 0
07-02 19:28:17.723 D/        (    0): [ 3582.619056@3]- the vdec            clock off, ref cnt: 0
07-02 19:28:17.723 D/        (    0): [ 3582.619060@3]- the parser_top      clock off, ref cnt: 1
07-02 19:28:17.723 D/        (    0): [ 3582.619064@3]- the demux           clock off, ref cnt: 1
07-02 19:28:17.723 D/        (    0): [ 3582.619112@3]- the demux           clock on, ref cnt: 2
07-02 19:28:17.723 D/        (    0): [ 3582.619117@3]- the parser_top      clock on, ref cnt: 2
07-02 19:28:17.723 D/        (    0): [ 3582.619123@3]- the vdec            clock on, ref cnt: 1
07-02 19:28:17.723 D/        (    0): [ 3582.619142@3]- the clk_vdec_mux    clock on, ref cnt: 1
07-02 19:28:17.723 D/        (    0): [ 3582.619173@3]- vdec mux clock is 499999992 Hz
07-02 19:28:17.723 D/        (    0): [ 3582.619349@3]- vdec_create instance 000000005ce9c363, total 1, PM: legacy
07-02 19:28:17.723 D/        (    0): [ 3582.619388@3]- no drmmode
07-02 19:28:17.723 I/        (    0): [ 3582.619450@3]- is_reset=1
07-02 19:28:17.724 I/        (    0): [ 3582.619479@3]- vdec_init, dev_name:ammvdec_h264, vdec_type=VDEC_TYPE_FRAME_BLOCK  id = 0
07-02 19:28:17.724 D/        (    0): [ 3582.620283@3]- ammvdec_h264_mmu_init tvp = 0x0 mmu_enable 0
07-02 19:28:17.724 D/        (    0): [ 3582.620290@3]- decoder_bmmu_box_alloc_box, tvp_flags = 0
07-02 19:28:17.724 D/[ 3582.620307@3]- 0(    0): ammvdec_h264_probe mmu_enable 0 double_write_mode 0x10
07-02 19:28:17.728 D/[ 3582.623897@1]- 0(    0): ammvdec_h264 mem-addr=0,buff_offset=58cc0000,buf_start=58cb0000
07-02 19:28:17.728 D/        (    0): [ 3582.623942@1]- vdec mux clock is 666666656 Hz
07-02 19:28:17.728 D/        (    0): [ 3582.623948@1]- vdec1 video changed to 3840 x 2160 60 fps clk->667MHZ
07-02 19:28:17.728 W/        (    0): [ 3582.623954@1]- H264 sysinfo: 1920x1080 duration=3840, pts_outside=1
07-02 19:28:17.728 D/        (    0): [ 3582.623958@1]- sync_outside=0, use_idr_framerate=0, is_used_v4l: 0
07-02 19:28:17.728 I/        (    0): [ 3582.624025@1]- [TEE], the fw (h264_multi) will be loaded.
07-02 19:28:17.728 D/        (    0): [ 3582.624806@3]- vh264_init, phy_addr=7446e000 vaddr=00000000ac137ceb
07-02 19:28:17.728 D/        (    0): [ 3582.625074@1]- vfm map vdec-map-0 created
07-02 19:28:17.728 I/[ 3582.625094@1]- reg(    0): ionvideo
07-02 19:28:17.728 D/        (    0): [ 3582.625099@1]- vdec_init, vf_provider_name = vdec.h264.00, b 0
07-02 19:28:17.734 I/        (    0): [ 3582.627903@3]- vdec->port_flag=0x102, port_flag=0x10b
07-02 19:28:17.734 I/        (    0): [ 3582.628027@3]- is_reset=0
07-02 19:28:17.758 I/        (    0): [ 3582.652044@2]- is_reset=1
07-02 19:28:17.760 I/[ 3582.652313@2]- vframe_rate_uevent(    0): sent uevent FRAME_RATE_HINT=0
07-02 19:28:17.770 I/[ 3582.662613@3]- unreg(    0): ionvideo
07-02 19:28:17.770 D/        (    0): [ 3582.662643@3]- vdec_disable_DMC input->target= 0x0
07-02 19:28:17.770 D/[ 3582.662764@3]- 0(    0): vh264_stop
07-02 19:28:17.770 D/        (    0): [ 3582.663661@3]- vdec_release instance 000000005ce9c363, total 1 id = 0
07-02 19:28:17.770 D/        (    0): [ 3582.663840@3]- the clk_vdec_mux    clock off, ref cnt: 0
07-02 19:28:17.770 D/        (    0): [ 3582.663850@3]- the vdec            clock off, ref cnt: 0
07-02 19:28:17.770 D/        (    0): [ 3582.663854@3]- the parser_top      clock off, ref cnt: 1
07-02 19:28:17.770 D/        (    0): [ 3582.663858@3]- the demux           clock off, ref cnt: 1
07-02 19:28:17.770 D/        (    0): [ 3582.663923@3]- the demux           clock on, ref cnt: 2
07-02 19:28:17.770 D/        (    0): [ 3582.663928@3]- the parser_top      clock on, ref cnt: 2
07-02 19:28:17.770 D/        (    0): [ 3582.663935@3]- the vdec            clock on, ref cnt: 1
07-02 19:28:17.770 D/        (    0): [ 3582.663953@3]- the clk_vdec_mux    clock on, ref cnt: 1
07-02 19:28:17.770 D/        (    0): [ 3582.663985@3]- vdec mux clock is 499999992 Hz
07-02 19:28:17.770 D/        (    0): [ 3582.664152@3]- vdec_create instance 00000000b9429cb4, total 1, PM: legacy
07-02 19:28:17.770 D/        (    0): [ 3582.664192@3]- no drmmode
07-02 19:28:17.770 I/        (    0): [ 3582.664231@3]- is_reset=1
07-02 19:28:17.770 I/        (    0): [ 3582.664258@3]- vdec_init, dev_name:ammvdec_h264, vdec_type=VDEC_TYPE_FRAME_BLOCK  id = 0
07-02 19:28:17.770 D/        (    0): [ 3582.666211@1]- ammvdec_h264_mmu_init tvp = 0x0 mmu_enable 0
07-02 19:28:17.770 D/        (    0): [ 3582.666220@1]- decoder_bmmu_box_alloc_box, tvp_flags = 0
07-02 19:28:17.770 D/[ 3582.666239@1]- 0(    0): ammvdec_h264_probe mmu_enable 0 double_write_mode 0x10
07-02 19:28:17.778 D/[ 3582.671396@3]- 0(    0): ammvdec_h264 mem-addr=0,buff_offset=58cc0000,buf_start=58cb0000
07-02 19:28:17.778 D/        (    0): [ 3582.671438@3]- vdec mux clock is 666666656 Hz
07-02 19:28:17.778 D/        (    0): [ 3582.671443@3]- vdec1 video changed to 3840 x 2160 60 fps clk->667MHZ
07-02 19:28:17.778 W/        (    0): [ 3582.671449@3]- H264 sysinfo: 1920x1080 duration=3840, pts_outside=1
07-02 19:28:17.778 D/        (    0): [ 3582.671453@3]- sync_outside=0, use_idr_framerate=0, is_used_v4l: 0
07-02 19:28:17.778 I/        (    0): [ 3582.671596@3]- [TEE], the fw (h264_multi) will be loaded.
07-02 19:28:17.778 D/        (    0): [ 3582.672015@1]- vh264_init, phy_addr=7446e000 vaddr=00000000b87c53fd
07-02 19:28:17.778 D/        (    0): [ 3582.672554@2]- vfm map vdec-map-0 created
07-02 19:28:17.778 I/[ 3582.672577@2]- reg(    0): ionvideo
07-02 19:28:17.778 D/        (    0): [ 3582.672583@2]- vdec_init, vf_provider_name = vdec.h264.00, b 0
07-02 19:28:17.779 I/        (    0): [ 3582.673323@2]- vdec->port_flag=0x102, port_flag=0x10b
07-02 19:28:17.779 I/        (    0): [ 3582.673562@2]- is_reset=0
07-02 19:28:17.794 I/[ 3582.690010@1]- vframe_rate_uevent(    0): sent uevent FRAME_RATE_HINT=0
07-02 19:28:17.799 I/[ 3582.691598@0]- unreg(    0): ionvideo
07-02 19:28:17.799 D/        (    0): [ 3582.691625@0]- vdec_disable_DMC input->target= 0x0
07-02 19:28:17.799 D/[ 3582.691742@0]- 0(    0): vh264_stop
07-02 19:28:17.799 D/        (    0): [ 3582.692453@0]- vdec_release instance 00000000b9429cb4, total 1 id = 0
07-02 19:28:17.799 D/        (    0): [ 3582.692651@0]- the clk_vdec_mux    clock off, ref cnt: 0
07-02 19:28:17.799 D/        (    0): [ 3582.692662@0]- the vdec            clock off, ref cnt: 0
07-02 19:28:17.799 D/        (    0): [ 3582.692666@0]- the parser_top      clock off, ref cnt: 1
07-02 19:28:17.799 D/        (    0): [ 3582.692670@0]- the demux           clock off, ref cnt: 1
07-02 19:28:17.799 I/[ 3582.692702@0]- 0000000035b17e48(    0): free ion_id:0, priv_data:0
07-02 19:28:17.799 D/        (    0): [ 3582.692706@0]d ionvideo_release_map 0 OK
07-02 19:28:17.810 D/[ 3582.703411@1]- ionvid(    0): dbg: vidioc_close!!!!
07-02 19:28:17.810 D/[ 3582.703430@1]- ionvid(    0): dbg: vidioc_close
07-02 19:28:17.810 I/[ 3582.704579@1]- resman(    0): 97 release [codec_mm]
07-02 19:28:17.884 D/INSETS  ( 3846): else - Package Name ::  left : 0 right :: 0 top :: 0 bottom :: 0 dfu-right :: 1920 dfu-bottom :: 1080
07-02 19:28:17.922 I/[ 3582.814598@2]- vc(    0): [0]vc: set enable index=0, val=0
07-02 19:28:17.922 I/[ 3582.814620@2]- VID(    0): store VD0 path_id changed 2->-1
07-02 19:28:17.922 I/        (    0): [ 3582.814625@2]- dev->index =0, val=1
07-02 19:28:17.922 I/[ 3582.814629@2]- VID(    0): VD1 off
07-02 19:28:17.922 I/[ 3582.814635@2]- VID(    0): VD1 set global output as 0
07-02 19:28:17.922 I/        (    0): [ 3582.814652@2]- common_vf_unreg_provider video_render.0: vd1 used: true, vd2 used: false, black_out:0, cur_buf:000000004ba1dfee
07-02 19:28:18.154 W/[ 3583.049860@1]- RTW(    0): fill_default_txdesc(wlan0): SP Packet(0x0806) rate=0x4 SeqNum = 4074
07-02 19:28:18.337 D/INSETS  ( 3846): else - Package Name ::  left : 0 right :: 0 top :: 0 bottom :: 0 dfu-right :: 1920 dfu-bottom :: 1080
07-02 19:28:18.922 I/[ 3583.818389@1]- resman(    0): 98 appname:OMX-73, type=0
07-02 19:28:19.018 I/[ 3583.910815@3]- resman(    0): 98 acquire [codec_mm], preempt yes
07-02 19:28:19.018 I/[ 3583.910826@3]- resman(    0): 98 score 30 secure no
07-02 19:28:19.030 I/[ 3583.910831@3]- resman(    0): 98 acquire [codec_mm] success
07-02 19:28:19.030 D/        (    0): [ 3583.910871@3]- the demux           clock on, ref cnt: 2
07-02 19:28:19.030 D/        (    0): [ 3583.910876@3]- the parser_top      clock on, ref cnt: 2
07-02 19:28:19.030 D/        (    0): [ 3583.910887@3]- the vdec            clock on, ref cnt: 1
07-02 19:28:19.030 D/        (    0): [ 3583.910909@3]- the clk_vdec_mux    clock on, ref cnt: 1
07-02 19:28:19.030 D/        (    0): [ 3583.910940@3]- vdec mux clock is 499999992 Hz
07-02 19:28:19.030 D/        (    0): [ 3583.911117@3]- vdec_create instance 000000006bdcfa84, total 1, PM: legacy
07-02 19:28:19.030 D/        (    0): [ 3583.911158@3]- no drmmode
07-02 19:28:19.030 I/        (    0): [ 3583.911196@3]- is_reset=0
07-02 19:28:19.031 I/        (    0): [ 3583.911223@3]- vdec_init, dev_name:ammvdec_h264, vdec_type=VDEC_TYPE_FRAME_BLOCK  id = 0
07-02 19:28:19.031 D/        (    0): [ 3583.912186@3]- ammvdec_h264_mmu_init tvp = 0x0 mmu_enable 0
07-02 19:28:19.031 D/        (    0): [ 3583.912194@3]- decoder_bmmu_box_alloc_box, tvp_flags = 0
07-02 19:28:19.031 D/[ 3583.912214@3]- 0(    0): ammvdec_h264_probe mmu_enable 0 double_write_mode 0x10
07-02 19:28:19.031 D/[ 3583.915306@2]- 0(    0): ammvdec_h264 mem-addr=0,buff_offset=57200000,buf_start=571f0000
07-02 19:28:19.031 D/        (    0): [ 3583.915352@2]- vdec mux clock is 666666656 Hz
07-02 19:28:19.031 D/        (    0): [ 3583.915358@2]- vdec1 video changed to 3840 x 2160 60 fps clk->667MHZ
07-02 19:28:19.031 W/        (    0): [ 3583.915364@2]- H264 sysinfo: 1280x720 duration=4000, pts_outside=1
07-02 19:28:19.031 D/        (    0): [ 3583.915368@2]- sync_outside=0, use_idr_framerate=0, is_used_v4l: 0
07-02 19:28:19.031 I/        (    0): [ 3583.915527@2]- [TEE], the fw (h264_multi) will be loaded.
07-02 19:28:19.031 D/        (    0): [ 3583.916571@2]- vh264_init, phy_addr=7446e000 vaddr=00000000cd6e4eaf
07-02 19:28:19.031 D/        (    0): [ 3583.916903@1]- vfm map vdec-map-0 created
07-02 19:28:19.031 I/[ 3583.916923@1]- dim(    0): ch[1]:di_receiver_event_fun,8:_REG
07-02 19:28:19.031 I/[ 3583.916929@1]- dim(    0): reg:vdec.h264.00[136]
07-02 19:28:19.031 I/[ 3583.917019@1]- dim(    0): reg:use[1]ms
07-02 19:28:19.031 E/[ 3583.917034@1]- reg(    0): v4lvideo
07-02 19:28:19.031 I/[ 3583.917041@1]- dim(    0): ch[1]:di_receiver_event_fun,3:_START
07-02 19:28:19.031 D/        (    0): [ 3583.917047@1]- vdec_init, vf_provider_name = vdec.h264.00, b 0
07-02 19:28:19.031 I/        (    0): [ 3583.921926@1]- vdec->port_flag=0x102, port_flag=0x10b
07-02 19:28:19.031 D/[ 3583.924838@1]- v4lvid(    0): dbg: v4lvideo open
07-02 19:28:19.048 D/[ 3583.943686@2]- 0(    0): AV_SCRATCH_1 = 840e1050, AV_SCRATCH_2 ffa077
07-02 19:28:19.049 D/[ 3583.943740@2]- 0(    0): chroma_format_idc = 1 frame_mbs_only_flag 1, crop_bottom 0,  frame_height 720,
07-02 19:28:19.049 D/[ 3583.943745@2]- 0(    0): mb_height 45,crop_right 0, frame_width 1280, mb_width 80
07-02 19:28:19.049 D/[ 3583.943750@2]- 0(    0): level_idc = 31 pic_size = 1382400 size = 5
07-02 19:28:19.049 D/[ 3583.943755@2]- 0(    0): Warning: max_dec_frame_buffering(4) is less than DPB size(5) calculated from Profile/Level.
07-02 19:28:19.049 D/[ 3583.943761@2]- 0(    0): mb height/widht/total: 30/50/f00 level_idc 1f max_ref_num 4
07-02 19:28:19.049 D/[ 3583.943766@2]- 0(    0): restriction_flag=1, max_dec_frame_buffering=4, dec_dpb_size=6 num_reorder_frames 3 used_reorder_dpb_size_margin 9
07-02 19:28:19.049 D/[ 3583.943772@2]- 0(    0): vh264_set_params active_buf_spec_num 15 dec_dpb_size 6 collocate_buf_num 8
07-02 19:28:19.066 D/[ 3583.960493@1]- 0(    0): num_ref_frames change from 0 to 4
07-02 19:28:19.070 I/[ 3583.963973@1]- dim(    0): value reg:ch[1]:fix_buf:0;ponly <0,0>
07-02 19:28:19.077 I/[ 3583.963989@1]- dim(    0): 1280x720-0x9000.
07-02 19:28:19.077 I/[ 3583.964984@0]- v4lvideo(    0): provider name: vdec.h264.00
07-02 19:28:19.090 D/        (    0): [ 3583.984394@0]- cal_dur_from_pts vstatus 4000 dur3749 -> 3998, revised 4000
07-02 19:28:19.092 I/[ 3583.984641@0]- vframe_rate_uevent(    0): sent uevent FRAME_RATE_HINT=4000
07-02 19:28:19.236 I/[ 3584.131423@2]- VID(    0): VD1 off
07-02 19:28:19.238 I/[ 3584.131610@2]- vc(    0): [0]vc: set enable index=0, val=1
07-02 19:28:19.238 I/        (    0): [ 3584.131630@2]- dev->index =0, val=2
07-02 19:28:19.238 I/[ 3584.131635@2]- VID(    0): VD1 off
07-02 19:28:19.238 I/[ 3584.131641@2]- VID(    0): VD1 set global output as 1
07-02 19:28:19.238 I/[ 3584.131676@2]- VID(    0): store VD0 path_id changed -1->2
07-02 19:28:19.238 I/[ 3584.131698@2]- vc(    0): [0]sideband_type =-1
07-02 19:28:22.238 W/[ 3587.130622@2]- RTW(    0): fill_default_txdesc(wlan0): SP Packet(0x0806) rate=0x4 SeqNum = 1211
07-02 19:28:23.462 W/[ 3588.355204@2]- RTW(    0): Turbo EDCA =0x5ea42b
07-02 19:28:23.736 I/UsageStatsService( 3846): User[0] Flushing usage stats to disk
07-02 19:28:23.778 W/[ 3588.670582@0]- RTW(    0): fill_default_txdesc(wlan0): SP Packet(0x0806) rate=0x4 SeqNum = 1348
07-02 19:28:25.471 W/[ 3590.366970@0]- RTW(    0): Turbo EDCA =0x431c
07-02 19:28:27.314 W/[ 3592.208175@3]- RTW(    0): fill_default_txdesc(wlan0): SP Packet(0x0806) rate=0x4 SeqNum = 1646
07-02 19:28:27.489 W/[ 3592.383200@1]- RTW(    0): Turbo EDCA =0x5ea42b
07-02 19:28:29.506 W/[ 3594.398793@0]- RTW(    0): Turbo EDCA =0x431c
07-02 19:28:29.601 W/[ 3594.496093@0]- audit(    0): audit_lost=1640 audit_rate_limit=5 audit_backlog_limit=64
07-02 19:28:29.601 E/[ 3594.496101@0]- audit(    0): rate limit exceeded
07-02 19:28:30.150 I/        (    0): [ 3595.044222@1]- is_reset=1
07-02 19:28:30.150 I/[ 3595.044507@1]- vframe_rate_uevent(    0): sent uevent FRAME_RATE_HINT=0
07-02 19:28:30.150 I/[ 3595.044857@2]- dim(    0): ch[1]:di_receiver_event_fun,1:_UNREG
07-02 19:28:30.150 E/[ 3595.044896@2]- unreg(    0): v4lvideo
07-02 19:28:30.150 I/[ 3595.044964@0]- dim(    0): unreg:2keep[0], msk:[0x0,0x0]
07-02 19:28:30.162 I/[ 3595.056224@1]- dim(    0): unreg:use[12]ms
07-02 19:28:30.162 D/        (    0): [ 3595.056256@1]- vdec_disable_DMC input->target= 0x0
07-02 19:28:30.162 D/[ 3595.056477@1]- 0(    0): vh264_stop
07-02 19:28:30.167 D/        (    0): [ 3595.059147@1]- vdec_release instance 000000006bdcfa84, total 1 id = 0
07-02 19:28:30.181 D/        (    0): [ 3595.059343@1]- the clk_vdec_mux    clock off, ref cnt: 0
07-02 19:28:30.181 D/        (    0): [ 3595.059354@1]- the vdec            clock off, ref cnt: 0
07-02 19:28:30.181 D/        (    0): [ 3595.059358@1]- the parser_top      clock off, ref cnt: 1
07-02 19:28:30.181 D/        (    0): [ 3595.059362@1]- the demux           clock off, ref cnt: 1
07-02 19:28:30.181 D/        (    0): [ 3595.059458@1]- the demux           clock on, ref cnt: 2
07-02 19:28:30.181 D/        (    0): [ 3595.059463@1]- the parser_top      clock on, ref cnt: 2
07-02 19:28:30.181 D/        (    0): [ 3595.059469@1]- the vdec            clock on, ref cnt: 1
07-02 19:28:30.181 D/        (    0): [ 3595.059487@1]- the clk_vdec_mux    clock on, ref cnt: 1
07-02 19:28:30.181 D/        (    0): [ 3595.059518@1]- vdec mux clock is 499999992 Hz
07-02 19:28:30.181 D/        (    0): [ 3595.059679@1]- vdec_create instance 000000001cc067de, total 1, PM: legacy
07-02 19:28:30.181 D/        (    0): [ 3595.059720@1]- no drmmode
07-02 19:28:30.181 I/        (    0): [ 3595.059746@1]- is_reset=1
07-02 19:28:30.182 I/        (    0): [ 3595.059772@1]- vdec_init, dev_name:ammvdec_h264, vdec_type=VDEC_TYPE_FRAME_BLOCK  id = 0
07-02 19:28:30.182 D/        (    0): [ 3595.060988@1]- ammvdec_h264_mmu_init tvp = 0x0 mmu_enable 0
07-02 19:28:30.182 D/        (    0): [ 3595.060995@1]- decoder_bmmu_box_alloc_box, tvp_flags = 0
07-02 19:28:30.182 D/[ 3595.061015@1]- 0(    0): ammvdec_h264_probe mmu_enable 0 double_write_mode 0x10
07-02 19:28:30.182 D/[ 3595.062573@1]- 0(    0): ammvdec_h264 mem-addr=0,buff_offset=57200000,buf_start=571f0000
07-02 19:28:30.182 D/        (    0): [ 3595.062616@1]- vdec mux clock is 666666656 Hz
07-02 19:28:30.182 D/        (    0): [ 3595.062621@1]- vdec1 video changed to 3840 x 2160 60 fps clk->667MHZ
07-02 19:28:30.182 W/        (    0): [ 3595.062628@1]- H264 sysinfo: 1280x720 duration=4000, pts_outside=1
07-02 19:28:30.194 D/        (    0): [ 3595.062631@1]- sync_outside=0, use_idr_framerate=0, is_used_v4l: 0
07-02 19:28:30.194 I/        (    0): [ 3595.062800@1]- [TEE], the fw (h264_multi) will be loaded.
07-02 19:28:30.194 D/        (    0): [ 3595.063201@1]- vh264_init, phy_addr=7446e000 vaddr=0000000054f7dd71
07-02 19:28:30.194 D/        (    0): [ 3595.063447@1]- vfm map vdec-map-0 created
07-02 19:28:30.194 I/[ 3595.063468@1]- dim(    0): ch[1]:di_receiver_event_fun,8:_REG
07-02 19:28:30.194 I/[ 3595.063473@1]- dim(    0): reg:vdec.h264.00[137]
07-02 19:28:30.194 I/[ 3595.064036@1]- dim(    0): reg:use[1]ms
07-02 19:28:30.194 E/[ 3595.064062@1]- reg(    0): v4lvideo
07-02 19:28:30.194 I/[ 3595.064069@1]- dim(    0): ch[1]:di_receiver_event_fun,3:_START
07-02 19:28:30.194 D/        (    0): [ 3595.064074@1]- vdec_init, vf_provider_name = vdec.h264.00, b 0
07-02 19:28:30.194 I/        (    0): [ 3595.064986@1]- vdec->port_flag=0x102, port_flag=0x10b
07-02 19:28:30.194 I/        (    0): [ 3595.065103@1]- is_reset=0
07-02 19:28:30.198 I/        (    0): [ 3595.092172@2]- is_reset=1
07-02 19:28:30.200 I/[ 3595.092515@2]- vframe_rate_uevent(    0): sent uevent FRAME_RATE_HINT=0
07-02 19:28:30.201 I/[ 3595.092659@2]- dim(    0): ch[1]:di_receiver_event_fun,1:_UNREG
07-02 19:28:30.201 E/[ 3595.092671@2]- unreg(    0): v4lvideo
07-02 19:28:30.201 I/[ 3595.093274@2]- dim(    0): unreg:use[1]ms
07-02 19:28:30.201 D/        (    0): [ 3595.093307@2]- vdec_disable_DMC input->target= 0x0
07-02 19:28:30.201 D/[ 3595.093426@2]- 0(    0): vh264_stop
07-02 19:28:30.201 D/        (    0): [ 3595.093844@2]- vdec_release instance 000000001cc067de, total 1 id = 0
07-02 19:28:30.201 D/        (    0): [ 3595.094018@2]- the clk_vdec_mux    clock off, ref cnt: 0
07-02 19:28:30.201 D/        (    0): [ 3595.094028@2]- the vdec            clock off, ref cnt: 0
07-02 19:28:30.201 D/        (    0): [ 3595.094032@2]- the parser_top      clock off, ref cnt: 1
07-02 19:28:30.201 D/        (    0): [ 3595.094036@2]- the demux           clock off, ref cnt: 1
07-02 19:28:30.201 D/        (    0): [ 3595.094115@2]- the demux           clock on, ref cnt: 2
07-02 19:28:30.201 D/        (    0): [ 3595.094121@2]- the parser_top      clock on, ref cnt: 2
07-02 19:28:30.201 D/        (    0): [ 3595.094128@2]- the vdec            clock on, ref cnt: 1
07-02 19:28:30.201 D/        (    0): [ 3595.094147@2]- the clk_vdec_mux    clock on, ref cnt: 1
07-02 19:28:30.201 D/        (    0): [ 3595.094178@2]- vdec mux clock is 499999992 Hz
07-02 19:28:30.201 D/        (    0): [ 3595.094594@2]- vdec_create instance 0000000090c1fa01, total 1, PM: legacy
07-02 19:28:30.201 D/        (    0): [ 3595.094649@2]- no drmmode
07-02 19:28:30.201 I/        (    0): [ 3595.094694@2]- is_reset=1
07-02 19:28:30.201 I/        (    0): [ 3595.094724@2]- vdec_init, dev_name:ammvdec_h264, vdec_type=VDEC_TYPE_FRAME_BLOCK  id = 0
07-02 19:28:30.201 D/        (    0): [ 3595.095469@2]- ammvdec_h264_mmu_init tvp = 0x0 mmu_enable 0
07-02 19:28:30.201 D/        (    0): [ 3595.095476@2]- decoder_bmmu_box_alloc_box, tvp_flags = 0
07-02 19:28:30.201 D/[ 3595.095495@2]- 0(    0): ammvdec_h264_probe mmu_enable 0 double_write_mode 0x10
07-02 19:28:30.209 D/[ 3595.098614@3]- 0(    0): ammvdec_h264 mem-addr=0,buff_offset=57200000,buf_start=571f0000
07-02 19:28:30.211 D/        (    0): [ 3595.098658@3]- vdec mux clock is 666666656 Hz
07-02 19:28:30.211 D/        (    0): [ 3595.098664@3]- vdec1 video changed to 3840 x 2160 60 fps clk->667MHZ
07-02 19:28:30.211 W/        (    0): [ 3595.098670@3]- H264 sysinfo: 1280x720 duration=4000, pts_outside=1
07-02 19:28:30.211 D/        (    0): [ 3595.098674@3]- sync_outside=0, use_idr_framerate=0, is_used_v4l: 0
07-02 19:28:30.211 I/        (    0): [ 3595.098851@3]- [TEE], the fw (h264_multi) will be loaded.
07-02 19:28:30.211 D/        (    0): [ 3595.099462@3]- vh264_init, phy_addr=7446e000 vaddr=00000000072d2700
07-02 19:28:30.211 D/        (    0): [ 3595.099743@3]- vfm map vdec-map-0 created
07-02 19:28:30.211 I/[ 3595.099765@3]- dim(    0): ch[1]:di_receiver_event_fun,8:_REG
07-02 19:28:30.211 I/[ 3595.099771@3]- dim(    0): reg:vdec.h264.00[138]
07-02 19:28:30.211 I/[ 3595.100339@3]- dim(    0): reg:use[1]ms
07-02 19:28:30.211 E/[ 3595.100367@3]- reg(    0): v4lvideo
07-02 19:28:30.211 I/[ 3595.100377@3]- dim(    0): ch[1]:di_receiver_event_fun,3:_START
07-02 19:28:30.211 D/        (    0): [ 3595.100382@3]- vdec_init, vf_provider_name = vdec.h264.00, b 0
07-02 19:28:30.211 I/        (    0): [ 3595.101380@3]- vdec->port_flag=0x102, port_flag=0x10b
07-02 19:28:30.211 I/        (    0): [ 3595.101698@3]- is_reset=0
07-02 19:28:30.372 D/[ 3595.267369@0]- 0(    0): AV_SCRATCH_1 = 840e1050, AV_SCRATCH_2 ffa077
07-02 19:28:30.372 D/[ 3595.267441@0]- 0(    0): chroma_format_idc = 1 frame_mbs_only_flag 1, crop_bottom 0,  frame_height 720,
07-02 19:28:30.372 D/[ 3595.267446@0]- 0(    0): mb_height 45,crop_right 0, frame_width 1280, mb_width 80
07-02 19:28:30.372 D/[ 3595.267451@0]- 0(    0): level_idc = 31 pic_size = 1382400 size = 5
07-02 19:28:30.372 D/[ 3595.267457@0]- 0(    0): Warning: max_dec_frame_buffering(4) is less than DPB size(5) calculated from Profile/Level.
07-02 19:28:30.372 D/[ 3595.267462@0]- 0(    0): mb height/widht/total: 30/50/f00 level_idc 1f max_ref_num 4
07-02 19:28:30.372 D/[ 3595.267467@0]- 0(    0): restriction_flag=1, max_dec_frame_buffering=4, dec_dpb_size=6 num_reorder_frames 3 used_reorder_dpb_size_margin 9
07-02 19:28:30.372 D/[ 3595.267473@0]- 0(    0): vh264_set_params active_buf_spec_num 15 dec_dpb_size 6 collocate_buf_num 8
07-02 19:28:30.398 D/[ 3595.291884@2]- 0(    0): num_ref_frames change from 0 to 4
07-02 19:28:30.400 I/[ 3595.295368@0]- dim(    0): value reg:ch[1]:fix_buf:0;ponly <0,0>
07-02 19:28:30.400 I/[ 3595.295381@0]- dim(    0): 1280x720-0x9000.
07-02 19:28:30.400 I/[ 3595.295807@2]- v4lvideo(    0): provider name: vdec.h264.00
07-02 19:28:30.422 D/        (    0): [ 3595.314485@2]- cal_dur_from_pts vstatus 4000 dur3749 -> 3998, revised 4000
07-02 19:28:30.422 I/[ 3595.314760@2]- vframe_rate_uevent(    0): sent uevent FRAME_RATE_HINT=4000
07-02 19:28:32.434 W/[ 3597.329418@1]- RTW(    0): fill_default_txdesc(wlan0): SP Packet(0x0806) rate=0x4 SeqNum = 3615
07-02 19:28:33.834 I/UsageStatsService( 3846): User[0] Flushing usage stats to disk
07-02 19:28:35.351 D/KernelCpuUidUserSysTimeReader( 3846): Removing uids 99001-99001
07-02 19:28:35.554 W/[ 3600.446808@0]- RTW(    0): Turbo EDCA =0x5ea42b
07-02 19:28:37.494 W/[ 3602.389239@3]- RTW(    0): fill_default_txdesc(wlan0): SP Packet(0x0806) rate=0x4 SeqNum = 3895
07-02 19:28:42.565 W/[ 3607.459418@1]- RTW(    0): fill_default_txdesc(wlan0): SP Packet(0x0806) rate=0x4 SeqNum = 214
07-02 19:28:43.622 W/[ 3608.515050@0]- RTW(    0): Turbo EDCA =0x431c
07-02 19:28:43.930 I/UsageStatsService( 3846): User[0] Flushing usage stats to disk
07-02 19:28:44.762 W/[ 3609.654664@3]- healthd(    0): battery l=100 v=4 t=0.0 h=2 st=2 c=1100 fc=10000000 chg=u
07-02 19:28:47.630 W/[ 3612.523205@3]- RTW(    0): fill_default_txdesc(wlan0): SP Packet(0x0806) rate=0x4 SeqNum = 496
07-02 19:28:47.654 W/[ 3612.546781@2]- RTW(    0): Turbo EDCA =0x5ea42b
07-02 19:28:49.666 W/[ 3614.558934@2]- RTW(    0): Turbo EDCA =0x431c
07-02 19:28:51.682 W/[ 3616.575039@1]- RTW(    0): Turbo EDCA =0x5ea42b
07-02 19:28:52.726 W/[ 3617.619089@3]- RTW(    0): fill_default_txdesc(wlan0): SP Packet(0x0806) rate=0x4 SeqNum = 818
07-02 19:28:53.696 W/[ 3618.590811@3]- RTW(    0): Turbo EDCA =0x431c
07-02 19:28:55.714 W/[ 3620.606828@0]- RTW(    0): Turbo EDCA =0x5ea42b
07-02 19:28:57.714 W/[ 3622.607820@0]- RTW(    0): fill_default_txdesc(wlan0): SP Packet(0x0806) rate=0x4 SeqNum = 1090
07-02 19:28:57.727 W/[ 3622.622977@1]- RTW(    0): Turbo EDCA =0x431c
07-02 19:28:59.746 W/[ 3624.638940@0]- RTW(    0): Turbo EDCA =0x5ea42b
07-02 19:29:02.894 W/[ 3627.789208@3]- RTW(    0): fill_default_txdesc(wlan0): SP Packet(0x0806) rate=0x4 SeqNum = 1410
07-02 19:28:54.022 I/chatty  ( 3846): uid=1000(system) android.bg identical 1 line
07-02 19:29:04.112 I/UsageStatsService( 3846): User[0] Flushing usage stats to disk
07-02 19:29:05.271 W/ContextImpl( 5392): Calling a method in the system process without a qualified user: android.app.ContextImpl.sendBroadcast:1111 android.content.ContextWrapper.sendBroadcast:468 com.iwedia.tvinput.engine.ChannelManager.disconnectCA:3912 com.iwedia.tvinput.engine.ChannelManager.access$4300:116 com.iwedia.tvinput.engine.ChannelManager$CaReconnectTask.run:2434 
07-02 19:29:05.316 W/ContextImpl( 5392): Calling a method in the system process without a qualified user: android.app.ContextImpl.sendBroadcast:1111 android.content.ContextWrapper.sendBroadcast:468 com.iwedia.tvinput.engine.ChannelManager.connectCA:3844 com.iwedia.tvinput.engine.ChannelManager.access$5900:116 com.iwedia.tvinput.engine.ChannelManager$CaMessageHandler.handleMessage:4279 
07-02 19:29:05.317 W/ContextImpl( 5799): Calling a method in the system process without a qualified user: android.app.ContextImpl.bindService:1748 android.content.ContextWrapper.bindService:756 com.jio.adc.core.b.d:56 com.jio.adc.core.b.b:13 com.jio.adc.core.b$c.run:7 
07-02 19:29:05.762 W/[ 3630.654584@1]- RTW(    0): fill_default_txdesc(wlan0): SP Packet(0x0806) rate=0x4 SeqNum = 1599
07-02 19:29:05.886 W/[ 3630.782159@0]- RTW(    0): fill_default_txdesc(wlan0): SP Packet(0x0806) rate=0x4 SeqNum = 1610
07-02 19:29:07.954 W/[ 3632.849776@3]- RTW(    0): fill_default_txdesc(wlan0): SP Packet(0x0806) rate=0x4 SeqNum = 1693
07-02 19:29:13.046 W/[ 3637.939555@3]- RTW(    0): fill_default_txdesc(wlan0): SP Packet(0x0806) rate=0x4 SeqNum = 1969
07-02 19:29:14.216 I/UsageStatsService( 3846): User[0] Flushing usage stats to disk
07-02 19:29:17.414 W/        (    0): [ 3642.309799@2]- [0] H264 EOS notify.
07-02 19:29:17.806 I/        (    0): [ 3642.701059@0]- is_reset=1
07-02 19:29:17.810 I/[ 3642.705872@0]- vframe_rate_uevent(    0): sent uevent FRAME_RATE_HINT=0
07-02 19:29:17.810 I/[ 3642.706527@3]- dim(    0): ch[1]:di_receiver_event_fun,1:_UNREG
07-02 19:29:17.810 E/[ 3642.706566@3]- unreg(    0): v4lvideo
07-02 19:29:17.810 I/[ 3642.706623@0]- dim(    0): unreg:2keep[0], msk:[0x0,0x0]
07-02 19:29:17.822 I/[ 3642.717960@3]- dim(    0): unreg:use[11]ms
07-02 19:29:17.822 D/        (    0): [ 3642.717989@3]- vdec_disable_DMC input->target= 0x0
07-02 19:29:17.822 D/[ 3642.718105@3]- 0(    0): vh264_stop
07-02 19:29:17.824 D/        (    0): [ 3642.719394@3]- vdec_release instance 0000000090c1fa01, total 1 id = 0
07-02 19:29:17.824 D/        (    0): [ 3642.719568@3]- the clk_vdec_mux    clock off, ref cnt: 0
07-02 19:29:17.824 D/        (    0): [ 3642.719577@3]- the vdec            clock off, ref cnt: 0
07-02 19:29:17.824 D/        (    0): [ 3642.719582@3]- the parser_top      clock off, ref cnt: 1
07-02 19:29:17.824 D/        (    0): [ 3642.719586@3]- the demux           clock off, ref cnt: 1
07-02 19:29:17.824 D/        (    0): [ 3642.719692@3]- the demux           clock on, ref cnt: 2
07-02 19:29:17.824 D/        (    0): [ 3642.719697@3]- the parser_top      clock on, ref cnt: 2
07-02 19:29:17.824 D/        (    0): [ 3642.719705@3]- the vdec            clock on, ref cnt: 1
07-02 19:29:17.824 D/        (    0): [ 3642.719724@3]- the clk_vdec_mux    clock on, ref cnt: 1
07-02 19:29:17.824 D/        (    0): [ 3642.719754@3]- vdec mux clock is 499999992 Hz
07-02 19:29:17.824 D/        (    0): [ 3642.719925@3]- vdec_create instance 0000000018733f66, total 1, PM: legacy
07-02 19:29:17.824 D/        (    0): [ 3642.719967@3]- no drmmode
07-02 19:29:17.824 I/        (    0): [ 3642.720028@3]- is_reset=1
07-02 19:29:17.824 I/        (    0): [ 3642.720055@3]- vdec_init, dev_name:ammvdec_h264, vdec_type=VDEC_TYPE_FRAME_BLOCK  id = 0
07-02 19:29:17.828 D/        (    0): [ 3642.721517@3]- ammvdec_h264_mmu_init tvp = 0x0 mmu_enable 0
07-02 19:29:17.828 D/        (    0): [ 3642.721525@3]- decoder_bmmu_box_alloc_box, tvp_flags = 0
07-02 19:29:17.828 D/[ 3642.721544@3]- 0(    0): ammvdec_h264_probe mmu_enable 0 double_write_mode 0x10
07-02 19:29:17.828 D/[ 3642.723614@0]- 0(    0): ammvdec_h264 mem-addr=0,buff_offset=57200000,buf_start=571f0000
07-02 19:29:17.828 D/        (    0): [ 3642.723657@0]- vdec mux clock is 666666656 Hz
07-02 19:29:17.828 D/        (    0): [ 3642.723662@0]- vdec1 video changed to 3840 x 2160 60 fps clk->667MHZ
07-02 19:29:17.828 W/        (    0): [ 3642.723668@0]- H264 sysinfo: 1280x720 duration=4000, pts_outside=1
07-02 19:29:17.828 D/        (    0): [ 3642.723672@0]- sync_outside=0, use_idr_framerate=0, is_used_v4l: 0
07-02 19:29:17.828 I/        (    0): [ 3642.723938@0]- [TEE], the fw (h264_multi) will be loaded.
07-02 19:29:17.828 D/        (    0): [ 3642.724261@0]- vh264_init, phy_addr=7446e000 vaddr=00000000d563bf9b
07-02 19:29:17.828 D/        (    0): [ 3642.724519@0]- vfm map vdec-map-0 created
07-02 19:29:17.828 I/[ 3642.724539@0]- dim(    0): ch[1]:di_receiver_event_fun,8:_REG
07-02 19:29:17.828 I/[ 3642.724544@0]- dim(    0): reg:vdec.h264.00[139]
07-02 19:29:17.828 I/[ 3642.724667@0]- dim(    0): reg:use[0]ms
07-02 19:29:17.828 E/[ 3642.724684@0]- reg(    0): v4lvideo
07-02 19:29:17.828 I/[ 3642.724692@0]- dim(    0): ch[1]:di_receiver_event_fun,3:_START
07-02 19:29:17.828 D/        (    0): [ 3642.724697@0]- vdec_init, vf_provider_name = vdec.h264.00, b 0
07-02 19:29:17.833 I/        (    0): [ 3642.727444@0]- vdec->port_flag=0x102, port_flag=0x10b
07-02 19:29:17.835 I/        (    0): [ 3642.727563@0]- is_reset=0
07-02 19:29:17.846 I/[ 3642.736337@0]- vframe_rate_uevent(    0): sent uevent FRAME_RATE_HINT=0
07-02 19:29:17.846 I/[ 3642.736471@0]- dim(    0): ch[1]:di_receiver_event_fun,1:_UNREG
07-02 19:29:17.846 E/[ 3642.736485@0]- unreg(    0): v4lvideo
07-02 19:29:17.846 I/[ 3642.738820@0]- dim(    0): unreg:use[2]ms
07-02 19:29:17.846 D/        (    0): [ 3642.738852@0]- vdec_disable_DMC input->target= 0x0
07-02 19:29:17.846 D/[ 3642.738974@0]- 0(    0): vh264_stop
07-02 19:29:17.846 D/        (    0): [ 3642.739506@0]- vdec_release instance 0000000018733f66, total 1 id = 0
07-02 19:29:17.846 D/        (    0): [ 3642.739746@0]- the clk_vdec_mux    clock off, ref cnt: 0
07-02 19:29:17.846 D/        (    0): [ 3642.739756@0]- the vdec            clock off, ref cnt: 0
07-02 19:29:17.846 D/        (    0): [ 3642.739760@0]- the parser_top      clock off, ref cnt: 1
07-02 19:29:17.846 D/        (    0): [ 3642.739764@0]- the demux           clock off, ref cnt: 1
07-02 19:29:17.846 D/        (    0): [ 3642.739789@0]d v4lvideo_release_map 0 OK
07-02 19:29:17.846 D/[ 3642.739902@0]- v4lvid(    0): dbg: vidioc_close!!!!
07-02 19:29:17.846 I/[ 3642.741116@0]- resman(    0): 98 release [codec_mm]
07-02 19:29:17.858 I/[ 3642.752750@0]- resman(    0): 99 appname:OMX-74, type=0
07-02 19:29:17.926 I/[ 3642.821542@3]- resman(    0): 99 acquire [codec_mm], preempt yes
07-02 19:29:17.926 I/[ 3642.821553@3]- resman(    0): 99 score 30 secure no
07-02 19:29:17.926 I/[ 3642.821558@3]- resman(    0): 99 acquire [codec_mm] success
07-02 19:29:17.926 D/        (    0): [ 3642.821595@3]- the demux           clock on, ref cnt: 2
07-02 19:29:17.926 D/        (    0): [ 3642.821600@3]- the parser_top      clock on, ref cnt: 2
07-02 19:29:17.926 D/        (    0): [ 3642.821610@3]- the vdec            clock on, ref cnt: 1
07-02 19:29:17.926 D/        (    0): [ 3642.821633@3]- the clk_vdec_mux    clock on, ref cnt: 1
07-02 19:29:17.926 D/        (    0): [ 3642.821665@3]- vdec mux clock is 499999992 Hz
07-02 19:29:17.926 D/        (    0): [ 3642.821841@3]- vdec_create instance 000000001a9ae85a, total 1, PM: legacy
07-02 19:29:17.926 D/        (    0): [ 3642.821876@3]- no drmmode
07-02 19:29:17.926 I/        (    0): [ 3642.821906@3]- is_reset=0
07-02 19:29:17.926 I/        (    0): [ 3642.821931@3]- vdec_init, dev_name:ammvdec_h264, vdec_type=VDEC_TYPE_FRAME_BLOCK  id = 0
07-02 19:29:17.926 D/        (    0): [ 3642.822834@3]- ammvdec_h264_mmu_init tvp = 0x0 mmu_enable 0
07-02 19:29:17.926 D/        (    0): [ 3642.822841@3]- decoder_bmmu_box_alloc_box, tvp_flags = 0
07-02 19:29:17.926 D/[ 3642.822859@3]- 0(    0): ammvdec_h264_probe mmu_enable 0 double_write_mode 0x10
07-02 19:29:17.929 D/[ 3642.825273@1]- 0(    0): ammvdec_h264 mem-addr=0,buff_offset=57200000,buf_start=571f0000
07-02 19:29:17.929 D/        (    0): [ 3642.825319@1]- vdec mux clock is 666666656 Hz
07-02 19:29:17.930 D/        (    0): [ 3642.825325@1]- vdec1 video changed to 3840 x 2160 60 fps clk->667MHZ
07-02 19:29:17.930 W/        (    0): [ 3642.825331@1]- H264 sysinfo: 1280x720 duration=3200, pts_outside=1
07-02 19:29:17.930 D/        (    0): [ 3642.825335@1]- sync_outside=0, use_idr_framerate=0, is_used_v4l: 0
07-02 19:29:17.930 I/        (    0): [ 3642.825406@1]- [TEE], the fw (h264_multi) will be loaded.
07-02 19:29:17.930 D/        (    0): [ 3642.826244@3]- vh264_init, phy_addr=7446e000 vaddr=0000000046cf760e
07-02 19:29:17.934 D/        (    0): [ 3642.826959@3]- vfm map vdec-map-0 created
07-02 19:29:17.934 I/[ 3642.826982@3]- dim(    0): ch[1]:di_receiver_event_fun,8:_REG
07-02 19:29:17.934 I/[ 3642.826988@3]- dim(    0): reg:vdec.h264.00[140]
07-02 19:29:17.934 I/[ 3642.828425@3]- dim(    0): reg:use[2]ms
07-02 19:29:17.934 E/[ 3642.828464@3]- reg(    0): v4lvideo
07-02 19:29:17.934 I/[ 3642.828473@3]- dim(    0): ch[1]:di_receiver_event_fun,3:_START
07-02 19:29:17.934 D/        (    0): [ 3642.828479@3]- vdec_init, vf_provider_name = vdec.h264.00, b 0
07-02 19:29:17.934 W/[ 3642.829909@1]- RTW(    0): fill_default_txdesc(wlan0): SP Packet(0x0806) rate=0x4 SeqNum = 2428
07-02 19:29:17.938 I/        (    0): [ 3642.832876@3]- vdec->port_flag=0x102, port_flag=0x10b
07-02 19:29:17.941 D/[ 3642.836538@3]- v4lvid(    0): dbg: v4lvideo open
07-02 19:29:17.962 D/[ 3642.855180@1]- 0(    0): AV_SCRATCH_1 = 860e1050, AV_SCRATCH_2 1a023
07-02 19:29:17.962 D/[ 3642.855234@1]- 0(    0): chroma_format_idc = 1 frame_mbs_only_flag 1, crop_bottom 0,  frame_height 720,
07-02 19:29:17.962 D/[ 3642.855239@1]- 0(    0): mb_height 45,crop_right 0, frame_width 1280, mb_width 80
07-02 19:29:17.962 D/[ 3642.855244@1]- 0(    0): level_idc = 40 pic_size = 1382400 size = 9
07-02 19:29:17.963 D/[ 3642.855249@1]- 0(    0): Warning: max_dec_frame_buffering(6) is less than DPB size(9) calculated from Profile/Level.
07-02 19:29:17.963 D/[ 3642.855254@1]- 0(    0): mb height/widht/total: 30/50/f00 level_idc 28 max_ref_num 6
07-02 19:29:17.963 D/[ 3642.855260@1]- 0(    0): restriction_flag=1, max_dec_frame_buffering=6, dec_dpb_size=8 num_reorder_frames 2 used_reorder_dpb_size_margin 9
07-02 19:29:17.963 D/[ 3642.855265@1]- 0(    0): vh264_set_params active_buf_spec_num 17 dec_dpb_size 8 collocate_buf_num 10
07-02 19:29:17.990 D/[ 3642.885312@3]- 0(    0): num_ref_frames change from 0 to 6
07-02 19:29:17.993 I/[ 3642.888745@0]- dim(    0): value reg:ch[1]:fix_buf:0;ponly <0,0>
07-02 19:29:17.993 I/[ 3642.888759@0]- dim(    0): 1280x720-0x9000.
07-02 19:29:17.993 I/[ 3642.888866@2]- v4lvideo(    0): provider name: vdec.h264.00
07-02 19:29:18.017 D/        (    0): [ 3642.902198@3]- cal_dur_from_pts vstatus 3840 dur3600 -> 3840, revised 3840
07-02 19:29:18.017 I/[ 3642.902483@3]- vframe_rate_uevent(    0): sent uevent FRAME_RATE_HINT=3840
07-02 19:29:19.330 W/[ 3644.222625@0]- RTW(    0): fill_default_txdesc(wlan0): SP Packet(0x0806) rate=0x4 SeqNum = 2776
07-02 19:29:19.906 W/[ 3644.798810@2]- RTW(    0): Turbo EDCA =0x431c
07-02 19:29:21.823 W/[ 3646.716523@0]- audit(    0): audit_lost=1641 audit_rate_limit=5 audit_backlog_limit=64
07-02 19:29:21.823 E/[ 3646.716604@0]- audit(    0): rate limit exceeded
07-02 19:29:21.919 W/[ 3646.814804@1]- RTW(    0): Turbo EDCA =0x5ea42b
07-02 19:29:22.166 W/[ 3647.060246@0]- RTW(    0): fill_default_txdesc(wlan0): SP Packet(0x0806) rate=0x4 SeqNum = 2975
07-02 19:29:23.186 W/[ 3648.080092@0]- audit(    0): audit_lost=1655 audit_rate_limit=5 audit_backlog_limit=64
07-02 19:29:23.186 E/[ 3648.080100@0]- audit(    0): rate limit exceeded
07-02 19:29:23.942 W/[ 3648.834837@3]- RTW(    0): Turbo EDCA =0x431c
07-02 19:29:24.226 W/[ 3649.121403@1]- audit(    0): audit_lost=1685 audit_rate_limit=5 audit_backlog_limit=64
07-02 19:29:24.226 E/[ 3649.121411@1]- audit(    0): rate limit exceeded
07-02 19:29:25.258 W/[ 3650.152746@1]- audit(    0): audit_lost=1709 audit_rate_limit=5 audit_backlog_limit=64
07-02 19:29:25.258 E/[ 3650.152754@1]- audit(    0): rate limit exceeded
07-02 19:29:25.952 W/[ 3650.846837@1]- RTW(    0): Turbo EDCA =0x5ea42b
07-02 19:29:27.226 W/[ 3652.121965@3]- RTW(    0): fill_default_txdesc(wlan0): SP Packet(0x0806) rate=0x4 SeqNum = 3415
07-02 19:29:27.970 W/[ 3652.862837@1]- RTW(    0): Turbo EDCA =0x431c
07-02 19:29:29.106 W/[ 3654.000247@3]- audit(    0): audit_lost=1729 audit_rate_limit=5 audit_backlog_limit=64
07-02 19:29:29.106 E/[ 3654.000258@3]- audit(    0): rate limit exceeded
07-02 19:29:29.986 W/[ 3654.878786@1]- RTW(    0): Turbo EDCA =0x5ea42b
07-02 19:29:24.332 I/UsageStatsService( 3846): User[0] Flushing usage stats to disk
07-02 19:29:30.902 D/AutofillManagerService( 3846): onBackKeyPressed()
07-02 19:29:30.967 I/        (    0): [ 3655.850904@1]- is_reset=1
07-02 19:29:30.967 I/[ 3655.851517@1]- vframe_rate_uevent(    0): sent uevent FRAME_RATE_HINT=0
07-02 19:29:30.969 I/[ 3655.854314@3]- dim(    0): ch[1]:di_receiver_event_fun,1:_UNREG
07-02 19:29:30.969 E/[ 3655.854354@3]- unreg(    0): v4lvideo
07-02 19:29:30.969 I/[ 3655.854420@1]- dim(    0): unreg:2keep[0], msk:[0x0,0x0]
07-02 19:29:30.971 I/[ 3655.867211@1]- dim(    0): unreg:use[13]ms
07-02 19:29:30.971 D/        (    0): [ 3655.867244@1]- vdec_disable_DMC input->target= 0x0
07-02 19:29:30.971 D/[ 3655.867386@1]- 0(    0): vh264_stop
07-02 19:29:30.977 D/        (    0): [ 3655.869458@1]- vdec_release instance 000000001a9ae85a, total 1 id = 0
07-02 19:29:30.977 D/        (    0): [ 3655.869661@1]- the clk_vdec_mux    clock off, ref cnt: 0
07-02 19:29:30.977 D/        (    0): [ 3655.869672@1]- the vdec            clock off, ref cnt: 0
07-02 19:29:30.977 D/        (    0): [ 3655.869677@1]- the parser_top      clock off, ref cnt: 1
07-02 19:29:30.977 D/        (    0): [ 3655.869680@1]- the demux           clock off, ref cnt: 1
07-02 19:29:30.977 D/        (    0): [ 3655.869786@1]- the demux           clock on, ref cnt: 2
07-02 19:29:30.977 D/        (    0): [ 3655.869792@1]- the parser_top      clock on, ref cnt: 2
07-02 19:29:30.977 D/        (    0): [ 3655.869800@1]- the vdec            clock on, ref cnt: 1
07-02 19:29:30.977 D/        (    0): [ 3655.869820@1]- the clk_vdec_mux    clock on, ref cnt: 1
07-02 19:29:30.977 D/        (    0): [ 3655.869854@1]- vdec mux clock is 499999992 Hz
07-02 19:29:30.977 D/        (    0): [ 3655.870092@1]- vdec_create instance 00000000b3385107, total 1, PM: legacy
07-02 19:29:30.977 D/        (    0): [ 3655.870139@1]- no drmmode
07-02 19:29:30.978 I/        (    0): [ 3655.870207@1]- is_reset=1
07-02 19:29:30.978 I/        (    0): [ 3655.870236@1]- vdec_init, dev_name:ammvdec_h264, vdec_type=VDEC_TYPE_FRAME_BLOCK  id = 0
07-02 19:29:30.978 D/        (    0): [ 3655.871426@1]- ammvdec_h264_mmu_init tvp = 0x0 mmu_enable 0
07-02 19:29:30.978 D/        (    0): [ 3655.871434@1]- decoder_bmmu_box_alloc_box, tvp_flags = 0
07-02 19:29:30.978 D/[ 3655.871453@1]- 0(    0): ammvdec_h264_probe mmu_enable 0 double_write_mode 0x10
07-02 19:29:30.978 D/[ 3655.872628@2]- 0(    0): ammvdec_h264 mem-addr=0,buff_offset=57200000,buf_start=571f0000
07-02 19:29:30.978 D/        (    0): [ 3655.872669@2]- vdec mux clock is 666666656 Hz
07-02 19:29:30.978 D/        (    0): [ 3655.872674@2]- vdec1 video changed to 3840 x 2160 60 fps clk->667MHZ
07-02 19:29:30.978 W/        (    0): [ 3655.872681@2]- H264 sysinfo: 1280x720 duration=3200, pts_outside=1
07-02 19:29:30.978 D/        (    0): [ 3655.872685@2]- sync_outside=0, use_idr_framerate=0, is_used_v4l: 0
07-02 19:29:30.978 I/        (    0): [ 3655.872755@2]- [TEE], the fw (h264_multi) will be loaded.
07-02 19:29:30.978 D/        (    0): [ 3655.874263@2]- vh264_init, phy_addr=7446e000 vaddr=00000000ca73b5c8
07-02 19:29:30.981 D/        (    0): [ 3655.874640@2]- vfm map vdec-map-0 created
07-02 19:29:30.981 I/[ 3655.874662@2]- dim(    0): ch[1]:di_receiver_event_fun,8:_REG
07-02 19:29:30.981 I/[ 3655.874667@2]- dim(    0): reg:vdec.h264.00[141]
07-02 19:29:30.994 I/[ 3655.875226@0]- dim(    0): reg:use[1]ms
07-02 19:29:30.994 E/[ 3655.875253@0]- reg(    0): v4lvideo
07-02 19:29:30.994 I/[ 3655.875262@0]- dim(    0): ch[1]:di_receiver_event_fun,3:_START
07-02 19:29:30.994 D/        (    0): [ 3655.875268@0]- vdec_init, vf_provider_name = vdec.h264.00, b 0
07-02 19:29:30.994 I/        (    0): [ 3655.876280@0]- vdec->port_flag=0x102, port_flag=0x10b
07-02 19:29:30.994 I/        (    0): [ 3655.876403@0]- is_reset=0
07-02 19:29:31.004 I/        (    0): [ 3655.895943@3]- is_reset=1
07-02 19:29:31.005 I/[ 3655.896600@3]- vframe_rate_uevent(    0): sent uevent FRAME_RATE_HINT=0
07-02 19:29:31.005 I/[ 3655.896736@3]- dim(    0): ch[1]:di_receiver_event_fun,1:_UNREG
07-02 19:29:31.005 E/[ 3655.896749@3]- unreg(    0): v4lvideo
07-02 19:29:31.005 I/[ 3655.897309@3]- dim(    0): unreg:use[1]ms
07-02 19:29:31.005 D/        (    0): [ 3655.897342@3]- vdec_disable_DMC input->target= 0x0
07-02 19:29:31.005 D/[ 3655.897462@3]- 0(    0): vh264_stop
07-02 19:29:31.005 D/        (    0): [ 3655.897930@3]- vdec_release instance 00000000b3385107, total 1 id = 0
07-02 19:29:31.005 D/        (    0): [ 3655.898093@3]- the clk_vdec_mux    clock off, ref cnt: 0
07-02 19:29:31.005 D/        (    0): [ 3655.898102@3]- the vdec            clock off, ref cnt: 0
07-02 19:29:31.005 D/        (    0): [ 3655.898106@3]- the parser_top      clock off, ref cnt: 1
07-02 19:29:31.005 D/        (    0): [ 3655.898110@3]- the demux           clock off, ref cnt: 1
07-02 19:29:31.005 D/        (    0): [ 3655.898173@3]- the demux           clock on, ref cnt: 2
07-02 19:29:31.005 D/        (    0): [ 3655.898178@3]- the parser_top      clock on, ref cnt: 2
07-02 19:29:31.005 D/        (    0): [ 3655.898184@3]- the vdec            clock on, ref cnt: 1
07-02 19:29:31.005 D/        (    0): [ 3655.898202@3]- the clk_vdec_mux    clock on, ref cnt: 1
07-02 19:29:31.005 D/        (    0): [ 3655.898235@3]- vdec mux clock is 499999992 Hz
07-02 19:29:31.005 D/        (    0): [ 3655.898421@3]- vdec_create instance 000000008bb2010e, total 1, PM: legacy
07-02 19:29:31.005 D/        (    0): [ 3655.898515@3]- no drmmode
