--------- beginning of kernel
06-19 14:42:15.787 W/[   33.997982@1]- RTW(    0): rtl8822b_hal_init Download Firmware from array success
06-19 14:42:15.795 W/[   33.997993@1]- RTW(    0): NIC FW Version:30 SubVersion:20 FW size:161240
06-19 14:42:15.799 W/[   34.002658@3]- RTW(    0): rtl8822b_mac_verify successful
06-19 14:42:15.816 W/[   34.023788@1]- RTW(    0): txpath=0x3, rxpath=0x3
06-19 14:42:17.226 W/[   34.023796@1]- RTW(    0): txpath_1ss:0x1, num:1
06-19 14:42:17.226 W/[   34.023800@1]- RTW(    0): txpath_2ss:0x3, num:2
06-19 14:42:17.226 W/[   34.080220@1]- RTW(    0): is_valid_id_status: HALMAC_FEATURE_DUMP_PHYSICAL_EFUSE
06-19 14:42:17.251 W/[   34.080313@1]- RTW(    0): is_valid_id_status: HALMAC_FEATURE_DUMP_PHYSICAL_EFUSE
06-19 14:42:17.251 W/[   34.081695@3]- RTW(    0): is_valid_id_status: HALMAC_FEATURE_DUMP_PHYSICAL_EFUSE
06-19 14:42:17.251 W/        (    0): [   34.088529@3]- start_addr=(0x20000), end_addr=(0x40000), buffer_size=(0x20000), smp_number_max=(16384)
06-19 14:42:17.251 W/[   34.097718@1]- RTW(    0): rtw_hal_set_default_port_id_cmd (wlan0) port_id :0, mad_id:0
06-19 14:42:17.251 W/[   34.107075@1]- RTW(    0): rtw_hal_set_wifi_btc_port_id_cmd (wlan0) - hw_port :0
06-19 14:42:17.251 W/[   34.107470@0]- RTW(    0): ERROR rtl8822b_c2h_handler_no_io: C2H(9) enqueue FAIL!
06-19 14:42:17.251 W/[   34.108707@1]- RTW(    0): rtl8822b_init_misc: AMPDU agg retry with new/break when rate fall back: true / true
06-19 14:42:17.251 W/[   34.108720@1]- RTW(    0): rtw_hal_set_macaddr_port wlan0- hw port(0) mac_addr =2c:73:60:db:c0:84
06-19 14:42:17.251 W/[   34.108919@1]- RTW(    0): rtw_hal_set_macaddr_port p2p0- hw port(1) mac_addr =2e:73:60:db:c0:84
06-19 14:42:17.251 W/[   34.110074@3]- RTW(    0): [HW_VAR_ENABLE_RX_BAR] 0x6A2=0x100
06-19 14:42:17.251 W/[   34.142281@3]- RTW(    0): wlan0: hw_port(0) will set mode to 2
06-19 14:42:17.251 W/[   34.142746@3]- RTW(    0): set_opmode_port0(wlan0): hw_port(0) mode=2
06-19 14:42:17.251 W/[   34.147541@3]- RTW(    0): rtw_dyn_soml_config.
06-19 14:42:17.251 W/[   34.147549@3]- RTW(    0): rtw_dyn_soml_para_set.
06-19 14:42:17.251 W/[   34.147553@3]- RTW(    0): dyn_soml_en = 1
06-19 14:42:17.251 W/[   34.147558@3]- RTW(    0): rtw_hal_init: padapter->registrypriv.set_rrsr_value=0xffffffff
06-19 14:42:17.251 W/[   34.147566@3]- RTW(    0): <===  rtw_ips_pwr_up.............. in 1264ms
06-19 14:42:17.251 W/[   34.147570@3]- RTW(    0): nolinked power save leave
06-19 14:42:17.251 W/[   34.147639@3]- RTW(    0): ==> ips_leave.....LED(0x01628282)...
06-19 14:42:17.251 W/[   34.158099@3]- RTW(    0): ssid=Airtel_Allwyn parmar, len=20
06-19 14:42:17.251 W/[   34.158106@3]- RTW(    0): bssid=60:bd:2c:c2:fe:bd
06-19 14:42:17.251 W/[   34.158110@3]- RTW(    0): rtw_cfg80211_set_wpa_version, wpa_version=2
06-19 14:42:17.251 W/[   34.158114@3]- RTW(    0): rtw_cfg80211_set_auth_type, nl80211_auth_type=0
06-19 14:42:17.251 W/[   34.158118@3]- RTW(    0): cfg80211_rtw_connect, ie_len=56
06-19 14:42:17.251 W/[   34.158123@3]- RTW(    0): set wpa_ie(length:56):
06-19 14:42:17.251 W/[   34.158127@3]- RTW(    0): 30 14 01 00  00 0F AC 02  01 00 00 0F  AC 04 01 00
06-19 14:42:17.251 W/[   34.158179@3]- RTW(    0): 00 0F AC 02  80 00 7F 0A  00 00 0A 02  00 40 00 00
06-19 14:42:17.251 W/[   34.158229@3]- RTW(    0): 00 01 3B 14  80 51 53 54  73 74 75 76  77 78 79 7A
06-19 14:42:17.353 W/[   34.158307@3]- RTW(    0): 7B 7C 7D 7E  7F 80 81 82
06-19 14:42:17.353 W/[   34.158340@3]- RTW(    0): got wpa2_ie, wpa2_ielen:20
06-19 14:42:17.353 W/[   34.158906@3]- RTW(    0): rtw_cfg80211_set_cipher, ucast=1, cipher=0xfac04
06-19 14:42:17.353 W/[   34.158912@3]- RTW(    0): rtw_cfg80211_set_cipher, ucast=0, cipher=0xfac02
06-19 14:42:17.353 W/[   34.158917@3]- RTW(    0): rtw_cfg80211_set_key_mgt, key_mgt=0xfac02
06-19 14:42:17.353 W/[   34.158926@3]s RTW(    0): rtw_set_802_11_connect(wlan0)  fw_state=0x00000008
06-19 14:42:17.353 W/[   34.158943@3]s RTW(    0): [by_bssid:1][assoc_ssid:Airtel_Allwyn parmar][to_roam:0] new candidate: Airtel_Allwyn parmar(60:bd:2c:c2:fe:bd, ch36) rssi:-42
06-19 14:42:17.353 W/[   34.158950@3]s RTW(    0): rtw_select_and_join_from_scanned_queue: candidate: Airtel_Allwyn parmar(60:bd:2c:c2:fe:bd, ch:36)
06-19 14:42:17.353 W/[   34.158956@3]s RTW(    0): link to Ralink AP
06-19 14:42:17.353 W/[   34.158967@3]s RTW(    0): [HT] HAL Support LDPC = 0x03
06-19 14:42:17.353 W/[   34.158970@3]s RTW(    0): [HT] HAL Support STBC = 0x01
06-19 14:42:17.353 W/[   34.158976@3]s RTW(    0): [HT] Declare supporting RX LDPC
06-19 14:42:17.353 W/[   34.158984@3]s RTW(    0): rtw_restructure_ht_ie IEEE80211_HT_CAP_MAX_AMSDU is set
06-19 14:42:17.353 W/[   34.158988@3]s RTW(    0): [VHT] Support LDPC = 0x03
06-19 14:42:17.353 W/[   34.158990@3]s RTW(    0): [VHT] Support STBC = 0x03
06-19 14:42:17.356 W/[   34.158992@3]s RTW(    0): [VHT] Support Beamformee
06-19 14:42:17.356 W/[   34.158994@3]s RTW(    0): [VHT] Support MU-MIMO STA
06-19 14:42:17.356 W/[   34.159001@3]s RTW(    0): rtw_build_vht_cap_ie, line818, Set MAX MPDU len = 11454 bytes
06-19 14:42:17.356 W/[   34.159003@3]s RTW(    0): [VHT] Declare supporting RX LDPC
06-19 14:42:17.356 W/[   34.159005@3]s RTW(    0): [VHT] Declare supporting SGI 80MHz
06-19 14:42:17.356 W/[   34.159007@3]s RTW(    0): [VHT] Declare supporting TX STBC
06-19 14:42:17.356 W/[   34.159009@3]s RTW(    0): [VHT] Declare supporting RX STBC = 1
06-19 14:42:17.356 W/[   34.159010@3]s RTW(    0): [VHT] Declare supporting SU Bfee
06-19 14:42:17.356 W/[   34.159012@3]s RTW(    0): [VHT] Declare supporting MU Bfee
06-19 14:42:17.356 W/[   34.159025@3]- RTW(    0): set ssid:dot11AuthAlgrthm=2, dot11PrivacyAlgrthm=4, dot118021XGrpPrivacy=2
06-19 14:42:17.356 W/[   34.159030@3]- RTW(    0): <=cfg80211_rtw_connect, ret 0
06-19 14:42:17.356 W/[   34.166747@0]- RTW(    0): rtw_chk_start_clnt_join(wlan0) req: 36,2,1
06-19 14:42:17.356 W/[   34.166756@0]- RTW(    0): rtw_chk_start_clnt_join(wlan0) others ld_sta_num:0, ap_num:0, mesh_num:0
06-19 14:42:17.360 W/[   34.166764@0]- RTW(    0): rtw_dfs_rd_en_decision(wlan0) needed:0, mlme_act:6, excl_ifbmp:0x00
06-19 14:42:17.360 W/[   34.166769@0]- RTW(    0): rtw_dfs_rd_en_decision(wlan0) ld_sta_num:0, lg_sta_num:1, ap_num:0, mesh_num:0, 36,2,1
06-19 14:42:17.360 W/[   34.166774@0]- RTW(    0): rtw_chk_start_clnt_join(wlan0) union: 36,2,1
06-19 14:42:17.360 W/[   34.167730@3]- RTW(    0): rtw_hal_set_bssid wlan0- hw port -0 BSSID: 60:bd:2c:c2:fe:bd
06-19 14:42:17.360 W/[   34.280591@1]- RTW(    0): is_valid_id_status: HALMAC_FEATURE_IQK
06-19 14:42:17.360 W/[   34.336768@1]- RTW(    0): OnBeacon: beacon keys ready
06-19 14:42:17.360 W/[   34.336777@1]- RTW(    0): link to Ralink AP
06-19 14:42:17.360 W/[   34.336783@1]- RTW(    0): start auth
06-19 14:42:17.360 W/[   34.336796@1]- RTW(    0): issue_auth
06-19 14:42:17.360 W/[   34.339384@1]- RTW(    0): OnAction_back
06-19 14:42:17.360 W/[   34.339575@1]- RTW(    0): OnAction_back
06-19 14:42:17.360 W/[   34.339712@1]- RTW(    0): OnAuthClient
06-19 14:42:17.360 W/[   34.339717@1]- RTW(    0): auth success, start assoc
06-19 14:42:17.360 W/[   34.339738@1]- RTW(    0): network.SupportedRates[0]=8C
06-19 14:42:17.360 W/[   34.339741@1]- RTW(    0): network.SupportedRates[1]=12
06-19 14:42:17.360 W/[   34.339745@1]- RTW(    0): network.SupportedRates[2]=98
06-19 14:42:17.360 W/[   34.339749@1]- RTW(    0): network.SupportedRates[3]=24
06-19 14:42:17.360 W/[   34.339752@1]- RTW(    0): network.SupportedRates[4]=B0
06-19 14:42:17.360 W/[   34.339756@1]- RTW(    0): network.SupportedRates[5]=48
06-19 14:42:17.360 W/[   34.339759@1]- RTW(    0): network.SupportedRates[6]=60
06-19 14:42:17.360 W/[   34.339762@1]- RTW(    0): network.SupportedRates[7]=6C
06-19 14:42:17.360 W/[   34.339766@1]- RTW(    0): bssrate_len = 8
06-19 14:42:17.360 W/[   34.339969@1]- RTW(    0): OnAction_back
06-19 14:42:17.360 W/[   34.340700@1]- RTW(    0): OnAction_back
06-19 14:42:17.360 W/[   34.340886@1]- RTW(    0): OnAction_back
06-19 14:42:17.360 W/[   34.341066@1]- RTW(    0): OnAction_back
06-19 14:42:17.360 W/[   34.342286@1]- RTW(    0): OnAssocRsp
06-19 14:42:17.360 W/[   34.342299@1]- RTW(    0): Enable HT Tx LDPC!
06-19 14:42:17.360 W/[   34.342305@1]- RTW(    0): Current VHT LDPC Setting = 0A
06-19 14:42:17.360 W/[   34.342308@1]- RTW(    0): Current VHT STBC Setting = 0A
06-19 14:42:17.360 W/[   34.342312@1]- RTW(    0): Current VHT Beamforming Setting=0x0302
06-19 14:42:17.360 W/[   34.342322@1]- RTW(    0): report_join_res(1, 0)
06-19 14:42:17.361 W/[   34.342337@1]s RTW(    0): rtw_joinbss_update_network
06-19 14:42:17.361 W/[   34.342347@1]s RTW(    0): +rtw_update_ht_cap()
06-19 14:42:17.361 W/[   34.342363@1]s RTW(    0): rtw_alloc_macid(wlan0) if1, mac_addr:60:bd:2c:c2:fe:bd macid:0
06-19 14:42:17.361 W/[   34.342365@1]s RTW(    0): rtw_joinbss_update_stainfo
06-19 14:42:17.361 W/[   34.342372@1]s RTW(    0): rtw_get_sta_tx_nss: 2 SS
06-19 14:42:17.361 W/[   34.342374@1]s RTW(    0): rtw_get_sta_rx_nss: 2 ss
06-19 14:42:17.361 W/[   34.342377@1]s RTW(    0): STA - MAC_ID:0, Tx - 2 SS, Rx - 2 SS
06-19 14:42:17.361 W/[   34.342379@1]s RTW(    0): STA - MAC_ID:0, SM_PS 3
06-19 14:42:17.361 W/[   34.342383@1]s RTW(    0): vht_mcs_map=fa ff, nss=2 => bitmap=00000000000fffff
06-19 14:42:17.361 W/[   34.342387@1]s RTW(    0): ### Set STA_(0) info ###
06-19 14:42:17.361 W/[   34.342395@1]s RTW(    0): rtw_xmit_queue_set(wlan0): enable queue TX for macid=0
06-19 14:42:17.361 W/[   34.342399@1]s RTW(    0): rtw_cfg80211_indicate_connect(wlan0)
06-19 14:42:17.361 W/[   34.342479@1]s RTW(    0): assoc success
06-19 14:42:17.361 W/[   34.342594@2]- RTW(    0): OnAction_back
06-19 14:42:17.361 W/[   34.342599@2]- RTW(    0): OnAction_back, action=2
06-19 14:42:17.361 W/[   34.342604@2]- RTW(    0): OnAction_back(): DELBA: 0(27)
06-19 14:42:17.361 W/[   34.342672@3]- RTW(    0): rtw_set_rts_bw connect_to_8812=0,enable=1
06-19 14:42:17.361 W/[   34.342729@1]- RTW(    0): rtw_ndev_notifier_call(wlan0) state:4
06-19 14:42:17.361 W/[   34.344741@2]- RTW(    0): OnAction_back
06-19 14:42:17.417 W/[   34.344750@2]- RTW(    0): OnAction_back, action=2
06-19 14:42:17.417 W/[   34.344754@2]- RTW(    0): OnAction_back(): DELBA: 0(27)
06-19 14:42:17.417 W/[   34.346662@0]- RTW(    0): HW_VAR_BASIC_RATE: 0x150->0x150->0x150
06-19 14:42:17.417 W/[   34.354397@2]- RTW(    0): WMM(0): 0, a42b
06-19 14:42:17.417 W/[   34.354766@2]- RTW(    0): WMM(1): 0, a44f
06-19 14:42:17.417 W/[   34.354903@2]- RTW(    0): WMM(2): 0, 5e4322
06-19 14:42:17.417 W/[   34.355024@1]- RTW(    0): WMM(3): 0, 2f3222
06-19 14:42:17.417 W/[   34.355030@1]- RTW(    0): wmm_para_seq(0): 0
06-19 14:42:17.417 W/[   34.355034@1]- RTW(    0): wmm_para_seq(1): 1
06-19 14:42:17.434 W/[   34.355037@1]- RTW(    0): wmm_para_seq(2): 2
06-19 14:42:17.434 W/[   34.355040@1]- RTW(    0): wmm_para_seq(3): 3
06-19 14:42:17.434 W/[   34.355142@2]- RTW(    0): HTOnAssocRsp
06-19 14:42:17.434 W/[   34.355233@2]- RTW(    0): VHTOnAssocRsp
06-19 14:42:17.434 W/[   34.358112@1]- RTW(    0): ============ STA [60:bd:2c:c2:fe:bd]  ===================
06-19 14:42:17.434 W/[   34.358118@1]- RTW(    0): mac_id : 0
06-19 14:42:17.434 W/[   34.358122@1]- RTW(    0): wireless_mode : 0x44
06-19 14:42:17.434 W/[   34.358125@1]- RTW(    0): mimo_type : 2
06-19 14:42:17.434 W/[   34.358128@1]- RTW(    0): static smps : N
06-19 14:42:17.434 W/[   34.358133@1]- RTW(    0): bw_mode : 80MHz, ra_bw_mode : 80MHz
06-19 14:42:17.434 W/[   34.358136@1]- RTW(    0): rate_id : 9
06-19 14:42:17.434 W/[   34.358140@1]- RTW(    0): rssi : 57 (%), rssi_level : 0
06-19 14:42:17.434 W/[   34.358144@1]- RTW(    0): is_support_sgi : Y, is_vht_enable : Y
06-19 14:42:17.434 W/[   34.358148@1]- RTW(    0): disable_ra : N, disable_pt : N
06-19 14:42:17.434 W/[   34.358151@1]- RTW(    0): is_noisy : N
06-19 14:42:17.434 W/[   34.358155@1]- RTW(    0): txrx_state : 0
06-19 14:42:17.435 W/[   34.358159@1]- RTW(    0): curr_tx_rate : CCK_1M (L)
06-19 14:42:17.435 W/[   34.358163@1]- RTW(    0): curr_tx_bw : 20MHz
06-19 14:42:17.435 W/[   34.358166@1]- RTW(    0): curr_retry_ratio : 0
06-19 14:42:17.435 W/[   34.358170@1]- RTW(    0): ra_mask : 0x00000000fffffff0
06-19 14:42:17.435 W/        (    0): [   34.358170@1]-
06-19 14:42:17.435 W/[   34.360020@1]- RTW(    0): wlan0 wakeup macid=0, ori reg_0x4d4=0x00000000
06-19 14:42:17.435 W/[   34.360030@1]s RTW(    0): rtw_xmit_queue_clear(wlan0): disable queue TX for macid=0
06-19 14:42:17.435 W/[   34.360226@1]- RTW(    0): hw_var_set_correct_tsf(wlan0)
06-19 14:42:17.435 W/[   34.360231@1]- RTW(    0): [TSF_SYNC] p0 sync port = N/A
06-19 14:42:17.435 W/[   34.360235@1]- RTW(    0): [TSF_SYNC] timer offset = 0
06-19 14:42:17.435 W/[   34.360243@1]- RTW(    0): hw_var_set_dl_rsvd_page(wlan0):+ hw_port=0 mstatus(1)
06-19 14:42:17.435 W/[   34.365134@3]- RTW(    0): _rtw_hal_set_fw_rsvd_page(wlan0) PageSize: 128, [ NOR ]-RsvdPageNUm: 8
06-19 14:42:17.435 W/[   34.365148@3]- RTW(    0): LocPsPoll: 4
06-19 14:42:17.435 W/[   34.365157@3]- RTW(    0): LocNullData: 5
06-19 14:42:17.435 W/[   34.365163@3]- RTW(    0): LocQosNull: 6
06-19 14:42:17.435 W/[   34.365169@3]- RTW(    0): _rtw_hal_set_fw_rsvd_page PageNum(7), pktlen(896)
06-19 14:42:17.435 W/[   34.365252@3]- RTW(    0): _rtw_hal_set_fw_rsvd_page: Set RSVD page location to Fw ,TotalPacketLen(896), TotalPageNum(7)
06-19 14:42:17.435 W/[   34.365257@3]- RTW(    0): RsvdPageLoc: ProbeRsp=0 PsPoll=4 Null=5 QoSNull=6 BTNull=0
06-19 14:42:17.435 W/[   34.366237@1]- RTW(    0): wlan0: DL RSVD page success! DLBcnCount:1, poll:1
06-19 14:42:17.435 W/[   34.381038@2]- RTW(    0): OnAction_back
06-19 14:42:17.435 W/[   34.381046@2]- RTW(    0): OnAction_back, action=0
06-19 14:42:17.435 W/[   34.404001@3]- RTW(    0): STA Beamforming Capability=0x04
06-19 14:42:17.435 W/[   34.404010@3]- RTW(    0): _get_txvector_parameter: BSSID=60:bd:2c:c2:fe:bd
06-19 14:42:17.435 W/[   34.404014@3]- RTW(    0): _get_txvector_parameter: GROUP_ID=0x00 PARTIAL_AID=0x017b
06-19 14:42:17.435 W/[   34.404019@3]- RTW(    0): _bfer_add_entry: Add BFer entry beamformer_su_reg_maping=0x1, su_reg_index=0
06-19 14:42:17.435 W/[   34.404026@3]- RTW(    0): +rtl8822b_phy_bf_enter: 60:bd:2c:c2:fe:bd
06-19 14:42:17.435 W/[   34.404031@3]- RTW(    0): _config_beamformer_su: Config SU BFer entry HW setting
06-19 14:42:17.435 W/[   34.404781@3]- RTW(    0): _config_beamformer_su: nc=1 nr=0 group=0 codebookinfo=1 coefficientsize=3
06-19 14:42:17.435 W/[   34.404788@3]- RTW(    0): _config_beamformer_su: csi=0x0d01
06-19 14:42:17.435 W/[   34.404883@3]- RTW(    0): -rtl8822b_phy_bf_enter
06-19 14:42:17.435 W/[   34.404901@3]- RTW(    0): rtw_dfs_rd_en_decision(wlan0) needed:0, mlme_act:7, excl_ifbmp:0x00
06-19 14:42:17.435 W/[   34.404906@3]- RTW(    0): rtw_dfs_rd_en_decision(wlan0) ld_sta_num:1, lg_sta_num:0, ap_num:0, mesh_num:0, 36,2,1
06-19 14:42:17.435 W/[   34.404912@3]- RTW(    0): rtw_join_done_chk_ch(wlan0) union:36,2,1
06-19 14:42:17.435 W/[   34.404923@3]- RTW(    0): =>mlmeext_joinbss_event_callback - End to Connection without 4-way
06-19 14:42:17.435 W/[   34.405417@3]- RTW(    0): issue_addba_rsp_wait_ack(wlan0) ra=60:bd:2c:c2:fe:bd status:=0 tid=5 size:64, acked, 1/3 in 0 ms
06-19 14:42:17.435 W/[   34.466941@2]s RTW(    0): recv eapol packet 1/4
06-19 14:42:17.435 W/[   34.466946@2]s RTW(    0): Receive unencrypted eapol key
06-19 14:42:17.435 W/[   34.468645@1]s RTW(    0): send eapol packet 2/4
06-19 14:42:17.435 W/[   34.468658@1]s RTW(    0): Respond unencrypted eapol key
06-19 14:42:17.435 W/[   34.468813@1]- RTW(    0): fill_default_txdesc(wlan0): SP Packet(0x888E) rate=0x4 SeqNum = 1
06-19 14:42:17.435 W/[   34.470923@2]s RTW(    0): recv eapol packet 3/4
06-19 14:42:17.435 W/[   34.470928@2]s RTW(    0): Receive unencrypted eapol key
06-19 14:42:17.435 W/[   34.471403@0]s RTW(    0): send eapol packet 4/4
06-19 14:42:17.478 W/[   34.471414@0]s RTW(    0): Respond unencrypted eapol key
06-19 14:42:17.478 W/[   34.471494@3]- RTW(    0): fill_default_txdesc(wlan0): SP Packet(0x888E) rate=0x4 SeqNum = 2
06-19 14:42:17.478 W/[   34.472013@0]- RTW(    0): cfg80211_rtw_add_key(wlan0) adding key for 60:bd:2c:c2:fe:bd
06-19 14:42:17.478 W/[   34.472020@0]- RTW(    0): cfg80211_rtw_add_key(wlan0) cipher=0xfac04
06-19 14:42:17.496 W/[   34.472025@0]- RTW(    0): cfg80211_rtw_add_key(wlan0) key_len=16, key_index=0
06-19 14:42:17.496 W/[   34.472029@0]- RTW(    0): cfg80211_rtw_add_key(wlan0) pairwise=1
06-19 14:42:17.496 W/[   34.472038@0]- RTW(    0): cfg80211_rtw_add_key(wlan0) seq_len:6, seq:0x0
06-19 14:42:17.496 W/[   34.472042@0]- RTW(    0): rtw_cfg80211_set_encryption
06-19 14:42:17.496 W/[   34.472049@0]- RTW(    0): rtw_cfg80211_set_encryption(wlan0) set CCMP PTK idx:0, len:16
06-19 14:42:17.496 W/[   34.472077@0]- RTW(    0): rtw_cfg80211_set_encryption, ret=0
06-19 14:42:17.497 W/[   34.472097@3]- RTW(    0): set pairwise key camid:0, addr:60:bd:2c:c2:fe:bd, kid:0, type:AES
06-19 14:42:17.497 W/[   34.473331@3]- RTW(    0): cfg80211_rtw_add_key(wlan0) cipher=0xfac02
06-19 14:42:17.497 W/[   34.473338@3]- RTW(    0): cfg80211_rtw_add_key(wlan0) key_len=32, key_index=1
06-19 14:42:17.497 W/[   34.473341@3]- RTW(    0): cfg80211_rtw_add_key(wlan0) pairwise=0
06-19 14:42:17.497 W/[   34.473350@3]- RTW(    0): cfg80211_rtw_add_key(wlan0) seq_len:6, seq:0x0
06-19 14:42:17.498 W/[   34.473354@3]- RTW(    0): rtw_cfg80211_set_encryption
06-19 14:42:17.498 W/[   34.473363@3]- RTW(    0): rtw_cfg80211_set_encryption(wlan0) set TKIP GTK idx:1, len:32
07-02 18:29:10.828 W/[   34.474315@3]- RTW(    0): ==> rtw_set_key algorithm(2),keyid(1),key_mask(0)
07-02 18:29:10.828 W/[   34.474339@3]- RTW(    0): rtw_cfg80211_set_encryption, ret=0
07-02 18:29:10.828 W/[   34.474889@3]- RTW(    0): rtw_ndev_notifier_call(wlan0) state:4
07-02 18:29:10.828 W/[   34.485493@1]- RTW(    0): cfg80211_rtw_change_station(wlan0) mac:60:bd:2c:c2:fe:bd
07-02 18:29:10.828 W/[   34.485581@3]- RTW(    0): set group key camid:1, addr:60:bd:2c:c2:fe:bd, kid:1, type:TKIP
07-02 18:29:10.828 W/[   34.565590@1]- RTW(    0): cfg80211_rtw_scan(wlan0)
07-02 18:29:10.828 W/[   34.565599@1]- RTW(    0): cfg80211_rtw_scan (wlan0) : scan deny
07-02 18:29:10.828 W/[   34.879950@2]- RTW(    0): OnAction_back
07-02 18:29:10.828 W/[   34.879959@2]- RTW(    0): OnAction_back, action=0
07-02 18:29:10.828 W/[   34.880625@0]- RTW(    0): issue_addba_rsp_wait_ack(wlan0) ra=60:bd:2c:c2:fe:bd status:=0 tid=0 size:64, acked, 1/3 in 0 ms
07-02 18:29:10.828 W/[   35.050111@0]- RTW(    0): cfg80211_rtw_set_power_mgmt(wlan0) enabled:0, timeout:-1
07-02 18:29:10.828 W/[   35.090198@3]- RTW(    0): fill_default_txdesc(wlan0): SP Packet(0x0800) rate=0x4 SeqNum = 8
07-02 18:29:10.828 W/[   35.156709@3]- RTW(    0): cfg80211_rtw_set_power_mgmt(wlan0) enabled:1, timeout:-1
07-02 18:29:10.828 W/[   35.488547@3]- RTW(    0): fill_default_txdesc(wlan0): SP Packet(0x0806) rate=0x4 SeqNum = 10
07-02 18:29:10.828 W/[   35.503059@0]- RTW(    0): fill_default_txdesc(wlan0): SP Packet(0x0806) rate=0x4 SeqNum = 12
07-02 18:29:11.082 W/[   35.975562@3]- RTW(    0): fill_default_txdesc(wlan0): SP Packet(0x0806) rate=0x4 SeqNum = 29
07-02 18:29:11.266 W/[   36.158903@1]- RTW(    0): Turbo EDCA =0x5ea42b
07-02 18:29:11.289 W/[   36.181007@0]- RTW(    0): fill_default_txdesc(wlan0): SP Packet(0x0806) rate=0x4 SeqNum = 38
07-02 18:29:11.825 W/[   36.717087@1]s RTW(    0): rtw_issue_addbareq_cmd, p=0
07-02 18:29:11.827 W/[   36.717379@1]- RTW(    0): BA_starting_seqctrl = 137 for TID=0
07-02 18:29:11.827 W/[   36.717414@1]- RTW(    0): issue_addba_req(wlan0) ra=60:bd:2c:c2:fe:bd tid=0
07-02 18:29:11.827 W/[   36.718531@1]- RTW(    0): OnAction_back
07-02 18:29:11.827 W/[   36.718539@1]- RTW(    0): OnAction_back, action=1
07-02 18:29:11.827 W/[   36.718543@1]- RTW(    0): agg_enable for TID=0
07-02 18:29:14.662 W/[   39.554631@0]- audit(    0): audit_lost=16 audit_rate_limit=5 audit_backlog_limit=64
07-02 18:29:14.680 E/[   39.554639@0]- audit(    0): rate limit exceeded
07-02 18:29:14.894 W/[   39.786626@2]s RTW(    0): rtw_issue_addbareq_cmd, p=6
07-02 18:29:14.930 W/[   39.786992@2]- RTW(    0): BA_starting_seqctrl = 3 for TID=6
07-02 18:29:14.931 W/[   39.787052@2]- RTW(    0): issue_addba_req(wlan0) ra=60:bd:2c:c2:fe:bd tid=6
07-02 18:29:14.931 W/[   39.788625@1]- RTW(    0): OnAction_back
07-02 18:29:14.931 W/[   39.788636@1]- RTW(    0): OnAction_back, action=1
07-02 18:29:14.931 W/[   39.788639@1]- RTW(    0): agg_enable for TID=6
07-02 18:29:15.386 W/[   40.279065@2]- RTW(    0): fill_default_txdesc(wlan0): SP Packet(0x0806) rate=0x4 SeqNum = 1048
07-02 18:29:16.130 W/[   41.022623@3]- RTW(    0): fill_default_txdesc(wlan0): SP Packet(0x0806) rate=0x4 SeqNum = 1167
07-02 18:29:17.600 W/[   42.491613@3]- audit(    0): audit_lost=33 audit_rate_limit=5 audit_backlog_limit=64
07-02 18:29:17.600 E/[   42.491622@3]- audit(    0): rate limit exceeded
--------- beginning of system
07-02 18:29:17.648 W/ContextImpl( 5051): Calling a method in the system process without a qualified user: android.app.ContextImpl.sendBroadcast:1111 android.content.ContextWrapper.sendBroadcast:468 com.rjil.jiostbsetting.service.EndlessService.getParameters:1159 com.rjil.jiostbsetting.service.EndlessService.access$getParameters:123 com.rjil.jiostbsetting.service.EndlessService$mConnection$1$onServiceConnected$2.invokeSuspend:1206 
07-02 18:29:17.801 I/chatty  ( 3846): uid=1000(system) Binder:3846_A expire 7 lines
07-02 18:29:17.802 I/chatty  ( 3846): uid=1000(system) ActivityManager expire 41 lines
07-02 18:29:18.373 I/chatty  ( 3846): uid=1000(system) Binder:3846_4 expire 4 lines
07-02 18:29:18.459 W/ContextImpl( 5799): Calling a method in the system process without a qualified user: android.app.ContextImpl.startForegroundService:1675 android.content.ContextWrapper.startForegroundService:725 android.content.ContextWrapper.startForegroundService:725 com.rjil.sdmcsetting.BootReceiver.onReceive:37 android.app.ActivityThread.handleReceiver:4026 
07-02 18:29:18.574 I/chatty  ( 3846): uid=1000(system) Binder:3846_E expire 10 lines
07-02 18:29:18.686 W/ContextImpl( 5799): Calling a method in the system process without a qualified user: android.app.ContextImpl.bindService:1748 android.content.ContextWrapper.bindService:756 com.rjil.sdmcsetting.EndlessService.onCreate:341 android.app.ActivityThread.handleCreateService:4186 android.app.ActivityThread.access$1500:237 
07-02 18:29:18.699 W/ContextImpl( 5799): Calling a method in the system process without a qualified user: android.app.ContextImpl.bindService:1748 android.content.ContextWrapper.bindService:756 com.rjil.sdmcsetting.dc.DCServiceConnector.bindService:41 com.rjil.sdmcsetting.EndlessService.onCreate:343 android.app.ActivityThread.handleCreateService:4186 
07-02 18:29:18.723 W/[   43.616192@1]- RTW(    0): OnAction_back
07-02 18:29:18.728 W/[   43.616201@1]- RTW(    0): OnAction_back, action=0
07-02 18:29:18.728 W/[   43.617091@3]- RTW(    0): issue_addba_rsp_wait_ack(wlan0) ra=60:bd:2c:c2:fe:bd status:=0 tid=4 size:64, acked, 1/3 in 0 ms
07-02 18:29:18.780 I/chatty  ( 3846): uid=1000(system) ActivityManager expire 6 lines
07-02 18:29:18.810 I/chatty  ( 3846): uid=1000(system) ConnectivitySer expire 7 lines
07-02 18:29:19.006 I/chatty  ( 3846): uid=1000 system_server expire 2 lines
07-02 18:29:19.036 I/chatty  ( 3846): uid=1000(system) Binder:3846_B expire 2 lines
07-02 18:29:19.050 I/chatty  ( 3846): uid=1000 system_server expire 2 lines
07-02 18:29:19.060 W/ContextImpl( 5392): Calling a method in the system process without a qualified user: android.app.ContextImpl.sendBroadcast:1111 android.content.ContextWrapper.sendBroadcast:468 com.iwedia.tvinput.engine.ChannelManager.handleCaRouteSignalStatus:3932 com.iwedia.tvinput.engine.ChannelManager.access$3900:116 com.iwedia.tvinput.engine.ChannelManager$5.antennaConnected:2034 
07-02 18:29:19.103 I/        (    0): [   43.995314@1]- is_reset=1
07-02 18:29:19.150 W/ContextImpl( 5799): Calling a method in the system process without a qualified user: android.app.ContextImpl.bindService:1748 android.content.ContextWrapper.bindService:756 com.rjil.sdmcsetting.EndlessService.onStartCommand:203 android.app.ActivityThread.handleServiceArgs:4320 android.app.ActivityThread.access$1800:237 
07-02 18:29:19.154 I/[   43.995648@1]- vframe_rate_uevent(    0): sent uevent FRAME_RATE_HINT=0
07-02 18:29:19.154 I/[   43.995926@2]- dim(    0): ch[1]:di_receiver_event_fun,1:_UNREG
07-02 18:29:19.154 E/[   43.995963@2]- unreg(    0): v4lvideo
07-02 18:29:19.154 I/[   43.996032@0]- dim(    0): unreg:2keep[0], msk:[0x0,0x0]
07-02 18:29:19.156 E/[   44.000128@2]- binder_alloc(    0): 5905: binder_alloc_buf, no vma
07-02 18:29:19.156 I/[   44.000142@2]- binder(    0): 3846:3886 transaction failed 29189/-3, size 80-0 line 3272
07-02 18:29:19.157 I/[   44.007495@3]- dim(    0): unreg:use[12]ms
07-02 18:29:19.157 D/        (    0): [   44.007524@3]- vdec_disable_DMC input->target= 0x0
07-02 18:29:19.157 D/[   44.007697@3]- 0(    0): vh264_stop
07-02 18:29:19.157 D/        (    0): [   44.009271@3]- vdec_release instance 00000000b50beebc, total 1 id = 0
07-02 18:29:19.157 D/        (    0): [   44.009508@3]- the clk_vdec_mux    clock off, ref cnt: 0
07-02 18:29:19.157 D/        (    0): [   44.009519@3]- the vdec            clock off, ref cnt: 0
07-02 18:29:19.157 D/        (    0): [   44.009523@3]- the parser_top      clock off, ref cnt: 1
07-02 18:29:19.157 D/        (    0): [   44.009526@3]- the demux           clock off, ref cnt: 1
07-02 18:29:19.157 D/        (    0): [   44.009700@3]- the demux           clock on, ref cnt: 2
07-02 18:29:19.157 D/        (    0): [   44.009705@3]- the parser_top      clock on, ref cnt: 2
07-02 18:29:19.157 D/        (    0): [   44.009712@3]- the vdec            clock on, ref cnt: 1
07-02 18:29:19.157 D/        (    0): [   44.009732@3]- the clk_vdec_mux    clock on, ref cnt: 1
07-02 18:29:19.157 D/        (    0): [   44.009764@3]- vdec mux clock is 499999992 Hz
07-02 18:29:19.157 D/        (    0): [   44.009840@3]- vdec_create instance 0000000089e08ea2, total 1, PM: legacy
07-02 18:29:19.157 D/        (    0): [   44.009878@3]- no drmmode
07-02 18:29:19.157 I/        (    0): [   44.009988@3]- is_reset=1
07-02 18:29:19.157 I/        (    0): [   44.010013@3]- vdec_init, dev_name:ammvdec_h264, vdec_type=VDEC_TYPE_FRAME_BLOCK  id = 0
07-02 18:29:19.157 D/        (    0): [   44.010959@3]- ammvdec_h264_mmu_init tvp = 0x0 mmu_enable 0
07-02 18:29:19.157 D/        (    0): [   44.010966@3]- decoder_bmmu_box_alloc_box, tvp_flags = 0
07-02 18:29:19.157 D/[   44.010987@3]- 0(    0): ammvdec_h264_probe mmu_enable 0 double_write_mode 0x10
07-02 18:29:19.157 D/[   44.012112@3]- 0(    0): ammvdec_h264 mem-addr=0,buff_offset=56c10000,buf_start=56c00000
07-02 18:29:19.157 D/        (    0): [   44.012155@3]- vdec mux clock is 666666656 Hz
07-02 18:29:19.157 D/        (    0): [   44.012160@3]- vdec1 video changed to 3840 x 2160 60 fps clk->667MHZ
07-02 18:29:19.157 W/        (    0): [   44.012166@3]- H264 sysinfo: 1032x476 duration=3840, pts_outside=1
07-02 18:29:19.157 D/        (    0): [   44.012170@3]- sync_outside=0, use_idr_framerate=0, is_used_v4l: 0
07-02 18:29:19.179 I/        (    0): [   44.012237@3]- [TEE], the fw (h264_multi) will be loaded.
07-02 18:29:19.205 D/        (    0): [   44.012821@0]- vh264_init, phy_addr=7446e000 vaddr=0000000023b4e0b4
07-02 18:29:19.205 D/        (    0): [   44.015838@0]- vfm map vdec-map-0 created
07-02 18:29:19.234 I/chatty  ( 3846): uid=1000 system_server expire 2 lines
07-02 18:29:19.237 I/chatty  ( 3846): uid=1000 system_server expire 2 lines
07-02 18:29:19.246 I/chatty  ( 3846): uid=1000 system_server expire 2 lines
07-02 18:29:19.250 I/chatty  ( 3846): uid=1000 system_server expire 2 lines
07-02 18:29:19.307 I/chatty  ( 3846): uid=1000 system_server expire 23 lines
07-02 18:29:19.430 I/[   44.015861@0]- dim(    0): ch[1]:di_receiver_event_fun,8:_REG
07-02 18:29:19.430 I/[   44.015865@0]- dim(    0): reg:vdec.h264.00[2]
07-02 18:29:19.430 I/[   44.015969@0]- dim(    0): reg:use[0]ms
07-02 18:29:19.430 E/[   44.015984@0]- reg(    0): v4lvideo
07-02 18:29:19.430 I/[   44.015991@0]- dim(    0): ch[1]:di_receiver_event_fun,3:_START
07-02 18:29:19.430 D/        (    0): [   44.015994@0]- vdec_init, vf_provider_name = vdec.h264.00, b 0
07-02 18:29:19.430 I/        (    0): [   44.019959@0]- vdec->port_flag=0x102, port_flag=0x10b
07-02 18:29:19.430 I/        (    0): [   44.020105@0]- is_reset=0
07-02 18:29:19.430 I/        (    0): [   44.034119@2]- is_reset=1
07-02 18:29:19.430 I/[   44.034357@2]- vframe_rate_uevent(    0): sent uevent FRAME_RATE_HINT=0
07-02 18:29:19.430 I/[   44.034782@0]- dim(    0): ch[1]:di_receiver_event_fun,1:_UNREG
07-02 18:29:19.430 E/[   44.034819@0]- unreg(    0): v4lvideo
07-02 18:29:19.430 I/[   44.034947@0]- dim(    0): unreg:use[0]ms
07-02 18:29:19.430 D/        (    0): [   44.034971@0]- vdec_disable_DMC input->target= 0x0
07-02 18:29:19.430 D/[   44.035086@0]- 0(    0): vh264_stop
07-02 18:29:19.430 D/        (    0): [   44.035770@0]- vdec_release instance 0000000089e08ea2, total 1 id = 0
07-02 18:29:19.430 D/        (    0): [   44.035943@0]- the clk_vdec_mux    clock off, ref cnt: 0
07-02 18:29:19.430 D/        (    0): [   44.035953@0]- the vdec            clock off, ref cnt: 0
07-02 18:29:19.430 D/        (    0): [   44.035957@0]- the parser_top      clock off, ref cnt: 1
07-02 18:29:19.430 D/        (    0): [   44.035960@0]- the demux           clock off, ref cnt: 1
07-02 18:29:19.430 D/        (    0): [   44.036010@0]- the demux           clock on, ref cnt: 2
07-02 18:29:19.430 D/        (    0): [   44.036015@0]- the parser_top      clock on, ref cnt: 2
07-02 18:29:19.431 D/        (    0): [   44.036021@0]- the vdec            clock on, ref cnt: 1
07-02 18:29:19.431 D/        (    0): [   44.036040@0]- the clk_vdec_mux    clock on, ref cnt: 1
07-02 18:29:19.431 D/        (    0): [   44.036071@0]- vdec mux clock is 499999992 Hz
07-02 18:29:19.431 D/        (    0): [   44.036143@0]- vdec_create instance 0000000086f1c2be, total 1, PM: legacy
07-02 18:29:19.431 D/        (    0): [   44.036175@0]- no drmmode
07-02 18:29:19.431 I/        (    0): [   44.036196@0]- is_reset=1
07-02 18:29:19.431 I/        (    0): [   44.036220@0]- vdec_init, dev_name:ammvdec_h264, vdec_type=VDEC_TYPE_FRAME_BLOCK  id = 0
07-02 18:29:19.431 D/        (    0): [   44.036886@0]- ammvdec_h264_mmu_init tvp = 0x0 mmu_enable 0
07-02 18:29:19.431 D/        (    0): [   44.036893@0]- decoder_bmmu_box_alloc_box, tvp_flags = 0
07-02 18:29:19.431 D/[   44.036912@0]- 0(    0): ammvdec_h264_probe mmu_enable 0 double_write_mode 0x10
07-02 18:29:19.431 D/[   44.037866@0]- 0(    0): ammvdec_h264 mem-addr=0,buff_offset=56c10000,buf_start=56c00000
07-02 18:29:19.431 D/        (    0): [   44.037908@0]- vdec mux clock is 666666656 Hz
07-02 18:29:19.431 D/        (    0): [   44.037913@0]- vdec1 video changed to 3840 x 2160 60 fps clk->667MHZ
07-02 18:29:19.431 W/        (    0): [   44.037918@0]- H264 sysinfo: 1032x476 duration=3840, pts_outside=1
07-02 18:29:19.431 D/        (    0): [   44.037922@0]- sync_outside=0, use_idr_framerate=0, is_used_v4l: 0
07-02 18:29:19.454 I/        (    0): [   44.037991@0]- [TEE], the fw (h264_multi) will be loaded.
07-02 18:29:19.454 D/        (    0): [   44.039555@2]- vh264_init, phy_addr=7446e000 vaddr=000000004bb1c5a3
07-02 18:29:19.454 D/        (    0): [   44.039754@0]- vfm map vdec-map-0 created
07-02 18:29:19.454 I/[   44.039776@0]- dim(    0): ch[1]:di_receiver_event_fun,8:_REG
07-02 18:29:19.454 I/[   44.039780@0]- dim(    0): reg:vdec.h264.00[3]
07-02 18:29:19.454 I/[   44.039883@0]- dim(    0): reg:use[0]ms
07-02 18:29:19.454 E/[   44.039898@0]- reg(    0): v4lvideo
07-02 18:29:19.454 I/[   44.039904@0]- dim(    0): ch[1]:di_receiver_event_fun,3:_START
07-02 18:29:19.454 D/        (    0): [   44.039909@0]- vdec_init, vf_provider_name = vdec.h264.00, b 0
07-02 18:29:19.454 I/        (    0): [   44.040712@0]- vdec->port_flag=0x102, port_flag=0x10b
07-02 18:29:19.454 I/        (    0): [   44.040808@0]- is_reset=0
07-02 18:29:19.454 I/[   44.050602@0]- vframe_rate_uevent(    0): sent uevent FRAME_RATE_HINT=0
07-02 18:29:19.454 I/[   44.050657@0]- dim(    0): ch[1]:di_receiver_event_fun,1:_UNREG
07-02 18:29:19.454 E/[   44.050669@0]- unreg(    0): v4lvideo
07-02 18:29:19.454 I/[   44.050730@0]- dim(    0): unreg:use[0]ms
07-02 18:29:19.454 D/        (    0): [   44.050752@0]- vdec_disable_DMC input->target= 0x0
07-02 18:29:19.454 D/[   44.050873@0]- 0(    0): vh264_stop
07-02 18:29:19.454 D/        (    0): [   44.051267@0]- vdec_release instance 0000000086f1c2be, total 1 id = 0
07-02 18:29:19.454 D/        (    0): [   44.051441@0]- the clk_vdec_mux    clock off, ref cnt: 0
07-02 18:29:19.454 D/        (    0): [   44.051449@0]- the vdec            clock off, ref cnt: 0
07-02 18:29:19.454 D/        (    0): [   44.051453@0]- the parser_top      clock off, ref cnt: 1
07-02 18:29:19.454 D/        (    0): [   44.051457@0]- the demux           clock off, ref cnt: 1
07-02 18:29:19.454 D/        (    0): [   44.051478@0]d v4lvideo_release_map 0 OK
07-02 18:29:19.454 D/[   44.051582@0]- v4lvid(    0): dbg: vidioc_close!!!!
07-02 18:29:19.454 I/[   44.052847@0]- resman(    0): 24 release [codec_mm]
07-02 18:29:19.500 W/ContextImpl( 5799): Calling a method in the system process without a qualified user: android.app.ContextImpl.bindService:1748 android.content.ContextWrapper.bindService:756 com.jio.adc.core.b.d:56 com.jio.adc.core.b.b:13 com.jio.adc.core.b$c.run:7 
07-02 18:29:19.538 W/[   44.433495@0]- audit(    0): audit_lost=53 audit_rate_limit=5 audit_backlog_limit=64
07-02 18:29:19.538 E/[   44.433503@0]- audit(    0): rate limit exceeded
07-02 18:29:19.845 I/chatty  ( 3846): uid=1000(system) Binder:3846_9 expire 2 lines
07-02 18:29:19.939 I/chatty  ( 3846): uid=1000(system) android.anim expire 4 lines
07-02 18:29:19.991 I/chatty  ( 3846): uid=1000 system_server expire 2 lines
07-02 18:29:19.998 I/chatty  ( 3846): uid=1000 system_server expire 2 lines
07-02 18:29:20.004 I/chatty  ( 3846): uid=1000 system_server expire 2 lines
07-02 18:29:20.011 I/chatty  ( 3846): uid=1000 system_server expire 2 lines
07-02 18:29:20.046 I/[   44.942103@1]- vc(    0): [0]vc: set enable index=0, val=0
07-02 18:29:20.088 I/[   44.942128@1]- VID(    0): store VD0 path_id changed 2->-1
07-02 18:29:20.089 I/        (    0): [   44.942132@1]- dev->index =0, val=1
07-02 18:29:20.089 I/[   44.942137@1]- VID(    0): VD1 off
07-02 18:29:20.089 I/[   44.942143@1]- VID(    0): VD1 set global output as 0
07-02 18:29:20.089 I/        (    0): [   44.942159@1]- common_vf_unreg_provider video_render.0: vd1 used: true, vd2 used: false, black_out:0, cur_buf:000000004ba1dfee
07-02 18:29:20.266 W/ContextImpl( 4817): Calling a method in the system process without a qualified user: android.app.ContextImpl.sendBroadcast:1126 android.content.ContextWrapper.sendBroadcast:473 com.iwedia.tr.dc.DCServiceClient.notifyTifOnDcCallbacksCreated:107 com.iwedia.tr.dc.DCServiceClient.setCallbackInterface:95 com.iwedia.dc.api.IDCServiceDataProvider$Stub.onTransact:85 
07-02 18:29:20.270 W/ContextImpl( 5392): Calling a method in the system process without a qualified user: android.app.ContextImpl.sendBroadcast:1126 android.content.ContextWrapper.sendBroadcast:473 com.iwedia.tvinput.engine.ChannelManager$6.handleMessage:2214 android.os.Handler.dispatchMessage:102 android.os.Looper.loop:223 
07-02 18:29:20.454 W/[   45.349574@1]- RTW(    0): fill_default_txdesc(wlan0): SP Packet(0x0806) rate=0x4 SeqNum = 1446
07-02 18:29:20.646 I/chatty  ( 3846): uid=1000(system) Binder:3846_3 expire 1 line
07-02 18:29:20.659 W/ContextImpl( 5799): Calling a method in the system process without a qualified user: android.app.ContextImpl.bindService:1748 android.content.ContextWrapper.bindService:756 com.rjil.sdmcsetting.EndlessService.onStartCommand:203 android.app.ActivityThread.handleServiceArgs:4320 android.app.ActivityThread.access$1800:237 
07-02 18:29:21.098 W/[   45.991157@1]- audit(    0): audit_lost=54 audit_rate_limit=5 audit_backlog_limit=64
07-02 18:29:21.098 E/[   45.991164@1]- audit(    0): rate limit exceeded
07-02 18:29:21.595 I/chatty  ( 3846): uid=1000(system) Binder:3846_1 expire 3 lines
07-02 18:29:22.102 W/[   46.995333@2]- audit(    0): audit_lost=80 audit_rate_limit=5 audit_backlog_limit=64
07-02 18:29:22.160 E/[   46.995340@2]- audit(    0): rate limit exceeded
07-02 18:29:22.200 I/chatty  ( 3846): uid=1000(system) AsyncTask #1 expire 67 lines
07-02 18:29:23.065 W/ContextImpl( 5051): Calling a method in the system process without a qualified user: android.app.ContextImpl.sendBroadcast:1111 android.content.ContextWrapper.sendBroadcast:468 android.content.ContextWrapper.sendBroadcast:468 com.rjil.jiostbsetting.utils.UtilsKt.sendHDMIBroadcastToLauncher:409 com.rjil.jiostbsetting.receiver.BootReceiver.onReceive:129 
07-02 18:29:23.083 W/ContextImpl( 5051): Calling a method in the system process without a qualified user: android.app.ContextImpl.startForegroundService:1675 android.content.ContextWrapper.startForegroundService:725 com.rjil.jiostbsetting.receiver.BootReceiver.actionOnService:338 com.rjil.jiostbsetting.receiver.BootReceiver.onReceive:159 android.app.ActivityThread.handleReceiver:4026 
07-02 18:29:23.106 W/[   47.999706@3]- audit(    0): audit_lost=117 audit_rate_limit=5 audit_backlog_limit=64
07-02 18:29:23.106 E/[   47.999715@3]- audit(    0): rate limit exceeded
07-02 18:29:23.439 I/chatty  ( 3846): uid=1000(system) Binder:3846_8 expire 3 lines
07-02 18:29:23.521 W/ContextImpl( 5051): Calling a method in the system process without a qualified user: android.app.ContextImpl.bindService:1748 android.content.ContextWrapper.bindService:756 com.jio.adc.core.b.d:56 com.jio.adc.core.b.b:13 com.jio.adc.core.b$c.run:7 
07-02 18:29:23.536 W/ContextImpl( 5051): Calling a method in the system process without a qualified user: android.app.ContextImpl.sendBroadcast:1111 android.content.ContextWrapper.sendBroadcast:468 com.rjil.jiostbsetting.utils.UtilsKt.getAllVolumeDetails:2230 com.rjil.jiostbsetting.service.EndlessService.getParameters$lambda-22:1166 com.rjil.jiostbsetting.service.EndlessService.$r8$lambda$rJsFG8XlIrKzvRVodgEZk__jDnM:0 
07-02 18:29:23.548 W/ContextImpl( 5051): Calling a method in the system process without a qualified user: android.app.ContextImpl.sendBroadcast:1111 android.content.ContextWrapper.sendBroadcast:468 com.rjil.jiostbsetting.utils.UtilsKt.sendUSBAttachDetachBroadcast:2259 com.rjil.jiostbsetting.service.EndlessService$CallbackListener.onParameterNotification:1327 com.rjil.jiostbsetting.dc.DCDataProvider.invokeCallback:107 
07-02 18:29:23.736 W/ContextImpl( 4817): Calling a method in the system process without a qualified user: android.app.ContextImpl.sendBroadcast:1126 android.content.ContextWrapper.sendBroadcast:473 com.iwedia.dtv.common.CommonTifExtnIntentHandler.sendIntent:123 com.iwedia.dtv.common.CommonTifExtnIntentHandler.notifyServiceJsonInfo:87 com.iwedia.dtv.common.CommonTifExtnControl.notifyServiceJsonInfo:778 
07-02 18:29:23.758 E/ActivityThread( 5987): Failed to find provider info for com.netflix.partner.provider.dynamicconfig
07-02 18:29:25.378 W/[   50.270960@2]- RTW(    0): Turbo EDCA =0x431c
07-02 18:29:25.479 I/chatty  ( 3846): uid=1000(system) android.bg expire 1 line
07-02 18:29:25.527 W/[   50.417993@1]- RTW(    0): fill_default_txdesc(wlan0): SP Packet(0x0806) rate=0x4 SeqNum = 2041
07-02 18:29:25.620 W/ContextImpl( 6714): Calling a method in the system process without a qualified user: android.app.ContextImpl.stopService:1681 android.content.ContextWrapper.stopService:730 com.jio.jiobackgroundscheduler.JioBackgroundSchedulerService.stopPrefetchService:103 com.jio.jiobackgroundscheduler.JioBackgroundSchedulerService.updateServicesList:390 com.jio.jiobackgroundscheduler.JioBackgroundSchedulerService.ServicesListJson:327 
07-02 18:29:25.622 I/chatty  ( 3846): uid=1000(system) Binder:3846_7 expire 8 lines
07-02 18:29:25.804 W/ContextImpl( 5051): Calling a method in the system process without a qualified user: android.app.ContextImpl.sendBroadcast:1111 android.content.ContextWrapper.sendBroadcast:468 com.rjil.jiostbsetting.service.EndlessService.ESNredirect:1604 com.rjil.jiostbsetting.service.EndlessService$mConnection$1$onServiceConnected$2.invokeSuspend:1207 kotlin.coroutines.jvm.internal.BaseContinuationImpl.resumeWith:33 
07-02 18:29:25.904 W/ContextImpl( 7522): Calling a method in the system process without a qualified user: android.app.ContextImpl.startForegroundService:1675 android.content.ContextWrapper.startForegroundService:725 android.content.ContextWrapper.startForegroundService:725 com.rjl.mobileremote.receiver.BootReceiver.onReceive:58 android.app.ActivityThread.handleReceiver:4026 
07-02 18:29:26.045 W/[   50.935621@2]- audit(    0): audit_lost=138 audit_rate_limit=5 audit_backlog_limit=64
07-02 18:29:26.045 E/[   50.935629@2]- audit(    0): rate limit exceeded
07-02 18:29:26.052 I/[   50.942490@3]- input(    0): _test_kbd_ as /devices/virtual/input/input6
07-02 18:29:27.146 W/[   52.038883@3]- audit(    0): audit_lost=139 audit_rate_limit=5 audit_backlog_limit=64
07-02 18:29:27.237 E/[   52.038891@3]- audit(    0): rate limit exceeded
07-02 18:29:27.288 I/chatty  ( 3846): uid=1000(system) Binder:3846_5 expire 4 lines
07-02 18:29:27.390 E/[   52.284508@0]- init(    0): Unable to set property 'audio.passthrough.enable' from uid:1041 gid:1005 pid:3680: SELinux permission check failed
07-02 18:29:29.245 I/chatty  ( 3846): uid=1000(system) PackageManager expire 3 lines
07-02 18:29:29.271 I/chatty  ( 3846): uid=1000(system) android.fg expire 1 line
07-02 18:29:29.410 W/[   54.306300@0]- RTW(    0): Turbo EDCA =0x5ea42b
07-02 18:29:29.505 W/ActivityThread( 5799): ClassLoader.loadClass: The class loader returned by Thread.getContextClassLoader() may fail for processes that host multiple applications. You should explicitly specify a context class loader. For example: Thread.setContextClassLoader(getClass().getClassLoader());
07-02 18:29:29.509 W/ActivityThread( 5799): ClassLoader.loadClass: The class loader returned by Thread.getContextClassLoader() may fail for processes that host multiple applications. You should explicitly specify a context class loader. For example: Thread.setContextClassLoader(getClass().getClassLoader());
07-02 18:29:29.526 I/chatty  ( 3846): uid=1000(system) ActivityManager expire 5 lines
07-02 18:29:29.675 W/[   54.567708@3]- RTW(    0): cfg80211_rtw_scan(wlan0)
07-02 18:29:29.675 W/[   54.567723@3]- RTW(    0): WARN cfg80211_rtw_scan (wlan0) : scan abort!! BusyTraffic
07-02 18:29:29.793 I/chatty  ( 3846): uid=1000(system) Binder:3846_C expire 2 lines
07-02 18:29:29.794 I/chatty  ( 3846): uid=1000(system) Binder:3846_E expire 7 lines
07-02 18:29:30.020 W/[   54.914110@1]- audit(    0): audit_lost=158 audit_rate_limit=5 audit_backlog_limit=64
07-02 18:29:30.020 E/[   54.914118@1]- audit(    0): rate limit exceeded
07-02 18:29:30.044 I/chatty  ( 3846): uid=1000(system) ConnectivitySer expire 4 lines
07-02 18:29:30.328 W/[   55.220532@3]- RTW(    0): fill_default_txdesc(wlan0): SP Packet(0x0806) rate=0x4 SeqNum = 2561
07-02 18:29:30.421 W/[   55.224866@2]- RTW(    0): fill_default_txdesc(wlan0): SP Packet(0x0806) rate=0x4 SeqNum = 2562
07-02 18:29:30.473 W/ContextImpl( 5051): Calling a method in the system process without a qualified user: android.app.ContextImpl.sendBroadcast:1111 android.content.ContextWrapper.sendBroadcast:468 com.rjil.jiostbsetting.pod.service.DelaySilentUpgrade.sendUpgradeStatusToPodLogService:125 com.rjil.jiostbsetting.pod.service.DelaySilentUpgrade.continueOnBootCompleted:113 com.rjil.jiostbsetting.pod.service.DelaySilentUpgrade.access$200:30 
07-02 18:29:30.541 I/chatty  ( 3846): uid=1000(system) Binder:3846_6 expire 10 lines
07-02 18:29:30.830 I/chatty  ( 3846): uid=1000(system) Binder:3846_C expire 8 lines
07-02 18:29:30.833 I/chatty  ( 3846): uid=1000(system) ActivityManager expire 2 lines
07-02 18:29:30.972 I/chatty  ( 3846): uid=1000 system_server expire 10 lines
07-02 18:29:31.281 W/[   56.177229@3]- audit(    0): audit_lost=214 audit_rate_limit=5 audit_backlog_limit=64
07-02 18:29:31.594 W/ContextImpl( 5799): Calling a method in the system process without a qualified user: android.app.ContextImpl.sendBroadcast:1111 android.content.ContextWrapper.sendBroadcast:468 com.rjil.sdmcsetting.NetworkRepositoryImpl.handleSuccess:523 com.rjil.sdmcsetting.NetworkRepositoryImpl.checkNetwork:272 com.rjil.sdmcsetting.NetworkRepositoryImpl.checkNetwork:236 
07-02 18:29:31.611 W/ContextImpl( 5799): Calling a method in the system process without a qualified user: android.app.ContextImpl.sendBroadcast:1111 android.content.ContextWrapper.sendBroadcast:468 com.rjil.sdmcsetting.NetworkRepositoryImpl.handleSuccess:523 com.rjil.sdmcsetting.NetworkRepositoryImpl.checkNetwork:272 com.rjil.sdmcsetting.NetworkRepositoryImpl.checkNetwork:236 
07-02 18:29:31.897 E/[   56.177237@3]- audit(    0): rate limit exceeded
07-02 18:29:32.298 W/[   57.193589@2]- audit(    0): audit_lost=244 audit_rate_limit=5 audit_backlog_limit=64
07-02 18:29:32.298 E/[   57.193598@2]- audit(    0): rate limit exceeded
07-02 18:29:33.412 W/[   58.306521@2]- audit(    0): audit_lost=275 audit_rate_limit=5 audit_backlog_limit=64
07-02 18:29:33.412 E/[   58.306529@2]- audit(    0): rate limit exceeded
07-02 18:29:33.644 I/chatty  ( 3846): uid=1000(system) Binder:3846_5 expire 10 lines
07-02 18:29:33.999 W/ContextImpl( 5799): Calling a method in the system process without a qualified user: android.app.ContextImpl.sendBroadcast:1111 android.content.ContextWrapper.sendBroadcast:468 com.rjil.sdmcsetting.NetworkRepositoryImpl.handleSuccess:523 com.rjil.sdmcsetting.NetworkRepositoryImpl.checkNetwork:272 com.rjil.sdmcsetting.NetworkRepositoryImpl.checkNetwork$default:242 
07-02 18:29:34.450 W/[   59.344977@2]- audit(    0): audit_lost=293 audit_rate_limit=5 audit_backlog_limit=64
07-02 18:29:34.450 E/[   59.344985@2]- audit(    0): rate limit exceeded
07-02 18:29:35.458 W/[   60.350821@3]- RTW(    0): Turbo EDCA =0x431c
07-02 18:29:36.072 I/chatty  ( 3846): uid=1000(system) android.bg expire 6 lines
07-02 18:29:36.417 W/[   60.366320@1]- audit(    0): audit_lost=305 audit_rate_limit=5 audit_backlog_limit=64
07-02 18:29:36.417 E/[   60.366326@1]- audit(    0): rate limit exceeded
07-02 18:29:36.417 W/[   60.558524@0]- RTW(    0): fill_default_txdesc(wlan0): SP Packet(0x0806) rate=0x4 SeqNum = 3044
07-02 18:29:36.556 W/[   61.451520@0]- audit(    0): audit_lost=317 audit_rate_limit=5 audit_backlog_limit=64
07-02 18:29:36.602 I/chatty  ( 3846): uid=1000(system) PackageManager expire 2 lines
07-02 18:29:36.703 I/chatty  ( 3846): uid=1000(system) Binder:3846_9 expire 9 lines
07-02 18:29:37.391 E/[   61.451527@0]- audit(    0): rate limit exceeded
07-02 18:29:37.474 W/[   62.366932@2]- RTW(    0): Turbo EDCA =0x5ea42b
07-02 18:29:37.570 W/[   62.466175@2]- audit(    0): audit_lost=329 audit_rate_limit=5 audit_backlog_limit=64
07-02 18:29:38.111 E/[   62.466184@2]- audit(    0): rate limit exceeded
07-02 18:29:38.111 I/[   62.526542@0]- fb(    0): mem_free_work, free memory: addr:800000
07-02 18:29:38.574 W/[   63.470190@1]- audit(    0): audit_lost=349 audit_rate_limit=5 audit_backlog_limit=64
07-02 18:29:38.574 E/[   63.470198@1]- audit(    0): rate limit exceeded
07-02 18:29:39.624 W/[   64.519110@1]- audit(    0): audit_lost=372 audit_rate_limit=5 audit_backlog_limit=64
07-02 18:29:39.624 E/[   64.519118@1]- audit(    0): rate limit exceeded
07-02 18:29:39.926 I/chatty  ( 3846): uid=1000(system) Binder:3846_A expire 5 lines
07-02 18:29:40.407 W/[   65.302831@0]- RTW(    0): fill_default_txdesc(wlan0): SP Packet(0x0806) rate=0x4 SeqNum = 3279
07-02 18:29:40.651 W/[   65.545401@1]- audit(    0): audit_lost=386 audit_rate_limit=5 audit_backlog_limit=64
07-02 18:29:40.651 E/[   65.545409@1]- audit(    0): rate limit exceeded
07-02 18:29:43.522 W/[   68.414991@0]- RTW(    0): Turbo EDCA =0x431c
07-02 18:29:44.222 W/ContextImpl( 5051): Calling a method in the system process without a qualified user: android.app.ContextImpl.sendBroadcast:1111 android.content.ContextWrapper.sendBroadcast:468 com.rjil.jiostbsetting.service.EndlessService$CallbackListener.onParameterNotification:1251 com.rjil.jiostbsetting.dc.DCDataProvider.invokeCallback:107 com.rjil.jiostbsetting.dc.DCDataProvider.access$000:15 
07-02 18:29:44.243 W/[   69.138956@2]- audit(    0): audit_lost=402 audit_rate_limit=5 audit_backlog_limit=64
07-02 18:29:44.254 E/[   69.138963@2]- audit(    0): rate limit exceeded
07-02 18:29:44.758 W/[   69.654365@0]- healthd(    0): battery l=100 v=4 t=0.0 h=2 st=2 c=1100 fc=10000000 chg=u
07-02 18:29:45.538 W/[   70.430875@3]- RTW(    0): Turbo EDCA =0x5ea42b
07-02 18:29:45.698 W/ContextImpl( 4901): Calling a method in the system process without a qualified user: android.app.ContextImpl.sendBroadcast:1126 android.content.ContextWrapper.sendBroadcast:473 insight.tr069.client.tr181.Device.JioSTB.ACS.onSetACSError:37 insight.tr069.client.TR069ClientService.makeErrorMessage:813 insight.tr069.client.TR069ClientService.insertNewMessage:829 
07-02 18:29:45.700 W/ContextImpl( 4901): Calling a method in the system process without a qualified user: android.app.ContextImpl.sendBroadcast:1126 android.content.ContextWrapper.sendBroadcast:473 insight.tr069.client.tr181.Device.JioSTB.ACS.onSetACSError:37 insight.tr069.client.TR069ClientService.makeErrorMessage:813 insight.tr069.client.TR069ClientService.insertNewMessage:829 
