07-02 19:16:25.387 E/[ 2870.281213@3]- ion_import_dma_buf(    0): can not import dmabuf from another exporter
07-02 19:16:25.438 E/[ 2870.331411@3]- ion_import_dma_buf(    0): can not import dmabuf from another exporter
07-02 19:16:25.470 E/[ 2870.364615@3]- ion_import_dma_buf(    0): can not import dmabuf from another exporter
07-02 19:16:25.762 W/[ 2870.655851@2]- RTW(    0): Turbo EDCA =0x431c
07-02 19:16:26.174 I/        (    0): [ 2871.070265@1]- is_reset=1
07-02 19:16:26.174 I/[ 2871.070629@1]- vframe_rate_uevent(    0): sent uevent FRAME_RATE_HINT=0
07-02 19:16:26.180 I/[ 2871.074543@0]- unreg(    0): ionvideo
07-02 19:16:26.180 D/        (    0): [ 2871.074574@0]- vdec_disable_DMC input->target= 0x1
07-02 19:16:26.186 D/        (    0): [ 2871.079074@3]- vdec_release instance 000000008b75e60d, total 1 id = 0
07-02 19:16:26.186 D/        (    0): [ 2871.079251@3]- the clk_hevc_mux    clock off, ref cnt: 0
07-02 19:16:26.189 D/        (    0): [ 2871.079258@3]- the clk_hevcb_mux   clock off, ref cnt: 0
07-02 19:16:26.197 D/        (    0): [ 2871.079268@3]- the vdec            clock off, ref cnt: 0
07-02 19:16:26.198 D/        (    0): [ 2871.079272@3]- the parser_top      clock off, ref cnt: 1
07-02 19:16:26.198 D/        (    0): [ 2871.079275@3]- the demux           clock off, ref cnt: 1
07-02 19:16:26.198 D/        (    0): [ 2871.079390@3]- the demux           clock on, ref cnt: 2
07-02 19:16:26.198 D/        (    0): [ 2871.079396@3]- the parser_top      clock on, ref cnt: 2
07-02 19:16:26.198 D/        (    0): [ 2871.079404@3]- the vdec            clock on, ref cnt: 1
07-02 19:16:26.198 D/        (    0): [ 2871.079424@3]- the clk_hevc_mux    clock on, ref cnt: 1
07-02 19:16:26.198 D/        (    0): [ 2871.079429@3]- the clk_hevcb_mux   clock on, ref cnt: 1
07-02 19:16:26.198 D/        (    0): [ 2871.079462@3]- hevc mux clock is 499999992 Hz
07-02 19:16:26.201 D/        (    0): [ 2871.079479@3]- hevc back mux clock is 499999992 Hz
07-02 19:16:26.206 D/        (    0): [ 2871.079664@3]- vdec_create instance 000000006928f631, total 1, PM: legacy
07-02 19:16:26.208 D/        (    0): [ 2871.079713@3]- no drmmode
07-02 19:16:26.208 I/        (    0): [ 2871.079766@3]- is_reset=1
07-02 19:16:26.208 I/        (    0): [ 2871.079795@3]- vdec_init, dev_name:ammvdec_h265, vdec_type=VDEC_TYPE_FRAME_BLOCK  id = 0
07-02 19:16:26.208 D/[ 2871.083545@3]- [0]pdata->config=hevc_buf_width(    0): 1920;hevc_buf_height:1088;hevc_buf_margin:0;hevc_double_write_mode:16;save_buffer_mode:0;
07-02 19:16:26.208 D/        (    0): [ 2871.083577@3]- decoder_bmmu_box_alloc_box, tvp_flags = 0
07-02 19:16:26.209 D/        (    0): [ 2871.084496@0]- [0]dynamic_buf_num_margin=9
07-02 19:16:26.209 D/        (    0): [ 2871.084503@0]- [0]double_write_mode=16
07-02 19:16:26.209 D/[ 2871.084513@0]- [0]h265(    0): pts_unstable=0
07-02 19:16:26.213 D/[ 2871.084519@0]- [0]h265(    0): ver (201602101,0) decinfo: 0x0 rate=3600
07-02 19:16:26.213 I/        (    0): [ 2871.087236@2]- [TEE], the fw (hevc_mmu) will be loaded.
07-02 19:16:26.213 D/        (    0): [ 2871.087287@2]- hevc mux clock is 666666656 Hz
07-02 19:16:26.213 D/        (    0): [ 2871.087303@2]- hevc back mux clock is 666666656 Hz
07-02 19:16:26.213 D/        (    0): [ 2871.087309@2]- hevc video changed to 3840 x 2160 60 fps clk->667MHZ
07-02 19:16:26.213 D/        (    0): [ 2871.087372@2]- vfm map vdec-map-0 created
07-02 19:16:26.213 I/[ 2871.087393@2]- reg(    0): ionvideo
07-02 19:16:26.213 D/        (    0): [ 2871.087399@2]- vdec_init, vf_provider_name = vdec.h265.00, b 0
07-02 19:16:26.213 I/        (    0): [ 2871.088363@2]- vdec->port_flag=0x102, port_flag=0x10b
07-02 19:16:26.213 I/        (    0): [ 2871.088571@2]- is_reset=0
07-02 19:16:26.241 I/        (    0): [ 2871.135205@2]- is_reset=1
07-02 19:16:26.241 I/[ 2871.135567@2]- vframe_rate_uevent(    0): sent uevent FRAME_RATE_HINT=0
07-02 19:16:26.242 I/[ 2871.138594@1]- unreg(    0): ionvideo
07-02 19:16:26.242 D/        (    0): [ 2871.138623@1]- vdec_disable_DMC input->target= 0x1
07-02 19:16:26.247 D/        (    0): [ 2871.139704@1]- vdec_release instance 000000006928f631, total 1 id = 0
07-02 19:16:26.247 D/        (    0): [ 2871.140009@1]- the clk_hevc_mux    clock off, ref cnt: 0
07-02 19:16:26.247 D/        (    0): [ 2871.140017@1]- the clk_hevcb_mux   clock off, ref cnt: 0
07-02 19:16:26.247 D/        (    0): [ 2871.140026@1]- the vdec            clock off, ref cnt: 0
07-02 19:16:26.247 D/        (    0): [ 2871.140030@1]- the parser_top      clock off, ref cnt: 1
07-02 19:16:26.247 D/        (    0): [ 2871.140033@1]- the demux           clock off, ref cnt: 1
07-02 19:16:26.247 D/        (    0): [ 2871.140104@1]- the demux           clock on, ref cnt: 2
07-02 19:16:26.247 D/        (    0): [ 2871.140109@1]- the parser_top      clock on, ref cnt: 2
07-02 19:16:26.247 D/        (    0): [ 2871.140115@1]- the vdec            clock on, ref cnt: 1
07-02 19:16:26.247 D/        (    0): [ 2871.140134@1]- the clk_hevc_mux    clock on, ref cnt: 1
07-02 19:16:26.247 D/        (    0): [ 2871.140139@1]- the clk_hevcb_mux   clock on, ref cnt: 1
07-02 19:16:26.247 D/        (    0): [ 2871.140171@1]- hevc mux clock is 499999992 Hz
07-02 19:16:26.247 D/        (    0): [ 2871.140187@1]- hevc back mux clock is 499999992 Hz
07-02 19:16:26.247 D/        (    0): [ 2871.140630@1]- vdec_create instance 00000000fbf8ed0f, total 1, PM: legacy
07-02 19:16:26.247 D/        (    0): [ 2871.140774@1]- no drmmode
07-02 19:16:26.247 I/        (    0): [ 2871.140825@1]- is_reset=1
07-02 19:16:26.247 I/        (    0): [ 2871.140854@1]- vdec_init, dev_name:ammvdec_h265, vdec_type=VDEC_TYPE_FRAME_BLOCK  id = 0
07-02 19:16:26.247 D/[ 2871.142081@1]- [0]pdata->config=hevc_buf_width(    0): 1920;hevc_buf_height:1088;hevc_buf_margin:0;hevc_double_write_mode:16;save_buffer_mode:0;
07-02 19:16:26.247 D/        (    0): [ 2871.142113@1]- decoder_bmmu_box_alloc_box, tvp_flags = 0
07-02 19:16:26.247 D/        (    0): [ 2871.142650@0]- [0]dynamic_buf_num_margin=9
07-02 19:16:26.247 D/        (    0): [ 2871.142658@0]- [0]double_write_mode=16
07-02 19:16:26.247 D/[ 2871.142668@0]- [0]h265(    0): pts_unstable=0
07-02 19:16:26.247 D/[ 2871.142673@0]- [0]h265(    0): ver (201602101,0) decinfo: 0x0 rate=3600
07-02 19:16:26.250 I/        (    0): [ 2871.144054@2]- [TEE], the fw (hevc_mmu) will be loaded.
07-02 19:16:26.250 D/        (    0): [ 2871.144104@2]- hevc mux clock is 666666656 Hz
07-02 19:16:26.250 D/        (    0): [ 2871.144150@2]- hevc back mux clock is 666666656 Hz
07-02 19:16:26.250 D/        (    0): [ 2871.144156@2]- hevc video changed to 3840 x 2160 60 fps clk->667MHZ
07-02 19:16:26.250 D/        (    0): [ 2871.144215@2]- vfm map vdec-map-0 created
07-02 19:16:26.250 I/[ 2871.144307@2]- reg(    0): ionvideo
07-02 19:16:26.250 D/        (    0): [ 2871.144313@2]- vdec_init, vf_provider_name = vdec.h265.00, b 0
07-02 19:16:26.250 I/        (    0): [ 2871.145515@2]- vdec->port_flag=0x102, port_flag=0x10b
07-02 19:16:26.250 I/        (    0): [ 2871.145728@2]- is_reset=0
07-02 19:16:26.274 I/[ 2871.170369@1]- vframe_rate_uevent(    0): sent uevent FRAME_RATE_HINT=0
07-02 19:16:26.282 I/[ 2871.175396@2]- unreg(    0): ionvideo
07-02 19:16:26.282 D/        (    0): [ 2871.175446@2]- vdec_disable_DMC input->target= 0x1
07-02 19:16:26.282 D/        (    0): [ 2871.175941@2]- vdec_release instance 00000000fbf8ed0f, total 1 id = 0
07-02 19:16:26.282 D/        (    0): [ 2871.176160@2]- the clk_hevc_mux    clock off, ref cnt: 0
07-02 19:16:26.282 D/        (    0): [ 2871.176208@2]- the clk_hevcb_mux   clock off, ref cnt: 0
07-02 19:16:26.283 D/        (    0): [ 2871.176218@2]- the vdec            clock off, ref cnt: 0
07-02 19:16:26.283 D/        (    0): [ 2871.176246@2]- the parser_top      clock off, ref cnt: 1
07-02 19:16:26.283 D/        (    0): [ 2871.176250@2]- the demux           clock off, ref cnt: 1
07-02 19:16:26.283 I/[ 2871.176289@2]- 0000000048251125(    0): free ion_id:0, priv_data:0
07-02 19:16:26.283 D/        (    0): [ 2871.176293@2]d ionvideo_release_map 0 OK
07-02 19:16:26.298 D/[ 2871.186912@2]- ionvid(    0): dbg: vidioc_close!!!!
07-02 19:16:26.298 D/[ 2871.186954@2]- ionvid(    0): dbg: vidioc_close
07-02 19:16:26.298 I/[ 2871.188431@2]- resman(    0): 78 release [codec_mm]
07-02 19:16:26.464 D/INSETS  ( 3846): else - Package Name ::  left : 0 right :: 0 top :: 0 bottom :: 0 dfu-right :: 1920 dfu-bottom :: 1080
07-02 19:16:26.490 I/[ 2871.386182@0]- vc(    0): [0]vc: set enable index=0, val=0
07-02 19:16:26.490 I/[ 2871.386204@0]- VID(    0): store VD0 path_id changed 2->-1
07-02 19:16:26.490 I/        (    0): [ 2871.386208@0]- dev->index =0, val=1
07-02 19:16:26.490 I/[ 2871.386213@0]- VID(    0): VD1 off
07-02 19:16:26.490 I/[ 2871.386218@0]- VID(    0): VD1 set global output as 0
07-02 19:16:26.490 I/        (    0): [ 2871.386234@0]- common_vf_unreg_provider video_render.0: vd1 used: true, vd2 used: false, black_out:0, cur_buf:000000004ba1dfee
07-02 19:16:27.037 D/INSETS  ( 3846): else - Package Name ::  left : 0 right :: 0 top :: 0 bottom :: 0 dfu-right :: 1920 dfu-bottom :: 1080
07-02 19:16:29.794 W/[ 2874.688086@1]- RTW(    0): Turbo EDCA =0x5ea42b
07-02 19:16:30.050 W/[ 2874.942603@3]- RTW(    0): fill_default_txdesc(wlan0): SP Packet(0x0806) rate=0x4 SeqNum = 3279
07-02 19:16:30.270 W/[ 2875.165320@3]- RTW(    0): fill_default_txdesc(wlan0): SP Packet(0x0806) rate=0x4 SeqNum = 3293
07-02 19:16:32.624 I/[ 2877.519854@3]- resman(    0): 79 appname:OMX-58, type=0
07-02 19:16:32.722 I/[ 2877.615651@0]- resman(    0): 79 acquire [codec_mm], preempt yes
07-02 19:16:32.722 I/[ 2877.615662@0]- resman(    0): 79 score 30 secure no
07-02 19:16:32.722 I/[ 2877.615667@0]- resman(    0): 79 acquire [codec_mm] success
07-02 19:16:32.722 D/        (    0): [ 2877.615701@0]- the demux           clock on, ref cnt: 2
07-02 19:16:32.722 D/        (    0): [ 2877.615707@0]- the parser_top      clock on, ref cnt: 2
07-02 19:16:32.722 D/        (    0): [ 2877.615717@0]- the vdec            clock on, ref cnt: 1
07-02 19:16:32.722 D/        (    0): [ 2877.615739@0]- the clk_hevc_mux    clock on, ref cnt: 1
07-02 19:16:32.722 D/        (    0): [ 2877.615744@0]- the clk_hevcb_mux   clock on, ref cnt: 1
07-02 19:16:32.722 D/        (    0): [ 2877.615775@0]- hevc mux clock is 499999992 Hz
07-02 19:16:32.722 D/        (    0): [ 2877.615791@0]- hevc back mux clock is 499999992 Hz
07-02 19:16:32.722 D/        (    0): [ 2877.616090@0]- vdec_create instance 000000004e51b210, total 1, PM: legacy
07-02 19:16:32.722 D/        (    0): [ 2877.616162@0]- no drmmode
07-02 19:16:32.722 I/        (    0): [ 2877.616274@0]- is_reset=0
07-02 19:16:32.722 I/        (    0): [ 2877.616310@0]- vdec_init, dev_name:ammvdec_h265, vdec_type=VDEC_TYPE_FRAME_BLOCK  id = 0
07-02 19:16:32.722 D/[ 2877.617144@0]- [0]pdata->config=hevc_buf_width(    0): 1920;hevc_buf_height:1088;hevc_buf_margin:0;hevc_double_write_mode:16;save_buffer_mode:0;
07-02 19:16:32.722 D/        (    0): [ 2877.617177@0]- decoder_bmmu_box_alloc_box, tvp_flags = 0
07-02 19:16:32.726 D/        (    0): [ 2877.621242@3]- [0]dynamic_buf_num_margin=9
07-02 19:16:32.726 D/        (    0): [ 2877.621250@3]- [0]double_write_mode=16
07-02 19:16:32.726 D/[ 2877.621261@3]- [0]h265(    0): pts_unstable=0
07-02 19:16:32.726 D/[ 2877.621266@3]- [0]h265(    0): ver (201602101,0) decinfo: 0x0 rate=3600
07-02 19:16:32.741 I/        (    0): [ 2877.630976@3]- [TEE], the fw (hevc_mmu) will be loaded.
07-02 19:16:32.744 D/        (    0): [ 2877.631026@3]- hevc mux clock is 666666656 Hz
07-02 19:16:32.747 D/        (    0): [ 2877.631042@3]- hevc back mux clock is 666666656 Hz
07-02 19:16:32.747 D/        (    0): [ 2877.631048@3]- hevc video changed to 3840 x 2160 60 fps clk->667MHZ
07-02 19:16:32.747 D/        (    0): [ 2877.631097@3]- vfm map vdec-map-0 created
07-02 19:16:32.747 I/[ 2877.631117@3]- dim(    0): ch[1]:di_receiver_event_fun,8:_REG
07-02 19:16:32.751 I/[ 2877.631122@3]- dim(    0): reg:vdec.h265.00[93]
07-02 19:16:32.754 I/[ 2877.631689@3]- dim(    0): reg:use[0]ms
07-02 19:16:32.754 E/[ 2877.631715@3]- reg(    0): v4lvideo
07-02 19:16:32.754 I/[ 2877.631725@3]- dim(    0): ch[1]:di_receiver_event_fun,3:_START
07-02 19:16:32.754 D/        (    0): [ 2877.631731@3]- vdec_init, vf_provider_name = vdec.h265.00, b 0
07-02 19:16:32.754 I/        (    0): [ 2877.634140@1]- vdec->port_flag=0x102, port_flag=0x10b
07-02 19:16:32.754 D/[ 2877.637114@1]- v4lvid(    0): dbg: v4lvideo open
07-02 19:16:32.811 E/        (    0): [ 2877.705492@0]- mmu box NULL !!!
07-02 19:16:32.811 D/        (    0): [ 2877.705506@0]- [0]vh265 cached=0  need_size=6144 speed= 88 ms
07-02 19:16:32.811 D/        (    0): [ 2877.706265@0]- [0]hevc->performance_profile 0
07-02 19:16:32.811 D/        (    0): [ 2877.706274@0]- [0]set pic_list_init_flag 1
07-02 19:16:32.841 D/        (    0): [ 2877.737892@3]- [0]init_buf_spec2 1280 720
07-02 19:16:32.841 D/        (    0): [ 2877.737900@3]- [0]set pic_list_init_flag to 2
07-02 19:16:32.843 D/        (    0): [ 2877.737929@0]- [0]set pic_list_init_flag to 3
07-02 19:16:32.843 D/        (    0): [ 2877.737934@0]- [vdec_kpi][vh265_isr_thread_fn] First I frame coming.
07-02 19:16:32.845 D/[ 2877.740555@0]- [0]VH265(    0): output first frame
07-02 19:16:32.847 D/        (    0): [ 2877.740634@0]- [vdec_kpi][post_video_frame] First I frame decoded.
07-02 19:16:32.847 I/[ 2877.740717@1]- dim(    0): value reg:ch[1]:fix_buf:0;ponly <0,0>
07-02 19:16:32.851 I/[ 2877.740727@1]- dim(    0): 1280x720-0x9000.
07-02 19:16:32.853 I/[ 2877.740969@3]- v4lvideo(    0): provider name: vdec.h265.00
07-02 19:16:32.853 D/        (    0): [ 2877.748106@0]- cal_dur_from_pts vstatus 4000 dur3751 -> 4001, revised 4000
07-02 19:16:32.858 I/[ 2877.750753@0]- vframe_rate_uevent(    0): sent uevent FRAME_RATE_HINT=4000
07-02 19:16:33.130 I/[ 2878.024649@3]- VID(    0): VD1 off
07-02 19:16:33.144 I/[ 2878.024851@3]- vc(    0): [0]vc: set enable index=0, val=1
07-02 19:16:33.155 I/        (    0): [ 2878.024873@3]- dev->index =0, val=2
07-02 19:16:33.155 I/[ 2878.024878@3]- VID(    0): VD1 off
07-02 19:16:33.155 I/[ 2878.024883@3]- VID(    0): VD1 set global output as 1
07-02 19:16:33.155 I/[ 2878.024913@3]- VID(    0): store VD0 path_id changed -1->2
07-02 19:16:33.155 I/[ 2878.024932@3]- vc(    0): [0]sideband_type =-1
07-02 19:16:33.421 I/UsageStatsService( 3846): User[0] Flushing usage stats to disk
07-02 19:16:33.826 W/[ 2878.719028@1]- RTW(    0): Turbo EDCA =0x431c
07-02 19:16:35.297 W/[ 2880.192460@3]- RTW(    0): fill_default_txdesc(wlan0): SP Packet(0x0806) rate=0x4 SeqNum = 106
07-02 19:16:39.874 W/[ 2884.766962@0]- RTW(    0): Turbo EDCA =0x5ea42b
07-02 19:16:40.408 W/[ 2885.303461@3]- RTW(    0): fill_default_txdesc(wlan0): SP Packet(0x0806) rate=0x4 SeqNum = 440
07-02 19:16:43.066 I/        (    0): [ 2887.960150@2]- is_reset=1
07-02 19:16:43.066 I/[ 2887.960725@2]- vframe_rate_uevent(    0): sent uevent FRAME_RATE_HINT=0
07-02 19:16:43.066 I/[ 2887.961408@2]- dim(    0): ch[1]:di_receiver_event_fun,1:_UNREG
07-02 19:16:43.066 E/[ 2887.961446@2]- unreg(    0): v4lvideo
07-02 19:16:43.066 I/[ 2887.961505@0]- dim(    0): unreg:2keep[0], msk:[0x0,0x0]
07-02 19:16:43.084 I/[ 2887.974836@0]- dim(    0): unreg:use[13]ms
07-02 19:16:43.084 D/        (    0): [ 2887.974870@0]- vdec_disable_DMC input->target= 0x1
07-02 19:16:43.084 D/        (    0): [ 2887.977330@2]- vdec_release instance 000000004e51b210, total 1 id = 0
07-02 19:16:43.084 D/        (    0): [ 2887.977510@2]- the clk_hevc_mux    clock off, ref cnt: 0
07-02 19:16:43.084 D/        (    0): [ 2887.977517@2]- the clk_hevcb_mux   clock off, ref cnt: 0
07-02 19:16:43.084 D/        (    0): [ 2887.977526@2]- the vdec            clock off, ref cnt: 0
07-02 19:16:43.084 D/        (    0): [ 2887.977529@2]- the parser_top      clock off, ref cnt: 1
07-02 19:16:43.084 D/        (    0): [ 2887.977533@2]- the demux           clock off, ref cnt: 1
07-02 19:16:43.084 D/        (    0): [ 2887.977647@2]- the demux           clock on, ref cnt: 2
07-02 19:16:43.084 D/        (    0): [ 2887.977653@2]- the parser_top      clock on, ref cnt: 2
07-02 19:16:43.084 D/        (    0): [ 2887.977660@2]- the vdec            clock on, ref cnt: 1
07-02 19:16:43.084 D/        (    0): [ 2887.977679@2]- the clk_hevc_mux    clock on, ref cnt: 1
07-02 19:16:43.084 D/        (    0): [ 2887.977684@2]- the clk_hevcb_mux   clock on, ref cnt: 1
07-02 19:16:43.084 D/        (    0): [ 2887.977717@2]- hevc mux clock is 499999992 Hz
07-02 19:16:43.084 D/        (    0): [ 2887.977733@2]- hevc back mux clock is 499999992 Hz
07-02 19:16:43.084 D/        (    0): [ 2887.977836@2]- vdec_create instance 00000000f43f9da7, total 1, PM: legacy
07-02 19:16:43.084 D/        (    0): [ 2887.977875@2]- no drmmode
07-02 19:16:43.084 I/        (    0): [ 2887.977910@2]- is_reset=1
07-02 19:16:43.085 I/        (    0): [ 2887.977936@2]- vdec_init, dev_name:ammvdec_h265, vdec_type=VDEC_TYPE_FRAME_BLOCK  id = 0
07-02 19:16:43.085 D/[ 2887.978585@2]- [0]pdata->config=hevc_buf_width(    0): 1920;hevc_buf_height:1088;hevc_buf_margin:0;hevc_double_write_mode:16;save_buffer_mode:0;
07-02 19:16:43.101 D/        (    0): [ 2887.978617@2]- decoder_bmmu_box_alloc_box, tvp_flags = 0
07-02 19:16:43.101 D/        (    0): [ 2887.980317@0]- [0]dynamic_buf_num_margin=9
07-02 19:16:43.101 D/        (    0): [ 2887.980325@0]- [0]double_write_mode=16
07-02 19:16:43.101 D/[ 2887.980334@0]- [0]h265(    0): pts_unstable=0
07-02 19:16:43.101 D/[ 2887.980340@0]- [0]h265(    0): ver (201602101,0) decinfo: 0x0 rate=3600
07-02 19:16:43.102 I/        (    0): [ 2887.981725@0]- [TEE], the fw (hevc_mmu) will be loaded.
07-02 19:16:43.102 D/        (    0): [ 2887.981772@0]- hevc mux clock is 666666656 Hz
07-02 19:16:43.102 D/        (    0): [ 2887.981788@0]- hevc back mux clock is 666666656 Hz
07-02 19:16:43.102 D/        (    0): [ 2887.981793@0]- hevc video changed to 3840 x 2160 60 fps clk->667MHZ
07-02 19:16:43.102 D/        (    0): [ 2887.981836@0]- vfm map vdec-map-0 created
07-02 19:16:43.102 I/[ 2887.981857@0]- dim(    0): ch[1]:di_receiver_event_fun,8:_REG
07-02 19:16:43.102 I/[ 2887.981861@0]- dim(    0): reg:vdec.h265.00[94]
07-02 19:16:43.102 I/[ 2887.981948@0]- dim(    0): reg:use[0]ms
07-02 19:16:43.102 E/[ 2887.981963@0]- reg(    0): v4lvideo
07-02 19:16:43.102 I/[ 2887.981970@0]- dim(    0): ch[1]:di_receiver_event_fun,3:_START
07-02 19:16:43.102 D/        (    0): [ 2887.981974@0]- vdec_init, vf_provider_name = vdec.h265.00, b 0
07-02 19:16:43.102 I/        (    0): [ 2887.985208@0]- vdec->port_flag=0x102, port_flag=0x10b
07-02 19:16:43.102 I/        (    0): [ 2887.985355@0]- is_reset=0
07-02 19:16:43.126 I/        (    0): [ 2888.018915@0]- is_reset=1
07-02 19:16:43.126 I/[ 2888.019443@0]- vframe_rate_uevent(    0): sent uevent FRAME_RATE_HINT=0
07-02 19:16:43.126 I/[ 2888.019568@0]- dim(    0): ch[1]:di_receiver_event_fun,1:_UNREG
07-02 19:16:43.126 E/[ 2888.019581@0]- unreg(    0): v4lvideo
07-02 19:16:43.126 I/[ 2888.019640@0]- dim(    0): unreg:use[0]ms
07-02 19:16:43.126 D/        (    0): [ 2888.019659@0]- vdec_disable_DMC input->target= 0x1
07-02 19:16:43.126 D/        (    0): [ 2888.020115@0]- vdec_release instance 00000000f43f9da7, total 1 id = 0
07-02 19:16:43.126 D/        (    0): [ 2888.020269@0]- the clk_hevc_mux    clock off, ref cnt: 0
07-02 19:16:43.126 D/        (    0): [ 2888.020275@0]- the clk_hevcb_mux   clock off, ref cnt: 0
07-02 19:16:43.126 D/        (    0): [ 2888.020284@0]- the vdec            clock off, ref cnt: 0
07-02 19:16:43.126 D/        (    0): [ 2888.020288@0]- the parser_top      clock off, ref cnt: 1
07-02 19:16:43.126 D/        (    0): [ 2888.020292@0]- the demux           clock off, ref cnt: 1
07-02 19:16:43.126 D/        (    0): [ 2888.020364@0]- the demux           clock on, ref cnt: 2
07-02 19:16:43.126 D/        (    0): [ 2888.020369@0]- the parser_top      clock on, ref cnt: 2
07-02 19:16:43.126 D/        (    0): [ 2888.020376@0]- the vdec            clock on, ref cnt: 1
07-02 19:16:43.126 D/        (    0): [ 2888.020415@0]- the clk_hevc_mux    clock on, ref cnt: 1
07-02 19:16:43.126 D/        (    0): [ 2888.020420@0]- the clk_hevcb_mux   clock on, ref cnt: 1
07-02 19:16:43.126 D/        (    0): [ 2888.020451@0]- hevc mux clock is 499999992 Hz
07-02 19:16:43.126 D/        (    0): [ 2888.020466@0]- hevc back mux clock is 499999992 Hz
07-02 19:16:43.126 D/        (    0): [ 2888.020577@0]- vdec_create instance 0000000067915076, total 1, PM: legacy
07-02 19:16:43.126 D/        (    0): [ 2888.020617@0]- no drmmode
07-02 19:16:43.126 I/        (    0): [ 2888.020653@0]- is_reset=1
07-02 19:16:43.126 I/        (    0): [ 2888.020674@0]- vdec_init, dev_name:ammvdec_h265, vdec_type=VDEC_TYPE_FRAME_BLOCK  id = 0
07-02 19:16:43.126 D/[ 2888.021316@0]- [0]pdata->config=hevc_buf_width(    0): 1920;hevc_buf_height:1088;hevc_buf_margin:0;hevc_double_write_mode:16;save_buffer_mode:0;
07-02 19:16:43.126 D/        (    0): [ 2888.021350@0]- decoder_bmmu_box_alloc_box, tvp_flags = 0
07-02 19:16:43.126 D/        (    0): [ 2888.022144@0]- [0]dynamic_buf_num_margin=9
07-02 19:16:43.126 D/        (    0): [ 2888.022152@0]- [0]double_write_mode=16
07-02 19:16:43.126 D/[ 2888.022161@0]- [0]h265(    0): pts_unstable=0
07-02 19:16:43.126 D/[ 2888.022167@0]- [0]h265(    0): ver (201602101,0) decinfo: 0x0 rate=3600
07-02 19:16:43.126 I/        (    0): [ 2888.022748@1]- [TEE], the fw (hevc_mmu) will be loaded.
07-02 19:16:43.126 D/        (    0): [ 2888.022792@1]- hevc mux clock is 666666656 Hz
07-02 19:16:43.126 D/        (    0): [ 2888.022807@1]- hevc back mux clock is 666666656 Hz
07-02 19:16:43.126 D/        (    0): [ 2888.022813@1]- hevc video changed to 3840 x 2160 60 fps clk->667MHZ
07-02 19:16:43.129 D/        (    0): [ 2888.022854@1]- vfm map vdec-map-0 created
07-02 19:16:43.129 I/[ 2888.022874@1]- dim(    0): ch[1]:di_receiver_event_fun,8:_REG
07-02 19:16:43.129 I/[ 2888.022879@1]- dim(    0): reg:vdec.h265.00[95]
07-02 19:16:43.130 I/[ 2888.023472@0]- dim(    0): reg:use[1]ms
07-02 19:16:43.130 E/[ 2888.023496@0]- reg(    0): v4lvideo
07-02 19:16:43.130 I/[ 2888.023505@0]- dim(    0): ch[1]:di_receiver_event_fun,3:_START
07-02 19:16:43.137 D/        (    0): [ 2888.023511@0]- vdec_init, vf_provider_name = vdec.h265.00, b 0
07-02 19:16:43.137 I/        (    0): [ 2888.024580@1]- vdec->port_flag=0x102, port_flag=0x10b
07-02 19:16:43.137 I/        (    0): [ 2888.024779@1]- is_reset=0
07-02 19:16:43.394 E/        (    0): [ 2888.287323@3]- mmu box NULL !!!
07-02 19:16:43.394 D/        (    0): [ 2888.287337@3]- [0]vh265 cached=0  need_size=6144 speed= 268 ms
07-02 19:16:43.394 D/        (    0): [ 2888.288108@3]- [0]hevc->performance_profile 0
07-02 19:16:43.394 D/        (    0): [ 2888.288116@3]- [0]set pic_list_init_flag 1
07-02 19:16:43.405 D/        (    0): [ 2888.300861@3]- [0]init_buf_spec2 1280 720
07-02 19:16:43.405 D/        (    0): [ 2888.300975@3]- [0]set pic_list_init_flag to 2
07-02 19:16:43.405 D/        (    0): [ 2888.301110@0]- [0]set pic_list_init_flag to 3
07-02 19:16:43.405 D/        (    0): [ 2888.301115@0]- [vdec_kpi][vh265_isr_thread_fn] First I frame coming.
07-02 19:16:43.407 D/[ 2888.303416@2]- [0]VH265(    0): output first frame
07-02 19:16:43.407 D/        (    0): [ 2888.303440@2]- [vdec_kpi][post_video_frame] First I frame decoded.
07-02 19:16:43.407 I/[ 2888.303545@0]- dim(    0): value reg:ch[1]:fix_buf:0;ponly <0,0>
07-02 19:16:43.407 I/[ 2888.303557@0]- dim(    0): 1280x720-0x9000.
07-02 19:16:43.408 I/[ 2888.303821@3]- v4lvideo(    0): provider name: vdec.h265.00
07-02 19:16:43.434 D/        (    0): [ 2888.327334@2]- cal_dur_from_pts vstatus 4000 dur3751 -> 4001, revised 4000
07-02 19:16:43.434 I/[ 2888.329293@2]- vframe_rate_uevent(    0): sent uevent FRAME_RATE_HINT=4000
07-02 19:16:43.910 W/[ 2888.803584@1]- RTW(    0): Turbo EDCA =0x431c
07-02 19:16:44.762 W/[ 2889.655043@1]- healthd(    0): battery l=100 v=4 t=0.0 h=2 st=2 c=1100 fc=10000000 chg=u
07-02 19:16:45.488 W/[ 2890.384191@3]- RTW(    0): fill_default_txdesc(wlan0): SP Packet(0x0806) rate=0x4 SeqNum = 1278
07-02 19:16:47.938 W/[ 2892.830934@0]- RTW(    0): Turbo EDCA =0x5ea42b
07-02 19:16:50.590 W/[ 2895.484007@0]- RTW(    0): fill_default_txdesc(wlan0): SP Packet(0x0806) rate=0x4 SeqNum = 1572
07-02 19:16:51.968 W/[ 2896.863103@0]- RTW(    0): Turbo EDCA =0x431c
07-02 19:16:53.986 W/[ 2898.878813@1]- RTW(    0): Turbo EDCA =0x5ea42b
07-02 19:16:55.687 W/[ 2900.583487@3]- RTW(    0): fill_default_txdesc(wlan0): SP Packet(0x0806) rate=0x4 SeqNum = 1853
07-02 19:16:58.018 W/[ 2902.911019@0]- RTW(    0): Turbo EDCA =0x431c
07-02 19:17:00.034 W/[ 2904.926800@2]- RTW(    0): Turbo EDCA =0x5ea42b
07-02 19:17:00.651 W/[ 2905.546904@3]- RTW(    0): fill_default_txdesc(wlan0): SP Packet(0x0806) rate=0x4 SeqNum = 2151
07-02 19:17:04.066 W/[ 2908.958927@0]- RTW(    0): Turbo EDCA =0x431c
07-02 19:17:05.838 W/[ 2910.733922@3]- RTW(    0): fill_default_txdesc(wlan0): SP Packet(0x0806) rate=0x4 SeqNum = 2417
07-02 19:17:06.082 W/[ 2910.975025@0]- RTW(    0): Turbo EDCA =0x5ea42b
07-02 19:17:08.574 W/[ 2913.467504@0]- RTW(    0): fill_default_txdesc(wlan0): SP Packet(0x0806) rate=0x4 SeqNum = 2531
07-02 19:17:08.703 W/[ 2913.598660@2]- RTW(    0): fill_default_txdesc(wlan0): SP Packet(0x0806) rate=0x4 SeqNum = 2540
07-02 19:17:10.391 W/[ 2915.286885@3]- RTW(    0): fill_default_txdesc(wlan0): SP Packet(0x0806) rate=0x4 SeqNum = 2641
07-02 19:17:12.130 W/[ 2917.022802@0]- RTW(    0): Turbo EDCA =0x431c
07-02 19:17:14.145 W/[ 2919.038840@0]- RTW(    0): Turbo EDCA =0x5ea42b
07-02 19:17:15.985 W/[ 2920.879663@3]- RTW(    0): fill_default_txdesc(wlan0): SP Packet(0x0806) rate=0x4 SeqNum = 2974
07-02 19:17:20.194 W/[ 2925.087879@0]- RTW(    0): Turbo EDCA =0x431c
07-02 19:17:20.868 W/[ 2925.763064@3]- RTW(    0): fill_default_txdesc(wlan0): SP Packet(0x0806) rate=0x4 SeqNum = 3270
07-02 19:17:22.210 W/[ 2927.103342@0]- RTW(    0): Turbo EDCA =0x5ea42b
07-02 19:17:25.998 W/[ 2930.890780@3]- RTW(    0): fill_default_txdesc(wlan0): SP Packet(0x0806) rate=0x4 SeqNum = 3507
07-02 19:17:28.254 W/[ 2933.150829@1]- RTW(    0): Turbo EDCA =0x431c
07-02 19:17:29.322 W/[ 2934.216244@0]- audit(    0): audit_lost=1440 audit_rate_limit=5 audit_backlog_limit=64
07-02 19:17:29.322 E/[ 2934.216252@0]- audit(    0): rate limit exceeded
07-02 19:17:30.210 W/[ 2935.104015@1]- RTW(    0): fill_default_txdesc(wlan0): SP Packet(0x0806) rate=0x4 SeqNum = 3835
07-02 19:17:30.282 W/[ 2935.171081@0]- RTW(    0): Turbo EDCA =0x5ea42b
07-02 19:17:13.974 I/chatty  ( 3846): uid=1000(system) android.bg identical 4 lines
07-02 19:17:24.066 I/UsageStatsService( 3846): User[0] Flushing usage stats to disk
07-02 19:17:30.744 D/AutofillManagerService( 3846): onBackKeyPressed()
07-02 19:17:30.790 I/        (    0): [ 2935.684529@0]- is_reset=1
07-02 19:17:30.790 I/[ 2935.685825@0]- vframe_rate_uevent(    0): sent uevent FRAME_RATE_HINT=0
07-02 19:17:30.790 I/[ 2935.686540@0]- dim(    0): ch[1]:di_receiver_event_fun,1:_UNREG
07-02 19:17:30.790 E/[ 2935.686584@0]- unreg(    0): v4lvideo
07-02 19:17:30.790 I/[ 2935.686642@0]- dim(    0): unreg:2keep[0], msk:[0x0,0x0]
07-02 19:17:30.802 I/[ 2935.697356@0]- dim(    0): unreg:use[11]ms
07-02 19:17:30.802 D/        (    0): [ 2935.697389@0]- vdec_disable_DMC input->target= 0x1
07-02 19:17:30.807 D/        (    0): [ 2935.699972@0]- vdec_release instance 0000000067915076, total 1 id = 0
07-02 19:17:30.809 D/        (    0): [ 2935.700439@0]- the clk_hevc_mux    clock off, ref cnt: 0
07-02 19:17:30.817 D/        (    0): [ 2935.700445@0]- the clk_hevcb_mux   clock off, ref cnt: 0
07-02 19:17:30.817 D/        (    0): [ 2935.700454@0]- the vdec            clock off, ref cnt: 0
07-02 19:17:30.817 D/        (    0): [ 2935.700458@0]- the parser_top      clock off, ref cnt: 1
07-02 19:17:30.817 D/        (    0): [ 2935.700462@0]- the demux           clock off, ref cnt: 1
07-02 19:17:30.817 D/        (    0): [ 2935.700558@0]- the demux           clock on, ref cnt: 2
07-02 19:17:30.817 D/        (    0): [ 2935.700563@0]- the parser_top      clock on, ref cnt: 2
07-02 19:17:30.817 D/        (    0): [ 2935.700570@0]- the vdec            clock on, ref cnt: 1
07-02 19:17:30.817 D/        (    0): [ 2935.700589@0]- the clk_hevc_mux    clock on, ref cnt: 1
07-02 19:17:30.817 D/        (    0): [ 2935.700594@0]- the clk_hevcb_mux   clock on, ref cnt: 1
07-02 19:17:30.817 D/        (    0): [ 2935.700626@0]- hevc mux clock is 499999992 Hz
07-02 19:17:30.817 D/        (    0): [ 2935.700642@0]- hevc back mux clock is 499999992 Hz
07-02 19:17:30.817 D/        (    0): [ 2935.700757@0]- vdec_create instance 000000001c97a76e, total 1, PM: legacy
07-02 19:17:30.817 D/        (    0): [ 2935.700799@0]- no drmmode
07-02 19:17:30.817 I/        (    0): [ 2935.700856@0]- is_reset=1
07-02 19:17:30.817 I/        (    0): [ 2935.700882@0]- vdec_init, dev_name:ammvdec_h265, vdec_type=VDEC_TYPE_FRAME_BLOCK  id = 0
07-02 19:17:30.817 D/[ 2935.701551@0]- [0]pdata->config=hevc_buf_width(    0): 1920;hevc_buf_height:1088;hevc_buf_margin:0;hevc_double_write_mode:16;save_buffer_mode:0;
07-02 19:17:30.817 D/        (    0): [ 2935.701584@0]- decoder_bmmu_box_alloc_box, tvp_flags = 0
07-02 19:17:30.817 D/        (    0): [ 2935.703725@3]- [0]dynamic_buf_num_margin=9
07-02 19:17:30.817 D/        (    0): [ 2935.703732@3]- [0]double_write_mode=16
07-02 19:17:30.817 D/[ 2935.703742@3]- [0]h265(    0): pts_unstable=0
07-02 19:17:30.817 D/[ 2935.703748@3]- [0]h265(    0): ver (201602101,0) decinfo: 0x0 rate=3600
07-02 19:17:30.817 I/        (    0): [ 2935.704938@3]- [TEE], the fw (hevc_mmu) will be loaded.
07-02 19:17:30.817 D/        (    0): [ 2935.704988@3]- hevc mux clock is 666666656 Hz
07-02 19:17:30.817 D/        (    0): [ 2935.705004@3]- hevc back mux clock is 666666656 Hz
07-02 19:17:30.817 D/        (    0): [ 2935.705010@3]- hevc video changed to 3840 x 2160 60 fps clk->667MHZ
07-02 19:17:30.817 D/        (    0): [ 2935.705056@3]- vfm map vdec-map-0 created
07-02 19:17:30.817 I/[ 2935.705076@3]- dim(    0): ch[1]:di_receiver_event_fun,8:_REG
07-02 19:17:30.818 I/[ 2935.705081@3]- dim(    0): reg:vdec.h265.00[96]
07-02 19:17:30.818 I/[ 2935.705720@0]- dim(    0): reg:use[0]ms
07-02 19:17:30.818 E/[ 2935.705746@0]- reg(    0): v4lvideo
07-02 19:17:30.818 I/[ 2935.705754@0]- dim(    0): ch[1]:di_receiver_event_fun,3:_START
07-02 19:17:30.818 D/        (    0): [ 2935.705759@0]- vdec_init, vf_provider_name = vdec.h265.00, b 0
07-02 19:17:30.818 I/        (    0): [ 2935.706873@0]- vdec->port_flag=0x102, port_flag=0x10b
07-02 19:17:30.818 I/        (    0): [ 2935.706946@0]- is_reset=0
07-02 19:17:30.845 I/        (    0): [ 2935.723578@0]- is_reset=1
07-02 19:17:30.845 I/[ 2935.723863@0]- vframe_rate_uevent(    0): sent uevent FRAME_RATE_HINT=0
07-02 19:17:30.845 I/[ 2935.723941@3]- dim(    0): ch[1]:di_receiver_event_fun,1:_UNREG
07-02 19:17:30.845 E/[ 2935.723955@3]- unreg(    0): v4lvideo
07-02 19:17:30.845 I/[ 2935.724899@3]- dim(    0): unreg:use[1]ms
07-02 19:17:30.845 D/        (    0): [ 2935.724933@3]- vdec_disable_DMC input->target= 0x1
07-02 19:17:30.845 D/        (    0): [ 2935.725422@3]- vdec_release instance 000000001c97a76e, total 1 id = 0
07-02 19:17:30.855 D/        (    0): [ 2935.725698@3]- the clk_hevc_mux    clock off, ref cnt: 0
07-02 19:17:30.855 D/        (    0): [ 2935.725707@3]- the clk_hevcb_mux   clock off, ref cnt: 0
07-02 19:17:30.855 D/        (    0): [ 2935.725716@3]- the vdec            clock off, ref cnt: 0
07-02 19:17:30.856 D/        (    0): [ 2935.725720@3]- the parser_top      clock off, ref cnt: 1
07-02 19:17:30.857 D/        (    0): [ 2935.725724@3]- the demux           clock off, ref cnt: 1
07-02 19:17:30.857 D/        (    0): [ 2935.725805@3]- the demux           clock on, ref cnt: 2
07-02 19:17:30.857 D/        (    0): [ 2935.725810@3]- the parser_top      clock on, ref cnt: 2
07-02 19:17:30.857 D/        (    0): [ 2935.725816@3]- the vdec            clock on, ref cnt: 1
07-02 19:17:30.857 D/        (    0): [ 2935.725835@3]- the clk_hevc_mux    clock on, ref cnt: 1
07-02 19:17:30.857 D/        (    0): [ 2935.725840@3]- the clk_hevcb_mux   clock on, ref cnt: 1
07-02 19:17:30.857 D/        (    0): [ 2935.725874@3]- hevc mux clock is 499999992 Hz
07-02 19:17:30.857 D/        (    0): [ 2935.725890@3]- hevc back mux clock is 499999992 Hz
07-02 19:17:30.857 D/        (    0): [ 2935.726021@3]- vdec_create instance 00000000b6c6d8f4, total 1, PM: legacy
07-02 19:17:30.857 D/        (    0): [ 2935.726061@3]- no drmmode
07-02 19:17:30.857 I/        (    0): [ 2935.726101@3]- is_reset=1
07-02 19:17:30.857 I/        (    0): [ 2935.726128@3]- vdec_init, dev_name:ammvdec_h265, vdec_type=VDEC_TYPE_FRAME_BLOCK  id = 0
07-02 19:17:30.857 D/[ 2935.727010@3]- [0]pdata->config=hevc_buf_width(    0): 1920;hevc_buf_height:1088;hevc_buf_margin:0;hevc_double_write_mode:16;save_buffer_mode:0;
07-02 19:17:30.857 D/        (    0): [ 2935.727043@3]- decoder_bmmu_box_alloc_box, tvp_flags = 0
07-02 19:17:30.857 D/        (    0): [ 2935.727439@3]- [0]dynamic_buf_num_margin=9
07-02 19:17:30.857 D/        (    0): [ 2935.727446@3]- [0]double_write_mode=16
07-02 19:17:30.857 D/[ 2935.727455@3]- [0]h265(    0): pts_unstable=0
07-02 19:17:30.857 D/[ 2935.727460@3]- [0]h265(    0): ver (201602101,0) decinfo: 0x0 rate=3600
07-02 19:17:30.857 I/        (    0): [ 2935.727859@3]- [TEE], the fw (hevc_mmu) will be loaded.
07-02 19:17:30.857 D/        (    0): [ 2935.727904@3]- hevc mux clock is 666666656 Hz
07-02 19:17:30.857 D/        (    0): [ 2935.727921@3]- hevc back mux clock is 666666656 Hz
07-02 19:17:30.857 D/        (    0): [ 2935.727926@3]- hevc video changed to 3840 x 2160 60 fps clk->667MHZ
07-02 19:17:30.857 D/        (    0): [ 2935.727975@3]- vfm map vdec-map-0 created
07-02 19:17:30.857 I/[ 2935.727994@3]- dim(    0): ch[1]:di_receiver_event_fun,8:_REG
07-02 19:17:30.857 I/[ 2935.727999@3]- dim(    0): reg:vdec.h265.00[97]
07-02 19:17:30.857 I/[ 2935.728595@0]- dim(    0): reg:use[0]ms
07-02 19:17:30.857 E/[ 2935.728618@0]- reg(    0): v4lvideo
07-02 19:17:30.857 I/[ 2935.728627@0]- dim(    0): ch[1]:di_receiver_event_fun,3:_START
07-02 19:17:30.857 D/        (    0): [ 2935.728632@0]- vdec_init, vf_provider_name = vdec.h265.00, b 0
07-02 19:17:30.857 I/        (    0): [ 2935.730237@0]- vdec->port_flag=0x102, port_flag=0x10b
07-02 19:17:30.857 I/        (    0): [ 2935.730351@0]- is_reset=0
07-02 19:17:30.857 I/[ 2935.736062@3]- vframe_rate_uevent(    0): sent uevent FRAME_RATE_HINT=0
07-02 19:17:30.857 I/[ 2935.736118@3]- dim(    0): ch[1]:di_receiver_event_fun,1:_UNREG
07-02 19:17:30.857 E/[ 2935.736130@3]- unreg(    0): v4lvideo
07-02 19:17:30.857 I/[ 2935.736691@1]- dim(    0): unreg:use[0]ms
07-02 19:17:30.857 D/        (    0): [ 2935.736759@1]- vdec_disable_DMC input->target= 0x1
07-02 19:17:30.857 D/        (    0): [ 2935.737487@3]- vdec_release instance 00000000b6c6d8f4, total 1 id = 0
07-02 19:17:30.857 D/        (    0): [ 2935.737639@3]- the clk_hevc_mux    clock off, ref cnt: 0
07-02 19:17:30.857 D/        (    0): [ 2935.737645@3]- the clk_hevcb_mux   clock off, ref cnt: 0
07-02 19:17:30.857 D/        (    0): [ 2935.737654@3]- the vdec            clock off, ref cnt: 0
07-02 19:17:30.858 D/        (    0): [ 2935.737658@3]- the parser_top      clock off, ref cnt: 1
07-02 19:17:30.858 D/        (    0): [ 2935.737662@3]- the demux           clock off, ref cnt: 1
07-02 19:17:30.858 D/        (    0): [ 2935.737689@3]d v4lvideo_release_map 0 OK
07-02 19:17:30.858 D/[ 2935.737784@3]- v4lvid(    0): dbg: vidioc_close!!!!
07-02 19:17:30.858 I/[ 2935.739072@3]- resman(    0): 79 release [codec_mm]
07-02 19:17:31.082 D/INSETS  ( 3846): else - Package Name ::  left : 0 right :: 0 top :: 0 bottom :: 0 dfu-right :: 1920 dfu-bottom :: 1080
07-02 19:17:31.125 I/[ 2936.016897@1]- vc(    0): [0]vc: set enable index=0, val=0
07-02 19:17:31.126 I/[ 2936.016919@1]- VID(    0): store VD0 path_id changed 2->-1
07-02 19:17:31.126 I/        (    0): [ 2936.016923@1]- dev->index =0, val=1
07-02 19:17:31.126 I/[ 2936.016928@1]- VID(    0): VD1 off
07-02 19:17:31.126 I/[ 2936.016933@1]- VID(    0): VD1 set global output as 0
07-02 19:17:31.126 I/        (    0): [ 2936.016950@1]- common_vf_unreg_provider video_render.0: vd1 used: true, vd2 used: false, black_out:0, cur_buf:000000004ba1dfee
07-02 19:17:31.306 D/INSETS  ( 3846): else - Package Name ::  left : 0 right :: 0 top :: 0 bottom :: 0 dfu-right :: 1920 dfu-bottom :: 1080
07-02 19:17:32.475 D/AutofillManagerService( 3846): onBackKeyPressed()
07-02 19:17:33.757 D/InputMethodManagerService( 3846): Top Package Name: in.startv.hotstar
07-02 19:17:33.759 W/ContextImpl( 3846): Calling a method in the system process without a qualified user: android.app.ContextImpl.sendBroadcast:1111 com.android.server.inputmethod.InputMethodManagerService.sendSoftInputVisibilityBroadcast:3258 com.android.server.inputmethod.InputMethodManagerService.showCurrentInputLocked:3231 com.android.server.inputmethod.InputMethodManagerService.showMySoftInput:4198 com.android.server.inputmethod.InputMethodManagerService.access$4100:189 
07-02 19:17:33.761 D/InputMethodManagerService( 3846): Top Package Name: in.startv.hotstar
07-02 19:17:33.762 W/ContextImpl( 3846): Calling a method in the system process without a qualified user: android.app.ContextImpl.sendBroadcast:1111 com.android.server.inputmethod.InputMethodManagerService.sendSoftInputVisibilityBroadcast:3258 com.android.server.inputmethod.InputMethodManagerService.showCurrentInputLocked:3231 com.android.server.inputmethod.InputMethodManagerService.showSoftInput:3153 com.android.internal.view.IInputMethodManager$Stub.onTransact:304 
07-02 19:17:33.765 W/ContextImpl( 3846): Calling a method in the system process without a qualified user: android.app.ContextImpl.sendBroadcast:1111 com.android.server.inputmethod.InputMethodManagerService.sendSoftInputVisibilityBroadcast:3258 com.android.server.inputmethod.InputMethodManagerService.hideCurrentInputLocked:3330 com.android.server.inputmethod.InputMethodManagerService.hideMySoftInput:4180 com.android.server.inputmethod.InputMethodManagerService.access$4000:189 
07-02 19:17:33.784 D/InputMethodManagerService( 3846): Top Package Name: in.startv.hotstar
07-02 19:17:33.795 W/ContextImpl( 3846): Calling a method in the system process without a qualified user: android.app.ContextImpl.sendBroadcast:1111 com.android.server.inputmethod.InputMethodManagerService.sendSoftInputVisibilityBroadcast:3258 com.android.server.inputmethod.InputMethodManagerService.showCurrentInputLocked:3231 com.android.server.inputmethod.InputMethodManagerService.showMySoftInput:4198 com.android.server.inputmethod.InputMethodManagerService.access$4100:189 
07-02 19:17:33.798 D/INSETS  ( 3846): else - Package Name ::  left : 0 right :: 0 top :: 0 bottom :: 0 dfu-right :: 1920 dfu-bottom :: 1080
07-02 19:17:33.800 I/chatty  ( 3846): uid=1000(system) Binder:3846_19 identical 2 lines
07-02 19:17:33.801 D/INSETS  ( 3846): else - Package Name ::  left : 0 right :: 0 top :: 0 bottom :: 0 dfu-right :: 1920 dfu-bottom :: 1080
07-02 19:17:33.820 D/INSETS  ( 3846): else - Package Name ::  left : 0 right :: 0 top :: 0 bottom :: 0 dfu-right :: 1920 dfu-bottom :: 1080
07-02 19:17:33.825 I/chatty  ( 3846): uid=1000(system) android.anim identical 2 lines
07-02 19:17:33.826 D/INSETS  ( 3846): else - Package Name ::  left : 0 right :: 0 top :: 0 bottom :: 0 dfu-right :: 1920 dfu-bottom :: 1080
07-02 19:17:33.841 D/INSETS  ( 3846): else - Package Name ::  left : 0 right :: 0 top :: 0 bottom :: 0 dfu-right :: 1920 dfu-bottom :: 1080
07-02 19:17:33.841 D/INSETS  ( 3846): else - Package Name ::  left : 0 right :: 0 top :: 0 bottom :: 0 dfu-right :: 1920 dfu-bottom :: 1080
07-02 19:17:33.857 D/InputMethodManagerService( 3846): Top Package Name: in.startv.hotstar
07-02 19:17:33.858 W/ContextImpl( 3846): Calling a method in the system process without a qualified user: android.app.ContextImpl.sendBroadcast:1111 com.android.server.inputmethod.InputMethodManagerService.sendSoftInputVisibilityBroadcast:3258 com.android.server.inputmethod.InputMethodManagerService.showCurrentInputLocked:3231 com.android.server.inputmethod.InputMethodManagerService.showMySoftInput:4198 com.android.server.inputmethod.InputMethodManagerService.access$4100:189 
07-02 19:17:33.894 D/INSETS  ( 3846): else - Package Name ::  left : 0 right :: 0 top :: 0 bottom :: 0 dfu-right :: 1920 dfu-bottom :: 1080
07-02 19:17:33.941 I/chatty  ( 3846): uid=1000(system) Binder:3846_14 identical 3 lines
07-02 19:17:33.941 D/INSETS  ( 3846): else - Package Name ::  left : 0 right :: 0 top :: 0 bottom :: 0 dfu-right :: 1920 dfu-bottom :: 1080
07-02 19:17:33.959 D/INSETS  ( 3846): else - Package Name ::  left : 0 right :: 0 top :: 0 bottom :: 0 dfu-right :: 1920 dfu-bottom :: 1080
07-02 19:17:33.970 I/chatty  ( 3846): uid=1000(system) android.anim identical 4 lines
07-02 19:17:33.971 D/INSETS  ( 3846): else - Package Name ::  left : 0 right :: 0 top :: 0 bottom :: 0 dfu-right :: 1920 dfu-bottom :: 1080
07-02 19:17:33.974 D/INSETS  ( 3846): else - Package Name ::  left : 0 right :: 0 top :: 0 bottom :: 0 dfu-right :: 1920 dfu-bottom :: 1080
07-02 19:17:33.974 I/chatty  ( 3846): uid=1000(system) android.display identical 1 line
07-02 19:17:33.975 D/INSETS  ( 3846): else - Package Name ::  left : 0 right :: 0 top :: 0 bottom :: 0 dfu-right :: 1920 dfu-bottom :: 1080
07-02 19:17:33.991 W/NotificationHistory( 3846): Attempted to add notif for locked/gone/disabled user 0
07-02 19:17:33.993 D/InputMethodManagerService( 3846): Top Package Name: in.startv.hotstar
07-02 19:17:33.994 W/ContextImpl( 3846): Calling a method in the system process without a qualified user: android.app.ContextImpl.sendBroadcast:1111 com.android.server.inputmethod.InputMethodManagerService.sendSoftInputVisibilityBroadcast:3258 com.android.server.inputmethod.InputMethodManagerService.showCurrentInputLocked:3231 com.android.server.inputmethod.InputMethodManagerService.showMySoftInput:4198 com.android.server.inputmethod.InputMethodManagerService.access$4100:189 
07-02 19:17:34.027 D/INSETS  ( 3846): else - Package Name ::  left : 0 right :: 0 top :: 0 bottom :: 0 dfu-right :: 1920 dfu-bottom :: 1080
07-02 19:17:34.027 I/chatty  ( 3846): uid=1000(system) android.display identical 1 line
07-02 19:17:34.028 D/INSETS  ( 3846): else - Package Name ::  left : 0 right :: 0 top :: 0 bottom :: 0 dfu-right :: 1920 dfu-bottom :: 1080
07-02 19:17:34.044 D/InputMethodManagerService( 3846): Top Package Name: in.startv.hotstar
07-02 19:17:34.045 W/ContextImpl( 3846): Calling a method in the system process without a qualified user: android.app.ContextImpl.sendBroadcast:1111 com.android.server.inputmethod.InputMethodManagerService.sendSoftInputVisibilityBroadcast:3258 com.android.server.inputmethod.InputMethodManagerService.showCurrentInputLocked:3231 com.android.server.inputmethod.InputMethodManagerService.showMySoftInput:4198 com.android.server.inputmethod.InputMethodManagerService.access$4100:189 
07-02 19:17:34.083 D/INSETS  ( 3846): else - Package Name ::  left : 0 right :: 0 top :: 0 bottom :: 0 dfu-right :: 1920 dfu-bottom :: 1080
07-02 19:17:34.083 I/chatty  ( 3846): uid=1000(system) android.display identical 1 line
07-02 19:17:34.084 D/INSETS  ( 3846): else - Package Name ::  left : 0 right :: 0 top :: 0 bottom :: 0 dfu-right :: 1920 dfu-bottom :: 1080
07-02 19:17:34.095 D/INSETS  ( 3846): else - Package Name ::  left : 0 right :: 0 top :: 0 bottom :: 0 dfu-right :: 1920 dfu-bottom :: 1080
07-02 19:17:34.096 I/chatty  ( 3846): uid=1000(system) Binder:3846_19 identical 1 line
07-02 19:17:34.096 D/INSETS  ( 3846): else - Package Name ::  left : 0 right :: 0 top :: 0 bottom :: 0 dfu-right :: 1920 dfu-bottom :: 1080
07-02 19:17:34.166 I/UsageStatsService( 3846): User[0] Flushing usage stats to disk
07-02 19:17:34.254 W/NotificationHistory( 3846): Attempted to add notif for locked/gone/disabled user 0
07-02 19:17:34.784 D/InputMethodManagerService( 3846): Top Package Name: in.startv.hotstar
07-02 19:17:34.785 W/ContextImpl( 3846): Calling a method in the system process without a qualified user: android.app.ContextImpl.sendBroadcast:1111 com.android.server.inputmethod.InputMethodManagerService.sendSoftInputVisibilityBroadcast:3258 com.android.server.inputmethod.InputMethodManagerService.showCurrentInputLocked:3231 com.android.server.inputmethod.InputMethodManagerService.attachNewInputLocked:2397 com.android.server.inputmethod.InputMethodManagerService.startInputUncheckedLocked:2503 
07-02 19:17:34.787 D/InputMethodManagerService( 3846): Top Package Name: in.startv.hotstar
07-02 19:17:34.788 W/ContextImpl( 3846): Calling a method in the system process without a qualified user: android.app.ContextImpl.sendBroadcast:1111 com.android.server.inputmethod.InputMethodManagerService.sendSoftInputVisibilityBroadcast:3258 com.android.server.inputmethod.InputMethodManagerService.showCurrentInputLocked:3231 com.android.server.inputmethod.InputMethodManagerService.showMySoftInput:4198 com.android.server.inputmethod.InputMethodManagerService.access$4100:189 
07-02 19:17:34.799 D/INSETS  ( 3846): else - Package Name ::  left : 0 right :: 0 top :: 0 bottom :: 0 dfu-right :: 1920 dfu-bottom :: 1080
07-02 19:17:34.799 I/chatty  ( 3846): uid=1000(system) Binder:3846_14 identical 1 line
07-02 19:17:34.800 D/INSETS  ( 3846): else - Package Name ::  left : 0 right :: 0 top :: 0 bottom :: 0 dfu-right :: 1920 dfu-bottom :: 1080
07-02 19:17:34.810 D/InputMethodManagerService( 3846): Top Package Name: in.startv.hotstar
07-02 19:17:34.811 W/ContextImpl( 3846): Calling a method in the system process without a qualified user: android.app.ContextImpl.sendBroadcast:1111 com.android.server.inputmethod.InputMethodManagerService.sendSoftInputVisibilityBroadcast:3258 com.android.server.inputmethod.InputMethodManagerService.showCurrentInputLocked:3231 com.android.server.inputmethod.InputMethodManagerService.showMySoftInput:4198 com.android.server.inputmethod.InputMethodManagerService.access$4100:189 
07-02 19:17:34.957 D/INSETS  ( 3846): else - Package Name ::  left : 0 right :: 0 top :: 0 bottom :: 0 dfu-right :: 1920 dfu-bottom :: 1080
07-02 19:17:35.281 W/[ 2940.176702@3]- RTW(    0): fill_default_txdesc(wlan0): SP Packet(0x0806) rate=0x4 SeqNum = 374
07-02 19:17:34.973 I/chatty  ( 3846): uid=1000(system) android.anim identical 2 lines
07-02 19:17:34.973 D/INSETS  ( 3846): else - Package Name ::  left : 0 right :: 0 top :: 0 bottom :: 0 dfu-right :: 1920 dfu-bottom :: 1080
07-02 19:17:35.414 D/InputMethodManagerService( 3846): Top Package Name: in.startv.hotstar
07-02 19:17:35.415 W/ContextImpl( 3846): Calling a method in the system process without a qualified user: android.app.ContextImpl.sendBroadcast:1111 com.android.server.inputmethod.InputMethodManagerService.sendSoftInputVisibilityBroadcast:3258 com.android.server.inputmethod.InputMethodManagerService.showCurrentInputLocked:3231 com.android.server.inputmethod.InputMethodManagerService.attachNewInputLocked:2397 com.android.server.inputmethod.InputMethodManagerService.startInputUncheckedLocked:2503 
07-02 19:17:35.419 D/InputMethodManagerService( 3846): Top Package Name: in.startv.hotstar
07-02 19:17:35.420 W/ContextImpl( 3846): Calling a method in the system process without a qualified user: android.app.ContextImpl.sendBroadcast:1111 com.android.server.inputmethod.InputMethodManagerService.sendSoftInputVisibilityBroadcast:3258 com.android.server.inputmethod.InputMethodManagerService.showCurrentInputLocked:3231 com.android.server.inputmethod.InputMethodManagerService.showMySoftInput:4198 com.android.server.inputmethod.InputMethodManagerService.access$4100:189 
07-02 19:17:35.431 D/InputMethodManagerService( 3846): Top Package Name: in.startv.hotstar
07-02 19:17:35.432 W/ContextImpl( 3846): Calling a method in the system process without a qualified user: android.app.ContextImpl.sendBroadcast:1111 com.android.server.inputmethod.InputMethodManagerService.sendSoftInputVisibilityBroadcast:3258 com.android.server.inputmethod.InputMethodManagerService.showCurrentInputLocked:3231 com.android.server.inputmethod.InputMethodManagerService.showMySoftInput:4198 com.android.server.inputmethod.InputMethodManagerService.access$4100:189 
07-02 19:17:36.351 D/AutofillManagerService( 3846): onBackKeyPressed()
07-02 19:17:36.353 W/ContextImpl( 3846): Calling a method in the system process without a qualified user: android.app.ContextImpl.sendBroadcast:1111 com.android.server.inputmethod.InputMethodManagerService.sendSoftInputVisibilityBroadcast:3258 com.android.server.inputmethod.InputMethodManagerService.hideCurrentInputLocked:3330 com.android.server.inputmethod.InputMethodManagerService.hideMySoftInput:4180 com.android.server.inputmethod.InputMethodManagerService.access$4000:189 
07-02 19:17:36.364 D/INSETS  ( 3846): else - Package Name ::  left : 0 right :: 0 top :: 0 bottom :: 0 dfu-right :: 1920 dfu-bottom :: 1080
07-02 19:17:36.364 D/INSETS  ( 3846): else - Package Name ::  left : 0 right :: 0 top :: 0 bottom :: 0 dfu-right :: 1920 dfu-bottom :: 1080
07-02 19:17:36.373 D/INSETS  ( 3846): else - Package Name ::  left : 0 right :: 0 top :: 0 bottom :: 0 dfu-right :: 1920 dfu-bottom :: 1080
07-02 19:17:36.373 D/INSETS  ( 3846): else - Package Name ::  left : 0 right :: 0 top :: 0 bottom :: 0 dfu-right :: 1920 dfu-bottom :: 1080
07-02 19:17:36.380 D/INSETS  ( 3846): else - Package Name ::  left : 0 right :: 0 top :: 0 bottom :: 0 dfu-right :: 1920 dfu-bottom :: 1080
07-02 19:17:36.381 D/INSETS  ( 3846): else - Package Name ::  left : 0 right :: 0 top :: 0 bottom :: 0 dfu-right :: 1920 dfu-bottom :: 1080
