07-02 19:21:58.031 D/        (    0): [ 3202.926986@3]- vdec1 video changed to 3840 x 2160 60 fps clk->667MHZ
07-02 19:21:58.031 W/        (    0): [ 3202.926992@3]- H264 sysinfo: 1280x720 duration=3200, pts_outside=1
07-02 19:21:58.031 D/        (    0): [ 3202.926997@3]- sync_outside=0, use_idr_framerate=0, is_used_v4l: 0
07-02 19:21:58.031 I/        (    0): [ 3202.927187@3]- [TEE], the fw (h264_multi) will be loaded.
07-02 19:21:58.031 D/        (    0): [ 3202.927606@3]- vh264_init, phy_addr=7446e000 vaddr=000000003814ff13
07-02 19:21:58.031 D/        (    0): [ 3202.927751@3]- vfm map vdec-map-0 created
07-02 19:21:58.031 I/[ 3202.927771@3]- dim(    0): ch[1]:di_receiver_event_fun,8:_REG
07-02 19:21:58.031 I/[ 3202.927777@3]- dim(    0): reg:vdec.h264.00[120]
07-02 19:21:58.034 I/[ 3202.928488@3]- dim(    0): reg:use[1]ms
07-02 19:21:58.034 E/[ 3202.928511@3]- reg(    0): v4lvideo
07-02 19:21:58.034 I/[ 3202.928519@3]- dim(    0): ch[1]:di_receiver_event_fun,3:_START
07-02 19:21:58.034 D/        (    0): [ 3202.928525@3]- vdec_init, vf_provider_name = vdec.h264.00, b 0
07-02 19:21:58.034 I/        (    0): [ 3202.929189@3]- vdec->port_flag=0x102, port_flag=0x10b
07-02 19:21:58.034 I/        (    0): [ 3202.929317@3]- is_reset=0
07-02 19:21:58.038 I/[ 3202.934153@3]- vframe_rate_uevent(    0): sent uevent FRAME_RATE_HINT=0
07-02 19:21:58.038 I/[ 3202.934609@0]- dim(    0): ch[1]:di_receiver_event_fun,1:_UNREG
07-02 19:21:58.038 E/[ 3202.934623@0]- unreg(    0): v4lvideo
07-02 19:21:58.039 I/[ 3202.934695@0]- dim(    0): unreg:use[0]ms
07-02 19:21:58.039 D/        (    0): [ 3202.934717@0]- vdec_disable_DMC input->target= 0x0
07-02 19:21:58.039 D/[ 3202.934860@0]- 0(    0): vh264_stop
07-02 19:21:58.040 D/        (    0): [ 3202.935434@0]- vdec_release instance 00000000da9d0be5, total 1 id = 0
07-02 19:21:58.040 D/        (    0): [ 3202.935618@0]- the clk_vdec_mux    clock off, ref cnt: 0
07-02 19:21:58.040 D/        (    0): [ 3202.935628@0]- the vdec            clock off, ref cnt: 0
07-02 19:21:58.041 D/        (    0): [ 3202.935632@0]- the parser_top      clock off, ref cnt: 1
07-02 19:21:58.041 D/        (    0): [ 3202.935637@0]- the demux           clock off, ref cnt: 1
07-02 19:21:58.041 D/        (    0): [ 3202.935662@0]d v4lvideo_release_map 0 OK
07-02 19:21:58.041 D/[ 3202.935781@0]- v4lvid(    0): dbg: vidioc_close!!!!
07-02 19:21:58.041 I/[ 3202.937220@0]- resman(    0): 92 release [codec_mm]
07-02 19:21:58.055 I/[ 3202.950284@1]- resman(    0): 93 appname:OMX-68, type=0
07-02 19:21:58.109 I/[ 3203.001362@0]- resman(    0): 93 acquire [codec_mm], preempt yes
07-02 19:21:58.109 I/[ 3203.001372@0]- resman(    0): 93 score 30 secure no
07-02 19:21:58.109 I/[ 3203.001378@0]- resman(    0): 93 acquire [codec_mm] success
07-02 19:21:58.109 D/        (    0): [ 3203.001428@0]- the demux           clock on, ref cnt: 2
07-02 19:21:58.109 D/        (    0): [ 3203.001434@0]- the parser_top      clock on, ref cnt: 2
07-02 19:21:58.110 D/        (    0): [ 3203.001444@0]- the vdec            clock on, ref cnt: 1
07-02 19:21:58.110 D/        (    0): [ 3203.001467@0]- the clk_hevc_mux    clock on, ref cnt: 1
07-02 19:21:58.110 D/        (    0): [ 3203.001472@0]- the clk_hevcb_mux   clock on, ref cnt: 1
07-02 19:21:58.110 D/        (    0): [ 3203.001502@0]- hevc mux clock is 499999992 Hz
07-02 19:21:58.110 D/        (    0): [ 3203.001519@0]- hevc back mux clock is 499999992 Hz
07-02 19:21:58.110 D/        (    0): [ 3203.001657@0]- vdec_create instance 00000000f1853d42, total 1, PM: legacy
07-02 19:21:58.110 D/        (    0): [ 3203.001691@0]- no drmmode
07-02 19:21:58.110 I/        (    0): [ 3203.001714@0]- is_reset=0
07-02 19:21:58.110 I/        (    0): [ 3203.001762@0]- vdec_init, dev_name:ammvdec_h265, vdec_type=VDEC_TYPE_FRAME_BLOCK  id = 0
07-02 19:21:58.110 D/[ 3203.002497@0]- [0]pdata->config=hevc_buf_width(    0): 1920;hevc_buf_height:1088;hevc_buf_margin:0;hevc_double_write_mode:16;save_buffer_mode:0;
07-02 19:21:58.110 D/        (    0): [ 3203.002530@0]- decoder_bmmu_box_alloc_box, tvp_flags = 0
07-02 19:21:58.110 D/        (    0): [ 3203.004997@0]- [0]dynamic_buf_num_margin=9
07-02 19:21:58.110 D/        (    0): [ 3203.005005@0]- [0]double_write_mode=16
07-02 19:21:58.110 D/[ 3203.005014@0]- [0]h265(    0): pts_unstable=0
07-02 19:21:58.110 D/[ 3203.005019@0]- [0]h265(    0): ver (201602101,0) decinfo: 0x0 rate=3600
07-02 19:21:58.110 I/        (    0): [ 3203.005885@2]- [TEE], the fw (hevc_mmu) will be loaded.
07-02 19:21:58.110 D/        (    0): [ 3203.005933@2]- hevc mux clock is 666666656 Hz
07-02 19:21:58.110 D/        (    0): [ 3203.005948@2]- hevc back mux clock is 666666656 Hz
07-02 19:21:58.110 D/        (    0): [ 3203.005953@2]- hevc video changed to 3840 x 2160 60 fps clk->667MHZ
07-02 19:21:58.110 D/        (    0): [ 3203.005998@2]- vfm map vdec-map-0 created
07-02 19:21:58.110 I/[ 3203.006017@2]- dim(    0): ch[1]:di_receiver_event_fun,8:_REG
07-02 19:21:58.110 I/[ 3203.006022@2]- dim(    0): reg:vdec.h265.00[121]
07-02 19:21:58.110 I/[ 3203.006588@0]- dim(    0): reg:use[0]ms
07-02 19:21:58.110 E/[ 3203.006612@0]- reg(    0): v4lvideo
07-02 19:21:58.110 I/[ 3203.006619@0]- dim(    0): ch[1]:di_receiver_event_fun,3:_START
07-02 19:21:58.110 D/        (    0): [ 3203.006626@0]- vdec_init, vf_provider_name = vdec.h265.00, b 0
07-02 19:21:58.114 I/        (    0): [ 3203.007561@0]- vdec->port_flag=0x102, port_flag=0x10b
07-02 19:21:58.119 D/[ 3203.010797@0]- v4lvid(    0): dbg: v4lvideo open
07-02 19:21:58.128 E/        (    0): [ 3203.024442@1]- mmu box NULL !!!
07-02 19:21:58.129 D/        (    0): [ 3203.024457@1]- [0]vh265 cached=0  need_size=6144 speed= 20 ms
07-02 19:21:58.129 D/        (    0): [ 3203.025025@0]- [0]hevc->performance_profile 0
07-02 19:21:58.129 D/        (    0): [ 3203.025034@0]- [0]set pic_list_init_flag 1
07-02 19:21:58.157 D/        (    0): [ 3203.053702@3]- [0]init_buf_spec2 1280 720
07-02 19:21:58.158 D/        (    0): [ 3203.053711@3]- [0]set pic_list_init_flag to 2
07-02 19:21:58.158 D/        (    0): [ 3203.053753@0]- [0]set pic_list_init_flag to 3
07-02 19:21:58.171 D/        (    0): [ 3203.053758@0]- [vdec_kpi][vh265_isr_thread_fn] First I frame coming.
07-02 19:21:58.172 D/[ 3203.055104@0]- [0]VH265(    0): output first frame
07-02 19:21:58.172 D/        (    0): [ 3203.055123@0]- [vdec_kpi][post_video_frame] First I frame decoded.
07-02 19:21:58.172 I/[ 3203.055193@0]- dim(    0): value reg:ch[1]:fix_buf:0;ponly <0,0>
07-02 19:21:58.172 I/[ 3203.055203@0]- dim(    0): 1280x720-0x9000.
07-02 19:21:58.172 I/[ 3203.055847@2]- v4lvideo(    0): provider name: vdec.h265.00
07-02 19:21:58.172 D/        (    0): [ 3203.066325@1]- cal_dur_from_pts vstatus 3840 dur3600 -> 3840, revised 3840
07-02 19:21:58.172 I/[ 3203.068715@1]- vframe_rate_uevent(    0): sent uevent FRAME_RATE_HINT=3840
07-02 19:21:58.182 I/        (    0): [ 3203.077116@1]- is_reset=1
07-02 19:21:58.182 I/[ 3203.077527@1]- vframe_rate_uevent(    0): sent uevent FRAME_RATE_HINT=0
07-02 19:21:58.182 I/[ 3203.078348@2]- dim(    0): ch[1]:di_receiver_event_fun,1:_UNREG
07-02 19:21:58.182 E/[ 3203.078377@2]- unreg(    0): v4lvideo
07-02 19:21:58.182 I/[ 3203.078475@0]- dim(    0): unreg:2keep[0], msk:[0x0,0x0]
07-02 19:21:58.194 I/[ 3203.089927@3]- dim(    0): unreg:use[11]ms
07-02 19:21:58.194 D/        (    0): [ 3203.089989@3]- vdec_disable_DMC input->target= 0x1
07-02 19:21:58.200 D/        (    0): [ 3203.092065@1]- vdec_release instance 00000000f1853d42, total 1 id = 0
07-02 19:21:58.200 D/        (    0): [ 3203.092249@1]- the clk_hevc_mux    clock off, ref cnt: 0
07-02 19:21:58.200 D/        (    0): [ 3203.092256@1]- the clk_hevcb_mux   clock off, ref cnt: 0
07-02 19:21:58.200 D/        (    0): [ 3203.092265@1]- the vdec            clock off, ref cnt: 0
07-02 19:21:58.200 D/        (    0): [ 3203.092270@1]- the parser_top      clock off, ref cnt: 1
07-02 19:21:58.200 D/        (    0): [ 3203.092273@1]- the demux           clock off, ref cnt: 1
07-02 19:21:58.200 D/        (    0): [ 3203.092346@1]- the demux           clock on, ref cnt: 2
07-02 19:21:58.200 D/        (    0): [ 3203.092352@1]- the parser_top      clock on, ref cnt: 2
07-02 19:21:58.200 D/        (    0): [ 3203.092358@1]- the vdec            clock on, ref cnt: 1
07-02 19:21:58.200 D/        (    0): [ 3203.092378@1]- the clk_hevc_mux    clock on, ref cnt: 1
07-02 19:21:58.200 D/        (    0): [ 3203.092383@1]- the clk_hevcb_mux   clock on, ref cnt: 1
07-02 19:21:58.200 D/        (    0): [ 3203.092415@1]- hevc mux clock is 499999992 Hz
07-02 19:21:58.200 D/        (    0): [ 3203.092430@1]- hevc back mux clock is 499999992 Hz
07-02 19:21:58.200 D/        (    0): [ 3203.093002@1]- vdec_create instance 00000000dbd7d7cb, total 1, PM: legacy
07-02 19:21:58.200 D/        (    0): [ 3203.093055@1]- no drmmode
07-02 19:21:58.200 I/        (    0): [ 3203.093101@1]- is_reset=1
07-02 19:21:58.200 I/        (    0): [ 3203.093129@1]- vdec_init, dev_name:ammvdec_h265, vdec_type=VDEC_TYPE_FRAME_BLOCK  id = 0
07-02 19:21:58.200 D/[ 3203.093947@1]- [0]pdata->config=hevc_buf_width(    0): 1920;hevc_buf_height:1088;hevc_buf_margin:0;hevc_double_write_mode:16;save_buffer_mode:0;
07-02 19:21:58.201 D/        (    0): [ 3203.093980@1]- decoder_bmmu_box_alloc_box, tvp_flags = 0
07-02 19:21:58.205 D/        (    0): [ 3203.098202@3]- [0]dynamic_buf_num_margin=9
07-02 19:21:58.205 D/        (    0): [ 3203.098210@3]- [0]double_write_mode=16
07-02 19:21:58.205 D/[ 3203.098221@3]- [0]h265(    0): pts_unstable=0
07-02 19:21:58.205 D/[ 3203.098226@3]- [0]h265(    0): ver (201602101,0) decinfo: 0x0 rate=3600
07-02 19:21:58.205 I/        (    0): [ 3203.100102@3]- [TEE], the fw (hevc_mmu) will be loaded.
07-02 19:21:58.205 D/        (    0): [ 3203.100157@3]- hevc mux clock is 666666656 Hz
07-02 19:21:58.205 D/        (    0): [ 3203.100173@3]- hevc back mux clock is 666666656 Hz
07-02 19:21:58.211 D/        (    0): [ 3203.100179@3]- hevc video changed to 3840 x 2160 60 fps clk->667MHZ
07-02 19:21:58.212 D/        (    0): [ 3203.100218@3]- vfm map vdec-map-0 created
07-02 19:21:58.212 I/[ 3203.100238@3]- dim(    0): ch[1]:di_receiver_event_fun,8:_REG
07-02 19:21:58.213 I/[ 3203.100243@3]- dim(    0): reg:vdec.h265.00[122]
07-02 19:21:58.213 I/[ 3203.100884@0]- dim(    0): reg:use[0]ms
07-02 19:21:58.213 E/[ 3203.102104@0]- reg(    0): v4lvideo
07-02 19:21:58.213 I/[ 3203.102118@0]- dim(    0): ch[1]:di_receiver_event_fun,3:_START
07-02 19:21:58.232 D/        (    0): [ 3203.102124@0]- vdec_init, vf_provider_name = vdec.h265.00, b 0
07-02 19:21:58.253 I/        (    0): [ 3203.103370@2]- vdec->port_flag=0x102, port_flag=0x10b
07-02 19:21:58.254 I/        (    0): [ 3203.103488@2]- is_reset=0
07-02 19:21:58.254 I/        (    0): [ 3203.126087@1]- is_reset=1
07-02 19:21:58.254 I/[ 3203.126588@1]- vframe_rate_uevent(    0): sent uevent FRAME_RATE_HINT=0
07-02 19:21:58.254 I/[ 3203.126720@1]- dim(    0): ch[1]:di_receiver_event_fun,1:_UNREG
07-02 19:21:58.254 E/[ 3203.126732@1]- unreg(    0): v4lvideo
07-02 19:21:58.254 I/[ 3203.127311@1]- dim(    0): unreg:use[1]ms
07-02 19:21:58.254 D/        (    0): [ 3203.127341@1]- vdec_disable_DMC input->target= 0x1
07-02 19:21:58.254 D/        (    0): [ 3203.127821@1]- vdec_release instance 00000000dbd7d7cb, total 1 id = 0
07-02 19:21:58.254 D/        (    0): [ 3203.127976@1]- the clk_hevc_mux    clock off, ref cnt: 0
07-02 19:21:58.254 D/        (    0): [ 3203.127983@1]- the clk_hevcb_mux   clock off, ref cnt: 0
07-02 19:21:58.254 D/        (    0): [ 3203.127992@1]- the vdec            clock off, ref cnt: 0
07-02 19:21:58.254 D/        (    0): [ 3203.127996@1]- the parser_top      clock off, ref cnt: 1
07-02 19:21:58.254 D/        (    0): [ 3203.128000@1]- the demux           clock off, ref cnt: 1
07-02 19:21:58.254 D/        (    0): [ 3203.128070@1]- the demux           clock on, ref cnt: 2
07-02 19:21:58.254 D/        (    0): [ 3203.128076@1]- the parser_top      clock on, ref cnt: 2
07-02 19:21:58.254 D/        (    0): [ 3203.128082@1]- the vdec            clock on, ref cnt: 1
07-02 19:21:58.254 D/        (    0): [ 3203.128101@1]- the clk_hevc_mux    clock on, ref cnt: 1
07-02 19:21:58.254 D/        (    0): [ 3203.128106@1]- the clk_hevcb_mux   clock on, ref cnt: 1
07-02 19:21:58.254 D/        (    0): [ 3203.128138@1]- hevc mux clock is 499999992 Hz
07-02 19:21:58.254 D/        (    0): [ 3203.128154@1]- hevc back mux clock is 499999992 Hz
07-02 19:21:58.254 D/        (    0): [ 3203.128418@1]- vdec_create instance 000000005ad99ff1, total 1, PM: legacy
07-02 19:21:58.254 D/        (    0): [ 3203.128464@1]- no drmmode
07-02 19:21:58.254 I/        (    0): [ 3203.128510@1]- is_reset=1
07-02 19:21:58.254 I/        (    0): [ 3203.128537@1]- vdec_init, dev_name:ammvdec_h265, vdec_type=VDEC_TYPE_FRAME_BLOCK  id = 0
07-02 19:21:58.254 D/[ 3203.129208@1]- [0]pdata->config=hevc_buf_width(    0): 1920;hevc_buf_height:1088;hevc_buf_margin:0;hevc_double_write_mode:16;save_buffer_mode:0;
07-02 19:21:58.254 D/        (    0): [ 3203.129289@1]- decoder_bmmu_box_alloc_box, tvp_flags = 0
07-02 19:21:58.254 D/        (    0): [ 3203.129738@1]- [0]dynamic_buf_num_margin=9
07-02 19:21:58.255 D/        (    0): [ 3203.129744@1]- [0]double_write_mode=16
07-02 19:21:58.255 D/[ 3203.129754@1]- [0]h265(    0): pts_unstable=0
07-02 19:21:58.255 D/[ 3203.129759@1]- [0]h265(    0): ver (201602101,0) decinfo: 0x0 rate=3600
07-02 19:21:58.255 I/        (    0): [ 3203.130249@1]- [TEE], the fw (hevc_mmu) will be loaded.
07-02 19:21:58.255 D/        (    0): [ 3203.130299@1]- hevc mux clock is 666666656 Hz
07-02 19:21:58.255 D/        (    0): [ 3203.130315@1]- hevc back mux clock is 666666656 Hz
07-02 19:21:58.255 D/        (    0): [ 3203.130320@1]- hevc video changed to 3840 x 2160 60 fps clk->667MHZ
07-02 19:21:58.255 D/        (    0): [ 3203.130367@1]- vfm map vdec-map-0 created
07-02 19:21:58.255 I/[ 3203.130386@1]- dim(    0): ch[1]:di_receiver_event_fun,8:_REG
07-02 19:21:58.255 I/[ 3203.130391@1]- dim(    0): reg:vdec.h265.00[123]
07-02 19:21:58.255 I/[ 3203.130942@1]- dim(    0): reg:use[0]ms
07-02 19:21:58.255 E/[ 3203.131333@1]- reg(    0): v4lvideo
07-02 19:21:58.255 I/[ 3203.131345@1]- dim(    0): ch[1]:di_receiver_event_fun,3:_START
07-02 19:21:58.255 D/        (    0): [ 3203.131351@1]- vdec_init, vf_provider_name = vdec.h265.00, b 0
07-02 19:21:58.255 I/        (    0): [ 3203.132426@3]- vdec->port_flag=0x102, port_flag=0x10b
07-02 19:21:58.255 I/        (    0): [ 3203.132507@3]- is_reset=0
07-02 19:21:58.402 W/[ 3203.294811@2]- RTW(    0): Turbo EDCA =0x5ea42b
07-02 19:21:58.456 E/        (    0): [ 3203.351194@1]- mmu box NULL !!!
07-02 19:21:58.477 D/        (    0): [ 3203.351208@1]- [0]vh265 cached=0  need_size=6144 speed= 224 ms
07-02 19:21:58.477 D/        (    0): [ 3203.351766@1]- [0]hevc->performance_profile 0
07-02 19:21:58.477 D/        (    0): [ 3203.351775@1]- [0]set pic_list_init_flag 1
07-02 19:21:58.477 D/        (    0): [ 3203.368076@3]- [0]init_buf_spec2 1280 720
07-02 19:21:58.477 D/        (    0): [ 3203.368083@3]- [0]set pic_list_init_flag to 2
07-02 19:21:58.477 D/        (    0): [ 3203.368115@1]- [0]set pic_list_init_flag to 3
07-02 19:21:58.477 D/        (    0): [ 3203.368119@1]- [vdec_kpi][vh265_isr_thread_fn] First I frame coming.
07-02 19:21:58.477 D/[ 3203.369513@1]- [0]VH265(    0): output first frame
07-02 19:21:58.477 D/        (    0): [ 3203.369533@1]- [vdec_kpi][post_video_frame] First I frame decoded.
07-02 19:21:58.477 I/[ 3203.369605@0]- dim(    0): value reg:ch[1]:fix_buf:0;ponly <0,0>
07-02 19:21:58.477 I/[ 3203.369617@0]- dim(    0): 1280x720-0x9000.
07-02 19:21:58.478 I/[ 3203.370516@0]- v4lvideo(    0): provider name: vdec.h265.00
07-02 19:21:58.486 D/        (    0): [ 3203.381220@1]- cal_dur_from_pts vstatus 3840 dur3600 -> 3840, revised 3840
07-02 19:21:58.492 I/[ 3203.383666@1]- vframe_rate_uevent(    0): sent uevent FRAME_RATE_HINT=3840
07-02 19:22:00.416 W/[ 3205.311182@2]- RTW(    0): Turbo EDCA =0x431c
07-02 19:22:01.216 W/[ 3206.112062@3]- RTW(    0): fill_default_txdesc(wlan0): SP Packet(0x0806) rate=0x4 SeqNum = 3554
07-02 19:22:06.270 W/[ 3211.165353@2]- RTW(    0): fill_default_txdesc(wlan0): SP Packet(0x0806) rate=0x4 SeqNum = 3859
07-02 19:22:06.466 W/[ 3211.358777@3]- RTW(    0): Turbo EDCA =0x5ea42b
07-02 19:22:08.482 W/[ 3213.375108@1]- RTW(    0): Turbo EDCA =0x431c
07-02 19:22:08.606 W/[ 3213.500441@3]- RTW(    0): fill_default_txdesc(wlan0): SP Packet(0x0806) rate=0x4 SeqNum = 3999
07-02 19:22:10.502 W/[ 3215.395142@3]- RTW(    0): Turbo EDCA =0x5ea42b
07-02 19:22:11.358 W/[ 3216.251611@1]- RTW(    0): fill_default_txdesc(wlan0): SP Packet(0x0806) rate=0x4 SeqNum = 63
07-02 19:22:12.514 W/[ 3217.406785@1]- RTW(    0): Turbo EDCA =0x431c
07-02 19:22:14.534 W/[ 3219.427429@2]- RTW(    0): Turbo EDCA =0x5ea42b
07-02 19:22:16.235 W/[ 3221.131868@3]- RTW(    0): fill_default_txdesc(wlan0): SP Packet(0x0806) rate=0x4 SeqNum = 428
07-02 19:22:20.578 W/[ 3225.471530@2]- RTW(    0): Turbo EDCA =0x431c
07-02 19:22:21.288 W/[ 3226.182576@3]- RTW(    0): fill_default_txdesc(wlan0): SP Packet(0x0806) rate=0x4 SeqNum = 676
07-02 19:22:22.591 W/[ 3227.487125@0]- RTW(    0): Turbo EDCA =0x5ea42b
07-02 19:22:26.566 W/[ 3231.462327@3]- RTW(    0): fill_default_txdesc(wlan0): SP Packet(0x0806) rate=0x4 SeqNum = 908
07-02 19:22:29.346 W/[ 3234.238836@2]- audit(    0): audit_lost=1542 audit_rate_limit=5 audit_backlog_limit=64
07-02 19:22:29.346 E/[ 3234.238847@2]- audit(    0): rate limit exceeded
07-02 19:22:30.662 W/[ 3235.554852@3]- RTW(    0): Turbo EDCA =0x431c
07-02 19:22:31.620 W/[ 3236.515445@0]- RTW(    0): fill_default_txdesc(wlan0): SP Packet(0x0806) rate=0x4 SeqNum = 1208
07-02 19:22:32.674 W/[ 3237.566829@0]- RTW(    0): Turbo EDCA =0x5ea42b
07-02 19:22:36.646 W/[ 3241.541370@1]- RTW(    0): fill_default_txdesc(wlan0): SP Packet(0x0806) rate=0x4 SeqNum = 1432
07-02 19:22:39.686 W/[ 3244.580230@0]d NOHZ(    0): local_softirq_pending 08
07-02 19:22:40.738 W/[ 3245.630973@0]- RTW(    0): Turbo EDCA =0x431c
07-02 19:22:41.766 W/[ 3246.662066@1]s RTW(    0): fill_default_txdesc(wlan0): SP Packet(0x0806) rate=0x4 SeqNum = 1718
07-02 19:22:42.528 W/[ 3247.422637@2]- RTW(    0): fill_default_txdesc(wlan0): SP Packet(0x0806) rate=0x4 SeqNum = 1772
07-02 19:22:42.754 W/[ 3247.646894@0]- RTW(    0): Turbo EDCA =0x5ea42b
07-02 19:22:44.759 W/[ 3249.653944@2]- healthd(    0): battery l=100 v=4 t=0.0 h=2 st=2 c=1100 fc=10000000 chg=u
07-02 19:22:46.350 W/[ 3251.245763@0]- RTW(    0): fill_default_txdesc(wlan0): SP Packet(0x0806) rate=0x4 SeqNum = 1964
07-02 19:22:50.816 W/[ 3255.710920@1]- RTW(    0): Turbo EDCA =0x431c
07-02 19:22:38.511 I/chatty  ( 3846): uid=1000(system) android.bg identical 5 lines
07-02 19:22:48.623 I/UsageStatsService( 3846): User[0] Flushing usage stats to disk
07-02 19:22:50.947 D/AutofillManagerService( 3846): onBackKeyPressed()
07-02 19:22:50.990 I/        (    0): [ 3255.885255@0]- is_reset=1
07-02 19:22:50.990 I/[ 3255.886237@0]- vframe_rate_uevent(    0): sent uevent FRAME_RATE_HINT=0
07-02 19:22:50.994 I/[ 3255.887860@2]- dim(    0): ch[1]:di_receiver_event_fun,1:_UNREG
07-02 19:22:50.994 E/[ 3255.887905@2]- unreg(    0): v4lvideo
07-02 19:22:50.995 I/[ 3255.887963@2]- dim(    0): unreg:2keep[0], msk:[0x0,0x0]
07-02 19:22:51.007 I/[ 3255.899346@2]- dim(    0): unreg:use[12]ms
07-02 19:22:51.007 D/        (    0): [ 3255.899379@2]- vdec_disable_DMC input->target= 0x1
07-02 19:22:51.007 D/        (    0): [ 3255.901014@3]- vdec_release instance 000000005ad99ff1, total 1 id = 0
07-02 19:22:51.007 D/        (    0): [ 3255.901199@3]- the clk_hevc_mux    clock off, ref cnt: 0
07-02 19:22:51.007 D/        (    0): [ 3255.901205@3]- the clk_hevcb_mux   clock off, ref cnt: 0
07-02 19:22:51.007 D/        (    0): [ 3255.901215@3]- the vdec            clock off, ref cnt: 0
07-02 19:22:51.007 D/        (    0): [ 3255.901219@3]- the parser_top      clock off, ref cnt: 1
07-02 19:22:51.007 D/        (    0): [ 3255.901223@3]- the demux           clock off, ref cnt: 1
07-02 19:22:51.007 D/        (    0): [ 3255.901346@3]- the demux           clock on, ref cnt: 2
07-02 19:22:51.007 D/        (    0): [ 3255.901352@3]- the parser_top      clock on, ref cnt: 2
07-02 19:22:51.007 D/        (    0): [ 3255.901361@3]- the vdec            clock on, ref cnt: 1
07-02 19:22:51.007 D/        (    0): [ 3255.901382@3]- the clk_hevc_mux    clock on, ref cnt: 1
07-02 19:22:51.007 D/        (    0): [ 3255.901386@3]- the clk_hevcb_mux   clock on, ref cnt: 1
07-02 19:22:51.007 D/        (    0): [ 3255.901419@3]- hevc mux clock is 499999992 Hz
07-02 19:22:51.007 D/        (    0): [ 3255.901436@3]- hevc back mux clock is 499999992 Hz
07-02 19:22:51.007 D/        (    0): [ 3255.901654@3]- vdec_create instance 0000000082df78ce, total 1, PM: legacy
07-02 19:22:51.007 D/        (    0): [ 3255.901700@3]- no drmmode
07-02 19:22:51.007 I/        (    0): [ 3255.901774@3]- is_reset=1
07-02 19:22:51.007 I/        (    0): [ 3255.901802@3]- vdec_init, dev_name:ammvdec_h265, vdec_type=VDEC_TYPE_FRAME_BLOCK  id = 0
07-02 19:22:51.007 D/[ 3255.902558@3]- [0]pdata->config=hevc_buf_width(    0): 1920;hevc_buf_height:1088;hevc_buf_margin:0;hevc_double_write_mode:16;save_buffer_mode:0;
07-02 19:22:51.008 D/        (    0): [ 3255.902591@3]- decoder_bmmu_box_alloc_box, tvp_flags = 0
07-02 19:22:51.010 D/        (    0): [ 3255.905974@3]- [0]dynamic_buf_num_margin=9
07-02 19:22:51.010 D/        (    0): [ 3255.905981@3]- [0]double_write_mode=16
07-02 19:22:51.010 D/[ 3255.905993@3]- [0]h265(    0): pts_unstable=0
07-02 19:22:51.010 D/[ 3255.905999@3]- [0]h265(    0): ver (201602101,0) decinfo: 0x0 rate=3600
07-02 19:22:51.015 I/        (    0): [ 3255.906874@0]- [TEE], the fw (hevc_mmu) will be loaded.
07-02 19:22:51.022 D/        (    0): [ 3255.906923@0]- hevc mux clock is 666666656 Hz
07-02 19:22:51.022 D/        (    0): [ 3255.906939@0]- hevc back mux clock is 666666656 Hz
07-02 19:22:51.022 D/        (    0): [ 3255.906944@0]- hevc video changed to 3840 x 2160 60 fps clk->667MHZ
07-02 19:22:51.022 D/        (    0): [ 3255.906992@0]- vfm map vdec-map-0 created
07-02 19:22:51.022 I/[ 3255.907013@0]- dim(    0): ch[1]:di_receiver_event_fun,8:_REG
07-02 19:22:51.022 I/[ 3255.907018@0]- dim(    0): reg:vdec.h265.00[124]
07-02 19:22:51.022 I/[ 3255.907577@3]- dim(    0): reg:use[0]ms
07-02 19:22:51.022 E/[ 3255.907604@3]- reg(    0): v4lvideo
07-02 19:22:51.022 I/[ 3255.907613@3]- dim(    0): ch[1]:di_receiver_event_fun,3:_START
07-02 19:22:51.022 D/        (    0): [ 3255.907618@3]- vdec_init, vf_provider_name = vdec.h265.00, b 0
07-02 19:22:51.022 I/        (    0): [ 3255.908388@3]- vdec->port_flag=0x102, port_flag=0x10b
07-02 19:22:51.022 I/        (    0): [ 3255.908500@3]- is_reset=0
07-02 19:22:51.040 I/        (    0): [ 3255.930768@0]- is_reset=1
07-02 19:22:51.049 I/[ 3255.931045@0]- vframe_rate_uevent(    0): sent uevent FRAME_RATE_HINT=0
07-02 19:22:51.049 I/[ 3255.931096@0]- dim(    0): ch[1]:di_receiver_event_fun,1:_UNREG
07-02 19:22:51.049 E/[ 3255.931107@0]- unreg(    0): v4lvideo
07-02 19:22:51.049 I/[ 3255.931665@0]- dim(    0): unreg:use[0]ms
07-02 19:22:51.049 D/        (    0): [ 3255.931695@0]- vdec_disable_DMC input->target= 0x1
07-02 19:22:51.049 D/        (    0): [ 3255.932165@3]- vdec_release instance 0000000082df78ce, total 1 id = 0
07-02 19:22:51.049 D/        (    0): [ 3255.932318@3]- the clk_hevc_mux    clock off, ref cnt: 0
07-02 19:22:51.049 D/        (    0): [ 3255.932324@3]- the clk_hevcb_mux   clock off, ref cnt: 0
07-02 19:22:51.049 D/        (    0): [ 3255.932333@3]- the vdec            clock off, ref cnt: 0
07-02 19:22:51.049 D/        (    0): [ 3255.932337@3]- the parser_top      clock off, ref cnt: 1
07-02 19:22:51.049 D/        (    0): [ 3255.932341@3]- the demux           clock off, ref cnt: 1
07-02 19:22:51.049 D/        (    0): [ 3255.932406@3]- the demux           clock on, ref cnt: 2
07-02 19:22:51.049 D/        (    0): [ 3255.932411@3]- the parser_top      clock on, ref cnt: 2
07-02 19:22:51.049 D/        (    0): [ 3255.932418@3]- the vdec            clock on, ref cnt: 1
07-02 19:22:51.049 D/        (    0): [ 3255.932437@3]- the clk_hevc_mux    clock on, ref cnt: 1
07-02 19:22:51.049 D/        (    0): [ 3255.932442@3]- the clk_hevcb_mux   clock on, ref cnt: 1
07-02 19:22:51.049 D/        (    0): [ 3255.932474@3]- hevc mux clock is 499999992 Hz
07-02 19:22:51.049 D/        (    0): [ 3255.932490@3]- hevc back mux clock is 499999992 Hz
07-02 19:22:51.049 D/        (    0): [ 3255.932736@3]- vdec_create instance 00000000cc573e1b, total 1, PM: legacy
07-02 19:22:51.049 D/        (    0): [ 3255.932778@3]- no drmmode
07-02 19:22:51.049 I/        (    0): [ 3255.932819@3]- is_reset=1
07-02 19:22:51.049 I/        (    0): [ 3255.932847@3]- vdec_init, dev_name:ammvdec_h265, vdec_type=VDEC_TYPE_FRAME_BLOCK  id = 0
07-02 19:22:51.049 D/[ 3255.933515@3]- [0]pdata->config=hevc_buf_width(    0): 1920;hevc_buf_height:1088;hevc_buf_margin:0;hevc_double_write_mode:16;save_buffer_mode:0;
07-02 19:22:51.049 D/        (    0): [ 3255.933550@3]- decoder_bmmu_box_alloc_box, tvp_flags = 0
07-02 19:22:51.049 D/        (    0): [ 3255.933854@3]- [0]dynamic_buf_num_margin=9
07-02 19:22:51.049 D/        (    0): [ 3255.933860@3]- [0]double_write_mode=16
07-02 19:22:51.050 D/[ 3255.933869@3]- [0]h265(    0): pts_unstable=0
07-02 19:22:51.050 D/[ 3255.933874@3]- [0]h265(    0): ver (201602101,0) decinfo: 0x0 rate=3600
07-02 19:22:51.050 I/        (    0): [ 3255.934320@3]- [TEE], the fw (hevc_mmu) will be loaded.
07-02 19:22:51.050 D/        (    0): [ 3255.934365@3]- hevc mux clock is 666666656 Hz
07-02 19:22:51.050 D/        (    0): [ 3255.934381@3]- hevc back mux clock is 666666656 Hz
07-02 19:22:51.051 D/        (    0): [ 3255.934386@3]- hevc video changed to 3840 x 2160 60 fps clk->667MHZ
07-02 19:22:51.052 D/        (    0): [ 3255.934492@3]- vfm map vdec-map-0 created
07-02 19:22:51.052 I/[ 3255.934512@3]- dim(    0): ch[1]:di_receiver_event_fun,8:_REG
07-02 19:22:51.052 I/[ 3255.934517@3]- dim(    0): reg:vdec.h265.00[125]
07-02 19:22:51.052 I/[ 3255.935079@1]- dim(    0): reg:use[1]ms
07-02 19:22:51.052 E/[ 3255.935105@1]- reg(    0): v4lvideo
07-02 19:22:51.052 I/[ 3255.935114@1]- dim(    0): ch[1]:di_receiver_event_fun,3:_START
07-02 19:22:51.052 D/        (    0): [ 3255.935119@1]- vdec_init, vf_provider_name = vdec.h265.00, b 0
07-02 19:22:51.052 I/        (    0): [ 3255.936724@3]- vdec->port_flag=0x102, port_flag=0x10b
07-02 19:22:51.052 I/        (    0): [ 3255.936931@3]- is_reset=0
07-02 19:22:51.052 I/[ 3255.947297@3]- vframe_rate_uevent(    0): sent uevent FRAME_RATE_HINT=0
07-02 19:22:51.053 I/[ 3255.947345@3]- dim(    0): ch[1]:di_receiver_event_fun,1:_UNREG
07-02 19:22:51.053 E/[ 3255.947357@3]- unreg(    0): v4lvideo
07-02 19:22:51.053 I/[ 3255.947926@3]- dim(    0): unreg:use[0]ms
07-02 19:22:51.053 D/        (    0): [ 3255.947958@3]- vdec_disable_DMC input->target= 0x1
07-02 19:22:51.053 D/        (    0): [ 3255.948588@0]- vdec_release instance 00000000cc573e1b, total 1 id = 0
07-02 19:22:51.053 D/        (    0): [ 3255.948925@0]- the clk_hevc_mux    clock off, ref cnt: 0
07-02 19:22:51.053 D/        (    0): [ 3255.948931@0]- the clk_hevcb_mux   clock off, ref cnt: 0
07-02 19:22:51.053 D/        (    0): [ 3255.948940@0]- the vdec            clock off, ref cnt: 0
07-02 19:22:51.053 D/        (    0): [ 3255.948944@0]- the parser_top      clock off, ref cnt: 1
07-02 19:22:51.053 D/        (    0): [ 3255.948948@0]- the demux           clock off, ref cnt: 1
07-02 19:22:51.053 D/        (    0): [ 3255.948976@0]d v4lvideo_release_map 0 OK
07-02 19:22:51.053 D/[ 3255.949091@0]- v4lvid(    0): dbg: vidioc_close!!!!
07-02 19:22:51.054 I/[ 3255.950394@0]- resman(    0): 93 release [codec_mm]
07-02 19:22:51.264 D/INSETS  ( 3846): else - Package Name ::  left : 0 right :: 0 top :: 0 bottom :: 0 dfu-right :: 1920 dfu-bottom :: 1080
07-02 19:22:51.306 I/[ 3256.187658@2]- vc(    0): [0]vc: set enable index=0, val=0
07-02 19:22:51.306 I/[ 3256.187682@2]- VID(    0): store VD0 path_id changed 2->-1
07-02 19:22:51.306 I/        (    0): [ 3256.187686@2]- dev->index =0, val=1
07-02 19:22:51.306 I/[ 3256.187691@2]- VID(    0): VD1 off
07-02 19:22:51.306 I/[ 3256.187697@2]- VID(    0): VD1 set global output as 0
07-02 19:22:51.306 I/        (    0): [ 3256.187713@2]- common_vf_unreg_provider video_render.0: vd1 used: true, vd2 used: false, black_out:0, cur_buf:000000004ba1dfee
07-02 19:22:51.361 W/[ 3256.256077@3]- RTW(    0): fill_default_txdesc(wlan0): SP Packet(0x0806) rate=0x4 SeqNum = 2413
07-02 19:22:52.832 W/[ 3257.726812@1]- RTW(    0): Turbo EDCA =0x5ea42b
07-02 19:22:51.849 D/INSETS  ( 3846): else - Package Name ::  left : 0 right :: 0 top :: 0 bottom :: 0 dfu-right :: 1920 dfu-bottom :: 1080
07-02 19:22:53.066 D/AutofillManagerService( 3846): onBackKeyPressed()
07-02 19:22:54.374 D/InputMethodManagerService( 3846): Top Package Name: in.startv.hotstar
07-02 19:22:54.377 W/ContextImpl( 3846): Calling a method in the system process without a qualified user: android.app.ContextImpl.sendBroadcast:1111 com.android.server.inputmethod.InputMethodManagerService.sendSoftInputVisibilityBroadcast:3258 com.android.server.inputmethod.InputMethodManagerService.showCurrentInputLocked:3231 com.android.server.inputmethod.InputMethodManagerService.showMySoftInput:4198 com.android.server.inputmethod.InputMethodManagerService.access$4100:189 
07-02 19:22:54.378 D/InputMethodManagerService( 3846): Top Package Name: in.startv.hotstar
07-02 19:22:54.379 W/ContextImpl( 3846): Calling a method in the system process without a qualified user: android.app.ContextImpl.sendBroadcast:1111 com.android.server.inputmethod.InputMethodManagerService.sendSoftInputVisibilityBroadcast:3258 com.android.server.inputmethod.InputMethodManagerService.showCurrentInputLocked:3231 com.android.server.inputmethod.InputMethodManagerService.showSoftInput:3153 com.android.internal.view.IInputMethodManager$Stub.onTransact:304 
07-02 19:22:54.380 W/ContextImpl( 3846): Calling a method in the system process without a qualified user: android.app.ContextImpl.sendBroadcast:1111 com.android.server.inputmethod.InputMethodManagerService.sendSoftInputVisibilityBroadcast:3258 com.android.server.inputmethod.InputMethodManagerService.hideCurrentInputLocked:3330 com.android.server.inputmethod.InputMethodManagerService.hideMySoftInput:4180 com.android.server.inputmethod.InputMethodManagerService.access$4000:189 
07-02 19:22:54.396 D/InputMethodManagerService( 3846): Top Package Name: in.startv.hotstar
07-02 19:22:54.398 W/ContextImpl( 3846): Calling a method in the system process without a qualified user: android.app.ContextImpl.sendBroadcast:1111 com.android.server.inputmethod.InputMethodManagerService.sendSoftInputVisibilityBroadcast:3258 com.android.server.inputmethod.InputMethodManagerService.showCurrentInputLocked:3231 com.android.server.inputmethod.InputMethodManagerService.showMySoftInput:4198 com.android.server.inputmethod.InputMethodManagerService.access$4100:189 
07-02 19:22:54.402 D/INSETS  ( 3846): else - Package Name ::  left : 0 right :: 0 top :: 0 bottom :: 0 dfu-right :: 1920 dfu-bottom :: 1080
07-02 19:22:54.404 I/chatty  ( 3846): uid=1000(system) Binder:3846_19 identical 2 lines
07-02 19:22:54.405 D/INSETS  ( 3846): else - Package Name ::  left : 0 right :: 0 top :: 0 bottom :: 0 dfu-right :: 1920 dfu-bottom :: 1080
07-02 19:22:54.420 D/INSETS  ( 3846): else - Package Name ::  left : 0 right :: 0 top :: 0 bottom :: 0 dfu-right :: 1920 dfu-bottom :: 1080
07-02 19:22:54.423 I/chatty  ( 3846): uid=1000(system) android.anim identical 2 lines
07-02 19:22:54.423 D/INSETS  ( 3846): else - Package Name ::  left : 0 right :: 0 top :: 0 bottom :: 0 dfu-right :: 1920 dfu-bottom :: 1080
07-02 19:22:54.441 D/INSETS  ( 3846): else - Package Name ::  left : 0 right :: 0 top :: 0 bottom :: 0 dfu-right :: 1920 dfu-bottom :: 1080
07-02 19:22:54.442 D/INSETS  ( 3846): else - Package Name ::  left : 0 right :: 0 top :: 0 bottom :: 0 dfu-right :: 1920 dfu-bottom :: 1080
07-02 19:22:54.453 D/InputMethodManagerService( 3846): Top Package Name: in.startv.hotstar
07-02 19:22:54.454 W/ContextImpl( 3846): Calling a method in the system process without a qualified user: android.app.ContextImpl.sendBroadcast:1111 com.android.server.inputmethod.InputMethodManagerService.sendSoftInputVisibilityBroadcast:3258 com.android.server.inputmethod.InputMethodManagerService.showCurrentInputLocked:3231 com.android.server.inputmethod.InputMethodManagerService.showMySoftInput:4198 com.android.server.inputmethod.InputMethodManagerService.access$4100:189 
07-02 19:22:54.495 D/INSETS  ( 3846): else - Package Name ::  left : 0 right :: 0 top :: 0 bottom :: 0 dfu-right :: 1920 dfu-bottom :: 1080
07-02 19:22:54.537 I/chatty  ( 3846): uid=1000(system) Binder:3846_11 identical 3 lines
07-02 19:22:54.537 D/INSETS  ( 3846): else - Package Name ::  left : 0 right :: 0 top :: 0 bottom :: 0 dfu-right :: 1920 dfu-bottom :: 1080
07-02 19:22:54.551 D/INSETS  ( 3846): else - Package Name ::  left : 0 right :: 0 top :: 0 bottom :: 0 dfu-right :: 1920 dfu-bottom :: 1080
07-02 19:22:54.552 I/chatty  ( 3846): uid=1000(system) android.anim identical 1 line
07-02 19:22:54.552 D/INSETS  ( 3846): else - Package Name ::  left : 0 right :: 0 top :: 0 bottom :: 0 dfu-right :: 1920 dfu-bottom :: 1080
07-02 19:22:54.554 D/InputMethodManagerService( 3846): Top Package Name: in.startv.hotstar
07-02 19:22:54.555 W/ContextImpl( 3846): Calling a method in the system process without a qualified user: android.app.ContextImpl.sendBroadcast:1111 com.android.server.inputmethod.InputMethodManagerService.sendSoftInputVisibilityBroadcast:3258 com.android.server.inputmethod.InputMethodManagerService.showCurrentInputLocked:3231 com.android.server.inputmethod.InputMethodManagerService.showMySoftInput:4198 com.android.server.inputmethod.InputMethodManagerService.access$4100:189 
07-02 19:22:54.560 D/InputMethodManagerService( 3846): Top Package Name: in.startv.hotstar
07-02 19:22:54.561 W/ContextImpl( 3846): Calling a method in the system process without a qualified user: android.app.ContextImpl.sendBroadcast:1111 com.android.server.inputmethod.InputMethodManagerService.sendSoftInputVisibilityBroadcast:3258 com.android.server.inputmethod.InputMethodManagerService.showCurrentInputLocked:3231 com.android.server.inputmethod.InputMethodManagerService.showMySoftInput:4198 com.android.server.inputmethod.InputMethodManagerService.access$4100:189 
07-02 19:22:54.568 D/INSETS  ( 3846): else - Package Name ::  left : 0 right :: 0 top :: 0 bottom :: 0 dfu-right :: 1920 dfu-bottom :: 1080
07-02 19:22:54.573 I/chatty  ( 3846): uid=1000(system) android.display identical 4 lines
07-02 19:22:54.573 D/INSETS  ( 3846): else - Package Name ::  left : 0 right :: 0 top :: 0 bottom :: 0 dfu-right :: 1920 dfu-bottom :: 1080
07-02 19:22:54.594 W/NotificationHistory( 3846): Attempted to add notif for locked/gone/disabled user 0
07-02 19:22:54.614 D/INSETS  ( 3846): else - Package Name ::  left : 0 right :: 0 top :: 0 bottom :: 0 dfu-right :: 1920 dfu-bottom :: 1080
07-02 19:22:54.615 I/chatty  ( 3846): uid=1000(system) Binder:3846_19 identical 1 line
07-02 19:22:54.615 D/INSETS  ( 3846): else - Package Name ::  left : 0 right :: 0 top :: 0 bottom :: 0 dfu-right :: 1920 dfu-bottom :: 1080
07-02 19:22:54.768 W/NotificationHistory( 3846): Attempted to add notif for locked/gone/disabled user 0
07-02 19:22:55.301 D/InputMethodManagerService( 3846): Top Package Name: in.startv.hotstar
07-02 19:22:55.301 W/ContextImpl( 3846): Calling a method in the system process without a qualified user: android.app.ContextImpl.sendBroadcast:1111 com.android.server.inputmethod.InputMethodManagerService.sendSoftInputVisibilityBroadcast:3258 com.android.server.inputmethod.InputMethodManagerService.showCurrentInputLocked:3231 com.android.server.inputmethod.InputMethodManagerService.attachNewInputLocked:2397 com.android.server.inputmethod.InputMethodManagerService.startInputUncheckedLocked:2503 
07-02 19:22:55.303 D/InputMethodManagerService( 3846): Top Package Name: in.startv.hotstar
07-02 19:22:55.304 W/ContextImpl( 3846): Calling a method in the system process without a qualified user: android.app.ContextImpl.sendBroadcast:1111 com.android.server.inputmethod.InputMethodManagerService.sendSoftInputVisibilityBroadcast:3258 com.android.server.inputmethod.InputMethodManagerService.showCurrentInputLocked:3231 com.android.server.inputmethod.InputMethodManagerService.showMySoftInput:4198 com.android.server.inputmethod.InputMethodManagerService.access$4100:189 
07-02 19:22:55.317 D/INSETS  ( 3846): else - Package Name ::  left : 0 right :: 0 top :: 0 bottom :: 0 dfu-right :: 1920 dfu-bottom :: 1080
07-02 19:22:55.317 I/chatty  ( 3846): uid=1000(system) Binder:3846_19 identical 1 line
07-02 19:22:55.317 D/INSETS  ( 3846): else - Package Name ::  left : 0 right :: 0 top :: 0 bottom :: 0 dfu-right :: 1920 dfu-bottom :: 1080
07-02 19:22:55.329 D/InputMethodManagerService( 3846): Top Package Name: in.startv.hotstar
07-02 19:22:55.330 W/ContextImpl( 3846): Calling a method in the system process without a qualified user: android.app.ContextImpl.sendBroadcast:1111 com.android.server.inputmethod.InputMethodManagerService.sendSoftInputVisibilityBroadcast:3258 com.android.server.inputmethod.InputMethodManagerService.showCurrentInputLocked:3231 com.android.server.inputmethod.InputMethodManagerService.showMySoftInput:4198 com.android.server.inputmethod.InputMethodManagerService.access$4100:189 
07-02 19:22:55.477 D/INSETS  ( 3846): else - Package Name ::  left : 0 right :: 0 top :: 0 bottom :: 0 dfu-right :: 1920 dfu-bottom :: 1080
07-02 19:22:55.494 I/chatty  ( 3846): uid=1000(system) android.anim identical 2 lines
07-02 19:22:55.494 D/INSETS  ( 3846): else - Package Name ::  left : 0 right :: 0 top :: 0 bottom :: 0 dfu-right :: 1920 dfu-bottom :: 1080
07-02 19:22:55.931 D/InputMethodManagerService( 3846): Top Package Name: in.startv.hotstar
07-02 19:22:55.932 W/ContextImpl( 3846): Calling a method in the system process without a qualified user: android.app.ContextImpl.sendBroadcast:1111 com.android.server.inputmethod.InputMethodManagerService.sendSoftInputVisibilityBroadcast:3258 com.android.server.inputmethod.InputMethodManagerService.showCurrentInputLocked:3231 com.android.server.inputmethod.InputMethodManagerService.attachNewInputLocked:2397 com.android.server.inputmethod.InputMethodManagerService.startInputUncheckedLocked:2503 
07-02 19:22:55.935 D/InputMethodManagerService( 3846): Top Package Name: in.startv.hotstar
07-02 19:22:55.936 W/ContextImpl( 3846): Calling a method in the system process without a qualified user: android.app.ContextImpl.sendBroadcast:1111 com.android.server.inputmethod.InputMethodManagerService.sendSoftInputVisibilityBroadcast:3258 com.android.server.inputmethod.InputMethodManagerService.showCurrentInputLocked:3231 com.android.server.inputmethod.InputMethodManagerService.showMySoftInput:4198 com.android.server.inputmethod.InputMethodManagerService.access$4100:189 
07-02 19:22:55.947 D/InputMethodManagerService( 3846): Top Package Name: in.startv.hotstar
07-02 19:22:55.948 W/ContextImpl( 3846): Calling a method in the system process without a qualified user: android.app.ContextImpl.sendBroadcast:1111 com.android.server.inputmethod.InputMethodManagerService.sendSoftInputVisibilityBroadcast:3258 com.android.server.inputmethod.InputMethodManagerService.showCurrentInputLocked:3231 com.android.server.inputmethod.InputMethodManagerService.showMySoftInput:4198 com.android.server.inputmethod.InputMethodManagerService.access$4100:189 
07-02 19:22:56.834 D/AutofillManagerService( 3846): onBackKeyPressed()
07-02 19:22:56.837 W/ContextImpl( 3846): Calling a method in the system process without a qualified user: android.app.ContextImpl.sendBroadcast:1111 com.android.server.inputmethod.InputMethodManagerService.sendSoftInputVisibilityBroadcast:3258 com.android.server.inputmethod.InputMethodManagerService.hideCurrentInputLocked:3330 com.android.server.inputmethod.InputMethodManagerService.hideMySoftInput:4180 com.android.server.inputmethod.InputMethodManagerService.access$4000:189 
07-02 19:22:56.845 D/INSETS  ( 3846): else - Package Name ::  left : 0 right :: 0 top :: 0 bottom :: 0 dfu-right :: 1920 dfu-bottom :: 1080
07-02 19:22:56.866 W/[ 3261.759675@3]- RTW(    0): Turbo EDCA =0x431c
07-02 19:22:56.845 D/INSETS  ( 3846): else - Package Name ::  left : 0 right :: 0 top :: 0 bottom :: 0 dfu-right :: 1920 dfu-bottom :: 1080
07-02 19:22:56.854 D/INSETS  ( 3846): else - Package Name ::  left : 0 right :: 0 top :: 0 bottom :: 0 dfu-right :: 1920 dfu-bottom :: 1080
07-02 19:22:56.855 D/INSETS  ( 3846): else - Package Name ::  left : 0 right :: 0 top :: 0 bottom :: 0 dfu-right :: 1920 dfu-bottom :: 1080
07-02 19:22:56.864 D/INSETS  ( 3846): else - Package Name ::  left : 0 right :: 0 top :: 0 bottom :: 0 dfu-right :: 1920 dfu-bottom :: 1080
07-02 19:22:56.998 W/[ 3261.892735@0]- RTW(    0): fill_default_txdesc(wlan0): SP Packet(0x0806) rate=0x4 SeqNum = 3205
07-02 19:22:56.864 D/INSETS  ( 3846): else - Package Name ::  left : 0 right :: 0 top :: 0 bottom :: 0 dfu-right :: 1920 dfu-bottom :: 1080
07-02 19:22:57.065 D/INSETS  ( 3846): else - Package Name ::  left : 0 right :: 0 top :: 0 bottom :: 0 dfu-right :: 1920 dfu-bottom :: 1080
07-02 19:22:58.714 I/UsageStatsService( 3846): User[0] Flushing usage stats to disk
07-02 19:22:58.882 W/[ 3263.774773@3]- RTW(    0): Turbo EDCA =0x5ea42b
07-02 19:22:59.251 D/[ 3264.147197@1]- logd(    0): logdr: UID=0 GID=0 PID=26969 n tail=0 logMask=99 pid=0 start=0ns timeout=0ns
07-02 19:22:59.641 D/HdmiControlService( 3846): Proccess pid: 3846 is calling oneTouchPlay.
07-02 19:22:59.643 D/HdmiControlService( 3846): Local device is under address allocation. Save OTP callback for later process.
07-02 19:22:59.654 D/AutofillManagerService( 3846): Close system dialogs
07-02 19:22:59.669 I/ActivityTaskManager( 3846): START u0 {act=android.intent.action.MAIN cat=[android.intent.category.HOME] flg=0x10000100 cmp=com.iwedia.ui.rjio.launcher.reliance/com.iwedia.ui.rjio.launcher.ui.intro.IntroActivity (has extras)} from uid 0
07-02 19:22:59.669 D/ActivityTaskManager( 3846): recent debug: [launchedPkgName] --> com.iwedia.ui.rjio.launcher.reliance [callingPackage] --> null
07-02 19:22:59.700 V/ActivityTaskManager( 3846): Old State : null Updated state : INITIALIZING Activity : ComponentInfo{com.iwedia.ui.rjio.launcher.reliance/com.iwedia.ui.rjio.launcher.ui.intro.IntroActivity}
07-02 19:22:59.700 V/ActivityTaskManager( 3846): Sending Broadcast : Intent { act=com.jio.remote.action.applaunch flg=0x40000000 pkg=com.jio.remote.btserver (has extras) }
07-02 19:22:59.707 V/ActivityTaskManager( 3846): Old State : RESUMED Updated state : PAUSING Activity : ComponentInfo{in.startv.hotstar/com.hotstar.MainActivity}
07-02 19:22:59.707 V/ActivityTaskManager( 3846): Sending Broadcast : Intent { act=com.jio.remote.action.applaunch flg=0x40000000 pkg=com.jio.remote.btserver (has extras) }
07-02 19:22:59.709 D/INSETS  ( 3846): else - Package Name ::  left : 0 right :: 0 top :: 0 bottom :: 0 dfu-right :: 1920 dfu-bottom :: 1080
07-02 19:22:59.729 V/ActivityTaskManager( 3846): Old State : PAUSING Updated state : PAUSED Activity : ComponentInfo{in.startv.hotstar/com.hotstar.MainActivity}
07-02 19:22:59.729 V/ActivityTaskManager( 3846): Sending Broadcast : Intent { act=com.jio.remote.action.applaunch flg=0x40000000 pkg=com.jio.remote.btserver (has extras) }
07-02 19:22:59.732 V/ActivityTaskManager( 3846): Old State : STOPPED Updated state : RESUMED Activity : ComponentInfo{com.iwedia.ui.rjio.launcher.reliance/com.iwedia.ui.rjio.launcher.ui.intro.IntroActivity}
07-02 19:22:59.732 V/ActivityTaskManager( 3846): Sending Broadcast : Intent { act=com.jio.remote.action.applaunch flg=0x40000000 pkg=com.jio.remote.btserver (has extras) }
07-02 19:22:59.754 D/INSETS  ( 3846): else - Package Name ::  left : 0 right :: 0 top :: 0 bottom :: 0 dfu-right :: 1920 dfu-bottom :: 1080
07-02 19:22:59.795 W/WindowManager( 3846): removeWindowToken: Attempted to remove non-existing token: android.os.Binder@d2f0768
07-02 19:22:59.825 D/INSETS  ( 3846): else - Package Name ::  left : 0 right :: 0 top :: 0 bottom :: 0 dfu-right :: 1920 dfu-bottom :: 1080
07-02 19:22:59.832 I/ActivityManager( 3846): Force stopping io.appium.uiautomator2.server appid=10064 user=0: finished inst
07-02 19:22:59.833 I/ActivityManager( 3846): Killing 24215:io.appium.uiautomator2.server/u0a64 (adj 0): stop io.appium.uiautomator2.server due to finished inst
07-02 19:22:59.878 W/ActivityManager( 3846): Receiver with filter android.content.IntentFilter@b87a013 already registered for pid 5027, callerPackage is com.iwedia.ui.rjio.launcher.reliance
07-02 19:22:59.930 I/[ 3264.823941@2]- binder(    0): undelivered TRANSACTION_COMPLETE
07-02 19:22:59.930 I/[ 3264.823954@2]- binder(    0): undelivered transaction 2416075, process died.
07-02 19:22:59.981 D/INSETS  ( 3846): else - Package Name ::  left : 0 right :: 0 top :: 0 bottom :: 0 dfu-right :: 1920 dfu-bottom :: 1080
07-02 19:23:00.094 D/INSETS  ( 3846): else - Package Name ::  left : 0 right :: 0 top :: 0 bottom :: 0 dfu-right :: 1920 dfu-bottom :: 1080
07-02 19:23:00.106 D/INSETS  ( 3846): else - Package Name ::  left : 0 right :: 0 top :: 0 bottom :: 0 dfu-right :: 1920 dfu-bottom :: 1080
07-02 19:23:00.143 D/INSETS  ( 3846): else - Package Name ::  left : 0 right :: 0 top :: 0 bottom :: 0 dfu-right :: 1920 dfu-bottom :: 1080
07-02 19:23:00.182 D/INSETS  ( 3846): else - Package Name ::  left : 0 right :: 0 top :: 0 bottom :: 0 dfu-right :: 1920 dfu-bottom :: 1080
07-02 19:23:00.213 V/ActivityTaskManager( 3846): Old State : PAUSED Updated state : STOPPING Activity : ComponentInfo{in.startv.hotstar/com.hotstar.MainActivity}
07-02 19:23:00.214 V/ActivityTaskManager( 3846): Sending Broadcast : Intent { act=com.jio.remote.action.applaunch flg=0x40000000 pkg=com.jio.remote.btserver (has extras) }
07-02 19:23:00.287 D/INSETS  ( 3846): else - Package Name ::  left : 0 right :: 0 top :: 0 bottom :: 0 dfu-right :: 1920 dfu-bottom :: 1080
07-02 19:23:00.331 V/ActivityTaskManager( 3846): Old State : STOPPING Updated state : STOPPED Activity : ComponentInfo{in.startv.hotstar/com.hotstar.MainActivity}
07-02 19:23:00.331 V/ActivityTaskManager( 3846): Sending Broadcast : Intent { act=com.jio.remote.action.applaunch flg=0x40000000 pkg=com.jio.remote.btserver (has extras) }
07-02 19:23:00.354 I/ActivityManager( 3846): Force stopping io.appium.uiautomator2.server.test appid=10038 user=0: from pid 27024
07-02 19:23:00.367 I/ActivityManager( 3846): Force stopping io.appium.uiautomator2.server appid=10064 user=0: from pid 27023
07-02 19:23:01.205 I/ActivityManager( 3846): Force stopping in.startv.hotstar appid=10066 user=0: from pid 4878
07-02 19:23:01.205 I/ActivityManager( 3846): Killing 24290:in.startv.hotstar/u0a66 (adj 700): stop in.startv.hotstar due to from pid 4878
07-02 19:23:01.212 W/ActivityTaskManager( 3846): Force removing ActivityRecord{22259c8 u0 in.startv.hotstar/com.hotstar.MainActivity t290 f}}: app died, no saved state
07-02 19:23:01.214 V/ActivityTaskManager( 3846): Old State : STOPPED Updated state : DESTROYED Activity : ComponentInfo{in.startv.hotstar/com.hotstar.MainActivity}
07-02 19:23:01.215 V/ActivityTaskManager( 3846): Sending Broadcast : Intent { act=com.jio.remote.action.applaunch flg=0x40000000 pkg=com.jio.remote.btserver (has extras) }
07-02 19:23:01.217 D/INSETS  ( 3846): else - Package Name ::  left : 0 right :: 0 top :: 0 bottom :: 0 dfu-right :: 1920 dfu-bottom :: 1080
07-02 19:23:01.240 I/ActivityManager( 3846): Force stopping in.startv.hotstar appid=10066 user=0: from pid 4878
07-02 19:23:01.281 I/chatty  ( 3846): uid=1000(system) Binder:3846_17 identical 7 lines
07-02 19:23:01.285 I/ActivityManager( 3846): Force stopping in.startv.hotstar appid=10066 user=0: from pid 4878
07-02 19:23:01.405 D/ConnectivityService( 3846): ConnectivityService NetworkRequestInfo binderDied(NetworkRequest [ TRACK_DEFAULT id=37, [ Capabilities: INTERNET&NOT_RESTRICTED&TRUSTED Uid: 10066 AdministratorUids: [] RequestorUid: 10066 RequestorPackageName: in.startv.hotstar] ], android.os.BinderProxy@6ab0992)
07-02 19:23:01.405 D/ConnectivityService( 3846): ConnectivityService NetworkRequestInfo binderDied(NetworkRequest [ LISTEN id=36, [ Capabilities: INTERNET&NOT_RESTRICTED&TRUSTED&NOT_VPN&FOREGROUND Uid: 10066 AdministratorUids: [] RequestorUid: 10066 RequestorPackageName: in.startv.hotstar] ], android.os.BinderProxy@ca9bf63)
07-02 19:23:01.406 W/ActivityManager( 3846): setHasOverlayUi called on unknown pid: 24290
07-02 19:23:01.406 D/ConnectivityService( 3846): releasing NetworkRequest [ TRACK_DEFAULT id=37, [ Capabilities: INTERNET&NOT_RESTRICTED&TRUSTED Uid: 10066 AdministratorUids: [] RequestorUid: 10066 RequestorPackageName: in.startv.hotstar] ] (release request)
07-02 19:23:01.407 W/WindowManager( 3846): Cannot find window which accessibility connection is added to
07-02 19:23:02.098 W/[ 3266.993343@0]- RTW(    0): fill_default_txdesc(wlan0): SP Packet(0x0806) rate=0x4 SeqNum = 1764
07-02 19:23:04.271 E/TaskPersister( 3846): File error accessing recents directory (directory doesn't exist?).
07-02 19:23:06.179 W/[ 3271.074508@3]- RTW(    0): fill_default_txdesc(wlan0): SP Packet(0x0806) rate=0x4 SeqNum = 1930
07-02 19:23:06.949 W/[ 3271.842999@3]- RTW(    0): Turbo EDCA =0x431c
07-02 19:23:08.818 I/UsageStatsService( 3846): User[0] Flushing usage stats to disk
07-02 19:23:08.962 W/[ 3273.854853@2]- RTW(    0): Turbo EDCA =0x5ea42b
07-02 19:23:11.236 W/[ 3276.131528@3]- RTW(    0): fill_default_txdesc(wlan0): SP Packet(0x0806) rate=0x4 SeqNum = 2006
