07-02 19:50:18.472 W/ContextImpl( 4901): Calling a method in the system process without a qualified user: android.app.ContextImpl.sendBroadcast:1126 android.content.ContextWrapper.sendBroadcast:473 insight.tr069.client.tr181.Device.JioSTB.ACS.onSetACSError:37 insight.tr069.client.TR069ClientService.makeErrorMessage:813 insight.tr069.client.TR069ClientService.insertNewMessage:829 
07-02 19:50:18.477 W/ContextImpl( 4901): Calling a method in the system process without a qualified user: android.app.ContextImpl.sendBroadcast:1126 android.content.ContextWrapper.sendBroadcast:473 insight.tr069.client.tr181.Device.JioSTB.ACS.onSetACSError:37 insight.tr069.client.TR069ClientService.makeErrorMessage:813 insight.tr069.client.TR069ClientService.insertNewMessage:829 
07-02 19:50:18.481 W/ContextImpl( 5799): Calling a method in the system process without a qualified user: android.app.ContextImpl.bindService:1748 android.content.ContextWrapper.bindService:756 com.jio.adc.core.b.d:56 com.jio.adc.core.b.b:13 com.jio.adc.core.b$c.run:7 
07-02 19:50:22.402 I/chatty  ( 3846): uid=1000(system) android.bg expire 28 lines
07-02 19:54:59.496 W/ContextImpl( 4901): Calling a method in the system process without a qualified user: android.app.ContextImpl.sendBroadcast:1126 android.content.ContextWrapper.sendBroadcast:473 insight.tr069.client.tr181.Device.JioSTB.ACS.onSetACSError:37 insight.tr069.client.TR069ClientService.makeErrorMessage:813 insight.tr069.client.TR069ClientService.insertNewMessage:829 
07-02 19:54:59.499 W/ContextImpl( 4901): Calling a method in the system process without a qualified user: android.app.ContextImpl.sendBroadcast:1126 android.content.ContextWrapper.sendBroadcast:473 insight.tr069.client.tr181.Device.JioSTB.ACS.onSetACSError:37 insight.tr069.client.TR069ClientService.makeErrorMessage:813 insight.tr069.client.TR069ClientService.insertNewMessage:829 
07-02 19:54:59.503 W/ContextImpl( 4901): Calling a method in the system process without a qualified user: android.app.ContextImpl.sendBroadcast:1126 android.content.ContextWrapper.sendBroadcast:473 insight.tr069.client.tr181.Device.JioSTB.ACS.onSetACSError:37 insight.tr069.client.TR069ClientService.makeErrorMessage:813 insight.tr069.client.TR069ClientService.insertNewMessage:829 
07-02 19:54:59.510 W/ContextImpl( 5799): Calling a method in the system process without a qualified user: android.app.ContextImpl.bindService:1748 android.content.ContextWrapper.bindService:756 com.jio.adc.core.b.d:56 com.jio.adc.core.b.b:13 com.jio.adc.core.b$c.run:7 
07-02 19:55:06.138 I/chatty  ( 3846): uid=1000(system) android.bg expire 24 lines
07-02 19:59:05.490 W/ContextImpl( 5799): Calling a method in the system process without a qualified user: android.app.ContextImpl.bindService:1748 android.content.ContextWrapper.bindService:756 com.jio.adc.core.b.d:56 com.jio.adc.core.b.b:13 com.jio.adc.core.b$c.run:7 
07-02 19:59:05.504 W/ContextImpl( 5392): Calling a method in the system process without a qualified user: android.app.ContextImpl.sendBroadcast:1111 android.content.ContextWrapper.sendBroadcast:468 com.iwedia.tvinput.engine.ChannelManager.disconnectCA:3912 com.iwedia.tvinput.engine.ChannelManager.access$4300:116 com.iwedia.tvinput.engine.ChannelManager$CaReconnectTask.run:2434 
07-02 19:59:05.534 W/ContextImpl( 5392): Calling a method in the system process without a qualified user: android.app.ContextImpl.sendBroadcast:1111 android.content.ContextWrapper.sendBroadcast:468 com.iwedia.tvinput.engine.ChannelManager.connectCA:3844 com.iwedia.tvinput.engine.ChannelManager.access$5900:116 com.iwedia.tvinput.engine.ChannelManager$CaMessageHandler.handleMessage:4279 
07-02 19:59:09.338 I/chatty  ( 3846): uid=1000(system) android.bg expire 20 lines
07-02 19:59:56.853 I/chatty  ( 3846): uid=1000(system) Binder:3846_17 expire 10 lines
07-02 19:59:56.857 W/ContextImpl( 5051): Calling a method in the system process without a qualified user: android.app.ContextImpl.sendBroadcast:1111 android.content.ContextWrapper.sendBroadcast:468 com.rjil.jiostbsetting.service.EndlessService.ESNredirect:1604 com.rjil.jiostbsetting.service.EndlessService$mConnection$1$onServiceConnected$2.invokeSuspend:1207 kotlin.coroutines.jvm.internal.BaseContinuationImpl.resumeWith:33 
07-02 19:59:56.865 I/chatty  ( 3846): uid=1000(system) ActivityManager expire 2 lines
07-02 19:59:56.870 W/ContextImpl( 5051): Calling a method in the system process without a qualified user: android.app.ContextImpl.bindService:1748 android.content.ContextWrapper.bindService:756 com.jio.adc.core.b.d:56 com.jio.adc.core.b.b:13 com.jio.adc.core.b$c.run:7 
07-02 19:59:59.139 W/ContextImpl( 5051): Calling a method in the system process without a qualified user: android.app.ContextImpl.sendBroadcast:1111 android.content.ContextWrapper.sendBroadcast:468 com.rjil.jiostbsetting.utils.UtilsKt.getAllVolumeDetails:2230 com.rjil.jiostbsetting.service.EndlessService.getParameters$lambda-22:1166 com.rjil.jiostbsetting.service.EndlessService.$r8$lambda$rJsFG8XlIrKzvRVodgEZk__jDnM:0 
07-02 19:59:59.147 W/ContextImpl( 5051): Calling a method in the system process without a qualified user: android.app.ContextImpl.sendBroadcast:1111 android.content.ContextWrapper.sendBroadcast:468 com.rjil.jiostbsetting.utils.UtilsKt.sendUSBAttachDetachBroadcast:2259 com.rjil.jiostbsetting.service.EndlessService$CallbackListener.onParameterNotification:1327 com.rjil.jiostbsetting.dc.DCDataProvider.invokeCallback:107 
07-02 20:02:00.044 I/chatty  ( 3846): uid=1000(system) Binder:3846_B expire 67 lines
07-02 20:02:31.527 W/ContextImpl( 4901): Calling a method in the system process without a qualified user: android.app.ContextImpl.sendBroadcast:1126 android.content.ContextWrapper.sendBroadcast:473 insight.tr069.client.tr181.Device.JioSTB.ACS.onSetACSError:37 insight.tr069.client.TR069ClientService.makeErrorMessage:813 insight.tr069.client.TR069ClientService.insertNewMessage:829 
07-02 20:02:31.530 W/ContextImpl( 4901): Calling a method in the system process without a qualified user: android.app.ContextImpl.sendBroadcast:1126 android.content.ContextWrapper.sendBroadcast:473 insight.tr069.client.tr181.Device.JioSTB.ACS.onSetACSError:37 insight.tr069.client.TR069ClientService.makeErrorMessage:813 insight.tr069.client.TR069ClientService.insertNewMessage:829 
07-02 20:02:31.533 W/ContextImpl( 4901): Calling a method in the system process without a qualified user: android.app.ContextImpl.sendBroadcast:1126 android.content.ContextWrapper.sendBroadcast:473 insight.tr069.client.tr181.Device.JioSTB.ACS.onSetACSError:37 insight.tr069.client.TR069ClientService.makeErrorMessage:813 insight.tr069.client.TR069ClientService.insertNewMessage:829 
07-02 20:02:31.542 W/ContextImpl( 5799): Calling a method in the system process without a qualified user: android.app.ContextImpl.bindService:1748 android.content.ContextWrapper.bindService:756 com.jio.adc.core.b.d:56 com.jio.adc.core.b.b:13 com.jio.adc.core.b$c.run:7 
07-02 20:02:32.074 I/chatty  ( 3846): uid=1000(system) android.bg expire 69 lines
07-02 20:14:05.522 W/ContextImpl( 5799): Calling a method in the system process without a qualified user: android.app.ContextImpl.bindService:1748 android.content.ContextWrapper.bindService:756 com.jio.adc.core.b.d:56 com.jio.adc.core.b.b:13 com.jio.adc.core.b$c.run:7 
07-02 20:14:05.525 W/ContextImpl( 5392): Calling a method in the system process without a qualified user: android.app.ContextImpl.sendBroadcast:1111 android.content.ContextWrapper.sendBroadcast:468 com.iwedia.tvinput.engine.ChannelManager.disconnectCA:3912 com.iwedia.tvinput.engine.ChannelManager.access$4300:116 com.iwedia.tvinput.engine.ChannelManager$CaReconnectTask.run:2434 
07-02 20:14:05.553 W/ContextImpl( 5392): Calling a method in the system process without a qualified user: android.app.ContextImpl.sendBroadcast:1111 android.content.ContextWrapper.sendBroadcast:468 com.iwedia.tvinput.engine.ChannelManager.connectCA:3844 com.iwedia.tvinput.engine.ChannelManager.access$5900:116 com.iwedia.tvinput.engine.ChannelManager$CaMessageHandler.handleMessage:4279 
07-02 20:14:12.551 I/chatty  ( 3846): uid=1000(system) android.bg expire 38 lines
07-02 20:20:33.553 W/ContextImpl( 4901): Calling a method in the system process without a qualified user: android.app.ContextImpl.sendBroadcast:1126 android.content.ContextWrapper.sendBroadcast:473 insight.tr069.client.tr181.Device.JioSTB.ACS.onSetACSError:37 insight.tr069.client.TR069ClientService.makeErrorMessage:813 insight.tr069.client.TR069ClientService.insertNewMessage:829 
07-02 20:20:33.558 W/ContextImpl( 4901): Calling a method in the system process without a qualified user: android.app.ContextImpl.sendBroadcast:1126 android.content.ContextWrapper.sendBroadcast:473 insight.tr069.client.tr181.Device.JioSTB.ACS.onSetACSError:37 insight.tr069.client.TR069ClientService.makeErrorMessage:813 insight.tr069.client.TR069ClientService.insertNewMessage:829 
07-02 20:20:33.562 W/ContextImpl( 4901): Calling a method in the system process without a qualified user: android.app.ContextImpl.sendBroadcast:1126 android.content.ContextWrapper.sendBroadcast:473 insight.tr069.client.tr181.Device.JioSTB.ACS.onSetACSError:37 insight.tr069.client.TR069ClientService.makeErrorMessage:813 insight.tr069.client.TR069ClientService.insertNewMessage:829 
07-02 20:20:33.571 W/ContextImpl( 5799): Calling a method in the system process without a qualified user: android.app.ContextImpl.bindService:1748 android.content.ContextWrapper.bindService:756 com.jio.adc.core.b.d:56 com.jio.adc.core.b.b:13 com.jio.adc.core.b$c.run:7 
07-02 20:20:37.810 I/chatty  ( 3846): uid=1000(system) android.bg expire 18 lines
07-02 20:23:03.801 I/chatty  ( 3846): uid=1000(system) Binder:3846_12 expire 4 lines
07-02 20:23:04.815 I/chatty  ( 3846): uid=1000(system) ActivityManager expire 4 lines
07-02 20:23:06.572 I/chatty  ( 3846): uid=1000(system) Binder:3846_B expire 4 lines
07-02 20:23:08.597 I/chatty  ( 3846): uid=1000(system) InputDispatcher expire 4 lines
07-02 20:23:08.600 I/chatty  ( 3846): uid=1000(system) android.ui expire 3 lines
07-02 20:23:10.948 I/chatty  ( 3846): uid=1000 system_server expire 2 lines
07-02 20:23:10.956 I/chatty  ( 3846): uid=1000 system_server expire 2 lines
07-02 20:23:10.964 I/chatty  ( 3846): uid=1000(system) android.display expire 7 lines
07-02 20:23:10.981 I/chatty  ( 3846): uid=1000 system_server expire 2 lines
07-02 20:23:10.998 I/chatty  ( 3846): uid=1000(system) android.anim expire 16 lines
07-02 20:23:11.055 I/chatty  ( 3846): uid=1000 system_server expire 2 lines
07-02 20:23:11.495 I/chatty  ( 3846): uid=1000(system) Binder:3846_10 expire 3 lines
07-02 20:23:11.715 I/chatty  ( 3846): uid=1000(system) ConnectivitySer expire 1 line
07-02 20:23:12.392 I/chatty  ( 3846): uid=1000 system_server expire 2 lines
07-02 20:23:12.484 I/chatty  ( 3846): uid=1000(system) Binder:3846_13 expire 11 lines
07-02 20:23:12.487 I/chatty  ( 3846): uid=1000(system) Binder:3846_14 expire 9 lines
07-02 20:23:12.518 I/chatty  ( 3846): uid=1000 system_server expire 2 lines
07-02 20:23:15.086 I/chatty  ( 3846): uid=1000(system) LazyTaskWriterT expire 1 line
07-02 20:23:33.729 I/chatty  ( 3846): uid=1000(system) Binder:3846_15 expire 18 lines
07-02 20:23:35.197 I/chatty  ( 3846): uid=1000 system_server expire 9 lines
07-02 20:23:37.526 I/chatty  ( 3846): uid=1000(system) android.anim expire 18 lines
07-02 20:23:37.741 I/chatty  ( 3846): uid=1000(system) Binder:3846_15 expire 15 lines
07-02 20:23:39.760 I/chatty  ( 3846): uid=1000(system) android.bg expire 8 lines
07-02 20:23:39.803 I/chatty  ( 3846): uid=1000(system) Binder:3846_13 expire 26 lines
07-02 20:23:39.935 I/chatty  ( 3846): uid=1000(system) Binder:3846_17 expire 17 lines
07-02 20:23:40.637 I/chatty  ( 3846): uid=1000(system) android.display expire 20 lines
07-02 20:23:42.879 I/chatty  ( 3846): uid=1000(system) ConnectivitySer expire 1 line
07-02 20:24:46.884 I/chatty  ( 3846): uid=1000(system) android.ui expire 3 lines
07-02 20:24:50.294 I/chatty  ( 3846): uid=1000(system) Binder:3846_12 expire 29 lines
07-02 20:24:50.499 I/chatty  ( 3846): uid=1000(system) Binder:3846_19 expire 12 lines
07-02 20:24:55.128 I/chatty  ( 3846): uid=1000(system) Binder:3846_D expire 14 lines
07-02 20:24:55.760 I/chatty  ( 3846): uid=1000(system) Binder:3846_17 expire 4 lines
07-02 20:24:55.766 I/chatty  ( 3846): uid=1000(system) android.anim expire 23 lines
07-02 20:24:55.791 I/chatty  ( 3846): uid=1000(system) android.display expire 18 lines
07-02 20:24:55.916 I/chatty  ( 3846): uid=1000(system) Binder:3846_13 expire 15 lines
07-02 20:24:55.924 I/chatty  ( 3846): uid=1000 system_server expire 6 lines
07-02 20:25:01.087 I/chatty  ( 3846): uid=1000(system) android.bg expire 16 lines
07-02 20:26:21.518 I/chatty  ( 3846): uid=1000(system) android.ui expire 5 lines
07-02 20:26:21.886 I/chatty  ( 3846): uid=1000(system) Binder:3846_3 expire 19 lines
07-02 20:26:24.585 I/chatty  ( 3846): uid=1000(system) Binder:3846_19 expire 7 lines
07-02 20:26:24.681 I/chatty  ( 3846): uid=1000(system) Binder:3846_1B expire 38 lines
07-02 20:26:26.578 I/chatty  ( 3846): uid=1000(system) Binder:3846_6 expire 12 lines
07-02 20:26:27.222 I/chatty  ( 3846): uid=1000(system) Binder:3846_F expire 1 line
07-02 20:26:29.344 I/chatty  ( 3846): uid=1000(system) Binder:3846_14 expire 5 lines
07-02 20:27:36.226 I/chatty  ( 3846): uid=1000(system) Binder:3846_7 expire 7 lines
07-02 20:27:38.529 I/chatty  ( 3846): uid=1000(system) Binder:3846_3 expire 17 lines
07-02 20:27:38.616 I/chatty  ( 3846): uid=1000(system) Binder:3846_14 expire 3 lines
07-02 20:27:38.632 I/chatty  ( 3846): uid=1000(system) android.anim expire 22 lines
07-02 20:27:38.634 I/chatty  ( 3846): uid=1000(system) Binder:3846_F expire 21 lines
07-02 20:27:38.652 I/chatty  ( 3846): uid=1000(system) android.display expire 20 lines
07-02 20:27:38.675 I/chatty  ( 3846): uid=1000 system_server expire 7 lines
07-02 20:27:38.713 I/chatty  ( 3846): uid=1000(system) Binder:3846_6 expire 33 lines
07-02 20:27:41.181 I/chatty  ( 3846): uid=1000(system) android.ui expire 3 lines
07-02 20:27:43.300 I/chatty  ( 3846): uid=1000(system) Binder:3846_17 expire 6 lines
07-02 20:27:43.834 I/chatty  ( 3846): uid=1000(system) android.bg expire 7 lines
07-02 20:27:45.521 I/chatty  ( 3846): uid=1000(system) Binder:3846_9 expire 1 line
07-02 20:28:52.403 I/chatty  ( 3846): uid=1000(system) Binder:3846_13 expire 8 lines
07-02 20:28:52.416 I/chatty  ( 3846): uid=1000(system) Binder:3846_1C expire 9 lines
07-02 20:28:52.447 I/chatty  ( 3846): uid=1000(system) Binder:3846_B expire 13 lines
07-02 20:28:54.965 D/AutofillManagerService( 3846): onBackKeyPressed()
07-02 20:28:54.972 W/ContextImpl( 3846): Calling a method in the system process without a qualified user: android.app.ContextImpl.sendBroadcast:1111 com.android.server.inputmethod.InputMethodManagerService.sendSoftInputVisibilityBroadcast:3258 com.android.server.inputmethod.InputMethodManagerService.hideCurrentInputLocked:3330 com.android.server.inputmethod.InputMethodManagerService.hideMySoftInput:4180 com.android.server.inputmethod.InputMethodManagerService.access$4000:189 
07-02 20:28:54.998 D/INSETS  ( 3846): else - Package Name ::  left : 0 right :: 0 top :: 0 bottom :: 0 dfu-right :: 1920 dfu-bottom :: 1080
07-02 20:28:54.999 D/INSETS  ( 3846): else - Package Name ::  left : 0 right :: 0 top :: 0 bottom :: 0 dfu-right :: 1920 dfu-bottom :: 1080
07-02 20:28:55.020 D/INSETS  ( 3846): else - Package Name ::  left : 0 right :: 0 top :: 0 bottom :: 0 dfu-right :: 1920 dfu-bottom :: 1080
07-02 20:28:55.020 D/INSETS  ( 3846): else - Package Name ::  left : 0 right :: 0 top :: 0 bottom :: 0 dfu-right :: 1920 dfu-bottom :: 1080
07-02 20:28:55.025 D/INSETS  ( 3846): else - Package Name ::  left : 0 right :: 0 top :: 0 bottom :: 0 dfu-right :: 1920 dfu-bottom :: 1080
07-02 20:28:55.026 D/INSETS  ( 3846): else - Package Name ::  left : 0 right :: 0 top :: 0 bottom :: 0 dfu-right :: 1920 dfu-bottom :: 1080
07-02 20:28:55.058 I/UsageStatsService( 3846): User[0] Flushing usage stats to disk
07-02 20:28:55.227 D/INSETS  ( 3846): else - Package Name ::  left : 0 right :: 0 top :: 0 bottom :: 0 dfu-right :: 1920 dfu-bottom :: 1080
07-02 20:28:57.072 D/InputMethodManagerService( 3846): Top Package Name: in.startv.hotstar
07-02 20:28:57.075 W/ContextImpl( 3846): Calling a method in the system process without a qualified user: android.app.ContextImpl.sendBroadcast:1111 com.android.server.inputmethod.InputMethodManagerService.sendSoftInputVisibilityBroadcast:3258 com.android.server.inputmethod.InputMethodManagerService.showCurrentInputLocked:3231 com.android.server.inputmethod.InputMethodManagerService.showMySoftInput:4198 com.android.server.inputmethod.InputMethodManagerService.access$4100:189 
07-02 20:28:57.077 W/ContextImpl( 3846): Calling a method in the system process without a qualified user: android.app.ContextImpl.sendBroadcast:1111 com.android.server.inputmethod.InputMethodManagerService.sendSoftInputVisibilityBroadcast:3258 com.android.server.inputmethod.InputMethodManagerService.hideCurrentInputLocked:3330 com.android.server.inputmethod.InputMethodManagerService.hideSoftInput:3290 com.android.internal.view.IInputMethodManager$Stub.onTransact:325 
07-02 20:28:57.085 D/InputMethodManagerService( 3846): Top Package Name: in.startv.hotstar
07-02 20:28:57.087 W/ContextImpl( 3846): Calling a method in the system process without a qualified user: android.app.ContextImpl.sendBroadcast:1111 com.android.server.inputmethod.InputMethodManagerService.sendSoftInputVisibilityBroadcast:3258 com.android.server.inputmethod.InputMethodManagerService.showCurrentInputLocked:3231 com.android.server.inputmethod.InputMethodManagerService.showMySoftInput:4198 com.android.server.inputmethod.InputMethodManagerService.access$4100:189 
07-02 20:28:57.088 W/ContextImpl( 3846): Calling a method in the system process without a qualified user: android.app.ContextImpl.sendBroadcast:1111 com.android.server.inputmethod.InputMethodManagerService.sendSoftInputVisibilityBroadcast:3258 com.android.server.inputmethod.InputMethodManagerService.hideCurrentInputLocked:3330 com.android.server.inputmethod.InputMethodManagerService.hideSoftInput:3290 com.android.internal.view.IInputMethodManager$Stub.onTransact:325 
07-02 20:28:57.102 D/INSETS  ( 3846): else - Package Name ::  left : 0 right :: 0 top :: 0 bottom :: 0 dfu-right :: 1920 dfu-bottom :: 1080
07-02 20:28:57.112 W/ContextImpl( 3846): Calling a method in the system process without a qualified user: android.app.ContextImpl.sendBroadcast:1111 com.android.server.inputmethod.InputMethodManagerService.sendSoftInputVisibilityBroadcast:3258 com.android.server.inputmethod.InputMethodManagerService.hideCurrentInputLocked:3330 com.android.server.inputmethod.InputMethodManagerService.hideSoftInput:3290 com.android.internal.view.IInputMethodManager$Stub.onTransact:325 
07-02 20:28:57.153 D/InputMethodManagerService( 3846): Top Package Name: in.startv.hotstar
07-02 20:28:57.156 W/ContextImpl( 3846): Calling a method in the system process without a qualified user: android.app.ContextImpl.sendBroadcast:1111 com.android.server.inputmethod.InputMethodManagerService.sendSoftInputVisibilityBroadcast:3258 com.android.server.inputmethod.InputMethodManagerService.showCurrentInputLocked:3231 com.android.server.inputmethod.InputMethodManagerService.showMySoftInput:4198 com.android.server.inputmethod.InputMethodManagerService.access$4100:189 
07-02 20:28:57.167 D/InputMethodManagerService( 3846): Top Package Name: in.startv.hotstar
07-02 20:28:57.170 W/ContextImpl( 3846): Calling a method in the system process without a qualified user: android.app.ContextImpl.sendBroadcast:1111 com.android.server.inputmethod.InputMethodManagerService.sendSoftInputVisibilityBroadcast:3258 com.android.server.inputmethod.InputMethodManagerService.showCurrentInputLocked:3231 com.android.server.inputmethod.InputMethodManagerService.showMySoftInput:4198 com.android.server.inputmethod.InputMethodManagerService.access$4100:189 
07-02 20:28:57.181 D/InputMethodManagerService( 3846): Top Package Name: in.startv.hotstar
07-02 20:28:57.182 W/ContextImpl( 3846): Calling a method in the system process without a qualified user: android.app.ContextImpl.sendBroadcast:1111 com.android.server.inputmethod.InputMethodManagerService.sendSoftInputVisibilityBroadcast:3258 com.android.server.inputmethod.InputMethodManagerService.showCurrentInputLocked:3231 com.android.server.inputmethod.InputMethodManagerService.showMySoftInput:4198 com.android.server.inputmethod.InputMethodManagerService.access$4100:189 
07-02 20:28:57.225 D/INSETS  ( 3846): else - Package Name ::  left : 0 right :: 0 top :: 0 bottom :: 0 dfu-right :: 1920 dfu-bottom :: 1080
07-02 20:28:57.261 I/chatty  ( 3846): uid=1000(system) Binder:3846_13 identical 1 line
07-02 20:28:57.261 D/INSETS  ( 3846): else - Package Name ::  left : 0 right :: 0 top :: 0 bottom :: 0 dfu-right :: 1920 dfu-bottom :: 1080
07-02 20:28:57.282 D/INSETS  ( 3846): else - Package Name ::  left : 0 right :: 0 top :: 0 bottom :: 0 dfu-right :: 1920 dfu-bottom :: 1080
07-02 20:28:57.282 D/INSETS  ( 3846): else - Package Name ::  left : 0 right :: 0 top :: 0 bottom :: 0 dfu-right :: 1920 dfu-bottom :: 1080
07-02 20:28:57.290 W/NotificationHistory( 3846): Attempted to add notif for locked/gone/disabled user 0
07-02 20:28:57.306 D/INSETS  ( 3846): else - Package Name ::  left : 0 right :: 0 top :: 0 bottom :: 0 dfu-right :: 1920 dfu-bottom :: 1080
07-02 20:28:57.325 I/chatty  ( 3846): uid=1000(system) android.display identical 2 lines
07-02 20:28:57.325 D/INSETS  ( 3846): else - Package Name ::  left : 0 right :: 0 top :: 0 bottom :: 0 dfu-right :: 1920 dfu-bottom :: 1080
07-02 20:28:57.329 D/INSETS  ( 3846): else - Package Name ::  left : 0 right :: 0 top :: 0 bottom :: 0 dfu-right :: 1920 dfu-bottom :: 1080
07-02 20:28:57.368 D/InputMethodManagerService( 3846): Top Package Name: in.startv.hotstar
07-02 20:28:57.369 W/ContextImpl( 3846): Calling a method in the system process without a qualified user: android.app.ContextImpl.sendBroadcast:1111 com.android.server.inputmethod.InputMethodManagerService.sendSoftInputVisibilityBroadcast:3258 com.android.server.inputmethod.InputMethodManagerService.showCurrentInputLocked:3231 com.android.server.inputmethod.InputMethodManagerService.showMySoftInput:4198 com.android.server.inputmethod.InputMethodManagerService.access$4100:189 
07-02 20:28:57.410 W/NotificationHistory( 3846): Attempted to add notif for locked/gone/disabled user 0
07-02 20:28:57.509 D/INSETS  ( 3846): else - Package Name ::  left : 0 right :: 0 top :: 0 bottom :: 0 dfu-right :: 1920 dfu-bottom :: 1080
07-02 20:28:57.553 D/InputMethodManagerService( 3846): Top Package Name: in.startv.hotstar
07-02 20:28:57.554 W/ContextImpl( 3846): Calling a method in the system process without a qualified user: android.app.ContextImpl.sendBroadcast:1111 com.android.server.inputmethod.InputMethodManagerService.sendSoftInputVisibilityBroadcast:3258 com.android.server.inputmethod.InputMethodManagerService.showCurrentInputLocked:3231 com.android.server.inputmethod.InputMethodManagerService.attachNewInputLocked:2397 com.android.server.inputmethod.InputMethodManagerService.startInputUncheckedLocked:2503 
07-02 20:28:57.697 D/InputMethodManagerService( 3846): Top Package Name: in.startv.hotstar
07-02 20:28:57.697 W/ContextImpl( 3846): Calling a method in the system process without a qualified user: android.app.ContextImpl.sendBroadcast:1111 com.android.server.inputmethod.InputMethodManagerService.sendSoftInputVisibilityBroadcast:3258 com.android.server.inputmethod.InputMethodManagerService.showCurrentInputLocked:3231 com.android.server.inputmethod.InputMethodManagerService.showMySoftInput:4198 com.android.server.inputmethod.InputMethodManagerService.access$4100:189 
07-02 20:28:57.753 D/INSETS  ( 3846): else - Package Name ::  left : 0 right :: 0 top :: 0 bottom :: 0 dfu-right :: 1920 dfu-bottom :: 1080
07-02 20:28:57.761 D/INSETS  ( 3846): else - Package Name ::  left : 0 right :: 0 top :: 0 bottom :: 0 dfu-right :: 1920 dfu-bottom :: 1080
07-02 20:28:57.762 D/INSETS  ( 3846): else - Package Name ::  left : 0 right :: 0 top :: 0 bottom :: 0 dfu-right :: 1920 dfu-bottom :: 1080
07-02 20:28:57.785 D/INSETS  ( 3846): else - Package Name ::  left : 0 right :: 0 top :: 0 bottom :: 0 dfu-right :: 1920 dfu-bottom :: 1080
07-02 20:28:57.786 D/INSETS  ( 3846): else - Package Name ::  left : 0 right :: 0 top :: 0 bottom :: 0 dfu-right :: 1920 dfu-bottom :: 1080
07-02 20:28:57.794 W/ContextImpl( 3846): Calling a method in the system process without a qualified user: android.app.ContextImpl.sendBroadcast:1111 com.android.server.inputmethod.InputMethodManagerService.sendSoftInputVisibilityBroadcast:3258 com.android.server.inputmethod.InputMethodManagerService.hideCurrentInputLocked:3330 com.android.server.inputmethod.InputMethodManagerService.hideMySoftInput:4180 com.android.server.inputmethod.InputMethodManagerService.access$4000:189 
07-02 20:28:57.795 D/INSETS  ( 3846): else - Package Name ::  left : 0 right :: 0 top :: 0 bottom :: 0 dfu-right :: 1920 dfu-bottom :: 1080
07-02 20:28:57.800 I/chatty  ( 3846): uid=1000(system) android.display identical 2 lines
07-02 20:28:57.801 D/INSETS  ( 3846): else - Package Name ::  left : 0 right :: 0 top :: 0 bottom :: 0 dfu-right :: 1920 dfu-bottom :: 1080
07-02 20:28:57.826 W/ContextImpl( 3846): Calling a method in the system process without a qualified user: android.app.ContextImpl.sendBroadcast:1111 com.android.server.inputmethod.InputMethodManagerService.sendSoftInputVisibilityBroadcast:3258 com.android.server.inputmethod.InputMethodManagerService.hideCurrentInputLocked:3330 com.android.server.inputmethod.InputMethodManagerService.hideMySoftInput:4180 com.android.server.inputmethod.InputMethodManagerService.access$4000:189 
07-02 20:28:57.855 D/INSETS  ( 3846): else - Package Name ::  left : 0 right :: 0 top :: 0 bottom :: 0 dfu-right :: 1920 dfu-bottom :: 1080
07-02 20:28:57.855 D/INSETS  ( 3846): else - Package Name ::  left : 0 right :: 0 top :: 0 bottom :: 0 dfu-right :: 1920 dfu-bottom :: 1080
07-02 20:28:57.860 D/INSETS  ( 3846): else - Package Name ::  left : 0 right :: 0 top :: 0 bottom :: 0 dfu-right :: 1920 dfu-bottom :: 1080
07-02 20:28:57.860 D/INSETS  ( 3846): else - Package Name ::  left : 0 right :: 0 top :: 0 bottom :: 0 dfu-right :: 1920 dfu-bottom :: 1080
07-02 20:28:57.865 D/INSETS  ( 3846): else - Package Name ::  left : 0 right :: 0 top :: 0 bottom :: 0 dfu-right :: 1920 dfu-bottom :: 1080
07-02 20:28:57.865 D/INSETS  ( 3846): else - Package Name ::  left : 0 right :: 0 top :: 0 bottom :: 0 dfu-right :: 1920 dfu-bottom :: 1080
07-02 20:28:57.909 W/NotificationHistory( 3846): Attempted to add notif for locked/gone/disabled user 0
07-02 20:28:58.079 D/INSETS  ( 3846): else - Package Name ::  left : 0 right :: 0 top :: 0 bottom :: 0 dfu-right :: 1920 dfu-bottom :: 1080
07-02 20:28:59.389 D/INSETS  ( 3846): else - Package Name ::  left : 0 right :: 0 top :: 0 bottom :: 0 dfu-right :: 1920 dfu-bottom :: 1080
07-02 20:29:00.544 D/INSETS  ( 3846): else - Package Name ::  left : 0 right :: 0 top :: 0 bottom :: 0 dfu-right :: 1920 dfu-bottom :: 1080
07-02 20:29:00.996 D/INSETS  ( 3846): else - Package Name ::  left : 0 right :: 0 top :: 0 bottom :: 0 dfu-right :: 1920 dfu-bottom :: 1080
07-02 20:29:04.815 W/ContextImpl( 5392): Calling a method in the system process without a qualified user: android.app.ContextImpl.sendBroadcast:1111 android.content.ContextWrapper.sendBroadcast:468 com.iwedia.tvinput.engine.ChannelManager.disconnectCA:3912 com.iwedia.tvinput.engine.ChannelManager.access$4300:116 com.iwedia.tvinput.engine.ChannelManager$CaReconnectTask.run:2434 
07-02 20:29:04.846 W/ContextImpl( 5799): Calling a method in the system process without a qualified user: android.app.ContextImpl.bindService:1748 android.content.ContextWrapper.bindService:756 com.jio.adc.core.b.d:56 com.jio.adc.core.b.b:13 com.jio.adc.core.b$c.run:7 
07-02 20:29:04.851 W/ContextImpl( 5392): Calling a method in the system process without a qualified user: android.app.ContextImpl.sendBroadcast:1111 android.content.ContextWrapper.sendBroadcast:468 com.iwedia.tvinput.engine.ChannelManager.connectCA:3844 com.iwedia.tvinput.engine.ChannelManager.access$5900:116 com.iwedia.tvinput.engine.ChannelManager$CaMessageHandler.handleMessage:4279 
07-02 20:29:05.154 I/UsageStatsService( 3846): User[0] Flushing usage stats to disk
--------- beginning of kernel
07-02 20:29:07.225 D/[ 7232.118057@2]- [0]pdata->config=hevc_buf_width(    0): 1920;hevc_buf_height:1088;hevc_buf_margin:0;hevc_double_write_mode:3;save_buffer_mode:0;
07-02 20:29:07.225 D/        (    0): [ 7232.118099@2]- decoder_bmmu_box_alloc_box, tvp_flags = 4
07-02 20:29:07.225 D/        (    0): [ 7232.118116@2]- [0]dynamic_buf_num_margin=9
07-02 20:29:07.225 D/        (    0): [ 7232.118120@2]- [0]double_write_mode=3
07-02 20:29:07.225 D/[ 7232.118128@2]- [0]h265(    0): pts_unstable=0
07-02 20:29:07.225 D/[ 7232.118134@2]- [0]h265(    0): ver (201602101,0) decinfo: 0x0 rate=3600
07-02 20:29:07.225 I/        (    0): [ 7232.121681@2]- [TEE], the fw (hevc_mmu) will be loaded.
07-02 20:29:07.225 D/        (    0): [ 7232.121727@2]- hevc mux clock is 666666656 Hz
07-02 20:29:07.225 D/        (    0): [ 7232.121744@2]- hevc back mux clock is 666666656 Hz
07-02 20:29:07.225 D/        (    0): [ 7232.121749@2]- hevc video changed to 3840 x 2160 60 fps clk->667MHZ
07-02 20:29:07.225 D/        (    0): [ 7232.121806@2]- vfm map vdec-map-0 created
07-02 20:29:07.225 I/[ 7232.121825@2]- dim(    0): ch[1]:di_receiver_event_fun,8:_REG
07-02 20:29:07.225 I/[ 7232.121830@2]- dim(    0): reg:vdec.h265.00[186]
07-02 20:29:07.229 I/[ 7232.122387@2]- dim(    0): reg:use[1]ms
07-02 20:29:07.231 E/[ 7232.122412@2]- reg(    0): v4lvideo
07-02 20:29:07.231 I/[ 7232.122461@2]- dim(    0): ch[1]:di_receiver_event_fun,3:_START
07-02 20:29:07.231 D/        (    0): [ 7232.122466@2]- vdec_init, vf_provider_name = vdec.h265.00, b 0
07-02 20:29:07.231 I/        (    0): [ 7232.122482@2]- vdec->port_flag=0x182, port_flag=0x18b
07-02 20:29:07.231 I/        (    0): [ 7232.122567@2]- is_reset=0
07-02 20:29:07.311 D/        (    0): [ 7232.204400@0]- [0]vh265 cached=8192  need_size=6144 speed= 88 ms
07-02 20:29:07.311 D/        (    0): [ 7232.205008@0]- [0]hevc->performance_profile 0
07-02 20:29:07.312 D/        (    0): [ 7232.205016@0]- [0]set pic_list_init_flag 1
07-02 20:29:07.312 D/        (    0): [ 7232.206776@1]- [0]init_buf_spec2 1280 720
07-02 20:29:07.312 D/        (    0): [ 7232.206821@1]- [0]set pic_list_init_flag to 2
07-02 20:29:07.312 D/        (    0): [ 7232.206852@0]- [0]set pic_list_init_flag to 3
07-02 20:29:07.312 D/        (    0): [ 7232.206857@0]- [vdec_kpi][vh265_isr_thread_fn] First I frame coming.
07-02 20:29:07.313 D/[ 7232.208279@0]- [0]VH265(    0): output first frame
07-02 20:29:07.313 D/        (    0): [ 7232.208300@0]- [vdec_kpi][post_video_frame] First I frame decoded.
07-02 20:29:07.313 I/[ 7232.208362@1]- dim(    0): value reg:ch[1]:fix_buf:0;ponly <0,0>
07-02 20:29:07.313 I/[ 7232.208372@1]- dim(    0): 320x180-0x509000.
07-02 20:29:07.319 I/[ 7232.211140@3]- v4lvideo(    0): provider name: vdec.h265.00
07-02 20:29:07.346 D/        (    0): [ 7232.241995@3]- cal_dur_from_pts vstatus 4000 dur3750 -> 4000, revised 4000
07-02 20:29:07.354 I/[ 7232.248182@3]- vframe_rate_uevent(    0): sent uevent FRAME_RATE_HINT=4000
07-02 20:29:07.454 I/        (    0): [ 7232.349506@1]- protect tvp 0 5 ret 0
07-02 20:29:07.454 I/        (    0): [ 7232.349533@1]- protect tvp 1 6 ret 0 5ad20000 2800000
07-02 20:29:08.386 W/[ 7233.280699@0]- RTW(    0): Turbo EDCA =0x431c
07-02 20:29:11.266 W/[ 7236.158555@3]- RTW(    0): fill_default_txdesc(wlan0): SP Packet(0x0806) rate=0x4 SeqNum = 635
07-02 20:29:11.282 W/[ 7236.177201@1]- RTW(    0): fill_default_txdesc(wlan0): SP Packet(0x0806) rate=0x4 SeqNum = 642
07-02 20:29:14.434 W/[ 7239.326765@1]- RTW(    0): Turbo EDCA =0x5ea42b
07-02 20:29:16.454 W/[ 7241.346808@2]- RTW(    0): Turbo EDCA =0x431c
07-02 20:29:16.562 W/[ 7241.457931@1]- RTW(    0): fill_default_txdesc(wlan0): SP Packet(0x0806) rate=0x4 SeqNum = 1075
07-02 20:29:18.466 W/[ 7243.358770@1]- RTW(    0): Turbo EDCA =0x5ea42b
07-02 20:29:20.482 W/[ 7245.374793@1]- RTW(    0): Turbo EDCA =0x431c
07-02 20:29:21.566 W/[ 7246.459404@3]- audit(    0): audit_lost=2878 audit_rate_limit=5 audit_backlog_limit=64
07-02 20:29:21.566 E/[ 7246.459413@3]- audit(    0): rate limit exceeded
07-02 20:29:21.582 W/[ 7246.475487@2]- RTW(    0): fill_default_txdesc(wlan0): SP Packet(0x0806) rate=0x4 SeqNum = 1445
07-02 20:29:22.498 W/[ 7247.391163@2]- RTW(    0): Turbo EDCA =0x5ea42b
07-02 20:29:22.906 W/[ 7247.799505@0]- audit(    0): audit_lost=2896 audit_rate_limit=5 audit_backlog_limit=64
07-02 20:29:22.906 E/[ 7247.799512@0]- audit(    0): rate limit exceeded
07-02 20:29:23.976 W/[ 7248.871336@3]- audit(    0): audit_lost=2926 audit_rate_limit=5 audit_backlog_limit=64
07-02 20:29:23.976 E/[ 7248.871344@3]- audit(    0): rate limit exceeded
07-02 20:29:24.514 W/[ 7249.406815@1]- RTW(    0): Turbo EDCA =0x431c
07-02 20:29:25.010 W/[ 7249.904641@3]- audit(    0): audit_lost=2950 audit_rate_limit=5 audit_backlog_limit=64
07-02 20:29:25.010 E/[ 7249.904649@3]- audit(    0): rate limit exceeded
07-02 20:29:26.530 W/[ 7251.422833@1]- RTW(    0): Turbo EDCA =0x5ea42b
07-02 20:29:26.616 W/[ 7251.511109@3]- RTW(    0): fill_default_txdesc(wlan0): SP Packet(0x0806) rate=0x4 SeqNum = 1800
07-02 20:29:28.546 W/[ 7253.439670@1]- RTW(    0): Turbo EDCA =0x431c
07-02 20:29:29.218 W/[ 7254.112045@3]- audit(    0): audit_lost=2970 audit_rate_limit=5 audit_backlog_limit=64
07-02 20:29:29.218 E/[ 7254.112057@3]- audit(    0): rate limit exceeded
07-02 20:29:31.762 W/[ 7256.657546@3]- RTW(    0): fill_default_txdesc(wlan0): SP Packet(0x0806) rate=0x4 SeqNum = 2181
07-02 20:29:32.578 W/[ 7257.471066@1]- RTW(    0): Turbo EDCA =0x5ea42b
07-02 20:29:33.422 W/[ 7258.316269@3]- RTW(    0): fill_default_txdesc(wlan0): SP Packet(0x0806) rate=0x4 SeqNum = 2272
07-02 20:29:34.594 W/[ 7259.486783@2]- RTW(    0): Turbo EDCA =0x431c
07-02 20:29:36.189 W/[ 7261.084022@3]- RTW(    0): fill_default_txdesc(wlan0): SP Packet(0x0806) rate=0x4 SeqNum = 2426
07-02 20:29:36.610 W/[ 7261.502810@0]- RTW(    0): Turbo EDCA =0x5ea42b
07-02 20:29:38.626 W/[ 7263.518803@0]- RTW(    0): Turbo EDCA =0x431c
07-02 20:29:40.642 W/[ 7265.535094@1]- RTW(    0): Turbo EDCA =0x5ea42b
07-02 20:29:41.362 W/[ 7266.257196@3]- RTW(    0): fill_default_txdesc(wlan0): SP Packet(0x0806) rate=0x4 SeqNum = 2692
07-02 20:29:42.658 W/[ 7267.550914@3]- RTW(    0): Turbo EDCA =0x431c
07-02 20:29:44.674 W/[ 7269.566890@1]- RTW(    0): Turbo EDCA =0x5ea42b
07-02 20:29:44.758 W/[ 7269.653974@0]- healthd(    0): battery l=100 v=4 t=0.0 h=2 st=2 c=1100 fc=10000000 chg=u
07-02 20:29:46.690 W/[ 7271.582789@0]- RTW(    0): Turbo EDCA =0x431c
07-02 20:29:46.934 W/[ 7271.828499@0]- RTW(    0): fill_default_txdesc(wlan0): SP Packet(0x0806) rate=0x4 SeqNum = 3047
07-02 20:29:48.707 W/[ 7273.598916@1]- RTW(    0): Turbo EDCA =0x5ea42b
07-02 20:29:50.707 W/[ 7275.601809@0]- audit(    0): audit_lost=2972 audit_rate_limit=5 audit_backlog_limit=64
07-02 20:29:50.708 E/[ 7275.601817@0]- audit(    0): rate limit exceeded
07-02 20:29:50.720 W/[ 7275.614797@3]- RTW(    0): Turbo EDCA =0x431c
07-02 20:29:51.864 W/[ 7276.758870@3]- RTW(    0): fill_default_txdesc(wlan0): SP Packet(0x0806) rate=0x4 SeqNum = 3300
07-02 20:29:52.738 W/[ 7277.630875@2]- RTW(    0): Turbo EDCA =0x5ea42b
07-02 20:29:54.754 W/[ 7279.646908@1]- RTW(    0): Turbo EDCA =0x431c
07-02 20:29:56.770 W/[ 7281.662894@3]- RTW(    0): Turbo EDCA =0x5ea42b
07-02 20:29:56.970 W/[ 7281.865810@2]- audit(    0): audit_lost=2999 audit_rate_limit=5 audit_backlog_limit=64
07-02 20:29:56.971 E/[ 7281.865818@2]- audit(    0): rate limit exceeded
07-02 20:29:57.062 W/[ 7281.957743@1]- RTW(    0): fill_default_txdesc(wlan0): SP Packet(0x0806) rate=0x4 SeqNum = 3628
07-02 20:29:58.182 W/[ 7283.075515@3]- audit(    0): audit_lost=3017 audit_rate_limit=5 audit_backlog_limit=64
07-02 20:29:58.182 E/[ 7283.075521@3]- audit(    0): rate limit exceeded
07-02 20:29:58.783 W/[ 7283.678821@2]- RTW(    0): Turbo EDCA =0x431c
07-02 20:29:59.354 W/[ 7284.250024@3]- audit(    0): audit_lost=3061 audit_rate_limit=5 audit_backlog_limit=64
07-02 20:29:59.354 E/[ 7284.250032@3]- audit(    0): rate limit exceeded
07-02 20:30:00.363 W/[ 7285.255653@3]- audit(    0): audit_lost=3084 audit_rate_limit=5 audit_backlog_limit=64
07-02 20:30:00.363 E/[ 7285.255662@3]- audit(    0): rate limit exceeded
07-02 20:30:00.802 W/[ 7285.695131@0]- RTW(    0): Turbo EDCA =0x5ea42b
07-02 20:29:45.558 I/chatty  ( 3846): uid=1000(system) android.bg identical 4 lines
07-02 20:29:55.666 I/UsageStatsService( 3846): User[0] Flushing usage stats to disk
07-02 20:30:01.222 W/ActivityManager( 3846): Receiver with filter android.content.IntentFilter@4001880 already registered for pid 5051, callerPackage is com.rjil.jiostbsetting
07-02 20:30:01.233 W/ContextImpl( 5051): Calling a method in the system process without a qualified user: android.app.ContextImpl.sendBroadcast:1111 android.content.ContextWrapper.sendBroadcast:468 com.rjil.jiostbsetting.service.EndlessService.ESNredirect:1604 com.rjil.jiostbsetting.service.EndlessService$mConnection$1$onServiceConnected$2.invokeSuspend:1207 kotlin.coroutines.jvm.internal.BaseContinuationImpl.resumeWith:33 
07-02 20:30:01.267 W/BroadcastQueue( 3846): Background execution not allowed: receiving Intent { act=com.netflix.ninja.intent.action.ESN_RESPONSE flg=0x10000010 (has extras) } to com.netflix.partnertoken/com.partner.padi.EsnReceiver
07-02 20:30:01.279 W/ContextImpl( 5051): Calling a method in the system process without a qualified user: android.app.ContextImpl.bindService:1748 android.content.ContextWrapper.bindService:756 com.jio.adc.core.b.d:56 com.jio.adc.core.b.b:13 com.jio.adc.core.b$c.run:7 
07-02 20:30:02.097 W/[ 7286.992127@3]- RTW(    0): fill_default_txdesc(wlan0): SP Packet(0x0806) rate=0x4 SeqNum = 4047
07-02 20:30:02.818 W/[ 7287.710976@2]- RTW(    0): Turbo EDCA =0x431c
07-02 20:30:03.118 D/AutofillManagerService( 3846): onBackKeyPressed()
07-02 20:30:03.158 I/        (    0): [ 7288.052330@3]- is_reset=1
07-02 20:30:03.158 I/[ 7288.052949@3]- vframe_rate_uevent(    0): sent uevent FRAME_RATE_HINT=0
07-02 20:30:03.158 I/[ 7288.053558@2]- dim(    0): ch[1]:di_receiver_event_fun,1:_UNREG
07-02 20:30:03.158 E/[ 7288.053624@2]- unreg(    0): v4lvideo
07-02 20:30:03.158 I/[ 7288.053692@0]- dim(    0): unreg:2keep[0], msk:[0x0,0x0]
07-02 20:30:03.170 I/[ 7288.065693@2]- dim(    0): unreg:use[12]ms
07-02 20:30:03.178 D/        (    0): [ 7288.065726@2]- vdec_disable_DMC input->target= 0x1
07-02 20:30:03.179 D/        (    0): [ 7288.066935@0]- vdec_release instance 00000000f204e333, total 1 id = 0
07-02 20:30:03.179 D/        (    0): [ 7288.067019@0]- the clk_hevc_mux    clock off, ref cnt: 0
07-02 20:30:03.179 D/        (    0): [ 7288.067026@0]- the clk_hevcb_mux   clock off, ref cnt: 0
07-02 20:30:03.179 D/        (    0): [ 7288.067034@0]- the vdec            clock off, ref cnt: 0
07-02 20:30:03.179 D/        (    0): [ 7288.067038@0]- the parser_top      clock off, ref cnt: 1
07-02 20:30:03.179 D/        (    0): [ 7288.067042@0]- the demux           clock off, ref cnt: 1
07-02 20:30:03.179 D/        (    0): [ 7288.067168@0]- the demux           clock on, ref cnt: 2
07-02 20:30:03.179 D/        (    0): [ 7288.067178@0]- the parser_top      clock on, ref cnt: 2
07-02 20:30:03.179 D/        (    0): [ 7288.067189@0]- the vdec            clock on, ref cnt: 1
07-02 20:30:03.179 D/        (    0): [ 7288.067212@0]- the clk_hevc_mux    clock on, ref cnt: 1
07-02 20:30:03.179 D/        (    0): [ 7288.067216@0]- the clk_hevcb_mux   clock on, ref cnt: 1
07-02 20:30:03.179 D/        (    0): [ 7288.067248@0]- hevc mux clock is 499999992 Hz
07-02 20:30:03.179 D/        (    0): [ 7288.067319@0]- hevc back mux clock is 499999992 Hz
07-02 20:30:03.179 D/        (    0): [ 7288.067419@0]- vdec_create instance 000000006d99ea08, total 1, PM: legacy
07-02 20:30:03.179 D/        (    0): [ 7288.067466@0]- set drmmode
07-02 20:30:03.179 I/        (    0): [ 7288.067538@0]- is_reset=1
07-02 20:30:03.179 I/        (    0): [ 7288.067566@0]- vdec_init, dev_name:ammvdec_h265, vdec_type=VDEC_TYPE_FRAME_BLOCK  id = 0
07-02 20:30:03.179 D/[ 7288.068258@0]- [0]pdata->config=hevc_buf_width(    0): 1920;hevc_buf_height:1088;hevc_buf_margin:0;hevc_double_write_mode:3;save_buffer_mode:0;
07-02 20:30:03.179 D/        (    0): [ 7288.068317@0]- decoder_bmmu_box_alloc_box, tvp_flags = 4
07-02 20:30:03.179 D/        (    0): [ 7288.068334@0]- [0]dynamic_buf_num_margin=9
07-02 20:30:03.179 D/        (    0): [ 7288.068338@0]- [0]double_write_mode=3
07-02 20:30:03.179 D/[ 7288.068346@0]- [0]h265(    0): pts_unstable=0
07-02 20:30:03.179 D/[ 7288.068352@0]- [0]h265(    0): ver (201602101,0) decinfo: 0x0 rate=3600
07-02 20:30:03.189 I/        (    0): [ 7288.073011@2]- [TEE], the fw (hevc_mmu) will be loaded.
07-02 20:30:03.189 D/        (    0): [ 7288.073059@2]- hevc mux clock is 666666656 Hz
07-02 20:30:03.189 D/        (    0): [ 7288.073075@2]- hevc back mux clock is 666666656 Hz
07-02 20:30:03.189 D/        (    0): [ 7288.073080@2]- hevc video changed to 3840 x 2160 60 fps clk->667MHZ
07-02 20:30:03.189 D/        (    0): [ 7288.073128@2]- vfm map vdec-map-0 created
07-02 20:30:03.189 I/[ 7288.073148@2]- dim(    0): ch[1]:di_receiver_event_fun,8:_REG
07-02 20:30:03.189 I/[ 7288.073153@2]- dim(    0): reg:vdec.h265.00[187]
07-02 20:30:03.189 I/[ 7288.073743@1]- dim(    0): reg:use[0]ms
07-02 20:30:03.189 E/[ 7288.073771@1]- reg(    0): v4lvideo
07-02 20:30:03.189 I/[ 7288.073780@1]- dim(    0): ch[1]:di_receiver_event_fun,3:_START
07-02 20:30:03.190 D/        (    0): [ 7288.073786@1]- vdec_init, vf_provider_name = vdec.h265.00, b 0
07-02 20:30:03.190 I/        (    0): [ 7288.073820@1]- vdec->port_flag=0x182, port_flag=0x18b
07-02 20:30:03.190 I/        (    0): [ 7288.073937@1]- is_reset=0
07-02 20:30:03.208 I/        (    0): [ 7288.103020@2]- is_reset=1
07-02 20:30:03.208 I/[ 7288.103735@2]- vframe_rate_uevent(    0): sent uevent FRAME_RATE_HINT=0
07-02 20:30:03.208 I/[ 7288.103789@2]- dim(    0): ch[1]:di_receiver_event_fun,1:_UNREG
07-02 20:30:03.208 E/[ 7288.103801@2]- unreg(    0): v4lvideo
07-02 20:30:03.208 I/[ 7288.104770@0]- dim(    0): unreg:use[1]ms
07-02 20:30:03.208 D/        (    0): [ 7288.104875@0]- vdec_disable_DMC input->target= 0x1
07-02 20:30:03.211 D/        (    0): [ 7288.105495@2]- vdec_release instance 000000006d99ea08, total 1 id = 0
07-02 20:30:03.212 D/        (    0): [ 7288.105544@2]- the clk_hevc_mux    clock off, ref cnt: 0
07-02 20:30:03.212 D/        (    0): [ 7288.105550@2]- the clk_hevcb_mux   clock off, ref cnt: 0
07-02 20:30:03.212 D/        (    0): [ 7288.105559@2]- the vdec            clock off, ref cnt: 0
07-02 20:30:03.212 D/        (    0): [ 7288.105563@2]- the parser_top      clock off, ref cnt: 1
07-02 20:30:03.212 D/        (    0): [ 7288.105567@2]- the demux           clock off, ref cnt: 1
07-02 20:30:03.212 D/        (    0): [ 7288.105632@2]- the demux           clock on, ref cnt: 2
07-02 20:30:03.212 D/        (    0): [ 7288.105636@2]- the parser_top      clock on, ref cnt: 2
07-02 20:30:03.212 D/        (    0): [ 7288.105642@2]- the vdec            clock on, ref cnt: 1
07-02 20:30:03.212 D/        (    0): [ 7288.105661@2]- the clk_hevc_mux    clock on, ref cnt: 1
07-02 20:30:03.212 D/        (    0): [ 7288.105665@2]- the clk_hevcb_mux   clock on, ref cnt: 1
07-02 20:30:03.212 D/        (    0): [ 7288.105696@2]- hevc mux clock is 499999992 Hz
07-02 20:30:03.212 D/        (    0): [ 7288.105711@2]- hevc back mux clock is 499999992 Hz
07-02 20:30:03.212 D/        (    0): [ 7288.105832@2]- vdec_create instance 00000000bdbdb79d, total 1, PM: legacy
07-02 20:30:03.212 D/        (    0): [ 7288.105871@2]- set drmmode
07-02 20:30:03.212 I/        (    0): [ 7288.105906@2]- is_reset=1
07-02 20:30:03.212 I/        (    0): [ 7288.105932@2]- vdec_init, dev_name:ammvdec_h265, vdec_type=VDEC_TYPE_FRAME_BLOCK  id = 0
07-02 20:30:03.212 D/[ 7288.106640@2]- [0]pdata->config=hevc_buf_width(    0): 1920;hevc_buf_height:1088;hevc_buf_margin:0;hevc_double_write_mode:3;save_buffer_mode:0;
07-02 20:30:03.212 D/        (    0): [ 7288.106688@2]- decoder_bmmu_box_alloc_box, tvp_flags = 4
07-02 20:30:03.212 D/        (    0): [ 7288.106706@2]- [0]dynamic_buf_num_margin=9
07-02 20:30:03.212 D/        (    0): [ 7288.106710@2]- [0]double_write_mode=3
07-02 20:30:03.212 D/[ 7288.106717@2]- [0]h265(    0): pts_unstable=0
07-02 20:30:03.212 D/[ 7288.106722@2]- [0]h265(    0): ver (201602101,0) decinfo: 0x0 rate=3600
07-02 20:30:03.212 I/        (    0): [ 7288.107789@0]- [TEE], the fw (hevc_mmu) will be loaded.
07-02 20:30:03.212 D/        (    0): [ 7288.107834@0]- hevc mux clock is 666666656 Hz
07-02 20:30:03.212 D/        (    0): [ 7288.107850@0]- hevc back mux clock is 666666656 Hz
07-02 20:30:03.212 D/        (    0): [ 7288.107855@0]- hevc video changed to 3840 x 2160 60 fps clk->667MHZ
07-02 20:30:03.212 D/        (    0): [ 7288.107921@0]- vfm map vdec-map-0 created
07-02 20:30:03.212 I/[ 7288.107942@0]- dim(    0): ch[1]:di_receiver_event_fun,8:_REG
07-02 20:30:03.212 I/[ 7288.107947@0]- dim(    0): reg:vdec.h265.00[188]
07-02 20:30:03.212 I/[ 7288.108218@0]- dim(    0): reg:use[1]ms
07-02 20:30:03.212 E/[ 7288.108240@0]- reg(    0): v4lvideo
07-02 20:30:03.212 I/[ 7288.108247@0]- dim(    0): ch[1]:di_receiver_event_fun,3:_START
07-02 20:30:03.212 D/        (    0): [ 7288.108252@0]- vdec_init, vf_provider_name = vdec.h265.00, b 0
07-02 20:30:03.212 I/        (    0): [ 7288.108268@0]- vdec->port_flag=0x182, port_flag=0x18b
07-02 20:30:03.212 I/        (    0): [ 7288.108653@0]- is_reset=0
07-02 20:30:03.214 W/ContextImpl( 5051): Calling a method in the system process without a qualified user: android.app.ContextImpl.sendBroadcast:1111 android.content.ContextWrapper.sendBroadcast:468 com.rjil.jiostbsetting.utils.UtilsKt.getAllVolumeDetails:2230 com.rjil.jiostbsetting.service.EndlessService.getParameters$lambda-22:1166 com.rjil.jiostbsetting.service.EndlessService.$r8$lambda$rJsFG8XlIrKzvRVodgEZk__jDnM:0 
07-02 20:30:03.222 I/[ 7288.115562@1]- vframe_rate_uevent(    0): sent uevent FRAME_RATE_HINT=0
07-02 20:30:03.224 I/[ 7288.115609@1]- dim(    0): ch[1]:di_receiver_event_fun,1:_UNREG
07-02 20:30:03.224 E/[ 7288.115621@1]- unreg(    0): v4lvideo
07-02 20:30:03.224 I/[ 7288.116191@1]- dim(    0): unreg:use[1]ms
07-02 20:30:03.224 D/        (    0): [ 7288.116257@1]- vdec_disable_DMC input->target= 0x1
07-02 20:30:03.224 D/        (    0): [ 7288.116771@2]- vdec_release instance 00000000bdbdb79d, total 1 id = 0
07-02 20:30:03.224 D/        (    0): [ 7288.116820@2]- the clk_hevc_mux    clock off, ref cnt: 0
07-02 20:30:03.224 D/        (    0): [ 7288.116827@2]- the clk_hevcb_mux   clock off, ref cnt: 0
07-02 20:30:03.224 D/        (    0): [ 7288.116835@2]- the vdec            clock off, ref cnt: 0
07-02 20:30:03.224 D/        (    0): [ 7288.116839@2]- the parser_top      clock off, ref cnt: 1
07-02 20:30:03.224 D/        (    0): [ 7288.116843@2]- the demux           clock off, ref cnt: 1
07-02 20:30:03.224 D/        (    0): [ 7288.116867@2]d v4lvideo_release_map 0 OK
07-02 20:30:03.236 E/[ 7288.129079@2]- Warn(    0): TVP pool will release later.
07-02 20:30:03.236 E/[ 7288.129087@2]- Warn(    0): TVP pool will release later.
07-02 20:30:03.236 I/        (    0): [ 7288.129091@2]- tvp_user_count is 0
07-02 20:30:03.236 I/[ 7288.129096@2]- resman(    0): 125 release [tvp]
07-02 20:30:03.236 D/[ 7288.130213@3]- v4lvid(    0): dbg: vidioc_close!!!!
07-02 20:30:03.236 I/[ 7288.131176@3]- resman(    0): 123 release [codec_mm]
07-02 20:30:03.239 W/ContextImpl( 5051): Calling a method in the system process without a qualified user: android.app.ContextImpl.sendBroadcast:1111 android.content.ContextWrapper.sendBroadcast:468 com.rjil.jiostbsetting.utils.UtilsKt.sendUSBAttachDetachBroadcast:2259 com.rjil.jiostbsetting.service.EndlessService$CallbackListener.onParameterNotification:1327 com.rjil.jiostbsetting.dc.DCDataProvider.invokeCallback:107 
07-02 20:30:03.249 W/BroadcastQueue( 3846): Background execution not allowed: receiving Intent { act=com.rjil.jiostbsetting.UsbAttachDetach flg=0x30 (has extras) } to com.iwedia.ui.rjio.launcher.reliance/.profile.ExternalBroadcastReceiver
07-02 20:30:03.461 D/INSETS  ( 3846): else - Package Name ::  left : 0 right :: 0 top :: 0 bottom :: 0 dfu-right :: 1920 dfu-bottom :: 1080
07-02 20:30:03.526 I/[ 7288.420602@0]- vc(    0): [0]vc: set enable index=0, val=0
07-02 20:30:03.526 I/[ 7288.420627@0]- VID(    0): store VD0 path_id changed 2->-1
07-02 20:30:03.526 I/        (    0): [ 7288.420631@0]- dev->index =0, val=1
07-02 20:30:03.526 I/[ 7288.420636@0]- VID(    0): VD1 off
07-02 20:30:03.526 I/[ 7288.420641@0]- VID(    0): VD1 set global output as 0
07-02 20:30:03.526 I/        (    0): [ 7288.420657@0]- common_vf_unreg_provider video_render.0: vd1 used: true, vd2 used: false, black_out:0, cur_buf:000000004ba1dfee
07-02 20:30:03.541 E/[ 7288.435527@1]- Warn(    0): TVP pool will release later.
07-02 20:30:03.541 E/[ 7288.435535@1]- Warn(    0): TVP pool will release later.
07-02 20:30:03.586 E/[ 7288.478507@1]- Warn(    0): TVP pool will release later.
07-02 20:30:03.586 E/[ 7288.478515@1]- Warn(    0): TVP pool will release later.
07-02 20:30:03.586 E/[ 7288.478535@1]- Warn(    0): TVP pool will release later.
07-02 20:30:03.586 E/[ 7288.478538@1]- Warn(    0): TVP pool will release later.
07-02 20:30:03.586 E/[ 7288.478554@1]- Warn(    0): TVP pool will release later.
