07-02 18:55:58.751 D/InputMethodManagerService( 3846): Top Package Name: in.startv.hotstar
07-02 18:55:58.759 W/ContextImpl( 3846): Calling a method in the system process without a qualified user: android.app.ContextImpl.sendBroadcast:1111 com.android.server.inputmethod.InputMethodManagerService.sendSoftInputVisibilityBroadcast:3258 com.android.server.inputmethod.InputMethodManagerService.showCurrentInputLocked:3231 com.android.server.inputmethod.InputMethodManagerService.showMySoftInput:4198 com.android.server.inputmethod.InputMethodManagerService.access$4100:189 
07-02 18:55:58.761 W/ContextImpl( 3846): Calling a method in the system process without a qualified user: android.app.ContextImpl.sendBroadcast:1111 com.android.server.inputmethod.InputMethodManagerService.sendSoftInputVisibilityBroadcast:3258 com.android.server.inputmethod.InputMethodManagerService.hideCurrentInputLocked:3330 com.android.server.inputmethod.InputMethodManagerService.hideMySoftInput:4180 com.android.server.inputmethod.InputMethodManagerService.access$4000:189 
07-02 18:55:58.811 D/InputMethodManagerService( 3846): Top Package Name: in.startv.hotstar
07-02 18:55:58.817 W/ContextImpl( 3846): Calling a method in the system process without a qualified user: android.app.ContextImpl.sendBroadcast:1111 com.android.server.inputmethod.InputMethodManagerService.sendSoftInputVisibilityBroadcast:3258 com.android.server.inputmethod.InputMethodManagerService.showCurrentInputLocked:3231 com.android.server.inputmethod.InputMethodManagerService.showMySoftInput:4198 com.android.server.inputmethod.InputMethodManagerService.access$4100:189 
07-02 18:55:58.825 D/InputMethodManagerService( 3846): Top Package Name: in.startv.hotstar
07-02 18:55:58.826 W/ContextImpl( 3846): Calling a method in the system process without a qualified user: android.app.ContextImpl.sendBroadcast:1111 com.android.server.inputmethod.InputMethodManagerService.sendSoftInputVisibilityBroadcast:3258 com.android.server.inputmethod.InputMethodManagerService.showCurrentInputLocked:3231 com.android.server.inputmethod.InputMethodManagerService.showMySoftInput:4198 com.android.server.inputmethod.InputMethodManagerService.access$4100:189 
07-02 18:55:58.882 D/INSETS  ( 3846): else - Package Name ::  left : 0 right :: 0 top :: 0 bottom :: 0 dfu-right :: 1920 dfu-bottom :: 1080
07-02 18:55:58.932 I/chatty  ( 3846): uid=1000(system) Binder:3846_17 identical 1 line
07-02 18:55:58.933 D/INSETS  ( 3846): else - Package Name ::  left : 0 right :: 0 top :: 0 bottom :: 0 dfu-right :: 1920 dfu-bottom :: 1080
07-02 18:55:58.957 D/INSETS  ( 3846): else - Package Name ::  left : 0 right :: 0 top :: 0 bottom :: 0 dfu-right :: 1920 dfu-bottom :: 1080
07-02 18:55:58.958 D/INSETS  ( 3846): else - Package Name ::  left : 0 right :: 0 top :: 0 bottom :: 0 dfu-right :: 1920 dfu-bottom :: 1080
07-02 18:55:58.961 D/InputMethodManagerService( 3846): Top Package Name: in.startv.hotstar
07-02 18:55:58.962 W/ContextImpl( 3846): Calling a method in the system process without a qualified user: android.app.ContextImpl.sendBroadcast:1111 com.android.server.inputmethod.InputMethodManagerService.sendSoftInputVisibilityBroadcast:3258 com.android.server.inputmethod.InputMethodManagerService.showCurrentInputLocked:3231 com.android.server.inputmethod.InputMethodManagerService.showMySoftInput:4198 com.android.server.inputmethod.InputMethodManagerService.access$4100:189 
07-02 18:55:58.977 D/InputMethodManagerService( 3846): Top Package Name: in.startv.hotstar
07-02 18:55:58.978 W/ContextImpl( 3846): Calling a method in the system process without a qualified user: android.app.ContextImpl.sendBroadcast:1111 com.android.server.inputmethod.InputMethodManagerService.sendSoftInputVisibilityBroadcast:3258 com.android.server.inputmethod.InputMethodManagerService.showCurrentInputLocked:3231 com.android.server.inputmethod.InputMethodManagerService.showMySoftInput:4198 com.android.server.inputmethod.InputMethodManagerService.access$4100:189 
07-02 18:55:59.003 D/INSETS  ( 3846): else - Package Name ::  left : 0 right :: 0 top :: 0 bottom :: 0 dfu-right :: 1920 dfu-bottom :: 1080
07-02 18:55:59.016 I/chatty  ( 3846): uid=1000(system) android.display identical 2 lines
07-02 18:55:59.017 D/INSETS  ( 3846): else - Package Name ::  left : 0 right :: 0 top :: 0 bottom :: 0 dfu-right :: 1920 dfu-bottom :: 1080
07-02 18:55:59.019 W/NotificationHistory( 3846): Attempted to add notif for locked/gone/disabled user 0
07-02 18:55:59.028 D/INSETS  ( 3846): else - Package Name ::  left : 0 right :: 0 top :: 0 bottom :: 0 dfu-right :: 1920 dfu-bottom :: 1080
07-02 18:55:59.073 I/chatty  ( 3846): uid=1000(system) Binder:3846_B identical 2 lines
07-02 18:55:59.076 D/INSETS  ( 3846): else - Package Name ::  left : 0 right :: 0 top :: 0 bottom :: 0 dfu-right :: 1920 dfu-bottom :: 1080
07-02 18:55:59.189 W/NotificationHistory( 3846): Attempted to add notif for locked/gone/disabled user 0
07-02 18:55:59.723 D/InputMethodManagerService( 3846): Top Package Name: in.startv.hotstar
07-02 18:55:59.726 W/ContextImpl( 3846): Calling a method in the system process without a qualified user: android.app.ContextImpl.sendBroadcast:1111 com.android.server.inputmethod.InputMethodManagerService.sendSoftInputVisibilityBroadcast:3258 com.android.server.inputmethod.InputMethodManagerService.showCurrentInputLocked:3231 com.android.server.inputmethod.InputMethodManagerService.attachNewInputLocked:2397 com.android.server.inputmethod.InputMethodManagerService.startInputUncheckedLocked:2503 
07-02 18:55:59.730 D/InputMethodManagerService( 3846): Top Package Name: in.startv.hotstar
07-02 18:55:59.735 W/ContextImpl( 3846): Calling a method in the system process without a qualified user: android.app.ContextImpl.sendBroadcast:1111 com.android.server.inputmethod.InputMethodManagerService.sendSoftInputVisibilityBroadcast:3258 com.android.server.inputmethod.InputMethodManagerService.showCurrentInputLocked:3231 com.android.server.inputmethod.InputMethodManagerService.showMySoftInput:4198 com.android.server.inputmethod.InputMethodManagerService.access$4100:189 
07-02 18:55:59.743 D/InputMethodManagerService( 3846): Top Package Name: in.startv.hotstar
07-02 18:55:59.744 W/ContextImpl( 3846): Calling a method in the system process without a qualified user: android.app.ContextImpl.sendBroadcast:1111 com.android.server.inputmethod.InputMethodManagerService.sendSoftInputVisibilityBroadcast:3258 com.android.server.inputmethod.InputMethodManagerService.showCurrentInputLocked:3231 com.android.server.inputmethod.InputMethodManagerService.showMySoftInput:4198 com.android.server.inputmethod.InputMethodManagerService.access$4100:189 
07-02 18:56:00.034 W/[ 1644.926863@2]- RTW(    0): Turbo EDCA =0x431c
07-02 18:56:00.259 D/InputMethodManagerService( 3846): Top Package Name: in.startv.hotstar
07-02 18:56:00.261 W/ContextImpl( 3846): Calling a method in the system process without a qualified user: android.app.ContextImpl.sendBroadcast:1111 com.android.server.inputmethod.InputMethodManagerService.sendSoftInputVisibilityBroadcast:3258 com.android.server.inputmethod.InputMethodManagerService.showCurrentInputLocked:3231 com.android.server.inputmethod.InputMethodManagerService.attachNewInputLocked:2397 com.android.server.inputmethod.InputMethodManagerService.startInputUncheckedLocked:2503 
07-02 18:56:00.264 D/InputMethodManagerService( 3846): Top Package Name: in.startv.hotstar
07-02 18:56:00.265 W/ContextImpl( 3846): Calling a method in the system process without a qualified user: android.app.ContextImpl.sendBroadcast:1111 com.android.server.inputmethod.InputMethodManagerService.sendSoftInputVisibilityBroadcast:3258 com.android.server.inputmethod.InputMethodManagerService.showCurrentInputLocked:3231 com.android.server.inputmethod.InputMethodManagerService.showMySoftInput:4198 com.android.server.inputmethod.InputMethodManagerService.access$4100:189 
07-02 18:56:00.283 D/INSETS  ( 3846): else - Package Name ::  left : 0 right :: 0 top :: 0 bottom :: 0 dfu-right :: 1920 dfu-bottom :: 1080
07-02 18:56:00.283 D/INSETS  ( 3846): else - Package Name ::  left : 0 right :: 0 top :: 0 bottom :: 0 dfu-right :: 1920 dfu-bottom :: 1080
07-02 18:56:00.295 D/InputMethodManagerService( 3846): Top Package Name: in.startv.hotstar
07-02 18:56:00.296 W/ContextImpl( 3846): Calling a method in the system process without a qualified user: android.app.ContextImpl.sendBroadcast:1111 com.android.server.inputmethod.InputMethodManagerService.sendSoftInputVisibilityBroadcast:3258 com.android.server.inputmethod.InputMethodManagerService.showCurrentInputLocked:3231 com.android.server.inputmethod.InputMethodManagerService.showMySoftInput:4198 com.android.server.inputmethod.InputMethodManagerService.access$4100:189 
07-02 18:56:00.672 D/INSETS  ( 3846): else - Package Name ::  left : 0 right :: 0 top :: 0 bottom :: 0 dfu-right :: 1920 dfu-bottom :: 1080
07-02 18:56:00.672 D/INSETS  ( 3846): else - Package Name ::  left : 0 right :: 0 top :: 0 bottom :: 0 dfu-right :: 1920 dfu-bottom :: 1080
07-02 18:56:01.440 D/AutofillManagerService( 3846): onBackKeyPressed()
07-02 18:56:01.444 W/ContextImpl( 3846): Calling a method in the system process without a qualified user: android.app.ContextImpl.sendBroadcast:1111 com.android.server.inputmethod.InputMethodManagerService.sendSoftInputVisibilityBroadcast:3258 com.android.server.inputmethod.InputMethodManagerService.hideCurrentInputLocked:3330 com.android.server.inputmethod.InputMethodManagerService.hideMySoftInput:4180 com.android.server.inputmethod.InputMethodManagerService.access$4000:189 
07-02 18:56:01.456 D/INSETS  ( 3846): else - Package Name ::  left : 0 right :: 0 top :: 0 bottom :: 0 dfu-right :: 1920 dfu-bottom :: 1080
07-02 18:56:01.457 D/INSETS  ( 3846): else - Package Name ::  left : 0 right :: 0 top :: 0 bottom :: 0 dfu-right :: 1920 dfu-bottom :: 1080
07-02 18:56:01.474 D/INSETS  ( 3846): else - Package Name ::  left : 0 right :: 0 top :: 0 bottom :: 0 dfu-right :: 1920 dfu-bottom :: 1080
07-02 18:56:01.474 D/INSETS  ( 3846): else - Package Name ::  left : 0 right :: 0 top :: 0 bottom :: 0 dfu-right :: 1920 dfu-bottom :: 1080
07-02 18:56:01.482 D/INSETS  ( 3846): else - Package Name ::  left : 0 right :: 0 top :: 0 bottom :: 0 dfu-right :: 1920 dfu-bottom :: 1080
07-02 18:56:01.483 D/INSETS  ( 3846): else - Package Name ::  left : 0 right :: 0 top :: 0 bottom :: 0 dfu-right :: 1920 dfu-bottom :: 1080
07-02 18:56:01.683 D/INSETS  ( 3846): else - Package Name ::  left : 0 right :: 0 top :: 0 bottom :: 0 dfu-right :: 1920 dfu-bottom :: 1080
07-02 18:56:02.050 W/[ 1646.943054@2]- RTW(    0): Turbo EDCA =0x5ea42b
07-02 18:56:03.306 W/[ 1648.199629@1]- RTW(    0): fill_default_txdesc(wlan0): SP Packet(0x0806) rate=0x4 SeqNum = 200
07-02 18:56:03.743 D/InputMethodManagerService( 3846): Top Package Name: in.startv.hotstar
07-02 18:56:03.756 W/ContextImpl( 3846): Calling a method in the system process without a qualified user: android.app.ContextImpl.sendBroadcast:1111 com.android.server.inputmethod.InputMethodManagerService.sendSoftInputVisibilityBroadcast:3258 com.android.server.inputmethod.InputMethodManagerService.showCurrentInputLocked:3231 com.android.server.inputmethod.InputMethodManagerService.showMySoftInput:4198 com.android.server.inputmethod.InputMethodManagerService.access$4100:189 
07-02 18:56:03.759 W/ContextImpl( 3846): Calling a method in the system process without a qualified user: android.app.ContextImpl.sendBroadcast:1111 com.android.server.inputmethod.InputMethodManagerService.sendSoftInputVisibilityBroadcast:3258 com.android.server.inputmethod.InputMethodManagerService.hideCurrentInputLocked:3330 com.android.server.inputmethod.InputMethodManagerService.hideSoftInput:3290 com.android.internal.view.IInputMethodManager$Stub.onTransact:325 
07-02 18:56:03.775 D/InputMethodManagerService( 3846): Top Package Name: in.startv.hotstar
07-02 18:56:03.782 W/ContextImpl( 3846): Calling a method in the system process without a qualified user: android.app.ContextImpl.sendBroadcast:1111 com.android.server.inputmethod.InputMethodManagerService.sendSoftInputVisibilityBroadcast:3258 com.android.server.inputmethod.InputMethodManagerService.showCurrentInputLocked:3231 com.android.server.inputmethod.InputMethodManagerService.showMySoftInput:4198 com.android.server.inputmethod.InputMethodManagerService.access$4100:189 
07-02 18:56:03.786 D/INSETS  ( 3846): else - Package Name ::  left : 0 right :: 0 top :: 0 bottom :: 0 dfu-right :: 1920 dfu-bottom :: 1080
07-02 18:56:03.802 W/ContextImpl( 3846): Calling a method in the system process without a qualified user: android.app.ContextImpl.sendBroadcast:1111 com.android.server.inputmethod.InputMethodManagerService.sendSoftInputVisibilityBroadcast:3258 com.android.server.inputmethod.InputMethodManagerService.hideCurrentInputLocked:3330 com.android.server.inputmethod.InputMethodManagerService.hideSoftInput:3290 com.android.internal.view.IInputMethodManager$Stub.onTransact:325 
07-02 18:56:03.873 D/InputMethodManagerService( 3846): Top Package Name: in.startv.hotstar
07-02 18:56:03.875 W/ContextImpl( 3846): Calling a method in the system process without a qualified user: android.app.ContextImpl.sendBroadcast:1111 com.android.server.inputmethod.InputMethodManagerService.sendSoftInputVisibilityBroadcast:3258 com.android.server.inputmethod.InputMethodManagerService.showCurrentInputLocked:3231 com.android.server.inputmethod.InputMethodManagerService.showMySoftInput:4198 com.android.server.inputmethod.InputMethodManagerService.access$4100:189 
07-02 18:56:03.925 D/INSETS  ( 3846): else - Package Name ::  left : 0 right :: 0 top :: 0 bottom :: 0 dfu-right :: 1920 dfu-bottom :: 1080
07-02 18:56:03.974 I/chatty  ( 3846): uid=1000(system) Binder:3846_B identical 1 line
07-02 18:56:03.975 D/INSETS  ( 3846): else - Package Name ::  left : 0 right :: 0 top :: 0 bottom :: 0 dfu-right :: 1920 dfu-bottom :: 1080
07-02 18:56:03.979 W/NotificationHistory( 3846): Attempted to add notif for locked/gone/disabled user 0
07-02 18:56:03.993 D/INSETS  ( 3846): else - Package Name ::  left : 0 right :: 0 top :: 0 bottom :: 0 dfu-right :: 1920 dfu-bottom :: 1080
07-02 18:56:03.993 D/INSETS  ( 3846): else - Package Name ::  left : 0 right :: 0 top :: 0 bottom :: 0 dfu-right :: 1920 dfu-bottom :: 1080
07-02 18:56:04.000 D/InputMethodManagerService( 3846): Top Package Name: in.startv.hotstar
07-02 18:56:04.001 W/ContextImpl( 3846): Calling a method in the system process without a qualified user: android.app.ContextImpl.sendBroadcast:1111 com.android.server.inputmethod.InputMethodManagerService.sendSoftInputVisibilityBroadcast:3258 com.android.server.inputmethod.InputMethodManagerService.showCurrentInputLocked:3231 com.android.server.inputmethod.InputMethodManagerService.showMySoftInput:4198 com.android.server.inputmethod.InputMethodManagerService.access$4100:189 
07-02 18:56:04.007 D/InputMethodManagerService( 3846): Top Package Name: in.startv.hotstar
07-02 18:56:04.008 W/ContextImpl( 3846): Calling a method in the system process without a qualified user: android.app.ContextImpl.sendBroadcast:1111 com.android.server.inputmethod.InputMethodManagerService.sendSoftInputVisibilityBroadcast:3258 com.android.server.inputmethod.InputMethodManagerService.showCurrentInputLocked:3231 com.android.server.inputmethod.InputMethodManagerService.showMySoftInput:4198 com.android.server.inputmethod.InputMethodManagerService.access$4100:189 
07-02 18:56:04.019 D/INSETS  ( 3846): else - Package Name ::  left : 0 right :: 0 top :: 0 bottom :: 0 dfu-right :: 1920 dfu-bottom :: 1080
07-02 18:56:04.025 I/chatty  ( 3846): uid=1000(system) android.display identical 2 lines
07-02 18:56:04.025 D/INSETS  ( 3846): else - Package Name ::  left : 0 right :: 0 top :: 0 bottom :: 0 dfu-right :: 1920 dfu-bottom :: 1080
07-02 18:56:04.040 D/InputMethodManagerService( 3846): Top Package Name: in.startv.hotstar
07-02 18:56:04.041 W/ContextImpl( 3846): Calling a method in the system process without a qualified user: android.app.ContextImpl.sendBroadcast:1111 com.android.server.inputmethod.InputMethodManagerService.sendSoftInputVisibilityBroadcast:3258 com.android.server.inputmethod.InputMethodManagerService.showCurrentInputLocked:3231 com.android.server.inputmethod.InputMethodManagerService.showMySoftInput:4198 com.android.server.inputmethod.InputMethodManagerService.access$4100:189 
07-02 18:56:04.042 D/INSETS  ( 3846): else - Package Name ::  left : 0 right :: 0 top :: 0 bottom :: 0 dfu-right :: 1920 dfu-bottom :: 1080
07-02 18:56:04.043 D/INSETS  ( 3846): else - Package Name ::  left : 0 right :: 0 top :: 0 bottom :: 0 dfu-right :: 1920 dfu-bottom :: 1080
07-02 18:56:04.056 D/InputMethodManagerService( 3846): Top Package Name: in.startv.hotstar
07-02 18:56:04.057 W/ContextImpl( 3846): Calling a method in the system process without a qualified user: android.app.ContextImpl.sendBroadcast:1111 com.android.server.inputmethod.InputMethodManagerService.sendSoftInputVisibilityBroadcast:3258 com.android.server.inputmethod.InputMethodManagerService.showCurrentInputLocked:3231 com.android.server.inputmethod.InputMethodManagerService.showMySoftInput:4198 com.android.server.inputmethod.InputMethodManagerService.access$4100:189 
07-02 18:56:04.075 D/INSETS  ( 3846): else - Package Name ::  left : 0 right :: 0 top :: 0 bottom :: 0 dfu-right :: 1920 dfu-bottom :: 1080
07-02 18:56:04.076 D/INSETS  ( 3846): else - Package Name ::  left : 0 right :: 0 top :: 0 bottom :: 0 dfu-right :: 1920 dfu-bottom :: 1080
07-02 18:56:04.119 D/INSETS  ( 3846): else - Package Name ::  left : 0 right :: 0 top :: 0 bottom :: 0 dfu-right :: 1920 dfu-bottom :: 1080
07-02 18:56:04.120 D/INSETS  ( 3846): else - Package Name ::  left : 0 right :: 0 top :: 0 bottom :: 0 dfu-right :: 1920 dfu-bottom :: 1080
07-02 18:56:04.218 W/NotificationHistory( 3846): Attempted to add notif for locked/gone/disabled user 0
07-02 18:56:04.276 W/NotificationHistory( 3846): Attempted to add notif for locked/gone/disabled user 0
07-02 18:56:04.379 D/INSETS  ( 3846): else - Package Name ::  left : 0 right :: 0 top :: 0 bottom :: 0 dfu-right :: 1920 dfu-bottom :: 1080
07-02 18:56:04.379 D/INSETS  ( 3846): else - Package Name ::  left : 0 right :: 0 top :: 0 bottom :: 0 dfu-right :: 1920 dfu-bottom :: 1080
07-02 18:56:04.454 D/InputMethodManagerService( 3846): Top Package Name: in.startv.hotstar
07-02 18:56:04.455 W/ContextImpl( 3846): Calling a method in the system process without a qualified user: android.app.ContextImpl.sendBroadcast:1111 com.android.server.inputmethod.InputMethodManagerService.sendSoftInputVisibilityBroadcast:3258 com.android.server.inputmethod.InputMethodManagerService.showCurrentInputLocked:3231 com.android.server.inputmethod.InputMethodManagerService.attachNewInputLocked:2397 com.android.server.inputmethod.InputMethodManagerService.startInputUncheckedLocked:2503 
07-02 18:56:04.459 W/ContextImpl( 3846): Calling a method in the system process without a qualified user: android.app.ContextImpl.sendBroadcast:1111 com.android.server.inputmethod.InputMethodManagerService.sendSoftInputVisibilityBroadcast:3258 com.android.server.inputmethod.InputMethodManagerService.hideCurrentInputLocked:3330 com.android.server.inputmethod.InputMethodManagerService.hideMySoftInput:4180 com.android.server.inputmethod.InputMethodManagerService.access$4000:189 
07-02 18:56:04.487 D/INSETS  ( 3846): else - Package Name ::  left : 0 right :: 0 top :: 0 bottom :: 0 dfu-right :: 1920 dfu-bottom :: 1080
07-02 18:56:04.487 D/INSETS  ( 3846): else - Package Name ::  left : 0 right :: 0 top :: 0 bottom :: 0 dfu-right :: 1920 dfu-bottom :: 1080
07-02 18:56:04.533 D/INSETS  ( 3846): else - Package Name ::  left : 0 right :: 0 top :: 0 bottom :: 0 dfu-right :: 1920 dfu-bottom :: 1080
07-02 18:56:04.533 D/INSETS  ( 3846): else - Package Name ::  left : 0 right :: 0 top :: 0 bottom :: 0 dfu-right :: 1920 dfu-bottom :: 1080
07-02 18:56:04.771 D/INSETS  ( 3846): else - Package Name ::  left : 0 right :: 0 top :: 0 bottom :: 0 dfu-right :: 1920 dfu-bottom :: 1080
07-02 18:56:05.174 I/UsageStatsService( 3846): User[0] Flushing usage stats to disk
07-02 18:56:06.799 D/INSETS  ( 3846): else - Package Name ::  left : 0 right :: 0 top :: 0 bottom :: 0 dfu-right :: 1920 dfu-bottom :: 1080
07-02 18:56:06.910 D/ConnectivityService( 3846): requestNetwork for uid/pid:10066/18897 NetworkRequest [ TRACK_DEFAULT id=33, [ Capabilities: INTERNET&NOT_RESTRICTED&TRUSTED Uid: 10066 AdministratorUids: [] RequestorUid: 10066 RequestorPackageName: in.startv.hotstar] ]
07-02 18:56:06.911 D/ConnectivityService( 3846): NetReassign [33 : null → 100]
07-02 18:56:07.646 W/[ 1652.542672@3]- RTW(    0): fill_default_txdesc(wlan0): SP Packet(0x0806) rate=0x4 SeqNum = 771
07-02 18:56:07.808 D/INSETS  ( 3846): else - Package Name ::  left : 0 right :: 0 top :: 0 bottom :: 0 dfu-right :: 1920 dfu-bottom :: 1080
07-02 18:56:07.882 W/[ 1652.776549@3]- RTW(    0): fill_default_txdesc(wlan0): SP Packet(0x0806) rate=0x4 SeqNum = 822
07-02 18:56:08.406 W/[ 1653.301569@1]- RTW(    0): fill_default_txdesc(wlan0): SP Packet(0x0806) rate=0x4 SeqNum = 861
07-02 18:56:13.466 W/[ 1658.360667@3]- RTW(    0): fill_default_txdesc(wlan0): SP Packet(0x0806) rate=0x4 SeqNum = 1247
07-02 18:56:15.264 I/UsageStatsService( 3846): User[0] Flushing usage stats to disk
07-02 18:56:18.518 W/[ 1663.410724@2]- RTW(    0): fill_default_txdesc(wlan0): SP Packet(0x0806) rate=0x4 SeqNum = 1603
07-02 18:56:23.577 W/[ 1668.471972@3]- RTW(    0): fill_default_txdesc(wlan0): SP Packet(0x0806) rate=0x4 SeqNum = 1927
07-02 18:56:28.578 I/[ 1673.470952@3]- resman(    0): 55 appname:OMX-38, type=0
07-02 18:56:28.668 W/[ 1673.564263@3]- RTW(    0): fill_default_txdesc(wlan0): SP Packet(0x0806) rate=0x4 SeqNum = 2427
07-02 18:56:28.690 I/[ 1673.586214@3]- resman(    0): 55 acquire [codec_mm], preempt yes
07-02 18:56:28.690 I/[ 1673.586226@3]- resman(    0): 55 score 30 secure no
07-02 18:56:28.690 I/[ 1673.586231@3]- resman(    0): 55 acquire [codec_mm] success
07-02 18:56:28.690 D/        (    0): [ 1673.586287@3]- the demux           clock on, ref cnt: 2
07-02 18:56:28.690 D/        (    0): [ 1673.586293@3]- the parser_top      clock on, ref cnt: 2
07-02 18:56:28.690 D/        (    0): [ 1673.586303@3]- the vdec            clock on, ref cnt: 1
07-02 18:56:28.690 D/        (    0): [ 1673.586326@3]- the clk_vdec_mux    clock on, ref cnt: 1
07-02 18:56:28.691 D/        (    0): [ 1673.586358@3]- vdec mux clock is 499999992 Hz
07-02 18:56:28.693 D/        (    0): [ 1673.586433@3]- vdec_create instance 000000000006329d, total 1, PM: legacy
07-02 18:56:28.693 D/        (    0): [ 1673.586536@3]- no drmmode
07-02 18:56:28.694 I/        (    0): [ 1673.586608@3]- is_reset=0
07-02 18:56:28.694 I/        (    0): [ 1673.586635@3]- vdec_init, dev_name:ammvdec_h264, vdec_type=VDEC_TYPE_FRAME_BLOCK  id = 0
07-02 18:56:28.694 D/        (    0): [ 1673.587459@3]- ammvdec_h264_mmu_init tvp = 0x0 mmu_enable 0
07-02 18:56:28.695 D/        (    0): [ 1673.587466@3]- decoder_bmmu_box_alloc_box, tvp_flags = 0
07-02 18:56:28.696 D/[ 1673.587485@3]- 0(    0): ammvdec_h264_probe mmu_enable 0 double_write_mode 0x10
07-02 18:56:28.701 D/[ 1673.590745@3]- 0(    0): ammvdec_h264 mem-addr=0,buff_offset=56c10000,buf_start=56c00000
07-02 18:56:28.701 D/        (    0): [ 1673.590788@3]- vdec mux clock is 666666656 Hz
07-02 18:56:28.701 D/        (    0): [ 1673.590794@3]- vdec1 video changed to 3840 x 2160 60 fps clk->667MHZ
07-02 18:56:28.704 W/        (    0): [ 1673.590799@3]- H264 sysinfo: 1280x720 duration=3200, pts_outside=1
07-02 18:56:28.704 D/        (    0): [ 1673.590803@3]- sync_outside=0, use_idr_framerate=0, is_used_v4l: 0
07-02 18:56:28.704 I/        (    0): [ 1673.590876@3]- [TEE], the fw (h264_multi) will be loaded.
07-02 18:56:28.704 D/        (    0): [ 1673.594517@1]- vh264_init, phy_addr=7446e000 vaddr=0000000077579261
07-02 18:56:28.707 D/        (    0): [ 1673.596298@3]- vfm map vdec-map-0 created
07-02 18:56:28.712 I/[ 1673.596320@3]- dim(    0): ch[1]:di_receiver_event_fun,8:_REG
07-02 18:56:28.712 I/[ 1673.596325@3]- dim(    0): reg:vdec.h264.00[44]
07-02 18:56:28.712 I/[ 1673.596886@0]- dim(    0): reg:use[0]ms
07-02 18:56:28.712 E/[ 1673.596911@0]- reg(    0): v4lvideo
07-02 18:56:28.712 I/[ 1673.596919@0]- dim(    0): ch[1]:di_receiver_event_fun,3:_START
07-02 18:56:28.712 D/        (    0): [ 1673.596925@0]- vdec_init, vf_provider_name = vdec.h264.00, b 0
07-02 18:56:28.712 I/        (    0): [ 1673.603731@2]- vdec->port_flag=0x102, port_flag=0x10b
07-02 18:56:28.712 D/[ 1673.606816@2]- v4lvid(    0): dbg: v4lvideo open
07-02 18:56:28.806 W/[ 1673.700965@2]- audit(    0): audit_lost=1013 audit_rate_limit=5 audit_backlog_limit=64
07-02 18:56:28.807 E/[ 1673.700973@2]- audit(    0): rate limit exceeded
07-02 18:56:28.830 D/[ 1673.725839@0]- 0(    0): AV_SCRATCH_1 = 860e1050, AV_SCRATCH_2 1a023
07-02 18:56:28.831 D/[ 1673.725894@0]- 0(    0): chroma_format_idc = 1 frame_mbs_only_flag 1, crop_bottom 0,  frame_height 720,
07-02 18:56:28.831 D/[ 1673.725899@0]- 0(    0): mb_height 45,crop_right 0, frame_width 1280, mb_width 80
07-02 18:56:28.831 D/[ 1673.725905@0]- 0(    0): level_idc = 40 pic_size = 1382400 size = 9
07-02 18:56:28.831 D/[ 1673.725910@0]- 0(    0): Warning: max_dec_frame_buffering(6) is less than DPB size(9) calculated from Profile/Level.
07-02 18:56:28.831 D/[ 1673.725915@0]- 0(    0): mb height/widht/total: 30/50/f00 level_idc 28 max_ref_num 6
07-02 18:56:28.831 D/[ 1673.725921@0]- 0(    0): restriction_flag=1, max_dec_frame_buffering=6, dec_dpb_size=8 num_reorder_frames 2 used_reorder_dpb_size_margin 9
07-02 18:56:28.831 D/[ 1673.725926@0]- 0(    0): vh264_set_params active_buf_spec_num 17 dec_dpb_size 8 collocate_buf_num 10
07-02 18:56:28.935 D/[ 1673.829875@3]- 0(    0): num_ref_frames change from 0 to 6
07-02 18:56:28.953 I/[ 1673.833361@0]- dim(    0): value reg:ch[1]:fix_buf:0;ponly <0,0>
07-02 18:56:28.956 I/[ 1673.833374@0]- dim(    0): 1280x720-0x9000.
07-02 18:56:28.956 I/[ 1673.833478@1]- v4lvideo(    0): provider name: vdec.h264.00
07-02 18:56:28.956 D/        (    0): [ 1673.847210@3]- cal_dur_from_pts vstatus 3840 dur3600 -> 3840, revised 3840
07-02 18:56:28.967 I/[ 1673.856960@3]- vframe_rate_uevent(    0): sent uevent FRAME_RATE_HINT=3840
07-02 18:56:28.980 I/[ 1673.871642@0]- VID(    0): VD1 off
07-02 18:56:28.980 I/[ 1673.871839@0]- vc(    0): [0]vc: set enable index=0, val=1
07-02 18:56:28.980 I/        (    0): [ 1673.871867@0]- dev->index =0, val=2
07-02 18:56:28.980 I/[ 1673.871872@0]- VID(    0): VD1 off
07-02 18:56:28.980 I/[ 1673.871878@0]- VID(    0): VD1 set global output as 1
07-02 18:56:28.999 I/[ 1673.871907@0]- VID(    0): store VD0 path_id changed -1->2
07-02 18:56:28.999 I/[ 1673.871929@0]- vc(    0): [0]sideband_type =-1
07-02 18:56:30.274 W/[ 1675.166917@1]- RTW(    0): Turbo EDCA =0x431c
07-02 18:56:33.373 W/[ 1678.269116@3]- RTW(    0): fill_default_txdesc(wlan0): SP Packet(0x0806) rate=0x4 SeqNum = 3418
07-02 18:56:36.322 W/[ 1681.214939@1]- RTW(    0): Turbo EDCA =0x5ea42b
07-02 18:56:38.558 W/        (    0): [ 1683.452677@3]- [0] H264 EOS notify.
07-02 18:56:38.858 W/[ 1683.751011@0]- RTW(    0): fill_default_txdesc(wlan0): SP Packet(0x0806) rate=0x4 SeqNum = 3901
07-02 18:56:39.049 I/        (    0): [ 1683.945493@3]- is_reset=1
07-02 18:56:39.050 I/[ 1683.946217@3]- vframe_rate_uevent(    0): sent uevent FRAME_RATE_HINT=0
07-02 18:56:39.053 I/[ 1683.947132@3]- dim(    0): ch[1]:di_receiver_event_fun,1:_UNREG
07-02 18:56:39.053 E/[ 1683.947170@3]- unreg(    0): v4lvideo
07-02 18:56:39.053 I/[ 1683.947234@0]- dim(    0): unreg:2keep[0], msk:[0x0,0x0]
07-02 18:56:39.066 I/[ 1683.958653@3]- dim(    0): unreg:use[11]ms
07-02 18:56:39.066 D/        (    0): [ 1683.958685@3]- vdec_disable_DMC input->target= 0x0
07-02 18:56:39.066 D/[ 1683.958848@3]- 0(    0): vh264_stop
07-02 18:56:39.066 D/        (    0): [ 1683.960400@3]- vdec_release instance 000000000006329d, total 1 id = 0
07-02 18:56:39.066 D/        (    0): [ 1683.960593@3]- the clk_vdec_mux    clock off, ref cnt: 0
07-02 18:56:39.066 D/        (    0): [ 1683.960604@3]- the vdec            clock off, ref cnt: 0
07-02 18:56:39.066 D/        (    0): [ 1683.960609@3]- the parser_top      clock off, ref cnt: 1
07-02 18:56:39.066 D/        (    0): [ 1683.960613@3]- the demux           clock off, ref cnt: 1
07-02 18:56:39.066 D/        (    0): [ 1683.960713@3]- the demux           clock on, ref cnt: 2
07-02 18:56:39.066 D/        (    0): [ 1683.960720@3]- the parser_top      clock on, ref cnt: 2
07-02 18:56:39.066 D/        (    0): [ 1683.960728@3]- the vdec            clock on, ref cnt: 1
07-02 18:56:39.066 D/        (    0): [ 1683.960747@3]- the clk_vdec_mux    clock on, ref cnt: 1
07-02 18:56:39.066 D/        (    0): [ 1683.960780@3]- vdec mux clock is 499999992 Hz
07-02 18:56:39.066 D/        (    0): [ 1683.960860@3]- vdec_create instance 000000005000d880, total 1, PM: legacy
07-02 18:56:39.066 D/        (    0): [ 1683.960899@3]- no drmmode
07-02 18:56:39.066 I/        (    0): [ 1683.960947@3]- is_reset=1
07-02 18:56:39.066 I/        (    0): [ 1683.961087@3]- vdec_init, dev_name:ammvdec_h264, vdec_type=VDEC_TYPE_FRAME_BLOCK  id = 0
07-02 18:56:39.066 D/        (    0): [ 1683.962081@3]- ammvdec_h264_mmu_init tvp = 0x0 mmu_enable 0
07-02 18:56:39.066 D/        (    0): [ 1683.962089@3]- decoder_bmmu_box_alloc_box, tvp_flags = 0
07-02 18:56:39.066 D/[ 1683.962109@3]- 0(    0): ammvdec_h264_probe mmu_enable 0 double_write_mode 0x10
07-02 18:56:39.066 D/[ 1683.963178@3]- 0(    0): ammvdec_h264 mem-addr=0,buff_offset=56c10000,buf_start=56c00000
07-02 18:56:39.066 D/        (    0): [ 1683.963219@3]- vdec mux clock is 666666656 Hz
07-02 18:56:39.066 D/        (    0): [ 1683.963226@3]- vdec1 video changed to 3840 x 2160 60 fps clk->667MHZ
07-02 18:56:39.066 W/        (    0): [ 1683.963235@3]- H264 sysinfo: 1280x720 duration=3200, pts_outside=1
07-02 18:56:39.067 D/        (    0): [ 1683.963241@3]- sync_outside=0, use_idr_framerate=0, is_used_v4l: 0
07-02 18:56:39.067 I/        (    0): [ 1683.963311@3]- [TEE], the fw (h264_multi) will be loaded.
07-02 18:56:39.068 D/        (    0): [ 1683.963518@3]- vh264_init, phy_addr=7446e000 vaddr=000000002c0e4ad0
07-02 18:56:39.068 D/        (    0): [ 1683.963630@3]- vfm map vdec-map-0 created
07-02 18:56:39.068 I/[ 1683.963651@3]- dim(    0): ch[1]:di_receiver_event_fun,8:_REG
07-02 18:56:39.068 I/[ 1683.963656@3]- dim(    0): reg:vdec.h264.00[45]
07-02 18:56:39.068 I/[ 1683.964214@0]- dim(    0): reg:use[1]ms
07-02 18:56:39.068 E/[ 1683.964236@0]- reg(    0): v4lvideo
07-02 18:56:39.068 I/[ 1683.964244@0]- dim(    0): ch[1]:di_receiver_event_fun,3:_START
07-02 18:56:39.068 D/        (    0): [ 1683.964250@0]- vdec_init, vf_provider_name = vdec.h264.00, b 0
07-02 18:56:39.070 I/        (    0): [ 1683.965010@0]- vdec->port_flag=0x102, port_flag=0x10b
07-02 18:56:39.070 I/        (    0): [ 1683.965116@0]- is_reset=0
07-02 18:56:39.074 I/[ 1683.969286@3]- vframe_rate_uevent(    0): sent uevent FRAME_RATE_HINT=0
07-02 18:56:39.074 I/[ 1683.969433@3]- dim(    0): ch[1]:di_receiver_event_fun,1:_UNREG
07-02 18:56:39.074 E/[ 1683.969446@3]- unreg(    0): v4lvideo
07-02 18:56:39.074 I/[ 1683.970016@3]- dim(    0): unreg:use[1]ms
07-02 18:56:39.075 D/        (    0): [ 1683.970048@3]- vdec_disable_DMC input->target= 0x0
07-02 18:56:39.075 D/[ 1683.970165@3]- 0(    0): vh264_stop
07-02 18:56:39.075 D/        (    0): [ 1683.970699@3]- vdec_release instance 000000005000d880, total 1 id = 0
07-02 18:56:39.075 D/        (    0): [ 1683.970861@3]- the clk_vdec_mux    clock off, ref cnt: 0
07-02 18:56:39.075 D/        (    0): [ 1683.970871@3]- the vdec            clock off, ref cnt: 0
07-02 18:56:39.075 D/        (    0): [ 1683.970875@3]- the parser_top      clock off, ref cnt: 1
07-02 18:56:39.075 D/        (    0): [ 1683.970879@3]- the demux           clock off, ref cnt: 1
07-02 18:56:39.075 D/        (    0): [ 1683.970906@3]d v4lvideo_release_map 0 OK
07-02 18:56:39.075 D/[ 1683.971009@3]- v4lvid(    0): dbg: vidioc_close!!!!
07-02 18:56:39.078 I/[ 1683.972322@3]- resman(    0): 55 release [codec_mm]
07-02 18:56:39.090 I/[ 1683.984866@0]- resman(    0): 56 appname:OMX-39, type=0
07-02 18:56:39.142 I/[ 1684.036842@1]- resman(    0): 56 acquire [codec_mm], preempt yes
07-02 18:56:39.142 I/[ 1684.036853@1]- resman(    0): 56 score 30 secure no
07-02 18:56:39.143 I/[ 1684.036858@1]- resman(    0): 56 acquire [codec_mm] success
07-02 18:56:39.143 D/        (    0): [ 1684.036920@1]- the demux           clock on, ref cnt: 2
07-02 18:56:39.143 D/        (    0): [ 1684.036926@1]- the parser_top      clock on, ref cnt: 2
07-02 18:56:39.143 D/        (    0): [ 1684.036955@1]- the vdec            clock on, ref cnt: 1
07-02 18:56:39.143 D/        (    0): [ 1684.036989@1]- the clk_hevc_mux    clock on, ref cnt: 1
07-02 18:56:39.143 D/        (    0): [ 1684.036994@1]- the clk_hevcb_mux   clock on, ref cnt: 1
07-02 18:56:39.143 D/        (    0): [ 1684.037027@1]- hevc mux clock is 499999992 Hz
07-02 18:56:39.143 D/        (    0): [ 1684.037043@1]- hevc back mux clock is 499999992 Hz
07-02 18:56:39.143 D/        (    0): [ 1684.037178@1]- vdec_create instance 00000000cf3a770e, total 1, PM: legacy
07-02 18:56:39.143 D/        (    0): [ 1684.037216@1]- no drmmode
07-02 18:56:39.143 I/        (    0): [ 1684.037243@1]- is_reset=0
07-02 18:56:39.143 I/        (    0): [ 1684.037270@1]- vdec_init, dev_name:ammvdec_h265, vdec_type=VDEC_TYPE_FRAME_BLOCK  id = 0
07-02 18:56:39.143 D/[ 1684.038046@1]- [0]pdata->config=hevc_buf_width(    0): 1920;hevc_buf_height:1088;hevc_buf_margin:0;hevc_double_write_mode:16;save_buffer_mode:0;
07-02 18:56:39.143 D/        (    0): [ 1684.038081@1]- decoder_bmmu_box_alloc_box, tvp_flags = 0
07-02 18:56:39.143 D/        (    0): [ 1684.038510@0]- [0]dynamic_buf_num_margin=9
07-02 18:56:39.143 D/        (    0): [ 1684.038517@0]- [0]double_write_mode=16
07-02 18:56:39.143 D/[ 1684.038527@0]- [0]h265(    0): pts_unstable=0
07-02 18:56:39.145 D/[ 1684.038532@0]- [0]h265(    0): ver (201602101,0) decinfo: 0x0 rate=3600
07-02 18:56:39.145 I/        (    0): [ 1684.038887@0]- [TEE], the fw (hevc_mmu) will be loaded.
07-02 18:56:39.146 D/        (    0): [ 1684.038932@0]- hevc mux clock is 666666656 Hz
07-02 18:56:39.146 D/        (    0): [ 1684.038948@0]- hevc back mux clock is 666666656 Hz
07-02 18:56:39.147 D/        (    0): [ 1684.038954@0]- hevc video changed to 3840 x 2160 60 fps clk->667MHZ
07-02 18:56:39.147 D/        (    0): [ 1684.039006@0]- vfm map vdec-map-0 created
07-02 18:56:39.147 I/[ 1684.039027@0]- dim(    0): ch[1]:di_receiver_event_fun,8:_REG
07-02 18:56:39.147 I/[ 1684.039032@0]- dim(    0): reg:vdec.h265.00[46]
07-02 18:56:39.147 I/[ 1684.040650@0]- dim(    0): reg:use[1]ms
07-02 18:56:39.147 E/[ 1684.040677@0]- reg(    0): v4lvideo
07-02 18:56:39.147 I/[ 1684.040687@0]- dim(    0): ch[1]:di_receiver_event_fun,3:_START
07-02 18:56:39.149 D/        (    0): [ 1684.040694@0]- vdec_init, vf_provider_name = vdec.h265.00, b 0
07-02 18:56:39.149 I/        (    0): [ 1684.041482@2]- vdec->port_flag=0x102, port_flag=0x10b
07-02 18:56:39.154 D/[ 1684.045766@2]- v4lvid(    0): dbg: v4lvideo open
07-02 18:56:39.167 E/        (    0): [ 1684.063148@3]- mmu box NULL !!!
07-02 18:56:39.167 D/        (    0): [ 1684.063160@3]- [0]vh265 cached=0  need_size=6144 speed= 28 ms
07-02 18:56:39.167 D/        (    0): [ 1684.063721@0]- [0]hevc->performance_profile 0
07-02 18:56:39.167 D/        (    0): [ 1684.063729@0]- [0]set pic_list_init_flag 1
07-02 18:56:39.248 D/        (    0): [ 1684.144375@1]- [0]init_buf_spec2 1280 720
07-02 18:56:39.248 D/        (    0): [ 1684.144384@1]- [0]set pic_list_init_flag to 2
07-02 18:56:39.248 D/        (    0): [ 1684.144421@0]- [0]set pic_list_init_flag to 3
07-02 18:56:39.248 D/        (    0): [ 1684.144426@0]- [vdec_kpi][vh265_isr_thread_fn] First I frame coming.
07-02 18:56:39.250 D/[ 1684.146083@0]- [0]VH265(    0): output first frame
07-02 18:56:39.250 D/        (    0): [ 1684.146104@0]- [vdec_kpi][post_video_frame] First I frame decoded.
07-02 18:56:39.250 I/[ 1684.146168@0]- dim(    0): value reg:ch[1]:fix_buf:0;ponly <0,0>
07-02 18:56:39.250 I/[ 1684.146178@0]- dim(    0): 1280x720-0x9000.
07-02 18:56:39.252 I/[ 1684.146692@0]- v4lvideo(    0): provider name: vdec.h265.00
07-02 18:56:39.274 D/        (    0): [ 1684.165400@1]- cal_dur_from_pts vstatus 3840 dur3600 -> 3840, revised 3840
07-02 18:56:39.279 I/[ 1684.167687@1]- vframe_rate_uevent(    0): sent uevent FRAME_RATE_HINT=3840
07-02 18:56:39.903 W/[ 1684.798593@1]- RTW(    0): fill_default_txdesc(wlan0): SP Packet(0x0806) rate=0x4 SeqNum = 33
07-02 18:56:40.961 I/        (    0): [ 1685.856586@3]- is_reset=1
07-02 18:56:40.962 I/[ 1685.858513@3]- vframe_rate_uevent(    0): sent uevent FRAME_RATE_HINT=0
07-02 18:56:40.966 I/[ 1685.858753@1]- dim(    0): ch[1]:di_receiver_event_fun,1:_UNREG
07-02 18:56:40.966 E/[ 1685.858788@1]- unreg(    0): v4lvideo
07-02 18:56:40.966 I/[ 1685.858857@0]- dim(    0): unreg:2keep[0], msk:[0x0,0x0]
07-02 18:56:40.974 I/[ 1685.870139@2]- dim(    0): unreg:use[12]ms
07-02 18:56:40.974 D/        (    0): [ 1685.870170@2]- vdec_disable_DMC input->target= 0x1
07-02 18:56:40.977 D/        (    0): [ 1685.871862@3]- vdec_release instance 00000000cf3a770e, total 1 id = 0
07-02 18:56:40.978 D/        (    0): [ 1685.872033@3]- the clk_hevc_mux    clock off, ref cnt: 0
07-02 18:56:40.978 D/        (    0): [ 1685.872040@3]- the clk_hevcb_mux   clock off, ref cnt: 0
07-02 18:56:40.978 D/        (    0): [ 1685.872049@3]- the vdec            clock off, ref cnt: 0
07-02 18:56:40.978 D/        (    0): [ 1685.872053@3]- the parser_top      clock off, ref cnt: 1
07-02 18:56:40.978 D/        (    0): [ 1685.872057@3]- the demux           clock off, ref cnt: 1
07-02 18:56:40.978 D/        (    0): [ 1685.872126@3]- the demux           clock on, ref cnt: 2
07-02 18:56:40.978 D/        (    0): [ 1685.872131@3]- the parser_top      clock on, ref cnt: 2
07-02 18:56:40.978 D/        (    0): [ 1685.872138@3]- the vdec            clock on, ref cnt: 1
07-02 18:56:40.978 D/        (    0): [ 1685.872157@3]- the clk_hevc_mux    clock on, ref cnt: 1
07-02 18:56:40.978 D/        (    0): [ 1685.872161@3]- the clk_hevcb_mux   clock on, ref cnt: 1
07-02 18:56:40.978 D/        (    0): [ 1685.872192@3]- hevc mux clock is 499999992 Hz
07-02 18:56:40.978 D/        (    0): [ 1685.872208@3]- hevc back mux clock is 499999992 Hz
07-02 18:56:40.978 D/        (    0): [ 1685.872341@3]- vdec_create instance 00000000966b9a2f, total 1, PM: legacy
07-02 18:56:40.978 D/        (    0): [ 1685.872381@3]- no drmmode
07-02 18:56:40.978 I/        (    0): [ 1685.872411@3]- is_reset=1
07-02 18:56:40.978 I/        (    0): [ 1685.872436@3]- vdec_init, dev_name:ammvdec_h265, vdec_type=VDEC_TYPE_FRAME_BLOCK  id = 0
07-02 18:56:40.978 D/[ 1685.873047@3]- [0]pdata->config=hevc_buf_width(    0): 1920;hevc_buf_height:1088;hevc_buf_margin:0;hevc_double_write_mode:16;save_buffer_mode:0;
07-02 18:56:40.978 D/        (    0): [ 1685.873080@3]- decoder_bmmu_box_alloc_box, tvp_flags = 0
07-02 18:56:40.978 D/        (    0): [ 1685.873496@2]- [0]dynamic_buf_num_margin=9
07-02 18:56:40.978 D/        (    0): [ 1685.873503@2]- [0]double_write_mode=16
07-02 18:56:40.978 D/[ 1685.873511@2]- [0]h265(    0): pts_unstable=0
07-02 18:56:40.978 D/[ 1685.873517@2]- [0]h265(    0): ver (201602101,0) decinfo: 0x0 rate=3600
07-02 18:56:40.979 I/        (    0): [ 1685.874368@2]- [TEE], the fw (hevc_mmu) will be loaded.
07-02 18:56:40.979 D/        (    0): [ 1685.874602@2]- hevc mux clock is 666666656 Hz
07-02 18:56:40.979 D/        (    0): [ 1685.874620@2]- hevc back mux clock is 666666656 Hz
07-02 18:56:40.979 D/        (    0): [ 1685.874625@2]- hevc video changed to 3840 x 2160 60 fps clk->667MHZ
07-02 18:56:40.979 D/        (    0): [ 1685.874669@2]- vfm map vdec-map-0 created
07-02 18:56:40.979 I/[ 1685.874689@2]- dim(    0): ch[1]:di_receiver_event_fun,8:_REG
07-02 18:56:40.979 I/[ 1685.874694@2]- dim(    0): reg:vdec.h265.00[47]
07-02 18:56:40.979 I/[ 1685.875256@2]- dim(    0): reg:use[1]ms
07-02 18:56:40.979 E/[ 1685.875282@2]- reg(    0): v4lvideo
07-02 18:56:40.979 I/[ 1685.875290@2]- dim(    0): ch[1]:di_receiver_event_fun,3:_START
07-02 18:56:40.979 D/        (    0): [ 1685.875295@2]- vdec_init, vf_provider_name = vdec.h265.00, b 0
07-02 18:56:40.982 I/        (    0): [ 1685.876356@2]- vdec->port_flag=0x102, port_flag=0x10b
07-02 18:56:40.982 I/        (    0): [ 1685.876461@2]- is_reset=0
07-02 18:56:41.031 I/        (    0): [ 1685.924320@0]- is_reset=1
07-02 18:56:41.031 I/[ 1685.924634@0]- vframe_rate_uevent(    0): sent uevent FRAME_RATE_HINT=0
07-02 18:56:41.031 I/[ 1685.924699@1]- dim(    0): ch[1]:di_receiver_event_fun,1:_UNREG
07-02 18:56:41.031 E/[ 1685.924713@1]- unreg(    0): v4lvideo
07-02 18:56:41.031 I/[ 1685.925335@1]- dim(    0): unreg:use[1]ms
07-02 18:56:41.031 D/        (    0): [ 1685.925365@1]- vdec_disable_DMC input->target= 0x1
07-02 18:56:41.031 D/        (    0): [ 1685.925805@1]- vdec_release instance 00000000966b9a2f, total 1 id = 0
07-02 18:56:41.031 D/        (    0): [ 1685.925959@1]- the clk_hevc_mux    clock off, ref cnt: 0
07-02 18:56:41.031 D/        (    0): [ 1685.925966@1]- the clk_hevcb_mux   clock off, ref cnt: 0
07-02 18:56:41.031 D/        (    0): [ 1685.925975@1]- the vdec            clock off, ref cnt: 0
07-02 18:56:41.031 D/        (    0): [ 1685.925979@1]- the parser_top      clock off, ref cnt: 1
07-02 18:56:41.031 D/        (    0): [ 1685.925983@1]- the demux           clock off, ref cnt: 1
07-02 18:56:41.031 D/        (    0): [ 1685.926049@1]- the demux           clock on, ref cnt: 2
07-02 18:56:41.031 D/        (    0): [ 1685.926054@1]- the parser_top      clock on, ref cnt: 2
07-02 18:56:41.031 D/        (    0): [ 1685.926060@1]- the vdec            clock on, ref cnt: 1
07-02 18:56:41.031 D/        (    0): [ 1685.926079@1]- the clk_hevc_mux    clock on, ref cnt: 1
07-02 18:56:41.031 D/        (    0): [ 1685.926084@1]- the clk_hevcb_mux   clock on, ref cnt: 1
07-02 18:56:41.031 D/        (    0): [ 1685.926116@1]- hevc mux clock is 499999992 Hz
07-02 18:56:41.031 D/        (    0): [ 1685.926132@1]- hevc back mux clock is 499999992 Hz
07-02 18:56:41.031 D/        (    0): [ 1685.926277@1]- vdec_create instance 00000000ab49c17f, total 1, PM: legacy
07-02 18:56:41.031 D/        (    0): [ 1685.926318@1]- no drmmode
07-02 18:56:41.031 I/        (    0): [ 1685.926355@1]- is_reset=1
07-02 18:56:41.031 I/        (    0): [ 1685.926383@1]- vdec_init, dev_name:ammvdec_h265, vdec_type=VDEC_TYPE_FRAME_BLOCK  id = 0
07-02 18:56:41.037 D/[ 1685.927790@1]- [0]pdata->config=hevc_buf_width(    0): 1920;hevc_buf_height:1088;hevc_buf_margin:0;hevc_double_write_mode:16;save_buffer_mode:0;
07-02 18:56:41.037 D/        (    0): [ 1685.927822@1]- decoder_bmmu_box_alloc_box, tvp_flags = 0
07-02 18:56:41.037 D/        (    0): [ 1685.928292@1]- [0]dynamic_buf_num_margin=9
07-02 18:56:41.037 D/        (    0): [ 1685.928299@1]- [0]double_write_mode=16
07-02 18:56:41.037 D/[ 1685.928309@1]- [0]h265(    0): pts_unstable=0
07-02 18:56:41.037 D/[ 1685.928315@1]- [0]h265(    0): ver (201602101,0) decinfo: 0x0 rate=3600
07-02 18:56:41.037 I/        (    0): [ 1685.928635@1]- [TEE], the fw (hevc_mmu) will be loaded.
07-02 18:56:41.037 D/        (    0): [ 1685.928682@1]- hevc mux clock is 666666656 Hz
07-02 18:56:41.037 D/        (    0): [ 1685.928697@1]- hevc back mux clock is 666666656 Hz
07-02 18:56:41.046 D/        (    0): [ 1685.928703@1]- hevc video changed to 3840 x 2160 60 fps clk->667MHZ
07-02 18:56:41.047 D/        (    0): [ 1685.928751@1]- vfm map vdec-map-0 created
07-02 18:56:41.047 I/[ 1685.928771@1]- dim(    0): ch[1]:di_receiver_event_fun,8:_REG
07-02 18:56:41.047 I/[ 1685.928776@1]- dim(    0): reg:vdec.h265.00[48]
07-02 18:56:41.047 I/[ 1685.929332@2]- dim(    0): reg:use[1]ms
07-02 18:56:41.047 E/[ 1685.929357@2]- reg(    0): v4lvideo
07-02 18:56:41.047 I/[ 1685.929366@2]- dim(    0): ch[1]:di_receiver_event_fun,3:_START
07-02 18:56:41.047 D/        (    0): [ 1685.929371@2]- vdec_init, vf_provider_name = vdec.h265.00, b 0
07-02 18:56:41.047 I/        (    0): [ 1685.934184@2]- vdec->port_flag=0x102, port_flag=0x10b
07-02 18:56:41.047 I/        (    0): [ 1685.934332@2]- is_reset=0
07-02 18:56:41.161 E/        (    0): [ 1686.057009@3]- mmu box NULL !!!
07-02 18:56:41.161 D/        (    0): [ 1686.057023@3]- [0]vh265 cached=0  need_size=6144 speed= 128 ms
07-02 18:56:41.161 D/        (    0): [ 1686.057617@3]- [0]hevc->performance_profile 0
07-02 18:56:41.161 D/        (    0): [ 1686.057625@3]- [0]set pic_list_init_flag 1
07-02 18:56:41.212 D/        (    0): [ 1686.108116@0]- [0]init_buf_spec2 1280 720
07-02 18:56:41.212 D/        (    0): [ 1686.108124@0]- [0]set pic_list_init_flag to 2
07-02 18:56:41.212 D/        (    0): [ 1686.108167@3]- [0]set pic_list_init_flag to 3
07-02 18:56:41.212 D/        (    0): [ 1686.108173@3]- [vdec_kpi][vh265_isr_thread_fn] First I frame coming.
07-02 18:56:41.216 D/[ 1686.111114@3]- [0]VH265(    0): output first frame
07-02 18:56:41.219 D/        (    0): [ 1686.111137@3]- [vdec_kpi][post_video_frame] First I frame decoded.
07-02 18:56:41.219 I/[ 1686.111202@0]- dim(    0): value reg:ch[1]:fix_buf:0;ponly <0,0>
07-02 18:56:41.219 I/[ 1686.111213@0]- dim(    0): 1280x720-0x9000.
07-02 18:56:41.219 I/[ 1686.111330@1]- v4lvideo(    0): provider name: vdec.h265.00
07-02 18:56:41.238 D/        (    0): [ 1686.131121@3]- cal_dur_from_pts vstatus 3840 dur3600 -> 3840, revised 3840
07-02 18:56:41.238 I/[ 1686.133487@3]- vframe_rate_uevent(    0): sent uevent FRAME_RATE_HINT=3840
07-02 18:56:42.370 W/[ 1687.263295@0]- RTW(    0): Turbo EDCA =0x431c
07-02 18:56:43.906 W/[ 1688.802400@1]- RTW(    0): fill_default_txdesc(wlan0): SP Packet(0x0806) rate=0x4 SeqNum = 703
07-02 18:56:44.766 W/[ 1689.659982@0]- healthd(    0): battery l=100 v=4 t=0.0 h=2 st=2 c=1100 fc=10000000 chg=u
07-02 18:56:46.404 W/[ 1691.298858@2]- RTW(    0): Turbo EDCA =0x5ea42b
07-02 18:56:48.418 W/[ 1693.310967@0]- RTW(    0): Turbo EDCA =0x431c
07-02 18:56:48.995 W/[ 1693.891178@3]- RTW(    0): fill_default_txdesc(wlan0): SP Packet(0x0806) rate=0x4 SeqNum = 1076
07-02 18:56:50.438 W/[ 1695.331094@0]- RTW(    0): Turbo EDCA =0x5ea42b
07-02 18:56:54.066 W/[ 1698.960890@0]- RTW(    0): fill_default_txdesc(wlan0): SP Packet(0x0806) rate=0x4 SeqNum = 1413
07-02 18:56:54.466 W/[ 1699.358915@0]- RTW(    0): Turbo EDCA =0x431c
07-02 18:56:56.486 W/[ 1701.378923@2]- RTW(    0): Turbo EDCA =0x5ea42b
07-02 18:56:59.118 W/[ 1704.012761@2]- RTW(    0): fill_default_txdesc(wlan0): SP Packet(0x0806) rate=0x4 SeqNum = 1757
07-02 18:57:00.514 W/[ 1705.406812@3]- RTW(    0): Turbo EDCA =0x431c
07-02 18:57:02.530 W/[ 1707.422896@3]- RTW(    0): Turbo EDCA =0x5ea42b
07-02 18:57:03.185 W/[ 1708.081224@3]- RTW(    0): fill_default_txdesc(wlan0): SP Packet(0x0806) rate=0x4 SeqNum = 2045
07-02 18:57:07.809 W/[ 1712.702763@3]- RTW(    0): fill_default_txdesc(wlan0): SP Packet(0x0806) rate=0x4 SeqNum = 2310
07-02 18:57:07.958 W/[ 1712.852929@2]- RTW(    0): fill_default_txdesc(wlan0): SP Packet(0x0806) rate=0x4 SeqNum = 2344
07-02 18:57:08.245 W/[ 1713.140647@3]- RTW(    0): fill_default_txdesc(wlan0): SP Packet(0x0806) rate=0x4 SeqNum = 2376
07-02 18:57:08.578 W/[ 1713.471038@3]- RTW(    0): Turbo EDCA =0x431c
07-02 18:57:08.582 W/[ 1713.475737@1]- RTW(    0): fill_default_txdesc(wlan0): SP Packet(0x0806) rate=0x4 SeqNum = 2395
07-02 18:57:08.698 W/[ 1713.590718@0]- RTW(    0): fill_default_txdesc(wlan0): SP Packet(0x0806) rate=0x4 SeqNum = 2402
07-02 18:57:10.593 W/[ 1715.486862@3]- RTW(    0): Turbo EDCA =0x5ea42b
07-02 18:57:13.298 W/[ 1718.193448@3]- RTW(    0): fill_default_txdesc(wlan0): SP Packet(0x0806) rate=0x4 SeqNum = 2853
07-02 18:57:16.646 W/[ 1721.538790@3]- RTW(    0): Turbo EDCA =0x431c
07-02 18:57:05.762 I/chatty  ( 3846): uid=1000(system) android.bg identical 5 lines
07-02 18:57:15.866 I/UsageStatsService( 3846): User[0] Flushing usage stats to disk
07-02 18:57:16.729 D/AutofillManagerService( 3846): onBackKeyPressed()
07-02 18:57:16.818 I/        (    0): [ 1721.714725@0]- is_reset=1
07-02 18:57:16.818 I/[ 1721.715121@0]- vframe_rate_uevent(    0): sent uevent FRAME_RATE_HINT=0
07-02 18:57:16.824 I/[ 1721.716320@0]- dim(    0): ch[1]:di_receiver_event_fun,1:_UNREG
07-02 18:57:16.824 E/[ 1721.716366@0]- unreg(    0): v4lvideo
07-02 18:57:16.824 I/[ 1721.716440@1]- dim(    0): unreg:2keep[0], msk:[0x0,0x0]
07-02 18:57:16.834 I/[ 1721.727794@1]- dim(    0): unreg:use[11]ms
07-02 18:57:16.839 D/        (    0): [ 1721.727827@1]- vdec_disable_DMC input->target= 0x1
07-02 18:57:16.839 D/        (    0): [ 1721.729607@0]- vdec_release instance 00000000ab49c17f, total 1 id = 0
07-02 18:57:16.839 D/        (    0): [ 1721.729778@0]- the clk_hevc_mux    clock off, ref cnt: 0
07-02 18:57:16.839 D/        (    0): [ 1721.729785@0]- the clk_hevcb_mux   clock off, ref cnt: 0
07-02 18:57:16.839 D/        (    0): [ 1721.729794@0]- the vdec            clock off, ref cnt: 0
07-02 18:57:16.839 D/        (    0): [ 1721.729798@0]- the parser_top      clock off, ref cnt: 1
07-02 18:57:16.839 D/        (    0): [ 1721.729802@0]- the demux           clock off, ref cnt: 1
07-02 18:57:16.839 D/        (    0): [ 1721.729908@0]- the demux           clock on, ref cnt: 2
07-02 18:57:16.839 D/        (    0): [ 1721.729913@0]- the parser_top      clock on, ref cnt: 2
07-02 18:57:16.839 D/        (    0): [ 1721.729921@0]- the vdec            clock on, ref cnt: 1
07-02 18:57:16.839 D/        (    0): [ 1721.729940@0]- the clk_hevc_mux    clock on, ref cnt: 1
07-02 18:57:16.839 D/        (    0): [ 1721.729945@0]- the clk_hevcb_mux   clock on, ref cnt: 1
