07-02 10:15:29.510 F/crashpad(12382): y%pqY/4sggTWX\V^%7g&EuAT}+=@PCc4N1r(YF*MM[w#5jcgIPHDy1OL96h:]}dckkd/<n.d9WNm`5t3#ft|9WfyW.=D`WYp/aJ>L"vsg$DS_L9Lw#yqLd~Tu3yR7Lw#Um:Vj`Sw%]am0a@(!Kx$rBY(=Q$^t_kF/REPDdrgV#Ra+zx1Pk&NaCC(.1?K=\htS)*o$pnF0]kF55Wac.^PMJ$^t_sFaK2tkC~JbYV.')4n%u1Hv53wQC`.);QU{Jfk_ab]#TJZrd"TDdKDr\R{x1uJ8$v5{Su3EPDd%a&+-c$Ult??w}Dd%a`xw5(pi\sjx'sFQaWx<(,^Yj~:K*.&0sqls.gU#Wa_[Ot-#An^.+w^H[u]*J,rCQ$W<5KCYF0Jd4zBs2nrIH/q9q8`nQrNaCC(Dj?bOmf)*oXpnFX10uOQrN]6L_(JPJzB(Vlk1J|hj'gUpV*JH>OMkesXp.A3,A~sUTwI2{CwO+zUY\pW|dm,-@Djn_,5MOV>A3@+#asc
07-02 10:15:29.510 F/crashpad(12382): N)G\"~BdX\rgrLf('\OG;#'5SIU5CvO)mYaEiJKm_cfSwIH>85aEb>tNdwi7X*x5U<ue'8?sUn(dgDOm|dRhDj<}mQrNaCS0Uw;2%f6j^l1B+Xp*f|]64R(JzOSB(V1e1J|hj'gU<\n+Rd<#gUD0uWY79P]650,o$N{)-IS^PjKGu'$+{[$_y|3d(O"P*7O,0s90t#$+i.SWnv?1M8Vh[cH_zO}XrIZWdb(Ole.a54E)7TW\>mU%-I'X+J#z0}2XaEiJKmADR~%hBW&1gUllqrGgn]X\Pi9X'w\VL:_&'w\VP:iko+DUD803"T-3$C"^EZ=L3Dod\Lnpe`EZ:w@({KE^X]?Jzb-rJOX]]n,s8Io=>l>w\VP:]5CvgUQ~sa2.KIidfSIrrO'Oqr4g$Hn+*xx+1lM?"
07-02 10:15:29.510 F/crashpad(12382): -----END CRASHPAD MINIDUMP-----
07-02 10:15:29.577 F/DEBUG   ( 5492): *** *** *** *** *** *** *** *** *** *** *** *** *** *** *** ***
07-02 10:15:29.577 F/DEBUG   ( 5492): Build fingerprint: 'Jio/UHDHybridSTB/franklin:11/11.2.48/20250619:user/release-keys'
07-02 10:15:29.577 F/DEBUG   ( 5492): Revision: '0'
07-02 10:15:29.578 F/DEBUG   ( 5492): ABI: 'arm'
07-02 10:15:29.578 F/DEBUG   ( 5492): Timestamp: 2025-07-02 10:15:29+0530
07-02 10:15:29.579 F/DEBUG   ( 5492): pid: 5492, tid: 5519, name: ocessService0:0  >>> com.android.webview:sandboxed_process0:org.chromium.content.app.SandboxedProcessService0:0 <<<
07-02 10:15:29.579 F/DEBUG   ( 5492): uid: 99000
07-02 10:15:29.579 F/DEBUG   ( 5492): signal 11 (SIGSEGV), code 1 (SEGV_MAPERR), fault addr 0x650d19c3
07-02 10:15:29.579 F/DEBUG   ( 5492):     r0  650d19be  r1  44ac0da5  r2  00000123  r3  00000000
07-02 10:15:29.579 F/DEBUG   ( 5492):     r4  be03fd19  r5  00000123  r6  be042de4  r7  44ac0da5
07-02 10:15:29.579 F/DEBUG   ( 5492):     r8  00000123  r9  44ac0da5  r10 d7326be8  r11 d7326b90
07-02 10:15:29.579 F/DEBUG   ( 5492):     ip  0000f544  sp  d7326b60  lr  cb301d2b  pc  cb2fcd76
07-02 10:15:29.581 F/DEBUG   ( 5492): 
07-02 10:15:29.581 F/DEBUG   ( 5492): backtrace:
07-02 10:15:29.581 F/DEBUG   ( 5492):       #00 pc 02675d76  /product/app/webview/webview.apk!libwebviewchromium.so (offset 0xca2000) (BuildId: 93cb196ccc84610d72542ceceff015258f6afec1)
07-02 10:15:16.009 I/chatty  ( 3799): uid=1000(system) android.bg identical 15 lines
07-02 10:15:26.102 I/UsageStatsService( 3799): User[0] Flushing usage stats to disk
07-02 10:15:30.529 D/ActivityManager( 3799): Killed process: com.android.webview:sandboxed_process0:org.chromium.content.app.SandboxedProcessService0:0
07-02 10:15:30.534 I/ActivityManager( 3799): Process com.android.webview:sandboxed_process0:org.chromium.content.app.SandboxedProcessService0:0 (pid 5492) has died: cch CACC
07-02 10:15:30.562 W/ActivityManager( 3799): Scheduling restart of crashed service com.iwedia.ui.rjio.launcher.reliance/org.chromium.content.app.SandboxedProcessService0:0 in 1000ms for connection
07-02 10:15:30.593 F/libc    ( 4910): Fatal signal 5 (SIGTRAP), code 1 (TRAP_BRKPT), fault addr 0xcab8bb1e in tid 4910 (uncher.reliance), pid 4910 (uncher.reliance)
07-02 10:15:30.599 D/KernelCpuUidUserSysTimeReader( 3799): Removing uids 1037-1037
07-02 10:15:30.807 F/DEBUG   (12418): *** *** *** *** *** *** *** *** *** *** *** *** *** *** *** ***
07-02 10:15:30.807 F/DEBUG   (12418): Build fingerprint: 'Jio/UHDHybridSTB/franklin:11/11.2.48/20250619:user/release-keys'
07-02 10:15:30.807 F/DEBUG   (12418): Revision: '0'
07-02 10:15:30.807 F/DEBUG   (12418): ABI: 'arm'
07-02 10:15:30.808 F/DEBUG   (12418): Timestamp: 2025-07-02 10:15:30+0530
07-02 10:15:30.808 F/DEBUG   (12418): pid: 4910, tid: 4910, name: uncher.reliance  >>> com.iwedia.ui.rjio.launcher.reliance <<<
07-02 10:15:30.809 F/DEBUG   (12418): uid: 10034
07-02 10:15:30.809 F/DEBUG   (12418): signal 5 (SIGTRAP), code 1 (TRAP_BRKPT), fault addr 0xcab8bb1e
07-02 10:15:30.809 F/DEBUG   (12418): Abort message: '[FATAL:crashpad_client_linux.cc(745)] Render process (5492)'s crash wasn't handled by all associated  webviews, triggering application crash.
07-02 10:15:30.809 F/DEBUG   (12418): '
07-02 10:15:30.809 F/DEBUG   (12418):     r0  00000000  r1  00000000  r2  00000000  r3  00000000
07-02 10:15:30.809 F/DEBUG   (12418):     r4  0000008d  r5  ffc1b22c  r6  ffc1b1f4  r7  ffc1adc4
07-02 10:15:30.809 F/DEBUG   (12418):     r8  0000008d  r9  ec163704  r10 ffc1b1f4  r11 0000000b
07-02 10:15:30.809 F/DEBUG   (12418):     ip  cd2721e8  sp  ffc1adb0  lr  cab863e9  pc  cab8bb1e
07-02 10:15:30.810 F/DEBUG   (12418): backtrace:
07-02 10:15:30.810 F/DEBUG   (12418):       #00 pc 01f04b1e  /product/app/webview/webview.apk!libwebviewchromium.so (offset 0xca2000) (BuildId: 93cb196ccc84610d72542ceceff015258f6afec1)
07-02 10:15:32.387 I/BootReceiver( 3799): Copying /data/tombstones/tombstone_01 to DropBox (SYSTEM_TOMBSTONE)
07-02 10:15:32.391 I/DropBoxManagerService( 3799): add tag=SYSTEM_TOMBSTONE isTagEnabled=true flags=0x2
07-02 10:15:32.442 W/ActivityTaskManager( 3799):   Not force finishing home activity com.iwedia.ui.rjio.launcher.reliance/com.iwedia.ui.rjio.launcher.ui.intro.IntroActivity
07-02 10:15:32.462 I/DropBoxManagerService( 3799): add tag=system_app_native_crash isTagEnabled=true flags=0x2
07-02 10:15:32.508 W/ContextImpl( 5705): Calling a method in the system process without a qualified user: android.app.ContextImpl.bindService:1748 android.content.ContextWrapper.bindService:756 com.jio.adc.core.b.d:56 com.jio.adc.core.b.b:13 com.jio.adc.core.b$c.run:7 
07-02 10:15:32.750 D/ActivityManager( 3799): Killed process: com.iwedia.ui.rjio.launcher.reliance
07-02 10:15:32.751 I/ActivityManager( 3799): Process com.iwedia.ui.rjio.launcher.reliance (pid 4910) has died: fg  TOP 
07-02 10:15:32.807 D/ConnectivityService( 3799): ConnectivityService NetworkRequestInfo binderDied(NetworkRequest [ TRACK_DEFAULT id=13, [ Capabilities: INTERNET&NOT_RESTRICTED&TRUSTED Uid: 10034 AdministratorUids: [] RequestorUid: 10034 RequestorPackageName: com.iwedia.ui.rjio.launcher.reliance] ], android.os.BinderProxy@e99c59c)
07-02 10:15:32.807 D/ConnectivityService( 3799): ConnectivityService NetworkRequestInfo binderDied(NetworkRequest [ LISTEN id=22, [ Capabilities: INTERNET&NOT_RESTRICTED&TRUSTED&FOREGROUND Uid: 10034 AdministratorUids: [] RequestorUid: 10034 RequestorPackageName: com.iwedia.ui.rjio.launcher.reliance] ], android.os.BinderProxy@d44d10f)
07-02 10:15:32.807 D/ConnectivityService( 3799): ConnectivityService NetworkRequestInfo binderDied(NetworkRequest [ TRACK_DEFAULT id=12, [ Capabilities: INTERNET&NOT_RESTRICTED&TRUSTED Uid: 10034 AdministratorUids: [] RequestorUid: 10034 RequestorPackageName: com.iwedia.ui.rjio.launcher.reliance] ], android.os.BinderProxy@456dba5)
07-02 10:15:32.807 D/ConnectivityService( 3799): ConnectivityService NetworkRequestInfo binderDied(NetworkRequest [ TRACK_DEFAULT id=21, [ Capabilities: INTERNET&NOT_RESTRICTED&TRUSTED Uid: 10034 AdministratorUids: [] RequestorUid: 10034 RequestorPackageName: com.iwedia.ui.rjio.launcher.reliance] ], android.os.BinderProxy@685fb7a)
07-02 10:15:32.814 I/WindowManager( 3799): WIN DEATH: Window{75d3d6c u0 com.iwedia.ui.rjio.launcher.reliance/com.iwedia.ui.rjio.launcher.ui.intro.IntroActivity}
07-02 10:15:32.819 D/ConnectivityService( 3799): releasing NetworkRequest [ TRACK_DEFAULT id=21, [ Capabilities: INTERNET&NOT_RESTRICTED&TRUSTED Uid: 10034 AdministratorUids: [] RequestorUid: 10034 RequestorPackageName: com.iwedia.ui.rjio.launcher.reliance] ] (release request)
07-02 10:15:32.973 D/ConnectivityService( 3799): releasing NetworkRequest [ TRACK_DEFAULT id=13, [ Capabilities: INTERNET&NOT_RESTRICTED&TRUSTED Uid: 10034 AdministratorUids: [] RequestorUid: 10034 RequestorPackageName: com.iwedia.ui.rjio.launcher.reliance] ] (release request)
07-02 10:15:32.974 D/ConnectivityService( 3799): releasing NetworkRequest [ TRACK_DEFAULT id=12, [ Capabilities: INTERNET&NOT_RESTRICTED&TRUSTED Uid: 10034 AdministratorUids: [] RequestorUid: 10034 RequestorPackageName: com.iwedia.ui.rjio.launcher.reliance] ] (release request)
07-02 10:15:33.258 W/WindowManager( 3799): Cannot find window which accessibility connection is added to
07-02 10:15:33.263 W/ActivityTaskManager( 3799): Force removing ActivityRecord{b013362 u0 com.iwedia.ui.rjio.launcher.reliance/com.iwedia.ui.rjio.launcher.ui.intro.IntroActivity t224}: app died, no saved state
07-02 10:15:33.266 V/ActivityTaskManager( 3799): Old State : RESUMED Updated state : DESTROYED Activity : ComponentInfo{com.iwedia.ui.rjio.launcher.reliance/com.iwedia.ui.rjio.launcher.ui.intro.IntroActivity}
07-02 10:15:33.266 V/ActivityTaskManager( 3799): Sending Broadcast : Intent { act=com.jio.remote.action.applaunch flg=0x40000000 pkg=com.jio.remote.btserver (has extras) }
07-02 10:15:33.288 D/ActivityTaskManager( 3799): Top Process State changed to PROCESS_STATE_TOP_SLEEPING
07-02 10:15:33.304 D/ActivityTaskManager( 3799): Top Process State changed to PROCESS_STATE_TOP
07-02 10:15:33.308 I/ActivityTaskManager( 3799): START u0 {act=android.intent.action.MAIN cat=[android.intent.category.HOME] flg=0x10000100 cmp=com.iwedia.ui.rjio.launcher.reliance/com.iwedia.ui.rjio.launcher.ui.intro.IntroActivity} from uid 0
07-02 10:15:33.308 D/ActivityTaskManager( 3799): recent debug: [launchedPkgName] --> com.iwedia.ui.rjio.launcher.reliance [callingPackage] --> null
07-02 10:15:33.312 V/ActivityTaskManager( 3799): Old State : null Updated state : INITIALIZING Activity : ComponentInfo{com.iwedia.ui.rjio.launcher.reliance/com.iwedia.ui.rjio.launcher.ui.intro.IntroActivity}
07-02 10:15:33.313 V/ActivityTaskManager( 3799): Sending Broadcast : Intent { act=com.jio.remote.action.applaunch flg=0x40000000 pkg=com.jio.remote.btserver (has extras) }
07-02 10:15:33.323 I/ActivityTaskManager( 3799): START u0 {act=android.intent.action.MAIN cat=[android.intent.category.HOME] flg=0x10000100 cmp=com.iwedia.ui.rjio.launcher.reliance/com.iwedia.ui.rjio.launcher.ui.intro.IntroActivity} from uid 0
07-02 10:15:33.323 D/ActivityTaskManager( 3799): recent debug: [launchedPkgName] --> com.iwedia.ui.rjio.launcher.reliance [callingPackage] --> null
07-02 10:15:33.324 V/ActivityTaskManager( 3799): Old State : null Updated state : INITIALIZING Activity : ComponentInfo{com.iwedia.ui.rjio.launcher.reliance/com.iwedia.ui.rjio.launcher.ui.intro.IntroActivity}
07-02 10:15:33.324 V/ActivityTaskManager( 3799): Sending Broadcast : Intent { act=com.jio.remote.action.applaunch flg=0x40000000 pkg=com.jio.remote.btserver (has extras) }
07-02 10:15:33.351 W/ActivityManager( 3799): setHasOverlayUi called on unknown pid: 4910
07-02 10:15:33.375 D/CompatibilityChangeReporter( 3799): Compat change id reported: 135634846; UID 10034; state: DISABLED
07-02 10:15:33.376 D/CompatibilityChangeReporter( 3799): Compat change id reported: 143937733; UID 10034; state: ENABLED
07-02 10:15:33.408 I/ActivityManager( 3799): Start proc 12451:com.iwedia.ui.rjio.launcher.reliance/u0a34 for top-activity {com.iwedia.ui.rjio.launcher.reliance/com.iwedia.ui.rjio.launcher.ui.intro.IntroActivity}
07-02 10:15:33.462 V/ActivityTaskManager( 3799): Old State : INITIALIZING Updated state : RESUMED Activity : ComponentInfo{com.iwedia.ui.rjio.launcher.reliance/com.iwedia.ui.rjio.launcher.ui.intro.IntroActivity}
07-02 10:15:33.463 V/ActivityTaskManager( 3799): Sending Broadcast : Intent { act=com.jio.remote.action.applaunch flg=0x40000000 pkg=com.jio.remote.btserver (has extras) }
07-02 10:15:33.956 I/ActivityTaskManager( 3799): START u0 {act=android.content.pm.action.REQUEST_PERMISSIONS pkg=com.android.permissioncontroller cmp=com.android.permissioncontroller/.permission.ui.GrantPermissionsActivity (has extras)} from uid 10034
07-02 10:15:33.956 D/ActivityTaskManager( 3799): recent debug: [launchedPkgName] --> com.android.permissioncontroller [callingPackage] --> com.iwedia.ui.rjio.launcher.reliance
07-02 10:15:33.957 V/ActivityTaskManager( 3799): Old State : null Updated state : INITIALIZING Activity : ComponentInfo{com.android.permissioncontroller/com.android.permissioncontroller.permission.ui.GrantPermissionsActivity}
07-02 10:15:33.957 V/ActivityTaskManager( 3799): Sending Broadcast : Intent { act=com.jio.remote.action.applaunch flg=0x40000000 pkg=com.jio.remote.btserver (has extras) }
07-02 10:15:33.961 V/ActivityTaskManager( 3799): Old State : RESUMED Updated state : PAUSING Activity : ComponentInfo{com.iwedia.ui.rjio.launcher.reliance/com.iwedia.ui.rjio.launcher.ui.intro.IntroActivity}
07-02 10:15:33.961 V/ActivityTaskManager( 3799): Sending Broadcast : Intent { act=com.jio.remote.action.applaunch flg=0x40000000 pkg=com.jio.remote.btserver (has extras) }
07-02 10:15:33.974 D/CompatibilityChangeReporter( 3799): Compat change id reported: 136274596; UID 10034; state: ENABLED
07-02 10:15:34.185 W/SocketClient( 3489): write error (Broken pipe)
07-02 10:15:34.461 W/ActivityTaskManager( 3799): Activity top resumed state loss timeout for ActivityRecord{83cd7a0 u0 com.iwedia.ui.rjio.launcher.reliance/com.iwedia.ui.rjio.launcher.ui.intro.IntroActivity t226}
07-02 10:15:34.461 W/ActivityTaskManager( 3799): Activity pause timeout for ActivityRecord{83cd7a0 u0 com.iwedia.ui.rjio.launcher.reliance/com.iwedia.ui.rjio.launcher.ui.intro.IntroActivity t226}
07-02 10:15:34.462 V/ActivityTaskManager( 3799): Old State : PAUSING Updated state : PAUSED Activity : ComponentInfo{com.iwedia.ui.rjio.launcher.reliance/com.iwedia.ui.rjio.launcher.ui.intro.IntroActivity}
07-02 10:15:34.462 V/ActivityTaskManager( 3799): Sending Broadcast : Intent { act=com.jio.remote.action.applaunch flg=0x40000000 pkg=com.jio.remote.btserver (has extras) }
07-02 10:15:34.462 W/ActivityTaskManager( 3799): Tried to set launchTime (0) < mLastActivityLaunchTime (49217)
07-02 10:15:34.465 V/ActivityTaskManager( 3799): Old State : INITIALIZING Updated state : RESUMED Activity : ComponentInfo{com.android.permissioncontroller/com.android.permissioncontroller.permission.ui.GrantPermissionsActivity}
07-02 10:15:34.465 V/ActivityTaskManager( 3799): Sending Broadcast : Intent { act=com.jio.remote.action.applaunch flg=0x40000000 pkg=com.jio.remote.btserver (has extras) }
07-02 10:15:34.559 D/ConnectivityService( 3799): requestNetwork for uid/pid:10034/12451 NetworkRequest [ TRACK_DEFAULT id=23, [ Capabilities: INTERNET&NOT_RESTRICTED&TRUSTED Uid: 10034 AdministratorUids: [] RequestorUid: 10034 RequestorPackageName: com.iwedia.ui.rjio.launcher.reliance] ]
07-02 10:15:34.560 D/ConnectivityService( 3799): NetReassign [23 : null → 100]
07-02 10:15:34.831 V/ActivityTaskManager( 3799): Old State : RESUMED Updated state : PAUSING Activity : ComponentInfo{com.android.permissioncontroller/com.android.permissioncontroller.permission.ui.GrantPermissionsActivity}
07-02 10:15:34.831 V/ActivityTaskManager( 3799): Sending Broadcast : Intent { act=com.jio.remote.action.applaunch flg=0x40000000 pkg=com.jio.remote.btserver (has extras) }
07-02 10:15:34.837 V/ActivityTaskManager( 3799): Old State : PAUSING Updated state : PAUSED Activity : ComponentInfo{com.android.permissioncontroller/com.android.permissioncontroller.permission.ui.GrantPermissionsActivity}
07-02 10:15:34.837 V/ActivityTaskManager( 3799): Sending Broadcast : Intent { act=com.jio.remote.action.applaunch flg=0x40000000 pkg=com.jio.remote.btserver (has extras) }
07-02 10:15:34.838 V/ActivityTaskManager( 3799): Old State : PAUSED Updated state : STOPPING Activity : ComponentInfo{com.android.permissioncontroller/com.android.permissioncontroller.permission.ui.GrantPermissionsActivity}
07-02 10:15:34.838 V/ActivityTaskManager( 3799): Sending Broadcast : Intent { act=com.jio.remote.action.applaunch flg=0x40000000 pkg=com.jio.remote.btserver (has extras) }
07-02 10:15:34.839 V/ActivityTaskManager( 3799): Old State : PAUSED Updated state : RESUMED Activity : ComponentInfo{com.iwedia.ui.rjio.launcher.reliance/com.iwedia.ui.rjio.launcher.ui.intro.IntroActivity}
07-02 10:15:34.840 V/ActivityTaskManager( 3799): Sending Broadcast : Intent { act=com.jio.remote.action.applaunch flg=0x40000000 pkg=com.jio.remote.btserver (has extras) }
07-02 10:15:35.312 D/ConnectivityService( 3799): requestNetwork for uid/pid:10034/12451 NetworkRequest [ TRACK_DEFAULT id=24, [ Capabilities: INTERNET&NOT_RESTRICTED&TRUSTED Uid: 10034 AdministratorUids: [] RequestorUid: 10034 RequestorPackageName: com.iwedia.ui.rjio.launcher.reliance] ]
07-02 10:15:35.312 D/ConnectivityService( 3799): NetReassign [24 : null → 100]
07-02 10:15:35.406 D/CompatibilityChangeReporter( 3799): Compat change id reported: 135634846; UID 10034; state: DISABLED
07-02 10:15:35.407 D/CompatibilityChangeReporter( 3799): Compat change id reported: 143937733; UID 10034; state: ENABLED
07-02 10:15:35.457 W/ActivityManager( 3799): Slow operation: 51ms so far, now at startProcess: returned from zygote!
07-02 10:15:35.457 W/ActivityManager( 3799): Slow operation: 52ms so far, now at startProcess: done updating battery stats
07-02 10:15:35.457 W/ActivityManager( 3799): Slow operation: 52ms so far, now at startProcess: building log message
07-02 10:15:35.457 I/ActivityManager( 3799): Start proc 12551:com.android.webview:sandboxed_process0:org.chromium.content.app.SandboxedProcessService0:0/u0i2 for  {com.iwedia.ui.rjio.launcher.reliance/org.chromium.content.app.SandboxedProcessService0:0}
07-02 10:15:35.457 W/ActivityManager( 3799): Slow operation: 52ms so far, now at startProcess: starting to update pids map
07-02 10:15:35.458 W/ActivityManager( 3799): Slow operation: 53ms so far, now at startProcess: done updating pids map
07-02 10:15:35.478 D/CompatibilityChangeReporter( 3799): Compat change id reported: 136274596; UID 10034; state: ENABLED
07-02 10:15:36.204 I/UsageStatsService( 3799): User[0] Flushing usage stats to disk
07-02 10:15:36.971 V/ActivityTaskManager( 3799): Old State : FINISHING Updated state : DESTROYING Activity : ComponentInfo{com.android.permissioncontroller/com.android.permissioncontroller.permission.ui.GrantPermissionsActivity}
07-02 10:15:36.971 V/ActivityTaskManager( 3799): Old State : STOPPING Updated state : FINISHING Activity : ComponentInfo{com.android.permissioncontroller/com.android.permissioncontroller.permission.ui.GrantPermissionsActivity}
07-02 10:15:36.971 V/ActivityTaskManager( 3799): Sending Broadcast : Intent { act=com.jio.remote.action.applaunch flg=0x40000000 pkg=com.jio.remote.btserver (has extras) }
07-02 10:15:36.972 V/ActivityTaskManager( 3799): Sending Broadcast : Intent { act=com.jio.remote.action.applaunch flg=0x40000000 pkg=com.jio.remote.btserver (has extras) }
07-02 10:15:36.973 V/ActivityTaskManager( 3799): Old State : DESTROYING Updated state : DESTROYED Activity : ComponentInfo{com.android.permissioncontroller/com.android.permissioncontroller.permission.ui.GrantPermissionsActivity}
07-02 10:15:36.973 V/ActivityTaskManager( 3799): Sending Broadcast : Intent { act=com.jio.remote.action.applaunch flg=0x40000000 pkg=com.jio.remote.btserver (has extras) }
07-02 10:15:41.923 W/ContextImpl( 4777): Calling a method in the system process without a qualified user: android.app.ContextImpl.sendBroadcast:1126 android.content.ContextWrapper.sendBroadcast:473 com.iwedia.tr.dc.DCServiceClient.notifyTifOnDcCallbacksCreated:107 com.iwedia.tr.dc.DCServiceClient.setCallbackInterface:95 com.iwedia.dc.api.IDCServiceDataProvider$Stub.onTransact:85 
07-02 10:15:41.945 W/ContextImpl( 5242): Calling a method in the system process without a qualified user: android.app.ContextImpl.sendBroadcast:1126 android.content.ContextWrapper.sendBroadcast:473 com.iwedia.tvinput.engine.ChannelManager$6.handleMessage:2214 android.os.Handler.dispatchMessage:102 android.os.Looper.loop:223 
07-02 10:15:41.949 W/ContextImpl( 5242): Calling a method in the system process without a qualified user: android.app.ContextImpl.sendBroadcast:1111 android.content.ContextWrapper.sendBroadcast:468 com.iwedia.tvinput.engine.ChannelManager$6.handleMessage:2219 android.os.Handler.dispatchMessage:102 android.os.Looper.loop:223 
07-02 10:15:46.335 I/UsageStatsService( 3799): User[0] Flushing usage stats to disk
07-02 10:18:47.881 I/chatty  ( 3799): uid=1000(system) android.bg identical 18 lines
07-02 10:18:57.972 I/UsageStatsService( 3799): User[0] Flushing usage stats to disk
07-02 10:19:03.361 W/ContextImpl( 5705): Calling a method in the system process without a qualified user: android.app.ContextImpl.bindService:1748 android.content.ContextWrapper.bindService:756 com.jio.adc.core.b.d:56 com.jio.adc.core.b.b:13 com.jio.adc.core.b$c.run:7 
07-02 10:19:03.459 W/ContextImpl( 5242): Calling a method in the system process without a qualified user: android.app.ContextImpl.sendBroadcast:1111 android.content.ContextWrapper.sendBroadcast:468 com.iwedia.tvinput.engine.ChannelManager.disconnectCA:3912 com.iwedia.tvinput.engine.ChannelManager.access$4300:116 com.iwedia.tvinput.engine.ChannelManager$CaReconnectTask.run:2434 
07-02 10:19:03.481 W/ContextImpl( 5242): Calling a method in the system process without a qualified user: android.app.ContextImpl.sendBroadcast:1111 android.content.ContextWrapper.sendBroadcast:468 com.iwedia.tvinput.engine.ChannelManager.connectCA:3844 com.iwedia.tvinput.engine.ChannelManager.access$5900:116 com.iwedia.tvinput.engine.ChannelManager$CaMessageHandler.handleMessage:4279 
07-02 10:19:07.345 V/DisplayPowerController( 3799): Brightness [0.05] reason changing to: 'manual [ dim ]', previous reason: 'manual'.
07-02 10:19:08.067 I/UsageStatsService( 3799): User[0] Flushing usage stats to disk
07-02 10:20:18.708 I/chatty  ( 3799): uid=1000(system) android.bg identical 7 lines
07-02 10:20:28.817 I/UsageStatsService( 3799): User[0] Flushing usage stats to disk
07-02 10:20:37.616 D/ConnectivityService( 3799): requestNetwork for uid/pid:10034/12451 NetworkRequest [ TRACK_DEFAULT id=25, [ Capabilities: INTERNET&NOT_RESTRICTED&TRUSTED Uid: 10034 AdministratorUids: [] RequestorUid: 10034 RequestorPackageName: com.iwedia.ui.rjio.launcher.reliance] ]
07-02 10:20:37.616 D/ConnectivityService( 3799): NetReassign [25 : null → 100]
07-02 10:20:37.619 D/ConnectivityService( 3799): NetReassign [no changes]
07-02 10:20:38.909 I/UsageStatsService( 3799): User[0] Flushing usage stats to disk
07-02 10:20:49.036 I/UsageStatsService( 3799): User[0] Flushing usage stats to disk
07-02 10:20:53.027 V/DisplayPowerController( 3799): Brightness [0.39763778] reason changing to: 'manual', previous reason: 'manual [ dim ]'.
07-02 10:20:59.189 I/UsageStatsService( 3799): User[0] Flushing usage stats to disk
07-02 10:25:13.509 I/chatty  ( 3799): uid=1000(system) android.bg identical 25 lines
07-02 10:25:23.613 I/UsageStatsService( 3799): User[0] Flushing usage stats to disk
07-02 10:25:30.379 W/BroadcastQueue( 3799): Permission Denial: broadcasting Intent { act=android.bluetooth.device.action.ACL_CONNECTED flg=0x5000010 (has extras) } from com.android.bluetooth (pid=3948, uid=1002) is not exported from uid 1000 due to receiver com.rjil.jiostbsetting/.utils.DeviceAdministrator
07-02 10:25:30.452 W/ContextImpl( 5705): Calling a method in the system process without a qualified user: android.app.ContextImpl.bindService:1748 android.content.ContextWrapper.bindService:756 com.jio.adc.core.b.d:56 com.jio.adc.core.b.b:13 com.jio.adc.core.b$c.run:7 
07-02 10:25:33.699 I/UsageStatsService( 3799): User[0] Flushing usage stats to disk
07-02 10:25:41.919 W/ContextImpl( 5705): Calling a method in the system process without a qualified user: android.app.ContextImpl.bindService:1748 android.content.ContextWrapper.bindService:756 com.jio.adc.core.b.d:56 com.jio.adc.core.b.b:13 com.jio.adc.core.b$c.run:7 
07-02 10:25:43.774 I/UsageStatsService( 3799): User[0] Flushing usage stats to disk
07-02 10:27:54.987 I/chatty  ( 3799): uid=1000(system) android.bg identical 13 lines
07-02 10:28:05.082 I/UsageStatsService( 3799): User[0] Flushing usage stats to disk
07-02 10:28:07.861 I/ActivityTaskManager( 3799): START u0 {act=com.jio.pod.VOICE_ASSIST flg=0x10000000 cmp=com.android.app.jio.voiceassist/.search.modified.ui.MainActivity (has extras)} from uid 10034
07-02 10:28:07.861 D/ActivityTaskManager( 3799): recent debug: [launchedPkgName] --> com.android.app.jio.voiceassist [callingPackage] --> com.iwedia.ui.rjio.launcher.reliance
07-02 10:28:07.889 V/ActivityTaskManager( 3799): Old State : null Updated state : INITIALIZING Activity : ComponentInfo{com.android.app.jio.voiceassist/com.android.app.jio.voiceassist.search.modified.ui.MainActivity}
07-02 10:28:07.889 V/ActivityTaskManager( 3799): Sending Broadcast : Intent { act=com.jio.remote.action.applaunch flg=0x40000000 pkg=com.jio.remote.btserver (has extras) }
07-02 10:28:07.905 V/ActivityTaskManager( 3799): Old State : RESUMED Updated state : PAUSING Activity : ComponentInfo{com.iwedia.ui.rjio.launcher.reliance/com.iwedia.ui.rjio.launcher.ui.intro.IntroActivity}
07-02 10:28:07.905 V/ActivityTaskManager( 3799): Sending Broadcast : Intent { act=com.jio.remote.action.applaunch flg=0x40000000 pkg=com.jio.remote.btserver (has extras) }
07-02 10:28:07.922 D/CompatibilityChangeReporter( 3799): Compat change id reported: 135634846; UID 10016; state: DISABLED
07-02 10:28:07.922 D/CompatibilityChangeReporter( 3799): Compat change id reported: 143937733; UID 10016; state: ENABLED
07-02 10:28:07.950 I/ActivityManager( 3799): Start proc 16401:com.android.app.jio.voiceassist/u0a16 for pre-top-activity {com.android.app.jio.voiceassist/com.android.app.jio.voiceassist.search.modified.ui.MainActivity}
07-02 10:28:07.951 V/ActivityTaskManager( 3799): Old State : PAUSING Updated state : PAUSED Activity : ComponentInfo{com.iwedia.ui.rjio.launcher.reliance/com.iwedia.ui.rjio.launcher.ui.intro.IntroActivity}
07-02 10:28:07.951 V/ActivityTaskManager( 3799): Sending Broadcast : Intent { act=com.jio.remote.action.applaunch flg=0x40000000 pkg=com.jio.remote.btserver (has extras) }
07-02 10:28:08.024 V/ActivityTaskManager( 3799): Old State : INITIALIZING Updated state : RESUMED Activity : ComponentInfo{com.android.app.jio.voiceassist/com.android.app.jio.voiceassist.search.modified.ui.MainActivity}
07-02 10:28:08.024 V/ActivityTaskManager( 3799): Sending Broadcast : Intent { act=com.jio.remote.action.applaunch flg=0x40000000 pkg=com.jio.remote.btserver (has extras) }
07-02 10:28:08.066 E/LoadedApk(16401): Unable to instantiate appComponentFactory
07-02 10:28:08.066 E/LoadedApk(16401): java.lang.ClassNotFoundException: Didn't find class "com.android.app.jio.voiceassist.androidx" on path: DexPathList[[zip file "/data/app/~~GFdpAX0EW7Z50uZ07z5sYQ==/com.android.app.jio.voiceassist-dv-eMDWGGdhdMTCaoV8-QQ==/base.apk"],nativeLibraryDirectories=[/data/app/~~GFdpAX0EW7Z50uZ07z5sYQ==/com.android.app.jio.voiceassist-dv-eMDWGGdhdMTCaoV8-QQ==/lib/arm, /data/app/~~GFdpAX0EW7Z50uZ07z5sYQ==/com.android.app.jio.voiceassist-dv-eMDWGGdhdMTCaoV8-QQ==/base.apk!/lib/armeabi-v7a, /system/lib, /system/system_ext/lib]]
07-02 10:28:08.066 E/LoadedApk(16401): 	at dalvik.system.BaseDexClassLoader.findClass(BaseDexClassLoader.java:207)
07-02 10:28:08.066 E/LoadedApk(16401): 	at java.lang.ClassLoader.loadClass(ClassLoader.java:379)
07-02 10:28:08.066 E/LoadedApk(16401): 	at java.lang.ClassLoader.loadClass(ClassLoader.java:312)
07-02 10:28:08.066 E/LoadedApk(16401): 	at android.app.LoadedApk.createAppFactory(LoadedApk.java:260)
07-02 10:28:08.066 E/LoadedApk(16401): 	at android.app.LoadedApk.createOrUpdateClassLoaderLocked(LoadedApk.java:902)
07-02 10:28:08.066 E/LoadedApk(16401): 	at android.app.LoadedApk.getClassLoader(LoadedApk.java:982)
07-02 10:28:08.066 E/LoadedApk(16401): 	at android.app.LoadedApk.getResources(LoadedApk.java:1214)
07-02 10:28:08.066 E/LoadedApk(16401): 	at android.app.ContextImpl.createAppContext(ContextImpl.java:2663)
07-02 10:28:08.066 E/LoadedApk(16401): 	at android.app.ContextImpl.createAppContext(ContextImpl.java:2655)
07-02 10:28:08.066 E/LoadedApk(16401): 	at android.app.ActivityThread.handleBindApplication(ActivityThread.java:6602)
07-02 10:28:08.066 E/LoadedApk(16401): 	at android.app.ActivityThread.access$1300(ActivityThread.java:237)
07-02 10:28:08.066 E/LoadedApk(16401): 	at android.app.ActivityThread$H.handleMessage(ActivityThread.java:1913)
07-02 10:28:08.066 E/LoadedApk(16401): 	at android.os.Handler.dispatchMessage(Handler.java:106)
07-02 10:28:08.066 E/LoadedApk(16401): 	at android.os.Looper.loop(Looper.java:223)
07-02 10:28:08.066 E/LoadedApk(16401): 	at android.app.ActivityThread.main(ActivityThread.java:7664)
07-02 10:28:08.066 E/LoadedApk(16401): 	at java.lang.reflect.Method.invoke(Native Method)
07-02 10:28:08.066 E/LoadedApk(16401): 	at com.android.internal.os.RuntimeInit$MethodAndArgsCaller.run(RuntimeInit.java:592)
07-02 10:28:08.066 E/LoadedApk(16401): 	at com.android.internal.os.ZygoteInit.main(ZygoteInit.java:952)
07-02 10:28:08.708 D/CompatibilityChangeReporter( 3799): Compat change id reported: 136274596; UID 10016; state: ENABLED
07-02 10:28:08.741 D/CompatibilityChangeReporter( 3799): Compat change id reported: 135634846; UID 10016; state: DISABLED
07-02 10:28:08.742 D/CompatibilityChangeReporter( 3799): Compat change id reported: 143937733; UID 10016; state: ENABLED
07-02 10:28:08.759 I/ActivityManager( 3799): Start proc 16469:com.android.webview:sandboxed_process0:org.chromium.content.app.SandboxedProcessService0:0/u0i3 for  {com.android.app.jio.voiceassist/org.chromium.content.app.SandboxedProcessService0:0}
07-02 10:28:08.797 D/CompatibilityChangeReporter( 3799): Compat change id reported: 136274596; UID 10016; state: ENABLED
07-02 10:28:08.992 D/ConnectivityService( 3799): requestNetwork for uid/pid:10016/16401 NetworkRequest [ TRACK_DEFAULT id=27, [ Capabilities: INTERNET&NOT_RESTRICTED&TRUSTED Uid: 10016 AdministratorUids: [] RequestorUid: 10016 RequestorPackageName: com.android.app.jio.voiceassist] ]
07-02 10:28:08.994 D/ConnectivityService( 3799): NetReassign [27 : null → 100]
07-02 10:28:08.997 D/ConnectivityService( 3799): NetReassign [no changes]
07-02 10:28:10.224 W/ContextImpl( 5705): Calling a method in the system process without a qualified user: android.app.ContextImpl.bindService:1748 android.content.ContextWrapper.bindService:756 com.jio.adc.core.b.d:56 com.jio.adc.core.b.b:13 com.jio.adc.core.b$c.run:7 
07-02 10:28:15.179 I/UsageStatsService( 3799): User[0] Flushing usage stats to disk
07-02 10:28:25.261 I/chatty  ( 3799): uid=1000(system) android.bg identical 1 line
07-02 10:28:35.349 I/UsageStatsService( 3799): User[0] Flushing usage stats to disk
07-02 10:28:40.997 D/ConnectivityService( 3799): requestNetwork for uid/pid:10016/16401 NetworkRequest [ TRACK_DEFAULT id=29, [ Capabilities: INTERNET&NOT_RESTRICTED&TRUSTED Uid: 10016 AdministratorUids: [] RequestorUid: 10016 RequestorPackageName: com.android.app.jio.voiceassist] ]
07-02 10:28:40.998 D/ConnectivityService( 3799): NetReassign [29 : null → 100]
07-02 10:28:43.363 I/ActivityTaskManager( 3799): START u0 {act=com.jio.pod.VOICE_ASSIST flg=0x10000000 cmp=com.android.app.jio.voiceassist/.search.modified.ui.MainActivity (has extras)} from uid 10034
07-02 10:28:43.363 D/ActivityTaskManager( 3799): recent debug: [launchedPkgName] --> com.android.app.jio.voiceassist [callingPackage] --> com.iwedia.ui.rjio.launcher.reliance
07-02 10:28:43.366 V/ActivityTaskManager( 3799): Old State : null Updated state : INITIALIZING Activity : ComponentInfo{com.android.app.jio.voiceassist/com.android.app.jio.voiceassist.search.modified.ui.MainActivity}
07-02 10:28:43.366 V/ActivityTaskManager( 3799): Sending Broadcast : Intent { act=com.jio.remote.action.applaunch flg=0x40000000 pkg=com.jio.remote.btserver (has extras) }
07-02 10:28:45.437 I/UsageStatsService( 3799): User[0] Flushing usage stats to disk
07-02 10:28:47.083 I/ActivityTaskManager( 3799): START u0 {act=android.intent.action.MAIN cat=[android.intent.category.LAUNCHER] flg=0x10000000 pkg=com.jiotv.sonyliv cmp=com.jiotv.sonyliv/com.sonyliv.ui.splash.SplashActivity (has extras)} from uid 10016
07-02 10:28:47.083 D/ActivityTaskManager( 3799): recent debug: [launchedPkgName] --> com.jiotv.sonyliv [callingPackage] --> com.android.app.jio.voiceassist
07-02 10:28:47.096 V/ActivityTaskManager( 3799): Old State : null Updated state : INITIALIZING Activity : ComponentInfo{com.jiotv.sonyliv/com.sonyliv.ui.splash.SplashActivity}
07-02 10:28:47.096 V/ActivityTaskManager( 3799): Sending Broadcast : Intent { act=com.jio.remote.action.applaunch flg=0x40000000 pkg=com.jio.remote.btserver (has extras) }
07-02 10:28:47.106 V/ActivityTaskManager( 3799): Old State : RESUMED Updated state : PAUSING Activity : ComponentInfo{com.android.app.jio.voiceassist/com.android.app.jio.voiceassist.search.modified.ui.MainActivity}
07-02 10:28:47.106 V/ActivityTaskManager( 3799): Sending Broadcast : Intent { act=com.jio.remote.action.applaunch flg=0x40000000 pkg=com.jio.remote.btserver (has extras) }
07-02 10:28:47.119 D/CompatibilityChangeReporter( 3799): Compat change id reported: 135634846; UID 10075; state: DISABLED
07-02 10:28:47.120 D/CompatibilityChangeReporter( 3799): Compat change id reported: 143937733; UID 10075; state: ENABLED
07-02 10:28:47.149 V/ActivityTaskManager( 3799): Old State : PAUSING Updated state : PAUSED Activity : ComponentInfo{com.android.app.jio.voiceassist/com.android.app.jio.voiceassist.search.modified.ui.MainActivity}
07-02 10:28:47.149 V/ActivityTaskManager( 3799): Sending Broadcast : Intent { act=com.jio.remote.action.applaunch flg=0x40000000 pkg=com.jio.remote.btserver (has extras) }
07-02 10:28:47.154 V/ActivityTaskManager( 3799): Old State : PAUSED Updated state : STOPPING Activity : ComponentInfo{com.android.app.jio.voiceassist/com.android.app.jio.voiceassist.search.modified.ui.MainActivity}
07-02 10:28:47.155 V/ActivityTaskManager( 3799): Sending Broadcast : Intent { act=com.jio.remote.action.applaunch flg=0x40000000 pkg=com.jio.remote.btserver (has extras) }
07-02 10:28:47.184 W/ActivityManager( 3799): Slow operation: 68ms so far, now at startProcess: done updating battery stats
07-02 10:28:47.184 W/ActivityManager( 3799): Slow operation: 68ms so far, now at startProcess: building log message
07-02 10:28:47.184 I/ActivityManager( 3799): Start proc 16798:com.jiotv.sonyliv/u0a75 for pre-top-activity {com.jiotv.sonyliv/com.sonyliv.ui.splash.SplashActivity}
07-02 10:28:47.184 W/ActivityManager( 3799): Slow operation: 68ms so far, now at startProcess: starting to update pids map
07-02 10:28:47.185 W/ActivityManager( 3799): Slow operation: 68ms so far, now at startProcess: done updating pids map
07-02 10:28:47.258 V/ActivityTaskManager( 3799): Old State : INITIALIZING Updated state : RESUMED Activity : ComponentInfo{com.jiotv.sonyliv/com.sonyliv.ui.splash.SplashActivity}
07-02 10:28:47.258 V/ActivityTaskManager( 3799): Sending Broadcast : Intent { act=com.jio.remote.action.applaunch flg=0x40000000 pkg=com.jio.remote.btserver (has extras) }
07-02 10:28:48.155 D/ConnectivityService( 3799): NetReassign [no changes]
07-02 10:28:48.229 D/ConnectivityService( 3799): requestNetwork for uid/pid:10075/16798 NetworkRequest [ TRACK_DEFAULT id=31, [ Capabilities: INTERNET&NOT_RESTRICTED&TRUSTED Uid: 10075 AdministratorUids: [] RequestorUid: 10075 RequestorPackageName: com.jiotv.sonyliv] ]
07-02 10:28:48.229 D/ConnectivityService( 3799): NetReassign [31 : null → 100]
07-02 10:28:49.115 V/ActivityTaskManager( 3799): Old State : PAUSED Updated state : STOPPING Activity : ComponentInfo{com.iwedia.ui.rjio.launcher.reliance/com.iwedia.ui.rjio.launcher.ui.intro.IntroActivity}
07-02 10:28:49.115 V/ActivityTaskManager( 3799): Sending Broadcast : Intent { act=com.jio.remote.action.applaunch flg=0x40000000 pkg=com.jio.remote.btserver (has extras) }
07-02 10:28:49.132 V/ActivityTaskManager( 3799): Old State : FINISHING Updated state : DESTROYING Activity : ComponentInfo{com.android.app.jio.voiceassist/com.android.app.jio.voiceassist.search.modified.ui.MainActivity}
07-02 10:28:49.132 V/ActivityTaskManager( 3799): Sending Broadcast : Intent { act=com.jio.remote.action.applaunch flg=0x40000000 pkg=com.jio.remote.btserver (has extras) }
07-02 10:28:49.132 I/ActivityManager( 3799): Killing 6327:com.jio.smartmemorymanager/1000 (adj 975): empty #17
07-02 10:28:49.140 V/ActivityTaskManager( 3799): Old State : STOPPING Updated state : FINISHING Activity : ComponentInfo{com.android.app.jio.voiceassist/com.android.app.jio.voiceassist.search.modified.ui.MainActivity}
07-02 10:28:49.140 V/ActivityTaskManager( 3799): Sending Broadcast : Intent { act=com.jio.remote.action.applaunch flg=0x40000000 pkg=com.jio.remote.btserver (has extras) }
07-02 10:28:49.578 W/Looper  ( 3799): Slow dispatch took 277ms android.ui h=com.android.server.am.ActivityManagerService$UiHandler c=null m=31
07-02 10:28:49.580 W/Looper  ( 3799): Slow delivery took 347ms android.ui h=com.android.server.am.ActivityManagerService$UiHandler c=null m=53
07-02 10:28:49.757 W/Looper  ( 3799): Slow dispatch took 174ms main h=com.android.server.job.JobSchedulerService$JobHandler c=null m=4
07-02 10:28:50.035 D/ConnectivityService( 3799): releasing NetworkRequest [ TRACK_DEFAULT id=29, [ Capabilities: INTERNET&NOT_RESTRICTED&TRUSTED Uid: 10016 AdministratorUids: [] RequestorUid: 10016 RequestorPackageName: com.android.app.jio.voiceassist] ] (release request)
07-02 10:28:50.062 W/ActivityTaskManager( 3799): Finishing task with all activities already finished
07-02 10:28:50.062 W/ActivityTaskManager( 3799): Duplicate finish request for r=ActivityRecord{8e0a11e u0 com.android.app.jio.voiceassist/.search.modified.ui.MainActivity t227 f}}
07-02 10:28:50.078 W/ActivityTaskManager( 3799): Duplicate finish request for r=ActivityRecord{8e0a11e u0 com.android.app.jio.voiceassist/.search.modified.ui.MainActivity t227 f}}
07-02 10:28:50.140 V/ActivityTaskManager( 3799): Old State : STOPPING Updated state : STOPPED Activity : ComponentInfo{com.iwedia.ui.rjio.launcher.reliance/com.iwedia.ui.rjio.launcher.ui.intro.IntroActivity}
07-02 10:28:50.140 V/ActivityTaskManager( 3799): Sending Broadcast : Intent { act=com.jio.remote.action.applaunch flg=0x40000000 pkg=com.jio.remote.btserver (has extras) }
07-02 10:28:50.149 W/Looper  ( 3799): Drained
07-02 10:28:50.209 V/ActivityTaskManager( 3799): Old State : DESTROYING Updated state : DESTROYED Activity : ComponentInfo{com.android.app.jio.voiceassist/com.android.app.jio.voiceassist.search.modified.ui.MainActivity}
07-02 10:28:50.209 V/ActivityTaskManager( 3799): Sending Broadcast : Intent { act=com.jio.remote.action.applaunch flg=0x40000000 pkg=com.jio.remote.btserver (has extras) }
07-02 10:28:50.712 E/TaskPersister( 3799): File error accessing recents directory (directory doesn't exist?).
07-02 10:28:51.103 I/ActivityTaskManager( 3799): START u0 {act=com.jio.pod.VOICE_ASSIST flg=0x10000000 cmp=com.android.app.jio.voiceassist/.search.modified.ui.MainActivity (has extras)} from uid 10034
07-02 10:28:51.103 D/ActivityTaskManager( 3799): recent debug: [launchedPkgName] --> com.android.app.jio.voiceassist [callingPackage] --> com.iwedia.ui.rjio.launcher.reliance
07-02 10:28:51.104 W/ActivityTaskManager( 3799): Background activity start for com.iwedia.ui.rjio.launcher.reliance allowed because SYSTEM_ALERT_WINDOW permission is granted.
07-02 10:28:51.105 V/ActivityTaskManager( 3799): Old State : null Updated state : INITIALIZING Activity : ComponentInfo{com.android.app.jio.voiceassist/com.android.app.jio.voiceassist.search.modified.ui.MainActivity}
07-02 10:28:51.105 V/ActivityTaskManager( 3799): Sending Broadcast : Intent { act=com.jio.remote.action.applaunch flg=0x40000000 pkg=com.jio.remote.btserver (has extras) }
07-02 10:28:51.115 V/ActivityTaskManager( 3799): Old State : RESUMED Updated state : PAUSING Activity : ComponentInfo{com.jiotv.sonyliv/com.sonyliv.ui.splash.SplashActivity}
07-02 10:28:51.115 V/ActivityTaskManager( 3799): Sending Broadcast : Intent { act=com.jio.remote.action.applaunch flg=0x40000000 pkg=com.jio.remote.btserver (has extras) }
07-02 10:28:51.133 W/ActivityTaskManager( 3799): Tried to set launchTime (0) < mLastActivityLaunchTime (1474998)
07-02 10:28:51.134 V/ActivityTaskManager( 3799): Old State : PAUSING Updated state : PAUSED Activity : ComponentInfo{com.jiotv.sonyliv/com.sonyliv.ui.splash.SplashActivity}
07-02 10:28:51.134 V/ActivityTaskManager( 3799): Sending Broadcast : Intent { act=com.jio.remote.action.applaunch flg=0x40000000 pkg=com.jio.remote.btserver (has extras) }
07-02 10:28:51.144 V/ActivityTaskManager( 3799): Old State : INITIALIZING Updated state : RESUMED Activity : ComponentInfo{com.android.app.jio.voiceassist/com.android.app.jio.voiceassist.search.modified.ui.MainActivity}
07-02 10:28:51.144 V/ActivityTaskManager( 3799): Sending Broadcast : Intent { act=com.jio.remote.action.applaunch flg=0x40000000 pkg=com.jio.remote.btserver (has extras) }
07-02 10:28:55.355 I/ActivityTaskManager( 3799): START u0 {act=android.intent.action.MAIN cat=[android.intent.category.LAUNCHER] flg=0x10000000 pkg=com.jiotv.sonyliv cmp=com.jiotv.sonyliv/com.sonyliv.ui.splash.SplashActivity (has extras)} from uid 10016
07-02 10:28:55.355 D/ActivityTaskManager( 3799): recent debug: [launchedPkgName] --> com.jiotv.sonyliv [callingPackage] --> com.android.app.jio.voiceassist
07-02 10:28:55.375 V/ActivityTaskManager( 3799): Old State : RESUMED Updated state : PAUSING Activity : ComponentInfo{com.android.app.jio.voiceassist/com.android.app.jio.voiceassist.search.modified.ui.MainActivity}
07-02 10:28:55.375 V/ActivityTaskManager( 3799): Sending Broadcast : Intent { act=com.jio.remote.action.applaunch flg=0x40000000 pkg=com.jio.remote.btserver (has extras) }
07-02 10:28:55.378 V/ActivityTaskManager( 3799): Old State : null Updated state : INITIALIZING Activity : ComponentInfo{com.jiotv.sonyliv/com.sonyliv.ui.splash.SplashActivity}
07-02 10:28:55.378 V/ActivityTaskManager( 3799): Sending Broadcast : Intent { act=com.jio.remote.action.applaunch flg=0x40000000 pkg=com.jio.remote.btserver (has extras) }
07-02 10:28:55.437 V/ActivityTaskManager( 3799): Old State : PAUSED Updated state : FINISHING Activity : ComponentInfo{com.android.app.jio.voiceassist/com.android.app.jio.voiceassist.search.modified.ui.MainActivity}
07-02 10:28:55.437 V/ActivityTaskManager( 3799): Sending Broadcast : Intent { act=com.jio.remote.action.applaunch flg=0x40000000 pkg=com.jio.remote.btserver (has extras) }
07-02 10:28:55.444 V/ActivityTaskManager( 3799): Old State : PAUSING Updated state : PAUSED Activity : ComponentInfo{com.android.app.jio.voiceassist/com.android.app.jio.voiceassist.search.modified.ui.MainActivity}
07-02 10:28:55.444 V/ActivityTaskManager( 3799): Sending Broadcast : Intent { act=com.jio.remote.action.applaunch flg=0x40000000 pkg=com.jio.remote.btserver (has extras) }
07-02 10:28:55.452 V/ActivityTaskManager( 3799): Old State : PAUSED Updated state : RESUMED Activity : ComponentInfo{com.jiotv.sonyliv/com.sonyliv.ui.splash.SplashActivity}
07-02 10:28:55.452 V/ActivityTaskManager( 3799): Sending Broadcast : Intent { act=com.jio.remote.action.applaunch flg=0x40000000 pkg=com.jio.remote.btserver (has extras) }
07-02 10:28:55.453 V/ActivityTaskManager( 3799): Old State : FINISHING Updated state : DESTROYING Activity : ComponentInfo{com.android.app.jio.voiceassist/com.android.app.jio.voiceassist.search.modified.ui.MainActivity}
07-02 10:28:55.453 V/ActivityTaskManager( 3799): Sending Broadcast : Intent { act=com.jio.remote.action.applaunch flg=0x40000000 pkg=com.jio.remote.btserver (has extras) }
07-02 10:28:55.521 W/ActivityTaskManager( 3799): Duplicate finish request for r=ActivityRecord{7d12e97 u0 com.android.app.jio.voiceassist/.search.modified.ui.MainActivity t229 f}}
07-02 10:28:55.521 I/UsageStatsService( 3799): User[0] Flushing usage stats to disk
07-02 10:28:55.633 V/ActivityTaskManager( 3799): Old State : DESTROYING Updated state : DESTROYED Activity : ComponentInfo{com.android.app.jio.voiceassist/com.android.app.jio.voiceassist.search.modified.ui.MainActivity}
07-02 10:28:55.633 V/ActivityTaskManager( 3799): Sending Broadcast : Intent { act=com.jio.remote.action.applaunch flg=0x40000000 pkg=com.jio.remote.btserver (has extras) }
07-02 10:28:56.997 I/ActivityTaskManager( 3799): START u0 {act=com.jio.pod.VOICE_ASSIST flg=0x10000000 cmp=com.android.app.jio.voiceassist/.search.modified.ui.MainActivity (has extras)} from uid 10034
07-02 10:28:56.997 D/ActivityTaskManager( 3799): recent debug: [launchedPkgName] --> com.android.app.jio.voiceassist [callingPackage] --> com.iwedia.ui.rjio.launcher.reliance
07-02 10:28:56.998 W/ActivityTaskManager( 3799): Background activity start for com.iwedia.ui.rjio.launcher.reliance allowed because SYSTEM_ALERT_WINDOW permission is granted.
07-02 10:28:57.001 V/ActivityTaskManager( 3799): Old State : null Updated state : INITIALIZING Activity : ComponentInfo{com.android.app.jio.voiceassist/com.android.app.jio.voiceassist.search.modified.ui.MainActivity}
07-02 10:28:57.001 V/ActivityTaskManager( 3799): Sending Broadcast : Intent { act=com.jio.remote.action.applaunch flg=0x40000000 pkg=com.jio.remote.btserver (has extras) }
07-02 10:28:57.009 V/ActivityTaskManager( 3799): Old State : RESUMED Updated state : PAUSING Activity : ComponentInfo{com.jiotv.sonyliv/com.sonyliv.ui.splash.SplashActivity}
07-02 10:28:57.009 V/ActivityTaskManager( 3799): Sending Broadcast : Intent { act=com.jio.remote.action.applaunch flg=0x40000000 pkg=com.jio.remote.btserver (has extras) }
07-02 10:28:57.021 W/ActivityTaskManager( 3799): Tried to set launchTime (0) < mLastActivityLaunchTime (1518119)
07-02 10:28:57.027 V/ActivityTaskManager( 3799): Old State : INITIALIZING Updated state : RESUMED Activity : ComponentInfo{com.android.app.jio.voiceassist/com.android.app.jio.voiceassist.search.modified.ui.MainActivity}
07-02 10:28:57.027 V/ActivityTaskManager( 3799): Sending Broadcast : Intent { act=com.jio.remote.action.applaunch flg=0x40000000 pkg=com.jio.remote.btserver (has extras) }
07-02 10:28:57.058 V/ActivityTaskManager( 3799): Old State : PAUSING Updated state : PAUSED Activity : ComponentInfo{com.jiotv.sonyliv/com.sonyliv.ui.splash.SplashActivity}
07-02 10:28:57.059 V/ActivityTaskManager( 3799): Sending Broadcast : Intent { act=com.jio.remote.action.applaunch flg=0x40000000 pkg=com.jio.remote.btserver (has extras) }
07-02 10:28:58.480 E/TaskPersister( 3799): File error accessing recents directory (directory doesn't exist?).
07-02 10:29:00.611 I/ActivityTaskManager( 3799): START u0 {act=android.intent.action.MAIN cat=[android.intent.category.LAUNCHER] flg=0x10000000 pkg=com.jiotv.sonyliv cmp=com.jiotv.sonyliv/com.sonyliv.ui.splash.SplashActivity (has extras)} from uid 10016
07-02 10:29:00.611 D/ActivityTaskManager( 3799): recent debug: [launchedPkgName] --> com.jiotv.sonyliv [callingPackage] --> com.android.app.jio.voiceassist
07-02 10:29:00.613 V/ActivityTaskManager( 3799): Old State : null Updated state : INITIALIZING Activity : ComponentInfo{com.jiotv.sonyliv/com.sonyliv.ui.splash.SplashActivity}
07-02 10:29:00.614 V/ActivityTaskManager( 3799): Sending Broadcast : Intent { act=com.jio.remote.action.applaunch flg=0x40000000 pkg=com.jio.remote.btserver (has extras) }
07-02 10:29:00.615 V/ActivityTaskManager( 3799): Old State : RESUMED Updated state : PAUSING Activity : ComponentInfo{com.android.app.jio.voiceassist/com.android.app.jio.voiceassist.search.modified.ui.MainActivity}
07-02 10:29:00.615 V/ActivityTaskManager( 3799): Sending Broadcast : Intent { act=com.jio.remote.action.applaunch flg=0x40000000 pkg=com.jio.remote.btserver (has extras) }
07-02 10:29:00.639 V/ActivityTaskManager( 3799): Old State : PAUSING Updated state : PAUSED Activity : ComponentInfo{com.android.app.jio.voiceassist/com.android.app.jio.voiceassist.search.modified.ui.MainActivity}
07-02 10:29:00.639 V/ActivityTaskManager( 3799): Sending Broadcast : Intent { act=com.jio.remote.action.applaunch flg=0x40000000 pkg=com.jio.remote.btserver (has extras) }
07-02 10:29:00.641 V/ActivityTaskManager( 3799): Old State : PAUSED Updated state : FINISHING Activity : ComponentInfo{com.android.app.jio.voiceassist/com.android.app.jio.voiceassist.search.modified.ui.MainActivity}
07-02 10:29:00.641 V/ActivityTaskManager( 3799): Sending Broadcast : Intent { act=com.jio.remote.action.applaunch flg=0x40000000 pkg=com.jio.remote.btserver (has extras) }
07-02 10:29:00.642 V/ActivityTaskManager( 3799): Old State : PAUSED Updated state : RESUMED Activity : ComponentInfo{com.jiotv.sonyliv/com.sonyliv.ui.splash.SplashActivity}
07-02 10:29:00.642 V/ActivityTaskManager( 3799): Sending Broadcast : Intent { act=com.jio.remote.action.applaunch flg=0x40000000 pkg=com.jio.remote.btserver (has extras) }
07-02 10:29:00.647 V/ActivityTaskManager( 3799): Old State : FINISHING Updated state : DESTROYING Activity : ComponentInfo{com.android.app.jio.voiceassist/com.android.app.jio.voiceassist.search.modified.ui.MainActivity}
07-02 10:29:00.647 V/ActivityTaskManager( 3799): Sending Broadcast : Intent { act=com.jio.remote.action.applaunch flg=0x40000000 pkg=com.jio.remote.btserver (has extras) }
07-02 10:29:00.741 W/ActivityTaskManager( 3799): Duplicate finish request for r=ActivityRecord{4800ad1 u0 com.android.app.jio.voiceassist/.search.modified.ui.MainActivity t230 f}}
07-02 10:29:00.808 V/ActivityTaskManager( 3799): Old State : DESTROYING Updated state : DESTROYED Activity : ComponentInfo{com.android.app.jio.voiceassist/com.android.app.jio.voiceassist.search.modified.ui.MainActivity}
07-02 10:29:00.808 V/ActivityTaskManager( 3799): Sending Broadcast : Intent { act=com.jio.remote.action.applaunch flg=0x40000000 pkg=com.jio.remote.btserver (has extras) }
07-02 10:29:02.405 I/ActivityTaskManager( 3799): START u0 {act=com.jio.pod.VOICE_ASSIST flg=0x10000000 cmp=com.android.app.jio.voiceassist/.search.modified.ui.MainActivity (has extras)} from uid 10034
