07-02 20:48:31.358 W/[ 8396.252777@3]- RTW(    0): fill_default_txdesc(wlan0): SP Packet(0x0806) rate=0x4 SeqNum = 2050
07-02 20:48:31.618 W/[ 8396.510822@2]- RTW(    0): Turbo EDCA =0x5ea42b
07-02 20:48:33.631 W/[ 8398.526799@1]- RTW(    0): Turbo EDCA =0x431c
07-02 20:48:35.650 W/[ 8400.542911@1]- RTW(    0): Turbo EDCA =0x5ea42b
07-02 20:48:36.357 W/[ 8401.250767@3]- RTW(    0): fill_default_txdesc(wlan0): SP Packet(0x0806) rate=0x4 SeqNum = 2356
07-02 20:48:37.663 W/[ 8402.558877@3]- RTW(    0): Turbo EDCA =0x431c
07-02 20:48:39.682 W/[ 8404.574897@2]- RTW(    0): Turbo EDCA =0x5ea42b
07-02 20:48:39.710 I/        (    0): [ 8404.605677@0]- is_reset=1
07-02 20:48:39.710 I/[ 8404.606126@0]- vframe_rate_uevent(    0): sent uevent FRAME_RATE_HINT=0
07-02 20:48:39.714 I/[ 8404.607562@2]- dim(    0): ch[1]:di_receiver_event_fun,1:_UNREG
07-02 20:48:39.714 E/[ 8404.607601@2]- unreg(    0): v4lvideo
07-02 20:48:39.714 I/[ 8404.607658@3]- dim(    0): unreg:2keep[0], msk:[0x0,0x0]
07-02 20:48:39.726 I/[ 8404.618795@2]- dim(    0): unreg:use[11]ms
07-02 20:48:39.726 D/        (    0): [ 8404.618825@2]- vdec_disable_DMC input->target= 0x0
07-02 20:48:39.726 D/[ 8404.618963@2]- 0(    0): vh264_stop
07-02 20:48:39.726 D/        (    0): [ 8404.620130@2]- vdec_release instance 000000008e47a471, total 1 id = 0
07-02 20:48:39.726 D/        (    0): [ 8404.620327@2]- the clk_vdec_mux    clock off, ref cnt: 0
07-02 20:48:39.726 D/        (    0): [ 8404.620337@2]- the vdec            clock off, ref cnt: 0
07-02 20:48:39.726 D/        (    0): [ 8404.620341@2]- the parser_top      clock off, ref cnt: 1
07-02 20:48:39.726 D/        (    0): [ 8404.620345@2]- the demux           clock off, ref cnt: 1
07-02 20:48:39.726 D/        (    0): [ 8404.620403@2]- the demux           clock on, ref cnt: 2
07-02 20:48:39.726 D/        (    0): [ 8404.620408@2]- the parser_top      clock on, ref cnt: 2
07-02 20:48:39.726 D/        (    0): [ 8404.620415@2]- the vdec            clock on, ref cnt: 1
07-02 20:48:39.726 D/        (    0): [ 8404.620433@2]- the clk_vdec_mux    clock on, ref cnt: 1
07-02 20:48:39.726 D/        (    0): [ 8404.620464@2]- vdec mux clock is 499999992 Hz
07-02 20:48:39.726 D/        (    0): [ 8404.620666@2]- vdec_create instance 000000003cbe7aca, total 1, PM: legacy
07-02 20:48:39.726 D/        (    0): [ 8404.620706@2]- no drmmode
07-02 20:48:39.726 I/        (    0): [ 8404.620741@2]- is_reset=1
07-02 20:48:39.726 I/        (    0): [ 8404.620767@2]- vdec_init, dev_name:ammvdec_h264, vdec_type=VDEC_TYPE_FRAME_BLOCK  id = 0
07-02 20:48:39.726 D/        (    0): [ 8404.621671@2]- ammvdec_h264_mmu_init tvp = 0x0 mmu_enable 0
07-02 20:48:39.726 D/        (    0): [ 8404.621679@2]- decoder_bmmu_box_alloc_box, tvp_flags = 0
07-02 20:48:39.726 D/[ 8404.621697@2]- 0(    0): ammvdec_h264_probe mmu_enable 0 double_write_mode 0x10
07-02 20:48:39.726 D/[ 8404.622847@2]- 0(    0): ammvdec_h264 mem-addr=0,buff_offset=57200000,buf_start=571f0000
07-02 20:48:39.726 D/        (    0): [ 8404.622889@2]- vdec mux clock is 666666656 Hz
07-02 20:48:39.726 D/        (    0): [ 8404.622894@2]- vdec1 video changed to 3840 x 2160 60 fps clk->667MHZ
07-02 20:48:39.727 W/        (    0): [ 8404.622900@2]- H264 sysinfo: 1280x720 duration=4000, pts_outside=1
07-02 20:48:39.727 D/        (    0): [ 8404.622904@2]- sync_outside=0, use_idr_framerate=0, is_used_v4l: 0
07-02 20:48:39.727 I/        (    0): [ 8404.622970@2]- [TEE], the fw (h264_multi) will be loaded.
07-02 20:48:39.727 D/        (    0): [ 8404.623136@2]- vh264_init, phy_addr=7446e000 vaddr=00000000252e5c71
07-02 20:48:39.727 D/        (    0): [ 8404.623465@3]- vfm map vdec-map-0 created
07-02 20:48:39.727 I/[ 8404.623485@3]- dim(    0): ch[1]:di_receiver_event_fun,8:_REG
07-02 20:48:39.727 I/[ 8404.623490@3]- dim(    0): reg:vdec.h264.00[215]
07-02 20:48:39.727 I/[ 8404.623638@3]- dim(    0): reg:use[0]ms
07-02 20:48:39.727 E/[ 8404.623656@3]- reg(    0): v4lvideo
07-02 20:48:39.727 I/[ 8404.623662@3]- dim(    0): ch[1]:di_receiver_event_fun,3:_START
07-02 20:48:39.727 D/        (    0): [ 8404.623667@3]- vdec_init, vf_provider_name = vdec.h264.00, b 0
07-02 20:48:39.732 I/        (    0): [ 8404.625931@3]- vdec->port_flag=0x102, port_flag=0x10b
07-02 20:48:39.732 I/        (    0): [ 8404.626038@3]- is_reset=0
07-02 20:48:39.754 I/        (    0): [ 8404.650043@2]- is_reset=1
07-02 20:48:39.766 I/[ 8404.650295@2]- vframe_rate_uevent(    0): sent uevent FRAME_RATE_HINT=0
07-02 20:48:39.766 I/[ 8404.650339@2]- dim(    0): ch[1]:di_receiver_event_fun,1:_UNREG
07-02 20:48:39.766 E/[ 8404.650351@2]- unreg(    0): v4lvideo
07-02 20:48:39.769 I/[ 8404.650939@3]- dim(    0): unreg:use[0]ms
07-02 20:48:39.769 D/        (    0): [ 8404.650969@3]- vdec_disable_DMC input->target= 0x0
07-02 20:48:39.769 D/[ 8404.651121@3]- 0(    0): vh264_stop
07-02 20:48:39.769 D/        (    0): [ 8404.651625@3]- vdec_release instance 000000003cbe7aca, total 1 id = 0
07-02 20:48:39.769 D/        (    0): [ 8404.651804@3]- the clk_vdec_mux    clock off, ref cnt: 0
07-02 20:48:39.769 D/        (    0): [ 8404.651814@3]- the vdec            clock off, ref cnt: 0
07-02 20:48:39.769 D/        (    0): [ 8404.651818@3]- the parser_top      clock off, ref cnt: 1
07-02 20:48:39.769 D/        (    0): [ 8404.651822@3]- the demux           clock off, ref cnt: 1
07-02 20:48:39.769 D/        (    0): [ 8404.651890@3]- the demux           clock on, ref cnt: 2
07-02 20:48:39.769 D/        (    0): [ 8404.651895@3]- the parser_top      clock on, ref cnt: 2
07-02 20:48:39.769 D/        (    0): [ 8404.651902@3]- the vdec            clock on, ref cnt: 1
07-02 20:48:39.769 D/        (    0): [ 8404.651920@3]- the clk_vdec_mux    clock on, ref cnt: 1
07-02 20:48:39.769 D/        (    0): [ 8404.651954@3]- vdec mux clock is 499999992 Hz
07-02 20:48:39.769 D/        (    0): [ 8404.652138@3]- vdec_create instance 00000000d5376a8c, total 1, PM: legacy
07-02 20:48:39.769 D/        (    0): [ 8404.652182@3]- no drmmode
07-02 20:48:39.769 I/        (    0): [ 8404.652214@3]- is_reset=1
07-02 20:48:39.769 I/        (    0): [ 8404.652241@3]- vdec_init, dev_name:ammvdec_h264, vdec_type=VDEC_TYPE_FRAME_BLOCK  id = 0
07-02 20:48:39.769 D/        (    0): [ 8404.652997@3]- ammvdec_h264_mmu_init tvp = 0x0 mmu_enable 0
07-02 20:48:39.769 D/        (    0): [ 8404.653004@3]- decoder_bmmu_box_alloc_box, tvp_flags = 0
07-02 20:48:39.769 D/[ 8404.653023@3]- 0(    0): ammvdec_h264_probe mmu_enable 0 double_write_mode 0x10
07-02 20:48:39.769 D/[ 8404.654025@3]- 0(    0): ammvdec_h264 mem-addr=0,buff_offset=57200000,buf_start=571f0000
07-02 20:48:39.769 D/        (    0): [ 8404.654067@3]- vdec mux clock is 666666656 Hz
07-02 20:48:39.769 D/        (    0): [ 8404.654072@3]- vdec1 video changed to 3840 x 2160 60 fps clk->667MHZ
07-02 20:48:39.769 W/        (    0): [ 8404.654078@3]- H264 sysinfo: 1280x720 duration=4000, pts_outside=1
07-02 20:48:39.769 D/        (    0): [ 8404.654081@3]- sync_outside=0, use_idr_framerate=0, is_used_v4l: 0
07-02 20:48:39.769 I/        (    0): [ 8404.654149@3]- [TEE], the fw (h264_multi) will be loaded.
07-02 20:48:39.769 D/        (    0): [ 8404.654584@1]- vh264_init, phy_addr=7446e000 vaddr=00000000e011eaa4
07-02 20:48:39.769 D/        (    0): [ 8404.654905@1]- vfm map vdec-map-0 created
07-02 20:48:39.769 I/[ 8404.654926@1]- dim(    0): ch[1]:di_receiver_event_fun,8:_REG
07-02 20:48:39.769 I/[ 8404.654932@1]- dim(    0): reg:vdec.h264.00[216]
07-02 20:48:39.769 I/[ 8404.655482@2]- dim(    0): reg:use[1]ms
07-02 20:48:39.769 E/[ 8404.655508@2]- reg(    0): v4lvideo
07-02 20:48:39.769 I/[ 8404.655516@2]- dim(    0): ch[1]:di_receiver_event_fun,3:_START
07-02 20:48:39.770 D/        (    0): [ 8404.655522@2]- vdec_init, vf_provider_name = vdec.h264.00, b 0
07-02 20:48:39.778 I/        (    0): [ 8404.657898@2]- vdec->port_flag=0x102, port_flag=0x10b
07-02 20:48:39.778 I/        (    0): [ 8404.658001@2]- is_reset=0
07-02 20:48:40.106 D/[ 8404.999008@0]- 0(    0): AV_SCRATCH_1 = 840e1050, AV_SCRATCH_2 ffa077
07-02 20:48:40.106 D/[ 8404.999083@0]- 0(    0): chroma_format_idc = 1 frame_mbs_only_flag 1, crop_bottom 0,  frame_height 720,
07-02 20:48:40.106 D/[ 8404.999088@0]- 0(    0): mb_height 45,crop_right 0, frame_width 1280, mb_width 80
07-02 20:48:40.106 D/[ 8404.999094@0]- 0(    0): level_idc = 31 pic_size = 1382400 size = 5
07-02 20:48:40.106 D/[ 8404.999099@0]- 0(    0): Warning: max_dec_frame_buffering(4) is less than DPB size(5) calculated from Profile/Level.
07-02 20:48:40.106 D/[ 8404.999104@0]- 0(    0): mb height/widht/total: 30/50/f00 level_idc 1f max_ref_num 4
07-02 20:48:40.106 D/[ 8404.999109@0]- 0(    0): restriction_flag=1, max_dec_frame_buffering=4, dec_dpb_size=6 num_reorder_frames 3 used_reorder_dpb_size_margin 9
07-02 20:48:40.106 D/[ 8404.999115@0]- 0(    0): vh264_set_params active_buf_spec_num 15 dec_dpb_size 6 collocate_buf_num 8
07-02 20:48:40.130 D/[ 8405.023832@2]- 0(    0): num_ref_frames change from 0 to 4
07-02 20:48:40.134 I/[ 8405.027280@3]- dim(    0): value reg:ch[1]:fix_buf:0;ponly <0,0>
07-02 20:48:40.134 I/[ 8405.027293@3]- dim(    0): 1280x720-0x9000.
07-02 20:48:40.134 I/[ 8405.028044@0]- v4lvideo(    0): provider name: vdec.h264.00
07-02 20:48:40.150 D/        (    0): [ 8405.046015@2]- cal_dur_from_pts vstatus 4000 dur3749 -> 3998, revised 4000
07-02 20:48:40.150 I/[ 8405.046242@2]- vframe_rate_uevent(    0): sent uevent FRAME_RATE_HINT=4000
07-02 20:48:41.446 W/[ 8406.341350@2]- RTW(    0): fill_default_txdesc(wlan0): SP Packet(0x0806) rate=0x4 SeqNum = 831
07-02 20:48:41.698 W/[ 8406.591138@1]- RTW(    0): Turbo EDCA =0x431c
07-02 20:48:44.758 W/[ 8409.654331@1]- healthd(    0): battery l=100 v=4 t=0.0 h=2 st=2 c=1100 fc=10000000 chg=u
07-02 20:48:46.618 W/[ 8411.510902@3]- RTW(    0): fill_default_txdesc(wlan0): SP Packet(0x0806) rate=0x4 SeqNum = 1174
07-02 20:48:49.374 W/[ 8414.270536@3]- RTW(    0): fill_default_txdesc(wlan0): SP Packet(0x0806) rate=0x4 SeqNum = 1290
07-02 20:48:51.706 W/[ 8416.600267@1]- RTW(    0): fill_default_txdesc(wlan0): SP Packet(0x0806) rate=0x4 SeqNum = 1465
07-02 20:48:53.794 W/[ 8418.686904@2]- RTW(    0): Turbo EDCA =0x5ea42b
07-02 20:48:55.810 W/[ 8420.704498@3]- RTW(    0): Turbo EDCA =0x431c
07-02 20:48:56.777 W/[ 8421.672289@1]- RTW(    0): fill_default_txdesc(wlan0): SP Packet(0x0806) rate=0x4 SeqNum = 1811
07-02 20:48:59.846 W/[ 8424.738932@1]- RTW(    0): Turbo EDCA =0x5ea42b
07-02 20:49:01.858 W/[ 8426.750783@3]- RTW(    0): Turbo EDCA =0x431c
07-02 20:49:01.878 W/[ 8426.771186@3]- RTW(    0): fill_default_txdesc(wlan0): SP Packet(0x0806) rate=0x4 SeqNum = 2217
07-02 20:49:03.874 W/[ 8428.767952@1]- RTW(    0): Turbo EDCA =0x5ea42b
07-02 20:49:05.890 W/[ 8430.782997@1]- RTW(    0): Turbo EDCA =0x431c
07-02 20:49:06.938 W/[ 8431.832288@3]- RTW(    0): fill_default_txdesc(wlan0): SP Packet(0x0806) rate=0x4 SeqNum = 2533
07-02 20:49:07.906 W/[ 8432.798747@1]- RTW(    0): Turbo EDCA =0x5ea42b
07-02 20:49:09.922 W/[ 8434.815213@2]- RTW(    0): Turbo EDCA =0x431c
07-02 20:48:53.130 I/chatty  ( 3846): uid=1000(system) android.bg identical 4 lines
07-02 20:49:03.227 I/UsageStatsService( 3846): User[0] Flushing usage stats to disk
07-02 20:49:09.947 D/AutofillManagerService( 3846): onBackKeyPressed()
07-02 20:49:09.998 I/        (    0): [ 8434.894327@2]- is_reset=1
07-02 20:49:10.001 I/[ 8434.894950@2]- vframe_rate_uevent(    0): sent uevent FRAME_RATE_HINT=0
07-02 20:49:10.001 I/[ 8434.897250@2]- dim(    0): ch[1]:di_receiver_event_fun,1:_UNREG
07-02 20:49:10.001 E/[ 8434.897295@2]- unreg(    0): v4lvideo
07-02 20:49:10.001 I/[ 8434.897366@0]- dim(    0): unreg:2keep[0], msk:[0x0,0x0]
07-02 20:49:10.014 I/[ 8434.908768@0]- dim(    0): unreg:use[11]ms
07-02 20:49:10.015 D/        (    0): [ 8434.908802@0]- vdec_disable_DMC input->target= 0x0
07-02 20:49:10.015 D/[ 8434.908924@0]- 0(    0): vh264_stop
07-02 20:49:10.019 D/        (    0): [ 8434.911557@0]- vdec_release instance 00000000d5376a8c, total 1 id = 0
07-02 20:49:10.019 D/        (    0): [ 8434.911757@0]- the clk_vdec_mux    clock off, ref cnt: 0
07-02 20:49:10.019 D/        (    0): [ 8434.911767@0]- the vdec            clock off, ref cnt: 0
07-02 20:49:10.019 D/        (    0): [ 8434.911771@0]- the parser_top      clock off, ref cnt: 1
07-02 20:49:10.019 D/        (    0): [ 8434.911775@0]- the demux           clock off, ref cnt: 1
07-02 20:49:10.019 D/        (    0): [ 8434.911883@0]- the demux           clock on, ref cnt: 2
07-02 20:49:10.019 D/        (    0): [ 8434.911889@0]- the parser_top      clock on, ref cnt: 2
07-02 20:49:10.019 D/        (    0): [ 8434.911896@0]- the vdec            clock on, ref cnt: 1
07-02 20:49:10.019 D/        (    0): [ 8434.911916@0]- the clk_vdec_mux    clock on, ref cnt: 1
07-02 20:49:10.019 D/        (    0): [ 8434.911948@0]- vdec mux clock is 499999992 Hz
07-02 20:49:10.019 D/        (    0): [ 8434.912032@0]- vdec_create instance 00000000e758504e, total 1, PM: legacy
07-02 20:49:10.019 D/        (    0): [ 8434.912071@0]- no drmmode
07-02 20:49:10.019 I/        (    0): [ 8434.912133@0]- is_reset=1
07-02 20:49:10.019 I/        (    0): [ 8434.912160@0]- vdec_init, dev_name:ammvdec_h264, vdec_type=VDEC_TYPE_FRAME_BLOCK  id = 0
07-02 20:49:10.019 D/        (    0): [ 8434.913518@0]- ammvdec_h264_mmu_init tvp = 0x0 mmu_enable 0
07-02 20:49:10.019 D/        (    0): [ 8434.913525@0]- decoder_bmmu_box_alloc_box, tvp_flags = 0
07-02 20:49:10.019 D/[ 8434.913544@0]- 0(    0): ammvdec_h264_probe mmu_enable 0 double_write_mode 0x10
07-02 20:49:10.019 D/[ 8434.914687@3]- 0(    0): ammvdec_h264 mem-addr=0,buff_offset=57200000,buf_start=571f0000
07-02 20:49:10.019 D/        (    0): [ 8434.914730@3]- vdec mux clock is 666666656 Hz
07-02 20:49:10.019 D/        (    0): [ 8434.914734@3]- vdec1 video changed to 3840 x 2160 60 fps clk->667MHZ
07-02 20:49:10.019 W/        (    0): [ 8434.914740@3]- H264 sysinfo: 1280x720 duration=4000, pts_outside=1
07-02 20:49:10.019 D/        (    0): [ 8434.914744@3]- sync_outside=0, use_idr_framerate=0, is_used_v4l: 0
07-02 20:49:10.019 I/        (    0): [ 8434.914812@3]- [TEE], the fw (h264_multi) will be loaded.
07-02 20:49:10.022 D/        (    0): [ 8434.917649@0]- vh264_init, phy_addr=7446e000 vaddr=00000000466be568
07-02 20:49:10.022 D/        (    0): [ 8434.918519@1]- vfm map vdec-map-0 created
07-02 20:49:10.022 I/[ 8434.918542@1]- dim(    0): ch[1]:di_receiver_event_fun,8:_REG
07-02 20:49:10.022 I/[ 8434.918548@1]- dim(    0): reg:vdec.h264.00[217]
07-02 20:49:10.022 I/[ 8434.918621@1]- dim(    0): reg:use[0]ms
07-02 20:49:10.022 E/[ 8434.918637@1]- reg(    0): v4lvideo
07-02 20:49:10.022 I/[ 8434.918644@1]- dim(    0): ch[1]:di_receiver_event_fun,3:_START
07-02 20:49:10.022 D/        (    0): [ 8434.918648@1]- vdec_init, vf_provider_name = vdec.h264.00, b 0
07-02 20:49:10.028 I/        (    0): [ 8434.922001@0]- vdec->port_flag=0x102, port_flag=0x10b
07-02 20:49:10.029 I/        (    0): [ 8434.922123@0]- is_reset=0
07-02 20:49:10.045 I/        (    0): [ 8434.940646@1]- is_reset=1
07-02 20:49:10.045 I/[ 8434.941242@1]- vframe_rate_uevent(    0): sent uevent FRAME_RATE_HINT=0
07-02 20:49:10.046 I/[ 8434.942392@1]- dim(    0): ch[1]:di_receiver_event_fun,1:_UNREG
07-02 20:49:10.054 E/[ 8434.942407@1]- unreg(    0): v4lvideo
07-02 20:49:10.057 I/[ 8434.943000@3]- dim(    0): unreg:use[0]ms
07-02 20:49:10.057 D/        (    0): [ 8434.943094@3]- vdec_disable_DMC input->target= 0x0
07-02 20:49:10.057 D/[ 8434.943210@3]- 0(    0): vh264_stop
07-02 20:49:10.057 D/        (    0): [ 8434.943677@3]- vdec_release instance 00000000e758504e, total 1 id = 0
07-02 20:49:10.057 D/        (    0): [ 8434.943859@3]- the clk_vdec_mux    clock off, ref cnt: 0
07-02 20:49:10.058 D/        (    0): [ 8434.943870@3]- the vdec            clock off, ref cnt: 0
07-02 20:49:10.058 D/        (    0): [ 8434.943874@3]- the parser_top      clock off, ref cnt: 1
07-02 20:49:10.058 D/        (    0): [ 8434.943878@3]- the demux           clock off, ref cnt: 1
07-02 20:49:10.058 D/        (    0): [ 8434.943930@3]- the demux           clock on, ref cnt: 2
07-02 20:49:10.058 D/        (    0): [ 8434.943935@3]- the parser_top      clock on, ref cnt: 2
07-02 20:49:10.058 D/        (    0): [ 8434.943941@3]- the vdec            clock on, ref cnt: 1
07-02 20:49:10.058 D/        (    0): [ 8434.943960@3]- the clk_vdec_mux    clock on, ref cnt: 1
07-02 20:49:10.058 D/        (    0): [ 8434.943994@3]- vdec mux clock is 499999992 Hz
07-02 20:49:10.058 D/        (    0): [ 8434.944070@3]- vdec_create instance 00000000c116df66, total 1, PM: legacy
07-02 20:49:10.058 D/        (    0): [ 8434.944105@3]- no drmmode
07-02 20:49:10.058 I/        (    0): [ 8434.944127@3]- is_reset=1
07-02 20:49:10.058 I/        (    0): [ 8434.944153@3]- vdec_init, dev_name:ammvdec_h264, vdec_type=VDEC_TYPE_FRAME_BLOCK  id = 0
07-02 20:49:10.058 D/        (    0): [ 8434.944888@3]- ammvdec_h264_mmu_init tvp = 0x0 mmu_enable 0
07-02 20:49:10.058 D/        (    0): [ 8434.944895@3]- decoder_bmmu_box_alloc_box, tvp_flags = 0
07-02 20:49:10.058 D/[ 8434.944915@3]- 0(    0): ammvdec_h264_probe mmu_enable 0 double_write_mode 0x10
07-02 20:49:10.067 D/[ 8434.946083@3]- 0(    0): ammvdec_h264 mem-addr=0,buff_offset=57200000,buf_start=571f0000
07-02 20:49:10.067 D/        (    0): [ 8434.946126@3]- vdec mux clock is 666666656 Hz
07-02 20:49:10.067 D/        (    0): [ 8434.946131@3]- vdec1 video changed to 3840 x 2160 60 fps clk->667MHZ
07-02 20:49:10.067 W/        (    0): [ 8434.946138@3]- H264 sysinfo: 1280x720 duration=4000, pts_outside=1
07-02 20:49:10.067 D/        (    0): [ 8434.946141@3]- sync_outside=0, use_idr_framerate=0, is_used_v4l: 0
07-02 20:49:10.067 I/        (    0): [ 8434.946203@3]- [TEE], the fw (h264_multi) will be loaded.
07-02 20:49:10.067 D/        (    0): [ 8434.946523@3]- vh264_init, phy_addr=7446e000 vaddr=00000000bdb289d7
07-02 20:49:10.067 D/        (    0): [ 8434.946951@3]- vfm map vdec-map-0 created
07-02 20:49:10.068 I/[ 8434.946974@3]- dim(    0): ch[1]:di_receiver_event_fun,8:_REG
07-02 20:49:10.068 I/[ 8434.946980@3]- dim(    0): reg:vdec.h264.00[218]
07-02 20:49:10.068 I/[ 8434.947525@2]- dim(    0): reg:use[1]ms
07-02 20:49:10.068 E/[ 8434.947550@2]- reg(    0): v4lvideo
07-02 20:49:10.068 I/[ 8434.947559@2]- dim(    0): ch[1]:di_receiver_event_fun,3:_START
07-02 20:49:10.068 D/        (    0): [ 8434.947564@2]- vdec_init, vf_provider_name = vdec.h264.00, b 0
07-02 20:49:10.068 I/        (    0): [ 8434.951237@2]- vdec->port_flag=0x102, port_flag=0x10b
07-02 20:49:10.068 I/        (    0): [ 8434.951346@2]- is_reset=0
07-02 20:49:10.068 I/[ 8434.959094@0]- vframe_rate_uevent(    0): sent uevent FRAME_RATE_HINT=0
07-02 20:49:10.068 I/[ 8434.959349@0]- dim(    0): ch[1]:di_receiver_event_fun,1:_UNREG
07-02 20:49:10.068 E/[ 8434.959363@0]- unreg(    0): v4lvideo
07-02 20:49:10.068 I/[ 8434.959432@0]- dim(    0): unreg:use[0]ms
07-02 20:49:10.068 D/        (    0): [ 8434.959452@0]- vdec_disable_DMC input->target= 0x0
07-02 20:49:10.068 D/[ 8434.959572@0]- 0(    0): vh264_stop
07-02 20:49:10.068 D/        (    0): [ 8434.960141@0]- vdec_release instance 00000000c116df66, total 1 id = 0
07-02 20:49:10.068 D/        (    0): [ 8434.960323@0]- the clk_vdec_mux    clock off, ref cnt: 0
07-02 20:49:10.068 D/        (    0): [ 8434.960333@0]- the vdec            clock off, ref cnt: 0
07-02 20:49:10.068 D/        (    0): [ 8434.960337@0]- the parser_top      clock off, ref cnt: 1
07-02 20:49:10.068 D/        (    0): [ 8434.960340@0]- the demux           clock off, ref cnt: 1
07-02 20:49:10.068 D/        (    0): [ 8434.960369@0]d v4lvideo_release_map 0 OK
07-02 20:49:10.068 D/[ 8434.960486@0]- v4lvid(    0): dbg: vidioc_close!!!!
07-02 20:49:10.068 I/[ 8434.961695@0]- resman(    0): 137 release [codec_mm]
07-02 20:49:10.243 D/INSETS  ( 3846): else - Package Name ::  left : 0 right :: 0 top :: 0 bottom :: 0 dfu-right :: 1920 dfu-bottom :: 1080
07-02 20:49:10.274 I/[ 8435.167889@0]- vc(    0): [0]vc: set enable index=0, val=0
07-02 20:49:10.274 I/[ 8435.167912@0]- VID(    0): store VD0 path_id changed 2->-1
07-02 20:49:10.274 I/        (    0): [ 8435.167917@0]- dev->index =0, val=1
07-02 20:49:10.274 I/[ 8435.167921@0]- VID(    0): VD1 off
07-02 20:49:10.274 I/[ 8435.167927@0]- VID(    0): VD1 set global output as 0
07-02 20:49:10.274 I/        (    0): [ 8435.167944@0]- common_vf_unreg_provider video_render.0: vd1 used: true, vd2 used: false, black_out:0, cur_buf:000000004ba1dfee
07-02 20:49:10.427 D/INSETS  ( 3846): else - Package Name ::  left : 0 right :: 0 top :: 0 bottom :: 0 dfu-right :: 1920 dfu-bottom :: 1080
07-02 20:49:11.495 D/AutofillManagerService( 3846): onBackKeyPressed()
07-02 20:49:11.938 W/[ 8436.830790@2]- RTW(    0): Turbo EDCA =0x5ea42b
07-02 20:49:11.996 W/[ 8436.890683@3]- RTW(    0): fill_default_txdesc(wlan0): SP Packet(0x0806) rate=0x4 SeqNum = 3148
07-02 20:49:12.710 D/InputMethodManagerService( 3846): Top Package Name: in.startv.hotstar
07-02 20:49:12.714 W/ContextImpl( 3846): Calling a method in the system process without a qualified user: android.app.ContextImpl.sendBroadcast:1111 com.android.server.inputmethod.InputMethodManagerService.sendSoftInputVisibilityBroadcast:3258 com.android.server.inputmethod.InputMethodManagerService.showCurrentInputLocked:3231 com.android.server.inputmethod.InputMethodManagerService.showSoftInput:3153 com.android.internal.view.IInputMethodManager$Stub.onTransact:304 
07-02 20:49:12.715 D/InputMethodManagerService( 3846): Top Package Name: in.startv.hotstar
07-02 20:49:12.716 W/ContextImpl( 3846): Calling a method in the system process without a qualified user: android.app.ContextImpl.sendBroadcast:1111 com.android.server.inputmethod.InputMethodManagerService.sendSoftInputVisibilityBroadcast:3258 com.android.server.inputmethod.InputMethodManagerService.showCurrentInputLocked:3231 com.android.server.inputmethod.InputMethodManagerService.showMySoftInput:4198 com.android.server.inputmethod.InputMethodManagerService.access$4100:189 
07-02 20:49:12.719 W/ContextImpl( 3846): Calling a method in the system process without a qualified user: android.app.ContextImpl.sendBroadcast:1111 com.android.server.inputmethod.InputMethodManagerService.sendSoftInputVisibilityBroadcast:3258 com.android.server.inputmethod.InputMethodManagerService.hideCurrentInputLocked:3330 com.android.server.inputmethod.InputMethodManagerService.hideMySoftInput:4180 com.android.server.inputmethod.InputMethodManagerService.access$4000:189 
07-02 20:49:12.744 D/INSETS  ( 3846): else - Package Name ::  left : 0 right :: 0 top :: 0 bottom :: 0 dfu-right :: 1920 dfu-bottom :: 1080
07-02 20:49:12.746 I/chatty  ( 3846): uid=1000(system) Binder:3846_C identical 2 lines
07-02 20:49:12.747 D/INSETS  ( 3846): else - Package Name ::  left : 0 right :: 0 top :: 0 bottom :: 0 dfu-right :: 1920 dfu-bottom :: 1080
07-02 20:49:12.750 D/InputMethodManagerService( 3846): Top Package Name: in.startv.hotstar
07-02 20:49:12.752 W/ContextImpl( 3846): Calling a method in the system process without a qualified user: android.app.ContextImpl.sendBroadcast:1111 com.android.server.inputmethod.InputMethodManagerService.sendSoftInputVisibilityBroadcast:3258 com.android.server.inputmethod.InputMethodManagerService.showCurrentInputLocked:3231 com.android.server.inputmethod.InputMethodManagerService.showMySoftInput:4198 com.android.server.inputmethod.InputMethodManagerService.access$4100:189 
07-02 20:49:12.774 D/INSETS  ( 3846): else - Package Name ::  left : 0 right :: 0 top :: 0 bottom :: 0 dfu-right :: 1920 dfu-bottom :: 1080
07-02 20:49:12.778 I/chatty  ( 3846): uid=1000(system) android.anim identical 2 lines
07-02 20:49:12.778 D/INSETS  ( 3846): else - Package Name ::  left : 0 right :: 0 top :: 0 bottom :: 0 dfu-right :: 1920 dfu-bottom :: 1080
07-02 20:49:12.790 D/INSETS  ( 3846): else - Package Name ::  left : 0 right :: 0 top :: 0 bottom :: 0 dfu-right :: 1920 dfu-bottom :: 1080
07-02 20:49:12.790 D/INSETS  ( 3846): else - Package Name ::  left : 0 right :: 0 top :: 0 bottom :: 0 dfu-right :: 1920 dfu-bottom :: 1080
07-02 20:49:12.802 D/InputMethodManagerService( 3846): Top Package Name: in.startv.hotstar
07-02 20:49:12.803 W/ContextImpl( 3846): Calling a method in the system process without a qualified user: android.app.ContextImpl.sendBroadcast:1111 com.android.server.inputmethod.InputMethodManagerService.sendSoftInputVisibilityBroadcast:3258 com.android.server.inputmethod.InputMethodManagerService.showCurrentInputLocked:3231 com.android.server.inputmethod.InputMethodManagerService.showMySoftInput:4198 com.android.server.inputmethod.InputMethodManagerService.access$4100:189 
07-02 20:49:12.855 D/INSETS  ( 3846): else - Package Name ::  left : 0 right :: 0 top :: 0 bottom :: 0 dfu-right :: 1920 dfu-bottom :: 1080
07-02 20:49:12.896 I/chatty  ( 3846): uid=1000(system) Binder:3846_9 identical 3 lines
07-02 20:49:12.896 D/INSETS  ( 3846): else - Package Name ::  left : 0 right :: 0 top :: 0 bottom :: 0 dfu-right :: 1920 dfu-bottom :: 1080
07-02 20:49:12.909 D/INSETS  ( 3846): else - Package Name ::  left : 0 right :: 0 top :: 0 bottom :: 0 dfu-right :: 1920 dfu-bottom :: 1080
07-02 20:49:12.910 I/chatty  ( 3846): uid=1000(system) android.anim identical 1 line
07-02 20:49:12.910 D/INSETS  ( 3846): else - Package Name ::  left : 0 right :: 0 top :: 0 bottom :: 0 dfu-right :: 1920 dfu-bottom :: 1080
07-02 20:49:12.912 D/InputMethodManagerService( 3846): Top Package Name: in.startv.hotstar
07-02 20:49:12.912 W/ContextImpl( 3846): Calling a method in the system process without a qualified user: android.app.ContextImpl.sendBroadcast:1111 com.android.server.inputmethod.InputMethodManagerService.sendSoftInputVisibilityBroadcast:3258 com.android.server.inputmethod.InputMethodManagerService.showCurrentInputLocked:3231 com.android.server.inputmethod.InputMethodManagerService.showMySoftInput:4198 com.android.server.inputmethod.InputMethodManagerService.access$4100:189 
07-02 20:49:12.916 D/InputMethodManagerService( 3846): Top Package Name: in.startv.hotstar
07-02 20:49:12.916 W/ContextImpl( 3846): Calling a method in the system process without a qualified user: android.app.ContextImpl.sendBroadcast:1111 com.android.server.inputmethod.InputMethodManagerService.sendSoftInputVisibilityBroadcast:3258 com.android.server.inputmethod.InputMethodManagerService.showCurrentInputLocked:3231 com.android.server.inputmethod.InputMethodManagerService.showMySoftInput:4198 com.android.server.inputmethod.InputMethodManagerService.access$4100:189 
07-02 20:49:12.924 D/INSETS  ( 3846): else - Package Name ::  left : 0 right :: 0 top :: 0 bottom :: 0 dfu-right :: 1920 dfu-bottom :: 1080
07-02 20:49:12.930 I/chatty  ( 3846): uid=1000(system) android.display identical 4 lines
07-02 20:49:12.931 D/INSETS  ( 3846): else - Package Name ::  left : 0 right :: 0 top :: 0 bottom :: 0 dfu-right :: 1920 dfu-bottom :: 1080
07-02 20:49:12.949 W/NotificationHistory( 3846): Attempted to add notif for locked/gone/disabled user 0
07-02 20:49:12.967 D/INSETS  ( 3846): else - Package Name ::  left : 0 right :: 0 top :: 0 bottom :: 0 dfu-right :: 1920 dfu-bottom :: 1080
07-02 20:49:12.967 I/chatty  ( 3846): uid=1000(system) Binder:3846_9 identical 1 line
07-02 20:49:12.968 D/INSETS  ( 3846): else - Package Name ::  left : 0 right :: 0 top :: 0 bottom :: 0 dfu-right :: 1920 dfu-bottom :: 1080
07-02 20:49:13.124 W/NotificationHistory( 3846): Attempted to add notif for locked/gone/disabled user 0
07-02 20:49:13.316 I/UsageStatsService( 3846): User[0] Flushing usage stats to disk
07-02 20:49:13.670 D/InputMethodManagerService( 3846): Top Package Name: in.startv.hotstar
07-02 20:49:13.670 W/ContextImpl( 3846): Calling a method in the system process without a qualified user: android.app.ContextImpl.sendBroadcast:1111 com.android.server.inputmethod.InputMethodManagerService.sendSoftInputVisibilityBroadcast:3258 com.android.server.inputmethod.InputMethodManagerService.showCurrentInputLocked:3231 com.android.server.inputmethod.InputMethodManagerService.attachNewInputLocked:2397 com.android.server.inputmethod.InputMethodManagerService.startInputUncheckedLocked:2503 
07-02 20:49:13.673 D/InputMethodManagerService( 3846): Top Package Name: in.startv.hotstar
07-02 20:49:13.673 W/ContextImpl( 3846): Calling a method in the system process without a qualified user: android.app.ContextImpl.sendBroadcast:1111 com.android.server.inputmethod.InputMethodManagerService.sendSoftInputVisibilityBroadcast:3258 com.android.server.inputmethod.InputMethodManagerService.showCurrentInputLocked:3231 com.android.server.inputmethod.InputMethodManagerService.showMySoftInput:4198 com.android.server.inputmethod.InputMethodManagerService.access$4100:189 
07-02 20:49:13.683 D/INSETS  ( 3846): else - Package Name ::  left : 0 right :: 0 top :: 0 bottom :: 0 dfu-right :: 1920 dfu-bottom :: 1080
07-02 20:49:13.683 I/chatty  ( 3846): uid=1000(system) Binder:3846_5 identical 1 line
07-02 20:49:13.684 D/INSETS  ( 3846): else - Package Name ::  left : 0 right :: 0 top :: 0 bottom :: 0 dfu-right :: 1920 dfu-bottom :: 1080
07-02 20:49:13.803 D/InputMethodManagerService( 3846): Top Package Name: in.startv.hotstar
07-02 20:49:13.804 W/ContextImpl( 3846): Calling a method in the system process without a qualified user: android.app.ContextImpl.sendBroadcast:1111 com.android.server.inputmethod.InputMethodManagerService.sendSoftInputVisibilityBroadcast:3258 com.android.server.inputmethod.InputMethodManagerService.showCurrentInputLocked:3231 com.android.server.inputmethod.InputMethodManagerService.showMySoftInput:4198 com.android.server.inputmethod.InputMethodManagerService.access$4100:189 
07-02 20:49:13.841 D/INSETS  ( 3846): else - Package Name ::  left : 0 right :: 0 top :: 0 bottom :: 0 dfu-right :: 1920 dfu-bottom :: 1080
07-02 20:49:13.852 I/chatty  ( 3846): uid=1000(system) android.anim identical 2 lines
07-02 20:49:13.853 D/INSETS  ( 3846): else - Package Name ::  left : 0 right :: 0 top :: 0 bottom :: 0 dfu-right :: 1920 dfu-bottom :: 1080
07-02 20:49:14.417 D/InputMethodManagerService( 3846): Top Package Name: in.startv.hotstar
07-02 20:49:14.418 W/ContextImpl( 3846): Calling a method in the system process without a qualified user: android.app.ContextImpl.sendBroadcast:1111 com.android.server.inputmethod.InputMethodManagerService.sendSoftInputVisibilityBroadcast:3258 com.android.server.inputmethod.InputMethodManagerService.showCurrentInputLocked:3231 com.android.server.inputmethod.InputMethodManagerService.attachNewInputLocked:2397 com.android.server.inputmethod.InputMethodManagerService.startInputUncheckedLocked:2503 
07-02 20:49:14.422 D/InputMethodManagerService( 3846): Top Package Name: in.startv.hotstar
07-02 20:49:14.423 W/ContextImpl( 3846): Calling a method in the system process without a qualified user: android.app.ContextImpl.sendBroadcast:1111 com.android.server.inputmethod.InputMethodManagerService.sendSoftInputVisibilityBroadcast:3258 com.android.server.inputmethod.InputMethodManagerService.showCurrentInputLocked:3231 com.android.server.inputmethod.InputMethodManagerService.showMySoftInput:4198 com.android.server.inputmethod.InputMethodManagerService.access$4100:189 
07-02 20:49:14.432 D/INSETS  ( 3846): else - Package Name ::  left : 0 right :: 0 top :: 0 bottom :: 0 dfu-right :: 1920 dfu-bottom :: 1080
07-02 20:49:14.433 D/INSETS  ( 3846): else - Package Name ::  left : 0 right :: 0 top :: 0 bottom :: 0 dfu-right :: 1920 dfu-bottom :: 1080
07-02 20:49:14.450 D/InputMethodManagerService( 3846): Top Package Name: in.startv.hotstar
07-02 20:49:14.451 W/ContextImpl( 3846): Calling a method in the system process without a qualified user: android.app.ContextImpl.sendBroadcast:1111 com.android.server.inputmethod.InputMethodManagerService.sendSoftInputVisibilityBroadcast:3258 com.android.server.inputmethod.InputMethodManagerService.showCurrentInputLocked:3231 com.android.server.inputmethod.InputMethodManagerService.showMySoftInput:4198 com.android.server.inputmethod.InputMethodManagerService.access$4100:189 
07-02 20:49:14.788 D/INSETS  ( 3846): else - Package Name ::  left : 0 right :: 0 top :: 0 bottom :: 0 dfu-right :: 1920 dfu-bottom :: 1080
07-02 20:49:14.788 D/INSETS  ( 3846): else - Package Name ::  left : 0 right :: 0 top :: 0 bottom :: 0 dfu-right :: 1920 dfu-bottom :: 1080
07-02 20:49:15.431 D/AutofillManagerService( 3846): onBackKeyPressed()
07-02 20:49:15.434 W/ContextImpl( 3846): Calling a method in the system process without a qualified user: android.app.ContextImpl.sendBroadcast:1111 com.android.server.inputmethod.InputMethodManagerService.sendSoftInputVisibilityBroadcast:3258 com.android.server.inputmethod.InputMethodManagerService.hideCurrentInputLocked:3330 com.android.server.inputmethod.InputMethodManagerService.hideMySoftInput:4180 com.android.server.inputmethod.InputMethodManagerService.access$4000:189 
07-02 20:49:15.443 D/INSETS  ( 3846): else - Package Name ::  left : 0 right :: 0 top :: 0 bottom :: 0 dfu-right :: 1920 dfu-bottom :: 1080
07-02 20:49:15.443 D/INSETS  ( 3846): else - Package Name ::  left : 0 right :: 0 top :: 0 bottom :: 0 dfu-right :: 1920 dfu-bottom :: 1080
07-02 20:49:15.459 D/INSETS  ( 3846): else - Package Name ::  left : 0 right :: 0 top :: 0 bottom :: 0 dfu-right :: 1920 dfu-bottom :: 1080
07-02 20:49:15.459 D/INSETS  ( 3846): else - Package Name ::  left : 0 right :: 0 top :: 0 bottom :: 0 dfu-right :: 1920 dfu-bottom :: 1080
07-02 20:49:15.464 D/INSETS  ( 3846): else - Package Name ::  left : 0 right :: 0 top :: 0 bottom :: 0 dfu-right :: 1920 dfu-bottom :: 1080
07-02 20:49:15.464 D/INSETS  ( 3846): else - Package Name ::  left : 0 right :: 0 top :: 0 bottom :: 0 dfu-right :: 1920 dfu-bottom :: 1080
07-02 20:49:15.679 D/INSETS  ( 3846): else - Package Name ::  left : 0 right :: 0 top :: 0 bottom :: 0 dfu-right :: 1920 dfu-bottom :: 1080
07-02 20:49:17.086 W/[ 8441.980736@3]- RTW(    0): fill_default_txdesc(wlan0): SP Packet(0x0806) rate=0x4 SeqNum = 3696
07-02 20:49:17.543 D/InputMethodManagerService( 3846): Top Package Name: in.startv.hotstar
07-02 20:49:17.547 W/ContextImpl( 3846): Calling a method in the system process without a qualified user: android.app.ContextImpl.sendBroadcast:1111 com.android.server.inputmethod.InputMethodManagerService.sendSoftInputVisibilityBroadcast:3258 com.android.server.inputmethod.InputMethodManagerService.showCurrentInputLocked:3231 com.android.server.inputmethod.InputMethodManagerService.showMySoftInput:4198 com.android.server.inputmethod.InputMethodManagerService.access$4100:189 
07-02 20:49:17.548 W/ContextImpl( 3846): Calling a method in the system process without a qualified user: android.app.ContextImpl.sendBroadcast:1111 com.android.server.inputmethod.InputMethodManagerService.sendSoftInputVisibilityBroadcast:3258 com.android.server.inputmethod.InputMethodManagerService.hideCurrentInputLocked:3330 com.android.server.inputmethod.InputMethodManagerService.hideSoftInput:3290 com.android.internal.view.IInputMethodManager$Stub.onTransact:325 
07-02 20:49:17.557 W/ContextImpl( 3846): Calling a method in the system process without a qualified user: android.app.ContextImpl.sendBroadcast:1111 com.android.server.inputmethod.InputMethodManagerService.sendSoftInputVisibilityBroadcast:3258 com.android.server.inputmethod.InputMethodManagerService.hideCurrentInputLocked:3330 com.android.server.inputmethod.InputMethodManagerService.hideSoftInput:3290 com.android.internal.view.IInputMethodManager$Stub.onTransact:325 
07-02 20:49:17.558 D/InputMethodManagerService( 3846): Top Package Name: in.startv.hotstar
07-02 20:49:17.561 W/ContextImpl( 3846): Calling a method in the system process without a qualified user: android.app.ContextImpl.sendBroadcast:1111 com.android.server.inputmethod.InputMethodManagerService.sendSoftInputVisibilityBroadcast:3258 com.android.server.inputmethod.InputMethodManagerService.showCurrentInputLocked:3231 com.android.server.inputmethod.InputMethodManagerService.showMySoftInput:4198 com.android.server.inputmethod.InputMethodManagerService.access$4100:189 
07-02 20:49:17.570 D/INSETS  ( 3846): else - Package Name ::  left : 0 right :: 0 top :: 0 bottom :: 0 dfu-right :: 1920 dfu-bottom :: 1080
07-02 20:49:17.578 W/ContextImpl( 3846): Calling a method in the system process without a qualified user: android.app.ContextImpl.sendBroadcast:1111 com.android.server.inputmethod.InputMethodManagerService.sendSoftInputVisibilityBroadcast:3258 com.android.server.inputmethod.InputMethodManagerService.hideCurrentInputLocked:3330 com.android.server.inputmethod.InputMethodManagerService.hideSoftInput:3290 com.android.internal.view.IInputMethodManager$Stub.onTransact:325 
07-02 20:49:17.619 D/InputMethodManagerService( 3846): Top Package Name: in.startv.hotstar
07-02 20:49:17.627 W/ContextImpl( 3846): Calling a method in the system process without a qualified user: android.app.ContextImpl.sendBroadcast:1111 com.android.server.inputmethod.InputMethodManagerService.sendSoftInputVisibilityBroadcast:3258 com.android.server.inputmethod.InputMethodManagerService.showCurrentInputLocked:3231 com.android.server.inputmethod.InputMethodManagerService.showMySoftInput:4198 com.android.server.inputmethod.InputMethodManagerService.access$4100:189 
07-02 20:49:17.638 D/InputMethodManagerService( 3846): Top Package Name: in.startv.hotstar
07-02 20:49:17.639 W/ContextImpl( 3846): Calling a method in the system process without a qualified user: android.app.ContextImpl.sendBroadcast:1111 com.android.server.inputmethod.InputMethodManagerService.sendSoftInputVisibilityBroadcast:3258 com.android.server.inputmethod.InputMethodManagerService.showCurrentInputLocked:3231 com.android.server.inputmethod.InputMethodManagerService.showMySoftInput:4198 com.android.server.inputmethod.InputMethodManagerService.access$4100:189 
07-02 20:49:17.762 W/NotificationHistory( 3846): Attempted to add notif for locked/gone/disabled user 0
07-02 20:49:17.783 D/INSETS  ( 3846): else - Package Name ::  left : 0 right :: 0 top :: 0 bottom :: 0 dfu-right :: 1920 dfu-bottom :: 1080
07-02 20:49:17.828 D/InputMethodManagerService( 3846): Top Package Name: in.startv.hotstar
07-02 20:49:17.829 W/ContextImpl( 3846): Calling a method in the system process without a qualified user: android.app.ContextImpl.sendBroadcast:1111 com.android.server.inputmethod.InputMethodManagerService.sendSoftInputVisibilityBroadcast:3258 com.android.server.inputmethod.InputMethodManagerService.showCurrentInputLocked:3231 com.android.server.inputmethod.InputMethodManagerService.showMySoftInput:4198 com.android.server.inputmethod.InputMethodManagerService.access$4100:189 
07-02 20:49:17.831 D/InputMethodManagerService( 3846): Top Package Name: in.startv.hotstar
07-02 20:49:17.833 W/ContextImpl( 3846): Calling a method in the system process without a qualified user: android.app.ContextImpl.sendBroadcast:1111 com.android.server.inputmethod.InputMethodManagerService.sendSoftInputVisibilityBroadcast:3258 com.android.server.inputmethod.InputMethodManagerService.showCurrentInputLocked:3231 com.android.server.inputmethod.InputMethodManagerService.attachNewInputLocked:2397 com.android.server.inputmethod.InputMethodManagerService.startInputUncheckedLocked:2503 
07-02 20:49:17.853 D/InputMethodManagerService( 3846): Top Package Name: in.startv.hotstar
07-02 20:49:17.854 W/ContextImpl( 3846): Calling a method in the system process without a qualified user: android.app.ContextImpl.sendBroadcast:1111 com.android.server.inputmethod.InputMethodManagerService.sendSoftInputVisibilityBroadcast:3258 com.android.server.inputmethod.InputMethodManagerService.showCurrentInputLocked:3231 com.android.server.inputmethod.InputMethodManagerService.showMySoftInput:4198 com.android.server.inputmethod.InputMethodManagerService.access$4100:189 
07-02 20:49:17.965 D/InputMethodManagerService( 3846): Top Package Name: in.startv.hotstar
07-02 20:49:17.965 W/ContextImpl( 3846): Calling a method in the system process without a qualified user: android.app.ContextImpl.sendBroadcast:1111 com.android.server.inputmethod.InputMethodManagerService.sendSoftInputVisibilityBroadcast:3258 com.android.server.inputmethod.InputMethodManagerService.showCurrentInputLocked:3231 com.android.server.inputmethod.InputMethodManagerService.showMySoftInput:4198 com.android.server.inputmethod.InputMethodManagerService.access$4100:189 
07-02 20:49:18.017 D/INSETS  ( 3846): else - Package Name ::  left : 0 right :: 0 top :: 0 bottom :: 0 dfu-right :: 1920 dfu-bottom :: 1080
07-02 20:49:18.055 I/chatty  ( 3846): uid=1000(system) Binder:3846_8 identical 1 line
07-02 20:49:18.056 D/INSETS  ( 3846): else - Package Name ::  left : 0 right :: 0 top :: 0 bottom :: 0 dfu-right :: 1920 dfu-bottom :: 1080
07-02 20:49:18.061 W/NotificationHistory( 3846): Attempted to add notif for locked/gone/disabled user 0
07-02 20:49:18.081 D/INSETS  ( 3846): else - Package Name ::  left : 0 right :: 0 top :: 0 bottom :: 0 dfu-right :: 1920 dfu-bottom :: 1080
07-02 20:49:18.081 D/INSETS  ( 3846): else - Package Name ::  left : 0 right :: 0 top :: 0 bottom :: 0 dfu-right :: 1920 dfu-bottom :: 1080
07-02 20:49:18.095 W/ContextImpl( 3846): Calling a method in the system process without a qualified user: android.app.ContextImpl.sendBroadcast:1111 com.android.server.inputmethod.InputMethodManagerService.sendSoftInputVisibilityBroadcast:3258 com.android.server.inputmethod.InputMethodManagerService.hideCurrentInputLocked:3330 com.android.server.inputmethod.InputMethodManagerService.hideMySoftInput:4180 com.android.server.inputmethod.InputMethodManagerService.access$4000:189 
07-02 20:49:18.106 D/INSETS  ( 3846): else - Package Name ::  left : 0 right :: 0 top :: 0 bottom :: 0 dfu-right :: 1920 dfu-bottom :: 1080
07-02 20:49:18.107 D/INSETS  ( 3846): else - Package Name ::  left : 0 right :: 0 top :: 0 bottom :: 0 dfu-right :: 1920 dfu-bottom :: 1080
07-02 20:49:18.114 D/INSETS  ( 3846): else - Package Name ::  left : 0 right :: 0 top :: 0 bottom :: 0 dfu-right :: 1920 dfu-bottom :: 1080
07-02 20:49:18.114 D/INSETS  ( 3846): else - Package Name ::  left : 0 right :: 0 top :: 0 bottom :: 0 dfu-right :: 1920 dfu-bottom :: 1080
07-02 20:49:18.147 D/INSETS  ( 3846): else - Package Name ::  left : 0 right :: 0 top :: 0 bottom :: 0 dfu-right :: 1920 dfu-bottom :: 1080
07-02 20:49:18.148 D/INSETS  ( 3846): else - Package Name ::  left : 0 right :: 0 top :: 0 bottom :: 0 dfu-right :: 1920 dfu-bottom :: 1080
07-02 20:49:18.174 W/NotificationHistory( 3846): Attempted to add notif for locked/gone/disabled user 0
07-02 20:49:18.179 D/INSETS  ( 3846): else - Package Name ::  left : 0 right :: 0 top :: 0 bottom :: 0 dfu-right :: 1920 dfu-bottom :: 1080
07-02 20:49:18.179 D/INSETS  ( 3846): else - Package Name ::  left : 0 right :: 0 top :: 0 bottom :: 0 dfu-right :: 1920 dfu-bottom :: 1080
07-02 20:49:18.414 D/INSETS  ( 3846): else - Package Name ::  left : 0 right :: 0 top :: 0 bottom :: 0 dfu-right :: 1920 dfu-bottom :: 1080
07-02 20:49:21.146 W/[ 8446.041459@1]- RTW(    0): fill_default_txdesc(wlan0): SP Packet(0x0806) rate=0x4 SeqNum = 96
07-02 20:49:20.505 I/chatty  ( 3846): uid=1000(system) Binder:3846_18 identical 1 line
07-02 20:49:20.917 D/INSETS  ( 3846): else - Package Name ::  left : 0 right :: 0 top :: 0 bottom :: 0 dfu-right :: 1920 dfu-bottom :: 1080
07-02 20:49:23.406 I/UsageStatsService( 3846): User[0] Flushing usage stats to disk
07-02 20:49:26.238 W/[ 8451.134360@0]- RTW(    0): fill_default_txdesc(wlan0): SP Packet(0x0806) rate=0x4 SeqNum = 373
07-02 20:49:29.058 W/[ 8453.950609@1]- RTW(    0): fill_default_txdesc(wlan0): SP Packet(0x0806) rate=0x4 SeqNum = 531
07-02 20:49:29.486 W/[ 8454.381381@3]- audit(    0): audit_lost=3386 audit_rate_limit=5 audit_backlog_limit=64
07-02 20:49:29.486 E/[ 8454.381389@3]- audit(    0): rate limit exceeded
07-02 20:49:31.298 W/[ 8456.194370@3]- RTW(    0): fill_default_txdesc(wlan0): SP Packet(0x0806) rate=0x4 SeqNum = 711
07-02 20:49:34.486 W/[ 8459.382158@2]- audit(    0): audit_lost=3390 audit_rate_limit=5 audit_backlog_limit=64
07-02 20:49:34.486 E/[ 8459.382165@2]- audit(    0): rate limit exceeded
07-02 20:49:36.387 W/[ 8461.281321@2]- RTW(    0): fill_default_txdesc(wlan0): SP Packet(0x0806) rate=0x4 SeqNum = 1001
07-02 20:49:41.446 I/[ 8466.341063@2]- resman(    0): 138 appname:OMX-105, type=0
07-02 20:49:41.466 W/[ 8466.360855@2]- RTW(    0): fill_default_txdesc(wlan0): SP Packet(0x0806) rate=0x4 SeqNum = 1437
07-02 20:49:41.535 I/[ 8466.427750@1]- resman(    0): 138 acquire [codec_mm], preempt yes
07-02 20:49:41.536 I/[ 8466.427761@1]- resman(    0): 138 score 30 secure no
07-02 20:49:41.536 I/[ 8466.427766@1]- resman(    0): 138 acquire [codec_mm] success
07-02 20:49:41.536 D/        (    0): [ 8466.427809@1]- the demux           clock on, ref cnt: 2
07-02 20:49:41.536 D/        (    0): [ 8466.427814@1]- the parser_top      clock on, ref cnt: 2
07-02 20:49:41.536 D/        (    0): [ 8466.427824@1]- the vdec            clock on, ref cnt: 1
07-02 20:49:41.536 D/        (    0): [ 8466.427846@1]- the clk_vdec_mux    clock on, ref cnt: 1
07-02 20:49:41.536 D/        (    0): [ 8466.427877@1]- vdec mux clock is 499999992 Hz
07-02 20:49:41.536 D/        (    0): [ 8466.427964@1]- vdec_create instance 00000000e77bf536, total 1, PM: legacy
07-02 20:49:41.536 D/        (    0): [ 8466.427995@1]- no drmmode
07-02 20:49:41.536 I/        (    0): [ 8466.428017@1]- is_reset=0
07-02 20:49:41.536 I/        (    0): [ 8466.428040@1]- vdec_init, dev_name:ammvdec_h264, vdec_type=VDEC_TYPE_FRAME_BLOCK  id = 0
07-02 20:49:41.536 D/        (    0): [ 8466.429158@1]- ammvdec_h264_mmu_init tvp = 0x0 mmu_enable 0
07-02 20:49:41.536 D/        (    0): [ 8466.429167@1]- decoder_bmmu_box_alloc_box, tvp_flags = 0
07-02 20:49:41.536 D/[ 8466.429187@1]- 0(    0): ammvdec_h264_probe mmu_enable 0 double_write_mode 0x10
07-02 20:49:41.537 D/[ 8466.430797@1]- 0(    0): ammvdec_h264 mem-addr=0,buff_offset=57200000,buf_start=571f0000
07-02 20:49:41.540 D/        (    0): [ 8466.430840@1]- vdec mux clock is 666666656 Hz
07-02 20:49:41.540 D/        (    0): [ 8466.430845@1]- vdec1 video changed to 3840 x 2160 60 fps clk->667MHZ
07-02 20:49:41.540 W/        (    0): [ 8466.430852@1]- H264 sysinfo: 1280x720 duration=3200, pts_outside=1
07-02 20:49:41.540 D/        (    0): [ 8466.430856@1]- sync_outside=0, use_idr_framerate=0, is_used_v4l: 0
07-02 20:49:41.540 I/        (    0): [ 8466.431499@1]- [TEE], the fw (h264_multi) will be loaded.
07-02 20:49:41.544 D/        (    0): [ 8466.439243@2]- vh264_init, phy_addr=7446e000 vaddr=0000000077185381
07-02 20:49:41.544 D/        (    0): [ 8466.439521@2]- vfm map vdec-map-0 created
07-02 20:49:41.544 I/[ 8466.439542@2]- dim(    0): ch[1]:di_receiver_event_fun,8:_REG
07-02 20:49:41.544 I/[ 8466.439547@2]- dim(    0): reg:vdec.h264.00[219]
07-02 20:49:41.544 I/[ 8466.440118@1]- dim(    0): reg:use[1]ms
07-02 20:49:41.544 E/[ 8466.440162@1]- reg(    0): v4lvideo
07-02 20:49:41.544 I/[ 8466.440171@1]- dim(    0): ch[1]:di_receiver_event_fun,3:_START
07-02 20:49:41.544 D/        (    0): [ 8466.440176@1]- vdec_init, vf_provider_name = vdec.h264.00, b 0
07-02 20:49:41.546 I/        (    0): [ 8466.441102@1]- vdec->port_flag=0x102, port_flag=0x10b
07-02 20:49:41.550 D/[ 8466.443859@1]- v4lvid(    0): dbg: v4lvideo open
07-02 20:49:41.630 D/[ 8466.525755@2]- 0(    0): AV_SCRATCH_1 = 860e1050, AV_SCRATCH_2 1a023
07-02 20:49:41.630 D/[ 8466.525812@2]- 0(    0): chroma_format_idc = 1 frame_mbs_only_flag 1, crop_bottom 0,  frame_height 720,
07-02 20:49:41.630 D/[ 8466.525817@2]- 0(    0): mb_height 45,crop_right 0, frame_width 1280, mb_width 80
07-02 20:49:41.630 D/[ 8466.525823@2]- 0(    0): level_idc = 40 pic_size = 1382400 size = 9
07-02 20:49:41.630 D/[ 8466.525828@2]- 0(    0): Warning: max_dec_frame_buffering(6) is less than DPB size(9) calculated from Profile/Level.
07-02 20:49:41.630 D/[ 8466.525833@2]- 0(    0): mb height/widht/total: 30/50/f00 level_idc 28 max_ref_num 6
07-02 20:49:41.630 D/[ 8466.525838@2]- 0(    0): restriction_flag=1, max_dec_frame_buffering=6, dec_dpb_size=8 num_reorder_frames 2 used_reorder_dpb_size_margin 9
07-02 20:49:41.630 D/[ 8466.525844@2]- 0(    0): vh264_set_params active_buf_spec_num 17 dec_dpb_size 8 collocate_buf_num 10
07-02 20:49:41.649 D/[ 8466.544702@2]- 0(    0): num_ref_frames change from 0 to 6
07-02 20:49:41.653 I/[ 8466.548167@0]- dim(    0): value reg:ch[1]:fix_buf:0;ponly <0,0>
07-02 20:49:41.653 I/[ 8466.548180@0]- dim(    0): 1280x720-0x9000.
07-02 20:49:41.653 I/[ 8466.548483@2]- v4lvideo(    0): provider name: vdec.h264.00
07-02 20:49:41.670 D/        (    0): [ 8466.562716@2]- cal_dur_from_pts vstatus 3840 dur3600 -> 3840, revised 3840
07-02 20:49:41.677 I/[ 8466.568835@2]- vframe_rate_uevent(    0): sent uevent FRAME_RATE_HINT=3840
07-02 20:49:41.702 I/[ 8466.598370@1]- VID(    0): VD1 off
07-02 20:49:41.702 I/[ 8466.598577@1]- vc(    0): [0]vc: set enable index=0, val=1
07-02 20:49:41.702 I/        (    0): [ 8466.598594@1]- dev->index =0, val=2
07-02 20:49:41.702 I/[ 8466.598599@1]- VID(    0): VD1 off
07-02 20:49:41.702 I/[ 8466.598605@1]- VID(    0): VD1 set global output as 1
07-02 20:49:41.702 I/[ 8466.598631@1]- VID(    0): store VD0 path_id changed -1->2
07-02 20:49:41.702 I/[ 8466.598652@1]- vc(    0): [0]sideband_type =-1
07-02 20:49:42.178 W/[ 8467.070872@3]- RTW(    0): Turbo EDCA =0x431c
07-02 20:49:44.758 W/[ 8469.654006@1]- healthd(    0): battery l=100 v=4 t=0.0 h=2 st=2 c=1100 fc=10000000 chg=u
07-02 20:49:46.526 W/[ 8471.420406@3]- RTW(    0): fill_default_txdesc(wlan0): SP Packet(0x0806) rate=0x4 SeqNum = 2587
07-02 20:49:48.226 W/[ 8473.119137@2]- RTW(    0): Turbo EDCA =0x5ea42b
07-02 20:49:50.246 W/[ 8475.139161@0]- RTW(    0): Turbo EDCA =0x431c
07-02 20:49:51.370 W/        (    0): [ 8476.266398@0]- [0] H264 EOS notify.
