07-02 20:26:23.074 W/[ 7067.966771@1]- RTW(    0): Turbo EDCA =0x5ea42b
07-02 20:26:23.342 D/AutofillManagerService( 3846): onBackKeyPressed()
07-02 20:26:24.585 D/InputMethodManagerService( 3846): Top Package Name: in.startv.hotstar
07-02 20:26:24.588 W/ContextImpl( 3846): Calling a method in the system process without a qualified user: android.app.ContextImpl.sendBroadcast:1111 com.android.server.inputmethod.InputMethodManagerService.sendSoftInputVisibilityBroadcast:3258 com.android.server.inputmethod.InputMethodManagerService.showCurrentInputLocked:3231 com.android.server.inputmethod.InputMethodManagerService.showMySoftInput:4198 com.android.server.inputmethod.InputMethodManagerService.access$4100:189 
07-02 20:26:24.589 D/InputMethodManagerService( 3846): Top Package Name: in.startv.hotstar
07-02 20:26:24.590 W/ContextImpl( 3846): Calling a method in the system process without a qualified user: android.app.ContextImpl.sendBroadcast:1111 com.android.server.inputmethod.InputMethodManagerService.sendSoftInputVisibilityBroadcast:3258 com.android.server.inputmethod.InputMethodManagerService.showCurrentInputLocked:3231 com.android.server.inputmethod.InputMethodManagerService.showSoftInput:3153 com.android.internal.view.IInputMethodManager$Stub.onTransact:304 
07-02 20:26:24.592 W/ContextImpl( 3846): Calling a method in the system process without a qualified user: android.app.ContextImpl.sendBroadcast:1111 com.android.server.inputmethod.InputMethodManagerService.sendSoftInputVisibilityBroadcast:3258 com.android.server.inputmethod.InputMethodManagerService.hideCurrentInputLocked:3330 com.android.server.inputmethod.InputMethodManagerService.hideMySoftInput:4180 com.android.server.inputmethod.InputMethodManagerService.access$4000:189 
07-02 20:26:24.606 D/InputMethodManagerService( 3846): Top Package Name: in.startv.hotstar
07-02 20:26:24.612 W/ContextImpl( 3846): Calling a method in the system process without a qualified user: android.app.ContextImpl.sendBroadcast:1111 com.android.server.inputmethod.InputMethodManagerService.sendSoftInputVisibilityBroadcast:3258 com.android.server.inputmethod.InputMethodManagerService.showCurrentInputLocked:3231 com.android.server.inputmethod.InputMethodManagerService.showMySoftInput:4198 com.android.server.inputmethod.InputMethodManagerService.access$4100:189 
07-02 20:26:24.613 D/INSETS  ( 3846): else - Package Name ::  left : 0 right :: 0 top :: 0 bottom :: 0 dfu-right :: 1920 dfu-bottom :: 1080
07-02 20:26:24.616 I/chatty  ( 3846): uid=1000(system) Binder:3846_19 identical 2 lines
07-02 20:26:24.617 D/INSETS  ( 3846): else - Package Name ::  left : 0 right :: 0 top :: 0 bottom :: 0 dfu-right :: 1920 dfu-bottom :: 1080
07-02 20:26:24.643 D/INSETS  ( 3846): else - Package Name ::  left : 0 right :: 0 top :: 0 bottom :: 0 dfu-right :: 1920 dfu-bottom :: 1080
07-02 20:26:24.646 I/chatty  ( 3846): uid=1000(system) android.anim identical 2 lines
07-02 20:26:24.647 D/INSETS  ( 3846): else - Package Name ::  left : 0 right :: 0 top :: 0 bottom :: 0 dfu-right :: 1920 dfu-bottom :: 1080
07-02 20:26:24.669 D/INSETS  ( 3846): else - Package Name ::  left : 0 right :: 0 top :: 0 bottom :: 0 dfu-right :: 1920 dfu-bottom :: 1080
07-02 20:26:24.670 D/INSETS  ( 3846): else - Package Name ::  left : 0 right :: 0 top :: 0 bottom :: 0 dfu-right :: 1920 dfu-bottom :: 1080
07-02 20:26:24.681 D/InputMethodManagerService( 3846): Top Package Name: in.startv.hotstar
07-02 20:26:24.682 W/ContextImpl( 3846): Calling a method in the system process without a qualified user: android.app.ContextImpl.sendBroadcast:1111 com.android.server.inputmethod.InputMethodManagerService.sendSoftInputVisibilityBroadcast:3258 com.android.server.inputmethod.InputMethodManagerService.showCurrentInputLocked:3231 com.android.server.inputmethod.InputMethodManagerService.showMySoftInput:4198 com.android.server.inputmethod.InputMethodManagerService.access$4100:189 
07-02 20:26:24.722 D/INSETS  ( 3846): else - Package Name ::  left : 0 right :: 0 top :: 0 bottom :: 0 dfu-right :: 1920 dfu-bottom :: 1080
07-02 20:26:24.765 I/chatty  ( 3846): uid=1000(system) Binder:3846_1B identical 3 lines
07-02 20:26:24.765 D/INSETS  ( 3846): else - Package Name ::  left : 0 right :: 0 top :: 0 bottom :: 0 dfu-right :: 1920 dfu-bottom :: 1080
07-02 20:26:24.780 D/INSETS  ( 3846): else - Package Name ::  left : 0 right :: 0 top :: 0 bottom :: 0 dfu-right :: 1920 dfu-bottom :: 1080
07-02 20:26:24.780 I/chatty  ( 3846): uid=1000(system) android.anim identical 1 line
07-02 20:26:24.780 D/INSETS  ( 3846): else - Package Name ::  left : 0 right :: 0 top :: 0 bottom :: 0 dfu-right :: 1920 dfu-bottom :: 1080
07-02 20:26:24.782 D/InputMethodManagerService( 3846): Top Package Name: in.startv.hotstar
07-02 20:26:24.783 W/ContextImpl( 3846): Calling a method in the system process without a qualified user: android.app.ContextImpl.sendBroadcast:1111 com.android.server.inputmethod.InputMethodManagerService.sendSoftInputVisibilityBroadcast:3258 com.android.server.inputmethod.InputMethodManagerService.showCurrentInputLocked:3231 com.android.server.inputmethod.InputMethodManagerService.showMySoftInput:4198 com.android.server.inputmethod.InputMethodManagerService.access$4100:189 
07-02 20:26:24.788 D/InputMethodManagerService( 3846): Top Package Name: in.startv.hotstar
07-02 20:26:24.790 W/ContextImpl( 3846): Calling a method in the system process without a qualified user: android.app.ContextImpl.sendBroadcast:1111 com.android.server.inputmethod.InputMethodManagerService.sendSoftInputVisibilityBroadcast:3258 com.android.server.inputmethod.InputMethodManagerService.showCurrentInputLocked:3231 com.android.server.inputmethod.InputMethodManagerService.showMySoftInput:4198 com.android.server.inputmethod.InputMethodManagerService.access$4100:189 
07-02 20:26:24.796 D/INSETS  ( 3846): else - Package Name ::  left : 0 right :: 0 top :: 0 bottom :: 0 dfu-right :: 1920 dfu-bottom :: 1080
07-02 20:26:24.802 I/chatty  ( 3846): uid=1000(system) android.display identical 4 lines
07-02 20:26:24.802 D/INSETS  ( 3846): else - Package Name ::  left : 0 right :: 0 top :: 0 bottom :: 0 dfu-right :: 1920 dfu-bottom :: 1080
07-02 20:26:24.811 W/NotificationHistory( 3846): Attempted to add notif for locked/gone/disabled user 0
07-02 20:26:24.848 D/INSETS  ( 3846): else - Package Name ::  left : 0 right :: 0 top :: 0 bottom :: 0 dfu-right :: 1920 dfu-bottom :: 1080
07-02 20:26:24.848 I/chatty  ( 3846): uid=1000(system) Binder:3846_13 identical 1 line
07-02 20:26:24.849 D/INSETS  ( 3846): else - Package Name ::  left : 0 right :: 0 top :: 0 bottom :: 0 dfu-right :: 1920 dfu-bottom :: 1080
07-02 20:26:24.996 W/NotificationHistory( 3846): Attempted to add notif for locked/gone/disabled user 0
07-02 20:26:25.530 D/InputMethodManagerService( 3846): Top Package Name: in.startv.hotstar
07-02 20:26:25.531 W/ContextImpl( 3846): Calling a method in the system process without a qualified user: android.app.ContextImpl.sendBroadcast:1111 com.android.server.inputmethod.InputMethodManagerService.sendSoftInputVisibilityBroadcast:3258 com.android.server.inputmethod.InputMethodManagerService.showCurrentInputLocked:3231 com.android.server.inputmethod.InputMethodManagerService.attachNewInputLocked:2397 com.android.server.inputmethod.InputMethodManagerService.startInputUncheckedLocked:2503 
07-02 20:26:25.533 D/InputMethodManagerService( 3846): Top Package Name: in.startv.hotstar
07-02 20:26:25.534 W/ContextImpl( 3846): Calling a method in the system process without a qualified user: android.app.ContextImpl.sendBroadcast:1111 com.android.server.inputmethod.InputMethodManagerService.sendSoftInputVisibilityBroadcast:3258 com.android.server.inputmethod.InputMethodManagerService.showCurrentInputLocked:3231 com.android.server.inputmethod.InputMethodManagerService.showMySoftInput:4198 com.android.server.inputmethod.InputMethodManagerService.access$4100:189 
07-02 20:26:25.545 D/INSETS  ( 3846): else - Package Name ::  left : 0 right :: 0 top :: 0 bottom :: 0 dfu-right :: 1920 dfu-bottom :: 1080
07-02 20:26:25.545 I/chatty  ( 3846): uid=1000(system) Binder:3846_3 identical 1 line
07-02 20:26:25.546 D/INSETS  ( 3846): else - Package Name ::  left : 0 right :: 0 top :: 0 bottom :: 0 dfu-right :: 1920 dfu-bottom :: 1080
07-02 20:26:25.668 D/InputMethodManagerService( 3846): Top Package Name: in.startv.hotstar
07-02 20:26:25.669 W/ContextImpl( 3846): Calling a method in the system process without a qualified user: android.app.ContextImpl.sendBroadcast:1111 com.android.server.inputmethod.InputMethodManagerService.sendSoftInputVisibilityBroadcast:3258 com.android.server.inputmethod.InputMethodManagerService.showCurrentInputLocked:3231 com.android.server.inputmethod.InputMethodManagerService.showMySoftInput:4198 com.android.server.inputmethod.InputMethodManagerService.access$4100:189 
07-02 20:26:25.705 D/INSETS  ( 3846): else - Package Name ::  left : 0 right :: 0 top :: 0 bottom :: 0 dfu-right :: 1920 dfu-bottom :: 1080
07-02 20:26:25.716 I/chatty  ( 3846): uid=1000(system) android.anim identical 2 lines
07-02 20:26:25.716 D/INSETS  ( 3846): else - Package Name ::  left : 0 right :: 0 top :: 0 bottom :: 0 dfu-right :: 1920 dfu-bottom :: 1080
07-02 20:26:26.273 D/InputMethodManagerService( 3846): Top Package Name: in.startv.hotstar
07-02 20:26:26.274 W/ContextImpl( 3846): Calling a method in the system process without a qualified user: android.app.ContextImpl.sendBroadcast:1111 com.android.server.inputmethod.InputMethodManagerService.sendSoftInputVisibilityBroadcast:3258 com.android.server.inputmethod.InputMethodManagerService.showCurrentInputLocked:3231 com.android.server.inputmethod.InputMethodManagerService.attachNewInputLocked:2397 com.android.server.inputmethod.InputMethodManagerService.startInputUncheckedLocked:2503 
07-02 20:26:26.277 D/InputMethodManagerService( 3846): Top Package Name: in.startv.hotstar
07-02 20:26:26.278 W/ContextImpl( 3846): Calling a method in the system process without a qualified user: android.app.ContextImpl.sendBroadcast:1111 com.android.server.inputmethod.InputMethodManagerService.sendSoftInputVisibilityBroadcast:3258 com.android.server.inputmethod.InputMethodManagerService.showCurrentInputLocked:3231 com.android.server.inputmethod.InputMethodManagerService.showMySoftInput:4198 com.android.server.inputmethod.InputMethodManagerService.access$4100:189 
07-02 20:26:26.289 D/INSETS  ( 3846): else - Package Name ::  left : 0 right :: 0 top :: 0 bottom :: 0 dfu-right :: 1920 dfu-bottom :: 1080
07-02 20:26:26.289 D/INSETS  ( 3846): else - Package Name ::  left : 0 right :: 0 top :: 0 bottom :: 0 dfu-right :: 1920 dfu-bottom :: 1080
07-02 20:26:26.302 D/InputMethodManagerService( 3846): Top Package Name: in.startv.hotstar
07-02 20:26:26.303 W/ContextImpl( 3846): Calling a method in the system process without a qualified user: android.app.ContextImpl.sendBroadcast:1111 com.android.server.inputmethod.InputMethodManagerService.sendSoftInputVisibilityBroadcast:3258 com.android.server.inputmethod.InputMethodManagerService.showCurrentInputLocked:3231 com.android.server.inputmethod.InputMethodManagerService.showMySoftInput:4198 com.android.server.inputmethod.InputMethodManagerService.access$4100:189 
07-02 20:26:26.578 D/INSETS  ( 3846): else - Package Name ::  left : 0 right :: 0 top :: 0 bottom :: 0 dfu-right :: 1920 dfu-bottom :: 1080
07-02 20:26:26.914 W/[ 7071.806561@3]- RTW(    0): fill_default_txdesc(wlan0): SP Packet(0x0806) rate=0x4 SeqNum = 2392
07-02 20:26:26.920 W/[ 7071.816112@3]- RTW(    0): fill_default_txdesc(wlan0): SP Packet(0x0806) rate=0x4 SeqNum = 2397
07-02 20:26:26.578 D/INSETS  ( 3846): else - Package Name ::  left : 0 right :: 0 top :: 0 bottom :: 0 dfu-right :: 1920 dfu-bottom :: 1080
07-02 20:26:27.219 D/AutofillManagerService( 3846): onBackKeyPressed()
07-02 20:26:27.222 W/ContextImpl( 3846): Calling a method in the system process without a qualified user: android.app.ContextImpl.sendBroadcast:1111 com.android.server.inputmethod.InputMethodManagerService.sendSoftInputVisibilityBroadcast:3258 com.android.server.inputmethod.InputMethodManagerService.hideCurrentInputLocked:3330 com.android.server.inputmethod.InputMethodManagerService.hideMySoftInput:4180 com.android.server.inputmethod.InputMethodManagerService.access$4000:189 
07-02 20:26:27.240 D/INSETS  ( 3846): else - Package Name ::  left : 0 right :: 0 top :: 0 bottom :: 0 dfu-right :: 1920 dfu-bottom :: 1080
07-02 20:26:27.241 D/INSETS  ( 3846): else - Package Name ::  left : 0 right :: 0 top :: 0 bottom :: 0 dfu-right :: 1920 dfu-bottom :: 1080
07-02 20:26:27.251 D/INSETS  ( 3846): else - Package Name ::  left : 0 right :: 0 top :: 0 bottom :: 0 dfu-right :: 1920 dfu-bottom :: 1080
07-02 20:26:27.252 D/INSETS  ( 3846): else - Package Name ::  left : 0 right :: 0 top :: 0 bottom :: 0 dfu-right :: 1920 dfu-bottom :: 1080
07-02 20:26:27.257 D/INSETS  ( 3846): else - Package Name ::  left : 0 right :: 0 top :: 0 bottom :: 0 dfu-right :: 1920 dfu-bottom :: 1080
07-02 20:26:27.258 D/INSETS  ( 3846): else - Package Name ::  left : 0 right :: 0 top :: 0 bottom :: 0 dfu-right :: 1920 dfu-bottom :: 1080
07-02 20:26:27.461 D/INSETS  ( 3846): else - Package Name ::  left : 0 right :: 0 top :: 0 bottom :: 0 dfu-right :: 1920 dfu-bottom :: 1080
07-02 20:26:29.344 D/InputMethodManagerService( 3846): Top Package Name: in.startv.hotstar
07-02 20:26:29.347 W/ContextImpl( 3846): Calling a method in the system process without a qualified user: android.app.ContextImpl.sendBroadcast:1111 com.android.server.inputmethod.InputMethodManagerService.sendSoftInputVisibilityBroadcast:3258 com.android.server.inputmethod.InputMethodManagerService.showCurrentInputLocked:3231 com.android.server.inputmethod.InputMethodManagerService.showMySoftInput:4198 com.android.server.inputmethod.InputMethodManagerService.access$4100:189 
07-02 20:26:29.349 W/ContextImpl( 3846): Calling a method in the system process without a qualified user: android.app.ContextImpl.sendBroadcast:1111 com.android.server.inputmethod.InputMethodManagerService.sendSoftInputVisibilityBroadcast:3258 com.android.server.inputmethod.InputMethodManagerService.hideCurrentInputLocked:3330 com.android.server.inputmethod.InputMethodManagerService.hideSoftInput:3290 com.android.internal.view.IInputMethodManager$Stub.onTransact:325 
07-02 20:26:29.356 W/ContextImpl( 3846): Calling a method in the system process without a qualified user: android.app.ContextImpl.sendBroadcast:1111 com.android.server.inputmethod.InputMethodManagerService.sendSoftInputVisibilityBroadcast:3258 com.android.server.inputmethod.InputMethodManagerService.hideCurrentInputLocked:3330 com.android.server.inputmethod.InputMethodManagerService.hideSoftInput:3290 com.android.internal.view.IInputMethodManager$Stub.onTransact:325 
07-02 20:26:29.358 D/InputMethodManagerService( 3846): Top Package Name: in.startv.hotstar
07-02 20:26:29.363 W/ContextImpl( 3846): Calling a method in the system process without a qualified user: android.app.ContextImpl.sendBroadcast:1111 com.android.server.inputmethod.InputMethodManagerService.sendSoftInputVisibilityBroadcast:3258 com.android.server.inputmethod.InputMethodManagerService.showCurrentInputLocked:3231 com.android.server.inputmethod.InputMethodManagerService.showMySoftInput:4198 com.android.server.inputmethod.InputMethodManagerService.access$4100:189 
07-02 20:26:29.369 D/INSETS  ( 3846): else - Package Name ::  left : 0 right :: 0 top :: 0 bottom :: 0 dfu-right :: 1920 dfu-bottom :: 1080
07-02 20:26:29.379 W/ContextImpl( 3846): Calling a method in the system process without a qualified user: android.app.ContextImpl.sendBroadcast:1111 com.android.server.inputmethod.InputMethodManagerService.sendSoftInputVisibilityBroadcast:3258 com.android.server.inputmethod.InputMethodManagerService.hideCurrentInputLocked:3330 com.android.server.inputmethod.InputMethodManagerService.hideSoftInput:3290 com.android.internal.view.IInputMethodManager$Stub.onTransact:325 
07-02 20:26:29.420 D/InputMethodManagerService( 3846): Top Package Name: in.startv.hotstar
07-02 20:26:29.428 W/ContextImpl( 3846): Calling a method in the system process without a qualified user: android.app.ContextImpl.sendBroadcast:1111 com.android.server.inputmethod.InputMethodManagerService.sendSoftInputVisibilityBroadcast:3258 com.android.server.inputmethod.InputMethodManagerService.showCurrentInputLocked:3231 com.android.server.inputmethod.InputMethodManagerService.showMySoftInput:4198 com.android.server.inputmethod.InputMethodManagerService.access$4100:189 
07-02 20:26:29.438 D/InputMethodManagerService( 3846): Top Package Name: in.startv.hotstar
07-02 20:26:29.439 W/ContextImpl( 3846): Calling a method in the system process without a qualified user: android.app.ContextImpl.sendBroadcast:1111 com.android.server.inputmethod.InputMethodManagerService.sendSoftInputVisibilityBroadcast:3258 com.android.server.inputmethod.InputMethodManagerService.showCurrentInputLocked:3231 com.android.server.inputmethod.InputMethodManagerService.showMySoftInput:4198 com.android.server.inputmethod.InputMethodManagerService.access$4100:189 
07-02 20:26:29.466 D/InputMethodManagerService( 3846): Top Package Name: in.startv.hotstar
07-02 20:26:29.467 W/ContextImpl( 3846): Calling a method in the system process without a qualified user: android.app.ContextImpl.sendBroadcast:1111 com.android.server.inputmethod.InputMethodManagerService.sendSoftInputVisibilityBroadcast:3258 com.android.server.inputmethod.InputMethodManagerService.showCurrentInputLocked:3231 com.android.server.inputmethod.InputMethodManagerService.showMySoftInput:4198 com.android.server.inputmethod.InputMethodManagerService.access$4100:189 
07-02 20:26:29.479 D/InputMethodManagerService( 3846): Top Package Name: in.startv.hotstar
07-02 20:26:29.480 W/ContextImpl( 3846): Calling a method in the system process without a qualified user: android.app.ContextImpl.sendBroadcast:1111 com.android.server.inputmethod.InputMethodManagerService.sendSoftInputVisibilityBroadcast:3258 com.android.server.inputmethod.InputMethodManagerService.showCurrentInputLocked:3231 com.android.server.inputmethod.InputMethodManagerService.showMySoftInput:4198 com.android.server.inputmethod.InputMethodManagerService.access$4100:189 
07-02 20:26:29.563 W/NotificationHistory( 3846): Attempted to add notif for locked/gone/disabled user 0
07-02 20:26:29.578 D/INSETS  ( 3846): else - Package Name ::  left : 0 right :: 0 top :: 0 bottom :: 0 dfu-right :: 1920 dfu-bottom :: 1080
07-02 20:26:29.599 D/InputMethodManagerService( 3846): Top Package Name: in.startv.hotstar
07-02 20:26:29.600 W/ContextImpl( 3846): Calling a method in the system process without a qualified user: android.app.ContextImpl.sendBroadcast:1111 com.android.server.inputmethod.InputMethodManagerService.sendSoftInputVisibilityBroadcast:3258 com.android.server.inputmethod.InputMethodManagerService.showCurrentInputLocked:3231 com.android.server.inputmethod.InputMethodManagerService.attachNewInputLocked:2397 com.android.server.inputmethod.InputMethodManagerService.startInputUncheckedLocked:2503 
07-02 20:26:29.604 D/InputMethodManagerService( 3846): Top Package Name: in.startv.hotstar
07-02 20:26:29.605 W/ContextImpl( 3846): Calling a method in the system process without a qualified user: android.app.ContextImpl.sendBroadcast:1111 com.android.server.inputmethod.InputMethodManagerService.sendSoftInputVisibilityBroadcast:3258 com.android.server.inputmethod.InputMethodManagerService.showCurrentInputLocked:3231 com.android.server.inputmethod.InputMethodManagerService.showMySoftInput:4198 com.android.server.inputmethod.InputMethodManagerService.access$4100:189 
07-02 20:26:29.659 D/INSETS  ( 3846): else - Package Name ::  left : 0 right :: 0 top :: 0 bottom :: 0 dfu-right :: 1920 dfu-bottom :: 1080
07-02 20:26:29.723 W/[ 7074.614902@2]- audit(    0): audit_lost=2845 audit_rate_limit=5 audit_backlog_limit=64
07-02 20:26:29.723 E/[ 7074.614910@2]- audit(    0): rate limit exceeded
07-02 20:26:29.684 W/NotificationHistory( 3846): Attempted to add notif for locked/gone/disabled user 0
07-02 20:26:29.710 D/INSETS  ( 3846): else - Package Name ::  left : 0 right :: 0 top :: 0 bottom :: 0 dfu-right :: 1920 dfu-bottom :: 1080
07-02 20:26:29.711 D/INSETS  ( 3846): else - Package Name ::  left : 0 right :: 0 top :: 0 bottom :: 0 dfu-right :: 1920 dfu-bottom :: 1080
07-02 20:26:29.738 D/INSETS  ( 3846): else - Package Name ::  left : 0 right :: 0 top :: 0 bottom :: 0 dfu-right :: 1920 dfu-bottom :: 1080
07-02 20:26:29.738 D/INSETS  ( 3846): else - Package Name ::  left : 0 right :: 0 top :: 0 bottom :: 0 dfu-right :: 1920 dfu-bottom :: 1080
07-02 20:26:29.760 D/INSETS  ( 3846): else - Package Name ::  left : 0 right :: 0 top :: 0 bottom :: 0 dfu-right :: 1920 dfu-bottom :: 1080
07-02 20:26:29.766 I/chatty  ( 3846): uid=1000(system) android.display identical 2 lines
07-02 20:26:29.766 D/INSETS  ( 3846): else - Package Name ::  left : 0 right :: 0 top :: 0 bottom :: 0 dfu-right :: 1920 dfu-bottom :: 1080
07-02 20:26:29.773 W/ContextImpl( 3846): Calling a method in the system process without a qualified user: android.app.ContextImpl.sendBroadcast:1111 com.android.server.inputmethod.InputMethodManagerService.sendSoftInputVisibilityBroadcast:3258 com.android.server.inputmethod.InputMethodManagerService.hideCurrentInputLocked:3330 com.android.server.inputmethod.InputMethodManagerService.hideMySoftInput:4180 com.android.server.inputmethod.InputMethodManagerService.access$4000:189 
07-02 20:26:29.827 W/NotificationHistory( 3846): Attempted to add notif for locked/gone/disabled user 0
07-02 20:26:29.842 D/INSETS  ( 3846): else - Package Name ::  left : 0 right :: 0 top :: 0 bottom :: 0 dfu-right :: 1920 dfu-bottom :: 1080
07-02 20:26:29.842 D/INSETS  ( 3846): else - Package Name ::  left : 0 right :: 0 top :: 0 bottom :: 0 dfu-right :: 1920 dfu-bottom :: 1080
07-02 20:26:29.879 D/INSETS  ( 3846): else - Package Name ::  left : 0 right :: 0 top :: 0 bottom :: 0 dfu-right :: 1920 dfu-bottom :: 1080
07-02 20:26:29.879 D/INSETS  ( 3846): else - Package Name ::  left : 0 right :: 0 top :: 0 bottom :: 0 dfu-right :: 1920 dfu-bottom :: 1080
07-02 20:26:30.095 D/INSETS  ( 3846): else - Package Name ::  left : 0 right :: 0 top :: 0 bottom :: 0 dfu-right :: 1920 dfu-bottom :: 1080
07-02 20:26:31.122 I/[ 7076.017177@1]- resman(    0): 116 appname:OMX-87, type=0
07-02 20:26:31.160 E/[ 7076.055045@3]- ion_import_dma_buf(    0): can not import dmabuf from another exporter
07-02 20:26:31.161 E/[ 7076.055903@2]- ion_import_dma_buf(    0): can not import dmabuf from another exporter
07-02 20:26:31.162 E/[ 7076.058016@1]- ion_import_dma_buf(    0): can not import dmabuf from another exporter
07-02 20:26:31.163 E/[ 7076.058879@0]- ion_import_dma_buf(    0): can not import dmabuf from another exporter
07-02 20:26:31.169 E/[ 7076.065366@2]- ion_import_dma_buf(    0): can not import dmabuf from another exporter
07-02 20:26:31.174 E/[ 7076.066691@2]- ion_import_dma_buf(    0): can not import dmabuf from another exporter
07-02 20:26:31.174 E/[ 7076.069200@0]- ion_import_dma_buf(    0): can not import dmabuf from another exporter
07-02 20:26:31.174 E/[ 7076.070493@3]- ion_import_dma_buf(    0): can not import dmabuf from another exporter
07-02 20:26:31.176 E/[ 7076.072599@3]- ion_import_dma_buf(    0): can not import dmabuf from another exporter
07-02 20:26:31.178 E/[ 7076.073438@2]- ion_import_dma_buf(    0): can not import dmabuf from another exporter
07-02 20:26:31.182 E/[ 7076.077646@3]- ion_import_dma_buf(    0): can not import dmabuf from another exporter
07-02 20:26:31.182 E/[ 7076.078242@2]- ion_import_dma_buf(    0): can not import dmabuf from another exporter
07-02 20:26:31.184 E/[ 7076.079921@2]- ion_import_dma_buf(    0): can not import dmabuf from another exporter
07-02 20:26:31.185 E/[ 7076.080552@1]- ion_import_dma_buf(    0): can not import dmabuf from another exporter
07-02 20:26:31.190 E/[ 7076.085823@1]- ion_import_dma_buf(    0): can not import dmabuf from another exporter
07-02 20:26:31.194 E/[ 7076.088193@2]- ion_import_dma_buf(    0): can not import dmabuf from another exporter
07-02 20:26:31.194 I/[ 7076.089605@3]- 00000000089b8c42(    0): alloc space for storing ion_id
07-02 20:26:31.194 I/[ 7076.089621@3]- 00000000089b8c42(    0): allocated ion_id:0
07-02 20:26:31.199 I/[ 7076.089916@3]- resman(    0): 116 acquire [codec_mm], preempt yes
07-02 20:26:31.201 I/[ 7076.089925@3]- resman(    0): 116 score 60 secure no
07-02 20:26:31.202 I/[ 7076.089930@3]- resman(    0): 116 acquire [codec_mm] success
07-02 20:26:31.202 D/        (    0): [ 7076.089970@3]- the demux           clock on, ref cnt: 2
07-02 20:26:31.204 D/        (    0): [ 7076.089975@3]- the parser_top      clock on, ref cnt: 2
07-02 20:26:31.204 D/        (    0): [ 7076.089985@3]- the vdec            clock on, ref cnt: 1
07-02 20:26:31.208 D/        (    0): [ 7076.090008@3]- the clk_vdec_mux    clock on, ref cnt: 1
07-02 20:26:31.221 D/        (    0): [ 7076.090040@3]- vdec mux clock is 499999992 Hz
07-02 20:26:31.222 D/        (    0): [ 7076.090124@3]- vdec_create instance 000000009ca3ce8a, total 1, PM: legacy
07-02 20:26:31.222 D/        (    0): [ 7076.090160@3]- no drmmode
07-02 20:26:31.222 I/        (    0): [ 7076.090218@3]- is_reset=0
07-02 20:26:31.222 I/        (    0): [ 7076.090245@3]- vdec_init, dev_name:ammvdec_h264, vdec_type=VDEC_TYPE_FRAME_BLOCK  id = 0
07-02 20:26:31.222 D/        (    0): [ 7076.091147@3]- ammvdec_h264_mmu_init tvp = 0x0 mmu_enable 0
07-02 20:26:31.222 D/        (    0): [ 7076.091154@3]- decoder_bmmu_box_alloc_box, tvp_flags = 0
07-02 20:26:31.222 D/[ 7076.091173@3]- 0(    0): ammvdec_h264_probe mmu_enable 0 double_write_mode 0x10
07-02 20:26:31.222 D/[ 7076.095193@3]- 0(    0): ammvdec_h264 mem-addr=0,buff_offset=58cc0000,buf_start=58cb0000
07-02 20:26:31.222 D/        (    0): [ 7076.095237@3]- vdec mux clock is 666666656 Hz
07-02 20:26:31.222 D/        (    0): [ 7076.095243@3]- vdec1 video changed to 3840 x 2160 60 fps clk->667MHZ
07-02 20:26:31.222 W/        (    0): [ 7076.095249@3]- H264 sysinfo: 1920x1080 duration=3840, pts_outside=1
07-02 20:26:31.222 D/        (    0): [ 7076.095253@3]- sync_outside=0, use_idr_framerate=0, is_used_v4l: 0
07-02 20:26:31.223 I/        (    0): [ 7076.095365@3]- [TEE], the fw (h264_multi) will be loaded.
07-02 20:26:31.223 D/        (    0): [ 7076.095691@3]- vh264_init, phy_addr=7446e000 vaddr=00000000d3847ca6
07-02 20:26:31.223 D/        (    0): [ 7076.096601@2]- vfm map vdec-map-0 created
07-02 20:26:31.223 I/[ 7076.096623@2]- reg(    0): ionvideo
07-02 20:26:31.223 D/        (    0): [ 7076.096629@2]- vdec_init, vf_provider_name = vdec.h264.00, b 0
07-02 20:26:31.223 I/        (    0): [ 7076.097505@2]- vdec->port_flag=0x102, port_flag=0x10b
07-02 20:26:31.223 D/[ 7076.100958@2]- ionvid(    0): dbg: ionvideo open
07-02 20:26:31.223 D/[ 7076.100981@2]- ionvid(    0): dbg: ionvideo: set freerun mode
07-02 20:26:31.323 D/[ 7076.216535@2]- 0(    0): AV_SCRATCH_1 = 841fe078, AV_SCRATCH_2 1a077
07-02 20:26:31.323 D/[ 7076.216588@2]- 0(    0): chroma_format_idc = 1 frame_mbs_only_flag 1, crop_bottom 8,  frame_height 1080,
07-02 20:26:31.329 D/[ 7076.216593@2]- 0(    0): mb_height 68,crop_right 0, frame_width 1920, mb_width 120
07-02 20:26:31.329 D/[ 7076.216598@2]- 0(    0): level_idc = 40 pic_size = 3133440 size = 4
07-02 20:26:31.330 D/[ 7076.216603@2]- 0(    0): mb height/widht/total: 44/78/1fe0 level_idc 28 max_ref_num 4
07-02 20:26:31.330 D/[ 7076.216609@2]- 0(    0): restriction_flag=1, max_dec_frame_buffering=4, dec_dpb_size=6 num_reorder_frames 2 used_reorder_dpb_size_margin 9
07-02 20:26:31.330 D/[ 7076.216614@2]- 0(    0): vh264_set_params active_buf_spec_num 15 dec_dpb_size 6 collocate_buf_num 8
07-02 20:26:31.391 D/[ 7076.285818@2]- 0(    0): num_ref_frames change from 0 to 4
07-02 20:26:31.428 D/        (    0): [ 7076.322983@2]- cal_dur_from_pts vstatus 3840 dur3600 -> 3840, revised 3840
07-02 20:26:31.428 I/[ 7076.323253@2]- vframe_rate_uevent(    0): sent uevent FRAME_RATE_HINT=3840
07-02 20:26:31.945 D/INSETS  ( 3846): else - Package Name ::  left : 0 right :: 0 top :: 0 bottom :: 0 dfu-right :: 1920 dfu-bottom :: 1080
07-02 20:26:31.990 E/[ 7076.883984@3]- ion_import_dma_buf(    0): can not import dmabuf from another exporter
07-02 20:26:31.990 E/[ 7076.884665@1]- ion_import_dma_buf(    0): can not import dmabuf from another exporter
07-02 20:26:31.990 E/[ 7076.885503@3]- ion_import_dma_buf(    0): can not import dmabuf from another exporter
07-02 20:26:31.990 E/[ 7076.886044@3]- ion_import_dma_buf(    0): can not import dmabuf from another exporter
07-02 20:26:31.990 E/[ 7076.886638@3]- ion_import_dma_buf(    0): can not import dmabuf from another exporter
07-02 20:26:31.991 E/[ 7076.887179@3]- ion_import_dma_buf(    0): can not import dmabuf from another exporter
07-02 20:26:31.991 E/[ 7076.888078@1]- ion_import_dma_buf(    0): can not import dmabuf from another exporter
07-02 20:26:31.993 E/[ 7076.889088@3]- ion_import_dma_buf(    0): can not import dmabuf from another exporter
07-02 20:26:32.015 E/[ 7076.907358@2]- ion_import_dma_buf(    0): can not import dmabuf from another exporter
07-02 20:26:32.015 I/[ 7076.908987@0]- VID(    0): VD1 off
07-02 20:26:32.015 I/[ 7076.909104@0]- vc(    0): [0]vc: set enable index=0, val=1
07-02 20:26:32.015 I/        (    0): [ 7076.909125@0]- dev->index =0, val=2
07-02 20:26:32.015 I/[ 7076.909130@0]- VID(    0): VD1 off
07-02 20:26:32.015 I/[ 7076.909135@0]- VID(    0): VD1 set global output as 1
07-02 20:26:32.015 I/[ 7076.909165@0]- VID(    0): store VD0 path_id changed -1->2
07-02 20:26:32.015 I/[ 7076.909189@0]- vc(    0): [0]sideband_type =-1
07-02 20:26:32.044 W/[ 7076.939120@3]- RTW(    0): fill_default_txdesc(wlan0): SP Packet(0x0806) rate=0x4 SeqNum = 3870
07-02 20:26:32.053 E/[ 7076.939277@1]- ion_import_dma_buf(    0): can not import dmabuf from another exporter
07-02 20:26:32.094 E/[ 7076.989563@1]- ion_import_dma_buf(    0): can not import dmabuf from another exporter
07-02 20:26:32.130 E/[ 7077.022611@0]- ion_import_dma_buf(    0): can not import dmabuf from another exporter
07-02 20:26:32.177 E/[ 7077.072769@3]- ion_import_dma_buf(    0): can not import dmabuf from another exporter
07-02 20:26:32.210 E/[ 7077.105982@1]- ion_import_dma_buf(    0): can not import dmabuf from another exporter
07-02 20:26:32.261 E/[ 7077.156147@0]- ion_import_dma_buf(    0): can not import dmabuf from another exporter
07-02 20:26:32.294 E/[ 7077.189581@1]- ion_import_dma_buf(    0): can not import dmabuf from another exporter
07-02 20:26:32.930 I/        (    0): [ 7077.825246@1]- is_reset=1
07-02 20:26:32.930 I/[ 7077.826384@1]- vframe_rate_uevent(    0): sent uevent FRAME_RATE_HINT=0
07-02 20:26:32.947 I/[ 7077.839035@1]- unreg(    0): ionvideo
07-02 20:26:32.947 D/        (    0): [ 7077.839099@1]- vdec_disable_DMC input->target= 0x0
07-02 20:26:32.947 D/[ 7077.839315@1]- 0(    0): vh264_stop
07-02 20:26:32.950 D/        (    0): [ 7077.844543@1]- vdec_release instance 000000009ca3ce8a, total 1 id = 0
07-02 20:26:32.950 D/        (    0): [ 7077.844735@1]- the clk_vdec_mux    clock off, ref cnt: 0
07-02 20:26:32.950 D/        (    0): [ 7077.844746@1]- the vdec            clock off, ref cnt: 0
07-02 20:26:32.950 D/        (    0): [ 7077.844750@1]- the parser_top      clock off, ref cnt: 1
07-02 20:26:32.950 D/        (    0): [ 7077.844754@1]- the demux           clock off, ref cnt: 1
07-02 20:26:32.950 D/        (    0): [ 7077.844825@1]- the demux           clock on, ref cnt: 2
07-02 20:26:32.950 D/        (    0): [ 7077.844831@1]- the parser_top      clock on, ref cnt: 2
07-02 20:26:32.950 D/        (    0): [ 7077.844838@1]- the vdec            clock on, ref cnt: 1
07-02 20:26:32.950 D/        (    0): [ 7077.844857@1]- the clk_vdec_mux    clock on, ref cnt: 1
07-02 20:26:32.950 D/        (    0): [ 7077.844891@1]- vdec mux clock is 499999992 Hz
07-02 20:26:32.950 D/        (    0): [ 7077.845069@1]- vdec_create instance 00000000e6e9094e, total 1, PM: legacy
07-02 20:26:32.950 D/        (    0): [ 7077.845120@1]- no drmmode
07-02 20:26:32.950 I/        (    0): [ 7077.845166@1]- is_reset=1
07-02 20:26:32.950 I/        (    0): [ 7077.845259@1]- vdec_init, dev_name:ammvdec_h264, vdec_type=VDEC_TYPE_FRAME_BLOCK  id = 0
07-02 20:26:32.950 D/        (    0): [ 7077.846155@1]- ammvdec_h264_mmu_init tvp = 0x0 mmu_enable 0
07-02 20:26:32.951 D/        (    0): [ 7077.846163@1]- decoder_bmmu_box_alloc_box, tvp_flags = 0
07-02 20:26:32.953 D/[ 7077.846183@1]- 0(    0): ammvdec_h264_probe mmu_enable 0 double_write_mode 0x10
07-02 20:26:32.953 D/[ 7077.847324@1]- 0(    0): ammvdec_h264 mem-addr=0,buff_offset=58cc0000,buf_start=58cb0000
07-02 20:26:32.953 D/        (    0): [ 7077.847367@1]- vdec mux clock is 666666656 Hz
07-02 20:26:32.953 D/        (    0): [ 7077.847372@1]- vdec1 video changed to 3840 x 2160 60 fps clk->667MHZ
07-02 20:26:32.953 W/        (    0): [ 7077.847378@1]- H264 sysinfo: 1920x1080 duration=3840, pts_outside=1
07-02 20:26:32.953 D/        (    0): [ 7077.847382@1]- sync_outside=0, use_idr_framerate=0, is_used_v4l: 0
07-02 20:26:32.953 I/        (    0): [ 7077.847565@1]- [TEE], the fw (h264_multi) will be loaded.
07-02 20:26:32.953 D/        (    0): [ 7077.848065@1]- vh264_init, phy_addr=7446e000 vaddr=0000000094643ab6
07-02 20:26:32.953 D/        (    0): [ 7077.848995@1]- vfm map vdec-map-0 created
07-02 20:26:32.953 I/[ 7077.849017@1]- reg(    0): ionvideo
07-02 20:26:32.953 D/        (    0): [ 7077.849023@1]- vdec_init, vf_provider_name = vdec.h264.00, b 0
07-02 20:26:32.953 I/        (    0): [ 7077.849748@1]- vdec->port_flag=0x102, port_flag=0x10b
07-02 20:26:32.958 I/        (    0): [ 7077.849855@1]- is_reset=0
07-02 20:26:32.994 I/        (    0): [ 7077.888656@2]- is_reset=1
07-02 20:26:32.994 I/[ 7077.889690@2]- vframe_rate_uevent(    0): sent uevent FRAME_RATE_HINT=0
07-02 20:26:33.002 I/[ 7077.894756@0]- unreg(    0): ionvideo
07-02 20:26:33.009 D/        (    0): [ 7077.895171@0]- vdec_disable_DMC input->target= 0x0
07-02 20:26:33.009 D/[ 7077.895330@0]- 0(    0): vh264_stop
07-02 20:26:33.010 D/        (    0): [ 7077.896246@0]- vdec_release instance 00000000e6e9094e, total 1 id = 0
07-02 20:26:33.010 D/        (    0): [ 7077.896437@0]- the clk_vdec_mux    clock off, ref cnt: 0
07-02 20:26:33.010 D/        (    0): [ 7077.896447@0]- the vdec            clock off, ref cnt: 0
07-02 20:26:33.010 D/        (    0): [ 7077.896451@0]- the parser_top      clock off, ref cnt: 1
07-02 20:26:33.010 D/        (    0): [ 7077.896455@0]- the demux           clock off, ref cnt: 1
07-02 20:26:33.010 D/        (    0): [ 7077.896527@0]- the demux           clock on, ref cnt: 2
07-02 20:26:33.010 D/        (    0): [ 7077.896532@0]- the parser_top      clock on, ref cnt: 2
07-02 20:26:33.010 D/        (    0): [ 7077.896538@0]- the vdec            clock on, ref cnt: 1
07-02 20:26:33.010 D/        (    0): [ 7077.896557@0]- the clk_vdec_mux    clock on, ref cnt: 1
07-02 20:26:33.010 D/        (    0): [ 7077.896590@0]- vdec mux clock is 499999992 Hz
07-02 20:26:33.010 D/        (    0): [ 7077.896871@0]- vdec_create instance 000000005da7f1b2, total 1, PM: legacy
07-02 20:26:33.010 D/        (    0): [ 7077.896932@0]- no drmmode
07-02 20:26:33.010 I/        (    0): [ 7077.896978@0]- is_reset=1
07-02 20:26:33.010 I/        (    0): [ 7077.897161@0]- vdec_init, dev_name:ammvdec_h264, vdec_type=VDEC_TYPE_FRAME_BLOCK  id = 0
07-02 20:26:33.010 D/        (    0): [ 7077.898251@0]- ammvdec_h264_mmu_init tvp = 0x0 mmu_enable 0
07-02 20:26:33.010 D/        (    0): [ 7077.898258@0]- decoder_bmmu_box_alloc_box, tvp_flags = 0
07-02 20:26:33.010 D/[ 7077.898278@0]- 0(    0): ammvdec_h264_probe mmu_enable 0 double_write_mode 0x10
07-02 20:26:33.010 D/[ 7077.899998@1]- 0(    0): ammvdec_h264 mem-addr=0,buff_offset=58cc0000,buf_start=58cb0000
07-02 20:26:33.010 D/        (    0): [ 7077.900040@1]- vdec mux clock is 666666656 Hz
07-02 20:26:33.010 D/        (    0): [ 7077.900046@1]- vdec1 video changed to 3840 x 2160 60 fps clk->667MHZ
07-02 20:26:33.010 W/        (    0): [ 7077.900052@1]- H264 sysinfo: 1920x1080 duration=3840, pts_outside=1
07-02 20:26:33.010 D/        (    0): [ 7077.900056@1]- sync_outside=0, use_idr_framerate=0, is_used_v4l: 0
07-02 20:26:33.010 I/        (    0): [ 7077.900214@1]- [TEE], the fw (h264_multi) will be loaded.
07-02 20:26:33.010 D/        (    0): [ 7077.900935@3]- vh264_init, phy_addr=7446e000 vaddr=00000000af406045
07-02 20:26:33.010 D/        (    0): [ 7077.901803@1]- vfm map vdec-map-0 created
07-02 20:26:33.010 I/[ 7077.901825@1]- reg(    0): ionvideo
07-02 20:26:33.010 D/        (    0): [ 7077.901831@1]- vdec_init, vf_provider_name = vdec.h264.00, b 0
07-02 20:26:33.010 I/        (    0): [ 7077.903048@1]- vdec->port_flag=0x102, port_flag=0x10b
07-02 20:26:33.010 I/        (    0): [ 7077.903158@1]- is_reset=0
07-02 20:26:33.018 I/[ 7077.913339@2]- vframe_rate_uevent(    0): sent uevent FRAME_RATE_HINT=0
07-02 20:26:33.030 I/[ 7077.922561@1]- unreg(    0): ionvideo
07-02 20:26:33.030 D/        (    0): [ 7077.922593@1]- vdec_disable_DMC input->target= 0x0
07-02 20:26:33.030 D/[ 7077.922714@1]- 0(    0): vh264_stop
07-02 20:26:33.030 D/        (    0): [ 7077.923272@1]- vdec_release instance 000000005da7f1b2, total 1 id = 0
07-02 20:26:33.030 D/        (    0): [ 7077.923483@1]- the clk_vdec_mux    clock off, ref cnt: 0
07-02 20:26:33.030 D/        (    0): [ 7077.923494@1]- the vdec            clock off, ref cnt: 0
07-02 20:26:33.030 D/        (    0): [ 7077.923498@1]- the parser_top      clock off, ref cnt: 1
07-02 20:26:33.030 D/        (    0): [ 7077.923502@1]- the demux           clock off, ref cnt: 1
07-02 20:26:33.030 I/[ 7077.923536@1]- 00000000089b8c42(    0): free ion_id:0, priv_data:0
07-02 20:26:33.030 D/        (    0): [ 7077.923541@1]d ionvideo_release_map 0 OK
07-02 20:26:33.030 D/[ 7077.923680@1]- ionvid(    0): dbg: vidioc_close!!!!
07-02 20:26:33.030 D/[ 7077.923695@1]- ionvid(    0): dbg: vidioc_close
07-02 20:26:33.030 I/[ 7077.924683@1]- resman(    0): 116 release [codec_mm]
07-02 20:26:33.092 I/UsageStatsService( 3846): User[0] Flushing usage stats to disk
07-02 20:26:33.122 D/INSETS  ( 3846): else - Package Name ::  left : 0 right :: 0 top :: 0 bottom :: 0 dfu-right :: 1920 dfu-bottom :: 1080
07-02 20:26:33.148 I/[ 7078.044676@2]- vc(    0): [0]vc: set enable index=0, val=0
07-02 20:26:33.148 I/[ 7078.044696@2]- VID(    0): store VD0 path_id changed 2->-1
07-02 20:26:33.148 I/        (    0): [ 7078.044700@2]- dev->index =0, val=1
07-02 20:26:33.148 I/[ 7078.044705@2]- VID(    0): VD1 off
07-02 20:26:33.148 I/[ 7078.044735@1]- VID(    0): VD1 set global output as 0
07-02 20:26:33.148 I/        (    0): [ 7078.044753@1]- common_vf_unreg_provider video_render.0: vd1 used: true, vd2 used: false, black_out:0, cur_buf:000000004ba1dfee
07-02 20:26:33.158 W/[ 7078.050739@2]- RTW(    0): Turbo EDCA =0x431c
07-02 20:26:35.174 W/[ 7080.067215@2]- RTW(    0): Turbo EDCA =0x5ea42b
07-02 20:26:37.124 W/[ 7082.019408@2]- RTW(    0): fill_default_txdesc(wlan0): SP Packet(0x0806) rate=0x4 SeqNum = 3105
07-02 20:26:41.174 W/[ 7086.069043@1]- RTW(    0): fill_default_txdesc(wlan0): SP Packet(0x0806) rate=0x4 SeqNum = 3327
07-02 20:26:33.535 D/INSETS  ( 3846): else - Package Name ::  left : 0 right :: 0 top :: 0 bottom :: 0 dfu-right :: 1920 dfu-bottom :: 1080
07-02 20:26:43.216 I/UsageStatsService( 3846): User[0] Flushing usage stats to disk
07-02 20:26:44.762 W/[ 7089.656615@0]- healthd(    0): battery l=100 v=4 t=0.0 h=2 st=2 c=1100 fc=10000000 chg=u
07-02 20:26:46.274 W/[ 7091.170056@3]- RTW(    0): fill_default_txdesc(wlan0): SP Packet(0x0806) rate=0x4 SeqNum = 3573
07-02 20:26:49.034 I/[ 7093.930129@0]- resman(    0): 117 appname:OMX-88, type=0
07-02 20:26:49.098 I/[ 7093.993675@3]- resman(    0): 117 acquire [codec_mm], preempt yes
07-02 20:26:49.098 I/[ 7093.993687@3]- resman(    0): 117 score 30 secure no
07-02 20:26:49.098 I/[ 7093.993692@3]- resman(    0): 117 acquire [codec_mm] success
07-02 20:26:49.098 D/        (    0): [ 7093.993754@3]- the demux           clock on, ref cnt: 2
07-02 20:26:49.098 D/        (    0): [ 7093.993759@3]- the parser_top      clock on, ref cnt: 2
07-02 20:26:49.098 D/        (    0): [ 7093.993769@3]- the vdec            clock on, ref cnt: 1
07-02 20:26:49.098 D/        (    0): [ 7093.993791@3]- the clk_vdec_mux    clock on, ref cnt: 1
07-02 20:26:49.098 D/        (    0): [ 7093.993822@3]- vdec mux clock is 499999992 Hz
07-02 20:26:49.098 D/        (    0): [ 7093.993998@3]- vdec_create instance 000000006bdcfa84, total 1, PM: legacy
07-02 20:26:49.098 D/        (    0): [ 7093.994035@3]- no drmmode
07-02 20:26:49.098 I/        (    0): [ 7093.994095@3]- is_reset=0
07-02 20:26:49.098 I/        (    0): [ 7093.994121@3]- vdec_init, dev_name:ammvdec_h264, vdec_type=VDEC_TYPE_FRAME_BLOCK  id = 0
07-02 20:26:49.099 D/        (    0): [ 7093.995017@3]- ammvdec_h264_mmu_init tvp = 0x0 mmu_enable 0
07-02 20:26:49.099 D/        (    0): [ 7093.995024@3]- decoder_bmmu_box_alloc_box, tvp_flags = 0
07-02 20:26:49.099 D/[ 7093.995043@3]- 0(    0): ammvdec_h264_probe mmu_enable 0 double_write_mode 0x10
07-02 20:26:49.102 D/[ 7093.997452@3]- 0(    0): ammvdec_h264 mem-addr=0,buff_offset=57200000,buf_start=571f0000
07-02 20:26:49.102 D/        (    0): [ 7093.997508@3]- vdec mux clock is 666666656 Hz
07-02 20:26:49.102 D/        (    0): [ 7093.997513@3]- vdec1 video changed to 3840 x 2160 60 fps clk->667MHZ
07-02 20:26:49.102 W/        (    0): [ 7093.997520@3]- H264 sysinfo: 1280x720 duration=4000, pts_outside=1
07-02 20:26:49.102 D/        (    0): [ 7093.997524@3]- sync_outside=0, use_idr_framerate=0, is_used_v4l: 0
07-02 20:26:49.102 I/        (    0): [ 7093.997726@3]- [TEE], the fw (h264_multi) will be loaded.
07-02 20:26:49.102 D/        (    0): [ 7093.997887@3]- vh264_init, phy_addr=7446e000 vaddr=000000008a6755aa
07-02 20:26:49.102 D/        (    0): [ 7093.998088@3]- vfm map vdec-map-0 created
07-02 20:26:49.102 I/[ 7093.998110@3]- dim(    0): ch[1]:di_receiver_event_fun,8:_REG
07-02 20:26:49.102 I/[ 7093.998115@3]- dim(    0): reg:vdec.h264.00[174]
07-02 20:26:49.102 I/[ 7093.998662@0]- dim(    0): reg:use[0]ms
07-02 20:26:49.106 E/[ 7093.998707@0]- reg(    0): v4lvideo
07-02 20:26:49.106 I/[ 7093.998716@0]- dim(    0): ch[1]:di_receiver_event_fun,3:_START
07-02 20:26:49.106 D/        (    0): [ 7093.998723@0]- vdec_init, vf_provider_name = vdec.h264.00, b 0
07-02 20:26:49.106 I/        (    0): [ 7094.000979@3]- vdec->port_flag=0x102, port_flag=0x10b
07-02 20:26:49.111 D/[ 7094.004386@3]- v4lvid(    0): dbg: v4lvideo open
07-02 20:26:49.209 D/[ 7094.103183@3]- 0(    0): AV_SCRATCH_1 = 840e1050, AV_SCRATCH_2 ffa077
07-02 20:26:49.209 D/[ 7094.103240@3]- 0(    0): chroma_format_idc = 1 frame_mbs_only_flag 1, crop_bottom 0,  frame_height 720,
07-02 20:26:49.209 D/[ 7094.103245@3]- 0(    0): mb_height 45,crop_right 0, frame_width 1280, mb_width 80
07-02 20:26:49.209 D/[ 7094.103250@3]- 0(    0): level_idc = 31 pic_size = 1382400 size = 5
07-02 20:26:49.209 D/[ 7094.103255@3]- 0(    0): Warning: max_dec_frame_buffering(4) is less than DPB size(5) calculated from Profile/Level.
07-02 20:26:49.209 D/[ 7094.103260@3]- 0(    0): mb height/widht/total: 30/50/f00 level_idc 1f max_ref_num 4
07-02 20:26:49.209 D/[ 7094.103265@3]- 0(    0): restriction_flag=1, max_dec_frame_buffering=4, dec_dpb_size=6 num_reorder_frames 3 used_reorder_dpb_size_margin 9
07-02 20:26:49.209 D/[ 7094.103270@3]- 0(    0): vh264_set_params active_buf_spec_num 15 dec_dpb_size 6 collocate_buf_num 8
07-02 20:26:49.230 D/[ 7094.124208@1]- 0(    0): num_ref_frames change from 0 to 4
07-02 20:26:49.235 I/[ 7094.127616@1]- dim(    0): value reg:ch[1]:fix_buf:0;ponly <0,0>
07-02 20:26:49.240 I/[ 7094.127631@1]- dim(    0): 1280x720-0x9000.
07-02 20:26:49.240 I/[ 7094.127842@1]- v4lvideo(    0): provider name: vdec.h264.00
07-02 20:26:49.246 D/        (    0): [ 7094.141896@0]- cal_dur_from_pts vstatus 4000 dur3749 -> 3998, revised 4000
07-02 20:26:49.247 I/[ 7094.142137@0]- vframe_rate_uevent(    0): sent uevent FRAME_RATE_HINT=4000
07-02 20:26:49.281 W/[ 7094.176173@0]- RTW(    0): Turbo EDCA =0x431c
07-02 20:26:49.467 I/[ 7094.359749@1]- VID(    0): VD1 off
07-02 20:26:49.470 I/[ 7094.359894@1]- vc(    0): [0]vc: set enable index=0, val=1
07-02 20:26:49.470 I/        (    0): [ 7094.359913@1]- dev->index =0, val=2
07-02 20:26:49.470 I/[ 7094.359917@1]- VID(    0): VD1 off
07-02 20:26:49.470 I/[ 7094.359922@1]- VID(    0): VD1 set global output as 1
07-02 20:26:49.471 I/[ 7094.359953@1]- VID(    0): store VD0 path_id changed -1->2
07-02 20:26:49.471 I/[ 7094.359973@1]- vc(    0): [0]sideband_type =-1
07-02 20:26:51.354 W/[ 7096.250655@3]- RTW(    0): fill_default_txdesc(wlan0): SP Packet(0x0806) rate=0x4 SeqNum = 2156
07-02 20:26:55.330 W/[ 7100.222812@1]- RTW(    0): Turbo EDCA =0x5ea42b
07-02 20:26:56.450 W/[ 7101.344148@1]- RTW(    0): fill_default_txdesc(wlan0): SP Packet(0x0806) rate=0x4 SeqNum = 3000
07-02 20:26:56.494 I/        (    0): [ 7101.389705@3]- is_reset=1
07-02 20:26:56.494 I/[ 7101.390132@3]- vframe_rate_uevent(    0): sent uevent FRAME_RATE_HINT=0
07-02 20:26:56.498 I/[ 7101.390621@1]- dim(    0): ch[1]:di_receiver_event_fun,1:_UNREG
07-02 20:26:56.498 E/[ 7101.390659@1]- unreg(    0): v4lvideo
07-02 20:26:56.498 I/[ 7101.390718@2]- dim(    0): unreg:2keep[0], msk:[0x0,0x0]
07-02 20:26:56.506 I/[ 7101.401881@1]- dim(    0): unreg:use[11]ms
07-02 20:26:56.506 D/        (    0): [ 7101.401911@1]- vdec_disable_DMC input->target= 0x0
07-02 20:26:56.506 D/[ 7101.402028@1]- 0(    0): vh264_stop
07-02 20:26:56.510 D/        (    0): [ 7101.403212@1]- vdec_release instance 000000006bdcfa84, total 1 id = 0
07-02 20:26:56.510 D/        (    0): [ 7101.403406@1]- the clk_vdec_mux    clock off, ref cnt: 0
07-02 20:26:56.510 D/        (    0): [ 7101.403415@1]- the vdec            clock off, ref cnt: 0
07-02 20:26:56.510 D/        (    0): [ 7101.403419@1]- the parser_top      clock off, ref cnt: 1
07-02 20:26:56.510 D/        (    0): [ 7101.403424@1]- the demux           clock off, ref cnt: 1
07-02 20:26:56.510 D/        (    0): [ 7101.403477@1]- the demux           clock on, ref cnt: 2
07-02 20:26:56.510 D/        (    0): [ 7101.403482@1]- the parser_top      clock on, ref cnt: 2
07-02 20:26:56.510 D/        (    0): [ 7101.403490@1]- the vdec            clock on, ref cnt: 1
07-02 20:26:56.510 D/        (    0): [ 7101.403510@1]- the clk_vdec_mux    clock on, ref cnt: 1
07-02 20:26:56.510 D/        (    0): [ 7101.403542@1]- vdec mux clock is 499999992 Hz
07-02 20:26:56.510 D/        (    0): [ 7101.403699@1]- vdec_create instance 000000003805ff2f, total 1, PM: legacy
07-02 20:26:56.510 D/        (    0): [ 7101.403735@1]- no drmmode
07-02 20:26:56.510 I/        (    0): [ 7101.403755@1]- is_reset=1
07-02 20:26:56.510 I/        (    0): [ 7101.403781@1]- vdec_init, dev_name:ammvdec_h264, vdec_type=VDEC_TYPE_FRAME_BLOCK  id = 0
07-02 20:26:56.510 D/        (    0): [ 7101.404614@1]- ammvdec_h264_mmu_init tvp = 0x0 mmu_enable 0
07-02 20:26:56.510 D/        (    0): [ 7101.404620@1]- decoder_bmmu_box_alloc_box, tvp_flags = 0
07-02 20:26:56.510 D/[ 7101.404639@1]- 0(    0): ammvdec_h264_probe mmu_enable 0 double_write_mode 0x10
07-02 20:26:56.510 D/[ 7101.405620@3]- 0(    0): ammvdec_h264 mem-addr=0,buff_offset=57200000,buf_start=571f0000
07-02 20:26:56.510 D/        (    0): [ 7101.405660@3]- vdec mux clock is 666666656 Hz
07-02 20:26:56.510 D/        (    0): [ 7101.405665@3]- vdec1 video changed to 3840 x 2160 60 fps clk->667MHZ
07-02 20:26:56.510 W/        (    0): [ 7101.405672@3]- H264 sysinfo: 1280x720 duration=4000, pts_outside=1
07-02 20:26:56.510 D/        (    0): [ 7101.405677@3]- sync_outside=0, use_idr_framerate=0, is_used_v4l: 0
07-02 20:26:56.510 I/        (    0): [ 7101.405894@3]- [TEE], the fw (h264_multi) will be loaded.
07-02 20:26:56.510 D/        (    0): [ 7101.406007@3]- vh264_init, phy_addr=7446e000 vaddr=0000000072dca375
07-02 20:26:56.510 D/        (    0): [ 7101.406221@3]- vfm map vdec-map-0 created
07-02 20:26:56.510 I/[ 7101.406241@3]- dim(    0): ch[1]:di_receiver_event_fun,8:_REG
07-02 20:26:56.510 I/[ 7101.406247@3]- dim(    0): reg:vdec.h264.00[175]
07-02 20:26:56.510 I/[ 7101.406786@3]- dim(    0): reg:use[0]ms
07-02 20:26:56.510 E/[ 7101.406806@3]- reg(    0): v4lvideo
07-02 20:26:56.510 I/[ 7101.406814@3]- dim(    0): ch[1]:di_receiver_event_fun,3:_START
07-02 20:26:56.510 D/        (    0): [ 7101.406820@3]- vdec_init, vf_provider_name = vdec.h264.00, b 0
07-02 20:26:56.511 I/        (    0): [ 7101.407459@3]- vdec->port_flag=0x102, port_flag=0x10b
07-02 20:26:56.511 I/        (    0): [ 7101.407578@3]- is_reset=0
07-02 20:26:56.537 I/        (    0): [ 7101.430005@2]- is_reset=1
07-02 20:26:56.537 I/[ 7101.430289@2]- vframe_rate_uevent(    0): sent uevent FRAME_RATE_HINT=0
07-02 20:26:56.537 I/[ 7101.430561@2]- dim(    0): ch[1]:di_receiver_event_fun,1:_UNREG
07-02 20:26:56.537 E/[ 7101.430576@2]- unreg(    0): v4lvideo
07-02 20:26:56.537 I/[ 7101.430622@2]- dim(    0): unreg:use[0]ms
07-02 20:26:56.537 D/        (    0): [ 7101.430643@2]- vdec_disable_DMC input->target= 0x0
07-02 20:26:56.537 D/[ 7101.430758@2]- 0(    0): vh264_stop
07-02 20:26:56.537 D/        (    0): [ 7101.431239@2]- vdec_release instance 000000003805ff2f, total 1 id = 0
07-02 20:26:56.537 D/        (    0): [ 7101.431418@2]- the clk_vdec_mux    clock off, ref cnt: 0
07-02 20:26:56.537 D/        (    0): [ 7101.431427@2]- the vdec            clock off, ref cnt: 0
07-02 20:26:56.537 D/        (    0): [ 7101.431431@2]- the parser_top      clock off, ref cnt: 1
07-02 20:26:56.537 D/        (    0): [ 7101.431435@2]- the demux           clock off, ref cnt: 1
