07-02 17:45:34.317 W/ContextImpl( 5753): Calling a method in the system process without a qualified user: android.app.ContextImpl.sendBroadcast:1111 android.content.ContextWrapper.sendBroadcast:468 com.rjil.sdmcsetting.NetworkRepositoryImpl.handleSuccess:523 com.rjil.sdmcsetting.NetworkRepositoryImpl.checkNetwork:272 com.rjil.sdmcsetting.NetworkRepositoryImpl.checkNetwork:236 
07-02 17:45:34.319 W/ContextImpl( 5753): Calling a method in the system process without a qualified user: android.app.ContextImpl.sendBroadcast:1111 android.content.ContextWrapper.sendBroadcast:468 com.rjil.sdmcsetting.NetworkRepositoryImpl.handleSuccess:523 com.rjil.sdmcsetting.NetworkRepositoryImpl.checkNetwork:272 com.rjil.sdmcsetting.NetworkRepositoryImpl.checkNetwork:236 
07-02 17:45:34.342 D/NotificationService( 3893): 0|com.omni.simplesetup|3|null|10019: granting content://settings/system/notification_sound
07-02 17:45:34.343 I/chatty  ( 3893): uid=1000 system_server identical 2 lines
07-02 17:45:34.344 D/NotificationService( 3893): 0|com.omni.simplesetup|3|null|10019: granting content://settings/system/notification_sound
07-02 17:45:34.354 W/NotificationHistory( 3893): Attempted to add notif for locked/gone/disabled user 0
07-02 17:45:34.420 W/ContextImpl( 5309): Calling a method in the system process without a qualified user: android.app.ContextImpl.sendBroadcast:1111 android.content.ContextWrapper.sendBroadcast:468 android.content.ContextWrapper.sendBroadcast:468 com.rjil.jiostbsetting.utils.UtilsKt.sendHDMIBroadcastToLauncher:409 com.rjil.jiostbsetting.receiver.BootReceiver.onReceive:129 
07-02 17:45:34.441 W/ContextImpl( 5309): Calling a method in the system process without a qualified user: android.app.ContextImpl.startForegroundService:1675 android.content.ContextWrapper.startForegroundService:725 com.rjil.jiostbsetting.receiver.BootReceiver.actionOnService:338 com.rjil.jiostbsetting.receiver.BootReceiver.onReceive:159 android.app.ActivityThread.handleReceiver:4026 
07-02 17:45:34.488 D/INSETS  ( 3893): else - Package Name ::  left : 0 right :: 0 top :: 0 bottom :: 0 dfu-right :: 1920 dfu-bottom :: 1080
07-02 17:45:34.489 D/INSETS  ( 3893): else - Package Name ::  left : 0 right :: 0 top :: 0 bottom :: 0 dfu-right :: 1920 dfu-bottom :: 1080
07-02 17:45:34.515 D/INSETS  ( 3893): else - Package Name ::  left : 0 right :: 0 top :: 0 bottom :: 0 dfu-right :: 1920 dfu-bottom :: 1080
07-02 17:45:34.516 D/INSETS  ( 3893): else - Package Name ::  left : 0 right :: 0 top :: 0 bottom :: 0 dfu-right :: 1920 dfu-bottom :: 1080
07-02 17:45:34.656 W/ContextImpl( 5309): Calling a method in the system process without a qualified user: android.app.ContextImpl.bindService:1748 android.content.ContextWrapper.bindService:756 com.jio.adc.core.b.d:56 com.jio.adc.core.b.b:13 com.jio.adc.core.b$c.run:7 
07-02 17:45:34.832 W/NotificationHistory( 3893): Attempted to add notif for locked/gone/disabled user 0
07-02 17:45:34.871 W/[   61.818751@1]- RTW(    0): Turbo EDCA =0x5ea42b
07-02 17:45:35.309 W/[   62.182006@2]- audit(    0): audit_lost=125 audit_rate_limit=5 audit_backlog_limit=64
07-02 17:45:35.309 E/[   62.182013@2]- audit(    0): rate limit exceeded
07-02 17:45:35.575 I/[   62.521391@0]- fb(    0): mem_free_work, free memory: addr:800000
07-02 17:45:35.811 D/CompatibilityChangeReporter( 3893): Compat change id reported: 135634846; UID 1000; state: DISABLED
07-02 17:45:35.839 W/[   62.789003@1]s RTW(    0): rtw_issue_addbareq_cmd, p=0
07-02 17:45:35.839 W/[   62.789213@1]- RTW(    0): BA_starting_seqctrl = 653 for TID=0
07-02 17:45:35.839 W/[   62.789242@1]- RTW(    0): issue_addba_req(wlan0) ra=60:bd:2c:c2:fe:bd tid=0
07-02 17:45:35.844 W/[   62.790562@1]- RTW(    0): OnAction_back
07-02 17:45:35.844 W/[   62.790572@1]- RTW(    0): OnAction_back, action=1
07-02 17:45:35.844 W/[   62.790576@1]- RTW(    0): agg_enable for TID=0
07-02 17:45:35.874 W/ActivityManager( 3893): Slow operation: 65ms so far, now at startProcess: returned from zygote!
07-02 17:45:35.875 W/ActivityManager( 3893): Slow operation: 65ms so far, now at startProcess: done updating battery stats
07-02 17:45:35.875 W/ActivityManager( 3893): Slow operation: 66ms so far, now at startProcess: building log message
07-02 17:45:35.875 I/ActivityManager( 3893): Start proc 7509:com.rjl.mobileremote.receiver/1000 for broadcast {com.rjl.mobileremote.receiver/com.rjl.mobileremote.receiver.BootReceiver}
07-02 17:45:35.875 W/ActivityManager( 3893): Slow operation: 66ms so far, now at startProcess: starting to update pids map
07-02 17:45:35.875 W/ActivityManager( 3893): Slow operation: 66ms so far, now at startProcess: done updating pids map
07-02 17:45:36.274 W/ContextImpl( 7509): Calling a method in the system process without a qualified user: android.app.ContextImpl.startForegroundService:1675 android.content.ContextWrapper.startForegroundService:725 android.content.ContextWrapper.startForegroundService:725 com.rjl.mobileremote.receiver.BootReceiver.onReceive:58 android.app.ActivityThread.handleReceiver:4026 
07-02 17:45:36.330 D/CompatibilityChangeReporter( 3893): Compat change id reported: 135634846; UID 10071; state: DISABLED
07-02 17:45:36.331 D/CompatibilityChangeReporter( 3893): Compat change id reported: 143937733; UID 10071; state: ENABLED
07-02 17:45:36.333 D/CompatibilityChangeReporter( 3893): Compat change id reported: 136219221; UID 1000; state: ENABLED
07-02 17:45:36.334 D/CompatibilityChangeReporter( 3893): Compat change id reported: 136219221; UID 1000; state: DISABLED
07-02 17:45:36.454 W/ActivityManager( 3893): Slow operation: 124ms so far, now at startProcess: returned from zygote!
07-02 17:45:36.454 W/ActivityManager( 3893): Slow operation: 125ms so far, now at startProcess: done updating battery stats
07-02 17:45:36.454 W/ActivityManager( 3893): Slow operation: 125ms so far, now at startProcess: building log message
07-02 17:45:36.454 I/ActivityManager( 3893): Start proc 7553:com.amazon.amazonvideo.livingroom/u0a71 for broadcast {com.amazon.amazonvideo.livingroom/com.amazon.ignition.receiver.BootUpReceiver}
07-02 17:45:36.454 W/ActivityManager( 3893): Slow operation: 125ms so far, now at startProcess: starting to update pids map
07-02 17:45:36.456 W/ActivityManager( 3893): Slow operation: 127ms so far, now at startProcess: done updating pids map
07-02 17:45:36.588 W/ActivityManager( 3893): Slow operation: 51ms so far, now at attachApplicationLocked: immediately after bindApplication
07-02 17:45:36.588 W/ActivityManager( 3893): Slow operation: 51ms so far, now at attachApplicationLocked: after updateLruProcessLocked
07-02 17:45:36.589 W/ActivityManager( 3893): Slow operation: 51ms so far, now at attachApplicationLocked: after mServices.attachApplicationLocked
07-02 17:45:36.599 W/ActivityManager( 3893): Slow operation: 62ms so far, now at attachApplicationLocked: after sendPendingBroadcastsLocked
07-02 17:45:36.637 W/[   63.584381@2]- audit(    0): audit_lost=132 audit_rate_limit=5 audit_backlog_limit=64
07-02 17:45:36.666 E/[   63.584389@2]- audit(    0): rate limit exceeded
07-02 17:45:36.667 I/[   63.605476@3]- input(    0): _test_kbd_ as /devices/virtual/input/input5
07-02 17:45:36.736 W/ContextImpl( 5309): Calling a method in the system process without a qualified user: android.app.ContextImpl.sendBroadcast:1111 android.content.ContextWrapper.sendBroadcast:468 com.rjil.jiostbsetting.service.EndlessService.ESNredirect:1604 com.rjil.jiostbsetting.service.EndlessService$mConnection$1$onServiceConnected$2.invokeSuspend:1207 kotlin.coroutines.jvm.internal.BaseContinuationImpl.resumeWith:33 
07-02 17:45:36.765 W/ContextImpl( 5309): Calling a method in the system process without a qualified user: android.app.ContextImpl.sendBroadcast:1111 android.content.ContextWrapper.sendBroadcast:468 com.rjil.jiostbsetting.pod.service.DelaySilentUpgrade.sendUpgradeStatusToPodLogService:125 com.rjil.jiostbsetting.pod.service.DelaySilentUpgrade.continueOnBootCompleted:113 com.rjil.jiostbsetting.pod.service.DelaySilentUpgrade.access$200:30 
07-02 17:45:36.806 W/ContextImpl( 5753): Calling a method in the system process without a qualified user: android.app.ContextImpl.sendBroadcast:1111 android.content.ContextWrapper.sendBroadcast:468 com.rjil.sdmcsetting.NetworkRepositoryImpl.handleSuccess:523 com.rjil.sdmcsetting.NetworkRepositoryImpl.checkNetwork:272 com.rjil.sdmcsetting.NetworkRepositoryImpl.checkNetwork$default:242 
07-02 17:45:36.852 W/[   63.801420@3]s RTW(    0): rtw_issue_addbareq_cmd, p=6
07-02 17:45:36.886 W/NotificationHistory( 3893): Attempted to add notif for locked/gone/disabled user 0
07-02 17:45:37.118 W/ContextImpl( 6769): Calling a method in the system process without a qualified user: android.app.ContextImpl.stopService:1681 android.content.ContextWrapper.stopService:730 com.jio.jiobackgroundscheduler.JioBackgroundSchedulerService.stopPrefetchService:103 com.jio.jiobackgroundscheduler.JioBackgroundSchedulerService.updateServicesList:390 com.jio.jiobackgroundscheduler.JioBackgroundSchedulerService.ServicesListJson:327 
07-02 17:45:37.120 W/ActivityManager( 3893): Unable to start service Intent { cmp=com.jio.media.stb.ondemand.patchwall/.JioPrefetchService } U=0: not found
07-02 17:45:37.142 W/NotificationHistory( 3893): Attempted to add notif for locked/gone/disabled user 0
07-02 17:45:37.460 W/[   63.801477@1]- RTW(    0): BA_starting_seqctrl = 10 for TID=6
07-02 17:45:37.460 W/[   63.801507@1]- RTW(    0): issue_addba_req(wlan0) ra=60:bd:2c:c2:fe:bd tid=6
07-02 17:45:37.460 W/[   63.803203@1]- RTW(    0): OnAction_back
07-02 17:45:37.461 W/[   63.803212@1]- RTW(    0): OnAction_back, action=1
07-02 17:45:37.461 W/[   63.803215@1]- RTW(    0): agg_enable for TID=6
07-02 17:45:37.461 W/[   63.835344@1]- RTW(    0): Turbo EDCA =0x431c
07-02 17:45:37.628 W/[   64.577051@0]- RTW(    0): fill_default_txdesc(wlan0): SP Packet(0x0806) rate=0x4 SeqNum = 1129
07-02 17:45:37.666 W/[   64.612127@0]- RTW(    0): cfg80211_rtw_set_power_mgmt(wlan0) enabled:0, timeout:-1
07-02 17:45:38.525 D/CompatibilityChangeReporter( 3893): Compat change id reported: 135634846; UID 10076; state: DISABLED
07-02 17:45:38.539 D/ConnectivityService( 3893): requestNetwork for uid/pid:10071/7553 NetworkRequest [ TRACK_DEFAULT id=19, [ Capabilities: INTERNET&NOT_RESTRICTED&TRUSTED Uid: 10071 AdministratorUids: [] RequestorUid: 10071 RequestorPackageName: com.amazon.amazonvideo.livingroom] ]
07-02 17:45:38.539 D/ConnectivityService( 3893): NetReassign [19 : null  100]
07-02 17:45:38.541 D/CompatibilityChangeReporter( 3893): Compat change id reported: 143937733; UID 10076; state: DISABLED
07-02 17:45:38.577 W/ActivityManager( 3893): Slow operation: 53ms so far, now at startProcess: returned from zygote!
07-02 17:45:38.577 W/ActivityManager( 3893): Slow operation: 54ms so far, now at startProcess: done updating battery stats
07-02 17:45:38.577 W/ActivityManager( 3893): Slow operation: 54ms so far, now at startProcess: building log message
07-02 17:45:38.577 I/ActivityManager( 3893): Start proc 7672:com.jio.myhome.mediasharedmp/u0a76 for broadcast {com.jio.myhome.mediasharedmp/com.rjil.mediashare.photos.receivers.RebootReceiver}
07-02 17:45:38.577 W/ActivityManager( 3893): Slow operation: 54ms so far, now at startProcess: starting to update pids map
07-02 17:45:38.578 W/ActivityManager( 3893): Slow operation: 55ms so far, now at startProcess: done updating pids map
07-02 17:45:38.754 W/AppBindingService( 3893): [Default SMS app] u0 Target package not found
07-02 17:45:40.076 I/ActivityManager( 3893): Finished processing BOOT_COMPLETED for u0
07-02 17:45:40.891 W/[   67.839372@3]- healthd(    0): battery l=100 v=4 t=0.0 h=2 st=2 c=1100 fc=10000000 chg=u
07-02 17:45:41.369 W/Looper  ( 3893): Slow dispatch took 1295ms android.ui h=com.android.server.am.ActivityManagerService$UiHandler c=null m=53
07-02 17:45:41.389 D/CompatibilityChangeReporter( 3893): Compat change id reported: 135634846; UID 10020; state: DISABLED
07-02 17:45:41.390 D/CompatibilityChangeReporter( 3893): Compat change id reported: 143937733; UID 10020; state: ENABLED
07-02 17:45:41.407 W/ActivityManager( 3893): Foreground service started from background can not have location/camera/microphone access: service com.jio.myhome.mediasharedmp/com.access_company.twine.android.service.PhotosSyncService
07-02 17:45:41.443 W/ActivityManager( 3893): Slow operation: 57ms so far, now at startProcess: returned from zygote!
07-02 17:45:41.451 W/ActivityManager( 3893): Slow operation: 64ms so far, now at startProcess: done updating battery stats
07-02 17:45:41.451 W/ActivityManager( 3893): Slow operation: 64ms so far, now at startProcess: building log message
07-02 17:45:41.451 I/ActivityManager( 3893): Start proc 7769:com.android.externalstorage/u0a20 for broadcast {com.android.externalstorage/com.android.externalstorage.MountReceiver}
07-02 17:45:41.451 W/ActivityManager( 3893): Slow operation: 65ms so far, now at startProcess: starting to update pids map
07-02 17:45:41.455 W/ActivityManager( 3893): Slow operation: 68ms so far, now at startProcess: done updating pids map
07-02 17:45:41.674 D/NotificationService( 3893): 0|com.jio.myhome.mediasharedmp|3|null|10076: granting content://settings/system/notification_sound
07-02 17:45:41.677 I/chatty  ( 3893): uid=1000 system_server identical 2 lines
07-02 17:45:41.677 D/NotificationService( 3893): 0|com.jio.myhome.mediasharedmp|3|null|10076: granting content://settings/system/notification_sound
07-02 17:45:41.692 W/NotificationHistory( 3893): Attempted to add notif for locked/gone/disabled user 0
07-02 17:45:42.281 I/UsageStatsService( 3893): User[0] Flushing usage stats to disk
07-02 17:45:42.559 W/[   69.505309@1]- audit(    0): audit_lost=154 audit_rate_limit=5 audit_backlog_limit=64
07-02 17:45:42.559 E/[   69.505316@1]- audit(    0): rate limit exceeded
07-02 17:45:42.743 W/[   69.690728@2]- RTW(    0): fill_default_txdesc(wlan0): SP Packet(0x0806) rate=0x4 SeqNum = 2549
07-02 17:45:43.014 I/ActivityManager( 3893): Killing 6397:com.android.camera2/u0a54 (adj 985): empty #17
07-02 17:45:43.092 D/ConnectivityService( 3893): requestNetwork for uid/pid:10008/7219 NetworkRequest [ TRACK_DEFAULT id=20, [ Capabilities: INTERNET&NOT_RESTRICTED&TRUSTED Uid: 10008 AdministratorUids: [] RequestorUid: 10008 RequestorPackageName: com.media.jio.sso.stb] ]
07-02 17:45:43.093 D/ConnectivityService( 3893): NetReassign [20 : null  100]
07-02 17:45:43.107 W/BroadcastQueue( 3893): Background execution not allowed: receiving Intent { act=android.net.wifi.supplicant.STATE_CHANGE flg=0x24000010 (has extras) } to com.iwedia.tvinput/.ConnectionReceiver
07-02 17:45:43.200 D/ConnectivityService( 3893): requestNetwork for uid/pid:10076/7672 NetworkRequest [ TRACK_DEFAULT id=21, [ Capabilities: INTERNET&NOT_RESTRICTED&TRUSTED Uid: 10076 AdministratorUids: [] RequestorUid: 10076 RequestorPackageName: com.jio.myhome.mediasharedmp] ]
07-02 17:45:43.200 D/ConnectivityService( 3893): NetReassign [21 : null  100]
07-02 17:45:43.897 W/BroadcastQueue( 3893): Background execution not allowed: receiving Intent { act=com.rjil.jiostbsetting.UsbAttachDetach flg=0x30 (has extras) } to com.iwedia.ui.rjio.launcher.reliance/.profile.ExternalBroadcastReceiver
07-02 17:45:43.899 W/BroadcastQueue( 3893): Background execution not allowed: receiving Intent { act=com.rjil.jiostbsetting.UsbAttachDetach flg=0x30 (has extras) } to com.iwedia.ui.rjio.launcher.reliance/.profile.ExternalBroadcastReceiver
07-02 17:45:44.015 W/[   70.963919@0]- audit(    0): audit_lost=194 audit_rate_limit=5 audit_backlog_limit=64
07-02 17:45:44.015 E/[   70.963928@0]- audit(    0): rate limit exceeded
07-02 17:45:44.219 W/BroadcastQueue( 3893): Background execution not allowed: receiving Intent { act=com.rjil.jiostbsetting.UsbAttachDetach flg=0x30 (has extras) } to com.iwedia.ui.rjio.launcher.reliance/.profile.ExternalBroadcastReceiver
07-02 17:45:44.228 W/BroadcastQueue( 3893): Background execution not allowed: receiving Intent { act=com.rjil.jiostbsetting.HDMI_MODE flg=0x30 (has extras) } to com.iwedia.ui.rjio.launcher.reliance/.profile.ExternalBroadcastReceiver
07-02 17:45:44.238 W/BroadcastQueue( 3893): Background execution not allowed: receiving Intent { act=com.netflix.ninja.intent.action.ESN_RESPONSE flg=0x10000010 (has extras) } to com.netflix.partnertoken/com.partner.padi.EsnReceiver
07-02 17:45:44.281 D/CompatibilityChangeReporter( 3893): Compat change id reported: 135634846; UID 10017; state: DISABLED
07-02 17:45:44.281 D/CompatibilityChangeReporter( 3893): Compat change id reported: 143937733; UID 10017; state: DISABLED
07-02 17:45:44.330 I/ActivityManager( 3893): Start proc 7844:com.jio.stbadservice/u0a17 for broadcast {com.jio.stbadservice/com.jio.pushstbadservice.JioDelayedReceiver}
07-02 17:45:44.331 W/ActivityManager( 3893): Slow operation: 51ms so far, now at startProcess: done updating pids map
07-02 17:45:44.480 D/INSETS  ( 3893): else - Package Name ::  left : 0 right :: 0 top :: 0 bottom :: 0 dfu-right :: 1920 dfu-bottom :: 1080
07-02 17:45:44.481 W/ActivityManager( 3893): Slow operation: 82ms so far, now at attachApplicationLocked: immediately after bindApplication
07-02 17:45:44.491 W/ActivityManager( 3893): Slow operation: 90ms so far, now at attachApplicationLocked: after updateLruProcessLocked
07-02 17:45:44.492 W/ActivityManager( 3893): Slow operation: 97ms so far, now at attachApplicationLocked: after mServices.attachApplicationLocked
07-02 17:45:44.495 W/ActivityManager( 3893): Slow operation: 100ms so far, now at attachApplicationLocked: after sendPendingBroadcastsLocked
07-02 17:45:44.501 D/CompatibilityChangeReporter( 3893): Compat change id reported: 149924527; UID 10063; state: ENABLED
07-02 17:45:44.507 D/CompatibilityChangeReporter( 3893): Compat change id reported: 132649864; UID 10063; state: DISABLED
07-02 17:45:44.698 W/ActivityManager( 3893): Unable to start service Intent { act=com.google.android.gms.ads.identifier.service.START pkg=com.google.android.gms } U=0: not found
07-02 17:45:44.835 W/ActivityManager( 3893): Unable to start service Intent { act=com.google.android.gms.ads.identifier.service.START pkg=com.google.android.gms } U=0: not found
07-02 17:45:44.886 W/ActivityManager( 3893): Foreground service started from background can not have location/camera/microphone access: service com.jio.stbadservice/com.jio.pushstbadservice.InitService
07-02 17:45:44.896 W/ActivityManager( 3893): Foreground service started from background can not have location/camera/microphone access: service com.jio.stbadservice/com.jio.pushstbadservice.InitService
07-02 17:45:45.127 W/[   72.075618@2]- audit(    0): audit_lost=223 audit_rate_limit=5 audit_backlog_limit=64
07-02 17:45:45.127 E/[   72.075625@2]- audit(    0): rate limit exceeded
07-02 17:45:45.148 D/NotificationService( 3893): 0|com.jio.stbadservice|1233|null|10017: granting content://settings/system/notification_sound
07-02 17:45:45.149 I/chatty  ( 3893): uid=1000 system_server identical 2 lines
07-02 17:45:45.149 D/NotificationService( 3893): 0|com.jio.stbadservice|1233|null|10017: granting content://settings/system/notification_sound
07-02 17:45:45.167 W/NotificationHistory( 3893): Attempted to add notif for locked/gone/disabled user 0
07-02 17:45:46.340 W/[   73.288194@2]- audit(    0): audit_lost=253 audit_rate_limit=5 audit_backlog_limit=64
07-02 17:45:46.342 E/[   73.288202@2]- audit(    0): rate limit exceeded
07-02 17:45:46.460 W/ActivityManager( 3893): Foreground service started from background can not have location/camera/microphone access: service com.jio.stbadservice/com.jio.pushservice.transporterutils.TransporterCommonService
07-02 17:45:46.683 D/NotificationService( 3893): 0|com.jio.stbadservice|19080|null|10017: granting content://settings/system/notification_sound
07-02 17:45:46.685 I/chatty  ( 3893): uid=1000 system_server identical 2 lines
07-02 17:45:46.686 D/NotificationService( 3893): 0|com.jio.stbadservice|19080|null|10017: granting content://settings/system/notification_sound
07-02 17:45:46.687 W/NotificationHistory( 3893): Attempted to add notif for locked/gone/disabled user 0
07-02 17:45:47.351 W/[   74.300713@2]- audit(    0): audit_lost=291 audit_rate_limit=5 audit_backlog_limit=64
07-02 17:45:47.351 E/[   74.300722@2]- audit(    0): rate limit exceeded
07-02 17:45:47.681 W/ActivityManager( 3893): Foreground service started from background can not have location/camera/microphone access: service com.jio.stbadservice/com.jio.pushservice.transporterutils.TransporterCommonService
07-02 17:45:47.832 W/[   74.781175@1]- RTW(    0): fill_default_txdesc(wlan0): SP Packet(0x0806) rate=0x4 SeqNum = 2998
07-02 17:45:47.873 I/ActivityManager( 3893): Killing 6237:com.zee5.aosp/u0a80 (adj 985): empty #17
07-02 17:45:48.491 D/ConnectivityService( 3893): ConnectivityService NetworkRequestInfo binderDied(NetworkRequest [ REQUEST id=16, [ Capabilities: INTERNET&NOT_RESTRICTED&TRUSTED&NOT_VPN Uid: 10080 AdministratorUids: [] RequestorUid: 10080 RequestorPackageName: com.zee5.aosp] ], android.os.BinderProxy@da29b64)
07-02 17:45:48.491 D/ConnectivityService( 3893): releasing NetworkRequest [ REQUEST id=16, [ Capabilities: INTERNET&NOT_RESTRICTED&TRUSTED&NOT_VPN Uid: 10080 AdministratorUids: [] RequestorUid: 10080 RequestorPackageName: com.zee5.aosp] ] (release request)
07-02 17:45:48.523 W/[   75.469854@3]- audit(    0): audit_lost=305 audit_rate_limit=5 audit_backlog_limit=64
07-02 17:45:48.630 E/[   75.469862@3]- audit(    0): rate limit exceeded
07-02 17:45:49.556 W/[   76.501465@3]- audit(    0): audit_lost=317 audit_rate_limit=5 audit_backlog_limit=64
07-02 17:45:49.556 E/[   76.501472@3]- audit(    0): rate limit exceeded
07-02 17:45:50.583 W/[   77.530796@0]- audit(    0): audit_lost=333 audit_rate_limit=5 audit_backlog_limit=64
07-02 17:45:50.583 E/[   77.530804@0]- audit(    0): rate limit exceeded
07-02 17:45:51.424 D/ConnectivityService( 3893): releasing NetworkRequest [ TRACK_DEFAULT id=19, [ Capabilities: INTERNET&NOT_RESTRICTED&TRUSTED Uid: 10071 AdministratorUids: [] RequestorUid: 10071 RequestorPackageName: com.amazon.amazonvideo.livingroom] ] (release request)
07-02 17:45:51.434 I/ActivityManager( 3893): Killing 4652:com.android.deskclock/u0a56 (adj 985): empty #17
07-02 17:45:51.627 W/[   78.575022@0]- audit(    0): audit_lost=355 audit_rate_limit=5 audit_backlog_limit=64
07-02 17:45:51.627 E/[   78.575030@0]- audit(    0): rate limit exceeded
07-02 17:45:52.631 W/[   79.581207@0]- audit(    0): audit_lost=380 audit_rate_limit=5 audit_backlog_limit=64
07-02 17:45:52.631 E/[   79.581215@0]- audit(    0): rate limit exceeded
07-02 17:45:52.915 W/[   79.861476@1]- RTW(    0): fill_default_txdesc(wlan0): SP Packet(0x0806) rate=0x4 SeqNum = 994
07-02 17:45:53.017 W/[   79.961763@3]- RTW(    0): Turbo EDCA =0x5ea42b
07-02 17:45:53.643 W/[   80.591691@1]- audit(    0): audit_lost=389 audit_rate_limit=5 audit_backlog_limit=64
07-02 17:45:53.643 E/[   80.591701@1]- audit(    0): rate limit exceeded
07-02 17:45:53.751 W/[   80.697469@1]- RTW(    0): fill_default_txdesc(wlan0): SP Packet(0x0806) rate=0x4 SeqNum = 1009
07-02 17:45:54.675 W/[   81.625124@1]- audit(    0): audit_lost=401 audit_rate_limit=5 audit_backlog_limit=64
07-02 17:45:54.675 E/[   81.625132@1]- audit(    0): rate limit exceeded
07-02 17:45:54.696 W/ContextImpl( 4974): Calling a method in the system process without a qualified user: android.app.ContextImpl.sendBroadcast:1126 android.content.ContextWrapper.sendBroadcast:473 insight.tr069.client.tr181.Device.JioSTB.ACS.onSetACSError:37 insight.tr069.client.TR069ClientService.makeErrorMessage:813 insight.tr069.client.TR069ClientService.insertNewMessage:829 
07-02 17:45:54.699 W/ContextImpl( 4974): Calling a method in the system process without a qualified user: android.app.ContextImpl.sendBroadcast:1126 android.content.ContextWrapper.sendBroadcast:473 insight.tr069.client.tr181.Device.JioSTB.ACS.onSetACSError:37 insight.tr069.client.TR069ClientService.makeErrorMessage:813 insight.tr069.client.TR069ClientService.insertNewMessage:829 
07-02 17:45:54.702 W/ContextImpl( 4974): Calling a method in the system process without a qualified user: android.app.ContextImpl.sendBroadcast:1126 android.content.ContextWrapper.sendBroadcast:473 insight.tr069.client.tr181.Device.JioSTB.ACS.onSetACSError:37 insight.tr069.client.TR069ClientService.makeErrorMessage:813 insight.tr069.client.TR069ClientService.insertNewMessage:829 
07-02 17:45:55.031 W/[   81.978307@3]- RTW(    0): Turbo EDCA =0x431c
07-02 17:45:55.688 W/ContextImpl( 5309): Calling a method in the system process without a qualified user: android.app.ContextImpl.sendBroadcast:1111 android.content.ContextWrapper.sendBroadcast:468 com.rjil.jiostbsetting.service.EndlessService$CallbackListener.onParameterNotification:1251 com.rjil.jiostbsetting.dc.DCDataProvider.invokeCallback:107 com.rjil.jiostbsetting.dc.DCDataProvider.access$000:15 
07-02 17:45:55.707 W/[   82.656034@0]- audit(    0): audit_lost=412 audit_rate_limit=5 audit_backlog_limit=64
07-02 17:45:55.709 E/[   82.656043@0]- audit(    0): rate limit exceeded
07-02 17:45:55.793 I/UsageStatsService( 3893): User[0] Flushing usage stats to disk
07-02 17:45:57.239 W/Looper  ( 3893): Slow dispatch took 777ms android.fg h=android.os.Handler c=com.android.server.policy.-$$Lambda$jaDybyCEM2y6SS96P5BBES0UITE@ece6f7a m=0
07-02 17:45:57.611 W/[   84.557501@0]- audit(    0): audit_lost=465 audit_rate_limit=5 audit_backlog_limit=64
07-02 17:45:57.611 E/[   84.557508@0]- audit(    0): rate limit exceeded
07-02 17:45:57.963 W/[   84.910245@0]- RTW(    0): fill_default_txdesc(wlan0): SP Packet(0x0806) rate=0x4 SeqNum = 1241
07-02 17:45:58.743 W/[   85.691013@1]- audit(    0): audit_lost=483 audit_rate_limit=5 audit_backlog_limit=64
07-02 17:45:58.743 E/[   85.691021@1]- audit(    0): rate limit exceeded
07-02 17:45:59.147 W/[   86.094085@2]- RTW(    0): cfg80211_rtw_set_power_mgmt(wlan0) enabled:1, timeout:-1
07-02 17:46:00.055 W/[   87.001585@1]- audit(    0): audit_lost=503 audit_rate_limit=5 audit_backlog_limit=64
07-02 17:46:00.055 E/[   87.001593@1]- audit(    0): rate limit exceeded
07-02 17:46:01.059 W/[   88.008834@0]- audit(    0): audit_lost=518 audit_rate_limit=5 audit_backlog_limit=64
07-02 17:46:01.059 E/[   88.008843@0]- audit(    0): rate limit exceeded
07-02 17:46:01.463 I/WatchlistLoggingHandler( 3893): Milliseconds spent on tryAggregateRecords(): 68195
07-02 17:46:01.476 I/DropBoxManagerService( 3893): add tag=system_server_strictmode isTagEnabled=true flags=0x2
07-02 17:46:01.520 I/chatty  ( 3893): uid=1000(system) android.io identical 8 lines
07-02 17:46:01.525 I/DropBoxManagerService( 3893): add tag=system_server_strictmode isTagEnabled=true flags=0x2
07-02 17:46:02.143 W/[   89.089676@3]- RTW(    0): cfg80211_rtw_scan(wlan0)
07-02 17:46:02.143 W/[   89.089691@3]- RTW(    0): WARN cfg80211_rtw_scan (wlan0) : scan abort!! BusyTraffic
07-02 17:46:03.023 W/[   89.970444@1]- RTW(    0): fill_default_txdesc(wlan0): SP Packet(0x0806) rate=0x4 SeqNum = 1568
07-02 17:46:03.667 W/[   90.614697@1]- audit(    0): audit_lost=554 audit_rate_limit=5 audit_backlog_limit=64
07-02 17:46:03.667 E/[   90.614705@1]- audit(    0): rate limit exceeded
07-02 17:46:03.900 D/ConnectivityService( 3893): requestNetwork for uid/pid:10034/5066 NetworkRequest [ TRACK_DEFAULT id=22, [ Capabilities: INTERNET&NOT_RESTRICTED&TRUSTED Uid: 10034 AdministratorUids: [] RequestorUid: 10034 RequestorPackageName: com.iwedia.ui.rjio.launcher.reliance] ]
07-02 17:46:03.901 D/ConnectivityService( 3893): NetReassign [22 : null  100]
07-02 17:46:03.906 D/ConnectivityService( 3893): NetReassign [no changes]
07-02 17:46:03.957 D/AutofillManagerServiceImpl( 3893): Reset component for user 0:
07-02 17:46:03.957 D/AutofillUI( 3893): destroySaveUiUiThread(): already destroyed
07-02 17:46:05.031 W/[   91.977815@1]- audit(    0): audit_lost=568 audit_rate_limit=5 audit_backlog_limit=64
07-02 17:46:05.031 E/[   91.977823@1]- audit(    0): rate limit exceeded
07-02 17:46:06.001 I/UsageStatsService( 3893): User[0] Flushing usage stats to disk
07-02 17:46:06.071 W/[   93.016398@0]- audit(    0): audit_lost=585 audit_rate_limit=5 audit_backlog_limit=64
07-02 17:46:06.071 E/[   93.016406@0]- audit(    0): rate limit exceeded
07-02 17:46:07.091 W/[   94.039706@0]- audit(    0): audit_lost=592 audit_rate_limit=5 audit_backlog_limit=64
07-02 17:46:07.091 E/[   94.039715@0]- audit(    0): rate limit exceeded
07-02 17:46:08.102 W/[   95.050654@0]- RTW(    0): fill_default_txdesc(wlan0): SP Packet(0x0806) rate=0x4 SeqNum = 1861
07-02 17:46:08.137 W/[   95.086392@0]- audit(    0): audit_lost=608 audit_rate_limit=5 audit_backlog_limit=64
07-02 17:46:08.137 E/[   95.086401@0]- audit(    0): rate limit exceeded
07-02 17:46:08.756 W/ContextImpl( 5753): Calling a method in the system process without a qualified user: android.app.ContextImpl.sendBroadcast:1111 android.content.ContextWrapper.sendBroadcast:468 com.rjil.sdmcsetting.EndlessService$CallbackListener.onParameterNotification:2141 com.rjil.sdmcsetting.dc.DCDataProvider.invokeCallback:95 com.rjil.sdmcsetting.dc.DCDataProvider.access$000:15 
07-02 17:46:12.321 W/[   99.271393@3]s RTW(    0): rtw_issue_addbareq_cmd, p=5
07-02 17:46:12.321 W/[   99.271432@0]- RTW(    0): BA_starting_seqctrl = 1 for TID=5
07-02 17:46:12.321 W/[   99.271448@0]- RTW(    0): issue_addba_req(wlan0) ra=60:bd:2c:c2:fe:bd tid=5
07-02 17:46:12.323 W/[   99.272613@1]- RTW(    0): OnAction_back
07-02 17:46:12.323 W/[   99.272623@1]- RTW(    0): OnAction_back, action=1
07-02 17:46:12.323 W/[   99.272627@1]- RTW(    0): agg_enable for TID=5
07-02 17:46:13.161 W/[  100.110258@0]- RTW(    0): fill_default_txdesc(wlan0): SP Packet(0x0806) rate=0x4 SeqNum = 2635
07-02 17:46:16.187 I/UsageStatsService( 3893): User[0] Flushing usage stats to disk
07-02 17:46:18.275 W/[  105.220249@2]- RTW(    0): fill_default_txdesc(wlan0): SP Packet(0x0806) rate=0x4 SeqNum = 2957
07-02 17:46:21.239 W/[  108.185742@0]- RTW(    0): Turbo EDCA =0x5ea42b
07-02 17:46:21.910 W/[  108.858812@3]- RTW(    0): fill_default_txdesc(wlan0): SP Packet(0x0806) rate=0x4 SeqNum = 3282
07-02 17:46:23.255 W/[  110.201644@2]- RTW(    0): Turbo EDCA =0x431c
07-02 17:46:23.363 W/[  110.311183@0]- RTW(    0): fill_default_txdesc(wlan0): SP Packet(0x0806) rate=0x4 SeqNum = 3440
07-02 17:46:28.451 W/[  115.400629@0]- RTW(    0): fill_default_txdesc(wlan0): SP Packet(0x0806) rate=0x4 SeqNum = 3523
07-02 17:46:26.295 I/UsageStatsService( 3893): User[0] Flushing usage stats to disk
07-02 17:46:32.729 W/ContextImpl( 4974): Calling a method in the system process without a qualified user: android.app.ContextImpl.sendBroadcast:1126 android.content.ContextWrapper.sendBroadcast:473 insight.tr069.client.tr181.Device.JioSTB.ACS.onSetACSError:37 insight.tr069.client.TR069ClientService.makeErrorMessage:813 insight.tr069.client.TR069ClientService.insertNewMessage:829 
07-02 17:46:32.731 W/ContextImpl( 4974): Calling a method in the system process without a qualified user: android.app.ContextImpl.sendBroadcast:1126 android.content.ContextWrapper.sendBroadcast:473 insight.tr069.client.tr181.Device.JioSTB.ACS.onSetACSError:37 insight.tr069.client.TR069ClientService.makeErrorMessage:813 insight.tr069.client.TR069ClientService.insertNewMessage:829 
07-02 17:46:32.736 W/ContextImpl( 4974): Calling a method in the system process without a qualified user: android.app.ContextImpl.sendBroadcast:1126 android.content.ContextWrapper.sendBroadcast:473 insight.tr069.client.tr181.Device.JioSTB.ACS.onSetACSError:37 insight.tr069.client.TR069ClientService.makeErrorMessage:813 insight.tr069.client.TR069ClientService.insertNewMessage:829 
07-02 17:46:32.750 W/ContextImpl( 5753): Calling a method in the system process without a qualified user: android.app.ContextImpl.bindService:1748 android.content.ContextWrapper.bindService:756 com.jio.adc.core.b.d:56 com.jio.adc.core.b.b:13 com.jio.adc.core.b$c.run:7 
07-02 17:46:33.503 W/[  120.451256@0]- RTW(    0): fill_default_txdesc(wlan0): SP Packet(0x0806) rate=0x4 SeqNum = 3786
07-02 17:46:36.395 I/UsageStatsService( 3893): User[0] Flushing usage stats to disk
07-02 17:46:38.553 W/[  125.502623@3]- RTW(    0): fill_default_txdesc(wlan0): SP Packet(0x0806) rate=0x4 SeqNum = 3896
07-02 17:46:40.891 W/[  127.839083@3]- healthd(    0): battery l=100 v=4 t=0.0 h=2 st=2 c=1100 fc=10000000 chg=u
07-02 17:46:42.106 W/[  129.056218@2]- RTW(    0): cfg80211_rtw_scan(wlan0)
07-02 17:46:42.106 W/[  129.056233@2]- RTW(    0): WARN cfg80211_rtw_scan (wlan0) : scan abort!! BusyTraffic
07-02 17:46:42.323 W/[  129.270767@0]- audit(    0): audit_lost=618 audit_rate_limit=5 audit_backlog_limit=64
07-02 17:46:42.323 E/[  129.270775@0]- audit(    0): rate limit exceeded
07-02 17:46:43.415 W/[  130.361807@3]- RTW(    0): Turbo EDCA =0x5ea42b
07-02 17:46:43.663 W/[  130.612492@1]- RTW(    0): fill_default_txdesc(wlan0): SP Packet(0x0806) rate=0x4 SeqNum = 76
07-02 17:46:45.428 W/[  132.378386@0]- RTW(    0): Turbo EDCA =0x431c
07-02 17:46:46.487 W/[  133.434012@3]- RTW(    0): fill_default_txdesc(wlan0): SP Packet(0x0806) rate=0x4 SeqNum = 275
07-02 17:46:48.023 W/[  134.969456@0]- RTW(    0): fill_default_txdesc(wlan0): SP Packet(0x0806) rate=0x4 SeqNum = 314
07-02 17:46:48.051 W/[  134.999856@3]- RTW(    0): fill_default_txdesc(wlan0): SP Packet(0x0806) rate=0x4 SeqNum = 315
07-02 17:46:48.763 W/[  135.710650@3]- RTW(    0): fill_default_txdesc(wlan0): SP Packet(0x0806) rate=0x4 SeqNum = 338
07-02 17:46:49.463 W/[  136.409678@0]- RTW(    0): Turbo EDCA =0x5ea42b
07-02 17:46:51.479 W/[  138.425688@0]- RTW(    0): Turbo EDCA =0x431c
07-02 17:46:53.855 W/[  140.801576@1]- RTW(    0): fill_default_txdesc(wlan0): SP Packet(0x0806) rate=0x4 SeqNum = 452
07-02 17:46:46.489 I/UsageStatsService( 3893): User[0] Flushing usage stats to disk
07-02 17:46:55.871 W/ContextImpl( 5753): Calling a method in the system process without a qualified user: android.app.ContextImpl.bindService:1748 android.content.ContextWrapper.bindService:756 com.jio.adc.core.b.d:56 com.jio.adc.core.b.b:13 com.jio.adc.core.b$c.run:7 
07-02 17:46:56.586 I/UsageStatsService( 3893): User[0] Flushing usage stats to disk
07-02 17:46:57.527 W/[  144.474314@1]- RTW(    0): Turbo EDCA =0x5ea42b
07-02 17:46:58.223 W/[  145.171173@1]- RTW(    0): fill_default_txdesc(wlan0): SP Packet(0x0806) rate=0x4 SeqNum = 672
07-02 17:46:59.543 W/[  146.489656@1]- RTW(    0): Turbo EDCA =0x431c
07-02 17:47:01.559 W/[  148.505656@1]- RTW(    0): Turbo EDCA =0x5ea42b
07-02 17:47:02.739 I/[  149.685619@2]- resman(    0): 25 appname:OMX-22, type=0
07-02 17:47:02.826 E/[  149.769570@3]- ion_import_dma_buf(    0): can not import dmabuf from another exporter
07-02 17:47:02.826 E/[  149.770650@0]- ion_import_dma_buf(    0): can not import dmabuf from another exporter
07-02 17:47:02.827 E/[  149.776775@0]- ion_import_dma_buf(    0): can not import dmabuf from another exporter
07-02 17:47:02.844 E/[  149.777875@3]- ion_import_dma_buf(    0): can not import dmabuf from another exporter
07-02 17:47:02.844 E/[  149.782335@2]- ion_import_dma_buf(    0): can not import dmabuf from another exporter
07-02 17:47:02.845 E/[  149.783001@3]- ion_import_dma_buf(    0): can not import dmabuf from another exporter
07-02 17:47:02.845 E/[  149.789414@3]- ion_import_dma_buf(    0): can not import dmabuf from another exporter
07-02 17:47:02.845 E/[  149.790198@3]- ion_import_dma_buf(    0): can not import dmabuf from another exporter
07-02 17:47:02.845 E/[  149.794212@1]- ion_import_dma_buf(    0): can not import dmabuf from another exporter
07-02 17:47:02.845 E/[  149.794772@2]- ion_import_dma_buf(    0): can not import dmabuf from another exporter
07-02 17:47:02.851 E/[  149.800313@2]- ion_import_dma_buf(    0): can not import dmabuf from another exporter
07-02 17:47:02.861 E/[  149.809505@2]- ion_import_dma_buf(    0): can not import dmabuf from another exporter
07-02 17:47:02.895 E/[  149.814332@2]- ion_import_dma_buf(    0): can not import dmabuf from another exporter
07-02 17:47:02.895 E/[  149.815048@3]- ion_import_dma_buf(    0): can not import dmabuf from another exporter
07-02 17:47:02.895 E/[  149.820172@3]- ion_import_dma_buf(    0): can not import dmabuf from another exporter
07-02 17:47:02.895 E/[  149.820789@3]- ion_import_dma_buf(    0): can not import dmabuf from another exporter
07-02 17:47:02.895 I/[  149.823799@1]- 0000000076b58718(    0): alloc space for storing ion_id
07-02 17:47:02.895 I/[  149.823950@1]- 0000000076b58718(    0): allocated ion_id:0
07-02 17:47:02.895 I/[  149.824316@1]- resman(    0): 25 acquire [codec_mm], preempt yes
07-02 17:47:02.895 I/[  149.824327@1]- resman(    0): 25 score 60 secure no
07-02 17:47:02.895 I/[  149.824332@1]- resman(    0): 25 acquire [codec_mm] success
07-02 17:47:02.895 D/        (    0): [  149.824415@1]- the demux           clock on, ref cnt: 2
07-02 17:47:02.896 D/        (    0): [  149.824421@1]- the parser_top      clock on, ref cnt: 2
07-02 17:47:02.896 D/        (    0): [  149.824431@1]- the vdec            clock on, ref cnt: 1
07-02 17:47:02.896 D/        (    0): [  149.824453@1]- the clk_vdec_mux    clock on, ref cnt: 1
07-02 17:47:02.896 D/        (    0): [  149.824487@1]- vdec mux clock is 499999992 Hz
07-02 17:47:02.896 D/        (    0): [  149.824663@1]- vdec_create instance 000000003bd3e439, total 1, PM: legacy
07-02 17:47:02.896 D/        (    0): [  149.824717@1]- no drmmode
07-02 17:47:02.896 I/        (    0): [  149.824793@1]- is_reset=0
07-02 17:47:02.896 I/        (    0): [  149.824821@1]- vdec_init, dev_name:ammvdec_h264, vdec_type=VDEC_TYPE_FRAME_BLOCK  id = 0
07-02 17:47:02.897 D/        (    0): [  149.825822@1]- ammvdec_h264_mmu_init tvp = 0x0 mmu_enable 0
07-02 17:47:02.897 D/        (    0): [  149.825829@1]- decoder_bmmu_box_alloc_box, tvp_flags = 0
07-02 17:47:02.897 D/[  149.825850@1]- 0(    0): ammvdec_h264_probe mmu_enable 0 double_write_mode 0x10
07-02 17:47:02.897 D/[  149.831601@1]- 0(    0): ammvdec_h264 mem-addr=0,buff_offset=583d0000,buf_start=583c0000
07-02 17:47:02.897 D/        (    0): [  149.831674@1]- vdec mux clock is 666666656 Hz
07-02 17:47:02.897 D/        (    0): [  149.831679@1]- vdec1 video changed to 3840 x 2160 60 fps clk->667MHZ
07-02 17:47:02.897 W/        (    0): [  149.831685@1]- H264 sysinfo: 640x360 duration=3200, pts_outside=1
07-02 17:47:02.897 D/        (    0): [  149.831689@1]- sync_outside=0, use_idr_framerate=0, is_used_v4l: 0
07-02 17:47:02.897 I/        (    0): [  149.831755@1]- [TEE], the fw (h264_multi) will be loaded.
07-02 17:47:02.897 D/        (    0): [  149.832213@1]- vh264_init, phy_addr=74473000 vaddr=0000000067c1ecb7
07-02 17:47:02.897 D/        (    0): [  149.832790@1]- vfm map vdec-map-0 created
07-02 17:47:02.897 I/[  149.832812@1]- reg(    0): ionvideo
07-02 17:47:02.897 D/        (    0): [  149.832818@1]- vdec_init, vf_provider_name = vdec.h264.00, b 0
07-02 17:47:02.897 I/        (    0): [  149.845354@3]- vdec->port_flag=0x102, port_flag=0x10b
07-02 17:47:02.931 D/[  149.850406@1]- ionvid(    0): dbg: ionvideo open
07-02 17:47:02.931 D/[  149.850428@1]- ionvid(    0): dbg: ionvideo: set freerun mode
07-02 17:47:02.960 D/[  149.907485@1]- 0(    0): AV_SCRATCH_1 = 84039828, AV_SCRATCH_2 1a023
07-02 17:47:02.961 D/[  149.907537@1]- 0(    0): chroma_format_idc = 1 frame_mbs_only_flag 1, crop_bottom 8,  frame_height 360,
07-02 17:47:02.961 D/[  149.907542@1]- 0(    0): mb_height 23,crop_right 0, frame_width 640, mb_width 40
07-02 17:47:02.961 D/[  149.907547@1]- 0(    0): level_idc = 30 pic_size = 353280 size = 8
07-02 17:47:02.961 D/[  149.907552@1]- 0(    0): Warning: max_dec_frame_buffering(4) is less than DPB size(8) calculated from Profile/Level.
07-02 17:47:02.961 D/[  149.907557@1]- 0(    0): mb height/widht/total: 18/28/3c0 level_idc 1e max_ref_num 4
07-02 17:47:02.961 D/[  149.907563@1]- 0(    0): restriction_flag=1, max_dec_frame_buffering=4, dec_dpb_size=6 num_reorder_frames 2 used_reorder_dpb_size_margin 9
07-02 17:47:02.961 D/[  149.907567@1]- 0(    0): vh264_set_params active_buf_spec_num 15 dec_dpb_size 6 collocate_buf_num 8
07-02 17:47:02.970 I/        (    0): [  149.914869@2]- is_reset=1
07-02 17:47:02.970 I/[  149.915138@2]- vframe_rate_uevent(    0): sent uevent FRAME_RATE_HINT=0
07-02 17:47:02.970 D/        (    0): [  149.917332@1]s vdec requested to be disconnected
07-02 17:47:02.983 W/[  149.929777@0]- RTW(    0): fill_default_txdesc(wlan0): SP Packet(0x0806) rate=0x4 SeqNum = 849
07-02 17:47:02.995 D/[  149.944173@2]- 0(    0): num_ref_frames change from 0 to 4
07-02 17:47:03.220 I/[  149.949372@3]- unreg(    0): ionvideo
07-02 17:47:03.220 D/        (    0): [  149.949399@3]- vdec_disable_DMC input->target= 0x0
07-02 17:47:03.220 D/[  149.949526@3]- 0(    0): vh264_stop
07-02 17:47:03.220 D/        (    0): [  149.950376@3]- vdec_release instance 000000003bd3e439, total 1 id = 0
07-02 17:47:03.220 D/        (    0): [  149.950551@3]- the clk_vdec_mux    clock off, ref cnt: 0
07-02 17:47:03.220 D/        (    0): [  149.950560@3]- the vdec            clock off, ref cnt: 0
07-02 17:47:03.220 D/        (    0): [  149.950564@3]- the parser_top      clock off, ref cnt: 1
07-02 17:47:03.220 D/        (    0): [  149.950568@3]- the demux           clock off, ref cnt: 1
07-02 17:47:03.220 D/        (    0): [  149.950646@3]- the demux           clock on, ref cnt: 2
07-02 17:47:03.220 D/        (    0): [  149.950651@3]- the parser_top      clock on, ref cnt: 2
07-02 17:47:03.220 D/        (    0): [  149.950658@3]- the vdec            clock on, ref cnt: 1
07-02 17:47:03.220 D/        (    0): [  149.950677@3]- the clk_vdec_mux    clock on, ref cnt: 1
07-02 17:47:03.220 D/        (    0): [  149.950710@3]- vdec mux clock is 499999992 Hz
07-02 17:47:03.220 D/        (    0): [  149.950798@3]- vdec_create instance 00000000ea525644, total 1, PM: legacy
07-02 17:47:03.220 D/        (    0): [  149.950840@3]- no drmmode
07-02 17:47:03.220 I/        (    0): [  149.950876@3]- is_reset=1
07-02 17:47:03.220 I/        (    0): [  149.950903@3]- vdec_init, dev_name:ammvdec_h264, vdec_type=VDEC_TYPE_FRAME_BLOCK  id = 0
07-02 17:47:03.220 D/        (    0): [  149.951762@3]- ammvdec_h264_mmu_init tvp = 0x0 mmu_enable 0
07-02 17:47:03.220 D/        (    0): [  149.951769@3]- decoder_bmmu_box_alloc_box, tvp_flags = 0
07-02 17:47:03.220 D/[  149.951790@3]- 0(    0): ammvdec_h264_probe mmu_enable 0 double_write_mode 0x10
07-02 17:47:03.220 D/[  149.954101@2]- 0(    0): ammvdec_h264 mem-addr=0,buff_offset=583d0000,buf_start=583c0000
07-02 17:47:03.220 D/        (    0): [  149.954143@2]- vdec mux clock is 666666656 Hz
07-02 17:47:03.220 D/        (    0): [  149.954148@2]- vdec1 video changed to 3840 x 2160 60 fps clk->667MHZ
07-02 17:47:03.220 W/        (    0): [  149.954154@2]- H264 sysinfo: 640x360 duration=3200, pts_outside=1
07-02 17:47:03.220 D/        (    0): [  149.954158@2]- sync_outside=0, use_idr_framerate=0, is_used_v4l: 0
07-02 17:47:03.229 I/        (    0): [  149.954239@2]- [TEE], the fw (h264_multi) will be loaded.
07-02 17:47:03.229 D/        (    0): [  149.955111@3]- vh264_init, phy_addr=74473000 vaddr=000000001e4693bf
07-02 17:47:03.229 D/        (    0): [  149.955540@3]- vfm map vdec-map-0 created
07-02 17:47:03.229 I/[  149.955571@3]- reg(    0): ionvideo
07-02 17:47:03.229 D/        (    0): [  149.955578@3]- vdec_init, vf_provider_name = vdec.h264.00, b 0
07-02 17:47:03.229 I/        (    0): [  149.956487@3]- vdec->port_flag=0x102, port_flag=0x10b
07-02 17:47:03.229 I/        (    0): [  149.956637@3]- is_reset=0
07-02 17:47:03.229 D/[  149.981661@3]- 0(    0): AV_SCRATCH_1 = 84039828, AV_SCRATCH_2 1a023
07-02 17:47:03.229 D/[  149.981717@3]- 0(    0): chroma_format_idc = 1 frame_mbs_only_flag 1, crop_bottom 8,  frame_height 360,
07-02 17:47:03.229 D/[  149.981722@3]- 0(    0): mb_height 23,crop_right 0, frame_width 640, mb_width 40
07-02 17:47:03.229 D/[  149.981727@3]- 0(    0): level_idc = 30 pic_size = 353280 size = 8
07-02 17:47:03.229 D/[  149.981732@3]- 0(    0): Warning: max_dec_frame_buffering(4) is less than DPB size(8) calculated from Profile/Level.
07-02 17:47:03.229 D/[  149.981737@3]- 0(    0): mb height/widht/total: 18/28/3c0 level_idc 1e max_ref_num 4
07-02 17:47:03.229 D/[  149.981743@3]- 0(    0): restriction_flag=1, max_dec_frame_buffering=4, dec_dpb_size=6 num_reorder_frames 2 used_reorder_dpb_size_margin 9
07-02 17:47:03.229 D/[  149.981748@3]- 0(    0): vh264_set_params active_buf_spec_num 15 dec_dpb_size 6 collocate_buf_num 8
07-02 17:47:03.229 D/[  149.985264@2]- 0(    0): num_ref_frames change from 0 to 4
07-02 17:47:03.229 D/        (    0): [  150.008563@2]- cal_dur_from_pts vstatus 3203 dur3004 -> 3204, revised 3203
07-02 17:47:03.229 I/[  150.008818@2]- vframe_rate_uevent(    0): sent uevent FRAME_RATE_HINT=3203
07-02 17:47:03.429 D/INSETS  ( 3893): else - Package Name ::  left : 0 right :: 0 top :: 0 bottom :: 0 dfu-right :: 1920 dfu-bottom :: 1080
07-02 17:47:03.632 D/INSETS  ( 3893): else - Package Name ::  left : 0 right :: 0 top :: 0 bottom :: 0 dfu-right :: 1920 dfu-bottom :: 1080
07-02 17:47:05.591 W/[  152.538146@0]- RTW(    0): Turbo EDCA =0x431c
07-02 17:47:06.676 I/UsageStatsService( 3893): User[0] Flushing usage stats to disk
07-02 17:47:08.060 W/[  155.009805@3]- RTW(    0): fill_default_txdesc(wlan0): SP Packet(0x0806) rate=0x4 SeqNum = 1011
07-02 17:47:09.623 W/[  156.570008@2]- RTW(    0): Turbo EDCA =0x5ea42b
07-02 17:47:11.576 W/[  158.524159@1]- RTW(    0): fill_default_txdesc(wlan0): SP Packet(0x0806) rate=0x4 SeqNum = 1531
07-02 17:47:11.639 W/[  158.586058@3]- RTW(    0): Turbo EDCA =0x431c
07-02 17:47:13.171 W/[  160.120145@0]- RTW(    0): fill_default_txdesc(wlan0): SP Packet(0x0806) rate=0x4 SeqNum = 1903
07-02 17:47:16.815 I/UsageStatsService( 3893): User[0] Flushing usage stats to disk
07-02 17:47:18.235 W/[  165.184903@1]- RTW(    0): fill_default_txdesc(wlan0): SP Packet(0x0806) rate=0x4 SeqNum = 2236
07-02 17:47:18.563 I/        (    0): [  165.506119@2]- is_reset=1
07-02 17:47:18.563 I/[  165.506566@2]- vframe_rate_uevent(    0): sent uevent FRAME_RATE_HINT=0
07-02 17:47:18.563 I/[  165.509443@2]- unreg(    0): ionvideo
07-02 17:47:18.563 D/        (    0): [  165.509465@2]- vdec_disable_DMC input->target= 0x0
07-02 17:47:18.563 D/[  165.509605@2]- 0(    0): vh264_stop
07-02 17:47:18.563 D/        (    0): [  165.511222@2]- vdec_release instance 00000000ea525644, total 1 id = 0
07-02 17:47:18.563 D/        (    0): [  165.511412@2]- the clk_vdec_mux    clock off, ref cnt: 0
07-02 17:47:18.563 D/        (    0): [  165.511421@2]- the vdec            clock off, ref cnt: 0
07-02 17:47:18.563 D/        (    0): [  165.511425@2]- the parser_top      clock off, ref cnt: 1
07-02 17:47:18.564 D/        (    0): [  165.511429@2]- the demux           clock off, ref cnt: 1
07-02 17:47:18.564 D/        (    0): [  165.511546@2]- the demux           clock on, ref cnt: 2
07-02 17:47:18.564 D/        (    0): [  165.511551@2]- the parser_top      clock on, ref cnt: 2
07-02 17:47:18.564 D/        (    0): [  165.511558@2]- the vdec            clock on, ref cnt: 1
07-02 17:47:18.564 D/        (    0): [  165.511577@2]- the clk_vdec_mux    clock on, ref cnt: 1
07-02 17:47:18.564 D/        (    0): [  165.511613@2]- vdec mux clock is 499999992 Hz
07-02 17:47:18.564 D/        (    0): [  165.511770@2]- vdec_create instance 00000000022a055b, total 1, PM: legacy
07-02 17:47:18.564 D/        (    0): [  165.511810@2]- no drmmode
07-02 17:47:18.564 I/        (    0): [  165.511873@2]- is_reset=1
07-02 17:47:18.564 I/        (    0): [  165.511901@2]- vdec_init, dev_name:ammvdec_h264, vdec_type=VDEC_TYPE_FRAME_BLOCK  id = 0
07-02 17:47:18.564 D/        (    0): [  165.512968@2]- ammvdec_h264_mmu_init tvp = 0x0 mmu_enable 0
07-02 17:47:18.564 D/        (    0): [  165.512975@2]- decoder_bmmu_box_alloc_box, tvp_flags = 0
07-02 17:47:18.564 D/[  165.512995@2]- 0(    0): ammvdec_h264_probe mmu_enable 0 double_write_mode 0x10
07-02 17:47:18.568 D/[  165.514389@3]- 0(    0): ammvdec_h264 mem-addr=0,buff_offset=583d0000,buf_start=583c0000
07-02 17:47:18.568 D/        (    0): [  165.514436@3]- vdec mux clock is 666666656 Hz
07-02 17:47:18.568 D/        (    0): [  165.514476@3]- vdec1 video changed to 3840 x 2160 60 fps clk->667MHZ
07-02 17:47:18.568 W/        (    0): [  165.514482@3]- H264 sysinfo: 640x360 duration=3200, pts_outside=1
07-02 17:47:18.568 D/        (    0): [  165.514486@3]- sync_outside=0, use_idr_framerate=0, is_used_v4l: 0
07-02 17:47:18.568 I/        (    0): [  165.514565@3]- [TEE], the fw (h264_multi) will be loaded.
07-02 17:47:18.568 D/        (    0): [  165.514967@1]- vh264_init, phy_addr=74473000 vaddr=000000006eabfec2
07-02 17:47:18.568 D/        (    0): [  165.515167@1]- vfm map vdec-map-0 created
07-02 17:47:18.568 I/[  165.515190@1]- reg(    0): ionvideo
07-02 17:47:18.568 D/        (    0): [  165.515196@1]- vdec_init, vf_provider_name = vdec.h264.00, b 0
07-02 17:47:18.568 I/        (    0): [  165.516268@1]- vdec->port_flag=0x102, port_flag=0x10b
07-02 17:47:18.568 I/        (    0): [  165.516428@1]- is_reset=0
07-02 17:47:18.575 I/[  165.524849@1]- vframe_rate_uevent(    0): sent uevent FRAME_RATE_HINT=0
07-02 17:47:18.584 I/[  165.529383@2]- unreg(    0): ionvideo
07-02 17:47:18.586 D/        (    0): [  165.529413@2]- vdec_disable_DMC input->target= 0x0
07-02 17:47:18.586 D/[  165.529532@2]- 0(    0): vh264_stop
07-02 17:47:18.586 D/        (    0): [  165.530022@2]- vdec_release instance 00000000022a055b, total 1 id = 0
07-02 17:47:18.586 D/        (    0): [  165.530190@2]- the clk_vdec_mux    clock off, ref cnt: 0
07-02 17:47:18.586 D/        (    0): [  165.530200@2]- the vdec            clock off, ref cnt: 0
07-02 17:47:18.586 D/        (    0): [  165.530204@2]- the parser_top      clock off, ref cnt: 1
07-02 17:47:18.586 D/        (    0): [  165.530208@2]- the demux           clock off, ref cnt: 1
