07-02 19:27:04.847 I/        (    0): [ 3509.730806@0]- [TEE], the fw (hevc_mmu) will be loaded.
07-02 19:27:04.847 D/        (    0): [ 3509.730856@0]- hevc mux clock is 666666656 Hz
07-02 19:27:04.847 D/        (    0): [ 3509.730872@0]- hevc back mux clock is 666666656 Hz
07-02 19:27:04.847 D/        (    0): [ 3509.730878@0]- hevc video changed to 3840 x 2160 60 fps clk->667MHZ
07-02 19:27:04.847 D/        (    0): [ 3509.730925@0]- vfm map vdec-map-0 created
07-02 19:27:04.847 I/[ 3509.730945@0]- dim(    0): ch[1]:di_receiver_event_fun,8:_REG
07-02 19:27:04.847 I/[ 3509.730950@0]- dim(    0): reg:vdec.h265.00[131]
07-02 19:27:04.847 I/[ 3509.731574@1]- dim(    0): reg:use[1]ms
07-02 19:27:04.847 E/[ 3509.731598@1]- reg(    0): v4lvideo
07-02 19:27:04.847 I/[ 3509.731607@1]- dim(    0): ch[1]:di_receiver_event_fun,3:_START
07-02 19:27:04.847 D/        (    0): [ 3509.731614@1]- vdec_init, vf_provider_name = vdec.h265.00, b 0
07-02 19:27:04.869 W/[ 3509.744874@0]- RTW(    0): Turbo EDCA =0x431c
07-02 19:27:04.869 I/        (    0): [ 3509.745259@0]- vdec->port_flag=0x102, port_flag=0x10b
07-02 19:27:04.869 D/[ 3509.748220@0]- v4lvid(    0): dbg: v4lvideo open
07-02 19:27:04.941 E/        (    0): [ 3509.836727@0]- mmu box NULL !!!
07-02 19:27:04.941 D/        (    0): [ 3509.836740@0]- [0]vh265 cached=0  need_size=6144 speed= 112 ms
07-02 19:27:04.941 D/        (    0): [ 3509.837526@2]- [0]hevc->performance_profile 0
07-02 19:27:04.941 D/        (    0): [ 3509.837536@2]- [0]set pic_list_init_flag 1
07-02 19:27:05.040 D/        (    0): [ 3509.936519@1]- [0]init_buf_spec2 1280 720
07-02 19:27:05.044 D/        (    0): [ 3509.936527@1]- [0]set pic_list_init_flag to 2
07-02 19:27:05.044 D/        (    0): [ 3509.936559@2]- [0]set pic_list_init_flag to 3
07-02 19:27:05.044 D/        (    0): [ 3509.936564@2]- [vdec_kpi][vh265_isr_thread_fn] First I frame coming.
07-02 19:27:05.044 D/[ 3509.939808@0]- [0]VH265(    0): output first frame
07-02 19:27:05.044 D/        (    0): [ 3509.939828@0]- [vdec_kpi][post_video_frame] First I frame decoded.
07-02 19:27:05.044 I/[ 3509.939892@1]- dim(    0): value reg:ch[1]:fix_buf:0;ponly <0,0>
07-02 19:27:05.044 I/[ 3509.939901@1]- dim(    0): 1280x720-0x9000.
07-02 19:27:05.081 I/[ 3509.940822@1]- v4lvideo(    0): provider name: vdec.h265.00
07-02 19:27:05.082 D/        (    0): [ 3509.949904@0]- cal_dur_from_pts vstatus 4000 dur3751 -> 4001, revised 4000
07-02 19:27:05.084 I/[ 3509.952094@0]- vframe_rate_uevent(    0): sent uevent FRAME_RATE_HINT=4000
07-02 19:27:05.282 I/[ 3510.174485@2]- VID(    0): VD1 off
07-02 19:27:05.282 I/[ 3510.174676@2]- vc(    0): [0]vc: set enable index=0, val=1
07-02 19:27:05.282 I/        (    0): [ 3510.174695@2]- dev->index =0, val=2
07-02 19:27:05.282 I/[ 3510.174699@2]- VID(    0): VD1 off
07-02 19:27:05.282 I/[ 3510.174705@2]- VID(    0): VD1 set global output as 1
07-02 19:27:05.282 I/[ 3510.174736@2]- VID(    0): store VD0 path_id changed -1->2
07-02 19:27:05.282 I/[ 3510.174757@2]- vc(    0): [0]sideband_type =-1
07-02 19:27:08.076 W/[ 3512.971096@3]- RTW(    0): fill_default_txdesc(wlan0): SP Packet(0x0806) rate=0x4 SeqNum = 587
07-02 19:27:10.882 W/[ 3515.774806@1]- RTW(    0): Turbo EDCA =0x5ea42b
07-02 19:27:11.921 I/UsageStatsService( 3846): User[0] Flushing usage stats to disk
07-02 19:27:12.614 W/[ 3517.506733@3]- RTW(    0): fill_default_txdesc(wlan0): SP Packet(0x0806) rate=0x4 SeqNum = 942
07-02 19:27:12.622 W/[ 3517.517638@2]- RTW(    0): fill_default_txdesc(wlan0): SP Packet(0x0806) rate=0x4 SeqNum = 946
07-02 19:27:14.914 W/[ 3519.806883@1]- RTW(    0): Turbo EDCA =0x431c
07-02 19:27:15.474 I/        (    0): [ 3520.367415@1]- is_reset=1
07-02 19:27:15.474 I/[ 3520.367926@1]- vframe_rate_uevent(    0): sent uevent FRAME_RATE_HINT=0
07-02 19:27:15.474 I/[ 3520.368606@0]- dim(    0): ch[1]:di_receiver_event_fun,1:_UNREG
07-02 19:27:15.474 E/[ 3520.368645@0]- unreg(    0): v4lvideo
07-02 19:27:15.474 I/[ 3520.368706@1]- dim(    0): unreg:2keep[0], msk:[0x0,0x0]
07-02 19:27:15.486 I/[ 3520.380005@2]- dim(    0): unreg:use[11]ms
07-02 19:27:15.487 D/        (    0): [ 3520.380032@2]- vdec_disable_DMC input->target= 0x1
07-02 19:27:15.487 D/        (    0): [ 3520.382050@1]- vdec_release instance 000000000db7fd17, total 1 id = 0
07-02 19:27:15.487 D/        (    0): [ 3520.382573@1]- the clk_hevc_mux    clock off, ref cnt: 0
07-02 19:27:15.487 D/        (    0): [ 3520.382604@1]- the clk_hevcb_mux   clock off, ref cnt: 0
07-02 19:27:15.487 D/        (    0): [ 3520.382614@1]- the vdec            clock off, ref cnt: 0
07-02 19:27:15.487 D/        (    0): [ 3520.382618@1]- the parser_top      clock off, ref cnt: 1
07-02 19:27:15.487 D/        (    0): [ 3520.382622@1]- the demux           clock off, ref cnt: 1
07-02 19:27:15.487 D/        (    0): [ 3520.382697@1]- the demux           clock on, ref cnt: 2
07-02 19:27:15.487 D/        (    0): [ 3520.382702@1]- the parser_top      clock on, ref cnt: 2
07-02 19:27:15.487 D/        (    0): [ 3520.382708@1]- the vdec            clock on, ref cnt: 1
07-02 19:27:15.488 D/        (    0): [ 3520.382727@1]- the clk_hevc_mux    clock on, ref cnt: 1
07-02 19:27:15.489 D/        (    0): [ 3520.382732@1]- the clk_hevcb_mux   clock on, ref cnt: 1
07-02 19:27:15.489 D/        (    0): [ 3520.382763@1]- hevc mux clock is 499999992 Hz
07-02 19:27:15.489 D/        (    0): [ 3520.382779@1]- hevc back mux clock is 499999992 Hz
07-02 19:27:15.489 D/        (    0): [ 3520.382893@1]- vdec_create instance 00000000319d7faf, total 1, PM: legacy
07-02 19:27:15.489 D/        (    0): [ 3520.382928@1]- no drmmode
07-02 19:27:15.489 I/        (    0): [ 3520.382951@1]- is_reset=1
07-02 19:27:15.490 I/        (    0): [ 3520.382976@1]- vdec_init, dev_name:ammvdec_h265, vdec_type=VDEC_TYPE_FRAME_BLOCK  id = 0
07-02 19:27:15.490 D/[ 3520.383786@1]- [0]pdata->config=hevc_buf_width(    0): 1920;hevc_buf_height:1088;hevc_buf_margin:0;hevc_double_write_mode:16;save_buffer_mode:0;
07-02 19:27:15.490 D/        (    0): [ 3520.383818@1]- decoder_bmmu_box_alloc_box, tvp_flags = 0
07-02 19:27:15.494 D/        (    0): [ 3520.387560@2]- [0]dynamic_buf_num_margin=9
07-02 19:27:15.496 D/        (    0): [ 3520.387569@2]- [0]double_write_mode=16
07-02 19:27:15.498 D/[ 3520.387578@2]- [0]h265(    0): pts_unstable=0
07-02 19:27:15.498 D/[ 3520.387584@2]- [0]h265(    0): ver (201602101,0) decinfo: 0x0 rate=3600
07-02 19:27:15.498 I/        (    0): [ 3520.387920@2]- [TEE], the fw (hevc_mmu) will be loaded.
07-02 19:27:15.498 D/        (    0): [ 3520.387965@2]- hevc mux clock is 666666656 Hz
07-02 19:27:15.498 D/        (    0): [ 3520.387981@2]- hevc back mux clock is 666666656 Hz
07-02 19:27:15.498 D/        (    0): [ 3520.387986@2]- hevc video changed to 3840 x 2160 60 fps clk->667MHZ
07-02 19:27:15.498 D/        (    0): [ 3520.388026@2]- vfm map vdec-map-0 created
07-02 19:27:15.498 I/[ 3520.388046@2]- dim(    0): ch[1]:di_receiver_event_fun,8:_REG
07-02 19:27:15.498 I/[ 3520.388051@2]- dim(    0): reg:vdec.h265.00[132]
07-02 19:27:15.498 I/[ 3520.388600@2]- dim(    0): reg:use[0]ms
07-02 19:27:15.498 E/[ 3520.388622@2]- reg(    0): v4lvideo
07-02 19:27:15.498 I/[ 3520.388629@2]- dim(    0): ch[1]:di_receiver_event_fun,3:_START
07-02 19:27:15.498 D/        (    0): [ 3520.388634@2]- vdec_init, vf_provider_name = vdec.h265.00, b 0
07-02 19:27:15.498 I/        (    0): [ 3520.389258@2]- vdec->port_flag=0x102, port_flag=0x10b
07-02 19:27:15.498 I/        (    0): [ 3520.389382@2]- is_reset=0
07-02 19:27:15.526 I/        (    0): [ 3520.420286@0]- is_reset=1
07-02 19:27:15.527 I/[ 3520.422525@3]- vframe_rate_uevent(    0): sent uevent FRAME_RATE_HINT=0
07-02 19:27:15.527 I/[ 3520.422666@3]- dim(    0): ch[1]:di_receiver_event_fun,1:_UNREG
07-02 19:27:15.527 E/[ 3520.422679@3]- unreg(    0): v4lvideo
07-02 19:27:15.527 I/[ 3520.423247@3]- dim(    0): unreg:use[1]ms
07-02 19:27:15.527 D/        (    0): [ 3520.423278@3]- vdec_disable_DMC input->target= 0x1
07-02 19:27:15.527 D/        (    0): [ 3520.423720@3]- vdec_release instance 00000000319d7faf, total 1 id = 0
07-02 19:27:15.527 D/        (    0): [ 3520.423873@3]- the clk_hevc_mux    clock off, ref cnt: 0
07-02 19:27:15.527 D/        (    0): [ 3520.423886@3]- the clk_hevcb_mux   clock off, ref cnt: 0
07-02 19:27:15.527 D/        (    0): [ 3520.423896@3]- the vdec            clock off, ref cnt: 0
07-02 19:27:15.527 D/        (    0): [ 3520.423900@3]- the parser_top      clock off, ref cnt: 1
07-02 19:27:15.527 D/        (    0): [ 3520.423904@3]- the demux           clock off, ref cnt: 1
07-02 19:27:15.527 D/        (    0): [ 3520.423951@3]- the demux           clock on, ref cnt: 2
07-02 19:27:15.527 D/        (    0): [ 3520.423956@3]- the parser_top      clock on, ref cnt: 2
07-02 19:27:15.527 D/        (    0): [ 3520.423962@3]- the vdec            clock on, ref cnt: 1
07-02 19:27:15.527 D/        (    0): [ 3520.423981@3]- the clk_hevc_mux    clock on, ref cnt: 1
07-02 19:27:15.527 D/        (    0): [ 3520.423986@3]- the clk_hevcb_mux   clock on, ref cnt: 1
07-02 19:27:15.527 D/        (    0): [ 3520.424020@3]- hevc mux clock is 499999992 Hz
07-02 19:27:15.527 D/        (    0): [ 3520.424035@3]- hevc back mux clock is 499999992 Hz
07-02 19:27:15.527 D/        (    0): [ 3520.424136@3]- vdec_create instance 00000000ad99bbdf, total 1, PM: legacy
07-02 19:27:15.527 D/        (    0): [ 3520.424171@3]- no drmmode
07-02 19:27:15.527 I/        (    0): [ 3520.424194@3]- is_reset=1
07-02 19:27:15.535 I/        (    0): [ 3520.424219@3]- vdec_init, dev_name:ammvdec_h265, vdec_type=VDEC_TYPE_FRAME_BLOCK  id = 0
07-02 19:27:15.535 D/[ 3520.424866@3]- [0]pdata->config=hevc_buf_width(    0): 1920;hevc_buf_height:1088;hevc_buf_margin:0;hevc_double_write_mode:16;save_buffer_mode:0;
07-02 19:27:15.537 D/        (    0): [ 3520.424898@3]- decoder_bmmu_box_alloc_box, tvp_flags = 0
07-02 19:27:15.537 D/        (    0): [ 3520.425522@0]- [0]dynamic_buf_num_margin=9
07-02 19:27:15.537 D/        (    0): [ 3520.425528@0]- [0]double_write_mode=16
07-02 19:27:15.537 D/[ 3520.425537@0]- [0]h265(    0): pts_unstable=0
07-02 19:27:15.537 D/[ 3520.425543@0]- [0]h265(    0): ver (201602101,0) decinfo: 0x0 rate=3600
07-02 19:27:15.537 I/        (    0): [ 3520.431601@0]- [TEE], the fw (hevc_mmu) will be loaded.
07-02 19:27:15.537 D/        (    0): [ 3520.431648@0]- hevc mux clock is 666666656 Hz
07-02 19:27:15.537 D/        (    0): [ 3520.431663@0]- hevc back mux clock is 666666656 Hz
07-02 19:27:15.537 D/        (    0): [ 3520.431668@0]- hevc video changed to 3840 x 2160 60 fps clk->667MHZ
07-02 19:27:15.537 D/        (    0): [ 3520.431722@0]- vfm map vdec-map-0 created
07-02 19:27:15.537 I/[ 3520.431741@0]- dim(    0): ch[1]:di_receiver_event_fun,8:_REG
07-02 19:27:15.537 I/[ 3520.431746@0]- dim(    0): reg:vdec.h265.00[133]
07-02 19:27:15.537 I/[ 3520.432334@1]- dim(    0): reg:use[1]ms
07-02 19:27:15.537 E/[ 3520.432359@1]- reg(    0): v4lvideo
07-02 19:27:15.537 I/[ 3520.432367@1]- dim(    0): ch[1]:di_receiver_event_fun,3:_START
07-02 19:27:15.540 D/        (    0): [ 3520.432372@1]- vdec_init, vf_provider_name = vdec.h265.00, b 0
07-02 19:27:15.540 I/        (    0): [ 3520.433468@0]- vdec->port_flag=0x102, port_flag=0x10b
07-02 19:27:15.540 I/        (    0): [ 3520.433598@0]- is_reset=0
07-02 19:27:15.655 E/        (    0): [ 3520.549087@3]- mmu box NULL !!!
07-02 19:27:15.655 D/        (    0): [ 3520.549101@3]- [0]vh265 cached=0  need_size=6144 speed= 124 ms
07-02 19:27:15.655 D/        (    0): [ 3520.549929@2]- [0]hevc->performance_profile 0
07-02 19:27:15.655 D/        (    0): [ 3520.549947@2]- [0]set pic_list_init_flag 1
07-02 19:27:15.688 D/        (    0): [ 3520.581468@2]- [0]init_buf_spec2 1280 720
07-02 19:27:15.689 D/        (    0): [ 3520.581476@2]- [0]set pic_list_init_flag to 2
07-02 19:27:15.689 D/        (    0): [ 3520.581514@2]- [0]set pic_list_init_flag to 3
07-02 19:27:15.689 D/        (    0): [ 3520.581518@2]- [vdec_kpi][vh265_isr_thread_fn] First I frame coming.
07-02 19:27:15.690 D/[ 3520.584953@2]- [0]VH265(    0): output first frame
07-02 19:27:15.696 D/        (    0): [ 3520.584975@2]- [vdec_kpi][post_video_frame] First I frame decoded.
07-02 19:27:15.696 I/[ 3520.585078@1]- dim(    0): value reg:ch[1]:fix_buf:0;ponly <0,0>
07-02 19:27:15.696 I/[ 3520.585089@1]- dim(    0): 1280x720-0x9000.
07-02 19:27:15.696 I/[ 3520.585649@3]- v4lvideo(    0): provider name: vdec.h265.00
07-02 19:27:15.710 D/        (    0): [ 3520.594748@0]- cal_dur_from_pts vstatus 4000 dur3751 -> 4001, revised 4000
07-02 19:27:15.710 I/[ 3520.597478@0]- vframe_rate_uevent(    0): sent uevent FRAME_RATE_HINT=4000
07-02 19:27:17.244 W/[ 3522.140166@3]- RTW(    0): fill_default_txdesc(wlan0): SP Packet(0x0806) rate=0x4 SeqNum = 1957
07-02 19:27:20.962 W/[ 3525.854803@1]- RTW(    0): Turbo EDCA =0x5ea42b
07-02 19:27:22.345 W/[ 3527.241055@3]- RTW(    0): fill_default_txdesc(wlan0): SP Packet(0x0806) rate=0x4 SeqNum = 2259
07-02 19:27:22.975 W/[ 3527.870924@2]- RTW(    0): Turbo EDCA =0x431c
07-02 19:27:24.994 W/[ 3529.886785@1]- RTW(    0): Turbo EDCA =0x5ea42b
07-02 19:27:27.416 W/[ 3532.311814@3]- RTW(    0): fill_default_txdesc(wlan0): SP Packet(0x0806) rate=0x4 SeqNum = 2574
07-02 19:27:29.026 W/[ 3533.919030@1]- RTW(    0): Turbo EDCA =0x431c
07-02 19:27:29.354 W/[ 3534.249151@3]- audit(    0): audit_lost=1609 audit_rate_limit=5 audit_backlog_limit=64
07-02 19:27:29.354 E/[ 3534.249159@3]- audit(    0): rate limit exceeded
07-02 19:27:31.046 W/[ 3535.938886@2]- RTW(    0): Turbo EDCA =0x5ea42b
07-02 19:27:32.474 W/[ 3537.370232@2]- RTW(    0): fill_default_txdesc(wlan0): SP Packet(0x0806) rate=0x4 SeqNum = 2917
07-02 19:27:37.090 W/[ 3541.983337@1]- RTW(    0): Turbo EDCA =0x431c
07-02 19:27:37.549 W/[ 3542.444491@3]- RTW(    0): fill_default_txdesc(wlan0): SP Packet(0x0806) rate=0x4 SeqNum = 3229
07-02 19:27:39.106 W/[ 3543.998856@0]- RTW(    0): Turbo EDCA =0x5ea42b
07-02 19:27:42.570 W/[ 3547.464701@3]- RTW(    0): fill_default_txdesc(wlan0): SP Packet(0x0806) rate=0x4 SeqNum = 3492
07-02 19:27:43.138 W/[ 3548.030895@2]- RTW(    0): Turbo EDCA =0x431c
07-02 19:27:44.759 W/[ 3549.654278@3]- healthd(    0): battery l=100 v=4 t=0.0 h=2 st=2 c=1100 fc=10000000 chg=u
07-02 19:27:45.154 W/[ 3550.047000@1]- RTW(    0): Turbo EDCA =0x5ea42b
07-02 19:27:47.405 W/[ 3552.301397@3]- RTW(    0): fill_default_txdesc(wlan0): SP Packet(0x0806) rate=0x4 SeqNum = 3738
07-02 19:27:47.634 W/[ 3552.530168@3]- audit(    0): audit_lost=1612 audit_rate_limit=5 audit_backlog_limit=64
07-02 19:27:47.634 E/[ 3552.530176@3]- audit(    0): rate limit exceeded
07-02 19:27:51.202 W/[ 3556.094934@1]- RTW(    0): Turbo EDCA =0x431c
07-02 19:27:52.288 W/[ 3557.182582@2]- RTW(    0): fill_default_txdesc(wlan0): SP Packet(0x0806) rate=0x4 SeqNum = 4063
07-02 19:27:52.305 W/[ 3557.200761@3]- RTW(    0): fill_default_txdesc(wlan0): SP Packet(0x0806) rate=0x4 SeqNum = 4068
07-02 19:27:53.218 W/[ 3558.110777@2]- RTW(    0): Turbo EDCA =0x5ea42b
07-02 19:27:57.212 W/[ 3562.103282@0]- RTW(    0): fill_default_txdesc(wlan0): SP Packet(0x0806) rate=0x4 SeqNum = 229
07-02 19:27:59.266 W/[ 3564.158957@1]- RTW(    0): Turbo EDCA =0x431c
07-02 19:28:01.282 W/[ 3566.175316@2]- RTW(    0): Turbo EDCA =0x5ea42b
07-02 19:28:02.915 W/[ 3567.810661@3]- RTW(    0): fill_default_txdesc(wlan0): SP Packet(0x0806) rate=0x4 SeqNum = 535
07-02 19:27:52.358 I/chatty  ( 3846): uid=1000(system) android.bg identical 4 lines
07-02 19:28:03.544 I/UsageStatsService( 3846): User[0] Flushing usage stats to disk
07-02 19:28:06.563 D/AutofillManagerService( 3846): onBackKeyPressed()
07-02 19:28:06.612 I/        (    0): [ 3571.503841@1]- is_reset=1
07-02 19:28:06.612 I/[ 3571.504170@1]- vframe_rate_uevent(    0): sent uevent FRAME_RATE_HINT=0
07-02 19:28:06.612 I/[ 3571.505665@3]- dim(    0): ch[1]:di_receiver_event_fun,1:_UNREG
07-02 19:28:06.612 E/[ 3571.505708@3]- unreg(    0): v4lvideo
07-02 19:28:06.612 I/[ 3571.505774@1]- dim(    0): unreg:2keep[0], msk:[0x0,0x0]
07-02 19:28:06.629 I/[ 3571.517145@2]- dim(    0): unreg:use[12]ms
07-02 19:28:06.629 D/        (    0): [ 3571.517177@2]- vdec_disable_DMC input->target= 0x1
07-02 19:28:06.629 D/        (    0): [ 3571.519080@2]- vdec_release instance 00000000ad99bbdf, total 1 id = 0
07-02 19:28:06.629 D/        (    0): [ 3571.519256@2]- the clk_hevc_mux    clock off, ref cnt: 0
07-02 19:28:06.629 D/        (    0): [ 3571.519263@2]- the clk_hevcb_mux   clock off, ref cnt: 0
07-02 19:28:06.629 D/        (    0): [ 3571.519272@2]- the vdec            clock off, ref cnt: 0
07-02 19:28:06.629 D/        (    0): [ 3571.519276@2]- the parser_top      clock off, ref cnt: 1
07-02 19:28:06.629 D/        (    0): [ 3571.519280@2]- the demux           clock off, ref cnt: 1
07-02 19:28:06.629 D/        (    0): [ 3571.519398@2]- the demux           clock on, ref cnt: 2
07-02 19:28:06.629 D/        (    0): [ 3571.519403@2]- the parser_top      clock on, ref cnt: 2
07-02 19:28:06.629 D/        (    0): [ 3571.519410@2]- the vdec            clock on, ref cnt: 1
07-02 19:28:06.629 D/        (    0): [ 3571.519430@2]- the clk_hevc_mux    clock on, ref cnt: 1
07-02 19:28:06.629 D/        (    0): [ 3571.519435@2]- the clk_hevcb_mux   clock on, ref cnt: 1
07-02 19:28:06.629 D/        (    0): [ 3571.519468@2]- hevc mux clock is 499999992 Hz
07-02 19:28:06.629 D/        (    0): [ 3571.519484@2]- hevc back mux clock is 499999992 Hz
07-02 19:28:06.629 D/        (    0): [ 3571.519769@2]- vdec_create instance 000000006ff681c4, total 1, PM: legacy
07-02 19:28:06.629 D/        (    0): [ 3571.519833@2]- no drmmode
07-02 19:28:06.629 I/        (    0): [ 3571.519899@2]- is_reset=1
07-02 19:28:06.629 I/        (    0): [ 3571.519963@2]- vdec_init, dev_name:ammvdec_h265, vdec_type=VDEC_TYPE_FRAME_BLOCK  id = 0
07-02 19:28:06.629 D/[ 3571.521153@2]- [0]pdata->config=hevc_buf_width(    0): 1920;hevc_buf_height:1088;hevc_buf_margin:0;hevc_double_write_mode:16;save_buffer_mode:0;
07-02 19:28:06.629 D/        (    0): [ 3571.521184@2]- decoder_bmmu_box_alloc_box, tvp_flags = 0
07-02 19:28:06.630 D/        (    0): [ 3571.521729@1]- [0]dynamic_buf_num_margin=9
07-02 19:28:06.630 D/        (    0): [ 3571.521737@1]- [0]double_write_mode=16
07-02 19:28:06.630 D/[ 3571.521747@1]- [0]h265(    0): pts_unstable=0
07-02 19:28:06.630 D/[ 3571.521752@1]- [0]h265(    0): ver (201602101,0) decinfo: 0x0 rate=3600
07-02 19:28:06.630 I/        (    0): [ 3571.522509@1]- [TEE], the fw (hevc_mmu) will be loaded.
07-02 19:28:06.661 D/        (    0): [ 3571.522557@1]- hevc mux clock is 666666656 Hz
07-02 19:28:06.661 D/        (    0): [ 3571.522572@1]- hevc back mux clock is 666666656 Hz
07-02 19:28:06.666 D/        (    0): [ 3571.522578@1]- hevc video changed to 3840 x 2160 60 fps clk->667MHZ
07-02 19:28:06.666 D/        (    0): [ 3571.522619@1]- vfm map vdec-map-0 created
07-02 19:28:06.666 I/[ 3571.522638@1]- dim(    0): ch[1]:di_receiver_event_fun,8:_REG
07-02 19:28:06.666 I/[ 3571.522643@1]- dim(    0): reg:vdec.h265.00[134]
07-02 19:28:06.666 I/[ 3571.522739@1]- dim(    0): reg:use[0]ms
07-02 19:28:06.666 E/[ 3571.522755@1]- reg(    0): v4lvideo
07-02 19:28:06.666 I/[ 3571.522761@1]- dim(    0): ch[1]:di_receiver_event_fun,3:_START
07-02 19:28:06.666 D/        (    0): [ 3571.522766@1]- vdec_init, vf_provider_name = vdec.h265.00, b 0
07-02 19:28:06.666 I/        (    0): [ 3571.523559@3]- vdec->port_flag=0x102, port_flag=0x10b
07-02 19:28:06.666 I/        (    0): [ 3571.523701@3]- is_reset=0
07-02 19:28:06.667 I/        (    0): [ 3571.540233@2]- is_reset=1
07-02 19:28:06.667 I/[ 3571.540527@2]- vframe_rate_uevent(    0): sent uevent FRAME_RATE_HINT=0
07-02 19:28:06.667 I/[ 3571.540573@2]- dim(    0): ch[1]:di_receiver_event_fun,1:_UNREG
07-02 19:28:06.667 E/[ 3571.540585@2]- unreg(    0): v4lvideo
07-02 19:28:06.667 I/[ 3571.541146@3]- dim(    0): unreg:use[1]ms
07-02 19:28:06.667 D/        (    0): [ 3571.541177@3]- vdec_disable_DMC input->target= 0x1
07-02 19:28:06.667 D/        (    0): [ 3571.541853@3]- vdec_release instance 000000006ff681c4, total 1 id = 0
07-02 19:28:06.667 D/        (    0): [ 3571.542013@3]- the clk_hevc_mux    clock off, ref cnt: 0
07-02 19:28:06.667 D/        (    0): [ 3571.542019@3]- the clk_hevcb_mux   clock off, ref cnt: 0
07-02 19:28:06.667 D/        (    0): [ 3571.542028@3]- the vdec            clock off, ref cnt: 0
07-02 19:28:06.667 D/        (    0): [ 3571.542031@3]- the parser_top      clock off, ref cnt: 1
07-02 19:28:06.667 D/        (    0): [ 3571.542035@3]- the demux           clock off, ref cnt: 1
07-02 19:28:06.667 D/        (    0): [ 3571.542078@3]- the demux           clock on, ref cnt: 2
07-02 19:28:06.667 D/        (    0): [ 3571.542083@3]- the parser_top      clock on, ref cnt: 2
07-02 19:28:06.667 D/        (    0): [ 3571.542089@3]- the vdec            clock on, ref cnt: 1
07-02 19:28:06.667 D/        (    0): [ 3571.542108@3]- the clk_hevc_mux    clock on, ref cnt: 1
07-02 19:28:06.667 D/        (    0): [ 3571.542113@3]- the clk_hevcb_mux   clock on, ref cnt: 1
07-02 19:28:06.667 D/        (    0): [ 3571.542145@3]- hevc mux clock is 499999992 Hz
07-02 19:28:06.667 D/        (    0): [ 3571.542161@3]- hevc back mux clock is 499999992 Hz
07-02 19:28:06.667 D/        (    0): [ 3571.542288@3]- vdec_create instance 0000000022bf509a, total 1, PM: legacy
07-02 19:28:06.667 D/        (    0): [ 3571.542327@3]- no drmmode
07-02 19:28:06.667 I/        (    0): [ 3571.542358@3]- is_reset=1
07-02 19:28:06.667 I/        (    0): [ 3571.542384@3]- vdec_init, dev_name:ammvdec_h265, vdec_type=VDEC_TYPE_FRAME_BLOCK  id = 0
07-02 19:28:06.667 D/[ 3571.543042@3]- [0]pdata->config=hevc_buf_width(    0): 1920;hevc_buf_height:1088;hevc_buf_margin:0;hevc_double_write_mode:16;save_buffer_mode:0;
07-02 19:28:06.667 D/        (    0): [ 3571.543074@3]- decoder_bmmu_box_alloc_box, tvp_flags = 0
07-02 19:28:06.667 D/        (    0): [ 3571.543388@3]- [0]dynamic_buf_num_margin=9
07-02 19:28:06.667 D/        (    0): [ 3571.543394@3]- [0]double_write_mode=16
07-02 19:28:06.667 D/[ 3571.543401@3]- [0]h265(    0): pts_unstable=0
07-02 19:28:06.667 D/[ 3571.543407@3]- [0]h265(    0): ver (201602101,0) decinfo: 0x0 rate=3600
07-02 19:28:06.667 I/        (    0): [ 3571.543710@3]- [TEE], the fw (hevc_mmu) will be loaded.
07-02 19:28:06.667 D/        (    0): [ 3571.543755@3]- hevc mux clock is 666666656 Hz
07-02 19:28:06.667 D/        (    0): [ 3571.543770@3]- hevc back mux clock is 666666656 Hz
07-02 19:28:06.667 D/        (    0): [ 3571.543776@3]- hevc video changed to 3840 x 2160 60 fps clk->667MHZ
07-02 19:28:06.667 D/        (    0): [ 3571.543825@3]- vfm map vdec-map-0 created
07-02 19:28:06.667 I/[ 3571.543846@3]- dim(    0): ch[1]:di_receiver_event_fun,8:_REG
07-02 19:28:06.667 I/[ 3571.543851@3]- dim(    0): reg:vdec.h265.00[135]
07-02 19:28:06.668 I/[ 3571.544525@2]- dim(    0): reg:use[1]ms
07-02 19:28:06.668 E/[ 3571.544551@2]- reg(    0): v4lvideo
07-02 19:28:06.668 I/[ 3571.544559@2]- dim(    0): ch[1]:di_receiver_event_fun,3:_START
07-02 19:28:06.668 D/        (    0): [ 3571.544564@2]- vdec_init, vf_provider_name = vdec.h265.00, b 0
07-02 19:28:06.668 I/        (    0): [ 3571.545518@1]- vdec->port_flag=0x102, port_flag=0x10b
07-02 19:28:06.668 I/        (    0): [ 3571.545630@1]- is_reset=0
07-02 19:28:06.668 I/[ 3571.552028@1]- vframe_rate_uevent(    0): sent uevent FRAME_RATE_HINT=0
07-02 19:28:06.668 I/[ 3571.552085@2]- dim(    0): ch[1]:di_receiver_event_fun,1:_UNREG
07-02 19:28:06.668 E/[ 3571.552097@2]- unreg(    0): v4lvideo
07-02 19:28:06.668 I/[ 3571.552687@1]- dim(    0): unreg:use[0]ms
07-02 19:28:06.668 D/        (    0): [ 3571.552718@1]- vdec_disable_DMC input->target= 0x1
07-02 19:28:06.668 D/        (    0): [ 3571.553175@1]- vdec_release instance 0000000022bf509a, total 1 id = 0
07-02 19:28:06.668 D/        (    0): [ 3571.553322@1]- the clk_hevc_mux    clock off, ref cnt: 0
07-02 19:28:06.668 D/        (    0): [ 3571.553328@1]- the clk_hevcb_mux   clock off, ref cnt: 0
07-02 19:28:06.668 D/        (    0): [ 3571.553337@1]- the vdec            clock off, ref cnt: 0
07-02 19:28:06.668 D/        (    0): [ 3571.553341@1]- the parser_top      clock off, ref cnt: 1
07-02 19:28:06.668 D/        (    0): [ 3571.553344@1]- the demux           clock off, ref cnt: 1
07-02 19:28:06.668 D/        (    0): [ 3571.553371@1]d v4lvideo_release_map 0 OK
07-02 19:28:06.668 D/[ 3571.553464@1]- v4lvid(    0): dbg: vidioc_close!!!!
07-02 19:28:06.668 I/[ 3571.554696@1]- resman(    0): 96 release [codec_mm]
07-02 19:28:06.892 D/INSETS  ( 3846): else - Package Name ::  left : 0 right :: 0 top :: 0 bottom :: 0 dfu-right :: 1920 dfu-bottom :: 1080
07-02 19:28:06.939 I/[ 3571.818967@1]- vc(    0): [0]vc: set enable index=0, val=0
07-02 19:28:06.939 I/[ 3571.818990@1]- VID(    0): store VD0 path_id changed 2->-1
07-02 19:28:06.939 I/        (    0): [ 3571.818995@1]- dev->index =0, val=1
07-02 19:28:06.939 I/[ 3571.819000@1]- VID(    0): VD1 off
07-02 19:28:06.939 I/[ 3571.819005@1]- VID(    0): VD1 set global output as 0
07-02 19:28:06.939 I/        (    0): [ 3571.819021@1]- common_vf_unreg_provider video_render.0: vd1 used: true, vd2 used: false, black_out:0, cur_buf:000000004ba1dfee
07-02 19:28:07.217 D/INSETS  ( 3846): else - Package Name ::  left : 0 right :: 0 top :: 0 bottom :: 0 dfu-right :: 1920 dfu-bottom :: 1080
07-02 19:28:07.330 W/[ 3572.223004@1]- RTW(    0): Turbo EDCA =0x431c
07-02 19:28:07.858 W/[ 3572.754327@2]- RTW(    0): fill_default_txdesc(wlan0): SP Packet(0x0806) rate=0x4 SeqNum = 1008
07-02 19:28:08.246 D/AutofillManagerService( 3846): onBackKeyPressed()
07-02 19:28:09.346 W/[ 3574.238830@1]- RTW(    0): Turbo EDCA =0x5ea42b
07-02 19:28:09.472 D/InputMethodManagerService( 3846): Top Package Name: in.startv.hotstar
07-02 19:28:09.475 W/ContextImpl( 3846): Calling a method in the system process without a qualified user: android.app.ContextImpl.sendBroadcast:1111 com.android.server.inputmethod.InputMethodManagerService.sendSoftInputVisibilityBroadcast:3258 com.android.server.inputmethod.InputMethodManagerService.showCurrentInputLocked:3231 com.android.server.inputmethod.InputMethodManagerService.showSoftInput:3153 com.android.internal.view.IInputMethodManager$Stub.onTransact:304 
07-02 19:28:09.478 D/InputMethodManagerService( 3846): Top Package Name: in.startv.hotstar
07-02 19:28:09.479 W/ContextImpl( 3846): Calling a method in the system process without a qualified user: android.app.ContextImpl.sendBroadcast:1111 com.android.server.inputmethod.InputMethodManagerService.sendSoftInputVisibilityBroadcast:3258 com.android.server.inputmethod.InputMethodManagerService.showCurrentInputLocked:3231 com.android.server.inputmethod.InputMethodManagerService.showMySoftInput:4198 com.android.server.inputmethod.InputMethodManagerService.access$4100:189 
07-02 19:28:09.484 W/ContextImpl( 3846): Calling a method in the system process without a qualified user: android.app.ContextImpl.sendBroadcast:1111 com.android.server.inputmethod.InputMethodManagerService.sendSoftInputVisibilityBroadcast:3258 com.android.server.inputmethod.InputMethodManagerService.hideCurrentInputLocked:3330 com.android.server.inputmethod.InputMethodManagerService.hideMySoftInput:4180 com.android.server.inputmethod.InputMethodManagerService.access$4000:189 
07-02 19:28:09.498 D/INSETS  ( 3846): else - Package Name ::  left : 0 right :: 0 top :: 0 bottom :: 0 dfu-right :: 1920 dfu-bottom :: 1080
07-02 19:28:09.500 I/chatty  ( 3846): uid=1000(system) Binder:3846_15 identical 2 lines
07-02 19:28:09.501 D/INSETS  ( 3846): else - Package Name ::  left : 0 right :: 0 top :: 0 bottom :: 0 dfu-right :: 1920 dfu-bottom :: 1080
07-02 19:28:09.504 D/InputMethodManagerService( 3846): Top Package Name: in.startv.hotstar
07-02 19:28:09.509 W/ContextImpl( 3846): Calling a method in the system process without a qualified user: android.app.ContextImpl.sendBroadcast:1111 com.android.server.inputmethod.InputMethodManagerService.sendSoftInputVisibilityBroadcast:3258 com.android.server.inputmethod.InputMethodManagerService.showCurrentInputLocked:3231 com.android.server.inputmethod.InputMethodManagerService.showMySoftInput:4198 com.android.server.inputmethod.InputMethodManagerService.access$4100:189 
07-02 19:28:09.522 D/INSETS  ( 3846): else - Package Name ::  left : 0 right :: 0 top :: 0 bottom :: 0 dfu-right :: 1920 dfu-bottom :: 1080
07-02 19:28:09.525 I/chatty  ( 3846): uid=1000(system) android.anim identical 2 lines
07-02 19:28:09.526 D/INSETS  ( 3846): else - Package Name ::  left : 0 right :: 0 top :: 0 bottom :: 0 dfu-right :: 1920 dfu-bottom :: 1080
07-02 19:28:09.541 D/INSETS  ( 3846): else - Package Name ::  left : 0 right :: 0 top :: 0 bottom :: 0 dfu-right :: 1920 dfu-bottom :: 1080
07-02 19:28:09.541 D/INSETS  ( 3846): else - Package Name ::  left : 0 right :: 0 top :: 0 bottom :: 0 dfu-right :: 1920 dfu-bottom :: 1080
07-02 19:28:09.553 D/InputMethodManagerService( 3846): Top Package Name: in.startv.hotstar
07-02 19:28:09.554 W/ContextImpl( 3846): Calling a method in the system process without a qualified user: android.app.ContextImpl.sendBroadcast:1111 com.android.server.inputmethod.InputMethodManagerService.sendSoftInputVisibilityBroadcast:3258 com.android.server.inputmethod.InputMethodManagerService.showCurrentInputLocked:3231 com.android.server.inputmethod.InputMethodManagerService.showMySoftInput:4198 com.android.server.inputmethod.InputMethodManagerService.access$4100:189 
07-02 19:28:09.596 D/INSETS  ( 3846): else - Package Name ::  left : 0 right :: 0 top :: 0 bottom :: 0 dfu-right :: 1920 dfu-bottom :: 1080
07-02 19:28:09.640 I/chatty  ( 3846): uid=1000(system) Binder:3846_19 identical 3 lines
07-02 19:28:09.641 D/INSETS  ( 3846): else - Package Name ::  left : 0 right :: 0 top :: 0 bottom :: 0 dfu-right :: 1920 dfu-bottom :: 1080
07-02 19:28:09.654 D/INSETS  ( 3846): else - Package Name ::  left : 0 right :: 0 top :: 0 bottom :: 0 dfu-right :: 1920 dfu-bottom :: 1080
07-02 19:28:09.654 I/chatty  ( 3846): uid=1000(system) android.anim identical 1 line
07-02 19:28:09.655 D/INSETS  ( 3846): else - Package Name ::  left : 0 right :: 0 top :: 0 bottom :: 0 dfu-right :: 1920 dfu-bottom :: 1080
07-02 19:28:09.657 D/InputMethodManagerService( 3846): Top Package Name: in.startv.hotstar
07-02 19:28:09.657 W/ContextImpl( 3846): Calling a method in the system process without a qualified user: android.app.ContextImpl.sendBroadcast:1111 com.android.server.inputmethod.InputMethodManagerService.sendSoftInputVisibilityBroadcast:3258 com.android.server.inputmethod.InputMethodManagerService.showCurrentInputLocked:3231 com.android.server.inputmethod.InputMethodManagerService.showMySoftInput:4198 com.android.server.inputmethod.InputMethodManagerService.access$4100:189 
07-02 19:28:09.662 D/InputMethodManagerService( 3846): Top Package Name: in.startv.hotstar
07-02 19:28:09.663 W/ContextImpl( 3846): Calling a method in the system process without a qualified user: android.app.ContextImpl.sendBroadcast:1111 com.android.server.inputmethod.InputMethodManagerService.sendSoftInputVisibilityBroadcast:3258 com.android.server.inputmethod.InputMethodManagerService.showCurrentInputLocked:3231 com.android.server.inputmethod.InputMethodManagerService.showMySoftInput:4198 com.android.server.inputmethod.InputMethodManagerService.access$4100:189 
07-02 19:28:09.670 D/INSETS  ( 3846): else - Package Name ::  left : 0 right :: 0 top :: 0 bottom :: 0 dfu-right :: 1920 dfu-bottom :: 1080
07-02 19:28:09.680 I/chatty  ( 3846): uid=1000(system) android.display identical 4 lines
07-02 19:28:09.681 D/INSETS  ( 3846): else - Package Name ::  left : 0 right :: 0 top :: 0 bottom :: 0 dfu-right :: 1920 dfu-bottom :: 1080
07-02 19:28:09.703 W/NotificationHistory( 3846): Attempted to add notif for locked/gone/disabled user 0
07-02 19:28:09.724 D/INSETS  ( 3846): else - Package Name ::  left : 0 right :: 0 top :: 0 bottom :: 0 dfu-right :: 1920 dfu-bottom :: 1080
07-02 19:28:09.724 I/chatty  ( 3846): uid=1000(system) Binder:3846_19 identical 1 line
07-02 19:28:09.725 D/INSETS  ( 3846): else - Package Name ::  left : 0 right :: 0 top :: 0 bottom :: 0 dfu-right :: 1920 dfu-bottom :: 1080
07-02 19:28:09.870 W/NotificationHistory( 3846): Attempted to add notif for locked/gone/disabled user 0
07-02 19:28:10.397 D/InputMethodManagerService( 3846): Top Package Name: in.startv.hotstar
07-02 19:28:10.398 W/ContextImpl( 3846): Calling a method in the system process without a qualified user: android.app.ContextImpl.sendBroadcast:1111 com.android.server.inputmethod.InputMethodManagerService.sendSoftInputVisibilityBroadcast:3258 com.android.server.inputmethod.InputMethodManagerService.showCurrentInputLocked:3231 com.android.server.inputmethod.InputMethodManagerService.attachNewInputLocked:2397 com.android.server.inputmethod.InputMethodManagerService.startInputUncheckedLocked:2503 
07-02 19:28:10.403 D/InputMethodManagerService( 3846): Top Package Name: in.startv.hotstar
07-02 19:28:10.404 W/ContextImpl( 3846): Calling a method in the system process without a qualified user: android.app.ContextImpl.sendBroadcast:1111 com.android.server.inputmethod.InputMethodManagerService.sendSoftInputVisibilityBroadcast:3258 com.android.server.inputmethod.InputMethodManagerService.showCurrentInputLocked:3231 com.android.server.inputmethod.InputMethodManagerService.showMySoftInput:4198 com.android.server.inputmethod.InputMethodManagerService.access$4100:189 
07-02 19:28:10.419 D/INSETS  ( 3846): else - Package Name ::  left : 0 right :: 0 top :: 0 bottom :: 0 dfu-right :: 1920 dfu-bottom :: 1080
07-02 19:28:10.419 I/chatty  ( 3846): uid=1000(system) Binder:3846_1A identical 1 line
07-02 19:28:10.420 D/INSETS  ( 3846): else - Package Name ::  left : 0 right :: 0 top :: 0 bottom :: 0 dfu-right :: 1920 dfu-bottom :: 1080
07-02 19:28:10.430 D/InputMethodManagerService( 3846): Top Package Name: in.startv.hotstar
07-02 19:28:10.431 W/ContextImpl( 3846): Calling a method in the system process without a qualified user: android.app.ContextImpl.sendBroadcast:1111 com.android.server.inputmethod.InputMethodManagerService.sendSoftInputVisibilityBroadcast:3258 com.android.server.inputmethod.InputMethodManagerService.showCurrentInputLocked:3231 com.android.server.inputmethod.InputMethodManagerService.showMySoftInput:4198 com.android.server.inputmethod.InputMethodManagerService.access$4100:189 
07-02 19:28:10.574 D/INSETS  ( 3846): else - Package Name ::  left : 0 right :: 0 top :: 0 bottom :: 0 dfu-right :: 1920 dfu-bottom :: 1080
07-02 19:28:10.593 I/chatty  ( 3846): uid=1000(system) android.anim identical 2 lines
07-02 19:28:10.593 D/INSETS  ( 3846): else - Package Name ::  left : 0 right :: 0 top :: 0 bottom :: 0 dfu-right :: 1920 dfu-bottom :: 1080
07-02 19:28:11.037 D/InputMethodManagerService( 3846): Top Package Name: in.startv.hotstar
07-02 19:28:11.038 W/ContextImpl( 3846): Calling a method in the system process without a qualified user: android.app.ContextImpl.sendBroadcast:1111 com.android.server.inputmethod.InputMethodManagerService.sendSoftInputVisibilityBroadcast:3258 com.android.server.inputmethod.InputMethodManagerService.showCurrentInputLocked:3231 com.android.server.inputmethod.InputMethodManagerService.attachNewInputLocked:2397 com.android.server.inputmethod.InputMethodManagerService.startInputUncheckedLocked:2503 
07-02 19:28:11.041 D/InputMethodManagerService( 3846): Top Package Name: in.startv.hotstar
07-02 19:28:11.041 W/ContextImpl( 3846): Calling a method in the system process without a qualified user: android.app.ContextImpl.sendBroadcast:1111 com.android.server.inputmethod.InputMethodManagerService.sendSoftInputVisibilityBroadcast:3258 com.android.server.inputmethod.InputMethodManagerService.showCurrentInputLocked:3231 com.android.server.inputmethod.InputMethodManagerService.showMySoftInput:4198 com.android.server.inputmethod.InputMethodManagerService.access$4100:189 
07-02 19:28:11.055 D/InputMethodManagerService( 3846): Top Package Name: in.startv.hotstar
07-02 19:28:11.056 W/ContextImpl( 3846): Calling a method in the system process without a qualified user: android.app.ContextImpl.sendBroadcast:1111 com.android.server.inputmethod.InputMethodManagerService.sendSoftInputVisibilityBroadcast:3258 com.android.server.inputmethod.InputMethodManagerService.showCurrentInputLocked:3231 com.android.server.inputmethod.InputMethodManagerService.showMySoftInput:4198 com.android.server.inputmethod.InputMethodManagerService.access$4100:189 
07-02 19:28:11.937 D/AutofillManagerService( 3846): onBackKeyPressed()
07-02 19:28:11.940 W/ContextImpl( 3846): Calling a method in the system process without a qualified user: android.app.ContextImpl.sendBroadcast:1111 com.android.server.inputmethod.InputMethodManagerService.sendSoftInputVisibilityBroadcast:3258 com.android.server.inputmethod.InputMethodManagerService.hideCurrentInputLocked:3330 com.android.server.inputmethod.InputMethodManagerService.hideMySoftInput:4180 com.android.server.inputmethod.InputMethodManagerService.access$4000:189 
07-02 19:28:11.950 D/INSETS  ( 3846): else - Package Name ::  left : 0 right :: 0 top :: 0 bottom :: 0 dfu-right :: 1920 dfu-bottom :: 1080
07-02 19:28:11.950 D/INSETS  ( 3846): else - Package Name ::  left : 0 right :: 0 top :: 0 bottom :: 0 dfu-right :: 1920 dfu-bottom :: 1080
07-02 19:28:11.964 D/INSETS  ( 3846): else - Package Name ::  left : 0 right :: 0 top :: 0 bottom :: 0 dfu-right :: 1920 dfu-bottom :: 1080
07-02 19:28:11.964 D/INSETS  ( 3846): else - Package Name ::  left : 0 right :: 0 top :: 0 bottom :: 0 dfu-right :: 1920 dfu-bottom :: 1080
07-02 19:28:11.971 D/INSETS  ( 3846): else - Package Name ::  left : 0 right :: 0 top :: 0 bottom :: 0 dfu-right :: 1920 dfu-bottom :: 1080
07-02 19:28:11.972 D/INSETS  ( 3846): else - Package Name ::  left : 0 right :: 0 top :: 0 bottom :: 0 dfu-right :: 1920 dfu-bottom :: 1080
07-02 19:28:12.185 D/INSETS  ( 3846): else - Package Name ::  left : 0 right :: 0 top :: 0 bottom :: 0 dfu-right :: 1920 dfu-bottom :: 1080
07-02 19:28:12.910 W/[ 3577.805586@1]- RTW(    0): fill_default_txdesc(wlan0): SP Packet(0x0806) rate=0x4 SeqNum = 1627
07-02 19:28:13.642 I/UsageStatsService( 3846): User[0] Flushing usage stats to disk
07-02 19:28:14.077 D/InputMethodManagerService( 3846): Top Package Name: in.startv.hotstar
07-02 19:28:14.081 W/ContextImpl( 3846): Calling a method in the system process without a qualified user: android.app.ContextImpl.sendBroadcast:1111 com.android.server.inputmethod.InputMethodManagerService.sendSoftInputVisibilityBroadcast:3258 com.android.server.inputmethod.InputMethodManagerService.showCurrentInputLocked:3231 com.android.server.inputmethod.InputMethodManagerService.showMySoftInput:4198 com.android.server.inputmethod.InputMethodManagerService.access$4100:189 
07-02 19:28:14.083 W/ContextImpl( 3846): Calling a method in the system process without a qualified user: android.app.ContextImpl.sendBroadcast:1111 com.android.server.inputmethod.InputMethodManagerService.sendSoftInputVisibilityBroadcast:3258 com.android.server.inputmethod.InputMethodManagerService.hideCurrentInputLocked:3330 com.android.server.inputmethod.InputMethodManagerService.hideSoftInput:3290 com.android.internal.view.IInputMethodManager$Stub.onTransact:325 
07-02 19:28:14.091 W/ContextImpl( 3846): Calling a method in the system process without a qualified user: android.app.ContextImpl.sendBroadcast:1111 com.android.server.inputmethod.InputMethodManagerService.sendSoftInputVisibilityBroadcast:3258 com.android.server.inputmethod.InputMethodManagerService.hideCurrentInputLocked:3330 com.android.server.inputmethod.InputMethodManagerService.hideSoftInput:3290 com.android.internal.view.IInputMethodManager$Stub.onTransact:325 
07-02 19:28:14.093 D/InputMethodManagerService( 3846): Top Package Name: in.startv.hotstar
07-02 19:28:14.097 W/ContextImpl( 3846): Calling a method in the system process without a qualified user: android.app.ContextImpl.sendBroadcast:1111 com.android.server.inputmethod.InputMethodManagerService.sendSoftInputVisibilityBroadcast:3258 com.android.server.inputmethod.InputMethodManagerService.showCurrentInputLocked:3231 com.android.server.inputmethod.InputMethodManagerService.showMySoftInput:4198 com.android.server.inputmethod.InputMethodManagerService.access$4100:189 
07-02 19:28:14.105 D/INSETS  ( 3846): else - Package Name ::  left : 0 right :: 0 top :: 0 bottom :: 0 dfu-right :: 1920 dfu-bottom :: 1080
07-02 19:28:14.114 W/ContextImpl( 3846): Calling a method in the system process without a qualified user: android.app.ContextImpl.sendBroadcast:1111 com.android.server.inputmethod.InputMethodManagerService.sendSoftInputVisibilityBroadcast:3258 com.android.server.inputmethod.InputMethodManagerService.hideCurrentInputLocked:3330 com.android.server.inputmethod.InputMethodManagerService.hideSoftInput:3290 com.android.internal.view.IInputMethodManager$Stub.onTransact:325 
07-02 19:28:14.153 D/InputMethodManagerService( 3846): Top Package Name: in.startv.hotstar
07-02 19:28:14.156 W/ContextImpl( 3846): Calling a method in the system process without a qualified user: android.app.ContextImpl.sendBroadcast:1111 com.android.server.inputmethod.InputMethodManagerService.sendSoftInputVisibilityBroadcast:3258 com.android.server.inputmethod.InputMethodManagerService.showCurrentInputLocked:3231 com.android.server.inputmethod.InputMethodManagerService.showMySoftInput:4198 com.android.server.inputmethod.InputMethodManagerService.access$4100:189 
07-02 19:28:14.199 D/INSETS  ( 3846): else - Package Name ::  left : 0 right :: 0 top :: 0 bottom :: 0 dfu-right :: 1920 dfu-bottom :: 1080
07-02 19:28:14.236 D/INSETS  ( 3846): else - Package Name ::  left : 0 right :: 0 top :: 0 bottom :: 0 dfu-right :: 1920 dfu-bottom :: 1080
07-02 19:28:14.236 D/INSETS  ( 3846): else - Package Name ::  left : 0 right :: 0 top :: 0 bottom :: 0 dfu-right :: 1920 dfu-bottom :: 1080
07-02 19:28:14.250 D/INSETS  ( 3846): else - Package Name ::  left : 0 right :: 0 top :: 0 bottom :: 0 dfu-right :: 1920 dfu-bottom :: 1080
07-02 19:28:14.250 D/INSETS  ( 3846): else - Package Name ::  left : 0 right :: 0 top :: 0 bottom :: 0 dfu-right :: 1920 dfu-bottom :: 1080
07-02 19:28:14.254 D/InputMethodManagerService( 3846): Top Package Name: in.startv.hotstar
07-02 19:28:14.255 W/ContextImpl( 3846): Calling a method in the system process without a qualified user: android.app.ContextImpl.sendBroadcast:1111 com.android.server.inputmethod.InputMethodManagerService.sendSoftInputVisibilityBroadcast:3258 com.android.server.inputmethod.InputMethodManagerService.showCurrentInputLocked:3231 com.android.server.inputmethod.InputMethodManagerService.showMySoftInput:4198 com.android.server.inputmethod.InputMethodManagerService.access$4100:189 
07-02 19:28:14.294 W/NotificationHistory( 3846): Attempted to add notif for locked/gone/disabled user 0
07-02 19:28:14.327 D/INSETS  ( 3846): else - Package Name ::  left : 0 right :: 0 top :: 0 bottom :: 0 dfu-right :: 1920 dfu-bottom :: 1080
07-02 19:28:14.328 D/INSETS  ( 3846): else - Package Name ::  left : 0 right :: 0 top :: 0 bottom :: 0 dfu-right :: 1920 dfu-bottom :: 1080
07-02 19:28:14.347 D/InputMethodManagerService( 3846): Top Package Name: in.startv.hotstar
07-02 19:28:14.347 W/ContextImpl( 3846): Calling a method in the system process without a qualified user: android.app.ContextImpl.sendBroadcast:1111 com.android.server.inputmethod.InputMethodManagerService.sendSoftInputVisibilityBroadcast:3258 com.android.server.inputmethod.InputMethodManagerService.showCurrentInputLocked:3231 com.android.server.inputmethod.InputMethodManagerService.attachNewInputLocked:2397 com.android.server.inputmethod.InputMethodManagerService.startInputUncheckedLocked:2503 
07-02 19:28:14.438 D/InputMethodManagerService( 3846): Top Package Name: in.startv.hotstar
07-02 19:28:14.439 W/ContextImpl( 3846): Calling a method in the system process without a qualified user: android.app.ContextImpl.sendBroadcast:1111 com.android.server.inputmethod.InputMethodManagerService.sendSoftInputVisibilityBroadcast:3258 com.android.server.inputmethod.InputMethodManagerService.showCurrentInputLocked:3231 com.android.server.inputmethod.InputMethodManagerService.showMySoftInput:4198 com.android.server.inputmethod.InputMethodManagerService.access$4100:189 
07-02 19:28:14.451 D/InputMethodManagerService( 3846): Top Package Name: in.startv.hotstar
07-02 19:28:14.452 W/ContextImpl( 3846): Calling a method in the system process without a qualified user: android.app.ContextImpl.sendBroadcast:1111 com.android.server.inputmethod.InputMethodManagerService.sendSoftInputVisibilityBroadcast:3258 com.android.server.inputmethod.InputMethodManagerService.showCurrentInputLocked:3231 com.android.server.inputmethod.InputMethodManagerService.showMySoftInput:4198 com.android.server.inputmethod.InputMethodManagerService.access$4100:189 
07-02 19:28:14.482 D/INSETS  ( 3846): else - Package Name ::  left : 0 right :: 0 top :: 0 bottom :: 0 dfu-right :: 1920 dfu-bottom :: 1080
07-02 19:28:14.489 I/chatty  ( 3846): uid=1000(system) android.display identical 2 lines
07-02 19:28:14.490 D/INSETS  ( 3846): else - Package Name ::  left : 0 right :: 0 top :: 0 bottom :: 0 dfu-right :: 1920 dfu-bottom :: 1080
07-02 19:28:14.510 D/InputMethodManagerService( 3846): Top Package Name: in.startv.hotstar
07-02 19:28:14.510 W/ContextImpl( 3846): Calling a method in the system process without a qualified user: android.app.ContextImpl.sendBroadcast:1111 com.android.server.inputmethod.InputMethodManagerService.sendSoftInputVisibilityBroadcast:3258 com.android.server.inputmethod.InputMethodManagerService.showCurrentInputLocked:3231 com.android.server.inputmethod.InputMethodManagerService.showMySoftInput:4198 com.android.server.inputmethod.InputMethodManagerService.access$4100:189 
07-02 19:28:14.514 D/INSETS  ( 3846): else - Package Name ::  left : 0 right :: 0 top :: 0 bottom :: 0 dfu-right :: 1920 dfu-bottom :: 1080
07-02 19:28:14.542 I/chatty  ( 3846): uid=1000(system) android.display identical 2 lines
07-02 19:28:14.544 D/INSETS  ( 3846): else - Package Name ::  left : 0 right :: 0 top :: 0 bottom :: 0 dfu-right :: 1920 dfu-bottom :: 1080
07-02 19:28:14.575 D/INSETS  ( 3846): else - Package Name ::  left : 0 right :: 0 top :: 0 bottom :: 0 dfu-right :: 1920 dfu-bottom :: 1080
07-02 19:28:14.576 D/INSETS  ( 3846): else - Package Name ::  left : 0 right :: 0 top :: 0 bottom :: 0 dfu-right :: 1920 dfu-bottom :: 1080
07-02 19:28:14.599 W/ContextImpl( 3846): Calling a method in the system process without a qualified user: android.app.ContextImpl.sendBroadcast:1111 com.android.server.inputmethod.InputMethodManagerService.sendSoftInputVisibilityBroadcast:3258 com.android.server.inputmethod.InputMethodManagerService.hideCurrentInputLocked:3330 com.android.server.inputmethod.InputMethodManagerService.hideMySoftInput:4180 com.android.server.inputmethod.InputMethodManagerService.access$4000:189 
07-02 19:28:14.651 W/NotificationHistory( 3846): Attempted to add notif for locked/gone/disabled user 0
07-02 19:28:14.663 D/INSETS  ( 3846): else - Package Name ::  left : 0 right :: 0 top :: 0 bottom :: 0 dfu-right :: 1920 dfu-bottom :: 1080
07-02 19:28:14.664 D/INSETS  ( 3846): else - Package Name ::  left : 0 right :: 0 top :: 0 bottom :: 0 dfu-right :: 1920 dfu-bottom :: 1080
07-02 19:28:14.668 D/INSETS  ( 3846): else - Package Name ::  left : 0 right :: 0 top :: 0 bottom :: 0 dfu-right :: 1920 dfu-bottom :: 1080
07-02 19:28:14.669 D/INSETS  ( 3846): else - Package Name ::  left : 0 right :: 0 top :: 0 bottom :: 0 dfu-right :: 1920 dfu-bottom :: 1080
07-02 19:28:14.730 W/NotificationHistory( 3846): Attempted to add notif for locked/gone/disabled user 0
07-02 19:28:14.900 D/INSETS  ( 3846): else - Package Name ::  left : 0 right :: 0 top :: 0 bottom :: 0 dfu-right :: 1920 dfu-bottom :: 1080
07-02 19:28:15.903 I/[ 3580.799027@0]- resman(    0): 97 appname:OMX-72, type=0
07-02 19:28:15.957 E/[ 3580.851920@3]- ion_import_dma_buf(    0): can not import dmabuf from another exporter
07-02 19:28:15.958 E/[ 3580.853268@2]- ion_import_dma_buf(    0): can not import dmabuf from another exporter
07-02 19:28:15.964 E/[ 3580.859798@2]- ion_import_dma_buf(    0): can not import dmabuf from another exporter
07-02 19:28:15.969 E/[ 3580.860572@1]- ion_import_dma_buf(    0): can not import dmabuf from another exporter
07-02 19:28:15.971 E/[ 3580.867164@2]- ion_import_dma_buf(    0): can not import dmabuf from another exporter
07-02 19:28:15.972 E/[ 3580.868593@2]- ion_import_dma_buf(    0): can not import dmabuf from another exporter
07-02 19:28:15.981 E/[ 3580.874991@3]- ion_import_dma_buf(    0): can not import dmabuf from another exporter
07-02 19:28:15.982 E/[ 3580.875835@3]- ion_import_dma_buf(    0): can not import dmabuf from another exporter
07-02 19:28:15.986 E/[ 3580.879709@2]- ion_import_dma_buf(    0): can not import dmabuf from another exporter
07-02 19:28:15.986 E/[ 3580.881400@2]- ion_import_dma_buf(    0): can not import dmabuf from another exporter
07-02 19:28:15.988 E/[ 3580.883475@2]- ion_import_dma_buf(    0): can not import dmabuf from another exporter
07-02 19:28:15.989 E/[ 3580.884195@1]- ion_import_dma_buf(    0): can not import dmabuf from another exporter
07-02 19:28:15.990 E/[ 3580.885918@3]- ion_import_dma_buf(    0): can not import dmabuf from another exporter
07-02 19:28:15.990 E/[ 3580.886734@3]- ion_import_dma_buf(    0): can not import dmabuf from another exporter
07-02 19:28:15.998 E/[ 3580.890689@1]- ion_import_dma_buf(    0): can not import dmabuf from another exporter
07-02 19:28:15.998 E/[ 3580.891609@1]- ion_import_dma_buf(    0): can not import dmabuf from another exporter
07-02 19:28:15.998 I/[ 3580.893669@3]- 0000000035b17e48(    0): alloc space for storing ion_id
07-02 19:28:15.998 I/[ 3580.893689@3]- 0000000035b17e48(    0): allocated ion_id:0
