07-02 19:00:15.128 D/        (    0): [ 1900.009696@3]- the demux           clock on, ref cnt: 2
07-02 19:00:15.129 D/        (    0): [ 1900.009701@3]- the parser_top      clock on, ref cnt: 2
07-02 19:00:15.129 D/        (    0): [ 1900.009707@3]- the vdec            clock on, ref cnt: 1
07-02 19:00:15.129 D/        (    0): [ 1900.009726@3]- the clk_vdec_mux    clock on, ref cnt: 1
07-02 19:00:15.129 D/        (    0): [ 1900.009757@3]- vdec mux clock is 499999992 Hz
07-02 19:00:15.129 D/        (    0): [ 1900.009862@3]- vdec_create instance 00000000cf3a770e, total 1, PM: legacy
07-02 19:00:15.129 D/        (    0): [ 1900.009901@3]- no drmmode
07-02 19:00:15.140 I/        (    0): [ 1900.009929@3]- is_reset=1
07-02 19:00:15.140 I/        (    0): [ 1900.009954@3]- vdec_init, dev_name:ammvdec_h264, vdec_type=VDEC_TYPE_FRAME_BLOCK  id = 0
07-02 19:00:15.141 D/        (    0): [ 1900.010708@3]- ammvdec_h264_mmu_init tvp = 0x0 mmu_enable 0
07-02 19:00:15.141 D/        (    0): [ 1900.010715@3]- decoder_bmmu_box_alloc_box, tvp_flags = 0
07-02 19:00:15.141 D/[ 1900.010734@3]- 0(    0): ammvdec_h264_probe mmu_enable 0 double_write_mode 0x10
07-02 19:00:15.141 D/[ 1900.011759@1]- 0(    0): ammvdec_h264 mem-addr=0,buff_offset=56c10000,buf_start=56c00000
07-02 19:00:15.141 D/        (    0): [ 1900.011800@1]- vdec mux clock is 666666656 Hz
07-02 19:00:15.141 D/        (    0): [ 1900.011806@1]- vdec1 video changed to 3840 x 2160 60 fps clk->667MHZ
07-02 19:00:15.141 W/        (    0): [ 1900.011812@1]- H264 sysinfo: 1280x720 duration=4000, pts_outside=1
07-02 19:00:15.141 D/        (    0): [ 1900.011816@1]- sync_outside=0, use_idr_framerate=0, is_used_v4l: 0
07-02 19:00:15.141 I/        (    0): [ 1900.011915@1]- [TEE], the fw (h264_multi) will be loaded.
07-02 19:00:15.141 D/        (    0): [ 1900.012069@1]- vh264_init, phy_addr=7446e000 vaddr=000000006482acbb
07-02 19:00:15.141 D/        (    0): [ 1900.012183@1]- vfm map vdec-map-0 created
07-02 19:00:15.141 I/[ 1900.012203@1]- dim(    0): ch[1]:di_receiver_event_fun,8:_REG
07-02 19:00:15.141 I/[ 1900.012208@1]- dim(    0): reg:vdec.h264.00[64]
07-02 19:00:15.141 I/[ 1900.012766@2]- dim(    0): reg:use[0]ms
07-02 19:00:15.141 E/[ 1900.012792@2]- reg(    0): v4lvideo
07-02 19:00:15.141 I/[ 1900.012800@2]- dim(    0): ch[1]:di_receiver_event_fun,3:_START
07-02 19:00:15.141 D/        (    0): [ 1900.012806@2]- vdec_init, vf_provider_name = vdec.h264.00, b 0
07-02 19:00:15.141 I/        (    0): [ 1900.013525@2]- vdec->port_flag=0x102, port_flag=0x10b
07-02 19:00:15.141 I/        (    0): [ 1900.013646@2]- is_reset=0
07-02 19:00:15.141 I/[ 1900.022619@2]- vframe_rate_uevent(    0): sent uevent FRAME_RATE_HINT=0
07-02 19:00:15.141 I/[ 1900.022677@2]- dim(    0): ch[1]:di_receiver_event_fun,1:_UNREG
07-02 19:00:15.141 E/[ 1900.022689@2]- unreg(    0): v4lvideo
07-02 19:00:15.141 I/[ 1900.023275@0]- dim(    0): unreg:use[1]ms
07-02 19:00:15.141 D/        (    0): [ 1900.023304@0]- vdec_disable_DMC input->target= 0x0
07-02 19:00:15.141 D/[ 1900.024576@0]- 0(    0): vh264_stop
07-02 19:00:15.141 D/        (    0): [ 1900.025167@0]- vdec_release instance 00000000cf3a770e, total 1 id = 0
07-02 19:00:15.141 D/        (    0): [ 1900.025344@0]- the clk_vdec_mux    clock off, ref cnt: 0
07-02 19:00:15.141 D/        (    0): [ 1900.025354@0]- the vdec            clock off, ref cnt: 0
07-02 19:00:15.141 D/        (    0): [ 1900.025358@0]- the parser_top      clock off, ref cnt: 1
07-02 19:00:15.141 D/        (    0): [ 1900.025362@0]- the demux           clock off, ref cnt: 1
07-02 19:00:15.141 D/        (    0): [ 1900.025392@0]d v4lvideo_release_map 0 OK
07-02 19:00:15.141 D/[ 1900.025472@0]- v4lvid(    0): dbg: vidioc_close!!!!
07-02 19:00:15.141 I/[ 1900.027181@0]- resman(    0): 61 release [codec_mm]
07-02 19:00:15.218 E/[ 1900.111278@2]- selinux(    0): SELinux:  Could not stat /sys/devices/platform/vdec/ammvdec_h264.0/power/autosuspend_delay_ms: No such file or directory.
07-02 19:00:15.218 E/[ 1900.111336@2]- selinux(    0):  
07-02 19:00:15.218 E/[ 1900.111380@2]- selinux(    0): SELinux:  Could not stat /sys/devices/platform/vdec/ammvdec_h264.0/power/runtime_active_time: No such file or directory.
07-02 19:00:15.218 E/[ 1900.111404@2]- selinux(    0):  
07-02 19:00:15.218 E/[ 1900.111434@2]- selinux(    0): SELinux:  Could not stat /sys/devices/platform/vdec/ammvdec_h264.0/power/control: No such file or directory.
07-02 19:00:15.218 E/[ 1900.111457@2]- selinux(    0):  
07-02 19:00:15.218 E/[ 1900.111487@2]- selinux(    0): SELinux:  Could not stat /sys/devices/platform/vdec/ammvdec_h264.0/power/runtime_status: No such file or directory.
07-02 19:00:15.218 E/[ 1900.111511@2]- selinux(    0):  
07-02 19:00:15.305 D/INSETS  ( 3846): else - Package Name ::  left : 0 right :: 0 top :: 0 bottom :: 0 dfu-right :: 1920 dfu-bottom :: 1080
07-02 19:00:15.370 I/[ 1900.264197@0]- vc(    0): [0]vc: set enable index=0, val=0
07-02 19:00:15.370 I/[ 1900.264226@0]- VID(    0): store VD0 path_id changed 2->-1
07-02 19:00:15.370 I/        (    0): [ 1900.264230@0]- dev->index =0, val=1
07-02 19:00:15.370 I/[ 1900.264235@0]- VID(    0): VD1 off
07-02 19:00:15.370 I/[ 1900.264240@0]- VID(    0): VD1 set global output as 0
07-02 19:00:15.370 I/        (    0): [ 1900.264257@0]- common_vf_unreg_provider video_render.0: vd1 used: true, vd2 used: false, black_out:0, cur_buf:000000004ba1dfee
07-02 19:00:18.278 W/[ 1903.173699@1]- RTW(    0): fill_default_txdesc(wlan0): SP Packet(0x0806) rate=0x4 SeqNum = 196
07-02 19:00:19.194 I/UsageStatsService( 3846): User[0] Flushing usage stats to disk
07-02 19:00:24.026 W/[ 1908.921365@2]- RTW(    0): fill_default_txdesc(wlan0): SP Packet(0x0806) rate=0x4 SeqNum = 723
07-02 19:00:25.441 W/[ 1910.334617@1]- RTW(    0): fill_default_txdesc(wlan0): SP Packet(0x0806) rate=0x4 SeqNum = 821
07-02 19:00:29.098 W/[ 1913.991199@0]- RTW(    0): fill_default_txdesc(wlan0): SP Packet(0x0806) rate=0x4 SeqNum = 1124
07-02 19:00:29.278 W/[ 1914.171875@2]- audit(    0): audit_lost=1194 audit_rate_limit=5 audit_backlog_limit=64
07-02 19:00:29.278 E/[ 1914.171886@2]- audit(    0): rate limit exceeded
07-02 19:00:33.626 W/[ 1918.520805@2]- RTW(    0): fill_default_txdesc(wlan0): SP Packet(0x0806) rate=0x4 SeqNum = 1464
07-02 19:00:29.298 I/UsageStatsService( 3846): User[0] Flushing usage stats to disk
07-02 19:00:35.611 D/INSETS  ( 3846): else - Package Name ::  left : 0 right :: 0 top :: 0 bottom :: 0 dfu-right :: 1920 dfu-bottom :: 1080
07-02 19:00:36.580 D/AutofillManagerService( 3846): onBackKeyPressed()
07-02 19:00:37.740 D/InputMethodManagerService( 3846): Top Package Name: in.startv.hotstar
07-02 19:00:37.744 W/ContextImpl( 3846): Calling a method in the system process without a qualified user: android.app.ContextImpl.sendBroadcast:1111 com.android.server.inputmethod.InputMethodManagerService.sendSoftInputVisibilityBroadcast:3258 com.android.server.inputmethod.InputMethodManagerService.showCurrentInputLocked:3231 com.android.server.inputmethod.InputMethodManagerService.showSoftInput:3153 com.android.internal.view.IInputMethodManager$Stub.onTransact:304 
07-02 19:00:37.746 D/InputMethodManagerService( 3846): Top Package Name: in.startv.hotstar
07-02 19:00:37.747 W/ContextImpl( 3846): Calling a method in the system process without a qualified user: android.app.ContextImpl.sendBroadcast:1111 com.android.server.inputmethod.InputMethodManagerService.sendSoftInputVisibilityBroadcast:3258 com.android.server.inputmethod.InputMethodManagerService.showCurrentInputLocked:3231 com.android.server.inputmethod.InputMethodManagerService.showMySoftInput:4198 com.android.server.inputmethod.InputMethodManagerService.access$4100:189 
07-02 19:00:37.750 W/ContextImpl( 3846): Calling a method in the system process without a qualified user: android.app.ContextImpl.sendBroadcast:1111 com.android.server.inputmethod.InputMethodManagerService.sendSoftInputVisibilityBroadcast:3258 com.android.server.inputmethod.InputMethodManagerService.hideCurrentInputLocked:3330 com.android.server.inputmethod.InputMethodManagerService.hideMySoftInput:4180 com.android.server.inputmethod.InputMethodManagerService.access$4000:189 
07-02 19:00:37.773 D/InputMethodManagerService( 3846): Top Package Name: in.startv.hotstar
07-02 19:00:37.775 D/INSETS  ( 3846): else - Package Name ::  left : 0 right :: 0 top :: 0 bottom :: 0 dfu-right :: 1920 dfu-bottom :: 1080
07-02 19:00:37.777 I/chatty  ( 3846): uid=1000(system) Binder:3846_F identical 2 lines
07-02 19:00:37.778 D/INSETS  ( 3846): else - Package Name ::  left : 0 right :: 0 top :: 0 bottom :: 0 dfu-right :: 1920 dfu-bottom :: 1080
07-02 19:00:37.785 W/ContextImpl( 3846): Calling a method in the system process without a qualified user: android.app.ContextImpl.sendBroadcast:1111 com.android.server.inputmethod.InputMethodManagerService.sendSoftInputVisibilityBroadcast:3258 com.android.server.inputmethod.InputMethodManagerService.showCurrentInputLocked:3231 com.android.server.inputmethod.InputMethodManagerService.showMySoftInput:4198 com.android.server.inputmethod.InputMethodManagerService.access$4100:189 
07-02 19:00:37.797 D/INSETS  ( 3846): else - Package Name ::  left : 0 right :: 0 top :: 0 bottom :: 0 dfu-right :: 1920 dfu-bottom :: 1080
07-02 19:00:37.799 I/chatty  ( 3846): uid=1000(system) android.anim identical 2 lines
07-02 19:00:37.800 D/INSETS  ( 3846): else - Package Name ::  left : 0 right :: 0 top :: 0 bottom :: 0 dfu-right :: 1920 dfu-bottom :: 1080
07-02 19:00:37.822 D/INSETS  ( 3846): else - Package Name ::  left : 0 right :: 0 top :: 0 bottom :: 0 dfu-right :: 1920 dfu-bottom :: 1080
07-02 19:00:37.822 D/INSETS  ( 3846): else - Package Name ::  left : 0 right :: 0 top :: 0 bottom :: 0 dfu-right :: 1920 dfu-bottom :: 1080
07-02 19:00:37.833 D/InputMethodManagerService( 3846): Top Package Name: in.startv.hotstar
07-02 19:00:37.834 W/ContextImpl( 3846): Calling a method in the system process without a qualified user: android.app.ContextImpl.sendBroadcast:1111 com.android.server.inputmethod.InputMethodManagerService.sendSoftInputVisibilityBroadcast:3258 com.android.server.inputmethod.InputMethodManagerService.showCurrentInputLocked:3231 com.android.server.inputmethod.InputMethodManagerService.showMySoftInput:4198 com.android.server.inputmethod.InputMethodManagerService.access$4100:189 
07-02 19:00:37.875 D/INSETS  ( 3846): else - Package Name ::  left : 0 right :: 0 top :: 0 bottom :: 0 dfu-right :: 1920 dfu-bottom :: 1080
07-02 19:00:37.921 I/chatty  ( 3846): uid=1000(system) Binder:3846_A identical 3 lines
07-02 19:00:37.922 D/INSETS  ( 3846): else - Package Name ::  left : 0 right :: 0 top :: 0 bottom :: 0 dfu-right :: 1920 dfu-bottom :: 1080
07-02 19:00:37.934 D/INSETS  ( 3846): else - Package Name ::  left : 0 right :: 0 top :: 0 bottom :: 0 dfu-right :: 1920 dfu-bottom :: 1080
07-02 19:00:37.935 I/chatty  ( 3846): uid=1000(system) android.anim identical 1 line
07-02 19:00:37.935 D/INSETS  ( 3846): else - Package Name ::  left : 0 right :: 0 top :: 0 bottom :: 0 dfu-right :: 1920 dfu-bottom :: 1080
07-02 19:00:37.946 D/INSETS  ( 3846): else - Package Name ::  left : 0 right :: 0 top :: 0 bottom :: 0 dfu-right :: 1920 dfu-bottom :: 1080
07-02 19:00:37.946 I/chatty  ( 3846): uid=1000(system) android.display identical 1 line
07-02 19:00:37.946 D/INSETS  ( 3846): else - Package Name ::  left : 0 right :: 0 top :: 0 bottom :: 0 dfu-right :: 1920 dfu-bottom :: 1080
07-02 19:00:37.950 D/InputMethodManagerService( 3846): Top Package Name: in.startv.hotstar
07-02 19:00:37.953 W/ContextImpl( 3846): Calling a method in the system process without a qualified user: android.app.ContextImpl.sendBroadcast:1111 com.android.server.inputmethod.InputMethodManagerService.sendSoftInputVisibilityBroadcast:3258 com.android.server.inputmethod.InputMethodManagerService.showCurrentInputLocked:3231 com.android.server.inputmethod.InputMethodManagerService.showMySoftInput:4198 com.android.server.inputmethod.InputMethodManagerService.access$4100:189 
07-02 19:00:37.967 D/INSETS  ( 3846): else - Package Name ::  left : 0 right :: 0 top :: 0 bottom :: 0 dfu-right :: 1920 dfu-bottom :: 1080
07-02 19:00:37.967 I/chatty  ( 3846): uid=1000(system) android.display identical 1 line
07-02 19:00:37.968 D/INSETS  ( 3846): else - Package Name ::  left : 0 right :: 0 top :: 0 bottom :: 0 dfu-right :: 1920 dfu-bottom :: 1080
07-02 19:00:37.979 W/NotificationHistory( 3846): Attempted to add notif for locked/gone/disabled user 0
07-02 19:00:38.000 D/InputMethodManagerService( 3846): Top Package Name: in.startv.hotstar
07-02 19:00:38.001 W/ContextImpl( 3846): Calling a method in the system process without a qualified user: android.app.ContextImpl.sendBroadcast:1111 com.android.server.inputmethod.InputMethodManagerService.sendSoftInputVisibilityBroadcast:3258 com.android.server.inputmethod.InputMethodManagerService.showCurrentInputLocked:3231 com.android.server.inputmethod.InputMethodManagerService.showMySoftInput:4198 com.android.server.inputmethod.InputMethodManagerService.access$4100:189 
07-02 19:00:38.034 D/INSETS  ( 3846): else - Package Name ::  left : 0 right :: 0 top :: 0 bottom :: 0 dfu-right :: 1920 dfu-bottom :: 1080
07-02 19:00:38.034 I/chatty  ( 3846): uid=1000(system) android.display identical 1 line
07-02 19:00:38.035 D/INSETS  ( 3846): else - Package Name ::  left : 0 right :: 0 top :: 0 bottom :: 0 dfu-right :: 1920 dfu-bottom :: 1080
07-02 19:00:38.064 D/INSETS  ( 3846): else - Package Name ::  left : 0 right :: 0 top :: 0 bottom :: 0 dfu-right :: 1920 dfu-bottom :: 1080
07-02 19:00:38.204 W/[ 1923.099555@3]- RTW(    0): fill_default_txdesc(wlan0): SP Packet(0x0806) rate=0x4 SeqNum = 2065
07-02 19:00:38.064 I/chatty  ( 3846): uid=1000(system) Binder:3846_F identical 1 line
07-02 19:00:38.065 D/INSETS  ( 3846): else - Package Name ::  left : 0 right :: 0 top :: 0 bottom :: 0 dfu-right :: 1920 dfu-bottom :: 1080
07-02 19:00:38.213 W/NotificationHistory( 3846): Attempted to add notif for locked/gone/disabled user 0
07-02 19:00:38.752 D/InputMethodManagerService( 3846): Top Package Name: in.startv.hotstar
07-02 19:00:38.753 W/ContextImpl( 3846): Calling a method in the system process without a qualified user: android.app.ContextImpl.sendBroadcast:1111 com.android.server.inputmethod.InputMethodManagerService.sendSoftInputVisibilityBroadcast:3258 com.android.server.inputmethod.InputMethodManagerService.showCurrentInputLocked:3231 com.android.server.inputmethod.InputMethodManagerService.attachNewInputLocked:2397 com.android.server.inputmethod.InputMethodManagerService.startInputUncheckedLocked:2503 
07-02 19:00:38.757 D/InputMethodManagerService( 3846): Top Package Name: in.startv.hotstar
07-02 19:00:38.758 W/ContextImpl( 3846): Calling a method in the system process without a qualified user: android.app.ContextImpl.sendBroadcast:1111 com.android.server.inputmethod.InputMethodManagerService.sendSoftInputVisibilityBroadcast:3258 com.android.server.inputmethod.InputMethodManagerService.showCurrentInputLocked:3231 com.android.server.inputmethod.InputMethodManagerService.showMySoftInput:4198 com.android.server.inputmethod.InputMethodManagerService.access$4100:189 
07-02 19:00:38.772 D/INSETS  ( 3846): else - Package Name ::  left : 0 right :: 0 top :: 0 bottom :: 0 dfu-right :: 1920 dfu-bottom :: 1080
07-02 19:00:38.772 I/chatty  ( 3846): uid=1000(system) Binder:3846_A identical 1 line
07-02 19:00:38.773 D/INSETS  ( 3846): else - Package Name ::  left : 0 right :: 0 top :: 0 bottom :: 0 dfu-right :: 1920 dfu-bottom :: 1080
07-02 19:00:38.886 D/InputMethodManagerService( 3846): Top Package Name: in.startv.hotstar
07-02 19:00:38.887 W/ContextImpl( 3846): Calling a method in the system process without a qualified user: android.app.ContextImpl.sendBroadcast:1111 com.android.server.inputmethod.InputMethodManagerService.sendSoftInputVisibilityBroadcast:3258 com.android.server.inputmethod.InputMethodManagerService.showCurrentInputLocked:3231 com.android.server.inputmethod.InputMethodManagerService.showMySoftInput:4198 com.android.server.inputmethod.InputMethodManagerService.access$4100:189 
07-02 19:00:38.941 D/INSETS  ( 3846): else - Package Name ::  left : 0 right :: 0 top :: 0 bottom :: 0 dfu-right :: 1920 dfu-bottom :: 1080
07-02 19:00:38.956 I/chatty  ( 3846): uid=1000(system) android.anim identical 2 lines
07-02 19:00:38.956 D/INSETS  ( 3846): else - Package Name ::  left : 0 right :: 0 top :: 0 bottom :: 0 dfu-right :: 1920 dfu-bottom :: 1080
07-02 19:00:39.400 I/UsageStatsService( 3846): User[0] Flushing usage stats to disk
07-02 19:00:39.476 D/InputMethodManagerService( 3846): Top Package Name: in.startv.hotstar
07-02 19:00:39.477 W/ContextImpl( 3846): Calling a method in the system process without a qualified user: android.app.ContextImpl.sendBroadcast:1111 com.android.server.inputmethod.InputMethodManagerService.sendSoftInputVisibilityBroadcast:3258 com.android.server.inputmethod.InputMethodManagerService.showCurrentInputLocked:3231 com.android.server.inputmethod.InputMethodManagerService.attachNewInputLocked:2397 com.android.server.inputmethod.InputMethodManagerService.startInputUncheckedLocked:2503 
07-02 19:00:39.479 D/InputMethodManagerService( 3846): Top Package Name: in.startv.hotstar
07-02 19:00:39.480 W/ContextImpl( 3846): Calling a method in the system process without a qualified user: android.app.ContextImpl.sendBroadcast:1111 com.android.server.inputmethod.InputMethodManagerService.sendSoftInputVisibilityBroadcast:3258 com.android.server.inputmethod.InputMethodManagerService.showCurrentInputLocked:3231 com.android.server.inputmethod.InputMethodManagerService.showMySoftInput:4198 com.android.server.inputmethod.InputMethodManagerService.access$4100:189 
07-02 19:00:39.493 D/INSETS  ( 3846): else - Package Name ::  left : 0 right :: 0 top :: 0 bottom :: 0 dfu-right :: 1920 dfu-bottom :: 1080
07-02 19:00:39.494 D/INSETS  ( 3846): else - Package Name ::  left : 0 right :: 0 top :: 0 bottom :: 0 dfu-right :: 1920 dfu-bottom :: 1080
07-02 19:00:39.502 D/InputMethodManagerService( 3846): Top Package Name: in.startv.hotstar
07-02 19:00:39.503 W/ContextImpl( 3846): Calling a method in the system process without a qualified user: android.app.ContextImpl.sendBroadcast:1111 com.android.server.inputmethod.InputMethodManagerService.sendSoftInputVisibilityBroadcast:3258 com.android.server.inputmethod.InputMethodManagerService.showCurrentInputLocked:3231 com.android.server.inputmethod.InputMethodManagerService.showMySoftInput:4198 com.android.server.inputmethod.InputMethodManagerService.access$4100:189 
07-02 19:00:39.849 D/INSETS  ( 3846): else - Package Name ::  left : 0 right :: 0 top :: 0 bottom :: 0 dfu-right :: 1920 dfu-bottom :: 1080
07-02 19:00:39.849 D/INSETS  ( 3846): else - Package Name ::  left : 0 right :: 0 top :: 0 bottom :: 0 dfu-right :: 1920 dfu-bottom :: 1080
07-02 19:00:40.541 D/AutofillManagerService( 3846): onBackKeyPressed()
07-02 19:00:40.545 W/ContextImpl( 3846): Calling a method in the system process without a qualified user: android.app.ContextImpl.sendBroadcast:1111 com.android.server.inputmethod.InputMethodManagerService.sendSoftInputVisibilityBroadcast:3258 com.android.server.inputmethod.InputMethodManagerService.hideCurrentInputLocked:3330 com.android.server.inputmethod.InputMethodManagerService.hideMySoftInput:4180 com.android.server.inputmethod.InputMethodManagerService.access$4000:189 
07-02 19:00:40.567 D/INSETS  ( 3846): else - Package Name ::  left : 0 right :: 0 top :: 0 bottom :: 0 dfu-right :: 1920 dfu-bottom :: 1080
07-02 19:00:40.568 D/INSETS  ( 3846): else - Package Name ::  left : 0 right :: 0 top :: 0 bottom :: 0 dfu-right :: 1920 dfu-bottom :: 1080
07-02 19:00:40.572 D/INSETS  ( 3846): else - Package Name ::  left : 0 right :: 0 top :: 0 bottom :: 0 dfu-right :: 1920 dfu-bottom :: 1080
07-02 19:00:40.576 D/INSETS  ( 3846): else - Package Name ::  left : 0 right :: 0 top :: 0 bottom :: 0 dfu-right :: 1920 dfu-bottom :: 1080
07-02 19:00:40.598 D/INSETS  ( 3846): else - Package Name ::  left : 0 right :: 0 top :: 0 bottom :: 0 dfu-right :: 1920 dfu-bottom :: 1080
07-02 19:00:40.598 D/INSETS  ( 3846): else - Package Name ::  left : 0 right :: 0 top :: 0 bottom :: 0 dfu-right :: 1920 dfu-bottom :: 1080
07-02 19:00:40.779 D/INSETS  ( 3846): else - Package Name ::  left : 0 right :: 0 top :: 0 bottom :: 0 dfu-right :: 1920 dfu-bottom :: 1080
07-02 19:00:42.663 D/InputMethodManagerService( 3846): Top Package Name: in.startv.hotstar
07-02 19:00:42.668 W/ContextImpl( 3846): Calling a method in the system process without a qualified user: android.app.ContextImpl.sendBroadcast:1111 com.android.server.inputmethod.InputMethodManagerService.sendSoftInputVisibilityBroadcast:3258 com.android.server.inputmethod.InputMethodManagerService.showCurrentInputLocked:3231 com.android.server.inputmethod.InputMethodManagerService.showMySoftInput:4198 com.android.server.inputmethod.InputMethodManagerService.access$4100:189 
07-02 19:00:42.670 W/ContextImpl( 3846): Calling a method in the system process without a qualified user: android.app.ContextImpl.sendBroadcast:1111 com.android.server.inputmethod.InputMethodManagerService.sendSoftInputVisibilityBroadcast:3258 com.android.server.inputmethod.InputMethodManagerService.hideCurrentInputLocked:3330 com.android.server.inputmethod.InputMethodManagerService.hideSoftInput:3290 com.android.internal.view.IInputMethodManager$Stub.onTransact:325 
07-02 19:00:42.676 W/ContextImpl( 3846): Calling a method in the system process without a qualified user: android.app.ContextImpl.sendBroadcast:1111 com.android.server.inputmethod.InputMethodManagerService.sendSoftInputVisibilityBroadcast:3258 com.android.server.inputmethod.InputMethodManagerService.hideCurrentInputLocked:3330 com.android.server.inputmethod.InputMethodManagerService.hideSoftInput:3290 com.android.internal.view.IInputMethodManager$Stub.onTransact:325 
07-02 19:00:42.677 D/InputMethodManagerService( 3846): Top Package Name: in.startv.hotstar
07-02 19:00:42.682 W/ContextImpl( 3846): Calling a method in the system process without a qualified user: android.app.ContextImpl.sendBroadcast:1111 com.android.server.inputmethod.InputMethodManagerService.sendSoftInputVisibilityBroadcast:3258 com.android.server.inputmethod.InputMethodManagerService.showCurrentInputLocked:3231 com.android.server.inputmethod.InputMethodManagerService.showMySoftInput:4198 com.android.server.inputmethod.InputMethodManagerService.access$4100:189 
07-02 19:00:42.691 D/INSETS  ( 3846): else - Package Name ::  left : 0 right :: 0 top :: 0 bottom :: 0 dfu-right :: 1920 dfu-bottom :: 1080
07-02 19:00:42.699 W/ContextImpl( 3846): Calling a method in the system process without a qualified user: android.app.ContextImpl.sendBroadcast:1111 com.android.server.inputmethod.InputMethodManagerService.sendSoftInputVisibilityBroadcast:3258 com.android.server.inputmethod.InputMethodManagerService.hideCurrentInputLocked:3330 com.android.server.inputmethod.InputMethodManagerService.hideSoftInput:3290 com.android.internal.view.IInputMethodManager$Stub.onTransact:325 
07-02 19:00:42.752 D/InputMethodManagerService( 3846): Top Package Name: in.startv.hotstar
07-02 19:00:42.755 W/ContextImpl( 3846): Calling a method in the system process without a qualified user: android.app.ContextImpl.sendBroadcast:1111 com.android.server.inputmethod.InputMethodManagerService.sendSoftInputVisibilityBroadcast:3258 com.android.server.inputmethod.InputMethodManagerService.showCurrentInputLocked:3231 com.android.server.inputmethod.InputMethodManagerService.showMySoftInput:4198 com.android.server.inputmethod.InputMethodManagerService.access$4100:189 
07-02 19:00:42.796 D/INSETS  ( 3846): else - Package Name ::  left : 0 right :: 0 top :: 0 bottom :: 0 dfu-right :: 1920 dfu-bottom :: 1080
07-02 19:00:42.831 D/INSETS  ( 3846): else - Package Name ::  left : 0 right :: 0 top :: 0 bottom :: 0 dfu-right :: 1920 dfu-bottom :: 1080
07-02 19:00:42.832 D/INSETS  ( 3846): else - Package Name ::  left : 0 right :: 0 top :: 0 bottom :: 0 dfu-right :: 1920 dfu-bottom :: 1080
07-02 19:00:42.851 D/INSETS  ( 3846): else - Package Name ::  left : 0 right :: 0 top :: 0 bottom :: 0 dfu-right :: 1920 dfu-bottom :: 1080
07-02 19:00:42.851 D/INSETS  ( 3846): else - Package Name ::  left : 0 right :: 0 top :: 0 bottom :: 0 dfu-right :: 1920 dfu-bottom :: 1080
07-02 19:00:42.857 D/InputMethodManagerService( 3846): Top Package Name: in.startv.hotstar
07-02 19:00:42.858 W/ContextImpl( 3846): Calling a method in the system process without a qualified user: android.app.ContextImpl.sendBroadcast:1111 com.android.server.inputmethod.InputMethodManagerService.sendSoftInputVisibilityBroadcast:3258 com.android.server.inputmethod.InputMethodManagerService.showCurrentInputLocked:3231 com.android.server.inputmethod.InputMethodManagerService.showMySoftInput:4198 com.android.server.inputmethod.InputMethodManagerService.access$4100:189 
07-02 19:00:42.883 W/NotificationHistory( 3846): Attempted to add notif for locked/gone/disabled user 0
07-02 19:00:42.939 D/INSETS  ( 3846): else - Package Name ::  left : 0 right :: 0 top :: 0 bottom :: 0 dfu-right :: 1920 dfu-bottom :: 1080
07-02 19:00:42.940 D/INSETS  ( 3846): else - Package Name ::  left : 0 right :: 0 top :: 0 bottom :: 0 dfu-right :: 1920 dfu-bottom :: 1080
07-02 19:00:42.987 D/InputMethodManagerService( 3846): Top Package Name: in.startv.hotstar
07-02 19:00:42.988 W/ContextImpl( 3846): Calling a method in the system process without a qualified user: android.app.ContextImpl.sendBroadcast:1111 com.android.server.inputmethod.InputMethodManagerService.sendSoftInputVisibilityBroadcast:3258 com.android.server.inputmethod.InputMethodManagerService.showCurrentInputLocked:3231 com.android.server.inputmethod.InputMethodManagerService.attachNewInputLocked:2397 com.android.server.inputmethod.InputMethodManagerService.startInputUncheckedLocked:2503 
07-02 19:00:43.065 D/InputMethodManagerService( 3846): Top Package Name: in.startv.hotstar
07-02 19:00:43.066 W/ContextImpl( 3846): Calling a method in the system process without a qualified user: android.app.ContextImpl.sendBroadcast:1111 com.android.server.inputmethod.InputMethodManagerService.sendSoftInputVisibilityBroadcast:3258 com.android.server.inputmethod.InputMethodManagerService.showCurrentInputLocked:3231 com.android.server.inputmethod.InputMethodManagerService.showMySoftInput:4198 com.android.server.inputmethod.InputMethodManagerService.access$4100:189 
07-02 19:00:43.081 D/InputMethodManagerService( 3846): Top Package Name: in.startv.hotstar
07-02 19:00:43.081 W/ContextImpl( 3846): Calling a method in the system process without a qualified user: android.app.ContextImpl.sendBroadcast:1111 com.android.server.inputmethod.InputMethodManagerService.sendSoftInputVisibilityBroadcast:3258 com.android.server.inputmethod.InputMethodManagerService.showCurrentInputLocked:3231 com.android.server.inputmethod.InputMethodManagerService.showMySoftInput:4198 com.android.server.inputmethod.InputMethodManagerService.access$4100:189 
07-02 19:00:43.097 D/INSETS  ( 3846): else - Package Name ::  left : 0 right :: 0 top :: 0 bottom :: 0 dfu-right :: 1920 dfu-bottom :: 1080
07-02 19:00:43.132 I/chatty  ( 3846): uid=1000(system) android.display identical 4 lines
07-02 19:00:43.132 D/INSETS  ( 3846): else - Package Name ::  left : 0 right :: 0 top :: 0 bottom :: 0 dfu-right :: 1920 dfu-bottom :: 1080
07-02 19:00:43.183 D/InputMethodManagerService( 3846): Top Package Name: in.startv.hotstar
07-02 19:00:43.184 W/ContextImpl( 3846): Calling a method in the system process without a qualified user: android.app.ContextImpl.sendBroadcast:1111 com.android.server.inputmethod.InputMethodManagerService.sendSoftInputVisibilityBroadcast:3258 com.android.server.inputmethod.InputMethodManagerService.showCurrentInputLocked:3231 com.android.server.inputmethod.InputMethodManagerService.showMySoftInput:4198 com.android.server.inputmethod.InputMethodManagerService.access$4100:189 
07-02 19:00:43.227 D/INSETS  ( 3846): else - Package Name ::  left : 0 right :: 0 top :: 0 bottom :: 0 dfu-right :: 1920 dfu-bottom :: 1080
07-02 19:00:43.228 D/INSETS  ( 3846): else - Package Name ::  left : 0 right :: 0 top :: 0 bottom :: 0 dfu-right :: 1920 dfu-bottom :: 1080
07-02 19:00:43.231 D/INSETS  ( 3846): else - Package Name ::  left : 0 right :: 0 top :: 0 bottom :: 0 dfu-right :: 1920 dfu-bottom :: 1080
07-02 19:00:43.231 D/INSETS  ( 3846): else - Package Name ::  left : 0 right :: 0 top :: 0 bottom :: 0 dfu-right :: 1920 dfu-bottom :: 1080
07-02 19:00:43.249 W/ContextImpl( 3846): Calling a method in the system process without a qualified user: android.app.ContextImpl.sendBroadcast:1111 com.android.server.inputmethod.InputMethodManagerService.sendSoftInputVisibilityBroadcast:3258 com.android.server.inputmethod.InputMethodManagerService.hideCurrentInputLocked:3330 com.android.server.inputmethod.InputMethodManagerService.hideMySoftInput:4180 com.android.server.inputmethod.InputMethodManagerService.access$4000:189 
07-02 19:00:43.258 W/[ 1928.152483@0]- RTW(    0): fill_default_txdesc(wlan0): SP Packet(0x0806) rate=0x4 SeqNum = 2597
07-02 19:00:43.274 D/INSETS  ( 3846): else - Package Name ::  left : 0 right :: 0 top :: 0 bottom :: 0 dfu-right :: 1920 dfu-bottom :: 1080
07-02 19:00:43.275 D/INSETS  ( 3846): else - Package Name ::  left : 0 right :: 0 top :: 0 bottom :: 0 dfu-right :: 1920 dfu-bottom :: 1080
07-02 19:00:43.282 W/NotificationHistory( 3846): Attempted to add notif for locked/gone/disabled user 0
07-02 19:00:43.313 D/INSETS  ( 3846): else - Package Name ::  left : 0 right :: 0 top :: 0 bottom :: 0 dfu-right :: 1920 dfu-bottom :: 1080
07-02 19:00:43.313 D/INSETS  ( 3846): else - Package Name ::  left : 0 right :: 0 top :: 0 bottom :: 0 dfu-right :: 1920 dfu-bottom :: 1080
07-02 19:00:43.355 D/INSETS  ( 3846): else - Package Name ::  left : 0 right :: 0 top :: 0 bottom :: 0 dfu-right :: 1920 dfu-bottom :: 1080
07-02 19:00:43.355 D/INSETS  ( 3846): else - Package Name ::  left : 0 right :: 0 top :: 0 bottom :: 0 dfu-right :: 1920 dfu-bottom :: 1080
07-02 19:00:43.395 W/NotificationHistory( 3846): Attempted to add notif for locked/gone/disabled user 0
07-02 19:00:43.581 D/INSETS  ( 3846): else - Package Name ::  left : 0 right :: 0 top :: 0 bottom :: 0 dfu-right :: 1920 dfu-bottom :: 1080
07-02 19:00:43.874 W/[ 1928.766568@1]- RTW(    0): fill_default_txdesc(wlan0): SP Packet(0x0806) rate=0x4 SeqNum = 2678
07-02 19:00:43.994 W/[ 1928.887472@3]- RTW(    0): fill_default_txdesc(wlan0): SP Packet(0x0806) rate=0x4 SeqNum = 2720
07-02 19:00:44.369 I/[ 1929.265610@1]- resman(    0): 62 appname:OMX-45, type=0
07-02 19:00:44.425 E/[ 1929.320287@1]- ion_import_dma_buf(    0): can not import dmabuf from another exporter
07-02 19:00:44.429 E/[ 1929.321113@3]- ion_import_dma_buf(    0): can not import dmabuf from another exporter
07-02 19:00:44.430 E/[ 1929.326015@1]- ion_import_dma_buf(    0): can not import dmabuf from another exporter
07-02 19:00:44.435 E/[ 1929.327092@0]- ion_import_dma_buf(    0): can not import dmabuf from another exporter
07-02 19:00:44.437 E/[ 1929.331891@3]- ion_import_dma_buf(    0): can not import dmabuf from another exporter
07-02 19:00:44.441 E/[ 1929.332695@1]- ion_import_dma_buf(    0): can not import dmabuf from another exporter
07-02 19:00:44.442 E/[ 1929.338159@1]- ion_import_dma_buf(    0): can not import dmabuf from another exporter
07-02 19:00:44.446 E/[ 1929.338909@3]- ion_import_dma_buf(    0): can not import dmabuf from another exporter
07-02 19:00:44.448 E/[ 1929.343455@3]- ion_import_dma_buf(    0): can not import dmabuf from another exporter
07-02 19:00:44.451 E/[ 1929.344070@1]- ion_import_dma_buf(    0): can not import dmabuf from another exporter
07-02 19:00:44.453 E/[ 1929.348715@3]- ion_import_dma_buf(    0): can not import dmabuf from another exporter
07-02 19:00:44.453 E/[ 1929.349411@1]- ion_import_dma_buf(    0): can not import dmabuf from another exporter
07-02 19:00:44.458 E/[ 1929.354066@3]- ion_import_dma_buf(    0): can not import dmabuf from another exporter
07-02 19:00:44.462 E/[ 1929.354825@0]- ion_import_dma_buf(    0): can not import dmabuf from another exporter
07-02 19:00:44.465 E/[ 1929.359567@3]- ion_import_dma_buf(    0): can not import dmabuf from another exporter
07-02 19:00:44.465 E/[ 1929.360185@1]- ion_import_dma_buf(    0): can not import dmabuf from another exporter
07-02 19:00:44.465 I/[ 1929.361493@1]- 00000000f038a28c(    0): alloc space for storing ion_id
07-02 19:00:44.465 I/[ 1929.361511@1]- 00000000f038a28c(    0): allocated ion_id:0
07-02 19:00:44.466 I/[ 1929.361695@1]- resman(    0): 62 acquire [codec_mm], preempt yes
07-02 19:00:44.466 I/[ 1929.361704@1]- resman(    0): 62 score 60 secure no
07-02 19:00:44.466 I/[ 1929.361709@1]- resman(    0): 62 acquire [codec_mm] success
07-02 19:00:44.466 D/        (    0): [ 1929.361754@1]- the demux           clock on, ref cnt: 2
07-02 19:00:44.466 D/        (    0): [ 1929.361759@1]- the parser_top      clock on, ref cnt: 2
07-02 19:00:44.466 D/        (    0): [ 1929.361770@1]- the vdec            clock on, ref cnt: 1
07-02 19:00:44.466 D/        (    0): [ 1929.361792@1]- the clk_hevc_mux    clock on, ref cnt: 1
07-02 19:00:44.466 D/        (    0): [ 1929.361797@1]- the clk_hevcb_mux   clock on, ref cnt: 1
07-02 19:00:44.466 D/        (    0): [ 1929.361917@1]- hevc mux clock is 499999992 Hz
07-02 19:00:44.466 D/        (    0): [ 1929.361935@1]- hevc back mux clock is 499999992 Hz
07-02 19:00:44.466 D/        (    0): [ 1929.362022@1]- vdec_create instance 00000000a6ffbccc, total 1, PM: legacy
07-02 19:00:44.466 D/        (    0): [ 1929.362059@1]- no drmmode
07-02 19:00:44.466 I/        (    0): [ 1929.362105@1]- is_reset=0
07-02 19:00:44.466 I/        (    0): [ 1929.362130@1]- vdec_init, dev_name:ammvdec_h265, vdec_type=VDEC_TYPE_FRAME_BLOCK  id = 0
07-02 19:00:44.466 D/[ 1929.362853@1]- [0]pdata->config=hevc_buf_width(    0): 1920;hevc_buf_height:1088;hevc_buf_margin:0;hevc_double_write_mode:16;save_buffer_mode:0;
07-02 19:00:44.466 D/        (    0): [ 1929.362884@1]- decoder_bmmu_box_alloc_box, tvp_flags = 0
07-02 19:00:44.474 D/        (    0): [ 1929.368671@1]- [0]dynamic_buf_num_margin=9
07-02 19:00:44.474 D/        (    0): [ 1929.368679@1]- [0]double_write_mode=16
07-02 19:00:44.474 D/[ 1929.368690@1]- [0]h265(    0): pts_unstable=0
07-02 19:00:44.475 D/[ 1929.368696@1]- [0]h265(    0): ver (201602101,0) decinfo: 0x0 rate=3600
07-02 19:00:44.475 I/        (    0): [ 1929.371310@0]- [TEE], the fw (hevc_mmu) will be loaded.
07-02 19:00:44.475 D/        (    0): [ 1929.371358@0]- hevc mux clock is 666666656 Hz
07-02 19:00:44.475 D/        (    0): [ 1929.371374@0]- hevc back mux clock is 666666656 Hz
07-02 19:00:44.475 D/        (    0): [ 1929.371379@0]- hevc video changed to 3840 x 2160 60 fps clk->667MHZ
07-02 19:00:44.475 D/        (    0): [ 1929.371426@0]- vfm map vdec-map-0 created
07-02 19:00:44.475 I/[ 1929.371446@0]- reg(    0): ionvideo
07-02 19:00:44.475 D/        (    0): [ 1929.371452@0]- vdec_init, vf_provider_name = vdec.h265.00, b 0
07-02 19:00:44.482 I/        (    0): [ 1929.376901@0]- vdec->port_flag=0x102, port_flag=0x10b
07-02 19:00:44.485 D/[ 1929.380349@0]- ionvid(    0): dbg: ionvideo open
07-02 19:00:44.485 D/[ 1929.380371@0]- ionvid(    0): dbg: ionvideo: set freerun mode
07-02 19:00:44.501 E/        (    0): [ 1929.396414@2]- mmu box NULL !!!
07-02 19:00:44.501 D/        (    0): [ 1929.396428@2]- [0]vh265 cached=0  need_size=6144 speed= 32 ms
07-02 19:00:44.501 D/        (    0): [ 1929.397002@2]- [0]hevc->performance_profile 0
07-02 19:00:44.501 D/        (    0): [ 1929.397017@2]- [0]set pic_list_init_flag 1
07-02 19:00:44.570 D/        (    0): [ 1929.463213@2]- [0]init_buf_spec2 1920 1080
07-02 19:00:44.570 D/        (    0): [ 1929.463222@2]- [0]set pic_list_init_flag to 2
07-02 19:00:44.570 D/        (    0): [ 1929.463259@2]- [0]set pic_list_init_flag to 3
07-02 19:00:44.570 D/        (    0): [ 1929.463263@2]- [vdec_kpi][vh265_isr_thread_fn] First I frame coming.
07-02 19:00:44.570 D/[ 1929.465963@2]- [0]VH265(    0): output first frame
07-02 19:00:44.570 D/        (    0): [ 1929.465984@2]- [vdec_kpi][post_video_frame] First I frame decoded.
07-02 19:00:44.602 D/        (    0): [ 1929.497184@2]- cal_dur_from_pts vstatus 4004 dur3754 -> 4004, revised 4004
07-02 19:00:44.635 I/[ 1929.503040@2]- vframe_rate_uevent(    0): sent uevent FRAME_RATE_HINT=4004
07-02 19:00:44.762 W/[ 1929.655878@2]- healthd(    0): battery l=100 v=4 t=0.0 h=2 st=2 c=1100 fc=10000000 chg=u
07-02 19:00:44.940 D/INSETS  ( 3846): else - Package Name ::  left : 0 right :: 0 top :: 0 bottom :: 0 dfu-right :: 1920 dfu-bottom :: 1080
07-02 19:00:44.966 E/[ 1929.860445@2]- ion_import_dma_buf(    0): can not import dmabuf from another exporter
07-02 19:00:44.967 E/[ 1929.860960@3]- ion_import_dma_buf(    0): can not import dmabuf from another exporter
07-02 19:00:44.967 E/[ 1929.861604@3]- ion_import_dma_buf(    0): can not import dmabuf from another exporter
07-02 19:00:44.967 E/[ 1929.862195@2]- ion_import_dma_buf(    0): can not import dmabuf from another exporter
07-02 19:00:44.968 E/[ 1929.862865@2]- ion_import_dma_buf(    0): can not import dmabuf from another exporter
07-02 19:00:44.968 E/[ 1929.863282@3]- ion_import_dma_buf(    0): can not import dmabuf from another exporter
07-02 19:00:44.970 E/[ 1929.863623@3]- ion_import_dma_buf(    0): can not import dmabuf from another exporter
07-02 19:00:44.970 E/[ 1929.863953@3]- ion_import_dma_buf(    0): can not import dmabuf from another exporter
07-02 19:00:44.986 E/[ 1929.875687@1]- ion_import_dma_buf(    0): can not import dmabuf from another exporter
07-02 19:00:44.986 I/[ 1929.878729@1]- VID(    0): VD1 off
07-02 19:00:44.986 I/[ 1929.878927@1]- vc(    0): [0]vc: set enable index=0, val=1
07-02 19:00:45.014 I/        (    0): [ 1929.878952@1]- dev->index =0, val=2
07-02 19:00:45.015 I/[ 1929.878958@1]- VID(    0): VD1 off
07-02 19:00:45.015 I/[ 1929.878965@1]- VID(    0): VD1 set global output as 1
07-02 19:00:45.015 I/[ 1929.879014@1]- VID(    0): store VD0 path_id changed -1->2
07-02 19:00:45.015 I/[ 1929.879048@1]- vc(    0): [0]sideband_type =-1
07-02 19:00:45.015 E/[ 1929.907781@0]- ion_import_dma_buf(    0): can not import dmabuf from another exporter
07-02 19:00:45.046 E/[ 1929.940638@2]- ion_import_dma_buf(    0): can not import dmabuf from another exporter
07-02 19:00:45.098 E/[ 1929.990788@0]- ion_import_dma_buf(    0): can not import dmabuf from another exporter
07-02 19:00:45.146 E/[ 1930.041048@0]- ion_import_dma_buf(    0): can not import dmabuf from another exporter
07-02 19:00:45.179 E/[ 1930.074373@1]- ion_import_dma_buf(    0): can not import dmabuf from another exporter
07-02 19:00:45.229 E/[ 1930.124041@0]- ion_import_dma_buf(    0): can not import dmabuf from another exporter
07-02 19:00:45.279 E/[ 1930.174117@0]- ion_import_dma_buf(    0): can not import dmabuf from another exporter
07-02 19:00:45.962 I/        (    0): [ 1930.857823@3]- is_reset=1
07-02 19:00:46.058 I/[ 1930.858201@3]- vframe_rate_uevent(    0): sent uevent FRAME_RATE_HINT=0
07-02 19:00:46.058 I/[ 1930.867094@2]- unreg(    0): ionvideo
07-02 19:00:46.058 D/        (    0): [ 1930.867199@2]- vdec_disable_DMC input->target= 0x1
07-02 19:00:46.058 D/        (    0): [ 1930.871738@1]- vdec_release instance 00000000a6ffbccc, total 1 id = 0
07-02 19:00:46.058 D/        (    0): [ 1930.871981@1]- the clk_hevc_mux    clock off, ref cnt: 0
07-02 19:00:46.058 D/        (    0): [ 1930.871989@1]- the clk_hevcb_mux   clock off, ref cnt: 0
07-02 19:00:46.058 D/        (    0): [ 1930.871999@1]- the vdec            clock off, ref cnt: 0
07-02 19:00:46.058 D/        (    0): [ 1930.872036@1]- the parser_top      clock off, ref cnt: 1
07-02 19:00:46.058 D/        (    0): [ 1930.872040@1]- the demux           clock off, ref cnt: 1
07-02 19:00:46.058 D/        (    0): [ 1930.872171@1]- the demux           clock on, ref cnt: 2
07-02 19:00:46.058 D/        (    0): [ 1930.872176@1]- the parser_top      clock on, ref cnt: 2
07-02 19:00:46.058 D/        (    0): [ 1930.872185@1]- the vdec            clock on, ref cnt: 1
07-02 19:00:46.058 D/        (    0): [ 1930.872205@1]- the clk_hevc_mux    clock on, ref cnt: 1
07-02 19:00:46.058 D/        (    0): [ 1930.872211@1]- the clk_hevcb_mux   clock on, ref cnt: 1
07-02 19:00:46.058 D/        (    0): [ 1930.872244@1]- hevc mux clock is 499999992 Hz
07-02 19:00:46.058 D/        (    0): [ 1930.872259@1]- hevc back mux clock is 499999992 Hz
07-02 19:00:46.058 D/        (    0): [ 1930.872503@1]- vdec_create instance 00000000c30bf20d, total 1, PM: legacy
07-02 19:00:46.058 D/        (    0): [ 1930.872568@1]- no drmmode
07-02 19:00:46.058 I/        (    0): [ 1930.872742@1]- is_reset=1
07-02 19:00:46.058 I/        (    0): [ 1930.872785@1]- vdec_init, dev_name:ammvdec_h265, vdec_type=VDEC_TYPE_FRAME_BLOCK  id = 0
07-02 19:00:46.058 D/[ 1930.873664@1]- [0]pdata->config=hevc_buf_width(    0): 1920;hevc_buf_height:1088;hevc_buf_margin:0;hevc_double_write_mode:16;save_buffer_mode:0;
07-02 19:00:46.058 D/        (    0): [ 1930.873712@1]- decoder_bmmu_box_alloc_box, tvp_flags = 0
07-02 19:00:46.058 D/        (    0): [ 1930.874375@2]- [0]dynamic_buf_num_margin=9
07-02 19:00:46.058 D/        (    0): [ 1930.874383@2]- [0]double_write_mode=16
07-02 19:00:46.059 D/[ 1930.874394@2]- [0]h265(    0): pts_unstable=0
07-02 19:00:46.059 D/[ 1930.874400@2]- [0]h265(    0): ver (201602101,0) decinfo: 0x0 rate=3600
07-02 19:00:46.090 I/        (    0): [ 1930.875871@2]- [TEE], the fw (hevc_mmu) will be loaded.
07-02 19:00:46.094 D/        (    0): [ 1930.875919@2]- hevc mux clock is 666666656 Hz
07-02 19:00:46.100 D/        (    0): [ 1930.875935@2]- hevc back mux clock is 666666656 Hz
07-02 19:00:46.100 D/        (    0): [ 1930.875941@2]- hevc video changed to 3840 x 2160 60 fps clk->667MHZ
07-02 19:00:46.100 D/        (    0): [ 1930.875989@2]- vfm map vdec-map-0 created
07-02 19:00:46.100 I/[ 1930.876010@2]- reg(    0): ionvideo
07-02 19:00:46.100 D/        (    0): [ 1930.876015@2]- vdec_init, vf_provider_name = vdec.h265.00, b 0
07-02 19:00:46.100 I/        (    0): [ 1930.876864@2]- vdec->port_flag=0x102, port_flag=0x10b
07-02 19:00:46.100 I/        (    0): [ 1930.876969@2]- is_reset=0
07-02 19:00:46.100 I/        (    0): [ 1930.895233@3]- is_reset=1
07-02 19:00:46.100 I/[ 1930.895530@3]- vframe_rate_uevent(    0): sent uevent FRAME_RATE_HINT=0
07-02 19:00:46.100 I/[ 1930.901630@2]- unreg(    0): ionvideo
07-02 19:00:46.101 D/        (    0): [ 1930.901655@2]- vdec_disable_DMC input->target= 0x1
07-02 19:00:46.101 D/        (    0): [ 1930.902338@2]- vdec_release instance 00000000c30bf20d, total 1 id = 0
07-02 19:00:46.101 D/        (    0): [ 1930.902565@2]- the clk_hevc_mux    clock off, ref cnt: 0
07-02 19:00:46.101 D/        (    0): [ 1930.902573@2]- the clk_hevcb_mux   clock off, ref cnt: 0
07-02 19:00:46.101 D/        (    0): [ 1930.902582@2]- the vdec            clock off, ref cnt: 0
07-02 19:00:46.101 D/        (    0): [ 1930.902586@2]- the parser_top      clock off, ref cnt: 1
07-02 19:00:46.101 D/        (    0): [ 1930.902590@2]- the demux           clock off, ref cnt: 1
07-02 19:00:46.101 D/        (    0): [ 1930.902652@2]- the demux           clock on, ref cnt: 2
07-02 19:00:46.101 D/        (    0): [ 1930.902656@2]- the parser_top      clock on, ref cnt: 2
07-02 19:00:46.101 D/        (    0): [ 1930.902662@2]- the vdec            clock on, ref cnt: 1
07-02 19:00:46.101 D/        (    0): [ 1930.902681@2]- the clk_hevc_mux    clock on, ref cnt: 1
07-02 19:00:46.101 D/        (    0): [ 1930.902685@2]- the clk_hevcb_mux   clock on, ref cnt: 1
07-02 19:00:46.101 D/        (    0): [ 1930.902717@2]- hevc mux clock is 499999992 Hz
07-02 19:00:46.101 D/        (    0): [ 1930.902732@2]- hevc back mux clock is 499999992 Hz
07-02 19:00:46.101 D/        (    0): [ 1930.903032@2]- vdec_create instance 000000001cc067de, total 1, PM: legacy
07-02 19:00:46.101 D/        (    0): [ 1930.903092@2]- no drmmode
07-02 19:00:46.101 I/        (    0): [ 1930.903139@2]- is_reset=1
07-02 19:00:46.101 I/        (    0): [ 1930.903167@2]- vdec_init, dev_name:ammvdec_h265, vdec_type=VDEC_TYPE_FRAME_BLOCK  id = 0
07-02 19:00:46.101 D/[ 1930.904160@3]- [0]pdata->config=hevc_buf_width(    0): 1920;hevc_buf_height:1088;hevc_buf_margin:0;hevc_double_write_mode:16;save_buffer_mode:0;
07-02 19:00:46.101 D/        (    0): [ 1930.904222@3]- decoder_bmmu_box_alloc_box, tvp_flags = 0
07-02 19:00:46.101 D/        (    0): [ 1930.905444@0]- [0]dynamic_buf_num_margin=9
07-02 19:00:46.101 D/        (    0): [ 1930.905451@0]- [0]double_write_mode=16
07-02 19:00:46.101 D/[ 1930.905460@0]- [0]h265(    0): pts_unstable=0
07-02 19:00:46.101 D/[ 1930.905466@0]- [0]h265(    0): ver (201602101,0) decinfo: 0x0 rate=3600
07-02 19:00:46.101 I/        (    0): [ 1930.907073@0]- [TEE], the fw (hevc_mmu) will be loaded.
07-02 19:00:46.110 D/        (    0): [ 1930.907122@0]- hevc mux clock is 666666656 Hz
07-02 19:00:46.110 D/        (    0): [ 1930.907138@0]- hevc back mux clock is 666666656 Hz
07-02 19:00:46.110 D/        (    0): [ 1930.907144@0]- hevc video changed to 3840 x 2160 60 fps clk->667MHZ
07-02 19:00:46.110 D/        (    0): [ 1930.907212@0]- vfm map vdec-map-0 created
07-02 19:00:46.110 I/[ 1930.907232@0]- reg(    0): ionvideo
07-02 19:00:46.110 D/        (    0): [ 1930.907237@0]- vdec_init, vf_provider_name = vdec.h265.00, b 0
07-02 19:00:46.110 I/        (    0): [ 1930.909238@2]- vdec->port_flag=0x102, port_flag=0x10b
07-02 19:00:46.110 I/        (    0): [ 1930.909339@2]- is_reset=0
07-02 19:00:46.110 I/[ 1930.920897@2]- vframe_rate_uevent(    0): sent uevent FRAME_RATE_HINT=0
07-02 19:00:46.110 I/[ 1930.940962@2]- unreg(    0): ionvideo
07-02 19:00:46.110 D/        (    0): [ 1930.941050@2]- vdec_disable_DMC input->target= 0x1
07-02 19:00:46.110 D/        (    0): [ 1930.941598@2]- vdec_release instance 000000001cc067de, total 1 id = 0
07-02 19:00:46.110 D/        (    0): [ 1930.941869@2]- the clk_hevc_mux    clock off, ref cnt: 0
07-02 19:00:46.110 D/        (    0): [ 1930.941894@2]- the clk_hevcb_mux   clock off, ref cnt: 0
07-02 19:00:46.110 D/        (    0): [ 1930.941904@2]- the vdec            clock off, ref cnt: 0
07-02 19:00:46.110 D/        (    0): [ 1930.941908@2]- the parser_top      clock off, ref cnt: 1
07-02 19:00:46.111 D/        (    0): [ 1930.941912@2]- the demux           clock off, ref cnt: 1
07-02 19:00:46.111 I/[ 1930.941979@2]- 00000000f038a28c(    0): free ion_id:0, priv_data:0
07-02 19:00:46.111 D/        (    0): [ 1930.941983@2]d ionvideo_release_map 0 OK
07-02 19:00:46.111 D/[ 1930.950949@3]- ionvid(    0): dbg: vidioc_close!!!!
07-02 19:00:46.111 D/[ 1930.950967@3]- ionvid(    0): dbg: vidioc_close
07-02 19:00:46.111 I/[ 1930.952159@3]- resman(    0): 62 release [codec_mm]
07-02 19:00:46.146 D/INSETS  ( 3846): else - Package Name ::  left : 0 right :: 0 top :: 0 bottom :: 0 dfu-right :: 1920 dfu-bottom :: 1080
07-02 19:00:46.166 I/[ 1931.062264@1]- vc(    0): [0]vc: set enable index=0, val=0
07-02 19:00:46.166 I/[ 1931.062285@1]- VID(    0): store VD0 path_id changed 2->-1
07-02 19:00:46.166 I/        (    0): [ 1931.062290@1]- dev->index =0, val=1
07-02 19:00:46.166 I/[ 1931.062295@1]- VID(    0): VD1 off
07-02 19:00:46.166 I/[ 1931.062301@1]- VID(    0): VD1 set global output as 0
07-02 19:00:46.166 I/        (    0): [ 1931.062321@1]- common_vf_unreg_provider video_render.0: vd1 used: true, vd2 used: false, black_out:0, cur_buf:000000004ba1dfee
07-02 19:00:46.306 W/[ 1931.198958@3]- RTW(    0): Turbo EDCA =0x431c
07-02 19:00:46.580 D/INSETS  ( 3846): else - Package Name ::  left : 0 right :: 0 top :: 0 bottom :: 0 dfu-right :: 1920 dfu-bottom :: 1080
07-02 19:00:48.313 W/[ 1933.209368@3]- RTW(    0): fill_default_txdesc(wlan0): SP Packet(0x0806) rate=0x4 SeqNum = 1949
07-02 19:00:48.320 W/[ 1933.214844@3]- RTW(    0): Turbo EDCA =0x5ea42b
07-02 19:00:49.504 I/UsageStatsService( 3846): User[0] Flushing usage stats to disk
07-02 19:00:53.394 W/[ 1938.289381@1]- RTW(    0): fill_default_txdesc(wlan0): SP Packet(0x0806) rate=0x4 SeqNum = 2231
07-02 19:00:57.298 I/[ 1942.190907@3]- resman(    0): 63 appname:OMX-46, type=0
07-02 19:00:57.366 I/[ 1942.261535@1]- resman(    0): 63 acquire [codec_mm], preempt yes
07-02 19:00:57.366 I/[ 1942.261546@1]- resman(    0): 63 score 30 secure no
07-02 19:00:57.366 I/[ 1942.261551@1]- resman(    0): 63 acquire [codec_mm] success
07-02 19:00:57.366 D/        (    0): [ 1942.261579@1]- the demux           clock on, ref cnt: 2
07-02 19:00:57.366 D/        (    0): [ 1942.261585@1]- the parser_top      clock on, ref cnt: 2
07-02 19:00:57.366 D/        (    0): [ 1942.261595@1]- the vdec            clock on, ref cnt: 1
07-02 19:00:57.366 D/        (    0): [ 1942.261618@1]- the clk_vdec_mux    clock on, ref cnt: 1
07-02 19:00:57.366 D/        (    0): [ 1942.261649@1]- vdec mux clock is 499999992 Hz
07-02 19:00:57.366 D/        (    0): [ 1942.261804@1]- vdec_create instance 000000006bdcfa84, total 1, PM: legacy
07-02 19:00:57.366 D/        (    0): [ 1942.261837@1]- no drmmode
07-02 19:00:57.366 I/        (    0): [ 1942.261858@1]- is_reset=0
07-02 19:00:57.366 I/        (    0): [ 1942.261883@1]- vdec_init, dev_name:ammvdec_h264, vdec_type=VDEC_TYPE_FRAME_BLOCK  id = 0
07-02 19:00:57.366 D/        (    0): [ 1942.262767@1]- ammvdec_h264_mmu_init tvp = 0x0 mmu_enable 0
07-02 19:00:57.366 D/        (    0): [ 1942.262775@1]- decoder_bmmu_box_alloc_box, tvp_flags = 0
07-02 19:00:57.366 D/[ 1942.262792@1]- 0(    0): ammvdec_h264_probe mmu_enable 0 double_write_mode 0x10
07-02 19:00:57.369 D/[ 1942.264224@3]- 0(    0): ammvdec_h264 mem-addr=0,buff_offset=56c10000,buf_start=56c00000
07-02 19:00:57.369 D/        (    0): [ 1942.264268@3]- vdec mux clock is 666666656 Hz
