06-12 23:51:18.105 F/linker  (29305): CANNOT LINK EXECUTABLE "/system/bin/smartcable/smartCableSTBApp": library "libmosquitto.so" not found: needed by main executable
06-12 23:51:18.319 W/[ 5245.440039@0]  RTW(    0): fill_default_txdesc(wlan0): SP Packet(0x0806) rate=0x4 SeqNum = 3853
06-12 23:51:23.111 F/linker  (29322): CANNOT LINK EXECUTABLE "/system/bin/smartcable/smartCableSTBApp": library "libmosquitto.so" not found: needed by main executable
06-12 23:51:23.251 W/[ 5250.372382@1]  RTW(    0): fill_default_txdesc(wlan0): SP Packet(0x0806) rate=0x4 SeqNum = 4082
06-12 23:51:28.118 F/linker  (29331): CANNOT LINK EXECUTABLE "/system/bin/smartcable/smartCableSTBApp": library "libmosquitto.so" not found: needed by main executable
06-12 23:51:28.351 W/[ 5255.470088@0]  RTW(    0): fill_default_txdesc(wlan0): SP Packet(0x0806) rate=0x4 SeqNum = 212
06-12 23:51:33.116 F/linker  (29344): CANNOT LINK EXECUTABLE "/system/bin/smartcable/smartCableSTBApp": library "libmosquitto.so" not found: needed by main executable
06-12 23:51:33.263 W/[ 5260.381205@0]  RTW(    0): fill_default_txdesc(wlan0): SP Packet(0x0806) rate=0x4 SeqNum = 460
06-12 23:51:38.124 F/linker  (29363): CANNOT LINK EXECUTABLE "/system/bin/smartcable/smartCableSTBApp": library "libmosquitto.so" not found: needed by main executable
06-12 23:51:38.247 W/[ 5265.364650@0]  RTW(    0): fill_default_txdesc(wlan0): SP Packet(0x0806) rate=0x4 SeqNum = 743
06-12 23:51:43.134 F/linker  (29378): CANNOT LINK EXECUTABLE "/system/bin/smartcable/smartCableSTBApp": library "libmosquitto.so" not found: needed by main executable
06-12 23:51:43.403 W/[ 5270.522168@0]  RTW(    0): fill_default_txdesc(wlan0): SP Packet(0x0806) rate=0x4 SeqNum = 995
06-12 23:51:44.919 W/[ 5272.036598@0]  RTW(    0): Turbo EDCA =0xa42b
06-12 23:51:46.935 W/[ 5274.052734@2]  RTW(    0): Turbo EDCA =0x5ea42b
06-12 23:51:48.138 F/linker  (29389): CANNOT LINK EXECUTABLE "/system/bin/smartcable/smartCableSTBApp": library "libmosquitto.so" not found: needed by main executable
06-12 23:51:48.387 W/[ 5275.506877@0]  RTW(    0): fill_default_txdesc(wlan0): SP Packet(0x0806) rate=0x4 SeqNum = 2184
06-12 23:51:49.527 W/[ 5276.644593@0]  RTW(    0): fill_default_txdesc(wlan0): SP Packet(0x0806) rate=0x4 SeqNum = 2236
06-12 23:51:49.527 W/[ 5276.648564@0]  RTW(    0): fill_default_txdesc(wlan0): SP Packet(0x0806) rate=0x4 SeqNum = 2237
06-12 23:51:49.645 W/[ 5276.764565@0]  RTW(    0): fill_default_txdesc(wlan0): SP Packet(0x0806) rate=0x4 SeqNum = 2241
06-12 23:51:53.146 F/linker  (29404): CANNOT LINK EXECUTABLE "/system/bin/smartcable/smartCableSTBApp": library "libmosquitto.so" not found: needed by main executable
06-12 23:51:53.475 W/[ 5280.595960@0]  RTW(    0): fill_default_txdesc(wlan0): SP Packet(0x0806) rate=0x4 SeqNum = 2422
06-12 23:51:58.152 F/linker  (29415): CANNOT LINK EXECUTABLE "/system/bin/smartcable/smartCableSTBApp": library "libmosquitto.so" not found: needed by main executable
06-12 23:51:58.599 W/[ 5285.717011@0]  RTW(    0): fill_default_txdesc(wlan0): SP Packet(0x0806) rate=0x4 SeqNum = 2647
06-12 23:52:03.153 F/linker  (29428): CANNOT LINK EXECUTABLE "/system/bin/smartcable/smartCableSTBApp": library "libmosquitto.so" not found: needed by main executable
06-12 23:52:03.679 W/[ 5290.796973@0]  RTW(    0): fill_default_txdesc(wlan0): SP Packet(0x0806) rate=0x4 SeqNum = 2907
06-12 23:52:08.165 F/linker  (29437): CANNOT LINK EXECUTABLE "/system/bin/smartcable/smartCableSTBApp": library "libmosquitto.so" not found: needed by main executable
06-12 23:52:08.319 W/[ 5295.437243@0]  RTW(    0): fill_default_txdesc(wlan0): SP Packet(0x0806) rate=0x4 SeqNum = 3094
06-12 23:52:13.166 F/linker  (29448): CANNOT LINK EXECUTABLE "/system/bin/smartcable/smartCableSTBApp": library "libmosquitto.so" not found: needed by main executable
06-12 23:52:14.815 W/[ 5301.935083@0]  RTW(    0): fill_default_txdesc(wlan0): SP Packet(0x0806) rate=0x4 SeqNum = 3569
06-12 23:52:15.159 W/[ 5302.276826@0]  RTW(    0): Turbo EDCA =0xa42b
06-12 23:52:16.151 W/[ 5303.268633@1]  RTW(    0): fill_default_txdesc(wlan0): SP Packet(0x0806) rate=0x4 SeqNum = 3645
06-12 23:52:17.175 W/[ 5304.292699@0]  RTW(    0): Turbo EDCA =0x5ea42b
06-12 23:52:18.172 F/linker  (29464): CANNOT LINK EXECUTABLE "/system/bin/smartcable/smartCableSTBApp": library "libmosquitto.so" not found: needed by main executable
06-12 23:52:19.883 W/[ 5307.004401@3]  RTW(    0): fill_default_txdesc(wlan0): SP Packet(0x0806) rate=0x4 SeqNum = 3827
06-12 23:52:20.279 W/[ 5307.398692@0]  audit(    0): audit_lost=5375 audit_rate_limit=5 audit_backlog_limit=64
06-12 23:52:20.279 E/[ 5307.398698@0]  audit(    0): rate limit exceeded
06-12 23:52:21.379 W/[ 5308.496707@0]  audit(    0): audit_lost=5497 audit_rate_limit=5 audit_backlog_limit=64
06-12 23:52:21.379 E/[ 5308.496717@0]  audit(    0): rate limit exceeded
06-12 23:52:23.182 F/linker  (29478): CANNOT LINK EXECUTABLE "/system/bin/smartcable/smartCableSTBApp": library "libmosquitto.so" not found: needed by main executable
06-12 23:52:24.431 W/[ 5311.550436@1]  RTW(    0): fill_default_txdesc(wlan0): SP Packet(0x0806) rate=0x4 SeqNum = 4091
06-12 23:52:28.185 F/linker  (29502): CANNOT LINK EXECUTABLE "/system/bin/smartcable/smartCableSTBApp": library "libmosquitto.so" not found: needed by main executable
06-12 23:52:30.027 W/[ 5317.145004@1]  RTW(    0): fill_default_txdesc(wlan0): SP Packet(0x0806) rate=0x4 SeqNum = 294
06-12 23:52:33.035 W/[ 5320.154708@3]  RTW(    0): cfg80211_rtw_scan(wlan0)
06-12 23:52:33.035 W/[ 5320.154730@3]  RTW(    0): cfg80211_rtw_scan (wlan0) tx:45, rx:24, bi:69 kbps, disallow(0)
06-12 23:52:33.039 W/[ 5320.159605@2]  RTW(    0): [HW_VAR_CHECK_TXBUF] Empty in 0 ms
06-12 23:52:33.039 W/[ 5320.159713@2]  RTW(    0): wlan0 sleep m0=0x00000003, ori reg_0x4d4=0x00000000
06-12 23:52:33.192 F/linker  (29583): CANNOT LINK EXECUTABLE "/system/bin/smartcable/smartCableSTBApp": library "libmosquitto.so" not found: needed by main executable
06-12 23:52:33.735 W/[ 5320.852714@1]  RTW(    0): LeaveAllPowerSaveModeDirect.....
06-12 23:52:33.735 W/[ 5320.852727@1]  RTW(    0): LeaveAllPowerSaveModeDirect: Driver Already Leave LPS
06-12 23:52:33.735 W/[ 5320.852736@1]  RTW(    0): rtw_hal_set_macaddr_port wlan0- hw port(0) mac_addr =a8:71:16:66:28:c6
06-12 23:52:33.735 W/[ 5320.852886@1]  RTW(    0): wlan0- hw port(0) mac_addr =a8:71:16:66:28:c6
06-12 23:52:33.735 W/[ 5320.852954@1]  RTW(    0): p2p0- hw port(1) mac_addr =aa:71:16:66:28:c6
06-12 23:52:33.739 W/[ 5320.857257@1]  RTW(    0): wlan0 wakeup m0=0x00000003, ori reg_0x4d4=0x00000003
06-12 23:52:33.739 W/[ 5320.858694@2]  RTW(    0): survey done event(3a) band:0 for wlan0
06-12 23:52:33.739 W/        (    0): [ 5320.858713@2]  ========== ACS (VER-3) ==========
06-12 23:52:33.739 W/        (    0): [ 5320.858717@2]  Best 24G Channel:3
06-12 23:52:33.739 W/        (    0): [ 5320.858721@2]  Best 5G Channel:40
06-12 23:52:33.739 W/        (    0): [ 5320.858721@2]
06-12 23:52:33.739 W/[ 5320.858843@2]  RTW(    0): rtw_indicate_scan_done(wlan0)
06-12 23:52:34.712 W/[ 5321.833239@3]  RTW(    0): fill_default_txdesc(wlan0): SP Packet(0x0806) rate=0x4 SeqNum = 519
06-12 23:52:38.199 F/linker  (29638): CANNOT LINK EXECUTABLE "/system/bin/smartcable/smartCableSTBApp": library "libmosquitto.so" not found: needed by main executable
06-12 23:52:39.979 W/[ 5327.100143@1]  RTW(    0): fill_default_txdesc(wlan0): SP Packet(0x0806) rate=0x4 SeqNum = 800
06-12 23:52:43.204 F/linker  (29690): CANNOT LINK EXECUTABLE "/system/bin/smartcable/smartCableSTBApp": library "libmosquitto.so" not found: needed by main executable
06-12 23:52:44.247 W/[ 5331.364520@2]  RTW(    0): fill_default_txdesc(wlan0): SP Packet(0x0806) rate=0x4 SeqNum = 1027
06-12 23:52:48.212 F/linker  (29760): CANNOT LINK EXECUTABLE "/system/bin/smartcable/smartCableSTBApp": library "libmosquitto.so" not found: needed by main executable
06-12 23:52:49.327 W/[ 5336.444563@0]  RTW(    0): fill_default_txdesc(wlan0): SP Packet(0x0806) rate=0x4 SeqNum = 1372
06-12 23:52:49.947 W/[ 5337.064644@0]  RTW(    0): fill_default_txdesc(wlan0): SP Packet(0x0806) rate=0x4 SeqNum = 1397
06-12 23:52:53.219 F/linker  (29773): CANNOT LINK EXECUTABLE "/system/bin/smartcable/smartCableSTBApp": library "libmosquitto.so" not found: needed by main executable
06-12 23:52:54.407 W/[ 5341.524584@1]  RTW(    0): fill_default_txdesc(wlan0): SP Packet(0x0806) rate=0x4 SeqNum = 1604
06-12 23:52:58.221 F/linker  (29783): CANNOT LINK EXECUTABLE "/system/bin/smartcable/smartCableSTBApp": library "libmosquitto.so" not found: needed by main executable
06-12 23:52:59.455 W/[ 5346.575182@1]  RTW(    0): fill_default_txdesc(wlan0): SP Packet(0x0806) rate=0x4 SeqNum = 1835
06-12 23:53:03.232 F/linker  (29797): CANNOT LINK EXECUTABLE "/system/bin/smartcable/smartCableSTBApp": library "libmosquitto.so" not found: needed by main executable
06-12 23:53:04.491 W/[ 5351.609285@0]  RTW(    0): fill_default_txdesc(wlan0): SP Packet(0x0806) rate=0x4 SeqNum = 2097
06-12 23:53:08.235 F/linker  (29807): CANNOT LINK EXECUTABLE "/system/bin/smartcable/smartCableSTBApp": library "libmosquitto.so" not found: needed by main executable
06-12 23:53:09.587 W/[ 5356.704935@0]  RTW(    0): fill_default_txdesc(wlan0): SP Packet(0x0806) rate=0x4 SeqNum = 2309
06-12 23:53:13.236 F/linker  (29822): CANNOT LINK EXECUTABLE "/system/bin/smartcable/smartCableSTBApp": library "libmosquitto.so" not found: needed by main executable
06-12 23:53:14.675 W/[ 5361.794346@1]  RTW(    0): fill_default_txdesc(wlan0): SP Packet(0x0806) rate=0x4 SeqNum = 2572
06-12 23:53:17.335 W/[ 5364.452615@2]  RTW(    0): fill_default_txdesc(wlan0): SP Packet(0x0806) rate=0x4 SeqNum = 2728
06-12 23:53:18.243 F/linker  (29840): CANNOT LINK EXECUTABLE "/system/bin/smartcable/smartCableSTBApp": library "libmosquitto.so" not found: needed by main executable
06-12 23:53:19.755 W/[ 5366.875373@1]  RTW(    0): fill_default_txdesc(wlan0): SP Packet(0x0806) rate=0x4 SeqNum = 2851
06-12 23:53:23.246 F/linker  (29858): CANNOT LINK EXECUTABLE "/system/bin/smartcable/smartCableSTBApp": library "libmosquitto.so" not found: needed by main executable
06-12 23:53:24.827 W/[ 5371.946643@1]  RTW(    0): fill_default_txdesc(wlan0): SP Packet(0x0806) rate=0x4 SeqNum = 3091
06-12 23:53:28.251 F/linker  (29867): CANNOT LINK EXECUTABLE "/system/bin/smartcable/smartCableSTBApp": library "libmosquitto.so" not found: needed by main executable
06-12 23:53:29.915 W/[ 5377.034663@2]  RTW(    0): fill_default_txdesc(wlan0): SP Packet(0x0806) rate=0x4 SeqNum = 3322
06-12 23:53:33.257 F/linker  (29880): CANNOT LINK EXECUTABLE "/system/bin/smartcable/smartCableSTBApp": library "libmosquitto.so" not found: needed by main executable
06-12 23:53:34.975 W/[ 5382.095245@0]  RTW(    0): fill_default_txdesc(wlan0): SP Packet(0x0806) rate=0x4 SeqNum = 3566
06-12 23:53:38.259 F/linker  (29891): CANNOT LINK EXECUTABLE "/system/bin/smartcable/smartCableSTBApp": library "libmosquitto.so" not found: needed by main executable
06-12 23:53:39.219 W/[ 5386.336995@0]  RTW(    0): fill_default_txdesc(wlan0): SP Packet(0x0806) rate=0x4 SeqNum = 3806
06-12 23:53:43.263 F/linker  (29906): CANNOT LINK EXECUTABLE "/system/bin/smartcable/smartCableSTBApp": library "libmosquitto.so" not found: needed by main executable
06-12 23:53:44.871 W/[ 5391.989115@1]  RTW(    0): fill_default_txdesc(wlan0): SP Packet(0x0806) rate=0x4 SeqNum = 4090
06-12 23:53:45.879 W/[ 5392.996710@1]  RTW(    0): Turbo EDCA =0xa42b
06-12 23:53:47.895 W/[ 5395.012842@3]  RTW(    0): Turbo EDCA =0x5ea42b
06-12 23:53:48.271 F/linker  (29919): CANNOT LINK EXECUTABLE "/system/bin/smartcable/smartCableSTBApp": library "libmosquitto.so" not found: needed by main executable
06-12 23:53:49.267 W/[ 5396.387663@3]  RTW(    0): fill_default_txdesc(wlan0): SP Packet(0x0806) rate=0x4 SeqNum = 271
06-12 23:53:53.274 F/linker  (29930): CANNOT LINK EXECUTABLE "/system/bin/smartcable/smartCableSTBApp": library "libmosquitto.so" not found: needed by main executable
06-12 23:53:54.267 W/[ 5401.384538@0]  RTW(    0): fill_default_txdesc(wlan0): SP Packet(0x0806) rate=0x4 SeqNum = 528
06-12 23:53:58.282 F/linker  (29944): CANNOT LINK EXECUTABLE "/system/bin/smartcable/smartCableSTBApp": library "libmosquitto.so" not found: needed by main executable
06-12 23:53:59.315 W/[ 5406.434891@2]  RTW(    0): fill_default_txdesc(wlan0): SP Packet(0x0806) rate=0x4 SeqNum = 758
06-12 23:54:03.287 F/linker  (29954): CANNOT LINK EXECUTABLE "/system/bin/smartcable/smartCableSTBApp": library "libmosquitto.so" not found: needed by main executable
06-12 23:54:04.375 W/[ 5411.494854@1]  RTW(    0): fill_default_txdesc(wlan0): SP Packet(0x0806) rate=0x4 SeqNum = 1052
06-12 23:54:08.294 F/linker  (29967): CANNOT LINK EXECUTABLE "/system/bin/smartcable/smartCableSTBApp": library "libmosquitto.so" not found: needed by main executable
06-12 23:54:09.467 W/[ 5416.586276@3]  RTW(    0): fill_default_txdesc(wlan0): SP Packet(0x0806) rate=0x4 SeqNum = 1276
06-12 23:54:13.301 F/linker  (29978): CANNOT LINK EXECUTABLE "/system/bin/smartcable/smartCableSTBApp": library "libmosquitto.so" not found: needed by main executable
06-12 23:54:14.567 W/[ 5421.684554@1]  RTW(    0): fill_default_txdesc(wlan0): SP Packet(0x0806) rate=0x4 SeqNum = 1549
06-12 23:54:16.119 W/[ 5423.236665@3]  RTW(    0): Turbo EDCA =0xa42b
06-12 23:54:18.135 W/[ 5425.252665@2]  RTW(    0): Turbo EDCA =0x5ea42b
06-12 23:54:18.306 F/linker  (30008): CANNOT LINK EXECUTABLE "/system/bin/smartcable/smartCableSTBApp": library "libmosquitto.so" not found: needed by main executable
06-12 23:54:18.519 W/[ 5425.636619@3]  RTW(    0): fill_default_txdesc(wlan0): SP Packet(0x0806) rate=0x4 SeqNum = 1896
06-12 23:54:19.655 W/[ 5426.775177@1]  RTW(    0): fill_default_txdesc(wlan0): SP Packet(0x0806) rate=0x4 SeqNum = 1948
06-12 23:54:21.387 W/[ 5428.507341@0]  audit(    0): audit_lost=5505 audit_rate_limit=5 audit_backlog_limit=64
06-12 23:54:21.387 E/[ 5428.507347@0]  audit(    0): rate limit exceeded
06-12 23:54:22.543 W/[ 5429.661584@3]  audit(    0): audit_lost=5623 audit_rate_limit=5 audit_backlog_limit=64
06-12 23:54:22.543 E/[ 5429.661594@3]  audit(    0): rate limit exceeded
06-12 23:54:23.317 F/linker  (30019): CANNOT LINK EXECUTABLE "/system/bin/smartcable/smartCableSTBApp": library "libmosquitto.so" not found: needed by main executable
06-12 23:54:24.715 W/[ 5431.835562@3]  RTW(    0): fill_default_txdesc(wlan0): SP Packet(0x0806) rate=0x4 SeqNum = 2218
06-12 23:54:28.319 F/linker  (30037): CANNOT LINK EXECUTABLE "/system/bin/smartcable/smartCableSTBApp": library "libmosquitto.so" not found: needed by main executable
06-12 23:54:29.784 W/[ 5436.905375@1]  RTW(    0): fill_default_txdesc(wlan0): SP Packet(0x0806) rate=0x4 SeqNum = 2459
06-12 23:54:33.323 F/linker  (30046): CANNOT LINK EXECUTABLE "/system/bin/smartcable/smartCableSTBApp": library "libmosquitto.so" not found: needed by main executable
06-12 23:54:34.847 W/[ 5441.966665@2]  RTW(    0): fill_default_txdesc(wlan0): SP Packet(0x0806) rate=0x4 SeqNum = 2716
06-12 23:54:38.331 F/linker  (30058): CANNOT LINK EXECUTABLE "/system/bin/smartcable/smartCableSTBApp": library "libmosquitto.so" not found: needed by main executable
06-12 23:54:39.915 W/[ 5447.035819@1]  RTW(    0): fill_default_txdesc(wlan0): SP Packet(0x0806) rate=0x4 SeqNum = 3012
06-12 23:54:43.334 F/linker  (30071): CANNOT LINK EXECUTABLE "/system/bin/smartcable/smartCableSTBApp": library "libmosquitto.so" not found: needed by main executable
06-12 23:54:44.751 W/[ 5451.869888@0]  RTW(    0): fill_default_txdesc(wlan0): SP Packet(0x0806) rate=0x4 SeqNum = 3287
06-12 23:54:46.359 W/[ 5453.476589@3]  RTW(    0): Turbo EDCA =0xa42b
06-12 23:54:46.935 W/[ 5454.052660@2]  RTW(    0): fill_default_txdesc(wlan0): SP Packet(0x0806) rate=0x4 SeqNum = 339
06-12 23:54:48.341 F/linker  (30085): CANNOT LINK EXECUTABLE "/system/bin/smartcable/smartCableSTBApp": library "libmosquitto.so" not found: needed by main executable
06-12 23:54:48.375 W/[ 5455.492776@0]  RTW(    0): Turbo EDCA =0x5ea42b
06-12 23:54:50.047 W/[ 5457.164910@3]  RTW(    0): fill_default_txdesc(wlan0): SP Packet(0x0806) rate=0x4 SeqNum = 511
06-12 23:54:53.345 F/linker  (30100): CANNOT LINK EXECUTABLE "/system/bin/smartcable/smartCableSTBApp": library "libmosquitto.so" not found: needed by main executable
06-12 23:54:55.107 W/[ 5462.225418@1]  RTW(    0): fill_default_txdesc(wlan0): SP Packet(0x0806) rate=0x4 SeqNum = 779
06-12 23:54:58.355 F/linker  (30109): CANNOT LINK EXECUTABLE "/system/bin/smartcable/smartCableSTBApp": library "libmosquitto.so" not found: needed by main executable
06-12 23:54:59.295 W/[ 5466.413178@3]  RTW(    0): fill_default_txdesc(wlan0): SP Packet(0x0806) rate=0x4 SeqNum = 991
06-12 23:55:03.357 F/linker  (30124): CANNOT LINK EXECUTABLE "/system/bin/smartcable/smartCableSTBApp": library "libmosquitto.so" not found: needed by main executable
06-12 23:55:04.247 W/[ 5471.364787@2]  RTW(    0): fill_default_txdesc(wlan0): SP Packet(0x0806) rate=0x4 SeqNum = 1245
06-12 23:55:08.364 F/linker  (30133): CANNOT LINK EXECUTABLE "/system/bin/smartcable/smartCableSTBApp": library "libmosquitto.so" not found: needed by main executable
06-12 23:55:09.315 W/[ 5476.435228@2]  RTW(    0): fill_default_txdesc(wlan0): SP Packet(0x0806) rate=0x4 SeqNum = 1482
06-12 23:55:13.369 F/linker  (30146): CANNOT LINK EXECUTABLE "/system/bin/smartcable/smartCableSTBApp": library "libmosquitto.so" not found: needed by main executable
06-12 23:55:14.407 W/[ 5481.524984@1]  RTW(    0): fill_default_txdesc(wlan0): SP Packet(0x0806) rate=0x4 SeqNum = 1722
06-12 23:55:16.599 W/[ 5483.716656@1]  RTW(    0): Turbo EDCA =0xa42b
06-12 23:55:18.374 F/linker  (30161): CANNOT LINK EXECUTABLE "/system/bin/smartcable/smartCableSTBApp": library "libmosquitto.so" not found: needed by main executable
06-12 23:55:18.614 W/[ 5485.732753@0]  RTW(    0): Turbo EDCA =0x5ea42b
06-12 23:55:19.447 W/[ 5486.564547@1]  RTW(    0): fill_default_txdesc(wlan0): SP Packet(0x0806) rate=0x4 SeqNum = 2154
06-12 23:55:19.447 W/[ 5486.568070@1]  RTW(    0): fill_default_txdesc(wlan0): SP Packet(0x0806) rate=0x4 SeqNum = 2155
06-12 23:55:23.380 F/linker  (30174): CANNOT LINK EXECUTABLE "/system/bin/smartcable/smartCableSTBApp": library "libmosquitto.so" not found: needed by main executable
06-12 23:55:24.567 W/[ 5491.685101@3]  RTW(    0): fill_default_txdesc(wlan0): SP Packet(0x0806) rate=0x4 SeqNum = 2414
06-12 23:55:28.385 F/linker  (30188): CANNOT LINK EXECUTABLE "/system/bin/smartcable/smartCableSTBApp": library "libmosquitto.so" not found: needed by main executable
06-12 23:55:29.687 W/[ 5496.805330@0]  RTW(    0): fill_default_txdesc(wlan0): SP Packet(0x0806) rate=0x4 SeqNum = 2652
06-12 23:55:33.396 F/linker  (30198): CANNOT LINK EXECUTABLE "/system/bin/smartcable/smartCableSTBApp": library "libmosquitto.so" not found: needed by main executable
06-12 23:55:34.787 W/[ 5501.905490@1]  RTW(    0): fill_default_txdesc(wlan0): SP Packet(0x0806) rate=0x4 SeqNum = 2900
06-12 23:55:38.402 F/linker  (30213): CANNOT LINK EXECUTABLE "/system/bin/smartcable/smartCableSTBApp": library "libmosquitto.so" not found: needed by main executable
06-12 23:55:39.535 W/[ 5506.653536@0]  RTW(    0): fill_default_txdesc(wlan0): SP Packet(0x0806) rate=0x4 SeqNum = 3157
06-12 23:55:43.405 F/linker  (30222): CANNOT LINK EXECUTABLE "/system/bin/smartcable/smartCableSTBApp": library "libmosquitto.so" not found: needed by main executable
06-12 23:55:44.967 W/[ 5512.084794@2]  RTW(    0): fill_default_txdesc(wlan0): SP Packet(0x0806) rate=0x4 SeqNum = 3438
06-12 23:55:48.414 F/linker  (30247): CANNOT LINK EXECUTABLE "/system/bin/smartcable/smartCableSTBApp": library "libmosquitto.so" not found: needed by main executable
06-12 23:55:50.027 W/[ 5517.145881@0]  RTW(    0): fill_default_txdesc(wlan0): SP Packet(0x0806) rate=0x4 SeqNum = 3813
06-12 23:55:51.019 W/[ 5518.137587@2]  RTW(    0): cfg80211_rtw_scan(wlan0)
06-12 23:55:51.019 W/[ 5518.137609@2]  RTW(    0): cfg80211_rtw_scan (wlan0) tx:45, rx:24, bi:69 kbps, disallow(0)
06-12 23:55:51.023 W/[ 5518.143739@0]  RTW(    0): [HW_VAR_CHECK_TXBUF] Empty in 0 ms
06-12 23:55:51.023 W/[ 5518.143828@0]  RTW(    0): wlan0 sleep m0=0x00000003, ori reg_0x4d4=0x00000000
06-12 23:55:51.723 W/[ 5518.840617@1]  RTW(    0): LeaveAllPowerSaveModeDirect.....
06-12 23:55:51.723 W/[ 5518.840629@1]  RTW(    0): LeaveAllPowerSaveModeDirect: Driver Already Leave LPS
06-12 23:55:51.723 W/[ 5518.840637@1]  RTW(    0): rtw_hal_set_macaddr_port wlan0- hw port(0) mac_addr =a8:71:16:66:28:c6
06-12 23:55:51.723 W/[ 5518.840762@1]  RTW(    0): wlan0- hw port(0) mac_addr =a8:71:16:66:28:c6
06-12 23:55:51.723 W/[ 5518.840819@1]  RTW(    0): p2p0- hw port(1) mac_addr =aa:71:16:66:28:c6
06-12 23:55:51.723 W/[ 5518.844318@3]  RTW(    0): wlan0 wakeup m0=0x00000003, ori reg_0x4d4=0x00000003
06-12 23:55:51.727 W/[ 5518.845356@3]  RTW(    0): survey done event(4c) band:0 for wlan0
06-12 23:55:51.727 W/        (    0): [ 5518.845369@3]  ========== ACS (VER-3) ==========
06-12 23:55:51.727 W/        (    0): [ 5518.845372@3]  Best 24G Channel:3
06-12 23:55:51.727 W/        (    0): [ 5518.845375@3]  Best 5G Channel:40
06-12 23:55:51.729 W/        (    0): [ 5518.845375@3]
06-12 23:55:51.729 W/[ 5518.845428@3]  RTW(    0): rtw_indicate_scan_done(wlan0)
06-12 23:55:52.887 W/[ 5520.004565@2]  RTW(    0): Turbo EDCA =0xa42b
06-12 23:55:53.426 F/linker  (30278): CANNOT LINK EXECUTABLE "/system/bin/smartcable/smartCableSTBApp": library "libmosquitto.so" not found: needed by main executable
06-12 23:55:55.075 W/[ 5522.195212@1]  RTW(    0): fill_default_txdesc(wlan0): SP Packet(0x0806) rate=0x4 SeqNum = 526
06-12 23:55:56.923 W/[ 5524.040726@1]  RTW(    0): Turbo EDCA =0x5ea42b
06-12 23:55:57.351 I/[ 5524.469910@0]  resman(    0): 59 appname:OMX-47, type=0
06-12 23:55:57.599 I/[ 5524.718423@3]  resman(    0): 59 acquire [decoder], preempt yes
06-12 23:55:57.620 I/[ 5524.718435@3]  resman(    0): 59 acquire [decoder] success
06-12 23:55:57.621 I/[ 5524.718466@3]  resman(    0): 59 acquire [codec_mm], preempt yes
06-12 23:55:57.621 I/[ 5524.718474@3]  resman(    0): 59 score 60 secure no
06-12 23:55:57.621 I/[ 5524.718479@3]  resman(    0): 59 acquire [codec_mm] success
06-12 23:55:57.621 I/[ 5524.724009@2]  [amlv4l](    0): [51]: DW:10, TW:0, Margin:5
06-12 23:55:57.621 D/[ 5524.724242@2]  [amlcom](    0): vdec_create instance 000000001e6edeb9, total 1, PM: power-domain
06-12 23:55:57.621 D/[ 5524.724888@2]  [media_clock](    0): vdec mux clock is 799999988 Hz
06-12 23:55:57.621 I/[ 5524.725073@2]  [amlcom](    0): vdec_init, dev_name:ammvdec_h264_v4l, vdec_type=VDEC_TYPE_FRAME_BLOCK, format: 2, total: 1
06-12 23:55:57.621 D/[ 5524.733609@1]  [h264](    0): 0: pdata->config=parm_v4l_codec_enable:1;mh264_double_write_mode:16;parm_v4l_buffer_margin:5;parm_v4l_canvas_mem_mode:0;parm_v4l_canvas_mem_endian:0;parm_v4l_low_latency_mode:0;parm_v4l_metadata_config_flag:49154;parm_v4l_duration:3840;
06-12 23:55:57.621 D/[ 5524.733652@1]  [h264](    0): ammvdec_h264_mmu_init tvp = 0x0
06-12 23:55:57.621 D/[ 5524.740221@1]  [media_clock](    0): vdec mux clock is 799999988 Hz
06-12 23:55:57.621 D/[ 5524.740934@1]  [h264](    0): vh264_init, phy_addr=57429000 vaddr=0000000086573b24
06-12 23:55:57.805 D/[ 5524.920688@0]  [h264](    0): 0: vmh264_get_ps_info mmu_enable 0 double_write_mode 0x10
06-12 23:55:57.805 I/[ 5524.920713@0]  [amlv4l](    0): [51]: Parse from ucode, visible(1920 x 1080), coded(1920 x 1088), scan:P, bitdepth(0), dw(10)
06-12 23:55:57.805 I/[ 5524.920897@2]  [amlv4l](    0): [51]: Picture buffer count: dec:5, vpp:0, ge2d:0, margin:5, total:10
06-12 23:55:57.805 D/[ 5524.920948@2]  [amlv4l](    0): [51]: Post event: res chg
06-12 23:55:57.827 I/[ 5524.946966@2]  dim(    0): reg:use[0]ms
06-12 23:55:57.830 I/[ 5524.946979@2]  dim(    0): create:ch[2],tmode[3]
06-12 23:55:57.830 I/[ 5524.946983@2]  dim(    0): out:0x80000000
06-12 23:55:57.835 D/[ 5524.953661@0]  [h264](    0): 0: restriction_flag=0, max_dec_frame_buffering=4, dec_dpb_size=5 num_reorder_frames 2 used_reorder_dpb_size_margin 5
06-12 23:55:57.852 D/[ 5524.972017@0]  [h264](    0): 0: decoder duration change old: 0 new: 1920
06-12 23:55:57.852 I/[ 5524.972161@2]  dim(    0): value reg:ch[2]:fix_buf:0;ponly <0,0>
06-12 23:55:57.852 I/[ 5524.972179@2]  dim(    0): di_cnt_i_buf1:tvp:0
06-12 23:55:57.852 I/[ 5524.972190@2]  dim(    0): buf large::0x4fb000, 0x5a1000
06-12 23:55:57.852 I/[ 5524.972229@2]  vpu(    0): vpu: vpu_dev_clk_gate_on: unsupport vpu mod: 72
06-12 23:55:57.852 I/[ 5524.973137@2]  dim(    0): ch[2]:reg:mem cfg[0][0][0]
06-12 23:55:58.431 F/linker  (30315): CANNOT LINK EXECUTABLE "/system/bin/smartcable/smartCableSTBApp": library "libmosquitto.so" not found: needed by main executable
06-12 23:55:58.935 W/[ 5526.052603@3]  RTW(    0): Turbo EDCA =0xa42b
06-12 23:56:00.128 W/[ 5527.247805@0]  RTW(    0): fill_default_txdesc(wlan0): SP Packet(0x0806) rate=0x4 SeqNum = 2168
06-12 23:56:00.447 W/[ 5527.565702@1]  audit(    0): audit_lost=5633 audit_rate_limit=5 audit_backlog_limit=64
06-12 23:56:00.447 E/[ 5527.565715@1]  audit(    0): rate limit exceeded
06-12 23:56:00.951 W/[ 5528.068720@1]  RTW(    0): Turbo EDCA =0x5ea42b
06-12 23:56:03.437 F/linker  (30331): CANNOT LINK EXECUTABLE "/system/bin/smartcable/smartCableSTBApp": library "libmosquitto.so" not found: needed by main executable
06-12 23:56:05.175 W/[ 5532.295232@0]  RTW(    0): fill_default_txdesc(wlan0): SP Packet(0x0806) rate=0x4 SeqNum = 2558
06-12 23:56:08.441 F/linker  (30344): CANNOT LINK EXECUTABLE "/system/bin/smartcable/smartCableSTBApp": library "libmosquitto.so" not found: needed by main executable
06-12 23:56:09.255 W/[ 5536.375500@1]  RTW(    0): fill_default_txdesc(wlan0): SP Packet(0x0806) rate=0x4 SeqNum = 2771
06-12 23:56:13.448 F/linker  (30353): CANNOT LINK EXECUTABLE "/system/bin/smartcable/smartCableSTBApp": library "libmosquitto.so" not found: needed by main executable
06-12 23:56:14.255 W/[ 5541.375153@0]  RTW(    0): fill_default_txdesc(wlan0): SP Packet(0x0806) rate=0x4 SeqNum = 2993
06-12 23:56:18.452 F/linker  (30366): CANNOT LINK EXECUTABLE "/system/bin/smartcable/smartCableSTBApp": library "libmosquitto.so" not found: needed by main executable
06-12 23:56:19.367 W/[ 5546.485133@0]  RTW(    0): fill_default_txdesc(wlan0): SP Packet(0x0806) rate=0x4 SeqNum = 3297
06-12 23:56:20.632 W/[ 5547.748577@1]  RTW(    0): fill_default_txdesc(wlan0): SP Packet(0x0806) rate=0x4 SeqNum = 3345
06-12 23:56:21.523 W/[ 5548.643825@3]  audit(    0): audit_lost=5635 audit_rate_limit=5 audit_backlog_limit=64
06-12 23:56:21.523 E/[ 5548.643832@3]  audit(    0): rate limit exceeded
06-12 23:56:22.619 W/[ 5549.737267@3]  audit(    0): audit_lost=5749 audit_rate_limit=5 audit_backlog_limit=64
06-12 23:56:22.619 E/[ 5549.737277@3]  audit(    0): rate limit exceeded
06-12 23:56:23.458 F/linker  (30379): CANNOT LINK EXECUTABLE "/system/bin/smartcable/smartCableSTBApp": library "libmosquitto.so" not found: needed by main executable
06-12 23:56:24.391 W/[ 5551.509162@2]  RTW(    0): fill_default_txdesc(wlan0): SP Packet(0x0806) rate=0x4 SeqNum = 3559
06-12 23:56:28.465 F/linker  (30405): CANNOT LINK EXECUTABLE "/system/bin/smartcable/smartCableSTBApp": library "libmosquitto.so" not found: needed by main executable
06-12 23:56:29.519 W/[ 5556.638484@1]  RTW(    0): fill_default_txdesc(wlan0): SP Packet(0x0806) rate=0x4 SeqNum = 3895
06-12 23:56:33.470 F/linker  (30458): CANNOT LINK EXECUTABLE "/system/bin/smartcable/smartCableSTBApp": library "libmosquitto.so" not found: needed by main executable
06-12 23:56:34.595 W/[ 5561.715094@1]  RTW(    0): fill_default_txdesc(wlan0): SP Packet(0x0806) rate=0x4 SeqNum = 74
06-12 23:56:38.476 F/linker  (30529): CANNOT LINK EXECUTABLE "/system/bin/smartcable/smartCableSTBApp": library "libmosquitto.so" not found: needed by main executable
06-12 23:56:39.687 W/[ 5566.804901@3]  RTW(    0): fill_default_txdesc(wlan0): SP Packet(0x0806) rate=0x4 SeqNum = 337
06-12 23:56:43.480 F/linker  (30583): CANNOT LINK EXECUTABLE "/system/bin/smartcable/smartCableSTBApp": library "libmosquitto.so" not found: needed by main executable
06-12 23:56:44.775 W/[ 5571.895229@1]  RTW(    0): fill_default_txdesc(wlan0): SP Packet(0x0806) rate=0x4 SeqNum = 622
06-12 23:56:46.612 I/[ 5573.729240@0]  VID(    0): VD1 off
06-12 23:56:46.613 I/[ 5573.729646@0]  vc(    0): [0]vc: set enable index=0, val=1
06-12 23:56:46.613 I/        (    0): [ 5573.729682@0]  dev->index =0, val=2
06-12 23:56:46.613 I/[ 5573.729685@0]  VID(    0): VD1 off
06-12 23:56:46.613 I/[ 5573.729694@0]  VID(    0): VD1 set global output as 1
06-12 23:56:46.613 I/[ 5573.729731@0]  VID(    0): store VD0 path_id changed -1->2
06-12 23:56:46.613 I/[ 5573.729769@0]  vc(    0): [0]sideband_type =-1
06-12 23:56:48.497 F/linker  (30644): CANNOT LINK EXECUTABLE "/system/bin/smartcable/smartCableSTBApp": library "libmosquitto.so" not found: needed by main executable
06-12 23:56:49.471 W/[ 5576.588908@2]  RTW(    0): fill_default_txdesc(wlan0): SP Packet(0x0806) rate=0x4 SeqNum = 1054
06-12 23:56:49.559 W/[ 5576.676663@0]  RTW(    0): fill_default_txdesc(wlan0): SP Packet(0x0806) rate=0x4 SeqNum = 1062
06-12 23:56:49.559 W/[ 5576.676689@0]  RTW(    0): fill_default_txdesc(wlan0): SP Packet(0x0806) rate=0x4 SeqNum = 1061
06-12 23:56:49.675 W/[ 5576.795146@1]  RTW(    0): fill_default_txdesc(wlan0): SP Packet(0x0806) rate=0x4 SeqNum = 1072
06-12 23:56:49.683 W/[ 5576.803482@1]  RTW(    0): fill_default_txdesc(wlan0): SP Packet(0x0806) rate=0x4 SeqNum = 1076
06-12 23:56:53.499 F/linker  (30680): CANNOT LINK EXECUTABLE "/system/bin/smartcable/smartCableSTBApp": library "libmosquitto.so" not found: needed by main executable
06-12 23:56:54.927 W/[ 5582.045278@2]  RTW(    0): fill_default_txdesc(wlan0): SP Packet(0x0806) rate=0x4 SeqNum = 1375
06-12 23:56:57.403 W/[ 5584.521045@2]  RTW(    0): Turbo EDCA =0xa42b
06-12 23:56:58.506 F/linker  (30695): CANNOT LINK EXECUTABLE "/system/bin/smartcable/smartCableSTBApp": library "libmosquitto.so" not found: needed by main executable
06-12 23:56:59.411 W/[ 5586.532121@0]  RTW(    0): fill_default_txdesc(wlan0): SP Packet(0x0806) rate=0x4 SeqNum = 2160
06-12 23:56:59.415 W/[ 5586.532623@0]  RTW(    0): Turbo EDCA =0x5ea42b
06-12 23:57:01.251 I/[ 5588.368995@3]  dim(    0): ch[2] in eos p-other
06-12 23:57:01.251 D/[ 5588.369152@3]  [amlv4l](    0): [51]: Post event: eos
06-12 23:57:01.251 I/[ 5588.369921@0]  [amlv4l](    0): [51]: reset mode: 1, es frames buffering: 0
06-12 23:57:01.259 I/[ 5588.378414@1]  [amlv4l](    0): [51]: reset mode: 1, es frames buffering: 0
06-12 23:57:01.283 I/[ 5588.400488@1]  dim(    0): unreg:2keep[0], msk:[0x0,0x0]
06-12 23:57:01.291 I/[ 5588.410571@1]  vpu(    0): vpu: vpu_dev_clk_gate_off: unsupport vpu mod: 72
06-12 23:57:01.295 I/[ 5588.412815@2]  dim(    0): unreg:use[29]ms
06-12 23:57:01.295 I/[ 5588.412828@2]  dim(    0): di_destroy_instance:ch[2]:end
06-12 23:57:01.295 I/[ 5588.413416@2]  dim(    0): reg:use[1]ms
06-12 23:57:01.295 I/[ 5588.413428@2]  dim(    0): create:ch[2],tmode[3]
06-12 23:57:01.295 I/[ 5588.413433@2]  dim(    0): out:0x80000000
06-12 23:57:01.791 I/[ 5588.909569@0]  vc(    0): [0]vc: set enable index=0, val=0
06-12 23:57:01.791 I/[ 5588.909591@0]  VID(    0): store VD0 path_id changed 2->-1
06-12 23:57:01.791 I/        (    0): [ 5588.909595@0]  dev->index =0, val=1
06-12 23:57:01.791 I/[ 5588.909598@0]  VID(    0): VD1 off
06-12 23:57:01.791 I/[ 5588.909604@0]  VID(    0): VD1 set global output as 0
06-12 23:57:01.791 I/        (    0): [ 5588.909623@0]  common_vf_unreg_provider video_render.0: vd1 used: true, vd2 used: false, vd3 used: false, black_out:0, cur_buf:00000000a96a417d
06-12 23:57:02.767 I/[ 5589.887012@0]  [amlv4l](    0): [51]: reset mode: 1, es frames buffering: 0
06-12 23:57:02.775 I/[ 5589.894248@3]  [amlv4l](    0): [51]: reset mode: 1, es frames buffering: 0
06-12 23:57:02.843 I/[ 5589.962990@2]  dim(    0): unreg:use[0]ms
06-12 23:57:02.843 I/[ 5589.963002@2]  dim(    0): di_destroy_instance:ch[2]:end
06-12 23:57:02.843 I/[ 5589.963250@2]  dim(    0): reg:use[0]ms
06-12 23:57:02.843 I/[ 5589.963262@2]  dim(    0): create:ch[2],tmode[3]
06-12 23:57:02.843 I/[ 5589.963265@2]  dim(    0): out:0x80000000
06-12 23:57:02.867 I/[ 5589.985255@3]  [amlv4l](    0): [51]: reset mode: 1, es frames buffering: 0
06-12 23:57:02.877 I/[ 5589.992839@2]  [amlv4l](    0): [51]: reset mode: 1, es frames buffering: 0
06-12 23:57:02.907 I/[ 5590.026058@0]  [amlv4l](    0): [51]: reset mode: 1, es frames buffering: 0
06-12 23:57:02.911 D/[ 5590.032018@2]  [amlcom](    0): vdec_release instance 000000001e6edeb9, total 1
06-12 23:57:02.911 D/[ 5590.032162@2]  [media_clock](    0): the clk_vdec_mux    clock off, ref cnt: 0
06-12 23:57:02.915 I/[ 5590.032872@0]  dim(    0): unreg:use[0]ms
06-12 23:57:02.915 I/[ 5590.032883@0]  dim(    0): di_destroy_instance:ch[2]:end
06-12 23:57:02.915 I/[ 5590.035451@3]  resman(    0): 59 release [decoder]
06-12 23:57:02.915 I/[ 5590.035463@3]  resman(    0): 59 release [codec_mm]
06-12 23:57:02.919 E/        (    0): [ 5590.038064@2]  disalbe fastplay
06-12 23:57:03.510 F/linker  (30720): CANNOT LINK EXECUTABLE "/system/bin/smartcable/smartCableSTBApp": library "libmosquitto.so" not found: needed by main executable
06-12 23:57:05.056 W/[ 5592.176573@2]  RTW(    0): fill_default_txdesc(wlan0): SP Packet(0x0806) rate=0x4 SeqNum = 2716
06-12 23:57:08.519 F/linker  (30733): CANNOT LINK EXECUTABLE "/system/bin/smartcable/smartCableSTBApp": library "libmosquitto.so" not found: needed by main executable
06-12 23:57:09.379 W/[ 5596.498711@0]  RTW(    0): fill_default_txdesc(wlan0): SP Packet(0x0806) rate=0x4 SeqNum = 2930
06-12 23:57:13.525 F/linker  (30755): CANNOT LINK EXECUTABLE "/system/bin/smartcable/smartCableSTBApp": library "libmosquitto.so" not found: needed by main executable
06-12 23:57:14.983 W/[ 5602.101164@1]  RTW(    0): fill_default_txdesc(wlan0): SP Packet(0x0806) rate=0x4 SeqNum = 3242
06-12 23:57:18.530 F/linker  (30768): CANNOT LINK EXECUTABLE "/system/bin/smartcable/smartCableSTBApp": library "libmosquitto.so" not found: needed by main executable
06-12 23:57:19.255 W/[ 5606.375672@0]  RTW(    0): fill_default_txdesc(wlan0): SP Packet(0x0806) rate=0x4 SeqNum = 3458
06-12 23:57:21.560 W/[ 5608.676615@1]  RTW(    0): fill_default_txdesc(wlan0): SP Packet(0x0806) rate=0x4 SeqNum = 3553
06-12 23:57:23.538 F/linker  (30779): CANNOT LINK EXECUTABLE "/system/bin/smartcable/smartCableSTBApp": library "libmosquitto.so" not found: needed by main executable
06-12 23:57:24.335 W/[ 5611.455561@0]  RTW(    0): fill_default_txdesc(wlan0): SP Packet(0x0806) rate=0x4 SeqNum = 3711
06-12 23:57:28.538 F/linker  (30797): CANNOT LINK EXECUTABLE "/system/bin/smartcable/smartCableSTBApp": library "libmosquitto.so" not found: needed by main executable
06-12 23:57:29.407 W/[ 5616.525486@1]  RTW(    0): fill_default_txdesc(wlan0): SP Packet(0x0806) rate=0x4 SeqNum = 3968
06-12 23:57:31.675 W/[ 5618.792621@1]  RTW(    0): Turbo EDCA =0xa42b
06-12 23:57:33.546 F/linker  (30810): CANNOT LINK EXECUTABLE "/system/bin/smartcable/smartCableSTBApp": library "libmosquitto.so" not found: needed by main executable
06-12 23:57:33.687 W/[ 5620.804904@3]  RTW(    0): Turbo EDCA =0x5ea42b
06-12 23:57:34.432 W/[ 5621.552076@0]  RTW(    0): fill_default_txdesc(wlan0): SP Packet(0x0806) rate=0x4 SeqNum = 178
06-12 23:57:38.551 F/linker  (30825): CANNOT LINK EXECUTABLE "/system/bin/smartcable/smartCableSTBApp": library "libmosquitto.so" not found: needed by main executable
06-12 23:57:39.559 W/[ 5626.677095@3]  RTW(    0): fill_default_txdesc(wlan0): SP Packet(0x0806) rate=0x4 SeqNum = 455
06-12 23:57:43.558 F/linker  (30834): CANNOT LINK EXECUTABLE "/system/bin/smartcable/smartCableSTBApp": library "libmosquitto.so" not found: needed by main executable
06-12 23:57:44.635 W/[ 5631.755341@0]  RTW(    0): fill_default_txdesc(wlan0): SP Packet(0x0806) rate=0x4 SeqNum = 730
06-12 23:57:48.562 F/linker  (30845): CANNOT LINK EXECUTABLE "/system/bin/smartcable/smartCableSTBApp": library "libmosquitto.so" not found: needed by main executable
06-12 23:57:49.727 W/[ 5636.845606@1]  RTW(    0): fill_default_txdesc(wlan0): SP Packet(0x0806) rate=0x4 SeqNum = 1038
06-12 23:57:53.571 F/linker  (30860): CANNOT LINK EXECUTABLE "/system/bin/smartcable/smartCableSTBApp": library "libmosquitto.so" not found: needed by main executable
06-12 23:57:54.787 W/[ 5641.905358@0]  RTW(    0): fill_default_txdesc(wlan0): SP Packet(0x0806) rate=0x4 SeqNum = 1287
06-12 23:57:58.576 F/linker  (30869): CANNOT LINK EXECUTABLE "/system/bin/smartcable/smartCableSTBApp": library "libmosquitto.so" not found: needed by main executable
06-12 23:57:59.215 W/[ 5646.334930@1]  RTW(    0): fill_default_txdesc(wlan0): SP Packet(0x0806) rate=0x4 SeqNum = 1523
06-12 23:58:03.580 F/linker  (30886): CANNOT LINK EXECUTABLE "/system/bin/smartcable/smartCableSTBApp": library "libmosquitto.so" not found: needed by main executable
06-12 23:58:03.927 W/[ 5651.044553@3]  RTW(    0): Turbo EDCA =0xa42b
06-12 23:58:04.927 W/[ 5652.046342@1]  RTW(    0): fill_default_txdesc(wlan0): SP Packet(0x0806) rate=0x4 SeqNum = 2246
06-12 23:58:05.943 W/[ 5653.060557@0]  RTW(    0): Turbo EDCA =0x5ea42b
06-12 23:58:08.586 F/linker  (30896): CANNOT LINK EXECUTABLE "/system/bin/smartcable/smartCableSTBApp": library "libmosquitto.so" not found: needed by main executable
06-12 23:58:09.215 W/[ 5656.335419@0]  RTW(    0): fill_default_txdesc(wlan0): SP Packet(0x0806) rate=0x4 SeqNum = 2487
06-12 23:58:13.586 F/linker  (30910): CANNOT LINK EXECUTABLE "/system/bin/smartcable/smartCableSTBApp": library "libmosquitto.so" not found: needed by main executable
06-12 23:58:15.035 W/[ 5662.155765@2]  RTW(    0): fill_default_txdesc(wlan0): SP Packet(0x0806) rate=0x4 SeqNum = 2779
06-12 23:58:18.598 F/linker  (30919): CANNOT LINK EXECUTABLE "/system/bin/smartcable/smartCableSTBApp": library "libmosquitto.so" not found: needed by main executable
06-12 23:58:19.384 W/[ 5666.503733@1]  RTW(    0): fill_default_txdesc(wlan0): SP Packet(0x0806) rate=0x4 SeqNum = 3003
06-12 23:58:22.587 W/[ 5669.707788@3]  audit(    0): audit_lost=5762 audit_rate_limit=5 audit_backlog_limit=64
06-12 23:58:22.587 E/[ 5669.707795@3]  audit(    0): rate limit exceeded
06-12 23:58:22.743 W/[ 5669.860575@0]  RTW(    0): fill_default_txdesc(wlan0): SP Packet(0x0806) rate=0x4 SeqNum = 3183
06-12 23:58:23.595 F/linker  (30934): CANNOT LINK EXECUTABLE "/system/bin/smartcable/smartCableSTBApp": library "libmosquitto.so" not found: needed by main executable
06-12 23:58:23.667 W/[ 5670.787373@3]  audit(    0): audit_lost=5879 audit_rate_limit=5 audit_backlog_limit=64
06-12 23:58:23.667 E/[ 5670.787383@3]  audit(    0): rate limit exceeded
06-12 23:58:24.307 W/[ 5671.426700@0]  RTW(    0): fill_default_txdesc(wlan0): SP Packet(0x0806) rate=0x4 SeqNum = 3299
06-12 23:58:28.031 W/[ 5675.149402@1]  RTW(    0): fill_default_txdesc(wlan0): SP Packet(0x0806) rate=0x4 SeqNum = 3503
06-12 23:58:28.119 W/[ 5675.236572@1]  RTW(    0): fill_default_txdesc(wlan0): SP Packet(0x0806) rate=0x4 SeqNum = 3515
06-12 23:58:28.601 F/linker  (30948): CANNOT LINK EXECUTABLE "/system/bin/smartcable/smartCableSTBApp": library "libmosquitto.so" not found: needed by main executable
06-12 23:58:29.271 W/[ 5676.391404@1]  RTW(    0): fill_default_txdesc(wlan0): SP Packet(0x0806) rate=0x4 SeqNum = 3563
06-12 23:58:30.167 W/[ 5677.284551@1]  RTW(    0): fill_default_txdesc(wlan0): SP Packet(0x0806) rate=0x4 SeqNum = 3616
06-12 23:58:30.283 W/[ 5677.403364@3]  RTW(    0): fill_default_txdesc(wlan0): SP Packet(0x0806) rate=0x4 SeqNum = 3637
06-12 23:58:33.063 W/[ 5680.183500@3]  RTW(    0): cfg80211_rtw_scan(wlan0)
06-12 23:58:33.063 W/[ 5680.183521@3]  RTW(    0): cfg80211_rtw_scan (wlan0) tx:63, rx:39, bi:102 kbps, disallow(0)
06-12 23:58:33.067 W/[ 5680.188032@0]  RTW(    0): [HW_VAR_CHECK_TXBUF] Empty in 0 ms
06-12 23:58:33.067 W/[ 5680.188135@0]  RTW(    0): wlan0 sleep m0=0x00000003, ori reg_0x4d4=0x00000000
06-12 23:58:33.610 F/linker  (30970): CANNOT LINK EXECUTABLE "/system/bin/smartcable/smartCableSTBApp": library "libmosquitto.so" not found: needed by main executable
06-12 23:58:33.763 W/[ 5680.880970@3]  RTW(    0): LeaveAllPowerSaveModeDirect.....
06-12 23:58:33.763 W/[ 5680.880991@3]  RTW(    0): LeaveAllPowerSaveModeDirect: Driver Already Leave LPS
06-12 23:58:33.763 W/[ 5680.881008@3]  RTW(    0): rtw_hal_set_macaddr_port wlan0- hw port(0) mac_addr =a8:71:16:66:28:c6
06-12 23:58:33.763 W/[ 5680.881466@3]  RTW(    0): wlan0- hw port(0) mac_addr =a8:71:16:66:28:c6
06-12 23:58:33.763 W/[ 5680.881605@3]  RTW(    0): p2p0- hw port(1) mac_addr =aa:71:16:66:28:c6
06-12 23:58:33.771 W/[ 5680.891651@1]  RTW(    0): wlan0 wakeup m0=0x00000003, ori reg_0x4d4=0x00000003
06-12 23:58:33.771 W/[ 5680.892429@1]  RTW(    0): survey done event(45) band:0 for wlan0
06-12 23:58:33.771 W/        (    0): [ 5680.892490@1]  ========== ACS (VER-3) ==========
06-12 23:58:33.771 W/        (    0): [ 5680.892497@1]  Best 24G Channel:3
06-12 23:58:33.771 W/        (    0): [ 5680.892502@1]  Best 5G Channel:40
06-12 23:58:33.771 W/        (    0): [ 5680.892502@1]
06-12 23:58:33.771 W/[ 5680.892589@1]  RTW(    0): rtw_indicate_scan_done(wlan0)
06-12 23:58:34.355 W/[ 5681.475788@0]  RTW(    0): fill_default_txdesc(wlan0): SP Packet(0x0806) rate=0x4 SeqNum = 4053
06-12 23:58:38.613 F/linker  (30988): CANNOT LINK EXECUTABLE "/system/bin/smartcable/smartCableSTBApp": library "libmosquitto.so" not found: needed by main executable
06-12 23:58:39.427 W/[ 5686.546393@0]  RTW(    0): fill_default_txdesc(wlan0): SP Packet(0x0806) rate=0x4 SeqNum = 245
06-12 23:58:43.612 F/linker  (30997): CANNOT LINK EXECUTABLE "/system/bin/smartcable/smartCableSTBApp": library "libmosquitto.so" not found: needed by main executable
06-12 23:58:44.531 W/[ 5691.649557@0]  RTW(    0): fill_default_txdesc(wlan0): SP Packet(0x0806) rate=0x4 SeqNum = 494
06-12 23:58:47.063 W/[ 5694.180533@1]  RTW(    0): fill_default_txdesc(wlan0): SP Packet(0x0806) rate=0x4 SeqNum = 634
06-12 23:58:48.613 F/linker  (31010): CANNOT LINK EXECUTABLE "/system/bin/smartcable/smartCableSTBApp": library "libmosquitto.so" not found: needed by main executable
06-12 23:58:49.575 W/[ 5696.696121@0]  RTW(    0): fill_default_txdesc(wlan0): SP Packet(0x0806) rate=0x4 SeqNum = 752
06-12 23:58:53.621 F/linker  (31021): CANNOT LINK EXECUTABLE "/system/bin/smartcable/smartCableSTBApp": library "libmosquitto.so" not found: needed by main executable
06-12 23:58:54.411 W/[ 5701.532408@0]  RTW(    0): fill_default_txdesc(wlan0): SP Packet(0x0806) rate=0x4 SeqNum = 1010
06-12 23:58:58.632 F/linker  (31034): CANNOT LINK EXECUTABLE "/system/bin/smartcable/smartCableSTBApp": library "libmosquitto.so" not found: needed by main executable
06-12 23:58:59.707 W/[ 5706.826471@1]  RTW(    0): fill_default_txdesc(wlan0): SP Packet(0x0806) rate=0x4 SeqNum = 1243
06-12 23:59:03.637 F/linker  (31046): CANNOT LINK EXECUTABLE "/system/bin/smartcable/smartCableSTBApp": library "libmosquitto.so" not found: needed by main executable
06-12 23:59:04.243 W/[ 5711.361674@0]  RTW(    0): fill_default_txdesc(wlan0): SP Packet(0x0806) rate=0x4 SeqNum = 1545
06-12 23:59:04.407 W/[ 5711.524716@1]  RTW(    0): Turbo EDCA =0xa42b
06-12 23:59:06.422 W/[ 5713.540678@1]  RTW(    0): Turbo EDCA =0x5ea42b
06-12 23:59:08.647 F/linker  (31064): CANNOT LINK EXECUTABLE "/system/bin/smartcable/smartCableSTBApp": library "libmosquitto.so" not found: needed by main executable
06-12 23:59:09.335 W/[ 5716.452608@2]  RTW(    0): fill_default_txdesc(wlan0): SP Packet(0x0806) rate=0x4 SeqNum = 1940
06-12 23:59:09.339 W/[ 5716.457510@2]  RTW(    0): fill_default_txdesc(wlan0): SP Packet(0x0806) rate=0x4 SeqNum = 1942
06-12 23:59:13.645 F/linker  (31073): CANNOT LINK EXECUTABLE "/system/bin/smartcable/smartCableSTBApp": library "libmosquitto.so" not found: needed by main executable
06-12 23:59:14.659 W/[ 5721.779336@0]  RTW(    0): fill_default_txdesc(wlan0): SP Packet(0x0806) rate=0x4 SeqNum = 2229
06-12 23:59:18.660 F/linker  (31087): CANNOT LINK EXECUTABLE "/system/bin/smartcable/smartCableSTBApp": library "libmosquitto.so" not found: needed by main executable
06-12 23:59:19.435 W/[ 5726.555407@2]  RTW(    0): fill_default_txdesc(wlan0): SP Packet(0x0806) rate=0x4 SeqNum = 2472
06-12 23:59:23.661 F/linker  (31096): CANNOT LINK EXECUTABLE "/system/bin/smartcable/smartCableSTBApp": library "libmosquitto.so" not found: needed by main executable
06-12 23:59:24.815 W/[ 5731.933464@1]  RTW(    0): fill_default_txdesc(wlan0): SP Packet(0x0806) rate=0x4 SeqNum = 2721
06-12 23:59:26.743 W/[ 5733.860540@1]  RTW(    0): fill_default_txdesc(wlan0): SP Packet(0x0806) rate=0x4 SeqNum = 2799
06-12 23:59:28.666 F/linker  (31107): CANNOT LINK EXECUTABLE "/system/bin/smartcable/smartCableSTBApp": library "libmosquitto.so" not found: needed by main executable
06-12 23:59:29.331 W/[ 5736.450784@0]  RTW(    0): fill_default_txdesc(wlan0): SP Packet(0x0806) rate=0x4 SeqNum = 2950
06-12 23:59:33.669 F/linker  (31126): CANNOT LINK EXECUTABLE "/system/bin/smartcable/smartCableSTBApp": library "libmosquitto.so" not found: needed by main executable
06-12 23:59:34.859 W/[ 5741.976749@0]  RTW(    0): fill_default_txdesc(wlan0): SP Packet(0x0806) rate=0x4 SeqNum = 3220
06-12 23:59:38.676 F/linker  (31141): CANNOT LINK EXECUTABLE "/system/bin/smartcable/smartCableSTBApp": library "libmosquitto.so" not found: needed by main executable
06-12 23:59:39.247 W/[ 5746.366003@1]  RTW(    0): fill_default_txdesc(wlan0): SP Packet(0x0806) rate=0x4 SeqNum = 3483
06-12 23:59:43.680 F/linker  (31159): CANNOT LINK EXECUTABLE "/system/bin/smartcable/smartCableSTBApp": library "libmosquitto.so" not found: needed by main executable
06-12 23:59:44.283 W/[ 5751.401909@0]  RTW(    0): fill_default_txdesc(wlan0): SP Packet(0x0806) rate=0x4 SeqNum = 3748
06-12 23:59:44.407 W/[ 5751.524632@0]  RTW(    0): fill_default_txdesc(wlan0): SP Packet(0x0806) rate=0x4 SeqNum = 3755
06-12 23:59:48.686 F/linker  (31168): CANNOT LINK EXECUTABLE "/system/bin/smartcable/smartCableSTBApp": library "libmosquitto.so" not found: needed by main executable
06-12 23:59:49.379 W/[ 5756.496903@0]  RTW(    0): fill_default_txdesc(wlan0): SP Packet(0x0806) rate=0x4 SeqNum = 4013
06-12 23:59:53.692 F/linker  (31183): CANNOT LINK EXECUTABLE "/system/bin/smartcable/smartCableSTBApp": library "libmosquitto.so" not found: needed by main executable
06-12 23:59:54.467 W/[ 5761.587018@0]  RTW(    0): fill_default_txdesc(wlan0): SP Packet(0x0806) rate=0x4 SeqNum = 173
06-12 23:59:58.695 F/linker  (31196): CANNOT LINK EXECUTABLE "/system/bin/smartcable/smartCableSTBApp": library "libmosquitto.so" not found: needed by main executable
06-12 23:59:59.507 W/[ 5766.625922@0]  RTW(    0): fill_default_txdesc(wlan0): SP Packet(0x0806) rate=0x4 SeqNum = 446
06-13 00:00:03.704 F/linker  (31219): CANNOT LINK EXECUTABLE "/system/bin/smartcable/smartCableSTBApp": library "libmosquitto.so" not found: needed by main executable
06-13 00:00:04.587 W/[ 5771.706876@0]  RTW(    0): fill_default_txdesc(wlan0): SP Packet(0x0806) rate=0x4 SeqNum = 955
06-13 00:00:05.399 W/[ 5772.516582@2]  RTW(    0): fill_default_txdesc(wlan0): SP Packet(0x0806) rate=0x4 SeqNum = 1430
06-13 00:00:08.707 F/linker  (31232): CANNOT LINK EXECUTABLE "/system/bin/smartcable/smartCableSTBApp": library "libmosquitto.so" not found: needed by main executable
06-13 00:00:09.667 W/[ 5776.786975@0]  RTW(    0): fill_default_txdesc(wlan0): SP Packet(0x0806) rate=0x4 SeqNum = 3986
06-13 00:00:13.716 F/linker  (31272): CANNOT LINK EXECUTABLE "/system/bin/smartcable/smartCableSTBApp": library "libmosquitto.so" not found: needed by main executable
06-13 00:00:14.755 W/[ 5781.876239@0]  RTW(    0): fill_default_txdesc(wlan0): SP Packet(0x0806) rate=0x4 SeqNum = 673
06-13 00:00:18.722 F/linker  (31286): CANNOT LINK EXECUTABLE "/system/bin/smartcable/smartCableSTBApp": library "libmosquitto.so" not found: needed by main executable
06-13 00:00:19.839 W/[ 5786.956552@1]  RTW(    0): fill_default_txdesc(wlan0): SP Packet(0x0806) rate=0x4 SeqNum = 979
06-13 00:00:21.015 W/[ 5788.132560@2]  RTW(    0): Turbo EDCA =0xa42b
06-13 00:00:22.683 W/[ 5789.801037@3]  audit(    0): audit_lost=5889 audit_rate_limit=5 audit_backlog_limit=64
06-13 00:00:22.683 E/[ 5789.801045@3]  audit(    0): rate limit exceeded
06-13 00:00:23.035 W/[ 5790.152610@2]  RTW(    0): Turbo EDCA =0x5ea42b
06-13 00:00:23.725 F/linker  (31298): CANNOT LINK EXECUTABLE "/system/bin/smartcable/smartCableSTBApp": library "libmosquitto.so" not found: needed by main executable
06-13 00:00:23.875 W/[ 5790.994927@3]  audit(    0): audit_lost=6007 audit_rate_limit=5 audit_backlog_limit=64
06-13 00:00:23.875 E/[ 5790.994937@3]  audit(    0): rate limit exceeded
06-13 00:00:24.275 W/[ 5791.395850@1]  RTW(    0): fill_default_txdesc(wlan0): SP Packet(0x0806) rate=0x4 SeqNum = 1394
06-13 00:00:24.855 W/[ 5791.972613@0]  RTW(    0): fill_default_txdesc(wlan0): SP Packet(0x0806) rate=0x4 SeqNum = 1415
06-13 00:00:28.748 F/linker  (31322): CANNOT LINK EXECUTABLE "/system/bin/smartcable/smartCableSTBApp": library "libmosquitto.so" not found: needed by main executable
06-13 00:00:29.999 W/[ 5797.117175@1]  RTW(    0): fill_default_txdesc(wlan0): SP Packet(0x0806) rate=0x4 SeqNum = 2343
06-13 00:00:33.736 F/linker  (31383): CANNOT LINK EXECUTABLE "/system/bin/smartcable/smartCableSTBApp": library "libmosquitto.so" not found: needed by main executable
06-13 00:00:34.467 W/[ 5801.586874@3]  RTW(    0): fill_default_txdesc(wlan0): SP Packet(0x0806) rate=0x4 SeqNum = 3153
06-13 00:00:38.743 F/linker  (31443): CANNOT LINK EXECUTABLE "/system/bin/smartcable/smartCableSTBApp": library "libmosquitto.so" not found: needed by main executable
