06-13 00:07:42.828 D/DigitalSignage(  637): else - Package Name :: null left : 0 right :: 0 top :: 0 bottom :: 0 dfu-right :: 1920 dfu-bottom :: 1080
06-13 00:07:42.847 I/FirebaseCrashlytics( 2386): Initializing Firebase Crashlytics 19.3.0 for in.startv.hotstar
06-13 00:07:42.860 I/lowmemorykiller(  231): medium memory pressure event is triggered for new strategy
06-13 00:07:42.860 D/lowmemorykiller(  231): LMKD mp_event_psi kill_reasons available are PRESSURE_AFTER_KILL, NOT_RESPONDING, LOW_SWAP_AND_THRASHING, LOW_MEM_AND_SWAP, LOW_MEM_AND_THRASHING, DIRECT_RECL_AND_THRASHING
06-13 00:07:42.860 D/lowmemorykiller(  231): LMKD mp_event_psi kill_reason received= -1
06-13 00:07:42.869 W/GooglePlayServicesUtil( 2386): in.startv.hotstar requires the Google Play Store, but it is missing.
06-13 00:07:42.869 E/DynamiteModule( 2386): Invalid GmsCore APK, remote loading disabled.
06-13 00:07:42.869 I/DynamiteModule( 2386): Considering local module com.google.android.gms.measurement.dynamite:127 and remote module com.google.android.gms.measurement.dynamite:0
06-13 00:07:42.869 I/DynamiteModule( 2386): Selected local version of com.google.android.gms.measurement.dynamite
06-13 00:07:42.869 E/DynamiteModule( 2386): Invalid GmsCore APK, remote loading disabled.
06-13 00:07:42.893 D/stbdpc  (  403): STB_DPGetNumPaths[570]: num_paths: 1
06-13 00:07:42.896 W/FA      ( 2386): Failed to register event listener on calling thread. Trying again on the dynamite thread.
06-13 00:07:42.896 D/SessionsDependencies( 2386): Subscriber CRASHLYTICS registered.
06-13 00:07:42.923 E/BufferQueueProducer(  402): [com.iwedia.ui.rjio.launcher.reliance/com.iwedia.ui.rjio.launcher.ui.intro.IntroActivity#0](id:19200000067,api:0,p:-1,c:402) disconnect: not connected (req=1)
06-13 00:07:42.924 W/libEGL  ( 1786): EGLNativeWindowType 0xb60e2c08 disconnect failed
06-13 00:07:42.926 V/DigitalSignage(  637): Package Name: null
06-13 00:07:42.926 V/DigitalSignage(  637): Left: 0
06-13 00:07:42.927 V/DigitalSignage(  637): Right: 0
06-13 00:07:42.927 V/DigitalSignage(  637): Top: 0
06-13 00:07:42.927 V/DigitalSignage(  637): Bottom: 0
06-13 00:07:42.927 D/DigitalSignage(  637): else - Package Name :: null left : 0 right :: 0 top :: 0 bottom :: 0 dfu-right :: 1920 dfu-bottom :: 1080
06-13 00:07:42.946 D/ltts_ip_emm(  403): LTTS_IP_DMXStartEMM[381]: parse_emm_cat_status failed
06-13 00:07:42.950 D/Glide   ( 1786): Finished loading Bitmap from LOCAL for com.bumptech.glide.gifdecoder.StandardGifDecoder@6f5af65 with size [314x176] in 72.429166 ms
06-13 00:07:42.961 I/lowmemorykiller(  231): medium memory pressure event is triggered for new strategy
06-13 00:07:42.961 D/lowmemorykiller(  231): LMKD mp_event_psi kill_reasons available are PRESSURE_AFTER_KILL, NOT_RESPONDING, LOW_SWAP_AND_THRASHING, LOW_MEM_AND_SWAP, LOW_MEM_AND_THRASHING, DIRECT_RECL_AND_THRASHING
06-13 00:07:42.961 D/lowmemorykiller(  231): LMKD mp_event_psi kill_reason received= -1
06-13 00:07:42.993 D/JioStbInactivityTimer(  936): Timer: count 21 warningTimeout:10680 timeout:10800
06-13 00:07:42.993 D/JioStbInactivityTimer(  936): isUserActive: Curr:6207149 Prev:6207149
06-13 00:07:42.993 D/stbdpc  (  403): STB_DPGetNumPaths[570]: num_paths: 1
06-13 00:07:42.996 I/FirebaseInitProvider( 2386): FirebaseApp initialization successful
06-13 00:07:43.011 I/FA      ( 2386): App measurement initialized, version: 106000
06-13 00:07:43.012 I/FA      ( 2386): To enable debug logging run: adb shell setprop log.tag.FA VERBOSE
06-13 00:07:43.015 D/WM-WrkMgrInitializer( 2386): Initializing WorkManager with default configuration.
06-13 00:07:43.015 I/FA      ( 2386): To enable faster debug mode event logging run:
06-13 00:07:43.015 I/FA      ( 2386):   adb shell setprop debug.firebase.analytics.app in.startv.hotstar
06-13 00:07:43.022 I/TetheringManager( 2386): registerTetheringEventCallback:in.startv.hotstar
06-13 00:07:43.029 D/dvb_iptv(  403): ReadEmmNetworkTask[1537]: EMM Select Timeout Occured 6
06-13 00:07:43.029 D/DvbiInterface(  403): updateemmstatus[1325]:  EMM_status:0
06-13 00:07:43.037 E/DynamiteModule( 2386): Invalid GmsCore APK, remote loading disabled.
06-13 00:07:43.037 I/DynamiteModule( 2386): Considering local module com.google.android.gms.cast_tv_dynamite:1 and remote module com.google.android.gms.cast_tv_dynamite:0
06-13 00:07:43.037 I/DynamiteModule( 2386): Selected local version of com.google.android.gms.cast_tv_dynamite
06-13 00:07:43.061 I/lowmemorykiller(  231): medium memory pressure event is triggered for new strategy
06-13 00:07:43.061 D/lowmemorykiller(  231): LMKD mp_event_psi kill_reasons available are PRESSURE_AFTER_KILL, NOT_RESPONDING, LOW_SWAP_AND_THRASHING, LOW_MEM_AND_SWAP, LOW_MEM_AND_THRASHING, DIRECT_RECL_AND_THRASHING
06-13 00:07:43.061 D/lowmemorykiller(  231): LMKD mp_event_psi kill_reason received= -1
06-13 00:07:43.067 D/LifecycleServiceBinder( 2386): Binding service to application.
06-13 00:07:43.094 D/stbdpc  (  403): STB_DPGetNumPaths[570]: num_paths: 1
06-13 00:07:43.107 D/uncher.relianc( 1786): PlayerBase::stop() from IPlayer
06-13 00:07:43.107 D/AudioTrack( 1786): stop(82): called with 630788 frames delivered
06-13 00:07:43.117 W/cr_MediaCodecBridge( 1786): Releasing: OMX.amlogic.avc.decoder.awesome2
06-13 00:07:43.117 D/SurfaceUtils( 1786): connecting to surface 0xb60e2c08, reason connectToSurface
06-13 00:07:43.117 I/MediaCodec( 1786): [OMX.amlogic.avc.decoder.awesome2] setting surface generation to 1828902
06-13 00:07:43.117 D/SurfaceUtils( 1786): disconnecting from surface 0xb60e2c08, reason connectToSurface(reconnect)
06-13 00:07:43.117 D/SurfaceUtils( 1786): connecting to surface 0xb60e2c08, reason connectToSurface(reconnect)
06-13 00:07:43.117 V/OmxVideoDecoder(  472): updatePort mUseNativeBuffers 1
06-13 00:07:43.117 V/OmxVideoDecoder(  472): nWidth=1280,nHeight=720, nMinbufs=0
06-13 00:07:43.117 I/OmxVideoDecoder(  472): getParameter Component Name OMX.amlogic.avc.decoder.awesome2, width 1280, height 720 nBufferCountMin:10
06-13 00:07:43.118 D/OmxComponent(  472): getExtensionIndex 1237 name="OMX.google.android.index.AndroidNativeBufferConsumerUsage"
06-13 00:07:43.118 D/OmxVideoDecoder(  472): setParameter 1599 0x7f00000b
06-13 00:07:43.118 D/OmxVideoDecoder(  472): OMX_GoogleAndroidIndexAndroidNativeBufferConsumerUsage 0x100
06-13 00:07:43.118 D/OmxComponent(  472): getExtensionIndex 1237 name="OMX.google.android.index.getAndroidNativeBufferUsage"
06-13 00:07:43.118 D/OmxVideoDecoder(  472): Get NativeBufferUsage 0xc00200
06-13 00:07:43.119 D/SurfaceUtils( 1786): set up nativeWindow 0xb60e2c08 for 1280x720, color 0x11, rotation 0, usage 0xc02b00
06-13 00:07:43.119 D/SurfaceUtils( 1786): disconnecting from surface 0xb33e6008, reason disconnectFromSurface
06-13 00:07:43.119 E/Surface ( 1786): freeAllBuffers: 10 buffers were freed while being dequeued!
06-13 00:07:43.120 I/OmxComponent(  472): OMX_CommandStateSet 850 Cmd 0 nParam1 0x2
06-13 00:07:43.120 I/OmxComponent(  472): OMX-51 STATE_SET:   OMX_StateExecuting => OMX_StateIdle : OMX.amlogic.avc.decoder.awesome2
06-13 00:07:43.120 I/OmxComponent(  472): OMX.amlogic.avc.decoder.awesome2: flush input
06-13 00:07:43.120 V/AmlogicVideoDecoderAwesome2(  472): [43]flushInput:978 >
06-13 00:07:43.120 V/OMX_WorkerPeer(  472): vendor/amlogic/common/omx/omx_framework/WorkerPeer.cpp:flushInput:57 --------------------
06-13 00:07:43.120 V/AmlogicVideoDecoderAwesome2(  472): [43]pause:333 >
06-13 00:07:43.120 V/AmlogicVideoDecoderAwesome2(  472): [43]reset:381 >
06-13 00:07:43.120 D/AmlogicVideoDecoderAwesome2(  472): [43]"reset_1"
06-13 00:07:43.120 D/VideoDecWraper(  472): reset
06-13 00:07:43.120 I/AmVideoDec(  472): [1] "reset\n"
06-13 00:07:43.120 I/VDA     (  472): [1] "Reset\n"
06-13 00:07:43.120 I/VDA     (  472): [1] "ResetTask\n"
06-13 00:07:43.120 I/VDA     (  472): [1] "FinishReset\n"
06-13 00:07:43.120 W/cr_MediaCodecBridge( 1786): Codec released
06-13 00:07:43.120 I/VDA     (  472): [1] "StopDevicePoll\n"
06-13 00:07:43.121 I/VDA     (  472): [1] "StopOutputStream output_buffer_map_.size() 14\n"
06-13 00:07:43.121 I/VDA     (  472): [1] "----stop output VIDIOC_STREAMOFF----\n"
06-13 00:07:43.125 I/VDA     (  472): [1] "Stop[0] state 1\n"
06-13 00:07:43.125 I/VDA     (  472): [1] "Stop[1] state 1\n"
06-13 00:07:43.125 I/VDA     (  472): [1] "Stop[2] state 1\n"
06-13 00:07:43.126 I/VDA     (  472): [1] "Stop[3] state 1\n"
06-13 00:07:43.126 I/VDA     (  472): [1] "Stop[4] state 3\n"
06-13 00:07:43.126 I/VDA     (  472): [1] "Stop[5] state 3\n"
06-13 00:07:43.126 I/VDA     (  472): [1] "Stop[6] state 1\n"
06-13 00:07:43.126 I/VDA     (  472): [1] "Stop[7] state 1\n"
06-13 00:07:43.126 I/VDA     (  472): [1] "Stop[8] state 1\n"
06-13 00:07:43.126 I/VDA     (  472): [1] "Stop[9] state 1\n"
06-13 00:07:43.126 I/VDA     (  472): [1] "Stop[10] state 3\n"
06-13 00:07:43.126 I/VDA     (  472): [1] "Stop[11] state 1\n"
06-13 00:07:43.126 I/VDA     (  472): [1] "Stop[12] state 3\n"
06-13 00:07:43.126 I/VDA     (  472): [1] "Stop[13] state 3\n"
06-13 00:07:43.126 I/VDA     (  472): [1] "StopInputStream input_streamon 1, input_buffer_map_.size 3\n"
06-13 00:07:43.131 I/VDA     (  472): [1] "----stop input VIDIOC_STREAMOFF----\n"
06-13 00:07:43.131 I/VDA     (  472): [1] "SendPictureReady\n"
06-13 00:07:43.131 I/VDA     (  472): [1] "post ResetDoneTask\n"
06-13 00:07:43.131 I/VDA     (  472): [1] "ResetDoneTask\n"
06-13 00:07:43.131 I/VDA     (  472): [1] "StartDevicePoll\n"
06-13 00:07:43.131 I/VDA     (  472): [1] "NotifyResetDone\n"
06-13 00:07:43.132 W/cr_MediaCodecBridge( 1786): Releasing: OMX.amlogic.avc.decoder.awesome2
06-13 00:07:43.132 I/AmVideoDec(  472): [1] "notifyResetDone\n"
06-13 00:07:43.132 V/AmlogicVideoDecoderAwesome2(  472): [43]NotifyResetDone:2116 >
06-13 00:07:43.132 D/AmlogicVideoDecoderAwesome2(  472): [43]"reset_2"
06-13 00:07:43.132 V/AmlogicVideoDecoderAwesome2(  472): [43]start:341 >
06-13 00:07:43.132 E/ThreadWorker(  472): pthread on exit wait clean
06-13 00:07:43.132 D/SurfaceUtils( 1786): connecting to surface 0xb33e7c08, reason connectToSurface
06-13 00:07:43.132 I/MediaCodec( 1786): [OMX.amlogic.avc.decoder.awesome2] setting surface generation to 1828903
06-13 00:07:43.132 D/SurfaceUtils( 1786): disconnecting from surface 0xb33e7c08, reason connectToSurface(reconnect)
06-13 00:07:43.132 D/SurfaceUtils( 1786): connecting to surface 0xb33e7c08, reason connectToSurface(reconnect)
06-13 00:07:43.132 V/OmxVideoDecoder(  472): updatePort mUseNativeBuffers 1
06-13 00:07:43.132 V/OmxVideoDecoder(  472): nWidth=640,nHeight=360, nMinbufs=0
06-13 00:07:43.132 I/OmxVideoDecoder(  472): getParameter Component Name OMX.amlogic.avc.decoder.awesome2, width 640, height 360 nBufferCountMin:10
06-13 00:07:43.133 D/OmxComponent(  472): getExtensionIndex 1237 name="OMX.google.android.index.AndroidNativeBufferConsumerUsage"
06-13 00:07:43.133 D/OmxVideoDecoder(  472): setParameter 1599 0x7f00000b
06-13 00:07:43.133 D/OmxVideoDecoder(  472): OMX_GoogleAndroidIndexAndroidNativeBufferConsumerUsage 0x100
06-13 00:07:43.133 D/OmxComponent(  472): getExtensionIndex 1237 name="OMX.google.android.index.getAndroidNativeBufferUsage"
06-13 00:07:43.133 D/OmxVideoDecoder(  472): Get NativeBufferUsage 0xc00200
06-13 00:07:43.133 D/SurfaceUtils( 1786): set up nativeWindow 0xb33e7c08 for 640x360, color 0x11, rotation 0, usage 0xc02b00
06-13 00:07:43.133 D/SurfaceUtils( 1786): disconnecting from surface 0xb5081408, reason disconnectFromSurface
06-13 00:07:43.133 E/Surface ( 1786): freeAllBuffers: 10 buffers were freed while being dequeued!
06-13 00:07:43.134 I/OmxComponent(  472): OMX_CommandStateSet 850 Cmd 0 nParam1 0x2
06-13 00:07:43.134 I/OmxComponent(  472): OMX-50 STATE_SET:   OMX_StateExecuting => OMX_StateIdle : OMX.amlogic.avc.decoder.awesome2
06-13 00:07:43.134 I/OmxComponent(  472): OMX.amlogic.avc.decoder.awesome2: flush input
06-13 00:07:43.134 V/AmlogicVideoDecoderAwesome2(  472): [42]flushInput:978 >
06-13 00:07:43.134 V/OMX_WorkerPeer(  472): vendor/amlogic/common/omx/omx_framework/WorkerPeer.cpp:flushInput:57 --------------------
06-13 00:07:43.134 V/AmlogicVideoDecoderAwesome2(  472): [42]pause:333 >
06-13 00:07:43.134 V/AmlogicVideoDecoderAwesome2(  472): [42]reset:381 >
06-13 00:07:43.134 D/AmlogicVideoDecoderAwesome2(  472): [42]"reset_1"
06-13 00:07:43.134 D/VideoDecWraper(  472): reset
06-13 00:07:43.134 I/AmVideoDec(  472): [0] "reset\n"
06-13 00:07:43.134 W/cr_MediaCodecBridge( 1786): Codec released
06-13 00:07:43.135 I/VDA     (  472): [0] "Reset\n"
06-13 00:07:43.135 D/AmlogicVideoDecoderAwesome2(  472): [43]"mVideo start\n"
06-13 00:07:43.135 V/AmlogicVideoDecoderAwesome2(  472): [43]flushInput:1018 >
06-13 00:07:43.135 I/OmxComponent(  472): OMX.amlogic.avc.decoder.awesome2: flush output
06-13 00:07:43.135 V/AmlogicVideoDecoderAwesome2(  472): [43]flushOutput:1021 >
06-13 00:07:43.135 D/AmlogicVideoDecoderAwesome2(  472): [43]"__flushOutput__fillBufferDone:0 0xecdbd860\n"
06-13 00:07:43.135 I/VDA     (  472): [0] "ResetTask\n"
06-13 00:07:43.135 D/AmlogicVideoDecoderAwesome2(  472): [43]"__flushOutput__fillBufferDone:1 0xecdbd810\n"
06-13 00:07:43.135 I/VDA     (  472): [0] "FinishReset\n"
06-13 00:07:43.135 D/AmlogicVideoDecoderAwesome2(  472): [43]"__flushOutput__fillBufferDone:2 0xecdbd7c0\n"
06-13 00:07:43.135 I/VDA     (  472): [0] "StopDevicePoll\n"
06-13 00:07:43.135 D/AmlogicVideoDecoderAwesome2(  472): [43]"__flushOutput__fillBufferDone:3 0xecdbd770\n"
06-13 00:07:43.135 D/AmlogicVideoDecoderAwesome2(  472): [43]"__flushOutput__fillBufferDone:6 0xecdbd540\n"
06-13 00:07:43.135 D/AmlogicVideoDecoderAwesome2(  472): [43]"__flushOutput__fillBufferDone:7 0xecdbd590\n"
06-13 00:07:43.135 D/AmlogicVideoDecoderAwesome2(  472): [43]"__flushOutput__fillBufferDone:8 0xecdbd6d0\n"
06-13 00:07:43.135 D/AmlogicVideoDecoderAwesome2(  472): [43]"__flushOutput__fillBufferDone:9 0xecdbd680\n"
06-13 00:07:43.135 D/AmlogicVideoDecoderAwesome2(  472): [43]"__flushOutput__fillBufferDone:11 0xecdbd4f0\n"
06-13 00:07:43.135 V/AmlogicVideoDecoderAwesome2(  472): [43]flushOutput:1098 >
06-13 00:07:43.135 D/AmlogicVideoDecoderAwesome2(  472): [43]"mVideo stop\n"
06-13 00:07:43.135 V/AmlogicVideoDecoderAwesome2(  472): [43]stop:366 >
06-13 00:07:43.135 I/VDA     (  472): [0] "StopOutputStream output_buffer_map_.size() 14\n"
06-13 00:07:43.135 I/VDA     (  472): [0] "----stop output VIDIOC_STREAMOFF----\n"
06-13 00:07:43.136 V/OMX_WorkerPeer(  472): vendor/amlogic/common/omx/omx_framework/WorkerPeer.cpp:runWorkerStatic:155 --------------------
06-13 00:07:43.136 V/OMX_WorkerPeer(  472): vendor/amlogic/common/omx/omx_framework/WorkerPeer.cpp:runWorker:161 --------------------
06-13 00:07:43.137 I/OmxComponent(  472): OMX-51 STATE_TRANS: OMX_StateExecuting => OMX_StateIdle : OMX.amlogic.avc.decoder.awesome2
06-13 00:07:43.137 I/OmxComponent(  472): STATE_DONE:  OMX_StateExecuting => OMX_StateIdle : OMX.amlogic.avc.decoder.awesome2
06-13 00:07:43.137 I/OmxComponent(  472): OMX_CommandStateSet 850 Cmd 0 nParam1 0x1
06-13 00:07:43.137 I/OmxComponent(  472): OMX-51 STATE_SET:   OMX_StateIdle => OMX_StateLoaded : OMX.amlogic.avc.decoder.awesome2
06-13 00:07:43.138 V/AmlogicVideoDecoderAwesome2(  472): [43]releaseResources:443 >
06-13 00:07:43.138 V/AmlogicVideoDecoderAwesome2(  472): [43]tearDown:802 >
06-13 00:07:43.138 V/AmlogicVideoDecoderAwesome2(  472): [43]tearDown:1563 >
06-13 00:07:43.138 V/AmlogicVideoDecoderAwesome2(  472): [43]initializeState_l:1611 >
06-13 00:07:43.138 D/VideoDecWraper(  472): destroy
06-13 00:07:43.138 I/VDA     (  472): [1] "Destroy"
06-13 00:07:43.138 I/VDA     (  472): [1] "DestroyTask(): IN[0,0], OUT[0,0,0] DEC[0->0] => DEVICE[3+0/3->0+0/14] => CLIENT[12]\n"
06-13 00:07:43.138 I/VDA     (  472): [1] "StopDevicePoll\n"
06-13 00:07:43.139 I/VDA     (  472): [1] "StopInputStream input_streamon 0, input_buffer_map_.size 3\n"
06-13 00:07:43.139 I/VDA     (  472): [1] "DestroyInputBuffers\n"
06-13 00:07:43.146 I/VDA     (  472): [0] "Stop[0] state 1\n"
06-13 00:07:43.146 I/VDA     (  472): [0] "Stop[1] state 1\n"
06-13 00:07:43.146 I/VDA     (  472): [0] "Stop[2] state 1\n"
06-13 00:07:43.146 I/VDA     (  472): [0] "Stop[3] state 1\n"
06-13 00:07:43.146 I/VDA     (  472): [0] "Stop[4] state 1\n"
06-13 00:07:43.146 I/VDA     (  472): [0] "Stop[5] state 3\n"
06-13 00:07:43.146 I/VDA     (  472): [0] "Stop[6] state 1\n"
06-13 00:07:43.146 I/VDA     (  472): [0] "Stop[7] state 1\n"
06-13 00:07:43.146 I/VDA     (  472): [0] "Stop[8] state 1\n"
06-13 00:07:43.146 I/VDA     (  472): [0] "Stop[9] state 1\n"
06-13 00:07:43.146 I/VDA     (  472): [0] "Stop[10] state 1\n"
06-13 00:07:43.146 I/VDA     (  472): [0] "Stop[11] state 3\n"
06-13 00:07:43.146 I/VDA     (  472): [0] "Stop[12] state 3\n"
06-13 00:07:43.146 I/VDA     (  472): [0] "Stop[13] state 3\n"
06-13 00:07:43.146 I/VDA     (  472): [0] "StopInputStream input_streamon 1, input_buffer_map_.size 3\n"
06-13 00:07:43.153 I/VDA     (  472): [0] "----stop input VIDIOC_STREAMOFF----\n"
06-13 00:07:43.153 I/VDA     (  472): [0] "SendPictureReady\n"
06-13 00:07:43.153 I/VDA     (  472): [0] "post ResetDoneTask\n"
06-13 00:07:43.153 I/VDA     (  472): [0] "ResetDoneTask\n"
06-13 00:07:43.153 I/VDA     (  472): [0] "StartDevicePoll\n"
06-13 00:07:43.153 I/VDA     (  472): [0] "NotifyResetDone\n"
06-13 00:07:43.154 I/AmVideoDec(  472): [0] "notifyResetDone\n"
06-13 00:07:43.154 V/AmlogicVideoDecoderAwesome2(  472): [42]NotifyResetDone:2116 >
06-13 00:07:43.154 D/AmlogicVideoDecoderAwesome2(  472): [42]"reset_2"
06-13 00:07:43.154 V/AmlogicVideoDecoderAwesome2(  472): [42]start:341 >
06-13 00:07:43.154 E/ThreadWorker(  472): pthread on exit wait clean
06-13 00:07:43.154 D/AmlogicVideoDecoderAwesome2(  472): [42]"mVideo start\n"
06-13 00:07:43.154 V/AmlogicVideoDecoderAwesome2(  472): [42]flushInput:1018 >
06-13 00:07:43.154 I/OmxComponent(  472): OMX.amlogic.avc.decoder.awesome2: flush output
06-13 00:07:43.154 V/AmlogicVideoDecoderAwesome2(  472): [42]flushOutput:1021 >
06-13 00:07:43.154 D/AmlogicVideoDecoderAwesome2(  472): [42]"__flushOutput__fillBufferDone:0 0xecdbd0e0\n"
06-13 00:07:43.154 D/AmlogicVideoDecoderAwesome2(  472): [42]"__flushOutput__fillBufferDone:1 0xecdbd090\n"
06-13 00:07:43.154 D/AmlogicVideoDecoderAwesome2(  472): [42]"__flushOutput__fillBufferDone:2 0xecdbd040\n"
06-13 00:07:43.154 D/AmlogicVideoDecoderAwesome2(  472): [42]"__flushOutput__fillBufferDone:3 0xecdbcff0\n"
06-13 00:07:43.154 D/AmlogicVideoDecoderAwesome2(  472): [42]"__flushOutput__fillBufferDone:4 0xecdbcfa0\n"
06-13 00:07:43.154 D/AmlogicVideoDecoderAwesome2(  472): [42]"__flushOutput__fillBufferDone:6 0xecdbcd70\n"
06-13 00:07:43.154 D/AmlogicVideoDecoderAwesome2(  472): [42]"__flushOutput__fillBufferDone:7 0xecdbce10\n"
06-13 00:07:43.154 D/AmlogicVideoDecoderAwesome2(  472): [42]"__flushOutput__fillBufferDone:8 0xecdbcf50\n"
06-13 00:07:43.154 D/AmlogicVideoDecoderAwesome2(  472): [42]"__flushOutput__fillBufferDone:9 0xecdbcf00\n"
06-13 00:07:43.154 D/AmlogicVideoDecoderAwesome2(  472): [42]"__flushOutput__fillBufferDone:10 0xecdbcdc0\n"
06-13 00:07:43.154 V/AmlogicVideoDecoderAwesome2(  472): [42]flushOutput:1098 >
06-13 00:07:43.154 D/AmlogicVideoDecoderAwesome2(  472): [42]"mVideo stop\n"
06-13 00:07:43.154 V/AmlogicVideoDecoderAwesome2(  472): [42]stop:366 >
06-13 00:07:43.160 V/OMX_WorkerPeer(  472): vendor/amlogic/common/omx/omx_framework/WorkerPeer.cpp:runWorkerStatic:155 --------------------
06-13 00:07:43.160 V/OMX_WorkerPeer(  472): vendor/amlogic/common/omx/omx_framework/WorkerPeer.cpp:runWorker:161 --------------------
06-13 00:07:43.161 I/OmxComponent(  472): OMX-50 STATE_TRANS: OMX_StateExecuting => OMX_StateIdle : OMX.amlogic.avc.decoder.awesome2
06-13 00:07:43.161 I/OmxComponent(  472): STATE_DONE:  OMX_StateExecuting => OMX_StateIdle : OMX.amlogic.avc.decoder.awesome2
06-13 00:07:43.161 I/lowmemorykiller(  231): medium memory pressure event is triggered for new strategy
06-13 00:07:43.162 D/lowmemorykiller(  231): LMKD mp_event_psi kill_reasons available are PRESSURE_AFTER_KILL, NOT_RESPONDING, LOW_SWAP_AND_THRASHING, LOW_MEM_AND_SWAP, LOW_MEM_AND_THRASHING, DIRECT_RECL_AND_THRASHING
06-13 00:07:43.162 D/lowmemorykiller(  231): LMKD mp_event_psi kill_reason received= -1
06-13 00:07:43.162 I/OmxComponent(  472): OMX_CommandStateSet 850 Cmd 0 nParam1 0x1
06-13 00:07:43.162 I/OmxComponent(  472): OMX-50 STATE_SET:   OMX_StateIdle => OMX_StateLoaded : OMX.amlogic.avc.decoder.awesome2
06-13 00:07:43.162 V/AmlogicVideoDecoderAwesome2(  472): [42]releaseResources:443 >
06-13 00:07:43.162 V/AmlogicVideoDecoderAwesome2(  472): [42]tearDown:802 >
06-13 00:07:43.162 V/AmlogicVideoDecoderAwesome2(  472): [42]tearDown:1563 >
06-13 00:07:43.162 V/AmlogicVideoDecoderAwesome2(  472): [42]initializeState_l:1611 >
06-13 00:07:43.162 D/VideoDecWraper(  472): destroy
06-13 00:07:43.163 I/VDA     (  472): [0] "Destroy"
06-13 00:07:43.163 I/VDA     (  472): [0] "DestroyTask(): IN[0,0], OUT[0,0,0] DEC[0->0] => DEVICE[3+0/3->0+0/14] => CLIENT[11]\n"
06-13 00:07:43.163 I/VDA     (  472): [0] "StopDevicePoll\n"
06-13 00:07:43.163 I/VDA     (  472): [0] "StopInputStream input_streamon 0, input_buffer_map_.size 3\n"
06-13 00:07:43.163 I/VDA     (  472): [0] "DestroyInputBuffers\n"
06-13 00:07:43.164 V/DigitalSignage(  637): Package Name: null
06-13 00:07:43.164 V/DigitalSignage(  637): Left: 0
06-13 00:07:43.164 V/DigitalSignage(  637): Right: 0
06-13 00:07:43.164 V/DigitalSignage(  637): Top: 0
06-13 00:07:43.164 V/DigitalSignage(  637): Bottom: 0
06-13 00:07:43.165 D/DigitalSignage(  637): else - Package Name :: null left : 0 right :: 0 top :: 0 bottom :: 0 dfu-right :: 1920 dfu-bottom :: 1080
06-13 00:07:43.187 D/VideoDecWraper(  472): ~VideoDecWraper
06-13 00:07:43.187 I/AmVideoDec(  472): [1] "~AmVideoDec IN[217:217] OUT[225:216]\n"
06-13 00:07:43.187 D/OmxResManage(  472): Release fd = 59
06-13 00:07:43.187 D/resman  (  472): release all, fd:59
06-13 00:07:43.187 I/OmxComponent(  472): OMX-51 STATE_TRANS: OMX_StateIdle => OMX_StateLoaded : OMX.amlogic.avc.decoder.awesome2
06-13 00:07:43.187 I/OmxComponent(  472): STATE_DONE:  OMX_StateIdle => OMX_StateLoaded : OMX.amlogic.avc.decoder.awesome2
06-13 00:07:43.188 D/OmxComponentManagerImpl(  472): DecreaseEntryNumByName pEntry->mNum=2, pEntry->mMaxNum:9,componentName:OMX.amlogic.avc.decoder.awesome2
06-13 00:07:43.188 I/omx_core(  472): OMX_freeHandle_num_= 1
06-13 00:07:43.188 D/OmxVideoDecoder(  472): ~OmxVideoDecoder===pSidebandWindow:0x0
06-13 00:07:43.188 D/AmlogicVideoPassthrough(  472): [2]"~AmlogicVideoPassthrough"
06-13 00:07:43.188 D/AmlogicVideoPassthrough(  472): [1]"~AmlogicVideoPassthrough, mOmxInstancenum 1"
06-13 00:07:43.188 D/OmxComponent(  472): ~OmxComponent 281 : OMX.amlogic.avc.decoder.awesome2
06-13 00:07:43.188 I/AmlogicVideoDecoderAwesome2(  472): [43]"~AmlogicVideoDecoderAwesome2"
06-13 00:07:43.188 D/AmlogicVideoDecoderAwesome2(  472): [43]"~AmlogicVideoDecoder2"
06-13 00:07:43.189 D/AmlogicVideoDecoderAwesome2(  472): [43]"~AmlogicVideoDecoder2, mOmxInstancenum 1"
06-13 00:07:43.189 D/OmxResManage(  472): ~ResManWrapper fd = 59
06-13 00:07:43.189 D/resman  (  472): release all resource, fd = 59
06-13 00:07:43.189 D/SurfaceUtils( 1786): disconnecting from surface 0xb60e2c08, reason disconnectFromSurface
06-13 00:07:43.194 D/stbdpc  (  403): STB_DPGetNumPaths[570]: num_paths: 1
06-13 00:07:43.226 D/rtk_heartbeat(  350): heartbeat_timed_out: heartbeatCmdCount = 6208, expected nextSeqNum = 6208
06-13 00:07:43.227 D/rtk_heartbeat(  350): rtkbt_heartbeat_cmpl_cback: Current SeqNum = 6208,should SeqNum=6208, status = 0
06-13 00:07:43.228 W/.startv.hotsta( 2386): Long monitor contention with owner DefaultDispatcher-worker-3 (2437) at java.lang.Object Ve.a.get()(SourceFile:66) waiters=0 in java.lang.Object Ve.a.get() for 149ms
06-13 00:07:43.236 D/VideoDecWraper(  472): ~VideoDecWraper
06-13 00:07:43.236 I/AmVideoDec(  472): [0] "~AmVideoDec IN[25:25] OUT[42:24]\n"
06-13 00:07:43.236 D/OmxResManage(  472): Release fd = 12
06-13 00:07:43.236 D/resman  (  472): release all, fd:12
06-13 00:07:43.236 I/OmxComponent(  472): OMX-50 STATE_TRANS: OMX_StateIdle => OMX_StateLoaded : OMX.amlogic.avc.decoder.awesome2
06-13 00:07:43.236 I/OmxComponent(  472): STATE_DONE:  OMX_StateIdle => OMX_StateLoaded : OMX.amlogic.avc.decoder.awesome2
06-13 00:07:43.237 D/OmxComponentManagerImpl(  472): DecreaseEntryNumByName pEntry->mNum=1, pEntry->mMaxNum:9,componentName:OMX.amlogic.avc.decoder.awesome2
06-13 00:07:43.237 I/omx_core(  472): OMX_freeHandle_num_= 0
06-13 00:07:43.237 D/OmxVideoDecoder(  472): ~OmxVideoDecoder===pSidebandWindow:0x0
06-13 00:07:43.237 D/AmlogicVideoPassthrough(  472): [1]"~AmlogicVideoPassthrough"
06-13 00:07:43.237 D/AmlogicVideoPassthrough(  472): [0]"~AmlogicVideoPassthrough, mOmxInstancenum 0"
06-13 00:07:43.237 D/OmxComponent(  472): ~OmxComponent 281 : OMX.amlogic.avc.decoder.awesome2
06-13 00:07:43.237 I/AmlogicVideoDecoderAwesome2(  472): [42]"~AmlogicVideoDecoderAwesome2"
06-13 00:07:43.237 D/AmlogicVideoDecoderAwesome2(  472): [42]"~AmlogicVideoDecoder2"
06-13 00:07:43.237 D/AmlogicVideoDecoderAwesome2(  472): [42]"~AmlogicVideoDecoder2, mOmxInstancenum 0"
06-13 00:07:43.238 D/OmxResManage(  472): ~ResManWrapper fd = 12
06-13 00:07:43.238 D/resman  (  472): release all resource, fd = 12
06-13 00:07:43.238 D/SurfaceUtils( 1786): disconnecting from surface 0xb33e7c08, reason disconnectFromSurface
06-13 00:07:43.244 I/AmFFmpegExtractor(  465): checkInList: isw:0, m:audio/mpeg, t:1, i:86017 t:0
06-13 00:07:43.244 I/AmFFmpegExtractor(  465): checkInList: isw:1, m:audio/mpeg, t:1, i:86017 t:0
06-13 00:07:43.244 E/AmFFmpegExtractor(  465): codec_ctx->properties: 0
06-13 00:07:43.244 I/AmFFmpegExtractor(  465): checkSupportInList ret 1
06-13 00:07:43.260 I/AmFFmpegExtractor(  465): checkInList: isw:0, m:audio/mpeg, t:1, i:86017 t:0
06-13 00:07:43.260 I/AmFFmpegExtractor(  465): checkInList: isw:1, m:audio/mpeg, t:1, i:86017 t:0
06-13 00:07:43.260 E/AmFFmpegExtractor(  465): codec_ctx->properties: 0
06-13 00:07:43.260 I/AmFFmpegExtractor(  465): checkSupportInList ret 0
06-13 00:07:43.260 E/AmFFmpegExtractor(  465): vendor do not support
06-13 00:07:43.262 I/lowmemorykiller(  231): medium memory pressure event is triggered for new strategy
06-13 00:07:43.262 D/lowmemorykiller(  231): LMKD mp_event_psi kill_reasons available are PRESSURE_AFTER_KILL, NOT_RESPONDING, LOW_SWAP_AND_THRASHING, LOW_MEM_AND_SWAP, LOW_MEM_AND_THRASHING, DIRECT_RECL_AND_THRASHING
06-13 00:07:43.262 D/lowmemorykiller(  231): LMKD mp_event_psi kill_reason received= -1
06-13 00:07:43.264 W/APM::AudioPolicyEngine(  391): getDevicesForStrategy() unknown strategy: -1
06-13 00:07:43.266 D/ConnectivityService(  637): NetReassign [no changes]
06-13 00:07:43.265 I/chatty  (  391): uid=1041(audioserver) ApmOutput identical 1 line
06-13 00:07:43.265 W/APM::AudioPolicyEngine(  391): getDevicesForStrategy() unknown strategy: -1
06-13 00:07:43.268 I/system_server(  637): oneway function results will be dropped but finished with status OK and parcel size 4
06-13 00:07:43.268 E/Utils   (  465): did not find channel-count and/or sample-rate
06-13 00:07:43.275 W/.startv.hotsta( 2386): Long monitor contention with owner DefaultDispatcher-worker-1 (2434) at java.lang.Object Ve.a.get()(SourceFile:66) waiters=0 in java.lang.Object Ve.a.get() for 151ms
06-13 00:07:43.282 I/AmAVUtils( 2386): AmAVUtils, GITINFO : d32b3814175617bb24dd0965983e5642c803ab3a(drm.autobuild  Mon Oct 18 12:59:01 CST 2021)
06-13 00:07:43.282 I/AmAVUtils( 2386): set profile 0 level:0
06-13 00:07:43.294 D/stbdpc  (  403): STB_DPGetNumPaths[570]: num_paths: 1
06-13 00:07:43.307 D/CCodec  ( 2386): allocate(c2.android.mp3.decoder)
06-13 00:07:43.312 I/Codec2Client( 2386): Available Codec2 services: "software"
06-13 00:07:43.331 V/C2Store (  479): in init
06-13 00:07:43.331 V/C2Store (  479): loading dll
06-13 00:07:43.362 I/lowmemorykiller(  231): medium memory pressure event is triggered for new strategy
06-13 00:07:43.362 D/lowmemorykiller(  231): LMKD mp_event_psi kill_reasons available are PRESSURE_AFTER_KILL, NOT_RESPONDING, LOW_SWAP_AND_THRASHING, LOW_MEM_AND_SWAP, LOW_MEM_AND_THRASHING, DIRECT_RECL_AND_THRASHING
06-13 00:07:43.362 D/lowmemorykiller(  231): LMKD mp_event_psi kill_reason received= -1
06-13 00:07:43.394 D/stbdpc  (  403): STB_DPGetNumPaths[570]: num_paths: 1
06-13 00:07:43.399 V/FileLogTree( 2386): Successfully created log file /data/user/0/in.startv.hotstar/files/logs/HotStarLogs1749753463394.log
06-13 00:07:43.404 I/CCodec  ( 2386): Created component [c2.android.mp3.decoder]
06-13 00:07:43.404 D/CCodecConfig( 2386): read media type: audio/mpeg
06-13 00:07:43.407 D/ReflectedParamUpdater( 2386): extent() != 1 for single value type: algo.buffers.max-count.values
06-13 00:07:43.408 D/ReflectedParamUpdater( 2386): extent() != 1 for single value type: output.subscribed-indices.values
06-13 00:07:43.408 D/ReflectedParamUpdater( 2386): extent() != 1 for single value type: input.buffers.allocator-ids.values
06-13 00:07:43.408 D/ReflectedParamUpdater( 2386): extent() != 1 for single value type: output.buffers.allocator-ids.values
06-13 00:07:43.408 D/ReflectedParamUpdater( 2386): extent() != 1 for single value type: algo.buffers.allocator-ids.values
06-13 00:07:43.408 D/ReflectedParamUpdater( 2386): extent() != 1 for single value type: output.buffers.pool-ids.values
06-13 00:07:43.409 D/ReflectedParamUpdater( 2386): extent() != 1 for single value type: algo.buffers.pool-ids.values
06-13 00:07:43.411 I/CCodecConfig( 2386): query failed after returning 7 values (BAD_INDEX)
06-13 00:07:43.411 D/CCodecConfig( 2386): c2 config diff is Dict {
06-13 00:07:43.411 D/CCodecConfig( 2386):   c2::u32 coded.bitrate.value = 64000
06-13 00:07:43.411 D/CCodecConfig( 2386):   c2::u32 input.buffers.max-size.value = 8192
06-13 00:07:43.411 D/CCodecConfig( 2386):   c2::u32 input.delay.value = 0
06-13 00:07:43.411 D/CCodecConfig( 2386):   string input.media-type.value = "audio/mpeg"
06-13 00:07:43.411 D/CCodecConfig( 2386):   string output.media-type.value = "audio/raw"
06-13 00:07:43.411 D/CCodecConfig( 2386):   c2::u32 raw.channel-count.value = 2
06-13 00:07:43.411 D/CCodecConfig( 2386):   c2::u32 raw.sample-rate.value = 44100
06-13 00:07:43.411 D/CCodecConfig( 2386): }
06-13 00:07:43.413 D/CCodec  ( 2386): [c2.android.mp3.decoder] buffers are bound to CCodec for this session
06-13 00:07:43.413 D/CCodecConfig( 2386): no c2 equivalents for durationUs
06-13 00:07:43.413 D/CCodecConfig( 2386): no c2 equivalents for track-id
06-13 00:07:43.413 D/CCodecConfig( 2386): no c2 equivalents for encoder-delay
06-13 00:07:43.413 D/CCodecConfig( 2386): no c2 equivalents for encoder-padding
06-13 00:07:43.413 D/CCodecConfig( 2386): no c2 equivalents for flags
06-13 00:07:43.414 D/CCodecConfig( 2386): c2 config diff is   c2::u32 raw.channel-count.value = 1
06-13 00:07:43.414 D/CCodecConfig( 2386):   c2::u32 raw.sample-rate.value = 48000
06-13 00:07:43.415 W/Codec2Client( 2386): query -- param skipped: index = 1107298332.
06-13 00:07:43.415 D/CCodec  ( 2386): setup formats input: AMessage(what = 0x00000000) = {
06-13 00:07:43.415 D/CCodec  ( 2386):   int32_t channel-count = 1
06-13 00:07:43.415 D/CCodec  ( 2386):   int32_t max-input-size = 8192
06-13 00:07:43.415 D/CCodec  ( 2386):   string mime = "audio/mpeg"
06-13 00:07:43.415 D/CCodec  ( 2386):   int32_t sample-rate = 48000
06-13 00:07:43.415 D/CCodec  ( 2386): } and output: AMessage(what = 0x00000000) = {
06-13 00:07:43.415 D/CCodec  ( 2386):   int32_t channel-count = 1
06-13 00:07:43.415 D/CCodec  ( 2386):   string mime = "audio/raw"
06-13 00:07:43.415 D/CCodec  ( 2386):   int32_t sample-rate = 48000
06-13 00:07:43.415 D/CCodec  ( 2386):   int32_t encoder-delay = 576
06-13 00:07:43.415 D/CCodec  ( 2386):   int32_t encoder-padding = 1152
06-13 00:07:43.415 D/CCodec  ( 2386): }
06-13 00:07:43.417 W/Codec2Client( 2386): query -- param skipped: index = 1342179345.
06-13 00:07:43.417 W/Codec2Client( 2386): query -- param skipped: index = 2415921170.
06-13 00:07:43.424 E/FMQ     ( 2386): grantorIdx must be less than 3
06-13 00:07:43.424 E/FMQ     ( 2386): grantorIdx must be less than 3
06-13 00:07:43.425 D/CCodecBufferChannel( 2386): [c2.android.mp3.decoder#719] Created input block pool with allocatorID 16 => poolID 17 - OK (0)
06-13 00:07:43.426 E/FMQ     (  479): grantorIdx must be less than 3
06-13 00:07:43.426 E/FMQ     (  479): grantorIdx must be less than 3
06-13 00:07:43.429 I/CCodecBufferChannel( 2386): [c2.android.mp3.decoder#719] Created output block pool with allocatorID 16 => poolID 62 - OK
06-13 00:07:43.429 D/CCodecBufferChannel( 2386): [c2.android.mp3.decoder#719] Configured output block pool ids 62 => OK
06-13 00:07:43.430 E/ion     ( 2386): ioctl c0044901 failed with code -1: Inappropriate ioctl for device
06-13 00:07:43.441 D/SimpleC2Component(  479): Using output block pool with poolID 62 => got 62 - 0
06-13 00:07:43.447 E/FMQ     ( 2386): grantorIdx must be less than 3
06-13 00:07:43.448 E/FMQ     (  479): grantorIdx must be less than 3
06-13 00:07:43.449 I/C2SoftMp3Dec(  479): Reconfiguring decoder: 0->48000 Hz, 0->1 channels
06-13 00:07:43.451 E/FMQ     (  479): grantorIdx must be less than 3
06-13 00:07:43.452 E/FMQ     ( 2386): grantorIdx must be less than 3
06-13 00:07:43.453 D/CCodecBuffers( 2386): [c2.android.mp3.decoder#719:Output[N]] popFromStashAndRegister: output format changed to AMessage(what = 0x00000000) = {
06-13 00:07:43.453 D/CCodecBuffers( 2386):   int32_t channel-count = 1
06-13 00:07:43.453 D/CCodecBuffers( 2386):   string mime = "audio/raw"
06-13 00:07:43.453 D/CCodecBuffers( 2386):   int32_t sample-rate = 48000
06-13 00:07:43.453 D/CCodecBuffers( 2386):   int32_t encoder-delay = 576
06-13 00:07:43.453 D/CCodecBuffers( 2386):   int32_t encoder-padding = 1152
06-13 00:07:43.453 D/CCodecBuffers( 2386): }
06-13 00:07:43.463 I/lowmemorykiller(  231): medium memory pressure event is triggered for new strategy
06-13 00:07:43.463 D/lowmemorykiller(  231): LMKD mp_event_psi kill_reasons available are PRESSURE_AFTER_KILL, NOT_RESPONDING, LOW_SWAP_AND_THRASHING, LOW_MEM_AND_SWAP, LOW_MEM_AND_THRASHING, DIRECT_RECL_AND_THRASHING
06-13 00:07:43.463 D/lowmemorykiller(  231): LMKD mp_event_psi kill_reason received= -1
06-13 00:07:43.489 D/CompatibilityChangeReporter(  637): Compat change id reported: 136274596; UID 10072; state: ENABLED
06-13 00:07:43.494 D/stbdpc  (  403): STB_DPGetNumPaths[570]: num_paths: 1
06-13 00:07:43.123 I/[ 6230.242290@2]  [amlv4l](    0): [59]: reset mode: 1, es frames buffering: 0
06-13 00:07:43.679 I/[ 6230.247406@2]  [amlv4l](    0): [59]: reset mode: 1, es frames buffering: 0
06-13 00:07:43.679 I/[ 6230.256952@1]  [amlv4l](    0): [57]: reset mode: 1, es frames buffering: 0
06-13 00:07:43.679 I/[ 6230.267838@1]  [amlv4l](    0): [57]: reset mode: 1, es frames buffering: 0
06-13 00:07:43.679 I/[ 6230.272681@2]  [amlv4l](    0): [59]: reset mode: 1, es frames buffering: 0
06-13 00:07:43.679 D/[ 6230.282833@2]  [amlcom](    0): vdec_release instance 000000002c75b333, total 2
06-13 00:07:43.679 I/[ 6230.282969@2]  v4lvideo(    0): di_p bypass 0
06-13 00:07:43.679 I/[ 6230.295441@3]  dim(    0): unreg:2keep[0], msk:[0x0,0x0]
06-13 00:07:43.679 I/[ 6230.307570@2]  dim(    0): unreg:use[24]ms
06-13 00:07:43.679 I/[ 6230.307583@2]  dim(    0): di_destroy_instance:ch[3]:end
06-13 00:07:43.679 I/[ 6230.307762@3]  [amlv4l](    0): [57]: reset mode: 1, es frames buffering: 0
06-13 00:07:43.679 I/[ 6230.308653@2]  resman(    0): 63 release [decoder]
06-13 00:07:43.679 I/[ 6230.308666@2]  resman(    0): 63 release [codec_mm]
06-13 00:07:43.679 E/        (    0): [ 6230.310141@1]  disalbe fastplay
06-13 00:07:43.679 D/[ 6230.323241@3]  [amlcom](    0): vdec_release instance 0000000081e38611, total 1
06-13 00:07:43.679 D/[ 6230.323408@3]  [media_clock](    0): the clk_vdec_mux    clock off, ref cnt: 0
06-13 00:07:43.679 I/[ 6230.344549@3]  dim(    0): unreg:2keep[0], msk:[0x0,0x0]
06-13 00:07:43.679 I/[ 6230.354642@3]  vpu(    0): vpu: vpu_dev_clk_gate_off: unsupport vpu mod: 72
06-13 00:07:43.679 I/[ 6230.356568@3]  dim(    0): unreg:use[33]ms
06-13 00:07:43.679 I/[ 6230.356579@3]  dim(    0): di_destroy_instance:ch[2]:end
06-13 00:07:43.679 I/[ 6230.357472@3]  resman(    0): 62 release [decoder]
06-13 00:07:43.679 I/[ 6230.357485@3]  resman(    0): 62 release [codec_mm]
06-13 00:07:43.679 E/        (    0): [ 6230.359087@1]  disalbe fastplay
06-13 00:07:43.529 D/dvb_iptv(  403): ReadEmmNetworkTask[1537]: EMM Select Timeout Occured 7
06-13 00:07:43.556 D/SessionLifecycleClient( 2386): Queued message 1. Queue size 1
06-13 00:07:43.566 I/lowmemorykiller(  231): medium memory pressure event is triggered for new strategy
06-13 00:07:43.566 D/lowmemorykiller(  231): LMKD mp_event_psi kill_reasons available are PRESSURE_AFTER_KILL, NOT_RESPONDING, LOW_SWAP_AND_THRASHING, LOW_MEM_AND_SWAP, LOW_MEM_AND_THRASHING, DIRECT_RECL_AND_THRASHING
06-13 00:07:43.566 D/lowmemorykiller(  231): LMKD mp_event_psi kill_reason received= -1
06-13 00:07:43.595 D/stbdpc  (  403): STB_DPGetNumPaths[570]: num_paths: 1
06-13 00:07:43.599 I/Choreographer( 2386): Skipped 34 frames!  The application may be doing too much work on its main thread.
06-13 00:07:43.608 V/DigitalSignage(  637): Package Name: null
06-13 00:07:43.608 V/DigitalSignage(  637): Left: 0
06-13 00:07:43.608 V/DigitalSignage(  637): Right: 0
06-13 00:07:43.608 V/DigitalSignage(  637): Top: 0
06-13 00:07:43.608 V/DigitalSignage(  637): Bottom: 0
06-13 00:07:43.608 D/DigitalSignage(  637): else - Package Name :: null left : 0 right :: 0 top :: 0 bottom :: 0 dfu-right :: 1920 dfu-bottom :: 1080
06-13 00:07:43.608 V/DigitalSignage(  637): Package Name: null
06-13 00:07:43.608 V/DigitalSignage(  637): Left: 0
06-13 00:07:43.608 V/DigitalSignage(  637): Right: 0
06-13 00:07:43.608 V/DigitalSignage(  637): Top: 0
06-13 00:07:43.608 V/DigitalSignage(  637): Bottom: 0
06-13 00:07:43.609 D/DigitalSignage(  637): else - Package Name :: null left : 0 right :: 0 top :: 0 bottom :: 0 dfu-right :: 1920 dfu-bottom :: 1080
06-13 00:07:43.663 I/hwservicemanager(  233): getTransport: Cannot find entry android.hardware.configstore@1.0::ISurfaceFlingerConfigs/default in either framework or device manifest.
06-13 00:07:43.667 I/lowmemorykiller(  231): medium memory pressure event is triggered for new strategy
06-13 00:07:43.667 D/lowmemorykiller(  231): LMKD mp_event_psi kill_reasons available are PRESSURE_AFTER_KILL, NOT_RESPONDING, LOW_SWAP_AND_THRASHING, LOW_MEM_AND_SWAP, LOW_MEM_AND_THRASHING, DIRECT_RECL_AND_THRASHING
06-13 00:07:43.667 D/lowmemorykiller(  231): LMKD mp_event_psi kill_reason received= -1
06-13 00:07:43.687 I/lowmemorykiller(  231): medium memory pressure event is triggered for new strategy
06-13 00:07:43.687 D/lowmemorykiller(  231): LMKD mp_event_psi kill_reasons available are PRESSURE_AFTER_KILL, NOT_RESPONDING, LOW_SWAP_AND_THRASHING, LOW_MEM_AND_SWAP, LOW_MEM_AND_THRASHING, DIRECT_RECL_AND_THRASHING
06-13 00:07:43.687 D/lowmemorykiller(  231): LMKD mp_event_psi kill_reason received= -1
06-13 00:07:43.695 D/stbdpc  (  403): STB_DPGetNumPaths[570]: num_paths: 1
06-13 00:07:43.749 I/OpenGLRenderer( 2386): Davey! duration=724ms; Flags=1, IntendedVsync=6230141359268, Vsync=6230708592590, OldestInputEvent=9223372036854775807, NewestInputEvent=0, HandleInputStart=6230715956886, AnimationStart=6230715960261, PerformTraversalsStart=6230716059261, DrawStart=6230814610927, SyncQueued=6230816038052, SyncStart=6230816404677, IssueDrawCommandsStart=6230816558386, SwapBuffers=6230863983052, FrameCompleted=6230865847969, DequeueBufferDuration=17144333, QueueBufferDuration=682875, GpuCompleted=0, 
06-13 00:07:43.753 V/DigitalSignage(  637): Package Name: null
06-13 00:07:43.753 V/DigitalSignage(  637): Left: 0
06-13 00:07:43.753 V/DigitalSignage(  637): Right: 0
06-13 00:07:43.753 V/DigitalSignage(  637): Top: 0
06-13 00:07:43.753 V/DigitalSignage(  637): Bottom: 0
06-13 00:07:43.753 D/DigitalSignage(  637): else - Package Name :: null left : 0 right :: 0 top :: 0 bottom :: 0 dfu-right :: 1920 dfu-bottom :: 1080
06-13 00:07:43.753 V/DigitalSignage(  637): Package Name: null
06-13 00:07:43.753 V/DigitalSignage(  637): Left: 0
06-13 00:07:43.753 V/DigitalSignage(  637): Right: 0
06-13 00:07:43.754 V/DigitalSignage(  637): Top: 0
06-13 00:07:43.754 V/DigitalSignage(  637): Bottom: 0
06-13 00:07:43.754 D/DigitalSignage(  637): else - Package Name :: null left : 0 right :: 0 top :: 0 bottom :: 0 dfu-right :: 1920 dfu-bottom :: 1080
06-13 00:07:43.757 V/DigitalSignage(  637): Package Name: null
06-13 00:07:43.757 V/DigitalSignage(  637): Left: 0
06-13 00:07:43.757 V/DigitalSignage(  637): Right: 0
06-13 00:07:43.757 V/DigitalSignage(  637): Top: 0
06-13 00:07:43.757 V/DigitalSignage(  637): Bottom: 0
06-13 00:07:43.758 D/DigitalSignage(  637): else - Package Name :: null left : 0 right :: 0 top :: 0 bottom :: 0 dfu-right :: 1920 dfu-bottom :: 1080
06-13 00:07:43.758 V/DigitalSignage(  637): Package Name: null
06-13 00:07:43.758 V/DigitalSignage(  637): Left: 0
06-13 00:07:43.758 V/DigitalSignage(  637): Right: 0
06-13 00:07:43.758 V/DigitalSignage(  637): Top: 0
06-13 00:07:43.758 V/DigitalSignage(  637): Bottom: 0
06-13 00:07:43.758 D/DigitalSignage(  637): else - Package Name :: null left : 0 right :: 0 top :: 0 bottom :: 0 dfu-right :: 1920 dfu-bottom :: 1080
06-13 00:07:43.767 I/lowmemorykiller(  231): medium memory pressure event is triggered for new strategy
06-13 00:07:43.768 D/lowmemorykiller(  231): LMKD mp_event_psi kill_reasons available are PRESSURE_AFTER_KILL, NOT_RESPONDING, LOW_SWAP_AND_THRASHING, LOW_MEM_AND_SWAP, LOW_MEM_AND_THRASHING, DIRECT_RECL_AND_THRASHING
06-13 00:07:43.768 D/lowmemorykiller(  231): LMKD mp_event_psi kill_reason received= -1
06-13 00:07:43.776 D/SessionLifecycleService( 2386): Service bound to new client on process 2386
06-13 00:07:43.790 V/DigitalSignage(  637): Package Name: null
06-13 00:07:43.790 V/DigitalSignage(  637): Left: 0
06-13 00:07:43.790 V/DigitalSignage(  637): Right: 0
06-13 00:07:43.790 V/DigitalSignage(  637): Top: 0
06-13 00:07:43.790 V/DigitalSignage(  637): Bottom: 0
06-13 00:07:43.791 D/DigitalSignage(  637): else - Package Name :: null left : 0 right :: 0 top :: 0 bottom :: 0 dfu-right :: 1920 dfu-bottom :: 1080
06-13 00:07:43.791 V/DigitalSignage(  637): Package Name: null
06-13 00:07:43.791 V/DigitalSignage(  637): Left: 0
06-13 00:07:43.791 V/DigitalSignage(  637): Right: 0
06-13 00:07:43.791 V/DigitalSignage(  637): Top: 0
06-13 00:07:43.791 V/DigitalSignage(  637): Bottom: 0
06-13 00:07:43.792 D/DigitalSignage(  637): else - Package Name :: null left : 0 right :: 0 top :: 0 bottom :: 0 dfu-right :: 1920 dfu-bottom :: 1080
06-13 00:07:43.793 I/android.hardware.power-service.libperfmgr(  369): Power setBoost: INTERACTION duration: 0
06-13 00:07:43.793 I/libperfmgr(  369): Do Powerhint: INTERACTION
06-13 00:07:43.795 D/stbdpc  (  403): STB_DPGetNumPaths[570]: num_paths: 1
06-13 00:07:43.801 D/CCodecBufferChannel( 2386): [c2.android.mp3.decoder#719] MediaCodec discarded an unknown buffer
06-13 00:07:43.804 I/hw-BpHwBinder( 2386): onLastStrongRef automatically unlinking death recipients
06-13 00:07:43.804 I/hw-BpHwBinder(  479): onLastStrongRef automatically unlinking death recipients
06-13 00:07:43.805 V/C2Store (  479): in ~ComponentModule
06-13 00:07:43.805 V/C2Store (  479): unloading dll
06-13 00:07:43.810 D/SessionLifecycleService( 2386): App has not yet foregrounded. Using previously stored session.
06-13 00:07:43.812 D/SessionLifecycleService( 2386): Client android.os.Messenger@94f12f3 bound at 6230893. Clients: 1
06-13 00:07:43.830 V/RootBeer( 2386): b: a() [44] - /system/xbin/su binary detected!
06-13 00:07:43.868 I/lowmemorykiller(  231): medium memory pressure event is triggered for new strategy
06-13 00:07:43.868 D/lowmemorykiller(  231): LMKD mp_event_psi kill_reasons available are PRESSURE_AFTER_KILL, NOT_RESPONDING, LOW_SWAP_AND_THRASHING, LOW_MEM_AND_SWAP, LOW_MEM_AND_THRASHING, DIRECT_RECL_AND_THRASHING
06-13 00:07:43.868 D/lowmemorykiller(  231): LMKD mp_event_psi kill_reason received= -1
06-13 00:07:43.892 I/ActivityTaskManager(  637): Displayed in.startv.hotstar/com.hotstar.MainActivity: +1s707ms
06-13 00:07:43.895 D/stbdpc  (  403): STB_DPGetNumPaths[570]: num_paths: 1
06-13 00:07:43.916 I/ThermalService(  987): CPU temperatures: [74.0]
06-13 00:07:43.947 V/DigitalSignage(  637): Package Name: null
06-13 00:07:43.947 V/DigitalSignage(  637): Left: 0
06-13 00:07:43.947 V/DigitalSignage(  637): Right: 0
06-13 00:07:43.947 V/DigitalSignage(  637): Top: 0
06-13 00:07:43.947 V/DigitalSignage(  637): Bottom: 0
06-13 00:07:43.948 D/DigitalSignage(  637): else - Package Name :: null left : 0 right :: 0 top :: 0 bottom :: 0 dfu-right :: 1920 dfu-bottom :: 1080
06-13 00:07:43.966 V/DigitalSignage(  637): Package Name: null
06-13 00:07:43.967 V/DigitalSignage(  637): Left: 0
06-13 00:07:43.967 V/DigitalSignage(  637): Right: 0
06-13 00:07:43.967 V/DigitalSignage(  637): Top: 0
06-13 00:07:43.967 V/DigitalSignage(  637): Bottom: 0
06-13 00:07:43.968 I/lowmemorykiller(  231): medium memory pressure event is triggered for new strategy
06-13 00:07:43.968 D/lowmemorykiller(  231): LMKD mp_event_psi kill_reasons available are PRESSURE_AFTER_KILL, NOT_RESPONDING, LOW_SWAP_AND_THRASHING, LOW_MEM_AND_SWAP, LOW_MEM_AND_THRASHING, DIRECT_RECL_AND_THRASHING
06-13 00:07:43.968 D/lowmemorykiller(  231): LMKD mp_event_psi kill_reason received= -1
06-13 00:07:43.969 D/DigitalSignage(  637): else - Package Name :: null left : 0 right :: 0 top :: 0 bottom :: 0 dfu-right :: 1920 dfu-bottom :: 1080
06-13 00:07:43.994 D/JioStbInactivityTimer(  936): Timer: count 22 warningTimeout:10680 timeout:10800
06-13 00:07:43.994 D/JioStbInactivityTimer(  936): isUserActive: Curr:6207149 Prev:6207149
06-13 00:07:43.995 D/stbdpc  (  403): STB_DPGetNumPaths[570]: num_paths: 1
06-13 00:07:43.996 W/GooglePlayServicesUtil( 2386): in.startv.hotstar requires the Google Play Store, but it is missing.
06-13 00:07:43.996 W/FA      ( 2386): Service invalid
06-13 00:07:44.015 D/JioAppOptimizer( 1707): AppOptimizerService :: handleMessage()
06-13 00:07:44.022 D/[197   ] JioAccount-ADC( 2068): v2.a a> Event: XJSSOE3
06-13 00:07:44.023 V/[197   ] JioAccount-ADC( 2068): v2.a a> XJSSOE3	PARAMETERS:
06-13 00:07:44.029 D/dvb_iptv(  403): ReadEmmNetworkTask[1537]: EMM Select Timeout Occured 8
06-13 00:07:44.034 I/tomator2.serve( 2282): Background concurrent copying GC freed 105812(5262KB) AllocSpace objects, 12(1776KB) LOS objects, 49% free, 8382KB/16MB, paused 2.723ms total 1.169s
06-13 00:07:44.034 D/JioAppOptimizer( 1707): AppOptimizerService :: handleMessage() : Foreground Package=in.startv.hotstar
06-13 00:07:44.035 D/JioAppOptimizer( 1707): AppOptimizerService :: handleMessage() : Free memory available in MB : 394.79296875
06-13 00:07:44.035 D/JioAppOptimizer( 1707): AppOptimizerService :: handleMessage() : checkAndRemoveBackgroundApps()
06-13 00:07:44.035 D/JioAppOptimizer( 1707): AppOptimizerService :: checkAndRemoveBackgroundApps()
06-13 00:07:44.037 I/uncher.relianc( 1786): oneway function results will be dropped but finished with status OK and parcel size 4
06-13 00:07:44.040 D/[294   ] JioAccount-ADC( 2068): com.jio.adc.core.b c> Getting ServiceInfo
06-13 00:07:44.041 D/[294   ] JioAccount-ADC( 2068): com.jio.adc.core.b c> Starting Bind...
06-13 00:07:44.042 I/e.swalekh.abct( 1352): oneway function results will be dropped but finished with status OK and parcel size 4
06-13 00:07:44.057 D/JioSTBMRServer-SERVICE( 3281): InetSocketAddress(InetAddress.getByName(inetAddress.hostAddress)-/192.168.1.255
06-13 00:07:44.057 D/JioSTBMRServer-SERVICE( 3281): #beacon:RKISBFJ60000097:0:false:0:1:SV=181024 , 192.168.1.255
06-13 00:07:44.058 D/[2     ] JioAccount-ADC( 2068): com.jio.adc.core.b$2 onServiceConnected> Connected
06-13 00:07:44.058 D/[294   ] JioAccount-ADC( 2068): com.jio.adc.core.b c> Binding...
06-13 00:07:44.060 D/[2     ] JioAccount-ADC( 2068): com.jio.adc.core.b$c$1 h> PROCESSING EVENT: XJSSOE3; TIME: 13-06-25 00:07:44:024; PARAMETERS: {"XJSSOP13":"in.startv.hotstar","XJSSOP14":true,"XJSSOP15":""}
06-13 00:07:44.062 D/JioSTBMRServer-SERVICE( 3281): InetSocketAddress(InetAddress.getByName(inetAddress.hostAddress)-/192.168.1.255
06-13 00:07:44.062 D/JioSTBMRServer-SERVICE( 3281): #broadcast IP:192.168.1.255
06-13 00:07:44.069 I/lowmemorykiller(  231): medium memory pressure event is triggered for new strategy
06-13 00:07:44.069 D/lowmemorykiller(  231): LMKD mp_event_psi kill_reasons available are PRESSURE_AFTER_KILL, NOT_RESPONDING, LOW_SWAP_AND_THRASHING, LOW_MEM_AND_SWAP, LOW_MEM_AND_THRASHING, DIRECT_RECL_AND_THRASHING
06-13 00:07:44.069 D/lowmemorykiller(  231): LMKD mp_event_psi kill_reason received= -1
06-13 00:07:44.076 D/SessionLifecycleClient( 2386): Connected to SessionLifecycleService. Queue size 1
06-13 00:07:44.077 D/SessionLifecycleClient( 2386): Sending lifecycle 1 to service
06-13 00:07:44.078 D/SessionLifecycleService( 2386): Activity foregrounding at 6231193.
06-13 00:07:44.079 D/SessionLifecycleService( 2386): Cold start detected.
06-13 00:07:44.079 D/SessionLifecycleService( 2386): Generated new session.
06-13 00:07:44.079 D/SessionLifecycleService( 2386): Broadcasting new session
06-13 00:07:44.086 D/SessionFirelogPublisher( 2386): Data Collection is enabled for at least one Subscriber
06-13 00:07:44.094 V/[2     ] JioAccount-ADC( 2068): com.jio.adc.core.b$c$1 h> Event Written: XJSSOE3; TIME: 13-06-25 00:07:44:024; PARAMETERS: {"XJSSOP13":"in.startv.hotstar","XJSSOP14":true,"XJSSOP15":""}
06-13 00:07:44.096 D/stbdpc  (  403): STB_DPGetNumPaths[570]: num_paths: 1
06-13 00:07:44.103 D/SessionLifecycleClient( 2386): Session update received.
06-13 00:07:44.132 D/SessionLifecycleClient( 2386): Notified CRASHLYTICS of new session ec35c9051be54b1283c835481fdb4900
