06-13 00:07:49.747 D/lowmemorykiller(  231): LMKD mp_event_psi kill_reason received= -1
06-13 00:07:49.799 I/lowmemorykiller(  231): medium memory pressure event is triggered for new strategy
06-13 00:07:49.806 D/stbdpc  (  403): STB_DPGetNumPaths[570]: num_paths: 1
06-13 00:07:49.900 I/lowmemorykiller(  231): medium memory pressure event is triggered for new strategy
06-13 00:07:49.906 D/stbdpc  (  403): STB_DPGetNumPaths[570]: num_paths: 1
06-13 00:07:49.963 I/ThermalService(  987): CPU temperatures: [68.4]
06-13 00:07:49.996 D/JioStbInactivityTimer(  936): Timer: count 28 warningTimeout:10680 timeout:10800
06-13 00:07:49.997 D/JioStbInactivityTimer(  936): isUserActive: Curr:6207149 Prev:6207149
06-13 00:07:50.000 I/lowmemorykiller(  231): medium memory pressure event is triggered for new strategy
06-13 00:07:50.006 D/stbdpc  (  403): STB_DPGetNumPaths[570]: num_paths: 1
06-13 00:07:50.031 D/dvb_iptv(  403): ReadEmmNetworkTask[1537]: EMM Select Timeout Occured 20
06-13 00:07:50.101 I/lowmemorykiller(  231): medium memory pressure event is triggered for new strategy
06-13 00:07:50.106 D/stbdpc  (  403): STB_DPGetNumPaths[570]: num_paths: 1
06-13 00:07:50.201 I/lowmemorykiller(  231): medium memory pressure event is triggered for new strategy
06-13 00:07:50.201 D/lowmemorykiller(  231): LMKD mp_event_psi kill_reasons available are PRESSURE_AFTER_KILL, NOT_RESPONDING, LOW_SWAP_AND_THRASHING, LOW_MEM_AND_SWAP, LOW_MEM_AND_THRASHING, DIRECT_RECL_AND_THRASHING
06-13 00:07:50.201 D/lowmemorykiller(  231): LMKD mp_event_psi kill_reason received= -1
06-13 00:07:50.206 D/stbdpc  (  403): STB_DPGetNumPaths[570]: num_paths: 1
06-13 00:07:50.219 I/appium  ( 2282): AppiumResponse: {"sessionId":"207a881d-785c-4220-ae41-3de04f7037ef","value":null}
06-13 00:07:50.228 D/rtk_heartbeat(  350): heartbeat_timed_out: heartbeatCmdCount = 6215, expected nextSeqNum = 6215
06-13 00:07:50.229 D/rtk_heartbeat(  350): rtkbt_heartbeat_cmpl_cback: Current SeqNum = 6215,should SeqNum=6215, status = 0
06-13 00:07:50.269 I/appium  ( 2282): channel read: POST /session/207a881d-785c-4220-ae41-3de04f7037ef/appium/device/press_keycode
06-13 00:07:50.270 I/appium  ( 2282): PressKeyCode command
06-13 00:07:50.270 I/appium  ( 2282): Calling PressKeyCode... 
06-13 00:07:50.275 D/UiDevice( 2282): Pressing keycodes [66] with modifier 0.
06-13 00:07:50.283 D/InputDispatcher(  637): injectInputEvent - eventType=1, injectorPid=2203, injectorUid=0, syncMode=2, timeout=30000, policyFlags=0x08000000
06-13 00:07:50.288 D/WindowManager(  637): interceptKeyTq keycode=66 interactive=true keyguardActive=false policyFlags=2b000000
06-13 00:07:50.289 D/WindowManager(  637): CloudPC is in NOT in foreground
06-13 00:07:50.289 D/WindowManager(  637): isKeyNeedsToPassToJioCloudPC :: NO
06-13 00:07:50.292 I/android.hardware.power-service.libperfmgr(  369): Power setBoost: INTERACTION duration: 0
06-13 00:07:50.292 I/libperfmgr(  369): Do Powerhint: INTERACTION
06-13 00:07:50.292 D/WindowManager(  637): interceptKeyTi keyCode=66 down=true repeatCount=0 keyguardOn=false canceled=false
06-13 00:07:50.292 D/WindowManager(  637): CloudPC is in NOT in foreground
06-13 00:07:50.292 I/android.hardware.power-service.libperfmgr(  369): Power setBoost: INTERACTION duration: 0
06-13 00:07:50.292 I/libperfmgr(  369): Do Powerhint: INTERACTION
06-13 00:07:50.292 D/WindowManager(  637): isKeyNeedsToPassToJioCloudPC :: NO
06-13 00:07:50.294 D/GlobalKeyManager(  637): KeyEvent { action=ACTION_DOWN, keyCode=KEYCODE_ENTER, scanCode=0, metaState=0, flags=0x0, repeatCount=0, eventTime=6237392, downTime=6237392, deviceId=-1, source=0x101, displayId=-1 }
06-13 00:07:50.294 D/InputDispatcher(  637): Setting input event injection result to 0.  injectorPid=2203, injectorUid=0
06-13 00:07:50.294 I/.startv.hotsta( 2386): oneway function results will be dropped but finished with status OK and parcel size 4
06-13 00:07:50.294 D/InputDispatcher(  637): injectInputEvent - Waiting for 1 pending foreground dispatches.
06-13 00:07:50.301 D/InputDispatcher(  637): injectInputEvent - Finished with result 0. injectorPid=2203, injectorUid=0
06-13 00:07:50.301 I/lowmemorykiller(  231): medium memory pressure event is triggered for new strategy
06-13 00:07:50.302 D/lowmemorykiller(  231): LMKD mp_event_psi kill_reasons available are PRESSURE_AFTER_KILL, NOT_RESPONDING, LOW_SWAP_AND_THRASHING, LOW_MEM_AND_SWAP, LOW_MEM_AND_THRASHING, DIRECT_RECL_AND_THRASHING
06-13 00:07:50.302 D/lowmemorykiller(  231): LMKD mp_event_psi kill_reason received= -1
06-13 00:07:50.303 I/e.swalekh.abct( 1352): oneway function results will be dropped but finished with status OK and parcel size 4
06-13 00:07:50.303 D/InputDispatcher(  637): injectInputEvent - eventType=1, injectorPid=2203, injectorUid=0, syncMode=2, timeout=30000, policyFlags=0x08000000
06-13 00:07:50.304 D/WindowManager(  637): interceptKeyTq keycode=66 interactive=true keyguardActive=false policyFlags=2b000000
06-13 00:07:50.304 D/WindowManager(  637): CloudPC is in NOT in foreground
06-13 00:07:50.304 D/WindowManager(  637): isKeyNeedsToPassToJioCloudPC :: NO
06-13 00:07:50.304 D/WindowManager(  637): interceptKeyTi keyCode=66 down=false repeatCount=0 keyguardOn=false canceled=false
06-13 00:07:50.304 D/WindowManager(  637): CloudPC is in NOT in foreground
06-13 00:07:50.304 D/WindowManager(  637): isKeyNeedsToPassToJioCloudPC :: NO
06-13 00:07:50.304 D/GlobalKeyManager(  637): KeyEvent { action=ACTION_UP, keyCode=KEYCODE_ENTER, scanCode=0, metaState=0, flags=0x0, repeatCount=0, eventTime=6237392, downTime=6237392, deviceId=-1, source=0x101, displayId=-1 }
06-13 00:07:50.304 D/InputDispatcher(  637): Setting input event injection result to 0.  injectorPid=2203, injectorUid=0
06-13 00:07:50.305 D/InputDispatcher(  637): injectInputEvent - Waiting for 1 pending foreground dispatches.
06-13 00:07:50.307 D/stbdpc  (  403): STB_DPGetNumPaths[570]: num_paths: 1
06-13 00:07:50.319 I/system_server(  637): oneway function results will be dropped but finished with status OK and parcel size 4
06-13 00:07:50.320 I/sub_mixing_factory(  349): [usecase_change_validate_l_sm:1209] ++++continuous:0 dev masks:0, out masks:0, out usecase PCM_NORMAL
06-13 00:07:50.320 I/sub_mixing_factory(  349): [usecase_change_validate_l_sm:1216] add usecase PCM_NORMAL, cnt 1
06-13 00:07:50.320 D/sub_mixing_factory(  349): [usecase_change_validate_l_sm:1228] cur dev masks:0, add out usecase:PCM_NORMAL
06-13 00:07:50.320 I/sub_mixing_factory(  349): [usecase_change_validate_l_sm:1259] ----continuous:0 dev masks:0x1, out masks:0x1, out usecase PCM_NORMAL
06-13 00:07:50.320 D/aml_audio_port(  349): [new_input_port:260] buf_frames:384,frame_size:4 ==> thunk_size:1536
06-13 00:07:50.320 I/aml_audio_port(  349): [get_input_port_type:109] samplerate:48000, flags:0x2, channel_cnt:2
06-13 00:07:50.321 D/InputDispatcher(  637): injectInputEvent - Finished with result 0. injectorPid=2203, injectorUid=0
06-13 00:07:50.321 I/system_server(  637): oneway function results will be dropped but finished with status OK and parcel size 4
06-13 00:07:50.322 D/aml_audio_port(  349): [new_input_port:286] inport:PCM_SYSTEM, buf:6144, direct:0, format:0x1, rate:48000, ch:2
06-13 00:07:50.322 I/amlAudioMixer(  349): [init_mixer_input_port:175] input port:PCM_SYSTEM, size 384 frames, frame_write_sum:20686848
06-13 00:07:50.322 I/aml_audio_port(  349): [get_input_port_type:109] samplerate:48000, flags:0x2, channel_cnt:2
06-13 00:07:50.322 I/sub_mixing_factory(  349): [mixer_aux_buffer_write_sm:1066] stream 0xf139b000 input port:PCM_SYSTEM
06-13 00:07:50.322 I/sub_mixing_factory(  349): [mixer_aux_buffer_write_sm:1076] padding_bytes 12288
06-13 00:07:50.322 I/amlAudioMixer(  349): [mixer_write_inport:260] input port:PCM_SYSTEM is active now
06-13 00:07:50.322 I/sub_mixing_factory(  349): [mixer_aux_buffer_write_sm:1076] padding_bytes 10752
06-13 00:07:50.322 I/sub_mixing_factory(  349): [mixer_aux_buffer_write_sm:1076] padding_bytes 9216
06-13 00:07:50.322 I/sub_mixing_factory(  349): [mixer_aux_buffer_write_sm:1076] padding_bytes 7680
06-13 00:07:50.322 I/sub_mixing_factory(  349): [mixer_aux_buffer_write_sm:1076] padding_bytes 6144
06-13 00:07:50.328 I/amlAudioMixer(  349): [mixer_inports_read:704] input port:PCM_SYSTEM first start, portId:0, avail:6144
06-13 00:07:50.330 D/JioSTBMRServer-SERVICE( 3281): InetSocketAddress(InetAddress.getByName(inetAddress.hostAddress)-/192.168.1.255
06-13 00:07:50.330 D/JioSTBMRServer-SERVICE( 3281): #beacon:RKISBFJ60000097:0:false:0:1:SV=181024 , 192.168.1.255
06-13 00:07:50.334 I/sub_mixing_factory(  349): [mixer_aux_buffer_write_sm:1076] padding_bytes 4608
06-13 00:07:50.337 I/appium  ( 2282): AppiumResponse: {"sessionId":"207a881d-785c-4220-ae41-3de04f7037ef","value":null}
06-13 00:07:50.342 I/sub_mixing_factory(  349): [mixer_aux_buffer_write_sm:1076] padding_bytes 3072
06-13 00:07:50.344 D/JioSTBMRServer-SERVICE( 3281): InetSocketAddress(InetAddress.getByName(inetAddress.hostAddress)-/192.168.1.255
06-13 00:07:50.344 D/JioSTBMRServer-SERVICE( 3281): #broadcast IP:192.168.1.255
06-13 00:07:50.350 I/sub_mixing_factory(  349): [mixer_aux_buffer_write_sm:1076] padding_bytes 1536
06-13 00:07:50.402 I/lowmemorykiller(  231): medium memory pressure event is triggered for new strategy
06-13 00:07:50.402 D/lowmemorykiller(  231): LMKD mp_event_psi kill_reasons available are PRESSURE_AFTER_KILL, NOT_RESPONDING, LOW_SWAP_AND_THRASHING, LOW_MEM_AND_SWAP, LOW_MEM_AND_THRASHING, DIRECT_RECL_AND_THRASHING
06-13 00:07:50.403 D/lowmemorykiller(  231): LMKD mp_event_psi kill_reason received= -1
06-13 00:07:50.407 D/stbdpc  (  403): STB_DPGetNumPaths[570]: num_paths: 1
06-13 00:07:50.503 I/lowmemorykiller(  231): medium memory pressure event is triggered for new strategy
06-13 00:07:50.503 D/lowmemorykiller(  231): LMKD mp_event_psi kill_reasons available are PRESSURE_AFTER_KILL, NOT_RESPONDING, LOW_SWAP_AND_THRASHING, LOW_MEM_AND_SWAP, LOW_MEM_AND_THRASHING, DIRECT_RECL_AND_THRASHING
06-13 00:07:50.503 D/lowmemorykiller(  231): LMKD mp_event_psi kill_reason received= -1
06-13 00:07:50.507 D/stbdpc  (  403): STB_DPGetNumPaths[570]: num_paths: 1
06-13 00:07:50.532 D/dvb_iptv(  403): ReadEmmNetworkTask[1537]: EMM Select Timeout Occured 21
06-13 00:07:50.603 I/lowmemorykiller(  231): medium memory pressure event is triggered for new strategy
06-13 00:07:50.603 D/lowmemorykiller(  231): LMKD mp_event_psi kill_reasons available are PRESSURE_AFTER_KILL, NOT_RESPONDING, LOW_SWAP_AND_THRASHING, LOW_MEM_AND_SWAP, LOW_MEM_AND_THRASHING, DIRECT_RECL_AND_THRASHING
06-13 00:07:50.603 D/lowmemorykiller(  231): LMKD mp_event_psi kill_reason received= -1
06-13 00:07:50.607 D/stbdpc  (  403): STB_DPGetNumPaths[570]: num_paths: 1
06-13 00:07:50.637 I/system_server(  637): oneway function results will be dropped but finished with status OK and parcel size 4
06-13 00:07:50.637 W/APM::AudioPolicyEngine(  391): getDevicesForStrategy() unknown strategy: -1
06-13 00:07:50.671 E/ocessService0:( 2252): failed to create Unix domain socket: Operation not permitted
06-13 00:07:50.704 I/lowmemorykiller(  231): medium memory pressure event is triggered for new strategy
06-13 00:07:50.707 D/stbdpc  (  403): STB_DPGetNumPaths[570]: num_paths: 1
06-13 00:07:50.804 I/lowmemorykiller(  231): medium memory pressure event is triggered for new strategy
06-13 00:07:50.807 D/stbdpc  (  403): STB_DPGetNumPaths[570]: num_paths: 1
06-13 00:07:50.908 D/stbdpc  (  403): STB_DPGetNumPaths[570]: num_paths: 1
06-13 00:07:50.946 D/ltts_ip_emm(  403): LTTS_IP_DMXStartEMM[381]: parse_emm_cat_status failed
06-13 00:07:50.996 D/JioStbInactivityTimer(  936): Timer: count 29 warningTimeout:10680 timeout:10800
06-13 00:07:50.996 D/JioStbInactivityTimer(  936): isUserActive: Curr:6207149 Prev:6207149
06-13 00:07:51.008 D/stbdpc  (  403): STB_DPGetNumPaths[570]: num_paths: 1
06-13 00:07:51.024 I/.startv.hotsta( 2386): Method exceeds compiler instruction limit: 55024 in java.lang.Object com.hotstar.player.a.c(kotlin.coroutines.jvm.internal.ContinuationImpl)
06-13 00:07:51.032 D/dvb_iptv(  403): ReadEmmNetworkTask[1537]: EMM Select Timeout Occured 22
06-13 00:07:51.079 I/.startv.hotsta( 2386): Background young concurrent copying GC freed 173228(8122KB) AllocSpace objects, 63(2064KB) LOS objects, 39% free, 14MB/23MB, paused 162us total 114.611ms
06-13 00:07:51.108 D/stbdpc  (  403): STB_DPGetNumPaths[570]: num_paths: 1
06-13 00:07:51.151 E/WifiVendorHal(  637): getWifiLinkLayerStats_1_3_Internal(l.973) failed {.code = ERROR_UNKNOWN, .description = unknown error}
06-13 00:07:51.187 V/DigitalSignage(  637): Package Name: null
06-13 00:07:51.188 V/DigitalSignage(  637): Left: 0
06-13 00:07:51.188 V/DigitalSignage(  637): Right: 0
06-13 00:07:51.188 V/DigitalSignage(  637): Top: 0
06-13 00:07:51.188 V/DigitalSignage(  637): Bottom: 0
06-13 00:07:51.188 D/DigitalSignage(  637): else - Package Name :: null left : 0 right :: 0 top :: 0 bottom :: 0 dfu-right :: 1920 dfu-bottom :: 1080
06-13 00:07:51.205 V/DigitalSignage(  637): Package Name: null
06-13 00:07:51.205 V/DigitalSignage(  637): Left: 0
06-13 00:07:51.205 V/DigitalSignage(  637): Right: 0
06-13 00:07:51.205 V/DigitalSignage(  637): Top: 0
06-13 00:07:51.205 V/DigitalSignage(  637): Bottom: 0
06-13 00:07:51.205 D/DigitalSignage(  637): else - Package Name :: null left : 0 right :: 0 top :: 0 bottom :: 0 dfu-right :: 1920 dfu-bottom :: 1080
06-13 00:07:51.208 D/stbdpc  (  403): STB_DPGetNumPaths[570]: num_paths: 1
06-13 00:07:51.228 D/rtk_heartbeat(  350): heartbeat_timed_out: heartbeatCmdCount = 6216, expected nextSeqNum = 6216
06-13 00:07:51.229 D/rtk_heartbeat(  350): rtkbt_heartbeat_cmpl_cback: Current SeqNum = 6216,should SeqNum=6216, status = 0
06-13 00:07:51.308 D/stbdpc  (  403): STB_DPGetNumPaths[570]: num_paths: 1
06-13 00:07:51.363 I/lowmemorykiller(  231): medium memory pressure event is triggered for new strategy
06-13 00:07:51.363 D/lowmemorykiller(  231): LMKD mp_event_psi kill_reasons available are PRESSURE_AFTER_KILL, NOT_RESPONDING, LOW_SWAP_AND_THRASHING, LOW_MEM_AND_SWAP, LOW_MEM_AND_THRASHING, DIRECT_RECL_AND_THRASHING
06-13 00:07:51.363 D/lowmemorykiller(  231): LMKD mp_event_psi kill_reason received= -1
06-13 00:07:51.408 D/stbdpc  (  403): STB_DPGetNumPaths[570]: num_paths: 1
06-13 00:07:51.463 I/lowmemorykiller(  231): medium memory pressure event is triggered for new strategy
06-13 00:07:51.464 D/lowmemorykiller(  231): LMKD mp_event_psi kill_reasons available are PRESSURE_AFTER_KILL, NOT_RESPONDING, LOW_SWAP_AND_THRASHING, LOW_MEM_AND_SWAP, LOW_MEM_AND_THRASHING, DIRECT_RECL_AND_THRASHING
06-13 00:07:51.464 D/lowmemorykiller(  231): LMKD mp_event_psi kill_reason received= -1
06-13 00:07:51.509 D/stbdpc  (  403): STB_DPGetNumPaths[570]: num_paths: 1
06-13 00:07:51.532 D/dvb_iptv(  403): ReadEmmNetworkTask[1537]: EMM Select Timeout Occured 23
06-13 00:07:51.564 I/lowmemorykiller(  231): medium memory pressure event is triggered for new strategy
06-13 00:07:51.564 D/lowmemorykiller(  231): LMKD mp_event_psi kill_reasons available are PRESSURE_AFTER_KILL, NOT_RESPONDING, LOW_SWAP_AND_THRASHING, LOW_MEM_AND_SWAP, LOW_MEM_AND_THRASHING, DIRECT_RECL_AND_THRASHING
06-13 00:07:51.564 D/lowmemorykiller(  231): LMKD mp_event_psi kill_reason received= -1
06-13 00:07:51.609 D/stbdpc  (  403): STB_DPGetNumPaths[570]: num_paths: 1
06-13 00:07:51.664 I/lowmemorykiller(  231): medium memory pressure event is triggered for new strategy
06-13 00:07:51.664 D/lowmemorykiller(  231): LMKD mp_event_psi kill_reasons available are PRESSURE_AFTER_KILL, NOT_RESPONDING, LOW_SWAP_AND_THRASHING, LOW_MEM_AND_SWAP, LOW_MEM_AND_THRASHING, DIRECT_RECL_AND_THRASHING
06-13 00:07:51.664 D/lowmemorykiller(  231): LMKD mp_event_psi kill_reason received= -1
06-13 00:07:51.709 D/stbdpc  (  403): STB_DPGetNumPaths[570]: num_paths: 1
06-13 00:07:51.765 I/lowmemorykiller(  231): medium memory pressure event is triggered for new strategy
06-13 00:07:51.765 D/lowmemorykiller(  231): LMKD mp_event_psi kill_reasons available are PRESSURE_AFTER_KILL, NOT_RESPONDING, LOW_SWAP_AND_THRASHING, LOW_MEM_AND_SWAP, LOW_MEM_AND_THRASHING, DIRECT_RECL_AND_THRASHING
06-13 00:07:51.765 D/lowmemorykiller(  231): LMKD mp_event_psi kill_reason received= -1
06-13 00:07:51.809 D/stbdpc  (  403): STB_DPGetNumPaths[570]: num_paths: 1
06-13 00:07:51.842 I/.startv.hotsta( 2386): NativeAlloc concurrent copying GC freed 99461(5300KB) AllocSpace objects, 46(1808KB) LOS objects, 49% free, 11MB/23MB, paused 1.318ms total 195.235ms
06-13 00:07:51.865 I/lowmemorykiller(  231): medium memory pressure event is triggered for new strategy
06-13 00:07:51.865 D/lowmemorykiller(  231): LMKD mp_event_psi kill_reasons available are PRESSURE_AFTER_KILL, NOT_RESPONDING, LOW_SWAP_AND_THRASHING, LOW_MEM_AND_SWAP, LOW_MEM_AND_THRASHING, DIRECT_RECL_AND_THRASHING
06-13 00:07:51.865 D/lowmemorykiller(  231): LMKD mp_event_psi kill_reason received= -1
06-13 00:07:51.910 D/stbdpc  (  403): STB_DPGetNumPaths[570]: num_paths: 1
06-13 00:07:51.965 I/lowmemorykiller(  231): medium memory pressure event is triggered for new strategy
06-13 00:07:51.966 D/lowmemorykiller(  231): LMKD mp_event_psi kill_reasons available are PRESSURE_AFTER_KILL, NOT_RESPONDING, LOW_SWAP_AND_THRASHING, LOW_MEM_AND_SWAP, LOW_MEM_AND_THRASHING, DIRECT_RECL_AND_THRASHING
06-13 00:07:51.966 D/lowmemorykiller(  231): LMKD mp_event_psi kill_reason received= -1
06-13 00:07:51.979 I/ThermalService(  987): CPU temperatures: [71.0]
06-13 00:07:51.997 D/JioStbInactivityTimer(  936): Timer: count 30 warningTimeout:10680 timeout:10800
06-13 00:07:51.997 D/JioStbInactivityTimer(  936): isUserActive: Curr:6207149 Prev:6207149
06-13 00:07:52.010 D/stbdpc  (  403): STB_DPGetNumPaths[570]: num_paths: 1
06-13 00:07:52.032 D/dvb_iptv(  403): ReadEmmNetworkTask[1537]: EMM Select Timeout Occured 24
06-13 00:07:52.066 I/lowmemorykiller(  231): medium memory pressure event is triggered for new strategy
06-13 00:07:52.066 D/lowmemorykiller(  231): LMKD mp_event_psi kill_reasons available are PRESSURE_AFTER_KILL, NOT_RESPONDING, LOW_SWAP_AND_THRASHING, LOW_MEM_AND_SWAP, LOW_MEM_AND_THRASHING, DIRECT_RECL_AND_THRASHING
06-13 00:07:52.066 D/lowmemorykiller(  231): LMKD mp_event_psi kill_reason received= -1
06-13 00:07:52.110 D/stbdpc  (  403): STB_DPGetNumPaths[570]: num_paths: 1
06-13 00:07:52.121 D/MulticastUtils( 1786): Timeout 5000ms IOException:Poll timed out
06-13 00:07:52.125 D/JioLauncher( 1786): connected-network-status  1 status true time 0 lPreviousIp [/fe80::1%wlan0, /192.168.1.1] isLiveOnTop() false isOneTimeVisisbleStatus false-remoteConnectedTime-0
06-13 00:07:52.166 I/lowmemorykiller(  231): medium memory pressure event is triggered for new strategy
06-13 00:07:52.166 D/lowmemorykiller(  231): LMKD mp_event_psi kill_reasons available are PRESSURE_AFTER_KILL, NOT_RESPONDING, LOW_SWAP_AND_THRASHING, LOW_MEM_AND_SWAP, LOW_MEM_AND_THRASHING, DIRECT_RECL_AND_THRASHING
06-13 00:07:52.166 D/lowmemorykiller(  231): LMKD mp_event_psi kill_reason received= -1
06-13 00:07:52.210 D/stbdpc  (  403): STB_DPGetNumPaths[570]: num_paths: 1
06-13 00:07:52.229 D/rtk_heartbeat(  350): heartbeat_timed_out: heartbeatCmdCount = 6217, expected nextSeqNum = 6217
06-13 00:07:52.230 D/rtk_heartbeat(  350): rtkbt_heartbeat_cmpl_cback: Current SeqNum = 6217,should SeqNum=6217, status = 0
06-13 00:07:52.266 I/lowmemorykiller(  231): medium memory pressure event is triggered for new strategy
06-13 00:07:52.267 D/lowmemorykiller(  231): LMKD mp_event_psi kill_reasons available are PRESSURE_AFTER_KILL, NOT_RESPONDING, LOW_SWAP_AND_THRASHING, LOW_MEM_AND_SWAP, LOW_MEM_AND_THRASHING, DIRECT_RECL_AND_THRASHING
06-13 00:07:52.267 D/lowmemorykiller(  231): LMKD mp_event_psi kill_reason received= -1
06-13 00:07:52.310 D/stbdpc  (  403): STB_DPGetNumPaths[570]: num_paths: 1
06-13 00:07:52.367 I/lowmemorykiller(  231): medium memory pressure event is triggered for new strategy
06-13 00:07:52.367 D/lowmemorykiller(  231): LMKD mp_event_psi kill_reasons available are PRESSURE_AFTER_KILL, NOT_RESPONDING, LOW_SWAP_AND_THRASHING, LOW_MEM_AND_SWAP, LOW_MEM_AND_THRASHING, DIRECT_RECL_AND_THRASHING
06-13 00:07:52.367 D/lowmemorykiller(  231): LMKD mp_event_psi kill_reason received= -1
06-13 00:07:52.372 I/appium  ( 2282): channel read: POST /session/207a881d-785c-4220-ae41-3de04f7037ef/element
06-13 00:07:52.373 I/appium  ( 2282): FindElement command
06-13 00:07:52.374 I/.startv.hotsta( 2386): oneway function results will be dropped but finished with status OK and parcel size 4
06-13 00:07:52.376 I/e.swalekh.abct( 1352): oneway function results will be dropped but finished with status OK and parcel size 4
06-13 00:07:52.377 I/appium  ( 2282): method: 'xpath', selector: '//android.widget.TextView[@resource-id='in.startv.hotstar:id/title']'
06-13 00:07:52.377 I/appium  ( 2282): Waiting up to 10000ms for the device to idle
06-13 00:07:52.381 I/appium  ( 2282): The following attributes will be included to the page source: [resource-id]
06-13 00:07:52.384 D/JioSTBMRServer-SERVICE( 3281): InetSocketAddress(InetAddress.getByName(inetAddress.hostAddress)-/192.168.1.255
06-13 00:07:52.384 D/JioSTBMRServer-SERVICE( 3281): #beacon:RKISBFJ60000097:0:false:0:1:SV=181024 , 192.168.1.255
06-13 00:07:52.388 D/JioSTBMRServer-SERVICE( 3281): InetSocketAddress(InetAddress.getByName(inetAddress.hostAddress)-/192.168.1.255
06-13 00:07:52.388 D/JioSTBMRServer-SERVICE( 3281): #broadcast IP:192.168.1.255
06-13 00:07:52.405 D/JioLauncher( 1786): overlay status check for wifi and bt remote false false
06-13 00:07:52.407 D/Match code1( 1444): 2
06-13 00:07:52.407 D/JIO_TR069-( 1444): Predefined List [com.jio.stb.catv, com.rjil.jiostbsetting, com.iwedia.ui.rjio.launcher.reliance, com.jio.stb.hotellauncher, com.jio.media.oberoi, com.jio.ott]
06-13 00:07:52.411 D/stbdpc  (  403): STB_DPGetNumPaths[570]: num_paths: 1
06-13 00:07:52.413 D/JIO_TR069-( 1444): Caller Package com.iwedia.ui.rjio.launcher.reliance
06-13 00:07:52.413 D/JIO_TR069-( 1444): White Listed Apps []
06-13 00:07:52.413 D/JIO_TR069-( 1444): Final White Listed Apps [com.jio.stb.catv, com.rjil.jiostbsetting, com.iwedia.ui.rjio.launcher.reliance, com.jio.stb.hotellauncher, com.jio.media.oberoi, com.jio.ott, ]
06-13 00:07:52.416 D/JioLauncher( 1786): network-type-------NonJioNetwork
06-13 00:07:52.421 D/JioLauncher( 1786): live-tv-previousIp-[/fe80::1%wlan0, /192.168.1.1]-newHost-[/fe80::1%wlan0, /192.168.1.1]
06-13 00:07:52.455 I/lowmemorykiller(  231): medium memory pressure event is triggered for new strategy
06-13 00:07:52.455 D/lowmemorykiller(  231): LMKD mp_event_psi kill_reasons available are PRESSURE_AFTER_KILL, NOT_RESPONDING, LOW_SWAP_AND_THRASHING, LOW_MEM_AND_SWAP, LOW_MEM_AND_THRASHING, DIRECT_RECL_AND_THRASHING
06-13 00:07:52.455 D/lowmemorykiller(  231): LMKD mp_event_psi kill_reason received= -1
06-13 00:07:52.467 D/DefaultRenderersFactory( 2386): Building video renderers, extensionRendererMode 0
06-13 00:07:52.467 I/lowmemorykiller(  231): medium memory pressure event is triggered for new strategy
06-13 00:07:52.468 D/lowmemorykiller(  231): LMKD mp_event_psi kill_reasons available are PRESSURE_AFTER_KILL, NOT_RESPONDING, LOW_SWAP_AND_THRASHING, LOW_MEM_AND_SWAP, LOW_MEM_AND_THRASHING, DIRECT_RECL_AND_THRASHING
06-13 00:07:52.468 D/lowmemorykiller(  231): LMKD mp_event_psi kill_reason received= -1
06-13 00:07:52.477 I/ExoPlayerImpl( 2386): Init c30157e [ExoPlayerLib/2.16.1] [MSTB, JMSB200A, Jio, 30]
06-13 00:07:52.501 I/MediaFocusControl(  637): requestAudioFocus() from uid/pid 10072/2386 clientId=android.media.AudioManager@faba871g2.b$a@1cf5656 callingPack=in.startv.hotstar req=1 flags=0x0 sdk=34
06-13 00:07:52.505 I/MediaFocusControl(  637): notifyAudioFocusGain. in.startv.hotstar
06-13 00:07:52.506 D/AudioManager( 1786): dispatching onAudioFocusChange(-1) to android.media.AudioManager@14d1fe5org.chromium.content.browser.AudioFocusDelegate@416f302
06-13 00:07:52.508 D/CustomBootReceiver( 1854): onReceive, Receive broadcast message, com.jio.stb.AUDIO_FOCUS_GAIN
06-13 00:07:52.508 D/AppOptimizerAudioFocusReceiver( 1707): onReceive, Receive broadcast message, com.jio.stb.AUDIO_FOCUS_GAIN
06-13 00:07:52.508 I/MediaFocusControl(  637): abandonAudioFocus() from uid/pid 10035/1786 clientId=android.media.AudioManager@14d1fe5org.chromium.content.browser.AudioFocusDelegate@416f302
06-13 00:07:52.508 D/AppOptimizerAudioFocusReceiver( 1707): Recvd broadcast; Current Audio Focus=in.startv.hotstar
06-13 00:07:52.508 D/CustomBootReceiver( 1854): Recvd broadcast; Audio Focus change from package : in.startv.hotstar
06-13 00:07:52.508 D/AppOptimizerAudioFocusReceiver( 1707): calling removeApp method
06-13 00:07:52.511 D/stbdpc  (  403): STB_DPGetNumPaths[570]: num_paths: 1
06-13 00:07:52.514 I/DrmUtils( 2386): found android.hardware.drm@1.0::IDrmFactory clearkey
06-13 00:07:52.516 I/DrmUtils( 2386): found android.hardware.drm@1.0::IDrmFactory verimatrix
06-13 00:07:52.517 I/DrmUtils( 2386): found android.hardware.drm@1.0::IDrmFactory widevine
06-13 00:07:52.518 I/DrmUtils( 2386): found android.hardware.drm@1.0::IDrmFactory youtube
06-13 00:07:52.522 I/DrmUtils( 2386): found android.hardware.drm@1.1::IDrmFactory clearkey
06-13 00:07:52.523 I/DrmUtils( 2386): found android.hardware.drm@1.1::IDrmFactory verimatrix
06-13 00:07:52.525 I/DrmUtils( 2386): found android.hardware.drm@1.1::IDrmFactory widevine
06-13 00:07:52.526 I/DrmUtils( 2386): found android.hardware.drm@1.1::IDrmFactory youtube
06-13 00:07:52.528 I/DrmUtils( 2386): found android.hardware.drm@1.2::IDrmFactory clearkey
06-13 00:07:52.531 I/DrmUtils( 2386): found android.hardware.drm@1.2::IDrmFactory verimatrix
06-13 00:07:52.532 D/dvb_iptv(  403): ReadEmmNetworkTask[1537]: EMM Select Timeout Occured 25
06-13 00:07:52.533 I/DrmUtils( 2386): found android.hardware.drm@1.2::IDrmFactory widevine
06-13 00:07:52.534 I/DrmUtils( 2386): found android.hardware.drm@1.2::IDrmFactory youtube
06-13 00:07:52.536 I/DrmUtils( 2386): found android.hardware.drm@1.3::IDrmFactory clearkey
06-13 00:07:52.538 I/DrmUtils( 2386): found android.hardware.drm@1.3::IDrmFactory verimatrix
06-13 00:07:52.539 I/DrmUtils( 2386): found android.hardware.drm@1.3::IDrmFactory widevine
06-13 00:07:52.540 I/DrmUtils( 2386): found android.hardware.drm@1.3::IDrmFactory youtube
06-13 00:07:52.541 W/android.hardware.drm@1.3-service.youtube(  360): isCryptoSchemeSupported, false
06-13 00:07:52.542 I/WVCdm   (  359): [app][in.startv.hotstar] calling virtual Return<void> wvdrm::hardware::drm::V1_3::widevine::WVDrmFactory::createPlugin(const hidl_array<uint8_t, 16> &, const android::hardware::hidl_string &, android::hardware::drm::V1_3::IDrmFactory::createPlugin_cb)
06-13 00:07:52.568 I/lowmemorykiller(  231): medium memory pressure event is triggered for new strategy
06-13 00:07:52.568 D/lowmemorykiller(  231): LMKD mp_event_psi kill_reasons available are PRESSURE_AFTER_KILL, NOT_RESPONDING, LOW_SWAP_AND_THRASHING, LOW_MEM_AND_SWAP, LOW_MEM_AND_THRASHING, DIRECT_RECL_AND_THRASHING
06-13 00:07:52.568 D/lowmemorykiller(  231): LMKD mp_event_psi kill_reason received= -1
06-13 00:07:52.599 W/[ 6239.716670@2]  RTW(    0): Turbo EDCA =0xa42b
06-13 00:07:52.611 D/stbdpc  (  403): STB_DPGetNumPaths[570]: num_paths: 1
06-13 00:07:52.668 I/lowmemorykiller(  231): medium memory pressure event is triggered for new strategy
06-13 00:07:52.668 D/lowmemorykiller(  231): LMKD mp_event_psi kill_reasons available are PRESSURE_AFTER_KILL, NOT_RESPONDING, LOW_SWAP_AND_THRASHING, LOW_MEM_AND_SWAP, LOW_MEM_AND_THRASHING, DIRECT_RECL_AND_THRASHING
06-13 00:07:52.668 D/lowmemorykiller(  231): LMKD mp_event_psi kill_reason received= -1
06-13 00:07:52.697 D/MediaCodecInfo( 2386): NoSupport [sizeAndRate.support, 1920x1080x25.0] [c2.android.hevc.decoder, video/hevc] [MSTB, JMSB200A, Jio, 30]
06-13 00:07:52.698 I/chatty  ( 2386): uid=10072(in.startv.hotstar) ExoPlayer:Playb identical 2 lines
06-13 00:07:52.699 D/MediaCodecInfo( 2386): NoSupport [sizeAndRate.support, 1920x1080x25.0] [c2.android.hevc.decoder, video/hevc] [MSTB, JMSB200A, Jio, 30]
06-13 00:07:52.711 E/ocessService0:( 2252): failed to create Unix domain socket: Operation not permitted
06-13 00:07:52.711 D/stbdpc  (  403): STB_DPGetNumPaths[570]: num_paths: 1
06-13 00:07:52.757 D/MediaCodecInfo( 2386): NoSupport [sizeAndRate.support, 1920x1080x25.0] [c2.android.hevc.decoder, video/hevc] [MSTB, JMSB200A, Jio, 30]
06-13 00:07:52.763 I/appium  ( 2282): Took 0ms to retrieve 1 matches for '//android.widget.TextView[@resource-id='in.startv.hotstar:id/title']' XPath2 query
06-13 00:07:52.768 I/lowmemorykiller(  231): medium memory pressure event is triggered for new strategy
06-13 00:07:52.769 D/lowmemorykiller(  231): LMKD mp_event_psi kill_reasons available are PRESSURE_AFTER_KILL, NOT_RESPONDING, LOW_SWAP_AND_THRASHING, LOW_MEM_AND_SWAP, LOW_MEM_AND_THRASHING, DIRECT_RECL_AND_THRASHING
06-13 00:07:52.769 D/lowmemorykiller(  231): LMKD mp_event_psi kill_reason received= -1
06-13 00:07:52.771 I/OMXClient( 2386): IOmx service obtained
06-13 00:07:52.775 I/appium  ( 2282): AppiumResponse: {"sessionId":"207a881d-785c-4220-ae41-3de04f7037ef","value":{"ELEMENT":"00000000-0000-0057-ffff-ffff000000aa","element-6066-11e4-a52e-4f735466cecf":"00000000-0000-0057-ffff-ffff000000aa"}}
06-13 00:07:52.777 I/OMXMaster(  472): makeComponentInstance(OMX.amlogic.hevc.decoder.awesome2) in android.hardwar process
06-13 00:07:52.778 D/OmxComponentManagerImpl(  472): support frame mode
06-13 00:07:52.778 D/OmxComponentManagerImpl(  472): use dv frame mode
06-13 00:07:52.779 D/OmxComponentManagerImpl(  472): support avs frame mode
06-13 00:07:52.779 D/OmxComponentManagerImpl(  472): format support multi-instance
06-13 00:07:52.779 D/OmxComponentManagerImpl(  472): getEntryByName_2_num=0, componentName:OMX.amlogic.hevc.decoder.awesome2
06-13 00:07:52.779 D/omx_video(  472): processName=media.codec
06-13 00:07:52.779 V/AmlogicVideoDecoderAwesome2(  472): [42]AmlogicVideoDecoder2:118 >
06-13 00:07:52.779 V/AmlogicVideoDecoderAwesome2(  472): [42]initializeState_l:1611 >
06-13 00:07:52.779 D/AmlogicVideoDecoderAwesome2(  472): [42]"vendor.media.omx.latency is not set used def=1.000000\n"
06-13 00:07:52.779 D/AmlogicVideoDecoderAwesome2(  472): [42]"vendor.media.omx.frame_numlatency is not set used def=10\n"
06-13 00:07:52.779 D/AmlogicVideoDecoderAwesome2(  472): [42]"vendor.omx.frame_numlimmit is not set used def=20\n"
06-13 00:07:52.779 D/AmlogicVideoDecoderAwesome2(  472): [44]"AmlogicVideoDecoder2, mOmxInstancenum 1, mOmxInstanceID 44"
06-13 00:07:52.779 D/AmlogicVideoDecoderAwesome2(  472): [44]"vendor.omx2.blkmode is not set used def=0\n"
06-13 00:07:52.779 D/AmlogicVideoDecoderAwesome2(  472): [44]"vendor.omx2.maxalloc is not set used def=1\n"
06-13 00:07:52.779 I/AmlogicVideoDecoderAwesome2(  472): [44]"default use NV21"
06-13 00:07:52.779 V/AmlogicVideoPassthrough(  472): [0]AmlogicVideoPassthrough:80 >
06-13 00:07:52.783 I/[ 6239.903549@1]  resman(    0): 64 appname:OMX-52, type=0
06-13 00:07:52.779 D/AmlogicVideoPassthrough(  472): [1]"AmlogicVideoPassthrough, mOmxInstancenum 1, mOmxInstanceID 38"
06-13 00:07:52.781 E/secmem_tz(  472): [Secure_NegotiateVersion:374] Secure_NegotiateVersion 2 2 2 2 2 2
06-13 00:07:52.781 E/secmem_tz(  472): [Secure_NegotiateVersion:384] Negotiated secmem version = 2
06-13 00:07:52.782 W/OmxLogConf(  472): Can not read property media.omx.log_levels, using 0
06-13 00:07:52.782 D/OmxResManage(  472): ResManWrapper OMX-52 init, fd = 12
06-13 00:07:52.782 D/AmlogicVideoDecoderAwesome2(  472): [44]"vendor.media.omx2.out_buffer1 is not set used def=8\n"
06-13 00:07:52.782 D/AmlogicVideoDecoderAwesome2(  472): [44]"out buf:8"
06-13 00:07:52.782 D/AmlogicVideoDecoderAwesome2(  472): [44]"vendor.media.omx2.dw is not set used def=0\n"
06-13 00:07:52.782 D/OmxVideoDecoder(  472): setInputCoding OMX.amlogic.hevc.decoder.awesome2
06-13 00:07:52.782 D/OmxVideoDecoder(  472): mIsLinux49=0, mIsLinux54=1, major=5, minor=4
06-13 00:07:52.782 D/OmxVideoDecoder(  472): multi dec exist
06-13 00:07:52.782 D/OmxVideoDecoder(  472): use dv frame mode
06-13 00:07:52.782 D/OmxVideoDecoder(  472): avs multi dec exist
06-13 00:07:52.782 D/OmxVideoDecoder(  472): Use frame mode for multidec.
06-13 00:07:52.783 D/OmxVideoDecoder(  472): Use min out buffer size
06-13 00:07:52.783 D/OmxVideoDecoder(  472): mSupportPiPVideo = 1
06-13 00:07:52.783 D/OmxVideoDecoder(  472): mMustOsdDisplay 0, mAmVideoUsed=0, mSupportPiPVideo=1, mPipVideoUsed=0, mVideoUsedByOmx=0
06-13 00:07:52.783 D/OMX-VENDOR-EXT(  472): OMX.amlogic.hevc.decoder.awesome2 : Vendor extensions supported (17)
06-13 00:07:52.783 D/OMX-VENDOR-EXT(  472):    vendor.4k-osd{{ enable : Int32 },  }
06-13 00:07:52.783 D/OMX-VENDOR-EXT(  472):    vendor.video-trickmode{{ enable : Int32 },  }
06-13 00:07:52.783 D/OMX-VENDOR-EXT(  472):    vendor.unstable-pts{{ enable : Int32 },  }
06-13 00:07:52.783 D/OMX-VENDOR-EXT(  472):    vendor.is-mvc{{ enable : Int32 },  }
06-13 00:07:52.783 D/OMX-VENDOR-EXT(  472):    vendor.is-flv{{ nContainIndex : Int32 },  }
06-13 00:07:52.783 D/OMX-VENDOR-EXT(  472):    vendor.dvconfig-box{{ disable : Int32 },  }
06-13 00:07:52.783 D/OMX-VENDOR-EXT(  472):    vendor.profile-level{{ n-profile : Int32 },  { n-level : Int32 },  }
06-13 00:07:52.783 D/OMX-VENDOR-EXT(  472):    vendor.nrdp{{ video-peek-in-tunnel : Int32 },  }
06-13 00:07:52.783 D/OMX-VENDOR-EXT(  472):    vendor.low-latency{{ enable : Int32 },  }
06-13 00:07:52.783 D/OMX-VENDOR-EXT(  472):    vendor.save-mem{{ enable : Int32 },  }
06-13 00:07:52.783 D/OMX-VENDOR-EXT(  472):    vendor.videoLayer{{ type : Int32 },  }
06-13 00:07:52.783 D/OMX-VENDOR-EXT(  472):    vendor.renderByOmx{{ enable : Int32 },  }
06-13 00:07:52.783 D/OMX-VENDOR-EXT(  472):    vendor.tunerhal{{ video-filter-id : Int32 },  { hw-av-sync-id : Int32 },  }
06-13 00:07:52.783 D/OMX-VENDOR-EXT(  472):    vendor.VideoQos{{ info : String },  }
06-13 00:07:52.783 D/OMX-VENDOR-EXT(  472):    vendor.rotation-angle{{ angle : Int32 },  }
06-13 00:07:52.783 D/OMX-VENDOR-EXT(  472):    vendor.McodecReport{{ info : String },  }
06-13 00:07:52.783 D/OMX-VENDOR-EXT(  472):    vendor.START.low-latency{{ enable : Int32 },  }
06-13 00:07:52.783 D/OmxVideoDecoder(  472): video type 11 support v4l2, use omx2
06-13 00:07:52.784 D/OmxVideoDecoder(  472): processName=media.codec
06-13 00:07:52.784 D/OmxComponentManagerImpl(  472): IncreaseEntryNumByName pEntry->mNum=0, pEntry->mMaxNum:9,componentName:OMX.amlogic.hevc.decoder.awesome2
06-13 00:07:52.784 I/omx_core(  472): OMX_getHandle_num=1
06-13 00:07:52.784 D/OmxComponent(  472): mApkName=media.codec
06-13 00:07:52.787 D/SurfaceUtils( 2386): connecting to surface 0xb8c55c08, reason connectToSurface
06-13 00:07:52.787 I/MediaCodec( 2386): [OMX.amlogic.hevc.decoder.awesome2] setting surface generation to 2443265
06-13 00:07:52.787 D/SurfaceUtils( 2386): disconnecting from surface 0xb8c55c08, reason connectToSurface(reconnect)
06-13 00:07:52.787 D/SurfaceUtils( 2386): connecting to surface 0xb8c55c08, reason connectToSurface(reconnect)
06-13 00:07:52.788 I/AmAVUtils( 2386): AmAVUtils::getComponentRole isEncoder :0 mime:video/hevc 
06-13 00:07:52.788 V/MediaVendorExt( 2386): AVUtils::getComponentRole
06-13 00:07:52.788 I/MediaVendorExt( 2386): AmAVUtils::getComponentRole isEncoder :0 mime:video/hevc 
06-13 00:07:52.788 D/OmxVideoDecoder(  472): setParameter 1599 0x1000017
06-13 00:07:52.788 D/OmxVideoDecoder(  472): setInputCoding video_decoder.hevc
06-13 00:07:52.788 D/OmxComponent(  472): getExtensionIndex 1237 name="OMX.google.android.index.enableAndroidNativeBuffers"
06-13 00:07:52.788 D/OmxVideoDecoder(  472): setParameter 1599 0x7f000000
06-13 00:07:52.788 V/OmxVideoDecoder(  472): setParameter 2201 EnableNativeBuffers 1
06-13 00:07:52.788 V/OmxVideoDecoder(  472): updatePort mUseNativeBuffers 1
06-13 00:07:52.788 V/OmxVideoDecoder(  472): nWidth=640,nHeight=480, nMinbufs=0
06-13 00:07:52.788 D/OmxComponent(  472): getExtensionIndex 1237 name="OMX.google.android.index.allocateNativeHandle"
06-13 00:07:52.788 D/OmxVideoDecoder(  472): setParameter 1599 0x7f00000a
06-13 00:07:52.788 E/OMXNodeInstance(  472): setParameter(0xecd9b438:amlogic.hevc.decoder.awesome2, OMX.google.android.index.allocateNativeHandle(0x7f00000a): Output:1 en=0) ERROR: UnsupportedSetting(0x80001019)
06-13 00:07:52.788 D/OmxComponent(  472): getExtensionIndex 1237 name="OMX.google.android.index.storeANWBufferInMetadata"
06-13 00:07:52.788 D/OmxVideoDecoder(  472): setParameter 1599 0x7f00000d
06-13 00:07:52.788 D/OmxVideoDecoder(  472): setParameter 2221 OMX_GoogleAndroidStoreANWBufferInMetadata
06-13 00:07:52.788 V/OmxVideoDecoder(  472): mUseStoreANWBufferInMetadata=1
06-13 00:07:52.789 E/OMXNodeInstance(  472): getParameter(0xecd9b438:amlogic.hevc.decoder.awesome2, ??(0x6f600011)) ERROR: UnsupportedIndex(0x8000101a)
06-13 00:07:52.789 D/OmxVideoDecoder(  472): setParameter 1599 0x6000001
06-13 00:07:52.789 D/OmxVideoDecoder(  472): setParameter nPortIndex 0 CompFmt 0xb ColorFmt 0
06-13 00:07:52.789 D/OmxVideoDecoder(  472): setParameter 1599 0x6000001
06-13 00:07:52.789 D/OmxVideoDecoder(  472): setParameter nPortIndex 1 CompFmt 0 ColorFmt 0x11
06-13 00:07:52.789 I/OmxVideoDecoder(  472): getParameter Component Name OMX.amlogic.hevc.decoder.awesome2, width 640, height 480 nBufferCountMin:3
06-13 00:07:52.789 D/OmxVideoDecoder(  472): setParameter 1599 0x2000001
06-13 00:07:52.789 D/OmxVideoDecoder(  472): setParameter nPortIndex 0 nFrameWidth 1920 nFrameHeight 1080 nSliceHeight 16
06-13 00:07:52.789 E/OmxVideoDecoder(  472):  reset input buffer:2073600
06-13 00:07:52.789 V/OmxVideoDecoder(  472): updatePort mUseNativeBuffers 1
06-13 00:07:52.789 V/OmxVideoDecoder(  472): nWidth=640,nHeight=480, nMinbufs=0
06-13 00:07:52.789 I/OmxVideoDecoder(  472): getParameter Component Name OMX.amlogic.hevc.decoder.awesome2, width 640, height 480 nBufferCountMin:8
06-13 00:07:52.790 D/OmxVideoDecoder(  472): setParameter 1599 0x2000001
06-13 00:07:52.790 D/OmxVideoDecoder(  472): adaptiveplayback default set w*d: 4096*2304
06-13 00:07:52.790 D/OmxVideoDecoder(  472): media.omx.display_mode=3
06-13 00:07:52.790 D/OmxVideoDecoder(  472): mjpeg vc1 wmv wmv3 force display_mode=3
06-13 00:07:52.790 D/OmxVideoDecoder(  472): choose mVideoUsedByOmx=0, mVideoUsedByThis=0, mAmVideoUsed=0
06-13 00:07:52.790 D/OmxVideoDecoder(  472): mDisplayMode = DISPLAY_MODE_V4LVIDEO
06-13 00:07:52.790 D/OmxVideoDecoder(  472): choose mDisplayMode=3
06-13 00:07:52.790 D/OmxVideoDecoder(  472): setParameter nPortIndex 1 nFrameWidth 1920 nFrameHeight 1080 nSliceHeight 1080
06-13 00:07:52.790 V/OmxVideoDecoder(  472): updatePort mUseNativeBuffers 1
06-13 00:07:52.790 V/OmxVideoDecoder(  472): nWidth=1920,nHeight=1080, nMinbufs=0
06-13 00:07:52.790 D/OmxComponent(  472): getExtensionIndex 1237 name="OMX.google.android.index.describeColorAspects"
06-13 00:07:52.790 D/OmxComponent(  472): getExtensionIndex 1237 name="OMX.google.android.index.storeMetaDataInBuffers"
06-13 00:07:52.790 D/OmxComponent(  472): getExtensionIndex 1237 name="OMX.google.android.index.storeANWBufferInMetadata"
06-13 00:07:52.790 D/OmxComponent(  472): getExtensionIndex 1237 name="OMX.google.android.index.prepareForAdaptivePlayback"
06-13 00:07:52.790 D/OmxComponent(  472): getExtensionIndex 1237 name="OMX.google.android.index.configureVideoTunnelMode"
06-13 00:07:52.790 D/OmxComponent(  472): getExtensionIndex 1237 name="OMX.google.android.index.useAndroidNativeBuffer2"
06-13 00:07:52.790 D/OmxComponent(  472): getExtensionIndex 1237 name="OMX.google.android.index.useAndroidNativeBuffer"
06-13 00:07:52.790 D/OmxComponent(  472): getExtensionIndex 1237 name="OMX.google.android.index.enableAndroidNativeBuffers"
06-13 00:07:52.790 D/OmxComponent(  472): getExtensionIndex 1237 name="OMX.google.android.index.allocateNativeHandle"
06-13 00:07:52.790 D/OmxComponent(  472): getExtensionIndex 1237 name="OMX.google.android.index.getAndroidNativeBufferUsage"
06-13 00:07:52.790 D/OmxVideoDecoder(  472): setConfig 3009 0x7f00000c
06-13 00:07:52.791 D/OmxComponent(  472): getExtensionIndex 1237 name="OMX.google.android.index.describeHDRStaticInfo"
06-13 00:07:52.791 D/OmxComponent(  472): getExtensionIndex 1237 name="OMX.google.android.index.describeHDR10PlusInfo"
06-13 00:07:52.792 D/OmxVideoDecoder(  472): setConfig 3009 0x7f000009
06-13 00:07:52.792 D/OmxVideoDecoder(  472): HDRStaticInfo: R=0 0; G=0 0; B=0 0; W=0 0; MaxDisplayLuminance:0, MinDisplayLuminance=0, mMaxContentLightLevel=0, MaxContentLightLevel=0
06-13 00:07:52.792 D/OmxVideoDecoder(  472): HDRStaticInfo: all parmeter is 0, set mHasHDRStaticInfo to false
06-13 00:07:52.792 I/AmAVUtils( 2386): AmAVUtils::isAudioExtendFormat input = video/hevc
06-13 00:07:52.792 I/AmAVUtils( 2386): AmAVUtils::isExtendFormat input = video/hevc
06-13 00:07:52.792 I/OmxVideoDecoder(  472): getParameter Component Name OMX.amlogic.hevc.decoder.awesome2, width 1920, height 1080 nBufferCountMin:3
06-13 00:07:52.792 D/OmxVideoDecoder(  472): setConfig 3009 0x6f800002
06-13 00:07:52.792 V/OmxVideoDecoder(  472): setConfig 3192 nIndex 0x6f800002
06-13 00:07:52.792 D/OmxComponent(  472): setConfig 1230
06-13 00:07:52.793 E/OMXNodeInstance(  472): setConfig(0xecd9b438:amlogic.hevc.decoder.awesome2, ConfigPriority(0x6f800002)) ERROR: UnsupportedIndex(0x8000101a)
06-13 00:07:52.793 I/ACodec  ( 2386): codec does not support config priority (err -1010)
06-13 00:07:52.793 I/OmxVideoDecoder(  472): getParameter Component Name OMX.amlogic.hevc.decoder.awesome2, width 1920, height 1080 nBufferCountMin:3
06-13 00:07:52.793 D/OmxVideoDecoder(  472): getConfig 2867 0x6f100004
06-13 00:07:52.793 V/OmxVideoDecoder(  472): VendorExt: getConfig: index=0 (4k-osd)
06-13 00:07:52.793 D/OmxVideoDecoder(  472): getConfig 2867 0x6f100004
06-13 00:07:52.793 V/OmxVideoDecoder(  472): VendorExt: getConfig: index=1 (video-trickmode)
06-13 00:07:52.794 D/OmxVideoDecoder(  472): getConfig 2867 0x6f100004
06-13 00:07:52.794 V/OmxVideoDecoder(  472): VendorExt: getConfig: index=2 (unstable-pts)
06-13 00:07:52.795 D/OmxVideoDecoder(  472): getConfig 2867 0x6f100004
06-13 00:07:52.795 V/OmxVideoDecoder(  472): VendorExt: getConfig: index=3 (is-mvc)
06-13 00:07:52.795 D/OmxVideoDecoder(  472): getConfig 2867 0x6f100004
06-13 00:07:52.795 V/OmxVideoDecoder(  472): VendorExt: getConfig: index=4 (is-flv)
06-13 00:07:52.795 D/OmxVideoDecoder(  472): getConfig 2867 0x6f100004
06-13 00:07:52.795 V/OmxVideoDecoder(  472): VendorExt: getConfig: index=5 (dvconfig-box)
06-13 00:07:52.796 D/OmxVideoDecoder(  472): getConfig 2867 0x6f100004
06-13 00:07:52.796 V/OmxVideoDecoder(  472): VendorExt: getConfig: index=6 (profile-level)
06-13 00:07:52.796 D/OmxVideoDecoder(  472): getConfig 2867 0x6f100004
06-13 00:07:52.796 V/OmxVideoDecoder(  472): VendorExt: getConfig: index=6 (profile-level)
06-13 00:07:52.797 D/OmxVideoDecoder(  472): getConfig 2867 0x6f100004
06-13 00:07:52.797 V/OmxVideoDecoder(  472): VendorExt: getConfig: index=7 (nrdp)
06-13 00:07:52.797 D/OmxVideoDecoder(  472): getConfig 2867 0x6f100004
06-13 00:07:52.797 V/OmxVideoDecoder(  472): VendorExt: getConfig: index=8 (low-latency)
06-13 00:07:52.797 D/OmxVideoDecoder(  472): getConfig 2867 0x6f100004
06-13 00:07:52.797 V/OmxVideoDecoder(  472): VendorExt: getConfig: index=9 (save-mem)
06-13 00:07:52.797 D/OmxVideoDecoder(  472): getConfig 2867 0x6f100004
06-13 00:07:52.797 V/OmxVideoDecoder(  472): VendorExt: getConfig: index=10 (videoLayer)
06-13 00:07:52.798 D/OmxVideoDecoder(  472): getConfig 2867 0x6f100004
06-13 00:07:52.798 V/OmxVideoDecoder(  472): VendorExt: getConfig: index=11 (renderByOmx)
06-13 00:07:52.798 D/OmxVideoDecoder(  472): getConfig 2867 0x6f100004
06-13 00:07:52.798 V/OmxVideoDecoder(  472): VendorExt: getConfig: index=12 (tunerhal)
06-13 00:07:52.798 D/OmxVideoDecoder(  472): getConfig 2867 0x6f100004
06-13 00:07:52.798 V/OmxVideoDecoder(  472): VendorExt: getConfig: index=12 (tunerhal)
06-13 00:07:52.798 D/OmxVideoDecoder(  472): getConfig 2867 0x6f100004
06-13 00:07:52.798 V/OmxVideoDecoder(  472): VendorExt: getConfig: index=13 (VideoQos)
06-13 00:07:52.798 D/OmxVideoDecoder(  472): getConfig 2867 0x6f100004
06-13 00:07:52.798 V/OmxVideoDecoder(  472): VendorExt: getConfig: index=14 (rotation-angle)
06-13 00:07:52.799 D/OmxVideoDecoder(  472): getConfig 2867 0x6f100004
06-13 00:07:52.799 V/OmxVideoDecoder(  472): VendorExt: getConfig: index=15 (McodecReport)
06-13 00:07:52.799 D/OmxVideoDecoder(  472): mMcodecReport=0 mPeer.get=0xecda4000
06-13 00:07:52.799 D/OmxVideoDecoder(  472): getConfig 2867 0x6f100004
06-13 00:07:52.799 V/OmxVideoDecoder(  472): VendorExt: getConfig: index=16 (START.low-latency)
06-13 00:07:52.799 D/OmxVideoDecoder(  472): getConfig 2867 0x6f100004
06-13 00:07:52.800 V/OmxVideoDecoder(  472): updatePort mUseNativeBuffers 1
06-13 00:07:52.800 V/OmxVideoDecoder(  472): nWidth=1920,nHeight=1080, nMinbufs=0
06-13 00:07:52.800 I/OmxVideoDecoder(  472): getParameter Component Name OMX.amlogic.hevc.decoder.awesome2, width 1920, height 1080 nBufferCountMin:8
06-13 00:07:52.800 D/OmxVideoDecoder(  472): getConfig 2867 0x700000f
06-13 00:07:52.800 D/OmxVideoDecoder(  472): getConfig 2870 nIndex 0x700000f
06-13 00:07:52.800 I/AmlogicVideoDecoderAwesome2(  472): [44]"getAndroidNativeBufferCrop [1920 x 1080] \n"
06-13 00:07:52.800 D/OmxVideoDecoder(  472): getConfig OMX_IndexConfigCommonOutputCrop pRect->nWidth=1920, pRect->nHeight=1080
06-13 00:07:52.800 D/OmxVideoDecoder(  472): setConfig 3009 0x7f00000c
06-13 00:07:52.801 D/OmxVideoDecoder(  472): getConfig 2867 0x7f00000c
06-13 00:07:52.801 D/OmxVideoDecoder(  472): getConfig 2867 0x7f00000c
06-13 00:07:52.801 E/OMXNodeInstance(  472): getConfig(0xecd9b438:amlogic.hevc.decoder.awesome2, ??(0x7f00000c)) ERROR: UnsupportedSetting(0x80001019)
06-13 00:07:52.801 D/OmxVideoDecoder(  472): getConfig 2867 0x7f000009
06-13 00:07:52.802 D/OmxVideoDecoder(  472): getConfig 2867 0x6f100004
06-13 00:07:52.802 V/OmxVideoDecoder(  472): VendorExt: getConfig: index=0 (4k-osd)
06-13 00:07:52.802 D/OmxVideoDecoder(  472): getConfig 2867 0x6f100004
06-13 00:07:52.802 V/OmxVideoDecoder(  472): VendorExt: getConfig: index=1 (video-trickmode)
06-13 00:07:52.802 D/OmxVideoDecoder(  472): getConfig 2867 0x6f100004
06-13 00:07:52.802 V/OmxVideoDecoder(  472): VendorExt: getConfig: index=2 (unstable-pts)
06-13 00:07:52.803 D/OmxVideoDecoder(  472): getConfig 2867 0x6f100004
06-13 00:07:52.803 V/OmxVideoDecoder(  472): VendorExt: getConfig: index=3 (is-mvc)
06-13 00:07:52.803 D/OmxVideoDecoder(  472): getConfig 2867 0x6f100004
06-13 00:07:52.803 V/OmxVideoDecoder(  472): VendorExt: getConfig: index=4 (is-flv)
06-13 00:07:52.803 D/OmxVideoDecoder(  472): getConfig 2867 0x6f100004
06-13 00:07:52.803 V/OmxVideoDecoder(  472): VendorExt: getConfig: index=5 (dvconfig-box)
06-13 00:07:52.803 D/OmxVideoDecoder(  472): getConfig 2867 0x6f100004
06-13 00:07:52.803 V/OmxVideoDecoder(  472): VendorExt: getConfig: index=6 (profile-level)
06-13 00:07:52.804 D/OmxVideoDecoder(  472): getConfig 2867 0x6f100004
06-13 00:07:52.804 V/OmxVideoDecoder(  472): VendorExt: getConfig: index=6 (profile-level)
06-13 00:07:52.804 D/OmxVideoDecoder(  472): getConfig 2867 0x6f100004
06-13 00:07:52.804 V/OmxVideoDecoder(  472): VendorExt: getConfig: index=7 (nrdp)
06-13 00:07:52.804 D/OmxVideoDecoder(  472): getConfig 2867 0x6f100004
06-13 00:07:52.804 V/OmxVideoDecoder(  472): VendorExt: getConfig: index=8 (low-latency)
06-13 00:07:52.804 D/OmxVideoDecoder(  472): getConfig 2867 0x6f100004
06-13 00:07:52.847 I/[ 6239.967352@0]  resman(    0): 64 acquire [decoder], preempt yes
06-13 00:07:52.847 I/[ 6239.967363@0]  resman(    0): 64 acquire [decoder] success
06-13 00:07:52.847 I/[ 6239.967396@0]  resman(    0): 64 acquire [codec_mm], preempt yes
06-13 00:07:52.847 I/[ 6239.967405@0]  resman(    0): 64 score 60 secure no
06-13 00:07:52.847 I/[ 6239.967411@0]  resman(    0): 64 acquire [codec_mm] success
06-13 00:07:52.804 V/OmxVideoDecoder(  472): VendorExt: getConfig: index=9 (save-mem)
06-13 00:07:52.804 D/OmxVideoDecoder(  472): getConfig 2867 0x6f100004
06-13 00:07:52.804 V/OmxVideoDecoder(  472): VendorExt: getConfig: index=10 (videoLayer)
06-13 00:07:52.804 D/OmxVideoDecoder(  472): getConfig 2867 0x6f100004
06-13 00:07:52.804 V/OmxVideoDecoder(  472): VendorExt: getConfig: index=11 (renderByOmx)
06-13 00:07:52.804 D/OmxVideoDecoder(  472): getConfig 2867 0x6f100004
06-13 00:07:52.805 V/OmxVideoDecoder(  472): VendorExt: getConfig: index=12 (tunerhal)
06-13 00:07:52.805 D/OmxVideoDecoder(  472): getConfig 2867 0x6f100004
06-13 00:07:52.805 V/OmxVideoDecoder(  472): VendorExt: getConfig: index=12 (tunerhal)
06-13 00:07:52.805 D/OmxVideoDecoder(  472): getConfig 2867 0x6f100004
06-13 00:07:52.805 V/OmxVideoDecoder(  472): VendorExt: getConfig: index=13 (VideoQos)
06-13 00:07:52.805 D/OmxVideoDecoder(  472): getConfig 2867 0x6f100004
06-13 00:07:52.805 V/OmxVideoDecoder(  472): VendorExt: getConfig: index=14 (rotation-angle)
06-13 00:07:52.805 D/OmxVideoDecoder(  472): getConfig 2867 0x6f100004
06-13 00:07:52.805 V/OmxVideoDecoder(  472): VendorExt: getConfig: index=15 (McodecReport)
06-13 00:07:52.805 D/OmxVideoDecoder(  472): mMcodecReport=0 mPeer.get=0xecda4000
06-13 00:07:52.805 D/OmxVideoDecoder(  472): getConfig 2867 0x6f100004
06-13 00:07:52.805 V/OmxVideoDecoder(  472): VendorExt: getConfig: index=16 (START.low-latency)
06-13 00:07:52.806 D/OmxVideoDecoder(  472): getConfig 2867 0x6f100004
06-13 00:07:52.806 I/OmxComponent(  472): OMX_CommandStateSet 850 Cmd 0 nParam1 0x2
06-13 00:07:52.806 I/OmxComponent(  472): OMX-52 STATE_SET:   OMX_StateLoaded => OMX_StateIdle : OMX.amlogic.hevc.decoder.awesome2
06-13 00:07:52.806 I/OmxComponent(  472): OMX-52 STATE_TRANS: OMX_StateLoaded => OMX_StateIdle : OMX.amlogic.hevc.decoder.awesome2
06-13 00:07:52.806 I/OmxVideoDecoder(  472): getParameter Component Name OMX.amlogic.hevc.decoder.awesome2, width 1920, height 1080 nBufferCountMin:3
