06-13 00:16:36.895 E/FMQ     (  479): grantorIdx must be less than 3
06-13 00:16:36.897 I/CCodecBufferChannel( 6154): [c2.android.mp3.decoder#804] Created output block pool with allocatorID 16 => poolID 68 - OK
06-13 00:16:36.897 D/CCodecBufferChannel( 6154): [c2.android.mp3.decoder#804] Configured output block pool ids 68 => OK
06-13 00:16:36.898 E/ion     ( 6154): ioctl c0044901 failed with code -1: Inappropriate ioctl for device
06-13 00:16:36.901 D/SimpleC2Component(  479): Using output block pool with poolID 68 => got 68 - 0
06-13 00:16:36.905 D/stbdpc  (  403): STB_DPGetNumPaths[570]: num_paths: 1
06-13 00:16:36.909 W/APM::AudioPolicyEngine(  391): getDevicesForStrategy() unknown strategy: -1
06-13 00:16:36.910 W/APM::AudioPolicyEngine(  391): getDevicesForStrategy() unknown strategy: -1
06-13 00:16:36.913 E/FMQ     ( 6154): grantorIdx must be less than 3
06-13 00:16:36.914 E/FMQ     (  479): grantorIdx must be less than 3
06-13 00:16:36.917 I/C2SoftMp3Dec(  479): Reconfiguring decoder: 0->48000 Hz, 0->1 channels
06-13 00:16:36.918 E/FMQ     (  479): grantorIdx must be less than 3
06-13 00:16:36.919 E/FMQ     ( 6154): grantorIdx must be less than 3
06-13 00:16:36.922 I/system_server(  637): oneway function results will be dropped but finished with status OK and parcel size 4
06-13 00:16:36.924 D/CCodecBuffers( 6154): [c2.android.mp3.decoder#804:Output[N]] popFromStashAndRegister: output format changed to AMessage(what = 0x00000000) = {
06-13 00:16:36.924 D/CCodecBuffers( 6154):   int32_t channel-count = 1
06-13 00:16:36.924 D/CCodecBuffers( 6154):   string mime = "audio/raw"
06-13 00:16:36.924 D/CCodecBuffers( 6154):   int32_t sample-rate = 48000
06-13 00:16:36.924 D/CCodecBuffers( 6154):   int32_t encoder-delay = 576
06-13 00:16:36.924 D/CCodecBuffers( 6154):   int32_t encoder-padding = 1152
06-13 00:16:36.924 D/CCodecBuffers( 6154): }
06-13 00:16:36.959 I/lowmemorykiller(  231): medium memory pressure event is triggered for new strategy
06-13 00:16:36.959 D/lowmemorykiller(  231): LMKD mp_event_psi kill_reasons available are PRESSURE_AFTER_KILL, NOT_RESPONDING, LOW_SWAP_AND_THRASHING, LOW_MEM_AND_SWAP, LOW_MEM_AND_THRASHING, DIRECT_RECL_AND_THRASHING
06-13 00:16:36.959 D/lowmemorykiller(  231): LMKD mp_event_psi kill_reason received= -1
06-13 00:16:36.967 I/hwservicemanager(  233): getTransport: Cannot find entry android.hardware.configstore@1.0::ISurfaceFlingerConfigs/default in either framework or device manifest.
06-13 00:16:36.979 W/[ 6764.089022@0]  RTW(    0): fill_default_txdesc(wlan0): SP Packet(0x0806) rate=0x4 SeqNum = 1739
06-13 00:16:36.982 D/ltts_ip_emm(  403): LTTS_IP_DMXStartEMM[381]: parse_emm_cat_status failed
06-13 00:16:37.005 D/stbdpc  (  403): STB_DPGetNumPaths[570]: num_paths: 1
06-13 00:16:37.042 D/uncher.relianc( 1786): PlayerBase::stop() from IPlayer
06-13 00:16:37.042 D/AudioTrack( 1786): stop(85): called with 7533 frames delivered
06-13 00:16:37.059 I/lowmemorykiller(  231): medium memory pressure event is triggered for new strategy
06-13 00:16:37.059 D/lowmemorykiller(  231): LMKD mp_event_psi kill_reasons available are PRESSURE_AFTER_KILL, NOT_RESPONDING, LOW_SWAP_AND_THRASHING, LOW_MEM_AND_SWAP, LOW_MEM_AND_THRASHING, DIRECT_RECL_AND_THRASHING
06-13 00:16:37.060 D/lowmemorykiller(  231): LMKD mp_event_psi kill_reason received= -1
06-13 00:16:37.071 D/JioStbInactivityTimer(  936): Timer: count 69 warningTimeout:10680 timeout:10800
06-13 00:16:37.071 D/JioStbInactivityTimer(  936): isUserActive: Curr:6694131 Prev:6694131
06-13 00:16:37.074 I/OpenGLRenderer( 6154): Davey! duration=924ms; Flags=1, IntendedVsync=6763257267305, Vsync=6763957967291, OldestInputEvent=9223372036854775807, NewestInputEvent=0, HandleInputStart=6763969718390, AnimationStart=6763969722265, PerformTraversalsStart=6763969785806, DrawStart=6764134600348, SyncQueued=6764135574432, SyncStart=6764145000265, IssueDrawCommandsStart=6764145165765, SwapBuffers=6764188514390, FrameCompleted=6764191368348, DequeueBufferDuration=4566209, QueueBufferDuration=1495334, GpuCompleted=0, 
06-13 00:16:37.079 V/DigitalSignage(  637): Package Name: null
06-13 00:16:37.079 V/DigitalSignage(  637): Left: 0
06-13 00:16:37.079 V/DigitalSignage(  637): Right: 0
06-13 00:16:37.079 V/DigitalSignage(  637): Top: 0
06-13 00:16:37.079 V/DigitalSignage(  637): Bottom: 0
06-13 00:16:37.079 D/DigitalSignage(  637): else - Package Name :: null left : 0 right :: 0 top :: 0 bottom :: 0 dfu-right :: 1920 dfu-bottom :: 1080
06-13 00:16:37.079 V/DigitalSignage(  637): Package Name: null
06-13 00:16:37.079 V/DigitalSignage(  637): Left: 0
06-13 00:16:37.079 V/DigitalSignage(  637): Right: 0
06-13 00:16:37.079 V/DigitalSignage(  637): Top: 0
06-13 00:16:37.079 V/DigitalSignage(  637): Bottom: 0
06-13 00:16:37.080 D/DigitalSignage(  637): else - Package Name :: null left : 0 right :: 0 top :: 0 bottom :: 0 dfu-right :: 1920 dfu-bottom :: 1080
06-13 00:16:37.083 V/DigitalSignage(  637): Package Name: null
06-13 00:16:37.083 V/DigitalSignage(  637): Left: 0
06-13 00:16:37.083 V/DigitalSignage(  637): Right: 0
06-13 00:16:37.084 V/DigitalSignage(  637): Top: 0
06-13 00:16:37.084 V/DigitalSignage(  637): Bottom: 0
06-13 00:16:37.084 D/DigitalSignage(  637): else - Package Name :: null left : 0 right :: 0 top :: 0 bottom :: 0 dfu-right :: 1920 dfu-bottom :: 1080
06-13 00:16:37.084 V/DigitalSignage(  637): Package Name: null
06-13 00:16:37.084 V/DigitalSignage(  637): Left: 0
06-13 00:16:37.084 V/DigitalSignage(  637): Right: 0
06-13 00:16:37.084 V/DigitalSignage(  637): Top: 0
06-13 00:16:37.084 V/DigitalSignage(  637): Bottom: 0
06-13 00:16:37.084 D/DigitalSignage(  637): else - Package Name :: null left : 0 right :: 0 top :: 0 bottom :: 0 dfu-right :: 1920 dfu-bottom :: 1080
06-13 00:16:37.086 D/SessionLifecycleService( 6154): Service bound to new client on process 6154
06-13 00:16:37.090 D/SessionLifecycleService( 6154): App has not yet foregrounded. Using previously stored session.
06-13 00:16:37.090 D/SessionLifecycleService( 6154): Client android.os.Messenger@7123349 bound at 6764203. Clients: 1
06-13 00:16:37.105 D/stbdpc  (  403): STB_DPGetNumPaths[570]: num_paths: 1
06-13 00:16:37.151 E/ocessService0:( 2252): failed to create Unix domain socket: Operation not permitted
06-13 00:16:37.160 I/lowmemorykiller(  231): medium memory pressure event is triggered for new strategy
06-13 00:16:37.160 D/lowmemorykiller(  231): LMKD mp_event_psi kill_reasons available are PRESSURE_AFTER_KILL, NOT_RESPONDING, LOW_SWAP_AND_THRASHING, LOW_MEM_AND_SWAP, LOW_MEM_AND_THRASHING, DIRECT_RECL_AND_THRASHING
06-13 00:16:37.160 D/lowmemorykiller(  231): LMKD mp_event_psi kill_reason received= -1
06-13 00:16:37.182 V/DigitalSignage(  637): Package Name: null
06-13 00:16:37.182 V/DigitalSignage(  637): Left: 0
06-13 00:16:37.182 V/DigitalSignage(  637): Right: 0
06-13 00:16:37.182 V/DigitalSignage(  637): Top: 0
06-13 00:16:37.182 V/DigitalSignage(  637): Bottom: 0
06-13 00:16:37.185 D/DigitalSignage(  637): else - Package Name :: null left : 0 right :: 0 top :: 0 bottom :: 0 dfu-right :: 1920 dfu-bottom :: 1080
06-13 00:16:37.186 V/DigitalSignage(  637): Package Name: null
06-13 00:16:37.186 V/DigitalSignage(  637): Left: 0
06-13 00:16:37.186 V/DigitalSignage(  637): Right: 0
06-13 00:16:37.186 V/DigitalSignage(  637): Top: 0
06-13 00:16:37.189 V/DigitalSignage(  637): Bottom: 0
06-13 00:16:37.190 D/DigitalSignage(  637): else - Package Name :: null left : 0 right :: 0 top :: 0 bottom :: 0 dfu-right :: 1920 dfu-bottom :: 1080
06-13 00:16:37.192 V/FileLogTree( 6154): Successfully created log file /data/user/0/in.startv.hotstar/files/logs/HotStarLogs1749753997186.log
06-13 00:16:37.194 I/android.hardware.power-service.libperfmgr(  369): Power setBoost: INTERACTION duration: 0
06-13 00:16:37.194 I/libperfmgr(  369): Do Powerhint: INTERACTION
06-13 00:16:37.200 I/system_server(  637): oneway function results will be dropped but finished with status OK and parcel size 4
06-13 00:16:37.203 W/APM::AudioPolicyEngine(  391): getDevicesForStrategy() unknown strategy: -1
06-13 00:16:37.206 D/stbdpc  (  403): STB_DPGetNumPaths[570]: num_paths: 1
06-13 00:16:37.211 W/APM::AudioPolicyEngine(  391): getDevicesForStrategy() unknown strategy: -1
06-13 00:16:37.212 W/APM::AudioPolicyEngine(  391): getDevicesForStrategy() unknown strategy: -1
06-13 00:16:37.263 I/lowmemorykiller(  231): medium memory pressure event is triggered for new strategy
06-13 00:16:37.263 D/lowmemorykiller(  231): LMKD mp_event_psi kill_reasons available are PRESSURE_AFTER_KILL, NOT_RESPONDING, LOW_SWAP_AND_THRASHING, LOW_MEM_AND_SWAP, LOW_MEM_AND_THRASHING, DIRECT_RECL_AND_THRASHING
06-13 00:16:37.263 D/lowmemorykiller(  231): LMKD mp_event_psi kill_reason received= -1
06-13 00:16:37.267 I/ActivityTaskManager(  637): Displayed in.startv.hotstar/com.hotstar.MainActivity: +1s840ms
06-13 00:16:37.302 D/CCodecBufferChannel( 6154): [c2.android.mp3.decoder#804] MediaCodec discarded an unknown buffer
06-13 00:16:37.306 D/stbdpc  (  403): STB_DPGetNumPaths[570]: num_paths: 1
06-13 00:16:37.306 I/hw-BpHwBinder( 6154): onLastStrongRef automatically unlinking death recipients
06-13 00:16:37.307 I/hw-BpHwBinder(  479): onLastStrongRef automatically unlinking death recipients
06-13 00:16:37.313 V/C2Store (  479): in ~ComponentModule
06-13 00:16:37.313 V/C2Store (  479): unloading dll
06-13 00:16:37.346 V/DigitalSignage(  637): Package Name: null
06-13 00:16:37.347 V/DigitalSignage(  637): Left: 0
06-13 00:16:37.347 V/DigitalSignage(  637): Right: 0
06-13 00:16:37.347 V/DigitalSignage(  637): Top: 0
06-13 00:16:37.347 V/DigitalSignage(  637): Bottom: 0
06-13 00:16:37.347 D/DigitalSignage(  637): else - Package Name :: null left : 0 right :: 0 top :: 0 bottom :: 0 dfu-right :: 1920 dfu-bottom :: 1080
06-13 00:16:37.350 D/rtk_heartbeat(  350): heartbeat_timed_out: heartbeatCmdCount = 6742, expected nextSeqNum = 6742
06-13 00:16:37.352 D/rtk_heartbeat(  350): rtkbt_heartbeat_cmpl_cback: Current SeqNum = 6742,should SeqNum=6742, status = 0
06-13 00:16:37.363 I/lowmemorykiller(  231): medium memory pressure event is triggered for new strategy
06-13 00:16:37.363 D/lowmemorykiller(  231): LMKD mp_event_psi kill_reasons available are PRESSURE_AFTER_KILL, NOT_RESPONDING, LOW_SWAP_AND_THRASHING, LOW_MEM_AND_SWAP, LOW_MEM_AND_THRASHING, DIRECT_RECL_AND_THRASHING
06-13 00:16:37.363 D/lowmemorykiller(  231): LMKD mp_event_psi kill_reason received= -1
06-13 00:16:37.364 V/DigitalSignage(  637): Package Name: null
06-13 00:16:37.364 V/DigitalSignage(  637): Left: 0
06-13 00:16:37.364 V/DigitalSignage(  637): Right: 0
06-13 00:16:37.364 V/DigitalSignage(  637): Top: 0
06-13 00:16:37.364 V/DigitalSignage(  637): Bottom: 0
06-13 00:16:37.364 D/DigitalSignage(  637): else - Package Name :: null left : 0 right :: 0 top :: 0 bottom :: 0 dfu-right :: 1920 dfu-bottom :: 1080
06-13 00:16:37.372 D/JioLauncher( 1786): overlay status check for wifi and bt remote false false
06-13 00:16:37.375 D/Match code1( 1444): 2
06-13 00:16:37.375 D/JIO_TR069-( 1444): Predefined List [com.jio.stb.catv, com.rjil.jiostbsetting, com.iwedia.ui.rjio.launcher.reliance, com.jio.stb.hotellauncher, com.jio.media.oberoi, com.jio.ott]
06-13 00:16:37.379 D/JIO_TR069-( 1444): Caller Package com.iwedia.ui.rjio.launcher.reliance
06-13 00:16:37.380 D/JIO_TR069-( 1444): White Listed Apps []
06-13 00:16:37.380 D/JIO_TR069-( 1444): Final White Listed Apps [com.jio.stb.catv, com.rjil.jiostbsetting, com.iwedia.ui.rjio.launcher.reliance, com.jio.stb.hotellauncher, com.jio.media.oberoi, com.jio.ott, ]
06-13 00:16:37.383 D/dvb_iptv(  403): ReadEmmNetworkTask[1537]: EMM Select Timeout Occured 20
06-13 00:16:37.387 D/JioLauncher( 1786): network-type-------NonJioNetwork
06-13 00:16:37.395 D/JioLauncher( 1786): live-tv-previousIp-[/fe80::1%wlan0, /192.168.1.1]-newHost-[/fe80::1%wlan0, /192.168.1.1]
06-13 00:16:37.404 W/AudioManager( 1786): Use of stream types is deprecated for operations other than volume control
06-13 00:16:37.404 W/AudioManager( 1786): See the documentation of requestAudioFocus() for what to use instead with android.media.AudioAttributes to qualify your playback use case
06-13 00:16:37.406 D/stbdpc  (  403): STB_DPGetNumPaths[570]: num_paths: 1
06-13 00:16:37.414 I/MediaFocusControl(  637): requestAudioFocus() from uid/pid 10035/1786 clientId=android.media.AudioManager@14d1fe5org.chromium.content.browser.AudioFocusDelegate@416f302 callingPack=com.iwedia.ui.rjio.launcher.reliance req=1 flags=0x0 sdk=34
06-13 00:16:37.431 D/MulticastUtils( 1786): Timeout 5000ms IOException:Poll timed out
06-13 00:16:37.436 D/JioLauncher( 1786): connected-network-status  1 status true time 0 lPreviousIp [/fe80::1%wlan0, /192.168.1.1] isLiveOnTop() false isOneTimeVisisbleStatus false-remoteConnectedTime-0
06-13 00:16:37.444 W/APM::AudioPolicyEngine(  391): getDevicesForStrategy() unknown strategy: -1
06-13 00:16:37.444 W/APM::AudioPolicyEngine(  391): getDevicesForStrategy() unknown strategy: -1
06-13 00:16:37.449 I/system_server(  637): oneway function results will be dropped but finished with status OK and parcel size 4
06-13 00:16:37.463 I/lowmemorykiller(  231): medium memory pressure event is triggered for new strategy
06-13 00:16:37.464 D/lowmemorykiller(  231): LMKD mp_event_psi kill_reasons available are PRESSURE_AFTER_KILL, NOT_RESPONDING, LOW_SWAP_AND_THRASHING, LOW_MEM_AND_SWAP, LOW_MEM_AND_THRASHING, DIRECT_RECL_AND_THRASHING
06-13 00:16:37.464 D/lowmemorykiller(  231): LMKD mp_event_psi kill_reason received= -1
06-13 00:16:37.476 W/GooglePlayServicesUtil( 6154): in.startv.hotstar requires the Google Play Store, but it is missing.
06-13 00:16:37.477 W/FA      ( 6154): Service invalid
06-13 00:16:37.506 D/stbdpc  (  403): STB_DPGetNumPaths[570]: num_paths: 1
06-13 00:16:37.517 D/uncher.relianc( 1786): PlayerBase::stop() from IPlayer
06-13 00:16:37.517 D/AudioTrack( 1786): stop(85): called with 7533 frames delivered
06-13 00:16:37.549 I/FA      ( 6154): Tag Manager is not found and thus will not be used
06-13 00:16:37.559 W/AudioManager( 1786): Use of stream types is deprecated for operations other than volume control
06-13 00:16:37.559 W/AudioManager( 1786): See the documentation of requestAudioFocus() for what to use instead with android.media.AudioAttributes to qualify your playback use case
06-13 00:16:37.560 I/MediaFocusControl(  637): requestAudioFocus() from uid/pid 10035/1786 clientId=android.media.AudioManager@14d1fe5org.chromium.content.browser.AudioFocusDelegate@416f302 callingPack=com.iwedia.ui.rjio.launcher.reliance req=1 flags=0x0 sdk=34
06-13 00:16:37.564 I/lowmemorykiller(  231): medium memory pressure event is triggered for new strategy
06-13 00:16:37.564 D/lowmemorykiller(  231): LMKD mp_event_psi kill_reasons available are PRESSURE_AFTER_KILL, NOT_RESPONDING, LOW_SWAP_AND_THRASHING, LOW_MEM_AND_SWAP, LOW_MEM_AND_THRASHING, DIRECT_RECL_AND_THRASHING
06-13 00:16:37.564 D/lowmemorykiller(  231): LMKD mp_event_psi kill_reason received= -1
06-13 00:16:37.575 D/[197   ] JioAccount-ADC( 2068): v2.a a> Event: XJSSOE3
06-13 00:16:37.578 V/[197   ] JioAccount-ADC( 2068): v2.a a> XJSSOE3	PARAMETERS:
06-13 00:16:37.589 W/GooglePlayServicesUtil( 6154): Google Play services is missing.
06-13 00:16:37.593 D/[303   ] JioAccount-ADC( 2068): com.jio.adc.core.b c> Getting ServiceInfo
06-13 00:16:37.594 D/[303   ] JioAccount-ADC( 2068): com.jio.adc.core.b c> Starting Bind...
06-13 00:16:37.596 D/[303   ] JioAccount-ADC( 2068): com.jio.adc.core.b c> Binding...
06-13 00:16:37.599 D/[2     ] JioAccount-ADC( 2068): com.jio.adc.core.b$2 onServiceConnected> Connected
06-13 00:16:37.603 D/[2     ] JioAccount-ADC( 2068): com.jio.adc.core.b$c$1 h> PROCESSING EVENT: XJSSOE3; TIME: 13-06-25 00:16:37:578; PARAMETERS: {"XJSSOP13":"in.startv.hotstar","XJSSOP14":true,"XJSSOP15":""}
06-13 00:16:37.606 D/stbdpc  (  403): STB_DPGetNumPaths[570]: num_paths: 1
06-13 00:16:37.612 I/Choreographer( 6154): Skipped 45 frames!  The application may be doing too much work on its main thread.
06-13 00:16:37.614 D/SessionLifecycleClient( 6154): Connected to SessionLifecycleService. Queue size 1
06-13 00:16:37.615 V/[2     ] JioAccount-ADC( 2068): com.jio.adc.core.b$c$1 h> Event Written: XJSSOE3; TIME: 13-06-25 00:16:37:578; PARAMETERS: {"XJSSOP13":"in.startv.hotstar","XJSSOP14":true,"XJSSOP15":""}
06-13 00:16:37.615 D/SessionLifecycleClient( 6154): Sending lifecycle 1 to service
06-13 00:16:37.617 I/OpenGLRenderer( 6154): Davey! duration=759ms; Flags=0, IntendedVsync=6763974650951, Vsync=6764725400936, OldestInputEvent=9223372036854775807, NewestInputEvent=0, HandleInputStart=6764729338974, AnimationStart=6764729342182, PerformTraversalsStart=6764729344974, DrawStart=6764729958890, SyncQueued=6764730277682, SyncStart=6764730683349, IssueDrawCommandsStart=6764730798265, SwapBuffers=6764732605682, FrameCompleted=6764734307265, DequeueBufferDuration=196209, QueueBufferDuration=825042, GpuCompleted=0, 
06-13 00:16:37.618 D/SessionLifecycleService( 6154): Activity foregrounding at 6764732.
06-13 00:16:37.618 D/SessionLifecycleService( 6154): Cold start detected.
06-13 00:16:37.619 D/SessionLifecycleService( 6154): Generated new session.
06-13 00:16:37.619 D/SessionLifecycleService( 6154): Broadcasting new session
06-13 00:16:37.620 D/SessionFirelogPublisher( 6154): Data Collection is enabled for at least one Subscriber
06-13 00:16:37.637 D/SessionLifecycleClient( 6154): Session update received.
06-13 00:16:37.648 W/AudioFlinger(  391): createTrack_l(): mismatch between requested flags (00000004) and output flags (00000002)
06-13 00:16:37.650 D/AF::TrackHandle(  391): OpPlayAudio: track:110 usage:1 not muted
06-13 00:16:37.657 D/SessionLifecycleClient( 6154): Notified CRASHLYTICS of new session d83d7c415bb54d4f830fc626945cc86e
06-13 00:16:37.660 D/AudioTrack( 6154): createTrack_l(0): AUDIO_OUTPUT_FLAG_FAST denied by server; frameCount 0 -> 122688
06-13 00:16:37.664 I/lowmemorykiller(  231): medium memory pressure event is triggered for new strategy
06-13 00:16:37.665 D/lowmemorykiller(  231): LMKD mp_event_psi kill_reasons available are PRESSURE_AFTER_KILL, NOT_RESPONDING, LOW_SWAP_AND_THRASHING, LOW_MEM_AND_SWAP, LOW_MEM_AND_THRASHING, DIRECT_RECL_AND_THRASHING
06-13 00:16:37.665 D/lowmemorykiller(  231): LMKD mp_event_psi kill_reason received= -1
06-13 00:16:37.675 D/EventGDTLogger( 6154): Session Event Type: SESSION_START
06-13 00:16:37.681 D/SessionFirelogPublisher( 6154): Successfully logged Session Start event.
06-13 00:16:37.695 I/lowmemorykiller(  231): medium memory pressure event is triggered for new strategy
06-13 00:16:37.695 D/lowmemorykiller(  231): LMKD mp_event_psi kill_reasons available are PRESSURE_AFTER_KILL, NOT_RESPONDING, LOW_SWAP_AND_THRASHING, LOW_MEM_AND_SWAP, LOW_MEM_AND_THRASHING, DIRECT_RECL_AND_THRASHING
06-13 00:16:37.695 D/lowmemorykiller(  231): LMKD mp_event_psi kill_reason received= -1
06-13 00:16:37.706 D/stbdpc  (  403): STB_DPGetNumPaths[570]: num_paths: 1
06-13 00:16:37.708 D/uncher.relianc( 1786): PlayerBase::stop() from IPlayer
06-13 00:16:37.708 D/AudioTrack( 1786): stop(85): called with 7533 frames delivered
06-13 00:16:37.729 I/FirebaseCrashlytics( 6154): Saved version control info
06-13 00:16:37.761 W/AudioManager( 1786): Use of stream types is deprecated for operations other than volume control
06-13 00:16:37.762 W/AudioManager( 1786): See the documentation of requestAudioFocus() for what to use instead with android.media.AudioAttributes to qualify your playback use case
06-13 00:16:37.763 I/MediaFocusControl(  637): requestAudioFocus() from uid/pid 10035/1786 clientId=android.media.AudioManager@14d1fe5org.chromium.content.browser.AudioFocusDelegate@416f302 callingPack=com.iwedia.ui.rjio.launcher.reliance req=1 flags=0x0 sdk=34
06-13 00:16:37.763 I/lowmemorykiller(  231): medium memory pressure event is triggered for new strategy
06-13 00:16:37.764 D/lowmemorykiller(  231): LMKD mp_event_psi kill_reasons available are PRESSURE_AFTER_KILL, NOT_RESPONDING, LOW_SWAP_AND_THRASHING, LOW_MEM_AND_SWAP, LOW_MEM_AND_THRASHING, DIRECT_RECL_AND_THRASHING
06-13 00:16:37.764 D/lowmemorykiller(  231): LMKD mp_event_psi kill_reason received= -1
06-13 00:16:37.772 E/WifiVendorHal(  637): getWifiLinkLayerStats_1_3_Internal(l.973) failed {.code = ERROR_UNKNOWN, .description = unknown error}
06-13 00:16:37.807 D/stbdpc  (  403): STB_DPGetNumPaths[570]: num_paths: 1
06-13 00:16:37.850 I/system_server(  637): oneway function results will be dropped but finished with status OK and parcel size 4
06-13 00:16:37.864 I/lowmemorykiller(  231): medium memory pressure event is triggered for new strategy
06-13 00:16:37.864 D/lowmemorykiller(  231): LMKD mp_event_psi kill_reasons available are PRESSURE_AFTER_KILL, NOT_RESPONDING, LOW_SWAP_AND_THRASHING, LOW_MEM_AND_SWAP, LOW_MEM_AND_THRASHING, DIRECT_RECL_AND_THRASHING
06-13 00:16:37.864 D/lowmemorykiller(  231): LMKD mp_event_psi kill_reason received= -1
06-13 00:16:37.867 W/AudioManager( 1786): Use of stream types is deprecated for operations other than volume control
06-13 00:16:37.867 W/AudioManager( 1786): See the documentation of requestAudioFocus() for what to use instead with android.media.AudioAttributes to qualify your playback use case
06-13 00:16:37.868 I/MediaFocusControl(  637): requestAudioFocus() from uid/pid 10035/1786 clientId=android.media.AudioManager@14d1fe5org.chromium.content.browser.AudioFocusDelegate@416f302 callingPack=com.iwedia.ui.rjio.launcher.reliance req=1 flags=0x0 sdk=34
06-13 00:16:37.880 V/RootBeer( 6154): b: a() [44] - /system/xbin/su binary detected!
06-13 00:16:37.883 D/dvb_iptv(  403): ReadEmmNetworkTask[1537]: EMM Select Timeout Occured 21
06-13 00:16:37.907 D/stbdpc  (  403): STB_DPGetNumPaths[570]: num_paths: 1
06-13 00:16:37.920 D/uncher.relianc( 1786): PlayerBase::stop() from IPlayer
06-13 00:16:37.920 D/AudioTrack( 1786): stop(85): called with 3770 frames delivered
06-13 00:16:37.964 I/lowmemorykiller(  231): medium memory pressure event is triggered for new strategy
06-13 00:16:37.964 D/lowmemorykiller(  231): LMKD mp_event_psi kill_reasons available are PRESSURE_AFTER_KILL, NOT_RESPONDING, LOW_SWAP_AND_THRASHING, LOW_MEM_AND_SWAP, LOW_MEM_AND_THRASHING, DIRECT_RECL_AND_THRASHING
06-13 00:16:37.964 D/lowmemorykiller(  231): LMKD mp_event_psi kill_reason received= -1
06-13 00:16:37.967 W/AudioManager( 1786): Use of stream types is deprecated for operations other than volume control
06-13 00:16:37.967 W/AudioManager( 1786): See the documentation of requestAudioFocus() for what to use instead with android.media.AudioAttributes to qualify your playback use case
06-13 00:16:37.969 I/MediaFocusControl(  637): requestAudioFocus() from uid/pid 10035/1786 clientId=android.media.AudioManager@14d1fe5org.chromium.content.browser.AudioFocusDelegate@416f302 callingPack=com.iwedia.ui.rjio.launcher.reliance req=1 flags=0x0 sdk=34
06-13 00:16:38.007 D/stbdpc  (  403): STB_DPGetNumPaths[570]: num_paths: 1
06-13 00:16:38.064 I/lowmemorykiller(  231): medium memory pressure event is triggered for new strategy
06-13 00:16:38.065 D/lowmemorykiller(  231): LMKD mp_event_psi kill_reasons available are PRESSURE_AFTER_KILL, NOT_RESPONDING, LOW_SWAP_AND_THRASHING, LOW_MEM_AND_SWAP, LOW_MEM_AND_THRASHING, DIRECT_RECL_AND_THRASHING
06-13 00:16:38.065 D/lowmemorykiller(  231): LMKD mp_event_psi kill_reason received= -1
06-13 00:16:38.069 I/appium  ( 5964): Took 0ms to retrieve 0 matches for '//android.widget.ImageView[@resource-id='in.startv.hotstar:id/iv_profile']' XPath2 query
06-13 00:16:38.072 D/JioStbInactivityTimer(  936): Timer: count 70 warningTimeout:10680 timeout:10800
06-13 00:16:38.072 D/JioStbInactivityTimer(  936): isUserActive: Curr:6694131 Prev:6694131
06-13 00:16:38.077 I/appium  ( 5964): AppiumResponse: {"sessionId":"d23cc566-9a6c-41a0-972a-ff177f57bf2d","value":{"error":"no such element","message":"An element could not be located on the page using the given search parameters","stacktrace":"io.appium.uiautomator2.common.exceptions.ElementNotFoundException: An element could not be located on the page using the given search parameters\n\tat io.appium.uiautomator2.utils.ElementLocationHelpers.findElement(ElementLocationHelpers.java:156)\n\tat io.appium.uiautomator2.handler.FindElement.safeHandle(FindElement.java:60)\n\tat io.appium.uiautomator2.handler.request.SafeRequestHandler.handle(SafeRequestHandler.java:59)\n\tat io.appium.uiautomator2.server.AppiumServlet.handleRequest(AppiumServlet.java:259)\n\tat io.appium.uiautomator2.server.AppiumServlet.handleHttpRequest(AppiumServlet.java:253)\n\tat io.appium.uiautomator2.http.ServerHandler.channelRead(ServerHandler.java:77)\n\tat io.netty.channel.AbstractChannelHandlerContext.invokeChannelRead(AbstractChannelHandlerContext.java:374)\n\tat io.netty.channel.AbstractChannelHandlerContext.invokeChannelRead(AbstractChannelHandlerContext.java:360)\n\tat io.netty.channel.AbstractChannelHandlerContext.fireChannelRead(AbstractChannelHandlerContext.java:352)\n\tat io.netty.handler.codec.MessageToMessageDecoder.channelRead(MessageToMessageDecoder.java:102)\n\tat io.netty.channel.AbstractChannelHandlerContext.invokeChannelRead(AbstractChannelHandlerContext.java:374)\n\tat io.netty.channel.AbstractChannelHandlerContext.invokeChannelRead(AbstractChannelHandlerContext.java:360)\n\tat io.netty.channel.AbstractChannelHandlerContext.fireChannelRead(AbstractChannelHandlerContext.java:352)\n\tat io.netty.channel.CombinedChannelDuplexHandler$DelegatingChannelHandlerContext.fireChannelRead(CombinedChannelDuplexHandler.java:438)\n\tat io.netty.handler.codec.ByteToMessageDecoder.fireChannelRead(ByteToMessageDecoder.java:328)\n\tat io.netty.handler.codec.ByteToMessageDecoder.channelRead(ByteToMessageDecoder.java:302)\n\tat io.netty.channel.CombinedChannelDuplexHandler.channelRead(CombinedChannelDuplexHandler.java:253)\n\tat io.netty.channel.AbstractChannelHandlerContext.invokeChannelRead(AbstractChannelHandlerContext.java:374)\n\tat io.netty.channel.AbstractChannelHandlerContext.invokeChannelRead(AbstractChannelHandlerContext.java:360)\n\tat io.netty.channel.AbstractChannelHandlerContext.fireChannelRead(AbstractChannelHandlerContext.java:352)\n\tat io.netty.handler.timeout.IdleStateHandler.channelRead(IdleStateHandler.java:287)\n\tat io.netty.channel.AbstractChannelHandlerContext.invokeChannelRead(AbstractChannelHandlerContext.java:374)\n\tat io.netty.channel.AbstractChannelHandlerContext.invokeChannelRead(AbstractChannelHandlerContext.java:360)\n\tat io.netty.channel.AbstractChannelHandlerContext.fireChannelRead(AbstractChannelHandlerContext.java:352)\n\tat io.netty.channel.DefaultChannelPipeline$HeadContext.channelRead(DefaultChannelPipeline.java:1422)\n\tat io.netty.channel.AbstractChannelHandlerContext.invokeChannelRead(AbstractChannelHandlerContext.java:374)\n\tat io.netty.channel.AbstractChannelHandlerContext.invokeChannelRead(AbstractChannelHandlerContext.java:360)\n\tat io.netty.channel.DefaultChannelPipeline.fireChannelRead(DefaultChannelPipeline.java:931)\n\tat io.netty.channel.nio.AbstractNioByteChannel$NioByteUnsafe.read(AbstractNioByteChannel.java:163)\n\tat io.netty.channel.nio.NioEventLoop.processSelectedKey(NioEventLoop.java:700)\n\tat io.netty.channel.nio.NioEventLoop.processSelectedKeysOptimized(NioEventLoop.java:635)\n\tat io.netty.channel.nio.NioEventLoop.processSelectedKeys(NioEventLoop.java:552)\n\tat io.netty.channel.nio.NioEventLoop.run(NioEventLoop.java:514)\n\tat io.netty.util.concurrent.SingleThreadEventExecutor$6.run(SingleThreadEventExecutor.java:1044)\n\tat io.netty.util.internal.ThreadExecutorMap$2.run(ThreadExecutorMap.java:74)\n\tat io.netty.util.concurrent.FastThreadLocalRunnable.run(FastThreadLocalRunnable.java:30)\n\tat java.lang.Thread.run(Thread.java:923)\n"}}
06-13 00:16:38.105 D/uncher.relianc( 1786): PlayerBase::stop() from IPlayer
06-13 00:16:38.105 D/AudioTrack( 1786): stop(85): called with 7533 frames delivered
06-13 00:16:38.107 D/stbdpc  (  403): STB_DPGetNumPaths[570]: num_paths: 1
06-13 00:16:38.165 I/lowmemorykiller(  231): medium memory pressure event is triggered for new strategy
06-13 00:16:38.165 D/lowmemorykiller(  231): LMKD mp_event_psi kill_reasons available are PRESSURE_AFTER_KILL, NOT_RESPONDING, LOW_SWAP_AND_THRASHING, LOW_MEM_AND_SWAP, LOW_MEM_AND_THRASHING, DIRECT_RECL_AND_THRASHING
06-13 00:16:38.165 D/lowmemorykiller(  231): LMKD mp_event_psi kill_reason received= -1
06-13 00:16:38.199 I/ThermalService(  987): CPU temperatures: [77.8]
06-13 00:16:38.201 W/AudioManager( 1786): Use of stream types is deprecated for operations other than volume control
06-13 00:16:38.201 W/AudioManager( 1786): See the documentation of requestAudioFocus() for what to use instead with android.media.AudioAttributes to qualify your playback use case
06-13 00:16:38.202 I/MediaFocusControl(  637): requestAudioFocus() from uid/pid 10035/1786 clientId=android.media.AudioManager@14d1fe5org.chromium.content.browser.AudioFocusDelegate@416f302 callingPack=com.iwedia.ui.rjio.launcher.reliance req=1 flags=0x0 sdk=34
06-13 00:16:38.207 D/stbdpc  (  403): STB_DPGetNumPaths[570]: num_paths: 1
06-13 00:16:38.265 I/lowmemorykiller(  231): medium memory pressure event is triggered for new strategy
06-13 00:16:38.266 D/lowmemorykiller(  231): LMKD mp_event_psi kill_reasons available are PRESSURE_AFTER_KILL, NOT_RESPONDING, LOW_SWAP_AND_THRASHING, LOW_MEM_AND_SWAP, LOW_MEM_AND_THRASHING, DIRECT_RECL_AND_THRASHING
06-13 00:16:38.266 D/lowmemorykiller(  231): LMKD mp_event_psi kill_reason received= -1
06-13 00:16:38.308 D/stbdpc  (  403): STB_DPGetNumPaths[570]: num_paths: 1
06-13 00:16:38.329 D/uncher.relianc( 1786): PlayerBase::stop() from IPlayer
06-13 00:16:38.329 D/AudioTrack( 1786): stop(85): called with 7534 frames delivered
06-13 00:16:38.351 D/rtk_heartbeat(  350): heartbeat_timed_out: heartbeatCmdCount = 6743, expected nextSeqNum = 6743
06-13 00:16:38.354 D/rtk_heartbeat(  350): rtkbt_heartbeat_cmpl_cback: Current SeqNum = 6743,should SeqNum=6743, status = 0
06-13 00:16:38.366 I/lowmemorykiller(  231): medium memory pressure event is triggered for new strategy
06-13 00:16:38.366 D/lowmemorykiller(  231): LMKD mp_event_psi kill_reasons available are PRESSURE_AFTER_KILL, NOT_RESPONDING, LOW_SWAP_AND_THRASHING, LOW_MEM_AND_SWAP, LOW_MEM_AND_THRASHING, DIRECT_RECL_AND_THRASHING
06-13 00:16:38.366 D/lowmemorykiller(  231): LMKD mp_event_psi kill_reason received= -1
06-13 00:16:38.384 D/dvb_iptv(  403): ReadEmmNetworkTask[1537]: EMM Select Timeout Occured 22
06-13 00:16:38.408 D/stbdpc  (  403): STB_DPGetNumPaths[570]: num_paths: 1
06-13 00:16:38.416 W/AudioManager( 1786): Use of stream types is deprecated for operations other than volume control
06-13 00:16:38.416 W/AudioManager( 1786): See the documentation of requestAudioFocus() for what to use instead with android.media.AudioAttributes to qualify your playback use case
06-13 00:16:38.417 I/MediaFocusControl(  637): requestAudioFocus() from uid/pid 10035/1786 clientId=android.media.AudioManager@14d1fe5org.chromium.content.browser.AudioFocusDelegate@416f302 callingPack=com.iwedia.ui.rjio.launcher.reliance req=1 flags=0x0 sdk=34
06-13 00:16:38.466 I/lowmemorykiller(  231): medium memory pressure event is triggered for new strategy
06-13 00:16:38.466 D/lowmemorykiller(  231): LMKD mp_event_psi kill_reasons available are PRESSURE_AFTER_KILL, NOT_RESPONDING, LOW_SWAP_AND_THRASHING, LOW_MEM_AND_SWAP, LOW_MEM_AND_THRASHING, DIRECT_RECL_AND_THRASHING
06-13 00:16:38.466 D/lowmemorykiller(  231): LMKD mp_event_psi kill_reason received= -1
06-13 00:16:38.508 D/stbdpc  (  403): STB_DPGetNumPaths[570]: num_paths: 1
06-13 00:16:38.513 I/.startv.hotsta( 6154): Background concurrent copying GC freed 181509(9032KB) AllocSpace objects, 53(2692KB) LOS objects, 49% free, 9583KB/18MB, paused 48.810ms total 1.060s
06-13 00:16:38.520 W/System  ( 6154): A resource failed to call close. 
06-13 00:16:38.567 I/lowmemorykiller(  231): medium memory pressure event is triggered for new strategy
06-13 00:16:38.567 D/lowmemorykiller(  231): LMKD mp_event_psi kill_reasons available are PRESSURE_AFTER_KILL, NOT_RESPONDING, LOW_SWAP_AND_THRASHING, LOW_MEM_AND_SWAP, LOW_MEM_AND_THRASHING, DIRECT_RECL_AND_THRASHING
06-13 00:16:38.567 D/lowmemorykiller(  231): LMKD mp_event_psi kill_reason received= -1
06-13 00:16:38.571 D/uncher.relianc( 1786): PlayerBase::stop() from IPlayer
06-13 00:16:38.571 D/AudioTrack( 1786): stop(85): called with 7533 frames delivered
06-13 00:16:38.608 D/stbdpc  (  403): STB_DPGetNumPaths[570]: num_paths: 1
06-13 00:16:38.612 I/DrmUtils( 6154): found android.hardware.drm@1.0::IDrmFactory clearkey
06-13 00:16:38.617 I/appium  ( 5964): channel read: POST /session/d23cc566-9a6c-41a0-972a-ff177f57bf2d/element
06-13 00:16:38.618 I/appium  ( 5964): FindElement command
06-13 00:16:38.621 I/appium  ( 5964): method: 'xpath', selector: '//android.widget.ImageView[@resource-id='in.startv.hotstar:id/iv_profile']'
06-13 00:16:38.622 I/appium  ( 5964): Waiting up to 10000ms for the device to idle
06-13 00:16:38.667 I/lowmemorykiller(  231): medium memory pressure event is triggered for new strategy
06-13 00:16:38.667 D/lowmemorykiller(  231): LMKD mp_event_psi kill_reasons available are PRESSURE_AFTER_KILL, NOT_RESPONDING, LOW_SWAP_AND_THRASHING, LOW_MEM_AND_SWAP, LOW_MEM_AND_THRASHING, DIRECT_RECL_AND_THRASHING
06-13 00:16:38.667 D/lowmemorykiller(  231): LMKD mp_event_psi kill_reason received= -1
06-13 00:16:38.708 D/stbdpc  (  403): STB_DPGetNumPaths[570]: num_paths: 1
06-13 00:16:38.726 W/AudioManager( 1786): Use of stream types is deprecated for operations other than volume control
06-13 00:16:38.726 W/AudioManager( 1786): See the documentation of requestAudioFocus() for what to use instead with android.media.AudioAttributes to qualify your playback use case
06-13 00:16:38.728 I/MediaFocusControl(  637): requestAudioFocus() from uid/pid 10035/1786 clientId=android.media.AudioManager@14d1fe5org.chromium.content.browser.AudioFocusDelegate@416f302 callingPack=com.iwedia.ui.rjio.launcher.reliance req=1 flags=0x0 sdk=34
06-13 00:16:38.750 I/DrmUtils( 6154): found android.hardware.drm@1.0::IDrmFactory verimatrix
06-13 00:16:38.752 I/appium  ( 5964): The following attributes will be included to the page source: [resource-id]
06-13 00:16:38.753 I/DrmUtils( 6154): found android.hardware.drm@1.0::IDrmFactory widevine
06-13 00:16:38.756 I/DrmUtils( 6154): found android.hardware.drm@1.0::IDrmFactory youtube
06-13 00:16:38.760 I/DrmUtils( 6154): found android.hardware.drm@1.1::IDrmFactory clearkey
06-13 00:16:38.762 I/DrmUtils( 6154): found android.hardware.drm@1.1::IDrmFactory verimatrix
06-13 00:16:38.763 I/DrmUtils( 6154): found android.hardware.drm@1.1::IDrmFactory widevine
06-13 00:16:38.763 I/lowmemorykiller(  231): medium memory pressure event is triggered for new strategy
06-13 00:16:38.763 D/lowmemorykiller(  231): LMKD mp_event_psi kill_reasons available are PRESSURE_AFTER_KILL, NOT_RESPONDING, LOW_SWAP_AND_THRASHING, LOW_MEM_AND_SWAP, LOW_MEM_AND_THRASHING, DIRECT_RECL_AND_THRASHING
06-13 00:16:38.763 D/lowmemorykiller(  231): LMKD mp_event_psi kill_reason received= -1
06-13 00:16:38.768 I/DrmUtils( 6154): found android.hardware.drm@1.1::IDrmFactory youtube
06-13 00:16:38.775 I/DrmUtils( 6154): found android.hardware.drm@1.2::IDrmFactory clearkey
06-13 00:16:38.778 I/DrmUtils( 6154): found android.hardware.drm@1.2::IDrmFactory verimatrix
06-13 00:16:38.780 I/DrmUtils( 6154): found android.hardware.drm@1.2::IDrmFactory widevine
06-13 00:16:38.784 I/DrmUtils( 6154): found android.hardware.drm@1.2::IDrmFactory youtube
06-13 00:16:38.790 D/uncher.relianc( 1786): PlayerBase::stop() from IPlayer
06-13 00:16:38.790 D/AudioTrack( 1786): stop(85): called with 3770 frames delivered
06-13 00:16:38.794 I/DrmUtils( 6154): found android.hardware.drm@1.3::IDrmFactory clearkey
06-13 00:16:38.795 I/DrmUtils( 6154): found android.hardware.drm@1.3::IDrmFactory verimatrix
06-13 00:16:38.797 I/DrmUtils( 6154): found android.hardware.drm@1.3::IDrmFactory widevine
06-13 00:16:38.799 I/DrmUtils( 6154): found android.hardware.drm@1.3::IDrmFactory youtube
06-13 00:16:38.808 D/stbdpc  (  403): STB_DPGetNumPaths[570]: num_paths: 1
06-13 00:16:38.846 W/AudioManager( 1786): Use of stream types is deprecated for operations other than volume control
06-13 00:16:38.846 W/AudioManager( 1786): See the documentation of requestAudioFocus() for what to use instead with android.media.AudioAttributes to qualify your playback use case
06-13 00:16:38.847 I/MediaFocusControl(  637): requestAudioFocus() from uid/pid 10035/1786 clientId=android.media.AudioManager@14d1fe5org.chromium.content.browser.AudioFocusDelegate@416f302 callingPack=com.iwedia.ui.rjio.launcher.reliance req=1 flags=0x0 sdk=34
06-13 00:16:38.863 I/lowmemorykiller(  231): medium memory pressure event is triggered for new strategy
06-13 00:16:38.864 D/lowmemorykiller(  231): LMKD mp_event_psi kill_reasons available are PRESSURE_AFTER_KILL, NOT_RESPONDING, LOW_SWAP_AND_THRASHING, LOW_MEM_AND_SWAP, LOW_MEM_AND_THRASHING, DIRECT_RECL_AND_THRASHING
06-13 00:16:38.864 D/lowmemorykiller(  231): LMKD mp_event_psi kill_reason received= -1
06-13 00:16:38.884 D/dvb_iptv(  403): ReadEmmNetworkTask[1537]: EMM Select Timeout Occured 23
06-13 00:16:38.897 D/uncher.relianc( 1786): PlayerBase::stop() from IPlayer
06-13 00:16:38.897 D/AudioTrack( 1786): stop(85): called with 3770 frames delivered
06-13 00:16:38.909 D/stbdpc  (  403): STB_DPGetNumPaths[570]: num_paths: 1
06-13 00:16:38.920 W/android.hardware.drm@1.3-service.youtube(  360): isCryptoSchemeSupported, false
06-13 00:16:38.948 W/AudioManager( 1786): Use of stream types is deprecated for operations other than volume control
06-13 00:16:38.948 W/AudioManager( 1786): See the documentation of requestAudioFocus() for what to use instead with android.media.AudioAttributes to qualify your playback use case
06-13 00:16:38.949 I/MediaFocusControl(  637): requestAudioFocus() from uid/pid 10035/1786 clientId=android.media.AudioManager@14d1fe5org.chromium.content.browser.AudioFocusDelegate@416f302 callingPack=com.iwedia.ui.rjio.launcher.reliance req=1 flags=0x0 sdk=34
06-13 00:16:38.964 I/lowmemorykiller(  231): medium memory pressure event is triggered for new strategy
06-13 00:16:38.964 D/lowmemorykiller(  231): LMKD mp_event_psi kill_reasons available are PRESSURE_AFTER_KILL, NOT_RESPONDING, LOW_SWAP_AND_THRASHING, LOW_MEM_AND_SWAP, LOW_MEM_AND_THRASHING, DIRECT_RECL_AND_THRASHING
06-13 00:16:38.964 D/lowmemorykiller(  231): LMKD mp_event_psi kill_reason received= -1
06-13 00:16:38.982 D/ltts_ip_emm(  403): LTTS_IP_DMXStartEMM[381]: parse_emm_cat_status failed
06-13 00:16:39.003 D/uncher.relianc( 1786): PlayerBase::stop() from IPlayer
06-13 00:16:39.003 D/AudioTrack( 1786): stop(85): called with 3770 frames delivered
06-13 00:16:39.009 D/stbdpc  (  403): STB_DPGetNumPaths[570]: num_paths: 1
06-13 00:16:39.037 D/SharedPreferencesImpl( 6154): Time required to fsync /data/user/0/in.startv.hotstar/shared_prefs/com.google.android.gms.measurement.prefs.xml: [<1: 0, <2: 0, <4: 0, <8: 0, <16: 0, <32: 0, <64: 0, <128: 0, <256: 1, <512: 1, <1024: 0, <2048: 0, <4096: 0, <8192: 0, <16384: 0, >=16384: 0]
06-13 00:16:39.040 I/WVCdm   (  359): [app][in.startv.hotstar] calling virtual Return<void> wvdrm::hardware::drm::V1_3::widevine::WVDrmFactory::createPlugin(const hidl_array<uint8_t, 16> &, const android::hardware::hidl_string &, android::hardware::drm::V1_3::IDrmFactory::createPlugin_cb)
06-13 00:16:39.061 W/AudioManager( 1786): Use of stream types is deprecated for operations other than volume control
06-13 00:16:39.061 W/AudioManager( 1786): See the documentation of requestAudioFocus() for what to use instead with android.media.AudioAttributes to qualify your playback use case
06-13 00:16:39.062 I/MediaFocusControl(  637): requestAudioFocus() from uid/pid 10035/1786 clientId=android.media.AudioManager@14d1fe5org.chromium.content.browser.AudioFocusDelegate@416f302 callingPack=com.iwedia.ui.rjio.launcher.reliance req=1 flags=0x0 sdk=34
06-13 00:16:39.064 I/lowmemorykiller(  231): medium memory pressure event is triggered for new strategy
06-13 00:16:39.064 D/lowmemorykiller(  231): LMKD mp_event_psi kill_reasons available are PRESSURE_AFTER_KILL, NOT_RESPONDING, LOW_SWAP_AND_THRASHING, LOW_MEM_AND_SWAP, LOW_MEM_AND_THRASHING, DIRECT_RECL_AND_THRASHING
06-13 00:16:39.064 D/lowmemorykiller(  231): LMKD mp_event_psi kill_reason received= -1
06-13 00:16:39.071 D/JioStbInactivityTimer(  936): Timer: count 71 warningTimeout:10680 timeout:10800
06-13 00:16:39.072 D/JioStbInactivityTimer(  936): isUserActive: Curr:6694131 Prev:6694131
06-13 00:16:39.109 D/stbdpc  (  403): STB_DPGetNumPaths[570]: num_paths: 1
06-13 00:16:39.119 D/uncher.relianc( 1786): PlayerBase::stop() from IPlayer
06-13 00:16:39.119 D/AudioTrack( 1786): stop(85): called with 3770 frames delivered
06-13 00:16:39.152 E/ocessService0:( 2252): failed to create Unix domain socket: Operation not permitted
06-13 00:16:39.164 I/lowmemorykiller(  231): medium memory pressure event is triggered for new strategy
06-13 00:16:39.165 D/lowmemorykiller(  231): LMKD mp_event_psi kill_reasons available are PRESSURE_AFTER_KILL, NOT_RESPONDING, LOW_SWAP_AND_THRASHING, LOW_MEM_AND_SWAP, LOW_MEM_AND_THRASHING, DIRECT_RECL_AND_THRASHING
06-13 00:16:39.165 D/lowmemorykiller(  231): LMKD mp_event_psi kill_reason received= -1
06-13 00:16:39.180 W/AudioManager( 1786): Use of stream types is deprecated for operations other than volume control
06-13 00:16:39.180 W/AudioManager( 1786): See the documentation of requestAudioFocus() for what to use instead with android.media.AudioAttributes to qualify your playback use case
06-13 00:16:39.181 I/MediaFocusControl(  637): requestAudioFocus() from uid/pid 10035/1786 clientId=android.media.AudioManager@14d1fe5org.chromium.content.browser.AudioFocusDelegate@416f302 callingPack=com.iwedia.ui.rjio.launcher.reliance req=1 flags=0x0 sdk=34
06-13 00:16:39.209 D/stbdpc  (  403): STB_DPGetNumPaths[570]: num_paths: 1
06-13 00:16:39.230 D/uncher.relianc( 1786): PlayerBase::stop() from IPlayer
06-13 00:16:39.230 D/AudioTrack( 1786): stop(85): called with 3770 frames delivered
06-13 00:16:39.265 I/lowmemorykiller(  231): medium memory pressure event is triggered for new strategy
06-13 00:16:39.265 D/lowmemorykiller(  231): LMKD mp_event_psi kill_reasons available are PRESSURE_AFTER_KILL, NOT_RESPONDING, LOW_SWAP_AND_THRASHING, LOW_MEM_AND_SWAP, LOW_MEM_AND_THRASHING, DIRECT_RECL_AND_THRASHING
06-13 00:16:39.265 D/lowmemorykiller(  231): LMKD mp_event_psi kill_reason received= -1
06-13 00:16:39.280 I/system_server(  637): oneway function results will be dropped but finished with status OK and parcel size 4
06-13 00:16:39.309 D/stbdpc  (  403): STB_DPGetNumPaths[570]: num_paths: 1
06-13 00:16:39.330 W/AudioManager( 1786): Use of stream types is deprecated for operations other than volume control
06-13 00:16:39.330 W/AudioManager( 1786): See the documentation of requestAudioFocus() for what to use instead with android.media.AudioAttributes to qualify your playback use case
06-13 00:16:39.332 I/MediaFocusControl(  637): requestAudioFocus() from uid/pid 10035/1786 clientId=android.media.AudioManager@14d1fe5org.chromium.content.browser.AudioFocusDelegate@416f302 callingPack=com.iwedia.ui.rjio.launcher.reliance req=1 flags=0x0 sdk=34
06-13 00:16:39.336 I/WVCdm   (  359): [cdm_engine.cpp(573):QueryStatus] Querying status
06-13 00:16:39.351 D/rtk_heartbeat(  350): heartbeat_timed_out: heartbeatCmdCount = 6744, expected nextSeqNum = 6744
06-13 00:16:39.352 D/rtk_heartbeat(  350): rtkbt_heartbeat_cmpl_cback: Current SeqNum = 6744,should SeqNum=6744, status = 0
06-13 00:16:39.365 I/lowmemorykiller(  231): medium memory pressure event is triggered for new strategy
06-13 00:16:39.365 D/lowmemorykiller(  231): LMKD mp_event_psi kill_reasons available are PRESSURE_AFTER_KILL, NOT_RESPONDING, LOW_SWAP_AND_THRASHING, LOW_MEM_AND_SWAP, LOW_MEM_AND_THRASHING, DIRECT_RECL_AND_THRASHING
06-13 00:16:39.365 D/lowmemorykiller(  231): LMKD mp_event_psi kill_reason received= -1
06-13 00:16:39.368 I/WVCdm   (  359): [cdm_engine.cpp(573):QueryStatus] Querying status
06-13 00:16:39.369 I/system_server(  637): oneway function results will be dropped but finished with status OK and parcel size 4
06-13 00:16:39.370 I/WVCdm   (  359): [cdm_engine.cpp(573):QueryStatus] Querying status
06-13 00:16:39.371 I/WVCdm   (  359): [cdm_engine.cpp(573):QueryStatus] Querying status
06-13 00:16:39.384 D/dvb_iptv(  403): ReadEmmNetworkTask[1537]: EMM Select Timeout Occured 24
06-13 00:16:39.409 D/stbdpc  (  403): STB_DPGetNumPaths[570]: num_paths: 1
06-13 00:16:39.466 I/lowmemorykiller(  231): medium memory pressure event is triggered for new strategy
06-13 00:16:39.466 D/lowmemorykiller(  231): LMKD mp_event_psi kill_reasons available are PRESSURE_AFTER_KILL, NOT_RESPONDING, LOW_SWAP_AND_THRASHING, LOW_MEM_AND_SWAP, LOW_MEM_AND_THRASHING, DIRECT_RECL_AND_THRASHING
06-13 00:16:39.466 D/lowmemorykiller(  231): LMKD mp_event_psi kill_reason received= -1
06-13 00:16:39.470 D/uncher.relianc( 1786): PlayerBase::stop() from IPlayer
06-13 00:16:39.470 D/AudioTrack( 1786): stop(85): called with 7533 frames delivered
06-13 00:16:39.472 I/WVCdm   (  359): [cdm_engine.cpp(573):QueryStatus] Querying status
06-13 00:16:39.472 I/WVCdm   (  359): [cdm_engine.cpp(573):QueryStatus] Querying status
06-13 00:16:39.474 I/chromium( 1786): [INFO:CONSOLE(251)] "Fetched Data of matchDetails: [object Object]", source: https://widget.jionews.com/jionews-cricketwidget-vdo/prod/index.html (251)
06-13 00:16:39.503 I/chromium( 1786): [INFO:CONSOLE(251)] "Uncaught (in promise) ReferenceError: team1name is not defined", source: https://widget.jionews.com/jionews-cricketwidget-vdo/prod/index.html (251)
06-13 00:16:39.510 D/stbdpc  (  403): STB_DPGetNumPaths[570]: num_paths: 1
06-13 00:16:39.540 W/AudioManager( 1786): Use of stream types is deprecated for operations other than volume control
06-13 00:16:39.540 W/AudioManager( 1786): See the documentation of requestAudioFocus() for what to use instead with android.media.AudioAttributes to qualify your playback use case
06-13 00:16:39.541 I/MediaFocusControl(  637): requestAudioFocus() from uid/pid 10035/1786 clientId=android.media.AudioManager@14d1fe5org.chromium.content.browser.AudioFocusDelegate@416f302 callingPack=com.iwedia.ui.rjio.launcher.reliance req=1 flags=0x0 sdk=34
06-13 00:16:39.566 I/lowmemorykiller(  231): medium memory pressure event is triggered for new strategy
06-13 00:16:39.566 D/lowmemorykiller(  231): LMKD mp_event_psi kill_reasons available are PRESSURE_AFTER_KILL, NOT_RESPONDING, LOW_SWAP_AND_THRASHING, LOW_MEM_AND_SWAP, LOW_MEM_AND_THRASHING, DIRECT_RECL_AND_THRASHING
06-13 00:16:39.566 D/lowmemorykiller(  231): LMKD mp_event_psi kill_reason received= -1
06-13 00:16:39.590 D/uncher.relianc( 1786): PlayerBase::stop() from IPlayer
06-13 00:16:39.590 D/AudioTrack( 1786): stop(85): called with 3770 frames delivered
06-13 00:16:39.610 D/stbdpc  (  403): STB_DPGetNumPaths[570]: num_paths: 1
06-13 00:16:39.631 I/WVCdm   (  359): [cdm_engine.cpp(573):QueryStatus] Querying status
06-13 00:16:39.631 I/chatty  (  359): uid=1013(media) HwBinder:359_1 identical 1 line
06-13 00:16:39.632 I/WVCdm   (  359): [cdm_engine.cpp(573):QueryStatus] Querying status
06-13 00:16:39.632 D/WVCdm   (  359): [crypto_session.cpp(805):Open] Opening crypto session: requested_security_level = Default
06-13 00:16:39.644 W/AudioManager( 1786): Use of stream types is deprecated for operations other than volume control
06-13 00:16:39.644 W/AudioManager( 1786): See the documentation of requestAudioFocus() for what to use instead with android.media.AudioAttributes to qualify your playback use case
06-13 00:16:39.644 I/MediaFocusControl(  637): requestAudioFocus() from uid/pid 10035/1786 clientId=android.media.AudioManager@14d1fe5org.chromium.content.browser.AudioFocusDelegate@416f302 callingPack=com.iwedia.ui.rjio.launcher.reliance req=1 flags=0x0 sdk=34
06-13 00:16:39.666 I/lowmemorykiller(  231): medium memory pressure event is triggered for new strategy
06-13 00:16:39.667 D/lowmemorykiller(  231): LMKD mp_event_psi kill_reasons available are PRESSURE_AFTER_KILL, NOT_RESPONDING, LOW_SWAP_AND_THRASHING, LOW_MEM_AND_SWAP, LOW_MEM_AND_THRASHING, DIRECT_RECL_AND_THRASHING
06-13 00:16:39.667 D/lowmemorykiller(  231): LMKD mp_event_psi kill_reason received= -1
06-13 00:16:39.702 D/uncher.relianc( 1786): PlayerBase::stop() from IPlayer
06-13 00:16:39.702 D/AudioTrack( 1786): stop(85): called with 3770 frames delivered
06-13 00:16:39.710 D/stbdpc  (  403): STB_DPGetNumPaths[570]: num_paths: 1
06-13 00:16:39.754 E/TaskPersister(  637): File error accessing recents directory (directory doesn't exist?).
06-13 00:16:39.761 W/AudioManager( 1786): Use of stream types is deprecated for operations other than volume control
06-13 00:16:39.761 W/AudioManager( 1786): See the documentation of requestAudioFocus() for what to use instead with android.media.AudioAttributes to qualify your playback use case
06-13 00:16:39.762 I/MediaFocusControl(  637): requestAudioFocus() from uid/pid 10035/1786 clientId=android.media.AudioManager@14d1fe5org.chromium.content.browser.AudioFocusDelegate@416f302 callingPack=com.iwedia.ui.rjio.launcher.reliance req=1 flags=0x0 sdk=34
06-13 00:16:39.767 I/lowmemorykiller(  231): medium memory pressure event is triggered for new strategy
06-13 00:16:39.767 D/lowmemorykiller(  231): LMKD mp_event_psi kill_reasons available are PRESSURE_AFTER_KILL, NOT_RESPONDING, LOW_SWAP_AND_THRASHING, LOW_MEM_AND_SWAP, LOW_MEM_AND_THRASHING, DIRECT_RECL_AND_THRASHING
06-13 00:16:39.767 D/lowmemorykiller(  231): LMKD mp_event_psi kill_reason received= -1
06-13 00:16:39.807 D/uncher.relianc( 1786): PlayerBase::stop() from IPlayer
06-13 00:16:39.808 D/AudioTrack( 1786): stop(85): called with 3770 frames delivered
06-13 00:16:39.810 D/stbdpc  (  403): STB_DPGetNumPaths[570]: num_paths: 1
