06-13 00:04:57.546 D/InputDispatcher(  637): injectInputEvent - eventType=2, injectorPid=32635, injectorUid=0, syncMode=0, timeout=30000, policyFlags=0x08000000
06-13 00:04:57.546 D/InputDispatcher(  637): injectInputEvent - Finished with result 0. injectorPid=32635, injectorUid=0
06-13 00:04:57.547 D/InputDispatcher(  637): Setting input event injection result to 0.  injectorPid=32635, injectorUid=0
06-13 00:04:57.547 V/InputDispatcher(  637): Asynchronous input event injection succeeded.
06-13 00:04:57.547 I/android.hardware.power-service.libperfmgr(  369): Power setBoost: INTERACTION duration: 0
06-13 00:04:57.548 I/libperfmgr(  369): Do Powerhint: INTERACTION
06-13 00:04:57.548 I/android.hardware.power-service.libperfmgr(  369): Power setBoost: INTERACTION duration: 0
06-13 00:04:57.548 I/libperfmgr(  369): Do Powerhint: INTERACTION
06-13 00:04:57.557 D/InputDispatcher(  637): injectInputEvent - eventType=2, injectorPid=32635, injectorUid=0, syncMode=0, timeout=30000, policyFlags=0x08000000
06-13 00:04:57.557 D/InputDispatcher(  637): injectInputEvent - Finished with result 0. injectorPid=32635, injectorUid=0
06-13 00:04:57.557 D/InputDispatcher(  637): Setting input event injection result to 0.  injectorPid=32635, injectorUid=0
06-13 00:04:57.557 V/InputDispatcher(  637): Asynchronous input event injection succeeded.
06-13 00:04:57.565 I/lowmemorykiller(  231): medium memory pressure event is triggered for new strategy
06-13 00:04:57.565 D/lowmemorykiller(  231): LMKD mp_event_psi kill_reasons available are PRESSURE_AFTER_KILL, NOT_RESPONDING, LOW_SWAP_AND_THRASHING, LOW_MEM_AND_SWAP, LOW_MEM_AND_THRASHING, DIRECT_RECL_AND_THRASHING
06-13 00:04:57.565 D/lowmemorykiller(  231): LMKD mp_event_psi kill_reason received= -1
06-13 00:04:57.571 W/GestureController(32676): Gestures took longer than expected (38ms >> 16ms), device might be in a busy state.
06-13 00:04:57.572 I/appium  (32676): Waiting up to 10000ms for the device to idle
06-13 00:04:57.611 D/sub_mixing_factory(  349): [out_standby_subMixingPCM:1324] out_stream(0xf139b000) usecase: PCM_NORMAL
06-13 00:04:57.611 I/sub_mixing_factory(  349): [usecase_change_validate_l_sm:1170] cur dev masks:0x1, delete out usecase:PCM_NORMAL
06-13 00:04:57.611 I/sub_mixing_factory(  349): [usecase_change_validate_l_sm:1180] standby unmask usecase PCM_NORMAL
06-13 00:04:57.611 I/amlAudioMixer(  349): [delete_mixer_input_port:197] input port ID:0, type:PCM_SYSTEM, cur mask:0x1
06-13 00:04:57.612 I/system_server(  637): oneway function results will be dropped but finished with status OK and parcel size 4
06-13 00:04:57.612 D/stbdpc  (  403): STB_DPGetNumPaths[570]: num_paths: 1
06-13 00:04:57.665 I/lowmemorykiller(  231): medium memory pressure event is triggered for new strategy
06-13 00:04:57.713 D/stbdpc  (  403): STB_DPGetNumPaths[570]: num_paths: 1
06-13 00:04:57.766 I/lowmemorykiller(  231): medium memory pressure event is triggered for new strategy
06-13 00:04:57.766 D/lowmemorykiller(  231): LMKD mp_event_psi kill_reasons available are PRESSURE_AFTER_KILL, NOT_RESPONDING, LOW_SWAP_AND_THRASHING, LOW_MEM_AND_SWAP, LOW_MEM_AND_THRASHING, DIRECT_RECL_AND_THRASHING
06-13 00:04:57.766 D/lowmemorykiller(  231): LMKD mp_event_psi kill_reason received= -1
06-13 00:04:57.813 D/stbdpc  (  403): STB_DPGetNumPaths[570]: num_paths: 1
06-13 00:04:57.866 I/lowmemorykiller(  231): medium memory pressure event is triggered for new strategy
06-13 00:04:57.903 E/ocessService0:( 2252): failed to create Unix domain socket: Operation not permitted
06-13 00:04:57.913 D/stbdpc  (  403): STB_DPGetNumPaths[570]: num_paths: 1
06-13 00:04:57.923 D/dvb_iptv(  403): ReadEmmNetworkTask[1537]: EMM Select Timeout Occured 48
06-13 00:04:57.962 D/JioStbInactivityTimer(  936): Timer: count 76 warningTimeout:10680 timeout:10800
06-13 00:04:57.963 D/JioStbInactivityTimer(  936): isUserActive: Curr:5988053 Prev:5988053
06-13 00:04:57.967 I/lowmemorykiller(  231): medium memory pressure event is triggered for new strategy
06-13 00:04:58.013 D/stbdpc  (  403): STB_DPGetNumPaths[570]: num_paths: 1
06-13 00:04:58.061 I/appium  (32676): AppiumResponse: {"sessionId":"b3947e27-fca1-4dfb-9898-f4f74a24d393","value":null}
06-13 00:04:58.067 I/lowmemorykiller(  231): medium memory pressure event is triggered for new strategy
06-13 00:04:58.094 I/appium  (32676): channel read: POST /session/b3947e27-fca1-4dfb-9898-f4f74a24d393/appium/device/press_keycode
06-13 00:04:58.096 I/appium  (32676): PressKeyCode command
06-13 00:04:58.096 I/appium  (32676): Calling PressKeyCode... 
06-13 00:04:58.102 D/UiDevice(32676): Pressing keycodes [66] with modifier 0.
06-13 00:04:58.111 D/InputDispatcher(  637): injectInputEvent - eventType=1, injectorPid=32635, injectorUid=0, syncMode=2, timeout=30000, policyFlags=0x08000000
06-13 00:04:58.113 D/stbdpc  (  403): STB_DPGetNumPaths[570]: num_paths: 1
06-13 00:04:58.120 D/WindowManager(  637): interceptKeyTq keycode=66 interactive=true keyguardActive=false policyFlags=2b000000
06-13 00:04:58.120 D/WindowManager(  637): CloudPC is in NOT in foreground
06-13 00:04:58.121 D/WindowManager(  637): isKeyNeedsToPassToJioCloudPC :: NO
06-13 00:04:58.122 I/android.hardware.power-service.libperfmgr(  369): Power setBoost: INTERACTION duration: 0
06-13 00:04:58.122 I/libperfmgr(  369): Do Powerhint: INTERACTION
06-13 00:04:58.122 D/WindowManager(  637): interceptKeyTi keyCode=66 down=true repeatCount=0 keyguardOn=false canceled=false
06-13 00:04:58.122 D/WindowManager(  637): CloudPC is in NOT in foreground
06-13 00:04:58.122 I/android.hardware.power-service.libperfmgr(  369): Power setBoost: INTERACTION duration: 0
06-13 00:04:58.122 D/WindowManager(  637): isKeyNeedsToPassToJioCloudPC :: NO
06-13 00:04:58.122 D/GlobalKeyManager(  637): KeyEvent { action=ACTION_DOWN, keyCode=KEYCODE_ENTER, scanCode=0, metaState=0, flags=0x0, repeatCount=0, eventTime=6065219, downTime=6065219, deviceId=-1, source=0x101, displayId=-1 }
06-13 00:04:58.122 I/libperfmgr(  369): Do Powerhint: INTERACTION
06-13 00:04:58.122 D/InputDispatcher(  637): Setting input event injection result to 0.  injectorPid=32635, injectorUid=0
06-13 00:04:58.123 D/InputDispatcher(  637): injectInputEvent - Waiting for 1 pending foreground dispatches.
06-13 00:04:58.128 D/InputDispatcher(  637): injectInputEvent - Finished with result 0. injectorPid=32635, injectorUid=0
06-13 00:04:58.128 D/rtk_heartbeat(  350): heartbeat_timed_out: heartbeatCmdCount = 6043, expected nextSeqNum = 6043
06-13 00:04:58.129 D/rtk_heartbeat(  350): rtkbt_heartbeat_cmpl_cback: Current SeqNum = 6043,should SeqNum=6043, status = 0
06-13 00:04:58.129 D/InputDispatcher(  637): injectInputEvent - eventType=1, injectorPid=32635, injectorUid=0, syncMode=2, timeout=30000, policyFlags=0x08000000
06-13 00:04:58.129 D/WindowManager(  637): interceptKeyTq keycode=66 interactive=true keyguardActive=false policyFlags=2b000000
06-13 00:04:58.130 D/WindowManager(  637): CloudPC is in NOT in foreground
06-13 00:04:58.130 D/WindowManager(  637): isKeyNeedsToPassToJioCloudPC :: NO
06-13 00:04:58.130 D/WindowManager(  637): interceptKeyTi keyCode=66 down=false repeatCount=0 keyguardOn=false canceled=false
06-13 00:04:58.130 D/WindowManager(  637): CloudPC is in NOT in foreground
06-13 00:04:58.130 D/WindowManager(  637): isKeyNeedsToPassToJioCloudPC :: NO
06-13 00:04:58.130 D/GlobalKeyManager(  637): KeyEvent { action=ACTION_UP, keyCode=KEYCODE_ENTER, scanCode=0, metaState=0, flags=0x0, repeatCount=0, eventTime=6065219, downTime=6065219, deviceId=-1, source=0x101, displayId=-1 }
06-13 00:04:58.130 D/InputDispatcher(  637): Setting input event injection result to 0.  injectorPid=32635, injectorUid=0
06-13 00:04:58.130 D/InputDispatcher(  637): injectInputEvent - Waiting for 1 pending foreground dispatches.
06-13 00:04:58.140 I/sub_mixing_factory(  349): [usecase_change_validate_l_sm:1209] ++++continuous:0 dev masks:0, out masks:0, out usecase PCM_NORMAL
06-13 00:04:58.140 I/sub_mixing_factory(  349): [usecase_change_validate_l_sm:1216] add usecase PCM_NORMAL, cnt 1
06-13 00:04:58.140 D/sub_mixing_factory(  349): [usecase_change_validate_l_sm:1228] cur dev masks:0, add out usecase:PCM_NORMAL
06-13 00:04:58.140 I/sub_mixing_factory(  349): [usecase_change_validate_l_sm:1259] ----continuous:0 dev masks:0x1, out masks:0x1, out usecase PCM_NORMAL
06-13 00:04:58.141 D/aml_audio_port(  349): [new_input_port:260] buf_frames:384,frame_size:4 ==> thunk_size:1536
06-13 00:04:58.141 I/aml_audio_port(  349): [get_input_port_type:109] samplerate:48000, flags:0x2, channel_cnt:2
06-13 00:04:58.141 D/aml_audio_port(  349): [new_input_port:286] inport:PCM_SYSTEM, buf:6144, direct:0, format:0x1, rate:48000, ch:2
06-13 00:04:58.141 I/amlAudioMixer(  349): [init_mixer_input_port:175] input port:PCM_SYSTEM, size 384 frames, frame_write_sum:19124224
06-13 00:04:58.141 I/aml_audio_port(  349): [get_input_port_type:109] samplerate:48000, flags:0x2, channel_cnt:2
06-13 00:04:58.141 I/sub_mixing_factory(  349): [mixer_aux_buffer_write_sm:1066] stream 0xf139b000 input port:PCM_SYSTEM
06-13 00:04:58.141 I/sub_mixing_factory(  349): [mixer_aux_buffer_write_sm:1076] padding_bytes 12288
06-13 00:04:58.141 I/amlAudioMixer(  349): [mixer_write_inport:260] input port:PCM_SYSTEM is active now
06-13 00:04:58.141 I/sub_mixing_factory(  349): [mixer_aux_buffer_write_sm:1076] padding_bytes 10752
06-13 00:04:58.141 I/sub_mixing_factory(  349): [mixer_aux_buffer_write_sm:1076] padding_bytes 9216
06-13 00:04:58.141 I/sub_mixing_factory(  349): [mixer_aux_buffer_write_sm:1076] padding_bytes 7680
06-13 00:04:58.141 I/sub_mixing_factory(  349): [mixer_aux_buffer_write_sm:1076] padding_bytes 6144
06-13 00:04:58.142 I/system_server(  637): oneway function results will be dropped but finished with status OK and parcel size 4
06-13 00:04:58.143 I/system_server(  637): oneway function results will be dropped but finished with status OK and parcel size 4
06-13 00:04:58.145 I/amlAudioMixer(  349): [mixer_inports_read:704] input port:PCM_SYSTEM first start, portId:0, avail:6144
06-13 00:04:58.145 D/InputDispatcher(  637): injectInputEvent - Finished with result 0. injectorPid=32635, injectorUid=0
06-13 00:04:58.150 I/sub_mixing_factory(  349): [mixer_aux_buffer_write_sm:1076] padding_bytes 4608
06-13 00:04:58.158 I/sub_mixing_factory(  349): [mixer_aux_buffer_write_sm:1076] padding_bytes 3072
06-13 00:04:58.166 I/sub_mixing_factory(  349): [mixer_aux_buffer_write_sm:1076] padding_bytes 1536
06-13 00:04:58.167 I/appium  (32676): AppiumResponse: {"sessionId":"b3947e27-fca1-4dfb-9898-f4f74a24d393","value":null}
06-13 00:04:58.214 D/stbdpc  (  403): STB_DPGetNumPaths[570]: num_paths: 1
06-13 00:04:58.314 I/chatty  (  403): uid=0(root) DK-SiCntrl identical 1 line
06-13 00:04:58.414 D/stbdpc  (  403): STB_DPGetNumPaths[570]: num_paths: 1
06-13 00:04:58.423 D/dvb_iptv(  403): ReadEmmNetworkTask[1537]: EMM Select Timeout Occured 49
06-13 00:04:58.448 W/APM::AudioPolicyEngine(  391): getDevicesForStrategy() unknown strategy: -1
06-13 00:04:58.449 I/system_server(  637): oneway function results will be dropped but finished with status OK and parcel size 4
06-13 00:04:58.514 D/stbdpc  (  403): STB_DPGetNumPaths[570]: num_paths: 1
06-13 00:04:58.607 I/ThermalService(  987): CPU temperatures: [69.4]
06-13 00:04:58.614 D/stbdpc  (  403): STB_DPGetNumPaths[570]: num_paths: 1
06-13 00:04:58.714 D/stbdpc  (  403): STB_DPGetNumPaths[570]: num_paths: 1
06-13 00:04:58.810 I/.startv.hotsta(  357): Method exceeds compiler instruction limit: 55024 in java.lang.Object com.hotstar.player.a.c(kotlin.coroutines.jvm.internal.ContinuationImpl)
06-13 00:04:58.815 D/stbdpc  (  403): STB_DPGetNumPaths[570]: num_paths: 1
06-13 00:04:58.915 D/stbdpc  (  403): STB_DPGetNumPaths[570]: num_paths: 1
06-13 00:04:58.923 D/dvb_iptv(  403): ReadEmmNetworkTask[1537]: EMM Select Timeout Occured 50
06-13 00:04:58.928 I/.startv.hotsta(  357): oneway function results will be dropped but finished with status OK and parcel size 4
06-13 00:04:58.933 I/e.swalekh.abct( 1352): oneway function results will be dropped but finished with status OK and parcel size 4
06-13 00:04:58.934 D/ltts_ip_emm(  403): LTTS_IP_DMXStartEMM[381]: parse_emm_cat_status failed
06-13 00:04:58.962 D/JioStbInactivityTimer(  936): Timer: count 77 warningTimeout:10680 timeout:10800
06-13 00:04:58.962 D/JioStbInactivityTimer(  936): isUserActive: Curr:5988053 Prev:5988053
06-13 00:04:58.968 D/JioSTBMRServer-SERVICE( 3281): InetSocketAddress(InetAddress.getByName(inetAddress.hostAddress)-/192.168.1.255
06-13 00:04:58.968 D/JioSTBMRServer-SERVICE( 3281): #beacon:RKISBFJ60000097:0:false:0:1:SV=181024 , 192.168.1.255
06-13 00:04:58.977 D/JioSTBMRServer-SERVICE( 3281): InetSocketAddress(InetAddress.getByName(inetAddress.hostAddress)-/192.168.1.255
06-13 00:04:58.977 D/JioSTBMRServer-SERVICE( 3281): #broadcast IP:192.168.1.255
06-13 00:04:58.998 V/DigitalSignage(  637): Package Name: null
06-13 00:04:58.998 V/DigitalSignage(  637): Left: 0
06-13 00:04:58.998 V/DigitalSignage(  637): Right: 0
06-13 00:04:58.998 V/DigitalSignage(  637): Top: 0
06-13 00:04:58.998 I/.startv.hotsta(  357): Background young concurrent copying GC freed 131879(6221KB) AllocSpace objects, 47(1100KB) LOS objects, 35% free, 12MB/19MB, paused 195us total 129.940ms
06-13 00:04:58.998 V/DigitalSignage(  637): Bottom: 0
06-13 00:04:58.999 D/DigitalSignage(  637): else - Package Name :: null left : 0 right :: 0 top :: 0 bottom :: 0 dfu-right :: 1920 dfu-bottom :: 1080
06-13 00:04:59.015 D/stbdpc  (  403): STB_DPGetNumPaths[570]: num_paths: 1
06-13 00:04:59.020 V/DigitalSignage(  637): Package Name: null
06-13 00:04:59.020 V/DigitalSignage(  637): Left: 0
06-13 00:04:59.020 V/DigitalSignage(  637): Right: 0
06-13 00:04:59.020 V/DigitalSignage(  637): Top: 0
06-13 00:04:59.020 V/DigitalSignage(  637): Bottom: 0
06-13 00:04:59.020 D/DigitalSignage(  637): else - Package Name :: null left : 0 right :: 0 top :: 0 bottom :: 0 dfu-right :: 1920 dfu-bottom :: 1080
06-13 00:04:59.029 F/linker  (  924): CANNOT LINK EXECUTABLE "/system/bin/smartcable/smartCableSTBApp": library "libmosquitto.so" not found: needed by main executable
06-13 00:04:59.115 D/stbdpc  (  403): STB_DPGetNumPaths[570]: num_paths: 1
06-13 00:04:59.128 D/rtk_heartbeat(  350): heartbeat_timed_out: heartbeatCmdCount = 6044, expected nextSeqNum = 6044
06-13 00:04:59.130 D/rtk_heartbeat(  350): rtkbt_heartbeat_cmpl_cback: Current SeqNum = 6044,should SeqNum=6044, status = 0
06-13 00:04:59.215 D/stbdpc  (  403): STB_DPGetNumPaths[570]: num_paths: 1
06-13 00:04:59.223 I/lowmemorykiller(  231): medium memory pressure event is triggered for new strategy
06-13 00:04:59.223 D/lowmemorykiller(  231): LMKD mp_event_psi kill_reasons available are PRESSURE_AFTER_KILL, NOT_RESPONDING, LOW_SWAP_AND_THRASHING, LOW_MEM_AND_SWAP, LOW_MEM_AND_THRASHING, DIRECT_RECL_AND_THRASHING
06-13 00:04:59.223 D/lowmemorykiller(  231): LMKD mp_event_psi kill_reason received= -1
06-13 00:04:59.316 D/stbdpc  (  403): STB_DPGetNumPaths[570]: num_paths: 1
06-13 00:04:59.323 I/lowmemorykiller(  231): medium memory pressure event is triggered for new strategy
06-13 00:04:59.324 D/lowmemorykiller(  231): LMKD mp_event_psi kill_reasons available are PRESSURE_AFTER_KILL, NOT_RESPONDING, LOW_SWAP_AND_THRASHING, LOW_MEM_AND_SWAP, LOW_MEM_AND_THRASHING, DIRECT_RECL_AND_THRASHING
06-13 00:04:59.324 D/lowmemorykiller(  231): LMKD mp_event_psi kill_reason received= -1
06-13 00:04:59.416 D/stbdpc  (  403): STB_DPGetNumPaths[570]: num_paths: 1
06-13 00:04:59.423 D/dvb_iptv(  403): ReadEmmNetworkTask[1537]: EMM Select Timeout Occured 51
06-13 00:04:59.424 I/lowmemorykiller(  231): medium memory pressure event is triggered for new strategy
06-13 00:04:59.424 D/lowmemorykiller(  231): LMKD mp_event_psi kill_reasons available are PRESSURE_AFTER_KILL, NOT_RESPONDING, LOW_SWAP_AND_THRASHING, LOW_MEM_AND_SWAP, LOW_MEM_AND_THRASHING, DIRECT_RECL_AND_THRASHING
06-13 00:04:59.424 D/lowmemorykiller(  231): LMKD mp_event_psi kill_reason received= -1
06-13 00:04:59.516 D/stbdpc  (  403): STB_DPGetNumPaths[570]: num_paths: 1
06-13 00:04:59.524 I/lowmemorykiller(  231): medium memory pressure event is triggered for new strategy
06-13 00:04:59.524 D/lowmemorykiller(  231): LMKD mp_event_psi kill_reasons available are PRESSURE_AFTER_KILL, NOT_RESPONDING, LOW_SWAP_AND_THRASHING, LOW_MEM_AND_SWAP, LOW_MEM_AND_THRASHING, DIRECT_RECL_AND_THRASHING
06-13 00:04:59.525 D/lowmemorykiller(  231): LMKD mp_event_psi kill_reason received= -1
06-13 00:04:59.613 E/WifiVendorHal(  637): getWifiLinkLayerStats_1_3_Internal(l.973) failed {.code = ERROR_UNKNOWN, .description = unknown error}
06-13 00:04:59.616 D/stbdpc  (  403): STB_DPGetNumPaths[570]: num_paths: 1
06-13 00:04:59.625 I/lowmemorykiller(  231): medium memory pressure event is triggered for new strategy
06-13 00:04:59.625 D/lowmemorykiller(  231): LMKD mp_event_psi kill_reasons available are PRESSURE_AFTER_KILL, NOT_RESPONDING, LOW_SWAP_AND_THRASHING, LOW_MEM_AND_SWAP, LOW_MEM_AND_THRASHING, DIRECT_RECL_AND_THRASHING
06-13 00:04:59.625 D/lowmemorykiller(  231): LMKD mp_event_psi kill_reason received= -1
06-13 00:04:59.716 D/stbdpc  (  403): STB_DPGetNumPaths[570]: num_paths: 1
06-13 00:04:59.725 I/lowmemorykiller(  231): medium memory pressure event is triggered for new strategy
06-13 00:04:59.725 D/lowmemorykiller(  231): LMKD mp_event_psi kill_reasons available are PRESSURE_AFTER_KILL, NOT_RESPONDING, LOW_SWAP_AND_THRASHING, LOW_MEM_AND_SWAP, LOW_MEM_AND_THRASHING, DIRECT_RECL_AND_THRASHING
06-13 00:04:59.725 D/lowmemorykiller(  231): LMKD mp_event_psi kill_reason received= -1
06-13 00:04:59.817 D/stbdpc  (  403): STB_DPGetNumPaths[570]: num_paths: 1
06-13 00:04:59.825 I/lowmemorykiller(  231): medium memory pressure event is triggered for new strategy
06-13 00:04:59.826 D/lowmemorykiller(  231): LMKD mp_event_psi kill_reasons available are PRESSURE_AFTER_KILL, NOT_RESPONDING, LOW_SWAP_AND_THRASHING, LOW_MEM_AND_SWAP, LOW_MEM_AND_THRASHING, DIRECT_RECL_AND_THRASHING
06-13 00:04:59.826 D/lowmemorykiller(  231): LMKD mp_event_psi kill_reason received= -1
06-13 00:04:59.917 D/stbdpc  (  403): STB_DPGetNumPaths[570]: num_paths: 1
06-13 00:04:59.924 D/dvb_iptv(  403): ReadEmmNetworkTask[1537]: EMM Select Timeout Occured 52
06-13 00:04:59.926 I/lowmemorykiller(  231): medium memory pressure event is triggered for new strategy
06-13 00:04:59.926 D/lowmemorykiller(  231): LMKD mp_event_psi kill_reasons available are PRESSURE_AFTER_KILL, NOT_RESPONDING, LOW_SWAP_AND_THRASHING, LOW_MEM_AND_SWAP, LOW_MEM_AND_THRASHING, DIRECT_RECL_AND_THRASHING
06-13 00:04:59.926 D/lowmemorykiller(  231): LMKD mp_event_psi kill_reason received= -1
06-13 00:04:59.940 E/ocessService0:( 2252): failed to create Unix domain socket: Operation not permitted
06-13 00:04:59.962 D/JioStbInactivityTimer(  936): Timer: count 78 warningTimeout:10680 timeout:10800
06-13 00:04:59.962 D/JioStbInactivityTimer(  936): isUserActive: Curr:5988053 Prev:5988053
06-13 00:05:00.017 D/stbdpc  (  403): STB_DPGetNumPaths[570]: num_paths: 1
06-13 00:05:00.026 I/lowmemorykiller(  231): medium memory pressure event is triggered for new strategy
06-13 00:05:00.027 D/lowmemorykiller(  231): LMKD mp_event_psi kill_reasons available are PRESSURE_AFTER_KILL, NOT_RESPONDING, LOW_SWAP_AND_THRASHING, LOW_MEM_AND_SWAP, LOW_MEM_AND_THRASHING, DIRECT_RECL_AND_THRASHING
06-13 00:05:00.027 D/lowmemorykiller(  231): LMKD mp_event_psi kill_reason received= -1
06-13 00:05:00.117 D/stbdpc  (  403): STB_DPGetNumPaths[570]: num_paths: 1
06-13 00:05:00.127 I/lowmemorykiller(  231): medium memory pressure event is triggered for new strategy
06-13 00:05:00.127 D/lowmemorykiller(  231): LMKD mp_event_psi kill_reasons available are PRESSURE_AFTER_KILL, NOT_RESPONDING, LOW_SWAP_AND_THRASHING, LOW_MEM_AND_SWAP, LOW_MEM_AND_THRASHING, DIRECT_RECL_AND_THRASHING
06-13 00:05:00.127 D/lowmemorykiller(  231): LMKD mp_event_psi kill_reason received= -1
06-13 00:05:00.128 D/rtk_heartbeat(  350): heartbeat_timed_out: heartbeatCmdCount = 6045, expected nextSeqNum = 6045
06-13 00:05:00.129 D/rtk_heartbeat(  350): rtkbt_heartbeat_cmpl_cback: Current SeqNum = 6045,should SeqNum=6045, status = 0
06-13 00:05:00.206 I/appium  (32676): channel read: POST /session/b3947e27-fca1-4dfb-9898-f4f74a24d393/element
06-13 00:05:00.208 W/[ 6067.327320@3]  RTW(    0): fill_default_txdesc(wlan0): SP Packet(0x0806) rate=0x4 SeqNum = 1985
06-13 00:05:00.208 I/appium  (32676): FindElement command
06-13 00:05:00.212 I/appium  (32676): method: 'xpath', selector: '//android.widget.TextView[@resource-id='in.startv.hotstar:id/title']'
06-13 00:05:00.213 I/appium  (32676): Waiting up to 10000ms for the device to idle
06-13 00:05:00.217 D/stbdpc  (  403): STB_DPGetNumPaths[570]: num_paths: 1
06-13 00:05:00.218 I/appium  (32676): The following attributes will be included to the page source: [resource-id]
06-13 00:05:00.227 I/lowmemorykiller(  231): medium memory pressure event is triggered for new strategy
06-13 00:05:00.275 D/DefaultRenderersFactory(  357): Building video renderers, extensionRendererMode 0
06-13 00:05:00.283 I/ExoPlayerImpl(  357): Init 64153cb [ExoPlayerLib/2.16.1] [MSTB, JMSB200A, Jio, 30]
06-13 00:05:00.302 I/MediaFocusControl(  637): requestAudioFocus() from uid/pid 10072/357 clientId=android.media.AudioManager@e25d6f2g2.b$a@ec67143 callingPack=in.startv.hotstar req=1 flags=0x0 sdk=34
06-13 00:05:00.303 I/MediaFocusControl(  637): notifyAudioFocusGain. in.startv.hotstar
06-13 00:05:00.306 D/CustomBootReceiver( 1854): onReceive, Receive broadcast message, com.jio.stb.AUDIO_FOCUS_GAIN
06-13 00:05:00.306 D/CustomBootReceiver( 1854): Recvd broadcast; Audio Focus change from package : in.startv.hotstar
06-13 00:05:00.306 D/AppOptimizerAudioFocusReceiver( 1707): onReceive, Receive broadcast message, com.jio.stb.AUDIO_FOCUS_GAIN
06-13 00:05:00.306 D/AppOptimizerAudioFocusReceiver( 1707): Recvd broadcast; Current Audio Focus=in.startv.hotstar
06-13 00:05:00.306 D/AppOptimizerAudioFocusReceiver( 1707): calling removeApp method
06-13 00:05:00.309 I/DrmUtils(  357): found android.hardware.drm@1.0::IDrmFactory clearkey
06-13 00:05:00.311 I/DrmUtils(  357): found android.hardware.drm@1.0::IDrmFactory verimatrix
06-13 00:05:00.313 I/DrmUtils(  357): found android.hardware.drm@1.0::IDrmFactory widevine
06-13 00:05:00.314 I/DrmUtils(  357): found android.hardware.drm@1.0::IDrmFactory youtube
06-13 00:05:00.317 I/DrmUtils(  357): found android.hardware.drm@1.1::IDrmFactory clearkey
06-13 00:05:00.317 D/stbdpc  (  403): STB_DPGetNumPaths[570]: num_paths: 1
06-13 00:05:00.319 I/DrmUtils(  357): found android.hardware.drm@1.1::IDrmFactory verimatrix
06-13 00:05:00.319 I/lowmemorykiller(  231): medium memory pressure event is triggered for new strategy
06-13 00:05:00.319 D/lowmemorykiller(  231): LMKD mp_event_psi kill_reasons available are PRESSURE_AFTER_KILL, NOT_RESPONDING, LOW_SWAP_AND_THRASHING, LOW_MEM_AND_SWAP, LOW_MEM_AND_THRASHING, DIRECT_RECL_AND_THRASHING
06-13 00:05:00.319 D/lowmemorykiller(  231): LMKD mp_event_psi kill_reason received= -1
06-13 00:05:00.320 I/DrmUtils(  357): found android.hardware.drm@1.1::IDrmFactory widevine
06-13 00:05:00.321 I/DrmUtils(  357): found android.hardware.drm@1.1::IDrmFactory youtube
06-13 00:05:00.324 I/DrmUtils(  357): found android.hardware.drm@1.2::IDrmFactory clearkey
06-13 00:05:00.325 I/DrmUtils(  357): found android.hardware.drm@1.2::IDrmFactory verimatrix
06-13 00:05:00.326 I/DrmUtils(  357): found android.hardware.drm@1.2::IDrmFactory widevine
06-13 00:05:00.327 I/DrmUtils(  357): found android.hardware.drm@1.2::IDrmFactory youtube
06-13 00:05:00.327 I/lowmemorykiller(  231): medium memory pressure event is triggered for new strategy
06-13 00:05:00.330 I/DrmUtils(  357): found android.hardware.drm@1.3::IDrmFactory clearkey
06-13 00:05:00.331 I/DrmUtils(  357): found android.hardware.drm@1.3::IDrmFactory verimatrix
06-13 00:05:00.343 I/DrmUtils(  357): found android.hardware.drm@1.3::IDrmFactory widevine
06-13 00:05:00.344 I/DrmUtils(  357): found android.hardware.drm@1.3::IDrmFactory youtube
06-13 00:05:00.344 W/android.hardware.drm@1.3-service.youtube(  360): isCryptoSchemeSupported, false
06-13 00:05:00.345 I/WVCdm   (  359): [app][in.startv.hotstar] calling virtual Return<void> wvdrm::hardware::drm::V1_3::widevine::WVDrmFactory::createPlugin(const hidl_array<uint8_t, 16> &, const android::hardware::hidl_string &, android::hardware::drm::V1_3::IDrmFactory::createPlugin_cb)
06-13 00:05:00.418 D/stbdpc  (  403): STB_DPGetNumPaths[570]: num_paths: 1
06-13 00:05:00.424 D/dvb_iptv(  403): ReadEmmNetworkTask[1537]: EMM Select Timeout Occured 53
06-13 00:05:00.428 I/lowmemorykiller(  231): medium memory pressure event is triggered for new strategy
06-13 00:05:00.428 D/lowmemorykiller(  231): LMKD mp_event_psi kill_reasons available are PRESSURE_AFTER_KILL, NOT_RESPONDING, LOW_SWAP_AND_THRASHING, LOW_MEM_AND_SWAP, LOW_MEM_AND_THRASHING, DIRECT_RECL_AND_THRASHING
06-13 00:05:00.428 D/lowmemorykiller(  231): LMKD mp_event_psi kill_reason received= -1
06-13 00:05:00.463 D/MediaCodecInfo(  357): NoSupport [sizeAndRate.support, 1920x1080x25.0] [c2.android.hevc.decoder, video/hevc] [MSTB, JMSB200A, Jio, 30]
06-13 00:05:00.465 I/chatty  (  357): uid=10072(in.startv.hotstar) ExoPlayer:Playb identical 2 lines
06-13 00:05:00.465 D/MediaCodecInfo(  357): NoSupport [sizeAndRate.support, 1920x1080x25.0] [c2.android.hevc.decoder, video/hevc] [MSTB, JMSB200A, Jio, 30]
06-13 00:05:00.518 D/stbdpc  (  403): STB_DPGetNumPaths[570]: num_paths: 1
06-13 00:05:00.528 I/lowmemorykiller(  231): medium memory pressure event is triggered for new strategy
06-13 00:05:00.528 D/lowmemorykiller(  231): LMKD mp_event_psi kill_reasons available are PRESSURE_AFTER_KILL, NOT_RESPONDING, LOW_SWAP_AND_THRASHING, LOW_MEM_AND_SWAP, LOW_MEM_AND_THRASHING, DIRECT_RECL_AND_THRASHING
06-13 00:05:00.528 D/lowmemorykiller(  231): LMKD mp_event_psi kill_reason received= -1
06-13 00:05:00.541 D/MediaCodecInfo(  357): NoSupport [sizeAndRate.support, 1920x1080x25.0] [c2.android.hevc.decoder, video/hevc] [MSTB, JMSB200A, Jio, 30]
06-13 00:05:00.570 I/OMXClient(  357): IOmx service obtained
06-13 00:05:00.576 I/OMXMaster(  472): makeComponentInstance(OMX.amlogic.hevc.decoder.awesome2) in android.hardwar process
06-13 00:05:00.578 D/OmxComponentManagerImpl(  472): support frame mode
06-13 00:05:00.581 I/appium  (32676): Took 1ms to retrieve 1 matches for '//android.widget.TextView[@resource-id='in.startv.hotstar:id/title']' XPath2 query
06-13 00:05:00.584 D/OmxComponentManagerImpl(  472): use dv frame mode
06-13 00:05:00.585 D/OmxComponentManagerImpl(  472): support avs frame mode
06-13 00:05:00.585 D/OmxComponentManagerImpl(  472): format support multi-instance
06-13 00:05:00.585 D/OmxComponentManagerImpl(  472): getEntryByName_2_num=0, componentName:OMX.amlogic.hevc.decoder.awesome2
06-13 00:05:00.587 I/[ 6067.707779@0]  resman(    0): 61 appname:OMX-49, type=0
06-13 00:05:00.585 D/omx_video(  472): processName=media.codec
06-13 00:05:00.585 V/AmlogicVideoDecoderAwesome2(  472): [40]AmlogicVideoDecoder2:118 >
06-13 00:05:00.585 V/AmlogicVideoDecoderAwesome2(  472): [40]initializeState_l:1611 >
06-13 00:05:00.585 D/AmlogicVideoDecoderAwesome2(  472): [40]"vendor.media.omx.latency is not set used def=1.000000\n"
06-13 00:05:00.585 D/AmlogicVideoDecoderAwesome2(  472): [40]"vendor.media.omx.frame_numlatency is not set used def=10\n"
06-13 00:05:00.585 D/AmlogicVideoDecoderAwesome2(  472): [40]"vendor.omx.frame_numlimmit is not set used def=20\n"
06-13 00:05:00.585 D/AmlogicVideoDecoderAwesome2(  472): [41]"AmlogicVideoDecoder2, mOmxInstancenum 1, mOmxInstanceID 41"
06-13 00:05:00.585 D/AmlogicVideoDecoderAwesome2(  472): [41]"vendor.omx2.blkmode is not set used def=0\n"
06-13 00:05:00.585 D/AmlogicVideoDecoderAwesome2(  472): [41]"vendor.omx2.maxalloc is not set used def=1\n"
06-13 00:05:00.585 I/AmlogicVideoDecoderAwesome2(  472): [41]"default use NV21"
06-13 00:05:00.585 V/AmlogicVideoPassthrough(  472): [0]AmlogicVideoPassthrough:80 >
06-13 00:05:00.585 D/AmlogicVideoPassthrough(  472): [1]"AmlogicVideoPassthrough, mOmxInstancenum 1, mOmxInstanceID 35"
06-13 00:05:00.586 E/secmem_tz(  472): [Secure_NegotiateVersion:374] Secure_NegotiateVersion 2 2 2 2 2 2
06-13 00:05:00.586 E/secmem_tz(  472): [Secure_NegotiateVersion:384] Negotiated secmem version = 2
06-13 00:05:00.586 W/OmxLogConf(  472): Can not read property media.omx.log_levels, using 0
06-13 00:05:00.586 D/OmxResManage(  472): ResManWrapper OMX-49 init, fd = 12
06-13 00:05:00.586 D/AmlogicVideoDecoderAwesome2(  472): [41]"vendor.media.omx2.out_buffer1 is not set used def=8\n"
06-13 00:05:00.586 D/AmlogicVideoDecoderAwesome2(  472): [41]"out buf:8"
06-13 00:05:00.587 D/AmlogicVideoDecoderAwesome2(  472): [41]"vendor.media.omx2.dw is not set used def=0\n"
06-13 00:05:00.587 D/OmxVideoDecoder(  472): setInputCoding OMX.amlogic.hevc.decoder.awesome2
06-13 00:05:00.587 D/OmxVideoDecoder(  472): mIsLinux49=0, mIsLinux54=1, major=5, minor=4
06-13 00:05:00.587 D/OmxVideoDecoder(  472): multi dec exist
06-13 00:05:00.587 D/OmxVideoDecoder(  472): use dv frame mode
06-13 00:05:00.587 D/OmxVideoDecoder(  472): avs multi dec exist
06-13 00:05:00.588 D/OmxVideoDecoder(  472): Use frame mode for multidec.
06-13 00:05:00.588 D/OmxVideoDecoder(  472): Use min out buffer size
06-13 00:05:00.588 D/OmxVideoDecoder(  472): mSupportPiPVideo = 1
06-13 00:05:00.588 D/OmxVideoDecoder(  472): mMustOsdDisplay 0, mAmVideoUsed=0, mSupportPiPVideo=1, mPipVideoUsed=0, mVideoUsedByOmx=0
06-13 00:05:00.589 D/OMX-VENDOR-EXT(  472): OMX.amlogic.hevc.decoder.awesome2 : Vendor extensions supported (17)
06-13 00:05:00.589 D/OMX-VENDOR-EXT(  472):    vendor.4k-osd{{ enable : Int32 },  }
06-13 00:05:00.589 D/OMX-VENDOR-EXT(  472):    vendor.video-trickmode{{ enable : Int32 },  }
06-13 00:05:00.589 D/OMX-VENDOR-EXT(  472):    vendor.unstable-pts{{ enable : Int32 },  }
06-13 00:05:00.589 D/OMX-VENDOR-EXT(  472):    vendor.is-mvc{{ enable : Int32 },  }
06-13 00:05:00.589 D/OMX-VENDOR-EXT(  472):    vendor.is-flv{{ nContainIndex : Int32 },  }
06-13 00:05:00.589 D/OMX-VENDOR-EXT(  472):    vendor.dvconfig-box{{ disable : Int32 },  }
06-13 00:05:00.589 D/OMX-VENDOR-EXT(  472):    vendor.profile-level{{ n-profile : Int32 },  { n-level : Int32 },  }
06-13 00:05:00.589 D/OMX-VENDOR-EXT(  472):    vendor.nrdp{{ video-peek-in-tunnel : Int32 },  }
06-13 00:05:00.589 D/OMX-VENDOR-EXT(  472):    vendor.low-latency{{ enable : Int32 },  }
06-13 00:05:00.589 D/OMX-VENDOR-EXT(  472):    vendor.save-mem{{ enable : Int32 },  }
06-13 00:05:00.589 D/OMX-VENDOR-EXT(  472):    vendor.videoLayer{{ type : Int32 },  }
06-13 00:05:00.589 D/OMX-VENDOR-EXT(  472):    vendor.renderByOmx{{ enable : Int32 },  }
06-13 00:05:00.589 D/OMX-VENDOR-EXT(  472):    vendor.tunerhal{{ video-filter-id : Int32 },  { hw-av-sync-id : Int32 },  }
06-13 00:05:00.589 D/OMX-VENDOR-EXT(  472):    vendor.VideoQos{{ info : String },  }
06-13 00:05:00.589 D/OMX-VENDOR-EXT(  472):    vendor.rotation-angle{{ angle : Int32 },  }
06-13 00:05:00.589 D/OMX-VENDOR-EXT(  472):    vendor.McodecReport{{ info : String },  }
06-13 00:05:00.589 D/OMX-VENDOR-EXT(  472):    vendor.START.low-latency{{ enable : Int32 },  }
06-13 00:05:00.589 D/OmxVideoDecoder(  472): video type 11 support v4l2, use omx2
06-13 00:05:00.589 D/OmxVideoDecoder(  472): processName=media.codec
06-13 00:05:00.589 D/OmxComponentManagerImpl(  472): IncreaseEntryNumByName pEntry->mNum=0, pEntry->mMaxNum:9,componentName:OMX.amlogic.hevc.decoder.awesome2
06-13 00:05:00.589 I/omx_core(  472): OMX_getHandle_num=1
06-13 00:05:00.589 D/OmxComponent(  472): mApkName=media.codec
06-13 00:05:00.591 I/appium  (32676): AppiumResponse: {"sessionId":"b3947e27-fca1-4dfb-9898-f4f74a24d393","value":{"ELEMENT":"00000000-0000-004e-ffff-ffff000000aa","element-6066-11e4-a52e-4f735466cecf":"00000000-0000-004e-ffff-ffff000000aa"}}
06-13 00:05:00.602 D/SurfaceUtils(  357): connecting to surface 0xb6e3cc08, reason connectToSurface
06-13 00:05:00.602 I/MediaCodec(  357): [OMX.amlogic.hevc.decoder.awesome2] setting surface generation to 365569
06-13 00:05:00.602 D/SurfaceUtils(  357): disconnecting from surface 0xb6e3cc08, reason connectToSurface(reconnect)
06-13 00:05:00.602 D/SurfaceUtils(  357): connecting to surface 0xb6e3cc08, reason connectToSurface(reconnect)
06-13 00:05:00.602 I/AmAVUtils(  357): AmAVUtils::getComponentRole isEncoder :0 mime:video/hevc 
06-13 00:05:00.602 V/MediaVendorExt(  357): AVUtils::getComponentRole
06-13 00:05:00.602 I/MediaVendorExt(  357): AmAVUtils::getComponentRole isEncoder :0 mime:video/hevc 
06-13 00:05:00.603 D/OmxVideoDecoder(  472): setParameter 1599 0x1000017
06-13 00:05:00.603 D/OmxVideoDecoder(  472): setInputCoding video_decoder.hevc
06-13 00:05:00.603 D/OmxComponent(  472): getExtensionIndex 1237 name="OMX.google.android.index.enableAndroidNativeBuffers"
06-13 00:05:00.603 D/OmxVideoDecoder(  472): setParameter 1599 0x7f000000
06-13 00:05:00.603 V/OmxVideoDecoder(  472): setParameter 2201 EnableNativeBuffers 1
06-13 00:05:00.603 V/OmxVideoDecoder(  472): updatePort mUseNativeBuffers 1
06-13 00:05:00.603 V/OmxVideoDecoder(  472): nWidth=640,nHeight=480, nMinbufs=0
06-13 00:05:00.603 D/OmxComponent(  472): getExtensionIndex 1237 name="OMX.google.android.index.allocateNativeHandle"
06-13 00:05:00.603 D/OmxVideoDecoder(  472): setParameter 1599 0x7f00000a
06-13 00:05:00.603 E/OMXNodeInstance(  472): setParameter(0xecd9b438:amlogic.hevc.decoder.awesome2, OMX.google.android.index.allocateNativeHandle(0x7f00000a): Output:1 en=0) ERROR: UnsupportedSetting(0x80001019)
06-13 00:05:00.603 D/OmxComponent(  472): getExtensionIndex 1237 name="OMX.google.android.index.storeANWBufferInMetadata"
06-13 00:05:00.603 D/OmxVideoDecoder(  472): setParameter 1599 0x7f00000d
06-13 00:05:00.603 D/OmxVideoDecoder(  472): setParameter 2221 OMX_GoogleAndroidStoreANWBufferInMetadata
06-13 00:05:00.603 V/OmxVideoDecoder(  472): mUseStoreANWBufferInMetadata=1
06-13 00:05:00.604 E/OMXNodeInstance(  472): getParameter(0xecd9b438:amlogic.hevc.decoder.awesome2, ??(0x6f600011)) ERROR: UnsupportedIndex(0x8000101a)
06-13 00:05:00.605 D/OmxVideoDecoder(  472): setParameter 1599 0x6000001
06-13 00:05:00.605 D/OmxVideoDecoder(  472): setParameter nPortIndex 0 CompFmt 0xb ColorFmt 0
06-13 00:05:00.605 D/OmxVideoDecoder(  472): setParameter 1599 0x6000001
06-13 00:05:00.605 D/OmxVideoDecoder(  472): setParameter nPortIndex 1 CompFmt 0 ColorFmt 0x11
06-13 00:05:00.605 I/OmxVideoDecoder(  472): getParameter Component Name OMX.amlogic.hevc.decoder.awesome2, width 640, height 480 nBufferCountMin:3
06-13 00:05:00.606 D/OmxVideoDecoder(  472): setParameter 1599 0x2000001
06-13 00:05:00.606 D/OmxVideoDecoder(  472): setParameter nPortIndex 0 nFrameWidth 1920 nFrameHeight 1080 nSliceHeight 16
06-13 00:05:00.606 E/OmxVideoDecoder(  472):  reset input buffer:2073600
06-13 00:05:00.606 V/OmxVideoDecoder(  472): updatePort mUseNativeBuffers 1
06-13 00:05:00.606 V/OmxVideoDecoder(  472): nWidth=640,nHeight=480, nMinbufs=0
06-13 00:05:00.607 I/OmxVideoDecoder(  472): getParameter Component Name OMX.amlogic.hevc.decoder.awesome2, width 640, height 480 nBufferCountMin:8
06-13 00:05:00.607 D/OmxVideoDecoder(  472): setParameter 1599 0x2000001
06-13 00:05:00.607 D/OmxVideoDecoder(  472): adaptiveplayback default set w*d: 4096*2304
06-13 00:05:00.607 D/OmxVideoDecoder(  472): media.omx.display_mode=3
06-13 00:05:00.607 D/OmxVideoDecoder(  472): mjpeg vc1 wmv wmv3 force display_mode=3
06-13 00:05:00.607 D/OmxVideoDecoder(  472): choose mVideoUsedByOmx=0, mVideoUsedByThis=0, mAmVideoUsed=0
06-13 00:05:00.607 D/OmxVideoDecoder(  472): mDisplayMode = DISPLAY_MODE_V4LVIDEO
06-13 00:05:00.607 D/OmxVideoDecoder(  472): choose mDisplayMode=3
06-13 00:05:00.607 D/OmxVideoDecoder(  472): setParameter nPortIndex 1 nFrameWidth 1920 nFrameHeight 1080 nSliceHeight 1080
06-13 00:05:00.607 V/OmxVideoDecoder(  472): updatePort mUseNativeBuffers 1
06-13 00:05:00.607 V/OmxVideoDecoder(  472): nWidth=1920,nHeight=1080, nMinbufs=0
06-13 00:05:00.607 D/OmxComponent(  472): getExtensionIndex 1237 name="OMX.google.android.index.describeColorAspects"
06-13 00:05:00.608 D/OmxComponent(  472): getExtensionIndex 1237 name="OMX.google.android.index.storeMetaDataInBuffers"
06-13 00:05:00.608 D/OmxComponent(  472): getExtensionIndex 1237 name="OMX.google.android.index.storeANWBufferInMetadata"
06-13 00:05:00.608 D/OmxComponent(  472): getExtensionIndex 1237 name="OMX.google.android.index.prepareForAdaptivePlayback"
06-13 00:05:00.608 D/OmxComponent(  472): getExtensionIndex 1237 name="OMX.google.android.index.configureVideoTunnelMode"
06-13 00:05:00.608 D/OmxComponent(  472): getExtensionIndex 1237 name="OMX.google.android.index.useAndroidNativeBuffer2"
06-13 00:05:00.608 D/OmxComponent(  472): getExtensionIndex 1237 name="OMX.google.android.index.useAndroidNativeBuffer"
06-13 00:05:00.608 D/OmxComponent(  472): getExtensionIndex 1237 name="OMX.google.android.index.enableAndroidNativeBuffers"
06-13 00:05:00.608 D/OmxComponent(  472): getExtensionIndex 1237 name="OMX.google.android.index.allocateNativeHandle"
06-13 00:05:00.608 D/OmxComponent(  472): getExtensionIndex 1237 name="OMX.google.android.index.getAndroidNativeBufferUsage"
06-13 00:05:00.608 D/OmxVideoDecoder(  472): setConfig 3009 0x7f00000c
06-13 00:05:00.608 D/OmxComponent(  472): getExtensionIndex 1237 name="OMX.google.android.index.describeHDRStaticInfo"
06-13 00:05:00.608 D/OmxComponent(  472): getExtensionIndex 1237 name="OMX.google.android.index.describeHDR10PlusInfo"
06-13 00:05:00.609 D/OmxVideoDecoder(  472): setConfig 3009 0x7f000009
06-13 00:05:00.609 D/OmxVideoDecoder(  472): HDRStaticInfo: R=0 0; G=0 0; B=0 0; W=0 0; MaxDisplayLuminance:0, MinDisplayLuminance=0, mMaxContentLightLevel=0, MaxContentLightLevel=0
06-13 00:05:00.609 D/OmxVideoDecoder(  472): HDRStaticInfo: all parmeter is 0, set mHasHDRStaticInfo to false
06-13 00:05:00.609 I/AmAVUtils(  357): AmAVUtils::isAudioExtendFormat input = video/hevc
06-13 00:05:00.609 I/AmAVUtils(  357): AmAVUtils::isExtendFormat input = video/hevc
06-13 00:05:00.609 I/OmxVideoDecoder(  472): getParameter Component Name OMX.amlogic.hevc.decoder.awesome2, width 1920, height 1080 nBufferCountMin:3
06-13 00:05:00.609 D/OmxVideoDecoder(  472): setConfig 3009 0x6f800002
06-13 00:05:00.609 V/OmxVideoDecoder(  472): setConfig 3192 nIndex 0x6f800002
06-13 00:05:00.609 D/OmxComponent(  472): setConfig 1230
06-13 00:05:00.609 E/OMXNodeInstance(  472): setConfig(0xecd9b438:amlogic.hevc.decoder.awesome2, ConfigPriority(0x6f800002)) ERROR: UnsupportedIndex(0x8000101a)
06-13 00:05:00.609 I/ACodec  (  357): codec does not support config priority (err -1010)
06-13 00:05:00.610 I/OmxVideoDecoder(  472): getParameter Component Name OMX.amlogic.hevc.decoder.awesome2, width 1920, height 1080 nBufferCountMin:3
06-13 00:05:00.611 D/OmxVideoDecoder(  472): getConfig 2867 0x6f100004
06-13 00:05:00.611 V/OmxVideoDecoder(  472): VendorExt: getConfig: index=0 (4k-osd)
06-13 00:05:00.611 D/OmxVideoDecoder(  472): getConfig 2867 0x6f100004
06-13 00:05:00.611 V/OmxVideoDecoder(  472): VendorExt: getConfig: index=1 (video-trickmode)
06-13 00:05:00.611 D/OmxVideoDecoder(  472): getConfig 2867 0x6f100004
06-13 00:05:00.611 V/OmxVideoDecoder(  472): VendorExt: getConfig: index=2 (unstable-pts)
06-13 00:05:00.612 D/OmxVideoDecoder(  472): getConfig 2867 0x6f100004
06-13 00:05:00.612 V/OmxVideoDecoder(  472): VendorExt: getConfig: index=3 (is-mvc)
06-13 00:05:00.613 D/OmxVideoDecoder(  472): getConfig 2867 0x6f100004
06-13 00:05:00.613 V/OmxVideoDecoder(  472): VendorExt: getConfig: index=4 (is-flv)
06-13 00:05:00.614 D/OmxVideoDecoder(  472): getConfig 2867 0x6f100004
06-13 00:05:00.614 V/OmxVideoDecoder(  472): VendorExt: getConfig: index=5 (dvconfig-box)
06-13 00:05:00.614 D/OmxVideoDecoder(  472): getConfig 2867 0x6f100004
06-13 00:05:00.614 V/OmxVideoDecoder(  472): VendorExt: getConfig: index=6 (profile-level)
06-13 00:05:00.614 D/OmxVideoDecoder(  472): getConfig 2867 0x6f100004
06-13 00:05:00.614 V/OmxVideoDecoder(  472): VendorExt: getConfig: index=6 (profile-level)
06-13 00:05:00.614 D/OmxVideoDecoder(  472): getConfig 2867 0x6f100004
06-13 00:05:00.614 V/OmxVideoDecoder(  472): VendorExt: getConfig: index=7 (nrdp)
06-13 00:05:00.615 D/OmxVideoDecoder(  472): getConfig 2867 0x6f100004
06-13 00:05:00.615 V/OmxVideoDecoder(  472): VendorExt: getConfig: index=8 (low-latency)
06-13 00:05:00.615 D/OmxVideoDecoder(  472): getConfig 2867 0x6f100004
06-13 00:05:00.615 V/OmxVideoDecoder(  472): VendorExt: getConfig: index=9 (save-mem)
06-13 00:05:00.617 D/OmxVideoDecoder(  472): getConfig 2867 0x6f100004
06-13 00:05:00.617 V/OmxVideoDecoder(  472): VendorExt: getConfig: index=10 (videoLayer)
06-13 00:05:00.618 D/stbdpc  (  403): STB_DPGetNumPaths[570]: num_paths: 1
06-13 00:05:00.619 D/OmxVideoDecoder(  472): getConfig 2867 0x6f100004
06-13 00:05:00.619 V/OmxVideoDecoder(  472): VendorExt: getConfig: index=11 (renderByOmx)
06-13 00:05:00.619 D/OmxVideoDecoder(  472): getConfig 2867 0x6f100004
06-13 00:05:00.619 V/OmxVideoDecoder(  472): VendorExt: getConfig: index=12 (tunerhal)
06-13 00:05:00.620 D/OmxVideoDecoder(  472): getConfig 2867 0x6f100004
06-13 00:05:00.620 V/OmxVideoDecoder(  472): VendorExt: getConfig: index=12 (tunerhal)
06-13 00:05:00.620 D/OmxVideoDecoder(  472): getConfig 2867 0x6f100004
06-13 00:05:00.620 V/OmxVideoDecoder(  472): VendorExt: getConfig: index=13 (VideoQos)
06-13 00:05:00.621 D/OmxVideoDecoder(  472): getConfig 2867 0x6f100004
06-13 00:05:00.621 V/OmxVideoDecoder(  472): VendorExt: getConfig: index=14 (rotation-angle)
06-13 00:05:00.621 D/OmxVideoDecoder(  472): getConfig 2867 0x6f100004
06-13 00:05:00.621 V/OmxVideoDecoder(  472): VendorExt: getConfig: index=15 (McodecReport)
06-13 00:05:00.621 D/OmxVideoDecoder(  472): mMcodecReport=0 mPeer.get=0xecda4000
06-13 00:05:00.621 D/OmxVideoDecoder(  472): getConfig 2867 0x6f100004
06-13 00:05:00.621 V/OmxVideoDecoder(  472): VendorExt: getConfig: index=16 (START.low-latency)
06-13 00:05:00.621 D/OmxVideoDecoder(  472): getConfig 2867 0x6f100004
06-13 00:05:00.621 V/OmxVideoDecoder(  472): updatePort mUseNativeBuffers 1
06-13 00:05:00.621 V/OmxVideoDecoder(  472): nWidth=1920,nHeight=1080, nMinbufs=0
06-13 00:05:00.621 I/OmxVideoDecoder(  472): getParameter Component Name OMX.amlogic.hevc.decoder.awesome2, width 1920, height 1080 nBufferCountMin:8
06-13 00:05:00.621 D/OmxVideoDecoder(  472): getConfig 2867 0x700000f
06-13 00:05:00.621 D/OmxVideoDecoder(  472): getConfig 2870 nIndex 0x700000f
06-13 00:05:00.622 I/AmlogicVideoDecoderAwesome2(  472): [41]"getAndroidNativeBufferCrop [1920 x 1080] \n"
06-13 00:05:00.622 D/OmxVideoDecoder(  472): getConfig OMX_IndexConfigCommonOutputCrop pRect->nWidth=1920, pRect->nHeight=1080
06-13 00:05:00.622 D/OmxVideoDecoder(  472): setConfig 3009 0x7f00000c
06-13 00:05:00.622 D/OmxVideoDecoder(  472): getConfig 2867 0x7f00000c
06-13 00:05:00.622 D/OmxVideoDecoder(  472): getConfig 2867 0x7f00000c
06-13 00:05:00.622 E/OMXNodeInstance(  472): getConfig(0xecd9b438:amlogic.hevc.decoder.awesome2, ??(0x7f00000c)) ERROR: UnsupportedSetting(0x80001019)
06-13 00:05:00.622 D/OmxVideoDecoder(  472): getConfig 2867 0x7f000009
06-13 00:05:00.623 D/OmxVideoDecoder(  472): getConfig 2867 0x6f100004
06-13 00:05:00.623 V/OmxVideoDecoder(  472): VendorExt: getConfig: index=0 (4k-osd)
06-13 00:05:00.623 D/OmxVideoDecoder(  472): getConfig 2867 0x6f100004
06-13 00:05:00.623 V/OmxVideoDecoder(  472): VendorExt: getConfig: index=1 (video-trickmode)
06-13 00:05:00.624 D/OmxVideoDecoder(  472): getConfig 2867 0x6f100004
06-13 00:05:00.624 V/OmxVideoDecoder(  472): VendorExt: getConfig: index=2 (unstable-pts)
06-13 00:05:00.624 I/ThermalService(  987): CPU temperatures: [73.0]
06-13 00:05:00.624 D/OmxVideoDecoder(  472): getConfig 2867 0x6f100004
06-13 00:05:00.624 V/OmxVideoDecoder(  472): VendorExt: getConfig: index=3 (is-mvc)
06-13 00:05:00.624 D/OmxVideoDecoder(  472): getConfig 2867 0x6f100004
06-13 00:05:00.624 V/OmxVideoDecoder(  472): VendorExt: getConfig: index=4 (is-flv)
06-13 00:05:00.624 D/OmxVideoDecoder(  472): getConfig 2867 0x6f100004
06-13 00:05:00.625 V/OmxVideoDecoder(  472): VendorExt: getConfig: index=5 (dvconfig-box)
06-13 00:05:00.625 D/OmxVideoDecoder(  472): getConfig 2867 0x6f100004
06-13 00:05:00.625 V/OmxVideoDecoder(  472): VendorExt: getConfig: index=6 (profile-level)
06-13 00:05:00.625 D/OmxVideoDecoder(  472): getConfig 2867 0x6f100004
06-13 00:05:00.625 V/OmxVideoDecoder(  472): VendorExt: getConfig: index=6 (profile-level)
06-13 00:05:00.625 D/OmxVideoDecoder(  472): getConfig 2867 0x6f100004
06-13 00:05:00.625 V/OmxVideoDecoder(  472): VendorExt: getConfig: index=7 (nrdp)
06-13 00:05:00.625 D/OmxVideoDecoder(  472): getConfig 2867 0x6f100004
06-13 00:05:00.626 V/OmxVideoDecoder(  472): VendorExt: getConfig: index=8 (low-latency)
06-13 00:05:00.626 D/OmxVideoDecoder(  472): getConfig 2867 0x6f100004
06-13 00:05:00.626 V/OmxVideoDecoder(  472): VendorExt: getConfig: index=9 (save-mem)
06-13 00:05:00.626 D/OmxVideoDecoder(  472): getConfig 2867 0x6f100004
06-13 00:05:00.626 V/OmxVideoDecoder(  472): VendorExt: getConfig: index=10 (videoLayer)
06-13 00:05:00.626 D/OmxVideoDecoder(  472): getConfig 2867 0x6f100004
06-13 00:05:00.626 V/OmxVideoDecoder(  472): VendorExt: getConfig: index=11 (renderByOmx)
06-13 00:05:00.626 D/OmxVideoDecoder(  472): getConfig 2867 0x6f100004
06-13 00:05:00.626 V/OmxVideoDecoder(  472): VendorExt: getConfig: index=12 (tunerhal)
06-13 00:05:00.627 D/OmxVideoDecoder(  472): getConfig 2867 0x6f100004
06-13 00:05:00.627 V/OmxVideoDecoder(  472): VendorExt: getConfig: index=12 (tunerhal)
06-13 00:05:00.628 D/OmxVideoDecoder(  472): getConfig 2867 0x6f100004
06-13 00:05:00.628 V/OmxVideoDecoder(  472): VendorExt: getConfig: index=13 (VideoQos)
06-13 00:05:00.628 D/OmxVideoDecoder(  472): getConfig 2867 0x6f100004
06-13 00:05:00.628 V/OmxVideoDecoder(  472): VendorExt: getConfig: index=14 (rotation-angle)
06-13 00:05:00.628 D/OmxVideoDecoder(  472): getConfig 2867 0x6f100004
06-13 00:05:00.628 V/OmxVideoDecoder(  472): VendorExt: getConfig: index=15 (McodecReport)
06-13 00:05:00.628 D/OmxVideoDecoder(  472): mMcodecReport=0 mPeer.get=0xecda4000
06-13 00:05:00.628 D/OmxVideoDecoder(  472): getConfig 2867 0x6f100004
06-13 00:05:00.628 V/OmxVideoDecoder(  472): VendorExt: getConfig: index=16 (START.low-latency)
06-13 00:05:00.628 I/lowmemorykiller(  231): medium memory pressure event is triggered for new strategy
06-13 00:05:00.629 D/lowmemorykiller(  231): LMKD mp_event_psi kill_reasons available are PRESSURE_AFTER_KILL, NOT_RESPONDING, LOW_SWAP_AND_THRASHING, LOW_MEM_AND_SWAP, LOW_MEM_AND_THRASHING, DIRECT_RECL_AND_THRASHING
06-13 00:05:00.629 D/lowmemorykiller(  231): LMKD mp_event_psi kill_reason received= -1
06-13 00:05:00.629 D/OmxVideoDecoder(  472): getConfig 2867 0x6f100004
06-13 00:05:00.630 I/OmxComponent(  472): OMX_CommandStateSet 850 Cmd 0 nParam1 0x2
06-13 00:05:00.630 I/OmxComponent(  472): OMX-49 STATE_SET:   OMX_StateLoaded => OMX_StateIdle : OMX.amlogic.hevc.decoder.awesome2
06-13 00:05:00.630 I/OmxComponent(  472): OMX-49 STATE_TRANS: OMX_StateLoaded => OMX_StateIdle : OMX.amlogic.hevc.decoder.awesome2
06-13 00:05:00.631 I/OmxVideoDecoder(  472): getParameter Component Name OMX.amlogic.hevc.decoder.awesome2, width 1920, height 1080 nBufferCountMin:3
06-13 00:05:00.648 I/appium  (32676): channel read: GET /session/b3947e27-fca1-4dfb-9898-f4f74a24d393/element/00000000-0000-004e-ffff-ffff000000aa/attribute/displayed
06-13 00:05:00.650 I/appium  (32676): GetElementAttribute command
06-13 00:05:00.661 I/appium  (32676): AppiumResponse: {"sessionId":"b3947e27-fca1-4dfb-9898-f4f74a24d393","value":"true"}
06-13 00:05:00.673 I/OmxComponent(  472): OMX-49 STATE_TRANS: OMX_StateLoaded => OMX_StateIdle : OMX.amlogic.hevc.decoder.awesome2
06-13 00:05:00.673 I/chatty  (  472): uid=1046(mediacodec) ecoder.awesome2 identical 1 line
06-13 00:05:00.674 I/OmxComponent(  472): OMX-49 STATE_TRANS: OMX_StateLoaded => OMX_StateIdle : OMX.amlogic.hevc.decoder.awesome2
06-13 00:05:00.675 V/OmxVideoDecoder(  472): updatePort mUseNativeBuffers 1
06-13 00:05:00.675 V/OmxVideoDecoder(  472): nWidth=1920,nHeight=1080, nMinbufs=0
06-13 00:05:00.675 I/OmxVideoDecoder(  472): getParameter Component Name OMX.amlogic.hevc.decoder.awesome2, width 1920, height 1080 nBufferCountMin:8
06-13 00:05:00.675 V/OmxVideoDecoder(  472): updatePort mUseNativeBuffers 1
06-13 00:05:00.675 V/OmxVideoDecoder(  472): nWidth=1920,nHeight=1080, nMinbufs=0
06-13 00:05:00.675 I/OmxVideoDecoder(  472): getParameter Component Name OMX.amlogic.hevc.decoder.awesome2, width 1920, height 1080 nBufferCountMin:8
06-13 00:05:00.675 D/OmxComponent(  472): getExtensionIndex 1237 name="OMX.google.android.index.AndroidNativeBufferConsumerUsage"
06-13 00:05:00.676 D/OmxVideoDecoder(  472): setParameter 1599 0x7f00000b
06-13 00:05:00.676 D/OmxVideoDecoder(  472): OMX_GoogleAndroidIndexAndroidNativeBufferConsumerUsage 0x100
06-13 00:05:00.676 D/OmxVideoDecoder(  472): Use OSD layer if don't use HWC.
06-13 00:05:00.676 D/OmxComponent(  472): getExtensionIndex 1237 name="OMX.google.android.index.getAndroidNativeBufferUsage"
06-13 00:05:00.676 D/OmxVideoDecoder(  472): Get NativeBufferUsage 0xc00200
06-13 00:05:00.676 D/SurfaceUtils(  357): set up nativeWindow 0xb6e3cc08 for 1920x1080, color 0x11, rotation 0, usage 0xc02b00
06-13 00:05:00.676 D/OmxVideoDecoder(  472): setParameter 1599 0x2000001
06-13 00:05:00.676 D/OmxVideoDecoder(  472): adaptiveplayback default set w*d: 4096*2304
06-13 00:05:00.676 W/OmxVideoDecoder(  472): 4kosd set output error, newBufferCount 13 > 12
06-13 00:05:00.676 E/OMXNodeInstance(  472): setParameter(0xecd9b438:amlogic.hevc.decoder.awesome2, ParamPortDefinition(0x2000001)) ERROR: UnsupportedSetting(0x80001019)
