06-13 00:16:43.908 I/lowmemorykiller(  231): medium memory pressure event is triggered for new strategy
06-13 00:16:43.911 I/system_server(  637): oneway function results will be dropped but finished with status OK and parcel size 4
06-13 00:16:43.912 W/APM::AudioPolicyEngine(  391): getDevicesForStrategy() unknown strategy: -1
06-13 00:16:43.913 I/chatty  (  391): uid=1041(audioserver) ApmOutput identical 1 line
06-13 00:16:43.913 W/APM::AudioPolicyEngine(  391): getDevicesForStrategy() unknown strategy: -1
06-13 00:16:43.917 D/stbdpc  (  403): STB_DPGetNumPaths[570]: num_paths: 1
06-13 00:16:43.919 W/AudioManager( 1786): Use of stream types is deprecated for operations other than volume control
06-13 00:16:43.919 W/AudioManager( 1786): See the documentation of requestAudioFocus() for what to use instead with android.media.AudioAttributes to qualify your playback use case
06-13 00:16:43.920 I/MediaFocusControl(  637): requestAudioFocus() from uid/pid 10035/1786 clientId=android.media.AudioManager@14d1fe5org.chromium.content.browser.AudioFocusDelegate@416f302 callingPack=com.iwedia.ui.rjio.launcher.reliance req=1 flags=0x0 sdk=34
06-13 00:16:43.921 I/lowmemorykiller(  231): medium memory pressure event is triggered for new strategy
06-13 00:16:43.931 I/lowmemorykiller(  231): medium memory pressure event is triggered for new strategy
06-13 00:16:43.934 W/APM::AudioPolicyEngine(  391): getDevicesForStrategy() unknown strategy: -1
06-13 00:16:43.938 I/chatty  (  391): uid=1041(audioserver) Binder:391_7 identical 1 line
06-13 00:16:43.938 W/APM::AudioPolicyEngine(  391): getDevicesForStrategy() unknown strategy: -1
06-13 00:16:43.943 I/lowmemorykiller(  231): medium memory pressure event is triggered for new strategy
06-13 00:16:43.952 I/system_server(  637): oneway function results will be dropped but finished with status OK and parcel size 4
06-13 00:16:43.956 I/lowmemorykiller(  231): medium memory pressure event is triggered for new strategy
06-13 00:16:43.968 I/lowmemorykiller(  231): medium memory pressure event is triggered for new strategy
06-13 00:16:43.971 D/uncher.relianc( 1786): PlayerBase::stop() from IPlayer
06-13 00:16:43.972 D/AudioTrack( 1786): stop(85): called with 3770 frames delivered
06-13 00:16:43.980 I/lowmemorykiller(  231): medium memory pressure event is triggered for new strategy
06-13 00:16:44.003 I/chatty  (  231): uid=1069(lmkd) /system/bin/lmkd identical 2 lines
06-13 00:16:44.015 I/lowmemorykiller(  231): medium memory pressure event is triggered for new strategy
06-13 00:16:44.017 D/stbdpc  (  403): STB_DPGetNumPaths[570]: num_paths: 1
06-13 00:16:44.025 W/AudioManager( 1786): Use of stream types is deprecated for operations other than volume control
06-13 00:16:44.025 W/AudioManager( 1786): See the documentation of requestAudioFocus() for what to use instead with android.media.AudioAttributes to qualify your playback use case
06-13 00:16:44.026 I/MediaFocusControl(  637): requestAudioFocus() from uid/pid 10035/1786 clientId=android.media.AudioManager@14d1fe5org.chromium.content.browser.AudioFocusDelegate@416f302 callingPack=com.iwedia.ui.rjio.launcher.reliance req=1 flags=0x0 sdk=34
06-13 00:16:44.028 I/lowmemorykiller(  231): medium memory pressure event is triggered for new strategy
06-13 00:16:44.052 I/chatty  (  231): uid=1069(lmkd) /system/bin/lmkd identical 2 lines
06-13 00:16:44.065 I/lowmemorykiller(  231): medium memory pressure event is triggered for new strategy
06-13 00:16:44.072 D/JioStbInactivityTimer(  936): Timer: count 76 warningTimeout:10680 timeout:10800
06-13 00:16:44.073 D/JioStbInactivityTimer(  936): isUserActive: Curr:6694131 Prev:6694131
06-13 00:16:44.074 D/uncher.relianc( 1786): PlayerBase::stop() from IPlayer
06-13 00:16:44.074 D/AudioTrack( 1786): stop(85): called with 3770 frames delivered
06-13 00:16:44.075 I/lowmemorykiller(  231): medium memory pressure event is triggered for new strategy
06-13 00:16:44.117 D/stbdpc  (  403): STB_DPGetNumPaths[570]: num_paths: 1
06-13 00:16:44.124 W/AudioManager( 1786): Use of stream types is deprecated for operations other than volume control
06-13 00:16:44.124 W/AudioManager( 1786): See the documentation of requestAudioFocus() for what to use instead with android.media.AudioAttributes to qualify your playback use case
06-13 00:16:44.127 I/MediaFocusControl(  637): requestAudioFocus() from uid/pid 10035/1786 clientId=android.media.AudioManager@14d1fe5org.chromium.content.browser.AudioFocusDelegate@416f302 callingPack=com.iwedia.ui.rjio.launcher.reliance req=1 flags=0x0 sdk=34
06-13 00:16:44.128 W/APM::AudioPolicyEngine(  391): getDevicesForStrategy() unknown strategy: -1
06-13 00:16:44.129 I/chatty  (  391): uid=1041(audioserver) ApmOutput identical 1 line
06-13 00:16:44.129 W/APM::AudioPolicyEngine(  391): getDevicesForStrategy() unknown strategy: -1
06-13 00:16:44.130 I/system_server(  637): oneway function results will be dropped but finished with status OK and parcel size 4
06-13 00:16:44.141 I/appium  ( 5964): The following attributes will be included to the page source: [resource-id]
06-13 00:16:44.155 I/lowmemorykiller(  231): medium memory pressure event is triggered for new strategy
06-13 00:16:44.155 D/lowmemorykiller(  231): LMKD mp_event_psi kill_reasons available are PRESSURE_AFTER_KILL, NOT_RESPONDING, LOW_SWAP_AND_THRASHING, LOW_MEM_AND_SWAP, LOW_MEM_AND_THRASHING, DIRECT_RECL_AND_THRASHING
06-13 00:16:44.155 D/lowmemorykiller(  231): LMKD mp_event_psi kill_reason received= -1
06-13 00:16:44.160 W/APM::AudioPolicyEngine(  391): getDevicesForStrategy() unknown strategy: -1
06-13 00:16:44.162 I/chatty  (  391): uid=1041(audioserver) Binder:391_7 identical 1 line
06-13 00:16:44.162 W/APM::AudioPolicyEngine(  391): getDevicesForStrategy() unknown strategy: -1
06-13 00:16:44.165 I/lowmemorykiller(  231): medium memory pressure event is triggered for new strategy
06-13 00:16:44.168 I/system_server(  637): oneway function results will be dropped but finished with status OK and parcel size 4
06-13 00:16:44.176 I/lowmemorykiller(  231): medium memory pressure event is triggered for new strategy
06-13 00:16:44.188 I/lowmemorykiller(  231): medium memory pressure event is triggered for new strategy
06-13 00:16:44.189 D/uncher.relianc( 1786): PlayerBase::stop() from IPlayer
06-13 00:16:44.189 D/AudioTrack( 1786): stop(85): called with 3770 frames delivered
06-13 00:16:44.200 I/lowmemorykiller(  231): medium memory pressure event is triggered for new strategy
06-13 00:16:44.201 D/lowmemorykiller(  231): LMKD mp_event_psi kill_reasons available are PRESSURE_AFTER_KILL, NOT_RESPONDING, LOW_SWAP_AND_THRASHING, LOW_MEM_AND_SWAP, LOW_MEM_AND_THRASHING, DIRECT_RECL_AND_THRASHING
06-13 00:16:44.201 D/lowmemorykiller(  231): LMKD mp_event_psi kill_reason received= -1
06-13 00:16:44.213 I/lowmemorykiller(  231): medium memory pressure event is triggered for new strategy
06-13 00:16:44.213 D/lowmemorykiller(  231): LMKD mp_event_psi kill_reasons available are PRESSURE_AFTER_KILL, NOT_RESPONDING, LOW_SWAP_AND_THRASHING, LOW_MEM_AND_SWAP, LOW_MEM_AND_THRASHING, DIRECT_RECL_AND_THRASHING
06-13 00:16:44.213 D/lowmemorykiller(  231): LMKD mp_event_psi kill_reason received= -1
06-13 00:16:44.218 D/stbdpc  (  403): STB_DPGetNumPaths[570]: num_paths: 1
06-13 00:16:44.223 I/lowmemorykiller(  231): medium memory pressure event is triggered for new strategy
06-13 00:16:44.223 D/lowmemorykiller(  231): LMKD mp_event_psi kill_reasons available are PRESSURE_AFTER_KILL, NOT_RESPONDING, LOW_SWAP_AND_THRASHING, LOW_MEM_AND_SWAP, LOW_MEM_AND_THRASHING, DIRECT_RECL_AND_THRASHING
06-13 00:16:44.224 D/lowmemorykiller(  231): LMKD mp_event_psi kill_reason received= -1
06-13 00:16:44.236 I/lowmemorykiller(  231): medium memory pressure event is triggered for new strategy
06-13 00:16:44.238 W/AudioManager( 1786): Use of stream types is deprecated for operations other than volume control
06-13 00:16:44.238 W/AudioManager( 1786): See the documentation of requestAudioFocus() for what to use instead with android.media.AudioAttributes to qualify your playback use case
06-13 00:16:44.239 I/MediaFocusControl(  637): requestAudioFocus() from uid/pid 10035/1786 clientId=android.media.AudioManager@14d1fe5org.chromium.content.browser.AudioFocusDelegate@416f302 callingPack=com.iwedia.ui.rjio.launcher.reliance req=1 flags=0x0 sdk=34
06-13 00:16:44.248 I/lowmemorykiller(  231): medium memory pressure event is triggered for new strategy
06-13 00:16:44.260 I/lowmemorykiller(  231): medium memory pressure event is triggered for new strategy
06-13 00:16:44.263 I/ThermalService(  987): CPU temperatures: [76.600006]
06-13 00:16:44.273 I/lowmemorykiller(  231): medium memory pressure event is triggered for new strategy
06-13 00:16:44.281 I/JioBackgroundSchedulerService( 2785): Check schedule  
06-13 00:16:44.283 I/lowmemorykiller(  231): medium memory pressure event is triggered for new strategy
06-13 00:16:44.283 D/lowmemorykiller(  231): LMKD mp_event_psi kill_reasons available are PRESSURE_AFTER_KILL, NOT_RESPONDING, LOW_SWAP_AND_THRASHING, LOW_MEM_AND_SWAP, LOW_MEM_AND_THRASHING, DIRECT_RECL_AND_THRASHING
06-13 00:16:44.283 D/lowmemorykiller(  231): LMKD mp_event_psi kill_reason received= -1
06-13 00:16:44.295 I/lowmemorykiller(  231): medium memory pressure event is triggered for new strategy
06-13 00:16:44.296 D/lowmemorykiller(  231): LMKD mp_event_psi kill_reasons available are PRESSURE_AFTER_KILL, NOT_RESPONDING, LOW_SWAP_AND_THRASHING, LOW_MEM_AND_SWAP, LOW_MEM_AND_THRASHING, DIRECT_RECL_AND_THRASHING
06-13 00:16:44.296 D/lowmemorykiller(  231): LMKD mp_event_psi kill_reason received= -1
06-13 00:16:44.308 I/lowmemorykiller(  231): medium memory pressure event is triggered for new strategy
06-13 00:16:44.308 D/lowmemorykiller(  231): LMKD mp_event_psi kill_reasons available are PRESSURE_AFTER_KILL, NOT_RESPONDING, LOW_SWAP_AND_THRASHING, LOW_MEM_AND_SWAP, LOW_MEM_AND_THRASHING, DIRECT_RECL_AND_THRASHING
06-13 00:16:44.308 D/lowmemorykiller(  231): LMKD mp_event_psi kill_reason received= -1
06-13 00:16:44.318 D/stbdpc  (  403): STB_DPGetNumPaths[570]: num_paths: 1
06-13 00:16:44.320 I/lowmemorykiller(  231): medium memory pressure event is triggered for new strategy
06-13 00:16:44.321 D/lowmemorykiller(  231): LMKD mp_event_psi kill_reasons available are PRESSURE_AFTER_KILL, NOT_RESPONDING, LOW_SWAP_AND_THRASHING, LOW_MEM_AND_SWAP, LOW_MEM_AND_THRASHING, DIRECT_RECL_AND_THRASHING
06-13 00:16:44.321 D/lowmemorykiller(  231): LMKD mp_event_psi kill_reason received= -1
06-13 00:16:44.333 I/lowmemorykiller(  231): medium memory pressure event is triggered for new strategy
06-13 00:16:44.333 D/lowmemorykiller(  231): LMKD mp_event_psi kill_reasons available are PRESSURE_AFTER_KILL, NOT_RESPONDING, LOW_SWAP_AND_THRASHING, LOW_MEM_AND_SWAP, LOW_MEM_AND_THRASHING, DIRECT_RECL_AND_THRASHING
06-13 00:16:44.333 D/lowmemorykiller(  231): LMKD mp_event_psi kill_reason received= -1
06-13 00:16:44.343 I/lowmemorykiller(  231): medium memory pressure event is triggered for new strategy
06-13 00:16:44.352 D/rtk_heartbeat(  350): heartbeat_timed_out: heartbeatCmdCount = 6749, expected nextSeqNum = 6749
06-13 00:16:44.353 D/rtk_heartbeat(  350): rtkbt_heartbeat_cmpl_cback: Current SeqNum = 6749,should SeqNum=6749, status = 0
06-13 00:16:44.355 I/lowmemorykiller(  231): medium memory pressure event is triggered for new strategy
06-13 00:16:44.368 I/lowmemorykiller(  231): medium memory pressure event is triggered for new strategy
06-13 00:16:44.368 D/lowmemorykiller(  231): LMKD mp_event_psi kill_reasons available are PRESSURE_AFTER_KILL, NOT_RESPONDING, LOW_SWAP_AND_THRASHING, LOW_MEM_AND_SWAP, LOW_MEM_AND_THRASHING, DIRECT_RECL_AND_THRASHING
06-13 00:16:44.368 D/lowmemorykiller(  231): LMKD mp_event_psi kill_reason received= -1
06-13 00:16:44.377 I/appium  ( 5964): Took 0ms to retrieve 1 matches for '//android.widget.ImageView[@resource-id='in.startv.hotstar:id/iv_profile']' XPath2 query
06-13 00:16:44.380 I/lowmemorykiller(  231): medium memory pressure event is triggered for new strategy
06-13 00:16:44.386 D/dvb_iptv(  403): ReadEmmNetworkTask[1537]: EMM Select Timeout Occured 34
06-13 00:16:44.392 W/tomator2.serve( 5964): Accessing hidden method Landroid/view/MotionEvent;->setDisplayId(I)V (blacklist,test-api, reflection, allowed)
06-13 00:16:44.393 I/lowmemorykiller(  231): medium memory pressure event is triggered for new strategy
06-13 00:16:44.393 D/lowmemorykiller(  231): LMKD mp_event_psi kill_reasons available are PRESSURE_AFTER_KILL, NOT_RESPONDING, LOW_SWAP_AND_THRASHING, LOW_MEM_AND_SWAP, LOW_MEM_AND_THRASHING, DIRECT_RECL_AND_THRASHING
06-13 00:16:44.393 D/lowmemorykiller(  231): LMKD mp_event_psi kill_reason received= -1
06-13 00:16:44.403 I/lowmemorykiller(  231): medium memory pressure event is triggered for new strategy
06-13 00:16:44.415 I/lowmemorykiller(  231): medium memory pressure event is triggered for new strategy
06-13 00:16:44.416 D/lowmemorykiller(  231): LMKD mp_event_psi kill_reasons available are PRESSURE_AFTER_KILL, NOT_RESPONDING, LOW_SWAP_AND_THRASHING, LOW_MEM_AND_SWAP, LOW_MEM_AND_THRASHING, DIRECT_RECL_AND_THRASHING
06-13 00:16:44.416 D/lowmemorykiller(  231): LMKD mp_event_psi kill_reason received= -1
06-13 00:16:44.418 D/stbdpc  (  403): STB_DPGetNumPaths[570]: num_paths: 1
06-13 00:16:44.425 W/tomator2.serve( 5964): Accessing hidden field Landroid/view/accessibility/AccessibilityNodeInfo;->mSourceNodeId:J (greylist, reflection, allowed)
06-13 00:16:44.428 I/lowmemorykiller(  231): medium memory pressure event is triggered for new strategy
06-13 00:16:44.428 D/lowmemorykiller(  231): LMKD mp_event_psi kill_reasons available are PRESSURE_AFTER_KILL, NOT_RESPONDING, LOW_SWAP_AND_THRASHING, LOW_MEM_AND_SWAP, LOW_MEM_AND_THRASHING, DIRECT_RECL_AND_THRASHING
06-13 00:16:44.428 D/lowmemorykiller(  231): LMKD mp_event_psi kill_reason received= -1
06-13 00:16:44.440 I/lowmemorykiller(  231): medium memory pressure event is triggered for new strategy
06-13 00:16:44.441 D/lowmemorykiller(  231): LMKD mp_event_psi kill_reasons available are PRESSURE_AFTER_KILL, NOT_RESPONDING, LOW_SWAP_AND_THRASHING, LOW_MEM_AND_SWAP, LOW_MEM_AND_THRASHING, DIRECT_RECL_AND_THRASHING
06-13 00:16:44.441 D/lowmemorykiller(  231): LMKD mp_event_psi kill_reason received= -1
06-13 00:16:44.448 I/appium  ( 5964): AppiumResponse: {"sessionId":"d23cc566-9a6c-41a0-972a-ff177f57bf2d","value":{"ELEMENT":"00000000-0000-0060-ffff-ffff00000054","element-6066-11e4-a52e-4f735466cecf":"00000000-0000-0060-ffff-ffff00000054"}}
06-13 00:16:44.451 I/lowmemorykiller(  231): medium memory pressure event is triggered for new strategy
06-13 00:16:44.451 D/lowmemorykiller(  231): LMKD mp_event_psi kill_reasons available are PRESSURE_AFTER_KILL, NOT_RESPONDING, LOW_SWAP_AND_THRASHING, LOW_MEM_AND_SWAP, LOW_MEM_AND_THRASHING, DIRECT_RECL_AND_THRASHING
06-13 00:16:44.451 D/lowmemorykiller(  231): LMKD mp_event_psi kill_reason received= -1
06-13 00:16:44.455 D/uncher.relianc( 1786): PlayerBase::stop() from IPlayer
06-13 00:16:44.455 D/AudioTrack( 1786): stop(85): called with 11310 frames delivered
06-13 00:16:44.463 I/lowmemorykiller(  231): medium memory pressure event is triggered for new strategy
06-13 00:16:44.464 D/lowmemorykiller(  231): LMKD mp_event_psi kill_reasons available are PRESSURE_AFTER_KILL, NOT_RESPONDING, LOW_SWAP_AND_THRASHING, LOW_MEM_AND_SWAP, LOW_MEM_AND_THRASHING, DIRECT_RECL_AND_THRASHING
06-13 00:16:44.464 D/lowmemorykiller(  231): LMKD mp_event_psi kill_reason received= -1
06-13 00:16:44.475 I/appium  ( 5964): channel read: GET /session/d23cc566-9a6c-41a0-972a-ff177f57bf2d/element/00000000-0000-0060-ffff-ffff00000054/attribute/displayed
06-13 00:16:44.476 I/lowmemorykiller(  231): medium memory pressure event is triggered for new strategy
06-13 00:16:44.476 D/lowmemorykiller(  231): LMKD mp_event_psi kill_reasons available are PRESSURE_AFTER_KILL, NOT_RESPONDING, LOW_SWAP_AND_THRASHING, LOW_MEM_AND_SWAP, LOW_MEM_AND_THRASHING, DIRECT_RECL_AND_THRASHING
06-13 00:16:44.476 D/lowmemorykiller(  231): LMKD mp_event_psi kill_reason received= -1
06-13 00:16:44.476 I/appium  ( 5964): GetElementAttribute command
06-13 00:16:44.488 I/lowmemorykiller(  231): medium memory pressure event is triggered for new strategy
06-13 00:16:44.489 D/lowmemorykiller(  231): LMKD mp_event_psi kill_reasons available are PRESSURE_AFTER_KILL, NOT_RESPONDING, LOW_SWAP_AND_THRASHING, LOW_MEM_AND_SWAP, LOW_MEM_AND_THRASHING, DIRECT_RECL_AND_THRASHING
06-13 00:16:44.489 D/lowmemorykiller(  231): LMKD mp_event_psi kill_reason received= -1
06-13 00:16:44.491 I/appium  ( 5964): AppiumResponse: {"sessionId":"d23cc566-9a6c-41a0-972a-ff177f57bf2d","value":"true"}
06-13 00:16:44.501 I/lowmemorykiller(  231): medium memory pressure event is triggered for new strategy
06-13 00:16:44.501 D/lowmemorykiller(  231): LMKD mp_event_psi kill_reasons available are PRESSURE_AFTER_KILL, NOT_RESPONDING, LOW_SWAP_AND_THRASHING, LOW_MEM_AND_SWAP, LOW_MEM_AND_THRASHING, DIRECT_RECL_AND_THRASHING
06-13 00:16:44.501 D/lowmemorykiller(  231): LMKD mp_event_psi kill_reason received= -1
06-13 00:16:44.464 W/        ( 3444): type=1400 audit(0.0:7908): avc: denied { read } for name="arp" dev="proc" ino=4026532018 scontext=u:r:untrusted_app_27:s0:c85,c256,c512,c768 tcontext=u:object_r:proc_net:s0 tclass=file permissive=0 app=com.jio.myhome.mediasharedmp
06-13 00:16:44.476 I/chatty  ( 3444): uid=10085(com.jio.myhome.mediasharedmp) identical 1 line
06-13 00:16:44.504 W/        ( 3444): type=1400 audit(0.0:7910): avc: denied { read } for name="arp" dev="proc" ino=4026532018 scontext=u:r:untrusted_app_27:s0:c85,c256,c512,c768 tcontext=u:object_r:proc_net:s0 tclass=file permissive=0 app=com.jio.myhome.mediasharedmp
06-13 00:16:44.511 I/lowmemorykiller(  231): medium memory pressure event is triggered for new strategy
06-13 00:16:44.511 D/lowmemorykiller(  231): LMKD mp_event_psi kill_reasons available are PRESSURE_AFTER_KILL, NOT_RESPONDING, LOW_SWAP_AND_THRASHING, LOW_MEM_AND_SWAP, LOW_MEM_AND_THRASHING, DIRECT_RECL_AND_THRASHING
06-13 00:16:44.511 D/lowmemorykiller(  231): LMKD mp_event_psi kill_reason received= -1
06-13 00:16:44.513 I/appium  ( 5964): channel read: POST /session/d23cc566-9a6c-41a0-972a-ff177f57bf2d/element/00000000-0000-0060-ffff-ffff00000054/click
06-13 00:16:44.515 I/appium  ( 5964): Click command
06-13 00:16:44.518 D/stbdpc  (  403): STB_DPGetNumPaths[570]: num_paths: 1
06-13 00:16:44.524 I/lowmemorykiller(  231): medium memory pressure event is triggered for new strategy
06-13 00:16:44.524 D/lowmemorykiller(  231): LMKD mp_event_psi kill_reasons available are PRESSURE_AFTER_KILL, NOT_RESPONDING, LOW_SWAP_AND_THRASHING, LOW_MEM_AND_SWAP, LOW_MEM_AND_THRASHING, DIRECT_RECL_AND_THRASHING
06-13 00:16:44.524 D/lowmemorykiller(  231): LMKD mp_event_psi kill_reason received= -1
06-13 00:16:44.536 I/lowmemorykiller(  231): medium memory pressure event is triggered for new strategy
06-13 00:16:44.536 D/lowmemorykiller(  231): LMKD mp_event_psi kill_reasons available are PRESSURE_AFTER_KILL, NOT_RESPONDING, LOW_SWAP_AND_THRASHING, LOW_MEM_AND_SWAP, LOW_MEM_AND_THRASHING, DIRECT_RECL_AND_THRASHING
06-13 00:16:44.536 D/lowmemorykiller(  231): LMKD mp_event_psi kill_reason received= -1
06-13 00:16:44.549 I/lowmemorykiller(  231): medium memory pressure event is triggered for new strategy
06-13 00:16:44.549 D/lowmemorykiller(  231): LMKD mp_event_psi kill_reasons available are PRESSURE_AFTER_KILL, NOT_RESPONDING, LOW_SWAP_AND_THRASHING, LOW_MEM_AND_SWAP, LOW_MEM_AND_THRASHING, DIRECT_RECL_AND_THRASHING
06-13 00:16:44.549 D/lowmemorykiller(  231): LMKD mp_event_psi kill_reason received= -1
06-13 00:16:44.553 D/InputDispatcher(  637): injectInputEvent - eventType=2, injectorPid=5917, injectorUid=0, syncMode=0, timeout=30000, policyFlags=0x08000000
06-13 00:16:44.554 D/InputDispatcher(  637): injectInputEvent - Finished with result 0. injectorPid=5917, injectorUid=0
06-13 00:16:44.554 D/InputDispatcher(  637): Setting input event injection result to 0.  injectorPid=5917, injectorUid=0
06-13 00:16:44.556 V/InputDispatcher(  637): Asynchronous input event injection succeeded.
06-13 00:16:44.557 I/android.hardware.power-service.libperfmgr(  369): Power setBoost: INTERACTION duration: 0
06-13 00:16:44.557 I/libperfmgr(  369): Do Powerhint: INTERACTION
06-13 00:16:44.557 I/android.hardware.power-service.libperfmgr(  369): Power setBoost: INTERACTION duration: 0
06-13 00:16:44.557 I/libperfmgr(  369): Do Powerhint: INTERACTION
06-13 00:16:44.559 I/lowmemorykiller(  231): medium memory pressure event is triggered for new strategy
06-13 00:16:44.559 D/lowmemorykiller(  231): LMKD mp_event_psi kill_reasons available are PRESSURE_AFTER_KILL, NOT_RESPONDING, LOW_SWAP_AND_THRASHING, LOW_MEM_AND_SWAP, LOW_MEM_AND_THRASHING, DIRECT_RECL_AND_THRASHING
06-13 00:16:44.559 D/lowmemorykiller(  231): LMKD mp_event_psi kill_reason received= -1
06-13 00:16:44.565 D/InputDispatcher(  637): injectInputEvent - eventType=2, injectorPid=5917, injectorUid=0, syncMode=0, timeout=30000, policyFlags=0x08000000
06-13 00:16:44.566 D/InputDispatcher(  637): injectInputEvent - Finished with result 0. injectorPid=5917, injectorUid=0
06-13 00:16:44.566 D/InputDispatcher(  637): Setting input event injection result to 0.  injectorPid=5917, injectorUid=0
06-13 00:16:44.566 V/InputDispatcher(  637): Asynchronous input event injection succeeded.
06-13 00:16:44.572 I/lowmemorykiller(  231): medium memory pressure event is triggered for new strategy
06-13 00:16:44.584 I/lowmemorykiller(  231): medium memory pressure event is triggered for new strategy
06-13 00:16:44.594 W/GestureController( 5964): Gestures took longer than expected (59ms >> 16ms), device might be in a busy state.
06-13 00:16:44.594 I/appium  ( 5964): Waiting up to 10000ms for the device to idle
06-13 00:16:44.596 I/lowmemorykiller(  231): medium memory pressure event is triggered for new strategy
06-13 00:16:44.597 D/lowmemorykiller(  231): LMKD mp_event_psi kill_reasons available are PRESSURE_AFTER_KILL, NOT_RESPONDING, LOW_SWAP_AND_THRASHING, LOW_MEM_AND_SWAP, LOW_MEM_AND_THRASHING, DIRECT_RECL_AND_THRASHING
06-13 00:16:44.597 D/lowmemorykiller(  231): LMKD mp_event_psi kill_reason received= -1
06-13 00:16:44.609 I/lowmemorykiller(  231): medium memory pressure event is triggered for new strategy
06-13 00:16:44.609 I/system_server(  637): oneway function results will be dropped but finished with status OK and parcel size 4
06-13 00:16:44.611 W/APM::AudioPolicyEngine(  391): getDevicesForStrategy() unknown strategy: -1
06-13 00:16:44.612 I/chatty  (  391): uid=1041(audioserver) ApmOutput identical 1 line
06-13 00:16:44.612 W/APM::AudioPolicyEngine(  391): getDevicesForStrategy() unknown strategy: -1
06-13 00:16:44.618 D/stbdpc  (  403): STB_DPGetNumPaths[570]: num_paths: 1
06-13 00:16:44.619 I/lowmemorykiller(  231): medium memory pressure event is triggered for new strategy
06-13 00:16:44.619 D/lowmemorykiller(  231): LMKD mp_event_psi kill_reasons available are PRESSURE_AFTER_KILL, NOT_RESPONDING, LOW_SWAP_AND_THRASHING, LOW_MEM_AND_SWAP, LOW_MEM_AND_THRASHING, DIRECT_RECL_AND_THRASHING
06-13 00:16:44.619 D/lowmemorykiller(  231): LMKD mp_event_psi kill_reason received= -1
06-13 00:16:44.632 I/lowmemorykiller(  231): medium memory pressure event is triggered for new strategy
06-13 00:16:44.644 I/lowmemorykiller(  231): medium memory pressure event is triggered for new strategy
06-13 00:16:44.644 D/lowmemorykiller(  231): LMKD mp_event_psi kill_reasons available are PRESSURE_AFTER_KILL, NOT_RESPONDING, LOW_SWAP_AND_THRASHING, LOW_MEM_AND_SWAP, LOW_MEM_AND_THRASHING, DIRECT_RECL_AND_THRASHING
06-13 00:16:44.644 D/lowmemorykiller(  231): LMKD mp_event_psi kill_reason received= -1
06-13 00:16:44.656 I/lowmemorykiller(  231): medium memory pressure event is triggered for new strategy
06-13 00:16:44.679 I/chatty  (  231): uid=1069(lmkd) /system/bin/lmkd identical 2 lines
06-13 00:16:44.692 I/lowmemorykiller(  231): medium memory pressure event is triggered for new strategy
06-13 00:16:44.692 D/lowmemorykiller(  231): LMKD mp_event_psi kill_reasons available are PRESSURE_AFTER_KILL, NOT_RESPONDING, LOW_SWAP_AND_THRASHING, LOW_MEM_AND_SWAP, LOW_MEM_AND_THRASHING, DIRECT_RECL_AND_THRASHING
06-13 00:16:44.692 D/lowmemorykiller(  231): LMKD mp_event_psi kill_reason received= -1
06-13 00:16:44.704 I/lowmemorykiller(  231): medium memory pressure event is triggered for new strategy
06-13 00:16:44.716 I/lowmemorykiller(  231): medium memory pressure event is triggered for new strategy
06-13 00:16:44.719 D/stbdpc  (  403): STB_DPGetNumPaths[570]: num_paths: 1
06-13 00:16:44.727 I/lowmemorykiller(  231): medium memory pressure event is triggered for new strategy
06-13 00:16:44.739 I/chatty  (  231): uid=1069(lmkd) /system/bin/lmkd identical 1 line
06-13 00:16:44.752 I/lowmemorykiller(  231): medium memory pressure event is triggered for new strategy
06-13 00:16:44.759 W/AudioManager( 1786): Use of stream types is deprecated for operations other than volume control
06-13 00:16:44.760 W/AudioManager( 1786): See the documentation of requestAudioFocus() for what to use instead with android.media.AudioAttributes to qualify your playback use case
06-13 00:16:44.761 I/MediaFocusControl(  637): requestAudioFocus() from uid/pid 10035/1786 clientId=android.media.AudioManager@14d1fe5org.chromium.content.browser.AudioFocusDelegate@416f302 callingPack=com.iwedia.ui.rjio.launcher.reliance req=1 flags=0x0 sdk=34
06-13 00:16:44.764 I/lowmemorykiller(  231): medium memory pressure event is triggered for new strategy
06-13 00:16:44.771 W/APM::AudioPolicyEngine(  391): getDevicesForStrategy() unknown strategy: -1
06-13 00:16:44.771 W/APM::AudioPolicyEngine(  391): getDevicesForStrategy() unknown strategy: -1
06-13 00:16:44.773 I/system_server(  637): oneway function results will be dropped but finished with status OK and parcel size 4
06-13 00:16:44.776 I/lowmemorykiller(  231): medium memory pressure event is triggered for new strategy
06-13 00:16:44.789 I/lowmemorykiller(  231): medium memory pressure event is triggered for new strategy
06-13 00:16:44.789 D/lowmemorykiller(  231): LMKD mp_event_psi kill_reasons available are PRESSURE_AFTER_KILL, NOT_RESPONDING, LOW_SWAP_AND_THRASHING, LOW_MEM_AND_SWAP, LOW_MEM_AND_THRASHING, DIRECT_RECL_AND_THRASHING
06-13 00:16:44.789 D/lowmemorykiller(  231): LMKD mp_event_psi kill_reason received= -1
06-13 00:16:44.799 I/lowmemorykiller(  231): medium memory pressure event is triggered for new strategy
06-13 00:16:44.812 I/lowmemorykiller(  231): medium memory pressure event is triggered for new strategy
06-13 00:16:44.819 D/stbdpc  (  403): STB_DPGetNumPaths[570]: num_paths: 1
06-13 00:16:44.824 I/lowmemorykiller(  231): medium memory pressure event is triggered for new strategy
06-13 00:16:44.872 I/chatty  (  231): uid=1069(lmkd) /system/bin/lmkd identical 4 lines
06-13 00:16:44.884 I/lowmemorykiller(  231): medium memory pressure event is triggered for new strategy
06-13 00:16:44.884 D/lowmemorykiller(  231): LMKD mp_event_psi kill_reasons available are PRESSURE_AFTER_KILL, NOT_RESPONDING, LOW_SWAP_AND_THRASHING, LOW_MEM_AND_SWAP, LOW_MEM_AND_THRASHING, DIRECT_RECL_AND_THRASHING
06-13 00:16:44.884 D/lowmemorykiller(  231): LMKD mp_event_psi kill_reason received= -1
06-13 00:16:44.886 D/dvb_iptv(  403): ReadEmmNetworkTask[1537]: EMM Select Timeout Occured 35
06-13 00:16:44.887 F/linker  ( 6416): CANNOT LINK EXECUTABLE "/system/bin/smartcable/smartCableSTBApp": library "libmosquitto.so" not found: needed by main executable
06-13 00:16:44.896 I/lowmemorykiller(  231): medium memory pressure event is triggered for new strategy
06-13 00:16:44.909 I/lowmemorykiller(  231): medium memory pressure event is triggered for new strategy
06-13 00:16:44.919 D/stbdpc  (  403): STB_DPGetNumPaths[570]: num_paths: 1
06-13 00:16:44.919 I/lowmemorykiller(  231): medium memory pressure event is triggered for new strategy
06-13 00:16:44.932 I/lowmemorykiller(  231): medium memory pressure event is triggered for new strategy
06-13 00:16:44.938 D/uncher.relianc( 1786): PlayerBase::stop() from IPlayer
06-13 00:16:44.938 D/AudioTrack( 1786): stop(85): called with 9425 frames delivered
06-13 00:16:44.944 I/lowmemorykiller(  231): medium memory pressure event is triggered for new strategy
06-13 00:16:44.944 D/lowmemorykiller(  231): LMKD mp_event_psi kill_reasons available are PRESSURE_AFTER_KILL, NOT_RESPONDING, LOW_SWAP_AND_THRASHING, LOW_MEM_AND_SWAP, LOW_MEM_AND_THRASHING, DIRECT_RECL_AND_THRASHING
06-13 00:16:44.944 D/lowmemorykiller(  231): LMKD mp_event_psi kill_reason received= -1
06-13 00:16:44.956 I/lowmemorykiller(  231): medium memory pressure event is triggered for new strategy
06-13 00:16:44.957 D/lowmemorykiller(  231): LMKD mp_event_psi kill_reasons available are PRESSURE_AFTER_KILL, NOT_RESPONDING, LOW_SWAP_AND_THRASHING, LOW_MEM_AND_SWAP, LOW_MEM_AND_THRASHING, DIRECT_RECL_AND_THRASHING
06-13 00:16:44.957 D/lowmemorykiller(  231): LMKD mp_event_psi kill_reason received= -1
06-13 00:16:44.967 I/lowmemorykiller(  231): medium memory pressure event is triggered for new strategy
06-13 00:16:44.979 I/lowmemorykiller(  231): medium memory pressure event is triggered for new strategy
06-13 00:16:44.982 D/ltts_ip_emm(  403): LTTS_IP_DMXStartEMM[381]: parse_emm_cat_status failed
06-13 00:16:44.992 I/lowmemorykiller(  231): medium memory pressure event is triggered for new strategy
06-13 00:16:45.004 I/chatty  (  231): uid=1069(lmkd) /system/bin/lmkd identical 1 line
06-13 00:16:45.016 I/lowmemorykiller(  231): medium memory pressure event is triggered for new strategy
06-13 00:16:45.019 D/stbdpc  (  403): STB_DPGetNumPaths[570]: num_paths: 1
06-13 00:16:45.029 I/lowmemorykiller(  231): medium memory pressure event is triggered for new strategy
06-13 00:16:45.039 I/chatty  (  231): uid=1069(lmkd) /system/bin/lmkd identical 1 line
06-13 00:16:45.051 I/lowmemorykiller(  231): medium memory pressure event is triggered for new strategy
06-13 00:16:45.052 D/lowmemorykiller(  231): LMKD mp_event_psi kill_reasons available are PRESSURE_AFTER_KILL, NOT_RESPONDING, LOW_SWAP_AND_THRASHING, LOW_MEM_AND_SWAP, LOW_MEM_AND_THRASHING, DIRECT_RECL_AND_THRASHING
06-13 00:16:45.052 D/lowmemorykiller(  231): LMKD mp_event_psi kill_reason received= -1
06-13 00:16:45.064 I/lowmemorykiller(  231): medium memory pressure event is triggered for new strategy
06-13 00:16:45.070 I/appium  ( 5964): AppiumResponse: {"sessionId":"d23cc566-9a6c-41a0-972a-ff177f57bf2d","value":null}
06-13 00:16:45.074 D/JioStbInactivityTimer(  936): Timer: count 77 warningTimeout:10680 timeout:10800
06-13 00:16:45.074 D/JioStbInactivityTimer(  936): isUserActive: Curr:6694131 Prev:6694131
06-13 00:16:45.076 I/lowmemorykiller(  231): medium memory pressure event is triggered for new strategy
06-13 00:16:45.089 I/chatty  (  231): uid=1069(lmkd) /system/bin/lmkd identical 1 line
06-13 00:16:45.099 I/lowmemorykiller(  231): medium memory pressure event is triggered for new strategy
06-13 00:16:45.108 I/appium  ( 5964): channel read: POST /session/d23cc566-9a6c-41a0-972a-ff177f57bf2d/appium/device/press_keycode
06-13 00:16:45.109 I/appium  ( 5964): PressKeyCode command
06-13 00:16:45.109 I/appium  ( 5964): Calling PressKeyCode... 
06-13 00:16:45.112 I/lowmemorykiller(  231): medium memory pressure event is triggered for new strategy
06-13 00:16:45.113 W/AudioManager( 1786): Use of stream types is deprecated for operations other than volume control
06-13 00:16:45.113 W/AudioManager( 1786): See the documentation of requestAudioFocus() for what to use instead with android.media.AudioAttributes to qualify your playback use case
06-13 00:16:45.113 D/UiDevice( 5964): Pressing keycodes [66] with modifier 0.
06-13 00:16:45.114 I/MediaFocusControl(  637): requestAudioFocus() from uid/pid 10035/1786 clientId=android.media.AudioManager@14d1fe5org.chromium.content.browser.AudioFocusDelegate@416f302 callingPack=com.iwedia.ui.rjio.launcher.reliance req=1 flags=0x0 sdk=34
06-13 00:16:45.119 D/stbdpc  (  403): STB_DPGetNumPaths[570]: num_paths: 1
06-13 00:16:45.124 I/lowmemorykiller(  231): medium memory pressure event is triggered for new strategy
06-13 00:16:45.125 W/APM::AudioPolicyEngine(  391): getDevicesForStrategy() unknown strategy: -1
06-13 00:16:45.128 I/chatty  (  391): uid=1041(audioserver) ApmOutput identical 1 line
06-13 00:16:45.128 W/APM::AudioPolicyEngine(  391): getDevicesForStrategy() unknown strategy: -1
06-13 00:16:45.129 I/system_server(  637): oneway function results will be dropped but finished with status OK and parcel size 4
06-13 00:16:45.136 D/InputDispatcher(  637): injectInputEvent - eventType=1, injectorPid=5917, injectorUid=0, syncMode=2, timeout=30000, policyFlags=0x08000000
06-13 00:16:45.136 I/lowmemorykiller(  231): medium memory pressure event is triggered for new strategy
06-13 00:16:45.136 D/lowmemorykiller(  231): LMKD mp_event_psi kill_reasons available are PRESSURE_AFTER_KILL, NOT_RESPONDING, LOW_SWAP_AND_THRASHING, LOW_MEM_AND_SWAP, LOW_MEM_AND_THRASHING, DIRECT_RECL_AND_THRASHING
06-13 00:16:45.136 D/lowmemorykiller(  231): LMKD mp_event_psi kill_reason received= -1
06-13 00:16:45.137 W/APM::AudioPolicyEngine(  391): getDevicesForStrategy() unknown strategy: -1
06-13 00:16:45.138 I/chatty  (  391): uid=1041(audioserver) Binder:391_7 identical 1 line
06-13 00:16:45.138 W/APM::AudioPolicyEngine(  391): getDevicesForStrategy() unknown strategy: -1
06-13 00:16:45.146 I/system_server(  637): oneway function results will be dropped but finished with status OK and parcel size 4
06-13 00:16:45.149 I/lowmemorykiller(  231): medium memory pressure event is triggered for new strategy
06-13 00:16:45.149 D/lowmemorykiller(  231): LMKD mp_event_psi kill_reasons available are PRESSURE_AFTER_KILL, NOT_RESPONDING, LOW_SWAP_AND_THRASHING, LOW_MEM_AND_SWAP, LOW_MEM_AND_THRASHING, DIRECT_RECL_AND_THRASHING
06-13 00:16:45.149 D/lowmemorykiller(  231): LMKD mp_event_psi kill_reason received= -1
06-13 00:16:45.155 D/WindowManager(  637): interceptKeyTq keycode=66 interactive=true keyguardActive=false policyFlags=2b000000
06-13 00:16:45.157 D/WindowManager(  637): CloudPC is in NOT in foreground
06-13 00:16:45.157 D/WindowManager(  637): isKeyNeedsToPassToJioCloudPC :: NO
06-13 00:16:45.159 I/lowmemorykiller(  231): medium memory pressure event is triggered for new strategy
06-13 00:16:45.159 D/lowmemorykiller(  231): LMKD mp_event_psi kill_reasons available are PRESSURE_AFTER_KILL, NOT_RESPONDING, LOW_SWAP_AND_THRASHING, LOW_MEM_AND_SWAP, LOW_MEM_AND_THRASHING, DIRECT_RECL_AND_THRASHING
06-13 00:16:45.159 D/lowmemorykiller(  231): LMKD mp_event_psi kill_reason received= -1
06-13 00:16:45.165 I/android.hardware.power-service.libperfmgr(  369): Power setBoost: INTERACTION duration: 0
06-13 00:16:45.165 I/libperfmgr(  369): Do Powerhint: INTERACTION
06-13 00:16:45.165 D/WindowManager(  637): interceptKeyTi keyCode=66 down=true repeatCount=0 keyguardOn=false canceled=false
06-13 00:16:45.165 D/WindowManager(  637): CloudPC is in NOT in foreground
06-13 00:16:45.165 I/android.hardware.power-service.libperfmgr(  369): Power setBoost: INTERACTION duration: 0
06-13 00:16:45.165 D/WindowManager(  637): isKeyNeedsToPassToJioCloudPC :: NO
06-13 00:16:45.165 I/libperfmgr(  369): Do Powerhint: INTERACTION
06-13 00:16:45.165 D/GlobalKeyManager(  637): KeyEvent { action=ACTION_DOWN, keyCode=KEYCODE_ENTER, scanCode=0, metaState=0, flags=0x0, repeatCount=0, eventTime=6772230, downTime=6772230, deviceId=-1, source=0x101, displayId=-1 }
06-13 00:16:45.165 D/InputDispatcher(  637): Setting input event injection result to 0.  injectorPid=5917, injectorUid=0
06-13 00:16:45.166 D/InputDispatcher(  637): injectInputEvent - Waiting for 1 pending foreground dispatches.
06-13 00:16:45.174 D/InputDispatcher(  637): injectInputEvent - Finished with result 0. injectorPid=5917, injectorUid=0
06-13 00:16:45.178 D/InputDispatcher(  637): injectInputEvent - eventType=1, injectorPid=5917, injectorUid=0, syncMode=2, timeout=30000, policyFlags=0x08000000
06-13 00:16:45.178 D/WindowManager(  637): interceptKeyTq keycode=66 interactive=true keyguardActive=false policyFlags=2b000000
06-13 00:16:45.178 D/WindowManager(  637): CloudPC is in NOT in foreground
06-13 00:16:45.179 D/WindowManager(  637): isKeyNeedsToPassToJioCloudPC :: NO
06-13 00:16:45.179 D/WindowManager(  637): interceptKeyTi keyCode=66 down=false repeatCount=0 keyguardOn=false canceled=false
06-13 00:16:45.179 D/WindowManager(  637): CloudPC is in NOT in foreground
06-13 00:16:45.179 D/WindowManager(  637): isKeyNeedsToPassToJioCloudPC :: NO
06-13 00:16:45.179 D/GlobalKeyManager(  637): KeyEvent { action=ACTION_UP, keyCode=KEYCODE_ENTER, scanCode=0, metaState=0, flags=0x0, repeatCount=0, eventTime=6772230, downTime=6772230, deviceId=-1, source=0x101, displayId=-1 }
06-13 00:16:45.179 D/InputDispatcher(  637): Setting input event injection result to 0.  injectorPid=5917, injectorUid=0
06-13 00:16:45.179 D/InputDispatcher(  637): injectInputEvent - Waiting for 1 pending foreground dispatches.
06-13 00:16:45.194 D/InputDispatcher(  637): injectInputEvent - Finished with result 0. injectorPid=5917, injectorUid=0
06-13 00:16:45.197 I/.startv.hotsta( 6154): oneway function results will be dropped but finished with status OK and parcel size 4
06-13 00:16:45.204 I/appium  ( 5964): AppiumResponse: {"sessionId":"d23cc566-9a6c-41a0-972a-ff177f57bf2d","value":null}
06-13 00:16:45.208 I/e.swalekh.abct( 1352): oneway function results will be dropped but finished with status OK and parcel size 4
06-13 00:16:45.214 W/APM::AudioPolicyEngine(  391): getDevicesForStrategy() unknown strategy: -1
06-13 00:16:45.219 D/stbdpc  (  403): STB_DPGetNumPaths[570]: num_paths: 1
06-13 00:16:45.227 I/system_server(  637): oneway function results will be dropped but finished with status OK and parcel size 4
06-13 00:16:45.231 E/ocessService0:( 2252): failed to create Unix domain socket: Operation not permitted
06-13 00:16:45.239 I/lowmemorykiller(  231): medium memory pressure event is triggered for new strategy
06-13 00:16:45.239 D/lowmemorykiller(  231): LMKD mp_event_psi kill_reasons available are PRESSURE_AFTER_KILL, NOT_RESPONDING, LOW_SWAP_AND_THRASHING, LOW_MEM_AND_SWAP, LOW_MEM_AND_THRASHING, DIRECT_RECL_AND_THRASHING
06-13 00:16:45.239 D/lowmemorykiller(  231): LMKD mp_event_psi kill_reason received= -1
06-13 00:16:45.249 I/lowmemorykiller(  231): medium memory pressure event is triggered for new strategy
06-13 00:16:45.251 D/JioSTBMRServer-SERVICE( 3281): InetSocketAddress(InetAddress.getByName(inetAddress.hostAddress)-/192.168.1.255
06-13 00:16:45.251 D/JioSTBMRServer-SERVICE( 3281): #beacon:RKISBFJ60000097:0:false:0:1:SV=181024 , 192.168.1.255
06-13 00:16:45.260 D/JioSTBMRServer-SERVICE( 3281): InetSocketAddress(InetAddress.getByName(inetAddress.hostAddress)-/192.168.1.255
06-13 00:16:45.260 I/lowmemorykiller(  231): medium memory pressure event is triggered for new strategy
06-13 00:16:45.260 D/JioSTBMRServer-SERVICE( 3281): #broadcast IP:192.168.1.255
06-13 00:16:45.272 I/lowmemorykiller(  231): medium memory pressure event is triggered for new strategy
06-13 00:16:45.272 D/lowmemorykiller(  231): LMKD mp_event_psi kill_reasons available are PRESSURE_AFTER_KILL, NOT_RESPONDING, LOW_SWAP_AND_THRASHING, LOW_MEM_AND_SWAP, LOW_MEM_AND_THRASHING, DIRECT_RECL_AND_THRASHING
06-13 00:16:45.272 D/lowmemorykiller(  231): LMKD mp_event_psi kill_reason received= -1
06-13 00:16:45.284 I/lowmemorykiller(  231): medium memory pressure event is triggered for new strategy
06-13 00:16:45.285 D/lowmemorykiller(  231): LMKD mp_event_psi kill_reasons available are PRESSURE_AFTER_KILL, NOT_RESPONDING, LOW_SWAP_AND_THRASHING, LOW_MEM_AND_SWAP, LOW_MEM_AND_THRASHING, DIRECT_RECL_AND_THRASHING
06-13 00:16:45.285 D/lowmemorykiller(  231): LMKD mp_event_psi kill_reason received= -1
06-13 00:16:45.297 I/lowmemorykiller(  231): medium memory pressure event is triggered for new strategy
06-13 00:16:45.297 D/lowmemorykiller(  231): LMKD mp_event_psi kill_reasons available are PRESSURE_AFTER_KILL, NOT_RESPONDING, LOW_SWAP_AND_THRASHING, LOW_MEM_AND_SWAP, LOW_MEM_AND_THRASHING, DIRECT_RECL_AND_THRASHING
06-13 00:16:45.297 D/lowmemorykiller(  231): LMKD mp_event_psi kill_reason received= -1
06-13 00:16:45.297 I/remote.receive( 3281): Background young concurrent copying GC freed 29850(3258KB) AllocSpace objects, 44(1572KB) LOS objects, 46% free, 5047KB/9483KB, paused 163us total 121.029ms
06-13 00:16:45.307 I/lowmemorykiller(  231): medium memory pressure event is triggered for new strategy
06-13 00:16:45.308 D/lowmemorykiller(  231): LMKD mp_event_psi kill_reasons available are PRESSURE_AFTER_KILL, NOT_RESPONDING, LOW_SWAP_AND_THRASHING, LOW_MEM_AND_SWAP, LOW_MEM_AND_THRASHING, DIRECT_RECL_AND_THRASHING
06-13 00:16:45.308 D/lowmemorykiller(  231): LMKD mp_event_psi kill_reason received= -1
06-13 00:16:45.304 W/pool-7-thread-1( 3444): type=1400 audit(0.0:7911): avc: denied { read } for name="arp" dev="proc" ino=4026532018 scontext=u:r:untrusted_app_27:s0:c85,c256,c512,c768 tcontext=u:object_r:proc_net:s0 tclass=file permissive=0 app=com.jio.myhome.mediasharedmp
06-13 00:16:45.320 D/stbdpc  (  403): STB_DPGetNumPaths[570]: num_paths: 1
06-13 00:16:45.320 I/lowmemorykiller(  231): medium memory pressure event is triggered for new strategy
06-13 00:16:45.320 D/lowmemorykiller(  231): LMKD mp_event_psi kill_reasons available are PRESSURE_AFTER_KILL, NOT_RESPONDING, LOW_SWAP_AND_THRASHING, LOW_MEM_AND_SWAP, LOW_MEM_AND_THRASHING, DIRECT_RECL_AND_THRASHING
06-13 00:16:45.320 D/lowmemorykiller(  231): LMKD mp_event_psi kill_reason received= -1
06-13 00:16:45.308 W/pool-7-thread-1( 3444): type=1400 audit(0.0:7912): avc: denied { read } for name="arp" dev="proc" ino=4026532018 scontext=u:r:untrusted_app_27:s0:c85,c256,c512,c768 tcontext=u:object_r:proc_net:s0 tclass=file permissive=0 app=com.jio.myhome.mediasharedmp
06-13 00:16:45.332 I/lowmemorykiller(  231): medium memory pressure event is triggered for new strategy
06-13 00:16:45.344 I/lowmemorykiller(  231): medium memory pressure event is triggered for new strategy
06-13 00:16:45.345 D/lowmemorykiller(  231): LMKD mp_event_psi kill_reasons available are PRESSURE_AFTER_KILL, NOT_RESPONDING, LOW_SWAP_AND_THRASHING, LOW_MEM_AND_SWAP, LOW_MEM_AND_THRASHING, DIRECT_RECL_AND_THRASHING
06-13 00:16:45.345 D/lowmemorykiller(  231): LMKD mp_event_psi kill_reason received= -1
06-13 00:16:45.352 D/rtk_heartbeat(  350): heartbeat_timed_out: heartbeatCmdCount = 6750, expected nextSeqNum = 6750
06-13 00:16:45.354 D/rtk_heartbeat(  350): rtkbt_heartbeat_cmpl_cback: Current SeqNum = 6750,should SeqNum=6750, status = 0
06-13 00:16:45.355 I/lowmemorykiller(  231): medium memory pressure event is triggered for new strategy
06-13 00:16:45.367 I/chatty  (  231): uid=1069(lmkd) /system/bin/lmkd identical 1 line
06-13 00:16:45.380 I/lowmemorykiller(  231): medium memory pressure event is triggered for new strategy
06-13 00:16:45.380 D/lowmemorykiller(  231): LMKD mp_event_psi kill_reasons available are PRESSURE_AFTER_KILL, NOT_RESPONDING, LOW_SWAP_AND_THRASHING, LOW_MEM_AND_SWAP, LOW_MEM_AND_THRASHING, DIRECT_RECL_AND_THRASHING
06-13 00:16:45.380 D/lowmemorykiller(  231): LMKD mp_event_psi kill_reason received= -1
06-13 00:16:45.386 D/dvb_iptv(  403): ReadEmmNetworkTask[1537]: EMM Select Timeout Occured 36
06-13 00:16:45.420 D/stbdpc  (  403): STB_DPGetNumPaths[570]: num_paths: 1
06-13 00:16:45.459 W/chromium( 1786): [WARNING:sync_reader.cc(170)] ASR: No room in socket buffer.: Broken pipe (32)
06-13 00:16:45.460 D/uncher.relianc( 1786): PlayerBase::stop() from IPlayer
06-13 00:16:45.460 D/AudioTrack( 1786): stop(85): called with 16965 frames delivered
06-13 00:16:45.480 I/lowmemorykiller(  231): medium memory pressure event is triggered for new strategy
06-13 00:16:45.480 D/lowmemorykiller(  231): LMKD mp_event_psi kill_reasons available are PRESSURE_AFTER_KILL, NOT_RESPONDING, LOW_SWAP_AND_THRASHING, LOW_MEM_AND_SWAP, LOW_MEM_AND_THRASHING, DIRECT_RECL_AND_THRASHING
06-13 00:16:45.480 D/lowmemorykiller(  231): LMKD mp_event_psi kill_reason received= -1
06-13 00:16:45.504 W/pool-7-thread-1( 3444): type=1400 audit(0.0:7913): avc: denied { read } for name="arp" dev="proc" ino=4026532018 scontext=u:r:untrusted_app_27:s0:c85,c256,c512,c768 tcontext=u:object_r:proc_net:s0 tclass=file permissive=0 app=com.jio.myhome.mediasharedmp
06-13 00:16:45.512 W/pool-7-thread-1( 3444): type=1400 audit(0.0:7914): avc: denied { read } for name="arp" dev="proc" ino=4026532018 scontext=u:r:untrusted_app_27:s0:c85,c256,c512,c768 tcontext=u:object_r:proc_net:s0 tclass=file permissive=0 app=com.jio.myhome.mediasharedmp
06-13 00:16:45.520 D/stbdpc  (  403): STB_DPGetNumPaths[570]: num_paths: 1
06-13 00:16:45.530 I/system_server(  637): oneway function results will be dropped but finished with status OK and parcel size 4
06-13 00:16:45.531 W/APM::AudioPolicyEngine(  391): getDevicesForStrategy() unknown strategy: -1
06-13 00:16:45.580 I/lowmemorykiller(  231): medium memory pressure event is triggered for new strategy
06-13 00:16:45.581 D/lowmemorykiller(  231): LMKD mp_event_psi kill_reasons available are PRESSURE_AFTER_KILL, NOT_RESPONDING, LOW_SWAP_AND_THRASHING, LOW_MEM_AND_SWAP, LOW_MEM_AND_THRASHING, DIRECT_RECL_AND_THRASHING
06-13 00:16:45.581 D/lowmemorykiller(  231): LMKD mp_event_psi kill_reason received= -1
06-13 00:16:45.620 D/stbdpc  (  403): STB_DPGetNumPaths[570]: num_paths: 1
06-13 00:16:45.632 I/system_server(  637): oneway function results will be dropped but finished with status OK and parcel size 4
06-13 00:16:45.632 W/APM::AudioPolicyEngine(  391): getDevicesForStrategy() unknown strategy: -1
06-13 00:16:45.634 I/chatty  (  391): uid=1041(audioserver) ApmOutput identical 1 line
06-13 00:16:45.634 W/APM::AudioPolicyEngine(  391): getDevicesForStrategy() unknown strategy: -1
06-13 00:16:45.650 W/AudioManager( 1786): Use of stream types is deprecated for operations other than volume control
06-13 00:16:45.652 W/AudioManager( 1786): See the documentation of requestAudioFocus() for what to use instead with android.media.AudioAttributes to qualify your playback use case
06-13 00:16:45.653 I/MediaFocusControl(  637): requestAudioFocus() from uid/pid 10035/1786 clientId=android.media.AudioManager@14d1fe5org.chromium.content.browser.AudioFocusDelegate@416f302 callingPack=com.iwedia.ui.rjio.launcher.reliance req=1 flags=0x0 sdk=34
06-13 00:16:45.681 I/lowmemorykiller(  231): medium memory pressure event is triggered for new strategy
06-13 00:16:45.692 W/APM::AudioPolicyEngine(  391): getDevicesForStrategy() unknown strategy: -1
06-13 00:16:45.695 I/chatty  (  391): uid=1041(audioserver) Binder:391_7 identical 1 line
06-13 00:16:45.695 W/APM::AudioPolicyEngine(  391): getDevicesForStrategy() unknown strategy: -1
06-13 00:16:45.704 I/system_server(  637): oneway function results will be dropped but finished with status OK and parcel size 4
06-13 00:16:45.720 D/stbdpc  (  403): STB_DPGetNumPaths[570]: num_paths: 1
06-13 00:16:45.712 W/pool-7-thread-1( 3444): type=1400 audit(0.0:7915): avc: denied { read } for name="arp" dev="proc" ino=4026532018 scontext=u:r:untrusted_app_27:s0:c85,c256,c512,c768 tcontext=u:object_r:proc_net:s0 tclass=file permissive=0 app=com.jio.myhome.mediasharedmp
06-13 00:16:45.716 W/pool-7-thread-1( 3444): type=1400 audit(0.0:7916): avc: denied { read } for name="arp" dev="proc" ino=4026532018 scontext=u:r:untrusted_app_27:s0:c85,c256,c512,c768 tcontext=u:object_r:proc_net:s0 tclass=file permissive=0 app=com.jio.myhome.mediasharedmp
06-13 00:16:45.781 I/lowmemorykiller(  231): medium memory pressure event is triggered for new strategy
06-13 00:16:45.781 D/lowmemorykiller(  231): LMKD mp_event_psi kill_reasons available are PRESSURE_AFTER_KILL, NOT_RESPONDING, LOW_SWAP_AND_THRASHING, LOW_MEM_AND_SWAP, LOW_MEM_AND_THRASHING, DIRECT_RECL_AND_THRASHING
06-13 00:16:45.781 D/lowmemorykiller(  231): LMKD mp_event_psi kill_reason received= -1
06-13 00:16:45.821 D/stbdpc  (  403): STB_DPGetNumPaths[570]: num_paths: 1
06-13 00:16:45.850 I/cr_MediaCodecBridge( 1786): create MediaCodec video decoder, mime video/avc
06-13 00:16:45.878 I/OMXClient( 1786): IOmx service obtained
06-13 00:16:45.883 I/[ 6773.001847@2]  resman(    0): 80 appname:OMX-68, type=0
06-13 00:16:45.879 I/OMXMaster(  472): makeComponentInstance(OMX.amlogic.avc.decoder.awesome2) in android.hardwar process
06-13 00:16:45.879 D/OmxComponentManagerImpl(  472): support frame mode
06-13 00:16:45.879 D/OmxComponentManagerImpl(  472): use dv frame mode
06-13 00:16:45.879 D/OmxComponentManagerImpl(  472): support avs frame mode
06-13 00:16:45.879 D/OmxComponentManagerImpl(  472): format support multi-instance
06-13 00:16:45.879 D/OmxComponentManagerImpl(  472): getEntryByName_2_num=0, componentName:OMX.amlogic.avc.decoder.awesome2
06-13 00:16:45.879 D/omx_video(  472): processName=media.codec
06-13 00:16:45.879 V/AmlogicVideoDecoderAwesome2(  472): [59]AmlogicVideoDecoder2:118 >
06-13 00:16:45.879 V/AmlogicVideoDecoderAwesome2(  472): [59]initializeState_l:1611 >
06-13 00:16:45.879 D/AmlogicVideoDecoderAwesome2(  472): [59]"vendor.media.omx.latency is not set used def=1.000000\n"
06-13 00:16:45.879 D/AmlogicVideoDecoderAwesome2(  472): [59]"vendor.media.omx.frame_numlatency is not set used def=10\n"
06-13 00:16:45.880 D/AmlogicVideoDecoderAwesome2(  472): [59]"vendor.omx.frame_numlimmit is not set used def=20\n"
06-13 00:16:45.880 D/AmlogicVideoDecoderAwesome2(  472): [60]"AmlogicVideoDecoder2, mOmxInstancenum 1, mOmxInstanceID 60"
06-13 00:16:45.880 D/AmlogicVideoDecoderAwesome2(  472): [60]"vendor.omx2.blkmode is not set used def=0\n"
06-13 00:16:45.880 D/AmlogicVideoDecoderAwesome2(  472): [60]"vendor.omx2.maxalloc is not set used def=1\n"
06-13 00:16:45.880 I/AmlogicVideoDecoderAwesome2(  472): [60]"default use NV21"
06-13 00:16:45.880 V/AmlogicVideoPassthrough(  472): [0]AmlogicVideoPassthrough:80 >
