07-08 17:00:54.687 W/        (    0): [ 1096.179197@3]- H264 sysinfo: 1920x1080 duration=3840, pts_outside=1
07-08 17:00:54.687 D/        (    0): [ 1096.179201@3]- sync_outside=0, use_idr_framerate=0, is_used_v4l: 0
07-08 17:00:54.689 I/        (    0): [ 1096.179309@3]- [TEE], the fw (h264_multi) will be loaded.
07-08 17:00:54.689 D/        (    0): [ 1096.179420@3]- vh264_init, phy_addr=7446e000 vaddr=00000000267e9499
07-08 17:00:54.689 D/        (    0): [ 1096.179528@3]- vfm map vdec-map-0 created
07-08 17:00:54.689 I/[ 1096.179547@3]- dim(    0): ch[1]:di_receiver_event_fun,8:_REG
07-08 17:00:54.689 I/[ 1096.179553@3]- dim(    0): reg:vdec.h264.00[138]
07-08 17:00:54.689 I/[ 1096.180088@3]- dim(    0): reg:use[1]ms
07-08 17:00:54.689 E/[ 1096.180107@3]- reg(    0): v4lvideo
07-08 17:00:54.689 I/[ 1096.180115@3]- dim(    0): ch[1]:di_receiver_event_fun,3:_START
07-08 17:00:54.689 D/        (    0): [ 1096.180120@3]- vdec_init, vf_provider_name = vdec.h264.00, b 0
07-08 17:00:54.689 I/        (    0): [ 1096.180759@3]- vdec->port_flag=0x102, port_flag=0x10b
07-08 17:00:54.690 I/        (    0): [ 1096.180875@3]- is_reset=0
07-08 17:00:54.702 D/[ 1096.191477@0]- 0(    0): AV_SCRATCH_1 = 841fe078, AV_SCRATCH_2 1a077
07-08 17:00:54.702 D/[ 1096.191536@0]- 0(    0): chroma_format_idc = 1 frame_mbs_only_flag 1, crop_bottom 8,  frame_height 1080,
07-08 17:00:54.702 D/[ 1096.191541@0]- 0(    0): mb_height 68,crop_right 0, frame_width 1920, mb_width 120
07-08 17:00:54.702 D/[ 1096.191547@0]- 0(    0): level_idc = 40 pic_size = 3133440 size = 4
07-08 17:00:54.702 D/[ 1096.191552@0]- 0(    0): mb height/widht/total: 44/78/1fe0 level_idc 28 max_ref_num 4
07-08 17:00:54.702 D/[ 1096.191558@0]- 0(    0): restriction_flag=1, max_dec_frame_buffering=4, dec_dpb_size=6 num_reorder_frames 3 used_reorder_dpb_size_margin 9
07-08 17:00:54.703 D/[ 1096.191564@0]- 0(    0): vh264_set_params active_buf_spec_num 15 dec_dpb_size 6 collocate_buf_num 8
07-08 17:00:54.715 I/        (    0): [ 1096.205073@1]- is_reset=1
07-08 17:00:54.716 I/[ 1096.205468@1]- vframe_rate_uevent(    0): sent uevent FRAME_RATE_HINT=0
07-08 17:00:54.722 D/        (    0): [ 1096.214405@0]s vdec requested to be disconnected
07-08 17:00:54.727 D/[ 1096.220074@2]- 0(    0): num_ref_frames change from 0 to 4
07-08 17:00:54.727 I/[ 1096.220728@0]- dim(    0): ch[1]:di_receiver_event_fun,1:_UNREG
07-08 17:00:54.728 E/[ 1096.220744@0]- unreg(    0): v4lvideo
07-08 17:00:54.728 I/[ 1096.221442@3]- dim(    0): unreg:use[1]ms
07-08 17:00:54.728 D/        (    0): [ 1096.221485@3]- vdec_disable_DMC input->target= 0x0
07-08 17:00:54.728 D/[ 1096.221610@3]- 0(    0): vh264_stop
07-08 17:00:54.731 D/        (    0): [ 1096.225203@3]- vdec_release instance 00000000f84da06b, total 1 id = 0
07-08 17:00:54.731 D/        (    0): [ 1096.225386@3]- the clk_vdec_mux    clock off, ref cnt: 0
07-08 17:00:54.731 D/        (    0): [ 1096.225396@3]- the vdec            clock off, ref cnt: 0
07-08 17:00:54.731 D/        (    0): [ 1096.225400@3]- the parser_top      clock off, ref cnt: 1
07-08 17:00:54.731 D/        (    0): [ 1096.225404@3]- the demux           clock off, ref cnt: 1
07-08 17:00:54.731 D/        (    0): [ 1096.225670@3]- the demux           clock on, ref cnt: 2
07-08 17:00:54.731 D/        (    0): [ 1096.225677@3]- the parser_top      clock on, ref cnt: 2
07-08 17:00:54.731 D/        (    0): [ 1096.225685@3]- the vdec            clock on, ref cnt: 1
07-08 17:00:54.731 D/        (    0): [ 1096.225704@3]- the clk_vdec_mux    clock on, ref cnt: 1
07-08 17:00:54.732 D/        (    0): [ 1096.225735@3]- vdec mux clock is 499999992 Hz
07-08 17:00:54.732 D/        (    0): [ 1096.225834@3]- vdec_create instance 00000000d8a9b044, total 1, PM: legacy
07-08 17:00:54.732 D/        (    0): [ 1096.225868@3]- no drmmode
07-08 17:00:54.732 I/        (    0): [ 1096.225890@3]- is_reset=1
07-08 17:00:54.732 I/        (    0): [ 1096.225914@3]- vdec_init, dev_name:ammvdec_h264, vdec_type=VDEC_TYPE_FRAME_BLOCK  id = 0
07-08 17:00:54.732 D/        (    0): [ 1096.226714@3]- ammvdec_h264_mmu_init tvp = 0x0 mmu_enable 0
07-08 17:00:54.732 D/        (    0): [ 1096.226721@3]- decoder_bmmu_box_alloc_box, tvp_flags = 0
07-08 17:00:54.732 D/[ 1096.226738@3]- 0(    0): ammvdec_h264_probe mmu_enable 0 double_write_mode 0x10
07-08 17:00:54.733 D/[ 1096.227563@3]- 0(    0): ammvdec_h264 mem-addr=0,buff_offset=56c10000,buf_start=56c00000
07-08 17:00:54.733 D/        (    0): [ 1096.227603@3]- vdec mux clock is 666666656 Hz
07-08 17:00:54.733 D/        (    0): [ 1096.227609@3]- vdec1 video changed to 3840 x 2160 60 fps clk->667MHZ
07-08 17:00:54.733 W/        (    0): [ 1096.227614@3]- H264 sysinfo: 1920x1080 duration=3840, pts_outside=1
07-08 17:00:54.733 D/        (    0): [ 1096.227618@3]- sync_outside=0, use_idr_framerate=0, is_used_v4l: 0
07-08 17:00:54.733 I/        (    0): [ 1096.227699@3]- [TEE], the fw (h264_multi) will be loaded.
07-08 17:00:54.733 D/        (    0): [ 1096.227877@2]- vh264_init, phy_addr=7446e000 vaddr=000000008c79d6c0
07-08 17:00:54.733 D/        (    0): [ 1096.228006@2]- vfm map vdec-map-0 created
07-08 17:00:54.733 I/[ 1096.228027@2]- dim(    0): ch[1]:di_receiver_event_fun,8:_REG
07-08 17:00:54.733 I/[ 1096.228032@2]- dim(    0): reg:vdec.h264.00[139]
07-08 17:00:54.735 I/chatty  ( 3737): uid=1046(mediacodec) omx@1.0-service expire 3 lines
07-08 17:00:54.735 I/[ 1096.228598@1]- dim(    0): reg:use[0]ms
07-08 17:00:54.735 E/[ 1096.228622@1]- reg(    0): v4lvideo
07-08 17:00:54.735 I/[ 1096.228630@1]- dim(    0): ch[1]:di_receiver_event_fun,3:_START
07-08 17:00:54.735 D/        (    0): [ 1096.228635@1]- vdec_init, vf_provider_name = vdec.h264.00, b 0
07-08 17:00:54.735 I/        (    0): [ 1096.229377@1]- vdec->port_flag=0x102, port_flag=0x10b
07-08 17:00:54.737 I/        (    0): [ 1096.229497@1]- is_reset=0
07-08 17:00:54.740 I/ThermalService( 4164): CPU temperatures: [61.800003]
07-08 17:00:54.740 I/chatty  (12891): uid=10087(in.startv.hotstar) expire 188 lines
07-08 17:00:54.792 D/[ 1096.283739@1]- 0(    0): AV_SCRATCH_1 = 841fe078, AV_SCRATCH_2 1a077
07-08 17:00:54.792 D/[ 1096.283800@1]- 0(    0): chroma_format_idc = 1 frame_mbs_only_flag 1, crop_bottom 8,  frame_height 1080,
07-08 17:00:54.792 D/[ 1096.283805@1]- 0(    0): mb_height 68,crop_right 0, frame_width 1920, mb_width 120
07-08 17:00:54.792 D/[ 1096.283810@1]- 0(    0): level_idc = 40 pic_size = 3133440 size = 4
07-08 17:00:54.792 D/[ 1096.283816@1]- 0(    0): mb height/widht/total: 44/78/1fe0 level_idc 28 max_ref_num 4
07-08 17:00:54.792 D/[ 1096.283821@1]- 0(    0): restriction_flag=1, max_dec_frame_buffering=4, dec_dpb_size=6 num_reorder_frames 3 used_reorder_dpb_size_margin 9
07-08 17:00:54.792 D/[ 1096.283827@1]- 0(    0): vh264_set_params active_buf_spec_num 15 dec_dpb_size 6 collocate_buf_num 8
07-08 17:00:54.799 E/ocessService0:( 7266): failed to create Unix domain socket: Operation not permitted
07-08 17:00:54.828 D/[ 1096.321467@2]- 0(    0): num_ref_frames change from 0 to 4
07-08 17:00:54.836 I/[ 1096.328630@1]- dim(    0): value reg:ch[1]:fix_buf:0;ponly <0,0>
07-08 17:00:54.846 I/[ 1096.328650@1]- dim(    0): di_cnt_i_buf1:tvp:0
07-08 17:00:54.846 D/[ 1096.333372@1]- dimh_patch_post_update_mc_sw(    0): 0x0->0x2
07-08 17:00:54.846 I/[ 1096.333523@1]- dim(    0): ch[1]:reg:mem cfg[8][5][3]
07-08 17:00:54.846 I/[ 1096.333586@1]- dim(    0): pre cfg:ch[1]:796236ms 1th source change:
07-08 17:00:54.846 I/[ 1096.333591@1]- dim(    0): source change:0x0/0/0/0=>0x8009/1920/1080/0
07-08 17:00:54.846 D/[ 1096.333611@1]- dimh_patch_post_update_mc_sw(    0): 0x2->0x3
07-08 17:00:54.849 I/chatty  ( 3737): uid=1046(mediacodec) omx@1.0-service expire 1 line
07-08 17:00:54.849 W/pool-8-thread-1( 7812): type=1400 audit(0.0:1532): avc: denied { read } for name="arp" dev="proc" ino=4026531984 scontext=u:r:untrusted_app_27:s0:c76,c256,c512,c768 tcontext=u:object_r:proc_net:s0 tclass=file permissive=0 app=com.jio.myhome.mediasharedmp
07-08 17:00:54.857 I/[ 1096.344087@2]- v4lvideo(    0): provider name: vdec.h264.00
07-08 17:00:54.874 D/        (    0): [ 1096.365899@2]- cal_dur_from_pts vstatus 3840 dur3600 -> 3840, revised 3840
07-08 17:00:54.874 I/[ 1096.366136@2]- vframe_rate_uevent(    0): sent uevent FRAME_RATE_HINT=3840
07-08 17:00:54.863 E/ocessService0:( 5824): failed to create Unix domain socket: Operation not permitted
07-08 17:00:54.895 W/APM::AudioPolicyEngine( 3666): getDevicesForStrategy() unknown strategy: -1
07-08 17:00:54.897 W/APM::AudioPolicyEngine( 3666): getDevicesForStrategy() unknown strategy: -1
07-08 17:00:54.921 W/AudioFlinger( 3666): createTrack_l(): mismatch between requested flags (00000008) and output flags (00000002)
07-08 17:00:54.924 D/AudioFlinger( 3666): Client defaulted notificationFrames to 8200 for frameCount 16400
07-08 17:00:54.909 W/pool-8-thread-1( 7812): type=1400 audit(0.0:1533): avc: denied { read } for name="arp" dev="proc" ino=4026531984 scontext=u:r:untrusted_app_27:s0:c76,c256,c512,c768 tcontext=u:object_r:proc_net:s0 tclass=file permissive=0 app=com.jio.myhome.mediasharedmp
07-08 17:00:54.926 D/AF::TrackHandle( 3666): OpPlayAudio: track:128 usage:1 not muted
07-08 17:00:55.035 W/APM::AudioPolicyEngine( 3666): getDevicesForStrategy() unknown strategy: -1
07-08 17:00:55.035 W/APM::AudioPolicyEngine( 3666): getDevicesForStrategy() unknown strategy: -1
07-08 17:00:55.063 I/        (    0): [ 1096.556903@3]- is_reset=1
07-08 17:00:55.063 I/[ 1096.557169@3]- vframe_rate_uevent(    0): sent uevent FRAME_RATE_HINT=0
07-08 17:00:55.063 I/[ 1096.558477@1]- dim(    0): ch[1]:di_receiver_event_fun,1:_UNREG
07-08 17:00:55.063 E/[ 1096.558496@1]- unreg(    0): v4lvideo
07-08 17:00:55.083 I/[ 1096.574452@1]- dim(    0): unreg:2keep[8], msk:[0x2144f,0x0]
07-08 17:00:55.083 I/[ 1096.574469@1]- dim(    0): bufq_ndis_unreg:used 2 idle 7
07-08 17:00:55.083 I/[ 1096.574473@1]- dim(    0): bufq_ndis_unreg:used 2 idle 0
07-08 17:00:55.083 D/[ 1096.574480@1]- dimh_patch_post_update_mc_sw(    0): 0x3->0x0
07-08 17:00:55.091 I/[ 1096.584889@1]- dim(    0): unreg:use[26]ms
07-08 17:00:55.091 D/        (    0): [ 1096.584917@1]- vdec_disable_DMC input->target= 0x0
07-08 17:00:55.091 D/[ 1096.585033@1]- 0(    0): vh264_stop
07-08 17:00:55.094 D/        (    0): [ 1096.588283@1]- vdec_release instance 00000000d8a9b044, total 1 id = 0
07-08 17:00:55.094 D/        (    0): [ 1096.588467@1]- the clk_vdec_mux    clock off, ref cnt: 0
07-08 17:00:55.094 D/        (    0): [ 1096.588477@1]- the vdec            clock off, ref cnt: 0
07-08 17:00:55.094 D/        (    0): [ 1096.588481@1]- the parser_top      clock off, ref cnt: 1
07-08 17:00:55.094 D/        (    0): [ 1096.588485@1]- the demux           clock off, ref cnt: 1
07-08 17:00:55.094 D/        (    0): [ 1096.588550@1]- the demux           clock on, ref cnt: 2
07-08 17:00:55.094 D/        (    0): [ 1096.588554@1]- the parser_top      clock on, ref cnt: 2
07-08 17:00:55.094 D/        (    0): [ 1096.588560@1]- the vdec            clock on, ref cnt: 1
07-08 17:00:55.094 D/        (    0): [ 1096.588578@1]- the clk_vdec_mux    clock on, ref cnt: 1
07-08 17:00:55.094 D/        (    0): [ 1096.588609@1]- vdec mux clock is 499999992 Hz
07-08 17:00:55.094 D/        (    0): [ 1096.589178@1]- vdec_create instance 00000000e5edc75d, total 1, PM: legacy
07-08 17:00:55.094 D/        (    0): [ 1096.589225@1]- no drmmode
07-08 17:00:55.094 I/        (    0): [ 1096.589260@1]- is_reset=1
07-08 17:00:55.095 I/        (    0): [ 1096.589285@1]- vdec_init, dev_name:ammvdec_h264, vdec_type=VDEC_TYPE_FRAME_BLOCK  id = 0
07-08 17:00:55.095 D/        (    0): [ 1096.590029@1]- ammvdec_h264_mmu_init tvp = 0x0 mmu_enable 0
07-08 17:00:55.095 D/        (    0): [ 1096.590037@1]- decoder_bmmu_box_alloc_box, tvp_flags = 0
07-08 17:00:55.095 D/[ 1096.590054@1]- 0(    0): ammvdec_h264_probe mmu_enable 0 double_write_mode 0x10
07-08 17:00:55.098 I/chatty  ( 3737): uid=1046(mediacodec) omx@1.0-service expire 3 lines
07-08 17:00:55.099 D/[ 1096.591234@1]- 0(    0): ammvdec_h264 mem-addr=0,buff_offset=56c10000,buf_start=56c00000
07-08 17:00:55.099 D/        (    0): [ 1096.591275@1]- vdec mux clock is 666666656 Hz
07-08 17:00:55.099 D/        (    0): [ 1096.591281@1]- vdec1 video changed to 3840 x 2160 60 fps clk->667MHZ
07-08 17:00:55.099 W/        (    0): [ 1096.591287@1]- H264 sysinfo: 1920x1080 duration=3840, pts_outside=1
07-08 17:00:55.099 D/        (    0): [ 1096.591291@1]- sync_outside=0, use_idr_framerate=0, is_used_v4l: 0
07-08 17:00:55.099 I/        (    0): [ 1096.591381@1]- [TEE], the fw (h264_multi) will be loaded.
07-08 17:00:55.099 D/        (    0): [ 1096.591487@1]- vh264_init, phy_addr=7446e000 vaddr=00000000e3e90e8b
07-08 17:00:55.099 D/        (    0): [ 1096.591614@1]- vfm map vdec-map-0 created
07-08 17:00:55.099 I/[ 1096.591634@1]- dim(    0): ch[1]:di_receiver_event_fun,8:_REG
07-08 17:00:55.100 I/[ 1096.591639@1]- dim(    0): reg:vdec.h264.00[140]
07-08 17:00:55.100 I/[ 1096.591735@1]- dim(    0): reg:use[0]ms
07-08 17:00:55.100 E/[ 1096.591750@1]- reg(    0): v4lvideo
07-08 17:00:55.100 I/[ 1096.591757@1]- dim(    0): ch[1]:di_receiver_event_fun,3:_START
07-08 17:00:55.100 D/        (    0): [ 1096.591761@1]- vdec_init, vf_provider_name = vdec.h264.00, b 0
07-08 17:00:55.100 I/        (    0): [ 1096.592480@3]- vdec->port_flag=0x102, port_flag=0x10b
07-08 17:00:55.100 I/        (    0): [ 1096.592594@3]- is_reset=0
07-08 17:00:55.122 W/[ 1096.613792@1]- audit(    0): audit_lost=893 audit_rate_limit=5 audit_backlog_limit=64
07-08 17:00:55.123 E/[ 1096.613800@1]- audit(    0): rate limit exceeded
07-08 17:00:55.123 D/[ 1096.617660@0]- 0(    0): AV_SCRATCH_1 = 841fe078, AV_SCRATCH_2 1a077
07-08 17:00:55.123 D/[ 1096.617718@0]- 0(    0): chroma_format_idc = 1 frame_mbs_only_flag 1, crop_bottom 8,  frame_height 1080,
07-08 17:00:55.123 D/[ 1096.617723@0]- 0(    0): mb_height 68,crop_right 0, frame_width 1920, mb_width 120
07-08 17:00:55.123 D/[ 1096.617729@0]- 0(    0): level_idc = 40 pic_size = 3133440 size = 4
07-08 17:00:55.123 D/[ 1096.617734@0]- 0(    0): mb height/widht/total: 44/78/1fe0 level_idc 28 max_ref_num 4
07-08 17:00:55.123 D/[ 1096.617740@0]- 0(    0): restriction_flag=1, max_dec_frame_buffering=4, dec_dpb_size=6 num_reorder_frames 3 used_reorder_dpb_size_margin 9
07-08 17:00:55.123 D/[ 1096.617745@0]- 0(    0): vh264_set_params active_buf_spec_num 15 dec_dpb_size 6 collocate_buf_num 8
07-08 17:00:55.144 I/        (    0): [ 1096.636200@2]- is_reset=1
07-08 17:00:55.145 I/[ 1096.636665@2]- vframe_rate_uevent(    0): sent uevent FRAME_RATE_HINT=0
07-08 17:00:55.146 D/        (    0): [ 1096.638433@3]s vdec requested to be disconnected
07-08 17:00:55.151 D/[ 1096.645414@2]- 0(    0): num_ref_frames change from 0 to 4
07-08 17:00:55.151 I/[ 1096.646113@1]- dim(    0): ch[1]:di_receiver_event_fun,1:_UNREG
07-08 17:00:55.151 E/[ 1096.646127@1]- unreg(    0): v4lvideo
07-08 17:00:55.151 I/[ 1096.646443@1]- dim(    0): unreg:use[0]ms
07-08 17:00:55.151 D/        (    0): [ 1096.646466@1]- vdec_disable_DMC input->target= 0x0
07-08 17:00:55.151 D/[ 1096.646592@1]- 0(    0): vh264_stop
07-08 17:00:55.165 I/chatty  ( 3737): uid=1046(mediacodec) omx@1.0-service expire 3 lines
07-08 17:00:55.166 D/        (    0): [ 1096.651914@1]- vdec_release instance 00000000e5edc75d, total 1 id = 0
07-08 17:00:55.168 D/        (    0): [ 1096.652093@1]- the clk_vdec_mux    clock off, ref cnt: 0
07-08 17:00:55.168 D/        (    0): [ 1096.652103@1]- the vdec            clock off, ref cnt: 0
07-08 17:00:55.168 D/        (    0): [ 1096.652107@1]- the parser_top      clock off, ref cnt: 1
07-08 17:00:55.168 D/        (    0): [ 1096.652111@1]- the demux           clock off, ref cnt: 1
07-08 17:00:55.168 D/        (    0): [ 1096.652185@1]- the demux           clock on, ref cnt: 2
07-08 17:00:55.168 D/        (    0): [ 1096.652190@1]- the parser_top      clock on, ref cnt: 2
07-08 17:00:55.168 D/        (    0): [ 1096.652197@1]- the vdec            clock on, ref cnt: 1
07-08 17:00:55.168 D/        (    0): [ 1096.652216@1]- the clk_vdec_mux    clock on, ref cnt: 1
07-08 17:00:55.168 D/        (    0): [ 1096.652249@1]- vdec mux clock is 499999992 Hz
07-08 17:00:55.168 D/        (    0): [ 1096.652353@1]- vdec_create instance 00000000f2114bb0, total 1, PM: legacy
07-08 17:00:55.168 D/        (    0): [ 1096.652390@1]- no drmmode
07-08 17:00:55.168 I/        (    0): [ 1096.652426@1]- is_reset=1
07-08 17:00:55.168 I/        (    0): [ 1096.652454@1]- vdec_init, dev_name:ammvdec_h264, vdec_type=VDEC_TYPE_FRAME_BLOCK  id = 0
07-08 17:00:55.168 D/        (    0): [ 1096.653827@1]- ammvdec_h264_mmu_init tvp = 0x0 mmu_enable 0
07-08 17:00:55.168 D/        (    0): [ 1096.653834@1]- decoder_bmmu_box_alloc_box, tvp_flags = 0
07-08 17:00:55.168 D/[ 1096.653854@1]- 0(    0): ammvdec_h264_probe mmu_enable 0 double_write_mode 0x10
07-08 17:00:55.168 D/[ 1096.655078@1]- 0(    0): ammvdec_h264 mem-addr=0,buff_offset=56c10000,buf_start=56c00000
07-08 17:00:55.168 D/        (    0): [ 1096.655121@1]- vdec mux clock is 666666656 Hz
07-08 17:00:55.168 D/        (    0): [ 1096.655126@1]- vdec1 video changed to 3840 x 2160 60 fps clk->667MHZ
07-08 17:00:55.168 W/        (    0): [ 1096.655132@1]- H264 sysinfo: 1920x1080 duration=3840, pts_outside=1
07-08 17:00:55.168 D/        (    0): [ 1096.655136@1]- sync_outside=0, use_idr_framerate=0, is_used_v4l: 0
07-08 17:00:55.168 I/        (    0): [ 1096.655230@1]- [TEE], the fw (h264_multi) will be loaded.
07-08 17:00:55.168 D/        (    0): [ 1096.655389@1]- vh264_init, phy_addr=7446e000 vaddr=0000000094e9f4ea
07-08 17:00:55.168 D/        (    0): [ 1096.655585@1]- vfm map vdec-map-0 created
07-08 17:00:55.168 I/[ 1096.655609@1]- dim(    0): ch[1]:di_receiver_event_fun,8:_REG
07-08 17:00:55.168 I/[ 1096.655614@1]- dim(    0): reg:vdec.h264.00[141]
07-08 17:00:55.168 I/[ 1096.655702@1]- dim(    0): reg:use[0]ms
07-08 17:00:55.168 E/[ 1096.655717@1]- reg(    0): v4lvideo
07-08 17:00:55.169 I/[ 1096.655723@1]- dim(    0): ch[1]:di_receiver_event_fun,3:_START
07-08 17:00:55.169 D/        (    0): [ 1096.655728@1]- vdec_init, vf_provider_name = vdec.h264.00, b 0
07-08 17:00:55.169 I/        (    0): [ 1096.658337@2]- vdec->port_flag=0x102, port_flag=0x10b
07-08 17:00:55.169 I/        (    0): [ 1096.658499@2]- is_reset=0
07-08 17:00:55.223 D/[ 1096.716996@2]- 0(    0): AV_SCRATCH_1 = 841fe078, AV_SCRATCH_2 1a077
07-08 17:00:55.224 D/[ 1096.717051@2]- 0(    0): chroma_format_idc = 1 frame_mbs_only_flag 1, crop_bottom 8,  frame_height 1080,
07-08 17:00:55.224 D/[ 1096.717056@2]- 0(    0): mb_height 68,crop_right 0, frame_width 1920, mb_width 120
07-08 17:00:55.224 D/[ 1096.717062@2]- 0(    0): level_idc = 40 pic_size = 3133440 size = 4
07-08 17:00:55.224 D/[ 1096.717067@2]- 0(    0): mb height/widht/total: 44/78/1fe0 level_idc 28 max_ref_num 4
07-08 17:00:55.224 D/[ 1096.717073@2]- 0(    0): restriction_flag=1, max_dec_frame_buffering=4, dec_dpb_size=6 num_reorder_frames 3 used_reorder_dpb_size_margin 9
07-08 17:00:55.224 D/[ 1096.717078@2]- 0(    0): vh264_set_params active_buf_spec_num 15 dec_dpb_size 6 collocate_buf_num 8
07-08 17:00:55.252 D/[ 1096.745092@2]- 0(    0): num_ref_frames change from 0 to 4
07-08 17:00:55.260 I/[ 1096.752259@1]- dim(    0): value reg:ch[1]:fix_buf:0;ponly <0,0>
07-08 17:00:55.260 I/[ 1096.752280@1]- dim(    0): di_cnt_i_buf1:tvp:0
07-08 17:00:55.269 D/[ 1096.759669@1]- dimh_patch_post_update_mc_sw(    0): 0x0->0x2
07-08 17:00:55.269 I/[ 1096.759806@1]- dim(    0): ch[1]:reg:mem cfg[8][5][3]
07-08 17:00:55.274 I/[ 1096.759868@1]- dim(    0): pre cfg:ch[1]:796664ms 1th source change:
07-08 17:00:55.275 I/[ 1096.759874@1]- dim(    0): source change:0x0/0/0/0=>0x8009/1920/1080/0
07-08 17:00:55.275 D/[ 1096.759894@1]- dimh_patch_post_update_mc_sw(    0): 0x2->0x3
07-08 17:00:55.275 I/chatty  ( 3737): uid=1046(mediacodec) omx@1.0-service expire 1 line
07-08 17:00:55.276 I/[ 1096.770265@3]- v4lvideo(    0): provider name: vdec.h264.00
07-08 17:00:55.296 D/        (    0): [ 1096.788160@2]- cal_dur_from_pts vstatus 3840 dur3600 -> 3840, revised 3840
07-08 17:00:55.296 I/[ 1096.788468@2]- vframe_rate_uevent(    0): sent uevent FRAME_RATE_HINT=3840
07-08 17:00:55.358 W/APM::AudioPolicyEngine( 3666): getDevicesForStrategy() unknown strategy: -1
07-08 17:00:55.359 W/APM::AudioPolicyEngine( 3666): getDevicesForStrategy() unknown strategy: -1
07-08 17:00:55.363 W/AudioFlinger( 3666): createTrack_l(): mismatch between requested flags (00000008) and output flags (00000002)
07-08 17:00:55.363 D/AudioFlinger( 3666): Client defaulted notificationFrames to 8200 for frameCount 16400
07-08 17:00:55.365 D/AF::TrackHandle( 3666): OpPlayAudio: track:129 usage:1 not muted
07-08 17:00:55.476 W/APM::AudioPolicyEngine( 3666): getDevicesForStrategy() unknown strategy: -1
07-08 17:00:55.477 W/APM::AudioPolicyEngine( 3666): getDevicesForStrategy() unknown strategy: -1
07-08 17:00:55.491 I/e.swalekh.abct( 4548): oneway function results will be dropped but finished with status OK and parcel size 4
07-08 17:00:55.495 I/        (    0): [ 1096.989761@3]- is_reset=1
07-08 17:00:55.496 I/[ 1096.990983@3]- vframe_rate_uevent(    0): sent uevent FRAME_RATE_HINT=0
07-08 17:00:55.500 I/[ 1096.992126@3]- dim(    0): ch[1]:di_receiver_event_fun,1:_UNREG
07-08 17:00:55.501 E/[ 1096.992146@3]- unreg(    0): v4lvideo
07-08 17:00:55.514 I/[ 1097.006486@1]- dim(    0): unreg:2keep[8], msk:[0x8c30b,0x0]
07-08 17:00:55.515 I/[ 1097.006504@1]- dim(    0): bufq_ndis_unreg:used 2 idle 9
07-08 17:00:55.515 I/[ 1097.006509@1]- dim(    0): bufq_ndis_unreg:used 2 idle 6
07-08 17:00:55.515 D/[ 1097.006515@1]- dimh_patch_post_update_mc_sw(    0): 0x3->0x0
07-08 17:00:55.528 I/[ 1097.019327@2]- dim(    0): unreg:use[27]ms
07-08 17:00:55.528 D/        (    0): [ 1097.019359@2]- vdec_disable_DMC input->target= 0x0
07-08 17:00:55.528 D/[ 1097.019475@2]- 0(    0): vh264_stop
07-08 17:00:55.531 D/        (    0): [ 1097.024010@2]- vdec_release instance 00000000f2114bb0, total 1 id = 0
07-08 17:00:55.531 D/        (    0): [ 1097.024786@2]- the clk_vdec_mux    clock off, ref cnt: 0
07-08 17:00:55.531 D/        (    0): [ 1097.024798@2]- the vdec            clock off, ref cnt: 0
07-08 17:00:55.531 D/        (    0): [ 1097.024803@2]- the parser_top      clock off, ref cnt: 1
07-08 17:00:55.531 D/        (    0): [ 1097.024806@2]- the demux           clock off, ref cnt: 1
07-08 17:00:55.532 D/        (    0): [ 1097.024879@2]- the demux           clock on, ref cnt: 2
07-08 17:00:55.532 D/        (    0): [ 1097.024884@2]- the parser_top      clock on, ref cnt: 2
07-08 17:00:55.532 D/        (    0): [ 1097.024891@2]- the vdec            clock on, ref cnt: 1
07-08 17:00:55.535 D/        (    0): [ 1097.024909@2]- the clk_vdec_mux    clock on, ref cnt: 1
07-08 17:00:55.535 D/        (    0): [ 1097.024943@2]- vdec mux clock is 499999992 Hz
07-08 17:00:55.535 D/        (    0): [ 1097.025054@2]- vdec_create instance 00000000cc738929, total 1, PM: legacy
07-08 17:00:55.535 D/        (    0): [ 1097.025177@2]- no drmmode
07-08 17:00:55.535 I/        (    0): [ 1097.025230@2]- is_reset=1
07-08 17:00:55.535 I/        (    0): [ 1097.025257@2]- vdec_init, dev_name:ammvdec_h264, vdec_type=VDEC_TYPE_FRAME_BLOCK  id = 0
07-08 17:00:55.536 D/        (    0): [ 1097.027434@2]- ammvdec_h264_mmu_init tvp = 0x0 mmu_enable 0
07-08 17:00:55.536 D/        (    0): [ 1097.027442@2]- decoder_bmmu_box_alloc_box, tvp_flags = 0
07-08 17:00:55.536 D/[ 1097.027462@2]- 0(    0): ammvdec_h264_probe mmu_enable 0 double_write_mode 0x10
07-08 17:00:55.536 D/[ 1097.028714@2]- 0(    0): ammvdec_h264 mem-addr=0,buff_offset=56c10000,buf_start=56c00000
07-08 17:00:55.536 D/        (    0): [ 1097.028761@2]- vdec mux clock is 666666656 Hz
07-08 17:00:55.536 D/        (    0): [ 1097.028766@2]- vdec1 video changed to 3840 x 2160 60 fps clk->667MHZ
07-08 17:00:55.536 W/        (    0): [ 1097.028773@2]- H264 sysinfo: 1920x1080 duration=3840, pts_outside=1
07-08 17:00:55.536 D/        (    0): [ 1097.028777@2]- sync_outside=0, use_idr_framerate=0, is_used_v4l: 0
07-08 17:00:55.536 I/        (    0): [ 1097.028879@2]- [TEE], the fw (h264_multi) will be loaded.
07-08 17:00:55.536 D/        (    0): [ 1097.030655@2]- vh264_init, phy_addr=7446e000 vaddr=0000000007b9ebaf
07-08 17:00:55.539 I/chatty  ( 3737): uid=1046(mediacodec) omx@1.0-service expire 3 lines
07-08 17:00:55.545 D/        (    0): [ 1097.030918@2]- vfm map vdec-map-0 created
07-08 17:00:55.545 I/[ 1097.030943@2]- dim(    0): ch[1]:di_receiver_event_fun,8:_REG
07-08 17:00:55.545 I/[ 1097.030948@2]- dim(    0): reg:vdec.h264.00[142]
07-08 17:00:55.545 I/[ 1097.031523@2]- dim(    0): reg:use[1]ms
07-08 17:00:55.547 E/[ 1097.031551@2]- reg(    0): v4lvideo
07-08 17:00:55.553 I/[ 1097.031560@2]- dim(    0): ch[1]:di_receiver_event_fun,3:_START
07-08 17:00:55.553 D/        (    0): [ 1097.031566@2]- vdec_init, vf_provider_name = vdec.h264.00, b 0
07-08 17:00:55.553 I/        (    0): [ 1097.033595@3]- vdec->port_flag=0x102, port_flag=0x10b
07-08 17:00:55.553 I/        (    0): [ 1097.033757@3]- is_reset=0
07-08 17:00:55.553 D/[ 1097.045933@0]- 0(    0): AV_SCRATCH_1 = 841fe078, AV_SCRATCH_2 1a077
07-08 17:00:55.561 D/[ 1097.046435@0]- 0(    0): chroma_format_idc = 1 frame_mbs_only_flag 1, crop_bottom 8,  frame_height 1080,
07-08 17:00:55.563 D/[ 1097.046444@0]- 0(    0): mb_height 68,crop_right 0, frame_width 1920, mb_width 120
07-08 17:00:55.563 D/[ 1097.046475@0]- 0(    0): level_idc = 40 pic_size = 3133440 size = 4
07-08 17:00:55.563 D/[ 1097.046481@0]- 0(    0): mb height/widht/total: 44/78/1fe0 level_idc 28 max_ref_num 4
07-08 17:00:55.563 D/[ 1097.046487@0]- 0(    0): restriction_flag=1, max_dec_frame_buffering=4, dec_dpb_size=6 num_reorder_frames 3 used_reorder_dpb_size_margin 9
07-08 17:00:55.563 D/[ 1097.046493@0]- 0(    0): vh264_set_params active_buf_spec_num 15 dec_dpb_size 6 collocate_buf_num 8
07-08 17:00:55.570 I/        (    0): [ 1097.060495@0]- is_reset=1
07-08 17:00:55.616 I/[ 1097.060984@0]- vframe_rate_uevent(    0): sent uevent FRAME_RATE_HINT=0
07-08 17:00:55.617 D/        (    0): [ 1097.066418@1]s vdec requested to be disconnected
07-08 17:00:55.617 D/[ 1097.076882@2]- 0(    0): num_ref_frames change from 0 to 4
07-08 17:00:55.617 I/[ 1097.077937@2]- dim(    0): ch[1]:di_receiver_event_fun,1:_UNREG
07-08 17:00:55.617 E/[ 1097.077952@2]- unreg(    0): v4lvideo
07-08 17:00:55.617 I/[ 1097.079319@1]- dim(    0): unreg:use[2]ms
07-08 17:00:55.617 D/        (    0): [ 1097.079350@1]- vdec_disable_DMC input->target= 0x0
07-08 17:00:55.617 D/[ 1097.079464@1]- 0(    0): vh264_stop
07-08 17:00:55.617 D/        (    0): [ 1097.084220@1]- vdec_release instance 00000000cc738929, total 1 id = 0
07-08 17:00:55.617 D/        (    0): [ 1097.084395@1]- the clk_vdec_mux    clock off, ref cnt: 0
07-08 17:00:55.599 I/chatty  ( 3737): uid=1046(mediacodec) omx@1.0-service expire 3 lines
07-08 17:00:55.617 D/        (    0): [ 1097.084405@1]- the vdec            clock off, ref cnt: 0
07-08 17:00:55.617 D/        (    0): [ 1097.084409@1]- the parser_top      clock off, ref cnt: 1
07-08 17:00:55.617 D/        (    0): [ 1097.084413@1]- the demux           clock off, ref cnt: 1
07-08 17:00:55.617 D/        (    0): [ 1097.084484@1]- the demux           clock on, ref cnt: 2
07-08 17:00:55.617 D/        (    0): [ 1097.084490@1]- the parser_top      clock on, ref cnt: 2
07-08 17:00:55.617 D/        (    0): [ 1097.084496@1]- the vdec            clock on, ref cnt: 1
07-08 17:00:55.617 D/        (    0): [ 1097.084514@1]- the clk_vdec_mux    clock on, ref cnt: 1
07-08 17:00:55.618 D/        (    0): [ 1097.084548@1]- vdec mux clock is 499999992 Hz
07-08 17:00:55.618 D/        (    0): [ 1097.084674@1]- vdec_create instance 0000000056723585, total 1, PM: legacy
07-08 17:00:55.618 D/        (    0): [ 1097.084720@1]- no drmmode
07-08 17:00:55.618 I/        (    0): [ 1097.084760@1]- is_reset=1
07-08 17:00:55.618 I/        (    0): [ 1097.084787@1]- vdec_init, dev_name:ammvdec_h264, vdec_type=VDEC_TYPE_FRAME_BLOCK  id = 0
07-08 17:00:55.618 D/        (    0): [ 1097.086056@1]- ammvdec_h264_mmu_init tvp = 0x0 mmu_enable 0
07-08 17:00:55.618 D/        (    0): [ 1097.086065@1]- decoder_bmmu_box_alloc_box, tvp_flags = 0
07-08 17:00:55.618 D/[ 1097.086084@1]- 0(    0): ammvdec_h264_probe mmu_enable 0 double_write_mode 0x10
07-08 17:00:55.618 D/[ 1097.087340@1]- 0(    0): ammvdec_h264 mem-addr=0,buff_offset=56c10000,buf_start=56c00000
07-08 17:00:55.618 D/        (    0): [ 1097.087385@1]- vdec mux clock is 666666656 Hz
07-08 17:00:55.618 D/        (    0): [ 1097.087391@1]- vdec1 video changed to 3840 x 2160 60 fps clk->667MHZ
07-08 17:00:55.618 W/        (    0): [ 1097.087397@1]- H264 sysinfo: 1920x1080 duration=3840, pts_outside=1
07-08 17:00:55.618 D/        (    0): [ 1097.087400@1]- sync_outside=0, use_idr_framerate=0, is_used_v4l: 0
07-08 17:00:55.618 I/        (    0): [ 1097.087508@1]- [TEE], the fw (h264_multi) will be loaded.
07-08 17:00:55.618 D/        (    0): [ 1097.087950@1]- vh264_init, phy_addr=7446e000 vaddr=00000000d5c113ba
07-08 17:00:55.618 D/        (    0): [ 1097.088124@1]- vfm map vdec-map-0 created
07-08 17:00:55.618 I/[ 1097.088146@1]- dim(    0): ch[1]:di_receiver_event_fun,8:_REG
07-08 17:00:55.618 I/[ 1097.088152@1]- dim(    0): reg:vdec.h264.00[143]
07-08 17:00:55.618 I/[ 1097.088324@1]- dim(    0): reg:use[0]ms
07-08 17:00:55.618 E/[ 1097.088342@1]- reg(    0): v4lvideo
07-08 17:00:55.618 I/[ 1097.088350@1]- dim(    0): ch[1]:di_receiver_event_fun,3:_START
07-08 17:00:55.618 D/        (    0): [ 1097.088354@1]- vdec_init, vf_provider_name = vdec.h264.00, b 0
07-08 17:00:55.618 I/        (    0): [ 1097.089826@1]- vdec->port_flag=0x102, port_flag=0x10b
07-08 17:00:55.618 I/        (    0): [ 1097.089937@1]- is_reset=0
07-08 17:00:55.679 D/[ 1097.173577@1]- 0(    0): AV_SCRATCH_1 = 841fe078, AV_SCRATCH_2 1a077
07-08 17:00:55.680 D/[ 1097.173629@1]- 0(    0): chroma_format_idc = 1 frame_mbs_only_flag 1, crop_bottom 8,  frame_height 1080,
07-08 17:00:55.680 D/[ 1097.173635@1]- 0(    0): mb_height 68,crop_right 0, frame_width 1920, mb_width 120
07-08 17:00:55.680 D/[ 1097.173640@1]- 0(    0): level_idc = 40 pic_size = 3133440 size = 4
07-08 17:00:55.680 D/[ 1097.173646@1]- 0(    0): mb height/widht/total: 44/78/1fe0 level_idc 28 max_ref_num 4
07-08 17:00:55.680 D/[ 1097.173651@1]- 0(    0): restriction_flag=1, max_dec_frame_buffering=4, dec_dpb_size=6 num_reorder_frames 3 used_reorder_dpb_size_margin 9
07-08 17:00:55.680 D/[ 1097.173657@1]- 0(    0): vh264_set_params active_buf_spec_num 15 dec_dpb_size 6 collocate_buf_num 8
07-08 17:00:55.706 D/[ 1097.201226@2]- 0(    0): num_ref_frames change from 0 to 4
07-08 17:00:55.714 I/[ 1097.208396@1]- dim(    0): value reg:ch[1]:fix_buf:0;ponly <0,0>
07-08 17:00:55.714 I/[ 1097.208416@1]- dim(    0): di_cnt_i_buf1:tvp:0
07-08 17:00:55.726 D/[ 1097.214654@1]- dimh_patch_post_update_mc_sw(    0): 0x0->0x2
07-08 17:00:55.726 I/[ 1097.214786@1]- dim(    0): ch[1]:reg:mem cfg[8][5][3]
07-08 17:00:55.727 I/[ 1097.214842@1]- dim(    0): pre cfg:ch[1]:797120ms 1th source change:
07-08 17:00:55.727 I/[ 1097.214847@1]- dim(    0): source change:0x0/0/0/0=>0x8009/1920/1080/0
07-08 17:00:55.727 D/[ 1097.214868@1]- dimh_patch_post_update_mc_sw(    0): 0x2->0x3
07-08 17:00:55.731 I/chatty  ( 3737): uid=1046(mediacodec) omx@1.0-service expire 1 line
07-08 17:00:55.734 I/[ 1097.225676@2]- v4lvideo(    0): provider name: vdec.h264.00
07-08 17:00:55.751 D/        (    0): [ 1097.243926@2]- cal_dur_from_pts vstatus 3840 dur3600 -> 3840, revised 3840
07-08 17:00:55.752 I/[ 1097.244155@2]- vframe_rate_uevent(    0): sent uevent FRAME_RATE_HINT=3840
07-08 17:00:55.752 W/AudioFlinger( 3666): createTrack_l(): mismatch between requested flags (00000008) and output flags (00000002)
07-08 17:00:55.754 D/AudioFlinger( 3666): Client defaulted notificationFrames to 8200 for frameCount 16400
07-08 17:00:55.762 D/AF::TrackHandle( 3666): OpPlayAudio: track:130 usage:1 not muted
07-08 17:00:55.770 W/APM::AudioPolicyEngine( 3666): getDevicesForStrategy() unknown strategy: -1
07-08 17:00:55.773 W/APM::AudioPolicyEngine( 3666): getDevicesForStrategy() unknown strategy: -1
07-08 17:00:55.774 I/chatty  ( 3840): uid=1000(system) Binder:3840_4 expire 16 lines
07-08 17:00:55.878 I/appium  (12805): channel read: GET /session/322d388a-2046-4e3c-8168-0e85f3797401/source
07-08 17:00:55.880 I/appium  (12805): Source command
07-08 17:00:55.881 I/appium  (12805): Waiting up to 10000ms for the device to idle
07-08 17:00:55.907 W/APM::AudioPolicyEngine( 3666): getDevicesForStrategy() unknown strategy: -1
07-08 17:00:55.907 W/APM::AudioPolicyEngine( 3666): getDevicesForStrategy() unknown strategy: -1
07-08 17:00:55.935 I/        (    0): [ 1097.428448@3]- is_reset=1
07-08 17:00:55.935 I/[ 1097.428696@3]- vframe_rate_uevent(    0): sent uevent FRAME_RATE_HINT=0
07-08 17:00:55.935 I/[ 1097.429802@2]- dim(    0): ch[1]:di_receiver_event_fun,1:_UNREG
07-08 17:00:55.936 E/[ 1097.429820@2]- unreg(    0): v4lvideo
07-08 17:00:55.955 I/[ 1097.446454@1]- dim(    0): unreg:2keep[8], msk:[0x43239,0x0]
07-08 17:00:55.955 I/[ 1097.446471@1]- dim(    0): bufq_ndis_unreg:used 2 idle 0
07-08 17:00:55.955 I/[ 1097.446476@1]- dim(    0): bufq_ndis_unreg:used 2 idle 3
07-08 17:00:55.955 D/[ 1097.446483@1]- dimh_patch_post_update_mc_sw(    0): 0x3->0x0
07-08 17:00:55.963 I/[ 1097.456698@3]- dim(    0): unreg:use[27]ms
07-08 17:00:55.963 D/        (    0): [ 1097.456727@3]- vdec_disable_DMC input->target= 0x0
07-08 17:00:55.963 D/[ 1097.456844@3]- 0(    0): vh264_stop
07-08 17:00:55.968 D/        (    0): [ 1097.460133@3]- vdec_release instance 0000000056723585, total 1 id = 0
07-08 17:00:55.968 D/        (    0): [ 1097.460327@3]- the clk_vdec_mux    clock off, ref cnt: 0
07-08 17:00:55.968 D/        (    0): [ 1097.460338@3]- the vdec            clock off, ref cnt: 0
07-08 17:00:55.968 D/        (    0): [ 1097.460342@3]- the parser_top      clock off, ref cnt: 1
07-08 17:00:55.968 D/        (    0): [ 1097.460346@3]- the demux           clock off, ref cnt: 1
07-08 17:00:55.968 D/        (    0): [ 1097.460403@3]- the demux           clock on, ref cnt: 2
07-08 17:00:55.968 D/        (    0): [ 1097.460408@3]- the parser_top      clock on, ref cnt: 2
07-08 17:00:55.968 D/        (    0): [ 1097.460415@3]- the vdec            clock on, ref cnt: 1
07-08 17:00:55.968 D/        (    0): [ 1097.460434@3]- the clk_vdec_mux    clock on, ref cnt: 1
07-08 17:00:55.968 D/        (    0): [ 1097.460467@3]- vdec mux clock is 499999992 Hz
07-08 17:00:55.968 D/        (    0): [ 1097.460585@3]- vdec_create instance 000000004b40054c, total 1, PM: legacy
07-08 17:00:55.968 D/        (    0): [ 1097.460622@3]- no drmmode
07-08 17:00:55.968 I/        (    0): [ 1097.460648@3]- is_reset=1
07-08 17:00:55.968 I/        (    0): [ 1097.460674@3]- vdec_init, dev_name:ammvdec_h264, vdec_type=VDEC_TYPE_FRAME_BLOCK  id = 0
07-08 17:00:55.968 D/        (    0): [ 1097.461474@3]- ammvdec_h264_mmu_init tvp = 0x0 mmu_enable 0
07-08 17:00:55.968 D/        (    0): [ 1097.461482@3]- decoder_bmmu_box_alloc_box, tvp_flags = 0
07-08 17:00:55.968 D/[ 1097.461501@3]- 0(    0): ammvdec_h264_probe mmu_enable 0 double_write_mode 0x10
07-08 17:00:55.968 D/[ 1097.462419@3]- 0(    0): ammvdec_h264 mem-addr=0,buff_offset=56c10000,buf_start=56c00000
07-08 17:00:55.968 D/        (    0): [ 1097.462459@3]- vdec mux clock is 666666656 Hz
07-08 17:00:55.968 D/        (    0): [ 1097.462464@3]- vdec1 video changed to 3840 x 2160 60 fps clk->667MHZ
07-08 17:00:55.968 W/        (    0): [ 1097.462469@3]- H264 sysinfo: 1920x1080 duration=3840, pts_outside=1
07-08 17:00:55.968 D/        (    0): [ 1097.462473@3]- sync_outside=0, use_idr_framerate=0, is_used_v4l: 0
07-08 17:00:55.968 I/        (    0): [ 1097.462571@3]- [TEE], the fw (h264_multi) will be loaded.
07-08 17:00:55.968 D/        (    0): [ 1097.462672@3]- vh264_init, phy_addr=7446e000 vaddr=00000000002d6ffa
07-08 17:00:55.968 D/        (    0): [ 1097.462774@3]- vfm map vdec-map-0 created
07-08 17:00:55.968 I/[ 1097.462794@3]- dim(    0): ch[1]:di_receiver_event_fun,8:_REG
07-08 17:00:55.968 I/[ 1097.462799@3]- dim(    0): reg:vdec.h264.00[144]
07-08 17:00:55.968 I/[ 1097.463399@3]- dim(    0): reg:use[1]ms
07-08 17:00:55.968 E/[ 1097.463422@3]- reg(    0): v4lvideo
07-08 17:00:55.968 I/[ 1097.463429@3]- dim(    0): ch[1]:di_receiver_event_fun,3:_START
07-08 17:00:55.968 D/        (    0): [ 1097.463434@3]- vdec_init, vf_provider_name = vdec.h264.00, b 0
07-08 17:00:55.970 I/chatty  ( 3737): uid=1046(mediacodec) omx@1.0-service expire 2 lines
07-08 17:00:55.972 I/        (    0): [ 1097.464256@3]- vdec->port_flag=0x102, port_flag=0x10b
07-08 17:00:55.972 I/        (    0): [ 1097.464381@3]- is_reset=0
07-08 17:00:55.992 D/[ 1097.482362@3]- 0(    0): AV_SCRATCH_1 = 841fe078, AV_SCRATCH_2 1a077
07-08 17:00:55.992 D/[ 1097.482458@3]- 0(    0): chroma_format_idc = 1 frame_mbs_only_flag 1, crop_bottom 8,  frame_height 1080,
07-08 17:00:55.992 D/[ 1097.482463@3]- 0(    0): mb_height 68,crop_right 0, frame_width 1920, mb_width 120
07-08 17:00:55.992 D/[ 1097.482469@3]- 0(    0): level_idc = 40 pic_size = 3133440 size = 4
07-08 17:00:55.992 D/[ 1097.482474@3]- 0(    0): mb height/widht/total: 44/78/1fe0 level_idc 28 max_ref_num 4
07-08 17:00:55.992 D/[ 1097.482480@3]- 0(    0): restriction_flag=1, max_dec_frame_buffering=4, dec_dpb_size=6 num_reorder_frames 3 used_reorder_dpb_size_margin 9
07-08 17:00:55.992 D/[ 1097.482485@3]- 0(    0): vh264_set_params active_buf_spec_num 15 dec_dpb_size 6 collocate_buf_num 8
07-08 17:00:55.995 I/        (    0): [ 1097.489435@2]- is_reset=1
07-08 17:00:55.995 I/[ 1097.489958@2]- vframe_rate_uevent(    0): sent uevent FRAME_RATE_HINT=0
07-08 17:00:55.995 D/        (    0): [ 1097.490413@0]s vdec requested to be disconnected
07-08 17:00:56.011 D/[ 1097.506311@2]- 0(    0): num_ref_frames change from 0 to 4
07-08 17:00:56.015 I/[ 1097.506980@0]- dim(    0): ch[1]:di_receiver_event_fun,1:_UNREG
07-08 17:00:56.015 E/[ 1097.506995@0]- unreg(    0): v4lvideo
07-08 17:00:56.015 I/[ 1097.507576@2]- dim(    0): unreg:use[0]ms
07-08 17:00:56.015 D/        (    0): [ 1097.507607@2]- vdec_disable_DMC input->target= 0x0
07-08 17:00:56.015 D/[ 1097.507733@2]- 0(    0): vh264_stop
07-08 17:00:56.017 D/        (    0): [ 1097.511046@2]- vdec_release instance 000000004b40054c, total 1 id = 0
07-08 17:00:56.017 D/        (    0): [ 1097.511225@2]- the clk_vdec_mux    clock off, ref cnt: 0
07-08 17:00:56.017 D/        (    0): [ 1097.511235@2]- the vdec            clock off, ref cnt: 0
07-08 17:00:56.017 D/        (    0): [ 1097.511239@2]- the parser_top      clock off, ref cnt: 1
07-08 17:00:56.017 D/        (    0): [ 1097.511243@2]- the demux           clock off, ref cnt: 1
07-08 17:00:56.017 D/        (    0): [ 1097.511314@2]- the demux           clock on, ref cnt: 2
07-08 17:00:56.017 D/        (    0): [ 1097.511319@2]- the parser_top      clock on, ref cnt: 2
07-08 17:00:56.017 D/        (    0): [ 1097.511326@2]- the vdec            clock on, ref cnt: 1
07-08 17:00:56.018 D/        (    0): [ 1097.511344@2]- the clk_vdec_mux    clock on, ref cnt: 1
07-08 17:00:56.018 D/        (    0): [ 1097.511377@2]- vdec mux clock is 499999992 Hz
07-08 17:00:56.018 D/        (    0): [ 1097.511499@2]- vdec_create instance 000000006f2eb54c, total 1, PM: legacy
07-08 17:00:56.018 D/        (    0): [ 1097.511543@2]- no drmmode
07-08 17:00:56.018 I/        (    0): [ 1097.511576@2]- is_reset=1
07-08 17:00:56.018 I/        (    0): [ 1097.511604@2]- vdec_init, dev_name:ammvdec_h264, vdec_type=VDEC_TYPE_FRAME_BLOCK  id = 0
07-08 17:00:56.018 D/        (    0): [ 1097.512409@2]- ammvdec_h264_mmu_init tvp = 0x0 mmu_enable 0
07-08 17:00:56.018 D/        (    0): [ 1097.512417@2]- decoder_bmmu_box_alloc_box, tvp_flags = 0
07-08 17:00:56.018 D/[ 1097.512437@2]- 0(    0): ammvdec_h264_probe mmu_enable 0 double_write_mode 0x10
07-08 17:00:56.023 D/[ 1097.514695@0]- 0(    0): ammvdec_h264 mem-addr=0,buff_offset=56c10000,buf_start=56c00000
07-08 17:00:56.023 D/        (    0): [ 1097.514735@0]- vdec mux clock is 666666656 Hz
07-08 17:00:56.023 D/        (    0): [ 1097.514740@0]- vdec1 video changed to 3840 x 2160 60 fps clk->667MHZ
07-08 17:00:56.023 W/        (    0): [ 1097.514747@0]- H264 sysinfo: 1920x1080 duration=3840, pts_outside=1
07-08 17:00:56.023 D/        (    0): [ 1097.514751@0]- sync_outside=0, use_idr_framerate=0, is_used_v4l: 0
07-08 17:00:56.023 I/        (    0): [ 1097.514853@0]- [TEE], the fw (h264_multi) will be loaded.
07-08 17:00:56.023 D/        (    0): [ 1097.515058@3]- vh264_init, phy_addr=7446e000 vaddr=000000004f831022
07-08 17:00:56.023 D/        (    0): [ 1097.515161@3]- vfm map vdec-map-0 created
07-08 17:00:56.023 I/[ 1097.515181@3]- dim(    0): ch[1]:di_receiver_event_fun,8:_REG
07-08 17:00:56.023 I/[ 1097.515187@3]- dim(    0): reg:vdec.h264.00[145]
07-08 17:00:56.023 I/[ 1097.515329@3]- dim(    0): reg:use[0]ms
07-08 17:00:56.023 E/[ 1097.515895@3]- reg(    0): v4lvideo
07-08 17:00:56.023 I/[ 1097.515910@3]- dim(    0): ch[1]:di_receiver_event_fun,3:_START
07-08 17:00:56.023 D/        (    0): [ 1097.515917@3]- vdec_init, vf_provider_name = vdec.h264.00, b 0
07-08 17:00:56.023 I/        (    0): [ 1097.516612@3]- vdec->port_flag=0x102, port_flag=0x10b
07-08 17:00:56.023 I/        (    0): [ 1097.517219@3]- is_reset=0
07-08 17:00:56.023 I/chatty  ( 3737): uid=1046(mediacodec) omx@1.0-service expire 3 lines
07-08 17:00:56.091 D/[ 1097.583753@0]- 0(    0): AV_SCRATCH_1 = 841fe078, AV_SCRATCH_2 1a077
07-08 17:00:56.091 D/[ 1097.583811@0]- 0(    0): chroma_format_idc = 1 frame_mbs_only_flag 1, crop_bottom 8,  frame_height 1080,
07-08 17:00:56.091 D/[ 1097.583816@0]- 0(    0): mb_height 68,crop_right 0, frame_width 1920, mb_width 120
07-08 17:00:56.091 D/[ 1097.583822@0]- 0(    0): level_idc = 40 pic_size = 3133440 size = 4
07-08 17:00:56.092 D/[ 1097.583827@0]- 0(    0): mb height/widht/total: 44/78/1fe0 level_idc 28 max_ref_num 4
07-08 17:00:56.092 D/[ 1097.583832@0]- 0(    0): restriction_flag=1, max_dec_frame_buffering=4, dec_dpb_size=6 num_reorder_frames 3 used_reorder_dpb_size_margin 9
07-08 17:00:56.092 D/[ 1097.583838@0]- 0(    0): vh264_set_params active_buf_spec_num 15 dec_dpb_size 6 collocate_buf_num 8
07-08 17:00:56.128 D/[ 1097.620805@2]- 0(    0): num_ref_frames change from 0 to 4
07-08 17:00:56.135 I/[ 1097.627944@1]- dim(    0): value reg:ch[1]:fix_buf:0;ponly <0,0>
07-08 17:00:56.135 I/[ 1097.627966@1]- dim(    0): di_cnt_i_buf1:tvp:0
07-08 17:00:56.147 D/[ 1097.642260@1]- dimh_patch_post_update_mc_sw(    0): 0x0->0x2
07-08 17:00:56.149 I/[ 1097.642489@1]- dim(    0): ch[1]:reg:mem cfg[8][5][3]
07-08 17:00:56.150 I/[ 1097.642554@1]- dim(    0): pre cfg:ch[1]:797548ms 1th source change:
07-08 17:00:56.150 I/[ 1097.642560@1]- dim(    0): source change:0x0/0/0/0=>0x8009/1920/1080/0
07-08 17:00:56.151 D/[ 1097.642579@1]- dimh_patch_post_update_mc_sw(    0): 0x2->0x3
07-08 17:00:56.158 I/chatty  ( 3737): uid=1046(mediacodec) omx@1.0-service expire 1 line
07-08 17:00:56.159 I/[ 1097.653086@0]- v4lvideo(    0): provider name: vdec.h264.00
07-08 17:00:56.179 D/        (    0): [ 1097.663946@2]- cal_dur_from_pts vstatus 3840 dur3600 -> 3840, revised 3840
07-08 17:00:56.180 I/[ 1097.664209@2]- vframe_rate_uevent(    0): sent uevent FRAME_RATE_HINT=3840
07-08 17:00:56.194 W/APM::AudioPolicyEngine( 3666): getDevicesForStrategy() unknown strategy: -1
07-08 17:00:56.195 W/APM::AudioPolicyEngine( 3666): getDevicesForStrategy() unknown strategy: -1
07-08 17:00:56.196 W/APM::AudioPolicyEngine( 3666): getDevicesForStrategy() unknown strategy: -1
07-08 17:00:56.207 W/AudioFlinger( 3666): createTrack_l(): mismatch between requested flags (00000008) and output flags (00000002)
07-08 17:00:56.209 D/AudioFlinger( 3666): Client defaulted notificationFrames to 8200 for frameCount 16400
07-08 17:00:56.216 D/AF::TrackHandle( 3666): OpPlayAudio: track:131 usage:1 not muted
07-08 17:00:56.341 W/APM::AudioPolicyEngine( 3666): getDevicesForStrategy() unknown strategy: -1
07-08 17:00:56.342 W/APM::AudioPolicyEngine( 3666): getDevicesForStrategy() unknown strategy: -1
07-08 17:00:56.367 I/        (    0): [ 1097.860575@0]- is_reset=1
07-08 17:00:56.367 I/[ 1097.860906@0]- vframe_rate_uevent(    0): sent uevent FRAME_RATE_HINT=0
07-08 17:00:56.367 I/[ 1097.861985@2]- dim(    0): ch[1]:di_receiver_event_fun,1:_UNREG
07-08 17:00:56.367 E/[ 1097.862019@2]- unreg(    0): v4lvideo
07-08 17:00:56.387 I/[ 1097.878435@1]- dim(    0): unreg:2keep[8], msk:[0x16ac1,0x0]
07-08 17:00:56.387 I/[ 1097.878450@1]- dim(    0): bufq_ndis_unreg:used 2 idle 6
07-08 17:00:56.387 I/[ 1097.878455@1]- dim(    0): bufq_ndis_unreg:used 2 idle 8
07-08 17:00:56.387 D/[ 1097.878461@1]- dimh_patch_post_update_mc_sw(    0): 0x3->0x0
07-08 17:00:56.395 I/[ 1097.888662@3]- dim(    0): unreg:use[26]ms
07-08 17:00:56.395 D/        (    0): [ 1097.888692@3]- vdec_disable_DMC input->target= 0x0
07-08 17:00:56.395 D/[ 1097.888807@3]- 0(    0): vh264_stop
07-08 17:00:56.399 D/        (    0): [ 1097.892102@3]- vdec_release instance 000000006f2eb54c, total 1 id = 0
07-08 17:00:56.399 D/        (    0): [ 1097.892301@3]- the clk_vdec_mux    clock off, ref cnt: 0
07-08 17:00:56.399 D/        (    0): [ 1097.892311@3]- the vdec            clock off, ref cnt: 0
07-08 17:00:56.399 D/        (    0): [ 1097.892315@3]- the parser_top      clock off, ref cnt: 1
07-08 17:00:56.399 D/        (    0): [ 1097.892319@3]- the demux           clock off, ref cnt: 1
07-08 17:00:56.399 D/        (    0): [ 1097.892374@3]- the demux           clock on, ref cnt: 2
07-08 17:00:56.399 D/        (    0): [ 1097.892380@3]- the parser_top      clock on, ref cnt: 2
07-08 17:00:56.399 D/        (    0): [ 1097.892386@3]- the vdec            clock on, ref cnt: 1
07-08 17:00:56.400 D/        (    0): [ 1097.892405@3]- the clk_vdec_mux    clock on, ref cnt: 1
07-08 17:00:56.400 D/        (    0): [ 1097.892437@3]- vdec mux clock is 499999992 Hz
07-08 17:00:56.400 D/        (    0): [ 1097.892565@3]- vdec_create instance 00000000cfc477b6, total 1, PM: legacy
07-08 17:00:56.400 D/        (    0): [ 1097.892605@3]- no drmmode
07-08 17:00:56.400 I/        (    0): [ 1097.892637@3]- is_reset=1
07-08 17:00:56.400 I/        (    0): [ 1097.892662@3]- vdec_init, dev_name:ammvdec_h264, vdec_type=VDEC_TYPE_FRAME_BLOCK  id = 0
07-08 17:00:56.400 D/        (    0): [ 1097.893432@3]- ammvdec_h264_mmu_init tvp = 0x0 mmu_enable 0
07-08 17:00:56.400 D/        (    0): [ 1097.893440@3]- decoder_bmmu_box_alloc_box, tvp_flags = 0
07-08 17:00:56.400 D/[ 1097.893458@3]- 0(    0): ammvdec_h264_probe mmu_enable 0 double_write_mode 0x10
07-08 17:00:56.400 D/[ 1097.894326@3]- 0(    0): ammvdec_h264 mem-addr=0,buff_offset=56c10000,buf_start=56c00000
07-08 17:00:56.400 D/        (    0): [ 1097.894412@3]- vdec mux clock is 666666656 Hz
07-08 17:00:56.400 D/        (    0): [ 1097.894423@3]- vdec1 video changed to 3840 x 2160 60 fps clk->667MHZ
07-08 17:00:56.400 W/        (    0): [ 1097.894432@3]- H264 sysinfo: 1920x1080 duration=3840, pts_outside=1
07-08 17:00:56.400 D/        (    0): [ 1097.894441@3]- sync_outside=0, use_idr_framerate=0, is_used_v4l: 0
07-08 17:00:56.400 I/        (    0): [ 1097.894544@3]- [TEE], the fw (h264_multi) will be loaded.
07-08 17:00:56.403 D/        (    0): [ 1097.896552@3]- vh264_init, phy_addr=7446e000 vaddr=000000006761da4c
07-08 17:00:56.403 D/        (    0): [ 1097.896685@3]- vfm map vdec-map-0 created
07-08 17:00:56.404 I/chatty  ( 3737): uid=1046(mediacodec) omx@1.0-service expire 2 lines
07-08 17:00:56.404 I/[ 1097.896706@3]- dim(    0): ch[1]:di_receiver_event_fun,8:_REG
07-08 17:00:56.405 I/[ 1097.896711@3]- dim(    0): reg:vdec.h264.00[146]
07-08 17:00:56.405 I/[ 1097.897284@3]- dim(    0): reg:use[1]ms
07-08 17:00:56.405 E/[ 1097.897307@3]- reg(    0): v4lvideo
07-08 17:00:56.405 I/[ 1097.897315@3]- dim(    0): ch[1]:di_receiver_event_fun,3:_START
07-08 17:00:56.405 D/        (    0): [ 1097.897320@3]- vdec_init, vf_provider_name = vdec.h264.00, b 0
07-08 17:00:56.405 I/        (    0): [ 1097.897980@3]- vdec->port_flag=0x102, port_flag=0x10b
07-08 17:00:56.406 I/        (    0): [ 1097.898097@3]- is_reset=0
07-08 17:00:56.420 D/[ 1097.907455@1]- 0(    0): AV_SCRATCH_1 = 841fe078, AV_SCRATCH_2 1a077
07-08 17:00:56.421 D/[ 1097.907512@1]- 0(    0): chroma_format_idc = 1 frame_mbs_only_flag 1, crop_bottom 8,  frame_height 1080,
07-08 17:00:56.421 D/[ 1097.907517@1]- 0(    0): mb_height 68,crop_right 0, frame_width 1920, mb_width 120
07-08 17:00:56.421 D/[ 1097.907523@1]- 0(    0): level_idc = 40 pic_size = 3133440 size = 4
07-08 17:00:56.421 D/[ 1097.907528@1]- 0(    0): mb height/widht/total: 44/78/1fe0 level_idc 28 max_ref_num 4
07-08 17:00:56.421 D/[ 1097.907533@1]- 0(    0): restriction_flag=1, max_dec_frame_buffering=4, dec_dpb_size=6 num_reorder_frames 3 used_reorder_dpb_size_margin 9
07-08 17:00:56.421 D/[ 1097.907539@1]- 0(    0): vh264_set_params active_buf_spec_num 15 dec_dpb_size 6 collocate_buf_num 8
07-08 17:00:56.421 I/        (    0): [ 1097.912351@3]- is_reset=1
07-08 17:00:56.421 I/[ 1097.912806@3]- vframe_rate_uevent(    0): sent uevent FRAME_RATE_HINT=0
07-08 17:00:56.424 D/        (    0): [ 1097.918436@0]s vdec requested to be disconnected
07-08 17:00:56.447 D/[ 1097.940859@2]- 0(    0): num_ref_frames change from 0 to 4
07-08 17:00:56.450 I/[ 1097.942660@2]- dim(    0): ch[1]:di_receiver_event_fun,1:_UNREG
07-08 17:00:56.450 E/[ 1097.942677@2]- unreg(    0): v4lvideo
07-08 17:00:56.450 I/[ 1097.943239@3]- dim(    0): unreg:use[1]ms
07-08 17:00:56.450 D/        (    0): [ 1097.943272@3]- vdec_disable_DMC input->target= 0x0
07-08 17:00:56.450 D/[ 1097.943407@3]- 0(    0): vh264_stop
