--------- beginning of system
07-08 16:43:24.346 E/ActivityThread( 6200): Failed to find provider info for com.netflix.partner.provider.dynamicconfig
07-08 16:43:24.409 I/chatty  ( 3840): uid=1000(system) AsyncTask #1 expire 356 lines
07-08 16:43:24.708 I/chatty  ( 3840): uid=1000 system_server expire 2 lines
07-08 16:43:24.725 I/chatty  ( 3840): uid=1000(system) Binder:3840_3 expire 9 lines
07-08 16:43:24.743 I/chatty  ( 3840): uid=1000 system_server expire 2 lines
07-08 16:43:24.953 I/chatty  ( 3840): uid=1000 system_server expire 2 lines
07-08 16:43:24.960 I/chatty  ( 3840): uid=1000 system_server expire 2 lines
07-08 16:43:24.970 I/chatty  ( 3840): uid=1000 system_server expire 2 lines
07-08 16:43:24.977 I/chatty  ( 3840): uid=1000 system_server expire 2 lines
07-08 16:43:25.426 I/chatty  ( 3840): uid=1000(system) android.anim expire 4 lines
07-08 16:43:25.496 I/chatty  ( 3840): uid=1000(system) Binder:3840_8 expire 2 lines
07-08 16:43:25.576 I/chatty  ( 3840): uid=1000(system) Binder:3840_11 expire 4 lines
07-08 16:43:25.606 I/chatty  ( 3840): uid=1000(system) Binder:3840_A expire 4 lines
07-08 16:43:25.606 I/chatty  ( 3840): uid=1000(system) ActivityManager expire 37 lines
07-08 16:43:25.784 I/chatty  ( 3840): uid=1000 system_server expire 12 lines
07-08 16:43:25.868 I/chatty  ( 3840): uid=1000 system_server expire 2 lines
07-08 16:43:25.877 I/chatty  ( 3840): uid=1000 system_server expire 2 lines
07-08 16:43:25.882 I/chatty  ( 3840): uid=1000 system_server expire 2 lines
07-08 16:43:25.883 I/chatty  ( 3840): uid=1000 system_server expire 2 lines
07-08 16:43:25.884 I/chatty  ( 3840): uid=1000(system) Binder:3840_E expire 3 lines
07-08 16:43:26.015 I/chatty  ( 3840): uid=1000(system) Binder:3840_9 expire 3 lines
07-08 16:43:26.067 I/chatty  ( 3840): uid=1000 system_server expire 2 lines
07-08 16:43:26.080 I/chatty  ( 3840): uid=1000 system_server expire 2 lines
07-08 16:43:26.080 I/chatty  ( 3840): uid=1000 system_server expire 2 lines
07-08 16:43:26.080 I/chatty  ( 3840): uid=1000 system_server expire 2 lines
07-08 16:43:26.080 I/chatty  ( 3840): uid=1000 system_server expire 2 lines
07-08 16:43:26.105 I/chatty  ( 3840): uid=1000(system) android.display expire 2 lines
07-08 16:43:26.154 I/chatty  ( 3840): uid=1000 system_server expire 2 lines
07-08 16:43:26.395 I/chatty  ( 3840): uid=1000(system) Binder:3840_5 expire 5 lines
07-08 16:43:26.626 W/ContextImpl( 6045): Calling a method in the system process without a qualified user: android.app.ContextImpl.startForegroundService:1675 android.content.ContextWrapper.startForegroundService:725 android.content.ContextWrapper.startForegroundService:725 com.rjil.sdmcsetting.BootReceiver.onReceive:37 android.app.ActivityThread.handleReceiver:4026 
07-08 16:43:26.779 W/ContextImpl( 6045): Calling a method in the system process without a qualified user: android.app.ContextImpl.bindService:1748 android.content.ContextWrapper.bindService:756 com.rjil.sdmcsetting.EndlessService.onCreate:341 android.app.ActivityThread.handleCreateService:4186 android.app.ActivityThread.access$1500:237 
07-08 16:43:26.807 W/ContextImpl( 6045): Calling a method in the system process without a qualified user: android.app.ContextImpl.bindService:1748 android.content.ContextWrapper.bindService:756 com.rjil.sdmcsetting.dc.DCServiceConnector.bindService:41 com.rjil.sdmcsetting.EndlessService.onCreate:343 android.app.ActivityThread.handleCreateService:4186 
07-08 16:43:26.901 I/chatty  ( 3840): uid=1000(system) ActivityManager expire 3 lines
07-08 16:43:27.226 W/ContextImpl( 6045): Calling a method in the system process without a qualified user: android.app.ContextImpl.bindService:1748 android.content.ContextWrapper.bindService:756 com.rjil.sdmcsetting.EndlessService.onStartCommand:203 android.app.ActivityThread.handleServiceArgs:4320 android.app.ActivityThread.access$1800:237 
07-08 16:43:27.565 I/chatty  ( 3840): uid=1000(system) android.io expire 1 line
07-08 16:43:27.792 W/ActivityThread( 6045): ClassLoader.loadClass: The class loader returned by Thread.getContextClassLoader() may fail for processes that host multiple applications. You should explicitly specify a context class loader. For example: Thread.setContextClassLoader(getClass().getClassLoader());
07-08 16:43:30.036 W/ContextImpl( 5061): Calling a method in the system process without a qualified user: android.app.ContextImpl.sendBroadcast:1111 android.content.ContextWrapper.sendBroadcast:468 com.rjil.jiostbsetting.service.EndlessService.ESNredirect:1604 com.rjil.jiostbsetting.service.EndlessService$mConnection$1$onServiceConnected$2.invokeSuspend:1207 kotlin.coroutines.jvm.internal.BaseContinuationImpl.resumeWith:33 
07-08 16:43:30.046 W/ContextImpl( 6842): Calling a method in the system process without a qualified user: android.app.ContextImpl.stopService:1681 android.content.ContextWrapper.stopService:730 com.jio.jiobackgroundscheduler.JioBackgroundSchedulerService.stopPrefetchService:103 com.jio.jiobackgroundscheduler.JioBackgroundSchedulerService.updateServicesList:390 com.jio.jiobackgroundscheduler.JioBackgroundSchedulerService.ServicesListJson:327 
07-08 16:43:30.046 I/chatty  ( 3840): uid=1000(system) Binder:3840_C expire 2 lines
07-08 16:43:31.089 W/ContextImpl( 6045): Calling a method in the system process without a qualified user: android.app.ContextImpl.bindService:1748 android.content.ContextWrapper.bindService:756 com.jio.adc.core.b.d:56 com.jio.adc.core.b.b:13 com.jio.adc.core.b$c.run:7 
07-08 16:43:31.113 W/ContextImpl( 6045): Calling a method in the system process without a qualified user: android.app.ContextImpl.sendBroadcast:1111 android.content.ContextWrapper.sendBroadcast:468 com.rjil.sdmcsetting.NetworkRepositoryImpl.handleSuccess:523 com.rjil.sdmcsetting.NetworkRepositoryImpl.checkNetwork:272 com.rjil.sdmcsetting.NetworkRepositoryImpl.checkNetwork:236 
07-08 16:43:31.671 I/chatty  ( 3840): uid=1000(system) WifiHandlerThre expire 2 lines
07-08 16:43:33.797 W/ContextImpl( 5061): Calling a method in the system process without a qualified user: android.app.ContextImpl.sendBroadcast:1111 android.content.ContextWrapper.sendBroadcast:468 com.rjil.jiostbsetting.pod.service.DelaySilentUpgrade.sendUpgradeStatusToPodLogService:125 com.rjil.jiostbsetting.pod.service.DelaySilentUpgrade.continueOnBootCompleted:113 com.rjil.jiostbsetting.pod.service.DelaySilentUpgrade.access$200:30 
07-08 16:43:34.582 W/ContextImpl( 4833): Calling a method in the system process without a qualified user: android.app.ContextImpl.sendBroadcast:1126 android.content.ContextWrapper.sendBroadcast:473 com.iwedia.tr.dc.DCServiceClient.notifyTifOnDcCallbacksCreated:107 com.iwedia.tr.dc.DCServiceClient.setCallbackInterface:95 com.iwedia.dc.api.IDCServiceDataProvider$Stub.onTransact:85 
07-08 16:43:34.585 W/ContextImpl( 5461): Calling a method in the system process without a qualified user: android.app.ContextImpl.sendBroadcast:1126 android.content.ContextWrapper.sendBroadcast:473 com.iwedia.tvinput.engine.ChannelManager$6.handleMessage:2214 android.os.Handler.dispatchMessage:102 android.os.Looper.loop:223 
07-08 16:43:34.588 W/ContextImpl( 5461): Calling a method in the system process without a qualified user: android.app.ContextImpl.sendBroadcast:1111 android.content.ContextWrapper.sendBroadcast:468 com.iwedia.tvinput.engine.ChannelManager$6.handleMessage:2219 android.os.Handler.dispatchMessage:102 android.os.Looper.loop:223 
07-08 16:43:34.637 W/ContextImpl( 6045): Calling a method in the system process without a qualified user: android.app.ContextImpl.startForegroundService:1675 android.content.ContextWrapper.startForegroundService:725 com.rjil.sdmcsetting.BootReceiver.actionOnService:62 com.rjil.sdmcsetting.BootReceiver.onReceive:47 android.app.LoadedApk$ReceiverDispatcher$Args.lambda$getRunnable$0$LoadedApk$ReceiverDispatcher$Args:1580 
07-08 16:43:34.826 W/ContextImpl( 4911): Calling a method in the system process without a qualified user: android.app.ContextImpl.sendBroadcast:1126 android.content.ContextWrapper.sendBroadcast:473 insight.tr069.client.tr181.Device.JioSTB.ACS.onSetSTUNError:47 insight.tr069.client.tr181.helpers.STUNClient.<init>:141 insight.tr069.client.tr181.TR181Monitor$1.run:273 
07-08 16:43:34.914 W/ContextImpl( 6045): Calling a method in the system process without a qualified user: android.app.ContextImpl.sendBroadcast:1111 android.content.ContextWrapper.sendBroadcast:468 com.rjil.sdmcsetting.NetworkRepositoryImpl.handleSuccess:523 com.rjil.sdmcsetting.NetworkRepositoryImpl.checkNetwork:272 com.rjil.sdmcsetting.NetworkRepositoryImpl.checkNetwork:236 
07-08 16:43:35.023 W/ContextImpl( 6045): Calling a method in the system process without a qualified user: android.app.ContextImpl.bindService:1748 android.content.ContextWrapper.bindService:756 com.rjil.sdmcsetting.EndlessService.onStartCommand:203 android.app.ActivityThread.handleServiceArgs:4320 android.app.ActivityThread.access$1800:237 
07-08 16:43:35.632 I/chatty  ( 3840): uid=1000(system) Binder:3840_10 expire 2 lines
07-08 16:43:36.055 W/ContextImpl( 5061): Calling a method in the system process without a qualified user: android.app.ContextImpl.bindService:1748 android.content.ContextWrapper.bindService:756 com.jio.adc.core.b.d:56 com.jio.adc.core.b.b:13 com.jio.adc.core.b$c.run:7 
07-08 16:43:36.121 I/chatty  ( 3840): uid=1000 system_server expire 12 lines
07-08 16:43:36.293 W/ContextImpl( 5061): Calling a method in the system process without a qualified user: android.app.ContextImpl.sendBroadcast:1111 android.content.ContextWrapper.sendBroadcast:468 android.content.ContextWrapper.sendBroadcast:468 com.rjil.jiostbsetting.utils.UtilsKt.sendHDMIBroadcastToLauncher:409 com.rjil.jiostbsetting.receiver.BootReceiver.onReceive:129 
07-08 16:43:36.310 W/ContextImpl( 5061): Calling a method in the system process without a qualified user: android.app.ContextImpl.startForegroundService:1675 android.content.ContextWrapper.startForegroundService:725 com.rjil.jiostbsetting.receiver.BootReceiver.actionOnService:338 com.rjil.jiostbsetting.receiver.BootReceiver.onReceive:159 android.app.ActivityThread.handleReceiver:4026 
07-08 16:43:36.782 I/chatty  ( 3840): uid=1000(system) Binder:3840_A expire 298 lines
07-08 16:43:37.073 I/chatty  ( 3840): uid=1000(system) Binder:3840_1 expire 71 lines
07-08 16:43:37.189 I/chatty  ( 3840): uid=1000(system) Binder:3840_5 expire 331 lines
07-08 16:43:37.511 I/chatty  ( 3840): uid=1000(system) ConnectivitySer expire 4 lines
07-08 16:43:37.596 I/chatty  ( 3840): uid=1000(system) ActivityManager expire 26 lines
07-08 16:43:37.840 I/chatty  ( 3840): uid=1000(system) PackageManager expire 3 lines
07-08 16:43:37.862 I/chatty  ( 3840): uid=1000(system) android.fg expire 2 lines
07-08 16:43:37.873 W/ContextImpl( 7783): Calling a method in the system process without a qualified user: android.app.ContextImpl.startForegroundService:1675 android.content.ContextWrapper.startForegroundService:725 android.content.ContextWrapper.startForegroundService:725 com.rjl.mobileremote.receiver.BootReceiver.onReceive:58 android.app.ActivityThread.handleReceiver:4026 
07-08 16:43:40.104 I/chatty  ( 3840): uid=1000(system) android.bg expire 7 lines
07-08 16:43:40.264 I/chatty  ( 3840): uid=1000(system) Binder:3840_6 expire 9 lines
07-08 16:43:49.219 I/chatty  ( 3840): uid=1000(system) Binder:3840_7 expire 5 lines
07-08 16:43:49.630 I/chatty  ( 3840): uid=1000(system) Binder:3840_3 expire 4 lines
07-08 16:43:55.156 I/chatty  ( 3840): uid=1000(system) Binder:3840_C expire 5 lines
07-08 16:43:55.913 I/chatty  ( 3840): uid=1000(system) android.ui expire 1 line
07-08 16:43:56.190 I/chatty  ( 3840): uid=1000(system) Binder:3840_11 expire 4 lines
07-08 16:43:56.418 I/chatty  ( 3840): uid=1000(system) ActivityManager expire 2 lines
07-08 16:43:56.443 W/ContextImpl( 5061): Calling a method in the system process without a qualified user: android.app.ContextImpl.bindService:1748 android.content.ContextWrapper.bindService:756 com.jio.adc.core.b.d:56 com.jio.adc.core.b.b:13 com.jio.adc.core.b$c.run:7 
07-08 16:43:56.866 I/chatty  ( 3840): uid=1000 system_server expire 15 lines
07-08 16:44:00.748 I/chatty  ( 3840): uid=1000(system) Binder:3840_13 expire 6 lines
07-08 16:44:01.996 W/ContextImpl( 5061): Calling a method in the system process without a qualified user: android.app.ContextImpl.sendBroadcast:1111 android.content.ContextWrapper.sendBroadcast:468 com.rjil.jiostbsetting.service.EndlessService$CallbackListener.onParameterNotification:1251 com.rjil.jiostbsetting.dc.DCDataProvider.invokeCallback:107 com.rjil.jiostbsetting.dc.DCDataProvider.access$000:15 
07-08 16:44:02.015 W/ContextImpl( 6045): Calling a method in the system process without a qualified user: android.app.ContextImpl.bindService:1748 android.content.ContextWrapper.bindService:756 com.jio.adc.core.b.d:56 com.jio.adc.core.b.b:13 com.jio.adc.core.b$c.run:7 
07-08 16:44:02.064 I/chatty  ( 3840): uid=1000(system) Binder:3840_5 expire 3 lines
07-08 16:44:16.557 W/ContextImpl( 6045): Calling a method in the system process without a qualified user: android.app.ContextImpl.sendBroadcast:1111 android.content.ContextWrapper.sendBroadcast:468 com.rjil.sdmcsetting.EndlessService$CallbackListener.onParameterNotification:2141 com.rjil.sdmcsetting.dc.DCDataProvider.invokeCallback:95 com.rjil.sdmcsetting.dc.DCDataProvider.access$000:15 
07-08 16:44:50.061 I/chatty  ( 3840): uid=1000(system) AdbDebuggingMan expire 2 lines
07-08 16:44:52.972 I/chatty  ( 3840): uid=1000(system) android.bg expire 4 lines
07-08 16:44:53.083 I/chatty  ( 3840): uid=1000(system) Binder:3840_9 expire 12 lines
07-08 16:44:53.308 I/chatty  ( 3840): uid=1000(system) Binder:3840_C expire 7 lines
07-08 16:44:53.317 I/chatty  ( 3840): uid=1000 system_server expire 2 lines
07-08 16:44:53.325 I/chatty  ( 3840): uid=1000 system_server expire 2 lines
07-08 16:44:53.353 I/chatty  ( 3840): uid=1000 system_server expire 2 lines
07-08 16:44:53.361 I/chatty  ( 3840): uid=1000 system_server expire 2 lines
07-08 16:44:53.395 I/chatty  ( 3840): uid=1000(system) android.anim expire 22 lines
07-08 16:44:53.712 I/chatty  ( 3840): uid=1000 system_server expire 2 lines
07-08 16:44:53.950 I/chatty  ( 3840): uid=1000 system_server expire 7 lines
07-08 16:44:54.092 I/chatty  ( 3840): uid=1000 system_server expire 2 lines
07-08 16:44:54.095 I/chatty  ( 3840): uid=1000 system_server expire 2 lines
07-08 16:44:54.102 I/chatty  ( 3840): uid=1000 system_server expire 2 lines
07-08 16:44:54.190 I/chatty  ( 3840): uid=1000(system) Binder:3840_11 expire 17 lines
07-08 16:44:54.297 I/chatty  ( 3840): uid=1000(system) Binder:3840_4 expire 11 lines
07-08 16:44:54.321 I/chatty  ( 3840): uid=1000 system_server expire 2 lines
07-08 16:44:54.330 I/chatty  ( 3840): uid=1000 system_server expire 2 lines
07-08 16:44:54.382 I/chatty  ( 3840): uid=1000 system_server expire 2 lines
07-08 16:44:57.656 I/chatty  ( 3840): uid=1000(system) ActivityManager expire 9 lines
07-08 16:45:01.272 I/chatty  ( 3840): uid=1000(system) InputDispatcher expire 4 lines
07-08 16:45:01.276 I/chatty  ( 3840): uid=1000(system) android.ui expire 4 lines
07-08 16:45:01.678 I/chatty  ( 3840): uid=1000(system) pool-4-thread-1 expire 356 lines
07-08 16:45:03.666 I/chatty  ( 3840): uid=1000 system_server expire 2 lines
07-08 16:45:03.675 I/chatty  ( 3840): uid=1000 system_server expire 2 lines
07-08 16:45:03.692 I/chatty  ( 3840): uid=1000(system) android.display expire 9 lines
07-08 16:45:03.707 I/chatty  ( 3840): uid=1000 system_server expire 2 lines
07-08 16:45:03.824 I/chatty  ( 3840): uid=1000 system_server expire 2 lines
07-08 16:45:04.621 I/chatty  ( 3840): uid=1000(system) ConnectivitySer expire 1 line
07-08 16:45:05.691 I/chatty  ( 3840): uid=1000 system_server expire 2 lines
07-08 16:45:05.745 I/chatty  ( 3840): uid=1000(system) Binder:3840_6 expire 10 lines
07-08 16:45:05.856 I/chatty  ( 3840): uid=1000 system_server expire 2 lines
07-08 16:45:07.855 I/chatty  ( 3840): uid=1000(system) LazyTaskWriterT expire 1 line
07-08 16:45:25.090 I/chatty  ( 3840): uid=1000(system) Binder:3840_3 expire 16 lines
07-08 16:45:25.830 I/chatty  ( 3840): uid=1000(system) Binder:3840_11 expire 13 lines
07-08 16:45:26.384 I/chatty  ( 3840): uid=1000(system) Binder:3840_1 expire 8 lines
07-08 16:45:27.002 I/chatty  ( 3840): uid=1000(system) android.ui expire 4 lines
07-08 16:45:27.066 I/chatty  ( 3840): uid=1000(system) android.display expire 16 lines
07-08 16:45:29.404 I/chatty  ( 3840): uid=1000(system) Binder:3840_4 expire 9 lines
07-08 16:45:29.622 I/chatty  ( 3840): uid=1000(system) android.anim expire 15 lines
07-08 16:45:29.660 I/chatty  ( 3840): uid=1000 system_server expire 4 lines
07-08 16:45:30.778 I/chatty  ( 3840): uid=1000(system) Binder:3840_14 expire 22 lines
07-08 16:45:32.891 I/chatty  ( 3840): uid=1000(system) Binder:3840_F expire 11 lines
07-08 16:45:32.892 I/chatty  ( 3840): uid=1000(system) ConnectivitySer expire 4 lines
07-08 16:45:33.485 I/chatty  ( 3840): uid=1000(system) android.bg expire 7 lines
07-08 16:45:33.698 I/chatty  ( 3840): uid=1000(system) ActivityManager expire 14 lines
07-08 16:45:34.497 I/chatty  ( 3840): uid=1000(system) Binder:3840_2 expire 14 lines
07-08 16:45:37.931 I/chatty  ( 3840): uid=1000(system) Binder:3840_17 expire 5 lines
07-08 16:46:08.445 I/chatty  ( 3840): uid=1000(system) Binder:3840_16 expire 5 lines
07-08 16:46:40.022 I/chatty  ( 3840): uid=1000(system) Binder:3840_B expire 6 lines
07-08 16:46:43.915 D/InputMethodManagerService( 3840): Top Package Name: in.startv.hotstar
07-08 16:46:43.917 W/ContextImpl( 3840): Calling a method in the system process without a qualified user: android.app.ContextImpl.sendBroadcast:1111 com.android.server.inputmethod.InputMethodManagerService.sendSoftInputVisibilityBroadcast:3258 com.android.server.inputmethod.InputMethodManagerService.showCurrentInputLocked:3231 com.android.server.inputmethod.InputMethodManagerService.showMySoftInput:4198 com.android.server.inputmethod.InputMethodManagerService.access$4100:189 
07-08 16:46:43.923 W/ContextImpl( 3840): Calling a method in the system process without a qualified user: android.app.ContextImpl.sendBroadcast:1111 com.android.server.inputmethod.InputMethodManagerService.sendSoftInputVisibilityBroadcast:3258 com.android.server.inputmethod.InputMethodManagerService.hideCurrentInputLocked:3330 com.android.server.inputmethod.InputMethodManagerService.hideMySoftInput:4180 com.android.server.inputmethod.InputMethodManagerService.access$4000:189 
07-08 16:46:43.929 W/ContextImpl( 3840): Calling a method in the system process without a qualified user: android.app.ContextImpl.sendBroadcast:1111 com.android.server.inputmethod.InputMethodManagerService.sendSoftInputVisibilityBroadcast:3258 com.android.server.inputmethod.InputMethodManagerService.hideCurrentInputLocked:3330 com.android.server.inputmethod.InputMethodManagerService.hideSoftInput:3290 com.android.internal.view.IInputMethodManager$Stub.onTransact:325 
07-08 16:46:43.931 D/InputMethodManagerService( 3840): Top Package Name: in.startv.hotstar
07-08 16:46:43.933 W/ContextImpl( 3840): Calling a method in the system process without a qualified user: android.app.ContextImpl.sendBroadcast:1111 com.android.server.inputmethod.InputMethodManagerService.sendSoftInputVisibilityBroadcast:3258 com.android.server.inputmethod.InputMethodManagerService.showCurrentInputLocked:3231 com.android.server.inputmethod.InputMethodManagerService.showMySoftInput:4198 com.android.server.inputmethod.InputMethodManagerService.access$4100:189 
07-08 16:46:43.935 W/ContextImpl( 3840): Calling a method in the system process without a qualified user: android.app.ContextImpl.sendBroadcast:1111 com.android.server.inputmethod.InputMethodManagerService.sendSoftInputVisibilityBroadcast:3258 com.android.server.inputmethod.InputMethodManagerService.hideCurrentInputLocked:3330 com.android.server.inputmethod.InputMethodManagerService.hideSoftInput:3290 com.android.internal.view.IInputMethodManager$Stub.onTransact:325 
07-08 16:46:43.953 D/INSETS  ( 3840): else - Package Name ::  left : 0 right :: 0 top :: 0 bottom :: 0 dfu-right :: 1920 dfu-bottom :: 1080
07-08 16:46:43.970 W/ContextImpl( 3840): Calling a method in the system process without a qualified user: android.app.ContextImpl.sendBroadcast:1111 com.android.server.inputmethod.InputMethodManagerService.sendSoftInputVisibilityBroadcast:3258 com.android.server.inputmethod.InputMethodManagerService.hideCurrentInputLocked:3330 com.android.server.inputmethod.InputMethodManagerService.hideSoftInput:3290 com.android.internal.view.IInputMethodManager$Stub.onTransact:325 
07-08 16:46:44.010 D/InputMethodManagerService( 3840): Top Package Name: in.startv.hotstar
07-08 16:46:44.013 W/ContextImpl( 3840): Calling a method in the system process without a qualified user: android.app.ContextImpl.sendBroadcast:1111 com.android.server.inputmethod.InputMethodManagerService.sendSoftInputVisibilityBroadcast:3258 com.android.server.inputmethod.InputMethodManagerService.showCurrentInputLocked:3231 com.android.server.inputmethod.InputMethodManagerService.showMySoftInput:4198 com.android.server.inputmethod.InputMethodManagerService.access$4100:189 
07-08 16:46:44.058 D/INSETS  ( 3840): else - Package Name ::  left : 0 right :: 0 top :: 0 bottom :: 0 dfu-right :: 1920 dfu-bottom :: 1080
07-08 16:46:44.100 D/INSETS  ( 3840): else - Package Name ::  left : 0 right :: 0 top :: 0 bottom :: 0 dfu-right :: 1920 dfu-bottom :: 1080
07-08 16:46:44.104 D/INSETS  ( 3840): else - Package Name ::  left : 0 right :: 0 top :: 0 bottom :: 0 dfu-right :: 1920 dfu-bottom :: 1080
07-08 16:46:44.132 D/INSETS  ( 3840): else - Package Name ::  left : 0 right :: 0 top :: 0 bottom :: 0 dfu-right :: 1920 dfu-bottom :: 1080
07-08 16:46:44.132 D/INSETS  ( 3840): else - Package Name ::  left : 0 right :: 0 top :: 0 bottom :: 0 dfu-right :: 1920 dfu-bottom :: 1080
07-08 16:46:44.134 W/NotificationHistory( 3840): Attempted to add notif for locked/gone/disabled user 0
07-08 16:46:44.139 D/InputMethodManagerService( 3840): Top Package Name: in.startv.hotstar
07-08 16:46:44.139 W/ContextImpl( 3840): Calling a method in the system process without a qualified user: android.app.ContextImpl.sendBroadcast:1111 com.android.server.inputmethod.InputMethodManagerService.sendSoftInputVisibilityBroadcast:3258 com.android.server.inputmethod.InputMethodManagerService.showCurrentInputLocked:3231 com.android.server.inputmethod.InputMethodManagerService.showMySoftInput:4198 com.android.server.inputmethod.InputMethodManagerService.access$4100:189 
07-08 16:46:44.366 D/INSETS  ( 3840): else - Package Name ::  left : 0 right :: 0 top :: 0 bottom :: 0 dfu-right :: 1920 dfu-bottom :: 1080
07-08 16:46:44.366 D/INSETS  ( 3840): else - Package Name ::  left : 0 right :: 0 top :: 0 bottom :: 0 dfu-right :: 1920 dfu-bottom :: 1080
07-08 16:46:44.398 D/InputMethodManagerService( 3840): Top Package Name: in.startv.hotstar
07-08 16:46:44.399 W/ContextImpl( 3840): Calling a method in the system process without a qualified user: android.app.ContextImpl.sendBroadcast:1111 com.android.server.inputmethod.InputMethodManagerService.sendSoftInputVisibilityBroadcast:3258 com.android.server.inputmethod.InputMethodManagerService.showCurrentInputLocked:3231 com.android.server.inputmethod.InputMethodManagerService.attachNewInputLocked:2397 com.android.server.inputmethod.InputMethodManagerService.startInputUncheckedLocked:2503 
07-08 16:46:44.522 D/InputMethodManagerService( 3840): Top Package Name: in.startv.hotstar
07-08 16:46:44.523 W/ContextImpl( 3840): Calling a method in the system process without a qualified user: android.app.ContextImpl.sendBroadcast:1111 com.android.server.inputmethod.InputMethodManagerService.sendSoftInputVisibilityBroadcast:3258 com.android.server.inputmethod.InputMethodManagerService.showCurrentInputLocked:3231 com.android.server.inputmethod.InputMethodManagerService.showMySoftInput:4198 com.android.server.inputmethod.InputMethodManagerService.access$4100:189 
07-08 16:46:44.555 D/InputMethodManagerService( 3840): Top Package Name: in.startv.hotstar
07-08 16:46:44.556 W/ContextImpl( 3840): Calling a method in the system process without a qualified user: android.app.ContextImpl.sendBroadcast:1111 com.android.server.inputmethod.InputMethodManagerService.sendSoftInputVisibilityBroadcast:3258 com.android.server.inputmethod.InputMethodManagerService.showCurrentInputLocked:3231 com.android.server.inputmethod.InputMethodManagerService.showMySoftInput:4198 com.android.server.inputmethod.InputMethodManagerService.access$4100:189 
07-08 16:46:44.581 D/INSETS  ( 3840): else - Package Name ::  left : 0 right :: 0 top :: 0 bottom :: 0 dfu-right :: 1920 dfu-bottom :: 1080
07-08 16:46:44.585 I/chatty  ( 3840): uid=1000(system) android.display identical 2 lines
07-08 16:46:44.585 D/INSETS  ( 3840): else - Package Name ::  left : 0 right :: 0 top :: 0 bottom :: 0 dfu-right :: 1920 dfu-bottom :: 1080
07-08 16:46:44.602 D/InputMethodManagerService( 3840): Top Package Name: in.startv.hotstar
07-08 16:46:44.608 D/INSETS  ( 3840): else - Package Name ::  left : 0 right :: 0 top :: 0 bottom :: 0 dfu-right :: 1920 dfu-bottom :: 1080
07-08 16:46:44.609 D/INSETS  ( 3840): else - Package Name ::  left : 0 right :: 0 top :: 0 bottom :: 0 dfu-right :: 1920 dfu-bottom :: 1080
07-08 16:46:44.611 W/ContextImpl( 3840): Calling a method in the system process without a qualified user: android.app.ContextImpl.sendBroadcast:1111 com.android.server.inputmethod.InputMethodManagerService.sendSoftInputVisibilityBroadcast:3258 com.android.server.inputmethod.InputMethodManagerService.showCurrentInputLocked:3231 com.android.server.inputmethod.InputMethodManagerService.showMySoftInput:4198 com.android.server.inputmethod.InputMethodManagerService.access$4100:189 
07-08 16:46:44.647 D/INSETS  ( 3840): else - Package Name ::  left : 0 right :: 0 top :: 0 bottom :: 0 dfu-right :: 1920 dfu-bottom :: 1080
07-08 16:46:44.647 D/INSETS  ( 3840): else - Package Name ::  left : 0 right :: 0 top :: 0 bottom :: 0 dfu-right :: 1920 dfu-bottom :: 1080
07-08 16:46:44.668 D/INSETS  ( 3840): else - Package Name ::  left : 0 right :: 0 top :: 0 bottom :: 0 dfu-right :: 1920 dfu-bottom :: 1080
07-08 16:46:44.669 D/INSETS  ( 3840): else - Package Name ::  left : 0 right :: 0 top :: 0 bottom :: 0 dfu-right :: 1920 dfu-bottom :: 1080
07-08 16:46:44.700 W/ContextImpl( 3840): Calling a method in the system process without a qualified user: android.app.ContextImpl.sendBroadcast:1111 com.android.server.inputmethod.InputMethodManagerService.sendSoftInputVisibilityBroadcast:3258 com.android.server.inputmethod.InputMethodManagerService.hideCurrentInputLocked:3330 com.android.server.inputmethod.InputMethodManagerService.hideMySoftInput:4180 com.android.server.inputmethod.InputMethodManagerService.access$4000:189 
07-08 16:46:44.750 W/NotificationHistory( 3840): Attempted to add notif for locked/gone/disabled user 0
07-08 16:46:44.795 D/INSETS  ( 3840): else - Package Name ::  left : 0 right :: 0 top :: 0 bottom :: 0 dfu-right :: 1920 dfu-bottom :: 1080
07-08 16:46:44.796 D/INSETS  ( 3840): else - Package Name ::  left : 0 right :: 0 top :: 0 bottom :: 0 dfu-right :: 1920 dfu-bottom :: 1080
07-08 16:46:44.802 D/INSETS  ( 3840): else - Package Name ::  left : 0 right :: 0 top :: 0 bottom :: 0 dfu-right :: 1920 dfu-bottom :: 1080
07-08 16:46:44.804 D/INSETS  ( 3840): else - Package Name ::  left : 0 right :: 0 top :: 0 bottom :: 0 dfu-right :: 1920 dfu-bottom :: 1080
07-08 16:46:44.844 W/NotificationHistory( 3840): Attempted to add notif for locked/gone/disabled user 0
07-08 16:46:45.029 D/INSETS  ( 3840): else - Package Name ::  left : 0 right :: 0 top :: 0 bottom :: 0 dfu-right :: 1920 dfu-bottom :: 1080
07-08 16:46:45.365 I/UsageStatsService( 3840): User[0] Flushing usage stats to disk
07-08 16:46:47.158 D/INSETS  ( 3840): else - Package Name ::  left : 0 right :: 0 top :: 0 bottom :: 0 dfu-right :: 1920 dfu-bottom :: 1080
07-08 16:46:47.776 D/INSETS  ( 3840): else - Package Name ::  left : 0 right :: 0 top :: 0 bottom :: 0 dfu-right :: 1920 dfu-bottom :: 1080
07-08 16:46:55.458 I/UsageStatsService( 3840): User[0] Flushing usage stats to disk
07-08 16:47:36.034 I/chatty  ( 3840): uid=1000(system) android.bg identical 4 lines
07-08 16:47:46.152 I/UsageStatsService( 3840): User[0] Flushing usage stats to disk
07-08 16:47:47.810 D/AutofillManagerService( 3840): onBackKeyPressed()
07-08 16:47:48.247 D/INSETS  ( 3840): else - Package Name ::  left : 0 right :: 0 top :: 0 bottom :: 0 dfu-right :: 1920 dfu-bottom :: 1080
07-08 16:47:48.703 D/INSETS  ( 3840): else - Package Name ::  left : 0 right :: 0 top :: 0 bottom :: 0 dfu-right :: 1920 dfu-bottom :: 1080
07-08 16:47:49.878 D/AutofillManagerService( 3840): onBackKeyPressed()
07-08 16:47:51.169 D/InputMethodManagerService( 3840): Top Package Name: in.startv.hotstar
07-08 16:47:51.177 W/ContextImpl( 3840): Calling a method in the system process without a qualified user: android.app.ContextImpl.sendBroadcast:1111 com.android.server.inputmethod.InputMethodManagerService.sendSoftInputVisibilityBroadcast:3258 com.android.server.inputmethod.InputMethodManagerService.showCurrentInputLocked:3231 com.android.server.inputmethod.InputMethodManagerService.showSoftInput:3153 com.android.internal.view.IInputMethodManager$Stub.onTransact:304 
07-08 16:47:51.177 D/InputMethodManagerService( 3840): Top Package Name: in.startv.hotstar
07-08 16:47:51.179 W/ContextImpl( 3840): Calling a method in the system process without a qualified user: android.app.ContextImpl.sendBroadcast:1111 com.android.server.inputmethod.InputMethodManagerService.sendSoftInputVisibilityBroadcast:3258 com.android.server.inputmethod.InputMethodManagerService.showCurrentInputLocked:3231 com.android.server.inputmethod.InputMethodManagerService.showMySoftInput:4198 com.android.server.inputmethod.InputMethodManagerService.access$4100:189 
07-08 16:47:51.182 W/ContextImpl( 3840): Calling a method in the system process without a qualified user: android.app.ContextImpl.sendBroadcast:1111 com.android.server.inputmethod.InputMethodManagerService.sendSoftInputVisibilityBroadcast:3258 com.android.server.inputmethod.InputMethodManagerService.hideCurrentInputLocked:3330 com.android.server.inputmethod.InputMethodManagerService.hideMySoftInput:4180 com.android.server.inputmethod.InputMethodManagerService.access$4000:189 
07-08 16:47:51.213 D/INSETS  ( 3840): else - Package Name ::  left : 0 right :: 0 top :: 0 bottom :: 0 dfu-right :: 1920 dfu-bottom :: 1080
07-08 16:47:51.215 I/chatty  ( 3840): uid=1000(system) Binder:3840_14 identical 2 lines
07-08 16:47:51.215 D/INSETS  ( 3840): else - Package Name ::  left : 0 right :: 0 top :: 0 bottom :: 0 dfu-right :: 1920 dfu-bottom :: 1080
07-08 16:47:51.236 D/InputMethodManagerService( 3840): Top Package Name: in.startv.hotstar
07-08 16:47:51.243 D/INSETS  ( 3840): else - Package Name ::  left : 0 right :: 0 top :: 0 bottom :: 0 dfu-right :: 1920 dfu-bottom :: 1080
07-08 16:47:51.246 I/chatty  ( 3840): uid=1000(system) android.anim identical 2 lines
07-08 16:47:51.246 D/INSETS  ( 3840): else - Package Name ::  left : 0 right :: 0 top :: 0 bottom :: 0 dfu-right :: 1920 dfu-bottom :: 1080
07-08 16:47:51.257 W/ContextImpl( 3840): Calling a method in the system process without a qualified user: android.app.ContextImpl.sendBroadcast:1111 com.android.server.inputmethod.InputMethodManagerService.sendSoftInputVisibilityBroadcast:3258 com.android.server.inputmethod.InputMethodManagerService.showCurrentInputLocked:3231 com.android.server.inputmethod.InputMethodManagerService.showMySoftInput:4198 com.android.server.inputmethod.InputMethodManagerService.access$4100:189 
07-08 16:47:51.272 D/INSETS  ( 3840): else - Package Name ::  left : 0 right :: 0 top :: 0 bottom :: 0 dfu-right :: 1920 dfu-bottom :: 1080
07-08 16:47:51.272 D/INSETS  ( 3840): else - Package Name ::  left : 0 right :: 0 top :: 0 bottom :: 0 dfu-right :: 1920 dfu-bottom :: 1080
07-08 16:47:51.293 D/InputMethodManagerService( 3840): Top Package Name: in.startv.hotstar
07-08 16:47:51.294 W/ContextImpl( 3840): Calling a method in the system process without a qualified user: android.app.ContextImpl.sendBroadcast:1111 com.android.server.inputmethod.InputMethodManagerService.sendSoftInputVisibilityBroadcast:3258 com.android.server.inputmethod.InputMethodManagerService.showCurrentInputLocked:3231 com.android.server.inputmethod.InputMethodManagerService.showMySoftInput:4198 com.android.server.inputmethod.InputMethodManagerService.access$4100:189 
07-08 16:47:51.343 D/INSETS  ( 3840): else - Package Name ::  left : 0 right :: 0 top :: 0 bottom :: 0 dfu-right :: 1920 dfu-bottom :: 1080
07-08 16:47:51.391 I/chatty  ( 3840): uid=1000(system) Binder:3840_8 identical 3 lines
07-08 16:47:51.392 D/INSETS  ( 3840): else - Package Name ::  left : 0 right :: 0 top :: 0 bottom :: 0 dfu-right :: 1920 dfu-bottom :: 1080
07-08 16:47:51.409 D/INSETS  ( 3840): else - Package Name ::  left : 0 right :: 0 top :: 0 bottom :: 0 dfu-right :: 1920 dfu-bottom :: 1080
07-08 16:47:51.410 I/chatty  ( 3840): uid=1000(system) android.anim identical 1 line
07-08 16:47:51.410 D/INSETS  ( 3840): else - Package Name ::  left : 0 right :: 0 top :: 0 bottom :: 0 dfu-right :: 1920 dfu-bottom :: 1080
07-08 16:47:51.412 D/InputMethodManagerService( 3840): Top Package Name: in.startv.hotstar
07-08 16:47:51.413 W/ContextImpl( 3840): Calling a method in the system process without a qualified user: android.app.ContextImpl.sendBroadcast:1111 com.android.server.inputmethod.InputMethodManagerService.sendSoftInputVisibilityBroadcast:3258 com.android.server.inputmethod.InputMethodManagerService.showCurrentInputLocked:3231 com.android.server.inputmethod.InputMethodManagerService.showMySoftInput:4198 com.android.server.inputmethod.InputMethodManagerService.access$4100:189 
07-08 16:47:51.417 D/InputMethodManagerService( 3840): Top Package Name: in.startv.hotstar
07-08 16:47:51.418 W/ContextImpl( 3840): Calling a method in the system process without a qualified user: android.app.ContextImpl.sendBroadcast:1111 com.android.server.inputmethod.InputMethodManagerService.sendSoftInputVisibilityBroadcast:3258 com.android.server.inputmethod.InputMethodManagerService.showCurrentInputLocked:3231 com.android.server.inputmethod.InputMethodManagerService.showMySoftInput:4198 com.android.server.inputmethod.InputMethodManagerService.access$4100:189 
07-08 16:47:51.432 D/INSETS  ( 3840): else - Package Name ::  left : 0 right :: 0 top :: 0 bottom :: 0 dfu-right :: 1920 dfu-bottom :: 1080
07-08 16:47:51.449 I/chatty  ( 3840): uid=1000(system) android.display identical 4 lines
07-08 16:47:51.450 D/INSETS  ( 3840): else - Package Name ::  left : 0 right :: 0 top :: 0 bottom :: 0 dfu-right :: 1920 dfu-bottom :: 1080
07-08 16:47:51.452 W/NotificationHistory( 3840): Attempted to add notif for locked/gone/disabled user 0
07-08 16:47:51.497 D/INSETS  ( 3840): else - Package Name ::  left : 0 right :: 0 top :: 0 bottom :: 0 dfu-right :: 1920 dfu-bottom :: 1080
07-08 16:47:51.497 I/chatty  ( 3840): uid=1000(system) Binder:3840_5 identical 1 line
07-08 16:47:51.498 D/INSETS  ( 3840): else - Package Name ::  left : 0 right :: 0 top :: 0 bottom :: 0 dfu-right :: 1920 dfu-bottom :: 1080
07-08 16:47:51.626 W/NotificationHistory( 3840): Attempted to add notif for locked/gone/disabled user 0
07-08 16:47:52.153 D/InputMethodManagerService( 3840): Top Package Name: in.startv.hotstar
07-08 16:47:52.154 W/ContextImpl( 3840): Calling a method in the system process without a qualified user: android.app.ContextImpl.sendBroadcast:1111 com.android.server.inputmethod.InputMethodManagerService.sendSoftInputVisibilityBroadcast:3258 com.android.server.inputmethod.InputMethodManagerService.showCurrentInputLocked:3231 com.android.server.inputmethod.InputMethodManagerService.attachNewInputLocked:2397 com.android.server.inputmethod.InputMethodManagerService.startInputUncheckedLocked:2503 
07-08 16:47:52.157 D/InputMethodManagerService( 3840): Top Package Name: in.startv.hotstar
07-08 16:47:52.158 W/ContextImpl( 3840): Calling a method in the system process without a qualified user: android.app.ContextImpl.sendBroadcast:1111 com.android.server.inputmethod.InputMethodManagerService.sendSoftInputVisibilityBroadcast:3258 com.android.server.inputmethod.InputMethodManagerService.showCurrentInputLocked:3231 com.android.server.inputmethod.InputMethodManagerService.showMySoftInput:4198 com.android.server.inputmethod.InputMethodManagerService.access$4100:189 
07-08 16:47:52.170 D/INSETS  ( 3840): else - Package Name ::  left : 0 right :: 0 top :: 0 bottom :: 0 dfu-right :: 1920 dfu-bottom :: 1080
07-08 16:47:52.170 I/chatty  ( 3840): uid=1000(system) Binder:3840_14 identical 1 line
07-08 16:47:52.171 D/INSETS  ( 3840): else - Package Name ::  left : 0 right :: 0 top :: 0 bottom :: 0 dfu-right :: 1920 dfu-bottom :: 1080
07-08 16:47:52.407 D/INSETS  ( 3840): else - Package Name ::  left : 0 right :: 0 top :: 0 bottom :: 0 dfu-right :: 1920 dfu-bottom :: 1080
07-08 16:47:52.412 I/chatty  ( 3840): uid=1000(system) android.anim identical 2 lines
07-08 16:47:52.412 D/INSETS  ( 3840): else - Package Name ::  left : 0 right :: 0 top :: 0 bottom :: 0 dfu-right :: 1920 dfu-bottom :: 1080
07-08 16:47:52.766 D/InputMethodManagerService( 3840): Top Package Name: in.startv.hotstar
07-08 16:47:52.767 W/ContextImpl( 3840): Calling a method in the system process without a qualified user: android.app.ContextImpl.sendBroadcast:1111 com.android.server.inputmethod.InputMethodManagerService.sendSoftInputVisibilityBroadcast:3258 com.android.server.inputmethod.InputMethodManagerService.showCurrentInputLocked:3231 com.android.server.inputmethod.InputMethodManagerService.showMySoftInput:4198 com.android.server.inputmethod.InputMethodManagerService.access$4100:189 
07-08 16:47:53.356 D/InputMethodManagerService( 3840): Top Package Name: in.startv.hotstar
07-08 16:47:53.356 W/ContextImpl( 3840): Calling a method in the system process without a qualified user: android.app.ContextImpl.sendBroadcast:1111 com.android.server.inputmethod.InputMethodManagerService.sendSoftInputVisibilityBroadcast:3258 com.android.server.inputmethod.InputMethodManagerService.showCurrentInputLocked:3231 com.android.server.inputmethod.InputMethodManagerService.attachNewInputLocked:2397 com.android.server.inputmethod.InputMethodManagerService.startInputUncheckedLocked:2503 
07-08 16:47:53.359 D/InputMethodManagerService( 3840): Top Package Name: in.startv.hotstar
07-08 16:47:53.360 W/ContextImpl( 3840): Calling a method in the system process without a qualified user: android.app.ContextImpl.sendBroadcast:1111 com.android.server.inputmethod.InputMethodManagerService.sendSoftInputVisibilityBroadcast:3258 com.android.server.inputmethod.InputMethodManagerService.showCurrentInputLocked:3231 com.android.server.inputmethod.InputMethodManagerService.showMySoftInput:4198 com.android.server.inputmethod.InputMethodManagerService.access$4100:189 
07-08 16:47:53.373 D/INSETS  ( 3840): else - Package Name ::  left : 0 right :: 0 top :: 0 bottom :: 0 dfu-right :: 1920 dfu-bottom :: 1080
07-08 16:47:53.373 D/INSETS  ( 3840): else - Package Name ::  left : 0 right :: 0 top :: 0 bottom :: 0 dfu-right :: 1920 dfu-bottom :: 1080
07-08 16:47:53.386 D/InputMethodManagerService( 3840): Top Package Name: in.startv.hotstar
07-08 16:47:53.387 W/ContextImpl( 3840): Calling a method in the system process without a qualified user: android.app.ContextImpl.sendBroadcast:1111 com.android.server.inputmethod.InputMethodManagerService.sendSoftInputVisibilityBroadcast:3258 com.android.server.inputmethod.InputMethodManagerService.showCurrentInputLocked:3231 com.android.server.inputmethod.InputMethodManagerService.showMySoftInput:4198 com.android.server.inputmethod.InputMethodManagerService.access$4100:189 
07-08 16:47:53.689 D/INSETS  ( 3840): else - Package Name ::  left : 0 right :: 0 top :: 0 bottom :: 0 dfu-right :: 1920 dfu-bottom :: 1080
07-08 16:47:53.689 D/INSETS  ( 3840): else - Package Name ::  left : 0 right :: 0 top :: 0 bottom :: 0 dfu-right :: 1920 dfu-bottom :: 1080
07-08 16:47:54.298 D/AutofillManagerService( 3840): onBackKeyPressed()
07-08 16:47:54.302 W/ContextImpl( 3840): Calling a method in the system process without a qualified user: android.app.ContextImpl.sendBroadcast:1111 com.android.server.inputmethod.InputMethodManagerService.sendSoftInputVisibilityBroadcast:3258 com.android.server.inputmethod.InputMethodManagerService.hideCurrentInputLocked:3330 com.android.server.inputmethod.InputMethodManagerService.hideMySoftInput:4180 com.android.server.inputmethod.InputMethodManagerService.access$4000:189 
07-08 16:47:54.310 D/INSETS  ( 3840): else - Package Name ::  left : 0 right :: 0 top :: 0 bottom :: 0 dfu-right :: 1920 dfu-bottom :: 1080
07-08 16:47:54.310 D/INSETS  ( 3840): else - Package Name ::  left : 0 right :: 0 top :: 0 bottom :: 0 dfu-right :: 1920 dfu-bottom :: 1080
07-08 16:47:54.332 D/INSETS  ( 3840): else - Package Name ::  left : 0 right :: 0 top :: 0 bottom :: 0 dfu-right :: 1920 dfu-bottom :: 1080
07-08 16:47:54.332 D/INSETS  ( 3840): else - Package Name ::  left : 0 right :: 0 top :: 0 bottom :: 0 dfu-right :: 1920 dfu-bottom :: 1080
07-08 16:47:54.340 D/INSETS  ( 3840): else - Package Name ::  left : 0 right :: 0 top :: 0 bottom :: 0 dfu-right :: 1920 dfu-bottom :: 1080
07-08 16:47:54.340 D/INSETS  ( 3840): else - Package Name ::  left : 0 right :: 0 top :: 0 bottom :: 0 dfu-right :: 1920 dfu-bottom :: 1080
07-08 16:47:54.545 D/INSETS  ( 3840): else - Package Name ::  left : 0 right :: 0 top :: 0 bottom :: 0 dfu-right :: 1920 dfu-bottom :: 1080
07-08 16:47:55.958 I/DropBoxManagerService( 3840): add tag=system_server_strictmode isTagEnabled=true flags=0x2
07-08 16:47:55.981 I/chatty  ( 3840): uid=1000(system) android.io identical 4 lines
07-08 16:47:55.985 I/DropBoxManagerService( 3840): add tag=system_server_strictmode isTagEnabled=true flags=0x2
07-08 16:47:56.239 I/UsageStatsService( 3840): User[0] Flushing usage stats to disk
07-08 16:47:56.463 D/InputMethodManagerService( 3840): Top Package Name: in.startv.hotstar
07-08 16:47:56.468 W/ContextImpl( 3840): Calling a method in the system process without a qualified user: android.app.ContextImpl.sendBroadcast:1111 com.android.server.inputmethod.InputMethodManagerService.sendSoftInputVisibilityBroadcast:3258 com.android.server.inputmethod.InputMethodManagerService.showCurrentInputLocked:3231 com.android.server.inputmethod.InputMethodManagerService.showMySoftInput:4198 com.android.server.inputmethod.InputMethodManagerService.access$4100:189 
07-08 16:47:56.472 W/ContextImpl( 3840): Calling a method in the system process without a qualified user: android.app.ContextImpl.sendBroadcast:1111 com.android.server.inputmethod.InputMethodManagerService.sendSoftInputVisibilityBroadcast:3258 com.android.server.inputmethod.InputMethodManagerService.hideCurrentInputLocked:3330 com.android.server.inputmethod.InputMethodManagerService.hideMySoftInput:4180 com.android.server.inputmethod.InputMethodManagerService.access$4000:189 
07-08 16:47:56.481 D/INSETS  ( 3840): else - Package Name ::  left : 0 right :: 0 top :: 0 bottom :: 0 dfu-right :: 1920 dfu-bottom :: 1080
07-08 16:47:56.484 D/InputMethodManagerService( 3840): Top Package Name: in.startv.hotstar
07-08 16:47:56.486 W/ContextImpl( 3840): Calling a method in the system process without a qualified user: android.app.ContextImpl.sendBroadcast:1111 com.android.server.inputmethod.InputMethodManagerService.sendSoftInputVisibilityBroadcast:3258 com.android.server.inputmethod.InputMethodManagerService.showCurrentInputLocked:3231 com.android.server.inputmethod.InputMethodManagerService.showMySoftInput:4198 com.android.server.inputmethod.InputMethodManagerService.access$4100:189 
07-08 16:47:56.497 W/ContextImpl( 3840): Calling a method in the system process without a qualified user: android.app.ContextImpl.sendBroadcast:1111 com.android.server.inputmethod.InputMethodManagerService.sendSoftInputVisibilityBroadcast:3258 com.android.server.inputmethod.InputMethodManagerService.hideCurrentInputLocked:3330 com.android.server.inputmethod.InputMethodManagerService.hideSoftInput:3290 com.android.internal.view.IInputMethodManager$Stub.onTransact:325 
07-08 16:47:56.534 D/InputMethodManagerService( 3840): Top Package Name: in.startv.hotstar
07-08 16:47:56.536 W/ContextImpl( 3840): Calling a method in the system process without a qualified user: android.app.ContextImpl.sendBroadcast:1111 com.android.server.inputmethod.InputMethodManagerService.sendSoftInputVisibilityBroadcast:3258 com.android.server.inputmethod.InputMethodManagerService.showCurrentInputLocked:3231 com.android.server.inputmethod.InputMethodManagerService.showMySoftInput:4198 com.android.server.inputmethod.InputMethodManagerService.access$4100:189 
07-08 16:47:56.580 D/INSETS  ( 3840): else - Package Name ::  left : 0 right :: 0 top :: 0 bottom :: 0 dfu-right :: 1920 dfu-bottom :: 1080
07-08 16:47:56.628 D/INSETS  ( 3840): else - Package Name ::  left : 0 right :: 0 top :: 0 bottom :: 0 dfu-right :: 1920 dfu-bottom :: 1080
07-08 16:47:56.629 D/INSETS  ( 3840): else - Package Name ::  left : 0 right :: 0 top :: 0 bottom :: 0 dfu-right :: 1920 dfu-bottom :: 1080
07-08 16:47:56.645 D/INSETS  ( 3840): else - Package Name ::  left : 0 right :: 0 top :: 0 bottom :: 0 dfu-right :: 1920 dfu-bottom :: 1080
07-08 16:47:56.645 D/INSETS  ( 3840): else - Package Name ::  left : 0 right :: 0 top :: 0 bottom :: 0 dfu-right :: 1920 dfu-bottom :: 1080
07-08 16:47:56.648 D/InputMethodManagerService( 3840): Top Package Name: in.startv.hotstar
07-08 16:47:56.649 W/ContextImpl( 3840): Calling a method in the system process without a qualified user: android.app.ContextImpl.sendBroadcast:1111 com.android.server.inputmethod.InputMethodManagerService.sendSoftInputVisibilityBroadcast:3258 com.android.server.inputmethod.InputMethodManagerService.showCurrentInputLocked:3231 com.android.server.inputmethod.InputMethodManagerService.showMySoftInput:4198 com.android.server.inputmethod.InputMethodManagerService.access$4100:189 
07-08 16:47:56.686 W/NotificationHistory( 3840): Attempted to add notif for locked/gone/disabled user 0
07-08 16:47:56.768 D/InputMethodManagerService( 3840): Top Package Name: in.startv.hotstar
07-08 16:47:56.769 W/ContextImpl( 3840): Calling a method in the system process without a qualified user: android.app.ContextImpl.sendBroadcast:1111 com.android.server.inputmethod.InputMethodManagerService.sendSoftInputVisibilityBroadcast:3258 com.android.server.inputmethod.InputMethodManagerService.showCurrentInputLocked:3231 com.android.server.inputmethod.InputMethodManagerService.attachNewInputLocked:2397 com.android.server.inputmethod.InputMethodManagerService.startInputUncheckedLocked:2503 
07-08 16:47:56.780 D/INSETS  ( 3840): else - Package Name ::  left : 0 right :: 0 top :: 0 bottom :: 0 dfu-right :: 1920 dfu-bottom :: 1080
07-08 16:47:56.780 D/INSETS  ( 3840): else - Package Name ::  left : 0 right :: 0 top :: 0 bottom :: 0 dfu-right :: 1920 dfu-bottom :: 1080
07-08 16:47:56.800 D/InputMethodManagerService( 3840): Top Package Name: in.startv.hotstar
07-08 16:47:56.800 W/ContextImpl( 3840): Calling a method in the system process without a qualified user: android.app.ContextImpl.sendBroadcast:1111 com.android.server.inputmethod.InputMethodManagerService.sendSoftInputVisibilityBroadcast:3258 com.android.server.inputmethod.InputMethodManagerService.showCurrentInputLocked:3231 com.android.server.inputmethod.InputMethodManagerService.showMySoftInput:4198 com.android.server.inputmethod.InputMethodManagerService.access$4100:189 
07-08 16:47:56.816 D/InputMethodManagerService( 3840): Top Package Name: in.startv.hotstar
07-08 16:47:56.817 W/ContextImpl( 3840): Calling a method in the system process without a qualified user: android.app.ContextImpl.sendBroadcast:1111 com.android.server.inputmethod.InputMethodManagerService.sendSoftInputVisibilityBroadcast:3258 com.android.server.inputmethod.InputMethodManagerService.showCurrentInputLocked:3231 com.android.server.inputmethod.InputMethodManagerService.showMySoftInput:4198 com.android.server.inputmethod.InputMethodManagerService.access$4100:189 
07-08 16:47:56.894 D/INSETS  ( 3840): else - Package Name ::  left : 0 right :: 0 top :: 0 bottom :: 0 dfu-right :: 1920 dfu-bottom :: 1080
07-08 16:47:56.936 I/chatty  ( 3840): uid=1000(system) android.display identical 4 lines
07-08 16:47:56.936 D/INSETS  ( 3840): else - Package Name ::  left : 0 right :: 0 top :: 0 bottom :: 0 dfu-right :: 1920 dfu-bottom :: 1080
07-08 16:47:57.002 D/InputMethodManagerService( 3840): Top Package Name: in.startv.hotstar
07-08 16:47:57.004 W/ContextImpl( 3840): Calling a method in the system process without a qualified user: android.app.ContextImpl.sendBroadcast:1111 com.android.server.inputmethod.InputMethodManagerService.sendSoftInputVisibilityBroadcast:3258 com.android.server.inputmethod.InputMethodManagerService.showCurrentInputLocked:3231 com.android.server.inputmethod.InputMethodManagerService.showMySoftInput:4198 com.android.server.inputmethod.InputMethodManagerService.access$4100:189 
07-08 16:47:57.029 W/NotificationHistory( 3840): Attempted to add notif for locked/gone/disabled user 0
07-08 16:47:57.050 D/INSETS  ( 3840): else - Package Name ::  left : 0 right :: 0 top :: 0 bottom :: 0 dfu-right :: 1920 dfu-bottom :: 1080
07-08 16:47:57.050 D/INSETS  ( 3840): else - Package Name ::  left : 0 right :: 0 top :: 0 bottom :: 0 dfu-right :: 1920 dfu-bottom :: 1080
07-08 16:47:57.053 D/INSETS  ( 3840): else - Package Name ::  left : 0 right :: 0 top :: 0 bottom :: 0 dfu-right :: 1920 dfu-bottom :: 1080
07-08 16:47:57.054 D/INSETS  ( 3840): else - Package Name ::  left : 0 right :: 0 top :: 0 bottom :: 0 dfu-right :: 1920 dfu-bottom :: 1080
