07-08 17:10:46.022 D/        (    0): [ 1687.356983@2]- hevc mux clock is 499999992 Hz
07-08 17:10:46.023 D/        (    0): [ 1687.356998@2]- hevc back mux clock is 499999992 Hz
07-08 17:10:46.023 D/        (    0): [ 1687.357130@2]- vdec_create instance 000000002a1828fe, total 1, PM: legacy
07-08 17:10:46.023 D/        (    0): [ 1687.357171@2]- set drmmode
07-08 17:10:46.023 I/        (    0): [ 1687.357216@2]- is_reset=1
07-08 17:10:46.023 I/        (    0): [ 1687.357243@2]- vdec_init, dev_name:ammvdec_h265, vdec_type=VDEC_TYPE_FRAME_BLOCK  id = 0
07-08 17:10:46.023 D/[ 1687.357787@2]- [0]pdata->config=hevc_buf_width(    0): 3840;hevc_buf_height:2160;hevc_buf_margin:7;hevc_double_write_mode:3;save_buffer_mode:0;
07-08 17:10:46.023 D/        (    0): [ 1687.357837@2]- decoder_bmmu_box_alloc_box, tvp_flags = 4
07-08 17:10:46.023 D/        (    0): [ 1687.357854@2]- [0]dynamic_buf_num_margin=9
07-08 17:10:46.034 D/        (    0): [ 1687.357858@2]- [0]double_write_mode=3
07-08 17:10:46.035 D/[ 1687.357866@2]- [0]h265(    0): pts_unstable=0
07-08 17:10:46.035 D/[ 1687.357871@2]- [0]h265(    0): ver (201602101,0) decinfo: 0x0 rate=3600
07-08 17:10:46.035 I/        (    0): [ 1687.365853@3]- [TEE], the fw (hevc_mmu) will be loaded.
07-08 17:10:46.035 D/        (    0): [ 1687.365901@3]- hevc mux clock is 666666656 Hz
07-08 17:10:46.035 D/        (    0): [ 1687.365918@3]- hevc back mux clock is 666666656 Hz
07-08 17:10:46.035 D/        (    0): [ 1687.365923@3]- hevc video changed to 3840 x 2160 60 fps clk->667MHZ
07-08 17:10:46.043 D/        (    0): [ 1687.365980@3]- vfm map vdec-map-0 created
07-08 17:10:46.046 I/[ 1687.365999@3]- dim(    0): ch[1]:di_receiver_event_fun,8:_REG
07-08 17:10:46.046 I/[ 1687.366004@3]- dim(    0): reg:vdec.h265.00[215]
07-08 17:10:46.047 I/[ 1687.366562@1]- dim(    0): reg:use[0]ms
07-08 17:10:46.047 E/[ 1687.366588@1]- reg(    0): v4lvideo
07-08 17:10:46.052 I/[ 1687.366597@1]- dim(    0): ch[1]:di_receiver_event_fun,3:_START
07-08 17:10:46.052 D/        (    0): [ 1687.366602@1]- vdec_init, vf_provider_name = vdec.h265.00, b 0
07-08 17:10:46.068 I/        (    0): [ 1687.366635@1]- vdec->port_flag=0x182, port_flag=0x18b
07-08 17:10:46.068 I/        (    0): [ 1687.366736@1]- is_reset=0
07-08 17:10:46.068 I/[ 1687.378930@0]- vframe_rate_uevent(    0): sent uevent FRAME_RATE_HINT=0
07-08 17:10:46.068 I/[ 1687.378997@0]- dim(    0): ch[1]:di_receiver_event_fun,1:_UNREG
07-08 17:10:46.068 E/[ 1687.379009@0]- unreg(    0): v4lvideo
07-08 17:10:46.068 I/[ 1687.379067@0]- dim(    0): unreg:use[0]ms
07-08 17:10:46.068 D/        (    0): [ 1687.379086@0]- vdec_disable_DMC input->target= 0x1
07-08 17:10:46.068 D/        (    0): [ 1687.379586@0]- vdec_release instance 000000002a1828fe, total 1 id = 0
07-08 17:10:46.068 D/        (    0): [ 1687.379640@0]- the clk_hevc_mux    clock off, ref cnt: 0
07-08 17:10:46.068 D/        (    0): [ 1687.379646@0]- the clk_hevcb_mux   clock off, ref cnt: 0
07-08 17:10:46.068 D/        (    0): [ 1687.379655@0]- the vdec            clock off, ref cnt: 0
07-08 17:10:46.068 D/        (    0): [ 1687.379658@0]- the parser_top      clock off, ref cnt: 1
07-08 17:10:46.068 D/        (    0): [ 1687.379662@0]- the demux           clock off, ref cnt: 1
07-08 17:10:46.068 D/        (    0): [ 1687.379689@0]d v4lvideo_release_map 0 OK
07-08 17:10:46.068 E/[ 1687.415201@0]- Warn(    0): TVP pool will release later.
07-08 17:10:46.068 E/[ 1687.415208@0]- Warn(    0): TVP pool will release later.
07-08 17:10:46.068 I/        (    0): [ 1687.415213@0]- tvp_user_count is 0
07-08 17:10:46.068 I/[ 1687.415218@0]- resman(    0): 75 release [tvp]
07-08 17:10:46.068 D/[ 1687.416890@2]- v4lvid(    0): dbg: vidioc_close!!!!
07-08 17:10:46.068 I/[ 1687.418254@2]- resman(    0): 73 release [codec_mm]
07-08 17:10:46.068 E/[ 1687.439299@0]- Warn(    0): TVP pool will release later.
07-08 17:10:46.068 E/[ 1687.439305@0]- Warn(    0): TVP pool will release later.
07-08 17:10:46.068 E/[ 1687.439315@0]- Warn(    0): TVP pool will release later.
07-08 17:10:46.068 E/[ 1687.439318@0]- Warn(    0): TVP pool will release later.
07-08 17:10:46.068 E/[ 1687.439328@0]- Warn(    0): TVP pool will release later.
07-08 17:10:46.068 E/[ 1687.439331@0]- Warn(    0): TVP pool will release later.
07-08 17:10:46.068 E/[ 1687.439342@0]- Warn(    0): TVP pool will release later.
07-08 17:10:46.068 E/[ 1687.439345@0]- Warn(    0): TVP pool will release later.
07-08 17:10:46.068 E/[ 1687.439354@0]- Warn(    0): TVP pool will release later.
07-08 17:10:46.068 E/[ 1687.439357@0]- Warn(    0): TVP pool will release later.
07-08 17:10:46.068 E/[ 1687.439366@0]- Warn(    0): TVP pool will release later.
07-08 17:10:46.068 E/[ 1687.439369@0]- Warn(    0): TVP pool will release later.
07-08 17:10:46.068 E/[ 1687.439384@0]- Warn(    0): TVP pool will release later.
07-08 17:10:46.068 E/[ 1687.439387@0]- Warn(    0): TVP pool will release later.
07-08 17:10:46.083 E/[ 1687.574500@0]- Warn(    0): TVP pool will release later.
07-08 17:10:46.146 E/[ 1687.574506@0]- Warn(    0): TVP pool will release later.
07-08 17:10:46.006 D/INSETS  ( 3840): else - Package Name ::  left : 0 right :: 0 top :: 0 bottom :: 0 dfu-right :: 1920 dfu-bottom :: 1080
07-08 17:10:46.074 I/ActivityManager( 3840): Force stopping io.appium.uiautomator2.server.test appid=10038 user=0: from pid 20623
07-08 17:10:46.103 I/ActivityManager( 3840): Force stopping io.appium.uiautomator2.server appid=10064 user=0: from pid 20622
07-08 17:10:46.110 V/ActivityTaskManager( 3840): Old State : PAUSED Updated state : STOPPING Activity : ComponentInfo{com.jiotv.sonyliv/com.sonyliv.ui.home.HomeActivity}
07-08 17:10:46.110 V/ActivityTaskManager( 3840): Sending Broadcast : Intent { act=com.jio.remote.action.applaunch flg=0x40000000 pkg=com.jio.remote.btserver (has extras) }
07-08 17:10:46.432 E/[ 1687.922971@0]- Warn(    0): TVP pool will release later.
07-08 17:10:46.432 E/[ 1687.922978@0]- Warn(    0): TVP pool will release later.
07-08 17:10:46.433 E/[ 1687.926630@2]- Warn(    0): TVP pool will release later.
07-08 17:10:46.433 E/[ 1687.926637@2]- Warn(    0): TVP pool will release later.
07-08 17:10:46.433 E/[ 1687.926722@2]- Warn(    0): TVP pool will release later.
07-08 17:10:46.433 I/        (    0): [ 1687.926739@2]- unprotect tvp 1 handle is 6
07-08 17:10:46.447 E/[ 1687.941602@2]- Warn(    0): TVP pool will release later.
07-08 17:10:46.451 E/[ 1687.944067@2]- Warn(    0): TVP pool will release later.
07-08 17:10:46.458 I/        (    0): [ 1687.944545@2]- unprotect tvp 0 handle is 5
07-08 17:10:46.467 I/        (    0): [ 1687.961729@2]- disalbe tvp
07-08 17:10:46.405 V/ActivityTaskManager( 3840): Old State : STOPPING Updated state : STOPPED Activity : ComponentInfo{com.jiotv.sonyliv/com.sonyliv.ui.home.HomeActivity}
07-08 17:10:46.405 V/ActivityTaskManager( 3840): Sending Broadcast : Intent { act=com.jio.remote.action.applaunch flg=0x40000000 pkg=com.jio.remote.btserver (has extras) }
07-08 17:10:46.791 W/[ 1688.282889@2]- healthd(    0): battery l=100 v=4 t=0.0 h=2 st=2 c=1100 fc=10000000 chg=u
07-08 17:10:46.806 D/ConnectivityService( 3840): requestNetwork for uid/pid:10034/5049 NetworkRequest [ TRACK_DEFAULT id=33, [ Capabilities: INTERNET&NOT_RESTRICTED&TRUSTED Uid: 10034 AdministratorUids: [] RequestorUid: 10034 RequestorPackageName: com.iwedia.ui.rjio.launcher.reliance] ]
07-08 17:10:46.806 D/ConnectivityService( 3840): NetReassign [33 : null  100]
07-08 17:10:46.809 D/ConnectivityService( 3840): NetReassign [no changes]
07-08 17:10:47.596 I/UsageStatsService( 3840): User[0] Flushing usage stats to disk
07-08 17:10:49.089 I/ActivityManager( 3840): Force stopping com.jiotv.sonyliv appid=10075 user=0: from pid 4884
07-08 17:10:49.090 I/ActivityManager( 3840): Killing 18405:com.jiotv.sonyliv/u0a75 (adj 700): stop com.jiotv.sonyliv due to from pid 4884
07-08 17:10:49.107 W/ActivityTaskManager( 3840): Force removing ActivityRecord{1717e69 u0 com.jiotv.sonyliv/com.sonyliv.ui.home.HomeActivity t496 f}}: app died, no saved state
07-08 17:10:49.110 V/ActivityTaskManager( 3840): Old State : STOPPED Updated state : DESTROYED Activity : ComponentInfo{com.jiotv.sonyliv/com.sonyliv.ui.home.HomeActivity}
07-08 17:10:49.110 V/ActivityTaskManager( 3840): Sending Broadcast : Intent { act=com.jio.remote.action.applaunch flg=0x40000000 pkg=com.jio.remote.btserver (has extras) }
07-08 17:10:49.115 D/INSETS  ( 3840): else - Package Name ::  left : 0 right :: 0 top :: 0 bottom :: 0 dfu-right :: 1920 dfu-bottom :: 1080
07-08 17:10:49.129 I/ActivityManager( 3840): Killing 18653:com.android.webview:sandboxed_process0:org.chromium.content.app.SandboxedProcessService0:0/u0a75i4 (adj 0): isolated not needed
07-08 17:10:49.138 I/ActivityManager( 3840): Force stopping com.jiotv.sonyliv appid=10075 user=0: from pid 4884
07-08 17:10:49.167 I/chatty  ( 3840): uid=1000(system) Binder:3840_10 identical 2 lines
07-08 17:10:49.177 I/ActivityManager( 3840): Force stopping com.jiotv.sonyliv appid=10075 user=0: from pid 4884
07-08 17:10:49.210 I/ActivityManager( 3840): Force stopping com.jiotv.sonyliv appid=10075 user=0: from pid 4884
07-08 17:10:49.223 I/ActivityManager( 3840): Force stopping com.jiotv.sonyliv appid=10075 user=0: from pid 4884
07-08 17:10:49.240 I/ActivityManager( 3840): Force stopping com.jiotv.sonyliv appid=10075 user=0: from pid 4884
07-08 17:10:49.262 D/KernelCpuUidUserSysTimeReader( 3840): Removing uids 99003-99003
07-08 17:10:49.274 I/ActivityManager( 3840): Force stopping com.jiotv.sonyliv appid=10075 user=0: from pid 4884
07-08 17:10:49.294 I/ActivityManager( 3840): Force stopping com.jiotv.sonyliv appid=10075 user=0: from pid 4884
07-08 17:10:49.860 D/ConnectivityService( 3840): ConnectivityService NetworkRequestInfo binderDied(NetworkRequest [ TRACK_DEFAULT id=32, [ Capabilities: INTERNET&NOT_RESTRICTED&TRUSTED Uid: 10075 AdministratorUids: [] RequestorUid: 10075 RequestorPackageName: com.jiotv.sonyliv] ], android.os.BinderProxy@9322335)
07-08 17:10:49.860 D/ConnectivityService( 3840): ConnectivityService NetworkRequestInfo binderDied(NetworkRequest [ TRACK_DEFAULT id=30, [ Capabilities: INTERNET&NOT_RESTRICTED&TRUSTED Uid: 10075 AdministratorUids: [] RequestorUid: 10075 RequestorPackageName: com.jiotv.sonyliv] ], android.os.BinderProxy@11153ca)
07-08 17:10:49.861 D/ConnectivityService( 3840): ConnectivityService NetworkRequestInfo binderDied(NetworkRequest [ TRACK_DEFAULT id=31, [ Capabilities: INTERNET&NOT_RESTRICTED&TRUSTED Uid: 10075 AdministratorUids: [] RequestorUid: 10075 RequestorPackageName: com.jiotv.sonyliv] ], android.os.BinderProxy@424693b)
07-08 17:10:49.861 D/ConnectivityService( 3840): ConnectivityService NetworkRequestInfo binderDied(NetworkRequest [ LISTEN id=29, [ Transports: CELLULAR|WIFI Capabilities: INTERNET&NOT_RESTRICTED&TRUSTED&NOT_VPN Uid: 10075 AdministratorUids: [] RequestorUid: 10075 RequestorPackageName: com.jiotv.sonyliv] ], android.os.BinderProxy@a32f858)
07-08 17:10:49.862 D/ConnectivityService( 3840): releasing NetworkRequest [ TRACK_DEFAULT id=32, [ Capabilities: INTERNET&NOT_RESTRICTED&TRUSTED Uid: 10075 AdministratorUids: [] RequestorUid: 10075 RequestorPackageName: com.jiotv.sonyliv] ] (release request)
07-08 17:10:49.863 D/ConnectivityService( 3840): releasing NetworkRequest [ TRACK_DEFAULT id=30, [ Capabilities: INTERNET&NOT_RESTRICTED&TRUSTED Uid: 10075 AdministratorUids: [] RequestorUid: 10075 RequestorPackageName: com.jiotv.sonyliv] ] (release request)
07-08 17:10:49.863 W/ActivityManager( 3840): setHasOverlayUi called on unknown pid: 18405
07-08 17:10:49.864 D/ConnectivityService( 3840): releasing NetworkRequest [ TRACK_DEFAULT id=31, [ Capabilities: INTERNET&NOT_RESTRICTED&TRUSTED Uid: 10075 AdministratorUids: [] RequestorUid: 10075 RequestorPackageName: com.jiotv.sonyliv] ] (release request)
07-08 17:10:49.865 W/WindowManager( 3840): Cannot find window which accessibility connection is added to
07-08 17:10:50.551 W/[ 1692.045510@2]- RTW(    0): fill_default_txdesc(wlan0): SP Packet(0x0806) rate=0x4 SeqNum = 476
07-08 17:10:51.547 I/        (    0): [ 1693.037916@1]- EXT4-fs (mmcblk0p18): re-mounted. Opts: (null)
07-08 17:10:51.663 W/[ 1693.155143@1]- RTW(    0): Turbo EDCA =0x431c
07-08 17:10:52.437 E/TaskPersister( 3840): File error accessing recents directory (directory doesn't exist?).
07-08 17:10:53.824 D/[ 1695.318019@2]- logd(    0): logdr: UID=0 GID=0 PID=20769 b tail=0 logMask=99 pid=0 start=0ns timeout=0ns
07-08 17:10:54.843 W/[ 1696.335817@2]- audit(    0): audit_lost=1049 audit_rate_limit=5 audit_backlog_limit=64
07-08 17:10:54.844 E/[ 1696.335825@2]- audit(    0): rate limit exceeded
07-08 17:10:54.897 I/ActivityManager( 3840): Force stopping io.appium.uiautomator2.server appid=10064 user=0: from pid 20805
07-08 17:10:54.917 I/ActivityManager( 3840): Force stopping io.appium.uiautomator2.server.test appid=10038 user=0: from pid 20806
07-08 17:10:55.691 W/[ 1697.183056@2]- RTW(    0): Turbo EDCA =0x5ea42b
07-08 17:10:55.743 I/ActivityManager( 3840): Force stopping io.appium.uiautomator2.server appid=10064 user=0: start instr
07-08 17:10:55.748 D/CompatibilityChangeReporter( 3840): Compat change id reported: 135634846; UID 10064; state: DISABLED
07-08 17:10:55.749 D/CompatibilityChangeReporter( 3840): Compat change id reported: 143937733; UID 10064; state: ENABLED
07-08 17:10:55.767 I/ActivityManager( 3840): Start proc 20831:io.appium.uiautomator2.server/u0a64 for added application io.appium.uiautomator2.server
07-08 17:10:57.492 W/WindowManager( 3840): removeWindowToken: Attempted to remove non-existing token: android.os.Binder@c394a2
07-08 17:10:57.779 I/UsageStatsService( 3840): User[0] Flushing usage stats to disk
07-08 17:10:58.779 D/WindowManager( 3840): Unhandled key: inputToken=android.os.BinderProxy@d4b0447, title=com.iwedia.ui.rjio.launcher.reliance/com.iwedia.ui.rjio.launcher.ui.intro.IntroActivity, action=0, flags=0, keyCode=4, scanCode=0, metaState=0, repeatCount=0, policyFlags=1795162112
07-08 17:10:58.779 D/WindowManager( 3840): No fallback.
07-08 17:10:58.782 D/AutofillManagerService( 3840): onBackKeyPressed()
07-08 17:10:58.785 D/WindowManager( 3840): Unhandled key: inputToken=android.os.BinderProxy@d4b0447, title=com.iwedia.ui.rjio.launcher.reliance/com.iwedia.ui.rjio.launcher.ui.intro.IntroActivity, action=1, flags=0, keyCode=4, scanCode=0, metaState=0, repeatCount=0, policyFlags=1795162112
07-08 17:10:58.785 D/WindowManager( 3840): No fallback.
07-08 17:11:01.193 I/ActivityTaskManager( 3840): START u0 {flg=0x10000000 cmp=com.suntv.sunnxt/com.androidtv.myplex.ui.activity.SPlashActivity} from uid 0
07-08 17:11:01.193 D/ActivityTaskManager( 3840): recent debug: [launchedPkgName] --> com.suntv.sunnxt [callingPackage] --> com.android.shell
07-08 17:11:01.214 V/ActivityTaskManager( 3840): Old State : null Updated state : INITIALIZING Activity : ComponentInfo{com.suntv.sunnxt/com.androidtv.myplex.ui.activity.SPlashActivity}
07-08 17:11:01.215 V/ActivityTaskManager( 3840): Sending Broadcast : Intent { act=com.jio.remote.action.applaunch flg=0x40000000 pkg=com.jio.remote.btserver (has extras) }
07-08 17:11:01.222 V/ActivityTaskManager( 3840): Old State : RESUMED Updated state : PAUSING Activity : ComponentInfo{com.iwedia.ui.rjio.launcher.reliance/com.iwedia.ui.rjio.launcher.ui.intro.IntroActivity}
07-08 17:11:01.222 V/ActivityTaskManager( 3840): Sending Broadcast : Intent { act=com.jio.remote.action.applaunch flg=0x40000000 pkg=com.jio.remote.btserver (has extras) }
07-08 17:11:01.223 D/INSETS  ( 3840): else - Package Name ::  left : 0 right :: 0 top :: 0 bottom :: 0 dfu-right :: 1920 dfu-bottom :: 1080
07-08 17:11:01.234 D/CompatibilityChangeReporter( 3840): Compat change id reported: 135634846; UID 10069; state: DISABLED
07-08 17:11:01.235 D/CompatibilityChangeReporter( 3840): Compat change id reported: 143937733; UID 10069; state: ENABLED
07-08 17:11:01.247 V/ActivityTaskManager( 3840): Old State : PAUSING Updated state : PAUSED Activity : ComponentInfo{com.iwedia.ui.rjio.launcher.reliance/com.iwedia.ui.rjio.launcher.ui.intro.IntroActivity}
07-08 17:11:01.248 V/ActivityTaskManager( 3840): Sending Broadcast : Intent { act=com.jio.remote.action.applaunch flg=0x40000000 pkg=com.jio.remote.btserver (has extras) }
07-08 17:11:01.261 I/ActivityManager( 3840): Start proc 20899:com.suntv.sunnxt/u0a69 for pre-top-activity {com.suntv.sunnxt/com.androidtv.myplex.ui.activity.SPlashActivity}
07-08 17:11:01.278 D/INSETS  ( 3840): else - Package Name ::  left : 0 right :: 0 top :: 0 bottom :: 0 dfu-right :: 1920 dfu-bottom :: 1080
07-08 17:11:01.332 D/INSETS  ( 3840): else - Package Name ::  left : 0 right :: 0 top :: 0 bottom :: 0 dfu-right :: 1920 dfu-bottom :: 1080
07-08 17:11:01.348 V/ActivityTaskManager( 3840): Old State : INITIALIZING Updated state : RESUMED Activity : ComponentInfo{com.suntv.sunnxt/com.androidtv.myplex.ui.activity.SPlashActivity}
07-08 17:11:01.349 V/ActivityTaskManager( 3840): Sending Broadcast : Intent { act=com.jio.remote.action.applaunch flg=0x40000000 pkg=com.jio.remote.btserver (has extras) }
07-08 17:11:01.354 D/INSETS  ( 3840): else - Package Name ::  left : 0 right :: 0 top :: 0 bottom :: 0 dfu-right :: 1920 dfu-bottom :: 1080
07-08 17:11:01.739 W/[ 1703.230917@0]- RTW(    0): Turbo EDCA =0x431c
07-08 17:11:01.375 I/chatty  ( 3840): uid=1000(system) android.anim identical 1 line
07-08 17:11:01.754 D/INSETS  ( 3840): else - Package Name ::  left : 0 right :: 0 top :: 0 bottom :: 0 dfu-right :: 1920 dfu-bottom :: 1080
07-08 17:11:01.784 D/INSETS  ( 3840): else - Package Name ::  left : 0 right :: 0 top :: 0 bottom :: 0 dfu-right :: 1920 dfu-bottom :: 1080
07-08 17:11:02.315 D/INSETS  ( 3840): else - Package Name ::  left : 0 right :: 0 top :: 0 bottom :: 0 dfu-right :: 1920 dfu-bottom :: 1080
07-08 17:11:02.315 D/INSETS  ( 3840): else - Package Name ::  left : 0 right :: 0 top :: 0 bottom :: 0 dfu-right :: 1920 dfu-bottom :: 1080
07-08 17:11:02.411 D/INSETS  ( 3840): else - Package Name ::  left : 0 right :: 0 top :: 0 bottom :: 0 dfu-right :: 1920 dfu-bottom :: 1080
07-08 17:11:02.438 I/chatty  ( 3840): uid=1000(system) android.anim identical 4 lines
07-08 17:11:02.439 D/INSETS  ( 3840): else - Package Name ::  left : 0 right :: 0 top :: 0 bottom :: 0 dfu-right :: 1920 dfu-bottom :: 1080
07-08 17:11:02.451 V/ActivityTaskManager( 3840): Old State : PAUSED Updated state : STOPPING Activity : ComponentInfo{com.iwedia.ui.rjio.launcher.reliance/com.iwedia.ui.rjio.launcher.ui.intro.IntroActivity}
07-08 17:11:02.452 V/ActivityTaskManager( 3840): Sending Broadcast : Intent { act=com.jio.remote.action.applaunch flg=0x40000000 pkg=com.jio.remote.btserver (has extras) }
07-08 17:11:02.487 D/INSETS  ( 3840): else - Package Name ::  left : 0 right :: 0 top :: 0 bottom :: 0 dfu-right :: 1920 dfu-bottom :: 1080
07-08 17:11:02.487 D/INSETS  ( 3840): else - Package Name ::  left : 0 right :: 0 top :: 0 bottom :: 0 dfu-right :: 1920 dfu-bottom :: 1080
07-08 17:11:02.506 V/ActivityTaskManager( 3840): Old State : STOPPING Updated state : STOPPED Activity : ComponentInfo{com.iwedia.ui.rjio.launcher.reliance/com.iwedia.ui.rjio.launcher.ui.intro.IntroActivity}
07-08 17:11:02.506 V/ActivityTaskManager( 3840): Sending Broadcast : Intent { act=com.jio.remote.action.applaunch flg=0x40000000 pkg=com.jio.remote.btserver (has extras) }
07-08 17:11:02.612 D/INSETS  ( 3840): else - Package Name ::  left : 0 right :: 0 top :: 0 bottom :: 0 dfu-right :: 1920 dfu-bottom :: 1080
07-08 17:11:02.632 D/INSETS  ( 3840): else - Package Name ::  left : 0 right :: 0 top :: 0 bottom :: 0 dfu-right :: 1920 dfu-bottom :: 1080
07-08 17:11:02.679 D/INSETS  ( 3840): else - Package Name ::  left : 0 right :: 0 top :: 0 bottom :: 0 dfu-right :: 1920 dfu-bottom :: 1080
07-08 17:11:02.707 I/[ 1704.201498@0]- resman(    0): 76 appname:OMX-59, type=0
07-08 17:11:02.865 I/[ 1704.353269@3]- resman(    0): 76 acquire [codec_mm], preempt yes
07-08 17:11:02.865 I/[ 1704.353279@3]- resman(    0): 76 score 60 secure no
07-08 17:11:02.865 I/[ 1704.353284@3]- resman(    0): 76 acquire [codec_mm] success
07-08 17:11:02.865 D/        (    0): [ 1704.353325@3]- the demux           clock on, ref cnt: 2
07-08 17:11:02.865 D/        (    0): [ 1704.353330@3]- the parser_top      clock on, ref cnt: 2
07-08 17:11:02.865 D/        (    0): [ 1704.353340@3]- the vdec            clock on, ref cnt: 1
07-08 17:11:02.865 D/        (    0): [ 1704.353361@3]- the clk_vdec_mux    clock on, ref cnt: 1
07-08 17:11:02.865 D/        (    0): [ 1704.353392@3]- vdec mux clock is 499999992 Hz
07-08 17:11:02.865 D/        (    0): [ 1704.353745@3]- vdec_create instance 00000000fa82bfdb, total 1, PM: legacy
07-08 17:11:02.865 D/        (    0): [ 1704.353783@3]- no drmmode
07-08 17:11:02.865 I/        (    0): [ 1704.353838@3]- is_reset=0
07-08 17:11:02.865 I/        (    0): [ 1704.353862@3]- vdec_init, dev_name:ammvdec_h264, vdec_type=VDEC_TYPE_FRAME_BLOCK  id = 0
07-08 17:11:02.865 D/        (    0): [ 1704.354737@3]- ammvdec_h264_mmu_init tvp = 0x0 mmu_enable 0
07-08 17:11:02.865 D/        (    0): [ 1704.354745@3]- decoder_bmmu_box_alloc_box, tvp_flags = 0
07-08 17:11:02.865 D/[ 1704.354763@3]- 0(    0): ammvdec_h264_probe mmu_enable 0 double_write_mode 0x10
07-08 17:11:02.865 D/[ 1704.359711@2]- 0(    0): ammvdec_h264 mem-addr=0,buff_offset=56c10000,buf_start=56c00000
07-08 17:11:02.865 D/        (    0): [ 1704.359751@2]- vdec mux clock is 666666656 Hz
07-08 17:11:02.865 D/        (    0): [ 1704.359757@2]- vdec1 video changed to 3840 x 2160 60 fps clk->667MHZ
07-08 17:11:02.865 W/        (    0): [ 1704.359763@2]- H264 sysinfo: 1920x1080 duration=4000, pts_outside=1
07-08 17:11:02.866 D/        (    0): [ 1704.359767@2]- sync_outside=0, use_idr_framerate=0, is_used_v4l: 0
07-08 17:11:02.866 I/        (    0): [ 1704.359876@2]- [TEE], the fw (h264_multi) will be loaded.
07-08 17:11:02.866 D/        (    0): [ 1704.360195@3]- vh264_init, phy_addr=7446e000 vaddr=0000000055db89a9
07-08 17:11:02.866 D/        (    0): [ 1704.360724@3]- vfm map vdec-map-0 created
07-08 17:11:02.866 I/[ 1704.360746@3]- dim(    0): ch[1]:di_receiver_event_fun,8:_REG
07-08 17:11:02.866 I/[ 1704.360751@3]- dim(    0): reg:vdec.h264.00[216]
07-08 17:11:02.874 I/[ 1704.361324@3]- dim(    0): reg:use[1]ms
07-08 17:11:02.875 E/[ 1704.361350@3]- reg(    0): v4lvideo
07-08 17:11:02.875 I/[ 1704.361359@3]- dim(    0): ch[1]:di_receiver_event_fun,3:_START
07-08 17:11:02.875 D/        (    0): [ 1704.361365@3]- vdec_init, vf_provider_name = vdec.h264.00, b 0
07-08 17:11:02.875 I/        (    0): [ 1704.366277@3]- vdec->port_flag=0x102, port_flag=0x10b
07-08 17:11:02.875 D/[ 1704.369180@3]- v4lvid(    0): dbg: v4lvideo open
07-08 17:11:02.894 D/[ 1704.375310@3]- 0(    0): AV_SCRATCH_1 = 841fe078, AV_SCRATCH_2 1a077
07-08 17:11:02.895 D/[ 1704.375362@3]- 0(    0): chroma_format_idc = 1 frame_mbs_only_flag 1, crop_bottom 8,  frame_height 1080,
07-08 17:11:02.895 D/[ 1704.375367@3]- 0(    0): mb_height 68,crop_right 0, frame_width 1920, mb_width 120
07-08 17:11:02.895 D/[ 1704.375372@3]- 0(    0): level_idc = 40 pic_size = 3133440 size = 4
07-08 17:11:02.895 D/[ 1704.375378@3]- 0(    0): mb height/widht/total: 44/78/1fe0 level_idc 28 max_ref_num 4
07-08 17:11:02.895 D/[ 1704.375383@3]- 0(    0): restriction_flag=1, max_dec_frame_buffering=4, dec_dpb_size=6 num_reorder_frames 2 used_reorder_dpb_size_margin 9
07-08 17:11:02.895 D/[ 1704.375388@3]- 0(    0): vh264_set_params active_buf_spec_num 15 dec_dpb_size 6 collocate_buf_num 8
07-08 17:11:02.971 D/[ 1704.465308@2]- 0(    0): num_ref_frames change from 0 to 4
07-08 17:11:02.980 I/[ 1704.472649@0]- dim(    0): value reg:ch[1]:fix_buf:0;ponly <0,0>
07-08 17:11:02.980 I/[ 1704.472670@0]- dim(    0): 1920x1080-0x9000.
07-08 17:11:02.980 I/[ 1704.473025@3]- v4lvideo(    0): provider name: vdec.h264.00
07-08 17:11:03.007 D/        (    0): [ 1704.501374@2]- cal_dur_from_pts vstatus 4000 dur3751 -> 4001, revised 4000
07-08 17:11:03.007 I/[ 1704.501628@2]- vframe_rate_uevent(    0): sent uevent FRAME_RATE_HINT=4000
07-08 17:11:03.016 I/[ 1704.507820@2]- VID(    0): VD1 off
07-08 17:11:03.016 I/[ 1704.507996@2]- vc(    0): [0]vc: set enable index=0, val=1
07-08 17:11:03.016 I/        (    0): [ 1704.508016@2]- dev->index =0, val=2
07-08 17:11:03.016 I/[ 1704.508021@2]- VID(    0): VD1 off
07-08 17:11:03.016 I/[ 1704.508027@2]- VID(    0): VD1 set global output as 1
07-08 17:11:03.016 I/[ 1704.508058@2]- VID(    0): store VD0 path_id changed -1->2
07-08 17:11:03.017 I/[ 1704.508078@2]- vc(    0): [0]sideband_type =-1
07-08 17:11:03.755 W/[ 1705.247143@2]- RTW(    0): Turbo EDCA =0x5ea42b
07-08 17:11:05.351 E/TaskPersister( 3840): File error accessing recents directory (directory doesn't exist?).
07-08 17:11:06.875 W/        (    0): [ 1708.368498@2]- [0] H264 EOS notify.
07-08 17:11:07.327 I/        (    0): [ 1708.819294@1]- is_reset=1
07-08 17:11:07.327 I/[ 1708.819808@1]- vframe_rate_uevent(    0): sent uevent FRAME_RATE_HINT=0
07-08 17:11:07.327 I/[ 1708.820496@2]- dim(    0): ch[1]:di_receiver_event_fun,1:_UNREG
07-08 17:11:07.327 E/[ 1708.820534@2]- unreg(    0): v4lvideo
07-08 17:11:07.327 I/[ 1708.820597@0]- dim(    0): unreg:2keep[8], msk:[0x0,0x0]
07-08 17:11:07.339 I/[ 1708.832406@3]- dim(    0): unreg:use[12]ms
07-08 17:11:07.339 D/        (    0): [ 1708.832439@3]- vdec_disable_DMC input->target= 0x0
07-08 17:11:07.339 D/[ 1708.832560@3]- 0(    0): vh264_stop
07-08 17:11:07.340 D/        (    0): [ 1708.834559@3]- vdec_release instance 00000000fa82bfdb, total 1 id = 0
07-08 17:11:07.340 D/        (    0): [ 1708.834745@3]- the clk_vdec_mux    clock off, ref cnt: 0
07-08 17:11:07.340 D/        (    0): [ 1708.834755@3]- the vdec            clock off, ref cnt: 0
07-08 17:11:07.340 D/        (    0): [ 1708.834759@3]- the parser_top      clock off, ref cnt: 1
07-08 17:11:07.340 D/        (    0): [ 1708.834788@3]- the demux           clock off, ref cnt: 1
07-08 17:11:07.340 D/        (    0): [ 1708.834860@3]- the demux           clock on, ref cnt: 2
07-08 17:11:07.340 D/        (    0): [ 1708.834884@3]- the parser_top      clock on, ref cnt: 2
07-08 17:11:07.340 D/        (    0): [ 1708.834892@3]- the vdec            clock on, ref cnt: 1
07-08 17:11:07.340 D/        (    0): [ 1708.834911@3]- the clk_vdec_mux    clock on, ref cnt: 1
07-08 17:11:07.340 D/        (    0): [ 1708.834944@3]- vdec mux clock is 499999992 Hz
07-08 17:11:07.348 D/        (    0): [ 1708.835089@3]- vdec_create instance 0000000018ef2465, total 1, PM: legacy
07-08 17:11:07.348 D/        (    0): [ 1708.835127@3]- no drmmode
07-08 17:11:07.348 I/        (    0): [ 1708.835191@3]- is_reset=1
07-08 17:11:07.348 I/        (    0): [ 1708.835219@3]- vdec_init, dev_name:ammvdec_h264, vdec_type=VDEC_TYPE_FRAME_BLOCK  id = 0
07-08 17:11:07.348 D/        (    0): [ 1708.836066@3]- ammvdec_h264_mmu_init tvp = 0x0 mmu_enable 0
07-08 17:11:07.348 D/        (    0): [ 1708.836073@3]- decoder_bmmu_box_alloc_box, tvp_flags = 0
07-08 17:11:07.348 D/[ 1708.836091@3]- 0(    0): ammvdec_h264_probe mmu_enable 0 double_write_mode 0x10
07-08 17:11:07.348 D/[ 1708.837370@3]- 0(    0): ammvdec_h264 mem-addr=0,buff_offset=56c10000,buf_start=56c00000
07-08 17:11:07.348 D/        (    0): [ 1708.837412@3]- vdec mux clock is 666666656 Hz
07-08 17:11:07.348 D/        (    0): [ 1708.837417@3]- vdec1 video changed to 3840 x 2160 60 fps clk->667MHZ
07-08 17:11:07.348 W/        (    0): [ 1708.837424@3]- H264 sysinfo: 1920x1080 duration=4000, pts_outside=1
07-08 17:11:07.349 D/        (    0): [ 1708.837429@3]- sync_outside=0, use_idr_framerate=0, is_used_v4l: 0
07-08 17:11:07.349 I/        (    0): [ 1708.837499@3]- [TEE], the fw (h264_multi) will be loaded.
07-08 17:11:07.349 D/        (    0): [ 1708.837635@3]- vh264_init, phy_addr=7446e000 vaddr=0000000009391f18
07-08 17:11:07.349 D/        (    0): [ 1708.837787@3]- vfm map vdec-map-0 created
07-08 17:11:07.349 I/[ 1708.837809@3]- dim(    0): ch[1]:di_receiver_event_fun,8:_REG
07-08 17:11:07.349 I/[ 1708.837814@3]- dim(    0): reg:vdec.h264.00[217]
07-08 17:11:07.349 I/[ 1708.838425@2]- dim(    0): reg:use[1]ms
07-08 17:11:07.349 E/[ 1708.838449@2]- reg(    0): v4lvideo
07-08 17:11:07.349 I/[ 1708.838458@2]- dim(    0): ch[1]:di_receiver_event_fun,3:_START
07-08 17:11:07.349 D/        (    0): [ 1708.838463@2]- vdec_init, vf_provider_name = vdec.h264.00, b 0
07-08 17:11:07.349 I/        (    0): [ 1708.839185@1]- vdec->port_flag=0x102, port_flag=0x10b
07-08 17:11:07.349 I/        (    0): [ 1708.839297@1]- is_reset=0
07-08 17:11:07.352 I/        (    0): [ 1708.844237@2]- is_reset=1
07-08 17:11:07.352 I/[ 1708.844592@2]- vframe_rate_uevent(    0): sent uevent FRAME_RATE_HINT=0
07-08 17:11:07.352 I/[ 1708.845079@1]- dim(    0): ch[1]:di_receiver_event_fun,1:_UNREG
07-08 17:11:07.352 E/[ 1708.845095@1]- unreg(    0): v4lvideo
07-08 17:11:07.352 I/[ 1708.845750@2]- dim(    0): unreg:use[0]ms
07-08 17:11:07.352 D/        (    0): [ 1708.845783@2]- vdec_disable_DMC input->target= 0x0
07-08 17:11:07.352 D/[ 1708.845904@2]- 0(    0): vh264_stop
07-08 17:11:07.352 D/        (    0): [ 1708.846528@2]- vdec_release instance 0000000018ef2465, total 1 id = 0
07-08 17:11:07.353 D/        (    0): [ 1708.846767@2]- the clk_vdec_mux    clock off, ref cnt: 0
07-08 17:11:07.353 D/        (    0): [ 1708.846790@2]- the vdec            clock off, ref cnt: 0
07-08 17:11:07.353 D/        (    0): [ 1708.846794@2]- the parser_top      clock off, ref cnt: 1
07-08 17:11:07.353 D/        (    0): [ 1708.846798@2]- the demux           clock off, ref cnt: 1
07-08 17:11:07.353 D/        (    0): [ 1708.846862@2]- the demux           clock on, ref cnt: 2
07-08 17:11:07.353 D/        (    0): [ 1708.846866@2]- the parser_top      clock on, ref cnt: 2
07-08 17:11:07.353 D/        (    0): [ 1708.846872@2]- the vdec            clock on, ref cnt: 1
07-08 17:11:07.353 D/        (    0): [ 1708.846891@2]- the clk_vdec_mux    clock on, ref cnt: 1
07-08 17:11:07.353 D/        (    0): [ 1708.846924@2]- vdec mux clock is 499999992 Hz
07-08 17:11:07.353 D/        (    0): [ 1708.847086@2]- vdec_create instance 00000000d581920a, total 1, PM: legacy
07-08 17:11:07.353 D/        (    0): [ 1708.847124@2]- no drmmode
07-08 17:11:07.353 I/        (    0): [ 1708.847160@2]- is_reset=1
07-08 17:11:07.353 I/        (    0): [ 1708.847186@2]- vdec_init, dev_name:ammvdec_h264, vdec_type=VDEC_TYPE_FRAME_BLOCK  id = 0
07-08 17:11:07.353 D/        (    0): [ 1708.847993@2]- ammvdec_h264_mmu_init tvp = 0x0 mmu_enable 0
07-08 17:11:07.353 D/        (    0): [ 1708.848007@2]- decoder_bmmu_box_alloc_box, tvp_flags = 0
07-08 17:11:07.353 D/[ 1708.848093@2]- 0(    0): ammvdec_h264_probe mmu_enable 0 double_write_mode 0x10
07-08 17:11:07.355 D/[ 1708.849146@3]- 0(    0): ammvdec_h264 mem-addr=0,buff_offset=56c10000,buf_start=56c00000
07-08 17:11:07.355 D/        (    0): [ 1708.849188@3]- vdec mux clock is 666666656 Hz
07-08 17:11:07.356 D/        (    0): [ 1708.849193@3]- vdec1 video changed to 3840 x 2160 60 fps clk->667MHZ
07-08 17:11:07.356 W/        (    0): [ 1708.849200@3]- H264 sysinfo: 1920x1080 duration=4000, pts_outside=1
07-08 17:11:07.356 D/        (    0): [ 1708.849203@3]- sync_outside=0, use_idr_framerate=0, is_used_v4l: 0
07-08 17:11:07.356 I/        (    0): [ 1708.849345@3]- [TEE], the fw (h264_multi) will be loaded.
07-08 17:11:07.356 D/        (    0): [ 1708.849477@3]- vh264_init, phy_addr=7446e000 vaddr=00000000270ca617
07-08 17:11:07.356 D/        (    0): [ 1708.849638@3]- vfm map vdec-map-0 created
07-08 17:11:07.356 I/[ 1708.849659@3]- dim(    0): ch[1]:di_receiver_event_fun,8:_REG
07-08 17:11:07.356 I/[ 1708.849664@3]- dim(    0): reg:vdec.h264.00[218]
07-08 17:11:07.356 I/[ 1708.850209@3]- dim(    0): reg:use[1]ms
07-08 17:11:07.356 E/[ 1708.850235@3]- reg(    0): v4lvideo
07-08 17:11:07.356 I/[ 1708.850243@3]- dim(    0): ch[1]:di_receiver_event_fun,3:_START
07-08 17:11:07.356 D/        (    0): [ 1708.850248@3]- vdec_init, vf_provider_name = vdec.h264.00, b 0
07-08 17:11:07.358 I/        (    0): [ 1708.850941@3]- vdec->port_flag=0x102, port_flag=0x10b
07-08 17:11:07.358 I/        (    0): [ 1708.851048@3]- is_reset=0
07-08 17:11:07.364 I/[ 1708.859116@2]- vframe_rate_uevent(    0): sent uevent FRAME_RATE_HINT=0
07-08 17:11:07.364 I/[ 1708.859214@2]- dim(    0): ch[1]:di_receiver_event_fun,1:_UNREG
07-08 17:11:07.364 E/[ 1708.859227@2]- unreg(    0): v4lvideo
07-08 17:11:07.367 I/[ 1708.859791@1]- dim(    0): unreg:use[0]ms
07-08 17:11:07.367 D/        (    0): [ 1708.859823@1]- vdec_disable_DMC input->target= 0x0
07-08 17:11:07.367 D/[ 1708.859944@1]- 0(    0): vh264_stop
07-08 17:11:07.367 D/        (    0): [ 1708.860536@1]- vdec_release instance 00000000d581920a, total 1 id = 0
07-08 17:11:07.367 D/        (    0): [ 1708.860716@1]- the clk_vdec_mux    clock off, ref cnt: 0
07-08 17:11:07.367 D/        (    0): [ 1708.860725@1]- the vdec            clock off, ref cnt: 0
07-08 17:11:07.367 D/        (    0): [ 1708.860730@1]- the parser_top      clock off, ref cnt: 1
07-08 17:11:07.367 D/        (    0): [ 1708.860733@1]- the demux           clock off, ref cnt: 1
07-08 17:11:07.367 D/        (    0): [ 1708.860761@1]d v4lvideo_release_map 0 OK
07-08 17:11:07.367 E/[ 1708.860798@0]- selinux(    0): SELinux:  Could not stat /sys/devices/platform/vdec/ammvdec_h264.0/power/runtime_suspended_time: No such file or directory.
07-08 17:11:07.367 D/[ 1708.860851@1]- v4lvid(    0): dbg: vidioc_close!!!!
07-08 17:11:07.367 E/[ 1708.861246@0]- selinux(    0):  
07-08 17:11:07.368 E/[ 1708.861732@0]- selinux(    0): SELinux:  Could not stat /sys/devices/platform/vdec/ammvdec_h264.0/power/autosuspend_delay_ms: No such file or directory.
07-08 17:11:07.369 E/[ 1708.861775@0]- selinux(    0):  
07-08 17:11:07.369 E/[ 1708.861814@0]- selinux(    0): SELinux:  Could not stat /sys/devices/platform/vdec/ammvdec_h264.0/power/runtime_active_time: No such file or directory.
07-08 17:11:07.369 E/[ 1708.861838@0]- selinux(    0):  
07-08 17:11:07.370 I/[ 1708.861863@1]- resman(    0): 76 release [codec_mm]
07-08 17:11:07.370 E/[ 1708.861872@0]- selinux(    0): SELinux:  Could not stat /sys/devices/platform/vdec/ammvdec_h264.0/power/control: No such file or directory.
07-08 17:11:07.370 E/[ 1708.861896@0]- selinux(    0):  
07-08 17:11:07.370 E/[ 1708.861926@0]- selinux(    0): SELinux:  Could not stat /sys/devices/platform/vdec/ammvdec_h264.0/power/runtime_status: No such file or directory.
07-08 17:11:07.370 E/[ 1708.861950@0]- selinux(    0):  
07-08 17:11:07.434 D/INSETS  ( 3840): else - Package Name ::  left : 0 right :: 0 top :: 0 bottom :: 0 dfu-right :: 1920 dfu-bottom :: 1080
07-08 17:11:07.875 I/UsageStatsService( 3840): User[0] Flushing usage stats to disk
07-08 17:11:07.951 I/ActivityTaskManager( 3840): START u0 {cmp=com.suntv.sunnxt/com.androidtv.myplex.ui.activity.MainActivity} from uid 10069
07-08 17:11:07.951 D/ActivityTaskManager( 3840): recent debug: [launchedPkgName] --> com.suntv.sunnxt [callingPackage] --> com.suntv.sunnxt
07-08 17:11:07.952 V/ActivityTaskManager( 3840): Old State : null Updated state : INITIALIZING Activity : ComponentInfo{com.suntv.sunnxt/com.androidtv.myplex.ui.activity.MainActivity}
07-08 17:11:07.952 V/ActivityTaskManager( 3840): Sending Broadcast : Intent { act=com.jio.remote.action.applaunch flg=0x40000000 pkg=com.jio.remote.btserver (has extras) }
07-08 17:11:07.958 V/ActivityTaskManager( 3840): Old State : RESUMED Updated state : PAUSING Activity : ComponentInfo{com.suntv.sunnxt/com.androidtv.myplex.ui.activity.SPlashActivity}
07-08 17:11:07.958 V/ActivityTaskManager( 3840): Sending Broadcast : Intent { act=com.jio.remote.action.applaunch flg=0x40000000 pkg=com.jio.remote.btserver (has extras) }
07-08 17:11:07.960 D/INSETS  ( 3840): else - Package Name ::  left : 0 right :: 0 top :: 0 bottom :: 0 dfu-right :: 1920 dfu-bottom :: 1080
07-08 17:11:07.971 W/ActivityTaskManager( 3840): Tried to set launchTime (0) < mLastActivityLaunchTime (1702743)
07-08 17:11:07.972 V/ActivityTaskManager( 3840): Old State : PAUSING Updated state : PAUSED Activity : ComponentInfo{com.suntv.sunnxt/com.androidtv.myplex.ui.activity.SPlashActivity}
07-08 17:11:07.972 V/ActivityTaskManager( 3840): Sending Broadcast : Intent { act=com.jio.remote.action.applaunch flg=0x40000000 pkg=com.jio.remote.btserver (has extras) }
07-08 17:11:07.975 V/ActivityTaskManager( 3840): Old State : INITIALIZING Updated state : RESUMED Activity : ComponentInfo{com.suntv.sunnxt/com.androidtv.myplex.ui.activity.MainActivity}
07-08 17:11:07.976 V/ActivityTaskManager( 3840): Sending Broadcast : Intent { act=com.jio.remote.action.applaunch flg=0x40000000 pkg=com.jio.remote.btserver (has extras) }
07-08 17:11:09.186 D/INSETS  ( 3840): else - Package Name ::  left : 0 right :: 0 top :: 0 bottom :: 0 dfu-right :: 1920 dfu-bottom :: 1080
07-08 17:11:09.801 W/[ 1711.294721@1]- RTW(    0): Turbo EDCA =0x431c
07-08 17:11:11.001 E/TaskPersister( 3840): File error accessing recents directory (directory doesn't exist?).
07-08 17:11:11.039 W/[ 1712.533684@2]- RTW(    0): fill_default_txdesc(wlan0): SP Packet(0x0806) rate=0x4 SeqNum = 599
07-08 17:11:11.091 D/INSETS  ( 3840): else - Package Name ::  left : 0 right :: 0 top :: 0 bottom :: 0 dfu-right :: 1920 dfu-bottom :: 1080
07-08 17:11:11.522 I/chatty  ( 3840): uid=1000(system) android.anim identical 2 lines
07-08 17:11:11.527 D/INSETS  ( 3840): else - Package Name ::  left : 0 right :: 0 top :: 0 bottom :: 0 dfu-right :: 1920 dfu-bottom :: 1080
07-08 17:11:11.530 V/ActivityTaskManager( 3840): Old State : PAUSED Updated state : FINISHING Activity : ComponentInfo{com.suntv.sunnxt/com.androidtv.myplex.ui.activity.SPlashActivity}
07-08 17:11:11.530 V/ActivityTaskManager( 3840): Sending Broadcast : Intent { act=com.jio.remote.action.applaunch flg=0x40000000 pkg=com.jio.remote.btserver (has extras) }
07-08 17:11:11.536 V/ActivityTaskManager( 3840): Old State : FINISHING Updated state : DESTROYING Activity : ComponentInfo{com.suntv.sunnxt/com.androidtv.myplex.ui.activity.SPlashActivity}
07-08 17:11:11.536 V/ActivityTaskManager( 3840): Sending Broadcast : Intent { act=com.jio.remote.action.applaunch flg=0x40000000 pkg=com.jio.remote.btserver (has extras) }
07-08 17:11:11.539 I/[ 1713.032703@0]- vc(    0): [0]vc: set enable index=0, val=0
07-08 17:11:11.539 I/[ 1713.032725@0]- VID(    0): store VD0 path_id changed 2->-1
07-08 17:11:11.539 I/        (    0): [ 1713.032729@0]- dev->index =0, val=1
07-08 17:11:11.539 I/[ 1713.032734@0]- VID(    0): VD1 off
07-08 17:11:11.539 I/[ 1713.032740@0]- VID(    0): VD1 set global output as 0
07-08 17:11:11.539 I/        (    0): [ 1713.032756@0]- common_vf_unreg_provider video_render.0: vd1 used: true, vd2 used: false, black_out:0, cur_buf:00000000297045f6
07-08 17:11:11.642 D/INSETS  ( 3840): else - Package Name ::  left : 0 right :: 0 top :: 0 bottom :: 0 dfu-right :: 1920 dfu-bottom :: 1080
07-08 17:11:11.646 V/ActivityTaskManager( 3840): Old State : DESTROYING Updated state : DESTROYED Activity : ComponentInfo{com.suntv.sunnxt/com.androidtv.myplex.ui.activity.SPlashActivity}
07-08 17:11:11.646 V/ActivityTaskManager( 3840): Sending Broadcast : Intent { act=com.jio.remote.action.applaunch flg=0x40000000 pkg=com.jio.remote.btserver (has extras) }
07-08 17:11:11.778 D/ConnectivityService( 3840): requestNetwork for uid/pid:10069/20899 NetworkRequest [ TRACK_DEFAULT id=35, [ Capabilities: INTERNET&NOT_RESTRICTED&TRUSTED Uid: 10069 AdministratorUids: [] RequestorUid: 10069 RequestorPackageName: com.suntv.sunnxt] ]
07-08 17:11:11.781 D/ConnectivityService( 3840): NetReassign [35 : null  100]
07-08 17:11:11.859 W/[ 1713.352952@3]- RTW(    0): fill_default_txdesc(wlan0): SP Packet(0x0806) rate=0x4 SeqNum = 825
07-08 17:11:12.703 D/INSETS  ( 3840): else - Package Name ::  left : 0 right :: 0 top :: 0 bottom :: 0 dfu-right :: 1920 dfu-bottom :: 1080
07-08 17:11:14.539 W/[ 1716.030510@3]- RTW(    0): fill_default_txdesc(wlan0): SP Packet(0x0806) rate=0x4 SeqNum = 1741
07-08 17:11:14.563 D/AutofillManagerService( 3840): onBackKeyPressed()
07-08 17:11:14.715 E/TaskPersister( 3840): File error accessing recents directory (directory doesn't exist?).
07-08 17:11:17.968 I/UsageStatsService( 3840): User[0] Flushing usage stats to disk
07-08 17:11:22.015 I/[ 1723.506955@3]- resman(    0): 77 appname:OMX-60, type=0
07-08 17:11:22.067 E/[ 1723.561626@2]- ion_import_dma_buf(    0): can not import dmabuf from another exporter
07-08 17:11:22.067 E/[ 1723.562249@0]- ion_import_dma_buf(    0): can not import dmabuf from another exporter
07-08 17:11:22.086 E/[ 1723.568628@0]- ion_import_dma_buf(    0): can not import dmabuf from another exporter
07-08 17:11:22.086 E/[ 1723.569202@2]- ion_import_dma_buf(    0): can not import dmabuf from another exporter
07-08 17:11:22.086 E/[ 1723.575541@1]- ion_import_dma_buf(    0): can not import dmabuf from another exporter
07-08 17:11:22.086 E/[ 1723.576140@0]- ion_import_dma_buf(    0): can not import dmabuf from another exporter
07-08 17:11:22.086 E/[ 1723.580755@2]- ion_import_dma_buf(    0): can not import dmabuf from another exporter
07-08 17:11:22.090 E/[ 1723.581692@2]- ion_import_dma_buf(    0): can not import dmabuf from another exporter
07-08 17:11:22.093 E/[ 1723.586828@2]- ion_import_dma_buf(    0): can not import dmabuf from another exporter
07-08 17:11:22.098 E/[ 1723.587464@3]- ion_import_dma_buf(    0): can not import dmabuf from another exporter
07-08 17:11:22.110 E/[ 1723.593503@0]- ion_import_dma_buf(    0): can not import dmabuf from another exporter
07-08 17:11:22.110 E/[ 1723.594254@3]- ion_import_dma_buf(    0): can not import dmabuf from another exporter
07-08 17:11:22.110 E/[ 1723.600676@3]- ion_import_dma_buf(    0): can not import dmabuf from another exporter
07-08 17:11:22.110 E/[ 1723.601509@1]- ion_import_dma_buf(    0): can not import dmabuf from another exporter
07-08 17:11:22.112 E/[ 1723.606311@1]- ion_import_dma_buf(    0): can not import dmabuf from another exporter
07-08 17:11:22.112 E/[ 1723.606968@3]- ion_import_dma_buf(    0): can not import dmabuf from another exporter
07-08 17:11:22.121 I/[ 1723.608674@1]- 0000000046f5e66a(    0): alloc space for storing ion_id
07-08 17:11:22.121 I/[ 1723.608691@1]- 0000000046f5e66a(    0): allocated ion_id:0
07-08 17:11:22.121 I/[ 1723.608964@1]- resman(    0): 77 acquire [codec_mm], preempt yes
07-08 17:11:22.121 I/[ 1723.608971@1]- resman(    0): 77 score 60 secure no
07-08 17:11:22.121 I/[ 1723.608976@1]- resman(    0): 77 acquire [codec_mm] success
07-08 17:11:22.121 D/        (    0): [ 1723.609005@1]- the demux           clock on, ref cnt: 2
07-08 17:11:22.121 D/        (    0): [ 1723.609010@1]- the parser_top      clock on, ref cnt: 2
07-08 17:11:22.121 D/        (    0): [ 1723.609020@1]- the vdec            clock on, ref cnt: 1
07-08 17:11:22.121 D/        (    0): [ 1723.609043@1]- the clk_vdec_mux    clock on, ref cnt: 1
07-08 17:11:22.121 D/        (    0): [ 1723.609073@1]- vdec mux clock is 499999992 Hz
07-08 17:11:22.121 D/        (    0): [ 1723.609218@1]- vdec_create instance 0000000083d0c684, total 1, PM: legacy
07-08 17:11:22.121 D/        (    0): [ 1723.609250@1]- no drmmode
07-08 17:11:22.121 I/        (    0): [ 1723.609287@1]- is_reset=0
07-08 17:11:22.121 I/        (    0): [ 1723.609314@1]- vdec_init, dev_name:ammvdec_h264, vdec_type=VDEC_TYPE_FRAME_BLOCK  id = 0
07-08 17:11:22.121 D/        (    0): [ 1723.610229@1]- ammvdec_h264_mmu_init tvp = 0x0 mmu_enable 0
07-08 17:11:22.121 D/        (    0): [ 1723.610236@1]- decoder_bmmu_box_alloc_box, tvp_flags = 0
07-08 17:11:22.121 D/[ 1723.610256@1]- 0(    0): ammvdec_h264_probe mmu_enable 0 double_write_mode 0x10
07-08 17:11:22.121 D/[ 1723.615174@3]- 0(    0): ammvdec_h264 mem-addr=0,buff_offset=583d0000,buf_start=583c0000
07-08 17:11:22.121 D/        (    0): [ 1723.615216@3]- vdec mux clock is 666666656 Hz
07-08 17:11:22.121 D/        (    0): [ 1723.615221@3]- vdec1 video changed to 3840 x 2160 60 fps clk->667MHZ
07-08 17:11:22.121 W/        (    0): [ 1723.615227@3]- H264 sysinfo: 640x360 duration=3200, pts_outside=1
07-08 17:11:22.121 D/        (    0): [ 1723.615231@3]- sync_outside=0, use_idr_framerate=0, is_used_v4l: 0
07-08 17:11:22.121 I/        (    0): [ 1723.615321@3]- [TEE], the fw (h264_multi) will be loaded.
07-08 17:11:22.122 D/        (    0): [ 1723.615871@1]- vh264_init, phy_addr=7446e000 vaddr=000000000e7b81c3
07-08 17:11:22.122 D/        (    0): [ 1723.616214@1]- vfm map vdec-map-0 created
07-08 17:11:22.122 I/[ 1723.616234@1]- reg(    0): ionvideo
07-08 17:11:22.122 D/        (    0): [ 1723.616240@1]- vdec_init, vf_provider_name = vdec.h264.00, b 0
07-08 17:11:22.135 I/        (    0): [ 1723.622676@1]- vdec->port_flag=0x102, port_flag=0x10b
07-08 17:11:22.135 D/[ 1723.625875@1]- ionvid(    0): dbg: ionvideo open
07-08 17:11:22.135 D/[ 1723.625897@1]- ionvid(    0): dbg: ionvideo: set freerun mode
07-08 17:11:22.155 D/[ 1723.647925@1]- 0(    0): AV_SCRATCH_1 = 84039828, AV_SCRATCH_2 1a023
07-08 17:11:22.157 D/[ 1723.647982@1]- 0(    0): chroma_format_idc = 1 frame_mbs_only_flag 1, crop_bottom 8,  frame_height 360,
07-08 17:11:22.157 D/[ 1723.647987@1]- 0(    0): mb_height 23,crop_right 0, frame_width 640, mb_width 40
07-08 17:11:22.157 D/[ 1723.647994@1]- 0(    0): level_idc = 30 pic_size = 353280 size = 8
07-08 17:11:22.157 D/[ 1723.647999@1]- 0(    0): Warning: max_dec_frame_buffering(4) is less than DPB size(8) calculated from Profile/Level.
07-08 17:11:22.157 D/[ 1723.648004@1]- 0(    0): mb height/widht/total: 18/28/3c0 level_idc 1e max_ref_num 4
07-08 17:11:22.158 D/[ 1723.648009@1]- 0(    0): restriction_flag=1, max_dec_frame_buffering=4, dec_dpb_size=6 num_reorder_frames 2 used_reorder_dpb_size_margin 9
07-08 17:11:22.159 D/[ 1723.648015@1]- 0(    0): vh264_set_params active_buf_spec_num 15 dec_dpb_size 6 collocate_buf_num 8
07-08 17:11:22.184 D/[ 1723.675832@1]- 0(    0): num_ref_frames change from 0 to 4
07-08 17:11:22.191 D/        (    0): [ 1723.683440@1]- cal_dur_from_pts vstatus 3203 dur3004 -> 3204, revised 3203
07-08 17:11:22.191 I/[ 1723.683667@1]- vframe_rate_uevent(    0): sent uevent FRAME_RATE_HINT=3203
07-08 17:11:22.323 I/        (    0): [ 1723.816452@3]- is_reset=1
07-08 17:11:22.323 I/[ 1723.816718@3]- vframe_rate_uevent(    0): sent uevent FRAME_RATE_HINT=0
07-08 17:11:22.337 I/[ 1723.826452@0]- unreg(    0): ionvideo
07-08 17:11:22.338 D/        (    0): [ 1723.826480@0]- vdec_disable_DMC input->target= 0x0
07-08 17:11:22.338 D/[ 1723.826599@0]- 0(    0): vh264_stop
07-08 17:11:22.339 D/        (    0): [ 1723.827534@0]- vdec_release instance 0000000083d0c684, total 1 id = 0
07-08 17:11:22.339 D/        (    0): [ 1723.827755@0]- the clk_vdec_mux    clock off, ref cnt: 0
07-08 17:11:22.339 D/        (    0): [ 1723.827765@0]- the vdec            clock off, ref cnt: 0
07-08 17:11:22.339 D/        (    0): [ 1723.827770@0]- the parser_top      clock off, ref cnt: 1
07-08 17:11:22.339 D/        (    0): [ 1723.827774@0]- the demux           clock off, ref cnt: 1
07-08 17:11:22.340 D/        (    0): [ 1723.827842@0]- the demux           clock on, ref cnt: 2
07-08 17:11:22.340 D/        (    0): [ 1723.827847@0]- the parser_top      clock on, ref cnt: 2
07-08 17:11:22.340 D/        (    0): [ 1723.827853@0]- the vdec            clock on, ref cnt: 1
07-08 17:11:22.340 D/        (    0): [ 1723.827871@0]- the clk_vdec_mux    clock on, ref cnt: 1
07-08 17:11:22.340 D/        (    0): [ 1723.827903@0]- vdec mux clock is 499999992 Hz
07-08 17:11:22.340 D/        (    0): [ 1723.828014@0]- vdec_create instance 000000005871637e, total 1, PM: legacy
07-08 17:11:22.340 D/        (    0): [ 1723.828049@0]- no drmmode
07-08 17:11:22.340 I/        (    0): [ 1723.828078@0]- is_reset=1
07-08 17:11:22.340 I/        (    0): [ 1723.828098@0]- vdec_init, dev_name:ammvdec_h264, vdec_type=VDEC_TYPE_FRAME_BLOCK  id = 0
07-08 17:11:22.340 D/        (    0): [ 1723.829004@0]- ammvdec_h264_mmu_init tvp = 0x0 mmu_enable 0
07-08 17:11:22.340 D/        (    0): [ 1723.829012@0]- decoder_bmmu_box_alloc_box, tvp_flags = 0
07-08 17:11:22.340 D/[ 1723.829050@0]- 0(    0): ammvdec_h264_probe mmu_enable 0 double_write_mode 0x10
07-08 17:11:22.340 D/[ 1723.830074@1]- 0(    0): ammvdec_h264 mem-addr=0,buff_offset=583d0000,buf_start=583c0000
07-08 17:11:22.340 D/        (    0): [ 1723.830116@1]- vdec mux clock is 666666656 Hz
07-08 17:11:22.340 D/        (    0): [ 1723.830121@1]- vdec1 video changed to 3840 x 2160 60 fps clk->667MHZ
07-08 17:11:22.340 W/        (    0): [ 1723.830127@1]- H264 sysinfo: 640x360 duration=3200, pts_outside=1
07-08 17:11:22.340 D/        (    0): [ 1723.830131@1]- sync_outside=0, use_idr_framerate=0, is_used_v4l: 0
07-08 17:11:22.340 I/        (    0): [ 1723.830220@1]- [TEE], the fw (h264_multi) will be loaded.
07-08 17:11:22.340 D/        (    0): [ 1723.830315@1]- vh264_init, phy_addr=7446e000 vaddr=00000000bb1af6e7
07-08 17:11:22.340 D/        (    0): [ 1723.830503@1]- vfm map vdec-map-0 created
07-08 17:11:22.340 I/[ 1723.830522@1]- reg(    0): ionvideo
07-08 17:11:22.340 D/        (    0): [ 1723.830527@1]- vdec_init, vf_provider_name = vdec.h264.00, b 0
07-08 17:11:22.340 I/        (    0): [ 1723.831108@1]- vdec->port_flag=0x102, port_flag=0x10b
07-08 17:11:22.340 I/        (    0): [ 1723.831648@1]- is_reset=0
07-08 17:11:22.370 I/[ 1723.861249@1]- vframe_rate_uevent(    0): sent uevent FRAME_RATE_HINT=0
07-08 17:11:22.380 I/[ 1723.871487@0]- unreg(    0): ionvideo
07-08 17:11:22.380 D/        (    0): [ 1723.871545@0]- vdec_disable_DMC input->target= 0x0
07-08 17:11:22.380 D/[ 1723.871737@0]- 0(    0): vh264_stop
07-08 17:11:22.380 D/        (    0): [ 1723.872485@0]- vdec_release instance 000000005871637e, total 1 id = 0
07-08 17:11:22.380 D/        (    0): [ 1723.872645@0]- the clk_vdec_mux    clock off, ref cnt: 0
