07-08 17:08:02.539 W/[ 1524.030534@1]- RTW(    0): fill_default_txdesc(wlan0): SP Packet(0x0806) rate=0x4 SeqNum = 3767
07-08 17:08:04.329 W/[ 1525.822763@0]- RTW(    0): Turbo EDCA =0x5ea42b
07-08 17:08:06.347 W/[ 1527.838893@2]- RTW(    0): Turbo EDCA =0x431c
07-08 17:08:10.379 W/[ 1531.870859@3]- RTW(    0): Turbo EDCA =0x5ea42b
07-08 17:08:12.392 W/[ 1533.886759@1]- RTW(    0): Turbo EDCA =0x431c
07-08 17:08:14.411 W/[ 1535.903734@2]- RTW(    0): Turbo EDCA =0x5ea42b
07-08 17:07:55.939 I/chatty  ( 3840): uid=1000(system) android.bg identical 3 lines
07-08 17:08:06.031 I/UsageStatsService( 3840): User[0] Flushing usage stats to disk
07-08 17:08:14.706 D/AutofillManagerService( 3840): onBackKeyPressed()
07-08 17:08:14.731 I/        (    0): [ 1536.223289@2]- is_reset=1
07-08 17:08:14.731 I/[ 1536.223576@2]- vframe_rate_uevent(    0): sent uevent FRAME_RATE_HINT=0
07-08 17:08:14.731 I/[ 1536.224730@2]- dim(    0): ch[1]:di_receiver_event_fun,1:_UNREG
07-08 17:08:14.731 E/[ 1536.224791@2]- unreg(    0): v4lvideo
07-08 17:08:14.731 I/[ 1536.224857@3]- dim(    0): unreg:2keep[8], msk:[0x0,0x0]
07-08 17:08:14.743 I/[ 1536.236472@1]- dim(    0): unreg:use[12]ms
07-08 17:08:14.744 D/        (    0): [ 1536.236499@1]- vdec_disable_DMC input->target= 0x1
07-08 17:08:14.744 D/        (    0): [ 1536.237504@3]- vdec_release instance 00000000e813c37f, total 1 id = 0
07-08 17:08:14.744 D/        (    0): [ 1536.237588@3]- the clk_hevc_mux    clock off, ref cnt: 0
07-08 17:08:14.744 D/        (    0): [ 1536.237594@3]- the clk_hevcb_mux   clock off, ref cnt: 0
07-08 17:08:14.744 D/        (    0): [ 1536.237603@3]- the vdec            clock off, ref cnt: 0
07-08 17:08:14.744 D/        (    0): [ 1536.237607@3]- the parser_top      clock off, ref cnt: 1
07-08 17:08:14.744 D/        (    0): [ 1536.237611@3]- the demux           clock off, ref cnt: 1
07-08 17:08:14.744 D/        (    0): [ 1536.238057@3]- the demux           clock on, ref cnt: 2
07-08 17:08:14.744 D/        (    0): [ 1536.238065@3]- the parser_top      clock on, ref cnt: 2
07-08 17:08:14.744 D/        (    0): [ 1536.238073@3]- the vdec            clock on, ref cnt: 1
07-08 17:08:14.744 D/        (    0): [ 1536.238096@3]- the clk_hevc_mux    clock on, ref cnt: 1
07-08 17:08:14.744 D/        (    0): [ 1536.238101@3]- the clk_hevcb_mux   clock on, ref cnt: 1
07-08 17:08:14.744 D/        (    0): [ 1536.238130@3]- hevc mux clock is 499999992 Hz
07-08 17:08:14.744 D/        (    0): [ 1536.238146@3]- hevc back mux clock is 499999992 Hz
07-08 17:08:14.744 D/        (    0): [ 1536.238242@3]- vdec_create instance 00000000251b20ab, total 1, PM: legacy
07-08 17:08:14.744 D/        (    0): [ 1536.238275@3]- set drmmode
07-08 17:08:14.744 I/        (    0): [ 1536.238312@3]- is_reset=1
07-08 17:08:14.744 I/        (    0): [ 1536.238336@3]- vdec_init, dev_name:ammvdec_h265, vdec_type=VDEC_TYPE_FRAME_BLOCK  id = 0
07-08 17:08:14.744 D/[ 1536.239038@3]- [0]pdata->config=hevc_buf_width(    0): 3840;hevc_buf_height:2160;hevc_buf_margin:7;hevc_double_write_mode:3;save_buffer_mode:0;
07-08 17:08:14.744 D/        (    0): [ 1536.239086@3]- decoder_bmmu_box_alloc_box, tvp_flags = 4
07-08 17:08:14.744 D/        (    0): [ 1536.239103@3]- [0]dynamic_buf_num_margin=9
07-08 17:08:14.744 D/        (    0): [ 1536.239107@3]- [0]double_write_mode=3
07-08 17:08:14.744 D/[ 1536.239115@3]- [0]h265(    0): pts_unstable=0
07-08 17:08:14.744 D/[ 1536.239121@3]- [0]h265(    0): ver (201602101,0) decinfo: 0x0 rate=3600
07-08 17:08:14.751 I/        (    0): [ 1536.246026@2]- [TEE], the fw (hevc_mmu) will be loaded.
07-08 17:08:14.751 D/        (    0): [ 1536.246073@2]- hevc mux clock is 666666656 Hz
07-08 17:08:14.751 D/        (    0): [ 1536.246089@2]- hevc back mux clock is 666666656 Hz
07-08 17:08:14.751 D/        (    0): [ 1536.246094@2]- hevc video changed to 3840 x 2160 60 fps clk->667MHZ
07-08 17:08:14.751 D/        (    0): [ 1536.246140@2]- vfm map vdec-map-0 created
07-08 17:08:14.751 I/[ 1536.246159@2]- dim(    0): ch[1]:di_receiver_event_fun,8:_REG
07-08 17:08:14.751 I/[ 1536.246164@2]- dim(    0): reg:vdec.h265.00[209]
07-08 17:08:14.752 I/[ 1536.246729@3]- dim(    0): reg:use[0]ms
07-08 17:08:14.752 E/[ 1536.246750@3]- reg(    0): v4lvideo
07-08 17:08:14.752 I/[ 1536.246758@3]- dim(    0): ch[1]:di_receiver_event_fun,3:_START
07-08 17:08:14.753 D/        (    0): [ 1536.246763@3]- vdec_init, vf_provider_name = vdec.h265.00, b 0
07-08 17:08:14.753 I/        (    0): [ 1536.246777@3]- vdec->port_flag=0x182, port_flag=0x18b
07-08 17:08:14.753 I/        (    0): [ 1536.246871@3]- is_reset=0
07-08 17:08:14.764 I/        (    0): [ 1536.258548@0]- is_reset=1
07-08 17:08:14.764 I/[ 1536.258810@0]- vframe_rate_uevent(    0): sent uevent FRAME_RATE_HINT=0
07-08 17:08:14.764 I/[ 1536.258865@0]- dim(    0): ch[1]:di_receiver_event_fun,1:_UNREG
07-08 17:08:14.764 E/[ 1536.258877@0]- unreg(    0): v4lvideo
07-08 17:08:14.765 I/[ 1536.259437@0]- dim(    0): unreg:use[1]ms
07-08 17:08:14.765 D/        (    0): [ 1536.259466@0]- vdec_disable_DMC input->target= 0x1
07-08 17:08:14.765 D/        (    0): [ 1536.259802@3]- vdec_release instance 00000000251b20ab, total 1 id = 0
07-08 17:08:14.765 D/        (    0): [ 1536.259843@3]- the clk_hevc_mux    clock off, ref cnt: 0
07-08 17:08:14.765 D/        (    0): [ 1536.259849@3]- the clk_hevcb_mux   clock off, ref cnt: 0
07-08 17:08:14.765 D/        (    0): [ 1536.259858@3]- the vdec            clock off, ref cnt: 0
07-08 17:08:14.765 D/        (    0): [ 1536.259862@3]- the parser_top      clock off, ref cnt: 1
07-08 17:08:14.765 D/        (    0): [ 1536.259866@3]- the demux           clock off, ref cnt: 1
07-08 17:08:14.765 D/        (    0): [ 1536.259923@3]- the demux           clock on, ref cnt: 2
07-08 17:08:14.765 D/        (    0): [ 1536.259927@3]- the parser_top      clock on, ref cnt: 2
07-08 17:08:14.765 D/        (    0): [ 1536.259934@3]- the vdec            clock on, ref cnt: 1
07-08 17:08:14.765 D/        (    0): [ 1536.259952@3]- the clk_hevc_mux    clock on, ref cnt: 1
07-08 17:08:14.766 D/        (    0): [ 1536.259956@3]- the clk_hevcb_mux   clock on, ref cnt: 1
07-08 17:08:14.766 D/        (    0): [ 1536.259986@3]- hevc mux clock is 499999992 Hz
07-08 17:08:14.766 D/        (    0): [ 1536.260000@3]- hevc back mux clock is 499999992 Hz
07-08 17:08:14.766 D/        (    0): [ 1536.260117@3]- vdec_create instance 00000000c6a67b32, total 1, PM: legacy
07-08 17:08:14.766 D/        (    0): [ 1536.260151@3]- set drmmode
07-08 17:08:14.766 I/        (    0): [ 1536.260173@3]- is_reset=1
07-08 17:08:14.766 I/        (    0): [ 1536.260198@3]- vdec_init, dev_name:ammvdec_h265, vdec_type=VDEC_TYPE_FRAME_BLOCK  id = 0
07-08 17:08:14.766 D/[ 1536.260809@3]- [0]pdata->config=hevc_buf_width(    0): 3840;hevc_buf_height:2160;hevc_buf_margin:7;hevc_double_write_mode:3;save_buffer_mode:0;
07-08 17:08:14.766 D/        (    0): [ 1536.260849@3]- decoder_bmmu_box_alloc_box, tvp_flags = 4
07-08 17:08:14.766 D/        (    0): [ 1536.260865@3]- [0]dynamic_buf_num_margin=9
07-08 17:08:14.766 D/        (    0): [ 1536.260869@3]- [0]double_write_mode=3
07-08 17:08:14.766 D/[ 1536.260877@3]- [0]h265(    0): pts_unstable=0
07-08 17:08:14.766 D/[ 1536.260882@3]- [0]h265(    0): ver (201602101,0) decinfo: 0x0 rate=3600
07-08 17:08:14.768 I/        (    0): [ 1536.261477@3]- [TEE], the fw (hevc_mmu) will be loaded.
07-08 17:08:14.768 D/        (    0): [ 1536.261520@3]- hevc mux clock is 666666656 Hz
07-08 17:08:14.768 D/        (    0): [ 1536.261536@3]- hevc back mux clock is 666666656 Hz
07-08 17:08:14.768 D/        (    0): [ 1536.261541@3]- hevc video changed to 3840 x 2160 60 fps clk->667MHZ
07-08 17:08:14.768 D/        (    0): [ 1536.261589@3]- vfm map vdec-map-0 created
07-08 17:08:14.768 I/[ 1536.261609@3]- dim(    0): ch[1]:di_receiver_event_fun,8:_REG
07-08 17:08:14.768 I/[ 1536.261613@3]- dim(    0): reg:vdec.h265.00[210]
07-08 17:08:14.768 I/[ 1536.261811@3]- dim(    0): reg:use[0]ms
07-08 17:08:14.768 E/[ 1536.261829@3]- reg(    0): v4lvideo
07-08 17:08:14.768 I/[ 1536.261836@3]- dim(    0): ch[1]:di_receiver_event_fun,3:_START
07-08 17:08:14.768 D/        (    0): [ 1536.261841@3]- vdec_init, vf_provider_name = vdec.h265.00, b 0
07-08 17:08:14.768 I/        (    0): [ 1536.261858@3]- vdec->port_flag=0x182, port_flag=0x18b
07-08 17:08:14.768 I/        (    0): [ 1536.261956@3]- is_reset=0
07-08 17:08:14.775 I/[ 1536.267644@0]- vframe_rate_uevent(    0): sent uevent FRAME_RATE_HINT=0
07-08 17:08:14.775 I/[ 1536.267771@0]- dim(    0): ch[1]:di_receiver_event_fun,1:_UNREG
07-08 17:08:14.775 E/[ 1536.267783@0]- unreg(    0): v4lvideo
07-08 17:08:14.775 I/[ 1536.268380@0]- dim(    0): unreg:use[1]ms
07-08 17:08:14.775 D/        (    0): [ 1536.268430@0]- vdec_disable_DMC input->target= 0x1
07-08 17:08:14.775 D/        (    0): [ 1536.269054@0]- vdec_release instance 00000000c6a67b32, total 1 id = 0
07-08 17:08:14.775 D/        (    0): [ 1536.269104@0]- the clk_hevc_mux    clock off, ref cnt: 0
07-08 17:08:14.776 D/        (    0): [ 1536.269110@0]- the clk_hevcb_mux   clock off, ref cnt: 0
07-08 17:08:14.776 D/        (    0): [ 1536.269119@0]- the vdec            clock off, ref cnt: 0
07-08 17:08:14.776 D/        (    0): [ 1536.269123@0]- the parser_top      clock off, ref cnt: 1
07-08 17:08:14.776 D/        (    0): [ 1536.269127@0]- the demux           clock off, ref cnt: 1
07-08 17:08:14.776 D/        (    0): [ 1536.269152@0]d v4lvideo_release_map 0 OK
07-08 17:08:14.799 I/[ 1536.290841@0]- vc(    0): [0]vc: set enable index=0, val=0
07-08 17:08:14.799 I/[ 1536.290862@0]- VID(    0): store VD0 path_id changed 2->-1
07-08 17:08:14.799 I/        (    0): [ 1536.290867@0]- dev->index =0, val=1
07-08 17:08:14.799 I/[ 1536.290871@0]- VID(    0): VD1 off
07-08 17:08:14.799 I/[ 1536.290877@0]- VID(    0): VD1 set global output as 0
07-08 17:08:14.799 I/        (    0): [ 1536.290895@0]- common_vf_unreg_provider video_render.0: vd1 used: true, vd2 used: false, black_out:0, cur_buf:00000000297045f6
07-08 17:08:14.807 I/[ 1536.302182@0]h hdmitx(    0): hdmitx_set_hdr10plus_pkt: null vsif
07-08 17:08:14.811 E/[ 1536.304212@1]- Warn(    0): TVP pool will release later.
07-08 17:08:14.812 I/        (    0): [ 1536.304230@1]- unprotect tvp 1 handle is 6
07-08 17:08:14.812 I/        (    0): [ 1536.307299@1]- tvp_user_count is 0
07-08 17:08:14.813 I/[ 1536.307307@1]- resman(    0): 71 release [tvp]
07-08 17:08:14.815 D/[ 1536.308421@3]- v4lvid(    0): dbg: vidioc_close!!!!
07-08 17:08:14.815 I/[ 1536.309626@3]- resman(    0): 69 release [codec_mm]
07-08 17:08:14.841 E/[ 1536.334638@1]- Warn(    0): TVP pool will release later.
07-08 17:08:14.867 E/[ 1536.358519@2]- Warn(    0): TVP pool will release later.
07-08 17:08:14.915 E/[ 1536.406820@3]- Warn(    0): TVP pool will release later.
07-08 17:08:14.927 E/[ 1536.419119@3]- Warn(    0): TVP pool will release later.
07-08 17:08:14.928 I/        (    0): [ 1536.419396@3]- unprotect tvp 0 handle is 5
07-08 17:08:14.942 I/        (    0): [ 1536.433309@3]- disalbe tvp
07-08 17:08:14.962 D/INSETS  ( 3840): else - Package Name ::  left : 0 right :: 0 top :: 0 bottom :: 0 dfu-right :: 1920 dfu-bottom :: 1080
07-08 17:08:16.122 I/UsageStatsService( 3840): User[0] Flushing usage stats to disk
07-08 17:08:16.252 D/AutofillManagerService( 3840): onBackKeyPressed()
07-08 17:08:16.353 W/ActivityManager( 3840): Receiver with filter android.content.IntentFilter@622ee07 already registered for pid 18405, callerPackage is com.jiotv.sonyliv
07-08 17:08:16.435 D/INSETS  ( 3840): else - Package Name ::  left : 0 right :: 0 top :: 0 bottom :: 0 dfu-right :: 1920 dfu-bottom :: 1080
07-08 17:08:17.819 D/AutofillManagerService( 3840): onBackKeyPressed()
07-08 17:08:19.558 D/INSETS  ( 3840): else - Package Name ::  left : 0 right :: 0 top :: 0 bottom :: 0 dfu-right :: 1920 dfu-bottom :: 1080
07-08 17:08:19.563 W/[ 1541.055078@3]- RTW(    0): fill_default_txdesc(wlan0): SP Packet(0x0806) rate=0x4 SeqNum = 1451
07-08 17:08:24.187 W/[ 1545.682038@1]- RTW(    0): cfg80211_rtw_scan(wlan0)
07-08 17:08:24.187 W/[ 1545.682053@1]- RTW(    0): WARN cfg80211_rtw_scan (wlan0) : scan abort!! BusyTraffic
07-08 17:08:24.808 W/[ 1546.302480@3]- RTW(    0): fill_default_txdesc(wlan0): SP Packet(0x0806) rate=0x4 SeqNum = 2025
07-08 17:08:26.221 I/UsageStatsService( 3840): User[0] Flushing usage stats to disk
07-08 17:08:26.507 W/[ 1547.998879@0]- RTW(    0): Turbo EDCA =0x431c
07-08 17:08:28.523 W/[ 1550.014730@2]- RTW(    0): Turbo EDCA =0x5ea42b
07-08 17:08:28.656 D/INSETS  ( 3840): else - Package Name ::  left : 0 right :: 0 top :: 0 bottom :: 0 dfu-right :: 1920 dfu-bottom :: 1080
07-08 17:08:28.991 I/[ 1550.485514@2]- resman(    0): 72 appname:OMX-57, type=0
07-08 17:08:29.127 I/[ 1550.620609@2]- resman(    0): 72 acquire [codec_mm], preempt yes
07-08 17:08:29.128 I/[ 1550.620620@2]- resman(    0): 72 score 60 secure no
07-08 17:08:29.128 I/[ 1550.620626@2]- resman(    0): 72 acquire [codec_mm] success
07-08 17:08:29.128 D/        (    0): [ 1550.620687@2]- the demux           clock on, ref cnt: 2
07-08 17:08:29.128 D/        (    0): [ 1550.620692@2]- the parser_top      clock on, ref cnt: 2
07-08 17:08:29.128 D/        (    0): [ 1550.620702@2]- the vdec            clock on, ref cnt: 1
07-08 17:08:29.128 D/        (    0): [ 1550.620724@2]- the clk_vdec_mux    clock on, ref cnt: 1
07-08 17:08:29.128 D/        (    0): [ 1550.620756@2]- vdec mux clock is 499999992 Hz
07-08 17:08:29.128 D/        (    0): [ 1550.620900@2]- vdec_create instance 000000006ecc774d, total 1, PM: legacy
07-08 17:08:29.128 D/        (    0): [ 1550.620938@2]- no drmmode
07-08 17:08:29.128 I/        (    0): [ 1550.620996@2]- is_reset=0
07-08 17:08:29.128 I/        (    0): [ 1550.621023@2]- vdec_init, dev_name:ammvdec_h264, vdec_type=VDEC_TYPE_FRAME_BLOCK  id = 0
07-08 17:08:29.128 D/        (    0): [ 1550.621870@2]- ammvdec_h264_mmu_init tvp = 0x0 mmu_enable 0
07-08 17:08:29.128 D/        (    0): [ 1550.621898@2]- decoder_bmmu_box_alloc_box, tvp_flags = 0
07-08 17:08:29.128 D/[ 1550.621917@2]- 0(    0): ammvdec_h264_probe mmu_enable 0 double_write_mode 0x10
07-08 17:08:29.128 D/[ 1550.622997@2]- 0(    0): ammvdec_h264 mem-addr=0,buff_offset=56c10000,buf_start=56c00000
07-08 17:08:29.129 D/        (    0): [ 1550.623036@2]- vdec mux clock is 666666656 Hz
07-08 17:08:29.130 D/        (    0): [ 1550.623042@2]- vdec1 video changed to 3840 x 2160 60 fps clk->667MHZ
07-08 17:08:29.130 W/        (    0): [ 1550.623048@2]- H264 sysinfo: 1280x720 duration=3840, pts_outside=1
07-08 17:08:29.130 D/        (    0): [ 1550.623052@2]- sync_outside=0, use_idr_framerate=0, is_used_v4l: 0
07-08 17:08:29.130 I/        (    0): [ 1550.623165@2]- [TEE], the fw (h264_multi) will be loaded.
07-08 17:08:29.131 D/        (    0): [ 1550.623592@0]- vh264_init, phy_addr=7446e000 vaddr=0000000007b0ef9d
07-08 17:08:29.131 D/        (    0): [ 1550.623768@0]- vfm map vdec-map-0 created
07-08 17:08:29.131 I/[ 1550.623788@0]- dim(    0): ch[1]:di_receiver_event_fun,8:_REG
07-08 17:08:29.131 I/[ 1550.623793@0]- dim(    0): reg:vdec.h264.00[211]
07-08 17:08:29.131 I/[ 1550.624348@2]- dim(    0): reg:use[1]ms
07-08 17:08:29.131 E/[ 1550.624373@2]- reg(    0): v4lvideo
07-08 17:08:29.131 I/[ 1550.624381@2]- dim(    0): ch[1]:di_receiver_event_fun,3:_START
07-08 17:08:29.131 D/        (    0): [ 1550.624388@2]- vdec_init, vf_provider_name = vdec.h264.00, b 0
07-08 17:08:29.131 I/        (    0): [ 1550.625155@3]- vdec->port_flag=0x102, port_flag=0x10b
07-08 17:08:29.135 D/[ 1550.628579@3]- v4lvid(    0): dbg: v4lvideo open
07-08 17:08:29.282 D/[ 1550.771423@1]- 0(    0): AV_SCRATCH_1 = 840e1050, AV_SCRATCH_2 18077
07-08 17:08:29.282 D/[ 1550.771479@1]- 0(    0): chroma_format_idc = 1 frame_mbs_only_flag 1, crop_bottom 0,  frame_height 720,
07-08 17:08:29.282 D/[ 1550.771485@1]- 0(    0): mb_height 45,crop_right 0, frame_width 1280, mb_width 80
07-08 17:08:29.282 D/[ 1550.771490@1]- 0(    0): level_idc = 31 pic_size = 1382400 size = 5
07-08 17:08:29.282 D/[ 1550.771496@1]- 0(    0): Warning: max_dec_frame_buffering(4) is less than DPB size(5) calculated from Profile/Level.
07-08 17:08:29.282 D/[ 1550.771501@1]- 0(    0): mb height/widht/total: 30/50/f00 level_idc 1f max_ref_num 4
07-08 17:08:29.282 D/[ 1550.771506@1]- 0(    0): restriction_flag=1, max_dec_frame_buffering=4, dec_dpb_size=6 num_reorder_frames 2 used_reorder_dpb_size_margin 9
07-08 17:08:29.287 D/[ 1550.771512@1]- 0(    0): vh264_set_params active_buf_spec_num 15 dec_dpb_size 6 collocate_buf_num 8
07-08 17:08:29.299 D/[ 1550.791415@0]- 0(    0): num_ref_frames change from 0 to 4
07-08 17:08:29.304 I/[ 1550.794832@3]- dim(    0): value reg:ch[1]:fix_buf:0;ponly <0,0>
07-08 17:08:29.304 I/[ 1550.794847@3]- dim(    0): 1280x720-0x9000.
07-08 17:08:29.304 I/[ 1550.795498@2]- v4lvideo(    0): provider name: vdec.h264.00
07-08 17:08:29.315 D/        (    0): [ 1550.809644@1]- cal_dur_from_pts vstatus 3840 dur3600 -> 3840, revised 3840
07-08 17:08:29.316 I/[ 1550.809887@1]- vframe_rate_uevent(    0): sent uevent FRAME_RATE_HINT=3840
07-08 17:08:29.498 I/[ 1550.987891@1]- VID(    0): VD1 off
07-08 17:08:29.515 I/[ 1550.988015@1]- vc(    0): [0]vc: set enable index=0, val=1
07-08 17:08:29.515 I/        (    0): [ 1550.988033@1]- dev->index =0, val=2
07-08 17:08:29.515 I/[ 1550.988037@1]- VID(    0): VD1 off
07-08 17:08:29.515 I/[ 1550.988043@1]- VID(    0): VD1 set global output as 1
07-08 17:08:29.519 I/[ 1550.988073@1]- VID(    0): store VD0 path_id changed -1->2
07-08 17:08:29.519 I/[ 1550.988094@1]- vc(    0): [0]sideband_type =-1
07-08 17:08:29.624 W/[ 1551.116593@2]s RTW(    0): fill_default_txdesc(wlan0): SP Packet(0x0806) rate=0x4 SeqNum = 3219
07-08 17:08:30.540 W/[ 1552.030759@0]- RTW(    0): Turbo EDCA =0x431c
07-08 17:08:34.532 D/INSETS  ( 3840): else - Package Name ::  left : 0 right :: 0 top :: 0 bottom :: 0 dfu-right :: 1920 dfu-bottom :: 1080
07-08 17:08:36.326 I/UsageStatsService( 3840): User[0] Flushing usage stats to disk
07-08 17:08:40.619 W/[ 1562.110875@3]- RTW(    0): Turbo EDCA =0x5ea42b
07-08 17:08:42.635 W/[ 1564.126721@1]- RTW(    0): Turbo EDCA =0x431c
07-08 17:08:42.987 W/[ 1564.478514@1]- RTW(    0): fill_default_txdesc(wlan0): SP Packet(0x0806) rate=0x4 SeqNum = 593
07-08 17:08:44.135 D/[ 1565.628797@2]- 0(    0): h264_reconfig
07-08 17:08:44.136 D/[ 1565.629052@2]- 0(    0): AV_SCRATCH_1 = 8407f83c, AV_SCRATCH_2 18077
07-08 17:08:44.136 D/[ 1565.629102@2]- 0(    0): chroma_format_idc = 1 frame_mbs_only_flag 1, crop_bottom 4,  frame_height 540,
07-08 17:08:44.136 D/[ 1565.629108@2]- 0(    0): mb_height 34,crop_right 0, frame_width 960, mb_width 60
07-08 17:08:44.136 D/[ 1565.629115@2]- 0(    0): level_idc = 31 pic_size = 783360 size = 8
07-08 17:08:44.136 D/[ 1565.629121@2]- 0(    0): Warning: max_dec_frame_buffering(4) is less than DPB size(8) calculated from Profile/Level.
07-08 17:08:44.136 D/[ 1565.629127@2]- 0(    0): mb height/widht/total: 24/3c/870 level_idc 1f max_ref_num 4
07-08 17:08:44.136 D/[ 1565.629134@2]- 0(    0): restriction_flag=1, max_dec_frame_buffering=4, dec_dpb_size=6 num_reorder_frames 2 used_reorder_dpb_size_margin 9
07-08 17:08:44.136 D/[ 1565.629141@2]- 0(    0): vh264_set_params active_buf_spec_num 15 dec_dpb_size 6 collocate_buf_num 8
07-08 17:08:44.136 D/[ 1565.630571@2]- 0(    0): num_ref_frames change from 0 to 4
07-08 17:08:44.650 W/[ 1566.142811@3]- RTW(    0): Turbo EDCA =0x5ea42b
07-08 17:08:46.671 W/[ 1568.162789@1]- RTW(    0): Turbo EDCA =0x431c
07-08 17:08:46.790 W/[ 1568.282853@2]- healthd(    0): battery l=100 v=4 t=0.0 h=2 st=2 c=1100 fc=10000000 chg=u
07-08 17:08:48.135 D/[ 1569.627888@2]- 0(    0): h264_reconfig
07-08 17:08:48.136 D/[ 1569.628136@2]- 0(    0): AV_SCRATCH_1 = 840e1050, AV_SCRATCH_2 18077
07-08 17:08:48.136 D/[ 1569.628190@2]- 0(    0): chroma_format_idc = 1 frame_mbs_only_flag 1, crop_bottom 0,  frame_height 720,
07-08 17:08:48.136 D/[ 1569.628199@2]- 0(    0): mb_height 45,crop_right 0, frame_width 1280, mb_width 80
07-08 17:08:48.136 D/[ 1569.628209@2]- 0(    0): level_idc = 31 pic_size = 1382400 size = 5
07-08 17:08:48.136 D/[ 1569.628216@2]- 0(    0): Warning: max_dec_frame_buffering(4) is less than DPB size(5) calculated from Profile/Level.
07-08 17:08:48.136 D/[ 1569.628225@2]- 0(    0): mb height/widht/total: 30/50/f00 level_idc 1f max_ref_num 4
07-08 17:08:48.136 D/[ 1569.628234@2]- 0(    0): restriction_flag=1, max_dec_frame_buffering=4, dec_dpb_size=6 num_reorder_frames 2 used_reorder_dpb_size_margin 9
07-08 17:08:48.136 D/[ 1569.628243@2]- 0(    0): vh264_set_params active_buf_spec_num 15 dec_dpb_size 6 collocate_buf_num 8
07-08 17:08:48.136 D/[ 1569.630573@2]- 0(    0): num_ref_frames change from 0 to 4
07-08 17:08:48.683 W/[ 1570.175056@3]- RTW(    0): Turbo EDCA =0x5ea42b
07-08 17:08:50.699 W/[ 1572.190955@1]- RTW(    0): Turbo EDCA =0x431c
07-08 17:08:52.119 D/[ 1573.613304@2]- 0(    0): h264_reconfig
07-08 17:08:52.119 D/[ 1573.613566@2]- 0(    0): AV_SCRATCH_1 = 841fe078, AV_SCRATCH_2 18077
07-08 17:08:52.119 D/[ 1573.613616@2]- 0(    0): chroma_format_idc = 1 frame_mbs_only_flag 1, crop_bottom 8,  frame_height 1080,
07-08 17:08:52.120 D/[ 1573.613622@2]- 0(    0): mb_height 68,crop_right 0, frame_width 1920, mb_width 120
07-08 17:08:52.120 D/[ 1573.613629@2]- 0(    0): level_idc = 40 pic_size = 3133440 size = 4
07-08 17:08:52.120 D/[ 1573.613636@2]- 0(    0): mb height/widht/total: 44/78/1fe0 level_idc 28 max_ref_num 4
07-08 17:08:52.120 D/[ 1573.613643@2]- 0(    0): restriction_flag=1, max_dec_frame_buffering=4, dec_dpb_size=6 num_reorder_frames 2 used_reorder_dpb_size_margin 9
07-08 17:08:52.120 D/[ 1573.613649@2]- 0(    0): vh264_set_params active_buf_spec_num 15 dec_dpb_size 6 collocate_buf_num 8
07-08 17:08:52.123 D/[ 1573.617630@2]- 0(    0): num_ref_frames change from 0 to 4
07-08 17:08:52.666 W/[ 1574.159268@1]- RTW(    0): fill_default_txdesc(wlan0): SP Packet(0x0806) rate=0x4 SeqNum = 1282
07-08 17:08:52.715 W/[ 1574.206668@1]- RTW(    0): fill_default_txdesc(wlan0): SP Packet(0x0806) rate=0x4 SeqNum = 1286
07-08 17:08:52.716 W/[ 1574.207011@1]- RTW(    0): Turbo EDCA =0x5ea42b
07-08 17:08:54.729 W/[ 1576.222706@1]- RTW(    0): Turbo EDCA =0x431c
07-08 17:08:55.091 W/[ 1576.585626@3]- audit(    0): audit_lost=1018 audit_rate_limit=5 audit_backlog_limit=64
07-08 17:08:55.091 E/[ 1576.585634@3]- audit(    0): rate limit exceeded
07-08 17:08:56.747 W/[ 1578.238715@1]- RTW(    0): Turbo EDCA =0x5ea42b
07-08 17:08:58.763 W/[ 1580.254707@1]- RTW(    0): Turbo EDCA =0x431c
07-08 17:09:00.779 W/[ 1582.270740@2]- RTW(    0): Turbo EDCA =0x5ea42b
07-08 17:09:02.795 W/[ 1584.286785@2]- RTW(    0): Turbo EDCA =0x431c
07-08 17:09:04.811 W/[ 1586.302863@1]- RTW(    0): Turbo EDCA =0x5ea42b
07-08 17:09:06.824 W/[ 1588.319507@3]- RTW(    0): Turbo EDCA =0x431c
07-08 17:09:08.841 W/[ 1590.334806@2]- RTW(    0): Turbo EDCA =0x5ea42b
07-08 17:09:10.863 W/[ 1592.354873@2]- RTW(    0): Turbo EDCA =0x431c
07-08 17:09:12.875 W/[ 1594.366783@2]- RTW(    0): Turbo EDCA =0x5ea42b
07-08 17:09:13.451 W/[ 1594.944677@2]- RTW(    0): fill_default_txdesc(wlan0): SP Packet(0x0806) rate=0x4 SeqNum = 2718
07-08 17:09:14.891 W/[ 1596.382967@2]- RTW(    0): Turbo EDCA =0x431c
07-08 17:09:16.906 W/[ 1598.398820@1]- RTW(    0): Turbo EDCA =0x5ea42b
07-08 17:09:18.923 W/[ 1600.414763@1]- RTW(    0): Turbo EDCA =0x431c
07-08 17:09:20.455 W/[ 1601.949529@1]- RTW(    0): fill_default_txdesc(wlan0): SP Packet(0x0806) rate=0x4 SeqNum = 3152
07-08 17:09:20.619 W/[ 1602.110532@1]- RTW(    0): fill_default_txdesc(wlan0): SP Packet(0x0806) rate=0x4 SeqNum = 3171
07-08 17:09:20.939 W/[ 1602.431056@1]- RTW(    0): Turbo EDCA =0x5ea42b
07-08 17:09:22.955 W/[ 1604.447329@1]- RTW(    0): Turbo EDCA =0x431c
07-08 17:09:24.968 W/[ 1606.462766@2]- RTW(    0): Turbo EDCA =0x5ea42b
07-08 17:09:26.987 W/[ 1608.478760@3]- RTW(    0): Turbo EDCA =0x431c
07-08 17:09:29.003 W/[ 1610.494750@1]- RTW(    0): Turbo EDCA =0x5ea42b
07-08 17:09:16.713 I/chatty  ( 3840): uid=1000(system) android.bg identical 4 lines
07-08 17:09:26.821 I/UsageStatsService( 3840): User[0] Flushing usage stats to disk
07-08 17:09:30.478 D/AutofillManagerService( 3840): onBackKeyPressed()
07-08 17:09:30.507 I/        (    0): [ 1611.998534@2]- is_reset=1
07-08 17:09:30.507 I/[ 1612.000281@2]- vframe_rate_uevent(    0): sent uevent FRAME_RATE_HINT=0
07-08 17:09:30.507 I/[ 1612.001977@3]- dim(    0): ch[1]:di_receiver_event_fun,1:_UNREG
07-08 17:09:30.507 E/[ 1612.002018@3]- unreg(    0): v4lvideo
07-08 17:09:30.507 I/[ 1612.002079@3]- dim(    0): unreg:2keep[8], msk:[0x0,0x0]
07-08 17:09:30.519 I/[ 1612.014024@3]- dim(    0): unreg:use[12]ms
07-08 17:09:30.519 D/        (    0): [ 1612.014051@3]- vdec_disable_DMC input->target= 0x0
07-08 17:09:30.519 D/[ 1612.014189@3]- 0(    0): vh264_stop
07-08 17:09:30.523 D/        (    0): [ 1612.016124@3]- vdec_release instance 000000006ecc774d, total 1 id = 0
07-08 17:09:30.524 D/        (    0): [ 1612.016326@3]- the clk_vdec_mux    clock off, ref cnt: 0
07-08 17:09:30.524 D/        (    0): [ 1612.016336@3]- the vdec            clock off, ref cnt: 0
07-08 17:09:30.524 D/        (    0): [ 1612.016340@3]- the parser_top      clock off, ref cnt: 1
07-08 17:09:30.524 D/        (    0): [ 1612.016344@3]- the demux           clock off, ref cnt: 1
07-08 17:09:30.524 D/        (    0): [ 1612.016453@3]- the demux           clock on, ref cnt: 2
07-08 17:09:30.524 D/        (    0): [ 1612.016458@3]- the parser_top      clock on, ref cnt: 2
07-08 17:09:30.524 D/        (    0): [ 1612.016465@3]- the vdec            clock on, ref cnt: 1
07-08 17:09:30.524 D/        (    0): [ 1612.016485@3]- the clk_vdec_mux    clock on, ref cnt: 1
07-08 17:09:30.524 D/        (    0): [ 1612.016516@3]- vdec mux clock is 499999992 Hz
07-08 17:09:30.524 D/        (    0): [ 1612.016600@3]- vdec_create instance 00000000c622a47a, total 1, PM: legacy
07-08 17:09:30.524 D/        (    0): [ 1612.016637@3]- no drmmode
07-08 17:09:30.524 I/        (    0): [ 1612.016695@3]- is_reset=1
07-08 17:09:30.524 I/        (    0): [ 1612.016720@3]- vdec_init, dev_name:ammvdec_h264, vdec_type=VDEC_TYPE_FRAME_BLOCK  id = 0
07-08 17:09:30.524 D/        (    0): [ 1612.017689@3]- ammvdec_h264_mmu_init tvp = 0x0 mmu_enable 0
07-08 17:09:30.524 D/        (    0): [ 1612.017697@3]- decoder_bmmu_box_alloc_box, tvp_flags = 0
07-08 17:09:30.524 D/[ 1612.017716@3]- 0(    0): ammvdec_h264_probe mmu_enable 0 double_write_mode 0x10
07-08 17:09:30.524 D/[ 1612.018996@3]- 0(    0): ammvdec_h264 mem-addr=0,buff_offset=56c10000,buf_start=56c00000
07-08 17:09:30.524 D/        (    0): [ 1612.019038@3]- vdec mux clock is 666666656 Hz
07-08 17:09:30.524 D/        (    0): [ 1612.019043@3]- vdec1 video changed to 3840 x 2160 60 fps clk->667MHZ
07-08 17:09:30.524 W/        (    0): [ 1612.019049@3]- H264 sysinfo: 1280x720 duration=3840, pts_outside=1
07-08 17:09:30.524 D/        (    0): [ 1612.019053@3]- sync_outside=0, use_idr_framerate=0, is_used_v4l: 0
07-08 17:09:30.524 I/        (    0): [ 1612.019185@3]- [TEE], the fw (h264_multi) will be loaded.
07-08 17:09:30.525 D/        (    0): [ 1612.019300@3]- vh264_init, phy_addr=7446e000 vaddr=00000000a5772ddf
07-08 17:09:30.525 D/        (    0): [ 1612.019558@3]- vfm map vdec-map-0 created
07-08 17:09:30.525 I/[ 1612.019578@3]- dim(    0): ch[1]:di_receiver_event_fun,8:_REG
07-08 17:09:30.525 I/[ 1612.019583@3]- dim(    0): reg:vdec.h264.00[212]
07-08 17:09:30.525 I/[ 1612.019681@3]- dim(    0): reg:use[0]ms
07-08 17:09:30.525 E/[ 1612.019695@3]- reg(    0): v4lvideo
07-08 17:09:30.525 I/[ 1612.019702@3]- dim(    0): ch[1]:di_receiver_event_fun,3:_START
07-08 17:09:30.525 D/        (    0): [ 1612.019706@3]- vdec_init, vf_provider_name = vdec.h264.00, b 0
07-08 17:09:30.528 I/        (    0): [ 1612.020351@3]- vdec->port_flag=0x102, port_flag=0x10b
07-08 17:09:30.528 I/        (    0): [ 1612.020446@3]- is_reset=0
07-08 17:09:30.539 I/        (    0): [ 1612.030670@1]- is_reset=1
07-08 17:09:30.540 I/[ 1612.031022@1]- vframe_rate_uevent(    0): sent uevent FRAME_RATE_HINT=0
07-08 17:09:30.540 I/[ 1612.031166@1]- dim(    0): ch[1]:di_receiver_event_fun,1:_UNREG
07-08 17:09:30.540 E/[ 1612.031179@1]- unreg(    0): v4lvideo
07-08 17:09:30.540 I/[ 1612.031736@1]- dim(    0): unreg:use[0]ms
07-08 17:09:30.540 D/        (    0): [ 1612.031764@1]- vdec_disable_DMC input->target= 0x0
07-08 17:09:30.540 D/[ 1612.031871@1]- 0(    0): vh264_stop
07-08 17:09:30.540 D/        (    0): [ 1612.032309@1]- vdec_release instance 00000000c622a47a, total 1 id = 0
07-08 17:09:30.540 D/        (    0): [ 1612.032473@1]- the clk_vdec_mux    clock off, ref cnt: 0
07-08 17:09:30.540 D/        (    0): [ 1612.032482@1]- the vdec            clock off, ref cnt: 0
07-08 17:09:30.540 D/        (    0): [ 1612.032487@1]- the parser_top      clock off, ref cnt: 1
07-08 17:09:30.540 D/        (    0): [ 1612.032490@1]- the demux           clock off, ref cnt: 1
07-08 17:09:30.540 D/        (    0): [ 1612.032557@1]- the demux           clock on, ref cnt: 2
07-08 17:09:30.540 D/        (    0): [ 1612.032561@1]- the parser_top      clock on, ref cnt: 2
07-08 17:09:30.540 D/        (    0): [ 1612.032568@1]- the vdec            clock on, ref cnt: 1
07-08 17:09:30.540 D/        (    0): [ 1612.032587@1]- the clk_vdec_mux    clock on, ref cnt: 1
07-08 17:09:30.540 D/        (    0): [ 1612.032618@1]- vdec mux clock is 499999992 Hz
07-08 17:09:30.540 D/        (    0): [ 1612.032776@1]- vdec_create instance 000000005ff20643, total 1, PM: legacy
07-08 17:09:30.540 D/        (    0): [ 1612.032818@1]- no drmmode
07-08 17:09:30.540 I/        (    0): [ 1612.032850@1]- is_reset=1
07-08 17:09:30.540 I/        (    0): [ 1612.032875@1]- vdec_init, dev_name:ammvdec_h264, vdec_type=VDEC_TYPE_FRAME_BLOCK  id = 0
07-08 17:09:30.540 D/        (    0): [ 1612.033671@1]- ammvdec_h264_mmu_init tvp = 0x0 mmu_enable 0
07-08 17:09:30.540 D/        (    0): [ 1612.033678@1]- decoder_bmmu_box_alloc_box, tvp_flags = 0
07-08 17:09:30.540 D/[ 1612.033697@1]- 0(    0): ammvdec_h264_probe mmu_enable 0 double_write_mode 0x10
07-08 17:09:30.541 D/[ 1612.035150@1]- 0(    0): ammvdec_h264 mem-addr=0,buff_offset=56c10000,buf_start=56c00000
07-08 17:09:30.541 D/        (    0): [ 1612.035194@1]- vdec mux clock is 666666656 Hz
07-08 17:09:30.541 D/        (    0): [ 1612.035199@1]- vdec1 video changed to 3840 x 2160 60 fps clk->667MHZ
07-08 17:09:30.541 W/        (    0): [ 1612.035205@1]- H264 sysinfo: 1280x720 duration=3840, pts_outside=1
07-08 17:09:30.541 D/        (    0): [ 1612.035209@1]- sync_outside=0, use_idr_framerate=0, is_used_v4l: 0
07-08 17:09:30.541 I/        (    0): [ 1612.035344@1]- [TEE], the fw (h264_multi) will be loaded.
07-08 17:09:30.541 D/        (    0): [ 1612.035768@3]- vh264_init, phy_addr=7446e000 vaddr=000000004201642a
07-08 17:09:30.543 D/        (    0): [ 1612.035920@3]- vfm map vdec-map-0 created
07-08 17:09:30.543 I/[ 1612.035943@3]- dim(    0): ch[1]:di_receiver_event_fun,8:_REG
07-08 17:09:30.543 I/[ 1612.035948@3]- dim(    0): reg:vdec.h264.00[213]
07-08 17:09:30.543 I/[ 1612.036045@3]- dim(    0): reg:use[1]ms
07-08 17:09:30.543 E/[ 1612.036060@3]- reg(    0): v4lvideo
07-08 17:09:30.543 I/[ 1612.036066@3]- dim(    0): ch[1]:di_receiver_event_fun,3:_START
07-08 17:09:30.543 D/        (    0): [ 1612.036070@3]- vdec_init, vf_provider_name = vdec.h264.00, b 0
07-08 17:09:30.543 I/        (    0): [ 1612.036642@3]- vdec->port_flag=0x102, port_flag=0x10b
07-08 17:09:30.543 I/        (    0): [ 1612.036740@3]- is_reset=0
07-08 17:09:30.552 I/[ 1612.044588@3]- vframe_rate_uevent(    0): sent uevent FRAME_RATE_HINT=0
07-08 17:09:30.552 I/[ 1612.044641@3]- dim(    0): ch[1]:di_receiver_event_fun,1:_UNREG
07-08 17:09:30.552 E/[ 1612.044653@3]- unreg(    0): v4lvideo
07-08 17:09:30.552 I/[ 1612.044710@3]- dim(    0): unreg:use[0]ms
07-08 17:09:30.552 D/        (    0): [ 1612.044728@3]- vdec_disable_DMC input->target= 0x0
07-08 17:09:30.552 D/[ 1612.044846@3]- 0(    0): vh264_stop
07-08 17:09:30.552 D/        (    0): [ 1612.045283@3]- vdec_release instance 000000005ff20643, total 1 id = 0
07-08 17:09:30.552 D/        (    0): [ 1612.045460@3]- the clk_vdec_mux    clock off, ref cnt: 0
07-08 17:09:30.552 D/        (    0): [ 1612.045470@3]- the vdec            clock off, ref cnt: 0
07-08 17:09:30.552 D/        (    0): [ 1612.045474@3]- the parser_top      clock off, ref cnt: 1
07-08 17:09:30.552 D/        (    0): [ 1612.045478@3]- the demux           clock off, ref cnt: 1
07-08 17:09:30.552 D/        (    0): [ 1612.045497@3]d v4lvideo_release_map 0 OK
07-08 17:09:30.552 D/[ 1612.045598@3]- v4lvid(    0): dbg: vidioc_close!!!!
07-08 17:09:30.552 I/[ 1612.047087@3]- resman(    0): 72 release [codec_mm]
07-08 17:09:30.688 D/INSETS  ( 3840): else - Package Name ::  left : 0 right :: 0 top :: 0 bottom :: 0 dfu-right :: 1920 dfu-bottom :: 1080
07-08 17:09:30.855 I/[ 1612.349084@2]- vc(    0): [0]vc: set enable index=0, val=0
07-08 17:09:30.861 I/[ 1612.349106@2]- VID(    0): store VD0 path_id changed 2->-1
07-08 17:09:30.861 I/        (    0): [ 1612.349111@2]- dev->index =0, val=1
07-08 17:09:30.861 I/[ 1612.349115@2]- VID(    0): VD1 off
07-08 17:09:30.861 I/[ 1612.349121@2]- VID(    0): VD1 set global output as 0
07-08 17:09:30.862 I/        (    0): [ 1612.349137@2]- common_vf_unreg_provider video_render.0: vd1 used: true, vd2 used: false, black_out:0, cur_buf:00000000297045f6
07-08 17:09:31.715 W/[ 1613.207858@2]- RTW(    0): fill_default_txdesc(wlan0): SP Packet(0x0806) rate=0x4 SeqNum = 59
07-08 17:09:32.484 D/AutofillManagerService( 3840): onBackKeyPressed()
07-08 17:09:32.592 W/ActivityManager( 3840): Receiver with filter android.content.IntentFilter@f0528c7 already registered for pid 18405, callerPackage is com.jiotv.sonyliv
07-08 17:09:32.614 W/[ 1614.106349@0]- RTW(    0): fill_default_txdesc(wlan0): SP Packet(0x0806) rate=0x4 SeqNum = 311
07-08 17:09:32.677 D/INSETS  ( 3840): else - Package Name ::  left : 0 right :: 0 top :: 0 bottom :: 0 dfu-right :: 1920 dfu-bottom :: 1080
07-08 17:09:33.035 W/[ 1614.526804@2]- RTW(    0): Turbo EDCA =0x431c
07-08 17:09:34.065 D/AutofillManagerService( 3840): onBackKeyPressed()
07-08 17:09:35.051 W/[ 1616.542725@2]- RTW(    0): Turbo EDCA =0x5ea42b
07-08 17:09:35.838 D/INSETS  ( 3840): else - Package Name ::  left : 0 right :: 0 top :: 0 bottom :: 0 dfu-right :: 1920 dfu-bottom :: 1080
07-08 17:09:36.912 I/UsageStatsService( 3840): User[0] Flushing usage stats to disk
07-08 17:09:43.115 W/[ 1624.606798@0]- RTW(    0): Turbo EDCA =0x431c
07-08 17:09:43.801 D/INSETS  ( 3840): else - Package Name ::  left : 0 right :: 0 top :: 0 bottom :: 0 dfu-right :: 1920 dfu-bottom :: 1080
07-08 17:09:44.359 I/[ 1625.853997@2]- resman(    0): 73 appname:OMX-58, type=0
07-08 17:09:44.427 I/[ 1625.915386@2]- resman(    0): 73 acquire [codec_mm], preempt yes
07-08 17:09:44.427 I/[ 1625.915397@2]- resman(    0): 73 score 236 secure yes
07-08 17:09:44.427 I/[ 1625.915402@2]- resman(    0): 73 acquire [codec_mm] success
07-08 17:09:44.427 I/[ 1625.915807@2]- resman(    0): 75 appname:secmem, type=3
07-08 17:09:44.427 I/[ 1625.917531@2]- resman(    0): 75 acquire [tvp], preempt yes
07-08 17:09:44.440 I/        (    0): [ 1625.930717@2]- protect tvp 0 5 ret 0 56c00000 4ea0000
07-08 17:09:44.440 I/        (    0): [ 1625.930727@2]- enable tvp for 2
07-08 17:09:44.440 I/        (    0): [ 1625.930731@2]- tvp_user_count is 1
07-08 17:09:44.440 I/[ 1625.930738@2]- resman(    0): 75 acquire [tvp] success
07-08 17:09:44.505 D/        (    0): [ 1625.993928@2]- the demux           clock on, ref cnt: 2
07-08 17:09:44.505 D/        (    0): [ 1625.993939@2]- the parser_top      clock on, ref cnt: 2
07-08 17:09:44.505 D/        (    0): [ 1625.993950@2]- the vdec            clock on, ref cnt: 1
07-08 17:09:44.505 D/        (    0): [ 1625.993973@2]- the clk_hevc_mux    clock on, ref cnt: 1
07-08 17:09:44.505 D/        (    0): [ 1625.993979@2]- the clk_hevcb_mux   clock on, ref cnt: 1
07-08 17:09:44.505 D/        (    0): [ 1625.994016@2]- hevc mux clock is 499999992 Hz
07-08 17:09:44.505 D/        (    0): [ 1625.994032@2]- hevc back mux clock is 499999992 Hz
07-08 17:09:44.505 D/        (    0): [ 1625.994169@2]- vdec_create instance 00000000984b4557, total 1, PM: legacy
07-08 17:09:44.505 D/        (    0): [ 1625.994214@2]- set drmmode
07-08 17:09:44.505 I/        (    0): [ 1625.994281@2]- is_reset=0
07-08 17:09:44.505 I/        (    0): [ 1625.994311@2]- vdec_init, dev_name:ammvdec_h265, vdec_type=VDEC_TYPE_FRAME_BLOCK  id = 0
07-08 17:09:44.505 D/[ 1625.995863@2]- [0]pdata->config=hevc_buf_width(    0): 3840;hevc_buf_height:2160;hevc_buf_margin:7;hevc_double_write_mode:3;save_buffer_mode:0;
07-08 17:09:44.505 D/        (    0): [ 1625.995920@2]- decoder_bmmu_box_alloc_box, tvp_flags = 4
07-08 17:09:44.505 D/        (    0): [ 1625.995941@2]- [0]dynamic_buf_num_margin=9
07-08 17:09:44.505 D/        (    0): [ 1625.995944@2]- [0]double_write_mode=3
07-08 17:09:44.505 D/[ 1625.995954@2]- [0]h265(    0): pts_unstable=0
07-08 17:09:44.505 D/[ 1625.995960@2]- [0]h265(    0): ver (201602101,0) decinfo: 0x0 rate=3600
07-08 17:09:44.505 I/        (    0): [ 1625.999269@1]- [TEE], the fw (hevc_mmu) will be loaded.
07-08 17:09:44.505 D/        (    0): [ 1625.999316@1]- hevc mux clock is 666666656 Hz
07-08 17:09:44.505 D/        (    0): [ 1625.999332@1]- hevc back mux clock is 666666656 Hz
07-08 17:09:44.505 D/        (    0): [ 1625.999337@1]- hevc video changed to 3840 x 2160 60 fps clk->667MHZ
07-08 17:09:44.505 D/        (    0): [ 1625.999380@1]- vfm map vdec-map-0 created
07-08 17:09:44.505 I/[ 1625.999398@1]- dim(    0): ch[1]:di_receiver_event_fun,8:_REG
07-08 17:09:44.505 I/[ 1625.999403@1]- dim(    0): reg:vdec.h265.00[214]
07-08 17:09:44.505 I/[ 1626.000061@2]- dim(    0): reg:use[1]ms
07-08 17:09:44.505 E/[ 1626.000087@2]- reg(    0): v4lvideo
07-08 17:09:44.505 I/[ 1626.000095@2]- dim(    0): ch[1]:di_receiver_event_fun,3:_START
07-08 17:09:44.506 D/        (    0): [ 1626.000102@2]- vdec_init, vf_provider_name = vdec.h265.00, b 0
07-08 17:09:44.506 I/        (    0): [ 1626.000136@2]- vdec->port_flag=0x182, port_flag=0x18b
07-08 17:09:44.541 D/[ 1626.002876@2]- v4lvid(    0): dbg: v4lvideo open
07-08 17:09:44.756 D/        (    0): [ 1626.248917@2]- [0]vh265 cached=12288  need_size=16384 speed= 252 ms
07-08 17:09:44.756 D/        (    0): [ 1626.249541@2]- [0]Bit depth luma = 10
07-08 17:09:44.756 D/        (    0): [ 1626.249548@2]- [0]Bit depth chroma = 10
07-08 17:09:44.756 D/        (    0): [ 1626.249571@2]- [0]hevc->performance_profile 0
07-08 17:09:44.756 D/        (    0): [ 1626.249587@2]- [0]set pic_list_init_flag 1
07-08 17:09:44.756 D/        (    0): [ 1626.250811@0]- [0]init_buf_spec2 1920 1080
07-08 17:09:44.756 D/        (    0): [ 1626.250818@0]- [0]set pic_list_init_flag to 2
07-08 17:09:44.756 D/        (    0): [ 1626.250855@2]- [0]set pic_list_init_flag to 3
07-08 17:09:44.756 D/        (    0): [ 1626.250859@2]- [vdec_kpi][vh265_isr_thread_fn] First I frame coming.
07-08 17:09:44.763 D/[ 1626.253081@2]- [0]VH265(    0): output first frame
07-08 17:09:44.764 D/        (    0): [ 1626.253163@2]- [vdec_kpi][post_video_frame] First I frame decoded.
07-08 17:09:44.764 I/[ 1626.253241@3]- dim(    0): value reg:ch[1]:fix_buf:0;ponly <0,0>
07-08 17:09:44.774 I/[ 1626.253253@3]- dim(    0): 480x270-0x509000.
07-08 17:09:44.805 I/[ 1626.255937@0]- v4lvideo(    0): provider name: vdec.h265.00
07-08 17:09:44.805 D/        (    0): [ 1626.286774@2]- cal_dur_from_pts vstatus 3840 dur3600 -> 3840, revised 3840
07-08 17:09:44.806 I/[ 1626.289715@2]- vframe_rate_uevent(    0): sent uevent FRAME_RATE_HINT=3840
07-08 17:09:44.936 I/[ 1626.429844@0]- VID(    0): VD1 off
07-08 17:09:44.938 I/[ 1626.429963@0]- vc(    0): [0]vc: set enable index=0, val=1
07-08 17:09:44.938 I/        (    0): [ 1626.429976@0]- dev->index =0, val=2
07-08 17:09:44.938 I/[ 1626.429981@0]- VID(    0): VD1 off
07-08 17:09:44.938 I/[ 1626.429987@0]- VID(    0): VD1 set global output as 1
07-08 17:09:44.938 I/[ 1626.430015@0]- VID(    0): store VD0 path_id changed -1->2
07-08 17:09:44.938 I/[ 1626.430037@0]- vc(    0): [0]sideband_type =-1
07-08 17:09:44.963 D/INSETS  ( 3840): else - Package Name ::  left : 0 right :: 0 top :: 0 bottom :: 0 dfu-right :: 1920 dfu-bottom :: 1080
07-08 17:09:44.967 I/[ 1626.458944@0]h hdmitx(    0): hdmitx_set_hdr10plus_pkt: flag = 1
07-08 17:09:45.675 W/[ 1627.169704@3]- RTW(    0): fill_default_txdesc(wlan0): SP Packet(0x0806) rate=0x4 SeqNum = 2618
07-08 17:09:45.965 W/[ 1627.458028@0]- RTW(    0): fill_default_txdesc(wlan0): SP Packet(0x0806) rate=0x4 SeqNum = 2746
07-08 17:09:46.791 W/[ 1628.285724@1]- healthd(    0): battery l=100 v=4 t=0.0 h=2 st=2 c=1100 fc=10000000 chg=u
07-08 17:09:47.009 I/UsageStatsService( 3840): User[0] Flushing usage stats to disk
07-08 17:09:50.659 W/[ 1632.151219@0]- audit(    0): audit_lost=1019 audit_rate_limit=5 audit_backlog_limit=64
07-08 17:09:50.659 E/[ 1632.151226@0]- audit(    0): rate limit exceeded
07-08 17:09:51.179 W/[ 1632.670856@0]- RTW(    0): Turbo EDCA =0x5ea42b
07-08 17:09:53.195 W/[ 1634.686869@3]- RTW(    0): Turbo EDCA =0x431c
07-08 17:09:54.835 W/[ 1636.327366@0]- audit(    0): audit_lost=1046 audit_rate_limit=5 audit_backlog_limit=64
07-08 17:09:54.835 E/[ 1636.327374@0]- audit(    0): rate limit exceeded
07-08 17:09:55.212 W/[ 1636.706712@2]- RTW(    0): Turbo EDCA =0x5ea42b
07-08 17:09:56.803 D/        (    0): [ 1638.297375@1]- [0]Pic Width/Height Change (1920,1080)=>(960,544), interlace 0
07-08 17:09:57.224 W/[ 1638.718743@3]- RTW(    0): Turbo EDCA =0x431c
07-08 17:10:00.791 D/        (    0): [ 1642.285144@1]- [0]Pic Width/Height Change (960,544)=>(1280,720), interlace 0
07-08 17:10:04.793 D/        (    0): [ 1646.286488@1]- [0]Pic Width/Height Change (1280,720)=>(2560,1440), interlace 0
07-08 17:10:04.879 I/        (    0): [ 1646.372908@1]- protect tvp 0 5 ret 0
07-08 17:10:04.879 I/        (    0): [ 1646.372936@1]- protect tvp 1 6 ret 0 5baa0000 3b00000
07-08 17:10:14.891 W/[ 1656.382519@1]- RTW(    0): fill_default_txdesc(wlan0): SP Packet(0x0806) rate=0x4 SeqNum = 3023
07-08 17:10:17.387 W/[ 1658.878762@1]- RTW(    0): Turbo EDCA =0x5ea42b
07-08 17:10:19.402 W/[ 1660.895264@0]- RTW(    0): Turbo EDCA =0x431c
07-08 17:10:21.419 W/[ 1662.910799@3]- RTW(    0): Turbo EDCA =0x5ea42b
07-08 17:10:23.434 W/[ 1664.926738@1]- RTW(    0): Turbo EDCA =0x431c
07-08 17:10:25.449 W/[ 1666.943784@3]- RTW(    0): Turbo EDCA =0x5ea42b
07-08 17:10:27.467 W/[ 1668.958787@3]- RTW(    0): Turbo EDCA =0x431c
07-08 17:10:29.482 W/[ 1670.974728@0]- RTW(    0): Turbo EDCA =0x5ea42b
07-08 17:10:31.499 W/[ 1672.990742@1]- RTW(    0): Turbo EDCA =0x431c
07-08 17:10:33.514 W/[ 1675.006859@1]- RTW(    0): Turbo EDCA =0x5ea42b
07-08 17:10:35.531 W/[ 1677.022887@3]- RTW(    0): Turbo EDCA =0x431c
07-08 17:10:37.547 W/[ 1679.039312@3]- RTW(    0): Turbo EDCA =0x5ea42b
07-08 17:10:39.561 W/[ 1681.054794@0]- RTW(    0): Turbo EDCA =0x431c
07-08 17:10:41.578 W/[ 1683.070737@1]- RTW(    0): Turbo EDCA =0x5ea42b
07-08 17:10:43.595 W/[ 1685.086785@0]- RTW(    0): Turbo EDCA =0x431c
07-08 17:10:44.332 W/[ 1685.824163@0]- RTW(    0): fill_default_txdesc(wlan0): SP Packet(0x0806) rate=0x4 SeqNum = 2405
07-08 17:10:44.877 D/[ 1686.369426@1]- logd(    0): logdr: UID=0 GID=0 PID=20567 n tail=0 logMask=99 pid=0 start=0ns timeout=0ns
07-08 17:10:27.405 I/chatty  ( 3840): uid=1000(system) android.bg identical 4 lines
07-08 17:10:37.499 I/UsageStatsService( 3840): User[0] Flushing usage stats to disk
07-08 17:10:45.286 D/HdmiControlService( 3840): Proccess pid: 3840 is calling oneTouchPlay.
07-08 17:10:45.289 D/HdmiControlService( 3840): Local device is under address allocation. Save OTP callback for later process.
07-08 17:10:45.295 D/AutofillManagerService( 3840): Close system dialogs
07-08 17:10:45.322 I/ActivityTaskManager( 3840): START u0 {act=android.intent.action.MAIN cat=[android.intent.category.HOME] flg=0x10000100 cmp=com.iwedia.ui.rjio.launcher.reliance/com.iwedia.ui.rjio.launcher.ui.intro.IntroActivity (has extras)} from uid 0
07-08 17:10:45.323 D/ActivityTaskManager( 3840): recent debug: [launchedPkgName] --> com.iwedia.ui.rjio.launcher.reliance [callingPackage] --> null
07-08 17:10:45.335 V/ActivityTaskManager( 3840): Old State : null Updated state : INITIALIZING Activity : ComponentInfo{com.iwedia.ui.rjio.launcher.reliance/com.iwedia.ui.rjio.launcher.ui.intro.IntroActivity}
07-08 17:10:45.335 V/ActivityTaskManager( 3840): Sending Broadcast : Intent { act=com.jio.remote.action.applaunch flg=0x40000000 pkg=com.jio.remote.btserver (has extras) }
07-08 17:10:45.351 V/ActivityTaskManager( 3840): Old State : RESUMED Updated state : PAUSING Activity : ComponentInfo{com.jiotv.sonyliv/com.sonyliv.ui.home.HomeActivity}
07-08 17:10:45.351 V/ActivityTaskManager( 3840): Sending Broadcast : Intent { act=com.jio.remote.action.applaunch flg=0x40000000 pkg=com.jio.remote.btserver (has extras) }
07-08 17:10:45.353 D/INSETS  ( 3840): else - Package Name ::  left : 0 right :: 0 top :: 0 bottom :: 0 dfu-right :: 1920 dfu-bottom :: 1080
07-08 17:10:45.404 W/WindowManager( 3840): removeWindowToken: Attempted to remove non-existing token: android.os.Binder@aa3232d
07-08 17:10:45.410 V/ActivityTaskManager( 3840): Old State : PAUSING Updated state : PAUSED Activity : ComponentInfo{com.jiotv.sonyliv/com.sonyliv.ui.home.HomeActivity}
07-08 17:10:45.410 V/ActivityTaskManager( 3840): Sending Broadcast : Intent { act=com.jio.remote.action.applaunch flg=0x40000000 pkg=com.jio.remote.btserver (has extras) }
07-08 17:10:45.414 V/ActivityTaskManager( 3840): Old State : STOPPED Updated state : RESUMED Activity : ComponentInfo{com.iwedia.ui.rjio.launcher.reliance/com.iwedia.ui.rjio.launcher.ui.intro.IntroActivity}
07-08 17:10:45.414 V/ActivityTaskManager( 3840): Sending Broadcast : Intent { act=com.jio.remote.action.applaunch flg=0x40000000 pkg=com.jio.remote.btserver (has extras) }
07-08 17:10:45.433 D/INSETS  ( 3840): else - Package Name ::  left : 0 right :: 0 top :: 0 bottom :: 0 dfu-right :: 1920 dfu-bottom :: 1080
07-08 17:10:45.463 D/INSETS  ( 3840): else - Package Name ::  left : 0 right :: 0 top :: 0 bottom :: 0 dfu-right :: 1920 dfu-bottom :: 1080
07-08 17:10:45.478 I/ActivityManager( 3840): Force stopping io.appium.uiautomator2.server appid=10064 user=0: finished inst
07-08 17:10:45.479 I/ActivityManager( 3840): Killing 18323:io.appium.uiautomator2.server/u0a64 (adj 0): stop io.appium.uiautomator2.server due to finished inst
07-08 17:10:45.522 W/ActivityManager( 3840): Receiver with filter android.content.IntentFilter@e0180f0 already registered for pid 5049, callerPackage is com.iwedia.ui.rjio.launcher.reliance
07-08 17:10:45.580 D/INSETS  ( 3840): else - Package Name ::  left : 0 right :: 0 top :: 0 bottom :: 0 dfu-right :: 1920 dfu-bottom :: 1080
07-08 17:10:45.613 W/[ 1687.106212@2]- RTW(    0): Turbo EDCA =0x5ea42b
07-08 17:10:45.831 I/[ 1687.324686@3]- vc(    0): [0]vc: set enable index=0, val=0
07-08 17:10:45.832 I/[ 1687.324712@3]- VID(    0): store VD0 path_id changed 2->-1
07-08 17:10:45.832 I/        (    0): [ 1687.324716@3]- dev->index =0, val=1
07-08 17:10:45.832 I/[ 1687.324721@3]- VID(    0): VD1 off
07-08 17:10:45.832 I/[ 1687.324726@3]- VID(    0): VD1 set global output as 0
07-08 17:10:45.832 I/        (    0): [ 1687.324744@3]- common_vf_unreg_provider video_render.0: vd1 used: true, vd2 used: false, black_out:0, cur_buf:00000000297045f6
07-08 17:10:45.840 I/        (    0): [ 1687.332936@3]- is_reset=1
07-08 17:10:45.840 I/[ 1687.333488@3]- vframe_rate_uevent(    0): sent uevent FRAME_RATE_HINT=0
07-08 17:10:45.843 I/[ 1687.336397@0]h hdmitx(    0): hdmitx_set_hdr10plus_pkt: null vsif
07-08 17:10:45.843 I/[ 1687.337858@3]- binder(    0): undelivered TRANSACTION_COMPLETE
07-08 17:10:45.843 I/[ 1687.337871@3]- binder(    0): undelivered transaction 2327579, process died.
07-08 17:10:45.852 I/[ 1687.342514@2]- dim(    0): ch[1]:di_receiver_event_fun,1:_UNREG
07-08 17:10:45.802 D/INSETS  ( 3840): else - Package Name ::  left : 0 right :: 0 top :: 0 bottom :: 0 dfu-right :: 1920 dfu-bottom :: 1080
07-08 17:10:46.005 E/[ 1687.342576@2]- unreg(    0): v4lvideo
07-08 17:10:46.007 I/[ 1687.342651@0]- dim(    0): unreg:2keep[8], msk:[0x0,0x0]
07-08 17:10:46.011 I/[ 1687.354404@1]- dim(    0): unreg:use[12]ms
07-08 17:10:45.809 D/INSETS  ( 3840): else - Package Name ::  left : 0 right :: 0 top :: 0 bottom :: 0 dfu-right :: 1920 dfu-bottom :: 1080
07-08 17:10:45.825 D/INSETS  ( 3840): else - Package Name ::  left : 0 right :: 0 top :: 0 bottom :: 0 dfu-right :: 1920 dfu-bottom :: 1080
07-08 17:10:46.012 D/        (    0): [ 1687.354434@1]- vdec_disable_DMC input->target= 0x1
07-08 17:10:46.014 D/        (    0): [ 1687.356631@2]- vdec_release instance 00000000984b4557, total 1 id = 0
07-08 17:10:46.014 D/        (    0): [ 1687.356723@2]- the clk_hevc_mux    clock off, ref cnt: 0
07-08 17:10:46.014 D/        (    0): [ 1687.356729@2]- the clk_hevcb_mux   clock off, ref cnt: 0
07-08 17:10:46.021 D/        (    0): [ 1687.356739@2]- the vdec            clock off, ref cnt: 0
07-08 17:10:46.021 D/        (    0): [ 1687.356743@2]- the parser_top      clock off, ref cnt: 1
07-08 17:10:46.021 D/        (    0): [ 1687.356747@2]- the demux           clock off, ref cnt: 1
07-08 17:10:46.021 D/        (    0): [ 1687.356909@2]- the demux           clock on, ref cnt: 2
07-08 17:10:46.021 D/        (    0): [ 1687.356916@2]- the parser_top      clock on, ref cnt: 2
07-08 17:10:46.021 D/        (    0): [ 1687.356925@2]- the vdec            clock on, ref cnt: 1
07-08 17:10:46.022 D/        (    0): [ 1687.356946@2]- the clk_hevc_mux    clock on, ref cnt: 1
07-08 17:10:46.022 D/        (    0): [ 1687.356951@2]- the clk_hevcb_mux   clock on, ref cnt: 1
