06-18 11:11:25.949 I/chatty  ( 3829): uid=1000 system_server expire 2 lines
06-18 11:11:25.981 I/chatty  ( 3829): uid=1000(system) ConnectivitySer expire 4 lines
06-18 11:11:26.087 I/chatty  ( 3829): uid=1000(system) android.ui expire 12 lines
06-18 11:11:26.282 I/chatty  ( 3829): uid=1000 system_server expire 2 lines
06-18 11:11:26.283 I/chatty  ( 3829): uid=1000 system_server expire 2 lines
06-18 11:11:26.359 I/chatty  ( 3829): uid=1000(system) Binder:3829_17 expire 1 line
06-18 11:11:26.391 I/chatty  ( 3829): uid=1000 system_server expire 2 lines
06-18 11:11:26.577 I/chatty  ( 3829): uid=1000(system) Binder:3829_A expire 11 lines
06-18 11:11:26.615 I/chatty  ( 3829): uid=1000(system) android.display expire 3 lines
06-18 11:11:28.708 I/chatty  ( 3829): uid=1000 system_server expire 2 lines
06-18 11:11:28.721 I/chatty  ( 3829): uid=1000 system_server expire 2 lines
06-18 11:11:28.725 I/chatty  ( 3829): uid=1000 system_server expire 2 lines
06-18 11:11:28.731 I/chatty  ( 3829): uid=1000 system_server expire 2 lines
06-18 11:11:29.200 W/SocketClient( 3528): write error (Broken pipe)
06-18 11:11:29.384 I/chatty  ( 3829): uid=1000 system_server expire 2 lines
06-18 11:11:29.385 I/chatty  ( 3829): uid=1000 system_server expire 2 lines
06-18 11:11:29.475 I/chatty  ( 3829): uid=1000 system_server expire 2 lines
06-18 11:11:30.874 I/chatty  ( 3829): uid=1000 system_server expire 2 lines
06-18 11:11:30.900 I/chatty  ( 3829): uid=1000 system_server expire 2 lines
06-18 11:11:30.904 I/chatty  ( 3829): uid=1000 system_server expire 2 lines
06-18 11:11:30.915 I/chatty  ( 3829): uid=1000 system_server expire 2 lines
06-18 11:11:31.054 E/ActivityThread( 7610): Failed to find provider info for com.google.android.gms.phenotype
06-18 11:11:31.178 I/chatty  ( 3829): uid=1000 system_server expire 2 lines
06-18 11:11:31.185 I/chatty  ( 3829): uid=1000 system_server expire 2 lines
06-18 11:11:31.249 I/chatty  ( 3829): uid=1000 system_server expire 2 lines
06-18 11:11:31.251 I/chatty  ( 3829): uid=1000 system_server expire 2 lines
06-18 11:11:31.251 I/chatty  ( 3829): uid=1000(system) Binder:3829_9 expire 1 line
06-18 11:11:31.264 I/chatty  ( 3829): uid=1000 system_server expire 2 lines
06-18 11:11:31.288 I/chatty  ( 3829): uid=1000(system) android.io expire 1 line
06-18 11:11:32.311 I/chatty  ( 3829): uid=1000(system) Binder:3829_5 expire 3 lines
06-18 11:11:32.593 I/chatty  ( 3829): uid=1000 system_server expire 2 lines
06-18 11:11:32.596 I/chatty  ( 3829): uid=1000 system_server expire 2 lines
06-18 11:11:32.641 I/chatty  ( 3829): uid=1000(system) Binder:3829_D expire 3 lines
06-18 11:11:32.711 I/chatty  ( 3829): uid=1000 system_server expire 2 lines
06-18 11:11:32.728 I/chatty  ( 3829): uid=1000 system_server expire 2 lines
06-18 11:11:32.862 I/chatty  ( 3829): uid=1000 system_server expire 2 lines
06-18 11:11:32.910 I/chatty  ( 3829): uid=1000 system_server expire 2 lines
06-18 11:11:34.047 I/chatty  ( 3829): uid=1000(system) LazyTaskWriterT expire 3 lines
06-18 11:11:36.104 I/chatty  ( 3829): uid=1000 system_server expire 2 lines
06-18 11:11:36.139 I/chatty  ( 3829): uid=1000 system_server expire 2 lines
06-18 11:11:36.140 I/chatty  ( 3829): uid=1000 system_server expire 2 lines
06-18 11:11:36.151 I/chatty  ( 3829): uid=1000 system_server expire 2 lines
06-18 11:11:36.693 I/chatty  ( 3829): uid=1000 system_server expire 2 lines
06-18 11:11:36.696 I/chatty  ( 3829): uid=1000 system_server expire 2 lines
06-18 11:11:36.810 I/chatty  ( 3829): uid=1000 system_server expire 2 lines
06-18 11:11:39.825 I/chatty  ( 3829): uid=1000 system_server expire 2 lines
06-18 11:11:39.832 I/chatty  ( 3829): uid=1000 system_server expire 2 lines
06-18 11:11:39.834 I/chatty  ( 3829): uid=1000 system_server expire 2 lines
06-18 11:11:39.838 I/chatty  ( 3829): uid=1000 system_server expire 2 lines
06-18 11:11:40.366 I/chatty  ( 3829): uid=1000 system_server expire 2 lines
06-18 11:11:40.368 I/chatty  ( 3829): uid=1000 system_server expire 2 lines
06-18 11:11:40.592 I/chatty  ( 3829): uid=1000(system) Binder:3829_4 expire 1 line
06-18 11:11:40.592 I/chatty  ( 3829): uid=1000(system) Binder:3829_14 expire 3 lines
06-18 11:11:40.599 I/chatty  ( 3829): uid=1000(system) Binder:3829_13 expire 1 line
06-18 11:11:40.600 I/chatty  ( 3829): uid=1000 system_server expire 2 lines
06-18 11:11:41.099 I/chatty  ( 3829): uid=1000 system_server expire 1 line
06-18 11:11:41.133 I/chatty  ( 3829): uid=1000 system_server expire 2 lines
06-18 11:11:41.135 I/chatty  ( 3829): uid=1000 system_server expire 2 lines
06-18 11:11:41.149 I/chatty  ( 3829): uid=1000 system_server expire 2 lines
06-18 11:11:41.151 I/chatty  ( 3829): uid=1000 system_server expire 2 lines
06-18 11:11:41.524 I/chatty  ( 3829): uid=1000 system_server expire 2 lines
06-18 11:11:42.638 I/chatty  ( 3829): uid=1000 system_server expire 2 lines
06-18 11:12:12.115 I/chatty  ( 3829): uid=1000(system) Binder:3829_1B expire 3 lines
06-18 11:12:12.122 I/chatty  ( 3829): uid=1000(system) Binder:3829_16 expire 7 lines
06-18 11:12:13.034 I/chatty  ( 3829): uid=1000(system) ActivityManager expire 10 lines
06-18 11:12:14.728 I/chatty  ( 3829): uid=1000(system) Binder:3829_B expire 10 lines
06-18 11:12:14.869 I/chatty  ( 3829): uid=1000(system) android.bg expire 7 lines
06-18 11:12:16.801 I/chatty  ( 3829): uid=1000(system) InputDispatcher expire 4 lines
06-18 11:12:16.804 I/chatty  ( 3829): uid=1000(system) android.ui expire 1 line
06-18 11:12:17.160 I/chatty  ( 3829): uid=1000(system) Binder:3829_1 expire 13 lines
06-18 11:12:17.183 I/chatty  ( 3829): uid=1000 system_server expire 2 lines
06-18 11:12:17.190 I/chatty  ( 3829): uid=1000 system_server expire 2 lines
06-18 11:12:17.204 I/chatty  ( 3829): uid=1000(system) android.display expire 6 lines
06-18 11:12:17.205 I/chatty  ( 3829): uid=1000 system_server expire 2 lines
06-18 11:12:17.284 I/chatty  ( 3829): uid=1000 system_server expire 2 lines
06-18 11:12:17.879 I/chatty  ( 3829): uid=1000(system) ConnectivitySer expire 6 lines
06-18 11:12:18.474 I/chatty  ( 3829): uid=1000 system_server expire 2 lines
06-18 11:12:18.636 I/chatty  ( 3829): uid=1000 system_server expire 2 lines
06-18 11:12:21.028 I/chatty  ( 3829): uid=1000(system) PackageManager expire 2 lines
06-18 11:12:21.045 I/chatty  ( 3829): uid=1000(system) android.fg expire 1 line
06-18 11:12:21.325 I/chatty  ( 3829): uid=1000(system) LazyTaskWriterT expire 8 lines
06-18 11:12:27.797 I/chatty  ( 3829): uid=1000 system_server expire 2 lines
06-18 11:12:27.801 I/chatty  ( 3829): uid=1000 system_server expire 2 lines
06-18 11:12:27.829 I/chatty  ( 3829): uid=1000 system_server expire 2 lines
06-18 11:12:27.831 I/chatty  ( 3829): uid=1000 system_server expire 2 lines
06-18 11:12:28.317 I/chatty  ( 3829): uid=1000 system_server expire 2 lines
06-18 11:12:28.475 I/chatty  ( 3829): uid=1000 system_server expire 2 lines
06-18 11:12:33.763 I/chatty  ( 3829): uid=1000 system_server expire 2 lines
06-18 11:12:34.022 I/chatty  ( 3829): uid=1000(system) Binder:3829_4 expire 1 line
06-18 11:12:38.234 I/chatty  ( 3829): uid=1000(system) Binder:3829_1C expire 2 lines
06-18 11:12:38.248 I/chatty  ( 3829): uid=1000 system_server expire 2 lines
06-18 11:12:38.258 I/chatty  ( 3829): uid=1000 system_server expire 2 lines
06-18 11:12:38.280 I/chatty  ( 3829): uid=1000 system_server expire 2 lines
06-18 11:12:38.375 I/chatty  ( 3829): uid=1000 system_server expire 2 lines
06-18 11:12:39.245 I/chatty  ( 3829): uid=1000 system_server expire 2 lines
06-18 11:12:39.991 I/chatty  ( 3829): uid=1000 system_server expire 2 lines
06-18 11:12:48.711 I/chatty  ( 3829): uid=1000 system_server expire 2 lines
06-18 11:12:48.718 I/chatty  ( 3829): uid=1000 system_server expire 2 lines
06-18 11:12:48.739 I/chatty  ( 3829): uid=1000 system_server expire 2 lines
06-18 11:12:48.814 I/chatty  ( 3829): uid=1000 system_server expire 2 lines
06-18 11:12:49.380 I/chatty  ( 3829): uid=1000 system_server expire 2 lines
06-18 11:12:50.096 I/chatty  ( 3829): uid=1000 system_server expire 2 lines
06-18 11:12:59.139 I/chatty  ( 3829): uid=1000 system_server expire 2 lines
06-18 11:12:59.143 I/chatty  ( 3829): uid=1000 system_server expire 2 lines
06-18 11:12:59.151 I/chatty  ( 3829): uid=1000 system_server expire 2 lines
06-18 11:12:59.159 I/chatty  ( 3829): uid=1000 system_server expire 2 lines
06-18 11:12:59.635 I/chatty  ( 3829): uid=1000 system_server expire 2 lines
06-18 11:12:59.942 I/chatty  ( 3829): uid=1000 system_server expire 2 lines
06-18 11:13:04.345 I/chatty  ( 3829): uid=1000(system) Binder:3829_5 expire 10 lines
06-18 11:13:04.361 I/chatty  ( 3829): uid=1000 system_server expire 2 lines
06-18 11:13:04.386 I/chatty  ( 3829): uid=1000(system) Binder:3829_3 expire 5 lines
06-18 11:13:04.556 W/SocketClient( 3528): write error (Broken pipe)
06-18 11:13:05.111 W/SocketClient( 3528): write error (Broken pipe)
06-18 11:13:05.591 W/SocketClient( 3528): write error (Broken pipe)
06-18 11:13:06.113 W/SocketClient( 3528): write error (Broken pipe)
06-18 11:13:09.676 I/chatty  ( 3829): uid=1000 system_server expire 2 lines
06-18 11:13:09.686 I/chatty  ( 3829): uid=1000 system_server expire 2 lines
06-18 11:13:09.742 I/chatty  ( 3829): uid=1000 system_server expire 2 lines
06-18 11:13:09.795 I/chatty  ( 3829): uid=1000 system_server expire 2 lines
06-18 11:13:10.452 I/chatty  ( 3829): uid=1000(system) Binder:3829_9 expire 3 lines
06-18 11:13:11.374 I/chatty  ( 3829): uid=1000 system_server expire 2 lines
06-18 11:13:11.419 I/chatty  ( 3829): uid=1000 system_server expire 2 lines
06-18 11:13:16.756 I/chatty  ( 3829): uid=1000(system) Binder:3829_15 expire 5 lines
06-18 11:13:17.017 I/chatty  ( 3829): uid=1000 system_server expire 2 lines
06-18 11:13:17.031 I/chatty  ( 3829): uid=1000 system_server expire 2 lines
06-18 11:13:17.094 I/chatty  ( 3829): uid=1000 system_server expire 2 lines
06-18 11:13:17.094 I/chatty  ( 3829): uid=1000 system_server expire 2 lines
06-18 11:13:17.099 I/chatty  ( 3829): uid=1000 system_server expire 2 lines
06-18 11:13:17.427 I/chatty  ( 3829): uid=1000(system) Binder:3829_9 expire 1 line
06-18 11:13:17.434 I/chatty  ( 3829): uid=1000(system) Binder:3829_15 expire 3 lines
06-18 11:13:17.554 I/chatty  ( 3829): uid=1000(system) ActivityManager expire 9 lines
06-18 11:13:18.892 I/chatty  ( 3829): uid=1000 system_server expire 2 lines
06-18 11:13:18.897 I/chatty  ( 3829): uid=1000 system_server expire 2 lines
06-18 11:13:19.007 I/chatty  ( 3829): uid=1000 system_server expire 2 lines
06-18 11:13:19.731 I/chatty  ( 3829): uid=1000(system) Binder:3829_1A expire 15 lines
06-18 11:13:20.263 I/chatty  ( 3829): uid=1000 system_server expire 2 lines
06-18 11:13:20.279 I/chatty  ( 3829): uid=1000 system_server expire 2 lines
06-18 11:13:20.293 I/chatty  ( 3829): uid=1000(system) android.display expire 3 lines
06-18 11:13:20.305 I/chatty  ( 3829): uid=1000 system_server expire 2 lines
06-18 11:13:20.399 I/chatty  ( 3829): uid=1000 system_server expire 2 lines
06-18 11:13:21.311 I/chatty  ( 3829): uid=1000 system_server expire 2 lines
06-18 11:13:21.421 I/chatty  ( 3829): uid=1000 system_server expire 2 lines
06-18 11:13:21.811 I/chatty  ( 3829): uid=1000(system) LazyTaskWriterT expire 4 lines
06-18 11:13:22.761 E/ActivityThread(27184): Failed to find provider info for com.jio.stbpushservice.SubscriberIdProvider2
06-18 11:13:24.753 I/chatty  ( 3829): uid=1000 system_server expire 2 lines
06-18 11:13:24.788 I/chatty  ( 3829): uid=1000(system) Binder:3829_B expire 9 lines
06-18 11:13:24.869 I/chatty  ( 3829): uid=1000(system) batterystats-wo expire 1 line
06-18 11:13:24.973 I/chatty  ( 3829): uid=1000(system) Binder:3829_13 expire 17 lines
06-18 11:13:24.974 I/chatty  ( 3829): uid=1000(system) Binder:3829_1 expire 1 line
06-18 11:13:24.974 I/chatty  ( 3829): uid=1000(system) ConnectivitySer expire 7 lines
06-18 11:13:24.974 I/chatty  ( 3829): uid=1000(system) Binder:3829_5 expire 6 lines
06-18 11:13:25.559 I/chatty  ( 3829): uid=1000(system) android.bg expire 2 lines
06-18 11:13:26.569 I/chatty  ( 3829): uid=1000(system) Binder:3829_16 expire 2 lines
06-18 11:13:26.570 I/chatty  ( 3829): uid=1000 system_server expire 2 lines
06-18 11:13:26.575 I/chatty  ( 3829): uid=1000 system_server expire 2 lines
06-18 11:13:26.584 I/chatty  ( 3829): uid=1000(system) Binder:3829_1D expire 1 line
06-18 11:13:26.585 I/chatty  ( 3829): uid=1000 system_server expire 2 lines
06-18 11:13:26.591 I/chatty  ( 3829): uid=1000 system_server expire 2 lines
06-18 11:13:27.927 I/chatty  ( 3829): uid=1000 system_server expire 2 lines
06-18 11:13:27.930 I/chatty  ( 3829): uid=1000 system_server expire 2 lines
06-18 11:13:28.090 I/chatty  ( 3829): uid=1000 system_server expire 2 lines
06-18 11:13:30.722 I/chatty  ( 3829): uid=1000 system_server expire 1 line
06-18 11:13:30.811 I/chatty  ( 3829): uid=1000 system_server expire 2 lines
06-18 11:13:30.830 I/chatty  ( 3829): uid=1000 system_server expire 2 lines
06-18 11:13:30.864 I/chatty  ( 3829): uid=1000(system) Binder:3829_17 expire 1 line
06-18 11:13:30.866 I/chatty  ( 3829): uid=1000 system_server expire 2 lines
06-18 11:13:30.874 I/chatty  ( 3829): uid=1000 system_server expire 2 lines
06-18 11:13:31.338 I/chatty  ( 3829): uid=1000 system_server expire 2 lines
06-18 11:13:31.389 I/chatty  ( 3829): uid=1000 system_server expire 2 lines
06-18 11:13:35.018 I/chatty  ( 3829): uid=1000 system_server expire 2 lines
06-18 11:13:35.610 W/SocketClient( 3528): write error (Broken pipe)
06-18 11:13:41.213 I/chatty  ( 3829): uid=1000(system) Binder:3829_4 expire 4 lines
06-18 11:13:41.214 I/chatty  ( 3829): uid=1000 system_server expire 2 lines
06-18 11:13:41.227 I/chatty  ( 3829): uid=1000 system_server expire 2 lines
06-18 11:13:41.266 I/chatty  ( 3829): uid=1000 system_server expire 2 lines
06-18 11:13:41.268 I/chatty  ( 3829): uid=1000 system_server expire 2 lines
06-18 11:13:41.272 I/chatty  ( 3829): uid=1000 system_server expire 2 lines
06-18 11:13:41.327 I/chatty  ( 3829): uid=1000 system_server expire 2 lines
06-18 11:13:41.338 I/chatty  ( 3829): uid=1000 system_server expire 2 lines
06-18 11:13:41.594 I/chatty  ( 3829): uid=1000 system_server expire 2 lines
06-18 11:13:41.601 I/chatty  ( 3829): uid=1000 system_server expire 2 lines
06-18 11:13:42.087 I/chatty  ( 3829): uid=1000 system_server expire 2 lines
06-18 11:13:42.087 I/chatty  ( 3829): uid=1000 system_server expire 2 lines
06-18 11:13:42.278 I/chatty  ( 3829): uid=1000(system) Binder:3829_1B expire 1 line
06-18 11:13:42.280 I/chatty  ( 3829): uid=1000 system_server expire 2 lines
06-18 11:13:42.286 I/chatty  ( 3829): uid=1000 system_server expire 2 lines
06-18 11:13:42.295 I/chatty  ( 3829): uid=1000 system_server expire 2 lines
06-18 11:13:42.417 I/chatty  ( 3829): uid=1000 system_server expire 2 lines
06-18 11:13:42.418 I/chatty  ( 3829): uid=1000 system_server expire 2 lines
06-18 11:13:42.424 I/chatty  ( 3829): uid=1000 system_server expire 2 lines
06-18 11:13:42.490 I/chatty  ( 3829): uid=1000 system_server expire 2 lines
06-18 11:13:42.510 I/chatty  ( 3829): uid=1000 system_server expire 2 lines
06-18 11:13:43.129 I/chatty  ( 3829): uid=1000 system_server expire 2 lines
06-18 11:13:43.348 I/chatty  ( 3829): uid=1000 system_server expire 2 lines
06-18 11:13:43.353 I/chatty  ( 3829): uid=1000 system_server expire 2 lines
06-18 11:13:43.395 I/chatty  ( 3829): uid=1000 system_server expire 2 lines
06-18 11:13:43.437 E/ActivityThread( 7610): Failed to find provider info for com.google.android.gms.phenotype
06-18 11:13:43.653 E/ActivityThread( 7610): Failed to find provider info for com.google.android.gms.phenotype
06-18 11:13:45.755 I/chatty  ( 3829): uid=1000(system) android.bg expire 26 lines
06-18 11:13:45.908 I/chatty  ( 3829): uid=1000(system) LazyTaskWriterT expire 6 lines
06-18 11:13:51.790 I/chatty  ( 3829): uid=1000(system) Binder:3829_1B expire 5 lines
06-18 11:13:51.816 I/chatty  ( 3829): uid=1000 system_server expire 2 lines
06-18 11:13:51.822 I/chatty  ( 3829): uid=1000 system_server expire 2 lines
06-18 11:13:51.834 I/chatty  ( 3829): uid=1000(system) android.display expire 5 lines
06-18 11:13:51.835 I/chatty  ( 3829): uid=1000(system) ActivityManager expire 9 lines
06-18 11:13:51.841 I/chatty  ( 3829): uid=1000 system_server expire 2 lines
06-18 11:13:51.919 I/chatty  ( 3829): uid=1000 system_server expire 2 lines
06-18 11:13:51.927 E/ActivityThread( 7610): Failed to find provider info for com.google.android.gms.phenotype
06-18 11:13:52.672 I/chatty  ( 3829): uid=1000(system) ConnectivitySer expire 5 lines
06-18 11:13:52.833 I/chatty  ( 3829): uid=1000 system_server expire 2 lines
06-18 11:13:52.867 I/chatty  ( 3829): uid=1000 system_server expire 2 lines
06-18 11:17:09.797 I/chatty  ( 3829): uid=1000(system) PowerManagerSer expire 2 lines
06-18 11:17:34.118 I/chatty  ( 3829): uid=1000(system) Binder:3829_1A expire 28 lines
06-18 11:17:38.826 I/chatty  ( 3829): uid=1000(system) android.ui expire 1 line
06-18 11:17:39.303 I/chatty  ( 3829): uid=1000 system_server expire 2 lines
06-18 11:17:39.313 I/chatty  ( 3829): uid=1000 system_server expire 2 lines
06-18 11:17:39.347 I/chatty  ( 3829): uid=1000 system_server expire 2 lines
06-18 11:17:39.445 I/chatty  ( 3829): uid=1000 system_server expire 2 lines
06-18 11:17:40.672 I/chatty  ( 3829): uid=1000 system_server expire 2 lines
06-18 11:17:40.776 I/chatty  ( 3829): uid=1000(system) Binder:3829_10 expire 7 lines
06-18 11:17:40.906 I/chatty  ( 3829): uid=1000 system_server expire 2 lines
06-18 11:17:48.543 I/chatty  ( 3829): uid=1000 system_server expire 2 lines
06-18 11:17:48.568 I/chatty  ( 3829): uid=1000(system) Binder:3829_5 expire 1 line
06-18 11:17:48.657 I/chatty  ( 3829): uid=1000(system) Binder:3829_1 expire 4 lines
06-18 11:17:48.658 I/chatty  ( 3829): uid=1000(system) Binder:3829_4 expire 1 line
06-18 11:17:50.022 I/chatty  ( 3829): uid=1000 system_server expire 2 lines
06-18 11:17:50.026 I/chatty  ( 3829): uid=1000 system_server expire 2 lines
06-18 11:17:50.056 I/chatty  ( 3829): uid=1000 system_server expire 2 lines
06-18 11:17:50.057 I/chatty  ( 3829): uid=1000 system_server expire 2 lines
06-18 11:17:50.517 I/chatty  ( 3829): uid=1000 system_server expire 2 lines
06-18 11:17:50.650 I/chatty  ( 3829): uid=1000 system_server expire 2 lines
06-18 11:17:58.778 I/chatty  ( 3829): uid=1000 system_server expire 2 lines
06-18 11:17:59.021 I/chatty  ( 3829): uid=1000(system) Binder:3829_2 expire 2 lines
06-18 11:18:00.544 I/chatty  ( 3829): uid=1000 system_server expire 2 lines
06-18 11:18:00.548 I/chatty  ( 3829): uid=1000 system_server expire 2 lines
06-18 11:18:00.570 I/chatty  ( 3829): uid=1000 system_server expire 2 lines
06-18 11:18:00.570 I/chatty  ( 3829): uid=1000 system_server expire 2 lines
06-18 11:18:01.052 W/SocketClient( 3528): write error (Broken pipe)
06-18 11:18:01.060 I/chatty  ( 3829): uid=1000 system_server expire 2 lines
06-18 11:18:02.385 I/chatty  ( 3829): uid=1000 system_server expire 2 lines
06-18 11:18:08.489 I/chatty  ( 3829): uid=1000(system) android.bg expire 2 lines
06-18 11:18:10.951 I/chatty  ( 3829): uid=1000 system_server expire 2 lines
06-18 11:18:10.957 I/chatty  ( 3829): uid=1000 system_server expire 2 lines
06-18 11:18:10.971 I/chatty  ( 3829): uid=1000 system_server expire 2 lines
06-18 11:18:11.040 I/chatty  ( 3829): uid=1000 system_server expire 2 lines
06-18 11:18:11.639 I/chatty  ( 3829): uid=1000 system_server expire 2 lines
06-18 11:18:12.062 I/chatty  ( 3829): uid=1000 system_server expire 2 lines
06-18 11:18:21.342 I/chatty  ( 3829): uid=1000 system_server expire 2 lines
06-18 11:18:21.345 I/chatty  ( 3829): uid=1000 system_server expire 2 lines
06-18 11:18:21.360 I/chatty  ( 3829): uid=1000 system_server expire 2 lines
06-18 11:18:21.387 I/chatty  ( 3829): uid=1000 system_server expire 2 lines
06-18 11:18:21.589 I/chatty  ( 3829): uid=1000(system) Binder:3829_1A expire 3 lines
06-18 11:18:21.591 I/chatty  ( 3829): uid=1000 system_server expire 2 lines
06-18 11:18:21.599 I/chatty  ( 3829): uid=1000 system_server expire 2 lines
06-18 11:18:21.683 I/chatty  ( 3829): uid=1000 system_server expire 2 lines
06-18 11:18:21.684 I/chatty  ( 3829): uid=1000 system_server expire 2 lines
06-18 11:18:21.690 I/chatty  ( 3829): uid=1000 system_server expire 2 lines
06-18 11:18:23.834 D/ConnectivityService( 3829): NetReassign [56 : null  100]
06-18 11:18:23.840 V/ActivityTaskManager( 3829): Old State : FINISHING Updated state : DESTROYING Activity : ComponentInfo{com.zee5.aosp/com.zee5.android.launch.presentation.AppStartActivity}
06-18 11:18:23.840 V/ActivityTaskManager( 3829): Sending Broadcast : Intent { act=com.jio.remote.action.applaunch flg=0x40000000 pkg=com.jio.remote.btserver (has extras) }
06-18 11:18:23.843 V/ActivityTaskManager( 3829): Old State : STOPPING Updated state : FINISHING Activity : ComponentInfo{com.zee5.aosp/com.zee5.android.launch.presentation.AppStartActivity}
06-18 11:18:23.851 V/ActivityTaskManager( 3829): Sending Broadcast : Intent { act=com.jio.remote.action.applaunch flg=0x40000000 pkg=com.jio.remote.btserver (has extras) }
06-18 11:18:23.852 V/ActivityTaskManager( 3829): Old State : PAUSED Updated state : STOPPING Activity : ComponentInfo{com.jio.yt/dev.cobalt.app.MainActivity}
06-18 11:18:23.852 V/ActivityTaskManager( 3829): Sending Broadcast : Intent { act=com.jio.remote.action.applaunch flg=0x40000000 pkg=com.jio.remote.btserver (has extras) }
06-18 11:18:23.900 I/ActivityManager( 3829): PendingStartActivityUids startActivity to updateOomAdj delay:2210ms, uid:10096
06-18 11:18:23.902 V/ActivityTaskManager( 3829): Old State : STOPPING Updated state : STOPPED Activity : ComponentInfo{com.jio.yt/dev.cobalt.app.MainActivity}
06-18 11:18:23.902 V/ActivityTaskManager( 3829): Sending Broadcast : Intent { act=com.jio.remote.action.applaunch flg=0x40000000 pkg=com.jio.remote.btserver (has extras) }
06-18 11:18:24.075 V/ActivityTaskManager( 3829): Old State : DESTROYING Updated state : DESTROYED Activity : ComponentInfo{com.zee5.aosp/com.zee5.android.launch.presentation.AppStartActivity}
06-18 11:18:24.075 V/ActivityTaskManager( 3829): Sending Broadcast : Intent { act=com.jio.remote.action.applaunch flg=0x40000000 pkg=com.jio.remote.btserver (has extras) }
06-18 11:18:24.970 E/TaskPersister( 3829): File error accessing recents directory (directory doesn't exist?).
06-18 11:18:28.700 I/UsageStatsService( 3829): User[0] Flushing usage stats to disk
06-18 11:18:29.572 I/ActivityManager( 3829): Force stopping com.jio.yt appid=10095 user=0: from pid 4894
06-18 11:18:29.573 I/ActivityManager( 3829): Killing 29504:com.jio.yt/u0a95 (adj 700): stop com.jio.yt due to from pid 4894
06-18 11:18:29.577 W/ActivityTaskManager( 3829): Force removing ActivityRecord{9073970 u0 com.jio.yt/dev.cobalt.app.MainActivity t2160 f}}: app died, no saved state
06-18 11:18:29.598 V/ActivityTaskManager( 3829): Old State : STOPPED Updated state : DESTROYED Activity : ComponentInfo{com.jio.yt/dev.cobalt.app.MainActivity}
06-18 11:18:29.598 V/ActivityTaskManager( 3829): Sending Broadcast : Intent { act=com.jio.remote.action.applaunch flg=0x40000000 pkg=com.jio.remote.btserver (has extras) }
06-18 11:18:29.641 I/ActivityManager( 3829): Force stopping com.jio.yt appid=10095 user=0: from pid 4894
06-18 11:18:29.671 I/ActivityManager( 3829): Force stopping com.jio.yt appid=10095 user=0: from pid 4894
06-18 11:18:29.693 I/ActivityManager( 3829): Force stopping com.jio.yt appid=10095 user=0: from pid 4894
06-18 11:18:29.707 W/WindowManager( 3829): Cannot find window which accessibility connection is added to
06-18 11:18:29.713 W/ActivityManager( 3829): setHasOverlayUi called on unknown pid: 29504
06-18 11:18:29.722 I/ActivityManager( 3829): Force stopping com.jio.yt appid=10095 user=0: from pid 4894
06-18 11:18:29.779 I/chatty  ( 3829): uid=1000(system) Binder:3829_1 identical 4 lines
06-18 11:18:29.793 I/ActivityManager( 3829): Force stopping com.jio.yt appid=10095 user=0: from pid 4894
06-18 11:18:31.982 W/SocketClient( 3528): write error (Broken pipe)
06-18 11:18:31.985 I/ActivityTaskManager( 3829): START u0 {flg=0x10000000 cmp=com.jiotv.sonyliv/com.sonyliv.ui.splash.SplashActivity} from uid 0
06-18 11:18:31.985 D/ActivityTaskManager( 3829): recent debug: [launchedPkgName] --> com.jiotv.sonyliv [callingPackage] --> com.android.shell
06-18 11:18:32.029 V/ActivityTaskManager( 3829): Old State : null Updated state : INITIALIZING Activity : ComponentInfo{com.jiotv.sonyliv/com.sonyliv.ui.splash.SplashActivity}
06-18 11:18:32.029 V/ActivityTaskManager( 3829): Sending Broadcast : Intent { act=com.jio.remote.action.applaunch flg=0x40000000 pkg=com.jio.remote.btserver (has extras) }
06-18 11:18:32.053 V/ActivityTaskManager( 3829): Old State : RESUMED Updated state : PAUSING Activity : ComponentInfo{com.zee5.aosp/com.zee5.androidtv.home.presentation.HomeActivity}
06-18 11:18:32.057 V/ActivityTaskManager( 3829): Sending Broadcast : Intent { act=com.jio.remote.action.applaunch flg=0x40000000 pkg=com.jio.remote.btserver (has extras) }
06-18 11:18:32.065 D/CompatibilityChangeReporter( 3829): Compat change id reported: 135634846; UID 10090; state: DISABLED
06-18 11:18:32.066 D/CompatibilityChangeReporter( 3829): Compat change id reported: 143937733; UID 10090; state: ENABLED
06-18 11:18:32.095 V/ActivityTaskManager( 3829): Old State : PAUSING Updated state : PAUSED Activity : ComponentInfo{com.zee5.aosp/com.zee5.androidtv.home.presentation.HomeActivity}
06-18 11:18:32.096 V/ActivityTaskManager( 3829): Sending Broadcast : Intent { act=com.jio.remote.action.applaunch flg=0x40000000 pkg=com.jio.remote.btserver (has extras) }
06-18 11:18:32.212 W/ActivityManager( 3829): Slow operation: 149ms so far, now at startProcess: returned from zygote!
06-18 11:18:32.212 W/ActivityManager( 3829): Slow operation: 149ms so far, now at startProcess: done updating battery stats
06-18 11:18:32.215 W/ActivityManager( 3829): Slow operation: 152ms so far, now at startProcess: building log message
06-18 11:18:32.215 I/ActivityManager( 3829): Start proc 29777:com.jiotv.sonyliv/u0a90 for pre-top-activity {com.jiotv.sonyliv/com.sonyliv.ui.splash.SplashActivity}
06-18 11:18:32.215 W/ActivityManager( 3829): Slow operation: 152ms so far, now at startProcess: starting to update pids map
06-18 11:18:32.215 W/ActivityManager( 3829): Slow operation: 152ms so far, now at startProcess: done updating pids map
06-18 11:18:32.310 V/ActivityTaskManager( 3829): Old State : INITIALIZING Updated state : RESUMED Activity : ComponentInfo{com.jiotv.sonyliv/com.sonyliv.ui.splash.SplashActivity}
06-18 11:18:32.311 V/ActivityTaskManager( 3829): Sending Broadcast : Intent { act=com.jio.remote.action.applaunch flg=0x40000000 pkg=com.jio.remote.btserver (has extras) }
06-18 11:18:33.217 D/ConnectivityService( 3829): NetReassign [no changes]
06-18 11:18:33.228 D/ConnectivityService( 3829): requestNetwork for uid/pid:10090/29777 NetworkRequest [ TRACK_DEFAULT id=58, [ Capabilities: INTERNET&NOT_RESTRICTED&TRUSTED Uid: 10090 AdministratorUids: [] RequestorUid: 10090 RequestorPackageName: com.jiotv.sonyliv] ]
06-18 11:18:33.229 D/ConnectivityService( 3829): NetReassign [58 : null  100]
06-18 11:18:33.769 E/TaskPersister( 3829): File error accessing recents directory (directory doesn't exist?).
06-18 11:18:33.810 W/ActivityManager( 3829): Unable to start service Intent { act=com.google.android.gms.analytics.service.START cmp=com.google.android.gms/.analytics.service.AnalyticsService (has extras) } U=0: not found
06-18 11:18:34.541 V/ActivityTaskManager( 3829): Old State : PAUSED Updated state : STOPPING Activity : ComponentInfo{com.zee5.aosp/com.zee5.androidtv.home.presentation.HomeActivity}
06-18 11:18:34.543 V/ActivityTaskManager( 3829): Sending Broadcast : Intent { act=com.jio.remote.action.applaunch flg=0x40000000 pkg=com.jio.remote.btserver (has extras) }
06-18 11:18:34.666 D/ConnectivityService( 3829): releasing NetworkRequest [ TRACK_DEFAULT id=56, [ Capabilities: INTERNET&NOT_RESTRICTED&TRUSTED Uid: 10096 AdministratorUids: [] RequestorUid: 10096 RequestorPackageName: com.zee5.aosp] ] (release request)
06-18 11:18:34.802 V/ActivityTaskManager( 3829): Old State : STOPPING Updated state : STOPPED Activity : ComponentInfo{com.zee5.aosp/com.zee5.androidtv.home.presentation.HomeActivity}
06-18 11:18:34.804 V/ActivityTaskManager( 3829): Sending Broadcast : Intent { act=com.jio.remote.action.applaunch flg=0x40000000 pkg=com.jio.remote.btserver (has extras) }
06-18 11:18:35.063 D/ConnectivityService( 3829): requestNetwork for uid/pid:10090/29777 NetworkRequest [ TRACK_DEFAULT id=59, [ Capabilities: INTERNET&NOT_RESTRICTED&TRUSTED Uid: 10090 AdministratorUids: [] RequestorUid: 10090 RequestorPackageName: com.jiotv.sonyliv] ]
06-18 11:18:35.064 D/ConnectivityService( 3829): NetReassign [59 : null  100]
06-18 11:18:35.175 I/ActivityTaskManager( 3829): START u0 {flg=0x14008000 cmp=com.jiotv.sonyliv/com.sonyliv.onboarding.features.onboarding.views.OnboardingActivity (has extras)} from uid 10090
06-18 11:18:35.175 D/ActivityTaskManager( 3829): recent debug: [launchedPkgName] --> com.jiotv.sonyliv [callingPackage] --> com.jiotv.sonyliv
06-18 11:18:35.178 V/ActivityTaskManager( 3829): Old State : null Updated state : INITIALIZING Activity : ComponentInfo{com.jiotv.sonyliv/com.sonyliv.onboarding.features.onboarding.views.OnboardingActivity}
06-18 11:18:35.179 V/ActivityTaskManager( 3829): Sending Broadcast : Intent { act=com.jio.remote.action.applaunch flg=0x40000000 pkg=com.jio.remote.btserver (has extras) }
06-18 11:18:35.205 V/ActivityTaskManager( 3829): Old State : RESUMED Updated state : PAUSING Activity : ComponentInfo{com.jiotv.sonyliv/com.sonyliv.ui.splash.SplashActivity}
06-18 11:18:35.205 V/ActivityTaskManager( 3829): Sending Broadcast : Intent { act=com.jio.remote.action.applaunch flg=0x40000000 pkg=com.jio.remote.btserver (has extras) }
06-18 11:18:35.219 W/ActivityTaskManager( 3829): Duplicate finish request for r=ActivityRecord{c697f21 u0 com.jiotv.sonyliv/com.sonyliv.ui.splash.SplashActivity t2161 f}}
06-18 11:18:35.233 W/ActivityTaskManager( 3829): Tried to set launchTime (0) < mLastActivityLaunchTime (1777754)
06-18 11:18:35.234 V/ActivityTaskManager( 3829): Old State : PAUSING Updated state : PAUSED Activity : ComponentInfo{com.jiotv.sonyliv/com.sonyliv.ui.splash.SplashActivity}
06-18 11:18:35.234 V/ActivityTaskManager( 3829): Sending Broadcast : Intent { act=com.jio.remote.action.applaunch flg=0x40000000 pkg=com.jio.remote.btserver (has extras) }
06-18 11:18:35.236 V/ActivityTaskManager( 3829): Old State : PAUSED Updated state : STOPPING Activity : ComponentInfo{com.jiotv.sonyliv/com.sonyliv.ui.splash.SplashActivity}
06-18 11:18:35.236 V/ActivityTaskManager( 3829): Sending Broadcast : Intent { act=com.jio.remote.action.applaunch flg=0x40000000 pkg=com.jio.remote.btserver (has extras) }
06-18 11:18:35.242 V/ActivityTaskManager( 3829): Old State : INITIALIZING Updated state : RESUMED Activity : ComponentInfo{com.jiotv.sonyliv/com.sonyliv.onboarding.features.onboarding.views.OnboardingActivity}
06-18 11:18:35.243 V/ActivityTaskManager( 3829): Sending Broadcast : Intent { act=com.jio.remote.action.applaunch flg=0x40000000 pkg=com.jio.remote.btserver (has extras) }
06-18 11:18:36.022 V/ActivityTaskManager( 3829): Old State : STOPPING Updated state : FINISHING Activity : ComponentInfo{com.jiotv.sonyliv/com.sonyliv.ui.splash.SplashActivity}
06-18 11:18:36.022 V/ActivityTaskManager( 3829): Sending Broadcast : Intent { act=com.jio.remote.action.applaunch flg=0x40000000 pkg=com.jio.remote.btserver (has extras) }
06-18 11:18:36.027 V/ActivityTaskManager( 3829): Old State : FINISHING Updated state : DESTROYING Activity : ComponentInfo{com.jiotv.sonyliv/com.sonyliv.ui.splash.SplashActivity}
06-18 11:18:36.028 V/ActivityTaskManager( 3829): Sending Broadcast : Intent { act=com.jio.remote.action.applaunch flg=0x40000000 pkg=com.jio.remote.btserver (has extras) }
06-18 11:18:36.283 V/ActivityTaskManager( 3829): Old State : DESTROYING Updated state : DESTROYED Activity : ComponentInfo{com.jiotv.sonyliv/com.sonyliv.ui.splash.SplashActivity}
06-18 11:18:36.283 V/ActivityTaskManager( 3829): Sending Broadcast : Intent { act=com.jio.remote.action.applaunch flg=0x40000000 pkg=com.jio.remote.btserver (has extras) }
06-18 11:18:36.616 I/ActivityManager( 3829): PendingStartActivityUids startActivity to updateOomAdj delay:1377ms, uid:10090
06-18 11:18:38.800 E/TaskPersister( 3829): File error accessing recents directory (directory doesn't exist?).
06-18 11:18:38.971 I/UsageStatsService( 3829): User[0] Flushing usage stats to disk
06-18 11:18:42.506 I/ActivityTaskManager( 3829): START u0 {flg=0x10000000 cmp=com.suntv.sunnxt/com.androidtv.myplex.ui.activity.SPlashActivity} from uid 0
06-18 11:18:42.506 D/ActivityTaskManager( 3829): recent debug: [launchedPkgName] --> com.suntv.sunnxt [callingPackage] --> com.android.shell
06-18 11:18:42.510 V/ActivityTaskManager( 3829): Old State : null Updated state : INITIALIZING Activity : ComponentInfo{com.suntv.sunnxt/com.androidtv.myplex.ui.activity.SPlashActivity}
06-18 11:18:42.510 V/ActivityTaskManager( 3829): Sending Broadcast : Intent { act=com.jio.remote.action.applaunch flg=0x40000000 pkg=com.jio.remote.btserver (has extras) }
06-18 11:18:42.519 V/ActivityTaskManager( 3829): Old State : RESUMED Updated state : PAUSING Activity : ComponentInfo{com.jiotv.sonyliv/com.sonyliv.onboarding.features.onboarding.views.OnboardingActivity}
06-18 11:18:42.519 V/ActivityTaskManager( 3829): Sending Broadcast : Intent { act=com.jio.remote.action.applaunch flg=0x40000000 pkg=com.jio.remote.btserver (has extras) }
06-18 11:18:42.527 D/CompatibilityChangeReporter( 3829): Compat change id reported: 135634846; UID 10069; state: DISABLED
06-18 11:18:42.528 D/CompatibilityChangeReporter( 3829): Compat change id reported: 143937733; UID 10069; state: ENABLED
06-18 11:18:42.538 V/ActivityTaskManager( 3829): Old State : PAUSING Updated state : PAUSED Activity : ComponentInfo{com.jiotv.sonyliv/com.sonyliv.onboarding.features.onboarding.views.OnboardingActivity}
06-18 11:18:42.538 V/ActivityTaskManager( 3829): Sending Broadcast : Intent { act=com.jio.remote.action.applaunch flg=0x40000000 pkg=com.jio.remote.btserver (has extras) }
06-18 11:18:42.551 I/ActivityManager( 3829): Start proc 30084:com.suntv.sunnxt/u0a69 for pre-top-activity {com.suntv.sunnxt/com.androidtv.myplex.ui.activity.SPlashActivity}
06-18 11:18:42.606 V/ActivityTaskManager( 3829): Old State : INITIALIZING Updated state : RESUMED Activity : ComponentInfo{com.suntv.sunnxt/com.androidtv.myplex.ui.activity.SPlashActivity}
06-18 11:18:42.606 V/ActivityTaskManager( 3829): Sending Broadcast : Intent { act=com.jio.remote.action.applaunch flg=0x40000000 pkg=com.jio.remote.btserver (has extras) }
06-18 11:18:43.798 V/ActivityTaskManager( 3829): Old State : PAUSED Updated state : STOPPING Activity : ComponentInfo{com.jiotv.sonyliv/com.sonyliv.onboarding.features.onboarding.views.OnboardingActivity}
06-18 11:18:43.798 V/ActivityTaskManager( 3829): Sending Broadcast : Intent { act=com.jio.remote.action.applaunch flg=0x40000000 pkg=com.jio.remote.btserver (has extras) }
06-18 11:18:43.959 V/ActivityTaskManager( 3829): Old State : STOPPING Updated state : STOPPED Activity : ComponentInfo{com.jiotv.sonyliv/com.sonyliv.onboarding.features.onboarding.views.OnboardingActivity}
06-18 11:18:43.959 V/ActivityTaskManager( 3829): Sending Broadcast : Intent { act=com.jio.remote.action.applaunch flg=0x40000000 pkg=com.jio.remote.btserver (has extras) }
06-18 11:18:44.482 W/WindowManager( 3829): removeWindowToken: Attempted to remove non-existing token: android.os.Binder@6f9ce31
06-18 11:18:44.532 I/ActivityManager( 3829): Force stopping io.appium.uiautomator2.server appid=10075 user=0: from pid 30219
06-18 11:18:44.540 I/ActivityManager( 3829): Killing 29081:io.appium.uiautomator2.server/u0a75 (adj 0): stop io.appium.uiautomator2.server due to from pid 30219
06-18 11:18:44.552 W/ActivityManager( 3829): Crash of app io.appium.uiautomator2.server running instrumentation ComponentInfo{io.appium.uiautomator2.server.test/androidx.test.runner.AndroidJUnitRunner}
06-18 11:18:44.563 I/ActivityManager( 3829): Failure reporting to instrumentation watcher: comp=ComponentInfo{io.appium.uiautomator2.server.test/androidx.test.runner.AndroidJUnitRunner} results=Bundle[{shortMsg=Process crashed.}]
06-18 11:18:44.563 I/ActivityManager( 3829): Force stopping io.appium.uiautomator2.server appid=10075 user=0: finished inst
06-18 11:18:44.569 W/ActivityManager( 3829): Error shutting down UiAutomationConnection
06-18 11:18:44.585 I/ActivityManager( 3829): Force stopping io.appium.uiautomator2.server.test appid=10066 user=0: from pid 30220
06-18 11:18:44.706 V/UiAutomationManager( 3829): UiAutomation service owner died
06-18 11:18:44.713 W/Looper  ( 3829): Slow dispatch took 180ms android.ui h=com.android.server.am.ActivityManagerService$UiHandler c=null m=53
06-18 11:18:46.646 E/TaskPersister( 3829): File error accessing recents directory (directory doesn't exist?).
06-18 11:18:49.063 I/UsageStatsService( 3829): User[0] Flushing usage stats to disk
06-18 11:18:50.145 I/ActivityManager( 3829): Force stopping com.jiotv.sonyliv appid=10090 user=0: from pid 4894
06-18 11:18:50.146 I/ActivityManager( 3829): Killing 29777:com.jiotv.sonyliv/u0a90 (adj 700): stop com.jiotv.sonyliv due to from pid 4894
06-18 11:18:50.151 W/ActivityTaskManager( 3829): Force removing ActivityRecord{3eeb3d8 u0 com.jiotv.sonyliv/com.sonyliv.onboarding.features.onboarding.views.OnboardingActivity t2161 f}}: app died, no saved state
06-18 11:18:50.153 V/ActivityTaskManager( 3829): Old State : STOPPED Updated state : DESTROYED Activity : ComponentInfo{com.jiotv.sonyliv/com.sonyliv.onboarding.features.onboarding.views.OnboardingActivity}
06-18 11:18:50.153 V/ActivityTaskManager( 3829): Sending Broadcast : Intent { act=com.jio.remote.action.applaunch flg=0x40000000 pkg=com.jio.remote.btserver (has extras) }
06-18 11:18:50.177 I/ActivityManager( 3829): Force stopping com.jiotv.sonyliv appid=10090 user=0: from pid 4894
06-18 11:18:50.212 I/chatty  ( 3829): uid=1000(system) Binder:3829_5 identical 7 lines
06-18 11:18:50.220 I/ActivityManager( 3829): Force stopping com.jiotv.sonyliv appid=10090 user=0: from pid 4894
06-18 11:18:50.281 D/ConnectivityService( 3829): ConnectivityService NetworkRequestInfo binderDied(NetworkRequest [ TRACK_DEFAULT id=59, [ Capabilities: INTERNET&NOT_RESTRICTED&TRUSTED Uid: 10090 AdministratorUids: [] RequestorUid: 10090 RequestorPackageName: com.jiotv.sonyliv] ], android.os.BinderProxy@788de97)
06-18 11:18:50.281 D/ConnectivityService( 3829): ConnectivityService NetworkRequestInfo binderDied(NetworkRequest [ TRACK_DEFAULT id=58, [ Capabilities: INTERNET&NOT_RESTRICTED&TRUSTED Uid: 10090 AdministratorUids: [] RequestorUid: 10090 RequestorPackageName: com.jiotv.sonyliv] ], android.os.BinderProxy@8e2f884)
06-18 11:18:50.281 D/ConnectivityService( 3829): releasing NetworkRequest [ TRACK_DEFAULT id=59, [ Capabilities: INTERNET&NOT_RESTRICTED&TRUSTED Uid: 10090 AdministratorUids: [] RequestorUid: 10090 RequestorPackageName: com.jiotv.sonyliv] ] (release request)
06-18 11:18:50.282 D/ConnectivityService( 3829): releasing NetworkRequest [ TRACK_DEFAULT id=58, [ Capabilities: INTERNET&NOT_RESTRICTED&TRUSTED Uid: 10090 AdministratorUids: [] RequestorUid: 10090 RequestorPackageName: com.jiotv.sonyliv] ] (release request)
06-18 11:18:50.282 W/WindowManager( 3829): Cannot find window which accessibility connection is added to
06-18 11:18:50.283 W/ActivityManager( 3829): setHasOverlayUi called on unknown pid: 29777
06-18 11:18:50.283 D/ConnectivityService( 3829): ConnectivityService NetworkRequestInfo binderDied(NetworkRequest [ LISTEN id=57, [ Transports: CELLULAR|WIFI Capabilities: INTERNET&NOT_RESTRICTED&TRUSTED&NOT_VPN Uid: 10090 AdministratorUids: [] RequestorUid: 10090 RequestorPackageName: com.jiotv.sonyliv] ], android.os.BinderProxy@a74386d)
06-18 11:18:52.944 I/ActivityTaskManager( 3829): START u0 {flg=0x10000000 cmp=com.epic.docubay/.ui.launcher.activity.LauncherActivity} from uid 0
06-18 11:18:52.944 D/ActivityTaskManager( 3829): recent debug: [launchedPkgName] --> com.epic.docubay [callingPackage] --> com.android.shell
06-18 11:18:52.948 V/ActivityTaskManager( 3829): Old State : null Updated state : INITIALIZING Activity : ComponentInfo{com.epic.docubay/com.epic.docubay.ui.launcher.activity.LauncherActivity}
06-18 11:18:52.949 V/ActivityTaskManager( 3829): Sending Broadcast : Intent { act=com.jio.remote.action.applaunch flg=0x40000000 pkg=com.jio.remote.btserver (has extras) }
06-18 11:18:52.952 V/ActivityTaskManager( 3829): Old State : RESUMED Updated state : PAUSING Activity : ComponentInfo{com.suntv.sunnxt/com.androidtv.myplex.ui.activity.SPlashActivity}
06-18 11:18:52.952 V/ActivityTaskManager( 3829): Sending Broadcast : Intent { act=com.jio.remote.action.applaunch flg=0x40000000 pkg=com.jio.remote.btserver (has extras) }
06-18 11:18:52.963 V/ActivityTaskManager( 3829): Old State : PAUSING Updated state : PAUSED Activity : ComponentInfo{com.suntv.sunnxt/com.androidtv.myplex.ui.activity.SPlashActivity}
06-18 11:18:52.963 V/ActivityTaskManager( 3829): Sending Broadcast : Intent { act=com.jio.remote.action.applaunch flg=0x40000000 pkg=com.jio.remote.btserver (has extras) }
06-18 11:18:52.965 V/ActivityTaskManager( 3829): Old State : STOPPED Updated state : RESUMED Activity : ComponentInfo{com.epic.docubay/com.epic.docubay.ui.home.activity.HomeActivity}
06-18 11:18:52.965 V/ActivityTaskManager( 3829): Sending Broadcast : Intent { act=com.jio.remote.action.applaunch flg=0x40000000 pkg=com.jio.remote.btserver (has extras) }
06-18 11:18:53.756 E/TaskPersister( 3829): File error accessing recents directory (directory doesn't exist?).
06-18 11:18:53.802 V/ActivityTaskManager( 3829): Old State : PAUSED Updated state : FINISHING Activity : ComponentInfo{com.suntv.sunnxt/com.androidtv.myplex.ui.activity.SPlashActivity}
06-18 11:18:53.802 V/ActivityTaskManager( 3829): Sending Broadcast : Intent { act=com.jio.remote.action.applaunch flg=0x40000000 pkg=com.jio.remote.btserver (has extras) }
06-18 11:18:53.803 V/ActivityTaskManager( 3829): Old State : FINISHING Updated state : DESTROYING Activity : ComponentInfo{com.suntv.sunnxt/com.androidtv.myplex.ui.activity.SPlashActivity}
06-18 11:18:53.803 V/ActivityTaskManager( 3829): Sending Broadcast : Intent { act=com.jio.remote.action.applaunch flg=0x40000000 pkg=com.jio.remote.btserver (has extras) }
06-18 11:18:53.821 V/ActivityTaskManager( 3829): Old State : DESTROYING Updated state : DESTROYED Activity : ComponentInfo{com.suntv.sunnxt/com.androidtv.myplex.ui.activity.SPlashActivity}
06-18 11:18:53.821 V/ActivityTaskManager( 3829): Sending Broadcast : Intent { act=com.jio.remote.action.applaunch flg=0x40000000 pkg=com.jio.remote.btserver (has extras) }
06-18 11:18:54.665 D/KernelCpuUidUserSysTimeReader( 3829): Removing uids 99006-99006
06-18 11:18:56.284 W/SocketClient( 3528): write error (Broken pipe)
06-18 11:18:56.286 W/SocketClient( 3528): write error (Broken pipe)
06-18 11:18:56.873 E/TaskPersister( 3829): File error accessing recents directory (directory doesn't exist?).
06-18 11:18:59.155 I/UsageStatsService( 3829): User[0] Flushing usage stats to disk
06-18 11:19:00.377 I/ActivityManager( 3829): Force stopping com.suntv.sunnxt appid=10069 user=0: from pid 4894
06-18 11:19:00.377 I/ActivityManager( 3829): Killing 30084:com.suntv.sunnxt/u0a69 (adj 900): stop com.suntv.sunnxt due to from pid 4894
06-18 11:19:00.388 I/ActivityManager( 3829): Force stopping com.suntv.sunnxt appid=10069 user=0: from pid 4894
06-18 11:19:00.428 I/chatty  ( 3829): uid=1000(system) Binder:3829_D identical 7 lines
06-18 11:19:00.432 I/ActivityManager( 3829): Force stopping com.suntv.sunnxt appid=10069 user=0: from pid 4894
06-18 11:19:00.483 W/ActivityManager( 3829): setHasOverlayUi called on unknown pid: 30084
06-18 11:19:01.326 W/SocketClient( 3528): write error (Broken pipe)
06-18 11:19:01.328 W/SocketClient( 3528): write error (Broken pipe)
06-18 11:19:03.378 I/ActivityTaskManager( 3829): START u0 {flg=0x10000000 cmp=com.hoichoi.mitv/com.viewlift.hoichoi.ui.splash.MainActivity} from uid 0
06-18 11:19:03.378 D/ActivityTaskManager( 3829): recent debug: [launchedPkgName] --> com.hoichoi.mitv [callingPackage] --> com.android.shell
06-18 11:19:03.384 V/ActivityTaskManager( 3829): Old State : null Updated state : INITIALIZING Activity : ComponentInfo{com.hoichoi.mitv/com.viewlift.hoichoi.ui.splash.MainActivity}
06-18 11:19:03.384 V/ActivityTaskManager( 3829): Sending Broadcast : Intent { act=com.jio.remote.action.applaunch flg=0x40000000 pkg=com.jio.remote.btserver (has extras) }
06-18 11:19:03.389 V/ActivityTaskManager( 3829): Old State : RESUMED Updated state : PAUSING Activity : ComponentInfo{com.epic.docubay/com.epic.docubay.ui.home.activity.HomeActivity}
06-18 11:19:03.389 V/ActivityTaskManager( 3829): Sending Broadcast : Intent { act=com.jio.remote.action.applaunch flg=0x40000000 pkg=com.jio.remote.btserver (has extras) }
06-18 11:19:03.410 V/ActivityTaskManager( 3829): Old State : STOPPED Updated state : RESUMED Activity : ComponentInfo{com.hoichoi.mitv/com.viewlift.hoichoi.ui.HomeActivity}
06-18 11:19:03.411 V/ActivityTaskManager( 3829): Sending Broadcast : Intent { act=com.jio.remote.action.applaunch flg=0x40000000 pkg=com.jio.remote.btserver (has extras) }
06-18 11:19:03.415 V/ActivityTaskManager( 3829): Old State : PAUSING Updated state : PAUSED Activity : ComponentInfo{com.epic.docubay/com.epic.docubay.ui.home.activity.HomeActivity}
06-18 11:19:03.415 V/ActivityTaskManager( 3829): Sending Broadcast : Intent { act=com.jio.remote.action.applaunch flg=0x40000000 pkg=com.jio.remote.btserver (has extras) }
06-18 11:19:03.880 V/ActivityTaskManager( 3829): Old State : PAUSED Updated state : STOPPING Activity : ComponentInfo{com.epic.docubay/com.epic.docubay.ui.home.activity.HomeActivity}
06-18 11:19:03.880 V/ActivityTaskManager( 3829): Sending Broadcast : Intent { act=com.jio.remote.action.applaunch flg=0x40000000 pkg=com.jio.remote.btserver (has extras) }
06-18 11:19:03.945 V/ActivityTaskManager( 3829): Old State : STOPPING Updated state : STOPPED Activity : ComponentInfo{com.epic.docubay/com.epic.docubay.ui.home.activity.HomeActivity}
06-18 11:19:03.945 V/ActivityTaskManager( 3829): Sending Broadcast : Intent { act=com.jio.remote.action.applaunch flg=0x40000000 pkg=com.jio.remote.btserver (has extras) }
06-18 11:19:05.238 W/SocketClient( 3528): write error (Broken pipe)
06-18 11:19:06.467 E/TaskPersister( 3829): File error accessing recents directory (directory doesn't exist?).
06-18 11:19:08.814 I/ProcessStatsService( 3829): Pruning old procstats: /data/system/procstats/state-2025-06-11-12-01-08.bin
06-18 11:19:08.973 W/SocketClient( 3528): write error (Broken pipe)
06-18 11:19:09.251 I/UsageStatsService( 3829): User[0] Flushing usage stats to disk
06-18 11:19:13.816 I/ActivityTaskManager( 3829): START u0 {flg=0x10000000 cmp=com.discoveryplus.tv.jiotv/com.discoveryplus.tv.ui.DPlusJioTvActivity} from uid 0
06-18 11:19:13.816 D/ActivityTaskManager( 3829): recent debug: [launchedPkgName] --> com.discoveryplus.tv.jiotv [callingPackage] --> com.android.shell
06-18 11:19:13.844 V/ActivityTaskManager( 3829): Old State : null Updated state : INITIALIZING Activity : ComponentInfo{com.discoveryplus.tv.jiotv/com.discoveryplus.tv.ui.DPlusJioTvActivity}
06-18 11:19:13.844 V/ActivityTaskManager( 3829): Sending Broadcast : Intent { act=com.jio.remote.action.applaunch flg=0x40000000 pkg=com.jio.remote.btserver (has extras) }
06-18 11:19:13.850 V/ActivityTaskManager( 3829): Old State : RESUMED Updated state : PAUSING Activity : ComponentInfo{com.hoichoi.mitv/com.viewlift.hoichoi.ui.HomeActivity}
06-18 11:19:13.851 V/ActivityTaskManager( 3829): Sending Broadcast : Intent { act=com.jio.remote.action.applaunch flg=0x40000000 pkg=com.jio.remote.btserver (has extras) }
06-18 11:19:13.866 V/ActivityTaskManager( 3829): Old State : PAUSING Updated state : PAUSED Activity : ComponentInfo{com.hoichoi.mitv/com.viewlift.hoichoi.ui.HomeActivity}
06-18 11:19:13.866 V/ActivityTaskManager( 3829): Sending Broadcast : Intent { act=com.jio.remote.action.applaunch flg=0x40000000 pkg=com.jio.remote.btserver (has extras) }
06-18 11:19:13.871 D/CompatibilityChangeReporter( 3829): Compat change id reported: 135634846; UID 10092; state: DISABLED
06-18 11:19:13.872 D/CompatibilityChangeReporter( 3829): Compat change id reported: 143937733; UID 10092; state: ENABLED
06-18 11:19:13.881 W/ProcessCpuTracker( 3829): Failed to stat(/proc/30429): android.system.ErrnoException: stat failed: ENOENT (No such file or directory)
06-18 11:19:13.882 W/ProcessCpuTracker( 3829): Skipping unknown process pid 30429
06-18 11:19:13.882 W/ProcessCpuTracker( 3829): Failed to stat(/proc/30431): android.system.ErrnoException: stat failed: ENOENT (No such file or directory)
06-18 11:19:13.882 W/ProcessCpuTracker( 3829): Skipping unknown process pid 30431
06-18 11:19:13.898 I/ActivityManager( 3829): Start proc 30437:com.discoveryplus.tv.jiotv/u0a92 for pre-top-activity {com.discoveryplus.tv.jiotv/com.discoveryplus.tv.ui.DPlusJioTvActivity}
06-18 11:19:13.951 V/ActivityTaskManager( 3829): Old State : INITIALIZING Updated state : RESUMED Activity : ComponentInfo{com.discoveryplus.tv.jiotv/com.discoveryplus.tv.ui.DPlusJioTvActivity}
06-18 11:19:13.951 V/ActivityTaskManager( 3829): Sending Broadcast : Intent { act=com.jio.remote.action.applaunch flg=0x40000000 pkg=com.jio.remote.btserver (has extras) }
06-18 11:19:13.970 E/ActivityThread( 7610): Failed to find provider info for com.google.android.gms.phenotype
06-18 11:19:14.704 D/ConnectivityService( 3829): NetReassign [no changes]
06-18 11:19:14.884 V/ActivityTaskManager( 3829): Old State : PAUSED Updated state : STOPPING Activity : ComponentInfo{com.hoichoi.mitv/com.viewlift.hoichoi.ui.HomeActivity}
