06-18 11:11:34.426 D/AutofillManagerService( 3829): onBackKeyPressed()
06-18 11:11:34.435 I/UsageStatsService( 3829): User[0] Flushing usage stats to disk
06-18 11:11:35.286 D/AutofillManagerService( 3829): onBackKeyPressed()
06-18 11:11:35.919 W/[ 1361.469755@3]- RTW(    0): Turbo EDCA =0x5ea42b
06-18 11:11:36.104 V/ActivityTaskManager( 3829): Old State : RESUMED Updated state : PAUSING Activity : ComponentInfo{com.zee5.aosp/com.zee5.androidtv.home.presentation.HomeActivity}
06-18 11:11:36.104 V/ActivityTaskManager( 3829): Sending Broadcast : Intent { act=com.jio.remote.action.applaunch flg=0x40000000 pkg=com.jio.remote.btserver (has extras) }
06-18 11:11:36.139 V/ActivityTaskManager( 3829): Old State : PAUSING Updated state : PAUSED Activity : ComponentInfo{com.zee5.aosp/com.zee5.androidtv.home.presentation.HomeActivity}
06-18 11:11:36.140 V/ActivityTaskManager( 3829): Old State : PAUSED Updated state : STOPPING Activity : ComponentInfo{com.zee5.aosp/com.zee5.androidtv.home.presentation.HomeActivity}
06-18 11:11:36.140 V/ActivityTaskManager( 3829): Sending Broadcast : Intent { act=com.jio.remote.action.applaunch flg=0x40000000 pkg=com.jio.remote.btserver (has extras) }
06-18 11:11:36.140 V/ActivityTaskManager( 3829): Sending Broadcast : Intent { act=com.jio.remote.action.applaunch flg=0x40000000 pkg=com.jio.remote.btserver (has extras) }
06-18 11:11:36.151 V/ActivityTaskManager( 3829): Old State : STOPPED Updated state : RESUMED Activity : ComponentInfo{com.amazon.amazonvideo.livingroom/com.amazon.ignition.IgnitionActivity}
06-18 11:11:36.151 V/ActivityTaskManager( 3829): Sending Broadcast : Intent { act=com.jio.remote.action.applaunch flg=0x40000000 pkg=com.jio.remote.btserver (has extras) }
06-18 11:11:36.693 V/ActivityTaskManager( 3829): Old State : STOPPING Updated state : FINISHING Activity : ComponentInfo{com.zee5.aosp/com.zee5.androidtv.home.presentation.HomeActivity}
06-18 11:11:36.693 V/ActivityTaskManager( 3829): Sending Broadcast : Intent { act=com.jio.remote.action.applaunch flg=0x40000000 pkg=com.jio.remote.btserver (has extras) }
06-18 11:11:36.696 V/ActivityTaskManager( 3829): Old State : FINISHING Updated state : DESTROYING Activity : ComponentInfo{com.zee5.aosp/com.zee5.androidtv.home.presentation.HomeActivity}
06-18 11:11:36.701 V/ActivityTaskManager( 3829): Sending Broadcast : Intent { act=com.jio.remote.action.applaunch flg=0x40000000 pkg=com.jio.remote.btserver (has extras) }
06-18 11:11:36.721 D/ConnectivityService( 3829): releasing NetworkRequest [ TRACK_DEFAULT id=43, [ Capabilities: INTERNET&NOT_RESTRICTED&TRUSTED Uid: 10096 AdministratorUids: [] RequestorUid: 10096 RequestorPackageName: com.zee5.aosp] ] (release request)
06-18 11:11:36.810 V/ActivityTaskManager( 3829): Old State : DESTROYING Updated state : DESTROYED Activity : ComponentInfo{com.zee5.aosp/com.zee5.androidtv.home.presentation.HomeActivity}
06-18 11:11:36.811 V/ActivityTaskManager( 3829): Sending Broadcast : Intent { act=com.jio.remote.action.applaunch flg=0x40000000 pkg=com.jio.remote.btserver (has extras) }
06-18 11:11:36.927 W/[ 1362.473564@0]- RTW(    0): fill_default_txdesc(wlan0): SP Packet(0x0806) rate=0x4 SeqNum = 1182
06-18 11:11:37.166 D/AutofillManagerService( 3829): onBackKeyPressed()
06-18 11:11:37.939 W/[ 1363.485780@1]- RTW(    0): Turbo EDCA =0xa42b
06-18 11:11:39.734 E/TaskPersister( 3829): File error accessing recents directory (directory doesn't exist?).
06-18 11:11:39.825 V/ActivityTaskManager( 3829): Old State : RESUMED Updated state : PAUSING Activity : ComponentInfo{com.amazon.amazonvideo.livingroom/com.amazon.ignition.IgnitionActivity}
06-18 11:11:39.825 V/ActivityTaskManager( 3829): Sending Broadcast : Intent { act=com.jio.remote.action.applaunch flg=0x40000000 pkg=com.jio.remote.btserver (has extras) }
06-18 11:11:39.832 V/ActivityTaskManager( 3829): Old State : PAUSING Updated state : PAUSED Activity : ComponentInfo{com.amazon.amazonvideo.livingroom/com.amazon.ignition.IgnitionActivity}
06-18 11:11:39.832 V/ActivityTaskManager( 3829): Sending Broadcast : Intent { act=com.jio.remote.action.applaunch flg=0x40000000 pkg=com.jio.remote.btserver (has extras) }
06-18 11:11:39.834 V/ActivityTaskManager( 3829): Old State : PAUSED Updated state : STOPPING Activity : ComponentInfo{com.amazon.amazonvideo.livingroom/com.amazon.ignition.IgnitionActivity}
06-18 11:11:39.834 V/ActivityTaskManager( 3829): Sending Broadcast : Intent { act=com.jio.remote.action.applaunch flg=0x40000000 pkg=com.jio.remote.btserver (has extras) }
06-18 11:11:39.838 V/ActivityTaskManager( 3829): Old State : STOPPED Updated state : RESUMED Activity : ComponentInfo{com.netflix.ninja/com.netflix.ninja.MainActivity}
06-18 11:11:39.838 V/ActivityTaskManager( 3829): Sending Broadcast : Intent { act=com.jio.remote.action.applaunch flg=0x40000000 pkg=com.jio.remote.btserver (has extras) }
06-18 11:11:39.954 W/[ 1365.502069@2]- RTW(    0): Turbo EDCA =0x5ea42b
06-18 11:11:40.366 V/ActivityTaskManager( 3829): Old State : FINISHING Updated state : DESTROYING Activity : ComponentInfo{com.amazon.amazonvideo.livingroom/com.amazon.ignition.IgnitionActivity}
06-18 11:11:40.367 V/ActivityTaskManager( 3829): Sending Broadcast : Intent { act=com.jio.remote.action.applaunch flg=0x40000000 pkg=com.jio.remote.btserver (has extras) }
06-18 11:11:40.368 V/ActivityTaskManager( 3829): Old State : STOPPING Updated state : FINISHING Activity : ComponentInfo{com.amazon.amazonvideo.livingroom/com.amazon.ignition.IgnitionActivity}
06-18 11:11:40.368 V/ActivityTaskManager( 3829): Sending Broadcast : Intent { act=com.jio.remote.action.applaunch flg=0x40000000 pkg=com.jio.remote.btserver (has extras) }
06-18 11:11:40.592 I/WindowManager( 3829): WIN DEATH: Window{58a6e05 u0 com.amazon.amazonvideo.livingroom/com.amazon.ignition.IgnitionActivity}
06-18 11:11:40.592 D/ActivityManager( 3829): Killed process: com.amazon.amazonvideo.livingroom
06-18 11:11:40.593 I/ActivityManager( 3829): Process com.amazon.amazonvideo.livingroom (pid 7497) has died: cch CRE 
06-18 11:11:40.599 W/WindowManager( 3829): Cannot find window which accessibility connection is added to
06-18 11:11:40.600 V/ActivityTaskManager( 3829): Old State : DESTROYING Updated state : DESTROYED Activity : ComponentInfo{com.amazon.amazonvideo.livingroom/com.amazon.ignition.IgnitionActivity}
06-18 11:11:40.601 V/ActivityTaskManager( 3829): Sending Broadcast : Intent { act=com.jio.remote.action.applaunch flg=0x40000000 pkg=com.jio.remote.btserver (has extras) }
06-18 11:11:40.637 W/ActivityManager( 3829): setHasOverlayUi called on unknown pid: 7497
06-18 11:11:41.095 D/HdmiControlService( 3829): Proccess pid: 3829 is calling oneTouchPlay.
06-18 11:11:41.099 D/HdmiControlService( 3829): Local device is under address allocation. Save OTP callback for later process.
06-18 11:11:41.102 D/AutofillManagerService( 3829): Close system dialogs
06-18 11:11:41.108 I/ActivityTaskManager( 3829): START u0 {act=android.intent.action.MAIN cat=[android.intent.category.HOME] flg=0x10000100 cmp=com.iwedia.ui.rjio.launcher.reliance/com.iwedia.ui.rjio.launcher.ui.intro.IntroActivity (has extras)} from uid 0
06-18 11:11:41.109 D/ActivityTaskManager( 3829): recent debug: [launchedPkgName] --> com.iwedia.ui.rjio.launcher.reliance [callingPackage] --> null
06-18 11:11:41.133 V/ActivityTaskManager( 3829): Old State : null Updated state : INITIALIZING Activity : ComponentInfo{com.iwedia.ui.rjio.launcher.reliance/com.iwedia.ui.rjio.launcher.ui.intro.IntroActivity}
06-18 11:11:41.133 V/ActivityTaskManager( 3829): Sending Broadcast : Intent { act=com.jio.remote.action.applaunch flg=0x40000000 pkg=com.jio.remote.btserver (has extras) }
06-18 11:11:41.135 V/ActivityTaskManager( 3829): Old State : RESUMED Updated state : PAUSING Activity : ComponentInfo{com.netflix.ninja/com.netflix.ninja.MainActivity}
06-18 11:11:41.135 V/ActivityTaskManager( 3829): Sending Broadcast : Intent { act=com.jio.remote.action.applaunch flg=0x40000000 pkg=com.jio.remote.btserver (has extras) }
06-18 11:11:41.149 V/ActivityTaskManager( 3829): Old State : PAUSING Updated state : PAUSED Activity : ComponentInfo{com.netflix.ninja/com.netflix.ninja.MainActivity}
06-18 11:11:41.149 V/ActivityTaskManager( 3829): Sending Broadcast : Intent { act=com.jio.remote.action.applaunch flg=0x40000000 pkg=com.jio.remote.btserver (has extras) }
06-18 11:11:41.151 V/ActivityTaskManager( 3829): Old State : STOPPED Updated state : RESUMED Activity : ComponentInfo{com.iwedia.ui.rjio.launcher.reliance/com.iwedia.ui.rjio.launcher.ui.intro.IntroActivity}
06-18 11:11:41.151 V/ActivityTaskManager( 3829): Sending Broadcast : Intent { act=com.jio.remote.action.applaunch flg=0x40000000 pkg=com.jio.remote.btserver (has extras) }
06-18 11:11:41.207 W/ActivityManager( 3829): Receiver with filter android.content.IntentFilter@955312d already registered for pid 4996, callerPackage is com.iwedia.ui.rjio.launcher.reliance
06-18 11:11:41.524 V/ActivityTaskManager( 3829): Old State : PAUSED Updated state : STOPPING Activity : ComponentInfo{com.netflix.ninja/com.netflix.ninja.MainActivity}
06-18 11:11:41.524 V/ActivityTaskManager( 3829): Sending Broadcast : Intent { act=com.jio.remote.action.applaunch flg=0x40000000 pkg=com.jio.remote.btserver (has extras) }
06-18 11:11:41.971 W/[ 1367.518770@3]- RTW(    0): Turbo EDCA =0xa42b
06-18 11:11:42.025 W/[ 1367.573167@2]- RTW(    0): fill_default_txdesc(wlan0): SP Packet(0x0806) rate=0x4 SeqNum = 1590
06-18 11:11:42.419 E/[ 1367.969410@3]- init(    0): Unable to set property 'audio.passthrough.enable' from uid:1041 gid:1005 pid:3661: SELinux permission check failed
06-18 11:11:42.638 V/ActivityTaskManager( 3829): Old State : STOPPING Updated state : STOPPED Activity : ComponentInfo{com.netflix.ninja/com.netflix.ninja.MainActivity}
06-18 11:11:42.638 V/ActivityTaskManager( 3829): Sending Broadcast : Intent { act=com.jio.remote.action.applaunch flg=0x40000000 pkg=com.jio.remote.btserver (has extras) }
06-18 11:11:43.109 D/WindowManager( 3829): Unhandled key: inputToken=android.os.BinderProxy@c2626d9, title=com.iwedia.ui.rjio.launcher.reliance/com.iwedia.ui.rjio.launcher.ui.intro.IntroActivity, action=0, flags=8, keyCode=19, scanCode=103, metaState=0, repeatCount=0, policyFlags=1728053249
06-18 11:11:43.109 D/WindowManager( 3829): No fallback.
06-18 11:11:43.170 D/WindowManager( 3829): Unhandled key: inputToken=android.os.BinderProxy@c2626d9, title=com.iwedia.ui.rjio.launcher.reliance/com.iwedia.ui.rjio.launcher.ui.intro.IntroActivity, action=1, flags=8, keyCode=19, scanCode=103, metaState=0, repeatCount=0, policyFlags=1728053248
06-18 11:11:43.170 D/WindowManager( 3829): No fallback.
06-18 11:11:43.494 E/TaskPersister( 3829): File error accessing recents directory (directory doesn't exist?).
06-18 11:11:43.987 W/[ 1369.533808@3]- RTW(    0): Turbo EDCA =0x5ea42b
06-18 11:11:44.463 W/[ 1370.010939@3]- audit(    0): audit_lost=1113 audit_rate_limit=5 audit_backlog_limit=64
06-18 11:11:44.463 E/[ 1370.010949@3]- audit(    0): rate limit exceeded
06-18 11:11:44.554 I/UsageStatsService( 3829): User[0] Flushing usage stats to disk
06-18 11:11:47.123 W/[ 1372.672564@1]- RTW(    0): fill_default_txdesc(wlan0): SP Packet(0x0806) rate=0x4 SeqNum = 1696
06-18 11:11:51.282 W/[ 1376.829633@1]- RTW(    0): fill_default_txdesc(wlan0): SP Packet(0x0806) rate=0x4 SeqNum = 1719
06-18 11:11:52.215 W/[ 1377.762902@3]- RTW(    0): fill_default_txdesc(wlan0): SP Packet(0x0806) rate=0x4 SeqNum = 1731
06-18 11:11:57.315 W/[ 1382.862847@3]- RTW(    0): fill_default_txdesc(wlan0): SP Packet(0x0806) rate=0x4 SeqNum = 1745
06-18 11:12:00.879 W/[ 1386.427433@2]- audit(    0): audit_lost=1114 audit_rate_limit=5 audit_backlog_limit=64
06-18 11:12:00.879 E/[ 1386.427440@2]- audit(    0): rate limit exceeded
06-18 11:12:02.243 W/[ 1387.790826@3]- RTW(    0): fill_default_txdesc(wlan0): SP Packet(0x0806) rate=0x4 SeqNum = 1778
06-18 11:12:02.519 W/[ 1388.069376@0]- healthd(    0): battery l=100 v=4 t=0.0 h=2 st=2 c=1100 fc=10000000 chg=u
06-18 11:12:07.435 W/[ 1392.985021@3]- RTW(    0): fill_default_txdesc(wlan0): SP Packet(0x0806) rate=0x4 SeqNum = 1791
06-18 11:12:10.727 I/        (    0): [ 1396.276494@0]- EXT4-fs (mmcblk0p18): re-mounted. Opts: (null)
06-18 11:12:11.499 D/[ 1397.046455@3]- logd(    0): logdr: UID=0 GID=0 PID=26416 b tail=0 logMask=99 pid=0 start=0ns timeout=0ns
06-18 11:11:54.659 I/chatty  ( 3829): uid=1000(system) android.bg identical 1 line
06-18 11:12:04.764 I/UsageStatsService( 3829): User[0] Flushing usage stats to disk
06-18 11:12:12.115 I/ActivityManager( 3829): Force stopping io.appium.uiautomator2.server appid=10075 user=0: from pid 26452
06-18 11:12:12.122 I/ActivityManager( 3829): Force stopping io.appium.uiautomator2.server.test appid=10066 user=0: from pid 26453
06-18 11:12:12.514 W/[ 1398.062867@1]- RTW(    0): fill_default_txdesc(wlan0): SP Packet(0x0806) rate=0x4 SeqNum = 2883
06-18 11:12:13.028 I/ActivityManager( 3829): Force stopping io.appium.uiautomator2.server appid=10075 user=0: start instr
06-18 11:12:13.032 D/CompatibilityChangeReporter( 3829): Compat change id reported: 135634846; UID 10075; state: DISABLED
06-18 11:12:13.034 D/CompatibilityChangeReporter( 3829): Compat change id reported: 143937733; UID 10075; state: ENABLED
06-18 11:12:13.051 I/ActivityManager( 3829): Start proc 26478:io.appium.uiautomator2.server/u0a75 for added application io.appium.uiautomator2.server
06-18 11:12:14.728 W/WindowManager( 3829): removeWindowToken: Attempted to remove non-existing token: android.os.Binder@d4c646c
06-18 11:12:14.869 I/UsageStatsService( 3829): User[0] Flushing usage stats to disk
06-18 11:12:16.801 D/WindowManager( 3829): Unhandled key: inputToken=android.os.BinderProxy@c2626d9, title=com.iwedia.ui.rjio.launcher.reliance/com.iwedia.ui.rjio.launcher.ui.intro.IntroActivity, action=0, flags=0, keyCode=4, scanCode=0, metaState=0, repeatCount=0, policyFlags=1795162112
06-18 11:12:16.801 D/WindowManager( 3829): No fallback.
06-18 11:12:16.804 D/AutofillManagerService( 3829): onBackKeyPressed()
06-18 11:12:16.807 D/WindowManager( 3829): Unhandled key: inputToken=android.os.BinderProxy@c2626d9, title=com.iwedia.ui.rjio.launcher.reliance/com.iwedia.ui.rjio.launcher.ui.intro.IntroActivity, action=1, flags=0, keyCode=4, scanCode=0, metaState=0, repeatCount=0, policyFlags=1795162112
06-18 11:12:16.807 D/WindowManager( 3829): No fallback.
06-18 11:12:16.995 W/[ 1402.543859@0]- RTW(    0): fill_default_txdesc(wlan0): SP Packet(0x0806) rate=0x4 SeqNum = 3662
06-18 11:12:17.160 I/ActivityTaskManager( 3829): START u0 {flg=0x10000000 cmp=in.startv.hotstar/com.hotstar.MainActivity} from uid 0
06-18 11:12:17.160 D/ActivityTaskManager( 3829): recent debug: [launchedPkgName] --> in.startv.hotstar [callingPackage] --> com.android.shell
06-18 11:12:17.183 V/ActivityTaskManager( 3829): Old State : null Updated state : INITIALIZING Activity : ComponentInfo{in.startv.hotstar/com.hotstar.MainActivity}
06-18 11:12:17.183 V/ActivityTaskManager( 3829): Sending Broadcast : Intent { act=com.jio.remote.action.applaunch flg=0x40000000 pkg=com.jio.remote.btserver (has extras) }
06-18 11:12:17.190 V/ActivityTaskManager( 3829): Old State : RESUMED Updated state : PAUSING Activity : ComponentInfo{com.iwedia.ui.rjio.launcher.reliance/com.iwedia.ui.rjio.launcher.ui.intro.IntroActivity}
06-18 11:12:17.191 V/ActivityTaskManager( 3829): Sending Broadcast : Intent { act=com.jio.remote.action.applaunch flg=0x40000000 pkg=com.jio.remote.btserver (has extras) }
06-18 11:12:17.204 D/CompatibilityChangeReporter( 3829): Compat change id reported: 135634846; UID 10098; state: DISABLED
06-18 11:12:17.205 D/CompatibilityChangeReporter( 3829): Compat change id reported: 143937733; UID 10098; state: ENABLED
06-18 11:12:17.205 V/ActivityTaskManager( 3829): Old State : PAUSING Updated state : PAUSED Activity : ComponentInfo{com.iwedia.ui.rjio.launcher.reliance/com.iwedia.ui.rjio.launcher.ui.intro.IntroActivity}
06-18 11:12:17.205 V/ActivityTaskManager( 3829): Sending Broadcast : Intent { act=com.jio.remote.action.applaunch flg=0x40000000 pkg=com.jio.remote.btserver (has extras) }
06-18 11:12:17.226 I/ActivityManager( 3829): Start proc 26554:in.startv.hotstar/u0a98 for pre-top-activity {in.startv.hotstar/com.hotstar.MainActivity}
06-18 11:12:17.284 V/ActivityTaskManager( 3829): Old State : INITIALIZING Updated state : RESUMED Activity : ComponentInfo{in.startv.hotstar/com.hotstar.MainActivity}
06-18 11:12:17.284 V/ActivityTaskManager( 3829): Sending Broadcast : Intent { act=com.jio.remote.action.applaunch flg=0x40000000 pkg=com.jio.remote.btserver (has extras) }
06-18 11:12:17.879 D/ConnectivityService( 3829): NetReassign [no changes]
06-18 11:12:18.474 V/ActivityTaskManager( 3829): Old State : PAUSED Updated state : STOPPING Activity : ComponentInfo{com.iwedia.ui.rjio.launcher.reliance/com.iwedia.ui.rjio.launcher.ui.intro.IntroActivity}
06-18 11:12:18.474 V/ActivityTaskManager( 3829): Sending Broadcast : Intent { act=com.jio.remote.action.applaunch flg=0x40000000 pkg=com.jio.remote.btserver (has extras) }
06-18 11:12:18.599 D/CompatibilityChangeReporter( 3829): Compat change id reported: 136274596; UID 10098; state: ENABLED
06-18 11:12:18.636 V/ActivityTaskManager( 3829): Old State : STOPPING Updated state : STOPPED Activity : ComponentInfo{com.iwedia.ui.rjio.launcher.reliance/com.iwedia.ui.rjio.launcher.ui.intro.IntroActivity}
06-18 11:12:18.636 V/ActivityTaskManager( 3829): Sending Broadcast : Intent { act=com.jio.remote.action.applaunch flg=0x40000000 pkg=com.jio.remote.btserver (has extras) }
06-18 11:12:19.988 D/PackageManager( 3829): Instant App installer not found with android.intent.action.INSTALL_INSTANT_APP_PACKAGE
06-18 11:12:19.988 D/PackageManager( 3829): Clear ephemeral installer activity
06-18 11:12:21.028 I/AppsFilter( 3829): interaction: PackageSetting{e1bbe67 io.appium.uiautomator2.server.test/10066} -> PackageSetting{7566dca in.startv.hotstar/10098} BLOCKED
06-18 11:12:21.029 I/AppsFilter( 3829): interaction: PackageSetting{8f524bd io.appium.settings/10063} -> PackageSetting{7566dca in.startv.hotstar/10098} BLOCKED
06-18 11:12:21.045 I/RoleManagerService( 3829): Granting default roles...
06-18 11:12:21.325 E/TaskPersister( 3829): File error accessing recents directory (directory doesn't exist?).
06-18 11:12:21.915 W/[ 1407.462413@3]- RTW(    0): fill_default_txdesc(wlan0): SP Packet(0x0806) rate=0x4 SeqNum = 290
06-18 11:12:24.959 I/UsageStatsService( 3829): User[0] Flushing usage stats to disk
06-18 11:12:26.871 W/[ 1412.420268@0]- RTW(    0): fill_default_txdesc(wlan0): SP Packet(0x0806) rate=0x4 SeqNum = 733
06-18 11:12:27.786 I/ActivityTaskManager( 3829): START u0 {flg=0x10000000 cmp=com.netflix.ninja/.MainActivity} from uid 0
06-18 11:12:27.786 D/ActivityTaskManager( 3829): recent debug: [launchedPkgName] --> com.netflix.ninja [callingPackage] --> com.android.shell
06-18 11:12:27.797 V/ActivityTaskManager( 3829): Old State : null Updated state : INITIALIZING Activity : ComponentInfo{com.netflix.ninja/com.netflix.ninja.MainActivity}
06-18 11:12:27.797 V/ActivityTaskManager( 3829): Sending Broadcast : Intent { act=com.jio.remote.action.applaunch flg=0x40000000 pkg=com.jio.remote.btserver (has extras) }
06-18 11:12:27.801 V/ActivityTaskManager( 3829): Old State : RESUMED Updated state : PAUSING Activity : ComponentInfo{in.startv.hotstar/com.hotstar.MainActivity}
06-18 11:12:27.801 V/ActivityTaskManager( 3829): Sending Broadcast : Intent { act=com.jio.remote.action.applaunch flg=0x40000000 pkg=com.jio.remote.btserver (has extras) }
06-18 11:12:27.829 V/ActivityTaskManager( 3829): Old State : STOPPED Updated state : RESUMED Activity : ComponentInfo{com.netflix.ninja/com.netflix.ninja.MainActivity}
06-18 11:12:27.829 V/ActivityTaskManager( 3829): Sending Broadcast : Intent { act=com.jio.remote.action.applaunch flg=0x40000000 pkg=com.jio.remote.btserver (has extras) }
06-18 11:12:27.831 V/ActivityTaskManager( 3829): Old State : PAUSING Updated state : PAUSED Activity : ComponentInfo{in.startv.hotstar/com.hotstar.MainActivity}
06-18 11:12:27.831 V/ActivityTaskManager( 3829): Sending Broadcast : Intent { act=com.jio.remote.action.applaunch flg=0x40000000 pkg=com.jio.remote.btserver (has extras) }
06-18 11:12:28.317 V/ActivityTaskManager( 3829): Old State : PAUSED Updated state : STOPPING Activity : ComponentInfo{in.startv.hotstar/com.hotstar.MainActivity}
06-18 11:12:28.351 V/ActivityTaskManager( 3829): Sending Broadcast : Intent { act=com.jio.remote.action.applaunch flg=0x40000000 pkg=com.jio.remote.btserver (has extras) }
06-18 11:12:28.475 V/ActivityTaskManager( 3829): Old State : STOPPING Updated state : STOPPED Activity : ComponentInfo{in.startv.hotstar/com.hotstar.MainActivity}
06-18 11:12:28.475 V/ActivityTaskManager( 3829): Sending Broadcast : Intent { act=com.jio.remote.action.applaunch flg=0x40000000 pkg=com.jio.remote.btserver (has extras) }
06-18 11:12:29.575 I/[ 1415.122881@2]- resman(    0): 33 appname:OMX-26, type=0
06-18 11:12:29.619 I/[ 1415.167198@1]- resman(    0): 33 acquire [codec_mm], preempt yes
06-18 11:12:29.619 I/[ 1415.167209@1]- resman(    0): 33 score 160 secure yes
06-18 11:12:29.619 I/[ 1415.167213@1]- resman(    0): 33 acquire [codec_mm] success
06-18 11:12:29.619 I/[ 1415.169646@3]- resman(    0): 35 appname:secmem, type=3
06-18 11:12:29.621 I/[ 1415.171993@3]- resman(    0): 35 acquire [tvp], preempt yes
06-18 11:12:29.672 I/        (    0): [ 1415.221764@3]- protect tvp 0 5 ret 0 56f00000 3540000
06-18 11:12:29.672 I/        (    0): [ 1415.221773@3]- enable tvp for 1
06-18 11:12:29.672 I/        (    0): [ 1415.221777@3]- tvp_user_count is 1
06-18 11:12:29.672 I/[ 1415.221783@3]- resman(    0): 35 acquire [tvp] success
06-18 11:12:29.733 D/        (    0): [ 1415.274208@1]- the demux           clock on, ref cnt: 2
06-18 11:12:29.733 D/        (    0): [ 1415.274217@1]- the parser_top      clock on, ref cnt: 2
06-18 11:12:29.733 D/        (    0): [ 1415.274228@1]- the vdec            clock on, ref cnt: 1
06-18 11:12:29.733 D/        (    0): [ 1415.274251@1]- the clk_vdec_mux    clock on, ref cnt: 1
06-18 11:12:29.733 D/        (    0): [ 1415.274284@1]- vdec mux clock is 499999992 Hz
06-18 11:12:29.733 D/        (    0): [ 1415.274420@1]- vdec_create instance 00000000e44ac5a7, total 1, PM: legacy
06-18 11:12:29.733 D/        (    0): [ 1415.274509@1]- set drmmode
06-18 11:12:29.733 I/        (    0): [ 1415.274784@1]- is_reset=0
06-18 11:12:29.733 I/        (    0): [ 1415.274815@1]- vdec_init, dev_name:ammvdec_h264, vdec_type=VDEC_TYPE_FRAME_BLOCK  id = 0
06-18 11:12:29.733 D/        (    0): [ 1415.276635@1]- ammvdec_h264_mmu_init tvp = 0x4 mmu_enable 0
06-18 11:12:29.733 D/        (    0): [ 1415.276642@1]- decoder_bmmu_box_alloc_box, tvp_flags = 4
06-18 11:12:29.733 D/[ 1415.276718@1]- 0(    0): ammvdec_h264_probe mmu_enable 0 double_write_mode 0x3
06-18 11:12:29.733 D/[ 1415.276760@1]- 0(    0): ammvdec_h264 mem-addr=0,buff_offset=56f10000,buf_start=56f00000
06-18 11:12:29.733 D/        (    0): [ 1415.276800@1]- vdec mux clock is 666666656 Hz
06-18 11:12:29.733 D/        (    0): [ 1415.276805@1]- vdec1 video changed to 3840 x 2160 60 fps clk->667MHZ
06-18 11:12:29.733 W/        (    0): [ 1415.276811@1]- H264 sysinfo: 1920x1080 duration=3840, pts_outside=1
06-18 11:12:29.733 D/        (    0): [ 1415.276814@1]- sync_outside=0, use_idr_framerate=0, is_used_v4l: 0
06-18 11:12:29.733 I/        (    0): [ 1415.276887@1]- [TEE], the fw (h264_multi) will be loaded.
06-18 11:12:29.733 D/        (    0): [ 1415.277593@3]- vh264_init, phy_addr=7446e000 vaddr=000000000ba4c0a2
06-18 11:12:29.734 D/        (    0): [ 1415.278721@1]- vfm map vdec-map-0 created
06-18 11:12:29.734 I/[ 1415.278743@1]- dim(    0): ch[1]:di_receiver_event_fun,8:_REG
06-18 11:12:29.734 I/[ 1415.278749@1]- dim(    0): reg:vdec.h264.00[12]
06-18 11:12:29.734 I/[ 1415.279311@3]- dim(    0): reg:use[1]ms
06-18 11:12:29.734 E/[ 1415.279337@3]- reg(    0): v4lvideo
06-18 11:12:29.734 I/[ 1415.279346@3]- dim(    0): ch[1]:di_receiver_event_fun,3:_START
06-18 11:12:29.734 D/        (    0): [ 1415.279352@3]- vdec_init, vf_provider_name = vdec.h264.00, b 0
06-18 11:12:29.734 I/        (    0): [ 1415.279369@3]- vdec->port_flag=0x182, port_flag=0x18b
06-18 11:12:29.734 D/[ 1415.283444@3]- v4lvid(    0): dbg: v4lvideo open
06-18 11:12:30.291 D/[ 1415.841594@2]- 0(    0): AV_SCRATCH_1 = 841fe078, AV_SCRATCH_2 1a067
06-18 11:12:30.291 D/[ 1415.841650@2]- 0(    0): chroma_format_idc = 1 frame_mbs_only_flag 1, crop_bottom 8,  frame_height 1080,
06-18 11:12:30.291 D/[ 1415.841655@2]- 0(    0): mb_height 68,crop_right 0, frame_width 1920, mb_width 120
06-18 11:12:30.292 D/[ 1415.841660@2]- 0(    0): level_idc = 40 pic_size = 3133440 size = 4
06-18 11:12:30.292 D/[ 1415.841721@2]- 0(    0): mb height/widht/total: 44/78/1fe0 level_idc 28 max_ref_num 4
06-18 11:12:30.292 D/[ 1415.841727@2]- 0(    0): restriction_flag=1, max_dec_frame_buffering=4, dec_dpb_size=6 num_reorder_frames 2 used_reorder_dpb_size_margin 9
06-18 11:12:30.292 D/[ 1415.841732@2]- 0(    0): vh264_set_params active_buf_spec_num 15 dec_dpb_size 6 collocate_buf_num 8
06-18 11:12:30.293 D/[ 1415.843980@2]- 0(    0): num_ref_frames change from 0 to 4
06-18 11:12:30.305 I/[ 1415.851397@0]- dim(    0): value reg:ch[1]:fix_buf:0;ponly <0,0>
06-18 11:12:30.305 I/[ 1415.851415@0]- dim(    0): 1920x1080-0x9000.
06-18 11:12:30.305 I/[ 1415.853637@3]- v4lvideo(    0): provider name: vdec.h264.00
06-18 11:12:30.342 D/        (    0): [ 1415.889951@2]- cal_dur_from_pts vstatus 3840 dur3600 -> 3840, revised 3840
06-18 11:12:30.351 I/[ 1415.900564@2]- vframe_rate_uevent(    0): sent uevent FRAME_RATE_HINT=3840
06-18 11:12:30.355 W/[ 1415.905336@2]- RTW(    0): Turbo EDCA =0xa42b
06-18 11:12:30.874 E/TaskPersister( 3829): File error accessing recents directory (directory doesn't exist?).
06-18 11:12:31.811 W/[ 1417.360697@0]- RTW(    0): fill_default_txdesc(wlan0): SP Packet(0x0806) rate=0x4 SeqNum = 2262
06-18 11:12:33.753 I/ActivityManager( 3829): Force stopping in.startv.hotstar appid=10098 user=0: from pid 4894
06-18 11:12:33.754 I/ActivityManager( 3829): Killing 26554:in.startv.hotstar/u0a98 (adj 700): stop in.startv.hotstar due to from pid 4894
06-18 11:12:33.758 W/ActivityTaskManager( 3829): Force removing ActivityRecord{daffc00 u0 in.startv.hotstar/com.hotstar.MainActivity t2150 f}}: app died, no saved state
06-18 11:12:33.763 V/ActivityTaskManager( 3829): Old State : STOPPED Updated state : DESTROYED Activity : ComponentInfo{in.startv.hotstar/com.hotstar.MainActivity}
06-18 11:12:33.764 V/ActivityTaskManager( 3829): Sending Broadcast : Intent { act=com.jio.remote.action.applaunch flg=0x40000000 pkg=com.jio.remote.btserver (has extras) }
06-18 11:12:33.808 I/ActivityManager( 3829): Force stopping in.startv.hotstar appid=10098 user=0: from pid 4894
06-18 11:12:33.832 I/ActivityManager( 3829): Force stopping in.startv.hotstar appid=10098 user=0: from pid 4894
06-18 11:12:33.872 I/chatty  ( 3829): uid=1000(system) Binder:3829_1 identical 5 lines
06-18 11:12:33.885 I/ActivityManager( 3829): Force stopping in.startv.hotstar appid=10098 user=0: from pid 4894
06-18 11:12:33.896 I/ActivityManager( 3829): Force stopping in.startv.hotstar appid=10098 user=0: from pid 4894
06-18 11:12:34.022 D/ConnectivityService( 3829): ConnectivityService NetworkRequestInfo binderDied(NetworkRequest [ LISTEN id=44, [ Capabilities: INTERNET&NOT_RESTRICTED&TRUSTED&NOT_VPN&FOREGROUND Uid: 10098 AdministratorUids: [] RequestorUid: 10098 RequestorPackageName: in.startv.hotstar] ], android.os.BinderProxy@12faf45)
06-18 11:12:34.025 W/WindowManager( 3829): Cannot find window which accessibility connection is added to
06-18 11:12:34.026 W/ActivityManager( 3829): setHasOverlayUi called on unknown pid: 26554
06-18 11:12:35.063 I/UsageStatsService( 3829): User[0] Flushing usage stats to disk
06-18 11:12:36.819 E/TaskPersister( 3829): File error accessing recents directory (directory doesn't exist?).
06-18 11:12:36.855 W/[ 1422.404064@2]- RTW(    0): fill_default_txdesc(wlan0): SP Packet(0x0806) rate=0x4 SeqNum = 12
06-18 11:12:38.234 I/ActivityTaskManager( 3829): START u0 {flg=0x10000000 cmp=com.amazon.amazonvideo.livingroom/com.amazon.ignition.IgnitionActivity} from uid 0
06-18 11:12:38.234 D/ActivityTaskManager( 3829): recent debug: [launchedPkgName] --> com.amazon.amazonvideo.livingroom [callingPackage] --> com.android.shell
06-18 11:12:38.248 V/ActivityTaskManager( 3829): Old State : null Updated state : INITIALIZING Activity : ComponentInfo{com.amazon.amazonvideo.livingroom/com.amazon.ignition.IgnitionActivity}
06-18 11:12:38.248 V/ActivityTaskManager( 3829): Sending Broadcast : Intent { act=com.jio.remote.action.applaunch flg=0x40000000 pkg=com.jio.remote.btserver (has extras) }
06-18 11:12:38.258 V/ActivityTaskManager( 3829): Old State : RESUMED Updated state : PAUSING Activity : ComponentInfo{com.netflix.ninja/com.netflix.ninja.MainActivity}
06-18 11:12:38.258 V/ActivityTaskManager( 3829): Sending Broadcast : Intent { act=com.jio.remote.action.applaunch flg=0x40000000 pkg=com.jio.remote.btserver (has extras) }
06-18 11:12:38.279 D/CompatibilityChangeReporter( 3829): Compat change id reported: 135634846; UID 10071; state: DISABLED
06-18 11:12:38.279 D/CompatibilityChangeReporter( 3829): Compat change id reported: 143937733; UID 10071; state: ENABLED
06-18 11:12:38.280 V/ActivityTaskManager( 3829): Old State : PAUSING Updated state : PAUSED Activity : ComponentInfo{com.netflix.ninja/com.netflix.ninja.MainActivity}
06-18 11:12:38.280 V/ActivityTaskManager( 3829): Sending Broadcast : Intent { act=com.jio.remote.action.applaunch flg=0x40000000 pkg=com.jio.remote.btserver (has extras) }
06-18 11:12:38.319 I/ActivityManager( 3829): Start proc 26828:com.amazon.amazonvideo.livingroom/u0a71 for pre-top-activity {com.amazon.amazonvideo.livingroom/com.amazon.ignition.IgnitionActivity}
06-18 11:12:38.375 V/ActivityTaskManager( 3829): Old State : INITIALIZING Updated state : RESUMED Activity : ComponentInfo{com.amazon.amazonvideo.livingroom/com.amazon.ignition.IgnitionActivity}
06-18 11:12:38.375 V/ActivityTaskManager( 3829): Sending Broadcast : Intent { act=com.jio.remote.action.applaunch flg=0x40000000 pkg=com.jio.remote.btserver (has extras) }
06-18 11:12:38.939 W/[ 1424.486759@1]- RTW(    0): cfg80211_rtw_set_power_mgmt(wlan0) enabled:0, timeout:-1
06-18 11:12:39.003 W/[ 1424.552293@1]- RTW(    0): cfg80211_rtw_scan(wlan0)
06-18 11:12:39.003 W/[ 1424.552315@1]- RTW(    0): cfg80211_rtw_scan (wlan0) tx:433, rx:43538, bi:43971 kbps, disallow(1)
06-18 11:12:39.003 W/[ 1424.552319@1]- RTW(    0): cfg80211_rtw_scan (wlan0) : scan abort!! BusyTraffic
06-18 11:12:39.007 I/        (    0): [ 1424.556130@2]- is_reset=1
06-18 11:12:39.007 I/[ 1424.556406@2]- vframe_rate_uevent(    0): sent uevent FRAME_RATE_HINT=0
06-18 11:12:39.007 I/[ 1424.556462@2]- dim(    0): ch[1]:di_receiver_event_fun,1:_UNREG
06-18 11:12:39.007 E/[ 1424.556486@2]- unreg(    0): v4lvideo
06-18 11:12:39.007 I/[ 1424.556547@0]- dim(    0): unreg:2keep[0], msk:[0x0,0x0]
06-18 11:12:39.019 I/[ 1424.567840@3]- dim(    0): unreg:use[11]ms
06-18 11:12:39.019 D/        (    0): [ 1424.567874@3]- vdec_disable_DMC input->target= 0x0
06-18 11:12:39.019 D/[ 1424.568011@3]- 0(    0): vh264_stop
06-18 11:12:39.019 D/        (    0): [ 1424.568489@3]- vdec_release instance 00000000e44ac5a7, total 1 id = 0
06-18 11:12:39.019 D/        (    0): [ 1424.568560@3]- the clk_vdec_mux    clock off, ref cnt: 0
06-18 11:12:39.019 D/        (    0): [ 1424.568570@3]- the vdec            clock off, ref cnt: 0
06-18 11:12:39.019 D/        (    0): [ 1424.568574@3]- the parser_top      clock off, ref cnt: 1
06-18 11:12:39.019 D/        (    0): [ 1424.568578@3]- the demux           clock off, ref cnt: 1
06-18 11:12:39.019 D/        (    0): [ 1424.568685@3]- the demux           clock on, ref cnt: 2
06-18 11:12:39.019 D/        (    0): [ 1424.568691@3]- the parser_top      clock on, ref cnt: 2
06-18 11:12:39.019 D/        (    0): [ 1424.568697@3]- the vdec            clock on, ref cnt: 1
06-18 11:12:39.019 D/        (    0): [ 1424.568717@3]- the clk_vdec_mux    clock on, ref cnt: 1
06-18 11:12:39.019 D/        (    0): [ 1424.568750@3]- vdec mux clock is 499999992 Hz
06-18 11:12:39.019 D/        (    0): [ 1424.568834@3]- vdec_create instance 0000000067eb2aec, total 1, PM: legacy
06-18 11:12:39.019 D/        (    0): [ 1424.568871@3]- set drmmode
06-18 11:12:39.019 I/        (    0): [ 1424.568929@3]- is_reset=1
06-18 11:12:39.019 I/        (    0): [ 1424.568957@3]- vdec_init, dev_name:ammvdec_h264, vdec_type=VDEC_TYPE_FRAME_BLOCK  id = 0
06-18 11:12:39.019 D/        (    0): [ 1424.570056@3]- ammvdec_h264_mmu_init tvp = 0x4 mmu_enable 0
06-18 11:12:39.019 D/        (    0): [ 1424.570064@3]- decoder_bmmu_box_alloc_box, tvp_flags = 4
06-18 11:12:39.019 D/[ 1424.570084@3]- 0(    0): ammvdec_h264_probe mmu_enable 0 double_write_mode 0x3
06-18 11:12:39.019 D/[ 1424.570128@3]- 0(    0): ammvdec_h264 mem-addr=0,buff_offset=56f10000,buf_start=56f00000
06-18 11:12:39.019 D/        (    0): [ 1424.570169@3]- vdec mux clock is 666666656 Hz
06-18 11:12:39.019 D/        (    0): [ 1424.570175@3]- vdec1 video changed to 3840 x 2160 60 fps clk->667MHZ
06-18 11:12:39.019 W/        (    0): [ 1424.570181@3]- H264 sysinfo: 1920x1080 duration=3840, pts_outside=1
06-18 11:12:39.019 D/        (    0): [ 1424.570187@3]- sync_outside=0, use_idr_framerate=0, is_used_v4l: 0
06-18 11:12:39.019 I/        (    0): [ 1424.570240@3]- [TEE], the fw (h264_multi) will be loaded.
06-18 11:12:39.023 D/        (    0): [ 1424.572081@1]- vh264_init, phy_addr=7446e000 vaddr=00000000e0ffb61c
06-18 11:12:39.023 D/        (    0): [ 1424.572613@2]- vfm map vdec-map-0 created
06-18 11:12:39.023 I/[ 1424.572636@2]- dim(    0): ch[1]:di_receiver_event_fun,8:_REG
06-18 11:12:39.023 I/[ 1424.572642@2]- dim(    0): reg:vdec.h264.00[13]
06-18 11:12:39.023 I/[ 1424.573191@2]- dim(    0): reg:use[1]ms
06-18 11:12:39.023 E/[ 1424.573261@2]- reg(    0): v4lvideo
06-18 11:12:39.023 I/[ 1424.573270@2]- dim(    0): ch[1]:di_receiver_event_fun,3:_START
06-18 11:12:39.023 D/        (    0): [ 1424.573276@2]- vdec_init, vf_provider_name = vdec.h264.00, b 0
06-18 11:12:39.023 I/        (    0): [ 1424.573334@2]- vdec->port_flag=0x182, port_flag=0x18b
06-18 11:12:39.027 I/        (    0): [ 1424.573852@2]- is_reset=0
06-18 11:12:39.031 I/[ 1424.580023@3]- vframe_rate_uevent(    0): sent uevent FRAME_RATE_HINT=0
06-18 11:12:39.044 I/[ 1424.580096@3]- dim(    0): ch[1]:di_receiver_event_fun,1:_UNREG
06-18 11:12:39.044 E/[ 1424.580109@3]- unreg(    0): v4lvideo
06-18 11:12:39.044 I/[ 1424.580674@1]- dim(    0): unreg:use[0]ms
06-18 11:12:39.044 D/        (    0): [ 1424.580708@1]- vdec_disable_DMC input->target= 0x0
06-18 11:12:39.044 D/[ 1424.580863@1]- 0(    0): vh264_stop
06-18 11:12:39.044 D/        (    0): [ 1424.581313@1]- vdec_release instance 0000000067eb2aec, total 1 id = 0
06-18 11:12:39.044 D/        (    0): [ 1424.581382@1]- the clk_vdec_mux    clock off, ref cnt: 0
06-18 11:12:39.044 D/        (    0): [ 1424.581392@1]- the vdec            clock off, ref cnt: 0
06-18 11:12:39.044 D/        (    0): [ 1424.581396@1]- the parser_top      clock off, ref cnt: 1
06-18 11:12:39.044 D/        (    0): [ 1424.581400@1]- the demux           clock off, ref cnt: 1
06-18 11:12:39.045 D/        (    0): [ 1424.581427@1]d v4lvideo_release_map 0 OK
06-18 11:12:39.045 E/[ 1424.590176@0]- selinux(    0): SELinux:  Could not read /sys/devices/platform/vdec/ammvdec_h264.0/power: No such file or directory.
06-18 11:12:39.045 E/[ 1424.590191@0]- selinux(    0):  
06-18 11:12:39.045 E/[ 1424.595003@1]- Warn(    0): TVP pool will release later.
06-18 11:12:39.045 I/        (    0): [ 1424.595011@1]- tvp_user_count is 0
06-18 11:12:39.045 I/[ 1424.595017@1]- resman(    0): 35 release [tvp]
06-18 11:12:39.056 D/[ 1424.597163@0]- v4lvid(    0): dbg: vidioc_close!!!!
06-18 11:12:39.056 I/[ 1424.598321@0]- resman(    0): 33 release [codec_mm]
06-18 11:12:39.083 E/[ 1424.631110@3]- Warn(    0): TVP pool will release later.
06-18 11:12:39.083 E/[ 1424.631122@3]- Warn(    0): TVP pool will release later.
06-18 11:12:39.084 E/[ 1424.631128@3]- Warn(    0): TVP pool will release later.
06-18 11:12:39.084 I/        (    0): [ 1424.631167@3]- unprotect tvp 0 handle is 5
06-18 11:12:39.087 I/        (    0): [ 1424.637292@3]- disalbe tvp
06-18 11:12:39.245 V/ActivityTaskManager( 3829): Old State : PAUSED Updated state : STOPPING Activity : ComponentInfo{com.netflix.ninja/com.netflix.ninja.MainActivity}
06-18 11:12:39.255 V/ActivityTaskManager( 3829): Sending Broadcast : Intent { act=com.jio.remote.action.applaunch flg=0x40000000 pkg=com.jio.remote.btserver (has extras) }
06-18 11:12:39.799 E/[ 1425.348282@2]- init(    0): Unable to set property 'audio.passthrough.enable' from uid:1041 gid:1005 pid:3661: SELinux permission check failed
06-18 11:12:39.991 V/ActivityTaskManager( 3829): Old State : STOPPING Updated state : STOPPED Activity : ComponentInfo{com.netflix.ninja/com.netflix.ninja.MainActivity}
06-18 11:12:39.991 V/ActivityTaskManager( 3829): Sending Broadcast : Intent { act=com.jio.remote.action.applaunch flg=0x40000000 pkg=com.jio.remote.btserver (has extras) }
06-18 11:12:41.935 W/[ 1427.482998@1]- RTW(    0): fill_default_txdesc(wlan0): SP Packet(0x0806) rate=0x4 SeqNum = 1438
06-18 11:12:42.381 E/TaskPersister( 3829): File error accessing recents directory (directory doesn't exist?).
06-18 11:12:42.451 W/[ 1427.997767@3]- RTW(    0): Turbo EDCA =0x5ea42b
06-18 11:12:44.471 W/[ 1430.017753@3]- RTW(    0): Turbo EDCA =0xa42b
06-18 11:12:45.163 I/UsageStatsService( 3829): User[0] Flushing usage stats to disk
06-18 11:12:47.051 W/[ 1432.601015@1]- RTW(    0): fill_default_txdesc(wlan0): SP Packet(0x0806) rate=0x4 SeqNum = 2396
06-18 11:12:48.499 W/[ 1434.046712@2]- RTW(    0): Turbo EDCA =0x5ea42b
06-18 11:12:48.696 I/ActivityTaskManager( 3829): START u0 {flg=0x10000000 cmp=com.jio.yt/dev.cobalt.app.MainActivity} from uid 0
06-18 11:12:48.696 D/ActivityTaskManager( 3829): recent debug: [launchedPkgName] --> com.jio.yt [callingPackage] --> com.android.shell
06-18 11:12:48.711 V/ActivityTaskManager( 3829): Old State : null Updated state : INITIALIZING Activity : ComponentInfo{com.jio.yt/dev.cobalt.app.MainActivity}
06-18 11:12:48.711 V/ActivityTaskManager( 3829): Sending Broadcast : Intent { act=com.jio.remote.action.applaunch flg=0x40000000 pkg=com.jio.remote.btserver (has extras) }
06-18 11:12:48.718 V/ActivityTaskManager( 3829): Old State : RESUMED Updated state : PAUSING Activity : ComponentInfo{com.amazon.amazonvideo.livingroom/com.amazon.ignition.IgnitionActivity}
06-18 11:12:48.718 V/ActivityTaskManager( 3829): Sending Broadcast : Intent { act=com.jio.remote.action.applaunch flg=0x40000000 pkg=com.jio.remote.btserver (has extras) }
06-18 11:12:48.729 D/CompatibilityChangeReporter( 3829): Compat change id reported: 135634846; UID 10095; state: DISABLED
06-18 11:12:48.730 D/CompatibilityChangeReporter( 3829): Compat change id reported: 143937733; UID 10095; state: ENABLED
06-18 11:12:48.739 V/ActivityTaskManager( 3829): Old State : PAUSING Updated state : PAUSED Activity : ComponentInfo{com.amazon.amazonvideo.livingroom/com.amazon.ignition.IgnitionActivity}
06-18 11:12:48.739 V/ActivityTaskManager( 3829): Sending Broadcast : Intent { act=com.jio.remote.action.applaunch flg=0x40000000 pkg=com.jio.remote.btserver (has extras) }
06-18 11:12:48.755 I/ActivityManager( 3829): Start proc 26964:com.jio.yt/u0a95 for pre-top-activity {com.jio.yt/dev.cobalt.app.MainActivity}
06-18 11:12:48.814 V/ActivityTaskManager( 3829): Old State : INITIALIZING Updated state : RESUMED Activity : ComponentInfo{com.jio.yt/dev.cobalt.app.MainActivity}
06-18 11:12:48.814 V/ActivityTaskManager( 3829): Sending Broadcast : Intent { act=com.jio.remote.action.applaunch flg=0x40000000 pkg=com.jio.remote.btserver (has extras) }
06-18 11:12:49.025 D/ConnectivityService( 3829): requestNetwork for uid/pid:10095/26964 NetworkRequest [ TRACK_DEFAULT id=45, [ Capabilities: INTERNET&NOT_RESTRICTED&TRUSTED Uid: 10095 AdministratorUids: [] RequestorUid: 10095 RequestorPackageName: com.jio.yt] ]
06-18 11:12:49.026 D/ConnectivityService( 3829): NetReassign [45 : null  100]
06-18 11:12:49.380 V/ActivityTaskManager( 3829): Old State : PAUSED Updated state : STOPPING Activity : ComponentInfo{com.amazon.amazonvideo.livingroom/com.amazon.ignition.IgnitionActivity}
06-18 11:12:49.380 V/ActivityTaskManager( 3829): Sending Broadcast : Intent { act=com.jio.remote.action.applaunch flg=0x40000000 pkg=com.jio.remote.btserver (has extras) }
06-18 11:12:50.096 V/ActivityTaskManager( 3829): Old State : STOPPING Updated state : STOPPED Activity : ComponentInfo{com.amazon.amazonvideo.livingroom/com.amazon.ignition.IgnitionActivity}
06-18 11:12:50.096 V/ActivityTaskManager( 3829): Sending Broadcast : Intent { act=com.jio.remote.action.applaunch flg=0x40000000 pkg=com.jio.remote.btserver (has extras) }
06-18 11:12:50.191 W/[ 1435.740750@0]- RTW(    0): cfg80211_rtw_set_power_mgmt(wlan0) enabled:1, timeout:-1
06-18 11:12:50.211 W/[ 1435.758311@0]- RTW(    0): cfg80211_rtw_set_power_mgmt(wlan0) enabled:0, timeout:-1
06-18 11:12:50.527 W/[ 1436.074424@3]- RTW(    0): cfg80211_rtw_set_power_mgmt(wlan0) enabled:1, timeout:-1
06-18 11:12:50.543 W/[ 1436.091895@0]- RTW(    0): cfg80211_rtw_set_power_mgmt(wlan0) enabled:0, timeout:-1
06-18 11:12:50.851 W/[ 1436.399930@0]- RTW(    0): cfg80211_rtw_set_power_mgmt(wlan0) enabled:1, timeout:-1
06-18 11:12:52.111 W/[ 1437.659972@0]- RTW(    0): fill_default_txdesc(wlan0): SP Packet(0x0806) rate=0x4 SeqNum = 3428
06-18 11:12:52.299 E/TaskPersister( 3829): File error accessing recents directory (directory doesn't exist?).
06-18 11:12:54.550 W/[ 1440.097775@3]- RTW(    0): Turbo EDCA =0xa42b
06-18 11:12:55.259 I/UsageStatsService( 3829): User[0] Flushing usage stats to disk
06-18 11:12:56.563 W/[ 1442.110928@0]- RTW(    0): Turbo EDCA =0x5ea42b
06-18 11:12:57.203 W/[ 1442.752026@0]- RTW(    0): fill_default_txdesc(wlan0): SP Packet(0x0806) rate=0x4 SeqNum = 72
06-18 11:12:59.132 I/ActivityTaskManager( 3829): START u0 {flg=0x10000000 cmp=com.zee5.aosp/com.zee5.android.launch.presentation.AppStartActivity} from uid 0
06-18 11:12:59.132 D/ActivityTaskManager( 3829): recent debug: [launchedPkgName] --> com.zee5.aosp [callingPackage] --> com.android.shell
06-18 11:12:59.139 V/ActivityTaskManager( 3829): Old State : null Updated state : INITIALIZING Activity : ComponentInfo{com.zee5.aosp/com.zee5.android.launch.presentation.AppStartActivity}
06-18 11:12:59.139 V/ActivityTaskManager( 3829): Sending Broadcast : Intent { act=com.jio.remote.action.applaunch flg=0x40000000 pkg=com.jio.remote.btserver (has extras) }
06-18 11:12:59.143 V/ActivityTaskManager( 3829): Old State : RESUMED Updated state : PAUSING Activity : ComponentInfo{com.jio.yt/dev.cobalt.app.MainActivity}
06-18 11:12:59.143 V/ActivityTaskManager( 3829): Sending Broadcast : Intent { act=com.jio.remote.action.applaunch flg=0x40000000 pkg=com.jio.remote.btserver (has extras) }
06-18 11:12:59.150 W/ActivityTaskManager( 3829): Tried to set launchTime (0) < mLastActivityLaunchTime (1356709)
06-18 11:12:59.151 V/ActivityTaskManager( 3829): Old State : PAUSING Updated state : PAUSED Activity : ComponentInfo{com.jio.yt/dev.cobalt.app.MainActivity}
06-18 11:12:59.151 V/ActivityTaskManager( 3829): Sending Broadcast : Intent { act=com.jio.remote.action.applaunch flg=0x40000000 pkg=com.jio.remote.btserver (has extras) }
06-18 11:12:59.159 V/ActivityTaskManager( 3829): Old State : INITIALIZING Updated state : RESUMED Activity : ComponentInfo{com.zee5.aosp/com.zee5.android.launch.presentation.AppStartActivity}
06-18 11:12:59.159 V/ActivityTaskManager( 3829): Sending Broadcast : Intent { act=com.jio.remote.action.applaunch flg=0x40000000 pkg=com.jio.remote.btserver (has extras) }
06-18 11:12:59.635 V/ActivityTaskManager( 3829): Old State : PAUSED Updated state : STOPPING Activity : ComponentInfo{com.jio.yt/dev.cobalt.app.MainActivity}
06-18 11:12:59.635 V/ActivityTaskManager( 3829): Sending Broadcast : Intent { act=com.jio.remote.action.applaunch flg=0x40000000 pkg=com.jio.remote.btserver (has extras) }
06-18 11:12:59.942 V/ActivityTaskManager( 3829): Old State : STOPPING Updated state : STOPPED Activity : ComponentInfo{com.jio.yt/dev.cobalt.app.MainActivity}
06-18 11:12:59.942 V/ActivityTaskManager( 3829): Sending Broadcast : Intent { act=com.jio.remote.action.applaunch flg=0x40000000 pkg=com.jio.remote.btserver (has extras) }
06-18 11:13:01.413 D/ConnectivityService( 3829): releasing NetworkRequest [ TRACK_DEFAULT id=45, [ Capabilities: INTERNET&NOT_RESTRICTED&TRUSTED Uid: 10095 AdministratorUids: [] RequestorUid: 10095 RequestorPackageName: com.jio.yt] ] (release request)
06-18 11:13:02.271 W/[ 1447.820583@0]- RTW(    0): fill_default_txdesc(wlan0): SP Packet(0x0806) rate=0x4 SeqNum = 477
06-18 11:13:02.523 W/[ 1448.069570@0]- healthd(    0): battery l=100 v=4 t=0.0 h=2 st=2 c=1100 fc=10000000 chg=u
06-18 11:13:02.714 E/TaskPersister( 3829): File error accessing recents directory (directory doesn't exist?).
06-18 11:13:04.345 I/ActivityManager( 3829): Force stopping com.jio.yt appid=10095 user=0: from pid 4894
06-18 11:13:04.346 I/ActivityManager( 3829): Killing 26964:com.jio.yt/u0a95 (adj 700): stop com.jio.yt due to from pid 4894
06-18 11:13:04.349 W/ActivityTaskManager( 3829): Force removing ActivityRecord{2b9adbe u0 com.jio.yt/dev.cobalt.app.MainActivity t2152 f}}: app died, no saved state
06-18 11:13:04.361 V/ActivityTaskManager( 3829): Old State : STOPPED Updated state : DESTROYED Activity : ComponentInfo{com.jio.yt/dev.cobalt.app.MainActivity}
06-18 11:13:04.361 V/ActivityTaskManager( 3829): Sending Broadcast : Intent { act=com.jio.remote.action.applaunch flg=0x40000000 pkg=com.jio.remote.btserver (has extras) }
06-18 11:13:04.373 I/ActivityManager( 3829): Force stopping com.jio.yt appid=10095 user=0: from pid 4894
06-18 11:13:04.386 I/ActivityManager( 3829): Force stopping com.jio.yt appid=10095 user=0: from pid 4894
06-18 11:13:04.392 I/ActivityManager( 3829): Force stopping com.jio.yt appid=10095 user=0: from pid 4894
06-18 11:13:04.398 I/ActivityManager( 3829): Force stopping com.jio.yt appid=10095 user=0: from pid 4894
06-18 11:13:04.428 I/chatty  ( 3829): uid=1000(system) Binder:3829_5 identical 4 lines
06-18 11:13:04.435 I/ActivityManager( 3829): Force stopping com.jio.yt appid=10095 user=0: from pid 4894
06-18 11:13:04.484 W/ActivityManager( 3829): setHasOverlayUi called on unknown pid: 26964
06-18 11:13:04.485 W/WindowManager( 3829): Cannot find window which accessibility connection is added to
06-18 11:13:04.556 W/SocketClient( 3528): write error (Broken pipe)
06-18 11:13:05.111 W/SocketClient( 3528): write error (Broken pipe)
06-18 11:13:05.359 I/UsageStatsService( 3829): User[0] Flushing usage stats to disk
06-18 11:13:05.591 W/SocketClient( 3528): write error (Broken pipe)
06-18 11:13:06.113 W/SocketClient( 3528): write error (Broken pipe)
06-18 11:13:07.351 W/[ 1452.898862@1]- RTW(    0): fill_default_txdesc(wlan0): SP Packet(0x0806) rate=0x4 SeqNum = 827
06-18 11:13:07.408 E/TaskPersister( 3829): File error accessing recents directory (directory doesn't exist?).
06-18 11:13:09.610 I/ActivityTaskManager( 3829): START u0 {flg=0x10000000 cmp=com.jiotv.sonyliv/com.sonyliv.ui.splash.SplashActivity} from uid 0
06-18 11:13:09.610 D/ActivityTaskManager( 3829): recent debug: [launchedPkgName] --> com.jiotv.sonyliv [callingPackage] --> com.android.shell
06-18 11:13:09.676 V/ActivityTaskManager( 3829): Old State : null Updated state : INITIALIZING Activity : ComponentInfo{com.jiotv.sonyliv/com.sonyliv.ui.splash.SplashActivity}
06-18 11:13:09.677 V/ActivityTaskManager( 3829): Sending Broadcast : Intent { act=com.jio.remote.action.applaunch flg=0x40000000 pkg=com.jio.remote.btserver (has extras) }
06-18 11:13:09.686 V/ActivityTaskManager( 3829): Old State : RESUMED Updated state : PAUSING Activity : ComponentInfo{com.zee5.aosp/com.zee5.android.launch.presentation.AppStartActivity}
06-18 11:13:09.686 V/ActivityTaskManager( 3829): Sending Broadcast : Intent { act=com.jio.remote.action.applaunch flg=0x40000000 pkg=com.jio.remote.btserver (has extras) }
06-18 11:13:09.694 D/CompatibilityChangeReporter( 3829): Compat change id reported: 135634846; UID 10090; state: DISABLED
06-18 11:13:09.695 D/CompatibilityChangeReporter( 3829): Compat change id reported: 143937733; UID 10090; state: ENABLED
06-18 11:13:09.721 I/ActivityManager( 3829): Start proc 27184:com.jiotv.sonyliv/u0a90 for pre-top-activity {com.jiotv.sonyliv/com.sonyliv.ui.splash.SplashActivity}
06-18 11:13:09.742 V/ActivityTaskManager( 3829): Old State : PAUSING Updated state : PAUSED Activity : ComponentInfo{com.zee5.aosp/com.zee5.android.launch.presentation.AppStartActivity}
06-18 11:13:09.742 V/ActivityTaskManager( 3829): Sending Broadcast : Intent { act=com.jio.remote.action.applaunch flg=0x40000000 pkg=com.jio.remote.btserver (has extras) }
06-18 11:13:09.795 V/ActivityTaskManager( 3829): Old State : INITIALIZING Updated state : RESUMED Activity : ComponentInfo{com.jiotv.sonyliv/com.sonyliv.ui.splash.SplashActivity}
06-18 11:13:09.795 V/ActivityTaskManager( 3829): Sending Broadcast : Intent { act=com.jio.remote.action.applaunch flg=0x40000000 pkg=com.jio.remote.btserver (has extras) }
06-18 11:13:10.410 D/ConnectivityService( 3829): NetReassign [no changes]
06-18 11:13:10.452 D/ConnectivityService( 3829): requestNetwork for uid/pid:10090/27184 NetworkRequest [ TRACK_DEFAULT id=47, [ Capabilities: INTERNET&NOT_RESTRICTED&TRUSTED Uid: 10090 AdministratorUids: [] RequestorUid: 10090 RequestorPackageName: com.jiotv.sonyliv] ]
06-18 11:13:10.453 D/ConnectivityService( 3829): NetReassign [47 : null  100]
