01-01 05:30:21.976 W/vold    (  243): Failed to LOOP_GET_STATUS64 /dev/block/loop2: No such device or address
01-01 05:30:21.976 W/vold    (  243): Failed to LOOP_GET_STATUS64 /dev/block/loop0: No such device or address
01-01 05:30:21.976 W/vold    (  243): Failed to LOOP_GET_STATUS64 /dev/block/loop15: No such device or address
01-01 05:30:21.976 W/vold    (  243): Failed to LOOP_GET_STATUS64 /dev/block/loop1: No such device or address
01-01 05:30:21.978 I/        (    0): [   21.821712@1]  EXT4-fs (mmcblk0p3): recovery complete
01-01 05:30:21.978 I/        (    0): [   21.822541@0]  EXT4-fs (mmcblk0p3): mounted filesystem with ordered data mode. Opts: errors=remount-ro,nomblk_io_submit
01-01 05:30:21.980 D/vold    (  243): VoldNativeService::start() completed OK
01-01 05:30:22.015 I/[   21.857408@1]  e2fsck(    0): e2fsck 1.45.4 (23-Sep-2019)
01-01 05:30:22.019 I/[   21.863023@0]  e2fsck(    0): Pass 1: Checking inodes, blocks, and sizes
01-01 05:30:22.023 I/[   21.867333@1]  e2fsck(    0): Pass 2: Checking directory structure
01-01 05:30:22.027 I/[   21.869619@1]  e2fsck(    0): Pass 3: Checking directory connectivity
01-01 05:30:22.027 I/[   21.871035@0]  e2fsck(    0): Pass 4: Checking reference counts
01-01 05:30:22.035 I/[   21.878006@1]  e2fsck(    0): Pass 5: Checking group summary information
01-01 05:30:22.054 I/[   21.898435@1]  e2fsck(    0): /dev/block/by-name/cache: 27/98304 files (0.0% non-contiguous), 14555/393216 blocks
01-01 05:30:22.059 W/        (    0): [   21.901644@1]  EXT4-fs (mmcblk0p3): Ignoring removed nomblk_io_submit option
01-01 05:30:22.059 I/        (    0): [   21.903423@1]  EXT4-fs (mmcblk0p3): mounted filesystem with ordered data mode. Opts: nodelalloc,nomblk_io_submit,errors=panic
01-01 05:30:22.079 I/[   21.920954@1]  tune2fs(    0): tune2fs 1.45.4 (23-Sep-2019)
01-01 05:30:22.079 I/[   21.923482@0]  tune2fs(    0): Warning: The journal is dirty. You may wish to replay the journal like:
01-01 05:30:22.079 I/[   21.923500@0]  tune2fs(    0):  
01-01 05:30:22.167 W/        (    0): [   22.010027@1]  EXT4-fs (mmcblk0p15): Ignoring removed nomblk_io_submit option
01-01 05:30:22.172 I/        (    0): [   22.012500@0]  EXT4-fs (mmcblk0p15): mounted filesystem with ordered data mode. Opts: nodelalloc,nomblk_io_submit,errors=panic
01-01 05:30:22.219 W/        (    0): [   22.061658@1]  EXT4-fs (mmcblk0p9): Ignoring removed nomblk_io_submit option
01-01 05:30:22.223 I/        (    0): [   22.064604@2]  EXT4-fs (mmcblk0p9): mounted filesystem with ordered data mode. Opts: nodelalloc,nomblk_io_submit,errors=panic
01-01 05:30:22.227 W/        (    0): [   22.071332@2]  FAT-fs (mmcblk0p6): Volume was not properly unmounted. Some data may be corrupt. Please run fsck.
--------- beginning of crash
01-01 05:30:22.275 F/libc    (  244): Fatal signal 6 (SIGABRT), code -1 (SI_QUEUE) in tid 244 (surfaceflinger), pid 244 (surfaceflinger)
01-01 05:30:22.303 F/DEBUG   (  273): *** *** *** *** *** *** *** *** *** *** *** *** *** *** *** ***
01-01 05:30:22.303 F/DEBUG   (  273): Build fingerprint: 'Jio/4KOTTSTB/MSTB:11/23.1.11/84:userdebug/release-keys'
01-01 05:30:22.303 F/DEBUG   (  273): Revision: '0'
01-01 05:30:22.304 F/DEBUG   (  273): ABI: 'arm'
01-01 05:30:22.307 F/DEBUG   (  273): Timestamp: 1970-01-01 05:30:22+0530
01-01 05:30:22.307 E/[   22.147696@1]  DEBUG(    0): *** *** *** *** *** *** *** *** *** *** *** *** *** *** *** ***
01-01 05:30:22.307 E/[   22.147956@1]  DEBUG(    0): Build fingerprint: 'Jio/4KOTTSTB/MSTB:11/23.1.11/84:userdebug/release-keys'
01-01 05:30:22.307 E/[   22.148064@1]  DEBUG(    0): Revision: '0'
01-01 05:30:22.307 F/DEBUG   (  273): pid: 244, tid: 244, name: surfaceflinger  >>> /system/bin/surfaceflinger <<<
01-01 05:30:22.307 E/[   22.148225@1]  DEBUG(    0): ABI: 'arm'
01-01 05:30:22.307 F/DEBUG   (  273): uid: 1000
01-01 05:30:22.307 F/DEBUG   (  273): signal 6 (SIGABRT), code -1 (SI_QUEUE), fault addr --------
01-01 05:30:22.308 F/DEBUG   (  273): Abort message: 'eglQueryStringImplementationANDROID(EGL_VERSION) failed'
01-01 05:30:22.308 F/DEBUG   (  273):     r0  00000000  r1  000000f4  r2  00000006  r3  ffbdab00
01-01 05:30:22.308 F/DEBUG   (  273):     r4  ffbdab14  r5  ffbdaaf8  r6  000000f4  r7  0000016b
01-01 05:30:22.308 F/DEBUG   (  273):     r8  ffbdab00  r9  ffbdab10  r10 ffbdab30  r11 ffbdab20
01-01 05:30:22.308 F/DEBUG   (  273):     ip  000000f4  sp  ffbdaad0  lr  e8a3dacd  pc  e8a3dae0
01-01 05:30:22.311 E/[   22.151740@1]  DEBUG(    0): Timestamp: 1970-01-01 05:30:22+0530
01-01 05:30:22.311 E/[   22.151855@1]  DEBUG(    0): pid: 244, tid: 244, name: surfaceflinger  >>> /system/bin/surfaceflinger <<<
01-01 05:30:22.311 E/[   22.151942@1]  DEBUG(    0): uid: 1000
01-01 05:30:22.311 E/[   22.152109@1]  DEBUG(    0): signal 6 (SIGABRT), code -1 (SI_QUEUE), fault addr --------
01-01 05:30:22.311 E/[   22.152246@1]  DEBUG(    0): Abort message: 'eglQueryStringImplementationANDROID(EGL_VERSION) failed'
01-01 05:30:22.311 E/[   22.152353@1]  DEBUG(    0): r0  00000000  r1  000000f4  r2  00000006  r3  ffbdab00
01-01 05:30:22.311 E/[   22.152443@1]  DEBUG(    0): r4  ffbdab14  r5  ffbdaaf8  r6  000000f4  r7  0000016b
01-01 05:30:22.311 E/[   22.152526@1]  DEBUG(    0): r8  ffbdab00  r9  ffbdab10  r10 ffbdab30  r11 ffbdab20
01-01 05:30:22.344 F/DEBUG   (  273): backtrace:
01-01 05:30:22.345 F/DEBUG   (  273):       #00 pc 00062ae0  /apex/com.android.runtime/lib/bionic/libc.so (abort+172) (BuildId: c6b066b54a542edef44120c7cdd096e8)
01-01 05:30:22.345 F/DEBUG   (  273):       #01 pc 00004bdb  /system/lib/liblog.so (__android_log_default_aborter+6) (BuildId: 7474f5ee9967658c54ca5b1d896d06db)
01-01 05:30:22.345 F/DEBUG   (  273):       #02 pc 000052eb  /system/lib/liblog.so (__android_log_assert+174) (BuildId: 7474f5ee9967658c54ca5b1d896d06db)
01-01 05:30:22.345 F/DEBUG   (  273):       #03 pc 00111329  /system/lib/libsurfaceflinger.so (android::renderengine::gl::GLESRenderEngine::create(android::renderengine::RenderEngineCreationArgs const&)+3492) (BuildId: bf502614d04a96df8df8eab7d31f03ca)
01-01 05:30:22.345 F/DEBUG   (  273):       #04 pc 0011047f  /system/lib/libsurfaceflinger.so (android::renderengine::RenderEngine::create(android::renderengine::RenderEngineCreationArgs const&)+130) (BuildId: bf502614d04a96df8df8eab7d31f03ca)
01-01 05:30:22.346 F/DEBUG   (  273):       #05 pc 000b27e1  /system/lib/libsurfaceflinger.so (android::SurfaceFlinger::init()+128) (BuildId: bf502614d04a96df8df8eab7d31f03ca)
01-01 05:30:22.346 F/DEBUG   (  273):       #06 pc 000021d9  /system/bin/surfaceflinger (main+260) (BuildId: 0599dd3eb971428177fd45fd83649b43)
01-01 05:30:22.346 F/DEBUG   (  273):       #07 pc 0005d3b9  /apex/com.android.runtime/lib/bionic/libc.so (__libc_init+68) (BuildId: c6b066b54a542edef44120c7cdd096e8)
01-01 05:30:22.347 E/[   22.152677@1]  DEBUG(    0): ip  000000f4  sp  ffbdaad0  lr  e8a3dacd  pc  e8a3dae0
01-01 05:30:22.347 E/[   22.189164@1]  DEBUG(    0):  
01-01 05:30:22.347 E/[   22.189174@1]  DEBUG(    0): backtrace:
01-01 05:30:22.347 E/[   22.189333@1]  DEBUG(    0): #00 pc 00062ae0  /apex/com.android.runtime/lib/bionic/libc.so (abort+172) (BuildId: c6b066b54a542edef44120c7cdd096e8)
01-01 05:30:22.347 E/[   22.189469@1]  DEBUG(    0): #01 pc 00004bdb  /system/lib/liblog.so (__android_log_default_aborter+6) (BuildId: 7474f5ee9967658c54ca5b1d896d06db)
01-01 05:30:22.347 E/[   22.189586@1]  DEBUG(    0): #02 pc 000052eb  /system/lib/liblog.so (__android_log_assert+174) (BuildId: 7474f5ee9967658c54ca5b1d896d06db)
01-01 05:30:22.347 E/[   22.189875@1]  DEBUG(    0): #03 pc 00111329  /system/lib/libsurfaceflinger.so (android::renderengine::gl::GLESRenderEngine::create(android::renderengine::RenderEngineCreationArgs const&)+3492) (BuildId: bf502614d04a96df8df8eab7d31f03ca)
01-01 05:30:22.347 E/[   22.190146@1]  DEBUG(    0): #04 pc 0011047f  /system/lib/libsurfaceflinger.so (android::renderengine::RenderEngine::create(android::renderengine::RenderEngineCreationArgs const&)+130) (BuildId: bf502614d04a96df8df8eab7d31f03ca)
01-01 05:30:22.347 E/[   22.190356@1]  DEBUG(    0): #05 pc 000b27e1  /system/lib/libsurfaceflinger.so (android::SurfaceFlinger::init()+128) (BuildId: bf502614d04a96df8df8eab7d31f03ca)
01-01 05:30:22.347 E/[   22.190527@1]  DEBUG(    0): #06 pc 000021d9  /system/bin/surfaceflinger (main+260) (BuildId: 0599dd3eb971428177fd45fd83649b43)
01-01 05:30:22.371 E/[   22.190684@3]  DEBUG(    0): #07 pc 0005d3b9  /apex/com.android.runtime/lib/bionic/libc.so (__libc_init+68) (BuildId: c6b066b54a542edef44120c7cdd096e8)
01-01 05:30:22.371 I/        (    0): [   22.211622@3]  [bluebank] [usb_dec_thread] usb2_status=1, usb3_status=1
01-01 05:30:22.399 I/[   22.242426@0]  wait_for_keymaster(    0): Waiting for Keymaster device
01-01 05:30:22.407 I/[   22.248026@0]  HidlServiceManagement(    0): getService: Trying again for android.hardware.keymaster@4.0::IKeymasterDevice/default...
01-01 05:30:22.427 D/[   22.269503@2]  logd(    0): logdr: UID=1000 GID=1003 PID=273 n tail=50 logMask=8 pid=244 start=0ns timeout=0ns
01-01 05:30:22.431 D/[   22.271823@1]  logd(    0): logdr: UID=1000 GID=1003 PID=273 n tail=50 logMask=1 pid=244 start=0ns timeout=0ns
01-01 05:30:22.451 D/[   22.295430@1]  logd(    0): logdr: UID=1000 GID=1003 PID=273 n tail=0 logMask=8 pid=244 start=0ns timeout=0ns
01-01 05:30:22.458 D/[   22.296417@1]  logd(    0): logdr: UID=1000 GID=1003 PID=273 n tail=0 logMask=1 pid=244 start=0ns timeout=0ns
01-01 05:30:22.515 I/[   22.358804@0]  wait_for_keymaster(    0): List of Keymaster HALs found:
01-01 05:30:22.519 I/[   22.359896@0]  wait_for_keymaster(    0): Keymaster HAL #1: AmlogicKeymaster from Google SecurityLevel: TRUSTED_ENVIRONMENT HAL: android.hardware.keymaster@4.1::IKeymasterDevice/default
01-01 05:30:22.519 D/[   22.361796@0]  wait_for_keymaster(    0): Computing HMAC with params { (seed: , nonce: 6daf4bcef08828818dc82a8de51958485f6a9eef78649fc6e9a843f9817ec9) }
01-01 05:30:22.519 D/[   22.361887@0]  wait_for_keymaster(    0): Computing HMAC for AmlogicKeymaster from Google SecurityLevel: TRUSTED_ENVIRONMENT HAL: android.hardware.keymaster@4.1::IKeymasterDevice/default
01-01 05:30:22.523 I/[   22.363857@0]  wait_for_keymaster(    0): Using AmlogicKeymaster from Google for encryption.  Security level: TRUSTED_ENVIRONMENT, HAL: android.hardware.keymaster@4.1::IKeymasterDevice/default
01-01 05:30:22.523 I/[   22.363933@0]  wait_for_keymaster(    0): Keymaster device ready
01-01 05:30:22.544 I/Checkpoint(  243): Validating checkpoint on /dev/block/userdata
01-01 05:30:22.544 E/Checkpoint(  243): No magic
01-01 05:30:22.545 D/[   22.388109@0]  vdc(    0): Waited 0ms for vold
01-01 05:30:22.547 E/[   22.389533@0]  vdc(    0): Command: checkpoint restoreCheckpoint /dev/block/userdata Failed: Status(-8, EX_SERVICE_SPECIFIC): '22: No magic'
01-01 05:30:22.566 D/[   22.408373@0]  vdc(    0): Waited 0ms for vold
01-01 05:30:22.587 D/vold    (  243): fscrypt_mount_metadata_encrypted: /data 0
01-01 05:30:22.587 D/[   22.431238@2]  vdc(    0): Waited 0ms for vold
01-01 05:30:22.587 D/vold    (  243): metadata_key_dir/key: /metadata/vold/metadata_encryption/key
01-01 05:30:22.591 I/vold    (  243): List of Keymaster HALs found:
01-01 05:30:22.592 I/vold    (  243): Keymaster HAL #1: AmlogicKeymaster from Google SecurityLevel: TRUSTED_ENVIRONMENT HAL: android.hardware.keymaster@4.1::IKeymasterDevice/default
01-01 05:30:22.593 D/vold    (  243): Computing HMAC with params { (seed: , nonce: 6daf4bcef08828818dc82a8de51958485f6a9eef78649fc6e9a843f9817ec9) }
01-01 05:30:22.593 D/vold    (  243): Computing HMAC for AmlogicKeymaster from Google SecurityLevel: TRUSTED_ENVIRONMENT HAL: android.hardware.keymaster@4.1::IKeymasterDevice/default
01-01 05:30:22.594 I/vold    (  243): Using AmlogicKeymaster from Google for encryption.  Security level: TRUSTED_ENVIRONMENT, HAL: android.hardware.keymaster@4.1::IKeymasterDevice/default
01-01 05:30:22.595 D/vold    (  243): Key exists, using: /metadata/vold/metadata_encryption/key
01-01 05:30:22.600 I/vold    (  243): List of Keymaster HALs found:
01-01 05:30:22.600 I/vold    (  243): Keymaster HAL #1: AmlogicKeymaster from Google SecurityLevel: TRUSTED_ENVIRONMENT HAL: android.hardware.keymaster@4.1::IKeymasterDevice/default
01-01 05:30:22.600 I/vold    (  243): Using AmlogicKeymaster from Google for encryption.  Security level: TRUSTED_ENVIRONMENT, HAL: android.hardware.keymaster@4.1::IKeymasterDevice/default
01-01 05:30:22.613 D/vold    (  243): Mounting metadata-encrypted filesystem:/data
01-01 05:30:22.617 I/vold    (  243): List of Keymaster HALs found:
01-01 05:30:22.617 I/vold    (  243): Keymaster HAL #1: AmlogicKeymaster from Google SecurityLevel: TRUSTED_ENVIRONMENT HAL: android.hardware.keymaster@4.1::IKeymasterDevice/default
01-01 05:30:22.804 I/vold    (  243): [libfs_mgr]superblock s_max_mnt_count:65535,/dev/block/dm-12
01-01 05:30:22.804 I/vold    (  243): [libfs_mgr]Filesystem on /dev/block/dm-12 was not cleanly shutdown; state flags: 0x1, incompat feature flags: 0x30046
01-01 05:30:22.807 W/        (    0): [   22.649612@3]  EXT4-fs (dm-12): Ignoring removed nomblk_io_submit option
01-01 05:30:22.807 I/        (    0): [   22.649633@3]  EXT4-fs (dm-12): Using encoding defined by superblock: utf8-12.1.0 with flags 0x0
01-01 05:30:22.877 F/libc    (  292): Fatal signal 6 (SIGABRT), code -1 (SI_QUEUE) in tid 292 (app_process), pid 292 (app_process)
01-01 05:30:22.909 F/DEBUG   (  306): *** *** *** *** *** *** *** *** *** *** *** *** *** *** *** ***
01-01 05:30:22.909 F/DEBUG   (  306): Build fingerprint: 'Jio/4KOTTSTB/MSTB:11/23.1.11/84:userdebug/release-keys'
01-01 05:30:22.909 F/DEBUG   (  306): Revision: '0'
01-01 05:30:22.909 F/DEBUG   (  306): ABI: 'arm'
01-01 05:30:22.910 F/DEBUG   (  306): Timestamp: 1970-01-01 05:30:22+0530
01-01 05:30:22.910 F/DEBUG   (  306): pid: 292, tid: 292, name: app_process  >>> /system/bin/app_process <<<
01-01 05:30:22.910 F/DEBUG   (  306): uid: 0
01-01 05:30:22.910 F/DEBUG   (  306): signal 6 (SIGABRT), code -1 (SI_QUEUE), fault addr --------
01-01 05:30:22.910 F/DEBUG   (  306): Abort message: 'Error creating cache dir /data/dalvik-cache/arm : No such file or directory'
01-01 05:30:22.911 F/DEBUG   (  306):     r0  00000000  r1  00000124  r2  00000006  r3  ffe1d018
01-01 05:30:22.911 F/DEBUG   (  306):     r4  ffe1d02c  r5  ffe1d010  r6  00000124  r7  0000016b
01-01 05:30:22.911 F/DEBUG   (  306):     r8  ffe1d018  r9  ffe1d028  r10 ffe1d048  r11 ffe1d038
01-01 05:30:22.911 F/DEBUG   (  306):     ip  00000124  sp  ffe1cfe8  lr  f65e3acd  pc  f65e3ae0
01-01 05:30:22.911 E/[   22.753357@1]  DEBUG(    0): *** *** *** *** *** *** *** *** *** *** *** *** *** *** *** ***
01-01 05:30:22.911 E/[   22.753621@1]  DEBUG(    0): Build fingerprint: 'Jio/4KOTTSTB/MSTB:11/23.1.11/84:userdebug/release-keys'
01-01 05:30:22.911 E/[   22.753740@1]  DEBUG(    0): Revision: '0'
01-01 05:30:22.911 E/[   22.753910@1]  DEBUG(    0): ABI: 'arm'
01-01 05:30:22.911 E/[   22.754680@1]  DEBUG(    0): Timestamp: 1970-01-01 05:30:22+0530
01-01 05:30:22.911 E/[   22.754796@1]  DEBUG(    0): pid: 292, tid: 292, name: app_process  >>> /system/bin/app_process <<<
01-01 05:30:22.911 E/[   22.754878@1]  DEBUG(    0): uid: 0
01-01 05:30:22.911 E/[   22.755022@1]  DEBUG(    0): signal 6 (SIGABRT), code -1 (SI_QUEUE), fault addr --------
01-01 05:30:22.911 E/[   22.755141@1]  DEBUG(    0): Abort message: 'Error creating cache dir /data/dalvik-cache/arm : No such file or directory'
01-01 05:30:22.911 E/[   22.755225@1]  DEBUG(    0): r0  00000000  r1  00000124  r2  00000006  r3  ffe1d018
01-01 05:30:22.911 E/[   22.755296@1]  DEBUG(    0): r4  ffe1d02c  r5  ffe1d010  r6  00000124  r7  0000016b
01-01 05:30:22.911 E/[   22.755362@1]  DEBUG(    0): r8  ffe1d018  r9  ffe1d028  r10 ffe1d048  r11 ffe1d038
01-01 05:30:22.916 F/DEBUG   (  306): backtrace:
01-01 05:30:22.916 F/DEBUG   (  306):       #00 pc 00062ae0  /apex/com.android.runtime/lib/bionic/libc.so (abort+172) (BuildId: c6b066b54a542edef44120c7cdd096e8)
01-01 05:30:22.916 F/DEBUG   (  306):       #01 pc 00004bdb  /system/lib/liblog.so (__android_log_default_aborter+6) (BuildId: 7474f5ee9967658c54ca5b1d896d06db)
01-01 05:30:22.917 F/DEBUG   (  306):       #02 pc 000052eb  /system/lib/liblog.so (__android_log_assert+174) (BuildId: 7474f5ee9967658c54ca5b1d896d06db)
01-01 05:30:22.917 F/DEBUG   (  306):       #03 pc 00002f39  /system/bin/app_process32 (main+1280) (BuildId: 774c0620bf2e434dc68307b6e026fb3a)
01-01 05:30:22.917 F/DEBUG   (  306):       #04 pc 0005d3b9  /apex/com.android.runtime/lib/bionic/libc.so (__libc_init+68) (BuildId: c6b066b54a542edef44120c7cdd096e8)
01-01 05:30:22.919 E/[   22.755488@1]  DEBUG(    0): ip  00000124  sp  ffe1cfe8  lr  f65e3acd  pc  f65e3ae0
01-01 05:30:22.919 E/[   22.760653@1]  DEBUG(    0):  
01-01 05:30:22.919 E/[   22.760663@1]  DEBUG(    0): backtrace:
01-01 05:30:22.919 E/[   22.760835@1]  DEBUG(    0): #00 pc 00062ae0  /apex/com.android.runtime/lib/bionic/libc.so (abort+172) (BuildId: c6b066b54a542edef44120c7cdd096e8)
01-01 05:30:22.919 E/[   22.761012@1]  DEBUG(    0): #01 pc 00004bdb  /system/lib/liblog.so (__android_log_default_aborter+6) (BuildId: 7474f5ee9967658c54ca5b1d896d06db)
01-01 05:30:22.919 E/[   22.761183@1]  DEBUG(    0): #02 pc 000052eb  /system/lib/liblog.so (__android_log_assert+174) (BuildId: 7474f5ee9967658c54ca5b1d896d06db)
01-01 05:30:22.919 E/[   22.761350@1]  DEBUG(    0): #03 pc 00002f39  /system/bin/app_process32 (main+1280) (BuildId: 774c0620bf2e434dc68307b6e026fb3a)
01-01 05:30:23.003 E/[   22.761520@3]  DEBUG(    0): #04 pc 0005d3b9  /apex/com.android.runtime/lib/bionic/libc.so (__libc_init+68) (BuildId: c6b066b54a542edef44120c7cdd096e8)
01-01 05:30:23.003 I/        (    0): [   22.845198@3]  EXT4-fs (dm-12): 9 orphan inodes deleted
01-01 05:30:23.003 I/        (    0): [   22.845206@3]  EXT4-fs (dm-12): recovery complete
01-01 05:30:23.008 I/vold    (  243): [libfs_mgr]check_fs(): mount(/dev/block/dm-12,/data,ext4)=0: Success
01-01 05:30:23.011 I/        (    0): [   22.852288@3]  EXT4-fs (dm-12): mounted filesystem with ordered data mode. Opts: errors=remount-ro,nomblk_io_submit
01-01 05:30:23.022 I/vold    (  243): [libfs_mgr]check_fs(): unmount(/data) succeeded
01-01 05:30:23.023 I/vold    (  243): [libfs_mgr]Running /system/bin/e2fsck on /dev/block/dm-12
01-01 05:30:23.039 I/[   22.880651@3]  e2fsck(    0): e2fsck 1.45.4 (23-Sep-2019)
01-01 05:30:23.043 D/[   22.884525@2]  logd(    0): logdr: UID=0 GID=0 PID=306 n tail=50 logMask=8 pid=292 start=0ns timeout=0ns
01-01 05:30:23.043 D/[   22.885117@1]  logd(    0): logdr: UID=0 GID=0 PID=306 n tail=50 logMask=1 pid=292 start=0ns timeout=0ns
01-01 05:30:23.087 I/[   22.928139@3]  e2fsck(    0): Pass 1: Checking inodes, blocks, and sizes
01-01 05:30:23.311 I/[   23.153704@3]  e2fsck(    0): Inode 596306 extent tree (at level 1) could be shorter.  Optimize? yes
01-01 05:30:23.311 I/[   23.153727@3]  e2fsck(    0):  
01-01 05:30:23.395 I/        (    0): [   23.235577@3]  [bluebank] [usb_dec_thread] usb2_status=1, usb3_status=1
01-01 05:30:23.539 I/[   23.382079@3]  e2fsck(    0): Pass 1E: Optimizing extent trees
01-01 05:30:23.539 I/[   23.382249@3]  e2fsck(    0): Pass 2: Checking directory structure
01-01 05:30:23.747 I/[   23.587984@0]  e2fsck(    0): Pass 3: Checking directory connectivity
01-01 05:30:23.747 I/[   23.590839@0]  e2fsck(    0): Pass 4: Checking reference counts
01-01 05:30:23.867 I/[   23.707927@0]  e2fsck(    0): Pass 5: Checking group summary information
01-01 05:30:23.931 I/[   23.772177@0]  e2fsck(    0): [QUOTA WARNING] Usage inconsistent for ID 10072:actual (66473984, 760) != expected (66478080, 760)
01-01 05:30:24.066 I/vold    (  243): [libfs_mgr]e2fsck returned status 0x100
01-01 05:30:24.067 I/vold    (  243): [libfs_mgr]superblock s_max_mnt_count:65535,/dev/block/dm-12
01-01 05:30:24.071 W/        (    0): [   23.913028@3]  EXT4-fs (dm-12): Ignoring removed nomblk_io_submit option
01-01 05:30:24.071 I/        (    0): [   23.913050@3]  EXT4-fs (dm-12): Using encoding defined by superblock: utf8-12.1.0 with flags 0x0
01-01 05:30:24.073 I/vold    (  243): [libfs_mgr]__mount(source=/dev/block/dm-12,target=/data,type=ext4)=0: Success
01-01 05:30:24.074 D/vold    (  243): Mounted /data
01-01 05:30:24.074 D/vold    (  243): Disk at 253:12 changed
01-01 05:30:24.075 I/        (    0): [   23.917617@3]  EXT4-fs (dm-12): mounted filesystem with ordered data mode. Opts: nodelalloc,nomblk_io_submit,errors=panic
01-01 05:30:24.099 E/[   23.940562@0]  init(    0): Unable to set property 'ro.crypto.state' from uid:0 gid:0 pid:1: Read-only property was already set
01-01 05:30:24.127 E/[   23.968290@0]  init(    0): Could not restart 'netd': Cannot start an updatable service 'netd' before configs from APEXes are all loaded. Queued for execution.
01-01 05:30:24.151 I/Checkpoint(  243): cp_prepareCheckpoint called
01-01 05:30:24.175 I/vold    (  243): fscrypt_initialize_systemwide_keys
01-01 05:30:24.175 D/[   24.018931@1]  vdc(    0): Waited 0ms for vold
01-01 05:30:24.175 D/vold    (  243): Key exists, using: /data/unencrypted/key
01-01 05:30:24.182 I/vold    (  243): List of Keymaster HALs found:
01-01 05:30:24.182 I/vold    (  243): Keymaster HAL #1: AmlogicKeymaster from Google SecurityLevel: TRUSTED_ENVIRONMENT HAL: android.hardware.keymaster@4.1::IKeymasterDevice/default
01-01 05:30:24.182 I/vold    (  243): Using AmlogicKeymaster from Google for encryption.  Security level: TRUSTED_ENVIRONMENT, HAL: android.hardware.keymaster@4.1::IKeymasterDevice/default
01-01 05:30:24.188 D/vold    (  243): Installed fscrypt key with ref 1fa259c818971e8248022545275d7fb1 to /data
01-01 05:30:24.188 D/vold    (  243): Added fscrypt-provisioning key for 1fa259c818971e8248022545275d7fb1 to session keyring
01-01 05:30:24.195 I/wificond(  323): wificond is starting up...
01-01 05:30:24.200 I/HidlServiceManagement(  323): Registered android.system.wifi.keystore@1.0::IKeystore/default
01-01 05:30:24.210 I/vold    (  243): Wrote system DE key reference to:/data/unencrypted/ref
01-01 05:30:24.210 D/vold    (  243): Installed fscrypt key with ref 27b154be80615dd5154e60c7e506e68e to /data
01-01 05:30:24.210 D/vold    (  243): Added fscrypt-provisioning key for 27b154be80615dd5154e60c7e506e68e to session keyring
01-01 05:30:24.215 I/vold    (  243): Wrote per boot key reference to:/data/unencrypted/per_boot_ref
01-01 05:30:24.223 I/[   24.063739@2]  fscrypt(    0): AES-256-CTS-CBC using implementation "cts-cbc-aes-ce"
01-01 05:30:24.235 I/[   24.076503@2]  fscrypt(    0): AES-256-XTS using implementation "xts-aes-ce"
01-01 05:30:24.255 I/[   24.095830@1]  apexd(    0): This device does not support updatable APEX. Exiting
01-01 05:30:24.255 I/[   24.095929@1]  apexd(    0): Marking APEXd as activated
01-01 05:30:24.291 I/[   24.134490@1]  selinux(    0): SELinux: Skipping restorecon on directory(/cache/ota_package_ab)
01-01 05:30:24.291 I/[   24.134512@1]  selinux(    0):  
01-01 05:30:24.307 E/[   24.151103@2]  init(    0): Control message: Could not find 'android.hardware.audio@6.0::IDevicesFactory/default' for ctl.interface_start from pid: 232 (/system/bin/hwservicemanager)
01-01 05:30:24.311 E/[   24.152143@2]  init(    0): Control message: Could not find 'android.hardware.audio@6.0::IDevicesFactory/default' for ctl.interface_start from pid: 232 (/system/bin/hwservicemanager)
01-01 05:30:24.407 I/[   24.249130@3]  resman(    0): 2 appname:secmem, type=3
01-01 05:30:24.419 I/        (    0): [   24.259599@2]  [bluebank] [usb_dec_thread] usb2_status=1, usb3_status=1
01-01 05:30:24.425 D/vold    (  243): fscrypt_init_user0
01-01 05:30:24.425 D/vold    (  243): Preparing: /data/misc/vold/user_keys
01-01 05:30:24.427 D/vold    (  243): Preparing: /data/misc/vold/user_keys/ce
01-01 05:30:24.427 D/[   24.269610@3]  vdc(    0): Waited 0ms for vold
01-01 05:30:24.428 D/vold    (  243): Preparing: /data/misc/vold/user_keys/de
01-01 05:30:24.429 D/vold    (  243): Skipping non-de-key .
01-01 05:30:24.434 I/vold    (  243): List of Keymaster HALs found:
01-01 05:30:24.435 I/vold    (  243): Keymaster HAL #1: AmlogicKeymaster from Google SecurityLevel: TRUSTED_ENVIRONMENT HAL: android.hardware.keymaster@4.1::IKeymasterDevice/default
01-01 05:30:24.435 I/vold    (  243): Using AmlogicKeymaster from Google for encryption.  Security level: TRUSTED_ENVIRONMENT, HAL: android.hardware.keymaster@4.1::IKeymasterDevice/default
01-01 05:30:24.439 D/vold    (  243): Installed fscrypt key with ref 09c3379609469319497bdf11a3ad642c to /data
01-01 05:30:24.439 D/vold    (  243): Added fscrypt-provisioning key for 09c3379609469319497bdf11a3ad642c to session keyring
01-01 05:30:24.439 D/vold    (  243): Installed de key for user 0
01-01 05:30:24.439 D/vold    (  243): Skipping non-de-key ..
01-01 05:30:24.439 D/vold    (  243): fscrypt_prepare_user_storage for volume null, user 0, serial 0, flags 1
01-01 05:30:24.439 D/vold    (  243): Preparing: /data/system/users/0
01-01 05:30:24.440 D/vold    (  243): Preparing: /data/misc/profiles/cur/0
01-01 05:30:24.440 D/vold    (  243): Preparing: /data/system_de/0
01-01 05:30:24.441 D/vold    (  243): Preparing: /data/misc_de/0
01-01 05:30:24.441 D/vold    (  243): Preparing: /data/vendor_de/0
01-01 05:30:24.442 D/vold    (  243): Preparing: /data/user_de/0
01-01 05:30:24.442 I/vold    (  243): Verified that /data/system_de/0 has the encryption policy 09c3379609469319497bdf11a3ad642c v2 modes 1/4 flags 0x2
01-01 05:30:24.442 I/vold    (  243): Verified that /data/misc_de/0 has the encryption policy 09c3379609469319497bdf11a3ad642c v2 modes 1/4 flags 0x2
01-01 05:30:24.442 I/vold    (  243): Verified that /data/vendor_de/0 has the encryption policy 09c3379609469319497bdf11a3ad642c v2 modes 1/4 flags 0x2
01-01 05:30:24.442 I/vold    (  243): Verified that /data/user_de/0 has the encryption policy 09c3379609469319497bdf11a3ad642c v2 modes 1/4 flags 0x2
01-01 05:30:24.443 D/vold    (  243): /system/bin/vold_prepare_subdirs
01-01 05:30:24.443 D/vold    (  243):     prepare
01-01 05:30:24.443 D/vold    (  243):     
01-01 05:30:24.443 D/vold    (  243):     0
01-01 05:30:24.443 D/vold    (  243):     1
01-01 05:30:25.311 E/[   25.152915@1]  init(    0): Control message: Could not find 'android.hardware.audio@6.0::IDevicesFactory/default' for ctl.interface_start from pid: 232 (/system/bin/hwservicemanager)
01-01 05:30:25.443 I/        (    0): [   25.283818@2]  [bluebank] [usb_dec_thread] usb2_status=1, usb3_status=1
01-01 05:30:25.484 D/vold    (  243): Detected support for FS_IOC_ADD_ENCRYPTION_KEY
01-01 05:30:25.511 I/[   25.355214@0]  apexd(    0): This device does not support updatable APEX. Exiting
01-01 05:30:25.511 I/[   25.355296@0]  apexd(    0): Marking APEXd as ready
01-01 05:30:25.519 I/[   25.359720@1]  selinux(    0): SELinux: Skipping restorecon on directory(/data)
01-01 05:30:25.519 I/[   25.359737@1]  selinux(    0):  
01-01 05:30:25.555 I/        (    0): [   25.395941@2]  load module: mali_kbase
01-01 05:30:25.555 I/        (    0): [   25.396204@3]  mali fe400000.bifrost: kbdec-reg_start=0
01-01 05:30:25.555 I/        (    0): [   25.396212@3]  mali fe400000.bifrost: kbdec-reg_size=0
01-01 05:30:25.555 I/        (    0): [   25.396217@3]  mali fe400000.bifrost: Kernel DDK version r43p0-01eac0
01-01 05:30:25.555 I/        (    0): [   25.396223@3]  mali fe400000.bifrost: device1_init_kbdec-reg_start=0
01-01 05:30:25.555 I/        (    0): [   25.396227@3]  mali fe400000.bifrost: device1_init_kbdec-reg_size=0
01-01 05:30:25.555 E/        (    0): [   25.396262@3]  mali fe400000.bifrost: reg_res->start=-29360128
01-01 05:30:25.555 E/        (    0): [   25.396267@3]  mali fe400000.bifrost: resource_size(reg_res)=16384
01-01 05:30:25.555 I/        (    0): [   25.396441@3]  mali fe400000.bifrost: max pp is 2
01-01 05:30:25.555 I/        (    0): [   25.396448@3]  mali fe400000.bifrost: set min pp to default 1
01-01 05:30:25.555 I/        (    0): [   25.396453@3]  mali fe400000.bifrost: min pp is 1
01-01 05:30:25.555 I/        (    0): [   25.396458@3]  mali fe400000.bifrost: set min clk default to 0
01-01 05:30:25.555 I/        (    0): [   25.396462@3]  mali fe400000.bifrost: min clk  is 0
01-01 05:30:25.555 I/        (    0): [   25.396483@3]  mali fe400000.bifrost: hiu io source  0x000000009a11441b
01-01 05:30:25.555 I/        (    0): [   25.396492@3]  mali fe400000.bifrost: aobus base 0x00000000f382dd3e
01-01 05:30:25.555 I/        (    0): [   25.396500@3]  mali fe400000.bifrost: reset bus 0x0000000013c4beb0
01-01 05:30:25.555 I/        (    0): [   25.396506@3]  mali fe400000.bifrost: clk cntl reg = 0x0
01-01 05:30:25.555 I/        (    0): [   25.396510@3]  mali fe400000.bifrost: num of pp used most of time 1
01-01 05:30:25.555 I/        (    0): [   25.396515@3]  mali fe400000.bifrost: clock dvfs cfg table size is 6
01-01 05:30:25.555 I/        (    0): [   25.396523@3]  mali fe400000.bifrost: no reset_cfg
01-01 05:30:25.555 I/        (    0): [   25.396528@3]  mali fe400000.bifrost: no apb_reset
01-01 05:30:25.555 I/        (    0): [   25.396542@3]  mali fe400000.bifrost: max clk set 4
01-01 05:30:25.555 I/        (    0): [   25.396546@3]  mali fe400000.bifrost: max clk  is 4
01-01 05:30:25.555 I/        (    0): [   25.396551@3]  mali fe400000.bifrost: turbo clk set to 5
01-01 05:30:25.555 I/        (    0): [   25.396555@3]  mali fe400000.bifrost: turbo clk  is 5
01-01 05:30:25.555 I/        (    0): [   25.396560@3]  mali fe400000.bifrost: default clk set to 4
01-01 05:30:25.555 I/        (    0): [   25.396564@3]  mali fe400000.bifrost: default clk  is 4
01-01 05:30:25.555 I/        (    0): [   25.396570@3]  mali fe400000.bifrost: ====================0====================
01-01 05:30:25.555 I/        (    0): [   25.396570@3]  clk_freq= 285714285, clk_parent=fclk_div7, voltage=1150, keep_count=5, threshold=<0 76>, clk_sample=285
01-01 05:30:25.555 I/        (    0): [   25.396575@3]  mali fe400000.bifrost: ====================1====================
01-01 05:30:25.555 I/        (    0): [   25.396575@3]  clk_freq= 400000000, clk_parent=fclk_div5, voltage=1150, keep_count=5, threshold=<80 120>, clk_sample=400
01-01 05:30:25.555 I/        (    0): [   25.396581@3]  mali fe400000.bifrost: ====================2====================
01-01 05:30:25.556 I/        (    0): [   25.396581@3]  clk_freq= 500000000, clk_parent=fclk_div4, voltage=1150, keep_count=5, threshold=<80 120>, clk_sample=500
01-01 05:30:25.556 I/        (    0): [   25.396587@3]  mali fe400000.bifrost: ====================3====================
01-01 05:30:25.556 I/        (    0): [   25.396587@3]  clk_freq= 666666666, clk_parent=fclk_div3, voltage=1150, keep_count=5, threshold=<80 120>, clk_sample=666
01-01 05:30:25.556 I/        (    0): [   25.396593@3]  mali fe400000.bifrost: ====================4====================
01-01 05:30:25.556 I/        (    0): [   25.396593@3]  clk_freq= 846000000, clk_parent=  gp0_pll, voltage=1150, keep_count=5, threshold=<80 255>, clk_sample=846
01-01 05:30:25.556 I/        (    0): [   25.396598@3]  mali fe400000.bifrost: ====================5====================
01-01 05:30:25.556 I/        (    0): [   25.396598@3]  clk_freq= 846000000, clk_parent=  gp0_pll, voltage=1150, keep_count=5, threshold=<80 255>, clk_sample=846
01-01 05:30:25.556 I/        (    0): [   25.396603@3]  mali fe400000.bifrost: clock dvfs table size is 6
01-01 05:30:25.556 I/        (    0): [   25.396610@3]  kernel version >= 5.4
01-01 05:30:25.571 W/        (    0): [   25.411598@0]  gpu cooling register okay with err=0
01-01 05:30:25.571 W/        (    0): [   25.411735@0]  gpu core cooling register okay with err=0
01-01 05:30:25.571 I/        (    0): [   25.411748@0]  mali fe400000.bifrost: kbase_device_runtime_init
01-01 05:30:25.571 I/        (    0): [   25.411758@0]  mali fe400000.bifrost: pm_callback_runtime_on
01-01 05:30:25.571 I/        (    0): [   25.411764@0]  mali fe400000.bifrost: pm_runtime_get_sync ret=0
01-01 05:30:25.571 I/        (    0): [   25.411769@0]  mali fe400000.bifrost: pm_runtime enabled
01-01 05:30:25.571 I/        (    0): [   25.411785@0]  mali fe400000.bifrost: hw_init_kbdec-reg_start=-29360128
01-01 05:30:25.571 I/        (    0): [   25.411790@0]  mali fe400000.bifrost: hw_init_kbdec-reg_size=16384
01-01 05:30:25.571 I/        (    0): [   25.411794@0]  mali fe400000.bifrost: hw_init_kbdec-reg=305463296
01-01 05:30:25.571 I/        (    0): [   25.411800@0]  mali fe400000.bifrost: shader_present=1, tiler_present=1, l2_present=1
01-01 05:30:25.571 E/        (    0): [   25.411957@0]  mali fe400000.bifrost: No OPPs found in device tree! Scaling timeouts using 100000 kHz
01-01 05:30:25.571 I/        (    0): [   25.411969@0]  mali fe400000.bifrost: GPU identified as 0x3 arch 7.0.9 r0p0 status 0
01-01 05:30:25.571 I/        (    0): [   25.412019@0]  mali fe400000.bifrost: No priority control manager is configured
01-01 05:30:25.571 I/        (    0): [   25.412280@0]  mali fe400000.bifrost: No memory group manager is configured
01-01 05:30:25.571 I/        (    0): [   25.413940@1]  mali fe400000.bifrost: device2_init_kbdec-reg_start=-29360128
01-01 05:30:25.571 I/        (    0): [   25.413951@1]  mali fe400000.bifrost: device2_init_kbdec-reg_size=16384
01-01 05:30:25.571 I/        (    0): [   25.413955@1]  mali fe400000.bifrost: Probed as mali0
01-01 05:30:25.623 I/[   25.465062@0]  selinux(    0): SELinux: Skipping restorecon on directory(/data/dalvik-cache/arm)
01-01 05:30:25.658 I/        (    0): [   25.497285@1]  load module: aml_aucpu
01-01 05:30:25.658 W/        (    0): [   25.502183@1]  AUCPU sequence no updated
01-01 05:30:25.663 W/        (    0): [   25.503624@1]  Amlogic Aucpu driver installed
01-01 05:30:25.667 I/        (    0): [   25.510668@1]  load module: dvb_demux
01-01 05:30:25.667 W/        (    0): [   25.510682@1]  aml dvb init
01-01 05:30:25.667 W/        (    0): [   25.511139@1]  probe amlogic dvb driver [V2.1.0].
01-01 05:30:25.667 I/[   25.511153@1]  dvbdev(    0): DVB: registering new adapter (amlogic-dvb)
01-01 05:30:25.667 W/[   25.511176@1]  reg(    0): init_demux_addr base addr = ffffffc012800000
01-01 05:30:25.667 W/[   25.511185@1]  fend(    0): ts0_control: 0x0
01-01 05:30:25.667 W/[   25.511189@1]  fend(    0): ts0:serial-4wire
01-01 05:30:25.667 W/[   25.511304@1]  port(    0): 0, wire_type:1
01-01 05:30:25.667 W/[   25.511311@1]  fend(    0): ts0:pinctrl:00000000396482c3 OK.
01-01 05:30:25.667 W/[   25.511318@1]  fend(    0): ts1_control: 0x0
01-01 05:30:25.667 W/[   25.511322@1]  fend(    0): ts1:serial-4wire
01-01 05:30:25.667 W/[   25.511334@1]  port(    0): 1, wire_type:1
01-01 05:30:25.667 W/[   25.511338@1]  fend(    0): ts1:pinctrl:00000000396482c3 OK.
01-01 05:30:25.667 W/[   25.511344@1]  fend(    0): read error:ts2_control: 0x0
01-01 05:30:25.667 W/[   25.511351@1]  fend(    0): read error:ts3_control: 0x0
01-01 05:30:25.667 W/[   25.511357@1]  fend(    0): read error:ts4_control: 0x0
01-01 05:30:25.667 W/[   25.511363@1]  fend(    0): read error:ts5_control: 0x0
01-01 05:30:25.667 W/[   25.511369@1]  fend(    0): read error:ts6_control: 0x0
01-01 05:30:25.667 W/[   25.511375@1]  fend(    0): read error:ts7_control: 0x0
01-01 05:30:25.667 W/[   25.511379@1]  fend(    0): no tsinb setting
01-01 05:30:25.667 W/[   25.511410@1]  TC6930(    0): "tc6930_attach demod driver, tc6930_num = 0"
01-01 05:30:25.667 W/[   25.511415@1]  TC6930(    0): "tc6930_attach demod driver, fe->id = 0"
01-01 05:30:25.667 E/[   25.511419@1]  Demod(    0): attach demod0 [id 29] done.
01-01 05:30:25.667 W/[   25.511425@1]  TC6930(    0): "tc6930_attach demod driver, tc6930_num = 1"
01-01 05:30:25.667 W/[   25.511429@1]  TC6930(    0): "tc6930_attach demod driver, fe->id = 1"
01-01 05:30:25.667 E/[   25.511432@1]  Demod(    0): attach demod1 [id 29] done.
01-01 05:30:25.667 I/        (    0): [   25.511443@1]  amlogic-dvb-demux fe000000.dvb-demux: DVB: registering adapter 0 frontend 0 (TC6930 DVB-C)...
01-01 05:30:25.667 I/        (    0): [   25.511766@1]  amlogic-dvb-demux fe000000.dvb-demux: DVB: registering adapter 0 frontend 1 (TC6930 DVB-C)...
01-01 05:30:25.667 W/[   25.511907@1]  dmxdev_num(    0): 0x6
01-01 05:30:25.667 W/[   25.511914@1]  tsn_from(    0): demod
01-01 05:30:25.667 W/[   25.511918@1]  dvb(    0): tsn_in:1, tsn_out:0
01-01 05:30:25.667 W/[   25.511943@1]  ts_output(    0): ts_output_init sid:0,pid start:0, len:128
01-01 05:30:25.668 W/[   25.511948@1]  ts_output(    0): ts_output_init sid:1,pid start:128, len:128
01-01 05:30:25.668 W/[   25.511951@1]  ts_output(    0): ts_output_init sid:2,pid start:256, len:128
01-01 05:30:25.668 W/[   25.511955@1]  ts_output(    0): ts_output_init sid:3,pid start:384, len:128
01-01 05:30:25.668 W/[   25.511959@1]  ts_output(    0): ts_output_init sid:4,pid start:512, len:128
01-01 05:30:25.668 W/[   25.511962@1]  ts_output(    0): ts_output_init sid:5,pid start:640, len:128
01-01 05:30:25.668 W/[   25.511966@1]  ts_output(    0): ts_output_init sid:32,pid start:768, len:128
01-01 05:30:25.668 W/[   25.511969@1]  ts_output(    0): ts_output_init sid:33,pid start:896, len:128
01-01 05:30:25.675 W/        (    0): [   25.515586@1]  aucpu trace orig 0x0 now 0xdeadface
01-01 05:30:25.675 W/        (    0): [   25.515595@1]  --stage value 57005 line 64206
01-01 05:30:25.675 W/        (    0): [   25.515602@1]  aucpu trace error orig 0x0 now 0xdeadface
01-01 05:30:25.675 W/        (    0): [   25.515605@1]  --Err value 57005 line 64206
01-01 05:30:25.675 W/[   25.518425@3]  key(    0): dmx_key_init success
01-01 05:30:25.675 W/        (    0): [   25.518505@3]  aml_dvb_probe sysfs_create_tc6930_node  =fe000000.dvb-demux
01-01 05:30:25.675 W/        (    0): [   25.518543@3]  tc6930 sysfs_create_tc6930_node = fe000000.dvb-demux
01-01 05:30:25.675 W/        (    0): [   25.518561@3]  probe dvb done, ret:-1, is_security_dmx:0
01-01 05:30:25.679 I/        (    0): [   25.523066@0]  load module: ci
01-01 05:30:25.679 W/        (    0): [   25.523080@0]  Amlogic CI mode init
01-01 05:30:25.683 W/[   25.525535@0]  init(    0): Top-level directory needs encryption action, eg mkdir /data/media <mode> <uid> <gid> encryption=Require
01-01 05:30:25.683 I/[   25.525568@0]  init(    0): Not setting encryption policy on: /data/media
01-01 05:30:25.779 I/[   25.621166@0]  update_verifier(    0): Started with arg 1: nonencrypted
01-01 05:30:25.783 I/[   25.625453@0]  update_verifier(    0): Booting slot 1: isSlotMarkedSuccessful=1
01-01 05:30:25.783 I/[   25.625526@0]  update_verifier(    0): Leaving update_verifier.
01-01 05:30:25.831 I/        (    0): [   25.671793@1]  file system registered
01-01 05:30:25.836 W/        (    0): [   25.679121@1]  using random self ethernet address
01-01 05:30:25.836 W/        (    0): [   25.679134@1]  using random host ethernet address
01-01 05:30:25.849 I/        (    0): [   25.689981@2]  assign_ffs_buffer FFS_BUFFER_MAX=256!!!
01-01 05:30:25.855 I/        (    0): [   25.695611@2]  assign_ffs_buffer FFS_BUFFER_MAX=256!!!
01-01 05:30:25.856 I/        (    0): [   25.699256@2]  assign_ffs_buffer FFS_BUFFER_MAX=256!!!
01-01 05:30:25.879 I/        (    0): [   25.723407@0]  load module: amvdec_mh264
01-01 05:30:25.891 I/        (    0): [   25.731710@0]  load module: amvdec_mh264_v4l
01-01 05:30:25.891 I/        (    0): [   25.735173@0]  load module: amvdec_h264mvc
01-01 05:30:25.899 I/        (    0): [   25.743324@0]  load module: amvdec_h265
01-01 05:30:25.911 I/        (    0): [   25.751663@0]  load module: amvdec_h265_v4l
01-01 05:30:25.915 I/        (    0): [   25.758847@0]  load module: amvdec_mmjpeg
01-01 05:30:25.923 I/        (    0): [   25.765669@0]  load module: amvdec_mmjpeg_v4l
01-01 05:30:25.931 I/        (    0): [   25.773088@1]  load module: amvdec_mmpeg12
01-01 05:30:25.941 I/        (    0): [   25.782718@1]  load module: amvdec_mmpeg12_v4l
01-01 05:30:25.947 I/        (    0): [   25.787952@1]  load module: amvdec_mmpeg4
01-01 05:30:25.947 I/        (    0): [   25.791371@1]  load module: amvdec_mmpeg4_v4l
01-01 05:30:25.951 I/        (    0): [   25.794661@1]  load module: amvdec_vc1
01-01 05:30:25.951 W/[   25.794677@1]  0(    0): amvdec_vc1 module init
01-01 05:30:25.959 I/        (    0): [   25.801396@2]  load module: amvdec_vp9
01-01 05:30:25.979 I/        (    0): [   25.820076@2]  load module: amvdec_vp9_v4l
01-01 05:30:25.987 I/        (    0): [   25.828949@3]  load module: amvdec_avs2
01-01 05:30:25.995 I/        (    0): [   25.838099@3]  load module: amvdec_avs2_v4l
01-01 05:30:26.003 I/        (    0): [   25.844729@3]  load module: encoder
01-01 05:30:26.003 W/        (    0): [   25.845008@3]  amvenc_avc_probe -- reserved memory config fail.
01-01 05:30:26.003 W/        (    0): [   25.845017@3]  amvenc_avc - cma memory pool size: 60 MB
01-01 05:30:26.003 W/[   25.845145@3]  hcodec_clk_a(    0): 666 MHz
01-01 05:30:26.003 W/        (    0): [   25.845169@3]  encode_wq_init.
01-01 05:30:26.003 W/        (    0): [   25.845179@3]  encode start monitor.
01-01 05:30:26.003 W/        (    0): [   25.846709@2]  encode workqueue monitor start.
01-01 05:30:26.011 I/        (    0): [   25.852840@3]  load module: vpu
01-01 05:30:26.011 W/        (    0): [   25.852856@3]  vpu_init
01-01 05:30:26.011 W/        (    0): [   25.853112@3]  vpu_probe, clock_a: 0, clock_b: 0, clock_c: 0
01-01 05:30:26.011 W/        (    0): [   25.853120@3]  HevcEnc reserved memory config fail.
01-01 05:30:26.011 W/        (    0): [   25.853125@3]  HevcEnc - cma memory pool size: 64 MB
01-01 05:30:26.011 W/        (    0): [   25.853144@3]  HevcEnc - wave420l_irq: 56
01-01 05:30:26.011 W/[   25.853433@3]  wave_clk_a(    0): 666 MHz
01-01 05:30:26.011 W/[   25.853437@3]  wave_clk_b(    0): 399 MHz
01-01 05:30:26.011 W/[   25.853441@3]  wave_clk_c(    0): 399 MHz
01-01 05:30:26.011 W/        (    0): [   25.853473@3]  vpu base address get from platform driver
01-01 05:30:26.011 W/        (    0): [   25.853477@3]  physical base addr=0xfe310000, virtual base=0xffffffc012f28000
01-01 05:30:26.011 W/        (    0): [   25.853861@3]  SUCCESS alloc_chrdev_region
01-01 05:30:26.011 W/        (    0): [   25.853870@3]  success to probe vpu device with video memory from cma
01-01 05:30:26.028 I/        (    0): [   25.867959@3]  load module: amvdec_ports
01-01 05:30:26.028 I/        (    0): [   25.869070@3]  aml-vcodec-dec vcodec_dec: v4ldec registered as /dev/video26
01-01 05:30:26.028 W/[   25.871119@3]  amlogic_fbc_lib(    0): disagrees about version of symbol module_layout
01-01 05:30:26.028 W/[   25.871418@3]  amlogic_fbc_lib(    0): disagrees about version of symbol register_amlogic_afbc_dec_fun
01-01 05:30:26.028 I/        (    0): [   25.871845@3]  load module: amlogic_fbc_lib
01-01 05:30:26.028 W/        (    0): [   25.871858@3]  register_amlogic_afbc_dec_fun
01-01 05:30:26.028 E/        (    0): [   25.871862@3]  register_amlogic_afbc_dec_fun
01-01 05:30:26.036 I/        (    0): [   25.875742@3]  load module: amvdec_mavs
01-01 05:30:26.036 I/        (    0): [   25.880035@3]  load module: amvdec_mavs_v4l
01-01 05:30:26.047 I/        (    0): [   25.888106@3]  load module: amvdec_av1
01-01 05:30:26.055 I/        (    0): [   25.898631@0]  load module: amvdec_av1_v4l
01-01 05:30:26.059 I/        (    0): [   25.901608@3]  load module: media_sync
01-01 05:30:26.063 I/        (    0): [   25.905624@3]  load module: amvenc_multi
01-01 05:30:26.063 W/        (    0): [   25.905637@3]  vpu_init
01-01 05:30:26.063 E/        (    0): [   25.905641@3]  The chip is not support multi encoder!!
01-01 05:30:26.103 I/        (    0): [   25.946849@0]  load module: jpegenc
01-01 05:30:26.103 W/        (    0): [   25.947197@0]  set mem spec to JPEGENC_BUFFER_LEVEL_8M
01-01 05:30:26.103 E/        (    0): [   25.947214@0]  jpegenc jpegenc: IRQ dos_mbox_slow_irq2 not found
01-01 05:30:26.103 E/[   25.947218@0]  [jpegenc_probe(    0): 4456] get irq dos_mbox_slow_irq2, res_irq=-6
01-01 05:30:26.103 W/        (    0): [   25.947222@0]  [jpegenc_probe] get irq error!
01-01 05:30:26.103 W/[   25.947237@0]  jpegenc(    0): probe of jpegenc failed with error -22
01-01 05:30:26.107 I/        (    0): [   25.949232@0]  load module: video_framerate_adapter
01-01 05:30:26.107 I/        (    0): [   25.949618@2]  Registered frame rate driver success.
01-01 05:30:26.387 I/[   26.228442@3]  gxbb_pm(    0): early_suspend_state=0
01-01 05:30:26.402 W/[   26.237301@1]  healthd(    0): No battery devices found
01-01 05:30:26.402 I/[   26.237483@2]  dim(    0): load 0xa00 pq table len 115 later.
01-01 05:30:26.411 W/[   26.248310@1]  healthd(    0): battery none chg=
01-01 05:30:26.468 I/        (    0): [   26.307610@2]  [bluebank] [usb_dec_thread] usb2_status=1, usb3_status=1
01-01 05:30:26.491 I/[   26.327717@3]  hdmitx(    0): RX tmds clk: 150   Calc clk: 27
01-01 05:30:26.491 I/[   26.327735@3]  hdmitx(    0): RX tmds clk: 150   Calc clk: 27
01-01 05:30:26.491 I/[   26.327743@3]  hdmitx(    0): RX tmds clk: 150   Calc clk: 74
01-01 05:30:26.491 I/[   26.327752@3]  hdmitx(    0): RX tmds clk: 150   Calc clk: 74
01-01 05:30:26.491 I/[   26.327761@3]  hdmitx(    0): RX tmds clk: 150   Calc clk: 148
01-01 05:30:26.491 I/[   26.327769@3]  hdmitx(    0): RX tmds clk: 150   Calc clk: 74
01-01 05:30:26.491 I/[   26.327777@3]  hdmitx(    0): RX tmds clk: 150   Calc clk: 74
01-01 05:30:26.491 I/[   26.327785@3]  hdmitx(    0): RX tmds clk: 150   Calc clk: 148
01-01 05:30:26.491 I/[   26.327818@3]  hdmitx(    0): RX tmds clk: 150   Calc clk: 25
01-01 05:30:26.491 I/[   26.327833@3]  hdmitx(    0): RX tmds clk: 150   Calc clk: 40
01-01 05:30:26.491 I/[   26.327854@3]  hdmitx(    0): RX tmds clk: 150   Calc clk: 65
01-01 05:30:26.491 I/[   26.327874@3]  hdmitx(    0): RX tmds clk: 150   Calc clk: 71
01-01 05:30:26.491 I/[   26.327889@3]  hdmitx(    0): RX tmds clk: 150   Calc clk: 108
01-01 05:30:26.491 I/[   26.327910@3]  hdmitx(    0): RX tmds clk: 150   Calc clk: 121
01-01 05:30:26.491 I/[   26.327922@3]  hdmitx(    0): RX tmds clk: 150   Calc clk: 106
01-01 05:30:26.491 I/[   26.327939@3]  hdmitx(    0): RX tmds clk: 150   Calc clk: 108
01-01 05:30:26.491 I/[   26.327956@3]  hdmitx(    0): RX tmds clk: 150   Calc clk: 146
01-01 05:30:26.505 I/android.hardware.wifi@1.0-service.droidlogic(  423): Wifi Hal is booting up...
01-01 05:30:26.564 I/HidlServiceManagement(  423): Registered android.hardware.wifi@1.4::IWifi/default
01-01 05:30:26.603 E/[   26.445504@3]  map_store(    0): rm default
01-01 05:30:26.603 E/[   26.445786@3]  map_store(    0): add default decoder ppmgr deinterlace amvideo
01-01 05:30:26.680 W/        (    0): [   26.514973@3]  start write qrcode
01-01 05:30:26.685 I/gsid    (  478): no DSU: No such file or directory
01-01 05:30:26.695 W/        (    0): [   26.520401@0]  write qrcode over
01-01 05:30:26.695 I/[   26.538951@0]  unifykey(    0): already inited!
01-01 05:30:26.748 I/        (    0): [   26.589575@3]  [drm] hdisplay = 720
01-01 05:30:26.748 I/        (    0): [   26.589575@3]  vdisplay = 576
01-01 05:30:26.748 I/        (    0): [   26.589575@3]  vrefresh = 50
01-01 05:30:26.748 I/[   26.589830@3]  vout(    0): vout_ioctl: cmd_dir = 0x2, cmd_nr = 0x0
01-01 05:30:26.748 I/        (    0): [   26.592553@3]  video_composer_open iminor(inode) =0
01-01 05:30:26.759 I/        (    0): [   26.595878@3]  video_composer_open iminor(inode) =1
01-01 05:30:26.818 I/[   26.601662@3]  hdmitx(    0): RX tmds clk: 150   Calc clk: 27
01-01 05:30:26.818 I/[   26.601678@3]  hdmitx(    0): RX tmds clk: 150   Calc clk: 27
01-01 05:30:26.818 I/[   26.601687@3]  hdmitx(    0): RX tmds clk: 150   Calc clk: 74
01-01 05:30:26.818 I/[   26.601696@3]  hdmitx(    0): RX tmds clk: 150   Calc clk: 74
01-01 05:30:26.818 I/[   26.601704@3]  hdmitx(    0): RX tmds clk: 150   Calc clk: 148
01-01 05:30:26.818 I/[   26.601712@3]  hdmitx(    0): RX tmds clk: 150   Calc clk: 74
01-01 05:30:26.818 I/[   26.601720@3]  hdmitx(    0): RX tmds clk: 150   Calc clk: 74
01-01 05:30:26.818 I/[   26.601728@3]  hdmitx(    0): RX tmds clk: 150   Calc clk: 148
01-01 05:30:26.818 I/[   26.601760@3]  hdmitx(    0): RX tmds clk: 150   Calc clk: 25
01-01 05:30:26.818 I/[   26.601776@3]  hdmitx(    0): RX tmds clk: 150   Calc clk: 40
01-01 05:30:26.818 I/[   26.601796@3]  hdmitx(    0): RX tmds clk: 150   Calc clk: 65
01-01 05:30:26.819 I/[   26.601816@3]  hdmitx(    0): RX tmds clk: 150   Calc clk: 71
01-01 05:30:26.819 I/[   26.601831@3]  hdmitx(    0): RX tmds clk: 150   Calc clk: 108
01-01 05:30:26.819 I/[   26.601852@3]  hdmitx(    0): RX tmds clk: 150   Calc clk: 121
01-01 05:30:26.819 I/[   26.601865@3]  hdmitx(    0): RX tmds clk: 150   Calc clk: 106
01-01 05:30:26.819 I/[   26.601881@3]  hdmitx(    0): RX tmds clk: 150   Calc clk: 108
01-01 05:30:26.819 I/[   26.601898@3]  hdmitx(    0): RX tmds clk: 150   Calc clk: 146
01-01 05:30:26.819 I/[   26.603913@3]  hdmitx(    0): RX tmds clk: 150   Calc clk: 27
01-01 05:30:26.819 I/[   26.603930@3]  hdmitx(    0): RX tmds clk: 150   Calc clk: 27
01-01 05:30:26.819 I/[   26.603939@3]  hdmitx(    0): RX tmds clk: 150   Calc clk: 74
01-01 05:30:26.819 I/[   26.603947@3]  hdmitx(    0): RX tmds clk: 150   Calc clk: 74
01-01 05:30:26.819 I/[   26.603956@3]  hdmitx(    0): RX tmds clk: 150   Calc clk: 148
01-01 05:30:26.819 I/[   26.603965@3]  hdmitx(    0): RX tmds clk: 150   Calc clk: 74
01-01 05:30:26.819 I/[   26.603972@3]  hdmitx(    0): RX tmds clk: 150   Calc clk: 74
01-01 05:30:26.819 I/[   26.603981@3]  hdmitx(    0): RX tmds clk: 150   Calc clk: 148
01-01 05:30:26.819 I/[   26.604013@3]  hdmitx(    0): RX tmds clk: 150   Calc clk: 25
01-01 05:30:26.819 I/[   26.604029@3]  hdmitx(    0): RX tmds clk: 150   Calc clk: 40
01-01 05:30:26.819 I/[   26.604049@3]  hdmitx(    0): RX tmds clk: 150   Calc clk: 65
01-01 05:30:26.819 I/[   26.604070@3]  hdmitx(    0): RX tmds clk: 150   Calc clk: 71
