06-18 10:39:28.845 V/StorageManagerService(  516): Package com.android.shell has legacy storage
06-18 10:39:28.845 V/StorageManagerService(  516): Package com.jio.adc.embedded does not have legacy storage
06-18 10:39:28.845 V/StorageManagerService(  516): Package com.android.wallpaperbackup does not have legacy storage
06-18 10:39:28.845 V/StorageManagerService(  516): Package com.jio.stb.rcuupdate does not have legacy storage
06-18 10:39:28.845 V/StorageManagerService(  516): Package com.jio.bioscopecontentservice does not have legacy storage
06-18 10:39:28.846 V/StorageManagerService(  516): Package com.android.providers.userdictionary does not have legacy storage
06-18 10:39:28.846 V/StorageManagerService(  516): Package com.android.providers.media.module has legacy storage
06-18 10:39:28.846 V/StorageManagerService(  516): Package com.android.hotspot2.osulogin does not have legacy storage
06-18 10:39:28.846 V/StorageManagerService(  516): Package com.media.jio.sso.stb does not have legacy storage
06-18 10:39:28.846 V/StorageManagerService(  516): Package com.jio.media.stb.ondemand does not have legacy storage
06-18 10:39:28.846 V/StorageManagerService(  516): Package com.android.location.fused does not have legacy storage
06-18 10:39:28.846 V/StorageManagerService(  516): Package com.android.deskclock has legacy storage
06-18 10:39:28.846 V/StorageManagerService(  516): Package com.android.systemui has legacy storage
06-18 10:39:28.846 V/StorageManagerService(  516): Package com.bluebank.resetservice does not have legacy storage
06-18 10:39:28.846 V/StorageManagerService(  516): Package com.android.bluetoothmidiservice does not have legacy storage
06-18 10:39:28.846 V/StorageManagerService(  516): Package com.android.permissioncontroller does not have legacy storage
06-18 10:39:28.846 V/StorageManagerService(  516): Package com.android.traceur does not have legacy storage
06-18 10:39:28.846 V/StorageManagerService(  516): Package android.auto_generated_rro_product__ does not have legacy storage
06-18 10:39:28.846 V/StorageManagerService(  516): Package com.netflix.ninja does not have legacy storage
06-18 10:39:28.846 V/StorageManagerService(  516): Package com.android.bluetooth does not have legacy storage
06-18 10:39:28.846 V/StorageManagerService(  516): Package com.android.providers.contacts does not have legacy storage
06-18 10:39:28.846 V/StorageManagerService(  516): Package com.jiostb.jiogames does not have legacy storage
06-18 10:39:28.847 V/StorageManagerService(  516): Package com.rjil.podlogservice does not have legacy storage
06-18 10:39:28.847 V/StorageManagerService(  516): Package com.android.captiveportallogin does not have legacy storage
06-18 10:39:28.847 V/StorageManagerService(  516): Package com.droidlogic.overlay does not have legacy storage
06-18 10:39:28.847 V/StorageManagerService(  516): Package android.auto_generated_rro_vendor__ does not have legacy storage
06-18 10:39:28.849 D/SystemServerTiming(  516): ssm.onStartUser-0_com.android.server.StorageManagerService$Lifecycle took to complete: 20ms
06-18 10:39:28.849 I/SystemServerTiming(  516): ssm.onStartUser-0_com.android.server.usage.StorageStatsService$Lifecycle
06-18 10:39:28.849 D/SystemServerTiming(  516): ssm.onStartUser-0_com.android.server.usage.StorageStatsService$Lifecycle took to complete: 0ms
06-18 10:39:28.849 I/SystemServerTiming(  516): ssm.onStartUser-0_com.android.server.UiModeManagerService
06-18 10:39:28.849 D/SystemServerTiming(  516): ssm.onStartUser-0_com.android.server.UiModeManagerService took to complete: 0ms
06-18 10:39:28.849 I/SystemServerTiming(  516): ssm.onStartUser-0_com.android.server.locksettings.LockSettingsService$Lifecycle
06-18 10:39:28.849 D/SystemServerTiming(  516): ssm.onStartUser-0_com.android.server.locksettings.LockSettingsService$Lifecycle took to complete: 0ms
06-18 10:39:28.849 I/SystemServerTiming(  516): ssm.onStartUser-0_com.android.server.PersistentDataBlockService
06-18 10:39:28.849 D/SystemServerTiming(  516): ssm.onStartUser-0_com.android.server.PersistentDataBlockService took to complete: 0ms
06-18 10:39:28.849 I/SystemServerTiming(  516): ssm.onStartUser-0_com.android.server.testharness.TestHarnessModeService
06-18 10:39:28.849 D/SystemServerTiming(  516): ssm.onStartUser-0_com.android.server.testharness.TestHarnessModeService took to complete: 0ms
06-18 10:39:28.849 I/SystemServerTiming(  516): ssm.onStartUser-0_com.android.server.oemlock.OemLockService
06-18 10:39:28.849 D/SystemServerTiming(  516): ssm.onStartUser-0_com.android.server.oemlock.OemLockService took to complete: 0ms
06-18 10:39:28.850 I/SystemServerTiming(  516): ssm.onStartUser-0_com.android.server.DeviceIdleController
06-18 10:39:28.850 D/SystemServerTiming(  516): ssm.onStartUser-0_com.android.server.DeviceIdleController took to complete: 0ms
06-18 10:39:28.850 I/SystemServerTiming(  516): ssm.onStartUser-0_com.android.server.devicepolicy.DevicePolicyManagerService$Lifecycle
06-18 10:39:28.850 D/SystemServerTiming(  516): ssm.onStartUser-0_com.android.server.devicepolicy.DevicePolicyManagerService$Lifecycle took to complete: 1ms
06-18 10:39:28.850 I/SystemServerTiming(  516): ssm.onStartUser-0_com.android.server.textservices.TextServicesManagerService$Lifecycle
06-18 10:39:28.850 D/SystemServerTiming(  516): ssm.onStartUser-0_com.android.server.textservices.TextServicesManagerService$Lifecycle took to complete: 0ms
06-18 10:39:28.850 I/SystemServerTiming(  516): ssm.onStartUser-0_com.android.server.textclassifier.TextClassificationManagerService$Lifecycle
06-18 10:39:28.850 D/SystemServerTiming(  516): ssm.onStartUser-0_com.android.server.textclassifier.TextClassificationManagerService$Lifecycle took to complete: 0ms
06-18 10:39:28.850 I/SystemServerTiming(  516): ssm.onStartUser-0_com.android.server.NetworkScoreService$Lifecycle
06-18 10:39:28.850 D/SystemServerTiming(  516): ssm.onStartUser-0_com.android.server.NetworkScoreService$Lifecycle took to complete: 0ms
06-18 10:39:28.850 I/SystemServerTiming(  516): ssm.onStartUser-0_com.android.server.wifi.WifiService
06-18 10:39:28.850 D/SystemServerTiming(  516): ssm.onStartUser-0_com.android.server.wifi.WifiService took to complete: 0ms
06-18 10:39:28.851 I/SystemServerTiming(  516): ssm.onStartUser-0_com.android.server.wifi.scanner.WifiScanningService
06-18 10:39:28.851 D/SystemServerTiming(  516): ssm.onStartUser-0_com.android.server.wifi.scanner.WifiScanningService took to complete: 0ms
06-18 10:39:28.851 I/SystemServerTiming(  516): ssm.onStartUser-0_com.android.server.wifi.p2p.WifiP2pService
06-18 10:39:28.851 D/SystemServerTiming(  516): ssm.onStartUser-0_com.android.server.wifi.p2p.WifiP2pService took to complete: 0ms
06-18 10:39:28.851 I/SystemServerTiming(  516): ssm.onStartUser-0_com.android.server.ethernet.EthernetService
06-18 10:39:28.851 D/SystemServerTiming(  516): ssm.onStartUser-0_com.android.server.ethernet.EthernetService took to complete: 0ms
06-18 10:39:28.851 I/SystemServerTiming(  516): ssm.onStartUser-0_com.android.server.notification.NotificationManagerService
06-18 10:39:28.851 D/SystemServerTiming(  516): ssm.onStartUser-0_com.android.server.notification.NotificationManagerService took to complete: 0ms
06-18 10:39:28.851 I/SystemServerTiming(  516): ssm.onStartUser-0_com.android.server.storage.DeviceStorageMonitorService
06-18 10:39:28.851 D/SystemServerTiming(  516): ssm.onStartUser-0_com.android.server.storage.DeviceStorageMonitorService took to complete: 0ms
06-18 10:39:28.851 I/SystemServerTiming(  516): ssm.onStartUser-0_com.android.server.location.LocationManagerService$Lifecycle
06-18 10:39:28.851 D/SystemServerTiming(  516): ssm.onStartUser-0_com.android.server.location.LocationManagerService$Lifecycle took to complete: 0ms
06-18 10:39:28.851 I/SystemServerTiming(  516): ssm.onStartUser-0_com.android.server.timedetector.TimeDetectorService$Lifecycle
06-18 10:39:28.851 D/SystemServerTiming(  516): ssm.onStartUser-0_com.android.server.timedetector.TimeDetectorService$Lifecycle took to complete: 0ms
06-18 10:39:28.851 I/SystemServerTiming(  516): ssm.onStartUser-0_com.android.server.timezonedetector.TimeZoneDetectorService$Lifecycle
06-18 10:39:28.851 D/SystemServerTiming(  516): ssm.onStartUser-0_com.android.server.timezonedetector.TimeZoneDetectorService$Lifecycle took to complete: 0ms
06-18 10:39:28.851 I/SystemServerTiming(  516): ssm.onStartUser-0_com.android.server.search.SearchManagerService$Lifecycle
06-18 10:39:28.851 D/SystemServerTiming(  516): ssm.onStartUser-0_com.android.server.search.SearchManagerService$Lifecycle took to complete: 0ms
06-18 10:39:28.851 I/SystemServerTiming(  516): ssm.onStartUser-0_com.android.server.wallpaper.WallpaperManagerService$Lifecycle
06-18 10:39:28.851 D/SystemServerTiming(  516): ssm.onStartUser-0_com.android.server.wallpaper.WallpaperManagerService$Lifecycle took to complete: 0ms
06-18 10:39:28.851 I/SystemServerTiming(  516): ssm.onStartUser-0_com.android.server.audio.AudioService$Lifecycle
06-18 10:39:28.851 D/SystemServerTiming(  516): ssm.onStartUser-0_com.android.server.audio.AudioService$Lifecycle took to complete: 0ms
06-18 10:39:28.851 I/SystemServerTiming(  516): ssm.onStartUser-0_com.android.server.soundtrigger_middleware.SoundTriggerMiddlewareService$Lifecycle
06-18 10:39:28.851 D/SystemServerTiming(  516): ssm.onStartUser-0_com.android.server.soundtrigger_middleware.SoundTriggerMiddlewareService$Lifecycle took to complete: 0ms
06-18 10:39:28.851 I/SystemServerTiming(  516): ssm.onStartUser-0_com.android.server.DockObserver
06-18 10:39:28.851 D/SystemServerTiming(  516): ssm.onStartUser-0_com.android.server.DockObserver took to complete: 0ms
06-18 10:39:28.851 I/SystemServerTiming(  516): ssm.onStartUser-0_com.android.server.midi.MidiService$Lifecycle
06-18 10:39:28.852 D/SystemServerTiming(  516): ssm.onStartUser-0_com.android.server.midi.MidiService$Lifecycle took to complete: 0ms
06-18 10:39:28.852 I/SystemServerTiming(  516): ssm.onStartUser-0_com.android.server.adb.AdbService$Lifecycle
06-18 10:39:28.852 D/SystemServerTiming(  516): ssm.onStartUser-0_com.android.server.adb.AdbService$Lifecycle took to complete: 0ms
06-18 10:39:28.852 I/SystemServerTiming(  516): ssm.onStartUser-0_com.android.server.usb.UsbService$Lifecycle
06-18 10:39:28.852 D/SystemServerTiming(  516): ssm.onStartUser-0_com.android.server.usb.UsbService$Lifecycle took to complete: 0ms
06-18 10:39:28.852 I/SystemServerTiming(  516): ssm.onStartUser-0_com.android.server.twilight.TwilightService
06-18 10:39:28.852 D/SystemServerTiming(  516): ssm.onStartUser-0_com.android.server.twilight.TwilightService took to complete: 0ms
06-18 10:39:28.852 I/SystemServerTiming(  516): ssm.onStartUser-0_com.android.server.display.color.ColorDisplayService
06-18 10:39:28.852 D/SystemServerTiming(  516): ssm.onStartUser-0_com.android.server.display.color.ColorDisplayService took to complete: 0ms
06-18 10:39:28.852 I/SystemServerTiming(  516): ssm.onStartUser-0_com.android.server.job.JobSchedulerService
06-18 10:39:28.852 D/SystemServerTiming(  516): ssm.onStartUser-0_com.android.server.job.JobSchedulerService took to complete: 1ms
06-18 10:39:28.852 I/SystemServerTiming(  516): ssm.onStartUser-0_com.android.server.soundtrigger.SoundTriggerService
06-18 10:39:28.852 D/SystemServerTiming(  516): ssm.onStartUser-0_com.android.server.soundtrigger.SoundTriggerService took to complete: 0ms
06-18 10:39:28.852 I/SystemServerTiming(  516): ssm.onStartUser-0_com.android.server.trust.TrustManagerService
06-18 10:39:28.852 D/SystemServerTiming(  516): ssm.onStartUser-0_com.android.server.trust.TrustManagerService took to complete: 0ms
06-18 10:39:28.852 I/SystemServerTiming(  516): ssm.onStartUser-0_com.android.server.backup.BackupManagerService$Lifecycle
06-18 10:39:28.852 D/SystemServerTiming(  516): ssm.onStartUser-0_com.android.server.backup.BackupManagerService$Lifecycle took to complete: 0ms
06-18 10:39:28.852 I/SystemServerTiming(  516): ssm.onStartUser-0_com.android.server.appwidget.AppWidgetService
06-18 10:39:28.852 D/SystemServerTiming(  516): ssm.onStartUser-0_com.android.server.appwidget.AppWidgetService took to complete: 0ms
06-18 10:39:28.852 I/SystemServerTiming(  516): ssm.onStartUser-0_com.android.server.role.RoleManagerService
06-18 10:39:28.856 D/SystemServerTiming(  516): ssm.onStartUser-0_com.android.server.role.RoleManagerService took to complete: 3ms
06-18 10:39:28.856 I/SystemServerTiming(  516): ssm.onStartUser-0_com.android.server.voiceinteraction.VoiceInteractionManagerService
06-18 10:39:28.857 D/SystemServerTiming(  516): ssm.onStartUser-0_com.android.server.voiceinteraction.VoiceInteractionManagerService took to complete: 1ms
06-18 10:39:28.857 I/SystemServerTiming(  516): ssm.onStartUser-0_com.android.server.GestureLauncherService
06-18 10:39:28.857 D/SystemServerTiming(  516): ssm.onStartUser-0_com.android.server.GestureLauncherService took to complete: 0ms
06-18 10:39:28.857 I/SystemServerTiming(  516): ssm.onStartUser-0_com.android.server.SensorNotificationService
06-18 10:39:28.857 D/SystemServerTiming(  516): ssm.onStartUser-0_com.android.server.SensorNotificationService took to complete: 0ms
06-18 10:39:28.857 I/SystemServerTiming(  516): ssm.onStartUser-0_com.android.server.emergency.EmergencyAffordanceService
06-18 10:39:28.857 D/SystemServerTiming(  516): ssm.onStartUser-0_com.android.server.emergency.EmergencyAffordanceService took to complete: 0ms
06-18 10:39:28.857 I/SystemServerTiming(  516): ssm.onStartUser-0_com.android.server.dreams.DreamManagerService
06-18 10:39:28.857 D/SystemServerTiming(  516): ssm.onStartUser-0_com.android.server.dreams.DreamManagerService took to complete: 0ms
06-18 10:39:28.857 I/SystemServerTiming(  516): ssm.onStartUser-0_com.android.server.restrictions.RestrictionsManagerService
06-18 10:39:28.857 D/SystemServerTiming(  516): ssm.onStartUser-0_com.android.server.restrictions.RestrictionsManagerService took to complete: 0ms
06-18 10:39:28.857 I/SystemServerTiming(  516): ssm.onStartUser-0_com.android.server.media.MediaSessionService
06-18 10:39:28.857 D/SystemServerTiming(  516): ssm.onStartUser-0_com.android.server.media.MediaSessionService took to complete: 0ms
06-18 10:39:28.857 I/SystemServerTiming(  516): ssm.onStartUser-0_com.android.server.hdmi.HdmiControlService
06-18 10:39:28.857 D/SystemServerTiming(  516): ssm.onStartUser-0_com.android.server.hdmi.HdmiControlService took to complete: 0ms
06-18 10:39:28.857 I/SystemServerTiming(  516): ssm.onStartUser-0_com.android.server.blob.BlobStoreManagerService
06-18 10:39:28.858 D/SystemServerTiming(  516): ssm.onStartUser-0_com.android.server.blob.BlobStoreManagerService took to complete: 0ms
06-18 10:39:28.858 I/SystemServerTiming(  516): ssm.onStartUser-0_com.android.server.tv.TvInputManagerService
06-18 10:39:28.858 D/SystemServerTiming(  516): ssm.onStartUser-0_com.android.server.tv.TvInputManagerService took to complete: 0ms
06-18 10:39:28.858 I/SystemServerTiming(  516): ssm.onStartUser-0_com.android.server.media.MediaResourceMonitorService
06-18 10:39:28.858 D/SystemServerTiming(  516): ssm.onStartUser-0_com.android.server.media.MediaResourceMonitorService took to complete: 0ms
06-18 10:39:28.858 I/SystemServerTiming(  516): ssm.onStartUser-0_com.android.server.tv.TvRemoteService
06-18 10:39:28.858 D/SystemServerTiming(  516): ssm.onStartUser-0_com.android.server.tv.TvRemoteService took to complete: 0ms
06-18 10:39:28.858 I/SystemServerTiming(  516): ssm.onStartUser-0_com.android.server.biometrics.BiometricService
06-18 10:39:28.858 D/SystemServerTiming(  516): ssm.onStartUser-0_com.android.server.biometrics.BiometricService took to complete: 0ms
06-18 10:39:28.858 I/SystemServerTiming(  516): ssm.onStartUser-0_com.android.server.biometrics.AuthService
06-18 10:39:28.858 D/SystemServerTiming(  516): ssm.onStartUser-0_com.android.server.biometrics.AuthService took to complete: 1ms
06-18 10:39:28.858 I/SystemServerTiming(  516): ssm.onStartUser-0_com.android.server.pm.ShortcutService$Lifecycle
06-18 10:39:28.858 D/SystemServerTiming(  516): ssm.onStartUser-0_com.android.server.pm.ShortcutService$Lifecycle took to complete: 0ms
06-18 10:39:28.858 I/SystemServerTiming(  516): ssm.onStartUser-0_com.android.server.pm.LauncherAppsService
06-18 10:39:28.858 D/SystemServerTiming(  516): ssm.onStartUser-0_com.android.server.pm.LauncherAppsService took to complete: 0ms
06-18 10:39:28.858 I/SystemServerTiming(  516): ssm.onStartUser-0_com.android.server.pm.CrossProfileAppsService
06-18 10:39:28.858 D/SystemServerTiming(  516): ssm.onStartUser-0_com.android.server.pm.CrossProfileAppsService took to complete: 0ms
06-18 10:39:28.858 I/SystemServerTiming(  516): ssm.onStartUser-0_com.android.server.people.PeopleService
06-18 10:39:28.858 D/SystemServerTiming(  516): ssm.onStartUser-0_com.android.server.people.PeopleService took to complete: 0ms
06-18 10:39:28.858 I/SystemServerTiming(  516): ssm.onStartUser-0_com.android.server.media.projection.MediaProjectionManagerService
06-18 10:39:28.858 D/SystemServerTiming(  516): ssm.onStartUser-0_com.android.server.media.projection.MediaProjectionManagerService took to complete: 0ms
06-18 10:39:28.858 I/SystemServerTiming(  516): ssm.onStartUser-0_com.android.server.slice.SliceManagerService$Lifecycle
06-18 10:39:28.858 D/SystemServerTiming(  516): ssm.onStartUser-0_com.android.server.slice.SliceManagerService$Lifecycle took to complete: 0ms
06-18 10:39:28.858 I/SystemServerTiming(  516): ssm.onStartUser-0_com.android.server.camera.CameraServiceProxy
06-18 10:39:28.859 D/SystemServerTiming(  516): ssm.onStartUser-0_com.android.server.camera.CameraServiceProxy took to complete: 1ms
06-18 10:39:28.859 I/SystemServerTiming(  516): ssm.onStartUser-0_com.android.server.stats.StatsCompanion$Lifecycle
06-18 10:39:28.859 D/SystemServerTiming(  516): ssm.onStartUser-0_com.android.server.stats.StatsCompanion$Lifecycle took to complete: 0ms
06-18 10:39:28.859 I/SystemServerTiming(  516): ssm.onStartUser-0_com.android.server.stats.pull.StatsPullAtomService
06-18 10:39:28.859 D/SystemServerTiming(  516): ssm.onStartUser-0_com.android.server.stats.pull.StatsPullAtomService took to complete: 0ms
06-18 10:39:28.859 I/SystemServerTiming(  516): ssm.onStartUser-0_com.android.server.incident.IncidentCompanionService
06-18 10:39:28.859 D/SystemServerTiming(  516): ssm.onStartUser-0_com.android.server.incident.IncidentCompanionService took to complete: 0ms
06-18 10:39:28.859 I/SystemServerTiming(  516): ssm.onStartUser-0_com.android.server.MmsServiceBroker
06-18 10:39:28.859 D/SystemServerTiming(  516): ssm.onStartUser-0_com.android.server.MmsServiceBroker took to complete: 0ms
06-18 10:39:28.859 I/SystemServerTiming(  516): ssm.onStartUser-0_com.android.server.autofill.AutofillManagerService
06-18 10:39:28.859 D/SystemServerTiming(  516): ssm.onStartUser-0_com.android.server.autofill.AutofillManagerService took to complete: 0ms
06-18 10:39:28.860 I/SystemServerTiming(  516): ssm.onStartUser-0_com.android.server.clipboard.ClipboardService
06-18 10:39:28.860 D/SystemServerTiming(  516): ssm.onStartUser-0_com.android.server.clipboard.ClipboardService took to complete: 0ms
06-18 10:39:28.860 I/SystemServerTiming(  516): ssm.onStartUser-0_com.android.server.appbinding.AppBindingService$Lifecycle
06-18 10:39:28.860 W/AppBindingService(  516): [Default SMS app] u0 Target package not found
06-18 10:39:28.860 D/SystemServerTiming(  516): ssm.onStartUser-0_com.android.server.appbinding.AppBindingService$Lifecycle took to complete: 1ms
06-18 10:39:28.860 I/SystemServerTiming(  516): ssm.onStartUser-0_com.android.server.policy.PermissionPolicyService
06-18 10:39:28.860 D/SystemServerTiming(  516): ssm.onStartUser-0_com.android.server.policy.PermissionPolicyService took to complete: 0ms
06-18 10:39:28.860 I/SystemServerTiming(  516): ssm.onStartUser-0_com.android.server.pm.StagingManager$Lifecycle
06-18 10:39:28.860 D/SystemServerTiming(  516): ssm.onStartUser-0_com.android.server.pm.StagingManager$Lifecycle took to complete: 0ms
06-18 10:39:28.860 D/SystemServerTiming(  516): ssm.StartUser-0 took to complete: 33ms
06-18 10:39:28.860 I/SystemServerTiming(  516): startPersistentApps
06-18 10:39:28.862 D/CompatibilityChangeReporter(  516): Compat change id reported: 135634846; UID 1000; state: DISABLED
06-18 10:39:28.864 D/CompatibilityChangeReporter(  516): Compat change id reported: 135634846; UID 1068; state: DISABLED
06-18 10:39:28.865 D/SystemServerTiming(  516): startPersistentApps took to complete: 4ms
06-18 10:39:28.865 I/SystemServerTiming(  516): startHomeOnAllDisplays
06-18 10:39:28.867 I/ActivityTaskManager(  516): START u0 {act=android.intent.action.MAIN cat=[android.intent.category.HOME] flg=0x10000100 cmp=com.android.tv.settings/.system.FallbackHome} from uid 0
06-18 10:39:28.876 D/StatsPullAtomService(  516): Registering NetworkStats pullers with statsd
06-18 10:39:29.044 I/android.hardware.wifi@1.0-service.droidlogic(  404): Adding interface handle for wlan0
06-18 10:39:29.045 I/android.hardware.wifi@1.0-service.droidlogic(  404): Adding interface handle for p2p0
06-18 10:39:29.045 W/android.hardware.wifi@1.0-service.droidlogic(  404): No active wlan interfaces in use! Using default
06-18 10:39:29.045 E/android.hardware.wifi@1.0-service.droidlogic(  404): Failed to register radio mode change callback
06-18 10:39:29.045 W/android.hardware.wifi@1.0-service.droidlogic(  404): No active wlan interfaces in use! Using default
06-18 10:39:29.050 I/android.hardware.wifi@1.0-service.droidlogic(  404): Configured chip in mode 0
06-18 10:39:29.050 W/android.hardware.wifi@1.0-service.droidlogic(  404): No active wlan interfaces in use! Using default
06-18 10:39:29.058 I/android.hardware.wifi@1.0-service.droidlogic(  404): Adding interface handle for wlan0
06-18 10:39:29.058 I/android.hardware.wifi@1.0-service.droidlogic(  404): Adding interface handle for p2p0
06-18 10:39:29.059 E/android.hardware.wifi@1.0-service.droidlogic(  404): Failed to set DFS flag; DFS channels may be unavailable.
06-18 10:39:29.060 D/SystemServerTiming(  516): startHomeOnAllDisplays took to complete: 195ms
06-18 10:39:29.060 I/SystemServerTiming(  516): showSystemReadyErrorDialogs
06-18 10:39:29.092 I/wificond(  502): create scanner for interface with index: 8
06-18 10:39:29.093 I/wificond(  502): subscribe scan result for interface with index: 8
06-18 10:39:29.308 D/CountryDetector(  516): Using custom country detector class: com.android.server.location.ComprehensiveCountryDetector
06-18 10:39:29.326 W/StorageManagerService(  516): No primary storage defined yet; hacking together a stub
06-18 10:39:29.327 D/SystemServerTiming(  516): showSystemReadyErrorDialogs took to complete: 266ms
06-18 10:39:29.327 I/SystemServerTiming(  516): sendUserStartBroadcast
06-18 10:39:29.327 D/SystemServerTiming(  516): sendUserStartBroadcast took to complete: 1ms
06-18 10:39:29.327 I/SystemServerTiming(  516): resumeTopActivities
06-18 10:39:29.329 D/SystemServerTiming(  516): resumeTopActivities took to complete: 2ms
06-18 10:39:29.329 I/SystemServerTiming(  516): sendUserSwitchBroadcasts
06-18 10:39:29.329 D/SystemServerTiming(  516): sendUserSwitchBroadcasts took to complete: 0ms
06-18 10:39:29.330 I/SystemServerTiming(  516): setBinderProxies
06-18 10:39:29.330 D/SystemServerTiming(  516): setBinderProxies took to complete: 0ms
06-18 10:39:29.330 D/SystemServerTiming(  516): ActivityManagerStartApps took to complete: 502ms
06-18 10:39:29.330 D/SystemServerTiming(  516): PhaseActivityManagerReady took to complete: 2686ms
06-18 10:39:29.331 W/ActivityManager(  516): Slow operation: 469ms so far, now at startProcess: done updating battery stats
06-18 10:39:29.331 W/ActivityManager(  516): Slow operation: 469ms so far, now at startProcess: building log message
06-18 10:39:29.331 I/ActivityManager(  516): Start proc 899:com.jiostb.inactivitytimer/1000 for added application com.jiostb.inactivitytimer
06-18 10:39:29.331 W/ActivityManager(  516): Slow operation: 469ms so far, now at startProcess: starting to update pids map
06-18 10:39:29.331 W/ActivityManager(  516): Slow operation: 470ms so far, now at startProcess: done updating pids map
06-18 10:39:29.331 W/ActivityManager(  516): Slow operation: 469ms so far, now at startProcess: asking zygote to start proc
06-18 10:39:29.332 D/SystemServerTiming(  516): startOtherServices took to complete: 5785ms
06-18 10:39:29.345 I/ActivityManager(  516): Process WebViewLoader-armeabi-v7a (pid 814) has died: psvc PER 
06-18 10:39:29.352 W/ActivityManager(  516): Slow operation: 490ms so far, now at startProcess: returned from zygote!
06-18 10:39:29.423 D/CompatibilityChangeReporter(  516): Compat change id reported: 135634846; UID 1000; state: DISABLED
06-18 10:39:29.424 W/ActivityManager(  516): Slow operation: 562ms so far, now at startProcess: done updating battery stats
06-18 10:39:29.425 W/ActivityManager(  516): Slow operation: 562ms so far, now at startProcess: building log message
06-18 10:39:29.425 I/ActivityManager(  516): Start proc 975:com.droidlogic/1000 for added application com.droidlogic
06-18 10:39:29.425 W/ActivityManager(  516): Slow operation: 562ms so far, now at startProcess: starting to update pids map
06-18 10:39:29.425 W/ActivityManager(  516): Slow operation: 563ms so far, now at startProcess: done updating pids map
06-18 10:39:29.425 W/ActivityManager(  516): Slow operation: 562ms so far, now at startProcess: asking zygote to start proc
06-18 10:39:29.453 D/SystemServerTiming(  516): StartServices took to complete: 8539ms
06-18 10:39:29.477 D/ConnectivityService(  516): requestNetwork for uid/pid:1073/877 NetworkRequest [ TRACK_DEFAULT id=9, [ Capabilities: INTERNET&NOT_RESTRICTED&TRUSTED Uid: 1073 AdministratorUids: [] RequestorUid: 1073 RequestorPackageName: com.android.networkstack] ]
06-18 10:39:29.477 D/ConnectivityService(  516): NetReassign [no changes]
06-18 10:39:29.479 D/ConnectivityService(  516): NetReassign [no changes]
06-18 10:39:29.480 W/Looper  (  516): Slow delivery took 5977ms main h=android.app.ActivityThread$H c=null m=156
06-18 10:39:29.486 D/ConditionProviders.SCP(  516): onConnected
06-18 10:39:29.488 D/ConditionProviders(  516): Subscribing to condition://android/event?userId=-10000&calendar=&reply=1 with ComponentInfo{android/com.android.server.notification.EventConditionProvider}
06-18 10:39:29.488 D/ConditionProviders(  516): Subscribing to condition://android/schedule?days=1.2.3.4.5.6.7&start=22.0&end=7.0&exitAtAlarm=true with ComponentInfo{android/com.android.server.notification.ScheduleConditionProvider}
06-18 10:39:29.494 W/ActivityManager(  516): Slow operation: 631ms so far, now at startProcess: returned from zygote!
06-18 10:39:29.495 W/ActivityManager(  516): Slow operation: 631ms so far, now at startProcess: done updating battery stats
06-18 10:39:29.495 W/ActivityManager(  516): Slow operation: 632ms so far, now at startProcess: building log message
06-18 10:39:29.495 I/ActivityManager(  516): Start proc 1012:com.android.se/1068 for added application com.android.se
06-18 10:39:29.495 W/ActivityManager(  516): Slow operation: 632ms so far, now at startProcess: starting to update pids map
06-18 10:39:29.495 W/ActivityManager(  516): Slow operation: 632ms so far, now at startProcess: done updating pids map
06-18 10:39:29.495 W/ActivityManager(  516): Slow operation: 631ms so far, now at startProcess: asking zygote to start proc
06-18 10:39:29.510 I/ActivityManager(  516): Notify Jio SDK Service on crash event
06-18 10:39:29.514 D/CompatibilityChangeReporter(  516): Compat change id reported: 135634846; UID 10064; state: DISABLED
06-18 10:39:29.519 I/DropBoxManagerService(  516): add tag=system_app_wtf isTagEnabled=true flags=0x2
06-18 10:39:29.540 D/AudioService(  516): cec status change enabled=false available=false
06-18 10:39:29.540 I/AudioService(  516): TV, no CEC: setting HDMI as regular vol device
06-18 10:39:29.543 D/PackageWatchdog(  516): Getting all observed packages pending health checks
06-18 10:39:29.544 I/PackageWatchdog(  516): Syncing health check requests for packages: {}
06-18 10:39:29.544 I/ExplicitHealthCheckController(  516): Service not ready to get health check supported packages. Binding...
06-18 10:39:29.547 I/ExplicitHealthCheckController(  516): Explicit health check service is bound
06-18 10:39:29.566 W/ActivityManager(  516): Slow operation: 702ms so far, now at startProcess: returned from zygote!
06-18 10:39:29.566 W/ActivityManager(  516): Slow operation: 702ms so far, now at startProcess: done updating battery stats
06-18 10:39:29.567 W/ActivityManager(  516): Slow operation: 702ms so far, now at startProcess: building log message
06-18 10:39:29.567 I/ActivityManager(  516): Start proc 1042:com.jiostb.fti/1000 for added application com.jiostb.fti
06-18 10:39:29.568 W/ActivityManager(  516): Slow operation: 702ms so far, now at startProcess: starting to update pids map
06-18 10:39:29.568 W/ActivityManager(  516): Slow operation: 704ms so far, now at startProcess: done updating pids map
06-18 10:39:29.568 W/ActivityManager(  516): Slow operation: 148ms so far, now at startProcess: asking zygote to start proc
06-18 10:39:29.637 W/ActivityManager(  516): Slow operation: 217ms so far, now at startProcess: returned from zygote!
06-18 10:39:29.642 W/ActivityManager(  516): Slow operation: 221ms so far, now at startProcess: done updating battery stats
06-18 10:39:29.642 W/ActivityManager(  516): Slow operation: 221ms so far, now at startProcess: building log message
06-18 10:39:29.642 I/ActivityManager(  516): Start proc 1067:com.android.tv.settings/1000 for top-activity {com.android.tv.settings/com.android.tv.settings.system.FallbackHome}
06-18 10:39:29.642 W/ActivityManager(  516): Slow operation: 221ms so far, now at startProcess: starting to update pids map
06-18 10:39:29.642 W/ActivityManager(  516): Slow operation: 222ms so far, now at startProcess: done updating pids map
06-18 10:39:29.642 W/ActivityManager(  516): Slow operation: 134ms so far, now at startProcess: asking zygote to start proc
06-18 10:39:29.643 D/CompatibilityChangeReporter(  516): Compat change id reported: 143937733; UID 10064; state: ENABLED
06-18 10:39:29.647 E/TrustManagerService(  516): EXTRA_USER_HANDLE missing or invalid, value=0
06-18 10:39:29.648 I/ActivityManager(  516): Notify Jio SDK Service on crash event
06-18 10:39:29.649 I/DropBoxManagerService(  516): add tag=system_server_wtf isTagEnabled=true flags=0x2
06-18 10:39:29.664 V/NotificationListeners(  516): enabling notification listener for 0: ComponentInfo{io.appium.settings/io.appium.settings.NLService}
06-18 10:39:29.665 V/NotificationListeners(  516): binding: Intent { act=android.service.notification.NotificationListenerService cmp=io.appium.settings/.NLService (has extras) }
06-18 10:39:29.676 W/ActivityManager(  516): Unable to start service Intent { act=android.service.notification.NotificationListenerService cmp=io.appium.settings/.NLService } U=0: not found
06-18 10:39:29.676 W/NotificationListeners(  516): Unable to bind notification listener service: Intent { act=android.service.notification.NotificationListenerService cmp=io.appium.settings/.NLService (has extras) } in user 0
06-18 10:39:29.676 V/NotificationAssistants(  516): enabling notification assistant for 0: ComponentInfo{android.ext.services/android.ext.services.notification.Assistant}
06-18 10:39:29.677 V/NotificationAssistants(  516): binding: Intent { act=android.service.notification.NotificationAssistantService cmp=android.ext.services/.notification.Assistant (has extras) }
06-18 10:39:29.749 W/ActivityManager(  516): Slow operation: 241ms so far, now at startProcess: returned from zygote!
06-18 10:39:29.750 W/ActivityManager(  516): Slow operation: 242ms so far, now at startProcess: done updating battery stats
06-18 10:39:29.750 W/ActivityManager(  516): Slow operation: 242ms so far, now at startProcess: building log message
06-18 10:39:29.750 I/ActivityManager(  516): Start proc 1093:android.ext.services/u0a64 for service {android.ext.services/android.ext.services.autofill.InlineSuggestionRenderServiceImpl}
06-18 10:39:29.750 W/ActivityManager(  516): Slow operation: 242ms so far, now at startProcess: starting to update pids map
06-18 10:39:29.751 W/ActivityManager(  516): Slow operation: 242ms so far, now at startProcess: done updating pids map
06-18 10:39:29.778 D/ActivityTaskManager(  516): JioHomeManagerService :: ActivityRecord :: setState :: StateFrom :: INITIALIZING StateTo :: RESUMED 
06-18 10:39:29.784 D/ActivityManager(  516): JioHomeManagerService :: StateFrom :: INITIALIZING StateTo :: RESUMED Activity :: com.android.tv.settings/com.android.tv.settings.system.FallbackHome Action :: com.jio.remote.action.applaunch
06-18 10:39:29.824 W/ActivityThread(  975): Failed to find provider info for android.media.tv (user not unlocked)
06-18 10:39:29.847 W/ActivityThread(  975): Failed to find provider info for android.media.tv (user not unlocked)
06-18 10:39:29.883 W/ActivityManager(  516): Receiver with filter android.content.IntentFilter@f2d1768 already registered for pid 790, callerPackage is com.android.systemui
06-18 10:39:29.886 W/ActivityThread(  975): Failed to find provider info for android.media.tv (user not unlocked)
06-18 10:39:29.908 W/ActivityThread(  975): Failed to find provider info for android.media.tv (user not unlocked)
06-18 10:39:29.923 W/Looper  (  516): Slow dispatch took 246ms main h=android.app.ActivityThread$H c=android.app.-$$Lambda$LoadedApk$ReceiverDispatcher$Args$_BumDX2UKsnxLVrE6UJsJZkotuA@5f42dfe m=0
06-18 10:39:29.927 W/ActivityThread(  975): Failed to find provider info for android.media.tv (user not unlocked)
06-18 10:39:29.936 I/ConnectivityModuleConnector(  516): Networking module service connected
06-18 10:39:29.941 W/ActivityThread(  975): Failed to find provider info for android.media.tv (user not unlocked)
06-18 10:39:29.949 D/ConditionProviders.SCP(  516): onSubscribe condition://android/schedule?days=1.2.3.4.5.6.7&start=22.0&end=7.0&exitAtAlarm=true
06-18 10:39:29.950 D/ConditionProviders.SCP(  516): setRegistered true
06-18 10:39:29.960 W/ActivityThread(  975): Failed to find provider info for android.media.tv (user not unlocked)
06-18 10:39:29.981 D/ConditionProviders.SCP(  516): evaluateSubscriptionLocked cal=ScheduleCalendar[mDays={1, 2, 3, 4, 5, 6, 7}, mSchedule=ScheduleInfo{days=[1, 2, 3, 4, 5, 6, 7], startHour=22, startMinute=0, endHour=7, endMinute=0, exitAtAlarm=true, nextAlarm=Thu Jan 01 05:30:00 GMT+05:30 1970 (0)}], now=Wed Jun 18 10:39:29 GMT+05:30 2025 (1750223369949), nextUserAlarmTime=Thu Jan 01 05:30:00 GMT+05:30 1970 (0)
06-18 10:39:29.981 D/ConditionProviders.SCP(  516): notifyCondition condition://android/schedule?days=1.2.3.4.5.6.7&start=22.0&end=7.0&exitAtAlarm=true STATE_FALSE reason=!meetsSchedule
06-18 10:39:29.990 D/ConditionProviders.SCP(  516): Scheduling evaluate for Wed Jun 18 22:00:00 GMT+05:30 2025 (1750264200000), in +11h20m30s51ms, now=Wed Jun 18 10:39:29 GMT+05:30 2025 (1750223369949)
06-18 10:39:29.990 W/ActivityThread(  975): Failed to find provider info for android.media.tv (user not unlocked)
06-18 10:39:30.007 V/DigitalSignage(  516): Package Name: null
06-18 10:39:30.008 V/DigitalSignage(  516): Left: 0
06-18 10:39:30.008 V/DigitalSignage(  516): Right: 0
06-18 10:39:30.008 V/DigitalSignage(  516): Top: 0
06-18 10:39:30.008 V/DigitalSignage(  516): Bottom: 0
06-18 10:39:30.008 D/DigitalSignage(  516): else - Package Name :: null left : 0 right :: 0 top :: 0 bottom :: 0 dfu-right :: 1920 dfu-bottom :: 1080
06-18 10:39:30.012 D/BluetoothManagerService(  516): Bluetooth Adapter name changed to JioSTB00061JioSTB
06-18 10:39:30.012 D/BluetoothManagerService(  516): Stored Bluetooth name: JioSTB00061JioSTB
06-18 10:39:30.013 V/DigitalSignage(  516): Package Name: null
06-18 10:39:30.013 V/DigitalSignage(  516): Left: 0
06-18 10:39:30.013 V/DigitalSignage(  516): Right: 0
06-18 10:39:30.013 V/DigitalSignage(  516): Top: 0
06-18 10:39:30.013 V/DigitalSignage(  516): Bottom: 0
06-18 10:39:30.013 D/DigitalSignage(  516): else - Package Name :: null left : 0 right :: 0 top :: 0 bottom :: 0 dfu-right :: 1920 dfu-bottom :: 1080
06-18 10:39:30.013 D/AutofillManagerService(  516): Restriction did not change for user 0
06-18 10:39:30.020 D/ConnectivityService(  516): requestNetwork for uid/pid:1073/877 NetworkRequest [ REQUEST id=11, [ Capabilities: INTERNET&NOT_RESTRICTED&TRUSTED&NOT_VPN AdministratorUids: [] RequestorUid: 1073 RequestorPackageName: com.android.networkstack] ]
06-18 10:39:30.021 D/ConnectivityService(  516): NetReassign [no changes]
06-18 10:39:30.024 W/ActivityThread(  975): Failed to find provider info for android.media.tv (user not unlocked)
06-18 10:39:30.045 W/ActivityThread(  975): Failed to find provider info for android.media.tv (user not unlocked)
06-18 10:39:30.057 W/ActivityThread(  516): Failed to find provider info for com.android.calendar (user not unlocked)
06-18 10:39:30.060 D/BluetoothManagerService(  516): BluetoothServiceConnection: com.android.bluetooth.btservice.AdapterService
06-18 10:39:30.069 I/ExplicitHealthCheckController(  516): Explicit health check service is connected ComponentInfo{android.ext.services/android.ext.services.watchdog.ExplicitHealthCheckServiceImpl}
06-18 10:39:30.071 W/ActivityThread(  516): Failed to find provider info for com.android.calendar (user not unlocked)
06-18 10:39:30.072 W/ActivityThread(  975): Failed to find provider info for android.media.tv (user not unlocked)
06-18 10:39:30.073 I/ExplicitHealthCheckController(  516): Service initialized, syncing requests
06-18 10:39:30.074 D/BluetoothManagerService(  516): MESSAGE_BLUETOOTH_SERVICE_CONNECTED: 1
06-18 10:39:30.077 I/ConnectivityModuleConnector(  516): Networking module service connected
06-18 10:39:30.082 V/NotificationAssistants(  516): 0 notification assistant service connected: ComponentInfo{android.ext.services/android.ext.services.notification.Assistant}
06-18 10:39:30.082 D/PackageWatchdog(  516): Getting all observed packages pending health checks
06-18 10:39:30.082 I/PackageWatchdog(  516): Syncing health check requests for packages: {}
06-18 10:39:30.082 D/ExplicitHealthCheckController(  516): Getting health check supported packages
06-18 10:39:30.083 W/Looper  (  516): Drained
06-18 10:39:30.088 I/ExplicitHealthCheckController(  516): Explicit health check supported packages [PackageConfig{com.android.networkstack, 86400000}]
06-18 10:39:30.090 D/PackageWatchdog(  516): Received supported packages [PackageConfig{com.android.networkstack, 86400000}]
06-18 10:39:30.090 D/ExplicitHealthCheckController(  516): Getting health check requested packages
06-18 10:39:30.091 I/ExplicitHealthCheckController(  516): Explicit health check requested packages []
06-18 10:39:30.091 I/ExplicitHealthCheckController(  516): No more health check requests, unbinding...
06-18 10:39:30.093 D/BluetoothManagerService(  516): Broadcasting onBluetoothServiceUp() to 3 receivers.
06-18 10:39:30.096 I/DropBoxManagerService(  516): add tag=system_app_strictmode isTagEnabled=true flags=0x2
06-18 10:39:30.102 W/ActivityThread(  975): Failed to find provider info for android.media.tv (user not unlocked)
06-18 10:39:30.118 W/ActivityThread(  975): Failed to find provider info for android.media.tv (user not unlocked)
06-18 10:39:30.120 D/BluetoothManagerService(  516): MESSAGE_BLUETOOTH_STATE_CHANGE: OFF > BLE_TURNING_ON
06-18 10:39:30.120 D/BluetoothManagerService(  516): Sending BLE State Change: OFF > BLE_TURNING_ON
06-18 10:39:30.121 I/DropBoxManagerService(  516): add tag=system_app_strictmode isTagEnabled=true flags=0x2
06-18 10:39:30.125 I/ExplicitHealthCheckController(  516): Explicit health check service is unbound
06-18 10:39:30.129 I/DropBoxManagerService(  516): add tag=system_app_strictmode isTagEnabled=true flags=0x2
06-18 10:39:30.130 V/DigitalSignage(  516): Package Name: null
06-18 10:39:30.130 V/DigitalSignage(  516): Left: 0
06-18 10:39:30.130 V/DigitalSignage(  516): Right: 0
06-18 10:39:30.130 V/DigitalSignage(  516): Top: 0
06-18 10:39:30.130 V/DigitalSignage(  516): Bottom: 0
06-18 10:39:30.130 D/DigitalSignage(  516): else - Package Name :: null left : 0 right :: 0 top :: 0 bottom :: 0 dfu-right :: 1920 dfu-bottom :: 1080
06-18 10:39:30.132 V/DigitalSignage(  516): Package Name: null
06-18 10:39:30.132 V/DigitalSignage(  516): Left: 0
06-18 10:39:30.132 V/DigitalSignage(  516): Right: 0
06-18 10:39:30.132 V/DigitalSignage(  516): Top: 0
06-18 10:39:30.132 V/DigitalSignage(  516): Bottom: 0
06-18 10:39:30.132 D/DigitalSignage(  516): else - Package Name :: null left : 0 right :: 0 top :: 0 bottom :: 0 dfu-right :: 1920 dfu-bottom :: 1080
06-18 10:39:30.134 V/DigitalSignage(  516): Package Name: null
06-18 10:39:30.134 V/DigitalSignage(  516): Left: 0
06-18 10:39:30.134 V/DigitalSignage(  516): Right: 0
06-18 10:39:30.134 V/DigitalSignage(  516): Top: 0
06-18 10:39:30.134 V/DigitalSignage(  516): Bottom: 0
06-18 10:39:30.134 D/DigitalSignage(  516): else - Package Name :: null left : 0 right :: 0 top :: 0 bottom :: 0 dfu-right :: 1920 dfu-bottom :: 1080
06-18 10:39:30.138 I/ActivityManagerTiming(  516): FinishBooting
06-18 10:39:30.138 D/SystemUIBootTiming(  790): DependencyInjection took to complete: 1ms
06-18 10:39:30.138 W/ActivityThread(  975): Failed to find provider info for android.media.tv (user not unlocked)
06-18 10:39:30.144 I/DropBoxManagerService(  516): add tag=system_app_strictmode isTagEnabled=true flags=0x2
06-18 10:39:30.164 V/DigitalSignage(  516): Package Name: null
06-18 10:39:30.164 V/DigitalSignage(  516): Left: 0
06-18 10:39:30.164 V/DigitalSignage(  516): Right: 0
06-18 10:39:30.164 V/DigitalSignage(  516): Top: 0
06-18 10:39:30.164 V/DigitalSignage(  516): Bottom: 0
06-18 10:39:30.164 D/DigitalSignage(  516): else - Package Name :: null left : 0 right :: 0 top :: 0 bottom :: 0 dfu-right :: 1920 dfu-bottom :: 1080
06-18 10:39:30.164 W/ActivityThread(  975): Failed to find provider info for android.media.tv (user not unlocked)
06-18 10:39:30.179 I/chatty  (  975): uid=1000(system) com.droidlogic identical 1 line
06-18 10:39:30.191 W/ActivityThread(  975): Failed to find provider info for android.media.tv (user not unlocked)
06-18 10:39:30.196 D/SystemUIBootTiming(  790): StartServicescom.android.systemui.util.NotificationChannels took to complete: 18ms
06-18 10:39:30.209 W/ActivityThread(  975): Failed to find provider info for android.media.tv (user not unlocked)
06-18 10:39:30.451 I/chatty  (  975): uid=1000(system) com.droidlogic identical 13 lines
06-18 10:39:30.470 W/ActivityThread(  975): Failed to find provider info for android.media.tv (user not unlocked)
06-18 10:39:30.477 D/SystemUIBootTiming(  790): StartServicescom.android.systemui.volume.VolumeUI took to complete: 281ms
06-18 10:39:30.483 W/ActivityThread(  975): Failed to find provider info for android.media.tv (user not unlocked)
06-18 10:39:30.497 W/ActivityThread(  975): Failed to find provider info for android.media.tv (user not unlocked)
06-18 10:39:30.499 D/SystemUIBootTiming(  790): StartServicescom.android.systemui.stackdivider.Divider took to complete: 22ms
06-18 10:39:30.504 I/StatusBarManagerService(  516): registerStatusBar bar=com.android.internal.statusbar.IStatusBar$Stub$Proxy@9565ef3
06-18 10:39:30.504 D/SystemUIBootTiming(  790): StartServicescom.android.systemui.statusbar.tv.TvStatusBar took to complete: 5ms
06-18 10:39:30.514 W/ActivityThread(  975): Failed to find provider info for android.media.tv (user not unlocked)
06-18 10:39:30.525 D/SystemUIBootTiming(  790): StartServicescom.android.systemui.usb.StorageNotification took to complete: 21ms
06-18 10:39:30.527 W/ActivityThread(  975): Failed to find provider info for android.media.tv (user not unlocked)
06-18 10:39:30.541 W/ActivityThread(  975): Failed to find provider info for android.media.tv (user not unlocked)
06-18 10:39:30.548 D/SystemUIBootTiming(  790): StartServicescom.android.systemui.power.PowerUI took to complete: 23ms
06-18 10:39:30.550 D/SystemUIBootTiming(  790): StartServicescom.android.systemui.media.RingtonePlayer took to complete: 2ms
06-18 10:39:30.551 D/SystemUIBootTiming(  790): StartServicescom.android.systemui.keyboard.KeyboardUI took to complete: 1ms
06-18 10:39:30.553 W/ActivityThread(  975): Failed to find provider info for android.media.tv (user not unlocked)
06-18 10:39:30.565 W/ActivityThread(  975): Failed to find provider info for android.media.tv (user not unlocked)
06-18 10:39:30.569 D/SystemUIBootTiming(  790): StartServicescom.android.systemui.pip.PipUI took to complete: 17ms
06-18 10:39:30.571 D/SystemUIBootTiming(  790): StartServicescom.android.systemui.shortcut.ShortcutKeyDispatcher took to complete: 2ms
06-18 10:39:30.571 D/SystemUIBootTiming(  790): StartServicescom.android.systemui.VendorServices took to complete: 1ms
06-18 10:39:30.571 D/SystemUIBootTiming(  790): StartServicescom.android.systemui.SliceBroadcastRelayHandler took to complete: 0ms
06-18 10:39:30.572 D/SystemUIBootTiming(  790): StartServicescom.android.systemui.SizeCompatModeActivityController took to complete: 0ms
06-18 10:39:30.575 D/SystemUIBootTiming(  790): StartServicescom.android.systemui.statusbar.notification.InstantAppNotifier took to complete: 2ms
06-18 10:39:30.575 D/SystemUIBootTiming(  790): StartServicescom.android.systemui.toast.ToastUI took to complete: 1ms
06-18 10:39:30.575 D/SystemUIBootTiming(  790): StartServices took to complete: 397ms
06-18 10:39:30.579 W/ActivityThread(  975): Failed to find provider info for android.media.tv (user not unlocked)
06-18 10:39:30.591 I/chatty  (  975): uid=1000(system) com.droidlogic identical 1 line
06-18 10:39:30.603 W/ActivityThread(  975): Failed to find provider info for android.media.tv (user not unlocked)
06-18 10:39:30.614 V/DigitalSignage(  516): Package Name: null
06-18 10:39:30.614 V/DigitalSignage(  516): Left: 0
06-18 10:39:30.614 V/DigitalSignage(  516): Right: 0
06-18 10:39:30.614 V/DigitalSignage(  516): Top: 0
06-18 10:39:30.614 V/DigitalSignage(  516): Bottom: 0
06-18 10:39:30.615 D/DigitalSignage(  516): else - Package Name :: null left : 0 right :: 0 top :: 0 bottom :: 0 dfu-right :: 1920 dfu-bottom :: 1080
06-18 10:39:30.615 V/DigitalSignage(  516): Package Name: null
06-18 10:39:30.615 V/DigitalSignage(  516): Left: 0
06-18 10:39:30.615 V/DigitalSignage(  516): Right: 0
06-18 10:39:30.615 V/DigitalSignage(  516): Top: 0
06-18 10:39:30.615 V/DigitalSignage(  516): Bottom: 0
06-18 10:39:30.615 D/DigitalSignage(  516): else - Package Name :: null left : 0 right :: 0 top :: 0 bottom :: 0 dfu-right :: 1920 dfu-bottom :: 1080
06-18 10:39:30.615 W/ActivityThread(  975): Failed to find provider info for android.media.tv (user not unlocked)
06-18 10:39:30.620 V/DigitalSignage(  516): Package Name: null
06-18 10:39:30.620 V/DigitalSignage(  516): Left: 0
06-18 10:39:30.620 V/DigitalSignage(  516): Right: 0
06-18 10:39:30.620 V/DigitalSignage(  516): Top: 0
06-18 10:39:30.620 V/DigitalSignage(  516): Bottom: 0
06-18 10:39:30.620 D/DigitalSignage(  516): else - Package Name :: null left : 0 right :: 0 top :: 0 bottom :: 0 dfu-right :: 1920 dfu-bottom :: 1080
06-18 10:39:30.621 V/DigitalSignage(  516): Package Name: null
06-18 10:39:30.621 V/DigitalSignage(  516): Left: 0
06-18 10:39:30.621 V/DigitalSignage(  516): Right: 0
06-18 10:39:30.621 V/DigitalSignage(  516): Top: 0
06-18 10:39:30.621 V/DigitalSignage(  516): Bottom: 0
06-18 10:39:30.621 D/DigitalSignage(  516): else - Package Name :: null left : 0 right :: 0 top :: 0 bottom :: 0 dfu-right :: 1920 dfu-bottom :: 1080
06-18 10:39:30.630 W/ActivityThread(  975): Failed to find provider info for android.media.tv (user not unlocked)
06-18 10:39:30.641 I/DropBoxManagerService(  516): add tag=system_app_strictmode isTagEnabled=true flags=0x2
06-18 10:39:30.644 W/ActivityThread(  975): Failed to find provider info for android.media.tv (user not unlocked)
06-18 10:39:30.657 W/ActivityThread(  975): Failed to find provider info for android.media.tv (user not unlocked)
06-18 10:39:30.659 V/DigitalSignage(  516): Package Name: null
06-18 10:39:30.659 V/DigitalSignage(  516): Left: 0
06-18 10:39:30.659 V/DigitalSignage(  516): Right: 0
06-18 10:39:30.659 V/DigitalSignage(  516): Top: 0
06-18 10:39:30.659 V/DigitalSignage(  516): Bottom: 0
06-18 10:39:30.660 D/DigitalSignage(  516): else - Package Name :: null left : 0 right :: 0 top :: 0 bottom :: 0 dfu-right :: 1920 dfu-bottom :: 1080
06-18 10:39:30.660 V/DigitalSignage(  516): Package Name: null
06-18 10:39:30.660 V/DigitalSignage(  516): Left: 0
06-18 10:39:30.660 V/DigitalSignage(  516): Right: 0
06-18 10:39:30.660 V/DigitalSignage(  516): Top: 0
06-18 10:39:30.660 V/DigitalSignage(  516): Bottom: 0
06-18 10:39:30.660 D/DigitalSignage(  516): else - Package Name :: null left : 0 right :: 0 top :: 0 bottom :: 0 dfu-right :: 1920 dfu-bottom :: 1080
06-18 10:39:30.663 V/DigitalSignage(  516): Package Name: null
06-18 10:39:30.663 V/DigitalSignage(  516): Left: 0
06-18 10:39:30.663 V/DigitalSignage(  516): Right: 0
06-18 10:39:30.663 V/DigitalSignage(  516): Top: 0
06-18 10:39:30.663 V/DigitalSignage(  516): Bottom: 0
06-18 10:39:30.663 D/DigitalSignage(  516): else - Package Name :: null left : 0 right :: 0 top :: 0 bottom :: 0 dfu-right :: 1920 dfu-bottom :: 1080
06-18 10:39:30.663 V/DigitalSignage(  516): Package Name: null
06-18 10:39:30.663 V/DigitalSignage(  516): Left: 0
06-18 10:39:30.663 V/DigitalSignage(  516): Right: 0
06-18 10:39:30.663 V/DigitalSignage(  516): Top: 0
06-18 10:39:30.664 V/DigitalSignage(  516): Bottom: 0
06-18 10:39:30.664 D/DigitalSignage(  516): else - Package Name :: null left : 0 right :: 0 top :: 0 bottom :: 0 dfu-right :: 1920 dfu-bottom :: 1080
06-18 10:39:30.671 W/ActivityThread(  975): Failed to find provider info for android.media.tv (user not unlocked)
06-18 10:39:30.699 I/chatty  (  975): uid=1000(system) com.droidlogic identical 2 lines
