06-12 23:20:31.087 D/DigitalSignage(  637): else - Package Name :: null left : 0 right :: 0 top :: 0 bottom :: 0 dfu-right :: 1920 dfu-bottom :: 1080
06-12 23:20:31.099 V/DigitalSignage(  637): Package Name: null
06-12 23:20:31.099 V/DigitalSignage(  637): Left: 0
06-12 23:20:31.099 V/DigitalSignage(  637): Right: 0
06-12 23:20:31.099 V/DigitalSignage(  637): Top: 0
06-12 23:20:31.099 V/DigitalSignage(  637): Bottom: 0
06-12 23:20:31.100 D/DigitalSignage(  637): else - Package Name :: null left : 0 right :: 0 top :: 0 bottom :: 0 dfu-right :: 1920 dfu-bottom :: 1080
06-12 23:20:31.113 I/android.hardware.power-service.libperfmgr(  369): Power setBoost: INTERACTION duration: 0
06-12 23:20:31.113 I/libperfmgr(  369): Do Powerhint: INTERACTION
06-12 23:20:31.122 D/NetflixService(  987): onForegroundActivitiesChanged pid:21213,uid:10072,fg:true
06-12 23:20:31.125 D/ActivityManager(  637): JioHomeManagerService :: StateFrom :: INITIALIZING StateTo :: RESUMED Activity :: in.startv.hotstar/com.hotstar.MainActivity Action :: com.jio.remote.action.applaunch
06-12 23:20:31.137 V/DigitalSignage(  637): Package Name: null
06-12 23:20:31.137 V/DigitalSignage(  637): Left: 0
06-12 23:20:31.137 V/DigitalSignage(  637): Right: 0
06-12 23:20:31.137 V/DigitalSignage(  637): Top: 0
06-12 23:20:31.137 V/DigitalSignage(  637): Bottom: 0
06-12 23:20:31.137 D/DigitalSignage(  637): else - Package Name :: null left : 0 right :: 0 top :: 0 bottom :: 0 dfu-right :: 1920 dfu-bottom :: 1080
06-12 23:20:31.145 D/NetflixService(  987): processName:com.netflix.ninja,importance:300
06-12 23:20:31.163 D/dvb_iptv(  403): ReadEmmNetworkTask[1537]: EMM Select Timeout Occured 50
06-12 23:20:31.185 D/stbdpc  (  403): STB_DPGetNumPaths[570]: num_paths: 1
06-12 23:20:31.186 F/linker  (21235): CANNOT LINK EXECUTABLE "/system/bin/smartcable/smartCableSTBApp": library "libmosquitto.so" not found: needed by main executable
06-12 23:20:31.238 D/NetworkSecurityConfig(21213): Using Network Security Config from resource network_security_config debugBuild: false
06-12 23:20:31.239 D/NetworkSecurityConfig(21213): Using Network Security Config from resource network_security_config debugBuild: false
06-12 23:20:31.254 D/SessionsDependencies(21213): Dependency to CRASHLYTICS added.
06-12 23:20:31.259 I/FirebaseApp(21213): Device unlocked: initializing all Firebase APIs for app [DEFAULT]
06-12 23:20:31.263 E/chromium( 2252): [ERROR:tile_manager.cc(793)] WARNING: tile memory limits exceeded, some content may not draw
06-12 23:20:31.268 D/Glide   ( 1786): Finished loading Bitmap from LOCAL for com.bumptech.glide.gifdecoder.StandardGifDecoder@6f5af65 with size [314x176] in 285.39799999999997 ms
06-12 23:20:31.273 D/FirebaseSessions(21213): Initializing Firebase Sessions SDK.
06-12 23:20:31.285 D/stbdpc  (  403): STB_DPGetNumPaths[570]: num_paths: 1
06-12 23:20:31.287 I/FirebaseCrashlytics(21213): Initializing Firebase Crashlytics 19.3.0 for in.startv.hotstar
06-12 23:20:31.298 W/GooglePlayServicesUtil(21213): in.startv.hotstar requires the Google Play Store, but it is missing.
06-12 23:20:31.298 E/DynamiteModule(21213): Invalid GmsCore APK, remote loading disabled.
06-12 23:20:31.298 I/DynamiteModule(21213): Considering local module com.google.android.gms.measurement.dynamite:127 and remote module com.google.android.gms.measurement.dynamite:0
06-12 23:20:31.303 I/DynamiteModule(21213): Selected local version of com.google.android.gms.measurement.dynamite
06-12 23:20:31.303 E/DynamiteModule(21213): Invalid GmsCore APK, remote loading disabled.
06-12 23:20:31.311 D/SessionsDependencies(21213): Subscriber CRASHLYTICS registered.
06-12 23:20:31.367 E/chromium( 2252): [ERROR:tile_manager.cc(793)] WARNING: tile memory limits exceeded, some content may not draw
06-12 23:20:31.373 I/FirebaseInitProvider(21213): FirebaseApp initialization successful
06-12 23:20:31.376 D/WM-WrkMgrInitializer(21213): Initializing WorkManager with default configuration.
06-12 23:20:31.386 D/stbdpc  (  403): STB_DPGetNumPaths[570]: num_paths: 1
06-12 23:20:31.386 I/TetheringManager(21213): registerTetheringEventCallback:in.startv.hotstar
06-12 23:20:31.387 I/lowmemorykiller(  231): medium memory pressure event is triggered for new strategy
06-12 23:20:31.387 D/lowmemorykiller(  231): LMKD mp_event_psi kill_reasons available are PRESSURE_AFTER_KILL, NOT_RESPONDING, LOW_SWAP_AND_THRASHING, LOW_MEM_AND_SWAP, LOW_MEM_AND_THRASHING, DIRECT_RECL_AND_THRASHING
06-12 23:20:31.387 D/lowmemorykiller(  231): LMKD mp_event_psi kill_reason received= -1
06-12 23:20:31.399 I/ThermalService(  987): CPU temperatures: [70.8]
06-12 23:20:31.415 E/ocessService0:( 2252): failed to create Unix domain socket: Operation not permitted
06-12 23:20:31.426 E/DynamiteModule(21213): Invalid GmsCore APK, remote loading disabled.
06-12 23:20:31.426 I/DynamiteModule(21213): Considering local module com.google.android.gms.cast_tv_dynamite:1 and remote module com.google.android.gms.cast_tv_dynamite:0
06-12 23:20:31.426 I/DynamiteModule(21213): Selected local version of com.google.android.gms.cast_tv_dynamite
06-12 23:20:31.436 D/LifecycleServiceBinder(21213): Binding service to application.
06-12 23:20:31.451 I/FA      (21213): App measurement initialized, version: 106000
06-12 23:20:31.456 I/FA      (21213): To enable debug logging run: adb shell setprop log.tag.FA VERBOSE
06-12 23:20:31.458 I/FA      (21213): To enable faster debug mode event logging run:
06-12 23:20:31.458 I/FA      (21213):   adb shell setprop debug.firebase.analytics.app in.startv.hotstar
06-12 23:20:31.486 D/stbdpc  (  403): STB_DPGetNumPaths[570]: num_paths: 1
06-12 23:20:31.487 I/lowmemorykiller(  231): medium memory pressure event is triggered for new strategy
06-12 23:20:31.488 D/lowmemorykiller(  231): LMKD mp_event_psi kill_reasons available are PRESSURE_AFTER_KILL, NOT_RESPONDING, LOW_SWAP_AND_THRASHING, LOW_MEM_AND_SWAP, LOW_MEM_AND_THRASHING, DIRECT_RECL_AND_THRASHING
06-12 23:20:31.488 D/lowmemorykiller(  231): LMKD mp_event_psi kill_reason received= -1
06-12 23:20:31.498 D/rtk_heartbeat(  350): heartbeat_timed_out: heartbeatCmdCount = 3377, expected nextSeqNum = 3377
06-12 23:20:31.503 D/rtk_heartbeat(  350): rtkbt_heartbeat_cmpl_cback: Current SeqNum = 3377,should SeqNum=3377, status = 0
06-12 23:20:31.504 I/appium  (21098): The following attributes will be included to the page source: [resource-id]
06-12 23:20:31.520 V/DigitalSignage(  637): Package Name: null
06-12 23:20:31.520 V/DigitalSignage(  637): Left: 0
06-12 23:20:31.520 V/DigitalSignage(  637): Right: 0
06-12 23:20:31.520 V/DigitalSignage(  637): Top: 0
06-12 23:20:31.520 V/DigitalSignage(  637): Bottom: 0
06-12 23:20:31.520 D/DigitalSignage(  637): else - Package Name :: null left : 0 right :: 0 top :: 0 bottom :: 0 dfu-right :: 1920 dfu-bottom :: 1080
06-12 23:20:31.524 D/BluetoothAdapter( 2896): isLeEnabled(): ON
06-12 23:20:31.535 D/BluetoothAdapter( 2896): isLeEnabled(): ON
06-12 23:20:31.540 D/BluetoothAdapterService(  765): getAdapterService() - returning com.android.bluetooth.btservice.AdapterService@cf08a1b
06-12 23:20:31.555 I/AmFFmpegExtractor(  465): checkInList: isw:0, m:audio/mpeg, t:1, i:86017 t:0
06-12 23:20:31.555 I/AmFFmpegExtractor(  465): checkInList: isw:1, m:audio/mpeg, t:1, i:86017 t:0
06-12 23:20:31.555 E/AmFFmpegExtractor(  465): codec_ctx->properties: 0
06-12 23:20:31.555 I/AmFFmpegExtractor(  465): checkSupportInList ret 1
06-12 23:20:31.557 I/AmFFmpegExtractor(  465): checkInList: isw:0, m:audio/mpeg, t:1, i:86017 t:0
06-12 23:20:31.557 I/AmFFmpegExtractor(  465): checkInList: isw:1, m:audio/mpeg, t:1, i:86017 t:0
06-12 23:20:31.557 E/AmFFmpegExtractor(  465): codec_ctx->properties: 0
06-12 23:20:31.557 I/AmFFmpegExtractor(  465): checkSupportInList ret 0
06-12 23:20:31.557 E/AmFFmpegExtractor(  465): vendor do not support
06-12 23:20:31.559 E/Utils   (  465): did not find channel-count and/or sample-rate
06-12 23:20:31.586 D/stbdpc  (  403): STB_DPGetNumPaths[570]: num_paths: 1
06-12 23:20:31.588 I/lowmemorykiller(  231): medium memory pressure event is triggered for new strategy
06-12 23:20:31.588 D/lowmemorykiller(  231): LMKD mp_event_psi kill_reasons available are PRESSURE_AFTER_KILL, NOT_RESPONDING, LOW_SWAP_AND_THRASHING, LOW_MEM_AND_SWAP, LOW_MEM_AND_THRASHING, DIRECT_RECL_AND_THRASHING
06-12 23:20:31.588 D/lowmemorykiller(  231): LMKD mp_event_psi kill_reason received= -1
06-12 23:20:31.594 I/AmAVUtils(21213): AmAVUtils, GITINFO : d32b3814175617bb24dd0965983e5642c803ab3a(drm.autobuild  Mon Oct 18 12:59:01 CST 2021)
06-12 23:20:31.594 I/AmAVUtils(21213): set profile 0 level:0
06-12 23:20:31.604 D/ConnectivityService(  637): NetReassign [no changes]
06-12 23:20:31.604 D/JioStbInactivityTimer(  936): Timer: count 263 warningTimeout:10680 timeout:10800
06-12 23:20:31.604 D/JioStbInactivityTimer(  936): isUserActive: Curr:3133803 Prev:3133803
06-12 23:20:31.638 D/CCodec  (21213): allocate(c2.android.mp3.decoder)
06-12 23:20:31.640 I/Codec2Client(21213): Available Codec2 services: "software"
06-12 23:20:31.643 V/C2Store (  479): in init
06-12 23:20:31.643 V/C2Store (  479): loading dll
06-12 23:20:31.645 W/.startv.hotsta(21213): Long monitor contention with owner Firebase Background Thread #0 (21243) at java.lang.Object B5.i.call()(SourceFile:38) waiters=0 in java.lang.Object B5.i.call() for 192ms
06-12 23:20:31.646 I/CCodec  (21213): Created component [c2.android.mp3.decoder]
06-12 23:20:31.651 D/CCodecConfig(21213): read media type: audio/mpeg
06-12 23:20:31.654 D/ReflectedParamUpdater(21213): extent() != 1 for single value type: algo.buffers.max-count.values
06-12 23:20:31.654 D/ReflectedParamUpdater(21213): extent() != 1 for single value type: output.subscribed-indices.values
06-12 23:20:31.655 D/ReflectedParamUpdater(21213): extent() != 1 for single value type: input.buffers.allocator-ids.values
06-12 23:20:31.655 D/ReflectedParamUpdater(21213): extent() != 1 for single value type: output.buffers.allocator-ids.values
06-12 23:20:31.655 D/ReflectedParamUpdater(21213): extent() != 1 for single value type: algo.buffers.allocator-ids.values
06-12 23:20:31.655 D/ReflectedParamUpdater(21213): extent() != 1 for single value type: output.buffers.pool-ids.values
06-12 23:20:31.655 D/ReflectedParamUpdater(21213): extent() != 1 for single value type: algo.buffers.pool-ids.values
06-12 23:20:31.657 I/CCodecConfig(21213): query failed after returning 7 values (BAD_INDEX)
06-12 23:20:31.658 D/CCodecConfig(21213): c2 config diff is Dict {
06-12 23:20:31.658 D/CCodecConfig(21213):   c2::u32 coded.bitrate.value = 64000
06-12 23:20:31.658 D/CCodecConfig(21213):   c2::u32 input.buffers.max-size.value = 8192
06-12 23:20:31.658 D/CCodecConfig(21213):   c2::u32 input.delay.value = 0
06-12 23:20:31.658 D/CCodecConfig(21213):   string input.media-type.value = "audio/mpeg"
06-12 23:20:31.658 D/CCodecConfig(21213):   string output.media-type.value = "audio/raw"
06-12 23:20:31.658 D/CCodecConfig(21213):   c2::u32 raw.channel-count.value = 2
06-12 23:20:31.658 D/CCodecConfig(21213):   c2::u32 raw.sample-rate.value = 44100
06-12 23:20:31.658 D/CCodecConfig(21213): }
06-12 23:20:31.659 D/CCodec  (21213): [c2.android.mp3.decoder] buffers are bound to CCodec for this session
06-12 23:20:31.659 D/CCodecConfig(21213): no c2 equivalents for durationUs
06-12 23:20:31.659 D/CCodecConfig(21213): no c2 equivalents for track-id
06-12 23:20:31.659 D/CCodecConfig(21213): no c2 equivalents for encoder-delay
06-12 23:20:31.659 D/CCodecConfig(21213): no c2 equivalents for encoder-padding
06-12 23:20:31.659 D/CCodecConfig(21213): no c2 equivalents for flags
06-12 23:20:31.660 D/CCodecConfig(21213): c2 config diff is   c2::u32 raw.channel-count.value = 1
06-12 23:20:31.660 D/CCodecConfig(21213):   c2::u32 raw.sample-rate.value = 48000
06-12 23:20:31.662 W/Codec2Client(21213): query -- param skipped: index = 1107298332.
06-12 23:20:31.662 D/CCodec  (21213): setup formats input: AMessage(what = 0x00000000) = {
06-12 23:20:31.662 D/CCodec  (21213):   int32_t channel-count = 1
06-12 23:20:31.662 D/CCodec  (21213):   int32_t max-input-size = 8192
06-12 23:20:31.662 D/CCodec  (21213):   string mime = "audio/mpeg"
06-12 23:20:31.662 D/CCodec  (21213):   int32_t sample-rate = 48000
06-12 23:20:31.662 D/CCodec  (21213): } and output: AMessage(what = 0x00000000) = {
06-12 23:20:31.662 D/CCodec  (21213):   int32_t channel-count = 1
06-12 23:20:31.662 D/CCodec  (21213):   string mime = "audio/raw"
06-12 23:20:31.662 D/CCodec  (21213):   int32_t sample-rate = 48000
06-12 23:20:31.662 D/CCodec  (21213):   int32_t encoder-delay = 576
06-12 23:20:31.662 D/CCodec  (21213):   int32_t encoder-padding = 1152
06-12 23:20:31.662 D/CCodec  (21213): }
06-12 23:20:31.664 D/dvb_iptv(  403): ReadEmmNetworkTask[1537]: EMM Select Timeout Occured 51
06-12 23:20:31.665 W/Codec2Client(21213): query -- param skipped: index = 1342179345.
06-12 23:20:31.665 W/Codec2Client(21213): query -- param skipped: index = 2415921170.
06-12 23:20:31.667 E/FMQ     (21213): grantorIdx must be less than 3
06-12 23:20:31.668 E/FMQ     (21213): grantorIdx must be less than 3
06-12 23:20:31.668 D/CCodecBufferChannel(21213): [c2.android.mp3.decoder#767] Created input block pool with allocatorID 16 => poolID 17 - OK (0)
06-12 23:20:31.669 E/FMQ     (  479): grantorIdx must be less than 3
06-12 23:20:31.669 E/FMQ     (  479): grantorIdx must be less than 3
06-12 23:20:31.670 I/CCodecBufferChannel(21213): [c2.android.mp3.decoder#767] Created output block pool with allocatorID 16 => poolID 40 - OK
06-12 23:20:31.670 D/CCodecBufferChannel(21213): [c2.android.mp3.decoder#767] Configured output block pool ids 40 => OK
06-12 23:20:31.671 E/ion     (21213): ioctl c0044901 failed with code -1: Inappropriate ioctl for device
06-12 23:20:31.674 D/SimpleC2Component(  479): Using output block pool with poolID 40 => got 40 - 0
06-12 23:20:31.686 D/stbdpc  (  403): STB_DPGetNumPaths[570]: num_paths: 1
06-12 23:20:31.688 I/lowmemorykiller(  231): medium memory pressure event is triggered for new strategy
06-12 23:20:31.688 D/lowmemorykiller(  231): LMKD mp_event_psi kill_reasons available are PRESSURE_AFTER_KILL, NOT_RESPONDING, LOW_SWAP_AND_THRASHING, LOW_MEM_AND_SWAP, LOW_MEM_AND_THRASHING, DIRECT_RECL_AND_THRASHING
06-12 23:20:31.689 D/lowmemorykiller(  231): LMKD mp_event_psi kill_reason received= -1
06-12 23:20:31.692 E/FMQ     (21213): grantorIdx must be less than 3
06-12 23:20:31.692 E/FMQ     (  479): grantorIdx must be less than 3
06-12 23:20:31.696 I/C2SoftMp3Dec(  479): Reconfiguring decoder: 0->48000 Hz, 0->1 channels
06-12 23:20:31.698 E/FMQ     (  479): grantorIdx must be less than 3
06-12 23:20:31.699 E/FMQ     (21213): grantorIdx must be less than 3
06-12 23:20:31.705 D/CCodecBuffers(21213): [c2.android.mp3.decoder#767:Output[N]] popFromStashAndRegister: output format changed to AMessage(what = 0x00000000) = {
06-12 23:20:31.705 D/CCodecBuffers(21213):   int32_t channel-count = 1
06-12 23:20:31.705 D/CCodecBuffers(21213):   string mime = "audio/raw"
06-12 23:20:31.705 D/CCodecBuffers(21213):   int32_t sample-rate = 48000
06-12 23:20:31.705 D/CCodecBuffers(21213):   int32_t encoder-delay = 576
06-12 23:20:31.705 D/CCodecBuffers(21213):   int32_t encoder-padding = 1152
06-12 23:20:31.705 D/CCodecBuffers(21213): }
06-12 23:20:31.716 V/FileLogTree(21213): Successfully created log file /data/user/0/in.startv.hotstar/files/logs/HotStarLogs1749750631679.log
06-12 23:20:31.718 D/CompatibilityChangeReporter(  637): Compat change id reported: 136274596; UID 10072; state: ENABLED
06-12 23:20:31.761 D/SessionLifecycleClient(21213): Queued message 1. Queue size 1
06-12 23:20:31.766 E/chromium( 2252): [ERROR:tile_manager.cc(793)] WARNING: tile memory limits exceeded, some content may not draw
06-12 23:20:31.785 D/Glide   ( 1786): Finished loading Bitmap from LOCAL for com.bumptech.glide.gifdecoder.StandardGifDecoder@6f5af65 with size [314x176] in 516.726625 ms
06-12 23:20:31.786 D/stbdpc  (  403): STB_DPGetNumPaths[570]: num_paths: 1
06-12 23:20:31.790 I/lowmemorykiller(  231): medium memory pressure event is triggered for new strategy
06-12 23:20:31.791 D/lowmemorykiller(  231): LMKD mp_event_psi kill_reasons available are PRESSURE_AFTER_KILL, NOT_RESPONDING, LOW_SWAP_AND_THRASHING, LOW_MEM_AND_SWAP, LOW_MEM_AND_THRASHING, DIRECT_RECL_AND_THRASHING
06-12 23:20:31.791 D/lowmemorykiller(  231): LMKD mp_event_psi kill_reason received= -1
06-12 23:20:31.807 V/DigitalSignage(  637): Package Name: null
06-12 23:20:31.807 V/DigitalSignage(  637): Left: 0
06-12 23:20:31.807 V/DigitalSignage(  637): Right: 0
06-12 23:20:31.807 V/DigitalSignage(  637): Top: 0
06-12 23:20:31.807 V/DigitalSignage(  637): Bottom: 0
06-12 23:20:31.807 D/DigitalSignage(  637): else - Package Name :: null left : 0 right :: 0 top :: 0 bottom :: 0 dfu-right :: 1920 dfu-bottom :: 1080
06-12 23:20:31.807 V/DigitalSignage(  637): Package Name: null
06-12 23:20:31.807 V/DigitalSignage(  637): Left: 0
06-12 23:20:31.807 V/DigitalSignage(  637): Right: 0
06-12 23:20:31.807 V/DigitalSignage(  637): Top: 0
06-12 23:20:31.807 V/DigitalSignage(  637): Bottom: 0
06-12 23:20:31.808 D/DigitalSignage(  637): else - Package Name :: null left : 0 right :: 0 top :: 0 bottom :: 0 dfu-right :: 1920 dfu-bottom :: 1080
06-12 23:20:31.864 I/hwservicemanager(  233): getTransport: Cannot find entry android.hardware.configstore@1.0::ISurfaceFlingerConfigs/default in either framework or device manifest.
06-12 23:20:31.887 D/stbdpc  (  403): STB_DPGetNumPaths[570]: num_paths: 1
06-12 23:20:31.891 I/lowmemorykiller(  231): medium memory pressure event is triggered for new strategy
06-12 23:20:31.891 D/lowmemorykiller(  231): LMKD mp_event_psi kill_reasons available are PRESSURE_AFTER_KILL, NOT_RESPONDING, LOW_SWAP_AND_THRASHING, LOW_MEM_AND_SWAP, LOW_MEM_AND_THRASHING, DIRECT_RECL_AND_THRASHING
06-12 23:20:31.891 D/lowmemorykiller(  231): LMKD mp_event_psi kill_reason received= -1
06-12 23:20:31.927 I/tomator2.serve(21098): Waiting for a blocking GC ProfileSaver
06-12 23:20:31.964 E/chromium( 2252): [ERROR:tile_manager.cc(793)] WARNING: tile memory limits exceeded, some content may not draw
06-12 23:20:31.966 V/DigitalSignage(  637): Package Name: null
06-12 23:20:31.966 V/DigitalSignage(  637): Left: 0
06-12 23:20:31.966 V/DigitalSignage(  637): Right: 0
06-12 23:20:31.966 V/DigitalSignage(  637): Top: 0
06-12 23:20:31.966 V/DigitalSignage(  637): Bottom: 0
06-12 23:20:31.967 D/DigitalSignage(  637): else - Package Name :: null left : 0 right :: 0 top :: 0 bottom :: 0 dfu-right :: 1920 dfu-bottom :: 1080
06-12 23:20:31.967 V/DigitalSignage(  637): Package Name: null
06-12 23:20:31.967 V/DigitalSignage(  637): Left: 0
06-12 23:20:31.967 V/DigitalSignage(  637): Right: 0
06-12 23:20:31.967 V/DigitalSignage(  637): Top: 0
06-12 23:20:31.967 V/DigitalSignage(  637): Bottom: 0
06-12 23:20:31.967 D/DigitalSignage(  637): else - Package Name :: null left : 0 right :: 0 top :: 0 bottom :: 0 dfu-right :: 1920 dfu-bottom :: 1080
06-12 23:20:31.969 V/DigitalSignage(  637): Package Name: null
06-12 23:20:31.969 V/DigitalSignage(  637): Left: 0
06-12 23:20:31.969 V/DigitalSignage(  637): Right: 0
06-12 23:20:31.969 V/DigitalSignage(  637): Top: 0
06-12 23:20:31.969 V/DigitalSignage(  637): Bottom: 0
06-12 23:20:31.970 V/RootBeer(21213): b: a() [44] - /system/xbin/su binary detected!
06-12 23:20:31.977 D/DigitalSignage(  637): else - Package Name :: null left : 0 right :: 0 top :: 0 bottom :: 0 dfu-right :: 1920 dfu-bottom :: 1080
06-12 23:20:31.977 V/DigitalSignage(  637): Package Name: null
06-12 23:20:31.977 V/DigitalSignage(  637): Left: 0
06-12 23:20:31.978 V/DigitalSignage(  637): Right: 0
06-12 23:20:31.978 V/DigitalSignage(  637): Top: 0
06-12 23:20:31.978 V/DigitalSignage(  637): Bottom: 0
06-12 23:20:31.978 D/DigitalSignage(  637): else - Package Name :: null left : 0 right :: 0 top :: 0 bottom :: 0 dfu-right :: 1920 dfu-bottom :: 1080
06-12 23:20:31.987 D/stbdpc  (  403): STB_DPGetNumPaths[570]: num_paths: 1
06-12 23:20:31.991 I/lowmemorykiller(  231): medium memory pressure event is triggered for new strategy
06-12 23:20:31.992 D/lowmemorykiller(  231): LMKD mp_event_psi kill_reasons available are PRESSURE_AFTER_KILL, NOT_RESPONDING, LOW_SWAP_AND_THRASHING, LOW_MEM_AND_SWAP, LOW_MEM_AND_THRASHING, DIRECT_RECL_AND_THRASHING
06-12 23:20:31.992 D/lowmemorykiller(  231): LMKD mp_event_psi kill_reason received= -1
06-12 23:20:31.997 D/SessionLifecycleService(21213): Service bound to new client on process 21213
06-12 23:20:32.002 I/OpenGLRenderer( 1786): Davey! duration=722ms; Flags=0, IntendedVsync=3398395838981, Vsync=3398395838981, OldestInputEvent=9223372036854775807, NewestInputEvent=0, HandleInputStart=3398396380160, AnimationStart=3398396382285, PerformTraversalsStart=3398884460285, DrawStart=3398884545744, SyncQueued=3398885041410, SyncStart=3398886546535, IssueDrawCommandsStart=3398887070369, SwapBuffers=3399117696535, FrameCompleted=3399119429244, DequeueBufferDuration=503292, QueueBufferDuration=724083, GpuCompleted=3377723758817, 
06-12 23:20:32.015 D/SessionLifecycleService(21213): App has not yet foregrounded. Using previously stored session.
06-12 23:20:32.015 D/SessionLifecycleService(21213): Client android.os.Messenger@a4b2c5f bound at 3399114. Clients: 1
06-12 23:20:32.021 V/DigitalSignage(  637): Package Name: null
06-12 23:20:32.021 V/DigitalSignage(  637): Left: 0
06-12 23:20:32.021 V/DigitalSignage(  637): Right: 0
06-12 23:20:32.021 V/DigitalSignage(  637): Top: 0
06-12 23:20:32.021 V/DigitalSignage(  637): Bottom: 0
06-12 23:20:32.021 D/DigitalSignage(  637): else - Package Name :: null left : 0 right :: 0 top :: 0 bottom :: 0 dfu-right :: 1920 dfu-bottom :: 1080
06-12 23:20:32.021 V/DigitalSignage(  637): Package Name: null
06-12 23:20:32.021 V/DigitalSignage(  637): Left: 0
06-12 23:20:32.021 V/DigitalSignage(  637): Right: 0
06-12 23:20:32.021 V/DigitalSignage(  637): Top: 0
06-12 23:20:32.021 V/DigitalSignage(  637): Bottom: 0
06-12 23:20:32.022 D/DigitalSignage(  637): else - Package Name :: null left : 0 right :: 0 top :: 0 bottom :: 0 dfu-right :: 1920 dfu-bottom :: 1080
06-12 23:20:32.032 I/android.hardware.power-service.libperfmgr(  369): Power setBoost: INTERACTION duration: 0
06-12 23:20:32.032 I/libperfmgr(  369): Do Powerhint: INTERACTION
06-12 23:20:32.087 D/stbdpc  (  403): STB_DPGetNumPaths[570]: num_paths: 1
06-12 23:20:32.092 I/lowmemorykiller(  231): medium memory pressure event is triggered for new strategy
06-12 23:20:32.092 D/lowmemorykiller(  231): LMKD mp_event_psi kill_reasons available are PRESSURE_AFTER_KILL, NOT_RESPONDING, LOW_SWAP_AND_THRASHING, LOW_MEM_AND_SWAP, LOW_MEM_AND_THRASHING, DIRECT_RECL_AND_THRASHING
06-12 23:20:32.092 D/lowmemorykiller(  231): LMKD mp_event_psi kill_reason received= -1
06-12 23:20:32.123 I/tomator2.serve(21098): Background young concurrent copying GC freed 57311(2430KB) AllocSpace objects, 6(512KB) LOS objects, 0% free, 10MB/10MB, paused 2.052ms total 225.911ms
06-12 23:20:32.123 I/tomator2.serve(21098): WaitForGcToComplete blocked ProfileSaver on ClassLinker for 196.119ms
06-12 23:20:32.164 D/dvb_iptv(  403): ReadEmmNetworkTask[1537]: EMM Select Timeout Occured 52
06-12 23:20:32.186 V/DigitalSignage(  637): Package Name: null
06-12 23:20:32.186 V/DigitalSignage(  637): Left: 0
06-12 23:20:32.186 V/DigitalSignage(  637): Right: 0
06-12 23:20:32.186 V/DigitalSignage(  637): Top: 0
06-12 23:20:32.186 V/DigitalSignage(  637): Bottom: 0
06-12 23:20:32.186 D/DigitalSignage(  637): else - Package Name :: null left : 0 right :: 0 top :: 0 bottom :: 0 dfu-right :: 1920 dfu-bottom :: 1080
06-12 23:20:32.187 D/stbdpc  (  403): STB_DPGetNumPaths[570]: num_paths: 1
06-12 23:20:32.192 I/lowmemorykiller(  231): medium memory pressure event is triggered for new strategy
06-12 23:20:32.192 D/lowmemorykiller(  231): LMKD mp_event_psi kill_reasons available are PRESSURE_AFTER_KILL, NOT_RESPONDING, LOW_SWAP_AND_THRASHING, LOW_MEM_AND_SWAP, LOW_MEM_AND_THRASHING, DIRECT_RECL_AND_THRASHING
06-12 23:20:32.192 D/lowmemorykiller(  231): LMKD mp_event_psi kill_reason received= -1
06-12 23:20:32.193 D/CCodecBufferChannel(21213): [c2.android.mp3.decoder#767] MediaCodec discarded an unknown buffer
06-12 23:20:32.193 I/chatty  (21213): uid=10072(in.startv.hotstar) identical 1 line
06-12 23:20:32.193 D/CCodecBufferChannel(21213): [c2.android.mp3.decoder#767] MediaCodec discarded an unknown buffer
06-12 23:20:32.196 I/hw-BpHwBinder(21213): onLastStrongRef automatically unlinking death recipients
06-12 23:20:32.197 I/tomator2.serve(21098): WaitForGcToComplete blocked RunEmptyCheckpoint on ProfileSaver for 73.034ms
06-12 23:20:32.197 I/hw-BpHwBinder(  479): onLastStrongRef automatically unlinking death recipients
06-12 23:20:32.200 V/C2Store (  479): in ~ComponentModule
06-12 23:20:32.200 V/C2Store (  479): unloading dll
06-12 23:20:32.206 V/DigitalSignage(  637): Package Name: null
06-12 23:20:32.206 V/DigitalSignage(  637): Left: 0
06-12 23:20:32.206 V/DigitalSignage(  637): Right: 0
06-12 23:20:32.206 V/DigitalSignage(  637): Top: 0
06-12 23:20:32.206 V/DigitalSignage(  637): Bottom: 0
06-12 23:20:32.206 D/DigitalSignage(  637): else - Package Name :: null left : 0 right :: 0 top :: 0 bottom :: 0 dfu-right :: 1920 dfu-bottom :: 1080
06-12 23:20:32.257 I/ActivityTaskManager(  637): Displayed in.startv.hotstar/com.hotstar.MainActivity: +1s33ms
06-12 23:20:32.287 D/stbdpc  (  403): STB_DPGetNumPaths[570]: num_paths: 1
06-12 23:20:32.292 I/lowmemorykiller(  231): medium memory pressure event is triggered for new strategy
06-12 23:20:32.293 D/lowmemorykiller(  231): LMKD mp_event_psi kill_reasons available are PRESSURE_AFTER_KILL, NOT_RESPONDING, LOW_SWAP_AND_THRASHING, LOW_MEM_AND_SWAP, LOW_MEM_AND_THRASHING, DIRECT_RECL_AND_THRASHING
06-12 23:20:32.293 D/lowmemorykiller(  231): LMKD mp_event_psi kill_reason received= -1
06-12 23:20:32.307 E/chromium( 2252): [ERROR:tile_manager.cc(793)] WARNING: tile memory limits exceeded, some content may not draw
06-12 23:20:32.315 E/BufferQueueProducer(  402): [com.iwedia.ui.rjio.launcher.reliance/com.iwedia.ui.rjio.launcher.ui.intro.IntroActivity#0](id:19200000051,api:0,p:-1,c:402) disconnect: not connected (req=1)
06-12 23:20:32.315 W/libEGL  ( 1786): EGLNativeWindowType 0xeea16808 disconnect failed
06-12 23:20:32.316 V/DigitalSignage(  637): Package Name: null
06-12 23:20:32.316 V/DigitalSignage(  637): Left: 0
06-12 23:20:32.317 V/DigitalSignage(  637): Right: 0
06-12 23:20:32.317 V/DigitalSignage(  637): Top: 0
06-12 23:20:32.317 V/DigitalSignage(  637): Bottom: 0
06-12 23:20:32.317 D/DigitalSignage(  637): else - Package Name :: null left : 0 right :: 0 top :: 0 bottom :: 0 dfu-right :: 1920 dfu-bottom :: 1080
06-12 23:20:32.323 D/Glide   ( 1786): Finished loading Bitmap from LOCAL for com.bumptech.glide.gifdecoder.StandardGifDecoder@6f5af65 with size [314x176] in 537.728916 ms
06-12 23:20:32.324 I/uncher.relianc( 1786): oneway function results will be dropped but finished with status OK and parcel size 4
06-12 23:20:32.327 I/e.swalekh.abct( 1352): oneway function results will be dropped but finished with status OK and parcel size 4
06-12 23:20:32.333 D/[197   ] JioAccount-ADC( 2068): v2.a a> Event: XJSSOE3
06-12 23:20:32.333 V/[197   ] JioAccount-ADC( 2068): v2.a a> XJSSOE3	PARAMETERS:
06-12 23:20:32.353 D/[265   ] JioAccount-ADC( 2068): com.jio.adc.core.b c> Getting ServiceInfo
06-12 23:20:32.354 D/JioSTBMRServer-SERVICE( 3281): InetSocketAddress(InetAddress.getByName(inetAddress.hostAddress)-/192.168.1.255
06-12 23:20:32.354 D/JioSTBMRServer-SERVICE( 3281): #beacon:RKISBFJ60000097:0:false:0:1:SV=181024 , 192.168.1.255
06-12 23:20:32.355 D/[265   ] JioAccount-ADC( 2068): com.jio.adc.core.b c> Starting Bind...
06-12 23:20:32.357 D/[265   ] JioAccount-ADC( 2068): com.jio.adc.core.b c> Binding...
06-12 23:20:32.359 D/JioSTBMRServer-SERVICE( 3281): InetSocketAddress(InetAddress.getByName(inetAddress.hostAddress)-/192.168.1.255
06-12 23:20:32.359 D/JioSTBMRServer-SERVICE( 3281): #broadcast IP:192.168.1.255
06-12 23:20:32.361 D/[2     ] JioAccount-ADC( 2068): com.jio.adc.core.b$2 onServiceConnected> Connected
06-12 23:20:32.362 D/[2     ] JioAccount-ADC( 2068): com.jio.adc.core.b$c$1 h> PROCESSING EVENT: XJSSOE3; TIME: 12-06-25 23:20:32:333; PARAMETERS: {"XJSSOP13":"in.startv.hotstar","XJSSOP14":true,"XJSSOP15":""}
06-12 23:20:32.368 D/JioLauncher( 1786): overlay status check for wifi and bt remote false false
06-12 23:20:32.371 D/Match code1( 1444): 2
06-12 23:20:32.371 D/JIO_TR069-( 1444): Predefined List [com.jio.stb.catv, com.rjil.jiostbsetting, com.iwedia.ui.rjio.launcher.reliance, com.jio.stb.hotellauncher, com.jio.media.oberoi, com.jio.ott]
06-12 23:20:32.372 V/[2     ] JioAccount-ADC( 2068): com.jio.adc.core.b$c$1 h> Event Written: XJSSOE3; TIME: 12-06-25 23:20:32:333; PARAMETERS: {"XJSSOP13":"in.startv.hotstar","XJSSOP14":true,"XJSSOP15":""}
06-12 23:20:32.373 D/JIO_TR069-( 1444): Caller Package com.iwedia.ui.rjio.launcher.reliance
06-12 23:20:32.373 D/JIO_TR069-( 1444): White Listed Apps []
06-12 23:20:32.373 D/JIO_TR069-( 1444): Final White Listed Apps [com.jio.stb.catv, com.rjil.jiostbsetting, com.iwedia.ui.rjio.launcher.reliance, com.jio.stb.hotellauncher, com.jio.media.oberoi, com.jio.ott, ]
06-12 23:20:32.377 D/JioLauncher( 1786): network-type-------NonJioNetwork
06-12 23:20:32.382 D/JioLauncher( 1786): live-tv-previousIp-[/fe80::1%wlan0, /192.168.1.1]-newHost-[/fe80::1%wlan0, /192.168.1.1]
06-12 23:20:32.387 D/stbdpc  (  403): STB_DPGetNumPaths[570]: num_paths: 1
06-12 23:20:32.393 I/lowmemorykiller(  231): medium memory pressure event is triggered for new strategy
06-12 23:20:32.393 D/lowmemorykiller(  231): LMKD mp_event_psi kill_reasons available are PRESSURE_AFTER_KILL, NOT_RESPONDING, LOW_SWAP_AND_THRASHING, LOW_MEM_AND_SWAP, LOW_MEM_AND_THRASHING, DIRECT_RECL_AND_THRASHING
06-12 23:20:32.393 D/lowmemorykiller(  231): LMKD mp_event_psi kill_reason received= -1
06-12 23:20:32.475 I/lowmemorykiller(  231): medium memory pressure event is triggered for new strategy
06-12 23:20:32.475 D/lowmemorykiller(  231): LMKD mp_event_psi kill_reasons available are PRESSURE_AFTER_KILL, NOT_RESPONDING, LOW_SWAP_AND_THRASHING, LOW_MEM_AND_SWAP, LOW_MEM_AND_THRASHING, DIRECT_RECL_AND_THRASHING
06-12 23:20:32.475 D/lowmemorykiller(  231): LMKD mp_event_psi kill_reason received= -1
06-12 23:20:32.488 D/stbdpc  (  403): STB_DPGetNumPaths[570]: num_paths: 1
06-12 23:20:32.491 I/lowmemorykiller(  231): medium memory pressure event is triggered for new strategy
06-12 23:20:32.492 D/lowmemorykiller(  231): LMKD mp_event_psi kill_reasons available are PRESSURE_AFTER_KILL, NOT_RESPONDING, LOW_SWAP_AND_THRASHING, LOW_MEM_AND_SWAP, LOW_MEM_AND_THRASHING, DIRECT_RECL_AND_THRASHING
06-12 23:20:32.492 D/lowmemorykiller(  231): LMKD mp_event_psi kill_reason received= -1
06-12 23:20:32.498 D/rtk_heartbeat(  350): heartbeat_timed_out: heartbeatCmdCount = 3378, expected nextSeqNum = 3378
06-12 23:20:32.499 D/rtk_heartbeat(  350): rtkbt_heartbeat_cmpl_cback: Current SeqNum = 3378,should SeqNum=3378, status = 0
06-12 23:20:32.584 E/chromium( 2252): [ERROR:tile_manager.cc(793)] WARNING: tile memory limits exceeded, some content may not draw
06-12 23:20:32.588 D/stbdpc  (  403): STB_DPGetNumPaths[570]: num_paths: 1
06-12 23:20:32.592 I/lowmemorykiller(  231): medium memory pressure event is triggered for new strategy
06-12 23:20:32.592 D/lowmemorykiller(  231): LMKD mp_event_psi kill_reasons available are PRESSURE_AFTER_KILL, NOT_RESPONDING, LOW_SWAP_AND_THRASHING, LOW_MEM_AND_SWAP, LOW_MEM_AND_THRASHING, DIRECT_RECL_AND_THRASHING
06-12 23:20:32.592 D/lowmemorykiller(  231): LMKD mp_event_psi kill_reason received= -1
06-12 23:20:32.604 D/JioStbInactivityTimer(  936): Timer: count 264 warningTimeout:10680 timeout:10800
06-12 23:20:32.604 D/JioStbInactivityTimer(  936): isUserActive: Curr:3133803 Prev:3133803
06-12 23:20:32.664 D/dvb_iptv(  403): ReadEmmNetworkTask[1537]: EMM Select Timeout Occured 53
06-12 23:20:32.684 I/tomator2.serve(21098): Background concurrent copying GC freed 87759(4354KB) AllocSpace objects, 13(1844KB) LOS objects, 49% free, 8073KB/15MB, paused 86us total 485.380ms
06-12 23:20:32.688 D/stbdpc  (  403): STB_DPGetNumPaths[570]: num_paths: 1
06-12 23:20:32.692 I/lowmemorykiller(  231): medium memory pressure event is triggered for new strategy
06-12 23:20:32.692 D/lowmemorykiller(  231): LMKD mp_event_psi kill_reasons available are PRESSURE_AFTER_KILL, NOT_RESPONDING, LOW_SWAP_AND_THRASHING, LOW_MEM_AND_SWAP, LOW_MEM_AND_THRASHING, DIRECT_RECL_AND_THRASHING
06-12 23:20:32.692 D/lowmemorykiller(  231): LMKD mp_event_psi kill_reason received= -1
06-12 23:20:32.719 D/[197   ] JioAccount-ADC( 2068): v2.a a> Event: XJSSOE4
06-12 23:20:32.720 V/[197   ] JioAccount-ADC( 2068): v2.a a> XJSSOE4	PARAMETERS:
06-12 23:20:32.721 D/[265   ] JioAccount-ADC( 2068): com.jio.adc.core.b$c$1 h> PROCESSING EVENT: XJSSOE4; TIME: 12-06-25 23:20:32:720; PARAMETERS: {"XJSSOP9":"RefreshTokenData","XJSSOP2":"200","XJSSOP3":"OK","XJSSOP4":"","XJSSOP1":"d5.s@76ec516","XJSSOP5":"RJIL_JioSTBAF","XJSSOP6":"l7xxba9140cc92944a83ad95553ce3f4521a","XJSSOP8":"fe80::1c52:eeff:fe5c:8725","XJSSOP15":""}
06-12 23:20:32.728 V/[265   ] JioAccount-ADC( 2068): com.jio.adc.core.b$c$1 h> Event Written: XJSSOE4; TIME: 12-06-25 23:20:32:720; PARAMETERS: {"XJSSOP9":"RefreshTokenData","XJSSOP2":"200","XJSSOP3":"OK","XJSSOP4":"","XJSSOP1":"d5.s@76ec516","XJSSOP5":"RJIL_JioSTBAF","XJSSOP6":"l7xxba9140cc92944a83ad95553ce3f4521a","XJSSOP8":"fe80::1c52:eeff:fe5c:8725","XJSSOP15":""}
06-12 23:20:32.741 D/ltts_ip_emm(  403): LTTS_IP_DMXStartEMM[381]: parse_emm_cat_status failed
06-12 23:20:32.753 E/chromium( 2252): [ERROR:tile_manager.cc(793)] WARNING: tile memory limits exceeded, some content may not draw
06-12 23:20:32.758 D/[197   ] JioAccount-ADC( 2068): v2.a a> Event: XJSSOE4
06-12 23:20:32.759 V/[197   ] JioAccount-ADC( 2068): v2.a a> XJSSOE4	PARAMETERS:
06-12 23:20:32.761 D/[265   ] JioAccount-ADC( 2068): com.jio.adc.core.b$c$1 h> PROCESSING EVENT: XJSSOE4; TIME: 12-06-25 23:20:32:760; PARAMETERS: {"XJSSOP9":"RMN","XJSSOP2":"200","XJSSOP3":"success","XJSSOP4":"","XJSSOP1":"https://api.jio.com/v3/dip/user/authtoken/verify","XJSSOP5":"RJIL_JioSTBAF","XJSSOP6":"l7xxba9140cc92944a83ad95553ce3f4521a","XJSSOP8":"fe80::1c52:eeff:fe5c:8725","XJSSOP15":""}
06-12 23:20:32.770 V/[265   ] JioAccount-ADC( 2068): com.jio.adc.core.b$c$1 h> Event Written: XJSSOE4; TIME: 12-06-25 23:20:32:760; PARAMETERS: {"XJSSOP9":"RMN","XJSSOP2":"200","XJSSOP3":"success","XJSSOP4":"","XJSSOP1":"https://api.jio.com/v3/dip/user/authtoken/verify","XJSSOP5":"RJIL_JioSTBAF","XJSSOP6":"l7xxba9140cc92944a83ad95553ce3f4521a","XJSSOP8":"fe80::1c52:eeff:fe5c:8725","XJSSOP15":""}
06-12 23:20:32.788 D/stbdpc  (  403): STB_DPGetNumPaths[570]: num_paths: 1
06-12 23:20:32.792 W/GooglePlayServicesUtil(21213): in.startv.hotstar requires the Google Play Store, but it is missing.
06-12 23:20:32.792 W/FA      (21213): Service invalid
06-12 23:20:32.792 I/lowmemorykiller(  231): medium memory pressure event is triggered for new strategy
06-12 23:20:32.793 D/lowmemorykiller(  231): LMKD mp_event_psi kill_reasons available are PRESSURE_AFTER_KILL, NOT_RESPONDING, LOW_SWAP_AND_THRASHING, LOW_MEM_AND_SWAP, LOW_MEM_AND_THRASHING, DIRECT_RECL_AND_THRASHING
06-12 23:20:32.793 D/lowmemorykiller(  231): LMKD mp_event_psi kill_reason received= -1
06-12 23:20:32.813 I/Choreographer(21213): Skipped 59 frames!  The application may be doing too much work on its main thread.
06-12 23:20:32.816 D/SessionLifecycleClient(21213): Connected to SessionLifecycleService. Queue size 1
06-12 23:20:32.817 D/SessionLifecycleClient(21213): Sending lifecycle 1 to service
06-12 23:20:32.817 D/SessionLifecycleService(21213): Activity foregrounding at 3399934.
06-12 23:20:32.817 D/SessionLifecycleService(21213): Cold start detected.
06-12 23:20:32.818 D/SessionLifecycleService(21213): Generated new session.
06-12 23:20:32.818 D/SessionLifecycleService(21213): Broadcasting new session
06-12 23:20:32.819 D/SessionFirelogPublisher(21213): Data Collection is enabled for at least one Subscriber
06-12 23:20:32.823 I/OpenGLRenderer(21213): Davey! duration=1009ms; Flags=0, IntendedVsync=3398929702214, Vsync=3399914018861, OldestInputEvent=9223372036854775807, NewestInputEvent=0, HandleInputStart=3399930426202, AnimationStart=3399930429202, PerformTraversalsStart=3399930431536, DrawStart=3399930964869, SyncQueued=3399931202369, SyncStart=3399931599286, IssueDrawCommandsStart=3399931709369, SwapBuffers=3399933433494, FrameCompleted=3399939854869, DequeueBufferDuration=175166, QueueBufferDuration=1552792, GpuCompleted=0, 
06-12 23:20:32.834 D/SessionLifecycleClient(21213): Session update received.
06-12 23:20:32.855 D/SessionLifecycleClient(21213): Notified CRASHLYTICS of new session a01fe16d70974985b49ec936852a4e6e
06-12 23:20:32.888 D/stbdpc  (  403): STB_DPGetNumPaths[570]: num_paths: 1
06-12 23:20:32.893 I/lowmemorykiller(  231): medium memory pressure event is triggered for new strategy
06-12 23:20:32.893 D/lowmemorykiller(  231): LMKD mp_event_psi kill_reasons available are PRESSURE_AFTER_KILL, NOT_RESPONDING, LOW_SWAP_AND_THRASHING, LOW_MEM_AND_SWAP, LOW_MEM_AND_THRASHING, DIRECT_RECL_AND_THRASHING
06-12 23:20:32.893 D/lowmemorykiller(  231): LMKD mp_event_psi kill_reason received= -1
06-12 23:20:32.897 I/system_server(  637): oneway function results will be dropped but finished with status OK and parcel size 4
06-12 23:20:32.898 W/AudioFlinger(  391): createTrack_l(): mismatch between requested flags (00000004) and output flags (00000002)
06-12 23:20:32.899 I/system_server(  637): oneway function results will be dropped but finished with status OK and parcel size 4
06-12 23:20:32.900 D/AF::TrackHandle(  391): OpPlayAudio: track:89 usage:1 not muted
06-12 23:20:32.902 D/AudioTrack(21213): createTrack_l(-1879011328): AUDIO_OUTPUT_FLAG_FAST denied by server; frameCount 0 -> 122688
06-12 23:20:32.904 W/APM::AudioPolicyEngine(  391): getDevicesForStrategy() unknown strategy: -1
06-12 23:20:32.905 W/APM::AudioPolicyEngine(  391): getDevicesForStrategy() unknown strategy: -1
06-12 23:20:32.907 I/sub_mixing_factory(  349): [usecase_change_validate_l_sm:1209] ++++continuous:0 dev masks:0, out masks:0, out usecase PCM_NORMAL
06-12 23:20:32.907 I/sub_mixing_factory(  349): [usecase_change_validate_l_sm:1216] add usecase PCM_NORMAL, cnt 1
06-12 23:20:32.907 D/sub_mixing_factory(  349): [usecase_change_validate_l_sm:1228] cur dev masks:0, add out usecase:PCM_NORMAL
06-12 23:20:32.907 I/sub_mixing_factory(  349): [usecase_change_validate_l_sm:1259] ----continuous:0 dev masks:0x1, out masks:0x1, out usecase PCM_NORMAL
06-12 23:20:32.907 I/system_server(  637): oneway function results will be dropped but finished with status OK and parcel size 4
06-12 23:20:32.907 D/aml_audio_port(  349): [new_input_port:260] buf_frames:384,frame_size:4 ==> thunk_size:1536
06-12 23:20:32.907 I/aml_audio_port(  349): [get_input_port_type:109] samplerate:48000, flags:0x2, channel_cnt:2
06-12 23:20:32.907 D/aml_audio_port(  349): [new_input_port:286] inport:PCM_SYSTEM, buf:6144, direct:0, format:0x1, rate:48000, ch:2
06-12 23:20:32.907 I/amlAudioMixer(  349): [init_mixer_input_port:175] input port:PCM_SYSTEM, size 384 frames, frame_write_sum:11679744
06-12 23:20:32.907 I/aml_audio_port(  349): [get_input_port_type:109] samplerate:48000, flags:0x2, channel_cnt:2
06-12 23:20:32.907 I/sub_mixing_factory(  349): [mixer_aux_buffer_write_sm:1066] stream 0xf139b000 input port:PCM_SYSTEM
06-12 23:20:32.907 I/sub_mixing_factory(  349): [mixer_aux_buffer_write_sm:1076] padding_bytes 12288
06-12 23:20:32.908 I/amlAudioMixer(  349): [mixer_write_inport:260] input port:PCM_SYSTEM is active now
06-12 23:20:32.908 I/sub_mixing_factory(  349): [mixer_aux_buffer_write_sm:1076] padding_bytes 10752
06-12 23:20:32.908 I/sub_mixing_factory(  349): [mixer_aux_buffer_write_sm:1076] padding_bytes 9216
06-12 23:20:32.908 I/sub_mixing_factory(  349): [mixer_aux_buffer_write_sm:1076] padding_bytes 7680
06-12 23:20:32.908 I/sub_mixing_factory(  349): [mixer_aux_buffer_write_sm:1076] padding_bytes 6144
06-12 23:20:32.913 I/amlAudioMixer(  349): [mixer_inports_read:704] input port:PCM_SYSTEM first start, portId:0, avail:6144
06-12 23:20:32.918 I/sub_mixing_factory(  349): [mixer_aux_buffer_write_sm:1076] padding_bytes 4608
06-12 23:20:32.926 I/sub_mixing_factory(  349): [mixer_aux_buffer_write_sm:1076] padding_bytes 3072
06-12 23:20:32.934 I/sub_mixing_factory(  349): [mixer_aux_buffer_write_sm:1076] padding_bytes 1536
06-12 23:20:32.942 V/RootBeer(21213): b: a() [44] - /system/xbin/su binary detected!
06-12 23:20:32.958 D/JioLauncher( 1786): isInternetAvailable-method-response-204
06-12 23:20:32.964 D/JioLauncher( 1786): isMulticastReceiver-Connected-to-5GHz-Wi-Fi-network
06-12 23:20:32.988 D/stbdpc  (  403): STB_DPGetNumPaths[570]: num_paths: 1
06-12 23:20:32.993 I/lowmemorykiller(  231): medium memory pressure event is triggered for new strategy
06-12 23:20:32.993 D/lowmemorykiller(  231): LMKD mp_event_psi kill_reasons available are PRESSURE_AFTER_KILL, NOT_RESPONDING, LOW_SWAP_AND_THRASHING, LOW_MEM_AND_SWAP, LOW_MEM_AND_THRASHING, DIRECT_RECL_AND_THRASHING
06-12 23:20:32.993 D/lowmemorykiller(  231): LMKD mp_event_psi kill_reason received= -1
06-12 23:20:33.010 D/JioLauncher( 1786): launcher-appp-in-background
06-12 23:20:33.021 E/PushSDK ( 1786): Total time spend is 00:04:26
06-12 23:20:33.022 E/PushSDK ( 1786): app closed with session id UBJqpzY1749750366759
06-12 23:20:33.058 D/EventGDTLogger(21213): Session Event Type: SESSION_START
06-12 23:20:33.058 D/SessionFirelogPublisher(21213): Successfully logged Session Start event.
06-12 23:20:33.089 D/stbdpc  (  403): STB_DPGetNumPaths[570]: num_paths: 1
06-12 23:20:33.094 I/lowmemorykiller(  231): medium memory pressure event is triggered for new strategy
06-12 23:20:33.094 D/lowmemorykiller(  231): LMKD mp_event_psi kill_reasons available are PRESSURE_AFTER_KILL, NOT_RESPONDING, LOW_SWAP_AND_THRASHING, LOW_MEM_AND_SWAP, LOW_MEM_AND_THRASHING, DIRECT_RECL_AND_THRASHING
06-12 23:20:33.094 D/lowmemorykiller(  231): LMKD mp_event_psi kill_reason received= -1
06-12 23:20:33.096 I/FA      (21213): Tag Manager is not found and thus will not be used
06-12 23:20:33.097 D/JioLauncher( 1786): onSaveInstanceState-getting called
06-12 23:20:33.111 W/GooglePlayServicesUtil(21213): Google Play services is missing.
06-12 23:20:33.118 V/DigitalSignage(  637): Package Name: null
06-12 23:20:33.118 V/DigitalSignage(  637): Left: 0
06-12 23:20:33.118 V/DigitalSignage(  637): Right: 0
06-12 23:20:33.119 V/DigitalSignage(  637): Top: 0
06-12 23:20:33.119 V/DigitalSignage(  637): Bottom: 0
06-12 23:20:33.119 D/DigitalSignage(  637): else - Package Name :: null left : 0 right :: 0 top :: 0 bottom :: 0 dfu-right :: 1920 dfu-bottom :: 1080
06-12 23:20:33.136 I/appium  (21098): Took 0ms to retrieve 0 matches for '//android.widget.ImageView[@resource-id='in.startv.hotstar:id/iv_profile']' XPath2 query
06-12 23:20:33.148 I/DrmUtils(21213): found android.hardware.drm@1.0::IDrmFactory clearkey
06-12 23:20:33.151 I/DrmUtils(21213): found android.hardware.drm@1.0::IDrmFactory verimatrix
06-12 23:20:33.153 I/appium  (21098): AppiumResponse: {"sessionId":"cd6b97fb-043a-4938-910b-8b388c8467b2","value":{"error":"no such element","message":"An element could not be located on the page using the given search parameters","stacktrace":"io.appium.uiautomator2.common.exceptions.ElementNotFoundException: An element could not be located on the page using the given search parameters\n\tat io.appium.uiautomator2.utils.ElementLocationHelpers.findElement(ElementLocationHelpers.java:156)\n\tat io.appium.uiautomator2.handler.FindElement.safeHandle(FindElement.java:60)\n\tat io.appium.uiautomator2.handler.request.SafeRequestHandler.handle(SafeRequestHandler.java:59)\n\tat io.appium.uiautomator2.server.AppiumServlet.handleRequest(AppiumServlet.java:259)\n\tat io.appium.uiautomator2.server.AppiumServlet.handleHttpRequest(AppiumServlet.java:253)\n\tat io.appium.uiautomator2.http.ServerHandler.channelRead(ServerHandler.java:77)\n\tat io.netty.channel.AbstractChannelHandlerContext.invokeChannelRead(AbstractChannelHandlerContext.java:374)\n\tat io.netty.channel.AbstractChannelHandlerContext.invokeChannelRead(AbstractChannelHandlerContext.java:360)\n\tat io.netty.channel.AbstractChannelHandlerContext.fireChannelRead(AbstractChannelHandlerContext.java:352)\n\tat io.netty.handler.codec.MessageToMessageDecoder.channelRead(MessageToMessageDecoder.java:102)\n\tat io.netty.channel.AbstractChannelHandlerContext.invokeChannelRead(AbstractChannelHandlerContext.java:374)\n\tat io.netty.channel.AbstractChannelHandlerContext.invokeChannelRead(AbstractChannelHandlerContext.java:360)\n\tat io.netty.channel.AbstractChannelHandlerContext.fireChannelRead(AbstractChannelHandlerContext.java:352)\n\tat io.netty.channel.CombinedChannelDuplexHandler$DelegatingChannelHandlerContext.fireChannelRead(CombinedChannelDuplexHandler.java:438)\n\tat io.netty.handler.codec.ByteToMessageDecoder.fireChannelRead(ByteToMessageDecoder.java:328)\n\tat io.netty.handler.codec.ByteToMessageDecoder.channelRead(ByteToMessageDecoder.java:302)\n\tat io.netty.channel.CombinedChannelDuplexHandler.channelRead(CombinedChannelDuplexHandler.java:253)\n\tat io.netty.channel.AbstractChannelHandlerContext.invokeChannelRead(AbstractChannelHandlerContext.java:374)\n\tat io.netty.channel.AbstractChannelHandlerContext.invokeChannelRead(AbstractChannelHandlerContext.java:360)\n\tat io.netty.channel.AbstractChannelHandlerContext.fireChannelRead(AbstractChannelHandlerContext.java:352)\n\tat io.netty.handler.timeout.IdleStateHandler.channelRead(IdleStateHandler.java:287)\n\tat io.netty.channel.AbstractChannelHandlerContext.invokeChannelRead(AbstractChannelHandlerContext.java:374)\n\tat io.netty.channel.AbstractChannelHandlerContext.invokeChannelRead(AbstractChannelHandlerContext.java:360)\n\tat io.netty.channel.AbstractChannelHandlerContext.fireChannelRead(AbstractChannelHandlerContext.java:352)\n\tat io.netty.channel.DefaultChannelPipeline$HeadContext.channelRead(DefaultChannelPipeline.java:1422)\n\tat io.netty.channel.AbstractChannelHandlerContext.invokeChannelRead(AbstractChannelHandlerContext.java:374)\n\tat io.netty.channel.AbstractChannelHandlerContext.invokeChannelRead(AbstractChannelHandlerContext.java:360)\n\tat io.netty.channel.DefaultChannelPipeline.fireChannelRead(DefaultChannelPipeline.java:931)\n\tat io.netty.channel.nio.AbstractNioByteChannel$NioByteUnsafe.read(AbstractNioByteChannel.java:163)\n\tat io.netty.channel.nio.NioEventLoop.processSelectedKey(NioEventLoop.java:700)\n\tat io.netty.channel.nio.NioEventLoop.processSelectedKeysOptimized(NioEventLoop.java:635)\n\tat io.netty.channel.nio.NioEventLoop.processSelectedKeys(NioEventLoop.java:552)\n\tat io.netty.channel.nio.NioEventLoop.run(NioEventLoop.java:514)\n\tat io.netty.util.concurrent.SingleThreadEventExecutor$6.run(SingleThreadEventExecutor.java:1044)\n\tat io.netty.util.internal.ThreadExecutorMap$2.run(ThreadExecutorMap.java:74)\n\tat io.netty.util.concurrent.FastThreadLocalRunnable.run(FastThreadLocalRunnable.java:30)\n\tat java.lang.Thread.run(Thread.java:923)\n"}}
06-12 23:20:33.155 I/DrmUtils(21213): found android.hardware.drm@1.0::IDrmFactory widevine
06-12 23:20:33.158 I/DrmUtils(21213): found android.hardware.drm@1.0::IDrmFactory youtube
06-12 23:20:33.163 I/DrmUtils(21213): found android.hardware.drm@1.1::IDrmFactory clearkey
06-12 23:20:33.164 D/dvb_iptv(  403): ReadEmmNetworkTask[1537]: EMM Select Timeout Occured 54
06-12 23:20:33.167 I/DrmUtils(21213): found android.hardware.drm@1.1::IDrmFactory verimatrix
06-12 23:20:33.168 I/DrmUtils(21213): found android.hardware.drm@1.1::IDrmFactory widevine
06-12 23:20:33.174 D/NetflixService(  987): onForegroundActivitiesChanged pid:1786,uid:10035,fg:false
06-12 23:20:33.176 D/NetflixService(  987): processName:com.netflix.ninja,importance:300
06-12 23:20:33.189 I/DrmUtils(21213): found android.hardware.drm@1.1::IDrmFactory youtube
06-12 23:20:33.189 D/stbdpc  (  403): STB_DPGetNumPaths[570]: num_paths: 1
06-12 23:20:33.193 I/DrmUtils(21213): found android.hardware.drm@1.2::IDrmFactory clearkey
06-12 23:20:33.194 I/lowmemorykiller(  231): medium memory pressure event is triggered for new strategy
06-12 23:20:33.194 D/lowmemorykiller(  231): LMKD mp_event_psi kill_reasons available are PRESSURE_AFTER_KILL, NOT_RESPONDING, LOW_SWAP_AND_THRASHING, LOW_MEM_AND_SWAP, LOW_MEM_AND_THRASHING, DIRECT_RECL_AND_THRASHING
06-12 23:20:33.194 D/lowmemorykiller(  231): LMKD mp_event_psi kill_reason received= -1
06-12 23:20:33.195 I/DrmUtils(21213): found android.hardware.drm@1.2::IDrmFactory verimatrix
06-12 23:20:33.196 I/DrmUtils(21213): found android.hardware.drm@1.2::IDrmFactory widevine
06-12 23:20:33.209 I/DrmUtils(21213): found android.hardware.drm@1.2::IDrmFactory youtube
06-12 23:20:33.221 I/DrmUtils(21213): found android.hardware.drm@1.3::IDrmFactory clearkey
06-12 23:20:33.230 I/DrmUtils(21213): found android.hardware.drm@1.3::IDrmFactory verimatrix
06-12 23:20:33.240 I/DrmUtils(21213): found android.hardware.drm@1.3::IDrmFactory widevine
06-12 23:20:33.243 I/DrmUtils(21213): found android.hardware.drm@1.3::IDrmFactory youtube
06-12 23:20:33.244 W/android.hardware.drm@1.3-service.youtube(  360): isCryptoSchemeSupported, false
06-12 23:20:33.244 I/WVCdm   (  359): [app][in.startv.hotstar] calling virtual Return<void> wvdrm::hardware::drm::V1_3::widevine::WVDrmFactory::createPlugin(const hidl_array<uint8_t, 16> &, const android::hardware::hidl_string &, android::hardware::drm::V1_3::IDrmFactory::createPlugin_cb)
06-12 23:20:33.248 I/WVCdm   (  359): [cdm_engine.cpp(573):QueryStatus] Querying status
06-12 23:20:33.252 I/chatty  (  359): uid=1013(media) HwBinder:359_1 identical 7 lines
06-12 23:20:33.252 I/WVCdm   (  359): [cdm_engine.cpp(573):QueryStatus] Querying status
