06-12 23:33:36.351 D/InputDispatcher(  637): injectInputEvent - Waiting for 1 pending foreground dispatches.
06-12 23:33:36.353 D/InputDispatcher(  637): injectInputEvent - Finished with result 0. injectorPid=25000, injectorUid=0
06-12 23:33:36.355 D/InputDispatcher(  637): injectInputEvent - eventType=1, injectorPid=25000, injectorUid=0, syncMode=2, timeout=30000, policyFlags=0x08000000
06-12 23:33:36.355 D/WindowManager(  637): interceptKeyTq keycode=4 interactive=true keyguardActive=false policyFlags=2b000000
06-12 23:33:36.355 D/WindowManager(  637): CloudPC is in NOT in foreground
06-12 23:33:36.356 D/WindowManager(  637): isKeyNeedsToPassToJioCloudPC :: NO
06-12 23:33:36.356 D/WindowManager(  637): interceptKeyTi keyCode=4 down=false repeatCount=0 keyguardOn=false canceled=false
06-12 23:33:36.356 D/WindowManager(  637): CloudPC is in NOT in foreground
06-12 23:33:36.356 D/AutofillManagerService(  637): onBackKeyPressed()
06-12 23:33:36.356 D/WindowManager(  637): isKeyNeedsToPassToJioCloudPC :: NO
06-12 23:33:36.356 D/GlobalKeyManager(  637): KeyEvent { action=ACTION_UP, keyCode=KEYCODE_BACK, scanCode=0, metaState=0, flags=0x0, repeatCount=0, eventTime=4183452, downTime=4183452, deviceId=-1, source=0x101, displayId=-1 }
06-12 23:33:36.356 D/InputDispatcher(  637): Setting input event injection result to 0.  injectorPid=25000, injectorUid=0
06-12 23:33:36.357 D/InputDispatcher(  637): injectInputEvent - Waiting for 1 pending foreground dispatches.
06-12 23:33:36.363 D/InputDispatcher(  637): injectInputEvent - Finished with result 0. injectorPid=25000, injectorUid=0
06-12 23:33:36.367 V/DigitalSignage(  637): Package Name: null
06-12 23:33:36.367 V/DigitalSignage(  637): Left: 0
06-12 23:33:36.367 V/DigitalSignage(  637): Right: 0
06-12 23:33:36.367 V/DigitalSignage(  637): Top: 0
06-12 23:33:36.367 V/DigitalSignage(  637): Bottom: 0
06-12 23:33:36.367 D/DigitalSignage(  637): else - Package Name :: null left : 0 right :: 0 top :: 0 bottom :: 0 dfu-right :: 1920 dfu-bottom :: 1080
06-12 23:33:36.367 V/DigitalSignage(  637): Package Name: null
06-12 23:33:36.367 V/DigitalSignage(  637): Left: 0
06-12 23:33:36.367 V/DigitalSignage(  637): Right: 0
06-12 23:33:36.367 V/DigitalSignage(  637): Top: 0
06-12 23:33:36.367 V/DigitalSignage(  637): Bottom: 0
06-12 23:33:36.368 D/DigitalSignage(  637): else - Package Name :: null left : 0 right :: 0 top :: 0 bottom :: 0 dfu-right :: 1920 dfu-bottom :: 1080
06-12 23:33:36.371 D/stbdpc  (  403): STB_DPGetNumPaths[570]: num_paths: 1
06-12 23:33:36.372 D/InputMethod( 1352): JioHomeManagerService::hideSoftInput()::notifyJioHomeAboutIMEVisibility(IME_HIDDEN) isInputViewShown()::false
06-12 23:33:36.372 D/InputMethodService( 1352): JioHomeMangerService::notifyJioHomeAboutIMEVisibility()::EDIT_TEXT_FOCUS_KEY Value::false Action::com.iwedia.action.SHOW_SOFT_INPUT isVisble :: false
06-12 23:33:36.385 I/appium  (25054): AppiumResponse: {"sessionId":"09a4ffd2-a036-4332-9f27-ba29056f557c","value":null}
06-12 23:33:36.422 D/memtrack_aml(  366): sysfs path
06-12 23:33:36.432 V/DigitalSignage(  637): Package Name: null
06-12 23:33:36.432 V/DigitalSignage(  637): Left: 0
06-12 23:33:36.432 V/DigitalSignage(  637): Right: 0
06-12 23:33:36.432 V/DigitalSignage(  637): Top: 0
06-12 23:33:36.432 V/DigitalSignage(  637): Bottom: 0
06-12 23:33:36.432 D/DigitalSignage(  637): else - Package Name :: null left : 0 right :: 0 top :: 0 bottom :: 0 dfu-right :: 1920 dfu-bottom :: 1080
06-12 23:33:36.432 V/DigitalSignage(  637): Package Name: null
06-12 23:33:36.433 V/DigitalSignage(  637): Left: 0
06-12 23:33:36.433 V/DigitalSignage(  637): Right: 0
06-12 23:33:36.433 V/DigitalSignage(  637): Top: 0
06-12 23:33:36.433 V/DigitalSignage(  637): Bottom: 0
06-12 23:33:36.433 D/DigitalSignage(  637): else - Package Name :: null left : 0 right :: 0 top :: 0 bottom :: 0 dfu-right :: 1920 dfu-bottom :: 1080
06-12 23:33:36.438 V/DigitalSignage(  637): Package Name: null
06-12 23:33:36.438 V/DigitalSignage(  637): Left: 0
06-12 23:33:36.438 V/DigitalSignage(  637): Right: 0
06-12 23:33:36.438 V/DigitalSignage(  637): Top: 0
06-12 23:33:36.438 V/DigitalSignage(  637): Bottom: 0
06-12 23:33:36.439 D/DigitalSignage(  637): else - Package Name :: null left : 0 right :: 0 top :: 0 bottom :: 0 dfu-right :: 1920 dfu-bottom :: 1080
06-12 23:33:36.439 V/DigitalSignage(  637): Package Name: null
06-12 23:33:36.439 V/DigitalSignage(  637): Left: 0
06-12 23:33:36.439 V/DigitalSignage(  637): Right: 0
06-12 23:33:36.439 V/DigitalSignage(  637): Top: 0
06-12 23:33:36.439 V/DigitalSignage(  637): Bottom: 0
06-12 23:33:36.439 D/DigitalSignage(  637): else - Package Name :: null left : 0 right :: 0 top :: 0 bottom :: 0 dfu-right :: 1920 dfu-bottom :: 1080
06-12 23:33:36.471 D/stbdpc  (  403): STB_DPGetNumPaths[570]: num_paths: 1
06-12 23:33:36.553 I/appium  (25054): channel read: DELETE /session/09a4ffd2-a036-4332-9f27-ba29056f557c
06-12 23:33:36.554 I/appium  (25054): DeleteSession command
06-12 23:33:36.557 I/appium  (25054): AppiumResponse: {"sessionId":"09a4ffd2-a036-4332-9f27-ba29056f557c","value":null}
06-12 23:33:36.570 I/appium  (25054): Stopping ServerInstrumentation
06-12 23:33:36.571 I/appium  (25054): Stopping MJPEG Server
06-12 23:33:36.571 D/stbdpc  (  403): STB_DPGetNumPaths[570]: num_paths: 1
06-12 23:33:36.573 E/appium  (25054): Socket Server failed to open connection.
06-12 23:33:36.573 E/appium  (25054): java.net.SocketException: Socket closed
06-12 23:33:36.573 E/appium  (25054): 	at java.net.PlainSocketImpl.socketAccept(PlainSocketImpl.java:213)
06-12 23:33:36.573 E/appium  (25054): 	at java.net.AbstractPlainSocketImpl.accept(AbstractPlainSocketImpl.java:451)
06-12 23:33:36.573 E/appium  (25054): 	at java.net.ServerSocket.implAccept(ServerSocket.java:547)
06-12 23:33:36.573 E/appium  (25054): 	at java.net.ServerSocket.accept(ServerSocket.java:515)
06-12 23:33:36.573 E/appium  (25054): 	at io.appium.uiautomator2.server.mjpeg.MjpegScreenshotServer.run(MjpegScreenshotServer.java:66)
06-12 23:33:36.576 I/appium  (25054): MJPEG Server stopped
06-12 23:33:36.588 I/appium  (25054): ServerInstrumentation stopped
06-12 23:33:36.590 I/appium  (25054): >>>Entry point finish<<<
06-12 23:33:36.590 I/TestRunner(25054): finished: startServer(io.appium.uiautomator2.server.test.AppiumUiAutomator2Server)
06-12 23:33:36.598 I/TestRunner(25054): run finished: 1 tests, 0 failed, 0 ignored
06-12 23:33:36.599 E/BufferQueueProducer(  402): [InputMethod#0](id:1920000005e,api:0,p:-1,c:402) disconnect: not connected (req=1)
06-12 23:33:36.599 W/libEGL  ( 1352): EGLNativeWindowType 0xeea14c08 disconnect failed
06-12 23:33:36.601 V/DigitalSignage(  637): Package Name: null
06-12 23:33:36.601 V/DigitalSignage(  637): Left: 0
06-12 23:33:36.601 V/DigitalSignage(  637): Right: 0
06-12 23:33:36.601 V/DigitalSignage(  637): Top: 0
06-12 23:33:36.601 V/DigitalSignage(  637): Bottom: 0
06-12 23:33:36.602 D/DigitalSignage(  637): else - Package Name :: null left : 0 right :: 0 top :: 0 bottom :: 0 dfu-right :: 1920 dfu-bottom :: 1080
06-12 23:33:36.608 W/WindowManager(  637): removeWindowToken: Attempted to remove non-existing token: android.os.Binder@1f31867
06-12 23:33:36.611 V/UiAutomation(25054): Init UiAutomation@30745d0[id=-1, flags=0]
06-12 23:33:36.625 V/DigitalSignage(  637): Package Name: null
06-12 23:33:36.625 V/DigitalSignage(  637): Left: 0
06-12 23:33:36.625 V/DigitalSignage(  637): Right: 0
06-12 23:33:36.625 V/DigitalSignage(  637): Top: 0
06-12 23:33:36.625 V/DigitalSignage(  637): Bottom: 0
06-12 23:33:36.625 D/DigitalSignage(  637): else - Package Name :: null left : 0 right :: 0 top :: 0 bottom :: 0 dfu-right :: 1920 dfu-bottom :: 1080
06-12 23:33:36.633 I/ActivityManager(  637): Force stopping io.appium.uiautomator2.server appid=10096 user=0: finished inst
06-12 23:33:36.633 I/ActivityManager(  637): Killing 25054:io.appium.uiautomator2.server/u0a96 (adj 0): stop io.appium.uiautomator2.server due to finished inst
06-12 23:33:36.634 D/AndroidRuntime(25000): Shutting down VM
06-12 23:33:36.636 D/lowmemorykiller(  231): LMKD pid_remove called. pid=25054
06-12 23:33:36.671 D/stbdpc  (  403): STB_DPGetNumPaths[570]: num_paths: 1
06-12 23:33:36.674 D/dvb_iptv(  403): ReadEmmNetworkTask[1537]: EMM Select Timeout Occured 8
06-12 23:33:36.693 D/rtk_heartbeat(  350): heartbeat_timed_out: heartbeatCmdCount = 4162, expected nextSeqNum = 4162
06-12 23:33:36.694 D/rtk_heartbeat(  350): rtkbt_heartbeat_cmpl_cback: Current SeqNum = 4162,should SeqNum=4162, status = 0
06-12 23:33:36.715 I/[ 4183.834574@0]  binder(    0): undelivered TRANSACTION_COMPLETE
06-12 23:33:36.715 I/[ 4183.834587@0]  binder(    0): undelivered transaction 2306299, process died.
06-12 23:33:36.717 D/JioStbInactivityTimer(  936): Timer: count 24 warningTimeout:10680 timeout:10800
06-12 23:33:36.717 D/JioStbInactivityTimer(  936): isUserActive: Curr:4158394 Prev:4158394
06-12 23:33:36.724 I/Zygote  (  325): Process 25054 exited due to signal 9 (Killed)
06-12 23:33:36.747 I/libprocessgroup(  637): Successfully killed process cgroup uid 10096 pid 25054 in 106ms
06-12 23:33:36.771 D/stbdpc  (  403): STB_DPGetNumPaths[570]: num_paths: 1
06-12 23:33:36.798 D/ltts_ip_emm(  403): LTTS_IP_DMXStartEMM[381]: parse_emm_cat_status failed
06-12 23:33:36.872 D/stbdpc  (  403): STB_DPGetNumPaths[570]: num_paths: 1
06-12 23:33:36.925 F/linker  (25400): CANNOT LINK EXECUTABLE "/system/bin/smartcable/smartCableSTBApp": library "libmosquitto.so" not found: needed by main executable
06-12 23:33:36.963 I/[ 4184.083308@1]  binder(    0): undelivered transaction 2306293, process died.
06-12 23:33:37.035 I/ActivityManager(  637): Force stopping io.appium.uiautomator2.server appid=10096 user=0: from pid 25405
06-12 23:33:36.972 D/stbdpc  (  403): STB_DPGetNumPaths[570]: num_paths: 1
06-12 23:33:37.045 D/JioSettings( 1827): PackageResetBroadcastReceiver::onReceive: intent->>> android.intent.action.PACKAGE_RESTARTED, reset package: package:io.appium.uiautomator2.server
06-12 23:33:37.045 D/JioSettings( 1827): Reset package: package:io.appium.uiautomator2.server
06-12 23:33:37.057 I/ActivityManager(  637): Force stopping io.appium.uiautomator2.server.test appid=10095 user=0: from pid 25406
06-12 23:33:37.063 D/JioSettings( 1827): PackageResetBroadcastReceiver::onReceive: intent->>> android.intent.action.PACKAGE_RESTARTED, reset package: package:io.appium.uiautomator2.server.test
06-12 23:33:37.063 D/JioSettings( 1827): Reset package: package:io.appium.uiautomator2.server.test
06-12 23:33:37.072 D/stbdpc  (  403): STB_DPGetNumPaths[570]: num_paths: 1
06-12 23:33:37.172 D/stbdpc  (  403): STB_DPGetNumPaths[570]: num_paths: 1
06-12 23:33:37.175 D/dvb_iptv(  403): ReadEmmNetworkTask[1537]: EMM Select Timeout Occured 9
06-12 23:33:37.182 I/cmd     (25417): oneway function results will be dropped but finished with status OK and parcel size 4
06-12 23:33:37.272 D/stbdpc  (  403): STB_DPGetNumPaths[570]: num_paths: 1
06-12 23:33:37.352 I/.startv.hotsta(25138): oneway function results will be dropped but finished with status OK and parcel size 4
06-12 23:33:37.354 I/e.swalekh.abct( 1352): oneway function results will be dropped but finished with status OK and parcel size 4
06-12 23:33:37.373 D/stbdpc  (  403): STB_DPGetNumPaths[570]: num_paths: 1
06-12 23:33:37.381 D/BufferPoolAccessor2.0(25138): bufferpool2 0xb8aadcd8 : 0(0 size) total buffers - 0(0 size) used buffers - 2/7 (recycle/alloc) - 5/38 (fetch/transfer)
06-12 23:33:37.381 D/BufferPoolAccessor2.0(25138): evictor expired: 1, evicted: 1
06-12 23:33:37.383 D/BufferPoolAccessor2.0(  479): evictor expired: 1, evicted: 0
06-12 23:33:37.388 I/.startv.hotsta(25138): oneway function results will be dropped but finished with status OK and parcel size 4
06-12 23:33:37.391 I/e.swalekh.abct( 1352): oneway function results will be dropped but finished with status OK and parcel size 4
06-12 23:33:37.399 D/JioSTBMRServer-SERVICE( 3281): InetSocketAddress(InetAddress.getByName(inetAddress.hostAddress)-/192.168.1.255
06-12 23:33:37.399 D/JioSTBMRServer-SERVICE( 3281): #beacon:RKISBFJ60000097:0:false:0:1:SV=181024:KB=0 , 192.168.1.255
06-12 23:33:37.403 D/JioSTBMRServer-SERVICE( 3281): InetSocketAddress(InetAddress.getByName(inetAddress.hostAddress)-/192.168.1.255
06-12 23:33:37.403 D/JioSTBMRServer-SERVICE( 3281): #broadcast IP:192.168.1.255
06-12 23:33:37.409 D/JioLauncher( 1786): overlay status check for wifi and bt remote false false
06-12 23:33:37.411 D/Match code1( 1444): 2
06-12 23:33:37.411 D/JIO_TR069-( 1444): Predefined List [com.jio.stb.catv, com.rjil.jiostbsetting, com.iwedia.ui.rjio.launcher.reliance, com.jio.stb.hotellauncher, com.jio.media.oberoi, com.jio.ott]
06-12 23:33:37.414 D/JIO_TR069-( 1444): Caller Package com.iwedia.ui.rjio.launcher.reliance
06-12 23:33:37.414 D/JIO_TR069-( 1444): White Listed Apps []
06-12 23:33:37.414 D/JIO_TR069-( 1444): Final White Listed Apps [com.jio.stb.catv, com.rjil.jiostbsetting, com.iwedia.ui.rjio.launcher.reliance, com.jio.stb.hotellauncher, com.jio.media.oberoi, com.jio.ott, ]
06-12 23:33:37.417 D/JioLauncher( 1786): network-type-------NonJioNetwork
06-12 23:33:37.421 D/JioLauncher( 1786): live-tv-previousIp-[/fe80::1%wlan0, /192.168.1.1]-newHost-[/fe80::1%wlan0, /192.168.1.1]
06-12 23:33:37.473 D/stbdpc  (  403): STB_DPGetNumPaths[570]: num_paths: 1
