06-12 11:31:22.172 W/System.err(28987): 	at android.view.ViewGroup.addView(ViewGroup.java:5064)
06-12 11:31:22.172 W/System.err(28987): 	at android.view.ViewGroup.addView(ViewGroup.java:5004)
06-12 11:31:22.172 W/System.err(28987): 	at androidx.recyclerview.widget.e.a(SourceFile:26)
06-12 11:31:22.172 W/System.err(28987): 	at androidx.recyclerview.widget.RecyclerView$l.m(SourceFile:243)
06-12 11:31:22.172 W/System.err(28987): 	at androidx.leanback.widget.GridLayoutManager$b.b(SourceFile:46)
06-12 11:31:22.172 W/System.err(28987): 	at androidx.leanback.widget.S.m(SourceFile:37)
06-12 11:31:22.172 W/System.err(28987): 	at androidx.leanback.widget.GridLayoutManager.t1(SourceFile:26)
06-12 11:31:22.172 W/System.err(28987): 	at androidx.leanback.widget.GridLayoutManager.v0(SourceFile:1191)
06-12 11:31:22.172 W/System.err(28987): 	at androidx.recyclerview.widget.RecyclerView.r(SourceFile:74)
06-12 11:31:22.172 W/System.err(28987): 	at androidx.recyclerview.widget.RecyclerView.p(SourceFile:72)
06-12 11:31:22.172 W/System.err(28987): 	at androidx.recyclerview.widget.RecyclerView.onLayout(SourceFile:8)
06-12 11:31:22.172 W/System.err(28987): 	at android.view.View.layout(View.java:22844)
06-12 11:31:22.172 W/System.err(28987): 	at android.view.ViewGroup.layout(ViewGroup.java:6389)
06-12 11:31:22.172 W/System.err(28987): 	at androidx.constraintlayout.widget.ConstraintLayout.onLayout(SourceFile:67)
06-12 11:31:22.172 W/System.err(28987): 	at android.view.View.layout(View.java:22844)
06-12 11:31:22.172 W/System.err(28987): 	at android.view.ViewGroup.layout(ViewGroup.java:6389)
06-12 11:31:22.172 W/System.err(28987): 	at android.widget.FrameLayout.layoutChildren(FrameLayout.java:332)
06-12 11:31:22.172 W/System.err(28987): 	at android.widget.FrameLayout.onLayout(FrameLayout.java:270)
06-12 11:31:22.172 W/System.err(28987): 	at android.view.View.layout(View.java:22844)
06-12 11:31:22.172 W/System.err(28987): 	at android.view.ViewGroup.layout(ViewGroup.java:6389)
06-12 11:31:22.172 W/System.err(28987): 	at android.widget.FrameLayout.layoutChildren(FrameLayout.java:332)
06-12 11:31:22.172 W/System.err(28987): 	at android.widget.FrameLayout.onLayout(FrameLayout.java:270)
06-12 11:31:22.172 W/System.err(28987): 	at android.view.View.layout(View.java:22844)
06-12 11:31:22.172 W/System.err(28987): 	at android.view.ViewGroup.layout(ViewGroup.java:6389)
06-12 11:31:22.173 W/System.err(28987): 	at androidx.constraintlayout.widget.ConstraintLayout.onLayout(SourceFile:67)
06-12 11:31:22.173 W/System.err(28987): 	at android.view.View.layout(View.java:22844)
06-12 11:31:22.173 W/System.err(28987): 	at android.view.ViewGroup.layout(ViewGroup.java:6389)
06-12 11:31:22.173 W/System.err(28987): 	at android.widget.FrameLayout.layoutChildren(FrameLayout.java:332)
06-12 11:31:22.173 W/System.err(28987): 	at android.widget.FrameLayout.onLayout(FrameLayout.java:270)
06-12 11:31:22.173 W/System.err(28987): 	at android.view.View.layout(View.java:22844)
06-12 11:31:22.173 W/System.err(28987): 	at android.view.ViewGroup.layout(ViewGroup.java:6389)
06-12 11:31:22.173 W/System.err(28987): 	at android.widget.FrameLayout.layoutChildren(FrameLayout.java:332)
06-12 11:31:22.173 W/System.err(28987): 	at android.widget.FrameLayout.onLayout(FrameLayout.java:270)
06-12 11:31:22.173 W/System.err(28987): 	at android.view.View.layout(View.java:22844)
06-12 11:31:22.173 W/System.err(28987): 	at android.view.ViewGroup.layout(ViewGroup.java:6389)
06-12 11:31:22.173 W/System.err(28987): 	at android.widget.FrameLayout.layoutChildren(FrameLayout.java:332)
06-12 11:31:22.173 W/System.err(28987): 	at android.widget.FrameLayout.onLayout(FrameLayout.java:270)
06-12 11:31:22.173 W/System.err(28987): 	at android.view.View.layout(View.java:22844)
06-12 11:31:22.173 W/System.err(28987): 	at android.view.ViewGroup.layout(ViewGroup.java:6389)
06-12 11:31:22.173 W/System.err(28987): 	at android.widget.FrameLayout.layoutChildren(FrameLayout.java:332)
06-12 11:31:22.173 W/System.err(28987): 	at android.widget.FrameLayout.onLayout(FrameLayout.java:270)
06-12 11:31:22.173 W/System.err(28987): 	at android.view.View.layout(View.java:22844)
06-12 11:31:22.173 W/System.err(28987): 	at android.view.ViewGroup.layout(ViewGroup.java:6389)
06-12 11:31:22.173 W/System.err(28987): 	at android.widget.FrameLayout.layoutChildren(FrameLayout.java:332)
06-12 11:31:22.173 W/System.err(28987): 	at android.widget.FrameLayout.onLayout(FrameLayout.java:270)
06-12 11:31:22.173 W/System.err(28987): 	at android.view.View.layout(View.java:22844)
06-12 11:31:22.173 W/System.err(28987): 	at android.view.ViewGroup.layout(ViewGroup.java:6389)
06-12 11:31:22.173 W/System.err(28987): 	at androidx.constraintlayout.widget.ConstraintLayout.onLayout(SourceFile:67)
06-12 11:31:22.174 W/System.err(28987): 	at android.view.View.layout(View.java:22844)
06-12 11:31:22.174 W/System.err(28987): 	at android.view.ViewGroup.layout(ViewGroup.java:6389)
06-12 11:31:22.174 W/System.err(28987): 	at android.widget.FrameLayout.layoutChildren(FrameLayout.java:332)
06-12 11:31:22.174 W/System.err(28987): 	at android.widget.FrameLayout.onLayout(FrameLayout.java:270)
06-12 11:31:22.174 W/System.err(28987): 	at android.view.View.layout(View.java:22844)
06-12 11:31:22.174 W/System.err(28987): 	at android.view.ViewGroup.layout(ViewGroup.java:6389)
06-12 11:31:22.174 W/System.err(28987): 	at android.widget.LinearLayout.setChildFrame(LinearLayout.java:1829)
06-12 11:31:22.174 W/System.err(28987): 	at android.widget.LinearLayout.layoutVertical(LinearLayout.java:1673)
06-12 11:31:22.174 W/System.err(28987): 	at android.widget.LinearLayout.onLayout(LinearLayout.java:1582)
06-12 11:31:22.174 W/System.err(28987): 	at android.view.View.layout(View.java:22844)
06-12 11:31:22.174 W/System.err(28987): 	at android.view.ViewGroup.layout(ViewGroup.java:6389)
06-12 11:31:22.174 W/System.err(28987): 	at android.widget.FrameLayout.layoutChildren(FrameLayout.java:332)
06-12 11:31:22.174 W/System.err(28987): 	at android.widget.FrameLayout.onLayout(FrameLayout.java:270)
06-12 11:31:22.174 W/System.err(28987): 	at com.android.internal.policy.DecorView.onLayout(DecorView.java:784)
06-12 11:31:22.174 W/System.err(28987): 	at android.view.View.layout(View.java:22844)
06-12 11:31:22.174 W/System.err(28987): 	at android.view.ViewGroup.layout(ViewGroup.java:6389)
06-12 11:31:22.174 W/System.err(28987): 	at android.view.ViewRootImpl.performLayout(ViewRootImpl.java:3475)
06-12 11:31:22.174 W/System.err(28987): 	at android.view.ViewRootImpl.performTraversals(ViewRootImpl.java:2943)
06-12 11:31:22.174 W/System.err(28987): 	at android.view.ViewRootImpl.doTraversal(ViewRootImpl.java:1948)
06-12 11:31:22.174 W/System.err(28987): 	at android.view.ViewRootImpl$TraversalRunnable.run(ViewRootImpl.java:8177)
06-12 11:31:22.174 W/System.err(28987): 	at android.view.Choreographer$CallbackRecord.run(Choreographer.java:972)
06-12 11:31:22.174 W/System.err(28987): 	at android.view.Choreographer.doCallbacks(Choreographer.java:796)
06-12 11:31:22.174 W/System.err(28987): 	at android.view.Choreographer.doFrame(Choreographer.java:731)
06-12 11:31:22.174 W/System.err(28987): 	at android.view.Choreographer$FrameDisplayEventReceiver.run(Choreographer.java:957)
06-12 11:31:22.174 W/System.err(28987): 	at android.os.Handler.handleCallback(Handler.java:938)
06-12 11:31:22.174 W/System.err(28987): 	at android.os.Handler.dispatchMessage(Handler.java:99)
06-12 11:31:22.175 W/System.err(28987): 	at android.os.Looper.loop(Looper.java:223)
06-12 11:31:22.175 W/System.err(28987): 	at android.app.ActivityThread.main(ActivityThread.java:7664)
06-12 11:31:22.175 W/System.err(28987): 	at java.lang.reflect.Method.invoke(Native Method)
06-12 11:31:22.175 W/System.err(28987): 	at com.android.internal.os.RuntimeInit$MethodAndArgsCaller.run(RuntimeInit.java:592)
06-12 11:31:22.175 W/System.err(28987): 	at com.android.internal.os.ZygoteInit.main(ZygoteInit.java:952)
06-12 11:31:22.186 W/AnimatorSet(28987): Start delay should always be non-negative
06-12 11:31:22.188 W/System.err(28987): java.lang.IllegalArgumentException: width and height must be > 0
06-12 11:31:22.189 W/System.err(28987): 	at android.graphics.Bitmap.createBitmap(Bitmap.java:1113)
06-12 11:31:22.189 W/System.err(28987): 	at android.graphics.Bitmap.createBitmap(Bitmap.java:1080)
06-12 11:31:22.189 W/System.err(28987): 	at android.graphics.Bitmap.createBitmap(Bitmap.java:1030)
06-12 11:31:22.189 W/System.err(28987): 	at android.graphics.Bitmap.createBitmap(Bitmap.java:991)
06-12 11:31:22.189 W/System.err(28987): 	at com.hotstar.feature.login.profile.customview.CircleImageView.c(SourceFile:46)
06-12 11:31:22.189 W/System.err(28987): 	at com.hotstar.feature.login.profile.customview.CircleImageView.setImageDrawable(SourceFile:4)
06-12 11:31:22.189 W/System.err(28987): 	at coil.target.ImageViewTarget.f(SourceFile:3)
06-12 11:31:22.189 W/System.err(28987): 	at coil.target.GenericViewTarget.h(SourceFile:19)
06-12 11:31:22.189 W/System.err(28987): 	at coil.target.GenericViewTarget.c(SourceFile:1)
06-12 11:31:22.189 W/System.err(28987): 	at coil.RealImageLoader.c(SourceFile:255)
06-12 11:31:22.189 W/System.err(28987): 	at coil.RealImageLoader$enqueue$job$1.invokeSuspend(SourceFile:32)
06-12 11:31:22.189 W/System.err(28987): 	at kotlin.coroutines.jvm.internal.BaseContinuationImpl.resumeWith(SourceFile:9)
06-12 11:31:22.189 W/System.err(28987): 	at Yg.i.a(SourceFile:129)
06-12 11:31:22.189 W/System.err(28987): 	at S3.A.s(SourceFile:11)
06-12 11:31:22.189 W/System.err(28987): 	at kotlinx.coroutines.a.p0(SourceFile:81)
06-12 11:31:22.189 W/System.err(28987): 	at kotlinx.coroutines.d.a(SourceFile:18)
06-12 11:31:22.189 W/System.err(28987): 	at coil.RealImageLoader.b(SourceFile:10)
06-12 11:31:22.189 W/System.err(28987): 	at coil.request.ViewTargetRequestManager.onViewAttachedToWindow(SourceFile:13)
06-12 11:31:22.189 W/System.err(28987): 	at android.view.View.dispatchAttachedToWindow(View.java:20490)
06-12 11:31:22.189 W/System.err(28987): 	at android.view.ViewGroup.dispatchAttachedToWindow(ViewGroup.java:3496)
06-12 11:31:22.189 W/System.err(28987): 	at android.view.ViewGroup.dispatchAttachedToWindow(ViewGroup.java:3496)
06-12 11:31:22.189 W/System.err(28987): 	at android.view.ViewGroup.addViewInner(ViewGroup.java:5278)
06-12 11:31:22.189 W/System.err(28987): 	at android.view.ViewGroup.addView(ViewGroup.java:5064)
06-12 11:31:22.190 W/System.err(28987): 	at android.view.ViewGroup.addView(ViewGroup.java:5004)
06-12 11:31:22.190 W/System.err(28987): 	at androidx.recyclerview.widget.e.a(SourceFile:26)
06-12 11:31:22.190 W/System.err(28987): 	at androidx.recyclerview.widget.RecyclerView$l.m(SourceFile:243)
06-12 11:31:22.190 W/System.err(28987): 	at androidx.leanback.widget.GridLayoutManager$b.b(SourceFile:46)
06-12 11:31:22.190 W/System.err(28987): 	at androidx.leanback.widget.S.m(SourceFile:37)
06-12 11:31:22.190 W/System.err(28987): 	at androidx.leanback.widget.GridLayoutManager.t1(SourceFile:26)
06-12 11:31:22.190 W/System.err(28987): 	at androidx.leanback.widget.GridLayoutManager.v0(SourceFile:1191)
06-12 11:31:22.190 W/System.err(28987): 	at androidx.recyclerview.widget.RecyclerView.r(SourceFile:74)
06-12 11:31:22.190 W/System.err(28987): 	at androidx.recyclerview.widget.RecyclerView.p(SourceFile:72)
06-12 11:31:22.190 W/System.err(28987): 	at androidx.recyclerview.widget.RecyclerView.onLayout(SourceFile:8)
06-12 11:31:22.190 W/System.err(28987): 	at android.view.View.layout(View.java:22844)
06-12 11:31:22.190 W/System.err(28987): 	at android.view.ViewGroup.layout(ViewGroup.java:6389)
06-12 11:31:22.190 W/System.err(28987): 	at androidx.constraintlayout.widget.ConstraintLayout.onLayout(SourceFile:67)
06-12 11:31:22.190 W/System.err(28987): 	at android.view.View.layout(View.java:22844)
06-12 11:31:22.190 W/System.err(28987): 	at android.view.ViewGroup.layout(ViewGroup.java:6389)
06-12 11:31:22.190 W/System.err(28987): 	at android.widget.FrameLayout.layoutChildren(FrameLayout.java:332)
06-12 11:31:22.190 W/System.err(28987): 	at android.widget.FrameLayout.onLayout(FrameLayout.java:270)
06-12 11:31:22.190 W/System.err(28987): 	at android.view.View.layout(View.java:22844)
06-12 11:31:22.190 W/System.err(28987): 	at android.view.ViewGroup.layout(ViewGroup.java:6389)
06-12 11:31:22.190 W/System.err(28987): 	at android.widget.FrameLayout.layoutChildren(FrameLayout.java:332)
06-12 11:31:22.190 W/System.err(28987): 	at android.widget.FrameLayout.onLayout(FrameLayout.java:270)
06-12 11:31:22.190 W/System.err(28987): 	at android.view.View.layout(View.java:22844)
06-12 11:31:22.190 W/System.err(28987): 	at android.view.ViewGroup.layout(ViewGroup.java:6389)
06-12 11:31:22.190 W/System.err(28987): 	at androidx.constraintlayout.widget.ConstraintLayout.onLayout(SourceFile:67)
06-12 11:31:22.190 W/System.err(28987): 	at android.view.View.layout(View.java:22844)
06-12 11:31:22.190 W/System.err(28987): 	at android.view.ViewGroup.layout(ViewGroup.java:6389)
06-12 11:31:22.191 W/System.err(28987): 	at android.widget.FrameLayout.layoutChildren(FrameLayout.java:332)
06-12 11:31:22.191 W/System.err(28987): 	at android.widget.FrameLayout.onLayout(FrameLayout.java:270)
06-12 11:31:22.191 W/System.err(28987): 	at android.view.View.layout(View.java:22844)
06-12 11:31:22.191 W/System.err(28987): 	at android.view.ViewGroup.layout(ViewGroup.java:6389)
06-12 11:31:22.191 W/System.err(28987): 	at android.widget.FrameLayout.layoutChildren(FrameLayout.java:332)
06-12 11:31:22.191 W/System.err(28987): 	at android.widget.FrameLayout.onLayout(FrameLayout.java:270)
06-12 11:31:22.191 W/System.err(28987): 	at android.view.View.layout(View.java:22844)
06-12 11:31:22.191 W/System.err(28987): 	at android.view.ViewGroup.layout(ViewGroup.java:6389)
06-12 11:31:22.191 W/System.err(28987): 	at android.widget.FrameLayout.layoutChildren(FrameLayout.java:332)
06-12 11:31:22.191 W/System.err(28987): 	at android.widget.FrameLayout.onLayout(FrameLayout.java:270)
06-12 11:31:22.191 W/System.err(28987): 	at android.view.View.layout(View.java:22844)
06-12 11:31:22.191 W/System.err(28987): 	at android.view.ViewGroup.layout(ViewGroup.java:6389)
06-12 11:31:22.191 W/System.err(28987): 	at android.widget.FrameLayout.layoutChildren(FrameLayout.java:332)
06-12 11:31:22.191 W/System.err(28987): 	at android.widget.FrameLayout.onLayout(FrameLayout.java:270)
06-12 11:31:22.191 W/System.err(28987): 	at android.view.View.layout(View.java:22844)
06-12 11:31:22.191 W/System.err(28987): 	at android.view.ViewGroup.layout(ViewGroup.java:6389)
06-12 11:31:22.191 W/System.err(28987): 	at android.widget.FrameLayout.layoutChildren(FrameLayout.java:332)
06-12 11:31:22.191 W/System.err(28987): 	at android.widget.FrameLayout.onLayout(FrameLayout.java:270)
06-12 11:31:22.191 W/System.err(28987): 	at android.view.View.layout(View.java:22844)
06-12 11:31:22.191 W/System.err(28987): 	at android.view.ViewGroup.layout(ViewGroup.java:6389)
06-12 11:31:22.191 W/System.err(28987): 	at androidx.constraintlayout.widget.ConstraintLayout.onLayout(SourceFile:67)
06-12 11:31:22.191 W/System.err(28987): 	at android.view.View.layout(View.java:22844)
06-12 11:31:22.191 W/System.err(28987): 	at android.view.ViewGroup.layout(ViewGroup.java:6389)
06-12 11:31:22.191 W/System.err(28987): 	at android.widget.FrameLayout.layoutChildren(FrameLayout.java:332)
06-12 11:31:22.191 W/System.err(28987): 	at android.widget.FrameLayout.onLayout(FrameLayout.java:270)
06-12 11:31:22.192 W/System.err(28987): 	at android.view.View.layout(View.java:22844)
06-12 11:31:22.192 W/System.err(28987): 	at android.view.ViewGroup.layout(ViewGroup.java:6389)
06-12 11:31:22.192 W/System.err(28987): 	at android.widget.LinearLayout.setChildFrame(LinearLayout.java:1829)
06-12 11:31:22.192 W/System.err(28987): 	at android.widget.LinearLayout.layoutVertical(LinearLayout.java:1673)
06-12 11:31:22.192 W/System.err(28987): 	at android.widget.LinearLayout.onLayout(LinearLayout.java:1582)
06-12 11:31:22.192 W/System.err(28987): 	at android.view.View.layout(View.java:22844)
06-12 11:31:22.192 W/System.err(28987): 	at android.view.ViewGroup.layout(ViewGroup.java:6389)
06-12 11:31:22.192 W/System.err(28987): 	at android.widget.FrameLayout.layoutChildren(FrameLayout.java:332)
06-12 11:31:22.192 W/System.err(28987): 	at android.widget.FrameLayout.onLayout(FrameLayout.java:270)
06-12 11:31:22.192 W/System.err(28987): 	at com.android.internal.policy.DecorView.onLayout(DecorView.java:784)
06-12 11:31:22.192 W/System.err(28987): 	at android.view.View.layout(View.java:22844)
06-12 11:31:22.192 W/System.err(28987): 	at android.view.ViewGroup.layout(ViewGroup.java:6389)
06-12 11:31:22.192 W/System.err(28987): 	at android.view.ViewRootImpl.performLayout(ViewRootImpl.java:3475)
06-12 11:31:22.192 W/System.err(28987): 	at android.view.ViewRootImpl.performTraversals(ViewRootImpl.java:2943)
06-12 11:31:22.192 W/System.err(28987): 	at android.view.ViewRootImpl.doTraversal(ViewRootImpl.java:1948)
06-12 11:31:22.192 W/System.err(28987): 	at android.view.ViewRootImpl$TraversalRunnable.run(ViewRootImpl.java:8177)
06-12 11:31:22.192 W/System.err(28987): 	at android.view.Choreographer$CallbackRecord.run(Choreographer.java:972)
06-12 11:31:22.192 W/System.err(28987): 	at android.view.Choreographer.doCallbacks(Choreographer.java:796)
06-12 11:31:22.192 W/System.err(28987): 	at android.view.Choreographer.doFrame(Choreographer.java:731)
06-12 11:31:22.192 W/System.err(28987): 	at android.view.Choreographer$FrameDisplayEventReceiver.run(Choreographer.java:957)
06-12 11:31:22.192 W/System.err(28987): 	at android.os.Handler.handleCallback(Handler.java:938)
06-12 11:31:22.192 W/System.err(28987): 	at android.os.Handler.dispatchMessage(Handler.java:99)
06-12 11:31:22.192 W/System.err(28987): 	at android.os.Looper.loop(Looper.java:223)
06-12 11:31:22.192 W/System.err(28987): 	at android.app.ActivityThread.main(ActivityThread.java:7664)
06-12 11:31:22.192 W/System.err(28987): 	at java.lang.reflect.Method.invoke(Native Method)
06-12 11:31:22.192 W/System.err(28987): 	at com.android.internal.os.RuntimeInit$MethodAndArgsCaller.run(RuntimeInit.java:592)
06-12 11:31:22.193 W/System.err(28987): 	at com.android.internal.os.ZygoteInit.main(ZygoteInit.java:952)
06-12 11:31:22.198 W/View    (28987): requestLayout() improperly called by com.hotstar.feature.login.profile.customview.CircleImageView{cd62e90 VFED..C.. ..S...ID 14,14-178,178 #7f0b02d8 app:id/iv_profile} during layout: running second layout pass
06-12 11:31:22.199 W/View    (28987): requestLayout() improperly called by com.hotstar.core.commonui.molecules.HSTextView{79d383e V.ED..... ..S...ID 40,216-153,268 #7f0b04c0 app:id/profile_name} during layout: running second layout pass
06-12 11:31:22.199 W/View    (28987): requestLayout() improperly called by androidx.constraintlayout.widget.ConstraintLayout{8edc0f9 V.E...... ..S...ID 0,0-192,192 #7f0b02da app:id/iv_profile_view} during layout: running second layout pass
06-12 11:31:22.256 D/stbdpc  (  403): STB_DPGetNumPaths[570]: num_paths: 1
06-12 11:31:22.272 I/appium  (28915): channel read: POST /session/f2f440cd-ba45-4555-a5eb-746708f54891/element
06-12 11:31:22.273 I/appium  (28915): FindElement command
06-12 11:31:22.276 I/appium  (28915): method: 'xpath', selector: '//android.widget.ImageView[@resource-id='in.startv.hotstar:id/iv_profile']'
06-12 11:31:22.277 I/appium  (28915): Waiting up to 10000ms for the device to idle
06-12 11:31:22.327 I/JioBackgroundSchedulerService( 2826): Check schedule  
06-12 11:31:22.356 D/stbdpc  (  403): STB_DPGetNumPaths[570]: num_paths: 1
06-12 11:31:22.456 D/stbdpc  (  403): STB_DPGetNumPaths[570]: num_paths: 1
06-12 11:31:22.482 D/dvb_iptv(  403): ReadEmmNetworkTask[1537]: EMM Select Timeout Occured 14
06-12 11:31:22.551 D/BufferPoolAccessor2.0(28987): bufferpool2 0xe71ba418 : 0(0 size) total buffers - 0(0 size) used buffers - 0/5 (recycle/alloc) - 4/216 (fetch/transfer)
06-12 11:31:22.551 D/BufferPoolAccessor2.0(28987): evictor expired: 1, evicted: 1
06-12 11:31:22.554 D/BufferPoolAccessor2.0(  476): bufferpool2 0xf00c9098 : 0(0 size) total buffers - 0(0 size) used buffers - 104/109 (recycle/alloc) - 5/109 (fetch/transfer)
06-12 11:31:22.554 D/BufferPoolAccessor2.0(  476): evictor expired: 1, evicted: 1
06-12 11:31:22.556 D/stbdpc  (  403): STB_DPGetNumPaths[570]: num_paths: 1
06-12 11:31:22.857 I/chatty  (  403): uid=0(root) DK-SiCntrl identical 3 lines
06-12 11:31:22.957 D/stbdpc  (  403): STB_DPGetNumPaths[570]: num_paths: 1
06-12 11:31:22.959 D/JioStbInactivityTimer(  928): Timer: count 230 warningTimeout:10680 timeout:10800
06-12 11:31:22.959 D/JioStbInactivityTimer(  928): isUserActive: Curr:5040547 Prev:5040547
06-12 11:31:22.982 D/dvb_iptv(  403): ReadEmmNetworkTask[1537]: EMM Select Timeout Occured 15
06-12 11:31:23.020 D/rtk_heartbeat(  351): heartbeat_timed_out: heartbeatCmdCount = 5251, expected nextSeqNum = 5251
06-12 11:31:23.021 D/rtk_heartbeat(  351): rtkbt_heartbeat_cmpl_cback: Current SeqNum = 5251,should SeqNum=5251, status = 0
06-12 11:31:23.057 D/stbdpc  (  403): STB_DPGetNumPaths[570]: num_paths: 1
06-12 11:31:23.157 D/stbdpc  (  403): STB_DPGetNumPaths[570]: num_paths: 1
06-12 11:31:23.170 D/ProfileInstaller(28987): Skipping profile installation for in.startv.hotstar
06-12 11:31:23.208 E/WifiVendorHal(  628): getWifiLinkLayerStats_1_3_Internal(l.973) failed {.code = ERROR_UNKNOWN, .description = unknown error}
06-12 11:31:23.257 D/stbdpc  (  403): STB_DPGetNumPaths[570]: num_paths: 1
06-12 11:31:23.358 I/chatty  (  403): uid=0(root) DK-SiCntrl identical 1 line
06-12 11:31:23.458 D/stbdpc  (  403): STB_DPGetNumPaths[570]: num_paths: 1
06-12 11:31:23.482 D/dvb_iptv(  403): ReadEmmNetworkTask[1537]: EMM Select Timeout Occured 16
06-12 11:31:23.558 D/stbdpc  (  403): STB_DPGetNumPaths[570]: num_paths: 1
06-12 11:31:23.590 D/ltts_ip_emm(  403): LTTS_IP_DMXStartEMM[381]: parse_emm_cat_status failed
06-12 11:31:23.658 D/stbdpc  (  403): STB_DPGetNumPaths[570]: num_paths: 1
06-12 11:31:23.758 I/chatty  (  403): uid=0(root) DK-SiCntrl identical 1 line
06-12 11:31:23.859 D/stbdpc  (  403): STB_DPGetNumPaths[570]: num_paths: 1
06-12 11:31:23.882 I/.startv.hotsta(28987): oneway function results will be dropped but finished with status OK and parcel size 4
06-12 11:31:23.885 I/e.swalekh.abct( 1345): oneway function results will be dropped but finished with status OK and parcel size 4
06-12 11:31:23.891 D/JioSTBMRServer-SERVICE( 3360): InetSocketAddress(InetAddress.getByName(inetAddress.hostAddress)-/192.168.1.255
06-12 11:31:23.892 D/JioSTBMRServer-SERVICE( 3360): #beacon:RKISBFJ60000097:0:false:0:1:SV=181024 , 192.168.1.255
06-12 11:31:23.895 D/JioSTBMRServer-SERVICE( 3360): InetSocketAddress(InetAddress.getByName(inetAddress.hostAddress)-/192.168.1.255
06-12 11:31:23.895 D/JioSTBMRServer-SERVICE( 3360): #broadcast IP:192.168.1.255
06-12 11:31:23.959 D/stbdpc  (  403): STB_DPGetNumPaths[570]: num_paths: 1
06-12 11:31:23.960 D/JioStbInactivityTimer(  928): Timer: count 231 warningTimeout:10680 timeout:10800
06-12 11:31:23.961 D/JioStbInactivityTimer(  928): isUserActive: Curr:5040547 Prev:5040547
06-12 11:31:23.982 D/dvb_iptv(  403): ReadEmmNetworkTask[1537]: EMM Select Timeout Occured 17
06-12 11:31:24.020 D/rtk_heartbeat(  351): heartbeat_timed_out: heartbeatCmdCount = 5252, expected nextSeqNum = 5252
06-12 11:31:24.022 D/rtk_heartbeat(  351): rtkbt_heartbeat_cmpl_cback: Current SeqNum = 5252,should SeqNum=5252, status = 0
06-12 11:31:24.059 D/stbdpc  (  403): STB_DPGetNumPaths[570]: num_paths: 1
06-12 11:31:24.122 I/ThermalService(  975): CPU temperatures: [61.000004]
06-12 11:31:24.127 I/appium  (28915): The following attributes will be included to the page source: [resource-id]
06-12 11:31:24.159 D/stbdpc  (  403): STB_DPGetNumPaths[570]: num_paths: 1
06-12 11:31:24.259 D/stbdpc  (  403): STB_DPGetNumPaths[570]: num_paths: 1
06-12 11:31:24.274 D/memtrack_aml(  367): sysfs path
06-12 11:31:24.301 I/appium  (28915): Took 1ms to retrieve 1 matches for '//android.widget.ImageView[@resource-id='in.startv.hotstar:id/iv_profile']' XPath2 query
06-12 11:31:24.308 W/tomator2.serve(28915): Accessing hidden method Landroid/view/MotionEvent;->setDisplayId(I)V (blacklist,test-api, reflection, allowed)
06-12 11:31:24.319 W/tomator2.serve(28915): Accessing hidden field Landroid/view/accessibility/AccessibilityNodeInfo;->mSourceNodeId:J (greylist, reflection, allowed)
06-12 11:31:24.328 I/appium  (28915): AppiumResponse: {"sessionId":"f2f440cd-ba45-4555-a5eb-746708f54891","value":{"ELEMENT":"00000000-0000-0026-ffff-ffff00000072","element-6066-11e4-a52e-4f735466cecf":"00000000-0000-0026-ffff-ffff00000072"}}
06-12 11:31:24.353 I/appium  (28915): channel read: GET /session/f2f440cd-ba45-4555-a5eb-746708f54891/element/00000000-0000-0026-ffff-ffff00000072/attribute/displayed
06-12 11:31:24.355 I/appium  (28915): GetElementAttribute command
06-12 11:31:24.360 D/stbdpc  (  403): STB_DPGetNumPaths[570]: num_paths: 1
06-12 11:31:24.365 I/appium  (28915): AppiumResponse: {"sessionId":"f2f440cd-ba45-4555-a5eb-746708f54891","value":"true"}
06-12 11:31:24.383 I/appium  (28915): channel read: POST /session/f2f440cd-ba45-4555-a5eb-746708f54891/element/00000000-0000-0026-ffff-ffff00000072/click
06-12 11:31:24.384 I/appium  (28915): Click command
06-12 11:31:24.397 D/sub_mixing_factory(  350): [out_standby_subMixingPCM:1324] out_stream(0xeaf5e000) usecase: PCM_NORMAL
06-12 11:31:24.397 I/sub_mixing_factory(  350): [usecase_change_validate_l_sm:1170] cur dev masks:0x1, delete out usecase:PCM_NORMAL
06-12 11:31:24.397 I/sub_mixing_factory(  350): [usecase_change_validate_l_sm:1180] standby unmask usecase PCM_NORMAL
06-12 11:31:24.397 I/amlAudioMixer(  350): [delete_mixer_input_port:197] input port ID:0, type:PCM_SYSTEM, cur mask:0x1
06-12 11:31:24.398 I/system_server(  628): oneway function results will be dropped but finished with status OK and parcel size 4
06-12 11:31:24.414 D/InputDispatcher(  628): injectInputEvent - eventType=2, injectorPid=28895, injectorUid=0, syncMode=0, timeout=30000, policyFlags=0x08000000
06-12 11:31:24.414 D/InputDispatcher(  628): injectInputEvent - Finished with result 0. injectorPid=28895, injectorUid=0
06-12 11:31:24.415 D/InputDispatcher(  628): Setting input event injection result to 0.  injectorPid=28895, injectorUid=0
06-12 11:31:24.415 V/InputDispatcher(  628): Asynchronous input event injection succeeded.
06-12 11:31:24.415 I/android.hardware.power-service.libperfmgr(  371): Power setBoost: INTERACTION duration: 0
06-12 11:31:24.415 I/libperfmgr(  371): Do Powerhint: INTERACTION
06-12 11:31:24.416 I/android.hardware.power-service.libperfmgr(  371): Power setBoost: INTERACTION duration: 0
06-12 11:31:24.416 I/libperfmgr(  371): Do Powerhint: INTERACTION
06-12 11:31:24.424 D/InputDispatcher(  628): injectInputEvent - eventType=2, injectorPid=28895, injectorUid=0, syncMode=0, timeout=30000, policyFlags=0x08000000
06-12 11:31:24.425 D/InputDispatcher(  628): injectInputEvent - Finished with result 0. injectorPid=28895, injectorUid=0
06-12 11:31:24.425 D/InputDispatcher(  628): Setting input event injection result to 0.  injectorPid=28895, injectorUid=0
06-12 11:31:24.425 V/InputDispatcher(  628): Asynchronous input event injection succeeded.
06-12 11:31:24.434 D/JioLauncher( 1779): overlay status check for wifi and bt remote false false
06-12 11:31:24.436 D/Match code1( 1446): 2
06-12 11:31:24.436 D/JIO_TR069-( 1446): Predefined List [com.jio.stb.catv, com.rjil.jiostbsetting, com.iwedia.ui.rjio.launcher.reliance, com.jio.stb.hotellauncher, com.jio.media.oberoi, com.jio.ott]
06-12 11:31:24.439 D/JIO_TR069-( 1446): Caller Package com.iwedia.ui.rjio.launcher.reliance
06-12 11:31:24.439 D/JIO_TR069-( 1446): White Listed Apps []
06-12 11:31:24.439 D/JIO_TR069-( 1446): Final White Listed Apps [com.jio.stb.catv, com.rjil.jiostbsetting, com.iwedia.ui.rjio.launcher.reliance, com.jio.stb.hotellauncher, com.jio.media.oberoi, com.jio.ott, ]
06-12 11:31:24.440 W/GestureController(28915): Gestures took longer than expected (45ms >> 16ms), device might be in a busy state.
06-12 11:31:24.441 I/appium  (28915): Waiting up to 10000ms for the device to idle
06-12 11:31:24.443 D/JioLauncher( 1779): network-type-------NonJioNetwork
06-12 11:31:24.447 D/JioLauncher( 1779): live-tv-previousIp-[/fe80::1%wlan0, /192.168.1.1]-newHost-[/fe80::1%wlan0, /192.168.1.1]
06-12 11:31:24.460 D/stbdpc  (  403): STB_DPGetNumPaths[570]: num_paths: 1
06-12 11:31:24.483 D/dvb_iptv(  403): ReadEmmNetworkTask[1537]: EMM Select Timeout Occured 18
06-12 11:31:24.560 D/stbdpc  (  403): STB_DPGetNumPaths[570]: num_paths: 1
06-12 11:31:24.760 I/chatty  (  403): uid=0(root) DK-SiCntrl identical 2 lines
06-12 11:31:24.860 D/stbdpc  (  403): STB_DPGetNumPaths[570]: num_paths: 1
06-12 11:31:24.929 I/appium  (28915): AppiumResponse: {"sessionId":"f2f440cd-ba45-4555-a5eb-746708f54891","value":null}
06-12 11:31:24.955 I/appium  (28915): channel read: POST /session/f2f440cd-ba45-4555-a5eb-746708f54891/appium/device/press_keycode
06-12 11:31:24.956 I/appium  (28915): PressKeyCode command
06-12 11:31:24.956 I/appium  (28915): Calling PressKeyCode... 
06-12 11:31:24.960 D/JioStbInactivityTimer(  928): Timer: count 232 warningTimeout:10680 timeout:10800
06-12 11:31:24.960 D/JioStbInactivityTimer(  928): isUserActive: Curr:5040547 Prev:5040547
06-12 11:31:24.961 D/stbdpc  (  403): STB_DPGetNumPaths[570]: num_paths: 1
06-12 11:31:24.963 D/UiDevice(28915): Pressing keycodes [66] with modifier 0.
06-12 11:31:24.973 W/[ 5274.562218@0]  RTW(    0): fill_default_txdesc(wlan0): SP Packet(0x0806) rate=0x4 SeqNum = 1062
06-12 11:31:24.982 D/InputDispatcher(  628): injectInputEvent - eventType=1, injectorPid=28895, injectorUid=0, syncMode=2, timeout=30000, policyFlags=0x08000000
06-12 11:31:24.982 D/WindowManager(  628): interceptKeyTq keycode=66 interactive=true keyguardActive=false policyFlags=2b000000
06-12 11:31:24.982 D/WindowManager(  628): CloudPC is in NOT in foreground
06-12 11:31:24.983 D/WindowManager(  628): isKeyNeedsToPassToJioCloudPC :: NO
06-12 11:31:24.983 D/dvb_iptv(  403): ReadEmmNetworkTask[1537]: EMM Select Timeout Occured 19
06-12 11:31:24.983 I/android.hardware.power-service.libperfmgr(  371): Power setBoost: INTERACTION duration: 0
06-12 11:31:24.983 I/libperfmgr(  371): Do Powerhint: INTERACTION
06-12 11:31:24.983 I/android.hardware.power-service.libperfmgr(  371): Power setBoost: INTERACTION duration: 0
06-12 11:31:24.984 I/libperfmgr(  371): Do Powerhint: INTERACTION
06-12 11:31:24.984 D/WindowManager(  628): interceptKeyTi keyCode=66 down=true repeatCount=0 keyguardOn=false canceled=false
06-12 11:31:24.984 D/WindowManager(  628): CloudPC is in NOT in foreground
06-12 11:31:24.985 D/WindowManager(  628): isKeyNeedsToPassToJioCloudPC :: NO
06-12 11:31:24.985 D/GlobalKeyManager(  628): KeyEvent { action=ACTION_DOWN, keyCode=KEYCODE_ENTER, scanCode=0, metaState=0, flags=0x0, repeatCount=0, eventTime=5274553, downTime=5274553, deviceId=-1, source=0x101, displayId=-1 }
06-12 11:31:24.986 D/InputDispatcher(  628): Setting input event injection result to 0.  injectorPid=28895, injectorUid=0
06-12 11:31:24.986 D/InputDispatcher(  628): injectInputEvent - Waiting for 1 pending foreground dispatches.
06-12 11:31:24.989 D/InputDispatcher(  628): injectInputEvent - Finished with result 0. injectorPid=28895, injectorUid=0
06-12 11:31:24.991 D/InputDispatcher(  628): injectInputEvent - eventType=1, injectorPid=28895, injectorUid=0, syncMode=2, timeout=30000, policyFlags=0x08000000
06-12 11:31:24.991 D/WindowManager(  628): interceptKeyTq keycode=66 interactive=true keyguardActive=false policyFlags=2b000000
06-12 11:31:24.992 D/WindowManager(  628): CloudPC is in NOT in foreground
06-12 11:31:24.992 D/WindowManager(  628): isKeyNeedsToPassToJioCloudPC :: NO
06-12 11:31:24.992 D/WindowManager(  628): interceptKeyTi keyCode=66 down=false repeatCount=0 keyguardOn=false canceled=false
06-12 11:31:24.992 D/WindowManager(  628): CloudPC is in NOT in foreground
06-12 11:31:24.992 D/WindowManager(  628): isKeyNeedsToPassToJioCloudPC :: NO
06-12 11:31:24.992 D/GlobalKeyManager(  628): KeyEvent { action=ACTION_UP, keyCode=KEYCODE_ENTER, scanCode=0, metaState=0, flags=0x0, repeatCount=0, eventTime=5274553, downTime=5274553, deviceId=-1, source=0x101, displayId=-1 }
06-12 11:31:24.992 D/InputDispatcher(  628): Setting input event injection result to 0.  injectorPid=28895, injectorUid=0
06-12 11:31:24.992 D/InputDispatcher(  628): injectInputEvent - Waiting for 1 pending foreground dispatches.
06-12 11:31:24.999 I/system_server(  628): oneway function results will be dropped but finished with status OK and parcel size 4
06-12 11:31:24.999 I/system_server(  628): oneway function results will be dropped but finished with status OK and parcel size 4
06-12 11:31:25.001 I/sub_mixing_factory(  350): [usecase_change_validate_l_sm:1209] ++++continuous:0 dev masks:0, out masks:0, out usecase PCM_NORMAL
06-12 11:31:25.001 I/sub_mixing_factory(  350): [usecase_change_validate_l_sm:1216] add usecase PCM_NORMAL, cnt 1
06-12 11:31:25.001 D/sub_mixing_factory(  350): [usecase_change_validate_l_sm:1228] cur dev masks:0, add out usecase:PCM_NORMAL
06-12 11:31:25.002 I/sub_mixing_factory(  350): [usecase_change_validate_l_sm:1259] ----continuous:0 dev masks:0x1, out masks:0x1, out usecase PCM_NORMAL
06-12 11:31:25.002 D/aml_audio_port(  350): [new_input_port:260] buf_frames:384,frame_size:4 ==> thunk_size:1536
06-12 11:31:25.002 I/aml_audio_port(  350): [get_input_port_type:109] samplerate:48000, flags:0x2, channel_cnt:2
06-12 11:31:25.002 D/aml_audio_port(  350): [new_input_port:286] inport:PCM_SYSTEM, buf:6144, direct:0, format:0x1, rate:48000, ch:2
06-12 11:31:25.002 I/amlAudioMixer(  350): [init_mixer_input_port:175] input port:PCM_SYSTEM, size 384 frames, frame_write_sum:68458496
06-12 11:31:25.002 I/aml_audio_port(  350): [get_input_port_type:109] samplerate:48000, flags:0x2, channel_cnt:2
06-12 11:31:25.002 I/sub_mixing_factory(  350): [mixer_aux_buffer_write_sm:1066] stream 0xeaf5e000 input port:PCM_SYSTEM
06-12 11:31:25.002 I/sub_mixing_factory(  350): [mixer_aux_buffer_write_sm:1076] padding_bytes 12288
06-12 11:31:25.002 I/amlAudioMixer(  350): [mixer_write_inport:260] input port:PCM_SYSTEM is active now
06-12 11:31:25.002 I/sub_mixing_factory(  350): [mixer_aux_buffer_write_sm:1076] padding_bytes 10752
06-12 11:31:25.002 I/sub_mixing_factory(  350): [mixer_aux_buffer_write_sm:1076] padding_bytes 9216
06-12 11:31:25.002 I/sub_mixing_factory(  350): [mixer_aux_buffer_write_sm:1076] padding_bytes 7680
06-12 11:31:25.002 I/amlAudioMixer(  350): [mixer_inports_read:704] input port:PCM_SYSTEM first start, portId:0, avail:4608
06-12 11:31:25.002 I/sub_mixing_factory(  350): [mixer_aux_buffer_write_sm:1076] padding_bytes 6144
06-12 11:31:25.002 I/sub_mixing_factory(  350): [mixer_aux_buffer_write_sm:1076] padding_bytes 4608
06-12 11:31:25.002 I/system_server(  628): oneway function results will be dropped but finished with status OK and parcel size 4
06-12 11:31:25.010 I/sub_mixing_factory(  350): [mixer_aux_buffer_write_sm:1076] padding_bytes 3072
06-12 11:31:25.014 D/InputDispatcher(  628): injectInputEvent - Finished with result 0. injectorPid=28895, injectorUid=0
06-12 11:31:25.018 I/sub_mixing_factory(  350): [mixer_aux_buffer_write_sm:1076] padding_bytes 1536
06-12 11:31:25.021 D/rtk_heartbeat(  351): heartbeat_timed_out: heartbeatCmdCount = 5253, expected nextSeqNum = 5253
06-12 11:31:25.022 D/rtk_heartbeat(  351): rtkbt_heartbeat_cmpl_cback: Current SeqNum = 5253,should SeqNum=5253, status = 0
06-12 11:31:25.036 I/appium  (28915): AppiumResponse: {"sessionId":"f2f440cd-ba45-4555-a5eb-746708f54891","value":null}
06-12 11:31:25.061 D/stbdpc  (  403): STB_DPGetNumPaths[570]: num_paths: 1
06-12 11:31:25.246 F/linker  (29137): CANNOT LINK EXECUTABLE "/system/bin/smartcable/smartCableSTBApp": library "libmosquitto.so" not found: needed by main executable
06-12 11:31:25.161 I/chatty  (  403): uid=0(root) DK-SiCntrl identical 1 line
06-12 11:31:25.261 D/stbdpc  (  403): STB_DPGetNumPaths[570]: num_paths: 1
06-12 11:31:25.305 W/APM::AudioPolicyEngine(  391): getDevicesForStrategy() unknown strategy: -1
06-12 11:31:25.305 I/system_server(  628): oneway function results will be dropped but finished with status OK and parcel size 4
06-12 11:31:25.361 D/stbdpc  (  403): STB_DPGetNumPaths[570]: num_paths: 1
06-12 11:31:25.462 D/stbdpc  (  403): STB_DPGetNumPaths[570]: num_paths: 1
06-12 11:31:25.483 D/dvb_iptv(  403): ReadEmmNetworkTask[1537]: EMM Select Timeout Occured 20
06-12 11:31:25.562 D/stbdpc  (  403): STB_DPGetNumPaths[570]: num_paths: 1
06-12 11:31:25.590 D/ltts_ip_emm(  403): LTTS_IP_DMXStartEMM[381]: parse_emm_cat_status failed
06-12 11:31:25.662 D/stbdpc  (  403): STB_DPGetNumPaths[570]: num_paths: 1
06-12 11:31:25.762 I/chatty  (  403): uid=0(root) DK-SiCntrl identical 1 line
06-12 11:31:25.862 D/stbdpc  (  403): STB_DPGetNumPaths[570]: num_paths: 1
06-12 11:31:25.960 D/JioStbInactivityTimer(  928): Timer: count 233 warningTimeout:10680 timeout:10800
06-12 11:31:25.960 D/JioStbInactivityTimer(  928): isUserActive: Curr:5040547 Prev:5040547
06-12 11:31:25.962 D/stbdpc  (  403): STB_DPGetNumPaths[570]: num_paths: 1
06-12 11:31:25.983 D/dvb_iptv(  403): ReadEmmNetworkTask[1537]: EMM Select Timeout Occured 21
06-12 11:31:26.021 D/rtk_heartbeat(  351): heartbeat_timed_out: heartbeatCmdCount = 5254, expected nextSeqNum = 5254
06-12 11:31:26.022 D/rtk_heartbeat(  351): rtkbt_heartbeat_cmpl_cback: Current SeqNum = 5254,should SeqNum=5254, status = 0
06-12 11:31:26.063 D/stbdpc  (  403): STB_DPGetNumPaths[570]: num_paths: 1
06-12 11:31:26.138 I/ThermalService(  975): CPU temperatures: [65.100006]
06-12 11:31:26.163 D/stbdpc  (  403): STB_DPGetNumPaths[570]: num_paths: 1
06-12 11:31:26.215 E/WifiVendorHal(  628): getWifiLinkLayerStats_1_3_Internal(l.973) failed {.code = ERROR_UNKNOWN, .description = unknown error}
06-12 11:31:26.226 I/.startv.hotsta(28987): oneway function results will be dropped but finished with status OK and parcel size 4
06-12 11:31:26.243 I/e.swalekh.abct( 1345): oneway function results will be dropped but finished with status OK and parcel size 4
06-12 11:31:26.263 D/stbdpc  (  403): STB_DPGetNumPaths[570]: num_paths: 1
06-12 11:31:26.267 D/JioSTBMRServer-SERVICE( 3360): InetSocketAddress(InetAddress.getByName(inetAddress.hostAddress)-/192.168.1.255
06-12 11:31:26.267 D/JioSTBMRServer-SERVICE( 3360): #beacon:RKISBFJ60000097:0:false:0:1:SV=181024 , 192.168.1.255
06-12 11:31:26.283 V/DigitalSignage(  628): Package Name: null
06-12 11:31:26.283 V/DigitalSignage(  628): Left: 0
06-12 11:31:26.283 V/DigitalSignage(  628): Right: 0
06-12 11:31:26.283 V/DigitalSignage(  628): Top: 0
06-12 11:31:26.283 V/DigitalSignage(  628): Bottom: 0
06-12 11:31:26.283 D/DigitalSignage(  628): else - Package Name :: null left : 0 right :: 0 top :: 0 bottom :: 0 dfu-right :: 1920 dfu-bottom :: 1080
06-12 11:31:26.286 D/JioSTBMRServer-SERVICE( 3360): InetSocketAddress(InetAddress.getByName(inetAddress.hostAddress)-/192.168.1.255
06-12 11:31:26.286 D/JioSTBMRServer-SERVICE( 3360): #broadcast IP:192.168.1.255
06-12 11:31:26.303 D/MulticastUtils( 1779): Timeout 5000ms IOException:Poll timed out
06-12 11:31:26.307 D/JioLauncher( 1779): connected-network-status  1 status true time 0 lPreviousIp [/fe80::1%wlan0, /192.168.1.1] isLiveOnTop() false isOneTimeVisisbleStatus false-remoteConnectedTime-0
06-12 11:31:26.308 V/DigitalSignage(  628): Package Name: null
06-12 11:31:26.308 V/DigitalSignage(  628): Left: 0
06-12 11:31:26.308 V/DigitalSignage(  628): Right: 0
06-12 11:31:26.308 V/DigitalSignage(  628): Top: 0
06-12 11:31:26.308 V/DigitalSignage(  628): Bottom: 0
06-12 11:31:26.308 D/DigitalSignage(  628): else - Package Name :: null left : 0 right :: 0 top :: 0 bottom :: 0 dfu-right :: 1920 dfu-bottom :: 1080
06-12 11:31:26.363 D/stbdpc  (  403): STB_DPGetNumPaths[570]: num_paths: 1
06-12 11:31:26.463 D/stbdpc  (  403): STB_DPGetNumPaths[570]: num_paths: 1
06-12 11:31:26.483 D/dvb_iptv(  403): ReadEmmNetworkTask[1537]: EMM Select Timeout Occured 22
06-12 11:31:26.541 I/.startv.hotsta(28987): NativeAlloc concurrent copying GC freed 276487(13MB) AllocSpace objects, 59(1576KB) LOS objects, 49% free, 15MB/31MB, paused 116us total 292.788ms
06-12 11:31:26.564 D/stbdpc  (  403): STB_DPGetNumPaths[570]: num_paths: 1
06-12 11:31:26.664 D/stbdpc  (  403): STB_DPGetNumPaths[570]: num_paths: 1
06-12 11:31:26.703 D/JioAppOptimizer( 1718): AppOptimizerService :: handleMessage()
06-12 11:31:26.706 D/JioAppOptimizer( 1718): AppOptimizerService :: handleMessage() : Foreground Package=in.startv.hotstar
06-12 11:31:26.706 D/JioAppOptimizer( 1718): AppOptimizerService :: handleMessage() : Free memory available in MB : 703.703125
06-12 11:31:26.706 D/JioAppOptimizer( 1718): AppOptimizerService :: handleMessage() : checkAndRemoveBackgroundApps()
06-12 11:31:26.706 D/JioAppOptimizer( 1718): AppOptimizerService :: checkAndRemoveBackgroundApps()
06-12 11:31:26.764 D/stbdpc  (  403): STB_DPGetNumPaths[570]: num_paths: 1
06-12 11:31:26.864 D/stbdpc  (  403): STB_DPGetNumPaths[570]: num_paths: 1
06-12 11:31:26.960 D/JioStbInactivityTimer(  928): Timer: count 234 warningTimeout:10680 timeout:10800
06-12 11:31:26.961 D/JioStbInactivityTimer(  928): isUserActive: Curr:5040547 Prev:5040547
06-12 11:31:26.964 D/stbdpc  (  403): STB_DPGetNumPaths[570]: num_paths: 1
06-12 11:31:26.983 D/dvb_iptv(  403): ReadEmmNetworkTask[1537]: EMM Select Timeout Occured 23
06-12 11:31:27.021 D/rtk_heartbeat(  351): heartbeat_timed_out: heartbeatCmdCount = 5255, expected nextSeqNum = 5255
06-12 11:31:27.022 D/rtk_heartbeat(  351): rtkbt_heartbeat_cmpl_cback: Current SeqNum = 5255,should SeqNum=5255, status = 0
06-12 11:31:27.065 D/stbdpc  (  403): STB_DPGetNumPaths[570]: num_paths: 1
06-12 11:31:27.070 I/appium  (28915): channel read: POST /session/f2f440cd-ba45-4555-a5eb-746708f54891/element
06-12 11:31:27.072 I/appium  (28915): FindElement command
06-12 11:31:27.075 I/appium  (28915): method: 'xpath', selector: '//android.widget.TextView[@resource-id='in.startv.hotstar:id/title']'
06-12 11:31:27.076 I/appium  (28915): Waiting up to 10000ms for the device to idle
06-12 11:31:27.165 D/stbdpc  (  403): STB_DPGetNumPaths[570]: num_paths: 1
06-12 11:31:27.265 I/chatty  (  403): uid=0(root) DK-SiCntrl identical 1 line
06-12 11:31:27.365 D/stbdpc  (  403): STB_DPGetNumPaths[570]: num_paths: 1
06-12 11:31:27.454 I/appium  (28915): The following attributes will be included to the page source: [resource-id]
06-12 11:31:27.465 D/stbdpc  (  403): STB_DPGetNumPaths[570]: num_paths: 1
06-12 11:31:27.484 D/dvb_iptv(  403): ReadEmmNetworkTask[1537]: EMM Select Timeout Occured 24
06-12 11:31:27.565 D/stbdpc  (  403): STB_DPGetNumPaths[570]: num_paths: 1
06-12 11:31:27.590 D/ltts_ip_emm(  403): LTTS_IP_DMXStartEMM[381]: parse_emm_cat_status failed
06-12 11:31:27.621 D/DefaultRenderersFactory(28987): Building video renderers, extensionRendererMode 0
06-12 11:31:27.636 I/ExoPlayerImpl(28987): Init 41b7157 [ExoPlayerLib/2.16.1] [MSTB, JMSB200A, Jio, 30]
06-12 11:31:27.662 I/MediaFocusControl(  628): requestAudioFocus() from uid/pid 10072/28987 clientId=android.media.AudioManager@cf8ceaeg2.b$a@d7d344f callingPack=in.startv.hotstar req=1 flags=0x0 sdk=34
06-12 11:31:27.663 I/MediaFocusControl(  628): notifyAudioFocusGain. in.startv.hotstar
06-12 11:31:27.664 D/CustomBootReceiver( 1856): onReceive, Receive broadcast message, com.jio.stb.AUDIO_FOCUS_GAIN
06-12 11:31:27.664 D/CustomBootReceiver( 1856): Recvd broadcast; Audio Focus change from package : in.startv.hotstar
06-12 11:31:27.664 D/AppOptimizerAudioFocusReceiver( 1718): onReceive, Receive broadcast message, com.jio.stb.AUDIO_FOCUS_GAIN
06-12 11:31:27.664 D/AppOptimizerAudioFocusReceiver( 1718): Recvd broadcast; Current Audio Focus=in.startv.hotstar
06-12 11:31:27.664 D/AppOptimizerAudioFocusReceiver( 1718): calling removeApp method
06-12 11:31:27.666 D/stbdpc  (  403): STB_DPGetNumPaths[570]: num_paths: 1
06-12 11:31:27.668 I/DrmUtils(28987): found android.hardware.drm@1.0::IDrmFactory clearkey
06-12 11:31:27.669 I/DrmUtils(28987): found android.hardware.drm@1.0::IDrmFactory verimatrix
06-12 11:31:27.670 I/DrmUtils(28987): found android.hardware.drm@1.0::IDrmFactory widevine
06-12 11:31:27.672 I/DrmUtils(28987): found android.hardware.drm@1.0::IDrmFactory youtube
06-12 11:31:27.675 I/DrmUtils(28987): found android.hardware.drm@1.1::IDrmFactory clearkey
06-12 11:31:27.677 I/DrmUtils(28987): found android.hardware.drm@1.1::IDrmFactory verimatrix
06-12 11:31:27.678 I/DrmUtils(28987): found android.hardware.drm@1.1::IDrmFactory widevine
06-12 11:31:27.679 I/DrmUtils(28987): found android.hardware.drm@1.1::IDrmFactory youtube
06-12 11:31:27.682 I/DrmUtils(28987): found android.hardware.drm@1.2::IDrmFactory clearkey
06-12 11:31:27.683 I/DrmUtils(28987): found android.hardware.drm@1.2::IDrmFactory verimatrix
06-12 11:31:27.684 I/DrmUtils(28987): found android.hardware.drm@1.2::IDrmFactory widevine
06-12 11:31:27.685 I/DrmUtils(28987): found android.hardware.drm@1.2::IDrmFactory youtube
06-12 11:31:27.688 I/DrmUtils(28987): found android.hardware.drm@1.3::IDrmFactory clearkey
06-12 11:31:27.689 I/DrmUtils(28987): found android.hardware.drm@1.3::IDrmFactory verimatrix
06-12 11:31:27.690 I/DrmUtils(28987): found android.hardware.drm@1.3::IDrmFactory widevine
06-12 11:31:27.692 I/DrmUtils(28987): found android.hardware.drm@1.3::IDrmFactory youtube
06-12 11:31:27.692 W/android.hardware.drm@1.3-service.youtube(  361): isCryptoSchemeSupported, false
06-12 11:31:27.692 I/WVCdm   (  360): [app][in.startv.hotstar] calling virtual Return<void> wvdrm::hardware::drm::V1_3::widevine::WVDrmFactory::createPlugin(const hidl_array<uint8_t, 16> &, const android::hardware::hidl_string &, android::hardware::drm::V1_3::IDrmFactory::createPlugin_cb)
06-12 11:31:27.731 I/appium  (28915): Took 0ms to retrieve 1 matches for '//android.widget.TextView[@resource-id='in.startv.hotstar:id/title']' XPath2 query
06-12 11:31:27.738 I/appium  (28915): AppiumResponse: {"sessionId":"f2f440cd-ba45-4555-a5eb-746708f54891","value":{"ELEMENT":"00000000-0000-0026-ffff-ffff000000aa","element-6066-11e4-a52e-4f735466cecf":"00000000-0000-0026-ffff-ffff000000aa"}}
06-12 11:31:27.761 I/appium  (28915): channel read: GET /session/f2f440cd-ba45-4555-a5eb-746708f54891/element/00000000-0000-0026-ffff-ffff000000aa/attribute/displayed
06-12 11:31:27.762 I/appium  (28915): GetElementAttribute command
06-12 11:31:27.766 D/stbdpc  (  403): STB_DPGetNumPaths[570]: num_paths: 1
06-12 11:31:27.772 I/appium  (28915): AppiumResponse: {"sessionId":"f2f440cd-ba45-4555-a5eb-746708f54891","value":"true"}
06-12 11:31:27.791 I/appium  (28915): channel read: GET /session/f2f440cd-ba45-4555-a5eb-746708f54891/element/00000000-0000-0026-ffff-ffff000000aa/attribute/displayed
06-12 11:31:27.793 I/appium  (28915): GetElementAttribute command
06-12 11:31:27.801 I/appium  (28915): AppiumResponse: {"sessionId":"f2f440cd-ba45-4555-a5eb-746708f54891","value":"true"}
06-12 11:31:27.821 I/appium  (28915): channel read: POST /session/f2f440cd-ba45-4555-a5eb-746708f54891/appium/device/press_keycode
06-12 11:31:27.822 I/appium  (28915): PressKeyCode command
06-12 11:31:27.822 I/appium  (28915): Calling PressKeyCode... 
06-12 11:31:27.826 D/UiDevice(28915): Pressing keycodes [4] with modifier 0.
06-12 11:31:27.835 D/InputDispatcher(  628): injectInputEvent - eventType=1, injectorPid=28895, injectorUid=0, syncMode=2, timeout=30000, policyFlags=0x08000000
06-12 11:31:27.835 D/WindowManager(  628): interceptKeyTq keycode=4 interactive=true keyguardActive=false policyFlags=2b000000
06-12 11:31:27.835 D/WindowManager(  628): CloudPC is in NOT in foreground
06-12 11:31:27.835 D/WindowManager(  628): isKeyNeedsToPassToJioCloudPC :: NO
06-12 11:31:27.836 I/android.hardware.power-service.libperfmgr(  371): Power setBoost: INTERACTION duration: 0
06-12 11:31:27.836 I/libperfmgr(  371): Do Powerhint: INTERACTION
06-12 11:31:27.836 D/WindowManager(  628): interceptKeyTi keyCode=4 down=true repeatCount=0 keyguardOn=false canceled=false
06-12 11:31:27.836 D/WindowManager(  628): CloudPC is in NOT in foreground
06-12 11:31:27.836 I/android.hardware.power-service.libperfmgr(  371): Power setBoost: INTERACTION duration: 0
06-12 11:31:27.836 I/libperfmgr(  371): Do Powerhint: INTERACTION
06-12 11:31:27.836 D/WindowManager(  628): isKeyNeedsToPassToJioCloudPC :: NO
06-12 11:31:27.836 D/GlobalKeyManager(  628): KeyEvent { action=ACTION_DOWN, keyCode=KEYCODE_BACK, scanCode=0, metaState=0, flags=0x0, repeatCount=0, eventTime=5277416, downTime=5277416, deviceId=-1, source=0x101, displayId=-1 }
06-12 11:31:27.836 D/InputDispatcher(  628): Setting input event injection result to 0.  injectorPid=28895, injectorUid=0
06-12 11:31:27.837 D/InputDispatcher(  628): injectInputEvent - Waiting for 1 pending foreground dispatches.
06-12 11:31:27.838 D/InputDispatcher(  628): injectInputEvent - Finished with result 0. injectorPid=28895, injectorUid=0
06-12 11:31:27.844 D/InputDispatcher(  628): injectInputEvent - eventType=1, injectorPid=28895, injectorUid=0, syncMode=2, timeout=30000, policyFlags=0x08000000
06-12 11:31:27.844 D/WindowManager(  628): interceptKeyTq keycode=4 interactive=true keyguardActive=false policyFlags=2b000000
06-12 11:31:27.844 D/WindowManager(  628): CloudPC is in NOT in foreground
06-12 11:31:27.844 D/WindowManager(  628): isKeyNeedsToPassToJioCloudPC :: NO
06-12 11:31:27.844 D/AutofillManagerService(  628): onBackKeyPressed()
06-12 11:31:27.845 D/WindowManager(  628): interceptKeyTi keyCode=4 down=false repeatCount=0 keyguardOn=false canceled=false
06-12 11:31:27.845 D/WindowManager(  628): CloudPC is in NOT in foreground
06-12 11:31:27.845 D/WindowManager(  628): isKeyNeedsToPassToJioCloudPC :: NO
