06-12 23:28:46.621 F/linker  (23514): CANNOT LINK EXECUTABLE "/system/bin/smartcable/smartCableSTBApp": library "libmosquitto.so" not found: needed by main executable
06-12 23:28:47.991 W/[ 3895.108985@0]  RTW(    0): Turbo EDCA =0xa42b
06-12 23:28:49.656 W/[ 3896.773031@3]  RTW(    0): fill_default_txdesc(wlan0): SP Packet(0x0806) rate=0x4 SeqNum = 2329
06-12 23:28:51.626 F/linker  (23523): CANNOT LINK EXECUTABLE "/system/bin/smartcable/smartCableSTBApp": library "libmosquitto.so" not found: needed by main executable
06-12 23:28:52.023 W/[ 3899.140675@2]  RTW(    0): Turbo EDCA =0x5ea42b
06-12 23:28:54.723 W/[ 3901.842990@0]  RTW(    0): fill_default_txdesc(wlan0): SP Packet(0x0806) rate=0x4 SeqNum = 2376
06-12 23:28:56.633 F/linker  (23544): CANNOT LINK EXECUTABLE "/system/bin/smartcable/smartCableSTBApp": library "libmosquitto.so" not found: needed by main executable
06-12 23:28:58.071 W/[ 3905.188609@3]  RTW(    0): Turbo EDCA =0xa42b
06-12 23:28:59.783 W/[ 3906.903755@1]  RTW(    0): fill_default_txdesc(wlan0): SP Packet(0x0806) rate=0x4 SeqNum = 2436
06-12 23:29:00.087 W/[ 3907.204604@1]  RTW(    0): Turbo EDCA =0x5ea42b
06-12 23:29:01.640 F/linker  (23553): CANNOT LINK EXECUTABLE "/system/bin/smartcable/smartCableSTBApp": library "libmosquitto.so" not found: needed by main executable
06-12 23:29:04.855 W/[ 3911.972586@0]  RTW(    0): fill_default_txdesc(wlan0): SP Packet(0x0806) rate=0x4 SeqNum = 2488
06-12 23:29:06.645 F/linker  (23566): CANNOT LINK EXECUTABLE "/system/bin/smartcable/smartCableSTBApp": library "libmosquitto.so" not found: needed by main executable
06-12 23:29:09.799 W/[ 3916.917123@0]  RTW(    0): fill_default_txdesc(wlan0): SP Packet(0x0806) rate=0x4 SeqNum = 2498
06-12 23:29:11.652 F/linker  (23575): CANNOT LINK EXECUTABLE "/system/bin/smartcable/smartCableSTBApp": library "libmosquitto.so" not found: needed by main executable
06-12 23:29:14.199 W/[ 3921.316618@0]  RTW(    0): Turbo EDCA =0xa42b
06-12 23:29:15.023 W/[ 3922.144165@1]  RTW(    0): fill_default_txdesc(wlan0): SP Packet(0x0806) rate=0x4 SeqNum = 2523
06-12 23:29:16.215 W/[ 3923.332777@3]  RTW(    0): Turbo EDCA =0x5ea42b
06-12 23:29:16.658 F/linker  (23584): CANNOT LINK EXECUTABLE "/system/bin/smartcable/smartCableSTBApp": library "libmosquitto.so" not found: needed by main executable
06-12 23:29:19.223 W/[ 3926.342355@0]  RTW(    0): fill_default_txdesc(wlan0): SP Packet(0x0806) rate=0x4 SeqNum = 2539
06-12 23:29:21.666 F/linker  (23598): CANNOT LINK EXECUTABLE "/system/bin/smartcable/smartCableSTBApp": library "libmosquitto.so" not found: needed by main executable
06-12 23:29:22.263 W/[ 3929.380615@3]  RTW(    0): Turbo EDCA =0xa42b
06-12 23:29:24.280 W/[ 3931.396639@1]  RTW(    0): Turbo EDCA =0x5ea42b
06-12 23:29:24.379 W/[ 3931.496756@0]  RTW(    0): fill_default_txdesc(wlan0): SP Packet(0x0806) rate=0x4 SeqNum = 2563
06-12 23:29:26.670 F/linker  (23614): CANNOT LINK EXECUTABLE "/system/bin/smartcable/smartCableSTBApp": library "libmosquitto.so" not found: needed by main executable
06-12 23:29:28.311 W/[ 3935.428829@3]  RTW(    0): Turbo EDCA =0xa42b
06-12 23:29:29.223 W/[ 3936.342622@0]  RTW(    0): fill_default_txdesc(wlan0): SP Packet(0x0806) rate=0x4 SeqNum = 2650
06-12 23:29:31.675 F/linker  (23636): CANNOT LINK EXECUTABLE "/system/bin/smartcable/smartCableSTBApp": library "libmosquitto.so" not found: needed by main executable
06-12 23:29:32.343 W/[ 3939.460708@0]  RTW(    0): Turbo EDCA =0x5ea42b
06-12 23:29:34.292 W/[ 3941.408516@0]  RTW(    0): fill_default_txdesc(wlan0): SP Packet(0x0806) rate=0x4 SeqNum = 2739
06-12 23:29:36.375 W/[ 3943.492584@1]  RTW(    0): Turbo EDCA =0xa42b
06-12 23:29:36.679 F/linker  (23654): CANNOT LINK EXECUTABLE "/system/bin/smartcable/smartCableSTBApp": library "libmosquitto.so" not found: needed by main executable
06-12 23:29:39.379 W/[ 3946.499615@2]  RTW(    0): fill_default_txdesc(wlan0): SP Packet(0x0806) rate=0x4 SeqNum = 2951
06-12 23:29:41.686 F/linker  (23676): CANNOT LINK EXECUTABLE "/system/bin/smartcable/smartCableSTBApp": library "libmosquitto.so" not found: needed by main executable
06-12 23:29:42.423 W/[ 3949.540648@0]  RTW(    0): Turbo EDCA =0x5ea42b
06-12 23:29:44.151 I/        (    0): [ 3951.269541@3]  EXT4-fs (mmcblk0p17): re-mounted. Opts: (null)
06-12 23:29:44.455 W/[ 3951.574277@3]  RTW(    0): fill_default_txdesc(wlan0): SP Packet(0x0806) rate=0x4 SeqNum = 3409
06-12 23:29:46.686 F/linker  (23749): CANNOT LINK EXECUTABLE "/system/bin/smartcable/smartCableSTBApp": library "libmosquitto.so" not found: needed by main executable
06-12 23:29:47.784 D/[ 3954.901167@1]  logd(    0): logdr: UID=0 GID=0 PID=23781 b tail=0 logMask=99 pid=0 start=0ns timeout=0ns
06-12 23:29:48.702 I/ActivityManager(  637): Force stopping io.appium.uiautomator2.server appid=10096 user=0: from pid 23817
06-12 23:29:48.714 I/ActivityManager(  637): Force stopping io.appium.uiautomator2.server.test appid=10095 user=0: from pid 23818
06-12 23:29:49.553 W/[ 3956.668737@1]  RTW(    0): fill_default_txdesc(wlan0): SP Packet(0x0806) rate=0x4 SeqNum = 1539
06-12 23:29:50.020 I/ActivityManager(  637): Force stopping io.appium.uiautomator2.server appid=10096 user=0: start instr
06-12 23:29:50.027 D/CompatibilityChangeReporter(  637): Compat change id reported: 135634846; UID 10096; state: DISABLED
06-12 23:29:50.028 D/CompatibilityChangeReporter(  637): Compat change id reported: 143937733; UID 10096; state: ENABLED
06-12 23:29:50.052 I/ActivityManager(  637): Start proc 23842:io.appium.uiautomator2.server/u0a96 for added application io.appium.uiautomator2.server
06-12 23:29:51.697 F/linker  (23872): CANNOT LINK EXECUTABLE "/system/bin/smartcable/smartCableSTBApp": library "libmosquitto.so" not found: needed by main executable
06-12 23:29:53.309 W/ActivityManager(  637): Slow operation: 62ms so far, now at getContentProviderImpl: after updateLruProcess
06-12 23:29:53.309 W/ActivityManager(  637): Slow operation: 62ms so far, now at getContentProviderImpl: before updateOomAdj
06-12 23:29:53.309 W/ActivityManager(  637): Slow operation: 63ms so far, now at getContentProviderImpl: after updateOomAdj
06-12 23:29:53.309 W/ActivityManager(  637): Slow operation: 63ms so far, now at getContentProviderImpl: done!
06-12 23:29:53.783 D/[ 3960.901924@3]  logd(    0): logdr: UID=0 GID=0 PID=23899 b tail=0 logMask=99 pid=0 start=0ns timeout=0ns
06-12 23:29:53.787 D/[ 3960.905938@2]  logd(    0): Skipping 4294967295 entries from slow reader, pid 23899, from LogBuffer::kickMe()
06-12 23:29:53.814 D/Glide   ( 1786): Finished loading Bitmap from LOCAL for com.bumptech.glide.gifdecoder.StandardGifDecoder@6f5af65 with size [314x176] in 18.095292 ms
06-12 23:29:53.846 D/Glide   ( 1786): Finished loading Bitmap from LOCAL for com.bumptech.glide.gifdecoder.StandardGifDecoder@6f5af65 with size [314x176] in 10.098958 ms
06-12 23:29:53.847 D/stbdpc  (  403): STB_DPGetNumPaths[570]: num_paths: 1
06-12 23:29:53.896 D/Glide   ( 1786): Finished loading Bitmap from LOCAL for com.bumptech.glide.gifdecoder.StandardGifDecoder@6f5af65 with size [314x176] in 17.439625 ms
06-12 23:29:53.907 I/thermal2(  371): Sending notification:  Type: CPU Name: soc_thermal CurrentValue: 75.4 ThrottlingStatus: MODERATE
06-12 23:29:53.909 I/ThermalService(  987): CPU temperatures: [75.4]
06-12 23:29:53.929 D/Glide   ( 1786): Finished loading Bitmap from LOCAL for com.bumptech.glide.gifdecoder.StandardGifDecoder@6f5af65 with size [314x176] in 10.494709 ms
06-12 23:29:53.947 D/stbdpc  (  403): STB_DPGetNumPaths[570]: num_paths: 1
06-12 23:29:53.979 D/Glide   ( 1786): Finished loading Bitmap from LOCAL for com.bumptech.glide.gifdecoder.StandardGifDecoder@6f5af65 with size [314x176] in 17.311125 ms
06-12 23:29:54.013 D/Glide   ( 1786): Finished loading Bitmap from LOCAL for com.bumptech.glide.gifdecoder.StandardGifDecoder@6f5af65 with size [314x176] in 11.317167 ms
06-12 23:29:54.019 D/dvb_iptv(  403): ReadEmmNetworkTask[1537]: EMM Select Timeout Occured 59
06-12 23:29:54.032 I/ActivityTaskManager(  637): START u0 {flg=0x10000000 cmp=in.startv.hotstar/com.hotstar.MainActivity} from uid 0
06-12 23:29:54.033 D/ActivityStarter(  637):  
06-12 23:29:54.033 D/ActivityStarter(  637): launchedPkgName :: in.startv.hotstar 
06-12 23:29:54.033 D/ActivityStarter(  637): callingPackage :: com.android.shell 
06-12 23:29:54.033 D/ActivityStarter(  637): callingUid :: 0 
06-12 23:29:54.033 D/ActivityStarter(  637): callingPid :: 23911
06-12 23:29:54.033 D/ActivityTaskManager(  637): OTHER app is launched
06-12 23:29:54.047 D/stbdpc  (  403): STB_DPGetNumPaths[570]: num_paths: 1
06-12 23:29:54.055 V/DigitalSignage(  637): Package Name: null
06-12 23:29:54.055 V/DigitalSignage(  637): Left: 0
06-12 23:29:54.055 V/DigitalSignage(  637): Right: 0
06-12 23:29:54.055 V/DigitalSignage(  637): Top: 0
06-12 23:29:54.055 V/DigitalSignage(  637): Bottom: 0
06-12 23:29:54.055 D/DigitalSignage(  637): else - Package Name :: null left : 0 right :: 0 top :: 0 bottom :: 0 dfu-right :: 1920 dfu-bottom :: 1080
06-12 23:29:54.065 D/CompatibilityChangeReporter(  637): Compat change id reported: 135634846; UID 10072; state: DISABLED
06-12 23:29:54.075 D/JioLauncher( 1786): package-unregisterReceiver-for-downloadFeedBackReceiver
06-12 23:29:54.076 D/JioLauncher( 1786): onPause called in PromotionFragment
06-12 23:29:54.076 D/JioLauncher( 1786): intro-activity-on-pause
06-12 23:29:54.076 D/JioLauncher( 1786): recommendation-pause-called-no-recommendation-call-in-progress-cancel-handler
06-12 23:29:54.077 D/JioLauncher( 1786): ipl-pause-called-no-ipl-call-in-progress-cancel-handler
06-12 23:29:54.077 D/JioLauncher( 1786): for-u-recommendation-api-call-remove
06-12 23:29:54.077 D/JioLauncher( 1786): promotion-pause-called-no-ads-call-in-progress-cancel-handler
06-12 23:29:54.077 D/JioLauncher( 1786): ipl-promotion-pause-called-no-ads-call-in-progress-cancel-handler
06-12 23:29:54.080 D/JioLauncher( 1786): ThreadCount-128
06-12 23:29:54.080 D/JioLauncher( 1786): isInactivityPopupDisplaying-{"inactivity_status_modified_time":1420050609501,"inactivity_status":false,"inactivity_window_timeout":120000}
06-12 23:29:54.080 D/JioLauncher( 1786): inactivity_status-false- result-false
06-12 23:29:54.080 D/JioLauncher( 1786): overlay-removing-type-LIVE_TV_ALERT_TYPE  -isInactivityPopupDisplaying-false
06-12 23:29:54.080 D/JioLauncher( 1786): ThreadCount-128
06-12 23:29:54.080 D/JioLauncher( 1786): isInactivityPopupDisplaying-{"inactivity_status_modified_time":1420050609501,"inactivity_status":false,"inactivity_window_timeout":120000}
06-12 23:29:54.080 D/JioLauncher( 1786): inactivity_status-false- result-false
06-12 23:29:54.081 D/JioLauncher( 1786): block-apps 1 null false
06-12 23:29:54.081 D/JioLauncher( 1786): global-key-unblock-all-key
06-12 23:29:54.081 D/CompatibilityChangeReporter(  637): Compat change id reported: 143937733; UID 10072; state: ENABLED
06-12 23:29:54.082 D/JioLauncher( 1786): block-apps -1 null false
06-12 23:29:54.082 D/JioLauncher( 1786): global-key-block-all-key--others
06-12 23:29:54.095 I/appium  (23842): channel read: POST /session/158d6047-572b-4284-8849-192991a43748/element
06-12 23:29:54.095 D/Glide   ( 1786): Finished loading Bitmap from LOCAL for com.bumptech.glide.gifdecoder.StandardGifDecoder@6f5af65 with size [314x176] in 49.569458 ms
06-12 23:29:54.096 I/appium  (23842): FindElement command
06-12 23:29:54.099 I/appium  (23842): method: 'xpath', selector: '//android.widget.ImageView[@resource-id='in.startv.hotstar:id/iv_profile']'
06-12 23:29:54.101 D/JioLauncher( 1786): promotion auto play stop true
06-12 23:29:54.104 I/appium  (23842): Waiting up to 10000ms for the device to idle
06-12 23:29:54.113 V/DigitalSignage(  637): Package Name: null
06-12 23:29:54.113 V/DigitalSignage(  637): Left: 0
06-12 23:29:54.113 V/DigitalSignage(  637): Right: 0
06-12 23:29:54.114 V/DigitalSignage(  637): Top: 0
06-12 23:29:54.114 V/DigitalSignage(  637): Bottom: 0
06-12 23:29:54.114 D/DigitalSignage(  637): else - Package Name :: null left : 0 right :: 0 top :: 0 bottom :: 0 dfu-right :: 1920 dfu-bottom :: 1080
06-12 23:29:54.119 I/appium  (23842): The following attributes will be included to the page source: [resource-id]
06-12 23:29:54.123 D/Glide   ( 1786): Finished loading Bitmap from LOCAL for com.bumptech.glide.gifdecoder.StandardGifDecoder@6f5af65 with size [314x176] in 21.716749999999998 ms
06-12 23:29:54.147 D/stbdpc  (  403): STB_DPGetNumPaths[570]: num_paths: 1
06-12 23:29:54.151 D/Zygote  (  325): Forked child process 23915
06-12 23:29:54.171 V/DigitalSignage(  637): Package Name: null
06-12 23:29:54.171 V/DigitalSignage(  637): Left: 0
06-12 23:29:54.171 V/DigitalSignage(  637): Right: 0
06-12 23:29:54.171 V/DigitalSignage(  637): Top: 0
06-12 23:29:54.171 V/DigitalSignage(  637): Bottom: 0
06-12 23:29:54.171 D/DigitalSignage(  637): else - Package Name :: null left : 0 right :: 0 top :: 0 bottom :: 0 dfu-right :: 1920 dfu-bottom :: 1080
06-12 23:29:54.181 I/JioBackgroundSchedulerService( 2785): Check schedule  
06-12 23:29:54.188 D/Glide   ( 1786): Finished loading Bitmap from LOCAL for com.bumptech.glide.gifdecoder.StandardGifDecoder@6f5af65 with size [314x176] in 33.092749999999995 ms
06-12 23:29:54.190 W/ActivityManager(  637): Slow operation: 125ms so far, now at startProcess: returned from zygote!
06-12 23:29:54.190 W/ActivityManager(  637): Slow operation: 126ms so far, now at startProcess: done updating battery stats
06-12 23:29:54.190 W/ActivityManager(  637): Slow operation: 126ms so far, now at startProcess: building log message
06-12 23:29:54.190 I/ActivityManager(  637): Start proc 23915:in.startv.hotstar/u0a72 for pre-top-activity {in.startv.hotstar/com.hotstar.MainActivity}
06-12 23:29:54.190 W/ActivityManager(  637): Slow operation: 126ms so far, now at startProcess: starting to update pids map
06-12 23:29:54.191 W/ActivityManager(  637): Slow operation: 126ms so far, now at startProcess: done updating pids map
06-12 23:29:54.201 E/ocessService0:( 2252): failed to create Unix domain socket: Operation not permitted
06-12 23:29:54.218 D/Glide   ( 1786): Finished loading Bitmap from LOCAL for com.bumptech.glide.gifdecoder.StandardGifDecoder@6f5af65 with size [314x176] in 13.791917 ms
06-12 23:29:54.248 D/stbdpc  (  403): STB_DPGetNumPaths[570]: num_paths: 1
06-12 23:29:54.263 I/adbd    ( 5896): jdwp connection from 23915
06-12 23:29:54.303 D/ActivityTaskManager(  637): JioHomeManagerService :: ActivityRecord :: setState :: StateFrom :: INITIALIZING StateTo :: RESUMED 
06-12 23:29:54.313 V/DigitalSignage(  637): Package Name: null
06-12 23:29:54.313 V/DigitalSignage(  637): Left: 0
06-12 23:29:54.313 V/DigitalSignage(  637): Right: 0
06-12 23:29:54.313 V/DigitalSignage(  637): Top: 0
06-12 23:29:54.313 V/DigitalSignage(  637): Bottom: 0
06-12 23:29:54.313 D/DigitalSignage(  637): else - Package Name :: null left : 0 right :: 0 top :: 0 bottom :: 0 dfu-right :: 1920 dfu-bottom :: 1080
06-12 23:29:54.318 D/ActivityManager(  637): JioHomeManagerService :: StateFrom :: INITIALIZING StateTo :: RESUMED Activity :: in.startv.hotstar/com.hotstar.MainActivity Action :: com.jio.remote.action.applaunch
06-12 23:29:54.322 D/NetflixService(  987): onForegroundActivitiesChanged pid:23915,uid:10072,fg:true
06-12 23:29:54.326 I/android.hardware.power-service.libperfmgr(  369): Power setBoost: INTERACTION duration: 0
06-12 23:29:54.327 V/DigitalSignage(  637): Package Name: null
06-12 23:29:54.327 V/DigitalSignage(  637): Left: 0
06-12 23:29:54.327 V/DigitalSignage(  637): Right: 0
06-12 23:29:54.327 V/DigitalSignage(  637): Top: 0
06-12 23:29:54.327 V/DigitalSignage(  637): Bottom: 0
06-12 23:29:54.327 D/DigitalSignage(  637): else - Package Name :: null left : 0 right :: 0 top :: 0 bottom :: 0 dfu-right :: 1920 dfu-bottom :: 1080
06-12 23:29:54.328 I/libperfmgr(  369): Do Powerhint: INTERACTION
06-12 23:29:54.329 D/NetflixService(  987): processName:com.netflix.ninja,importance:300
06-12 23:29:54.348 D/stbdpc  (  403): STB_DPGetNumPaths[570]: num_paths: 1
06-12 23:29:54.376 I/tomator2.serve(23842): Background young concurrent copying GC freed 48358(2013KB) AllocSpace objects, 6(512KB) LOS objects, 29% free, 5936KB/8478KB, paused 212us total 143.385ms
06-12 23:29:54.439 D/Glide   ( 1786): Finished loading Bitmap from LOCAL for com.bumptech.glide.gifdecoder.StandardGifDecoder@6f5af65 with size [314x176] in 157.350583 ms
06-12 23:29:54.448 D/stbdpc  (  403): STB_DPGetNumPaths[570]: num_paths: 1
06-12 23:29:54.466 D/NetworkSecurityConfig(23915): Using Network Security Config from resource network_security_config debugBuild: false
06-12 23:29:54.472 D/NetworkSecurityConfig(23915): Using Network Security Config from resource network_security_config debugBuild: false
06-12 23:29:54.479 I/lowmemorykiller(  231): medium memory pressure event is triggered for new strategy
06-12 23:29:54.479 D/lowmemorykiller(  231): LMKD mp_event_psi kill_reasons available are PRESSURE_AFTER_KILL, NOT_RESPONDING, LOW_SWAP_AND_THRASHING, LOW_MEM_AND_SWAP, LOW_MEM_AND_THRASHING, DIRECT_RECL_AND_THRASHING
06-12 23:29:54.479 D/lowmemorykiller(  231): LMKD mp_event_psi kill_reason received= -1
06-12 23:29:54.510 D/Glide   ( 1786): Finished loading Bitmap from LOCAL for com.bumptech.glide.gifdecoder.StandardGifDecoder@6f5af65 with size [314x176] in 70.43124999999999 ms
06-12 23:29:54.519 D/dvb_iptv(  403): ReadEmmNetworkTask[1537]: EMM Select Timeout Occured 60
06-12 23:29:54.520 D/stbresmgr(  403): STB_RESNumTuners[315]: num_tuners: 3
06-12 23:29:54.520 E/dvb_iptv(  403): IPTV_GetDvbIpPacketDetails[684]: No valid ECM iptv_handle
06-12 23:29:54.520 D/dvb_iptv(  403): IPTV_GetDvbIpPacketDetails[688]: EMM Pkt stat received_packets:0 lost_packets:0 recov_packets:0 
06-12 23:29:54.520 D/dvb_iptv(  403): getPktDetailOnRetry[710]: Failed to fetch packet details
06-12 23:29:54.520 D/dvb_iptv(  403): ReadEmmNetworkTask[1582]: signal emm restart thread
06-12 23:29:54.520 D/dvb_iptv(  403): IPTV_Emm_Stop[2245]: IPTV_Emm_Stop called
06-12 23:29:54.520 D/ltts_ip_emm(  403): CloseEmmCasSession[446]: EMM CAS CloseSession CASSession ID:f32b4c00
06-12 23:29:54.520 I/Aml_MP  (  403): AmlVMXIptvCas_V2 dtor AmlVMXIptvCas_V2
06-12 23:29:54.520 I/Aml_MP  (  403): AmCasLibWrapper [~AmCasLibWrapper:47] 
06-12 23:29:54.520 D/am_cas_api(  403): [releaseAmCas/294]
06-12 23:29:54.520 V/AVPIPTV (  403): [0] ~AmCasIPTVSC2 at # 707, class_instance_index=0
06-12 23:29:54.520 I/Aml_MP  (  403): AmCasLibWrapper delete mCasObj
06-12 23:29:54.520 I/Aml_MP  (  403): AmlCasBase [~AmlCasBase:89] 
06-12 23:29:54.520 D/ltts_ip_emm(  403): CloseEmmCasSession[450]: Aml_MP_CAS_CloseSession_Emm | ret_Aml: 0
06-12 23:29:54.531 D/Glide   ( 1786): Finished loading Bitmap from LOCAL for com.bumptech.glide.gifdecoder.StandardGifDecoder@6f5af65 with size [314x176] in 20.211707999999998 ms
06-12 23:29:54.548 D/stbdpc  (  403): STB_DPGetNumPaths[570]: num_paths: 1
06-12 23:29:54.557 D/SessionsDependencies(23915): Dependency to CRASHLYTICS added.
06-12 23:29:54.569 I/FirebaseApp(23915): Device unlocked: initializing all Firebase APIs for app [DEFAULT]
06-12 23:29:54.579 I/lowmemorykiller(  231): medium memory pressure event is triggered for new strategy
06-12 23:29:54.580 D/lowmemorykiller(  231): LMKD mp_event_psi kill_reasons available are PRESSURE_AFTER_KILL, NOT_RESPONDING, LOW_SWAP_AND_THRASHING, LOW_MEM_AND_SWAP, LOW_MEM_AND_THRASHING, DIRECT_RECL_AND_THRASHING
06-12 23:29:54.580 D/lowmemorykiller(  231): LMKD mp_event_psi kill_reason received= -1
06-12 23:29:54.624 D/FirebaseSessions(23915): Initializing Firebase Sessions SDK.
06-12 23:29:54.635 D/rtk_heartbeat(  350): heartbeat_timed_out: heartbeatCmdCount = 3940, expected nextSeqNum = 3940
06-12 23:29:54.639 D/rtk_heartbeat(  350): rtkbt_heartbeat_cmpl_cback: Current SeqNum = 3940,should SeqNum=3940, status = 0
06-12 23:29:54.648 D/stbdpc  (  403): STB_DPGetNumPaths[570]: num_paths: 1
06-12 23:29:54.663 I/FirebaseCrashlytics(23915): Initializing Firebase Crashlytics 19.3.0 for in.startv.hotstar
06-12 23:29:54.677 D/Glide   ( 1786): Finished loading Bitmap from LOCAL for com.bumptech.glide.gifdecoder.StandardGifDecoder@6f5af65 with size [314x176] in 121.51633299999999 ms
06-12 23:29:54.680 I/lowmemorykiller(  231): medium memory pressure event is triggered for new strategy
06-12 23:29:54.680 D/lowmemorykiller(  231): LMKD mp_event_psi kill_reasons available are PRESSURE_AFTER_KILL, NOT_RESPONDING, LOW_SWAP_AND_THRASHING, LOW_MEM_AND_SWAP, LOW_MEM_AND_THRASHING, DIRECT_RECL_AND_THRASHING
06-12 23:29:54.680 D/lowmemorykiller(  231): LMKD mp_event_psi kill_reason received= -1
06-12 23:29:54.681 D/JioStbInactivityTimer(  936): Timer: count 191 warningTimeout:10680 timeout:10800
06-12 23:29:54.681 D/JioStbInactivityTimer(  936): isUserActive: Curr:3769411 Prev:3769411
06-12 23:29:54.701 W/GooglePlayServicesUtil(23915): in.startv.hotstar requires the Google Play Store, but it is missing.
06-12 23:29:54.703 E/DynamiteModule(23915): Invalid GmsCore APK, remote loading disabled.
06-12 23:29:54.715 V/DigitalSignage(  637): Package Name: null
06-12 23:29:54.715 V/DigitalSignage(  637): Left: 0
06-12 23:29:54.715 V/DigitalSignage(  637): Right: 0
06-12 23:29:54.715 V/DigitalSignage(  637): Top: 0
06-12 23:29:54.715 V/DigitalSignage(  637): Bottom: 0
06-12 23:29:54.715 D/DigitalSignage(  637): else - Package Name :: null left : 0 right :: 0 top :: 0 bottom :: 0 dfu-right :: 1920 dfu-bottom :: 1080
06-12 23:29:54.719 D/SessionsDependencies(23915): Subscriber CRASHLYTICS registered.
06-12 23:29:54.721 I/DynamiteModule(23915): Considering local module com.google.android.gms.measurement.dynamite:127 and remote module com.google.android.gms.measurement.dynamite:0
06-12 23:29:54.721 I/DynamiteModule(23915): Selected local version of com.google.android.gms.measurement.dynamite
06-12 23:29:54.743 E/DynamiteModule(23915): Invalid GmsCore APK, remote loading disabled.
06-12 23:29:54.764 W/[ 3961.883439@3]  RTW(    0): fill_default_txdesc(wlan0): SP Packet(0x0806) rate=0x4 SeqNum = 2959
06-12 23:29:54.748 E/BufferQueueProducer(  402): [com.iwedia.ui.rjio.launcher.reliance/com.iwedia.ui.rjio.launcher.ui.intro.IntroActivity#0](id:19200000057,api:0,p:-1,c:402) disconnect: not connected (req=1)
06-12 23:29:54.748 W/libEGL  ( 1786): EGLNativeWindowType 0xeea16808 disconnect failed
06-12 23:29:54.749 D/stbdpc  (  403): STB_DPGetNumPaths[570]: num_paths: 1
06-12 23:29:54.760 V/DigitalSignage(  637): Package Name: null
06-12 23:29:54.760 V/DigitalSignage(  637): Left: 0
06-12 23:29:54.760 V/DigitalSignage(  637): Right: 0
06-12 23:29:54.760 V/DigitalSignage(  637): Top: 0
06-12 23:29:54.760 V/DigitalSignage(  637): Bottom: 0
06-12 23:29:54.760 D/DigitalSignage(  637): else - Package Name :: null left : 0 right :: 0 top :: 0 bottom :: 0 dfu-right :: 1920 dfu-bottom :: 1080
06-12 23:29:54.773 D/JioAppOptimizer( 1707): AppOptimizerService :: handleMessage()
06-12 23:29:54.778 D/JioAppOptimizer( 1707): AppOptimizerService :: handleMessage() : Foreground Package=in.startv.hotstar
06-12 23:29:54.779 D/JioAppOptimizer( 1707): AppOptimizerService :: handleMessage() : Free memory available in MB : 410.015625
06-12 23:29:54.779 D/JioAppOptimizer( 1707): AppOptimizerService :: handleMessage() : checkAndRemoveBackgroundApps()
06-12 23:29:54.779 D/JioAppOptimizer( 1707): AppOptimizerService :: checkAndRemoveBackgroundApps()
06-12 23:29:54.780 I/lowmemorykiller(  231): medium memory pressure event is triggered for new strategy
06-12 23:29:54.780 D/lowmemorykiller(  231): LMKD mp_event_psi kill_reasons available are PRESSURE_AFTER_KILL, NOT_RESPONDING, LOW_SWAP_AND_THRASHING, LOW_MEM_AND_SWAP, LOW_MEM_AND_THRASHING, DIRECT_RECL_AND_THRASHING
06-12 23:29:54.780 D/lowmemorykiller(  231): LMKD mp_event_psi kill_reason received= -1
06-12 23:29:54.781 D/ltts_ip_emm(  403): LTTS_IP_DMXStartEMM[381]: parse_emm_cat_status failed
06-12 23:29:54.787 I/FirebaseInitProvider(23915): FirebaseApp initialization successful
06-12 23:29:54.800 D/WM-WrkMgrInitializer(23915): Initializing WorkManager with default configuration.
06-12 23:29:54.812 I/TetheringManager(23915): registerTetheringEventCallback:in.startv.hotstar
06-12 23:29:54.819 D/Glide   ( 1786): Finished loading Bitmap from LOCAL for com.bumptech.glide.gifdecoder.StandardGifDecoder@6f5af65 with size [314x176] in 141.31033399999998 ms
06-12 23:29:54.847 D/LifecycleServiceBinder(23915): Binding service to application.
06-12 23:29:54.849 D/stbdpc  (  403): STB_DPGetNumPaths[570]: num_paths: 1
06-12 23:29:54.857 E/DynamiteModule(23915): Invalid GmsCore APK, remote loading disabled.
06-12 23:29:54.857 I/DynamiteModule(23915): Considering local module com.google.android.gms.cast_tv_dynamite:1 and remote module com.google.android.gms.cast_tv_dynamite:0
06-12 23:29:54.857 I/DynamiteModule(23915): Selected local version of com.google.android.gms.cast_tv_dynamite
06-12 23:29:54.881 I/lowmemorykiller(  231): medium memory pressure event is triggered for new strategy
06-12 23:29:54.881 D/lowmemorykiller(  231): LMKD mp_event_psi kill_reasons available are PRESSURE_AFTER_KILL, NOT_RESPONDING, LOW_SWAP_AND_THRASHING, LOW_MEM_AND_SWAP, LOW_MEM_AND_THRASHING, DIRECT_RECL_AND_THRASHING
06-12 23:29:54.881 D/lowmemorykiller(  231): LMKD mp_event_psi kill_reason received= -1
06-12 23:29:54.949 D/stbdpc  (  403): STB_DPGetNumPaths[570]: num_paths: 1
06-12 23:29:54.973 D/ConnectivityService(  637): NetReassign [no changes]
06-12 23:29:54.976 I/AmFFmpegExtractor(  465): checkInList: isw:0, m:audio/mpeg, t:1, i:86017 t:0
06-12 23:29:54.976 I/AmFFmpegExtractor(  465): checkInList: isw:1, m:audio/mpeg, t:1, i:86017 t:0
06-12 23:29:54.976 E/AmFFmpegExtractor(  465): codec_ctx->properties: 0
06-12 23:29:54.976 I/AmFFmpegExtractor(  465): checkSupportInList ret 1
06-12 23:29:54.981 I/lowmemorykiller(  231): medium memory pressure event is triggered for new strategy
06-12 23:29:54.981 D/lowmemorykiller(  231): LMKD mp_event_psi kill_reasons available are PRESSURE_AFTER_KILL, NOT_RESPONDING, LOW_SWAP_AND_THRASHING, LOW_MEM_AND_SWAP, LOW_MEM_AND_THRASHING, DIRECT_RECL_AND_THRASHING
06-12 23:29:54.981 D/lowmemorykiller(  231): LMKD mp_event_psi kill_reason received= -1
06-12 23:29:55.000 I/AmFFmpegExtractor(  465): checkInList: isw:0, m:audio/mpeg, t:1, i:86017 t:0
06-12 23:29:55.000 I/AmFFmpegExtractor(  465): checkInList: isw:1, m:audio/mpeg, t:1, i:86017 t:0
06-12 23:29:55.000 E/AmFFmpegExtractor(  465): codec_ctx->properties: 0
06-12 23:29:55.000 I/AmFFmpegExtractor(  465): checkSupportInList ret 0
06-12 23:29:55.001 E/AmFFmpegExtractor(  465): vendor do not support
06-12 23:29:55.004 E/Utils   (  465): did not find channel-count and/or sample-rate
06-12 23:29:55.012 I/AmAVUtils(23915): AmAVUtils, GITINFO : d32b3814175617bb24dd0965983e5642c803ab3a(drm.autobuild  Mon Oct 18 12:59:01 CST 2021)
06-12 23:29:55.012 I/AmAVUtils(23915): set profile 0 level:0
06-12 23:29:55.020 D/dvb_iptv(  403): ReadEmmNetworkTask[1537]: EMM Select Timeout Occured 1
06-12 23:29:55.020 D/stbhwnet(  403): STB_NWDropMembership[1331]: using IPV6 protocol in dropmembership
06-12 23:29:55.020 D/stbhwnet(  403): STB_NWDropMembership[1335]: group_address: '232.24.3.241', source_address: '10.70.220.50'
06-12 23:29:55.020 D/stbhwnet(  403): STB_NWDropMembership[1353]: src url SSM enabled
06-12 23:29:55.021 D/stbhwnet(  403): get_any_multicast_interface[1061]: Found g_nw_interface wlan0, ifindex 8
06-12 23:29:55.021 D/stbhwnet(  403): STB_NWDropMembership[1376]: sockopt_ret: 92 | Protocol not available
06-12 23:29:55.021 D/stbhwnet(  403): STB_NWDropMembership[1377]: Adding source multicast group error
06-12 23:29:55.021 D/stbhwnet(  403): STB_NWDropMembership[1331]: using IPV6 protocol in dropmembership
06-12 23:29:55.021 D/stbhwnet(  403): STB_NWDropMembership[1335]: group_address: '232.24.3.241', source_address: '10.70.220.50'
06-12 23:29:55.021 D/stbhwnet(  403): STB_NWDropMembership[1353]: src url SSM enabled
06-12 23:29:55.022 D/stbhwnet(  403): get_any_multicast_interface[1061]: Found g_nw_interface wlan0, ifindex 8
06-12 23:29:55.022 D/stbhwnet(  403): STB_NWDropMembership[1376]: sockopt_ret: 92 | Protocol not available
06-12 23:29:55.022 D/stbhwnet(  403): STB_NWDropMembership[1377]: Adding source multicast group error
06-12 23:29:55.022 D/stbhwnet(  403): STB_NWDropMembership[1331]: using IPV6 protocol in dropmembership
06-12 23:29:55.022 D/stbhwnet(  403): STB_NWDropMembership[1335]: group_address: '232.24.3.241', source_address: '10.70.220.50'
06-12 23:29:55.022 D/stbhwnet(  403): STB_NWDropMembership[1353]: src url SSM enabled
06-12 23:29:55.023 D/stbhwnet(  403): get_any_multicast_interface[1061]: Found g_nw_interface wlan0, ifindex 8
06-12 23:29:55.023 D/stbhwnet(  403): STB_NWDropMembership[1376]: sockopt_ret: 92 | Protocol not available
06-12 23:29:55.023 D/stbhwnet(  403): STB_NWDropMembership[1377]: Adding source multicast group error
06-12 23:29:55.023 D/stbhwnet(  403): STB_NWDropMembership[1331]: using IPV6 protocol in dropmembership
06-12 23:29:55.023 D/stbhwnet(  403): STB_NWDropMembership[1335]: group_address: '232.24.3.241', source_address: '10.70.220.50'
06-12 23:29:55.024 D/stbhwnet(  403): STB_NWDropMembership[1353]: src url SSM enabled
06-12 23:29:55.024 I/FA      (23915): App measurement initialized, version: 106000
06-12 23:29:55.024 I/FA      (23915): To enable debug logging run: adb shell setprop log.tag.FA VERBOSE
06-12 23:29:55.024 D/stbhwnet(  403): get_any_multicast_interface[1061]: Found g_nw_interface wlan0, ifindex 8
06-12 23:29:55.024 D/stbhwnet(  403): STB_NWDropMembership[1376]: sockopt_ret: 92 | Protocol not available
06-12 23:29:55.024 D/stbhwnet(  403): STB_NWDropMembership[1377]: Adding source multicast group error
06-12 23:29:55.025 E/DvbiInterface(  403): StopStartcurrentemmsession[1192]: sucessfully stop the emm session
06-12 23:29:55.030 I/FA      (23915): To enable faster debug mode event logging run:
06-12 23:29:55.030 I/FA      (23915):   adb shell setprop debug.firebase.analytics.app in.startv.hotstar
06-12 23:29:55.034 D/CCodec  (23915): allocate(c2.android.mp3.decoder)
06-12 23:29:55.037 I/Codec2Client(23915): Available Codec2 services: "software"
06-12 23:29:55.040 I/tomator2.serve(23842): Background concurrent copying GC freed 98194(4844KB) AllocSpace objects, 13(1844KB) LOS objects, 49% free, 8493KB/16MB, paused 4.887ms total 565.654ms
06-12 23:29:55.049 D/stbdpc  (  403): STB_DPGetNumPaths[570]: num_paths: 1
06-12 23:29:55.057 V/C2Store (  479): in init
06-12 23:29:55.057 V/C2Store (  479): loading dll
06-12 23:29:55.081 I/lowmemorykiller(  231): medium memory pressure event is triggered for new strategy
06-12 23:29:55.082 D/lowmemorykiller(  231): LMKD mp_event_psi kill_reasons available are PRESSURE_AFTER_KILL, NOT_RESPONDING, LOW_SWAP_AND_THRASHING, LOW_MEM_AND_SWAP, LOW_MEM_AND_THRASHING, DIRECT_RECL_AND_THRASHING
06-12 23:29:55.082 D/lowmemorykiller(  231): LMKD mp_event_psi kill_reason received= -1
06-12 23:29:55.083 E/QueryController(23842): Got null root node from accessibility - Retrying...
06-12 23:29:55.115 I/CCodec  (23915): Created component [c2.android.mp3.decoder]
06-12 23:29:55.118 D/CCodecConfig(23915): read media type: audio/mpeg
06-12 23:29:55.125 D/ReflectedParamUpdater(23915): extent() != 1 for single value type: algo.buffers.max-count.values
06-12 23:29:55.125 D/ReflectedParamUpdater(23915): extent() != 1 for single value type: output.subscribed-indices.values
06-12 23:29:55.125 D/ReflectedParamUpdater(23915): extent() != 1 for single value type: input.buffers.allocator-ids.values
06-12 23:29:55.126 D/ReflectedParamUpdater(23915): extent() != 1 for single value type: output.buffers.allocator-ids.values
06-12 23:29:55.126 D/ReflectedParamUpdater(23915): extent() != 1 for single value type: algo.buffers.allocator-ids.values
06-12 23:29:55.127 D/ReflectedParamUpdater(23915): extent() != 1 for single value type: output.buffers.pool-ids.values
06-12 23:29:55.127 D/ReflectedParamUpdater(23915): extent() != 1 for single value type: algo.buffers.pool-ids.values
06-12 23:29:55.132 I/CCodecConfig(23915): query failed after returning 7 values (BAD_INDEX)
06-12 23:29:55.132 D/CCodecConfig(23915): c2 config diff is Dict {
06-12 23:29:55.132 D/CCodecConfig(23915):   c2::u32 coded.bitrate.value = 64000
06-12 23:29:55.132 D/CCodecConfig(23915):   c2::u32 input.buffers.max-size.value = 8192
06-12 23:29:55.132 D/CCodecConfig(23915):   c2::u32 input.delay.value = 0
06-12 23:29:55.132 D/CCodecConfig(23915):   string input.media-type.value = "audio/mpeg"
06-12 23:29:55.132 D/CCodecConfig(23915):   string output.media-type.value = "audio/raw"
06-12 23:29:55.132 D/CCodecConfig(23915):   c2::u32 raw.channel-count.value = 2
06-12 23:29:55.132 D/CCodecConfig(23915):   c2::u32 raw.sample-rate.value = 44100
06-12 23:29:55.132 D/CCodecConfig(23915): }
06-12 23:29:55.133 V/FileLogTree(23915): Successfully created log file /data/user/0/in.startv.hotstar/files/logs/HotStarLogs1749751195120.log
06-12 23:29:55.135 D/CCodec  (23915): [c2.android.mp3.decoder] buffers are bound to CCodec for this session
06-12 23:29:55.136 D/CCodecConfig(23915): no c2 equivalents for durationUs
06-12 23:29:55.136 D/CCodecConfig(23915): no c2 equivalents for track-id
06-12 23:29:55.136 D/CCodecConfig(23915): no c2 equivalents for encoder-delay
06-12 23:29:55.136 D/CCodecConfig(23915): no c2 equivalents for encoder-padding
06-12 23:29:55.136 D/CCodecConfig(23915): no c2 equivalents for flags
06-12 23:29:55.137 D/CCodecConfig(23915): c2 config diff is   c2::u32 raw.channel-count.value = 1
06-12 23:29:55.137 D/CCodecConfig(23915):   c2::u32 raw.sample-rate.value = 48000
06-12 23:29:55.138 W/Codec2Client(23915): query -- param skipped: index = 1107298332.
06-12 23:29:55.138 D/CCodec  (23915): setup formats input: AMessage(what = 0x00000000) = {
06-12 23:29:55.138 D/CCodec  (23915):   int32_t channel-count = 1
06-12 23:29:55.138 D/CCodec  (23915):   int32_t max-input-size = 8192
06-12 23:29:55.138 D/CCodec  (23915):   string mime = "audio/mpeg"
06-12 23:29:55.138 D/CCodec  (23915):   int32_t sample-rate = 48000
06-12 23:29:55.138 D/CCodec  (23915): } and output: AMessage(what = 0x00000000) = {
06-12 23:29:55.138 D/CCodec  (23915):   int32_t channel-count = 1
06-12 23:29:55.138 D/CCodec  (23915):   string mime = "audio/raw"
06-12 23:29:55.138 D/CCodec  (23915):   int32_t sample-rate = 48000
06-12 23:29:55.138 D/CCodec  (23915):   int32_t encoder-delay = 576
06-12 23:29:55.138 D/CCodec  (23915):   int32_t encoder-padding = 1152
06-12 23:29:55.138 D/CCodec  (23915): }
06-12 23:29:55.141 W/Codec2Client(23915): query -- param skipped: index = 1342179345.
06-12 23:29:55.141 W/Codec2Client(23915): query -- param skipped: index = 2415921170.
06-12 23:29:55.149 D/stbdpc  (  403): STB_DPGetNumPaths[570]: num_paths: 1
06-12 23:29:55.160 E/FMQ     (23915): grantorIdx must be less than 3
06-12 23:29:55.160 E/FMQ     (23915): grantorIdx must be less than 3
06-12 23:29:55.160 D/CCodecBufferChannel(23915): [c2.android.mp3.decoder#47] Created input block pool with allocatorID 16 => poolID 17 - OK (0)
06-12 23:29:55.163 E/FMQ     (  479): grantorIdx must be less than 3
06-12 23:29:55.163 E/FMQ     (  479): grantorIdx must be less than 3
06-12 23:29:55.165 I/CCodecBufferChannel(23915): [c2.android.mp3.decoder#47] Created output block pool with allocatorID 16 => poolID 45 - OK
06-12 23:29:55.166 D/CCodecBufferChannel(23915): [c2.android.mp3.decoder#47] Configured output block pool ids 45 => OK
06-12 23:29:55.166 E/ion     (23915): ioctl c0044901 failed with code -1: Inappropriate ioctl for device
06-12 23:29:55.169 D/SimpleC2Component(  479): Using output block pool with poolID 45 => got 45 - 0
06-12 23:29:55.179 E/FMQ     (23915): grantorIdx must be less than 3
06-12 23:29:55.180 E/FMQ     (  479): grantorIdx must be less than 3
06-12 23:29:55.182 I/C2SoftMp3Dec(  479): Reconfiguring decoder: 0->48000 Hz, 0->1 channels
06-12 23:29:55.182 I/lowmemorykiller(  231): medium memory pressure event is triggered for new strategy
06-12 23:29:55.182 D/lowmemorykiller(  231): LMKD mp_event_psi kill_reasons available are PRESSURE_AFTER_KILL, NOT_RESPONDING, LOW_SWAP_AND_THRASHING, LOW_MEM_AND_SWAP, LOW_MEM_AND_THRASHING, DIRECT_RECL_AND_THRASHING
06-12 23:29:55.182 D/lowmemorykiller(  231): LMKD mp_event_psi kill_reason received= -1
06-12 23:29:55.183 E/FMQ     (  479): grantorIdx must be less than 3
06-12 23:29:55.184 E/FMQ     (23915): grantorIdx must be less than 3
06-12 23:29:55.185 D/CCodecBuffers(23915): [c2.android.mp3.decoder#47:Output[N]] popFromStashAndRegister: output format changed to AMessage(what = 0x00000000) = {
06-12 23:29:55.185 D/CCodecBuffers(23915):   int32_t channel-count = 1
06-12 23:29:55.185 D/CCodecBuffers(23915):   string mime = "audio/raw"
06-12 23:29:55.185 D/CCodecBuffers(23915):   int32_t sample-rate = 48000
06-12 23:29:55.185 D/CCodecBuffers(23915):   int32_t encoder-delay = 576
06-12 23:29:55.185 D/CCodecBuffers(23915):   int32_t encoder-padding = 1152
06-12 23:29:55.185 D/CCodecBuffers(23915): }
06-12 23:29:55.209 D/CompatibilityChangeReporter(  637): Compat change id reported: 136274596; UID 10072; state: ENABLED
06-12 23:29:55.249 D/SessionLifecycleClient(23915): Queued message 1. Queue size 1
06-12 23:29:55.249 D/stbdpc  (  403): STB_DPGetNumPaths[570]: num_paths: 1
06-12 23:29:55.282 I/lowmemorykiller(  231): medium memory pressure event is triggered for new strategy
06-12 23:29:55.282 D/lowmemorykiller(  231): LMKD mp_event_psi kill_reasons available are PRESSURE_AFTER_KILL, NOT_RESPONDING, LOW_SWAP_AND_THRASHING, LOW_MEM_AND_SWAP, LOW_MEM_AND_THRASHING, DIRECT_RECL_AND_THRASHING
06-12 23:29:55.282 D/lowmemorykiller(  231): LMKD mp_event_psi kill_reason received= -1
06-12 23:29:55.283 V/RootBeer(23915): b: a() [44] - /system/xbin/su binary detected!
06-12 23:29:55.289 V/DigitalSignage(  637): Package Name: null
06-12 23:29:55.289 V/DigitalSignage(  637): Left: 0
06-12 23:29:55.289 V/DigitalSignage(  637): Right: 0
06-12 23:29:55.289 V/DigitalSignage(  637): Top: 0
06-12 23:29:55.289 V/DigitalSignage(  637): Bottom: 0
06-12 23:29:55.290 D/DigitalSignage(  637): else - Package Name :: null left : 0 right :: 0 top :: 0 bottom :: 0 dfu-right :: 1920 dfu-bottom :: 1080
06-12 23:29:55.290 V/DigitalSignage(  637): Package Name: null
06-12 23:29:55.290 V/DigitalSignage(  637): Left: 0
06-12 23:29:55.290 V/DigitalSignage(  637): Right: 0
06-12 23:29:55.290 V/DigitalSignage(  637): Top: 0
06-12 23:29:55.290 V/DigitalSignage(  637): Bottom: 0
06-12 23:29:55.290 D/DigitalSignage(  637): else - Package Name :: null left : 0 right :: 0 top :: 0 bottom :: 0 dfu-right :: 1920 dfu-bottom :: 1080
06-12 23:29:55.314 I/hwservicemanager(  233): getTransport: Cannot find entry android.hardware.configstore@1.0::ISurfaceFlingerConfigs/default in either framework or device manifest.
06-12 23:29:55.350 D/stbdpc  (  403): STB_DPGetNumPaths[570]: num_paths: 1
06-12 23:29:55.383 I/lowmemorykiller(  231): medium memory pressure event is triggered for new strategy
06-12 23:29:55.383 D/lowmemorykiller(  231): LMKD mp_event_psi kill_reasons available are PRESSURE_AFTER_KILL, NOT_RESPONDING, LOW_SWAP_AND_THRASHING, LOW_MEM_AND_SWAP, LOW_MEM_AND_THRASHING, DIRECT_RECL_AND_THRASHING
06-12 23:29:55.383 D/lowmemorykiller(  231): LMKD mp_event_psi kill_reason received= -1
06-12 23:29:55.400 V/DigitalSignage(  637): Package Name: null
06-12 23:29:55.401 V/DigitalSignage(  637): Left: 0
06-12 23:29:55.401 V/DigitalSignage(  637): Right: 0
06-12 23:29:55.401 V/DigitalSignage(  637): Top: 0
06-12 23:29:55.401 V/DigitalSignage(  637): Bottom: 0
06-12 23:29:55.401 D/DigitalSignage(  637): else - Package Name :: null left : 0 right :: 0 top :: 0 bottom :: 0 dfu-right :: 1920 dfu-bottom :: 1080
06-12 23:29:55.402 V/DigitalSignage(  637): Package Name: null
06-12 23:29:55.402 V/DigitalSignage(  637): Left: 0
06-12 23:29:55.402 V/DigitalSignage(  637): Right: 0
06-12 23:29:55.402 V/DigitalSignage(  637): Top: 0
06-12 23:29:55.402 V/DigitalSignage(  637): Bottom: 0
06-12 23:29:55.402 D/DigitalSignage(  637): else - Package Name :: null left : 0 right :: 0 top :: 0 bottom :: 0 dfu-right :: 1920 dfu-bottom :: 1080
06-12 23:29:55.404 V/DigitalSignage(  637): Package Name: null
06-12 23:29:55.404 V/DigitalSignage(  637): Left: 0
06-12 23:29:55.404 V/DigitalSignage(  637): Right: 0
06-12 23:29:55.404 V/DigitalSignage(  637): Top: 0
06-12 23:29:55.405 V/DigitalSignage(  637): Bottom: 0
06-12 23:29:55.405 D/DigitalSignage(  637): else - Package Name :: null left : 0 right :: 0 top :: 0 bottom :: 0 dfu-right :: 1920 dfu-bottom :: 1080
06-12 23:29:55.405 V/DigitalSignage(  637): Package Name: null
06-12 23:29:55.405 V/DigitalSignage(  637): Left: 0
06-12 23:29:55.405 V/DigitalSignage(  637): Right: 0
06-12 23:29:55.405 V/DigitalSignage(  637): Top: 0
06-12 23:29:55.405 V/DigitalSignage(  637): Bottom: 0
06-12 23:29:55.405 D/DigitalSignage(  637): else - Package Name :: null left : 0 right :: 0 top :: 0 bottom :: 0 dfu-right :: 1920 dfu-bottom :: 1080
06-12 23:29:55.424 D/SessionLifecycleService(23915): Service bound to new client on process 23915
06-12 23:29:55.431 D/SessionLifecycleService(23915): App has not yet foregrounded. Using previously stored session.
06-12 23:29:55.431 D/SessionLifecycleService(23915): Client android.os.Messenger@a0106ac bound at 3962540. Clients: 1
06-12 23:29:55.432 V/DigitalSignage(  637): Package Name: null
06-12 23:29:55.433 V/DigitalSignage(  637): Left: 0
06-12 23:29:55.433 V/DigitalSignage(  637): Right: 0
06-12 23:29:55.433 V/DigitalSignage(  637): Top: 0
06-12 23:29:55.433 V/DigitalSignage(  637): Bottom: 0
06-12 23:29:55.433 D/DigitalSignage(  637): else - Package Name :: null left : 0 right :: 0 top :: 0 bottom :: 0 dfu-right :: 1920 dfu-bottom :: 1080
06-12 23:29:55.433 V/DigitalSignage(  637): Package Name: null
06-12 23:29:55.433 V/DigitalSignage(  637): Left: 0
06-12 23:29:55.433 V/DigitalSignage(  637): Right: 0
06-12 23:29:55.433 V/DigitalSignage(  637): Top: 0
06-12 23:29:55.433 V/DigitalSignage(  637): Bottom: 0
06-12 23:29:55.433 D/DigitalSignage(  637): else - Package Name :: null left : 0 right :: 0 top :: 0 bottom :: 0 dfu-right :: 1920 dfu-bottom :: 1080
06-12 23:29:55.444 I/android.hardware.power-service.libperfmgr(  369): Power setBoost: INTERACTION duration: 0
06-12 23:29:55.444 I/libperfmgr(  369): Do Powerhint: INTERACTION
06-12 23:29:55.450 D/stbdpc  (  403): STB_DPGetNumPaths[570]: num_paths: 1
06-12 23:29:55.483 I/lowmemorykiller(  231): medium memory pressure event is triggered for new strategy
06-12 23:29:55.483 D/lowmemorykiller(  231): LMKD mp_event_psi kill_reasons available are PRESSURE_AFTER_KILL, NOT_RESPONDING, LOW_SWAP_AND_THRASHING, LOW_MEM_AND_SWAP, LOW_MEM_AND_THRASHING, DIRECT_RECL_AND_THRASHING
06-12 23:29:55.483 D/lowmemorykiller(  231): LMKD mp_event_psi kill_reason received= -1
06-12 23:29:55.525 D/DvbiInterface(  403): startEmmSession[1104]: primary_address: "rtp://10.70.220.50@232.24.3.241:5001"
06-12 23:29:55.525 D/DvbiInterface(  403): startEmmSession[1114]: secondary_address: ""
06-12 23:29:55.525 I/DvbiInterface(  403): startEmmSession[1136]: IPTV_EMM_Open | [args] URI: "rtp://10.70.220.50@232.24.3.241", port: 5001, fec: 2
06-12 23:29:55.525 D/dvb_iptv(  403): IPTV_Emm_Open[2003]: URL=rtp://10.70.220.50@232.24.3.241, port=5001 fec_layer=2 port1=0, port2=0
06-12 23:29:55.525 D/dvb_iptv(  403): ParseUrl[1748]: before parse | url: "10.70.220.50@232.24.3.241", src_addr: "", mc_addr: ""
06-12 23:29:55.525 D/dvb_iptv(  403): ParseUrl[1811]: after parse | url: "232.24.3.241", src_addr: "10.70.220.50", mc_addr: "232.24.3.241"
06-12 23:29:55.525 D/dvb_iptv(  403): IPTV_Emm_Open[2032]: Found 2 addresses for 232.24.3.241
06-12 23:29:55.525 D/dvb_iptv(  403): IPTV_Emm_Open[2040]: 0: family=IPv4, type=datagram, protocol=UDP, multicast=yes
06-12 23:29:55.525 D/stbhwnet(  403): STB_NWBind[914]: Added IPV4 address to bind:232.24.3.241 
06-12 23:29:55.525 D/stbhwnet(  403): STB_NWBind[921]: Binding with address 232.24.3.241
06-12 23:29:55.525 D/stbhwnet(  403): STB_NWBind[928]: Bind (fd=16) port 5001, done okay
06-12 23:29:55.525 D/dvb_iptv(  403): SocketBind[727]: bound socket, port=5001
06-12 23:29:55.525 D/stbhwnet(  403): STB_NWAddMembership[1139]: using IPV4 protocol
06-12 23:29:55.525 D/stbhwnet(  403): STB_NWAddMembership[1142]: group_address: '232.24.3.241', source_address: '10.70.220.50'
06-12 23:29:55.525 D/stbhwnet(  403): STB_NWAddMembership[1156]: src url SSM enabled
06-12 23:29:55.525 D/stbhwnet(  403): STB_NWAddMembership[1163]: source addr: 10.70.220.50, group addr: 232.24.3.241, socket: 16
06-12 23:29:55.525 D/stbhwnet(  403): STB_NWAddMembership[1164]: setsocket success for source addrs
06-12 23:29:55.525 D/stbhwnet(  403): STB_NWAddMembership[1176]: setsockopt IP_MULTICAST_ALL params:
06-12 23:29:55.525 D/stbhwnet(  403): STB_NWAddMembership[1177]: mc_all: DISABLE
06-12 23:29:55.525 D/stbhwnet(  403): STB_NWAddMembership[1182]: setsockopt success for all
06-12 23:29:55.525 D/stbhwnet(  403): STB_NWBind[914]: Added IPV4 address to bind:232.24.3.241 
06-12 23:29:55.525 D/stbhwnet(  403): STB_NWBind[921]: Binding with address 232.24.3.241
06-12 23:29:55.525 D/stbhwnet(  403): STB_NWBind[928]: Bind (fd=17) port 5002, done okay
06-12 23:29:55.525 D/dvb_iptv(  403): SocketBind[727]: bound socket, port=5002
06-12 23:29:55.525 D/stbhwnet(  403): STB_NWAddMembership[1139]: using IPV4 protocol
06-12 23:29:55.525 D/stbhwnet(  403): STB_NWAddMembership[1142]: group_address: '232.24.3.241', source_address: '10.70.220.50'
06-12 23:29:55.526 D/stbhwnet(  403): STB_NWAddMembership[1156]: src url SSM enabled
06-12 23:29:55.526 D/stbhwnet(  403): STB_NWAddMembership[1163]: source addr: 10.70.220.50, group addr: 232.24.3.241, socket: 17
06-12 23:29:55.526 D/stbhwnet(  403): STB_NWAddMembership[1164]: setsocket success for source addrs
06-12 23:29:55.526 D/stbhwnet(  403): STB_NWAddMembership[1176]: setsockopt IP_MULTICAST_ALL params:
06-12 23:29:55.526 D/stbhwnet(  403): STB_NWAddMembership[1177]: mc_all: DISABLE
06-12 23:29:55.526 D/stbhwnet(  403): STB_NWAddMembership[1182]: setsockopt success for all
06-12 23:29:55.526 D/stbhwnet(  403): STB_NWBind[914]: Added IPV4 address to bind:232.24.3.241 
06-12 23:29:55.526 D/stbhwnet(  403): STB_NWBind[921]: Binding with address 232.24.3.241
06-12 23:29:55.526 D/stbhwnet(  403): STB_NWBind[928]: Bind (fd=18) port 5003, done okay
06-12 23:29:55.526 D/dvb_iptv(  403): SocketBind[727]: bound socket, port=5003
06-12 23:29:55.526 D/stbhwnet(  403): STB_NWAddMembership[1139]: using IPV4 protocol
06-12 23:29:55.526 D/stbhwnet(  403): STB_NWAddMembership[1142]: group_address: '232.24.3.241', source_address: '10.70.220.50'
06-12 23:29:55.526 D/stbhwnet(  403): STB_NWAddMembership[1156]: src url SSM enabled
06-12 23:29:55.526 D/stbhwnet(  403): STB_NWAddMembership[1163]: source addr: 10.70.220.50, group addr: 232.24.3.241, socket: 18
06-12 23:29:55.526 D/stbhwnet(  403): STB_NWAddMembership[1164]: setsocket success for source addrs
06-12 23:29:55.526 D/stbhwnet(  403): STB_NWAddMembership[1176]: setsockopt IP_MULTICAST_ALL params:
06-12 23:29:55.526 D/stbhwnet(  403): STB_NWAddMembership[1177]: mc_all: DISABLE
06-12 23:29:55.526 D/stbhwnet(  403): STB_NWAddMembership[1182]: setsockopt success for all
06-12 23:29:55.526 D/stbhwnet(  403): STB_NWBind[914]: Added IPV4 address to bind:232.24.3.241 
06-12 23:29:55.526 D/stbhwnet(  403): STB_NWBind[921]: Binding with address 232.24.3.241
06-12 23:29:55.526 D/stbhwnet(  403): STB_NWBind[928]: Bind (fd=19) port 5005, done okay
06-12 23:29:55.526 D/dvb_iptv(  403): SocketBind[727]: bound socket, port=5005
06-12 23:29:55.526 D/stbhwnet(  403): STB_NWAddMembership[1139]: using IPV4 protocol
06-12 23:29:55.526 D/stbhwnet(  403): STB_NWAddMembership[1142]: group_address: '232.24.3.241', source_address: '10.70.220.50'
06-12 23:29:55.526 D/stbhwnet(  403): STB_NWAddMembership[1156]: src url SSM enabled
06-12 23:29:55.526 D/stbhwnet(  403): STB_NWAddMembership[1163]: source addr: 10.70.220.50, group addr: 232.24.3.241, socket: 19
06-12 23:29:55.526 D/stbhwnet(  403): STB_NWAddMembership[1164]: setsocket success for source addrs
06-12 23:29:55.526 D/stbhwnet(  403): STB_NWAddMembership[1176]: setsockopt IP_MULTICAST_ALL params:
06-12 23:29:55.526 D/stbhwnet(  403): STB_NWAddMembership[1177]: mc_all: DISABLE
06-12 23:29:55.526 D/stbhwnet(  403): STB_NWAddMembership[1182]: setsockopt success for all
06-12 23:29:55.526 D/dvb_iptv(  403): IPTV_Emm_Open[2126]: [SockTime] EMM socket open time: 1749751195s 526754us
06-12 23:29:55.526 I/Aml_MP  (  403): AmlCasBase [create:29] cas serviceType: verimatrix IPTV
06-12 23:29:55.526 I/Aml_MP  (  403): AmlCasBase create, iptv vmxcas v2 support
06-12 23:29:55.526 I/Aml_MP  (  403): AmlVMXIptvCas_V2 ctor AmlVMXIptvCas_V2
06-12 23:29:55.526 D/am_cas_api(  403): [createAmCas/77]
06-12 23:29:55.526 E/AVPIPTV (  403): [0] AmCasIPTVSC2 at # 672, class_instance_index=0
06-12 23:29:55.526 D/ltts_ip_emm(  403): openEmmCasSession[437]: IPTV EMM Cas openSession susccess CASSession ID: f32b4c00
06-12 23:29:55.527 D/DvbiInterface(  403): StopStartcurrentemmsession[1198]: Successfully started the emm session: 0xf36919c0
06-12 23:29:55.527 D/dvb_iptv(  403): restartEmmSession[1181]: restart Emm monitor task success
06-12 23:29:55.527 D/dvb_iptv(  403): restartEmmSession[1187]: restart Emm monitor task stop and start successful - 1
06-12 23:29:55.527 D/dvb_iptv(  403): restartEmmSession[1172]: waiting for restart emm signal
06-12 23:29:55.550 D/stbdpc  (  403): STB_DPGetNumPaths[570]: num_paths: 1
06-12 23:29:55.551 I/lowmemorykiller(  231): medium memory pressure event is triggered for new strategy
06-12 23:29:55.551 D/lowmemorykiller(  231): LMKD mp_event_psi kill_reasons available are PRESSURE_AFTER_KILL, NOT_RESPONDING, LOW_SWAP_AND_THRASHING, LOW_MEM_AND_SWAP, LOW_MEM_AND_THRASHING, DIRECT_RECL_AND_THRASHING
06-12 23:29:55.551 D/lowmemorykiller(  231): LMKD mp_event_psi kill_reason received= -1
