06-12 15:20:02.358 I/android.hardware.power-service.libperfmgr(  369): Power setBoost: INTERACTION duration: 0
06-12 15:20:02.358 I/libperfmgr(  369): Do Powerhint: INTERACTION
06-12 15:20:02.358 D/WindowManager(  632): interceptKeyTi keyCode=66 down=true repeatCount=0 keyguardOn=false canceled=false
06-12 15:20:02.358 D/WindowManager(  632): CloudPC is in NOT in foreground
06-12 15:20:02.358 I/android.hardware.power-service.libperfmgr(  369): Power setBoost: INTERACTION duration: 0
06-12 15:20:02.358 I/libperfmgr(  369): Do Powerhint: INTERACTION
06-12 15:20:02.358 D/WindowManager(  632): isKeyNeedsToPassToJioCloudPC :: NO
06-12 15:20:02.359 D/GlobalKeyManager(  632): KeyEvent { action=ACTION_DOWN, keyCode=KEYCODE_ENTER, scanCode=0, metaState=0, flags=0x0, repeatCount=0, eventTime=1877693, downTime=1877693, deviceId=-1, source=0x101, displayId=-1 }
06-12 15:20:02.359 D/InputDispatcher(  632): Setting input event injection result to 0.  injectorPid=13828, injectorUid=0
06-12 15:20:02.360 D/InputDispatcher(  632): injectInputEvent - Waiting for 1 pending foreground dispatches.
06-12 15:20:02.360 D/stbdpc  (  405): STB_DPGetNumPaths[570]: num_paths: 1
06-12 15:20:02.364 D/InputDispatcher(  632): injectInputEvent - Finished with result 0. injectorPid=13828, injectorUid=0
06-12 15:20:02.367 D/InputDispatcher(  632): injectInputEvent - eventType=1, injectorPid=13828, injectorUid=0, syncMode=2, timeout=30000, policyFlags=0x08000000
06-12 15:20:02.367 D/WindowManager(  632): interceptKeyTq keycode=66 interactive=true keyguardActive=false policyFlags=2b000000
06-12 15:20:02.367 D/WindowManager(  632): CloudPC is in NOT in foreground
06-12 15:20:02.367 D/WindowManager(  632): isKeyNeedsToPassToJioCloudPC :: NO
06-12 15:20:02.368 D/WindowManager(  632): interceptKeyTi keyCode=66 down=false repeatCount=0 keyguardOn=false canceled=false
06-12 15:20:02.368 D/WindowManager(  632): CloudPC is in NOT in foreground
06-12 15:20:02.368 D/WindowManager(  632): isKeyNeedsToPassToJioCloudPC :: NO
06-12 15:20:02.369 D/GlobalKeyManager(  632): KeyEvent { action=ACTION_UP, keyCode=KEYCODE_ENTER, scanCode=0, metaState=0, flags=0x0, repeatCount=0, eventTime=1877693, downTime=1877693, deviceId=-1, source=0x101, displayId=-1 }
06-12 15:20:02.369 D/InputDispatcher(  632): Setting input event injection result to 0.  injectorPid=13828, injectorUid=0
06-12 15:20:02.369 D/InputDispatcher(  632): injectInputEvent - Waiting for 1 pending foreground dispatches.
06-12 15:20:02.378 I/system_server(  632): oneway function results will be dropped but finished with status OK and parcel size 4
06-12 15:20:02.378 I/sub_mixing_factory(  350): [usecase_change_validate_l_sm:1209] ++++continuous:0 dev masks:0, out masks:0, out usecase PCM_NORMAL
06-12 15:20:02.378 I/sub_mixing_factory(  350): [usecase_change_validate_l_sm:1216] add usecase PCM_NORMAL, cnt 1
06-12 15:20:02.378 D/sub_mixing_factory(  350): [usecase_change_validate_l_sm:1228] cur dev masks:0, add out usecase:PCM_NORMAL
06-12 15:20:02.378 I/sub_mixing_factory(  350): [usecase_change_validate_l_sm:1259] ----continuous:0 dev masks:0x1, out masks:0x1, out usecase PCM_NORMAL
06-12 15:20:02.378 D/aml_audio_port(  350): [new_input_port:260] buf_frames:384,frame_size:4 ==> thunk_size:1536
06-12 15:20:02.378 I/aml_audio_port(  350): [get_input_port_type:109] samplerate:48000, flags:0x2, channel_cnt:2
06-12 15:20:02.378 D/aml_audio_port(  350): [new_input_port:286] inport:PCM_SYSTEM, buf:6144, direct:0, format:0x1, rate:48000, ch:2
06-12 15:20:02.378 I/amlAudioMixer(  350): [init_mixer_input_port:175] input port:PCM_SYSTEM, size 384 frames, frame_write_sum:13694976
06-12 15:20:02.379 I/aml_audio_port(  350): [get_input_port_type:109] samplerate:48000, flags:0x2, channel_cnt:2
06-12 15:20:02.379 I/sub_mixing_factory(  350): [mixer_aux_buffer_write_sm:1066] stream 0xf557b000 input port:PCM_SYSTEM
06-12 15:20:02.379 I/sub_mixing_factory(  350): [mixer_aux_buffer_write_sm:1076] padding_bytes 12288
06-12 15:20:02.379 I/amlAudioMixer(  350): [mixer_write_inport:260] input port:PCM_SYSTEM is active now
06-12 15:20:02.379 I/system_server(  632): oneway function results will be dropped but finished with status OK and parcel size 4
06-12 15:20:02.379 I/sub_mixing_factory(  350): [mixer_aux_buffer_write_sm:1076] padding_bytes 10752
06-12 15:20:02.379 I/sub_mixing_factory(  350): [mixer_aux_buffer_write_sm:1076] padding_bytes 9216
06-12 15:20:02.379 I/sub_mixing_factory(  350): [mixer_aux_buffer_write_sm:1076] padding_bytes 7680
06-12 15:20:02.379 I/sub_mixing_factory(  350): [mixer_aux_buffer_write_sm:1076] padding_bytes 6144
06-12 15:20:02.385 I/amlAudioMixer(  350): [mixer_inports_read:704] input port:PCM_SYSTEM first start, portId:0, avail:6144
06-12 15:20:02.390 I/sub_mixing_factory(  350): [mixer_aux_buffer_write_sm:1076] padding_bytes 4608
06-12 15:20:02.394 D/InputDispatcher(  632): injectInputEvent - Finished with result 0. injectorPid=13828, injectorUid=0
06-12 15:20:02.397 I/sub_mixing_factory(  350): [mixer_aux_buffer_write_sm:1076] padding_bytes 3072
06-12 15:20:02.405 I/sub_mixing_factory(  350): [mixer_aux_buffer_write_sm:1076] padding_bytes 1536
06-12 15:20:02.410 I/appium  (13851): AppiumResponse: {"sessionId":"3b752581-9686-4bc5-8e1a-59b5b6ec8a34","value":null}
06-12 15:20:02.460 D/stbdpc  (  405): STB_DPGetNumPaths[570]: num_paths: 1
06-12 15:20:02.496 D/JioAppOptimizer( 1699): AppOptimizerService :: handleMessage()
06-12 15:20:02.500 D/JioAppOptimizer( 1699): AppOptimizerService :: handleMessage() : Foreground Package=in.startv.hotstar
06-12 15:20:02.500 D/JioAppOptimizer( 1699): AppOptimizerService :: handleMessage() : Free memory available in MB : 607.25
06-12 15:20:02.500 D/JioAppOptimizer( 1699): AppOptimizerService :: handleMessage() : checkAndRemoveBackgroundApps()
06-12 15:20:02.500 D/JioAppOptimizer( 1699): AppOptimizerService :: checkAndRemoveBackgroundApps()
06-12 15:20:02.561 D/stbdpc  (  405): STB_DPGetNumPaths[570]: num_paths: 1
06-12 15:20:02.652 D/dvb_iptv(  405): ReadEmmNetworkTask[1537]: EMM Select Timeout Occured 46
06-12 15:20:02.661 D/stbdpc  (  405): STB_DPGetNumPaths[570]: num_paths: 1
06-12 15:20:02.687 I/system_server(  632): oneway function results will be dropped but finished with status OK and parcel size 4
06-12 15:20:02.687 W/APM::AudioPolicyEngine(  390): getDevicesForStrategy() unknown strategy: -1
06-12 15:20:02.704 E/ocessService0:( 2273): failed to create Unix domain socket: Operation not permitted
06-12 15:20:02.761 D/stbdpc  (  405): STB_DPGetNumPaths[570]: num_paths: 1
06-12 15:20:02.861 I/chatty  (  405): uid=0(root) DK-SiCntrl identical 1 line
06-12 15:20:02.961 D/stbdpc  (  405): STB_DPGetNumPaths[570]: num_paths: 1
06-12 15:20:03.032 D/rtk_heartbeat(  351): heartbeat_timed_out: heartbeatCmdCount = 1855, expected nextSeqNum = 1855
06-12 15:20:03.033 D/rtk_heartbeat(  351): rtkbt_heartbeat_cmpl_cback: Current SeqNum = 1855,should SeqNum=1855, status = 0
06-12 15:20:03.061 D/stbdpc  (  405): STB_DPGetNumPaths[570]: num_paths: 1
06-12 15:20:03.063 D/ltts_ip_emm(  405): LTTS_IP_DMXStartEMM[381]: parse_emm_cat_status failed
06-12 15:20:03.152 D/dvb_iptv(  405): ReadEmmNetworkTask[1537]: EMM Select Timeout Occured 47
06-12 15:20:03.162 D/stbdpc  (  405): STB_DPGetNumPaths[570]: num_paths: 1
06-12 15:20:03.262 D/stbdpc  (  405): STB_DPGetNumPaths[570]: num_paths: 1
06-12 15:20:03.322 D/JioStbInactivityTimer(  933): Timer: count 26 warningTimeout:10680 timeout:10800
06-12 15:20:03.322 D/JioStbInactivityTimer(  933): isUserActive: Curr:1851244 Prev:1851244
06-12 15:20:03.332 I/ThermalService(  986): CPU temperatures: [65.8]
06-12 15:20:03.362 D/stbdpc  (  405): STB_DPGetNumPaths[570]: num_paths: 1
06-12 15:20:03.462 D/stbdpc  (  405): STB_DPGetNumPaths[570]: num_paths: 1
06-12 15:20:03.481 E/WifiVendorHal(  632): getWifiLinkLayerStats_1_3_Internal(l.973) failed {.code = ERROR_UNKNOWN, .description = unknown error}
06-12 15:20:03.562 D/stbdpc  (  405): STB_DPGetNumPaths[570]: num_paths: 1
06-12 15:20:03.653 D/dvb_iptv(  405): ReadEmmNetworkTask[1537]: EMM Select Timeout Occured 48
06-12 15:20:03.663 D/stbdpc  (  405): STB_DPGetNumPaths[570]: num_paths: 1
06-12 15:20:03.835 V/DigitalSignage(  632): Package Name: null
06-12 15:20:03.835 V/DigitalSignage(  632): Left: 0
06-12 15:20:03.835 V/DigitalSignage(  632): Right: 0
06-12 15:20:03.835 V/DigitalSignage(  632): Top: 0
06-12 15:20:03.835 V/DigitalSignage(  632): Bottom: 0
06-12 15:20:03.835 D/DigitalSignage(  632): else - Package Name :: null left : 0 right :: 0 top :: 0 bottom :: 0 dfu-right :: 1920 dfu-bottom :: 1080
06-12 15:20:03.763 D/stbdpc  (  405): STB_DPGetNumPaths[570]: num_paths: 1
06-12 15:20:03.852 I/.startv.hotsta(13920): oneway function results will be dropped but finished with status OK and parcel size 4
06-12 15:20:03.858 I/e.swalekh.abct( 1336): oneway function results will be dropped but finished with status OK and parcel size 4
06-12 15:20:03.863 D/stbdpc  (  405): STB_DPGetNumPaths[570]: num_paths: 1
06-12 15:20:03.868 V/DigitalSignage(  632): Package Name: null
06-12 15:20:03.868 V/DigitalSignage(  632): Left: 0
06-12 15:20:03.868 V/DigitalSignage(  632): Right: 0
06-12 15:20:03.868 V/DigitalSignage(  632): Top: 0
06-12 15:20:03.868 V/DigitalSignage(  632): Bottom: 0
06-12 15:20:03.868 D/DigitalSignage(  632): else - Package Name :: null left : 0 right :: 0 top :: 0 bottom :: 0 dfu-right :: 1920 dfu-bottom :: 1080
06-12 15:20:03.887 D/JioSTBMRServer-SERVICE( 3304): InetSocketAddress(InetAddress.getByName(inetAddress.hostAddress)-/192.168.1.255
06-12 15:20:03.888 D/JioSTBMRServer-SERVICE( 3304): #beacon:RKISBFJ60000097:0:false:0:1:SV=181024 , 192.168.1.255
06-12 15:20:03.919 D/JioSTBMRServer-SERVICE( 3304): InetSocketAddress(InetAddress.getByName(inetAddress.hostAddress)-/192.168.1.255
06-12 15:20:03.919 D/JioSTBMRServer-SERVICE( 3304): #broadcast IP:192.168.1.255
06-12 15:20:03.941 I/.startv.hotsta(13920): Background young concurrent copying GC freed 102343(5921KB) AllocSpace objects, 45(1048KB) LOS objects, 28% free, 16MB/22MB, paused 237us total 116.418ms
06-12 15:20:03.963 D/stbdpc  (  405): STB_DPGetNumPaths[570]: num_paths: 1
06-12 15:20:04.032 D/rtk_heartbeat(  351): heartbeat_timed_out: heartbeatCmdCount = 1856, expected nextSeqNum = 1856
06-12 15:20:04.037 D/rtk_heartbeat(  351): rtkbt_heartbeat_cmpl_cback: Current SeqNum = 1856,should SeqNum=1856, status = 0
06-12 15:20:04.063 D/stbdpc  (  405): STB_DPGetNumPaths[570]: num_paths: 1
06-12 15:20:04.153 D/dvb_iptv(  405): ReadEmmNetworkTask[1537]: EMM Select Timeout Occured 49
06-12 15:20:04.164 D/stbdpc  (  405): STB_DPGetNumPaths[570]: num_paths: 1
06-12 15:20:04.191 W/[ 1879.547582@0]  RTW(    0): fill_default_txdesc(wlan0): SP Packet(0x0806) rate=0x4 SeqNum = 1246
06-12 15:20:04.264 D/stbdpc  (  405): STB_DPGetNumPaths[570]: num_paths: 1
06-12 15:20:04.322 D/JioStbInactivityTimer(  933): Timer: count 27 warningTimeout:10680 timeout:10800
06-12 15:20:04.322 D/JioStbInactivityTimer(  933): isUserActive: Curr:1851244 Prev:1851244
06-12 15:20:04.364 D/stbdpc  (  405): STB_DPGetNumPaths[570]: num_paths: 1
06-12 15:20:04.377 D/JioLauncher( 1781): isInternetAvailable-method-response-204
06-12 15:20:04.384 D/JioLauncher( 1781): isMulticastReceiver-Connected-to-5GHz-Wi-Fi-network
06-12 15:20:04.448 I/appium  (13851): channel read: POST /session/3b752581-9686-4bc5-8e1a-59b5b6ec8a34/element
06-12 15:20:04.450 I/appium  (13851): FindElement command
06-12 15:20:04.464 D/stbdpc  (  405): STB_DPGetNumPaths[570]: num_paths: 1
06-12 15:20:04.469 I/appium  (13851): method: 'xpath', selector: '//android.widget.TextView[@resource-id='in.startv.hotstar:id/title']'
06-12 15:20:04.470 I/appium  (13851): Waiting up to 10000ms for the device to idle
06-12 15:20:04.564 D/stbdpc  (  405): STB_DPGetNumPaths[570]: num_paths: 1
06-12 15:20:04.653 D/dvb_iptv(  405): ReadEmmNetworkTask[1537]: EMM Select Timeout Occured 50
06-12 15:20:04.664 D/stbdpc  (  405): STB_DPGetNumPaths[570]: num_paths: 1
06-12 15:20:04.743 E/ocessService0:( 2273): failed to create Unix domain socket: Operation not permitted
06-12 15:20:04.765 D/stbdpc  (  405): STB_DPGetNumPaths[570]: num_paths: 1
06-12 15:20:04.824 D/[261   ] JioAccount-ADC( 2132): com.jio.adc.core.b$3 run> Unbinding
06-12 15:20:04.865 D/stbdpc  (  405): STB_DPGetNumPaths[570]: num_paths: 1
06-12 15:20:04.965 D/stbdpc  (  405): STB_DPGetNumPaths[570]: num_paths: 1
06-12 15:20:05.032 D/rtk_heartbeat(  351): heartbeat_timed_out: heartbeatCmdCount = 1857, expected nextSeqNum = 1857
06-12 15:20:05.034 D/rtk_heartbeat(  351): rtkbt_heartbeat_cmpl_cback: Current SeqNum = 1857,should SeqNum=1857, status = 0
06-12 15:20:05.063 D/ltts_ip_emm(  405): LTTS_IP_DMXStartEMM[381]: parse_emm_cat_status failed
06-12 15:20:05.065 D/stbdpc  (  405): STB_DPGetNumPaths[570]: num_paths: 1
06-12 15:20:05.153 D/dvb_iptv(  405): ReadEmmNetworkTask[1537]: EMM Select Timeout Occured 51
06-12 15:20:05.165 D/stbdpc  (  405): STB_DPGetNumPaths[570]: num_paths: 1
06-12 15:20:05.266 D/stbdpc  (  405): STB_DPGetNumPaths[570]: num_paths: 1
06-12 15:20:05.322 D/JioStbInactivityTimer(  933): Timer: count 28 warningTimeout:10680 timeout:10800
06-12 15:20:05.323 D/JioStbInactivityTimer(  933): isUserActive: Curr:1851244 Prev:1851244
06-12 15:20:05.336 I/ThermalService(  986): CPU temperatures: [66.5]
06-12 15:20:05.366 D/stbdpc  (  405): STB_DPGetNumPaths[570]: num_paths: 1
06-12 15:20:05.441 I/appium  (13851): The following attributes will be included to the page source: [resource-id]
06-12 15:20:05.466 D/stbdpc  (  405): STB_DPGetNumPaths[570]: num_paths: 1
06-12 15:20:05.507 D/sub_mixing_factory(  350): [out_standby_subMixingPCM:1324] out_stream(0xf557b000) usecase: PCM_NORMAL
06-12 15:20:05.507 I/sub_mixing_factory(  350): [usecase_change_validate_l_sm:1170] cur dev masks:0x1, delete out usecase:PCM_NORMAL
06-12 15:20:05.509 I/sub_mixing_factory(  350): [usecase_change_validate_l_sm:1180] standby unmask usecase PCM_NORMAL
06-12 15:20:05.509 I/amlAudioMixer(  350): [delete_mixer_input_port:197] input port ID:0, type:PCM_SYSTEM, cur mask:0x1
06-12 15:20:05.510 I/system_server(  632): oneway function results will be dropped but finished with status OK and parcel size 4
06-12 15:20:05.566 D/stbdpc  (  405): STB_DPGetNumPaths[570]: num_paths: 1
06-12 15:20:05.653 D/dvb_iptv(  405): ReadEmmNetworkTask[1537]: EMM Select Timeout Occured 52
06-12 15:20:05.666 D/stbdpc  (  405): STB_DPGetNumPaths[570]: num_paths: 1
06-12 15:20:05.697 I/appium  (13851): Took 0ms to retrieve 1 matches for '//android.widget.TextView[@resource-id='in.startv.hotstar:id/title']' XPath2 query
06-12 15:20:05.704 I/appium  (13851): AppiumResponse: {"sessionId":"3b752581-9686-4bc5-8e1a-59b5b6ec8a34","value":{"ELEMENT":"00000000-0000-001d-ffff-ffff000000aa","element-6066-11e4-a52e-4f735466cecf":"00000000-0000-001d-ffff-ffff000000aa"}}
06-12 15:20:05.731 I/appium  (13851): channel read: GET /session/3b752581-9686-4bc5-8e1a-59b5b6ec8a34/element/00000000-0000-001d-ffff-ffff000000aa/attribute/displayed
06-12 15:20:05.732 I/appium  (13851): GetElementAttribute command
06-12 15:20:05.742 I/appium  (13851): AppiumResponse: {"sessionId":"3b752581-9686-4bc5-8e1a-59b5b6ec8a34","value":"true"}
06-12 15:20:05.765 I/appium  (13851): channel read: GET /session/3b752581-9686-4bc5-8e1a-59b5b6ec8a34/element/00000000-0000-001d-ffff-ffff000000aa/attribute/displayed
06-12 15:20:05.766 D/stbdpc  (  405): STB_DPGetNumPaths[570]: num_paths: 1
06-12 15:20:05.767 I/appium  (13851): GetElementAttribute command
06-12 15:20:05.776 I/appium  (13851): AppiumResponse: {"sessionId":"3b752581-9686-4bc5-8e1a-59b5b6ec8a34","value":"true"}
06-12 15:20:05.804 I/appium  (13851): channel read: POST /session/3b752581-9686-4bc5-8e1a-59b5b6ec8a34/appium/device/press_keycode
06-12 15:20:05.805 I/appium  (13851): PressKeyCode command
06-12 15:20:05.805 I/appium  (13851): Calling PressKeyCode... 
06-12 15:20:05.811 D/UiDevice(13851): Pressing keycodes [4] with modifier 0.
06-12 15:20:05.825 D/InputDispatcher(  632): injectInputEvent - eventType=1, injectorPid=13828, injectorUid=0, syncMode=2, timeout=30000, policyFlags=0x08000000
06-12 15:20:05.825 D/WindowManager(  632): interceptKeyTq keycode=4 interactive=true keyguardActive=false policyFlags=2b000000
06-12 15:20:05.826 D/WindowManager(  632): CloudPC is in NOT in foreground
06-12 15:20:05.826 D/WindowManager(  632): isKeyNeedsToPassToJioCloudPC :: NO
06-12 15:20:05.827 I/android.hardware.power-service.libperfmgr(  369): Power setBoost: INTERACTION duration: 0
06-12 15:20:05.827 I/libperfmgr(  369): Do Powerhint: INTERACTION
06-12 15:20:05.827 D/WindowManager(  632): interceptKeyTi keyCode=4 down=true repeatCount=0 keyguardOn=false canceled=false
06-12 15:20:05.827 D/WindowManager(  632): CloudPC is in NOT in foreground
06-12 15:20:05.827 I/android.hardware.power-service.libperfmgr(  369): Power setBoost: INTERACTION duration: 0
06-12 15:20:05.827 I/libperfmgr(  369): Do Powerhint: INTERACTION
06-12 15:20:05.827 D/WindowManager(  632): isKeyNeedsToPassToJioCloudPC :: NO
06-12 15:20:05.827 D/GlobalKeyManager(  632): KeyEvent { action=ACTION_DOWN, keyCode=KEYCODE_BACK, scanCode=0, metaState=0, flags=0x0, repeatCount=0, eventTime=1881167, downTime=1881167, deviceId=-1, source=0x101, displayId=-1 }
06-12 15:20:05.828 D/InputDispatcher(  632): Setting input event injection result to 0.  injectorPid=13828, injectorUid=0
06-12 15:20:05.828 D/InputDispatcher(  632): injectInputEvent - Waiting for 1 pending foreground dispatches.
06-12 15:20:05.830 D/InputDispatcher(  632): injectInputEvent - Finished with result 0. injectorPid=13828, injectorUid=0
06-12 15:20:05.832 D/InputDispatcher(  632): injectInputEvent - eventType=1, injectorPid=13828, injectorUid=0, syncMode=2, timeout=30000, policyFlags=0x08000000
06-12 15:20:05.832 D/WindowManager(  632): interceptKeyTq keycode=4 interactive=true keyguardActive=false policyFlags=2b000000
06-12 15:20:05.832 D/WindowManager(  632): CloudPC is in NOT in foreground
06-12 15:20:05.832 D/WindowManager(  632): isKeyNeedsToPassToJioCloudPC :: NO
06-12 15:20:05.833 D/AutofillManagerService(  632): onBackKeyPressed()
06-12 15:20:05.833 D/WindowManager(  632): interceptKeyTi keyCode=4 down=false repeatCount=0 keyguardOn=false canceled=false
06-12 15:20:05.833 D/WindowManager(  632): CloudPC is in NOT in foreground
06-12 15:20:05.833 D/WindowManager(  632): isKeyNeedsToPassToJioCloudPC :: NO
06-12 15:20:05.833 D/GlobalKeyManager(  632): KeyEvent { action=ACTION_UP, keyCode=KEYCODE_BACK, scanCode=0, metaState=0, flags=0x0, repeatCount=0, eventTime=1881167, downTime=1881167, deviceId=-1, source=0x101, displayId=-1 }
06-12 15:20:05.833 D/InputDispatcher(  632): Setting input event injection result to 0.  injectorPid=13828, injectorUid=0
06-12 15:20:05.834 D/InputDispatcher(  632): injectInputEvent - Waiting for 1 pending foreground dispatches.
06-12 15:20:05.839 D/InputDispatcher(  632): injectInputEvent - Finished with result 0. injectorPid=13828, injectorUid=0
06-12 15:20:05.862 I/appium  (13851): AppiumResponse: {"sessionId":"3b752581-9686-4bc5-8e1a-59b5b6ec8a34","value":null}
06-12 15:20:05.867 D/stbdpc  (  405): STB_DPGetNumPaths[570]: num_paths: 1
06-12 15:20:05.892 I/appium  (13851): channel read: POST /session/3b752581-9686-4bc5-8e1a-59b5b6ec8a34/elements
06-12 15:20:05.895 I/appium  (13851): FindElements command
06-12 15:20:05.898 I/appium  (13851): method: 'xpath', selector: '//android.widget.TextView[@resource-id='in.startv.hotstar:id/tv_title']'
06-12 15:20:05.899 I/appium  (13851): Waiting up to 10000ms for the device to idle
06-12 15:20:05.949 I/.startv.hotsta(13920): oneway function results will be dropped but finished with status OK and parcel size 4
06-12 15:20:05.952 I/e.swalekh.abct( 1336): oneway function results will be dropped but finished with status OK and parcel size 4
06-12 15:20:05.959 D/JioSTBMRServer-SERVICE( 3304): InetSocketAddress(InetAddress.getByName(inetAddress.hostAddress)-/192.168.1.255
06-12 15:20:05.959 D/JioSTBMRServer-SERVICE( 3304): #beacon:RKISBFJ60000097:0:false:0:1:SV=181024 , 192.168.1.255
06-12 15:20:05.963 D/JioSTBMRServer-SERVICE( 3304): InetSocketAddress(InetAddress.getByName(inetAddress.hostAddress)-/192.168.1.255
06-12 15:20:05.963 D/JioSTBMRServer-SERVICE( 3304): #broadcast IP:192.168.1.255
06-12 15:20:05.967 D/stbdpc  (  405): STB_DPGetNumPaths[570]: num_paths: 1
06-12 15:20:06.032 D/rtk_heartbeat(  351): heartbeat_timed_out: heartbeatCmdCount = 1858, expected nextSeqNum = 1858
06-12 15:20:06.033 D/rtk_heartbeat(  351): rtkbt_heartbeat_cmpl_cback: Current SeqNum = 1858,should SeqNum=1858, status = 0
06-12 15:20:06.041 D/JioLauncher( 1781): overlay status check for wifi and bt remote false false
06-12 15:20:06.043 D/JioLauncher( 1781): diagnosis-fragment-onConnectivityChanged
06-12 15:20:06.044 D/Match code1( 1449): 2
06-12 15:20:06.044 D/JIO_TR069-( 1449): Predefined List [com.jio.stb.catv, com.rjil.jiostbsetting, com.iwedia.ui.rjio.launcher.reliance, com.jio.stb.hotellauncher, com.jio.media.oberoi, com.jio.ott]
06-12 15:20:06.046 D/JIO_TR069-( 1449): Caller Package com.iwedia.ui.rjio.launcher.reliance
06-12 15:20:06.046 D/JIO_TR069-( 1449): White Listed Apps []
06-12 15:20:06.046 D/JIO_TR069-( 1449): Final White Listed Apps [com.jio.stb.catv, com.rjil.jiostbsetting, com.iwedia.ui.rjio.launcher.reliance, com.jio.stb.hotellauncher, com.jio.media.oberoi, com.jio.ott, ]
06-12 15:20:06.049 D/JioLauncher( 1781): network-type-------NonJioNetwork
06-12 15:20:06.053 D/JioLauncher( 1781): live-tv-previousIp-[/fe80::1%wlan0, /192.168.1.1]-newHost-[/fe80::1%wlan0, /192.168.1.1]
06-12 15:20:06.055 D/JioLauncher( 1781): diagnosis-network-1
06-12 15:20:06.057 D/JioLauncher( 1781): getSSID-<unknown ssid>
06-12 15:20:06.060 D/JioLauncher( 1781): ThreadCount-132
06-12 15:20:06.060 D/JioLauncher( 1781): isInactivityPopupDisplaying-{"inactivity_status_modified_time":1420050611833,"inactivity_status":false,"inactivity_window_timeout":120000}
06-12 15:20:06.060 D/JioLauncher( 1781): inactivity_status-false- result-false
06-12 15:20:06.060 D/JioLauncher( 1781): overlay-removing-type-JIO_BLOCK_ALERT_TYPE  -isInactivityPopupDisplaying-false
06-12 15:20:06.060 D/JioLauncher( 1781): ThreadCount-132
06-12 15:20:06.061 D/JioLauncher( 1781): isInactivityPopupDisplaying-{"inactivity_status_modified_time":1420050611833,"inactivity_status":false,"inactivity_window_timeout":120000}
06-12 15:20:06.061 D/JioLauncher( 1781): inactivity_status-false- result-false
06-12 15:20:06.061 D/JioLauncher( 1781): block-apps 1 null false
06-12 15:20:06.061 D/JioLauncher( 1781): global-key-unblock-all-key
06-12 15:20:06.063 D/JioLauncher( 1781): block-apps -1 null false
06-12 15:20:06.064 D/JioLauncher( 1781): global-key-block-all-key--others
06-12 15:20:06.066 D/JioLauncher( 1781): diagnosis-block-false
06-12 15:20:06.067 D/stbdpc  (  405): STB_DPGetNumPaths[570]: num_paths: 1
06-12 15:20:06.070 D/JioLauncher( 1781): getSSID-<unknown ssid>
06-12 15:20:06.153 D/dvb_iptv(  405): ReadEmmNetworkTask[1537]: EMM Select Timeout Occured 53
06-12 15:20:06.167 D/stbdpc  (  405): STB_DPGetNumPaths[570]: num_paths: 1
06-12 15:20:06.219 F/linker  (14103): CANNOT LINK EXECUTABLE "/system/bin/smartcable/smartCableSTBApp": library "libmosquitto.so" not found: needed by main executable
06-12 15:20:06.267 D/stbdpc  (  405): STB_DPGetNumPaths[570]: num_paths: 1
06-12 15:20:06.322 D/JioStbInactivityTimer(  933): Timer: count 29 warningTimeout:10680 timeout:10800
06-12 15:20:06.322 D/JioStbInactivityTimer(  933): isUserActive: Curr:1851244 Prev:1851244
06-12 15:20:06.367 D/stbdpc  (  405): STB_DPGetNumPaths[570]: num_paths: 1
06-12 15:20:06.468 D/stbdpc  (  405): STB_DPGetNumPaths[570]: num_paths: 1
06-12 15:20:06.495 E/WifiVendorHal(  632): getWifiLinkLayerStats_1_3_Internal(l.973) failed {.code = ERROR_UNKNOWN, .description = unknown error}
06-12 15:20:06.568 D/stbdpc  (  405): STB_DPGetNumPaths[570]: num_paths: 1
06-12 15:20:06.568 I/appium  (13851): The following attributes will be included to the page source: [resource-id]
06-12 15:20:06.654 D/dvb_iptv(  405): ReadEmmNetworkTask[1537]: EMM Select Timeout Occured 54
06-12 15:20:06.668 D/stbdpc  (  405): STB_DPGetNumPaths[570]: num_paths: 1
06-12 15:20:06.768 D/stbdpc  (  405): STB_DPGetNumPaths[570]: num_paths: 1
06-12 15:20:06.784 E/ocessService0:( 2273): failed to create Unix domain socket: Operation not permitted
06-12 15:20:06.815 I/appium  (13851): Took 0ms to retrieve 8 matches for '//android.widget.TextView[@resource-id='in.startv.hotstar:id/tv_title']' XPath2 query
06-12 15:20:06.821 I/appium  (13851): Caching 8 found elements
06-12 15:20:06.833 I/appium  (13851): Cached 8 elements
06-12 15:20:06.839 I/appium  (13851): AppiumResponse: {"sessionId":"3b752581-9686-4bc5-8e1a-59b5b6ec8a34","value":[{"ELEMENT":"00000000-0000-001d-ffff-ffff00000022","element-6066-11e4-a52e-4f735466cecf":"00000000-0000-001d-ffff-ffff00000022"},{"ELEMENT":"00000000-0000-001d-ffff-ffff00000027","element-6066-11e4-a52e-4f735466cecf":"00000000-0000-001d-fff
06-12 15:20:06.868 D/stbdpc  (  405): STB_DPGetNumPaths[570]: num_paths: 1
06-12 15:20:06.869 I/appium  (13851): channel read: GET /session/3b752581-9686-4bc5-8e1a-59b5b6ec8a34/element/00000000-0000-001d-ffff-ffff00000022/attribute/displayed
06-12 15:20:06.870 I/appium  (13851): GetElementAttribute command
06-12 15:20:06.878 I/appium  (13851): AppiumResponse: {"sessionId":"3b752581-9686-4bc5-8e1a-59b5b6ec8a34","value":"true"}
06-12 15:20:06.899 I/appium  (13851): channel read: GET /session/3b752581-9686-4bc5-8e1a-59b5b6ec8a34/element/00000000-0000-001d-ffff-ffff00000027/attribute/displayed
06-12 15:20:06.901 I/appium  (13851): GetElementAttribute command
06-12 15:20:06.909 I/appium  (13851): AppiumResponse: {"sessionId":"3b752581-9686-4bc5-8e1a-59b5b6ec8a34","value":"true"}
06-12 15:20:06.930 I/appium  (13851): channel read: GET /session/3b752581-9686-4bc5-8e1a-59b5b6ec8a34/element/00000000-0000-001d-ffff-ffff0000002c/attribute/displayed
06-12 15:20:06.932 I/appium  (13851): GetElementAttribute command
06-12 15:20:06.939 I/appium  (13851): AppiumResponse: {"sessionId":"3b752581-9686-4bc5-8e1a-59b5b6ec8a34","value":"true"}
06-12 15:20:06.957 I/appium  (13851): channel read: GET /session/3b752581-9686-4bc5-8e1a-59b5b6ec8a34/element/00000000-0000-001d-ffff-ffff00000031/attribute/displayed
06-12 15:20:06.960 I/appium  (13851): GetElementAttribute command
06-12 15:20:06.969 D/stbdpc  (  405): STB_DPGetNumPaths[570]: num_paths: 1
06-12 15:20:06.969 I/appium  (13851): AppiumResponse: {"sessionId":"3b752581-9686-4bc5-8e1a-59b5b6ec8a34","value":"true"}
06-12 15:20:07.000 I/appium  (13851): channel read: GET /session/3b752581-9686-4bc5-8e1a-59b5b6ec8a34/element/00000000-0000-001d-ffff-ffff00000036/attribute/displayed
06-12 15:20:07.002 I/appium  (13851): GetElementAttribute command
06-12 15:20:07.010 I/appium  (13851): AppiumResponse: {"sessionId":"3b752581-9686-4bc5-8e1a-59b5b6ec8a34","value":"true"}
06-12 15:20:07.032 I/appium  (13851): channel read: GET /session/3b752581-9686-4bc5-8e1a-59b5b6ec8a34/element/00000000-0000-001d-ffff-ffff0000003b/attribute/displayed
06-12 15:20:07.033 D/rtk_heartbeat(  351): heartbeat_timed_out: heartbeatCmdCount = 1859, expected nextSeqNum = 1859
06-12 15:20:07.033 D/rtk_heartbeat(  351): rtkbt_heartbeat_cmpl_cback: Current SeqNum = 1859,should SeqNum=1859, status = 0
06-12 15:20:07.034 I/appium  (13851): GetElementAttribute command
06-12 15:20:07.042 I/appium  (13851): AppiumResponse: {"sessionId":"3b752581-9686-4bc5-8e1a-59b5b6ec8a34","value":"true"}
06-12 15:20:07.063 D/ltts_ip_emm(  405): LTTS_IP_DMXStartEMM[381]: parse_emm_cat_status failed
06-12 15:20:07.068 I/appium  (13851): channel read: GET /session/3b752581-9686-4bc5-8e1a-59b5b6ec8a34/element/00000000-0000-001d-ffff-ffff00000040/attribute/displayed
06-12 15:20:07.069 D/stbdpc  (  405): STB_DPGetNumPaths[570]: num_paths: 1
06-12 15:20:07.069 I/appium  (13851): GetElementAttribute command
06-12 15:20:07.079 I/appium  (13851): AppiumResponse: {"sessionId":"3b752581-9686-4bc5-8e1a-59b5b6ec8a34","value":"true"}
06-12 15:20:07.100 I/appium  (13851): channel read: GET /session/3b752581-9686-4bc5-8e1a-59b5b6ec8a34/element/00000000-0000-001d-ffff-ffff00000045/attribute/displayed
06-12 15:20:07.101 I/appium  (13851): GetElementAttribute command
06-12 15:20:07.110 I/appium  (13851): AppiumResponse: {"sessionId":"3b752581-9686-4bc5-8e1a-59b5b6ec8a34","value":"true"}
06-12 15:20:07.132 I/appium  (13851): channel read: GET /session/3b752581-9686-4bc5-8e1a-59b5b6ec8a34/element/00000000-0000-001d-ffff-ffff00000022/text
06-12 15:20:07.134 I/appium  (13851): GetText command
06-12 15:20:07.145 I/appium  (13851): AppiumResponse: {"sessionId":"3b752581-9686-4bc5-8e1a-59b5b6ec8a34","value":"Home"}
06-12 15:20:07.154 D/dvb_iptv(  405): ReadEmmNetworkTask[1537]: EMM Select Timeout Occured 55
06-12 15:20:07.166 I/appium  (13851): channel read: GET /session/3b752581-9686-4bc5-8e1a-59b5b6ec8a34/element/00000000-0000-001d-ffff-ffff00000027/text
06-12 15:20:07.168 I/appium  (13851): GetText command
06-12 15:20:07.169 D/stbdpc  (  405): STB_DPGetNumPaths[570]: num_paths: 1
06-12 15:20:07.176 I/appium  (13851): AppiumResponse: {"sessionId":"3b752581-9686-4bc5-8e1a-59b5b6ec8a34","value":"Search"}
06-12 15:20:07.212 I/appium  (13851): channel read: POST /session/3b752581-9686-4bc5-8e1a-59b5b6ec8a34/element/00000000-0000-001d-ffff-ffff00000027/click
06-12 15:20:07.213 I/appium  (13851): Click command
06-12 15:20:07.226 D/InputDispatcher(  632): injectInputEvent - eventType=2, injectorPid=13828, injectorUid=0, syncMode=0, timeout=30000, policyFlags=0x08000000
06-12 15:20:07.227 D/InputDispatcher(  632): injectInputEvent - Finished with result 0. injectorPid=13828, injectorUid=0
06-12 15:20:07.227 D/InputDispatcher(  632): Setting input event injection result to 0.  injectorPid=13828, injectorUid=0
06-12 15:20:07.227 V/InputDispatcher(  632): Asynchronous input event injection succeeded.
06-12 15:20:07.228 I/android.hardware.power-service.libperfmgr(  369): Power setBoost: INTERACTION duration: 0
06-12 15:20:07.228 I/libperfmgr(  369): Do Powerhint: INTERACTION
06-12 15:20:07.229 I/android.hardware.power-service.libperfmgr(  369): Power setBoost: INTERACTION duration: 0
06-12 15:20:07.229 I/libperfmgr(  369): Do Powerhint: INTERACTION
06-12 15:20:07.239 D/InputDispatcher(  632): injectInputEvent - eventType=2, injectorPid=13828, injectorUid=0, syncMode=0, timeout=30000, policyFlags=0x08000000
06-12 15:20:07.239 D/InputDispatcher(  632): injectInputEvent - Finished with result 0. injectorPid=13828, injectorUid=0
06-12 15:20:07.239 D/InputDispatcher(  632): Setting input event injection result to 0.  injectorPid=13828, injectorUid=0
06-12 15:20:07.239 V/InputDispatcher(  632): Asynchronous input event injection succeeded.
06-12 15:20:07.269 D/stbdpc  (  405): STB_DPGetNumPaths[570]: num_paths: 1
06-12 15:20:07.271 W/GestureController(13851): Gestures took longer than expected (49ms >> 16ms), device might be in a busy state.
06-12 15:20:07.271 I/appium  (13851): Waiting up to 10000ms for the device to idle
06-12 15:20:07.322 D/JioStbInactivityTimer(  933): Timer: count 30 warningTimeout:10680 timeout:10800
06-12 15:20:07.322 D/JioStbInactivityTimer(  933): isUserActive: Curr:1851244 Prev:1851244
06-12 15:20:07.352 I/ThermalService(  986): CPU temperatures: [64.700005]
06-12 15:20:07.369 D/stbdpc  (  405): STB_DPGetNumPaths[570]: num_paths: 1
06-12 15:20:07.469 I/chatty  (  405): uid=0(root) DK-SiCntrl identical 1 line
06-12 15:20:07.569 D/stbdpc  (  405): STB_DPGetNumPaths[570]: num_paths: 1
06-12 15:20:07.654 D/dvb_iptv(  405): ReadEmmNetworkTask[1537]: EMM Select Timeout Occured 56
06-12 15:20:07.670 D/stbdpc  (  405): STB_DPGetNumPaths[570]: num_paths: 1
06-12 15:20:07.770 I/chatty  (  405): uid=0(root) DK-SiCntrl identical 1 line
06-12 15:20:07.870 D/stbdpc  (  405): STB_DPGetNumPaths[570]: num_paths: 1
06-12 15:20:07.947 I/appium  (13851): AppiumResponse: {"sessionId":"3b752581-9686-4bc5-8e1a-59b5b6ec8a34","value":null}
06-12 15:20:07.970 D/stbdpc  (  405): STB_DPGetNumPaths[570]: num_paths: 1
06-12 15:20:07.975 I/appium  (13851): channel read: GET /session/3b752581-9686-4bc5-8e1a-59b5b6ec8a34/element/00000000-0000-001d-ffff-ffff00000027/text
06-12 15:20:07.978 I/appium  (13851): GetText command
06-12 15:20:07.988 I/appium  (13851): AppiumResponse: {"sessionId":"3b752581-9686-4bc5-8e1a-59b5b6ec8a34","value":"Search"}
06-12 15:20:07.996 I/.startv.hotsta(13920): oneway function results will be dropped but finished with status OK and parcel size 4
06-12 15:20:07.998 I/e.swalekh.abct( 1336): oneway function results will be dropped but finished with status OK and parcel size 4
06-12 15:20:08.004 D/JioSTBMRServer-SERVICE( 3304): InetSocketAddress(InetAddress.getByName(inetAddress.hostAddress)-/192.168.1.255
06-12 15:20:08.004 D/JioSTBMRServer-SERVICE( 3304): #beacon:RKISBFJ60000097:0:false:0:1:SV=181024 , 192.168.1.255
06-12 15:20:08.008 D/JioSTBMRServer-SERVICE( 3304): InetSocketAddress(InetAddress.getByName(inetAddress.hostAddress)-/192.168.1.255
06-12 15:20:08.008 D/JioSTBMRServer-SERVICE( 3304): #broadcast IP:192.168.1.255
06-12 15:20:08.012 I/appium  (13851): channel read: POST /session/3b752581-9686-4bc5-8e1a-59b5b6ec8a34/appium/device/press_keycode
06-12 15:20:08.013 I/appium  (13851): PressKeyCode command
06-12 15:20:08.013 I/appium  (13851): Calling PressKeyCode... 
06-12 15:20:08.017 D/UiDevice(13851): Pressing keycodes [66] with modifier 0.
06-12 15:20:08.028 D/InputDispatcher(  632): injectInputEvent - eventType=1, injectorPid=13828, injectorUid=0, syncMode=2, timeout=30000, policyFlags=0x08000000
06-12 15:20:08.028 D/WindowManager(  632): interceptKeyTq keycode=66 interactive=true keyguardActive=false policyFlags=2b000000
06-12 15:20:08.028 D/WindowManager(  632): CloudPC is in NOT in foreground
06-12 15:20:08.028 D/WindowManager(  632): isKeyNeedsToPassToJioCloudPC :: NO
06-12 15:20:08.029 I/android.hardware.power-service.libperfmgr(  369): Power setBoost: INTERACTION duration: 0
06-12 15:20:08.029 I/libperfmgr(  369): Do Powerhint: INTERACTION
06-12 15:20:08.029 D/WindowManager(  632): interceptKeyTi keyCode=66 down=true repeatCount=0 keyguardOn=false canceled=false
06-12 15:20:08.029 D/WindowManager(  632): CloudPC is in NOT in foreground
06-12 15:20:08.029 I/android.hardware.power-service.libperfmgr(  369): Power setBoost: INTERACTION duration: 0
06-12 15:20:08.029 D/WindowManager(  632): isKeyNeedsToPassToJioCloudPC :: NO
06-12 15:20:08.029 I/libperfmgr(  369): Do Powerhint: INTERACTION
06-12 15:20:08.029 D/GlobalKeyManager(  632): KeyEvent { action=ACTION_DOWN, keyCode=KEYCODE_ENTER, scanCode=0, metaState=0, flags=0x0, repeatCount=0, eventTime=1883373, downTime=1883373, deviceId=-1, source=0x101, displayId=-1 }
06-12 15:20:08.030 D/InputDispatcher(  632): Setting input event injection result to 0.  injectorPid=13828, injectorUid=0
06-12 15:20:08.030 D/InputDispatcher(  632): injectInputEvent - Waiting for 1 pending foreground dispatches.
06-12 15:20:08.032 D/InputDispatcher(  632): injectInputEvent - Finished with result 0. injectorPid=13828, injectorUid=0
06-12 15:20:08.033 D/rtk_heartbeat(  351): heartbeat_timed_out: heartbeatCmdCount = 1860, expected nextSeqNum = 1860
06-12 15:20:08.034 D/rtk_heartbeat(  351): rtkbt_heartbeat_cmpl_cback: Current SeqNum = 1860,should SeqNum=1860, status = 0
06-12 15:20:08.035 D/InputDispatcher(  632): injectInputEvent - eventType=1, injectorPid=13828, injectorUid=0, syncMode=2, timeout=30000, policyFlags=0x08000000
06-12 15:20:08.035 D/WindowManager(  632): interceptKeyTq keycode=66 interactive=true keyguardActive=false policyFlags=2b000000
06-12 15:20:08.035 D/WindowManager(  632): CloudPC is in NOT in foreground
06-12 15:20:08.035 D/WindowManager(  632): isKeyNeedsToPassToJioCloudPC :: NO
06-12 15:20:08.035 D/WindowManager(  632): interceptKeyTi keyCode=66 down=false repeatCount=0 keyguardOn=false canceled=false
06-12 15:20:08.036 D/WindowManager(  632): CloudPC is in NOT in foreground
06-12 15:20:08.036 D/WindowManager(  632): isKeyNeedsToPassToJioCloudPC :: NO
06-12 15:20:08.036 D/GlobalKeyManager(  632): KeyEvent { action=ACTION_UP, keyCode=KEYCODE_ENTER, scanCode=0, metaState=0, flags=0x0, repeatCount=0, eventTime=1883373, downTime=1883373, deviceId=-1, source=0x101, displayId=-1 }
06-12 15:20:08.036 D/InputDispatcher(  632): Setting input event injection result to 0.  injectorPid=13828, injectorUid=0
06-12 15:20:08.036 D/InputDispatcher(  632): injectInputEvent - Waiting for 1 pending foreground dispatches.
06-12 15:20:08.038 D/InputDispatcher(  632): injectInputEvent - Finished with result 0. injectorPid=13828, injectorUid=0
06-12 15:20:08.042 I/system_server(  632): oneway function results will be dropped but finished with status OK and parcel size 4
06-12 15:20:08.042 I/sub_mixing_factory(  350): [usecase_change_validate_l_sm:1209] ++++continuous:0 dev masks:0, out masks:0, out usecase PCM_NORMAL
06-12 15:20:08.042 I/sub_mixing_factory(  350): [usecase_change_validate_l_sm:1216] add usecase PCM_NORMAL, cnt 1
06-12 15:20:08.042 D/sub_mixing_factory(  350): [usecase_change_validate_l_sm:1228] cur dev masks:0, add out usecase:PCM_NORMAL
06-12 15:20:08.042 I/sub_mixing_factory(  350): [usecase_change_validate_l_sm:1259] ----continuous:0 dev masks:0x1, out masks:0x1, out usecase PCM_NORMAL
06-12 15:20:08.042 D/aml_audio_port(  350): [new_input_port:260] buf_frames:384,frame_size:4 ==> thunk_size:1536
06-12 15:20:08.042 I/aml_audio_port(  350): [get_input_port_type:109] samplerate:48000, flags:0x2, channel_cnt:2
06-12 15:20:08.042 D/aml_audio_port(  350): [new_input_port:286] inport:PCM_SYSTEM, buf:6144, direct:0, format:0x1, rate:48000, ch:2
06-12 15:20:08.042 I/system_server(  632): oneway function results will be dropped but finished with status OK and parcel size 4
06-12 15:20:08.043 I/amlAudioMixer(  350): [init_mixer_input_port:175] input port:PCM_SYSTEM, size 384 frames, frame_write_sum:13842432
06-12 15:20:08.043 I/aml_audio_port(  350): [get_input_port_type:109] samplerate:48000, flags:0x2, channel_cnt:2
06-12 15:20:08.043 I/sub_mixing_factory(  350): [mixer_aux_buffer_write_sm:1066] stream 0xf557b000 input port:PCM_SYSTEM
06-12 15:20:08.043 I/sub_mixing_factory(  350): [mixer_aux_buffer_write_sm:1076] padding_bytes 12288
06-12 15:20:08.043 I/amlAudioMixer(  350): [mixer_write_inport:260] input port:PCM_SYSTEM is active now
06-12 15:20:08.043 I/sub_mixing_factory(  350): [mixer_aux_buffer_write_sm:1076] padding_bytes 10752
06-12 15:20:08.043 I/sub_mixing_factory(  350): [mixer_aux_buffer_write_sm:1076] padding_bytes 9216
06-12 15:20:08.043 I/sub_mixing_factory(  350): [mixer_aux_buffer_write_sm:1076] padding_bytes 7680
06-12 15:20:08.043 I/sub_mixing_factory(  350): [mixer_aux_buffer_write_sm:1076] padding_bytes 6144
06-12 15:20:08.048 I/amlAudioMixer(  350): [mixer_inports_read:704] input port:PCM_SYSTEM first start, portId:0, avail:6144
06-12 15:20:08.048 I/appium  (13851): AppiumResponse: {"sessionId":"3b752581-9686-4bc5-8e1a-59b5b6ec8a34","value":null}
06-12 15:20:08.053 I/sub_mixing_factory(  350): [mixer_aux_buffer_write_sm:1076] padding_bytes 4608
06-12 15:20:08.061 I/sub_mixing_factory(  350): [mixer_aux_buffer_write_sm:1076] padding_bytes 3072
06-12 15:20:08.069 I/sub_mixing_factory(  350): [mixer_aux_buffer_write_sm:1076] padding_bytes 1536
06-12 15:20:08.070 D/stbdpc  (  405): STB_DPGetNumPaths[570]: num_paths: 1
06-12 15:20:08.154 W/SoundPool(13920): Use of stream types is deprecated for operations other than volume control
06-12 15:20:08.154 W/SoundPool(13920): See the documentation of SoundPool() for what to use instead with android.media.AudioAttributes to qualify your playback use case
06-12 15:20:08.154 D/dvb_iptv(  405): ReadEmmNetworkTask[1537]: EMM Select Timeout Occured 57
06-12 15:20:08.171 D/stbdpc  (  405): STB_DPGetNumPaths[570]: num_paths: 1
06-12 15:20:08.220 I/AmFFmpegExtractor(  460): checkInList: isw:0, m:audio/ogg, t:1, i:86021 t:0
06-12 15:20:08.221 I/AmFFmpegExtractor(  460): checkInList: isw:1, m:audio/ogg, t:1, i:86021 t:0
06-12 15:20:08.221 E/AmFFmpegExtractor(  460): codec_ctx->properties: 0
06-12 15:20:08.221 I/AmFFmpegExtractor(  460): checkSupportInList ret 1
06-12 15:20:08.226 I/appium  (13851): channel read: POST /session/3b752581-9686-4bc5-8e1a-59b5b6ec8a34/element
06-12 15:20:08.227 I/appium  (13851): FindElement command
06-12 15:20:08.233 I/appium  (13851): method: 'xpath', selector: '//android.widget.EditText[@resource-id='in.startv.hotstar:id/search_bar']'
06-12 15:20:08.234 I/appium  (13851): Waiting up to 10000ms for the device to idle
06-12 15:20:08.238 I/AmFFmpegExtractor(  460): checkInList: isw:0, m:audio/ogg, t:1, i:86021 t:0
06-12 15:20:08.239 I/AmFFmpegExtractor(  460): checkInList: isw:0, m:audio/ogg, t:1, i:86021 t:0
06-12 15:20:08.239 I/AmFFmpegExtractor(  460): checkInList: isw:1, m:audio/ogg, t:1, i:86021 t:0
06-12 15:20:08.239 E/AmFFmpegExtractor(  460): codec_ctx->properties: 0
06-12 15:20:08.239 I/AmFFmpegExtractor(  460): checkSupportInList ret 0
06-12 15:20:08.239 E/AmFFmpegExtractor(  460): vendor do not support
06-12 15:20:08.239 I/AmFFmpegExtractor(  460): checkInList: isw:1, m:audio/ogg, t:1, i:86021 t:0
06-12 15:20:08.240 E/AmFFmpegExtractor(  460): codec_ctx->properties: 0
06-12 15:20:08.240 I/AmFFmpegExtractor(  460): checkSupportInList ret 1
06-12 15:20:08.245 V/DigitalSignage(  632): Package Name: null
06-12 15:20:08.245 V/DigitalSignage(  632): Left: 0
06-12 15:20:08.245 V/DigitalSignage(  632): Right: 0
06-12 15:20:08.245 V/DigitalSignage(  632): Top: 0
06-12 15:20:08.245 V/DigitalSignage(  632): Bottom: 0
06-12 15:20:08.245 E/Utils   (  460): did not find channel-count and/or sample-rate
06-12 15:20:08.246 D/DigitalSignage(  632): else - Package Name :: null left : 0 right :: 0 top :: 0 bottom :: 0 dfu-right :: 1920 dfu-bottom :: 1080
06-12 15:20:08.248 I/AmAVUtils(13920): set profile 0 level:0
06-12 15:20:08.251 I/AmFFmpegExtractor(  460): checkInList: isw:0, m:audio/ogg, t:1, i:86021 t:0
06-12 15:20:08.251 I/AmFFmpegExtractor(  460): checkInList: isw:1, m:audio/ogg, t:1, i:86021 t:0
06-12 15:20:08.251 E/AmFFmpegExtractor(  460): codec_ctx->properties: 0
06-12 15:20:08.251 I/AmFFmpegExtractor(  460): checkSupportInList ret 0
06-12 15:20:08.251 E/AmFFmpegExtractor(  460): vendor do not support
06-12 15:20:08.252 D/CCodec  (13920): allocate(c2.android.vorbis.decoder)
06-12 15:20:08.253 V/C2Store (  479): in init
06-12 15:20:08.253 V/C2Store (  479): loading dll
06-12 15:20:08.258 E/Utils   (  460): did not find channel-count and/or sample-rate
06-12 15:20:08.266 I/AmAVUtils(13920): set profile 0 level:0
06-12 15:20:08.271 D/stbdpc  (  405): STB_DPGetNumPaths[570]: num_paths: 1
06-12 15:20:08.275 I/CCodec  (13920): Created component [c2.android.vorbis.decoder]
06-12 15:20:08.276 D/CCodecConfig(13920): read media type: audio/vorbis
06-12 15:20:08.280 D/ReflectedParamUpdater(13920): extent() != 1 for single value type: algo.buffers.max-count.values
06-12 15:20:08.280 D/CCodec  (13920): allocate(c2.android.vorbis.decoder)
06-12 15:20:08.280 D/ReflectedParamUpdater(13920): extent() != 1 for single value type: output.subscribed-indices.values
06-12 15:20:08.281 D/ReflectedParamUpdater(13920): extent() != 1 for single value type: input.buffers.allocator-ids.values
06-12 15:20:08.281 D/ReflectedParamUpdater(13920): extent() != 1 for single value type: output.buffers.allocator-ids.values
06-12 15:20:08.281 D/ReflectedParamUpdater(13920): extent() != 1 for single value type: algo.buffers.allocator-ids.values
06-12 15:20:08.281 D/ReflectedParamUpdater(13920): extent() != 1 for single value type: output.buffers.pool-ids.values
06-12 15:20:08.281 D/ReflectedParamUpdater(13920): extent() != 1 for single value type: algo.buffers.pool-ids.values
06-12 15:20:08.283 I/CCodecConfig(13920): query failed after returning 7 values (BAD_INDEX)
06-12 15:20:08.283 D/CCodecConfig(13920): c2 config diff is Dict {
06-12 15:20:08.283 D/CCodecConfig(13920):   c2::u32 coded.bitrate.value = 64000
06-12 15:20:08.283 D/CCodecConfig(13920):   c2::u32 input.buffers.max-size.value = 32768
06-12 15:20:08.283 D/CCodecConfig(13920):   c2::u32 input.delay.value = 0
06-12 15:20:08.283 D/CCodecConfig(13920):   string input.media-type.value = "audio/vorbis"
06-12 15:20:08.283 D/CCodecConfig(13920):   string output.media-type.value = "audio/raw"
06-12 15:20:08.283 D/CCodecConfig(13920):   c2::u32 raw.channel-count.value = 1
06-12 15:20:08.283 D/CCodecConfig(13920):   c2::u32 raw.sample-rate.value = 48000
06-12 15:20:08.283 D/CCodecConfig(13920): }
06-12 15:20:08.285 I/CCodec  (13920): Created component [c2.android.vorbis.decoder]
06-12 15:20:08.285 D/CCodec  (13920): [c2.android.vorbis.decoder] buffers are bound to CCodec for this session
06-12 15:20:08.285 D/CCodecConfig(13920): no c2 equivalents for durationUs
06-12 15:20:08.285 D/CCodecConfig(13920): no c2 equivalents for track-id
06-12 15:20:08.285 D/CCodecConfig(13920): no c2 equivalents for csd-1
06-12 15:20:08.285 D/CCodecConfig(13920): no c2 equivalents for channel-mask
06-12 15:20:08.285 D/CCodecConfig(13920): no c2 equivalents for flags
06-12 15:20:08.285 D/CCodecConfig(13920): read media type: audio/vorbis
06-12 15:20:08.286 D/CCodecConfig(13920): c2 config diff is   c2::u32 raw.sample-rate.value = 16000
06-12 15:20:08.287 W/Codec2Client(13920): query -- param skipped: index = 1107298332.
06-12 15:20:08.287 D/CCodec  (13920): setup formats input: AMessage(what = 0x00000000) = {
06-12 15:20:08.287 D/CCodec  (13920):   int32_t channel-count = 1
06-12 15:20:08.287 D/CCodec  (13920):   int32_t max-input-size = 32768
06-12 15:20:08.287 D/CCodec  (13920):   string mime = "audio/vorbis"
06-12 15:20:08.287 D/CCodec  (13920):   int32_t sample-rate = 16000
06-12 15:20:08.287 D/CCodec  (13920): } and output: AMessage(what = 0x00000000) = {
06-12 15:20:08.287 D/CCodec  (13920):   int32_t channel-count = 1
06-12 15:20:08.287 D/CCodec  (13920):   string mime = "audio/raw"
06-12 15:20:08.287 D/CCodec  (13920):   int32_t sample-rate = 16000
06-12 15:20:08.287 D/CCodec  (13920):   int32_t channel-mask = 1
06-12 15:20:08.287 D/CCodec  (13920): }
06-12 15:20:08.289 W/Codec2Client(13920): query -- param skipped: index = 1342179345.
06-12 15:20:08.289 W/Codec2Client(13920): query -- param skipped: index = 2415921170.
06-12 15:20:08.290 E/FMQ     (13920): grantorIdx must be less than 3
06-12 15:20:08.290 E/FMQ     (13920): grantorIdx must be less than 3
06-12 15:20:08.291 D/CCodecBufferChannel(13920): [c2.android.vorbis.decoder#439] Created input block pool with allocatorID 16 => poolID 18 - OK (0)
06-12 15:20:08.291 D/BufferPoolAccessor2.0(  479): bufferpool2 0xf0cf0698 : 0(0 size) total buffers - 0(0 size) used buffers - 104/109 (recycle/alloc) - 5/109 (fetch/transfer)
06-12 15:20:08.291 D/BufferPoolAccessor2.0(  479): Destruction - bufferpool2 0xf0cf0698 cached: 0/0M, 0/0% in use; allocs: 109, 95% recycled; transfers: 109, 95% unfetched
06-12 15:20:08.292 E/FMQ     (  479): grantorIdx must be less than 3
06-12 15:20:08.292 E/FMQ     (  479): grantorIdx must be less than 3
06-12 15:20:08.292 D/BufferPoolAccessor2.0(13920): bufferpool2 0xf120b618 : 0(0 size) total buffers - 0(0 size) used buffers - 0/5 (recycle/alloc) - 4/216 (fetch/transfer)
06-12 15:20:08.292 D/BufferPoolAccessor2.0(13920): Destruction - bufferpool2 0xf120b618 cached: 0/0M, 0/0% in use; allocs: 5, 0% recycled; transfers: 216, 98% unfetched
06-12 15:20:08.293 I/CCodecBufferChannel(13920): [c2.android.vorbis.decoder#439] Created output block pool with allocatorID 16 => poolID 31 - OK
06-12 15:20:08.293 D/CCodecBufferChannel(13920): [c2.android.vorbis.decoder#439] Configured output block pool ids 31 => OK
06-12 15:20:08.298 E/FMQ     (13920): grantorIdx must be less than 3
06-12 15:20:08.298 E/FMQ     (  479): grantorIdx must be less than 3
06-12 15:20:08.302 D/SimpleC2Component(  479): Using output block pool with poolID 31 => got 31 - 0
06-12 15:20:08.303 D/ReflectedParamUpdater(13920): extent() != 1 for single value type: algo.buffers.max-count.values
06-12 15:20:08.304 D/ReflectedParamUpdater(13920): extent() != 1 for single value type: output.subscribed-indices.values
06-12 15:20:08.304 D/ReflectedParamUpdater(13920): extent() != 1 for single value type: input.buffers.allocator-ids.values
06-12 15:20:08.304 D/ReflectedParamUpdater(13920): extent() != 1 for single value type: output.buffers.allocator-ids.values
06-12 15:20:08.304 D/ReflectedParamUpdater(13920): extent() != 1 for single value type: algo.buffers.allocator-ids.values
06-12 15:20:08.305 D/ReflectedParamUpdater(13920): extent() != 1 for single value type: output.buffers.pool-ids.values
06-12 15:20:08.305 D/ReflectedParamUpdater(13920): extent() != 1 for single value type: algo.buffers.pool-ids.values
06-12 15:20:08.311 I/CCodecConfig(13920): query failed after returning 7 values (BAD_INDEX)
06-12 15:20:08.311 D/CCodecConfig(13920): c2 config diff is Dict {
06-12 15:20:08.311 D/CCodecConfig(13920):   c2::u32 coded.bitrate.value = 64000
06-12 15:20:08.311 D/CCodecConfig(13920):   c2::u32 input.buffers.max-size.value = 32768
06-12 15:20:08.311 D/CCodecConfig(13920):   c2::u32 input.delay.value = 0
06-12 15:20:08.311 D/CCodecConfig(13920):   string input.media-type.value = "audio/vorbis"
06-12 15:20:08.311 D/CCodecConfig(13920):   string output.media-type.value = "audio/raw"
06-12 15:20:08.311 D/CCodecConfig(13920):   c2::u32 raw.channel-count.value = 1
06-12 15:20:08.311 D/CCodecConfig(13920):   c2::u32 raw.sample-rate.value = 48000
06-12 15:20:08.311 D/CCodecConfig(13920): }
06-12 15:20:08.322 D/JioStbInactivityTimer(  933): Timer: count 31 warningTimeout:10680 timeout:10800
06-12 15:20:08.323 D/JioStbInactivityTimer(  933): isUserActive: Curr:1851244 Prev:1851244
06-12 15:20:08.324 D/CCodec  (13920): [c2.android.vorbis.decoder] buffers are bound to CCodec for this session
06-12 15:20:08.324 D/CCodecConfig(13920): no c2 equivalents for durationUs
