--------- beginning of kernel
06-12 11:16:33.017 W/[ 4382.608094@0]  RTW(    0): fill_default_txdesc(wlan0): SP Packet(0x0806) rate=0x4 SeqNum = 2076
06-12 11:16:33.257 D/[ 4382.846926@2]  logd(    0): logdr: UID=0 GID=0 PID=24957 b tail=0 logMask=99 pid=0 start=0ns timeout=0ns
06-12 11:16:33.258 D/[ 4382.847152@2]  logd(    0): Skipping 4294967295 entries from slow reader, pid 24957, from LogBuffer::kickMe()
--------- beginning of crash
06-12 11:16:34.311 F/linker  (25046): CANNOT LINK EXECUTABLE "/system/bin/smartcable/smartCableSTBApp": library "libmosquitto.so" not found: needed by main executable
06-12 11:16:37.734 W/[ 4387.321125@0]  RTW(    0): cfg80211_rtw_scan(wlan0)
06-12 11:16:37.734 W/[ 4387.321167@0]  RTW(    0): cfg80211_rtw_scan (wlan0) tx:388, rx:169, bi:557 kbps, disallow(0)
06-12 11:16:37.741 W/[ 4387.330122@0]  RTW(    0): [HW_VAR_CHECK_TXBUF] Empty in 4 ms
06-12 11:16:37.742 W/[ 4387.330210@0]  RTW(    0): wlan0 sleep m0=0x00000003, ori reg_0x4d4=0x00000000
06-12 11:16:38.428 W/[ 4388.016892@2]  RTW(    0): LeaveAllPowerSaveModeDirect.....
06-12 11:16:38.429 W/[ 4388.016904@2]  RTW(    0): LeaveAllPowerSaveModeDirect: Driver Already Leave LPS
06-12 11:16:38.429 W/[ 4388.016911@2]  RTW(    0): rtw_hal_set_macaddr_port wlan0- hw port(0) mac_addr =a8:71:16:66:28:c6
06-12 11:16:38.430 W/[ 4388.017124@2]  RTW(    0): wlan0- hw port(0) mac_addr =a8:71:16:66:28:c6
06-12 11:16:38.430 W/[ 4388.017176@2]  RTW(    0): p2p0- hw port(1) mac_addr =aa:71:16:66:28:c6
06-12 11:16:38.433 W/[ 4388.022907@2]  RTW(    0): wlan0 wakeup m0=0x00000003, ori reg_0x4d4=0x00000003
06-12 11:16:38.438 W/[ 4388.025015@2]  RTW(    0): survey done event(38) band:0 for wlan0
06-12 11:16:38.438 W/        (    0): [ 4388.025042@2]  ========== ACS (VER-3) ==========
06-12 11:16:38.438 W/        (    0): [ 4388.025049@2]  Best 24G Channel:5
06-12 11:16:38.438 W/        (    0): [ 4388.025057@2]  Best 5G Channel:40
06-12 11:16:38.438 W/        (    0): [ 4388.025057@2]
06-12 11:16:38.438 W/[ 4388.025151@2]  RTW(    0): rtw_indicate_scan_done(wlan0)
06-12 11:16:38.438 W/[ 4388.025965@3]  RTW(    0): fill_default_txdesc(wlan0): SP Packet(0x0806) rate=0x4 SeqNum = 3447
06-12 11:16:39.288 F/linker  (25131): CANNOT LINK EXECUTABLE "/system/bin/smartcable/smartCableSTBApp": library "libmosquitto.so" not found: needed by main executable
06-12 11:16:42.693 W/[ 4392.284042@0]  RTW(    0): fill_default_txdesc(wlan0): SP Packet(0x0806) rate=0x4 SeqNum = 105
06-12 11:16:44.291 F/linker  (25147): CANNOT LINK EXECUTABLE "/system/bin/smartcable/smartCableSTBApp": library "libmosquitto.so" not found: needed by main executable
06-12 11:16:48.237 W/[ 4397.825836@0]  RTW(    0): fill_default_txdesc(wlan0): SP Packet(0x0806) rate=0x4 SeqNum = 863
06-12 11:16:49.296 F/linker  (25162): CANNOT LINK EXECUTABLE "/system/bin/smartcable/smartCableSTBApp": library "libmosquitto.so" not found: needed by main executable
06-12 11:16:52.841 W/[ 4402.431913@1]  RTW(    0): fill_default_txdesc(wlan0): SP Packet(0x0806) rate=0x4 SeqNum = 1680
06-12 11:16:54.305 F/linker  (25175): CANNOT LINK EXECUTABLE "/system/bin/smartcable/smartCableSTBApp": library "libmosquitto.so" not found: needed by main executable
06-12 11:16:55.626 W/[ 4405.212906@3]  RTW(    0): fill_default_txdesc(wlan0): SP Packet(0x0806) rate=0x4 SeqNum = 2167
06-12 11:16:57.480 W/[ 4407.069025@0]  RTW(    0): Turbo EDCA =0xa42b
06-12 11:16:57.745 W/[ 4407.336363@2]  RTW(    0): fill_default_txdesc(wlan0): SP Packet(0x0806) rate=0x4 SeqNum = 2684
06-12 11:16:59.314 F/linker  (25215): CANNOT LINK EXECUTABLE "/system/bin/smartcable/smartCableSTBApp": library "libmosquitto.so" not found: needed by main executable
06-12 11:16:59.498 W/[ 4409.086314@0]  RTW(    0): Turbo EDCA =0x5ea42b
06-12 11:17:01.001 W/[ 4410.588908@0]  RTW(    0): fill_default_txdesc(wlan0): SP Packet(0x0806) rate=0x4 SeqNum = 3674
06-12 11:17:02.725 W/[ 4412.312835@1]  RTW(    0): fill_default_txdesc(wlan0): SP Packet(0x0806) rate=0x4 SeqNum = 3917
06-12 11:17:04.322 F/linker  (25242): CANNOT LINK EXECUTABLE "/system/bin/smartcable/smartCableSTBApp": library "libmosquitto.so" not found: needed by main executable
06-12 11:17:07.797 W/[ 4417.385415@1]  RTW(    0): fill_default_txdesc(wlan0): SP Packet(0x0806) rate=0x4 SeqNum = 581
06-12 11:17:09.323 F/linker  (25253): CANNOT LINK EXECUTABLE "/system/bin/smartcable/smartCableSTBApp": library "libmosquitto.so" not found: needed by main executable
06-12 11:17:12.702 W/[ 4422.290749@3]  RTW(    0): fill_default_txdesc(wlan0): SP Packet(0x0806) rate=0x4 SeqNum = 1248
06-12 11:17:14.327 F/linker  (25266): CANNOT LINK EXECUTABLE "/system/bin/smartcable/smartCableSTBApp": library "libmosquitto.so" not found: needed by main executable
06-12 11:17:18.181 W/[ 4427.770293@3]  RTW(    0): fill_default_txdesc(wlan0): SP Packet(0x0806) rate=0x4 SeqNum = 2128
06-12 11:17:19.333 F/linker  (25279): CANNOT LINK EXECUTABLE "/system/bin/smartcable/smartCableSTBApp": library "libmosquitto.so" not found: needed by main executable
06-12 11:17:20.969 W/[ 4430.556840@0]  RTW(    0): fill_default_txdesc(wlan0): SP Packet(0x0806) rate=0x4 SeqNum = 2519
06-12 11:17:23.189 W/[ 4432.776692@0]  RTW(    0): fill_default_txdesc(wlan0): SP Packet(0x0806) rate=0x4 SeqNum = 2826
06-12 11:17:24.338 F/linker  (25298): CANNOT LINK EXECUTABLE "/system/bin/smartcable/smartCableSTBApp": library "libmosquitto.so" not found: needed by main executable
06-12 11:17:25.297 I/[ 4434.887795@2]  resman(    0): 85 appname:OMX-67, type=0
06-12 11:17:25.359 I/[ 4434.945051@0]  resman(    0): 85 acquire [decoder], preempt yes
06-12 11:17:25.359 I/[ 4434.945063@0]  resman(    0): 85 acquire [decoder] success
06-12 11:17:25.359 I/[ 4434.945094@0]  resman(    0): 85 acquire [codec_mm], preempt yes
06-12 11:17:25.359 I/[ 4434.945103@0]  resman(    0): 85 score 60 secure no
06-12 11:17:25.359 I/[ 4434.945109@0]  resman(    0): 85 acquire [codec_mm] success
06-12 11:17:25.387 I/[ 4434.954761@2]  [amlv4l](    0): [91]: DW:1, TW:0, Margin:5
06-12 11:17:25.388 D/[ 4434.954971@2]  [amlcom](    0): vdec_create instance 000000002b455183, total 1, PM: power-domain
06-12 11:17:25.395 D/[ 4434.955238@2]  [media_clock](    0): hevc mux clock is 499999992 Hz
06-12 11:17:25.396 D/[ 4434.955453@2]  [media_clock](    0): hevc back mux clock is 499999992 Hz
06-12 11:17:25.423 I/[ 4434.955632@2]  [amlcom](    0): vdec_init, dev_name:ammvdec_h265_v4l, vdec_type=VDEC_TYPE_FRAME_BLOCK, format: 11, total: 1
06-12 11:17:25.428 D/[ 4434.956223@2]  [h265](    0): [0]pdata->config=parm_v4l_codec_enable:1;parm_v4l_buffer_margin:5;hevc_double_write_mode:1;hevc_triple_write_mode:0;hevc_buf_width:4096;hevc_buf_height:2304;save_buffer_mode:0;parm_v4l_canvas_mem_mode:0;parm_v4l_canvas_mem_endian:0;parm_v4l_low_latency_mode:0;parm_v4l_metadata_config_flag:49154;parm_v4l_duration:4004;dv_profile:0;
06-12 11:17:25.429 D/[ 4434.956287@2]  [h265](    0): [0]discard dv data
06-12 11:17:25.429 D/[ 4434.956296@2]  [h265](    0): [0]dv_profile: 0
06-12 11:17:25.429 D/[ 4434.962592@2]  [h265](    0): [0]dynamic_buf_num_margin=5
06-12 11:17:25.429 D/[ 4434.962603@2]  [h265](    0): [0]double_write_mode=1
06-12 11:17:25.429 D/[ 4434.962607@2]  [h265](    0): [0]nal_skip_policy=2
06-12 11:17:25.429 D/[ 4434.962616@2]  [h265](    0): [0]h265:pts_unstable=0
06-12 11:17:25.429 D/[ 4434.962620@2]  [h265](    0): [0]h265: ver (201602101,0) decinfo: 0x0 rate=4004
06-12 11:17:25.429 D/[ 4434.975342@2]  [h265](    0): ucode version 4.138, swap enable 1
06-12 11:17:25.429 D/[ 4434.975664@2]  [media_clock](    0): hevc mux clock is 799999988 Hz
06-12 11:17:25.429 D/[ 4434.975882@2]  [media_clock](    0): hevc back mux clock is 799999988 Hz
06-12 11:17:25.429 D/[ 4434.975886@2]  [amlcom](    0): hevc video changed to 3840 x 2160 60 fps clk->800MHZ
06-12 11:17:25.461 D/[ 4435.049960@2]  [h265](    0): [0]vh265 cached=0  need_size=16384 speed= 92 ms
06-12 11:17:25.462 D/[ 4435.050414@0]  [h265](    0): set ucode parse
06-12 11:17:25.462 W/        (    0): [ 4435.050436@0]  hevc get comp info: 64 65536 797
06-12 11:17:25.462 D/[ 4435.050452@0]  [h265](    0): margin = 5, sps_max_dec_pic_buffering_minus1_0 = 5
06-12 11:17:25.462 I/[ 4435.050469@0]  [amlv4l](    0): [91]: Parse from ucode, visible(1920 x 1080), coded(1920 x 1088), scan:P, bitdepth(8), DW/TW(1, 0)
06-12 11:17:25.462 I/[ 4435.050506@3]  [amlv4l](    0): [91]: Picture buffer count: dec:7, vpp:0, ge2d:0, margin:5, total:12
06-12 11:17:25.462 D/[ 4435.050517@3]  [amlv4l](    0): [91]: Post event: res chg
06-12 11:17:25.462 D/[ 4435.051487@0]  [h265](    0): [0]hevc->performance_profile 0
06-12 11:17:25.462 D/[ 4435.051506@0]  [h265](    0): [0]set pic_list_init_flag 1
06-12 11:17:25.466 D/[ 4435.053159@0]  [h265](    0): [0]init_buf_spec2 1920 1080
06-12 11:17:25.466 D/[ 4435.053171@0]  [h265](    0): [0]set pic_list_init_flag to 2
06-12 11:17:25.466 D/[ 4435.053214@0]  [h265](    0): [0]set pic_list_init_flag to 3
06-12 11:17:25.466 D/[ 4435.053218@0]  [h265](    0): [vdec_kpi][vh265_isr_thread_fn] First I frame coming.
06-12 11:17:25.470 I/[ 4435.058772@3]  dim(    0): reg:use[0]ms
06-12 11:17:25.471 I/[ 4435.058789@3]  dim(    0): create:ch[2],tmode[3]
06-12 11:17:25.471 I/[ 4435.058793@3]  dim(    0): out:0x80000000
06-12 11:17:25.483 D/[ 4435.069901@0]  [h265](    0): [0]VH265: output first frame poc 0
06-12 11:17:25.483 D/[ 4435.069929@0]  [h265](    0): [0]decoder duration change old: 0 new: 4004
06-12 11:17:25.483 D/[ 4435.069943@0]  [h265](    0): [vdec_kpi][post_video_frame] First I frame decoded.
06-12 11:17:25.483 I/[ 4435.070064@1]  dim(    0): value reg:ch[2]:fix_buf:0;ponly <0,0>
06-12 11:17:25.483 I/[ 4435.070082@1]  dim(    0): di_cnt_i_buf1:tvp:0
06-12 11:17:25.483 I/[ 4435.070094@1]  dim(    0): buf large::0x4fb000, 0x5a1000
06-12 11:17:25.483 I/[ 4435.070132@1]  vpu(    0): vpu: vpu_dev_clk_gate_on: unsupport vpu mod: 72
06-12 11:17:25.483 I/[ 4435.071007@1]  dim(    0): ch[2]:reg:mem cfg[0][0][0]
06-12 11:17:25.706 W/[ 4435.293000@2]  RTW(    0): Turbo EDCA =0xa42b
06-12 11:17:26.163 I/[ 4435.752698@0]  VID(    0): VD1 off
06-12 11:17:26.163 I/[ 4435.753023@0]  vc(    0): [0]vc: set enable index=0, val=1
06-12 11:17:26.165 I/        (    0): [ 4435.753066@0]  dev->index =0, val=2
06-12 11:17:26.165 I/[ 4435.753070@0]  VID(    0): VD1 off
06-12 11:17:26.165 I/[ 4435.753077@0]  VID(    0): VD1 set global output as 1
06-12 11:17:26.165 I/[ 4435.753112@0]  VID(    0): store VD0 path_id changed -1->2
06-12 11:17:26.166 I/[ 4435.753165@0]  vc(    0): [0]sideband_type =-1
06-12 11:17:27.857 W/[ 4437.447114@2]  RTW(    0): fill_default_txdesc(wlan0): SP Packet(0x0806) rate=0x4 SeqNum = 2034
06-12 11:17:29.343 F/linker  (25337): CANNOT LINK EXECUTABLE "/system/bin/smartcable/smartCableSTBApp": library "libmosquitto.so" not found: needed by main executable
06-12 11:17:31.753 W/[ 4441.340888@3]  RTW(    0): Turbo EDCA =0x5ea42b
06-12 11:17:33.413 W/[ 4443.002044@3]  RTW(    0): fill_default_txdesc(wlan0): SP Packet(0x0806) rate=0x4 SeqNum = 3842
06-12 11:17:34.352 F/linker  (25348): CANNOT LINK EXECUTABLE "/system/bin/smartcable/smartCableSTBApp": library "libmosquitto.so" not found: needed by main executable
06-12 11:17:36.841 W/[ 4446.428820@0]  RTW(    0): fill_default_txdesc(wlan0): SP Packet(0x0806) rate=0x4 SeqNum = 124
06-12 11:17:37.681 W/[ 4447.271513@1]  RTW(    0): fill_default_txdesc(wlan0): SP Packet(0x0806) rate=0x4 SeqNum = 213
06-12 11:17:39.358 F/linker  (25361): CANNOT LINK EXECUTABLE "/system/bin/smartcable/smartCableSTBApp": library "libmosquitto.so" not found: needed by main executable
06-12 11:17:42.674 W/[ 4452.263040@0]  RTW(    0): fill_default_txdesc(wlan0): SP Packet(0x0806) rate=0x4 SeqNum = 761
06-12 11:17:44.362 F/linker  (25371): CANNOT LINK EXECUTABLE "/system/bin/smartcable/smartCableSTBApp": library "libmosquitto.so" not found: needed by main executable
06-12 11:17:45.289 W/[ 4454.876878@1]  RTW(    0): fill_default_txdesc(wlan0): SP Packet(0x0806) rate=0x4 SeqNum = 1009
06-12 11:17:47.845 W/[ 4457.436659@0]  RTW(    0): fill_default_txdesc(wlan0): SP Packet(0x0806) rate=0x4 SeqNum = 1231
06-12 11:17:49.370 F/linker  (25386): CANNOT LINK EXECUTABLE "/system/bin/smartcable/smartCableSTBApp": library "libmosquitto.so" not found: needed by main executable
06-12 11:17:50.070 W/[ 4459.658056@3]  audit(    0): audit_lost=4714 audit_rate_limit=5 audit_backlog_limit=64
06-12 11:17:50.070 E/[ 4459.658067@3]  audit(    0): rate limit exceeded
06-12 11:17:52.965 W/[ 4462.556591@2]  RTW(    0): fill_default_txdesc(wlan0): SP Packet(0x0806) rate=0x4 SeqNum = 1766
06-12 11:17:54.377 F/linker  (25396): CANNOT LINK EXECUTABLE "/system/bin/smartcable/smartCableSTBApp": library "libmosquitto.so" not found: needed by main executable
06-12 11:17:55.529 W/[ 4465.116853@3]  RTW(    0): fill_default_txdesc(wlan0): SP Packet(0x0806) rate=0x4 SeqNum = 2021
06-12 11:17:58.077 W/[ 4467.665722@2]  RTW(    0): fill_default_txdesc(wlan0): SP Packet(0x0806) rate=0x4 SeqNum = 2251
06-12 11:17:59.385 F/linker  (25409): CANNOT LINK EXECUTABLE "/system/bin/smartcable/smartCableSTBApp": library "libmosquitto.so" not found: needed by main executable
06-12 11:18:02.782 W/[ 4472.370898@3]  RTW(    0): fill_default_txdesc(wlan0): SP Packet(0x0806) rate=0x4 SeqNum = 2660
06-12 11:18:04.390 F/linker  (25423): CANNOT LINK EXECUTABLE "/system/bin/smartcable/smartCableSTBApp": library "libmosquitto.so" not found: needed by main executable
06-12 11:18:08.357 W/[ 4477.946997@2]  RTW(    0): fill_default_txdesc(wlan0): SP Packet(0x0806) rate=0x4 SeqNum = 3190
06-12 11:18:09.402 F/linker  (25436): CANNOT LINK EXECUTABLE "/system/bin/smartcable/smartCableSTBApp": library "libmosquitto.so" not found: needed by main executable
06-12 11:18:09.609 W/[ 4479.196847@3]  RTW(    0): fill_default_txdesc(wlan0): SP Packet(0x0806) rate=0x4 SeqNum = 3448
06-12 11:18:09.761 I/[ 4479.352627@1]  [amlv4l](    0): [91]: reset mode: 1, es frames buffering: 61
06-12 11:18:09.762 D/[ 4479.352755@1]  [h265](    0): [0]h265:pts_unstable=0
06-12 11:18:09.763 D/[ 4479.352762@1]  [h265](    0): [0]h265: ver (201602101,0) decinfo: 0x0 rate=4004
06-12 11:18:09.769 I/[ 4479.358294@2]  [amlv4l](    0): [91]: reset mode: 1, es frames buffering: 0
06-12 11:18:09.770 D/[ 4479.358629@2]  [h265](    0): [0]h265:pts_unstable=0
06-12 11:18:09.770 D/[ 4479.358640@2]  [h265](    0): [0]h265: ver (201602101,0) decinfo: 0x0 rate=4004
06-12 11:18:09.793 I/[ 4479.381028@1]  dim(    0): unreg:2keep[0], msk:[0x0,0x0]
06-12 11:18:09.802 I/[ 4479.391103@1]  vpu(    0): vpu: vpu_dev_clk_gate_off: unsupport vpu mod: 72
06-12 11:18:09.802 I/[ 4479.393016@3]  dim(    0): unreg:use[28]ms
06-12 11:18:09.802 I/[ 4479.393027@3]  dim(    0): di_destroy_instance:ch[2]:end
06-12 11:18:09.806 I/[ 4479.393675@3]  dim(    0): reg:use[0]ms
06-12 11:18:09.806 I/[ 4479.393688@3]  dim(    0): create:ch[2],tmode[3]
06-12 11:18:09.806 I/[ 4479.393691@3]  dim(    0): out:0x80000000
06-12 11:18:09.806 I/[ 4479.396287@3]  [amlv4l](    0): [91]: reset mode: 1, es frames buffering: 0
06-12 11:18:09.806 D/[ 4479.396361@3]  [h265](    0): [0]h265:pts_unstable=0
06-12 11:18:09.806 D/[ 4479.396366@3]  [h265](    0): [0]h265: ver (201602101,0) decinfo: 0x0 rate=4004
06-12 11:18:09.830 I/[ 4479.416996@3]  [amlv4l](    0): [91]: reset mode: 1, es frames buffering: 0
06-12 11:18:09.830 D/[ 4479.417082@3]  [h265](    0): [0]h265:pts_unstable=0
06-12 11:18:09.830 D/[ 4479.417089@3]  [h265](    0): [0]h265: ver (201602101,0) decinfo: 0x0 rate=4004
06-12 11:18:09.846 I/[ 4479.433639@1]  [amlv4l](    0): [91]: reset mode: 1, es frames buffering: 0
06-12 11:18:09.846 D/[ 4479.433828@1]  [h265](    0): [0]h265:pts_unstable=0
06-12 11:18:09.846 D/[ 4479.433839@1]  [h265](    0): [0]h265: ver (201602101,0) decinfo: 0x0 rate=4004
06-12 11:18:09.863 D/[ 4479.449367@1]  [amlcom](    0): vdec_release instance 000000002b455183, total 1
06-12 11:18:09.863 D/[ 4479.449589@1]  [media_clock](    0): the clk_hevcf_mux   clock off, ref cnt: 0
06-12 11:18:09.863 D/[ 4479.449605@1]  [media_clock](    0): the clk_hevcb_mux   clock off, ref cnt: 0
06-12 11:18:09.863 I/[ 4479.450364@1]  dim(    0): unreg:use[0]ms
06-12 11:18:09.863 I/[ 4479.450376@1]  dim(    0): di_destroy_instance:ch[2]:end
06-12 11:18:09.863 I/[ 4479.451488@3]  resman(    0): 85 release [decoder]
06-12 11:18:09.863 I/[ 4479.451500@3]  resman(    0): 85 release [codec_mm]
06-12 11:18:09.863 E/        (    0): [ 4479.452892@3]  disalbe fastplay
06-12 11:18:09.978 I/[ 4479.565347@0]  vc(    0): [0]vc: set enable index=0, val=0
06-12 11:18:09.978 I/[ 4479.565370@0]  VID(    0): store VD0 path_id changed 2->-1
06-12 11:18:09.978 I/        (    0): [ 4479.565373@0]  dev->index =0, val=1
06-12 11:18:09.978 I/[ 4479.565377@0]  VID(    0): VD1 off
06-12 11:18:09.978 I/[ 4479.565382@0]  VID(    0): VD1 set global output as 0
06-12 11:18:09.978 I/        (    0): [ 4479.565400@0]  common_vf_unreg_provider video_render.0: vd1 used: true, vd2 used: false, vd3 used: false, black_out:0, cur_buf:00000000df3e02e9
06-12 11:18:12.929 W/[ 4482.519730@1]  RTW(    0): fill_default_txdesc(wlan0): SP Packet(0x0806) rate=0x4 SeqNum = 173
06-12 11:18:14.404 F/linker  (25504): CANNOT LINK EXECUTABLE "/system/bin/smartcable/smartCableSTBApp": library "libmosquitto.so" not found: needed by main executable
06-12 11:18:18.385 W/[ 4487.974590@0]  audit(    0): audit_lost=4837 audit_rate_limit=5 audit_backlog_limit=64
06-12 11:18:18.386 E/[ 4487.974601@0]  audit(    0): rate limit exceeded
06-12 11:18:18.649 W/[ 4488.237237@0]  RTW(    0): fill_default_txdesc(wlan0): SP Packet(0x0806) rate=0x4 SeqNum = 1089
06-12 11:18:19.410 F/linker  (25520): CANNOT LINK EXECUTABLE "/system/bin/smartcable/smartCableSTBApp": library "libmosquitto.so" not found: needed by main executable
06-12 11:18:20.361 W/[ 4489.949026@0]  RTW(    0): fill_default_txdesc(wlan0): SP Packet(0x0806) rate=0x4 SeqNum = 1357
06-12 11:18:21.773 I/[ 4491.361736@0]  resman(    0): 86 appname:OMX-68, type=0
06-12 11:18:21.822 I/[ 4491.409757@3]  resman(    0): 86 acquire [decoder], preempt yes
06-12 11:18:21.822 I/[ 4491.409768@3]  resman(    0): 86 acquire [decoder] success
06-12 11:18:21.822 I/[ 4491.409801@3]  resman(    0): 86 acquire [codec_mm], preempt yes
06-12 11:18:21.822 I/[ 4491.409809@3]  resman(    0): 86 score 60 secure no
06-12 11:18:21.822 I/[ 4491.409815@3]  resman(    0): 86 acquire [codec_mm] success
06-12 11:18:21.837 I/[ 4491.426210@1]  [amlv4l](    0): [93]: DW:10, TW:0, Margin:5
06-12 11:18:21.838 D/[ 4491.426476@1]  [amlcom](    0): vdec_create instance 000000008c44cb8e, total 1, PM: power-domain
06-12 11:18:21.838 D/[ 4491.426607@1]  [media_clock](    0): vdec mux clock is 799999988 Hz
06-12 11:18:21.838 I/[ 4491.426784@1]  [amlcom](    0): vdec_init, dev_name:ammvdec_h264_v4l, vdec_type=VDEC_TYPE_FRAME_BLOCK, format: 2, total: 1
06-12 11:18:21.886 D/[ 4491.435325@1]  [h264](    0): 0: pdata->config=parm_v4l_codec_enable:1;mh264_double_write_mode:16;parm_v4l_buffer_margin:5;parm_v4l_canvas_mem_mode:0;parm_v4l_canvas_mem_endian:0;parm_v4l_low_latency_mode:0;parm_v4l_metadata_config_flag:49154;parm_v4l_duration:3840;
06-12 11:18:21.886 D/[ 4491.435370@1]  [h264](    0): ammvdec_h264_mmu_init tvp = 0x0
06-12 11:18:21.886 D/[ 4491.442160@1]  [media_clock](    0): vdec mux clock is 799999988 Hz
06-12 11:18:21.886 D/[ 4491.442765@1]  [h264](    0): vh264_init, phy_addr=57429000 vaddr=00000000b0ad0d59
06-12 11:18:21.948 D/[ 4491.532842@0]  [h264](    0): 0: vmh264_get_ps_info mmu_enable 0 double_write_mode 0x10
06-12 11:18:21.948 I/[ 4491.532869@0]  [amlv4l](    0): [93]: Parse from ucode, visible(1920 x 1080), coded(1920 x 1088), scan:P, bitdepth(0), dw(10)
06-12 11:18:21.953 I/[ 4491.533184@0]  [amlv4l](    0): [93]: Picture buffer count: dec:5, vpp:0, ge2d:0, margin:5, total:10
06-12 11:18:21.953 D/[ 4491.533199@0]  [amlv4l](    0): [93]: Post event: res chg
06-12 11:18:21.953 I/[ 4491.539895@0]  dim(    0): reg:use[0]ms
06-12 11:18:21.953 I/[ 4491.539907@0]  dim(    0): create:ch[2],tmode[3]
06-12 11:18:21.953 I/[ 4491.539910@0]  dim(    0): out:0x80000000
06-12 11:18:21.953 D/[ 4491.541232@0]  [h264](    0): 0: restriction_flag=0, max_dec_frame_buffering=4, dec_dpb_size=5 num_reorder_frames 2 used_reorder_dpb_size_margin 5
06-12 11:18:21.962 D/[ 4491.551707@0]  [h264](    0): 0: decoder duration change old: 0 new: 3840
06-12 11:18:21.976 I/[ 4491.551833@1]  dim(    0): value reg:ch[2]:fix_buf:0;ponly <0,0>
06-12 11:18:21.976 I/[ 4491.551849@1]  dim(    0): di_cnt_i_buf1:tvp:0
06-12 11:18:21.976 I/[ 4491.551859@1]  dim(    0): buf large::0x4fb000, 0x5a1000
06-12 11:18:21.976 I/[ 4491.551894@1]  vpu(    0): vpu: vpu_dev_clk_gate_on: unsupport vpu mod: 72
06-12 11:18:21.976 I/[ 4491.552800@1]  dim(    0): ch[2]:reg:mem cfg[0][0][0]
06-12 11:18:22.054 I/[ 4491.641217@1]  VID(    0): VD1 off
06-12 11:18:22.054 I/[ 4491.641385@1]  vc(    0): [0]vc: set enable index=0, val=1
06-12 11:18:22.054 I/        (    0): [ 4491.641411@1]  dev->index =0, val=2
06-12 11:18:22.054 I/[ 4491.641415@1]  VID(    0): VD1 off
06-12 11:18:22.054 I/[ 4491.641422@1]  VID(    0): VD1 set global output as 1
06-12 11:18:22.054 I/[ 4491.641454@1]  VID(    0): store VD0 path_id changed -1->2
06-12 11:18:22.054 I/[ 4491.641478@1]  vc(    0): [0]sideband_type =-1
06-12 11:18:22.153 W/[ 4491.740923@0]  RTW(    0): Turbo EDCA =0xa42b
06-12 11:18:22.741 W/[ 4492.330840@3]  RTW(    0): fill_default_txdesc(wlan0): SP Packet(0x0806) rate=0x4 SeqNum = 3121
06-12 11:18:23.857 E/[ 4493.448316@0]  selinux(    0): SELinux:  Could not stat /sys/kernel/dmabuf/buffers/722168/attachments: No such file or directory.
06-12 11:18:23.858 E/[ 4493.448347@0]  selinux(    0):  
06-12 11:18:23.869 E/[ 4493.458774@0]  selinux(    0): SELinux: Could not get canonical path for /sys/kernel/dmabuf/buffers/720414/attachments restorecon: No such file or directory.
06-12 11:18:23.870 E/[ 4493.458789@0]  selinux(    0):  
06-12 11:18:23.870 E/[ 4493.458839@0]  ueventd(    0): selinux_android_restorecon(/sys/kernel/dmabuf/buffers/720414/attachments) failed: No such file or directory
06-12 11:18:23.874 E/[ 4493.462770@0]  selinux(    0): SELinux:  Could not stat /sys/kernel/dmabuf/buffers/720416/attachments: No such file or directory.
06-12 11:18:23.874 E/[ 4493.462818@0]  selinux(    0):  
06-12 11:18:24.414 F/linker  (25580): CANNOT LINK EXECUTABLE "/system/bin/smartcable/smartCableSTBApp": library "libmosquitto.so" not found: needed by main executable
06-12 11:18:28.029 W/[ 4497.617629@0]  RTW(    0): fill_default_txdesc(wlan0): SP Packet(0x0806) rate=0x4 SeqNum = 2249
06-12 11:18:28.201 W/[ 4497.788906@1]  RTW(    0): Turbo EDCA =0x5ea42b
06-12 11:18:29.420 F/linker  (25598): CANNOT LINK EXECUTABLE "/system/bin/smartcable/smartCableSTBApp": library "libmosquitto.so" not found: needed by main executable
06-12 11:18:32.137 W/[ 4501.724817@3]  RTW(    0): fill_default_txdesc(wlan0): SP Packet(0x0806) rate=0x4 SeqNum = 3287
06-12 11:18:32.237 W/[ 4501.827508@1]  RTW(    0): fill_default_txdesc(wlan0): SP Packet(0x0806) rate=0x4 SeqNum = 3312
06-12 11:18:32.677 W/[ 4502.266626@2]  RTW(    0): fill_default_txdesc(wlan0): SP Packet(0x0806) rate=0x4 SeqNum = 3474
06-12 11:18:34.249 W/[ 4503.837401@2]  RTW(    0): Turbo EDCA =0xa42b
06-12 11:18:34.428 F/linker  (25618): CANNOT LINK EXECUTABLE "/system/bin/smartcable/smartCableSTBApp": library "libmosquitto.so" not found: needed by main executable
06-12 11:18:35.721 W/[ 4505.308844@1]  RTW(    0): fill_default_txdesc(wlan0): SP Packet(0x0806) rate=0x4 SeqNum = 969
06-12 11:18:36.265 W/[ 4505.852901@2]  RTW(    0): Turbo EDCA =0x5ea42b
06-12 11:18:38.109 W/[ 4507.698796@2]  RTW(    0): fill_default_txdesc(wlan0): SP Packet(0x0806) rate=0x4 SeqNum = 1796
06-12 11:18:39.434 F/linker  (25633): CANNOT LINK EXECUTABLE "/system/bin/smartcable/smartCableSTBApp": library "libmosquitto.so" not found: needed by main executable
06-12 11:18:42.309 I/[ 4511.899200@3]  dim(    0): ch[2] in eos p-other
06-12 11:18:42.310 D/[ 4511.899468@3]  [amlv4l](    0): [93]: Post event: eos
06-12 11:18:42.318 I/[ 4511.905225@2]  [amlv4l](    0): [93]: reset mode: 1, es frames buffering: 0
06-12 11:18:42.322 I/[ 4511.911086@0]  [amlv4l](    0): [93]: reset mode: 1, es frames buffering: 0
06-12 11:18:42.345 I/[ 4511.932770@1]  dim(    0): unreg:2keep[0], msk:[0x0,0x0]
06-12 11:18:42.353 I/[ 4511.942854@1]  vpu(    0): vpu: vpu_dev_clk_gate_off: unsupport vpu mod: 72
06-12 11:18:42.357 I/[ 4511.945560@1]  dim(    0): unreg:use[26]ms
06-12 11:18:42.358 I/[ 4511.945573@1]  dim(    0): di_destroy_instance:ch[2]:end
06-12 11:18:42.358 I/[ 4511.945686@1]  dim(    0): reg:use[0]ms
06-12 11:18:42.358 I/[ 4511.945697@1]  dim(    0): create:ch[2],tmode[3]
06-12 11:18:42.358 I/[ 4511.945700@1]  dim(    0): out:0x80000000
06-12 11:18:42.677 I/[ 4512.265165@3]  [amlv4l](    0): [93]: reset mode: 1, es frames buffering: 0
06-12 11:18:42.683 I/[ 4512.270242@3]  [amlv4l](    0): [93]: reset mode: 1, es frames buffering: 0
06-12 11:18:42.698 W/[ 4512.288416@3]  RTW(    0): fill_default_txdesc(wlan0): SP Packet(0x0806) rate=0x4 SeqNum = 2922
06-12 11:18:42.705 I/[ 4512.295394@0]  [amlv4l](    0): [93]: reset mode: 1, es frames buffering: 0
06-12 11:18:42.713 D/[ 4512.301225@2]  [amlcom](    0): vdec_release instance 000000008c44cb8e, total 1
06-12 11:18:42.714 D/[ 4512.302478@2]  [media_clock](    0): the clk_vdec_mux    clock off, ref cnt: 0
06-12 11:18:42.714 I/[ 4512.303164@2]  dim(    0): unreg:use[1]ms
06-12 11:18:42.714 I/[ 4512.303172@2]  dim(    0): di_destroy_instance:ch[2]:end
06-12 11:18:42.714 I/[ 4512.304577@0]  resman(    0): 86 release [decoder]
06-12 11:18:42.714 I/[ 4512.304590@0]  resman(    0): 86 release [codec_mm]
06-12 11:18:42.718 E/        (    0): [ 4512.305898@3]  disalbe fastplay
06-12 11:18:42.725 I/[ 4512.313860@1]  resman(    0): 87 appname:OMX-69, type=0
06-12 11:18:42.749 I/[ 4512.340469@0]  resman(    0): 89 appname:secmem, type=3
06-12 11:18:42.753 I/[ 4512.343888@0]  resman(    0): 89 acquire [tvp], preempt yes
06-12 11:18:42.850 I/        (    0): [ 4512.439411@3]  protect tvp 0 7 ret 0 5a710000 a740000
06-12 11:18:42.850 I/        (    0): [ 4512.439424@3]  enable tvp for 1
06-12 11:18:42.850 I/        (    0): [ 4512.439427@3]  tvp_user_count is 1
06-12 11:18:42.850 I/[ 4512.439434@3]  resman(    0): 89 acquire [tvp] success
06-12 11:18:42.869 I/[ 4512.460623@1]  resman(    0): 87 acquire [decoder], preempt yes
06-12 11:18:42.870 I/[ 4512.460635@1]  resman(    0): 87 acquire [decoder] success
06-12 11:18:42.870 I/[ 4512.460666@1]  resman(    0): 87 acquire [codec_mm], preempt yes
06-12 11:18:42.870 I/[ 4512.460674@1]  resman(    0): 87 score 60 secure yes
06-12 11:18:42.870 I/[ 4512.460680@1]  resman(    0): 87 acquire [codec_mm] success
06-12 11:18:42.877 I/[ 4512.466455@2]  [amlv4l](    0): [95]: set DRM mode: 1
06-12 11:18:42.878 I/[ 4512.466591@2]  [amlv4l](    0): [95]: DW:3, TW:0, Margin:5
06-12 11:18:42.878 D/[ 4512.466795@2]  [amlcom](    0): vdec_create instance 00000000defd4711, total 1, PM: power-domain
06-12 11:18:42.878 D/[ 4512.467053@2]  [media_clock](    0): hevc mux clock is 499999992 Hz
06-12 11:18:42.878 D/[ 4512.467266@2]  [media_clock](    0): hevc back mux clock is 499999992 Hz
06-12 11:18:42.878 I/[ 4512.467443@2]  [amlcom](    0): vdec_init, dev_name:ammvdec_h265_v4l, vdec_type=VDEC_TYPE_FRAME_BLOCK, format: 11, total: 1
06-12 11:18:42.886 D/[ 4512.473108@2]  [h265](    0): [0]pdata->config=parm_v4l_codec_enable:1;parm_v4l_buffer_margin:5;hevc_double_write_mode:3;hevc_triple_write_mode:0;hevc_buf_width:4096;hevc_buf_height:2304;save_buffer_mode:0;parm_v4l_canvas_mem_mode:0;parm_v4l_canvas_mem_endian:0;parm_v4l_low_latency_mode:0;parm_v4l_metadata_config_flag:49154;parm_v4l_duration:4000;dv_profile:0;
06-12 11:18:42.887 D/[ 4512.473173@2]  [h265](    0): [0]discard dv data
06-12 11:18:42.888 D/[ 4512.473182@2]  [h265](    0): [0]dv_profile: 0
06-12 11:18:42.889 D/[ 4512.473641@2]  [h265](    0): [0]dynamic_buf_num_margin=5
06-12 11:18:42.889 D/[ 4512.473652@2]  [h265](    0): [0]double_write_mode=3
06-12 11:18:42.889 D/[ 4512.473655@2]  [h265](    0): [0]nal_skip_policy=2
06-12 11:18:42.889 D/[ 4512.473663@2]  [h265](    0): [0]h265:pts_unstable=0
06-12 11:18:42.889 D/[ 4512.473667@2]  [h265](    0): [0]h265: ver (201602101,0) decinfo: 0x0 rate=4000
06-12 11:18:42.890 D/[ 4512.474834@2]  [h265](    0): ucode version 4.138, swap enable 1
06-12 11:18:42.890 D/[ 4512.475143@2]  [media_clock](    0): hevc mux clock is 799999988 Hz
06-12 11:18:42.890 D/[ 4512.475360@2]  [media_clock](    0): hevc back mux clock is 799999988 Hz
06-12 11:18:42.890 D/[ 4512.475365@2]  [amlcom](    0): hevc video changed to 3840 x 2160 60 fps clk->800MHZ
06-12 11:18:43.970 I/[ 4513.557421@0]  [amlv4l](    0): [95]: reset mode: 1, es frames buffering: 0
06-12 11:18:43.970 D/[ 4513.557521@0]  [h265](    0): [0]h265:pts_unstable=0
06-12 11:18:43.970 D/[ 4513.557527@0]  [h265](    0): [0]h265: ver (201602101,0) decinfo: 0x0 rate=4000
06-12 11:18:44.444 F/linker  (25681): CANNOT LINK EXECUTABLE "/system/bin/smartcable/smartCableSTBApp": library "libmosquitto.so" not found: needed by main executable
06-12 11:18:48.329 W/[ 4517.917213@0]  RTW(    0): fill_default_txdesc(wlan0): SP Packet(0x0806) rate=0x4 SeqNum = 3858
06-12 11:18:49.445 F/linker  (25692): CANNOT LINK EXECUTABLE "/system/bin/smartcable/smartCableSTBApp": library "libmosquitto.so" not found: needed by main executable
06-12 11:18:53.457 W/[ 4523.047681@2]  RTW(    0): fill_default_txdesc(wlan0): SP Packet(0x0806) rate=0x4 SeqNum = 172
06-12 11:18:54.457 F/linker  (25708): CANNOT LINK EXECUTABLE "/system/bin/smartcable/smartCableSTBApp": library "libmosquitto.so" not found: needed by main executable
06-12 11:18:55.718 D/[ 4525.308054@2]  [h265](    0): [0]vh265 cached=0  need_size=16384 speed= 12832 ms
06-12 11:18:55.719 D/[ 4525.308543@0]  [h265](    0): set ucode parse
06-12 11:18:55.727 W/        (    0): [ 4525.308563@0]  hevc get comp info: 64 65536 797
06-12 11:18:55.727 D/[ 4525.308569@0]  [h265](    0): margin = 5, sps_max_dec_pic_buffering_minus1_0 = 5
06-12 11:18:55.728 I/[ 4525.308585@0]  [amlv4l](    0): [95]: Parse from ucode, visible(1920 x 1080), coded(1920 x 1088), scan:P, bitdepth(8), DW/TW(3, 0)
06-12 11:18:55.728 I/[ 4525.308897@0]  [amlv4l](    0): [95]: Picture buffer count: dec:7, vpp:0, ge2d:0, margin:5, total:12
06-12 11:18:55.728 D/[ 4525.308929@0]  [amlv4l](    0): [95]: Post event: res chg
06-12 11:18:55.728 D/[ 4525.309683@0]  [h265](    0): [0]hevc->performance_profile 0
06-12 11:18:55.728 D/[ 4525.309704@0]  [h265](    0): [0]set pic_list_init_flag 1
06-12 11:18:55.728 D/[ 4525.310027@0]  [h265](    0): [0]init_buf_spec2 1920 1080
06-12 11:18:55.728 D/[ 4525.310036@0]  [h265](    0): [0]set pic_list_init_flag to 2
06-12 11:18:55.728 D/[ 4525.310067@0]  [h265](    0): [0]set pic_list_init_flag to 3
06-12 11:18:55.729 D/[ 4525.310071@0]  [h265](    0): [vdec_kpi][vh265_isr_thread_fn] First I frame coming.
06-12 11:18:55.729 I/[ 4525.315911@0]  dim(    0): reg:use[0]ms
06-12 11:18:55.729 I/[ 4525.315925@0]  dim(    0): create:ch[2],tmode[3]
06-12 11:18:55.729 I/[ 4525.315928@0]  dim(    0): out:0xa0000000
06-12 11:18:55.729 D/[ 4525.319530@0]  [h265](    0): [0]VH265: output first frame poc 0
06-12 11:18:55.729 D/[ 4525.319550@0]  [h265](    0): [0]decoder duration change old: 0 new: 4000
06-12 11:18:55.729 D/[ 4525.319564@0]  [h265](    0): [vdec_kpi][post_video_frame] First I frame decoded.
06-12 11:18:55.729 I/[ 4525.319661@1]  dim(    0): value reg:ch[2]:fix_buf:0;ponly <0,0>
06-12 11:18:55.729 I/[ 4525.319675@1]  dim(    0): di_cnt_i_buf1:tvp:1
06-12 11:18:55.729 I/[ 4525.319686@1]  dim(    0): buf large::0x4fb000, 0x5a1000
06-12 11:18:55.729 I/[ 4525.319725@1]  vpu(    0): vpu: vpu_dev_clk_gate_on: unsupport vpu mod: 72
06-12 11:18:55.745 I/[ 4525.320641@1]  dim(    0): ch[2]:reg:mem cfg[0][0][0]
06-12 11:18:56.425 W/[ 4526.012902@0]  RTW(    0): Turbo EDCA =0xa42b
06-12 11:18:57.669 W/[ 4527.260051@3]  RTW(    0): fill_default_txdesc(wlan0): SP Packet(0x0806) rate=0x4 SeqNum = 1433
06-12 11:18:59.462 F/linker  (25722): CANNOT LINK EXECUTABLE "/system/bin/smartcable/smartCableSTBApp": library "libmosquitto.so" not found: needed by main executable
06-12 11:19:02.473 W/[ 4532.060956@0]  RTW(    0): Turbo EDCA =0x5ea42b
06-12 11:19:02.797 W/[ 4532.388340@0]  RTW(    0): fill_default_txdesc(wlan0): SP Packet(0x0806) rate=0x4 SeqNum = 2188
06-12 11:19:03.114 W/[ 4532.700821@0]  RTW(    0): fill_default_txdesc(wlan0): SP Packet(0x0806) rate=0x4 SeqNum = 2243
06-12 11:19:04.466 F/linker  (25738): CANNOT LINK EXECUTABLE "/system/bin/smartcable/smartCableSTBApp": library "libmosquitto.so" not found: needed by main executable
06-12 11:19:04.490 W/[ 4534.076891@2]  RTW(    0): Turbo EDCA =0xa42b
06-12 11:19:04.554 I/[ 4534.143401@0]  [amlv4l](    0): [95]: reset mode: 1, es frames buffering: 16
06-12 11:19:04.565 D/[ 4534.143497@0]  [h265](    0): [0]h265:pts_unstable=0
06-12 11:19:04.565 D/[ 4534.143504@0]  [h265](    0): [0]h265: ver (201602101,0) decinfo: 0x0 rate=4000
06-12 11:19:04.565 I/[ 4534.150561@0]  [amlv4l](    0): [95]: reset mode: 1, es frames buffering: 0
06-12 11:19:04.565 D/[ 4534.150636@0]  [h265](    0): [0]h265:pts_unstable=0
06-12 11:19:04.565 D/[ 4534.150642@0]  [h265](    0): [0]h265: ver (201602101,0) decinfo: 0x0 rate=4000
06-12 11:19:04.621 I/[ 4534.208793@1]  dim(    0): unreg:2keep[0], msk:[0x0,0x0]
06-12 11:19:04.630 I/[ 4534.218885@1]  vpu(    0): vpu: vpu_dev_clk_gate_off: unsupport vpu mod: 72
06-12 11:19:04.634 I/[ 4534.221580@3]  dim(    0): unreg:use[33]ms
06-12 11:19:04.638 I/[ 4534.221593@3]  dim(    0): di_destroy_instance:ch[2]:end
06-12 11:19:04.638 I/[ 4534.222191@3]  dim(    0): reg:use[1]ms
06-12 11:19:04.638 I/[ 4534.222203@3]  dim(    0): create:ch[2],tmode[3]
06-12 11:19:04.638 I/[ 4534.222207@3]  dim(    0): out:0xa0000000
06-12 11:19:04.639 I/[ 4534.225310@1]  [amlv4l](    0): [95]: reset mode: 1, es frames buffering: 0
06-12 11:19:04.639 D/[ 4534.225392@1]  [h265](    0): [0]h265:pts_unstable=0
06-12 11:19:04.639 D/[ 4534.225397@1]  [h265](    0): [0]h265: ver (201602101,0) decinfo: 0x0 rate=4000
06-12 11:19:04.649 I/[ 4534.238525@1]  [amlv4l](    0): [95]: reset mode: 1, es frames buffering: 0
06-12 11:19:04.650 D/[ 4534.238679@1]  [h265](    0): [0]h265:pts_unstable=0
06-12 11:19:04.650 D/[ 4534.238690@1]  [h265](    0): [0]h265: ver (201602101,0) decinfo: 0x0 rate=4000
06-12 11:19:04.690 I/[ 4534.279176@1]  [amlv4l](    0): [95]: reset mode: 1, es frames buffering: 0
06-12 11:19:04.690 D/[ 4534.279254@1]  [h265](    0): [0]h265:pts_unstable=0
06-12 11:19:04.690 D/[ 4534.279259@1]  [h265](    0): [0]h265: ver (201602101,0) decinfo: 0x0 rate=4000
06-12 11:19:04.699 D/[ 4534.286444@1]  [amlcom](    0): vdec_release instance 00000000defd4711, total 1
06-12 11:19:04.699 D/[ 4534.286501@1]  [media_clock](    0): the clk_hevcf_mux   clock off, ref cnt: 0
06-12 11:19:04.699 D/[ 4534.286510@1]  [media_clock](    0): the clk_hevcb_mux   clock off, ref cnt: 0
06-12 11:19:04.699 I/[ 4534.287209@1]  dim(    0): unreg:use[1]ms
06-12 11:19:04.699 I/[ 4534.287220@1]  dim(    0): di_destroy_instance:ch[2]:end
06-12 11:19:04.718 I/[ 4534.290410@1]  resman(    0): 87 release [decoder]
06-12 11:19:04.718 I/[ 4534.290423@1]  resman(    0): 87 release [codec_mm]
06-12 11:19:04.718 E/        (    0): [ 4534.291463@3]  disalbe fastplay
06-12 11:19:04.718 E/[ 4534.309037@1]  Warn(    0): TVP pool will release later.
06-12 11:19:04.718 I/        (    0): [ 4534.309046@1]  tvp_user_count is 0
06-12 11:19:04.718 I/[ 4534.309050@1]  resman(    0): 89 release [tvp]
06-12 11:19:04.978 E/[ 4534.566355@0]  Warn(    0): TVP pool will release later.
06-12 11:19:04.978 E/[ 4534.566575@0]  Warn(    0): TVP pool will release later.
06-12 11:19:04.978 E/[ 4534.566699@0]  Warn(    0): TVP pool will release later.
06-12 11:19:04.978 E/[ 4534.566807@0]  Warn(    0): TVP pool will release later.
06-12 11:19:04.978 E/[ 4534.566911@0]  Warn(    0): TVP pool will release later.
06-12 11:19:04.978 E/[ 4534.567011@0]  Warn(    0): TVP pool will release later.
06-12 11:19:04.979 E/[ 4534.567109@0]  Warn(    0): TVP pool will release later.
06-12 11:19:04.979 E/[ 4534.567205@0]  Warn(    0): TVP pool will release later.
06-12 11:19:04.979 E/[ 4534.567307@0]  Warn(    0): TVP pool will release later.
06-12 11:19:04.979 E/[ 4534.567446@0]  Warn(    0): TVP pool will release later.
06-12 11:19:04.979 E/[ 4534.567942@0]  Warn(    0): TVP pool will release later.
06-12 11:19:04.979 E/[ 4534.567954@0]  Warn(    0): TVP pool will release later.
06-12 11:19:04.979 E/[ 4534.567960@0]  Warn(    0): TVP pool will release later.
06-12 11:19:04.979 E/[ 4534.567965@0]  Warn(    0): TVP pool will release later.
06-12 11:19:04.979 E/[ 4534.567970@0]  Warn(    0): TVP pool will release later.
06-12 11:19:04.979 E/[ 4534.567976@0]  Warn(    0): TVP pool will release later.
06-12 11:19:04.979 E/[ 4534.567981@0]  Warn(    0): TVP pool will release later.
06-12 11:19:04.979 E/[ 4534.567987@0]  Warn(    0): TVP pool will release later.
06-12 11:19:04.979 E/[ 4534.567991@0]  Warn(    0): TVP pool will release later.
06-12 11:19:04.979 E/[ 4534.567996@0]  Warn(    0): TVP pool will release later.
06-12 11:19:04.980 I/[ 4534.569609@1]  vc(    0): [0]vc: set enable index=0, val=0
06-12 11:19:04.980 I/[ 4534.569634@1]  VID(    0): store VD0 path_id changed 2->-1
06-12 11:19:04.980 I/        (    0): [ 4534.569638@1]  dev->index =0, val=1
06-12 11:19:04.980 I/[ 4534.569641@1]  VID(    0): VD1 off
06-12 11:19:04.980 I/[ 4534.569646@1]  VID(    0): VD1 set global output as 0
06-12 11:19:04.980 I/        (    0): [ 4534.569667@1]  common_vf_unreg_provider video_render.0: vd1 used: true, vd2 used: false, vd3 used: false, black_out:0, cur_buf:00000000df3e02e9
06-12 11:19:05.041 E/[ 4534.597341@0]  Warn(    0): TVP pool will release later.
06-12 11:19:05.041 E/[ 4534.614190@0]  Warn(    0): TVP pool will release later.
06-12 11:19:05.045 E/[ 4534.634013@0]  Warn(    0): TVP pool will release later.
06-12 11:19:05.093 E/[ 4534.680761@1]  Warn(    0): TVP pool will release later.
06-12 11:19:05.094 E/[ 4534.680812@1]  Warn(    0): TVP pool will release later.
06-12 11:19:05.129 I/        (    0): [ 4534.716859@3]  unprotect tvp 0 handle is 7
06-12 11:19:05.130 I/        (    0): [ 4534.718266@3]  disalbe tvp
06-12 11:19:06.510 W/[ 4536.093587@0]  RTW(    0): Turbo EDCA =0x5ea42b
06-12 11:19:07.789 W/[ 4537.377404@2]  RTW(    0): fill_default_txdesc(wlan0): SP Packet(0x0806) rate=0x4 SeqNum = 3659
06-12 11:19:09.467 F/linker  (25792): CANNOT LINK EXECUTABLE "/system/bin/smartcable/smartCableSTBApp": library "libmosquitto.so" not found: needed by main executable
06-12 11:19:12.917 W/[ 4542.507171@1]  RTW(    0): fill_default_txdesc(wlan0): SP Packet(0x0806) rate=0x4 SeqNum = 1006
06-12 11:19:14.471 F/linker  (25803): CANNOT LINK EXECUTABLE "/system/bin/smartcable/smartCableSTBApp": library "libmosquitto.so" not found: needed by main executable
06-12 11:19:17.734 W/[ 4547.321184@1]  RTW(    0): cfg80211_rtw_scan(wlan0)
06-12 11:19:17.734 W/[ 4547.321204@1]  RTW(    0): cfg80211_rtw_scan (wlan0) tx:226, rx:107, bi:333 kbps, disallow(0)
06-12 11:19:17.734 W/[ 4547.325124@1]  RTW(    0): [HW_VAR_CHECK_TXBUF] Empty in 4 ms
06-12 11:19:17.734 W/[ 4547.325204@1]  RTW(    0): wlan0 sleep m0=0x00000003, ori reg_0x4d4=0x00000000
06-12 11:19:18.386 W/[ 4547.973038@1]  audit(    0): audit_lost=4839 audit_rate_limit=5 audit_backlog_limit=64
06-12 11:19:18.386 E/[ 4547.973054@1]  audit(    0): rate limit exceeded
06-12 11:19:18.437 W/[ 4548.024876@2]  RTW(    0): LeaveAllPowerSaveModeDirect.....
06-12 11:19:18.437 W/[ 4548.024890@2]  RTW(    0): LeaveAllPowerSaveModeDirect: Driver Already Leave LPS
06-12 11:19:18.438 W/[ 4548.024896@2]  RTW(    0): rtw_hal_set_macaddr_port wlan0- hw port(0) mac_addr =a8:71:16:66:28:c6
06-12 11:19:18.438 W/[ 4548.025019@2]  RTW(    0): wlan0- hw port(0) mac_addr =a8:71:16:66:28:c6
06-12 11:19:18.438 W/[ 4548.025075@2]  RTW(    0): p2p0- hw port(1) mac_addr =aa:71:16:66:28:c6
06-12 11:19:18.438 W/[ 4548.028573@2]  RTW(    0): wlan0 wakeup m0=0x00000003, ori reg_0x4d4=0x00000003
06-12 11:19:18.440 W/[ 4548.029431@3]  RTW(    0): survey done event(2e) band:0 for wlan0
06-12 11:19:18.440 W/        (    0): [ 4548.029443@3]  ========== ACS (VER-3) ==========
06-12 11:19:18.440 W/        (    0): [ 4548.029446@3]  Best 24G Channel:5
06-12 11:19:18.440 W/        (    0): [ 4548.029449@3]  Best 5G Channel:40
06-12 11:19:18.442 W/        (    0): [ 4548.029449@3]
06-12 11:19:18.442 W/[ 4548.029503@3]  RTW(    0): rtw_indicate_scan_done(wlan0)
06-12 11:19:18.442 W/[ 4548.029551@3]  RTW(    0): fill_default_txdesc(wlan0): SP Packet(0x0806) rate=0x4 SeqNum = 1837
06-12 11:19:19.472 F/linker  (25828): CANNOT LINK EXECUTABLE "/system/bin/smartcable/smartCableSTBApp": library "libmosquitto.so" not found: needed by main executable
06-12 11:19:20.693 I/        (    0): [ 4550.284440@1]  EXT4-fs (mmcblk0p17): re-mounted. Opts: (null)
06-12 11:19:22.478 W/[ 4552.065270@1]  RTW(    0): fill_default_txdesc(wlan0): SP Packet(0x0806) rate=0x4 SeqNum = 1878
06-12 11:19:22.569 W/[ 4552.156981@1]  RTW(    0): fill_default_txdesc(wlan0): SP Packet(0x0806) rate=0x4 SeqNum = 1881
06-12 11:19:22.569 W/[ 4552.157008@1]  RTW(    0): fill_default_txdesc(wlan0): SP Packet(0x0806) rate=0x4 SeqNum = 1880
06-12 11:19:22.665 W/[ 4552.254848@1]  RTW(    0): fill_default_txdesc(wlan0): SP Packet(0x0806) rate=0x4 SeqNum = 1882
06-12 11:19:23.237 W/[ 4552.827915@1]  RTW(    0): fill_default_txdesc(wlan0): SP Packet(0x0806) rate=0x4 SeqNum = 1885
06-12 11:19:24.476 F/linker  (25844): CANNOT LINK EXECUTABLE "/system/bin/smartcable/smartCableSTBApp": library "libmosquitto.so" not found: needed by main executable
06-12 11:19:26.257 D/[ 4555.845605@0]  logd(    0): logdr: UID=0 GID=0 PID=25876 b tail=0 logMask=99 pid=0 start=0ns timeout=0ns
06-12 11:19:26.778 I/[ 4556.367757@2]  binder(    0): 24904:24930 transaction failed 29189/-22, size 616-0 line 2705
06-12 11:19:26.792 E/AndroidRuntime(24904): FATAL EXCEPTION: Instr: androidx.test.runner.AndroidJUnitRunner
06-12 11:19:26.792 E/AndroidRuntime(24904): Process: io.appium.uiautomator2.server, PID: 24904
06-12 11:19:26.792 E/AndroidRuntime(24904): java.lang.IllegalStateException: UiAutomation not connected, UiAutomation@8f5f607[id=-1, flags=0]
06-12 11:19:26.792 E/AndroidRuntime(24904): 	at android.app.UiAutomation.throwIfNotConnectedLocked(UiAutomation.java:1239)
06-12 11:19:26.792 E/AndroidRuntime(24904): 	at android.app.UiAutomation.disconnect(UiAutomation.java:296)
06-12 11:19:26.792 E/AndroidRuntime(24904): 	at android.app.Instrumentation.finish(Instrumentation.java:249)
06-12 11:19:26.792 E/AndroidRuntime(24904): 	at androidx.test.runner.MonitoringInstrumentation.finish(MonitoringInstrumentation.java:409)
06-12 11:19:26.792 E/AndroidRuntime(24904): 	at androidx.test.runner.AndroidJUnitRunner.onStart(AndroidJUnitRunner.java:474)
06-12 11:19:26.792 E/AndroidRuntime(24904): 	at android.app.Instrumentation$InstrumentationThread.run(Instrumentation.java:2205)
06-12 11:19:26.858 I/[ 4556.448265@2]  binder(    0): 628:661 transaction failed 29189/-22, size 88-0 line 2705
06-12 11:19:26.858 I/[ 4556.449571@0]  binder(    0): 628:25921 transaction failed 29189/-22, size 340-0 line 2705
--------- beginning of main
06-12 11:19:27.748 D/Glide   ( 1779): Finished loading Bitmap from LOCAL for com.bumptech.glide.gifdecoder.StandardGifDecoder@502af3c with size [314x176] in 15.382124999999998 ms
06-12 11:19:27.754 I/tomator2.serve(25963): The ClassLoaderContext is a special shared library.
06-12 11:19:27.757 I/chatty  (25963): uid=10096(io.appium.uiautomator2.server) identical 1 line
06-12 11:19:27.761 I/tomator2.serve(25963): The ClassLoaderContext is a special shared library.
06-12 11:19:27.766 W/tomator2.serve(25963): ClassLoaderContext classpath size mismatch. expected=0, found=3 (PCL[]{PCL[/system/framework/android.test.base.jar*3223074991]#PCL[/system/framework/android.test.mock.jar*3465107378]{PCL[/system/framework/android.test.base.jar*3223074991]}#PCL[/system/framework/android.test.runner.jar*1831602180]{PCL[/system/framework/android.test.base.jar*3223074991]#PCL[/system/framework/android.test.mock.jar*3465107378]{PCL[/system/framework/android.test.base.jar*3223074991]}}} | PCL[/system/framework/android.test.runner.jar*1831602180:/system/framework/android.test.mock.jar*3465107378:/system/framework/android.test.base.jar*3223074991])
06-12 11:19:27.772 W/tomator2.serve(25963): ClassLoaderContext classpath size mismatch. expected=0, found=7 (PCL[] | PCL[/system/framework/android.test.runner.jar*1831602180:/system/framework/android.test.mock.jar*3465107378:/system/framework/android.test.base.jar*3223074991:/data/app/~~vz-LI613mzCW1_tI8sJdSA==/io.appium.uiautomator2.server.test-pndtPeicsSbNz5ltJNtTXA==/base.apk*2370577946:/data/app/~~vz-LI613mzCW1_tI8sJdSA==/io.appium.uiautomator2.server.test-pndtPeicsSbNz5ltJNtTXA==/base.apk!classes2.dex*3874714895:/data/app/~~vz-LI613mzCW1_tI8sJdSA==/io.appium.uiautomator2.server.test-pndtPeicsSbNz5ltJNtTXA==/base.apk!classes3.dex*1176165195:/data/app/~~vz-LI613mzCW1_tI8sJdSA==/io.appium.uiautomator2.server.test-pndtPeicsSbNz5ltJNtTXA==/base.apk!classes4.dex*2511881386])
06-12 11:19:27.782 D/Glide   ( 1779): Finished loading Bitmap from LOCAL for com.bumptech.glide.gifdecoder.StandardGifDecoder@502af3c with size [314x176] in 7.976 ms
06-12 11:19:27.788 W/tomator2.serve(25963): Found duplicate classes, falling back to extracting from APK : /data/app/~~ERS2Vb0_Lr3atThE734KvA==/io.appium.uiautomator2.server-qXkfZw9LtZYC0ZeR2vvERg==/base.apk
06-12 11:19:27.788 W/tomator2.serve(25963): NOTE: This wastes RAM and hurts startup performance.
06-12 11:19:27.788 W/tomator2.serve(25963): Found duplicated class when checking oat files: 'Ljunit/framework/Assert;' in /system/framework/android.test.base.jar and /data/app/~~ERS2Vb0_Lr3atThE734KvA==/io.appium.uiautomator2.server-qXkfZw9LtZYC0ZeR2vvERg==/base.apk
06-12 11:19:27.789 D/stbdpc  (  403): STB_DPGetNumPaths[570]: num_paths: 1
06-12 11:19:27.831 D/Glide   ( 1779): Finished loading Bitmap from LOCAL for com.bumptech.glide.gifdecoder.StandardGifDecoder@502af3c with size [314x176] in 17.248375 ms
06-12 11:19:27.855 D/rtk_heartbeat(  351): heartbeat_timed_out: heartbeatCmdCount = 4536, expected nextSeqNum = 4536
06-12 11:19:27.856 D/rtk_heartbeat(  351): rtkbt_heartbeat_cmpl_cback: Current SeqNum = 4536,should SeqNum=4536, status = 0
06-12 11:19:27.862 D/JioStbInactivityTimer(  928): Timer: count 20 warningTimeout:10680 timeout:10800
06-12 11:19:27.862 D/JioStbInactivityTimer(  928): isUserActive: Curr:4535901 Prev:4535901
06-12 11:19:27.865 D/Glide   ( 1779): Finished loading Bitmap from LOCAL for com.bumptech.glide.gifdecoder.StandardGifDecoder@502af3c with size [314x176] in 10.87375 ms
06-12 11:19:27.889 D/stbdpc  (  403): STB_DPGetNumPaths[570]: num_paths: 1
06-12 11:19:27.898 D/Glide   ( 1779): Finished loading Bitmap from LOCAL for com.bumptech.glide.gifdecoder.StandardGifDecoder@502af3c with size [314x176] in 3.8365829999999996 ms
06-12 11:19:27.948 D/Glide   ( 1779): Finished loading Bitmap from LOCAL for com.bumptech.glide.gifdecoder.StandardGifDecoder@502af3c with size [314x176] in 13.363375 ms
06-12 11:19:27.982 D/Glide   ( 1779): Finished loading Bitmap from LOCAL for com.bumptech.glide.gifdecoder.StandardGifDecoder@502af3c with size [314x176] in 6.677791999999999 ms
06-12 11:19:27.989 D/stbdpc  (  403): STB_DPGetNumPaths[570]: num_paths: 1
06-12 11:19:28.005 D/dvb_iptv(  403): ReadEmmNetworkTask[1537]: EMM Select Timeout Occured 12
06-12 11:19:28.032 D/Glide   ( 1779): Finished loading Bitmap from LOCAL for com.bumptech.glide.gifdecoder.StandardGifDecoder@502af3c with size [314x176] in 16.380958 ms
06-12 11:19:28.065 D/Glide   ( 1779): Finished loading Bitmap from LOCAL for com.bumptech.glide.gifdecoder.StandardGifDecoder@502af3c with size [314x176] in 9.765542 ms
06-12 11:19:28.089 D/stbdpc  (  403): STB_DPGetNumPaths[570]: num_paths: 1
06-12 11:19:28.099 D/Glide   ( 1779): Finished loading Bitmap from LOCAL for com.bumptech.glide.gifdecoder.StandardGifDecoder@502af3c with size [314x176] in 3.00425 ms
06-12 11:19:28.109 E/adbd    (15488): failed to connect to socket 'tcp:6790': Connection refused
06-12 11:19:28.148 D/Glide   ( 1779): Finished loading Bitmap from LOCAL for com.bumptech.glide.gifdecoder.StandardGifDecoder@502af3c with size [314x176] in 12.228458 ms
06-12 11:19:28.179 D/ApplicationLoaders(25963): Returning zygote-cached class loader: /system/framework/android.test.base.jar
06-12 11:19:28.180 D/ApplicationLoaders(25963): Returning zygote-cached class loader: /system/framework/android.test.base.jar
06-12 11:19:28.182 D/Glide   ( 1779): Finished loading Bitmap from LOCAL for com.bumptech.glide.gifdecoder.StandardGifDecoder@502af3c with size [314x176] in 6.033625 ms
06-12 11:19:28.182 I/tomator2.serve(25963): The ClassLoaderContext is a special shared library.
06-12 11:19:28.187 D/ApplicationLoaders(25963): Returning zygote-cached class loader: /system/framework/android.test.base.jar
06-12 11:19:28.187 D/ApplicationLoaders(25963): Returning zygote-cached class loader: /system/framework/android.test.base.jar
06-12 11:19:28.190 I/tomator2.serve(25963): The ClassLoaderContext is a special shared library.
06-12 11:19:28.190 D/stbdpc  (  403): STB_DPGetNumPaths[570]: num_paths: 1
06-12 11:19:28.196 I/tomator2.serve(25963): The ClassLoaderContext is a special shared library.
06-12 11:19:28.199 I/chatty  (25963): uid=10096(io.appium.uiautomator2.server) identical 1 line
06-12 11:19:28.202 I/tomator2.serve(25963): The ClassLoaderContext is a special shared library.
