06-12 20:01:55.141 D/android.hardware.drm@1.3-service.youtube(  361): findSession: nsessions=1, size=8
06-12 20:01:55.143 D/android.hardware.drm@1.3-service.youtube(  361): YoutubeDrmPlugin::getPropertyString(name=vendor)
06-12 20:01:55.144 D/android.hardware.drm@1.3-service.youtube(  361): YoutubeDrmPlugin::getPropertyString(name=description)
06-12 20:01:55.144 D/android.hardware.drm@1.3-service.youtube(  361): YoutubeDrmPlugin::getPropertyByteArray(name=metrics)
06-12 20:01:55.144 D/android.hardware.drm@1.3-service.youtube(  361): no property for 'metrics'
06-12 20:01:55.145 D/android.hardware.drm@1.3-service.youtube(  361): YoutubeDrmPlugin::getPropertyString(name=vendor)
06-12 20:01:55.145 D/android.hardware.drm@1.3-service.youtube(  361): YoutubeDrmPlugin::getPropertyString(name=description)
06-12 20:01:55.166 D/stbdpc  (  405): STB_DPGetNumPaths[570]: num_paths: 1
06-12 20:01:55.224 E/ocessService0:( 2273): failed to create Unix domain socket: Operation not permitted
06-12 20:01:55.229 E/starboard(27006): Failed to retrieve Advertising ID (IfA).
06-12 20:01:55.230 E/starboard(27006): Failed to retrieve Advertising ID (IfA).
06-12 20:01:55.244 D/dvb_iptv(  405): ReadEmmNetworkTask[1537]: EMM Select Timeout Occured 60
06-12 20:01:55.244 D/stbresmgr(  405): STB_RESNumTuners[315]: num_tuners: 3
06-12 20:01:55.244 E/dvb_iptv(  405): IPTV_GetDvbIpPacketDetails[684]: No valid ECM iptv_handle
06-12 20:01:55.244 D/dvb_iptv(  405): IPTV_GetDvbIpPacketDetails[688]: EMM Pkt stat received_packets:0 lost_packets:0 recov_packets:0 
06-12 20:01:55.244 D/dvb_iptv(  405): getPktDetailOnRetry[710]: Failed to fetch packet details
06-12 20:01:55.244 D/dvb_iptv(  405): ReadEmmNetworkTask[1560]: dsc state not 1
06-12 20:01:55.244 D/dvb_iptv(  405): ReadEmmNetworkTask[1582]: signal emm restart thread
06-12 20:01:55.244 D/dvb_iptv(  405): IPTV_Emm_Stop[2245]: IPTV_Emm_Stop called
06-12 20:01:55.244 D/ltts_ip_emm(  405): CloseEmmCasSession[446]: EMM CAS CloseSession CASSession ID:f703ac00
06-12 20:01:55.246 I/Aml_MP  (  405): AmlVMXIptvCas_V2 dtor AmlVMXIptvCas_V2
06-12 20:01:55.247 I/Aml_MP  (  405): AmCasLibWrapper [~AmCasLibWrapper:47] 
06-12 20:01:55.248 D/am_cas_api(  405): [releaseAmCas/294]
06-12 20:01:55.248 V/AVPIPTV (  405): [0] ~AmCasIPTVSC2 at # 707, class_instance_index=0
06-12 20:01:55.248 I/Aml_MP  (  405): AmCasLibWrapper delete mCasObj
06-12 20:01:55.248 I/Aml_MP  (  405): AmlCasBase [~AmlCasBase:89] 
06-12 20:01:55.248 D/ltts_ip_emm(  405): CloseEmmCasSession[450]: Aml_MP_CAS_CloseSession_Emm | ret_Aml: 0
06-12 20:01:55.266 D/stbdpc  (  405): STB_DPGetNumPaths[570]: num_paths: 1
06-12 20:01:55.316 E/starboard(27006): Failed to retrieve Advertising ID (IfA).
06-12 20:01:55.317 E/starboard(27006): Failed to retrieve Advertising ID (IfA).
06-12 20:01:55.367 D/stbdpc  (  405): STB_DPGetNumPaths[570]: num_paths: 1
06-12 20:01:55.384 D/JioStbInactivityTimer(  933): Timer: count 7276 warningTimeout:10680 timeout:10800
06-12 20:01:55.384 D/JioStbInactivityTimer(  933): isUserActive: Curr:11512457 Prev:11512457
06-12 20:01:55.467 D/stbdpc  (  405): STB_DPGetNumPaths[570]: num_paths: 1
06-12 20:01:55.527 W/APM::AudioPolicyEngine(  390): getDevicesForStrategy() unknown strategy: -1
06-12 20:01:55.528 I/chatty  (  390): uid=1041(audioserver) ApmOutput identical 1 line
06-12 20:01:55.528 W/APM::AudioPolicyEngine(  390): getDevicesForStrategy() unknown strategy: -1
06-12 20:01:55.530 I/system_server(  632): oneway function results will be dropped but finished with status OK and parcel size 4
06-12 20:01:55.567 D/stbdpc  (  405): STB_DPGetNumPaths[570]: num_paths: 1
06-12 20:01:55.667 D/stbdpc  (  405): STB_DPGetNumPaths[570]: num_paths: 1
06-12 20:01:55.744 D/dvb_iptv(  405): ReadEmmNetworkTask[1537]: EMM Select Timeout Occured 1
06-12 20:01:55.745 D/stbhwnet(  405): STB_NWDropMembership[1331]: using IPV6 protocol in dropmembership
06-12 20:01:55.745 D/stbhwnet(  405): STB_NWDropMembership[1335]: group_address: '232.24.3.241', source_address: '10.70.220.50'
06-12 20:01:55.745 D/stbhwnet(  405): STB_NWDropMembership[1353]: src url SSM enabled
06-12 20:01:55.746 D/stbhwnet(  405): get_any_multicast_interface[1061]: Found g_nw_interface wlan0, ifindex 8
06-12 20:01:55.746 D/stbhwnet(  405): STB_NWDropMembership[1376]: sockopt_ret: 92 | Protocol not available
06-12 20:01:55.746 D/stbhwnet(  405): STB_NWDropMembership[1377]: Adding source multicast group error
06-12 20:01:55.746 D/stbhwnet(  405): STB_NWDropMembership[1331]: using IPV6 protocol in dropmembership
06-12 20:01:55.746 D/stbhwnet(  405): STB_NWDropMembership[1335]: group_address: '232.24.3.241', source_address: '10.70.220.50'
06-12 20:01:55.746 D/stbhwnet(  405): STB_NWDropMembership[1353]: src url SSM enabled
06-12 20:01:55.747 D/stbhwnet(  405): get_any_multicast_interface[1061]: Found g_nw_interface wlan0, ifindex 8
06-12 20:01:55.747 D/stbhwnet(  405): STB_NWDropMembership[1376]: sockopt_ret: 92 | Protocol not available
06-12 20:01:55.747 D/stbhwnet(  405): STB_NWDropMembership[1377]: Adding source multicast group error
06-12 20:01:55.747 D/stbhwnet(  405): STB_NWDropMembership[1331]: using IPV6 protocol in dropmembership
06-12 20:01:55.747 D/stbhwnet(  405): STB_NWDropMembership[1335]: group_address: '232.24.3.241', source_address: '10.70.220.50'
06-12 20:01:55.747 D/stbhwnet(  405): STB_NWDropMembership[1353]: src url SSM enabled
06-12 20:01:55.748 D/stbhwnet(  405): get_any_multicast_interface[1061]: Found g_nw_interface wlan0, ifindex 8
06-12 20:01:55.748 D/stbhwnet(  405): STB_NWDropMembership[1376]: sockopt_ret: 92 | Protocol not available
06-12 20:01:55.748 D/stbhwnet(  405): STB_NWDropMembership[1377]: Adding source multicast group error
06-12 20:01:55.748 D/stbhwnet(  405): STB_NWDropMembership[1331]: using IPV6 protocol in dropmembership
06-12 20:01:55.748 D/stbhwnet(  405): STB_NWDropMembership[1335]: group_address: '232.24.3.241', source_address: '10.70.220.50'
06-12 20:01:55.748 D/stbhwnet(  405): STB_NWDropMembership[1353]: src url SSM enabled
06-12 20:01:55.749 D/stbhwnet(  405): get_any_multicast_interface[1061]: Found g_nw_interface wlan0, ifindex 8
06-12 20:01:55.749 D/stbhwnet(  405): STB_NWDropMembership[1376]: sockopt_ret: 92 | Protocol not available
06-12 20:01:55.749 D/stbhwnet(  405): STB_NWDropMembership[1377]: Adding source multicast group error
06-12 20:01:55.749 E/DvbiInterface(  405): StopStartcurrentemmsession[1192]: sucessfully stop the emm session
06-12 20:01:55.767 D/stbdpc  (  405): STB_DPGetNumPaths[570]: num_paths: 1
06-12 20:01:55.796 I/ActivityTaskManager(  632): Fully drawn com.jio.yt/dev.cobalt.app.MainActivity: +2s825ms
06-12 20:01:55.830 E/starboard(27006): Failed to retrieve Advertising ID (IfA).
06-12 20:01:55.832 E/starboard(27006): Failed to retrieve Advertising ID (IfA).
06-12 20:01:55.867 D/stbdpc  (  405): STB_DPGetNumPaths[570]: num_paths: 1
06-12 20:01:55.968 D/stbdpc  (  405): STB_DPGetNumPaths[570]: num_paths: 1
06-12 20:01:56.040 D/JioLauncher( 1781): overlay status check for wifi and bt remote false false
06-12 20:01:56.044 D/Match code1( 1449): 2
06-12 20:01:56.044 D/JIO_TR069-( 1449): Predefined List [com.jio.stb.catv, com.rjil.jiostbsetting, com.iwedia.ui.rjio.launcher.reliance, com.jio.stb.hotellauncher, com.jio.media.oberoi, com.jio.ott]
06-12 20:01:56.046 D/JIO_TR069-( 1449): Caller Package com.iwedia.ui.rjio.launcher.reliance
06-12 20:01:56.047 D/JIO_TR069-( 1449): White Listed Apps []
06-12 20:01:56.047 D/JIO_TR069-( 1449): Final White Listed Apps [com.jio.stb.catv, com.rjil.jiostbsetting, com.iwedia.ui.rjio.launcher.reliance, com.jio.stb.hotellauncher, com.jio.media.oberoi, com.jio.ott, ]
06-12 20:01:56.051 D/JioLauncher( 1781): network-type-------NonJioNetwork
06-12 20:01:56.058 D/JioLauncher( 1781): live-tv-previousIp-[/fe80::1%wlan0, /192.168.1.1]-newHost-[/fe80::1%wlan0, /192.168.1.1]
06-12 20:01:56.068 D/stbdpc  (  405): STB_DPGetNumPaths[570]: num_paths: 1
06-12 20:01:56.084 D/rtk_heartbeat(  351): heartbeat_timed_out: heartbeatCmdCount = 18764, expected nextSeqNum = 18764
06-12 20:01:56.085 D/rtk_heartbeat(  351): rtkbt_heartbeat_cmpl_cback: Current SeqNum = 18764,should SeqNum=18764, status = 0
06-12 20:01:56.168 D/stbdpc  (  405): STB_DPGetNumPaths[570]: num_paths: 1
06-12 20:01:56.200 I/ThermalService(  986): CPU temperatures: [68.700005]
06-12 20:01:56.249 D/DvbiInterface(  405): startEmmSession[1104]: primary_address: "rtp://10.70.220.50@232.24.3.241:5001"
06-12 20:01:56.249 D/DvbiInterface(  405): startEmmSession[1114]: secondary_address: ""
06-12 20:01:56.249 I/DvbiInterface(  405): startEmmSession[1136]: IPTV_EMM_Open | [args] URI: "rtp://10.70.220.50@232.24.3.241", port: 5001, fec: 2
06-12 20:01:56.250 D/dvb_iptv(  405): IPTV_Emm_Open[2003]: URL=rtp://10.70.220.50@232.24.3.241, port=5001 fec_layer=2 port1=0, port2=0
06-12 20:01:56.250 D/dvb_iptv(  405): ParseUrl[1748]: before parse | url: "10.70.220.50@232.24.3.241", src_addr: "", mc_addr: ""
06-12 20:01:56.250 D/dvb_iptv(  405): ParseUrl[1811]: after parse | url: "232.24.3.241", src_addr: "10.70.220.50", mc_addr: "232.24.3.241"
06-12 20:01:56.250 D/dvb_iptv(  405): IPTV_Emm_Open[2032]: Found 2 addresses for 232.24.3.241
06-12 20:01:56.250 D/dvb_iptv(  405): IPTV_Emm_Open[2040]: 0: family=IPv4, type=datagram, protocol=UDP, multicast=yes
06-12 20:01:56.250 D/stbhwnet(  405): STB_NWBind[914]: Added IPV4 address to bind:232.24.3.241 
06-12 20:01:56.250 D/stbhwnet(  405): STB_NWBind[921]: Binding with address 232.24.3.241
06-12 20:01:56.250 D/stbhwnet(  405): STB_NWBind[928]: Bind (fd=16) port 5001, done okay
06-12 20:01:56.250 D/dvb_iptv(  405): SocketBind[727]: bound socket, port=5001
06-12 20:01:56.250 D/stbhwnet(  405): STB_NWAddMembership[1139]: using IPV4 protocol
06-12 20:01:56.250 D/stbhwnet(  405): STB_NWAddMembership[1142]: group_address: '232.24.3.241', source_address: '10.70.220.50'
06-12 20:01:56.250 D/stbhwnet(  405): STB_NWAddMembership[1156]: src url SSM enabled
06-12 20:01:56.250 D/stbhwnet(  405): STB_NWAddMembership[1163]: source addr: 10.70.220.50, group addr: 232.24.3.241, socket: 16
06-12 20:01:56.250 D/stbhwnet(  405): STB_NWAddMembership[1164]: setsocket success for source addrs
06-12 20:01:56.250 D/stbhwnet(  405): STB_NWAddMembership[1176]: setsockopt IP_MULTICAST_ALL params:
06-12 20:01:56.250 D/stbhwnet(  405): STB_NWAddMembership[1177]: mc_all: DISABLE
06-12 20:01:56.250 D/stbhwnet(  405): STB_NWAddMembership[1182]: setsockopt success for all
06-12 20:01:56.250 D/stbhwnet(  405): STB_NWBind[914]: Added IPV4 address to bind:232.24.3.241 
06-12 20:01:56.250 D/stbhwnet(  405): STB_NWBind[921]: Binding with address 232.24.3.241
06-12 20:01:56.250 D/stbhwnet(  405): STB_NWBind[928]: Bind (fd=17) port 5002, done okay
06-12 20:01:56.250 D/dvb_iptv(  405): SocketBind[727]: bound socket, port=5002
06-12 20:01:56.250 D/stbhwnet(  405): STB_NWAddMembership[1139]: using IPV4 protocol
06-12 20:01:56.250 D/stbhwnet(  405): STB_NWAddMembership[1142]: group_address: '232.24.3.241', source_address: '10.70.220.50'
06-12 20:01:56.250 D/stbhwnet(  405): STB_NWAddMembership[1156]: src url SSM enabled
06-12 20:01:56.250 D/stbhwnet(  405): STB_NWAddMembership[1163]: source addr: 10.70.220.50, group addr: 232.24.3.241, socket: 17
06-12 20:01:56.250 D/stbhwnet(  405): STB_NWAddMembership[1164]: setsocket success for source addrs
06-12 20:01:56.250 D/stbhwnet(  405): STB_NWAddMembership[1176]: setsockopt IP_MULTICAST_ALL params:
06-12 20:01:56.250 D/stbhwnet(  405): STB_NWAddMembership[1177]: mc_all: DISABLE
06-12 20:01:56.250 D/stbhwnet(  405): STB_NWAddMembership[1182]: setsockopt success for all
06-12 20:01:56.250 D/stbhwnet(  405): STB_NWBind[914]: Added IPV4 address to bind:232.24.3.241 
06-12 20:01:56.250 D/stbhwnet(  405): STB_NWBind[921]: Binding with address 232.24.3.241
06-12 20:01:56.250 D/stbhwnet(  405): STB_NWBind[928]: Bind (fd=18) port 5003, done okay
06-12 20:01:56.250 D/dvb_iptv(  405): SocketBind[727]: bound socket, port=5003
06-12 20:01:56.250 D/stbhwnet(  405): STB_NWAddMembership[1139]: using IPV4 protocol
06-12 20:01:56.250 D/stbhwnet(  405): STB_NWAddMembership[1142]: group_address: '232.24.3.241', source_address: '10.70.220.50'
06-12 20:01:56.251 D/stbhwnet(  405): STB_NWAddMembership[1156]: src url SSM enabled
06-12 20:01:56.251 D/stbhwnet(  405): STB_NWAddMembership[1163]: source addr: 10.70.220.50, group addr: 232.24.3.241, socket: 18
06-12 20:01:56.251 D/stbhwnet(  405): STB_NWAddMembership[1164]: setsocket success for source addrs
06-12 20:01:56.251 D/stbhwnet(  405): STB_NWAddMembership[1176]: setsockopt IP_MULTICAST_ALL params:
06-12 20:01:56.251 D/stbhwnet(  405): STB_NWAddMembership[1177]: mc_all: DISABLE
06-12 20:01:56.251 D/stbhwnet(  405): STB_NWAddMembership[1182]: setsockopt success for all
06-12 20:01:56.251 D/stbhwnet(  405): STB_NWBind[914]: Added IPV4 address to bind:232.24.3.241 
06-12 20:01:56.251 D/stbhwnet(  405): STB_NWBind[921]: Binding with address 232.24.3.241
06-12 20:01:56.251 D/stbhwnet(  405): STB_NWBind[928]: Bind (fd=19) port 5005, done okay
06-12 20:01:56.251 D/dvb_iptv(  405): SocketBind[727]: bound socket, port=5005
06-12 20:01:56.251 D/stbhwnet(  405): STB_NWAddMembership[1139]: using IPV4 protocol
06-12 20:01:56.251 D/stbhwnet(  405): STB_NWAddMembership[1142]: group_address: '232.24.3.241', source_address: '10.70.220.50'
06-12 20:01:56.251 D/stbhwnet(  405): STB_NWAddMembership[1156]: src url SSM enabled
06-12 20:01:56.251 D/stbhwnet(  405): STB_NWAddMembership[1163]: source addr: 10.70.220.50, group addr: 232.24.3.241, socket: 19
06-12 20:01:56.251 D/stbhwnet(  405): STB_NWAddMembership[1164]: setsocket success for source addrs
06-12 20:01:56.251 D/stbhwnet(  405): STB_NWAddMembership[1176]: setsockopt IP_MULTICAST_ALL params:
06-12 20:01:56.251 D/stbhwnet(  405): STB_NWAddMembership[1177]: mc_all: DISABLE
06-12 20:01:56.251 D/stbhwnet(  405): STB_NWAddMembership[1182]: setsockopt success for all
06-12 20:01:56.251 D/dvb_iptv(  405): IPTV_Emm_Open[2126]: [SockTime] EMM socket open time: 1749738716s 251538us
06-12 20:01:56.251 I/Aml_MP  (  405): AmlCasBase [create:29] cas serviceType: verimatrix IPTV
06-12 20:01:56.251 I/Aml_MP  (  405): AmlCasBase create, iptv vmxcas v2 support
06-12 20:01:56.251 I/Aml_MP  (  405): AmlVMXIptvCas_V2 ctor AmlVMXIptvCas_V2
06-12 20:01:56.251 D/am_cas_api(  405): [createAmCas/77]
06-12 20:01:56.251 E/AVPIPTV (  405): [0] AmCasIPTVSC2 at # 672, class_instance_index=0
06-12 20:01:56.251 D/ltts_ip_emm(  405): openEmmCasSession[437]: IPTV EMM Cas openSession susccess CASSession ID: f703ac00
06-12 20:01:56.252 D/DvbiInterface(  405): StopStartcurrentemmsession[1198]: Successfully started the emm session: 0xf73929c0
06-12 20:01:56.252 D/dvb_iptv(  405): restartEmmSession[1181]: restart Emm monitor task success
06-12 20:01:56.252 D/dvb_iptv(  405): restartEmmSession[1187]: restart Emm monitor task stop and start successful - 1
06-12 20:01:56.252 D/dvb_iptv(  405): restartEmmSession[1172]: waiting for restart emm signal
06-12 20:01:56.255 D/ltts_ip_emm(  405): LTTS_IP_DMXStartEMM[381]: parse_emm_cat_status failed
06-12 20:01:56.268 D/stbdpc  (  405): STB_DPGetNumPaths[570]: num_paths: 1
06-12 20:01:56.311 E/starboard(27006): Failed to retrieve Advertising ID (IfA).
06-12 20:01:56.313 E/starboard(27006): Failed to retrieve Advertising ID (IfA).
06-12 20:01:56.368 D/stbdpc  (  405): STB_DPGetNumPaths[570]: num_paths: 1
06-12 20:01:56.384 D/JioStbInactivityTimer(  933): Timer: count 7277 warningTimeout:10680 timeout:10800
06-12 20:01:56.385 D/JioStbInactivityTimer(  933): isUserActive: Curr:11512457 Prev:11512457
06-12 20:01:56.468 D/stbdpc  (  405): STB_DPGetNumPaths[570]: num_paths: 1
06-12 20:01:56.569 I/chatty  (  405): uid=0(root) DK-SiCntrl identical 1 line
06-12 20:01:56.669 D/stbdpc  (  405): STB_DPGetNumPaths[570]: num_paths: 1
06-12 20:01:56.752 D/dvb_iptv(  405): ReadEmmNetworkTask[1537]: EMM Select Timeout Occured 1
06-12 20:01:56.752 D/dvb_iptv(  405): ReadEmmNetworkTask[1598]: [SockTime] EMM packet Reception Stopped!!
06-12 20:01:56.752 D/dvb_iptv(  405): ReadEmmNetworkTask[1601]: [SockTime] EMM packet Rxn stopped: 1749738716s 752280us
06-12 20:01:56.769 D/stbdpc  (  405): STB_DPGetNumPaths[570]: num_paths: 1
06-12 20:01:56.869 D/stbdpc  (  405): STB_DPGetNumPaths[570]: num_paths: 1
06-12 20:01:56.874 I/com.jio.yt(27006): oneway function results will be dropped but finished with status OK and parcel size 4
06-12 20:01:56.878 I/e.swalekh.abct( 1336): oneway function results will be dropped but finished with status OK and parcel size 4
06-12 20:01:56.886 D/JioSTBMRServer-SERVICE( 3304): InetSocketAddress(InetAddress.getByName(inetAddress.hostAddress)-/192.168.1.255
06-12 20:01:56.886 D/JioSTBMRServer-SERVICE( 3304): #beacon:RKISBFJ60000097:0:false:0:1:SV=181024 , 192.168.1.255
06-12 20:01:56.889 D/JioSTBMRServer-SERVICE( 3304): InetSocketAddress(InetAddress.getByName(inetAddress.hostAddress)-/192.168.1.255
06-12 20:01:56.890 D/JioSTBMRServer-SERVICE( 3304): #broadcast IP:192.168.1.255
06-12 20:01:56.969 D/stbdpc  (  405): STB_DPGetNumPaths[570]: num_paths: 1
06-12 20:01:57.018 D/JioAppOptimizer( 1699): AppOptimizerService :: handleMessage()
06-12 20:01:57.020 D/JioAppOptimizer( 1699): AppOptimizerService :: handleMessage() : Foreground Package=com.jio.yt
06-12 20:01:57.020 D/JioAppOptimizer( 1699): AppOptimizerService :: handleMessage() : Free memory available in MB : 428.53515625
06-12 20:01:57.020 D/JioAppOptimizer( 1699): AppOptimizerService :: handleMessage() : checkAndRemoveBackgroundApps()
06-12 20:01:57.020 D/JioAppOptimizer( 1699): AppOptimizerService :: checkAndRemoveBackgroundApps()
06-12 20:01:57.069 D/stbdpc  (  405): STB_DPGetNumPaths[570]: num_paths: 1
06-12 20:01:57.084 D/rtk_heartbeat(  351): heartbeat_timed_out: heartbeatCmdCount = 18765, expected nextSeqNum = 18765
06-12 20:01:57.085 D/rtk_heartbeat(  351): rtkbt_heartbeat_cmpl_cback: Current SeqNum = 18765,should SeqNum=18765, status = 0
06-12 20:01:57.142 E/TaskPersister(  632): File error accessing recents directory (directory doesn't exist?).
06-12 20:01:57.170 D/stbdpc  (  405): STB_DPGetNumPaths[570]: num_paths: 1
06-12 20:01:57.252 D/dvb_iptv(  405): ReadEmmNetworkTask[1537]: EMM Select Timeout Occured 2
06-12 20:01:57.261 E/ocessService0:( 2273): failed to create Unix domain socket: Operation not permitted
06-12 20:01:57.270 D/stbdpc  (  405): STB_DPGetNumPaths[570]: num_paths: 1
06-12 20:01:57.370 D/stbdpc  (  405): STB_DPGetNumPaths[570]: num_paths: 1
06-12 20:01:57.384 D/JioStbInactivityTimer(  933): Timer: count 7278 warningTimeout:10680 timeout:10800
06-12 20:01:57.384 D/JioStbInactivityTimer(  933): isUserActive: Curr:11512457 Prev:11512457
06-12 20:01:57.470 D/stbdpc  (  405): STB_DPGetNumPaths[570]: num_paths: 1
06-12 20:01:57.570 I/chatty  (  405): uid=0(root) DK-SiCntrl identical 1 line
06-12 20:01:57.670 D/stbdpc  (  405): STB_DPGetNumPaths[570]: num_paths: 1
06-12 20:01:57.752 D/dvb_iptv(  405): ReadEmmNetworkTask[1537]: EMM Select Timeout Occured 3
06-12 20:01:57.758 E/WifiVendorHal(  632): getWifiLinkLayerStats_1_3_Internal(l.973) failed {.code = ERROR_UNKNOWN, .description = unknown error}
06-12 20:01:57.771 D/stbdpc  (  405): STB_DPGetNumPaths[570]: num_paths: 1
06-12 20:01:57.971 I/chatty  (  405): uid=0(root) DK-SiCntrl identical 2 lines
06-12 20:01:58.071 D/stbdpc  (  405): STB_DPGetNumPaths[570]: num_paths: 1
06-12 20:01:58.084 D/rtk_heartbeat(  351): heartbeat_timed_out: heartbeatCmdCount = 18766, expected nextSeqNum = 18766
06-12 20:01:58.086 D/rtk_heartbeat(  351): rtkbt_heartbeat_cmpl_cback: Current SeqNum = 18766,should SeqNum=18766, status = 0
06-12 20:01:58.115 W/[18793.468713@1]  RTW(    0): Turbo EDCA =0xa42b
06-12 20:01:58.171 D/stbdpc  (  405): STB_DPGetNumPaths[570]: num_paths: 1
06-12 20:01:58.220 I/ThermalService(  986): CPU temperatures: [68.200005]
06-12 20:01:58.252 D/dvb_iptv(  405): ReadEmmNetworkTask[1537]: EMM Select Timeout Occured 4
06-12 20:01:58.255 D/ltts_ip_emm(  405): LTTS_IP_DMXStartEMM[381]: parse_emm_cat_status failed
06-12 20:01:58.272 D/stbdpc  (  405): STB_DPGetNumPaths[570]: num_paths: 1
06-12 20:01:58.312 E/starboard(27006): Failed to retrieve Advertising ID (IfA).
06-12 20:01:58.318 I/chatty  (27006): uid=10093(com.jio.yt) pool-2-thread-1 identical 2 lines
06-12 20:01:58.320 E/starboard(27006): Failed to retrieve Advertising ID (IfA).
06-12 20:01:58.348 I/starboard_media(27006): MediaSession setPlaybackState: NONE, position: 0 ms, speed: 0.000000 x
06-12 20:01:58.349 V/AvrcpMediaPlayerWrapper(  773): onPlaybackStateChanged(): com.jio.yt : PlaybackState {state=0, position=0, buffered position=0, speed=0.0, updated=18793704, actions=0, custom actions=[], active item id=-1, error=null}
06-12 20:01:58.350 W/AvrcpMediaPlayerWrapper(  773): onPlaybackStateChanged(): com.jio.yt tried to update with no new data
06-12 20:01:58.371 D/sub_mixing_factory(  350): [out_standby_subMixingPCM:1324] out_stream(0xf557b000) usecase: PCM_NORMAL
06-12 20:01:58.371 I/sub_mixing_factory(  350): [usecase_change_validate_l_sm:1170] cur dev masks:0x1, delete out usecase:PCM_NORMAL
06-12 20:01:58.371 I/sub_mixing_factory(  350): [usecase_change_validate_l_sm:1180] standby unmask usecase PCM_NORMAL
06-12 20:01:58.371 I/amlAudioMixer(  350): [delete_mixer_input_port:197] input port ID:0, type:PCM_SYSTEM, cur mask:0x1
06-12 20:01:58.372 D/stbdpc  (  405): STB_DPGetNumPaths[570]: num_paths: 1
06-12 20:01:58.372 I/system_server(  632): oneway function results will be dropped but finished with status OK and parcel size 4
06-12 20:01:58.385 D/JioStbInactivityTimer(  933): Timer: count 7279 warningTimeout:10680 timeout:10800
06-12 20:01:58.385 D/JioStbInactivityTimer(  933): isUserActive: Curr:11512457 Prev:11512457
06-12 20:01:58.472 D/stbdpc  (  405): STB_DPGetNumPaths[570]: num_paths: 1
06-12 20:01:58.572 I/chatty  (  405): uid=0(root) DK-SiCntrl identical 1 line
06-12 20:01:58.672 D/stbdpc  (  405): STB_DPGetNumPaths[570]: num_paths: 1
06-12 20:01:58.752 D/dvb_iptv(  405): ReadEmmNetworkTask[1537]: EMM Select Timeout Occured 5
06-12 20:01:58.772 D/stbdpc  (  405): STB_DPGetNumPaths[570]: num_paths: 1
06-12 20:01:58.873 D/stbdpc  (  405): STB_DPGetNumPaths[570]: num_paths: 1
06-12 20:01:58.914 I/com.jio.yt(27006): oneway function results will be dropped but finished with status OK and parcel size 4
06-12 20:01:58.916 I/e.swalekh.abct( 1336): oneway function results will be dropped but finished with status OK and parcel size 4
06-12 20:01:58.929 D/JioSTBMRServer-SERVICE( 3304): InetSocketAddress(InetAddress.getByName(inetAddress.hostAddress)-/192.168.1.255
06-12 20:01:58.929 D/JioSTBMRServer-SERVICE( 3304): #beacon:RKISBFJ60000097:0:false:0:1:SV=181024 , 192.168.1.255
06-12 20:01:58.934 D/JioSTBMRServer-SERVICE( 3304): InetSocketAddress(InetAddress.getByName(inetAddress.hostAddress)-/192.168.1.255
06-12 20:01:58.934 D/JioSTBMRServer-SERVICE( 3304): #broadcast IP:192.168.1.255
06-12 20:01:58.973 D/stbdpc  (  405): STB_DPGetNumPaths[570]: num_paths: 1
06-12 20:01:59.059 F/linker  (27113): CANNOT LINK EXECUTABLE "/system/bin/smartcable/smartCableSTBApp": library "libmosquitto.so" not found: needed by main executable
06-12 20:01:59.073 D/stbdpc  (  405): STB_DPGetNumPaths[570]: num_paths: 1
06-12 20:01:59.084 D/rtk_heartbeat(  351): heartbeat_timed_out: heartbeatCmdCount = 18767, expected nextSeqNum = 18767
06-12 20:01:59.085 D/rtk_heartbeat(  351): rtkbt_heartbeat_cmpl_cback: Current SeqNum = 18767,should SeqNum=18767, status = 0
06-12 20:01:59.173 D/stbdpc  (  405): STB_DPGetNumPaths[570]: num_paths: 1
06-12 20:01:59.253 D/dvb_iptv(  405): ReadEmmNetworkTask[1537]: EMM Select Timeout Occured 6
06-12 20:01:59.253 D/DvbiInterface(  405): updateemmstatus[1325]:  EMM_status:0
06-12 20:01:59.273 D/stbdpc  (  405): STB_DPGetNumPaths[570]: num_paths: 1
06-12 20:01:59.301 E/ocessService0:( 2273): failed to create Unix domain socket: Operation not permitted
06-12 20:01:59.374 D/stbdpc  (  405): STB_DPGetNumPaths[570]: num_paths: 1
06-12 20:01:59.385 D/JioStbInactivityTimer(  933): Timer: count 7280 warningTimeout:10680 timeout:10800
06-12 20:01:59.386 D/JioStbInactivityTimer(  933): isUserActive: Curr:11512457 Prev:11512457
06-12 20:01:59.387 W/[18794.744271@3]  RTW(    0): fill_default_txdesc(wlan0): SP Packet(0x0806) rate=0x4 SeqNum = 4035
06-12 20:01:59.474 D/stbdpc  (  405): STB_DPGetNumPaths[570]: num_paths: 1
06-12 20:01:59.502 D/ConfigurationDb(26875): Updated 1 row in configuration table,
06-12 20:01:59.502 D/ConfigurationDb(26875): entity_tag=beae2c33b2af4f2c111060ecca69eda5 origin=2 json={"devo":{"ValidationConfiguration":{"MaxKeyValuePairCount":256,"MaxMetricEventSizeBytes":4096,"MaxKeySizeBytes":256,"MaxValueSizeBytes":512},"ThrottleConfiguration":{"ThrottleSwitch":1,"MaxThrottleCredit":2500,"DefaultThrottleCreditHour":1500},"ThrottleConfigurationHardLimits":{"ThrottleSwitchHardLimit":1,"MaxThrottleCreditHardLimit":13000,"DefaultThrottleCreditHourHardLimit":9000},"SamplingConfiguration":{"DefaultSamplingRate":100},"DenyListConfiguration":{"DenyListBits":"0000000000","BitsSize":10,"ExplicitDenylist":[{"metricGroupId":"7m88x74n","schemaId":"5o7y/2/03330400"}]},"StorageConfiguration":{"MaxBatchOpenTimeMillis":69000,"CheckBatchOpenTimeMillis":30000,"MaxBatchEntries":504,"MaxBatchSizeBytes":65536,"MaxStorageSpaceBytes":5242880,"MaxNumberOfBatchFiles":2048,"ExpiryTimeMillis":3600000,"PurgePeriodMillis":600000,"TransmissionPeriodMillis":899999,"UploadTriggeredByStoragePeriodMillis":180000},"UploadConfiguration":{"UrlEndpoint":"https://{deviceType}.{region}.prod.service.minerva.devices.a2z.com:443/metric-batch","IonFormat":"text/x-amzn-ion","ConnectTimeoutMillis":10000,"ReadTimeoutMillis":10000,"WakeLockTimeoutMillis":300000,"KPIRegion":"us-east-1"}},"prod":{"ValidationConfiguration":{"MaxKeyValuePairCount":256,"MaxMetricEventSizeBytes":4096,"MaxKeySizeBytes":256,"MaxValueSizeBytes":512},"ThrottleConfiguration":{"ThrottleSwitch":1,"MaxThrottleCredit":2500,"DefaultThrottleCreditHour":1500},"ThrottleConfigurationHardLimits":{"ThrottleSwitchHardLimit":1,"MaxThrottleCreditHardLimit":13000,"DefaultThrottleCreditHourHardLimit":9000},"SamplingConfiguration":{"DefaultSamplingRate":100},"DenyListConfiguration":{"DenyListBits":"0000000000","BitsSize":10,"ExplicitDenylist":[{"metricGroupId":"7m88x74n","schemaId":"5o7y/2/03330400"},{"metricGroupId":"vbzk9ql5","schemaId":"qcd7/2/01330400"},{"metricGroupId":"e86z8fir","schemaId":"4cn1/2/03330400"},{"metricGroupId":"39zzt486","schemaId":"xi0b/2/01330400"},{"metricGroupId":"2i4g6pr2","schemaId":"e9r3/2/01330400"},{"metricGroupId":"n2yxvkcu","schemaId":"fuj0/2/01330400"}]},"StorageConfiguration":{"MaxBatchOpenTimeMillis":1200000,"CheckBatchOpenTimeMillis":300000,"MaxBatchEntries":504,"MaxBatchSizeBytes":65536,"MaxStorageSpaceBytes":5242880,"MaxNumberOfBatchFiles":2048,"ExpiryTimeMillis":604800000,"PurgePeriodMillis":86400000,"TransmissionPeriodMillis":18000000,"UploadTriggeredByStoragePeriodMillis":7200000},"UploadConfiguration":{"UrlEndpoint":"https://{deviceType}.{region}.prod.service.minerva.devices.a2z.com:443/metric-batch","IonFormat":"application/x-amzn-ion","ConnectTimeoutMillis":10000,"ReadTimeoutMillis":10000,"WakeLockTimeoutMillis":300000,"KPIRegion":"us-east-1"}}} timestamp=1749738719496
06-12 20:01:59.511 I/AssetFileParser(26875): Minerva debug mode is turned off.
06-12 20:01:59.511 I/AssetFileParser(26875): Debug mode is turned off, and using Prod configuration.
06-12 20:01:59.511 I/DefaultRemoteMetricsConfigurationUpdater(26875): Remote configuration is unchanged, but still update local metric configurations to ensure the match.
06-12 20:01:59.574 D/stbdpc  (  405): STB_DPGetNumPaths[570]: num_paths: 1
06-12 20:01:59.632 I/JioBackgroundSchedulerService( 2785): Check schedule  
06-12 20:01:59.674 D/stbdpc  (  405): STB_DPGetNumPaths[570]: num_paths: 1
06-12 20:01:59.753 D/dvb_iptv(  405): ReadEmmNetworkTask[1537]: EMM Select Timeout Occured 7
06-12 20:01:59.774 D/stbdpc  (  405): STB_DPGetNumPaths[570]: num_paths: 1
06-12 20:01:59.974 I/chatty  (  405): uid=0(root) DK-SiCntrl identical 2 lines
06-12 20:02:00.075 D/stbdpc  (  405): STB_DPGetNumPaths[570]: num_paths: 1
06-12 20:02:00.084 D/rtk_heartbeat(  351): heartbeat_timed_out: heartbeatCmdCount = 18768, expected nextSeqNum = 18768
06-12 20:02:00.086 D/rtk_heartbeat(  351): rtkbt_heartbeat_cmpl_cback: Current SeqNum = 18768,should SeqNum=18768, status = 0
06-12 20:02:00.131 W/[18795.484708@2]  RTW(    0): Turbo EDCA =0x5ea42b
06-12 20:02:00.175 D/stbdpc  (  405): STB_DPGetNumPaths[570]: num_paths: 1
06-12 20:02:00.236 I/ThermalService(  986): CPU temperatures: [68.0]
06-12 20:02:00.253 D/dvb_iptv(  405): ReadEmmNetworkTask[1537]: EMM Select Timeout Occured 8
06-12 20:02:00.255 D/ltts_ip_emm(  405): LTTS_IP_DMXStartEMM[381]: parse_emm_cat_status failed
06-12 20:02:00.252 W/netflix (26702): type=1400 audit(0.0:24189): avc: denied { read } for name="route" dev="proc" ino=4026532021 scontext=u:r:untrusted_app:s0:c65,c256,c512,c768 tcontext=u:object_r:proc_net:s0 tclass=file permissive=0 app=com.netflix.ninja
06-12 20:02:00.275 D/stbdpc  (  405): STB_DPGetNumPaths[570]: num_paths: 1
06-12 20:02:00.375 D/stbdpc  (  405): STB_DPGetNumPaths[570]: num_paths: 1
06-12 20:02:00.385 D/JioStbInactivityTimer(  933): Timer: count 7281 warningTimeout:10680 timeout:10800
06-12 20:02:00.385 D/JioStbInactivityTimer(  933): isUserActive: Curr:11512457 Prev:11512457
06-12 20:02:00.475 D/stbdpc  (  405): STB_DPGetNumPaths[570]: num_paths: 1
06-12 20:02:00.576 I/chatty  (  405): uid=0(root) DK-SiCntrl identical 1 line
06-12 20:02:00.676 D/stbdpc  (  405): STB_DPGetNumPaths[570]: num_paths: 1
06-12 20:02:00.753 D/dvb_iptv(  405): ReadEmmNetworkTask[1537]: EMM Select Timeout Occured 9
06-12 20:02:00.766 E/WifiVendorHal(  632): getWifiLinkLayerStats_1_3_Internal(l.973) failed {.code = ERROR_UNKNOWN, .description = unknown error}
06-12 20:02:00.776 D/stbdpc  (  405): STB_DPGetNumPaths[570]: num_paths: 1
06-12 20:02:00.876 D/stbdpc  (  405): STB_DPGetNumPaths[570]: num_paths: 1
06-12 20:02:00.961 I/com.jio.yt(27006): oneway function results will be dropped but finished with status OK and parcel size 4
06-12 20:02:00.963 I/e.swalekh.abct( 1336): oneway function results will be dropped but finished with status OK and parcel size 4
06-12 20:02:00.970 D/JioSTBMRServer-SERVICE( 3304): InetSocketAddress(InetAddress.getByName(inetAddress.hostAddress)-/192.168.1.255
06-12 20:02:00.970 D/JioSTBMRServer-SERVICE( 3304): #beacon:RKISBFJ60000097:0:false:0:1:SV=181024 , 192.168.1.255
06-12 20:02:00.974 D/JioSTBMRServer-SERVICE( 3304): InetSocketAddress(InetAddress.getByName(inetAddress.hostAddress)-/192.168.1.255
06-12 20:02:00.974 D/JioSTBMRServer-SERVICE( 3304): #broadcast IP:192.168.1.255
06-12 20:02:00.976 D/stbdpc  (  405): STB_DPGetNumPaths[570]: num_paths: 1
06-12 20:02:01.044 D/JioLauncher( 1781): overlay status check for wifi and bt remote false false
06-12 20:02:01.048 D/Match code1( 1449): 2
06-12 20:02:01.048 D/JIO_TR069-( 1449): Predefined List [com.jio.stb.catv, com.rjil.jiostbsetting, com.iwedia.ui.rjio.launcher.reliance, com.jio.stb.hotellauncher, com.jio.media.oberoi, com.jio.ott]
06-12 20:02:01.051 D/JIO_TR069-( 1449): Caller Package com.iwedia.ui.rjio.launcher.reliance
06-12 20:02:01.051 D/JIO_TR069-( 1449): White Listed Apps []
06-12 20:02:01.051 D/JIO_TR069-( 1449): Final White Listed Apps [com.jio.stb.catv, com.rjil.jiostbsetting, com.iwedia.ui.rjio.launcher.reliance, com.jio.stb.hotellauncher, com.jio.media.oberoi, com.jio.ott, ]
06-12 20:02:01.055 D/JioLauncher( 1781): network-type-------NonJioNetwork
06-12 20:02:01.060 D/JioLauncher( 1781): live-tv-previousIp-[/fe80::1%wlan0, /192.168.1.1]-newHost-[/fe80::1%wlan0, /192.168.1.1]
06-12 20:02:01.077 D/stbdpc  (  405): STB_DPGetNumPaths[570]: num_paths: 1
06-12 20:02:01.085 D/rtk_heartbeat(  351): heartbeat_timed_out: heartbeatCmdCount = 18769, expected nextSeqNum = 18769
06-12 20:02:01.086 D/rtk_heartbeat(  351): rtkbt_heartbeat_cmpl_cback: Current SeqNum = 18769,should SeqNum=18769, status = 0
06-12 20:02:01.177 D/stbdpc  (  405): STB_DPGetNumPaths[570]: num_paths: 1
06-12 20:02:01.253 D/dvb_iptv(  405): ReadEmmNetworkTask[1537]: EMM Select Timeout Occured 10
06-12 20:02:01.277 D/stbdpc  (  405): STB_DPGetNumPaths[570]: num_paths: 1
06-12 20:02:01.340 E/ocessService0:( 2273): failed to create Unix domain socket: Operation not permitted
06-12 20:02:01.377 D/stbdpc  (  405): STB_DPGetNumPaths[570]: num_paths: 1
06-12 20:02:01.386 D/JioStbInactivityTimer(  933): Timer: count 7282 warningTimeout:10680 timeout:10800
06-12 20:02:01.386 D/JioStbInactivityTimer(  933): isUserActive: Curr:11512457 Prev:11512457
06-12 20:02:01.477 D/stbdpc  (  405): STB_DPGetNumPaths[570]: num_paths: 1
06-12 20:02:01.578 I/chatty  (  405): uid=0(root) DK-SiCntrl identical 1 line
06-12 20:02:01.678 D/stbdpc  (  405): STB_DPGetNumPaths[570]: num_paths: 1
06-12 20:02:01.754 D/dvb_iptv(  405): ReadEmmNetworkTask[1537]: EMM Select Timeout Occured 11
06-12 20:02:01.778 D/stbdpc  (  405): STB_DPGetNumPaths[570]: num_paths: 1
06-12 20:02:01.978 I/chatty  (  405): uid=0(root) DK-SiCntrl identical 2 lines
06-12 20:02:02.079 D/stbdpc  (  405): STB_DPGetNumPaths[570]: num_paths: 1
06-12 20:02:02.085 D/rtk_heartbeat(  351): heartbeat_timed_out: heartbeatCmdCount = 18770, expected nextSeqNum = 18770
06-12 20:02:02.086 D/rtk_heartbeat(  351): rtkbt_heartbeat_cmpl_cback: Current SeqNum = 18770,should SeqNum=18770, status = 0
06-12 20:02:02.179 D/stbdpc  (  405): STB_DPGetNumPaths[570]: num_paths: 1
06-12 20:02:02.252 I/ThermalService(  986): CPU temperatures: [65.200005]
06-12 20:02:02.254 D/dvb_iptv(  405): ReadEmmNetworkTask[1537]: EMM Select Timeout Occured 12
06-12 20:02:02.255 D/ltts_ip_emm(  405): LTTS_IP_DMXStartEMM[381]: parse_emm_cat_status failed
06-12 20:02:02.279 D/stbdpc  (  405): STB_DPGetNumPaths[570]: num_paths: 1
06-12 20:02:02.328 D/JioLauncher( 1781): isInternetAvailable-method-response-204
06-12 20:02:02.331 D/JioLauncher( 1781): isMulticastReceiver-Connected-to-5GHz-Wi-Fi-network
06-12 20:02:02.379 D/stbdpc  (  405): STB_DPGetNumPaths[570]: num_paths: 1
06-12 20:02:02.385 D/JioStbInactivityTimer(  933): Timer: count 7283 warningTimeout:10680 timeout:10800
06-12 20:02:02.385 D/JioStbInactivityTimer(  933): isUserActive: Curr:11512457 Prev:11512457
06-12 20:02:02.479 D/stbdpc  (  405): STB_DPGetNumPaths[570]: num_paths: 1
06-12 20:02:02.580 I/chatty  (  405): uid=0(root) DK-SiCntrl identical 1 line
06-12 20:02:02.680 D/stbdpc  (  405): STB_DPGetNumPaths[570]: num_paths: 1
06-12 20:02:02.754 D/dvb_iptv(  405): ReadEmmNetworkTask[1537]: EMM Select Timeout Occured 13
06-12 20:02:02.780 D/stbdpc  (  405): STB_DPGetNumPaths[570]: num_paths: 1
06-12 20:02:02.880 I/chatty  (  405): uid=0(root) DK-SiCntrl identical 1 line
06-12 20:02:02.981 D/stbdpc  (  405): STB_DPGetNumPaths[570]: num_paths: 1
06-12 20:02:03.003 I/com.jio.yt(27006): oneway function results will be dropped but finished with status OK and parcel size 4
06-12 20:02:03.006 I/e.swalekh.abct( 1336): oneway function results will be dropped but finished with status OK and parcel size 4
06-12 20:02:03.013 D/JioSTBMRServer-SERVICE( 3304): InetSocketAddress(InetAddress.getByName(inetAddress.hostAddress)-/192.168.1.255
06-12 20:02:03.013 D/JioSTBMRServer-SERVICE( 3304): #beacon:RKISBFJ60000097:0:false:0:1:SV=181024 , 192.168.1.255
06-12 20:02:03.016 D/JioSTBMRServer-SERVICE( 3304): InetSocketAddress(InetAddress.getByName(inetAddress.hostAddress)-/192.168.1.255
06-12 20:02:03.016 D/JioSTBMRServer-SERVICE( 3304): #broadcast IP:192.168.1.255
06-12 20:02:03.081 D/stbdpc  (  405): STB_DPGetNumPaths[570]: num_paths: 1
06-12 20:02:03.085 D/rtk_heartbeat(  351): heartbeat_timed_out: heartbeatCmdCount = 18771, expected nextSeqNum = 18771
06-12 20:02:03.087 D/rtk_heartbeat(  351): rtkbt_heartbeat_cmpl_cback: Current SeqNum = 18771,should SeqNum=18771, status = 0
06-12 20:02:03.111 D/[18798.466152@3]  logd(    0): logdr: UID=0 GID=0 PID=27123 n tail=0 logMask=99 pid=0 start=0ns timeout=0ns
06-12 20:02:03.181 D/stbdpc  (  405): STB_DPGetNumPaths[570]: num_paths: 1
06-12 20:02:03.254 D/dvb_iptv(  405): ReadEmmNetworkTask[1537]: EMM Select Timeout Occured 14
06-12 20:02:03.281 D/stbdpc  (  405): STB_DPGetNumPaths[570]: num_paths: 1
06-12 20:02:03.378 E/ocessService0:( 2273): failed to create Unix domain socket: Operation not permitted
06-12 20:02:03.381 D/stbdpc  (  405): STB_DPGetNumPaths[570]: num_paths: 1
06-12 20:02:03.385 D/JioStbInactivityTimer(  933): Timer: count 7284 warningTimeout:10680 timeout:10800
06-12 20:02:03.385 D/JioStbInactivityTimer(  933): isUserActive: Curr:11512457 Prev:11512457
06-12 20:02:03.459 D/[18798.815105@3]  logd(    0): logdr: UID=0 GID=0 PID=27144 b tail=0 logMask=99 pid=0 start=0ns timeout=0ns
06-12 20:02:03.469 I/ActivityTaskManager(  632): START u0 {flg=0x10000000 cmp=com.zee5.aosp/com.zee5.android.launch.presentation.AppStartActivity} from uid 0
06-12 20:02:03.469 D/ActivityStarter(  632):  
06-12 20:02:03.469 D/ActivityStarter(  632): launchedPkgName :: com.zee5.aosp 
06-12 20:02:03.469 D/ActivityStarter(  632): callingPackage :: com.android.shell 
06-12 20:02:03.469 D/ActivityStarter(  632): callingUid :: 0 
06-12 20:02:03.469 D/ActivityStarter(  632): callingPid :: 27146
06-12 20:02:03.469 D/ActivityTaskManager(  632): OTHER app is launched
06-12 20:02:03.482 D/stbdpc  (  405): STB_DPGetNumPaths[570]: num_paths: 1
06-12 20:02:03.494 V/DigitalSignage(  632): Package Name: null
06-12 20:02:03.494 V/DigitalSignage(  632): Left: 0
06-12 20:02:03.494 V/DigitalSignage(  632): Right: 0
06-12 20:02:03.494 V/DigitalSignage(  632): Top: 0
06-12 20:02:03.494 V/DigitalSignage(  632): Bottom: 0
06-12 20:02:03.495 D/DigitalSignage(  632): else - Package Name :: null left : 0 right :: 0 top :: 0 bottom :: 0 dfu-right :: 1920 dfu-bottom :: 1080
06-12 20:02:03.501 W/starboard(27006): Do not start a MediaPlaybackService when the MediSsession is null or inactive.
06-12 20:02:03.515 D/CompatibilityChangeReporter(  632): Compat change id reported: 135634846; UID 10087; state: DISABLED
06-12 20:02:03.515 D/CompatibilityChangeReporter(  632): Compat change id reported: 143937733; UID 10087; state: ENABLED
06-12 20:02:03.542 V/DigitalSignage(  632): Package Name: null
06-12 20:02:03.542 V/DigitalSignage(  632): Left: 0
06-12 20:02:03.543 V/DigitalSignage(  632): Right: 0
06-12 20:02:03.543 V/DigitalSignage(  632): Top: 0
06-12 20:02:03.543 V/DigitalSignage(  632): Bottom: 0
06-12 20:02:03.543 D/DigitalSignage(  632): else - Package Name :: null left : 0 right :: 0 top :: 0 bottom :: 0 dfu-right :: 1920 dfu-bottom :: 1080
06-12 20:02:03.548 D/memtrack_aml(  367): sysfs path
06-12 20:02:03.570 D/Zygote  (  326): Forked child process 27150
06-12 20:02:03.578 W/ActivityManager(  632): Slow operation: 64ms so far, now at startProcess: returned from zygote!
06-12 20:02:03.578 W/ActivityManager(  632): Slow operation: 64ms so far, now at startProcess: done updating battery stats
06-12 20:02:03.578 V/DigitalSignage(  632): Package Name: null
06-12 20:02:03.578 V/DigitalSignage(  632): Left: 0
06-12 20:02:03.578 V/DigitalSignage(  632): Right: 0
06-12 20:02:03.578 W/ActivityManager(  632): Slow operation: 64ms so far, now at startProcess: building log message
06-12 20:02:03.578 I/ActivityManager(  632): Start proc 27150:com.zee5.aosp/u0a87 for pre-top-activity {com.zee5.aosp/com.zee5.android.launch.presentation.AppStartActivity}
06-12 20:02:03.578 W/ActivityManager(  632): Slow operation: 64ms so far, now at startProcess: starting to update pids map
06-12 20:02:03.578 V/DigitalSignage(  632): Top: 0
06-12 20:02:03.578 V/DigitalSignage(  632): Bottom: 0
06-12 20:02:03.579 D/DigitalSignage(  632): else - Package Name :: null left : 0 right :: 0 top :: 0 bottom :: 0 dfu-right :: 1920 dfu-bottom :: 1080
06-12 20:02:03.582 D/stbdpc  (  405): STB_DPGetNumPaths[570]: num_paths: 1
06-12 20:02:03.583 W/ActivityManager(  632): Slow operation: 69ms so far, now at startProcess: done updating pids map
06-12 20:02:03.590 D/memtrack_aml(  367): sysfs path
06-12 20:02:03.602 I/adbd    ( 7938): jdwp connection from 27150
06-12 20:02:03.617 D/ActivityTaskManager(  632): JioHomeManagerService :: ActivityRecord :: setState :: StateFrom :: DESTROYED StateTo :: RESUMED 
06-12 20:02:03.642 I/android.hardware.power-service.libperfmgr(  369): Power setBoost: INTERACTION duration: 0
06-12 20:02:03.642 I/libperfmgr(  369): Do Powerhint: INTERACTION
06-12 20:02:03.644 I/com.zee5.aosp(27150): The ClassLoaderContext is a special shared library.
06-12 20:02:03.652 V/DigitalSignage(  632): Package Name: null
06-12 20:02:03.652 V/DigitalSignage(  632): Left: 0
06-12 20:02:03.652 V/DigitalSignage(  632): Right: 0
06-12 20:02:03.652 V/DigitalSignage(  632): Top: 0
06-12 20:02:03.652 V/DigitalSignage(  632): Bottom: 0
06-12 20:02:03.652 D/DigitalSignage(  632): else - Package Name :: null left : 0 right :: 0 top :: 0 bottom :: 0 dfu-right :: 1920 dfu-bottom :: 1080
06-12 20:02:03.658 D/NetflixService(  986): onForegroundActivitiesChanged pid:27150,uid:10087,fg:true
06-12 20:02:03.662 V/DigitalSignage(  632): Package Name: null
06-12 20:02:03.662 V/DigitalSignage(  632): Left: 0
06-12 20:02:03.662 V/DigitalSignage(  632): Right: 0
06-12 20:02:03.662 V/DigitalSignage(  632): Top: 0
06-12 20:02:03.662 V/DigitalSignage(  632): Bottom: 0
06-12 20:02:03.662 D/DigitalSignage(  632): else - Package Name :: null left : 0 right :: 0 top :: 0 bottom :: 0 dfu-right :: 1920 dfu-bottom :: 1080
06-12 20:02:03.664 D/ActivityManager(  632): JioHomeManagerService :: StateFrom :: DESTROYED StateTo :: RESUMED Activity :: com.zee5.aosp/com.zee5.android.launch.presentation.AppStartActivity Action :: com.jio.remote.action.applaunch
06-12 20:02:03.666 D/NetflixService(  986): processName:com.netflix.ninja,importance:300
06-12 20:02:03.682 D/stbdpc  (  405): STB_DPGetNumPaths[570]: num_paths: 1
06-12 20:02:03.737 D/NetworkSecurityConfig(27150): Using Network Security Config from resource network_security_config debugBuild: false
06-12 20:02:03.741 D/NetworkSecurityConfig(27150): Using Network Security Config from resource network_security_config debugBuild: false
06-12 20:02:03.754 D/dvb_iptv(  405): ReadEmmNetworkTask[1537]: EMM Select Timeout Occured 15
06-12 20:02:03.775 E/WifiVendorHal(  632): getWifiLinkLayerStats_1_3_Internal(l.973) failed {.code = ERROR_UNKNOWN, .description = unknown error}
06-12 20:02:03.782 D/stbdpc  (  405): STB_DPGetNumPaths[570]: num_paths: 1
06-12 20:02:03.829 I/MultiDex(27150): VM with version 2.1.0 has multidex support
06-12 20:02:03.829 I/MultiDex(27150): Installing application
06-12 20:02:03.829 I/MultiDex(27150): VM has multidex support, MultiDex support library is disabled.
06-12 20:02:03.882 D/stbdpc  (  405): STB_DPGetNumPaths[570]: num_paths: 1
06-12 20:02:03.982 D/stbdpc  (  405): STB_DPGetNumPaths[570]: num_paths: 1
06-12 20:02:03.999 I/FirebaseApp(27150): Device unlocked: initializing all Firebase APIs for app [DEFAULT]
06-12 20:02:04.027 V/DigitalSignage(  632): Package Name: null
06-12 20:02:04.027 V/DigitalSignage(  632): Left: 0
06-12 20:02:04.027 V/DigitalSignage(  632): Right: 0
06-12 20:02:04.027 V/DigitalSignage(  632): Top: 0
06-12 20:02:04.027 V/DigitalSignage(  632): Bottom: 0
06-12 20:02:04.028 D/DigitalSignage(  632): else - Package Name :: null left : 0 right :: 0 top :: 0 bottom :: 0 dfu-right :: 1920 dfu-bottom :: 1080
06-12 20:02:04.032 V/DigitalSignage(  632): Package Name: null
06-12 20:02:04.032 V/DigitalSignage(  632): Left: 0
06-12 20:02:04.032 V/DigitalSignage(  632): Right: 0
06-12 20:02:04.032 V/DigitalSignage(  632): Top: 0
06-12 20:02:04.032 V/DigitalSignage(  632): Bottom: 0
06-12 20:02:04.032 D/DigitalSignage(  632): else - Package Name :: null left : 0 right :: 0 top :: 0 bottom :: 0 dfu-right :: 1920 dfu-bottom :: 1080
06-12 20:02:04.044 I/lowmemorykiller(  233): medium memory pressure event is triggered for new strategy
06-12 20:02:04.044 D/lowmemorykiller(  233): LMKD mp_event_psi kill_reasons available are PRESSURE_AFTER_KILL, NOT_RESPONDING, LOW_SWAP_AND_THRASHING, LOW_MEM_AND_SWAP, LOW_MEM_AND_THRASHING, DIRECT_RECL_AND_THRASHING
06-12 20:02:04.044 D/lowmemorykiller(  233): LMKD mp_event_psi kill_reason received= -1
06-12 20:02:04.044 E/DynamiteModule(27150): Invalid GmsCore APK, remote loading disabled.
06-12 20:02:04.044 I/DynamiteModule(27150): Considering local module com.google.android.gms.measurement.dynamite:64 and remote module com.google.android.gms.measurement.dynamite:0
06-12 20:02:04.045 I/DynamiteModule(27150): Selected local version of com.google.android.gms.measurement.dynamite
06-12 20:02:04.048 E/DynamiteModule(27150): Invalid GmsCore APK, remote loading disabled.
06-12 20:02:04.048 V/DigitalSignage(  632): Package Name: null
06-12 20:02:04.048 V/DigitalSignage(  632): Left: 0
06-12 20:02:04.048 V/DigitalSignage(  632): Right: 0
06-12 20:02:04.048 V/DigitalSignage(  632): Top: 0
06-12 20:02:04.048 V/DigitalSignage(  632): Bottom: 0
06-12 20:02:04.048 D/DigitalSignage(  632): else - Package Name :: null left : 0 right :: 0 top :: 0 bottom :: 0 dfu-right :: 1920 dfu-bottom :: 1080
06-12 20:02:04.070 F/linker  (27180): CANNOT LINK EXECUTABLE "/system/bin/smartcable/smartCableSTBApp": library "libmosquitto.so" not found: needed by main executable
06-12 20:02:04.073 I/FirebaseCrashlytics(27150): Initializing Firebase Crashlytics 18.2.8 for com.zee5.aosp
06-12 20:02:04.083 D/stbdpc  (  405): STB_DPGetNumPaths[570]: num_paths: 1
06-12 20:02:04.085 D/rtk_heartbeat(  351): heartbeat_timed_out: heartbeatCmdCount = 18772, expected nextSeqNum = 18772
06-12 20:02:04.086 D/rtk_heartbeat(  351): rtkbt_heartbeat_cmpl_cback: Current SeqNum = 18772,should SeqNum=18772, status = 0
06-12 20:02:04.117 E/starboard(27006): Failed to retrieve Advertising ID (IfA).
06-12 20:02:04.122 I/chatty  (27006): uid=10093(com.jio.yt) pool-2-thread-1 identical 2 lines
06-12 20:02:04.129 E/starboard(27006): Failed to retrieve Advertising ID (IfA).
06-12 20:02:04.139 E/FirebaseMessaging(27150): Google Play services missing or without correct permission.
06-12 20:02:04.144 I/lowmemorykiller(  233): medium memory pressure event is triggered for new strategy
06-12 20:02:04.144 D/lowmemorykiller(  233): LMKD mp_event_psi kill_reasons available are PRESSURE_AFTER_KILL, NOT_RESPONDING, LOW_SWAP_AND_THRASHING, LOW_MEM_AND_SWAP, LOW_MEM_AND_THRASHING, DIRECT_RECL_AND_THRASHING
06-12 20:02:04.144 D/lowmemorykiller(  233): LMKD mp_event_psi kill_reason received= -1
06-12 20:02:04.172 I/FirebaseInitProvider(27150): FirebaseApp initialization successful
06-12 20:02:04.183 D/stbdpc  (  405): STB_DPGetNumPaths[570]: num_paths: 1
06-12 20:02:04.213 I/FA      (27150): App measurement initialized, version: 55005
06-12 20:02:04.214 I/FA      (27150): To enable debug logging run: adb shell setprop log.tag.FA VERBOSE
06-12 20:02:04.218 I/FA      (27150): To enable faster debug mode event logging run:
06-12 20:02:04.218 I/FA      (27150):   adb shell setprop debug.firebase.analytics.app com.zee5.aosp
06-12 20:02:04.244 I/lowmemorykiller(  233): medium memory pressure event is triggered for new strategy
06-12 20:02:04.245 D/lowmemorykiller(  233): LMKD mp_event_psi kill_reasons available are PRESSURE_AFTER_KILL, NOT_RESPONDING, LOW_SWAP_AND_THRASHING, LOW_MEM_AND_SWAP, LOW_MEM_AND_THRASHING, DIRECT_RECL_AND_THRASHING
06-12 20:02:04.245 D/lowmemorykiller(  233): LMKD mp_event_psi kill_reason received= -1
06-12 20:02:04.254 D/dvb_iptv(  405): ReadEmmNetworkTask[1537]: EMM Select Timeout Occured 16
06-12 20:02:04.255 D/ltts_ip_emm(  405): LTTS_IP_DMXStartEMM[381]: parse_emm_cat_status failed
06-12 20:02:04.268 I/ThermalService(  986): CPU temperatures: [70.200005]
06-12 20:02:04.279 I/TetheringManager(27150): registerTetheringEventCallback:com.zee5.aosp
06-12 20:02:04.282 D/ConnectivityService(  632): requestNetwork for uid/pid:10087/27150 NetworkRequest [ REQUEST id=88, [ Capabilities: INTERNET&NOT_RESTRICTED&TRUSTED&NOT_VPN Uid: 10087 AdministratorUids: [] RequestorUid: 10087 RequestorPackageName: com.zee5.aosp] ]
06-12 20:02:04.282 D/ConnectivityService(  632): NetReassign [88 : null  100]
06-12 20:02:04.283 D/stbdpc  (  405): STB_DPGetNumPaths[570]: num_paths: 1
06-12 20:02:04.283 D/Ethernet(  632): got request NetworkRequest [ REQUEST id=88, [ Capabilities: INTERNET&NOT_RESTRICTED&TRUSTED&NOT_VPN Uid: 10087 AdministratorUids: [] RequestorUid: 10087 RequestorPackageName: com.zee5.aosp] ] with score 60 and providerId 2
06-12 20:02:04.284 D/UntrustedWifiNetworkFactory(  632): got request NetworkRequest [ REQUEST id=88, [ Capabilities: INTERNET&NOT_RESTRICTED&TRUSTED&NOT_VPN Uid: 10087 AdministratorUids: [] RequestorUid: 10087 RequestorPackageName: com.zee5.aosp] ] with score 60 and providerId 2
06-12 20:02:04.285 D/WifiNetworkFactory(  632): got request NetworkRequest [ REQUEST id=88, [ Capabilities: INTERNET&NOT_RESTRICTED&TRUSTED&NOT_VPN Uid: 10087 AdministratorUids: [] RequestorUid: 10087 RequestorPackageName: com.zee5.aosp] ] with score 60 and providerId 2
06-12 20:02:04.287 D/EthernetNetworkFactory(  632): acceptRequest, request: NetworkRequest [ REQUEST id=88, [ Capabilities: INTERNET&NOT_RESTRICTED&TRUSTED&NOT_VPN Uid: 10087 AdministratorUids: [] RequestorUid: 10087 RequestorPackageName: com.zee5.aosp] ], score: 60
06-12 20:02:04.287 I/EthernetNetworkFactory(  632): networkForRequest, request: NetworkRequest [ REQUEST id=88, [ Capabilities: INTERNET&NOT_RESTRICTED&TRUSTED&NOT_VPN Uid: 10087 AdministratorUids: [] RequestorUid: 10087 RequestorPackageName: com.zee5.aosp] ], network: null
06-12 20:02:04.345 I/lowmemorykiller(  233): medium memory pressure event is triggered for new strategy
06-12 20:02:04.345 D/lowmemorykiller(  233): LMKD mp_event_psi kill_reasons available are PRESSURE_AFTER_KILL, NOT_RESPONDING, LOW_SWAP_AND_THRASHING, LOW_MEM_AND_SWAP, LOW_MEM_AND_THRASHING, DIRECT_RECL_AND_THRASHING
06-12 20:02:04.345 D/lowmemorykiller(  233): LMKD mp_event_psi kill_reason received= -1
