06-12 15:43:15.442 D/CCodec  (21217):   int32_t channel-count = 1
06-12 15:43:15.442 D/CCodec  (21217):   string mime = "audio/raw"
06-12 15:43:15.442 D/CCodec  (21217):   int32_t sample-rate = 16000
06-12 15:43:15.442 D/CCodec  (21217):   int32_t channel-mask = 1
06-12 15:43:15.442 D/CCodec  (21217): }
06-12 15:43:15.443 W/Codec2Client(21217): query -- param skipped: index = 1342179345.
06-12 15:43:15.443 W/Codec2Client(21217): query -- param skipped: index = 2415921170.
06-12 15:43:15.444 E/FMQ     (21217): grantorIdx must be less than 3
06-12 15:43:15.444 E/FMQ     (21217): grantorIdx must be less than 3
06-12 15:43:15.445 D/CCodecBufferChannel(21217): [c2.android.vorbis.decoder#236] Created input block pool with allocatorID 16 => poolID 21 - OK (0)
06-12 15:43:15.447 E/FMQ     (  479): grantorIdx must be less than 3
06-12 15:43:15.448 E/FMQ     (  479): grantorIdx must be less than 3
06-12 15:43:15.449 I/CCodecBufferChannel(21217): [c2.android.vorbis.decoder#236] Created output block pool with allocatorID 16 => poolID 70 - OK
06-12 15:43:15.449 D/CCodecBufferChannel(21217): [c2.android.vorbis.decoder#236] Configured output block pool ids 70 => OK
06-12 15:43:15.454 D/SimpleC2Component(  479): Using output block pool with poolID 70 => got 70 - 0
06-12 15:43:15.455 E/FMQ     (21217): grantorIdx must be less than 3
06-12 15:43:15.456 E/FMQ     (  479): grantorIdx must be less than 3
06-12 15:43:15.459 D/stbdpc  (  405): STB_DPGetNumPaths[570]: num_paths: 1
06-12 15:43:15.464 I/hw-BpHwBinder(21217): onLastStrongRef automatically unlinking death recipients
06-12 15:43:15.475 E/FMQ     (  479): grantorIdx must be less than 3
06-12 15:43:15.476 E/FMQ     (21217): grantorIdx must be less than 3
06-12 15:43:15.481 D/CCodecBuffers(21217): [c2.android.vorbis.decoder#236:Output[N]] popFromStashAndRegister: output format changed to AMessage(what = 0x00000000) = {
06-12 15:43:15.481 D/CCodecBuffers(21217):   int32_t channel-count = 1
06-12 15:43:15.481 D/CCodecBuffers(21217):   string mime = "audio/raw"
06-12 15:43:15.481 D/CCodecBuffers(21217):   int32_t sample-rate = 16000
06-12 15:43:15.481 D/CCodecBuffers(21217):   int32_t channel-mask = 1
06-12 15:43:15.481 D/CCodecBuffers(21217): }
06-12 15:43:15.510 D/CCodecBufferChannel(21217): [c2.android.vorbis.decoder#236] MediaCodec discarded an unknown buffer
06-12 15:43:15.510 I/chatty  (21217): uid=10072(in.startv.hotstar) identical 1 line
06-12 15:43:15.510 D/CCodecBufferChannel(21217): [c2.android.vorbis.decoder#236] MediaCodec discarded an unknown buffer
06-12 15:43:15.512 I/hw-BpHwBinder(21217): onLastStrongRef automatically unlinking death recipients
06-12 15:43:15.512 I/hw-BpHwBinder(  479): onLastStrongRef automatically unlinking death recipients
06-12 15:43:15.512 V/C2Store (  479): in ~ComponentModule
06-12 15:43:15.512 V/C2Store (  479): unloading dll
06-12 15:43:15.530 D/JioStbInactivityTimer(  933): Timer: count 199 warningTimeout:10680 timeout:10800
06-12 15:43:15.530 D/dvb_iptv(  405): ReadEmmNetworkTask[1537]: EMM Select Timeout Occured 40
06-12 15:43:15.530 D/JioStbInactivityTimer(  933): isUserActive: Curr:3069843 Prev:3069843
06-12 15:43:15.559 D/stbdpc  (  405): STB_DPGetNumPaths[570]: num_paths: 1
06-12 15:43:15.618 V/DigitalSignage(  632): Package Name: null
06-12 15:43:15.618 V/DigitalSignage(  632): Left: 0
06-12 15:43:15.618 V/DigitalSignage(  632): Right: 0
06-12 15:43:15.618 V/DigitalSignage(  632): Top: 0
06-12 15:43:15.619 V/DigitalSignage(  632): Bottom: 0
06-12 15:43:15.619 D/DigitalSignage(  632): else - Package Name :: null left : 0 right :: 0 top :: 0 bottom :: 0 dfu-right :: 1920 dfu-bottom :: 1080
06-12 15:43:15.859 I/chatty  (  405): uid=0(root) DK-SiCntrl identical 3 lines
06-12 15:43:15.960 D/stbdpc  (  405): STB_DPGetNumPaths[570]: num_paths: 1
06-12 15:43:16.030 D/dvb_iptv(  405): ReadEmmNetworkTask[1537]: EMM Select Timeout Occured 41
06-12 15:43:16.045 D/JioLauncher( 1781): overlay status check for wifi and bt remote false false
06-12 15:43:16.050 D/JioLauncher( 1781): diagnosis-fragment-onConnectivityChanged
06-12 15:43:16.052 D/Match code1( 1449): 2
06-12 15:43:16.052 D/JIO_TR069-( 1449): Predefined List [com.jio.stb.catv, com.rjil.jiostbsetting, com.iwedia.ui.rjio.launcher.reliance, com.jio.stb.hotellauncher, com.jio.media.oberoi, com.jio.ott]
06-12 15:43:16.055 D/JIO_TR069-( 1449): Caller Package com.iwedia.ui.rjio.launcher.reliance
06-12 15:43:16.055 D/JIO_TR069-( 1449): White Listed Apps []
06-12 15:43:16.055 D/JIO_TR069-( 1449): Final White Listed Apps [com.jio.stb.catv, com.rjil.jiostbsetting, com.iwedia.ui.rjio.launcher.reliance, com.jio.stb.hotellauncher, com.jio.media.oberoi, com.jio.ott, ]
06-12 15:43:16.060 D/stbdpc  (  405): STB_DPGetNumPaths[570]: num_paths: 1
06-12 15:43:16.061 D/JioLauncher( 1781): network-type-------NonJioNetwork
06-12 15:43:16.072 D/JioLauncher( 1781): live-tv-previousIp-[/fe80::1%wlan0, /192.168.1.1]-newHost-[/fe80::1%wlan0, /192.168.1.1]
06-12 15:43:16.075 D/JioLauncher( 1781): diagnosis-network-1
06-12 15:43:16.077 D/JioLauncher( 1781): getSSID-<unknown ssid>
06-12 15:43:16.084 D/JioLauncher( 1781): ThreadCount-158
06-12 15:43:16.085 D/JioLauncher( 1781): isInactivityPopupDisplaying-{"inactivity_status_modified_time":1420050611833,"inactivity_status":false,"inactivity_window_timeout":120000}
06-12 15:43:16.086 D/JioLauncher( 1781): inactivity_status-false- result-false
06-12 15:43:16.086 D/JioLauncher( 1781): overlay-removing-type-JIO_BLOCK_ALERT_TYPE  -isInactivityPopupDisplaying-false
06-12 15:43:16.086 D/JioLauncher( 1781): ThreadCount-158
06-12 15:43:16.086 D/JioLauncher( 1781): isInactivityPopupDisplaying-{"inactivity_status_modified_time":1420050611833,"inactivity_status":false,"inactivity_window_timeout":120000}
06-12 15:43:16.087 D/JioLauncher( 1781): inactivity_status-false- result-false
06-12 15:43:16.087 D/JioLauncher( 1781): block-apps 1 null false
06-12 15:43:16.087 D/JioLauncher( 1781): global-key-unblock-all-key
06-12 15:43:16.090 D/JioLauncher( 1781): block-apps -1 null false
06-12 15:43:16.090 D/JioLauncher( 1781): global-key-block-all-key--others
06-12 15:43:16.093 D/JioLauncher( 1781): diagnosis-block-false
06-12 15:43:16.100 D/JioLauncher( 1781): getSSID-<unknown ssid>
06-12 15:43:16.123 I/.startv.hotsta(21217): Background young concurrent copying GC freed 55222(2905KB) AllocSpace objects, 22(536KB) LOS objects, 5% free, 21MB/22MB, paused 404us total 371.341ms
06-12 15:43:16.160 D/stbdpc  (  405): STB_DPGetNumPaths[570]: num_paths: 1
06-12 15:43:16.260 D/stbdpc  (  405): STB_DPGetNumPaths[570]: num_paths: 1
06-12 15:43:16.348 E/ocessService0:( 2273): failed to create Unix domain socket: Operation not permitted
06-12 15:43:16.348 I/appium  (21149): The following attributes will be included to the page source: [resource-id]
06-12 15:43:16.360 D/stbdpc  (  405): STB_DPGetNumPaths[570]: num_paths: 1
06-12 15:43:16.373 D/rtk_heartbeat(  351): heartbeat_timed_out: heartbeatCmdCount = 3248, expected nextSeqNum = 3248
06-12 15:43:16.375 D/rtk_heartbeat(  351): rtkbt_heartbeat_cmpl_cback: Current SeqNum = 3248,should SeqNum=3248, status = 0
06-12 15:43:16.460 D/stbdpc  (  405): STB_DPGetNumPaths[570]: num_paths: 1
06-12 15:43:16.529 D/JioStbInactivityTimer(  933): Timer: count 200 warningTimeout:10680 timeout:10800
06-12 15:43:16.529 D/JioStbInactivityTimer(  933): isUserActive: Curr:3069843 Prev:3069843
06-12 15:43:16.530 D/dvb_iptv(  405): ReadEmmNetworkTask[1537]: EMM Select Timeout Occured 42
06-12 15:43:16.561 D/stbdpc  (  405): STB_DPGetNumPaths[570]: num_paths: 1
06-12 15:43:16.599 I/appium  (21149): Took 0ms to retrieve 1 matches for '//android.widget.EditText[@resource-id='in.startv.hotstar:id/search_bar']' XPath2 query
06-12 15:43:16.607 I/appium  (21149): AppiumResponse: {"sessionId":"5ff39e47-41a5-48b3-98ae-5f264ad0b38b","value":{"ELEMENT":"00000000-0000-004a-ffff-ffff000000d3","element-6066-11e4-a52e-4f735466cecf":"00000000-0000-004a-ffff-ffff000000d3"}}
06-12 15:43:16.633 I/appium  (21149): channel read: GET /session/5ff39e47-41a5-48b3-98ae-5f264ad0b38b/element/00000000-0000-004a-ffff-ffff000000d3/attribute/displayed
06-12 15:43:16.634 I/appium  (21149): GetElementAttribute command
06-12 15:43:16.643 I/appium  (21149): AppiumResponse: {"sessionId":"5ff39e47-41a5-48b3-98ae-5f264ad0b38b","value":"true"}
06-12 15:43:16.661 D/stbdpc  (  405): STB_DPGetNumPaths[570]: num_paths: 1
06-12 15:43:16.672 I/appium  (21149): channel read: POST /session/5ff39e47-41a5-48b3-98ae-5f264ad0b38b/element/00000000-0000-004a-ffff-ffff000000d3/click
06-12 15:43:16.673 I/appium  (21149): Click command
06-12 15:43:16.676 I/ThermalService(  986): CPU temperatures: [66.700005]
06-12 15:43:16.698 D/InputDispatcher(  632): injectInputEvent - eventType=2, injectorPid=21134, injectorUid=0, syncMode=0, timeout=30000, policyFlags=0x08000000
06-12 15:43:16.698 D/InputDispatcher(  632): injectInputEvent - Finished with result 0. injectorPid=21134, injectorUid=0
06-12 15:43:16.698 D/InputDispatcher(  632): Setting input event injection result to 0.  injectorPid=21134, injectorUid=0
06-12 15:43:16.698 V/InputDispatcher(  632): Asynchronous input event injection succeeded.
06-12 15:43:16.699 I/android.hardware.power-service.libperfmgr(  369): Power setBoost: INTERACTION duration: 0
06-12 15:43:16.699 I/libperfmgr(  369): Do Powerhint: INTERACTION
06-12 15:43:16.700 I/android.hardware.power-service.libperfmgr(  369): Power setBoost: INTERACTION duration: 0
06-12 15:43:16.700 I/libperfmgr(  369): Do Powerhint: INTERACTION
06-12 15:43:16.709 D/InputDispatcher(  632): injectInputEvent - eventType=2, injectorPid=21134, injectorUid=0, syncMode=0, timeout=30000, policyFlags=0x08000000
06-12 15:43:16.709 D/InputDispatcher(  632): injectInputEvent - Finished with result 0. injectorPid=21134, injectorUid=0
06-12 15:43:16.709 D/InputDispatcher(  632): Setting input event injection result to 0.  injectorPid=21134, injectorUid=0
06-12 15:43:16.709 V/InputDispatcher(  632): Asynchronous input event injection succeeded.
06-12 15:43:16.725 W/GestureController(21149): Gestures took longer than expected (43ms >> 16ms), device might be in a busy state.
06-12 15:43:16.726 I/appium  (21149): Waiting up to 10000ms for the device to idle
06-12 15:43:16.733 I/appium  (21149): AppiumResponse: {"sessionId":"5ff39e47-41a5-48b3-98ae-5f264ad0b38b","value":null}
06-12 15:43:16.743 D/InputMethodService( 1336): JioHomeManagerService::showWindow()::notifyJioHomeAboutIMEVisibility(IME_SHOWN) isInputViewShown()::true
06-12 15:43:16.743 D/InputMethodService( 1336): JioHomeMangerService::notifyJioHomeAboutIMEVisibility()::EDIT_TEXT_FOCUS_KEY Value::true Action::com.iwedia.action.SHOW_SOFT_INPUT isVisble :: true
06-12 15:43:16.761 D/stbdpc  (  405): STB_DPGetNumPaths[570]: num_paths: 1
06-12 15:43:16.764 I/appium  (21149): channel read: POST /session/5ff39e47-41a5-48b3-98ae-5f264ad0b38b/element/00000000-0000-004a-ffff-ffff000000d3/value
06-12 15:43:16.766 I/appium  (21149): SendKeysToElement command
06-12 15:43:16.786 I/.startv.hotsta(21217): oneway function results will be dropped but finished with status OK and parcel size 4
06-12 15:43:16.819 V/DigitalSignage(  632): Package Name: null
06-12 15:43:16.819 V/DigitalSignage(  632): Left: 0
06-12 15:43:16.819 V/DigitalSignage(  632): Right: 0
06-12 15:43:16.819 V/DigitalSignage(  632): Top: 0
06-12 15:43:16.819 V/DigitalSignage(  632): Bottom: 0
06-12 15:43:16.819 D/DigitalSignage(  632): else - Package Name :: null left : 0 right :: 0 top :: 0 bottom :: 0 dfu-right :: 1920 dfu-bottom :: 1080
06-12 15:43:16.826 V/DigitalSignage(  632): Package Name: null
06-12 15:43:16.826 V/DigitalSignage(  632): Left: 0
06-12 15:43:16.826 V/DigitalSignage(  632): Right: 0
06-12 15:43:16.827 V/DigitalSignage(  632): Top: 0
06-12 15:43:16.827 V/DigitalSignage(  632): Bottom: 0
06-12 15:43:16.827 D/DigitalSignage(  632): else - Package Name :: null left : 0 right :: 0 top :: 0 bottom :: 0 dfu-right :: 1920 dfu-bottom :: 1080
06-12 15:43:16.827 V/DigitalSignage(  632): Package Name: null
06-12 15:43:16.827 V/DigitalSignage(  632): Left: 0
06-12 15:43:16.827 V/DigitalSignage(  632): Right: 0
06-12 15:43:16.827 V/DigitalSignage(  632): Top: 0
06-12 15:43:16.827 V/DigitalSignage(  632): Bottom: 0
06-12 15:43:16.827 D/DigitalSignage(  632): else - Package Name :: null left : 0 right :: 0 top :: 0 bottom :: 0 dfu-right :: 1920 dfu-bottom :: 1080
06-12 15:43:16.852 V/DigitalSignage(  632): Package Name: null
06-12 15:43:16.852 V/DigitalSignage(  632): Left: 0
06-12 15:43:16.852 V/DigitalSignage(  632): Right: 0
06-12 15:43:16.852 V/DigitalSignage(  632): Top: 0
06-12 15:43:16.852 V/DigitalSignage(  632): Bottom: 0
06-12 15:43:16.853 D/DigitalSignage(  632): else - Package Name :: null left : 0 right :: 0 top :: 0 bottom :: 0 dfu-right :: 1920 dfu-bottom :: 1080
06-12 15:43:16.853 V/DigitalSignage(  632): Package Name: null
06-12 15:43:16.853 V/DigitalSignage(  632): Left: 0
06-12 15:43:16.853 V/DigitalSignage(  632): Right: 0
06-12 15:43:16.853 V/DigitalSignage(  632): Top: 0
06-12 15:43:16.853 V/DigitalSignage(  632): Bottom: 0
06-12 15:43:16.853 D/DigitalSignage(  632): else - Package Name :: null left : 0 right :: 0 top :: 0 bottom :: 0 dfu-right :: 1920 dfu-bottom :: 1080
06-12 15:43:16.857 D/InputMethod( 1336): JioHomeManagerService::hideSoftInput()::notifyJioHomeAboutIMEVisibility(IME_HIDDEN) isInputViewShown()::false
06-12 15:43:16.858 D/InputMethodService( 1336): JioHomeMangerService::notifyJioHomeAboutIMEVisibility()::EDIT_TEXT_FOCUS_KEY Value::false Action::com.iwedia.action.SHOW_SOFT_INPUT isVisble :: false
06-12 15:43:16.858 V/DigitalSignage(  632): Package Name: null
06-12 15:43:16.858 V/DigitalSignage(  632): Left: 0
06-12 15:43:16.858 V/DigitalSignage(  632): Right: 0
06-12 15:43:16.858 V/DigitalSignage(  632): Top: 0
06-12 15:43:16.858 V/DigitalSignage(  632): Bottom: 0
06-12 15:43:16.859 D/DigitalSignage(  632): else - Package Name :: null left : 0 right :: 0 top :: 0 bottom :: 0 dfu-right :: 1920 dfu-bottom :: 1080
06-12 15:43:16.859 V/DigitalSignage(  632): Package Name: null
06-12 15:43:16.859 V/DigitalSignage(  632): Left: 0
06-12 15:43:16.859 V/DigitalSignage(  632): Right: 0
06-12 15:43:16.859 V/DigitalSignage(  632): Top: 0
06-12 15:43:16.859 V/DigitalSignage(  632): Bottom: 0
06-12 15:43:16.859 D/DigitalSignage(  632): else - Package Name :: null left : 0 right :: 0 top :: 0 bottom :: 0 dfu-right :: 1920 dfu-bottom :: 1080
06-12 15:43:16.861 D/stbdpc  (  405): STB_DPGetNumPaths[570]: num_paths: 1
06-12 15:43:16.868 V/DigitalSignage(  632): Package Name: null
06-12 15:43:16.868 V/DigitalSignage(  632): Left: 0
06-12 15:43:16.868 V/DigitalSignage(  632): Right: 0
06-12 15:43:16.868 V/DigitalSignage(  632): Top: 0
06-12 15:43:16.868 V/DigitalSignage(  632): Bottom: 0
06-12 15:43:16.868 D/DigitalSignage(  632): else - Package Name :: null left : 0 right :: 0 top :: 0 bottom :: 0 dfu-right :: 1920 dfu-bottom :: 1080
06-12 15:43:16.868 V/DigitalSignage(  632): Package Name: null
06-12 15:43:16.868 V/DigitalSignage(  632): Left: 0
06-12 15:43:16.868 V/DigitalSignage(  632): Right: 0
06-12 15:43:16.868 V/DigitalSignage(  632): Top: 0
06-12 15:43:16.868 V/DigitalSignage(  632): Bottom: 0
06-12 15:43:16.869 D/DigitalSignage(  632): else - Package Name :: null left : 0 right :: 0 top :: 0 bottom :: 0 dfu-right :: 1920 dfu-bottom :: 1080
06-12 15:43:16.873 W/InputMethodService( 1336): Re-entrance in to showWindow
06-12 15:43:16.878 V/DigitalSignage(  632): Package Name: null
06-12 15:43:16.878 V/DigitalSignage(  632): Left: 0
06-12 15:43:16.878 V/DigitalSignage(  632): Right: 0
06-12 15:43:16.878 V/DigitalSignage(  632): Top: 0
06-12 15:43:16.878 V/DigitalSignage(  632): Bottom: 0
06-12 15:43:16.879 D/DigitalSignage(  632): else - Package Name :: null left : 0 right :: 0 top :: 0 bottom :: 0 dfu-right :: 1920 dfu-bottom :: 1080
06-12 15:43:16.879 V/DigitalSignage(  632): Package Name: null
06-12 15:43:16.879 V/DigitalSignage(  632): Left: 0
06-12 15:43:16.879 V/DigitalSignage(  632): Right: 0
06-12 15:43:16.879 V/DigitalSignage(  632): Top: 0
06-12 15:43:16.879 V/DigitalSignage(  632): Bottom: 0
06-12 15:43:16.879 D/DigitalSignage(  632): else - Package Name :: null left : 0 right :: 0 top :: 0 bottom :: 0 dfu-right :: 1920 dfu-bottom :: 1080
06-12 15:43:16.885 V/DigitalSignage(  632): Package Name: null
06-12 15:43:16.885 V/DigitalSignage(  632): Left: 0
06-12 15:43:16.885 V/DigitalSignage(  632): Right: 0
06-12 15:43:16.885 V/DigitalSignage(  632): Top: 0
06-12 15:43:16.885 V/DigitalSignage(  632): Bottom: 0
06-12 15:43:16.886 D/DigitalSignage(  632): else - Package Name :: null left : 0 right :: 0 top :: 0 bottom :: 0 dfu-right :: 1920 dfu-bottom :: 1080
06-12 15:43:16.886 V/DigitalSignage(  632): Package Name: null
06-12 15:43:16.886 V/DigitalSignage(  632): Left: 0
06-12 15:43:16.886 V/DigitalSignage(  632): Right: 0
06-12 15:43:16.886 V/DigitalSignage(  632): Top: 0
06-12 15:43:16.886 V/DigitalSignage(  632): Bottom: 0
06-12 15:43:16.886 D/DigitalSignage(  632): else - Package Name :: null left : 0 right :: 0 top :: 0 bottom :: 0 dfu-right :: 1920 dfu-bottom :: 1080
06-12 15:43:16.892 E/BufferQueueProducer(  404): [in.startv.hotstar/com.hotstar.MainActivity#0](id:1940000004d,api:0,p:-1,c:404) disconnect: not connected (req=1)
06-12 15:43:16.893 W/libEGL  (21217): EGLNativeWindowType 0xf5aaec08 disconnect failed
06-12 15:43:16.918 W/InputMethodService( 1336): Re-entrance in to showWindow
06-12 15:43:16.923 D/InputMethodService( 1336): JioHomeManagerService::showWindow()::notifyJioHomeAboutIMEVisibility(IME_SHOWN) isInputViewShown()::true
06-12 15:43:16.923 D/InputMethodService( 1336): JioHomeMangerService::notifyJioHomeAboutIMEVisibility()::EDIT_TEXT_FOCUS_KEY Value::true Action::com.iwedia.action.SHOW_SOFT_INPUT isVisble :: true
06-12 15:43:16.941 V/DigitalSignage(  632): Package Name: null
06-12 15:43:16.941 V/DigitalSignage(  632): Left: 0
06-12 15:43:16.941 V/DigitalSignage(  632): Right: 0
06-12 15:43:16.941 V/DigitalSignage(  632): Top: 0
06-12 15:43:16.941 V/DigitalSignage(  632): Bottom: 0
06-12 15:43:16.941 D/DigitalSignage(  632): else - Package Name :: null left : 0 right :: 0 top :: 0 bottom :: 0 dfu-right :: 1920 dfu-bottom :: 1080
06-12 15:43:16.941 V/DigitalSignage(  632): Package Name: null
06-12 15:43:16.941 V/DigitalSignage(  632): Left: 0
06-12 15:43:16.941 V/DigitalSignage(  632): Right: 0
06-12 15:43:16.941 V/DigitalSignage(  632): Top: 0
06-12 15:43:16.941 V/DigitalSignage(  632): Bottom: 0
06-12 15:43:16.942 I/e.swalekh.abct( 1336): oneway function results will be dropped but finished with status OK and parcel size 4
06-12 15:43:16.944 D/DigitalSignage(  632): else - Package Name :: null left : 0 right :: 0 top :: 0 bottom :: 0 dfu-right :: 1920 dfu-bottom :: 1080
06-12 15:43:16.961 D/stbdpc  (  405): STB_DPGetNumPaths[570]: num_paths: 1
06-12 15:43:16.980 V/DigitalSignage(  632): Package Name: null
06-12 15:43:16.980 V/DigitalSignage(  632): Left: 0
06-12 15:43:16.980 V/DigitalSignage(  632): Right: 0
06-12 15:43:16.980 V/DigitalSignage(  632): Top: 0
06-12 15:43:16.980 V/DigitalSignage(  632): Bottom: 0
06-12 15:43:16.980 D/DigitalSignage(  632): else - Package Name :: null left : 0 right :: 0 top :: 0 bottom :: 0 dfu-right :: 1920 dfu-bottom :: 1080
06-12 15:43:16.981 V/DigitalSignage(  632): Package Name: null
06-12 15:43:16.981 V/DigitalSignage(  632): Left: 0
06-12 15:43:16.981 V/DigitalSignage(  632): Right: 0
06-12 15:43:16.981 V/DigitalSignage(  632): Top: 0
06-12 15:43:16.981 V/DigitalSignage(  632): Bottom: 0
06-12 15:43:16.981 D/DigitalSignage(  632): else - Package Name :: null left : 0 right :: 0 top :: 0 bottom :: 0 dfu-right :: 1920 dfu-bottom :: 1080
06-12 15:43:17.018 I/.startv.hotsta(21217): oneway function results will be dropped but finished with status OK and parcel size 4
06-12 15:43:17.021 I/e.swalekh.abct( 1336): oneway function results will be dropped but finished with status OK and parcel size 4
06-12 15:43:17.027 D/JioSTBMRServer-SERVICE( 3304): InetSocketAddress(InetAddress.getByName(inetAddress.hostAddress)-/192.168.1.255
06-12 15:43:17.027 D/JioSTBMRServer-SERVICE( 3304): #beacon:RKISBFJ60000097:0:true:0:1:SV=181024:KB=1 , 192.168.1.255
06-12 15:43:17.030 D/dvb_iptv(  405): ReadEmmNetworkTask[1537]: EMM Select Timeout Occured 43
06-12 15:43:17.034 D/JioSTBMRServer-SERVICE( 3304): InetSocketAddress(InetAddress.getByName(inetAddress.hostAddress)-/192.168.1.255
06-12 15:43:17.034 D/JioSTBMRServer-SERVICE( 3304): #broadcast IP:192.168.1.255
06-12 15:43:17.061 D/stbdpc  (  405): STB_DPGetNumPaths[570]: num_paths: 1
06-12 15:43:17.162 D/stbdpc  (  405): STB_DPGetNumPaths[570]: num_paths: 1
06-12 15:43:17.162 D/ltts_ip_emm(  405): LTTS_IP_DMXStartEMM[381]: parse_emm_cat_status failed
06-12 15:43:17.205 E/WifiVendorHal(  632): getWifiLinkLayerStats_1_3_Internal(l.973) failed {.code = ERROR_UNKNOWN, .description = unknown error}
06-12 15:43:17.262 D/stbdpc  (  405): STB_DPGetNumPaths[570]: num_paths: 1
06-12 15:43:17.362 D/stbdpc  (  405): STB_DPGetNumPaths[570]: num_paths: 1
06-12 15:43:17.374 D/rtk_heartbeat(  351): heartbeat_timed_out: heartbeatCmdCount = 3249, expected nextSeqNum = 3249
06-12 15:43:17.375 D/rtk_heartbeat(  351): rtkbt_heartbeat_cmpl_cback: Current SeqNum = 3249,should SeqNum=3249, status = 0
06-12 15:43:17.462 D/stbdpc  (  405): STB_DPGetNumPaths[570]: num_paths: 1
06-12 15:43:17.529 D/JioStbInactivityTimer(  933): Timer: count 201 warningTimeout:10680 timeout:10800
06-12 15:43:17.530 D/JioStbInactivityTimer(  933): isUserActive: Curr:3069843 Prev:3069843
06-12 15:43:17.530 D/dvb_iptv(  405): ReadEmmNetworkTask[1537]: EMM Select Timeout Occured 44
06-12 15:43:17.562 D/stbdpc  (  405): STB_DPGetNumPaths[570]: num_paths: 1
06-12 15:43:17.568 D/UiObject2(21149): Setting text to ''.
06-12 15:43:17.569 I/android.hardware.power-service.libperfmgr(  369): Power setBoost: INTERACTION duration: 0
06-12 15:43:17.569 I/libperfmgr(  369): Do Powerhint: INTERACTION
06-12 15:43:17.662 D/stbdpc  (  405): STB_DPGetNumPaths[570]: num_paths: 1
06-12 15:43:17.684 F/linker  (21439): CANNOT LINK EXECUTABLE "/system/bin/smartcable/smartCableSTBApp": library "libmosquitto.so" not found: needed by main executable
06-12 15:43:17.923 W/[ 3273.278323@2]  RTW(    0): fill_default_txdesc(wlan0): SP Packet(0x0806) rate=0x4 SeqNum = 617
06-12 15:43:17.863 I/chatty  (  405): uid=0(root) DK-SiCntrl identical 2 lines
06-12 15:43:17.963 D/stbdpc  (  405): STB_DPGetNumPaths[570]: num_paths: 1
06-12 15:43:18.030 D/dvb_iptv(  405): ReadEmmNetworkTask[1537]: EMM Select Timeout Occured 45
06-12 15:43:18.063 D/stbdpc  (  405): STB_DPGetNumPaths[570]: num_paths: 1
06-12 15:43:18.090 I/android.hardware.power-service.libperfmgr(  369): Power setBoost: INTERACTION duration: 0
06-12 15:43:18.090 I/libperfmgr(  369): Do Powerhint: INTERACTION
06-12 15:43:18.108 V/DigitalSignage(  632): Package Name: null
06-12 15:43:18.108 V/DigitalSignage(  632): Left: 0
06-12 15:43:18.109 V/DigitalSignage(  632): Right: 0
06-12 15:43:18.109 V/DigitalSignage(  632): Top: 0
06-12 15:43:18.109 V/DigitalSignage(  632): Bottom: 0
06-12 15:43:18.109 D/DigitalSignage(  632): else - Package Name :: null left : 0 right :: 0 top :: 0 bottom :: 0 dfu-right :: 1920 dfu-bottom :: 1080
06-12 15:43:18.109 V/DigitalSignage(  632): Package Name: null
06-12 15:43:18.109 V/DigitalSignage(  632): Left: 0
06-12 15:43:18.109 V/DigitalSignage(  632): Right: 0
06-12 15:43:18.109 V/DigitalSignage(  632): Top: 0
06-12 15:43:18.109 V/DigitalSignage(  632): Bottom: 0
06-12 15:43:18.109 D/DigitalSignage(  632): else - Package Name :: null left : 0 right :: 0 top :: 0 bottom :: 0 dfu-right :: 1920 dfu-bottom :: 1080
06-12 15:43:18.114 I/appium  (21149): AppiumResponse: {"sessionId":"5ff39e47-41a5-48b3-98ae-5f264ad0b38b","value":null}
06-12 15:43:18.141 I/appium  (21149): channel read: POST /session/5ff39e47-41a5-48b3-98ae-5f264ad0b38b/appium/device/press_keycode
06-12 15:43:18.142 I/appium  (21149): PressKeyCode command
06-12 15:43:18.142 I/appium  (21149): Calling PressKeyCode... 
06-12 15:43:18.151 D/sub_mixing_factory(  350): [out_standby_subMixingPCM:1324] out_stream(0xf557b000) usecase: PCM_NORMAL
06-12 15:43:18.151 I/sub_mixing_factory(  350): [usecase_change_validate_l_sm:1170] cur dev masks:0x1, delete out usecase:PCM_NORMAL
06-12 15:43:18.151 I/sub_mixing_factory(  350): [usecase_change_validate_l_sm:1180] standby unmask usecase PCM_NORMAL
06-12 15:43:18.151 I/amlAudioMixer(  350): [delete_mixer_input_port:197] input port ID:0, type:PCM_SYSTEM, cur mask:0x1
06-12 15:43:18.153 I/system_server(  632): oneway function results will be dropped but finished with status OK and parcel size 4
06-12 15:43:18.163 D/stbdpc  (  405): STB_DPGetNumPaths[570]: num_paths: 1
06-12 15:43:18.264 D/stbdpc  (  405): STB_DPGetNumPaths[570]: num_paths: 1
06-12 15:43:18.323 I/WifiService(  632): releaseMulticastLock uid=10083
06-12 15:43:18.324 I/JTCLOG  ( 3423): JuiceModel ->  getOldONTDetails() 
06-12 15:43:18.324 I/JTCLOG  ( 3423): JuiceModel -> Constants.BASEURL_PORT_7443:https://jiofiber.local.html:7443/
06-12 15:43:18.324 I/JTCLOG  ( 3423): JuiceModel -> FQDN=jiofiber.local.html
06-12 15:43:18.324 I/JTCLOG  ( 3423): JuiceModel -> getInfo() called with secured https----- -> count : 52
06-12 15:43:18.364 D/stbdpc  (  405): STB_DPGetNumPaths[570]: num_paths: 1
06-12 15:43:18.374 D/rtk_heartbeat(  351): heartbeat_timed_out: heartbeatCmdCount = 3250, expected nextSeqNum = 3250
06-12 15:43:18.374 I/.startv.hotsta(21217): Background concurrent copying GC freed 70880(3883KB) AllocSpace objects, 53(1596KB) LOS objects, 49% free, 16MB/33MB, paused 125us total 212.806ms
06-12 15:43:18.375 D/rtk_heartbeat(  351): rtkbt_heartbeat_cmpl_cback: Current SeqNum = 3250,should SeqNum=3250, status = 0
06-12 15:43:18.384 E/ocessService0:( 2273): failed to create Unix domain socket: Operation not permitted
06-12 15:43:18.442 V/DigitalSignage(  632): Package Name: null
06-12 15:43:18.442 V/DigitalSignage(  632): Left: 0
06-12 15:43:18.442 V/DigitalSignage(  632): Right: 0
06-12 15:43:18.442 V/DigitalSignage(  632): Top: 0
06-12 15:43:18.442 V/DigitalSignage(  632): Bottom: 0
06-12 15:43:18.442 D/DigitalSignage(  632): else - Package Name :: null left : 0 right :: 0 top :: 0 bottom :: 0 dfu-right :: 1920 dfu-bottom :: 1080
06-12 15:43:18.443 V/DigitalSignage(  632): Package Name: null
06-12 15:43:18.443 V/DigitalSignage(  632): Left: 0
06-12 15:43:18.443 V/DigitalSignage(  632): Right: 0
06-12 15:43:18.443 V/DigitalSignage(  632): Top: 0
06-12 15:43:18.443 V/DigitalSignage(  632): Bottom: 0
06-12 15:43:18.443 D/DigitalSignage(  632): else - Package Name :: null left : 0 right :: 0 top :: 0 bottom :: 0 dfu-right :: 1920 dfu-bottom :: 1080
06-12 15:43:18.464 D/stbdpc  (  405): STB_DPGetNumPaths[570]: num_paths: 1
06-12 15:43:18.529 D/JioStbInactivityTimer(  933): Timer: count 202 warningTimeout:10680 timeout:10800
06-12 15:43:18.529 D/JioStbInactivityTimer(  933): isUserActive: Curr:3069843 Prev:3069843
06-12 15:43:18.531 D/dvb_iptv(  405): ReadEmmNetworkTask[1537]: EMM Select Timeout Occured 46
06-12 15:43:18.564 D/stbdpc  (  405): STB_DPGetNumPaths[570]: num_paths: 1
06-12 15:43:18.664 D/stbdpc  (  405): STB_DPGetNumPaths[570]: num_paths: 1
06-12 15:43:18.692 I/ThermalService(  986): CPU temperatures: [67.700005]
06-12 15:43:18.764 D/stbdpc  (  405): STB_DPGetNumPaths[570]: num_paths: 1
06-12 15:43:18.865 I/chatty  (  405): uid=0(root) DK-SiCntrl identical 1 line
06-12 15:43:18.965 D/stbdpc  (  405): STB_DPGetNumPaths[570]: num_paths: 1
06-12 15:43:19.031 D/dvb_iptv(  405): ReadEmmNetworkTask[1537]: EMM Select Timeout Occured 47
06-12 15:43:19.065 I/.startv.hotsta(21217): oneway function results will be dropped but finished with status OK and parcel size 4
06-12 15:43:19.065 D/stbdpc  (  405): STB_DPGetNumPaths[570]: num_paths: 1
06-12 15:43:19.067 I/e.swalekh.abct( 1336): oneway function results will be dropped but finished with status OK and parcel size 4
06-12 15:43:19.073 D/JioSTBMRServer-SERVICE( 3304): InetSocketAddress(InetAddress.getByName(inetAddress.hostAddress)-/192.168.1.255
06-12 15:43:19.073 D/JioSTBMRServer-SERVICE( 3304): #beacon:RKISBFJ60000097:0:true:0:1:SV=181024 , 192.168.1.255
06-12 15:43:19.078 D/JioSTBMRServer-SERVICE( 3304): InetSocketAddress(InetAddress.getByName(inetAddress.hostAddress)-/192.168.1.255
06-12 15:43:19.078 D/JioSTBMRServer-SERVICE( 3304): #broadcast IP:192.168.1.255
06-12 15:43:19.140 I/JioBackgroundSchedulerService( 2785): Check schedule  
06-12 15:43:19.162 D/ltts_ip_emm(  405): LTTS_IP_DMXStartEMM[381]: parse_emm_cat_status failed
06-12 15:43:19.165 D/stbdpc  (  405): STB_DPGetNumPaths[570]: num_paths: 1
06-12 15:43:19.180 D/UiDevice(21149): Pressing keycodes [4] with modifier 0.
06-12 15:43:19.202 D/InputDispatcher(  632): injectInputEvent - eventType=1, injectorPid=21134, injectorUid=0, syncMode=2, timeout=30000, policyFlags=0x08000000
06-12 15:43:19.202 D/WindowManager(  632): interceptKeyTq keycode=4 interactive=true keyguardActive=false policyFlags=2b000000
06-12 15:43:19.202 D/WindowManager(  632): CloudPC is in NOT in foreground
06-12 15:43:19.202 D/WindowManager(  632): isKeyNeedsToPassToJioCloudPC :: NO
06-12 15:43:19.204 I/android.hardware.power-service.libperfmgr(  369): Power setBoost: INTERACTION duration: 0
06-12 15:43:19.204 I/libperfmgr(  369): Do Powerhint: INTERACTION
06-12 15:43:19.204 D/WindowManager(  632): interceptKeyTi keyCode=4 down=true repeatCount=0 keyguardOn=false canceled=false
06-12 15:43:19.204 D/WindowManager(  632): CloudPC is in NOT in foreground
06-12 15:43:19.204 I/android.hardware.power-service.libperfmgr(  369): Power setBoost: INTERACTION duration: 0
06-12 15:43:19.204 D/WindowManager(  632): isKeyNeedsToPassToJioCloudPC :: NO
06-12 15:43:19.204 I/libperfmgr(  369): Do Powerhint: INTERACTION
06-12 15:43:19.204 D/GlobalKeyManager(  632): KeyEvent { action=ACTION_DOWN, keyCode=KEYCODE_BACK, scanCode=0, metaState=0, flags=0x0, repeatCount=0, eventTime=3274536, downTime=3274536, deviceId=-1, source=0x101, displayId=-1 }
06-12 15:43:19.204 D/InputDispatcher(  632): Setting input event injection result to 0.  injectorPid=21134, injectorUid=0
06-12 15:43:19.205 D/InputDispatcher(  632): injectInputEvent - Waiting for 1 pending foreground dispatches.
06-12 15:43:19.205 D/InputDispatcher(  632): injectInputEvent - Finished with result 0. injectorPid=21134, injectorUid=0
06-12 15:43:19.207 D/InputDispatcher(  632): injectInputEvent - eventType=1, injectorPid=21134, injectorUid=0, syncMode=2, timeout=30000, policyFlags=0x08000000
06-12 15:43:19.207 D/WindowManager(  632): interceptKeyTq keycode=4 interactive=true keyguardActive=false policyFlags=2b000000
06-12 15:43:19.207 D/WindowManager(  632): CloudPC is in NOT in foreground
06-12 15:43:19.207 D/WindowManager(  632): isKeyNeedsToPassToJioCloudPC :: NO
06-12 15:43:19.208 D/AutofillManagerService(  632): onBackKeyPressed()
06-12 15:43:19.209 D/WindowManager(  632): interceptKeyTi keyCode=4 down=false repeatCount=0 keyguardOn=false canceled=false
06-12 15:43:19.209 D/WindowManager(  632): CloudPC is in NOT in foreground
06-12 15:43:19.209 D/WindowManager(  632): isKeyNeedsToPassToJioCloudPC :: NO
06-12 15:43:19.209 D/GlobalKeyManager(  632): KeyEvent { action=ACTION_UP, keyCode=KEYCODE_BACK, scanCode=0, metaState=0, flags=0x0, repeatCount=0, eventTime=3274536, downTime=3274536, deviceId=-1, source=0x101, displayId=-1 }
06-12 15:43:19.209 D/InputDispatcher(  632): Setting input event injection result to 0.  injectorPid=21134, injectorUid=0
06-12 15:43:19.210 D/InputDispatcher(  632): injectInputEvent - Waiting for 1 pending foreground dispatches.
06-12 15:43:19.215 D/InputDispatcher(  632): injectInputEvent - Finished with result 0. injectorPid=21134, injectorUid=0
06-12 15:43:19.218 D/InputMethod( 1336): JioHomeManagerService::hideSoftInput()::notifyJioHomeAboutIMEVisibility(IME_HIDDEN) isInputViewShown()::false
06-12 15:43:19.219 V/DigitalSignage(  632): Package Name: null
06-12 15:43:19.219 V/DigitalSignage(  632): Left: 0
06-12 15:43:19.219 V/DigitalSignage(  632): Right: 0
06-12 15:43:19.219 V/DigitalSignage(  632): Top: 0
06-12 15:43:19.219 V/DigitalSignage(  632): Bottom: 0
06-12 15:43:19.220 D/DigitalSignage(  632): else - Package Name :: null left : 0 right :: 0 top :: 0 bottom :: 0 dfu-right :: 1920 dfu-bottom :: 1080
06-12 15:43:19.220 D/InputMethodService( 1336): JioHomeMangerService::notifyJioHomeAboutIMEVisibility()::EDIT_TEXT_FOCUS_KEY Value::false Action::com.iwedia.action.SHOW_SOFT_INPUT isVisble :: false
06-12 15:43:19.220 V/DigitalSignage(  632): Package Name: null
06-12 15:43:19.220 V/DigitalSignage(  632): Left: 0
06-12 15:43:19.220 V/DigitalSignage(  632): Right: 0
06-12 15:43:19.220 V/DigitalSignage(  632): Top: 0
06-12 15:43:19.220 V/DigitalSignage(  632): Bottom: 0
06-12 15:43:19.220 D/DigitalSignage(  632): else - Package Name :: null left : 0 right :: 0 top :: 0 bottom :: 0 dfu-right :: 1920 dfu-bottom :: 1080
06-12 15:43:19.225 V/DigitalSignage(  632): Package Name: null
06-12 15:43:19.225 V/DigitalSignage(  632): Left: 0
06-12 15:43:19.225 V/DigitalSignage(  632): Right: 0
06-12 15:43:19.225 V/DigitalSignage(  632): Top: 0
06-12 15:43:19.225 V/DigitalSignage(  632): Bottom: 0
06-12 15:43:19.225 D/DigitalSignage(  632): else - Package Name :: null left : 0 right :: 0 top :: 0 bottom :: 0 dfu-right :: 1920 dfu-bottom :: 1080
06-12 15:43:19.225 V/DigitalSignage(  632): Package Name: null
06-12 15:43:19.225 V/DigitalSignage(  632): Left: 0
06-12 15:43:19.226 V/DigitalSignage(  632): Right: 0
06-12 15:43:19.226 V/DigitalSignage(  632): Top: 0
06-12 15:43:19.226 V/DigitalSignage(  632): Bottom: 0
06-12 15:43:19.226 D/DigitalSignage(  632): else - Package Name :: null left : 0 right :: 0 top :: 0 bottom :: 0 dfu-right :: 1920 dfu-bottom :: 1080
06-12 15:43:19.229 V/DigitalSignage(  632): Package Name: null
06-12 15:43:19.229 V/DigitalSignage(  632): Left: 0
06-12 15:43:19.229 V/DigitalSignage(  632): Right: 0
06-12 15:43:19.229 V/DigitalSignage(  632): Top: 0
06-12 15:43:19.229 V/DigitalSignage(  632): Bottom: 0
06-12 15:43:19.230 D/DigitalSignage(  632): else - Package Name :: null left : 0 right :: 0 top :: 0 bottom :: 0 dfu-right :: 1920 dfu-bottom :: 1080
06-12 15:43:19.231 V/DigitalSignage(  632): Package Name: null
06-12 15:43:19.231 V/DigitalSignage(  632): Left: 0
06-12 15:43:19.231 V/DigitalSignage(  632): Right: 0
06-12 15:43:19.231 V/DigitalSignage(  632): Top: 0
06-12 15:43:19.231 V/DigitalSignage(  632): Bottom: 0
06-12 15:43:19.231 D/DigitalSignage(  632): else - Package Name :: null left : 0 right :: 0 top :: 0 bottom :: 0 dfu-right :: 1920 dfu-bottom :: 1080
06-12 15:43:19.240 I/appium  (21149): AppiumResponse: {"sessionId":"5ff39e47-41a5-48b3-98ae-5f264ad0b38b","value":null}
06-12 15:43:19.265 D/stbdpc  (  405): STB_DPGetNumPaths[570]: num_paths: 1
06-12 15:43:19.271 I/appium  (21149): channel read: POST /session/5ff39e47-41a5-48b3-98ae-5f264ad0b38b/element
06-12 15:43:19.273 I/appium  (21149): FindElement command
06-12 15:43:19.276 I/appium  (21149): method: 'xpath', selector: '//android.widget.ImageView[@resource-id='in.startv.hotstar:id/hero_img']'
06-12 15:43:19.277 I/appium  (21149): Waiting up to 10000ms for the device to idle
06-12 15:43:19.365 D/stbdpc  (  405): STB_DPGetNumPaths[570]: num_paths: 1
06-12 15:43:19.374 D/rtk_heartbeat(  351): heartbeat_timed_out: heartbeatCmdCount = 3251, expected nextSeqNum = 3251
06-12 15:43:19.375 D/rtk_heartbeat(  351): rtkbt_heartbeat_cmpl_cback: Current SeqNum = 3251,should SeqNum=3251, status = 0
06-12 15:43:19.454 E/BufferQueueProducer(  404): [InputMethod#0](id:1940000004e,api:0,p:-1,c:404) disconnect: not connected (req=1)
06-12 15:43:19.455 W/libEGL  ( 1336): EGLNativeWindowType 0xf5aaec08 disconnect failed
06-12 15:43:19.457 V/DigitalSignage(  632): Package Name: null
06-12 15:43:19.457 V/DigitalSignage(  632): Left: 0
06-12 15:43:19.457 V/DigitalSignage(  632): Right: 0
06-12 15:43:19.457 V/DigitalSignage(  632): Top: 0
06-12 15:43:19.457 V/DigitalSignage(  632): Bottom: 0
06-12 15:43:19.457 D/DigitalSignage(  632): else - Package Name :: null left : 0 right :: 0 top :: 0 bottom :: 0 dfu-right :: 1920 dfu-bottom :: 1080
06-12 15:43:19.466 D/stbdpc  (  405): STB_DPGetNumPaths[570]: num_paths: 1
06-12 15:43:19.530 D/JioStbInactivityTimer(  933): Timer: count 203 warningTimeout:10680 timeout:10800
06-12 15:43:19.530 D/JioStbInactivityTimer(  933): isUserActive: Curr:3069843 Prev:3069843
06-12 15:43:19.531 D/dvb_iptv(  405): ReadEmmNetworkTask[1537]: EMM Select Timeout Occured 48
06-12 15:43:19.566 D/stbdpc  (  405): STB_DPGetNumPaths[570]: num_paths: 1
06-12 15:43:19.666 I/chatty  (  405): uid=0(root) DK-SiCntrl identical 1 line
06-12 15:43:19.766 D/stbdpc  (  405): STB_DPGetNumPaths[570]: num_paths: 1
06-12 15:43:19.804 I/thermal2(  370): Sending notification:  Type: CPU Name: soc_thermal CurrentValue: 63.7 ThrottlingStatus: NONE
06-12 15:43:19.837 I/appium  (21149): The following attributes will be included to the page source: [resource-id]
06-12 15:43:19.866 D/stbdpc  (  405): STB_DPGetNumPaths[570]: num_paths: 1
06-12 15:43:19.967 D/stbdpc  (  405): STB_DPGetNumPaths[570]: num_paths: 1
06-12 15:43:20.024 D/JioAppOptimizer( 1699): AppOptimizerService :: handleMessage()
06-12 15:43:20.025 D/JioAppOptimizer( 1699): AppOptimizerService :: handleMessage() : Foreground Package=in.startv.hotstar
06-12 15:43:20.025 D/JioAppOptimizer( 1699): AppOptimizerService :: handleMessage() : Free memory available in MB : 567.84375
06-12 15:43:20.025 D/JioAppOptimizer( 1699): AppOptimizerService :: handleMessage() : checkAndRemoveBackgroundApps()
06-12 15:43:20.025 D/JioAppOptimizer( 1699): AppOptimizerService :: checkAndRemoveBackgroundApps()
06-12 15:43:20.031 D/dvb_iptv(  405): ReadEmmNetworkTask[1537]: EMM Select Timeout Occured 49
06-12 15:43:20.057 I/appium  (21149): Took 0ms to retrieve 0 matches for '//android.widget.ImageView[@resource-id='in.startv.hotstar:id/hero_img']' XPath2 query
06-12 15:43:20.064 I/appium  (21149): AppiumResponse: {"sessionId":"5ff39e47-41a5-48b3-98ae-5f264ad0b38b","value":{"error":"no such element","message":"An element could not be located on the page using the given search parameters","stacktrace":"io.appium.uiautomator2.common.exceptions.ElementNotFoundException: An element could not be located on the page using the given search parameters\n\tat io.appium.uiautomator2.utils.ElementLocationHelpers.findElement(ElementLocationHelpers.java:156)\n\tat io.appium.uiautomator2.handler.FindElement.safeHandle(FindElement.java:60)\n\tat io.appium.uiautomator2.handler.request.SafeRequestHandler.handle(SafeRequestHandler.java:59)\n\tat io.appium.uiautomator2.server.AppiumServlet.handleRequest(AppiumServlet.java:259)\n\tat io.appium.uiautomator2.server.AppiumServlet.handleHttpRequest(AppiumServlet.java:253)\n\tat io.appium.uiautomator2.http.ServerHandler.channelRead(ServerHandler.java:77)\n\tat io.netty.channel.AbstractChannelHandlerContext.invokeChannelRead(AbstractChannelHandlerContext.java:374)\n\tat io.netty.channel.AbstractChannelHandlerContext.invokeChannelRead(AbstractChannelHandlerContext.java:360)\n\tat io.netty.channel.AbstractChannelHandlerContext.fireChannelRead(AbstractChannelHandlerContext.java:352)\n\tat io.netty.handler.codec.MessageToMessageDecoder.channelRead(MessageToMessageDecoder.java:102)\n\tat io.netty.channel.AbstractChannelHandlerContext.invokeChannelRead(AbstractChannelHandlerContext.java:374)\n\tat io.netty.channel.AbstractChannelHandlerContext.invokeChannelRead(AbstractChannelHandlerContext.java:360)\n\tat io.netty.channel.AbstractChannelHandlerContext.fireChannelRead(AbstractChannelHandlerContext.java:352)\n\tat io.netty.channel.CombinedChannelDuplexHandler$DelegatingChannelHandlerContext.fireChannelRead(CombinedChannelDuplexHandler.java:438)\n\tat io.netty.handler.codec.ByteToMessageDecoder.fireChannelRead(ByteToMessageDecoder.java:328)\n\tat io.netty.handler.codec.ByteToMessageDecoder.channelRead(ByteToMessageDecoder.java:302)\n\tat io.netty.channel.CombinedChannelDuplexHandler.channelRead(CombinedChannelDuplexHandler.java:253)\n\tat io.netty.channel.AbstractChannelHandlerContext.invokeChannelRead(AbstractChannelHandlerContext.java:374)\n\tat io.netty.channel.AbstractChannelHandlerContext.invokeChannelRead(AbstractChannelHandlerContext.java:360)\n\tat io.netty.channel.AbstractChannelHandlerContext.fireChannelRead(AbstractChannelHandlerContext.java:352)\n\tat io.netty.handler.timeout.IdleStateHandler.channelRead(IdleStateHandler.java:287)\n\tat io.netty.channel.AbstractChannelHandlerContext.invokeChannelRead(AbstractChannelHandlerContext.java:374)\n\tat io.netty.channel.AbstractChannelHandlerContext.invokeChannelRead(AbstractChannelHandlerContext.java:360)\n\tat io.netty.channel.AbstractChannelHandlerContext.fireChannelRead(AbstractChannelHandlerContext.java:352)\n\tat io.netty.channel.DefaultChannelPipeline$HeadContext.channelRead(DefaultChannelPipeline.java:1422)\n\tat io.netty.channel.AbstractChannelHandlerContext.invokeChannelRead(AbstractChannelHandlerContext.java:374)\n\tat io.netty.channel.AbstractChannelHandlerContext.invokeChannelRead(AbstractChannelHandlerContext.java:360)\n\tat io.netty.channel.DefaultChannelPipeline.fireChannelRead(DefaultChannelPipeline.java:931)\n\tat io.netty.channel.nio.AbstractNioByteChannel$NioByteUnsafe.read(AbstractNioByteChannel.java:163)\n\tat io.netty.channel.nio.NioEventLoop.processSelectedKey(NioEventLoop.java:700)\n\tat io.netty.channel.nio.NioEventLoop.processSelectedKeysOptimized(NioEventLoop.java:635)\n\tat io.netty.channel.nio.NioEventLoop.processSelectedKeys(NioEventLoop.java:552)\n\tat io.netty.channel.nio.NioEventLoop.run(NioEventLoop.java:514)\n\tat io.netty.util.concurrent.SingleThreadEventExecutor$6.run(SingleThreadEventExecutor.java:1044)\n\tat io.netty.util.internal.ThreadExecutorMap$2.run(ThreadExecutorMap.java:74)\n\tat io.netty.util.concurrent.FastThreadLocalRunnable.run(FastThreadLocalRunnable.java:30)\n\tat java.lang.Thread.run(Thread.java:923)\n"}}
06-12 15:43:20.067 D/stbdpc  (  405): STB_DPGetNumPaths[570]: num_paths: 1
06-12 15:43:20.167 D/stbdpc  (  405): STB_DPGetNumPaths[570]: num_paths: 1
06-12 15:43:20.197 D/BufferPoolAccessor2.0(21217): bufferpool2 0xbe82c418 : 0(0 size) total buffers - 0(0 size) used buffers - 2/7 (recycle/alloc) - 8/30 (fetch/transfer)
06-12 15:43:20.197 D/BufferPoolAccessor2.0(21217): evictor expired: 1, evicted: 1
06-12 15:43:20.198 D/BufferPoolAccessor2.0(  479): evictor expired: 1, evicted: 0
06-12 15:43:20.214 E/WifiVendorHal(  632): getWifiLinkLayerStats_1_3_Internal(l.973) failed {.code = ERROR_UNKNOWN, .description = unknown error}
06-12 15:43:20.267 D/stbdpc  (  405): STB_DPGetNumPaths[570]: num_paths: 1
06-12 15:43:20.367 D/stbdpc  (  405): STB_DPGetNumPaths[570]: num_paths: 1
06-12 15:43:20.374 D/rtk_heartbeat(  351): heartbeat_timed_out: heartbeatCmdCount = 3252, expected nextSeqNum = 3252
06-12 15:43:20.375 D/rtk_heartbeat(  351): rtkbt_heartbeat_cmpl_cback: Current SeqNum = 3252,should SeqNum=3252, status = 0
06-12 15:43:20.424 E/ocessService0:( 2273): failed to create Unix domain socket: Operation not permitted
06-12 15:43:20.467 D/stbdpc  (  405): STB_DPGetNumPaths[570]: num_paths: 1
06-12 15:43:20.529 D/JioStbInactivityTimer(  933): Timer: count 204 warningTimeout:10680 timeout:10800
06-12 15:43:20.530 D/JioStbInactivityTimer(  933): isUserActive: Curr:3069843 Prev:3069843
06-12 15:43:20.531 D/dvb_iptv(  405): ReadEmmNetworkTask[1537]: EMM Select Timeout Occured 50
06-12 15:43:20.568 D/stbdpc  (  405): STB_DPGetNumPaths[570]: num_paths: 1
06-12 15:43:20.602 I/appium  (21149): channel read: POST /session/5ff39e47-41a5-48b3-98ae-5f264ad0b38b/element
06-12 15:43:20.603 I/appium  (21149): FindElement command
06-12 15:43:20.606 I/appium  (21149): method: 'xpath', selector: '//android.widget.ImageView[@resource-id='in.startv.hotstar:id/hero_img']'
06-12 15:43:20.607 I/appium  (21149): Waiting up to 10000ms for the device to idle
06-12 15:43:20.611 I/appium  (21149): The following attributes will be included to the page source: [resource-id]
06-12 15:43:20.668 D/stbdpc  (  405): STB_DPGetNumPaths[570]: num_paths: 1
06-12 15:43:20.708 I/ThermalService(  986): CPU temperatures: [64.200005]
06-12 15:43:20.768 D/stbdpc  (  405): STB_DPGetNumPaths[570]: num_paths: 1
06-12 15:43:20.810 I/appium  (21149): Took 0ms to retrieve 0 matches for '//android.widget.ImageView[@resource-id='in.startv.hotstar:id/hero_img']' XPath2 query
06-12 15:43:20.815 I/appium  (21149): AppiumResponse: {"sessionId":"5ff39e47-41a5-48b3-98ae-5f264ad0b38b","value":{"error":"no such element","message":"An element could not be located on the page using the given search parameters","stacktrace":"io.appium.uiautomator2.common.exceptions.ElementNotFoundException: An element could not be located on the page using the given search parameters\n\tat io.appium.uiautomator2.utils.ElementLocationHelpers.findElement(ElementLocationHelpers.java:156)\n\tat io.appium.uiautomator2.handler.FindElement.safeHandle(FindElement.java:60)\n\tat io.appium.uiautomator2.handler.request.SafeRequestHandler.handle(SafeRequestHandler.java:59)\n\tat io.appium.uiautomator2.server.AppiumServlet.handleRequest(AppiumServlet.java:259)\n\tat io.appium.uiautomator2.server.AppiumServlet.handleHttpRequest(AppiumServlet.java:253)\n\tat io.appium.uiautomator2.http.ServerHandler.channelRead(ServerHandler.java:77)\n\tat io.netty.channel.AbstractChannelHandlerContext.invokeChannelRead(AbstractChannelHandlerContext.java:374)\n\tat io.netty.channel.AbstractChannelHandlerContext.invokeChannelRead(AbstractChannelHandlerContext.java:360)\n\tat io.netty.channel.AbstractChannelHandlerContext.fireChannelRead(AbstractChannelHandlerContext.java:352)\n\tat io.netty.handler.codec.MessageToMessageDecoder.channelRead(MessageToMessageDecoder.java:102)\n\tat io.netty.channel.AbstractChannelHandlerContext.invokeChannelRead(AbstractChannelHandlerContext.java:374)\n\tat io.netty.channel.AbstractChannelHandlerContext.invokeChannelRead(AbstractChannelHandlerContext.java:360)\n\tat io.netty.channel.AbstractChannelHandlerContext.fireChannelRead(AbstractChannelHandlerContext.java:352)\n\tat io.netty.channel.CombinedChannelDuplexHandler$DelegatingChannelHandlerContext.fireChannelRead(CombinedChannelDuplexHandler.java:438)\n\tat io.netty.handler.codec.ByteToMessageDecoder.fireChannelRead(ByteToMessageDecoder.java:328)\n\tat io.netty.handler.codec.ByteToMessageDecoder.channelRead(ByteToMessageDecoder.java:302)\n\tat io.netty.channel.CombinedChannelDuplexHandler.channelRead(CombinedChannelDuplexHandler.java:253)\n\tat io.netty.channel.AbstractChannelHandlerContext.invokeChannelRead(AbstractChannelHandlerContext.java:374)\n\tat io.netty.channel.AbstractChannelHandlerContext.invokeChannelRead(AbstractChannelHandlerContext.java:360)\n\tat io.netty.channel.AbstractChannelHandlerContext.fireChannelRead(AbstractChannelHandlerContext.java:352)\n\tat io.netty.handler.timeout.IdleStateHandler.channelRead(IdleStateHandler.java:287)\n\tat io.netty.channel.AbstractChannelHandlerContext.invokeChannelRead(AbstractChannelHandlerContext.java:374)\n\tat io.netty.channel.AbstractChannelHandlerContext.invokeChannelRead(AbstractChannelHandlerContext.java:360)\n\tat io.netty.channel.AbstractChannelHandlerContext.fireChannelRead(AbstractChannelHandlerContext.java:352)\n\tat io.netty.channel.DefaultChannelPipeline$HeadContext.channelRead(DefaultChannelPipeline.java:1422)\n\tat io.netty.channel.AbstractChannelHandlerContext.invokeChannelRead(AbstractChannelHandlerContext.java:374)\n\tat io.netty.channel.AbstractChannelHandlerContext.invokeChannelRead(AbstractChannelHandlerContext.java:360)\n\tat io.netty.channel.DefaultChannelPipeline.fireChannelRead(DefaultChannelPipeline.java:931)\n\tat io.netty.channel.nio.AbstractNioByteChannel$NioByteUnsafe.read(AbstractNioByteChannel.java:163)\n\tat io.netty.channel.nio.NioEventLoop.processSelectedKey(NioEventLoop.java:700)\n\tat io.netty.channel.nio.NioEventLoop.processSelectedKeysOptimized(NioEventLoop.java:635)\n\tat io.netty.channel.nio.NioEventLoop.processSelectedKeys(NioEventLoop.java:552)\n\tat io.netty.channel.nio.NioEventLoop.run(NioEventLoop.java:514)\n\tat io.netty.util.concurrent.SingleThreadEventExecutor$6.run(SingleThreadEventExecutor.java:1044)\n\tat io.netty.util.internal.ThreadExecutorMap$2.run(ThreadExecutorMap.java:74)\n\tat io.netty.util.concurrent.FastThreadLocalRunnable.run(FastThreadLocalRunnable.java:30)\n\tat java.lang.Thread.run(Thread.java:923)\n"}}
06-12 15:43:20.868 D/stbdpc  (  405): STB_DPGetNumPaths[570]: num_paths: 1
06-12 15:43:20.904 D/memtrack_aml(  367): sysfs path
06-12 15:43:20.968 D/stbdpc  (  405): STB_DPGetNumPaths[570]: num_paths: 1
06-12 15:43:21.031 D/dvb_iptv(  405): ReadEmmNetworkTask[1537]: EMM Select Timeout Occured 51
06-12 15:43:21.034 D/JioLauncher( 1781): overlay status check for wifi and bt remote false false
06-12 15:43:21.035 D/JioLauncher( 1781): diagnosis-fragment-onConnectivityChanged
06-12 15:43:21.036 D/Match code1( 1449): 2
06-12 15:43:21.036 D/JIO_TR069-( 1449): Predefined List [com.jio.stb.catv, com.rjil.jiostbsetting, com.iwedia.ui.rjio.launcher.reliance, com.jio.stb.hotellauncher, com.jio.media.oberoi, com.jio.ott]
06-12 15:43:21.038 D/JIO_TR069-( 1449): Caller Package com.iwedia.ui.rjio.launcher.reliance
06-12 15:43:21.038 D/JIO_TR069-( 1449): White Listed Apps []
06-12 15:43:21.038 D/JIO_TR069-( 1449): Final White Listed Apps [com.jio.stb.catv, com.rjil.jiostbsetting, com.iwedia.ui.rjio.launcher.reliance, com.jio.stb.hotellauncher, com.jio.media.oberoi, com.jio.ott, ]
06-12 15:43:21.041 D/JioLauncher( 1781): network-type-------NonJioNetwork
06-12 15:43:21.047 D/JioLauncher( 1781): live-tv-previousIp-[/fe80::1%wlan0, /192.168.1.1]-newHost-[/fe80::1%wlan0, /192.168.1.1]
06-12 15:43:21.050 D/JioLauncher( 1781): diagnosis-network-1
06-12 15:43:21.053 D/JioLauncher( 1781): getSSID-<unknown ssid>
06-12 15:43:21.055 D/JioLauncher( 1781): ThreadCount-158
