06-12 15:34:42.878 D/WindowManager(  632): CloudPC is in NOT in foreground
06-12 15:34:42.879 D/WindowManager(  632): isKeyNeedsToPassToJioCloudPC :: NO
06-12 15:34:42.879 D/GlobalKeyManager(  632): KeyEvent { action=ACTION_UP, keyCode=KEYCODE_ENTER, scanCode=0, metaState=0, flags=0x0, repeatCount=0, eventTime=2758210, downTime=2758210, deviceId=-1, source=0x101, displayId=-1 }
06-12 15:34:42.879 D/InputDispatcher(  632): Setting input event injection result to 0.  injectorPid=18178, injectorUid=0
06-12 15:34:42.880 D/InputDispatcher(  632): injectInputEvent - Waiting for 1 pending foreground dispatches.
06-12 15:34:42.881 D/InputDispatcher(  632): injectInputEvent - Finished with result 0. injectorPid=18178, injectorUid=0
06-12 15:34:42.888 I/system_server(  632): oneway function results will be dropped but finished with status OK and parcel size 4
06-12 15:34:42.888 I/system_server(  632): oneway function results will be dropped but finished with status OK and parcel size 4
06-12 15:34:42.889 I/appium  (18193): AppiumResponse: {"sessionId":"3ac360c1-a402-4725-9c4f-e266827c6f6d","value":null}
06-12 15:34:42.893 I/sub_mixing_factory(  350): [usecase_change_validate_l_sm:1209] ++++continuous:0 dev masks:0, out masks:0, out usecase PCM_NORMAL
06-12 15:34:42.893 I/sub_mixing_factory(  350): [usecase_change_validate_l_sm:1216] add usecase PCM_NORMAL, cnt 1
06-12 15:34:42.893 D/sub_mixing_factory(  350): [usecase_change_validate_l_sm:1228] cur dev masks:0, add out usecase:PCM_NORMAL
06-12 15:34:42.893 I/sub_mixing_factory(  350): [usecase_change_validate_l_sm:1259] ----continuous:0 dev masks:0x1, out masks:0x1, out usecase PCM_NORMAL
06-12 15:34:42.893 D/aml_audio_port(  350): [new_input_port:260] buf_frames:384,frame_size:4 ==> thunk_size:1536
06-12 15:34:42.893 I/aml_audio_port(  350): [get_input_port_type:109] samplerate:48000, flags:0x2, channel_cnt:2
06-12 15:34:42.893 D/aml_audio_port(  350): [new_input_port:286] inport:PCM_SYSTEM, buf:6144, direct:0, format:0x1, rate:48000, ch:2
06-12 15:34:42.893 I/amlAudioMixer(  350): [init_mixer_input_port:175] input port:PCM_SYSTEM, size 384 frames, frame_write_sum:23173120
06-12 15:34:42.893 I/aml_audio_port(  350): [get_input_port_type:109] samplerate:48000, flags:0x2, channel_cnt:2
06-12 15:34:42.893 I/sub_mixing_factory(  350): [mixer_aux_buffer_write_sm:1066] stream 0xf557b000 input port:PCM_SYSTEM
06-12 15:34:42.893 I/sub_mixing_factory(  350): [mixer_aux_buffer_write_sm:1076] padding_bytes 12288
06-12 15:34:42.893 I/amlAudioMixer(  350): [mixer_write_inport:260] input port:PCM_SYSTEM is active now
06-12 15:34:42.893 I/sub_mixing_factory(  350): [mixer_aux_buffer_write_sm:1076] padding_bytes 10752
06-12 15:34:42.893 I/sub_mixing_factory(  350): [mixer_aux_buffer_write_sm:1076] padding_bytes 9216
06-12 15:34:42.893 I/sub_mixing_factory(  350): [mixer_aux_buffer_write_sm:1076] padding_bytes 7680
06-12 15:34:42.893 I/sub_mixing_factory(  350): [mixer_aux_buffer_write_sm:1076] padding_bytes 6144
06-12 15:34:42.896 I/amlAudioMixer(  350): [mixer_inports_read:704] input port:PCM_SYSTEM first start, portId:0, avail:6144
06-12 15:34:42.902 I/sub_mixing_factory(  350): [mixer_aux_buffer_write_sm:1076] padding_bytes 4608
06-12 15:34:42.905 I/sub_mixing_factory(  350): [mixer_aux_buffer_write_sm:1076] padding_bytes 3072
06-12 15:34:42.917 I/sub_mixing_factory(  350): [mixer_aux_buffer_write_sm:1076] padding_bytes 1536
06-12 15:34:42.926 D/stbdpc  (  405): STB_DPGetNumPaths[570]: num_paths: 1
06-12 15:34:42.990 I/appium  (18193): channel read: POST /session/3ac360c1-a402-4725-9c4f-e266827c6f6d/element
06-12 15:34:42.991 I/appium  (18193): FindElement command
06-12 15:34:42.994 I/appium  (18193): method: 'xpath', selector: '//android.widget.EditText[@resource-id='in.startv.hotstar:id/search_bar']'
06-12 15:34:42.994 I/appium  (18193): Waiting up to 10000ms for the device to idle
06-12 15:34:43.007 W/SoundPool(18269): Use of stream types is deprecated for operations other than volume control
06-12 15:34:43.007 W/SoundPool(18269): See the documentation of SoundPool() for what to use instead with android.media.AudioAttributes to qualify your playback use case
06-12 15:34:43.016 I/AmFFmpegExtractor(  460): checkInList: isw:0, m:audio/ogg, t:1, i:86021 t:0
06-12 15:34:43.016 I/AmFFmpegExtractor(  460): checkInList: isw:1, m:audio/ogg, t:1, i:86021 t:0
06-12 15:34:43.016 E/AmFFmpegExtractor(  460): codec_ctx->properties: 0
06-12 15:34:43.016 I/AmFFmpegExtractor(  460): checkSupportInList ret 1
06-12 15:34:43.017 I/AmFFmpegExtractor(  460): checkInList: isw:0, m:audio/ogg, t:1, i:86021 t:0
06-12 15:34:43.018 I/AmFFmpegExtractor(  460): checkInList: isw:1, m:audio/ogg, t:1, i:86021 t:0
06-12 15:34:43.018 E/AmFFmpegExtractor(  460): codec_ctx->properties: 0
06-12 15:34:43.018 I/AmFFmpegExtractor(  460): checkSupportInList ret 1
06-12 15:34:43.026 D/stbdpc  (  405): STB_DPGetNumPaths[570]: num_paths: 1
06-12 15:34:43.028 I/AmFFmpegExtractor(  460): checkInList: isw:0, m:audio/ogg, t:1, i:86021 t:0
06-12 15:34:43.028 I/AmFFmpegExtractor(  460): checkInList: isw:1, m:audio/ogg, t:1, i:86021 t:0
06-12 15:34:43.028 E/AmFFmpegExtractor(  460): codec_ctx->properties: 0
06-12 15:34:43.028 I/AmFFmpegExtractor(  460): checkSupportInList ret 0
06-12 15:34:43.028 E/AmFFmpegExtractor(  460): vendor do not support
06-12 15:34:43.029 I/AmFFmpegExtractor(  460): checkInList: isw:0, m:audio/ogg, t:1, i:86021 t:0
06-12 15:34:43.029 I/AmFFmpegExtractor(  460): checkInList: isw:1, m:audio/ogg, t:1, i:86021 t:0
06-12 15:34:43.029 E/AmFFmpegExtractor(  460): codec_ctx->properties: 0
06-12 15:34:43.029 I/AmFFmpegExtractor(  460): checkSupportInList ret 0
06-12 15:34:43.030 E/AmFFmpegExtractor(  460): vendor do not support
06-12 15:34:43.038 E/Utils   (  460): did not find channel-count and/or sample-rate
06-12 15:34:43.040 I/AmAVUtils(18269): set profile 0 level:0
06-12 15:34:43.043 E/Utils   (  460): did not find channel-count and/or sample-rate
06-12 15:34:43.046 I/AmAVUtils(18269): set profile 0 level:0
06-12 15:34:43.049 D/CCodec  (18269): allocate(c2.android.vorbis.decoder)
06-12 15:34:43.050 V/C2Store (  479): in init
06-12 15:34:43.050 V/C2Store (  479): loading dll
06-12 15:34:43.054 I/CCodec  (18269): Created component [c2.android.vorbis.decoder]
06-12 15:34:43.055 D/CCodecConfig(18269): read media type: audio/vorbis
06-12 15:34:43.057 D/CCodec  (18269): allocate(c2.android.vorbis.decoder)
06-12 15:34:43.060 I/CCodec  (18269): Created component [c2.android.vorbis.decoder]
06-12 15:34:43.060 D/ReflectedParamUpdater(18269): extent() != 1 for single value type: algo.buffers.max-count.values
06-12 15:34:43.061 D/CCodecConfig(18269): read media type: audio/vorbis
06-12 15:34:43.061 D/ReflectedParamUpdater(18269): extent() != 1 for single value type: output.subscribed-indices.values
06-12 15:34:43.061 D/ReflectedParamUpdater(18269): extent() != 1 for single value type: input.buffers.allocator-ids.values
06-12 15:34:43.061 D/ReflectedParamUpdater(18269): extent() != 1 for single value type: output.buffers.allocator-ids.values
06-12 15:34:43.062 D/ReflectedParamUpdater(18269): extent() != 1 for single value type: algo.buffers.allocator-ids.values
06-12 15:34:43.062 D/ReflectedParamUpdater(18269): extent() != 1 for single value type: output.buffers.pool-ids.values
06-12 15:34:43.062 D/ReflectedParamUpdater(18269): extent() != 1 for single value type: algo.buffers.pool-ids.values
06-12 15:34:43.065 I/CCodecConfig(18269): query failed after returning 7 values (BAD_INDEX)
06-12 15:34:43.065 D/CCodecConfig(18269): c2 config diff is Dict {
06-12 15:34:43.065 D/CCodecConfig(18269):   c2::u32 coded.bitrate.value = 64000
06-12 15:34:43.065 D/CCodecConfig(18269):   c2::u32 input.buffers.max-size.value = 32768
06-12 15:34:43.065 D/CCodecConfig(18269):   c2::u32 input.delay.value = 0
06-12 15:34:43.065 D/CCodecConfig(18269):   string input.media-type.value = "audio/vorbis"
06-12 15:34:43.065 D/CCodecConfig(18269):   string output.media-type.value = "audio/raw"
06-12 15:34:43.065 D/CCodecConfig(18269):   c2::u32 raw.channel-count.value = 1
06-12 15:34:43.065 D/CCodecConfig(18269):   c2::u32 raw.sample-rate.value = 48000
06-12 15:34:43.065 D/CCodecConfig(18269): }
06-12 15:34:43.066 D/ReflectedParamUpdater(18269): extent() != 1 for single value type: algo.buffers.max-count.values
06-12 15:34:43.066 D/ReflectedParamUpdater(18269): extent() != 1 for single value type: output.subscribed-indices.values
06-12 15:34:43.066 D/ReflectedParamUpdater(18269): extent() != 1 for single value type: input.buffers.allocator-ids.values
06-12 15:34:43.066 D/CCodec  (18269): [c2.android.vorbis.decoder] buffers are bound to CCodec for this session
06-12 15:34:43.067 D/ReflectedParamUpdater(18269): extent() != 1 for single value type: output.buffers.allocator-ids.values
06-12 15:34:43.067 D/CCodecConfig(18269): no c2 equivalents for durationUs
06-12 15:34:43.067 D/CCodecConfig(18269): no c2 equivalents for track-id
06-12 15:34:43.067 D/CCodecConfig(18269): no c2 equivalents for csd-1
06-12 15:34:43.067 D/ReflectedParamUpdater(18269): extent() != 1 for single value type: algo.buffers.allocator-ids.values
06-12 15:34:43.067 D/CCodecConfig(18269): no c2 equivalents for channel-mask
06-12 15:34:43.067 D/CCodecConfig(18269): no c2 equivalents for flags
06-12 15:34:43.067 D/ReflectedParamUpdater(18269): extent() != 1 for single value type: output.buffers.pool-ids.values
06-12 15:34:43.067 D/ReflectedParamUpdater(18269): extent() != 1 for single value type: algo.buffers.pool-ids.values
06-12 15:34:43.068 D/CCodecConfig(18269): c2 config diff is   c2::u32 raw.sample-rate.value = 16000
06-12 15:34:43.070 I/CCodecConfig(18269): query failed after returning 7 values (BAD_INDEX)
06-12 15:34:43.070 W/Codec2Client(18269): query -- param skipped: index = 1107298332.
06-12 15:34:43.070 D/CCodecConfig(18269): c2 config diff is Dict {
06-12 15:34:43.070 D/CCodecConfig(18269):   c2::u32 coded.bitrate.value = 64000
06-12 15:34:43.070 D/CCodecConfig(18269):   c2::u32 input.buffers.max-size.value = 32768
06-12 15:34:43.070 D/CCodecConfig(18269):   c2::u32 input.delay.value = 0
06-12 15:34:43.070 D/CCodecConfig(18269):   string input.media-type.value = "audio/vorbis"
06-12 15:34:43.070 D/CCodecConfig(18269):   string output.media-type.value = "audio/raw"
06-12 15:34:43.070 D/CCodecConfig(18269):   c2::u32 raw.channel-count.value = 1
06-12 15:34:43.070 D/CCodecConfig(18269):   c2::u32 raw.sample-rate.value = 48000
06-12 15:34:43.070 D/CCodecConfig(18269): }
06-12 15:34:43.070 D/CCodec  (18269): setup formats input: AMessage(what = 0x00000000) = {
06-12 15:34:43.070 D/CCodec  (18269):   int32_t channel-count = 1
06-12 15:34:43.070 D/CCodec  (18269):   int32_t max-input-size = 32768
06-12 15:34:43.070 D/CCodec  (18269):   string mime = "audio/vorbis"
06-12 15:34:43.070 D/CCodec  (18269):   int32_t sample-rate = 16000
06-12 15:34:43.070 D/CCodec  (18269): } and output: AMessage(what = 0x00000000) = {
06-12 15:34:43.070 D/CCodec  (18269):   int32_t channel-count = 1
06-12 15:34:43.070 D/CCodec  (18269):   string mime = "audio/raw"
06-12 15:34:43.070 D/CCodec  (18269):   int32_t sample-rate = 16000
06-12 15:34:43.070 D/CCodec  (18269):   int32_t channel-mask = 1
06-12 15:34:43.070 D/CCodec  (18269): }
06-12 15:34:43.071 W/Codec2Client(18269): query -- param skipped: index = 1342179345.
06-12 15:34:43.071 W/Codec2Client(18269): query -- param skipped: index = 2415921170.
06-12 15:34:43.071 D/CCodec  (18269): [c2.android.vorbis.decoder] buffers are bound to CCodec for this session
06-12 15:34:43.071 D/CCodecConfig(18269): no c2 equivalents for durationUs
06-12 15:34:43.071 D/CCodecConfig(18269): no c2 equivalents for track-id
06-12 15:34:43.071 D/CCodecConfig(18269): no c2 equivalents for csd-1
06-12 15:34:43.072 D/CCodecConfig(18269): no c2 equivalents for channel-mask
06-12 15:34:43.072 D/CCodecConfig(18269): no c2 equivalents for flags
06-12 15:34:43.072 E/FMQ     (18269): grantorIdx must be less than 3
06-12 15:34:43.072 D/CCodecConfig(18269): c2 config diff is   c2::u32 raw.sample-rate.value = 16000
06-12 15:34:43.074 E/FMQ     (18269): grantorIdx must be less than 3
06-12 15:34:43.074 D/CCodecBufferChannel(18269): [c2.android.vorbis.decoder#116] Created input block pool with allocatorID 16 => poolID 18 - OK (0)
06-12 15:34:43.074 D/BufferPoolAccessor2.0(  479): bufferpool2 0xf0cf0e18 : 0(0 size) total buffers - 0(0 size) used buffers - 106/109 (recycle/alloc) - 3/109 (fetch/transfer)
06-12 15:34:43.074 D/BufferPoolAccessor2.0(  479): Destruction - bufferpool2 0xf0cf0e18 cached: 0/0M, 0/0% in use; allocs: 109, 97% recycled; transfers: 109, 97% unfetched
06-12 15:34:43.075 E/FMQ     (  479): grantorIdx must be less than 3
06-12 15:34:43.075 E/FMQ     (  479): grantorIdx must be less than 3
06-12 15:34:43.076 W/Codec2Client(18269): query -- param skipped: index = 1107298332.
06-12 15:34:43.077 I/CCodecBufferChannel(18269): [c2.android.vorbis.decoder#116] Created output block pool with allocatorID 16 => poolID 45 - OK
06-12 15:34:43.077 D/CCodecBufferChannel(18269): [c2.android.vorbis.decoder#116] Configured output block pool ids 45 => OK
06-12 15:34:43.077 D/CCodec  (18269): setup formats input: AMessage(what = 0x00000000) = {
06-12 15:34:43.077 D/CCodec  (18269):   int32_t channel-count = 1
06-12 15:34:43.077 D/CCodec  (18269):   int32_t max-input-size = 32768
06-12 15:34:43.077 D/CCodec  (18269):   string mime = "audio/vorbis"
06-12 15:34:43.077 D/CCodec  (18269):   int32_t sample-rate = 16000
06-12 15:34:43.077 D/CCodec  (18269): } and output: AMessage(what = 0x00000000) = {
06-12 15:34:43.077 D/CCodec  (18269):   int32_t channel-count = 1
06-12 15:34:43.077 D/CCodec  (18269):   string mime = "audio/raw"
06-12 15:34:43.077 D/CCodec  (18269):   int32_t sample-rate = 16000
06-12 15:34:43.077 D/CCodec  (18269):   int32_t channel-mask = 1
06-12 15:34:43.077 D/CCodec  (18269): }
06-12 15:34:43.079 W/Codec2Client(18269): query -- param skipped: index = 1342179345.
06-12 15:34:43.079 W/Codec2Client(18269): query -- param skipped: index = 2415921170.
06-12 15:34:43.080 D/BufferPoolAccessor2.0(18269): bufferpool2 0xf19bfcd8 : 0(0 size) total buffers - 0(0 size) used buffers - 0/5 (recycle/alloc) - 4/216 (fetch/transfer)
06-12 15:34:43.080 D/BufferPoolAccessor2.0(18269): Destruction - bufferpool2 0xf19bfcd8 cached: 0/0M, 0/0% in use; allocs: 5, 0% recycled; transfers: 216, 98% unfetched
06-12 15:34:43.080 E/FMQ     (18269): grantorIdx must be less than 3
06-12 15:34:43.080 E/FMQ     (18269): grantorIdx must be less than 3
06-12 15:34:43.080 D/CCodecBufferChannel(18269): [c2.android.vorbis.decoder#90] Created input block pool with allocatorID 16 => poolID 19 - OK (0)
06-12 15:34:43.081 E/FMQ     (  479): grantorIdx must be less than 3
06-12 15:34:43.082 E/FMQ     (  479): grantorIdx must be less than 3
06-12 15:34:43.082 D/SimpleC2Component(  479): Using output block pool with poolID 45 => got 45 - 0
06-12 15:34:43.083 I/CCodecBufferChannel(18269): [c2.android.vorbis.decoder#90] Created output block pool with allocatorID 16 => poolID 46 - OK
06-12 15:34:43.083 D/CCodecBufferChannel(18269): [c2.android.vorbis.decoder#90] Configured output block pool ids 46 => OK
06-12 15:34:43.085 E/FMQ     (18269): grantorIdx must be less than 3
06-12 15:34:43.085 E/FMQ     (  479): grantorIdx must be less than 3
06-12 15:34:43.090 E/FMQ     (18269): grantorIdx must be less than 3
06-12 15:34:43.090 E/FMQ     (  479): grantorIdx must be less than 3
06-12 15:34:43.096 D/SimpleC2Component(  479): Using output block pool with poolID 46 => got 46 - 0
06-12 15:34:43.101 V/DigitalSignage(  632): Package Name: null
06-12 15:34:43.101 V/DigitalSignage(  632): Left: 0
06-12 15:34:43.101 V/DigitalSignage(  632): Right: 0
06-12 15:34:43.101 V/DigitalSignage(  632): Top: 0
06-12 15:34:43.101 V/DigitalSignage(  632): Bottom: 0
06-12 15:34:43.101 D/DigitalSignage(  632): else - Package Name :: null left : 0 right :: 0 top :: 0 bottom :: 0 dfu-right :: 1920 dfu-bottom :: 1080
06-12 15:34:43.107 E/FMQ     (  479): grantorIdx must be less than 3
06-12 15:34:43.108 E/FMQ     (18269): grantorIdx must be less than 3
06-12 15:34:43.115 D/CCodecBuffers(18269): [c2.android.vorbis.decoder#116:Output[N]] popFromStashAndRegister: output format changed to AMessage(what = 0x00000000) = {
06-12 15:34:43.115 D/CCodecBuffers(18269):   int32_t channel-count = 1
06-12 15:34:43.115 D/CCodecBuffers(18269):   string mime = "audio/raw"
06-12 15:34:43.115 D/CCodecBuffers(18269):   int32_t sample-rate = 16000
06-12 15:34:43.115 D/CCodecBuffers(18269):   int32_t channel-mask = 1
06-12 15:34:43.115 D/CCodecBuffers(18269): }
06-12 15:34:43.123 E/FMQ     (  479): grantorIdx must be less than 3
06-12 15:34:43.124 E/FMQ     (18269): grantorIdx must be less than 3
06-12 15:34:43.125 D/CCodecBuffers(18269): [c2.android.vorbis.decoder#90:Output[N]] popFromStashAndRegister: output format changed to AMessage(what = 0x00000000) = {
06-12 15:34:43.125 D/CCodecBuffers(18269):   int32_t channel-count = 1
06-12 15:34:43.125 D/CCodecBuffers(18269):   string mime = "audio/raw"
06-12 15:34:43.125 D/CCodecBuffers(18269):   int32_t sample-rate = 16000
06-12 15:34:43.125 D/CCodecBuffers(18269):   int32_t channel-mask = 1
06-12 15:34:43.125 D/CCodecBuffers(18269): }
06-12 15:34:43.125 D/ltts_ip_emm(  405): LTTS_IP_DMXStartEMM[381]: parse_emm_cat_status failed
06-12 15:34:43.126 D/stbdpc  (  405): STB_DPGetNumPaths[570]: num_paths: 1
06-12 15:34:43.159 D/CCodecBufferChannel(18269): [c2.android.vorbis.decoder#90] MediaCodec discarded an unknown buffer
06-12 15:34:43.160 D/CCodecBufferChannel(18269): [c2.android.vorbis.decoder#90] MediaCodec discarded an unknown buffer
06-12 15:34:43.169 I/hw-BpHwBinder(18269): onLastStrongRef automatically unlinking death recipients
06-12 15:34:43.178 D/CCodecBufferChannel(18269): [c2.android.vorbis.decoder#116] MediaCodec discarded an unknown buffer
06-12 15:34:43.178 D/CCodecBufferChannel(18269): [c2.android.vorbis.decoder#116] MediaCodec discarded an unknown buffer
06-12 15:34:43.181 I/AmFFmpegExtractor(  460): checkInList: isw:0, m:audio/ogg, t:1, i:86021 t:0
06-12 15:34:43.181 I/AmFFmpegExtractor(  460): checkInList: isw:1, m:audio/ogg, t:1, i:86021 t:0
06-12 15:34:43.181 E/AmFFmpegExtractor(  460): codec_ctx->properties: 0
06-12 15:34:43.181 I/AmFFmpegExtractor(  460): checkSupportInList ret 1
06-12 15:34:43.187 I/hw-BpHwBinder(18269): onLastStrongRef automatically unlinking death recipients
06-12 15:34:43.188 I/hw-BpHwBinder(  479): onLastStrongRef automatically unlinking death recipients
06-12 15:34:43.188 V/C2Store (  479): in ~ComponentModule
06-12 15:34:43.188 V/C2Store (  479): unloading dll
06-12 15:34:43.195 I/AmFFmpegExtractor(  460): checkInList: isw:0, m:audio/ogg, t:1, i:86021 t:0
06-12 15:34:43.195 I/AmFFmpegExtractor(  460): checkInList: isw:1, m:audio/ogg, t:1, i:86021 t:0
06-12 15:34:43.195 E/AmFFmpegExtractor(  460): codec_ctx->properties: 0
06-12 15:34:43.195 I/AmFFmpegExtractor(  460): checkSupportInList ret 0
06-12 15:34:43.195 E/AmFFmpegExtractor(  460): vendor do not support
06-12 15:34:43.199 W/APM::AudioPolicyEngine(  390): getDevicesForStrategy() unknown strategy: -1
06-12 15:34:43.200 I/system_server(  632): oneway function results will be dropped but finished with status OK and parcel size 4
06-12 15:34:43.206 I/AmFFmpegExtractor(  460): checkInList: isw:0, m:audio/ogg, t:1, i:86021 t:0
06-12 15:34:43.206 I/AmFFmpegExtractor(  460): checkInList: isw:1, m:audio/ogg, t:1, i:86021 t:0
06-12 15:34:43.206 E/AmFFmpegExtractor(  460): codec_ctx->properties: 0
06-12 15:34:43.206 I/AmFFmpegExtractor(  460): checkSupportInList ret 1
06-12 15:34:43.213 E/Utils   (  460): did not find channel-count and/or sample-rate
06-12 15:34:43.215 I/AmAVUtils(18269): set profile 0 level:0
06-12 15:34:43.215 I/AmFFmpegExtractor(  460): checkInList: isw:0, m:audio/ogg, t:1, i:86021 t:0
06-12 15:34:43.215 I/AmFFmpegExtractor(  460): checkInList: isw:1, m:audio/ogg, t:1, i:86021 t:0
06-12 15:34:43.215 E/AmFFmpegExtractor(  460): codec_ctx->properties: 0
06-12 15:34:43.215 I/AmFFmpegExtractor(  460): checkSupportInList ret 0
06-12 15:34:43.215 E/AmFFmpegExtractor(  460): vendor do not support
06-12 15:34:43.217 D/dvb_iptv(  405): ReadEmmNetworkTask[1537]: EMM Select Timeout Occured 8
06-12 15:34:43.222 E/Utils   (  460): did not find channel-count and/or sample-rate
06-12 15:34:43.224 I/AmAVUtils(18269): set profile 0 level:0
06-12 15:34:43.226 D/stbdpc  (  405): STB_DPGetNumPaths[570]: num_paths: 1
06-12 15:34:43.228 D/CCodec  (18269): allocate(c2.android.vorbis.decoder)
06-12 15:34:43.229 V/C2Store (  479): in init
06-12 15:34:43.229 V/C2Store (  479): loading dll
06-12 15:34:43.233 I/CCodec  (18269): Created component [c2.android.vorbis.decoder]
06-12 15:34:43.236 D/CCodecConfig(18269): read media type: audio/vorbis
06-12 15:34:43.236 D/rtk_heartbeat(  351): heartbeat_timed_out: heartbeatCmdCount = 2735, expected nextSeqNum = 2735
06-12 15:34:43.238 D/rtk_heartbeat(  351): rtkbt_heartbeat_cmpl_cback: Current SeqNum = 2735,should SeqNum=2735, status = 0
06-12 15:34:43.240 D/ReflectedParamUpdater(18269): extent() != 1 for single value type: algo.buffers.max-count.values
06-12 15:34:43.241 D/CCodec  (18269): allocate(c2.android.vorbis.decoder)
06-12 15:34:43.241 D/ReflectedParamUpdater(18269): extent() != 1 for single value type: output.subscribed-indices.values
06-12 15:34:43.241 D/ReflectedParamUpdater(18269): extent() != 1 for single value type: input.buffers.allocator-ids.values
06-12 15:34:43.241 D/ReflectedParamUpdater(18269): extent() != 1 for single value type: output.buffers.allocator-ids.values
06-12 15:34:43.242 D/ReflectedParamUpdater(18269): extent() != 1 for single value type: algo.buffers.allocator-ids.values
06-12 15:34:43.242 D/ReflectedParamUpdater(18269): extent() != 1 for single value type: output.buffers.pool-ids.values
06-12 15:34:43.242 D/ReflectedParamUpdater(18269): extent() != 1 for single value type: algo.buffers.pool-ids.values
06-12 15:34:43.244 I/CCodec  (18269): Created component [c2.android.vorbis.decoder]
06-12 15:34:43.245 I/CCodecConfig(18269): query failed after returning 7 values (BAD_INDEX)
06-12 15:34:43.245 D/CCodecConfig(18269): read media type: audio/vorbis
06-12 15:34:43.245 D/CCodecConfig(18269): c2 config diff is Dict {
06-12 15:34:43.245 D/CCodecConfig(18269):   c2::u32 coded.bitrate.value = 64000
06-12 15:34:43.245 D/CCodecConfig(18269):   c2::u32 input.buffers.max-size.value = 32768
06-12 15:34:43.245 D/CCodecConfig(18269):   c2::u32 input.delay.value = 0
06-12 15:34:43.245 D/CCodecConfig(18269):   string input.media-type.value = "audio/vorbis"
06-12 15:34:43.245 D/CCodecConfig(18269):   string output.media-type.value = "audio/raw"
06-12 15:34:43.245 D/CCodecConfig(18269):   c2::u32 raw.channel-count.value = 1
06-12 15:34:43.245 D/CCodecConfig(18269):   c2::u32 raw.sample-rate.value = 48000
06-12 15:34:43.245 D/CCodecConfig(18269): }
06-12 15:34:43.246 D/CCodec  (18269): [c2.android.vorbis.decoder] buffers are bound to CCodec for this session
06-12 15:34:43.246 D/CCodecConfig(18269): no c2 equivalents for durationUs
06-12 15:34:43.246 D/CCodecConfig(18269): no c2 equivalents for track-id
06-12 15:34:43.247 D/CCodecConfig(18269): no c2 equivalents for csd-1
06-12 15:34:43.247 D/CCodecConfig(18269): no c2 equivalents for channel-mask
06-12 15:34:43.247 D/CCodecConfig(18269): no c2 equivalents for flags
06-12 15:34:43.248 D/CCodecConfig(18269): c2 config diff is   c2::u32 raw.sample-rate.value = 16000
06-12 15:34:43.249 D/ReflectedParamUpdater(18269): extent() != 1 for single value type: algo.buffers.max-count.values
06-12 15:34:43.249 W/Codec2Client(18269): query -- param skipped: index = 1107298332.
06-12 15:34:43.249 D/CCodec  (18269): setup formats input: AMessage(what = 0x00000000) = {
06-12 15:34:43.249 D/CCodec  (18269):   int32_t channel-count = 1
06-12 15:34:43.249 D/CCodec  (18269):   int32_t max-input-size = 32768
06-12 15:34:43.249 D/CCodec  (18269):   string mime = "audio/vorbis"
06-12 15:34:43.249 D/CCodec  (18269):   int32_t sample-rate = 16000
06-12 15:34:43.249 D/CCodec  (18269): } and output: AMessage(what = 0x00000000) = {
06-12 15:34:43.249 D/CCodec  (18269):   int32_t channel-count = 1
06-12 15:34:43.249 D/CCodec  (18269):   string mime = "audio/raw"
06-12 15:34:43.249 D/CCodec  (18269):   int32_t sample-rate = 16000
06-12 15:34:43.249 D/CCodec  (18269):   int32_t channel-mask = 1
06-12 15:34:43.249 D/CCodec  (18269): }
06-12 15:34:43.249 D/ReflectedParamUpdater(18269): extent() != 1 for single value type: output.subscribed-indices.values
06-12 15:34:43.250 D/ReflectedParamUpdater(18269): extent() != 1 for single value type: input.buffers.allocator-ids.values
06-12 15:34:43.250 D/ReflectedParamUpdater(18269): extent() != 1 for single value type: output.buffers.allocator-ids.values
06-12 15:34:43.251 D/ReflectedParamUpdater(18269): extent() != 1 for single value type: algo.buffers.allocator-ids.values
06-12 15:34:43.252 D/ReflectedParamUpdater(18269): extent() != 1 for single value type: output.buffers.pool-ids.values
06-12 15:34:43.252 W/Codec2Client(18269): query -- param skipped: index = 1342179345.
06-12 15:34:43.253 D/ReflectedParamUpdater(18269): extent() != 1 for single value type: algo.buffers.pool-ids.values
06-12 15:34:43.253 W/Codec2Client(18269): query -- param skipped: index = 2415921170.
06-12 15:34:43.256 I/CCodecConfig(18269): query failed after returning 7 values (BAD_INDEX)
06-12 15:34:43.256 D/CCodecConfig(18269): c2 config diff is Dict {
06-12 15:34:43.256 D/CCodecConfig(18269):   c2::u32 coded.bitrate.value = 64000
06-12 15:34:43.256 D/CCodecConfig(18269):   c2::u32 input.buffers.max-size.value = 32768
06-12 15:34:43.256 D/CCodecConfig(18269):   c2::u32 input.delay.value = 0
06-12 15:34:43.256 D/CCodecConfig(18269):   string input.media-type.value = "audio/vorbis"
06-12 15:34:43.256 D/CCodecConfig(18269):   string output.media-type.value = "audio/raw"
06-12 15:34:43.256 D/CCodecConfig(18269):   c2::u32 raw.channel-count.value = 1
06-12 15:34:43.256 D/CCodecConfig(18269):   c2::u32 raw.sample-rate.value = 48000
06-12 15:34:43.256 D/CCodecConfig(18269): }
06-12 15:34:43.256 E/FMQ     (18269): grantorIdx must be less than 3
06-12 15:34:43.257 E/FMQ     (18269): grantorIdx must be less than 3
06-12 15:34:43.257 D/CCodecBufferChannel(18269): [c2.android.vorbis.decoder#308] Created input block pool with allocatorID 16 => poolID 20 - OK (0)
06-12 15:34:43.259 D/CCodec  (18269): [c2.android.vorbis.decoder] buffers are bound to CCodec for this session
06-12 15:34:43.259 D/CCodecConfig(18269): no c2 equivalents for durationUs
06-12 15:34:43.259 D/CCodecConfig(18269): no c2 equivalents for track-id
06-12 15:34:43.259 D/CCodecConfig(18269): no c2 equivalents for csd-1
06-12 15:34:43.259 D/CCodecConfig(18269): no c2 equivalents for channel-mask
06-12 15:34:43.259 D/CCodecConfig(18269): no c2 equivalents for flags
06-12 15:34:43.260 D/CCodecConfig(18269): c2 config diff is   c2::u32 raw.sample-rate.value = 16000
06-12 15:34:43.260 E/FMQ     (  479): grantorIdx must be less than 3
06-12 15:34:43.260 E/FMQ     (  479): grantorIdx must be less than 3
06-12 15:34:43.262 I/CCodecBufferChannel(18269): [c2.android.vorbis.decoder#308] Created output block pool with allocatorID 16 => poolID 47 - OK
06-12 15:34:43.262 W/Codec2Client(18269): query -- param skipped: index = 1107298332.
06-12 15:34:43.262 D/CCodec  (18269): setup formats input: AMessage(what = 0x00000000) = {
06-12 15:34:43.262 D/CCodec  (18269):   int32_t channel-count = 1
06-12 15:34:43.262 D/CCodec  (18269):   int32_t max-input-size = 32768
06-12 15:34:43.262 D/CCodec  (18269):   string mime = "audio/vorbis"
06-12 15:34:43.262 D/CCodec  (18269):   int32_t sample-rate = 16000
06-12 15:34:43.262 D/CCodec  (18269): } and output: AMessage(what = 0x00000000) = {
06-12 15:34:43.262 D/CCodec  (18269):   int32_t channel-count = 1
06-12 15:34:43.262 D/CCodec  (18269):   string mime = "audio/raw"
06-12 15:34:43.262 D/CCodec  (18269):   int32_t sample-rate = 16000
06-12 15:34:43.262 D/CCodec  (18269):   int32_t channel-mask = 1
06-12 15:34:43.262 D/CCodec  (18269): }
06-12 15:34:43.263 D/CCodecBufferChannel(18269): [c2.android.vorbis.decoder#308] Configured output block pool ids 47 => OK
06-12 15:34:43.264 D/SimpleC2Component(  479): Using output block pool with poolID 47 => got 47 - 0
06-12 15:34:43.266 E/FMQ     (18269): grantorIdx must be less than 3
06-12 15:34:43.267 E/FMQ     (  479): grantorIdx must be less than 3
06-12 15:34:43.268 W/Codec2Client(18269): query -- param skipped: index = 1342179345.
06-12 15:34:43.268 W/Codec2Client(18269): query -- param skipped: index = 2415921170.
06-12 15:34:43.269 E/FMQ     (18269): grantorIdx must be less than 3
06-12 15:34:43.269 E/FMQ     (18269): grantorIdx must be less than 3
06-12 15:34:43.269 D/CCodecBufferChannel(18269): [c2.android.vorbis.decoder#714] Created input block pool with allocatorID 16 => poolID 21 - OK (0)
06-12 15:34:43.271 E/FMQ     (  479): grantorIdx must be less than 3
06-12 15:34:43.271 E/FMQ     (  479): grantorIdx must be less than 3
06-12 15:34:43.272 I/CCodecBufferChannel(18269): [c2.android.vorbis.decoder#714] Created output block pool with allocatorID 16 => poolID 48 - OK
06-12 15:34:43.272 D/CCodecBufferChannel(18269): [c2.android.vorbis.decoder#714] Configured output block pool ids 48 => OK
06-12 15:34:43.276 D/SimpleC2Component(  479): Using output block pool with poolID 48 => got 48 - 0
06-12 15:34:43.277 E/FMQ     (18269): grantorIdx must be less than 3
06-12 15:34:43.278 E/FMQ     (  479): grantorIdx must be less than 3
06-12 15:34:43.288 I/.startv.hotsta(18269): oneway function results will be dropped but finished with status OK and parcel size 4
06-12 15:34:43.289 E/FMQ     (  479): grantorIdx must be less than 3
06-12 15:34:43.292 I/e.swalekh.abct( 1336): oneway function results will be dropped but finished with status OK and parcel size 4
06-12 15:34:43.292 E/FMQ     (18269): grantorIdx must be less than 3
06-12 15:34:43.297 D/CCodecBuffers(18269): [c2.android.vorbis.decoder#308:Output[N]] popFromStashAndRegister: output format changed to AMessage(what = 0x00000000) = {
06-12 15:34:43.297 D/CCodecBuffers(18269):   int32_t channel-count = 1
06-12 15:34:43.297 D/CCodecBuffers(18269):   string mime = "audio/raw"
06-12 15:34:43.297 D/CCodecBuffers(18269):   int32_t sample-rate = 16000
06-12 15:34:43.297 D/CCodecBuffers(18269):   int32_t channel-mask = 1
06-12 15:34:43.297 D/CCodecBuffers(18269): }
06-12 15:34:43.305 E/FMQ     (  479): grantorIdx must be less than 3
06-12 15:34:43.310 D/JioSTBMRServer-SERVICE( 3304): InetSocketAddress(InetAddress.getByName(inetAddress.hostAddress)-/192.168.1.255
06-12 15:34:43.310 D/JioSTBMRServer-SERVICE( 3304): #beacon:RKISBFJ60000097:0:false:0:1:SV=181024 , 192.168.1.255
06-12 15:34:43.314 D/JioSTBMRServer-SERVICE( 3304): InetSocketAddress(InetAddress.getByName(inetAddress.hostAddress)-/192.168.1.255
06-12 15:34:43.314 D/JioSTBMRServer-SERVICE( 3304): #broadcast IP:192.168.1.255
06-12 15:34:43.320 E/FMQ     (18269): grantorIdx must be less than 3
06-12 15:34:43.324 D/CCodecBuffers(18269): [c2.android.vorbis.decoder#714:Output[N]] popFromStashAndRegister: output format changed to AMessage(what = 0x00000000) = {
06-12 15:34:43.324 D/CCodecBuffers(18269):   int32_t channel-count = 1
06-12 15:34:43.324 D/CCodecBuffers(18269):   string mime = "audio/raw"
06-12 15:34:43.324 D/CCodecBuffers(18269):   int32_t sample-rate = 16000
06-12 15:34:43.324 D/CCodecBuffers(18269):   int32_t channel-mask = 1
06-12 15:34:43.324 D/CCodecBuffers(18269): }
06-12 15:34:43.326 D/stbdpc  (  405): STB_DPGetNumPaths[570]: num_paths: 1
06-12 15:34:43.352 D/JioAppOptimizer( 1699): AppOptimizerService :: handleMessage()
06-12 15:34:43.368 D/CCodecBufferChannel(18269): [c2.android.vorbis.decoder#714] MediaCodec discarded an unknown buffer
06-12 15:34:43.370 I/hw-BpHwBinder(18269): onLastStrongRef automatically unlinking death recipients
06-12 15:34:43.374 D/JioAppOptimizer( 1699): AppOptimizerService :: handleMessage() : Foreground Package=in.startv.hotstar
06-12 15:34:43.374 D/JioAppOptimizer( 1699): AppOptimizerService :: handleMessage() : Free memory available in MB : 594.07421875
06-12 15:34:43.374 D/JioAppOptimizer( 1699): AppOptimizerService :: handleMessage() : checkAndRemoveBackgroundApps()
06-12 15:34:43.374 D/JioAppOptimizer( 1699): AppOptimizerService :: checkAndRemoveBackgroundApps()
06-12 15:34:43.383 D/CCodecBufferChannel(18269): [c2.android.vorbis.decoder#308] MediaCodec discarded an unknown buffer
06-12 15:34:43.384 I/chatty  (18269): uid=10072(in.startv.hotstar) identical 1 line
06-12 15:34:43.384 D/CCodecBufferChannel(18269): [c2.android.vorbis.decoder#308] MediaCodec discarded an unknown buffer
06-12 15:34:43.387 I/hw-BpHwBinder(18269): onLastStrongRef automatically unlinking death recipients
06-12 15:34:43.388 I/hw-BpHwBinder(  479): onLastStrongRef automatically unlinking death recipients
06-12 15:34:43.390 V/C2Store (  479): in ~ComponentModule
06-12 15:34:43.391 V/C2Store (  479): unloading dll
06-12 15:34:43.427 D/stbdpc  (  405): STB_DPGetNumPaths[570]: num_paths: 1
06-12 15:34:43.434 D/JioStbInactivityTimer(  933): Timer: count 41 warningTimeout:10680 timeout:10800
06-12 15:34:43.436 D/JioStbInactivityTimer(  933): isUserActive: Curr:2716365 Prev:2716365
06-12 15:34:43.476 V/DigitalSignage(  632): Package Name: null
06-12 15:34:43.476 V/DigitalSignage(  632): Left: 0
06-12 15:34:43.476 V/DigitalSignage(  632): Right: 0
06-12 15:34:43.476 V/DigitalSignage(  632): Top: 0
06-12 15:34:43.476 V/DigitalSignage(  632): Bottom: 0
06-12 15:34:43.477 D/DigitalSignage(  632): else - Package Name :: null left : 0 right :: 0 top :: 0 bottom :: 0 dfu-right :: 1920 dfu-bottom :: 1080
06-12 15:34:43.527 D/stbdpc  (  405): STB_DPGetNumPaths[570]: num_paths: 1
06-12 15:34:43.627 D/stbdpc  (  405): STB_DPGetNumPaths[570]: num_paths: 1
06-12 15:34:43.717 D/dvb_iptv(  405): ReadEmmNetworkTask[1537]: EMM Select Timeout Occured 9
06-12 15:34:43.727 D/stbdpc  (  405): STB_DPGetNumPaths[570]: num_paths: 1
06-12 15:34:43.927 I/chatty  (  405): uid=0(root) DK-SiCntrl identical 2 lines
06-12 15:34:44.028 D/stbdpc  (  405): STB_DPGetNumPaths[570]: num_paths: 1
06-12 15:34:44.029 I/TRuntime.CctTransportBackend(18269): Status Code: 200
06-12 15:34:44.128 D/stbdpc  (  405): STB_DPGetNumPaths[570]: num_paths: 1
06-12 15:34:44.211 I/appium  (18193): The following attributes will be included to the page source: [resource-id]
06-12 15:34:44.218 D/dvb_iptv(  405): ReadEmmNetworkTask[1537]: EMM Select Timeout Occured 10
06-12 15:34:44.228 D/stbdpc  (  405): STB_DPGetNumPaths[570]: num_paths: 1
06-12 15:34:44.236 D/rtk_heartbeat(  351): heartbeat_timed_out: heartbeatCmdCount = 2736, expected nextSeqNum = 2736
06-12 15:34:44.238 D/rtk_heartbeat(  351): rtkbt_heartbeat_cmpl_cback: Current SeqNum = 2736,should SeqNum=2736, status = 0
06-12 15:34:44.328 D/stbdpc  (  405): STB_DPGetNumPaths[570]: num_paths: 1
06-12 15:34:44.428 D/stbdpc  (  405): STB_DPGetNumPaths[570]: num_paths: 1
06-12 15:34:44.434 D/JioStbInactivityTimer(  933): Timer: count 42 warningTimeout:10680 timeout:10800
06-12 15:34:44.435 D/JioStbInactivityTimer(  933): isUserActive: Curr:2716365 Prev:2716365
06-12 15:34:44.438 I/appium  (18193): Took 0ms to retrieve 1 matches for '//android.widget.EditText[@resource-id='in.startv.hotstar:id/search_bar']' XPath2 query
06-12 15:34:44.447 I/appium  (18193): AppiumResponse: {"sessionId":"3ac360c1-a402-4725-9c4f-e266827c6f6d","value":{"ELEMENT":"00000000-0000-0034-ffff-ffff000000d3","element-6066-11e4-a52e-4f735466cecf":"00000000-0000-0034-ffff-ffff000000d3"}}
06-12 15:34:44.473 I/appium  (18193): channel read: GET /session/3ac360c1-a402-4725-9c4f-e266827c6f6d/element/00000000-0000-0034-ffff-ffff000000d3/attribute/displayed
06-12 15:34:44.474 I/appium  (18193): GetElementAttribute command
06-12 15:34:44.480 I/ThermalService(  986): CPU temperatures: [67.4]
06-12 15:34:44.483 I/appium  (18193): AppiumResponse: {"sessionId":"3ac360c1-a402-4725-9c4f-e266827c6f6d","value":"true"}
06-12 15:34:44.507 I/appium  (18193): channel read: POST /session/3ac360c1-a402-4725-9c4f-e266827c6f6d/element/00000000-0000-0034-ffff-ffff000000d3/click
06-12 15:34:44.508 I/appium  (18193): Click command
06-12 15:34:44.520 D/InputDispatcher(  632): injectInputEvent - eventType=2, injectorPid=18178, injectorUid=0, syncMode=0, timeout=30000, policyFlags=0x08000000
06-12 15:34:44.520 D/InputDispatcher(  632): injectInputEvent - Finished with result 0. injectorPid=18178, injectorUid=0
06-12 15:34:44.520 D/InputDispatcher(  632): Setting input event injection result to 0.  injectorPid=18178, injectorUid=0
06-12 15:34:44.520 V/InputDispatcher(  632): Asynchronous input event injection succeeded.
06-12 15:34:44.521 I/android.hardware.power-service.libperfmgr(  369): Power setBoost: INTERACTION duration: 0
06-12 15:34:44.521 I/libperfmgr(  369): Do Powerhint: INTERACTION
06-12 15:34:44.522 I/android.hardware.power-service.libperfmgr(  369): Power setBoost: INTERACTION duration: 0
06-12 15:34:44.522 I/libperfmgr(  369): Do Powerhint: INTERACTION
06-12 15:34:44.528 D/stbdpc  (  405): STB_DPGetNumPaths[570]: num_paths: 1
06-12 15:34:44.534 D/InputDispatcher(  632): injectInputEvent - eventType=2, injectorPid=18178, injectorUid=0, syncMode=0, timeout=30000, policyFlags=0x08000000
06-12 15:34:44.534 D/InputDispatcher(  632): injectInputEvent - Finished with result 0. injectorPid=18178, injectorUid=0
06-12 15:34:44.534 D/InputDispatcher(  632): Setting input event injection result to 0.  injectorPid=18178, injectorUid=0
06-12 15:34:44.534 V/InputDispatcher(  632): Asynchronous input event injection succeeded.
06-12 15:34:44.564 W/GestureController(18193): Gestures took longer than expected (48ms >> 16ms), device might be in a busy state.
06-12 15:34:44.564 I/appium  (18193): Waiting up to 10000ms for the device to idle
06-12 15:34:44.569 D/InputMethodService( 1336): JioHomeManagerService::showWindow()::notifyJioHomeAboutIMEVisibility(IME_SHOWN) isInputViewShown()::true
06-12 15:34:44.569 D/InputMethodService( 1336): JioHomeMangerService::notifyJioHomeAboutIMEVisibility()::EDIT_TEXT_FOCUS_KEY Value::true Action::com.iwedia.action.SHOW_SOFT_INPUT isVisble :: true
06-12 15:34:44.601 D/InputMethod( 1336): JioHomeManagerService::hideSoftInput()::notifyJioHomeAboutIMEVisibility(IME_HIDDEN) isInputViewShown()::false
06-12 15:34:44.601 D/InputMethodService( 1336): JioHomeMangerService::notifyJioHomeAboutIMEVisibility()::EDIT_TEXT_FOCUS_KEY Value::false Action::com.iwedia.action.SHOW_SOFT_INPUT isVisble :: false
06-12 15:34:44.629 D/stbdpc  (  405): STB_DPGetNumPaths[570]: num_paths: 1
06-12 15:34:44.641 V/DigitalSignage(  632): Package Name: null
06-12 15:34:44.641 V/DigitalSignage(  632): Left: 0
06-12 15:34:44.641 V/DigitalSignage(  632): Right: 0
06-12 15:34:44.641 V/DigitalSignage(  632): Top: 0
06-12 15:34:44.641 V/DigitalSignage(  632): Bottom: 0
06-12 15:34:44.641 D/DigitalSignage(  632): else - Package Name :: null left : 0 right :: 0 top :: 0 bottom :: 0 dfu-right :: 1920 dfu-bottom :: 1080
06-12 15:34:44.649 V/DigitalSignage(  632): Package Name: null
06-12 15:34:44.649 V/DigitalSignage(  632): Left: 0
06-12 15:34:44.649 V/DigitalSignage(  632): Right: 0
06-12 15:34:44.649 V/DigitalSignage(  632): Top: 0
06-12 15:34:44.649 V/DigitalSignage(  632): Bottom: 0
06-12 15:34:44.649 D/DigitalSignage(  632): else - Package Name :: null left : 0 right :: 0 top :: 0 bottom :: 0 dfu-right :: 1920 dfu-bottom :: 1080
06-12 15:34:44.649 V/DigitalSignage(  632): Package Name: null
06-12 15:34:44.649 V/DigitalSignage(  632): Left: 0
06-12 15:34:44.649 V/DigitalSignage(  632): Right: 0
06-12 15:34:44.649 V/DigitalSignage(  632): Top: 0
06-12 15:34:44.649 V/DigitalSignage(  632): Bottom: 0
06-12 15:34:44.649 D/DigitalSignage(  632): else - Package Name :: null left : 0 right :: 0 top :: 0 bottom :: 0 dfu-right :: 1920 dfu-bottom :: 1080
06-12 15:34:44.656 E/ocessService0:( 2273): failed to create Unix domain socket: Operation not permitted
06-12 15:34:44.687 V/DigitalSignage(  632): Package Name: null
06-12 15:34:44.687 V/DigitalSignage(  632): Left: 0
06-12 15:34:44.687 V/DigitalSignage(  632): Right: 0
06-12 15:34:44.687 V/DigitalSignage(  632): Top: 0
06-12 15:34:44.687 V/DigitalSignage(  632): Bottom: 0
06-12 15:34:44.688 D/DigitalSignage(  632): else - Package Name :: null left : 0 right :: 0 top :: 0 bottom :: 0 dfu-right :: 1920 dfu-bottom :: 1080
06-12 15:34:44.688 V/DigitalSignage(  632): Package Name: null
06-12 15:34:44.688 V/DigitalSignage(  632): Left: 0
06-12 15:34:44.688 V/DigitalSignage(  632): Right: 0
06-12 15:34:44.688 V/DigitalSignage(  632): Top: 0
06-12 15:34:44.688 V/DigitalSignage(  632): Bottom: 0
06-12 15:34:44.689 D/DigitalSignage(  632): else - Package Name :: null left : 0 right :: 0 top :: 0 bottom :: 0 dfu-right :: 1920 dfu-bottom :: 1080
06-12 15:34:44.693 W/InputMethodService( 1336): Re-entrance in to showWindow
06-12 15:34:44.695 W/InputMethodService( 1336): Re-entrance in to showWindow
06-12 15:34:44.697 D/InputMethodService( 1336): JioHomeManagerService::showWindow()::notifyJioHomeAboutIMEVisibility(IME_SHOWN) isInputViewShown()::true
06-12 15:34:44.698 D/InputMethodService( 1336): JioHomeMangerService::notifyJioHomeAboutIMEVisibility()::EDIT_TEXT_FOCUS_KEY Value::true Action::com.iwedia.action.SHOW_SOFT_INPUT isVisble :: true
06-12 15:34:44.709 V/DigitalSignage(  632): Package Name: null
06-12 15:34:44.709 V/DigitalSignage(  632): Left: 0
06-12 15:34:44.709 V/DigitalSignage(  632): Right: 0
06-12 15:34:44.709 V/DigitalSignage(  632): Top: 0
06-12 15:34:44.709 V/DigitalSignage(  632): Bottom: 0
06-12 15:34:44.709 D/DigitalSignage(  632): else - Package Name :: null left : 0 right :: 0 top :: 0 bottom :: 0 dfu-right :: 1920 dfu-bottom :: 1080
06-12 15:34:44.710 V/DigitalSignage(  632): Package Name: null
06-12 15:34:44.710 V/DigitalSignage(  632): Left: 0
06-12 15:34:44.710 V/DigitalSignage(  632): Right: 0
06-12 15:34:44.710 V/DigitalSignage(  632): Top: 0
06-12 15:34:44.710 V/DigitalSignage(  632): Bottom: 0
06-12 15:34:44.710 D/DigitalSignage(  632): else - Package Name :: null left : 0 right :: 0 top :: 0 bottom :: 0 dfu-right :: 1920 dfu-bottom :: 1080
06-12 15:34:44.717 V/DigitalSignage(  632): Package Name: null
06-12 15:34:44.717 V/DigitalSignage(  632): Left: 0
06-12 15:34:44.717 V/DigitalSignage(  632): Right: 0
06-12 15:34:44.717 V/DigitalSignage(  632): Top: 0
06-12 15:34:44.717 V/DigitalSignage(  632): Bottom: 0
06-12 15:34:44.717 D/DigitalSignage(  632): else - Package Name :: null left : 0 right :: 0 top :: 0 bottom :: 0 dfu-right :: 1920 dfu-bottom :: 1080
06-12 15:34:44.718 V/DigitalSignage(  632): Package Name: null
06-12 15:34:44.718 D/dvb_iptv(  405): ReadEmmNetworkTask[1537]: EMM Select Timeout Occured 11
06-12 15:34:44.718 V/DigitalSignage(  632): Left: 0
06-12 15:34:44.718 V/DigitalSignage(  632): Right: 0
06-12 15:34:44.718 V/DigitalSignage(  632): Top: 0
06-12 15:34:44.718 V/DigitalSignage(  632): Bottom: 0
06-12 15:34:44.718 D/DigitalSignage(  632): else - Package Name :: null left : 0 right :: 0 top :: 0 bottom :: 0 dfu-right :: 1920 dfu-bottom :: 1080
06-12 15:34:44.729 D/stbdpc  (  405): STB_DPGetNumPaths[570]: num_paths: 1
06-12 15:34:44.756 V/DigitalSignage(  632): Package Name: null
06-12 15:34:44.756 V/DigitalSignage(  632): Left: 0
06-12 15:34:44.757 V/DigitalSignage(  632): Right: 0
06-12 15:34:44.757 V/DigitalSignage(  632): Top: 0
06-12 15:34:44.757 V/DigitalSignage(  632): Bottom: 0
06-12 15:34:44.757 D/DigitalSignage(  632): else - Package Name :: null left : 0 right :: 0 top :: 0 bottom :: 0 dfu-right :: 1920 dfu-bottom :: 1080
06-12 15:34:44.757 V/DigitalSignage(  632): Package Name: null
06-12 15:34:44.757 V/DigitalSignage(  632): Left: 0
06-12 15:34:44.757 V/DigitalSignage(  632): Right: 0
06-12 15:34:44.757 V/DigitalSignage(  632): Top: 0
06-12 15:34:44.757 V/DigitalSignage(  632): Bottom: 0
06-12 15:34:44.757 D/DigitalSignage(  632): else - Package Name :: null left : 0 right :: 0 top :: 0 bottom :: 0 dfu-right :: 1920 dfu-bottom :: 1080
06-12 15:34:44.760 V/DigitalSignage(  632): Package Name: null
06-12 15:34:44.760 V/DigitalSignage(  632): Left: 0
06-12 15:34:44.760 V/DigitalSignage(  632): Right: 0
06-12 15:34:44.760 V/DigitalSignage(  632): Top: 0
06-12 15:34:44.760 V/DigitalSignage(  632): Bottom: 0
06-12 15:34:44.761 D/DigitalSignage(  632): else - Package Name :: null left : 0 right :: 0 top :: 0 bottom :: 0 dfu-right :: 1920 dfu-bottom :: 1080
06-12 15:34:44.761 V/DigitalSignage(  632): Package Name: null
06-12 15:34:44.761 V/DigitalSignage(  632): Left: 0
06-12 15:34:44.761 V/DigitalSignage(  632): Right: 0
06-12 15:34:44.761 V/DigitalSignage(  632): Top: 0
06-12 15:34:44.761 V/DigitalSignage(  632): Bottom: 0
06-12 15:34:44.761 D/DigitalSignage(  632): else - Package Name :: null left : 0 right :: 0 top :: 0 bottom :: 0 dfu-right :: 1920 dfu-bottom :: 1080
06-12 15:34:44.763 E/BufferQueueProducer(  404): [in.startv.hotstar/com.hotstar.MainActivity#0](id:19400000043,api:0,p:-1,c:404) disconnect: not connected (req=1)
06-12 15:34:44.763 W/libEGL  (18269): EGLNativeWindowType 0xf5aaec08 disconnect failed
06-12 15:34:44.829 D/stbdpc  (  405): STB_DPGetNumPaths[570]: num_paths: 1
06-12 15:34:44.929 I/chatty  (  405): uid=0(root) DK-SiCntrl identical 1 line
06-12 15:34:45.029 D/stbdpc  (  405): STB_DPGetNumPaths[570]: num_paths: 1
06-12 15:34:45.125 D/ltts_ip_emm(  405): LTTS_IP_DMXStartEMM[381]: parse_emm_cat_status failed
06-12 15:34:45.129 D/stbdpc  (  405): STB_DPGetNumPaths[570]: num_paths: 1
06-12 15:34:45.218 D/dvb_iptv(  405): ReadEmmNetworkTask[1537]: EMM Select Timeout Occured 12
06-12 15:34:45.230 D/stbdpc  (  405): STB_DPGetNumPaths[570]: num_paths: 1
06-12 15:34:45.237 D/rtk_heartbeat(  351): heartbeat_timed_out: heartbeatCmdCount = 2737, expected nextSeqNum = 2737
06-12 15:34:45.239 D/rtk_heartbeat(  351): rtkbt_heartbeat_cmpl_cback: Current SeqNum = 2737,should SeqNum=2737, status = 0
06-12 15:34:45.319 I/appium  (18193): AppiumResponse: {"sessionId":"3ac360c1-a402-4725-9c4f-e266827c6f6d","value":null}
06-12 15:34:45.330 D/stbdpc  (  405): STB_DPGetNumPaths[570]: num_paths: 1
06-12 15:34:45.347 I/appium  (18193): channel read: POST /session/3ac360c1-a402-4725-9c4f-e266827c6f6d/element/00000000-0000-0034-ffff-ffff000000d3/value
06-12 15:34:45.347 I/.startv.hotsta(18269): oneway function results will be dropped but finished with status OK and parcel size 4
06-12 15:34:45.349 I/e.swalekh.abct( 1336): oneway function results will be dropped but finished with status OK and parcel size 4
06-12 15:34:45.350 I/appium  (18193): SendKeysToElement command
06-12 15:34:45.380 D/UiObject2(18193): Setting text to ''.
06-12 15:34:45.381 I/android.hardware.power-service.libperfmgr(  369): Power setBoost: INTERACTION duration: 0
06-12 15:34:45.381 I/libperfmgr(  369): Do Powerhint: INTERACTION
06-12 15:34:45.398 I/.startv.hotsta(18269): oneway function results will be dropped but finished with status OK and parcel size 4
06-12 15:34:45.410 I/e.swalekh.abct( 1336): oneway function results will be dropped but finished with status OK and parcel size 4
06-12 15:34:45.430 D/stbdpc  (  405): STB_DPGetNumPaths[570]: num_paths: 1
06-12 15:34:45.434 D/JioStbInactivityTimer(  933): Timer: count 43 warningTimeout:10680 timeout:10800
06-12 15:34:45.434 D/JioStbInactivityTimer(  933): isUserActive: Curr:2716365 Prev:2716365
06-12 15:34:45.451 D/JioSTBMRServer-SERVICE( 3304): InetSocketAddress(InetAddress.getByName(inetAddress.hostAddress)-/192.168.1.255
06-12 15:34:45.451 D/JioSTBMRServer-SERVICE( 3304): #beacon:RKISBFJ60000097:0:true:0:1:SV=181024:KB=1 , 192.168.1.255
06-12 15:34:45.458 D/JioSTBMRServer-SERVICE( 3304): InetSocketAddress(InetAddress.getByName(inetAddress.hostAddress)-/192.168.1.255
06-12 15:34:45.458 D/JioSTBMRServer-SERVICE( 3304): #broadcast IP:192.168.1.255
06-12 15:34:45.530 D/stbdpc  (  405): STB_DPGetNumPaths[570]: num_paths: 1
06-12 15:34:45.551 E/WifiVendorHal(  632): getWifiLinkLayerStats_1_3_Internal(l.973) failed {.code = ERROR_UNKNOWN, .description = unknown error}
06-12 15:34:45.630 D/stbdpc  (  405): STB_DPGetNumPaths[570]: num_paths: 1
06-12 15:34:45.679 I/TRuntime.CctTransportBackend(18269): Status Code: 200
06-12 15:34:45.718 D/dvb_iptv(  405): ReadEmmNetworkTask[1537]: EMM Select Timeout Occured 13
06-12 15:34:45.730 D/stbdpc  (  405): STB_DPGetNumPaths[570]: num_paths: 1
06-12 15:34:45.831 D/stbdpc  (  405): STB_DPGetNumPaths[570]: num_paths: 1
06-12 15:34:45.911 I/android.hardware.power-service.libperfmgr(  369): Power setBoost: INTERACTION duration: 0
06-12 15:34:45.911 I/libperfmgr(  369): Do Powerhint: INTERACTION
06-12 15:34:45.927 I/appium  (18193): AppiumResponse: {"sessionId":"3ac360c1-a402-4725-9c4f-e266827c6f6d","value":null}
06-12 15:34:45.929 V/DigitalSignage(  632): Package Name: null
06-12 15:34:45.929 V/DigitalSignage(  632): Left: 0
06-12 15:34:45.929 V/DigitalSignage(  632): Right: 0
06-12 15:34:45.929 V/DigitalSignage(  632): Top: 0
06-12 15:34:45.929 V/DigitalSignage(  632): Bottom: 0
06-12 15:34:45.929 D/DigitalSignage(  632): else - Package Name :: null left : 0 right :: 0 top :: 0 bottom :: 0 dfu-right :: 1920 dfu-bottom :: 1080
06-12 15:34:45.929 V/DigitalSignage(  632): Package Name: null
06-12 15:34:45.929 V/DigitalSignage(  632): Left: 0
06-12 15:34:45.929 V/DigitalSignage(  632): Right: 0
06-12 15:34:45.929 V/DigitalSignage(  632): Top: 0
06-12 15:34:45.929 V/DigitalSignage(  632): Bottom: 0
06-12 15:34:45.930 D/DigitalSignage(  632): else - Package Name :: null left : 0 right :: 0 top :: 0 bottom :: 0 dfu-right :: 1920 dfu-bottom :: 1080
06-12 15:34:45.931 D/stbdpc  (  405): STB_DPGetNumPaths[570]: num_paths: 1
06-12 15:34:45.962 I/appium  (18193): channel read: POST /session/3ac360c1-a402-4725-9c4f-e266827c6f6d/appium/device/press_keycode
06-12 15:34:45.964 I/appium  (18193): PressKeyCode command
06-12 15:34:45.965 I/appium  (18193): Calling PressKeyCode... 
