06-12 15:06:39.516 I/lowmemorykiller(  233): medium memory pressure event is triggered for new strategy
06-12 15:06:39.516 D/lowmemorykiller(  233): LMKD mp_event_psi kill_reasons available are PRESSURE_AFTER_KILL, NOT_RESPONDING, LOW_SWAP_AND_THRASHING, LOW_MEM_AND_SWAP, LOW_MEM_AND_THRASHING, DIRECT_RECL_AND_THRASHING
06-12 15:06:39.516 D/lowmemorykiller(  233): LMKD mp_event_psi kill_reason received= -1
06-12 15:06:39.536 W/        ( 3502): type=1400 audit(0.0:1339): avc: denied { read } for name="arp" dev="proc" ino=4026532018 scontext=u:r:untrusted_app_27:s0:c85,c256,c512,c768 tcontext=u:object_r:proc_net:s0 tclass=file permissive=0 app=com.jio.myhome.mediasharedmp
06-12 15:06:39.541 I/WifiService(  632): releaseMulticastLock uid=10083
06-12 15:06:39.542 I/JTCLOG  ( 3423): JuiceModel ->  getOldONTDetails() 
06-12 15:06:39.542 I/JTCLOG  ( 3423): JuiceModel -> Constants.BASEURL_PORT_7443:https://jiofiber.local.html:7443/
06-12 15:06:39.542 I/JTCLOG  ( 3423): JuiceModel -> FQDN=jiofiber.local.html
06-12 15:06:39.542 I/JTCLOG  ( 3423): JuiceModel -> getInfo() called with secured https----- -> count : 16
06-12 15:06:39.592 W/[ 1074.945281@1]  audit(    0): audit_lost=1099 audit_rate_limit=5 audit_backlog_limit=64
06-12 15:06:39.592 E/[ 1074.945294@1]  audit(    0): rate limit exceeded
06-12 15:06:39.604 D/stbdpc  (  405): STB_DPGetNumPaths[570]: num_paths: 1
06-12 15:06:39.617 I/lowmemorykiller(  233): medium memory pressure event is triggered for new strategy
06-12 15:06:39.617 D/lowmemorykiller(  233): LMKD mp_event_psi kill_reasons available are PRESSURE_AFTER_KILL, NOT_RESPONDING, LOW_SWAP_AND_THRASHING, LOW_MEM_AND_SWAP, LOW_MEM_AND_THRASHING, DIRECT_RECL_AND_THRASHING
06-12 15:06:39.617 D/lowmemorykiller(  233): LMKD mp_event_psi kill_reason received= -1
06-12 15:06:39.656 D/dvb_iptv(  405): ReadEmmNetworkTask[1537]: EMM Select Timeout Occured 53
06-12 15:06:39.705 D/stbdpc  (  405): STB_DPGetNumPaths[570]: num_paths: 1
06-12 15:06:39.717 I/lowmemorykiller(  233): medium memory pressure event is triggered for new strategy
06-12 15:06:39.784 D/newrelic(10085): Event [NetworkRequest] added to queue
06-12 15:06:39.791 D/newrelic(10085): Event [NetworkRequest] added to queue
06-12 15:06:39.805 D/stbdpc  (  405): STB_DPGetNumPaths[570]: num_paths: 1
06-12 15:06:39.818 I/lowmemorykiller(  233): medium memory pressure event is triggered for new strategy
06-12 15:06:39.841 D/rtk_heartbeat(  351): heartbeat_timed_out: heartbeatCmdCount = 1052, expected nextSeqNum = 1052
06-12 15:06:39.842 D/rtk_heartbeat(  351): rtkbt_heartbeat_cmpl_cback: Current SeqNum = 1052,should SeqNum=1052, status = 0
06-12 15:06:39.905 D/stbdpc  (  405): STB_DPGetNumPaths[570]: num_paths: 1
06-12 15:06:39.918 I/lowmemorykiller(  233): medium memory pressure event is triggered for new strategy
06-12 15:06:39.927 V/newrelic(10085): Registering trace of SQLiteDatabase#query with parent Display LunaBaseActivity
06-12 15:06:39.927 V/newrelic(10085): Added trace 7755169d-d561-4d23-d38b-aad5bbe5926a missing children: 1
06-12 15:06:39.928 V/newrelic(10085): Registering trace of SQLiteDatabase#insert with parent Display LunaBaseActivity
06-12 15:06:40.004 V/newrelic(10085): Added trace a38c1e7d-c848-166e-0cbe-8bf78d147d2e missing children: 1
06-12 15:06:40.005 V/newrelic(10085): Registering trace of SQLiteDatabase#insert with parent Display LunaBaseActivity
06-12 15:06:40.005 D/stbdpc  (  405): STB_DPGetNumPaths[570]: num_paths: 1
06-12 15:06:40.008 I/Choreographer(10085): Skipped 68 frames!  The application may be doing too much work on its main thread.
06-12 15:06:40.009 V/newrelic(10085): Added trace 6aed8e71-a962-1d12-9f2b-ffeab52841f4 missing children: 1
06-12 15:06:40.009 V/newrelic(10085): Registering trace of SQLiteDatabase#insert with parent Display LunaBaseActivity
06-12 15:06:40.010 V/newrelic(10085): Added trace 04d83695-fc97-9efa-0511-f7b9f248ee6e missing children: 1
06-12 15:06:40.010 V/newrelic(10085): Registering trace of SQLiteDatabase#insert with parent Display LunaBaseActivity
06-12 15:06:40.011 V/newrelic(10085): Added trace e6b3e67d-cf86-a9c2-de71-df428485c153 missing children: 1
06-12 15:06:40.011 V/newrelic(10085): Registering trace of SQLiteDatabase#insert with parent Display LunaBaseActivity
06-12 15:06:40.011 V/newrelic(10085): Added trace 89ba0479-9282-9ab0-6fbf-5019b5202d73 missing children: 1
06-12 15:06:40.012 V/newrelic(10085): Registering trace of SQLiteDatabase#insert with parent Display LunaBaseActivity
06-12 15:06:40.013 V/newrelic(10085): Added trace 9919d51a-bbf7-29e5-9b0c-8eac7c1b7a0b missing children: 1
06-12 15:06:40.013 V/newrelic(10085): Registering trace of SQLiteDatabase#insert with parent Display LunaBaseActivity
06-12 15:06:40.014 V/newrelic(10085): Added trace 1f9b36f6-7c14-74cf-2c9f-35a765b5945a missing children: 1
06-12 15:06:40.015 V/newrelic(10085): Registering trace of SQLiteDatabase#insert with parent Display LunaBaseActivity
06-12 15:06:40.015 V/newrelic(10085): Added trace 54cad6a7-3b0c-bbe1-0d99-b39976a2e673 missing children: 1
06-12 15:06:40.015 V/newrelic(10085): Registering trace of SQLiteDatabase#insert with parent Display LunaBaseActivity
06-12 15:06:40.015 V/newrelic(10085): Added trace 70e71f18-2b83-c786-5b0c-7ed701304755 missing children: 1
06-12 15:06:40.016 V/newrelic(10085): Registering trace of SQLiteDatabase#insert with parent Display LunaBaseActivity
06-12 15:06:40.016 V/newrelic(10085): Added trace 94756a03-205b-2852-378c-239ef40b5838 missing children: 1
06-12 15:06:40.016 V/newrelic(10085): Registering trace of SQLiteDatabase#insert with parent Display LunaBaseActivity
06-12 15:06:40.016 V/newrelic(10085): Added trace 38db34b4-c005-c67a-8f97-908086a2e329 missing children: 1
06-12 15:06:40.016 V/newrelic(10085): Registering trace of SQLiteDatabase#insert with parent Display LunaBaseActivity
06-12 15:06:40.017 V/newrelic(10085): Added trace b2cf5d12-8340-7486-b7ec-44fa7c160ed8 missing children: 1
06-12 15:06:40.017 V/newrelic(10085): Registering trace of SQLiteDatabase#insert with parent Display LunaBaseActivity
06-12 15:06:40.017 V/newrelic(10085): Added trace 3a33aae2-00b4-7944-6e9c-4660cdc27bb0 missing children: 1
06-12 15:06:40.018 V/newrelic(10085): Registering trace of SQLiteDatabase#insert with parent Display LunaBaseActivity
06-12 15:06:40.018 I/OpenGLRenderer(10085): Davey! duration=1148ms; Flags=0, IntendedVsync=1074224038877, Vsync=1075358505521, OldestInputEvent=9223372036854775807, NewestInputEvent=0, HandleInputStart=1075365150385, AnimationStart=1075365154052, PerformTraversalsStart=1075365186760, DrawStart=1075367315969, SyncQueued=1075367633677, SyncStart=1075369391885, IssueDrawCommandsStart=1075369502510, SwapBuffers=1075372304052, FrameCompleted=1075374238177, DequeueBufferDuration=1261041, QueueBufferDuration=700875, GpuCompleted=1071997152884, 
06-12 15:06:40.018 V/newrelic(10085): Added trace 5d272942-65e4-44ff-2693-ff0606ee9e28 missing children: 1
06-12 15:06:40.018 V/newrelic(10085): Registering trace of SQLiteDatabase#insert with parent Display LunaBaseActivity
06-12 15:06:40.018 I/lowmemorykiller(  233): medium memory pressure event is triggered for new strategy
06-12 15:06:40.019 I/ryplus.tv.jiot(10085): oneway function results will be dropped but finished with status OK and parcel size 4
06-12 15:06:40.022 I/e.swalekh.abct( 1336): oneway function results will be dropped but finished with status OK and parcel size 4
06-12 15:06:40.023 V/newrelic(10085): Added trace 3226147a-a711-c5f1-cf7c-6b97250eea58 missing children: 1
06-12 15:06:40.024 V/newrelic(10085): Registering trace of SQLiteDatabase#insert with parent Display LunaBaseActivity
06-12 15:06:40.024 V/newrelic(10085): Added trace 7f145ffa-96d1-0ff5-53c8-3ac570f9a4cf missing children: 1
06-12 15:06:40.035 V/newrelic(10085): Registering trace of External/unknownhost with parent Display LunaBaseActivity
06-12 15:06:40.035 V/newrelic(10085): Registering trace of External/unknownhost with parent Display LunaBaseActivity
06-12 15:06:40.037 D/JioSTBMRServer-SERVICE( 3304): InetSocketAddress(InetAddress.getByName(inetAddress.hostAddress)-/192.168.1.255
06-12 15:06:40.037 D/JioSTBMRServer-SERVICE( 3304): #beacon:RKISBFJ60000097:0:false:0:1:SV=181024 , 192.168.1.255
06-12 15:06:40.038 V/newrelic(10085): Registering trace of External/unknownhost with parent Display LunaBaseActivity
06-12 15:06:40.041 D/JioSTBMRServer-SERVICE( 3304): InetSocketAddress(InetAddress.getByName(inetAddress.hostAddress)-/192.168.1.255
06-12 15:06:40.041 D/JioSTBMRServer-SERVICE( 3304): #broadcast IP:192.168.1.255
06-12 15:06:40.052 V/newrelic(10085): Registering trace of SQLiteDatabase#query with parent Display LunaBaseActivity
06-12 15:06:40.053 V/newrelic(10085): Added trace 2446c5d7-9df9-65b4-e478-d69e77bb3fe4 missing children: 4
06-12 15:06:40.062 V/newrelic(10085): Registering trace of SQLiteDatabase#insert with parent Display LunaBaseActivity
06-12 15:06:40.073 V/newrelic(10085): Added trace 352e9d58-aef8-e90f-dac0-0fdde67c7d89 missing children: 4
06-12 15:06:40.073 V/newrelic(10085): Registering trace of SQLiteDatabase#insert with parent Display LunaBaseActivity
06-12 15:06:40.074 V/newrelic(10085): Added trace 49374068-950c-1bee-1681-756ddfdd1246 missing children: 4
06-12 15:06:40.074 V/newrelic(10085): Registering trace of SQLiteDatabase#insert with parent Display LunaBaseActivity
06-12 15:06:40.074 V/newrelic(10085): Added trace a5dc0a01-24c0-ea53-6ffc-8efe8c266e0c missing children: 4
06-12 15:06:40.075 V/newrelic(10085): Registering trace of SQLiteDatabase#insert with parent Display LunaBaseActivity
06-12 15:06:40.075 V/newrelic(10085): Added trace e0ee0561-cd9d-3887-f391-0462b54174e5 missing children: 4
06-12 15:06:40.075 V/newrelic(10085): Registering trace of SQLiteDatabase#insert with parent Display LunaBaseActivity
06-12 15:06:40.075 V/newrelic(10085): Registering trace of JSONObject#toString with parent Display LunaBaseActivity
06-12 15:06:40.076 V/newrelic(10085): Added trace 5484c258-fd0e-5c05-4150-5573a128a300 missing children: 5
06-12 15:06:40.076 V/newrelic(10085): Added trace 4871a9c3-c422-afb9-9018-ac336e4fde0d missing children: 4
06-12 15:06:40.076 V/newrelic(10085): Registering trace of SQLiteDatabase#insert with parent Display LunaBaseActivity
06-12 15:06:40.076 V/newrelic(10085): Added trace 61f59654-5bcb-b76a-b088-2d32c3a787cb missing children: 4
06-12 15:06:40.076 V/newrelic(10085): Registering trace of SQLiteDatabase#insert with parent Display LunaBaseActivity
06-12 15:06:40.076 V/newrelic(10085): Added trace d030b593-7c5a-8673-d72a-6a37a225a5de missing children: 4
06-12 15:06:40.077 V/newrelic(10085): Registering trace of SQLiteDatabase#insert with parent Display LunaBaseActivity
06-12 15:06:40.077 V/newrelic(10085): Added trace 4cc0f528-a9cf-5db9-d737-db19991932e5 missing children: 4
06-12 15:06:40.077 V/newrelic(10085): Registering trace of SQLiteDatabase#insert with parent Display LunaBaseActivity
06-12 15:06:40.077 V/newrelic(10085): Added trace 5483805a-62b0-b4d8-da59-80ef6638eccc missing children: 4
06-12 15:06:40.077 V/newrelic(10085): Registering trace of SQLiteDatabase#insert with parent Display LunaBaseActivity
06-12 15:06:40.078 V/newrelic(10085): Added trace a8b211d1-c9ad-229f-f461-176797a0345e missing children: 4
06-12 15:06:40.078 V/newrelic(10085): Registering trace of SQLiteDatabase#insert with parent Display LunaBaseActivity
06-12 15:06:40.078 V/newrelic(10085): Added trace ecdd1da3-de8e-d8be-4608-787b5e01d21d missing children: 4
06-12 15:06:40.078 V/newrelic(10085): Registering trace of SQLiteDatabase#insert with parent Display LunaBaseActivity
06-12 15:06:40.078 V/newrelic(10085): Added trace 0ed0178f-903e-a6bd-add1-1641b981b455 missing children: 4
06-12 15:06:40.079 V/newrelic(10085): Registering trace of SQLiteDatabase#insert with parent Display LunaBaseActivity
06-12 15:06:40.079 V/newrelic(10085): Added trace 927d5983-faff-b830-6446-af223923fa6e missing children: 4
06-12 15:06:40.079 V/newrelic(10085): Registering trace of SQLiteDatabase#insert with parent Display LunaBaseActivity
06-12 15:06:40.079 V/newrelic(10085): Added trace 21e36e64-92ec-8229-cf76-a02ee4d0e182 missing children: 4
06-12 15:06:40.092 V/newrelic(10085): Registering trace of SQLiteDatabase#insert with parent Display LunaBaseActivity
06-12 15:06:40.092 V/newrelic(10085): Added trace 27b5c50e-0e50-93ed-7a9f-79ceb1d2662f missing children: 4
06-12 15:06:40.092 V/newrelic(10085): Registering trace of SQLiteDatabase#insert with parent Display LunaBaseActivity
06-12 15:06:40.094 V/newrelic(10085): Added trace 4faf0f97-d502-3ee9-7932-ba9d3aa9afad missing children: 4
06-12 15:06:40.098 V/newrelic(10085): Registering trace of External/unknownhost with parent Display LunaBaseActivity
06-12 15:06:40.105 D/stbdpc  (  405): STB_DPGetNumPaths[570]: num_paths: 1
06-12 15:06:40.118 V/newrelic(10085): Registering trace of SQLiteDatabase#query with parent Display LunaBaseActivity
06-12 15:06:40.118 V/newrelic(10085): Added trace 0b4fea34-fc97-237b-79e5-e059d294e634 missing children: 5
06-12 15:06:40.119 I/lowmemorykiller(  233): medium memory pressure event is triggered for new strategy
06-12 15:06:40.124 E/AdobeExperienceSDK(10085): URLBuilder - Failed to generate the URL for (server:null,  path:/b/ss/0/JAVA-1.2.4-1.11.1-AN/s, query:)
06-12 15:06:40.125 E/AdobeExperienceSDK(10085): URLBuilder - Failed to generate the URL for (server:null,  path:/b/ss/0/JAVA-1.2.4-1.11.1-AN/s, query:)
06-12 15:06:40.140 D/newrelic(10085): OkHttp3TransactionStateUtil: Missing body or content length
06-12 15:06:40.140 V/newrelic(10085): Added trace 1d5c189f-61f1-4b80-8280-c32796466ca3 missing children: 4
06-12 15:06:40.150 V/newrelic(10085): Registering trace of SQLiteDatabase#query with parent Display LunaBaseActivity
06-12 15:06:40.150 V/newrelic(10085): Added trace ea020389-445c-47c3-65ff-a313ae6c0be0 missing children: 4
06-12 15:06:40.152 V/newrelic(10085): Registering trace of SQLiteDatabase#insert with parent Display LunaBaseActivity
06-12 15:06:40.154 V/newrelic(10085): Added trace 9974578a-7ed5-cd50-ecbb-ca1a9fef7e89 missing children: 4
06-12 15:06:40.154 V/newrelic(10085): Registering trace of SQLiteDatabase#insert with parent Display LunaBaseActivity
06-12 15:06:40.155 V/newrelic(10085): Added trace deb22238-df93-4d5f-616f-81356884fc54 missing children: 4
06-12 15:06:40.155 V/newrelic(10085): Registering trace of SQLiteDatabase#insert with parent Display LunaBaseActivity
06-12 15:06:40.155 V/newrelic(10085): Added trace 2b5d9fab-a2ac-9b4c-0bf7-c6f8606f52b2 missing children: 4
06-12 15:06:40.156 V/newrelic(10085): Registering trace of SQLiteDatabase#insert with parent Display LunaBaseActivity
06-12 15:06:40.156 V/newrelic(10085): Added trace 9d629110-66f5-ff48-b3a4-236c14057a3d missing children: 4
06-12 15:06:40.156 V/newrelic(10085): Registering trace of SQLiteDatabase#insert with parent Display LunaBaseActivity
06-12 15:06:40.157 D/dvb_iptv(  405): ReadEmmNetworkTask[1537]: EMM Select Timeout Occured 54
06-12 15:06:40.157 V/newrelic(10085): Added trace f1dd8df0-5030-e848-92c3-a4ee7c1f1bc8 missing children: 4
06-12 15:06:40.157 V/newrelic(10085): Registering trace of SQLiteDatabase#insert with parent Display LunaBaseActivity
06-12 15:06:40.157 V/newrelic(10085): Added trace 1150a5b6-6041-4940-480a-47562e1bd2b0 missing children: 4
06-12 15:06:40.157 V/newrelic(10085): Registering trace of SQLiteDatabase#insert with parent Display LunaBaseActivity
06-12 15:06:40.158 V/newrelic(10085): Added trace 05c21572-623f-1590-f5c3-295bb06bc078 missing children: 4
06-12 15:06:40.158 V/newrelic(10085): Registering trace of SQLiteDatabase#insert with parent Display LunaBaseActivity
06-12 15:06:40.158 V/newrelic(10085): Added trace 11ea15da-53be-90be-9f26-3436efd54595 missing children: 4
06-12 15:06:40.158 V/newrelic(10085): Registering trace of SQLiteDatabase#insert with parent Display LunaBaseActivity
06-12 15:06:40.158 V/newrelic(10085): Added trace 7f610590-9721-6566-306e-1986391cf385 missing children: 4
06-12 15:06:40.159 V/newrelic(10085): Registering trace of SQLiteDatabase#insert with parent Display LunaBaseActivity
06-12 15:06:40.159 V/newrelic(10085): Added trace 510f73aa-c06d-b76e-d0b5-cb7307720c25 missing children: 4
06-12 15:06:40.159 V/newrelic(10085): Registering trace of SQLiteDatabase#insert with parent Display LunaBaseActivity
06-12 15:06:40.160 V/newrelic(10085): Added trace db35ce71-4c47-a57d-e372-d315eb532244 missing children: 4
06-12 15:06:40.160 V/newrelic(10085): Registering trace of SQLiteDatabase#insert with parent Display LunaBaseActivity
06-12 15:06:40.160 V/newrelic(10085): Added trace db79ba5f-897c-edad-dcd4-29161cc3af72 missing children: 4
06-12 15:06:40.161 V/newrelic(10085): Registering trace of SQLiteDatabase#insert with parent Display LunaBaseActivity
06-12 15:06:40.161 V/newrelic(10085): Added trace d5c35576-e859-a97e-06a3-74965fe4b31e missing children: 4
06-12 15:06:40.161 V/newrelic(10085): Registering trace of SQLiteDatabase#insert with parent Display LunaBaseActivity
06-12 15:06:40.161 V/newrelic(10085): Added trace 8694eab2-6af8-550e-f4c0-d44d798faedf missing children: 4
06-12 15:06:40.161 V/newrelic(10085): Registering trace of SQLiteDatabase#insert with parent Display LunaBaseActivity
06-12 15:06:40.162 V/newrelic(10085): Added trace 3d2bd9d1-362e-9586-7f2f-95f5dbb49411 missing children: 4
06-12 15:06:40.162 V/newrelic(10085): Registering trace of SQLiteDatabase#insert with parent Display LunaBaseActivity
06-12 15:06:40.162 V/newrelic(10085): Added trace ff61b75d-16db-72d7-162c-7fea943076a4 missing children: 4
06-12 15:06:40.205 D/stbdpc  (  405): STB_DPGetNumPaths[570]: num_paths: 1
06-12 15:06:40.208 D/newrelic(10085): OkHttp3TransactionStateUtil: Missing body or content length
06-12 15:06:40.209 V/newrelic(10085): Added trace 68e03730-88d3-0c67-51a2-a07bf13e92a5 missing children: 3
06-12 15:06:40.212 D/newrelic(10085): OkHttp3TransactionStateUtil: Missing body or content length
06-12 15:06:40.212 V/newrelic(10085): Added trace 66192730-b891-1fd2-e451-f35fac53d2c8 missing children: 2
06-12 15:06:40.219 I/lowmemorykiller(  233): medium memory pressure event is triggered for new strategy
06-12 15:06:40.220 D/lowmemorykiller(  233): LMKD mp_event_psi kill_reasons available are PRESSURE_AFTER_KILL, NOT_RESPONDING, LOW_SWAP_AND_THRASHING, LOW_MEM_AND_SWAP, LOW_MEM_AND_THRASHING, DIRECT_RECL_AND_THRASHING
06-12 15:06:40.220 D/lowmemorykiller(  233): LMKD mp_event_psi kill_reason received= -1
06-12 15:06:40.223 V/newrelic(10085): Registering trace of SQLiteDatabase#query with parent External/assets.adobedtm.com
06-12 15:06:40.224 V/newrelic(10085): Added trace d330e8eb-fa72-f8a6-812c-910c1ddc1930 missing children: 2
06-12 15:06:40.225 V/newrelic(10085): Registering trace of SQLiteDatabase#insert with parent External/assets.adobedtm.com
06-12 15:06:40.226 V/newrelic(10085): Added trace 4e3041a2-d6ee-7284-0e2d-5ae507eea64b missing children: 2
06-12 15:06:40.227 V/newrelic(10085): Registering trace of SQLiteDatabase#insert with parent External/assets.adobedtm.com
06-12 15:06:40.227 V/newrelic(10085): Added trace 3e8d62fb-bd07-b762-c1ae-5a0e9cc22b1e missing children: 2
06-12 15:06:40.227 V/newrelic(10085): Registering trace of SQLiteDatabase#insert with parent External/assets.adobedtm.com
06-12 15:06:40.229 D/JioStbInactivityTimer(  933): Timer: count 182 warningTimeout:10680 timeout:10800
06-12 15:06:40.229 D/JioStbInactivityTimer(  933): isUserActive: Curr:891902 Prev:891902
06-12 15:06:40.230 V/newrelic(10085): Added trace 8b45e5c7-f319-3843-bb3c-f0d5bbcca736 missing children: 2
06-12 15:06:40.230 V/newrelic(10085): Registering trace of SQLiteDatabase#insert with parent External/assets.adobedtm.com
06-12 15:06:40.230 V/newrelic(10085): Added trace 36db8f77-1663-c633-24f2-e81c0479c597 missing children: 2
06-12 15:06:40.231 V/newrelic(10085): Registering trace of SQLiteDatabase#insert with parent External/assets.adobedtm.com
06-12 15:06:40.232 V/newrelic(10085): Added trace 30c01796-a716-4377-2fe1-9a7b95be9317 missing children: 2
06-12 15:06:40.234 V/newrelic(10085): Registering trace of SQLiteDatabase#insert with parent External/assets.adobedtm.com
06-12 15:06:40.234 V/newrelic(10085): Added trace 8a794199-d082-b405-c262-2db1fa01c5e8 missing children: 2
06-12 15:06:40.235 V/newrelic(10085): Registering trace of SQLiteDatabase#insert with parent External/assets.adobedtm.com
06-12 15:06:40.235 V/newrelic(10085): Added trace ee464edb-25af-6136-29e5-7e391d886a75 missing children: 2
06-12 15:06:40.235 V/newrelic(10085): Registering trace of SQLiteDatabase#insert with parent External/assets.adobedtm.com
06-12 15:06:40.236 V/newrelic(10085): Added trace 5a1c0ce2-d22a-04b9-ce64-a13540400972 missing children: 2
06-12 15:06:40.236 V/newrelic(10085): Registering trace of SQLiteDatabase#insert with parent External/assets.adobedtm.com
06-12 15:06:40.236 V/newrelic(10085): Added trace 235d03e7-02ee-2ecb-2c3d-2092dfbc9b2e missing children: 2
06-12 15:06:40.238 V/newrelic(10085): Registering trace of SQLiteDatabase#insert with parent External/assets.adobedtm.com
06-12 15:06:40.238 V/newrelic(10085): Added trace ea078995-1a8f-5ba4-3852-556e5cd1dc2b missing children: 2
06-12 15:06:40.239 V/newrelic(10085): Registering trace of SQLiteDatabase#insert with parent External/assets.adobedtm.com
06-12 15:06:40.239 V/newrelic(10085): Added trace 2d6bbc0f-61ea-6c34-6bff-84b43694d6ef missing children: 2
06-12 15:06:40.239 V/newrelic(10085): Registering trace of SQLiteDatabase#insert with parent External/assets.adobedtm.com
06-12 15:06:40.240 V/newrelic(10085): Added trace b517a937-0aa9-760f-90fc-a208c40bb71c missing children: 2
06-12 15:06:40.240 V/newrelic(10085): Registering trace of SQLiteDatabase#insert with parent External/assets.adobedtm.com
06-12 15:06:40.240 V/newrelic(10085): Added trace 86c8262d-6e20-1ea4-ab11-dcea5b9f39be missing children: 2
06-12 15:06:40.240 V/newrelic(10085): Registering trace of SQLiteDatabase#insert with parent External/assets.adobedtm.com
06-12 15:06:40.241 V/newrelic(10085): Added trace 02111b14-d8b5-f5b5-1c94-5c1564c24ee4 missing children: 2
06-12 15:06:40.241 V/newrelic(10085): Registering trace of External/unknownhost with parent External/assets.adobedtm.com
06-12 15:06:40.242 V/newrelic(10085): Registering trace of SQLiteDatabase#insert with parent External/assets.adobedtm.com
06-12 15:06:40.242 V/newrelic(10085): Added trace 17e9c0bd-51bd-fb48-c8ee-9e8825b6f233 missing children: 3
06-12 15:06:40.242 V/newrelic(10085): Registering trace of SQLiteDatabase#insert with parent External/assets.adobedtm.com
06-12 15:06:40.243 V/newrelic(10085): Added trace 1f9db640-a368-d069-f001-31840a160f34 missing children: 3
06-12 15:06:40.268 V/newrelic(10085): Registering trace of SQLiteDatabase#query with parent External/assets.adobedtm.com
06-12 15:06:40.268 V/newrelic(10085): Added trace 51fb3283-fc23-90eb-1f6a-22b887c13850 missing children: 3
06-12 15:06:40.272 V/newrelic(10085): Registering trace of SQLiteDatabase#insert with parent External/assets.adobedtm.com
06-12 15:06:40.272 V/newrelic(10085): Added trace 833be9fd-58e5-caa6-caf2-92b7673f8807 missing children: 3
06-12 15:06:40.273 V/newrelic(10085): Registering trace of SQLiteDatabase#insert with parent External/assets.adobedtm.com
06-12 15:06:40.273 V/newrelic(10085): Added trace c15153ff-4581-e4b9-2ff7-28e4290fff94 missing children: 3
06-12 15:06:40.273 V/newrelic(10085): Registering trace of SQLiteDatabase#insert with parent External/assets.adobedtm.com
06-12 15:06:40.274 V/newrelic(10085): Added trace c04b943c-37f3-24be-323d-02a0085db13e missing children: 3
06-12 15:06:40.274 V/newrelic(10085): Registering trace of SQLiteDatabase#insert with parent External/assets.adobedtm.com
06-12 15:06:40.274 V/newrelic(10085): Added trace bc86f889-a56a-533d-e103-f0aa571bbbed missing children: 3
06-12 15:06:40.274 V/newrelic(10085): Registering trace of SQLiteDatabase#insert with parent External/assets.adobedtm.com
06-12 15:06:40.274 V/newrelic(10085): Added trace 1b0d0ee9-491b-b365-1b34-a6c107acebff missing children: 3
06-12 15:06:40.275 V/newrelic(10085): Registering trace of SQLiteDatabase#insert with parent External/assets.adobedtm.com
06-12 15:06:40.275 V/newrelic(10085): Added trace bbe297c3-85c8-41f8-064f-c18e3624155c missing children: 3
06-12 15:06:40.275 V/newrelic(10085): Registering trace of SQLiteDatabase#insert with parent External/assets.adobedtm.com
06-12 15:06:40.275 V/newrelic(10085): Added trace 9dcbd877-0c27-6f87-a6ac-c6bfee677ac7 missing children: 3
06-12 15:06:40.276 V/newrelic(10085): Registering trace of SQLiteDatabase#insert with parent External/assets.adobedtm.com
06-12 15:06:40.276 V/newrelic(10085): Added trace 23a51211-50f5-c9df-1ee6-83784652d677 missing children: 3
06-12 15:06:40.276 V/newrelic(10085): Registering trace of SQLiteDatabase#insert with parent External/assets.adobedtm.com
06-12 15:06:40.276 V/newrelic(10085): Added trace 09052059-e0c0-48c3-d244-6ce80098d7e6 missing children: 3
06-12 15:06:40.280 V/newrelic(10085): Registering trace of SQLiteDatabase#insert with parent External/assets.adobedtm.com
06-12 15:06:40.280 V/newrelic(10085): Added trace 2abc8517-3ccb-31da-a0c6-e73637de2ae8 missing children: 3
06-12 15:06:40.281 V/newrelic(10085): Registering trace of SQLiteDatabase#insert with parent External/assets.adobedtm.com
06-12 15:06:40.282 V/newrelic(10085): Added trace 8823638b-ceee-c7ea-9d76-96a546955bfe missing children: 3
06-12 15:06:40.283 V/newrelic(10085): Registering trace of SQLiteDatabase#insert with parent External/assets.adobedtm.com
06-12 15:06:40.283 V/newrelic(10085): Added trace e04d3041-4933-3946-46f5-1ef610c42deb missing children: 3
06-12 15:06:40.283 V/newrelic(10085): Registering trace of SQLiteDatabase#insert with parent External/assets.adobedtm.com
06-12 15:06:40.284 V/newrelic(10085): Added trace a2611908-c498-8185-614f-f50ba6503488 missing children: 3
06-12 15:06:40.284 V/newrelic(10085): Registering trace of SQLiteDatabase#insert with parent External/assets.adobedtm.com
06-12 15:06:40.284 V/newrelic(10085): Added trace 6ec2693f-700e-3274-ecfc-26cd9ff9c8d4 missing children: 3
06-12 15:06:40.285 V/newrelic(10085): Registering trace of SQLiteDatabase#insert with parent External/assets.adobedtm.com
06-12 15:06:40.285 V/newrelic(10085): Added trace 7fa46e53-186a-584d-53ec-3d4fac09aa4f missing children: 3
06-12 15:06:40.285 V/newrelic(10085): Registering trace of SQLiteDatabase#insert with parent External/assets.adobedtm.com
06-12 15:06:40.285 V/newrelic(10085): Added trace 1f59a084-336d-ed28-211f-9d351b26e187 missing children: 3
06-12 15:06:40.305 D/newrelic(10085): threadLocalTrace is null
06-12 15:06:40.306 D/stbdpc  (  405): STB_DPGetNumPaths[570]: num_paths: 1
06-12 15:06:40.307 D/newrelic(10085): setUrl(...) called on TransactionState in COMPLETE state
06-12 15:06:40.307 D/newrelic(10085): setHttpMethod(...) called on TransactionState in COMPLETE state
06-12 15:06:40.307 D/newrelic(10085): setCarrier(...) called on TransactionState in COMPLETE state
06-12 15:06:40.311 D/newrelic(10085): setWanType(...) called on TransactionState in COMPLETE state
06-12 15:06:40.311 D/newrelic(10085): setUrl(...) called on TransactionState in COMPLETE state
06-12 15:06:40.311 D/newrelic(10085): setHttpMethod(...) called on TransactionState in COMPLETE state
06-12 15:06:40.312 D/newrelic(10085): setCarrier(...) called on TransactionState in COMPLETE state
06-12 15:06:40.313 D/newrelic(10085): setWanType(...) called on TransactionState in COMPLETE state
06-12 15:06:40.314 D/newrelic(10085): setUrl(...) called on TransactionState in COMPLETE state
06-12 15:06:40.314 D/newrelic(10085): setHttpMethod(...) called on TransactionState in COMPLETE state
06-12 15:06:40.315 D/newrelic(10085): setCarrier(...) called on TransactionState in COMPLETE state
06-12 15:06:40.316 D/newrelic(10085): setWanType(...) called on TransactionState in COMPLETE state
06-12 15:06:40.316 D/newrelic(10085): setUrl(...) called on TransactionState in COMPLETE state
06-12 15:06:40.316 D/newrelic(10085): setHttpMethod(...) called on TransactionState in COMPLETE state
06-12 15:06:40.317 D/newrelic(10085): setCarrier(...) called on TransactionState in COMPLETE state
06-12 15:06:40.318 V/newrelic(10085): Registering trace of SQLiteDatabase#query with parent External/assets.adobedtm.com
06-12 15:06:40.318 D/newrelic(10085): setWanType(...) called on TransactionState in COMPLETE state
06-12 15:06:40.319 V/newrelic(10085): Added trace 016613ee-05d8-8fb1-731d-094e570fb7f2 missing children: 3
06-12 15:06:40.319 D/newrelic(10085): setUrl(...) called on TransactionState in COMPLETE state
06-12 15:06:40.319 D/newrelic(10085): setHttpMethod(...) called on TransactionState in COMPLETE state
06-12 15:06:40.319 V/newrelic(10085): Registering trace of SQLiteDatabase#insert with parent External/assets.adobedtm.com
06-12 15:06:40.319 D/newrelic(10085): setCarrier(...) called on TransactionState in COMPLETE state
06-12 15:06:40.320 I/lowmemorykiller(  233): medium memory pressure event is triggered for new strategy
06-12 15:06:40.320 D/lowmemorykiller(  233): LMKD mp_event_psi kill_reasons available are PRESSURE_AFTER_KILL, NOT_RESPONDING, LOW_SWAP_AND_THRASHING, LOW_MEM_AND_SWAP, LOW_MEM_AND_THRASHING, DIRECT_RECL_AND_THRASHING
06-12 15:06:40.320 D/lowmemorykiller(  233): LMKD mp_event_psi kill_reason received= -1
06-12 15:06:40.320 D/newrelic(10085): setWanType(...) called on TransactionState in COMPLETE state
06-12 15:06:40.320 D/newrelic(10085): setStatusCode(...) called on TransactionState in COMPLETE state
06-12 15:06:40.322 V/newrelic(10085): Added trace 4d5975c6-8e74-711a-bcc0-2b868d49d8fe missing children: 3
06-12 15:06:40.322 V/newrelic(10085): Registering trace of SQLiteDatabase#insert with parent External/assets.adobedtm.com
06-12 15:06:40.323 V/newrelic(10085): Added trace 5ff519e4-e11e-ae53-5bdc-48025c8af066 missing children: 3
06-12 15:06:40.326 V/newrelic(10085): Registering trace of SQLiteDatabase#insert with parent External/assets.adobedtm.com
06-12 15:06:40.327 V/newrelic(10085): Added trace 6c66dc82-cc5f-8878-80b4-7e846ddc59c7 missing children: 3
06-12 15:06:40.327 V/newrelic(10085): Registering trace of SQLiteDatabase#insert with parent External/assets.adobedtm.com
06-12 15:06:40.328 V/newrelic(10085): Added trace f4a9dc42-f569-308b-e66c-3e0fd791b572 missing children: 3
06-12 15:06:40.328 V/newrelic(10085): Registering trace of SQLiteDatabase#insert with parent External/assets.adobedtm.com
06-12 15:06:40.329 V/newrelic(10085): Added trace 81aa5075-f08b-1a63-e998-ced151537683 missing children: 3
06-12 15:06:40.329 V/newrelic(10085): Registering trace of SQLiteDatabase#insert with parent External/assets.adobedtm.com
06-12 15:06:40.330 V/newrelic(10085): Added trace 99d9ff9b-5a93-0ae3-b947-163c4afbbe32 missing children: 3
06-12 15:06:40.330 V/newrelic(10085): Registering trace of SQLiteDatabase#insert with parent External/assets.adobedtm.com
06-12 15:06:40.330 V/newrelic(10085): Added trace f3b71a25-2974-556d-2e56-f97525151869 missing children: 3
06-12 15:06:40.330 V/newrelic(10085): Registering trace of SQLiteDatabase#insert with parent External/assets.adobedtm.com
06-12 15:06:40.330 V/newrelic(10085): Added trace 919f7d80-9320-fc99-6740-01f22eafed95 missing children: 3
06-12 15:06:40.330 V/newrelic(10085): Registering trace of SQLiteDatabase#insert with parent External/assets.adobedtm.com
06-12 15:06:40.331 V/newrelic(10085): Added trace 6166a357-4007-aa21-a169-285dd23cbdc0 missing children: 3
06-12 15:06:40.331 V/newrelic(10085): Registering trace of SQLiteDatabase#insert with parent External/assets.adobedtm.com
06-12 15:06:40.331 V/newrelic(10085): Added trace 34c4c10f-6e64-b220-1777-e9beff6678df missing children: 3
06-12 15:06:40.331 V/newrelic(10085): Registering trace of SQLiteDatabase#insert with parent External/assets.adobedtm.com
06-12 15:06:40.337 V/newrelic(10085): Registering trace of SQLiteDatabase#query with parent External/assets.adobedtm.com
06-12 15:06:40.337 V/newrelic(10085): Added trace c367d361-7df1-b79f-2807-add4ed195e28 missing children: 4
06-12 15:06:40.338 V/newrelic(10085): Added trace 9913d2da-f49a-49e6-b97c-d48eda679822 missing children: 3
06-12 15:06:40.338 V/newrelic(10085): Registering trace of External/unknownhost with parent External/assets.adobedtm.com
06-12 15:06:40.346 D/newrelic(10085): OkHttp3TransactionStateUtil: Missing body or content length
06-12 15:06:40.346 V/newrelic(10085): Added trace 4c58471c-fb77-8303-0d68-cb284a79c071 missing children: 3
06-12 15:06:40.351 V/newrelic(10085): Added trace 4419db96-13c3-957b-7b99-0ada73c98868 missing children: 2
06-12 15:06:40.351 V/newrelic(10085): Registering trace of SQLiteDatabase#insert with parent External/assets.adobedtm.com
06-12 15:06:40.353 V/newrelic(10085): Added trace 91269819-68ce-3b70-b681-f68ad19d2ada missing children: 2
06-12 15:06:40.353 V/newrelic(10085): Registering trace of SQLiteDatabase#insert with parent External/assets.adobedtm.com
06-12 15:06:40.355 V/newrelic(10085): Registering trace of SQLiteDatabase#query with parent External/assets.adobedtm.com
06-12 15:06:40.356 V/newrelic(10085): Added trace 99d77f3d-51bb-d158-3139-85c29686ce03 missing children: 3
06-12 15:06:40.356 V/newrelic(10085): Registering trace of SQLiteDatabase#insert with parent External/assets.adobedtm.com
06-12 15:06:40.357 V/newrelic(10085): Added trace 6bd2cf0e-8b33-d897-c33b-f4430450a116 missing children: 3
06-12 15:06:40.357 V/newrelic(10085): Registering trace of SQLiteDatabase#insert with parent External/assets.adobedtm.com
06-12 15:06:40.359 V/newrelic(10085): Added trace 6ee619da-8a09-a0a2-7bae-94db0e1c1236 missing children: 3
06-12 15:06:40.359 V/newrelic(10085): Added trace a486e6d1-93a2-e178-f221-72e34b6d53d0 missing children: 2
06-12 15:06:40.359 V/newrelic(10085): Added trace 7e12acb0-fb7a-3b6c-6d3d-9e1d860f9c52 missing children: 1
06-12 15:06:40.359 V/newrelic(10085): Registering trace of SQLiteDatabase#insert with parent External/assets.adobedtm.com
06-12 15:06:40.359 V/newrelic(10085): Registering trace of External/unknownhost with parent External/assets.adobedtm.com
06-12 15:06:40.360 V/newrelic(10085): Added trace fba0cfc2-f483-28f7-c906-2380530f96b7 missing children: 2
06-12 15:06:40.368 V/newrelic(10085): Registering trace of SQLiteDatabase#query with parent External/assets.adobedtm.com
06-12 15:06:40.369 F/linker  (10246): CANNOT LINK EXECUTABLE "/system/bin/smartcable/smartCableSTBApp": library "libmosquitto.so" not found: needed by main executable
06-12 15:06:40.369 V/newrelic(10085): Added trace 16bd2138-9c60-cb38-34b7-5d3e6ae9cc28 missing children: 2
06-12 15:06:40.369 D/JioAppOptimizer( 1699): AppOptimizerService :: handleMessage()
06-12 15:06:40.373 D/JioAppOptimizer( 1699): AppOptimizerService :: handleMessage() : Foreground Package=com.discoveryplus.tv.jiotv
06-12 15:06:40.373 D/JioAppOptimizer( 1699): AppOptimizerService :: handleMessage() : Free memory available in MB : 543.26171875
06-12 15:06:40.374 D/JioAppOptimizer( 1699): AppOptimizerService :: handleMessage() : checkAndRemoveBackgroundApps()
06-12 15:06:40.374 D/JioAppOptimizer( 1699): AppOptimizerService :: checkAndRemoveBackgroundApps()
06-12 15:06:40.376 V/newrelic(10085): Registering trace of SQLiteDatabase#query with parent External/assets.adobedtm.com
06-12 15:06:40.379 V/newrelic(10085): Added trace a85dc793-c6bd-d21d-8300-a745bf67b8ae missing children: 2
06-12 15:06:40.379 V/newrelic(10085): Registering trace of SQLiteDatabase#query with parent External/assets.adobedtm.com
06-12 15:06:40.380 V/newrelic(10085): Added trace b2829411-fe0b-a38f-2461-93a3e1d0e93f missing children: 2
06-12 15:06:40.384 V/newrelic(10085): Registering trace of SQLiteDatabase#insert with parent External/assets.adobedtm.com
06-12 15:06:40.385 V/newrelic(10085): Registering trace of SQLiteDatabase#query with parent External/assets.adobedtm.com
06-12 15:06:40.385 V/newrelic(10085): Added trace 4faefe36-b756-ec24-8968-89c013695ee6 missing children: 3
06-12 15:06:40.386 V/newrelic(10085): Registering trace of SQLiteDatabase#insert with parent External/assets.adobedtm.com
06-12 15:06:40.387 V/newrelic(10085): Added trace 74b29cf6-32e5-7e84-db60-fe77613c33a2 missing children: 3
06-12 15:06:40.387 V/newrelic(10085): Registering trace of SQLiteDatabase#insert with parent External/assets.adobedtm.com
06-12 15:06:40.387 V/newrelic(10085): Added trace e5dd1f52-f4db-7f93-306d-8c005e2af59a missing children: 3
06-12 15:06:40.387 V/newrelic(10085): Registering trace of SQLiteDatabase#insert with parent External/assets.adobedtm.com
06-12 15:06:40.388 V/newrelic(10085): Added trace ec085c65-c9c1-ae90-ac7f-e5c493d80891 missing children: 3
06-12 15:06:40.388 V/newrelic(10085): Registering trace of SQLiteDatabase#insert with parent External/assets.adobedtm.com
06-12 15:06:40.388 V/newrelic(10085): Added trace 79a69554-4617-f36f-58c9-b8b95594abed missing children: 3
06-12 15:06:40.388 V/newrelic(10085): Registering trace of SQLiteDatabase#insert with parent External/assets.adobedtm.com
06-12 15:06:40.388 V/newrelic(10085): Added trace ff7ea1d2-ec22-eb12-4028-15756ca98417 missing children: 3
06-12 15:06:40.388 V/newrelic(10085): Registering trace of SQLiteDatabase#insert with parent External/assets.adobedtm.com
06-12 15:06:40.389 V/newrelic(10085): Added trace 645fe0ee-3a89-82bb-28d8-d8a31a8de505 missing children: 3
06-12 15:06:40.389 V/newrelic(10085): Registering trace of SQLiteDatabase#insert with parent External/assets.adobedtm.com
06-12 15:06:40.389 V/newrelic(10085): Added trace bc1df204-c56c-56bb-a873-b59f60b0b214 missing children: 3
06-12 15:06:40.389 V/newrelic(10085): Registering trace of SQLiteDatabase#insert with parent External/assets.adobedtm.com
06-12 15:06:40.389 V/newrelic(10085): Added trace 80a07a17-8007-c86f-f296-c75a544ee71a missing children: 3
06-12 15:06:40.390 V/newrelic(10085): Registering trace of SQLiteDatabase#insert with parent External/assets.adobedtm.com
06-12 15:06:40.390 V/newrelic(10085): Added trace b9d37943-f88c-ff6c-7f50-cb8228011ebb missing children: 3
06-12 15:06:40.390 V/newrelic(10085): Registering trace of SQLiteDatabase#insert with parent External/assets.adobedtm.com
06-12 15:06:40.390 V/newrelic(10085): Added trace e308f48c-39ed-49f9-6a51-6bdf756aa9fb missing children: 3
06-12 15:06:40.390 V/newrelic(10085): Registering trace of SQLiteDatabase#insert with parent External/assets.adobedtm.com
06-12 15:06:40.390 V/newrelic(10085): Added trace ae24f7db-c316-90bd-c98a-39fff50a0d15 missing children: 3
06-12 15:06:40.390 V/newrelic(10085): Registering trace of SQLiteDatabase#insert with parent External/assets.adobedtm.com
06-12 15:06:40.391 V/newrelic(10085): Added trace 82f9344a-efd6-d1b9-a771-411611d3f58a missing children: 3
06-12 15:06:40.391 V/newrelic(10085): Registering trace of SQLiteDatabase#insert with parent External/assets.adobedtm.com
06-12 15:06:40.391 V/newrelic(10085): Added trace c3c5be9f-e887-d677-64c0-521ecf3efd7c missing children: 3
06-12 15:06:40.391 V/newrelic(10085): Registering trace of SQLiteDatabase#insert with parent External/assets.adobedtm.com
06-12 15:06:40.392 V/newrelic(10085): Added trace 3b28b216-c203-9983-059a-6e460bf7d03b missing children: 3
06-12 15:06:40.392 V/newrelic(10085): Registering trace of SQLiteDatabase#insert with parent External/assets.adobedtm.com
06-12 15:06:40.393 V/newrelic(10085): Added trace 6c1ebb63-aa75-0f1a-f8b2-f388deda8420 missing children: 3
06-12 15:06:40.393 V/newrelic(10085): Registering trace of SQLiteDatabase#insert with parent External/assets.adobedtm.com
06-12 15:06:40.395 V/newrelic(10085): Added trace d652cff7-88a0-4521-c2a8-6f9c48473d9a missing children: 3
06-12 15:06:40.402 V/newrelic(10085): Added trace 9cb4a9c4-d76a-40f6-d449-a4119687933e missing children: 2
06-12 15:06:40.403 V/newrelic(10085): Registering trace of SQLiteDatabase#query with parent External/assets.adobedtm.com
06-12 15:06:40.404 V/newrelic(10085): Added trace 301b9582-3d78-0e58-4e7f-3d0bb4b56f85 missing children: 2
06-12 15:06:40.406 D/stbdpc  (  405): STB_DPGetNumPaths[570]: num_paths: 1
06-12 15:06:40.414 V/newrelic(10085): Registering trace of External/unknownhost with parent External/assets.adobedtm.com
06-12 15:06:40.417 V/newrelic(10085): Registering trace of External/unknownhost with parent External/assets.adobedtm.com
06-12 15:06:40.420 I/lowmemorykiller(  233): medium memory pressure event is triggered for new strategy
06-12 15:06:40.420 D/lowmemorykiller(  233): LMKD mp_event_psi kill_reasons available are PRESSURE_AFTER_KILL, NOT_RESPONDING, LOW_SWAP_AND_THRASHING, LOW_MEM_AND_SWAP, LOW_MEM_AND_THRASHING, DIRECT_RECL_AND_THRASHING
06-12 15:06:40.420 D/lowmemorykiller(  233): LMKD mp_event_psi kill_reason received= -1
06-12 15:06:40.423 V/newrelic(10085): Registering trace of JSONObject#toString with parent External/assets.adobedtm.com
06-12 15:06:40.423 V/newrelic(10085): Added trace 50fe6d67-7f3c-77bd-c625-6adcc39676e6 missing children: 4
06-12 15:06:40.426 V/newrelic(10085): Registering trace of SQLiteDatabase#query with parent External/assets.adobedtm.com
06-12 15:06:40.427 V/newrelic(10085): Added trace d0bf39c2-23ea-1874-8156-924c244ce945 missing children: 4
06-12 15:06:40.434 V/newrelic(10085): Registering trace of SQLiteDatabase#insert with parent External/assets.adobedtm.com
06-12 15:06:40.459 V/newrelic(10085): Added trace 87da17d6-df3a-8691-9014-d21484424dcb missing children: 4
06-12 15:06:40.468 D/newrelic(10085): threadLocalTrace is null
06-12 15:06:40.475 D/newrelic(10085): setUrl(...) called on TransactionState in COMPLETE state
06-12 15:06:40.475 D/newrelic(10085): setHttpMethod(...) called on TransactionState in COMPLETE state
06-12 15:06:40.478 D/newrelic(10085): setCarrier(...) called on TransactionState in COMPLETE state
06-12 15:06:40.478 V/newrelic(10085): Registering trace of SQLiteDatabase#query with parent External/assets.adobedtm.com
06-12 15:06:40.478 V/newrelic(10085): Added trace 3aefd2ab-550f-4b3b-bd53-2bd7c3c6f2cb missing children: 4
06-12 15:06:40.479 V/newrelic(10085): Registering trace of SQLiteDatabase#insert with parent External/assets.adobedtm.com
06-12 15:06:40.480 V/newrelic(10085): Added trace 00e9d120-5cc7-2de2-b97b-290c39b07a4c missing children: 4
06-12 15:06:40.480 V/newrelic(10085): Registering trace of SQLiteDatabase#insert with parent External/assets.adobedtm.com
06-12 15:06:40.481 V/newrelic(10085): Added trace 44f58f7a-462d-8970-1ed0-da1ed657d468 missing children: 4
06-12 15:06:40.481 V/newrelic(10085): Registering trace of SQLiteDatabase#insert with parent External/assets.adobedtm.com
06-12 15:06:40.482 D/newrelic(10085): setWanType(...) called on TransactionState in COMPLETE state
06-12 15:06:40.482 D/newrelic(10085): setUrl(...) called on TransactionState in COMPLETE state
06-12 15:06:40.482 D/newrelic(10085): setHttpMethod(...) called on TransactionState in COMPLETE state
06-12 15:06:40.483 D/newrelic(10085): setCarrier(...) called on TransactionState in COMPLETE state
06-12 15:06:40.483 V/newrelic(10085): Added trace 78ffad1e-0eed-40be-6df5-23dfc8cc0ad5 missing children: 4
06-12 15:06:40.483 V/newrelic(10085): Registering trace of SQLiteDatabase#insert with parent External/assets.adobedtm.com
06-12 15:06:40.484 V/newrelic(10085): Added trace 13ab929a-87da-0649-f674-ff211a2db1c4 missing children: 4
06-12 15:06:40.484 V/newrelic(10085): Registering trace of SQLiteDatabase#insert with parent External/assets.adobedtm.com
06-12 15:06:40.484 V/newrelic(10085): Added trace b910f3ed-ff59-eb25-9d1a-8e96de1011e9 missing children: 4
06-12 15:06:40.484 V/newrelic(10085): Registering trace of SQLiteDatabase#insert with parent External/assets.adobedtm.com
06-12 15:06:40.485 D/newrelic(10085): setWanType(...) called on TransactionState in COMPLETE state
06-12 15:06:40.485 D/newrelic(10085): setUrl(...) called on TransactionState in COMPLETE state
06-12 15:06:40.485 D/newrelic(10085): setHttpMethod(...) called on TransactionState in COMPLETE state
06-12 15:06:40.485 V/newrelic(10085): Added trace 4258b300-bc64-6930-dd9f-2f04fefa5fda missing children: 4
06-12 15:06:40.485 V/newrelic(10085): Registering trace of SQLiteDatabase#insert with parent External/assets.adobedtm.com
06-12 15:06:40.486 V/newrelic(10085): Added trace c1e6e674-bb2b-5c8b-7dab-e59954f4949d missing children: 4
06-12 15:06:40.486 V/newrelic(10085): Registering trace of SQLiteDatabase#insert with parent External/assets.adobedtm.com
06-12 15:06:40.486 D/newrelic(10085): setCarrier(...) called on TransactionState in COMPLETE state
06-12 15:06:40.486 V/newrelic(10085): Added trace a858089f-b4d5-a046-0e07-d0966eb0bb7b missing children: 4
06-12 15:06:40.487 V/newrelic(10085): Registering trace of SQLiteDatabase#insert with parent External/assets.adobedtm.com
06-12 15:06:40.487 V/newrelic(10085): Added trace 1e7392d9-7dfa-425a-52aa-7e322d9ac91a missing children: 4
06-12 15:06:40.487 V/newrelic(10085): Registering trace of SQLiteDatabase#insert with parent External/assets.adobedtm.com
06-12 15:06:40.488 D/newrelic(10085): setWanType(...) called on TransactionState in COMPLETE state
06-12 15:06:40.488 D/newrelic(10085): setUrl(...) called on TransactionState in COMPLETE state
06-12 15:06:40.488 D/newrelic(10085): setHttpMethod(...) called on TransactionState in COMPLETE state
06-12 15:06:40.488 V/newrelic(10085): Added trace 519688f2-5f06-82db-e562-4dc147264fca missing children: 4
06-12 15:06:40.489 V/newrelic(10085): Registering trace of SQLiteDatabase#insert with parent External/assets.adobedtm.com
06-12 15:06:40.489 D/newrelic(10085): setCarrier(...) called on TransactionState in COMPLETE state
06-12 15:06:40.492 V/newrelic(10085): Registering trace of JSONObject#toString with parent External/assets.adobedtm.com
06-12 15:06:40.492 V/newrelic(10085): Added trace a977b372-81f8-43f7-1be4-d417fed34cbf missing children: 5
06-12 15:06:40.493 D/newrelic(10085): setWanType(...) called on TransactionState in COMPLETE state
06-12 15:06:40.493 D/newrelic(10085): setUrl(...) called on TransactionState in COMPLETE state
06-12 15:06:40.493 D/newrelic(10085): setHttpMethod(...) called on TransactionState in COMPLETE state
06-12 15:06:40.494 V/newrelic(10085): Added trace 673cb904-d5a8-126d-2f1d-3f11bb52a51e missing children: 4
06-12 15:06:40.494 V/newrelic(10085): Registering trace of SQLiteDatabase#insert with parent External/assets.adobedtm.com
06-12 15:06:40.496 D/newrelic(10085): setCarrier(...) called on TransactionState in COMPLETE state
06-12 15:06:40.497 V/newrelic(10085): Added trace 1d8ebf29-24bc-2597-8b83-e8cbafd3bc7c missing children: 4
06-12 15:06:40.497 V/newrelic(10085): Registering trace of SQLiteDatabase#insert with parent External/assets.adobedtm.com
06-12 15:06:40.497 V/newrelic(10085): Added trace 77f34e25-00d8-b4d5-6ed7-a5523c2acda4 missing children: 4
06-12 15:06:40.497 V/newrelic(10085): Registering trace of SQLiteDatabase#insert with parent External/assets.adobedtm.com
06-12 15:06:40.498 V/newrelic(10085): Added trace 6969b637-9859-a21a-1e3a-ee5988436f97 missing children: 4
06-12 15:06:40.498 V/newrelic(10085): Registering trace of SQLiteDatabase#insert with parent External/assets.adobedtm.com
06-12 15:06:40.498 D/newrelic(10085): setWanType(...) called on TransactionState in COMPLETE state
06-12 15:06:40.498 D/newrelic(10085): setBytesReceived(...) called on TransactionState in COMPLETE state
06-12 15:06:40.498 D/newrelic(10085): setStatusCode(...) called on TransactionState in COMPLETE state
06-12 15:06:40.505 V/newrelic(10085): Added trace b8fe320d-405c-5762-c28d-f7c7dc456f9a missing children: 4
06-12 15:06:40.505 V/newrelic(10085): Registering trace of SQLiteDatabase#insert with parent External/assets.adobedtm.com
06-12 15:06:40.506 V/newrelic(10085): Added trace f15a6e68-fe18-3630-8e51-dd96aa6269eb missing children: 4
06-12 15:06:40.506 D/stbdpc  (  405): STB_DPGetNumPaths[570]: num_paths: 1
06-12 15:06:40.526 V/newrelic(10085): Registering trace of SQLiteDatabase#query with parent External/assets.adobedtm.com
06-12 15:06:40.527 V/newrelic(10085): Added trace 869027b4-5558-40c2-096a-66fa02d83815 missing children: 4
06-12 15:06:40.549 V/newrelic(10085): Registering trace of SQLiteDatabase#insert with parent External/assets.adobedtm.com
06-12 15:06:40.561 D/newrelic(10085): threadLocalTrace is null
06-12 15:06:40.563 V/newrelic(10085): Added trace f7b19bb7-6549-a286-4696-57c4317b7085 missing children: 4
06-12 15:06:40.572 V/newrelic(10085): Registering trace of SQLiteDatabase#query with parent External/assets.adobedtm.com
06-12 15:06:40.572 V/newrelic(10085): Added trace 45d8d3a5-d6c5-cbcc-8fd0-f40852b1cb5c missing children: 4
06-12 15:06:40.573 V/newrelic(10085): Registering trace of SQLiteDatabase#insert with parent External/assets.adobedtm.com
06-12 15:06:40.574 V/newrelic(10085): Added trace 24cb0a60-9e76-14bc-e4d5-9a0403ed8086 missing children: 4
06-12 15:06:40.574 V/newrelic(10085): Registering trace of SQLiteDatabase#insert with parent External/assets.adobedtm.com
06-12 15:06:40.575 V/newrelic(10085): Added trace 0875b2f5-889a-1b89-a728-963a5b37f30a missing children: 4
06-12 15:06:40.575 V/newrelic(10085): Registering trace of SQLiteDatabase#insert with parent External/assets.adobedtm.com
06-12 15:06:40.575 V/newrelic(10085): Added trace ea56e36a-7b19-51e6-7f96-95df4b6b3da3 missing children: 4
06-12 15:06:40.575 V/newrelic(10085): Registering trace of SQLiteDatabase#insert with parent External/assets.adobedtm.com
06-12 15:06:40.577 V/newrelic(10085): Added trace 9abb27b8-981b-6db9-0c4e-5b789c9f7490 missing children: 4
06-12 15:06:40.577 V/newrelic(10085): Registering trace of SQLiteDatabase#insert with parent External/assets.adobedtm.com
06-12 15:06:40.577 V/newrelic(10085): Added trace 37d7011a-26ea-b10e-42ce-99c2d349b0a8 missing children: 4
06-12 15:06:40.577 V/newrelic(10085): Registering trace of SQLiteDatabase#insert with parent External/assets.adobedtm.com
06-12 15:06:40.578 V/newrelic(10085): Added trace 08629585-cd9e-3d4d-d01c-18d341d837b0 missing children: 4
