06-12 15:06:37.247 V/newrelic(10085): Added trace 2743f445-d0f5-8919-468c-67343d650083 missing children: 0
06-12 15:06:37.247 V/newrelic(10085): Registering trace of SQLiteDatabase#insert with parent Display LunaBaseActivity
06-12 15:06:37.252 V/newrelic(10085): Added trace d30f2f15-1492-68d2-82d2-f8cebabc150b missing children: 0
06-12 15:06:37.252 V/newrelic(10085): Registering trace of SQLiteDatabase#insert with parent Display LunaBaseActivity
06-12 15:06:37.253 V/newrelic(10085): Added trace b58baac3-ed47-73ef-7881-fab927051707 missing children: 0
06-12 15:06:37.254 V/newrelic(10085): Registering trace of SQLiteDatabase#insert with parent Display LunaBaseActivity
06-12 15:06:37.254 V/newrelic(10085): Added trace 11471fbc-820a-58c6-5c97-b72f19ff6da8 missing children: 0
06-12 15:06:37.254 V/newrelic(10085): Registering trace of SQLiteDatabase#insert with parent Display LunaBaseActivity
06-12 15:06:37.255 V/newrelic(10085): Added trace 6cf9ec49-f33b-dfac-e523-43e90e93f8ad missing children: 0
06-12 15:06:37.255 V/newrelic(10085): Registering trace of SQLiteDatabase#insert with parent Display LunaBaseActivity
06-12 15:06:37.255 V/newrelic(10085): Added trace 2a0aaa5a-b1ec-c75f-2296-977f1a3003f7 missing children: 0
06-12 15:06:37.255 V/newrelic(10085): Registering trace of SQLiteDatabase#insert with parent Display LunaBaseActivity
06-12 15:06:37.257 V/newrelic(10085): Added trace 318edd85-a92f-74c7-8d5a-110683a3605c missing children: 0
06-12 15:06:37.257 V/newrelic(10085): Registering trace of SQLiteDatabase#insert with parent Display LunaBaseActivity
06-12 15:06:37.257 V/newrelic(10085): Added trace 7699fd4e-2ba8-69de-381e-56030386b5bb missing children: 0
06-12 15:06:37.300 D/stbdpc  (  405): STB_DPGetNumPaths[570]: num_paths: 1
06-12 15:06:37.329 I/lowmemorykiller(  233): medium memory pressure event is triggered for new strategy
06-12 15:06:37.329 D/lowmemorykiller(  233): LMKD mp_event_psi kill_reasons available are PRESSURE_AFTER_KILL, NOT_RESPONDING, LOW_SWAP_AND_THRASHING, LOW_MEM_AND_SWAP, LOW_MEM_AND_THRASHING, DIRECT_RECL_AND_THRASHING
06-12 15:06:37.329 D/lowmemorykiller(  233): LMKD mp_event_psi kill_reason received= -1
06-12 15:06:37.401 D/stbdpc  (  405): STB_DPGetNumPaths[570]: num_paths: 1
06-12 15:06:37.429 I/lowmemorykiller(  233): medium memory pressure event is triggered for new strategy
06-12 15:06:37.429 D/lowmemorykiller(  233): LMKD mp_event_psi kill_reasons available are PRESSURE_AFTER_KILL, NOT_RESPONDING, LOW_SWAP_AND_THRASHING, LOW_MEM_AND_SWAP, LOW_MEM_AND_THRASHING, DIRECT_RECL_AND_THRASHING
06-12 15:06:37.429 D/lowmemorykiller(  233): LMKD mp_event_psi kill_reason received= -1
06-12 15:06:37.501 D/stbdpc  (  405): STB_DPGetNumPaths[570]: num_paths: 1
06-12 15:06:37.530 I/lowmemorykiller(  233): medium memory pressure event is triggered for new strategy
06-12 15:06:37.530 D/lowmemorykiller(  233): LMKD mp_event_psi kill_reasons available are PRESSURE_AFTER_KILL, NOT_RESPONDING, LOW_SWAP_AND_THRASHING, LOW_MEM_AND_SWAP, LOW_MEM_AND_THRASHING, DIRECT_RECL_AND_THRASHING
06-12 15:06:37.530 D/lowmemorykiller(  233): LMKD mp_event_psi kill_reason received= -1
06-12 15:06:37.601 D/stbdpc  (  405): STB_DPGetNumPaths[570]: num_paths: 1
06-12 15:06:37.629 I/lowmemorykiller(  233): medium memory pressure event is triggered for new strategy
06-12 15:06:37.629 D/lowmemorykiller(  233): LMKD mp_event_psi kill_reasons available are PRESSURE_AFTER_KILL, NOT_RESPONDING, LOW_SWAP_AND_THRASHING, LOW_MEM_AND_SWAP, LOW_MEM_AND_THRASHING, DIRECT_RECL_AND_THRASHING
06-12 15:06:37.630 D/lowmemorykiller(  233): LMKD mp_event_psi kill_reason received= -1
06-12 15:06:37.651 V/newrelic(10085): Registering trace of External/unknownhost with parent Display LunaBaseActivity
06-12 15:06:37.656 D/dvb_iptv(  405): ReadEmmNetworkTask[1537]: EMM Select Timeout Occured 49
06-12 15:06:37.688 I/lowmemorykiller(  233): medium memory pressure event is triggered for new strategy
06-12 15:06:37.688 D/lowmemorykiller(  233): LMKD mp_event_psi kill_reasons available are PRESSURE_AFTER_KILL, NOT_RESPONDING, LOW_SWAP_AND_THRASHING, LOW_MEM_AND_SWAP, LOW_MEM_AND_THRASHING, DIRECT_RECL_AND_THRASHING
06-12 15:06:37.688 D/lowmemorykiller(  233): LMKD mp_event_psi kill_reason received= -1
06-12 15:06:37.701 D/stbdpc  (  405): STB_DPGetNumPaths[570]: num_paths: 1
06-12 15:06:37.728 I/lowmemorykiller(  233): medium memory pressure event is triggered for new strategy
06-12 15:06:37.742 D/newrelic(10085): Event [NetworkRequest] added to queue
06-12 15:06:37.742 D/newrelic(10085): EventManager.addEvent(): Queue is empty, setting first event timestamp to 1749720997742
06-12 15:06:37.762 D/newrelic(10085): OkHttp3TransactionStateUtil: Missing body or content length
06-12 15:06:37.762 V/newrelic(10085): Added trace 51fc5fa7-343a-b7eb-a7d3-aa7a6aec624f missing children: 0
06-12 15:06:37.782 V/newrelic(10085): Registering trace of SQLiteDatabase#query with parent Display LunaBaseActivity
06-12 15:06:37.782 V/newrelic(10085): Added trace 1da7c7b9-7ccc-e0f5-d6fc-2763c66f7b48 missing children: 0
06-12 15:06:37.783 V/newrelic(10085): Registering trace of SQLiteDatabase#insert with parent Display LunaBaseActivity
06-12 15:06:37.793 V/newrelic(10085): Added trace 7d079ce3-bcf5-dc76-c580-734a28d9c297 missing children: 0
06-12 15:06:37.794 V/newrelic(10085): Registering trace of SQLiteDatabase#insert with parent Display LunaBaseActivity
06-12 15:06:37.795 V/newrelic(10085): Added trace 37f70e03-8329-334f-ee84-e12d82d2a609 missing children: 0
06-12 15:06:37.796 V/newrelic(10085): Registering trace of SQLiteDatabase#insert with parent Display LunaBaseActivity
06-12 15:06:37.797 V/newrelic(10085): Added trace c7dfa4f5-38f4-66fc-7d37-19a709969b97 missing children: 0
06-12 15:06:37.799 V/newrelic(10085): Registering trace of SQLiteDatabase#insert with parent Display LunaBaseActivity
06-12 15:06:37.801 D/stbdpc  (  405): STB_DPGetNumPaths[570]: num_paths: 1
06-12 15:06:37.804 V/newrelic(10085): Added trace c62f0e59-1d4f-1808-ee6a-b24ffed76efb missing children: 0
06-12 15:06:37.805 V/newrelic(10085): Registering trace of SQLiteDatabase#insert with parent Display LunaBaseActivity
06-12 15:06:37.806 V/newrelic(10085): Added trace 68fb1998-2a22-9fc3-695d-576354db5486 missing children: 0
06-12 15:06:37.806 V/newrelic(10085): Registering trace of SQLiteDatabase#insert with parent Display LunaBaseActivity
06-12 15:06:37.806 V/newrelic(10085): Added trace 82973527-bb45-1131-d461-6b9fe4f9d530 missing children: 0
06-12 15:06:37.807 V/newrelic(10085): Registering trace of SQLiteDatabase#insert with parent Display LunaBaseActivity
06-12 15:06:37.813 V/newrelic(10085): Added trace eb4eeb0d-606e-d544-fcb8-427348f2e7f0 missing children: 0
06-12 15:06:37.813 V/newrelic(10085): Registering trace of SQLiteDatabase#insert with parent Display LunaBaseActivity
06-12 15:06:37.813 V/newrelic(10085): Added trace 7dad21a2-f871-564e-f1d3-5855028dcc4e missing children: 0
06-12 15:06:37.814 V/newrelic(10085): Registering trace of SQLiteDatabase#insert with parent Display LunaBaseActivity
06-12 15:06:37.814 V/newrelic(10085): Added trace 85f0249b-2d68-6eb0-75c6-2d716db27a36 missing children: 0
06-12 15:06:37.817 V/newrelic(10085): Registering trace of SQLiteDatabase#insert with parent Display LunaBaseActivity
06-12 15:06:37.822 V/newrelic(10085): Added trace a0c6ba41-bf07-8ed7-8528-a68b0909bb0d missing children: 0
06-12 15:06:37.823 V/newrelic(10085): Registering trace of SQLiteDatabase#insert with parent Display LunaBaseActivity
06-12 15:06:37.824 V/newrelic(10085): Added trace f472c909-04be-ce69-0244-181d4d5d4009 missing children: 0
06-12 15:06:37.824 V/newrelic(10085): Registering trace of SQLiteDatabase#insert with parent Display LunaBaseActivity
06-12 15:06:37.825 V/newrelic(10085): Added trace a6325141-7483-5cba-7063-5fc185b249bd missing children: 0
06-12 15:06:37.825 V/newrelic(10085): Registering trace of SQLiteDatabase#insert with parent Display LunaBaseActivity
06-12 15:06:37.826 V/newrelic(10085): Added trace a497bf25-37ca-0484-f6c0-afd7a6aeb4f3 missing children: 0
06-12 15:06:37.826 V/newrelic(10085): Registering trace of SQLiteDatabase#insert with parent Display LunaBaseActivity
06-12 15:06:37.827 V/newrelic(10085): Added trace d286d91d-55f9-b6d7-0d11-f15edc8180bd missing children: 0
06-12 15:06:37.828 I/lowmemorykiller(  233): medium memory pressure event is triggered for new strategy
06-12 15:06:37.828 D/lowmemorykiller(  233): LMKD mp_event_psi kill_reasons available are PRESSURE_AFTER_KILL, NOT_RESPONDING, LOW_SWAP_AND_THRASHING, LOW_MEM_AND_SWAP, LOW_MEM_AND_THRASHING, DIRECT_RECL_AND_THRASHING
06-12 15:06:37.828 D/lowmemorykiller(  233): LMKD mp_event_psi kill_reason received= -1
06-12 15:06:37.832 V/newrelic(10085): Registering trace of SQLiteDatabase#insert with parent Display LunaBaseActivity
06-12 15:06:37.833 V/newrelic(10085): Added trace 4e1bce41-5587-514e-d85e-e026988521ce missing children: 0
06-12 15:06:37.834 V/newrelic(10085): Registering trace of SQLiteDatabase#insert with parent Display LunaBaseActivity
06-12 15:06:37.836 V/newrelic(10085): Added trace bf16291b-7a4b-1383-5bda-452a14633705 missing children: 0
06-12 15:06:37.840 D/rtk_heartbeat(  351): heartbeat_timed_out: heartbeatCmdCount = 1050, expected nextSeqNum = 1050
06-12 15:06:37.842 D/rtk_heartbeat(  351): rtkbt_heartbeat_cmpl_cback: Current SeqNum = 1050,should SeqNum=1050, status = 0
06-12 15:06:37.902 D/stbdpc  (  405): STB_DPGetNumPaths[570]: num_paths: 1
06-12 15:06:37.929 I/lowmemorykiller(  233): medium memory pressure event is triggered for new strategy
06-12 15:06:37.929 D/lowmemorykiller(  233): LMKD mp_event_psi kill_reasons available are PRESSURE_AFTER_KILL, NOT_RESPONDING, LOW_SWAP_AND_THRASHING, LOW_MEM_AND_SWAP, LOW_MEM_AND_THRASHING, DIRECT_RECL_AND_THRASHING
06-12 15:06:37.929 D/lowmemorykiller(  233): LMKD mp_event_psi kill_reason received= -1
06-12 15:06:38.002 D/stbdpc  (  405): STB_DPGetNumPaths[570]: num_paths: 1
06-12 15:06:38.029 I/lowmemorykiller(  233): medium memory pressure event is triggered for new strategy
06-12 15:06:38.029 D/lowmemorykiller(  233): LMKD mp_event_psi kill_reasons available are PRESSURE_AFTER_KILL, NOT_RESPONDING, LOW_SWAP_AND_THRASHING, LOW_MEM_AND_SWAP, LOW_MEM_AND_THRASHING, DIRECT_RECL_AND_THRASHING
06-12 15:06:38.029 D/lowmemorykiller(  233): LMKD mp_event_psi kill_reason received= -1
06-12 15:06:38.102 D/stbdpc  (  405): STB_DPGetNumPaths[570]: num_paths: 1
06-12 15:06:38.129 I/lowmemorykiller(  233): medium memory pressure event is triggered for new strategy
06-12 15:06:38.156 D/dvb_iptv(  405): ReadEmmNetworkTask[1537]: EMM Select Timeout Occured 50
06-12 15:06:38.192 E/TaskPersister(  632): File error accessing recents directory (directory doesn't exist?).
06-12 15:06:38.202 D/stbdpc  (  405): STB_DPGetNumPaths[570]: num_paths: 1
06-12 15:06:38.229 D/JioStbInactivityTimer(  933): Timer: count 180 warningTimeout:10680 timeout:10800
06-12 15:06:38.229 D/JioStbInactivityTimer(  933): isUserActive: Curr:891902 Prev:891902
06-12 15:06:38.230 I/lowmemorykiller(  233): medium memory pressure event is triggered for new strategy
06-12 15:06:38.230 D/lowmemorykiller(  233): LMKD mp_event_psi kill_reasons available are PRESSURE_AFTER_KILL, NOT_RESPONDING, LOW_SWAP_AND_THRASHING, LOW_MEM_AND_SWAP, LOW_MEM_AND_THRASHING, DIRECT_RECL_AND_THRASHING
06-12 15:06:38.230 D/lowmemorykiller(  233): LMKD mp_event_psi kill_reason received= -1
06-12 15:06:38.269 V/newrelic(10085): Registering trace of External/unknownhost with parent Display LunaBaseActivity
06-12 15:06:38.277 V/newrelic(10085): Registering trace of External/unknownhost with parent Display LunaBaseActivity
06-12 15:06:38.302 D/stbdpc  (  405): STB_DPGetNumPaths[570]: num_paths: 1
06-12 15:06:38.330 I/lowmemorykiller(  233): medium memory pressure event is triggered for new strategy
06-12 15:06:38.330 D/lowmemorykiller(  233): LMKD mp_event_psi kill_reasons available are PRESSURE_AFTER_KILL, NOT_RESPONDING, LOW_SWAP_AND_THRASHING, LOW_MEM_AND_SWAP, LOW_MEM_AND_THRASHING, DIRECT_RECL_AND_THRASHING
06-12 15:06:38.330 D/lowmemorykiller(  233): LMKD mp_event_psi kill_reason received= -1
06-12 15:06:38.372 D/newrelic(10085): OkHttp3TransactionStateUtil: Missing body or content length
06-12 15:06:38.373 V/newrelic(10085): Added trace 11b9aab0-bbb3-77c4-d929-f3361ce6734a missing children: 1
06-12 15:06:38.390 V/newrelic(10085): Registering trace of SQLiteDatabase#query with parent Display LunaBaseActivity
06-12 15:06:38.390 V/newrelic(10085): Added trace 0cb1124e-10ec-e019-519d-42526659606c missing children: 1
06-12 15:06:38.392 V/newrelic(10085): Registering trace of SQLiteDatabase#insert with parent Display LunaBaseActivity
06-12 15:06:38.393 V/newrelic(10085): Added trace 923f015a-c7dc-da1d-6683-cb5c80964d24 missing children: 1
06-12 15:06:38.393 V/newrelic(10085): Registering trace of SQLiteDatabase#insert with parent Display LunaBaseActivity
06-12 15:06:38.394 V/newrelic(10085): Added trace e664f8f5-b307-8a34-b441-766e57cce109 missing children: 1
06-12 15:06:38.394 V/newrelic(10085): Registering trace of SQLiteDatabase#insert with parent Display LunaBaseActivity
06-12 15:06:38.394 V/newrelic(10085): Added trace eaabf877-126e-8c78-1b49-fbc9860aa64a missing children: 1
06-12 15:06:38.394 V/newrelic(10085): Registering trace of SQLiteDatabase#insert with parent Display LunaBaseActivity
06-12 15:06:38.395 V/newrelic(10085): Added trace 3de2c508-9ffc-d02f-7281-589f5c87f44f missing children: 1
06-12 15:06:38.395 V/newrelic(10085): Registering trace of SQLiteDatabase#insert with parent Display LunaBaseActivity
06-12 15:06:38.395 V/newrelic(10085): Added trace 826d8e68-ea27-d73d-13d6-0b6bb7c57e56 missing children: 1
06-12 15:06:38.395 V/newrelic(10085): Registering trace of SQLiteDatabase#insert with parent Display LunaBaseActivity
06-12 15:06:38.401 V/newrelic(10085): Added trace 05649bee-0320-f8d9-4c18-32a05adbb73d missing children: 1
06-12 15:06:38.401 V/newrelic(10085): Registering trace of SQLiteDatabase#insert with parent Display LunaBaseActivity
06-12 15:06:38.402 D/stbdpc  (  405): STB_DPGetNumPaths[570]: num_paths: 1
06-12 15:06:38.407 V/newrelic(10085): Added trace d28245c7-8dcb-9b83-1cd1-71812a3c1ea0 missing children: 1
06-12 15:06:38.407 V/newrelic(10085): Registering trace of SQLiteDatabase#insert with parent Display LunaBaseActivity
06-12 15:06:38.408 V/newrelic(10085): Added trace ca20be8c-5b88-9a35-8cbb-bf4f5991cb26 missing children: 1
06-12 15:06:38.408 V/newrelic(10085): Registering trace of SQLiteDatabase#insert with parent Display LunaBaseActivity
06-12 15:06:38.409 V/newrelic(10085): Added trace 438c70ee-f236-48d8-6cb3-84a79d6fc618 missing children: 1
06-12 15:06:38.409 V/newrelic(10085): Registering trace of SQLiteDatabase#insert with parent Display LunaBaseActivity
06-12 15:06:38.409 V/newrelic(10085): Added trace 9ef7f5d1-23c7-cbf9-cde3-ab2db5510c33 missing children: 1
06-12 15:06:38.409 V/newrelic(10085): Registering trace of SQLiteDatabase#insert with parent Display LunaBaseActivity
06-12 15:06:38.410 V/newrelic(10085): Added trace a3aae67d-07cd-b7bc-20b0-8366465747be missing children: 1
06-12 15:06:38.410 V/newrelic(10085): Registering trace of SQLiteDatabase#insert with parent Display LunaBaseActivity
06-12 15:06:38.410 V/newrelic(10085): Added trace e0d50f2e-fe75-2a10-ecd0-a4e3707297dd missing children: 1
06-12 15:06:38.411 V/newrelic(10085): Registering trace of SQLiteDatabase#insert with parent Display LunaBaseActivity
06-12 15:06:38.411 V/newrelic(10085): Added trace 8603c5d5-3b21-d424-8851-2ca2c76df927 missing children: 1
06-12 15:06:38.411 V/newrelic(10085): Registering trace of SQLiteDatabase#insert with parent Display LunaBaseActivity
06-12 15:06:38.416 V/newrelic(10085): Added trace 53cf6919-ae1a-a719-0734-fdb83d012376 missing children: 1
06-12 15:06:38.416 V/newrelic(10085): Registering trace of SQLiteDatabase#insert with parent Display LunaBaseActivity
06-12 15:06:38.417 V/newrelic(10085): Added trace aa334b9e-f808-17f8-9634-e829f9c1f0ff missing children: 1
06-12 15:06:38.417 V/newrelic(10085): Registering trace of SQLiteDatabase#insert with parent Display LunaBaseActivity
06-12 15:06:38.418 V/newrelic(10085): Added trace 28628f8a-8a7e-2ee5-7b20-da1b5ddca2a1 missing children: 1
06-12 15:06:38.430 I/lowmemorykiller(  233): medium memory pressure event is triggered for new strategy
06-12 15:06:38.431 D/lowmemorykiller(  233): LMKD mp_event_psi kill_reasons available are PRESSURE_AFTER_KILL, NOT_RESPONDING, LOW_SWAP_AND_THRASHING, LOW_MEM_AND_SWAP, LOW_MEM_AND_THRASHING, DIRECT_RECL_AND_THRASHING
06-12 15:06:38.431 D/lowmemorykiller(  233): LMKD mp_event_psi kill_reason received= -1
06-12 15:06:38.450 D/newrelic(10085): OkHttp3TransactionStateUtil: Missing body or content length
06-12 15:06:38.454 V/newrelic(10085): Added trace d1b351c0-e780-6306-941f-69cf2c20d09d missing children: 0
06-12 15:06:38.503 D/stbdpc  (  405): STB_DPGetNumPaths[570]: num_paths: 1
06-12 15:06:38.531 I/lowmemorykiller(  233): medium memory pressure event is triggered for new strategy
06-12 15:06:38.531 D/lowmemorykiller(  233): LMKD mp_event_psi kill_reasons available are PRESSURE_AFTER_KILL, NOT_RESPONDING, LOW_SWAP_AND_THRASHING, LOW_MEM_AND_SWAP, LOW_MEM_AND_THRASHING, DIRECT_RECL_AND_THRASHING
06-12 15:06:38.531 D/lowmemorykiller(  233): LMKD mp_event_psi kill_reason received= -1
06-12 15:06:38.603 D/stbdpc  (  405): STB_DPGetNumPaths[570]: num_paths: 1
06-12 15:06:38.612 V/newrelic(10085): Registering trace of External/unknownhost with parent Display LunaBaseActivity
06-12 15:06:38.614 V/newrelic(10085): Registering trace of External/unknownhost with parent Display LunaBaseActivity
06-12 15:06:38.629 V/newrelic(10085): Registering trace of External/unknownhost with parent Display LunaBaseActivity
06-12 15:06:38.631 I/lowmemorykiller(  233): medium memory pressure event is triggered for new strategy
06-12 15:06:38.632 D/lowmemorykiller(  233): LMKD mp_event_psi kill_reasons available are PRESSURE_AFTER_KILL, NOT_RESPONDING, LOW_SWAP_AND_THRASHING, LOW_MEM_AND_SWAP, LOW_MEM_AND_THRASHING, DIRECT_RECL_AND_THRASHING
06-12 15:06:38.632 D/lowmemorykiller(  233): LMKD mp_event_psi kill_reason received= -1
06-12 15:06:38.656 D/dvb_iptv(  405): ReadEmmNetworkTask[1537]: EMM Select Timeout Occured 51
06-12 15:06:38.703 D/stbdpc  (  405): STB_DPGetNumPaths[570]: num_paths: 1
06-12 15:06:38.709 D/newrelic(10085): OkHttp3TransactionStateUtil: Missing body or content length
06-12 15:06:38.710 V/newrelic(10085): Added trace 5e10b644-d5bb-d594-5ac0-7f2c391b9581 missing children: 2
06-12 15:06:38.732 I/lowmemorykiller(  233): medium memory pressure event is triggered for new strategy
06-12 15:06:38.732 D/lowmemorykiller(  233): LMKD mp_event_psi kill_reasons available are PRESSURE_AFTER_KILL, NOT_RESPONDING, LOW_SWAP_AND_THRASHING, LOW_MEM_AND_SWAP, LOW_MEM_AND_THRASHING, DIRECT_RECL_AND_THRASHING
06-12 15:06:38.732 D/lowmemorykiller(  233): LMKD mp_event_psi kill_reason received= -1
06-12 15:06:38.760 I/ThermalService(  986): CPU temperatures: [66.4]
06-12 15:06:38.763 D/newrelic(10085): Event [NetworkRequest] added to queue
06-12 15:06:38.770 I/chatty  (10085): uid=10084(com.discoveryplus.tv.jiotv) NR_TaskQueue-1 identical 1 line
06-12 15:06:38.772 D/newrelic(10085): Event [NetworkRequest] added to queue
06-12 15:06:38.774 D/newrelic(10085): OkHttp3TransactionStateUtil: Missing body or content length
06-12 15:06:38.774 V/newrelic(10085): Added trace e87b3a76-99cd-524b-83bb-64bcdf187b01 missing children: 1
06-12 15:06:38.774 D/newrelic(10085): Event [NetworkRequest] added to queue
06-12 15:06:38.774 D/newrelic(10085): OkHttp3TransactionStateUtil: Missing body or content length
06-12 15:06:38.774 V/newrelic(10085): Added trace 504ce87f-b86c-18fc-1913-f21f613c3dd6 missing children: 0
06-12 15:06:38.782 V/newrelic(10085): Registering trace of Gson#fromJson with parent Display LunaBaseActivity
06-12 15:06:38.803 D/stbdpc  (  405): STB_DPGetNumPaths[570]: num_paths: 1
06-12 15:06:38.840 V/newrelic(10085): Registering trace of SQLiteDatabase#query with parent Display LunaBaseActivity
06-12 15:06:38.841 D/rtk_heartbeat(  351): heartbeat_timed_out: heartbeatCmdCount = 1051, expected nextSeqNum = 1051
06-12 15:06:38.841 V/newrelic(10085): Added trace 702107a8-6ee9-b0df-7a1d-8e567a539263 missing children: 1
06-12 15:06:38.842 V/newrelic(10085): Registering trace of SQLiteDatabase#insert with parent Display LunaBaseActivity
06-12 15:06:38.842 D/rtk_heartbeat(  351): rtkbt_heartbeat_cmpl_cback: Current SeqNum = 1051,should SeqNum=1051, status = 0
06-12 15:06:38.843 V/newrelic(10085): Added trace f90886fd-2413-ebaa-67fe-0a8542c8695e missing children: 1
06-12 15:06:38.844 V/newrelic(10085): Registering trace of SQLiteDatabase#insert with parent Display LunaBaseActivity
06-12 15:06:38.846 V/newrelic(10085): Added trace 7d725c8d-83c5-ac0b-dd8f-dc5217f4a7a0 missing children: 1
06-12 15:06:38.846 V/newrelic(10085): Registering trace of SQLiteDatabase#insert with parent Display LunaBaseActivity
06-12 15:06:38.847 V/newrelic(10085): Added trace b8c3cb12-acc6-0451-8538-01beba195d45 missing children: 1
06-12 15:06:38.847 V/newrelic(10085): Registering trace of SQLiteDatabase#insert with parent Display LunaBaseActivity
06-12 15:06:38.848 V/newrelic(10085): Added trace 2b32aba5-c5b5-20f9-cb61-1270a7413048 missing children: 1
06-12 15:06:38.848 V/newrelic(10085): Registering trace of SQLiteDatabase#insert with parent Display LunaBaseActivity
06-12 15:06:38.849 V/newrelic(10085): Added trace 019907c9-4234-7465-c9c9-9349fdef515c missing children: 1
06-12 15:06:38.849 V/newrelic(10085): Registering trace of SQLiteDatabase#insert with parent Display LunaBaseActivity
06-12 15:06:38.850 V/newrelic(10085): Added trace 5559cfac-91b9-69cc-94f1-6057180869fb missing children: 1
06-12 15:06:38.850 V/newrelic(10085): Registering trace of SQLiteDatabase#insert with parent Display LunaBaseActivity
06-12 15:06:38.852 V/newrelic(10085): Added trace 39e430b1-19e3-d372-29d9-50ed7c13d7be missing children: 1
06-12 15:06:38.852 V/newrelic(10085): Registering trace of SQLiteDatabase#insert with parent Display LunaBaseActivity
06-12 15:06:38.853 V/newrelic(10085): Added trace 9a375028-0610-8818-47d6-7a0e5604c8ef missing children: 1
06-12 15:06:38.854 V/newrelic(10085): Registering trace of SQLiteDatabase#insert with parent Display LunaBaseActivity
06-12 15:06:38.854 V/newrelic(10085): Added trace 06a06e5f-7473-e3b4-326c-b30fd3a00e5c missing children: 1
06-12 15:06:38.856 V/newrelic(10085): Registering trace of SQLiteDatabase#insert with parent Display LunaBaseActivity
06-12 15:06:38.856 V/newrelic(10085): Added trace 2ae77079-246d-6b19-f156-e1fa040898e0 missing children: 1
06-12 15:06:38.856 V/newrelic(10085): Added trace ce09b5dd-158f-1f65-b03a-407fac8cb66d missing children: 0
06-12 15:06:38.857 V/newrelic(10085): Registering trace of SQLiteDatabase#insert with parent Display LunaBaseActivity
06-12 15:06:38.858 V/newrelic(10085): Added trace 26d03aeb-d88e-b4a0-c838-c943486ac579 missing children: 0
06-12 15:06:38.858 V/newrelic(10085): Registering trace of SQLiteDatabase#insert with parent Display LunaBaseActivity
06-12 15:06:38.859 V/newrelic(10085): Added trace 957bef57-9d4f-3faf-4c35-f9fe6f2c9f54 missing children: 0
06-12 15:06:38.859 V/newrelic(10085): Registering trace of SQLiteDatabase#insert with parent Display LunaBaseActivity
06-12 15:06:38.859 V/newrelic(10085): Added trace 041c8e75-aea9-955c-60a8-7ab71ea4f62c missing children: 0
06-12 15:06:38.860 V/newrelic(10085): Registering trace of SQLiteDatabase#insert with parent Display LunaBaseActivity
06-12 15:06:38.860 V/newrelic(10085): Added trace 37bac566-847d-ffe9-fd2c-1abbfd045295 missing children: 0
06-12 15:06:38.860 V/newrelic(10085): Registering trace of SQLiteDatabase#insert with parent Display LunaBaseActivity
06-12 15:06:38.861 E/newrelic(10085): Unable to get obfuscated flag in crash
06-12 15:06:38.861 V/newrelic(10085): Added trace 227d1b9d-b801-d742-103a-56c3381e88e1 missing children: 0
06-12 15:06:38.861 V/newrelic(10085): Registering trace of SQLiteDatabase#insert with parent Display LunaBaseActivity
06-12 15:06:38.861 V/newrelic(10085): Added trace 5d145f9e-5d51-e875-2262-9d525601afb5 missing children: 0
06-12 15:06:38.890 D/newrelic(10085): PayloadController: 0ms. waiting to submit payload [7d777488-2e36-40e5-aaab-f7c394a8fe55].
06-12 15:06:38.903 D/stbdpc  (  405): STB_DPGetNumPaths[570]: num_paths: 1
06-12 15:06:39.003 D/stbdpc  (  405): STB_DPGetNumPaths[570]: num_paths: 1
06-12 15:06:39.007 D/ltts_ip_emm(  405): LTTS_IP_DMXStartEMM[381]: parse_emm_cat_status failed
06-12 15:06:39.056 I/JioBackgroundSchedulerService( 2785): Check schedule  
06-12 15:06:39.068 E/ocessService0:( 2273): failed to create Unix domain socket: Operation not permitted
06-12 15:06:39.104 D/stbdpc  (  405): STB_DPGetNumPaths[570]: num_paths: 1
06-12 15:06:39.125 V/newrelic(10085): Registering trace of External/unknownhost with parent Display LunaBaseActivity
06-12 15:06:39.134 V/newrelic(10085): Trace 26f1dfa9-94ce-b338-ba89-525d1ab08528 is now active
06-12 15:06:39.135 V/newrelic(10085): Registering trace of JSONObject#toString with parent Display LunaBaseActivity
06-12 15:06:39.135 V/newrelic(10085): Added trace 5b53d8d4-1574-2dad-2e5f-eb3b8252a54e missing children: 1
06-12 15:06:39.136 V/newrelic(10085): Trace 26f1dfa9-94ce-b338-ba89-525d1ab08528 is now active
06-12 15:06:39.136 V/newrelic(10085): Registering trace of JSONObject#toString with parent Display LunaBaseActivity
06-12 15:06:39.136 V/newrelic(10085): Added trace 6de42cde-2667-0dfc-c308-e7ae1e70f9a5 missing children: 1
06-12 15:06:39.144 W/        ( 3502): type=1400 audit(0.0:1335): avc: denied { read } for name="arp" dev="proc" ino=4026532018 scontext=u:r:untrusted_app_27:s0:c85,c256,c512,c768 tcontext=u:object_r:proc_net:s0 tclass=file permissive=0 app=com.jio.myhome.mediasharedmp
06-12 15:06:39.156 D/dvb_iptv(  405): ReadEmmNetworkTask[1537]: EMM Select Timeout Occured 52
06-12 15:06:39.204 D/stbdpc  (  405): STB_DPGetNumPaths[570]: num_paths: 1
06-12 15:06:39.229 D/JioStbInactivityTimer(  933): Timer: count 181 warningTimeout:10680 timeout:10800
06-12 15:06:39.230 D/JioStbInactivityTimer(  933): isUserActive: Curr:891902 Prev:891902
06-12 15:06:39.252 D/SharedPreferencesImpl(10085): Time required to fsync /data/user/0/com.discoveryplus.tv.jiotv/shared_prefs/NRPayloadStore.xml: [<1: 0, <2: 0, <4: 0, <8: 2, <16: 1, <32: 0, <64: 0, <128: 0, <256: 0, <512: 1, <1024: 0, <2048: 0, <4096: 0, <8192: 0, <16384: 0, >=16384: 0]
06-12 15:06:39.259 V/newrelic(10085): Registering trace of SQLiteDatabase#query with parent Display LunaBaseActivity
06-12 15:06:39.259 V/newrelic(10085): Added trace e54ae3a4-0366-ba5e-b6cc-555afda87f8e missing children: 1
06-12 15:06:39.260 V/newrelic(10085): Registering trace of SQLiteDatabase#insert with parent Display LunaBaseActivity
06-12 15:06:39.280 V/newrelic(10085): Added trace 88f4bb4e-7e06-e709-5223-386cfcebafae missing children: 1
06-12 15:06:39.281 V/newrelic(10085): Registering trace of SQLiteDatabase#insert with parent Display LunaBaseActivity
06-12 15:06:39.282 V/newrelic(10085): Added trace 6f3b7eed-05b1-0a48-74da-1c73312686b6 missing children: 1
06-12 15:06:39.282 V/newrelic(10085): Registering trace of SQLiteDatabase#insert with parent Display LunaBaseActivity
06-12 15:06:39.282 V/newrelic(10085): Added trace ae5d8106-c2c6-1eb2-97db-7c84bd2d34b0 missing children: 1
06-12 15:06:39.282 V/newrelic(10085): Registering trace of SQLiteDatabase#insert with parent Display LunaBaseActivity
06-12 15:06:39.283 V/newrelic(10085): Added trace 5e13ba53-77dd-d49f-aa76-09aac815ed9c missing children: 1
06-12 15:06:39.283 V/newrelic(10085): Registering trace of SQLiteDatabase#insert with parent Display LunaBaseActivity
06-12 15:06:39.283 V/newrelic(10085): Added trace cda490c0-5642-e6d8-6d56-737dd306af3b missing children: 1
06-12 15:06:39.283 V/newrelic(10085): Registering trace of SQLiteDatabase#insert with parent Display LunaBaseActivity
06-12 15:06:39.283 V/newrelic(10085): Added trace 23ad8abc-7893-868d-e6c2-971054b91029 missing children: 1
06-12 15:06:39.284 V/newrelic(10085): Registering trace of SQLiteDatabase#insert with parent Display LunaBaseActivity
06-12 15:06:39.286 V/newrelic(10085): Added trace 3fbe72b1-8968-128b-1c1e-3807da836c31 missing children: 1
06-12 15:06:39.286 V/newrelic(10085): Registering trace of SQLiteDatabase#insert with parent Display LunaBaseActivity
06-12 15:06:39.288 V/newrelic(10085): Added trace be84aed3-5b51-8dad-329f-a8114bd801dc missing children: 1
06-12 15:06:39.288 V/newrelic(10085): Registering trace of SQLiteDatabase#insert with parent Display LunaBaseActivity
06-12 15:06:39.288 V/newrelic(10085): Added trace 87edd117-b6a4-8893-e69d-0075731fd54b missing children: 1
06-12 15:06:39.288 V/newrelic(10085): Registering trace of SQLiteDatabase#insert with parent Display LunaBaseActivity
06-12 15:06:39.289 V/newrelic(10085): Added trace af94a388-279c-7292-4440-d203d6e06c46 missing children: 1
06-12 15:06:39.289 V/newrelic(10085): Registering trace of SQLiteDatabase#insert with parent Display LunaBaseActivity
06-12 15:06:39.289 V/newrelic(10085): Added trace 8b3c34b6-1fae-85ea-2fff-6f39c578b794 missing children: 1
06-12 15:06:39.290 V/newrelic(10085): Registering trace of SQLiteDatabase#insert with parent Display LunaBaseActivity
06-12 15:06:39.290 V/newrelic(10085): Added trace 5d50a88c-b6a2-c33e-7714-34a05db2bd8c missing children: 1
06-12 15:06:39.291 V/newrelic(10085): Registering trace of SQLiteDatabase#insert with parent Display LunaBaseActivity
06-12 15:06:39.291 V/newrelic(10085): Added trace 729dd14e-e67c-b040-52e0-73724c2cd9ec missing children: 1
06-12 15:06:39.291 V/newrelic(10085): Registering trace of SQLiteDatabase#insert with parent Display LunaBaseActivity
06-12 15:06:39.293 V/newrelic(10085): Added trace 06e7d4db-57a4-cdab-eb7b-e280f276a6e8 missing children: 1
06-12 15:06:39.293 V/newrelic(10085): Registering trace of SQLiteDatabase#insert with parent Display LunaBaseActivity
06-12 15:06:39.294 V/newrelic(10085): Added trace 1c12622e-045e-f876-0060-b95b15eae386 missing children: 1
06-12 15:06:39.294 V/newrelic(10085): Registering trace of SQLiteDatabase#insert with parent Display LunaBaseActivity
06-12 15:06:39.294 V/newrelic(10085): Added trace df473b2a-e2a9-2a46-601b-d9a7fb10eb28 missing children: 1
06-12 15:06:39.304 D/stbdpc  (  405): STB_DPGetNumPaths[570]: num_paths: 1
06-12 15:06:39.336 W/pool-7-thread-1( 3502): type=1400 audit(0.0:1337): avc: denied { read } for name="arp" dev="proc" ino=4026532018 scontext=u:r:untrusted_app_27:s0:c85,c256,c512,c768 tcontext=u:object_r:proc_net:s0 tclass=file permissive=0 app=com.jio.myhome.mediasharedmp
06-12 15:06:39.340 W/pool-7-thread-1( 3502): type=1400 audit(0.0:1338): avc: denied { read } for name="arp" dev="proc" ino=4026532018 scontext=u:r:untrusted_app_27:s0:c85,c256,c512,c768 tcontext=u:object_r:proc_net:s0 tclass=file permissive=0 app=com.jio.myhome.mediasharedmp
06-12 15:06:39.404 D/stbdpc  (  405): STB_DPGetNumPaths[570]: num_paths: 1
06-12 15:06:39.416 I/lowmemorykiller(  233): medium memory pressure event is triggered for new strategy
06-12 15:06:39.416 D/lowmemorykiller(  233): LMKD mp_event_psi kill_reasons available are PRESSURE_AFTER_KILL, NOT_RESPONDING, LOW_SWAP_AND_THRASHING, LOW_MEM_AND_SWAP, LOW_MEM_AND_THRASHING, DIRECT_RECL_AND_THRASHING
06-12 15:06:39.416 D/lowmemorykiller(  233): LMKD mp_event_psi kill_reason received= -1
06-12 15:06:39.447 E/WifiVendorHal(  632): getWifiLinkLayerStats_1_3_Internal(l.973) failed {.code = ERROR_UNKNOWN, .description = unknown error}
06-12 15:06:39.504 D/stbdpc  (  405): STB_DPGetNumPaths[570]: num_paths: 1
06-12 15:06:39.516 I/lowmemorykiller(  233): medium memory pressure event is triggered for new strategy
06-12 15:06:39.516 D/lowmemorykiller(  233): LMKD mp_event_psi kill_reasons available are PRESSURE_AFTER_KILL, NOT_RESPONDING, LOW_SWAP_AND_THRASHING, LOW_MEM_AND_SWAP, LOW_MEM_AND_THRASHING, DIRECT_RECL_AND_THRASHING
06-12 15:06:39.516 D/lowmemorykiller(  233): LMKD mp_event_psi kill_reason received= -1
06-12 15:06:39.536 W/        ( 3502): type=1400 audit(0.0:1339): avc: denied { read } for name="arp" dev="proc" ino=4026532018 scontext=u:r:untrusted_app_27:s0:c85,c256,c512,c768 tcontext=u:object_r:proc_net:s0 tclass=file permissive=0 app=com.jio.myhome.mediasharedmp
06-12 15:06:39.541 I/WifiService(  632): releaseMulticastLock uid=10083
06-12 15:06:39.542 I/JTCLOG  ( 3423): JuiceModel ->  getOldONTDetails() 
06-12 15:06:39.542 I/JTCLOG  ( 3423): JuiceModel -> Constants.BASEURL_PORT_7443:https://jiofiber.local.html:7443/
06-12 15:06:39.542 I/JTCLOG  ( 3423): JuiceModel -> FQDN=jiofiber.local.html
06-12 15:06:39.542 I/JTCLOG  ( 3423): JuiceModel -> getInfo() called with secured https----- -> count : 16
06-12 15:06:39.592 W/[ 1074.945281@1]  audit(    0): audit_lost=1099 audit_rate_limit=5 audit_backlog_limit=64
06-12 15:06:39.592 E/[ 1074.945294@1]  audit(    0): rate limit exceeded
06-12 15:06:39.604 D/stbdpc  (  405): STB_DPGetNumPaths[570]: num_paths: 1
06-12 15:06:39.617 I/lowmemorykiller(  233): medium memory pressure event is triggered for new strategy
06-12 15:06:39.617 D/lowmemorykiller(  233): LMKD mp_event_psi kill_reasons available are PRESSURE_AFTER_KILL, NOT_RESPONDING, LOW_SWAP_AND_THRASHING, LOW_MEM_AND_SWAP, LOW_MEM_AND_THRASHING, DIRECT_RECL_AND_THRASHING
06-12 15:06:39.617 D/lowmemorykiller(  233): LMKD mp_event_psi kill_reason received= -1
06-12 15:06:39.656 D/dvb_iptv(  405): ReadEmmNetworkTask[1537]: EMM Select Timeout Occured 53
06-12 15:06:39.705 D/stbdpc  (  405): STB_DPGetNumPaths[570]: num_paths: 1
06-12 15:06:39.717 I/lowmemorykiller(  233): medium memory pressure event is triggered for new strategy
06-12 15:06:39.784 D/newrelic(10085): Event [NetworkRequest] added to queue
06-12 15:06:39.791 D/newrelic(10085): Event [NetworkRequest] added to queue
06-12 15:06:39.805 D/stbdpc  (  405): STB_DPGetNumPaths[570]: num_paths: 1
06-12 15:06:39.818 I/lowmemorykiller(  233): medium memory pressure event is triggered for new strategy
06-12 15:06:39.841 D/rtk_heartbeat(  351): heartbeat_timed_out: heartbeatCmdCount = 1052, expected nextSeqNum = 1052
06-12 15:06:39.842 D/rtk_heartbeat(  351): rtkbt_heartbeat_cmpl_cback: Current SeqNum = 1052,should SeqNum=1052, status = 0
06-12 15:06:39.905 D/stbdpc  (  405): STB_DPGetNumPaths[570]: num_paths: 1
06-12 15:06:39.918 I/lowmemorykiller(  233): medium memory pressure event is triggered for new strategy
06-12 15:06:39.927 V/newrelic(10085): Registering trace of SQLiteDatabase#query with parent Display LunaBaseActivity
06-12 15:06:39.927 V/newrelic(10085): Added trace 7755169d-d561-4d23-d38b-aad5bbe5926a missing children: 1
06-12 15:06:39.928 V/newrelic(10085): Registering trace of SQLiteDatabase#insert with parent Display LunaBaseActivity
06-12 15:06:40.004 V/newrelic(10085): Added trace a38c1e7d-c848-166e-0cbe-8bf78d147d2e missing children: 1
06-12 15:06:40.005 V/newrelic(10085): Registering trace of SQLiteDatabase#insert with parent Display LunaBaseActivity
06-12 15:06:40.005 D/stbdpc  (  405): STB_DPGetNumPaths[570]: num_paths: 1
06-12 15:06:40.008 I/Choreographer(10085): Skipped 68 frames!  The application may be doing too much work on its main thread.
06-12 15:06:40.009 V/newrelic(10085): Added trace 6aed8e71-a962-1d12-9f2b-ffeab52841f4 missing children: 1
06-12 15:06:40.009 V/newrelic(10085): Registering trace of SQLiteDatabase#insert with parent Display LunaBaseActivity
06-12 15:06:40.010 V/newrelic(10085): Added trace 04d83695-fc97-9efa-0511-f7b9f248ee6e missing children: 1
06-12 15:06:40.010 V/newrelic(10085): Registering trace of SQLiteDatabase#insert with parent Display LunaBaseActivity
06-12 15:06:40.011 V/newrelic(10085): Added trace e6b3e67d-cf86-a9c2-de71-df428485c153 missing children: 1
06-12 15:06:40.011 V/newrelic(10085): Registering trace of SQLiteDatabase#insert with parent Display LunaBaseActivity
06-12 15:06:40.011 V/newrelic(10085): Added trace 89ba0479-9282-9ab0-6fbf-5019b5202d73 missing children: 1
06-12 15:06:40.012 V/newrelic(10085): Registering trace of SQLiteDatabase#insert with parent Display LunaBaseActivity
06-12 15:06:40.013 V/newrelic(10085): Added trace 9919d51a-bbf7-29e5-9b0c-8eac7c1b7a0b missing children: 1
06-12 15:06:40.013 V/newrelic(10085): Registering trace of SQLiteDatabase#insert with parent Display LunaBaseActivity
06-12 15:06:40.014 V/newrelic(10085): Added trace 1f9b36f6-7c14-74cf-2c9f-35a765b5945a missing children: 1
06-12 15:06:40.015 V/newrelic(10085): Registering trace of SQLiteDatabase#insert with parent Display LunaBaseActivity
06-12 15:06:40.015 V/newrelic(10085): Added trace 54cad6a7-3b0c-bbe1-0d99-b39976a2e673 missing children: 1
06-12 15:06:40.015 V/newrelic(10085): Registering trace of SQLiteDatabase#insert with parent Display LunaBaseActivity
06-12 15:06:40.015 V/newrelic(10085): Added trace 70e71f18-2b83-c786-5b0c-7ed701304755 missing children: 1
06-12 15:06:40.016 V/newrelic(10085): Registering trace of SQLiteDatabase#insert with parent Display LunaBaseActivity
06-12 15:06:40.016 V/newrelic(10085): Added trace 94756a03-205b-2852-378c-239ef40b5838 missing children: 1
06-12 15:06:40.016 V/newrelic(10085): Registering trace of SQLiteDatabase#insert with parent Display LunaBaseActivity
06-12 15:06:40.016 V/newrelic(10085): Added trace 38db34b4-c005-c67a-8f97-908086a2e329 missing children: 1
06-12 15:06:40.016 V/newrelic(10085): Registering trace of SQLiteDatabase#insert with parent Display LunaBaseActivity
06-12 15:06:40.017 V/newrelic(10085): Added trace b2cf5d12-8340-7486-b7ec-44fa7c160ed8 missing children: 1
06-12 15:06:40.017 V/newrelic(10085): Registering trace of SQLiteDatabase#insert with parent Display LunaBaseActivity
06-12 15:06:40.017 V/newrelic(10085): Added trace 3a33aae2-00b4-7944-6e9c-4660cdc27bb0 missing children: 1
06-12 15:06:40.018 V/newrelic(10085): Registering trace of SQLiteDatabase#insert with parent Display LunaBaseActivity
06-12 15:06:40.018 I/OpenGLRenderer(10085): Davey! duration=1148ms; Flags=0, IntendedVsync=1074224038877, Vsync=1075358505521, OldestInputEvent=9223372036854775807, NewestInputEvent=0, HandleInputStart=1075365150385, AnimationStart=1075365154052, PerformTraversalsStart=1075365186760, DrawStart=1075367315969, SyncQueued=1075367633677, SyncStart=1075369391885, IssueDrawCommandsStart=1075369502510, SwapBuffers=1075372304052, FrameCompleted=1075374238177, DequeueBufferDuration=1261041, QueueBufferDuration=700875, GpuCompleted=1071997152884, 
06-12 15:06:40.018 V/newrelic(10085): Added trace 5d272942-65e4-44ff-2693-ff0606ee9e28 missing children: 1
06-12 15:06:40.018 V/newrelic(10085): Registering trace of SQLiteDatabase#insert with parent Display LunaBaseActivity
06-12 15:06:40.018 I/lowmemorykiller(  233): medium memory pressure event is triggered for new strategy
06-12 15:06:40.019 I/ryplus.tv.jiot(10085): oneway function results will be dropped but finished with status OK and parcel size 4
06-12 15:06:40.022 I/e.swalekh.abct( 1336): oneway function results will be dropped but finished with status OK and parcel size 4
06-12 15:06:40.023 V/newrelic(10085): Added trace 3226147a-a711-c5f1-cf7c-6b97250eea58 missing children: 1
06-12 15:06:40.024 V/newrelic(10085): Registering trace of SQLiteDatabase#insert with parent Display LunaBaseActivity
06-12 15:06:40.024 V/newrelic(10085): Added trace 7f145ffa-96d1-0ff5-53c8-3ac570f9a4cf missing children: 1
06-12 15:06:40.035 V/newrelic(10085): Registering trace of External/unknownhost with parent Display LunaBaseActivity
06-12 15:06:40.035 V/newrelic(10085): Registering trace of External/unknownhost with parent Display LunaBaseActivity
06-12 15:06:40.037 D/JioSTBMRServer-SERVICE( 3304): InetSocketAddress(InetAddress.getByName(inetAddress.hostAddress)-/192.168.1.255
06-12 15:06:40.037 D/JioSTBMRServer-SERVICE( 3304): #beacon:RKISBFJ60000097:0:false:0:1:SV=181024 , 192.168.1.255
06-12 15:06:40.038 V/newrelic(10085): Registering trace of External/unknownhost with parent Display LunaBaseActivity
06-12 15:06:40.041 D/JioSTBMRServer-SERVICE( 3304): InetSocketAddress(InetAddress.getByName(inetAddress.hostAddress)-/192.168.1.255
06-12 15:06:40.041 D/JioSTBMRServer-SERVICE( 3304): #broadcast IP:192.168.1.255
06-12 15:06:40.052 V/newrelic(10085): Registering trace of SQLiteDatabase#query with parent Display LunaBaseActivity
06-12 15:06:40.053 V/newrelic(10085): Added trace 2446c5d7-9df9-65b4-e478-d69e77bb3fe4 missing children: 4
06-12 15:06:40.062 V/newrelic(10085): Registering trace of SQLiteDatabase#insert with parent Display LunaBaseActivity
06-12 15:06:40.073 V/newrelic(10085): Added trace 352e9d58-aef8-e90f-dac0-0fdde67c7d89 missing children: 4
06-12 15:06:40.073 V/newrelic(10085): Registering trace of SQLiteDatabase#insert with parent Display LunaBaseActivity
06-12 15:06:40.074 V/newrelic(10085): Added trace 49374068-950c-1bee-1681-756ddfdd1246 missing children: 4
06-12 15:06:40.074 V/newrelic(10085): Registering trace of SQLiteDatabase#insert with parent Display LunaBaseActivity
06-12 15:06:40.074 V/newrelic(10085): Added trace a5dc0a01-24c0-ea53-6ffc-8efe8c266e0c missing children: 4
06-12 15:06:40.075 V/newrelic(10085): Registering trace of SQLiteDatabase#insert with parent Display LunaBaseActivity
06-12 15:06:40.075 V/newrelic(10085): Added trace e0ee0561-cd9d-3887-f391-0462b54174e5 missing children: 4
06-12 15:06:40.075 V/newrelic(10085): Registering trace of SQLiteDatabase#insert with parent Display LunaBaseActivity
06-12 15:06:40.075 V/newrelic(10085): Registering trace of JSONObject#toString with parent Display LunaBaseActivity
06-12 15:06:40.076 V/newrelic(10085): Added trace 5484c258-fd0e-5c05-4150-5573a128a300 missing children: 5
06-12 15:06:40.076 V/newrelic(10085): Added trace 4871a9c3-c422-afb9-9018-ac336e4fde0d missing children: 4
06-12 15:06:40.076 V/newrelic(10085): Registering trace of SQLiteDatabase#insert with parent Display LunaBaseActivity
06-12 15:06:40.076 V/newrelic(10085): Added trace 61f59654-5bcb-b76a-b088-2d32c3a787cb missing children: 4
06-12 15:06:40.076 V/newrelic(10085): Registering trace of SQLiteDatabase#insert with parent Display LunaBaseActivity
06-12 15:06:40.076 V/newrelic(10085): Added trace d030b593-7c5a-8673-d72a-6a37a225a5de missing children: 4
06-12 15:06:40.077 V/newrelic(10085): Registering trace of SQLiteDatabase#insert with parent Display LunaBaseActivity
06-12 15:06:40.077 V/newrelic(10085): Added trace 4cc0f528-a9cf-5db9-d737-db19991932e5 missing children: 4
06-12 15:06:40.077 V/newrelic(10085): Registering trace of SQLiteDatabase#insert with parent Display LunaBaseActivity
06-12 15:06:40.077 V/newrelic(10085): Added trace 5483805a-62b0-b4d8-da59-80ef6638eccc missing children: 4
06-12 15:06:40.077 V/newrelic(10085): Registering trace of SQLiteDatabase#insert with parent Display LunaBaseActivity
06-12 15:06:40.078 V/newrelic(10085): Added trace a8b211d1-c9ad-229f-f461-176797a0345e missing children: 4
06-12 15:06:40.078 V/newrelic(10085): Registering trace of SQLiteDatabase#insert with parent Display LunaBaseActivity
06-12 15:06:40.078 V/newrelic(10085): Added trace ecdd1da3-de8e-d8be-4608-787b5e01d21d missing children: 4
06-12 15:06:40.078 V/newrelic(10085): Registering trace of SQLiteDatabase#insert with parent Display LunaBaseActivity
06-12 15:06:40.078 V/newrelic(10085): Added trace 0ed0178f-903e-a6bd-add1-1641b981b455 missing children: 4
06-12 15:06:40.079 V/newrelic(10085): Registering trace of SQLiteDatabase#insert with parent Display LunaBaseActivity
06-12 15:06:40.079 V/newrelic(10085): Added trace 927d5983-faff-b830-6446-af223923fa6e missing children: 4
06-12 15:06:40.079 V/newrelic(10085): Registering trace of SQLiteDatabase#insert with parent Display LunaBaseActivity
06-12 15:06:40.079 V/newrelic(10085): Added trace 21e36e64-92ec-8229-cf76-a02ee4d0e182 missing children: 4
06-12 15:06:40.092 V/newrelic(10085): Registering trace of SQLiteDatabase#insert with parent Display LunaBaseActivity
06-12 15:06:40.092 V/newrelic(10085): Added trace 27b5c50e-0e50-93ed-7a9f-79ceb1d2662f missing children: 4
06-12 15:06:40.092 V/newrelic(10085): Registering trace of SQLiteDatabase#insert with parent Display LunaBaseActivity
06-12 15:06:40.094 V/newrelic(10085): Added trace 4faf0f97-d502-3ee9-7932-ba9d3aa9afad missing children: 4
06-12 15:06:40.098 V/newrelic(10085): Registering trace of External/unknownhost with parent Display LunaBaseActivity
06-12 15:06:40.105 D/stbdpc  (  405): STB_DPGetNumPaths[570]: num_paths: 1
06-12 15:06:40.118 V/newrelic(10085): Registering trace of SQLiteDatabase#query with parent Display LunaBaseActivity
06-12 15:06:40.118 V/newrelic(10085): Added trace 0b4fea34-fc97-237b-79e5-e059d294e634 missing children: 5
06-12 15:06:40.119 I/lowmemorykiller(  233): medium memory pressure event is triggered for new strategy
06-12 15:06:40.124 E/AdobeExperienceSDK(10085): URLBuilder - Failed to generate the URL for (server:null,  path:/b/ss/0/JAVA-1.2.4-1.11.1-AN/s, query:)
06-12 15:06:40.125 E/AdobeExperienceSDK(10085): URLBuilder - Failed to generate the URL for (server:null,  path:/b/ss/0/JAVA-1.2.4-1.11.1-AN/s, query:)
06-12 15:06:40.140 D/newrelic(10085): OkHttp3TransactionStateUtil: Missing body or content length
06-12 15:06:40.140 V/newrelic(10085): Added trace 1d5c189f-61f1-4b80-8280-c32796466ca3 missing children: 4
06-12 15:06:40.150 V/newrelic(10085): Registering trace of SQLiteDatabase#query with parent Display LunaBaseActivity
06-12 15:06:40.150 V/newrelic(10085): Added trace ea020389-445c-47c3-65ff-a313ae6c0be0 missing children: 4
06-12 15:06:40.152 V/newrelic(10085): Registering trace of SQLiteDatabase#insert with parent Display LunaBaseActivity
06-12 15:06:40.154 V/newrelic(10085): Added trace 9974578a-7ed5-cd50-ecbb-ca1a9fef7e89 missing children: 4
06-12 15:06:40.154 V/newrelic(10085): Registering trace of SQLiteDatabase#insert with parent Display LunaBaseActivity
06-12 15:06:40.155 V/newrelic(10085): Added trace deb22238-df93-4d5f-616f-81356884fc54 missing children: 4
06-12 15:06:40.155 V/newrelic(10085): Registering trace of SQLiteDatabase#insert with parent Display LunaBaseActivity
06-12 15:06:40.155 V/newrelic(10085): Added trace 2b5d9fab-a2ac-9b4c-0bf7-c6f8606f52b2 missing children: 4
06-12 15:06:40.156 V/newrelic(10085): Registering trace of SQLiteDatabase#insert with parent Display LunaBaseActivity
06-12 15:06:40.156 V/newrelic(10085): Added trace 9d629110-66f5-ff48-b3a4-236c14057a3d missing children: 4
06-12 15:06:40.156 V/newrelic(10085): Registering trace of SQLiteDatabase#insert with parent Display LunaBaseActivity
06-12 15:06:40.157 D/dvb_iptv(  405): ReadEmmNetworkTask[1537]: EMM Select Timeout Occured 54
06-12 15:06:40.157 V/newrelic(10085): Added trace f1dd8df0-5030-e848-92c3-a4ee7c1f1bc8 missing children: 4
06-12 15:06:40.157 V/newrelic(10085): Registering trace of SQLiteDatabase#insert with parent Display LunaBaseActivity
06-12 15:06:40.157 V/newrelic(10085): Added trace 1150a5b6-6041-4940-480a-47562e1bd2b0 missing children: 4
06-12 15:06:40.157 V/newrelic(10085): Registering trace of SQLiteDatabase#insert with parent Display LunaBaseActivity
06-12 15:06:40.158 V/newrelic(10085): Added trace 05c21572-623f-1590-f5c3-295bb06bc078 missing children: 4
06-12 15:06:40.158 V/newrelic(10085): Registering trace of SQLiteDatabase#insert with parent Display LunaBaseActivity
06-12 15:06:40.158 V/newrelic(10085): Added trace 11ea15da-53be-90be-9f26-3436efd54595 missing children: 4
06-12 15:06:40.158 V/newrelic(10085): Registering trace of SQLiteDatabase#insert with parent Display LunaBaseActivity
06-12 15:06:40.158 V/newrelic(10085): Added trace 7f610590-9721-6566-306e-1986391cf385 missing children: 4
06-12 15:06:40.159 V/newrelic(10085): Registering trace of SQLiteDatabase#insert with parent Display LunaBaseActivity
06-12 15:06:40.159 V/newrelic(10085): Added trace 510f73aa-c06d-b76e-d0b5-cb7307720c25 missing children: 4
06-12 15:06:40.159 V/newrelic(10085): Registering trace of SQLiteDatabase#insert with parent Display LunaBaseActivity
06-12 15:06:40.160 V/newrelic(10085): Added trace db35ce71-4c47-a57d-e372-d315eb532244 missing children: 4
06-12 15:06:40.160 V/newrelic(10085): Registering trace of SQLiteDatabase#insert with parent Display LunaBaseActivity
06-12 15:06:40.160 V/newrelic(10085): Added trace db79ba5f-897c-edad-dcd4-29161cc3af72 missing children: 4
06-12 15:06:40.161 V/newrelic(10085): Registering trace of SQLiteDatabase#insert with parent Display LunaBaseActivity
06-12 15:06:40.161 V/newrelic(10085): Added trace d5c35576-e859-a97e-06a3-74965fe4b31e missing children: 4
06-12 15:06:40.161 V/newrelic(10085): Registering trace of SQLiteDatabase#insert with parent Display LunaBaseActivity
06-12 15:06:40.161 V/newrelic(10085): Added trace 8694eab2-6af8-550e-f4c0-d44d798faedf missing children: 4
06-12 15:06:40.161 V/newrelic(10085): Registering trace of SQLiteDatabase#insert with parent Display LunaBaseActivity
06-12 15:06:40.162 V/newrelic(10085): Added trace 3d2bd9d1-362e-9586-7f2f-95f5dbb49411 missing children: 4
06-12 15:06:40.162 V/newrelic(10085): Registering trace of SQLiteDatabase#insert with parent Display LunaBaseActivity
06-12 15:06:40.162 V/newrelic(10085): Added trace ff61b75d-16db-72d7-162c-7fea943076a4 missing children: 4
06-12 15:06:40.205 D/stbdpc  (  405): STB_DPGetNumPaths[570]: num_paths: 1
06-12 15:06:40.208 D/newrelic(10085): OkHttp3TransactionStateUtil: Missing body or content length
06-12 15:06:40.209 V/newrelic(10085): Added trace 68e03730-88d3-0c67-51a2-a07bf13e92a5 missing children: 3
06-12 15:06:40.212 D/newrelic(10085): OkHttp3TransactionStateUtil: Missing body or content length
06-12 15:06:40.212 V/newrelic(10085): Added trace 66192730-b891-1fd2-e451-f35fac53d2c8 missing children: 2
06-12 15:06:40.219 I/lowmemorykiller(  233): medium memory pressure event is triggered for new strategy
