06-12 15:49:09.503 W/[ 3624.859393@3]  RTW(    0): fill_default_txdesc(wlan0): SP Packet(0x0806) rate=0x4 SeqNum = 408
06-12 15:49:09.732 W/[ 3625.085094@3]  RTW(    0): Turbo EDCA =0x5ea42b
06-12 15:49:11.752 W/[ 3627.104761@3]  RTW(    0): Turbo EDCA =0xa42b
06-12 15:49:13.071 F/linker  (22779): CANNOT LINK EXECUTABLE "/system/bin/smartcable/smartCableSTBApp": library "libmosquitto.so" not found: needed by main executable
06-12 15:49:13.767 W/[ 3629.120850@2]  RTW(    0): Turbo EDCA =0x5ea42b
06-12 15:49:14.603 W/[ 3629.959463@0]  RTW(    0): fill_default_txdesc(wlan0): SP Packet(0x0806) rate=0x4 SeqNum = 890
06-12 15:49:15.779 W/[ 3631.132791@2]  RTW(    0): Turbo EDCA =0xa42b
06-12 15:49:17.795 W/[ 3633.148821@2]  RTW(    0): Turbo EDCA =0x5ea42b
06-12 15:49:18.077 F/linker  (22852): CANNOT LINK EXECUTABLE "/system/bin/smartcable/smartCableSTBApp": library "libmosquitto.so" not found: needed by main executable
06-12 15:49:19.345 W/[ 3634.698466@0]  RTW(    0): fill_default_txdesc(wlan0): SP Packet(0x0806) rate=0x4 SeqNum = 1234
06-12 15:49:19.815 W/[ 3635.168855@0]  RTW(    0): Turbo EDCA =0xa42b
06-12 15:49:21.827 W/[ 3637.181326@0]  RTW(    0): Turbo EDCA =0x5ea42b
06-12 15:49:23.082 F/linker  (22905): CANNOT LINK EXECUTABLE "/system/bin/smartcable/smartCableSTBApp": library "libmosquitto.so" not found: needed by main executable
06-12 15:49:23.843 W/[ 3639.196830@2]  RTW(    0): Turbo EDCA =0xa42b
06-12 15:49:24.427 W/[ 3639.784179@1]  RTW(    0): fill_default_txdesc(wlan0): SP Packet(0x0806) rate=0x4 SeqNum = 1602
06-12 15:49:25.859 W/[ 3641.212791@1]  RTW(    0): Turbo EDCA =0x5ea42b
06-12 15:49:27.879 W/[ 3643.233506@3]  RTW(    0): Turbo EDCA =0xa42b
06-12 15:49:28.087 F/linker  (22963): CANNOT LINK EXECUTABLE "/system/bin/smartcable/smartCableSTBApp": library "libmosquitto.so" not found: needed by main executable
06-12 15:49:29.516 W/[ 3644.870153@1]  RTW(    0): fill_default_txdesc(wlan0): SP Packet(0x0806) rate=0x4 SeqNum = 1949
06-12 15:49:29.895 W/[ 3645.248765@2]  RTW(    0): Turbo EDCA =0x5ea42b
06-12 15:49:31.908 W/[ 3647.260837@3]  RTW(    0): Turbo EDCA =0xa42b
06-12 15:49:33.093 F/linker  (23022): CANNOT LINK EXECUTABLE "/system/bin/smartcable/smartCableSTBApp": library "libmosquitto.so" not found: needed by main executable
06-12 15:49:33.923 W/[ 3649.276808@2]  RTW(    0): Turbo EDCA =0x5ea42b
06-12 15:49:34.669 W/[ 3650.024700@0]  RTW(    0): fill_default_txdesc(wlan0): SP Packet(0x0806) rate=0x4 SeqNum = 2358
06-12 15:49:35.940 W/[ 3651.292776@1]  RTW(    0): Turbo EDCA =0xa42b
06-12 15:49:37.956 W/[ 3653.312852@3]  RTW(    0): Turbo EDCA =0x5ea42b
06-12 15:49:38.101 F/linker  (23034): CANNOT LINK EXECUTABLE "/system/bin/smartcable/smartCableSTBApp": library "libmosquitto.so" not found: needed by main executable
06-12 15:49:38.242 W/[ 3653.596793@2]  RTW(    0): fill_default_txdesc(wlan0): SP Packet(0x0806) rate=0x4 SeqNum = 2614
06-12 15:49:39.235 W/[ 3654.590033@1]  RTW(    0): fill_default_txdesc(wlan0): SP Packet(0x0806) rate=0x4 SeqNum = 2734
06-12 15:49:39.899 W/[ 3655.252805@1]  audit(    0): audit_lost=3971 audit_rate_limit=5 audit_backlog_limit=64
06-12 15:49:39.900 E/[ 3655.252815@1]  audit(    0): rate limit exceeded
06-12 15:49:39.971 W/[ 3655.324795@1]  RTW(    0): Turbo EDCA =0xa42b
06-12 15:49:41.988 W/[ 3657.340732@0]  RTW(    0): Turbo EDCA =0x5ea42b
06-12 15:49:43.109 F/linker  (23051): CANNOT LINK EXECUTABLE "/system/bin/smartcable/smartCableSTBApp": library "libmosquitto.so" not found: needed by main executable
06-12 15:49:44.001 W/[ 3659.356847@0]  RTW(    0): Turbo EDCA =0xa42b
06-12 15:49:44.355 W/[ 3659.710198@0]  RTW(    0): fill_default_txdesc(wlan0): SP Packet(0x0806) rate=0x4 SeqNum = 3148
06-12 15:49:46.016 W/[ 3661.372815@3]  RTW(    0): Turbo EDCA =0x5ea42b
06-12 15:49:48.035 W/[ 3663.388807@3]  RTW(    0): Turbo EDCA =0xa42b
06-12 15:49:48.117 F/linker  (23067): CANNOT LINK EXECUTABLE "/system/bin/smartcable/smartCableSTBApp": library "libmosquitto.so" not found: needed by main executable
06-12 15:49:49.483 W/[ 3664.840512@3]  RTW(    0): fill_default_txdesc(wlan0): SP Packet(0x0806) rate=0x4 SeqNum = 3516
06-12 15:49:50.051 W/[ 3665.404813@0]  RTW(    0): Turbo EDCA =0x5ea42b
06-12 15:49:52.067 W/[ 3667.420905@1]  RTW(    0): Turbo EDCA =0xa42b
06-12 15:49:53.122 F/linker  (23081): CANNOT LINK EXECUTABLE "/system/bin/smartcable/smartCableSTBApp": library "libmosquitto.so" not found: needed by main executable
06-12 15:49:54.083 W/[ 3669.436955@0]  RTW(    0): Turbo EDCA =0x5ea42b
06-12 15:49:54.595 W/[ 3669.950812@2]  RTW(    0): fill_default_txdesc(wlan0): SP Packet(0x0806) rate=0x4 SeqNum = 3962
06-12 15:49:56.099 W/[ 3671.453355@1]  RTW(    0): Turbo EDCA =0xa42b
06-12 15:49:58.115 W/[ 3673.468843@2]  RTW(    0): Turbo EDCA =0x5ea42b
06-12 15:49:58.127 F/linker  (23092): CANNOT LINK EXECUTABLE "/system/bin/smartcable/smartCableSTBApp": library "libmosquitto.so" not found: needed by main executable
06-12 15:49:59.444 W/[ 3674.797296@0]  RTW(    0): fill_default_txdesc(wlan0): SP Packet(0x0806) rate=0x4 SeqNum = 212
06-12 15:50:00.131 W/[ 3675.484964@2]  RTW(    0): Turbo EDCA =0xa42b
06-12 15:50:02.147 W/[ 3677.500789@3]  RTW(    0): Turbo EDCA =0x5ea42b
06-12 15:50:03.139 F/linker  (23109): CANNOT LINK EXECUTABLE "/system/bin/smartcable/smartCableSTBApp": library "libmosquitto.so" not found: needed by main executable
06-12 15:50:04.163 W/[ 3679.516805@2]  RTW(    0): Turbo EDCA =0xa42b
06-12 15:50:04.536 W/[ 3679.890186@1]  RTW(    0): fill_default_txdesc(wlan0): SP Packet(0x0806) rate=0x4 SeqNum = 588
06-12 15:50:05.380 W/[ 3680.732768@0]  RTW(    0): fill_default_txdesc(wlan0): SP Packet(0x0806) rate=0x4 SeqNum = 641
06-12 15:50:06.179 W/[ 3681.532736@1]  RTW(    0): Turbo EDCA =0x5ea42b
06-12 15:50:08.145 F/linker  (23119): CANNOT LINK EXECUTABLE "/system/bin/smartcable/smartCableSTBApp": library "libmosquitto.so" not found: needed by main executable
06-12 15:50:08.199 W/[ 3683.553613@3]  RTW(    0): Turbo EDCA =0xa42b
06-12 15:50:09.343 W/[ 3684.699441@1]  RTW(    0): fill_default_txdesc(wlan0): SP Packet(0x0806) rate=0x4 SeqNum = 915
06-12 15:50:10.211 W/[ 3685.564753@2]  RTW(    0): Turbo EDCA =0x5ea42b
06-12 15:50:12.228 W/[ 3687.580859@1]  RTW(    0): Turbo EDCA =0xa42b
06-12 15:50:13.151 F/linker  (23138): CANNOT LINK EXECUTABLE "/system/bin/smartcable/smartCableSTBApp": library "libmosquitto.so" not found: needed by main executable
06-12 15:50:14.244 W/[ 3689.596799@1]  RTW(    0): Turbo EDCA =0x5ea42b
06-12 15:50:15.123 W/[ 3690.479873@1]  RTW(    0): fill_default_txdesc(wlan0): SP Packet(0x0806) rate=0x4 SeqNum = 1441
06-12 15:50:16.259 W/[ 3691.612736@2]  RTW(    0): Turbo EDCA =0xa42b
06-12 15:50:18.155 F/linker  (23149): CANNOT LINK EXECUTABLE "/system/bin/smartcable/smartCableSTBApp": library "libmosquitto.so" not found: needed by main executable
06-12 15:50:18.279 W/[ 3693.632794@2]  RTW(    0): Turbo EDCA =0x5ea42b
06-12 15:50:19.207 W/[ 3694.561502@1]  RTW(    0): fill_default_txdesc(wlan0): SP Packet(0x0806) rate=0x4 SeqNum = 1766
06-12 15:50:20.292 W/[ 3695.644806@3]  RTW(    0): Turbo EDCA =0xa42b
06-12 15:50:20.739 W/[ 3696.092778@2]  RTW(    0): fill_default_txdesc(wlan0): SP Packet(0x0806) rate=0x4 SeqNum = 1862
06-12 15:50:22.311 W/[ 3697.665319@3]  RTW(    0): Turbo EDCA =0x5ea42b
06-12 15:50:23.166 F/linker  (23161): CANNOT LINK EXECUTABLE "/system/bin/smartcable/smartCableSTBApp": library "libmosquitto.so" not found: needed by main executable
06-12 15:50:24.304 W/[ 3699.659893@3]  RTW(    0): fill_default_txdesc(wlan0): SP Packet(0x0806) rate=0x4 SeqNum = 2123
06-12 15:50:24.324 W/[ 3699.676848@1]  RTW(    0): Turbo EDCA =0xa42b
06-12 15:50:26.339 W/[ 3701.692810@3]  RTW(    0): Turbo EDCA =0x5ea42b
06-12 15:50:28.175 F/linker  (23175): CANNOT LINK EXECUTABLE "/system/bin/smartcable/smartCableSTBApp": library "libmosquitto.so" not found: needed by main executable
06-12 15:50:28.355 W/[ 3703.708790@1]  RTW(    0): Turbo EDCA =0xa42b
06-12 15:50:29.403 W/[ 3704.759757@1]  RTW(    0): fill_default_txdesc(wlan0): SP Packet(0x0806) rate=0x4 SeqNum = 2492
06-12 15:50:30.371 W/[ 3705.724939@0]  RTW(    0): Turbo EDCA =0x5ea42b
06-12 15:50:32.388 W/[ 3707.741008@0]  RTW(    0): Turbo EDCA =0xa42b
06-12 15:50:33.173 F/linker  (23187): CANNOT LINK EXECUTABLE "/system/bin/smartcable/smartCableSTBApp": library "libmosquitto.so" not found: needed by main executable
06-12 15:50:34.403 W/[ 3709.756949@1]  RTW(    0): Turbo EDCA =0x5ea42b
06-12 15:50:34.507 W/[ 3709.860835@0]  RTW(    0): fill_default_txdesc(wlan0): SP Packet(0x0806) rate=0x4 SeqNum = 2878
06-12 15:50:35.075 W/[ 3710.428830@2]  RTW(    0): fill_default_txdesc(wlan0): SP Packet(0x0806) rate=0x4 SeqNum = 2909
06-12 15:50:38.177 F/linker  (23203): CANNOT LINK EXECUTABLE "/system/bin/smartcable/smartCableSTBApp": library "libmosquitto.so" not found: needed by main executable
06-12 15:50:39.427 W/[ 3714.784339@2]  RTW(    0): fill_default_txdesc(wlan0): SP Packet(0x0806) rate=0x4 SeqNum = 3179
06-12 15:50:39.899 W/[ 3715.256517@2]  audit(    0): audit_lost=3974 audit_rate_limit=5 audit_backlog_limit=64
06-12 15:50:39.900 E/[ 3715.256531@2]  audit(    0): rate limit exceeded
06-12 15:50:42.468 W/[ 3717.820855@1]  RTW(    0): Turbo EDCA =0xa42b
06-12 15:50:43.185 F/linker  (23221): CANNOT LINK EXECUTABLE "/system/bin/smartcable/smartCableSTBApp": library "libmosquitto.so" not found: needed by main executable
06-12 15:50:44.559 W/[ 3719.913097@1]  RTW(    0): fill_default_txdesc(wlan0): SP Packet(0x0806) rate=0x4 SeqNum = 27
06-12 15:50:46.500 W/[ 3721.852751@2]  RTW(    0): Turbo EDCA =0x5ea42b
06-12 15:50:48.190 F/linker  (23240): CANNOT LINK EXECUTABLE "/system/bin/smartcable/smartCableSTBApp": library "libmosquitto.so" not found: needed by main executable
06-12 15:50:49.673 W/[ 3725.027708@3]  RTW(    0): fill_default_txdesc(wlan0): SP Packet(0x0806) rate=0x4 SeqNum = 353
06-12 15:50:53.197 F/linker  (23250): CANNOT LINK EXECUTABLE "/system/bin/smartcable/smartCableSTBApp": library "libmosquitto.so" not found: needed by main executable
06-12 15:50:54.943 W/[ 3730.300045@3]  RTW(    0): fill_default_txdesc(wlan0): SP Packet(0x0806) rate=0x4 SeqNum = 674
06-12 15:50:58.202 F/linker  (23265): CANNOT LINK EXECUTABLE "/system/bin/smartcable/smartCableSTBApp": library "libmosquitto.so" not found: needed by main executable
06-12 15:50:59.020 W/        (    0): [ 3734.375806@1]  [41] H265 EOS notify.
06-12 15:50:59.020 I/[ 3734.375817@2]  dim(    0): ch[2] in eos COMP
06-12 15:50:59.020 D/[ 3734.375963@2]  [amlv4l](    0): [41]: Post event: eos
06-12 15:50:59.020 I/[ 3734.376549@3]  [amlv4l](    0): [41]: reset mode: 1, es frames buffering: 0
06-12 15:50:59.020 D/[ 3734.376726@3]  [h265](    0): [0]h265:pts_unstable=0
06-12 15:50:59.020 D/[ 3734.376733@3]  [h265](    0): [0]h265: ver (201602101,0) decinfo: 0x0 rate=4000
06-12 15:50:59.023 I/[ 3734.378625@3]  [amlv4l](    0): [41]: reset mode: 1, es frames buffering: 0
06-12 15:50:59.023 D/[ 3734.378686@3]  [h265](    0): [0]h265:pts_unstable=0
06-12 15:50:59.024 D/[ 3734.378691@3]  [h265](    0): [0]h265: ver (201602101,0) decinfo: 0x0 rate=4000
06-12 15:50:59.043 I/[ 3734.396662@1]  dim(    0): unreg:2keep[0], msk:[0x0,0x0]
06-12 15:50:59.052 I/[ 3734.406760@1]  vpu(    0): vpu: vpu_dev_clk_gate_off: unsupport vpu mod: 72
06-12 15:50:59.053 I/[ 3734.406844@3]  dim(    0): unreg:use[26]ms
06-12 15:50:59.053 I/[ 3734.406854@3]  dim(    0): di_destroy_instance:ch[2]:end
06-12 15:50:59.053 I/[ 3734.407492@1]  dim(    0): reg:use[1]ms
06-12 15:50:59.053 I/[ 3734.407505@1]  dim(    0): create:ch[2],tmode[3]
06-12 15:50:59.053 I/[ 3734.407510@1]  dim(    0): out:0xa0000000
06-12 15:50:59.312 I/[ 3734.665288@3]  [amlv4l](    0): [41]: reset mode: 1, es frames buffering: 0
06-12 15:50:59.316 D/[ 3734.665388@3]  [h265](    0): [0]h265:pts_unstable=0
06-12 15:50:59.316 D/[ 3734.665399@3]  [h265](    0): [0]h265: ver (201602101,0) decinfo: 0x0 rate=4000
06-12 15:50:59.317 I/[ 3734.668883@0]  [amlv4l](    0): [41]: reset mode: 1, es frames buffering: 0
06-12 15:50:59.317 D/[ 3734.668961@0]  [h265](    0): [0]h265:pts_unstable=0
06-12 15:50:59.317 D/[ 3734.668971@0]  [h265](    0): [0]h265: ver (201602101,0) decinfo: 0x0 rate=4000
06-12 15:50:59.344 I/[ 3734.696648@0]  [amlv4l](    0): [41]: reset mode: 1, es frames buffering: 0
06-12 15:50:59.344 D/[ 3734.696718@0]  [h265](    0): [0]h265:pts_unstable=0
06-12 15:50:59.344 D/[ 3734.696724@0]  [h265](    0): [0]h265: ver (201602101,0) decinfo: 0x0 rate=4000
06-12 15:50:59.347 D/[ 3734.703730@0]  [amlcom](    0): vdec_release instance 000000003d1aa9ed, total 1
06-12 15:50:59.348 D/[ 3734.703802@0]  [media_clock](    0): the clk_hevcf_mux   clock off, ref cnt: 0
06-12 15:50:59.348 D/[ 3734.703813@0]  [media_clock](    0): the clk_hevcb_mux   clock off, ref cnt: 0
06-12 15:50:59.352 I/[ 3734.705184@1]  dim(    0): unreg:use[1]ms
06-12 15:50:59.352 I/[ 3734.705200@1]  dim(    0): di_destroy_instance:ch[2]:end
06-12 15:50:59.352 I/[ 3734.706354@1]  resman(    0): 64 release [decoder]
06-12 15:50:59.352 I/[ 3734.706368@1]  resman(    0): 64 release [codec_mm]
06-12 15:50:59.363 I/[ 3734.720078@0]  vc(    0): [0]vc: set enable index=0, val=0
06-12 15:50:59.364 I/[ 3734.720101@0]  VID(    0): store VD0 path_id changed 2->-1
06-12 15:50:59.364 I/        (    0): [ 3734.720104@0]  dev->index =0, val=1
06-12 15:50:59.364 I/[ 3734.720108@0]  VID(    0): VD1 off
06-12 15:50:59.364 I/[ 3734.720113@0]  VID(    0): VD1 set global output as 0
06-12 15:50:59.364 I/        (    0): [ 3734.720132@0]  common_vf_unreg_provider video_render.0: vd1 used: true, vd2 used: false, vd3 used: false, black_out:0, cur_buf:000000000d37ac90
06-12 15:50:59.371 E/        (    0): [ 3734.725315@0]  disalbe fastplay
06-12 15:50:59.384 E/[ 3734.741101@0]  Warn(    0): TVP pool will release later.
06-12 15:50:59.384 I/        (    0): [ 3734.741115@0]  tvp_user_count is 0
06-12 15:50:59.384 I/[ 3734.741121@0]  resman(    0): 66 release [tvp]
06-12 15:50:59.392 E/[ 3734.746691@1]  Warn(    0): TVP pool will release later.
06-12 15:50:59.392 E/[ 3734.746829@0]  Warn(    0): TVP pool will release later.
06-12 15:50:59.392 E/[ 3734.746896@1]  Warn(    0): TVP pool will release later.
06-12 15:50:59.392 E/[ 3734.746980@0]  Warn(    0): TVP pool will release later.
06-12 15:50:59.392 E/[ 3734.747048@1]  Warn(    0): TVP pool will release later.
06-12 15:50:59.392 E/[ 3734.747176@1]  Warn(    0): TVP pool will release later.
06-12 15:50:59.392 E/[ 3734.747183@0]  Warn(    0): TVP pool will release later.
06-12 15:50:59.392 E/[ 3734.747246@0]  Warn(    0): TVP pool will release later.
06-12 15:50:59.392 E/[ 3734.747303@1]  Warn(    0): TVP pool will release later.
06-12 15:50:59.392 E/[ 3734.747361@0]  Warn(    0): TVP pool will release later.
06-12 15:50:59.392 E/[ 3734.748451@1]  Warn(    0): TVP pool will release later.
06-12 15:50:59.392 E/[ 3734.748555@2]  Warn(    0): TVP pool will release later.
06-12 15:50:59.392 E/[ 3734.748653@1]  Warn(    0): TVP pool will release later.
06-12 15:50:59.392 E/[ 3734.748738@0]  Warn(    0): TVP pool will release later.
06-12 15:50:59.392 E/[ 3734.748798@1]  Warn(    0): TVP pool will release later.
06-12 15:50:59.392 E/[ 3734.748933@1]  Warn(    0): TVP pool will release later.
06-12 15:50:59.392 E/[ 3734.748988@0]  Warn(    0): TVP pool will release later.
06-12 15:50:59.392 E/[ 3734.748995@0]  Warn(    0): TVP pool will release later.
06-12 15:50:59.392 E/[ 3734.749039@1]  Warn(    0): TVP pool will release later.
06-12 15:50:59.396 E/[ 3734.749507@0]  Warn(    0): TVP pool will release later.
06-12 15:50:59.405 I/[ 3734.757984@0]  resman(    0): 67 appname:OMX-43, type=0
06-12 15:50:59.436 I/[ 3734.790487@2]  resman(    0): 67 acquire [decoder], preempt yes
06-12 15:50:59.436 I/[ 3734.790499@2]  resman(    0): 67 acquire [decoder] success
06-12 15:50:59.436 I/[ 3734.790530@2]  resman(    0): 67 acquire [codec_mm], preempt yes
06-12 15:50:59.436 I/[ 3734.790538@2]  resman(    0): 67 score 60 secure no
06-12 15:50:59.436 I/[ 3734.790543@2]  resman(    0): 67 acquire [codec_mm] success
06-12 15:50:59.444 I/[ 3734.798970@3]  [amlv4l](    0): [43]: DW:10, TW:0, Margin:5
06-12 15:50:59.445 D/[ 3734.799237@3]  [amlcom](    0): vdec_create instance 000000007f86419c, total 1, PM: power-domain
06-12 15:50:59.445 D/[ 3734.799464@3]  [media_clock](    0): vdec mux clock is 799999988 Hz
06-12 15:50:59.445 I/[ 3734.799645@3]  [amlcom](    0): vdec_init, dev_name:ammvdec_h264_v4l, vdec_type=VDEC_TYPE_FRAME_BLOCK, format: 2, total: 1
06-12 15:50:59.452 D/[ 3734.807288@3]  [h264](    0): 0: pdata->config=parm_v4l_codec_enable:1;mh264_double_write_mode:16;parm_v4l_buffer_margin:5;parm_v4l_canvas_mem_mode:0;parm_v4l_canvas_mem_endian:0;parm_v4l_low_latency_mode:0;parm_v4l_metadata_config_flag:49154;parm_v4l_duration:0;
06-12 15:50:59.452 D/[ 3734.807334@3]  [h264](    0): ammvdec_h264_mmu_init tvp = 0x0
06-12 15:50:59.456 D/[ 3734.810643@1]  [media_clock](    0): vdec mux clock is 799999988 Hz
06-12 15:50:59.456 D/[ 3734.811067@1]  [h264](    0): vh264_init, phy_addr=57429000 vaddr=00000000e4423492
06-12 15:50:59.484 E/[ 3734.832927@1]  Warn(    0): TVP pool will release later.
06-12 15:50:59.484 E/[ 3734.832949@1]  Warn(    0): TVP pool will release later.
06-12 15:50:59.484 E/[ 3734.832955@1]  Warn(    0): TVP pool will release later.
06-12 15:50:59.484 I/        (    0): [ 3734.833005@1]  unprotect tvp 0 handle is 7
06-12 15:50:59.484 I/        (    0): [ 3734.841185@1]  disalbe tvp
06-12 15:50:59.507 D/[ 3734.862901@1]  [h264](    0): 0: vmh264_get_ps_info mmu_enable 0 double_write_mode 0x10
06-12 15:50:59.516 I/[ 3734.862932@1]  [amlv4l](    0): [43]: Parse from ucode, visible(1920 x 1080), coded(1920 x 1088), scan:P, bitdepth(0), dw(10)
06-12 15:50:59.516 I/[ 3734.862992@0]  [amlv4l](    0): [43]: Picture buffer count: dec:5, vpp:0, ge2d:0, margin:5, total:10
06-12 15:50:59.516 D/[ 3734.863005@0]  [amlv4l](    0): [43]: Post event: res chg
06-12 15:50:59.516 I/[ 3734.869205@0]  dim(    0): reg:use[1]ms
06-12 15:50:59.516 I/[ 3734.869218@0]  dim(    0): create:ch[2],tmode[3]
06-12 15:50:59.516 I/[ 3734.869222@0]  dim(    0): out:0x80000000
06-12 15:50:59.522 D/[ 3734.873362@1]  [h264](    0): 0: restriction_flag=0, max_dec_frame_buffering=4, dec_dpb_size=5 num_reorder_frames 2 used_reorder_dpb_size_margin 5
06-12 15:50:59.536 D/[ 3734.885218@0]  [h264](    0): 0: decoder duration change old: 0 new: 1920
06-12 15:50:59.536 I/[ 3734.885340@1]  dim(    0): value reg:ch[2]:fix_buf:0;ponly <0,0>
06-12 15:50:59.536 I/[ 3734.885353@1]  dim(    0): di_cnt_i_buf1:tvp:0
06-12 15:50:59.536 I/[ 3734.885363@1]  dim(    0): buf large::0x4fb000, 0x5a1000
06-12 15:50:59.536 I/[ 3734.885401@1]  vpu(    0): vpu: vpu_dev_clk_gate_on: unsupport vpu mod: 72
06-12 15:50:59.536 I/[ 3734.886309@1]  dim(    0): ch[2]:reg:mem cfg[0][0][0]
06-12 15:50:59.601 I/[ 3734.953663@0]  VID(    0): VD1 off
06-12 15:50:59.601 I/[ 3734.953758@0]  vc(    0): [0]vc: set enable index=0, val=1
06-12 15:50:59.601 I/        (    0): [ 3734.953777@0]  dev->index =0, val=2
06-12 15:50:59.601 I/[ 3734.953781@0]  VID(    0): VD1 off
06-12 15:50:59.601 I/[ 3734.953786@0]  VID(    0): VD1 set global output as 1
06-12 15:50:59.601 I/[ 3734.953816@0]  VID(    0): store VD0 path_id changed -1->2
06-12 15:50:59.601 I/[ 3734.953835@0]  vc(    0): [0]sideband_type =-1
06-12 15:50:59.853 W/[ 3735.206031@3]  RTW(    0): fill_default_txdesc(wlan0): SP Packet(0x0806) rate=0x4 SeqNum = 1204
06-12 15:51:01.188 W/[ 3736.540823@1]  RTW(    0): fill_default_txdesc(wlan0): SP Packet(0x0806) rate=0x4 SeqNum = 1378
06-12 15:51:01.212 W/[ 3736.567653@3]  RTW(    0): fill_default_txdesc(wlan0): SP Packet(0x0806) rate=0x4 SeqNum = 1385
06-12 15:51:03.212 F/linker  (23301): CANNOT LINK EXECUTABLE "/system/bin/smartcable/smartCableSTBApp": library "libmosquitto.so" not found: needed by main executable
06-12 15:51:04.187 W/[ 3739.544247@2]  audit(    0): audit_lost=3977 audit_rate_limit=5 audit_backlog_limit=64
06-12 15:51:04.188 E/[ 3739.544256@2]  audit(    0): rate limit exceeded
06-12 15:51:04.643 W/[ 3739.996801@1]  RTW(    0): Turbo EDCA =0xa42b
06-12 15:51:05.028 W/[ 3740.380776@3]  RTW(    0): fill_default_txdesc(wlan0): SP Packet(0x0806) rate=0x4 SeqNum = 1844
06-12 15:51:05.044 W/[ 3740.398570@3]  RTW(    0): fill_default_txdesc(wlan0): SP Packet(0x0806) rate=0x4 SeqNum = 1849
06-12 15:51:05.579 W/[ 3740.935819@3]  audit(    0): audit_lost=4092 audit_rate_limit=5 audit_backlog_limit=64
06-12 15:51:05.580 E/[ 3740.935829@3]  audit(    0): rate limit exceeded
06-12 15:51:07.075 W/[ 3742.428783@3]  RTW(    0): fill_default_txdesc(wlan0): SP Packet(0x0806) rate=0x4 SeqNum = 2141
06-12 15:51:07.076 W/[ 3742.432766@0]  RTW(    0): fill_default_txdesc(wlan0): SP Packet(0x0806) rate=0x4 SeqNum = 2142
06-12 15:51:08.216 F/linker  (23317): CANNOT LINK EXECUTABLE "/system/bin/smartcable/smartCableSTBApp": library "libmosquitto.so" not found: needed by main executable
06-12 15:51:09.267 W/[ 3744.621104@0]  RTW(    0): fill_default_txdesc(wlan0): SP Packet(0x0806) rate=0x4 SeqNum = 2349
06-12 15:51:10.360 W/[ 3745.713316@3]  audit(    0): audit_lost=4102 audit_rate_limit=5 audit_backlog_limit=64
06-12 15:51:10.360 E/[ 3745.713329@3]  audit(    0): rate limit exceeded
06-12 15:51:13.222 F/linker  (23329): CANNOT LINK EXECUTABLE "/system/bin/smartcable/smartCableSTBApp": library "libmosquitto.so" not found: needed by main executable
06-12 15:51:14.041 D/[ 3749.397139@0]  [h264](    0): 0: decoder duration change old: 1920 new: 3840
06-12 15:51:14.405 W/[ 3749.759818@2]  RTW(    0): fill_default_txdesc(wlan0): SP Packet(0x0806) rate=0x4 SeqNum = 2862
06-12 15:51:15.268 W/[ 3750.620745@3]  RTW(    0): fill_default_txdesc(wlan0): SP Packet(0x0806) rate=0x4 SeqNum = 2982
06-12 15:51:16.739 W/[ 3752.092795@0]  RTW(    0): Turbo EDCA =0x5ea42b
06-12 15:51:18.240 F/linker  (23429): CANNOT LINK EXECUTABLE "/system/bin/smartcable/smartCableSTBApp": library "libmosquitto.so" not found: needed by main executable
06-12 15:51:18.755 W/[ 3754.108826@0]  RTW(    0): Turbo EDCA =0xa42b
06-12 15:51:19.496 W/[ 3754.850146@2]  RTW(    0): fill_default_txdesc(wlan0): SP Packet(0x0806) rate=0x4 SeqNum = 3819
06-12 15:51:20.771 W/[ 3756.124764@3]  RTW(    0): Turbo EDCA =0x5ea42b
06-12 15:51:22.787 W/[ 3758.140910@3]  RTW(    0): Turbo EDCA =0xa42b
06-12 15:51:23.234 F/linker  (23447): CANNOT LINK EXECUTABLE "/system/bin/smartcable/smartCableSTBApp": library "libmosquitto.so" not found: needed by main executable
06-12 15:51:24.616 W/[ 3759.970933@0]  RTW(    0): fill_default_txdesc(wlan0): SP Packet(0x0806) rate=0x4 SeqNum = 554
06-12 15:51:24.803 W/[ 3760.156816@3]  RTW(    0): Turbo EDCA =0x5ea42b
06-12 15:51:26.818 W/[ 3762.172839@1]  RTW(    0): Turbo EDCA =0xa42b
06-12 15:51:28.241 F/linker  (23461): CANNOT LINK EXECUTABLE "/system/bin/smartcable/smartCableSTBApp": library "libmosquitto.so" not found: needed by main executable
06-12 15:51:28.836 W/[ 3764.188800@0]  RTW(    0): Turbo EDCA =0x5ea42b
06-12 15:51:29.764 W/[ 3765.120226@3]  RTW(    0): fill_default_txdesc(wlan0): SP Packet(0x0806) rate=0x4 SeqNum = 1381
06-12 15:51:30.851 W/[ 3766.204754@1]  RTW(    0): Turbo EDCA =0xa42b
06-12 15:51:32.871 W/[ 3768.224753@2]  RTW(    0): Turbo EDCA =0x5ea42b
06-12 15:51:33.244 F/linker  (23481): CANNOT LINK EXECUTABLE "/system/bin/smartcable/smartCableSTBApp": library "libmosquitto.so" not found: needed by main executable
06-12 15:51:34.135 I/[ 3769.489189@3]  dim(    0): ch[2] in eos p-other
06-12 15:51:34.136 D/[ 3769.489358@2]  [amlv4l](    0): [43]: Post event: eos
06-12 15:51:34.136 I/[ 3769.490024@3]  [amlv4l](    0): [43]: reset mode: 1, es frames buffering: 0
06-12 15:51:34.144 I/[ 3769.496648@3]  [amlv4l](    0): [43]: reset mode: 1, es frames buffering: 0
06-12 15:51:34.167 I/[ 3769.520669@1]  dim(    0): unreg:2keep[0], msk:[0x0,0x0]
06-12 15:51:34.176 I/[ 3769.530757@1]  vpu(    0): vpu: vpu_dev_clk_gate_off: unsupport vpu mod: 72
06-12 15:51:34.177 I/[ 3769.533017@3]  dim(    0): unreg:use[30]ms
06-12 15:51:34.177 I/[ 3769.533030@3]  dim(    0): di_destroy_instance:ch[2]:end
06-12 15:51:34.177 I/[ 3769.533632@3]  dim(    0): reg:use[0]ms
06-12 15:51:34.177 I/[ 3769.533645@3]  dim(    0): create:ch[2],tmode[3]
06-12 15:51:34.177 I/[ 3769.533649@3]  dim(    0): out:0x80000000
06-12 15:51:34.455 I/[ 3769.811698@1]  [amlv4l](    0): [43]: reset mode: 1, es frames buffering: 0
06-12 15:51:34.464 I/[ 3769.819067@2]  [amlv4l](    0): [43]: reset mode: 1, es frames buffering: 0
06-12 15:51:34.483 I/[ 3769.838088@1]  [amlv4l](    0): [43]: reset mode: 1, es frames buffering: 0
06-12 15:51:34.487 D/[ 3769.843045@3]  [amlcom](    0): vdec_release instance 000000007f86419c, total 1
06-12 15:51:34.488 D/[ 3769.843213@3]  [media_clock](    0): the clk_vdec_mux    clock off, ref cnt: 0
06-12 15:51:34.488 I/[ 3769.843898@0]  dim(    0): unreg:use[0]ms
06-12 15:51:34.488 I/[ 3769.844014@0]  dim(    0): di_destroy_instance:ch[2]:end
06-12 15:51:34.491 I/[ 3769.845066@3]  resman(    0): 67 release [decoder]
06-12 15:51:34.492 I/[ 3769.845077@3]  resman(    0): 67 release [codec_mm]
06-12 15:51:34.492 E/        (    0): [ 3769.846472@3]  disalbe fastplay
06-12 15:51:34.503 I/[ 3769.858233@2]  resman(    0): 68 appname:OMX-44, type=0
06-12 15:51:34.528 I/[ 3769.881268@2]  resman(    0): 70 appname:secmem, type=3
06-12 15:51:34.528 I/[ 3769.883239@2]  resman(    0): 70 acquire [tvp], preempt yes
06-12 15:51:34.627 I/        (    0): [ 3769.984392@0]  protect tvp 0 7 ret 0 5b380000 a740000
06-12 15:51:34.628 I/        (    0): [ 3769.984407@0]  enable tvp for 1
06-12 15:51:34.628 I/        (    0): [ 3769.984410@0]  tvp_user_count is 1
06-12 15:51:34.628 I/[ 3769.984527@0]  resman(    0): 70 acquire [tvp] success
06-12 15:51:34.646 I/[ 3770.001155@3]  resman(    0): 68 acquire [decoder], preempt yes
06-12 15:51:34.647 I/[ 3770.001166@3]  resman(    0): 68 acquire [decoder] success
06-12 15:51:34.647 I/[ 3770.001227@3]  resman(    0): 68 acquire [codec_mm], preempt yes
06-12 15:51:34.647 I/[ 3770.001237@3]  resman(    0): 68 score 60 secure yes
06-12 15:51:34.647 I/[ 3770.001242@3]  resman(    0): 68 acquire [codec_mm] success
06-12 15:51:34.651 I/[ 3770.006650@0]  [amlv4l](    0): [45]: set DRM mode: 1
06-12 15:51:34.652 I/[ 3770.006820@0]  [amlv4l](    0): [45]: DW:3, TW:0, Margin:5
06-12 15:51:34.652 D/[ 3770.007022@0]  [amlcom](    0): vdec_create instance 00000000fd26abaf, total 1, PM: power-domain
06-12 15:51:34.652 D/[ 3770.007333@0]  [media_clock](    0): hevc mux clock is 499999992 Hz
06-12 15:51:34.652 D/[ 3770.007583@0]  [media_clock](    0): hevc back mux clock is 499999992 Hz
06-12 15:51:34.652 I/[ 3770.007762@0]  [amlcom](    0): vdec_init, dev_name:ammvdec_h265_v4l, vdec_type=VDEC_TYPE_FRAME_BLOCK, format: 11, total: 1
06-12 15:51:34.660 D/[ 3770.016259@0]  [h265](    0): [0]pdata->config=parm_v4l_codec_enable:1;parm_v4l_buffer_margin:5;hevc_double_write_mode:3;hevc_triple_write_mode:0;hevc_buf_width:4096;hevc_buf_height:2304;save_buffer_mode:0;parm_v4l_canvas_mem_mode:0;parm_v4l_canvas_mem_endian:0;parm_v4l_low_latency_mode:0;parm_v4l_metadata_config_flag:49154;parm_v4l_duration:4000;dv_profile:0;
06-12 15:51:34.660 D/[ 3770.016325@0]  [h265](    0): [0]discard dv data
06-12 15:51:34.660 D/[ 3770.016334@0]  [h265](    0): [0]dv_profile: 0
06-12 15:51:34.670 D/[ 3770.016861@0]  [h265](    0): [0]dynamic_buf_num_margin=5
06-12 15:51:34.670 D/[ 3770.016872@0]  [h265](    0): [0]double_write_mode=3
06-12 15:51:34.670 D/[ 3770.016876@0]  [h265](    0): [0]nal_skip_policy=2
06-12 15:51:34.670 D/[ 3770.016884@0]  [h265](    0): [0]h265:pts_unstable=0
06-12 15:51:34.670 D/[ 3770.016888@0]  [h265](    0): [0]h265: ver (201602101,0) decinfo: 0x0 rate=4000
06-12 15:51:34.670 D/[ 3770.018121@0]  [h265](    0): ucode version 4.138, swap enable 1
06-12 15:51:34.670 D/[ 3770.018437@0]  [media_clock](    0): hevc mux clock is 799999988 Hz
06-12 15:51:34.670 D/[ 3770.018761@0]  [media_clock](    0): hevc back mux clock is 799999988 Hz
06-12 15:51:34.670 D/[ 3770.018773@0]  [amlcom](    0): hevc video changed to 3840 x 2160 60 fps clk->800MHZ
06-12 15:51:34.684 D/[ 3770.040073@3]  [h265](    0): [0]vh265 cached=0  need_size=16384 speed= 20 ms
06-12 15:51:34.686 D/[ 3770.040507@0]  [h265](    0): set ucode parse
06-12 15:51:34.686 W/        (    0): [ 3770.040516@0]  hevc get comp info: 64 65536 797
06-12 15:51:34.686 D/[ 3770.040521@0]  [h265](    0): margin = 5, sps_max_dec_pic_buffering_minus1_0 = 5
06-12 15:51:34.686 I/[ 3770.040536@0]  [amlv4l](    0): [45]: Parse from ucode, visible(1920 x 1080), coded(1920 x 1088), scan:P, bitdepth(8), DW/TW(3, 0)
06-12 15:51:34.687 I/[ 3770.040551@2]  [amlv4l](    0): [45]: Picture buffer count: dec:7, vpp:0, ge2d:0, margin:5, total:12
06-12 15:51:34.687 D/[ 3770.040559@2]  [amlv4l](    0): [45]: Post event: res chg
06-12 15:51:34.687 D/[ 3770.041522@0]  [h265](    0): [0]hevc->performance_profile 0
06-12 15:51:34.687 D/[ 3770.041542@0]  [h265](    0): [0]set pic_list_init_flag 1
06-12 15:51:34.687 D/[ 3770.041748@0]  [h265](    0): [0]init_buf_spec2 1920 1080
06-12 15:51:34.687 D/[ 3770.041759@0]  [h265](    0): [0]set pic_list_init_flag to 2
06-12 15:51:34.687 D/[ 3770.041819@0]  [h265](    0): [0]set pic_list_init_flag to 3
06-12 15:51:34.687 D/[ 3770.041823@0]  [h265](    0): [vdec_kpi][vh265_isr_thread_fn] First I frame coming.
06-12 15:51:34.694 I/[ 3770.045808@0]  dim(    0): reg:use[0]ms
06-12 15:51:34.694 I/[ 3770.045823@0]  dim(    0): create:ch[2],tmode[3]
06-12 15:51:34.694 I/[ 3770.045826@0]  dim(    0): out:0xa0000000
06-12 15:51:34.694 D/[ 3770.048930@0]  [h265](    0): [0]VH265: output first frame poc 0
06-12 15:51:34.694 D/[ 3770.048953@0]  [h265](    0): [0]decoder duration change old: 0 new: 4000
06-12 15:51:34.694 D/[ 3770.048968@0]  [h265](    0): [vdec_kpi][post_video_frame] First I frame decoded.
06-12 15:51:34.694 I/[ 3770.049065@0]  dim(    0): value reg:ch[2]:fix_buf:0;ponly <0,0>
06-12 15:51:34.694 I/[ 3770.049078@0]  dim(    0): di_cnt_i_buf1:tvp:1
06-12 15:51:34.694 I/[ 3770.049088@0]  dim(    0): buf large::0x4fb000, 0x5a1000
06-12 15:51:34.694 I/[ 3770.049125@0]  vpu(    0): vpu: vpu_dev_clk_gate_on: unsupport vpu mod: 72
06-12 15:51:34.694 I/[ 3770.049999@0]  dim(    0): ch[2]:reg:mem cfg[0][0][0]
06-12 15:51:34.884 W/[ 3770.236783@1]  RTW(    0): Turbo EDCA =0xa42b
06-12 15:51:34.917 W/[ 3770.270414@1]  RTW(    0): fill_default_txdesc(wlan0): SP Packet(0x0806) rate=0x4 SeqNum = 2156
06-12 15:51:36.900 W/[ 3772.252874@1]  RTW(    0): Turbo EDCA =0x5ea42b
06-12 15:51:36.984 I/[ 3772.338995@1]  binder(    0): undelivered transaction 2114447, process died.
06-12 15:51:36.984 I/[ 3772.339009@1]  binder(    0): undelivered transaction 2114448, process died.
06-12 15:51:36.984 I/[ 3772.339013@1]  binder(    0): undelivered transaction 2114449, process died.
06-12 15:51:36.984 I/[ 3772.339064@1]  binder(    0): undelivered transaction 2114429, process died.
06-12 15:51:38.250 F/linker  (23521): CANNOT LINK EXECUTABLE "/system/bin/smartcable/smartCableSTBApp": library "libmosquitto.so" not found: needed by main executable
06-12 15:51:38.916 W/[ 3774.268907@3]  RTW(    0): Turbo EDCA =0xa42b
06-12 15:51:39.648 W/[ 3775.002937@3]  audit(    0): audit_lost=4103 audit_rate_limit=5 audit_backlog_limit=64
06-12 15:51:39.648 E/[ 3775.002950@3]  audit(    0): rate limit exceeded
06-12 15:51:40.068 W/[ 3775.420900@2]  RTW(    0): fill_default_txdesc(wlan0): SP Packet(0x0806) rate=0x4 SeqNum = 3047
06-12 15:51:40.661 W/[ 3776.017657@0]  audit(    0): audit_lost=4109 audit_rate_limit=5 audit_backlog_limit=64
06-12 15:51:40.661 E/[ 3776.017675@0]  audit(    0): rate limit exceeded
06-12 15:51:40.929 W/[ 3776.284800@2]  RTW(    0): Turbo EDCA =0x5ea42b
06-12 15:51:42.947 W/[ 3778.300782@3]  RTW(    0): Turbo EDCA =0xa42b
06-12 15:51:43.251 F/linker  (23545): CANNOT LINK EXECUTABLE "/system/bin/smartcable/smartCableSTBApp": library "libmosquitto.so" not found: needed by main executable
06-12 15:51:44.186 W/[ 3779.542596@1]  RTW(    0): fill_default_txdesc(wlan0): SP Packet(0x0806) rate=0x4 SeqNum = 3427
06-12 15:51:44.451 W/[ 3779.804743@3]  RTW(    0): fill_default_txdesc(wlan0): SP Packet(0x0806) rate=0x4 SeqNum = 3451
06-12 15:51:44.452 W/[ 3779.804933@3]  RTW(    0): fill_default_txdesc(wlan0): SP Packet(0x0806) rate=0x4 SeqNum = 3452
06-12 15:51:44.475 W/[ 3779.831834@3]  RTW(    0): fill_default_txdesc(wlan0): SP Packet(0x0806) rate=0x4 SeqNum = 3461
06-12 15:51:44.963 W/[ 3780.317084@0]  RTW(    0): Turbo EDCA =0x5ea42b
06-12 15:51:48.254 F/linker  (23561): CANNOT LINK EXECUTABLE "/system/bin/smartcable/smartCableSTBApp": library "libmosquitto.so" not found: needed by main executable
06-12 15:51:48.995 W/[ 3784.348754@3]  RTW(    0): Turbo EDCA =0xa42b
06-12 15:51:49.323 W/[ 3784.677620@3]  RTW(    0): fill_default_txdesc(wlan0): SP Packet(0x0806) rate=0x4 SeqNum = 3835
06-12 15:51:50.775 W/[ 3786.131416@0]  RTW(    0): cfg80211_rtw_scan(wlan0)
06-12 15:51:50.776 W/[ 3786.131438@0]  RTW(    0): cfg80211_rtw_scan (wlan0) tx:78, rx:3058, bi:3136 kbps, disallow(1)
06-12 15:51:50.776 W/[ 3786.131442@0]  RTW(    0): cfg80211_rtw_scan (wlan0) : scan abort!! BusyTraffic
06-12 15:51:51.011 W/[ 3786.365589@0]  RTW(    0): Turbo EDCA =0x5ea42b
06-12 15:51:53.028 W/[ 3788.381592@0]  RTW(    0): Turbo EDCA =0xa42b
06-12 15:51:53.264 F/linker  (23591): CANNOT LINK EXECUTABLE "/system/bin/smartcable/smartCableSTBApp": library "libmosquitto.so" not found: needed by main executable
06-12 15:51:54.407 W/[ 3789.761542@1]  RTW(    0): fill_default_txdesc(wlan0): SP Packet(0x0806) rate=0x4 SeqNum = 288
06-12 15:51:55.043 W/[ 3790.396771@2]  RTW(    0): Turbo EDCA =0x5ea42b
06-12 15:51:57.059 W/[ 3792.412814@2]  RTW(    0): Turbo EDCA =0xa42b
06-12 15:51:58.270 F/linker  (23603): CANNOT LINK EXECUTABLE "/system/bin/smartcable/smartCableSTBApp": library "libmosquitto.so" not found: needed by main executable
06-12 15:51:59.075 W/[ 3794.428784@2]  RTW(    0): Turbo EDCA =0x5ea42b
06-12 15:51:59.563 W/[ 3794.919579@1]  RTW(    0): fill_default_txdesc(wlan0): SP Packet(0x0806) rate=0x4 SeqNum = 680
06-12 15:52:01.091 W/[ 3796.444784@0]  RTW(    0): Turbo EDCA =0xa42b
06-12 15:52:03.107 W/[ 3798.460834@1]  RTW(    0): Turbo EDCA =0x5ea42b
06-12 15:52:03.273 F/linker  (23613): CANNOT LINK EXECUTABLE "/system/bin/smartcable/smartCableSTBApp": library "libmosquitto.so" not found: needed by main executable
06-12 15:52:04.727 W/[ 3800.084196@1]  RTW(    0): fill_default_txdesc(wlan0): SP Packet(0x0806) rate=0x4 SeqNum = 1054
06-12 15:52:05.123 W/[ 3800.476802@3]  RTW(    0): Turbo EDCA =0xa42b
06-12 15:52:07.139 W/[ 3802.492847@0]  RTW(    0): Turbo EDCA =0x5ea42b
06-12 15:52:08.278 F/linker  (23636): CANNOT LINK EXECUTABLE "/system/bin/smartcable/smartCableSTBApp": library "libmosquitto.so" not found: needed by main executable
06-12 15:52:09.155 W/[ 3804.509070@3]  RTW(    0): Turbo EDCA =0xa42b
06-12 15:52:09.815 W/[ 3805.171731@3]  RTW(    0): fill_default_txdesc(wlan0): SP Packet(0x0806) rate=0x4 SeqNum = 1512
06-12 15:52:11.171 W/[ 3806.524841@1]  RTW(    0): Turbo EDCA =0x5ea42b
06-12 15:52:13.283 F/linker  (23647): CANNOT LINK EXECUTABLE "/system/bin/smartcable/smartCableSTBApp": library "libmosquitto.so" not found: needed by main executable
06-12 15:52:14.956 W/[ 3810.310544@2]  RTW(    0): fill_default_txdesc(wlan0): SP Packet(0x0806) rate=0x4 SeqNum = 1931
06-12 15:52:18.285 F/linker  (23663): CANNOT LINK EXECUTABLE "/system/bin/smartcable/smartCableSTBApp": library "libmosquitto.so" not found: needed by main executable
06-12 15:52:20.096 W/[ 3815.450482@1]  RTW(    0): fill_default_txdesc(wlan0): SP Packet(0x0806) rate=0x4 SeqNum = 2225
06-12 15:52:23.290 F/linker  (23674): CANNOT LINK EXECUTABLE "/system/bin/smartcable/smartCableSTBApp": library "libmosquitto.so" not found: needed by main executable
06-12 15:52:24.215 W/[ 3819.570251@0]  RTW(    0): fill_default_txdesc(wlan0): SP Packet(0x0806) rate=0x4 SeqNum = 2472
06-12 15:52:28.294 F/linker  (23691): CANNOT LINK EXECUTABLE "/system/bin/smartcable/smartCableSTBApp": library "libmosquitto.so" not found: needed by main executable
06-12 15:52:29.256 W/[ 3824.610919@0]  RTW(    0): fill_default_txdesc(wlan0): SP Packet(0x0806) rate=0x4 SeqNum = 2774
06-12 15:52:33.300 F/linker  (23702): CANNOT LINK EXECUTABLE "/system/bin/smartcable/smartCableSTBApp": library "libmosquitto.so" not found: needed by main executable
06-12 15:52:34.403 W/[ 3829.757468@0]  RTW(    0): fill_default_txdesc(wlan0): SP Packet(0x0806) rate=0x4 SeqNum = 3042
06-12 15:52:37.075 D/[ 3832.430901@1]  logd(    0): logdr: UID=0 GID=0 PID=23737 b tail=0 logMask=99 pid=0 start=0ns timeout=0ns
06-12 15:52:37.748 I/[ 3833.102384@1]  binder(    0): 21149:21175 transaction failed 29189/-22, size 616-0 line 2705
06-12 15:52:37.761 E/AndroidRuntime(21149): FATAL EXCEPTION: Instr: androidx.test.runner.AndroidJUnitRunner
06-12 15:52:37.761 E/AndroidRuntime(21149): Process: io.appium.uiautomator2.server, PID: 21149
06-12 15:52:37.761 E/AndroidRuntime(21149): java.lang.IllegalStateException: UiAutomation not connected, UiAutomation@30745d0[id=-1, flags=0]
06-12 15:52:37.761 E/AndroidRuntime(21149): 	at android.app.UiAutomation.throwIfNotConnectedLocked(UiAutomation.java:1239)
06-12 15:52:37.761 E/AndroidRuntime(21149): 	at android.app.UiAutomation.disconnect(UiAutomation.java:296)
06-12 15:52:37.761 E/AndroidRuntime(21149): 	at android.app.Instrumentation.finish(Instrumentation.java:249)
06-12 15:52:37.761 E/AndroidRuntime(21149): 	at androidx.test.runner.MonitoringInstrumentation.finish(MonitoringInstrumentation.java:409)
06-12 15:52:37.761 E/AndroidRuntime(21149): 	at androidx.test.runner.AndroidJUnitRunner.onStart(AndroidJUnitRunner.java:474)
06-12 15:52:37.761 E/AndroidRuntime(21149): 	at android.app.Instrumentation$InstrumentationThread.run(Instrumentation.java:2205)
06-12 15:52:37.847 I/[ 3833.202043@2]  binder(    0): 632:665 transaction failed 29189/-22, size 88-0 line 2705
06-12 15:52:37.852 I/[ 3833.205078@2]  binder(    0): 632:23782 transaction failed 29189/-22, size 340-0 line 2705
06-12 15:52:38.303 F/linker  (23804): CANNOT LINK EXECUTABLE "/system/bin/smartcable/smartCableSTBApp": library "libmosquitto.so" not found: needed by main executable
06-12 15:52:39.348 W/[ 3834.702443@1]  RTW(    0): fill_default_txdesc(wlan0): SP Packet(0x0806) rate=0x4 SeqNum = 1190
06-12 15:52:39.896 W/[ 3835.252114@3]  audit(    0): audit_lost=4110 audit_rate_limit=5 audit_backlog_limit=64
06-12 15:52:39.896 E/[ 3835.252124@3]  audit(    0): rate limit exceeded
06-12 15:52:43.309 F/linker  (23874): CANNOT LINK EXECUTABLE "/system/bin/smartcable/smartCableSTBApp": library "libmosquitto.so" not found: needed by main executable
06-12 15:52:44.366 W/[ 3839.720936@0]  RTW(    0): fill_default_txdesc(wlan0): SP Packet(0x0806) rate=0x4 SeqNum = 2593
06-12 15:52:48.312 F/linker  (23892): CANNOT LINK EXECUTABLE "/system/bin/smartcable/smartCableSTBApp": library "libmosquitto.so" not found: needed by main executable
06-12 15:52:49.483 W/[ 3844.838285@3]  RTW(    0): fill_default_txdesc(wlan0): SP Packet(0x0806) rate=0x4 SeqNum = 3164
06-12 15:52:53.316 F/linker  (23906): CANNOT LINK EXECUTABLE "/system/bin/smartcable/smartCableSTBApp": library "libmosquitto.so" not found: needed by main executable
06-12 15:52:54.627 W/[ 3849.982290@3]  RTW(    0): fill_default_txdesc(wlan0): SP Packet(0x0806) rate=0x4 SeqNum = 3653
06-12 15:52:58.320 F/linker  (23917): CANNOT LINK EXECUTABLE "/system/bin/smartcable/smartCableSTBApp": library "libmosquitto.so" not found: needed by main executable
06-12 15:52:59.728 W/[ 3855.081266@0]  RTW(    0): fill_default_txdesc(wlan0): SP Packet(0x0806) rate=0x4 SeqNum = 60
06-12 15:53:03.329 F/linker  (23931): CANNOT LINK EXECUTABLE "/system/bin/smartcable/smartCableSTBApp": library "libmosquitto.so" not found: needed by main executable
06-12 15:53:04.756 W/[ 3860.111028@1]  RTW(    0): fill_default_txdesc(wlan0): SP Packet(0x0806) rate=0x4 SeqNum = 481
06-12 15:53:05.687 W/[ 3861.043647@3]  audit(    0): audit_lost=4113 audit_rate_limit=5 audit_backlog_limit=64
06-12 15:53:05.688 E/[ 3861.043653@3]  audit(    0): rate limit exceeded
06-12 15:53:06.767 W/[ 3862.122605@3]  audit(    0): audit_lost=4227 audit_rate_limit=5 audit_backlog_limit=64
06-12 15:53:06.768 E/[ 3862.122615@3]  audit(    0): rate limit exceeded
06-12 15:53:08.337 F/linker  (23943): CANNOT LINK EXECUTABLE "/system/bin/smartcable/smartCableSTBApp": library "libmosquitto.so" not found: needed by main executable
06-12 15:53:09.196 W/[ 3864.551118@3]  RTW(    0): fill_default_txdesc(wlan0): SP Packet(0x0806) rate=0x4 SeqNum = 892
06-12 15:53:12.515 W/[ 3867.868871@3]  RTW(    0): fill_default_txdesc(wlan0): SP Packet(0x0806) rate=0x4 SeqNum = 1240
06-12 15:53:13.347 F/linker  (23968): CANNOT LINK EXECUTABLE "/system/bin/smartcable/smartCableSTBApp": library "libmosquitto.so" not found: needed by main executable
06-12 15:53:14.318 W/[ 3869.672504@1]  RTW(    0): fill_default_txdesc(wlan0): SP Packet(0x0806) rate=0x4 SeqNum = 1398
06-12 15:53:18.349 F/linker  (24021): CANNOT LINK EXECUTABLE "/system/bin/smartcable/smartCableSTBApp": library "libmosquitto.so" not found: needed by main executable
06-12 15:53:19.416 W/[ 3874.772453@1]  RTW(    0): fill_default_txdesc(wlan0): SP Packet(0x0806) rate=0x4 SeqNum = 1919
06-12 15:53:23.354 F/linker  (24099): CANNOT LINK EXECUTABLE "/system/bin/smartcable/smartCableSTBApp": library "libmosquitto.so" not found: needed by main executable
06-12 15:53:24.456 W/[ 3879.812339@3]  RTW(    0): fill_default_txdesc(wlan0): SP Packet(0x0806) rate=0x4 SeqNum = 2460
06-12 15:53:26.340 W/[ 3881.692789@0]  RTW(    0): fill_default_txdesc(wlan0): SP Packet(0x0806) rate=0x4 SeqNum = 2667
06-12 15:53:26.363 W/[ 3881.720028@1]  RTW(    0): fill_default_txdesc(wlan0): SP Packet(0x0806) rate=0x4 SeqNum = 2673
06-12 15:53:28.131 W/[ 3883.484727@0]  RTW(    0): fill_default_txdesc(wlan0): SP Packet(0x0806) rate=0x4 SeqNum = 2846
06-12 15:53:28.132 W/[ 3883.486669@1]  RTW(    0): fill_default_txdesc(wlan0): SP Packet(0x0806) rate=0x4 SeqNum = 2847
06-12 15:53:28.360 F/linker  (24151): CANNOT LINK EXECUTABLE "/system/bin/smartcable/smartCableSTBApp": library "libmosquitto.so" not found: needed by main executable
06-12 15:53:29.335 W/[ 3884.690244@2]  RTW(    0): fill_default_txdesc(wlan0): SP Packet(0x0806) rate=0x4 SeqNum = 2963
06-12 15:53:33.369 F/linker  (24219): CANNOT LINK EXECUTABLE "/system/bin/smartcable/smartCableSTBApp": library "libmosquitto.so" not found: needed by main executable
06-12 15:53:34.540 W/[ 3889.892938@1]  RTW(    0): fill_default_txdesc(wlan0): SP Packet(0x0806) rate=0x4 SeqNum = 3496
06-12 15:53:38.378 F/linker  (24231): CANNOT LINK EXECUTABLE "/system/bin/smartcable/smartCableSTBApp": library "libmosquitto.so" not found: needed by main executable
06-12 15:53:39.576 W/[ 3894.931389@0]  RTW(    0): fill_default_txdesc(wlan0): SP Packet(0x0806) rate=0x4 SeqNum = 3997
06-12 15:53:39.900 W/[ 3895.253602@2]  audit(    0): audit_lost=4238 audit_rate_limit=5 audit_backlog_limit=64
06-12 15:53:39.900 E/[ 3895.253616@2]  audit(    0): rate limit exceeded
06-12 15:53:43.374 F/linker  (24241): CANNOT LINK EXECUTABLE "/system/bin/smartcable/smartCableSTBApp": library "libmosquitto.so" not found: needed by main executable
06-12 15:53:44.264 W/[ 3899.616878@3]  RTW(    0): fill_default_txdesc(wlan0): SP Packet(0x0806) rate=0x4 SeqNum = 381
06-12 15:53:44.267 W/[ 3899.624574@3]  RTW(    0): fill_default_txdesc(wlan0): SP Packet(0x0806) rate=0x4 SeqNum = 387
06-12 15:53:48.388 F/linker  (24258): CANNOT LINK EXECUTABLE "/system/bin/smartcable/smartCableSTBApp": library "libmosquitto.so" not found: needed by main executable
06-12 15:53:49.384 W/[ 3904.740145@0]  RTW(    0): fill_default_txdesc(wlan0): SP Packet(0x0806) rate=0x4 SeqNum = 916
06-12 15:53:53.389 F/linker  (24273): CANNOT LINK EXECUTABLE "/system/bin/smartcable/smartCableSTBApp": library "libmosquitto.so" not found: needed by main executable
06-12 15:53:54.227 W/[ 3909.581648@1]  RTW(    0): fill_default_txdesc(wlan0): SP Packet(0x0806) rate=0x4 SeqNum = 1393
06-12 15:53:58.397 F/linker  (24288): CANNOT LINK EXECUTABLE "/system/bin/smartcable/smartCableSTBApp": library "libmosquitto.so" not found: needed by main executable
06-12 15:53:59.324 W/[ 3914.680177@1]  RTW(    0): fill_default_txdesc(wlan0): SP Packet(0x0806) rate=0x4 SeqNum = 1820
06-12 15:54:03.406 F/linker  (24298): CANNOT LINK EXECUTABLE "/system/bin/smartcable/smartCableSTBApp": library "libmosquitto.so" not found: needed by main executable
06-12 15:54:04.427 W/[ 3919.782544@1]  RTW(    0): fill_default_txdesc(wlan0): SP Packet(0x0806) rate=0x4 SeqNum = 2264
06-12 15:54:08.409 F/linker  (24312): CANNOT LINK EXECUTABLE "/system/bin/smartcable/smartCableSTBApp": library "libmosquitto.so" not found: needed by main executable
06-12 15:54:09.579 W/[ 3924.934755@0]  RTW(    0): fill_default_txdesc(wlan0): SP Packet(0x0806) rate=0x4 SeqNum = 2686
06-12 15:54:13.415 F/linker  (24322): CANNOT LINK EXECUTABLE "/system/bin/smartcable/smartCableSTBApp": library "libmosquitto.so" not found: needed by main executable
06-12 15:54:14.728 W/[ 3930.084418@1]  RTW(    0): fill_default_txdesc(wlan0): SP Packet(0x0806) rate=0x4 SeqNum = 3150
06-12 15:54:18.421 F/linker  (24339): CANNOT LINK EXECUTABLE "/system/bin/smartcable/smartCableSTBApp": library "libmosquitto.so" not found: needed by main executable
06-12 15:54:19.343 W/[ 3934.700370@1]  RTW(    0): fill_default_txdesc(wlan0): SP Packet(0x0806) rate=0x4 SeqNum = 3622
06-12 15:54:23.428 F/linker  (24361): CANNOT LINK EXECUTABLE "/system/bin/smartcable/smartCableSTBApp": library "libmosquitto.so" not found: needed by main executable
06-12 15:54:24.967 W/[ 3940.320927@1]  RTW(    0): fill_default_txdesc(wlan0): SP Packet(0x0806) rate=0x4 SeqNum = 243
06-12 15:54:28.429 F/linker  (24374): CANNOT LINK EXECUTABLE "/system/bin/smartcable/smartCableSTBApp": library "libmosquitto.so" not found: needed by main executable
06-12 15:54:30.087 W/[ 3945.444319@0]  RTW(    0): fill_default_txdesc(wlan0): SP Packet(0x0806) rate=0x4 SeqNum = 754
06-12 15:54:33.435 F/linker  (24387): CANNOT LINK EXECUTABLE "/system/bin/smartcable/smartCableSTBApp": library "libmosquitto.so" not found: needed by main executable
06-12 15:54:34.208 W/[ 3949.560873@1]  RTW(    0): fill_default_txdesc(wlan0): SP Packet(0x0806) rate=0x4 SeqNum = 1140
06-12 15:54:38.439 F/linker  (24397): CANNOT LINK EXECUTABLE "/system/bin/smartcable/smartCableSTBApp": library "libmosquitto.so" not found: needed by main executable
06-12 15:54:39.355 W/[ 3954.711526@0]  RTW(    0): fill_default_txdesc(wlan0): SP Packet(0x0806) rate=0x4 SeqNum = 1617
06-12 15:54:39.904 W/[ 3955.259459@1]  audit(    0): audit_lost=4241 audit_rate_limit=5 audit_backlog_limit=64
06-12 15:54:39.904 E/[ 3955.259475@1]  audit(    0): rate limit exceeded
06-12 15:54:43.448 F/linker  (24411): CANNOT LINK EXECUTABLE "/system/bin/smartcable/smartCableSTBApp": library "libmosquitto.so" not found: needed by main executable
06-12 15:54:44.391 W/[ 3959.747758@0]  RTW(    0): fill_default_txdesc(wlan0): SP Packet(0x0806) rate=0x4 SeqNum = 2114
06-12 15:54:45.187 W/[ 3960.540728@0]  RTW(    0): fill_default_txdesc(wlan0): SP Packet(0x0806) rate=0x4 SeqNum = 2190
06-12 15:54:48.451 F/linker  (24423): CANNOT LINK EXECUTABLE "/system/bin/smartcable/smartCableSTBApp": library "libmosquitto.so" not found: needed by main executable
06-12 15:54:49.547 W/[ 3964.901135@2]  RTW(    0): fill_default_txdesc(wlan0): SP Packet(0x0806) rate=0x4 SeqNum = 2653
06-12 15:54:53.456 F/linker  (24445): CANNOT LINK EXECUTABLE "/system/bin/smartcable/smartCableSTBApp": library "libmosquitto.so" not found: needed by main executable
06-12 15:54:54.668 W/[ 3970.020792@0]  RTW(    0): fill_default_txdesc(wlan0): SP Packet(0x0806) rate=0x4 SeqNum = 3127
06-12 15:54:58.464 F/linker  (24463): CANNOT LINK EXECUTABLE "/system/bin/smartcable/smartCableSTBApp": library "libmosquitto.so" not found: needed by main executable
06-12 15:54:58.504 W/[ 3973.857112@1]  RTW(    0): Turbo EDCA =0xa42b
06-12 15:54:59.807 W/[ 3975.161701@0]  RTW(    0): fill_default_txdesc(wlan0): SP Packet(0x0806) rate=0x4 SeqNum = 1132
06-12 15:55:02.531 W/[ 3977.884842@3]  RTW(    0): Turbo EDCA =0x5ea42b
06-12 15:55:03.464 F/linker  (24477): CANNOT LINK EXECUTABLE "/system/bin/smartcable/smartCableSTBApp": library "libmosquitto.so" not found: needed by main executable
06-12 15:55:04.275 W/[ 3979.632111@3]  RTW(    0): fill_default_txdesc(wlan0): SP Packet(0x0806) rate=0x4 SeqNum = 1496
06-12 15:55:05.687 W/[ 3981.043496@3]  audit(    0): audit_lost=4244 audit_rate_limit=5 audit_backlog_limit=64
06-12 15:55:05.688 E/[ 3981.043506@3]  audit(    0): rate limit exceeded
06-12 15:55:06.795 W/[ 3982.152417@3]  audit(    0): audit_lost=4362 audit_rate_limit=5 audit_backlog_limit=64
06-12 15:55:06.796 E/[ 3982.152427@3]  audit(    0): rate limit exceeded
06-12 15:55:08.468 F/linker  (24487): CANNOT LINK EXECUTABLE "/system/bin/smartcable/smartCableSTBApp": library "libmosquitto.so" not found: needed by main executable
06-12 15:55:09.484 W/[ 3984.839402@0]  RTW(    0): fill_default_txdesc(wlan0): SP Packet(0x0806) rate=0x4 SeqNum = 1968
06-12 15:55:13.475 F/linker  (24504): CANNOT LINK EXECUTABLE "/system/bin/smartcable/smartCableSTBApp": library "libmosquitto.so" not found: needed by main executable
06-12 15:55:14.175 W/[ 3989.530278@1]  RTW(    0): fill_default_txdesc(wlan0): SP Packet(0x0806) rate=0x4 SeqNum = 2432
06-12 15:55:16.675 W/[ 3992.028666@3]  RTW(    0): fill_default_txdesc(wlan0): SP Packet(0x0806) rate=0x4 SeqNum = 2679
06-12 15:55:18.481 F/linker  (24514): CANNOT LINK EXECUTABLE "/system/bin/smartcable/smartCableSTBApp": library "libmosquitto.so" not found: needed by main executable
