--------- beginning of kernel
06-12 16:37:39.724 W/[ 6535.077054@1]  RTW(    0): fill_default_txdesc(wlan0): SP Packet(0x0806) rate=0x4 SeqNum = 2327
06-12 16:37:40.663 I/[ 6536.018723@1]  [amlv4l](    0): [265]: reset mode: 1, es frames buffering: 0
06-12 16:37:40.716 I/[ 6536.024077@1]  [amlv4l](    0): [265]: reset mode: 1, es frames buffering: 0
06-12 16:37:40.717 I/[ 6536.045471@1]  [amlv4l](    0): [265]: reset mode: 1, es frames buffering: 0
06-12 16:37:40.717 D/[ 6536.053446@1]  [amlcom](    0): vdec_release instance 000000000abcafb4, total 2
06-12 16:37:40.717 I/[ 6536.053575@1]  v4lvideo(    0): di_p bypass 0
06-12 16:37:40.717 I/[ 6536.068701@2]  dim(    0): unreg:2keep[0], msk:[0x0,0x0]
06-12 16:37:40.728 I/[ 6536.081634@1]  dim(    0): unreg:use[28]ms
06-12 16:37:40.728 I/[ 6536.081648@1]  dim(    0): di_destroy_instance:ch[2]:end
06-12 16:37:40.728 I/[ 6536.083087@3]  resman(    0): 188 release [decoder]
06-12 16:37:40.728 I/[ 6536.083105@3]  resman(    0): 188 release [codec_mm]
06-12 16:37:40.733 E/        (    0): [ 6536.085845@2]  disalbe fastplay
06-12 16:37:40.835 W/[ 6536.188742@2]  RTW(    0): Turbo EDCA =0x5ea42b
06-12 16:37:40.856 D/[ 6536.211791@3]  logd(    0): logdr: UID=0 GID=0 PID=9912 b tail=0 logMask=99 pid=0 start=0ns timeout=0ns
--------- beginning of crash
06-12 16:37:40.963 F/linker  ( 9921): CANNOT LINK EXECUTABLE "/system/bin/smartcable/smartCableSTBApp": library "libmosquitto.so" not found: needed by main executable
06-12 16:37:41.060 W/[ 6536.412741@3]  RTW(    0): fill_default_txdesc(wlan0): SP Packet(0x0806) rate=0x4 SeqNum = 2912
--------- beginning of system
06-12 16:37:41.364 I/ActivityTaskManager(  632): START u0 {flg=0x10000000 cmp=in.startv.hotstar/com.hotstar.MainActivity} from uid 0
06-12 16:37:41.365 D/ActivityStarter(  632):  
06-12 16:37:41.365 D/ActivityStarter(  632): launchedPkgName :: in.startv.hotstar 
06-12 16:37:41.365 D/ActivityStarter(  632): callingPackage :: com.android.shell 
06-12 16:37:41.365 D/ActivityStarter(  632): callingUid :: 0 
06-12 16:37:41.365 D/ActivityStarter(  632): callingPid :: 9938
06-12 16:37:41.380 V/DigitalSignage(  632): Package Name: null
06-12 16:37:41.380 V/DigitalSignage(  632): Left: 0
06-12 16:37:41.380 V/DigitalSignage(  632): Right: 0
06-12 16:37:41.380 V/DigitalSignage(  632): Top: 0
06-12 16:37:41.380 V/DigitalSignage(  632): Bottom: 0
06-12 16:37:41.381 D/DigitalSignage(  632): else - Package Name :: null left : 0 right :: 0 top :: 0 bottom :: 0 dfu-right :: 1920 dfu-bottom :: 1080
06-12 16:37:41.405 D/CompatibilityChangeReporter(  632): Compat change id reported: 135634846; UID 10072; state: DISABLED
06-12 16:37:41.406 D/CompatibilityChangeReporter(  632): Compat change id reported: 143937733; UID 10072; state: ENABLED
06-12 16:37:41.452 V/DigitalSignage(  632): Package Name: null
06-12 16:37:41.452 V/DigitalSignage(  632): Left: 0
06-12 16:37:41.452 V/DigitalSignage(  632): Right: 0
06-12 16:37:41.452 V/DigitalSignage(  632): Top: 0
06-12 16:37:41.452 V/DigitalSignage(  632): Bottom: 0
06-12 16:37:41.452 D/DigitalSignage(  632): else - Package Name :: null left : 0 right :: 0 top :: 0 bottom :: 0 dfu-right :: 1920 dfu-bottom :: 1080
06-12 16:37:41.467 W/ActivityManager(  632): Slow operation: 67ms so far, now at startProcess: returned from zygote!
06-12 16:37:41.468 W/ActivityManager(  632): Slow operation: 68ms so far, now at startProcess: done updating battery stats
06-12 16:37:41.468 W/ActivityManager(  632): Slow operation: 68ms so far, now at startProcess: building log message
06-12 16:37:41.468 I/ActivityManager(  632): Start proc 9959:in.startv.hotstar/u0a72 for pre-top-activity {in.startv.hotstar/com.hotstar.MainActivity}
06-12 16:37:41.468 W/ActivityManager(  632): Slow operation: 68ms so far, now at startProcess: starting to update pids map
06-12 16:37:41.468 W/ActivityManager(  632): Slow operation: 69ms so far, now at startProcess: done updating pids map
06-12 16:37:41.507 V/DigitalSignage(  632): Package Name: null
06-12 16:37:41.507 V/DigitalSignage(  632): Left: 0
06-12 16:37:41.507 V/DigitalSignage(  632): Right: 0
06-12 16:37:41.507 V/DigitalSignage(  632): Top: 0
06-12 16:37:41.508 V/DigitalSignage(  632): Bottom: 0
06-12 16:37:41.508 D/DigitalSignage(  632): else - Package Name :: null left : 0 right :: 0 top :: 0 bottom :: 0 dfu-right :: 1920 dfu-bottom :: 1080
06-12 16:37:41.589 D/ActivityTaskManager(  632): JioHomeManagerService :: ActivityRecord :: setState :: StateFrom :: INITIALIZING StateTo :: RESUMED 
06-12 16:37:41.609 V/DigitalSignage(  632): Package Name: null
06-12 16:37:41.609 V/DigitalSignage(  632): Left: 0
06-12 16:37:41.609 V/DigitalSignage(  632): Right: 0
06-12 16:37:41.609 V/DigitalSignage(  632): Top: 0
06-12 16:37:41.609 V/DigitalSignage(  632): Bottom: 0
06-12 16:37:41.609 D/DigitalSignage(  632): else - Package Name :: null left : 0 right :: 0 top :: 0 bottom :: 0 dfu-right :: 1920 dfu-bottom :: 1080
06-12 16:37:41.615 D/ActivityManager(  632): JioHomeManagerService :: StateFrom :: INITIALIZING StateTo :: RESUMED Activity :: in.startv.hotstar/com.hotstar.MainActivity Action :: com.jio.remote.action.applaunch
06-12 16:37:41.627 V/DigitalSignage(  632): Package Name: null
06-12 16:37:41.627 V/DigitalSignage(  632): Left: 0
06-12 16:37:41.627 V/DigitalSignage(  632): Right: 0
06-12 16:37:41.627 V/DigitalSignage(  632): Top: 0
06-12 16:37:41.627 V/DigitalSignage(  632): Bottom: 0
06-12 16:37:41.627 D/DigitalSignage(  632): else - Package Name :: null left : 0 right :: 0 top :: 0 bottom :: 0 dfu-right :: 1920 dfu-bottom :: 1080
06-12 16:37:42.156 I/[ 6537.510383@2]  [amlv4l](    0): [267]: reset mode: 1, es frames buffering: 0
06-12 16:37:42.215 I/[ 6537.521494@2]  [amlv4l](    0): [267]: reset mode: 1, es frames buffering: 0
06-12 16:37:42.215 I/[ 6537.539448@2]  [amlv4l](    0): [267]: reset mode: 1, es frames buffering: 0
06-12 16:37:42.215 D/[ 6537.551483@1]  [amlcom](    0): vdec_release instance 00000000ce737aae, total 1
06-12 16:37:42.001 V/DigitalSignage(  632): Package Name: null
06-12 16:37:42.001 V/DigitalSignage(  632): Left: 0
06-12 16:37:42.215 D/[ 6537.551638@1]  [media_clock](    0): the clk_vdec_mux    clock off, ref cnt: 0
06-12 16:37:42.001 V/DigitalSignage(  632): Right: 0
06-12 16:37:42.215 I/[ 6537.568653@2]  dim(    0): unreg:2keep[0], msk:[0x0,0x0]
06-12 16:37:42.001 V/DigitalSignage(  632): Top: 0
06-12 16:37:42.001 V/DigitalSignage(  632): Bottom: 0
06-12 16:37:42.002 D/DigitalSignage(  632): else - Package Name :: null left : 0 right :: 0 top :: 0 bottom :: 0 dfu-right :: 1920 dfu-bottom :: 1080
06-12 16:37:42.068 V/DigitalSignage(  632): Package Name: null
06-12 16:37:42.068 V/DigitalSignage(  632): Left: 0
06-12 16:37:42.068 V/DigitalSignage(  632): Right: 0
06-12 16:37:42.068 V/DigitalSignage(  632): Top: 0
06-12 16:37:42.068 V/DigitalSignage(  632): Bottom: 0
06-12 16:37:42.068 D/DigitalSignage(  632): else - Package Name :: null left : 0 right :: 0 top :: 0 bottom :: 0 dfu-right :: 1920 dfu-bottom :: 1080
06-12 16:37:42.232 I/[ 6537.578743@2]  vpu(    0): vpu: vpu_dev_clk_gate_off: unsupport vpu mod: 72
06-12 16:37:42.253 I/[ 6537.580625@3]  dim(    0): unreg:use[29]ms
06-12 16:37:42.253 I/[ 6537.580637@3]  dim(    0): di_destroy_instance:ch[3]:end
06-12 16:37:42.253 I/[ 6537.581556@2]  resman(    0): 189 release [decoder]
06-12 16:37:42.253 I/[ 6537.581568@2]  resman(    0): 189 release [codec_mm]
06-12 16:37:42.253 E/        (    0): [ 6537.582921@3]  disalbe fastplay
06-12 16:37:42.185 V/DigitalSignage(  632): Package Name: null
06-12 16:37:42.185 V/DigitalSignage(  632): Left: 0
06-12 16:37:42.185 V/DigitalSignage(  632): Right: 0
06-12 16:37:42.185 V/DigitalSignage(  632): Top: 0
06-12 16:37:42.185 V/DigitalSignage(  632): Bottom: 0
06-12 16:37:42.186 D/DigitalSignage(  632): else - Package Name :: null left : 0 right :: 0 top :: 0 bottom :: 0 dfu-right :: 1920 dfu-bottom :: 1080
06-12 16:37:42.512 D/ConnectivityService(  632): NetReassign [no changes]
06-12 16:37:43.314 V/DigitalSignage(  632): Package Name: null
06-12 16:37:43.314 V/DigitalSignage(  632): Left: 0
06-12 16:37:43.314 V/DigitalSignage(  632): Right: 0
06-12 16:37:43.314 V/DigitalSignage(  632): Top: 0
06-12 16:37:43.314 V/DigitalSignage(  632): Bottom: 0
06-12 16:37:43.315 D/DigitalSignage(  632): else - Package Name :: null left : 0 right :: 0 top :: 0 bottom :: 0 dfu-right :: 1920 dfu-bottom :: 1080
06-12 16:37:43.315 V/DigitalSignage(  632): Package Name: null
06-12 16:37:43.315 V/DigitalSignage(  632): Left: 0
06-12 16:37:43.315 V/DigitalSignage(  632): Right: 0
06-12 16:37:43.315 V/DigitalSignage(  632): Top: 0
06-12 16:37:43.315 V/DigitalSignage(  632): Bottom: 0
06-12 16:37:43.315 D/DigitalSignage(  632): else - Package Name :: null left : 0 right :: 0 top :: 0 bottom :: 0 dfu-right :: 1920 dfu-bottom :: 1080
06-12 16:37:43.444 V/DigitalSignage(  632): Package Name: null
06-12 16:37:43.444 V/DigitalSignage(  632): Left: 0
06-12 16:37:43.444 V/DigitalSignage(  632): Right: 0
06-12 16:37:43.444 V/DigitalSignage(  632): Top: 0
06-12 16:37:43.444 V/DigitalSignage(  632): Bottom: 0
06-12 16:37:43.444 D/DigitalSignage(  632): else - Package Name :: null left : 0 right :: 0 top :: 0 bottom :: 0 dfu-right :: 1920 dfu-bottom :: 1080
06-12 16:37:43.444 V/DigitalSignage(  632): Package Name: null
06-12 16:37:43.444 V/DigitalSignage(  632): Left: 0
06-12 16:37:43.454 V/DigitalSignage(  632): Right: 0
06-12 16:37:43.454 V/DigitalSignage(  632): Top: 0
06-12 16:37:43.454 V/DigitalSignage(  632): Bottom: 0
06-12 16:37:43.455 D/DigitalSignage(  632): else - Package Name :: null left : 0 right :: 0 top :: 0 bottom :: 0 dfu-right :: 1920 dfu-bottom :: 1080
06-12 16:37:43.459 V/DigitalSignage(  632): Package Name: null
06-12 16:37:43.459 V/DigitalSignage(  632): Left: 0
06-12 16:37:43.459 V/DigitalSignage(  632): Right: 0
06-12 16:37:43.459 V/DigitalSignage(  632): Top: 0
06-12 16:37:43.459 V/DigitalSignage(  632): Bottom: 0
06-12 16:37:43.459 D/DigitalSignage(  632): else - Package Name :: null left : 0 right :: 0 top :: 0 bottom :: 0 dfu-right :: 1920 dfu-bottom :: 1080
06-12 16:37:43.459 V/DigitalSignage(  632): Package Name: null
06-12 16:37:43.459 V/DigitalSignage(  632): Left: 0
06-12 16:37:43.459 V/DigitalSignage(  632): Right: 0
06-12 16:37:43.459 V/DigitalSignage(  632): Top: 0
06-12 16:37:43.459 V/DigitalSignage(  632): Bottom: 0
06-12 16:37:43.460 D/DigitalSignage(  632): else - Package Name :: null left : 0 right :: 0 top :: 0 bottom :: 0 dfu-right :: 1920 dfu-bottom :: 1080
06-12 16:37:43.530 V/DigitalSignage(  632): Package Name: null
06-12 16:37:43.530 V/DigitalSignage(  632): Left: 0
06-12 16:37:43.530 V/DigitalSignage(  632): Right: 0
06-12 16:37:43.530 V/DigitalSignage(  632): Top: 0
06-12 16:37:43.530 V/DigitalSignage(  632): Bottom: 0
06-12 16:37:43.531 D/DigitalSignage(  632): else - Package Name :: null left : 0 right :: 0 top :: 0 bottom :: 0 dfu-right :: 1920 dfu-bottom :: 1080
06-12 16:37:43.533 V/DigitalSignage(  632): Package Name: null
06-12 16:37:43.533 V/DigitalSignage(  632): Left: 0
06-12 16:37:43.533 V/DigitalSignage(  632): Right: 0
06-12 16:37:43.533 V/DigitalSignage(  632): Top: 0
06-12 16:37:43.533 V/DigitalSignage(  632): Bottom: 0
06-12 16:37:43.533 D/DigitalSignage(  632): else - Package Name :: null left : 0 right :: 0 top :: 0 bottom :: 0 dfu-right :: 1920 dfu-bottom :: 1080
06-12 16:37:43.598 V/DigitalSignage(  632): Package Name: null
06-12 16:37:43.599 V/DigitalSignage(  632): Left: 0
06-12 16:37:43.599 V/DigitalSignage(  632): Right: 0
06-12 16:37:43.599 V/DigitalSignage(  632): Top: 0
06-12 16:37:43.599 V/DigitalSignage(  632): Bottom: 0
06-12 16:37:43.599 D/DigitalSignage(  632): else - Package Name :: null left : 0 right :: 0 top :: 0 bottom :: 0 dfu-right :: 1920 dfu-bottom :: 1080
06-12 16:37:43.599 V/DigitalSignage(  632): Package Name: null
06-12 16:37:43.599 V/DigitalSignage(  632): Left: 0
06-12 16:37:43.599 V/DigitalSignage(  632): Right: 0
06-12 16:37:43.599 V/DigitalSignage(  632): Top: 0
06-12 16:37:43.599 V/DigitalSignage(  632): Bottom: 0
06-12 16:37:43.599 D/DigitalSignage(  632): else - Package Name :: null left : 0 right :: 0 top :: 0 bottom :: 0 dfu-right :: 1920 dfu-bottom :: 1080
06-12 16:37:43.625 D/CompatibilityChangeReporter(  632): Compat change id reported: 136274596; UID 10072; state: ENABLED
06-12 16:37:43.698 V/DigitalSignage(  632): Package Name: null
06-12 16:37:43.698 V/DigitalSignage(  632): Left: 0
06-12 16:37:43.698 V/DigitalSignage(  632): Right: 0
06-12 16:37:43.698 V/DigitalSignage(  632): Top: 0
06-12 16:37:43.698 V/DigitalSignage(  632): Bottom: 0
06-12 16:37:43.699 D/DigitalSignage(  632): else - Package Name :: null left : 0 right :: 0 top :: 0 bottom :: 0 dfu-right :: 1920 dfu-bottom :: 1080
06-12 16:37:43.715 V/DigitalSignage(  632): Package Name: null
06-12 16:37:43.715 V/DigitalSignage(  632): Left: 0
06-12 16:37:43.715 V/DigitalSignage(  632): Right: 0
06-12 16:37:43.715 V/DigitalSignage(  632): Top: 0
06-12 16:37:43.715 V/DigitalSignage(  632): Bottom: 0
06-12 16:37:43.715 D/DigitalSignage(  632): else - Package Name :: null left : 0 right :: 0 top :: 0 bottom :: 0 dfu-right :: 1920 dfu-bottom :: 1080
06-12 16:37:44.812 W/[ 6540.165840@1]  RTW(    0): fill_default_txdesc(wlan0): SP Packet(0x0806) rate=0x4 SeqNum = 201
06-12 16:37:45.007 E/TaskPersister(  632): File error accessing recents directory (directory doesn't exist?).
06-12 16:37:45.942 F/linker  (10144): CANNOT LINK EXECUTABLE "/system/bin/smartcable/smartCableSTBApp": library "libmosquitto.so" not found: needed by main executable
06-12 16:37:49.807 W/[ 6545.160843@3]  RTW(    0): fill_default_txdesc(wlan0): SP Packet(0x0806) rate=0x4 SeqNum = 1259
06-12 16:37:50.948 F/linker  (10166): CANNOT LINK EXECUTABLE "/system/bin/smartcable/smartCableSTBApp": library "libmosquitto.so" not found: needed by main executable
06-12 16:37:54.646 D/PackageManager(  632): Instant App installer not found with android.intent.action.INSTALL_INSTANT_APP_PACKAGE
06-12 16:37:54.646 D/PackageManager(  632): Clear ephemeral installer activity
06-12 16:37:54.896 W/[ 6550.251458@0]  RTW(    0): fill_default_txdesc(wlan0): SP Packet(0x0806) rate=0x4 SeqNum = 2098
06-12 16:37:55.684 I/AppsFilter(  632): interaction: PackageSetting{18c165 io.appium.uiautomator2.server.test/10095} -> PackageSetting{3adf28e in.startv.hotstar/10072} BLOCKED
06-12 16:37:55.684 I/AppsFilter(  632): interaction: PackageSetting{e442aeb com.omni.simplesetup/10026} -> PackageSetting{3adf28e in.startv.hotstar/10072} BLOCKED
06-12 16:37:55.684 I/AppsFilter(  632): interaction: PackageSetting{4dc1048 io.appium.settings/10094} -> PackageSetting{3adf28e in.startv.hotstar/10072} BLOCKED
06-12 16:37:55.691 I/RoleManagerService(  632): Granting default roles...
06-12 16:37:55.953 F/linker  (10181): CANNOT LINK EXECUTABLE "/system/bin/smartcable/smartCableSTBApp": library "libmosquitto.so" not found: needed by main executable
06-12 16:37:59.261 W/[ 6554.617252@1]  RTW(    0): fill_default_txdesc(wlan0): SP Packet(0x0806) rate=0x4 SeqNum = 2865
06-12 16:38:00.957 F/linker  (10192): CANNOT LINK EXECUTABLE "/system/bin/smartcable/smartCableSTBApp": library "libmosquitto.so" not found: needed by main executable
06-12 16:38:02.052 W/[ 6557.404843@1]  RTW(    0): fill_default_txdesc(wlan0): SP Packet(0x0806) rate=0x4 SeqNum = 3371
06-12 16:38:04.364 W/[ 6559.718201@0]  RTW(    0): fill_default_txdesc(wlan0): SP Packet(0x0806) rate=0x4 SeqNum = 3758
06-12 16:38:05.258 V/DigitalSignage(  632): Package Name: null
06-12 16:38:05.258 V/DigitalSignage(  632): Left: 0
06-12 16:38:05.258 V/DigitalSignage(  632): Right: 0
06-12 16:38:05.258 V/DigitalSignage(  632): Top: 0
06-12 16:38:05.258 V/DigitalSignage(  632): Bottom: 0
06-12 16:38:05.258 D/DigitalSignage(  632): else - Package Name :: null left : 0 right :: 0 top :: 0 bottom :: 0 dfu-right :: 1920 dfu-bottom :: 1080
06-12 16:38:05.966 F/linker  (10208): CANNOT LINK EXECUTABLE "/system/bin/smartcable/smartCableSTBApp": library "libmosquitto.so" not found: needed by main executable
06-12 16:38:09.367 W/[ 6564.722058@0]  RTW(    0): fill_default_txdesc(wlan0): SP Packet(0x0806) rate=0x4 SeqNum = 597
06-12 16:38:10.965 F/linker  (10221): CANNOT LINK EXECUTABLE "/system/bin/smartcable/smartCableSTBApp": library "libmosquitto.so" not found: needed by main executable
06-12 16:38:14.604 W/[ 6569.957015@3]  RTW(    0): fill_default_txdesc(wlan0): SP Packet(0x0806) rate=0x4 SeqNum = 1521
06-12 16:38:15.973 F/linker  (10235): CANNOT LINK EXECUTABLE "/system/bin/smartcable/smartCableSTBApp": library "libmosquitto.so" not found: needed by main executable
06-12 16:38:19.703 W/[ 6575.056766@2]  RTW(    0): fill_default_txdesc(wlan0): SP Packet(0x0806) rate=0x4 SeqNum = 2308
06-12 16:38:20.984 F/linker  (10250): CANNOT LINK EXECUTABLE "/system/bin/smartcable/smartCableSTBApp": library "libmosquitto.so" not found: needed by main executable
06-12 16:38:24.800 W/[ 6580.156452@0]  RTW(    0): fill_default_txdesc(wlan0): SP Packet(0x0806) rate=0x4 SeqNum = 3230
06-12 16:38:25.993 F/linker  (10259): CANNOT LINK EXECUTABLE "/system/bin/smartcable/smartCableSTBApp": library "libmosquitto.so" not found: needed by main executable
06-12 16:38:29.900 W/[ 6585.256032@1]  RTW(    0): fill_default_txdesc(wlan0): SP Packet(0x0806) rate=0x4 SeqNum = 4059
06-12 16:38:30.996 F/linker  (10272): CANNOT LINK EXECUTABLE "/system/bin/smartcable/smartCableSTBApp": library "libmosquitto.so" not found: needed by main executable
06-12 16:38:32.260 W/[ 6587.612788@0]  RTW(    0): fill_default_txdesc(wlan0): SP Packet(0x0806) rate=0x4 SeqNum = 340
06-12 16:38:34.447 W/[ 6589.803213@1]  RTW(    0): fill_default_txdesc(wlan0): SP Packet(0x0806) rate=0x4 SeqNum = 733
06-12 16:38:36.003 F/linker  (10281): CANNOT LINK EXECUTABLE "/system/bin/smartcable/smartCableSTBApp": library "libmosquitto.so" not found: needed by main executable
--------- beginning of main
06-12 16:38:39.504 W/pool-7-thread-1( 3502): type=1400 audit(0.0:8500): avc: denied { read } for name="arp" dev="proc" ino=4026532018 scontext=u:r:untrusted_app_27:s0:c85,c256,c512,c768 tcontext=u:object_r:proc_net:s0 tclass=file permissive=0 app=com.jio.myhome.mediasharedmp
06-12 16:38:39.508 W/pool-7-thread-1( 3502): type=1400 audit(0.0:8501): avc: denied { read } for name="arp" dev="proc" ino=4026532018 scontext=u:r:untrusted_app_27:s0:c85,c256,c512,c768 tcontext=u:object_r:proc_net:s0 tclass=file permissive=0 app=com.jio.myhome.mediasharedmp
06-12 16:38:39.687 W/[ 6595.043275@0]  RTW(    0): fill_default_txdesc(wlan0): SP Packet(0x0806) rate=0x4 SeqNum = 1620
06-12 16:38:39.748 W/pool-7-thread-1( 3502): type=1400 audit(0.0:8502): avc: denied { read } for name="arp" dev="proc" ino=4026532018 scontext=u:r:untrusted_app_27:s0:c85,c256,c512,c768 tcontext=u:object_r:proc_net:s0 tclass=file permissive=0 app=com.jio.myhome.mediasharedmp
06-12 16:38:39.752 W/pool-7-thread-1( 3502): type=1400 audit(0.0:8503): avc: denied { read } for name="arp" dev="proc" ino=4026532018 scontext=u:r:untrusted_app_27:s0:c85,c256,c512,c768 tcontext=u:object_r:proc_net:s0 tclass=file permissive=0 app=com.jio.myhome.mediasharedmp
06-12 16:38:39.985 I/chatty  ( 9760): uid=10096(io.appium.uiautomator2.server) expire 1 line
06-12 16:38:40.247 W/[ 6595.604122@0]  audit(    0): audit_lost=7085 audit_rate_limit=5 audit_backlog_limit=64
06-12 16:38:40.248 E/[ 6595.604133@0]  audit(    0): rate limit exceeded
06-12 16:38:41.012 F/linker  (10300): CANNOT LINK EXECUTABLE "/system/bin/smartcable/smartCableSTBApp": library "libmosquitto.so" not found: needed by main executable
06-12 16:38:44.232 W/[ 6599.587067@1]  RTW(    0): fill_default_txdesc(wlan0): SP Packet(0x0806) rate=0x4 SeqNum = 2274
06-12 16:38:46.021 F/linker  (10315): CANNOT LINK EXECUTABLE "/system/bin/smartcable/smartCableSTBApp": library "libmosquitto.so" not found: needed by main executable
06-12 16:38:49.383 W/[ 6604.737584@0]  RTW(    0): fill_default_txdesc(wlan0): SP Packet(0x0806) rate=0x4 SeqNum = 2808
06-12 16:38:51.025 F/linker  (10328): CANNOT LINK EXECUTABLE "/system/bin/smartcable/smartCableSTBApp": library "libmosquitto.so" not found: needed by main executable
06-12 16:38:54.536 W/[ 6609.889429@0]  RTW(    0): fill_default_txdesc(wlan0): SP Packet(0x0806) rate=0x4 SeqNum = 3282
06-12 16:38:56.028 F/linker  (10338): CANNOT LINK EXECUTABLE "/system/bin/smartcable/smartCableSTBApp": library "libmosquitto.so" not found: needed by main executable
06-12 16:38:59.460 W/[ 6614.812860@2]  RTW(    0): Turbo EDCA =0xa42b
06-12 16:38:59.684 W/[ 6615.037197@2]  RTW(    0): fill_default_txdesc(wlan0): SP Packet(0x0806) rate=0x4 SeqNum = 3779
06-12 16:39:01.033 F/linker  (10352): CANNOT LINK EXECUTABLE "/system/bin/smartcable/smartCableSTBApp": library "libmosquitto.so" not found: needed by main executable
06-12 16:39:01.475 W/[ 6616.828795@1]  RTW(    0): Turbo EDCA =0x5ea42b
06-12 16:39:04.803 W/[ 6620.157024@3]  RTW(    0): fill_default_txdesc(wlan0): SP Packet(0x0806) rate=0x4 SeqNum = 320
06-12 16:39:06.042 F/linker  (10361): CANNOT LINK EXECUTABLE "/system/bin/smartcable/smartCableSTBApp": library "libmosquitto.so" not found: needed by main executable
06-12 16:39:09.895 W/[ 6625.251181@3]  RTW(    0): fill_default_txdesc(wlan0): SP Packet(0x0806) rate=0x4 SeqNum = 1106
06-12 16:39:11.052 F/linker  (10371): CANNOT LINK EXECUTABLE "/system/bin/smartcable/smartCableSTBApp": library "libmosquitto.so" not found: needed by main executable
06-12 16:39:15.003 W/[ 6630.360021@3]  RTW(    0): fill_default_txdesc(wlan0): SP Packet(0x0806) rate=0x4 SeqNum = 1897
06-12 16:39:16.063 F/linker  (10387): CANNOT LINK EXECUTABLE "/system/bin/smartcable/smartCableSTBApp": library "libmosquitto.so" not found: needed by main executable
06-12 16:39:19.975 W/WindowManager(  632): removeWindowToken: Attempted to remove non-existing token: android.os.Binder@3d955a6
06-12 16:39:19.977 V/UiAutomationManager(  632): UiAutomation service owner died
06-12 16:39:20.152 W/[ 6635.507132@0]  RTW(    0): fill_default_txdesc(wlan0): SP Packet(0x0806) rate=0x4 SeqNum = 2825
06-12 16:39:21.055 F/linker  (10401): CANNOT LINK EXECUTABLE "/system/bin/smartcable/smartCableSTBApp": library "libmosquitto.so" not found: needed by main executable
06-12 16:39:22.691 W/[ 6638.044870@0]  RTW(    0): fill_default_txdesc(wlan0): SP Packet(0x0806) rate=0x4 SeqNum = 2846
06-12 16:39:23.824 W/[ 6639.178097@3]  audit(    0): audit_lost=7087 audit_rate_limit=5 audit_backlog_limit=64
06-12 16:39:23.824 E/[ 6639.178105@3]  audit(    0): rate limit exceeded
06-12 16:39:24.231 W/[ 6639.587676@0]  RTW(    0): fill_default_txdesc(wlan0): SP Packet(0x0806) rate=0x4 SeqNum = 2863
06-12 16:39:24.927 W/[ 6640.282178@3]  audit(    0): audit_lost=7205 audit_rate_limit=5 audit_backlog_limit=64
06-12 16:39:24.927 E/[ 6640.282188@3]  audit(    0): rate limit exceeded
06-12 16:39:25.667 W/[ 6641.020796@1]  RTW(    0): Turbo EDCA =0xa42b
06-12 16:39:26.065 F/linker  (10415): CANNOT LINK EXECUTABLE "/system/bin/smartcable/smartCableSTBApp": library "libmosquitto.so" not found: needed by main executable
06-12 16:39:27.684 W/[ 6643.036922@0]  RTW(    0): Turbo EDCA =0x5ea42b
06-12 16:39:29.371 W/[ 6644.725993@0]  RTW(    0): fill_default_txdesc(wlan0): SP Packet(0x0806) rate=0x4 SeqNum = 2884
06-12 16:39:31.067 F/linker  (10424): CANNOT LINK EXECUTABLE "/system/bin/smartcable/smartCableSTBApp": library "libmosquitto.so" not found: needed by main executable
06-12 16:39:34.495 W/[ 6649.848759@0]  RTW(    0): fill_default_txdesc(wlan0): SP Packet(0x0806) rate=0x4 SeqNum = 2904
06-12 16:39:36.072 F/linker  (10438): CANNOT LINK EXECUTABLE "/system/bin/smartcable/smartCableSTBApp": library "libmosquitto.so" not found: needed by main executable
06-12 16:39:39.603 W/[ 6654.957621@1]  RTW(    0): fill_default_txdesc(wlan0): SP Packet(0x0806) rate=0x4 SeqNum = 2921
06-12 16:39:40.008 W/[ 6655.362606@0]  audit(    0): audit_lost=7212 audit_rate_limit=5 audit_backlog_limit=64
06-12 16:39:40.008 E/[ 6655.362626@0]  audit(    0): rate limit exceeded
06-12 16:39:41.072 F/linker  (10452): CANNOT LINK EXECUTABLE "/system/bin/smartcable/smartCableSTBApp": library "libmosquitto.so" not found: needed by main executable
06-12 16:39:44.692 W/[ 6660.047314@1]  RTW(    0): fill_default_txdesc(wlan0): SP Packet(0x0806) rate=0x4 SeqNum = 3001
06-12 16:39:46.077 F/linker  (10468): CANNOT LINK EXECUTABLE "/system/bin/smartcable/smartCableSTBApp": library "libmosquitto.so" not found: needed by main executable
06-12 16:39:49.843 W/[ 6665.198648@2]  RTW(    0): fill_default_txdesc(wlan0): SP Packet(0x0806) rate=0x4 SeqNum = 3025
06-12 16:39:49.860 W/[ 6665.212853@3]  RTW(    0): Turbo EDCA =0xa42b
06-12 16:39:51.089 F/linker  (10479): CANNOT LINK EXECUTABLE "/system/bin/smartcable/smartCableSTBApp": library "libmosquitto.so" not found: needed by main executable
06-12 16:39:51.879 W/[ 6667.232723@0]  RTW(    0): Turbo EDCA =0x5ea42b
06-12 16:39:54.179 W/[ 6669.532721@1]  RTW(    0): fill_default_txdesc(wlan0): SP Packet(0x0806) rate=0x4 SeqNum = 3040
06-12 16:39:54.256 W/[ 6669.610439@1]  RTW(    0): fill_default_txdesc(wlan0): SP Packet(0x0806) rate=0x4 SeqNum = 3042
06-12 16:39:56.089 F/linker  (10492): CANNOT LINK EXECUTABLE "/system/bin/smartcable/smartCableSTBApp": library "libmosquitto.so" not found: needed by main executable
06-12 16:39:57.924 W/[ 6673.276879@0]  RTW(    0): Turbo EDCA =0xa42b
06-12 16:39:59.939 W/[ 6675.292758@0]  RTW(    0): Turbo EDCA =0x5ea42b
06-12 16:40:00.115 W/[ 6675.468934@1]  RTW(    0): fill_default_txdesc(wlan0): SP Packet(0x0806) rate=0x4 SeqNum = 3064
06-12 16:40:01.100 F/linker  (10502): CANNOT LINK EXECUTABLE "/system/bin/smartcable/smartCableSTBApp": library "libmosquitto.so" not found: needed by main executable
06-12 16:40:03.971 W/[ 6679.324929@1]  RTW(    0): Turbo EDCA =0xa42b
06-12 16:40:04.191 W/[ 6679.546714@1]  RTW(    0): fill_default_txdesc(wlan0): SP Packet(0x0806) rate=0x4 SeqNum = 3087
06-12 16:40:05.992 W/[ 6681.344873@3]  RTW(    0): Turbo EDCA =0x5ea42b
06-12 16:40:06.103 F/linker  (10511): CANNOT LINK EXECUTABLE "/system/bin/smartcable/smartCableSTBApp": library "libmosquitto.so" not found: needed by main executable
06-12 16:40:09.288 W/[ 6684.644336@2]  RTW(    0): fill_default_txdesc(wlan0): SP Packet(0x0806) rate=0x4 SeqNum = 3103
06-12 16:40:11.110 F/linker  (10524): CANNOT LINK EXECUTABLE "/system/bin/smartcable/smartCableSTBApp": library "libmosquitto.so" not found: needed by main executable
06-12 16:40:14.052 W/[ 6689.404781@3]  RTW(    0): Turbo EDCA =0xa42b
06-12 16:40:14.443 W/[ 6689.797658@0]  RTW(    0): fill_default_txdesc(wlan0): SP Packet(0x0806) rate=0x4 SeqNum = 3142
06-12 16:40:16.068 W/[ 6691.420870@0]  RTW(    0): Turbo EDCA =0x5ea42b
06-12 16:40:16.114 F/linker  (10535): CANNOT LINK EXECUTABLE "/system/bin/smartcable/smartCableSTBApp": library "libmosquitto.so" not found: needed by main executable
06-12 16:40:19.276 W/[ 6694.630757@1]  RTW(    0): fill_default_txdesc(wlan0): SP Packet(0x0806) rate=0x4 SeqNum = 3172
06-12 16:40:21.118 F/linker  (10551): CANNOT LINK EXECUTABLE "/system/bin/smartcable/smartCableSTBApp": library "libmosquitto.so" not found: needed by main executable
06-12 16:40:24.391 W/[ 6699.746946@1]  RTW(    0): fill_default_txdesc(wlan0): SP Packet(0x0806) rate=0x4 SeqNum = 3191
06-12 16:40:26.123 F/linker  (10560): CANNOT LINK EXECUTABLE "/system/bin/smartcable/smartCableSTBApp": library "libmosquitto.so" not found: needed by main executable
06-12 16:40:27.715 W/[ 6703.068716@0]  RTW(    0): fill_default_txdesc(wlan0): SP Packet(0x0806) rate=0x4 SeqNum = 3199
06-12 16:40:29.743 W/[ 6705.096656@0]  RTW(    0): fill_default_txdesc(wlan0): SP Packet(0x0806) rate=0x4 SeqNum = 3205
06-12 16:40:31.133 F/linker  (10573): CANNOT LINK EXECUTABLE "/system/bin/smartcable/smartCableSTBApp": library "libmosquitto.so" not found: needed by main executable
06-12 16:40:34.044 W/[ 6709.399421@2]  RTW(    0): cfg80211_rtw_scan(wlan0)
06-12 16:40:34.044 W/[ 6709.399443@2]  RTW(    0): cfg80211_rtw_scan (wlan0) tx:2, rx:2, bi:4 kbps, disallow(0)
06-12 16:40:34.047 W/[ 6709.402900@1]  RTW(    0): [HW_VAR_CHECK_TXBUF] Empty in 0 ms
06-12 16:40:34.048 W/[ 6709.402986@1]  RTW(    0): wlan0 sleep m0=0x00000003, ori reg_0x4d4=0x00000000
06-12 16:40:34.740 W/[ 6710.094204@3]  RTW(    0): LeaveAllPowerSaveModeDirect.....
06-12 16:40:34.740 W/[ 6710.094220@3]  RTW(    0): LeaveAllPowerSaveModeDirect: Driver Already Leave LPS
06-12 16:40:34.740 W/[ 6710.094229@3]  RTW(    0): rtw_hal_set_macaddr_port wlan0- hw port(0) mac_addr =a8:71:16:66:28:c6
06-12 16:40:34.740 W/[ 6710.094430@3]  RTW(    0): wlan0- hw port(0) mac_addr =a8:71:16:66:28:c6
06-12 16:40:34.740 W/[ 6710.094502@3]  RTW(    0): p2p0- hw port(1) mac_addr =aa:71:16:66:28:c6
06-12 16:40:34.744 W/[ 6710.099423@2]  RTW(    0): wlan0 wakeup m0=0x00000003, ori reg_0x4d4=0x00000003
06-12 16:40:34.744 W/[ 6710.100231@2]  RTW(    0): survey done event(46) band:0 for wlan0
06-12 16:40:34.744 W/        (    0): [ 6710.100247@2]  ========== ACS (VER-3) ==========
06-12 16:40:34.744 W/        (    0): [ 6710.100251@2]  Best 24G Channel:1
06-12 16:40:34.744 W/        (    0): [ 6710.100253@2]  Best 5G Channel:52
06-12 16:40:34.744 W/        (    0): [ 6710.100253@2]
06-12 16:40:34.744 W/[ 6710.100310@2]  RTW(    0): rtw_indicate_scan_done(wlan0)
06-12 16:40:34.895 W/[ 6710.249972@0]  RTW(    0): fill_default_txdesc(wlan0): SP Packet(0x0806) rate=0x4 SeqNum = 3219
06-12 16:40:36.134 F/linker  (10591): CANNOT LINK EXECUTABLE "/system/bin/smartcable/smartCableSTBApp": library "libmosquitto.so" not found: needed by main executable
06-12 16:40:40.007 W/[ 6715.361235@0]  audit(    0): audit_lost=7215 audit_rate_limit=5 audit_backlog_limit=64
06-12 16:40:40.007 E/[ 6715.361245@0]  audit(    0): rate limit exceeded
06-12 16:40:40.007 W/[ 6715.363300@3]  RTW(    0): fill_default_txdesc(wlan0): SP Packet(0x0806) rate=0x4 SeqNum = 3259
06-12 16:40:40.259 W/[ 6715.612920@0]  RTW(    0): Turbo EDCA =0xa42b
06-12 16:40:41.143 F/linker  (10609): CANNOT LINK EXECUTABLE "/system/bin/smartcable/smartCableSTBApp": library "libmosquitto.so" not found: needed by main executable
06-12 16:40:42.275 W/[ 6717.628789@3]  RTW(    0): Turbo EDCA =0x5ea42b
06-12 16:40:45.112 W/[ 6720.468218@2]  RTW(    0): fill_default_txdesc(wlan0): SP Packet(0x0806) rate=0x4 SeqNum = 3323
06-12 16:40:46.150 F/linker  (10621): CANNOT LINK EXECUTABLE "/system/bin/smartcable/smartCableSTBApp": library "libmosquitto.so" not found: needed by main executable
06-12 16:40:49.224 W/[ 6724.577269@0]  RTW(    0): fill_default_txdesc(wlan0): SP Packet(0x0806) rate=0x4 SeqNum = 3339
06-12 16:40:51.149 F/linker  (10636): CANNOT LINK EXECUTABLE "/system/bin/smartcable/smartCableSTBApp": library "libmosquitto.so" not found: needed by main executable
06-12 16:40:54.348 W/[ 6729.700780@1]  RTW(    0): fill_default_txdesc(wlan0): SP Packet(0x0806) rate=0x4 SeqNum = 3355
06-12 16:40:56.156 F/linker  (10646): CANNOT LINK EXECUTABLE "/system/bin/smartcable/smartCableSTBApp": library "libmosquitto.so" not found: needed by main executable
06-12 16:40:59.444 W/[ 6734.797115@1]  RTW(    0): fill_default_txdesc(wlan0): SP Packet(0x0806) rate=0x4 SeqNum = 3390
06-12 16:41:01.159 F/linker  (10655): CANNOT LINK EXECUTABLE "/system/bin/smartcable/smartCableSTBApp": library "libmosquitto.so" not found: needed by main executable
06-12 16:41:01.251 W/[ 6736.604733@1]  RTW(    0): fill_default_txdesc(wlan0): SP Packet(0x0806) rate=0x4 SeqNum = 3395
06-12 16:41:01.291 W/[ 6736.645132@1]  RTW(    0): fill_default_txdesc(wlan0): SP Packet(0x0806) rate=0x4 SeqNum = 3397
06-12 16:41:04.452 W/[ 6739.804877@3]  RTW(    0): Turbo EDCA =0xa42b
06-12 16:41:04.544 W/[ 6739.896888@3]  RTW(    0): fill_default_txdesc(wlan0): SP Packet(0x0806) rate=0x4 SeqNum = 3456
06-12 16:41:06.170 F/linker  (10668): CANNOT LINK EXECUTABLE "/system/bin/smartcable/smartCableSTBApp": library "libmosquitto.so" not found: needed by main executable
06-12 16:41:06.468 W/[ 6741.820916@1]  RTW(    0): Turbo EDCA =0x5ea42b
06-12 16:41:07.135 W/[ 6742.490440@1]  RTW(    0): fill_default_txdesc(wlan0): SP Packet(0x0806) rate=0x4 SeqNum = 3465
06-12 16:41:07.139 W/[ 6742.492697@1]  RTW(    0): fill_default_txdesc(wlan0): SP Packet(0x0806) rate=0x4 SeqNum = 3466
06-12 16:41:09.643 W/[ 6744.998842@1]  RTW(    0): fill_default_txdesc(wlan0): SP Packet(0x0806) rate=0x4 SeqNum = 3482
06-12 16:41:11.178 F/linker  (10678): CANNOT LINK EXECUTABLE "/system/bin/smartcable/smartCableSTBApp": library "libmosquitto.so" not found: needed by main executable
06-12 16:41:14.751 W/[ 6750.107102@1]  RTW(    0): fill_default_txdesc(wlan0): SP Packet(0x0806) rate=0x4 SeqNum = 3502
06-12 16:41:16.184 F/linker  (10692): CANNOT LINK EXECUTABLE "/system/bin/smartcable/smartCableSTBApp": library "libmosquitto.so" not found: needed by main executable
06-12 16:41:19.880 W/[ 6755.236355@0]  RTW(    0): fill_default_txdesc(wlan0): SP Packet(0x0806) rate=0x4 SeqNum = 3525
06-12 16:41:21.186 F/linker  (10704): CANNOT LINK EXECUTABLE "/system/bin/smartcable/smartCableSTBApp": library "libmosquitto.so" not found: needed by main executable
06-12 16:41:24.871 W/[ 6760.227692@3]  audit(    0): audit_lost=7218 audit_rate_limit=5 audit_backlog_limit=64
06-12 16:41:24.871 E/[ 6760.227699@3]  audit(    0): rate limit exceeded
06-12 16:41:24.991 W/[ 6760.347644@0]  RTW(    0): fill_default_txdesc(wlan0): SP Packet(0x0806) rate=0x4 SeqNum = 3538
06-12 16:41:26.003 W/[ 6761.358542@1]  audit(    0): audit_lost=7333 audit_rate_limit=5 audit_backlog_limit=64
06-12 16:41:26.003 E/[ 6761.358551@1]  audit(    0): rate limit exceeded
06-12 16:41:26.200 F/linker  (10728): CANNOT LINK EXECUTABLE "/system/bin/smartcable/smartCableSTBApp": library "libmosquitto.so" not found: needed by main executable
06-12 16:41:30.124 W/[ 6765.477155@1]  RTW(    0): fill_default_txdesc(wlan0): SP Packet(0x0806) rate=0x4 SeqNum = 3578
06-12 16:41:30.660 W/[ 6766.012859@3]  RTW(    0): Turbo EDCA =0xa42b
06-12 16:41:31.202 F/linker  (10778): CANNOT LINK EXECUTABLE "/system/bin/smartcable/smartCableSTBApp": library "libmosquitto.so" not found: needed by main executable
06-12 16:41:32.675 W/[ 6768.028867@3]  RTW(    0): Turbo EDCA =0x5ea42b
06-12 16:41:34.244 W/[ 6769.597204@1]  RTW(    0): fill_default_txdesc(wlan0): SP Packet(0x0806) rate=0x4 SeqNum = 3590
06-12 16:41:35.555 W/[ 6770.908761@1]  RTW(    0): fill_default_txdesc(wlan0): SP Packet(0x0806) rate=0x4 SeqNum = 3596
06-12 16:41:36.220 F/linker  (10839): CANNOT LINK EXECUTABLE "/system/bin/smartcable/smartCableSTBApp": library "libmosquitto.so" not found: needed by main executable
06-12 16:41:39.395 W/[ 6774.749682@0]  RTW(    0): fill_default_txdesc(wlan0): SP Packet(0x0806) rate=0x4 SeqNum = 3631
06-12 16:41:39.760 W/[ 6775.115877@2]  audit(    0): audit_lost=7339 audit_rate_limit=5 audit_backlog_limit=64
06-12 16:41:39.760 E/[ 6775.115894@2]  audit(    0): rate limit exceeded
06-12 16:41:41.209 F/linker  (10906): CANNOT LINK EXECUTABLE "/system/bin/smartcable/smartCableSTBApp": library "libmosquitto.so" not found: needed by main executable
06-12 16:41:44.503 W/[ 6779.857085@1]  RTW(    0): fill_default_txdesc(wlan0): SP Packet(0x0806) rate=0x4 SeqNum = 3745
06-12 16:41:44.516 W/[ 6779.868844@1]  RTW(    0): fill_default_txdesc(wlan0): SP Packet(0x0806) rate=0x4 SeqNum = 3747
06-12 16:41:44.516 W/[ 6779.872739@1]  RTW(    0): fill_default_txdesc(wlan0): SP Packet(0x0806) rate=0x4 SeqNum = 3748
06-12 16:41:44.552 W/[ 6779.908429@0]  RTW(    0): fill_default_txdesc(wlan0): SP Packet(0x0806) rate=0x4 SeqNum = 3749
06-12 16:41:46.216 F/linker  (10957): CANNOT LINK EXECUTABLE "/system/bin/smartcable/smartCableSTBApp": library "libmosquitto.so" not found: needed by main executable
06-12 16:41:49.612 W/[ 6784.966681@1]  RTW(    0): fill_default_txdesc(wlan0): SP Packet(0x0806) rate=0x4 SeqNum = 3775
06-12 16:41:51.218 F/linker  (10973): CANNOT LINK EXECUTABLE "/system/bin/smartcable/smartCableSTBApp": library "libmosquitto.so" not found: needed by main executable
06-12 16:41:54.711 W/[ 6790.066770@0]  RTW(    0): fill_default_txdesc(wlan0): SP Packet(0x0806) rate=0x4 SeqNum = 3813
06-12 16:41:54.851 W/[ 6790.204862@0]  RTW(    0): Turbo EDCA =0xa42b
06-12 16:41:56.225 F/linker  (10987): CANNOT LINK EXECUTABLE "/system/bin/smartcable/smartCableSTBApp": library "libmosquitto.so" not found: needed by main executable
06-12 16:41:59.824 W/[ 6795.177699@1]  RTW(    0): fill_default_txdesc(wlan0): SP Packet(0x0806) rate=0x4 SeqNum = 3825
06-12 16:42:00.900 W/[ 6796.253035@3]  RTW(    0): Turbo EDCA =0x5ea42b
06-12 16:42:01.228 F/linker  (11000): CANNOT LINK EXECUTABLE "/system/bin/smartcable/smartCableSTBApp": library "libmosquitto.so" not found: needed by main executable
06-12 16:42:02.915 W/[ 6798.268876@3]  RTW(    0): Turbo EDCA =0xa42b
06-12 16:42:03.633 V/DisplayPowerController(  632): Brightness [0.05] reason changing to: 'manual [ dim ]', previous reason: 'manual'.
06-12 16:42:04.972 W/[ 6800.327585@2]  RTW(    0): fill_default_txdesc(wlan0): SP Packet(0x0806) rate=0x4 SeqNum = 3838
06-12 16:42:06.235 F/linker  (11009): CANNOT LINK EXECUTABLE "/system/bin/smartcable/smartCableSTBApp": library "libmosquitto.so" not found: needed by main executable
06-12 16:42:06.947 W/[ 6802.300866@3]  RTW(    0): Turbo EDCA =0x5ea42b
06-12 16:42:07.044 W/[ 6802.396768@2]  RTW(    0): fill_default_txdesc(wlan0): SP Packet(0x0806) rate=0x4 SeqNum = 3843
06-12 16:42:10.123 W/[ 6805.477417@1]  RTW(    0): fill_default_txdesc(wlan0): SP Packet(0x0806) rate=0x4 SeqNum = 3851
06-12 16:42:11.246 F/linker  (11022): CANNOT LINK EXECUTABLE "/system/bin/smartcable/smartCableSTBApp": library "libmosquitto.so" not found: needed by main executable
06-12 16:42:13.700 W/[ 6809.052802@1]  RTW(    0): fill_default_txdesc(wlan0): SP Packet(0x0806) rate=0x4 SeqNum = 3874
06-12 16:42:14.239 W/[ 6809.596415@1]  RTW(    0): fill_default_txdesc(wlan0): SP Packet(0x0806) rate=0x4 SeqNum = 3879
06-12 16:42:16.249 F/linker  (11032): CANNOT LINK EXECUTABLE "/system/bin/smartcable/smartCableSTBApp": library "libmosquitto.so" not found: needed by main executable
06-12 16:42:19.048 W/[ 6814.400851@0]  RTW(    0): Turbo EDCA =0xa42b
06-12 16:42:19.376 W/[ 6814.729516@1]  RTW(    0): fill_default_txdesc(wlan0): SP Packet(0x0806) rate=0x4 SeqNum = 3919
06-12 16:42:21.059 W/[ 6816.412790@1]  RTW(    0): Turbo EDCA =0x5ea42b
06-12 16:42:21.255 F/linker  (11049): CANNOT LINK EXECUTABLE "/system/bin/smartcable/smartCableSTBApp": library "libmosquitto.so" not found: needed by main executable
06-12 16:42:24.512 W/[ 6819.866989@1]  RTW(    0): fill_default_txdesc(wlan0): SP Packet(0x0806) rate=0x4 SeqNum = 3937
06-12 16:42:26.263 F/linker  (11061): CANNOT LINK EXECUTABLE "/system/bin/smartcable/smartCableSTBApp": library "libmosquitto.so" not found: needed by main executable
06-12 16:42:29.575 W/[ 6824.931398@1]  RTW(    0): fill_default_txdesc(wlan0): SP Packet(0x0806) rate=0x4 SeqNum = 3965
06-12 16:42:31.270 F/linker  (11074): CANNOT LINK EXECUTABLE "/system/bin/smartcable/smartCableSTBApp": library "libmosquitto.so" not found: needed by main executable
06-12 16:42:34.812 W/[ 6830.167289@0]  RTW(    0): fill_default_txdesc(wlan0): SP Packet(0x0806) rate=0x4 SeqNum = 3990
06-12 16:42:36.271 F/linker  (11084): CANNOT LINK EXECUTABLE "/system/bin/smartcable/smartCableSTBApp": library "libmosquitto.so" not found: needed by main executable
06-12 16:42:37.763 W/[ 6833.116744@1]  RTW(    0): fill_default_txdesc(wlan0): SP Packet(0x0806) rate=0x4 SeqNum = 3997
06-12 16:42:39.932 W/[ 6835.287929@0]  RTW(    0): fill_default_txdesc(wlan0): SP Packet(0x0806) rate=0x4 SeqNum = 4016
06-12 16:42:40.251 W/[ 6835.606972@0]  audit(    0): audit_lost=7347 audit_rate_limit=5 audit_backlog_limit=64
06-12 16:42:40.251 E/[ 6835.606982@0]  audit(    0): rate limit exceeded
06-12 16:42:41.280 F/linker  (11097): CANNOT LINK EXECUTABLE "/system/bin/smartcable/smartCableSTBApp": library "libmosquitto.so" not found: needed by main executable
06-12 16:42:44.232 W/[ 6839.586783@0]  RTW(    0): fill_default_txdesc(wlan0): SP Packet(0x0806) rate=0x4 SeqNum = 8
06-12 16:42:45.251 W/[ 6840.604717@3]  RTW(    0): Turbo EDCA =0xa42b
06-12 16:42:46.281 F/linker  (11115): CANNOT LINK EXECUTABLE "/system/bin/smartcable/smartCableSTBApp": library "libmosquitto.so" not found: needed by main executable
06-12 16:42:47.268 W/[ 6842.620948@3]  RTW(    0): Turbo EDCA =0x5ea42b
06-12 16:42:49.192 W/[ 6844.547622@0]  RTW(    0): fill_default_txdesc(wlan0): SP Packet(0x0806) rate=0x4 SeqNum = 36
06-12 16:42:51.291 F/linker  (11125): CANNOT LINK EXECUTABLE "/system/bin/smartcable/smartCableSTBApp": library "libmosquitto.so" not found: needed by main executable
06-12 16:42:54.311 W/[ 6849.668093@0]  RTW(    0): fill_default_txdesc(wlan0): SP Packet(0x0806) rate=0x4 SeqNum = 47
06-12 16:42:56.297 F/linker  (11140): CANNOT LINK EXECUTABLE "/system/bin/smartcable/smartCableSTBApp": library "libmosquitto.so" not found: needed by main executable
06-12 16:42:57.347 W/[ 6852.700766@1]  RTW(    0): Turbo EDCA =0xa42b
06-12 16:42:59.363 W/[ 6854.716801@3]  RTW(    0): Turbo EDCA =0x5ea42b
06-12 16:42:59.423 W/[ 6854.777535@0]  RTW(    0): fill_default_txdesc(wlan0): SP Packet(0x0806) rate=0x4 SeqNum = 58
06-12 16:43:01.303 F/linker  (11149): CANNOT LINK EXECUTABLE "/system/bin/smartcable/smartCableSTBApp": library "libmosquitto.so" not found: needed by main executable
06-12 16:43:03.363 W/[ 6858.716722@0]  RTW(    0): fill_default_txdesc(wlan0): SP Packet(0x0806) rate=0x4 SeqNum = 68
06-12 16:43:03.396 W/[ 6858.749006@3]  RTW(    0): Turbo EDCA =0xa42b
06-12 16:43:04.531 W/[ 6859.887156@0]  RTW(    0): fill_default_txdesc(wlan0): SP Packet(0x0806) rate=0x4 SeqNum = 72
06-12 16:43:05.411 W/[ 6860.764790@0]  RTW(    0): Turbo EDCA =0x5ea42b
06-12 16:43:06.307 F/linker  (11162): CANNOT LINK EXECUTABLE "/system/bin/smartcable/smartCableSTBApp": library "libmosquitto.so" not found: needed by main executable
06-12 16:43:09.635 W/[ 6864.989817@0]  RTW(    0): fill_default_txdesc(wlan0): SP Packet(0x0806) rate=0x4 SeqNum = 84
06-12 16:43:10.276 W/[ 6865.628957@1]  RTW(    0): fill_default_txdesc(wlan0): SP Packet(0x0806) rate=0x4 SeqNum = 87
06-12 16:43:11.311 F/linker  (11171): CANNOT LINK EXECUTABLE "/system/bin/smartcable/smartCableSTBApp": library "libmosquitto.so" not found: needed by main executable
06-12 16:43:14.764 W/[ 6870.117655@0]  RTW(    0): fill_default_txdesc(wlan0): SP Packet(0x0806) rate=0x4 SeqNum = 109
06-12 16:43:16.314 F/linker  (11185): CANNOT LINK EXECUTABLE "/system/bin/smartcable/smartCableSTBApp": library "libmosquitto.so" not found: needed by main executable
06-12 16:43:19.871 W/[ 6875.227017@3]  RTW(    0): fill_default_txdesc(wlan0): SP Packet(0x0806) rate=0x4 SeqNum = 134
06-12 16:43:21.326 F/linker  (11196): CANNOT LINK EXECUTABLE "/system/bin/smartcable/smartCableSTBApp": library "libmosquitto.so" not found: needed by main executable
06-12 16:43:24.872 W/[ 6880.227960@3]  RTW(    0): fill_default_txdesc(wlan0): SP Packet(0x0806) rate=0x4 SeqNum = 150
06-12 16:43:25.020 W/[ 6880.374724@1]  audit(    0): audit_lost=7349 audit_rate_limit=5 audit_backlog_limit=64
06-12 16:43:25.020 E/[ 6880.374731@1]  audit(    0): rate limit exceeded
06-12 16:43:26.091 W/[ 6881.448439@1]  audit(    0): audit_lost=7467 audit_rate_limit=5 audit_backlog_limit=64
06-12 16:43:26.091 E/[ 6881.448445@1]  audit(    0): rate limit exceeded
06-12 16:43:26.323 F/linker  (11211): CANNOT LINK EXECUTABLE "/system/bin/smartcable/smartCableSTBApp": library "libmosquitto.so" not found: needed by main executable
06-12 16:43:29.991 W/[ 6885.348138@3]  RTW(    0): fill_default_txdesc(wlan0): SP Packet(0x0806) rate=0x4 SeqNum = 177
06-12 16:43:31.330 F/linker  (11221): CANNOT LINK EXECUTABLE "/system/bin/smartcable/smartCableSTBApp": library "libmosquitto.so" not found: needed by main executable
06-12 16:43:34.243 W/[ 6889.597161@3]  RTW(    0): fill_default_txdesc(wlan0): SP Packet(0x0806) rate=0x4 SeqNum = 189
06-12 16:43:36.339 F/linker  (11234): CANNOT LINK EXECUTABLE "/system/bin/smartcable/smartCableSTBApp": library "libmosquitto.so" not found: needed by main executable
06-12 16:43:37.668 W/[ 6893.020899@3]  RTW(    0): fill_default_txdesc(wlan0): SP Packet(0x0806) rate=0x4 SeqNum = 197
06-12 16:43:39.396 W/[ 6894.749155@1]  RTW(    0): fill_default_txdesc(wlan0): SP Packet(0x0806) rate=0x4 SeqNum = 202
06-12 16:43:40.007 W/[ 6895.363903@1]  audit(    0): audit_lost=7474 audit_rate_limit=5 audit_backlog_limit=64
06-12 16:43:40.008 E/[ 6895.363913@1]  audit(    0): rate limit exceeded
06-12 16:43:41.348 F/linker  (11244): CANNOT LINK EXECUTABLE "/system/bin/smartcable/smartCableSTBApp": library "libmosquitto.so" not found: needed by main executable
06-12 16:43:44.531 W/[ 6899.887540@0]  RTW(    0): fill_default_txdesc(wlan0): SP Packet(0x0806) rate=0x4 SeqNum = 284
06-12 16:43:46.350 F/linker  (11260): CANNOT LINK EXECUTABLE "/system/bin/smartcable/smartCableSTBApp": library "libmosquitto.so" not found: needed by main executable
06-12 16:43:49.643 W/[ 6904.997773@0]  RTW(    0): fill_default_txdesc(wlan0): SP Packet(0x0806) rate=0x4 SeqNum = 295
06-12 16:43:51.355 F/linker  (11273): CANNOT LINK EXECUTABLE "/system/bin/smartcable/smartCableSTBApp": library "libmosquitto.so" not found: needed by main executable
06-12 16:43:52.139 W/[ 6907.493877@1]  RTW(    0): cfg80211_rtw_scan(wlan0)
06-12 16:43:52.140 W/[ 6907.493896@1]  RTW(    0): cfg80211_rtw_scan (wlan0) tx:1, rx:2, bi:3 kbps, disallow(0)
06-12 16:43:52.143 W/[ 6907.496977@1]  RTW(    0): [HW_VAR_CHECK_TXBUF] Empty in 4 ms
06-12 16:43:52.143 W/[ 6907.497061@1]  RTW(    0): wlan0 sleep m0=0x00000003, ori reg_0x4d4=0x00000000
06-12 16:43:52.835 W/[ 6908.188771@3]  RTW(    0): LeaveAllPowerSaveModeDirect.....
06-12 16:43:52.835 W/[ 6908.188784@3]  RTW(    0): LeaveAllPowerSaveModeDirect: Driver Already Leave LPS
06-12 16:43:52.835 W/[ 6908.188792@3]  RTW(    0): rtw_hal_set_macaddr_port wlan0- hw port(0) mac_addr =a8:71:16:66:28:c6
06-12 16:43:52.836 W/[ 6908.188928@3]  RTW(    0): wlan0- hw port(0) mac_addr =a8:71:16:66:28:c6
06-12 16:43:52.836 W/[ 6908.188985@3]  RTW(    0): p2p0- hw port(1) mac_addr =aa:71:16:66:28:c6
06-12 16:43:52.836 W/[ 6908.192309@3]  RTW(    0): wlan0 wakeup m0=0x00000003, ori reg_0x4d4=0x00000003
06-12 16:43:52.840 W/[ 6908.192815@0]  RTW(    0): survey done event(44) band:0 for wlan0
06-12 16:43:52.840 W/        (    0): [ 6908.192828@0]  ========== ACS (VER-3) ==========
06-12 16:43:52.840 W/        (    0): [ 6908.192831@0]  Best 24G Channel:1
06-12 16:43:52.840 W/        (    0): [ 6908.192834@0]  Best 5G Channel:52
06-12 16:43:52.840 W/        (    0): [ 6908.192834@0]
06-12 16:43:52.840 W/[ 6908.192905@0]  RTW(    0): rtw_indicate_scan_done(wlan0)
06-12 16:43:54.763 W/[ 6910.117879@0]  RTW(    0): fill_default_txdesc(wlan0): SP Packet(0x0806) rate=0x4 SeqNum = 323
06-12 16:43:56.361 F/linker  (11295): CANNOT LINK EXECUTABLE "/system/bin/smartcable/smartCableSTBApp": library "libmosquitto.so" not found: needed by main executable
06-12 16:43:57.828 W/[ 6913.180859@3]  RTW(    0): Turbo EDCA =0xa42b
06-12 16:43:59.843 W/[ 6915.196740@0]  RTW(    0): Turbo EDCA =0x5ea42b
06-12 16:43:59.892 W/[ 6915.248309@0]  RTW(    0): fill_default_txdesc(wlan0): SP Packet(0x0806) rate=0x4 SeqNum = 337
06-12 16:44:01.369 F/linker  (11308): CANNOT LINK EXECUTABLE "/system/bin/smartcable/smartCableSTBApp": library "libmosquitto.so" not found: needed by main executable
06-12 16:44:03.879 W/[ 6919.232714@2]  RTW(    0): Turbo EDCA =0xa42b
06-12 16:44:05.012 W/[ 6920.364856@1]  RTW(    0): fill_default_txdesc(wlan0): SP Packet(0x0806) rate=0x4 SeqNum = 350
06-12 16:44:05.891 W/[ 6921.244887@1]  RTW(    0): Turbo EDCA =0x5ea42b
06-12 16:44:06.372 F/linker  (11318): CANNOT LINK EXECUTABLE "/system/bin/smartcable/smartCableSTBApp": library "libmosquitto.so" not found: needed by main executable
06-12 16:44:10.143 W/[ 6925.498714@1]  RTW(    0): fill_default_txdesc(wlan0): SP Packet(0x0806) rate=0x4 SeqNum = 365
06-12 16:44:11.382 F/linker  (11332): CANNOT LINK EXECUTABLE "/system/bin/smartcable/smartCableSTBApp": library "libmosquitto.so" not found: needed by main executable
06-12 16:44:12.548 E/[ 6927.901571@1]  selinux(    0): SELinux:  Could not stat /sys/kernel/dmabuf/buffers/1610850/attachments: No such file or directory.
06-12 16:44:12.548 E/[ 6927.901591@1]  selinux(    0):  
06-12 16:44:12.551 E/[ 6927.908516@1]  selinux(    0): SELinux:  Could not stat /sys/kernel/dmabuf/buffers/1609079/attachments: No such file or directory.
06-12 16:44:12.552 E/[ 6927.908533@1]  selinux(    0):  
06-12 16:44:14.224 W/[ 6929.578016@1]  RTW(    0): fill_default_txdesc(wlan0): SP Packet(0x0806) rate=0x4 SeqNum = 438
06-12 16:44:16.381 F/linker  (11341): CANNOT LINK EXECUTABLE "/system/bin/smartcable/smartCableSTBApp": library "libmosquitto.so" not found: needed by main executable
06-12 16:44:19.363 W/[ 6934.717882@1]  RTW(    0): fill_default_txdesc(wlan0): SP Packet(0x0806) rate=0x4 SeqNum = 472
06-12 16:44:21.389 F/linker  (11356): CANNOT LINK EXECUTABLE "/system/bin/smartcable/smartCableSTBApp": library "libmosquitto.so" not found: needed by main executable
06-12 16:44:24.491 W/[ 6939.848138@0]  RTW(    0): fill_default_txdesc(wlan0): SP Packet(0x0806) rate=0x4 SeqNum = 501
06-12 16:44:26.393 F/linker  (11365): CANNOT LINK EXECUTABLE "/system/bin/smartcable/smartCableSTBApp": library "libmosquitto.so" not found: needed by main executable
06-12 16:44:29.635 W/[ 6944.991537@1]  RTW(    0): fill_default_txdesc(wlan0): SP Packet(0x0806) rate=0x4 SeqNum = 522
06-12 16:44:31.398 F/linker  (11379): CANNOT LINK EXECUTABLE "/system/bin/smartcable/smartCableSTBApp": library "libmosquitto.so" not found: needed by main executable
06-12 16:44:34.743 W/[ 6950.099251@0]  RTW(    0): fill_default_txdesc(wlan0): SP Packet(0x0806) rate=0x4 SeqNum = 537
