06-12 20:01:43.745 V/DigitalSignage(  632): Right: 0
06-12 20:01:43.745 V/DigitalSignage(  632): Top: 0
06-12 20:01:43.745 V/DigitalSignage(  632): Bottom: 0
06-12 20:01:43.745 D/stbdpc  (  405): STB_DPGetNumPaths[570]: num_paths: 1
06-12 20:01:43.745 D/DigitalSignage(  632): else - Package Name :: null left : 0 right :: 0 top :: 0 bottom :: 0 dfu-right :: 1920 dfu-bottom :: 1080
06-12 20:01:43.752 F/AVPK    (26875): [AVPK:CommonAVPKContextGetPathFailed] Failed to get path type '3' with error code '3'
06-12 20:01:43.759 D/Ignite-DL(26875): set_event_callback(callback=0xc5ac7005, user_data=0xe9dc6e20)
06-12 20:01:43.762 I/lowmemorykiller(  233): medium memory pressure event is triggered for new strategy
06-12 20:01:43.762 D/lowmemorykiller(  233): LMKD mp_event_psi kill_reasons available are PRESSURE_AFTER_KILL, NOT_RESPONDING, LOW_SWAP_AND_THRASHING, LOW_MEM_AND_SWAP, LOW_MEM_AND_THRASHING, DIRECT_RECL_AND_THRASHING
06-12 20:01:43.762 D/lowmemorykiller(  233): LMKD mp_event_psi kill_reason received= -1
06-12 20:01:43.770 V/DigitalSignage(  632): Package Name: null
06-12 20:01:43.770 V/DigitalSignage(  632): Left: 0
06-12 20:01:43.770 V/DigitalSignage(  632): Right: 0
06-12 20:01:43.770 V/DigitalSignage(  632): Top: 0
06-12 20:01:43.770 V/DigitalSignage(  632): Bottom: 0
06-12 20:01:43.770 D/DigitalSignage(  632): else - Package Name :: null left : 0 right :: 0 top :: 0 bottom :: 0 dfu-right :: 1920 dfu-bottom :: 1080
06-12 20:01:43.770 V/DigitalSignage(  632): Package Name: null
06-12 20:01:43.770 V/DigitalSignage(  632): Left: 0
06-12 20:01:43.771 V/DigitalSignage(  632): Right: 0
06-12 20:01:43.771 V/DigitalSignage(  632): Top: 0
06-12 20:01:43.771 V/DigitalSignage(  632): Bottom: 0
06-12 20:01:43.771 D/DigitalSignage(  632): else - Package Name :: null left : 0 right :: 0 top :: 0 bottom :: 0 dfu-right :: 1920 dfu-bottom :: 1080
06-12 20:01:43.772 I/android.hardware.power-service.libperfmgr(  369): Power setBoost: INTERACTION duration: 0
06-12 20:01:43.772 I/libperfmgr(  369): Do Powerhint: INTERACTION
06-12 20:01:43.783 I/ActivityTaskManager(  632): Displayed com.amazon.amazonvideo.livingroom/com.amazon.ignition.IgnitionActivity: +1s279ms
06-12 20:01:43.808 W/CONFIGURATION(26875): [CONFIGURATION:LoadConfigFromStorageFailed] Loading configuration file failed
06-12 20:01:43.812 D/Ignite-DL(26875): setup(width=1920, height=1080, flags=66): android_surface=0x27f6
06-12 20:01:43.825 D/MinervaServiceAndroidAdapter(26875): *****record, region:us-east-1, metricGroupId:6mbgu9n8, metricSchemaId:acy4/2/02330410, metricEventId:83508743-6962-4fb4-98d2-b6248c2f0c62, utcTimestamp:1749738703824, localOffsetMinutes:330, listOfDataPointEnvelopes size:7
06-12 20:01:43.826 D/MinervaServiceAndroidAdapter(26875): metricEvent:com.amazon.minerva.client.thirdparty.metric.IonMetricEvent@98493c
06-12 20:01:43.826 D/MinervaServiceAndroidAdapter(26875): handleMessageForService.
06-12 20:01:43.826 D/MinervaServiceManager(26875): com.amazon.minerva.client.thirdparty.metric.IonMetricEvent@98493c
06-12 20:01:43.826 D/Ignite-DL(26875): create_graphics_context()
06-12 20:01:43.827 D/MinervaServiceManager(26875): Predefined key: _model Predefined value: JMSB200A
06-12 20:01:43.827 D/MinervaServiceManager(26875): Predefined key: _deviceType Predefined value: A1IRP7LZP6G9AW
06-12 20:01:43.827 D/BatchCreatorManager(26875): addMetricEvent
06-12 20:01:43.827 D/BatchCreatorManager(26875): storagePriority: 3
06-12 20:01:43.827 D/BatchCreatorManager(26875): batchCreatorKey: 3_us-east-1
06-12 20:01:43.827 D/BatchCreatorManager(26875): mapStoragePriorityToBatchCreator size: 1
06-12 20:01:43.827 D/BatchCreatorManager(26875): batchCreatorKey = 3_us-east-1, batchCreator = com.amazon.minerva.client.thirdparty.storage.BatchCreator@ba3850c
06-12 20:01:43.827 I/BatchCreatorManager(26875): addMetricEvent, runningBatch size:6
06-12 20:01:43.845 D/stbdpc  (  405): STB_DPGetNumPaths[570]: num_paths: 1
06-12 20:01:43.862 I/lowmemorykiller(  233): medium memory pressure event is triggered for new strategy
06-12 20:01:43.862 D/lowmemorykiller(  233): LMKD mp_event_psi kill_reasons available are PRESSURE_AFTER_KILL, NOT_RESPONDING, LOW_SWAP_AND_THRASHING, LOW_MEM_AND_SWAP, LOW_MEM_AND_THRASHING, DIRECT_RECL_AND_THRASHING
06-12 20:01:43.862 D/lowmemorykiller(  233): LMKD mp_event_psi kill_reason received= -1
06-12 20:01:43.926 V/DigitalSignage(  632): Package Name: null
06-12 20:01:43.927 V/DigitalSignage(  632): Left: 0
06-12 20:01:43.927 V/DigitalSignage(  632): Right: 0
06-12 20:01:43.927 V/DigitalSignage(  632): Top: 0
06-12 20:01:43.927 V/DigitalSignage(  632): Bottom: 0
06-12 20:01:43.927 D/DigitalSignage(  632): else - Package Name :: null left : 0 right :: 0 top :: 0 bottom :: 0 dfu-right :: 1920 dfu-bottom :: 1080
06-12 20:01:43.941 V/DigitalSignage(  632): Package Name: null
06-12 20:01:43.941 V/DigitalSignage(  632): Left: 0
06-12 20:01:43.941 V/DigitalSignage(  632): Right: 0
06-12 20:01:43.941 V/DigitalSignage(  632): Top: 0
06-12 20:01:43.941 V/DigitalSignage(  632): Bottom: 0
06-12 20:01:43.941 D/DigitalSignage(  632): else - Package Name :: null left : 0 right :: 0 top :: 0 bottom :: 0 dfu-right :: 1920 dfu-bottom :: 1080
06-12 20:01:43.945 D/stbdpc  (  405): STB_DPGetNumPaths[570]: num_paths: 1
06-12 20:01:43.948 D/MinervaServiceAndroidAdapter(26875): *****record, region:us-east-1, metricGroupId:6mbgu9n8, metricSchemaId:fk0u/2/02330410, metricEventId:df8caa3c-27be-4cb9-be1f-bc42ae60d36a, utcTimestamp:1749738703948, localOffsetMinutes:330, listOfDataPointEnvelopes size:7
06-12 20:01:43.952 D/MinervaServiceAndroidAdapter(26875): metricEvent:com.amazon.minerva.client.thirdparty.metric.IonMetricEvent@78fa6c5
06-12 20:01:43.953 D/MinervaServiceAndroidAdapter(26875): handleMessageForService.
06-12 20:01:43.953 D/MinervaServiceManager(26875): com.amazon.minerva.client.thirdparty.metric.IonMetricEvent@78fa6c5
06-12 20:01:43.953 D/MinervaServiceManager(26875): Predefined key: _model Predefined value: JMSB200A
06-12 20:01:43.953 D/MinervaServiceManager(26875): Predefined key: _deviceType Predefined value: A1IRP7LZP6G9AW
06-12 20:01:43.954 D/BatchCreatorManager(26875): addMetricEvent
06-12 20:01:43.956 D/BatchCreatorManager(26875): storagePriority: 3
06-12 20:01:43.956 D/BatchCreatorManager(26875): batchCreatorKey: 3_us-east-1
06-12 20:01:43.956 D/BatchCreatorManager(26875): mapStoragePriorityToBatchCreator size: 1
06-12 20:01:43.956 D/BatchCreatorManager(26875): batchCreatorKey = 3_us-east-1, batchCreator = com.amazon.minerva.client.thirdparty.storage.BatchCreator@ba3850c
06-12 20:01:43.956 I/BatchCreatorManager(26875): addMetricEvent, runningBatch size:7
06-12 20:01:43.962 I/lowmemorykiller(  233): medium memory pressure event is triggered for new strategy
06-12 20:01:43.963 D/lowmemorykiller(  233): LMKD mp_event_psi kill_reasons available are PRESSURE_AFTER_KILL, NOT_RESPONDING, LOW_SWAP_AND_THRASHING, LOW_MEM_AND_SWAP, LOW_MEM_AND_THRASHING, DIRECT_RECL_AND_THRASHING
06-12 20:01:43.963 D/lowmemorykiller(  233): LMKD mp_event_psi kill_reason received= -1
06-12 20:01:44.016 W/DOWNLOADER(26875): [DOWNLOADER:CurlWrapperInitSuccess] curl version is 8.9.1-DEV
06-12 20:01:44.025 W/DEFAULT (26875): [DEFAULT:PlatformPaths_not_available_dir] WamrModule_GetAllowedDirs: Couldn't find platform dir  when configuring Wamr Engine
06-12 20:01:44.025 W/DEFAULT (26875): [DEFAULT:vm_manager_set_platform_paths] Setting value onto the default stack size for non script thread
06-12 20:01:44.025 W/DEFAULT (26875): [DEFAULT:vm_manager_set_current_wasm_thread_max_thread_num] Setting value of max Wasm thread num
06-12 20:01:44.045 D/stbdpc  (  405): STB_DPGetNumPaths[570]: num_paths: 1
06-12 20:01:44.063 I/lowmemorykiller(  233): medium memory pressure event is triggered for new strategy
06-12 20:01:44.063 D/lowmemorykiller(  233): LMKD mp_event_psi kill_reasons available are PRESSURE_AFTER_KILL, NOT_RESPONDING, LOW_SWAP_AND_THRASHING, LOW_MEM_AND_SWAP, LOW_MEM_AND_THRASHING, DIRECT_RECL_AND_THRASHING
06-12 20:01:44.063 D/lowmemorykiller(  233): LMKD mp_event_psi kill_reason received= -1
06-12 20:01:44.071 F/linker  (26955): CANNOT LINK EXECUTABLE "/system/bin/smartcable/smartCableSTBApp": library "libmosquitto.so" not found: needed by main executable
06-12 20:01:44.081 D/rtk_heartbeat(  351): heartbeat_timed_out: heartbeatCmdCount = 18752, expected nextSeqNum = 18752
06-12 20:01:44.083 D/rtk_heartbeat(  351): rtkbt_heartbeat_cmpl_cback: Current SeqNum = 18752,should SeqNum=18752, status = 0
06-12 20:01:44.090 D/Ignite-DL(26875): process_ignition_event(ignitionEvent->type=130 (AV_DISPLAY_DID_ENTER_FOREGROUND))
06-12 20:01:44.100 I/ThermalService(  986): CPU temperatures: [71.200005]
06-12 20:01:44.146 D/stbdpc  (  405): STB_DPGetNumPaths[570]: num_paths: 1
06-12 20:01:44.163 I/lowmemorykiller(  233): medium memory pressure event is triggered for new strategy
06-12 20:01:44.163 D/lowmemorykiller(  233): LMKD mp_event_psi kill_reasons available are PRESSURE_AFTER_KILL, NOT_RESPONDING, LOW_SWAP_AND_THRASHING, LOW_MEM_AND_SWAP, LOW_MEM_AND_THRASHING, DIRECT_RECL_AND_THRASHING
06-12 20:01:44.163 D/lowmemorykiller(  233): LMKD mp_event_psi kill_reason received= -1
06-12 20:01:44.203 D/memtrack_aml(  367): sysfs path
06-12 20:01:44.240 D/dvb_iptv(  405): ReadEmmNetworkTask[1537]: EMM Select Timeout Occured 38
06-12 20:01:44.246 D/stbdpc  (  405): STB_DPGetNumPaths[570]: num_paths: 1
06-12 20:01:44.254 D/ltts_ip_emm(  405): LTTS_IP_DMXStartEMM[381]: parse_emm_cat_status failed
06-12 20:01:44.263 I/lowmemorykiller(  233): medium memory pressure event is triggered for new strategy
06-12 20:01:44.264 D/lowmemorykiller(  233): LMKD mp_event_psi kill_reasons available are PRESSURE_AFTER_KILL, NOT_RESPONDING, LOW_SWAP_AND_THRASHING, LOW_MEM_AND_SWAP, LOW_MEM_AND_THRASHING, DIRECT_RECL_AND_THRASHING
06-12 20:01:44.264 D/lowmemorykiller(  233): LMKD mp_event_psi kill_reason received= -1
06-12 20:01:44.295 W/[18779.650866@1]  RTW(    0): fill_default_txdesc(wlan0): SP Packet(0x0806) rate=0x4 SeqNum = 412
06-12 20:01:44.346 D/stbdpc  (  405): STB_DPGetNumPaths[570]: num_paths: 1
06-12 20:01:44.383 D/JioStbInactivityTimer(  933): Timer: count 7265 warningTimeout:10680 timeout:10800
06-12 20:01:44.383 D/JioStbInactivityTimer(  933): isUserActive: Curr:11512457 Prev:11512457
06-12 20:01:44.446 D/stbdpc  (  405): STB_DPGetNumPaths[570]: num_paths: 1
06-12 20:01:44.546 D/stbdpc  (  405): STB_DPGetNumPaths[570]: num_paths: 1
06-12 20:01:44.642 I/WVCdm   (  356): [cdm_engine.cpp(240):CloseSession] Closing session: session_id = sid33
06-12 20:01:44.645 I/WVCdm   (  356): [cdm_engine.cpp(240):CloseSession] Closing session: session_id = sid34
06-12 20:01:44.647 D/stbdpc  (  405): STB_DPGetNumPaths[570]: num_paths: 1
06-12 20:01:44.721 I/MetricsTransporter(26875): Successfully uploaded metrics; code: 200, message: OK
06-12 20:01:44.722 I/MetricsTransporter(26875): Consuming response payload.
06-12 20:01:44.722 I/MetricsTransporter(26875): Releasing wake and wifi locks.
06-12 20:01:44.725 I/WifiService(  632): releaseWifiLock uid=10080
06-12 20:01:44.731 I/MetricsTransmissionManager(26875): Transmission succeeded.
06-12 20:01:44.731 W/[18780.086838@2]  RTW(    0): cfg80211_rtw_set_power_mgmt(wlan0) enabled:1, timeout:-1
06-12 20:01:44.740 D/dvb_iptv(  405): ReadEmmNetworkTask[1537]: EMM Select Timeout Occured 39
06-12 20:01:44.741 I/MetricsTransmissionManager(26875): transmitKPIMetricBatch finished
06-12 20:01:44.742 I/MetricsTransmissionManager(26875): transmitMetricBatches started
06-12 20:01:44.742 I/MetricsTransmissionManager(26875): transmitMetricBatches finished
06-12 20:01:44.747 D/stbdpc  (  405): STB_DPGetNumPaths[570]: num_paths: 1
06-12 20:01:44.826 E/BufferQueueProducer(  404): [SurfaceView - com.netflix.ninja/com.netflix.ninja.MainActivity#1](id:1940000012a,api:0,p:-1,c:404) disconnect: not connected (req=1)
06-12 20:01:44.827 W/libEGL  (26702): EGLNativeWindowType 0xdd7fd008 disconnect failed
06-12 20:01:44.847 D/stbdpc  (  405): STB_DPGetNumPaths[570]: num_paths: 1
06-12 20:01:44.859 W/[18780.216252@3]  RTW(    0): fill_default_txdesc(wlan0): SP Packet(0x0806) rate=0x4 SeqNum = 883
06-12 20:01:44.947 D/stbdpc  (  405): STB_DPGetNumPaths[570]: num_paths: 1
06-12 20:01:45.028 E/ocessService0:( 2273): failed to create Unix domain socket: Operation not permitted
06-12 20:01:45.047 D/stbdpc  (  405): STB_DPGetNumPaths[570]: num_paths: 1
06-12 20:01:45.081 D/rtk_heartbeat(  351): heartbeat_timed_out: heartbeatCmdCount = 18753, expected nextSeqNum = 18753
06-12 20:01:45.083 D/rtk_heartbeat(  351): rtkbt_heartbeat_cmpl_cback: Current SeqNum = 18753,should SeqNum=18753, status = 0
06-12 20:01:45.148 D/stbdpc  (  405): STB_DPGetNumPaths[570]: num_paths: 1
06-12 20:01:45.241 D/dvb_iptv(  405): ReadEmmNetworkTask[1537]: EMM Select Timeout Occured 40
06-12 20:01:45.248 D/stbdpc  (  405): STB_DPGetNumPaths[570]: num_paths: 1
06-12 20:01:45.348 D/stbdpc  (  405): STB_DPGetNumPaths[570]: num_paths: 1
06-12 20:01:45.383 D/JioStbInactivityTimer(  933): Timer: count 7266 warningTimeout:10680 timeout:10800
06-12 20:01:45.384 D/JioStbInactivityTimer(  933): isUserActive: Curr:11512457 Prev:11512457
06-12 20:01:45.449 D/stbdpc  (  405): STB_DPGetNumPaths[570]: num_paths: 1
06-12 20:01:45.655 E/TaskPersister(  632): File error accessing recents directory (directory doesn't exist?).
06-12 20:01:45.549 I/chatty  (  405): uid=0(root) DK-SiCntrl identical 1 line
06-12 20:01:45.649 D/stbdpc  (  405): STB_DPGetNumPaths[570]: num_paths: 1
06-12 20:01:45.725 E/WifiVendorHal(  632): getWifiLinkLayerStats_1_3_Internal(l.973) failed {.code = ERROR_UNKNOWN, .description = unknown error}
06-12 20:01:45.731 W/DEFAULT (26875): [DEFAULT:PlatformPaths_not_available_dir] WamrModule_GetAllowedDirs: Couldn't find platform dir  when configuring Wamr Engine
06-12 20:01:45.731 W/DEFAULT (26875): [DEFAULT:vm_manager_set_platform_paths] Setting value onto the default stack size for non script thread
06-12 20:01:45.731 W/DEFAULT (26875): [DEFAULT:vm_manager_set_current_wasm_thread_max_thread_num] Setting value of max Wasm thread num
06-12 20:01:45.741 D/dvb_iptv(  405): ReadEmmNetworkTask[1537]: EMM Select Timeout Occured 41
06-12 20:01:45.749 D/stbdpc  (  405): STB_DPGetNumPaths[570]: num_paths: 1
06-12 20:01:45.849 I/chatty  (  405): uid=0(root) DK-SiCntrl identical 1 line
06-12 20:01:45.949 D/stbdpc  (  405): STB_DPGetNumPaths[570]: num_paths: 1
06-12 20:01:46.043 D/JioLauncher( 1781): overlay status check for wifi and bt remote false false
06-12 20:01:46.046 D/Match code1( 1449): 2
06-12 20:01:46.046 D/JIO_TR069-( 1449): Predefined List [com.jio.stb.catv, com.rjil.jiostbsetting, com.iwedia.ui.rjio.launcher.reliance, com.jio.stb.hotellauncher, com.jio.media.oberoi, com.jio.ott]
06-12 20:01:46.050 D/stbdpc  (  405): STB_DPGetNumPaths[570]: num_paths: 1
06-12 20:01:46.051 D/JIO_TR069-( 1449): Caller Package com.iwedia.ui.rjio.launcher.reliance
06-12 20:01:46.051 D/JIO_TR069-( 1449): White Listed Apps []
06-12 20:01:46.051 D/JIO_TR069-( 1449): Final White Listed Apps [com.jio.stb.catv, com.rjil.jiostbsetting, com.iwedia.ui.rjio.launcher.reliance, com.jio.stb.hotellauncher, com.jio.media.oberoi, com.jio.ott, ]
06-12 20:01:46.065 D/JioLauncher( 1781): network-type-------NonJioNetwork
06-12 20:01:46.070 D/JioLauncher( 1781): live-tv-previousIp-[/fe80::1%wlan0, /192.168.1.1]-newHost-[/fe80::1%wlan0, /192.168.1.1]
06-12 20:01:46.071 D/AAudio  (26702): AAudioStream_requestStop(s#2) called
06-12 20:01:46.071 D/AAudioStream(26702): setState(s#2) from 2 to 10
06-12 20:01:46.071 D/m.netflix.ninj(26702): PlayerBase::stop() from IPlayer
06-12 20:01:46.071 D/AAudio  (26702): AAudioStream_requestStop(s#2) called
06-12 20:01:46.071 D/m.netflix.ninj(26702): PlayerBase::stop() from IPlayer
06-12 20:01:46.082 D/rtk_heartbeat(  351): heartbeat_timed_out: heartbeatCmdCount = 18754, expected nextSeqNum = 18754
06-12 20:01:46.083 D/rtk_heartbeat(  351): rtkbt_heartbeat_cmpl_cback: Current SeqNum = 18754,should SeqNum=18754, status = 0
06-12 20:01:46.117 I/ThermalService(  986): CPU temperatures: [70.100006]
06-12 20:01:46.121 D/AAudio  (26702): AAudioStream_close(s#2) called ---------------
06-12 20:01:46.121 D/AAudioStream(26702): setState(s#2) from 10 to 11
06-12 20:01:46.122 D/AAudioStream(  390): setState(s#4) from 2 to 11
06-12 20:01:46.123 D/audio_hw_primary(  350): out_set_parameters(kvpairs(closing=true), out_device=0x400)
06-12 20:01:46.125 D/AudioFlinger(  390): closing mmapThread 0xf1280000
06-12 20:01:46.126 D/AudioFlinger(  390): mmapThread exit()
06-12 20:01:46.126 D/audio_hw_primary(  350): adev_close_output_stream_new: enter usecase = PCM_MMAP
06-12 20:01:46.126 I/sub_mixing_factory(  350): [deleteSubMixingInputPcm:755] cnt_stream_using_mixer 0
06-12 20:01:46.126 D/audio_hw_primary(  350): adev_close_output_stream: enter: dev(0xf58ee3c0) stream(0xf557b500) flags(16385)
06-12 20:01:46.126 D/audio_hw_primary(  350): out_standby_new: enter
06-12 20:01:46.126 I/audio_hw_primary(  350): already standby, do nothing
06-12 20:01:46.126 I/aml_mmap_audio(  350): [outMmapDeInit:392] stream:0xf557b500
06-12 20:01:46.126 I/aml_mmap_audio(  350): [outMmapThread:152]  exit threadloop, out:0xf557b500
06-12 20:01:46.127 D/audio_hw_primary(  350): adev_close_output_stream: exit
06-12 20:01:46.127 D/audio_hw_primary(  350): adev_close_output_stream_new: exit
06-12 20:01:46.127 I/system_server(  632): oneway function results will be dropped but finished with status OK and parcel size 4
06-12 20:01:46.150 D/stbdpc  (  405): STB_DPGetNumPaths[570]: num_paths: 1
06-12 20:01:46.174 W/SCRIPT  (26875): [SCRIPT:MegablastLog] [Bootloader]: Device supports native modules but bootstrapNativeBundle was not set.
06-12 20:01:46.176 W/SCRIPT  (26875): [SCRIPT:MegablastLog] [Bootloader]: Enabling enableRustClientCustomAllocatorMmap because the weblab is on and native support is sufficient
06-12 20:01:46.223 D/AAudioStream(  390): setState(s#4) from 11 to 11
06-12 20:01:46.223 E/AAudioStream(  390): setState(4) tried to set to 11 but already CLOSING
06-12 20:01:46.223 D/AAudioStream(  390): setState(s#4) from 11 to 12
06-12 20:01:46.223 D/AAudioStream(  390): ~AudioStream(s#4) mPlayerBase strongCount = 1
06-12 20:01:46.223 D/audioserver(  390): PlayerBase::~PlayerBase()
06-12 20:01:46.224 D/AAudioStream(26702): setState(s#2) from 11 to 11
06-12 20:01:46.224 E/AAudioStream(26702): setState(2) tried to set to 11 but already CLOSING
06-12 20:01:46.224 D/AAudioStream(26702): setState(s#2) from 11 to 12
06-12 20:01:46.224 D/AAudioStream(26702): ~AudioStream(s#2) mPlayerBase strongCount = 2
06-12 20:01:46.225 D/AAudio  (26702): AAudioStream_close(s#2) returned 0 ---------
06-12 20:01:46.241 D/dvb_iptv(  405): ReadEmmNetworkTask[1537]: EMM Select Timeout Occured 42
06-12 20:01:46.250 D/stbdpc  (  405): STB_DPGetNumPaths[570]: num_paths: 1
06-12 20:01:46.254 D/ltts_ip_emm(  405): LTTS_IP_DMXStartEMM[381]: parse_emm_cat_status failed
06-12 20:01:46.350 D/stbdpc  (  405): STB_DPGetNumPaths[570]: num_paths: 1
06-12 20:01:46.383 D/JioStbInactivityTimer(  933): Timer: count 7267 warningTimeout:10680 timeout:10800
06-12 20:01:46.383 D/JioStbInactivityTimer(  933): isUserActive: Curr:11512457 Prev:11512457
06-12 20:01:46.450 D/stbdpc  (  405): STB_DPGetNumPaths[570]: num_paths: 1
06-12 20:01:46.496 I/JTCLOG  ( 3423): JtcForegroundService ->RegisterApp()
06-12 20:01:46.496 I/JTCLOG  ( 3423): JuicePresenter -> registerApp
06-12 20:01:46.498 I/JTCLOG  ( 3423): InitState -> Register
06-12 20:01:46.498 I/JTCLOG  ( 3423): InitState -> Juice Sys NOT Started so do both Start and Registration
06-12 20:01:46.501 I/JTCLOG  ( 3423): JuiceModel -> Registering ...........
06-12 20:01:46.502 E/JTCLOG  ( 3423): networkConnectionType = WIFI
06-12 20:01:46.505 I/JTCLOG  ( 3423): JuiceModel -> SelfIp of type 2  = 2401:4900:1c16:1df9:61d5:467:50d:aee1
06-12 20:01:46.505 E/JTCLOG  ( 3423): MacUniqueID: 23:fd:db:f3:4d:33
06-12 20:01:46.505 I/JTCLOG  ( 3423): JuiceModel -> discover IDU services
06-12 20:01:46.535 I/WifiService(  632): acquireMulticastLock uid=10083
06-12 20:01:46.551 D/stbdpc  (  405): STB_DPGetNumPaths[570]: num_paths: 1
06-12 20:01:46.575 E/BufferQueueProducer(  404): [com.netflix.ninja/com.netflix.ninja.MainActivity#0](id:19400000128,api:0,p:-1,c:404) disconnect: not connected (req=1)
06-12 20:01:46.576 W/libEGL  (26702): EGLNativeWindowType 0xf5aaec08 disconnect failed
06-12 20:01:46.580 V/DigitalSignage(  632): Package Name: null
06-12 20:01:46.580 V/DigitalSignage(  632): Left: 0
06-12 20:01:46.580 V/DigitalSignage(  632): Right: 0
06-12 20:01:46.580 V/DigitalSignage(  632): Top: 0
06-12 20:01:46.580 V/DigitalSignage(  632): Bottom: 0
06-12 20:01:46.581 D/DigitalSignage(  632): else - Package Name :: null left : 0 right :: 0 top :: 0 bottom :: 0 dfu-right :: 1920 dfu-bottom :: 1080
06-12 20:01:46.605 I/m.netflix.ninj(26702): oneway function results will be dropped but finished with status OK and parcel size 4
06-12 20:01:46.612 I/e.swalekh.abct( 1336): oneway function results will be dropped but finished with status OK and parcel size 4
06-12 20:01:46.617 I/MediaFocusControl(  632): abandonAudioFocus() from uid/pid 10065/26702 clientId=android.media.AudioManager@189e5f8com.netflix.ninja.MainActivity@32f9ae0
06-12 20:01:46.627 D/JioSTBMRServer-SERVICE( 3304): InetSocketAddress(InetAddress.getByName(inetAddress.hostAddress)-/192.168.1.255
06-12 20:01:46.627 D/JioSTBMRServer-SERVICE( 3304): #beacon:RKISBFJ60000097:0:false:0:1:SV=181024 , 192.168.1.255
06-12 20:01:46.636 D/JioSTBMRServer-SERVICE( 3304): InetSocketAddress(InetAddress.getByName(inetAddress.hostAddress)-/192.168.1.255
06-12 20:01:46.636 D/JioSTBMRServer-SERVICE( 3304): #broadcast IP:192.168.1.255
06-12 20:01:46.643 I/DrmUtils(26702): found android.hardware.drm@1.0::IDrmFactory clearkey
06-12 20:01:46.651 D/stbdpc  (  405): STB_DPGetNumPaths[570]: num_paths: 1
06-12 20:01:46.652 I/DrmUtils(26702): found android.hardware.drm@1.0::IDrmFactory verimatrix
06-12 20:01:46.654 I/DrmUtils(26702): found android.hardware.drm@1.0::IDrmFactory widevine
06-12 20:01:46.655 I/DrmUtils(26702): found android.hardware.drm@1.0::IDrmFactory youtube
06-12 20:01:46.659 I/DrmUtils(26702): found android.hardware.drm@1.1::IDrmFactory clearkey
06-12 20:01:46.661 I/DrmUtils(26702): found android.hardware.drm@1.1::IDrmFactory verimatrix
06-12 20:01:46.665 I/DrmUtils(26702): found android.hardware.drm@1.1::IDrmFactory widevine
06-12 20:01:46.669 I/DrmUtils(26702): found android.hardware.drm@1.1::IDrmFactory youtube
06-12 20:01:46.675 I/DrmUtils(26702): found android.hardware.drm@1.2::IDrmFactory clearkey
06-12 20:01:46.678 I/DrmUtils(26702): found android.hardware.drm@1.2::IDrmFactory verimatrix
06-12 20:01:46.681 I/DrmUtils(26702): found android.hardware.drm@1.2::IDrmFactory widevine
06-12 20:01:46.683 I/DrmUtils(26702): found android.hardware.drm@1.2::IDrmFactory youtube
06-12 20:01:46.692 I/DrmUtils(26702): found android.hardware.drm@1.3::IDrmFactory clearkey
06-12 20:01:46.694 I/DrmUtils(26702): found android.hardware.drm@1.3::IDrmFactory verimatrix
06-12 20:01:46.697 I/DrmUtils(26702): found android.hardware.drm@1.3::IDrmFactory widevine
06-12 20:01:46.700 I/DrmUtils(26702): found android.hardware.drm@1.3::IDrmFactory youtube
06-12 20:01:46.700 W/android.hardware.drm@1.3-service.youtube(  361): isCryptoSchemeSupported, false
06-12 20:01:46.701 I/WVCdm   (  356): [app][com.netflix.ninja] calling virtual Return<void> wvdrm::hardware::drm::V1_3::widevine::WVDrmFactory::createPlugin(const hidl_array<uint8_t, 16> &, const android::hardware::hidl_string &, android::hardware::drm::V1_3::IDrmFactory::createPlugin_cb)
06-12 20:01:46.709 I/WVCdm   (  356): [cdm_engine.cpp(573):QueryStatus] Querying status
06-12 20:01:46.709 I/WVCdm   (  356): [cdm_engine.cpp(573):QueryStatus] Querying status
06-12 20:01:46.728 D/NetflixService(  986): onForegroundActivitiesChanged pid:26702,uid:10065,fg:false
06-12 20:01:46.732 D/NetflixService(  986): processName:com.netflix.ninja,importance:300
06-12 20:01:46.732 I/NetflixService(  986): Netflix status changed from fg -> bg
06-12 20:01:46.732 I/audio_hw_primary(  350): adev_set_parameters(0xf58ee3c0, kv: continuous_audio_mode=0)
06-12 20:01:46.732 I/audio_hw_primary(  350): adev_set_parameters ignore the continuous_audio_mode!
06-12 20:01:46.741 D/dvb_iptv(  405): ReadEmmNetworkTask[1537]: EMM Select Timeout Occured 43
06-12 20:01:46.751 D/stbdpc  (  405): STB_DPGetNumPaths[570]: num_paths: 1
06-12 20:01:46.803 D/JioLauncher( 1781): isInternetAvailable-method-response-204
06-12 20:01:46.805 D/JioLauncher( 1781): isMulticastReceiver-Connected-to-5GHz-Wi-Fi-network
06-12 20:01:46.851 D/stbdpc  (  405): STB_DPGetNumPaths[570]: num_paths: 1
06-12 20:01:46.872 D/JioAppOptimizer( 1699): AppOptimizerService :: handleMessage()
06-12 20:01:46.877 D/JioAppOptimizer( 1699): AppOptimizerService :: handleMessage() : Foreground Package=com.amazon.amazonvideo.livingroom
06-12 20:01:46.877 D/JioAppOptimizer( 1699): AppOptimizerService :: handleMessage() : Free memory available in MB : 524.36328125
06-12 20:01:46.877 D/JioAppOptimizer( 1699): AppOptimizerService :: handleMessage() : checkAndRemoveBackgroundApps()
06-12 20:01:46.877 D/JioAppOptimizer( 1699): AppOptimizerService :: checkAndRemoveBackgroundApps()
06-12 20:01:46.951 D/stbdpc  (  405): STB_DPGetNumPaths[570]: num_paths: 1
06-12 20:01:47.052 D/stbdpc  (  405): STB_DPGetNumPaths[570]: num_paths: 1
06-12 20:01:47.065 E/ocessService0:( 2273): failed to create Unix domain socket: Operation not permitted
06-12 20:01:47.082 D/rtk_heartbeat(  351): heartbeat_timed_out: heartbeatCmdCount = 18755, expected nextSeqNum = 18755
06-12 20:01:47.083 D/rtk_heartbeat(  351): rtkbt_heartbeat_cmpl_cback: Current SeqNum = 18755,should SeqNum=18755, status = 0
06-12 20:01:47.152 D/stbdpc  (  405): STB_DPGetNumPaths[570]: num_paths: 1
06-12 20:01:47.241 D/dvb_iptv(  405): ReadEmmNetworkTask[1537]: EMM Select Timeout Occured 44
06-12 20:01:47.252 D/stbdpc  (  405): STB_DPGetNumPaths[570]: num_paths: 1
06-12 20:01:47.352 D/stbdpc  (  405): STB_DPGetNumPaths[570]: num_paths: 1
06-12 20:01:47.383 D/JioStbInactivityTimer(  933): Timer: count 7268 warningTimeout:10680 timeout:10800
06-12 20:01:47.384 D/JioStbInactivityTimer(  933): isUserActive: Curr:11512457 Prev:11512457
06-12 20:01:47.452 D/stbdpc  (  405): STB_DPGetNumPaths[570]: num_paths: 1
06-12 20:01:47.552 I/chatty  (  405): uid=0(root) DK-SiCntrl identical 1 line
06-12 20:01:47.653 D/stbdpc  (  405): STB_DPGetNumPaths[570]: num_paths: 1
06-12 20:01:47.741 D/dvb_iptv(  405): ReadEmmNetworkTask[1537]: EMM Select Timeout Occured 45
06-12 20:01:47.753 D/stbdpc  (  405): STB_DPGetNumPaths[570]: num_paths: 1
06-12 20:01:48.039 W/[18783.392680@0]  RTW(    0): Turbo EDCA =0xa42b
06-12 20:01:47.953 I/chatty  (  405): uid=0(root) DK-SiCntrl identical 2 lines
06-12 20:01:48.053 D/stbdpc  (  405): STB_DPGetNumPaths[570]: num_paths: 1
06-12 20:01:48.082 D/rtk_heartbeat(  351): heartbeat_timed_out: heartbeatCmdCount = 18756, expected nextSeqNum = 18756
06-12 20:01:48.084 D/rtk_heartbeat(  351): rtkbt_heartbeat_cmpl_cback: Current SeqNum = 18756,should SeqNum=18756, status = 0
06-12 20:01:48.132 I/ThermalService(  986): CPU temperatures: [69.100006]
06-12 20:01:48.154 D/stbdpc  (  405): STB_DPGetNumPaths[570]: num_paths: 1
06-12 20:01:48.242 D/dvb_iptv(  405): ReadEmmNetworkTask[1537]: EMM Select Timeout Occured 46
06-12 20:01:48.254 D/stbdpc  (  405): STB_DPGetNumPaths[570]: num_paths: 1
06-12 20:01:48.255 D/ltts_ip_emm(  405): LTTS_IP_DMXStartEMM[381]: parse_emm_cat_status failed
06-12 20:01:48.354 D/stbdpc  (  405): STB_DPGetNumPaths[570]: num_paths: 1
06-12 20:01:48.383 D/JioStbInactivityTimer(  933): Timer: count 7269 warningTimeout:10680 timeout:10800
06-12 20:01:48.383 D/JioStbInactivityTimer(  933): isUserActive: Curr:11512457 Prev:11512457
06-12 20:01:48.454 D/stbdpc  (  405): STB_DPGetNumPaths[570]: num_paths: 1
06-12 20:01:48.554 I/chatty  (  405): uid=0(root) DK-SiCntrl identical 1 line
06-12 20:01:48.654 D/stbdpc  (  405): STB_DPGetNumPaths[570]: num_paths: 1
06-12 20:01:48.665 I/ideo.livingroo(26875): oneway function results will be dropped but finished with status OK and parcel size 4
06-12 20:01:48.670 I/e.swalekh.abct( 1336): oneway function results will be dropped but finished with status OK and parcel size 4
06-12 20:01:48.680 D/JioSTBMRServer-SERVICE( 3304): InetSocketAddress(InetAddress.getByName(inetAddress.hostAddress)-/192.168.1.255
06-12 20:01:48.680 D/JioSTBMRServer-SERVICE( 3304): #beacon:RKISBFJ60000097:0:false:0:1:SV=181024 , 192.168.1.255
06-12 20:01:48.688 D/JioSTBMRServer-SERVICE( 3304): InetSocketAddress(InetAddress.getByName(inetAddress.hostAddress)-/192.168.1.255
06-12 20:01:48.688 D/JioSTBMRServer-SERVICE( 3304): #broadcast IP:192.168.1.255
06-12 20:01:48.733 E/WifiVendorHal(  632): getWifiLinkLayerStats_1_3_Internal(l.973) failed {.code = ERROR_UNKNOWN, .description = unknown error}
06-12 20:01:48.742 D/dvb_iptv(  405): ReadEmmNetworkTask[1537]: EMM Select Timeout Occured 47
06-12 20:01:48.755 D/stbdpc  (  405): STB_DPGetNumPaths[570]: num_paths: 1
06-12 20:01:48.855 I/chatty  (  405): uid=0(root) DK-SiCntrl identical 1 line
06-12 20:01:48.955 D/stbdpc  (  405): STB_DPGetNumPaths[570]: num_paths: 1
06-12 20:01:49.004 I/lowmemorykiller(  233): medium memory pressure event is triggered for new strategy
06-12 20:01:49.004 D/lowmemorykiller(  233): LMKD mp_event_psi kill_reasons available are PRESSURE_AFTER_KILL, NOT_RESPONDING, LOW_SWAP_AND_THRASHING, LOW_MEM_AND_SWAP, LOW_MEM_AND_THRASHING, DIRECT_RECL_AND_THRASHING
06-12 20:01:49.004 D/lowmemorykiller(  233): LMKD mp_event_psi kill_reason received= -1
06-12 20:01:49.051 F/linker  (26971): CANNOT LINK EXECUTABLE "/system/bin/smartcable/smartCableSTBApp": library "libmosquitto.so" not found: needed by main executable
06-12 20:01:49.055 D/stbdpc  (  405): STB_DPGetNumPaths[570]: num_paths: 1
06-12 20:01:49.082 D/rtk_heartbeat(  351): heartbeat_timed_out: heartbeatCmdCount = 18757, expected nextSeqNum = 18757
06-12 20:01:49.084 D/rtk_heartbeat(  351): rtkbt_heartbeat_cmpl_cback: Current SeqNum = 18757,should SeqNum=18757, status = 0
06-12 20:01:49.104 I/lowmemorykiller(  233): medium memory pressure event is triggered for new strategy
06-12 20:01:49.104 D/lowmemorykiller(  233): LMKD mp_event_psi kill_reasons available are PRESSURE_AFTER_KILL, NOT_RESPONDING, LOW_SWAP_AND_THRASHING, LOW_MEM_AND_SWAP, LOW_MEM_AND_THRASHING, DIRECT_RECL_AND_THRASHING
06-12 20:01:49.104 D/lowmemorykiller(  233): LMKD mp_event_psi kill_reason received= -1
06-12 20:01:49.105 E/ocessService0:( 2273): failed to create Unix domain socket: Operation not permitted
06-12 20:01:49.155 D/stbdpc  (  405): STB_DPGetNumPaths[570]: num_paths: 1
06-12 20:01:49.204 I/lowmemorykiller(  233): medium memory pressure event is triggered for new strategy
06-12 20:01:49.205 D/lowmemorykiller(  233): LMKD mp_event_psi kill_reasons available are PRESSURE_AFTER_KILL, NOT_RESPONDING, LOW_SWAP_AND_THRASHING, LOW_MEM_AND_SWAP, LOW_MEM_AND_THRASHING, DIRECT_RECL_AND_THRASHING
06-12 20:01:49.205 D/lowmemorykiller(  233): LMKD mp_event_psi kill_reason received= -1
06-12 20:01:49.219 W/[18784.575856@0]  RTW(    0): fill_default_txdesc(wlan0): SP Packet(0x0806) rate=0x4 SeqNum = 1392
06-12 20:01:49.242 D/dvb_iptv(  405): ReadEmmNetworkTask[1537]: EMM Select Timeout Occured 48
06-12 20:01:49.256 D/stbdpc  (  405): STB_DPGetNumPaths[570]: num_paths: 1
06-12 20:01:49.305 I/lowmemorykiller(  233): medium memory pressure event is triggered for new strategy
06-12 20:01:49.305 D/lowmemorykiller(  233): LMKD mp_event_psi kill_reasons available are PRESSURE_AFTER_KILL, NOT_RESPONDING, LOW_SWAP_AND_THRASHING, LOW_MEM_AND_SWAP, LOW_MEM_AND_THRASHING, DIRECT_RECL_AND_THRASHING
06-12 20:01:49.305 D/lowmemorykiller(  233): LMKD mp_event_psi kill_reason received= -1
06-12 20:01:49.356 D/stbdpc  (  405): STB_DPGetNumPaths[570]: num_paths: 1
06-12 20:01:49.383 D/JioStbInactivityTimer(  933): Timer: count 7270 warningTimeout:10680 timeout:10800
06-12 20:01:49.383 D/JioStbInactivityTimer(  933): isUserActive: Curr:11512457 Prev:11512457
06-12 20:01:49.405 I/lowmemorykiller(  233): medium memory pressure event is triggered for new strategy
06-12 20:01:49.406 D/lowmemorykiller(  233): LMKD mp_event_psi kill_reasons available are PRESSURE_AFTER_KILL, NOT_RESPONDING, LOW_SWAP_AND_THRASHING, LOW_MEM_AND_SWAP, LOW_MEM_AND_THRASHING, DIRECT_RECL_AND_THRASHING
06-12 20:01:49.406 D/lowmemorykiller(  233): LMKD mp_event_psi kill_reason received= -1
06-12 20:01:49.456 D/stbdpc  (  405): STB_DPGetNumPaths[570]: num_paths: 1
06-12 20:01:49.506 I/lowmemorykiller(  233): medium memory pressure event is triggered for new strategy
06-12 20:01:49.506 D/lowmemorykiller(  233): LMKD mp_event_psi kill_reasons available are PRESSURE_AFTER_KILL, NOT_RESPONDING, LOW_SWAP_AND_THRASHING, LOW_MEM_AND_SWAP, LOW_MEM_AND_THRASHING, DIRECT_RECL_AND_THRASHING
06-12 20:01:49.506 D/lowmemorykiller(  233): LMKD mp_event_psi kill_reason received= -1
06-12 20:01:49.520 I/WifiService(  632): releaseMulticastLock uid=10083
06-12 20:01:49.527 I/JTCLOG  ( 3423): JuiceModel ->  Discover Mesh ONT services started
06-12 20:01:49.528 I/WifiService(  632): acquireMulticastLock uid=10083
06-12 20:01:49.556 D/stbdpc  (  405): STB_DPGetNumPaths[570]: num_paths: 1
06-12 20:01:49.606 I/lowmemorykiller(  233): medium memory pressure event is triggered for new strategy
06-12 20:01:49.607 D/lowmemorykiller(  233): LMKD mp_event_psi kill_reasons available are PRESSURE_AFTER_KILL, NOT_RESPONDING, LOW_SWAP_AND_THRASHING, LOW_MEM_AND_SWAP, LOW_MEM_AND_THRASHING, DIRECT_RECL_AND_THRASHING
06-12 20:01:49.607 D/lowmemorykiller(  233): LMKD mp_event_psi kill_reason received= -1
06-12 20:01:49.632 I/JioBackgroundSchedulerService( 2785): Check schedule  
06-12 20:01:49.656 D/stbdpc  (  405): STB_DPGetNumPaths[570]: num_paths: 1
06-12 20:01:49.707 I/lowmemorykiller(  233): medium memory pressure event is triggered for new strategy
06-12 20:01:49.707 D/lowmemorykiller(  233): LMKD mp_event_psi kill_reasons available are PRESSURE_AFTER_KILL, NOT_RESPONDING, LOW_SWAP_AND_THRASHING, LOW_MEM_AND_SWAP, LOW_MEM_AND_THRASHING, DIRECT_RECL_AND_THRASHING
06-12 20:01:49.707 D/lowmemorykiller(  233): LMKD mp_event_psi kill_reason received= -1
06-12 20:01:49.742 D/dvb_iptv(  405): ReadEmmNetworkTask[1537]: EMM Select Timeout Occured 49
06-12 20:01:49.757 D/stbdpc  (  405): STB_DPGetNumPaths[570]: num_paths: 1
06-12 20:01:49.807 I/lowmemorykiller(  233): medium memory pressure event is triggered for new strategy
06-12 20:01:49.808 D/lowmemorykiller(  233): LMKD mp_event_psi kill_reasons available are PRESSURE_AFTER_KILL, NOT_RESPONDING, LOW_SWAP_AND_THRASHING, LOW_MEM_AND_SWAP, LOW_MEM_AND_THRASHING, DIRECT_RECL_AND_THRASHING
06-12 20:01:49.808 D/lowmemorykiller(  233): LMKD mp_event_psi kill_reason received= -1
06-12 20:01:49.857 D/stbdpc  (  405): STB_DPGetNumPaths[570]: num_paths: 1
06-12 20:01:49.908 I/lowmemorykiller(  233): medium memory pressure event is triggered for new strategy
06-12 20:01:49.908 D/lowmemorykiller(  233): LMKD mp_event_psi kill_reasons available are PRESSURE_AFTER_KILL, NOT_RESPONDING, LOW_SWAP_AND_THRASHING, LOW_MEM_AND_SWAP, LOW_MEM_AND_THRASHING, DIRECT_RECL_AND_THRASHING
06-12 20:01:49.908 D/lowmemorykiller(  233): LMKD mp_event_psi kill_reason received= -1
06-12 20:01:49.957 D/stbdpc  (  405): STB_DPGetNumPaths[570]: num_paths: 1
06-12 20:01:50.008 I/lowmemorykiller(  233): medium memory pressure event is triggered for new strategy
06-12 20:01:50.008 D/lowmemorykiller(  233): LMKD mp_event_psi kill_reasons available are PRESSURE_AFTER_KILL, NOT_RESPONDING, LOW_SWAP_AND_THRASHING, LOW_MEM_AND_SWAP, LOW_MEM_AND_THRASHING, DIRECT_RECL_AND_THRASHING
06-12 20:01:50.008 D/lowmemorykiller(  233): LMKD mp_event_psi kill_reason received= -1
06-12 20:01:50.057 D/stbdpc  (  405): STB_DPGetNumPaths[570]: num_paths: 1
06-12 20:01:50.076 I/lowmemorykiller(  233): medium memory pressure event is triggered for new strategy
06-12 20:01:50.076 D/lowmemorykiller(  233): LMKD mp_event_psi kill_reasons available are PRESSURE_AFTER_KILL, NOT_RESPONDING, LOW_SWAP_AND_THRASHING, LOW_MEM_AND_SWAP, LOW_MEM_AND_THRASHING, DIRECT_RECL_AND_THRASHING
06-12 20:01:50.076 D/lowmemorykiller(  233): LMKD mp_event_psi kill_reason received= -1
06-12 20:01:50.082 D/rtk_heartbeat(  351): heartbeat_timed_out: heartbeatCmdCount = 18758, expected nextSeqNum = 18758
06-12 20:01:50.084 D/rtk_heartbeat(  351): rtkbt_heartbeat_cmpl_cback: Current SeqNum = 18758,should SeqNum=18758, status = 0
06-12 20:01:50.108 I/lowmemorykiller(  233): medium memory pressure event is triggered for new strategy
06-12 20:01:50.108 D/lowmemorykiller(  233): LMKD mp_event_psi kill_reasons available are PRESSURE_AFTER_KILL, NOT_RESPONDING, LOW_SWAP_AND_THRASHING, LOW_MEM_AND_SWAP, LOW_MEM_AND_THRASHING, DIRECT_RECL_AND_THRASHING
06-12 20:01:50.108 D/lowmemorykiller(  233): LMKD mp_event_psi kill_reason received= -1
06-12 20:01:50.148 I/ThermalService(  986): CPU temperatures: [71.5]
06-12 20:01:50.157 D/stbdpc  (  405): STB_DPGetNumPaths[570]: num_paths: 1
06-12 20:01:50.208 I/lowmemorykiller(  233): medium memory pressure event is triggered for new strategy
06-12 20:01:50.209 D/lowmemorykiller(  233): LMKD mp_event_psi kill_reasons available are PRESSURE_AFTER_KILL, NOT_RESPONDING, LOW_SWAP_AND_THRASHING, LOW_MEM_AND_SWAP, LOW_MEM_AND_THRASHING, DIRECT_RECL_AND_THRASHING
06-12 20:01:50.209 D/lowmemorykiller(  233): LMKD mp_event_psi kill_reason received= -1
06-12 20:01:50.242 D/dvb_iptv(  405): ReadEmmNetworkTask[1537]: EMM Select Timeout Occured 50
06-12 20:01:50.255 D/ltts_ip_emm(  405): LTTS_IP_DMXStartEMM[381]: parse_emm_cat_status failed
06-12 20:01:50.258 D/stbdpc  (  405): STB_DPGetNumPaths[570]: num_paths: 1
06-12 20:01:50.263 W/WASM_RUNTIME(26875): [WASM_RUNTIME:WamrStdout] warning: failed to link import function (env, Native_EnableAnrStacktraces)
06-12 20:01:50.263 W/WASM_RUNTIME(26875): [WASM_RUNTIME:WamrStdout] 
06-12 20:01:50.263 W/WASM_RUNTIME(26875): [WASM_RUNTIME:WamrStdout] warning: failed to link import function (env, Native_DisableAnrStacktraces)
06-12 20:01:50.263 W/WASM_RUNTIME(26875): [WASM_RUNTIME:WamrStdout] 
06-12 20:01:50.309 I/lowmemorykiller(  233): medium memory pressure event is triggered for new strategy
06-12 20:01:50.358 D/stbdpc  (  405): STB_DPGetNumPaths[570]: num_paths: 1
06-12 20:01:50.383 D/JioStbInactivityTimer(  933): Timer: count 7271 warningTimeout:10680 timeout:10800
06-12 20:01:50.383 D/JioStbInactivityTimer(  933): isUserActive: Curr:11512457 Prev:11512457
06-12 20:01:50.409 I/lowmemorykiller(  233): medium memory pressure event is triggered for new strategy
06-12 20:01:50.458 D/stbdpc  (  405): STB_DPGetNumPaths[570]: num_paths: 1
06-12 20:01:50.509 I/lowmemorykiller(  233): medium memory pressure event is triggered for new strategy
06-12 20:01:50.510 D/lowmemorykiller(  233): LMKD mp_event_psi kill_reasons available are PRESSURE_AFTER_KILL, NOT_RESPONDING, LOW_SWAP_AND_THRASHING, LOW_MEM_AND_SWAP, LOW_MEM_AND_THRASHING, DIRECT_RECL_AND_THRASHING
06-12 20:01:50.510 D/lowmemorykiller(  233): LMKD mp_event_psi kill_reason received= -1
06-12 20:01:50.558 D/stbdpc  (  405): STB_DPGetNumPaths[570]: num_paths: 1
06-12 20:01:50.584 W/WASM    (26875): [WASM:MegablastLog] [SCREENSAVER] Feature is now disabled.
06-12 20:01:50.609 W/DOWNLOADER(26875): [DOWNLOADER:DownloaderError] _6_ Could not fetch url - CURL error code: 7, HTTP code: 0, host: localhost, response body: 
06-12 20:01:50.610 I/lowmemorykiller(  233): medium memory pressure event is triggered for new strategy
06-12 20:01:50.658 D/stbdpc  (  405): STB_DPGetNumPaths[570]: num_paths: 1
06-12 20:01:50.710 I/lowmemorykiller(  233): medium memory pressure event is triggered for new strategy
06-12 20:01:50.710 D/lowmemorykiller(  233): LMKD mp_event_psi kill_reasons available are PRESSURE_AFTER_KILL, NOT_RESPONDING, LOW_SWAP_AND_THRASHING, LOW_MEM_AND_SWAP, LOW_MEM_AND_THRASHING, DIRECT_RECL_AND_THRASHING
06-12 20:01:50.710 D/lowmemorykiller(  233): LMKD mp_event_psi kill_reason received= -1
06-12 20:01:50.724 I/ideo.livingroo(26875): oneway function results will be dropped but finished with status OK and parcel size 4
06-12 20:01:50.727 I/e.swalekh.abct( 1336): oneway function results will be dropped but finished with status OK and parcel size 4
06-12 20:01:50.734 D/JioSTBMRServer-SERVICE( 3304): InetSocketAddress(InetAddress.getByName(inetAddress.hostAddress)-/192.168.1.255
06-12 20:01:50.735 D/JioSTBMRServer-SERVICE( 3304): #beacon:RKISBFJ60000097:0:false:0:1:SV=181024 , 192.168.1.255
06-12 20:01:50.738 D/JioSTBMRServer-SERVICE( 3304): InetSocketAddress(InetAddress.getByName(inetAddress.hostAddress)-/192.168.1.255
06-12 20:01:50.738 D/JioSTBMRServer-SERVICE( 3304): #broadcast IP:192.168.1.255
06-12 20:01:50.743 D/dvb_iptv(  405): ReadEmmNetworkTask[1537]: EMM Select Timeout Occured 51
06-12 20:01:50.759 D/stbdpc  (  405): STB_DPGetNumPaths[570]: num_paths: 1
06-12 20:01:50.810 I/lowmemorykiller(  233): medium memory pressure event is triggered for new strategy
06-12 20:01:50.859 D/stbdpc  (  405): STB_DPGetNumPaths[570]: num_paths: 1
06-12 20:01:50.911 I/lowmemorykiller(  233): medium memory pressure event is triggered for new strategy
06-12 20:01:50.959 D/stbdpc  (  405): STB_DPGetNumPaths[570]: num_paths: 1
06-12 20:01:51.011 I/lowmemorykiller(  233): medium memory pressure event is triggered for new strategy
06-12 20:01:51.031 I/DTVKit  (  405): request[114]: 'CmnNoti.onDvbIpPacketDetails' // '[]'
06-12 20:01:51.032 D/stbresmgr(  405): STB_RESNumTuners[315]: num_tuners: 3
06-12 20:01:51.032 E/dvb_iptv(  405): IPTV_GetDvbIpPacketDetails[684]: No valid ECM iptv_handle
06-12 20:01:51.032 D/dvb_iptv(  405): IPTV_GetDvbIpPacketDetails[688]: EMM Pkt stat received_packets:0 lost_packets:0 recov_packets:0 
06-12 20:01:51.032 E/CommonClientNotiCbUtilsIntf(  405): onDvbIpPacketDetails[97]: Failure of Getting DvbIpDetails
06-12 20:01:51.033 D/CommonClientNotiCbUtilsImpl( 1621): Not Received Valid Info
06-12 20:01:51.039 D/JioLauncher( 1781): overlay status check for wifi and bt remote false false
06-12 20:01:51.042 D/Match code1( 1449): 2
06-12 20:01:51.042 D/JIO_TR069-( 1449): Predefined List [com.jio.stb.catv, com.rjil.jiostbsetting, com.iwedia.ui.rjio.launcher.reliance, com.jio.stb.hotellauncher, com.jio.media.oberoi, com.jio.ott]
06-12 20:01:51.044 D/JIO_TR069-( 1449): Caller Package com.iwedia.ui.rjio.launcher.reliance
06-12 20:01:51.044 D/JIO_TR069-( 1449): White Listed Apps []
06-12 20:01:51.044 D/JIO_TR069-( 1449): Final White Listed Apps [com.jio.stb.catv, com.rjil.jiostbsetting, com.iwedia.ui.rjio.launcher.reliance, com.jio.stb.hotellauncher, com.jio.media.oberoi, com.jio.ott, ]
06-12 20:01:51.048 D/JioLauncher( 1781): network-type-------NonJioNetwork
06-12 20:01:51.054 D/JioLauncher( 1781): live-tv-previousIp-[/fe80::1%wlan0, /192.168.1.1]-newHost-[/fe80::1%wlan0, /192.168.1.1]
06-12 20:01:51.059 D/stbdpc  (  405): STB_DPGetNumPaths[570]: num_paths: 1
06-12 20:01:51.083 D/rtk_heartbeat(  351): heartbeat_timed_out: heartbeatCmdCount = 18759, expected nextSeqNum = 18759
06-12 20:01:51.084 D/rtk_heartbeat(  351): rtkbt_heartbeat_cmpl_cback: Current SeqNum = 18759,should SeqNum=18759, status = 0
06-12 20:01:51.111 I/lowmemorykiller(  233): medium memory pressure event is triggered for new strategy
06-12 20:01:51.144 E/ocessService0:( 2273): failed to create Unix domain socket: Operation not permitted
06-12 20:01:51.159 D/stbdpc  (  405): STB_DPGetNumPaths[570]: num_paths: 1
06-12 20:01:51.159 I/lowmemorykiller(  233): medium memory pressure event is triggered for new strategy
06-12 20:01:51.212 I/lowmemorykiller(  233): medium memory pressure event is triggered for new strategy
06-12 20:01:51.224 W/SCRIPT  (26875): [SCRIPT:MegablastLog] Auth config yet to be initialized. Returning undefined.
06-12 20:01:51.243 D/dvb_iptv(  405): ReadEmmNetworkTask[1537]: EMM Select Timeout Occured 52
06-12 20:01:51.259 D/stbdpc  (  405): STB_DPGetNumPaths[570]: num_paths: 1
06-12 20:01:51.312 I/lowmemorykiller(  233): medium memory pressure event is triggered for new strategy
06-12 20:01:51.312 D/lowmemorykiller(  233): LMKD mp_event_psi kill_reasons available are PRESSURE_AFTER_KILL, NOT_RESPONDING, LOW_SWAP_AND_THRASHING, LOW_MEM_AND_SWAP, LOW_MEM_AND_THRASHING, DIRECT_RECL_AND_THRASHING
06-12 20:01:51.312 D/lowmemorykiller(  233): LMKD mp_event_psi kill_reason received= -1
06-12 20:01:51.360 D/stbdpc  (  405): STB_DPGetNumPaths[570]: num_paths: 1
06-12 20:01:51.383 D/JioStbInactivityTimer(  933): Timer: count 7272 warningTimeout:10680 timeout:10800
06-12 20:01:51.384 D/JioStbInactivityTimer(  933): isUserActive: Curr:11512457 Prev:11512457
06-12 20:01:51.412 I/lowmemorykiller(  233): medium memory pressure event is triggered for new strategy
06-12 20:01:51.460 D/stbdpc  (  405): STB_DPGetNumPaths[570]: num_paths: 1
06-12 20:01:51.513 I/lowmemorykiller(  233): medium memory pressure event is triggered for new strategy
06-12 20:01:51.560 D/stbdpc  (  405): STB_DPGetNumPaths[570]: num_paths: 1
06-12 20:01:51.568 E/SCRIPT  (26875): [SCRIPT:MegablastLog] [CRASH_INFO_SHUTDOWN_REASON_UNKNOWN] CRASH_INFO_SHUTDOWN_REASON_UNKNOWN detected in previous session {"shutdown_finished":false,"initialization_monotonic_time":153,"initialization_time":[true,997,407914557],"watchdog_anr_count":0,"watchdog_anr_count_stashed_time":[true,998,827797349],"logs":[[3277742528,"Thread-14",[[9246,"CurlDownloader_559",1181],[9145,"[SCREENSAVER] Feature is now ",0],[8660,"No callback registered for st",0],[8652,"No callback registered for st",0],[7434,"NewFontRegistered",176],[7434,"MemoryStorage_open",21],[10120,"Renderer_DestroyFBO",1506],[10120,"WatchdogStopped",150],[9246,"CurlDownloader_191",522],[9246,"create",26]]],[3249013184,"downloader",[[10696,"FileSystemStorage_create",95],[10695,"curl",887],[10688,"start",30],[10688,"FileSystemStorage_OpenFile",60],[10688,"FileSystemStorage_create",95],[10688,"curl",887],[10573,"start",30],[10573,"FileSystemStorage_OpenFile",60],[10696,"start",30],[10696,"FileSystemStorage_OpenFile",60]]],[3198403008,"Thread-14",[[10
06-12 20:01:51.613 I/lowmemorykiller(  233): medium memory pressure event is triggered for new strategy
06-12 20:01:51.613 D/lowmemorykiller(  233): LMKD mp_event_psi kill_reasons available are PRESSURE_AFTER_KILL, NOT_RESPONDING, LOW_SWAP_AND_THRASHING, LOW_MEM_AND_SWAP, LOW_MEM_AND_THRASHING, DIRECT_RECL_AND_THRASHING
06-12 20:01:51.613 D/lowmemorykiller(  233): LMKD mp_event_psi kill_reason received= -1
06-12 20:01:51.647 W/SCRIPT  (26875): [SCRIPT:MegablastLog] [SCREENSAVER] Feature is now disabled.
06-12 20:01:51.660 D/stbdpc  (  405): STB_DPGetNumPaths[570]: num_paths: 1
06-12 20:01:51.713 I/lowmemorykiller(  233): medium memory pressure event is triggered for new strategy
06-12 20:01:51.741 E/WifiVendorHal(  632): getWifiLinkLayerStats_1_3_Internal(l.973) failed {.code = ERROR_UNKNOWN, .description = unknown error}
06-12 20:01:51.743 D/dvb_iptv(  405): ReadEmmNetworkTask[1537]: EMM Select Timeout Occured 53
06-12 20:01:51.760 D/stbdpc  (  405): STB_DPGetNumPaths[570]: num_paths: 1
06-12 20:01:51.814 I/lowmemorykiller(  233): medium memory pressure event is triggered for new strategy
06-12 20:01:51.850 D/MulticastUtils( 1781): Timeout 5000ms IOException:Poll timed out
06-12 20:01:51.854 D/JioLauncher( 1781): connected-network-status  1 status true time 0 lPreviousIp [/fe80::1%wlan0, /192.168.1.1] isLiveOnTop() false isOneTimeVisisbleStatus false-remoteConnectedTime-0
06-12 20:01:51.860 D/stbdpc  (  405): STB_DPGetNumPaths[570]: num_paths: 1
06-12 20:01:51.914 I/lowmemorykiller(  233): medium memory pressure event is triggered for new strategy
06-12 20:01:51.961 D/stbdpc  (  405): STB_DPGetNumPaths[570]: num_paths: 1
06-12 20:01:52.015 I/lowmemorykiller(  233): medium memory pressure event is triggered for new strategy
06-12 20:01:52.061 D/stbdpc  (  405): STB_DPGetNumPaths[570]: num_paths: 1
06-12 20:01:52.072 W/[18787.424659@1]  RTW(    0): Turbo EDCA =0x5ea42b
06-12 20:01:52.083 D/rtk_heartbeat(  351): heartbeat_timed_out: heartbeatCmdCount = 18760, expected nextSeqNum = 18760
06-12 20:01:52.084 D/rtk_heartbeat(  351): rtkbt_heartbeat_cmpl_cback: Current SeqNum = 18760,should SeqNum=18760, status = 0
06-12 20:01:52.115 I/lowmemorykiller(  233): medium memory pressure event is triggered for new strategy
06-12 20:01:52.161 D/stbdpc  (  405): STB_DPGetNumPaths[570]: num_paths: 1
06-12 20:01:52.164 I/ThermalService(  986): CPU temperatures: [66.600006]
06-12 20:01:52.216 I/lowmemorykiller(  233): medium memory pressure event is triggered for new strategy
06-12 20:01:52.224 E/WASM    (26875): [WASM:MegablastLog] No callback registered for store id dctr-state
06-12 20:01:52.229 E/WASM    (26875): [WASM:MegablastLog] No callback registered for store id dctr-state
06-12 20:01:52.243 D/dvb_iptv(  405): ReadEmmNetworkTask[1537]: EMM Select Timeout Occured 54
06-12 20:01:52.255 D/ltts_ip_emm(  405): LTTS_IP_DMXStartEMM[381]: parse_emm_cat_status failed
06-12 20:01:52.261 D/stbdpc  (  405): STB_DPGetNumPaths[570]: num_paths: 1
06-12 20:01:52.276 D/MinervaServiceAndroidAdapter(26875): *****record, region:us-east-1, metricGroupId:6mbgu9n8, metricSchemaId:ipkg/2/02330470, metricEventId:fac788a9-08d1-4ad5-bc7a-6e01e567f17e, utcTimestamp:1749738712275, localOffsetMinutes:330, listOfDataPointEnvelopes size:6
06-12 20:01:52.277 D/MinervaServiceAndroidAdapter(26875): metricEvent:com.amazon.minerva.client.thirdparty.metric.IonMetricEvent@b2fc058
06-12 20:01:52.277 D/MinervaServiceAndroidAdapter(26875): handleMessageForService.
06-12 20:01:52.277 D/MinervaServiceManager(26875): com.amazon.minerva.client.thirdparty.metric.IonMetricEvent@b2fc058
06-12 20:01:52.277 D/MinervaServiceManager(26875): Predefined key: _model Predefined value: JMSB200A
06-12 20:01:52.278 D/MinervaServiceManager(26875): Predefined key: _deviceType Predefined value: A1IRP7LZP6G9AW
