06-12 15:26:51.683 F/linker  (15836): CANNOT LINK EXECUTABLE "/system/bin/smartcable/smartCableSTBApp": library "libmosquitto.so" not found: needed by main executable
06-12 15:26:55.059 W/[ 2290.414391@0]  RTW(    0): fill_default_txdesc(wlan0): SP Packet(0x0806) rate=0x4 SeqNum = 3086
06-12 15:26:56.419 W/[ 2291.775243@2]  audit(    0): audit_lost=2407 audit_rate_limit=5 audit_backlog_limit=64
06-12 15:26:56.420 E/[ 2291.775251@2]  audit(    0): rate limit exceeded
06-12 15:26:56.684 F/linker  (15853): CANNOT LINK EXECUTABLE "/system/bin/smartcable/smartCableSTBApp": library "libmosquitto.so" not found: needed by main executable
06-12 15:26:57.495 W/[ 2292.849044@2]  audit(    0): audit_lost=2525 audit_rate_limit=5 audit_backlog_limit=64
06-12 15:26:57.496 E/[ 2292.849054@2]  audit(    0): rate limit exceeded
06-12 15:26:59.164 W/[ 2294.518081@3]  RTW(    0): fill_default_txdesc(wlan0): SP Packet(0x0806) rate=0x4 SeqNum = 3343
06-12 15:27:01.698 F/linker  (15864): CANNOT LINK EXECUTABLE "/system/bin/smartcable/smartCableSTBApp": library "libmosquitto.so" not found: needed by main executable
06-12 15:27:04.268 W/[ 2299.621349@0]  RTW(    0): fill_default_txdesc(wlan0): SP Packet(0x0806) rate=0x4 SeqNum = 3574
06-12 15:27:06.697 F/linker  (15878): CANNOT LINK EXECUTABLE "/system/bin/smartcable/smartCableSTBApp": library "libmosquitto.so" not found: needed by main executable
06-12 15:27:09.363 W/[ 2304.716908@2]  RTW(    0): fill_default_txdesc(wlan0): SP Packet(0x0806) rate=0x4 SeqNum = 3794
06-12 15:27:11.704 F/linker  (15890): CANNOT LINK EXECUTABLE "/system/bin/smartcable/smartCableSTBApp": library "libmosquitto.so" not found: needed by main executable
06-12 15:27:14.464 W/[ 2309.818005@1]  RTW(    0): fill_default_txdesc(wlan0): SP Packet(0x0806) rate=0x4 SeqNum = 4052
06-12 15:27:16.292 W/[ 2311.644833@2]  RTW(    0): fill_default_txdesc(wlan0): SP Packet(0x0806) rate=0x4 SeqNum = 48
06-12 15:27:16.717 F/linker  (15905): CANNOT LINK EXECUTABLE "/system/bin/smartcable/smartCableSTBApp": library "libmosquitto.so" not found: needed by main executable
06-12 15:27:19.571 W/[ 2314.924893@0]  RTW(    0): fill_default_txdesc(wlan0): SP Packet(0x0806) rate=0x4 SeqNum = 254
06-12 15:27:21.714 F/linker  (15920): CANNOT LINK EXECUTABLE "/system/bin/smartcable/smartCableSTBApp": library "libmosquitto.so" not found: needed by main executable
06-12 15:27:24.672 W/[ 2320.027261@3]  RTW(    0): fill_default_txdesc(wlan0): SP Packet(0x0806) rate=0x4 SeqNum = 511
06-12 15:27:26.725 F/linker  (15937): CANNOT LINK EXECUTABLE "/system/bin/smartcable/smartCableSTBApp": library "libmosquitto.so" not found: needed by main executable
06-12 15:27:29.815 W/[ 2325.171987@2]  RTW(    0): fill_default_txdesc(wlan0): SP Packet(0x0806) rate=0x4 SeqNum = 783
06-12 15:27:31.727 F/linker  (15949): CANNOT LINK EXECUTABLE "/system/bin/smartcable/smartCableSTBApp": library "libmosquitto.so" not found: needed by main executable
06-12 15:27:34.828 W/[ 2330.181504@0]  RTW(    0): fill_default_txdesc(wlan0): SP Packet(0x0806) rate=0x4 SeqNum = 1020
06-12 15:27:36.729 F/linker  (15963): CANNOT LINK EXECUTABLE "/system/bin/smartcable/smartCableSTBApp": library "libmosquitto.so" not found: needed by main executable
06-12 15:27:37.284 W/[ 2332.636788@1]  RTW(    0): fill_default_txdesc(wlan0): SP Packet(0x0806) rate=0x4 SeqNum = 1158
06-12 15:27:39.819 W/[ 2335.173809@0]  audit(    0): audit_lost=2537 audit_rate_limit=5 audit_backlog_limit=64
06-12 15:27:39.820 E/[ 2335.173820@0]  audit(    0): rate limit exceeded
06-12 15:27:40.063 W/[ 2335.418153@0]  RTW(    0): fill_default_txdesc(wlan0): SP Packet(0x0806) rate=0x4 SeqNum = 1316
06-12 15:27:41.736 F/linker  (15973): CANNOT LINK EXECUTABLE "/system/bin/smartcable/smartCableSTBApp": library "libmosquitto.so" not found: needed by main executable
06-12 15:27:45.163 W/[ 2340.519168@1]  RTW(    0): fill_default_txdesc(wlan0): SP Packet(0x0806) rate=0x4 SeqNum = 1561
06-12 15:27:46.746 F/linker  (15983): CANNOT LINK EXECUTABLE "/system/bin/smartcable/smartCableSTBApp": library "libmosquitto.so" not found: needed by main executable
06-12 15:27:50.267 W/[ 2345.621350@0]  RTW(    0): fill_default_txdesc(wlan0): SP Packet(0x0806) rate=0x4 SeqNum = 1799
06-12 15:27:51.751 F/linker  (15999): CANNOT LINK EXECUTABLE "/system/bin/smartcable/smartCableSTBApp": library "libmosquitto.so" not found: needed by main executable
06-12 15:27:55.415 W/[ 2350.769730@1]  RTW(    0): fill_default_txdesc(wlan0): SP Packet(0x0806) rate=0x4 SeqNum = 2078
06-12 15:27:55.716 W/[ 2351.068832@2]  RTW(    0): fill_default_txdesc(wlan0): SP Packet(0x0806) rate=0x4 SeqNum = 2097
06-12 15:27:56.756 F/linker  (16013): CANNOT LINK EXECUTABLE "/system/bin/smartcable/smartCableSTBApp": library "libmosquitto.so" not found: needed by main executable
06-12 15:28:00.523 W/[ 2355.878725@2]  RTW(    0): fill_default_txdesc(wlan0): SP Packet(0x0806) rate=0x4 SeqNum = 2343
06-12 15:28:01.763 F/linker  (16028): CANNOT LINK EXECUTABLE "/system/bin/smartcable/smartCableSTBApp": library "libmosquitto.so" not found: needed by main executable
06-12 15:28:05.623 W/[ 2360.979051@0]  RTW(    0): fill_default_txdesc(wlan0): SP Packet(0x0806) rate=0x4 SeqNum = 2572
06-12 15:28:06.768 F/linker  (16038): CANNOT LINK EXECUTABLE "/system/bin/smartcable/smartCableSTBApp": library "libmosquitto.so" not found: needed by main executable
06-12 15:28:10.731 W/[ 2366.087268@3]  RTW(    0): fill_default_txdesc(wlan0): SP Packet(0x0806) rate=0x4 SeqNum = 2823
06-12 15:28:11.773 F/linker  (16053): CANNOT LINK EXECUTABLE "/system/bin/smartcable/smartCableSTBApp": library "libmosquitto.so" not found: needed by main executable
06-12 15:28:15.887 W/[ 2371.241254@3]  RTW(    0): fill_default_txdesc(wlan0): SP Packet(0x0806) rate=0x4 SeqNum = 3070
06-12 15:28:16.785 F/linker  (16063): CANNOT LINK EXECUTABLE "/system/bin/smartcable/smartCableSTBApp": library "libmosquitto.so" not found: needed by main executable
06-12 15:28:17.475 W/[ 2372.828738@3]  RTW(    0): fill_default_txdesc(wlan0): SP Packet(0x0806) rate=0x4 SeqNum = 3174
06-12 15:28:21.032 W/[ 2376.387987@2]  RTW(    0): fill_default_txdesc(wlan0): SP Packet(0x0806) rate=0x4 SeqNum = 3328
06-12 15:28:21.791 F/linker  (16077): CANNOT LINK EXECUTABLE "/system/bin/smartcable/smartCableSTBApp": library "libmosquitto.so" not found: needed by main executable
06-12 15:28:25.167 W/[ 2380.523639@0]  RTW(    0): fill_default_txdesc(wlan0): SP Packet(0x0806) rate=0x4 SeqNum = 3567
06-12 15:28:26.797 F/linker  (16093): CANNOT LINK EXECUTABLE "/system/bin/smartcable/smartCableSTBApp": library "libmosquitto.so" not found: needed by main executable
06-12 15:28:30.271 W/[ 2385.627301@1]  RTW(    0): fill_default_txdesc(wlan0): SP Packet(0x0806) rate=0x4 SeqNum = 3881
06-12 15:28:31.175 W/[ 2386.530579@2]  RTW(    0): cfg80211_rtw_scan(wlan0)
06-12 15:28:31.176 W/[ 2386.530597@2]  RTW(    0): cfg80211_rtw_scan (wlan0) tx:58, rx:30, bi:88 kbps, disallow(0)
06-12 15:28:31.179 W/[ 2386.533688@2]  RTW(    0): [HW_VAR_CHECK_TXBUF] Empty in 0 ms
06-12 15:28:31.180 W/[ 2386.533777@2]  RTW(    0): wlan0 sleep m0=0x00000003, ori reg_0x4d4=0x00000000
06-12 15:28:31.801 F/linker  (16118): CANNOT LINK EXECUTABLE "/system/bin/smartcable/smartCableSTBApp": library "libmosquitto.so" not found: needed by main executable
06-12 15:28:32.187 W/[ 2387.540923@0]  RTW(    0): LeaveAllPowerSaveModeDirect.....
06-12 15:28:32.188 W/[ 2387.540941@0]  RTW(    0): LeaveAllPowerSaveModeDirect: Driver Already Leave LPS
06-12 15:28:32.188 W/[ 2387.540953@0]  RTW(    0): rtw_hal_set_macaddr_port wlan0- hw port(0) mac_addr =a8:71:16:66:28:c6
06-12 15:28:32.188 W/[ 2387.541206@0]  RTW(    0): wlan0- hw port(0) mac_addr =a8:71:16:66:28:c6
06-12 15:28:32.188 W/[ 2387.541312@0]  RTW(    0): p2p0- hw port(1) mac_addr =aa:71:16:66:28:c6
06-12 15:28:32.196 W/[ 2387.549211@1]  RTW(    0): wlan0 wakeup m0=0x00000003, ori reg_0x4d4=0x00000003
06-12 15:28:32.196 W/[ 2387.550325@0]  RTW(    0): survey done event(45) band:0 for wlan0
06-12 15:28:32.196 W/        (    0): [ 2387.550368@0]  ========== ACS (VER-3) ==========
06-12 15:28:32.196 W/        (    0): [ 2387.550376@0]  Best 24G Channel:13
06-12 15:28:32.196 W/        (    0): [ 2387.550384@0]  Best 5G Channel:52
06-12 15:28:32.196 W/        (    0): [ 2387.550384@0]
06-12 15:28:32.196 W/[ 2387.551036@0]  RTW(    0): rtw_indicate_scan_done(wlan0)
06-12 15:28:35.263 D/[ 2390.620330@1]  logd(    0): logdr: UID=0 GID=0 PID=16147 b tail=0 logMask=99 pid=0 start=0ns timeout=0ns
06-12 15:28:35.331 W/[ 2390.686474@0]  RTW(    0): fill_default_txdesc(wlan0): SP Packet(0x0806) rate=0x4 SeqNum = 229
06-12 15:28:35.847 I/[ 2391.202863@2]  binder(    0): 13851:13877 transaction failed 29189/-22, size 616-0 line 2705
06-12 15:28:35.861 E/AndroidRuntime(13851): FATAL EXCEPTION: Instr: androidx.test.runner.AndroidJUnitRunner
06-12 15:28:35.861 E/AndroidRuntime(13851): Process: io.appium.uiautomator2.server, PID: 13851
06-12 15:28:35.861 E/AndroidRuntime(13851): java.lang.IllegalStateException: UiAutomation not connected, UiAutomation@30745d0[id=-1, flags=0]
06-12 15:28:35.861 E/AndroidRuntime(13851): 	at android.app.UiAutomation.throwIfNotConnectedLocked(UiAutomation.java:1239)
06-12 15:28:35.861 E/AndroidRuntime(13851): 	at android.app.UiAutomation.disconnect(UiAutomation.java:296)
06-12 15:28:35.861 E/AndroidRuntime(13851): 	at android.app.Instrumentation.finish(Instrumentation.java:249)
06-12 15:28:35.861 E/AndroidRuntime(13851): 	at androidx.test.runner.MonitoringInstrumentation.finish(MonitoringInstrumentation.java:409)
06-12 15:28:35.861 E/AndroidRuntime(13851): 	at androidx.test.runner.AndroidJUnitRunner.onStart(AndroidJUnitRunner.java:474)
06-12 15:28:35.861 E/AndroidRuntime(13851): 	at android.app.Instrumentation$InstrumentationThread.run(Instrumentation.java:2205)
06-12 15:28:36.117 I/[ 2391.469033@3]  binder(    0): 632:665 transaction failed 29189/-22, size 88-0 line 2705
06-12 15:28:36.121 I/[ 2391.477096@3]  binder(    0): 632:16228 transaction failed 29189/-22, size 340-0 line 2705
06-12 15:28:36.847 F/linker  (16273): CANNOT LINK EXECUTABLE "/system/bin/smartcable/smartCableSTBApp": library "libmosquitto.so" not found: needed by main executable
06-12 15:28:38.344 I/[ 2393.696556@0]  vc(    0): [0]vc: set enable index=0, val=0
06-12 15:28:38.344 I/[ 2393.696582@0]  VID(    0): store VD0 path_id changed 2->-1
06-12 15:28:38.344 I/        (    0): [ 2393.696585@0]  dev->index =0, val=1
06-12 15:28:38.344 I/[ 2393.696588@0]  VID(    0): VD1 off
06-12 15:28:38.344 I/[ 2393.696594@0]  VID(    0): VD1 set global output as 0
06-12 15:28:38.344 I/        (    0): [ 2393.696654@0]  common_vf_unreg_provider video_render.0: vd1 used: true, vd2 used: false, vd3 used: false, black_out:0, cur_buf:000000000d37ac90
06-12 15:28:38.388 I/[ 2393.742423@1]  [amlv4l](    0): [25]: reset mode: 1, es frames buffering: 16
06-12 15:28:38.388 D/[ 2393.743738@1]  [h265](    0): [0]h265:pts_unstable=0
06-12 15:28:38.388 D/[ 2393.743751@1]  [h265](    0): [0]h265: ver (201602101,0) decinfo: 0x0 rate=4000
06-12 15:28:38.399 I/[ 2393.750838@0]  [amlv4l](    0): [25]: reset mode: 1, es frames buffering: 0
06-12 15:28:38.399 D/[ 2393.750914@0]  [h265](    0): [0]h265:pts_unstable=0
06-12 15:28:38.399 D/[ 2393.750920@0]  [h265](    0): [0]h265: ver (201602101,0) decinfo: 0x0 rate=4000
06-12 15:28:38.458 I/[ 2393.808730@2]  [amlv4l](    0): [25]: reset mode: 1, es frames buffering: 0
06-12 15:28:38.458 D/[ 2393.808840@2]  [h265](    0): [0]h265:pts_unstable=0
06-12 15:28:38.458 D/[ 2393.808847@2]  [h265](    0): [0]h265: ver (201602101,0) decinfo: 0x0 rate=4000
06-12 15:28:38.463 D/[ 2393.818108@2]  [amlcom](    0): vdec_release instance 0000000059db881c, total 1
06-12 15:28:38.465 D/[ 2393.818166@2]  [media_clock](    0): the clk_hevcf_mux   clock off, ref cnt: 0
06-12 15:28:38.465 D/[ 2393.818174@2]  [media_clock](    0): the clk_hevcb_mux   clock off, ref cnt: 0
06-12 15:28:38.480 I/[ 2393.832686@2]  dim(    0): unreg:2keep[0], msk:[0x0,0x0]
06-12 15:28:38.488 I/[ 2393.842781@2]  vpu(    0): vpu: vpu_dev_clk_gate_off: unsupport vpu mod: 72
06-12 15:28:38.488 I/[ 2393.845334@0]  dim(    0): unreg:use[27]ms
06-12 15:28:38.488 I/[ 2393.845345@0]  dim(    0): di_destroy_instance:ch[2]:end
06-12 15:28:38.494 I/[ 2393.846434@0]  resman(    0): 46 release [decoder]
06-12 15:28:38.498 I/[ 2393.846447@0]  resman(    0): 46 release [codec_mm]
06-12 15:28:38.499 E/        (    0): [ 2393.847765@1]  disalbe fastplay
06-12 15:28:38.507 E/[ 2393.863721@1]  Warn(    0): TVP pool will release later.
06-12 15:28:38.508 I/        (    0): [ 2393.863731@1]  tvp_user_count is 0
06-12 15:28:38.508 I/[ 2393.863736@1]  resman(    0): 48 release [tvp]
06-12 15:28:38.522 E/[ 2393.871526@0]  Warn(    0): TVP pool will release later.
06-12 15:28:38.522 E/[ 2393.871809@0]  Warn(    0): TVP pool will release later.
06-12 15:28:38.523 E/[ 2393.879777@1]  Warn(    0): TVP pool will release later.
06-12 15:28:38.545 E/[ 2393.898826@1]  Warn(    0): TVP pool will release later.
06-12 15:28:38.856 E/[ 2394.210929@2]  Warn(    0): TVP pool will release later.
06-12 15:28:38.857 E/[ 2394.211560@2]  Warn(    0): TVP pool will release later.
06-12 15:28:38.868 E/[ 2394.221190@2]  Warn(    0): TVP pool will release later.
06-12 15:28:38.868 E/[ 2394.221842@2]  Warn(    0): TVP pool will release later.
06-12 15:28:38.868 E/[ 2394.221856@2]  Warn(    0): TVP pool will release later.
06-12 15:28:38.868 I/        (    0): [ 2394.221906@2]  unprotect tvp 0 handle is 7
06-12 15:28:38.868 I/        (    0): [ 2394.223474@2]  disalbe tvp
06-12 15:28:39.823 W/[ 2395.178657@2]  audit(    0): audit_lost=2540 audit_rate_limit=5 audit_backlog_limit=64
06-12 15:28:39.824 E/[ 2395.178668@2]  audit(    0): rate limit exceeded
06-12 15:28:40.442 W/[ 2395.798792@1]  RTW(    0): fill_default_txdesc(wlan0): SP Packet(0x0806) rate=0x4 SeqNum = 3170
06-12 15:28:41.810 F/linker  (16373): CANNOT LINK EXECUTABLE "/system/bin/smartcable/smartCableSTBApp": library "libmosquitto.so" not found: needed by main executable
06-12 15:28:43.396 I/[ 2398.751935@1]  resman(    0): 49 appname:OMX-35, type=0
06-12 15:28:43.461 I/[ 2398.812904@1]  resman(    0): 51 appname:secmem, type=3
06-12 15:28:43.461 I/[ 2398.817680@1]  resman(    0): 51 acquire [tvp], preempt yes
06-12 15:28:43.568 I/        (    0): [ 2398.924444@1]  protect tvp 0 7 ret 0 5b380000 a740000
06-12 15:28:43.568 I/        (    0): [ 2398.924460@1]  enable tvp for 1
06-12 15:28:43.570 I/        (    0): [ 2398.924464@1]  tvp_user_count is 1
06-12 15:28:43.575 I/[ 2398.924470@1]  resman(    0): 51 acquire [tvp] success
06-12 15:28:43.600 I/[ 2398.954427@0]  resman(    0): 49 acquire [decoder], preempt yes
06-12 15:28:43.600 I/[ 2398.954439@0]  resman(    0): 49 acquire [decoder] success
06-12 15:28:43.600 I/[ 2398.954474@0]  resman(    0): 49 acquire [codec_mm], preempt yes
06-12 15:28:43.600 I/[ 2398.954484@0]  resman(    0): 49 score 60 secure yes
06-12 15:28:43.600 I/[ 2398.954489@0]  resman(    0): 49 acquire [codec_mm] success
06-12 15:28:43.637 I/[ 2398.986650@1]  [amlv4l](    0): [27]: set DRM mode: 1
06-12 15:28:43.637 I/[ 2398.986875@1]  [amlv4l](    0): [27]: DW:3, TW:0, Margin:5
06-12 15:28:43.637 D/[ 2398.987447@1]  [amlcom](    0): vdec_create instance 00000000f77e6e26, total 1, PM: power-domain
06-12 15:28:43.637 D/[ 2398.987811@1]  [media_clock](    0): hevc mux clock is 499999992 Hz
06-12 15:28:43.637 D/[ 2398.988120@1]  [media_clock](    0): hevc back mux clock is 499999992 Hz
06-12 15:28:43.637 I/[ 2398.988395@1]  [amlcom](    0): vdec_init, dev_name:ammvdec_h265_v4l, vdec_type=VDEC_TYPE_FRAME_BLOCK, format: 11, total: 1
06-12 15:28:43.637 D/[ 2398.990126@1]  [h265](    0): [0]pdata->config=parm_v4l_codec_enable:1;parm_v4l_buffer_margin:5;hevc_double_write_mode:3;hevc_triple_write_mode:0;hevc_buf_width:4096;hevc_buf_height:2304;save_buffer_mode:0;parm_v4l_canvas_mem_mode:0;parm_v4l_canvas_mem_endian:0;parm_v4l_low_latency_mode:0;parm_v4l_metadata_config_flag:49154;parm_v4l_duration:4000;dv_profile:0;
06-12 15:28:43.641 D/[ 2398.990215@1]  [h265](    0): [0]discard dv data
06-12 15:28:43.641 D/[ 2398.990247@1]  [h265](    0): [0]dv_profile: 0
06-12 15:28:43.641 D/[ 2398.991229@1]  [h265](    0): [0]dynamic_buf_num_margin=5
06-12 15:28:43.641 D/[ 2398.991240@1]  [h265](    0): [0]double_write_mode=3
06-12 15:28:43.641 D/[ 2398.991243@1]  [h265](    0): [0]nal_skip_policy=2
06-12 15:28:43.641 D/[ 2398.991250@1]  [h265](    0): [0]h265:pts_unstable=0
06-12 15:28:43.645 D/[ 2398.991255@1]  [h265](    0): [0]h265: ver (201602101,0) decinfo: 0x0 rate=4000
06-12 15:28:43.653 D/[ 2399.006697@1]  [h265](    0): ucode version 4.138, swap enable 1
06-12 15:28:43.653 D/[ 2399.007023@1]  [media_clock](    0): hevc mux clock is 799999988 Hz
06-12 15:28:43.653 D/[ 2399.007246@1]  [media_clock](    0): hevc back mux clock is 799999988 Hz
06-12 15:28:43.653 D/[ 2399.007253@1]  [amlcom](    0): hevc video changed to 3840 x 2160 60 fps clk->800MHZ
06-12 15:28:43.724 D/[ 2399.078005@3]  [h265](    0): [0]vh265 cached=0  need_size=16384 speed= 88 ms
06-12 15:28:43.724 D/[ 2399.078449@0]  [h265](    0): set ucode parse
06-12 15:28:43.724 W/        (    0): [ 2399.078463@0]  hevc get comp info: 64 65536 797
06-12 15:28:43.724 D/[ 2399.078469@0]  [h265](    0): margin = 5, sps_max_dec_pic_buffering_minus1_0 = 5
06-12 15:28:43.724 I/[ 2399.078484@0]  [amlv4l](    0): [27]: Parse from ucode, visible(1920 x 1080), coded(1920 x 1088), scan:P, bitdepth(8), DW/TW(3, 0)
06-12 15:28:43.724 I/[ 2399.078537@0]  [amlv4l](    0): [27]: Picture buffer count: dec:7, vpp:0, ge2d:0, margin:5, total:12
06-12 15:28:43.724 D/[ 2399.078544@0]  [amlv4l](    0): [27]: Post event: res chg
06-12 15:28:43.724 D/[ 2399.079531@0]  [h265](    0): [0]hevc->performance_profile 0
06-12 15:28:43.724 D/[ 2399.079555@0]  [h265](    0): [0]set pic_list_init_flag 1
06-12 15:28:43.724 D/[ 2399.079909@1]  [h265](    0): [0]init_buf_spec2 1920 1080
06-12 15:28:43.724 D/[ 2399.079921@1]  [h265](    0): [0]set pic_list_init_flag to 2
06-12 15:28:43.724 D/[ 2399.079972@0]  [h265](    0): [0]set pic_list_init_flag to 3
06-12 15:28:43.724 D/[ 2399.079978@0]  [h265](    0): [vdec_kpi][vh265_isr_thread_fn] First I frame coming.
06-12 15:28:43.746 I/[ 2399.085482@0]  dim(    0): reg:use[1]ms
06-12 15:28:43.746 I/[ 2399.085496@0]  dim(    0): create:ch[2],tmode[3]
06-12 15:28:43.746 I/[ 2399.085500@0]  dim(    0): out:0xa0000000
06-12 15:28:43.760 D/[ 2399.116147@0]  [h265](    0): [0]VH265: output first frame poc 0
06-12 15:28:43.760 D/[ 2399.116171@0]  [h265](    0): [0]decoder duration change old: 0 new: 4000
06-12 15:28:43.760 D/[ 2399.116186@0]  [h265](    0): [vdec_kpi][post_video_frame] First I frame decoded.
06-12 15:28:43.760 I/[ 2399.116296@2]  dim(    0): value reg:ch[2]:fix_buf:0;ponly <0,0>
06-12 15:28:43.760 I/[ 2399.116313@2]  dim(    0): di_cnt_i_buf1:tvp:1
06-12 15:28:43.760 I/[ 2399.116323@2]  dim(    0): buf large::0x4fb000, 0x5a1000
06-12 15:28:43.760 I/[ 2399.116360@2]  vpu(    0): vpu: vpu_dev_clk_gate_on: unsupport vpu mod: 72
06-12 15:28:43.765 I/[ 2399.117268@2]  dim(    0): ch[2]:reg:mem cfg[0][0][0]
06-12 15:28:44.004 W/[ 2399.357206@1]  RTW(    0): Turbo EDCA =0xa42b
06-12 15:28:44.012 I/[ 2399.367801@1]  VID(    0): VD1 off
06-12 15:28:44.012 I/[ 2399.367943@1]  vc(    0): [0]vc: set enable index=0, val=1
06-12 15:28:44.012 I/        (    0): [ 2399.367971@1]  dev->index =0, val=2
06-12 15:28:44.012 I/[ 2399.367974@1]  VID(    0): VD1 off
06-12 15:28:44.012 I/[ 2399.367980@1]  VID(    0): VD1 set global output as 1
06-12 15:28:44.012 I/[ 2399.368009@1]  VID(    0): store VD0 path_id changed -1->2
06-12 15:28:44.012 I/[ 2399.368030@1]  vc(    0): [0]sideband_type =-1
06-12 15:28:45.668 W/[ 2401.023464@1]  RTW(    0): fill_default_txdesc(wlan0): SP Packet(0x0806) rate=0x4 SeqNum = 1978
06-12 15:28:46.825 F/linker  (16437): CANNOT LINK EXECUTABLE "/system/bin/smartcable/smartCableSTBApp": library "libmosquitto.so" not found: needed by main executable
06-12 15:28:48.035 W/[ 2403.388884@0]  RTW(    0): Turbo EDCA =0x5ea42b
06-12 15:28:50.052 W/[ 2405.404912@3]  RTW(    0): Turbo EDCA =0xa42b
06-12 15:28:50.768 W/[ 2406.124513@0]  RTW(    0): fill_default_txdesc(wlan0): SP Packet(0x0806) rate=0x4 SeqNum = 3778
06-12 15:28:51.814 F/linker  (16447): CANNOT LINK EXECUTABLE "/system/bin/smartcable/smartCableSTBApp": library "libmosquitto.so" not found: needed by main executable
06-12 15:28:52.068 W/[ 2407.420900@3]  RTW(    0): Turbo EDCA =0x5ea42b
06-12 15:28:55.891 W/[ 2411.247219@0]  RTW(    0): fill_default_txdesc(wlan0): SP Packet(0x0806) rate=0x4 SeqNum = 266
06-12 15:28:56.547 W/[ 2411.902697@2]  audit(    0): audit_lost=2544 audit_rate_limit=5 audit_backlog_limit=64
06-12 15:28:56.548 E/[ 2411.902705@2]  audit(    0): rate limit exceeded
06-12 15:28:56.821 F/linker  (16466): CANNOT LINK EXECUTABLE "/system/bin/smartcable/smartCableSTBApp": library "libmosquitto.so" not found: needed by main executable
06-12 15:28:57.623 W/[ 2412.977941@2]  audit(    0): audit_lost=2662 audit_rate_limit=5 audit_backlog_limit=64
06-12 15:28:57.624 E/[ 2412.977952@2]  audit(    0): rate limit exceeded
06-12 15:29:00.996 W/[ 2416.350348@0]  RTW(    0): fill_default_txdesc(wlan0): SP Packet(0x0806) rate=0x4 SeqNum = 883
06-12 15:29:01.827 F/linker  (16480): CANNOT LINK EXECUTABLE "/system/bin/smartcable/smartCableSTBApp": library "libmosquitto.so" not found: needed by main executable
06-12 15:29:06.027 W/[ 2421.381600@3]  RTW(    0): fill_default_txdesc(wlan0): SP Packet(0x0806) rate=0x4 SeqNum = 1364
06-12 15:29:06.831 F/linker  (16506): CANNOT LINK EXECUTABLE "/system/bin/smartcable/smartCableSTBApp": library "libmosquitto.so" not found: needed by main executable
06-12 15:29:10.196 W/[ 2425.551264@0]  RTW(    0): fill_default_txdesc(wlan0): SP Packet(0x0806) rate=0x4 SeqNum = 1768
06-12 15:29:11.841 F/linker  (16556): CANNOT LINK EXECUTABLE "/system/bin/smartcable/smartCableSTBApp": library "libmosquitto.so" not found: needed by main executable
06-12 15:29:15.304 W/[ 2430.657626@1]  RTW(    0): fill_default_txdesc(wlan0): SP Packet(0x0806) rate=0x4 SeqNum = 2221
06-12 15:29:16.840 F/linker  (16634): CANNOT LINK EXECUTABLE "/system/bin/smartcable/smartCableSTBApp": library "libmosquitto.so" not found: needed by main executable
06-12 15:29:18.403 W/[ 2433.756753@3]  RTW(    0): fill_default_txdesc(wlan0): SP Packet(0x0806) rate=0x4 SeqNum = 2531
06-12 15:29:20.414 W/[ 2435.767545@0]  RTW(    0): fill_default_txdesc(wlan0): SP Packet(0x0806) rate=0x4 SeqNum = 2694
06-12 15:29:21.847 F/linker  (16685): CANNOT LINK EXECUTABLE "/system/bin/smartcable/smartCableSTBApp": library "libmosquitto.so" not found: needed by main executable
06-12 15:29:25.535 W/[ 2440.889574@0]  RTW(    0): fill_default_txdesc(wlan0): SP Packet(0x0806) rate=0x4 SeqNum = 3192
06-12 15:29:26.850 F/linker  (16753): CANNOT LINK EXECUTABLE "/system/bin/smartcable/smartCableSTBApp": library "libmosquitto.so" not found: needed by main executable
06-12 15:29:30.620 W/[ 2445.975432@2]  RTW(    0): fill_default_txdesc(wlan0): SP Packet(0x0806) rate=0x4 SeqNum = 3691
06-12 15:29:31.860 F/linker  (16772): CANNOT LINK EXECUTABLE "/system/bin/smartcable/smartCableSTBApp": library "libmosquitto.so" not found: needed by main executable
06-12 15:29:35.763 W/[ 2451.118679@0]  RTW(    0): fill_default_txdesc(wlan0): SP Packet(0x0806) rate=0x4 SeqNum = 54
06-12 15:29:36.835 W/[ 2452.188712@0]  RTW(    0): fill_default_txdesc(wlan0): SP Packet(0x0806) rate=0x4 SeqNum = 147
06-12 15:29:36.863 F/linker  (16782): CANNOT LINK EXECUTABLE "/system/bin/smartcable/smartCableSTBApp": library "libmosquitto.so" not found: needed by main executable
06-12 15:29:39.827 W/[ 2455.181303@1]  audit(    0): audit_lost=2673 audit_rate_limit=5 audit_backlog_limit=64
06-12 15:29:39.828 E/[ 2455.181314@1]  audit(    0): rate limit exceeded
06-12 15:29:40.904 W/[ 2456.258513@2]  RTW(    0): fill_default_txdesc(wlan0): SP Packet(0x0806) rate=0x4 SeqNum = 561
06-12 15:29:41.873 F/linker  (16796): CANNOT LINK EXECUTABLE "/system/bin/smartcable/smartCableSTBApp": library "libmosquitto.so" not found: needed by main executable
06-12 15:29:46.003 W/[ 2461.360153@2]  RTW(    0): fill_default_txdesc(wlan0): SP Packet(0x0806) rate=0x4 SeqNum = 1003
06-12 15:29:46.876 F/linker  (16806): CANNOT LINK EXECUTABLE "/system/bin/smartcable/smartCableSTBApp": library "libmosquitto.so" not found: needed by main executable
06-12 15:29:51.143 W/[ 2466.497885@3]  RTW(    0): fill_default_txdesc(wlan0): SP Packet(0x0806) rate=0x4 SeqNum = 1491
06-12 15:29:51.886 F/linker  (16820): CANNOT LINK EXECUTABLE "/system/bin/smartcable/smartCableSTBApp": library "libmosquitto.so" not found: needed by main executable
06-12 15:29:55.255 W/[ 2470.610679@0]  RTW(    0): fill_default_txdesc(wlan0): SP Packet(0x0806) rate=0x4 SeqNum = 1828
06-12 15:29:56.889 F/linker  (16830): CANNOT LINK EXECUTABLE "/system/bin/smartcable/smartCableSTBApp": library "libmosquitto.so" not found: needed by main executable
06-12 15:30:00.383 W/[ 2475.739570@2]  RTW(    0): fill_default_txdesc(wlan0): SP Packet(0x0806) rate=0x4 SeqNum = 2313
06-12 15:30:01.893 F/linker  (16849): CANNOT LINK EXECUTABLE "/system/bin/smartcable/smartCableSTBApp": library "libmosquitto.so" not found: needed by main executable
06-12 15:30:05.504 W/[ 2480.857876@3]  RTW(    0): fill_default_txdesc(wlan0): SP Packet(0x0806) rate=0x4 SeqNum = 2811
06-12 15:30:06.899 F/linker  (16860): CANNOT LINK EXECUTABLE "/system/bin/smartcable/smartCableSTBApp": library "libmosquitto.so" not found: needed by main executable
06-12 15:30:10.624 W/[ 2485.979178@1]  RTW(    0): fill_default_txdesc(wlan0): SP Packet(0x0806) rate=0x4 SeqNum = 3276
06-12 15:30:11.910 F/linker  (16870): CANNOT LINK EXECUTABLE "/system/bin/smartcable/smartCableSTBApp": library "libmosquitto.so" not found: needed by main executable
06-12 15:30:15.759 W/[ 2491.113477@0]  RTW(    0): fill_default_txdesc(wlan0): SP Packet(0x0806) rate=0x4 SeqNum = 3688
06-12 15:30:16.920 F/linker  (16884): CANNOT LINK EXECUTABLE "/system/bin/smartcable/smartCableSTBApp": library "libmosquitto.so" not found: needed by main executable
06-12 15:30:19.587 W/[ 2494.940711@0]  RTW(    0): fill_default_txdesc(wlan0): SP Packet(0x0806) rate=0x4 SeqNum = 4006
06-12 15:30:20.876 W/[ 2496.229034@1]  RTW(    0): fill_default_txdesc(wlan0): SP Packet(0x0806) rate=0x4 SeqNum = 26
06-12 15:30:21.926 F/linker  (16895): CANNOT LINK EXECUTABLE "/system/bin/smartcable/smartCableSTBApp": library "libmosquitto.so" not found: needed by main executable
06-12 15:30:25.228 W/[ 2500.584192@1]  RTW(    0): fill_default_txdesc(wlan0): SP Packet(0x0806) rate=0x4 SeqNum = 417
06-12 15:30:26.930 F/linker  (16914): CANNOT LINK EXECUTABLE "/system/bin/smartcable/smartCableSTBApp": library "libmosquitto.so" not found: needed by main executable
06-12 15:30:30.151 W/[ 2505.505085@2]  RTW(    0): fill_default_txdesc(wlan0): SP Packet(0x0806) rate=0x4 SeqNum = 842
06-12 15:30:31.939 F/linker  (16926): CANNOT LINK EXECUTABLE "/system/bin/smartcable/smartCableSTBApp": library "libmosquitto.so" not found: needed by main executable
06-12 15:30:35.215 W/[ 2510.568861@1]  RTW(    0): fill_default_txdesc(wlan0): SP Packet(0x0806) rate=0x4 SeqNum = 1327
06-12 15:30:36.942 F/linker  (16941): CANNOT LINK EXECUTABLE "/system/bin/smartcable/smartCableSTBApp": library "libmosquitto.so" not found: needed by main executable
06-12 15:30:39.834 W/[ 2515.186928@3]  audit(    0): audit_lost=2676 audit_rate_limit=5 audit_backlog_limit=64
06-12 15:30:39.834 E/[ 2515.186945@3]  audit(    0): rate limit exceeded
06-12 15:30:40.351 W/[ 2515.704667@1]  RTW(    0): fill_default_txdesc(wlan0): SP Packet(0x0806) rate=0x4 SeqNum = 1821
06-12 15:30:41.954 F/linker  (16951): CANNOT LINK EXECUTABLE "/system/bin/smartcable/smartCableSTBApp": library "libmosquitto.so" not found: needed by main executable
06-12 15:30:45.444 W/[ 2520.797299@2]  RTW(    0): fill_default_txdesc(wlan0): SP Packet(0x0806) rate=0x4 SeqNum = 2288
06-12 15:30:46.958 F/linker  (16965): CANNOT LINK EXECUTABLE "/system/bin/smartcable/smartCableSTBApp": library "libmosquitto.so" not found: needed by main executable
06-12 15:30:50.544 W/[ 2525.898143@0]  RTW(    0): fill_default_txdesc(wlan0): SP Packet(0x0806) rate=0x4 SeqNum = 2701
06-12 15:30:51.960 F/linker  (16975): CANNOT LINK EXECUTABLE "/system/bin/smartcable/smartCableSTBApp": library "libmosquitto.so" not found: needed by main executable
06-12 15:30:55.691 W/[ 2531.048153@0]  RTW(    0): fill_default_txdesc(wlan0): SP Packet(0x0806) rate=0x4 SeqNum = 3192
06-12 15:30:56.970 F/linker  (16989): CANNOT LINK EXECUTABLE "/system/bin/smartcable/smartCableSTBApp": library "libmosquitto.so" not found: needed by main executable
06-12 15:30:57.587 W/[ 2532.943337@2]  audit(    0): audit_lost=2679 audit_rate_limit=5 audit_backlog_limit=64
06-12 15:30:57.587 E/[ 2532.943345@2]  audit(    0): rate limit exceeded
06-12 15:30:58.663 W/[ 2534.020415@2]  audit(    0): audit_lost=2797 audit_rate_limit=5 audit_backlog_limit=64
06-12 15:30:58.664 E/[ 2534.020425@2]  audit(    0): rate limit exceeded
06-12 15:31:00.803 W/[ 2536.160405@3]  RTW(    0): fill_default_txdesc(wlan0): SP Packet(0x0806) rate=0x4 SeqNum = 3728
06-12 15:31:01.061 W/[ 2536.416698@3]  RTW(    0): fill_default_txdesc(wlan0): SP Packet(0x0806) rate=0x4 SeqNum = 3798
06-12 15:31:01.079 W/[ 2536.434407@3]  RTW(    0): fill_default_txdesc(wlan0): SP Packet(0x0806) rate=0x4 SeqNum = 3809
06-12 15:31:01.968 F/linker  (17001): CANNOT LINK EXECUTABLE "/system/bin/smartcable/smartCableSTBApp": library "libmosquitto.so" not found: needed by main executable
06-12 15:31:05.912 W/[ 2541.267732@3]  RTW(    0): fill_default_txdesc(wlan0): SP Packet(0x0806) rate=0x4 SeqNum = 188
06-12 15:31:06.948 W/[ 2542.300751@3]  RTW(    0): fill_default_txdesc(wlan0): SP Packet(0x0806) rate=0x4 SeqNum = 296
06-12 15:31:06.952 W/[ 2542.305566@3]  RTW(    0): fill_default_txdesc(wlan0): SP Packet(0x0806) rate=0x4 SeqNum = 297
06-12 15:31:06.975 F/linker  (17014): CANNOT LINK EXECUTABLE "/system/bin/smartcable/smartCableSTBApp": library "libmosquitto.so" not found: needed by main executable
06-12 15:31:11.036 W/[ 2546.391054@0]  RTW(    0): fill_default_txdesc(wlan0): SP Packet(0x0806) rate=0x4 SeqNum = 639
06-12 15:31:11.978 F/linker  (17028): CANNOT LINK EXECUTABLE "/system/bin/smartcable/smartCableSTBApp": library "libmosquitto.so" not found: needed by main executable
06-12 15:31:15.924 W/[ 2551.280552@2]  RTW(    0): fill_default_txdesc(wlan0): SP Packet(0x0806) rate=0x4 SeqNum = 1121
06-12 15:31:16.048 W/[ 2551.401058@3]  RTW(    0): cfg80211_rtw_scan(wlan0)
06-12 15:31:16.054 W/[ 2551.401079@3]  RTW(    0): cfg80211_rtw_scan (wlan0) tx:106, rx:56, bi:162 kbps, disallow(0)
06-12 15:31:16.054 W/[ 2551.405680@0]  RTW(    0): [HW_VAR_CHECK_TXBUF] Empty in 0 ms
06-12 15:31:16.054 W/[ 2551.405772@0]  RTW(    0): wlan0 sleep m0=0x00000003, ori reg_0x4d4=0x00000000
06-12 15:31:16.981 F/linker  (17049): CANNOT LINK EXECUTABLE "/system/bin/smartcable/smartCableSTBApp": library "libmosquitto.so" not found: needed by main executable
06-12 15:31:17.068 W/[ 2552.421145@2]  RTW(    0): LeaveAllPowerSaveModeDirect.....
06-12 15:31:17.068 W/[ 2552.421166@2]  RTW(    0): LeaveAllPowerSaveModeDirect: Driver Already Leave LPS
06-12 15:31:17.068 W/[ 2552.421182@2]  RTW(    0): rtw_hal_set_macaddr_port wlan0- hw port(0) mac_addr =a8:71:16:66:28:c6
06-12 15:31:17.068 W/[ 2552.421495@2]  RTW(    0): wlan0- hw port(0) mac_addr =a8:71:16:66:28:c6
06-12 15:31:17.068 W/[ 2552.421628@2]  RTW(    0): p2p0- hw port(1) mac_addr =aa:71:16:66:28:c6
06-12 15:31:17.075 W/[ 2552.431828@0]  RTW(    0): wlan0 wakeup m0=0x00000003, ori reg_0x4d4=0x00000003
06-12 15:31:17.079 W/[ 2552.432772@2]  RTW(    0): survey done event(54) band:0 for wlan0
06-12 15:31:17.080 W/        (    0): [ 2552.432799@2]  ========== ACS (VER-3) ==========
06-12 15:31:17.080 W/        (    0): [ 2552.432807@2]  Best 24G Channel:1
06-12 15:31:17.080 W/        (    0): [ 2552.432814@2]  Best 5G Channel:52
06-12 15:31:17.080 W/        (    0): [ 2552.432814@2]
06-12 15:31:17.080 W/[ 2552.433048@2]  RTW(    0): rtw_indicate_scan_done(wlan0)
06-12 15:31:20.223 W/[ 2555.579759@2]  RTW(    0): fill_default_txdesc(wlan0): SP Packet(0x0806) rate=0x4 SeqNum = 1471
06-12 15:31:20.516 W/[ 2555.868807@3]  RTW(    0): fill_default_txdesc(wlan0): SP Packet(0x0806) rate=0x4 SeqNum = 1496
06-12 15:31:21.988 F/linker  (17063): CANNOT LINK EXECUTABLE "/system/bin/smartcable/smartCableSTBApp": library "libmosquitto.so" not found: needed by main executable
06-12 15:31:25.311 W/[ 2560.667954@1]  RTW(    0): fill_default_txdesc(wlan0): SP Packet(0x0806) rate=0x4 SeqNum = 1929
06-12 15:31:26.995 F/linker  (17079): CANNOT LINK EXECUTABLE "/system/bin/smartcable/smartCableSTBApp": library "libmosquitto.so" not found: needed by main executable
06-12 15:31:30.484 W/[ 2565.837773@2]  RTW(    0): fill_default_txdesc(wlan0): SP Packet(0x0806) rate=0x4 SeqNum = 2449
06-12 15:31:31.998 F/linker  (17093): CANNOT LINK EXECUTABLE "/system/bin/smartcable/smartCableSTBApp": library "libmosquitto.so" not found: needed by main executable
06-12 15:31:35.604 W/[ 2570.960058@0]  RTW(    0): fill_default_txdesc(wlan0): SP Packet(0x0806) rate=0x4 SeqNum = 2936
06-12 15:31:37.004 F/linker  (17107): CANNOT LINK EXECUTABLE "/system/bin/smartcable/smartCableSTBApp": library "libmosquitto.so" not found: needed by main executable
06-12 15:31:40.071 W/[ 2575.426820@2]  audit(    0): audit_lost=2804 audit_rate_limit=5 audit_backlog_limit=64
06-12 15:31:40.072 E/[ 2575.426830@2]  audit(    0): rate limit exceeded
06-12 15:31:40.743 W/[ 2576.099147@0]  RTW(    0): fill_default_txdesc(wlan0): SP Packet(0x0806) rate=0x4 SeqNum = 3515
06-12 15:31:42.012 F/linker  (17121): CANNOT LINK EXECUTABLE "/system/bin/smartcable/smartCableSTBApp": library "libmosquitto.so" not found: needed by main executable
06-12 15:31:44.324 W/[ 2579.676796@1]  RTW(    0): fill_default_txdesc(wlan0): SP Packet(0x0806) rate=0x4 SeqNum = 3877
06-12 15:31:44.324 W/[ 2579.676829@1]  RTW(    0): fill_default_txdesc(wlan0): SP Packet(0x0806) rate=0x4 SeqNum = 3876
06-12 15:31:44.328 W/[ 2579.682671@1]  RTW(    0): fill_default_txdesc(wlan0): SP Packet(0x0806) rate=0x4 SeqNum = 3879
06-12 15:31:44.343 W/[ 2579.698570@1]  RTW(    0): fill_default_txdesc(wlan0): SP Packet(0x0806) rate=0x4 SeqNum = 3889
06-12 15:31:45.851 W/[ 2581.208326@0]  RTW(    0): fill_default_txdesc(wlan0): SP Packet(0x0806) rate=0x4 SeqNum = 3975
06-12 15:31:47.014 F/linker  (17133): CANNOT LINK EXECUTABLE "/system/bin/smartcable/smartCableSTBApp": library "libmosquitto.so" not found: needed by main executable
06-12 15:31:51.003 W/[ 2586.358184@0]  RTW(    0): fill_default_txdesc(wlan0): SP Packet(0x0806) rate=0x4 SeqNum = 666
06-12 15:31:52.018 F/linker  (17158): CANNOT LINK EXECUTABLE "/system/bin/smartcable/smartCableSTBApp": library "libmosquitto.so" not found: needed by main executable
06-12 15:31:55.847 W/[ 2591.200798@0]  RTW(    0): fill_default_txdesc(wlan0): SP Packet(0x0806) rate=0x4 SeqNum = 1300
06-12 15:31:55.856 W/[ 2591.210125@1]  RTW(    0): fill_default_txdesc(wlan0): SP Packet(0x0806) rate=0x4 SeqNum = 1307
06-12 15:31:57.021 F/linker  (17173): CANNOT LINK EXECUTABLE "/system/bin/smartcable/smartCableSTBApp": library "libmosquitto.so" not found: needed by main executable
06-12 15:32:00.252 W/[ 2595.608534@2]  RTW(    0): fill_default_txdesc(wlan0): SP Packet(0x0806) rate=0x4 SeqNum = 1872
06-12 15:32:02.026 F/linker  (17196): CANNOT LINK EXECUTABLE "/system/bin/smartcable/smartCableSTBApp": library "libmosquitto.so" not found: needed by main executable
06-12 15:32:05.323 W/[ 2600.677272@3]  RTW(    0): fill_default_txdesc(wlan0): SP Packet(0x0806) rate=0x4 SeqNum = 2512
06-12 15:32:07.037 F/linker  (17213): CANNOT LINK EXECUTABLE "/system/bin/smartcable/smartCableSTBApp": library "libmosquitto.so" not found: needed by main executable
06-12 15:32:10.524 W/[ 2605.879770@3]  RTW(    0): fill_default_txdesc(wlan0): SP Packet(0x0806) rate=0x4 SeqNum = 3048
06-12 15:32:12.041 F/linker  (17223): CANNOT LINK EXECUTABLE "/system/bin/smartcable/smartCableSTBApp": library "libmosquitto.so" not found: needed by main executable
06-12 15:32:15.623 W/[ 2610.978171@1]  RTW(    0): fill_default_txdesc(wlan0): SP Packet(0x0806) rate=0x4 SeqNum = 3542
06-12 15:32:17.049 F/linker  (17238): CANNOT LINK EXECUTABLE "/system/bin/smartcable/smartCableSTBApp": library "libmosquitto.so" not found: needed by main executable
06-12 15:32:17.700 W/[ 2613.052752@3]  RTW(    0): Turbo EDCA =0xa42b
06-12 15:32:18.023 E/[ 2613.378082@2]  selinux(    0): SELinux:  Could not stat /sys/kernel/dmabuf/buffers/590042/attachments: No such file or directory.
06-12 15:32:18.024 E/[ 2613.378098@2]  selinux(    0):  
06-12 15:32:19.716 W/[ 2615.068787@3]  RTW(    0): Turbo EDCA =0x5ea42b
06-12 15:32:20.703 W/[ 2616.059855@3]  RTW(    0): fill_default_txdesc(wlan0): SP Packet(0x0806) rate=0x4 SeqNum = 487
06-12 15:32:21.699 W/[ 2617.052737@0]  RTW(    0): fill_default_txdesc(wlan0): SP Packet(0x0806) rate=0x4 SeqNum = 631
06-12 15:32:22.047 F/linker  (17249): CANNOT LINK EXECUTABLE "/system/bin/smartcable/smartCableSTBApp": library "libmosquitto.so" not found: needed by main executable
06-12 15:32:25.762 W/[ 2621.116841@1]  RTW(    0): Turbo EDCA =0xa42b
06-12 15:32:25.791 W/[ 2621.147781@0]  RTW(    0): fill_default_txdesc(wlan0): SP Packet(0x0806) rate=0x4 SeqNum = 1085
06-12 15:32:27.051 F/linker  (17269): CANNOT LINK EXECUTABLE "/system/bin/smartcable/smartCableSTBApp": library "libmosquitto.so" not found: needed by main executable
06-12 15:32:27.780 W/[ 2623.132845@1]  RTW(    0): Turbo EDCA =0x5ea42b
06-12 15:32:30.891 W/[ 2626.248227@1]  RTW(    0): fill_default_txdesc(wlan0): SP Packet(0x0806) rate=0x4 SeqNum = 1603
06-12 15:32:32.059 F/linker  (17279): CANNOT LINK EXECUTABLE "/system/bin/smartcable/smartCableSTBApp": library "libmosquitto.so" not found: needed by main executable
06-12 15:32:35.844 W/[ 2631.196941@3]  RTW(    0): Turbo EDCA =0xa42b
06-12 15:32:35.991 W/[ 2631.347832@1]  RTW(    0): fill_default_txdesc(wlan0): SP Packet(0x0806) rate=0x4 SeqNum = 2341
06-12 15:32:37.067 F/linker  (17297): CANNOT LINK EXECUTABLE "/system/bin/smartcable/smartCableSTBApp": library "libmosquitto.so" not found: needed by main executable
06-12 15:32:37.864 W/[ 2633.217330@2]  RTW(    0): Turbo EDCA =0x5ea42b
06-12 15:32:40.079 W/[ 2635.434032@3]  audit(    0): audit_lost=2808 audit_rate_limit=5 audit_backlog_limit=64
06-12 15:32:40.079 E/[ 2635.434043@3]  audit(    0): rate limit exceeded
06-12 15:32:41.144 W/[ 2636.498070@0]  RTW(    0): fill_default_txdesc(wlan0): SP Packet(0x0806) rate=0x4 SeqNum = 2937
06-12 15:32:42.071 F/linker  (17307): CANNOT LINK EXECUTABLE "/system/bin/smartcable/smartCableSTBApp": library "libmosquitto.so" not found: needed by main executable
06-12 15:32:43.907 W/[ 2639.260807@0]  RTW(    0): Turbo EDCA =0xa42b
06-12 15:32:45.263 W/[ 2640.620287@0]  RTW(    0): fill_default_txdesc(wlan0): SP Packet(0x0806) rate=0x4 SeqNum = 3379
06-12 15:32:45.923 W/[ 2641.276803@1]  RTW(    0): Turbo EDCA =0x5ea42b
06-12 15:32:47.080 F/linker  (17317): CANNOT LINK EXECUTABLE "/system/bin/smartcable/smartCableSTBApp": library "libmosquitto.so" not found: needed by main executable
06-12 15:32:47.939 W/[ 2643.293257@0]  RTW(    0): Turbo EDCA =0xa42b
06-12 15:32:49.956 W/[ 2645.312843@2]  RTW(    0): Turbo EDCA =0x5ea42b
06-12 15:32:50.403 W/[ 2645.759940@2]  RTW(    0): fill_default_txdesc(wlan0): SP Packet(0x0806) rate=0x4 SeqNum = 3928
06-12 15:32:51.971 W/[ 2647.324953@3]  RTW(    0): Turbo EDCA =0xa42b
06-12 15:32:52.088 F/linker  (17331): CANNOT LINK EXECUTABLE "/system/bin/smartcable/smartCableSTBApp": library "libmosquitto.so" not found: needed by main executable
06-12 15:32:53.987 W/[ 2649.340757@0]  RTW(    0): Turbo EDCA =0x5ea42b
06-12 15:32:55.503 W/[ 2650.858319@1]  RTW(    0): fill_default_txdesc(wlan0): SP Packet(0x0806) rate=0x4 SeqNum = 459
06-12 15:32:56.003 W/[ 2651.356793@2]  RTW(    0): Turbo EDCA =0xa42b
06-12 15:32:57.094 F/linker  (17341): CANNOT LINK EXECUTABLE "/system/bin/smartcable/smartCableSTBApp": library "libmosquitto.so" not found: needed by main executable
06-12 15:32:57.660 W/[ 2653.015260@2]  audit(    0): audit_lost=2810 audit_rate_limit=5 audit_backlog_limit=64
06-12 15:32:57.660 E/[ 2653.015268@2]  audit(    0): rate limit exceeded
06-12 15:32:58.021 W/[ 2653.372790@0]  RTW(    0): Turbo EDCA =0x5ea42b
06-12 15:32:58.852 W/[ 2654.208445@2]  audit(    0): audit_lost=2928 audit_rate_limit=5 audit_backlog_limit=64
06-12 15:32:58.852 E/[ 2654.208455@2]  audit(    0): rate limit exceeded
06-12 15:33:00.037 W/[ 2655.390691@0]  RTW(    0): Turbo EDCA =0xa42b
06-12 15:33:00.632 W/[ 2655.988090@3]  RTW(    0): fill_default_txdesc(wlan0): SP Packet(0x0806) rate=0x4 SeqNum = 1090
06-12 15:33:00.868 W/[ 2656.220837@3]  RTW(    0): fill_default_txdesc(wlan0): SP Packet(0x0806) rate=0x4 SeqNum = 1110
06-12 15:33:02.055 W/[ 2657.408845@0]  RTW(    0): Turbo EDCA =0x5ea42b
06-12 15:33:02.101 F/linker  (17357): CANNOT LINK EXECUTABLE "/system/bin/smartcable/smartCableSTBApp": library "libmosquitto.so" not found: needed by main executable
06-12 15:33:04.068 W/[ 2659.420794@3]  RTW(    0): Turbo EDCA =0xa42b
06-12 15:33:05.738 W/[ 2661.091650@3]  RTW(    0): fill_default_txdesc(wlan0): SP Packet(0x0806) rate=0x4 SeqNum = 1729
06-12 15:33:06.084 W/[ 2661.436752@2]  RTW(    0): Turbo EDCA =0x5ea42b
06-12 15:33:07.102 F/linker  (17381): CANNOT LINK EXECUTABLE "/system/bin/smartcable/smartCableSTBApp": library "libmosquitto.so" not found: needed by main executable
06-12 15:33:08.099 W/[ 2663.452762@3]  RTW(    0): Turbo EDCA =0xa42b
06-12 15:33:10.115 W/[ 2665.468789@0]  RTW(    0): Turbo EDCA =0x5ea42b
06-12 15:33:10.852 W/[ 2666.207767@0]  RTW(    0): fill_default_txdesc(wlan0): SP Packet(0x0806) rate=0x4 SeqNum = 2404
06-12 15:33:12.109 F/linker  (17436): CANNOT LINK EXECUTABLE "/system/bin/smartcable/smartCableSTBApp": library "libmosquitto.so" not found: needed by main executable
06-12 15:33:12.131 W/[ 2667.484846@0]  RTW(    0): Turbo EDCA =0xa42b
06-12 15:33:14.147 W/[ 2669.500780@1]  RTW(    0): Turbo EDCA =0x5ea42b
06-12 15:33:15.979 W/[ 2671.335107@3]  RTW(    0): fill_default_txdesc(wlan0): SP Packet(0x0806) rate=0x4 SeqNum = 3048
06-12 15:33:16.163 W/[ 2671.516865@3]  RTW(    0): Turbo EDCA =0xa42b
06-12 15:33:17.112 F/linker  (17486): CANNOT LINK EXECUTABLE "/system/bin/smartcable/smartCableSTBApp": library "libmosquitto.so" not found: needed by main executable
06-12 15:33:18.179 W/[ 2673.532781@0]  RTW(    0): Turbo EDCA =0x5ea42b
06-12 15:33:20.195 W/[ 2675.548807@3]  RTW(    0): Turbo EDCA =0xa42b
06-12 15:33:21.083 W/[ 2676.438324@0]  RTW(    0): fill_default_txdesc(wlan0): SP Packet(0x0806) rate=0x4 SeqNum = 3642
06-12 15:33:22.116 F/linker  (17561): CANNOT LINK EXECUTABLE "/system/bin/smartcable/smartCableSTBApp": library "libmosquitto.so" not found: needed by main executable
06-12 15:33:22.211 W/[ 2677.564783@2]  RTW(    0): Turbo EDCA =0x5ea42b
06-12 15:33:24.226 W/[ 2679.580801@0]  RTW(    0): Turbo EDCA =0xa42b
06-12 15:33:25.163 W/[ 2680.517533@1]  RTW(    0): fill_default_txdesc(wlan0): SP Packet(0x0806) rate=0x4 SeqNum = 46
06-12 15:33:25.700 W/[ 2681.052724@2]  RTW(    0): fill_default_txdesc(wlan0): SP Packet(0x0806) rate=0x4 SeqNum = 103
06-12 15:33:26.243 W/[ 2681.596788@2]  RTW(    0): Turbo EDCA =0x5ea42b
06-12 15:33:27.121 F/linker  (17611): CANNOT LINK EXECUTABLE "/system/bin/smartcable/smartCableSTBApp": library "libmosquitto.so" not found: needed by main executable
06-12 15:33:28.259 W/[ 2683.612782@0]  RTW(    0): Turbo EDCA =0xa42b
06-12 15:33:30.278 W/[ 2685.632827@2]  RTW(    0): Turbo EDCA =0x5ea42b
06-12 15:33:30.288 W/[ 2685.641446@0]  RTW(    0): fill_default_txdesc(wlan0): SP Packet(0x0806) rate=0x4 SeqNum = 668
06-12 15:33:32.124 F/linker  (17641): CANNOT LINK EXECUTABLE "/system/bin/smartcable/smartCableSTBApp": library "libmosquitto.so" not found: needed by main executable
06-12 15:33:32.291 W/[ 2687.644788@1]  RTW(    0): Turbo EDCA =0xa42b
06-12 15:33:34.307 W/[ 2689.660812@2]  RTW(    0): Turbo EDCA =0x5ea42b
06-12 15:33:35.383 W/[ 2690.737625@2]  RTW(    0): fill_default_txdesc(wlan0): SP Packet(0x0806) rate=0x4 SeqNum = 1323
06-12 15:33:36.323 W/[ 2691.676864@0]  RTW(    0): Turbo EDCA =0xa42b
06-12 15:33:37.132 F/linker  (17655): CANNOT LINK EXECUTABLE "/system/bin/smartcable/smartCableSTBApp": library "libmosquitto.so" not found: needed by main executable
06-12 15:33:38.339 W/[ 2693.693048@3]  RTW(    0): Turbo EDCA =0x5ea42b
06-12 15:33:39.839 W/[ 2695.195199@1]  audit(    0): audit_lost=2939 audit_rate_limit=5 audit_backlog_limit=64
06-12 15:33:39.840 E/[ 2695.195212@1]  audit(    0): rate limit exceeded
06-12 15:33:40.312 W/[ 2695.666673@0]  RTW(    0): fill_default_txdesc(wlan0): SP Packet(0x0806) rate=0x4 SeqNum = 1973
06-12 15:33:40.355 W/[ 2695.708792@1]  RTW(    0): Turbo EDCA =0xa42b
06-12 15:33:42.135 F/linker  (17668): CANNOT LINK EXECUTABLE "/system/bin/smartcable/smartCableSTBApp": library "libmosquitto.so" not found: needed by main executable
06-12 15:33:42.371 W/[ 2697.724794@1]  RTW(    0): Turbo EDCA =0x5ea42b
06-12 15:33:43.888 I/[ 2699.244107@2]  [amlv4l](    0): [27]: reset mode: 1, es frames buffering: 16
06-12 15:33:43.888 D/[ 2699.244232@2]  [h265](    0): [0]h265:pts_unstable=0
06-12 15:33:43.888 D/[ 2699.244238@2]  [h265](    0): [0]h265: ver (201602101,0) decinfo: 0x0 rate=4000
06-12 15:33:43.896 I/[ 2699.251075@2]  [amlv4l](    0): [27]: reset mode: 1, es frames buffering: 0
06-12 15:33:43.896 D/[ 2699.251149@2]  [h265](    0): [0]h265:pts_unstable=0
06-12 15:33:43.896 D/[ 2699.251155@2]  [h265](    0): [0]h265: ver (201602101,0) decinfo: 0x0 rate=4000
06-12 15:33:43.937 I/[ 2699.268776@3]  vc(    0): [0]vc: set enable index=0, val=0
06-12 15:33:43.937 I/[ 2699.268804@3]  VID(    0): store VD0 path_id changed 2->-1
06-12 15:33:43.937 I/        (    0): [ 2699.268808@3]  dev->index =0, val=1
06-12 15:33:43.937 I/[ 2699.268811@3]  VID(    0): VD1 off
06-12 15:33:43.939 I/[ 2699.268817@3]  VID(    0): VD1 set global output as 0
06-12 15:33:43.939 I/        (    0): [ 2699.268837@3]  common_vf_unreg_provider video_render.0: vd1 used: true, vd2 used: false, vd3 used: false, black_out:0, cur_buf:000000000d37ac90
06-12 15:33:44.012 I/[ 2699.366964@2]  [amlv4l](    0): [27]: reset mode: 1, es frames buffering: 0
06-12 15:33:44.012 D/[ 2699.367035@2]  [h265](    0): [0]h265:pts_unstable=0
06-12 15:33:44.012 D/[ 2699.367041@2]  [h265](    0): [0]h265: ver (201602101,0) decinfo: 0x0 rate=4000
06-12 15:33:44.024 D/[ 2699.377196@2]  [amlcom](    0): vdec_release instance 00000000f77e6e26, total 1
06-12 15:33:44.024 D/[ 2699.377258@2]  [media_clock](    0): the clk_hevcf_mux   clock off, ref cnt: 0
06-12 15:33:44.024 D/[ 2699.377266@2]  [media_clock](    0): the clk_hevcb_mux   clock off, ref cnt: 0
06-12 15:33:44.044 I/[ 2699.396676@2]  dim(    0): unreg:2keep[0], msk:[0x0,0x0]
06-12 15:33:44.051 I/[ 2699.406762@2]  vpu(    0): vpu: vpu_dev_clk_gate_off: unsupport vpu mod: 72
06-12 15:33:44.051 I/[ 2699.406832@2]  dim(    0): unreg:use[29]ms
06-12 15:33:44.051 I/[ 2699.406837@2]  dim(    0): di_destroy_instance:ch[2]:end
06-12 15:33:44.214 I/[ 2699.418263@2]  resman(    0): 49 release [decoder]
06-12 15:33:44.214 I/[ 2699.418274@2]  resman(    0): 49 release [codec_mm]
06-12 15:33:44.214 E/        (    0): [ 2699.419754@2]  disalbe fastplay
06-12 15:33:44.301 E/[ 2699.436304@2]  Warn(    0): TVP pool will release later.
06-12 15:33:44.301 I/        (    0): [ 2699.436315@2]  tvp_user_count is 0
06-12 15:33:44.301 I/[ 2699.436319@2]  resman(    0): 51 release [tvp]
06-12 15:33:44.301 E/[ 2699.443541@0]  Warn(    0): TVP pool will release later.
06-12 15:33:44.301 E/[ 2699.443730@0]  Warn(    0): TVP pool will release later.
06-12 15:33:44.301 E/[ 2699.525549@3]  Warn(    0): TVP pool will release later.
06-12 15:33:44.301 E/[ 2699.525567@3]  Warn(    0): TVP pool will release later.
06-12 15:33:44.301 E/[ 2699.632746@2]  Warn(    0): TVP pool will release later.
06-12 15:33:44.301 E/[ 2699.633147@2]  Warn(    0): TVP pool will release later.
06-12 15:33:44.388 W/[ 2699.741057@0]  RTW(    0): Turbo EDCA =0xa42b
06-12 15:33:44.868 I/        (    0): [ 2700.222297@1]  EXT4-fs (mmcblk0p17): re-mounted. Opts: (null)
06-12 15:33:45.415 W/[ 2700.771944@0]  RTW(    0): fill_default_txdesc(wlan0): SP Packet(0x0806) rate=0x4 SeqNum = 2527
06-12 15:33:45.652 D/[ 2701.007705@1]  logd(    0): logdr: UID=0 GID=0 PID=17740 b tail=0 logMask=99 pid=0 start=0ns timeout=0ns
06-12 15:33:46.285 I/[ 2701.632793@2]  binder(    0): 16310:16338 transaction failed 29189/-22, size 616-0 line 2705
06-12 15:33:46.291 E/AndroidRuntime(16310): FATAL EXCEPTION: Instr: androidx.test.runner.AndroidJUnitRunner
06-12 15:33:46.291 E/AndroidRuntime(16310): Process: io.appium.uiautomator2.server, PID: 16310
06-12 15:33:46.291 E/AndroidRuntime(16310): java.lang.IllegalStateException: UiAutomation not connected, UiAutomation@30745d0[id=-1, flags=0]
06-12 15:33:46.291 E/AndroidRuntime(16310): 	at android.app.UiAutomation.throwIfNotConnectedLocked(UiAutomation.java:1239)
06-12 15:33:46.291 E/AndroidRuntime(16310): 	at android.app.UiAutomation.disconnect(UiAutomation.java:296)
06-12 15:33:46.291 E/AndroidRuntime(16310): 	at android.app.Instrumentation.finish(Instrumentation.java:249)
06-12 15:33:46.291 E/AndroidRuntime(16310): 	at androidx.test.runner.MonitoringInstrumentation.finish(MonitoringInstrumentation.java:409)
06-12 15:33:46.291 E/AndroidRuntime(16310): 	at androidx.test.runner.AndroidJUnitRunner.onStart(AndroidJUnitRunner.java:474)
06-12 15:33:46.291 E/AndroidRuntime(16310): 	at android.app.Instrumentation$InstrumentationThread.run(Instrumentation.java:2205)
