--------- beginning of kernel
06-12 16:25:32.639 W/[ 5807.995235@2]  RTW(    0): fill_default_txdesc(wlan0): SP Packet(0x0806) rate=0x4 SeqNum = 3012
06-12 16:25:32.772 D/[ 5808.128382@1]  logd(    0): logdr: UID=0 GID=0 PID=4475 b tail=0 logMask=99 pid=0 start=0ns timeout=0ns
06-12 16:25:32.772 D/[ 5808.128697@2]  logd(    0): Skipping 4294967295 entries from slow reader, pid 4475, from LogBuffer::kickMe()
--------- beginning of system
06-12 16:25:33.030 I/ActivityTaskManager(  632): START u0 {flg=0x10000000 cmp=in.startv.hotstar/com.hotstar.MainActivity} from uid 0
06-12 16:25:33.030 D/ActivityStarter(  632):  
06-12 16:25:33.030 D/ActivityStarter(  632): launchedPkgName :: in.startv.hotstar 
06-12 16:25:33.030 D/ActivityStarter(  632): callingPackage :: com.android.shell 
06-12 16:25:33.030 D/ActivityStarter(  632): callingUid :: 0 
06-12 16:25:33.030 D/ActivityStarter(  632): callingPid :: 4490
06-12 16:25:33.041 V/DigitalSignage(  632): Package Name: null
06-12 16:25:33.041 V/DigitalSignage(  632): Left: 0
06-12 16:25:33.041 V/DigitalSignage(  632): Right: 0
06-12 16:25:33.041 V/DigitalSignage(  632): Top: 0
06-12 16:25:33.041 V/DigitalSignage(  632): Bottom: 0
06-12 16:25:33.041 D/DigitalSignage(  632): else - Package Name :: null left : 0 right :: 0 top :: 0 bottom :: 0 dfu-right :: 1920 dfu-bottom :: 1080
06-12 16:25:33.050 D/CompatibilityChangeReporter(  632): Compat change id reported: 135634846; UID 10072; state: DISABLED
06-12 16:25:33.051 D/CompatibilityChangeReporter(  632): Compat change id reported: 143937733; UID 10072; state: ENABLED
06-12 16:25:33.070 V/DigitalSignage(  632): Package Name: null
06-12 16:25:33.070 V/DigitalSignage(  632): Left: 0
06-12 16:25:33.070 V/DigitalSignage(  632): Right: 0
06-12 16:25:33.070 V/DigitalSignage(  632): Top: 0
06-12 16:25:33.070 V/DigitalSignage(  632): Bottom: 0
06-12 16:25:33.070 D/DigitalSignage(  632): else - Package Name :: null left : 0 right :: 0 top :: 0 bottom :: 0 dfu-right :: 1920 dfu-bottom :: 1080
06-12 16:25:33.078 I/ActivityManager(  632): Start proc 4493:in.startv.hotstar/u0a72 for pre-top-activity {in.startv.hotstar/com.hotstar.MainActivity}
06-12 16:25:33.100 V/DigitalSignage(  632): Package Name: null
06-12 16:25:33.100 V/DigitalSignage(  632): Left: 0
06-12 16:25:33.100 V/DigitalSignage(  632): Right: 0
06-12 16:25:33.100 V/DigitalSignage(  632): Top: 0
06-12 16:25:33.100 V/DigitalSignage(  632): Bottom: 0
06-12 16:25:33.101 D/DigitalSignage(  632): else - Package Name :: null left : 0 right :: 0 top :: 0 bottom :: 0 dfu-right :: 1920 dfu-bottom :: 1080
06-12 16:25:33.129 D/ActivityTaskManager(  632): JioHomeManagerService :: ActivityRecord :: setState :: StateFrom :: INITIALIZING StateTo :: RESUMED 
06-12 16:25:33.144 V/DigitalSignage(  632): Package Name: null
06-12 16:25:33.144 V/DigitalSignage(  632): Left: 0
06-12 16:25:33.144 V/DigitalSignage(  632): Right: 0
06-12 16:25:33.144 V/DigitalSignage(  632): Top: 0
06-12 16:25:33.144 V/DigitalSignage(  632): Bottom: 0
06-12 16:25:33.145 D/DigitalSignage(  632): else - Package Name :: null left : 0 right :: 0 top :: 0 bottom :: 0 dfu-right :: 1920 dfu-bottom :: 1080
06-12 16:25:33.155 D/ActivityManager(  632): JioHomeManagerService :: StateFrom :: INITIALIZING StateTo :: RESUMED Activity :: in.startv.hotstar/com.hotstar.MainActivity Action :: com.jio.remote.action.applaunch
06-12 16:25:33.168 V/DigitalSignage(  632): Package Name: null
06-12 16:25:33.168 V/DigitalSignage(  632): Left: 0
06-12 16:25:33.168 V/DigitalSignage(  632): Right: 0
06-12 16:25:33.168 V/DigitalSignage(  632): Top: 0
06-12 16:25:33.168 V/DigitalSignage(  632): Bottom: 0
06-12 16:25:33.168 D/DigitalSignage(  632): else - Package Name :: null left : 0 right :: 0 top :: 0 bottom :: 0 dfu-right :: 1920 dfu-bottom :: 1080
06-12 16:25:33.537 V/DigitalSignage(  632): Package Name: null
06-12 16:25:33.537 V/DigitalSignage(  632): Left: 0
06-12 16:25:33.537 V/DigitalSignage(  632): Right: 0
06-12 16:25:33.537 V/DigitalSignage(  632): Top: 0
06-12 16:25:33.537 V/DigitalSignage(  632): Bottom: 0
06-12 16:25:33.537 D/DigitalSignage(  632): else - Package Name :: null left : 0 right :: 0 top :: 0 bottom :: 0 dfu-right :: 1920 dfu-bottom :: 1080
06-12 16:25:33.557 V/DigitalSignage(  632): Package Name: null
06-12 16:25:33.557 V/DigitalSignage(  632): Left: 0
06-12 16:25:33.557 V/DigitalSignage(  632): Right: 0
06-12 16:25:33.557 V/DigitalSignage(  632): Top: 0
06-12 16:25:33.557 V/DigitalSignage(  632): Bottom: 0
06-12 16:25:33.558 D/DigitalSignage(  632): else - Package Name :: null left : 0 right :: 0 top :: 0 bottom :: 0 dfu-right :: 1920 dfu-bottom :: 1080
06-12 16:25:33.558 D/ConnectivityService(  632): NetReassign [no changes]
06-12 16:25:34.134 V/DigitalSignage(  632): Package Name: null
06-12 16:25:34.134 V/DigitalSignage(  632): Left: 0
06-12 16:25:34.134 V/DigitalSignage(  632): Right: 0
06-12 16:25:34.134 V/DigitalSignage(  632): Top: 0
06-12 16:25:34.135 V/DigitalSignage(  632): Bottom: 0
06-12 16:25:34.135 D/DigitalSignage(  632): else - Package Name :: null left : 0 right :: 0 top :: 0 bottom :: 0 dfu-right :: 1920 dfu-bottom :: 1080
06-12 16:25:34.135 V/DigitalSignage(  632): Package Name: null
06-12 16:25:34.135 V/DigitalSignage(  632): Left: 0
06-12 16:25:34.135 V/DigitalSignage(  632): Right: 0
06-12 16:25:34.135 V/DigitalSignage(  632): Top: 0
06-12 16:25:34.135 V/DigitalSignage(  632): Bottom: 0
06-12 16:25:34.135 D/DigitalSignage(  632): else - Package Name :: null left : 0 right :: 0 top :: 0 bottom :: 0 dfu-right :: 1920 dfu-bottom :: 1080
06-12 16:25:34.239 V/DigitalSignage(  632): Package Name: null
06-12 16:25:34.239 V/DigitalSignage(  632): Left: 0
06-12 16:25:34.239 V/DigitalSignage(  632): Right: 0
06-12 16:25:34.239 V/DigitalSignage(  632): Top: 0
06-12 16:25:34.239 V/DigitalSignage(  632): Bottom: 0
06-12 16:25:34.239 D/DigitalSignage(  632): else - Package Name :: null left : 0 right :: 0 top :: 0 bottom :: 0 dfu-right :: 1920 dfu-bottom :: 1080
06-12 16:25:34.240 V/DigitalSignage(  632): Package Name: null
06-12 16:25:34.240 V/DigitalSignage(  632): Left: 0
06-12 16:25:34.240 V/DigitalSignage(  632): Right: 0
06-12 16:25:34.240 V/DigitalSignage(  632): Top: 0
06-12 16:25:34.240 V/DigitalSignage(  632): Bottom: 0
06-12 16:25:34.240 D/DigitalSignage(  632): else - Package Name :: null left : 0 right :: 0 top :: 0 bottom :: 0 dfu-right :: 1920 dfu-bottom :: 1080
06-12 16:25:34.244 V/DigitalSignage(  632): Package Name: null
06-12 16:25:34.244 V/DigitalSignage(  632): Left: 0
06-12 16:25:34.244 V/DigitalSignage(  632): Right: 0
06-12 16:25:34.244 V/DigitalSignage(  632): Top: 0
06-12 16:25:34.244 V/DigitalSignage(  632): Bottom: 0
06-12 16:25:34.244 D/DigitalSignage(  632): else - Package Name :: null left : 0 right :: 0 top :: 0 bottom :: 0 dfu-right :: 1920 dfu-bottom :: 1080
06-12 16:25:34.245 V/DigitalSignage(  632): Package Name: null
06-12 16:25:34.245 V/DigitalSignage(  632): Left: 0
06-12 16:25:34.245 V/DigitalSignage(  632): Right: 0
06-12 16:25:34.245 V/DigitalSignage(  632): Top: 0
06-12 16:25:34.245 V/DigitalSignage(  632): Bottom: 0
06-12 16:25:34.245 D/DigitalSignage(  632): else - Package Name :: null left : 0 right :: 0 top :: 0 bottom :: 0 dfu-right :: 1920 dfu-bottom :: 1080
06-12 16:25:34.269 V/DigitalSignage(  632): Package Name: null
06-12 16:25:34.269 V/DigitalSignage(  632): Left: 0
06-12 16:25:34.269 V/DigitalSignage(  632): Right: 0
06-12 16:25:34.269 V/DigitalSignage(  632): Top: 0
06-12 16:25:34.269 V/DigitalSignage(  632): Bottom: 0
06-12 16:25:34.269 D/DigitalSignage(  632): else - Package Name :: null left : 0 right :: 0 top :: 0 bottom :: 0 dfu-right :: 1920 dfu-bottom :: 1080
06-12 16:25:34.269 V/DigitalSignage(  632): Package Name: null
06-12 16:25:34.269 V/DigitalSignage(  632): Left: 0
06-12 16:25:34.270 V/DigitalSignage(  632): Right: 0
06-12 16:25:34.270 V/DigitalSignage(  632): Top: 0
06-12 16:25:34.270 V/DigitalSignage(  632): Bottom: 0
06-12 16:25:34.270 D/DigitalSignage(  632): else - Package Name :: null left : 0 right :: 0 top :: 0 bottom :: 0 dfu-right :: 1920 dfu-bottom :: 1080
06-12 16:25:34.351 V/DigitalSignage(  632): Package Name: null
06-12 16:25:34.351 V/DigitalSignage(  632): Left: 0
06-12 16:25:34.351 V/DigitalSignage(  632): Right: 0
06-12 16:25:34.351 V/DigitalSignage(  632): Top: 0
06-12 16:25:34.352 V/DigitalSignage(  632): Bottom: 0
06-12 16:25:34.352 D/DigitalSignage(  632): else - Package Name :: null left : 0 right :: 0 top :: 0 bottom :: 0 dfu-right :: 1920 dfu-bottom :: 1080
06-12 16:25:34.352 V/DigitalSignage(  632): Package Name: null
06-12 16:25:34.353 V/DigitalSignage(  632): Left: 0
06-12 16:25:34.353 V/DigitalSignage(  632): Right: 0
06-12 16:25:34.353 V/DigitalSignage(  632): Top: 0
06-12 16:25:34.353 V/DigitalSignage(  632): Bottom: 0
06-12 16:25:34.353 D/DigitalSignage(  632): else - Package Name :: null left : 0 right :: 0 top :: 0 bottom :: 0 dfu-right :: 1920 dfu-bottom :: 1080
06-12 16:25:34.434 V/DigitalSignage(  632): Package Name: null
06-12 16:25:34.434 V/DigitalSignage(  632): Left: 0
06-12 16:25:34.434 V/DigitalSignage(  632): Right: 0
06-12 16:25:34.434 V/DigitalSignage(  632): Top: 0
06-12 16:25:34.434 V/DigitalSignage(  632): Bottom: 0
06-12 16:25:34.435 D/DigitalSignage(  632): else - Package Name :: null left : 0 right :: 0 top :: 0 bottom :: 0 dfu-right :: 1920 dfu-bottom :: 1080
06-12 16:25:34.451 V/DigitalSignage(  632): Package Name: null
06-12 16:25:34.452 V/DigitalSignage(  632): Left: 0
06-12 16:25:34.452 V/DigitalSignage(  632): Right: 0
06-12 16:25:34.452 V/DigitalSignage(  632): Top: 0
06-12 16:25:34.452 V/DigitalSignage(  632): Bottom: 0
06-12 16:25:34.452 D/DigitalSignage(  632): else - Package Name :: null left : 0 right :: 0 top :: 0 bottom :: 0 dfu-right :: 1920 dfu-bottom :: 1080
06-12 16:25:34.468 D/CompatibilityChangeReporter(  632): Compat change id reported: 136274596; UID 10072; state: ENABLED
--------- beginning of crash
06-12 16:25:35.259 F/linker  ( 4660): CANNOT LINK EXECUTABLE "/system/bin/smartcable/smartCableSTBApp": library "libmosquitto.so" not found: needed by main executable
06-12 16:25:36.647 E/TaskPersister(  632): File error accessing recents directory (directory doesn't exist?).
06-12 16:25:37.359 W/[ 5812.715120@1]  RTW(    0): fill_default_txdesc(wlan0): SP Packet(0x0806) rate=0x4 SeqNum = 687
06-12 16:25:40.244 F/linker  ( 4718): CANNOT LINK EXECUTABLE "/system/bin/smartcable/smartCableSTBApp": library "libmosquitto.so" not found: needed by main executable
06-12 16:25:42.460 W/[ 5817.813218@2]  RTW(    0): fill_default_txdesc(wlan0): SP Packet(0x0806) rate=0x4 SeqNum = 1615
06-12 16:25:45.248 F/linker  ( 4745): CANNOT LINK EXECUTABLE "/system/bin/smartcable/smartCableSTBApp": library "libmosquitto.so" not found: needed by main executable
06-12 16:25:46.072 V/DigitalSignage(  632): Package Name: null
06-12 16:25:46.072 V/DigitalSignage(  632): Left: 0
06-12 16:25:46.072 V/DigitalSignage(  632): Right: 0
06-12 16:25:46.072 V/DigitalSignage(  632): Top: 0
06-12 16:25:46.072 V/DigitalSignage(  632): Bottom: 0
06-12 16:25:46.072 D/DigitalSignage(  632): else - Package Name :: null left : 0 right :: 0 top :: 0 bottom :: 0 dfu-right :: 1920 dfu-bottom :: 1080
06-12 16:25:47.627 W/[ 5822.982347@1]  RTW(    0): fill_default_txdesc(wlan0): SP Packet(0x0806) rate=0x4 SeqNum = 2654
06-12 16:25:50.260 F/linker  ( 4776): CANNOT LINK EXECUTABLE "/system/bin/smartcable/smartCableSTBApp": library "libmosquitto.so" not found: needed by main executable
06-12 16:25:50.438 V/DigitalSignage(  632): Package Name: null
06-12 16:25:50.438 V/DigitalSignage(  632): Left: 0
06-12 16:25:50.438 V/DigitalSignage(  632): Right: 0
06-12 16:25:50.438 V/DigitalSignage(  632): Top: 0
06-12 16:25:50.438 V/DigitalSignage(  632): Bottom: 0
06-12 16:25:50.438 D/DigitalSignage(  632): else - Package Name :: null left : 0 right :: 0 top :: 0 bottom :: 0 dfu-right :: 1920 dfu-bottom :: 1080
06-12 16:25:50.466 V/DigitalSignage(  632): Package Name: null
06-12 16:25:50.466 V/DigitalSignage(  632): Left: 0
06-12 16:25:50.466 V/DigitalSignage(  632): Right: 0
06-12 16:25:50.466 V/DigitalSignage(  632): Top: 0
06-12 16:25:50.466 V/DigitalSignage(  632): Bottom: 0
06-12 16:25:50.467 D/DigitalSignage(  632): else - Package Name :: null left : 0 right :: 0 top :: 0 bottom :: 0 dfu-right :: 1920 dfu-bottom :: 1080
06-12 16:25:52.007 D/AutofillManagerService(  632): onBackKeyPressed()
06-12 16:25:52.711 W/[ 5828.066721@3]  RTW(    0): fill_default_txdesc(wlan0): SP Packet(0x0806) rate=0x4 SeqNum = 3548
06-12 16:25:54.389 V/DigitalSignage(  632): Package Name: null
06-12 16:25:54.389 V/DigitalSignage(  632): Left: 0
06-12 16:25:54.389 V/DigitalSignage(  632): Right: 0
06-12 16:25:54.389 V/DigitalSignage(  632): Top: 0
06-12 16:25:54.389 V/DigitalSignage(  632): Bottom: 0
06-12 16:25:54.389 D/DigitalSignage(  632): else - Package Name :: null left : 0 right :: 0 top :: 0 bottom :: 0 dfu-right :: 1920 dfu-bottom :: 1080
06-12 16:25:54.761 V/DigitalSignage(  632): Package Name: null
06-12 16:25:54.761 V/DigitalSignage(  632): Left: 0
06-12 16:25:54.761 V/DigitalSignage(  632): Right: 0
06-12 16:25:54.761 V/DigitalSignage(  632): Top: 0
06-12 16:25:54.761 V/DigitalSignage(  632): Bottom: 0
06-12 16:25:54.761 D/DigitalSignage(  632): else - Package Name :: null left : 0 right :: 0 top :: 0 bottom :: 0 dfu-right :: 1920 dfu-bottom :: 1080
06-12 16:25:55.259 F/linker  ( 4834): CANNOT LINK EXECUTABLE "/system/bin/smartcable/smartCableSTBApp": library "libmosquitto.so" not found: needed by main executable
06-12 16:25:55.866 V/DigitalSignage(  632): Package Name: null
06-12 16:25:55.866 V/DigitalSignage(  632): Left: 0
06-12 16:25:55.866 V/DigitalSignage(  632): Right: 0
06-12 16:25:55.866 V/DigitalSignage(  632): Top: 0
06-12 16:25:55.866 V/DigitalSignage(  632): Bottom: 0
06-12 16:25:55.866 D/DigitalSignage(  632): else - Package Name :: null left : 0 right :: 0 top :: 0 bottom :: 0 dfu-right :: 1920 dfu-bottom :: 1080
06-12 16:25:55.905 V/DigitalSignage(  632): Package Name: null
06-12 16:25:55.906 V/DigitalSignage(  632): Left: 0
06-12 16:25:55.906 V/DigitalSignage(  632): Right: 0
06-12 16:25:55.906 V/DigitalSignage(  632): Top: 0
06-12 16:25:55.906 V/DigitalSignage(  632): Bottom: 0
06-12 16:25:55.906 D/DigitalSignage(  632): else - Package Name :: null left : 0 right :: 0 top :: 0 bottom :: 0 dfu-right :: 1920 dfu-bottom :: 1080
06-12 16:25:55.906 V/DigitalSignage(  632): Package Name: null
06-12 16:25:55.906 V/DigitalSignage(  632): Left: 0
06-12 16:25:55.906 V/DigitalSignage(  632): Right: 0
06-12 16:25:55.906 V/DigitalSignage(  632): Top: 0
06-12 16:25:55.907 V/DigitalSignage(  632): Bottom: 0
06-12 16:25:55.907 D/DigitalSignage(  632): else - Package Name :: null left : 0 right :: 0 top :: 0 bottom :: 0 dfu-right :: 1920 dfu-bottom :: 1080
06-12 16:25:55.929 V/DigitalSignage(  632): Package Name: null
06-12 16:25:55.929 V/DigitalSignage(  632): Left: 0
06-12 16:25:55.929 V/DigitalSignage(  632): Right: 0
06-12 16:25:55.929 V/DigitalSignage(  632): Top: 0
06-12 16:25:55.929 V/DigitalSignage(  632): Bottom: 0
06-12 16:25:55.929 D/DigitalSignage(  632): else - Package Name :: null left : 0 right :: 0 top :: 0 bottom :: 0 dfu-right :: 1920 dfu-bottom :: 1080
06-12 16:25:55.929 V/DigitalSignage(  632): Package Name: null
06-12 16:25:55.929 V/DigitalSignage(  632): Left: 0
06-12 16:25:55.929 V/DigitalSignage(  632): Right: 0
06-12 16:25:55.929 V/DigitalSignage(  632): Top: 0
06-12 16:25:55.929 V/DigitalSignage(  632): Bottom: 0
06-12 16:25:55.930 D/DigitalSignage(  632): else - Package Name :: null left : 0 right :: 0 top :: 0 bottom :: 0 dfu-right :: 1920 dfu-bottom :: 1080
06-12 16:25:55.965 V/DigitalSignage(  632): Package Name: null
06-12 16:25:55.965 V/DigitalSignage(  632): Left: 0
06-12 16:25:55.965 V/DigitalSignage(  632): Right: 0
06-12 16:25:55.965 V/DigitalSignage(  632): Top: 0
06-12 16:25:55.965 V/DigitalSignage(  632): Bottom: 0
06-12 16:25:55.966 D/DigitalSignage(  632): else - Package Name :: null left : 0 right :: 0 top :: 0 bottom :: 0 dfu-right :: 1920 dfu-bottom :: 1080
06-12 16:25:55.966 V/DigitalSignage(  632): Package Name: null
06-12 16:25:55.967 V/DigitalSignage(  632): Left: 0
06-12 16:25:55.967 V/DigitalSignage(  632): Right: 0
06-12 16:25:55.967 V/DigitalSignage(  632): Top: 0
06-12 16:25:55.967 V/DigitalSignage(  632): Bottom: 0
06-12 16:25:55.967 D/DigitalSignage(  632): else - Package Name :: null left : 0 right :: 0 top :: 0 bottom :: 0 dfu-right :: 1920 dfu-bottom :: 1080
06-12 16:25:55.973 V/DigitalSignage(  632): Package Name: null
06-12 16:25:55.973 V/DigitalSignage(  632): Left: 0
06-12 16:25:55.973 V/DigitalSignage(  632): Right: 0
06-12 16:25:55.973 V/DigitalSignage(  632): Top: 0
06-12 16:25:55.973 V/DigitalSignage(  632): Bottom: 0
06-12 16:25:55.974 D/DigitalSignage(  632): else - Package Name :: null left : 0 right :: 0 top :: 0 bottom :: 0 dfu-right :: 1920 dfu-bottom :: 1080
06-12 16:25:55.974 V/DigitalSignage(  632): Package Name: null
06-12 16:25:55.974 V/DigitalSignage(  632): Left: 0
06-12 16:25:55.974 V/DigitalSignage(  632): Right: 0
06-12 16:25:55.974 V/DigitalSignage(  632): Top: 0
06-12 16:25:55.974 V/DigitalSignage(  632): Bottom: 0
06-12 16:25:55.974 D/DigitalSignage(  632): else - Package Name :: null left : 0 right :: 0 top :: 0 bottom :: 0 dfu-right :: 1920 dfu-bottom :: 1080
06-12 16:25:55.982 V/DigitalSignage(  632): Package Name: null
06-12 16:25:55.982 V/DigitalSignage(  632): Left: 0
06-12 16:25:55.982 V/DigitalSignage(  632): Right: 0
06-12 16:25:55.982 V/DigitalSignage(  632): Top: 0
06-12 16:25:55.982 V/DigitalSignage(  632): Bottom: 0
06-12 16:25:55.982 D/DigitalSignage(  632): else - Package Name :: null left : 0 right :: 0 top :: 0 bottom :: 0 dfu-right :: 1920 dfu-bottom :: 1080
06-12 16:25:55.982 V/DigitalSignage(  632): Package Name: null
06-12 16:25:55.982 V/DigitalSignage(  632): Left: 0
06-12 16:25:55.983 V/DigitalSignage(  632): Right: 0
06-12 16:25:55.983 V/DigitalSignage(  632): Top: 0
06-12 16:25:55.983 V/DigitalSignage(  632): Bottom: 0
06-12 16:25:55.983 D/DigitalSignage(  632): else - Package Name :: null left : 0 right :: 0 top :: 0 bottom :: 0 dfu-right :: 1920 dfu-bottom :: 1080
06-12 16:25:56.010 V/DigitalSignage(  632): Package Name: null
06-12 16:25:56.010 V/DigitalSignage(  632): Left: 0
06-12 16:25:56.010 V/DigitalSignage(  632): Right: 0
06-12 16:25:56.011 V/DigitalSignage(  632): Top: 0
06-12 16:25:56.011 V/DigitalSignage(  632): Bottom: 0
06-12 16:25:56.011 D/DigitalSignage(  632): else - Package Name :: null left : 0 right :: 0 top :: 0 bottom :: 0 dfu-right :: 1920 dfu-bottom :: 1080
06-12 16:25:56.011 V/DigitalSignage(  632): Package Name: null
06-12 16:25:56.011 V/DigitalSignage(  632): Left: 0
06-12 16:25:56.011 V/DigitalSignage(  632): Right: 0
06-12 16:25:56.011 V/DigitalSignage(  632): Top: 0
06-12 16:25:56.011 V/DigitalSignage(  632): Bottom: 0
06-12 16:25:56.011 D/DigitalSignage(  632): else - Package Name :: null left : 0 right :: 0 top :: 0 bottom :: 0 dfu-right :: 1920 dfu-bottom :: 1080
06-12 16:25:57.163 V/DigitalSignage(  632): Package Name: null
06-12 16:25:57.163 V/DigitalSignage(  632): Left: 0
06-12 16:25:57.163 V/DigitalSignage(  632): Right: 0
06-12 16:25:57.163 V/DigitalSignage(  632): Top: 0
06-12 16:25:57.163 V/DigitalSignage(  632): Bottom: 0
06-12 16:25:57.164 D/DigitalSignage(  632): else - Package Name :: null left : 0 right :: 0 top :: 0 bottom :: 0 dfu-right :: 1920 dfu-bottom :: 1080
06-12 16:25:57.164 V/DigitalSignage(  632): Package Name: null
06-12 16:25:57.164 V/DigitalSignage(  632): Left: 0
06-12 16:25:57.164 V/DigitalSignage(  632): Right: 0
06-12 16:25:57.164 V/DigitalSignage(  632): Top: 0
06-12 16:25:57.164 V/DigitalSignage(  632): Bottom: 0
06-12 16:25:57.164 D/DigitalSignage(  632): else - Package Name :: null left : 0 right :: 0 top :: 0 bottom :: 0 dfu-right :: 1920 dfu-bottom :: 1080
06-12 16:25:57.208 W/[ 5832.564553@0]  RTW(    0): fill_default_txdesc(wlan0): SP Packet(0x0806) rate=0x4 SeqNum = 616
06-12 16:25:57.441 V/DigitalSignage(  632): Package Name: null
06-12 16:25:57.441 V/DigitalSignage(  632): Left: 0
06-12 16:25:57.441 V/DigitalSignage(  632): Right: 0
06-12 16:25:57.441 V/DigitalSignage(  632): Top: 0
06-12 16:25:57.441 V/DigitalSignage(  632): Bottom: 0
06-12 16:25:57.441 D/DigitalSignage(  632): else - Package Name :: null left : 0 right :: 0 top :: 0 bottom :: 0 dfu-right :: 1920 dfu-bottom :: 1080
06-12 16:25:57.442 V/DigitalSignage(  632): Package Name: null
06-12 16:25:57.442 V/DigitalSignage(  632): Left: 0
06-12 16:25:57.442 V/DigitalSignage(  632): Right: 0
06-12 16:25:57.442 V/DigitalSignage(  632): Top: 0
06-12 16:25:57.442 V/DigitalSignage(  632): Bottom: 0
06-12 16:25:57.442 D/DigitalSignage(  632): else - Package Name :: null left : 0 right :: 0 top :: 0 bottom :: 0 dfu-right :: 1920 dfu-bottom :: 1080
06-12 16:25:58.114 D/AutofillManagerService(  632): onBackKeyPressed()
06-12 16:25:58.127 V/DigitalSignage(  632): Package Name: null
06-12 16:25:58.127 V/DigitalSignage(  632): Left: 0
06-12 16:25:58.127 V/DigitalSignage(  632): Right: 0
06-12 16:25:58.127 V/DigitalSignage(  632): Top: 0
06-12 16:25:58.127 V/DigitalSignage(  632): Bottom: 0
06-12 16:25:58.128 D/DigitalSignage(  632): else - Package Name :: null left : 0 right :: 0 top :: 0 bottom :: 0 dfu-right :: 1920 dfu-bottom :: 1080
06-12 16:25:58.128 V/DigitalSignage(  632): Package Name: null
06-12 16:25:58.128 V/DigitalSignage(  632): Left: 0
06-12 16:25:58.128 V/DigitalSignage(  632): Right: 0
06-12 16:25:58.128 V/DigitalSignage(  632): Top: 0
06-12 16:25:58.128 V/DigitalSignage(  632): Bottom: 0
06-12 16:25:58.128 D/DigitalSignage(  632): else - Package Name :: null left : 0 right :: 0 top :: 0 bottom :: 0 dfu-right :: 1920 dfu-bottom :: 1080
06-12 16:25:58.141 V/DigitalSignage(  632): Package Name: null
06-12 16:25:58.141 V/DigitalSignage(  632): Left: 0
06-12 16:25:58.141 V/DigitalSignage(  632): Right: 0
06-12 16:25:58.141 V/DigitalSignage(  632): Top: 0
06-12 16:25:58.141 V/DigitalSignage(  632): Bottom: 0
06-12 16:25:58.142 D/DigitalSignage(  632): else - Package Name :: null left : 0 right :: 0 top :: 0 bottom :: 0 dfu-right :: 1920 dfu-bottom :: 1080
06-12 16:25:58.143 V/DigitalSignage(  632): Package Name: null
06-12 16:25:58.143 V/DigitalSignage(  632): Left: 0
06-12 16:25:58.143 V/DigitalSignage(  632): Right: 0
06-12 16:25:58.143 V/DigitalSignage(  632): Top: 0
06-12 16:25:58.143 V/DigitalSignage(  632): Bottom: 0
06-12 16:25:58.143 D/DigitalSignage(  632): else - Package Name :: null left : 0 right :: 0 top :: 0 bottom :: 0 dfu-right :: 1920 dfu-bottom :: 1080
06-12 16:25:58.154 V/DigitalSignage(  632): Package Name: null
06-12 16:25:58.154 V/DigitalSignage(  632): Left: 0
06-12 16:25:58.154 V/DigitalSignage(  632): Right: 0
06-12 16:25:58.154 V/DigitalSignage(  632): Top: 0
06-12 16:25:58.154 V/DigitalSignage(  632): Bottom: 0
06-12 16:25:58.155 D/DigitalSignage(  632): else - Package Name :: null left : 0 right :: 0 top :: 0 bottom :: 0 dfu-right :: 1920 dfu-bottom :: 1080
06-12 16:25:58.155 V/DigitalSignage(  632): Package Name: null
06-12 16:25:58.155 V/DigitalSignage(  632): Left: 0
06-12 16:25:58.155 V/DigitalSignage(  632): Right: 0
06-12 16:25:58.155 V/DigitalSignage(  632): Top: 0
06-12 16:25:58.155 V/DigitalSignage(  632): Bottom: 0
06-12 16:25:58.157 D/DigitalSignage(  632): else - Package Name :: null left : 0 right :: 0 top :: 0 bottom :: 0 dfu-right :: 1920 dfu-bottom :: 1080
06-12 16:25:58.363 V/DigitalSignage(  632): Package Name: null
06-12 16:25:58.363 V/DigitalSignage(  632): Left: 0
06-12 16:25:58.363 V/DigitalSignage(  632): Right: 0
06-12 16:25:58.363 V/DigitalSignage(  632): Top: 0
06-12 16:25:58.363 V/DigitalSignage(  632): Bottom: 0
06-12 16:25:58.363 D/DigitalSignage(  632): else - Package Name :: null left : 0 right :: 0 top :: 0 bottom :: 0 dfu-right :: 1920 dfu-bottom :: 1080
06-12 16:26:00.271 F/linker  ( 4856): CANNOT LINK EXECUTABLE "/system/bin/smartcable/smartCableSTBApp": library "libmosquitto.so" not found: needed by main executable
06-12 16:26:01.156 W/[ 5836.508755@1]  RTW(    0): fill_default_txdesc(wlan0): SP Packet(0x0806) rate=0x4 SeqNum = 1245
06-12 16:26:01.191 W/[ 5836.544738@1]  RTW(    0): fill_default_txdesc(wlan0): SP Packet(0x0806) rate=0x4 SeqNum = 1257
06-12 16:26:02.310 W/[ 5837.666392@3]  RTW(    0): fill_default_txdesc(wlan0): SP Packet(0x0806) rate=0x4 SeqNum = 1460
06-12 16:26:05.272 F/linker  ( 4886): CANNOT LINK EXECUTABLE "/system/bin/smartcable/smartCableSTBApp": library "libmosquitto.so" not found: needed by main executable
06-12 16:26:07.040 W/[ 5842.395726@1]  RTW(    0): fill_default_txdesc(wlan0): SP Packet(0x0806) rate=0x4 SeqNum = 2418
06-12 16:26:07.040 W/[ 5842.396732@1]  RTW(    0): fill_default_txdesc(wlan0): SP Packet(0x0806) rate=0x4 SeqNum = 2419
06-12 16:26:07.331 W/[ 5842.684716@2]  RTW(    0): Turbo EDCA =0xa42b
06-12 16:26:07.340 W/[ 5842.694487@1]  RTW(    0): fill_default_txdesc(wlan0): SP Packet(0x0806) rate=0x4 SeqNum = 2489
06-12 16:26:09.347 W/[ 5844.700747@0]  RTW(    0): Turbo EDCA =0x5ea42b
06-12 16:26:10.116 W/[ 5845.468695@1]  RTW(    0): fill_default_txdesc(wlan0): SP Packet(0x0806) rate=0x4 SeqNum = 2944
06-12 16:26:10.275 F/linker  ( 4899): CANNOT LINK EXECUTABLE "/system/bin/smartcable/smartCableSTBApp": library "libmosquitto.so" not found: needed by main executable
06-12 16:26:12.436 W/[ 5847.792279@2]  RTW(    0): fill_default_txdesc(wlan0): SP Packet(0x0806) rate=0x4 SeqNum = 3333
06-12 16:26:15.278 F/linker  ( 4912): CANNOT LINK EXECUTABLE "/system/bin/smartcable/smartCableSTBApp": library "libmosquitto.so" not found: needed by main executable
06-12 16:26:17.359 W/[ 5852.713120@1]  RTW(    0): fill_default_txdesc(wlan0): SP Packet(0x0806) rate=0x4 SeqNum = 0
06-12 16:26:20.282 F/linker  ( 4923): CANNOT LINK EXECUTABLE "/system/bin/smartcable/smartCableSTBApp": library "libmosquitto.so" not found: needed by main executable
06-12 16:26:20.710 D/AutofillManagerService(  632): onBackKeyPressed()
06-12 16:26:21.284 D/AutofillManagerService(  632): onBackKeyPressed()
06-12 16:26:21.330 D/ActivityTaskManager(  632): JioHomeManagerService :: ActivityRecord :: setState :: StateFrom :: STOPPED StateTo :: RESUMED 
06-12 16:26:21.338 D/ActivityManager(  632): JioHomeManagerService :: StateFrom :: STOPPED StateTo :: RESUMED Activity :: com.iwedia.ui.rjio.launcher.reliance/com.iwedia.ui.rjio.launcher.ui.intro.IntroActivity Action :: com.jio.remote.action.applaunch
06-12 16:26:21.349 V/DigitalSignage(  632): Package Name: null
06-12 16:26:21.350 V/DigitalSignage(  632): Left: 0
06-12 16:26:21.350 V/DigitalSignage(  632): Right: 0
06-12 16:26:21.350 V/DigitalSignage(  632): Top: 0
06-12 16:26:21.350 V/DigitalSignage(  632): Bottom: 0
06-12 16:26:21.350 D/DigitalSignage(  632): else - Package Name :: null left : 0 right :: 0 top :: 0 bottom :: 0 dfu-right :: 1920 dfu-bottom :: 1080
06-12 16:26:21.376 W/ActivityManager(  632): Receiver with filter android.content.IntentFilter@dac0216 already registered for pid 1781, callerPackage is com.iwedia.ui.rjio.launcher.reliance
06-12 16:26:21.411 V/DigitalSignage(  632): Package Name: null
06-12 16:26:21.411 V/DigitalSignage(  632): Left: 0
06-12 16:26:21.411 V/DigitalSignage(  632): Right: 0
06-12 16:26:21.411 V/DigitalSignage(  632): Top: 0
06-12 16:26:21.411 V/DigitalSignage(  632): Bottom: 0
06-12 16:26:21.411 D/DigitalSignage(  632): else - Package Name :: null left : 0 right :: 0 top :: 0 bottom :: 0 dfu-right :: 1920 dfu-bottom :: 1080
06-12 16:26:21.489 V/DigitalSignage(  632): Package Name: null
06-12 16:26:21.489 V/DigitalSignage(  632): Left: 0
06-12 16:26:21.489 V/DigitalSignage(  632): Right: 0
06-12 16:26:21.489 V/DigitalSignage(  632): Top: 0
06-12 16:26:21.489 V/DigitalSignage(  632): Bottom: 0
06-12 16:26:21.489 D/DigitalSignage(  632): else - Package Name :: null left : 0 right :: 0 top :: 0 bottom :: 0 dfu-right :: 1920 dfu-bottom :: 1080
06-12 16:26:21.494 V/DigitalSignage(  632): Package Name: null
06-12 16:26:21.494 V/DigitalSignage(  632): Left: 0
06-12 16:26:21.494 V/DigitalSignage(  632): Right: 0
06-12 16:26:21.494 V/DigitalSignage(  632): Top: 0
06-12 16:26:21.494 V/DigitalSignage(  632): Bottom: 0
06-12 16:26:21.494 D/DigitalSignage(  632): else - Package Name :: null left : 0 right :: 0 top :: 0 bottom :: 0 dfu-right :: 1920 dfu-bottom :: 1080
06-12 16:26:21.508 V/DigitalSignage(  632): Package Name: null
06-12 16:26:21.508 V/DigitalSignage(  632): Left: 0
06-12 16:26:21.508 V/DigitalSignage(  632): Right: 0
06-12 16:26:21.509 V/DigitalSignage(  632): Top: 0
06-12 16:26:21.509 V/DigitalSignage(  632): Bottom: 0
06-12 16:26:21.509 D/DigitalSignage(  632): else - Package Name :: null left : 0 right :: 0 top :: 0 bottom :: 0 dfu-right :: 1920 dfu-bottom :: 1080
06-12 16:26:21.515 V/DigitalSignage(  632): Package Name: null
06-12 16:26:21.515 V/DigitalSignage(  632): Left: 0
06-12 16:26:21.515 V/DigitalSignage(  632): Right: 0
06-12 16:26:21.515 V/DigitalSignage(  632): Top: 0
06-12 16:26:21.515 V/DigitalSignage(  632): Bottom: 0
06-12 16:26:21.516 D/DigitalSignage(  632): else - Package Name :: null left : 0 right :: 0 top :: 0 bottom :: 0 dfu-right :: 1920 dfu-bottom :: 1080
06-12 16:26:21.809 V/DigitalSignage(  632): Package Name: null
06-12 16:26:21.809 V/DigitalSignage(  632): Left: 0
06-12 16:26:21.809 V/DigitalSignage(  632): Right: 0
06-12 16:26:21.809 V/DigitalSignage(  632): Top: 0
06-12 16:26:21.809 V/DigitalSignage(  632): Bottom: 0
06-12 16:26:21.810 D/DigitalSignage(  632): else - Package Name :: null left : 0 right :: 0 top :: 0 bottom :: 0 dfu-right :: 1920 dfu-bottom :: 1080
06-12 16:26:22.408 W/[ 5857.763690@1]  RTW(    0): fill_default_txdesc(wlan0): SP Packet(0x0806) rate=0x4 SeqNum = 1109
06-12 16:26:23.941 I/ActivityManager(  632): Force stopping in.startv.hotstar appid=10072 user=0: from pid 1699
06-12 16:26:23.942 I/ActivityManager(  632): Killing 4493:in.startv.hotstar/u0a72 (adj 900): stop in.startv.hotstar due to from pid 1699
06-12 16:26:23.973 I/ActivityManager(  632): Force stopping in.startv.hotstar appid=10072 user=0: from pid 1699
06-12 16:26:24.021 I/chatty  (  632): uid=1000(system) Binder:632_20 identical 7 lines
06-12 16:26:24.025 I/ActivityManager(  632): Force stopping in.startv.hotstar appid=10072 user=0: from pid 1699
06-12 16:26:24.074 W/ActivityManager(  632): setHasOverlayUi called on unknown pid: 4493
06-12 16:26:24.075 D/ConnectivityService(  632): ConnectivityService NetworkRequestInfo binderDied(NetworkRequest [ LISTEN id=60, [ Capabilities: INTERNET&NOT_RESTRICTED&TRUSTED&NOT_VPN&FOREGROUND Uid: 10072 AdministratorUids: [] RequestorUid: 10072 RequestorPackageName: in.startv.hotstar] ], android.os.BinderProxy@f972fe0)
06-12 16:26:24.869 E/TaskPersister(  632): File error accessing recents directory (directory doesn't exist?).
06-12 16:26:25.289 F/linker  ( 4977): CANNOT LINK EXECUTABLE "/system/bin/smartcable/smartCableSTBApp": library "libmosquitto.so" not found: needed by main executable
06-12 16:26:27.186 I/ActivityTaskManager(  632): START u0 {act=android.intent.action.MAIN cat=[android.intent.category.LEANBACK_LAUNCHER] flg=0x10000000 pkg=in.startv.hotstar cmp=in.startv.hotstar/com.hotstar.MainActivity} from uid 10035
06-12 16:26:27.186 D/ActivityStarter(  632):  
06-12 16:26:27.186 D/ActivityStarter(  632): launchedPkgName :: in.startv.hotstar 
06-12 16:26:27.186 D/ActivityStarter(  632): callingPackage :: com.iwedia.ui.rjio.launcher.reliance 
06-12 16:26:27.186 D/ActivityStarter(  632): callingUid :: 10035 
06-12 16:26:27.186 D/ActivityStarter(  632): callingPid :: 1781
06-12 16:26:27.199 V/DigitalSignage(  632): Package Name: null
06-12 16:26:27.199 V/DigitalSignage(  632): Left: 0
06-12 16:26:27.199 V/DigitalSignage(  632): Right: 0
06-12 16:26:27.199 V/DigitalSignage(  632): Top: 0
06-12 16:26:27.199 V/DigitalSignage(  632): Bottom: 0
06-12 16:26:27.199 D/DigitalSignage(  632): else - Package Name :: null left : 0 right :: 0 top :: 0 bottom :: 0 dfu-right :: 1920 dfu-bottom :: 1080
06-12 16:26:27.219 D/CompatibilityChangeReporter(  632): Compat change id reported: 135634846; UID 10072; state: DISABLED
06-12 16:26:27.220 D/CompatibilityChangeReporter(  632): Compat change id reported: 143937733; UID 10072; state: ENABLED
06-12 16:26:27.238 V/DigitalSignage(  632): Package Name: null
06-12 16:26:27.238 V/DigitalSignage(  632): Left: 0
06-12 16:26:27.238 V/DigitalSignage(  632): Right: 0
06-12 16:26:27.238 V/DigitalSignage(  632): Top: 0
06-12 16:26:27.516 W/[ 5862.870872@3]  RTW(    0): fill_default_txdesc(wlan0): SP Packet(0x0806) rate=0x4 SeqNum = 3196
06-12 16:26:30.297 F/linker  ( 5116): CANNOT LINK EXECUTABLE "/system/bin/smartcable/smartCableSTBApp": library "libmosquitto.so" not found: needed by main executable
06-12 16:26:32.685 W/[ 5868.038682@0]  RTW(    0): fill_default_txdesc(wlan0): SP Packet(0x0806) rate=0x4 SeqNum = 862
06-12 16:26:35.298 F/linker  ( 5145): CANNOT LINK EXECUTABLE "/system/bin/smartcable/smartCableSTBApp": library "libmosquitto.so" not found: needed by main executable
06-12 16:26:37.182 W/[ 5872.534409@1]  RTW(    0): fill_default_txdesc(wlan0): SP Packet(0x0806) rate=0x4 SeqNum = 2202
06-12 16:26:39.587 W/[ 5874.940945@0]  RTW(    0): Turbo EDCA =0xa42b
06-12 16:26:40.234 W/[ 5875.586938@1]  audit(    0): audit_lost=6322 audit_rate_limit=5 audit_backlog_limit=64
06-12 16:26:40.234 E/[ 5875.586948@1]  audit(    0): rate limit exceeded
06-12 16:26:40.308 F/linker  ( 5186): CANNOT LINK EXECUTABLE "/system/bin/smartcable/smartCableSTBApp": library "libmosquitto.so" not found: needed by main executable
06-12 16:26:41.603 W/[ 5876.956772@3]  RTW(    0): Turbo EDCA =0x5ea42b
06-12 16:26:42.279 W/[ 5877.634596@0]  RTW(    0): fill_default_txdesc(wlan0): SP Packet(0x0806) rate=0x4 SeqNum = 4045
06-12 16:26:42.640 I/[ 5877.993702@3]  resman(    0): 177 appname:OMX-145, type=0
06-12 16:26:42.687 I/[ 5878.043984@0]  resman(    0): 177 acquire [decoder], preempt yes
06-12 16:26:42.689 I/[ 5878.043996@0]  resman(    0): 177 acquire [decoder] success
06-12 16:26:42.689 I/[ 5878.044027@0]  resman(    0): 177 acquire [codec_mm], preempt yes
06-12 16:26:42.689 I/[ 5878.044036@0]  resman(    0): 177 score 30 secure no
06-12 16:26:42.689 I/[ 5878.044041@0]  resman(    0): 177 acquire [codec_mm] success
06-12 16:26:42.711 I/[ 5878.068268@3]  [amlv4l](    0): [247]: DW:10, TW:0, Margin:5
06-12 16:26:42.712 D/[ 5878.068497@3]  [amlcom](    0): vdec_create instance 00000000d7beb045, total 1, PM: power-domain
06-12 16:26:42.712 D/[ 5878.068666@3]  [media_clock](    0): vdec mux clock is 799999988 Hz
06-12 16:26:42.716 I/[ 5878.068845@3]  [amlcom](    0): vdec_init, dev_name:ammvdec_h264_v4l, vdec_type=VDEC_TYPE_FRAME_BLOCK, format: 2, total: 1
06-12 16:26:42.716 D/[ 5878.069737@3]  [h264](    0): 0: pdata->config=parm_v4l_codec_enable:1;mh264_double_write_mode:16;parm_v4l_buffer_margin:5;parm_v4l_canvas_mem_mode:0;parm_v4l_canvas_mem_endian:0;parm_v4l_low_latency_mode:0;parm_v4l_metadata_config_flag:49154;parm_v4l_duration:0;
06-12 16:26:42.716 D/[ 5878.069781@3]  [h264](    0): ammvdec_h264_mmu_init tvp = 0x0
06-12 16:26:42.720 D/[ 5878.076168@3]  [media_clock](    0): vdec mux clock is 799999988 Hz
06-12 16:26:42.720 D/[ 5878.076890@3]  [h264](    0): vh264_init, phy_addr=57429000 vaddr=00000000148575bb
06-12 16:26:42.756 D/[ 5878.110329@1]  [h264](    0): 0: vmh264_get_ps_info mmu_enable 0 double_write_mode 0x10
06-12 16:26:42.758 I/[ 5878.110366@1]  [amlv4l](    0): [247]: Parse from ucode, visible(640 x 360), coded(640 x 384), scan:P, bitdepth(0), dw(10)
06-12 16:26:42.758 I/[ 5878.110434@0]  [amlv4l](    0): [247]: Picture buffer count: dec:5, vpp:0, ge2d:0, margin:5, total:10
06-12 16:26:42.758 D/[ 5878.110444@0]  [amlv4l](    0): [247]: Post event: res chg
06-12 16:26:42.759 I/[ 5878.116059@0]  dim(    0): reg:use[1]ms
06-12 16:26:42.760 I/[ 5878.116073@0]  dim(    0): create:ch[2],tmode[3]
06-12 16:26:42.760 I/[ 5878.116077@0]  dim(    0): out:0x80000000
06-12 16:26:42.765 D/[ 5878.117534@1]  [h264](    0): 0: restriction_flag=0, max_dec_frame_buffering=4, dec_dpb_size=5 num_reorder_frames 2 used_reorder_dpb_size_margin 5
06-12 16:26:42.774 D/[ 5878.127771@0]  [h264](    0): 0: decoder duration change old: 0 new: 1601
06-12 16:26:42.774 I/[ 5878.127902@2]  dim(    0): value reg:ch[2]:fix_buf:0;ponly <0,0>
06-12 16:26:42.774 I/[ 5878.127919@2]  dim(    0): di_cnt_i_buf1:tvp:0
06-12 16:26:42.774 I/[ 5878.127930@2]  dim(    0): buf large::0x4fb000, 0x5a1000
06-12 16:26:42.774 I/[ 5878.127966@2]  vpu(    0): vpu: vpu_dev_clk_gate_on: unsupport vpu mod: 72
06-12 16:26:42.774 I/[ 5878.128869@2]  dim(    0): ch[2]:reg:mem cfg[0][0][0]
06-12 16:26:42.980 I/[ 5878.334926@3]  [amlv4l](    0): [247]: reset mode: 1, es frames buffering: 0
06-12 16:26:42.984 I/[ 5878.340343@3]  [amlv4l](    0): [247]: reset mode: 1, es frames buffering: 0
06-12 16:26:43.000 I/[ 5878.355198@1]  [amlv4l](    0): [247]: reset mode: 1, es frames buffering: 0
06-12 16:26:43.008 D/[ 5878.361151@1]  [amlcom](    0): vdec_release instance 00000000d7beb045, total 1
06-12 16:26:43.008 D/[ 5878.361302@1]  [media_clock](    0): the clk_vdec_mux    clock off, ref cnt: 0
06-12 16:26:43.023 I/[ 5878.376672@2]  dim(    0): unreg:2keep[0], msk:[0x0,0x0]
06-12 16:26:43.031 I/[ 5878.386761@2]  vpu(    0): vpu: vpu_dev_clk_gate_off: unsupport vpu mod: 72
06-12 16:26:43.032 I/[ 5878.388531@1]  dim(    0): unreg:use[27]ms
06-12 16:26:43.032 I/[ 5878.388544@1]  dim(    0): di_destroy_instance:ch[2]:end
06-12 16:26:43.036 I/[ 5878.389597@0]  resman(    0): 177 release [decoder]
06-12 16:26:43.036 I/[ 5878.389610@0]  resman(    0): 177 release [codec_mm]
06-12 16:26:43.036 E/        (    0): [ 5878.390720@3]  disalbe fastplay
06-12 16:26:44.463 W/[ 5879.818443@1]  RTW(    0): fill_default_txdesc(wlan0): SP Packet(0x0806) rate=0x4 SeqNum = 776
06-12 16:26:45.300 F/linker  ( 5224): CANNOT LINK EXECUTABLE "/system/bin/smartcable/smartCableSTBApp": library "libmosquitto.so" not found: needed by main executable
06-12 16:26:47.379 W/[ 5882.734430@1]  RTW(    0): fill_default_txdesc(wlan0): SP Packet(0x0806) rate=0x4 SeqNum = 1613
06-12 16:26:47.652 W/[ 5883.004749@1]  RTW(    0): Turbo EDCA =0xa42b
06-12 16:26:47.711 I/[ 5883.067642@3]  resman(    0): 178 appname:OMX-146, type=0
06-12 16:26:47.752 I/[ 5883.107307@1]  resman(    0): 178 acquire [decoder], preempt yes
06-12 16:26:47.752 I/[ 5883.107319@1]  resman(    0): 178 acquire [decoder] success
06-12 16:26:47.752 I/[ 5883.107351@1]  resman(    0): 178 acquire [codec_mm], preempt yes
06-12 16:26:47.752 I/[ 5883.107360@1]  resman(    0): 178 score 30 secure no
06-12 16:26:47.752 I/[ 5883.107366@1]  resman(    0): 178 acquire [codec_mm] success
06-12 16:26:47.759 I/[ 5883.112820@3]  [amlv4l](    0): [249]: DW:10, TW:0, Margin:5
06-12 16:26:47.760 D/[ 5883.113334@3]  [amlcom](    0): vdec_create instance 0000000089f5a454, total 1, PM: power-domain
06-12 16:26:47.760 D/[ 5883.113467@3]  [media_clock](    0): vdec mux clock is 799999988 Hz
06-12 16:26:47.760 I/[ 5883.113643@3]  [amlcom](    0): vdec_init, dev_name:ammvdec_h264_v4l, vdec_type=VDEC_TYPE_FRAME_BLOCK, format: 2, total: 1
06-12 16:26:47.768 D/[ 5883.121074@3]  [h264](    0): 0: pdata->config=parm_v4l_codec_enable:1;mh264_double_write_mode:16;parm_v4l_buffer_margin:5;parm_v4l_canvas_mem_mode:0;parm_v4l_canvas_mem_endian:0;parm_v4l_low_latency_mode:0;parm_v4l_metadata_config_flag:49154;parm_v4l_duration:0;
06-12 16:26:47.768 D/[ 5883.121117@3]  [h264](    0): ammvdec_h264_mmu_init tvp = 0x0
06-12 16:26:47.768 D/[ 5883.124340@1]  [media_clock](    0): vdec mux clock is 799999988 Hz
06-12 16:26:47.768 D/[ 5883.124786@1]  [h264](    0): vh264_init, phy_addr=57429000 vaddr=000000001d1dca46
06-12 16:26:47.821 D/[ 5883.176093@1]  [h264](    0): 0: vmh264_get_ps_info mmu_enable 0 double_write_mode 0x10
06-12 16:26:47.821 I/[ 5883.176118@1]  [amlv4l](    0): [249]: Parse from ucode, visible(1280 x 720), coded(1280 x 768), scan:P, bitdepth(0), dw(10)
06-12 16:26:47.821 I/[ 5883.176189@3]  [amlv4l](    0): [249]: Picture buffer count: dec:4, vpp:0, ge2d:0, margin:5, total:9
06-12 16:26:47.821 D/[ 5883.176199@3]  [amlv4l](    0): [249]: Post event: res chg
06-12 16:26:47.840 I/[ 5883.193921@1]  dim(    0): reg:use[0]ms
06-12 16:26:47.840 I/[ 5883.193936@1]  dim(    0): create:ch[2],tmode[3]
06-12 16:26:47.853 I/[ 5883.193940@1]  dim(    0): out:0x80000000
06-12 16:26:47.854 D/[ 5883.198311@1]  [h264](    0): 0: restriction_flag=0, max_dec_frame_buffering=3, dec_dpb_size=4 num_reorder_frames 1 used_reorder_dpb_size_margin 5
06-12 16:26:47.860 D/[ 5883.213471@0]  [h264](    0): 0: decoder duration change old: 0 new: 1920
06-12 16:26:47.860 I/[ 5883.213598@2]  dim(    0): value reg:ch[2]:fix_buf:0;ponly <0,0>
06-12 16:26:47.860 I/[ 5883.213612@2]  dim(    0): di_cnt_i_buf1:tvp:0
06-12 16:26:47.860 I/[ 5883.213622@2]  dim(    0): buf large::0x4fb000, 0x5a1000
06-12 16:26:47.860 I/[ 5883.213659@2]  vpu(    0): vpu: vpu_dev_clk_gate_on: unsupport vpu mod: 72
06-12 16:26:47.860 I/[ 5883.214531@2]  dim(    0): ch[2]:reg:mem cfg[0][0][0]
06-12 16:26:50.300 F/linker  ( 5261): CANNOT LINK EXECUTABLE "/system/bin/smartcable/smartCableSTBApp": library "libmosquitto.so" not found: needed by main executable
06-12 16:26:51.683 W/[ 5887.036760@1]  RTW(    0): Turbo EDCA =0x5ea42b
06-12 16:26:52.435 W/[ 5887.790397@2]  RTW(    0): fill_default_txdesc(wlan0): SP Packet(0x0806) rate=0x4 SeqNum = 2884
06-12 16:26:55.353 F/linker  ( 5276): CANNOT LINK EXECUTABLE "/system/bin/smartcable/smartCableSTBApp": library "libmosquitto.so" not found: needed by main executable
06-12 16:26:57.372 W/[ 5892.726184@0]  RTW(    0): fill_default_txdesc(wlan0): SP Packet(0x0806) rate=0x4 SeqNum = 44
06-12 16:27:00.317 F/linker  ( 5309): CANNOT LINK EXECUTABLE "/system/bin/smartcable/smartCableSTBApp": library "libmosquitto.so" not found: needed by main executable
06-12 16:27:02.379 W/[ 5897.734884@0]  RTW(    0): fill_default_txdesc(wlan0): SP Packet(0x0806) rate=0x4 SeqNum = 959
06-12 16:27:05.104 I/        (    0): [ 5900.459551@1]  EXT4-fs (mmcblk0p17): re-mounted. Opts: (null)
06-12 16:27:05.327 F/linker  ( 5350): CANNOT LINK EXECUTABLE "/system/bin/smartcable/smartCableSTBApp": library "libmosquitto.so" not found: needed by main executable
06-12 16:27:07.503 W/[ 5902.856916@2]  RTW(    0): fill_default_txdesc(wlan0): SP Packet(0x0806) rate=0x4 SeqNum = 1932
06-12 16:27:07.812 W/[ 5903.164749@3]  RTW(    0): Turbo EDCA =0xa42b
06-12 16:27:08.198 I/[ 5903.554190@1]  dim(    0): ch[2] in eos p-other
06-12 16:27:08.198 D/[ 5903.554721@1]  [amlv4l](    0): [249]: Post event: eos
06-12 16:27:08.199 I/[ 5903.555791@2]  [amlv4l](    0): [249]: reset mode: 1, es frames buffering: 0
06-12 16:27:08.203 I/[ 5903.559755@3]  [amlv4l](    0): [249]: reset mode: 1, es frames buffering: 0
06-12 16:27:08.223 I/[ 5903.576645@2]  dim(    0): unreg:2keep[0], msk:[0x0,0x0]
06-12 16:27:08.231 I/[ 5903.586735@2]  vpu(    0): vpu: vpu_dev_clk_gate_off: unsupport vpu mod: 72
06-12 16:27:08.235 I/[ 5903.589342@2]  dim(    0): unreg:use[26]ms
06-12 16:27:08.236 I/[ 5903.589353@2]  dim(    0): di_destroy_instance:ch[2]:end
06-12 16:27:08.236 I/[ 5903.589609@2]  dim(    0): reg:use[0]ms
06-12 16:27:08.236 I/[ 5903.589617@2]  dim(    0): create:ch[2],tmode[3]
06-12 16:27:08.236 I/[ 5903.589621@2]  dim(    0): out:0x80000000
06-12 16:27:08.460 I/[ 5903.812887@1]  [amlv4l](    0): [249]: reset mode: 1, es frames buffering: 0
06-12 16:27:08.462 I/[ 5903.817853@1]  [amlv4l](    0): [249]: reset mode: 1, es frames buffering: 0
06-12 16:27:08.482 I/[ 5903.836967@1]  [amlv4l](    0): [249]: reset mode: 1, es frames buffering: 0
06-12 16:27:08.487 D/[ 5903.844201@2]  [amlcom](    0): vdec_release instance 0000000089f5a454, total 1
06-12 16:27:08.488 D/[ 5903.844366@2]  [media_clock](    0): the clk_vdec_mux    clock off, ref cnt: 0
06-12 16:27:08.504 I/[ 5903.844985@2]  dim(    0): unreg:use[0]ms
06-12 16:27:08.504 I/[ 5903.844995@2]  dim(    0): di_destroy_instance:ch[2]:end
06-12 16:27:08.504 I/[ 5903.845936@0]  resman(    0): 178 release [decoder]
06-12 16:27:08.504 I/[ 5903.845949@0]  resman(    0): 178 release [codec_mm]
06-12 16:27:08.504 E/        (    0): [ 5903.847084@2]  disalbe fastplay
06-12 16:27:09.828 W/[ 5905.180937@0]  RTW(    0): Turbo EDCA =0x5ea42b
06-12 16:27:10.326 F/linker  ( 5413): CANNOT LINK EXECUTABLE "/system/bin/smartcable/smartCableSTBApp": library "libmosquitto.so" not found: needed by main executable
06-12 16:27:10.712 D/[ 5906.065562@3]  logd(    0): logdr: UID=0 GID=0 PID=5438 b tail=0 logMask=99 pid=0 start=0ns timeout=0ns
06-12 16:27:11.352 I/[ 5906.704715@3]  binder(    0): 4335:4386 transaction failed 29189/-22, size 616-0 line 2705
06-12 16:27:11.371 E/AndroidRuntime( 4335): FATAL EXCEPTION: Instr: androidx.test.runner.AndroidJUnitRunner
06-12 16:27:11.371 E/AndroidRuntime( 4335): Process: io.appium.uiautomator2.server, PID: 4335
06-12 16:27:11.371 E/AndroidRuntime( 4335): java.lang.IllegalStateException: UiAutomation not connected, UiAutomation@30745d0[id=-1, flags=0]
06-12 16:27:11.371 E/AndroidRuntime( 4335): 	at android.app.UiAutomation.throwIfNotConnectedLocked(UiAutomation.java:1239)
06-12 16:27:11.371 E/AndroidRuntime( 4335): 	at android.app.UiAutomation.disconnect(UiAutomation.java:296)
06-12 16:27:11.371 E/AndroidRuntime( 4335): 	at android.app.Instrumentation.finish(Instrumentation.java:249)
06-12 16:27:11.371 E/AndroidRuntime( 4335): 	at androidx.test.runner.MonitoringInstrumentation.finish(MonitoringInstrumentation.java:409)
06-12 16:27:11.371 E/AndroidRuntime( 4335): 	at androidx.test.runner.AndroidJUnitRunner.onStart(AndroidJUnitRunner.java:474)
06-12 16:27:11.371 E/AndroidRuntime( 4335): 	at android.app.Instrumentation$InstrumentationThread.run(Instrumentation.java:2205)
06-12 16:27:11.428 I/[ 5906.783636@0]  binder(    0): 632:5485 transaction failed 29189/-22, size 340-0 line 2705
06-12 16:27:11.428 I/[ 5906.784488@3]  binder(    0): 632:665 transaction failed 29189/-22, size 88-0 line 2705
--------- beginning of main
06-12 16:27:12.565 D/Glide   ( 1781): Finished loading Bitmap from LOCAL for com.bumptech.glide.gifdecoder.StandardGifDecoder@fb55452 with size [314x176] in 15.022625 ms
06-12 16:27:12.576 D/stbdpc  (  405): STB_DPGetNumPaths[570]: num_paths: 1
06-12 16:27:12.583 W/[ 5907.940504@0]  RTW(    0): fill_default_txdesc(wlan0): SP Packet(0x0806) rate=0x4 SeqNum = 3616
06-12 16:27:12.598 D/Glide   ( 1781): Finished loading Bitmap from LOCAL for com.bumptech.glide.gifdecoder.StandardGifDecoder@fb55452 with size [314x176] in 7.439958 ms
06-12 16:27:12.641 D/JioStbInactivityTimer(  933): Timer: count 16 warningTimeout:10680 timeout:10800
06-12 16:27:12.642 D/JioStbInactivityTimer(  933): isUserActive: Curr:5890535 Prev:5890535
06-12 16:27:12.649 D/Glide   ( 1781): Finished loading Bitmap from LOCAL for com.bumptech.glide.gifdecoder.StandardGifDecoder@fb55452 with size [314x176] in 17.41 ms
06-12 16:27:12.676 D/stbdpc  (  405): STB_DPGetNumPaths[570]: num_paths: 1
06-12 16:27:12.681 D/Glide   ( 1781): Finished loading Bitmap from LOCAL for com.bumptech.glide.gifdecoder.StandardGifDecoder@fb55452 with size [314x176] in 8.872708 ms
06-12 16:27:12.708 D/dvb_iptv(  405): ReadEmmNetworkTask[1537]: EMM Select Timeout Occured 41
06-12 16:27:12.715 D/Glide   ( 1781): Finished loading Bitmap from LOCAL for com.bumptech.glide.gifdecoder.StandardGifDecoder@fb55452 with size [314x176] in 2.105833 ms
06-12 16:27:12.723 E/adbd    ( 7938): failed to connect to socket 'tcp:6790': Connection refused
06-12 16:27:12.734 I/tomator2.serve( 5517): The ClassLoaderContext is a special shared library.
06-12 16:27:12.737 I/chatty  ( 5517): uid=10096(io.appium.uiautomator2.server) identical 1 line
06-12 16:27:12.740 I/tomator2.serve( 5517): The ClassLoaderContext is a special shared library.
06-12 16:27:12.743 W/tomator2.serve( 5517): ClassLoaderContext classpath size mismatch. expected=0, found=3 (PCL[]{PCL[/system/framework/android.test.base.jar*3223074991]#PCL[/system/framework/android.test.mock.jar*3465107378]{PCL[/system/framework/android.test.base.jar*3223074991]}#PCL[/system/framework/android.test.runner.jar*1831602180]{PCL[/system/framework/android.test.base.jar*3223074991]#PCL[/system/framework/android.test.mock.jar*3465107378]{PCL[/system/framework/android.test.base.jar*3223074991]}}} | PCL[/system/framework/android.test.runner.jar*1831602180:/system/framework/android.test.mock.jar*3465107378:/system/framework/android.test.base.jar*3223074991])
06-12 16:27:12.750 W/tomator2.serve( 5517): ClassLoaderContext classpath size mismatch. expected=0, found=7 (PCL[] | PCL[/system/framework/android.test.runner.jar*1831602180:/system/framework/android.test.mock.jar*3465107378:/system/framework/android.test.base.jar*3223074991:/data/app/~~vz-LI613mzCW1_tI8sJdSA==/io.appium.uiautomator2.server.test-pndtPeicsSbNz5ltJNtTXA==/base.apk*2370577946:/data/app/~~vz-LI613mzCW1_tI8sJdSA==/io.appium.uiautomator2.server.test-pndtPeicsSbNz5ltJNtTXA==/base.apk!classes2.dex*3874714895:/data/app/~~vz-LI613mzCW1_tI8sJdSA==/io.appium.uiautomator2.server.test-pndtPeicsSbNz5ltJNtTXA==/base.apk!classes3.dex*1176165195:/data/app/~~vz-LI613mzCW1_tI8sJdSA==/io.appium.uiautomator2.server.test-pndtPeicsSbNz5ltJNtTXA==/base.apk!classes4.dex*2511881386])
06-12 16:27:12.756 I/uncher.relianc( 1781): oneway function results will be dropped but finished with status OK and parcel size 4
06-12 16:27:12.759 I/e.swalekh.abct( 1336): oneway function results will be dropped but finished with status OK and parcel size 4
06-12 16:27:12.765 D/Glide   ( 1781): Finished loading Bitmap from LOCAL for com.bumptech.glide.gifdecoder.StandardGifDecoder@fb55452 with size [314x176] in 11.2075 ms
06-12 16:27:12.767 D/JioSTBMRServer-SERVICE( 3304): InetSocketAddress(InetAddress.getByName(inetAddress.hostAddress)-/192.168.1.255
06-12 16:27:12.767 D/JioSTBMRServer-SERVICE( 3304): #beacon:RKISBFJ60000097:0:false:0:1:SV=181024 , 192.168.1.255
