06-12 20:01:28.415 I/merc    ( 1781): Response headers for V53040369: {null=HTTP/1.1 200 OK, date=Thu, 12 Jun 2025 14:31:28 GMT, x-request-id=8109074a-9ce0-44fc-9771-0b98b833f343, content-length=108, x-android-selected-protocol=http/1.1, x-android-response-source=NETWORK 200, x-android-received-millis=1749738688413, x-android-sent-millis=1749738688380, x-jio-nwhit=0, x-jio-data={"csl":"{\"csl\":1,\"sev\":[3,2,4]}","ls":"{}","nwhit":"0","adrt":"0","ae":"1","loc":"{\"cn\":\"\",\"st\":\"\",\"ct\":\"\",\"pn\":\"\"}"}, x-jio-allowextraction=1, x-jio-loc={"cn":"","st":"","ct":"","pn":""}, x-jio-csl={"csl":1,"sev":[3,2,4]}, x-jio-ls={}, content-type=application/json; charset=UTF-8, x-jio-adreqtimeout=0}
06-12 20:01:28.415 I/merc    ( 1781): Ad response for V53040369
06-12 20:01:28.416 E/merc    ( 1781): inside isMultiAdEnabled block and status is not success so trying backup ads
06-12 20:01:28.416 D/merc    ( 1781): 236ef7e6 :proceedWithAdRequest
06-12 20:01:28.416 D/merc    ( 1781): 236ef7e6 : packageName: com.iwedia.ui.rjio.launcher.reliance
06-12 20:01:28.416 D/merc    ( 1781): 236ef7e6 : checking if masterConfig available in model: com.iwedia.ui.rjio.launcher.reliance
06-12 20:01:28.418 D/stbdpc  (  405): STB_DPGetNumPaths[570]: num_paths: 1
06-12 20:01:28.421 D/merc    ( 1781): V53040369 : shouldCheckProd :false
06-12 20:01:28.422 D/merc    ( 1781): V53040369: isUsingVolley: false
06-12 20:01:28.422 D/merc    ( 1781): V53040369: Inside getBackupAd()
06-12 20:01:28.424 D/merc    ( 1781): V53040369: No backup ads
06-12 20:01:28.424 I/merc    ( 1781): Ad headers for V53040369: {x-jio-data={"adrt":0,"at":8,"ma":1,"mdt":0,"med":"","nwhit":0,"plr":0,"pmnd":-1,"pmxd":-1,"pod":0,"podc":0,"rwin":0,"vr":4656,"adseq":"","ae":"1","ls":"{}","csl":"{\"csl\":1,\"sev\":[3,2,4]}"}}
06-12 20:01:28.425 I/merc    ( 1781): Ad response for V53040369
06-12 20:01:28.425 D/merc    ( 1781): 
06-12 20:01:28.426 D/merc    ( 1781): V53040369: inside isTrustedApp single ad 1
06-12 20:01:28.426 D/merc    ( 1781): V53040369: InitMediationHeaderArray for Single Ad 
06-12 20:01:28.426 D/merc    ( 1781): V53040369: Not a mediation ad so returning false
06-12 20:01:28.427 D/merc    ( 1781): globalIdHeader: 
06-12 20:01:28.427 D/merc    ( 1781): V53040369: Ad sequencing value , isHeader = true
06-12 20:01:28.428 D/merc    ( 1781): V53040369: Inside adReportingToServer: ErrorTitle= No Fill
06-12 20:01:28.429 D/merc    ( 1781): V53040369 replaced url for reporting https://mercury.akamaized.net/dl/gao.gif?asi=7491&a=3168&adrqs=1&adres=0&fs=0
06-12 20:01:28.429 D/merc    ( 1781): inside getUserAgent
06-12 20:01:28.429 D/merc    ( 1781): returning useragent
06-12 20:01:28.430 D/merc    ( 1781): V53040369: Request Timeout value considered 20
06-12 20:01:28.430 D/merc    ( 1781): V53040369: isUsingVolley: false
06-12 20:01:28.430 D/merc    ( 1781): shouldUseVolley: false
06-12 20:01:28.430 D/merc    ( 1781): Volley library is available
06-12 20:01:28.430 D/merc    ( 1781): 236ef7e6 : masterconfig fetched from sp
06-12 20:01:28.430 D/merc    ( 1781): 236ef7e6 : masterconfig from sp parsed into model
06-12 20:01:28.430 D/merc    ( 1781): 236ef7e6 :te value taken from app level 1
06-12 20:01:28.430 D/merc    ( 1781): 236ef7e6 :MultiAd feature is enabled, te:1
06-12 20:01:28.430 D/merc    ( 1781): 236ef7e6 : checking if multiad response model available
06-12 20:01:28.431 D/merc    ( 1781): 236ef7e6: loa in adview predefined
06-12 20:01:28.431 D/merc    ( 1781): 236ef7e6: language/language of article: en_us
06-12 20:01:28.431 D/merc    ( 1781): requested method value is 0
06-12 20:01:28.431 D/merc    ( 1781): 236ef7e6 : multiad response model not available, fetching from SP & parsing
06-12 20:01:28.431 D/merc    ( 1781): 236ef7e6 : fetching multiad response from SP
06-12 20:01:28.431 D/merc    ( 1781): 236ef7e6 : multiad response parsed
06-12 20:01:28.431 D/merc    ( 1781): oldMasterConfigVersion is null means 1st ad request
06-12 20:01:28.431 D/merc    ( 1781): 236ef7e6 :Throttle logic enabled, index 8
06-12 20:01:28.432 D/merc    ( 1781): getDomainName: ["mercury.jio.com"]
06-12 20:01:28.432 D/merc    ( 1781): getDomainName: 0
06-12 20:01:28.432 D/merc    ( 1781): 236ef7e6 :Selected Domain name: null request method: null
06-12 20:01:28.432 D/merc    ( 1781): 236ef7e6: loa in adview predefined
06-12 20:01:28.432 D/merc    ( 1781): inside makeAdRequest.isMultiAdEnabled : true requested method 1 , teValue 1
06-12 20:01:28.432 D/merc    ( 1781): 236ef7e6: Request Timeout value considered 20
06-12 20:01:28.433 D/merc    ( 1781): getting isLimitAdTrackingEnabled flag  from sharedPRef: false
06-12 20:01:28.433 D/merc    ( 1781): getting uid from sharedPRef: 1492550698
06-12 20:01:28.436 D/merc    ( 1781): mccmnc: 
06-12 20:01:28.437 D/merc    ( 1781): inside getUserAgent
06-12 20:01:28.437 D/merc    ( 1781): returning useragent
06-12 20:01:28.437 I/merc    ( 1781): actual device width :: 1920
06-12 20:01:28.437 I/merc    ( 1781): actual device height:: 1080
06-12 20:01:28.441 D/merc    ( 1781): isMultiAdEnabled: true & teValue: 1
06-12 20:01:28.442 D/merc    ( 1781): 236ef7e6: MultiAd Invocation url = https://mercury.jio.com/delivery/mapi.php?asi=236ef7e6&fn=1&md_loa=en_us&md_avr=45.00.00.012&vr=AN-1.15.95&os=1&ifa=0cf3c8c0-a174-bbb7-8484-2391977f34ac&lt=0&uid=1492550698&trq=1749738688433&ai=com.iwedia.ui.rjio.launcher.reliance&av=45.00.00.012&lc=eng_IN&md_lang=eng_IN&ua=Mozilla%2F5.0+%28Linux%3B+Android+11%3B+JMSB200A+Build%2F22.1.09%3B+wv%29+AppleWebKit%2F537.36+%28KHTML%2C+like+Gecko%29+Version%2F4.0+Chrome%2F83.0.4103.120+Mobile+Safari%2F537.36&mn=JMSB200A&md_dvm=JMSB200A&br=Jio&md_dvb=Jio&osv=11&md_osv=11&sw=1080&sh=1920&dt=4&ap=1&md_nt=1&sn=RKISBFJ60000097&md_srid=RKISBFJ60000097&tz=India+Standard+Time&md_hr=20&md_min=1&md_hsid=b623b14e7e6e9902712f12eb50c116d2bff7c000&md_sid=RKISBFJ60000097&ao=l&te=1&cgi=defaultCGI
06-12 20:01:28.442 D/merc    ( 1781): 236ef7e6: inside getHeaderToSend()
06-12 20:01:28.442 D/merc    ( 1781): 236ef7e6: existing fcap value: null
06-12 20:01:28.442 D/merc    ( 1781): 236ef7e6: Returning header: 
06-12 20:01:28.442 D/merc    ( 1781): Request headers for 236ef7e6: {ls={}, mid={}, accept-encoding=gzip}
06-12 20:01:28.442 D/merc    ( 1781): shouldUseVolley: false
06-12 20:01:28.442 D/merc    ( 1781): Volley library is available
06-12 20:01:28.442 D/merc    ( 1781): requested method value is 1
06-12 20:01:28.444 D/merc    ( 1781): Requested URL HTTP statusCode = 404
06-12 20:01:28.445 D/merc    ( 1781): Error while CDN logging.Response code: 404 ,error: IOException while network call. 
06-12 20:01:28.445 D/JioLauncher( 1781): new-promotion Inside onAdFailedToLoad Title: No Fill and code: m104 adspotid V53040369 position 2 localadsId V53040369
06-12 20:01:28.446 D/JioLauncher( 1781): ipl_ads-promotion call count 3-promotionList.size-5-promottionList-[NewAdsConfig(adspotId=914af59f, pkgName=, bannerType=0, position=1, bannerFull=1720x476, bannerHalf=860x476, status=1, custom=Custom(bannerUrl=, bannerName=null, shortBannerUrl=, videoUrl=, videoLayout=0, videoAds=1, ctaUrl=, ctaKey=, bannerDeeplink=, deeplinkCta=, webUrl=null)), NewAdsConfig(adspotId=V53040369, pkgName=, bannerType=0, position=2, bannerFull=1720x476, bannerHalf=860x476, status=1, custom=Custom(bannerUrl=, bannerName=, shortBannerUrl=, videoUrl=, videoLayout=0, videoAds=1, ctaUrl=, ctaKey=, bannerDeeplink=, deeplinkCta=, webUrl=)), NewAdsConfig(adspotId=cd6096ca, pkgName=, bannerType=0, position=3, bannerFull=1720x476, bannerHalf=759x476, status=1, custom=Custom(bannerUrl=, bannerName=JIO-NEWS-CRICSCORE, shortBannerUrl=, videoUrl=, videoLayout=0, videoAds=1, ctaUrl=, ctaKey=, bannerDeeplink=, deeplinkCta=, webUrl=https://widget.jionews.com/jionews-cricketwidget-vdo/prod/index.html)), NewAdsConfig(adspotId=ba67a65c, pkgName=, bannerType=0, position=4, bannerFull=1720x476, bannerHalf=759x476, status=1, custom=Custom(bannerUrl=, bannerName=null, shortBannerUrl=null, videoUrl=, videoLayout=, videoAds=0, ctaUrl=null, ctaKey=null, bannerDeeplink=, deeplinkCta=null, webUrl=null)), NewAdsConfig(adspotId=236ef7e6, pkgName=, bannerType=0, position=5, bannerFull=1720x476, bannerHalf=759x476, status=1, custom=Custom(bannerUrl=, bannerName=null, shortBannerUrl=null, videoUrl=, videoLayout=, videoAds=0, ctaUrl=null, ctaKey=null, bannerDeeplink=, deeplinkCta=null, webUrl=null))]
06-12 20:01:28.447 D/merc    ( 1781): V53040369: shouldStartFiboTimer-->  false
06-12 20:01:28.513 D/merc    ( 1781): Requested URL HTTP statusCode = 200
06-12 20:01:28.514 D/merc    ( 1781): N/w Latency in MS: 72
06-12 20:01:28.515 I/merc    ( 1781): Response headers for 236ef7e6: {null=HTTP/1.1 200 OK, date=Thu, 12 Jun 2025 14:31:28 GMT, x-request-id=4c4ea9b8-dcea-4b4a-a9cd-f26d1b7ff46d, content-length=108, x-android-selected-protocol=http/1.1, x-android-response-source=NETWORK 200, x-android-received-millis=1749738688513, x-android-sent-millis=1749738688484, x-jio-nwhit=0, x-jio-data={"csl":"{\"csl\":1,\"sev\":[3,2,4]}","ls":"{}","nwhit":"0","adrt":"0","ae":"1","loc":"{\"cn\":\"\",\"st\":\"\",\"ct\":\"\",\"pn\":\"\"}"}, x-jio-allowextraction=1, x-jio-loc={"cn":"","st":"","ct":"","pn":""}, x-jio-csl={"csl":1,"sev":[3,2,4]}, x-jio-ls={}, content-type=application/json; charset=UTF-8, x-jio-adreqtimeout=0}
06-12 20:01:28.515 I/merc    ( 1781): Ad response for 236ef7e6
06-12 20:01:28.515 E/merc    ( 1781): inside isMultiAdEnabled block and status is not success so trying backup ads
06-12 20:01:28.516 D/merc    ( 1781): ba67a65c :proceedWithAdRequest
06-12 20:01:28.516 D/merc    ( 1781): ba67a65c : packageName: com.iwedia.ui.rjio.launcher.reliance
06-12 20:01:28.516 D/merc    ( 1781): ba67a65c : checking if masterConfig available in model: com.iwedia.ui.rjio.launcher.reliance
06-12 20:01:28.518 D/stbdpc  (  405): STB_DPGetNumPaths[570]: num_paths: 1
06-12 20:01:28.519 D/merc    ( 1781): 236ef7e6 : shouldCheckProd :false
06-12 20:01:28.520 D/merc    ( 1781): 236ef7e6: isUsingVolley: false
06-12 20:01:28.520 D/merc    ( 1781): 236ef7e6: Inside getBackupAd()
06-12 20:01:28.520 D/merc    ( 1781): 236ef7e6: No backup ads
06-12 20:01:28.521 I/merc    ( 1781): Ad headers for 236ef7e6: {x-jio-data={"adrt":0,"at":8,"ma":1,"mdt":0,"med":"","nwhit":0,"plr":0,"pmnd":-1,"pmxd":-1,"pod":0,"podc":0,"rwin":0,"vr":4653,"adseq":"","ae":"1","ls":"{}","csl":"{\"csl\":1,\"sev\":[3,2,4]}"}}
06-12 20:01:28.521 I/merc    ( 1781): Ad response for 236ef7e6
06-12 20:01:28.521 D/merc    ( 1781): 
06-12 20:01:28.521 D/merc    ( 1781): 236ef7e6: inside isTrustedApp single ad 1
06-12 20:01:28.522 D/merc    ( 1781): 236ef7e6: InitMediationHeaderArray for Single Ad 
06-12 20:01:28.522 D/merc    ( 1781): 236ef7e6: Not a mediation ad so returning false
06-12 20:01:28.523 D/merc    ( 1781): globalIdHeader: 
06-12 20:01:28.523 D/merc    ( 1781): 236ef7e6: Ad sequencing value , isHeader = true
06-12 20:01:28.524 D/merc    ( 1781): 236ef7e6: Inside adReportingToServer: ErrorTitle= No Fill
06-12 20:01:28.524 D/merc    ( 1781): 236ef7e6 replaced url for reporting https://mercury.akamaized.net/dl/gao.gif?asi=7500&a=3168&adrqs=1&adres=0&fs=0
06-12 20:01:28.524 D/merc    ( 1781): inside getUserAgent
06-12 20:01:28.524 D/merc    ( 1781): returning useragent
06-12 20:01:28.525 D/merc    ( 1781): 236ef7e6: Request Timeout value considered 20
06-12 20:01:28.525 D/merc    ( 1781): 236ef7e6: isUsingVolley: false
06-12 20:01:28.525 D/merc    ( 1781): shouldUseVolley: false
06-12 20:01:28.525 D/merc    ( 1781): Volley library is available
06-12 20:01:28.525 D/merc    ( 1781): requested method value is 0
06-12 20:01:28.528 D/merc    ( 1781): ba67a65c : masterconfig fetched from sp
06-12 20:01:28.529 D/merc    ( 1781): ba67a65c : masterconfig from sp parsed into model
06-12 20:01:28.529 D/merc    ( 1781): ba67a65c :te value taken from app level 1
06-12 20:01:28.529 D/merc    ( 1781): ba67a65c :MultiAd feature is enabled, te:1
06-12 20:01:28.529 D/merc    ( 1781): ba67a65c : checking if multiad response model available
06-12 20:01:28.529 D/merc    ( 1781): ba67a65c: loa in adview predefined
06-12 20:01:28.529 D/merc    ( 1781): ba67a65c: language/language of article: en_us
06-12 20:01:28.529 D/merc    ( 1781): ba67a65c : multiad response model not available, fetching from SP & parsing
06-12 20:01:28.529 D/merc    ( 1781): ba67a65c : fetching multiad response from SP
06-12 20:01:28.529 D/merc    ( 1781): ba67a65c : multiad response parsed
06-12 20:01:28.529 D/merc    ( 1781): oldMasterConfigVersion is null means 1st ad request
06-12 20:01:28.530 D/merc    ( 1781): ba67a65c :Throttle logic enabled, index 2
06-12 20:01:28.530 D/merc    ( 1781): getDomainName: ["mercury.jio.com"]
06-12 20:01:28.530 D/merc    ( 1781): getDomainName: 0
06-12 20:01:28.530 D/merc    ( 1781): ba67a65c :Selected Domain name: null request method: null
06-12 20:01:28.530 D/merc    ( 1781): ba67a65c: loa in adview predefined
06-12 20:01:28.530 D/merc    ( 1781): inside makeAdRequest.isMultiAdEnabled : true requested method 1 , teValue 1
06-12 20:01:28.530 D/merc    ( 1781): ba67a65c: Request Timeout value considered 20
06-12 20:01:28.530 D/merc    ( 1781): getting isLimitAdTrackingEnabled flag  from sharedPRef: false
06-12 20:01:28.530 D/merc    ( 1781): getting uid from sharedPRef: 1492550698
06-12 20:01:28.533 D/merc    ( 1781): mccmnc: 
06-12 20:01:28.534 D/merc    ( 1781): inside getUserAgent
06-12 20:01:28.534 D/merc    ( 1781): returning useragent
06-12 20:01:28.534 I/merc    ( 1781): actual device width :: 1920
06-12 20:01:28.534 I/merc    ( 1781): actual device height:: 1080
06-12 20:01:28.538 D/merc    ( 1781): isMultiAdEnabled: true & teValue: 1
06-12 20:01:28.539 D/merc    ( 1781): ba67a65c: MultiAd Invocation url = https://mercury.jio.com/delivery/mapi.php?asi=ba67a65c&fn=1&md_loa=en_us&md_avr=45.00.00.012&vr=AN-1.15.95&os=1&ifa=0cf3c8c0-a174-bbb7-8484-2391977f34ac&lt=0&uid=1492550698&trq=1749738688531&ai=com.iwedia.ui.rjio.launcher.reliance&av=45.00.00.012&lc=eng_IN&md_lang=eng_IN&ua=Mozilla%2F5.0+%28Linux%3B+Android+11%3B+JMSB200A+Build%2F22.1.09%3B+wv%29+AppleWebKit%2F537.36+%28KHTML%2C+like+Gecko%29+Version%2F4.0+Chrome%2F83.0.4103.120+Mobile+Safari%2F537.36&mn=JMSB200A&md_dvm=JMSB200A&br=Jio&md_dvb=Jio&osv=11&md_osv=11&sw=1080&sh=1920&dt=4&ap=1&md_nt=1&sn=RKISBFJ60000097&md_srid=RKISBFJ60000097&tz=India+Standard+Time&md_hr=20&md_min=1&md_hsid=b623b14e7e6e9902712f12eb50c116d2bff7c000&md_sid=RKISBFJ60000097&ao=l&te=1&cgi=defaultCGI
06-12 20:01:28.539 D/merc    ( 1781): ba67a65c: inside getHeaderToSend()
06-12 20:01:28.539 D/merc    ( 1781): ba67a65c: existing fcap value: null
06-12 20:01:28.539 D/merc    ( 1781): ba67a65c: Returning header: 
06-12 20:01:28.539 D/merc    ( 1781): Request headers for ba67a65c: {ls={}, mid={}, accept-encoding=gzip}
06-12 20:01:28.539 D/merc    ( 1781): shouldUseVolley: false
06-12 20:01:28.539 D/merc    ( 1781): Volley library is available
06-12 20:01:28.539 D/merc    ( 1781): requested method value is 1
06-12 20:01:28.609 D/merc    ( 1781): Requested URL HTTP statusCode = 200
06-12 20:01:28.609 D/merc    ( 1781): N/w Latency in MS: 70
06-12 20:01:28.610 I/merc    ( 1781): Response headers for ba67a65c: {null=HTTP/1.1 200 OK, date=Thu, 12 Jun 2025 14:31:28 GMT, x-request-id=147374d6-353c-49fe-bebc-2faaf10519d5, content-length=108, x-android-selected-protocol=http/1.1, x-android-response-source=NETWORK 200, x-android-received-millis=1749738688609, x-android-sent-millis=1749738688580, x-jio-nwhit=0, x-jio-data={"csl":"{\"csl\":1,\"sev\":[3,2,4]}","ls":"{}","nwhit":"0","adrt":"0","ae":"1","loc":"{\"cn\":\"\",\"st\":\"\",\"ct\":\"\",\"pn\":\"\"}"}, x-jio-allowextraction=1, x-jio-loc={"cn":"","st":"","ct":"","pn":""}, x-jio-csl={"csl":1,"sev":[3,2,4]}, x-jio-ls={}, content-type=application/json; charset=UTF-8, x-jio-adreqtimeout=0}
06-12 20:01:28.610 I/merc    ( 1781): Ad response for ba67a65c
06-12 20:01:28.610 E/merc    ( 1781): inside isMultiAdEnabled block and status is not success so trying backup ads
06-12 20:01:28.618 D/stbdpc  (  405): STB_DPGetNumPaths[570]: num_paths: 1
06-12 20:01:28.622 D/merc    ( 1781): ba67a65c : shouldCheckProd :false
06-12 20:01:28.622 D/merc    ( 1781): ba67a65c: isUsingVolley: false
06-12 20:01:28.622 D/merc    ( 1781): ba67a65c: Inside getBackupAd()
06-12 20:01:28.622 D/merc    ( 1781): ba67a65c: No backup ads
06-12 20:01:28.623 I/merc    ( 1781): Ad headers for ba67a65c: {x-jio-data={"adrt":0,"at":8,"ma":1,"mdt":0,"med":"","nwhit":0,"plr":0,"pmnd":-1,"pmxd":-1,"pod":0,"podc":0,"rwin":0,"vr":4654,"adseq":"","ae":"1","ls":"{}","csl":"{\"csl\":1,\"sev\":[3,2,4]}"}}
06-12 20:01:28.624 I/merc    ( 1781): Ad response for ba67a65c
06-12 20:01:28.624 D/merc    ( 1781): 
06-12 20:01:28.624 D/merc    ( 1781): ba67a65c: inside isTrustedApp single ad 1
06-12 20:01:28.624 D/merc    ( 1781): ba67a65c: InitMediationHeaderArray for Single Ad 
06-12 20:01:28.624 D/merc    ( 1781): ba67a65c: Not a mediation ad so returning false
06-12 20:01:28.625 D/merc    ( 1781): globalIdHeader: 
06-12 20:01:28.626 D/merc    ( 1781): ba67a65c: Ad sequencing value , isHeader = true
06-12 20:01:28.626 D/merc    ( 1781): ba67a65c: Inside adReportingToServer: ErrorTitle= No Fill
06-12 20:01:28.627 D/merc    ( 1781): ba67a65c replaced url for reporting https://mercury.akamaized.net/dl/gao.gif?asi=7497&a=3168&adrqs=1&adres=0&fs=0
06-12 20:01:28.627 D/merc    ( 1781): inside getUserAgent
06-12 20:01:28.627 D/merc    ( 1781): returning useragent
06-12 20:01:28.627 D/merc    ( 1781): ba67a65c: Request Timeout value considered 20
06-12 20:01:28.627 D/merc    ( 1781): ba67a65c: isUsingVolley: false
06-12 20:01:28.628 D/merc    ( 1781): shouldUseVolley: false
06-12 20:01:28.628 D/merc    ( 1781): Volley library is available
06-12 20:01:28.628 D/merc    ( 1781): requested method value is 0
06-12 20:01:28.715 E/ocessService0:( 2273): failed to create Unix domain socket: Operation not permitted
06-12 20:01:28.718 D/stbdpc  (  405): STB_DPGetNumPaths[570]: num_paths: 1
06-12 20:01:28.735 D/dvb_iptv(  405): ReadEmmNetworkTask[1537]: EMM Select Timeout Occured 7
06-12 20:01:28.819 D/stbdpc  (  405): STB_DPGetNumPaths[570]: num_paths: 1
06-12 20:01:28.919 D/stbdpc  (  405): STB_DPGetNumPaths[570]: num_paths: 1
06-12 20:01:28.945 I/.startv.hotsta(26421): oneway function results will be dropped but finished with status OK and parcel size 4
06-12 20:01:28.948 I/e.swalekh.abct( 1336): oneway function results will be dropped but finished with status OK and parcel size 4
06-12 20:01:28.955 D/JioSTBMRServer-SERVICE( 3304): InetSocketAddress(InetAddress.getByName(inetAddress.hostAddress)-/192.168.1.255
06-12 20:01:28.955 D/JioSTBMRServer-SERVICE( 3304): #beacon:RKISBFJ60000097:0:false:0:1:SV=181024 , 192.168.1.255
06-12 20:01:28.958 D/JioSTBMRServer-SERVICE( 3304): InetSocketAddress(InetAddress.getByName(inetAddress.hostAddress)-/192.168.1.255
06-12 20:01:28.958 D/JioSTBMRServer-SERVICE( 3304): #broadcast IP:192.168.1.255
06-12 20:01:29.019 D/stbdpc  (  405): STB_DPGetNumPaths[570]: num_paths: 1
06-12 20:01:29.036 F/linker  (26671): CANNOT LINK EXECUTABLE "/system/bin/smartcable/smartCableSTBApp": library "libmosquitto.so" not found: needed by main executable
06-12 20:01:29.074 D/rtk_heartbeat(  351): heartbeat_timed_out: heartbeatCmdCount = 18737, expected nextSeqNum = 18737
06-12 20:01:29.075 D/rtk_heartbeat(  351): rtkbt_heartbeat_cmpl_cback: Current SeqNum = 18737,should SeqNum=18737, status = 0
06-12 20:01:29.119 D/stbdpc  (  405): STB_DPGetNumPaths[570]: num_paths: 1
06-12 20:01:29.219 D/stbdpc  (  405): STB_DPGetNumPaths[570]: num_paths: 1
06-12 20:01:29.235 D/dvb_iptv(  405): ReadEmmNetworkTask[1537]: EMM Select Timeout Occured 8
06-12 20:01:29.320 D/stbdpc  (  405): STB_DPGetNumPaths[570]: num_paths: 1
06-12 20:01:29.381 D/JioStbInactivityTimer(  933): Timer: count 7250 warningTimeout:10680 timeout:10800
06-12 20:01:29.381 D/JioStbInactivityTimer(  933): isUserActive: Curr:11512457 Prev:11512457
06-12 20:01:29.420 D/stbdpc  (  405): STB_DPGetNumPaths[570]: num_paths: 1
06-12 20:01:29.511 W/[18764.865520@2]  RTW(    0): fill_default_txdesc(wlan0): SP Packet(0x0806) rate=0x4 SeqNum = 564
06-12 20:01:29.520 I/chatty  (  405): uid=0(root) DK-SiCntrl identical 1 line
06-12 20:01:29.620 D/stbdpc  (  405): STB_DPGetNumPaths[570]: num_paths: 1
06-12 20:01:29.631 I/JioBackgroundSchedulerService( 2785): Check schedule  
06-12 20:01:29.720 D/stbdpc  (  405): STB_DPGetNumPaths[570]: num_paths: 1
06-12 20:01:29.735 D/dvb_iptv(  405): ReadEmmNetworkTask[1537]: EMM Select Timeout Occured 9
06-12 20:01:29.821 D/stbdpc  (  405): STB_DPGetNumPaths[570]: num_paths: 1
06-12 20:01:29.921 D/stbdpc  (  405): STB_DPGetNumPaths[570]: num_paths: 1
06-12 20:01:29.976 I/ThermalService(  986): CPU temperatures: [62.9]
06-12 20:01:29.986 D/JioLauncher( 1781): ipl_ads-promotion call count onPromotionUpdate-Promotion
06-12 20:01:29.987 D/JioLauncher( 1781): promotion-array-size-2
06-12 20:01:29.987 D/JioLauncher( 1781): promotion-xx-else
06-12 20:01:29.987 D/JioLauncher( 1781): promotion-xx-else-1
06-12 20:01:29.988 D/merc    ( 1781): 914af59f: publisher called getNativeAd()
06-12 20:01:29.989 D/JioLauncher( 1781): addData-1
06-12 20:01:29.989 D/JioLauncher( 1781): promo-list-saving-to-global: [{"position":3,"adSpotId":"cd6096ca","image":""},{"position":1,"adSpotId":"914af59f","image":"https:\/\/mercury.akamaized.net\/i\/ddffc3193f07b691ebf1ef162bb1bf83_69918_0.jpg"}]
06-12 20:01:29.989 D/JioLauncher( 1781): setupPagerIndidcatorDots 2
06-12 20:01:29.989 D/JioLauncher( 1781): promo-list-saving: [{"position":3,"adSpotId":"cd6096ca","image":""},{"position":1,"adSpotId":"914af59f","image":"https:\/\/mercury.akamaized.net\/i\/ddffc3193f07b691ebf1ef162bb1bf83_69918_0.jpg"}]
06-12 20:01:29.991 D/JioLauncher( 1781): promo-update-indicator--position 0
06-12 20:01:29.992 D/JioLauncher( 1781): promotion-xx-else-3
06-12 20:01:29.992 D/JioLauncher( 1781): menu-promotion-xx-else-3
06-12 20:01:29.992 D/JioLauncher( 1781): promotion-focused-called-for-first-time-true defaultPromoFocus 0 false
06-12 20:01:29.993 I/merc    ( 1781): V53040369: Developer called onDestroy()
06-12 20:01:29.996 D/merc    ( 1781): OM library is not added
06-12 20:01:29.996 D/merc    ( 1781): OM library is not added
06-12 20:01:29.996 D/merc    ( 1781): Inside onDestroy of JioAdViewController
06-12 20:01:29.997 D/merc    ( 1781): Releasing Companion Manager
06-12 20:01:29.997 D/JioLauncher( 1781): promotion-array-size-2
06-12 20:01:29.997 D/JioLauncher( 1781): promotion-xx-else
06-12 20:01:29.998 D/JioLauncher( 1781): promotion-xx-else-1
06-12 20:01:29.998 D/JioLauncher( 1781): addData-1
06-12 20:01:29.998 D/JioLauncher( 1781): setupPagerIndidcatorDots 2
06-12 20:01:29.998 D/JioLauncher( 1781): promo-update-indicator--position 0
06-12 20:01:29.998 D/JioLauncher( 1781): promotion-xx-else-3
06-12 20:01:29.998 D/JioLauncher( 1781): menu-promotion-xx-else-3
06-12 20:01:29.998 D/JioLauncher( 1781): promotion-focused-called-for-first-time-true defaultPromoFocus 0 false
06-12 20:01:30.021 D/stbdpc  (  405): STB_DPGetNumPaths[570]: num_paths: 1
06-12 20:01:30.074 D/rtk_heartbeat(  351): heartbeat_timed_out: heartbeatCmdCount = 18738, expected nextSeqNum = 18738
06-12 20:01:30.075 D/rtk_heartbeat(  351): rtkbt_heartbeat_cmpl_cback: Current SeqNum = 18738,should SeqNum=18738, status = 0
06-12 20:01:30.121 D/stbdpc  (  405): STB_DPGetNumPaths[570]: num_paths: 1
06-12 20:01:30.221 D/stbdpc  (  405): STB_DPGetNumPaths[570]: num_paths: 1
06-12 20:01:30.236 D/dvb_iptv(  405): ReadEmmNetworkTask[1537]: EMM Select Timeout Occured 10
06-12 20:01:30.253 D/ltts_ip_emm(  405): LTTS_IP_DMXStartEMM[381]: parse_emm_cat_status failed
06-12 20:01:30.322 D/stbdpc  (  405): STB_DPGetNumPaths[570]: num_paths: 1
06-12 20:01:30.381 D/JioStbInactivityTimer(  933): Timer: count 7251 warningTimeout:10680 timeout:10800
06-12 20:01:30.381 D/JioStbInactivityTimer(  933): isUserActive: Curr:11512457 Prev:11512457
06-12 20:01:30.422 D/stbdpc  (  405): STB_DPGetNumPaths[570]: num_paths: 1
06-12 20:01:30.522 I/chatty  (  405): uid=0(root) DK-SiCntrl identical 1 line
06-12 20:01:30.622 D/stbdpc  (  405): STB_DPGetNumPaths[570]: num_paths: 1
06-12 20:01:30.676 E/WifiVendorHal(  632): getWifiLinkLayerStats_1_3_Internal(l.973) failed {.code = ERROR_UNKNOWN, .description = unknown error}
06-12 20:01:30.722 D/stbdpc  (  405): STB_DPGetNumPaths[570]: num_paths: 1
06-12 20:01:30.736 D/dvb_iptv(  405): ReadEmmNetworkTask[1537]: EMM Select Timeout Occured 11
06-12 20:01:30.754 E/ocessService0:( 2273): failed to create Unix domain socket: Operation not permitted
06-12 20:01:30.823 D/stbdpc  (  405): STB_DPGetNumPaths[570]: num_paths: 1
06-12 20:01:30.923 D/stbdpc  (  405): STB_DPGetNumPaths[570]: num_paths: 1
06-12 20:01:30.983 I/.startv.hotsta(26421): oneway function results will be dropped but finished with status OK and parcel size 4
06-12 20:01:30.985 I/e.swalekh.abct( 1336): oneway function results will be dropped but finished with status OK and parcel size 4
06-12 20:01:30.995 D/JioSTBMRServer-SERVICE( 3304): InetSocketAddress(InetAddress.getByName(inetAddress.hostAddress)-/192.168.1.255
06-12 20:01:30.995 D/JioSTBMRServer-SERVICE( 3304): #beacon:RKISBFJ60000097:0:false:0:1:SV=181024 , 192.168.1.255
06-12 20:01:31.002 D/JioSTBMRServer-SERVICE( 3304): InetSocketAddress(InetAddress.getByName(inetAddress.hostAddress)-/192.168.1.255
06-12 20:01:31.002 D/JioSTBMRServer-SERVICE( 3304): #broadcast IP:192.168.1.255
06-12 20:01:31.023 D/stbdpc  (  405): STB_DPGetNumPaths[570]: num_paths: 1
06-12 20:01:31.030 I/DTVKit  (  405): request[114]: 'CmnNoti.onDvbIpPacketDetails' // '[]'
06-12 20:01:31.030 D/stbresmgr(  405): STB_RESNumTuners[315]: num_tuners: 3
06-12 20:01:31.030 E/dvb_iptv(  405): IPTV_GetDvbIpPacketDetails[684]: No valid ECM iptv_handle
06-12 20:01:31.031 D/dvb_iptv(  405): IPTV_GetDvbIpPacketDetails[688]: EMM Pkt stat received_packets:0 lost_packets:0 recov_packets:0 
06-12 20:01:31.031 E/CommonClientNotiCbUtilsIntf(  405): onDvbIpPacketDetails[97]: Failure of Getting DvbIpDetails
06-12 20:01:31.031 D/CommonClientNotiCbUtilsImpl( 1621): Not Received Valid Info
06-12 20:01:31.042 D/JioLauncher( 1781): overlay status check for wifi and bt remote false false
06-12 20:01:31.045 D/Match code1( 1449): 2
06-12 20:01:31.045 D/JIO_TR069-( 1449): Predefined List [com.jio.stb.catv, com.rjil.jiostbsetting, com.iwedia.ui.rjio.launcher.reliance, com.jio.stb.hotellauncher, com.jio.media.oberoi, com.jio.ott]
06-12 20:01:31.047 D/JIO_TR069-( 1449): Caller Package com.iwedia.ui.rjio.launcher.reliance
06-12 20:01:31.047 D/JIO_TR069-( 1449): White Listed Apps []
06-12 20:01:31.048 D/JIO_TR069-( 1449): Final White Listed Apps [com.jio.stb.catv, com.rjil.jiostbsetting, com.iwedia.ui.rjio.launcher.reliance, com.jio.stb.hotellauncher, com.jio.media.oberoi, com.jio.ott, ]
06-12 20:01:31.050 D/JioLauncher( 1781): network-type-------NonJioNetwork
06-12 20:01:31.053 D/JioLauncher( 1781): live-tv-previousIp-[/fe80::1%wlan0, /192.168.1.1]-newHost-[/fe80::1%wlan0, /192.168.1.1]
06-12 20:01:31.074 D/rtk_heartbeat(  351): heartbeat_timed_out: heartbeatCmdCount = 18739, expected nextSeqNum = 18739
06-12 20:01:31.076 D/rtk_heartbeat(  351): rtkbt_heartbeat_cmpl_cback: Current SeqNum = 18739,should SeqNum=18739, status = 0
06-12 20:01:31.123 D/stbdpc  (  405): STB_DPGetNumPaths[570]: num_paths: 1
06-12 20:01:31.223 D/stbdpc  (  405): STB_DPGetNumPaths[570]: num_paths: 1
06-12 20:01:31.236 D/dvb_iptv(  405): ReadEmmNetworkTask[1537]: EMM Select Timeout Occured 12
06-12 20:01:31.323 D/stbdpc  (  405): STB_DPGetNumPaths[570]: num_paths: 1
06-12 20:01:31.382 D/JioStbInactivityTimer(  933): Timer: count 7252 warningTimeout:10680 timeout:10800
06-12 20:01:31.382 D/JioStbInactivityTimer(  933): isUserActive: Curr:11512457 Prev:11512457
06-12 20:01:31.424 D/stbdpc  (  405): STB_DPGetNumPaths[570]: num_paths: 1
06-12 20:01:31.476 D/[18766.831748@0]  logd(    0): logdr: UID=0 GID=0 PID=26676 n tail=0 logMask=99 pid=0 start=0ns timeout=0ns
06-12 20:01:31.624 I/chatty  (  405): uid=0(root) DK-SiCntrl identical 2 lines
06-12 20:01:31.724 D/stbdpc  (  405): STB_DPGetNumPaths[570]: num_paths: 1
06-12 20:01:31.736 D/dvb_iptv(  405): ReadEmmNetworkTask[1537]: EMM Select Timeout Occured 13
06-12 20:01:31.825 D/stbdpc  (  405): STB_DPGetNumPaths[570]: num_paths: 1
06-12 20:01:31.835 D/[18767.190553@3]  logd(    0): logdr: UID=0 GID=0 PID=26694 b tail=0 logMask=99 pid=0 start=0ns timeout=0ns
06-12 20:01:31.837 D/[18767.193646@1]  logd(    0): Skipping 4294967295 entries from slow reader, pid 26694, from LogBuffer::kickMe()
06-12 20:01:31.841 I/ActivityTaskManager(  632): START u0 {flg=0x10000000 cmp=com.netflix.ninja/.MainActivity} from uid 0
06-12 20:01:31.841 D/ActivityStarter(  632):  
06-12 20:01:31.841 D/ActivityStarter(  632): launchedPkgName :: com.netflix.ninja 
06-12 20:01:31.841 D/ActivityStarter(  632): callingPackage :: com.android.shell 
06-12 20:01:31.841 D/ActivityStarter(  632): callingUid :: 0 
06-12 20:01:31.841 D/ActivityStarter(  632): callingPid :: 26696
06-12 20:01:31.841 D/ActivityTaskManager(  632): OTHER app is launched
06-12 20:01:31.860 V/DigitalSignage(  632): Package Name: null
06-12 20:01:31.860 V/DigitalSignage(  632): Left: 0
06-12 20:01:31.860 V/DigitalSignage(  632): Right: 0
06-12 20:01:31.860 V/DigitalSignage(  632): Top: 0
06-12 20:01:31.860 V/DigitalSignage(  632): Bottom: 0
06-12 20:01:31.861 D/DigitalSignage(  632): else - Package Name :: null left : 0 right :: 0 top :: 0 bottom :: 0 dfu-right :: 1920 dfu-bottom :: 1080
06-12 20:01:31.864 I/cmd     (26696): oneway function results will be dropped but finished with status OK and parcel size 4
06-12 20:01:31.870 D/SessionLifecycleClient(26421): Sending lifecycle 2 to service
06-12 20:01:31.870 D/SessionLifecycleService(26421): Activity backgrounding at 18767226
06-12 20:01:31.873 D/CompatibilityChangeReporter(  632): Compat change id reported: 135634846; UID 10065; state: DISABLED
06-12 20:01:31.874 D/CompatibilityChangeReporter(  632): Compat change id reported: 143937733; UID 10065; state: ENABLED
06-12 20:01:31.896 V/DigitalSignage(  632): Package Name: null
06-12 20:01:31.896 V/DigitalSignage(  632): Left: 0
06-12 20:01:31.896 V/DigitalSignage(  632): Right: 0
06-12 20:01:31.896 V/DigitalSignage(  632): Top: 0
06-12 20:01:31.896 V/DigitalSignage(  632): Bottom: 0
06-12 20:01:31.896 D/DigitalSignage(  632): else - Package Name :: null left : 0 right :: 0 top :: 0 bottom :: 0 dfu-right :: 1920 dfu-bottom :: 1080
06-12 20:01:31.920 D/Zygote  (  326): Forked child process 26702
06-12 20:01:31.925 D/stbdpc  (  405): STB_DPGetNumPaths[570]: num_paths: 1
06-12 20:01:31.925 V/DigitalSignage(  632): Package Name: null
06-12 20:01:31.925 V/DigitalSignage(  632): Left: 0
06-12 20:01:31.925 V/DigitalSignage(  632): Right: 0
06-12 20:01:31.925 V/DigitalSignage(  632): Top: 0
06-12 20:01:31.925 V/DigitalSignage(  632): Bottom: 0
06-12 20:01:31.925 D/DigitalSignage(  632): else - Package Name :: null left : 0 right :: 0 top :: 0 bottom :: 0 dfu-right :: 1920 dfu-bottom :: 1080
06-12 20:01:31.926 W/ActivityManager(  632): Slow operation: 53ms so far, now at startProcess: returned from zygote!
06-12 20:01:31.932 W/ActivityManager(  632): Slow operation: 59ms so far, now at startProcess: done updating battery stats
06-12 20:01:31.932 W/ActivityManager(  632): Slow operation: 59ms so far, now at startProcess: building log message
06-12 20:01:31.932 I/ActivityManager(  632): Start proc 26702:com.netflix.ninja/u0a65 for pre-top-activity {com.netflix.ninja/com.netflix.ninja.MainActivity}
06-12 20:01:31.932 W/ActivityManager(  632): Slow operation: 60ms so far, now at startProcess: starting to update pids map
06-12 20:01:31.933 W/ActivityManager(  632): Slow operation: 60ms so far, now at startProcess: done updating pids map
06-12 20:01:31.935 D/memtrack_aml(  367): sysfs path
06-12 20:01:31.947 I/adbd    ( 7938): jdwp connection from 26702
06-12 20:01:31.970 D/ActivityTaskManager(  632): JioHomeManagerService :: ActivityRecord :: setState :: StateFrom :: DESTROYED StateTo :: RESUMED 
06-12 20:01:31.994 I/android.hardware.power-service.libperfmgr(  369): Power setBoost: INTERACTION duration: 0
06-12 20:01:31.994 I/libperfmgr(  369): Do Powerhint: INTERACTION
06-12 20:01:31.997 I/m.netflix.ninj(26702): The ClassLoaderContext is a special shared library.
06-12 20:01:31.998 V/DigitalSignage(  632): Package Name: null
06-12 20:01:31.998 V/DigitalSignage(  632): Left: 0
06-12 20:01:31.998 V/DigitalSignage(  632): Right: 0
06-12 20:01:31.998 V/DigitalSignage(  632): Top: 0
06-12 20:01:31.998 V/DigitalSignage(  632): Bottom: 0
06-12 20:01:31.998 D/DigitalSignage(  632): else - Package Name :: null left : 0 right :: 0 top :: 0 bottom :: 0 dfu-right :: 1920 dfu-bottom :: 1080
06-12 20:01:32.000 I/ThermalService(  986): CPU temperatures: [65.9]
06-12 20:01:32.005 D/ActivityManager(  632): JioHomeManagerService :: StateFrom :: DESTROYED StateTo :: RESUMED Activity :: com.netflix.ninja/com.netflix.ninja.MainActivity Action :: com.jio.remote.action.applaunch
06-12 20:01:32.007 D/NetflixService(  986): onForegroundActivitiesChanged pid:26702,uid:10065,fg:true
06-12 20:01:32.013 V/DigitalSignage(  632): Package Name: null
06-12 20:01:32.013 V/DigitalSignage(  632): Left: 0
06-12 20:01:32.013 V/DigitalSignage(  632): Right: 0
06-12 20:01:32.013 V/DigitalSignage(  632): Top: 0
06-12 20:01:32.013 V/DigitalSignage(  632): Bottom: 0
06-12 20:01:32.013 D/DigitalSignage(  632): else - Package Name :: null left : 0 right :: 0 top :: 0 bottom :: 0 dfu-right :: 1920 dfu-bottom :: 1080
06-12 20:01:32.025 D/stbdpc  (  405): STB_DPGetNumPaths[570]: num_paths: 1
06-12 20:01:32.025 D/NetflixService(  986): processName:com.netflix.ninja,importance:100
06-12 20:01:32.025 I/NetflixService(  986): Netflix status changed from bg -> fg
06-12 20:01:32.031 I/audio_hw_primary(  350): adev_set_parameters(0xf58ee3c0, kv: continuous_audio_mode=1)
06-12 20:01:32.031 I/audio_hw_primary(  350): adev_set_parameters ignore the continuous_audio_mode!
06-12 20:01:32.058 D/nativeloader(26702): classloader namespace configured for unbundled product apk. library_path=/product/app/Netflix/lib/arm:/product/app/Netflix/Netflix.apk!/lib/armeabi-v7a:/product/lib:/system/product/lib
06-12 20:01:32.074 D/rtk_heartbeat(  351): heartbeat_timed_out: heartbeatCmdCount = 18740, expected nextSeqNum = 18740
06-12 20:01:32.076 D/rtk_heartbeat(  351): rtkbt_heartbeat_cmpl_cback: Current SeqNum = 18740,should SeqNum=18740, status = 0
06-12 20:01:32.099 D/NetworkSecurityConfig(26702): Using Network Security Config from resource network_security_config debugBuild: false
06-12 20:01:32.106 D/NetworkSecurityConfig(26702): Using Network Security Config from resource network_security_config debugBuild: false
06-12 20:01:32.125 D/stbdpc  (  405): STB_DPGetNumPaths[570]: num_paths: 1
06-12 20:01:32.152 D/MulticastUtils( 1781): Timeout 5000ms IOException:Poll timed out
06-12 20:01:32.161 W/ComponentDiscovery(26702): Class com.google.firebase.dynamicloading.DynamicLoadingRegistrar is not an found.
06-12 20:01:32.165 D/JioLauncher( 1781): connected-network-status  1 status true time 0 lPreviousIp [/fe80::1%wlan0, /192.168.1.1] isLiveOnTop() false isOneTimeVisisbleStatus false-remoteConnectedTime-0
06-12 20:01:32.172 I/FirebaseApp(26702): Device unlocked: initializing all Firebase APIs for app [DEFAULT]
06-12 20:01:32.183 I/FirebaseInitProvider(26702): FirebaseApp initialization successful
06-12 20:01:32.194 E/FirebaseInstanceId(26702): Google Play services missing or without correct permission.
06-12 20:01:32.225 D/stbdpc  (  405): STB_DPGetNumPaths[570]: num_paths: 1
06-12 20:01:32.236 D/dvb_iptv(  405): ReadEmmNetworkTask[1537]: EMM Select Timeout Occured 14
06-12 20:01:32.253 D/ltts_ip_emm(  405): LTTS_IP_DMXStartEMM[381]: parse_emm_cat_status failed
06-12 20:01:32.312 I/TetheringManager(26702): registerTetheringEventCallback:com.netflix.ninja
06-12 20:01:32.325 D/stbdpc  (  405): STB_DPGetNumPaths[570]: num_paths: 1
06-12 20:01:32.348 W/which   (26738): type=1400 audit(0.0:24158): avc: denied { getattr } for path="/system/xbin/su" dev="dm-6" ino=3153 scontext=u:r:untrusted_app:s0:c65,c256,c512,c768 tcontext=u:object_r:su_exec:s0 tclass=file permissive=0 app=com.netflix.ninja
06-12 20:01:32.359 D/ConnectivityService(  632): requestNetwork for uid/pid:10065/26702 NetworkRequest [ TRACK_DEFAULT id=86, [ Capabilities: INTERNET&NOT_RESTRICTED&TRUSTED Uid: 10065 AdministratorUids: [] RequestorUid: 10065 RequestorPackageName: com.netflix.ninja] ]
06-12 20:01:32.364 D/ConnectivityService(  632): NetReassign [86 : null  100]
06-12 20:01:32.364 D/Ethernet(  632): got request NetworkRequest [ TRACK_DEFAULT id=86, [ Capabilities: INTERNET&NOT_RESTRICTED&TRUSTED Uid: 10065 AdministratorUids: [] RequestorUid: 10065 RequestorPackageName: com.netflix.ninja] ] with score 60 and providerId 2
06-12 20:01:32.365 D/UntrustedWifiNetworkFactory(  632): got request NetworkRequest [ TRACK_DEFAULT id=86, [ Capabilities: INTERNET&NOT_RESTRICTED&TRUSTED Uid: 10065 AdministratorUids: [] RequestorUid: 10065 RequestorPackageName: com.netflix.ninja] ] with score 60 and providerId 2
06-12 20:01:32.365 D/WifiNetworkFactory(  632): got request NetworkRequest [ TRACK_DEFAULT id=86, [ Capabilities: INTERNET&NOT_RESTRICTED&TRUSTED Uid: 10065 AdministratorUids: [] RequestorUid: 10065 RequestorPackageName: com.netflix.ninja] ] with score 60 and providerId 2
06-12 20:01:32.381 D/JioStbInactivityTimer(  933): Timer: count 7253 warningTimeout:10680 timeout:10800
06-12 20:01:32.382 D/JioStbInactivityTimer(  933): isUserActive: Curr:11512457 Prev:11512457
06-12 20:01:32.395 V/DigitalSignage(  632): Package Name: null
06-12 20:01:32.396 V/DigitalSignage(  632): Left: 0
06-12 20:01:32.396 V/DigitalSignage(  632): Right: 0
06-12 20:01:32.396 V/DigitalSignage(  632): Top: 0
06-12 20:01:32.396 V/DigitalSignage(  632): Bottom: 0
06-12 20:01:32.397 D/DigitalSignage(  632): else - Package Name :: null left : 0 right :: 0 top :: 0 bottom :: 0 dfu-right :: 1920 dfu-bottom :: 1080
06-12 20:01:32.399 V/DigitalSignage(  632): Package Name: null
06-12 20:01:32.400 V/DigitalSignage(  632): Left: 0
06-12 20:01:32.400 V/DigitalSignage(  632): Right: 0
06-12 20:01:32.400 V/DigitalSignage(  632): Top: 0
06-12 20:01:32.400 V/DigitalSignage(  632): Bottom: 0
06-12 20:01:32.400 D/DigitalSignage(  632): else - Package Name :: null left : 0 right :: 0 top :: 0 bottom :: 0 dfu-right :: 1920 dfu-bottom :: 1080
06-12 20:01:32.415 E/BufferQueueProducer(  404): [in.startv.hotstar/com.hotstar.MainActivity#0](id:19400000126,api:0,p:-1,c:404) disconnect: not connected (req=1)
06-12 20:01:32.416 W/libEGL  (26421): EGLNativeWindowType 0xf5ab0808 disconnect failed
06-12 20:01:32.417 V/DigitalSignage(  632): Package Name: null
06-12 20:01:32.417 V/DigitalSignage(  632): Left: 0
06-12 20:01:32.417 V/DigitalSignage(  632): Right: 0
06-12 20:01:32.417 V/DigitalSignage(  632): Top: 0
06-12 20:01:32.417 V/DigitalSignage(  632): Bottom: 0
06-12 20:01:32.417 D/DigitalSignage(  632): else - Package Name :: null left : 0 right :: 0 top :: 0 bottom :: 0 dfu-right :: 1920 dfu-bottom :: 1080
06-12 20:01:32.426 D/stbdpc  (  405): STB_DPGetNumPaths[570]: num_paths: 1
06-12 20:01:32.526 D/stbdpc  (  405): STB_DPGetNumPaths[570]: num_paths: 1
06-12 20:01:32.576 I/lowmemorykiller(  233): medium memory pressure event is triggered for new strategy
06-12 20:01:32.576 D/lowmemorykiller(  233): LMKD mp_event_psi kill_reasons available are PRESSURE_AFTER_KILL, NOT_RESPONDING, LOW_SWAP_AND_THRASHING, LOW_MEM_AND_SWAP, LOW_MEM_AND_THRASHING, DIRECT_RECL_AND_THRASHING
06-12 20:01:32.576 D/lowmemorykiller(  233): LMKD mp_event_psi kill_reason received= -1
06-12 20:01:32.585 I/netflix-activity(26702): Set Netflix-Ui Size to 1920x1080
06-12 20:01:32.626 D/stbdpc  (  405): STB_DPGetNumPaths[570]: num_paths: 1
06-12 20:01:32.639 I/MediaFocusControl(  632): requestAudioFocus() from uid/pid 10065/26702 clientId=android.media.AudioManager@189e5f8com.netflix.ninja.MainActivity@32f9ae0 callingPack=com.netflix.ninja req=1 flags=0x0 sdk=34
06-12 20:01:32.640 I/MediaFocusControl(  632): notifyAudioFocusGain. com.netflix.ninja
06-12 20:01:32.642 D/AppOptimizerAudioFocusReceiver( 1699): onReceive, Receive broadcast message, com.jio.stb.AUDIO_FOCUS_GAIN
06-12 20:01:32.642 D/AppOptimizerAudioFocusReceiver( 1699): Recvd broadcast; Current Audio Focus=com.netflix.ninja
06-12 20:01:32.642 D/AppOptimizerAudioFocusReceiver( 1699): calling removeApp method
06-12 20:01:32.644 D/CustomBootReceiver( 1834): onReceive, Receive broadcast message, com.jio.stb.AUDIO_FOCUS_GAIN
06-12 20:01:32.644 D/CustomBootReceiver( 1834): Recvd broadcast; Audio Focus change from package : com.netflix.ninja
06-12 20:01:32.676 I/lowmemorykiller(  233): medium memory pressure event is triggered for new strategy
06-12 20:01:32.676 D/lowmemorykiller(  233): LMKD mp_event_psi kill_reasons available are PRESSURE_AFTER_KILL, NOT_RESPONDING, LOW_SWAP_AND_THRASHING, LOW_MEM_AND_SWAP, LOW_MEM_AND_THRASHING, DIRECT_RECL_AND_THRASHING
06-12 20:01:32.676 D/lowmemorykiller(  233): LMKD mp_event_psi kill_reason received= -1
06-12 20:01:32.679 V/DigitalSignage(  632): Package Name: null
06-12 20:01:32.679 V/DigitalSignage(  632): Left: 0
06-12 20:01:32.679 V/DigitalSignage(  632): Right: 0
06-12 20:01:32.679 V/DigitalSignage(  632): Top: 0
06-12 20:01:32.679 V/DigitalSignage(  632): Bottom: 0
06-12 20:01:32.680 D/DigitalSignage(  632): else - Package Name :: null left : 0 right :: 0 top :: 0 bottom :: 0 dfu-right :: 1920 dfu-bottom :: 1080
06-12 20:01:32.680 V/DigitalSignage(  632): Package Name: null
06-12 20:01:32.680 V/DigitalSignage(  632): Left: 0
06-12 20:01:32.680 V/DigitalSignage(  632): Right: 0
06-12 20:01:32.680 V/DigitalSignage(  632): Top: 0
06-12 20:01:32.680 V/DigitalSignage(  632): Bottom: 0
06-12 20:01:32.680 D/DigitalSignage(  632): else - Package Name :: null left : 0 right :: 0 top :: 0 bottom :: 0 dfu-right :: 1920 dfu-bottom :: 1080
06-12 20:01:32.692 I/hwservicemanager(  235): getTransport: Cannot find entry android.hardware.configstore@1.0::ISurfaceFlingerConfigs/default in either framework or device manifest.
06-12 20:01:32.726 D/stbdpc  (  405): STB_DPGetNumPaths[570]: num_paths: 1
06-12 20:01:32.736 D/dvb_iptv(  405): ReadEmmNetworkTask[1537]: EMM Select Timeout Occured 15
06-12 20:01:32.776 I/lowmemorykiller(  233): medium memory pressure event is triggered for new strategy
06-12 20:01:32.777 D/lowmemorykiller(  233): LMKD mp_event_psi kill_reasons available are PRESSURE_AFTER_KILL, NOT_RESPONDING, LOW_SWAP_AND_THRASHING, LOW_MEM_AND_SWAP, LOW_MEM_AND_THRASHING, DIRECT_RECL_AND_THRASHING
06-12 20:01:32.777 D/lowmemorykiller(  233): LMKD mp_event_psi kill_reason received= -1
06-12 20:01:32.794 E/ocessService0:( 2273): failed to create Unix domain socket: Operation not permitted
06-12 20:01:32.795 V/DigitalSignage(  632): Package Name: null
06-12 20:01:32.795 V/DigitalSignage(  632): Left: 0
06-12 20:01:32.796 V/DigitalSignage(  632): Right: 0
06-12 20:01:32.796 V/DigitalSignage(  632): Top: 0
06-12 20:01:32.796 V/DigitalSignage(  632): Bottom: 0
06-12 20:01:32.796 D/DigitalSignage(  632): else - Package Name :: null left : 0 right :: 0 top :: 0 bottom :: 0 dfu-right :: 1920 dfu-bottom :: 1080
06-12 20:01:32.796 V/DigitalSignage(  632): Package Name: null
06-12 20:01:32.796 V/DigitalSignage(  632): Left: 0
06-12 20:01:32.796 V/DigitalSignage(  632): Right: 0
06-12 20:01:32.796 V/DigitalSignage(  632): Top: 0
06-12 20:01:32.796 V/DigitalSignage(  632): Bottom: 0
06-12 20:01:32.796 D/DigitalSignage(  632): else - Package Name :: null left : 0 right :: 0 top :: 0 bottom :: 0 dfu-right :: 1920 dfu-bottom :: 1080
06-12 20:01:32.799 V/DigitalSignage(  632): Package Name: null
06-12 20:01:32.799 V/DigitalSignage(  632): Left: 0
06-12 20:01:32.799 V/DigitalSignage(  632): Right: 0
06-12 20:01:32.799 V/DigitalSignage(  632): Top: 0
06-12 20:01:32.799 V/DigitalSignage(  632): Bottom: 0
06-12 20:01:32.799 D/DigitalSignage(  632): else - Package Name :: null left : 0 right :: 0 top :: 0 bottom :: 0 dfu-right :: 1920 dfu-bottom :: 1080
06-12 20:01:32.799 V/DigitalSignage(  632): Package Name: null
06-12 20:01:32.799 V/DigitalSignage(  632): Left: 0
06-12 20:01:32.799 V/DigitalSignage(  632): Right: 0
06-12 20:01:32.799 V/DigitalSignage(  632): Top: 0
06-12 20:01:32.799 V/DigitalSignage(  632): Bottom: 0
06-12 20:01:32.799 D/DigitalSignage(  632): else - Package Name :: null left : 0 right :: 0 top :: 0 bottom :: 0 dfu-right :: 1920 dfu-bottom :: 1080
06-12 20:01:32.808 V/DigitalSignage(  632): Package Name: null
06-12 20:01:32.808 V/DigitalSignage(  632): Left: 0
06-12 20:01:32.808 V/DigitalSignage(  632): Right: 0
06-12 20:01:32.808 V/DigitalSignage(  632): Top: 0
06-12 20:01:32.808 V/DigitalSignage(  632): Bottom: 0
06-12 20:01:32.808 D/DigitalSignage(  632): else - Package Name :: null left : 0 right :: 0 top :: 0 bottom :: 0 dfu-right :: 1920 dfu-bottom :: 1080
06-12 20:01:32.808 V/DigitalSignage(  632): Package Name: null
06-12 20:01:32.808 V/DigitalSignage(  632): Left: 0
06-12 20:01:32.808 V/DigitalSignage(  632): Right: 0
06-12 20:01:32.809 V/DigitalSignage(  632): Top: 0
06-12 20:01:32.809 V/DigitalSignage(  632): Bottom: 0
06-12 20:01:32.809 D/DigitalSignage(  632): else - Package Name :: null left : 0 right :: 0 top :: 0 bottom :: 0 dfu-right :: 1920 dfu-bottom :: 1080
06-12 20:01:32.811 I/android.hardware.power-service.libperfmgr(  369): Power setBoost: INTERACTION duration: 0
06-12 20:01:32.811 I/libperfmgr(  369): Do Powerhint: INTERACTION
06-12 20:01:32.826 D/stbdpc  (  405): STB_DPGetNumPaths[570]: num_paths: 1
06-12 20:01:32.826 W/GooglePlayServicesUtil(26702): com.netflix.ninja requires the Google Play Store, but it is missing.
06-12 20:01:32.832 I/DrmUtils(26702): found android.hardware.drm@1.0::IDrmFactory clearkey
06-12 20:01:32.834 I/DrmUtils(26702): found android.hardware.drm@1.0::IDrmFactory verimatrix
06-12 20:01:32.836 I/DrmUtils(26702): found android.hardware.drm@1.0::IDrmFactory widevine
06-12 20:01:32.837 I/DrmUtils(26702): found android.hardware.drm@1.0::IDrmFactory youtube
06-12 20:01:32.841 I/DrmUtils(26702): found android.hardware.drm@1.1::IDrmFactory clearkey
06-12 20:01:32.843 I/DrmUtils(26702): found android.hardware.drm@1.1::IDrmFactory verimatrix
06-12 20:01:32.846 I/DrmUtils(26702): found android.hardware.drm@1.1::IDrmFactory widevine
06-12 20:01:32.848 I/DrmUtils(26702): found android.hardware.drm@1.1::IDrmFactory youtube
06-12 20:01:32.853 I/DrmUtils(26702): found android.hardware.drm@1.2::IDrmFactory clearkey
06-12 20:01:32.854 I/DrmUtils(26702): found android.hardware.drm@1.2::IDrmFactory verimatrix
06-12 20:01:32.856 I/DrmUtils(26702): found android.hardware.drm@1.2::IDrmFactory widevine
06-12 20:01:32.858 I/DrmUtils(26702): found android.hardware.drm@1.2::IDrmFactory youtube
06-12 20:01:32.864 I/DrmUtils(26702): found android.hardware.drm@1.3::IDrmFactory clearkey
06-12 20:01:32.866 I/DrmUtils(26702): found android.hardware.drm@1.3::IDrmFactory verimatrix
06-12 20:01:32.868 I/DrmUtils(26702): found android.hardware.drm@1.3::IDrmFactory widevine
06-12 20:01:32.870 I/DrmUtils(26702): found android.hardware.drm@1.3::IDrmFactory youtube
06-12 20:01:32.870 W/android.hardware.drm@1.3-service.youtube(  361): isCryptoSchemeSupported, false
06-12 20:01:32.871 I/WVCdm   (  356): [app][com.netflix.ninja] calling virtual Return<void> wvdrm::hardware::drm::V1_3::widevine::WVDrmFactory::createPlugin(const hidl_array<uint8_t, 16> &, const android::hardware::hidl_string &, android::hardware::drm::V1_3::IDrmFactory::createPlugin_cb)
06-12 20:01:32.871 D/WVCdm   (  356): Instantiating CDM.
06-12 20:01:32.872 I/ActivityTaskManager(  632): Displayed com.netflix.ninja/.MainActivity: +959ms
06-12 20:01:32.877 I/lowmemorykiller(  233): medium memory pressure event is triggered for new strategy
06-12 20:01:32.877 D/lowmemorykiller(  233): LMKD mp_event_psi kill_reasons available are PRESSURE_AFTER_KILL, NOT_RESPONDING, LOW_SWAP_AND_THRASHING, LOW_MEM_AND_SWAP, LOW_MEM_AND_THRASHING, DIRECT_RECL_AND_THRASHING
06-12 20:01:32.877 D/lowmemorykiller(  233): LMKD mp_event_psi kill_reason received= -1
06-12 20:01:32.878 I/WVCdm   (  356): [cdm_engine.cpp(573):QueryStatus] Querying status
06-12 20:01:32.883 I/WVCdm   (  356): [file_utils.cpp(40):Exists] stat failed: ENOENT
06-12 20:01:32.883 I/WVCdm   (  356): [oemcrypto_adapter_dynamic.cpp(784):Initialize] Level 3 Build Info (v16): OEMCrypto Level3 Code 29560 Apr 20 2023 19:08:19
06-12 20:01:32.884 I/WVCdm   (  356): [(0):] Level3 Library 29560 Apr 20 2023 19:08:19
06-12 20:01:32.889 I/WVCdm   (  356): [oemcrypto_adapter_dynamic.cpp(798):Initialize] L3 Initialized. Trying L1.
06-12 20:01:32.889 E/oemcrypto_tz(  356): [init_tee:223] 

06-12 20:01:32.889 E/oemcrypto_tz(  356): MM-module-name:Widevine liboemcrypto,Version:16.3-r62-gf8a81be(build:9430)

06-12 20:01:32.889 I/oemcrypto_tz(  356): [OEMCrypto_AllocParamShm:167] OEMCrypto_AllocParamShm OK
06-12 20:01:32.899 E/[18768.254579@2]  selinux(    0): SELinux:  Could not stat /sys/kernel/dmabuf/buffers/3266488/attachments: No such file or directory.
06-12 20:01:32.900 E/[18768.254595@2]  selinux(    0):  
06-12 20:01:32.909 D/WVCdm   (  356): [oemcrypto_adapter_dynamic.cpp(817):Initialize] OEMCrypto_Initialize Level 1 success. I will use level 1.
06-12 20:01:32.909 I/WVCdm   (  356): [oemcrypto_adapter_dynamic.cpp(820):Initialize] Level 1 Build Info (v16): OEMCrypto Ref Code Jan 12 2023 11:05:57
06-12 20:01:32.909 I/WVCdm   (  356): [file_utils.cpp(40):Exists] stat failed: ENOENT
06-12 20:01:32.910 D/WVCdm   (  356): [crypto_session.cpp(371):CacheVersion] OEMCrypto version (default security level): 16.3
06-12 20:01:32.910 D/WVCdm   (  356): [crypto_session.cpp(380):CacheVersion] OEMCrypto version (L3 security level): 16.3
06-12 20:01:32.910 D/WVCdm   (  356): [crypto_session.cpp(805):Open] Opening crypto session: requested_security_level = Default
