06-12 15:05:05.793 D/BufferPoolAccessor2.0(  479): bufferpool2 0xf0cf0698 : 0(0 size) total buffers - 0(0 size) used buffers - 105/109 (recycle/alloc) - 4/109 (fetch/transfer)
06-12 15:05:05.793 D/BufferPoolAccessor2.0(  479): evictor expired: 1, evicted: 1
06-12 15:05:05.801 D/rtk_heartbeat(  351): heartbeat_timed_out: heartbeatCmdCount = 958, expected nextSeqNum = 958
06-12 15:05:05.802 D/rtk_heartbeat(  351): rtkbt_heartbeat_cmpl_cback: Current SeqNum = 958,should SeqNum=958, status = 0
06-12 15:05:05.823 D/stbdpc  (  405): STB_DPGetNumPaths[570]: num_paths: 1
06-12 15:05:05.923 D/stbdpc  (  405): STB_DPGetNumPaths[570]: num_paths: 1
06-12 15:05:05.940 I/ThermalService(  986): CPU temperatures: [60.100002]
06-12 15:05:06.002 D/JioLauncher( 1781): overlay status check for wifi and bt remote false false
06-12 15:05:06.005 D/JioLauncher( 1781): diagnosis-fragment-onConnectivityChanged
06-12 15:05:06.006 D/Match code1( 1449): 2
06-12 15:05:06.007 D/JIO_TR069-( 1449): Predefined List [com.jio.stb.catv, com.rjil.jiostbsetting, com.iwedia.ui.rjio.launcher.reliance, com.jio.stb.hotellauncher, com.jio.media.oberoi, com.jio.ott]
06-12 15:05:06.007 E/WifiVendorHal(  632): getWifiLinkLayerStats_1_3_Internal(l.973) failed {.code = ERROR_UNKNOWN, .description = unknown error}
06-12 15:05:06.010 D/JIO_TR069-( 1449): Caller Package com.iwedia.ui.rjio.launcher.reliance
06-12 15:05:06.010 D/JIO_TR069-( 1449): White Listed Apps []
06-12 15:05:06.010 D/JIO_TR069-( 1449): Final White Listed Apps [com.jio.stb.catv, com.rjil.jiostbsetting, com.iwedia.ui.rjio.launcher.reliance, com.jio.stb.hotellauncher, com.jio.media.oberoi, com.jio.ott, ]
06-12 15:05:06.014 D/JioLauncher( 1781): network-type-------NonJioNetwork
06-12 15:05:06.019 D/JioLauncher( 1781): live-tv-previousIp-[/fe80::1%wlan0, /192.168.1.1]-newHost-[/fe80::1%wlan0, /192.168.1.1]
06-12 15:05:06.023 D/stbdpc  (  405): STB_DPGetNumPaths[570]: num_paths: 1
06-12 15:05:06.026 D/JioLauncher( 1781): diagnosis-network-1
06-12 15:05:06.033 D/JioLauncher( 1781): ThreadCount-127
06-12 15:05:06.033 D/JioLauncher( 1781): isInactivityPopupDisplaying-{"inactivity_status_modified_time":1420050611833,"inactivity_status":false,"inactivity_window_timeout":120000}
06-12 15:05:06.033 D/JioLauncher( 1781): inactivity_status-false- result-false
06-12 15:05:06.033 D/JioLauncher( 1781): overlay-removing-type-JIO_BLOCK_ALERT_TYPE  -isInactivityPopupDisplaying-false
06-12 15:05:06.033 D/JioLauncher( 1781): ThreadCount-127
06-12 15:05:06.033 D/JioLauncher( 1781): isInactivityPopupDisplaying-{"inactivity_status_modified_time":1420050611833,"inactivity_status":false,"inactivity_window_timeout":120000}
06-12 15:05:06.033 D/JioLauncher( 1781): inactivity_status-false- result-false
06-12 15:05:06.033 D/JioLauncher( 1781): block-apps 1 null false
06-12 15:05:06.033 D/JioLauncher( 1781): global-key-unblock-all-key
06-12 15:05:06.034 D/JioLauncher( 1781): block-apps -1 null false
06-12 15:05:06.035 D/JioLauncher( 1781): global-key-block-all-key--others
06-12 15:05:06.035 D/JioLauncher( 1781): diagnosis-block-false
06-12 15:05:06.101 D/dvb_iptv(  405): ReadEmmNetworkTask[1537]: EMM Select Timeout Occured 52
06-12 15:05:06.123 D/stbdpc  (  405): STB_DPGetNumPaths[570]: num_paths: 1
06-12 15:05:06.210 D/JioStbInactivityTimer(  933): Timer: count 88 warningTimeout:10680 timeout:10800
06-12 15:05:06.210 D/JioStbInactivityTimer(  933): isUserActive: Curr:891902 Prev:891902
06-12 15:05:06.224 D/stbdpc  (  405): STB_DPGetNumPaths[570]: num_paths: 1
06-12 15:05:06.324 D/stbdpc  (  405): STB_DPGetNumPaths[570]: num_paths: 1
06-12 15:05:06.365 D/ProfileInstaller( 8214): Skipping profile installation for in.startv.hotstar
06-12 15:05:06.424 D/stbdpc  (  405): STB_DPGetNumPaths[570]: num_paths: 1
06-12 15:05:06.524 D/stbdpc  (  405): STB_DPGetNumPaths[570]: num_paths: 1
06-12 15:05:06.601 D/dvb_iptv(  405): ReadEmmNetworkTask[1537]: EMM Select Timeout Occured 53
06-12 15:05:06.624 D/stbdpc  (  405): STB_DPGetNumPaths[570]: num_paths: 1
06-12 15:05:06.725 D/stbdpc  (  405): STB_DPGetNumPaths[570]: num_paths: 1
06-12 15:05:06.801 D/rtk_heartbeat(  351): heartbeat_timed_out: heartbeatCmdCount = 959, expected nextSeqNum = 959
06-12 15:05:06.803 D/rtk_heartbeat(  351): rtkbt_heartbeat_cmpl_cback: Current SeqNum = 959,should SeqNum=959, status = 0
06-12 15:05:06.825 D/stbdpc  (  405): STB_DPGetNumPaths[570]: num_paths: 1
06-12 15:05:06.879 W/[  982.233793@0]  RTW(    0): fill_default_txdesc(wlan0): SP Packet(0x0806) rate=0x4 SeqNum = 3176
06-12 15:05:06.925 D/stbdpc  (  405): STB_DPGetNumPaths[570]: num_paths: 1
06-12 15:05:06.991 D/JioAppOptimizer( 1699): AppOptimizerService :: handleMessage()
06-12 15:05:06.995 D/JioAppOptimizer( 1699): AppOptimizerService :: handleMessage() : Foreground Package=in.startv.hotstar
06-12 15:05:06.996 D/JioAppOptimizer( 1699): AppOptimizerService :: handleMessage() : Free memory available in MB : 600.75
06-12 15:05:06.997 D/JioAppOptimizer( 1699): AppOptimizerService :: handleMessage() : checkAndRemoveBackgroundApps()
06-12 15:05:06.997 D/JioAppOptimizer( 1699): AppOptimizerService :: checkAndRemoveBackgroundApps()
06-12 15:05:07.000 D/ltts_ip_emm(  405): LTTS_IP_DMXStartEMM[381]: parse_emm_cat_status failed
06-12 15:05:07.025 D/stbdpc  (  405): STB_DPGetNumPaths[570]: num_paths: 1
06-12 15:05:07.101 D/dvb_iptv(  405): ReadEmmNetworkTask[1537]: EMM Select Timeout Occured 54
06-12 15:05:07.125 D/stbdpc  (  405): STB_DPGetNumPaths[570]: num_paths: 1
06-12 15:05:07.210 D/JioStbInactivityTimer(  933): Timer: count 89 warningTimeout:10680 timeout:10800
06-12 15:05:07.211 D/JioStbInactivityTimer(  933): isUserActive: Curr:891902 Prev:891902
06-12 15:05:07.226 D/stbdpc  (  405): STB_DPGetNumPaths[570]: num_paths: 1
06-12 15:05:07.326 D/stbdpc  (  405): STB_DPGetNumPaths[570]: num_paths: 1
06-12 15:05:07.340 E/ocessService0:( 2273): failed to create Unix domain socket: Operation not permitted
06-12 15:05:07.426 D/stbdpc  (  405): STB_DPGetNumPaths[570]: num_paths: 1
06-12 15:05:07.483 D/sub_mixing_factory(  350): [out_standby_subMixingPCM:1324] out_stream(0xf557b000) usecase: PCM_NORMAL
06-12 15:05:07.483 I/sub_mixing_factory(  350): [usecase_change_validate_l_sm:1170] cur dev masks:0x1, delete out usecase:PCM_NORMAL
06-12 15:05:07.483 I/sub_mixing_factory(  350): [usecase_change_validate_l_sm:1180] standby unmask usecase PCM_NORMAL
06-12 15:05:07.483 I/amlAudioMixer(  350): [delete_mixer_input_port:197] input port ID:0, type:PCM_SYSTEM, cur mask:0x1
06-12 15:05:07.485 I/system_server(  632): oneway function results will be dropped but finished with status OK and parcel size 4
06-12 15:05:07.526 D/stbdpc  (  405): STB_DPGetNumPaths[570]: num_paths: 1
06-12 15:05:07.601 D/dvb_iptv(  405): ReadEmmNetworkTask[1537]: EMM Select Timeout Occured 55
06-12 15:05:07.607 I/.startv.hotsta( 8214): oneway function results will be dropped but finished with status OK and parcel size 4
06-12 15:05:07.610 I/e.swalekh.abct( 1336): oneway function results will be dropped but finished with status OK and parcel size 4
06-12 15:05:07.626 D/JioSTBMRServer-SERVICE( 3304): InetSocketAddress(InetAddress.getByName(inetAddress.hostAddress)-/192.168.1.255
06-12 15:05:07.626 D/JioSTBMRServer-SERVICE( 3304): #beacon:RKISBFJ60000097:0:false:0:1:SV=181024 , 192.168.1.255
06-12 15:05:07.626 D/stbdpc  (  405): STB_DPGetNumPaths[570]: num_paths: 1
06-12 15:05:07.631 D/JioSTBMRServer-SERVICE( 3304): InetSocketAddress(InetAddress.getByName(inetAddress.hostAddress)-/192.168.1.255
06-12 15:05:07.631 D/JioSTBMRServer-SERVICE( 3304): #broadcast IP:192.168.1.255
06-12 15:05:07.726 D/stbdpc  (  405): STB_DPGetNumPaths[570]: num_paths: 1
06-12 15:05:07.802 D/rtk_heartbeat(  351): heartbeat_timed_out: heartbeatCmdCount = 960, expected nextSeqNum = 960
06-12 15:05:07.803 D/rtk_heartbeat(  351): rtkbt_heartbeat_cmpl_cback: Current SeqNum = 960,should SeqNum=960, status = 0
06-12 15:05:07.827 D/stbdpc  (  405): STB_DPGetNumPaths[570]: num_paths: 1
06-12 15:05:07.927 D/stbdpc  (  405): STB_DPGetNumPaths[570]: num_paths: 1
06-12 15:05:07.960 I/ThermalService(  986): CPU temperatures: [58.800003]
06-12 15:05:08.027 D/stbdpc  (  405): STB_DPGetNumPaths[570]: num_paths: 1
06-12 15:05:08.102 D/dvb_iptv(  405): ReadEmmNetworkTask[1537]: EMM Select Timeout Occured 56
06-12 15:05:08.127 D/stbdpc  (  405): STB_DPGetNumPaths[570]: num_paths: 1
06-12 15:05:08.210 D/JioStbInactivityTimer(  933): Timer: count 90 warningTimeout:10680 timeout:10800
06-12 15:05:08.210 D/JioStbInactivityTimer(  933): isUserActive: Curr:891902 Prev:891902
06-12 15:05:08.227 D/stbdpc  (  405): STB_DPGetNumPaths[570]: num_paths: 1
06-12 15:05:08.428 I/chatty  (  405): uid=0(root) DK-SiCntrl identical 2 lines
06-12 15:05:08.528 D/stbdpc  (  405): STB_DPGetNumPaths[570]: num_paths: 1
06-12 15:05:08.602 D/dvb_iptv(  405): ReadEmmNetworkTask[1537]: EMM Select Timeout Occured 57
06-12 15:05:08.628 D/stbdpc  (  405): STB_DPGetNumPaths[570]: num_paths: 1
06-12 15:05:08.729 D/stbdpc  (  405): STB_DPGetNumPaths[570]: num_paths: 1
06-12 15:05:08.802 D/rtk_heartbeat(  351): heartbeat_timed_out: heartbeatCmdCount = 961, expected nextSeqNum = 961
06-12 15:05:08.803 D/rtk_heartbeat(  351): rtkbt_heartbeat_cmpl_cback: Current SeqNum = 961,should SeqNum=961, status = 0
06-12 15:05:08.829 D/stbdpc  (  405): STB_DPGetNumPaths[570]: num_paths: 1
06-12 15:05:08.929 D/stbdpc  (  405): STB_DPGetNumPaths[570]: num_paths: 1
06-12 15:05:09.000 D/ltts_ip_emm(  405): LTTS_IP_DMXStartEMM[381]: parse_emm_cat_status failed
06-12 15:05:09.021 E/WifiVendorHal(  632): getWifiLinkLayerStats_1_3_Internal(l.973) failed {.code = ERROR_UNKNOWN, .description = unknown error}
06-12 15:05:09.029 D/stbdpc  (  405): STB_DPGetNumPaths[570]: num_paths: 1
06-12 15:05:09.052 I/JioBackgroundSchedulerService( 2785): Check schedule  
06-12 15:05:09.102 D/dvb_iptv(  405): ReadEmmNetworkTask[1537]: EMM Select Timeout Occured 58
06-12 15:05:09.129 D/stbdpc  (  405): STB_DPGetNumPaths[570]: num_paths: 1
06-12 15:05:09.210 D/JioStbInactivityTimer(  933): Timer: count 91 warningTimeout:10680 timeout:10800
06-12 15:05:09.210 D/JioStbInactivityTimer(  933): isUserActive: Curr:891902 Prev:891902
06-12 15:05:09.230 D/stbdpc  (  405): STB_DPGetNumPaths[570]: num_paths: 1
06-12 15:05:09.330 D/stbdpc  (  405): STB_DPGetNumPaths[570]: num_paths: 1
06-12 15:05:09.373 E/ocessService0:( 2273): failed to create Unix domain socket: Operation not permitted
06-12 15:05:09.430 D/stbdpc  (  405): STB_DPGetNumPaths[570]: num_paths: 1
06-12 15:05:09.521 I/DTVKit  (  405): request[114]: 'CmnNoti.onDvbIpPacketDetails' // '[]'
06-12 15:05:09.522 D/stbresmgr(  405): STB_RESNumTuners[315]: num_tuners: 3
06-12 15:05:09.522 E/dvb_iptv(  405): IPTV_GetDvbIpPacketDetails[684]: No valid ECM iptv_handle
06-12 15:05:09.522 D/dvb_iptv(  405): IPTV_GetDvbIpPacketDetails[688]: EMM Pkt stat received_packets:0 lost_packets:0 recov_packets:0 
06-12 15:05:09.522 E/CommonClientNotiCbUtilsIntf(  405): onDvbIpPacketDetails[97]: Failure of Getting DvbIpDetails
06-12 15:05:09.522 D/CommonClientNotiCbUtilsImpl( 1621): Not Received Valid Info
06-12 15:05:09.530 D/stbdpc  (  405): STB_DPGetNumPaths[570]: num_paths: 1
06-12 15:05:09.602 D/dvb_iptv(  405): ReadEmmNetworkTask[1537]: EMM Select Timeout Occured 59
06-12 15:05:09.630 D/stbdpc  (  405): STB_DPGetNumPaths[570]: num_paths: 1
06-12 15:05:09.657 I/.startv.hotsta( 8214): oneway function results will be dropped but finished with status OK and parcel size 4
06-12 15:05:09.659 I/e.swalekh.abct( 1336): oneway function results will be dropped but finished with status OK and parcel size 4
06-12 15:05:09.667 D/JioSTBMRServer-SERVICE( 3304): InetSocketAddress(InetAddress.getByName(inetAddress.hostAddress)-/192.168.1.255
06-12 15:05:09.667 D/JioSTBMRServer-SERVICE( 3304): #beacon:RKISBFJ60000097:0:false:0:1:SV=181024 , 192.168.1.255
06-12 15:05:09.671 D/JioSTBMRServer-SERVICE( 3304): InetSocketAddress(InetAddress.getByName(inetAddress.hostAddress)-/192.168.1.255
06-12 15:05:09.671 D/JioSTBMRServer-SERVICE( 3304): #broadcast IP:192.168.1.255
06-12 15:05:09.731 D/stbdpc  (  405): STB_DPGetNumPaths[570]: num_paths: 1
06-12 15:05:09.802 D/rtk_heartbeat(  351): heartbeat_timed_out: heartbeatCmdCount = 962, expected nextSeqNum = 962
06-12 15:05:09.803 D/rtk_heartbeat(  351): rtkbt_heartbeat_cmpl_cback: Current SeqNum = 962,should SeqNum=962, status = 0
06-12 15:05:09.831 D/stbdpc  (  405): STB_DPGetNumPaths[570]: num_paths: 1
06-12 15:05:09.931 D/stbdpc  (  405): STB_DPGetNumPaths[570]: num_paths: 1
06-12 15:05:09.976 I/ThermalService(  986): CPU temperatures: [57.600002]
06-12 15:05:10.031 D/stbdpc  (  405): STB_DPGetNumPaths[570]: num_paths: 1
06-12 15:05:10.102 D/dvb_iptv(  405): ReadEmmNetworkTask[1537]: EMM Select Timeout Occured 60
06-12 15:05:10.102 D/stbresmgr(  405): STB_RESNumTuners[315]: num_tuners: 3
06-12 15:05:10.102 E/dvb_iptv(  405): IPTV_GetDvbIpPacketDetails[684]: No valid ECM iptv_handle
06-12 15:05:10.102 D/dvb_iptv(  405): IPTV_GetDvbIpPacketDetails[688]: EMM Pkt stat received_packets:0 lost_packets:0 recov_packets:0 
06-12 15:05:10.102 D/dvb_iptv(  405): getPktDetailOnRetry[710]: Failed to fetch packet details
06-12 15:05:10.103 D/dvb_iptv(  405): ReadEmmNetworkTask[1582]: signal emm restart thread
06-12 15:05:10.103 D/dvb_iptv(  405): IPTV_Emm_Stop[2245]: IPTV_Emm_Stop called
06-12 15:05:10.103 D/ltts_ip_emm(  405): CloseEmmCasSession[446]: EMM CAS CloseSession CASSession ID:f703ac00
06-12 15:05:10.103 I/Aml_MP  (  405): AmlVMXIptvCas_V2 dtor AmlVMXIptvCas_V2
06-12 15:05:10.103 I/Aml_MP  (  405): AmCasLibWrapper [~AmCasLibWrapper:47] 
06-12 15:05:10.103 D/am_cas_api(  405): [releaseAmCas/294]
06-12 15:05:10.103 V/AVPIPTV (  405): [0] ~AmCasIPTVSC2 at # 707, class_instance_index=0
06-12 15:05:10.103 I/Aml_MP  (  405): AmCasLibWrapper delete mCasObj
06-12 15:05:10.103 I/Aml_MP  (  405): AmlCasBase [~AmlCasBase:89] 
06-12 15:05:10.103 D/ltts_ip_emm(  405): CloseEmmCasSession[450]: Aml_MP_CAS_CloseSession_Emm | ret_Aml: 0
06-12 15:05:10.131 D/stbdpc  (  405): STB_DPGetNumPaths[570]: num_paths: 1
06-12 15:05:10.166 D/memtrack_aml(  367): sysfs path
06-12 15:05:10.180 D/memtrack_aml(  367): sysfs path
06-12 15:05:10.210 D/JioStbInactivityTimer(  933): Timer: count 92 warningTimeout:10680 timeout:10800
06-12 15:05:10.210 D/JioStbInactivityTimer(  933): isUserActive: Curr:891902 Prev:891902
06-12 15:05:10.232 D/stbdpc  (  405): STB_DPGetNumPaths[570]: num_paths: 1
06-12 15:05:10.273 F/linker  ( 8466): CANNOT LINK EXECUTABLE "/system/bin/smartcable/smartCableSTBApp": library "libmosquitto.so" not found: needed by main executable
06-12 15:05:10.452 D/[  985.807730@1]  logd(    0): logdr: UID=0 GID=0 PID=8475 b tail=0 logMask=99 pid=0 start=0ns timeout=0ns
06-12 15:05:10.457 I/ActivityTaskManager(  632): START u0 {flg=0x10000000 cmp=com.netflix.ninja/.MainActivity} from uid 0
06-12 15:05:10.458 D/ActivityStarter(  632):  
06-12 15:05:10.458 D/ActivityStarter(  632): launchedPkgName :: com.netflix.ninja 
06-12 15:05:10.458 D/ActivityStarter(  632): callingPackage :: com.android.shell 
06-12 15:05:10.458 D/ActivityStarter(  632): callingUid :: 0 
06-12 15:05:10.458 D/ActivityStarter(  632): callingPid :: 8477
06-12 15:05:10.332 I/chatty  (  405): uid=0(root) DK-SiCntrl identical 1 line
06-12 15:05:10.432 D/stbdpc  (  405): STB_DPGetNumPaths[570]: num_paths: 1
06-12 15:05:10.458 D/ActivityTaskManager(  632): OTHER app is launched
06-12 15:05:10.480 V/DigitalSignage(  632): Package Name: null
06-12 15:05:10.481 V/DigitalSignage(  632): Left: 0
06-12 15:05:10.481 V/DigitalSignage(  632): Right: 0
06-12 15:05:10.481 V/DigitalSignage(  632): Top: 0
06-12 15:05:10.481 V/DigitalSignage(  632): Bottom: 0
06-12 15:05:10.482 D/DigitalSignage(  632): else - Package Name :: null left : 0 right :: 0 top :: 0 bottom :: 0 dfu-right :: 1920 dfu-bottom :: 1080
06-12 15:05:10.496 D/SessionLifecycleClient( 8214): Sending lifecycle 2 to service
06-12 15:05:10.497 D/SessionLifecycleService( 8214): Activity backgrounding at 985852
06-12 15:05:10.517 D/ActivityTaskManager(  632): JioHomeManagerService :: ActivityRecord :: setState :: StateFrom :: INITIALIZING StateTo :: RESUMED 
06-12 15:05:10.521 V/DigitalSignage(  632): Package Name: null
06-12 15:05:10.521 V/DigitalSignage(  632): Left: 0
06-12 15:05:10.521 V/DigitalSignage(  632): Right: 0
06-12 15:05:10.521 V/DigitalSignage(  632): Top: 0
06-12 15:05:10.521 V/DigitalSignage(  632): Bottom: 0
06-12 15:05:10.521 D/DigitalSignage(  632): else - Package Name :: null left : 0 right :: 0 top :: 0 bottom :: 0 dfu-right :: 1920 dfu-bottom :: 1080
06-12 15:05:10.532 D/stbdpc  (  405): STB_DPGetNumPaths[570]: num_paths: 1
06-12 15:05:10.534 D/NetflixService(  986): onForegroundActivitiesChanged pid:4207,uid:10065,fg:true
06-12 15:05:10.540 D/ActivityManager(  632): JioHomeManagerService :: StateFrom :: INITIALIZING StateTo :: RESUMED Activity :: com.netflix.ninja/com.netflix.ninja.MainActivity Action :: com.jio.remote.action.applaunch
06-12 15:05:10.544 D/NetflixService(  986): processName:com.netflix.ninja,importance:100
06-12 15:05:10.545 D/memtrack_aml(  367): sysfs path
06-12 15:05:10.552 I/NetflixService(  986): Netflix status changed from bg -> fg
06-12 15:05:10.552 V/DigitalSignage(  632): Package Name: null
06-12 15:05:10.552 V/DigitalSignage(  632): Left: 0
06-12 15:05:10.552 V/DigitalSignage(  632): Right: 0
06-12 15:05:10.552 V/DigitalSignage(  632): Top: 0
06-12 15:05:10.552 V/DigitalSignage(  632): Bottom: 0
06-12 15:05:10.552 D/DigitalSignage(  632): else - Package Name :: null left : 0 right :: 0 top :: 0 bottom :: 0 dfu-right :: 1920 dfu-bottom :: 1080
06-12 15:05:10.564 I/android.hardware.power-service.libperfmgr(  369): Power setBoost: INTERACTION duration: 0
06-12 15:05:10.564 I/libperfmgr(  369): Do Powerhint: INTERACTION
06-12 15:05:10.572 V/DigitalSignage(  632): Package Name: null
06-12 15:05:10.572 V/DigitalSignage(  632): Left: 0
06-12 15:05:10.572 V/DigitalSignage(  632): Right: 0
06-12 15:05:10.572 V/DigitalSignage(  632): Top: 0
06-12 15:05:10.573 V/DigitalSignage(  632): Bottom: 0
06-12 15:05:10.573 D/DigitalSignage(  632): else - Package Name :: null left : 0 right :: 0 top :: 0 bottom :: 0 dfu-right :: 1920 dfu-bottom :: 1080
06-12 15:05:10.603 D/dvb_iptv(  405): ReadEmmNetworkTask[1537]: EMM Select Timeout Occured 1
06-12 15:05:10.603 D/stbhwnet(  405): STB_NWDropMembership[1331]: using IPV6 protocol in dropmembership
06-12 15:05:10.603 D/stbhwnet(  405): STB_NWDropMembership[1335]: group_address: '232.24.3.241', source_address: '10.70.220.50'
06-12 15:05:10.603 D/stbhwnet(  405): STB_NWDropMembership[1353]: src url SSM enabled
06-12 15:05:10.604 D/stbhwnet(  405): get_any_multicast_interface[1061]: Found g_nw_interface wlan0, ifindex 8
06-12 15:05:10.604 D/stbhwnet(  405): STB_NWDropMembership[1376]: sockopt_ret: 92 | Protocol not available
06-12 15:05:10.604 D/stbhwnet(  405): STB_NWDropMembership[1377]: Adding source multicast group error
06-12 15:05:10.604 D/stbhwnet(  405): STB_NWDropMembership[1331]: using IPV6 protocol in dropmembership
06-12 15:05:10.604 D/stbhwnet(  405): STB_NWDropMembership[1335]: group_address: '232.24.3.241', source_address: '10.70.220.50'
06-12 15:05:10.604 D/stbhwnet(  405): STB_NWDropMembership[1353]: src url SSM enabled
06-12 15:05:10.605 D/stbhwnet(  405): get_any_multicast_interface[1061]: Found g_nw_interface wlan0, ifindex 8
06-12 15:05:10.605 D/stbhwnet(  405): STB_NWDropMembership[1376]: sockopt_ret: 92 | Protocol not available
06-12 15:05:10.605 D/stbhwnet(  405): STB_NWDropMembership[1377]: Adding source multicast group error
06-12 15:05:10.605 D/stbhwnet(  405): STB_NWDropMembership[1331]: using IPV6 protocol in dropmembership
06-12 15:05:10.605 D/stbhwnet(  405): STB_NWDropMembership[1335]: group_address: '232.24.3.241', source_address: '10.70.220.50'
06-12 15:05:10.605 D/stbhwnet(  405): STB_NWDropMembership[1353]: src url SSM enabled
06-12 15:05:10.606 D/stbhwnet(  405): get_any_multicast_interface[1061]: Found g_nw_interface wlan0, ifindex 8
06-12 15:05:10.606 D/stbhwnet(  405): STB_NWDropMembership[1376]: sockopt_ret: 92 | Protocol not available
06-12 15:05:10.606 D/stbhwnet(  405): STB_NWDropMembership[1377]: Adding source multicast group error
06-12 15:05:10.606 D/stbhwnet(  405): STB_NWDropMembership[1331]: using IPV6 protocol in dropmembership
06-12 15:05:10.606 D/stbhwnet(  405): STB_NWDropMembership[1335]: group_address: '232.24.3.241', source_address: '10.70.220.50'
06-12 15:05:10.606 D/stbhwnet(  405): STB_NWDropMembership[1353]: src url SSM enabled
06-12 15:05:10.607 D/stbhwnet(  405): get_any_multicast_interface[1061]: Found g_nw_interface wlan0, ifindex 8
06-12 15:05:10.607 D/stbhwnet(  405): STB_NWDropMembership[1376]: sockopt_ret: 92 | Protocol not available
06-12 15:05:10.607 D/stbhwnet(  405): STB_NWDropMembership[1377]: Adding source multicast group error
06-12 15:05:10.607 E/DvbiInterface(  405): StopStartcurrentemmsession[1192]: sucessfully stop the emm session
06-12 15:05:10.616 I/audio_hw_primary(  350): adev_set_parameters(0xf58ee3c0, kv: continuous_audio_mode=1)
06-12 15:05:10.617 I/audio_hw_primary(  350): adev_set_parameters ignore the continuous_audio_mode!
06-12 15:05:10.632 D/stbdpc  (  405): STB_DPGetNumPaths[570]: num_paths: 1
06-12 15:05:10.703 I/netflix-activity( 4207): Set Netflix-Ui Size to 1920x1080
06-12 15:05:10.722 I/ndroid.systemu(  795): NativeAlloc concurrent copying GC freed 31929(1587KB) AllocSpace objects, 10(264KB) LOS objects, 49% free, 4787KB/9574KB, paused 140us total 142.406ms
06-12 15:05:10.728 I/MediaFocusControl(  632): requestAudioFocus() from uid/pid 10065/4207 clientId=android.media.AudioManager@552d7a9com.netflix.ninja.MainActivity@774e1d7 callingPack=com.netflix.ninja req=1 flags=0x0 sdk=34
06-12 15:05:10.728 I/MediaFocusControl(  632): notifyAudioFocusGain. com.netflix.ninja
06-12 15:05:10.730 D/CustomBootReceiver( 1834): onReceive, Receive broadcast message, com.jio.stb.AUDIO_FOCUS_GAIN
06-12 15:05:10.730 D/CustomBootReceiver( 1834): Recvd broadcast; Audio Focus change from package : com.netflix.ninja
06-12 15:05:10.732 D/stbdpc  (  405): STB_DPGetNumPaths[570]: num_paths: 1
06-12 15:05:10.733 D/AppOptimizerAudioFocusReceiver( 1699): onReceive, Receive broadcast message, com.jio.stb.AUDIO_FOCUS_GAIN
06-12 15:05:10.733 D/AppOptimizerAudioFocusReceiver( 1699): Recvd broadcast; Current Audio Focus=com.netflix.ninja
06-12 15:05:10.733 D/AppOptimizerAudioFocusReceiver( 1699): calling removeApp method
06-12 15:05:10.768 V/DigitalSignage(  632): Package Name: null
06-12 15:05:10.768 V/DigitalSignage(  632): Left: 0
06-12 15:05:10.768 V/DigitalSignage(  632): Right: 0
06-12 15:05:10.768 V/DigitalSignage(  632): Top: 0
06-12 15:05:10.768 V/DigitalSignage(  632): Bottom: 0
06-12 15:05:10.768 D/DigitalSignage(  632): else - Package Name :: null left : 0 right :: 0 top :: 0 bottom :: 0 dfu-right :: 1920 dfu-bottom :: 1080
06-12 15:05:10.768 V/DigitalSignage(  632): Package Name: null
06-12 15:05:10.769 V/DigitalSignage(  632): Left: 0
06-12 15:05:10.769 V/DigitalSignage(  632): Right: 0
06-12 15:05:10.769 V/DigitalSignage(  632): Top: 0
06-12 15:05:10.769 V/DigitalSignage(  632): Bottom: 0
06-12 15:05:10.769 D/DigitalSignage(  632): else - Package Name :: null left : 0 right :: 0 top :: 0 bottom :: 0 dfu-right :: 1920 dfu-bottom :: 1080
06-12 15:05:10.778 W/ServiceManager(  404): Permission failure: android.permission.ACCESS_SURFACE_FLINGER from uid=10065 pid=4207
06-12 15:05:10.778 D/PermissionCache(  404): checking android.permission.ACCESS_SURFACE_FLINGER for uid=10065 => denied (418 us)
06-12 15:05:10.784 I/hwservicemanager(  235): getTransport: Cannot find entry android.hardware.configstore@1.0::ISurfaceFlingerConfigs/default in either framework or device manifest.
06-12 15:05:10.802 D/rtk_heartbeat(  351): heartbeat_timed_out: heartbeatCmdCount = 963, expected nextSeqNum = 963
06-12 15:05:10.804 D/rtk_heartbeat(  351): rtkbt_heartbeat_cmpl_cback: Current SeqNum = 963,should SeqNum=963, status = 0
06-12 15:05:10.822 V/DigitalSignage(  632): Package Name: null
06-12 15:05:10.822 V/DigitalSignage(  632): Left: 0
06-12 15:05:10.822 V/DigitalSignage(  632): Right: 0
06-12 15:05:10.822 V/DigitalSignage(  632): Top: 0
06-12 15:05:10.822 V/DigitalSignage(  632): Bottom: 0
06-12 15:05:10.822 D/DigitalSignage(  632): else - Package Name :: null left : 0 right :: 0 top :: 0 bottom :: 0 dfu-right :: 1920 dfu-bottom :: 1080
06-12 15:05:10.823 V/DigitalSignage(  632): Package Name: null
06-12 15:05:10.823 V/DigitalSignage(  632): Left: 0
06-12 15:05:10.823 V/DigitalSignage(  632): Right: 0
06-12 15:05:10.823 V/DigitalSignage(  632): Top: 0
06-12 15:05:10.823 V/DigitalSignage(  632): Bottom: 0
06-12 15:05:10.823 D/DigitalSignage(  632): else - Package Name :: null left : 0 right :: 0 top :: 0 bottom :: 0 dfu-right :: 1920 dfu-bottom :: 1080
06-12 15:05:10.825 V/DigitalSignage(  632): Package Name: null
06-12 15:05:10.825 V/DigitalSignage(  632): Left: 0
06-12 15:05:10.825 V/DigitalSignage(  632): Right: 0
06-12 15:05:10.825 V/DigitalSignage(  632): Top: 0
06-12 15:05:10.825 V/DigitalSignage(  632): Bottom: 0
06-12 15:05:10.825 D/DigitalSignage(  632): else - Package Name :: null left : 0 right :: 0 top :: 0 bottom :: 0 dfu-right :: 1920 dfu-bottom :: 1080
06-12 15:05:10.826 V/DigitalSignage(  632): Package Name: null
06-12 15:05:10.826 V/DigitalSignage(  632): Left: 0
06-12 15:05:10.826 V/DigitalSignage(  632): Right: 0
06-12 15:05:10.826 V/DigitalSignage(  632): Top: 0
06-12 15:05:10.826 V/DigitalSignage(  632): Bottom: 0
06-12 15:05:10.826 D/DigitalSignage(  632): else - Package Name :: null left : 0 right :: 0 top :: 0 bottom :: 0 dfu-right :: 1920 dfu-bottom :: 1080
06-12 15:05:10.833 D/stbdpc  (  405): STB_DPGetNumPaths[570]: num_paths: 1
06-12 15:05:10.839 V/DigitalSignage(  632): Package Name: null
06-12 15:05:10.839 V/DigitalSignage(  632): Left: 0
06-12 15:05:10.839 V/DigitalSignage(  632): Right: 0
06-12 15:05:10.839 V/DigitalSignage(  632): Top: 0
06-12 15:05:10.839 V/DigitalSignage(  632): Bottom: 0
06-12 15:05:10.840 D/DigitalSignage(  632): else - Package Name :: null left : 0 right :: 0 top :: 0 bottom :: 0 dfu-right :: 1920 dfu-bottom :: 1080
06-12 15:05:10.840 V/DigitalSignage(  632): Package Name: null
06-12 15:05:10.840 V/DigitalSignage(  632): Left: 0
06-12 15:05:10.840 V/DigitalSignage(  632): Right: 0
06-12 15:05:10.840 V/DigitalSignage(  632): Top: 0
06-12 15:05:10.840 V/DigitalSignage(  632): Bottom: 0
06-12 15:05:10.840 W/CastReceiverConnection( 4207): Service Intent could not be resolved: com.google.cast.action.BIND
06-12 15:05:10.840 D/DigitalSignage(  632): else - Package Name :: null left : 0 right :: 0 top :: 0 bottom :: 0 dfu-right :: 1920 dfu-bottom :: 1080
06-12 15:05:10.840 D/CastReceiverConnection( 4207): Resolved Intent: null
06-12 15:05:10.840 E/CastReceiverConnection( 4207): Cast receiver connection failed
06-12 15:05:10.847 I/ActivityTaskManager(  632): Displayed com.netflix.ninja/.MainActivity: +369ms
06-12 15:05:10.851 I/android.hardware.power-service.libperfmgr(  369): Power setBoost: INTERACTION duration: 0
06-12 15:05:10.851 I/libperfmgr(  369): Do Powerhint: INTERACTION
06-12 15:05:10.886 I/OboeAudio( 4207): openStream() OUTPUT -------- OboeVersion1.7.0 --------
06-12 15:05:10.887 I/AAudio  ( 4207): AAudioStreamBuilder_openStream() called ----------------------------------------
06-12 15:05:10.887 I/AudioStreamBuilder( 4207): rate   =      0, channels  = 2, format   = 1, sharing = SH, dir = OUTPUT
06-12 15:05:10.887 I/AudioStreamBuilder( 4207): device =      0, sessionId = -1, perfMode = 12, callback: ON with frames = 0
06-12 15:05:10.887 I/AudioStreamBuilder( 4207): usage  =      1, contentType = 2, inputPreset = 6, allowedCapturePolicy = 0
06-12 15:05:10.887 I/AudioStreamBuilder( 4207): privacy sensitive = false
06-12 15:05:10.887 D/m.netflix.ninj( 4207): PlayerBase::PlayerBase()
06-12 15:05:10.888 D/audioserver(  390): PlayerBase::PlayerBase()
06-12 15:05:10.888 E/SELinux (  234): avc:  denied  { find } for pid=390 uid=1041 name=audio scontext=u:r:audioserver:s0 tcontext=u:object_r:audio_service:s0 tclass=service_manager permissive=0
06-12 15:05:10.889 E/audioserver(  390): PlayerBase(): binding to audio service failed, service up?
06-12 15:05:10.890 I/AudioFlinger(  390): openOutput() this 0xf1a44000, module 10 Device type:0x400,@:, SamplingRate 48000, Format 0x000001, Channels 0x3, flags 0x4001
06-12 15:05:10.891 D/audio_hw_primary(  350): adev_open_output_stream_new: enter
06-12 15:05:10.891 D/audio_hw_primary(  350): adev_open_output_stream: enter: devices(0x400) channel_mask(0x3) rate(48000) format(0x1) flags(0x4001)
06-12 15:05:10.891 D/audio_hw_primary(  350): adev_open_output_stream: dev:0xf58ee3c0, fmt:0, dmx fmt:-1, content id:0,sync id 0,adev->patch_src 14, adev->audio_patching 0
06-12 15:05:10.891 I/aml_mmap_audio(  350): [outMmapInit:356] stream:0xf557b500
06-12 15:05:10.891 I/aml_mmap_audio(  350): [ion_buffer_allocate_new:288] enter
06-12 15:05:10.892 I/aml_mmap_audio(  350): [ion_buffer_allocate_new:326] s32IonFd:20, s32IonShareFd:21, b_size:6144, frame size:4, add:0xf55fe000
06-12 15:05:10.892 I/audio_hwsync(  350): aml_audio_hwsync_init p_hwsync 0xf54bcb80 out 0xf557b500
06-12 15:05:10.892 I/audio_hwsync(  350): aml_audio_hwsync_init done
06-12 15:05:10.892 D/audio_hw_primary(  350): adev_open_output_stream: exit
06-12 15:05:10.892 I/sub_mixing_factory(  350): [initSubMixingInputPcm:723] ++out 0xf557b500, flags 0x4001, hwsync lpcm 0
06-12 15:05:10.892 D/audio_hw_primary(  350): -adev_open_output_stream_new: out 0xf557b500: io handle:109, usecase:PCM_MMAP card:0 alsa devices:0
06-12 15:05:10.894 I/audio_hw_primary(  350): out_get_buffer_size(out->config.rate=48000, format 1,stream format 1)
06-12 15:05:10.899 I/AudioFlinger(  390): AudioFlinger's thread 0xf137b000 tid=8497 ready to run
06-12 15:05:10.904 I/audio_hw_primary(  350): out_set_volume(), stream(0xf557b500), left:1.000000 right:1.000000, continous_mode(0), hal_internal_format:1, is dolby 0 is direct pcm 1 is_mmap_pcm 1
06-12 15:05:10.918 D/AAudioServiceEndpointMMAP(  390): open() mMapClient.uid = 1041, pid = 390 => portHandle = 41
06-12 15:05:10.918 D/AAudioServiceEndpointMMAP(  390): open() deviceId = 16, sessionId = -1
06-12 15:05:10.920 I/system_server(  632): oneway function results will be dropped but finished with status OK and parcel size 4
06-12 15:05:10.921 I/aml_mmap_audio(  350): [outMmapCreateBuffer:220] stream:0xf557b500, min_size_frames:384
06-12 15:05:10.922 I/aml_mmap_audio(  350): [outMmapCreateBuffer:253] mmap_fd:21, mmap address:0xf55fe000
06-12 15:05:10.923 D/AAudioServiceEndpointMMAP(  390): open() createMmapBuffer() buffer_size = 1536 fr, burst_size 384 fr, Sharable FD: No
06-12 15:05:10.923 D/AAudioServiceEndpointMMAP(  390): open() actual rate = 48000, channels = 2, deviceId = 16, capacity = 1536
06-12 15:05:10.923 D/AAudioServiceEndpointMMAP(  390): open() format = 0x00000001, frame size = 4, burst size = 384
06-12 15:05:10.925 I/aml_mmap_audio(  350): [outMmapThread:67] enter threadloop bExitThread:0, bStopPlay:1, mmap addr:0xf55fe000, out:0xf557b500
06-12 15:05:10.925 D/audio_hw_utils(  350): [aml_set_thread_priority:1490] thread:outMmapThread set priority, ret:0 policy:1 priority:5
06-12 15:05:10.926 D/AudioStreamInternal_Service(  390): open() original HW burst = 384, minMicros = 1000 => SW burst = 384
06-12 15:05:10.926 D/AAudioStream(  390): setState(s#2) from 0 to 2
06-12 15:05:10.928 D/AudioStreamInternal_Client( 4207): open() original HW burst = 384, minMicros = 1000 => SW burst = 384
06-12 15:05:10.928 D/AAudioStream( 4207): setState(s#2) from 0 to 2
06-12 15:05:10.933 D/stbdpc  (  405): STB_DPGetNumPaths[570]: num_paths: 1
06-12 15:05:10.935 I/AAudio  ( 4207): AAudioStreamBuilder_openStream() returns 0 = AAUDIO_OK for s#2 ----------------
06-12 15:05:10.966 V/DigitalSignage(  632): Package Name: null
06-12 15:05:10.966 V/DigitalSignage(  632): Left: 0
06-12 15:05:10.966 V/DigitalSignage(  632): Right: 0
06-12 15:05:10.968 V/DigitalSignage(  632): Top: 0
06-12 15:05:10.968 V/DigitalSignage(  632): Bottom: 0
06-12 15:05:10.968 D/DigitalSignage(  632): else - Package Name :: null left : 0 right :: 0 top :: 0 bottom :: 0 dfu-right :: 1920 dfu-bottom :: 1080
06-12 15:05:10.968 V/DigitalSignage(  632): Package Name: null
06-12 15:05:10.968 V/DigitalSignage(  632): Left: 0
06-12 15:05:10.968 V/DigitalSignage(  632): Right: 0
06-12 15:05:10.968 V/DigitalSignage(  632): Top: 0
06-12 15:05:10.968 V/DigitalSignage(  632): Bottom: 0
06-12 15:05:10.968 D/DigitalSignage(  632): else - Package Name :: null left : 0 right :: 0 top :: 0 bottom :: 0 dfu-right :: 1920 dfu-bottom :: 1080
06-12 15:05:10.971 V/DigitalSignage(  632): Package Name: null
06-12 15:05:10.971 V/DigitalSignage(  632): Left: 0
06-12 15:05:10.971 V/DigitalSignage(  632): Right: 0
06-12 15:05:10.971 V/DigitalSignage(  632): Top: 0
06-12 15:05:10.971 V/DigitalSignage(  632): Bottom: 0
06-12 15:05:10.971 D/DigitalSignage(  632): else - Package Name :: null left : 0 right :: 0 top :: 0 bottom :: 0 dfu-right :: 1920 dfu-bottom :: 1080
06-12 15:05:10.971 V/DigitalSignage(  632): Package Name: null
06-12 15:05:10.971 V/DigitalSignage(  632): Left: 0
06-12 15:05:10.971 V/DigitalSignage(  632): Right: 0
06-12 15:05:10.972 V/DigitalSignage(  632): Top: 0
06-12 15:05:10.972 V/DigitalSignage(  632): Bottom: 0
06-12 15:05:10.972 D/DigitalSignage(  632): else - Package Name :: null left : 0 right :: 0 top :: 0 bottom :: 0 dfu-right :: 1920 dfu-bottom :: 1080
06-12 15:05:10.986 E/BufferQueueProducer(  404): [in.startv.hotstar/com.hotstar.MainActivity#0](id:19400000011,api:0,p:-1,c:404) disconnect: not connected (req=1)
06-12 15:05:10.987 W/libEGL  ( 8214): EGLNativeWindowType 0xf5aaec08 disconnect failed
06-12 15:05:10.988 V/DigitalSignage(  632): Package Name: null
06-12 15:05:10.988 V/DigitalSignage(  632): Left: 0
06-12 15:05:10.988 V/DigitalSignage(  632): Right: 0
06-12 15:05:10.988 V/DigitalSignage(  632): Top: 0
06-12 15:05:10.988 V/DigitalSignage(  632): Bottom: 0
06-12 15:05:10.989 D/DigitalSignage(  632): else - Package Name :: null left : 0 right :: 0 top :: 0 bottom :: 0 dfu-right :: 1920 dfu-bottom :: 1080
06-12 15:05:10.989 V/DigitalSignage(  632): Package Name: null
06-12 15:05:10.989 V/DigitalSignage(  632): Left: 0
06-12 15:05:10.989 V/DigitalSignage(  632): Right: 0
06-12 15:05:10.989 V/DigitalSignage(  632): Top: 0
06-12 15:05:10.989 V/DigitalSignage(  632): Bottom: 0
06-12 15:05:10.989 D/DigitalSignage(  632): else - Package Name :: null left : 0 right :: 0 top :: 0 bottom :: 0 dfu-right :: 1920 dfu-bottom :: 1080
06-12 15:05:11.000 D/ltts_ip_emm(  405): LTTS_IP_DMXStartEMM[381]: parse_emm_cat_status failed
06-12 15:05:11.000 V/DigitalSignage(  632): Package Name: null
06-12 15:05:11.000 V/DigitalSignage(  632): Left: 0
06-12 15:05:11.001 V/DigitalSignage(  632): Right: 0
06-12 15:05:11.001 V/DigitalSignage(  632): Top: 0
06-12 15:05:11.001 V/DigitalSignage(  632): Bottom: 0
06-12 15:05:11.001 D/DigitalSignage(  632): else - Package Name :: null left : 0 right :: 0 top :: 0 bottom :: 0 dfu-right :: 1920 dfu-bottom :: 1080
06-12 15:05:11.016 V/DigitalSignage(  632): Package Name: null
06-12 15:05:11.017 V/DigitalSignage(  632): Left: 0
06-12 15:05:11.017 V/DigitalSignage(  632): Right: 0
06-12 15:05:11.017 V/DigitalSignage(  632): Top: 0
06-12 15:05:11.017 V/DigitalSignage(  632): Bottom: 0
06-12 15:05:11.017 D/DigitalSignage(  632): else - Package Name :: null left : 0 right :: 0 top :: 0 bottom :: 0 dfu-right :: 1920 dfu-bottom :: 1080
06-12 15:05:11.033 D/stbdpc  (  405): STB_DPGetNumPaths[570]: num_paths: 1
06-12 15:05:11.042 D/JioLauncher( 1781): overlay status check for wifi and bt remote false false
06-12 15:05:11.044 D/JioLauncher( 1781): diagnosis-fragment-onConnectivityChanged
06-12 15:05:11.044 D/Match code1( 1449): 2
06-12 15:05:11.045 D/JIO_TR069-( 1449): Predefined List [com.jio.stb.catv, com.rjil.jiostbsetting, com.iwedia.ui.rjio.launcher.reliance, com.jio.stb.hotellauncher, com.jio.media.oberoi, com.jio.ott]
06-12 15:05:11.047 D/JIO_TR069-( 1449): Caller Package com.iwedia.ui.rjio.launcher.reliance
06-12 15:05:11.047 D/JIO_TR069-( 1449): White Listed Apps []
06-12 15:05:11.047 D/JIO_TR069-( 1449): Final White Listed Apps [com.jio.stb.catv, com.rjil.jiostbsetting, com.iwedia.ui.rjio.launcher.reliance, com.jio.stb.hotellauncher, com.jio.media.oberoi, com.jio.ott, ]
06-12 15:05:11.052 D/JioLauncher( 1781): network-type-------NonJioNetwork
06-12 15:05:11.055 D/JioLauncher( 1781): live-tv-previousIp-[/fe80::1%wlan0, /192.168.1.1]-newHost-[/fe80::1%wlan0, /192.168.1.1]
06-12 15:05:11.062 D/JioLauncher( 1781): diagnosis-network-1
06-12 15:05:11.073 D/JioLauncher( 1781): getSSID-<unknown ssid>
06-12 15:05:11.081 D/JioLauncher( 1781): ThreadCount-126
06-12 15:05:11.082 D/JioLauncher( 1781): isInactivityPopupDisplaying-{"inactivity_status_modified_time":1420050611833,"inactivity_status":false,"inactivity_window_timeout":120000}
06-12 15:05:11.082 D/JioLauncher( 1781): inactivity_status-false- result-false
06-12 15:05:11.082 D/JioLauncher( 1781): overlay-removing-type-JIO_BLOCK_ALERT_TYPE  -isInactivityPopupDisplaying-false
06-12 15:05:11.083 D/JioLauncher( 1781): ThreadCount-126
06-12 15:05:11.083 D/JioLauncher( 1781): isInactivityPopupDisplaying-{"inactivity_status_modified_time":1420050611833,"inactivity_status":false,"inactivity_window_timeout":120000}
06-12 15:05:11.083 D/JioLauncher( 1781): inactivity_status-false- result-false
06-12 15:05:11.083 D/JioLauncher( 1781): block-apps 1 null false
06-12 15:05:11.083 D/JioLauncher( 1781): global-key-unblock-all-key
06-12 15:05:11.086 D/JioLauncher( 1781): block-apps -1 null false
06-12 15:05:11.086 D/JioLauncher( 1781): global-key-block-all-key--others
06-12 15:05:11.087 D/JioLauncher( 1781): diagnosis-block-false
06-12 15:05:11.092 D/JioLauncher( 1781): getSSID-<unknown ssid>
06-12 15:05:11.105 D/NetflixService(  986): onForegroundActivitiesChanged pid:8214,uid:10072,fg:false
06-12 15:05:11.107 D/NetflixService(  986): processName:com.netflix.ninja,importance:100
06-12 15:05:11.107 D/DvbiInterface(  405): startEmmSession[1104]: primary_address: "rtp://10.70.220.50@232.24.3.241:5001"
06-12 15:05:11.108 D/DvbiInterface(  405): startEmmSession[1114]: secondary_address: ""
06-12 15:05:11.108 I/DvbiInterface(  405): startEmmSession[1136]: IPTV_EMM_Open | [args] URI: "rtp://10.70.220.50@232.24.3.241", port: 5001, fec: 2
06-12 15:05:11.108 D/dvb_iptv(  405): IPTV_Emm_Open[2003]: URL=rtp://10.70.220.50@232.24.3.241, port=5001 fec_layer=2 port1=0, port2=0
06-12 15:05:11.108 D/dvb_iptv(  405): ParseUrl[1748]: before parse | url: "10.70.220.50@232.24.3.241", src_addr: "", mc_addr: ""
06-12 15:05:11.108 D/dvb_iptv(  405): ParseUrl[1811]: after parse | url: "232.24.3.241", src_addr: "10.70.220.50", mc_addr: "232.24.3.241"
06-12 15:05:11.108 D/dvb_iptv(  405): IPTV_Emm_Open[2032]: Found 2 addresses for 232.24.3.241
06-12 15:05:11.108 D/dvb_iptv(  405): IPTV_Emm_Open[2040]: 0: family=IPv4, type=datagram, protocol=UDP, multicast=yes
06-12 15:05:11.108 D/stbhwnet(  405): STB_NWBind[914]: Added IPV4 address to bind:232.24.3.241 
06-12 15:05:11.108 D/stbhwnet(  405): STB_NWBind[921]: Binding with address 232.24.3.241
06-12 15:05:11.108 D/stbhwnet(  405): STB_NWBind[928]: Bind (fd=16) port 5001, done okay
06-12 15:05:11.108 D/dvb_iptv(  405): SocketBind[727]: bound socket, port=5001
06-12 15:05:11.108 D/stbhwnet(  405): STB_NWAddMembership[1139]: using IPV4 protocol
06-12 15:05:11.108 D/stbhwnet(  405): STB_NWAddMembership[1142]: group_address: '232.24.3.241', source_address: '10.70.220.50'
06-12 15:05:11.108 D/stbhwnet(  405): STB_NWAddMembership[1156]: src url SSM enabled
06-12 15:05:11.108 D/stbhwnet(  405): STB_NWAddMembership[1163]: source addr: 10.70.220.50, group addr: 232.24.3.241, socket: 16
06-12 15:05:11.108 D/stbhwnet(  405): STB_NWAddMembership[1164]: setsocket success for source addrs
06-12 15:05:11.108 D/stbhwnet(  405): STB_NWAddMembership[1176]: setsockopt IP_MULTICAST_ALL params:
06-12 15:05:11.108 D/stbhwnet(  405): STB_NWAddMembership[1177]: mc_all: DISABLE
06-12 15:05:11.108 D/stbhwnet(  405): STB_NWAddMembership[1182]: setsockopt success for all
06-12 15:05:11.108 D/stbhwnet(  405): STB_NWBind[914]: Added IPV4 address to bind:232.24.3.241 
06-12 15:05:11.108 D/stbhwnet(  405): STB_NWBind[921]: Binding with address 232.24.3.241
06-12 15:05:11.108 D/stbhwnet(  405): STB_NWBind[928]: Bind (fd=17) port 5002, done okay
06-12 15:05:11.108 D/dvb_iptv(  405): SocketBind[727]: bound socket, port=5002
06-12 15:05:11.108 D/stbhwnet(  405): STB_NWAddMembership[1139]: using IPV4 protocol
06-12 15:05:11.108 D/stbhwnet(  405): STB_NWAddMembership[1142]: group_address: '232.24.3.241', source_address: '10.70.220.50'
06-12 15:05:11.108 D/stbhwnet(  405): STB_NWAddMembership[1156]: src url SSM enabled
06-12 15:05:11.108 D/stbhwnet(  405): STB_NWAddMembership[1163]: source addr: 10.70.220.50, group addr: 232.24.3.241, socket: 17
06-12 15:05:11.108 D/stbhwnet(  405): STB_NWAddMembership[1164]: setsocket success for source addrs
06-12 15:05:11.108 D/stbhwnet(  405): STB_NWAddMembership[1176]: setsockopt IP_MULTICAST_ALL params:
06-12 15:05:11.108 D/stbhwnet(  405): STB_NWAddMembership[1177]: mc_all: DISABLE
06-12 15:05:11.108 D/stbhwnet(  405): STB_NWAddMembership[1182]: setsockopt success for all
06-12 15:05:11.108 D/stbhwnet(  405): STB_NWBind[914]: Added IPV4 address to bind:232.24.3.241 
06-12 15:05:11.108 D/stbhwnet(  405): STB_NWBind[921]: Binding with address 232.24.3.241
06-12 15:05:11.109 D/stbhwnet(  405): STB_NWBind[928]: Bind (fd=18) port 5003, done okay
06-12 15:05:11.109 D/dvb_iptv(  405): SocketBind[727]: bound socket, port=5003
06-12 15:05:11.109 D/stbhwnet(  405): STB_NWAddMembership[1139]: using IPV4 protocol
06-12 15:05:11.109 D/stbhwnet(  405): STB_NWAddMembership[1142]: group_address: '232.24.3.241', source_address: '10.70.220.50'
06-12 15:05:11.109 D/stbhwnet(  405): STB_NWAddMembership[1156]: src url SSM enabled
06-12 15:05:11.109 D/stbhwnet(  405): STB_NWAddMembership[1163]: source addr: 10.70.220.50, group addr: 232.24.3.241, socket: 18
06-12 15:05:11.109 D/stbhwnet(  405): STB_NWAddMembership[1164]: setsocket success for source addrs
06-12 15:05:11.109 D/stbhwnet(  405): STB_NWAddMembership[1176]: setsockopt IP_MULTICAST_ALL params:
06-12 15:05:11.109 D/stbhwnet(  405): STB_NWAddMembership[1177]: mc_all: DISABLE
06-12 15:05:11.109 D/stbhwnet(  405): STB_NWAddMembership[1182]: setsockopt success for all
06-12 15:05:11.109 D/stbhwnet(  405): STB_NWBind[914]: Added IPV4 address to bind:232.24.3.241 
06-12 15:05:11.109 D/stbhwnet(  405): STB_NWBind[921]: Binding with address 232.24.3.241
06-12 15:05:11.109 D/stbhwnet(  405): STB_NWBind[928]: Bind (fd=19) port 5005, done okay
06-12 15:05:11.109 D/dvb_iptv(  405): SocketBind[727]: bound socket, port=5005
06-12 15:05:11.109 D/stbhwnet(  405): STB_NWAddMembership[1139]: using IPV4 protocol
06-12 15:05:11.109 D/stbhwnet(  405): STB_NWAddMembership[1142]: group_address: '232.24.3.241', source_address: '10.70.220.50'
06-12 15:05:11.109 D/stbhwnet(  405): STB_NWAddMembership[1156]: src url SSM enabled
06-12 15:05:11.109 D/stbhwnet(  405): STB_NWAddMembership[1163]: source addr: 10.70.220.50, group addr: 232.24.3.241, socket: 19
06-12 15:05:11.109 D/stbhwnet(  405): STB_NWAddMembership[1164]: setsocket success for source addrs
06-12 15:05:11.109 D/stbhwnet(  405): STB_NWAddMembership[1176]: setsockopt IP_MULTICAST_ALL params:
06-12 15:05:11.109 D/stbhwnet(  405): STB_NWAddMembership[1177]: mc_all: DISABLE
06-12 15:05:11.109 D/stbhwnet(  405): STB_NWAddMembership[1182]: setsockopt success for all
06-12 15:05:11.109 D/dvb_iptv(  405): IPTV_Emm_Open[2126]: [SockTime] EMM socket open time: 1749720911s 109776us
06-12 15:05:11.109 I/Aml_MP  (  405): AmlCasBase [create:29] cas serviceType: verimatrix IPTV
06-12 15:05:11.109 I/Aml_MP  (  405): AmlCasBase create, iptv vmxcas v2 support
06-12 15:05:11.109 I/Aml_MP  (  405): AmlVMXIptvCas_V2 ctor AmlVMXIptvCas_V2
06-12 15:05:11.109 D/am_cas_api(  405): [createAmCas/77]
06-12 15:05:11.109 E/AVPIPTV (  405): [0] AmCasIPTVSC2 at # 672, class_instance_index=0
06-12 15:05:11.109 D/ltts_ip_emm(  405): openEmmCasSession[437]: IPTV EMM Cas openSession susccess CASSession ID: f703ac00
06-12 15:05:11.110 D/DvbiInterface(  405): StopStartcurrentemmsession[1198]: Successfully started the emm session: 0xf73929c0
06-12 15:05:11.110 D/dvb_iptv(  405): restartEmmSession[1181]: restart Emm monitor task success
06-12 15:05:11.110 D/dvb_iptv(  405): restartEmmSession[1187]: restart Emm monitor task stop and start successful - 1
06-12 15:05:11.110 D/dvb_iptv(  405): restartEmmSession[1172]: waiting for restart emm signal
06-12 15:05:11.133 D/stbdpc  (  405): STB_DPGetNumPaths[570]: num_paths: 1
06-12 15:05:11.200 I/lowmemorykiller(  233): medium memory pressure event is triggered for new strategy
06-12 15:05:11.200 D/lowmemorykiller(  233): LMKD mp_event_psi kill_reasons available are PRESSURE_AFTER_KILL, NOT_RESPONDING, LOW_SWAP_AND_THRASHING, LOW_MEM_AND_SWAP, LOW_MEM_AND_THRASHING, DIRECT_RECL_AND_THRASHING
06-12 15:05:11.200 D/lowmemorykiller(  233): LMKD mp_event_psi kill_reason received= -1
06-12 15:05:11.211 D/JioStbInactivityTimer(  933): Timer: count 93 warningTimeout:10680 timeout:10800
06-12 15:05:11.211 D/JioStbInactivityTimer(  933): isUserActive: Curr:891902 Prev:891902
06-12 15:05:11.233 D/stbdpc  (  405): STB_DPGetNumPaths[570]: num_paths: 1
06-12 15:05:11.300 I/lowmemorykiller(  233): medium memory pressure event is triggered for new strategy
06-12 15:05:11.300 D/lowmemorykiller(  233): LMKD mp_event_psi kill_reasons available are PRESSURE_AFTER_KILL, NOT_RESPONDING, LOW_SWAP_AND_THRASHING, LOW_MEM_AND_SWAP, LOW_MEM_AND_THRASHING, DIRECT_RECL_AND_THRASHING
06-12 15:05:11.300 D/lowmemorykiller(  233): LMKD mp_event_psi kill_reason received= -1
06-12 15:05:11.334 D/stbdpc  (  405): STB_DPGetNumPaths[570]: num_paths: 1
06-12 15:05:11.328 W/animation( 4207): type=1400 audit(0.0:1316): avc: denied { read } for name="version" dev="sysfs" ino=37178 scontext=u:r:untrusted_app:s0:c65,c256,c512,c768 tcontext=u:object_r:sysfs:s0 tclass=file permissive=0 app=com.netflix.ninja
06-12 15:05:11.400 I/lowmemorykiller(  233): medium memory pressure event is triggered for new strategy
06-12 15:05:11.401 D/lowmemorykiller(  233): LMKD mp_event_psi kill_reasons available are PRESSURE_AFTER_KILL, NOT_RESPONDING, LOW_SWAP_AND_THRASHING, LOW_MEM_AND_SWAP, LOW_MEM_AND_THRASHING, DIRECT_RECL_AND_THRASHING
06-12 15:05:11.401 D/lowmemorykiller(  233): LMKD mp_event_psi kill_reason received= -1
06-12 15:05:11.412 E/ocessService0:( 2273): failed to create Unix domain socket: Operation not permitted
06-12 15:05:11.434 D/stbdpc  (  405): STB_DPGetNumPaths[570]: num_paths: 1
06-12 15:05:11.487 I/DrmUtils( 4207): found android.hardware.drm@1.0::IDrmFactory clearkey
06-12 15:05:11.498 I/DrmUtils( 4207): found android.hardware.drm@1.0::IDrmFactory verimatrix
06-12 15:05:11.501 I/lowmemorykiller(  233): medium memory pressure event is triggered for new strategy
06-12 15:05:11.501 D/lowmemorykiller(  233): LMKD mp_event_psi kill_reasons available are PRESSURE_AFTER_KILL, NOT_RESPONDING, LOW_SWAP_AND_THRASHING, LOW_MEM_AND_SWAP, LOW_MEM_AND_THRASHING, DIRECT_RECL_AND_THRASHING
06-12 15:05:11.501 D/lowmemorykiller(  233): LMKD mp_event_psi kill_reason received= -1
06-12 15:05:11.503 I/DrmUtils( 4207): found android.hardware.drm@1.0::IDrmFactory widevine
06-12 15:05:11.532 I/DrmUtils( 4207): found android.hardware.drm@1.0::IDrmFactory youtube
06-12 15:05:11.534 D/stbdpc  (  405): STB_DPGetNumPaths[570]: num_paths: 1
06-12 15:05:11.545 I/DrmUtils( 4207): found android.hardware.drm@1.1::IDrmFactory clearkey
06-12 15:05:11.547 I/DrmUtils( 4207): found android.hardware.drm@1.1::IDrmFactory verimatrix
06-12 15:05:11.549 I/DrmUtils( 4207): found android.hardware.drm@1.1::IDrmFactory widevine
06-12 15:05:11.561 I/DrmUtils( 4207): found android.hardware.drm@1.1::IDrmFactory youtube
06-12 15:05:11.576 I/DrmUtils( 4207): found android.hardware.drm@1.2::IDrmFactory clearkey
06-12 15:05:11.580 I/DrmUtils( 4207): found android.hardware.drm@1.2::IDrmFactory verimatrix
06-12 15:05:11.584 I/DrmUtils( 4207): found android.hardware.drm@1.2::IDrmFactory widevine
06-12 15:05:11.585 I/DrmUtils( 4207): found android.hardware.drm@1.2::IDrmFactory youtube
06-12 15:05:11.590 I/DrmUtils( 4207): found android.hardware.drm@1.3::IDrmFactory clearkey
06-12 15:05:11.600 I/DrmUtils( 4207): found android.hardware.drm@1.3::IDrmFactory verimatrix
06-12 15:05:11.601 I/lowmemorykiller(  233): medium memory pressure event is triggered for new strategy
06-12 15:05:11.604 D/lowmemorykiller(  233): LMKD mp_event_psi kill_reasons available are PRESSURE_AFTER_KILL, NOT_RESPONDING, LOW_SWAP_AND_THRASHING, LOW_MEM_AND_SWAP, LOW_MEM_AND_THRASHING, DIRECT_RECL_AND_THRASHING
06-12 15:05:11.604 D/lowmemorykiller(  233): LMKD mp_event_psi kill_reason received= -1
06-12 15:05:11.610 I/DrmUtils( 4207): found android.hardware.drm@1.3::IDrmFactory widevine
06-12 15:05:11.610 D/dvb_iptv(  405): ReadEmmNetworkTask[1537]: EMM Select Timeout Occured 1
06-12 15:05:11.610 D/dvb_iptv(  405): ReadEmmNetworkTask[1598]: [SockTime] EMM packet Reception Stopped!!
06-12 15:05:11.610 D/dvb_iptv(  405): ReadEmmNetworkTask[1601]: [SockTime] EMM packet Rxn stopped: 1749720911s 610313us
06-12 15:05:11.618 I/DrmUtils( 4207): found android.hardware.drm@1.3::IDrmFactory youtube
06-12 15:05:11.619 W/android.hardware.drm@1.3-service.youtube(  361): isCryptoSchemeSupported, false
06-12 15:05:11.622 I/WVCdm   (  356): [app][com.netflix.ninja] calling virtual Return<void> wvdrm::hardware::drm::V1_3::widevine::WVDrmFactory::createPlugin(const hidl_array<uint8_t, 16> &, const android::hardware::hidl_string &, android::hardware::drm::V1_3::IDrmFactory::createPlugin_cb)
06-12 15:05:11.632 I/WVCdm   (  356): [cdm_engine.cpp(573):QueryStatus] Querying status
