06-12 16:28:59.381 D/stbdpc  (  405): STB_DPGetNumPaths[570]: num_paths: 1
06-12 16:28:59.481 I/chatty  (  405): uid=0(root) DK-SiCntrl identical 1 line
06-12 16:28:59.582 D/stbdpc  (  405): STB_DPGetNumPaths[570]: num_paths: 1
06-12 16:28:59.665 D/JioStbInactivityTimer(  933): Timer: count 49 warningTimeout:10680 timeout:10800
06-12 16:28:59.665 D/JioStbInactivityTimer(  933): isUserActive: Curr:5964955 Prev:5964955
06-12 16:28:59.682 D/stbdpc  (  405): STB_DPGetNumPaths[570]: num_paths: 1
06-12 16:28:59.781 D/dvb_iptv(  405): ReadEmmNetworkTask[1537]: EMM Select Timeout Occured 7
06-12 16:28:59.782 D/stbdpc  (  405): STB_DPGetNumPaths[570]: num_paths: 1
06-12 16:28:59.982 I/chatty  (  405): uid=0(root) DK-SiCntrl identical 2 lines
06-12 16:29:00.083 D/stbdpc  (  405): STB_DPGetNumPaths[570]: num_paths: 1
06-12 16:29:00.085 I/.startv.hotsta( 6299): oneway function results will be dropped but finished with status OK and parcel size 4
06-12 16:29:00.087 I/e.swalekh.abct( 1336): oneway function results will be dropped but finished with status OK and parcel size 4
06-12 16:29:00.094 D/JioSTBMRServer-SERVICE( 3304): InetSocketAddress(InetAddress.getByName(inetAddress.hostAddress)-/192.168.1.255
06-12 16:29:00.094 D/JioSTBMRServer-SERVICE( 3304): #beacon:RKISBFJ60000097:0:false:0:1:SV=181024 , 192.168.1.255
06-12 16:29:00.097 D/JioSTBMRServer-SERVICE( 3304): InetSocketAddress(InetAddress.getByName(inetAddress.hostAddress)-/192.168.1.255
06-12 16:29:00.097 D/JioSTBMRServer-SERVICE( 3304): #broadcast IP:192.168.1.255
06-12 16:29:00.111 D/rtk_heartbeat(  351): heartbeat_timed_out: heartbeatCmdCount = 5991, expected nextSeqNum = 5991
06-12 16:29:00.112 D/rtk_heartbeat(  351): rtkbt_heartbeat_cmpl_cback: Current SeqNum = 5991,should SeqNum=5991, status = 0
06-12 16:29:00.183 D/stbdpc  (  405): STB_DPGetNumPaths[570]: num_paths: 1
06-12 16:29:00.281 D/dvb_iptv(  405): ReadEmmNetworkTask[1537]: EMM Select Timeout Occured 8
06-12 16:29:00.283 D/stbdpc  (  405): STB_DPGetNumPaths[570]: num_paths: 1
06-12 16:29:00.421 F/linker  ( 6600): CANNOT LINK EXECUTABLE "/system/bin/smartcable/smartCableSTBApp": library "libmosquitto.so" not found: needed by main executable
06-12 16:29:00.483 I/chatty  (  405): uid=0(root) DK-SiCntrl identical 2 lines
06-12 16:29:00.584 D/stbdpc  (  405): STB_DPGetNumPaths[570]: num_paths: 1
06-12 16:29:00.666 D/JioStbInactivityTimer(  933): Timer: count 50 warningTimeout:10680 timeout:10800
06-12 16:29:00.666 D/JioStbInactivityTimer(  933): isUserActive: Curr:5964955 Prev:5964955
06-12 16:29:00.684 D/stbdpc  (  405): STB_DPGetNumPaths[570]: num_paths: 1
06-12 16:29:00.782 D/dvb_iptv(  405): ReadEmmNetworkTask[1537]: EMM Select Timeout Occured 9
06-12 16:29:00.784 D/stbdpc  (  405): STB_DPGetNumPaths[570]: num_paths: 1
06-12 16:29:00.884 I/chatty  (  405): uid=0(root) DK-SiCntrl identical 1 line
06-12 16:29:00.984 D/stbdpc  (  405): STB_DPGetNumPaths[570]: num_paths: 1
06-12 16:29:01.041 D/JioLauncher( 1781): overlay status check for wifi and bt remote false false
06-12 16:29:01.044 D/Match code1( 1449): 2
06-12 16:29:01.045 D/JIO_TR069-( 1449): Predefined List [com.jio.stb.catv, com.rjil.jiostbsetting, com.iwedia.ui.rjio.launcher.reliance, com.jio.stb.hotellauncher, com.jio.media.oberoi, com.jio.ott]
06-12 16:29:01.048 D/JIO_TR069-( 1449): Caller Package com.iwedia.ui.rjio.launcher.reliance
06-12 16:29:01.048 D/JIO_TR069-( 1449): White Listed Apps []
06-12 16:29:01.048 D/JIO_TR069-( 1449): Final White Listed Apps [com.jio.stb.catv, com.rjil.jiostbsetting, com.iwedia.ui.rjio.launcher.reliance, com.jio.stb.hotellauncher, com.jio.media.oberoi, com.jio.ott, ]
06-12 16:29:01.050 D/JioLauncher( 1781): network-type-------NonJioNetwork
06-12 16:29:01.055 D/JioLauncher( 1781): live-tv-previousIp-[/fe80::1%wlan0, /192.168.1.1]-newHost-[/fe80::1%wlan0, /192.168.1.1]
06-12 16:29:01.084 D/stbdpc  (  405): STB_DPGetNumPaths[570]: num_paths: 1
06-12 16:29:01.111 D/rtk_heartbeat(  351): heartbeat_timed_out: heartbeatCmdCount = 5992, expected nextSeqNum = 5992
06-12 16:29:01.112 D/rtk_heartbeat(  351): rtkbt_heartbeat_cmpl_cback: Current SeqNum = 5992,should SeqNum=5992, status = 0
06-12 16:29:01.185 D/stbdpc  (  405): STB_DPGetNumPaths[570]: num_paths: 1
06-12 16:29:01.260 E/ocessService0:( 2273): failed to create Unix domain socket: Operation not permitted
06-12 16:29:01.282 D/dvb_iptv(  405): ReadEmmNetworkTask[1537]: EMM Select Timeout Occured 10
06-12 16:29:01.285 D/stbdpc  (  405): STB_DPGetNumPaths[570]: num_paths: 1
06-12 16:29:01.365 D/ltts_ip_emm(  405): LTTS_IP_DMXStartEMM[381]: parse_emm_cat_status failed
06-12 16:29:01.376 I/ThermalService(  986): CPU temperatures: [65.8]
06-12 16:29:01.385 D/stbdpc  (  405): STB_DPGetNumPaths[570]: num_paths: 1
06-12 16:29:01.425 I/JTCLOG  ( 3423): JtcForegroundService ->RegisterApp()
06-12 16:29:01.425 I/JTCLOG  ( 3423): JuicePresenter -> registerApp
06-12 16:29:01.425 I/JTCLOG  ( 3423): InitState -> Register
06-12 16:29:01.425 I/JTCLOG  ( 3423): InitState -> Juice Sys NOT Started so do both Start and Registration
06-12 16:29:01.426 I/JTCLOG  ( 3423): JuiceModel -> Registering ...........
06-12 16:29:01.427 E/JTCLOG  ( 3423): networkConnectionType = WIFI
06-12 16:29:01.430 I/JTCLOG  ( 3423): JuiceModel -> SelfIp of type 2  = 2401:4900:1c16:1df9:61d5:467:50d:aee1
06-12 16:29:01.430 E/JTCLOG  ( 3423): MacUniqueID: 23:fd:db:f3:4d:33
06-12 16:29:01.430 I/JTCLOG  ( 3423): JuiceModel -> discover IDU services
06-12 16:29:01.432 I/WifiService(  632): acquireMulticastLock uid=10083
06-12 16:29:01.485 D/stbdpc  (  405): STB_DPGetNumPaths[570]: num_paths: 1
06-12 16:29:01.585 D/stbdpc  (  405): STB_DPGetNumPaths[570]: num_paths: 1
06-12 16:29:01.665 D/JioStbInactivityTimer(  933): Timer: count 51 warningTimeout:10680 timeout:10800
06-12 16:29:01.665 D/JioStbInactivityTimer(  933): isUserActive: Curr:5964955 Prev:5964955
06-12 16:29:01.686 D/stbdpc  (  405): STB_DPGetNumPaths[570]: num_paths: 1
06-12 16:29:01.782 D/dvb_iptv(  405): ReadEmmNetworkTask[1537]: EMM Select Timeout Occured 11
06-12 16:29:01.786 D/stbdpc  (  405): STB_DPGetNumPaths[570]: num_paths: 1
06-12 16:29:01.986 I/chatty  (  405): uid=0(root) DK-SiCntrl identical 2 lines
06-12 16:29:02.086 D/stbdpc  (  405): STB_DPGetNumPaths[570]: num_paths: 1
06-12 16:29:02.111 D/rtk_heartbeat(  351): heartbeat_timed_out: heartbeatCmdCount = 5993, expected nextSeqNum = 5993
06-12 16:29:02.113 D/rtk_heartbeat(  351): rtkbt_heartbeat_cmpl_cback: Current SeqNum = 5993,should SeqNum=5993, status = 0
06-12 16:29:02.129 I/.startv.hotsta( 6299): oneway function results will be dropped but finished with status OK and parcel size 4
06-12 16:29:02.132 I/e.swalekh.abct( 1336): oneway function results will be dropped but finished with status OK and parcel size 4
06-12 16:29:02.139 D/JioSTBMRServer-SERVICE( 3304): InetSocketAddress(InetAddress.getByName(inetAddress.hostAddress)-/192.168.1.255
06-12 16:29:02.139 D/JioSTBMRServer-SERVICE( 3304): #beacon:RKISBFJ60000097:0:false:0:1:SV=181024 , 192.168.1.255
06-12 16:29:02.142 D/JioSTBMRServer-SERVICE( 3304): InetSocketAddress(InetAddress.getByName(inetAddress.hostAddress)-/192.168.1.255
06-12 16:29:02.142 D/JioSTBMRServer-SERVICE( 3304): #broadcast IP:192.168.1.255
06-12 16:29:02.184 E/WifiVendorHal(  632): getWifiLinkLayerStats_1_3_Internal(l.973) failed {.code = ERROR_UNKNOWN, .description = unknown error}
06-12 16:29:02.187 D/stbdpc  (  405): STB_DPGetNumPaths[570]: num_paths: 1
06-12 16:29:02.283 D/dvb_iptv(  405): ReadEmmNetworkTask[1537]: EMM Select Timeout Occured 12
06-12 16:29:02.287 D/stbdpc  (  405): STB_DPGetNumPaths[570]: num_paths: 1
06-12 16:29:02.328 I/UsageStatsService(  632): User[0] Flushing usage stats to disk
06-12 16:29:02.487 I/chatty  (  405): uid=0(root) DK-SiCntrl identical 2 lines
06-12 16:29:02.587 D/stbdpc  (  405): STB_DPGetNumPaths[570]: num_paths: 1
06-12 16:29:02.666 D/JioStbInactivityTimer(  933): Timer: count 52 warningTimeout:10680 timeout:10800
06-12 16:29:02.666 D/JioStbInactivityTimer(  933): isUserActive: Curr:5964955 Prev:5964955
06-12 16:29:02.688 D/stbdpc  (  405): STB_DPGetNumPaths[570]: num_paths: 1
06-12 16:29:02.692 W/[ 6018.045077@1]  RTW(    0): fill_default_txdesc(wlan0): SP Packet(0x0806) rate=0x4 SeqNum = 1627
06-12 16:29:02.783 D/dvb_iptv(  405): ReadEmmNetworkTask[1537]: EMM Select Timeout Occured 13
06-12 16:29:02.788 D/stbdpc  (  405): STB_DPGetNumPaths[570]: num_paths: 1
06-12 16:29:02.988 I/chatty  (  405): uid=0(root) DK-SiCntrl identical 2 lines
06-12 16:29:03.088 D/stbdpc  (  405): STB_DPGetNumPaths[570]: num_paths: 1
06-12 16:29:03.112 D/rtk_heartbeat(  351): heartbeat_timed_out: heartbeatCmdCount = 5994, expected nextSeqNum = 5994
06-12 16:29:03.113 D/rtk_heartbeat(  351): rtkbt_heartbeat_cmpl_cback: Current SeqNum = 5994,should SeqNum=5994, status = 0
06-12 16:29:03.189 D/stbdpc  (  405): STB_DPGetNumPaths[570]: num_paths: 1
06-12 16:29:03.283 D/dvb_iptv(  405): ReadEmmNetworkTask[1537]: EMM Select Timeout Occured 14
06-12 16:29:03.289 D/stbdpc  (  405): STB_DPGetNumPaths[570]: num_paths: 1
06-12 16:29:03.294 E/ocessService0:( 2273): failed to create Unix domain socket: Operation not permitted
06-12 16:29:03.365 D/ltts_ip_emm(  405): LTTS_IP_DMXStartEMM[381]: parse_emm_cat_status failed
06-12 16:29:03.389 D/stbdpc  (  405): STB_DPGetNumPaths[570]: num_paths: 1
06-12 16:29:03.396 I/ThermalService(  986): CPU temperatures: [65.3]
06-12 16:29:03.489 D/stbdpc  (  405): STB_DPGetNumPaths[570]: num_paths: 1
06-12 16:29:03.590 D/stbdpc  (  405): STB_DPGetNumPaths[570]: num_paths: 1
06-12 16:29:03.667 D/JioStbInactivityTimer(  933): Timer: count 53 warningTimeout:10680 timeout:10800
06-12 16:29:03.667 D/JioStbInactivityTimer(  933): isUserActive: Curr:5964955 Prev:5964955
06-12 16:29:03.690 D/stbdpc  (  405): STB_DPGetNumPaths[570]: num_paths: 1
06-12 16:29:03.783 D/dvb_iptv(  405): ReadEmmNetworkTask[1537]: EMM Select Timeout Occured 15
06-12 16:29:03.790 D/stbdpc  (  405): STB_DPGetNumPaths[570]: num_paths: 1
06-12 16:29:03.990 I/chatty  (  405): uid=0(root) DK-SiCntrl identical 2 lines
06-12 16:29:04.090 D/stbdpc  (  405): STB_DPGetNumPaths[570]: num_paths: 1
06-12 16:29:04.112 D/rtk_heartbeat(  351): heartbeat_timed_out: heartbeatCmdCount = 5995, expected nextSeqNum = 5995
06-12 16:29:04.113 D/rtk_heartbeat(  351): rtkbt_heartbeat_cmpl_cback: Current SeqNum = 5995,should SeqNum=5995, status = 0
06-12 16:29:04.169 I/.startv.hotsta( 6299): oneway function results will be dropped but finished with status OK and parcel size 4
06-12 16:29:04.172 I/e.swalekh.abct( 1336): oneway function results will be dropped but finished with status OK and parcel size 4
06-12 16:29:04.179 D/JioSTBMRServer-SERVICE( 3304): InetSocketAddress(InetAddress.getByName(inetAddress.hostAddress)-/192.168.1.255
06-12 16:29:04.179 D/JioSTBMRServer-SERVICE( 3304): #beacon:RKISBFJ60000097:0:false:0:1:SV=181024 , 192.168.1.255
06-12 16:29:04.182 D/JioSTBMRServer-SERVICE( 3304): InetSocketAddress(InetAddress.getByName(inetAddress.hostAddress)-/192.168.1.255
06-12 16:29:04.183 D/JioSTBMRServer-SERVICE( 3304): #broadcast IP:192.168.1.255
06-12 16:29:04.191 D/stbdpc  (  405): STB_DPGetNumPaths[570]: num_paths: 1
06-12 16:29:04.284 D/dvb_iptv(  405): ReadEmmNetworkTask[1537]: EMM Select Timeout Occured 16
06-12 16:29:04.291 D/stbdpc  (  405): STB_DPGetNumPaths[570]: num_paths: 1
06-12 16:29:04.391 D/stbdpc  (  405): STB_DPGetNumPaths[570]: num_paths: 1
06-12 16:29:04.392 D/MulticastUtils( 1781): Timeout 5000ms IOException:Poll timed out
06-12 16:29:04.397 D/JioLauncher( 1781): connected-network-status  1 status true time 0 lPreviousIp [/fe80::1%wlan0, /192.168.1.1] isLiveOnTop() false isOneTimeVisisbleStatus false-remoteConnectedTime-0
06-12 16:29:04.431 I/WifiService(  632): releaseMulticastLock uid=10083
06-12 16:29:04.433 I/JTCLOG  ( 3423): JuiceModel ->  Discover Mesh ONT services started
06-12 16:29:04.434 I/WifiService(  632): acquireMulticastLock uid=10083
06-12 16:29:04.491 D/stbdpc  (  405): STB_DPGetNumPaths[570]: num_paths: 1
06-12 16:29:04.591 D/stbdpc  (  405): STB_DPGetNumPaths[570]: num_paths: 1
06-12 16:29:04.667 D/JioStbInactivityTimer(  933): Timer: count 54 warningTimeout:10680 timeout:10800
06-12 16:29:04.667 D/JioStbInactivityTimer(  933): isUserActive: Curr:5964955 Prev:5964955
06-12 16:29:04.692 D/stbdpc  (  405): STB_DPGetNumPaths[570]: num_paths: 1
06-12 16:29:04.784 D/dvb_iptv(  405): ReadEmmNetworkTask[1537]: EMM Select Timeout Occured 17
06-12 16:29:04.792 D/stbdpc  (  405): STB_DPGetNumPaths[570]: num_paths: 1
06-12 16:29:04.992 I/chatty  (  405): uid=0(root) DK-SiCntrl identical 2 lines
06-12 16:29:05.092 D/stbdpc  (  405): STB_DPGetNumPaths[570]: num_paths: 1
06-12 16:29:05.112 D/rtk_heartbeat(  351): heartbeat_timed_out: heartbeatCmdCount = 5996, expected nextSeqNum = 5996
06-12 16:29:05.113 D/rtk_heartbeat(  351): rtkbt_heartbeat_cmpl_cback: Current SeqNum = 5996,should SeqNum=5996, status = 0
06-12 16:29:05.193 D/stbdpc  (  405): STB_DPGetNumPaths[570]: num_paths: 1
06-12 16:29:05.193 E/WifiVendorHal(  632): getWifiLinkLayerStats_1_3_Internal(l.973) failed {.code = ERROR_UNKNOWN, .description = unknown error}
06-12 16:29:05.284 D/dvb_iptv(  405): ReadEmmNetworkTask[1537]: EMM Select Timeout Occured 18
06-12 16:29:05.293 D/stbdpc  (  405): STB_DPGetNumPaths[570]: num_paths: 1
06-12 16:29:05.330 E/ocessService0:( 2273): failed to create Unix domain socket: Operation not permitted
06-12 16:29:05.365 D/ltts_ip_emm(  405): LTTS_IP_DMXStartEMM[381]: parse_emm_cat_status failed
06-12 16:29:05.393 D/stbdpc  (  405): STB_DPGetNumPaths[570]: num_paths: 1
06-12 16:29:05.412 I/ThermalService(  986): CPU temperatures: [64.9]
06-12 16:29:05.424 F/linker  ( 6611): CANNOT LINK EXECUTABLE "/system/bin/smartcable/smartCableSTBApp": library "libmosquitto.so" not found: needed by main executable
06-12 16:29:05.493 D/stbdpc  (  405): STB_DPGetNumPaths[570]: num_paths: 1
06-12 16:29:05.593 D/stbdpc  (  405): STB_DPGetNumPaths[570]: num_paths: 1
06-12 16:29:05.667 D/JioStbInactivityTimer(  933): Timer: count 55 warningTimeout:10680 timeout:10800
06-12 16:29:05.667 D/JioStbInactivityTimer(  933): isUserActive: Curr:5964955 Prev:5964955
06-12 16:29:05.694 D/stbdpc  (  405): STB_DPGetNumPaths[570]: num_paths: 1
06-12 16:29:05.784 D/dvb_iptv(  405): ReadEmmNetworkTask[1537]: EMM Select Timeout Occured 19
06-12 16:29:05.794 D/stbdpc  (  405): STB_DPGetNumPaths[570]: num_paths: 1
06-12 16:29:05.812 I/thermal2(  370): Sending notification:  Type: CPU Name: soc_thermal CurrentValue: 64.8 ThrottlingStatus: NONE
06-12 16:29:05.894 D/stbdpc  (  405): STB_DPGetNumPaths[570]: num_paths: 1
06-12 16:29:05.993 D/JioAppOptimizer( 1699): AppOptimizerService :: handleMessage()
06-12 16:29:05.994 D/stbdpc  (  405): STB_DPGetNumPaths[570]: num_paths: 1
06-12 16:29:05.996 D/JioAppOptimizer( 1699): AppOptimizerService :: handleMessage() : Foreground Package=in.startv.hotstar
06-12 16:29:05.996 D/JioAppOptimizer( 1699): AppOptimizerService :: handleMessage() : Free memory available in MB : 519.2109375
06-12 16:29:05.996 D/JioAppOptimizer( 1699): AppOptimizerService :: handleMessage() : checkAndRemoveBackgroundApps()
06-12 16:29:05.996 D/JioAppOptimizer( 1699): AppOptimizerService :: checkAndRemoveBackgroundApps()
06-12 16:29:06.040 D/JioLauncher( 1781): overlay status check for wifi and bt remote false false
06-12 16:29:06.042 D/Match code1( 1449): 2
06-12 16:29:06.042 D/JIO_TR069-( 1449): Predefined List [com.jio.stb.catv, com.rjil.jiostbsetting, com.iwedia.ui.rjio.launcher.reliance, com.jio.stb.hotellauncher, com.jio.media.oberoi, com.jio.ott]
06-12 16:29:06.045 D/JIO_TR069-( 1449): Caller Package com.iwedia.ui.rjio.launcher.reliance
06-12 16:29:06.045 D/JIO_TR069-( 1449): White Listed Apps []
06-12 16:29:06.045 D/JIO_TR069-( 1449): Final White Listed Apps [com.jio.stb.catv, com.rjil.jiostbsetting, com.iwedia.ui.rjio.launcher.reliance, com.jio.stb.hotellauncher, com.jio.media.oberoi, com.jio.ott, ]
06-12 16:29:06.048 D/JioLauncher( 1781): network-type-------NonJioNetwork
06-12 16:29:06.053 D/JioLauncher( 1781): live-tv-previousIp-[/fe80::1%wlan0, /192.168.1.1]-newHost-[/fe80::1%wlan0, /192.168.1.1]
06-12 16:29:06.094 D/stbdpc  (  405): STB_DPGetNumPaths[570]: num_paths: 1
06-12 16:29:06.112 D/rtk_heartbeat(  351): heartbeat_timed_out: heartbeatCmdCount = 5997, expected nextSeqNum = 5997
06-12 16:29:06.114 D/rtk_heartbeat(  351): rtkbt_heartbeat_cmpl_cback: Current SeqNum = 5997,should SeqNum=5997, status = 0
06-12 16:29:06.195 D/stbdpc  (  405): STB_DPGetNumPaths[570]: num_paths: 1
06-12 16:29:06.214 I/.startv.hotsta( 6299): oneway function results will be dropped but finished with status OK and parcel size 4
06-12 16:29:06.217 I/e.swalekh.abct( 1336): oneway function results will be dropped but finished with status OK and parcel size 4
06-12 16:29:06.227 D/JioSTBMRServer-SERVICE( 3304): InetSocketAddress(InetAddress.getByName(inetAddress.hostAddress)-/192.168.1.255
06-12 16:29:06.227 D/JioSTBMRServer-SERVICE( 3304): #beacon:RKISBFJ60000097:0:false:0:1:SV=181024 , 192.168.1.255
06-12 16:29:06.232 D/JioSTBMRServer-SERVICE( 3304): InetSocketAddress(InetAddress.getByName(inetAddress.hostAddress)-/192.168.1.255
06-12 16:29:06.232 D/JioSTBMRServer-SERVICE( 3304): #broadcast IP:192.168.1.255
06-12 16:29:06.284 D/dvb_iptv(  405): ReadEmmNetworkTask[1537]: EMM Select Timeout Occured 20
06-12 16:29:06.295 D/stbdpc  (  405): STB_DPGetNumPaths[570]: num_paths: 1
06-12 16:29:06.495 I/chatty  (  405): uid=0(root) DK-SiCntrl identical 2 lines
06-12 16:29:06.595 D/stbdpc  (  405): STB_DPGetNumPaths[570]: num_paths: 1
06-12 16:29:06.667 D/JioStbInactivityTimer(  933): Timer: count 56 warningTimeout:10680 timeout:10800
06-12 16:29:06.667 D/JioStbInactivityTimer(  933): isUserActive: Curr:5964955 Prev:5964955
06-12 16:29:06.696 D/stbdpc  (  405): STB_DPGetNumPaths[570]: num_paths: 1
06-12 16:29:06.785 D/dvb_iptv(  405): ReadEmmNetworkTask[1537]: EMM Select Timeout Occured 21
06-12 16:29:06.796 D/stbdpc  (  405): STB_DPGetNumPaths[570]: num_paths: 1
06-12 16:29:06.996 I/chatty  (  405): uid=0(root) DK-SiCntrl identical 2 lines
06-12 16:29:07.096 D/stbdpc  (  405): STB_DPGetNumPaths[570]: num_paths: 1
06-12 16:29:07.113 D/rtk_heartbeat(  351): heartbeat_timed_out: heartbeatCmdCount = 5998, expected nextSeqNum = 5998
06-12 16:29:07.114 D/rtk_heartbeat(  351): rtkbt_heartbeat_cmpl_cback: Current SeqNum = 5998,should SeqNum=5998, status = 0
06-12 16:29:07.196 D/stbdpc  (  405): STB_DPGetNumPaths[570]: num_paths: 1
06-12 16:29:07.285 D/dvb_iptv(  405): ReadEmmNetworkTask[1537]: EMM Select Timeout Occured 22
06-12 16:29:07.297 D/stbdpc  (  405): STB_DPGetNumPaths[570]: num_paths: 1
06-12 16:29:07.365 D/ltts_ip_emm(  405): LTTS_IP_DMXStartEMM[381]: parse_emm_cat_status failed
06-12 16:29:07.369 E/ocessService0:( 2273): failed to create Unix domain socket: Operation not permitted
06-12 16:29:07.397 D/stbdpc  (  405): STB_DPGetNumPaths[570]: num_paths: 1
06-12 16:29:07.428 I/ThermalService(  986): CPU temperatures: [64.600006]
06-12 16:29:07.433 I/WifiService(  632): releaseMulticastLock uid=10083
06-12 16:29:07.434 I/JTCLOG  ( 3423): JuiceModel ->  getOldONTDetails() 
06-12 16:29:07.434 I/JTCLOG  ( 3423): JuiceModel -> Constants.BASEURL_PORT_7443:https://jiofiber.local.html:7443/
06-12 16:29:07.434 I/JTCLOG  ( 3423): JuiceModel -> FQDN=jiofiber.local.html
06-12 16:29:07.434 I/JTCLOG  ( 3423): JuiceModel -> getInfo() called with secured https----- -> count : 97
06-12 16:29:07.497 D/stbdpc  (  405): STB_DPGetNumPaths[570]: num_paths: 1
06-12 16:29:07.597 D/stbdpc  (  405): STB_DPGetNumPaths[570]: num_paths: 1
06-12 16:29:07.667 D/JioStbInactivityTimer(  933): Timer: count 57 warningTimeout:10680 timeout:10800
06-12 16:29:07.667 D/JioStbInactivityTimer(  933): isUserActive: Curr:5964955 Prev:5964955
06-12 16:29:07.697 D/stbdpc  (  405): STB_DPGetNumPaths[570]: num_paths: 1
06-12 16:29:07.771 W/[ 6023.126560@0]  RTW(    0): fill_default_txdesc(wlan0): SP Packet(0x0806) rate=0x4 SeqNum = 2107
06-12 16:29:07.785 D/dvb_iptv(  405): ReadEmmNetworkTask[1537]: EMM Select Timeout Occured 23
06-12 16:29:07.798 D/stbdpc  (  405): STB_DPGetNumPaths[570]: num_paths: 1
06-12 16:29:07.898 D/stbdpc  (  405): STB_DPGetNumPaths[570]: num_paths: 1
06-12 16:29:07.978 D/memtrack_aml(  367): sysfs path
06-12 16:29:07.998 D/stbdpc  (  405): STB_DPGetNumPaths[570]: num_paths: 1
06-12 16:29:08.022 I/TRuntime.CctTransportBackend( 6299): Making request to: https://firebaselogging-pa.googleapis.com/v1/firelog/legacy/batchlog
06-12 16:29:08.098 D/stbdpc  (  405): STB_DPGetNumPaths[570]: num_paths: 1
06-12 16:29:08.113 D/rtk_heartbeat(  351): heartbeat_timed_out: heartbeatCmdCount = 5999, expected nextSeqNum = 5999
06-12 16:29:08.114 D/rtk_heartbeat(  351): rtkbt_heartbeat_cmpl_cback: Current SeqNum = 5999,should SeqNum=5999, status = 0
06-12 16:29:08.198 D/stbdpc  (  405): STB_DPGetNumPaths[570]: num_paths: 1
06-12 16:29:08.204 E/WifiVendorHal(  632): getWifiLinkLayerStats_1_3_Internal(l.973) failed {.code = ERROR_UNKNOWN, .description = unknown error}
06-12 16:29:08.263 I/.startv.hotsta( 6299): oneway function results will be dropped but finished with status OK and parcel size 4
06-12 16:29:08.265 I/e.swalekh.abct( 1336): oneway function results will be dropped but finished with status OK and parcel size 4
06-12 16:29:08.271 D/JioSTBMRServer-SERVICE( 3304): InetSocketAddress(InetAddress.getByName(inetAddress.hostAddress)-/192.168.1.255
06-12 16:29:08.271 D/JioSTBMRServer-SERVICE( 3304): #beacon:RKISBFJ60000097:0:false:0:1:SV=181024 , 192.168.1.255
06-12 16:29:08.275 D/JioSTBMRServer-SERVICE( 3304): InetSocketAddress(InetAddress.getByName(inetAddress.hostAddress)-/192.168.1.255
06-12 16:29:08.275 D/JioSTBMRServer-SERVICE( 3304): #broadcast IP:192.168.1.255
06-12 16:29:08.285 D/dvb_iptv(  405): ReadEmmNetworkTask[1537]: EMM Select Timeout Occured 24
06-12 16:29:08.299 D/stbdpc  (  405): STB_DPGetNumPaths[570]: num_paths: 1
06-12 16:29:08.499 I/chatty  (  405): uid=0(root) DK-SiCntrl identical 2 lines
06-12 16:29:08.599 D/stbdpc  (  405): STB_DPGetNumPaths[570]: num_paths: 1
06-12 16:29:08.667 D/JioStbInactivityTimer(  933): Timer: count 58 warningTimeout:10680 timeout:10800
06-12 16:29:08.667 D/JioStbInactivityTimer(  933): isUserActive: Curr:5964955 Prev:5964955
06-12 16:29:08.699 D/stbdpc  (  405): STB_DPGetNumPaths[570]: num_paths: 1
06-12 16:29:08.785 D/dvb_iptv(  405): ReadEmmNetworkTask[1537]: EMM Select Timeout Occured 25
06-12 16:29:08.800 D/stbdpc  (  405): STB_DPGetNumPaths[570]: num_paths: 1
06-12 16:29:09.000 I/chatty  (  405): uid=0(root) DK-SiCntrl identical 2 lines
06-12 16:29:09.100 D/stbdpc  (  405): STB_DPGetNumPaths[570]: num_paths: 1
06-12 16:29:09.113 D/rtk_heartbeat(  351): heartbeat_timed_out: heartbeatCmdCount = 6000, expected nextSeqNum = 6000
06-12 16:29:09.114 D/rtk_heartbeat(  351): rtkbt_heartbeat_cmpl_cback: Current SeqNum = 6000,should SeqNum=6000, status = 0
06-12 16:29:09.200 D/stbdpc  (  405): STB_DPGetNumPaths[570]: num_paths: 1
06-12 16:29:09.237 I/JioBackgroundSchedulerService( 2785): Check schedule  
06-12 16:29:09.285 D/dvb_iptv(  405): ReadEmmNetworkTask[1537]: EMM Select Timeout Occured 26
06-12 16:29:09.300 D/stbdpc  (  405): STB_DPGetNumPaths[570]: num_paths: 1
06-12 16:29:09.365 D/ltts_ip_emm(  405): LTTS_IP_DMXStartEMM[381]: parse_emm_cat_status failed
06-12 16:29:09.401 D/stbdpc  (  405): STB_DPGetNumPaths[570]: num_paths: 1
06-12 16:29:09.409 E/ocessService0:( 2273): failed to create Unix domain socket: Operation not permitted
06-12 16:29:09.444 I/ThermalService(  986): CPU temperatures: [65.100006]
06-12 16:29:09.501 D/stbdpc  (  405): STB_DPGetNumPaths[570]: num_paths: 1
06-12 16:29:09.601 D/stbdpc  (  405): STB_DPGetNumPaths[570]: num_paths: 1
06-12 16:29:09.667 D/JioStbInactivityTimer(  933): Timer: count 59 warningTimeout:10680 timeout:10800
06-12 16:29:09.667 D/JioStbInactivityTimer(  933): isUserActive: Curr:5964955 Prev:5964955
06-12 16:29:09.701 D/stbdpc  (  405): STB_DPGetNumPaths[570]: num_paths: 1
06-12 16:29:09.786 D/dvb_iptv(  405): ReadEmmNetworkTask[1537]: EMM Select Timeout Occured 27
06-12 16:29:09.801 D/stbdpc  (  405): STB_DPGetNumPaths[570]: num_paths: 1
06-12 16:29:09.902 D/stbdpc  (  405): STB_DPGetNumPaths[570]: num_paths: 1
06-12 16:29:09.989 I/DTVKit  (  405): request[114]: 'CmnNoti.onDvbIpPacketDetails' // '[]'
06-12 16:29:09.989 D/stbresmgr(  405): STB_RESNumTuners[315]: num_tuners: 3
06-12 16:29:09.989 E/dvb_iptv(  405): IPTV_GetDvbIpPacketDetails[684]: No valid ECM iptv_handle
06-12 16:29:09.989 D/dvb_iptv(  405): IPTV_GetDvbIpPacketDetails[688]: EMM Pkt stat received_packets:0 lost_packets:0 recov_packets:0 
06-12 16:29:09.989 E/CommonClientNotiCbUtilsIntf(  405): onDvbIpPacketDetails[97]: Failure of Getting DvbIpDetails
06-12 16:29:09.991 D/CommonClientNotiCbUtilsImpl( 1621): Not Received Valid Info
06-12 16:29:10.002 D/stbdpc  (  405): STB_DPGetNumPaths[570]: num_paths: 1
06-12 16:29:10.045 I/chromium( 1781): [INFO:CONSOLE(251)] "Fetched Data of matchDetails: [object Object]", source: https://widget.jionews.com/jionews-cricketwidget-vdo/prod/index.html (251)
06-12 16:29:10.102 D/stbdpc  (  405): STB_DPGetNumPaths[570]: num_paths: 1
06-12 16:29:10.113 D/rtk_heartbeat(  351): heartbeat_timed_out: heartbeatCmdCount = 6001, expected nextSeqNum = 6001
06-12 16:29:10.114 D/rtk_heartbeat(  351): rtkbt_heartbeat_cmpl_cback: Current SeqNum = 6001,should SeqNum=6001, status = 0
06-12 16:29:10.202 D/stbdpc  (  405): STB_DPGetNumPaths[570]: num_paths: 1
06-12 16:29:10.286 D/dvb_iptv(  405): ReadEmmNetworkTask[1537]: EMM Select Timeout Occured 28
06-12 16:29:10.302 D/stbdpc  (  405): STB_DPGetNumPaths[570]: num_paths: 1
06-12 16:29:10.304 I/.startv.hotsta( 6299): oneway function results will be dropped but finished with status OK and parcel size 4
06-12 16:29:10.306 I/e.swalekh.abct( 1336): oneway function results will be dropped but finished with status OK and parcel size 4
06-12 16:29:10.313 D/JioSTBMRServer-SERVICE( 3304): InetSocketAddress(InetAddress.getByName(inetAddress.hostAddress)-/192.168.1.255
06-12 16:29:10.313 D/JioSTBMRServer-SERVICE( 3304): #beacon:RKISBFJ60000097:0:false:0:1:SV=181024 , 192.168.1.255
06-12 16:29:10.315 D/JioSTBMRServer-SERVICE( 3304): InetSocketAddress(InetAddress.getByName(inetAddress.hostAddress)-/192.168.1.255
06-12 16:29:10.315 D/JioSTBMRServer-SERVICE( 3304): #broadcast IP:192.168.1.255
06-12 16:29:10.356 I/TRuntime.CctTransportBackend( 6299): Status Code: 200
06-12 16:29:10.402 D/stbdpc  (  405): STB_DPGetNumPaths[570]: num_paths: 1
06-12 16:29:10.427 F/linker  ( 6631): CANNOT LINK EXECUTABLE "/system/bin/smartcable/smartCableSTBApp": library "libmosquitto.so" not found: needed by main executable
06-12 16:29:10.503 I/chatty  (  405): uid=0(root) DK-SiCntrl identical 1 line
06-12 16:29:10.603 D/stbdpc  (  405): STB_DPGetNumPaths[570]: num_paths: 1
06-12 16:29:10.667 D/JioStbInactivityTimer(  933): Timer: count 60 warningTimeout:10680 timeout:10800
06-12 16:29:10.667 D/JioStbInactivityTimer(  933): isUserActive: Curr:5964955 Prev:5964955
06-12 16:29:10.703 D/stbdpc  (  405): STB_DPGetNumPaths[570]: num_paths: 1
06-12 16:29:10.786 D/dvb_iptv(  405): ReadEmmNetworkTask[1537]: EMM Select Timeout Occured 29
06-12 16:29:10.803 D/stbdpc  (  405): STB_DPGetNumPaths[570]: num_paths: 1
06-12 16:29:10.904 I/chatty  (  405): uid=0(root) DK-SiCntrl identical 1 line
06-12 16:29:11.004 D/stbdpc  (  405): STB_DPGetNumPaths[570]: num_paths: 1
06-12 16:29:11.041 D/JioLauncher( 1781): overlay status check for wifi and bt remote false false
06-12 16:29:11.043 D/Match code1( 1449): 2
06-12 16:29:11.044 D/JIO_TR069-( 1449): Predefined List [com.jio.stb.catv, com.rjil.jiostbsetting, com.iwedia.ui.rjio.launcher.reliance, com.jio.stb.hotellauncher, com.jio.media.oberoi, com.jio.ott]
06-12 16:29:11.045 D/JIO_TR069-( 1449): Caller Package com.iwedia.ui.rjio.launcher.reliance
06-12 16:29:11.045 D/JIO_TR069-( 1449): White Listed Apps []
06-12 16:29:11.045 D/JIO_TR069-( 1449): Final White Listed Apps [com.jio.stb.catv, com.rjil.jiostbsetting, com.iwedia.ui.rjio.launcher.reliance, com.jio.stb.hotellauncher, com.jio.media.oberoi, com.jio.ott, ]
06-12 16:29:11.049 D/JioLauncher( 1781): network-type-------NonJioNetwork
06-12 16:29:11.057 D/JioLauncher( 1781): live-tv-previousIp-[/fe80::1%wlan0, /192.168.1.1]-newHost-[/fe80::1%wlan0, /192.168.1.1]
06-12 16:29:11.104 D/stbdpc  (  405): STB_DPGetNumPaths[570]: num_paths: 1
06-12 16:29:11.113 D/rtk_heartbeat(  351): heartbeat_timed_out: heartbeatCmdCount = 6002, expected nextSeqNum = 6002
06-12 16:29:11.115 D/rtk_heartbeat(  351): rtkbt_heartbeat_cmpl_cback: Current SeqNum = 6002,should SeqNum=6002, status = 0
06-12 16:29:11.204 D/stbdpc  (  405): STB_DPGetNumPaths[570]: num_paths: 1
06-12 16:29:11.215 E/WifiVendorHal(  632): getWifiLinkLayerStats_1_3_Internal(l.973) failed {.code = ERROR_UNKNOWN, .description = unknown error}
06-12 16:29:11.286 D/dvb_iptv(  405): ReadEmmNetworkTask[1537]: EMM Select Timeout Occured 30
06-12 16:29:11.304 D/stbdpc  (  405): STB_DPGetNumPaths[570]: num_paths: 1
06-12 16:29:11.366 D/ltts_ip_emm(  405): LTTS_IP_DMXStartEMM[381]: parse_emm_cat_status failed
06-12 16:29:11.405 D/stbdpc  (  405): STB_DPGetNumPaths[570]: num_paths: 1
06-12 16:29:11.448 E/ocessService0:( 2273): failed to create Unix domain socket: Operation not permitted
06-12 16:29:11.464 I/ThermalService(  986): CPU temperatures: [64.5]
06-12 16:29:11.505 D/stbdpc  (  405): STB_DPGetNumPaths[570]: num_paths: 1
06-12 16:29:11.605 D/stbdpc  (  405): STB_DPGetNumPaths[570]: num_paths: 1
06-12 16:29:11.668 D/JioStbInactivityTimer(  933): Timer: count 61 warningTimeout:10680 timeout:10800
06-12 16:29:11.668 D/JioStbInactivityTimer(  933): isUserActive: Curr:5964955 Prev:5964955
06-12 16:29:11.705 D/stbdpc  (  405): STB_DPGetNumPaths[570]: num_paths: 1
06-12 16:29:11.786 D/dvb_iptv(  405): ReadEmmNetworkTask[1537]: EMM Select Timeout Occured 31
06-12 16:29:11.805 D/stbdpc  (  405): STB_DPGetNumPaths[570]: num_paths: 1
