06-12 15:16:21.457 D/JioLauncher( 1781): global-key-unblock-all-key
06-12 15:16:21.460 D/JioLauncher( 1781): block-apps -1 null false
06-12 15:16:21.460 D/JioLauncher( 1781): global-key-block-all-key--others
06-12 15:16:21.460 D/CompatibilityChangeReporter(  632): Compat change id reported: 135634846; UID 10102; state: DISABLED
06-12 15:16:21.460 D/CompatibilityChangeReporter(  632): Compat change id reported: 143937733; UID 10102; state: ENABLED
06-12 15:16:21.464 D/stbdpc  (  405): STB_DPGetNumPaths[570]: num_paths: 1
06-12 15:16:21.487 D/Glide   ( 1781): Finished loading Bitmap from LOCAL for com.bumptech.glide.gifdecoder.StandardGifDecoder@fb55452 with size [314x176] in 4.643833 ms
06-12 15:16:21.488 D/Zygote  (  326): Forked child process 12522
06-12 15:16:21.491 I/ActivityManager(  632): Start proc 12522:com.jiotv.sonyliv/u0a102 for pre-top-activity {com.jiotv.sonyliv/com.sonyliv.ui.splash.SplashActivity}
06-12 15:16:21.509 I/adbd    ( 7938): jdwp connection from 12522
06-12 15:16:21.512 I/ThermalService(  986): CPU temperatures: [61.200005]
06-12 15:16:21.517 D/dvb_iptv(  405): ReadEmmNetworkTask[1537]: EMM Select Timeout Occured 38
06-12 15:16:21.523 D/ActivityTaskManager(  632): JioHomeManagerService :: ActivityRecord :: setState :: StateFrom :: INITIALIZING StateTo :: RESUMED 
06-12 15:16:21.528 D/NetflixService(  986): onForegroundActivitiesChanged pid:12522,uid:10102,fg:true
06-12 15:16:21.529 D/ActivityManager(  632): JioHomeManagerService :: StateFrom :: INITIALIZING StateTo :: RESUMED Activity :: com.jiotv.sonyliv/com.sonyliv.ui.splash.SplashActivity Action :: com.jio.remote.action.applaunch
06-12 15:16:21.531 D/NetflixService(  986): processName:com.netflix.ninja,importance:300
06-12 15:16:21.535 D/Glide   ( 1781): Finished loading Bitmap from LOCAL for com.bumptech.glide.gifdecoder.StandardGifDecoder@fb55452 with size [314x176] in 12.980334 ms
06-12 15:16:21.564 D/stbdpc  (  405): STB_DPGetNumPaths[570]: num_paths: 1
06-12 15:16:21.568 D/Glide   ( 1781): Finished loading Bitmap from LOCAL for com.bumptech.glide.gifdecoder.StandardGifDecoder@fb55452 with size [314x176] in 6.048 ms
06-12 15:16:21.590 D/NetworkSecurityConfig(12522): No Network Security Config specified, using platform default
06-12 15:16:21.591 D/NetworkSecurityConfig(12522): No Network Security Config specified, using platform default
06-12 15:16:21.618 D/Glide   ( 1781): Finished loading Bitmap from LOCAL for com.bumptech.glide.gifdecoder.StandardGifDecoder@fb55452 with size [314x176] in 15.356584 ms
06-12 15:16:21.652 D/Glide   ( 1781): Finished loading Bitmap from LOCAL for com.bumptech.glide.gifdecoder.StandardGifDecoder@fb55452 with size [314x176] in 8.703958 ms
06-12 15:16:21.664 D/stbdpc  (  405): STB_DPGetNumPaths[570]: num_paths: 1
06-12 15:16:21.701 D/Glide   ( 1781): Finished loading Bitmap from LOCAL for com.bumptech.glide.gifdecoder.StandardGifDecoder@fb55452 with size [314x176] in 17.56775 ms
06-12 15:16:21.735 D/Glide   ( 1781): Finished loading Bitmap from LOCAL for com.bumptech.glide.gifdecoder.StandardGifDecoder@fb55452 with size [314x176] in 10.852625 ms
06-12 15:16:21.764 D/stbdpc  (  405): STB_DPGetNumPaths[570]: num_paths: 1
06-12 15:16:21.769 D/Glide   ( 1781): Finished loading Bitmap from LOCAL for com.bumptech.glide.gifdecoder.StandardGifDecoder@fb55452 with size [314x176] in 4.562374999999999 ms
06-12 15:16:21.818 D/Glide   ( 1781): Finished loading Bitmap from LOCAL for com.bumptech.glide.gifdecoder.StandardGifDecoder@fb55452 with size [314x176] in 13.756375 ms
06-12 15:16:21.851 D/Glide   ( 1781): Finished loading Bitmap from LOCAL for com.bumptech.glide.gifdecoder.StandardGifDecoder@fb55452 with size [314x176] in 6.439958 ms
06-12 15:16:21.864 D/stbdpc  (  405): STB_DPGetNumPaths[570]: num_paths: 1
06-12 15:16:21.883 I/FirebaseApp(12522): Device unlocked: initializing all Firebase APIs for app [DEFAULT]
06-12 15:16:21.901 I/FirebaseCrashlytics(12522): Initializing Firebase Crashlytics 19.0.2 for com.jiotv.sonyliv
06-12 15:16:21.902 D/Glide   ( 1781): Finished loading Bitmap from LOCAL for com.bumptech.glide.gifdecoder.StandardGifDecoder@fb55452 with size [314x176] in 16.710584 ms
06-12 15:16:21.935 D/Glide   ( 1781): Finished loading Bitmap from LOCAL for com.bumptech.glide.gifdecoder.StandardGifDecoder@fb55452 with size [314x176] in 9.822958 ms
06-12 15:16:21.938 E/DynamiteModule(12522): Invalid GmsCore APK, remote loading disabled.
06-12 15:16:21.938 I/DynamiteModule(12522): Considering local module com.google.android.gms.measurement.dynamite:83 and remote module com.google.android.gms.measurement.dynamite:0
06-12 15:16:21.939 I/DynamiteModule(12522): Selected local version of com.google.android.gms.measurement.dynamite
06-12 15:16:21.941 E/DynamiteModule(12522): Invalid GmsCore APK, remote loading disabled.
06-12 15:16:21.965 D/stbdpc  (  405): STB_DPGetNumPaths[570]: num_paths: 1
06-12 15:16:21.971 D/Glide   ( 1781): Finished loading Bitmap from LOCAL for com.bumptech.glide.gifdecoder.StandardGifDecoder@fb55452 with size [314x176] in 5.429583 ms
06-12 15:16:21.974 D/rtk_heartbeat(  351): heartbeat_timed_out: heartbeatCmdCount = 1634, expected nextSeqNum = 1634
06-12 15:16:21.975 D/rtk_heartbeat(  351): rtkbt_heartbeat_cmpl_cback: Current SeqNum = 1634,should SeqNum=1634, status = 0
06-12 15:16:21.985 I/FA      (12522): App measurement initialized, version: 73000
06-12 15:16:21.985 I/FA      (12522): To enable debug logging run: adb shell setprop log.tag.FA VERBOSE
06-12 15:16:21.985 I/FA      (12522): To enable faster debug mode event logging run:
06-12 15:16:21.985 I/FA      (12522):   adb shell setprop debug.firebase.analytics.app com.jiotv.sonyliv
06-12 15:16:22.015 I/FirebaseCrashlytics(12522): No version control information found
06-12 15:16:22.018 D/dvb_iptv(  405): ReadEmmNetworkTask[1537]: EMM Select Timeout Occured 39
06-12 15:16:22.019 D/Glide   ( 1781): Finished loading Bitmap from LOCAL for com.bumptech.glide.gifdecoder.StandardGifDecoder@fb55452 with size [314x176] in 12.261125 ms
06-12 15:16:22.036 I/FirebaseInitProvider(12522): FirebaseApp initialization successful
06-12 15:16:22.053 D/Glide   ( 1781): Finished loading Bitmap from LOCAL for com.bumptech.glide.gifdecoder.StandardGifDecoder@fb55452 with size [314x176] in 5.978083 ms
06-12 15:16:22.055 E/FirebaseInstanceId(12522): Google Play services missing or without correct permission.
06-12 15:16:22.065 D/stbdpc  (  405): STB_DPGetNumPaths[570]: num_paths: 1
06-12 15:16:22.104 D/Glide   ( 1781): Finished loading Bitmap from LOCAL for com.bumptech.glide.gifdecoder.StandardGifDecoder@fb55452 with size [314x176] in 17.451916999999998 ms
06-12 15:16:22.108 E/GodavariSDKAnalytics(12522): ON_CREATE
06-12 15:16:22.136 D/Glide   ( 1781): Finished loading Bitmap from LOCAL for com.bumptech.glide.gifdecoder.StandardGifDecoder@fb55452 with size [314x176] in 8.474582999999999 ms
06-12 15:16:22.146 I/CleverTap(12522): Activity Lifecycle Callback successfully registered
06-12 15:16:22.156 W/FA      (12522): Service invalid
06-12 15:16:22.165 D/stbdpc  (  405): STB_DPGetNumPaths[570]: num_paths: 1
06-12 15:16:22.188 D/Glide   ( 1781): Finished loading Bitmap from LOCAL for com.bumptech.glide.gifdecoder.StandardGifDecoder@fb55452 with size [314x176] in 19.074040999999998 ms
06-12 15:16:22.223 I/CleverTap(12522): Account Region not specified in the AndroidManifest - using default region
06-12 15:16:22.239 I/CleverTap(12522): CleverTap SDK initialized with accountId: 48K-8WW-754Z accountToken: 00b-3b4 accountRegion: null
06-12 15:16:22.252 D/Glide   ( 1781): Finished loading Bitmap from LOCAL for com.bumptech.glide.gifdecoder.StandardGifDecoder@fb55452 with size [314x176] in 42.632374999999996 ms
06-12 15:16:22.265 D/stbdpc  (  405): STB_DPGetNumPaths[570]: num_paths: 1
06-12 15:16:22.272 D/Glide   ( 1781): Finished loading Bitmap from LOCAL for com.bumptech.glide.gifdecoder.StandardGifDecoder@fb55452 with size [314x176] in 18.880499999999998 ms
06-12 15:16:22.282 I/CleverTap(12522): SDK Version Code is 40301
06-12 15:16:22.294 I/CleverTap(12522): sdk.pushnotification.CTPushNotificationReceiver is present
06-12 15:16:22.296 D/JioStbInactivityTimer(  933): Timer: count 275 warningTimeout:10680 timeout:10800
06-12 15:16:22.296 D/JioStbInactivityTimer(  933): isUserActive: Curr:1381068 Prev:1381068
06-12 15:16:22.298 I/TetheringManager(12522): registerTetheringEventCallback:com.jiotv.sonyliv
06-12 15:16:22.299 I/CleverTap(12522): pushnotification.CTNotificationIntentService not present
06-12 15:16:22.303 I/CleverTap(12522): InAppNotificationActivity is present
06-12 15:16:22.307 I/CleverTap(12522): inbox.CTInboxActivity is present
06-12 15:16:22.309 I/CleverTap(12522): geofence.CTGeofenceReceiver not present
06-12 15:16:22.310 D/ConnectivityService(  632): NetReassign [no changes]
06-12 15:16:22.313 I/CleverTap(12522): geofence.CTLocationUpdateReceiver not present
06-12 15:16:22.314 I/CleverTap(12522): geofence.CTGeofenceBootReceiver not present
06-12 15:16:22.314 D/Glide   ( 1781): Finished loading Bitmap from LOCAL for com.bumptech.glide.gifdecoder.StandardGifDecoder@fb55452 with size [314x176] in 21.300165999999997 ms
06-12 15:16:22.320 I/CleverTap(12522): pushnotification.amp.CTBackgroundJobService is present
06-12 15:16:22.324 I/CleverTap(12522): pushnotification.amp.CTBackgroundIntentService is present
06-12 15:16:22.324 I/CleverTap(12522): We have noticed that your app is using a custom FCM Sender ID, this feature will be DISCONTINUED from the next version of the CleverTap Android SDK. With the next release, CleverTap Android SDK will only fetch the token using the google-services.json. Please reach out to CleverTap Support for any questions.
06-12 15:16:22.340 D/Glide   ( 1781): Finished loading Bitmap from LOCAL for com.bumptech.glide.gifdecoder.StandardGifDecoder@fb55452 with size [314x176] in 6.259084 ms
06-12 15:16:22.360 D/ConnectivityService(  632): requestNetwork for uid/pid:10102/12522 NetworkRequest [ TRACK_DEFAULT id=42, [ Capabilities: INTERNET&NOT_RESTRICTED&TRUSTED Uid: 10102 AdministratorUids: [] RequestorUid: 10102 RequestorPackageName: com.jiotv.sonyliv] ]
06-12 15:16:22.361 D/ConnectivityService(  632): NetReassign [42 : null  100]
06-12 15:16:22.361 D/UntrustedWifiNetworkFactory(  632): got request NetworkRequest [ TRACK_DEFAULT id=42, [ Capabilities: INTERNET&NOT_RESTRICTED&TRUSTED Uid: 10102 AdministratorUids: [] RequestorUid: 10102 RequestorPackageName: com.jiotv.sonyliv] ] with score 60 and providerId 2
06-12 15:16:22.362 D/WifiNetworkFactory(  632): got request NetworkRequest [ TRACK_DEFAULT id=42, [ Capabilities: INTERNET&NOT_RESTRICTED&TRUSTED Uid: 10102 AdministratorUids: [] RequestorUid: 10102 RequestorPackageName: com.jiotv.sonyliv] ] with score 60 and providerId 2
06-12 15:16:22.362 D/Ethernet(  632): got request NetworkRequest [ TRACK_DEFAULT id=42, [ Capabilities: INTERNET&NOT_RESTRICTED&TRUSTED Uid: 10102 AdministratorUids: [] RequestorUid: 10102 RequestorPackageName: com.jiotv.sonyliv] ] with score 60 and providerId 2
06-12 15:16:22.365 D/stbdpc  (  405): STB_DPGetNumPaths[570]: num_paths: 1
06-12 15:16:22.373 I/FrcRepository(12522): init Frc
06-12 15:16:22.386 D/Glide   ( 1781): Finished loading Bitmap from LOCAL for com.bumptech.glide.gifdecoder.StandardGifDecoder@fb55452 with size [314x176] in 12.945958 ms
06-12 15:16:22.388 E/libc    (12522): Access denied finding property "ro.serialno"
06-12 15:16:22.384 W/DefaultDispatch(12522): type=1400 audit(0.0:2089): avc: denied { read } for name="u:object_r:serialno_prop:s0" dev="tmpfs" ino=11630 scontext=u:r:untrusted_app:s0:c102,c256,c512,c768 tcontext=u:object_r:serialno_prop:s0 tclass=file permissive=0 app=com.jiotv.sonyliv
06-12 15:16:22.415 I/m.jiotv.sonyli(12522): Waiting for a blocking GC ProfileSaver
06-12 15:16:22.425 I/m.jiotv.sonyli(12522): WaitForGcToComplete blocked ProfileSaver on RunEmptyCheckpoint for 9.447ms
06-12 15:16:22.431 E/corebase(12522): previousscreensplash screen
06-12 15:16:22.432 D/Glide   ( 1781): Finished loading Bitmap from LOCAL for com.bumptech.glide.gifdecoder.StandardGifDecoder@fb55452 with size [314x176] in 18.071292 ms
06-12 15:16:22.452 E/GodavariSDKAnalytics(12522): ON_START
06-12 15:16:22.457 I/WebViewFactory(12522): Loading com.android.webview version 83.0.4103.120 (code 410412050)
06-12 15:16:22.466 D/stbdpc  (  405): STB_DPGetNumPaths[570]: num_paths: 1
06-12 15:16:22.470 D/Glide   ( 1781): Finished loading Bitmap from LOCAL for com.bumptech.glide.gifdecoder.StandardGifDecoder@fb55452 with size [314x176] in 15.041374999999999 ms
06-12 15:16:22.503 D/Glide   ( 1781): Finished loading Bitmap from LOCAL for com.bumptech.glide.gifdecoder.StandardGifDecoder@fb55452 with size [314x176] in 6.637792 ms
06-12 15:16:22.513 D/JioLauncher( 1781): isInternetAvailable-method-response-204
06-12 15:16:22.516 D/JioLauncher( 1781): isMulticastReceiver-Connected-to-5GHz-Wi-Fi-network
06-12 15:16:22.518 D/dvb_iptv(  405): ReadEmmNetworkTask[1537]: EMM Select Timeout Occured 40
06-12 15:16:22.551 V/DigitalSignage(  632): Package Name: null
06-12 15:16:22.551 V/DigitalSignage(  632): Left: 0
06-12 15:16:22.552 V/DigitalSignage(  632): Right: 0
06-12 15:16:22.552 V/DigitalSignage(  632): Top: 0
06-12 15:16:22.552 V/DigitalSignage(  632): Bottom: 0
06-12 15:16:22.554 D/DigitalSignage(  632): else - Package Name :: null left : 0 right :: 0 top :: 0 bottom :: 0 dfu-right :: 1920 dfu-bottom :: 1080
06-12 15:16:22.560 D/Glide   ( 1781): Finished loading Bitmap from LOCAL for com.bumptech.glide.gifdecoder.StandardGifDecoder@fb55452 with size [314x176] in 23.738374999999998 ms
06-12 15:16:22.566 D/stbdpc  (  405): STB_DPGetNumPaths[570]: num_paths: 1
06-12 15:16:22.575 D/nativeloader(12522): classloader namespace configured for unbundled product apk. library_path=/product/app/webview/lib/arm:/product/app/webview/webview.apk!/lib/armeabi-v7a:/product/lib:/system/product/lib
06-12 15:16:22.598 D/Glide   ( 1781): Finished loading Bitmap from LOCAL for com.bumptech.glide.gifdecoder.StandardGifDecoder@fb55452 with size [314x176] in 19.97775 ms
06-12 15:16:22.605 I/hwservicemanager(  235): getTransport: Cannot find entry android.hardware.configstore@1.0::ISurfaceFlingerConfigs/default in either framework or device manifest.
06-12 15:16:22.626 I/uncher.relianc( 1781): oneway function results will be dropped but finished with status OK and parcel size 4
06-12 15:16:22.632 I/e.swalekh.abct( 1336): oneway function results will be dropped but finished with status OK and parcel size 4
06-12 15:16:22.638 D/Glide   ( 1781): Finished loading Bitmap from LOCAL for com.bumptech.glide.gifdecoder.StandardGifDecoder@fb55452 with size [314x176] in 19.060167 ms
06-12 15:16:22.649 E/ThemeUtils(12522): View class com.sonyliv.onboarding.customview.TextViewWithFont is an AppCompat widget that can only be used with a Theme.AppCompat theme (or descendant).
06-12 15:16:22.666 D/stbdpc  (  405): STB_DPGetNumPaths[570]: num_paths: 1
06-12 15:16:22.672 D/Glide   ( 1781): Finished loading Bitmap from LOCAL for com.bumptech.glide.gifdecoder.StandardGifDecoder@fb55452 with size [314x176] in 12.515082999999999 ms
06-12 15:16:22.666 D/JioSTBMRServer-SERVICE( 3304): InetSocketAddress(InetAddress.getByName(inetAddress.hostAddress)-/192.168.1.255
06-12 15:16:22.679 D/JioSTBMRServer-SERVICE( 3304): #beacon:RKISBFJ60000097:0:false:0:1:SV=181024 , 192.168.1.255
06-12 15:16:22.693 D/JioSTBMRServer-SERVICE( 3304): InetSocketAddress(InetAddress.getByName(inetAddress.hostAddress)-/192.168.1.255
06-12 15:16:22.693 D/JioSTBMRServer-SERVICE( 3304): #broadcast IP:192.168.1.255
06-12 15:16:22.700 E/ThemeUtils(12522): View class com.sonyliv.onboarding.customview.TextViewWithFont is an AppCompat widget that can only be used with a Theme.AppCompat theme (or descendant).
06-12 15:16:22.728 D/Glide   ( 1781): Finished loading Bitmap from LOCAL for com.bumptech.glide.gifdecoder.StandardGifDecoder@fb55452 with size [314x176] in 27.16975 ms
06-12 15:16:22.763 D/Glide   ( 1781): Finished loading Bitmap from LOCAL for com.bumptech.glide.gifdecoder.StandardGifDecoder@fb55452 with size [314x176] in 20.669791999999998 ms
06-12 15:16:22.766 D/stbdpc  (  405): STB_DPGetNumPaths[570]: num_paths: 1
06-12 15:16:22.776 I/lowmemorykiller(  233): medium memory pressure event is triggered for new strategy
06-12 15:16:22.776 D/lowmemorykiller(  233): LMKD mp_event_psi kill_reasons available are PRESSURE_AFTER_KILL, NOT_RESPONDING, LOW_SWAP_AND_THRASHING, LOW_MEM_AND_SWAP, LOW_MEM_AND_THRASHING, DIRECT_RECL_AND_THRASHING
06-12 15:16:22.776 D/lowmemorykiller(  233): LMKD mp_event_psi kill_reason received= -1
06-12 15:16:22.786 E/ThemeUtils(12522): View class com.sonyliv.onboarding.customview.TextViewWithFont is an AppCompat widget that can only be used with a Theme.AppCompat theme (or descendant).
06-12 15:16:22.787 I/OpenGLRenderer(12522): Davey! duration=707ms; Flags=1, IntendedVsync=1657423314829, Vsync=1657890448153, OldestInputEvent=9223372036854775807, NewestInputEvent=0, HandleInputStart=1657894129122, AnimationStart=1657894131622, PerformTraversalsStart=1657903865830, DrawStart=1658073604080, SyncQueued=1658074293413, SyncStart=1658086677788, IssueDrawCommandsStart=1658086755372, SwapBuffers=1658139876705, FrameCompleted=1658143001913, DequeueBufferDuration=5482834, QueueBufferDuration=1550667, GpuCompleted=0, 
06-12 15:16:22.788 V/DigitalSignage(  632): Package Name: null
06-12 15:16:22.788 V/DigitalSignage(  632): Left: 0
06-12 15:16:22.788 V/DigitalSignage(  632): Right: 0
06-12 15:16:22.788 V/DigitalSignage(  632): Top: 0
06-12 15:16:22.788 V/DigitalSignage(  632): Bottom: 0
06-12 15:16:22.788 D/DigitalSignage(  632): else - Package Name :: null left : 0 right :: 0 top :: 0 bottom :: 0 dfu-right :: 1920 dfu-bottom :: 1080
06-12 15:16:22.794 D/Glide   ( 1781): Finished loading Bitmap from LOCAL for com.bumptech.glide.gifdecoder.StandardGifDecoder@fb55452 with size [314x176] in 10.411458999999999 ms
06-12 15:16:22.804 V/DigitalSignage(  632): Package Name: null
06-12 15:16:22.804 V/DigitalSignage(  632): Left: 0
06-12 15:16:22.804 V/DigitalSignage(  632): Right: 0
06-12 15:16:22.804 V/DigitalSignage(  632): Top: 0
06-12 15:16:22.804 V/DigitalSignage(  632): Bottom: 0
06-12 15:16:22.804 D/DigitalSignage(  632): else - Package Name :: null left : 0 right :: 0 top :: 0 bottom :: 0 dfu-right :: 1920 dfu-bottom :: 1080
06-12 15:16:22.820 I/android.hardware.power-service.libperfmgr(  369): Power setBoost: INTERACTION duration: 0
06-12 15:16:22.820 I/libperfmgr(  369): Do Powerhint: INTERACTION
06-12 15:16:22.826 E/ThemeUtils(12522): View class com.sonyliv.onboarding.customview.TextViewWithFont is an AppCompat widget that can only be used with a Theme.AppCompat theme (or descendant).
06-12 15:16:22.829 I/chatty  (12522): uid=10102(com.jiotv.sonyliv) Thread-7 identical 1 line
06-12 15:16:22.831 E/ThemeUtils(12522): View class com.sonyliv.onboarding.customview.TextViewWithFont is an AppCompat widget that can only be used with a Theme.AppCompat theme (or descendant).
06-12 15:16:22.841 I/FrcRepository(12522): Received ABParameters Response.
06-12 15:16:22.843 D/Glide   ( 1781): Finished loading Bitmap from LOCAL for com.bumptech.glide.gifdecoder.StandardGifDecoder@fb55452 with size [314x176] in 17.819333999999998 ms
06-12 15:16:22.860 I/ActivityTaskManager(  632): Displayed com.jiotv.sonyliv/com.sonyliv.ui.splash.SplashActivity: +1s385ms
06-12 15:16:22.860 I/ActivityTaskManager(  632): Fully drawn com.jiotv.sonyliv/com.sonyliv.ui.splash.SplashActivity: +1s385ms
06-12 15:16:22.866 D/stbdpc  (  405): STB_DPGetNumPaths[570]: num_paths: 1
06-12 15:16:22.872 D/Glide   ( 1781): Finished loading Bitmap from LOCAL for com.bumptech.glide.gifdecoder.StandardGifDecoder@fb55452 with size [314x176] in 6.66825 ms
06-12 15:16:22.876 I/lowmemorykiller(  233): medium memory pressure event is triggered for new strategy
06-12 15:16:22.876 D/lowmemorykiller(  233): LMKD mp_event_psi kill_reasons available are PRESSURE_AFTER_KILL, NOT_RESPONDING, LOW_SWAP_AND_THRASHING, LOW_MEM_AND_SWAP, LOW_MEM_AND_THRASHING, DIRECT_RECL_AND_THRASHING
06-12 15:16:22.876 D/lowmemorykiller(  233): LMKD mp_event_psi kill_reason received= -1
06-12 15:16:22.897 E/ocessService0:( 2273): failed to create Unix domain socket: Operation not permitted
06-12 15:16:22.907 I/GAv4    (12522): Google Analytics 12.4.51 is starting up. To enable debug logging on a device run:
06-12 15:16:22.907 I/GAv4    (12522):   adb shell setprop log.tag.GAv4 DEBUG
06-12 15:16:22.907 I/GAv4    (12522):   adb logcat -s GAv4
06-12 15:16:22.909 E/ThemeUtils(12522): View class com.sonyliv.onboarding.customview.TextViewWithFont is an AppCompat widget that can only be used with a Theme.AppCompat theme (or descendant).
06-12 15:16:22.925 D/Glide   ( 1781): Finished loading Bitmap from LOCAL for com.bumptech.glide.gifdecoder.StandardGifDecoder@fb55452 with size [314x176] in 18.316042 ms
06-12 15:16:22.929 I/SplashViewModel(12522): updateUiState: com.sonyliv.ui.splash.InitiateJioLoginState@4da0bf8
06-12 15:16:22.946 E/ThemeUtils(12522): View class androidx.appcompat.widget.AppCompatImageView is an AppCompat widget that can only be used with a Theme.AppCompat theme (or descendant).
06-12 15:16:22.959 D/Glide   ( 1781): Finished loading Bitmap from LOCAL for com.bumptech.glide.gifdecoder.StandardGifDecoder@fb55452 with size [314x176] in 12.760959 ms
06-12 15:16:22.967 D/stbdpc  (  405): STB_DPGetNumPaths[570]: num_paths: 1
06-12 15:16:22.974 D/rtk_heartbeat(  351): heartbeat_timed_out: heartbeatCmdCount = 1635, expected nextSeqNum = 1635
06-12 15:16:22.976 D/rtk_heartbeat(  351): rtkbt_heartbeat_cmpl_cback: Current SeqNum = 1635,should SeqNum=1635, status = 0
06-12 15:16:22.976 I/lowmemorykiller(  233): medium memory pressure event is triggered for new strategy
06-12 15:16:22.977 D/lowmemorykiller(  233): LMKD mp_event_psi kill_reasons available are PRESSURE_AFTER_KILL, NOT_RESPONDING, LOW_SWAP_AND_THRASHING, LOW_MEM_AND_SWAP, LOW_MEM_AND_THRASHING, DIRECT_RECL_AND_THRASHING
06-12 15:16:22.977 D/lowmemorykiller(  233): LMKD mp_event_psi kill_reason received= -1
06-12 15:16:22.995 I/JioLoginUseCase(12522): check jio subscription status: 
06-12 15:16:22.996 W/GAv4    (12522): AnalyticsReceiver is not registered or is disabled. Register the receiver for reliable dispatching on non-Google Play devices. See http://goo.gl/8Rd3yj for instructions.
06-12 15:16:23.005 D/Glide   ( 1781): Finished loading Bitmap from LOCAL for com.bumptech.glide.gifdecoder.StandardGifDecoder@fb55452 with size [314x176] in 17.322875 ms
06-12 15:16:23.018 D/dvb_iptv(  405): ReadEmmNetworkTask[1537]: EMM Select Timeout Occured 41
06-12 15:16:23.022 W/GAv4    (12522): CampaignTrackingReceiver is not registered, not exported or is disabled. Installation campaign tracking is not possible. See http://goo.gl/8Rd3yj for instructions.
06-12 15:16:23.026 W/GAv4    (12522): AnalyticsService not registered in the app manifest. Hits might not be delivered reliably. See http://goo.gl/8Rd3yj for instructions.
06-12 15:16:23.046 D/Glide   ( 1781): Finished loading Bitmap from LOCAL for com.bumptech.glide.gifdecoder.StandardGifDecoder@fb55452 with size [314x176] in 17.378334 ms
06-12 15:16:23.047 D/ltts_ip_emm(  405): LTTS_IP_DMXStartEMM[381]: parse_emm_cat_status failed
06-12 15:16:23.067 D/stbdpc  (  405): STB_DPGetNumPaths[570]: num_paths: 1
06-12 15:16:23.077 I/lowmemorykiller(  233): medium memory pressure event is triggered for new strategy
06-12 15:16:23.077 D/lowmemorykiller(  233): LMKD mp_event_psi kill_reasons available are PRESSURE_AFTER_KILL, NOT_RESPONDING, LOW_SWAP_AND_THRASHING, LOW_MEM_AND_SWAP, LOW_MEM_AND_THRASHING, DIRECT_RECL_AND_THRASHING
06-12 15:16:23.077 D/lowmemorykiller(  233): LMKD mp_event_psi kill_reason received= -1
06-12 15:16:23.089 W/AudioCapabilities(12522): Unsupported mime audio/dtshd
06-12 15:16:23.089 W/AudioCapabilities(12522): Unsupported mime audio/ffmpeg
06-12 15:16:23.089 W/AudioCapabilities(12522): Unsupported mime audio/mpeg-L2
06-12 15:16:23.089 W/VideoCapabilities(12522): Unsupported mime video/x-vnd.on2.vp6a
06-12 15:16:23.090 W/VideoCapabilities(12522): Unsupported mime video/x-vnd.on2.vp6f
06-12 15:16:23.090 D/Glide   ( 1781): Finished loading Bitmap from LOCAL for com.bumptech.glide.gifdecoder.StandardGifDecoder@fb55452 with size [314x176] in 20.501583999999998 ms
06-12 15:16:23.108 W/VideoCapabilities(12522): Unsupported mime video/avs
06-12 15:16:23.113 W/VideoCapabilities(12522): Unsupported mime video/avs2
06-12 15:16:23.122 D/Glide   ( 1781): Finished loading Bitmap from LOCAL for com.bumptech.glide.gifdecoder.StandardGifDecoder@fb55452 with size [314x176] in 11.267624999999999 ms
06-12 15:16:23.135 W/VideoCapabilities(12522): Unsupported mime video/x-motion-jpeg
06-12 15:16:23.139 W/VideoCapabilities(12522): Unrecognized profile/level 0/3 for video/mpeg2
06-12 15:16:23.139 I/VideoCapabilities(12522): Unsupported profile 2 for video/mpeg2
06-12 15:16:23.139 I/VideoCapabilities(12522): Unsupported profile 3 for video/mpeg2
06-12 15:16:23.139 I/VideoCapabilities(12522): Unsupported profile 4 for video/mpeg2
06-12 15:16:23.139 I/VideoCapabilities(12522): Unsupported profile 5 for video/mpeg2
06-12 15:16:23.143 W/VideoCapabilities(12522): Unrecognized profile/level 0/3 for video/mpeg2
06-12 15:16:23.143 I/VideoCapabilities(12522): Unsupported profile 2 for video/mpeg2
06-12 15:16:23.143 I/VideoCapabilities(12522): Unsupported profile 3 for video/mpeg2
06-12 15:16:23.143 I/VideoCapabilities(12522): Unsupported profile 4 for video/mpeg2
06-12 15:16:23.143 I/VideoCapabilities(12522): Unsupported profile 5 for video/mpeg2
06-12 15:16:23.149 I/VideoCapabilities(12522): Unsupported profile 2 for video/mp4v-es
06-12 15:16:23.149 I/VideoCapabilities(12522): Unsupported profile 4 for video/mp4v-es
06-12 15:16:23.150 I/VideoCapabilities(12522): Unsupported profile 8 for video/mp4v-es
06-12 15:16:23.150 I/VideoCapabilities(12522): Unsupported profile 16 for video/mp4v-es
06-12 15:16:23.150 I/VideoCapabilities(12522): Unsupported profile 32 for video/mp4v-es
06-12 15:16:23.150 I/VideoCapabilities(12522): Unsupported profile 64 for video/mp4v-es
06-12 15:16:23.150 I/VideoCapabilities(12522): Unsupported profile 128 for video/mp4v-es
06-12 15:16:23.150 I/VideoCapabilities(12522): Unsupported profile 256 for video/mp4v-es
06-12 15:16:23.153 I/VideoCapabilities(12522): Unsupported profile 512 for video/mp4v-es
06-12 15:16:23.154 I/VideoCapabilities(12522): Unsupported profile 1024 for video/mp4v-es
06-12 15:16:23.154 I/VideoCapabilities(12522): Unsupported profile 2048 for video/mp4v-es
06-12 15:16:23.154 I/VideoCapabilities(12522): Unsupported profile 4096 for video/mp4v-es
06-12 15:16:23.154 I/VideoCapabilities(12522): Unsupported profile 8192 for video/mp4v-es
06-12 15:16:23.154 I/VideoCapabilities(12522): Unsupported profile 16384 for video/mp4v-es
06-12 15:16:23.156 W/VideoCapabilities(12522): Unsupported mime video/rm10
06-12 15:16:23.156 W/VideoCapabilities(12522): Unsupported mime video/rm20
06-12 15:16:23.157 W/VideoCapabilities(12522): Unsupported mime video/rm30
06-12 15:16:23.164 W/VideoCapabilities(12522): Unsupported mime video/rm40
06-12 15:16:23.167 D/stbdpc  (  405): STB_DPGetNumPaths[570]: num_paths: 1
06-12 15:16:23.168 I/cr_LibraryLoader(12522): Loaded native library version number "83.0.4103.120"
06-12 15:16:23.172 I/cr_CachingUmaRecorder(12522): Flushed 3 samples from 3 histograms.
06-12 15:16:23.172 W/VideoCapabilities(12522): Unsupported mime video/vc1
06-12 15:16:23.172 W/Utils   (12522): could not parse long range '1-'
06-12 15:16:23.173 W/VideoCapabilities(12522): Unrecognized level 16 for video/x-vnd.on2.vp8
06-12 15:16:23.173 W/VideoCapabilities(12522): Unrecognized level 32 for video/x-vnd.on2.vp8
06-12 15:16:23.173 W/VideoCapabilities(12522): Unrecognized level 64 for video/x-vnd.on2.vp8
06-12 15:16:23.173 W/VideoCapabilities(12522): Unrecognized level 128 for video/x-vnd.on2.vp8
06-12 15:16:23.173 W/VideoCapabilities(12522): Unrecognized level 256 for video/x-vnd.on2.vp8
06-12 15:16:23.173 W/VideoCapabilities(12522): Unrecognized level 512 for video/x-vnd.on2.vp8
06-12 15:16:23.173 W/VideoCapabilities(12522): Unrecognized level 1024 for video/x-vnd.on2.vp8
06-12 15:16:23.173 W/VideoCapabilities(12522): Unrecognized level 2048 for video/x-vnd.on2.vp8
06-12 15:16:23.173 W/VideoCapabilities(12522): Unrecognized level 4096 for video/x-vnd.on2.vp8
06-12 15:16:23.173 W/VideoCapabilities(12522): Unrecognized level 8192 for video/x-vnd.on2.vp8
06-12 15:16:23.173 W/VideoCapabilities(12522): Unrecognized level 16384 for video/x-vnd.on2.vp8
06-12 15:16:23.173 W/VideoCapabilities(12522): Unrecognized level 32768 for video/x-vnd.on2.vp8
06-12 15:16:23.177 D/Glide   ( 1781): Finished loading Bitmap from LOCAL for com.bumptech.glide.gifdecoder.StandardGifDecoder@fb55452 with size [314x176] in 24.977166999999998 ms
06-12 15:16:23.177 I/lowmemorykiller(  233): medium memory pressure event is triggered for new strategy
06-12 15:16:23.177 D/lowmemorykiller(  233): LMKD mp_event_psi kill_reasons available are PRESSURE_AFTER_KILL, NOT_RESPONDING, LOW_SWAP_AND_THRASHING, LOW_MEM_AND_SWAP, LOW_MEM_AND_THRASHING, DIRECT_RECL_AND_THRASHING
06-12 15:16:23.177 W/VideoCapabilities(12522): Unsupported mime video/wmv3
06-12 15:16:23.177 D/lowmemorykiller(  233): LMKD mp_event_psi kill_reason received= -1
06-12 15:16:23.178 W/System.err(12522): com.google.android.gms.common.GooglePlayServicesNotAvailableException
06-12 15:16:23.178 W/System.err(12522): 	at com.google.android.gms.ads.identifier.AdvertisingIdClient.zzb(com.google.android.gms:play-services-ads-identifier@@17.1.0:142)
06-12 15:16:23.178 W/System.err(12522): 	at com.google.android.gms.ads.identifier.AdvertisingIdClient.getAdvertisingIdInfo(com.google.android.gms:play-services-ads-identifier@@17.1.0:17)
06-12 15:16:23.178 W/System.err(12522): 	at com.sonyliv.utils.Utils.getAdvertisingID(Utils.java:8)
06-12 15:16:23.178 W/System.err(12522): 	at com.sonyliv.AppInitializer.initAsync$lambda$3(AppInitializer.kt:36)
06-12 15:16:23.178 W/System.err(12522): 	at com.sonyliv.AppInitializer.a(AppInitializer.kt:1)
06-12 15:16:23.178 W/System.err(12522): 	at com.sonyliv.d.run(R8$$SyntheticClass:1)
06-12 15:16:23.178 W/System.err(12522): 	at java.util.concurrent.ThreadPoolExecutor.runWorker(ThreadPoolExecutor.java:1167)
06-12 15:16:23.178 W/System.err(12522): 	at java.util.concurrent.ThreadPoolExecutor$Worker.run(ThreadPoolExecutor.java:641)
06-12 15:16:23.178 W/System.err(12522): 	at java.lang.Thread.run(Thread.java:923)
06-12 15:16:23.180 W/VideoCapabilities(12522): Unsupported mime video/wmv1
06-12 15:16:23.182 W/VideoCapabilities(12522): Unsupported mime video/wmv2
06-12 15:16:23.184 W/VideoCapabilities(12522): Unsupported mime video/wvc1
06-12 15:16:23.184 W/Utils   (12522): could not parse long range '1-'
06-12 15:16:23.185 W/VideoCapabilities(12522): Unsupported profile 4 for video/avc
06-12 15:16:23.206 D/Glide   ( 1781): Finished loading Bitmap from LOCAL for com.bumptech.glide.gifdecoder.StandardGifDecoder@fb55452 with size [314x176] in 13.630457999999999 ms
06-12 15:16:23.215 W/ActivityManager(  632): Unable to start service Intent { act=com.google.android.gms.analytics.service.START cmp=com.google.android.gms/.analytics.service.AnalyticsService (has extras) } U=0: not found
06-12 15:16:23.225 V/DigitalSignage(  632): Package Name: null
06-12 15:16:23.225 V/DigitalSignage(  632): Left: 0
06-12 15:16:23.225 V/DigitalSignage(  632): Right: 0
06-12 15:16:23.225 V/DigitalSignage(  632): Top: 0
06-12 15:16:23.225 V/DigitalSignage(  632): Bottom: 0
06-12 15:16:23.225 D/DigitalSignage(  632): else - Package Name :: null left : 0 right :: 0 top :: 0 bottom :: 0 dfu-right :: 1920 dfu-bottom :: 1080
06-12 15:16:23.241 E/BufferQueueProducer(  404): [com.iwedia.ui.rjio.launcher.reliance/com.iwedia.ui.rjio.launcher.ui.intro.IntroActivity#0](id:19400000031,api:0,p:-1,c:404) disconnect: not connected (req=1)
06-12 15:16:23.242 W/libEGL  ( 1781): EGLNativeWindowType 0xf5aaec08 disconnect failed
06-12 15:16:23.244 V/DigitalSignage(  632): Package Name: null
06-12 15:16:23.244 V/DigitalSignage(  632): Left: 0
06-12 15:16:23.244 V/DigitalSignage(  632): Right: 0
06-12 15:16:23.244 V/DigitalSignage(  632): Top: 0
06-12 15:16:23.244 V/DigitalSignage(  632): Bottom: 0
06-12 15:16:23.244 D/DigitalSignage(  632): else - Package Name :: null left : 0 right :: 0 top :: 0 bottom :: 0 dfu-right :: 1920 dfu-bottom :: 1080
06-12 15:16:23.255 D/JioLauncher( 1781): launcher-appp-in-background
06-12 15:16:23.263 E/PushSDK ( 1781): Total time spend is 00:04:37
06-12 15:16:23.263 E/PushSDK ( 1781): app closed with session id sEtTWJa1749721305847
06-12 15:16:23.267 D/stbdpc  (  405): STB_DPGetNumPaths[570]: num_paths: 1
06-12 15:16:23.272 E/FrConfig(12522): Device model: JMSB200A
06-12 15:16:23.272 E/FrConfig(12522): Tunneling enabled: false
06-12 15:16:23.274 E/FrConfig(12522): Disable Tunneling pref flag : false
06-12 15:16:23.277 I/lowmemorykiller(  233): medium memory pressure event is triggered for new strategy
06-12 15:16:23.278 D/lowmemorykiller(  233): LMKD mp_event_psi kill_reasons available are PRESSURE_AFTER_KILL, NOT_RESPONDING, LOW_SWAP_AND_THRASHING, LOW_MEM_AND_SWAP, LOW_MEM_AND_THRASHING, DIRECT_RECL_AND_THRASHING
06-12 15:16:23.278 D/lowmemorykiller(  233): LMKD mp_event_psi kill_reason received= -1
06-12 15:16:23.296 D/JioStbInactivityTimer(  933): Timer: count 276 warningTimeout:10680 timeout:10800
06-12 15:16:23.296 D/JioStbInactivityTimer(  933): isUserActive: Curr:1381068 Prev:1381068
06-12 15:16:23.297 D/JioLauncher( 1781): onSaveInstanceState-getting called
06-12 15:16:23.300 V/DigitalSignage(  632): Package Name: null
06-12 15:16:23.300 V/DigitalSignage(  632): Left: 0
06-12 15:16:23.300 V/DigitalSignage(  632): Right: 0
06-12 15:16:23.300 V/DigitalSignage(  632): Top: 0
06-12 15:16:23.300 V/DigitalSignage(  632): Bottom: 0
06-12 15:16:23.301 D/DigitalSignage(  632): else - Package Name :: null left : 0 right :: 0 top :: 0 bottom :: 0 dfu-right :: 1920 dfu-bottom :: 1080
06-12 15:16:23.313 D/NetflixService(  986): onForegroundActivitiesChanged pid:1781,uid:10035,fg:false
06-12 15:16:23.315 D/NetflixService(  986): processName:com.netflix.ninja,importance:300
06-12 15:16:23.367 D/stbdpc  (  405): STB_DPGetNumPaths[570]: num_paths: 1
06-12 15:16:23.375 I/TRuntime.CctTransportBackend(12522): Making request to: https://crashlyticsreports-pa.googleapis.com/v1/firelog/legacy/batchlog
06-12 15:16:23.376 I/lowmemorykiller(  233): medium memory pressure event is triggered for new strategy
06-12 15:16:23.377 D/lowmemorykiller(  233): LMKD mp_event_psi kill_reasons available are PRESSURE_AFTER_KILL, NOT_RESPONDING, LOW_SWAP_AND_THRASHING, LOW_MEM_AND_SWAP, LOW_MEM_AND_THRASHING, DIRECT_RECL_AND_THRASHING
06-12 15:16:23.377 D/lowmemorykiller(  233): LMKD mp_event_psi kill_reason received= -1
06-12 15:16:23.408 E/DynamiteModule(12522): Invalid GmsCore APK, remote loading disabled.
06-12 15:16:23.409 I/DynamiteModule(12522): Considering local module com.google.android.gms.tagmanager:215 and remote module com.google.android.gms.tagmanager:0
06-12 15:16:23.409 I/DynamiteModule(12522): Selected local version of com.google.android.gms.tagmanager
06-12 15:16:23.416 I/GoogleTagManager(12522): Loading container GTM-5ZDCDZK
06-12 15:16:23.418 I/GoogleTagManager(12522): Installing Tag Manager event handler.
06-12 15:16:23.421 I/GoogleTagManager(12522): Tag Manager event handler installed.
06-12 15:16:23.422 I/GoogleTagManager(12522): Tag Manager initilization took 10ms
06-12 15:16:23.467 D/stbdpc  (  405): STB_DPGetNumPaths[570]: num_paths: 1
06-12 15:16:23.477 I/lowmemorykiller(  233): medium memory pressure event is triggered for new strategy
06-12 15:16:23.477 D/lowmemorykiller(  233): LMKD mp_event_psi kill_reasons available are PRESSURE_AFTER_KILL, NOT_RESPONDING, LOW_SWAP_AND_THRASHING, LOW_MEM_AND_SWAP, LOW_MEM_AND_THRASHING, DIRECT_RECL_AND_THRASHING
06-12 15:16:23.477 D/lowmemorykiller(  233): LMKD mp_event_psi kill_reason received= -1
06-12 15:16:23.518 D/dvb_iptv(  405): ReadEmmNetworkTask[1537]: EMM Select Timeout Occured 42
06-12 15:16:23.528 I/ThermalService(  986): CPU temperatures: [64.5]
06-12 15:16:23.564 I/ConfigProvider(12522): Fetching config data... 
06-12 15:16:23.568 D/stbdpc  (  405): STB_DPGetNumPaths[570]: num_paths: 1
06-12 15:16:23.577 I/lowmemorykiller(  233): medium memory pressure event is triggered for new strategy
06-12 15:16:23.577 D/lowmemorykiller(  233): LMKD mp_event_psi kill_reasons available are PRESSURE_AFTER_KILL, NOT_RESPONDING, LOW_SWAP_AND_THRASHING, LOW_MEM_AND_SWAP, LOW_MEM_AND_THRASHING, DIRECT_RECL_AND_THRASHING
06-12 15:16:23.577 D/lowmemorykiller(  233): LMKD mp_event_psi kill_reason received= -1
06-12 15:16:23.634 E/WifiVendorHal(  632): getWifiLinkLayerStats_1_3_Internal(l.973) failed {.code = ERROR_UNKNOWN, .description = unknown error}
06-12 15:16:23.668 D/stbdpc  (  405): STB_DPGetNumPaths[570]: num_paths: 1
06-12 15:16:23.678 I/lowmemorykiller(  233): medium memory pressure event is triggered for new strategy
06-12 15:16:23.678 D/lowmemorykiller(  233): LMKD mp_event_psi kill_reasons available are PRESSURE_AFTER_KILL, NOT_RESPONDING, LOW_SWAP_AND_THRASHING, LOW_MEM_AND_SWAP, LOW_MEM_AND_THRASHING, DIRECT_RECL_AND_THRASHING
06-12 15:16:23.678 D/lowmemorykiller(  233): LMKD mp_event_psi kill_reason received= -1
06-12 15:16:23.699 D/BluetoothAdapter( 2888): isLeEnabled(): ON
06-12 15:16:23.704 D/BluetoothAdapter( 2888): isLeEnabled(): ON
06-12 15:16:23.708 D/BluetoothAdapterService(  773): getAdapterService() - returning com.android.bluetooth.btservice.AdapterService@cf08a1b
06-12 15:16:23.768 D/stbdpc  (  405): STB_DPGetNumPaths[570]: num_paths: 1
06-12 15:16:23.778 I/lowmemorykiller(  233): medium memory pressure event is triggered for new strategy
06-12 15:16:23.778 D/lowmemorykiller(  233): LMKD mp_event_psi kill_reasons available are PRESSURE_AFTER_KILL, NOT_RESPONDING, LOW_SWAP_AND_THRASHING, LOW_MEM_AND_SWAP, LOW_MEM_AND_THRASHING, DIRECT_RECL_AND_THRASHING
06-12 15:16:23.778 D/lowmemorykiller(  233): LMKD mp_event_psi kill_reason received= -1
06-12 15:16:23.819 W/[ 1659.174871@0]  RTW(    0): fill_default_txdesc(wlan0): SP Packet(0x0806) rate=0x4 SeqNum = 965
06-12 15:16:23.846 I/m.jiotv.sonyli(12522): Background concurrent copying GC freed 225217(11MB) AllocSpace objects, 184(5056KB) LOS objects, 49% free, 11MB/23MB, paused 343us total 342.348ms
06-12 15:16:23.847 I/lowmemorykiller(  233): medium memory pressure event is triggered for new strategy
06-12 15:16:23.868 D/stbdpc  (  405): STB_DPGetNumPaths[570]: num_paths: 1
06-12 15:16:23.930 W/m.jiotv.sonyli(12522): Long monitor contention with owner DefaultDispatcher-worker-8 (12652) at retrofit2.ServiceMethod retrofit2.Retrofit.loadServiceMethod(java.lang.reflect.Method)(Retrofit.java:37) waiters=0 in retrofit2.ServiceMethod retrofit2.Retrofit.loadServiceMethod(java.lang.reflect.Method) for 355ms
06-12 15:16:23.948 I/lowmemorykiller(  233): medium memory pressure event is triggered for new strategy
06-12 15:16:23.948 D/lowmemorykiller(  233): LMKD mp_event_psi kill_reasons available are PRESSURE_AFTER_KILL, NOT_RESPONDING, LOW_SWAP_AND_THRASHING, LOW_MEM_AND_SWAP, LOW_MEM_AND_THRASHING, DIRECT_RECL_AND_THRASHING
06-12 15:16:23.948 D/lowmemorykiller(  233): LMKD mp_event_psi kill_reason received= -1
06-12 15:16:23.968 D/stbdpc  (  405): STB_DPGetNumPaths[570]: num_paths: 1
06-12 15:16:23.974 D/rtk_heartbeat(  351): heartbeat_timed_out: heartbeatCmdCount = 1636, expected nextSeqNum = 1636
06-12 15:16:23.977 D/rtk_heartbeat(  351): rtkbt_heartbeat_cmpl_cback: Current SeqNum = 1636,should SeqNum=1636, status = 0
06-12 15:16:24.018 D/dvb_iptv(  405): ReadEmmNetworkTask[1537]: EMM Select Timeout Occured 43
06-12 15:16:24.048 I/lowmemorykiller(  233): medium memory pressure event is triggered for new strategy
06-12 15:16:24.048 D/lowmemorykiller(  233): LMKD mp_event_psi kill_reasons available are PRESSURE_AFTER_KILL, NOT_RESPONDING, LOW_SWAP_AND_THRASHING, LOW_MEM_AND_SWAP, LOW_MEM_AND_THRASHING, DIRECT_RECL_AND_THRASHING
06-12 15:16:24.049 D/lowmemorykiller(  233): LMKD mp_event_psi kill_reason received= -1
06-12 15:16:24.069 D/stbdpc  (  405): STB_DPGetNumPaths[570]: num_paths: 1
06-12 15:16:24.094 W/FA      (12522): Callable skipped the worker queue.
06-12 15:16:24.149 I/lowmemorykiller(  233): medium memory pressure event is triggered for new strategy
06-12 15:16:24.149 D/lowmemorykiller(  233): LMKD mp_event_psi kill_reasons available are PRESSURE_AFTER_KILL, NOT_RESPONDING, LOW_SWAP_AND_THRASHING, LOW_MEM_AND_SWAP, LOW_MEM_AND_THRASHING, DIRECT_RECL_AND_THRASHING
06-12 15:16:24.149 D/lowmemorykiller(  233): LMKD mp_event_psi kill_reason received= -1
06-12 15:16:24.169 D/stbdpc  (  405): STB_DPGetNumPaths[570]: num_paths: 1
06-12 15:16:24.178 E/Joker   (12522): connectivityManager.registerDefaultNetworkCallback: 
06-12 15:16:24.180 D/ConnectivityService(  632): requestNetwork for uid/pid:10102/12522 NetworkRequest [ TRACK_DEFAULT id=43, [ Capabilities: INTERNET&NOT_RESTRICTED&TRUSTED Uid: 10102 AdministratorUids: [] RequestorUid: 10102 RequestorPackageName: com.jiotv.sonyliv] ]
06-12 15:16:24.180 D/ConnectivityService(  632): NetReassign [43 : null  100]
06-12 15:16:24.181 D/UntrustedWifiNetworkFactory(  632): got request NetworkRequest [ TRACK_DEFAULT id=43, [ Capabilities: INTERNET&NOT_RESTRICTED&TRUSTED Uid: 10102 AdministratorUids: [] RequestorUid: 10102 RequestorPackageName: com.jiotv.sonyliv] ] with score 60 and providerId 2
06-12 15:16:24.181 D/WifiNetworkFactory(  632): got request NetworkRequest [ TRACK_DEFAULT id=43, [ Capabilities: INTERNET&NOT_RESTRICTED&TRUSTED Uid: 10102 AdministratorUids: [] RequestorUid: 10102 RequestorPackageName: com.jiotv.sonyliv] ] with score 60 and providerId 2
06-12 15:16:24.181 D/Ethernet(  632): got request NetworkRequest [ TRACK_DEFAULT id=43, [ Capabilities: INTERNET&NOT_RESTRICTED&TRUSTED Uid: 10102 AdministratorUids: [] RequestorUid: 10102 RequestorPackageName: com.jiotv.sonyliv] ] with score 60 and providerId 2
06-12 15:16:24.184 E/GodavariSDKAnalytics(12522): databaseDataRepository lazy initialization
06-12 15:16:24.184 E/GodavariSDKAnalytics(12522): analyticsDatabase lazy initialization
06-12 15:16:24.249 I/lowmemorykiller(  233): medium memory pressure event is triggered for new strategy
06-12 15:16:24.249 D/lowmemorykiller(  233): LMKD mp_event_psi kill_reasons available are PRESSURE_AFTER_KILL, NOT_RESPONDING, LOW_SWAP_AND_THRASHING, LOW_MEM_AND_SWAP, LOW_MEM_AND_THRASHING, DIRECT_RECL_AND_THRASHING
06-12 15:16:24.249 D/lowmemorykiller(  233): LMKD mp_event_psi kill_reason received= -1
06-12 15:16:24.265 I/SplashViewModel(12522): updateUiState: com.sonyliv.ui.splash.LaunchMainActivityState@d3324b0
06-12 15:16:24.269 D/stbdpc  (  405): STB_DPGetNumPaths[570]: num_paths: 1
06-12 15:16:24.289 I/ActivityTaskManager(  632): START u0 {flg=0x14008000 cmp=com.jiotv.sonyliv/com.sonyliv.ui.home.HomeActivity} from uid 10102
06-12 15:16:24.289 D/ActivityStarter(  632):  
06-12 15:16:24.289 D/ActivityStarter(  632): launchedPkgName :: com.jiotv.sonyliv 
06-12 15:16:24.289 D/ActivityStarter(  632): callingPackage :: com.jiotv.sonyliv 
06-12 15:16:24.289 D/ActivityStarter(  632): callingUid :: 10102 
06-12 15:16:24.289 D/ActivityStarter(  632): callingPid :: 12522
06-12 15:16:24.289 D/ActivityTaskManager(  632): OTHER app is launched
06-12 15:16:24.297 D/JioStbInactivityTimer(  933): Timer: count 277 warningTimeout:10680 timeout:10800
06-12 15:16:24.298 D/JioStbInactivityTimer(  933): isUserActive: Curr:1381068 Prev:1381068
06-12 15:16:24.318 W/ActivityTaskManager(  632): Duplicate finish request for r=ActivityRecord{869dc1c u0 com.jiotv.sonyliv/com.sonyliv.ui.splash.SplashActivity t1159 f}}
06-12 15:16:24.330 W/ActivityTaskManager(  632): Tried to set launchTime (0) < mLastActivityLaunchTime (1656877)
06-12 15:16:24.333 D/ActivityTaskManager(  632): JioHomeManagerService :: ActivityRecord :: setState :: StateFrom :: INITIALIZING StateTo :: RESUMED 
06-12 15:16:24.346 D/ActivityManager(  632): JioHomeManagerService :: StateFrom :: INITIALIZING StateTo :: RESUMED Activity :: com.jiotv.sonyliv/com.sonyliv.ui.home.HomeActivity Action :: com.jio.remote.action.applaunch
06-12 15:16:24.349 I/lowmemorykiller(  233): medium memory pressure event is triggered for new strategy
06-12 15:16:24.349 D/lowmemorykiller(  233): LMKD mp_event_psi kill_reasons available are PRESSURE_AFTER_KILL, NOT_RESPONDING, LOW_SWAP_AND_THRASHING, LOW_MEM_AND_SWAP, LOW_MEM_AND_THRASHING, DIRECT_RECL_AND_THRASHING
06-12 15:16:24.349 D/lowmemorykiller(  233): LMKD mp_event_psi kill_reason received= -1
06-12 15:16:24.369 D/stbdpc  (  405): STB_DPGetNumPaths[570]: num_paths: 1
06-12 15:16:24.425 I/ndroid.systemu(  795): NativeAlloc concurrent copying GC freed 1740(175KB) AllocSpace objects, 0(0B) LOS objects, 49% free, 4741KB/9482KB, paused 94us total 108.397ms
06-12 15:16:24.449 I/lowmemorykiller(  233): medium memory pressure event is triggered for new strategy
06-12 15:16:24.450 D/lowmemorykiller(  233): LMKD mp_event_psi kill_reasons available are PRESSURE_AFTER_KILL, NOT_RESPONDING, LOW_SWAP_AND_THRASHING, LOW_MEM_AND_SWAP, LOW_MEM_AND_THRASHING, DIRECT_RECL_AND_THRASHING
06-12 15:16:24.450 D/lowmemorykiller(  233): LMKD mp_event_psi kill_reason received= -1
06-12 15:16:24.465 I/ContinueWatching 2.0(12522): onCreate called: TV
06-12 15:16:24.469 D/stbdpc  (  405): STB_DPGetNumPaths[570]: num_paths: 1
06-12 15:16:24.487 I/appium  (12450): channel read: POST /session/ef9eb1c0-5b2f-4636-9f84-fbcd7dd7abde/element
06-12 15:16:24.490 I/appium  (12450): FindElement command
06-12 15:16:24.495 I/appium  (12450): method: 'xpath', selector: '//android.widget.TextView[@resource-id='com.jiotv.sonyliv:id/row_header' and @text='Continue Watching']'
06-12 15:16:24.506 I/appium  (12450): Waiting up to 10000ms for the device to idle
06-12 15:16:24.518 D/dvb_iptv(  405): ReadEmmNetworkTask[1537]: EMM Select Timeout Occured 44
06-12 15:16:24.525 I/appium  (12450): The following attributes will be included to the page source: [resource-id, text]
06-12 15:16:24.550 I/lowmemorykiller(  233): medium memory pressure event is triggered for new strategy
06-12 15:16:24.550 D/lowmemorykiller(  233): LMKD mp_event_psi kill_reasons available are PRESSURE_AFTER_KILL, NOT_RESPONDING, LOW_SWAP_AND_THRASHING, LOW_MEM_AND_SWAP, LOW_MEM_AND_THRASHING, DIRECT_RECL_AND_THRASHING
06-12 15:16:24.550 D/lowmemorykiller(  233): LMKD mp_event_psi kill_reason received= -1
06-12 15:16:24.555 E/GodavariSDKAnalytics(12522): networkDataRepository lazy initialization
06-12 15:16:24.570 D/stbdpc  (  405): STB_DPGetNumPaths[570]: num_paths: 1
06-12 15:16:24.594 D/AmlogicKeymaster(  273): id: 1, ctx: 0xeb630050, cmd: 32
06-12 15:16:24.595 D/AmlogicKeymaster(  273): Received 4 byte response
06-12 15:16:24.600 D/AmlogicKeymaster(  273): id: 1, ctx: 0xeb630050, cmd: 4
06-12 15:16:24.603 D/AmlogicKeymaster(  273): Received 48 byte response
06-12 15:16:24.612 D/AmlogicKeymaster(  273): id: 1, ctx: 0xeb630050, cmd: 8
06-12 15:16:24.614 D/AmlogicKeymaster(  273): Received 34 byte response
06-12 15:16:24.623 D/AmlogicKeymaster(  273): id: 1, ctx: 0xeb630050, cmd: 12
06-12 15:16:24.626 D/AmlogicKeymaster(  273): Received 36 byte response
06-12 15:16:24.631 D/AmlogicKeymaster(  273): id: 1, ctx: 0xeb630050, cmd: 4
06-12 15:16:24.636 D/AmlogicKeymaster(  273): Received 24 byte response
06-12 15:16:24.639 D/AmlogicKeymaster(  273): id: 1, ctx: 0xeb630050, cmd: 8
06-12 15:16:24.645 D/AmlogicKeymaster(  273): Received 34 byte response
06-12 15:16:24.649 D/AmlogicKeymaster(  273): id: 1, ctx: 0xeb630050, cmd: 12
06-12 15:16:24.650 I/lowmemorykiller(  233): medium memory pressure event is triggered for new strategy
06-12 15:16:24.650 D/lowmemorykiller(  233): LMKD mp_event_psi kill_reasons available are PRESSURE_AFTER_KILL, NOT_RESPONDING, LOW_SWAP_AND_THRASHING, LOW_MEM_AND_SWAP, LOW_MEM_AND_THRASHING, DIRECT_RECL_AND_THRASHING
06-12 15:16:24.650 D/lowmemorykiller(  233): LMKD mp_event_psi kill_reason received= -1
06-12 15:16:24.651 D/AmlogicKeymaster(  273): Received 20 byte response
06-12 15:16:24.661 D/AmlogicKeymaster(  273): id: 1, ctx: 0xeb630050, cmd: 4
06-12 15:16:24.666 D/AmlogicKeymaster(  273): Received 24 byte response
06-12 15:16:24.670 D/stbdpc  (  405): STB_DPGetNumPaths[570]: num_paths: 1
06-12 15:16:24.670 D/AmlogicKeymaster(  273): id: 1, ctx: 0xeb630050, cmd: 8
06-12 15:16:24.672 D/AmlogicKeymaster(  273): Received 165 byte response
06-12 15:16:24.674 D/AmlogicKeymaster(  273): id: 1, ctx: 0xeb630050, cmd: 12
06-12 15:16:24.675 D/AmlogicKeymaster(  273): Received 20 byte response
06-12 15:16:24.687 D/AmlogicKeymaster(  273): id: 1, ctx: 0xeb630050, cmd: 32
06-12 15:16:24.689 D/AmlogicKeymaster(  273): Received 4 byte response
06-12 15:16:24.691 D/AmlogicKeymaster(  273): id: 1, ctx: 0xeb630050, cmd: 4
06-12 15:16:24.693 D/AmlogicKeymaster(  273): Received 48 byte response
06-12 15:16:24.702 D/AmlogicKeymaster(  273): id: 1, ctx: 0xeb630050, cmd: 8
06-12 15:16:24.705 D/AmlogicKeymaster(  273): Received 34 byte response
06-12 15:16:24.711 D/AmlogicKeymaster(  273): id: 1, ctx: 0xeb630050, cmd: 12
06-12 15:16:24.713 D/AmlogicKeymaster(  273): Received 36 byte response
06-12 15:16:24.718 D/AmlogicKeymaster(  273): id: 1, ctx: 0xeb630050, cmd: 4
06-12 15:16:24.728 D/AmlogicKeymaster(  273): Received 24 byte response
06-12 15:16:24.730 D/AmlogicKeymaster(  273): id: 1, ctx: 0xeb630050, cmd: 8
06-12 15:16:24.731 D/AmlogicKeymaster(  273): Received 34 byte response
06-12 15:16:24.733 D/AmlogicKeymaster(  273): id: 1, ctx: 0xeb630050, cmd: 12
06-12 15:16:24.738 D/AmlogicKeymaster(  273): Received 20 byte response
06-12 15:16:24.746 D/AmlogicKeymaster(  273): id: 1, ctx: 0xeb630050, cmd: 4
06-12 15:16:24.747 E/merc    (12522): Master config already downloaded
06-12 15:16:24.748 D/AmlogicKeymaster(  273): Received 24 byte response
