06-12 16:27:15.954 V/DigitalSignage(  632): Right: 0
06-12 16:27:15.954 V/DigitalSignage(  632): Top: 0
06-12 16:27:15.954 V/DigitalSignage(  632): Bottom: 0
06-12 16:27:15.954 D/DigitalSignage(  632): else - Package Name :: null left : 0 right :: 0 top :: 0 bottom :: 0 dfu-right :: 1920 dfu-bottom :: 1080
06-12 16:27:15.972 D/Glide   ( 1781): Finished loading Bitmap from LOCAL for com.bumptech.glide.gifdecoder.StandardGifDecoder@fb55452 with size [314x176] in 14.785207999999999 ms
06-12 16:27:15.976 D/NetworkSecurityConfig( 5587): Using Network Security Config from resource network_security_config debugBuild: false
06-12 16:27:15.978 D/NetworkSecurityConfig( 5587): Using Network Security Config from resource network_security_config debugBuild: false
06-12 16:27:15.982 D/stbdpc  (  405): STB_DPGetNumPaths[570]: num_paths: 1
06-12 16:27:16.002 D/Glide   ( 1781): Finished loading Bitmap from LOCAL for com.bumptech.glide.gifdecoder.StandardGifDecoder@fb55452 with size [314x176] in 4.391458 ms
06-12 16:27:16.005 D/JioLauncher( 1781): overlay status check for wifi and bt remote false false
06-12 16:27:16.008 D/Match code1( 1449): 2
06-12 16:27:16.008 D/JIO_TR069-( 1449): Predefined List [com.jio.stb.catv, com.rjil.jiostbsetting, com.iwedia.ui.rjio.launcher.reliance, com.jio.stb.hotellauncher, com.jio.media.oberoi, com.jio.ott]
06-12 16:27:16.010 D/JIO_TR069-( 1449): Caller Package com.iwedia.ui.rjio.launcher.reliance
06-12 16:27:16.010 D/JIO_TR069-( 1449): White Listed Apps []
06-12 16:27:16.010 D/JIO_TR069-( 1449): Final White Listed Apps [com.jio.stb.catv, com.rjil.jiostbsetting, com.iwedia.ui.rjio.launcher.reliance, com.jio.stb.hotellauncher, com.jio.media.oberoi, com.jio.ott, ]
06-12 16:27:16.013 D/JioLauncher( 1781): network-type-------NonJioNetwork
06-12 16:27:16.016 D/SessionsDependencies( 5587): Dependency to CRASHLYTICS added.
06-12 16:27:16.018 D/JioLauncher( 1781): live-tv-previousIp-[/fe80::1%wlan0, /192.168.1.1]-newHost-[/fe80::1%wlan0, /192.168.1.1]
06-12 16:27:16.035 I/FirebaseApp( 5587): Device unlocked: initializing all Firebase APIs for app [DEFAULT]
06-12 16:27:16.051 D/Glide   ( 1781): Finished loading Bitmap from LOCAL for com.bumptech.glide.gifdecoder.StandardGifDecoder@fb55452 with size [314x176] in 14.374958 ms
06-12 16:27:16.061 D/FirebaseSessions( 5587): Initializing Firebase Sessions SDK.
06-12 16:27:16.073 I/FirebaseCrashlytics( 5587): Initializing Firebase Crashlytics 19.3.0 for in.startv.hotstar
06-12 16:27:16.080 W/GooglePlayServicesUtil( 5587): in.startv.hotstar requires the Google Play Store, but it is missing.
06-12 16:27:16.080 E/DynamiteModule( 5587): Invalid GmsCore APK, remote loading disabled.
06-12 16:27:16.080 I/DynamiteModule( 5587): Considering local module com.google.android.gms.measurement.dynamite:127 and remote module com.google.android.gms.measurement.dynamite:0
06-12 16:27:16.080 I/DynamiteModule( 5587): Selected local version of com.google.android.gms.measurement.dynamite
06-12 16:27:16.081 E/DynamiteModule( 5587): Invalid GmsCore APK, remote loading disabled.
06-12 16:27:16.082 D/stbdpc  (  405): STB_DPGetNumPaths[570]: num_paths: 1
06-12 16:27:16.084 D/rtk_heartbeat(  351): heartbeat_timed_out: heartbeatCmdCount = 5887, expected nextSeqNum = 5887
06-12 16:27:16.086 D/rtk_heartbeat(  351): rtkbt_heartbeat_cmpl_cback: Current SeqNum = 5887,should SeqNum=5887, status = 0
06-12 16:27:16.087 D/Glide   ( 1781): Finished loading Bitmap from LOCAL for com.bumptech.glide.gifdecoder.StandardGifDecoder@fb55452 with size [314x176] in 10.345417 ms
06-12 16:27:16.096 W/FA      ( 5587): Failed to register event listener on calling thread. Trying again on the dynamite thread.
06-12 16:27:16.097 D/SessionsDependencies( 5587): Subscriber CRASHLYTICS registered.
06-12 16:27:16.132 D/LifecycleServiceBinder( 5587): Binding service to application.
06-12 16:27:16.136 I/FA      ( 5587): App measurement initialized, version: 106000
06-12 16:27:16.136 D/Glide   ( 1781): Finished loading Bitmap from LOCAL for com.bumptech.glide.gifdecoder.StandardGifDecoder@fb55452 with size [314x176] in 17.6025 ms
06-12 16:27:16.138 I/FA      ( 5587): To enable debug logging run: adb shell setprop log.tag.FA VERBOSE
06-12 16:27:16.140 I/FA      ( 5587): To enable faster debug mode event logging run:
06-12 16:27:16.140 I/FA      ( 5587):   adb shell setprop debug.firebase.analytics.app in.startv.hotstar
06-12 16:27:16.167 I/FirebaseInitProvider( 5587): FirebaseApp initialization successful
06-12 16:27:16.171 D/Glide   ( 1781): Finished loading Bitmap from LOCAL for com.bumptech.glide.gifdecoder.StandardGifDecoder@fb55452 with size [314x176] in 11.814542 ms
06-12 16:27:16.178 D/WM-WrkMgrInitializer( 5587): Initializing WorkManager with default configuration.
06-12 16:27:16.182 D/stbdpc  (  405): STB_DPGetNumPaths[570]: num_paths: 1
06-12 16:27:16.191 I/TetheringManager( 5587): registerTetheringEventCallback:in.startv.hotstar
06-12 16:27:16.206 D/Glide   ( 1781): Finished loading Bitmap from LOCAL for com.bumptech.glide.gifdecoder.StandardGifDecoder@fb55452 with size [314x176] in 7.230833 ms
06-12 16:27:16.209 D/dvb_iptv(  405): ReadEmmNetworkTask[1537]: EMM Select Timeout Occured 48
06-12 16:27:16.210 E/DynamiteModule( 5587): Invalid GmsCore APK, remote loading disabled.
06-12 16:27:16.210 I/DynamiteModule( 5587): Considering local module com.google.android.gms.cast_tv_dynamite:1 and remote module com.google.android.gms.cast_tv_dynamite:0
06-12 16:27:16.210 I/DynamiteModule( 5587): Selected local version of com.google.android.gms.cast_tv_dynamite
06-12 16:27:16.252 D/Glide   ( 1781): Finished loading Bitmap from LOCAL for com.bumptech.glide.gifdecoder.StandardGifDecoder@fb55452 with size [314x176] in 12.908334 ms
06-12 16:27:16.276 I/AmFFmpegExtractor(  460): checkInList: isw:0, m:audio/mpeg, t:1, i:86017 t:0
06-12 16:27:16.276 I/AmFFmpegExtractor(  460): checkInList: isw:1, m:audio/mpeg, t:1, i:86017 t:0
06-12 16:27:16.276 E/AmFFmpegExtractor(  460): codec_ctx->properties: 0
06-12 16:27:16.276 I/AmFFmpegExtractor(  460): checkSupportInList ret 1
06-12 16:27:16.278 I/AmFFmpegExtractor(  460): checkInList: isw:0, m:audio/mpeg, t:1, i:86017 t:0
06-12 16:27:16.278 I/AmFFmpegExtractor(  460): checkInList: isw:1, m:audio/mpeg, t:1, i:86017 t:0
06-12 16:27:16.278 E/AmFFmpegExtractor(  460): codec_ctx->properties: 0
06-12 16:27:16.278 I/AmFFmpegExtractor(  460): checkSupportInList ret 0
06-12 16:27:16.278 E/AmFFmpegExtractor(  460): vendor do not support
06-12 16:27:16.281 E/Utils   (  460): did not find channel-count and/or sample-rate
06-12 16:27:16.282 D/stbdpc  (  405): STB_DPGetNumPaths[570]: num_paths: 1
06-12 16:27:16.287 D/Glide   ( 1781): Finished loading Bitmap from LOCAL for com.bumptech.glide.gifdecoder.StandardGifDecoder@fb55452 with size [314x176] in 7.365457999999999 ms
06-12 16:27:16.303 I/AmAVUtils( 5587): AmAVUtils, GITINFO : d32b3814175617bb24dd0965983e5642c803ab3a(drm.autobuild  Mon Oct 18 12:59:01 CST 2021)
06-12 16:27:16.303 I/AmAVUtils( 5587): set profile 0 level:0
06-12 16:27:16.323 D/CCodec  ( 5587): allocate(c2.android.mp3.decoder)
06-12 16:27:16.327 I/Codec2Client( 5587): Available Codec2 services: "software"
06-12 16:27:16.335 V/C2Store (  479): in init
06-12 16:27:16.335 V/C2Store (  479): loading dll
06-12 16:27:16.338 D/Glide   ( 1781): Finished loading Bitmap from LOCAL for com.bumptech.glide.gifdecoder.StandardGifDecoder@fb55452 with size [314x176] in 18.876082999999998 ms
06-12 16:27:16.350 I/CCodec  ( 5587): Created component [c2.android.mp3.decoder]
06-12 16:27:16.351 D/CCodecConfig( 5587): read media type: audio/mpeg
06-12 16:27:16.356 D/ReflectedParamUpdater( 5587): extent() != 1 for single value type: algo.buffers.max-count.values
06-12 16:27:16.357 W/GooglePlayServicesUtil( 5587): in.startv.hotstar requires the Google Play Store, but it is missing.
06-12 16:27:16.358 D/ReflectedParamUpdater( 5587): extent() != 1 for single value type: output.subscribed-indices.values
06-12 16:27:16.358 D/ReflectedParamUpdater( 5587): extent() != 1 for single value type: input.buffers.allocator-ids.values
06-12 16:27:16.358 D/ReflectedParamUpdater( 5587): extent() != 1 for single value type: output.buffers.allocator-ids.values
06-12 16:27:16.358 D/ReflectedParamUpdater( 5587): extent() != 1 for single value type: algo.buffers.allocator-ids.values
06-12 16:27:16.358 D/ReflectedParamUpdater( 5587): extent() != 1 for single value type: output.buffers.pool-ids.values
06-12 16:27:16.358 D/ReflectedParamUpdater( 5587): extent() != 1 for single value type: algo.buffers.pool-ids.values
06-12 16:27:16.358 V/DigitalSignage(  632): Package Name: null
06-12 16:27:16.359 V/DigitalSignage(  632): Left: 0
06-12 16:27:16.359 V/DigitalSignage(  632): Right: 0
06-12 16:27:16.359 V/DigitalSignage(  632): Top: 0
06-12 16:27:16.359 V/DigitalSignage(  632): Bottom: 0
06-12 16:27:16.359 W/FA      ( 5587): Service invalid
06-12 16:27:16.359 D/DigitalSignage(  632): else - Package Name :: null left : 0 right :: 0 top :: 0 bottom :: 0 dfu-right :: 1920 dfu-bottom :: 1080
06-12 16:27:16.363 I/CCodecConfig( 5587): query failed after returning 7 values (BAD_INDEX)
06-12 16:27:16.363 D/CCodecConfig( 5587): c2 config diff is Dict {
06-12 16:27:16.363 D/CCodecConfig( 5587):   c2::u32 coded.bitrate.value = 64000
06-12 16:27:16.363 D/CCodecConfig( 5587):   c2::u32 input.buffers.max-size.value = 8192
06-12 16:27:16.363 D/CCodecConfig( 5587):   c2::u32 input.delay.value = 0
06-12 16:27:16.363 D/CCodecConfig( 5587):   string input.media-type.value = "audio/mpeg"
06-12 16:27:16.363 D/CCodecConfig( 5587):   string output.media-type.value = "audio/raw"
06-12 16:27:16.363 D/CCodecConfig( 5587):   c2::u32 raw.channel-count.value = 2
06-12 16:27:16.363 D/CCodecConfig( 5587):   c2::u32 raw.sample-rate.value = 44100
06-12 16:27:16.363 D/CCodecConfig( 5587): }
06-12 16:27:16.364 D/CCodec  ( 5587): [c2.android.mp3.decoder] buffers are bound to CCodec for this session
06-12 16:27:16.364 D/CCodecConfig( 5587): no c2 equivalents for durationUs
06-12 16:27:16.365 D/CCodecConfig( 5587): no c2 equivalents for track-id
06-12 16:27:16.365 D/CCodecConfig( 5587): no c2 equivalents for encoder-delay
06-12 16:27:16.365 D/CCodecConfig( 5587): no c2 equivalents for encoder-padding
06-12 16:27:16.365 D/CCodecConfig( 5587): no c2 equivalents for flags
06-12 16:27:16.366 D/CCodecConfig( 5587): c2 config diff is   c2::u32 raw.channel-count.value = 1
06-12 16:27:16.366 D/CCodecConfig( 5587):   c2::u32 raw.sample-rate.value = 48000
06-12 16:27:16.367 W/Codec2Client( 5587): query -- param skipped: index = 1107298332.
06-12 16:27:16.368 D/CCodec  ( 5587): setup formats input: AMessage(what = 0x00000000) = {
06-12 16:27:16.368 D/CCodec  ( 5587):   int32_t channel-count = 1
06-12 16:27:16.368 D/CCodec  ( 5587):   int32_t max-input-size = 8192
06-12 16:27:16.368 D/CCodec  ( 5587):   string mime = "audio/mpeg"
06-12 16:27:16.368 D/CCodec  ( 5587):   int32_t sample-rate = 48000
06-12 16:27:16.368 D/CCodec  ( 5587): } and output: AMessage(what = 0x00000000) = {
06-12 16:27:16.368 D/CCodec  ( 5587):   int32_t channel-count = 1
06-12 16:27:16.368 D/CCodec  ( 5587):   string mime = "audio/raw"
06-12 16:27:16.368 D/CCodec  ( 5587):   int32_t sample-rate = 48000
06-12 16:27:16.368 D/CCodec  ( 5587):   int32_t encoder-delay = 576
06-12 16:27:16.368 D/CCodec  ( 5587):   int32_t encoder-padding = 1152
06-12 16:27:16.368 D/CCodec  ( 5587): }
06-12 16:27:16.371 W/Codec2Client( 5587): query -- param skipped: index = 1342179345.
06-12 16:27:16.371 W/Codec2Client( 5587): query -- param skipped: index = 2415921170.
06-12 16:27:16.372 D/ConnectivityService(  632): NetReassign [no changes]
06-12 16:27:16.372 E/FMQ     ( 5587): grantorIdx must be less than 3
06-12 16:27:16.373 E/FMQ     ( 5587): grantorIdx must be less than 3
06-12 16:27:16.373 D/CCodecBufferChannel( 5587): [c2.android.mp3.decoder#361] Created input block pool with allocatorID 16 => poolID 17 - OK (0)
06-12 16:27:16.374 E/FMQ     (  479): grantorIdx must be less than 3
06-12 16:27:16.375 E/FMQ     (  479): grantorIdx must be less than 3
06-12 16:27:16.376 I/CCodecBufferChannel( 5587): [c2.android.mp3.decoder#361] Created output block pool with allocatorID 16 => poolID 155 - OK
06-12 16:27:16.376 D/CCodecBufferChannel( 5587): [c2.android.mp3.decoder#361] Configured output block pool ids 155 => OK
06-12 16:27:16.377 E/ion     ( 5587): ioctl c0044901 failed with code -1: Inappropriate ioctl for device
06-12 16:27:16.379 D/SimpleC2Component(  479): Using output block pool with poolID 155 => got 155 - 0
06-12 16:27:16.379 E/BufferQueueProducer(  404): [com.iwedia.ui.rjio.launcher.reliance/com.iwedia.ui.rjio.launcher.ui.intro.IntroActivity#0](id:194000000b2,api:0,p:-1,c:404) disconnect: not connected (req=1)
06-12 16:27:16.380 W/libEGL  ( 1781): EGLNativeWindowType 0xb32ef408 disconnect failed
06-12 16:27:16.382 V/DigitalSignage(  632): Package Name: null
06-12 16:27:16.382 V/DigitalSignage(  632): Left: 0
06-12 16:27:16.382 V/DigitalSignage(  632): Right: 0
06-12 16:27:16.382 V/DigitalSignage(  632): Top: 0
06-12 16:27:16.382 V/DigitalSignage(  632): Bottom: 0
06-12 16:27:16.382 D/DigitalSignage(  632): else - Package Name :: null left : 0 right :: 0 top :: 0 bottom :: 0 dfu-right :: 1920 dfu-bottom :: 1080
06-12 16:27:16.383 D/stbdpc  (  405): STB_DPGetNumPaths[570]: num_paths: 1
06-12 16:27:16.387 W/.startv.hotsta( 5587): Long monitor contention with owner DefaultDispatcher-worker-1 (5617) at java.lang.Object Ve.a.get()(SourceFile:66) waiters=0 in java.lang.Object Ve.a.get() for 140ms
06-12 16:27:16.394 E/FMQ     ( 5587): grantorIdx must be less than 3
06-12 16:27:16.395 E/FMQ     (  479): grantorIdx must be less than 3
06-12 16:27:16.396 I/C2SoftMp3Dec(  479): Reconfiguring decoder: 0->48000 Hz, 0->1 channels
06-12 16:27:16.397 E/FMQ     (  479): grantorIdx must be less than 3
06-12 16:27:16.404 E/FMQ     ( 5587): grantorIdx must be less than 3
06-12 16:27:16.410 D/CCodecBuffers( 5587): [c2.android.mp3.decoder#361:Output[N]] popFromStashAndRegister: output format changed to AMessage(what = 0x00000000) = {
06-12 16:27:16.410 D/CCodecBuffers( 5587):   int32_t channel-count = 1
06-12 16:27:16.410 D/CCodecBuffers( 5587):   string mime = "audio/raw"
06-12 16:27:16.410 D/CCodecBuffers( 5587):   int32_t sample-rate = 48000
06-12 16:27:16.410 D/CCodecBuffers( 5587):   int32_t encoder-delay = 576
06-12 16:27:16.410 D/CCodecBuffers( 5587):   int32_t encoder-padding = 1152
06-12 16:27:16.410 D/CCodecBuffers( 5587): }
06-12 16:27:16.413 I/appium  ( 5517): The following attributes will be included to the page source: [resource-id]
06-12 16:27:16.483 D/stbdpc  (  405): STB_DPGetNumPaths[570]: num_paths: 1
06-12 16:27:16.536 I/ThermalService(  986): CPU temperatures: [71.3]
06-12 16:27:16.583 D/stbdpc  (  405): STB_DPGetNumPaths[570]: num_paths: 1
06-12 16:27:16.642 D/JioStbInactivityTimer(  933): Timer: count 20 warningTimeout:10680 timeout:10800
06-12 16:27:16.642 D/JioStbInactivityTimer(  933): isUserActive: Curr:5890535 Prev:5890535
06-12 16:27:16.682 V/FileLogTree( 5587): Successfully created log file /data/user/0/in.startv.hotstar/files/logs/HotStarLogs1749725836644.log
06-12 16:27:16.683 D/stbdpc  (  405): STB_DPGetNumPaths[570]: num_paths: 1
06-12 16:27:16.709 D/dvb_iptv(  405): ReadEmmNetworkTask[1537]: EMM Select Timeout Occured 49
06-12 16:27:16.769 D/CCodecBufferChannel( 5587): [c2.android.mp3.decoder#361] MediaCodec discarded an unknown buffer
06-12 16:27:16.770 I/chatty  ( 5587): uid=10072(in.startv.hotstar) identical 1 line
06-12 16:27:16.770 D/CCodecBufferChannel( 5587): [c2.android.mp3.decoder#361] MediaCodec discarded an unknown buffer
06-12 16:27:16.772 I/hw-BpHwBinder( 5587): onLastStrongRef automatically unlinking death recipients
06-12 16:27:16.773 I/hw-BpHwBinder(  479): onLastStrongRef automatically unlinking death recipients
06-12 16:27:16.774 V/C2Store (  479): in ~ComponentModule
06-12 16:27:16.774 V/C2Store (  479): unloading dll
06-12 16:27:16.775 D/CompatibilityChangeReporter(  632): Compat change id reported: 136274596; UID 10072; state: ENABLED
06-12 16:27:16.783 D/stbdpc  (  405): STB_DPGetNumPaths[570]: num_paths: 1
06-12 16:27:16.822 I/tomator2.serve( 5517): Background young concurrent copying GC freed 36557(1938KB) AllocSpace objects, 10(752KB) LOS objects, 0% free, 10MB/10MB, paused 76us total 122.048ms
06-12 16:27:16.863 E/WifiVendorHal(  632): getWifiLinkLayerStats_1_3_Internal(l.973) failed {.code = ERROR_UNKNOWN, .description = unknown error}
06-12 16:27:16.875 D/SessionLifecycleClient( 5587): Queued message 1. Queue size 1
06-12 16:27:16.884 D/stbdpc  (  405): STB_DPGetNumPaths[570]: num_paths: 1
06-12 16:27:16.904 I/uncher.relianc( 1781): oneway function results will be dropped but finished with status OK and parcel size 4
06-12 16:27:16.907 I/e.swalekh.abct( 1336): oneway function results will be dropped but finished with status OK and parcel size 4
06-12 16:27:16.914 D/SessionLifecycleService( 5587): Service bound to new client on process 5587
06-12 16:27:16.923 I/Choreographer( 5587): Skipped 44 frames!  The application may be doing too much work on its main thread.
06-12 16:27:16.926 D/JioSTBMRServer-SERVICE( 3304): InetSocketAddress(InetAddress.getByName(inetAddress.hostAddress)-/192.168.1.255
06-12 16:27:16.927 D/JioSTBMRServer-SERVICE( 3304): #beacon:RKISBFJ60000097:0:false:0:1:SV=181024 , 192.168.1.255
06-12 16:27:16.934 V/RootBeer( 5587): b: a() [44] - /system/xbin/su binary detected!
06-12 16:27:16.940 D/SessionLifecycleService( 5587): App has not yet foregrounded. Using previously stored session.
06-12 16:27:16.940 D/SessionLifecycleService( 5587): Client android.os.Messenger@a958a02 bound at 5912278. Clients: 1
06-12 16:27:16.951 V/DigitalSignage(  632): Package Name: null
06-12 16:27:16.951 V/DigitalSignage(  632): Left: 0
06-12 16:27:16.951 V/DigitalSignage(  632): Right: 0
06-12 16:27:16.951 V/DigitalSignage(  632): Top: 0
06-12 16:27:16.951 V/DigitalSignage(  632): Bottom: 0
06-12 16:27:16.951 D/DigitalSignage(  632): else - Package Name :: null left : 0 right :: 0 top :: 0 bottom :: 0 dfu-right :: 1920 dfu-bottom :: 1080
06-12 16:27:16.951 V/DigitalSignage(  632): Package Name: null
06-12 16:27:16.951 V/DigitalSignage(  632): Left: 0
06-12 16:27:16.951 V/DigitalSignage(  632): Right: 0
06-12 16:27:16.951 V/DigitalSignage(  632): Top: 0
06-12 16:27:16.952 V/DigitalSignage(  632): Bottom: 0
06-12 16:27:16.952 D/DigitalSignage(  632): else - Package Name :: null left : 0 right :: 0 top :: 0 bottom :: 0 dfu-right :: 1920 dfu-bottom :: 1080
06-12 16:27:16.962 D/JioSTBMRServer-SERVICE( 3304): InetSocketAddress(InetAddress.getByName(inetAddress.hostAddress)-/192.168.1.255
06-12 16:27:16.963 D/JioSTBMRServer-SERVICE( 3304): #broadcast IP:192.168.1.255
06-12 16:27:16.984 D/stbdpc  (  405): STB_DPGetNumPaths[570]: num_paths: 1
06-12 16:27:16.991 I/hwservicemanager(  235): getTransport: Cannot find entry android.hardware.configstore@1.0::ISurfaceFlingerConfigs/default in either framework or device manifest.
06-12 16:27:17.061 I/OpenGLRenderer( 5587): Davey! duration=877ms; Flags=1, IntendedVsync=5911539762534, Vsync=5912273829186, OldestInputEvent=9223372036854775807, NewestInputEvent=0, HandleInputStart=5912279843234, AnimationStart=5912279846567, PerformTraversalsStart=5912280203984, DrawStart=5912375231275, SyncQueued=5912384114234, SyncStart=5912384638609, IssueDrawCommandsStart=5912384883817, SwapBuffers=5912413019484, FrameCompleted=5912417313567, DequeueBufferDuration=550917, QueueBufferDuration=1409167, GpuCompleted=0, 
06-12 16:27:17.064 V/DigitalSignage(  632): Package Name: null
06-12 16:27:17.064 V/DigitalSignage(  632): Left: 0
06-12 16:27:17.064 V/DigitalSignage(  632): Right: 0
06-12 16:27:17.064 V/DigitalSignage(  632): Top: 0
06-12 16:27:17.064 V/DigitalSignage(  632): Bottom: 0
06-12 16:27:17.064 D/DigitalSignage(  632): else - Package Name :: null left : 0 right :: 0 top :: 0 bottom :: 0 dfu-right :: 1920 dfu-bottom :: 1080
06-12 16:27:17.064 V/DigitalSignage(  632): Package Name: null
06-12 16:27:17.064 V/DigitalSignage(  632): Left: 0
06-12 16:27:17.064 V/DigitalSignage(  632): Right: 0
06-12 16:27:17.064 V/DigitalSignage(  632): Top: 0
06-12 16:27:17.064 V/DigitalSignage(  632): Bottom: 0
06-12 16:27:17.064 D/DigitalSignage(  632): else - Package Name :: null left : 0 right :: 0 top :: 0 bottom :: 0 dfu-right :: 1920 dfu-bottom :: 1080
06-12 16:27:17.066 V/DigitalSignage(  632): Package Name: null
06-12 16:27:17.066 V/DigitalSignage(  632): Left: 0
06-12 16:27:17.067 V/DigitalSignage(  632): Right: 0
06-12 16:27:17.067 V/DigitalSignage(  632): Top: 0
06-12 16:27:17.067 V/DigitalSignage(  632): Bottom: 0
06-12 16:27:17.067 D/DigitalSignage(  632): else - Package Name :: null left : 0 right :: 0 top :: 0 bottom :: 0 dfu-right :: 1920 dfu-bottom :: 1080
06-12 16:27:17.067 V/DigitalSignage(  632): Package Name: null
06-12 16:27:17.067 V/DigitalSignage(  632): Left: 0
06-12 16:27:17.067 V/DigitalSignage(  632): Right: 0
06-12 16:27:17.067 V/DigitalSignage(  632): Top: 0
06-12 16:27:17.067 V/DigitalSignage(  632): Bottom: 0
06-12 16:27:17.068 D/DigitalSignage(  632): else - Package Name :: null left : 0 right :: 0 top :: 0 bottom :: 0 dfu-right :: 1920 dfu-bottom :: 1080
06-12 16:27:17.084 D/stbdpc  (  405): STB_DPGetNumPaths[570]: num_paths: 1
06-12 16:27:17.086 D/rtk_heartbeat(  351): heartbeat_timed_out: heartbeatCmdCount = 5888, expected nextSeqNum = 5888
06-12 16:27:17.087 D/rtk_heartbeat(  351): rtkbt_heartbeat_cmpl_cback: Current SeqNum = 5888,should SeqNum=5888, status = 0
06-12 16:27:17.093 I/tomator2.serve( 5517): Background concurrent copying GC freed 84637(4290KB) AllocSpace objects, 9(1604KB) LOS objects, 49% free, 7743KB/15MB, paused 181us total 257.464ms
06-12 16:27:17.116 I/FA      ( 5587): Tag Manager is not found and thus will not be used
06-12 16:27:17.133 V/DigitalSignage(  632): Package Name: null
06-12 16:27:17.133 V/DigitalSignage(  632): Left: 0
06-12 16:27:17.133 V/DigitalSignage(  632): Right: 0
06-12 16:27:17.133 V/DigitalSignage(  632): Top: 0
06-12 16:27:17.133 V/DigitalSignage(  632): Bottom: 0
06-12 16:27:17.133 D/DigitalSignage(  632): else - Package Name :: null left : 0 right :: 0 top :: 0 bottom :: 0 dfu-right :: 1920 dfu-bottom :: 1080
06-12 16:27:17.133 V/DigitalSignage(  632): Package Name: null
06-12 16:27:17.133 V/DigitalSignage(  632): Left: 0
06-12 16:27:17.133 V/DigitalSignage(  632): Right: 0
06-12 16:27:17.133 V/DigitalSignage(  632): Top: 0
06-12 16:27:17.133 V/DigitalSignage(  632): Bottom: 0
06-12 16:27:17.134 D/DigitalSignage(  632): else - Package Name :: null left : 0 right :: 0 top :: 0 bottom :: 0 dfu-right :: 1920 dfu-bottom :: 1080
06-12 16:27:17.135 I/android.hardware.power-service.libperfmgr(  369): Power setBoost: INTERACTION duration: 0
06-12 16:27:17.136 I/libperfmgr(  369): Do Powerhint: INTERACTION
06-12 16:27:17.134 W/GooglePlayServicesUtil( 5587): Google Play services is missing.
06-12 16:27:17.184 I/ActivityTaskManager(  632): Displayed in.startv.hotstar/com.hotstar.MainActivity: +1s249ms
06-12 16:27:17.184 D/stbdpc  (  405): STB_DPGetNumPaths[570]: num_paths: 1
06-12 16:27:17.210 D/dvb_iptv(  405): ReadEmmNetworkTask[1537]: EMM Select Timeout Occured 50
06-12 16:27:17.239 W/[ 5912.596336@1]  RTW(    0): fill_default_txdesc(wlan0): SP Packet(0x0806) rate=0x4 SeqNum = 903
06-12 16:27:17.239 I/FirebaseCrashlytics( 5587): Saved version control info
06-12 16:27:17.252 D/[213   ] JioAccount-ADC( 2132): v2.a a> Event: XJSSOE3
06-12 16:27:17.254 V/[213   ] JioAccount-ADC( 2132): v2.a a> XJSSOE3	PARAMETERS:
06-12 16:27:17.255 D/[294   ] JioAccount-ADC( 2132): com.jio.adc.core.b c> Getting ServiceInfo
06-12 16:27:17.257 D/[294   ] JioAccount-ADC( 2132): com.jio.adc.core.b c> Starting Bind...
06-12 16:27:17.260 D/[2     ] JioAccount-ADC( 2132): com.jio.adc.core.b$2 onServiceConnected> Connected
06-12 16:27:17.261 D/[2     ] JioAccount-ADC( 2132): com.jio.adc.core.b$c$1 h> PROCESSING EVENT: XJSSOE3; TIME: 12-06-25 16:27:17:254; PARAMETERS: {"XJSSOP13":"in.startv.hotstar","XJSSOP14":true,"XJSSOP15":""}
06-12 16:27:17.265 D/[294   ] JioAccount-ADC( 2132): com.jio.adc.core.b c> Binding...
06-12 16:27:17.276 V/[2     ] JioAccount-ADC( 2132): com.jio.adc.core.b$c$1 h> Event Written: XJSSOE3; TIME: 12-06-25 16:27:17:254; PARAMETERS: {"XJSSOP13":"in.startv.hotstar","XJSSOP14":true,"XJSSOP15":""}
06-12 16:27:17.284 D/stbdpc  (  405): STB_DPGetNumPaths[570]: num_paths: 1
06-12 16:27:17.286 V/DigitalSignage(  632): Package Name: null
06-12 16:27:17.286 V/DigitalSignage(  632): Left: 0
06-12 16:27:17.286 V/DigitalSignage(  632): Right: 0
06-12 16:27:17.287 V/DigitalSignage(  632): Top: 0
06-12 16:27:17.287 V/DigitalSignage(  632): Bottom: 0
06-12 16:27:17.288 D/DigitalSignage(  632): else - Package Name :: null left : 0 right :: 0 top :: 0 bottom :: 0 dfu-right :: 1920 dfu-bottom :: 1080
06-12 16:27:17.293 D/SessionLifecycleClient( 5587): Connected to SessionLifecycleService. Queue size 1
06-12 16:27:17.297 D/SessionLifecycleClient( 5587): Sending lifecycle 1 to service
06-12 16:27:17.297 D/SessionLifecycleService( 5587): Activity foregrounding at 5912653.
06-12 16:27:17.297 D/SessionLifecycleService( 5587): Cold start detected.
06-12 16:27:17.311 V/DigitalSignage(  632): Package Name: null
06-12 16:27:17.311 V/DigitalSignage(  632): Left: 0
06-12 16:27:17.311 V/DigitalSignage(  632): Right: 0
06-12 16:27:17.311 V/DigitalSignage(  632): Top: 0
06-12 16:27:17.311 V/DigitalSignage(  632): Bottom: 0
06-12 16:27:17.312 D/DigitalSignage(  632): else - Package Name :: null left : 0 right :: 0 top :: 0 bottom :: 0 dfu-right :: 1920 dfu-bottom :: 1080
06-12 16:27:17.320 D/SessionLifecycleService( 5587): Generated new session.
06-12 16:27:17.320 D/SessionLifecycleService( 5587): Broadcasting new session
06-12 16:27:17.324 D/SessionFirelogPublisher( 5587): Data Collection is enabled for at least one Subscriber
06-12 16:27:17.331 D/SessionLifecycleClient( 5587): Session update received.
06-12 16:27:17.358 D/ltts_ip_emm(  405): LTTS_IP_DMXStartEMM[381]: parse_emm_cat_status failed
06-12 16:27:17.360 D/JioLauncher( 1781): launcher-appp-in-background
06-12 16:27:17.369 D/SessionLifecycleClient( 5587): Notified CRASHLYTICS of new session 8597371ed79848e7ab2e4359eaadd9a5
06-12 16:27:17.372 E/PushSDK ( 1781): Total time spend is 00:00:22
06-12 16:27:17.372 E/PushSDK ( 1781): app closed with session id UcITDPa1749725815268
06-12 16:27:17.382 V/RootBeer( 5587): b: a() [44] - /system/xbin/su binary detected!
06-12 16:27:17.385 D/stbdpc  (  405): STB_DPGetNumPaths[570]: num_paths: 1
06-12 16:27:17.434 D/JioLauncher( 1781): onSaveInstanceState-getting called
06-12 16:27:17.457 V/DigitalSignage(  632): Package Name: null
06-12 16:27:17.457 V/DigitalSignage(  632): Left: 0
06-12 16:27:17.457 V/DigitalSignage(  632): Right: 0
06-12 16:27:17.457 V/DigitalSignage(  632): Top: 0
06-12 16:27:17.457 V/DigitalSignage(  632): Bottom: 0
06-12 16:27:17.457 D/DigitalSignage(  632): else - Package Name :: null left : 0 right :: 0 top :: 0 bottom :: 0 dfu-right :: 1920 dfu-bottom :: 1080
06-12 16:27:17.474 D/NetflixService(  986): onForegroundActivitiesChanged pid:1781,uid:10035,fg:false
06-12 16:27:17.476 D/NetflixService(  986): processName:com.netflix.ninja,importance:300
06-12 16:27:17.485 D/stbdpc  (  405): STB_DPGetNumPaths[570]: num_paths: 1
06-12 16:27:17.492 D/EventGDTLogger( 5587): Session Event Type: SESSION_START
06-12 16:27:17.492 D/SessionFirelogPublisher( 5587): Successfully logged Session Start event.
06-12 16:27:17.503 I/system_server(  632): oneway function results will be dropped but finished with status OK and parcel size 4
06-12 16:27:17.503 I/system_server(  632): oneway function results will be dropped but finished with status OK and parcel size 4
06-12 16:27:17.506 W/AudioFlinger(  390): createTrack_l(): mismatch between requested flags (00000004) and output flags (00000002)
06-12 16:27:17.507 D/AF::TrackHandle(  390): OpPlayAudio: track:155 usage:1 not muted
06-12 16:27:17.512 D/AudioTrack( 5587): createTrack_l(0): AUDIO_OUTPUT_FLAG_FAST denied by server; frameCount 0 -> 122688
06-12 16:27:17.517 W/APM::AudioPolicyEngine(  390): getDevicesForStrategy() unknown strategy: -1
06-12 16:27:17.517 W/APM::AudioPolicyEngine(  390): getDevicesForStrategy() unknown strategy: -1
06-12 16:27:17.522 I/system_server(  632): oneway function results will be dropped but finished with status OK and parcel size 4
06-12 16:27:17.522 I/sub_mixing_factory(  350): [usecase_change_validate_l_sm:1209] ++++continuous:0 dev masks:0, out masks:0, out usecase PCM_NORMAL
06-12 16:27:17.522 I/sub_mixing_factory(  350): [usecase_change_validate_l_sm:1216] add usecase PCM_NORMAL, cnt 1
06-12 16:27:17.522 D/sub_mixing_factory(  350): [usecase_change_validate_l_sm:1228] cur dev masks:0, add out usecase:PCM_NORMAL
06-12 16:27:17.522 I/sub_mixing_factory(  350): [usecase_change_validate_l_sm:1259] ----continuous:0 dev masks:0x1, out masks:0x1, out usecase PCM_NORMAL
06-12 16:27:17.522 D/aml_audio_port(  350): [new_input_port:260] buf_frames:384,frame_size:4 ==> thunk_size:1536
06-12 16:27:17.522 I/aml_audio_port(  350): [get_input_port_type:109] samplerate:48000, flags:0x2, channel_cnt:2
06-12 16:27:17.523 D/aml_audio_port(  350): [new_input_port:286] inport:PCM_SYSTEM, buf:6144, direct:0, format:0x1, rate:48000, ch:2
06-12 16:27:17.523 I/amlAudioMixer(  350): [init_mixer_input_port:175] input port:PCM_SYSTEM, size 384 frames, frame_write_sum:105979904
06-12 16:27:17.523 I/aml_audio_port(  350): [get_input_port_type:109] samplerate:48000, flags:0x2, channel_cnt:2
06-12 16:27:17.523 I/sub_mixing_factory(  350): [mixer_aux_buffer_write_sm:1066] stream 0xf557b000 input port:PCM_SYSTEM
06-12 16:27:17.523 I/sub_mixing_factory(  350): [mixer_aux_buffer_write_sm:1076] padding_bytes 12288
06-12 16:27:17.523 I/amlAudioMixer(  350): [mixer_write_inport:260] input port:PCM_SYSTEM is active now
06-12 16:27:17.523 I/sub_mixing_factory(  350): [mixer_aux_buffer_write_sm:1076] padding_bytes 10752
06-12 16:27:17.523 I/sub_mixing_factory(  350): [mixer_aux_buffer_write_sm:1076] padding_bytes 9216
06-12 16:27:17.523 I/sub_mixing_factory(  350): [mixer_aux_buffer_write_sm:1076] padding_bytes 7680
06-12 16:27:17.523 I/sub_mixing_factory(  350): [mixer_aux_buffer_write_sm:1076] padding_bytes 6144
06-12 16:27:17.528 I/amlAudioMixer(  350): [mixer_inports_read:704] input port:PCM_SYSTEM first start, portId:0, avail:6144
06-12 16:27:17.533 I/sub_mixing_factory(  350): [mixer_aux_buffer_write_sm:1076] padding_bytes 4608
06-12 16:27:17.541 I/sub_mixing_factory(  350): [mixer_aux_buffer_write_sm:1076] padding_bytes 3072
06-12 16:27:17.549 I/sub_mixing_factory(  350): [mixer_aux_buffer_write_sm:1076] padding_bytes 1536
06-12 16:27:17.562 I/appium  ( 5517): Took 0ms to retrieve 0 matches for '//android.widget.ImageView[@resource-id='in.startv.hotstar:id/iv_profile']' XPath2 query
06-12 16:27:17.570 I/appium  ( 5517): AppiumResponse: {"sessionId":"b2e32144-1036-4d8b-9ad0-1bf0f19eb06e","value":{"error":"no such element","message":"An element could not be located on the page using the given search parameters","stacktrace":"io.appium.uiautomator2.common.exceptions.ElementNotFoundException: An element could not be located on the page using the given search parameters\n\tat io.appium.uiautomator2.utils.ElementLocationHelpers.findElement(ElementLocationHelpers.java:156)\n\tat io.appium.uiautomator2.handler.FindElement.safeHandle(FindElement.java:60)\n\tat io.appium.uiautomator2.handler.request.SafeRequestHandler.handle(SafeRequestHandler.java:59)\n\tat io.appium.uiautomator2.server.AppiumServlet.handleRequest(AppiumServlet.java:259)\n\tat io.appium.uiautomator2.server.AppiumServlet.handleHttpRequest(AppiumServlet.java:253)\n\tat io.appium.uiautomator2.http.ServerHandler.channelRead(ServerHandler.java:77)\n\tat io.netty.channel.AbstractChannelHandlerContext.invokeChannelRead(AbstractChannelHandlerContext.java:374)\n\tat io.netty.channel.AbstractChannelHandlerContext.invokeChannelRead(AbstractChannelHandlerContext.java:360)\n\tat io.netty.channel.AbstractChannelHandlerContext.fireChannelRead(AbstractChannelHandlerContext.java:352)\n\tat io.netty.handler.codec.MessageToMessageDecoder.channelRead(MessageToMessageDecoder.java:102)\n\tat io.netty.channel.AbstractChannelHandlerContext.invokeChannelRead(AbstractChannelHandlerContext.java:374)\n\tat io.netty.channel.AbstractChannelHandlerContext.invokeChannelRead(AbstractChannelHandlerContext.java:360)\n\tat io.netty.channel.AbstractChannelHandlerContext.fireChannelRead(AbstractChannelHandlerContext.java:352)\n\tat io.netty.channel.CombinedChannelDuplexHandler$DelegatingChannelHandlerContext.fireChannelRead(CombinedChannelDuplexHandler.java:438)\n\tat io.netty.handler.codec.ByteToMessageDecoder.fireChannelRead(ByteToMessageDecoder.java:328)\n\tat io.netty.handler.codec.ByteToMessageDecoder.channelRead(ByteToMessageDecoder.java:302)\n\tat io.netty.channel.CombinedChannelDuplexHandler.channelRead(CombinedChannelDuplexHandler.java:253)\n\tat io.netty.channel.AbstractChannelHandlerContext.invokeChannelRead(AbstractChannelHandlerContext.java:374)\n\tat io.netty.channel.AbstractChannelHandlerContext.invokeChannelRead(AbstractChannelHandlerContext.java:360)\n\tat io.netty.channel.AbstractChannelHandlerContext.fireChannelRead(AbstractChannelHandlerContext.java:352)\n\tat io.netty.handler.timeout.IdleStateHandler.channelRead(IdleStateHandler.java:287)\n\tat io.netty.channel.AbstractChannelHandlerContext.invokeChannelRead(AbstractChannelHandlerContext.java:374)\n\tat io.netty.channel.AbstractChannelHandlerContext.invokeChannelRead(AbstractChannelHandlerContext.java:360)\n\tat io.netty.channel.AbstractChannelHandlerContext.fireChannelRead(AbstractChannelHandlerContext.java:352)\n\tat io.netty.channel.DefaultChannelPipeline$HeadContext.channelRead(DefaultChannelPipeline.java:1422)\n\tat io.netty.channel.AbstractChannelHandlerContext.invokeChannelRead(AbstractChannelHandlerContext.java:374)\n\tat io.netty.channel.AbstractChannelHandlerContext.invokeChannelRead(AbstractChannelHandlerContext.java:360)\n\tat io.netty.channel.DefaultChannelPipeline.fireChannelRead(DefaultChannelPipeline.java:931)\n\tat io.netty.channel.nio.AbstractNioByteChannel$NioByteUnsafe.read(AbstractNioByteChannel.java:163)\n\tat io.netty.channel.nio.NioEventLoop.processSelectedKey(NioEventLoop.java:700)\n\tat io.netty.channel.nio.NioEventLoop.processSelectedKeysOptimized(NioEventLoop.java:635)\n\tat io.netty.channel.nio.NioEventLoop.processSelectedKeys(NioEventLoop.java:552)\n\tat io.netty.channel.nio.NioEventLoop.run(NioEventLoop.java:514)\n\tat io.netty.util.concurrent.SingleThreadEventExecutor$6.run(SingleThreadEventExecutor.java:1044)\n\tat io.netty.util.internal.ThreadExecutorMap$2.run(ThreadExecutorMap.java:74)\n\tat io.netty.util.concurrent.FastThreadLocalRunnable.run(FastThreadLocalRunnable.java:30)\n\tat java.lang.Thread.run(Thread.java:923)\n"}}
06-12 16:27:17.585 D/stbdpc  (  405): STB_DPGetNumPaths[570]: num_paths: 1
06-12 16:27:17.600 I/DrmUtils( 5587): found android.hardware.drm@1.0::IDrmFactory clearkey
06-12 16:27:17.602 I/DrmUtils( 5587): found android.hardware.drm@1.0::IDrmFactory verimatrix
06-12 16:27:17.604 I/DrmUtils( 5587): found android.hardware.drm@1.0::IDrmFactory widevine
06-12 16:27:17.606 I/DrmUtils( 5587): found android.hardware.drm@1.0::IDrmFactory youtube
06-12 16:27:17.612 I/DrmUtils( 5587): found android.hardware.drm@1.1::IDrmFactory clearkey
06-12 16:27:17.617 I/DrmUtils( 5587): found android.hardware.drm@1.1::IDrmFactory verimatrix
06-12 16:27:17.621 I/DrmUtils( 5587): found android.hardware.drm@1.1::IDrmFactory widevine
06-12 16:27:17.624 I/DrmUtils( 5587): found android.hardware.drm@1.1::IDrmFactory youtube
06-12 16:27:17.632 I/DrmUtils( 5587): found android.hardware.drm@1.2::IDrmFactory clearkey
06-12 16:27:17.635 I/DrmUtils( 5587): found android.hardware.drm@1.2::IDrmFactory verimatrix
06-12 16:27:17.636 I/DrmUtils( 5587): found android.hardware.drm@1.2::IDrmFactory widevine
06-12 16:27:17.640 I/DrmUtils( 5587): found android.hardware.drm@1.2::IDrmFactory youtube
06-12 16:27:17.642 D/JioStbInactivityTimer(  933): Timer: count 21 warningTimeout:10680 timeout:10800
06-12 16:27:17.642 D/JioStbInactivityTimer(  933): isUserActive: Curr:5890535 Prev:5890535
06-12 16:27:17.657 I/DrmUtils( 5587): found android.hardware.drm@1.3::IDrmFactory clearkey
06-12 16:27:17.660 I/DrmUtils( 5587): found android.hardware.drm@1.3::IDrmFactory verimatrix
06-12 16:27:17.664 I/DrmUtils( 5587): found android.hardware.drm@1.3::IDrmFactory widevine
06-12 16:27:17.666 I/DrmUtils( 5587): found android.hardware.drm@1.3::IDrmFactory youtube
06-12 16:27:17.666 W/android.hardware.drm@1.3-service.youtube(  361): isCryptoSchemeSupported, false
06-12 16:27:17.669 I/WVCdm   (  356): [app][in.startv.hotstar] calling virtual Return<void> wvdrm::hardware::drm::V1_3::widevine::WVDrmFactory::createPlugin(const hidl_array<uint8_t, 16> &, const android::hardware::hidl_string &, android::hardware::drm::V1_3::IDrmFactory::createPlugin_cb)
06-12 16:27:17.672 I/WVCdm   (  356): [cdm_engine.cpp(573):QueryStatus] Querying status
06-12 16:27:17.675 I/chatty  (  356): uid=1013(media) HwBinder:356_3 identical 7 lines
06-12 16:27:17.676 I/WVCdm   (  356): [cdm_engine.cpp(573):QueryStatus] Querying status
06-12 16:27:17.676 D/WVCdm   (  356): [crypto_session.cpp(805):Open] Opening crypto session: requested_security_level = Default
06-12 16:27:17.685 D/stbdpc  (  405): STB_DPGetNumPaths[570]: num_paths: 1
06-12 16:27:17.687 I/WVCdm   (  356): [file_utils.cpp(40):Exists] stat failed: ENOENT
06-12 16:27:17.710 D/dvb_iptv(  405): ReadEmmNetworkTask[1537]: EMM Select Timeout Occured 51
06-12 16:27:17.767 W/AudioCapabilities( 5587): Unsupported mime audio/dtshd
06-12 16:27:17.767 W/AudioCapabilities( 5587): Unsupported mime audio/ffmpeg
06-12 16:27:17.767 W/AudioCapabilities( 5587): Unsupported mime audio/mpeg-L2
06-12 16:27:17.768 W/VideoCapabilities( 5587): Unsupported mime video/x-vnd.on2.vp6a
06-12 16:27:17.770 W/VideoCapabilities( 5587): Unsupported mime video/x-vnd.on2.vp6f
06-12 16:27:17.778 W/VideoCapabilities( 5587): Unsupported mime video/avs
06-12 16:27:17.780 W/VideoCapabilities( 5587): Unsupported mime video/avs2
06-12 16:27:17.782 W/VideoCapabilities( 5587): Unsupported mime video/x-motion-jpeg
06-12 16:27:17.784 W/VideoCapabilities( 5587): Unrecognized profile/level 0/3 for video/mpeg2
06-12 16:27:17.784 I/VideoCapabilities( 5587): Unsupported profile 2 for video/mpeg2
06-12 16:27:17.784 I/VideoCapabilities( 5587): Unsupported profile 3 for video/mpeg2
06-12 16:27:17.784 I/VideoCapabilities( 5587): Unsupported profile 4 for video/mpeg2
06-12 16:27:17.784 I/VideoCapabilities( 5587): Unsupported profile 5 for video/mpeg2
06-12 16:27:17.785 D/stbdpc  (  405): STB_DPGetNumPaths[570]: num_paths: 1
06-12 16:27:17.786 W/VideoCapabilities( 5587): Unrecognized profile/level 0/3 for video/mpeg2
06-12 16:27:17.786 I/VideoCapabilities( 5587): Unsupported profile 2 for video/mpeg2
06-12 16:27:17.786 I/VideoCapabilities( 5587): Unsupported profile 3 for video/mpeg2
06-12 16:27:17.786 I/VideoCapabilities( 5587): Unsupported profile 4 for video/mpeg2
06-12 16:27:17.788 I/VideoCapabilities( 5587): Unsupported profile 5 for video/mpeg2
06-12 16:27:17.789 I/VideoCapabilities( 5587): Unsupported profile 2 for video/mp4v-es
06-12 16:27:17.789 I/VideoCapabilities( 5587): Unsupported profile 4 for video/mp4v-es
06-12 16:27:17.789 I/VideoCapabilities( 5587): Unsupported profile 8 for video/mp4v-es
06-12 16:27:17.789 I/VideoCapabilities( 5587): Unsupported profile 16 for video/mp4v-es
06-12 16:27:17.789 I/VideoCapabilities( 5587): Unsupported profile 32 for video/mp4v-es
06-12 16:27:17.789 I/VideoCapabilities( 5587): Unsupported profile 64 for video/mp4v-es
06-12 16:27:17.789 I/VideoCapabilities( 5587): Unsupported profile 128 for video/mp4v-es
06-12 16:27:17.789 I/VideoCapabilities( 5587): Unsupported profile 256 for video/mp4v-es
06-12 16:27:17.789 I/VideoCapabilities( 5587): Unsupported profile 512 for video/mp4v-es
06-12 16:27:17.789 I/VideoCapabilities( 5587): Unsupported profile 1024 for video/mp4v-es
06-12 16:27:17.789 I/VideoCapabilities( 5587): Unsupported profile 2048 for video/mp4v-es
06-12 16:27:17.789 I/VideoCapabilities( 5587): Unsupported profile 4096 for video/mp4v-es
06-12 16:27:17.789 I/VideoCapabilities( 5587): Unsupported profile 8192 for video/mp4v-es
06-12 16:27:17.789 I/VideoCapabilities( 5587): Unsupported profile 16384 for video/mp4v-es
06-12 16:27:17.790 W/VideoCapabilities( 5587): Unsupported mime video/rm10
06-12 16:27:17.790 W/VideoCapabilities( 5587): Unsupported mime video/rm20
06-12 16:27:17.791 W/VideoCapabilities( 5587): Unsupported mime video/rm30
06-12 16:27:17.795 W/VideoCapabilities( 5587): Unsupported mime video/rm40
06-12 16:27:17.796 W/VideoCapabilities( 5587): Unsupported mime video/vc1
06-12 16:27:17.797 W/Utils   ( 5587): could not parse long range '1-'
06-12 16:27:17.797 W/VideoCapabilities( 5587): Unrecognized level 16 for video/x-vnd.on2.vp8
06-12 16:27:17.797 W/VideoCapabilities( 5587): Unrecognized level 32 for video/x-vnd.on2.vp8
06-12 16:27:17.797 W/VideoCapabilities( 5587): Unrecognized level 64 for video/x-vnd.on2.vp8
06-12 16:27:17.797 W/VideoCapabilities( 5587): Unrecognized level 128 for video/x-vnd.on2.vp8
06-12 16:27:17.797 W/VideoCapabilities( 5587): Unrecognized level 256 for video/x-vnd.on2.vp8
06-12 16:27:17.797 W/VideoCapabilities( 5587): Unrecognized level 512 for video/x-vnd.on2.vp8
06-12 16:27:17.797 W/VideoCapabilities( 5587): Unrecognized level 1024 for video/x-vnd.on2.vp8
06-12 16:27:17.797 W/VideoCapabilities( 5587): Unrecognized level 2048 for video/x-vnd.on2.vp8
06-12 16:27:17.797 W/VideoCapabilities( 5587): Unrecognized level 4096 for video/x-vnd.on2.vp8
06-12 16:27:17.797 W/VideoCapabilities( 5587): Unrecognized level 8192 for video/x-vnd.on2.vp8
06-12 16:27:17.797 W/VideoCapabilities( 5587): Unrecognized level 16384 for video/x-vnd.on2.vp8
06-12 16:27:17.798 W/VideoCapabilities( 5587): Unrecognized level 32768 for video/x-vnd.on2.vp8
06-12 16:27:17.798 W/VideoCapabilities( 5587): Unsupported mime video/wmv3
06-12 16:27:17.801 W/VideoCapabilities( 5587): Unsupported mime video/wmv1
06-12 16:27:17.804 W/VideoCapabilities( 5587): Unsupported mime video/wmv2
06-12 16:27:17.806 W/VideoCapabilities( 5587): Unsupported mime video/wvc1
06-12 16:27:17.807 W/Utils   ( 5587): could not parse long range '1-'
06-12 16:27:17.809 W/VideoCapabilities( 5587): Unsupported profile 4 for video/avc
06-12 16:27:17.847 D/MediaCodecInfo( 5587): NoSupport [sizeAndRate.support, 1920x1080x25.0] [c2.android.hevc.decoder, video/hevc] [MSTB, JMSB200A, Jio, 30]
06-12 16:27:17.848 D/MediaCodecInfo( 5587): NoSupport [sizeAndRate.support, 1920x1080x25.0] [c2.android.hevc.decoder, video/hevc] [MSTB, JMSB200A, Jio, 30]
06-12 16:27:17.849 D/MediaCodecInfo( 5587): NoSupport [sizeAndRate.support, 1920x1080x25.0] [c2.android.vp9.decoder, video/x-vnd.on2.vp9] [MSTB, JMSB200A, Jio, 30]
06-12 16:27:17.850 D/MediaCodecInfo( 5587): NoSupport [sizeAndRate.support, 1920x1080x25.0] [c2.android.vp9.decoder, video/x-vnd.on2.vp9] [MSTB, JMSB200A, Jio, 30]
06-12 16:27:17.870 E/ocessService0:( 2273): failed to create Unix domain socket: Operation not permitted
06-12 16:27:17.885 D/stbdpc  (  405): STB_DPGetNumPaths[570]: num_paths: 1
06-12 16:27:17.986 D/stbdpc  (  405): STB_DPGetNumPaths[570]: num_paths: 1
06-12 16:27:18.084 I/.startv.hotsta( 5587): Background concurrent copying GC freed 230134(12MB) AllocSpace objects, 76(3524KB) LOS objects, 49% free, 9137KB/17MB, paused 147us total 197.690ms
06-12 16:27:18.086 D/stbdpc  (  405): STB_DPGetNumPaths[570]: num_paths: 1
06-12 16:27:18.086 D/rtk_heartbeat(  351): heartbeat_timed_out: heartbeatCmdCount = 5889, expected nextSeqNum = 5889
06-12 16:27:18.087 D/rtk_heartbeat(  351): rtkbt_heartbeat_cmpl_cback: Current SeqNum = 5889,should SeqNum=5889, status = 0
06-12 16:27:18.092 W/System  ( 5587): A resource failed to call close. 
06-12 16:27:18.093 W/System  ( 5587): A resource failed to call close. 
06-12 16:27:18.102 I/appium  ( 5517): channel read: POST /session/b2e32144-1036-4d8b-9ad0-1bf0f19eb06e/element
06-12 16:27:18.105 I/appium  ( 5517): FindElement command
06-12 16:27:18.108 I/appium  ( 5517): method: 'xpath', selector: '//android.widget.ImageView[@resource-id='in.startv.hotstar:id/iv_profile']'
06-12 16:27:18.109 I/appium  ( 5517): Waiting up to 10000ms for the device to idle
06-12 16:27:18.113 I/appium  ( 5517): The following attributes will be included to the page source: [resource-id]
06-12 16:27:18.186 D/stbdpc  (  405): STB_DPGetNumPaths[570]: num_paths: 1
06-12 16:27:18.194 I/appium  ( 5517): Took 0ms to retrieve 0 matches for '//android.widget.ImageView[@resource-id='in.startv.hotstar:id/iv_profile']' XPath2 query
06-12 16:27:18.201 I/appium  ( 5517): AppiumResponse: {"sessionId":"b2e32144-1036-4d8b-9ad0-1bf0f19eb06e","value":{"error":"no such element","message":"An element could not be located on the page using the given search parameters","stacktrace":"io.appium.uiautomator2.common.exceptions.ElementNotFoundException: An element could not be located on the page using the given search parameters\n\tat io.appium.uiautomator2.utils.ElementLocationHelpers.findElement(ElementLocationHelpers.java:156)\n\tat io.appium.uiautomator2.handler.FindElement.safeHandle(FindElement.java:60)\n\tat io.appium.uiautomator2.handler.request.SafeRequestHandler.handle(SafeRequestHandler.java:59)\n\tat io.appium.uiautomator2.server.AppiumServlet.handleRequest(AppiumServlet.java:259)\n\tat io.appium.uiautomator2.server.AppiumServlet.handleHttpRequest(AppiumServlet.java:253)\n\tat io.appium.uiautomator2.http.ServerHandler.channelRead(ServerHandler.java:77)\n\tat io.netty.channel.AbstractChannelHandlerContext.invokeChannelRead(AbstractChannelHandlerContext.java:374)\n\tat io.netty.channel.AbstractChannelHandlerContext.invokeChannelRead(AbstractChannelHandlerContext.java:360)\n\tat io.netty.channel.AbstractChannelHandlerContext.fireChannelRead(AbstractChannelHandlerContext.java:352)\n\tat io.netty.handler.codec.MessageToMessageDecoder.channelRead(MessageToMessageDecoder.java:102)\n\tat io.netty.channel.AbstractChannelHandlerContext.invokeChannelRead(AbstractChannelHandlerContext.java:374)\n\tat io.netty.channel.AbstractChannelHandlerContext.invokeChannelRead(AbstractChannelHandlerContext.java:360)\n\tat io.netty.channel.AbstractChannelHandlerContext.fireChannelRead(AbstractChannelHandlerContext.java:352)\n\tat io.netty.channel.CombinedChannelDuplexHandler$DelegatingChannelHandlerContext.fireChannelRead(CombinedChannelDuplexHandler.java:438)\n\tat io.netty.handler.codec.ByteToMessageDecoder.fireChannelRead(ByteToMessageDecoder.java:328)\n\tat io.netty.handler.codec.ByteToMessageDecoder.channelRead(ByteToMessageDecoder.java:302)\n\tat io.netty.channel.CombinedChannelDuplexHandler.channelRead(CombinedChannelDuplexHandler.java:253)\n\tat io.netty.channel.AbstractChannelHandlerContext.invokeChannelRead(AbstractChannelHandlerContext.java:374)\n\tat io.netty.channel.AbstractChannelHandlerContext.invokeChannelRead(AbstractChannelHandlerContext.java:360)\n\tat io.netty.channel.AbstractChannelHandlerContext.fireChannelRead(AbstractChannelHandlerContext.java:352)\n\tat io.netty.handler.timeout.IdleStateHandler.channelRead(IdleStateHandler.java:287)\n\tat io.netty.channel.AbstractChannelHandlerContext.invokeChannelRead(AbstractChannelHandlerContext.java:374)\n\tat io.netty.channel.AbstractChannelHandlerContext.invokeChannelRead(AbstractChannelHandlerContext.java:360)\n\tat io.netty.channel.AbstractChannelHandlerContext.fireChannelRead(AbstractChannelHandlerContext.java:352)\n\tat io.netty.channel.DefaultChannelPipeline$HeadContext.channelRead(DefaultChannelPipeline.java:1422)\n\tat io.netty.channel.AbstractChannelHandlerContext.invokeChannelRead(AbstractChannelHandlerContext.java:374)\n\tat io.netty.channel.AbstractChannelHandlerContext.invokeChannelRead(AbstractChannelHandlerContext.java:360)\n\tat io.netty.channel.DefaultChannelPipeline.fireChannelRead(DefaultChannelPipeline.java:931)\n\tat io.netty.channel.nio.AbstractNioByteChannel$NioByteUnsafe.read(AbstractNioByteChannel.java:163)\n\tat io.netty.channel.nio.NioEventLoop.processSelectedKey(NioEventLoop.java:700)\n\tat io.netty.channel.nio.NioEventLoop.processSelectedKeysOptimized(NioEventLoop.java:635)\n\tat io.netty.channel.nio.NioEventLoop.processSelectedKeys(NioEventLoop.java:552)\n\tat io.netty.channel.nio.NioEventLoop.run(NioEventLoop.java:514)\n\tat io.netty.util.concurrent.SingleThreadEventExecutor$6.run(SingleThreadEventExecutor.java:1044)\n\tat io.netty.util.internal.ThreadExecutorMap$2.run(ThreadExecutorMap.java:74)\n\tat io.netty.util.concurrent.FastThreadLocalRunnable.run(FastThreadLocalRunnable.java:30)\n\tat java.lang.Thread.run(Thread.java:923)\n"}}
06-12 16:27:18.210 D/dvb_iptv(  405): ReadEmmNetworkTask[1537]: EMM Select Timeout Occured 52
06-12 16:27:18.286 D/stbdpc  (  405): STB_DPGetNumPaths[570]: num_paths: 1
06-12 16:27:18.386 I/chatty  (  405): uid=0(root) DK-SiCntrl identical 1 line
06-12 16:27:18.486 D/stbdpc  (  405): STB_DPGetNumPaths[570]: num_paths: 1
06-12 16:27:18.552 I/ThermalService(  986): CPU temperatures: [67.8]
06-12 16:27:18.587 D/stbdpc  (  405): STB_DPGetNumPaths[570]: num_paths: 1
06-12 16:27:18.642 D/JioStbInactivityTimer(  933): Timer: count 22 warningTimeout:10680 timeout:10800
06-12 16:27:18.643 D/JioStbInactivityTimer(  933): isUserActive: Curr:5890535 Prev:5890535
06-12 16:27:18.687 D/stbdpc  (  405): STB_DPGetNumPaths[570]: num_paths: 1
06-12 16:27:18.710 D/dvb_iptv(  405): ReadEmmNetworkTask[1537]: EMM Select Timeout Occured 53
06-12 16:27:18.727 I/appium  ( 5517): channel read: POST /session/b2e32144-1036-4d8b-9ad0-1bf0f19eb06e/element
06-12 16:27:18.729 I/appium  ( 5517): FindElement command
