06-12 15:05:59.440 E/ThemeUtils( 9073): View class androidx.appcompat.widget.AppCompatImageView is an AppCompat widget that can only be used with a Theme.AppCompat theme (or descendant).
06-12 15:05:59.469 E/ThemeUtils( 9073): View class com.sonyliv.onboarding.customview.TextViewWithFont is an AppCompat widget that can only be used with a Theme.AppCompat theme (or descendant).
06-12 15:05:59.474 E/ThemeUtils( 9073): View class androidx.appcompat.widget.AppCompatImageView is an AppCompat widget that can only be used with a Theme.AppCompat theme (or descendant).
06-12 15:05:59.486 E/ThemeUtils( 9073): View class com.sonyliv.onboarding.customview.TextViewWithFont is an AppCompat widget that can only be used with a Theme.AppCompat theme (or descendant).
06-12 15:05:59.487 E/ThemeUtils( 9073): View class androidx.appcompat.widget.AppCompatImageView is an AppCompat widget that can only be used with a Theme.AppCompat theme (or descendant).
06-12 15:05:59.502 E/ThemeUtils( 9073): View class com.sonyliv.onboarding.customview.TextViewWithFont is an AppCompat widget that can only be used with a Theme.AppCompat theme (or descendant).
06-12 15:05:59.515 E/ThemeUtils( 9073): View class androidx.appcompat.widget.AppCompatImageView is an AppCompat widget that can only be used with a Theme.AppCompat theme (or descendant).
06-12 15:05:59.527 E/ThemeUtils( 9073): View class com.sonyliv.onboarding.customview.TextViewWithFont is an AppCompat widget that can only be used with a Theme.AppCompat theme (or descendant).
06-12 15:05:59.531 D/stbdpc  (  405): STB_DPGetNumPaths[570]: num_paths: 1
06-12 15:05:59.532 I/lowmemorykiller(  233): medium memory pressure event is triggered for new strategy
06-12 15:05:59.533 D/lowmemorykiller(  233): LMKD mp_event_psi kill_reasons available are PRESSURE_AFTER_KILL, NOT_RESPONDING, LOW_SWAP_AND_THRASHING, LOW_MEM_AND_SWAP, LOW_MEM_AND_THRASHING, DIRECT_RECL_AND_THRASHING
06-12 15:05:59.533 D/lowmemorykiller(  233): LMKD mp_event_psi kill_reason received= -1
06-12 15:05:59.550 I/ActivityManager(  632): Force stopping io.appium.uiautomator2.server appid=10096 user=0: from pid 9419
06-12 15:05:59.556 E/ThemeUtils( 9073): View class androidx.appcompat.widget.AppCompatImageView is an AppCompat widget that can only be used with a Theme.AppCompat theme (or descendant).
06-12 15:05:59.556 D/JioSettings( 1858): PackageResetBroadcastReceiver::onReceive: intent->>> android.intent.action.PACKAGE_RESTARTED, reset package: package:io.appium.uiautomator2.server
06-12 15:05:59.556 D/JioSettings( 1858): Reset package: package:io.appium.uiautomator2.server
06-12 15:05:59.567 I/ActivityManager(  632): Force stopping io.appium.uiautomator2.server.test appid=10095 user=0: from pid 9420
06-12 15:05:59.570 E/ThemeUtils( 9073): View class com.sonyliv.onboarding.customview.TextViewWithFont is an AppCompat widget that can only be used with a Theme.AppCompat theme (or descendant).
06-12 15:05:59.572 I/cmd     ( 9420): oneway function results will be dropped but finished with status OK and parcel size 4
06-12 15:05:59.574 D/JioSettings( 1858): PackageResetBroadcastReceiver::onReceive: intent->>> android.intent.action.PACKAGE_RESTARTED, reset package: package:io.appium.uiautomator2.server.test
06-12 15:05:59.574 D/JioSettings( 1858): Reset package: package:io.appium.uiautomator2.server.test
06-12 15:05:59.590 E/ThemeUtils( 9073): View class androidx.appcompat.widget.AppCompatImageView is an AppCompat widget that can only be used with a Theme.AppCompat theme (or descendant).
06-12 15:05:59.621 E/ThemeUtils( 9073): View class com.google.android.material.imageview.ShapeableImageView is an AppCompat widget that can only be used with a Theme.AppCompat theme (or descendant).
06-12 15:05:59.631 D/stbdpc  (  405): STB_DPGetNumPaths[570]: num_paths: 1
06-12 15:05:59.633 I/lowmemorykiller(  233): medium memory pressure event is triggered for new strategy
06-12 15:05:59.635 D/dvb_iptv(  405): ReadEmmNetworkTask[1537]: EMM Select Timeout Occured 35
06-12 15:05:59.718 E/ThemeUtils( 9073): View class androidx.appcompat.widget.AppCompatImageView is an AppCompat widget that can only be used with a Theme.AppCompat theme (or descendant).
06-12 15:05:59.731 D/stbdpc  (  405): STB_DPGetNumPaths[570]: num_paths: 1
06-12 15:05:59.733 I/lowmemorykiller(  233): medium memory pressure event is triggered for new strategy
06-12 15:05:59.733 D/lowmemorykiller(  233): LMKD mp_event_psi kill_reasons available are PRESSURE_AFTER_KILL, NOT_RESPONDING, LOW_SWAP_AND_THRASHING, LOW_MEM_AND_SWAP, LOW_MEM_AND_THRASHING, DIRECT_RECL_AND_THRASHING
06-12 15:05:59.733 D/lowmemorykiller(  233): LMKD mp_event_psi kill_reason received= -1
06-12 15:05:59.740 E/ThemeUtils( 9073): View class com.sonyliv.onboarding.customview.TextViewWithFont is an AppCompat widget that can only be used with a Theme.AppCompat theme (or descendant).
06-12 15:05:59.785 E/ThemeUtils( 9073): View class com.sonyliv.onboarding.customview.TextViewWithFont is an AppCompat widget that can only be used with a Theme.AppCompat theme (or descendant).
06-12 15:05:59.789 E/ThemeUtils( 9073): View class com.google.android.material.imageview.ShapeableImageView is an AppCompat widget that can only be used with a Theme.AppCompat theme (or descendant).
06-12 15:05:59.791 E/ThemeUtils( 9073): View class androidx.appcompat.widget.AppCompatImageView is an AppCompat widget that can only be used with a Theme.AppCompat theme (or descendant).
06-12 15:05:59.801 E/ThemeUtils( 9073): View class com.sonyliv.onboarding.customview.TextViewWithFont is an AppCompat widget that can only be used with a Theme.AppCompat theme (or descendant).
06-12 15:05:59.808 E/ThemeUtils( 9073): View class com.sonyliv.onboarding.customview.TextViewWithFont is an AppCompat widget that can only be used with a Theme.AppCompat theme (or descendant).
06-12 15:05:59.811 I/m.jiotv.sonyli( 9073): Background young concurrent copying GC freed 241595(10MB) AllocSpace objects, 65(1988KB) LOS objects, 22% free, 20MB/26MB, paused 251us total 722.370ms
06-12 15:05:59.818 D/rtk_heartbeat(  351): heartbeat_timed_out: heartbeatCmdCount = 1012, expected nextSeqNum = 1012
06-12 15:05:59.824 D/rtk_heartbeat(  351): rtkbt_heartbeat_cmpl_cback: Current SeqNum = 1012,should SeqNum=1012, status = 0
06-12 15:05:59.832 D/stbdpc  (  405): STB_DPGetNumPaths[570]: num_paths: 1
06-12 15:05:59.833 I/lowmemorykiller(  233): medium memory pressure event is triggered for new strategy
06-12 15:05:59.834 D/lowmemorykiller(  233): LMKD mp_event_psi kill_reasons available are PRESSURE_AFTER_KILL, NOT_RESPONDING, LOW_SWAP_AND_THRASHING, LOW_MEM_AND_SWAP, LOW_MEM_AND_THRASHING, DIRECT_RECL_AND_THRASHING
06-12 15:05:59.834 D/lowmemorykiller(  233): LMKD mp_event_psi kill_reason received= -1
06-12 15:05:59.841 I/CleverTapResponse( 9073): Done processing response!
06-12 15:05:59.899 I/cmd     ( 9441): oneway function results will be dropped but finished with status OK and parcel size 4
06-12 15:05:59.932 D/stbdpc  (  405): STB_DPGetNumPaths[570]: num_paths: 1
06-12 15:05:59.934 I/lowmemorykiller(  233): medium memory pressure event is triggered for new strategy
06-12 15:06:00.032 D/stbdpc  (  405): STB_DPGetNumPaths[570]: num_paths: 1
06-12 15:06:00.034 I/lowmemorykiller(  233): medium memory pressure event is triggered for new strategy
06-12 15:06:00.034 D/lowmemorykiller(  233): LMKD mp_event_psi kill_reasons available are PRESSURE_AFTER_KILL, NOT_RESPONDING, LOW_SWAP_AND_THRASHING, LOW_MEM_AND_SWAP, LOW_MEM_AND_THRASHING, DIRECT_RECL_AND_THRASHING
06-12 15:06:00.034 D/lowmemorykiller(  233): LMKD mp_event_psi kill_reason received= -1
06-12 15:06:00.132 D/stbdpc  (  405): STB_DPGetNumPaths[570]: num_paths: 1
06-12 15:06:00.134 I/lowmemorykiller(  233): medium memory pressure event is triggered for new strategy
06-12 15:06:00.135 D/lowmemorykiller(  233): LMKD mp_event_psi kill_reasons available are PRESSURE_AFTER_KILL, NOT_RESPONDING, LOW_SWAP_AND_THRASHING, LOW_MEM_AND_SWAP, LOW_MEM_AND_THRASHING, DIRECT_RECL_AND_THRASHING
06-12 15:06:00.135 D/lowmemorykiller(  233): LMKD mp_event_psi kill_reason received= -1
06-12 15:06:00.136 D/dvb_iptv(  405): ReadEmmNetworkTask[1537]: EMM Select Timeout Occured 36
06-12 15:06:00.214 I/m.jiotv.sonyli( 9073): oneway function results will be dropped but finished with status OK and parcel size 4
06-12 15:06:00.218 D/JioStbInactivityTimer(  933): Timer: count 142 warningTimeout:10680 timeout:10800
06-12 15:06:00.219 D/JioStbInactivityTimer(  933): isUserActive: Curr:891902 Prev:891902
06-12 15:06:00.222 I/e.swalekh.abct( 1336): oneway function results will be dropped but finished with status OK and parcel size 4
06-12 15:06:00.232 D/stbdpc  (  405): STB_DPGetNumPaths[570]: num_paths: 1
06-12 15:06:00.235 I/lowmemorykiller(  233): medium memory pressure event is triggered for new strategy
06-12 15:06:00.235 D/lowmemorykiller(  233): LMKD mp_event_psi kill_reasons available are PRESSURE_AFTER_KILL, NOT_RESPONDING, LOW_SWAP_AND_THRASHING, LOW_MEM_AND_SWAP, LOW_MEM_AND_THRASHING, DIRECT_RECL_AND_THRASHING
06-12 15:06:00.235 D/lowmemorykiller(  233): LMKD mp_event_psi kill_reason received= -1
06-12 15:06:00.236 D/JioSTBMRServer-SERVICE( 3304): InetSocketAddress(InetAddress.getByName(inetAddress.hostAddress)-/192.168.1.255
06-12 15:06:00.236 D/JioSTBMRServer-SERVICE( 3304): #beacon:RKISBFJ60000097:0:false:0:1:SV=181024 , 192.168.1.255
06-12 15:06:00.246 D/JioSTBMRServer-SERVICE( 3304): InetSocketAddress(InetAddress.getByName(inetAddress.hostAddress)-/192.168.1.255
06-12 15:06:00.246 D/JioSTBMRServer-SERVICE( 3304): #broadcast IP:192.168.1.255
06-12 15:06:00.257 E/WifiVendorHal(  632): getWifiLinkLayerStats_1_3_Internal(l.973) failed {.code = ERROR_UNKNOWN, .description = unknown error}
06-12 15:06:00.332 D/stbdpc  (  405): STB_DPGetNumPaths[570]: num_paths: 1
06-12 15:06:00.335 I/lowmemorykiller(  233): medium memory pressure event is triggered for new strategy
06-12 15:06:00.336 F/linker  ( 9450): CANNOT LINK EXECUTABLE "/system/bin/smartcable/smartCableSTBApp": library "libmosquitto.so" not found: needed by main executable
06-12 15:06:00.348 E/ocessService0:( 2273): failed to create Unix domain socket: Operation not permitted
06-12 15:06:00.390 I/DrmUtils( 8889): found android.hardware.drm@1.0::IDrmFactory clearkey
06-12 15:06:00.394 I/DrmUtils( 8889): found android.hardware.drm@1.0::IDrmFactory verimatrix
06-12 15:06:00.395 I/DrmUtils( 8889): found android.hardware.drm@1.0::IDrmFactory widevine
06-12 15:06:00.399 I/DrmUtils( 8889): found android.hardware.drm@1.0::IDrmFactory youtube
06-12 15:06:00.405 I/ThermalService(  986): CPU temperatures: [66.600006]
06-12 15:06:00.406 I/DrmUtils( 8889): found android.hardware.drm@1.1::IDrmFactory clearkey
06-12 15:06:00.415 I/DrmUtils( 8889): found android.hardware.drm@1.1::IDrmFactory verimatrix
06-12 15:06:00.422 I/DrmUtils( 8889): found android.hardware.drm@1.1::IDrmFactory widevine
06-12 15:06:00.423 I/DrmUtils( 8889): found android.hardware.drm@1.1::IDrmFactory youtube
06-12 15:06:00.428 I/DrmUtils( 8889): found android.hardware.drm@1.2::IDrmFactory clearkey
06-12 15:06:00.431 I/DrmUtils( 8889): found android.hardware.drm@1.2::IDrmFactory verimatrix
06-12 15:06:00.433 I/DrmUtils( 8889): found android.hardware.drm@1.2::IDrmFactory widevine
06-12 15:06:00.433 D/stbdpc  (  405): STB_DPGetNumPaths[570]: num_paths: 1
06-12 15:06:00.434 I/DrmUtils( 8889): found android.hardware.drm@1.2::IDrmFactory youtube
06-12 15:06:00.436 I/lowmemorykiller(  233): medium memory pressure event is triggered for new strategy
06-12 15:06:00.436 D/lowmemorykiller(  233): LMKD mp_event_psi kill_reasons available are PRESSURE_AFTER_KILL, NOT_RESPONDING, LOW_SWAP_AND_THRASHING, LOW_MEM_AND_SWAP, LOW_MEM_AND_THRASHING, DIRECT_RECL_AND_THRASHING
06-12 15:06:00.436 D/lowmemorykiller(  233): LMKD mp_event_psi kill_reason received= -1
06-12 15:06:00.440 I/DrmUtils( 8889): found android.hardware.drm@1.3::IDrmFactory clearkey
06-12 15:06:00.441 I/DrmUtils( 8889): found android.hardware.drm@1.3::IDrmFactory verimatrix
06-12 15:06:00.443 I/DrmUtils( 8889): found android.hardware.drm@1.3::IDrmFactory widevine
06-12 15:06:00.445 I/DrmUtils( 8889): found android.hardware.drm@1.3::IDrmFactory youtube
06-12 15:06:00.445 W/android.hardware.drm@1.3-service.youtube(  361): isCryptoSchemeSupported, false
06-12 15:06:00.452 I/DrmUtils( 8889): found android.hardware.drm@1.0::IDrmFactory clearkey
06-12 15:06:00.456 I/DrmUtils( 8889): found android.hardware.drm@1.0::IDrmFactory verimatrix
06-12 15:06:00.458 I/DrmUtils( 8889): found android.hardware.drm@1.0::IDrmFactory widevine
06-12 15:06:00.459 I/DrmUtils( 8889): found android.hardware.drm@1.0::IDrmFactory youtube
06-12 15:06:00.461 I/DrmUtils( 8889): found android.hardware.drm@1.1::IDrmFactory clearkey
06-12 15:06:00.463 I/DrmUtils( 8889): found android.hardware.drm@1.1::IDrmFactory verimatrix
06-12 15:06:00.467 I/DrmUtils( 8889): found android.hardware.drm@1.1::IDrmFactory widevine
06-12 15:06:00.469 I/DrmUtils( 8889): found android.hardware.drm@1.1::IDrmFactory youtube
06-12 15:06:00.472 I/DrmUtils( 8889): found android.hardware.drm@1.2::IDrmFactory clearkey
06-12 15:06:00.476 I/DrmUtils( 8889): found android.hardware.drm@1.2::IDrmFactory verimatrix
06-12 15:06:00.480 I/DrmUtils( 8889): found android.hardware.drm@1.2::IDrmFactory widevine
06-12 15:06:00.487 I/DrmUtils( 8889): found android.hardware.drm@1.2::IDrmFactory youtube
06-12 15:06:00.491 I/DrmUtils( 8889): found android.hardware.drm@1.3::IDrmFactory clearkey
06-12 15:06:00.492 I/DrmUtils( 8889): found android.hardware.drm@1.3::IDrmFactory verimatrix
06-12 15:06:00.497 I/DrmUtils( 8889): found android.hardware.drm@1.3::IDrmFactory widevine
06-12 15:06:00.498 I/DrmUtils( 8889): found android.hardware.drm@1.3::IDrmFactory youtube
06-12 15:06:00.498 W/android.hardware.drm@1.3-service.youtube(  361): isCryptoSchemeSupported, false
06-12 15:06:00.499 I/WVCdm   (  356): [app][com.zee5.aosp] calling virtual Return<void> wvdrm::hardware::drm::V1_3::widevine::WVDrmFactory::createPlugin(const hidl_array<uint8_t, 16> &, const android::hardware::hidl_string &, android::hardware::drm::V1_3::IDrmFactory::createPlugin_cb)
06-12 15:06:00.503 I/DrmUtils( 8889): found android.hardware.drm@1.0::IDrmFactory clearkey
06-12 15:06:00.505 I/DrmUtils( 8889): found android.hardware.drm@1.0::IDrmFactory verimatrix
06-12 15:06:00.509 I/DrmUtils( 8889): found android.hardware.drm@1.0::IDrmFactory widevine
06-12 15:06:00.510 I/DrmUtils( 8889): found android.hardware.drm@1.0::IDrmFactory youtube
06-12 15:06:00.513 I/DrmUtils( 8889): found android.hardware.drm@1.1::IDrmFactory clearkey
06-12 15:06:00.520 I/DrmUtils( 8889): found android.hardware.drm@1.1::IDrmFactory verimatrix
06-12 15:06:00.522 I/DrmUtils( 8889): found android.hardware.drm@1.1::IDrmFactory widevine
06-12 15:06:00.524 I/DrmUtils( 8889): found android.hardware.drm@1.1::IDrmFactory youtube
06-12 15:06:00.526 I/DrmUtils( 8889): found android.hardware.drm@1.2::IDrmFactory clearkey
06-12 15:06:00.528 I/DrmUtils( 8889): found android.hardware.drm@1.2::IDrmFactory verimatrix
06-12 15:06:00.530 I/DrmUtils( 8889): found android.hardware.drm@1.2::IDrmFactory widevine
06-12 15:06:00.532 I/DrmUtils( 8889): found android.hardware.drm@1.2::IDrmFactory youtube
06-12 15:06:00.533 D/stbdpc  (  405): STB_DPGetNumPaths[570]: num_paths: 1
06-12 15:06:00.537 I/DrmUtils( 8889): found android.hardware.drm@1.3::IDrmFactory clearkey
06-12 15:06:00.538 I/DrmUtils( 8889): found android.hardware.drm@1.3::IDrmFactory verimatrix
06-12 15:06:00.539 I/DrmUtils( 8889): found android.hardware.drm@1.3::IDrmFactory widevine
06-12 15:06:00.546 I/DrmUtils( 8889): found android.hardware.drm@1.3::IDrmFactory youtube
06-12 15:06:00.547 W/android.hardware.drm@1.3-service.youtube(  361): isCryptoSchemeSupported, false
06-12 15:06:00.549 E/Verimatrix DRMFactory(  355): ::isCryptoSchemeSupported
06-12 15:06:00.549 E/UUID    (  355): ::isVerimatrixUUID
06-12 15:06:00.550 E/UUID    (  355): 0x9a 
06-12 15:06:00.550 E/UUID    (  355): 0x04 
06-12 15:06:00.550 E/UUID    (  355): 0xf0 
06-12 15:06:00.550 E/UUID    (  355): 0x79 
06-12 15:06:00.550 E/UUID    (  355): 0x98 
06-12 15:06:00.550 E/UUID    (  355): 0x40 
06-12 15:06:00.550 E/UUID    (  355): 0x42 
06-12 15:06:00.550 E/UUID    (  355): 0x86 
06-12 15:06:00.550 E/UUID    (  355): 0xab 
06-12 15:06:00.550 E/UUID    (  355): 0x92 
06-12 15:06:00.550 E/UUID    (  355): 0xe6 
06-12 15:06:00.550 E/UUID    (  355): 0x5b 
06-12 15:06:00.550 E/UUID    (  355): 0xe0 
06-12 15:06:00.550 E/UUID    (  355): 0x88 
06-12 15:06:00.550 E/UUID    (  355): 0x5f 
06-12 15:06:00.550 E/UUID    (  355): 0x95 
06-12 15:06:00.550 W/android.hardware.drm@1.3-service.youtube(  361): isCryptoSchemeSupported, false
06-12 15:06:00.551 E/Verimatrix DRMFactory(  355): ::isCryptoSchemeSupported
06-12 15:06:00.551 E/UUID    (  355): ::isVerimatrixUUID
06-12 15:06:00.551 E/UUID    (  355): 0x9a 
06-12 15:06:00.551 E/UUID    (  355): 0x04 
06-12 15:06:00.551 E/UUID    (  355): 0xf0 
06-12 15:06:00.551 E/UUID    (  355): 0x79 
06-12 15:06:00.551 E/UUID    (  355): 0x98 
06-12 15:06:00.551 E/UUID    (  355): 0x40 
06-12 15:06:00.551 E/UUID    (  355): 0x42 
06-12 15:06:00.551 E/UUID    (  355): 0x86 
06-12 15:06:00.551 E/UUID    (  355): 0xab 
06-12 15:06:00.551 E/UUID    (  355): 0x92 
06-12 15:06:00.551 E/UUID    (  355): 0xe6 
06-12 15:06:00.551 E/UUID    (  355): 0x5b 
06-12 15:06:00.551 E/UUID    (  355): 0xe0 
06-12 15:06:00.551 E/UUID    (  355): 0x88 
06-12 15:06:00.551 E/UUID    (  355): 0x5f 
06-12 15:06:00.551 E/UUID    (  355): 0x95 
06-12 15:06:00.552 W/android.hardware.drm@1.3-service.youtube(  361): isCryptoSchemeSupported, false
06-12 15:06:00.552 E/Verimatrix DRMFactory(  355): ::isCryptoSchemeSupported
06-12 15:06:00.552 E/UUID    (  355): ::isVerimatrixUUID
06-12 15:06:00.553 E/UUID    (  355): 0x9a 
06-12 15:06:00.553 E/UUID    (  355): 0x04 
06-12 15:06:00.553 E/UUID    (  355): 0xf0 
06-12 15:06:00.553 E/UUID    (  355): 0x79 
06-12 15:06:00.553 E/UUID    (  355): 0x98 
06-12 15:06:00.553 E/UUID    (  355): 0x40 
06-12 15:06:00.553 E/UUID    (  355): 0x42 
06-12 15:06:00.553 E/UUID    (  355): 0x86 
06-12 15:06:00.553 E/UUID    (  355): 0xab 
06-12 15:06:00.553 E/UUID    (  355): 0x92 
06-12 15:06:00.553 E/UUID    (  355): 0xe6 
06-12 15:06:00.553 E/UUID    (  355): 0x5b 
06-12 15:06:00.553 E/UUID    (  355): 0xe0 
06-12 15:06:00.553 E/UUID    (  355): 0x88 
06-12 15:06:00.553 E/UUID    (  355): 0x5f 
06-12 15:06:00.553 E/UUID    (  355): 0x95 
06-12 15:06:00.553 W/android.hardware.drm@1.3-service.youtube(  361): isCryptoSchemeSupported, false
06-12 15:06:00.554 E/Verimatrix DRMFactory(  355): ::isCryptoSchemeSupported
06-12 15:06:00.554 E/UUID    (  355): ::isVerimatrixUUID
06-12 15:06:00.554 E/UUID    (  355): 0x9a 
06-12 15:06:00.554 E/UUID    (  355): 0x04 
06-12 15:06:00.554 E/UUID    (  355): 0xf0 
06-12 15:06:00.554 E/UUID    (  355): 0x79 
06-12 15:06:00.554 E/UUID    (  355): 0x98 
06-12 15:06:00.554 E/UUID    (  355): 0x40 
06-12 15:06:00.554 E/UUID    (  355): 0x42 
06-12 15:06:00.554 E/UUID    (  355): 0x86 
06-12 15:06:00.554 E/UUID    (  355): 0xab 
06-12 15:06:00.554 E/UUID    (  355): 0x92 
06-12 15:06:00.554 E/UUID    (  355): 0xe6 
06-12 15:06:00.554 E/UUID    (  355): 0x5b 
06-12 15:06:00.554 E/UUID    (  355): 0xe0 
06-12 15:06:00.554 E/UUID    (  355): 0x88 
06-12 15:06:00.554 E/UUID    (  355): 0x5f 
06-12 15:06:00.554 E/UUID    (  355): 0x95 
06-12 15:06:00.561 I/DrmUtils( 8889): found android.hardware.drm@1.0::IDrmFactory clearkey
06-12 15:06:00.565 I/DrmUtils( 8889): found android.hardware.drm@1.0::IDrmFactory verimatrix
06-12 15:06:00.567 I/DrmUtils( 8889): found android.hardware.drm@1.0::IDrmFactory widevine
06-12 15:06:00.568 I/DrmUtils( 8889): found android.hardware.drm@1.0::IDrmFactory youtube
06-12 15:06:00.571 I/DrmUtils( 8889): found android.hardware.drm@1.1::IDrmFactory clearkey
06-12 15:06:00.573 I/DrmUtils( 8889): found android.hardware.drm@1.1::IDrmFactory verimatrix
06-12 15:06:00.576 I/DrmUtils( 8889): found android.hardware.drm@1.1::IDrmFactory widevine
06-12 15:06:00.578 I/DrmUtils( 8889): found android.hardware.drm@1.1::IDrmFactory youtube
06-12 15:06:00.582 I/DrmUtils( 8889): found android.hardware.drm@1.2::IDrmFactory clearkey
06-12 15:06:00.584 I/DrmUtils( 8889): found android.hardware.drm@1.2::IDrmFactory verimatrix
06-12 15:06:00.586 I/DrmUtils( 8889): found android.hardware.drm@1.2::IDrmFactory widevine
06-12 15:06:00.587 I/DrmUtils( 8889): found android.hardware.drm@1.2::IDrmFactory youtube
06-12 15:06:00.590 I/DrmUtils( 8889): found android.hardware.drm@1.3::IDrmFactory clearkey
06-12 15:06:00.592 I/DrmUtils( 8889): found android.hardware.drm@1.3::IDrmFactory verimatrix
06-12 15:06:00.593 I/DrmUtils( 8889): found android.hardware.drm@1.3::IDrmFactory widevine
06-12 15:06:00.596 I/DrmUtils( 8889): found android.hardware.drm@1.3::IDrmFactory youtube
06-12 15:06:00.596 W/android.hardware.drm@1.3-service.youtube(  361): isCryptoSchemeSupported, false
06-12 15:06:00.597 E/Verimatrix DRMFactory(  355): ::isCryptoSchemeSupported
06-12 15:06:00.597 E/UUID    (  355): ::isVerimatrixUUID
06-12 15:06:00.597 E/UUID    (  355): 0xe2 
06-12 15:06:00.597 E/UUID    (  355): 0x71 
06-12 15:06:00.597 E/UUID    (  355): 0x9d 
06-12 15:06:00.597 E/UUID    (  355): 0x58 
06-12 15:06:00.597 E/UUID    (  355): 0xa9 
06-12 15:06:00.597 E/UUID    (  355): 0x85 
06-12 15:06:00.597 E/UUID    (  355): 0xb3 
06-12 15:06:00.597 E/UUID    (  355): 0xc9 
06-12 15:06:00.597 E/UUID    (  355): 0x78 
06-12 15:06:00.597 E/UUID    (  355): 0x1a 
06-12 15:06:00.597 E/UUID    (  355): 0xb0 
06-12 15:06:00.597 E/UUID    (  355): 0x30 
06-12 15:06:00.597 E/UUID    (  355): 0xaf 
06-12 15:06:00.597 E/UUID    (  355): 0x78 
06-12 15:06:00.598 E/UUID    (  355): 0xd3 
06-12 15:06:00.598 E/UUID    (  355): 0x0e 
06-12 15:06:00.602 I/DrmUtils( 8889): found android.hardware.drm@1.0::IDrmFactory clearkey
06-12 15:06:00.604 I/DrmUtils( 8889): found android.hardware.drm@1.0::IDrmFactory verimatrix
06-12 15:06:00.605 I/MetricsTransmissionManager( 3328): typeOfFilesLoaded: KPI, numberOfFilesLoaded: 1
06-12 15:06:00.606 I/DrmUtils( 8889): found android.hardware.drm@1.0::IDrmFactory widevine
06-12 15:06:00.609 I/DrmUtils( 8889): found android.hardware.drm@1.0::IDrmFactory youtube
06-12 15:06:00.610 I/MetricsTransmissionManager( 3328): typeOfFilesLoaded: non_KPI, numberOfFilesLoaded: 6
06-12 15:06:00.610 I/MetricsTransmissionManager( 3328): Transmitter.run....Rescheduling next transmission.
06-12 15:06:00.610 I/MetricsTransmissionManager( 3328): transmitKPIMetricBatch started
06-12 15:06:00.612 I/DrmUtils( 8889): found android.hardware.drm@1.1::IDrmFactory clearkey
06-12 15:06:00.613 I/BoundedBatchFileQueue( 3328): batch file deleted: KPIBATCH_us-east-1_0001
06-12 15:06:00.614 I/DrmUtils( 8889): found android.hardware.drm@1.1::IDrmFactory verimatrix
06-12 15:06:00.616 I/DrmUtils( 8889): found android.hardware.drm@1.1::IDrmFactory widevine
06-12 15:06:00.619 I/DrmUtils( 8889): found android.hardware.drm@1.1::IDrmFactory youtube
06-12 15:06:00.622 I/DrmUtils( 8889): found android.hardware.drm@1.2::IDrmFactory clearkey
06-12 15:06:00.624 I/DrmUtils( 8889): found android.hardware.drm@1.2::IDrmFactory verimatrix
06-12 15:06:00.627 I/DrmUtils( 8889): found android.hardware.drm@1.2::IDrmFactory widevine
06-12 15:06:00.629 I/DrmUtils( 8889): found android.hardware.drm@1.2::IDrmFactory youtube
06-12 15:06:00.633 D/stbdpc  (  405): STB_DPGetNumPaths[570]: num_paths: 1
06-12 15:06:00.634 I/DrmUtils( 8889): found android.hardware.drm@1.3::IDrmFactory clearkey
06-12 15:06:00.636 D/dvb_iptv(  405): ReadEmmNetworkTask[1537]: EMM Select Timeout Occured 37
06-12 15:06:00.637 I/DrmUtils( 8889): found android.hardware.drm@1.3::IDrmFactory verimatrix
06-12 15:06:00.638 I/DrmUtils( 8889): found android.hardware.drm@1.3::IDrmFactory widevine
06-12 15:06:00.640 I/DrmUtils( 8889): found android.hardware.drm@1.3::IDrmFactory youtube
06-12 15:06:00.640 W/android.hardware.drm@1.3-service.youtube(  361): isCryptoSchemeSupported, false
06-12 15:06:00.640 E/Verimatrix DRMFactory(  355): ::isCryptoSchemeSupported
06-12 15:06:00.640 E/UUID    (  355): ::isVerimatrixUUID
06-12 15:06:00.640 E/UUID    (  355): 0xe2 
06-12 15:06:00.640 E/UUID    (  355): 0x71 
06-12 15:06:00.640 E/UUID    (  355): 0x9d 
06-12 15:06:00.640 E/UUID    (  355): 0x58 
06-12 15:06:00.640 E/UUID    (  355): 0xa9 
06-12 15:06:00.640 E/UUID    (  355): 0x85 
06-12 15:06:00.640 E/UUID    (  355): 0xb3 
06-12 15:06:00.640 E/UUID    (  355): 0xc9 
06-12 15:06:00.640 E/UUID    (  355): 0x78 
06-12 15:06:00.640 E/UUID    (  355): 0x1a 
06-12 15:06:00.640 E/UUID    (  355): 0xb0 
06-12 15:06:00.640 E/UUID    (  355): 0x30 
06-12 15:06:00.640 E/UUID    (  355): 0xaf 
06-12 15:06:00.640 E/UUID    (  355): 0x78 
06-12 15:06:00.640 E/UUID    (  355): 0xd3 
06-12 15:06:00.640 E/UUID    (  355): 0x0e 
06-12 15:06:00.643 D/hidl_ClearKeySessionLibrary(  354): Instantiating Session Library Singleton.
06-12 15:06:00.645 I/m.jiotv.sonyli( 9073): ThreadFlipBegin blocked for 71.431ms
06-12 15:06:00.648 I/m.jiotv.sonyli( 9073): IncrementDisableThreadFlip blocked for 17.316ms
06-12 15:06:00.654 I/m.jiotv.sonyli( 9073): IncrementDisableThreadFlip blocked for 9.372ms
06-12 15:06:00.666 E/TaskPersister(  632): File error accessing recents directory (directory doesn't exist?).
06-12 15:06:00.668 I/MetricsTransporter( 3328): Acquiring wifi lock.
06-12 15:06:00.673 I/WifiService(  632): acquireWifiLock uid=10080 lockMode=3
06-12 15:06:00.684 W/[ 1036.038285@0]  RTW(    0): cfg80211_rtw_set_power_mgmt(wlan0) enabled:0, timeout:-1
06-12 15:06:00.688 I/MetricsTransporter( 3328): Acquiring wakelock.
06-12 15:06:00.708 I/MetricsTransporter( 3328): get hashed deviceType from customDeviceUtil: 17961d8f736be0248d219d3b2b12dd53e7787a7b2898256f82ec9a6f462d24a
06-12 15:06:00.708 I/MetricsTransporter( 3328): minerva upload url:https://17961d8f736be0248d219d3b2b12dd53e7787a7b2898256f82ec9a6f462d24a.us-east-1.prod.service.minerva.devices.a2z.com:443/metric-batch
06-12 15:06:00.709 E/MetricsTransporter( 3328): Exception happens when getting the OAuto Token: java.lang.Exception: No access token for recording metrics using minerva
06-12 15:06:00.715 I/MetricsTransporter( 3328): connection: com.android.okhttp.internal.huc.HttpURLConnectionImpl:https://17961d8f736be0248d219d3b2b12dd53e7787a7b2898256f82ec9a6f462d24a.us-east-1.prod.service.minerva.devices.a2z.com:443/metric-batch
06-12 15:06:00.715 I/MetricsTransporter( 3328): get deviceType from customDeviceUtil: A1IRP7LZP6G9AW
06-12 15:06:00.733 D/stbdpc  (  405): STB_DPGetNumPaths[570]: num_paths: 1
06-12 15:06:00.756 W/AudioCapabilities( 8889): Unsupported mime audio/dtshd
06-12 15:06:00.757 W/AudioCapabilities( 8889): Unsupported mime audio/ffmpeg
06-12 15:06:00.757 W/AudioCapabilities( 8889): Unsupported mime audio/mpeg-L2
06-12 15:06:00.757 W/VideoCapabilities( 8889): Unsupported mime video/x-vnd.on2.vp6a
06-12 15:06:00.759 W/VideoCapabilities( 8889): Unsupported mime video/x-vnd.on2.vp6f
06-12 15:06:00.770 W/VideoCapabilities( 8889): Unsupported mime video/avs
06-12 15:06:00.771 W/VideoCapabilities( 8889): Unsupported mime video/avs2
06-12 15:06:00.774 W/VideoCapabilities( 8889): Unsupported mime video/x-motion-jpeg
06-12 15:06:00.774 W/VideoCapabilities( 8889): Unrecognized profile/level 0/3 for video/mpeg2
06-12 15:06:00.774 I/VideoCapabilities( 8889): Unsupported profile 2 for video/mpeg2
06-12 15:06:00.774 I/VideoCapabilities( 8889): Unsupported profile 3 for video/mpeg2
06-12 15:06:00.774 I/VideoCapabilities( 8889): Unsupported profile 4 for video/mpeg2
06-12 15:06:00.774 I/VideoCapabilities( 8889): Unsupported profile 5 for video/mpeg2
06-12 15:06:00.775 W/VideoCapabilities( 8889): Unrecognized profile/level 0/3 for video/mpeg2
06-12 15:06:00.775 I/VideoCapabilities( 8889): Unsupported profile 2 for video/mpeg2
06-12 15:06:00.775 I/VideoCapabilities( 8889): Unsupported profile 3 for video/mpeg2
06-12 15:06:00.775 I/VideoCapabilities( 8889): Unsupported profile 4 for video/mpeg2
06-12 15:06:00.775 I/VideoCapabilities( 8889): Unsupported profile 5 for video/mpeg2
06-12 15:06:00.782 I/VideoCapabilities( 8889): Unsupported profile 2 for video/mp4v-es
06-12 15:06:00.782 I/VideoCapabilities( 8889): Unsupported profile 4 for video/mp4v-es
06-12 15:06:00.782 I/VideoCapabilities( 8889): Unsupported profile 8 for video/mp4v-es
06-12 15:06:00.782 I/VideoCapabilities( 8889): Unsupported profile 16 for video/mp4v-es
06-12 15:06:00.782 I/VideoCapabilities( 8889): Unsupported profile 32 for video/mp4v-es
06-12 15:06:00.782 I/VideoCapabilities( 8889): Unsupported profile 64 for video/mp4v-es
06-12 15:06:00.782 I/VideoCapabilities( 8889): Unsupported profile 128 for video/mp4v-es
06-12 15:06:00.782 I/VideoCapabilities( 8889): Unsupported profile 256 for video/mp4v-es
06-12 15:06:00.782 I/VideoCapabilities( 8889): Unsupported profile 512 for video/mp4v-es
06-12 15:06:00.782 I/VideoCapabilities( 8889): Unsupported profile 1024 for video/mp4v-es
06-12 15:06:00.782 I/VideoCapabilities( 8889): Unsupported profile 2048 for video/mp4v-es
06-12 15:06:00.782 I/VideoCapabilities( 8889): Unsupported profile 4096 for video/mp4v-es
06-12 15:06:00.782 I/VideoCapabilities( 8889): Unsupported profile 8192 for video/mp4v-es
06-12 15:06:00.782 I/VideoCapabilities( 8889): Unsupported profile 16384 for video/mp4v-es
06-12 15:06:00.783 W/VideoCapabilities( 8889): Unsupported mime video/rm10
06-12 15:06:00.784 W/VideoCapabilities( 8889): Unsupported mime video/rm20
06-12 15:06:00.791 W/VideoCapabilities( 8889): Unsupported mime video/rm30
06-12 15:06:00.794 W/VideoCapabilities( 8889): Unsupported mime video/rm40
06-12 15:06:00.794 W/VideoCapabilities( 8889): Unsupported mime video/vc1
06-12 15:06:00.795 W/Utils   ( 8889): could not parse long range '1-'
06-12 15:06:00.795 W/VideoCapabilities( 8889): Unrecognized level 16 for video/x-vnd.on2.vp8
06-12 15:06:00.796 W/VideoCapabilities( 8889): Unrecognized level 32 for video/x-vnd.on2.vp8
06-12 15:06:00.796 W/VideoCapabilities( 8889): Unrecognized level 64 for video/x-vnd.on2.vp8
06-12 15:06:00.796 W/VideoCapabilities( 8889): Unrecognized level 128 for video/x-vnd.on2.vp8
06-12 15:06:00.796 W/VideoCapabilities( 8889): Unrecognized level 256 for video/x-vnd.on2.vp8
06-12 15:06:00.796 W/VideoCapabilities( 8889): Unrecognized level 512 for video/x-vnd.on2.vp8
06-12 15:06:00.796 W/VideoCapabilities( 8889): Unrecognized level 1024 for video/x-vnd.on2.vp8
06-12 15:06:00.796 W/VideoCapabilities( 8889): Unrecognized level 2048 for video/x-vnd.on2.vp8
06-12 15:06:00.796 W/VideoCapabilities( 8889): Unrecognized level 4096 for video/x-vnd.on2.vp8
06-12 15:06:00.796 W/VideoCapabilities( 8889): Unrecognized level 8192 for video/x-vnd.on2.vp8
06-12 15:06:00.798 W/VideoCapabilities( 8889): Unrecognized level 16384 for video/x-vnd.on2.vp8
06-12 15:06:00.798 W/VideoCapabilities( 8889): Unrecognized level 32768 for video/x-vnd.on2.vp8
06-12 15:06:00.800 W/VideoCapabilities( 8889): Unsupported mime video/wmv3
06-12 15:06:00.801 W/VideoCapabilities( 8889): Unsupported mime video/wmv1
06-12 15:06:00.801 W/VideoCapabilities( 8889): Unsupported mime video/wmv2
06-12 15:06:00.802 W/VideoCapabilities( 8889): Unsupported mime video/wvc1
06-12 15:06:00.802 W/Utils   ( 8889): could not parse long range '1-'
06-12 15:06:00.803 W/VideoCapabilities( 8889): Unsupported profile 4 for video/avc
06-12 15:06:00.818 D/rtk_heartbeat(  351): heartbeat_timed_out: heartbeatCmdCount = 1013, expected nextSeqNum = 1013
06-12 15:06:00.822 D/rtk_heartbeat(  351): rtkbt_heartbeat_cmpl_cback: Current SeqNum = 1013,should SeqNum=1013, status = 0
06-12 15:06:00.833 D/stbdpc  (  405): STB_DPGetNumPaths[570]: num_paths: 1
06-12 15:06:00.843 I/WVCdm   (  356): [cdm_engine.cpp(573):QueryStatus] Querying status
06-12 15:06:00.846 I/WVCdm   (  356): [cdm_engine.cpp(573):QueryStatus] Querying status
06-12 15:06:00.933 I/m.jiotv.sonyli( 9073): Background concurrent copying GC freed 276102(11MB) AllocSpace objects, 74(2696KB) LOS objects, 50% free, 18MB/36MB, paused 880us total 644.379ms
06-12 15:06:00.934 D/stbdpc  (  405): STB_DPGetNumPaths[570]: num_paths: 1
06-12 15:06:01.004 D/ltts_ip_emm(  405): LTTS_IP_DMXStartEMM[381]: parse_emm_cat_status failed
06-12 15:06:01.034 D/stbdpc  (  405): STB_DPGetNumPaths[570]: num_paths: 1
06-12 15:06:01.042 D/JioLauncher( 1781): overlay status check for wifi and bt remote false false
06-12 15:06:01.045 D/JioLauncher( 1781): diagnosis-fragment-onConnectivityChanged
06-12 15:06:01.046 D/Match code1( 1449): 2
06-12 15:06:01.046 D/JIO_TR069-( 1449): Predefined List [com.jio.stb.catv, com.rjil.jiostbsetting, com.iwedia.ui.rjio.launcher.reliance, com.jio.stb.hotellauncher, com.jio.media.oberoi, com.jio.ott]
06-12 15:06:01.049 D/JIO_TR069-( 1449): Caller Package com.iwedia.ui.rjio.launcher.reliance
06-12 15:06:01.049 D/JIO_TR069-( 1449): White Listed Apps []
06-12 15:06:01.049 D/JIO_TR069-( 1449): Final White Listed Apps [com.jio.stb.catv, com.rjil.jiostbsetting, com.iwedia.ui.rjio.launcher.reliance, com.jio.stb.hotellauncher, com.jio.media.oberoi, com.jio.ott, ]
06-12 15:06:01.053 D/JioLauncher( 1781): network-type-------NonJioNetwork
06-12 15:06:01.059 D/JioLauncher( 1781): live-tv-previousIp-[/fe80::1%wlan0, /192.168.1.1]-newHost-[/fe80::1%wlan0, /192.168.1.1]
06-12 15:06:01.063 D/JioLauncher( 1781): diagnosis-network-1
06-12 15:06:01.066 D/JioLauncher( 1781): getSSID-<unknown ssid>
06-12 15:06:01.072 D/JioLauncher( 1781): ThreadCount-125
06-12 15:06:01.072 D/JioLauncher( 1781): isInactivityPopupDisplaying-{"inactivity_status_modified_time":1420050611833,"inactivity_status":false,"inactivity_window_timeout":120000}
06-12 15:06:01.072 D/JioLauncher( 1781): inactivity_status-false- result-false
06-12 15:06:01.072 D/JioLauncher( 1781): overlay-removing-type-JIO_BLOCK_ALERT_TYPE  -isInactivityPopupDisplaying-false
06-12 15:06:01.072 D/JioLauncher( 1781): ThreadCount-125
06-12 15:06:01.072 D/JioLauncher( 1781): isInactivityPopupDisplaying-{"inactivity_status_modified_time":1420050611833,"inactivity_status":false,"inactivity_window_timeout":120000}
06-12 15:06:01.072 D/JioLauncher( 1781): inactivity_status-false- result-false
06-12 15:06:01.072 D/JioLauncher( 1781): block-apps 1 null false
06-12 15:06:01.072 D/JioLauncher( 1781): global-key-unblock-all-key
06-12 15:06:01.074 D/JioLauncher( 1781): block-apps -1 null false
06-12 15:06:01.074 D/JioLauncher( 1781): global-key-block-all-key--others
06-12 15:06:01.075 D/JioLauncher( 1781): diagnosis-block-false
06-12 15:06:01.078 D/JioLauncher( 1781): getSSID-<unknown ssid>
06-12 15:06:01.134 D/stbdpc  (  405): STB_DPGetNumPaths[570]: num_paths: 1
06-12 15:06:01.136 D/dvb_iptv(  405): ReadEmmNetworkTask[1537]: EMM Select Timeout Occured 38
06-12 15:06:01.147 W/[ 1036.504152@1]  RTW(    0): fill_default_txdesc(wlan0): SP Packet(0x0806) rate=0x4 SeqNum = 3631
06-12 15:06:01.154 W/[ 1036.508820@1]  RTW(    0): fill_default_txdesc(wlan0): SP Packet(0x0806) rate=0x4 SeqNum = 3644
06-12 15:06:01.167 W/[ 1036.523937@1]  RTW(    0): fill_default_txdesc(wlan0): SP Packet(0x0806) rate=0x4 SeqNum = 3659
06-12 15:06:01.219 D/JioStbInactivityTimer(  933): Timer: count 143 warningTimeout:10680 timeout:10800
06-12 15:06:01.219 D/JioStbInactivityTimer(  933): isUserActive: Curr:891902 Prev:891902
06-12 15:06:01.234 D/stbdpc  (  405): STB_DPGetNumPaths[570]: num_paths: 1
06-12 15:06:01.334 I/chatty  (  405): uid=0(root) DK-SiCntrl identical 1 line
06-12 15:06:01.434 D/stbdpc  (  405): STB_DPGetNumPaths[570]: num_paths: 1
06-12 15:06:01.502 D/JioLauncher( 1781): isInternetAvailable-method-response-204
06-12 15:06:01.504 D/JioLauncher( 1781): isMulticastReceiver-Connected-to-5GHz-Wi-Fi-network
06-12 15:06:01.535 D/stbdpc  (  405): STB_DPGetNumPaths[570]: num_paths: 1
06-12 15:06:01.635 D/stbdpc  (  405): STB_DPGetNumPaths[570]: num_paths: 1
06-12 15:06:01.636 D/dvb_iptv(  405): ReadEmmNetworkTask[1537]: EMM Select Timeout Occured 39
06-12 15:06:01.712 W/pool-7-thread-1( 3502): type=1400 audit(0.0:1328): avc: denied { read } for name="arp" dev="proc" ino=4026532018 scontext=u:r:untrusted_app_27:s0:c85,c256,c512,c768 tcontext=u:object_r:proc_net:s0 tclass=file permissive=0 app=com.jio.myhome.mediasharedmp
06-12 15:06:01.735 D/stbdpc  (  405): STB_DPGetNumPaths[570]: num_paths: 1
06-12 15:06:01.818 D/rtk_heartbeat(  351): heartbeat_timed_out: heartbeatCmdCount = 1014, expected nextSeqNum = 1014
06-12 15:06:01.820 D/rtk_heartbeat(  351): rtkbt_heartbeat_cmpl_cback: Current SeqNum = 1014,should SeqNum=1014, status = 0
06-12 15:06:01.835 D/stbdpc  (  405): STB_DPGetNumPaths[570]: num_paths: 1
06-12 15:06:01.882 I/MetricsTransporter( 3328): Successfully uploaded metrics; code: 200, message: OK
06-12 15:06:01.882 I/MetricsTransporter( 3328): Consuming response payload.
06-12 15:06:01.883 I/MetricsTransporter( 3328): Releasing wake and wifi locks.
06-12 15:06:01.885 I/WifiService(  632): releaseWifiLock uid=10080
06-12 15:06:01.888 I/MetricsTransmissionManager( 3328): Transmission succeeded.
06-12 15:06:01.889 W/[ 1037.243817@3]  RTW(    0): cfg80211_rtw_set_power_mgmt(wlan0) enabled:1, timeout:-1
06-12 15:06:01.900 I/MetricsTransmissionManager( 3328): transmitKPIMetricBatch finished
06-12 15:06:01.900 I/MetricsTransmissionManager( 3328): transmitMetricBatches started
06-12 15:06:01.901 I/BoundedBatchFileQueue( 3328): batch file deleted: 1749720104149_us-east-1_0001
06-12 15:06:01.903 I/MetricsTransporter( 3328): Acquiring wifi lock.
06-12 15:06:01.904 I/WifiService(  632): acquireWifiLock uid=10080 lockMode=3
06-12 15:06:01.907 W/[ 1037.263144@3]  RTW(    0): cfg80211_rtw_set_power_mgmt(wlan0) enabled:0, timeout:-1
06-12 15:06:01.907 I/MetricsTransporter( 3328): Acquiring wakelock.
06-12 15:06:01.911 I/MetricsTransporter( 3328): get hashed deviceType from customDeviceUtil: 17961d8f736be0248d219d3b2b12dd53e7787a7b2898256f82ec9a6f462d24a
06-12 15:06:01.911 I/MetricsTransporter( 3328): minerva upload url:https://17961d8f736be0248d219d3b2b12dd53e7787a7b2898256f82ec9a6f462d24a.us-east-1.prod.service.minerva.devices.a2z.com:443/metric-batch
06-12 15:06:01.911 E/MetricsTransporter( 3328): Exception happens when getting the OAuto Token: java.lang.Exception: No access token for recording metrics using minerva
06-12 15:06:01.912 I/MetricsTransporter( 3328): connection: com.android.okhttp.internal.huc.HttpURLConnectionImpl:https://17961d8f736be0248d219d3b2b12dd53e7787a7b2898256f82ec9a6f462d24a.us-east-1.prod.service.minerva.devices.a2z.com:443/metric-batch
06-12 15:06:01.912 I/MetricsTransporter( 3328): get deviceType from customDeviceUtil: A1IRP7LZP6G9AW
06-12 15:06:01.935 D/stbdpc  (  405): STB_DPGetNumPaths[570]: num_paths: 1
06-12 15:06:02.036 I/chatty  (  405): uid=0(root) DK-SiCntrl identical 1 line
06-12 15:06:02.136 D/stbdpc  (  405): STB_DPGetNumPaths[570]: num_paths: 1
06-12 15:06:02.136 D/dvb_iptv(  405): ReadEmmNetworkTask[1537]: EMM Select Timeout Occured 40
06-12 15:06:02.201 I/MetricsTransporter( 3328): Successfully uploaded metrics; code: 200, message: OK
06-12 15:06:02.201 I/MetricsTransporter( 3328): Consuming response payload.
06-12 15:06:02.201 I/MetricsTransporter( 3328): Releasing wake and wifi locks.
06-12 15:06:02.204 I/WifiService(  632): releaseWifiLock uid=10080
06-12 15:06:02.206 I/MetricsTransmissionManager( 3328): Transmission succeeded.
06-12 15:06:02.207 W/[ 1037.562335@0]  RTW(    0): cfg80211_rtw_set_power_mgmt(wlan0) enabled:1, timeout:-1
06-12 15:06:02.218 D/JioStbInactivityTimer(  933): Timer: count 144 warningTimeout:10680 timeout:10800
06-12 15:06:02.218 D/JioStbInactivityTimer(  933): isUserActive: Curr:891902 Prev:891902
06-12 15:06:02.223 I/BoundedBatchFileQueue( 3328): batch file deleted: 1749720132172_us-east-1_0001
06-12 15:06:02.224 I/MetricsTransporter( 3328): Acquiring wifi lock.
06-12 15:06:02.225 I/WifiService(  632): acquireWifiLock uid=10080 lockMode=3
06-12 15:06:02.228 W/[ 1037.584051@0]  RTW(    0): cfg80211_rtw_set_power_mgmt(wlan0) enabled:0, timeout:-1
06-12 15:06:02.228 I/MetricsTransporter( 3328): Acquiring wakelock.
06-12 15:06:02.230 I/MetricsTransporter( 3328): get hashed deviceType from customDeviceUtil: 17961d8f736be0248d219d3b2b12dd53e7787a7b2898256f82ec9a6f462d24a
06-12 15:06:02.230 I/MetricsTransporter( 3328): minerva upload url:https://17961d8f736be0248d219d3b2b12dd53e7787a7b2898256f82ec9a6f462d24a.us-east-1.prod.service.minerva.devices.a2z.com:443/metric-batch
06-12 15:06:02.230 E/MetricsTransporter( 3328): Exception happens when getting the OAuto Token: java.lang.Exception: No access token for recording metrics using minerva
06-12 15:06:02.230 I/MetricsTransporter( 3328): connection: com.android.okhttp.internal.huc.HttpURLConnectionImpl:https://17961d8f736be0248d219d3b2b12dd53e7787a7b2898256f82ec9a6f462d24a.us-east-1.prod.service.minerva.devices.a2z.com:443/metric-batch
06-12 15:06:02.230 I/MetricsTransporter( 3328): get deviceType from customDeviceUtil: A1IRP7LZP6G9AW
06-12 15:06:02.236 D/stbdpc  (  405): STB_DPGetNumPaths[570]: num_paths: 1
06-12 15:06:02.270 I/m.jiotv.sonyli( 9073): oneway function results will be dropped but finished with status OK and parcel size 4
06-12 15:06:02.275 I/e.swalekh.abct( 1336): oneway function results will be dropped but finished with status OK and parcel size 4
06-12 15:06:02.285 D/JioSTBMRServer-SERVICE( 3304): InetSocketAddress(InetAddress.getByName(inetAddress.hostAddress)-/192.168.1.255
06-12 15:06:02.285 D/JioSTBMRServer-SERVICE( 3304): #beacon:RKISBFJ60000097:0:false:0:1:SV=181024 , 192.168.1.255
06-12 15:06:02.290 D/JioSTBMRServer-SERVICE( 3304): InetSocketAddress(InetAddress.getByName(inetAddress.hostAddress)-/192.168.1.255
06-12 15:06:02.290 D/JioSTBMRServer-SERVICE( 3304): #broadcast IP:192.168.1.255
06-12 15:06:02.336 D/stbdpc  (  405): STB_DPGetNumPaths[570]: num_paths: 1
06-12 15:06:02.380 D/memtrack_aml(  367): sysfs path
06-12 15:06:02.387 E/ocessService0:( 2273): failed to create Unix domain socket: Operation not permitted
06-12 15:06:02.400 D/memtrack_aml(  367): sysfs path
06-12 15:06:02.401 D/memtrack_aml(  367): get task_name l.jiostbsetting
06-12 15:06:02.410 D/memtrack_aml(  367): sysfs path
06-12 15:06:02.410 D/memtrack_aml(  367): get task_name .stb.jioservice
06-12 15:06:02.419 D/memtrack_aml(  367): sysfs path
06-12 15:06:02.420 D/memtrack_aml(  367): get task_name o.stb.rcuupdate
06-12 15:06:02.429 I/ThermalService(  986): CPU temperatures: [65.600006]
06-12 15:06:02.436 D/stbdpc  (  405): STB_DPGetNumPaths[570]: num_paths: 1
06-12 15:06:02.529 I/MetricsTransporter( 3328): Successfully uploaded metrics; code: 200, message: OK
06-12 15:06:02.529 I/MetricsTransporter( 3328): Consuming response payload.
06-12 15:06:02.529 I/MetricsTransporter( 3328): Releasing wake and wifi locks.
06-12 15:06:02.531 I/WifiService(  632): releaseWifiLock uid=10080
06-12 15:06:02.534 I/MetricsTransmissionManager( 3328): Transmission succeeded.
06-12 15:06:02.535 W/[ 1037.889512@1]  RTW(    0): cfg80211_rtw_set_power_mgmt(wlan0) enabled:1, timeout:-1
06-12 15:06:02.536 D/stbdpc  (  405): STB_DPGetNumPaths[570]: num_paths: 1
06-12 15:06:02.541 I/BoundedBatchFileQueue( 3328): batch file deleted: 1749720132211_us-east-1_0001
06-12 15:06:02.543 I/MetricsTransporter( 3328): Acquiring wifi lock.
06-12 15:06:02.544 I/WifiService(  632): acquireWifiLock uid=10080 lockMode=3
06-12 15:06:02.549 W/[ 1037.903197@2]  RTW(    0): cfg80211_rtw_set_power_mgmt(wlan0) enabled:0, timeout:-1
06-12 15:06:02.547 I/MetricsTransporter( 3328): Acquiring wakelock.
06-12 15:06:02.550 I/MetricsTransporter( 3328): get hashed deviceType from customDeviceUtil: 17961d8f736be0248d219d3b2b12dd53e7787a7b2898256f82ec9a6f462d24a
06-12 15:06:02.550 I/MetricsTransporter( 3328): minerva upload url:https://17961d8f736be0248d219d3b2b12dd53e7787a7b2898256f82ec9a6f462d24a.us-east-1.prod.service.minerva.devices.a2z.com:443/metric-batch
06-12 15:06:02.551 E/MetricsTransporter( 3328): Exception happens when getting the OAuto Token: java.lang.Exception: No access token for recording metrics using minerva
06-12 15:06:02.551 I/MetricsTransporter( 3328): connection: com.android.okhttp.internal.huc.HttpURLConnectionImpl:https://17961d8f736be0248d219d3b2b12dd53e7787a7b2898256f82ec9a6f462d24a.us-east-1.prod.service.minerva.devices.a2z.com:443/metric-batch
06-12 15:06:02.551 I/MetricsTransporter( 3328): get deviceType from customDeviceUtil: A1IRP7LZP6G9AW
06-12 15:06:02.604 E/ThemeUtils( 9073): View class com.sonyliv.onboarding.customview.TextViewWithFont is an AppCompat widget that can only be used with a Theme.AppCompat theme (or descendant).
06-12 15:06:02.606 E/ThemeUtils( 9073): View class androidx.appcompat.widget.AppCompatImageView is an AppCompat widget that can only be used with a Theme.AppCompat theme (or descendant).
06-12 15:06:02.607 E/ThemeUtils( 9073): View class com.sonyliv.onboarding.customview.TextViewWithFont is an AppCompat widget that can only be used with a Theme.AppCompat theme (or descendant).
06-12 15:06:02.612 E/ThemeUtils( 9073): View class androidx.appcompat.widget.AppCompatImageView is an AppCompat widget that can only be used with a Theme.AppCompat theme (or descendant).
06-12 15:06:02.629 E/ThemeUtils( 9073): View class com.sonyliv.onboarding.customview.TextViewWithFont is an AppCompat widget that can only be used with a Theme.AppCompat theme (or descendant).
06-12 15:06:02.633 E/ThemeUtils( 9073): View class com.sonyliv.onboarding.customview.TextViewWithFont is an AppCompat widget that can only be used with a Theme.AppCompat theme (or descendant).
06-12 15:06:02.635 E/ThemeUtils( 9073): View class androidx.appcompat.widget.AppCompatImageView is an AppCompat widget that can only be used with a Theme.AppCompat theme (or descendant).
06-12 15:06:02.636 E/ThemeUtils( 9073): View class com.sonyliv.onboarding.customview.TextViewWithFont is an AppCompat widget that can only be used with a Theme.AppCompat theme (or descendant).
06-12 15:06:02.636 D/dvb_iptv(  405): ReadEmmNetworkTask[1537]: EMM Select Timeout Occured 41
06-12 15:06:02.637 D/stbdpc  (  405): STB_DPGetNumPaths[570]: num_paths: 1
06-12 15:06:02.646 E/ThemeUtils( 9073): View class com.sonyliv.onboarding.customview.TextViewWithFont is an AppCompat widget that can only be used with a Theme.AppCompat theme (or descendant).
06-12 15:06:02.649 E/ThemeUtils( 9073): View class androidx.appcompat.widget.AppCompatImageView is an AppCompat widget that can only be used with a Theme.AppCompat theme (or descendant).
06-12 15:06:02.652 E/ThemeUtils( 9073): View class com.sonyliv.onboarding.customview.TextViewWithFont is an AppCompat widget that can only be used with a Theme.AppCompat theme (or descendant).
06-12 15:06:02.654 E/ThemeUtils( 9073): View class androidx.appcompat.widget.AppCompatImageView is an AppCompat widget that can only be used with a Theme.AppCompat theme (or descendant).
06-12 15:06:02.657 E/ThemeUtils( 9073): View class com.sonyliv.onboarding.customview.TextViewWithFont is an AppCompat widget that can only be used with a Theme.AppCompat theme (or descendant).
06-12 15:06:02.660 E/ThemeUtils( 9073): View class com.sonyliv.onboarding.customview.TextViewWithFont is an AppCompat widget that can only be used with a Theme.AppCompat theme (or descendant).
06-12 15:06:02.661 E/ThemeUtils( 9073): View class androidx.appcompat.widget.AppCompatImageView is an AppCompat widget that can only be used with a Theme.AppCompat theme (or descendant).
06-12 15:06:02.665 E/ThemeUtils( 9073): View class com.sonyliv.onboarding.customview.TextViewWithFont is an AppCompat widget that can only be used with a Theme.AppCompat theme (or descendant).
06-12 15:06:02.672 E/ThemeUtils( 9073): View class com.sonyliv.onboarding.customview.TextViewWithFont is an AppCompat widget that can only be used with a Theme.AppCompat theme (or descendant).
06-12 15:06:02.674 E/ThemeUtils( 9073): View class androidx.appcompat.widget.AppCompatImageView is an AppCompat widget that can only be used with a Theme.AppCompat theme (or descendant).
06-12 15:06:02.676 E/ThemeUtils( 9073): View class com.sonyliv.onboarding.customview.TextViewWithFont is an AppCompat widget that can only be used with a Theme.AppCompat theme (or descendant).
06-12 15:06:02.677 E/ThemeUtils( 9073): View class androidx.appcompat.widget.AppCompatImageView is an AppCompat widget that can only be used with a Theme.AppCompat theme (or descendant).
06-12 15:06:02.681 E/ThemeUtils( 9073): View class com.sonyliv.onboarding.customview.TextViewWithFont is an AppCompat widget that can only be used with a Theme.AppCompat theme (or descendant).
06-12 15:06:02.685 E/ThemeUtils( 9073): View class com.sonyliv.onboarding.customview.TextViewWithFont is an AppCompat widget that can only be used with a Theme.AppCompat theme (or descendant).
06-12 15:06:02.686 E/ThemeUtils( 9073): View class androidx.appcompat.widget.AppCompatImageView is an AppCompat widget that can only be used with a Theme.AppCompat theme (or descendant).
06-12 15:06:02.688 E/ThemeUtils( 9073): View class com.sonyliv.onboarding.customview.TextViewWithFont is an AppCompat widget that can only be used with a Theme.AppCompat theme (or descendant).
06-12 15:06:02.694 E/ThemeUtils( 9073): View class com.sonyliv.onboarding.customview.TextViewWithFont is an AppCompat widget that can only be used with a Theme.AppCompat theme (or descendant).
06-12 15:06:02.695 E/ThemeUtils( 9073): View class androidx.appcompat.widget.AppCompatImageView is an AppCompat widget that can only be used with a Theme.AppCompat theme (or descendant).
06-12 15:06:02.697 E/ThemeUtils( 9073): View class com.sonyliv.onboarding.customview.TextViewWithFont is an AppCompat widget that can only be used with a Theme.AppCompat theme (or descendant).
06-12 15:06:02.699 E/ThemeUtils( 9073): View class androidx.appcompat.widget.AppCompatImageView is an AppCompat widget that can only be used with a Theme.AppCompat theme (or descendant).
