06-12 16:33:40.995 D/Glide   ( 1781): Finished loading Bitmap from LOCAL for com.bumptech.glide.gifdecoder.StandardGifDecoder@fb55452 with size [314x176] in 22.655666999999998 ms
06-12 16:33:41.013 D/NetflixService(  986): processName:com.netflix.ninja,importance:300
06-12 16:33:41.035 D/NetworkSecurityConfig( 8170): Using Network Security Config from resource network_security_config debugBuild: false
06-12 16:33:41.037 D/NetworkSecurityConfig( 8170): Using Network Security Config from resource network_security_config debugBuild: false
06-12 16:33:41.043 D/JioLauncher( 1781): overlay status check for wifi and bt remote false false
06-12 16:33:41.049 D/Match code1( 1449): 2
06-12 16:33:41.050 D/JIO_TR069-( 1449): Predefined List [com.jio.stb.catv, com.rjil.jiostbsetting, com.iwedia.ui.rjio.launcher.reliance, com.jio.stb.hotellauncher, com.jio.media.oberoi, com.jio.ott]
06-12 16:33:41.052 D/JIO_TR069-( 1449): Caller Package com.iwedia.ui.rjio.launcher.reliance
06-12 16:33:41.052 D/JIO_TR069-( 1449): White Listed Apps []
06-12 16:33:41.052 D/JIO_TR069-( 1449): Final White Listed Apps [com.jio.stb.catv, com.rjil.jiostbsetting, com.iwedia.ui.rjio.launcher.reliance, com.jio.stb.hotellauncher, com.jio.media.oberoi, com.jio.ott, ]
06-12 16:33:41.056 D/JioLauncher( 1781): network-type-------NonJioNetwork
06-12 16:33:41.063 D/JioLauncher( 1781): live-tv-previousIp-[/fe80::1%wlan0, /192.168.1.1]-newHost-[/fe80::1%wlan0, /192.168.1.1]
06-12 16:33:41.084 D/SessionsDependencies( 8170): Dependency to CRASHLYTICS added.
06-12 16:33:41.090 D/Glide   ( 1781): Finished loading Bitmap from LOCAL for com.bumptech.glide.gifdecoder.StandardGifDecoder@fb55452 with size [314x176] in 56.196124999999995 ms
06-12 16:33:41.093 D/stbdpc  (  405): STB_DPGetNumPaths[570]: num_paths: 1
06-12 16:33:41.100 I/FirebaseApp( 8170): Device unlocked: initializing all Firebase APIs for app [DEFAULT]
06-12 16:33:41.126 D/FirebaseSessions( 8170): Initializing Firebase Sessions SDK.
06-12 16:33:41.153 I/FirebaseCrashlytics( 8170): Initializing Firebase Crashlytics 19.3.0 for in.startv.hotstar
06-12 16:33:41.166 W/GooglePlayServicesUtil( 8170): in.startv.hotstar requires the Google Play Store, but it is missing.
06-12 16:33:41.166 E/DynamiteModule( 8170): Invalid GmsCore APK, remote loading disabled.
06-12 16:33:41.166 I/DynamiteModule( 8170): Considering local module com.google.android.gms.measurement.dynamite:127 and remote module com.google.android.gms.measurement.dynamite:0
06-12 16:33:41.166 I/DynamiteModule( 8170): Selected local version of com.google.android.gms.measurement.dynamite
06-12 16:33:41.170 E/DynamiteModule( 8170): Invalid GmsCore APK, remote loading disabled.
06-12 16:33:41.180 W/FA      ( 8170): Failed to register event listener on calling thread. Trying again on the dynamite thread.
06-12 16:33:41.182 D/SessionsDependencies( 8170): Subscriber CRASHLYTICS registered.
06-12 16:33:41.182 D/rtk_heartbeat(  351): heartbeat_timed_out: heartbeatCmdCount = 6272, expected nextSeqNum = 6272
06-12 16:33:41.185 D/AlarmPingSender( 3788): Unregister alarmreceiver to MqttServiceJio-STB___0cf3c8c0-a174-bbb7-8484-2391977f34ac
06-12 16:33:41.186 D/rtk_heartbeat(  351): rtkbt_heartbeat_cmpl_cback: Current SeqNum = 6272,should SeqNum=6272, status = 0
06-12 16:33:41.190 D/STB_PushService( 3788): Failure Block called
06-12 16:33:41.191 E/STB_PushService( 3788): TransporterMqttClient: Reason code is 0 Failure MqttException (0) - java.net.SocketTimeoutException: failed to connect to /49.40.64.39 (port 0) from /192.168.1.23 (port 48206) after 180000ms: isConnected failed: ETIMEDOUT (Connection timed out)
06-12 16:33:41.191 E/STB_PushService( 3788): 	at h.a.a.a.a.x.j.a(Unknown Source:24)
06-12 16:33:41.191 E/STB_PushService( 3788): 	at h.a.a.a.a.x.b$a.run(Unknown Source:254)
06-12 16:33:41.191 E/STB_PushService( 3788): 	at java.lang.Thread.run(Thread.java:923)
06-12 16:33:41.191 E/STB_PushService( 3788): Caused by: java.net.SocketTimeoutException: failed to connect to /49.40.64.39 (port 0) from /192.168.1.23 (port 48206) after 180000ms: isConnected failed: ETIMEDOUT (Connection timed out)
06-12 16:33:41.191 E/STB_PushService( 3788): 	at libcore.io.IoBridge.isConnected(IoBridge.java:283)
06-12 16:33:41.191 E/STB_PushService( 3788): 	at libcore.io.IoBridge.connectErrno(IoBridge.java:192)
06-12 16:33:41.191 E/STB_PushService( 3788): 	at libcore.io.IoBridge.connect(IoBridge.java:134)
06-12 16:33:41.191 E/STB_PushService( 3788): 	at java.net.PlainSocketImpl.socketConnect(PlainSocketImpl.java:142)
06-12 16:33:41.191 E/STB_PushService( 3788): 	at java.net.AbstractPlainSocketImpl.doConnect(AbstractPlainSocketImpl.java:390)
06-12 16:33:41.191 E/STB_PushService( 3788): 	at java.net.AbstractPlainSocketImpl.connectToAddress(AbstractPlainSocketImpl.java:230)
06-12 16:33:41.191 E/STB_PushService( 3788): 	at java.net.AbstractPlainSocketImpl.connect(AbstractPlainSocketImpl.java:212)
06-12 16:33:41.191 E/STB_PushService( 3788): 	at java.net.SocksSocketImpl.connect(SocksSocketImpl.java:436)
06-12 16:33:41.191 E/STB_PushService( 3788): 	at java.net.Socket.connect(Socket.java:621)
06-12 16:33:41.191 E/STB_PushService( 3788): 	at h.a.a.a.a.x.s.start(Unknown Source:74)
06-12 16:33:41.191 E/STB_PushService( 3788): 	at h.a.a.a.a.x.b$a.run(Unknown Source:57)
06-12 16:33:41.191 E/STB_PushService( 3788): 	... 1 more
06-12 16:33:41.191 E/STB_PushService( 3788): Caused by: android.system.ErrnoException: isConnected failed: ETIMEDOUT (Connection timed out)
06-12 16:33:41.191 E/STB_PushService( 3788): 	at libcore.io.IoBridge.isConnected(IoBridge.java:274)
06-12 16:33:41.191 E/STB_PushService( 3788): 	... 11 more
06-12 16:33:41.193 D/stbdpc  (  405): STB_DPGetNumPaths[570]: num_paths: 1
06-12 16:33:41.199 D/Glide   ( 1781): Finished loading Bitmap from LOCAL for com.bumptech.glide.gifdecoder.StandardGifDecoder@fb55452 with size [314x176] in 82.06454099999999 ms
06-12 16:33:41.207 D/STB_PushService( 3788): First time conn failure 
06-12 16:33:41.208 D/STB_PushService( 3788): ReconnectHandler: RECONNECT msg type reasonCode 0
06-12 16:33:41.249 D/Glide   ( 1781): Finished loading Bitmap from LOCAL for com.bumptech.glide.gifdecoder.StandardGifDecoder@fb55452 with size [314x176] in 32.429415999999996 ms
06-12 16:33:41.262 I/FirebaseInitProvider( 8170): FirebaseApp initialization successful
06-12 16:33:41.268 D/WM-WrkMgrInitializer( 8170): Initializing WorkManager with default configuration.
06-12 16:33:41.281 I/TetheringManager( 8170): registerTetheringEventCallback:in.startv.hotstar
06-12 16:33:41.294 D/stbdpc  (  405): STB_DPGetNumPaths[570]: num_paths: 1
06-12 16:33:41.305 D/Glide   ( 1781): Finished loading Bitmap from LOCAL for com.bumptech.glide.gifdecoder.StandardGifDecoder@fb55452 with size [314x176] in 22.498375 ms
06-12 16:33:41.316 E/DynamiteModule( 8170): Invalid GmsCore APK, remote loading disabled.
06-12 16:33:41.316 I/DynamiteModule( 8170): Considering local module com.google.android.gms.cast_tv_dynamite:1 and remote module com.google.android.gms.cast_tv_dynamite:0
06-12 16:33:41.316 I/DynamiteModule( 8170): Selected local version of com.google.android.gms.cast_tv_dynamite
06-12 16:33:41.350 D/Glide   ( 1781): Finished loading Bitmap from LOCAL for com.bumptech.glide.gifdecoder.StandardGifDecoder@fb55452 with size [314x176] in 12.264916 ms
06-12 16:33:41.375 V/DigitalSignage(  632): Package Name: null
06-12 16:33:41.376 V/DigitalSignage(  632): Left: 0
06-12 16:33:41.376 V/DigitalSignage(  632): Right: 0
06-12 16:33:41.376 V/DigitalSignage(  632): Top: 0
06-12 16:33:41.376 V/DigitalSignage(  632): Bottom: 0
06-12 16:33:41.376 D/DigitalSignage(  632): else - Package Name :: null left : 0 right :: 0 top :: 0 bottom :: 0 dfu-right :: 1920 dfu-bottom :: 1080
06-12 16:33:41.384 D/ltts_ip_emm(  405): LTTS_IP_DMXStartEMM[381]: parse_emm_cat_status failed
06-12 16:33:41.394 D/stbdpc  (  405): STB_DPGetNumPaths[570]: num_paths: 1
06-12 16:33:41.422 E/BufferQueueProducer(  404): [com.iwedia.ui.rjio.launcher.reliance/com.iwedia.ui.rjio.launcher.ui.intro.IntroActivity#0](id:194000000ba,api:0,p:-1,c:404) disconnect: not connected (req=1)
06-12 16:33:41.422 W/libEGL  ( 1781): EGLNativeWindowType 0xb32ea008 disconnect failed
06-12 16:33:41.425 V/DigitalSignage(  632): Package Name: null
06-12 16:33:41.425 V/DigitalSignage(  632): Left: 0
06-12 16:33:41.425 V/DigitalSignage(  632): Right: 0
06-12 16:33:41.425 V/DigitalSignage(  632): Top: 0
06-12 16:33:41.425 V/DigitalSignage(  632): Bottom: 0
06-12 16:33:41.426 D/DigitalSignage(  632): else - Package Name :: null left : 0 right :: 0 top :: 0 bottom :: 0 dfu-right :: 1920 dfu-bottom :: 1080
06-12 16:33:41.436 D/dvb_iptv(  405): ReadEmmNetworkTask[1537]: EMM Select Timeout Occured 12
06-12 16:33:41.438 D/Glide   ( 1781): Finished loading Bitmap from LOCAL for com.bumptech.glide.gifdecoder.StandardGifDecoder@fb55452 with size [314x176] in 43.456875 ms
06-12 16:33:41.455 I/AmFFmpegExtractor(  460): checkInList: isw:0, m:audio/mpeg, t:1, i:86017 t:0
06-12 16:33:41.455 I/AmFFmpegExtractor(  460): checkInList: isw:1, m:audio/mpeg, t:1, i:86017 t:0
06-12 16:33:41.455 E/AmFFmpegExtractor(  460): codec_ctx->properties: 0
06-12 16:33:41.455 I/AmFFmpegExtractor(  460): checkSupportInList ret 1
06-12 16:33:41.462 I/AmFFmpegExtractor(  460): checkInList: isw:0, m:audio/mpeg, t:1, i:86017 t:0
06-12 16:33:41.463 I/AmFFmpegExtractor(  460): checkInList: isw:1, m:audio/mpeg, t:1, i:86017 t:0
06-12 16:33:41.463 E/AmFFmpegExtractor(  460): codec_ctx->properties: 0
06-12 16:33:41.463 I/AmFFmpegExtractor(  460): checkSupportInList ret 0
06-12 16:33:41.463 E/AmFFmpegExtractor(  460): vendor do not support
06-12 16:33:41.477 E/Utils   (  460): did not find channel-count and/or sample-rate
06-12 16:33:41.494 D/stbdpc  (  405): STB_DPGetNumPaths[570]: num_paths: 1
06-12 16:33:41.522 I/AmAVUtils( 8170): AmAVUtils, GITINFO : d32b3814175617bb24dd0965983e5642c803ab3a(drm.autobuild  Mon Oct 18 12:59:01 CST 2021)
06-12 16:33:41.523 I/AmAVUtils( 8170): set profile 0 level:0
06-12 16:33:41.528 I/tomator2.serve( 8054): Background young concurrent copying GC freed 53236(2204KB) AllocSpace objects, 6(512KB) LOS objects, 0% free, 9226KB/9226KB, paused 173us total 293.544ms
06-12 16:33:41.532 D/CCodec  ( 8170): allocate(c2.android.mp3.decoder)
06-12 16:33:41.535 I/Codec2Client( 8170): Available Codec2 services: "software"
06-12 16:33:41.548 V/C2Store (  479): in init
06-12 16:33:41.548 V/C2Store (  479): loading dll
06-12 16:33:41.566 I/CCodec  ( 8170): Created component [c2.android.mp3.decoder]
06-12 16:33:41.567 D/CCodecConfig( 8170): read media type: audio/mpeg
06-12 16:33:41.576 D/ReflectedParamUpdater( 8170): extent() != 1 for single value type: algo.buffers.max-count.values
06-12 16:33:41.577 D/ReflectedParamUpdater( 8170): extent() != 1 for single value type: output.subscribed-indices.values
06-12 16:33:41.577 D/ReflectedParamUpdater( 8170): extent() != 1 for single value type: input.buffers.allocator-ids.values
06-12 16:33:41.577 D/ReflectedParamUpdater( 8170): extent() != 1 for single value type: output.buffers.allocator-ids.values
06-12 16:33:41.577 D/ReflectedParamUpdater( 8170): extent() != 1 for single value type: algo.buffers.allocator-ids.values
06-12 16:33:41.577 D/ReflectedParamUpdater( 8170): extent() != 1 for single value type: output.buffers.pool-ids.values
06-12 16:33:41.578 D/ReflectedParamUpdater( 8170): extent() != 1 for single value type: algo.buffers.pool-ids.values
06-12 16:33:41.580 I/CCodecConfig( 8170): query failed after returning 7 values (BAD_INDEX)
06-12 16:33:41.580 D/CCodecConfig( 8170): c2 config diff is Dict {
06-12 16:33:41.580 D/CCodecConfig( 8170):   c2::u32 coded.bitrate.value = 64000
06-12 16:33:41.580 D/CCodecConfig( 8170):   c2::u32 input.buffers.max-size.value = 8192
06-12 16:33:41.580 D/CCodecConfig( 8170):   c2::u32 input.delay.value = 0
06-12 16:33:41.580 D/CCodecConfig( 8170):   string input.media-type.value = "audio/mpeg"
06-12 16:33:41.580 D/CCodecConfig( 8170):   string output.media-type.value = "audio/raw"
06-12 16:33:41.580 D/CCodecConfig( 8170):   c2::u32 raw.channel-count.value = 2
06-12 16:33:41.580 D/CCodecConfig( 8170):   c2::u32 raw.sample-rate.value = 44100
06-12 16:33:41.580 D/CCodecConfig( 8170): }
06-12 16:33:41.581 D/CCodec  ( 8170): [c2.android.mp3.decoder] buffers are bound to CCodec for this session
06-12 16:33:41.582 D/CCodecConfig( 8170): no c2 equivalents for durationUs
06-12 16:33:41.582 D/CCodecConfig( 8170): no c2 equivalents for track-id
06-12 16:33:41.582 D/CCodecConfig( 8170): no c2 equivalents for encoder-delay
06-12 16:33:41.582 D/CCodecConfig( 8170): no c2 equivalents for encoder-padding
06-12 16:33:41.582 D/CCodecConfig( 8170): no c2 equivalents for flags
06-12 16:33:41.583 D/CCodecConfig( 8170): c2 config diff is   c2::u32 raw.channel-count.value = 1
06-12 16:33:41.583 D/CCodecConfig( 8170):   c2::u32 raw.sample-rate.value = 48000
06-12 16:33:41.584 W/Codec2Client( 8170): query -- param skipped: index = 1107298332.
06-12 16:33:41.584 D/CCodec  ( 8170): setup formats input: AMessage(what = 0x00000000) = {
06-12 16:33:41.584 D/CCodec  ( 8170):   int32_t channel-count = 1
06-12 16:33:41.584 D/CCodec  ( 8170):   int32_t max-input-size = 8192
06-12 16:33:41.584 D/CCodec  ( 8170):   string mime = "audio/mpeg"
06-12 16:33:41.584 D/CCodec  ( 8170):   int32_t sample-rate = 48000
06-12 16:33:41.584 D/CCodec  ( 8170): } and output: AMessage(what = 0x00000000) = {
06-12 16:33:41.584 D/CCodec  ( 8170):   int32_t channel-count = 1
06-12 16:33:41.584 D/CCodec  ( 8170):   string mime = "audio/raw"
06-12 16:33:41.584 D/CCodec  ( 8170):   int32_t sample-rate = 48000
06-12 16:33:41.584 D/CCodec  ( 8170):   int32_t encoder-delay = 576
06-12 16:33:41.584 D/CCodec  ( 8170):   int32_t encoder-padding = 1152
06-12 16:33:41.584 D/CCodec  ( 8170): }
06-12 16:33:41.586 W/Codec2Client( 8170): query -- param skipped: index = 1342179345.
06-12 16:33:41.586 W/Codec2Client( 8170): query -- param skipped: index = 2415921170.
06-12 16:33:41.589 E/FMQ     ( 8170): grantorIdx must be less than 3
06-12 16:33:41.590 E/FMQ     ( 8170): grantorIdx must be less than 3
06-12 16:33:41.590 D/CCodecBufferChannel( 8170): [c2.android.mp3.decoder#154] Created input block pool with allocatorID 16 => poolID 17 - OK (0)
06-12 16:33:41.591 E/FMQ     (  479): grantorIdx must be less than 3
06-12 16:33:41.591 E/FMQ     (  479): grantorIdx must be less than 3
06-12 16:33:41.592 I/CCodecBufferChannel( 8170): [c2.android.mp3.decoder#154] Created output block pool with allocatorID 16 => poolID 163 - OK
06-12 16:33:41.592 D/CCodecBufferChannel( 8170): [c2.android.mp3.decoder#154] Configured output block pool ids 163 => OK
06-12 16:33:41.593 E/ion     ( 8170): ioctl c0044901 failed with code -1: Inappropriate ioctl for device
06-12 16:33:41.594 D/stbdpc  (  405): STB_DPGetNumPaths[570]: num_paths: 1
06-12 16:33:41.596 D/SimpleC2Component(  479): Using output block pool with poolID 163 => got 163 - 0
06-12 16:33:41.612 E/FMQ     ( 8170): grantorIdx must be less than 3
06-12 16:33:41.613 E/FMQ     (  479): grantorIdx must be less than 3
06-12 16:33:41.614 I/C2SoftMp3Dec(  479): Reconfiguring decoder: 0->48000 Hz, 0->1 channels
06-12 16:33:41.616 E/FMQ     (  479): grantorIdx must be less than 3
06-12 16:33:41.620 E/FMQ     ( 8170): grantorIdx must be less than 3
06-12 16:33:41.636 D/CCodecBuffers( 8170): [c2.android.mp3.decoder#154:Output[N]] popFromStashAndRegister: output format changed to AMessage(what = 0x00000000) = {
06-12 16:33:41.636 D/CCodecBuffers( 8170):   int32_t channel-count = 1
06-12 16:33:41.636 D/CCodecBuffers( 8170):   string mime = "audio/raw"
06-12 16:33:41.636 D/CCodecBuffers( 8170):   int32_t sample-rate = 48000
06-12 16:33:41.636 D/CCodecBuffers( 8170):   int32_t encoder-delay = 576
06-12 16:33:41.636 D/CCodecBuffers( 8170):   int32_t encoder-padding = 1152
06-12 16:33:41.636 D/CCodecBuffers( 8170): }
06-12 16:33:41.668 D/LifecycleServiceBinder( 8170): Binding service to application.
06-12 16:33:41.694 D/stbdpc  (  405): STB_DPGetNumPaths[570]: num_paths: 1
06-12 16:33:41.705 D/ConnectivityService(  632): NetReassign [no changes]
06-12 16:33:41.712 I/ThermalService(  986): CPU temperatures: [80.8]
06-12 16:33:41.713 D/JioStbInactivityTimer(  933): Timer: count 253 warningTimeout:10680 timeout:10800
06-12 16:33:41.713 D/JioStbInactivityTimer(  933): isUserActive: Curr:6042682 Prev:6042682
06-12 16:33:41.783 E/ocessService0:( 2273): failed to create Unix domain socket: Operation not permitted
06-12 16:33:41.795 D/stbdpc  (  405): STB_DPGetNumPaths[570]: num_paths: 1
06-12 16:33:41.895 D/stbdpc  (  405): STB_DPGetNumPaths[570]: num_paths: 1
06-12 16:33:41.936 D/dvb_iptv(  405): ReadEmmNetworkTask[1537]: EMM Select Timeout Occured 13
06-12 16:33:41.974 I/FA      ( 8170): App measurement initialized, version: 106000
06-12 16:33:41.974 I/FA      ( 8170): To enable debug logging run: adb shell setprop log.tag.FA VERBOSE
06-12 16:33:41.975 I/FA      ( 8170): To enable faster debug mode event logging run:
06-12 16:33:41.975 I/FA      ( 8170):   adb shell setprop debug.firebase.analytics.app in.startv.hotstar
06-12 16:33:41.981 E/WifiVendorHal(  632): getWifiLinkLayerStats_1_3_Internal(l.973) failed {.code = ERROR_UNKNOWN, .description = unknown error}
06-12 16:33:41.995 D/stbdpc  (  405): STB_DPGetNumPaths[570]: num_paths: 1
06-12 16:33:42.080 W/.startv.hotsta( 8170): Long monitor contention with owner Firebase Background Thread #0 (8197) at java.lang.Object B5.i.call()(SourceFile:38) waiters=0 in java.lang.Object B5.i.call() for 660ms
06-12 16:33:42.084 W/.startv.hotsta( 8170): Long monitor contention with owner Firebase Background Thread #0 (8197) at java.lang.Object B5.i.call()(SourceFile:38) waiters=1 in java.lang.Object B5.i.call() for 568ms
06-12 16:33:42.094 I/tomator2.serve( 8054): Background concurrent copying GC freed 91964(4544KB) AllocSpace objects, 13(1844KB) LOS objects, 49% free, 8598KB/16MB, paused 1.180ms total 564.700ms
06-12 16:33:42.095 D/stbdpc  (  405): STB_DPGetNumPaths[570]: num_paths: 1
06-12 16:33:42.113 E/QueryController( 8054): Got null root node from accessibility - Retrying...
06-12 16:33:42.156 I/uncher.relianc( 1781): oneway function results will be dropped but finished with status OK and parcel size 4
06-12 16:33:42.157 D/SessionLifecycleClient( 8170): Queued message 1. Queue size 1
06-12 16:33:42.162 I/e.swalekh.abct( 1336): oneway function results will be dropped but finished with status OK and parcel size 4
06-12 16:33:42.179 D/JioSTBMRServer-SERVICE( 3304): InetSocketAddress(InetAddress.getByName(inetAddress.hostAddress)-/192.168.1.255
06-12 16:33:42.179 D/JioSTBMRServer-SERVICE( 3304): #beacon:RKISBFJ60000097:0:false:0:1:SV=181024 , 192.168.1.255
06-12 16:33:42.183 D/rtk_heartbeat(  351): heartbeat_timed_out: heartbeatCmdCount = 6273, expected nextSeqNum = 6273
06-12 16:33:42.184 D/rtk_heartbeat(  351): rtkbt_heartbeat_cmpl_cback: Current SeqNum = 6273,should SeqNum=6273, status = 0
06-12 16:33:42.191 D/JioSTBMRServer-SERVICE( 3304): InetSocketAddress(InetAddress.getByName(inetAddress.hostAddress)-/192.168.1.255
06-12 16:33:42.191 D/JioSTBMRServer-SERVICE( 3304): #broadcast IP:192.168.1.255
06-12 16:33:42.195 D/stbdpc  (  405): STB_DPGetNumPaths[570]: num_paths: 1
06-12 16:33:42.221 I/Choreographer( 8170): Skipped 55 frames!  The application may be doing too much work on its main thread.
06-12 16:33:42.245 V/DigitalSignage(  632): Package Name: null
06-12 16:33:42.245 V/DigitalSignage(  632): Left: 0
06-12 16:33:42.245 V/DigitalSignage(  632): Right: 0
06-12 16:33:42.245 V/DigitalSignage(  632): Top: 0
06-12 16:33:42.245 V/DigitalSignage(  632): Bottom: 0
06-12 16:33:42.245 D/DigitalSignage(  632): else - Package Name :: null left : 0 right :: 0 top :: 0 bottom :: 0 dfu-right :: 1920 dfu-bottom :: 1080
06-12 16:33:42.246 V/DigitalSignage(  632): Package Name: null
06-12 16:33:42.246 V/DigitalSignage(  632): Left: 0
06-12 16:33:42.246 V/DigitalSignage(  632): Right: 0
06-12 16:33:42.246 V/DigitalSignage(  632): Top: 0
06-12 16:33:42.246 V/DigitalSignage(  632): Bottom: 0
06-12 16:33:42.246 D/DigitalSignage(  632): else - Package Name :: null left : 0 right :: 0 top :: 0 bottom :: 0 dfu-right :: 1920 dfu-bottom :: 1080
06-12 16:33:42.250 I/hw-BpHwBinder( 8170): onLastStrongRef automatically unlinking death recipients
06-12 16:33:42.252 I/hw-BpHwBinder(  479): onLastStrongRef automatically unlinking death recipients
06-12 16:33:42.252 V/RootBeer( 8170): b: a() [44] - /system/xbin/su binary detected!
06-12 16:33:42.258 V/C2Store (  479): in ~ComponentModule
06-12 16:33:42.258 V/C2Store (  479): unloading dll
06-12 16:33:42.285 I/hwservicemanager(  235): getTransport: Cannot find entry android.hardware.configstore@1.0::ISurfaceFlingerConfigs/default in either framework or device manifest.
06-12 16:33:42.296 D/stbdpc  (  405): STB_DPGetNumPaths[570]: num_paths: 1
06-12 16:33:42.337 I/OpenGLRenderer( 8170): Davey! duration=1034ms; Flags=1, IntendedVsync=6296657812162, Vsync=6297575395477, OldestInputEvent=9223372036854775807, NewestInputEvent=0, HandleInputStart=6297577462501, AnimationStart=6297577466042, PerformTraversalsStart=6297581872584, DrawStart=6297664420417, SyncQueued=6297665613667, SyncStart=6297666586792, IssueDrawCommandsStart=6297666718126, SwapBuffers=6297690637834, FrameCompleted=6297693537667, DequeueBufferDuration=9094292, QueueBufferDuration=1013625, GpuCompleted=0, 
06-12 16:33:42.343 V/DigitalSignage(  632): Package Name: null
06-12 16:33:42.344 V/DigitalSignage(  632): Left: 0
06-12 16:33:42.344 V/DigitalSignage(  632): Right: 0
06-12 16:33:42.344 V/DigitalSignage(  632): Top: 0
06-12 16:33:42.344 V/DigitalSignage(  632): Bottom: 0
06-12 16:33:42.344 D/DigitalSignage(  632): else - Package Name :: null left : 0 right :: 0 top :: 0 bottom :: 0 dfu-right :: 1920 dfu-bottom :: 1080
06-12 16:33:42.345 V/DigitalSignage(  632): Package Name: null
06-12 16:33:42.345 V/DigitalSignage(  632): Left: 0
06-12 16:33:42.345 V/DigitalSignage(  632): Right: 0
06-12 16:33:42.345 V/DigitalSignage(  632): Top: 0
06-12 16:33:42.345 V/DigitalSignage(  632): Bottom: 0
06-12 16:33:42.345 D/DigitalSignage(  632): else - Package Name :: null left : 0 right :: 0 top :: 0 bottom :: 0 dfu-right :: 1920 dfu-bottom :: 1080
06-12 16:33:42.348 V/DigitalSignage(  632): Package Name: null
06-12 16:33:42.348 V/DigitalSignage(  632): Left: 0
06-12 16:33:42.348 V/DigitalSignage(  632): Right: 0
06-12 16:33:42.348 V/DigitalSignage(  632): Top: 0
06-12 16:33:42.349 V/DigitalSignage(  632): Bottom: 0
06-12 16:33:42.349 D/DigitalSignage(  632): else - Package Name :: null left : 0 right :: 0 top :: 0 bottom :: 0 dfu-right :: 1920 dfu-bottom :: 1080
06-12 16:33:42.349 V/DigitalSignage(  632): Package Name: null
06-12 16:33:42.349 V/DigitalSignage(  632): Left: 0
06-12 16:33:42.349 V/DigitalSignage(  632): Right: 0
06-12 16:33:42.349 V/DigitalSignage(  632): Top: 0
06-12 16:33:42.349 V/DigitalSignage(  632): Bottom: 0
06-12 16:33:42.350 D/SessionLifecycleService( 8170): Service bound to new client on process 8170
06-12 16:33:42.350 D/DigitalSignage(  632): else - Package Name :: null left : 0 right :: 0 top :: 0 bottom :: 0 dfu-right :: 1920 dfu-bottom :: 1080
06-12 16:33:42.359 D/SessionLifecycleService( 8170): App has not yet foregrounded. Using previously stored session.
06-12 16:33:42.360 D/SessionLifecycleService( 8170): Client android.os.Messenger@f56575a bound at 6297706. Clients: 1
06-12 16:33:42.368 D/SessionLifecycleClient( 8170): Connected to SessionLifecycleService. Queue size 1
06-12 16:33:42.369 D/SessionLifecycleClient( 8170): Sending lifecycle 1 to service
06-12 16:33:42.369 D/SessionLifecycleService( 8170): Activity foregrounding at 6297725.
06-12 16:33:42.372 D/SessionLifecycleService( 8170): Cold start detected.
06-12 16:33:42.374 D/SessionLifecycleService( 8170): Generated new session.
06-12 16:33:42.374 D/SessionLifecycleService( 8170): Broadcasting new session
06-12 16:33:42.377 D/SessionLifecycleClient( 8170): Session update received.
06-12 16:33:42.378 D/SessionFirelogPublisher( 8170): Data Collection is enabled for at least one Subscriber
06-12 16:33:42.390 D/JioLauncher( 1781): launcher-appp-in-background
06-12 16:33:42.393 E/PushSDK ( 1781): Total time spend is 00:04:14
06-12 16:33:42.393 D/SessionLifecycleClient( 8170): Notified CRASHLYTICS of new session f70fefb861c14e79a8f0728f7cd51db5
06-12 16:33:42.393 E/PushSDK ( 1781): app closed with session id eXxwCLj1749725967484
06-12 16:33:42.396 D/stbdpc  (  405): STB_DPGetNumPaths[570]: num_paths: 1
06-12 16:33:42.412 V/DigitalSignage(  632): Package Name: null
06-12 16:33:42.412 V/DigitalSignage(  632): Left: 0
06-12 16:33:42.412 V/DigitalSignage(  632): Right: 0
06-12 16:33:42.412 V/DigitalSignage(  632): Top: 0
06-12 16:33:42.412 V/DigitalSignage(  632): Bottom: 0
06-12 16:33:42.413 D/DigitalSignage(  632): else - Package Name :: null left : 0 right :: 0 top :: 0 bottom :: 0 dfu-right :: 1920 dfu-bottom :: 1080
06-12 16:33:42.413 V/DigitalSignage(  632): Package Name: null
06-12 16:33:42.413 V/DigitalSignage(  632): Left: 0
06-12 16:33:42.413 V/DigitalSignage(  632): Right: 0
06-12 16:33:42.413 V/DigitalSignage(  632): Top: 0
06-12 16:33:42.413 V/DigitalSignage(  632): Bottom: 0
06-12 16:33:42.413 D/DigitalSignage(  632): else - Package Name :: null left : 0 right :: 0 top :: 0 bottom :: 0 dfu-right :: 1920 dfu-bottom :: 1080
06-12 16:33:42.436 D/dvb_iptv(  405): ReadEmmNetworkTask[1537]: EMM Select Timeout Occured 14
06-12 16:33:42.437 I/android.hardware.power-service.libperfmgr(  369): Power setBoost: INTERACTION duration: 0
06-12 16:33:42.437 I/libperfmgr(  369): Do Powerhint: INTERACTION
06-12 16:33:42.449 D/JioLauncher( 1781): onSaveInstanceState-getting called
06-12 16:33:42.463 V/DigitalSignage(  632): Package Name: null
06-12 16:33:42.463 V/DigitalSignage(  632): Left: 0
06-12 16:33:42.463 V/DigitalSignage(  632): Right: 0
06-12 16:33:42.463 V/DigitalSignage(  632): Top: 0
06-12 16:33:42.463 V/DigitalSignage(  632): Bottom: 0
06-12 16:33:42.463 D/DigitalSignage(  632): else - Package Name :: null left : 0 right :: 0 top :: 0 bottom :: 0 dfu-right :: 1920 dfu-bottom :: 1080
06-12 16:33:42.463 V/DigitalSignage(  632): Package Name: null
06-12 16:33:42.463 V/DigitalSignage(  632): Left: 0
06-12 16:33:42.463 V/DigitalSignage(  632): Right: 0
06-12 16:33:42.463 V/DigitalSignage(  632): Top: 0
06-12 16:33:42.463 V/DigitalSignage(  632): Bottom: 0
06-12 16:33:42.463 D/DigitalSignage(  632): else - Package Name :: null left : 0 right :: 0 top :: 0 bottom :: 0 dfu-right :: 1920 dfu-bottom :: 1080
06-12 16:33:42.496 D/stbdpc  (  405): STB_DPGetNumPaths[570]: num_paths: 1
06-12 16:33:42.539 D/NetflixService(  986): onForegroundActivitiesChanged pid:1781,uid:10035,fg:false
06-12 16:33:42.541 D/NetflixService(  986): processName:com.netflix.ninja,importance:300
06-12 16:33:42.543 V/FileLogTree( 8170): Successfully created log file /data/user/0/in.startv.hotstar/files/logs/HotStarLogs1749726222540.log
06-12 16:33:42.545 I/ActivityTaskManager(  632): Displayed in.startv.hotstar/com.hotstar.MainActivity: +1s562ms
06-12 16:33:42.568 D/EventGDTLogger( 8170): Session Event Type: SESSION_START
06-12 16:33:42.569 D/CompatibilityChangeReporter(  632): Compat change id reported: 136274596; UID 10072; state: ENABLED
06-12 16:33:42.589 V/DigitalSignage(  632): Package Name: null
06-12 16:33:42.589 V/DigitalSignage(  632): Left: 0
06-12 16:33:42.589 V/DigitalSignage(  632): Right: 0
06-12 16:33:42.589 V/DigitalSignage(  632): Top: 0
06-12 16:33:42.589 V/DigitalSignage(  632): Bottom: 0
06-12 16:33:42.589 D/DigitalSignage(  632): else - Package Name :: null left : 0 right :: 0 top :: 0 bottom :: 0 dfu-right :: 1920 dfu-bottom :: 1080
06-12 16:33:42.596 D/stbdpc  (  405): STB_DPGetNumPaths[570]: num_paths: 1
06-12 16:33:42.605 V/DigitalSignage(  632): Package Name: null
06-12 16:33:42.605 V/DigitalSignage(  632): Left: 0
06-12 16:33:42.605 D/SessionFirelogPublisher( 8170): Successfully logged Session Start event.
06-12 16:33:42.605 V/DigitalSignage(  632): Right: 0
06-12 16:33:42.605 V/DigitalSignage(  632): Top: 0
06-12 16:33:42.605 V/DigitalSignage(  632): Bottom: 0
06-12 16:33:42.605 D/DigitalSignage(  632): else - Package Name :: null left : 0 right :: 0 top :: 0 bottom :: 0 dfu-right :: 1920 dfu-bottom :: 1080
06-12 16:33:42.628 I/lowmemorykiller(  233): medium memory pressure event is triggered for new strategy
06-12 16:33:42.628 D/lowmemorykiller(  233): LMKD mp_event_psi kill_reasons available are PRESSURE_AFTER_KILL, NOT_RESPONDING, LOW_SWAP_AND_THRASHING, LOW_MEM_AND_SWAP, LOW_MEM_AND_THRASHING, DIRECT_RECL_AND_THRASHING
06-12 16:33:42.628 D/lowmemorykiller(  233): LMKD mp_event_psi kill_reason received= -1
06-12 16:33:42.683 W/GooglePlayServicesUtil( 8170): in.startv.hotstar requires the Google Play Store, but it is missing.
06-12 16:33:42.683 W/FA      ( 8170): Service invalid
06-12 16:33:42.696 I/appium  ( 8054): Took 0ms to retrieve 0 matches for '//android.widget.ImageView[@resource-id='in.startv.hotstar:id/iv_profile']' XPath2 query
06-12 16:33:42.696 D/stbdpc  (  405): STB_DPGetNumPaths[570]: num_paths: 1
06-12 16:33:42.704 I/appium  ( 8054): AppiumResponse: {"sessionId":"2d938c32-c8a4-4a8c-99f9-66940e11ffa8","value":{"error":"no such element","message":"An element could not be located on the page using the given search parameters","stacktrace":"io.appium.uiautomator2.common.exceptions.ElementNotFoundException: An element could not be located on the page using the given search parameters\n\tat io.appium.uiautomator2.utils.ElementLocationHelpers.findElement(ElementLocationHelpers.java:156)\n\tat io.appium.uiautomator2.handler.FindElement.safeHandle(FindElement.java:60)\n\tat io.appium.uiautomator2.handler.request.SafeRequestHandler.handle(SafeRequestHandler.java:59)\n\tat io.appium.uiautomator2.server.AppiumServlet.handleRequest(AppiumServlet.java:259)\n\tat io.appium.uiautomator2.server.AppiumServlet.handleHttpRequest(AppiumServlet.java:253)\n\tat io.appium.uiautomator2.http.ServerHandler.channelRead(ServerHandler.java:77)\n\tat io.netty.channel.AbstractChannelHandlerContext.invokeChannelRead(AbstractChannelHandlerContext.java:374)\n\tat io.netty.channel.AbstractChannelHandlerContext.invokeChannelRead(AbstractChannelHandlerContext.java:360)\n\tat io.netty.channel.AbstractChannelHandlerContext.fireChannelRead(AbstractChannelHandlerContext.java:352)\n\tat io.netty.handler.codec.MessageToMessageDecoder.channelRead(MessageToMessageDecoder.java:102)\n\tat io.netty.channel.AbstractChannelHandlerContext.invokeChannelRead(AbstractChannelHandlerContext.java:374)\n\tat io.netty.channel.AbstractChannelHandlerContext.invokeChannelRead(AbstractChannelHandlerContext.java:360)\n\tat io.netty.channel.AbstractChannelHandlerContext.fireChannelRead(AbstractChannelHandlerContext.java:352)\n\tat io.netty.channel.CombinedChannelDuplexHandler$DelegatingChannelHandlerContext.fireChannelRead(CombinedChannelDuplexHandler.java:438)\n\tat io.netty.handler.codec.ByteToMessageDecoder.fireChannelRead(ByteToMessageDecoder.java:328)\n\tat io.netty.handler.codec.ByteToMessageDecoder.channelRead(ByteToMessageDecoder.java:302)\n\tat io.netty.channel.CombinedChannelDuplexHandler.channelRead(CombinedChannelDuplexHandler.java:253)\n\tat io.netty.channel.AbstractChannelHandlerContext.invokeChannelRead(AbstractChannelHandlerContext.java:374)\n\tat io.netty.channel.AbstractChannelHandlerContext.invokeChannelRead(AbstractChannelHandlerContext.java:360)\n\tat io.netty.channel.AbstractChannelHandlerContext.fireChannelRead(AbstractChannelHandlerContext.java:352)\n\tat io.netty.handler.timeout.IdleStateHandler.channelRead(IdleStateHandler.java:287)\n\tat io.netty.channel.AbstractChannelHandlerContext.invokeChannelRead(AbstractChannelHandlerContext.java:374)\n\tat io.netty.channel.AbstractChannelHandlerContext.invokeChannelRead(AbstractChannelHandlerContext.java:360)\n\tat io.netty.channel.AbstractChannelHandlerContext.fireChannelRead(AbstractChannelHandlerContext.java:352)\n\tat io.netty.channel.DefaultChannelPipeline$HeadContext.channelRead(DefaultChannelPipeline.java:1422)\n\tat io.netty.channel.AbstractChannelHandlerContext.invokeChannelRead(AbstractChannelHandlerContext.java:374)\n\tat io.netty.channel.AbstractChannelHandlerContext.invokeChannelRead(AbstractChannelHandlerContext.java:360)\n\tat io.netty.channel.DefaultChannelPipeline.fireChannelRead(DefaultChannelPipeline.java:931)\n\tat io.netty.channel.nio.AbstractNioByteChannel$NioByteUnsafe.read(AbstractNioByteChannel.java:163)\n\tat io.netty.channel.nio.NioEventLoop.processSelectedKey(NioEventLoop.java:700)\n\tat io.netty.channel.nio.NioEventLoop.processSelectedKeysOptimized(NioEventLoop.java:635)\n\tat io.netty.channel.nio.NioEventLoop.processSelectedKeys(NioEventLoop.java:552)\n\tat io.netty.channel.nio.NioEventLoop.run(NioEventLoop.java:514)\n\tat io.netty.util.concurrent.SingleThreadEventExecutor$6.run(SingleThreadEventExecutor.java:1044)\n\tat io.netty.util.internal.ThreadExecutorMap$2.run(ThreadExecutorMap.java:74)\n\tat io.netty.util.concurrent.FastThreadLocalRunnable.run(FastThreadLocalRunnable.java:30)\n\tat java.lang.Thread.run(Thread.java:923)\n"}}
06-12 16:33:42.713 D/JioStbInactivityTimer(  933): Timer: count 254 warningTimeout:10680 timeout:10800
06-12 16:33:42.714 D/JioStbInactivityTimer(  933): isUserActive: Curr:6042682 Prev:6042682
06-12 16:33:42.728 I/lowmemorykiller(  233): medium memory pressure event is triggered for new strategy
06-12 16:33:42.728 D/lowmemorykiller(  233): LMKD mp_event_psi kill_reasons available are PRESSURE_AFTER_KILL, NOT_RESPONDING, LOW_SWAP_AND_THRASHING, LOW_MEM_AND_SWAP, LOW_MEM_AND_THRASHING, DIRECT_RECL_AND_THRASHING
06-12 16:33:42.728 D/lowmemorykiller(  233): LMKD mp_event_psi kill_reason received= -1
06-12 16:33:42.757 I/FA      ( 8170): Tag Manager is not found and thus will not be used
06-12 16:33:42.759 W/GooglePlayServicesUtil( 8170): Google Play services is missing.
06-12 16:33:42.793 I/FirebaseCrashlytics( 8170): Saved version control info
06-12 16:33:42.796 D/stbdpc  (  405): STB_DPGetNumPaths[570]: num_paths: 1
06-12 16:33:42.829 I/lowmemorykiller(  233): medium memory pressure event is triggered for new strategy
06-12 16:33:42.829 D/lowmemorykiller(  233): LMKD mp_event_psi kill_reasons available are PRESSURE_AFTER_KILL, NOT_RESPONDING, LOW_SWAP_AND_THRASHING, LOW_MEM_AND_SWAP, LOW_MEM_AND_THRASHING, DIRECT_RECL_AND_THRASHING
06-12 16:33:42.829 D/lowmemorykiller(  233): LMKD mp_event_psi kill_reason received= -1
06-12 16:33:42.842 D/[213   ] JioAccount-ADC( 2132): v2.a a> Event: XJSSOE3
06-12 16:33:42.842 V/[213   ] JioAccount-ADC( 2132): v2.a a> XJSSOE3	PARAMETERS:
06-12 16:33:42.843 D/[306   ] JioAccount-ADC( 2132): com.jio.adc.core.b c> Getting ServiceInfo
06-12 16:33:42.847 D/[306   ] JioAccount-ADC( 2132): com.jio.adc.core.b c> Starting Bind...
06-12 16:33:42.850 D/[2     ] JioAccount-ADC( 2132): com.jio.adc.core.b$2 onServiceConnected> Connected
06-12 16:33:42.853 D/[2     ] JioAccount-ADC( 2132): com.jio.adc.core.b$c$1 h> PROCESSING EVENT: XJSSOE3; TIME: 12-06-25 16:33:42:842; PARAMETERS: {"XJSSOP13":"in.startv.hotstar","XJSSOP14":true,"XJSSOP15":""}
06-12 16:33:42.869 V/[2     ] JioAccount-ADC( 2132): com.jio.adc.core.b$c$1 h> Event Written: XJSSOE3; TIME: 12-06-25 16:33:42:842; PARAMETERS: {"XJSSOP13":"in.startv.hotstar","XJSSOP14":true,"XJSSOP15":""}
06-12 16:33:42.881 D/[306   ] JioAccount-ADC( 2132): com.jio.adc.core.b c> Binding...
06-12 16:33:42.897 D/stbdpc  (  405): STB_DPGetNumPaths[570]: num_paths: 1
06-12 16:33:42.906 V/RootBeer( 8170): b: a() [44] - /system/xbin/su binary detected!
06-12 16:33:42.929 I/lowmemorykiller(  233): medium memory pressure event is triggered for new strategy
06-12 16:33:42.929 D/lowmemorykiller(  233): LMKD mp_event_psi kill_reasons available are PRESSURE_AFTER_KILL, NOT_RESPONDING, LOW_SWAP_AND_THRASHING, LOW_MEM_AND_SWAP, LOW_MEM_AND_THRASHING, DIRECT_RECL_AND_THRASHING
06-12 16:33:42.929 D/lowmemorykiller(  233): LMKD mp_event_psi kill_reason received= -1
06-12 16:33:42.936 D/dvb_iptv(  405): ReadEmmNetworkTask[1537]: EMM Select Timeout Occured 15
06-12 16:33:42.957 I/system_server(  632): oneway function results will be dropped but finished with status OK and parcel size 4
06-12 16:33:42.957 I/system_server(  632): oneway function results will be dropped but finished with status OK and parcel size 4
06-12 16:33:42.960 W/AudioFlinger(  390): createTrack_l(): mismatch between requested flags (00000004) and output flags (00000002)
06-12 16:33:42.961 D/AF::TrackHandle(  390): OpPlayAudio: track:162 usage:1 not muted
06-12 16:33:42.968 D/AudioTrack( 8170): createTrack_l(0): AUDIO_OUTPUT_FLAG_FAST denied by server; frameCount 0 -> 122688
06-12 16:33:42.972 W/APM::AudioPolicyEngine(  390): getDevicesForStrategy() unknown strategy: -1
06-12 16:33:42.972 W/APM::AudioPolicyEngine(  390): getDevicesForStrategy() unknown strategy: -1
06-12 16:33:42.973 I/system_server(  632): oneway function results will be dropped but finished with status OK and parcel size 4
06-12 16:33:42.977 I/sub_mixing_factory(  350): [usecase_change_validate_l_sm:1209] ++++continuous:0 dev masks:0, out masks:0, out usecase PCM_NORMAL
06-12 16:33:42.977 I/sub_mixing_factory(  350): [usecase_change_validate_l_sm:1216] add usecase PCM_NORMAL, cnt 1
06-12 16:33:42.977 D/sub_mixing_factory(  350): [usecase_change_validate_l_sm:1228] cur dev masks:0, add out usecase:PCM_NORMAL
06-12 16:33:42.977 I/sub_mixing_factory(  350): [usecase_change_validate_l_sm:1259] ----continuous:0 dev masks:0x1, out masks:0x1, out usecase PCM_NORMAL
06-12 16:33:42.977 D/aml_audio_port(  350): [new_input_port:260] buf_frames:384,frame_size:4 ==> thunk_size:1536
06-12 16:33:42.977 I/aml_audio_port(  350): [get_input_port_type:109] samplerate:48000, flags:0x2, channel_cnt:2
06-12 16:33:42.977 D/aml_audio_port(  350): [new_input_port:286] inport:PCM_SYSTEM, buf:6144, direct:0, format:0x1, rate:48000, ch:2
06-12 16:33:42.977 I/amlAudioMixer(  350): [init_mixer_input_port:175] input port:PCM_SYSTEM, size 384 frames, frame_write_sum:110014464
06-12 16:33:42.977 I/aml_audio_port(  350): [get_input_port_type:109] samplerate:48000, flags:0x2, channel_cnt:2
06-12 16:33:42.977 I/sub_mixing_factory(  350): [mixer_aux_buffer_write_sm:1066] stream 0xf557b000 input port:PCM_SYSTEM
06-12 16:33:42.977 I/sub_mixing_factory(  350): [mixer_aux_buffer_write_sm:1076] padding_bytes 12288
06-12 16:33:42.977 I/amlAudioMixer(  350): [mixer_write_inport:260] input port:PCM_SYSTEM is active now
06-12 16:33:42.977 I/sub_mixing_factory(  350): [mixer_aux_buffer_write_sm:1076] padding_bytes 10752
06-12 16:33:42.977 I/sub_mixing_factory(  350): [mixer_aux_buffer_write_sm:1076] padding_bytes 9216
06-12 16:33:42.977 I/sub_mixing_factory(  350): [mixer_aux_buffer_write_sm:1076] padding_bytes 7680
06-12 16:33:42.977 I/sub_mixing_factory(  350): [mixer_aux_buffer_write_sm:1076] padding_bytes 6144
06-12 16:33:42.984 I/amlAudioMixer(  350): [mixer_inports_read:704] input port:PCM_SYSTEM first start, portId:0, avail:6144
06-12 16:33:42.984 I/sub_mixing_factory(  350): [mixer_aux_buffer_write_sm:1076] padding_bytes 4608
06-12 16:33:42.992 I/sub_mixing_factory(  350): [mixer_aux_buffer_write_sm:1076] padding_bytes 3072
06-12 16:33:42.997 D/stbdpc  (  405): STB_DPGetNumPaths[570]: num_paths: 1
06-12 16:33:43.005 I/sub_mixing_factory(  350): [mixer_aux_buffer_write_sm:1076] padding_bytes 1536
06-12 16:33:43.029 I/lowmemorykiller(  233): medium memory pressure event is triggered for new strategy
06-12 16:33:43.030 D/lowmemorykiller(  233): LMKD mp_event_psi kill_reasons available are PRESSURE_AFTER_KILL, NOT_RESPONDING, LOW_SWAP_AND_THRASHING, LOW_MEM_AND_SWAP, LOW_MEM_AND_THRASHING, DIRECT_RECL_AND_THRASHING
06-12 16:33:43.030 D/lowmemorykiller(  233): LMKD mp_event_psi kill_reason received= -1
06-12 16:33:43.073 I/DrmUtils( 8170): found android.hardware.drm@1.0::IDrmFactory clearkey
06-12 16:33:43.078 I/DrmUtils( 8170): found android.hardware.drm@1.0::IDrmFactory verimatrix
06-12 16:33:43.083 I/DrmUtils( 8170): found android.hardware.drm@1.0::IDrmFactory widevine
06-12 16:33:43.087 I/DrmUtils( 8170): found android.hardware.drm@1.0::IDrmFactory youtube
06-12 16:33:43.097 D/stbdpc  (  405): STB_DPGetNumPaths[570]: num_paths: 1
06-12 16:33:43.103 I/DrmUtils( 8170): found android.hardware.drm@1.1::IDrmFactory clearkey
06-12 16:33:43.106 I/DrmUtils( 8170): found android.hardware.drm@1.1::IDrmFactory verimatrix
06-12 16:33:43.110 I/DrmUtils( 8170): found android.hardware.drm@1.1::IDrmFactory widevine
06-12 16:33:43.116 I/DrmUtils( 8170): found android.hardware.drm@1.1::IDrmFactory youtube
06-12 16:33:43.124 I/DrmUtils( 8170): found android.hardware.drm@1.2::IDrmFactory clearkey
06-12 16:33:43.130 I/lowmemorykiller(  233): medium memory pressure event is triggered for new strategy
06-12 16:33:43.130 D/lowmemorykiller(  233): LMKD mp_event_psi kill_reasons available are PRESSURE_AFTER_KILL, NOT_RESPONDING, LOW_SWAP_AND_THRASHING, LOW_MEM_AND_SWAP, LOW_MEM_AND_THRASHING, DIRECT_RECL_AND_THRASHING
06-12 16:33:43.130 D/lowmemorykiller(  233): LMKD mp_event_psi kill_reason received= -1
06-12 16:33:43.131 I/DrmUtils( 8170): found android.hardware.drm@1.2::IDrmFactory verimatrix
06-12 16:33:43.133 I/DrmUtils( 8170): found android.hardware.drm@1.2::IDrmFactory widevine
06-12 16:33:43.135 I/DrmUtils( 8170): found android.hardware.drm@1.2::IDrmFactory youtube
06-12 16:33:43.144 I/DrmUtils( 8170): found android.hardware.drm@1.3::IDrmFactory clearkey
06-12 16:33:43.146 I/DrmUtils( 8170): found android.hardware.drm@1.3::IDrmFactory verimatrix
06-12 16:33:43.148 I/DrmUtils( 8170): found android.hardware.drm@1.3::IDrmFactory widevine
06-12 16:33:43.150 I/DrmUtils( 8170): found android.hardware.drm@1.3::IDrmFactory youtube
06-12 16:33:43.150 W/android.hardware.drm@1.3-service.youtube(  361): isCryptoSchemeSupported, false
06-12 16:33:43.151 I/WVCdm   (  356): [app][in.startv.hotstar] calling virtual Return<void> wvdrm::hardware::drm::V1_3::widevine::WVDrmFactory::createPlugin(const hidl_array<uint8_t, 16> &, const android::hardware::hidl_string &, android::hardware::drm::V1_3::IDrmFactory::createPlugin_cb)
06-12 16:33:43.159 I/WVCdm   (  356): [cdm_engine.cpp(573):QueryStatus] Querying status
06-12 16:33:43.165 I/chatty  (  356): uid=1013(media) HwBinder:356_1 identical 7 lines
06-12 16:33:43.165 I/WVCdm   (  356): [cdm_engine.cpp(573):QueryStatus] Querying status
06-12 16:33:43.166 D/WVCdm   (  356): [crypto_session.cpp(805):Open] Opening crypto session: requested_security_level = Default
06-12 16:33:43.167 I/WVCdm   (  356): [file_utils.cpp(40):Exists] stat failed: ENOENT
06-12 16:33:43.183 D/rtk_heartbeat(  351): heartbeat_timed_out: heartbeatCmdCount = 6274, expected nextSeqNum = 6274
06-12 16:33:43.184 D/rtk_heartbeat(  351): rtkbt_heartbeat_cmpl_cback: Current SeqNum = 6274,should SeqNum=6274, status = 0
06-12 16:33:43.197 D/stbdpc  (  405): STB_DPGetNumPaths[570]: num_paths: 1
06-12 16:33:43.230 I/lowmemorykiller(  233): medium memory pressure event is triggered for new strategy
06-12 16:33:43.230 D/lowmemorykiller(  233): LMKD mp_event_psi kill_reasons available are PRESSURE_AFTER_KILL, NOT_RESPONDING, LOW_SWAP_AND_THRASHING, LOW_MEM_AND_SWAP, LOW_MEM_AND_THRASHING, DIRECT_RECL_AND_THRASHING
06-12 16:33:43.230 D/lowmemorykiller(  233): LMKD mp_event_psi kill_reason received= -1
06-12 16:33:43.244 I/appium  ( 8054): channel read: POST /session/2d938c32-c8a4-4a8c-99f9-66940e11ffa8/element
06-12 16:33:43.246 I/appium  ( 8054): FindElement command
06-12 16:33:43.248 I/appium  ( 8054): method: 'xpath', selector: '//android.widget.ImageView[@resource-id='in.startv.hotstar:id/iv_profile']'
06-12 16:33:43.249 I/appium  ( 8054): Waiting up to 10000ms for the device to idle
06-12 16:33:43.260 W/AudioCapabilities( 8170): Unsupported mime audio/dtshd
06-12 16:33:43.260 W/AudioCapabilities( 8170): Unsupported mime audio/ffmpeg
06-12 16:33:43.260 W/AudioCapabilities( 8170): Unsupported mime audio/mpeg-L2
06-12 16:33:43.260 W/VideoCapabilities( 8170): Unsupported mime video/x-vnd.on2.vp6a
06-12 16:33:43.261 W/VideoCapabilities( 8170): Unsupported mime video/x-vnd.on2.vp6f
06-12 16:33:43.272 W/[ 6298.628013@2]  RTW(    0): fill_default_txdesc(wlan0): SP Packet(0x0806) rate=0x4 SeqNum = 1142
06-12 16:33:43.274 W/VideoCapabilities( 8170): Unsupported mime video/avs
06-12 16:33:43.275 W/VideoCapabilities( 8170): Unsupported mime video/avs2
06-12 16:33:43.280 W/VideoCapabilities( 8170): Unsupported mime video/x-motion-jpeg
06-12 16:33:43.281 W/VideoCapabilities( 8170): Unrecognized profile/level 0/3 for video/mpeg2
06-12 16:33:43.281 I/VideoCapabilities( 8170): Unsupported profile 2 for video/mpeg2
06-12 16:33:43.281 I/VideoCapabilities( 8170): Unsupported profile 3 for video/mpeg2
06-12 16:33:43.281 I/VideoCapabilities( 8170): Unsupported profile 4 for video/mpeg2
06-12 16:33:43.281 I/VideoCapabilities( 8170): Unsupported profile 5 for video/mpeg2
06-12 16:33:43.282 W/VideoCapabilities( 8170): Unrecognized profile/level 0/3 for video/mpeg2
06-12 16:33:43.282 I/VideoCapabilities( 8170): Unsupported profile 2 for video/mpeg2
06-12 16:33:43.282 I/VideoCapabilities( 8170): Unsupported profile 3 for video/mpeg2
06-12 16:33:43.282 I/VideoCapabilities( 8170): Unsupported profile 4 for video/mpeg2
06-12 16:33:43.282 I/VideoCapabilities( 8170): Unsupported profile 5 for video/mpeg2
06-12 16:33:43.283 I/VideoCapabilities( 8170): Unsupported profile 2 for video/mp4v-es
06-12 16:33:43.283 I/VideoCapabilities( 8170): Unsupported profile 4 for video/mp4v-es
06-12 16:33:43.283 I/VideoCapabilities( 8170): Unsupported profile 8 for video/mp4v-es
06-12 16:33:43.283 I/VideoCapabilities( 8170): Unsupported profile 16 for video/mp4v-es
06-12 16:33:43.283 I/VideoCapabilities( 8170): Unsupported profile 32 for video/mp4v-es
06-12 16:33:43.283 I/VideoCapabilities( 8170): Unsupported profile 64 for video/mp4v-es
06-12 16:33:43.283 I/VideoCapabilities( 8170): Unsupported profile 128 for video/mp4v-es
06-12 16:33:43.283 I/VideoCapabilities( 8170): Unsupported profile 256 for video/mp4v-es
06-12 16:33:43.283 I/VideoCapabilities( 8170): Unsupported profile 512 for video/mp4v-es
06-12 16:33:43.283 I/VideoCapabilities( 8170): Unsupported profile 1024 for video/mp4v-es
06-12 16:33:43.283 I/VideoCapabilities( 8170): Unsupported profile 2048 for video/mp4v-es
06-12 16:33:43.283 I/VideoCapabilities( 8170): Unsupported profile 4096 for video/mp4v-es
06-12 16:33:43.283 I/VideoCapabilities( 8170): Unsupported profile 8192 for video/mp4v-es
06-12 16:33:43.283 I/VideoCapabilities( 8170): Unsupported profile 16384 for video/mp4v-es
06-12 16:33:43.284 W/VideoCapabilities( 8170): Unsupported mime video/rm10
06-12 16:33:43.284 W/VideoCapabilities( 8170): Unsupported mime video/rm20
06-12 16:33:43.293 W/VideoCapabilities( 8170): Unsupported mime video/rm30
06-12 16:33:43.294 W/VideoCapabilities( 8170): Unsupported mime video/rm40
06-12 16:33:43.295 W/VideoCapabilities( 8170): Unsupported mime video/vc1
06-12 16:33:43.295 W/Utils   ( 8170): could not parse long range '1-'
06-12 16:33:43.296 W/VideoCapabilities( 8170): Unrecognized level 16 for video/x-vnd.on2.vp8
06-12 16:33:43.296 W/VideoCapabilities( 8170): Unrecognized level 32 for video/x-vnd.on2.vp8
06-12 16:33:43.296 W/VideoCapabilities( 8170): Unrecognized level 64 for video/x-vnd.on2.vp8
06-12 16:33:43.296 W/VideoCapabilities( 8170): Unrecognized level 128 for video/x-vnd.on2.vp8
06-12 16:33:43.296 W/VideoCapabilities( 8170): Unrecognized level 256 for video/x-vnd.on2.vp8
06-12 16:33:43.296 W/VideoCapabilities( 8170): Unrecognized level 512 for video/x-vnd.on2.vp8
06-12 16:33:43.296 W/VideoCapabilities( 8170): Unrecognized level 1024 for video/x-vnd.on2.vp8
06-12 16:33:43.296 W/VideoCapabilities( 8170): Unrecognized level 2048 for video/x-vnd.on2.vp8
06-12 16:33:43.296 W/VideoCapabilities( 8170): Unrecognized level 4096 for video/x-vnd.on2.vp8
06-12 16:33:43.296 W/VideoCapabilities( 8170): Unrecognized level 8192 for video/x-vnd.on2.vp8
06-12 16:33:43.296 W/VideoCapabilities( 8170): Unrecognized level 16384 for video/x-vnd.on2.vp8
06-12 16:33:43.296 W/VideoCapabilities( 8170): Unrecognized level 32768 for video/x-vnd.on2.vp8
06-12 16:33:43.297 D/stbdpc  (  405): STB_DPGetNumPaths[570]: num_paths: 1
06-12 16:33:43.299 W/VideoCapabilities( 8170): Unsupported mime video/wmv3
06-12 16:33:43.300 W/VideoCapabilities( 8170): Unsupported mime video/wmv1
06-12 16:33:43.300 W/VideoCapabilities( 8170): Unsupported mime video/wmv2
06-12 16:33:43.301 W/VideoCapabilities( 8170): Unsupported mime video/wvc1
06-12 16:33:43.301 W/Utils   ( 8170): could not parse long range '1-'
06-12 16:33:43.302 W/VideoCapabilities( 8170): Unsupported profile 4 for video/avc
06-12 16:33:43.330 D/MediaCodecInfo( 8170): NoSupport [sizeAndRate.support, 1920x1080x25.0] [c2.android.hevc.decoder, video/hevc] [MSTB, JMSB200A, Jio, 30]
06-12 16:33:43.331 I/lowmemorykiller(  233): medium memory pressure event is triggered for new strategy
06-12 16:33:43.331 D/MediaCodecInfo( 8170): NoSupport [sizeAndRate.support, 1920x1080x25.0] [c2.android.hevc.decoder, video/hevc] [MSTB, JMSB200A, Jio, 30]
06-12 16:33:43.331 D/lowmemorykiller(  233): LMKD mp_event_psi kill_reasons available are PRESSURE_AFTER_KILL, NOT_RESPONDING, LOW_SWAP_AND_THRASHING, LOW_MEM_AND_SWAP, LOW_MEM_AND_THRASHING, DIRECT_RECL_AND_THRASHING
06-12 16:33:43.331 D/lowmemorykiller(  233): LMKD mp_event_psi kill_reason received= -1
06-12 16:33:43.332 D/MediaCodecInfo( 8170): NoSupport [sizeAndRate.support, 1920x1080x25.0] [c2.android.vp9.decoder, video/x-vnd.on2.vp9] [MSTB, JMSB200A, Jio, 30]
06-12 16:33:43.332 D/MediaCodecInfo( 8170): NoSupport [sizeAndRate.support, 1920x1080x25.0] [c2.android.vp9.decoder, video/x-vnd.on2.vp9] [MSTB, JMSB200A, Jio, 30]
06-12 16:33:43.385 D/ltts_ip_emm(  405): LTTS_IP_DMXStartEMM[381]: parse_emm_cat_status failed
06-12 16:33:43.397 D/stbdpc  (  405): STB_DPGetNumPaths[570]: num_paths: 1
