06-12 15:43:06.662 W/System.err(21217): 	at android.widget.LinearLayout.layoutVertical(LinearLayout.java:1673)
06-12 15:43:06.662 W/System.err(21217): 	at android.widget.LinearLayout.onLayout(LinearLayout.java:1582)
06-12 15:43:06.662 W/System.err(21217): 	at android.view.View.layout(View.java:22844)
06-12 15:43:06.663 W/System.err(21217): 	at android.view.ViewGroup.layout(ViewGroup.java:6389)
06-12 15:43:06.663 W/System.err(21217): 	at android.widget.FrameLayout.layoutChildren(FrameLayout.java:332)
06-12 15:43:06.663 W/System.err(21217): 	at android.widget.FrameLayout.onLayout(FrameLayout.java:270)
06-12 15:43:06.663 W/System.err(21217): 	at com.android.internal.policy.DecorView.onLayout(DecorView.java:784)
06-12 15:43:06.663 W/System.err(21217): 	at android.view.View.layout(View.java:22844)
06-12 15:43:06.663 W/System.err(21217): 	at android.view.ViewGroup.layout(ViewGroup.java:6389)
06-12 15:43:06.663 W/System.err(21217): 	at android.view.ViewRootImpl.performLayout(ViewRootImpl.java:3475)
06-12 15:43:06.663 W/System.err(21217): 	at android.view.ViewRootImpl.performTraversals(ViewRootImpl.java:2943)
06-12 15:43:06.663 W/System.err(21217): 	at android.view.ViewRootImpl.doTraversal(ViewRootImpl.java:1948)
06-12 15:43:06.663 W/System.err(21217): 	at android.view.ViewRootImpl$TraversalRunnable.run(ViewRootImpl.java:8177)
06-12 15:43:06.663 W/System.err(21217): 	at android.view.Choreographer$CallbackRecord.run(Choreographer.java:972)
06-12 15:43:06.663 W/System.err(21217): 	at android.view.Choreographer.doCallbacks(Choreographer.java:796)
06-12 15:43:06.663 W/System.err(21217): 	at android.view.Choreographer.doFrame(Choreographer.java:731)
06-12 15:43:06.663 W/System.err(21217): 	at android.view.Choreographer$FrameDisplayEventReceiver.run(Choreographer.java:957)
06-12 15:43:06.663 W/System.err(21217): 	at android.os.Handler.handleCallback(Handler.java:938)
06-12 15:43:06.663 W/System.err(21217): 	at android.os.Handler.dispatchMessage(Handler.java:99)
06-12 15:43:06.663 W/System.err(21217): 	at android.os.Looper.loop(Looper.java:223)
06-12 15:43:06.663 W/System.err(21217): 	at android.app.ActivityThread.main(ActivityThread.java:7664)
06-12 15:43:06.663 W/System.err(21217): 	at java.lang.reflect.Method.invoke(Native Method)
06-12 15:43:06.663 W/System.err(21217): 	at com.android.internal.os.RuntimeInit$MethodAndArgsCaller.run(RuntimeInit.java:592)
06-12 15:43:06.663 W/System.err(21217): 	at com.android.internal.os.ZygoteInit.main(ZygoteInit.java:952)
06-12 15:43:06.679 W/System.err(21217): java.lang.IllegalArgumentException: width and height must be > 0
06-12 15:43:06.680 W/System.err(21217): 	at android.graphics.Bitmap.createBitmap(Bitmap.java:1113)
06-12 15:43:06.680 W/System.err(21217): 	at android.graphics.Bitmap.createBitmap(Bitmap.java:1080)
06-12 15:43:06.680 W/System.err(21217): 	at android.graphics.Bitmap.createBitmap(Bitmap.java:1030)
06-12 15:43:06.680 W/System.err(21217): 	at android.graphics.Bitmap.createBitmap(Bitmap.java:991)
06-12 15:43:06.680 W/System.err(21217): 	at com.hotstar.feature.login.profile.customview.CircleImageView.c(SourceFile:46)
06-12 15:43:06.680 W/System.err(21217): 	at com.hotstar.feature.login.profile.customview.CircleImageView.setImageDrawable(SourceFile:4)
06-12 15:43:06.680 W/System.err(21217): 	at coil.target.ImageViewTarget.f(SourceFile:3)
06-12 15:43:06.680 W/System.err(21217): 	at coil.target.GenericViewTarget.h(SourceFile:19)
06-12 15:43:06.680 W/System.err(21217): 	at coil.target.GenericViewTarget.c(SourceFile:1)
06-12 15:43:06.680 W/System.err(21217): 	at coil.RealImageLoader.c(SourceFile:255)
06-12 15:43:06.680 W/System.err(21217): 	at coil.RealImageLoader$enqueue$job$1.invokeSuspend(SourceFile:32)
06-12 15:43:06.680 W/System.err(21217): 	at kotlin.coroutines.jvm.internal.BaseContinuationImpl.resumeWith(SourceFile:9)
06-12 15:43:06.680 W/System.err(21217): 	at Yg.i.a(SourceFile:129)
06-12 15:43:06.680 W/System.err(21217): 	at S3.A.s(SourceFile:11)
06-12 15:43:06.680 W/System.err(21217): 	at kotlinx.coroutines.a.p0(SourceFile:81)
06-12 15:43:06.680 W/System.err(21217): 	at kotlinx.coroutines.d.a(SourceFile:18)
06-12 15:43:06.680 W/System.err(21217): 	at coil.RealImageLoader.b(SourceFile:10)
06-12 15:43:06.681 W/System.err(21217): 	at coil.request.ViewTargetRequestManager.onViewAttachedToWindow(SourceFile:13)
06-12 15:43:06.681 W/System.err(21217): 	at android.view.View.dispatchAttachedToWindow(View.java:20490)
06-12 15:43:06.681 W/System.err(21217): 	at android.view.ViewGroup.dispatchAttachedToWindow(ViewGroup.java:3496)
06-12 15:43:06.681 W/System.err(21217): 	at android.view.ViewGroup.dispatchAttachedToWindow(ViewGroup.java:3496)
06-12 15:43:06.681 W/System.err(21217): 	at android.view.ViewGroup.addViewInner(ViewGroup.java:5278)
06-12 15:43:06.681 W/System.err(21217): 	at android.view.ViewGroup.addView(ViewGroup.java:5064)
06-12 15:43:06.681 W/System.err(21217): 	at android.view.ViewGroup.addView(ViewGroup.java:5004)
06-12 15:43:06.681 W/System.err(21217): 	at androidx.recyclerview.widget.e.a(SourceFile:26)
06-12 15:43:06.681 W/System.err(21217): 	at androidx.recyclerview.widget.RecyclerView$l.m(SourceFile:243)
06-12 15:43:06.681 W/System.err(21217): 	at androidx.leanback.widget.GridLayoutManager$b.b(SourceFile:46)
06-12 15:43:06.681 W/System.err(21217): 	at androidx.leanback.widget.S.m(SourceFile:37)
06-12 15:43:06.681 W/System.err(21217): 	at androidx.leanback.widget.GridLayoutManager.t1(SourceFile:26)
06-12 15:43:06.681 W/System.err(21217): 	at androidx.leanback.widget.GridLayoutManager.v0(SourceFile:1191)
06-12 15:43:06.682 W/System.err(21217): 	at androidx.recyclerview.widget.RecyclerView.r(SourceFile:74)
06-12 15:43:06.682 W/System.err(21217): 	at androidx.recyclerview.widget.RecyclerView.p(SourceFile:72)
06-12 15:43:06.682 W/System.err(21217): 	at androidx.recyclerview.widget.RecyclerView.onLayout(SourceFile:8)
06-12 15:43:06.682 W/System.err(21217): 	at android.view.View.layout(View.java:22844)
06-12 15:43:06.682 W/System.err(21217): 	at android.view.ViewGroup.layout(ViewGroup.java:6389)
06-12 15:43:06.682 W/System.err(21217): 	at androidx.constraintlayout.widget.ConstraintLayout.onLayout(SourceFile:67)
06-12 15:43:06.682 W/System.err(21217): 	at android.view.View.layout(View.java:22844)
06-12 15:43:06.682 W/System.err(21217): 	at android.view.ViewGroup.layout(ViewGroup.java:6389)
06-12 15:43:06.682 W/System.err(21217): 	at android.widget.FrameLayout.layoutChildren(FrameLayout.java:332)
06-12 15:43:06.682 W/System.err(21217): 	at android.widget.FrameLayout.onLayout(FrameLayout.java:270)
06-12 15:43:06.682 W/System.err(21217): 	at android.view.View.layout(View.java:22844)
06-12 15:43:06.682 W/System.err(21217): 	at android.view.ViewGroup.layout(ViewGroup.java:6389)
06-12 15:43:06.682 W/System.err(21217): 	at android.widget.FrameLayout.layoutChildren(FrameLayout.java:332)
06-12 15:43:06.682 W/System.err(21217): 	at android.widget.FrameLayout.onLayout(FrameLayout.java:270)
06-12 15:43:06.682 W/System.err(21217): 	at android.view.View.layout(View.java:22844)
06-12 15:43:06.682 W/System.err(21217): 	at android.view.ViewGroup.layout(ViewGroup.java:6389)
06-12 15:43:06.682 W/System.err(21217): 	at androidx.constraintlayout.widget.ConstraintLayout.onLayout(SourceFile:67)
06-12 15:43:06.682 W/System.err(21217): 	at android.view.View.layout(View.java:22844)
06-12 15:43:06.682 W/System.err(21217): 	at android.view.ViewGroup.layout(ViewGroup.java:6389)
06-12 15:43:06.682 W/System.err(21217): 	at android.widget.FrameLayout.layoutChildren(FrameLayout.java:332)
06-12 15:43:06.682 W/System.err(21217): 	at android.widget.FrameLayout.onLayout(FrameLayout.java:270)
06-12 15:43:06.682 W/System.err(21217): 	at android.view.View.layout(View.java:22844)
06-12 15:43:06.683 W/System.err(21217): 	at android.view.ViewGroup.layout(ViewGroup.java:6389)
06-12 15:43:06.683 W/System.err(21217): 	at android.widget.FrameLayout.layoutChildren(FrameLayout.java:332)
06-12 15:43:06.683 W/System.err(21217): 	at android.widget.FrameLayout.onLayout(FrameLayout.java:270)
06-12 15:43:06.683 W/System.err(21217): 	at android.view.View.layout(View.java:22844)
06-12 15:43:06.683 W/System.err(21217): 	at android.view.ViewGroup.layout(ViewGroup.java:6389)
06-12 15:43:06.683 W/System.err(21217): 	at android.widget.FrameLayout.layoutChildren(FrameLayout.java:332)
06-12 15:43:06.683 W/System.err(21217): 	at android.widget.FrameLayout.onLayout(FrameLayout.java:270)
06-12 15:43:06.683 W/System.err(21217): 	at android.view.View.layout(View.java:22844)
06-12 15:43:06.683 W/System.err(21217): 	at android.view.ViewGroup.layout(ViewGroup.java:6389)
06-12 15:43:06.683 W/System.err(21217): 	at android.widget.FrameLayout.layoutChildren(FrameLayout.java:332)
06-12 15:43:06.683 W/System.err(21217): 	at android.widget.FrameLayout.onLayout(FrameLayout.java:270)
06-12 15:43:06.683 W/System.err(21217): 	at android.view.View.layout(View.java:22844)
06-12 15:43:06.683 W/System.err(21217): 	at android.view.ViewGroup.layout(ViewGroup.java:6389)
06-12 15:43:06.683 W/System.err(21217): 	at android.widget.FrameLayout.layoutChildren(FrameLayout.java:332)
06-12 15:43:06.683 W/System.err(21217): 	at android.widget.FrameLayout.onLayout(FrameLayout.java:270)
06-12 15:43:06.683 W/System.err(21217): 	at android.view.View.layout(View.java:22844)
06-12 15:43:06.683 W/System.err(21217): 	at android.view.ViewGroup.layout(ViewGroup.java:6389)
06-12 15:43:06.684 W/System.err(21217): 	at androidx.constraintlayout.widget.ConstraintLayout.onLayout(SourceFile:67)
06-12 15:43:06.684 W/System.err(21217): 	at android.view.View.layout(View.java:22844)
06-12 15:43:06.684 W/System.err(21217): 	at android.view.ViewGroup.layout(ViewGroup.java:6389)
06-12 15:43:06.684 W/System.err(21217): 	at android.widget.FrameLayout.layoutChildren(FrameLayout.java:332)
06-12 15:43:06.684 W/System.err(21217): 	at android.widget.FrameLayout.onLayout(FrameLayout.java:270)
06-12 15:43:06.684 W/System.err(21217): 	at android.view.View.layout(View.java:22844)
06-12 15:43:06.684 W/System.err(21217): 	at android.view.ViewGroup.layout(ViewGroup.java:6389)
06-12 15:43:06.684 W/System.err(21217): 	at android.widget.LinearLayout.setChildFrame(LinearLayout.java:1829)
06-12 15:43:06.684 W/System.err(21217): 	at android.widget.LinearLayout.layoutVertical(LinearLayout.java:1673)
06-12 15:43:06.684 W/System.err(21217): 	at android.widget.LinearLayout.onLayout(LinearLayout.java:1582)
06-12 15:43:06.684 W/System.err(21217): 	at android.view.View.layout(View.java:22844)
06-12 15:43:06.684 W/System.err(21217): 	at android.view.ViewGroup.layout(ViewGroup.java:6389)
06-12 15:43:06.684 W/System.err(21217): 	at android.widget.FrameLayout.layoutChildren(FrameLayout.java:332)
06-12 15:43:06.684 W/System.err(21217): 	at android.widget.FrameLayout.onLayout(FrameLayout.java:270)
06-12 15:43:06.684 W/System.err(21217): 	at com.android.internal.policy.DecorView.onLayout(DecorView.java:784)
06-12 15:43:06.684 W/System.err(21217): 	at android.view.View.layout(View.java:22844)
06-12 15:43:06.684 W/System.err(21217): 	at android.view.ViewGroup.layout(ViewGroup.java:6389)
06-12 15:43:06.684 W/System.err(21217): 	at android.view.ViewRootImpl.performLayout(ViewRootImpl.java:3475)
06-12 15:43:06.684 W/System.err(21217): 	at android.view.ViewRootImpl.performTraversals(ViewRootImpl.java:2943)
06-12 15:43:06.684 W/System.err(21217): 	at android.view.ViewRootImpl.doTraversal(ViewRootImpl.java:1948)
06-12 15:43:06.684 W/System.err(21217): 	at android.view.ViewRootImpl$TraversalRunnable.run(ViewRootImpl.java:8177)
06-12 15:43:06.684 W/System.err(21217): 	at android.view.Choreographer$CallbackRecord.run(Choreographer.java:972)
06-12 15:43:06.684 W/System.err(21217): 	at android.view.Choreographer.doCallbacks(Choreographer.java:796)
06-12 15:43:06.684 W/System.err(21217): 	at android.view.Choreographer.doFrame(Choreographer.java:731)
06-12 15:43:06.684 W/System.err(21217): 	at android.view.Choreographer$FrameDisplayEventReceiver.run(Choreographer.java:957)
06-12 15:43:06.685 W/System.err(21217): 	at android.os.Handler.handleCallback(Handler.java:938)
06-12 15:43:06.685 W/System.err(21217): 	at android.os.Handler.dispatchMessage(Handler.java:99)
06-12 15:43:06.685 W/System.err(21217): 	at android.os.Looper.loop(Looper.java:223)
06-12 15:43:06.685 W/System.err(21217): 	at android.app.ActivityThread.main(ActivityThread.java:7664)
06-12 15:43:06.685 W/System.err(21217): 	at java.lang.reflect.Method.invoke(Native Method)
06-12 15:43:06.685 W/System.err(21217): 	at com.android.internal.os.RuntimeInit$MethodAndArgsCaller.run(RuntimeInit.java:592)
06-12 15:43:06.685 W/System.err(21217): 	at com.android.internal.os.ZygoteInit.main(ZygoteInit.java:952)
06-12 15:43:06.699 W/AnimatorSet(21217): Start delay should always be non-negative
06-12 15:43:06.700 W/System.err(21217): java.lang.IllegalArgumentException: width and height must be > 0
06-12 15:43:06.701 W/System.err(21217): 	at android.graphics.Bitmap.createBitmap(Bitmap.java:1113)
06-12 15:43:06.701 W/System.err(21217): 	at android.graphics.Bitmap.createBitmap(Bitmap.java:1080)
06-12 15:43:06.701 W/System.err(21217): 	at android.graphics.Bitmap.createBitmap(Bitmap.java:1030)
06-12 15:43:06.701 W/System.err(21217): 	at android.graphics.Bitmap.createBitmap(Bitmap.java:991)
06-12 15:43:06.701 W/System.err(21217): 	at com.hotstar.feature.login.profile.customview.CircleImageView.c(SourceFile:46)
06-12 15:43:06.701 W/System.err(21217): 	at com.hotstar.feature.login.profile.customview.CircleImageView.setImageDrawable(SourceFile:4)
06-12 15:43:06.702 W/System.err(21217): 	at coil.target.ImageViewTarget.f(SourceFile:3)
06-12 15:43:06.702 W/System.err(21217): 	at coil.target.GenericViewTarget.h(SourceFile:19)
06-12 15:43:06.702 W/System.err(21217): 	at coil.target.GenericViewTarget.c(SourceFile:1)
06-12 15:43:06.702 W/System.err(21217): 	at coil.RealImageLoader.c(SourceFile:255)
06-12 15:43:06.702 W/System.err(21217): 	at coil.RealImageLoader$enqueue$job$1.invokeSuspend(SourceFile:32)
06-12 15:43:06.702 W/System.err(21217): 	at kotlin.coroutines.jvm.internal.BaseContinuationImpl.resumeWith(SourceFile:9)
06-12 15:43:06.702 W/System.err(21217): 	at Yg.i.a(SourceFile:129)
06-12 15:43:06.702 W/System.err(21217): 	at S3.A.s(SourceFile:11)
06-12 15:43:06.702 W/System.err(21217): 	at kotlinx.coroutines.a.p0(SourceFile:81)
06-12 15:43:06.702 W/System.err(21217): 	at kotlinx.coroutines.d.a(SourceFile:18)
06-12 15:43:06.702 W/System.err(21217): 	at coil.RealImageLoader.b(SourceFile:10)
06-12 15:43:06.702 W/System.err(21217): 	at coil.request.ViewTargetRequestManager.onViewAttachedToWindow(SourceFile:13)
06-12 15:43:06.702 W/System.err(21217): 	at android.view.View.dispatchAttachedToWindow(View.java:20490)
06-12 15:43:06.702 W/System.err(21217): 	at android.view.ViewGroup.dispatchAttachedToWindow(ViewGroup.java:3496)
06-12 15:43:06.702 W/System.err(21217): 	at android.view.ViewGroup.dispatchAttachedToWindow(ViewGroup.java:3496)
06-12 15:43:06.702 W/System.err(21217): 	at android.view.ViewGroup.addViewInner(ViewGroup.java:5278)
06-12 15:43:06.703 W/System.err(21217): 	at android.view.ViewGroup.addView(ViewGroup.java:5064)
06-12 15:43:06.703 W/System.err(21217): 	at android.view.ViewGroup.addView(ViewGroup.java:5004)
06-12 15:43:06.703 W/System.err(21217): 	at androidx.recyclerview.widget.e.a(SourceFile:26)
06-12 15:43:06.703 W/System.err(21217): 	at androidx.recyclerview.widget.RecyclerView$l.m(SourceFile:243)
06-12 15:43:06.703 W/System.err(21217): 	at androidx.leanback.widget.GridLayoutManager$b.b(SourceFile:46)
06-12 15:43:06.703 W/System.err(21217): 	at androidx.leanback.widget.S.m(SourceFile:37)
06-12 15:43:06.703 W/System.err(21217): 	at androidx.leanback.widget.GridLayoutManager.t1(SourceFile:26)
06-12 15:43:06.703 W/System.err(21217): 	at androidx.leanback.widget.GridLayoutManager.v0(SourceFile:1191)
06-12 15:43:06.703 W/System.err(21217): 	at androidx.recyclerview.widget.RecyclerView.r(SourceFile:74)
06-12 15:43:06.703 W/System.err(21217): 	at androidx.recyclerview.widget.RecyclerView.p(SourceFile:72)
06-12 15:43:06.703 W/System.err(21217): 	at androidx.recyclerview.widget.RecyclerView.onLayout(SourceFile:8)
06-12 15:43:06.703 W/System.err(21217): 	at android.view.View.layout(View.java:22844)
06-12 15:43:06.703 W/System.err(21217): 	at android.view.ViewGroup.layout(ViewGroup.java:6389)
06-12 15:43:06.703 W/System.err(21217): 	at androidx.constraintlayout.widget.ConstraintLayout.onLayout(SourceFile:67)
06-12 15:43:06.703 W/System.err(21217): 	at android.view.View.layout(View.java:22844)
06-12 15:43:06.703 W/System.err(21217): 	at android.view.ViewGroup.layout(ViewGroup.java:6389)
06-12 15:43:06.703 W/System.err(21217): 	at android.widget.FrameLayout.layoutChildren(FrameLayout.java:332)
06-12 15:43:06.703 W/System.err(21217): 	at android.widget.FrameLayout.onLayout(FrameLayout.java:270)
06-12 15:43:06.703 W/System.err(21217): 	at android.view.View.layout(View.java:22844)
06-12 15:43:06.703 W/System.err(21217): 	at android.view.ViewGroup.layout(ViewGroup.java:6389)
06-12 15:43:06.703 W/System.err(21217): 	at android.widget.FrameLayout.layoutChildren(FrameLayout.java:332)
06-12 15:43:06.703 W/System.err(21217): 	at android.widget.FrameLayout.onLayout(FrameLayout.java:270)
06-12 15:43:06.703 W/System.err(21217): 	at android.view.View.layout(View.java:22844)
06-12 15:43:06.704 W/System.err(21217): 	at android.view.ViewGroup.layout(ViewGroup.java:6389)
06-12 15:43:06.704 W/System.err(21217): 	at androidx.constraintlayout.widget.ConstraintLayout.onLayout(SourceFile:67)
06-12 15:43:06.704 W/System.err(21217): 	at android.view.View.layout(View.java:22844)
06-12 15:43:06.704 W/System.err(21217): 	at android.view.ViewGroup.layout(ViewGroup.java:6389)
06-12 15:43:06.704 W/System.err(21217): 	at android.widget.FrameLayout.layoutChildren(FrameLayout.java:332)
06-12 15:43:06.704 W/System.err(21217): 	at android.widget.FrameLayout.onLayout(FrameLayout.java:270)
06-12 15:43:06.704 W/System.err(21217): 	at android.view.View.layout(View.java:22844)
06-12 15:43:06.704 W/System.err(21217): 	at android.view.ViewGroup.layout(ViewGroup.java:6389)
06-12 15:43:06.704 W/System.err(21217): 	at android.widget.FrameLayout.layoutChildren(FrameLayout.java:332)
06-12 15:43:06.704 W/System.err(21217): 	at android.widget.FrameLayout.onLayout(FrameLayout.java:270)
06-12 15:43:06.704 W/System.err(21217): 	at android.view.View.layout(View.java:22844)
06-12 15:43:06.704 W/System.err(21217): 	at android.view.ViewGroup.layout(ViewGroup.java:6389)
06-12 15:43:06.704 W/System.err(21217): 	at android.widget.FrameLayout.layoutChildren(FrameLayout.java:332)
06-12 15:43:06.704 W/System.err(21217): 	at android.widget.FrameLayout.onLayout(FrameLayout.java:270)
06-12 15:43:06.704 W/System.err(21217): 	at android.view.View.layout(View.java:22844)
06-12 15:43:06.704 W/System.err(21217): 	at android.view.ViewGroup.layout(ViewGroup.java:6389)
06-12 15:43:06.704 W/System.err(21217): 	at android.widget.FrameLayout.layoutChildren(FrameLayout.java:332)
06-12 15:43:06.704 W/System.err(21217): 	at android.widget.FrameLayout.onLayout(FrameLayout.java:270)
06-12 15:43:06.704 W/System.err(21217): 	at android.view.View.layout(View.java:22844)
06-12 15:43:06.704 W/System.err(21217): 	at android.view.ViewGroup.layout(ViewGroup.java:6389)
06-12 15:43:06.704 W/System.err(21217): 	at android.widget.FrameLayout.layoutChildren(FrameLayout.java:332)
06-12 15:43:06.704 W/System.err(21217): 	at android.widget.FrameLayout.onLayout(FrameLayout.java:270)
06-12 15:43:06.704 W/System.err(21217): 	at android.view.View.layout(View.java:22844)
06-12 15:43:06.704 W/System.err(21217): 	at android.view.ViewGroup.layout(ViewGroup.java:6389)
06-12 15:43:06.704 W/System.err(21217): 	at androidx.constraintlayout.widget.ConstraintLayout.onLayout(SourceFile:67)
06-12 15:43:06.704 W/System.err(21217): 	at android.view.View.layout(View.java:22844)
06-12 15:43:06.705 W/System.err(21217): 	at android.view.ViewGroup.layout(ViewGroup.java:6389)
06-12 15:43:06.705 W/System.err(21217): 	at android.widget.FrameLayout.layoutChildren(FrameLayout.java:332)
06-12 15:43:06.705 W/System.err(21217): 	at android.widget.FrameLayout.onLayout(FrameLayout.java:270)
06-12 15:43:06.705 W/System.err(21217): 	at android.view.View.layout(View.java:22844)
06-12 15:43:06.705 W/System.err(21217): 	at android.view.ViewGroup.layout(ViewGroup.java:6389)
06-12 15:43:06.705 W/System.err(21217): 	at android.widget.LinearLayout.setChildFrame(LinearLayout.java:1829)
06-12 15:43:06.705 W/System.err(21217): 	at android.widget.LinearLayout.layoutVertical(LinearLayout.java:1673)
06-12 15:43:06.705 W/System.err(21217): 	at android.widget.LinearLayout.onLayout(LinearLayout.java:1582)
06-12 15:43:06.705 W/System.err(21217): 	at android.view.View.layout(View.java:22844)
06-12 15:43:06.705 W/System.err(21217): 	at android.view.ViewGroup.layout(ViewGroup.java:6389)
06-12 15:43:06.705 W/System.err(21217): 	at android.widget.FrameLayout.layoutChildren(FrameLayout.java:332)
06-12 15:43:06.705 W/System.err(21217): 	at android.widget.FrameLayout.onLayout(FrameLayout.java:270)
06-12 15:43:06.705 W/System.err(21217): 	at com.android.internal.policy.DecorView.onLayout(DecorView.java:784)
06-12 15:43:06.705 W/System.err(21217): 	at android.view.View.layout(View.java:22844)
06-12 15:43:06.706 W/System.err(21217): 	at android.view.ViewGroup.layout(ViewGroup.java:6389)
06-12 15:43:06.706 W/System.err(21217): 	at android.view.ViewRootImpl.performLayout(ViewRootImpl.java:3475)
06-12 15:43:06.706 W/System.err(21217): 	at android.view.ViewRootImpl.performTraversals(ViewRootImpl.java:2943)
06-12 15:43:06.706 W/System.err(21217): 	at android.view.ViewRootImpl.doTraversal(ViewRootImpl.java:1948)
06-12 15:43:06.706 W/System.err(21217): 	at android.view.ViewRootImpl$TraversalRunnable.run(ViewRootImpl.java:8177)
06-12 15:43:06.706 W/System.err(21217): 	at android.view.Choreographer$CallbackRecord.run(Choreographer.java:972)
06-12 15:43:06.706 W/System.err(21217): 	at android.view.Choreographer.doCallbacks(Choreographer.java:796)
06-12 15:43:06.706 W/System.err(21217): 	at android.view.Choreographer.doFrame(Choreographer.java:731)
06-12 15:43:06.706 W/System.err(21217): 	at android.view.Choreographer$FrameDisplayEventReceiver.run(Choreographer.java:957)
06-12 15:43:06.706 W/System.err(21217): 	at android.os.Handler.handleCallback(Handler.java:938)
06-12 15:43:06.706 W/System.err(21217): 	at android.os.Handler.dispatchMessage(Handler.java:99)
06-12 15:43:06.706 W/System.err(21217): 	at android.os.Looper.loop(Looper.java:223)
06-12 15:43:06.706 W/System.err(21217): 	at android.app.ActivityThread.main(ActivityThread.java:7664)
06-12 15:43:06.706 W/System.err(21217): 	at java.lang.reflect.Method.invoke(Native Method)
06-12 15:43:06.706 W/System.err(21217): 	at com.android.internal.os.RuntimeInit$MethodAndArgsCaller.run(RuntimeInit.java:592)
06-12 15:43:06.706 W/System.err(21217): 	at com.android.internal.os.ZygoteInit.main(ZygoteInit.java:952)
06-12 15:43:06.713 W/View    (21217): requestLayout() improperly called by com.hotstar.feature.login.profile.customview.CircleImageView{7892889 VFED..C.. ..S...ID 14,14-178,178 #7f0b02d8 app:id/iv_profile} during layout: running second layout pass
06-12 15:43:06.714 W/View    (21217): requestLayout() improperly called by com.hotstar.core.commonui.molecules.HSTextView{cb2939f V.ED..... ..S...ID 40,216-153,268 #7f0b04c0 app:id/profile_name} during layout: running second layout pass
06-12 15:43:06.714 W/View    (21217): requestLayout() improperly called by androidx.constraintlayout.widget.ConstraintLayout{c55d93e V.E...... ..S...ID 0,0-192,192 #7f0b02da app:id/iv_profile_view} during layout: running second layout pass
06-12 15:43:06.744 D/stbdpc  (  405): STB_DPGetNumPaths[570]: num_paths: 1
06-12 15:43:06.843 D/BufferPoolAccessor2.0(21217): bufferpool2 0xf19bf558 : 0(0 size) total buffers - 0(0 size) used buffers - 0/5 (recycle/alloc) - 4/216 (fetch/transfer)
06-12 15:43:06.843 D/BufferPoolAccessor2.0(21217): evictor expired: 1, evicted: 1
06-12 15:43:06.844 D/stbdpc  (  405): STB_DPGetNumPaths[570]: num_paths: 1
06-12 15:43:06.849 D/BufferPoolAccessor2.0(  479): bufferpool2 0xf0cf1458 : 0(0 size) total buffers - 0(0 size) used buffers - 105/109 (recycle/alloc) - 4/109 (fetch/transfer)
06-12 15:43:06.849 D/BufferPoolAccessor2.0(  479): evictor expired: 1, evicted: 1
06-12 15:43:06.944 D/stbdpc  (  405): STB_DPGetNumPaths[570]: num_paths: 1
06-12 15:43:06.947 I/appium  (21149): channel read: POST /session/5ff39e47-41a5-48b3-98ae-5f264ad0b38b/element
06-12 15:43:06.949 I/appium  (21149): FindElement command
06-12 15:43:06.951 I/appium  (21149): method: 'xpath', selector: '//android.widget.ImageView[@resource-id='in.startv.hotstar:id/iv_profile']'
06-12 15:43:06.952 I/appium  (21149): Waiting up to 10000ms for the device to idle
06-12 15:43:07.027 D/dvb_iptv(  405): ReadEmmNetworkTask[1537]: EMM Select Timeout Occured 23
06-12 15:43:07.044 D/stbdpc  (  405): STB_DPGetNumPaths[570]: num_paths: 1
06-12 15:43:07.144 D/stbdpc  (  405): STB_DPGetNumPaths[570]: num_paths: 1
06-12 15:43:07.162 D/ltts_ip_emm(  405): LTTS_IP_DMXStartEMM[381]: parse_emm_cat_status failed
06-12 15:43:07.244 D/stbdpc  (  405): STB_DPGetNumPaths[570]: num_paths: 1
06-12 15:43:07.311 I/JTCLOG  ( 3423): JtcForegroundService ->retrieveIpv6 -> 2401:4900:1c16:1df9:61d5:467:50d:aee1
06-12 15:43:07.311 I/JTCLOG  ( 3423): JtcForegroundService ->ipValidation -> ipAddress = 2401:4900:1c16:1df9:61d5:467:50d:aee1 preference ip = 2409:40c2:124e:c931:7a5:7da2:7d86:3595
06-12 15:43:07.345 D/stbdpc  (  405): STB_DPGetNumPaths[570]: num_paths: 1
06-12 15:43:07.372 D/rtk_heartbeat(  351): heartbeat_timed_out: heartbeatCmdCount = 3239, expected nextSeqNum = 3239
06-12 15:43:07.373 D/rtk_heartbeat(  351): rtkbt_heartbeat_cmpl_cback: Current SeqNum = 3239,should SeqNum=3239, status = 0
06-12 15:43:07.445 D/stbdpc  (  405): STB_DPGetNumPaths[570]: num_paths: 1
06-12 15:43:07.527 D/JioStbInactivityTimer(  933): Timer: count 191 warningTimeout:10680 timeout:10800
06-12 15:43:07.527 D/dvb_iptv(  405): ReadEmmNetworkTask[1537]: EMM Select Timeout Occured 24
06-12 15:43:07.527 D/JioStbInactivityTimer(  933): isUserActive: Curr:3069843 Prev:3069843
06-12 15:43:07.545 D/stbdpc  (  405): STB_DPGetNumPaths[570]: num_paths: 1
06-12 15:43:07.674 F/linker  (21364): CANNOT LINK EXECUTABLE "/system/bin/smartcable/smartCableSTBApp": library "libmosquitto.so" not found: needed by main executable
06-12 15:43:07.815 W/[ 3263.170118@0]  RTW(    0): fill_default_txdesc(wlan0): SP Packet(0x0806) rate=0x4 SeqNum = 2599
06-12 15:43:07.845 I/chatty  (  405): uid=0(root) DK-SiCntrl identical 3 lines
06-12 15:43:07.946 D/stbdpc  (  405): STB_DPGetNumPaths[570]: num_paths: 1
06-12 15:43:08.027 D/dvb_iptv(  405): ReadEmmNetworkTask[1537]: EMM Select Timeout Occured 25
06-12 15:43:08.046 D/stbdpc  (  405): STB_DPGetNumPaths[570]: num_paths: 1
06-12 15:43:08.146 D/stbdpc  (  405): STB_DPGetNumPaths[570]: num_paths: 1
06-12 15:43:08.180 E/WifiVendorHal(  632): getWifiLinkLayerStats_1_3_Internal(l.973) failed {.code = ERROR_UNKNOWN, .description = unknown error}
06-12 15:43:08.188 E/ocessService0:( 2273): failed to create Unix domain socket: Operation not permitted
06-12 15:43:08.246 D/stbdpc  (  405): STB_DPGetNumPaths[570]: num_paths: 1
06-12 15:43:08.346 D/ProfileInstaller(21217): Skipping profile installation for in.startv.hotstar
06-12 15:43:08.346 D/stbdpc  (  405): STB_DPGetNumPaths[570]: num_paths: 1
06-12 15:43:08.372 D/rtk_heartbeat(  351): heartbeat_timed_out: heartbeatCmdCount = 3240, expected nextSeqNum = 3240
06-12 15:43:08.373 D/rtk_heartbeat(  351): rtkbt_heartbeat_cmpl_cback: Current SeqNum = 3240,should SeqNum=3240, status = 0
06-12 15:43:08.447 D/stbdpc  (  405): STB_DPGetNumPaths[570]: num_paths: 1
06-12 15:43:08.527 D/JioStbInactivityTimer(  933): Timer: count 192 warningTimeout:10680 timeout:10800
06-12 15:43:08.527 D/JioStbInactivityTimer(  933): isUserActive: Curr:3069843 Prev:3069843
06-12 15:43:08.528 D/dvb_iptv(  405): ReadEmmNetworkTask[1537]: EMM Select Timeout Occured 26
06-12 15:43:08.536 I/.startv.hotsta(21217): oneway function results will be dropped but finished with status OK and parcel size 4
06-12 15:43:08.538 I/e.swalekh.abct( 1336): oneway function results will be dropped but finished with status OK and parcel size 4
06-12 15:43:08.547 D/stbdpc  (  405): STB_DPGetNumPaths[570]: num_paths: 1
06-12 15:43:08.555 D/JioSTBMRServer-SERVICE( 3304): InetSocketAddress(InetAddress.getByName(inetAddress.hostAddress)-/192.168.1.255
06-12 15:43:08.555 D/JioSTBMRServer-SERVICE( 3304): #beacon:RKISBFJ60000097:0:false:0:1:SV=181024 , 192.168.1.255
06-12 15:43:08.558 D/JioSTBMRServer-SERVICE( 3304): InetSocketAddress(InetAddress.getByName(inetAddress.hostAddress)-/192.168.1.255
06-12 15:43:08.558 D/JioSTBMRServer-SERVICE( 3304): #broadcast IP:192.168.1.255
06-12 15:43:08.604 I/ThermalService(  986): CPU temperatures: [63.4]
06-12 15:43:08.647 D/stbdpc  (  405): STB_DPGetNumPaths[570]: num_paths: 1
06-12 15:43:08.734 I/appium  (21149): The following attributes will be included to the page source: [resource-id]
06-12 15:43:08.747 D/stbdpc  (  405): STB_DPGetNumPaths[570]: num_paths: 1
06-12 15:43:08.827 D/sub_mixing_factory(  350): [out_standby_subMixingPCM:1324] out_stream(0xf557b000) usecase: PCM_NORMAL
06-12 15:43:08.827 I/sub_mixing_factory(  350): [usecase_change_validate_l_sm:1170] cur dev masks:0x1, delete out usecase:PCM_NORMAL
06-12 15:43:08.827 I/sub_mixing_factory(  350): [usecase_change_validate_l_sm:1180] standby unmask usecase PCM_NORMAL
06-12 15:43:08.827 I/amlAudioMixer(  350): [delete_mixer_input_port:197] input port ID:0, type:PCM_SYSTEM, cur mask:0x1
06-12 15:43:08.828 I/system_server(  632): oneway function results will be dropped but finished with status OK and parcel size 4
06-12 15:43:08.847 D/stbdpc  (  405): STB_DPGetNumPaths[570]: num_paths: 1
06-12 15:43:08.917 I/appium  (21149): Took 0ms to retrieve 1 matches for '//android.widget.ImageView[@resource-id='in.startv.hotstar:id/iv_profile']' XPath2 query
06-12 15:43:08.923 W/tomator2.serve(21149): Accessing hidden method Landroid/view/MotionEvent;->setDisplayId(I)V (blacklist,test-api, reflection, allowed)
06-12 15:43:08.933 W/tomator2.serve(21149): Accessing hidden field Landroid/view/accessibility/AccessibilityNodeInfo;->mSourceNodeId:J (greylist, reflection, allowed)
06-12 15:43:08.942 I/appium  (21149): AppiumResponse: {"sessionId":"5ff39e47-41a5-48b3-98ae-5f264ad0b38b","value":{"ELEMENT":"00000000-0000-004a-ffff-ffff00000072","element-6066-11e4-a52e-4f735466cecf":"00000000-0000-004a-ffff-ffff00000072"}}
06-12 15:43:08.947 D/stbdpc  (  405): STB_DPGetNumPaths[570]: num_paths: 1
06-12 15:43:08.967 I/appium  (21149): channel read: GET /session/5ff39e47-41a5-48b3-98ae-5f264ad0b38b/element/00000000-0000-004a-ffff-ffff00000072/attribute/displayed
06-12 15:43:08.968 I/appium  (21149): GetElementAttribute command
06-12 15:43:08.978 I/appium  (21149): AppiumResponse: {"sessionId":"5ff39e47-41a5-48b3-98ae-5f264ad0b38b","value":"true"}
06-12 15:43:08.997 I/appium  (21149): channel read: POST /session/5ff39e47-41a5-48b3-98ae-5f264ad0b38b/element/00000000-0000-004a-ffff-ffff00000072/click
06-12 15:43:08.998 I/appium  (21149): Click command
06-12 15:43:09.023 D/InputDispatcher(  632): injectInputEvent - eventType=2, injectorPid=21134, injectorUid=0, syncMode=0, timeout=30000, policyFlags=0x08000000
06-12 15:43:09.024 D/InputDispatcher(  632): injectInputEvent - Finished with result 0. injectorPid=21134, injectorUid=0
06-12 15:43:09.024 D/InputDispatcher(  632): Setting input event injection result to 0.  injectorPid=21134, injectorUid=0
06-12 15:43:09.024 V/InputDispatcher(  632): Asynchronous input event injection succeeded.
06-12 15:43:09.025 I/android.hardware.power-service.libperfmgr(  369): Power setBoost: INTERACTION duration: 0
06-12 15:43:09.025 I/libperfmgr(  369): Do Powerhint: INTERACTION
06-12 15:43:09.025 I/android.hardware.power-service.libperfmgr(  369): Power setBoost: INTERACTION duration: 0
06-12 15:43:09.025 I/libperfmgr(  369): Do Powerhint: INTERACTION
06-12 15:43:09.028 D/dvb_iptv(  405): ReadEmmNetworkTask[1537]: EMM Select Timeout Occured 27
06-12 15:43:09.034 D/InputDispatcher(  632): injectInputEvent - eventType=2, injectorPid=21134, injectorUid=0, syncMode=0, timeout=30000, policyFlags=0x08000000
06-12 15:43:09.034 D/InputDispatcher(  632): injectInputEvent - Finished with result 0. injectorPid=21134, injectorUid=0
06-12 15:43:09.034 D/InputDispatcher(  632): Setting input event injection result to 0.  injectorPid=21134, injectorUid=0
06-12 15:43:09.034 V/InputDispatcher(  632): Asynchronous input event injection succeeded.
06-12 15:43:09.048 D/stbdpc  (  405): STB_DPGetNumPaths[570]: num_paths: 1
06-12 15:43:09.050 W/GestureController(21149): Gestures took longer than expected (41ms >> 16ms), device might be in a busy state.
06-12 15:43:09.051 I/appium  (21149): Waiting up to 10000ms for the device to idle
06-12 15:43:09.140 I/JioBackgroundSchedulerService( 2785): Check schedule  
06-12 15:43:09.148 D/stbdpc  (  405): STB_DPGetNumPaths[570]: num_paths: 1
06-12 15:43:09.162 D/ltts_ip_emm(  405): LTTS_IP_DMXStartEMM[381]: parse_emm_cat_status failed
06-12 15:43:09.248 D/stbdpc  (  405): STB_DPGetNumPaths[570]: num_paths: 1
06-12 15:43:09.348 D/stbdpc  (  405): STB_DPGetNumPaths[570]: num_paths: 1
06-12 15:43:09.372 D/rtk_heartbeat(  351): heartbeat_timed_out: heartbeatCmdCount = 3241, expected nextSeqNum = 3241
06-12 15:43:09.373 D/rtk_heartbeat(  351): rtkbt_heartbeat_cmpl_cback: Current SeqNum = 3241,should SeqNum=3241, status = 0
06-12 15:43:09.448 D/stbdpc  (  405): STB_DPGetNumPaths[570]: num_paths: 1
06-12 15:43:09.528 D/JioStbInactivityTimer(  933): Timer: count 193 warningTimeout:10680 timeout:10800
06-12 15:43:09.528 D/dvb_iptv(  405): ReadEmmNetworkTask[1537]: EMM Select Timeout Occured 28
06-12 15:43:09.528 D/JioStbInactivityTimer(  933): isUserActive: Curr:3069843 Prev:3069843
06-12 15:43:09.537 I/appium  (21149): AppiumResponse: {"sessionId":"5ff39e47-41a5-48b3-98ae-5f264ad0b38b","value":null}
06-12 15:43:09.549 D/stbdpc  (  405): STB_DPGetNumPaths[570]: num_paths: 1
06-12 15:43:09.562 I/appium  (21149): channel read: POST /session/5ff39e47-41a5-48b3-98ae-5f264ad0b38b/appium/device/press_keycode
06-12 15:43:09.564 I/appium  (21149): PressKeyCode command
06-12 15:43:09.564 I/appium  (21149): Calling PressKeyCode... 
06-12 15:43:09.569 D/UiDevice(21149): Pressing keycodes [66] with modifier 0.
06-12 15:43:09.575 D/InputDispatcher(  632): injectInputEvent - eventType=1, injectorPid=21134, injectorUid=0, syncMode=2, timeout=30000, policyFlags=0x08000000
06-12 15:43:09.576 D/WindowManager(  632): interceptKeyTq keycode=66 interactive=true keyguardActive=false policyFlags=2b000000
06-12 15:43:09.576 D/WindowManager(  632): CloudPC is in NOT in foreground
06-12 15:43:09.576 D/WindowManager(  632): isKeyNeedsToPassToJioCloudPC :: NO
06-12 15:43:09.577 I/android.hardware.power-service.libperfmgr(  369): Power setBoost: INTERACTION duration: 0
06-12 15:43:09.577 I/libperfmgr(  369): Do Powerhint: INTERACTION
06-12 15:43:09.577 D/WindowManager(  632): interceptKeyTi keyCode=66 down=true repeatCount=0 keyguardOn=false canceled=false
06-12 15:43:09.577 D/WindowManager(  632): CloudPC is in NOT in foreground
06-12 15:43:09.577 I/android.hardware.power-service.libperfmgr(  369): Power setBoost: INTERACTION duration: 0
06-12 15:43:09.577 D/WindowManager(  632): isKeyNeedsToPassToJioCloudPC :: NO
06-12 15:43:09.577 D/GlobalKeyManager(  632): KeyEvent { action=ACTION_DOWN, keyCode=KEYCODE_ENTER, scanCode=0, metaState=0, flags=0x0, repeatCount=0, eventTime=3264925, downTime=3264925, deviceId=-1, source=0x101, displayId=-1 }
06-12 15:43:09.577 I/libperfmgr(  369): Do Powerhint: INTERACTION
06-12 15:43:09.577 D/InputDispatcher(  632): Setting input event injection result to 0.  injectorPid=21134, injectorUid=0
06-12 15:43:09.578 D/InputDispatcher(  632): injectInputEvent - Waiting for 1 pending foreground dispatches.
06-12 15:43:09.579 D/InputDispatcher(  632): injectInputEvent - Finished with result 0. injectorPid=21134, injectorUid=0
06-12 15:43:09.581 D/InputDispatcher(  632): injectInputEvent - eventType=1, injectorPid=21134, injectorUid=0, syncMode=2, timeout=30000, policyFlags=0x08000000
06-12 15:43:09.581 D/WindowManager(  632): interceptKeyTq keycode=66 interactive=true keyguardActive=false policyFlags=2b000000
06-12 15:43:09.581 D/WindowManager(  632): CloudPC is in NOT in foreground
06-12 15:43:09.581 D/WindowManager(  632): isKeyNeedsToPassToJioCloudPC :: NO
06-12 15:43:09.582 D/WindowManager(  632): interceptKeyTi keyCode=66 down=false repeatCount=0 keyguardOn=false canceled=false
06-12 15:43:09.582 D/WindowManager(  632): CloudPC is in NOT in foreground
06-12 15:43:09.582 D/WindowManager(  632): isKeyNeedsToPassToJioCloudPC :: NO
06-12 15:43:09.582 D/GlobalKeyManager(  632): KeyEvent { action=ACTION_UP, keyCode=KEYCODE_ENTER, scanCode=0, metaState=0, flags=0x0, repeatCount=0, eventTime=3264925, downTime=3264925, deviceId=-1, source=0x101, displayId=-1 }
06-12 15:43:09.582 D/InputDispatcher(  632): Setting input event injection result to 0.  injectorPid=21134, injectorUid=0
06-12 15:43:09.584 D/InputDispatcher(  632): injectInputEvent - Waiting for 1 pending foreground dispatches.
06-12 15:43:09.597 I/sub_mixing_factory(  350): [usecase_change_validate_l_sm:1209] ++++continuous:0 dev masks:0, out masks:0, out usecase PCM_NORMAL
06-12 15:43:09.597 I/sub_mixing_factory(  350): [usecase_change_validate_l_sm:1216] add usecase PCM_NORMAL, cnt 1
06-12 15:43:09.597 D/sub_mixing_factory(  350): [usecase_change_validate_l_sm:1228] cur dev masks:0, add out usecase:PCM_NORMAL
06-12 15:43:09.597 I/sub_mixing_factory(  350): [usecase_change_validate_l_sm:1259] ----continuous:0 dev masks:0x1, out masks:0x1, out usecase PCM_NORMAL
06-12 15:43:09.597 D/aml_audio_port(  350): [new_input_port:260] buf_frames:384,frame_size:4 ==> thunk_size:1536
06-12 15:43:09.597 I/aml_audio_port(  350): [get_input_port_type:109] samplerate:48000, flags:0x2, channel_cnt:2
06-12 15:43:09.597 D/aml_audio_port(  350): [new_input_port:286] inport:PCM_SYSTEM, buf:6144, direct:0, format:0x1, rate:48000, ch:2
06-12 15:43:09.597 I/amlAudioMixer(  350): [init_mixer_input_port:175] input port:PCM_SYSTEM, size 384 frames, frame_write_sum:30474240
06-12 15:43:09.597 I/aml_audio_port(  350): [get_input_port_type:109] samplerate:48000, flags:0x2, channel_cnt:2
06-12 15:43:09.597 I/sub_mixing_factory(  350): [mixer_aux_buffer_write_sm:1066] stream 0xf557b000 input port:PCM_SYSTEM
06-12 15:43:09.597 I/sub_mixing_factory(  350): [mixer_aux_buffer_write_sm:1076] padding_bytes 12288
06-12 15:43:09.597 I/amlAudioMixer(  350): [mixer_write_inport:260] input port:PCM_SYSTEM is active now
06-12 15:43:09.597 I/sub_mixing_factory(  350): [mixer_aux_buffer_write_sm:1076] padding_bytes 10752
06-12 15:43:09.597 I/sub_mixing_factory(  350): [mixer_aux_buffer_write_sm:1076] padding_bytes 9216
06-12 15:43:09.597 I/sub_mixing_factory(  350): [mixer_aux_buffer_write_sm:1076] padding_bytes 7680
06-12 15:43:09.597 I/sub_mixing_factory(  350): [mixer_aux_buffer_write_sm:1076] padding_bytes 6144
06-12 15:43:09.598 I/system_server(  632): oneway function results will be dropped but finished with status OK and parcel size 4
06-12 15:43:09.599 I/system_server(  632): oneway function results will be dropped but finished with status OK and parcel size 4
06-12 15:43:09.600 I/amlAudioMixer(  350): [mixer_inports_read:704] input port:PCM_SYSTEM first start, portId:0, avail:6144
06-12 15:43:09.600 I/sub_mixing_factory(  350): [mixer_aux_buffer_write_sm:1076] padding_bytes 4608
06-12 15:43:09.604 D/InputDispatcher(  632): injectInputEvent - Finished with result 0. injectorPid=21134, injectorUid=0
06-12 15:43:09.609 I/sub_mixing_factory(  350): [mixer_aux_buffer_write_sm:1076] padding_bytes 3072
06-12 15:43:09.612 I/appium  (21149): AppiumResponse: {"sessionId":"5ff39e47-41a5-48b3-98ae-5f264ad0b38b","value":null}
06-12 15:43:09.621 I/sub_mixing_factory(  350): [mixer_aux_buffer_write_sm:1076] padding_bytes 1536
06-12 15:43:09.649 D/stbdpc  (  405): STB_DPGetNumPaths[570]: num_paths: 1
06-12 15:43:09.683 D/memtrack_aml(  367): sysfs path
06-12 15:43:09.716 I/DTVKit  (  405): request[114]: 'CmnNoti.onDvbIpPacketDetails' // '[]'
06-12 15:43:09.717 D/stbresmgr(  405): STB_RESNumTuners[315]: num_tuners: 3
06-12 15:43:09.717 E/dvb_iptv(  405): IPTV_GetDvbIpPacketDetails[684]: No valid ECM iptv_handle
06-12 15:43:09.717 D/dvb_iptv(  405): IPTV_GetDvbIpPacketDetails[688]: EMM Pkt stat received_packets:0 lost_packets:0 recov_packets:0 
06-12 15:43:09.717 E/CommonClientNotiCbUtilsIntf(  405): onDvbIpPacketDetails[97]: Failure of Getting DvbIpDetails
06-12 15:43:09.717 D/CommonClientNotiCbUtilsImpl( 1621): Not Received Valid Info
06-12 15:43:09.749 D/stbdpc  (  405): STB_DPGetNumPaths[570]: num_paths: 1
06-12 15:43:09.849 D/stbdpc  (  405): STB_DPGetNumPaths[570]: num_paths: 1
06-12 15:43:09.909 W/APM::AudioPolicyEngine(  390): getDevicesForStrategy() unknown strategy: -1
06-12 15:43:09.912 I/system_server(  632): oneway function results will be dropped but finished with status OK and parcel size 4
06-12 15:43:09.916 D/JioAppOptimizer( 1699): AppOptimizerService :: handleMessage()
06-12 15:43:09.917 D/JioAppOptimizer( 1699): AppOptimizerService :: handleMessage() : Foreground Package=in.startv.hotstar
06-12 15:43:09.917 D/JioAppOptimizer( 1699): AppOptimizerService :: handleMessage() : Free memory available in MB : 599.4140625
06-12 15:43:09.917 D/JioAppOptimizer( 1699): AppOptimizerService :: handleMessage() : checkAndRemoveBackgroundApps()
06-12 15:43:09.917 D/JioAppOptimizer( 1699): AppOptimizerService :: checkAndRemoveBackgroundApps()
06-12 15:43:09.949 D/stbdpc  (  405): STB_DPGetNumPaths[570]: num_paths: 1
06-12 15:43:10.028 D/dvb_iptv(  405): ReadEmmNetworkTask[1537]: EMM Select Timeout Occured 29
06-12 15:43:10.049 D/stbdpc  (  405): STB_DPGetNumPaths[570]: num_paths: 1
06-12 15:43:10.150 D/stbdpc  (  405): STB_DPGetNumPaths[570]: num_paths: 1
06-12 15:43:10.227 E/ocessService0:( 2273): failed to create Unix domain socket: Operation not permitted
06-12 15:43:10.250 D/stbdpc  (  405): STB_DPGetNumPaths[570]: num_paths: 1
06-12 15:43:10.350 D/stbdpc  (  405): STB_DPGetNumPaths[570]: num_paths: 1
06-12 15:43:10.372 D/rtk_heartbeat(  351): heartbeat_timed_out: heartbeatCmdCount = 3242, expected nextSeqNum = 3242
06-12 15:43:10.375 D/rtk_heartbeat(  351): rtkbt_heartbeat_cmpl_cback: Current SeqNum = 3242,should SeqNum=3242, status = 0
06-12 15:43:10.450 D/stbdpc  (  405): STB_DPGetNumPaths[570]: num_paths: 1
06-12 15:43:10.528 D/dvb_iptv(  405): ReadEmmNetworkTask[1537]: EMM Select Timeout Occured 30
06-12 15:43:10.528 D/JioStbInactivityTimer(  933): Timer: count 194 warningTimeout:10680 timeout:10800
06-12 15:43:10.529 D/JioStbInactivityTimer(  933): isUserActive: Curr:3069843 Prev:3069843
06-12 15:43:10.550 D/stbdpc  (  405): STB_DPGetNumPaths[570]: num_paths: 1
06-12 15:43:10.617 I/.startv.hotsta(21217): oneway function results will be dropped but finished with status OK and parcel size 4
06-12 15:43:10.620 I/e.swalekh.abct( 1336): oneway function results will be dropped but finished with status OK and parcel size 4
06-12 15:43:10.627 I/ThermalService(  986): CPU temperatures: [67.600006]
06-12 15:43:10.637 D/JioSTBMRServer-SERVICE( 3304): InetSocketAddress(InetAddress.getByName(inetAddress.hostAddress)-/192.168.1.255
06-12 15:43:10.637 D/JioSTBMRServer-SERVICE( 3304): #beacon:RKISBFJ60000097:0:false:0:1:SV=181024 , 192.168.1.255
06-12 15:43:10.649 D/JioSTBMRServer-SERVICE( 3304): InetSocketAddress(InetAddress.getByName(inetAddress.hostAddress)-/192.168.1.255
06-12 15:43:10.650 D/JioSTBMRServer-SERVICE( 3304): #broadcast IP:192.168.1.255
06-12 15:43:10.650 D/stbdpc  (  405): STB_DPGetNumPaths[570]: num_paths: 1
06-12 15:43:10.851 I/chatty  (  405): uid=0(root) DK-SiCntrl identical 2 lines
06-12 15:43:10.951 D/stbdpc  (  405): STB_DPGetNumPaths[570]: num_paths: 1
06-12 15:43:11.028 D/dvb_iptv(  405): ReadEmmNetworkTask[1537]: EMM Select Timeout Occured 31
06-12 15:43:11.040 D/JioLauncher( 1781): overlay status check for wifi and bt remote false false
06-12 15:43:11.042 D/JioLauncher( 1781): diagnosis-fragment-onConnectivityChanged
06-12 15:43:11.043 D/Match code1( 1449): 2
06-12 15:43:11.043 D/JIO_TR069-( 1449): Predefined List [com.jio.stb.catv, com.rjil.jiostbsetting, com.iwedia.ui.rjio.launcher.reliance, com.jio.stb.hotellauncher, com.jio.media.oberoi, com.jio.ott]
06-12 15:43:11.046 D/JIO_TR069-( 1449): Caller Package com.iwedia.ui.rjio.launcher.reliance
06-12 15:43:11.047 D/JIO_TR069-( 1449): White Listed Apps []
06-12 15:43:11.047 D/JIO_TR069-( 1449): Final White Listed Apps [com.jio.stb.catv, com.rjil.jiostbsetting, com.iwedia.ui.rjio.launcher.reliance, com.jio.stb.hotellauncher, com.jio.media.oberoi, com.jio.ott, ]
06-12 15:43:11.051 D/stbdpc  (  405): STB_DPGetNumPaths[570]: num_paths: 1
06-12 15:43:11.053 D/JioLauncher( 1781): network-type-------NonJioNetwork
06-12 15:43:11.061 D/JioLauncher( 1781): live-tv-previousIp-[/fe80::1%wlan0, /192.168.1.1]-newHost-[/fe80::1%wlan0, /192.168.1.1]
06-12 15:43:11.064 D/JioLauncher( 1781): diagnosis-network-1
06-12 15:43:11.066 D/JioLauncher( 1781): getSSID-<unknown ssid>
06-12 15:43:11.069 D/JioLauncher( 1781): ThreadCount-158
06-12 15:43:11.069 D/JioLauncher( 1781): isInactivityPopupDisplaying-{"inactivity_status_modified_time":1420050611833,"inactivity_status":false,"inactivity_window_timeout":120000}
06-12 15:43:11.069 D/JioLauncher( 1781): inactivity_status-false- result-false
06-12 15:43:11.069 D/JioLauncher( 1781): overlay-removing-type-JIO_BLOCK_ALERT_TYPE  -isInactivityPopupDisplaying-false
06-12 15:43:11.069 D/JioLauncher( 1781): ThreadCount-158
06-12 15:43:11.069 D/JioLauncher( 1781): isInactivityPopupDisplaying-{"inactivity_status_modified_time":1420050611833,"inactivity_status":false,"inactivity_window_timeout":120000}
06-12 15:43:11.069 D/JioLauncher( 1781): inactivity_status-false- result-false
06-12 15:43:11.069 D/JioLauncher( 1781): block-apps 1 null false
06-12 15:43:11.069 D/JioLauncher( 1781): global-key-unblock-all-key
06-12 15:43:11.073 D/JioLauncher( 1781): block-apps -1 null false
06-12 15:43:11.073 D/JioLauncher( 1781): global-key-block-all-key--others
06-12 15:43:11.076 D/JioLauncher( 1781): diagnosis-block-false
06-12 15:43:11.083 D/JioLauncher( 1781): getSSID-<unknown ssid>
06-12 15:43:11.151 V/DigitalSignage(  632): Package Name: null
06-12 15:43:11.151 D/stbdpc  (  405): STB_DPGetNumPaths[570]: num_paths: 1
06-12 15:43:11.151 V/DigitalSignage(  632): Left: 0
06-12 15:43:11.151 V/DigitalSignage(  632): Right: 0
06-12 15:43:11.152 V/DigitalSignage(  632): Top: 0
06-12 15:43:11.152 V/DigitalSignage(  632): Bottom: 0
06-12 15:43:11.152 D/DigitalSignage(  632): else - Package Name :: null left : 0 right :: 0 top :: 0 bottom :: 0 dfu-right :: 1920 dfu-bottom :: 1080
06-12 15:43:11.162 D/ltts_ip_emm(  405): LTTS_IP_DMXStartEMM[381]: parse_emm_cat_status failed
06-12 15:43:11.177 V/DigitalSignage(  632): Package Name: null
06-12 15:43:11.177 V/DigitalSignage(  632): Left: 0
06-12 15:43:11.177 V/DigitalSignage(  632): Right: 0
06-12 15:43:11.177 V/DigitalSignage(  632): Top: 0
06-12 15:43:11.177 V/DigitalSignage(  632): Bottom: 0
06-12 15:43:11.178 D/DigitalSignage(  632): else - Package Name :: null left : 0 right :: 0 top :: 0 bottom :: 0 dfu-right :: 1920 dfu-bottom :: 1080
06-12 15:43:11.188 E/WifiVendorHal(  632): getWifiLinkLayerStats_1_3_Internal(l.973) failed {.code = ERROR_UNKNOWN, .description = unknown error}
06-12 15:43:11.251 D/stbdpc  (  405): STB_DPGetNumPaths[570]: num_paths: 1
06-12 15:43:11.352 D/stbdpc  (  405): STB_DPGetNumPaths[570]: num_paths: 1
06-12 15:43:11.372 D/rtk_heartbeat(  351): heartbeat_timed_out: heartbeatCmdCount = 3243, expected nextSeqNum = 3243
06-12 15:43:11.374 D/rtk_heartbeat(  351): rtkbt_heartbeat_cmpl_cback: Current SeqNum = 3243,should SeqNum=3243, status = 0
06-12 15:43:11.452 D/stbdpc  (  405): STB_DPGetNumPaths[570]: num_paths: 1
06-12 15:43:11.528 D/JioStbInactivityTimer(  933): Timer: count 195 warningTimeout:10680 timeout:10800
06-12 15:43:11.528 D/JioStbInactivityTimer(  933): isUserActive: Curr:3069843 Prev:3069843
06-12 15:43:11.529 D/dvb_iptv(  405): ReadEmmNetworkTask[1537]: EMM Select Timeout Occured 32
06-12 15:43:11.552 D/stbdpc  (  405): STB_DPGetNumPaths[570]: num_paths: 1
06-12 15:43:11.652 D/stbdpc  (  405): STB_DPGetNumPaths[570]: num_paths: 1
06-12 15:43:11.653 I/appium  (21149): channel read: POST /session/5ff39e47-41a5-48b3-98ae-5f264ad0b38b/element
06-12 15:43:11.655 I/appium  (21149): FindElement command
06-12 15:43:11.658 I/appium  (21149): method: 'xpath', selector: '//android.widget.TextView[@resource-id='in.startv.hotstar:id/title']'
06-12 15:43:11.658 I/appium  (21149): Waiting up to 10000ms for the device to idle
06-12 15:43:11.740 I/thermal2(  370): Sending notification:  Type: CPU Name: soc_thermal CurrentValue: 67.8 ThrottlingStatus: LIGHT
06-12 15:43:11.752 D/stbdpc  (  405): STB_DPGetNumPaths[570]: num_paths: 1
06-12 15:43:11.853 I/chatty  (  405): uid=0(root) DK-SiCntrl identical 1 line
06-12 15:43:11.953 D/stbdpc  (  405): STB_DPGetNumPaths[570]: num_paths: 1
06-12 15:43:12.029 D/dvb_iptv(  405): ReadEmmNetworkTask[1537]: EMM Select Timeout Occured 33
06-12 15:43:12.053 D/stbdpc  (  405): STB_DPGetNumPaths[570]: num_paths: 1
06-12 15:43:12.153 I/chatty  (  405): uid=0(root) DK-SiCntrl identical 1 line
06-12 15:43:12.253 D/stbdpc  (  405): STB_DPGetNumPaths[570]: num_paths: 1
06-12 15:43:12.268 E/ocessService0:( 2273): failed to create Unix domain socket: Operation not permitted
06-12 15:43:12.316 I/JTCLOG  ( 3423): JtcForegroundService ->RegisterApp()
06-12 15:43:12.316 I/JTCLOG  ( 3423): JuicePresenter -> registerApp
06-12 15:43:12.316 I/JTCLOG  ( 3423): InitState -> Register
