06-12 16:58:42.434 D/dvb_iptv(  405): ReadEmmNetworkTask[1537]: EMM Select Timeout Occured 36
06-12 16:58:42.528 D/stbdpc  (  405): STB_DPGetNumPaths[570]: num_paths: 1
06-12 16:58:42.537 D/rtk_heartbeat(  351): heartbeat_timed_out: heartbeatCmdCount = 7773, expected nextSeqNum = 7773
06-12 16:58:42.538 D/rtk_heartbeat(  351): rtkbt_heartbeat_cmpl_cback: Current SeqNum = 7773,should SeqNum=7773, status = 0
06-12 16:58:42.552 E/ocessService0:( 2273): failed to create Unix domain socket: Operation not permitted
06-12 16:58:42.628 D/stbdpc  (  405): STB_DPGetNumPaths[570]: num_paths: 1
06-12 16:58:42.704 I/appium  (15007): AppiumResponse: {"sessionId":"0ad30b88-7395-4ddf-bb3c-f666f208ca36","value":null}
06-12 16:58:42.729 D/stbdpc  (  405): STB_DPGetNumPaths[570]: num_paths: 1
06-12 16:58:42.741 I/appium  (15007): channel read: POST /session/0ad30b88-7395-4ddf-bb3c-f666f208ca36/appium/device/press_keycode
06-12 16:58:42.742 I/appium  (15007): PressKeyCode command
06-12 16:58:42.742 I/appium  (15007): Calling PressKeyCode... 
06-12 16:58:42.747 D/UiDevice(15007): Pressing keycodes [66] with modifier 0.
06-12 16:58:42.753 D/InputDispatcher(  632): injectInputEvent - eventType=1, injectorPid=14988, injectorUid=0, syncMode=2, timeout=30000, policyFlags=0x08000000
06-12 16:58:42.754 D/WindowManager(  632): interceptKeyTq keycode=66 interactive=true keyguardActive=false policyFlags=2b000000
06-12 16:58:42.754 D/WindowManager(  632): CloudPC is in NOT in foreground
06-12 16:58:42.754 D/WindowManager(  632): isKeyNeedsToPassToJioCloudPC :: NO
06-12 16:58:42.755 I/android.hardware.power-service.libperfmgr(  369): Power setBoost: INTERACTION duration: 0
06-12 16:58:42.755 I/libperfmgr(  369): Do Powerhint: INTERACTION
06-12 16:58:42.756 D/WindowManager(  632): interceptKeyTi keyCode=66 down=true repeatCount=0 keyguardOn=false canceled=false
06-12 16:58:42.756 D/WindowManager(  632): CloudPC is in NOT in foreground
06-12 16:58:42.756 I/android.hardware.power-service.libperfmgr(  369): Power setBoost: INTERACTION duration: 0
06-12 16:58:42.756 D/WindowManager(  632): isKeyNeedsToPassToJioCloudPC :: NO
06-12 16:58:42.756 I/libperfmgr(  369): Do Powerhint: INTERACTION
06-12 16:58:42.756 D/GlobalKeyManager(  632): KeyEvent { action=ACTION_DOWN, keyCode=KEYCODE_ENTER, scanCode=0, metaState=0, flags=0x0, repeatCount=0, eventTime=7798103, downTime=7798103, deviceId=-1, source=0x101, displayId=-1 }
06-12 16:58:42.756 D/InputDispatcher(  632): Setting input event injection result to 0.  injectorPid=14988, injectorUid=0
06-12 16:58:42.758 D/InputDispatcher(  632): injectInputEvent - Waiting for 1 pending foreground dispatches.
06-12 16:58:42.759 D/InputDispatcher(  632): injectInputEvent - Finished with result 0. injectorPid=14988, injectorUid=0
06-12 16:58:42.761 D/InputDispatcher(  632): injectInputEvent - eventType=1, injectorPid=14988, injectorUid=0, syncMode=2, timeout=30000, policyFlags=0x08000000
06-12 16:58:42.762 D/WindowManager(  632): interceptKeyTq keycode=66 interactive=true keyguardActive=false policyFlags=2b000000
06-12 16:58:42.762 D/WindowManager(  632): CloudPC is in NOT in foreground
06-12 16:58:42.762 D/WindowManager(  632): isKeyNeedsToPassToJioCloudPC :: NO
06-12 16:58:42.762 D/WindowManager(  632): interceptKeyTi keyCode=66 down=false repeatCount=0 keyguardOn=false canceled=false
06-12 16:58:42.762 D/WindowManager(  632): CloudPC is in NOT in foreground
06-12 16:58:42.762 D/WindowManager(  632): isKeyNeedsToPassToJioCloudPC :: NO
06-12 16:58:42.762 D/GlobalKeyManager(  632): KeyEvent { action=ACTION_UP, keyCode=KEYCODE_ENTER, scanCode=0, metaState=0, flags=0x0, repeatCount=0, eventTime=7798103, downTime=7798103, deviceId=-1, source=0x101, displayId=-1 }
06-12 16:58:42.763 D/InputDispatcher(  632): Setting input event injection result to 0.  injectorPid=14988, injectorUid=0
06-12 16:58:42.764 D/InputDispatcher(  632): injectInputEvent - Waiting for 1 pending foreground dispatches.
06-12 16:58:42.778 I/sub_mixing_factory(  350): [usecase_change_validate_l_sm:1209] ++++continuous:0 dev masks:0, out masks:0, out usecase PCM_NORMAL
06-12 16:58:42.778 I/sub_mixing_factory(  350): [usecase_change_validate_l_sm:1216] add usecase PCM_NORMAL, cnt 1
06-12 16:58:42.778 D/sub_mixing_factory(  350): [usecase_change_validate_l_sm:1228] cur dev masks:0, add out usecase:PCM_NORMAL
06-12 16:58:42.778 I/sub_mixing_factory(  350): [usecase_change_validate_l_sm:1259] ----continuous:0 dev masks:0x1, out masks:0x1, out usecase PCM_NORMAL
06-12 16:58:42.778 D/aml_audio_port(  350): [new_input_port:260] buf_frames:384,frame_size:4 ==> thunk_size:1536
06-12 16:58:42.778 I/aml_audio_port(  350): [get_input_port_type:109] samplerate:48000, flags:0x2, channel_cnt:2
06-12 16:58:42.778 D/aml_audio_port(  350): [new_input_port:286] inport:PCM_SYSTEM, buf:6144, direct:0, format:0x1, rate:48000, ch:2
06-12 16:58:42.778 I/amlAudioMixer(  350): [init_mixer_input_port:175] input port:PCM_SYSTEM, size 384 frames, frame_write_sum:114135040
06-12 16:58:42.778 I/aml_audio_port(  350): [get_input_port_type:109] samplerate:48000, flags:0x2, channel_cnt:2
06-12 16:58:42.778 I/sub_mixing_factory(  350): [mixer_aux_buffer_write_sm:1066] stream 0xf557b000 input port:PCM_SYSTEM
06-12 16:58:42.778 I/sub_mixing_factory(  350): [mixer_aux_buffer_write_sm:1076] padding_bytes 12288
06-12 16:58:42.778 I/amlAudioMixer(  350): [mixer_write_inport:260] input port:PCM_SYSTEM is active now
06-12 16:58:42.778 I/sub_mixing_factory(  350): [mixer_aux_buffer_write_sm:1076] padding_bytes 10752
06-12 16:58:42.778 I/sub_mixing_factory(  350): [mixer_aux_buffer_write_sm:1076] padding_bytes 9216
06-12 16:58:42.778 I/sub_mixing_factory(  350): [mixer_aux_buffer_write_sm:1076] padding_bytes 7680
06-12 16:58:42.778 I/sub_mixing_factory(  350): [mixer_aux_buffer_write_sm:1076] padding_bytes 6144
06-12 16:58:42.779 I/system_server(  632): oneway function results will be dropped but finished with status OK and parcel size 4
06-12 16:58:42.779 I/system_server(  632): oneway function results will be dropped but finished with status OK and parcel size 4
06-12 16:58:42.784 I/amlAudioMixer(  350): [mixer_inports_read:704] input port:PCM_SYSTEM first start, portId:0, avail:6144
06-12 16:58:42.785 D/InputDispatcher(  632): injectInputEvent - Finished with result 0. injectorPid=14988, injectorUid=0
06-12 16:58:42.789 I/sub_mixing_factory(  350): [mixer_aux_buffer_write_sm:1076] padding_bytes 4608
06-12 16:58:42.797 I/sub_mixing_factory(  350): [mixer_aux_buffer_write_sm:1076] padding_bytes 3072
06-12 16:58:42.805 I/sub_mixing_factory(  350): [mixer_aux_buffer_write_sm:1076] padding_bytes 1536
06-12 16:58:42.806 I/appium  (15007): AppiumResponse: {"sessionId":"0ad30b88-7395-4ddf-bb3c-f666f208ca36","value":null}
06-12 16:58:42.829 D/stbdpc  (  405): STB_DPGetNumPaths[570]: num_paths: 1
06-12 16:58:42.917 D/JioStbInactivityTimer(  933): Timer: count 34 warningTimeout:10680 timeout:10800
06-12 16:58:42.918 D/JioStbInactivityTimer(  933): isUserActive: Curr:7762653 Prev:7762653
06-12 16:58:42.929 D/stbdpc  (  405): STB_DPGetNumPaths[570]: num_paths: 1
06-12 16:58:42.934 D/dvb_iptv(  405): ReadEmmNetworkTask[1537]: EMM Select Timeout Occured 37
06-12 16:58:43.029 D/stbdpc  (  405): STB_DPGetNumPaths[570]: num_paths: 1
06-12 16:58:43.093 W/APM::AudioPolicyEngine(  390): getDevicesForStrategy() unknown strategy: -1
06-12 16:58:43.095 I/system_server(  632): oneway function results will be dropped but finished with status OK and parcel size 4
06-12 16:58:43.123 I/.startv.hotsta(15090): oneway function results will be dropped but finished with status OK and parcel size 4
06-12 16:58:43.126 I/e.swalekh.abct( 1336): oneway function results will be dropped but finished with status OK and parcel size 4
06-12 16:58:43.129 D/stbdpc  (  405): STB_DPGetNumPaths[570]: num_paths: 1
06-12 16:58:43.140 D/JioSTBMRServer-SERVICE( 3304): InetSocketAddress(InetAddress.getByName(inetAddress.hostAddress)-/192.168.1.255
06-12 16:58:43.140 D/JioSTBMRServer-SERVICE( 3304): #beacon:RKISBFJ60000097:0:false:0:1:SV=181024 , 192.168.1.255
06-12 16:58:43.144 D/JioSTBMRServer-SERVICE( 3304): InetSocketAddress(InetAddress.getByName(inetAddress.hostAddress)-/192.168.1.255
06-12 16:58:43.144 D/JioSTBMRServer-SERVICE( 3304): #broadcast IP:192.168.1.255
06-12 16:58:43.230 D/stbdpc  (  405): STB_DPGetNumPaths[570]: num_paths: 1
06-12 16:58:43.330 I/chatty  (  405): uid=0(root) DK-SiCntrl identical 1 line
06-12 16:58:43.430 D/stbdpc  (  405): STB_DPGetNumPaths[570]: num_paths: 1
06-12 16:58:43.434 D/dvb_iptv(  405): ReadEmmNetworkTask[1537]: EMM Select Timeout Occured 38
06-12 16:58:43.434 E/WifiVendorHal(  632): getWifiLinkLayerStats_1_3_Internal(l.973) failed {.code = ERROR_UNKNOWN, .description = unknown error}
06-12 16:58:43.493 D/ltts_ip_emm(  405): LTTS_IP_DMXStartEMM[381]: parse_emm_cat_status failed
06-12 16:58:43.530 D/stbdpc  (  405): STB_DPGetNumPaths[570]: num_paths: 1
06-12 16:58:43.537 D/rtk_heartbeat(  351): heartbeat_timed_out: heartbeatCmdCount = 7774, expected nextSeqNum = 7774
06-12 16:58:43.538 D/rtk_heartbeat(  351): rtkbt_heartbeat_cmpl_cback: Current SeqNum = 7774,should SeqNum=7774, status = 0
06-12 16:58:43.630 D/stbdpc  (  405): STB_DPGetNumPaths[570]: num_paths: 1
06-12 16:58:43.730 D/stbdpc  (  405): STB_DPGetNumPaths[570]: num_paths: 1
06-12 16:58:43.828 I/ThermalService(  986): CPU temperatures: [67.600006]
06-12 16:58:43.831 D/stbdpc  (  405): STB_DPGetNumPaths[570]: num_paths: 1
06-12 16:58:43.917 D/JioStbInactivityTimer(  933): Timer: count 35 warningTimeout:10680 timeout:10800
06-12 16:58:43.917 D/JioStbInactivityTimer(  933): isUserActive: Curr:7762653 Prev:7762653
06-12 16:58:43.931 D/stbdpc  (  405): STB_DPGetNumPaths[570]: num_paths: 1
06-12 16:58:43.934 D/dvb_iptv(  405): ReadEmmNetworkTask[1537]: EMM Select Timeout Occured 39
06-12 16:58:44.020 I/thermal2(  370): Sending notification:  Type: CPU Name: soc_thermal CurrentValue: 66.9 ThrottlingStatus: LIGHT
06-12 16:58:44.031 D/stbdpc  (  405): STB_DPGetNumPaths[570]: num_paths: 1
06-12 16:58:44.274 V/DigitalSignage(  632): Package Name: null
06-12 16:58:44.275 V/DigitalSignage(  632): Left: 0
06-12 16:58:44.275 V/DigitalSignage(  632): Right: 0
06-12 16:58:44.275 V/DigitalSignage(  632): Top: 0
06-12 16:58:44.275 V/DigitalSignage(  632): Bottom: 0
06-12 16:58:44.275 D/DigitalSignage(  632): else - Package Name :: null left : 0 right :: 0 top :: 0 bottom :: 0 dfu-right :: 1920 dfu-bottom :: 1080
06-12 16:58:44.298 V/DigitalSignage(  632): Package Name: null
06-12 16:58:44.298 V/DigitalSignage(  632): Left: 0
06-12 16:58:44.298 V/DigitalSignage(  632): Right: 0
06-12 16:58:44.298 V/DigitalSignage(  632): Top: 0
06-12 16:58:44.298 V/DigitalSignage(  632): Bottom: 0
06-12 16:58:44.298 D/DigitalSignage(  632): else - Package Name :: null left : 0 right :: 0 top :: 0 bottom :: 0 dfu-right :: 1920 dfu-bottom :: 1080
06-12 16:58:44.231 I/chatty  (  405): uid=0(root) DK-SiCntrl identical 2 lines
06-12 16:58:44.332 D/stbdpc  (  405): STB_DPGetNumPaths[570]: num_paths: 1
06-12 16:58:44.356 I/lowmemorykiller(  233): medium memory pressure event is triggered for new strategy
06-12 16:58:44.356 D/lowmemorykiller(  233): LMKD mp_event_psi kill_reasons available are PRESSURE_AFTER_KILL, NOT_RESPONDING, LOW_SWAP_AND_THRASHING, LOW_MEM_AND_SWAP, LOW_MEM_AND_THRASHING, DIRECT_RECL_AND_THRASHING
06-12 16:58:44.356 D/lowmemorykiller(  233): LMKD mp_event_psi kill_reason received= -1
06-12 16:58:44.432 D/stbdpc  (  405): STB_DPGetNumPaths[570]: num_paths: 1
06-12 16:58:44.435 D/dvb_iptv(  405): ReadEmmNetworkTask[1537]: EMM Select Timeout Occured 40
06-12 16:58:44.456 I/lowmemorykiller(  233): medium memory pressure event is triggered for new strategy
06-12 16:58:44.457 D/lowmemorykiller(  233): LMKD mp_event_psi kill_reasons available are PRESSURE_AFTER_KILL, NOT_RESPONDING, LOW_SWAP_AND_THRASHING, LOW_MEM_AND_SWAP, LOW_MEM_AND_THRASHING, DIRECT_RECL_AND_THRASHING
06-12 16:58:44.457 D/lowmemorykiller(  233): LMKD mp_event_psi kill_reason received= -1
06-12 16:58:44.478 D/memtrack_aml(  367): sysfs path
06-12 16:58:44.532 D/stbdpc  (  405): STB_DPGetNumPaths[570]: num_paths: 1
06-12 16:58:44.537 D/rtk_heartbeat(  351): heartbeat_timed_out: heartbeatCmdCount = 7775, expected nextSeqNum = 7775
06-12 16:58:44.538 D/rtk_heartbeat(  351): rtkbt_heartbeat_cmpl_cback: Current SeqNum = 7775,should SeqNum=7775, status = 0
06-12 16:58:44.557 I/lowmemorykiller(  233): medium memory pressure event is triggered for new strategy
06-12 16:58:44.557 D/lowmemorykiller(  233): LMKD mp_event_psi kill_reasons available are PRESSURE_AFTER_KILL, NOT_RESPONDING, LOW_SWAP_AND_THRASHING, LOW_MEM_AND_SWAP, LOW_MEM_AND_THRASHING, DIRECT_RECL_AND_THRASHING
06-12 16:58:44.557 D/lowmemorykiller(  233): LMKD mp_event_psi kill_reason received= -1
06-12 16:58:44.591 E/ocessService0:( 2273): failed to create Unix domain socket: Operation not permitted
06-12 16:58:44.632 D/stbdpc  (  405): STB_DPGetNumPaths[570]: num_paths: 1
06-12 16:58:44.657 I/lowmemorykiller(  233): medium memory pressure event is triggered for new strategy
06-12 16:58:44.657 D/lowmemorykiller(  233): LMKD mp_event_psi kill_reasons available are PRESSURE_AFTER_KILL, NOT_RESPONDING, LOW_SWAP_AND_THRASHING, LOW_MEM_AND_SWAP, LOW_MEM_AND_THRASHING, DIRECT_RECL_AND_THRASHING
06-12 16:58:44.657 D/lowmemorykiller(  233): LMKD mp_event_psi kill_reason received= -1
06-12 16:58:44.732 D/stbdpc  (  405): STB_DPGetNumPaths[570]: num_paths: 1
06-12 16:58:44.758 I/lowmemorykiller(  233): medium memory pressure event is triggered for new strategy
06-12 16:58:44.833 D/stbdpc  (  405): STB_DPGetNumPaths[570]: num_paths: 1
06-12 16:58:44.836 I/appium  (15007): channel read: POST /session/0ad30b88-7395-4ddf-bb3c-f666f208ca36/element
06-12 16:58:44.838 I/appium  (15007): FindElement command
06-12 16:58:44.841 I/appium  (15007): method: 'xpath', selector: '//android.widget.TextView[@resource-id='in.startv.hotstar:id/title']'
06-12 16:58:44.842 I/appium  (15007): Waiting up to 10000ms for the device to idle
06-12 16:58:44.858 I/lowmemorykiller(  233): medium memory pressure event is triggered for new strategy
06-12 16:58:44.918 D/JioStbInactivityTimer(  933): Timer: count 36 warningTimeout:10680 timeout:10800
06-12 16:58:44.918 D/JioStbInactivityTimer(  933): isUserActive: Curr:7762653 Prev:7762653
06-12 16:58:44.933 D/stbdpc  (  405): STB_DPGetNumPaths[570]: num_paths: 1
06-12 16:58:44.935 D/dvb_iptv(  405): ReadEmmNetworkTask[1537]: EMM Select Timeout Occured 41
06-12 16:58:44.958 I/lowmemorykiller(  233): medium memory pressure event is triggered for new strategy
06-12 16:58:44.958 D/lowmemorykiller(  233): LMKD mp_event_psi kill_reasons available are PRESSURE_AFTER_KILL, NOT_RESPONDING, LOW_SWAP_AND_THRASHING, LOW_MEM_AND_SWAP, LOW_MEM_AND_THRASHING, DIRECT_RECL_AND_THRASHING
06-12 16:58:44.958 D/lowmemorykiller(  233): LMKD mp_event_psi kill_reason received= -1
06-12 16:58:45.033 D/stbdpc  (  405): STB_DPGetNumPaths[570]: num_paths: 1
06-12 16:58:45.059 I/lowmemorykiller(  233): medium memory pressure event is triggered for new strategy
06-12 16:58:45.059 D/lowmemorykiller(  233): LMKD mp_event_psi kill_reasons available are PRESSURE_AFTER_KILL, NOT_RESPONDING, LOW_SWAP_AND_THRASHING, LOW_MEM_AND_SWAP, LOW_MEM_AND_THRASHING, DIRECT_RECL_AND_THRASHING
06-12 16:58:45.059 D/lowmemorykiller(  233): LMKD mp_event_psi kill_reason received= -1
06-12 16:58:45.133 D/stbdpc  (  405): STB_DPGetNumPaths[570]: num_paths: 1
06-12 16:58:45.159 I/lowmemorykiller(  233): medium memory pressure event is triggered for new strategy
06-12 16:58:45.159 D/lowmemorykiller(  233): LMKD mp_event_psi kill_reasons available are PRESSURE_AFTER_KILL, NOT_RESPONDING, LOW_SWAP_AND_THRASHING, LOW_MEM_AND_SWAP, LOW_MEM_AND_THRASHING, DIRECT_RECL_AND_THRASHING
06-12 16:58:45.159 D/lowmemorykiller(  233): LMKD mp_event_psi kill_reason received= -1
06-12 16:58:45.177 I/.startv.hotsta(15090): oneway function results will be dropped but finished with status OK and parcel size 4
06-12 16:58:45.178 I/e.swalekh.abct( 1336): oneway function results will be dropped but finished with status OK and parcel size 4
06-12 16:58:45.185 D/JioSTBMRServer-SERVICE( 3304): InetSocketAddress(InetAddress.getByName(inetAddress.hostAddress)-/192.168.1.255
06-12 16:58:45.186 D/JioSTBMRServer-SERVICE( 3304): #beacon:RKISBFJ60000097:0:false:0:1:SV=181024 , 192.168.1.255
06-12 16:58:45.189 D/JioSTBMRServer-SERVICE( 3304): InetSocketAddress(InetAddress.getByName(inetAddress.hostAddress)-/192.168.1.255
06-12 16:58:45.189 D/JioSTBMRServer-SERVICE( 3304): #broadcast IP:192.168.1.255
06-12 16:58:45.233 D/stbdpc  (  405): STB_DPGetNumPaths[570]: num_paths: 1
06-12 16:58:45.260 I/lowmemorykiller(  233): medium memory pressure event is triggered for new strategy
06-12 16:58:45.260 D/lowmemorykiller(  233): LMKD mp_event_psi kill_reasons available are PRESSURE_AFTER_KILL, NOT_RESPONDING, LOW_SWAP_AND_THRASHING, LOW_MEM_AND_SWAP, LOW_MEM_AND_THRASHING, DIRECT_RECL_AND_THRASHING
06-12 16:58:45.260 D/lowmemorykiller(  233): LMKD mp_event_psi kill_reason received= -1
06-12 16:58:45.295 W/[ 7800.650034@1]  RTW(    0): fill_default_txdesc(wlan0): SP Packet(0x0806) rate=0x4 SeqNum = 1159
06-12 16:58:45.333 D/stbdpc  (  405): STB_DPGetNumPaths[570]: num_paths: 1
06-12 16:58:45.360 I/lowmemorykiller(  233): medium memory pressure event is triggered for new strategy
06-12 16:58:45.434 D/stbdpc  (  405): STB_DPGetNumPaths[570]: num_paths: 1
06-12 16:58:45.435 D/dvb_iptv(  405): ReadEmmNetworkTask[1537]: EMM Select Timeout Occured 42
06-12 16:58:45.494 D/ltts_ip_emm(  405): LTTS_IP_DMXStartEMM[381]: parse_emm_cat_status failed
06-12 16:58:45.534 D/stbdpc  (  405): STB_DPGetNumPaths[570]: num_paths: 1
06-12 16:58:45.538 D/rtk_heartbeat(  351): heartbeat_timed_out: heartbeatCmdCount = 7776, expected nextSeqNum = 7776
06-12 16:58:45.539 D/rtk_heartbeat(  351): rtkbt_heartbeat_cmpl_cback: Current SeqNum = 7776,should SeqNum=7776, status = 0
06-12 16:58:45.634 D/stbdpc  (  405): STB_DPGetNumPaths[570]: num_paths: 1
06-12 16:58:45.638 D/DefaultRenderersFactory(15090): Building video renderers, extensionRendererMode 0
06-12 16:58:45.659 I/ExoPlayerImpl(15090): Init cb3d388 [ExoPlayerLib/2.16.1] [MSTB, JMSB200A, Jio, 30]
06-12 16:58:45.695 I/MediaFocusControl(  632): requestAudioFocus() from uid/pid 10072/15090 clientId=android.media.AudioManager@eed9ca3g2.b$a@9f78ba0 callingPack=in.startv.hotstar req=1 flags=0x0 sdk=34
06-12 16:58:45.696 I/MediaFocusControl(  632): notifyAudioFocusGain. in.startv.hotstar
06-12 16:58:45.697 D/CustomBootReceiver( 1834): onReceive, Receive broadcast message, com.jio.stb.AUDIO_FOCUS_GAIN
06-12 16:58:45.697 D/CustomBootReceiver( 1834): Recvd broadcast; Audio Focus change from package : in.startv.hotstar
06-12 16:58:45.697 D/AppOptimizerAudioFocusReceiver( 1699): onReceive, Receive broadcast message, com.jio.stb.AUDIO_FOCUS_GAIN
06-12 16:58:45.697 D/AppOptimizerAudioFocusReceiver( 1699): Recvd broadcast; Current Audio Focus=in.startv.hotstar
06-12 16:58:45.697 D/AppOptimizerAudioFocusReceiver( 1699): calling removeApp method
06-12 16:58:45.701 I/appium  (15007): The following attributes will be included to the page source: [resource-id]
06-12 16:58:45.731 I/DrmUtils(15090): found android.hardware.drm@1.0::IDrmFactory clearkey
06-12 16:58:45.733 I/DrmUtils(15090): found android.hardware.drm@1.0::IDrmFactory verimatrix
06-12 16:58:45.734 D/stbdpc  (  405): STB_DPGetNumPaths[570]: num_paths: 1
06-12 16:58:45.735 I/DrmUtils(15090): found android.hardware.drm@1.0::IDrmFactory widevine
06-12 16:58:45.742 I/DrmUtils(15090): found android.hardware.drm@1.0::IDrmFactory youtube
06-12 16:58:45.746 I/DrmUtils(15090): found android.hardware.drm@1.1::IDrmFactory clearkey
06-12 16:58:45.747 I/DrmUtils(15090): found android.hardware.drm@1.1::IDrmFactory verimatrix
06-12 16:58:45.748 I/DrmUtils(15090): found android.hardware.drm@1.1::IDrmFactory widevine
06-12 16:58:45.749 I/DrmUtils(15090): found android.hardware.drm@1.1::IDrmFactory youtube
06-12 16:58:45.752 I/DrmUtils(15090): found android.hardware.drm@1.2::IDrmFactory clearkey
06-12 16:58:45.766 I/DrmUtils(15090): found android.hardware.drm@1.2::IDrmFactory verimatrix
06-12 16:58:45.767 I/DrmUtils(15090): found android.hardware.drm@1.2::IDrmFactory widevine
06-12 16:58:45.768 I/DrmUtils(15090): found android.hardware.drm@1.2::IDrmFactory youtube
06-12 16:58:45.770 I/DrmUtils(15090): found android.hardware.drm@1.3::IDrmFactory clearkey
06-12 16:58:45.771 I/DrmUtils(15090): found android.hardware.drm@1.3::IDrmFactory verimatrix
06-12 16:58:45.773 I/DrmUtils(15090): found android.hardware.drm@1.3::IDrmFactory widevine
06-12 16:58:45.774 I/DrmUtils(15090): found android.hardware.drm@1.3::IDrmFactory youtube
06-12 16:58:45.775 W/android.hardware.drm@1.3-service.youtube(  361): isCryptoSchemeSupported, false
06-12 16:58:45.775 I/WVCdm   (  356): [app][in.startv.hotstar] calling virtual Return<void> wvdrm::hardware::drm::V1_3::widevine::WVDrmFactory::createPlugin(const hidl_array<uint8_t, 16> &, const android::hardware::hidl_string &, android::hardware::drm::V1_3::IDrmFactory::createPlugin_cb)
06-12 16:58:45.834 D/stbdpc  (  405): STB_DPGetNumPaths[570]: num_paths: 1
06-12 16:58:45.844 I/ThermalService(  986): CPU temperatures: [69.0]
06-12 16:58:45.886 I/.startv.hotsta(15090): NativeAlloc concurrent copying GC freed 168663(9135KB) AllocSpace objects, 91(1916KB) LOS objects, 50% free, 18MB/37MB, paused 290us total 295.347ms
06-12 16:58:45.907 D/sub_mixing_factory(  350): [out_standby_subMixingPCM:1324] out_stream(0xf557b000) usecase: PCM_NORMAL
06-12 16:58:45.907 I/sub_mixing_factory(  350): [usecase_change_validate_l_sm:1170] cur dev masks:0x1, delete out usecase:PCM_NORMAL
06-12 16:58:45.907 I/sub_mixing_factory(  350): [usecase_change_validate_l_sm:1180] standby unmask usecase PCM_NORMAL
06-12 16:58:45.907 I/amlAudioMixer(  350): [delete_mixer_input_port:197] input port ID:0, type:PCM_SYSTEM, cur mask:0x1
06-12 16:58:45.908 I/system_server(  632): oneway function results will be dropped but finished with status OK and parcel size 4
06-12 16:58:45.917 D/JioStbInactivityTimer(  933): Timer: count 37 warningTimeout:10680 timeout:10800
06-12 16:58:45.917 D/JioStbInactivityTimer(  933): isUserActive: Curr:7762653 Prev:7762653
06-12 16:58:45.934 D/stbdpc  (  405): STB_DPGetNumPaths[570]: num_paths: 1
06-12 16:58:45.935 D/dvb_iptv(  405): ReadEmmNetworkTask[1537]: EMM Select Timeout Occured 43
06-12 16:58:45.975 I/appium  (15007): Took 0ms to retrieve 1 matches for '//android.widget.TextView[@resource-id='in.startv.hotstar:id/title']' XPath2 query
06-12 16:58:45.982 I/appium  (15007): AppiumResponse: {"sessionId":"0ad30b88-7395-4ddf-bb3c-f666f208ca36","value":{"ELEMENT":"00000000-0000-0087-ffff-ffff000000aa","element-6066-11e4-a52e-4f735466cecf":"00000000-0000-0087-ffff-ffff000000aa"}}
06-12 16:58:46.004 I/appium  (15007): channel read: GET /session/0ad30b88-7395-4ddf-bb3c-f666f208ca36/element/00000000-0000-0087-ffff-ffff000000aa/attribute/displayed
06-12 16:58:46.006 I/appium  (15007): GetElementAttribute command
06-12 16:58:46.019 D/MediaCodecInfo(15090): NoSupport [sizeAndRate.support, 1920x1080x23.976024627685547] [c2.android.hevc.decoder, video/hevc] [MSTB, JMSB200A, Jio, 30]
06-12 16:58:46.019 I/appium  (15007): AppiumResponse: {"sessionId":"0ad30b88-7395-4ddf-bb3c-f666f208ca36","value":"true"}
06-12 16:58:46.020 D/MediaCodecInfo(15090): NoSupport [sizeAndRate.support, 1920x1080x23.976024627685547] [c2.android.hevc.decoder, video/hevc] [MSTB, JMSB200A, Jio, 30]
06-12 16:58:46.022 I/chatty  (15090): uid=10072(in.startv.hotstar) ExoPlayer:Playb identical 1 line
06-12 16:58:46.023 D/MediaCodecInfo(15090): NoSupport [sizeAndRate.support, 1920x1080x23.976024627685547] [c2.android.hevc.decoder, video/hevc] [MSTB, JMSB200A, Jio, 30]
06-12 16:58:46.035 D/stbdpc  (  405): STB_DPGetNumPaths[570]: num_paths: 1
06-12 16:58:46.041 I/appium  (15007): channel read: GET /session/0ad30b88-7395-4ddf-bb3c-f666f208ca36/element/00000000-0000-0087-ffff-ffff000000aa/attribute/displayed
06-12 16:58:46.041 D/JioLauncher( 1781): overlay status check for wifi and bt remote false false
06-12 16:58:46.042 I/appium  (15007): GetElementAttribute command
06-12 16:58:46.044 D/Match code1( 1449): 2
06-12 16:58:46.044 D/JIO_TR069-( 1449): Predefined List [com.jio.stb.catv, com.rjil.jiostbsetting, com.iwedia.ui.rjio.launcher.reliance, com.jio.stb.hotellauncher, com.jio.media.oberoi, com.jio.ott]
06-12 16:58:46.046 D/JIO_TR069-( 1449): Caller Package com.iwedia.ui.rjio.launcher.reliance
06-12 16:58:46.046 D/JIO_TR069-( 1449): White Listed Apps []
06-12 16:58:46.046 D/JIO_TR069-( 1449): Final White Listed Apps [com.jio.stb.catv, com.rjil.jiostbsetting, com.iwedia.ui.rjio.launcher.reliance, com.jio.stb.hotellauncher, com.jio.media.oberoi, com.jio.ott, ]
06-12 16:58:46.049 D/JioLauncher( 1781): network-type-------NonJioNetwork
06-12 16:58:46.057 I/appium  (15007): AppiumResponse: {"sessionId":"0ad30b88-7395-4ddf-bb3c-f666f208ca36","value":"true"}
06-12 16:58:46.067 D/JioLauncher( 1781): live-tv-previousIp-[/fe80::1%wlan0, /192.168.1.1]-newHost-[/fe80::1%wlan0, /192.168.1.1]
06-12 16:58:46.076 I/appium  (15007): channel read: POST /session/0ad30b88-7395-4ddf-bb3c-f666f208ca36/appium/device/press_keycode
06-12 16:58:46.077 I/appium  (15007): PressKeyCode command
06-12 16:58:46.078 I/appium  (15007): Calling PressKeyCode... 
06-12 16:58:46.081 D/UiDevice(15007): Pressing keycodes [4] with modifier 0.
06-12 16:58:46.090 D/InputDispatcher(  632): injectInputEvent - eventType=1, injectorPid=14988, injectorUid=0, syncMode=2, timeout=30000, policyFlags=0x08000000
06-12 16:58:46.090 D/WindowManager(  632): interceptKeyTq keycode=4 interactive=true keyguardActive=false policyFlags=2b000000
06-12 16:58:46.090 D/WindowManager(  632): CloudPC is in NOT in foreground
06-12 16:58:46.091 D/WindowManager(  632): isKeyNeedsToPassToJioCloudPC :: NO
06-12 16:58:46.092 I/android.hardware.power-service.libperfmgr(  369): Power setBoost: INTERACTION duration: 0
06-12 16:58:46.092 I/libperfmgr(  369): Do Powerhint: INTERACTION
06-12 16:58:46.092 D/WindowManager(  632): interceptKeyTi keyCode=4 down=true repeatCount=0 keyguardOn=false canceled=false
06-12 16:58:46.092 D/WindowManager(  632): CloudPC is in NOT in foreground
06-12 16:58:46.092 I/android.hardware.power-service.libperfmgr(  369): Power setBoost: INTERACTION duration: 0
06-12 16:58:46.092 I/libperfmgr(  369): Do Powerhint: INTERACTION
06-12 16:58:46.092 D/WindowManager(  632): isKeyNeedsToPassToJioCloudPC :: NO
06-12 16:58:46.092 D/GlobalKeyManager(  632): KeyEvent { action=ACTION_DOWN, keyCode=KEYCODE_BACK, scanCode=0, metaState=0, flags=0x0, repeatCount=0, eventTime=7801438, downTime=7801438, deviceId=-1, source=0x101, displayId=-1 }
06-12 16:58:46.092 D/InputDispatcher(  632): Setting input event injection result to 0.  injectorPid=14988, injectorUid=0
06-12 16:58:46.093 D/InputDispatcher(  632): injectInputEvent - Waiting for 1 pending foreground dispatches.
06-12 16:58:46.096 D/InputDispatcher(  632): injectInputEvent - Finished with result 0. injectorPid=14988, injectorUid=0
06-12 16:58:46.099 D/InputDispatcher(  632): injectInputEvent - eventType=1, injectorPid=14988, injectorUid=0, syncMode=2, timeout=30000, policyFlags=0x08000000
06-12 16:58:46.100 D/WindowManager(  632): interceptKeyTq keycode=4 interactive=true keyguardActive=false policyFlags=2b000000
06-12 16:58:46.100 D/WindowManager(  632): CloudPC is in NOT in foreground
06-12 16:58:46.100 D/WindowManager(  632): isKeyNeedsToPassToJioCloudPC :: NO
06-12 16:58:46.100 D/AutofillManagerService(  632): onBackKeyPressed()
06-12 16:58:46.101 D/WindowManager(  632): interceptKeyTi keyCode=4 down=false repeatCount=0 keyguardOn=false canceled=false
06-12 16:58:46.101 D/WindowManager(  632): CloudPC is in NOT in foreground
06-12 16:58:46.101 D/WindowManager(  632): isKeyNeedsToPassToJioCloudPC :: NO
06-12 16:58:46.101 D/GlobalKeyManager(  632): KeyEvent { action=ACTION_UP, keyCode=KEYCODE_BACK, scanCode=0, metaState=0, flags=0x0, repeatCount=0, eventTime=7801438, downTime=7801438, deviceId=-1, source=0x101, displayId=-1 }
06-12 16:58:46.101 D/InputDispatcher(  632): Setting input event injection result to 0.  injectorPid=14988, injectorUid=0
06-12 16:58:46.105 D/InputDispatcher(  632): injectInputEvent - Waiting for 1 pending foreground dispatches.
06-12 16:58:46.108 D/InputDispatcher(  632): injectInputEvent - Finished with result 0. injectorPid=14988, injectorUid=0
06-12 16:58:46.116 D/CCodec  (15090): allocate(c2.android.aac.decoder)
06-12 16:58:46.117 V/C2Store (  479): in init
06-12 16:58:46.117 V/C2Store (  479): loading dll
06-12 16:58:46.127 I/appium  (15007): AppiumResponse: {"sessionId":"0ad30b88-7395-4ddf-bb3c-f666f208ca36","value":null}
06-12 16:58:46.135 D/stbdpc  (  405): STB_DPGetNumPaths[570]: num_paths: 1
06-12 16:58:46.138 I/CCodec  (15090): Created component [c2.android.aac.decoder]
06-12 16:58:46.139 D/CCodecConfig(15090): read media type: audio/mp4a-latm
06-12 16:58:46.143 D/ReflectedParamUpdater(15090): extent() != 1 for single value type: algo.buffers.max-count.values
06-12 16:58:46.143 D/ReflectedParamUpdater(15090): extent() != 1 for single value type: output.subscribed-indices.values
06-12 16:58:46.144 D/ReflectedParamUpdater(15090): extent() != 1 for single value type: input.buffers.allocator-ids.values
06-12 16:58:46.144 D/ReflectedParamUpdater(15090): extent() != 1 for single value type: output.buffers.allocator-ids.values
06-12 16:58:46.144 D/ReflectedParamUpdater(15090): extent() != 1 for single value type: algo.buffers.allocator-ids.values
06-12 16:58:46.144 D/ReflectedParamUpdater(15090): extent() != 1 for single value type: output.buffers.pool-ids.values
06-12 16:58:46.144 D/ReflectedParamUpdater(15090): extent() != 1 for single value type: algo.buffers.pool-ids.values
06-12 16:58:46.146 I/appium  (15007): channel read: POST /session/0ad30b88-7395-4ddf-bb3c-f666f208ca36/elements
06-12 16:58:46.147 I/appium  (15007): FindElements command
06-12 16:58:46.151 I/CCodecConfig(15090): query failed after returning 19 values (BAD_INDEX)
06-12 16:58:46.151 D/CCodecConfig(15090): c2 config diff is Dict {
06-12 16:58:46.151 D/CCodecConfig(15090):   c2::u32 coded.aac-packaging.value = 0
06-12 16:58:46.151 D/CCodecConfig(15090):   c2::u32 coded.bitrate.value = 64000
06-12 16:58:46.151 D/CCodecConfig(15090):   c2::u32 coded.pl.level = 0
06-12 16:58:46.151 D/CCodecConfig(15090):   c2::u32 coded.pl.profile = 8192
06-12 16:58:46.151 D/CCodecConfig(15090):   c2::i32 coding.drc.album-mode.value = 0
06-12 16:58:46.151 D/CCodecConfig(15090):   c2::float coding.drc.attenuation-factor.value = 1
06-12 16:58:46.151 D/CCodecConfig(15090):   c2::float coding.drc.boost-factor.value = 1
06-12 16:58:46.151 D/CCodecConfig(15090):   c2::i32 coding.drc.compression-mode.value = 3
06-12 16:58:46.151 D/CCodecConfig(15090):   c2::i32 coding.drc.effect-type.value = 3
06-12 16:58:46.151 D/CCodecConfig(15090):   c2::float coding.drc.encoded-level.value = 0.25
06-12 16:58:46.151 D/CCodecConfig(15090):   c2::float coding.drc.reference-level.value = -16
06-12 16:58:46.151 D/CCodecConfig(15090):   c2::u32 input.buffers.max-size.value = 8192
06-12 16:58:46.151 D/CCodecConfig(15090):   c2::u32 input.delay.value = 0
06-12 16:58:46.151 D/CCodecConfig(15090):   string input.media-type.value = "audio/mp4a-latm"
06-12 16:58:46.151 D/CCodecConfig(15090):   c2::u32 output.delay.value = 2
06-12 16:58:46.151 D/CCodecConfig(15090):   c2::float output.drc.output-loudness.value = 0.25
06-12 16:58:46.151 D/CCodecConfig(15090):   string output.media-type.value = "audio/raw"
06-12 16:58:46.151 D/CCodecConfig(15090):   c2::u32 raw.channel-count.value = 1
06-12 16:58:46.151 D/CCodecConfig(15090):   c2::u32 raw.max-channel-count.value = 8
06-12 16:58:46.151 D/CCodecConfig(15090):   c2::u32 raw.sample-rate.value = 44100
06-12 16:58:46.151 D/CCodecConfig(15090): }
06-12 16:58:46.154 I/appium  (15007): method: 'xpath', selector: '//android.widget.TextView[@resource-id='in.startv.hotstar:id/tv_title']'
06-12 16:58:46.154 D/CCodec  (15090): [c2.android.aac.decoder] buffers are bound to CCodec for this session
06-12 16:58:46.154 D/CCodecConfig(15090): no c2 equivalents for flags
06-12 16:58:46.156 I/appium  (15007): Waiting up to 10000ms for the device to idle
06-12 16:58:46.157 D/CCodecConfig(15090): c2 config diff is   c2::u32 raw.channel-count.value = 2
06-12 16:58:46.157 D/CCodecConfig(15090):   c2::u32 raw.sample-rate.value = 48000
06-12 16:58:46.160 W/Codec2Client(15090): query -- param skipped: index = 1107298332.
06-12 16:58:46.160 D/CCodec  (15090): setup formats input: AMessage(what = 0x00000000) = {
06-12 16:58:46.160 D/CCodec  (15090):   int32_t aac-drc-album-mode = 0
06-12 16:58:46.160 D/CCodec  (15090):   int32_t aac-drc-boost-level = 127
06-12 16:58:46.160 D/CCodec  (15090):   int32_t aac-drc-cut-level = 127
06-12 16:58:46.160 D/CCodec  (15090):   int32_t aac-drc-effect-type = 3
06-12 16:58:46.160 D/CCodec  (15090):   int32_t aac-drc-heavy-compression = 3
06-12 16:58:46.160 D/CCodec  (15090):   int32_t aac-encoded-target-level = -1
06-12 16:58:46.160 D/CCodec  (15090):   int32_t aac-max-output-channel_count = 8
06-12 16:58:46.160 D/CCodec  (15090):   int32_t aac-target-ref-level = 64
06-12 16:58:46.160 D/CCodec  (15090):   int32_t channel-count = 2
06-12 16:58:46.160 D/CCodec  (15090):   int32_t level = 0
06-12 16:58:46.160 D/CCodec  (15090):   int32_t max-input-size = 8192
06-12 16:58:46.160 D/CCodec  (15090):   string mime = "audio/mp4a-latm"
06-12 16:58:46.160 D/CCodec  (15090):   int32_t profile = 2
06-12 16:58:46.160 D/CCodec  (15090):   int32_t sample-rate = 48000
06-12 16:58:46.160 D/CCodec  (15090): } and output: AMessage(what = 0x00000000) = {
06-12 16:58:46.160 D/CCodec  (15090):   int32_t aac-drc-album-mode = 0
06-12 16:58:46.160 D/CCodec  (15090):   int32_t aac-drc-boost-level = 127
06-12 16:58:46.160 D/CCodec  (15090):   int32_t aac-drc-cut-level = 127
06-12 16:58:46.160 D/CCodec  (15090):   int32_t aac-drc-effect-type = 3
06-12 16:58:46.160 D/CCodec  (15090):   int32_t aac-drc-heavy-compression = 3
06-12 16:58:46.160 D/CCodec  (15090):   int32_t aac-drc-output-loudness = -1
06-12 16:58:46.160 D/CCodec  (15090):   int32_t aac-encoded-target-level = -1
06-12 16:58:46.160 D/CCodec  (15090):   int32_t aac-max-output-channel_count = 8
06-12 16:58:46.160 D/CCodec  (15090):   int32_t aac-target-ref-level = 64
06-12 16:58:46.160 D/CCodec  (15090):   int32_t channel-count = 2
06-12 16:58:46.160 D/CCodec  (15090):   string mime = "audio/raw"
06-12 16:58:46.160 D/CCodec  (15090):   int32_t sample-rate = 48000
06-12 16:58:46.160 D/CCodec  (15090): }
06-12 16:58:46.167 W/Codec2Client(15090): query -- param skipped: index = 1342179345.
06-12 16:58:46.167 W/Codec2Client(15090): query -- param skipped: index = 2415921170.
06-12 16:58:46.167 W/Codec2Client(15090): query -- param skipped: index = 1610614798.
06-12 16:58:46.168 E/FMQ     (15090): grantorIdx must be less than 3
06-12 16:58:46.168 E/FMQ     (15090): grantorIdx must be less than 3
06-12 16:58:46.168 D/CCodecBufferChannel(15090): [c2.android.aac.decoder#392] Created input block pool with allocatorID 16 => poolID 18 - OK (0)
06-12 16:58:46.169 D/BufferPoolAccessor2.0(  479): bufferpool2 0xf0cf1598 : 0(0 size) total buffers - 0(0 size) used buffers - 104/109 (recycle/alloc) - 5/109 (fetch/transfer)
06-12 16:58:46.169 D/BufferPoolAccessor2.0(  479): Destruction - bufferpool2 0xf0cf1598 cached: 0/0M, 0/0% in use; allocs: 109, 95% recycled; transfers: 109, 95% unfetched
06-12 16:58:46.172 E/FMQ     (  479): grantorIdx must be less than 3
06-12 16:58:46.172 E/FMQ     (  479): grantorIdx must be less than 3
06-12 16:58:46.173 D/BufferPoolAccessor2.0(15090): bufferpool2 0xf3226dd8 : 0(0 size) total buffers - 0(0 size) used buffers - 0/5 (recycle/alloc) - 4/216 (fetch/transfer)
06-12 16:58:46.173 D/BufferPoolAccessor2.0(15090): Destruction - bufferpool2 0xf3226dd8 cached: 0/0M, 0/0% in use; allocs: 5, 0% recycled; transfers: 216, 98% unfetched
06-12 16:58:46.174 I/CCodecBufferChannel(15090): [c2.android.aac.decoder#392] Created output block pool with allocatorID 16 => poolID 177 - OK
06-12 16:58:46.175 D/CCodecBufferChannel(15090): [c2.android.aac.decoder#392] Configured output block pool ids 177 => OK
06-12 16:58:46.180 D/SimpleC2Component(  479): Using output block pool with poolID 177 => got 177 - 0
06-12 16:58:46.183 E/FMQ     (15090): grantorIdx must be less than 3
06-12 16:58:46.185 E/FMQ     (  479): grantorIdx must be less than 3
06-12 16:58:46.200 D/MediaCodecInfo(15090): NoSupport [sizeAndRate.support, 1920x1080x23.976024627685547] [c2.android.hevc.decoder, video/hevc] [MSTB, JMSB200A, Jio, 30]
06-12 16:58:46.235 D/stbdpc  (  405): STB_DPGetNumPaths[570]: num_paths: 1
06-12 16:58:46.258 I/OMXClient(15090): IOmx service obtained
06-12 16:58:46.261 I/OMXMaster(  478): makeComponentInstance(OMX.amlogic.hevc.decoder.awesome2) in android.hardwar process
06-12 16:58:46.272 I/[ 7801.625635@3]  resman(    0): 190 appname:OMX-156, type=0
06-12 16:58:46.263 D/OmxComponentManagerImpl(  478): support frame mode
06-12 16:58:46.263 D/OmxComponentManagerImpl(  478): use dv frame mode
06-12 16:58:46.263 D/OmxComponentManagerImpl(  478): support avs frame mode
06-12 16:58:46.263 D/OmxComponentManagerImpl(  478): format support multi-instance
06-12 16:58:46.263 D/OmxComponentManagerImpl(  478): getEntryByName_2_num=0, componentName:OMX.amlogic.hevc.decoder.awesome2
06-12 16:58:46.264 D/omx_video(  478): processName=media.codec
06-12 16:58:46.265 V/AmlogicVideoDecoderAwesome2(  478): [-1818658886]AmlogicVideoDecoder2:118 >
06-12 16:58:46.265 V/AmlogicVideoDecoderAwesome2(  478): [-1818658886]initializeState_l:1611 >
06-12 16:58:46.265 D/AmlogicVideoDecoderAwesome2(  478): [-1818658886]"vendor.media.omx.latency is not set used def=1.000000\n"
06-12 16:58:46.265 D/AmlogicVideoDecoderAwesome2(  478): [-1818658886]"vendor.media.omx.frame_numlatency is not set used def=10\n"
06-12 16:58:46.265 D/AmlogicVideoDecoderAwesome2(  478): [-1818658886]"vendor.omx.frame_numlimmit is not set used def=20\n"
06-12 16:58:46.265 D/AmlogicVideoDecoderAwesome2(  478): [148]"AmlogicVideoDecoder2, mOmxInstancenum 1, mOmxInstanceID 148"
06-12 16:58:46.265 D/AmlogicVideoDecoderAwesome2(  478): [148]"vendor.omx2.blkmode is not set used def=0\n"
06-12 16:58:46.265 D/AmlogicVideoDecoderAwesome2(  478): [148]"vendor.omx2.maxalloc is not set used def=1\n"
06-12 16:58:46.265 I/AmlogicVideoDecoderAwesome2(  478): [148]"default use NV21"
06-12 16:58:46.265 V/AmlogicVideoPassthrough(  478): [0]AmlogicVideoPassthrough:80 >
06-12 16:58:46.265 D/AmlogicVideoPassthrough(  478): [1]"AmlogicVideoPassthrough, mOmxInstancenum 1, mOmxInstanceID 143"
06-12 16:58:46.267 E/secmem_tz(  478): [Secure_NegotiateVersion:374] Secure_NegotiateVersion 2 2 2 2 2 2
06-12 16:58:46.267 E/secmem_tz(  478): [Secure_NegotiateVersion:384] Negotiated secmem version = 2
06-12 16:58:46.268 W/OmxLogConf(  478): Can not read property media.omx.log_levels, using 0
06-12 16:58:46.269 D/OmxResManage(  478): ResManWrapper OMX-156 init, fd = 12
06-12 16:58:46.269 D/AmlogicVideoDecoderAwesome2(  478): [148]"vendor.media.omx2.out_buffer1 is not set used def=8\n"
06-12 16:58:46.269 D/AmlogicVideoDecoderAwesome2(  478): [148]"out buf:8"
06-12 16:58:46.269 D/AmlogicVideoDecoderAwesome2(  478): [148]"vendor.media.omx2.dw is not set used def=0\n"
06-12 16:58:46.269 D/OmxVideoDecoder(  478): setInputCoding OMX.amlogic.hevc.decoder.awesome2
06-12 16:58:46.269 D/OmxVideoDecoder(  478): mIsLinux49=0, mIsLinux54=1, major=5, minor=4
06-12 16:58:46.269 D/OmxVideoDecoder(  478): multi dec exist
06-12 16:58:46.269 D/OmxVideoDecoder(  478): use dv frame mode
06-12 16:58:46.269 D/OmxVideoDecoder(  478): avs multi dec exist
06-12 16:58:46.269 D/OmxVideoDecoder(  478): Use frame mode for multidec.
06-12 16:58:46.269 D/OmxVideoDecoder(  478): Use min out buffer size
06-12 16:58:46.269 D/OmxVideoDecoder(  478): mSupportPiPVideo = 1
06-12 16:58:46.270 D/OmxVideoDecoder(  478): mMustOsdDisplay 0, mAmVideoUsed=0, mSupportPiPVideo=1, mPipVideoUsed=0, mVideoUsedByOmx=0
06-12 16:58:46.270 D/OMX-VENDOR-EXT(  478): OMX.amlogic.hevc.decoder.awesome2 : Vendor extensions supported (17)
06-12 16:58:46.270 D/OMX-VENDOR-EXT(  478):    vendor.4k-osd{{ enable : Int32 },  }
06-12 16:58:46.270 D/OMX-VENDOR-EXT(  478):    vendor.video-trickmode{{ enable : Int32 },  }
06-12 16:58:46.270 D/OMX-VENDOR-EXT(  478):    vendor.unstable-pts{{ enable : Int32 },  }
06-12 16:58:46.270 D/OMX-VENDOR-EXT(  478):    vendor.is-mvc{{ enable : Int32 },  }
06-12 16:58:46.270 D/OMX-VENDOR-EXT(  478):    vendor.is-flv{{ nContainIndex : Int32 },  }
06-12 16:58:46.270 D/OMX-VENDOR-EXT(  478):    vendor.dvconfig-box{{ disable : Int32 },  }
06-12 16:58:46.270 D/OMX-VENDOR-EXT(  478):    vendor.profile-level{{ n-profile : Int32 },  { n-level : Int32 },  }
06-12 16:58:46.270 D/OMX-VENDOR-EXT(  478):    vendor.nrdp{{ video-peek-in-tunnel : Int32 },  }
06-12 16:58:46.270 D/OMX-VENDOR-EXT(  478):    vendor.low-latency{{ enable : Int32 },  }
06-12 16:58:46.270 D/OMX-VENDOR-EXT(  478):    vendor.save-mem{{ enable : Int32 },  }
06-12 16:58:46.270 D/OMX-VENDOR-EXT(  478):    vendor.videoLayer{{ type : Int32 },  }
06-12 16:58:46.270 D/OMX-VENDOR-EXT(  478):    vendor.renderByOmx{{ enable : Int32 },  }
06-12 16:58:46.271 D/OMX-VENDOR-EXT(  478):    vendor.tunerhal{{ video-filter-id : Int32 },  { hw-av-sync-id : Int32 },  }
06-12 16:58:46.271 D/OMX-VENDOR-EXT(  478):    vendor.VideoQos{{ info : String },  }
06-12 16:58:46.271 D/OMX-VENDOR-EXT(  478):    vendor.rotation-angle{{ angle : Int32 },  }
06-12 16:58:46.271 D/OMX-VENDOR-EXT(  478):    vendor.McodecReport{{ info : String },  }
06-12 16:58:46.271 D/OMX-VENDOR-EXT(  478):    vendor.START.low-latency{{ enable : Int32 },  }
06-12 16:58:46.271 D/OmxVideoDecoder(  478): video type 11 support v4l2, use omx2
06-12 16:58:46.271 D/OmxVideoDecoder(  478): processName=media.codec
06-12 16:58:46.271 D/OmxComponentManagerImpl(  478): IncreaseEntryNumByName pEntry->mNum=0, pEntry->mMaxNum:9,componentName:OMX.amlogic.hevc.decoder.awesome2
06-12 16:58:46.271 I/omx_core(  478): OMX_getHandle_num=1
06-12 16:58:46.271 D/OmxComponent(  478): mApkName=media.codec
06-12 16:58:46.281 D/SurfaceUtils(15090): connecting to surface 0xc44f1408, reason connectToSurface
06-12 16:58:46.281 I/MediaCodec(15090): [OMX.amlogic.hevc.decoder.awesome2] setting surface generation to 15452161
06-12 16:58:46.281 D/SurfaceUtils(15090): disconnecting from surface 0xc44f1408, reason connectToSurface(reconnect)
06-12 16:58:46.281 D/SurfaceUtils(15090): connecting to surface 0xc44f1408, reason connectToSurface(reconnect)
06-12 16:58:46.281 I/AmAVUtils(15090): AmAVUtils::getComponentRole isEncoder :0 mime:video/hevc 
06-12 16:58:46.281 V/MediaVendorExt(15090): AVUtils::getComponentRole
06-12 16:58:46.281 I/MediaVendorExt(15090): AmAVUtils::getComponentRole isEncoder :0 mime:video/hevc 
06-12 16:58:46.284 D/OmxVideoDecoder(  478): setParameter 1599 0x1000017
06-12 16:58:46.284 D/OmxVideoDecoder(  478): setInputCoding video_decoder.hevc
06-12 16:58:46.284 D/OmxComponent(  478): getExtensionIndex 1237 name="OMX.google.android.index.enableAndroidNativeBuffers"
06-12 16:58:46.284 D/OmxVideoDecoder(  478): setParameter 1599 0x7f000000
06-12 16:58:46.284 V/OmxVideoDecoder(  478): setParameter 2201 EnableNativeBuffers 1
06-12 16:58:46.284 V/OmxVideoDecoder(  478): updatePort mUseNativeBuffers 1
06-12 16:58:46.284 V/OmxVideoDecoder(  478): nWidth=640,nHeight=480, nMinbufs=0
06-12 16:58:46.284 D/OmxComponent(  478): getExtensionIndex 1237 name="OMX.google.android.index.allocateNativeHandle"
06-12 16:58:46.284 D/OmxVideoDecoder(  478): setParameter 1599 0x7f00000a
06-12 16:58:46.284 E/OMXNodeInstance(  478): setParameter(0xef0f5438:amlogic.hevc.decoder.awesome2, OMX.google.android.index.allocateNativeHandle(0x7f00000a): Output:1 en=0) ERROR: UnsupportedSetting(0x80001019)
06-12 16:58:46.284 D/OmxComponent(  478): getExtensionIndex 1237 name="OMX.google.android.index.storeANWBufferInMetadata"
06-12 16:58:46.284 D/OmxVideoDecoder(  478): setParameter 1599 0x7f00000d
06-12 16:58:46.284 D/OmxVideoDecoder(  478): setParameter 2221 OMX_GoogleAndroidStoreANWBufferInMetadata
06-12 16:58:46.284 V/OmxVideoDecoder(  478): mUseStoreANWBufferInMetadata=1
06-12 16:58:46.285 E/OMXNodeInstance(  478): getParameter(0xef0f5438:amlogic.hevc.decoder.awesome2, ??(0x6f600011)) ERROR: UnsupportedIndex(0x8000101a)
06-12 16:58:46.285 D/OmxVideoDecoder(  478): setParameter 1599 0x6000001
06-12 16:58:46.285 D/OmxVideoDecoder(  478): setParameter nPortIndex 0 CompFmt 0xb ColorFmt 0
06-12 16:58:46.286 D/OmxVideoDecoder(  478): setParameter 1599 0x6000001
06-12 16:58:46.286 D/OmxVideoDecoder(  478): setParameter nPortIndex 1 CompFmt 0 ColorFmt 0x11
06-12 16:58:46.286 I/OmxVideoDecoder(  478): getParameter Component Name OMX.amlogic.hevc.decoder.awesome2, width 640, height 480 nBufferCountMin:3
06-12 16:58:46.286 D/OmxVideoDecoder(  478): setParameter 1599 0x2000001
06-12 16:58:46.286 D/OmxVideoDecoder(  478): setParameter nPortIndex 0 nFrameWidth 1920 nFrameHeight 1080 nSliceHeight 16
06-12 16:58:46.286 E/OmxVideoDecoder(  478):  reset input buffer:2073600
06-12 16:58:46.287 V/OmxVideoDecoder(  478): updatePort mUseNativeBuffers 1
06-12 16:58:46.287 V/OmxVideoDecoder(  478): nWidth=640,nHeight=480, nMinbufs=0
06-12 16:58:46.287 I/OmxVideoDecoder(  478): getParameter Component Name OMX.amlogic.hevc.decoder.awesome2, width 640, height 480 nBufferCountMin:8
06-12 16:58:46.287 D/OmxVideoDecoder(  478): setParameter 1599 0x2000001
06-12 16:58:46.287 D/OmxVideoDecoder(  478): adaptiveplayback default set w*d: 4096*2304
06-12 16:58:46.287 D/OmxVideoDecoder(  478): media.omx.display_mode=3
06-12 16:58:46.287 D/OmxVideoDecoder(  478): mjpeg vc1 wmv wmv3 force display_mode=3
06-12 16:58:46.287 D/OmxVideoDecoder(  478): choose mVideoUsedByOmx=0, mVideoUsedByThis=0, mAmVideoUsed=0
06-12 16:58:46.287 D/OmxVideoDecoder(  478): mDisplayMode = DISPLAY_MODE_V4LVIDEO
06-12 16:58:46.287 D/OmxVideoDecoder(  478): choose mDisplayMode=3
06-12 16:58:46.287 D/OmxVideoDecoder(  478): setParameter nPortIndex 1 nFrameWidth 1920 nFrameHeight 1080 nSliceHeight 1080
06-12 16:58:46.288 V/OmxVideoDecoder(  478): updatePort mUseNativeBuffers 1
06-12 16:58:46.288 V/OmxVideoDecoder(  478): nWidth=1920,nHeight=1080, nMinbufs=0
06-12 16:58:46.288 D/OmxComponent(  478): getExtensionIndex 1237 name="OMX.google.android.index.describeColorAspects"
06-12 16:58:46.289 D/OmxComponent(  478): getExtensionIndex 1237 name="OMX.google.android.index.storeMetaDataInBuffers"
06-12 16:58:46.289 D/OmxComponent(  478): getExtensionIndex 1237 name="OMX.google.android.index.storeANWBufferInMetadata"
06-12 16:58:46.290 D/OmxComponent(  478): getExtensionIndex 1237 name="OMX.google.android.index.prepareForAdaptivePlayback"
06-12 16:58:46.290 D/OmxComponent(  478): getExtensionIndex 1237 name="OMX.google.android.index.configureVideoTunnelMode"
06-12 16:58:46.290 D/OmxComponent(  478): getExtensionIndex 1237 name="OMX.google.android.index.useAndroidNativeBuffer2"
06-12 16:58:46.290 D/OmxComponent(  478): getExtensionIndex 1237 name="OMX.google.android.index.useAndroidNativeBuffer"
06-12 16:58:46.290 D/OmxComponent(  478): getExtensionIndex 1237 name="OMX.google.android.index.enableAndroidNativeBuffers"
06-12 16:58:46.290 D/OmxComponent(  478): getExtensionIndex 1237 name="OMX.google.android.index.allocateNativeHandle"
06-12 16:58:46.290 D/OmxComponent(  478): getExtensionIndex 1237 name="OMX.google.android.index.getAndroidNativeBufferUsage"
06-12 16:58:46.290 D/OmxVideoDecoder(  478): setConfig 3009 0x7f00000c
06-12 16:58:46.290 D/OmxComponent(  478): getExtensionIndex 1237 name="OMX.google.android.index.describeHDRStaticInfo"
06-12 16:58:46.290 D/OmxComponent(  478): getExtensionIndex 1237 name="OMX.google.android.index.describeHDR10PlusInfo"
06-12 16:58:46.291 D/OmxVideoDecoder(  478): setConfig 3009 0x7f000009
06-12 16:58:46.291 D/OmxVideoDecoder(  478): HDRStaticInfo: R=0 0; G=0 0; B=0 0; W=0 0; MaxDisplayLuminance:0, MinDisplayLuminance=0, mMaxContentLightLevel=0, MaxContentLightLevel=0
06-12 16:58:46.291 D/OmxVideoDecoder(  478): HDRStaticInfo: all parmeter is 0, set mHasHDRStaticInfo to false
06-12 16:58:46.291 I/AmAVUtils(15090): AmAVUtils::isAudioExtendFormat input = video/hevc
06-12 16:58:46.291 I/AmAVUtils(15090): AmAVUtils::isExtendFormat input = video/hevc
06-12 16:58:46.292 I/OmxVideoDecoder(  478): getParameter Component Name OMX.amlogic.hevc.decoder.awesome2, width 1920, height 1080 nBufferCountMin:3
06-12 16:58:46.292 D/OmxVideoDecoder(  478): setConfig 3009 0x6f800002
06-12 16:58:46.292 V/OmxVideoDecoder(  478): setConfig 3192 nIndex 0x6f800002
06-12 16:58:46.292 D/OmxComponent(  478): setConfig 1230
06-12 16:58:46.292 E/OMXNodeInstance(  478): setConfig(0xef0f5438:amlogic.hevc.decoder.awesome2, ConfigPriority(0x6f800002)) ERROR: UnsupportedIndex(0x8000101a)
06-12 16:58:46.292 I/ACodec  (15090): codec does not support config priority (err -1010)
06-12 16:58:46.293 I/OmxVideoDecoder(  478): getParameter Component Name OMX.amlogic.hevc.decoder.awesome2, width 1920, height 1080 nBufferCountMin:3
06-12 16:58:46.294 D/OmxVideoDecoder(  478): getConfig 2867 0x6f100004
06-12 16:58:46.294 V/OmxVideoDecoder(  478): VendorExt: getConfig: index=0 (4k-osd)
06-12 16:58:46.295 D/OmxVideoDecoder(  478): getConfig 2867 0x6f100004
06-12 16:58:46.295 V/OmxVideoDecoder(  478): VendorExt: getConfig: index=1 (video-trickmode)
06-12 16:58:46.295 D/OmxVideoDecoder(  478): getConfig 2867 0x6f100004
06-12 16:58:46.295 V/OmxVideoDecoder(  478): VendorExt: getConfig: index=2 (unstable-pts)
06-12 16:58:46.296 D/OmxVideoDecoder(  478): getConfig 2867 0x6f100004
06-12 16:58:46.296 V/OmxVideoDecoder(  478): VendorExt: getConfig: index=3 (is-mvc)
06-12 16:58:46.297 D/OmxVideoDecoder(  478): getConfig 2867 0x6f100004
