06-12 15:06:04.625 D/aml_audio_port(  350): [new_input_port:260] buf_frames:384,frame_size:4 ==> thunk_size:1536
06-12 15:06:04.625 I/aml_audio_port(  350): [get_input_port_type:109] samplerate:48000, flags:0x2, channel_cnt:2
06-12 15:06:04.625 D/aml_audio_port(  350): [new_input_port:286] inport:PCM_SYSTEM, buf:6144, direct:0, format:0x1, rate:48000, ch:2
06-12 15:06:04.625 I/amlAudioMixer(  350): [init_mixer_input_port:175] input port:PCM_SYSTEM, size 384 frames, frame_write_sum:4921344
06-12 15:06:04.625 I/aml_audio_port(  350): [get_input_port_type:109] samplerate:48000, flags:0x2, channel_cnt:2
06-12 15:06:04.625 I/sub_mixing_factory(  350): [mixer_aux_buffer_write_sm:1066] stream 0xf557b000 input port:PCM_SYSTEM
06-12 15:06:04.625 I/sub_mixing_factory(  350): [mixer_aux_buffer_write_sm:1076] padding_bytes 12288
06-12 15:06:04.625 I/amlAudioMixer(  350): [mixer_write_inport:260] input port:PCM_SYSTEM is active now
06-12 15:06:04.625 I/sub_mixing_factory(  350): [mixer_aux_buffer_write_sm:1076] padding_bytes 10752
06-12 15:06:04.625 I/sub_mixing_factory(  350): [mixer_aux_buffer_write_sm:1076] padding_bytes 9216
06-12 15:06:04.625 I/sub_mixing_factory(  350): [mixer_aux_buffer_write_sm:1076] padding_bytes 7680
06-12 15:06:04.625 I/sub_mixing_factory(  350): [mixer_aux_buffer_write_sm:1076] padding_bytes 6144
06-12 15:06:04.628 I/system_server(  632): oneway function results will be dropped but finished with status OK and parcel size 4
06-12 15:06:04.632 I/amlAudioMixer(  350): [mixer_inports_read:704] input port:PCM_SYSTEM first start, portId:0, avail:6144
06-12 15:06:04.636 I/sub_mixing_factory(  350): [mixer_aux_buffer_write_sm:1076] padding_bytes 4608
06-12 15:06:04.637 D/dvb_iptv(  405): ReadEmmNetworkTask[1537]: EMM Select Timeout Occured 45
06-12 15:06:04.640 I/sub_mixing_factory(  350): [mixer_aux_buffer_write_sm:1076] padding_bytes 3072
06-12 15:06:04.640 D/stbdpc  (  405): STB_DPGetNumPaths[570]: num_paths: 1
06-12 15:06:04.648 I/sub_mixing_factory(  350): [mixer_aux_buffer_write_sm:1076] padding_bytes 1536
06-12 15:06:04.668 I/VDA     (  478): vendor.vda.disable_config is not set used def = 0
06-12 15:06:04.668 I/VDA     (  478): [0] "v4l2 private parms, magic:1437256755 len:5, adaptiveback:0 height:1920 width:1080\n"
06-12 15:06:04.669 I/VDA     (  478): [0] "not 8k use max input size\n"
06-12 15:06:04.677 I/lowmemorykiller(  233): medium memory pressure event is triggered for new strategy
06-12 15:06:04.677 D/lowmemorykiller(  233): LMKD mp_event_psi kill_reasons available are PRESSURE_AFTER_KILL, NOT_RESPONDING, LOW_SWAP_AND_THRASHING, LOW_MEM_AND_SWAP, LOW_MEM_AND_THRASHING, DIRECT_RECL_AND_THRASHING
06-12 15:06:04.677 D/lowmemorykiller(  233): LMKD mp_event_psi kill_reason received= -1
06-12 15:06:04.689 I/VDA     (  478): [0] "setup output format 3132564e\n"
06-12 15:06:04.689 I/VDA     (  478): IsSupportedOutputFormat v4l2_format 3132564e
06-12 15:06:04.690 I/VDA     (  478): [0] "decoder_msg.value == 3999"
06-12 15:06:04.691 D/AmlogicVideoDecoderAwesome2(  478): [22]"codecInit done"
06-12 15:06:04.691 D/AmlogicVideoDecoderAwesome2(  478): [22]"mOutWidth is 1920 mOutHeight is 1080 mFlvFlag=0 mOutBufferCount is 14"
06-12 15:06:04.691 D/AmlogicVideoDecoderAwesome2(  478): [22]"mOutBufferCount =14 mDecOutWidth 1920 mDecOutHeight 1088\n"
06-12 15:06:04.691 D/AmlogicVideoDecoderAwesome2(  478): [22]"mIsNativeBuffers =1\n"
06-12 15:06:04.691 D/AmlogicVideoDecoderAwesome2(  478): [22]"setUp mOutPortChanged=0\n"
06-12 15:06:04.691 I/OmxComponent(  478): STATE_DONE:  OMX_StateLoaded => OMX_StateIdle : OMX.amlogic.avc.decoder.awesome2
06-12 15:06:04.691 I/OmxComponent(  478): OMX_CommandStateSet 850 Cmd 0 nParam1 0x3
06-12 15:06:04.692 I/OmxComponent(  478): OMX-30 STATE_SET:   OMX_StateIdle => OMX_StateExecuting : OMX.amlogic.avc.decoder.awesome2
06-12 15:06:04.692 V/AmlogicVideoDecoderAwesome2(  478): [22]prepare:328 >
06-12 15:06:04.692 V/AmlogicVideoDecoderAwesome2(  478): [22]start:341 >
06-12 15:06:04.692 I/VDA     (  478): [0] "InitializeTask"
06-12 15:06:04.692 D/AmlogicVideoDecoderAwesome2(  478): [22]"mVideo start\n"
06-12 15:06:04.692 I/OmxComponent(  478): OMX-30 STATE_TRANS: OMX_StateIdle => OMX_StateExecuting : OMX.amlogic.avc.decoder.awesome2
06-12 15:06:04.692 I/OmxComponent(  478): STATE_DONE:  OMX_StateIdle => OMX_StateExecuting : OMX.amlogic.avc.decoder.awesome2
06-12 15:06:04.692 I/VDA     (  478): vendor.media.omx2.in_buffer set = 5
06-12 15:06:04.692 I/VDA     (  478): [0] "CreateInputBuffers count 3\n"
06-12 15:06:04.694 D/OmxVideoDecoder(  478): setConfig 3009 0x6f800003
06-12 15:06:04.694 V/OmxVideoDecoder(  478): setConfig 3192 nIndex 0x6f800003
06-12 15:06:04.694 D/OmxComponent(  478): setConfig 1230
06-12 15:06:04.694 E/OMXNodeInstance(  478): setConfig(0xef0f5438:amlogic.avc.decoder.awesome2, ConfigOperatingRate(0x6f800003)) ERROR: UnsupportedIndex(0x8000101a)
06-12 15:06:04.694 I/ACodec  (  472): codec does not support config operating rate (err -1010)
06-12 15:06:04.707 V/OMX_WorkerPeer(  478): vendor/amlogic/common/omx/omx_framework/WorkerPeer.cpp:runWorkerStatic:155 --------------------
06-12 15:06:04.707 V/OMX_WorkerPeer(  478): vendor/amlogic/common/omx/omx_framework/WorkerPeer.cpp:runWorker:161 --------------------
06-12 15:06:04.716 I/lowmemorykiller(  233): medium memory pressure event is triggered for new strategy
06-12 15:06:04.716 D/lowmemorykiller(  233): LMKD mp_event_psi kill_reasons available are PRESSURE_AFTER_KILL, NOT_RESPONDING, LOW_SWAP_AND_THRASHING, LOW_MEM_AND_SWAP, LOW_MEM_AND_THRASHING, DIRECT_RECL_AND_THRASHING
06-12 15:06:04.716 D/lowmemorykiller(  233): LMKD mp_event_psi kill_reason received= -1
06-12 15:06:04.721 W/gralloc4(  472): Buffer descriptor with invalid usage bits 0x2000
06-12 15:06:04.722 W/gralloc4(  478): Buffer descriptor with invalid usage bits 0x2000
06-12 15:06:04.723 V/AmlogicVideoDecoderAwesome2(  478): [22]"doCodecSpec csd_len=43\n"
06-12 15:06:04.734 W/gralloc4(  472): Buffer descriptor with invalid usage bits 0x2000
06-12 15:06:04.735 W/gralloc4(  478): Buffer descriptor with invalid usage bits 0x2000
06-12 15:06:04.736 V/AmlogicVideoDecoderAwesome2(  478): [22]"doCodecSpec csd_len=8\n"
06-12 15:06:04.736 I/VDA     (  478): [0] "----create input VIDIOC_STREAMON----\n"
06-12 15:06:04.736 I/VDA     (  478): [0] "StartDevicePoll\n"
06-12 15:06:04.741 D/stbdpc  (  405): STB_DPGetNumPaths[570]: num_paths: 1
06-12 15:06:04.744 W/gralloc4(  472): Buffer descriptor with invalid usage bits 0x2000
06-12 15:06:04.744 W/gralloc4(  478): Buffer descriptor with invalid usage bits 0x2000
06-12 15:06:04.749 I/VDA     (  478): [0] "got V4L2_EVENT_SOURCE_CHANGE change event. changes 1\n"
06-12 15:06:04.749 I/VDA     (  478): [0] "got resolution change event.\n"
06-12 15:06:04.749 I/VDA     (  478): [0] "VIDIOC_G_FMT format.fmt.pix.width 1920\n"
06-12 15:06:04.749 I/VDA     (  478): [0] "[GetVisibleSize] visible width 1920, height 1080\n"
06-12 15:06:04.749 I/VDA     (  478): [0] "[NeedResolutionChange] dpb(0->10),size(0x0->1920x1080)"
06-12 15:06:04.749 I/VDA     (  478): [0] "ServiceDeviceTask(): buffer counts: IN[1,1], OUT[0,0,0] DEC[0->0] => DEVICE[3+0/3->0+0/0] => CLIENT[0]\n"
06-12 15:06:04.749 I/VDA     (  478): [0] "StopDevicePoll\n"
06-12 15:06:04.752 I/VDA     (  478): [0] "VIDIOC_G_FMT format.fmt.pix.width 1920\n"
06-12 15:06:04.752 I/VDA     (  478): [0] "[GetVisibleSize] visible width 1920, height 1080\n"
06-12 15:06:04.752 V/android.hardware.media.omx@1.0-service(  478): [0612/150604.752678:VERBOSE1:v4l2_video_decode_accelerator.cc(3173)] CheckInterlaced(): 
06-12 15:06:04.752 I/VDA     (  478): [0] "CheckInterlaced format.fmt.pix.field 1\n"
06-12 15:06:04.752 I/VDA     (  478): [0] "output_planes_count_ 1, format.fmt.pix.width 1920\n"
06-12 15:06:04.752 I/VDA     (  478): [0] "output_dpb_size_ 10, output buffer 10, coded_size_ 1920 x 1088\n"
06-12 15:06:04.753 I/VDA     (  478): [0] "StartDevicePoll\n"
06-12 15:06:04.753 I/V4l2Adaptor(  478): V4l2Adaptor::ProvidePictureBuffers 10
06-12 15:06:04.753 D/VideoDecWraper(  478): providePictureBuffers:minNumBuffers:10
06-12 15:06:04.753 D/AmlogicVideoDecoderAwesome2(  478): [22]"ProvidePictureBuffers minNumBuffers:10, size(1920x1080) alignsize(1920x1088)"
06-12 15:06:04.753 I/AmlogicVideoDecoderAwesome2(  478): [22]"mActualOutWidth 1920, mActualOutHeight 1080, width 1920, height 1080," "portDef.nBufferCountMin 10, minNumBuffersWithoutSurfaceHold 6\n"
06-12 15:06:04.753 I/AmVideoDec(  478): [0] "setupOutputBufferNum 14\n"
06-12 15:06:04.753 I/V4l2Adaptor(  478): assignPictureBuffers numOutputBuffers 14
06-12 15:06:04.753 I/VideoDecWraper(  478): importBufferForPicture:0
06-12 15:06:04.753 D/VideoDecWraper(  478): outbuf color format NV21
06-12 15:06:04.753 I/V4l2Adaptor(  478): importBufferForPicture pictureBufferId 0, dmabufFd 20, metaFd 21
06-12 15:06:04.753 I/VideoDecWraper(  478): importBufferForPicture:1
06-12 15:06:04.753 D/VideoDecWraper(  478): outbuf color format NV21
06-12 15:06:04.753 I/V4l2Adaptor(  478): importBufferForPicture pictureBufferId 1, dmabufFd 22, metaFd 23
06-12 15:06:04.753 I/VideoDecWraper(  478): importBufferForPicture:2
06-12 15:06:04.753 D/VideoDecWraper(  478): outbuf color format NV21
06-12 15:06:04.753 I/V4l2Adaptor(  478): importBufferForPicture pictureBufferId 2, dmabufFd 24, metaFd 25
06-12 15:06:04.753 I/V4l2Adaptor(  478): onAssignPictureBuffers numOutputBuffers 14
06-12 15:06:04.753 I/V4l2Adaptor(  478): onImportBufferForPicture pictureBufferId 0, dmabufFd 20, metaFd 21, plane size 1
06-12 15:06:04.753 I/V4l2Adaptor(  478): onImportBufferForPicture addr 0x0, stride 0, offset 0, size 0
06-12 15:06:04.753 I/VDA     (  478): [0] "AssignPictureBuffersTask"
06-12 15:06:04.753 I/VDA     (  478): [0] "ImportBufferForPicture picture_buffer_id 0\n"
06-12 15:06:04.753 I/VDA     (  478): [0] "ImportBufferForPictureTask dmabuf_fds 20\n"
06-12 15:06:04.754 I/VDA     (  478): [0] "----enqueue output STREAMON----\n"
06-12 15:06:04.754 I/V4l2Adaptor(  478): onImportBufferForPicture pictureBufferId 1, dmabufFd 22, metaFd 23, plane size 1
06-12 15:06:04.754 I/V4l2Adaptor(  478): onImportBufferForPicture addr 0x0, stride 0, offset 0, size 0
06-12 15:06:04.754 I/VDA     (  478): [0] "ImportBufferForPicture picture_buffer_id 1\n"
06-12 15:06:04.754 I/V4l2Adaptor(  478): onImportBufferForPicture pictureBufferId 2, dmabufFd 24, metaFd 25, plane size 1
06-12 15:06:04.754 I/V4l2Adaptor(  478): onImportBufferForPicture addr 0x0, stride 0, offset 0, size 0
06-12 15:06:04.754 I/VDA     (  478): [0] "ImportBufferForPicture picture_buffer_id 2\n"
06-12 15:06:04.754 W/gralloc4(  472): Buffer descriptor with invalid usage bits 0x2000
06-12 15:06:04.755 W/gralloc4(  478): Buffer descriptor with invalid usage bits 0x2000
06-12 15:06:04.755 D/AmlogicVideoDecoderAwesome2(  478): [22]"======setOutputBuf, line 1298=======:3, 0x0, fd:44"
06-12 15:06:04.755 I/VideoDecWraper(  478): importBufferForPicture:3
06-12 15:06:04.755 D/VideoDecWraper(  478): outbuf color format NV21
06-12 15:06:04.755 I/V4l2Adaptor(  478): importBufferForPicture pictureBufferId 3, dmabufFd 38, metaFd 39
06-12 15:06:04.755 I/V4l2Adaptor(  478): onImportBufferForPicture pictureBufferId 3, dmabufFd 38, metaFd 39, plane size 1
06-12 15:06:04.755 I/V4l2Adaptor(  478): onImportBufferForPicture addr 0x0, stride 0, offset 0, size 0
06-12 15:06:04.755 I/VDA     (  478): [0] "ImportBufferForPicture picture_buffer_id 3\n"
06-12 15:06:04.756 I/MetricsTransmissionManager( 3328): transmitMetricBatches finished
06-12 15:06:04.763 I/VDA     (  478): [0] "ImportBufferForPictureTask dmabuf_fds 22\n"
06-12 15:06:04.774 I/VDA     (  478): [0] "ImportBufferForPictureTask dmabuf_fds 24\n"
06-12 15:06:04.775 I/VDA     (  478): [0] "ImportBufferForPictureTask dmabuf_fds 38\n"
06-12 15:06:04.775 I/VDA     (  478): [0] "decoder_state_ = kDecoding wait -> decoding in decode buffer task"
06-12 15:06:04.776 I/lowmemorykiller(  233): medium memory pressure event is triggered for new strategy
06-12 15:06:04.776 D/lowmemorykiller(  233): LMKD mp_event_psi kill_reasons available are PRESSURE_AFTER_KILL, NOT_RESPONDING, LOW_SWAP_AND_THRASHING, LOW_MEM_AND_SWAP, LOW_MEM_AND_THRASHING, DIRECT_RECL_AND_THRASHING
06-12 15:06:04.776 D/lowmemorykiller(  233): LMKD mp_event_psi kill_reason received= -1
06-12 15:06:04.777 W/gralloc4(  472): Buffer descriptor with invalid usage bits 0x2000
06-12 15:06:04.777 W/gralloc4(  478): Buffer descriptor with invalid usage bits 0x2000
06-12 15:06:04.777 D/AmlogicVideoDecoderAwesome2(  478): [22]"======setOutputBuf, line 1298=======:4, 0x0, fd:49"
06-12 15:06:04.777 I/VideoDecWraper(  478): importBufferForPicture:4
06-12 15:06:04.777 D/VideoDecWraper(  478): outbuf color format NV21
06-12 15:06:04.777 I/V4l2Adaptor(  478): importBufferForPicture pictureBufferId 4, dmabufFd 40, metaFd 41
06-12 15:06:04.778 I/V4l2Adaptor(  478): onImportBufferForPicture pictureBufferId 4, dmabufFd 40, metaFd 41, plane size 1
06-12 15:06:04.778 I/V4l2Adaptor(  478): onImportBufferForPicture addr 0x0, stride 0, offset 0, size 0
06-12 15:06:04.778 I/VDA     (  478): [0] "ImportBufferForPicture picture_buffer_id 4\n"
06-12 15:06:04.778 I/VDA     (  478): [0] "ImportBufferForPictureTask dmabuf_fds 40\n"
06-12 15:06:04.781 V/android.hardware.media.omx@1.0-service(  478): [0612/150604.781251:VERBOSE1:v4l2_video_decode_accelerator.cc(3145)] CheckInterlaced(): 
06-12 15:06:04.781 D/AmlogicVideoDecoderAwesome2(  478): Calculate duration from pts is 0
06-12 15:06:04.781 I/VDA     (  478): [0] "VIDIOC_G_FMT format.fmt.pix.width 1920\n"
06-12 15:06:04.781 I/VDA     (  478): [0] "[GetVisibleSize] visible width 1920, height 1080\n"
06-12 15:06:04.781 I/VDA     (  478): [0] "CheckInterlaced format.fmt.pix.field 1\n"
06-12 15:06:04.792 W/gralloc4(  472): Buffer descriptor with invalid usage bits 0x2000
06-12 15:06:04.793 W/gralloc4(  478): Buffer descriptor with invalid usage bits 0x2000
06-12 15:06:04.793 D/AmlogicVideoDecoderAwesome2(  478): [22]"======setOutputBuf, line 1298=======:5, 0x0, fd:55"
06-12 15:06:04.793 I/VideoDecWraper(  478): importBufferForPicture:5
06-12 15:06:04.793 D/VideoDecWraper(  478): outbuf color format NV21
06-12 15:06:04.793 I/V4l2Adaptor(  478): importBufferForPicture pictureBufferId 5, dmabufFd 43, metaFd 47
06-12 15:06:04.793 I/V4l2Adaptor(  478): onImportBufferForPicture pictureBufferId 5, dmabufFd 43, metaFd 47, plane size 1
06-12 15:06:04.793 I/V4l2Adaptor(  478): onImportBufferForPicture addr 0x0, stride 0, offset 0, size 0
06-12 15:06:04.793 I/VDA     (  478): [0] "ImportBufferForPicture picture_buffer_id 5\n"
06-12 15:06:04.793 I/VDA     (  478): [0] "ImportBufferForPictureTask dmabuf_fds 43\n"
06-12 15:06:04.794 I/AmlogicVideoDecoderAwesome2(  478): [22]"check_stream_info mInPutFrameCount 3\n"
06-12 15:06:04.794 D/AmlogicVideoDecoderAwesome2(  478): [22]"=7, =1920, =1080, =0, =0, =83333, =166666, =125000, =117416, =61195, =29299"
06-12 15:06:04.802 W/gralloc4(  472): Buffer descriptor with invalid usage bits 0x2000
06-12 15:06:04.803 W/gralloc4(  478): Buffer descriptor with invalid usage bits 0x2000
06-12 15:06:04.804 D/AmlogicVideoDecoderAwesome2(  478): [22]"======setOutputBuf, line 1298=======:6, 0x0, fd:60"
06-12 15:06:04.804 I/VideoDecWraper(  478): importBufferForPicture:6
06-12 15:06:04.804 D/VideoDecWraper(  478): outbuf color format NV21
06-12 15:06:04.804 I/V4l2Adaptor(  478): importBufferForPicture pictureBufferId 6, dmabufFd 48, metaFd 52
06-12 15:06:04.804 I/V4l2Adaptor(  478): onImportBufferForPicture pictureBufferId 6, dmabufFd 48, metaFd 52, plane size 1
06-12 15:06:04.804 I/V4l2Adaptor(  478): onImportBufferForPicture addr 0x0, stride 0, offset 0, size 0
06-12 15:06:04.804 I/VDA     (  478): [0] "ImportBufferForPicture picture_buffer_id 6\n"
06-12 15:06:04.804 D/AmlogicVideoDecoderAwesome2(  478): Calculate duration from pts is 0
06-12 15:06:04.804 I/VDA     (  478): [0] "ImportBufferForPictureTask dmabuf_fds 48\n"
06-12 15:06:04.814 D/AmlogicVideoDecoderAwesome2(  478): Calculate duration from pts is 0
06-12 15:06:04.814 W/gralloc4(  472): Buffer descriptor with invalid usage bits 0x2000
06-12 15:06:04.816 W/gralloc4(  478): Buffer descriptor with invalid usage bits 0x2000
06-12 15:06:04.816 D/AmlogicVideoDecoderAwesome2(  478): [22]"======setOutputBuf, line 1298=======:7, 0x0, fd:65"
06-12 15:06:04.816 I/VideoDecWraper(  478): importBufferForPicture:7
06-12 15:06:04.816 D/VideoDecWraper(  478): outbuf color format NV21
06-12 15:06:04.816 I/V4l2Adaptor(  478): importBufferForPicture pictureBufferId 7, dmabufFd 53, metaFd 54
06-12 15:06:04.816 I/V4l2Adaptor(  478): onImportBufferForPicture pictureBufferId 7, dmabufFd 53, metaFd 54, plane size 1
06-12 15:06:04.816 I/V4l2Adaptor(  478): onImportBufferForPicture addr 0x0, stride 0, offset 0, size 0
06-12 15:06:04.816 I/VDA     (  478): [0] "ImportBufferForPicture picture_buffer_id 7\n"
06-12 15:06:04.816 I/VDA     (  478): [0] "ImportBufferForPictureTask dmabuf_fds 53\n"
06-12 15:06:04.817 V/OmxVideoDecoder(  478): updatePort mUseNativeBuffers 1
06-12 15:06:04.817 V/OmxVideoDecoder(  478): nWidth=1920,nHeight=1080, nMinbufs=0
06-12 15:06:04.817 I/OmxVideoDecoder(  478): getParameter Component Name OMX.amlogic.avc.decoder.awesome2, width 1920, height 1080 nBufferCountMin:10
06-12 15:06:04.817 D/OmxVideoDecoder(  478): getConfig 2867 0x700000f
06-12 15:06:04.817 D/OmxVideoDecoder(  478): getConfig 2870 nIndex 0x700000f
06-12 15:06:04.817 I/AmlogicVideoDecoderAwesome2(  478): [22]"getAndroidNativeBufferCrop [1920 x 1080] \n"
06-12 15:06:04.817 D/OmxVideoDecoder(  478): getConfig OMX_IndexConfigCommonOutputCrop pRect->nWidth=1920, pRect->nHeight=1080
06-12 15:06:04.818 D/OmxVideoDecoder(  478): setConfig 3009 0x7f00000c
06-12 15:06:04.818 D/OmxVideoDecoder(  478): getConfig 2867 0x7f00000c
06-12 15:06:04.818 D/OmxVideoDecoder(  478): getConfig 2867 0x7f00000c
06-12 15:06:04.818 E/OMXNodeInstance(  478): getConfig(0xef0f5438:amlogic.avc.decoder.awesome2, ??(0x7f00000c)) ERROR: UnsupportedSetting(0x80001019)
06-12 15:06:04.818 D/OmxVideoDecoder(  478): getConfig 2867 0x7f000009
06-12 15:06:04.819 D/OmxVideoDecoder(  478): getConfig 2867 0x6f100004
06-12 15:06:04.819 V/OmxVideoDecoder(  478): VendorExt: getConfig: index=0 (4k-osd)
06-12 15:06:04.820 D/rtk_heartbeat(  351): heartbeat_timed_out: heartbeatCmdCount = 1017, expected nextSeqNum = 1017
06-12 15:06:04.824 I/NU-AmNuPlayerRenderer(  472): --->video firstVideoTimeUs 83333 firstAudioTimeUs 50000 queueDiff = 0.03 secs
06-12 15:06:04.824 I/NU-AmNuPlayerRenderer(  472): drop audio data:0
06-12 15:06:04.824 I/NU-AmNuPlayerRenderer(  472): --->video firstVideoTimeUs 83333 firstAudioTimeUs 71333 queueDiff = 0.01 secs
06-12 15:06:04.825 I/NU-AmNuPlayerRenderer(  472): drop audio data:1792
06-12 15:06:04.826 I/NU-AmNuPlayerRenderer(  472): --->audio firstVideoTimeUs 83333 firstAudioTimeUs 92666 queueDiff = -0.01 secs
06-12 15:06:04.826 I/NU-AmNuPlayerRenderer(  472): PTS: before audio inited, post delay 32334, first av diff -9333
06-12 15:06:04.827 D/AudioTrack(  472): getTimestamp_l(46): device stall time corrected using current time 1040183134952
06-12 15:06:04.828 I/AmAVUtils(  472): set profile 8 level:0
06-12 15:06:04.828 I/NU-AmNuPlayer(  472): AmNuPlayer::Source::getFormat frame-rate = 24
06-12 15:06:04.828 I/NU-AmNuPlayer(  472): set video screenmode to 1
06-12 15:06:04.828 D/NU-AmNuPlayerDriver(  472): notifyListener_l(0xe84f5aa0), (5, 1920, 1080, -1), loop setting(0, 0)
06-12 15:06:04.831 I/NU-AmNuPlayer(  472): media rendering started
06-12 15:06:04.831 D/NU-AmNuPlayerDriver(  472): notifyListener_l(0xe84f5aa0), (6, 0, 0, -1), loop setting(0, 0)
06-12 15:06:04.831 D/rtk_heartbeat(  351): rtkbt_heartbeat_cmpl_cback: Current SeqNum = 1017,should SeqNum=1017, status = 0
06-12 15:06:04.832 I/MetricsTransmissionManager( 3328): transmitMetricBatches, storageManager(after execute): StorageManager{mapStoragePriorityToBatchQueue={3=BoundedBatchFileQueue{mapFileNameToSizeInByte={}, totalSizeInByte=0}}, totalSizeInByte=0, totalBatchFileCount=0}
06-12 15:06:04.834 I/NU-AmNuPlayer(  472): [getStrCurrentAudioCodec]
06-12 15:06:04.835 I/AmAVUtils(  472): set profile 2 level:0
06-12 15:06:04.835 I/NU-AmNuPlayer(  472): AmNuPlayer::Source::getFormat frame-rate = failed
06-12 15:06:04.835 I/NU-AmNuPlayerDriver(  472): [getCurrentPosition] position : 0 msec
06-12 15:06:04.841 D/stbdpc  (  405): STB_DPGetNumPaths[570]: num_paths: 1
06-12 15:06:04.859 W/gralloc4(  472): Buffer descriptor with invalid usage bits 0x2000
06-12 15:06:04.859 I/NU-AmNuPlayerRenderer(  472): PTS: before audio inited, post delay 41666, first av diff 0
06-12 15:06:04.859 D/NU-AmNuPlayerDriver(  472): notifyListener_l(0xe84f5aa0), (200, 3, 0, -1), loop setting(0, 0)
06-12 15:06:04.859 I/NU-AmNuPlayer(  472): ====>Renderer::kWhatVideoRenderingStart
06-12 15:06:04.867 W/MediaPlayerNative( 9485): info/warning (3, 0)
06-12 15:06:04.878 I/lowmemorykiller(  233): medium memory pressure event is triggered for new strategy
06-12 15:06:04.878 D/lowmemorykiller(  233): LMKD mp_event_psi kill_reasons available are PRESSURE_AFTER_KILL, NOT_RESPONDING, LOW_SWAP_AND_THRASHING, LOW_MEM_AND_SWAP, LOW_MEM_AND_THRASHING, DIRECT_RECL_AND_THRASHING
06-12 15:06:04.878 D/lowmemorykiller(  233): LMKD mp_event_psi kill_reason received= -1
06-12 15:06:04.895 W/gralloc4(  472): Buffer descriptor with invalid usage bits 0x2000
06-12 15:06:04.895 W/gralloc4(  478): Buffer descriptor with invalid usage bits 0x2000
06-12 15:06:04.895 D/AmlogicVideoDecoderAwesome2(  478): [22]"======setOutputBuf, line 1298=======:9, 0x0, fd:75"
06-12 15:06:04.895 I/VideoDecWraper(  478): importBufferForPicture:9
06-12 15:06:04.895 D/VideoDecWraper(  478): outbuf color format NV21
06-12 15:06:04.896 I/V4l2Adaptor(  478): importBufferForPicture pictureBufferId 9, dmabufFd 27, metaFd 28
06-12 15:06:04.896 I/V4l2Adaptor(  478): onImportBufferForPicture pictureBufferId 9, dmabufFd 27, metaFd 28, plane size 1
06-12 15:06:04.896 I/V4l2Adaptor(  478): onImportBufferForPicture addr 0x0, stride 0, offset 0, size 0
06-12 15:06:04.896 I/VDA     (  478): [0] "ImportBufferForPicture picture_buffer_id 9\n"
06-12 15:06:04.896 I/VDA     (  478): [0] "ImportBufferForPictureTask dmabuf_fds 27\n"
06-12 15:06:04.901 I/NU-AmNuPlayerRenderer(  472): PTS: before audio inited, post delay 41666, first av diff 0
06-12 15:06:04.910 W/gralloc4(  472): Buffer descriptor with invalid usage bits 0x2000
06-12 15:06:04.911 W/gralloc4(  478): Buffer descriptor with invalid usage bits 0x2000
06-12 15:06:04.911 D/AmlogicVideoDecoderAwesome2(  478): [22]"======setOutputBuf, line 1298=======:10, 0x0, fd:80"
06-12 15:06:04.911 I/VideoDecWraper(  478): importBufferForPicture:10
06-12 15:06:04.911 D/VideoDecWraper(  478): outbuf color format NV21
06-12 15:06:04.911 I/V4l2Adaptor(  478): importBufferForPicture pictureBufferId 10, dmabufFd 42, metaFd 63
06-12 15:06:04.911 I/V4l2Adaptor(  478): onImportBufferForPicture pictureBufferId 10, dmabufFd 42, metaFd 63, plane size 1
06-12 15:06:04.911 I/V4l2Adaptor(  478): onImportBufferForPicture addr 0x0, stride 0, offset 0, size 0
06-12 15:06:04.911 I/VDA     (  478): [0] "ImportBufferForPicture picture_buffer_id 10\n"
06-12 15:06:04.911 I/VDA     (  478): [0] "ImportBufferForPictureTask dmabuf_fds 42\n"
06-12 15:06:04.921 D/MesonHwc(  364): VideoComposerDev (10) set (1).
06-12 15:06:04.922 W/gralloc4(  472): Buffer descriptor with invalid usage bits 0x2000
06-12 15:06:04.922 W/gralloc4(  478): Buffer descriptor with invalid usage bits 0x2000
06-12 15:06:04.923 D/AmlogicVideoDecoderAwesome2(  478): [22]"======setOutputBuf, line 1298=======:11, 0x0, fd:85"
06-12 15:06:04.923 I/VideoDecWraper(  478): importBufferForPicture:11
06-12 15:06:04.923 D/VideoDecWraper(  478): outbuf color format NV21
06-12 15:06:04.923 I/V4l2Adaptor(  478): importBufferForPicture pictureBufferId 11, dmabufFd 64, metaFd 68
06-12 15:06:04.923 I/V4l2Adaptor(  478): onImportBufferForPicture pictureBufferId 11, dmabufFd 64, metaFd 68, plane size 1
06-12 15:06:04.923 I/V4l2Adaptor(  478): onImportBufferForPicture addr 0x0, stride 0, offset 0, size 0
06-12 15:06:04.923 I/VDA     (  478): [0] "ImportBufferForPicture picture_buffer_id 11\n"
06-12 15:06:04.923 I/VDA     (  478): [0] "ImportBufferForPictureTask dmabuf_fds 64\n"
06-12 15:06:04.927 D/SystemControl(  348): [CPQControl]:onVframeSizeChange: event value = 23(0x17)!
06-12 15:06:04.927 D/SystemControl(  348): [CPQControl]:isBootvideoStopped: bootvideo enable value is 0050!
06-12 15:06:04.927 D/SystemControl(  348): [CPQControl]:isBootvideoStopped: bootvideo don't enable!
06-12 15:06:04.934 D/SystemControl(  348): [CPQControl]:onVframeSizeChange: sig_fmt = 0x40a(1034).
06-12 15:06:04.934 D/SystemControl(  348): [CPQControl]:SetCurrentSourceInputInfo: param_check_source_enable = 1!
06-12 15:06:04.941 D/stbdpc  (  405): STB_DPGetNumPaths[570]: num_paths: 1
06-12 15:06:04.944 I/NU-AmNuPlayerRenderer(  472): PTS: before audio inited, post delay 41666, first av diff 0
06-12 15:06:04.949 D/SystemControl(  348): [CPQControl]:SetCurrentSourceInputInfo:new source info: source=10,sigFmt=1034(0x40a),hdrType=6
06-12 15:06:04.949 D/SystemControl(  348): [CPQControl]:SetCurrentSourceInputInfo: mCurrentHdrType is 6, hdrStatus is 0!
06-12 15:06:04.950 D/SystemControl(  348): [CPQControl]:CheckOutPutMode: current output mode is 1080p60hz!
06-12 15:06:04.950 D/SystemControl(  348): [CPQControl]:CheckOutPutMode: outputFrameHeight: 1080!
06-12 15:06:04.950 D/SystemControl(  348): [CPQControl]:Cpq_GetInputVideoFrameHeight: inputFrameHeight is 1080!
06-12 15:06:04.950 D/SystemControl(  348): [CPQControl]:CheckOutPutMode: output mode is 13!
06-12 15:06:04.950 D/SystemControl(  348): [CPQControl]:source_input: 10, sig_fmt: 0x40a(1034), trans_fmt: 0x0
06-12 15:06:04.950 D/SystemControl(  348): [CPQControl]:XVYCC Moudle disabled!
06-12 15:06:04.950 D/SystemControl(  348): [CPQControl]:Cpq_SetXVYCCMode success!
06-12 15:06:04.956 D/SystemControl(  348): [CPQdb]:table name is DI_MPEG!
06-12 15:06:04.957 I/system_server(  632): NativeAlloc concurrent copying GC freed 177858(8715KB) AllocSpace objects, 41(1204KB) LOS objects, 49% free, 11MB/23MB, paused 188us total 1.269s
06-12 15:06:04.964 D/SystemControl(  348): [CPQdb]:getDIRegValuesByValue, length = 16
06-12 15:06:04.968 D/SystemControl(  348): [CPQdb]:table name is MCDI_MPEG_HD!
06-12 15:06:04.979 I/lowmemorykiller(  233): medium memory pressure event is triggered for new strategy
06-12 15:06:04.979 D/lowmemorykiller(  233): LMKD mp_event_psi kill_reasons available are PRESSURE_AFTER_KILL, NOT_RESPONDING, LOW_SWAP_AND_THRASHING, LOW_MEM_AND_SWAP, LOW_MEM_AND_THRASHING, DIRECT_RECL_AND_THRASHING
06-12 15:06:04.979 D/lowmemorykiller(  233): LMKD mp_event_psi kill_reason received= -1
06-12 15:06:04.981 D/SystemControl(  348): [CPQdb]:getDIRegValuesByValue, length = 115
06-12 15:06:04.982 D/SystemControl(  348): [CPQControl]:Deblock moudle disabled!
06-12 15:06:04.982 D/SystemControl(  348): [CPQControl]:DemoSquito moudle disabled!
06-12 15:06:04.982 D/SystemControl(  348): [CPQControl]:Cpq_SetDIModuleParam success!
06-12 15:06:04.982 D/SystemControl(  348): [CPQControl]:GetPQMode, source: 10, mode: 0
06-12 15:06:04.982 D/SystemControl(  348): [CPQControl]:setPQModeByTvService: gameStatus: 0, pcStatus: 0!
06-12 15:06:04.985 D/tvserver(  406): [CTv]:Tv_SetVdinForPQ: game mode: 0, pc mode: 0, autoSwitchFlag: 2
06-12 15:06:04.985 D/tvserver(  406): [tvutils]:write /sys/class/amvecm/pc_mode, val:1
06-12 15:06:04.985 D/tvserver(  406): [CTvin]:VDIN_SetMonitorMode: monitor mode: 0!
06-12 15:06:04.985 D/tvserver(  406): [CTvin]:VDIN_SetGameMode: game mode: 0!
06-12 15:06:04.986 I/NU-AmNuPlayerRenderer(  472): PTS: before audio inited, post delay 41666, first av diff 0
06-12 15:06:04.988 D/SystemControl(  348): [CPQControl]:setPQModeByTvService success!
06-12 15:06:04.988 D/SystemControl(  348): [CPQControl]:Cpq_SetPQMode: nr2 moudle disabled!
06-12 15:06:04.988 D/SystemControl(  348): [CPQControl]:Cpq_LoadBasicRegs: BlackExtension moudle disabled!
06-12 15:06:04.990 D/SystemControl(  348): [CPQdb]:table name is Sharpness_0_NOSCALE_Fixed!
06-12 15:06:05.002 D/SystemControl(  348): [CPQControl]:Cpq_SetSharpness0FixedParam success!
06-12 15:06:05.003 I/FA      ( 9485): Tag Manager is not found and thus will not be used
06-12 15:06:05.004 D/ltts_ip_emm(  405): LTTS_IP_DMXStartEMM[381]: parse_emm_cat_status failed
06-12 15:06:05.005 D/SystemControl(  348): [CPQdb]:table name is Sharpness_0_NOSCALE_Variable!
06-12 15:06:05.010 D/SystemControl(  348): [CPQControl]:Cpq_SetSharpness0VariableParam success!
06-12 15:06:05.010 D/SystemControl(  348): [CPQControl]:Cpq_LoadBasicRegs: Sharpness1 moudle disabled!
06-12 15:06:05.011 D/SystemControl(  348): [CPQdb]:table name is Bri_Con_MPEG_Brightness_RefData!
06-12 15:06:05.014 D/SystemControl(  348): [CPQControl]:Cpq_SetBrightnessBasicParam success!
06-12 15:06:05.015 D/SystemControl(  348): [CPQdb]:table name is Bri_Con_MPEG_Contrast_RefData!
06-12 15:06:05.015 D/SystemControl(  348): [CPQControl]:Cpq_SetContrastBasicParam success!
06-12 15:06:05.017 D/SystemControl(  348): [CPQdb]:table name is Saturation_MPEG_Saturation!
06-12 15:06:05.021 D/SystemControl(  348): [CPQControl]:Cpq_SetSaturationBasicParam success!
06-12 15:06:05.022 D/SystemControl(  348): [CPQdb]:table name is Saturation_MPEG_Hue!
06-12 15:06:05.023 D/SystemControl(  348): [CPQControl]:Cpq_SetHueBasicParam success!
06-12 15:06:05.027 I/NU-AmNuPlayerRenderer(  472): PTS: before audio inited, post delay 41667, first av diff 0
06-12 15:06:05.037 I/VDA     (  478): [0] "ServiceDeviceTask(): buffer counts: IN[36,36], OUT[15,15,15] DEC[0->0] => DEVICE[3+0/3->0+0/14] => CLIENT[12]\n"
06-12 15:06:05.040 D/SystemControl(  348): [CPQControl]:Cpq_SetVideoSaturationHue: 0 0
06-12 15:06:05.041 D/stbdpc  (  405): STB_DPGetNumPaths[570]: num_paths: 1
06-12 15:06:05.041 I/VDA     (  478): [0] "ServiceDeviceTask(): buffer counts: IN[36,36], OUT[15,15,15] DEC[0->0] => DEVICE[3+0/3->0+0/14] => CLIENT[12]\n"
06-12 15:06:05.045 D/SystemControl(  348): [CPQControl]:Cpq_SetSharpness: sharpness1 moudle disabled!
06-12 15:06:05.045 I/VDA     (  478): [0] "ServiceDeviceTask(): buffer counts: IN[36,36], OUT[15,15,15] DEC[0->0] => DEVICE[3+0/3->0+0/14] => CLIENT[12]\n"
06-12 15:06:05.049 D/SystemControl(  348): [CPQControl]:Cpq_SetVideoBrightness brightness : 0
06-12 15:06:05.049 I/VDA     (  478): [0] "ServiceDeviceTask(): buffer counts: IN[36,36], OUT[15,15,15] DEC[0->0] => DEVICE[3+0/3->0+0/14] => CLIENT[12]\n"
06-12 15:06:05.052 D/SystemControl(  348): [CPQControl]:Cpq_SetVideoContrast: 0
06-12 15:06:05.052 D/SystemControl(  348): [CPQControl]:Cpq_SetPQMode success!
06-12 15:06:05.053 D/SystemControl(  348): [CPQControl]:GetGammaValue, source: 10, value = 0
06-12 15:06:05.053 D/SystemControl(  348): [CPQControl]:SetGammaValue, source: 10, value = 0
06-12 15:06:05.053 D/SystemControl(  348): [CPQControl]:Gamma moudle disabled!
06-12 15:06:05.053 D/SystemControl(  348): [CPQControl]:SetGammaValue success!
06-12 15:06:05.053 D/SystemControl(  348): [CPQControl]:GetColorBaseMode: mode is 1
06-12 15:06:05.053 D/SystemControl(  348): [CPQControl]:SetColorBaseMode: mode is 1
06-12 15:06:05.053 D/SystemControl(  348): [CPQControl]:CM moudle disabled!
06-12 15:06:05.053 D/SystemControl(  348): [CPQControl]:SaveColorBaseMode: mode is 1
06-12 15:06:05.055 D/SystemControl(  348): [CPQControl]:SetColorBaseMode success!
06-12 15:06:05.055 D/SystemControl(  348): [CPQControl]:GetColorTemperature: source: 10, mode: 0!
06-12 15:06:05.055 D/SystemControl(  348): [CPQControl]:LoadPQSettings: whitebalance moudle disabled!
06-12 15:06:05.055 D/SystemControl(  348): [CPQControl]:GetDnlpMode success!
06-12 15:06:05.055 D/SystemControl(  348): [CPQControl]:GetDnlpMode, source_input = 10, mode is 2
06-12 15:06:05.055 D/SystemControl(  348): [CPQControl]:DNLP moudle disabled!
06-12 15:06:05.055 D/SystemControl(  348): [CPQControl]:SetDnlpMode success!
06-12 15:06:05.055 D/SystemControl(  348): [CPQControl]:GetLocalContrastMode: mode is 2
06-12 15:06:05.055 D/SystemControl(  348): [CPQControl]:SetLocalContrastMode: mode is 2!
06-12 15:06:05.055 D/SystemControl(  348): [CPQControl]:SetLocalContrastMode: local contrast moudle disabled!
06-12 15:06:05.055 D/SystemControl(  348): [CPQControl]:SetLocalContrastMode success!
06-12 15:06:05.055 D/SystemControl(  348): [CPQControl]:GetDisplayMode, source: 10, value = 0
06-12 15:06:05.055 D/SystemControl(  348): [CPQControl]:SetDisplayMode, source: 10, value = 0
06-12 15:06:05.055 D/SystemControl(  348): [CPQControl]:source_input:10, adapted_mode:0, AFDFlag:0,screen mode:3
06-12 15:06:05.055 D/SystemControl(  348): [CPQControl]:Cpq_SetDisplayModeAllTiming success!
06-12 15:06:05.055 D/SystemControl(  348): [CPQControl]:Cpq_SetDisplayModeOneTiming: Overscan moudle disabled!
06-12 15:06:05.055 D/SystemControl(  348): [CPQControl]:Cpq_SetDisplayModeOneTiming: screenmode:1 hs:0 he:0 vs:0 ve:0
06-12 15:06:05.055 D/SystemControl(  348): [CPQControl]:Cpq_SetVideoCrop: 0 0 0 0
06-12 15:06:05.055 D/SystemControl(  348): [CPQControl]:Cpq_SetVideoScreenMode: 1
06-12 15:06:05.056 D/SystemControl(  348): [CPQControl]:SaveDisplayMode, source: 10, value = 0
06-12 15:06:05.056 W/GooglePlayServicesUtil( 9485): Google Play services is missing.
06-12 15:06:05.056 D/SystemControl(  348): [CPQControl]:SaveDisplayMode success!
06-12 15:06:05.057 D/SystemControl(  348): [CPQControl]:SetHDRTMOMode, source: 10, mode = 1
06-12 15:06:05.057 D/SystemControl(  348): [CPQControl]:hdr tmo disabled
06-12 15:06:05.057 D/SystemControl(  348): [CPQControl]:SetHDRTMOMode success
06-12 15:06:05.057 E/SystemControl(  348): [CPQControl]:ai is disable
06-12 15:06:05.057 D/SystemControl(  348): [CPQControl]:AiParamLoad success
06-12 15:06:05.057 D/SystemControl(  348): [CPQControl]:Smooth Plus disabled
06-12 15:06:05.057 D/SystemControl(  348): [CPQControl]:Cpq_SetSmoothPlusMode success!
06-12 15:06:05.057 D/SystemControl(  348): [CPQControl]:onVframeSizeChange: send hdr event,info is 6.!
06-12 15:06:05.057 D/JioServiceSysCtrlEvent( 1834): notifyHdrInfoChangedCallback newHdrInfo:6
06-12 15:06:05.069 I/NU-AmNuPlayerRenderer(  472): PTS: before audio inited, post delay 41666, first av diff 0
06-12 15:06:05.079 I/lowmemorykiller(  233): medium memory pressure event is triggered for new strategy
06-12 15:06:05.079 D/lowmemorykiller(  233): LMKD mp_event_psi kill_reasons available are PRESSURE_AFTER_KILL, NOT_RESPONDING, LOW_SWAP_AND_THRASHING, LOW_MEM_AND_SWAP, LOW_MEM_AND_THRASHING, DIRECT_RECL_AND_THRASHING
06-12 15:06:05.079 D/lowmemorykiller(  233): LMKD mp_event_psi kill_reason received= -1
06-12 15:06:05.111 I/NU-AmNuPlayerRenderer(  472): PTS: before audio inited, post delay 41666, first av diff 0
06-12 15:06:05.137 D/dvb_iptv(  405): ReadEmmNetworkTask[1537]: EMM Select Timeout Occured 46
06-12 15:06:05.138 I/NU-AmNuPlayerRenderer(  472): getPlayedOutDurationUs is unstable. audioPlayedOutDur:120747 (120747), realDIFF: 1040493638, writtenAudioDurationUs:533333, lastTimeUs:604666 (frameSize: 4)
06-12 15:06:05.138 D/NU-AmNuPlayerRenderer(  472): mMs12Enabled:0, mAudioDelay:0, nowMediaUs:213414, mFormat:0x1, mSampleRate:48000
06-12 15:06:05.138 I/NU-AmNuPlayerRenderer(  472): av_slowsync 99387, av_diff 112514, Audio 312801, AADJ 30, Video 333333, VADJ 25991,SADJ 0, audio_delta 0, mVideoFrameOutNum 7
06-12 15:06:05.138 D/NU-AmNuPlayerDriver(  472): notifyListener_l(0xe84f5aa0), (211, 0, 0, 20), loop setting(0, 0)
06-12 15:06:05.141 D/stbdpc  (  405): STB_DPGetNumPaths[570]: num_paths: 1
06-12 15:06:05.158 D/NU-AmNuPlayerRenderer(  472): mMs12Enabled:0, mAudioDelay:0, nowMediaUs:234240, mFormat:0x1, mSampleRate:48000
06-12 15:06:05.158 I/NU-AmNuPlayerRenderer(  472): av_slowsync 77770, av_diff 89735, Audio 312010, AADJ 5842, Video 375000, VADJ 4498,SADJ -16315, audio_delta 0, mVideoFrameOutNum 8
06-12 15:06:05.158 D/NU-AmNuPlayerDriver(  472): notifyListener_l(0xe84f5aa0), (211, 0, 0, 20), loop setting(0, 0)
06-12 15:06:05.179 I/lowmemorykiller(  233): medium memory pressure event is triggered for new strategy
06-12 15:06:05.179 D/lowmemorykiller(  233): LMKD mp_event_psi kill_reasons available are PRESSURE_AFTER_KILL, NOT_RESPONDING, LOW_SWAP_AND_THRASHING, LOW_MEM_AND_SWAP, LOW_MEM_AND_THRASHING, DIRECT_RECL_AND_THRASHING
06-12 15:06:05.179 D/lowmemorykiller(  233): LMKD mp_event_psi kill_reason received= -1
06-12 15:06:05.184 I/VDA     (  478): [0] "ServiceDeviceTask(): buffer counts: IN[40,40], OUT[18,17,17] DEC[0->0] => DEVICE[3+0/3->0+1/14] => CLIENT[11]\n"
06-12 15:06:05.225 D/JioStbInactivityTimer(  933): Timer: count 147 warningTimeout:10680 timeout:10800
06-12 15:06:05.225 D/JioStbInactivityTimer(  933): isUserActive: Curr:891902 Prev:891902
06-12 15:06:05.226 I/VDA     (  478): [0] "ServiceDeviceTask(): buffer counts: IN[40,40], OUT[19,19,19] DEC[0->0] => DEVICE[3+0/3->0+0/14] => CLIENT[12]\n"
06-12 15:06:05.234 I/VDA     (  478): [0] "ServiceDeviceTask(): buffer counts: IN[40,40], OUT[19,19,19] DEC[0->0] => DEVICE[3+0/3->0+0/14] => CLIENT[12]\n"
06-12 15:06:05.241 D/stbdpc  (  405): STB_DPGetNumPaths[570]: num_paths: 1
06-12 15:06:05.245 I/VDA     (  478): [0] "ServiceDeviceTask(): buffer counts: IN[40,40], OUT[19,19,19] DEC[0->0] => DEVICE[3+0/3->0+0/14] => CLIENT[12]\n"
06-12 15:06:05.257 I/VDA     (  478): [0] "ServiceDeviceTask(): buffer counts: IN[40,40], OUT[19,19,19] DEC[0->0] => DEVICE[3+0/3->0+0/14] => CLIENT[12]\n"
06-12 15:06:05.279 I/lowmemorykiller(  233): medium memory pressure event is triggered for new strategy
06-12 15:06:05.280 D/lowmemorykiller(  233): LMKD mp_event_psi kill_reasons available are PRESSURE_AFTER_KILL, NOT_RESPONDING, LOW_SWAP_AND_THRASHING, LOW_MEM_AND_SWAP, LOW_MEM_AND_THRASHING, DIRECT_RECL_AND_THRASHING
06-12 15:06:05.280 D/lowmemorykiller(  233): LMKD mp_event_psi kill_reason received= -1
06-12 15:06:05.339 F/linker  ( 9618): CANNOT LINK EXECUTABLE "/system/bin/smartcable/smartCableSTBApp": library "libmosquitto.so" not found: needed by main executable
06-12 15:06:05.342 D/stbdpc  (  405): STB_DPGetNumPaths[570]: num_paths: 1
06-12 15:06:05.380 I/lowmemorykiller(  233): medium memory pressure event is triggered for new strategy
06-12 15:06:05.380 D/lowmemorykiller(  233): LMKD mp_event_psi kill_reasons available are PRESSURE_AFTER_KILL, NOT_RESPONDING, LOW_SWAP_AND_THRASHING, LOW_MEM_AND_SWAP, LOW_MEM_AND_THRASHING, DIRECT_RECL_AND_THRASHING
06-12 15:06:05.380 D/lowmemorykiller(  233): LMKD mp_event_psi kill_reason received= -1
06-12 15:06:05.390 I/VDA     (  478): [0] "ServiceDeviceTask(): buffer counts: IN[44,44], OUT[22,22,22] DEC[0->0] => DEVICE[3+0/3->0+0/14] => CLIENT[12]\n"
06-12 15:06:05.414 D/NU-AmNuPlayerRenderer(  472): mMs12Enabled:0, mAudioDelay:0, nowMediaUs:490603, mFormat:0x1, mSampleRate:48000
06-12 15:06:05.414 I/NU-AmNuPlayerRenderer(  472): av_slowsync 54130, av_diff 69103, Audio 544733, AADJ 8, Video 583333, VADJ 22437,SADJ -12690, audio_delta 0, mVideoFrameOutNum 13
06-12 15:06:05.414 D/NU-AmNuPlayerDriver(  472): notifyListener_l(0xe84f5aa0), (211, 0, 0, 20), loop setting(0, 0)
06-12 15:06:05.442 D/stbdpc  (  405): STB_DPGetNumPaths[570]: num_paths: 1
06-12 15:06:05.455 I/VDA     (  478): [0] "ServiceDeviceTask(): buffer counts: IN[44,44], OUT[24,24,24] DEC[0->0] => DEVICE[3+0/3->0+0/14] => CLIENT[12]\n"
06-12 15:06:05.465 I/VDA     (  478): [0] "ServiceDeviceTask(): buffer counts: IN[44,44], OUT[24,24,24] DEC[0->0] => DEVICE[3+0/3->0+0/14] => CLIENT[12]\n"
06-12 15:06:05.480 I/lowmemorykiller(  233): medium memory pressure event is triggered for new strategy
06-12 15:06:05.480 D/lowmemorykiller(  233): LMKD mp_event_psi kill_reasons available are PRESSURE_AFTER_KILL, NOT_RESPONDING, LOW_SWAP_AND_THRASHING, LOW_MEM_AND_SWAP, LOW_MEM_AND_THRASHING, DIRECT_RECL_AND_THRASHING
06-12 15:06:05.480 D/lowmemorykiller(  233): LMKD mp_event_psi kill_reason received= -1
06-12 15:06:05.481 I/VDA     (  478): [0] "ServiceDeviceTask(): buffer counts: IN[44,44], OUT[24,24,24] DEC[0->0] => DEVICE[3+0/3->0+0/14] => CLIENT[12]\n"
06-12 15:06:05.542 D/stbdpc  (  405): STB_DPGetNumPaths[570]: num_paths: 1
06-12 15:06:05.555 I/VDA     (  478): [0] "ServiceDeviceTask(): buffer counts: IN[44,44], OUT[26,26,26] DEC[0->0] => DEVICE[3+0/3->0+0/14] => CLIENT[12]\n"
06-12 15:06:05.567 I/VDA     (  478): [0] "ServiceDeviceTask(): buffer counts: IN[49,49], OUT[26,26,26] DEC[0->0] => DEVICE[3+0/3->0+0/14] => CLIENT[12]\n"
06-12 15:06:05.577 I/chatty  (  478): uid=1046(mediacodec) V4L2DecoderThre identical 1 line
06-12 15:06:05.580 I/VDA     (  478): [0] "ServiceDeviceTask(): buffer counts: IN[49,49], OUT[26,26,26] DEC[0->0] => DEVICE[3+0/3->0+0/14] => CLIENT[12]\n"
06-12 15:06:05.580 I/lowmemorykiller(  233): medium memory pressure event is triggered for new strategy
06-12 15:06:05.581 D/lowmemorykiller(  233): LMKD mp_event_psi kill_reasons available are PRESSURE_AFTER_KILL, NOT_RESPONDING, LOW_SWAP_AND_THRASHING, LOW_MEM_AND_SWAP, LOW_MEM_AND_THRASHING, DIRECT_RECL_AND_THRASHING
06-12 15:06:05.581 D/lowmemorykiller(  233): LMKD mp_event_psi kill_reason received= -1
06-12 15:06:05.582 I/VDA     (  478): [0] "ServiceDeviceTask(): buffer counts: IN[49,49], OUT[26,26,26] DEC[0->0] => DEVICE[3+0/3->0+0/14] => CLIENT[12]\n"
06-12 15:06:05.586 I/chatty  (  478): uid=1046(mediacodec) V4L2DecoderThre identical 1 line
06-12 15:06:05.591 I/VDA     (  478): [0] "ServiceDeviceTask(): buffer counts: IN[49,49], OUT[26,26,26] DEC[0->0] => DEVICE[3+0/3->0+0/14] => CLIENT[12]\n"
06-12 15:06:05.637 D/dvb_iptv(  405): ReadEmmNetworkTask[1537]: EMM Select Timeout Occured 47
06-12 15:06:05.642 D/stbdpc  (  405): STB_DPGetNumPaths[570]: num_paths: 1
06-12 15:06:05.681 I/lowmemorykiller(  233): medium memory pressure event is triggered for new strategy
06-12 15:06:05.681 D/lowmemorykiller(  233): LMKD mp_event_psi kill_reasons available are PRESSURE_AFTER_KILL, NOT_RESPONDING, LOW_SWAP_AND_THRASHING, LOW_MEM_AND_SWAP, LOW_MEM_AND_THRASHING, DIRECT_RECL_AND_THRASHING
06-12 15:06:05.681 D/lowmemorykiller(  233): LMKD mp_event_psi kill_reason received= -1
06-12 15:06:05.682 D/NU-AmNuPlayerRenderer(  472): mMs12Enabled:0, mAudioDelay:0, nowMediaUs:758658, mFormat:0x1, mSampleRate:48000
06-12 15:06:05.682 I/NU-AmNuPlayerRenderer(  472): av_slowsync 42558, av_diff 62281, Audio 801216, AADJ 8, Video 833333, VADJ 23705,SADJ -2725, audio_delta 0, mVideoFrameOutNum 19
06-12 15:06:05.684 D/NU-AmNuPlayerDriver(  472): notifyListener_l(0xe84f5aa0), (211, 0, 0, 20), loop setting(0, 0)
06-12 15:06:05.688 I/VDA     (  478): [0] "ServiceDeviceTask(): buffer counts: IN[49,49], OUT[29,29,29] DEC[0->0] => DEVICE[3+0/3->0+0/14] => CLIENT[12]\n"
06-12 15:06:05.699 I/chatty  (  478): uid=1046(mediacodec) V4L2DecoderThre identical 2 lines
06-12 15:06:05.704 I/VDA     (  478): [0] "ServiceDeviceTask(): buffer counts: IN[49,49], OUT[29,29,29] DEC[0->0] => DEVICE[3+0/3->0+0/14] => CLIENT[12]\n"
06-12 15:06:05.704 D/NU-AmNuPlayerRenderer(  472): mMs12Enabled:0, mAudioDelay:0, nowMediaUs:780885, mFormat:0x1, mSampleRate:48000
06-12 15:06:05.705 I/NU-AmNuPlayerRenderer(  472): av_slowsync 39478, av_diff 57774, Audio 820363, AADJ 4487, Video 833333, VADJ 45904,SADJ -2725, audio_delta 0, mVideoFrameOutNum 19
06-12 15:06:05.708 I/VDA     (  478): [0] "ServiceDeviceTask(): buffer counts: IN[49,49], OUT[29,29,29] DEC[0->0] => DEVICE[3+0/3->0+0/14] => CLIENT[12]\n"
06-12 15:06:05.722 I/VDA     (  478): [0] "ServiceDeviceTask(): buffer counts: IN[49,49], OUT[30,30,30] DEC[0->0] => DEVICE[3+0/3->0+0/14] => CLIENT[12]\n"
06-12 15:06:05.732 I/VDA     (  478): [0] "ServiceDeviceTask(): buffer counts: IN[53,53], OUT[30,30,30] DEC[0->0] => DEVICE[3+0/3->0+0/14] => CLIENT[12]\n"
06-12 15:06:05.742 D/stbdpc  (  405): STB_DPGetNumPaths[570]: num_paths: 1
06-12 15:06:05.745 I/VDA     (  478): [0] "ServiceDeviceTask(): buffer counts: IN[53,53], OUT[30,30,30] DEC[0->0] => DEVICE[3+0/3->0+0/14] => CLIENT[12]\n"
06-12 15:06:05.754 I/VDA     (  478): [0] "ServiceDeviceTask(): buffer counts: IN[53,53], OUT[30,30,30] DEC[0->0] => DEVICE[3+0/3->0+0/14] => CLIENT[12]\n"
06-12 15:06:05.781 I/lowmemorykiller(  233): medium memory pressure event is triggered for new strategy
06-12 15:06:05.782 D/lowmemorykiller(  233): LMKD mp_event_psi kill_reasons available are PRESSURE_AFTER_KILL, NOT_RESPONDING, LOW_SWAP_AND_THRASHING, LOW_MEM_AND_SWAP, LOW_MEM_AND_THRASHING, DIRECT_RECL_AND_THRASHING
06-12 15:06:05.782 D/lowmemorykiller(  233): LMKD mp_event_psi kill_reason received= -1
06-12 15:06:05.785 I/om.suntv.sunnx( 9485): Background concurrent copying GC freed 108838(5872KB) AllocSpace objects, 60(2296KB) LOS objects, 49% free, 7340KB/14MB, paused 343us total 840.772ms
06-12 15:06:05.787 I/lowmemorykiller(  233): medium memory pressure event is triggered for new strategy
06-12 15:06:05.817 I/VDA     (  478): [0] "ServiceDeviceTask(): buffer counts: IN[53,53], OUT[32,32,32] DEC[0->0] => DEVICE[3+0/3->0+0/14] => CLIENT[12]\n"
06-12 15:06:05.828 I/chatty  (  478): uid=1046(mediacodec) V4L2DecoderThre identical 3 lines
06-12 15:06:05.829 I/VDA     (  478): [0] "ServiceDeviceTask(): buffer counts: IN[53,53], OUT[32,32,32] DEC[0->0] => DEVICE[3+0/3->0+0/14] => CLIENT[12]\n"
06-12 15:06:05.830 D/rtk_heartbeat(  351): heartbeat_timed_out: heartbeatCmdCount = 1018, expected nextSeqNum = 1018
06-12 15:06:05.830 I/VDA     (  478): [0] "ServiceDeviceTask(): buffer counts: IN[53,53], OUT[32,32,32] DEC[0->0] => DEVICE[3+0/3->0+0/14] => CLIENT[12]\n"
06-12 15:06:05.831 I/VDA     (  478): [0] "ServiceDeviceTask(): buffer counts: IN[53,53], OUT[32,32,32] DEC[0->0] => DEVICE[3+0/3->0+0/14] => CLIENT[12]\n"
06-12 15:06:05.833 D/rtk_heartbeat(  351): rtkbt_heartbeat_cmpl_cback: Current SeqNum = 1018,should SeqNum=1018, status = 0
06-12 15:06:05.834 I/VDA     (  478): [0] "ServiceDeviceTask(): buffer counts: IN[53,53], OUT[32,32,32] DEC[0->0] => DEVICE[3+0/3->0+0/14] => CLIENT[12]\n"
06-12 15:06:05.839 I/chatty  (  478): uid=1046(mediacodec) V4L2DecoderThre identical 1 line
06-12 15:06:05.841 I/VDA     (  478): [0] "ServiceDeviceTask(): buffer counts: IN[53,53], OUT[32,32,32] DEC[0->0] => DEVICE[3+0/3->0+0/14] => CLIENT[12]\n"
06-12 15:06:05.842 D/stbdpc  (  405): STB_DPGetNumPaths[570]: num_paths: 1
06-12 15:06:05.880 I/lowmemorykiller(  233): medium memory pressure event is triggered for new strategy
06-12 15:06:05.880 D/lowmemorykiller(  233): LMKD mp_event_psi kill_reasons available are PRESSURE_AFTER_KILL, NOT_RESPONDING, LOW_SWAP_AND_THRASHING, LOW_MEM_AND_SWAP, LOW_MEM_AND_THRASHING, DIRECT_RECL_AND_THRASHING
06-12 15:06:05.880 D/lowmemorykiller(  233): LMKD mp_event_psi kill_reason received= -1
06-12 15:06:05.900 I/VDA     (  478): [0] "ServiceDeviceTask(): buffer counts: IN[53,53], OUT[34,34,34] DEC[0->0] => DEVICE[3+0/3->0+0/14] => CLIENT[12]\n"
06-12 15:06:05.905 I/VDA     (  478): [0] "ServiceDeviceTask(): buffer counts: IN[53,53], OUT[34,34,34] DEC[0->0] => DEVICE[3+0/3->0+0/14] => CLIENT[12]\n"
06-12 15:06:05.914 I/VDA     (  478): [0] "ServiceDeviceTask(): buffer counts: IN[57,57], OUT[34,34,34] DEC[0->0] => DEVICE[3+0/3->0+0/14] => CLIENT[12]\n"
06-12 15:06:05.926 I/chatty  (  478): uid=1046(mediacodec) V4L2DecoderThre identical 7 lines
06-12 15:06:05.928 I/VDA     (  478): [0] "ServiceDeviceTask(): buffer counts: IN[57,57], OUT[34,34,34] DEC[0->0] => DEVICE[3+0/3->0+0/14] => CLIENT[12]\n"
06-12 15:06:05.943 D/stbdpc  (  405): STB_DPGetNumPaths[570]: num_paths: 1
06-12 15:06:05.961 D/NU-AmNuPlayerRenderer(  472): mMs12Enabled:0, mAudioDelay:0, nowMediaUs:1037156, mFormat:0x1, mSampleRate:48000
06-12 15:06:05.961 I/NU-AmNuPlayerRenderer(  472): av_slowsync 29587, av_diff 50722, Audio 1066743, AADJ 6, Video 1083333, VADJ 35273,SADJ 2644, audio_delta 0, mVideoFrameOutNum 25
06-12 15:06:05.961 D/NU-AmNuPlayerDriver(  472): notifyListener_l(0xe84f5aa0), (211, 0, 0, 20), loop setting(0, 0)
06-12 15:06:05.980 I/lowmemorykiller(  233): medium memory pressure event is triggered for new strategy
06-12 15:06:05.981 D/lowmemorykiller(  233): LMKD mp_event_psi kill_reasons available are PRESSURE_AFTER_KILL, NOT_RESPONDING, LOW_SWAP_AND_THRASHING, LOW_MEM_AND_SWAP, LOW_MEM_AND_THRASHING, DIRECT_RECL_AND_THRASHING
06-12 15:06:05.981 D/lowmemorykiller(  233): LMKD mp_event_psi kill_reason received= -1
06-12 15:06:05.992 I/VDA     (  478): [0] "ServiceDeviceTask(): buffer counts: IN[57,57], OUT[36,36,36] DEC[0->0] => DEVICE[3+0/3->0+0/14] => CLIENT[12]\n"
06-12 15:06:06.027 I/chatty  (  478): uid=1046(mediacodec) V4L2DecoderThre identical 17 lines
06-12 15:06:06.028 I/VDA     (  478): [0] "ServiceDeviceTask(): buffer counts: IN[57,57], OUT[36,36,36] DEC[0->0] => DEVICE[3+0/3->0+0/14] => CLIENT[12]\n"
06-12 15:06:06.038 W/FA      ( 9485): Unable to merge remote config. appId: com.suntv.sunnxt, com.google.android.gms.internal.measurement.zzkb: While parsing a protocol message, the input ended unexpectedly in the middle of a field.  This could mean either that the input has been truncated or that an embedded message misreported its own length.: com.google.android.gms.measurement.internal.zzoo.zza(SourceFile:192)
06-12 15:06:06.043 D/JioLauncher( 1781): overlay status check for wifi and bt remote false false
06-12 15:06:06.043 D/stbdpc  (  405): STB_DPGetNumPaths[570]: num_paths: 1
06-12 15:06:06.047 D/JioLauncher( 1781): diagnosis-fragment-onConnectivityChanged
06-12 15:06:06.049 D/Match code1( 1449): 2
06-12 15:06:06.049 D/JIO_TR069-( 1449): Predefined List [com.jio.stb.catv, com.rjil.jiostbsetting, com.iwedia.ui.rjio.launcher.reliance, com.jio.stb.hotellauncher, com.jio.media.oberoi, com.jio.ott]
06-12 15:06:06.052 D/JIO_TR069-( 1449): Caller Package com.iwedia.ui.rjio.launcher.reliance
06-12 15:06:06.052 D/JIO_TR069-( 1449): White Listed Apps []
06-12 15:06:06.052 D/JIO_TR069-( 1449): Final White Listed Apps [com.jio.stb.catv, com.rjil.jiostbsetting, com.iwedia.ui.rjio.launcher.reliance, com.jio.stb.hotellauncher, com.jio.media.oberoi, com.jio.ott, ]
