--------- beginning of main
06-12 23:29:51.838 E/adbd    ( 5896): failed to connect to socket 'tcp:6790': Connection refused
06-12 23:29:51.843 D/stbdpc  (  403): STB_DPGetNumPaths[570]: num_paths: 1
06-12 23:29:51.860 D/Glide   ( 1786): Finished loading Bitmap from LOCAL for com.bumptech.glide.gifdecoder.StandardGifDecoder@6f5af65 with size [314x176] in 15.357792 ms
06-12 23:29:51.868 I/appium  (23842): buildConfig: {"VERSION_NAME":"7.5.2","APPLICATION_ID":"io.appium.uiautomator2.server","BUILD_TYPE":"debug","VERSION_CODE":215,"BUILD_TIME":"1745524365546","DEBUG":true,"FLAVOR":"server"}
06-12 23:29:51.882 I/UiDevice(23842): Creating a new instance, old instance exists: false
06-12 23:29:51.892 I/ThermalService(  987): CPU temperatures: [74.9]
06-12 23:29:51.893 D/Glide   ( 1786): Finished loading Bitmap from LOCAL for com.bumptech.glide.gifdecoder.StandardGifDecoder@6f5af65 with size [314x176] in 8.340665999999999 ms
06-12 23:29:51.905 I/lowmemorykiller(  231): medium memory pressure event is triggered for new strategy
06-12 23:29:51.905 D/lowmemorykiller(  231): LMKD mp_event_psi kill_reasons available are PRESSURE_AFTER_KILL, NOT_RESPONDING, LOW_SWAP_AND_THRASHING, LOW_MEM_AND_SWAP, LOW_MEM_AND_THRASHING, DIRECT_RECL_AND_THRASHING
06-12 23:29:51.905 D/lowmemorykiller(  231): LMKD mp_event_psi kill_reason received= -1
06-12 23:29:51.926 D/UiDevice(23842): Setting accessibility service flags: 65618
06-12 23:29:51.928 V/UiAutomation(23842): Init UiAutomation@30745d0[id=5, flags=0]
06-12 23:29:51.943 D/stbdpc  (  403): STB_DPGetNumPaths[570]: num_paths: 1
06-12 23:29:51.944 D/Glide   ( 1786): Finished loading Bitmap from LOCAL for com.bumptech.glide.gifdecoder.StandardGifDecoder@6f5af65 with size [314x176] in 14.426625 ms
06-12 23:29:51.955 D/UiDevice(23842): Turning on screen.
06-12 23:29:51.977 D/Glide   ( 1786): Finished loading Bitmap from LOCAL for com.bumptech.glide.gifdecoder.StandardGifDecoder@6f5af65 with size [314x176] in 7.644374999999999 ms
06-12 23:29:52.002 I/appium  (23842): AndroidServer created on port 6790
06-12 23:29:52.002 I/appium  (23842): Starting MJPEG Server
06-12 23:29:52.005 I/appium  (23842): MJPEG Server started
06-12 23:29:52.005 I/appium  (23842): ServerInstrumentation started
06-12 23:29:52.005 I/lowmemorykiller(  231): medium memory pressure event is triggered for new strategy
06-12 23:29:52.005 D/lowmemorykiller(  231): LMKD mp_event_psi kill_reasons available are PRESSURE_AFTER_KILL, NOT_RESPONDING, LOW_SWAP_AND_THRASHING, LOW_MEM_AND_SWAP, LOW_MEM_AND_THRASHING, DIRECT_RECL_AND_THRASHING
06-12 23:29:52.005 D/lowmemorykiller(  231): LMKD mp_event_psi kill_reason received= -1
06-12 23:29:52.015 I/appium  (23842): ServerSocket created on port 7810
06-12 23:29:52.019 D/dvb_iptv(  403): ReadEmmNetworkTask[1537]: EMM Select Timeout Occured 55
06-12 23:29:52.030 D/Glide   ( 1786): Finished loading Bitmap from LOCAL for com.bumptech.glide.gifdecoder.StandardGifDecoder@6f5af65 with size [314x176] in 18.57225 ms
06-12 23:29:52.044 D/stbdpc  (  403): STB_DPGetNumPaths[570]: num_paths: 1
06-12 23:29:52.060 D/Glide   ( 1786): Finished loading Bitmap from LOCAL for com.bumptech.glide.gifdecoder.StandardGifDecoder@6f5af65 with size [314x176] in 8.072041 ms
06-12 23:29:52.105 I/lowmemorykiller(  231): medium memory pressure event is triggered for new strategy
06-12 23:29:52.111 D/Glide   ( 1786): Finished loading Bitmap from LOCAL for com.bumptech.glide.gifdecoder.StandardGifDecoder@6f5af65 with size [314x176] in 16.453166 ms
06-12 23:29:52.143 D/Glide   ( 1786): Finished loading Bitmap from LOCAL for com.bumptech.glide.gifdecoder.StandardGifDecoder@6f5af65 with size [314x176] in 7.586834 ms
06-12 23:29:52.144 D/stbdpc  (  403): STB_DPGetNumPaths[570]: num_paths: 1
06-12 23:29:52.193 D/Glide   ( 1786): Finished loading Bitmap from LOCAL for com.bumptech.glide.gifdecoder.StandardGifDecoder@6f5af65 with size [314x176] in 15.725249999999999 ms
06-12 23:29:52.201 E/ocessService0:( 2252): failed to create Unix domain socket: Operation not permitted
06-12 23:29:52.206 I/lowmemorykiller(  231): medium memory pressure event is triggered for new strategy
06-12 23:29:52.206 D/lowmemorykiller(  231): LMKD mp_event_psi kill_reasons available are PRESSURE_AFTER_KILL, NOT_RESPONDING, LOW_SWAP_AND_THRASHING, LOW_MEM_AND_SWAP, LOW_MEM_AND_THRASHING, DIRECT_RECL_AND_THRASHING
06-12 23:29:52.206 D/lowmemorykiller(  231): LMKD mp_event_psi kill_reason received= -1
06-12 23:29:52.227 D/Glide   ( 1786): Finished loading Bitmap from LOCAL for com.bumptech.glide.gifdecoder.StandardGifDecoder@6f5af65 with size [314x176] in 8.985042 ms
06-12 23:29:52.244 D/stbdpc  (  403): STB_DPGetNumPaths[570]: num_paths: 1
06-12 23:29:52.248 I/tomator2.serve(23842): Background concurrent copying GC freed 59854(4387KB) AllocSpace objects, 0(0B) LOS objects, 49% free, 4239KB/8478KB, paused 170us total 117.936ms
06-12 23:29:52.279 D/Glide   ( 1786): Finished loading Bitmap from LOCAL for com.bumptech.glide.gifdecoder.StandardGifDecoder@6f5af65 with size [314x176] in 19.274082999999997 ms
06-12 23:29:52.306 I/lowmemorykiller(  231): medium memory pressure event is triggered for new strategy
06-12 23:29:52.307 D/lowmemorykiller(  231): LMKD mp_event_psi kill_reasons available are PRESSURE_AFTER_KILL, NOT_RESPONDING, LOW_SWAP_AND_THRASHING, LOW_MEM_AND_SWAP, LOW_MEM_AND_THRASHING, DIRECT_RECL_AND_THRASHING
06-12 23:29:52.307 D/lowmemorykiller(  231): LMKD mp_event_psi kill_reason received= -1
06-12 23:29:52.312 D/Glide   ( 1786): Finished loading Bitmap from LOCAL for com.bumptech.glide.gifdecoder.StandardGifDecoder@6f5af65 with size [314x176] in 11.724833 ms
06-12 23:29:52.317 W/tomator2.serve(23842): Accessing hidden method Lsun/misc/VM;->maxDirectMemory()J (greylist, reflection, allowed)
06-12 23:29:52.323 I/PlatformDependent(23842): Your platform does not provide complete low-level API for accessing direct buffers reliably. Unless explicitly requested, heap buffer will always be preferred to avoid potential system instability.
06-12 23:29:52.344 D/stbdpc  (  403): STB_DPGetNumPaths[570]: num_paths: 1
06-12 23:29:52.359 D/Glide   ( 1786): Finished loading Bitmap from LOCAL for com.bumptech.glide.gifdecoder.StandardGifDecoder@6f5af65 with size [314x176] in 13.151957999999999 ms
06-12 23:29:52.365 W/tomator2.serve(23842): Accessing hidden field Lsun/nio/ch/SelectorImpl;->selectedKeys:Ljava/util/Set; (greylist, reflection, allowed)
06-12 23:29:52.365 W/tomator2.serve(23842): Accessing hidden field Lsun/nio/ch/SelectorImpl;->publicSelectedKeys:Ljava/util/Set; (greylist, reflection, allowed)
06-12 23:29:52.368 D/JioLauncher( 1786): overlay status check for wifi and bt remote false false
--------- beginning of system
06-12 23:29:53.309 W/ActivityManager(  637): Slow operation: 62ms so far, now at getContentProviderImpl: after updateLruProcess
06-12 23:29:53.309 W/ActivityManager(  637): Slow operation: 62ms so far, now at getContentProviderImpl: before updateOomAdj
06-12 23:29:53.309 W/ActivityManager(  637): Slow operation: 63ms so far, now at getContentProviderImpl: after updateOomAdj
06-12 23:29:53.309 W/ActivityManager(  637): Slow operation: 63ms so far, now at getContentProviderImpl: done!
--------- beginning of kernel
06-12 23:29:53.783 D/[ 3960.901924@3]  logd(    0): logdr: UID=0 GID=0 PID=23899 b tail=0 logMask=99 pid=0 start=0ns timeout=0ns
06-12 23:29:53.787 D/[ 3960.905938@2]  logd(    0): Skipping 4294967295 entries from slow reader, pid 23899, from LogBuffer::kickMe()
06-12 23:29:54.032 I/ActivityTaskManager(  637): START u0 {flg=0x10000000 cmp=in.startv.hotstar/com.hotstar.MainActivity} from uid 0
06-12 23:29:54.033 D/ActivityStarter(  637):  
06-12 23:29:54.033 D/ActivityStarter(  637): launchedPkgName :: in.startv.hotstar 
06-12 23:29:54.033 D/ActivityStarter(  637): callingPackage :: com.android.shell 
06-12 23:29:54.033 D/ActivityStarter(  637): callingUid :: 0 
06-12 23:29:54.033 D/ActivityStarter(  637): callingPid :: 23911
06-12 23:29:54.055 V/DigitalSignage(  637): Package Name: null
06-12 23:29:54.055 V/DigitalSignage(  637): Left: 0
06-12 23:29:54.055 V/DigitalSignage(  637): Right: 0
06-12 23:29:54.055 V/DigitalSignage(  637): Top: 0
06-12 23:29:54.055 V/DigitalSignage(  637): Bottom: 0
06-12 23:29:54.055 D/DigitalSignage(  637): else - Package Name :: null left : 0 right :: 0 top :: 0 bottom :: 0 dfu-right :: 1920 dfu-bottom :: 1080
06-12 23:29:54.065 D/CompatibilityChangeReporter(  637): Compat change id reported: 135634846; UID 10072; state: DISABLED
06-12 23:29:54.081 D/CompatibilityChangeReporter(  637): Compat change id reported: 143937733; UID 10072; state: ENABLED
06-12 23:29:54.113 V/DigitalSignage(  637): Package Name: null
06-12 23:29:54.113 V/DigitalSignage(  637): Left: 0
06-12 23:29:54.113 V/DigitalSignage(  637): Right: 0
06-12 23:29:54.114 V/DigitalSignage(  637): Top: 0
06-12 23:29:54.114 V/DigitalSignage(  637): Bottom: 0
06-12 23:29:54.114 D/DigitalSignage(  637): else - Package Name :: null left : 0 right :: 0 top :: 0 bottom :: 0 dfu-right :: 1920 dfu-bottom :: 1080
06-12 23:29:54.171 V/DigitalSignage(  637): Package Name: null
06-12 23:29:54.171 V/DigitalSignage(  637): Left: 0
06-12 23:29:54.171 V/DigitalSignage(  637): Right: 0
06-12 23:29:54.171 V/DigitalSignage(  637): Top: 0
06-12 23:29:54.171 V/DigitalSignage(  637): Bottom: 0
06-12 23:29:54.171 D/DigitalSignage(  637): else - Package Name :: null left : 0 right :: 0 top :: 0 bottom :: 0 dfu-right :: 1920 dfu-bottom :: 1080
06-12 23:29:54.190 W/ActivityManager(  637): Slow operation: 125ms so far, now at startProcess: returned from zygote!
06-12 23:29:54.190 W/ActivityManager(  637): Slow operation: 126ms so far, now at startProcess: done updating battery stats
06-12 23:29:54.190 W/ActivityManager(  637): Slow operation: 126ms so far, now at startProcess: building log message
06-12 23:29:54.190 I/ActivityManager(  637): Start proc 23915:in.startv.hotstar/u0a72 for pre-top-activity {in.startv.hotstar/com.hotstar.MainActivity}
06-12 23:29:54.190 W/ActivityManager(  637): Slow operation: 126ms so far, now at startProcess: starting to update pids map
06-12 23:29:54.191 W/ActivityManager(  637): Slow operation: 126ms so far, now at startProcess: done updating pids map
06-12 23:29:54.303 D/ActivityTaskManager(  637): JioHomeManagerService :: ActivityRecord :: setState :: StateFrom :: INITIALIZING StateTo :: RESUMED 
06-12 23:29:54.313 V/DigitalSignage(  637): Package Name: null
06-12 23:29:54.313 V/DigitalSignage(  637): Left: 0
06-12 23:29:54.313 V/DigitalSignage(  637): Right: 0
06-12 23:29:54.313 V/DigitalSignage(  637): Top: 0
06-12 23:29:54.313 V/DigitalSignage(  637): Bottom: 0
06-12 23:29:54.313 D/DigitalSignage(  637): else - Package Name :: null left : 0 right :: 0 top :: 0 bottom :: 0 dfu-right :: 1920 dfu-bottom :: 1080
06-12 23:29:54.318 D/ActivityManager(  637): JioHomeManagerService :: StateFrom :: INITIALIZING StateTo :: RESUMED Activity :: in.startv.hotstar/com.hotstar.MainActivity Action :: com.jio.remote.action.applaunch
06-12 23:29:54.327 V/DigitalSignage(  637): Package Name: null
06-12 23:29:54.327 V/DigitalSignage(  637): Left: 0
06-12 23:29:54.327 V/DigitalSignage(  637): Right: 0
06-12 23:29:54.327 V/DigitalSignage(  637): Top: 0
06-12 23:29:54.327 V/DigitalSignage(  637): Bottom: 0
06-12 23:29:54.327 D/DigitalSignage(  637): else - Package Name :: null left : 0 right :: 0 top :: 0 bottom :: 0 dfu-right :: 1920 dfu-bottom :: 1080
06-12 23:29:54.715 V/DigitalSignage(  637): Package Name: null
06-12 23:29:54.715 V/DigitalSignage(  637): Left: 0
06-12 23:29:54.715 V/DigitalSignage(  637): Right: 0
06-12 23:29:54.715 V/DigitalSignage(  637): Top: 0
06-12 23:29:54.715 V/DigitalSignage(  637): Bottom: 0
06-12 23:29:54.715 D/DigitalSignage(  637): else - Package Name :: null left : 0 right :: 0 top :: 0 bottom :: 0 dfu-right :: 1920 dfu-bottom :: 1080
06-12 23:29:54.764 W/[ 3961.883439@3]  RTW(    0): fill_default_txdesc(wlan0): SP Packet(0x0806) rate=0x4 SeqNum = 2959
06-12 23:29:54.760 V/DigitalSignage(  637): Package Name: null
06-12 23:29:54.760 V/DigitalSignage(  637): Left: 0
06-12 23:29:54.760 V/DigitalSignage(  637): Right: 0
06-12 23:29:54.760 V/DigitalSignage(  637): Top: 0
06-12 23:29:54.760 V/DigitalSignage(  637): Bottom: 0
06-12 23:29:54.760 D/DigitalSignage(  637): else - Package Name :: null left : 0 right :: 0 top :: 0 bottom :: 0 dfu-right :: 1920 dfu-bottom :: 1080
06-12 23:29:54.973 D/ConnectivityService(  637): NetReassign [no changes]
06-12 23:29:55.209 D/CompatibilityChangeReporter(  637): Compat change id reported: 136274596; UID 10072; state: ENABLED
06-12 23:29:55.289 V/DigitalSignage(  637): Package Name: null
06-12 23:29:55.289 V/DigitalSignage(  637): Left: 0
06-12 23:29:55.289 V/DigitalSignage(  637): Right: 0
06-12 23:29:55.289 V/DigitalSignage(  637): Top: 0
06-12 23:29:55.289 V/DigitalSignage(  637): Bottom: 0
06-12 23:29:55.290 D/DigitalSignage(  637): else - Package Name :: null left : 0 right :: 0 top :: 0 bottom :: 0 dfu-right :: 1920 dfu-bottom :: 1080
06-12 23:29:55.290 V/DigitalSignage(  637): Package Name: null
06-12 23:29:55.290 V/DigitalSignage(  637): Left: 0
06-12 23:29:55.290 V/DigitalSignage(  637): Right: 0
06-12 23:29:55.290 V/DigitalSignage(  637): Top: 0
06-12 23:29:55.290 V/DigitalSignage(  637): Bottom: 0
06-12 23:29:55.290 D/DigitalSignage(  637): else - Package Name :: null left : 0 right :: 0 top :: 0 bottom :: 0 dfu-right :: 1920 dfu-bottom :: 1080
06-12 23:29:55.400 V/DigitalSignage(  637): Package Name: null
06-12 23:29:55.401 V/DigitalSignage(  637): Left: 0
06-12 23:29:55.401 V/DigitalSignage(  637): Right: 0
06-12 23:29:55.401 V/DigitalSignage(  637): Top: 0
06-12 23:29:55.401 V/DigitalSignage(  637): Bottom: 0
06-12 23:29:55.401 D/DigitalSignage(  637): else - Package Name :: null left : 0 right :: 0 top :: 0 bottom :: 0 dfu-right :: 1920 dfu-bottom :: 1080
06-12 23:29:55.402 V/DigitalSignage(  637): Package Name: null
06-12 23:29:55.402 V/DigitalSignage(  637): Left: 0
06-12 23:29:55.402 V/DigitalSignage(  637): Right: 0
06-12 23:29:55.402 V/DigitalSignage(  637): Top: 0
06-12 23:29:55.402 V/DigitalSignage(  637): Bottom: 0
06-12 23:29:55.402 D/DigitalSignage(  637): else - Package Name :: null left : 0 right :: 0 top :: 0 bottom :: 0 dfu-right :: 1920 dfu-bottom :: 1080
06-12 23:29:55.404 V/DigitalSignage(  637): Package Name: null
06-12 23:29:55.404 V/DigitalSignage(  637): Left: 0
06-12 23:29:55.404 V/DigitalSignage(  637): Right: 0
06-12 23:29:55.404 V/DigitalSignage(  637): Top: 0
06-12 23:29:55.405 V/DigitalSignage(  637): Bottom: 0
06-12 23:29:55.405 D/DigitalSignage(  637): else - Package Name :: null left : 0 right :: 0 top :: 0 bottom :: 0 dfu-right :: 1920 dfu-bottom :: 1080
06-12 23:29:55.405 V/DigitalSignage(  637): Package Name: null
06-12 23:29:55.405 V/DigitalSignage(  637): Left: 0
06-12 23:29:55.405 V/DigitalSignage(  637): Right: 0
06-12 23:29:55.405 V/DigitalSignage(  637): Top: 0
06-12 23:29:55.405 V/DigitalSignage(  637): Bottom: 0
06-12 23:29:55.405 D/DigitalSignage(  637): else - Package Name :: null left : 0 right :: 0 top :: 0 bottom :: 0 dfu-right :: 1920 dfu-bottom :: 1080
06-12 23:29:55.432 V/DigitalSignage(  637): Package Name: null
06-12 23:29:55.433 V/DigitalSignage(  637): Left: 0
06-12 23:29:55.433 V/DigitalSignage(  637): Right: 0
06-12 23:29:55.433 V/DigitalSignage(  637): Top: 0
06-12 23:29:55.433 V/DigitalSignage(  637): Bottom: 0
06-12 23:29:55.433 D/DigitalSignage(  637): else - Package Name :: null left : 0 right :: 0 top :: 0 bottom :: 0 dfu-right :: 1920 dfu-bottom :: 1080
06-12 23:29:55.433 V/DigitalSignage(  637): Package Name: null
06-12 23:29:55.433 V/DigitalSignage(  637): Left: 0
06-12 23:29:55.433 V/DigitalSignage(  637): Right: 0
06-12 23:29:55.433 V/DigitalSignage(  637): Top: 0
06-12 23:29:55.433 V/DigitalSignage(  637): Bottom: 0
06-12 23:29:55.433 D/DigitalSignage(  637): else - Package Name :: null left : 0 right :: 0 top :: 0 bottom :: 0 dfu-right :: 1920 dfu-bottom :: 1080
06-12 23:29:55.598 V/DigitalSignage(  637): Package Name: null
06-12 23:29:55.598 V/DigitalSignage(  637): Left: 0
06-12 23:29:55.598 V/DigitalSignage(  637): Right: 0
06-12 23:29:55.598 V/DigitalSignage(  637): Top: 0
06-12 23:29:55.598 V/DigitalSignage(  637): Bottom: 0
06-12 23:29:55.598 D/DigitalSignage(  637): else - Package Name :: null left : 0 right :: 0 top :: 0 bottom :: 0 dfu-right :: 1920 dfu-bottom :: 1080
06-12 23:29:55.614 V/DigitalSignage(  637): Package Name: null
06-12 23:29:55.614 V/DigitalSignage(  637): Left: 0
06-12 23:29:55.614 V/DigitalSignage(  637): Right: 0
06-12 23:29:55.614 V/DigitalSignage(  637): Top: 0
06-12 23:29:55.614 V/DigitalSignage(  637): Bottom: 0
06-12 23:29:55.614 D/DigitalSignage(  637): else - Package Name :: null left : 0 right :: 0 top :: 0 bottom :: 0 dfu-right :: 1920 dfu-bottom :: 1080
06-12 23:29:56.249 V/DigitalSignage(  637): Package Name: null
06-12 23:29:56.249 V/DigitalSignage(  637): Left: 0
06-12 23:29:56.249 V/DigitalSignage(  637): Right: 0
06-12 23:29:56.249 V/DigitalSignage(  637): Top: 0
06-12 23:29:56.249 V/DigitalSignage(  637): Bottom: 0
06-12 23:29:56.249 D/DigitalSignage(  637): else - Package Name :: null left : 0 right :: 0 top :: 0 bottom :: 0 dfu-right :: 1920 dfu-bottom :: 1080
--------- beginning of crash
06-12 23:29:56.696 F/linker  (24040): CANNOT LINK EXECUTABLE "/system/bin/smartcable/smartCableSTBApp": library "libmosquitto.so" not found: needed by main executable
06-12 23:29:58.192 E/TaskPersister(  637): File error accessing recents directory (directory doesn't exist?).
06-12 23:29:59.075 V/DigitalSignage(  637): Package Name: null
06-12 23:29:59.075 V/DigitalSignage(  637): Left: 0
06-12 23:29:59.075 V/DigitalSignage(  637): Right: 0
06-12 23:29:59.075 V/DigitalSignage(  637): Top: 0
06-12 23:29:59.075 V/DigitalSignage(  637): Bottom: 0
06-12 23:29:59.076 D/DigitalSignage(  637): else - Package Name :: null left : 0 right :: 0 top :: 0 bottom :: 0 dfu-right :: 1920 dfu-bottom :: 1080
06-12 23:29:59.243 W/[ 3966.361345@2]  RTW(    0): fill_default_txdesc(wlan0): SP Packet(0x0806) rate=0x4 SeqNum = 466
06-12 23:30:01.707 F/linker  (24060): CANNOT LINK EXECUTABLE "/system/bin/smartcable/smartCableSTBApp": library "libmosquitto.so" not found: needed by main executable
06-12 23:30:02.902 V/DigitalSignage(  637): Package Name: null
06-12 23:30:02.902 V/DigitalSignage(  637): Left: 0
06-12 23:30:02.902 V/DigitalSignage(  637): Right: 0
06-12 23:30:02.902 V/DigitalSignage(  637): Top: 0
06-12 23:30:02.902 V/DigitalSignage(  637): Bottom: 0
06-12 23:30:02.902 D/DigitalSignage(  637): else - Package Name :: null left : 0 right :: 0 top :: 0 bottom :: 0 dfu-right :: 1920 dfu-bottom :: 1080
06-12 23:30:02.916 V/DigitalSignage(  637): Package Name: null
06-12 23:30:02.916 V/DigitalSignage(  637): Left: 0
06-12 23:30:02.916 V/DigitalSignage(  637): Right: 0
06-12 23:30:02.916 V/DigitalSignage(  637): Top: 0
06-12 23:30:02.916 V/DigitalSignage(  637): Bottom: 0
06-12 23:30:02.916 D/DigitalSignage(  637): else - Package Name :: null left : 0 right :: 0 top :: 0 bottom :: 0 dfu-right :: 1920 dfu-bottom :: 1080
06-12 23:30:04.291 W/[ 3971.411849@0]  RTW(    0): fill_default_txdesc(wlan0): SP Packet(0x0806) rate=0x4 SeqNum = 1859
06-12 23:30:04.599 W/[ 3971.716804@0]  RTW(    0): Turbo EDCA =0xa42b
06-12 23:30:04.609 D/AutofillManagerService(  637): onBackKeyPressed()
06-12 23:30:06.615 W/[ 3973.732581@3]  RTW(    0): Turbo EDCA =0x5ea42b
06-12 23:30:06.699 F/linker  (24100): CANNOT LINK EXECUTABLE "/system/bin/smartcable/smartCableSTBApp": library "libmosquitto.so" not found: needed by main executable
06-12 23:30:06.860 V/DigitalSignage(  637): Package Name: null
06-12 23:30:06.861 V/DigitalSignage(  637): Left: 0
06-12 23:30:06.861 V/DigitalSignage(  637): Right: 0
06-12 23:30:06.861 V/DigitalSignage(  637): Top: 0
06-12 23:30:06.861 V/DigitalSignage(  637): Bottom: 0
06-12 23:30:06.861 D/DigitalSignage(  637): else - Package Name :: null left : 0 right :: 0 top :: 0 bottom :: 0 dfu-right :: 1920 dfu-bottom :: 1080
06-12 23:30:07.177 V/DigitalSignage(  637): Package Name: null
06-12 23:30:07.177 V/DigitalSignage(  637): Left: 0
06-12 23:30:07.177 V/DigitalSignage(  637): Right: 0
06-12 23:30:07.177 V/DigitalSignage(  637): Top: 0
06-12 23:30:07.177 V/DigitalSignage(  637): Bottom: 0
06-12 23:30:07.177 D/DigitalSignage(  637): else - Package Name :: null left : 0 right :: 0 top :: 0 bottom :: 0 dfu-right :: 1920 dfu-bottom :: 1080
06-12 23:30:08.269 V/DigitalSignage(  637): Package Name: null
06-12 23:30:08.270 V/DigitalSignage(  637): Left: 0
06-12 23:30:08.270 V/DigitalSignage(  637): Right: 0
06-12 23:30:08.270 V/DigitalSignage(  637): Top: 0
06-12 23:30:08.270 V/DigitalSignage(  637): Bottom: 0
06-12 23:30:08.270 D/DigitalSignage(  637): else - Package Name :: null left : 0 right :: 0 top :: 0 bottom :: 0 dfu-right :: 1920 dfu-bottom :: 1080
06-12 23:30:08.282 V/DigitalSignage(  637): Package Name: null
06-12 23:30:08.282 V/DigitalSignage(  637): Left: 0
06-12 23:30:08.282 V/DigitalSignage(  637): Right: 0
06-12 23:30:08.282 V/DigitalSignage(  637): Top: 0
06-12 23:30:08.282 V/DigitalSignage(  637): Bottom: 0
06-12 23:30:08.282 D/DigitalSignage(  637): else - Package Name :: null left : 0 right :: 0 top :: 0 bottom :: 0 dfu-right :: 1920 dfu-bottom :: 1080
06-12 23:30:08.282 V/DigitalSignage(  637): Package Name: null
06-12 23:30:08.282 V/DigitalSignage(  637): Left: 0
06-12 23:30:08.282 V/DigitalSignage(  637): Right: 0
06-12 23:30:08.282 V/DigitalSignage(  637): Top: 0
06-12 23:30:08.282 V/DigitalSignage(  637): Bottom: 0
06-12 23:30:08.283 D/DigitalSignage(  637): else - Package Name :: null left : 0 right :: 0 top :: 0 bottom :: 0 dfu-right :: 1920 dfu-bottom :: 1080
06-12 23:30:08.338 V/DigitalSignage(  637): Package Name: null
06-12 23:30:08.338 V/DigitalSignage(  637): Left: 0
06-12 23:30:08.338 V/DigitalSignage(  637): Right: 0
06-12 23:30:08.338 V/DigitalSignage(  637): Top: 0
06-12 23:30:08.338 V/DigitalSignage(  637): Bottom: 0
06-12 23:30:08.338 D/DigitalSignage(  637): else - Package Name :: null left : 0 right :: 0 top :: 0 bottom :: 0 dfu-right :: 1920 dfu-bottom :: 1080
06-12 23:30:08.339 V/DigitalSignage(  637): Package Name: null
06-12 23:30:08.339 V/DigitalSignage(  637): Left: 0
06-12 23:30:08.339 V/DigitalSignage(  637): Right: 0
06-12 23:30:08.339 V/DigitalSignage(  637): Top: 0
06-12 23:30:08.339 V/DigitalSignage(  637): Bottom: 0
06-12 23:30:08.342 D/DigitalSignage(  637): else - Package Name :: null left : 0 right :: 0 top :: 0 bottom :: 0 dfu-right :: 1920 dfu-bottom :: 1080
06-12 23:30:08.365 V/DigitalSignage(  637): Package Name: null
06-12 23:30:08.366 V/DigitalSignage(  637): Left: 0
06-12 23:30:08.366 V/DigitalSignage(  637): Right: 0
06-12 23:30:08.366 V/DigitalSignage(  637): Top: 0
06-12 23:30:08.366 V/DigitalSignage(  637): Bottom: 0
06-12 23:30:08.366 D/DigitalSignage(  637): else - Package Name :: null left : 0 right :: 0 top :: 0 bottom :: 0 dfu-right :: 1920 dfu-bottom :: 1080
06-12 23:30:08.366 V/DigitalSignage(  637): Package Name: null
06-12 23:30:08.366 V/DigitalSignage(  637): Left: 0
06-12 23:30:08.366 V/DigitalSignage(  637): Right: 0
06-12 23:30:08.366 V/DigitalSignage(  637): Top: 0
06-12 23:30:08.366 V/DigitalSignage(  637): Bottom: 0
06-12 23:30:08.366 D/DigitalSignage(  637): else - Package Name :: null left : 0 right :: 0 top :: 0 bottom :: 0 dfu-right :: 1920 dfu-bottom :: 1080
06-12 23:30:08.377 V/DigitalSignage(  637): Package Name: null
06-12 23:30:08.377 V/DigitalSignage(  637): Left: 0
06-12 23:30:08.377 V/DigitalSignage(  637): Right: 0
06-12 23:30:08.377 V/DigitalSignage(  637): Top: 0
06-12 23:30:08.377 V/DigitalSignage(  637): Bottom: 0
06-12 23:30:08.378 D/DigitalSignage(  637): else - Package Name :: null left : 0 right :: 0 top :: 0 bottom :: 0 dfu-right :: 1920 dfu-bottom :: 1080
06-12 23:30:08.378 V/DigitalSignage(  637): Package Name: null
06-12 23:30:08.378 V/DigitalSignage(  637): Left: 0
06-12 23:30:08.378 V/DigitalSignage(  637): Right: 0
06-12 23:30:08.378 V/DigitalSignage(  637): Top: 0
06-12 23:30:08.378 V/DigitalSignage(  637): Bottom: 0
06-12 23:30:08.378 D/DigitalSignage(  637): else - Package Name :: null left : 0 right :: 0 top :: 0 bottom :: 0 dfu-right :: 1920 dfu-bottom :: 1080
06-12 23:30:08.419 V/DigitalSignage(  637): Package Name: null
06-12 23:30:08.419 V/DigitalSignage(  637): Left: 0
06-12 23:30:08.419 V/DigitalSignage(  637): Right: 0
06-12 23:30:08.420 V/DigitalSignage(  637): Top: 0
06-12 23:30:08.420 V/DigitalSignage(  637): Bottom: 0
06-12 23:30:08.420 D/DigitalSignage(  637): else - Package Name :: null left : 0 right :: 0 top :: 0 bottom :: 0 dfu-right :: 1920 dfu-bottom :: 1080
06-12 23:30:08.420 V/DigitalSignage(  637): Package Name: null
06-12 23:30:08.420 V/DigitalSignage(  637): Left: 0
06-12 23:30:08.420 V/DigitalSignage(  637): Right: 0
06-12 23:30:08.420 V/DigitalSignage(  637): Top: 0
06-12 23:30:08.420 V/DigitalSignage(  637): Bottom: 0
06-12 23:30:08.420 D/DigitalSignage(  637): else - Package Name :: null left : 0 right :: 0 top :: 0 bottom :: 0 dfu-right :: 1920 dfu-bottom :: 1080
06-12 23:30:08.426 V/DigitalSignage(  637): Package Name: null
06-12 23:30:08.426 V/DigitalSignage(  637): Left: 0
06-12 23:30:08.426 V/DigitalSignage(  637): Right: 0
06-12 23:30:08.426 V/DigitalSignage(  637): Top: 0
06-12 23:30:08.426 V/DigitalSignage(  637): Bottom: 0
06-12 23:30:08.426 D/DigitalSignage(  637): else - Package Name :: null left : 0 right :: 0 top :: 0 bottom :: 0 dfu-right :: 1920 dfu-bottom :: 1080
06-12 23:30:08.426 V/DigitalSignage(  637): Package Name: null
06-12 23:30:08.426 V/DigitalSignage(  637): Left: 0
06-12 23:30:08.426 V/DigitalSignage(  637): Right: 0
06-12 23:30:08.426 V/DigitalSignage(  637): Top: 0
06-12 23:30:08.426 V/DigitalSignage(  637): Bottom: 0
06-12 23:30:08.427 D/DigitalSignage(  637): else - Package Name :: null left : 0 right :: 0 top :: 0 bottom :: 0 dfu-right :: 1920 dfu-bottom :: 1080
06-12 23:30:09.483 W/[ 3976.601485@3]  RTW(    0): fill_default_txdesc(wlan0): SP Packet(0x0806) rate=0x4 SeqNum = 3372
06-12 23:30:09.559 V/DigitalSignage(  637): Package Name: null
06-12 23:30:09.559 V/DigitalSignage(  637): Left: 0
06-12 23:30:09.559 V/DigitalSignage(  637): Right: 0
06-12 23:30:09.559 V/DigitalSignage(  637): Top: 0
06-12 23:30:09.559 V/DigitalSignage(  637): Bottom: 0
06-12 23:30:09.559 D/DigitalSignage(  637): else - Package Name :: null left : 0 right :: 0 top :: 0 bottom :: 0 dfu-right :: 1920 dfu-bottom :: 1080
06-12 23:30:09.559 V/DigitalSignage(  637): Package Name: null
06-12 23:30:09.559 V/DigitalSignage(  637): Left: 0
06-12 23:30:09.559 V/DigitalSignage(  637): Right: 0
06-12 23:30:09.559 V/DigitalSignage(  637): Top: 0
06-12 23:30:09.559 V/DigitalSignage(  637): Bottom: 0
06-12 23:30:09.560 D/DigitalSignage(  637): else - Package Name :: null left : 0 right :: 0 top :: 0 bottom :: 0 dfu-right :: 1920 dfu-bottom :: 1080
06-12 23:30:09.900 V/DigitalSignage(  637): Package Name: null
06-12 23:30:09.900 V/DigitalSignage(  637): Left: 0
06-12 23:30:09.900 V/DigitalSignage(  637): Right: 0
06-12 23:30:09.900 V/DigitalSignage(  637): Top: 0
06-12 23:30:09.900 V/DigitalSignage(  637): Bottom: 0
06-12 23:30:09.900 D/DigitalSignage(  637): else - Package Name :: null left : 0 right :: 0 top :: 0 bottom :: 0 dfu-right :: 1920 dfu-bottom :: 1080
06-12 23:30:09.900 V/DigitalSignage(  637): Package Name: null
06-12 23:30:09.900 V/DigitalSignage(  637): Left: 0
06-12 23:30:09.900 V/DigitalSignage(  637): Right: 0
06-12 23:30:09.900 V/DigitalSignage(  637): Top: 0
06-12 23:30:09.900 V/DigitalSignage(  637): Bottom: 0
06-12 23:30:09.900 D/DigitalSignage(  637): else - Package Name :: null left : 0 right :: 0 top :: 0 bottom :: 0 dfu-right :: 1920 dfu-bottom :: 1080
06-12 23:30:10.650 D/AutofillManagerService(  637): onBackKeyPressed()
06-12 23:30:10.662 V/DigitalSignage(  637): Package Name: null
06-12 23:30:10.662 V/DigitalSignage(  637): Left: 0
06-12 23:30:10.662 V/DigitalSignage(  637): Right: 0
06-12 23:30:10.662 V/DigitalSignage(  637): Top: 0
06-12 23:30:10.662 V/DigitalSignage(  637): Bottom: 0
06-12 23:30:10.662 D/DigitalSignage(  637): else - Package Name :: null left : 0 right :: 0 top :: 0 bottom :: 0 dfu-right :: 1920 dfu-bottom :: 1080
06-12 23:30:10.662 V/DigitalSignage(  637): Package Name: null
06-12 23:30:10.663 V/DigitalSignage(  637): Left: 0
06-12 23:30:10.663 V/DigitalSignage(  637): Right: 0
06-12 23:30:10.663 V/DigitalSignage(  637): Top: 0
06-12 23:30:10.663 V/DigitalSignage(  637): Bottom: 0
06-12 23:30:10.663 D/DigitalSignage(  637): else - Package Name :: null left : 0 right :: 0 top :: 0 bottom :: 0 dfu-right :: 1920 dfu-bottom :: 1080
06-12 23:30:10.689 V/DigitalSignage(  637): Package Name: null
06-12 23:30:10.689 V/DigitalSignage(  637): Left: 0
06-12 23:30:10.689 V/DigitalSignage(  637): Right: 0
06-12 23:30:10.689 V/DigitalSignage(  637): Top: 0
06-12 23:30:10.690 V/DigitalSignage(  637): Bottom: 0
06-12 23:30:10.690 D/DigitalSignage(  637): else - Package Name :: null left : 0 right :: 0 top :: 0 bottom :: 0 dfu-right :: 1920 dfu-bottom :: 1080
06-12 23:30:10.691 V/DigitalSignage(  637): Package Name: null
06-12 23:30:10.691 V/DigitalSignage(  637): Left: 0
06-12 23:30:10.691 V/DigitalSignage(  637): Right: 0
06-12 23:30:10.691 V/DigitalSignage(  637): Top: 0
06-12 23:30:10.692 V/DigitalSignage(  637): Bottom: 0
06-12 23:30:10.692 D/DigitalSignage(  637): else - Package Name :: null left : 0 right :: 0 top :: 0 bottom :: 0 dfu-right :: 1920 dfu-bottom :: 1080
06-12 23:30:10.697 V/DigitalSignage(  637): Package Name: null
06-12 23:30:10.697 V/DigitalSignage(  637): Left: 0
06-12 23:30:10.697 V/DigitalSignage(  637): Right: 0
06-12 23:30:10.697 V/DigitalSignage(  637): Top: 0
06-12 23:30:10.697 V/DigitalSignage(  637): Bottom: 0
06-12 23:30:10.698 D/DigitalSignage(  637): else - Package Name :: null left : 0 right :: 0 top :: 0 bottom :: 0 dfu-right :: 1920 dfu-bottom :: 1080
06-12 23:30:10.698 V/DigitalSignage(  637): Package Name: null
06-12 23:30:10.698 V/DigitalSignage(  637): Left: 0
06-12 23:30:10.698 V/DigitalSignage(  637): Right: 0
06-12 23:30:10.698 V/DigitalSignage(  637): Top: 0
06-12 23:30:10.698 V/DigitalSignage(  637): Bottom: 0
06-12 23:30:10.698 D/DigitalSignage(  637): else - Package Name :: null left : 0 right :: 0 top :: 0 bottom :: 0 dfu-right :: 1920 dfu-bottom :: 1080
06-12 23:30:10.804 W/WindowManager(  637): removeWindowToken: Attempted to remove non-existing token: android.os.Binder@8d16b94
06-12 23:30:10.820 V/DigitalSignage(  637): Package Name: null
06-12 23:30:10.821 V/DigitalSignage(  637): Left: 0
06-12 23:30:10.821 V/DigitalSignage(  637): Right: 0
06-12 23:30:10.821 V/DigitalSignage(  637): Top: 0
06-12 23:30:10.821 V/DigitalSignage(  637): Bottom: 0
06-12 23:30:10.821 D/DigitalSignage(  637): else - Package Name :: null left : 0 right :: 0 top :: 0 bottom :: 0 dfu-right :: 1920 dfu-bottom :: 1080
06-12 23:30:10.821 V/DigitalSignage(  637): Package Name: null
06-12 23:30:10.821 V/DigitalSignage(  637): Left: 0
06-12 23:30:10.821 V/DigitalSignage(  637): Right: 0
06-12 23:30:10.821 V/DigitalSignage(  637): Top: 0
06-12 23:30:10.821 V/DigitalSignage(  637): Bottom: 0
06-12 23:30:10.822 D/DigitalSignage(  637): else - Package Name :: null left : 0 right :: 0 top :: 0 bottom :: 0 dfu-right :: 1920 dfu-bottom :: 1080
06-12 23:30:10.830 I/ActivityManager(  637): Force stopping io.appium.uiautomator2.server appid=10096 user=0: finished inst
06-12 23:30:10.833 I/ActivityManager(  637): Killing 23842:io.appium.uiautomator2.server/u0a96 (adj 0): stop io.appium.uiautomator2.server due to finished inst
06-12 23:30:10.883 I/[ 3978.003149@2]  binder(    0): undelivered TRANSACTION_COMPLETE
06-12 23:30:10.883 I/[ 3978.003167@2]  binder(    0): undelivered transaction 2255659, process died.
06-12 23:30:10.897 V/DigitalSignage(  637): Package Name: null
06-12 23:30:10.897 V/DigitalSignage(  637): Left: 0
06-12 23:30:10.897 V/DigitalSignage(  637): Right: 0
06-12 23:30:10.897 V/DigitalSignage(  637): Top: 0
06-12 23:30:10.897 V/DigitalSignage(  637): Bottom: 0
06-12 23:30:10.897 D/DigitalSignage(  637): else - Package Name :: null left : 0 right :: 0 top :: 0 bottom :: 0 dfu-right :: 1920 dfu-bottom :: 1080
06-12 23:30:10.991 I/[ 3978.111282@2]  binder(    0): release 23823:23841 transaction 2255652 in, still active
06-12 23:30:10.991 I/[ 3978.111295@2]  binder(    0): send failed reply for transaction 2255652 to 637:24148
06-12 23:30:10.995 I/ActivityManager(  637): Failure reporting to instrumentation watcher: comp=ComponentInfo{io.appium.uiautomator2.server.test/androidx.test.runner.AndroidJUnitRunner} results=Bundle[mParcelledData.dataSize=92]
06-12 23:30:11.033 I/ActivityManager(  637): Force stopping io.appium.uiautomator2.server.test appid=10095 user=0: from pid 24159
06-12 23:30:11.042 I/ActivityManager(  637): Force stopping io.appium.uiautomator2.server appid=10096 user=0: from pid 24158
06-12 23:30:11.703 F/linker  (24184): CANNOT LINK EXECUTABLE "/system/bin/smartcable/smartCableSTBApp": library "libmosquitto.so" not found: needed by main executable
06-12 23:30:14.215 W/[ 3981.335517@3]  audit(    0): audit_lost=4024 audit_rate_limit=5 audit_backlog_limit=64
06-12 23:30:14.215 E/[ 3981.335523@3]  audit(    0): rate limit exceeded
06-12 23:30:14.595 W/[ 3981.713105@1]  RTW(    0): fill_default_txdesc(wlan0): SP Packet(0x0806) rate=0x4 SeqNum = 83
06-12 23:30:15.295 W/[ 3982.416093@3]  audit(    0): audit_lost=4138 audit_rate_limit=5 audit_backlog_limit=64
06-12 23:30:15.295 E/[ 3982.416103@3]  audit(    0): rate limit exceeded
06-12 23:30:16.709 F/linker  (24202): CANNOT LINK EXECUTABLE "/system/bin/smartcable/smartCableSTBApp": library "libmosquitto.so" not found: needed by main executable
06-12 23:30:19.563 W/[ 3986.681403@2]  RTW(    0): fill_default_txdesc(wlan0): SP Packet(0x0806) rate=0x4 SeqNum = 335
06-12 23:30:21.710 F/linker  (24211): CANNOT LINK EXECUTABLE "/system/bin/smartcable/smartCableSTBApp": library "libmosquitto.so" not found: needed by main executable
06-12 23:30:24.215 W/[ 3991.335999@2]  RTW(    0): fill_default_txdesc(wlan0): SP Packet(0x0806) rate=0x4 SeqNum = 587
06-12 23:30:26.120 W/[ 3993.239924@1]  RTW(    0): cfg80211_rtw_scan(wlan0)
06-12 23:30:26.120 W/[ 3993.239942@1]  RTW(    0): cfg80211_rtw_scan (wlan0) tx:48, rx:27, bi:75 kbps, disallow(0)
06-12 23:30:26.127 W/[ 3993.245625@1]  RTW(    0): [HW_VAR_CHECK_TXBUF] Empty in 4 ms
06-12 23:30:26.127 W/[ 3993.245810@3]  RTW(    0): wlan0 sleep m0=0x00000003, ori reg_0x4d4=0x00000000
06-12 23:30:26.722 F/linker  (24248): CANNOT LINK EXECUTABLE "/system/bin/smartcable/smartCableSTBApp": library "libmosquitto.so" not found: needed by main executable
06-12 23:30:26.815 W/[ 3993.932873@0]  RTW(    0): LeaveAllPowerSaveModeDirect.....
06-12 23:30:26.815 W/[ 3993.932896@0]  RTW(    0): LeaveAllPowerSaveModeDirect: Driver Already Leave LPS
06-12 23:30:26.815 W/[ 3993.932912@0]  RTW(    0): rtw_hal_set_macaddr_port wlan0- hw port(0) mac_addr =a8:71:16:66:28:c6
06-12 23:30:26.815 W/[ 3993.933253@0]  RTW(    0): wlan0- hw port(0) mac_addr =a8:71:16:66:28:c6
06-12 23:30:26.815 W/[ 3993.933407@0]  RTW(    0): p2p0- hw port(1) mac_addr =aa:71:16:66:28:c6
06-12 23:30:26.823 W/[ 3993.940881@3]  RTW(    0): wlan0 wakeup m0=0x00000003, ori reg_0x4d4=0x00000003
06-12 23:30:26.823 W/[ 3993.941788@3]  RTW(    0): survey done event(3c) band:0 for wlan0
06-12 23:30:26.823 W/        (    0): [ 3993.941804@3]  ========== ACS (VER-3) ==========
06-12 23:30:26.823 W/        (    0): [ 3993.941810@3]  Best 24G Channel:3
06-12 23:30:26.823 W/        (    0): [ 3993.941815@3]  Best 5G Channel:40
06-12 23:30:26.823 W/        (    0): [ 3993.941815@3]
06-12 23:30:26.823 W/[ 3993.941898@3]  RTW(    0): rtw_indicate_scan_done(wlan0)
06-12 23:30:29.235 W/[ 3996.353148@0]  RTW(    0): fill_default_txdesc(wlan0): SP Packet(0x0806) rate=0x4 SeqNum = 930
06-12 23:30:30.807 W/[ 3997.924565@1]  RTW(    0): Turbo EDCA =0xa42b
06-12 23:30:31.720 F/linker  (24260): CANNOT LINK EXECUTABLE "/system/bin/smartcable/smartCableSTBApp": library "libmosquitto.so" not found: needed by main executable
06-12 23:30:32.823 W/[ 3999.940570@3]  RTW(    0): Turbo EDCA =0x5ea42b
06-12 23:30:34.227 W/[ 4001.344983@1]  RTW(    0): fill_default_txdesc(wlan0): SP Packet(0x0806) rate=0x4 SeqNum = 1220
06-12 23:30:36.726 F/linker  (24271): CANNOT LINK EXECUTABLE "/system/bin/smartcable/smartCableSTBApp": library "libmosquitto.so" not found: needed by main executable
06-12 23:30:38.871 W/[ 4005.988720@3]  RTW(    0): Turbo EDCA =0xa42b
06-12 23:30:39.327 W/[ 4006.445727@3]  RTW(    0): fill_default_txdesc(wlan0): SP Packet(0x0806) rate=0x4 SeqNum = 1535
06-12 23:30:40.887 W/[ 4008.004620@1]  RTW(    0): Turbo EDCA =0x5ea42b
06-12 23:30:41.731 F/linker  (24285): CANNOT LINK EXECUTABLE "/system/bin/smartcable/smartCableSTBApp": library "libmosquitto.so" not found: needed by main executable
06-12 23:30:44.403 W/[ 4011.522336@1]  RTW(    0): fill_default_txdesc(wlan0): SP Packet(0x0806) rate=0x4 SeqNum = 1779
06-12 23:30:46.737 F/linker  (24294): CANNOT LINK EXECUTABLE "/system/bin/smartcable/smartCableSTBApp": library "libmosquitto.so" not found: needed by main executable
06-12 23:30:49.455 W/[ 4016.576166@1]  RTW(    0): fill_default_txdesc(wlan0): SP Packet(0x0806) rate=0x4 SeqNum = 2076
06-12 23:30:51.746 F/linker  (24307): CANNOT LINK EXECUTABLE "/system/bin/smartcable/smartCableSTBApp": library "libmosquitto.so" not found: needed by main executable
06-12 23:30:53.591 W/[ 4020.708592@1]  RTW(    0): fill_default_txdesc(wlan0): SP Packet(0x0806) rate=0x4 SeqNum = 2298
06-12 23:30:54.495 W/[ 4021.615735@0]  RTW(    0): fill_default_txdesc(wlan0): SP Packet(0x0806) rate=0x4 SeqNum = 2391
06-12 23:30:54.999 W/[ 4022.116761@2]  RTW(    0): Turbo EDCA =0xa42b
06-12 23:30:56.749 F/linker  (24316): CANNOT LINK EXECUTABLE "/system/bin/smartcable/smartCableSTBApp": library "libmosquitto.so" not found: needed by main executable
06-12 23:30:57.015 W/[ 4024.132589@1]  RTW(    0): Turbo EDCA =0x5ea42b
06-12 23:30:59.647 W/[ 4026.764580@1]  RTW(    0): fill_default_txdesc(wlan0): SP Packet(0x0806) rate=0x4 SeqNum = 2742
06-12 23:31:01.757 F/linker  (24336): CANNOT LINK EXECUTABLE "/system/bin/smartcable/smartCableSTBApp": library "libmosquitto.so" not found: needed by main executable
06-12 23:31:03.063 W/[ 4030.180774@2]  RTW(    0): Turbo EDCA =0xa42b
06-12 23:31:04.707 W/[ 4031.825752@1]  RTW(    0): fill_default_txdesc(wlan0): SP Packet(0x0806) rate=0x4 SeqNum = 3073
06-12 23:31:05.079 W/[ 4032.196564@1]  RTW(    0): Turbo EDCA =0x5ea42b
06-12 23:31:06.299 W/[ 4033.418264@0]  RTW(    0): fill_default_txdesc(wlan0): SP Packet(0x0806) rate=0x4 SeqNum = 3161
06-12 23:31:06.391 W/[ 4033.508557@1]  RTW(    0): fill_default_txdesc(wlan0): SP Packet(0x0806) rate=0x4 SeqNum = 3165
06-12 23:31:06.765 F/linker  (24346): CANNOT LINK EXECUTABLE "/system/bin/smartcable/smartCableSTBApp": library "libmosquitto.so" not found: needed by main executable
06-12 23:31:07.535 W/[ 4034.653806@2]  RTW(    0): fill_default_txdesc(wlan0): SP Packet(0x0806) rate=0x4 SeqNum = 3244
06-12 23:31:07.671 W/[ 4034.788649@2]  RTW(    0): fill_default_txdesc(wlan0): SP Packet(0x0806) rate=0x4 SeqNum = 3258
06-12 23:31:09.795 W/[ 4036.914375@3]  RTW(    0): fill_default_txdesc(wlan0): SP Packet(0x0806) rate=0x4 SeqNum = 3371
06-12 23:31:11.769 F/linker  (24361): CANNOT LINK EXECUTABLE "/system/bin/smartcable/smartCableSTBApp": library "libmosquitto.so" not found: needed by main executable
06-12 23:31:14.579 W/[ 4041.697071@1]  RTW(    0): fill_default_txdesc(wlan0): SP Packet(0x0806) rate=0x4 SeqNum = 3601
06-12 23:31:16.779 F/linker  (24371): CANNOT LINK EXECUTABLE "/system/bin/smartcable/smartCableSTBApp": library "libmosquitto.so" not found: needed by main executable
06-12 23:31:18.371 W/[ 4045.490488@2]  RTW(    0): cfg80211_rtw_set_power_mgmt(wlan0) enabled:0, timeout:-1
06-12 23:31:19.191 W/[ 4046.308628@2]  RTW(    0): Turbo EDCA =0xa42b
06-12 23:31:19.527 W/[ 4046.647430@2]  RTW(    0): cfg80211_rtw_set_power_mgmt(wlan0) enabled:1, timeout:-1
06-12 23:31:19.927 W/[ 4047.045918@3]  RTW(    0): fill_default_txdesc(wlan0): SP Packet(0x0806) rate=0x4 SeqNum = 3995
06-12 23:31:20.987 W/[ 4048.104610@3]  RTW(    0): fill_default_txdesc(wlan0): SP Packet(0x0806) rate=0x4 SeqNum = 4037
06-12 23:31:21.207 W/[ 4048.324740@2]  RTW(    0): Turbo EDCA =0x5ea42b
06-12 23:31:21.786 F/linker  (24386): CANNOT LINK EXECUTABLE "/system/bin/smartcable/smartCableSTBApp": library "libmosquitto.so" not found: needed by main executable
06-12 23:31:24.851 W/[ 4051.971265@1]  RTW(    0): fill_default_txdesc(wlan0): SP Packet(0x0806) rate=0x4 SeqNum = 140
06-12 23:31:26.793 F/linker  (24396): CANNOT LINK EXECUTABLE "/system/bin/smartcable/smartCableSTBApp": library "libmosquitto.so" not found: needed by main executable
06-12 23:31:27.255 W/[ 4054.372873@0]  RTW(    0): Turbo EDCA =0xa42b
06-12 23:31:29.271 W/[ 4056.388722@2]  RTW(    0): Turbo EDCA =0x5ea42b
06-12 23:31:29.863 W/[ 4056.981144@1]  RTW(    0): fill_default_txdesc(wlan0): SP Packet(0x0806) rate=0x4 SeqNum = 424
06-12 23:31:31.793 F/linker  (24407): CANNOT LINK EXECUTABLE "/system/bin/smartcable/smartCableSTBApp": library "libmosquitto.so" not found: needed by main executable
06-12 23:31:34.915 W/[ 4062.036144@0]  RTW(    0): fill_default_txdesc(wlan0): SP Packet(0x0806) rate=0x4 SeqNum = 675
06-12 23:31:36.793 F/linker  (24422): CANNOT LINK EXECUTABLE "/system/bin/smartcable/smartCableSTBApp": library "libmosquitto.so" not found: needed by main executable
06-12 23:31:39.231 W/[ 4066.351110@0]  RTW(    0): fill_default_txdesc(wlan0): SP Packet(0x0806) rate=0x4 SeqNum = 877
06-12 23:31:41.801 F/linker  (24431): CANNOT LINK EXECUTABLE "/system/bin/smartcable/smartCableSTBApp": library "libmosquitto.so" not found: needed by main executable
06-12 23:31:44.362 W/[ 4071.482374@0]  RTW(    0): fill_default_txdesc(wlan0): SP Packet(0x0806) rate=0x4 SeqNum = 1158
06-12 23:31:46.327 W/[ 4073.444550@2]  RTW(    0): fill_default_txdesc(wlan0): SP Packet(0x0806) rate=0x4 SeqNum = 1265
06-12 23:31:46.812 F/linker  (24444): CANNOT LINK EXECUTABLE "/system/bin/smartcable/smartCableSTBApp": library "libmosquitto.so" not found: needed by main executable
06-12 23:31:49.399 W/[ 4076.516623@0]  RTW(    0): fill_default_txdesc(wlan0): SP Packet(0x0806) rate=0x4 SeqNum = 1430
06-12 23:31:49.399 W/[ 4076.516696@0]  RTW(    0): fill_default_txdesc(wlan0): SP Packet(0x0806) rate=0x4 SeqNum = 1431
06-12 23:31:49.403 W/[ 4076.522465@1]  RTW(    0): fill_default_txdesc(wlan0): SP Packet(0x0806) rate=0x4 SeqNum = 1434
06-12 23:31:49.519 W/[ 4076.640343@1]  RTW(    0): fill_default_txdesc(wlan0): SP Packet(0x0806) rate=0x4 SeqNum = 1440
06-12 23:31:49.559 W/[ 4076.679147@1]  RTW(    0): fill_default_txdesc(wlan0): SP Packet(0x0806) rate=0x4 SeqNum = 1444
06-12 23:31:51.818 F/linker  (24454): CANNOT LINK EXECUTABLE "/system/bin/smartcable/smartCableSTBApp": library "libmosquitto.so" not found: needed by main executable
06-12 23:31:53.463 W/[ 4080.580752@2]  RTW(    0): Turbo EDCA =0xa42b
06-12 23:31:54.503 W/[ 4081.621277@2]  RTW(    0): fill_default_txdesc(wlan0): SP Packet(0x0806) rate=0x4 SeqNum = 1722
06-12 23:31:55.479 W/[ 4082.596585@1]  RTW(    0): Turbo EDCA =0x5ea42b
06-12 23:31:56.817 F/linker  (24467): CANNOT LINK EXECUTABLE "/system/bin/smartcable/smartCableSTBApp": library "libmosquitto.so" not found: needed by main executable
06-12 23:31:59.647 W/[ 4086.766492@0]  RTW(    0): fill_default_txdesc(wlan0): SP Packet(0x0806) rate=0x4 SeqNum = 2009
06-12 23:32:01.823 F/linker  (24490): CANNOT LINK EXECUTABLE "/system/bin/smartcable/smartCableSTBApp": library "libmosquitto.so" not found: needed by main executable
06-12 23:32:04.611 W/[ 4091.731489@1]  RTW(    0): fill_default_txdesc(wlan0): SP Packet(0x0806) rate=0x4 SeqNum = 2240
06-12 23:32:06.828 F/linker  (24503): CANNOT LINK EXECUTABLE "/system/bin/smartcable/smartCableSTBApp": library "libmosquitto.so" not found: needed by main executable
06-12 23:32:09.763 W/[ 4096.884138@0]  RTW(    0): fill_default_txdesc(wlan0): SP Packet(0x0806) rate=0x4 SeqNum = 2473
06-12 23:32:11.833 F/linker  (24514): CANNOT LINK EXECUTABLE "/system/bin/smartcable/smartCableSTBApp": library "libmosquitto.so" not found: needed by main executable
06-12 23:32:14.259 W/[ 4101.378747@1]  audit(    0): audit_lost=4142 audit_rate_limit=5 audit_backlog_limit=64
06-12 23:32:14.259 E/[ 4101.378754@1]  audit(    0): rate limit exceeded
06-12 23:32:14.823 W/[ 4101.941932@1]  RTW(    0): fill_default_txdesc(wlan0): SP Packet(0x0806) rate=0x4 SeqNum = 2773
06-12 23:32:15.359 W/[ 4102.478813@1]  audit(    0): audit_lost=4260 audit_rate_limit=5 audit_backlog_limit=64
06-12 23:32:15.359 E/[ 4102.478823@1]  audit(    0): rate limit exceeded
06-12 23:32:16.836 F/linker  (24523): CANNOT LINK EXECUTABLE "/system/bin/smartcable/smartCableSTBApp": library "libmosquitto.so" not found: needed by main executable
06-12 23:32:17.655 W/[ 4104.772759@1]  RTW(    0): Turbo EDCA =0xa42b
06-12 23:32:19.671 W/[ 4106.788574@2]  RTW(    0): Turbo EDCA =0x5ea42b
06-12 23:32:19.707 W/[ 4106.825634@1]  RTW(    0): fill_default_txdesc(wlan0): SP Packet(0x0806) rate=0x4 SeqNum = 3088
06-12 23:32:21.843 F/linker  (24549): CANNOT LINK EXECUTABLE "/system/bin/smartcable/smartCableSTBApp": library "libmosquitto.so" not found: needed by main executable
06-12 23:32:24.943 W/[ 4112.061203@3]  RTW(    0): fill_default_txdesc(wlan0): SP Packet(0x0806) rate=0x4 SeqNum = 3343
06-12 23:32:26.853 F/linker  (24598): CANNOT LINK EXECUTABLE "/system/bin/smartcable/smartCableSTBApp": library "libmosquitto.so" not found: needed by main executable
06-12 23:32:29.999 W/[ 4117.119234@1]  RTW(    0): fill_default_txdesc(wlan0): SP Packet(0x0806) rate=0x4 SeqNum = 3591
06-12 23:32:31.862 F/linker  (24664): CANNOT LINK EXECUTABLE "/system/bin/smartcable/smartCableSTBApp": library "libmosquitto.so" not found: needed by main executable
06-12 23:32:35.079 W/[ 4122.197926@0]  RTW(    0): fill_default_txdesc(wlan0): SP Packet(0x0806) rate=0x4 SeqNum = 3855
06-12 23:32:36.856 F/linker  (24723): CANNOT LINK EXECUTABLE "/system/bin/smartcable/smartCableSTBApp": library "libmosquitto.so" not found: needed by main executable
06-12 23:32:40.455 W/[ 4127.575688@1]  RTW(    0): fill_default_txdesc(wlan0): SP Packet(0x0806) rate=0x4 SeqNum = 57
06-12 23:32:41.867 F/linker  (24779): CANNOT LINK EXECUTABLE "/system/bin/smartcable/smartCableSTBApp": library "libmosquitto.so" not found: needed by main executable
06-12 23:32:43.863 W/[ 4130.980578@1]  RTW(    0): Turbo EDCA =0xa42b
06-12 23:32:45.291 W/[ 4132.409650@1]  RTW(    0): fill_default_txdesc(wlan0): SP Packet(0x0806) rate=0x4 SeqNum = 384
06-12 23:32:45.879 W/[ 4132.996760@1]  RTW(    0): Turbo EDCA =0x5ea42b
06-12 23:32:46.870 F/linker  (24803): CANNOT LINK EXECUTABLE "/system/bin/smartcable/smartCableSTBApp": library "libmosquitto.so" not found: needed by main executable
06-12 23:32:50.347 W/[ 4137.467449@2]  RTW(    0): fill_default_txdesc(wlan0): SP Packet(0x0806) rate=0x4 SeqNum = 620
06-12 23:32:51.880 F/linker  (24816): CANNOT LINK EXECUTABLE "/system/bin/smartcable/smartCableSTBApp": library "libmosquitto.so" not found: needed by main executable
06-12 23:32:55.411 W/[ 4142.532345@1]  RTW(    0): fill_default_txdesc(wlan0): SP Packet(0x0806) rate=0x4 SeqNum = 849
06-12 23:32:55.703 W/[ 4142.820640@0]  RTW(    0): fill_default_txdesc(wlan0): SP Packet(0x0806) rate=0x4 SeqNum = 871
06-12 23:32:56.880 F/linker  (24825): CANNOT LINK EXECUTABLE "/system/bin/smartcable/smartCableSTBApp": library "libmosquitto.so" not found: needed by main executable
06-12 23:33:00.287 W/[ 4147.406150@2]  RTW(    0): fill_default_txdesc(wlan0): SP Packet(0x0806) rate=0x4 SeqNum = 1089
06-12 23:33:01.833 D/ConnectivityService(  637): requestNetwork for uid/pid:10035/1786 NetworkRequest [ TRACK_DEFAULT id=53, [ Capabilities: INTERNET&NOT_RESTRICTED&TRUSTED Uid: 10035 AdministratorUids: [] RequestorUid: 10035 RequestorPackageName: com.iwedia.ui.rjio.launcher.reliance] ]
06-12 23:33:01.835 D/ConnectivityService(  637): NetReassign [53 : null → 100]
06-12 23:33:01.890 F/linker  (24846): CANNOT LINK EXECUTABLE "/system/bin/smartcable/smartCableSTBApp": library "libmosquitto.so" not found: needed by main executable
06-12 23:33:01.975 D/ConnectivityService(  637): releasing NetworkRequest [ TRACK_DEFAULT id=53, [ Capabilities: INTERNET&NOT_RESTRICTED&TRUSTED Uid: 10035 AdministratorUids: [] RequestorUid: 10035 RequestorPackageName: com.iwedia.ui.rjio.launcher.reliance] ] (release request)
06-12 23:33:04.023 W/[ 4151.140584@0]  RTW(    0): Turbo EDCA =0xa42b
06-12 23:33:05.535 W/[ 4152.654802@3]  RTW(    0): fill_default_txdesc(wlan0): SP Packet(0x0806) rate=0x4 SeqNum = 1207
06-12 23:33:06.036 W/[ 4153.156720@3]  RTW(    0): Turbo EDCA =0x5ea42b
06-12 23:33:06.271 I/        (    0): [ 4153.390766@1]  EXT4-fs (mmcblk0p17): re-mounted. Opts: (null)
06-12 23:33:06.887 F/linker  (24922): CANNOT LINK EXECUTABLE "/system/bin/smartcable/smartCableSTBApp": library "libmosquitto.so" not found: needed by main executable
06-12 23:33:10.423 W/[ 4157.544015@0]  RTW(    0): fill_default_txdesc(wlan0): SP Packet(0x0806) rate=0x4 SeqNum = 2182
06-12 23:33:10.499 D/[ 4157.618775@2]  logd(    0): logdr: UID=0 GID=0 PID=24958 b tail=0 logMask=99 pid=0 start=0ns timeout=0ns
06-12 23:33:10.582 D/AutofillManagerService(  637): onBackKeyPressed()
06-12 23:33:11.191 I/ActivityManager(  637): Force stopping io.appium.uiautomator2.server appid=10096 user=0: from pid 24994
06-12 23:33:11.197 I/ActivityManager(  637): Force stopping io.appium.uiautomator2.server.test appid=10095 user=0: from pid 24995
06-12 23:33:11.278 D/AutofillManagerService(  637): onBackKeyPressed()
06-12 23:33:11.317 D/ActivityTaskManager(  637): JioHomeManagerService :: ActivityRecord :: setState :: StateFrom :: STOPPED StateTo :: RESUMED 
