06-12 20:01:34.019 I/OboeAudio(26702): openStream() OUTPUT -------- OboeVersion1.7.0 --------
06-12 20:01:34.020 I/ThermalService(  986): CPU temperatures: [67.5]
06-12 20:01:34.021 I/AAudio  (26702): AAudioStreamBuilder_openStream() called ----------------------------------------
06-12 20:01:34.022 I/AudioStreamBuilder(26702): rate   =      0, channels  = 2, format   = 1, sharing = SH, dir = OUTPUT
06-12 20:01:34.023 I/AudioStreamBuilder(26702): device =      0, sessionId = -1, perfMode = 12, callback: ON with frames = 0
06-12 20:01:34.023 I/AudioStreamBuilder(26702): usage  =      1, contentType = 2, inputPreset = 6, allowedCapturePolicy = 0
06-12 20:01:34.023 I/AudioStreamBuilder(26702): privacy sensitive = false
06-12 20:01:34.023 D/m.netflix.ninj(26702): PlayerBase::PlayerBase()
06-12 20:01:34.027 D/audioserver(  390): PlayerBase::PlayerBase()
06-12 20:01:34.027 E/SELinux (  234): avc:  denied  { find } for pid=390 uid=1041 name=audio scontext=u:r:audioserver:s0 tcontext=u:object_r:audio_service:s0 tclass=service_manager permissive=0
06-12 20:01:34.028 E/audioserver(  390): PlayerBase(): binding to audio service failed, service up?
06-12 20:01:34.028 D/stbdpc  (  405): STB_DPGetNumPaths[570]: num_paths: 1
06-12 20:01:34.034 I/AudioFlinger(  390): openOutput() this 0xf1a44000, module 10 Device type:0x400,@:, SamplingRate 48000, Format 0x000001, Channels 0x3, flags 0x4001
06-12 20:01:34.036 D/audio_hw_primary(  350): adev_open_output_stream_new: enter
06-12 20:01:34.036 D/audio_hw_primary(  350): adev_open_output_stream: enter: devices(0x400) channel_mask(0x3) rate(48000) format(0x1) flags(0x4001)
06-12 20:01:34.036 D/audio_hw_primary(  350): adev_open_output_stream: dev:0xf58ee3c0, fmt:0, dmx fmt:-1, content id:0,sync id 0,adev->patch_src 14, adev->audio_patching 0
06-12 20:01:34.037 I/aml_mmap_audio(  350): [outMmapInit:356] stream:0xf557b500
06-12 20:01:34.037 I/aml_mmap_audio(  350): [ion_buffer_allocate_new:288] enter
06-12 20:01:34.037 I/aml_mmap_audio(  350): [ion_buffer_allocate_new:326] s32IonFd:20, s32IonShareFd:21, b_size:6144, frame size:4, add:0xf5579000
06-12 20:01:34.037 I/audio_hwsync(  350): aml_audio_hwsync_init p_hwsync 0xf54bc3c0 out 0xf557b500
06-12 20:01:34.037 I/audio_hwsync(  350): aml_audio_hwsync_init done
06-12 20:01:34.037 D/audio_hw_primary(  350): adev_open_output_stream: exit
06-12 20:01:34.037 I/sub_mixing_factory(  350): [initSubMixingInputPcm:723] ++out 0xf557b500, flags 0x4001, hwsync lpcm 0
06-12 20:01:34.037 D/audio_hw_primary(  350): -adev_open_output_stream_new: out 0xf557b500: io handle:293, usecase:PCM_MMAP card:0 alsa devices:0
06-12 20:01:34.047 I/audio_hw_primary(  350): out_get_buffer_size(out->config.rate=48000, format 1,stream format 1)
06-12 20:01:34.057 I/FA      (26421): Application backgrounded at: timestamp_millis: 1749738692052
06-12 20:01:34.063 I/AudioFlinger(  390): AudioFlinger's thread 0xf1280000 tid=26795 ready to run
06-12 20:01:34.064 I/audio_hw_primary(  350): out_set_volume(), stream(0xf557b500), left:1.000000 right:1.000000, continous_mode(0), hal_internal_format:1, is dolby 0 is direct pcm 1 is_mmap_pcm 1
06-12 20:01:34.065 F/linker  (26794): CANNOT LINK EXECUTABLE "/system/bin/smartcable/smartCableSTBApp": library "libmosquitto.so" not found: needed by main executable
06-12 20:01:34.071 D/AAudioServiceEndpointMMAP(  390): open() mMapClient.uid = 1041, pid = 390 => portHandle = 226
06-12 20:01:34.072 D/AAudioServiceEndpointMMAP(  390): open() deviceId = 186, sessionId = -1
06-12 20:01:34.072 I/lowmemorykiller(  233): medium memory pressure event is triggered for new strategy
06-12 20:01:34.073 D/lowmemorykiller(  233): LMKD mp_event_psi kill_reasons available are PRESSURE_AFTER_KILL, NOT_RESPONDING, LOW_SWAP_AND_THRASHING, LOW_MEM_AND_SWAP, LOW_MEM_AND_THRASHING, DIRECT_RECL_AND_THRASHING
06-12 20:01:34.073 D/lowmemorykiller(  233): LMKD mp_event_psi kill_reason received= -1
06-12 20:01:34.073 I/aml_mmap_audio(  350): [outMmapCreateBuffer:220] stream:0xf557b500, min_size_frames:384
06-12 20:01:34.073 I/aml_mmap_audio(  350): [outMmapCreateBuffer:253] mmap_fd:21, mmap address:0xf5579000
06-12 20:01:34.074 I/system_server(  632): oneway function results will be dropped but finished with status OK and parcel size 4
06-12 20:01:34.074 D/AAudioServiceEndpointMMAP(  390): open() createMmapBuffer() buffer_size = 1536 fr, burst_size 384 fr, Sharable FD: No
06-12 20:01:34.074 D/AAudioServiceEndpointMMAP(  390): open() actual rate = 48000, channels = 2, deviceId = 186, capacity = 1536
06-12 20:01:34.074 D/AAudioServiceEndpointMMAP(  390): open() format = 0x00000001, frame size = 4, burst size = 384
06-12 20:01:34.074 D/AudioStreamInternal_Service(  390): open() original HW burst = 384, minMicros = 1000 => SW burst = 384
06-12 20:01:34.074 D/AAudioStream(  390): setState(s#3) from 0 to 2
06-12 20:01:34.075 I/aml_mmap_audio(  350): [outMmapThread:67] enter threadloop bExitThread:0, bStopPlay:1, mmap addr:0xf5579000, out:0xf557b500
06-12 20:01:34.075 D/audio_hw_utils(  350): [aml_set_thread_priority:1490] thread:outMmapThread set priority, ret:0 policy:1 priority:5
06-12 20:01:34.075 D/rtk_heartbeat(  351): heartbeat_timed_out: heartbeatCmdCount = 18742, expected nextSeqNum = 18742
06-12 20:01:34.076 D/rtk_heartbeat(  351): rtkbt_heartbeat_cmpl_cback: Current SeqNum = 18742,should SeqNum=18742, status = 0
06-12 20:01:34.077 D/AudioStreamInternal_Client(26702): open() original HW burst = 384, minMicros = 1000 => SW burst = 384
06-12 20:01:34.077 D/AAudioStream(26702): setState(s#1) from 0 to 2
06-12 20:01:34.079 I/AAudio  (26702): AAudioStreamBuilder_openStream() returns 0 = AAUDIO_OK for s#1 ----------------
06-12 20:01:34.080 D/AAudio  (26702): AAudioStream_requestStop(s#1) called
06-12 20:01:34.080 D/AAudioStream(26702): setState(s#1) from 2 to 10
06-12 20:01:34.080 D/m.netflix.ninj(26702): PlayerBase::stop() from IPlayer
06-12 20:01:34.090 D/AAudio  (26702): AAudioStream_close(s#1) called ---------------
06-12 20:01:34.090 D/AAudioStream(26702): setState(s#1) from 10 to 11
06-12 20:01:34.090 D/AAudioStream(  390): setState(s#3) from 2 to 11
06-12 20:01:34.094 D/audio_hw_primary(  350): out_set_parameters(kvpairs(closing=true), out_device=0x400)
06-12 20:01:34.099 D/AudioFlinger(  390): closing mmapThread 0xf1280000
06-12 20:01:34.100 D/AudioFlinger(  390): mmapThread exit()
06-12 20:01:34.101 D/audio_hw_primary(  350): adev_close_output_stream_new: enter usecase = PCM_MMAP
06-12 20:01:34.101 I/sub_mixing_factory(  350): [deleteSubMixingInputPcm:755] cnt_stream_using_mixer 0
06-12 20:01:34.101 D/audio_hw_primary(  350): adev_close_output_stream: enter: dev(0xf58ee3c0) stream(0xf557b500) flags(16385)
06-12 20:01:34.101 D/audio_hw_primary(  350): out_standby_new: enter
06-12 20:01:34.101 I/audio_hw_primary(  350): already standby, do nothing
06-12 20:01:34.101 I/aml_mmap_audio(  350): [outMmapDeInit:392] stream:0xf557b500
06-12 20:01:34.101 I/aml_mmap_audio(  350): [outMmapThread:152]  exit threadloop, out:0xf557b500
06-12 20:01:34.101 D/audio_hw_primary(  350): adev_close_output_stream: exit
06-12 20:01:34.101 D/audio_hw_primary(  350): adev_close_output_stream_new: exit
06-12 20:01:34.102 I/system_server(  632): oneway function results will be dropped but finished with status OK and parcel size 4
06-12 20:01:34.122 I/m.netflix.ninj(26702): Background concurrent copying GC freed 95121(5036KB) AllocSpace objects, 41(1508KB) LOS objects, 49% free, 5680KB/11MB, paused 143us total 183.378ms
06-12 20:01:34.128 D/stbdpc  (  405): STB_DPGetNumPaths[570]: num_paths: 1
06-12 20:01:34.147 V/DigitalSignage(  632): Package Name: null
06-12 20:01:34.147 V/DigitalSignage(  632): Left: 0
06-12 20:01:34.147 V/DigitalSignage(  632): Right: 0
06-12 20:01:34.147 V/DigitalSignage(  632): Top: 0
06-12 20:01:34.147 V/DigitalSignage(  632): Bottom: 0
06-12 20:01:34.147 D/DigitalSignage(  632): else - Package Name :: null left : 0 right :: 0 top :: 0 bottom :: 0 dfu-right :: 1920 dfu-bottom :: 1080
06-12 20:01:34.173 I/lowmemorykiller(  233): medium memory pressure event is triggered for new strategy
06-12 20:01:34.173 D/lowmemorykiller(  233): LMKD mp_event_psi kill_reasons available are PRESSURE_AFTER_KILL, NOT_RESPONDING, LOW_SWAP_AND_THRASHING, LOW_MEM_AND_SWAP, LOW_MEM_AND_THRASHING, DIRECT_RECL_AND_THRASHING
06-12 20:01:34.173 D/lowmemorykiller(  233): LMKD mp_event_psi kill_reason received= -1
06-12 20:01:34.194 D/AAudioStream(  390): setState(s#3) from 11 to 11
06-12 20:01:34.194 E/AAudioStream(  390): setState(3) tried to set to 11 but already CLOSING
06-12 20:01:34.194 D/AAudioStream(  390): setState(s#3) from 11 to 12
06-12 20:01:34.194 D/AAudioStream(  390): ~AudioStream(s#3) mPlayerBase strongCount = 1
06-12 20:01:34.194 D/audioserver(  390): PlayerBase::~PlayerBase()
06-12 20:01:34.195 D/AAudioStream(26702): setState(s#1) from 11 to 11
06-12 20:01:34.195 E/AAudioStream(26702): setState(1) tried to set to 11 but already CLOSING
06-12 20:01:34.196 D/NetflixService(  986): onForegroundActivitiesChanged pid:26421,uid:10072,fg:false
06-12 20:01:34.197 D/AAudioStream(26702): setState(s#1) from 11 to 12
06-12 20:01:34.197 D/AAudioStream(26702): ~AudioStream(s#1) mPlayerBase strongCount = 2
06-12 20:01:34.197 D/AAudio  (26702): AAudioStream_close(s#1) returned 0 ---------
06-12 20:01:34.199 D/NetflixService(  986): processName:com.netflix.ninja,importance:100
06-12 20:01:34.229 D/stbdpc  (  405): STB_DPGetNumPaths[570]: num_paths: 1
06-12 20:01:34.237 D/dvb_iptv(  405): ReadEmmNetworkTask[1537]: EMM Select Timeout Occured 18
06-12 20:01:34.254 D/ltts_ip_emm(  405): LTTS_IP_DMXStartEMM[381]: parse_emm_cat_status failed
06-12 20:01:34.272 I/lowmemorykiller(  233): medium memory pressure event is triggered for new strategy
06-12 20:01:34.272 D/lowmemorykiller(  233): LMKD mp_event_psi kill_reasons available are PRESSURE_AFTER_KILL, NOT_RESPONDING, LOW_SWAP_AND_THRASHING, LOW_MEM_AND_SWAP, LOW_MEM_AND_THRASHING, DIRECT_RECL_AND_THRASHING
06-12 20:01:34.272 D/lowmemorykiller(  233): LMKD mp_event_psi kill_reason received= -1
06-12 20:01:34.304 W/animation(26702): type=1400 audit(0.0:24159): avc: denied { read } for name="version" dev="sysfs" ino=37178 scontext=u:r:untrusted_app:s0:c65,c256,c512,c768 tcontext=u:object_r:sysfs:s0 tclass=file permissive=0 app=com.netflix.ninja
06-12 20:01:34.329 D/stbdpc  (  405): STB_DPGetNumPaths[570]: num_paths: 1
06-12 20:01:34.372 I/lowmemorykiller(  233): medium memory pressure event is triggered for new strategy
06-12 20:01:34.372 D/lowmemorykiller(  233): LMKD mp_event_psi kill_reasons available are PRESSURE_AFTER_KILL, NOT_RESPONDING, LOW_SWAP_AND_THRASHING, LOW_MEM_AND_SWAP, LOW_MEM_AND_THRASHING, DIRECT_RECL_AND_THRASHING
06-12 20:01:34.372 D/lowmemorykiller(  233): LMKD mp_event_psi kill_reason received= -1
06-12 20:01:34.375 W/[18769.728840@0]  RTW(    0): fill_default_txdesc(wlan0): SP Packet(0x0806) rate=0x4 SeqNum = 3314
06-12 20:01:34.381 D/JioStbInactivityTimer(  933): Timer: count 7255 warningTimeout:10680 timeout:10800
06-12 20:01:34.381 D/JioStbInactivityTimer(  933): isUserActive: Curr:11512457 Prev:11512457
06-12 20:01:34.429 D/stbdpc  (  405): STB_DPGetNumPaths[570]: num_paths: 1
06-12 20:01:34.472 I/lowmemorykiller(  233): medium memory pressure event is triggered for new strategy
06-12 20:01:34.473 D/lowmemorykiller(  233): LMKD mp_event_psi kill_reasons available are PRESSURE_AFTER_KILL, NOT_RESPONDING, LOW_SWAP_AND_THRASHING, LOW_MEM_AND_SWAP, LOW_MEM_AND_THRASHING, DIRECT_RECL_AND_THRASHING
06-12 20:01:34.473 D/lowmemorykiller(  233): LMKD mp_event_psi kill_reason received= -1
06-12 20:01:34.529 D/stbdpc  (  405): STB_DPGetNumPaths[570]: num_paths: 1
06-12 20:01:34.573 I/lowmemorykiller(  233): medium memory pressure event is triggered for new strategy
06-12 20:01:34.573 D/lowmemorykiller(  233): LMKD mp_event_psi kill_reasons available are PRESSURE_AFTER_KILL, NOT_RESPONDING, LOW_SWAP_AND_THRASHING, LOW_MEM_AND_SWAP, LOW_MEM_AND_THRASHING, DIRECT_RECL_AND_THRASHING
06-12 20:01:34.573 D/lowmemorykiller(  233): LMKD mp_event_psi kill_reason received= -1
06-12 20:01:34.629 D/stbdpc  (  405): STB_DPGetNumPaths[570]: num_paths: 1
06-12 20:01:34.673 I/lowmemorykiller(  233): medium memory pressure event is triggered for new strategy
06-12 20:01:34.673 D/lowmemorykiller(  233): LMKD mp_event_psi kill_reasons available are PRESSURE_AFTER_KILL, NOT_RESPONDING, LOW_SWAP_AND_THRASHING, LOW_MEM_AND_SWAP, LOW_MEM_AND_THRASHING, DIRECT_RECL_AND_THRASHING
06-12 20:01:34.673 D/lowmemorykiller(  233): LMKD mp_event_psi kill_reason received= -1
06-12 20:01:34.729 D/stbdpc  (  405): STB_DPGetNumPaths[570]: num_paths: 1
06-12 20:01:34.737 D/dvb_iptv(  405): ReadEmmNetworkTask[1537]: EMM Select Timeout Occured 19
06-12 20:01:34.774 I/lowmemorykiller(  233): medium memory pressure event is triggered for new strategy
06-12 20:01:34.774 D/lowmemorykiller(  233): LMKD mp_event_psi kill_reasons available are PRESSURE_AFTER_KILL, NOT_RESPONDING, LOW_SWAP_AND_THRASHING, LOW_MEM_AND_SWAP, LOW_MEM_AND_THRASHING, DIRECT_RECL_AND_THRASHING
06-12 20:01:34.774 D/lowmemorykiller(  233): LMKD mp_event_psi kill_reason received= -1
06-12 20:01:34.830 D/stbdpc  (  405): STB_DPGetNumPaths[570]: num_paths: 1
06-12 20:01:34.831 E/ocessService0:( 2273): failed to create Unix domain socket: Operation not permitted
06-12 20:01:34.874 I/lowmemorykiller(  233): medium memory pressure event is triggered for new strategy
06-12 20:01:34.874 D/lowmemorykiller(  233): LMKD mp_event_psi kill_reasons available are PRESSURE_AFTER_KILL, NOT_RESPONDING, LOW_SWAP_AND_THRASHING, LOW_MEM_AND_SWAP, LOW_MEM_AND_THRASHING, DIRECT_RECL_AND_THRASHING
06-12 20:01:34.874 D/lowmemorykiller(  233): LMKD mp_event_psi kill_reason received= -1
06-12 20:01:34.930 D/stbdpc  (  405): STB_DPGetNumPaths[570]: num_paths: 1
06-12 20:01:34.959 I/lowmemorykiller(  233): medium memory pressure event is triggered for new strategy
06-12 20:01:34.960 D/lowmemorykiller(  233): LMKD mp_event_psi kill_reasons available are PRESSURE_AFTER_KILL, NOT_RESPONDING, LOW_SWAP_AND_THRASHING, LOW_MEM_AND_SWAP, LOW_MEM_AND_THRASHING, DIRECT_RECL_AND_THRASHING
06-12 20:01:34.960 D/lowmemorykiller(  233): LMKD mp_event_psi kill_reason received= -1
06-12 20:01:35.019 E/TaskPersister(  632): File error accessing recents directory (directory doesn't exist?).
06-12 20:01:35.030 D/stbdpc  (  405): STB_DPGetNumPaths[570]: num_paths: 1
06-12 20:01:35.060 I/lowmemorykiller(  233): medium memory pressure event is triggered for new strategy
06-12 20:01:35.060 D/lowmemorykiller(  233): LMKD mp_event_psi kill_reasons available are PRESSURE_AFTER_KILL, NOT_RESPONDING, LOW_SWAP_AND_THRASHING, LOW_MEM_AND_SWAP, LOW_MEM_AND_THRASHING, DIRECT_RECL_AND_THRASHING
06-12 20:01:35.060 D/lowmemorykiller(  233): LMKD mp_event_psi kill_reason received= -1
06-12 20:01:35.072 D/JioLauncher( 1781): ipl_ads-promotion call count onPromotionUpdate-Promotion
06-12 20:01:35.072 D/JioLauncher( 1781): promotion-array-size-2
06-12 20:01:35.072 D/JioLauncher( 1781): promotion-xx-else
06-12 20:01:35.072 D/JioLauncher( 1781): promotion-xx-else-1
06-12 20:01:35.072 D/JioLauncher( 1781): addData-1
06-12 20:01:35.072 D/JioLauncher( 1781): setupPagerIndidcatorDots 2
06-12 20:01:35.073 D/JioLauncher( 1781): promo-update-indicator--position 0
06-12 20:01:35.073 D/JioLauncher( 1781): promotion-xx-else-3
06-12 20:01:35.073 D/JioLauncher( 1781): menu-promotion-xx-else-3
06-12 20:01:35.073 D/JioLauncher( 1781): promotion-focused-called-for-first-time-true defaultPromoFocus 0 false
06-12 20:01:35.073 D/merc    ( 1781): 914af59f: publisher called getNativeAd()
06-12 20:01:35.074 D/JioLauncher( 1781): promo-list-saving-to-global: [{"position":3,"adSpotId":"cd6096ca","image":""},{"position":1,"adSpotId":"914af59f","image":"https:\/\/mercury.akamaized.net\/i\/ddffc3193f07b691ebf1ef162bb1bf83_69918_0.jpg"}]
06-12 20:01:35.074 D/JioLauncher( 1781): promo-list-saving: [{"position":3,"adSpotId":"cd6096ca","image":""},{"position":1,"adSpotId":"914af59f","image":"https:\/\/mercury.akamaized.net\/i\/ddffc3193f07b691ebf1ef162bb1bf83_69918_0.jpg"}]
06-12 20:01:35.075 I/merc    ( 1781): ba67a65c: Developer called onDestroy()
06-12 20:01:35.076 D/rtk_heartbeat(  351): heartbeat_timed_out: heartbeatCmdCount = 18743, expected nextSeqNum = 18743
06-12 20:01:35.077 D/merc    ( 1781): OM library is not added
06-12 20:01:35.078 D/rtk_heartbeat(  351): rtkbt_heartbeat_cmpl_cback: Current SeqNum = 18743,should SeqNum=18743, status = 0
06-12 20:01:35.082 D/merc    ( 1781): OM library is not added
06-12 20:01:35.082 D/merc    ( 1781): Inside onDestroy of JioAdViewController
06-12 20:01:35.083 D/merc    ( 1781): Releasing Companion Manager
06-12 20:01:35.084 D/JioLauncher( 1781): promotion-array-size-2
06-12 20:01:35.084 D/JioLauncher( 1781): promotion-xx-else
06-12 20:01:35.084 D/JioLauncher( 1781): promotion-xx-else-1
06-12 20:01:35.084 D/JioLauncher( 1781): addData-1
06-12 20:01:35.084 D/JioLauncher( 1781): setupPagerIndidcatorDots 2
06-12 20:01:35.085 D/JioLauncher( 1781): promo-update-indicator--position 0
06-12 20:01:35.085 D/JioLauncher( 1781): promotion-xx-else-3
06-12 20:01:35.085 D/JioLauncher( 1781): menu-promotion-xx-else-3
06-12 20:01:35.085 D/JioLauncher( 1781): promotion-focused-called-for-first-time-true defaultPromoFocus 0 false
06-12 20:01:35.108 I/m.netflix.ninj(26702): oneway function results will be dropped but finished with status OK and parcel size 4
06-12 20:01:35.109 I/e.swalekh.abct( 1336): oneway function results will be dropped but finished with status OK and parcel size 4
06-12 20:01:35.117 D/JioSTBMRServer-SERVICE( 3304): InetSocketAddress(InetAddress.getByName(inetAddress.hostAddress)-/192.168.1.255
06-12 20:01:35.117 D/JioSTBMRServer-SERVICE( 3304): #beacon:RKISBFJ60000097:0:false:0:1:SV=181024 , 192.168.1.255
06-12 20:01:35.121 D/JioSTBMRServer-SERVICE( 3304): InetSocketAddress(InetAddress.getByName(inetAddress.hostAddress)-/192.168.1.255
06-12 20:01:35.121 D/JioSTBMRServer-SERVICE( 3304): #broadcast IP:192.168.1.255
06-12 20:01:35.130 D/stbdpc  (  405): STB_DPGetNumPaths[570]: num_paths: 1
06-12 20:01:35.160 I/lowmemorykiller(  233): medium memory pressure event is triggered for new strategy
06-12 20:01:35.161 D/lowmemorykiller(  233): LMKD mp_event_psi kill_reasons available are PRESSURE_AFTER_KILL, NOT_RESPONDING, LOW_SWAP_AND_THRASHING, LOW_MEM_AND_SWAP, LOW_MEM_AND_THRASHING, DIRECT_RECL_AND_THRASHING
06-12 20:01:35.161 D/lowmemorykiller(  233): LMKD mp_event_psi kill_reason received= -1
06-12 20:01:35.230 D/stbdpc  (  405): STB_DPGetNumPaths[570]: num_paths: 1
06-12 20:01:35.237 D/dvb_iptv(  405): ReadEmmNetworkTask[1537]: EMM Select Timeout Occured 20
06-12 20:01:35.261 I/lowmemorykiller(  233): medium memory pressure event is triggered for new strategy
06-12 20:01:35.261 D/lowmemorykiller(  233): LMKD mp_event_psi kill_reasons available are PRESSURE_AFTER_KILL, NOT_RESPONDING, LOW_SWAP_AND_THRASHING, LOW_MEM_AND_SWAP, LOW_MEM_AND_THRASHING, DIRECT_RECL_AND_THRASHING
06-12 20:01:35.261 D/lowmemorykiller(  233): LMKD mp_event_psi kill_reason received= -1
06-12 20:01:35.330 D/stbdpc  (  405): STB_DPGetNumPaths[570]: num_paths: 1
06-12 20:01:35.361 I/lowmemorykiller(  233): medium memory pressure event is triggered for new strategy
06-12 20:01:35.361 D/lowmemorykiller(  233): LMKD mp_event_psi kill_reasons available are PRESSURE_AFTER_KILL, NOT_RESPONDING, LOW_SWAP_AND_THRASHING, LOW_MEM_AND_SWAP, LOW_MEM_AND_THRASHING, DIRECT_RECL_AND_THRASHING
06-12 20:01:35.361 D/lowmemorykiller(  233): LMKD mp_event_psi kill_reason received= -1
06-12 20:01:35.381 D/JioStbInactivityTimer(  933): Timer: count 7256 warningTimeout:10680 timeout:10800
06-12 20:01:35.381 D/JioStbInactivityTimer(  933): isUserActive: Curr:11512457 Prev:11512457
06-12 20:01:35.425 I/WVCdm   (  356): [cdm_engine.cpp(115):OpenSession] Opening session
06-12 20:01:35.425 D/WVCdm   (  356): [crypto_session.cpp(805):Open] Opening crypto session: requested_security_level = Default
06-12 20:01:35.425 I/WVCdm   (  356): [file_utils.cpp(40):Exists] stat failed: ENOENT
06-12 20:01:35.429 I/WVCdm   (  356): [file_utils.cpp(40):Exists] stat failed: ENOENT
06-12 20:01:35.429 I/WVCdm   (  356): [cdm_engine.cpp(194):OpenSession] New session ID: sid31
06-12 20:01:35.429 I/WVCdm   (  356): [cdm_engine.cpp(925):QueryOemCryptoSessionId] Querying OEMCrypto Session ID: session_id = sid31
06-12 20:01:35.431 D/stbdpc  (  405): STB_DPGetNumPaths[570]: num_paths: 1
06-12 20:01:35.437 I/WVCdm   (  356): [cdm_engine.cpp(573):QueryStatus] Querying status
06-12 20:01:35.437 E/WVCdm   (  356): [initialization_data.cpp(135):SelectWidevinePssh] Unable to parse PSSH data into a protobuf: index = 0
06-12 20:01:35.437 I/WVCdm   (  356): [cdm_engine.cpp(283):GenerateKeyRequest] Generating key request: session_id = sid31
06-12 20:01:35.461 I/lowmemorykiller(  233): medium memory pressure event is triggered for new strategy
06-12 20:01:35.462 D/lowmemorykiller(  233): LMKD mp_event_psi kill_reasons available are PRESSURE_AFTER_KILL, NOT_RESPONDING, LOW_SWAP_AND_THRASHING, LOW_MEM_AND_SWAP, LOW_MEM_AND_THRASHING, DIRECT_RECL_AND_THRASHING
06-12 20:01:35.462 D/lowmemorykiller(  233): LMKD mp_event_psi kill_reason received= -1
06-12 20:01:35.511 I/WVCdm   (  356): [cdm_engine.cpp(115):OpenSession] Opening session
06-12 20:01:35.511 D/WVCdm   (  356): [crypto_session.cpp(805):Open] Opening crypto session: requested_security_level = Default
06-12 20:01:35.512 I/WVCdm   (  356): [file_utils.cpp(40):Exists] stat failed: ENOENT
06-12 20:01:35.525 I/WVCdm   (  356): [file_utils.cpp(40):Exists] stat failed: ENOENT
06-12 20:01:35.525 I/WVCdm   (  356): [cdm_engine.cpp(194):OpenSession] New session ID: sid32
06-12 20:01:35.525 I/WVCdm   (  356): [cdm_engine.cpp(925):QueryOemCryptoSessionId] Querying OEMCrypto Session ID: session_id = sid32
06-12 20:01:35.531 D/stbdpc  (  405): STB_DPGetNumPaths[570]: num_paths: 1
06-12 20:01:35.537 I/WVCdm   (  356): [cdm_engine.cpp(450):RestoreKey] Restoring key: session_id = sid32, key_set_id = ksid0C5D9384
06-12 20:01:35.562 I/lowmemorykiller(  233): medium memory pressure event is triggered for new strategy
06-12 20:01:35.562 D/lowmemorykiller(  233): LMKD mp_event_psi kill_reasons available are PRESSURE_AFTER_KILL, NOT_RESPONDING, LOW_SWAP_AND_THRASHING, LOW_MEM_AND_SWAP, LOW_MEM_AND_THRASHING, DIRECT_RECL_AND_THRASHING
06-12 20:01:35.562 D/lowmemorykiller(  233): LMKD mp_event_psi kill_reason received= -1
06-12 20:01:35.578 I/oemcrypto_tz(  356): [OEMCrypto_AllocDataShm:187] OEMCrypto_AllocDataShm OK
06-12 20:01:35.631 D/stbdpc  (  405): STB_DPGetNumPaths[570]: num_paths: 1
06-12 20:01:35.662 I/lowmemorykiller(  233): medium memory pressure event is triggered for new strategy
06-12 20:01:35.663 D/lowmemorykiller(  233): LMKD mp_event_psi kill_reasons available are PRESSURE_AFTER_KILL, NOT_RESPONDING, LOW_SWAP_AND_THRASHING, LOW_MEM_AND_SWAP, LOW_MEM_AND_THRASHING, DIRECT_RECL_AND_THRASHING
06-12 20:01:35.663 D/lowmemorykiller(  233): LMKD mp_event_psi kill_reason received= -1
06-12 20:01:35.731 D/stbdpc  (  405): STB_DPGetNumPaths[570]: num_paths: 1
06-12 20:01:35.737 D/dvb_iptv(  405): ReadEmmNetworkTask[1537]: EMM Select Timeout Occured 21
06-12 20:01:35.763 I/lowmemorykiller(  233): medium memory pressure event is triggered for new strategy
06-12 20:01:35.763 D/lowmemorykiller(  233): LMKD mp_event_psi kill_reasons available are PRESSURE_AFTER_KILL, NOT_RESPONDING, LOW_SWAP_AND_THRASHING, LOW_MEM_AND_SWAP, LOW_MEM_AND_THRASHING, DIRECT_RECL_AND_THRASHING
06-12 20:01:35.763 D/lowmemorykiller(  233): LMKD mp_event_psi kill_reason received= -1
06-12 20:01:35.831 D/stbdpc  (  405): STB_DPGetNumPaths[570]: num_paths: 1
06-12 20:01:35.863 I/lowmemorykiller(  233): medium memory pressure event is triggered for new strategy
06-12 20:01:35.932 D/stbdpc  (  405): STB_DPGetNumPaths[570]: num_paths: 1
06-12 20:01:35.964 I/lowmemorykiller(  233): medium memory pressure event is triggered for new strategy
06-12 20:01:36.032 D/stbdpc  (  405): STB_DPGetNumPaths[570]: num_paths: 1
06-12 20:01:36.036 I/ThermalService(  986): CPU temperatures: [66.9]
06-12 20:01:36.042 D/JioLauncher( 1781): overlay status check for wifi and bt remote false false
06-12 20:01:36.045 D/Match code1( 1449): 2
06-12 20:01:36.045 D/JIO_TR069-( 1449): Predefined List [com.jio.stb.catv, com.rjil.jiostbsetting, com.iwedia.ui.rjio.launcher.reliance, com.jio.stb.hotellauncher, com.jio.media.oberoi, com.jio.ott]
06-12 20:01:36.047 I/lowmemorykiller(  233): medium memory pressure event is triggered for new strategy
06-12 20:01:36.048 D/lowmemorykiller(  233): LMKD mp_event_psi kill_reasons available are PRESSURE_AFTER_KILL, NOT_RESPONDING, LOW_SWAP_AND_THRASHING, LOW_MEM_AND_SWAP, LOW_MEM_AND_THRASHING, DIRECT_RECL_AND_THRASHING
06-12 20:01:36.048 D/lowmemorykiller(  233): LMKD mp_event_psi kill_reason received= -1
06-12 20:01:36.053 D/JIO_TR069-( 1449): Caller Package com.iwedia.ui.rjio.launcher.reliance
06-12 20:01:36.053 D/JIO_TR069-( 1449): White Listed Apps []
06-12 20:01:36.053 D/JIO_TR069-( 1449): Final White Listed Apps [com.jio.stb.catv, com.rjil.jiostbsetting, com.iwedia.ui.rjio.launcher.reliance, com.jio.stb.hotellauncher, com.jio.media.oberoi, com.jio.ott, ]
06-12 20:01:36.059 D/JioLauncher( 1781): network-type-------NonJioNetwork
06-12 20:01:36.064 I/lowmemorykiller(  233): medium memory pressure event is triggered for new strategy
06-12 20:01:36.065 D/JioLauncher( 1781): live-tv-previousIp-[/fe80::1%wlan0, /192.168.1.1]-newHost-[/fe80::1%wlan0, /192.168.1.1]
06-12 20:01:36.076 D/rtk_heartbeat(  351): heartbeat_timed_out: heartbeatCmdCount = 18744, expected nextSeqNum = 18744
06-12 20:01:36.077 D/rtk_heartbeat(  351): rtkbt_heartbeat_cmpl_cback: Current SeqNum = 18744,should SeqNum=18744, status = 0
06-12 20:01:36.132 D/stbdpc  (  405): STB_DPGetNumPaths[570]: num_paths: 1
06-12 20:01:36.164 I/lowmemorykiller(  233): medium memory pressure event is triggered for new strategy
06-12 20:01:36.232 D/stbdpc  (  405): STB_DPGetNumPaths[570]: num_paths: 1
06-12 20:01:36.238 D/dvb_iptv(  405): ReadEmmNetworkTask[1537]: EMM Select Timeout Occured 22
06-12 20:01:36.254 D/ltts_ip_emm(  405): LTTS_IP_DMXStartEMM[381]: parse_emm_cat_status failed
06-12 20:01:36.265 I/lowmemorykiller(  233): medium memory pressure event is triggered for new strategy
06-12 20:01:36.265 D/lowmemorykiller(  233): LMKD mp_event_psi kill_reasons available are PRESSURE_AFTER_KILL, NOT_RESPONDING, LOW_SWAP_AND_THRASHING, LOW_MEM_AND_SWAP, LOW_MEM_AND_THRASHING, DIRECT_RECL_AND_THRASHING
06-12 20:01:36.265 D/lowmemorykiller(  233): LMKD mp_event_psi kill_reason received= -1
06-12 20:01:36.332 D/stbdpc  (  405): STB_DPGetNumPaths[570]: num_paths: 1
06-12 20:01:36.365 I/lowmemorykiller(  233): medium memory pressure event is triggered for new strategy
06-12 20:01:36.381 D/JioStbInactivityTimer(  933): Timer: count 7257 warningTimeout:10680 timeout:10800
06-12 20:01:36.381 D/JioStbInactivityTimer(  933): isUserActive: Curr:11512457 Prev:11512457
06-12 20:01:36.432 D/stbdpc  (  405): STB_DPGetNumPaths[570]: num_paths: 1
06-12 20:01:36.466 I/lowmemorykiller(  233): medium memory pressure event is triggered for new strategy
06-12 20:01:36.533 D/stbdpc  (  405): STB_DPGetNumPaths[570]: num_paths: 1
06-12 20:01:36.566 I/lowmemorykiller(  233): medium memory pressure event is triggered for new strategy
06-12 20:01:36.617 D/JioAppOptimizer( 1699): AppOptimizerService :: handleMessage()
06-12 20:01:36.620 D/JioAppOptimizer( 1699): AppOptimizerService :: handleMessage() : Foreground Package=com.netflix.ninja
06-12 20:01:36.620 D/JioAppOptimizer( 1699): AppOptimizerService :: handleMessage() : Free memory available in MB : 491.2890625
06-12 20:01:36.620 D/JioAppOptimizer( 1699): AppOptimizerService :: handleMessage() : checkAndRemoveBackgroundApps()
06-12 20:01:36.620 D/JioAppOptimizer( 1699): AppOptimizerService :: checkAndRemoveBackgroundApps()
06-12 20:01:36.627 D/JioAppOptimizer( 1699): AppOptimizerService :: getImportanceIntToString()
06-12 20:01:36.628 D/JioAppOptimizer( 1699): AppOptimizerService :: forceStopPackage()
06-12 20:01:36.630 I/ActivityManager(  632): Force stopping in.startv.hotstar appid=10072 user=0: from pid 1699
06-12 20:01:36.631 I/ActivityManager(  632): Killing 26421:in.startv.hotstar/u0a72 (adj 700): stop in.startv.hotstar due to from pid 1699
06-12 20:01:36.633 D/stbdpc  (  405): STB_DPGetNumPaths[570]: num_paths: 1
06-12 20:01:36.635 D/lowmemorykiller(  233): LMKD pid_remove called. pid=26421
06-12 20:01:36.635 W/ActivityTaskManager(  632): Force removing ActivityRecord{105c7a4 u0 in.startv.hotstar/com.hotstar.MainActivity t1183 f}}: app died, no saved state
06-12 20:01:36.641 V/DigitalSignage(  632): Package Name: null
06-12 20:01:36.641 V/DigitalSignage(  632): Left: 0
06-12 20:01:36.641 V/DigitalSignage(  632): Right: 0
06-12 20:01:36.641 V/DigitalSignage(  632): Top: 0
06-12 20:01:36.641 V/DigitalSignage(  632): Bottom: 0
06-12 20:01:36.641 D/DigitalSignage(  632): else - Package Name :: null left : 0 right :: 0 top :: 0 bottom :: 0 dfu-right :: 1920 dfu-bottom :: 1080
06-12 20:01:36.660 D/ClientApplication( 3502): Trim Memory.. Clearing Glide memory
06-12 20:01:36.667 I/lowmemorykiller(  233): medium memory pressure event is triggered for new strategy
06-12 20:01:36.672 D/JioAppOptimizer( 1699): AppOptimizerService :: forceStopPackage() Killed background package=in.startv.hotstar
06-12 20:01:36.672 D/JioAppOptimizer( 1699): AppOptimizerService :: getImportanceIntToString()
06-12 20:01:36.672 D/JioAppOptimizer( 1699): AppOptimizerService :: forceStopPackage()
06-12 20:01:36.675 D/JioSettings( 1858): PackageResetBroadcastReceiver::onReceive: intent->>> android.intent.action.PACKAGE_RESTARTED, reset package: package:in.startv.hotstar
06-12 20:01:36.675 D/JioSettings( 1858): Reset package: package:in.startv.hotstar
06-12 20:01:36.684 I/ActivityManager(  632): Force stopping in.startv.hotstar appid=10072 user=0: from pid 1699
06-12 20:01:36.687 D/JioAppOptimizer( 1699): AppOptimizerService :: forceStopPackage() Killed background package=in.startv.hotstar
06-12 20:01:36.687 D/JioAppOptimizer( 1699): AppOptimizerService :: getImportanceIntToString()
06-12 20:01:36.687 D/JioAppOptimizer( 1699): AppOptimizerService :: forceStopPackage()
06-12 20:01:36.690 D/JioSettings( 1858): PackageResetBroadcastReceiver::onReceive: intent->>> android.intent.action.PACKAGE_RESTARTED, reset package: package:in.startv.hotstar
06-12 20:01:36.690 E/WifiVendorHal(  632): getWifiLinkLayerStats_1_3_Internal(l.973) failed {.code = ERROR_UNKNOWN, .description = unknown error}
06-12 20:01:36.690 D/JioSettings( 1858): Reset package: package:in.startv.hotstar
06-12 20:01:36.695 D/JioAppOptimizer( 1699): AppOptimizerService :: forceStopPackage() Killed background package=in.startv.hotstar
06-12 20:01:36.695 D/JioAppOptimizer( 1699): AppOptimizerService :: getImportanceIntToString()
06-12 20:01:36.695 D/JioAppOptimizer( 1699): AppOptimizerService :: forceStopPackage()
06-12 20:01:36.701 D/JioAppOptimizer( 1699): AppOptimizerService :: forceStopPackage() Killed background package=in.startv.hotstar
06-12 20:01:36.702 D/JioAppOptimizer( 1699): AppOptimizerService :: getImportanceIntToString()
06-12 20:01:36.702 D/JioAppOptimizer( 1699): AppOptimizerService :: forceStopPackage()
06-12 20:01:36.704 D/JioSettings( 1858): PackageResetBroadcastReceiver::onReceive: intent->>> android.intent.action.PACKAGE_RESTARTED, reset package: package:in.startv.hotstar
06-12 20:01:36.704 D/JioSettings( 1858): Reset package: package:in.startv.hotstar
06-12 20:01:36.706 D/JioSettings( 1858): PackageResetBroadcastReceiver::onReceive: intent->>> android.intent.action.PACKAGE_RESTARTED, reset package: package:in.startv.hotstar
06-12 20:01:36.706 D/JioSettings( 1858): Reset package: package:in.startv.hotstar
06-12 20:01:36.710 D/JioAppOptimizer( 1699): AppOptimizerService :: forceStopPackage() Killed background package=in.startv.hotstar
06-12 20:01:36.710 D/JioAppOptimizer( 1699): AppOptimizerService :: getImportanceIntToString()
06-12 20:01:36.710 D/JioAppOptimizer( 1699): AppOptimizerService :: forceStopPackage()
06-12 20:01:36.713 D/BufferPoolAccessor2.0(  479): bufferpool2 0xf0cf0b98 : 0(0 size) total buffers - 0(0 size) used buffers - 105/109 (recycle/alloc) - 4/109 (fetch/transfer)
06-12 20:01:36.713 D/BufferPoolAccessor2.0(  479): Destruction - bufferpool2 0xf0cf0b98 cached: 0/0M, 0/0% in use; allocs: 109, 96% recycled; transfers: 109, 96% unfetched
06-12 20:01:36.713 D/JioSettings( 1858): PackageResetBroadcastReceiver::onReceive: intent->>> android.intent.action.PACKAGE_RESTARTED, reset package: package:in.startv.hotstar
06-12 20:01:36.713 D/JioSettings( 1858): Reset package: package:in.startv.hotstar
06-12 20:01:36.719 D/JioAppOptimizer( 1699): AppOptimizerService :: forceStopPackage() Killed background package=in.startv.hotstar
06-12 20:01:36.719 D/JioAppOptimizer( 1699): AppOptimizerService :: getImportanceIntToString()
06-12 20:01:36.719 D/JioAppOptimizer( 1699): AppOptimizerService :: forceStopPackage()
06-12 20:01:36.722 D/JioSettings( 1858): PackageResetBroadcastReceiver::onReceive: intent->>> android.intent.action.PACKAGE_RESTARTED, reset package: package:in.startv.hotstar
06-12 20:01:36.722 D/JioSettings( 1858): Reset package: package:in.startv.hotstar
06-12 20:01:36.729 D/JioSettings( 1858): PackageResetBroadcastReceiver::onReceive: intent->>> android.intent.action.PACKAGE_RESTARTED, reset package: package:in.startv.hotstar
06-12 20:01:36.729 D/JioSettings( 1858): Reset package: package:in.startv.hotstar
06-12 20:01:36.730 D/JioAppOptimizer( 1699): AppOptimizerService :: forceStopPackage() Killed background package=in.startv.hotstar
06-12 20:01:36.730 D/JioAppOptimizer( 1699): AppOptimizerService :: getImportanceIntToString()
06-12 20:01:36.730 D/JioAppOptimizer( 1699): AppOptimizerService :: forceStopPackage()
06-12 20:01:36.733 D/stbdpc  (  405): STB_DPGetNumPaths[570]: num_paths: 1
06-12 20:01:36.714 I/chatty  (  632): uid=1000(system) Binder:632_D identical 4 lines
06-12 20:01:36.724 I/ActivityManager(  632): Force stopping in.startv.hotstar appid=10072 user=0: from pid 1699
06-12 20:01:36.736 W/WindowManager(  632): Cannot find window which accessibility connection is added to
06-12 20:01:36.736 D/ConnectivityService(  632): ConnectivityService NetworkRequestInfo binderDied(NetworkRequest [ LISTEN id=85, [ Capabilities: INTERNET&NOT_RESTRICTED&TRUSTED&NOT_VPN&FOREGROUND Uid: 10072 AdministratorUids: [] RequestorUid: 10072 RequestorPackageName: in.startv.hotstar] ], android.os.BinderProxy@97a4d85)
06-12 20:01:36.736 W/ActivityManager(  632): setHasOverlayUi called on unknown pid: 26421
06-12 20:01:36.738 D/dvb_iptv(  405): ReadEmmNetworkTask[1537]: EMM Select Timeout Occured 23
06-12 20:01:36.738 I/Zygote  (  326): Process 26421 exited due to signal 9 (Killed)
06-12 20:01:36.743 I/ActivityManager(  632): Force stopping in.startv.hotstar appid=10072 user=0: from pid 1699
06-12 20:01:36.746 D/JioAppOptimizer( 1699): AppOptimizerService :: forceStopPackage() Killed background package=in.startv.hotstar
06-12 20:01:36.746 D/JioAppOptimizer( 1699): AppOptimizerService :: getImportanceIntToString()
06-12 20:01:36.746 D/JioAppOptimizer( 1699): AppOptimizerService :: forceStopPackage()
06-12 20:01:36.748 D/JioSettings( 1858): PackageResetBroadcastReceiver::onReceive: intent->>> android.intent.action.PACKAGE_RESTARTED, reset package: package:in.startv.hotstar
06-12 20:01:36.748 D/JioSettings( 1858): Reset package: package:in.startv.hotstar
06-12 20:01:36.756 D/JioAppOptimizer( 1699): AppOptimizerService :: forceStopPackage() Killed background package=in.startv.hotstar
06-12 20:01:36.756 D/JioAppOptimizer( 1699): AppOptimizerService :: getImportanceIntToString()
06-12 20:01:36.757 D/JioSettings( 1858): PackageResetBroadcastReceiver::onReceive: intent->>> android.intent.action.PACKAGE_RESTARTED, reset package: package:in.startv.hotstar
06-12 20:01:36.757 D/JioSettings( 1858): Reset package: package:in.startv.hotstar
06-12 20:01:36.757 D/JioAppOptimizer( 1699): AppOptimizerService :: forceStopPackage()
06-12 20:01:36.762 D/JioAppOptimizer( 1699): AppOptimizerService :: forceStopPackage() Killed background package=in.startv.hotstar
06-12 20:01:36.764 D/JioSettings( 1858): PackageResetBroadcastReceiver::onReceive: intent->>> android.intent.action.PACKAGE_RESTARTED, reset package: package:in.startv.hotstar
06-12 20:01:36.764 D/JioSettings( 1858): Reset package: package:in.startv.hotstar
06-12 20:01:36.766 I/libprocessgroup(  632): Successfully killed process cgroup uid 10072 pid 26421 in 131ms
06-12 20:01:36.767 I/lowmemorykiller(  233): medium memory pressure event is triggered for new strategy
06-12 20:01:36.768 D/lowmemorykiller(  233): LMKD mp_event_psi kill_reasons available are PRESSURE_AFTER_KILL, NOT_RESPONDING, LOW_SWAP_AND_THRASHING, LOW_MEM_AND_SWAP, LOW_MEM_AND_THRASHING, DIRECT_RECL_AND_THRASHING
06-12 20:01:36.768 D/lowmemorykiller(  233): LMKD mp_event_psi kill_reason received= -1
06-12 20:01:36.833 D/stbdpc  (  405): STB_DPGetNumPaths[570]: num_paths: 1
06-12 20:01:36.868 I/lowmemorykiller(  233): medium memory pressure event is triggered for new strategy
06-12 20:01:36.869 E/ocessService0:( 2273): failed to create Unix domain socket: Operation not permitted
06-12 20:01:36.907 I/system_server(  632): oneway function results will be dropped but finished with status OK and parcel size 4
06-12 20:01:36.933 D/stbdpc  (  405): STB_DPGetNumPaths[570]: num_paths: 1
06-12 20:01:36.968 I/lowmemorykiller(  233): medium memory pressure event is triggered for new strategy
06-12 20:01:37.021 I/DrmUtils(26702): found android.hardware.drm@1.0::IDrmFactory clearkey
06-12 20:01:37.023 I/DrmUtils(26702): found android.hardware.drm@1.0::IDrmFactory verimatrix
06-12 20:01:37.024 I/DrmUtils(26702): found android.hardware.drm@1.0::IDrmFactory widevine
06-12 20:01:37.026 I/DrmUtils(26702): found android.hardware.drm@1.0::IDrmFactory youtube
06-12 20:01:37.029 I/DrmUtils(26702): found android.hardware.drm@1.1::IDrmFactory clearkey
06-12 20:01:37.031 I/DrmUtils(26702): found android.hardware.drm@1.1::IDrmFactory verimatrix
06-12 20:01:37.033 I/DrmUtils(26702): found android.hardware.drm@1.1::IDrmFactory widevine
06-12 20:01:37.033 D/stbdpc  (  405): STB_DPGetNumPaths[570]: num_paths: 1
06-12 20:01:37.035 I/DrmUtils(26702): found android.hardware.drm@1.1::IDrmFactory youtube
06-12 20:01:37.038 I/DrmUtils(26702): found android.hardware.drm@1.2::IDrmFactory clearkey
06-12 20:01:37.040 I/DrmUtils(26702): found android.hardware.drm@1.2::IDrmFactory verimatrix
06-12 20:01:37.041 I/DrmUtils(26702): found android.hardware.drm@1.2::IDrmFactory widevine
06-12 20:01:37.043 I/DrmUtils(26702): found android.hardware.drm@1.2::IDrmFactory youtube
06-12 20:01:37.047 I/DrmUtils(26702): found android.hardware.drm@1.3::IDrmFactory clearkey
06-12 20:01:37.049 I/DrmUtils(26702): found android.hardware.drm@1.3::IDrmFactory verimatrix
06-12 20:01:37.050 I/DrmUtils(26702): found android.hardware.drm@1.3::IDrmFactory widevine
06-12 20:01:37.053 I/DrmUtils(26702): found android.hardware.drm@1.3::IDrmFactory youtube
06-12 20:01:37.053 W/android.hardware.drm@1.3-service.youtube(  361): isCryptoSchemeSupported, false
06-12 20:01:37.054 I/WVCdm   (  356): [app][com.netflix.ninja] calling virtual Return<void> wvdrm::hardware::drm::V1_3::widevine::WVDrmFactory::createPlugin(const hidl_array<uint8_t, 16> &, const android::hardware::hidl_string &, android::hardware::drm::V1_3::IDrmFactory::createPlugin_cb)
06-12 20:01:37.055 I/WVCdm   (  356): [cdm_engine.cpp(573):QueryStatus] Querying status
06-12 20:01:37.055 I/WVCdm   (  356): [cdm_engine.cpp(573):QueryStatus] Querying status
06-12 20:01:37.068 I/lowmemorykiller(  233): medium memory pressure event is triggered for new strategy
06-12 20:01:37.076 D/rtk_heartbeat(  351): heartbeat_timed_out: heartbeatCmdCount = 18745, expected nextSeqNum = 18745
06-12 20:01:37.077 D/rtk_heartbeat(  351): rtkbt_heartbeat_cmpl_cback: Current SeqNum = 18745,should SeqNum=18745, status = 0
06-12 20:01:37.133 D/stbdpc  (  405): STB_DPGetNumPaths[570]: num_paths: 1
06-12 20:01:37.156 I/m.netflix.ninj(26702): oneway function results will be dropped but finished with status OK and parcel size 4
06-12 20:01:37.158 I/e.swalekh.abct( 1336): oneway function results will be dropped but finished with status OK and parcel size 4
06-12 20:01:37.165 D/JioSTBMRServer-SERVICE( 3304): InetSocketAddress(InetAddress.getByName(inetAddress.hostAddress)-/192.168.1.255
06-12 20:01:37.166 D/JioSTBMRServer-SERVICE( 3304): #beacon:RKISBFJ60000097:0:false:0:1:SV=181024 , 192.168.1.255
06-12 20:01:37.170 D/JioSTBMRServer-SERVICE( 3304): InetSocketAddress(InetAddress.getByName(inetAddress.hostAddress)-/192.168.1.255
06-12 20:01:37.170 D/JioSTBMRServer-SERVICE( 3304): #broadcast IP:192.168.1.255
06-12 20:01:37.234 D/stbdpc  (  405): STB_DPGetNumPaths[570]: num_paths: 1
06-12 20:01:37.238 D/dvb_iptv(  405): ReadEmmNetworkTask[1537]: EMM Select Timeout Occured 24
06-12 20:01:37.334 D/stbdpc  (  405): STB_DPGetNumPaths[570]: num_paths: 1
06-12 20:01:37.381 D/JioStbInactivityTimer(  933): Timer: count 7258 warningTimeout:10680 timeout:10800
06-12 20:01:37.382 D/JioStbInactivityTimer(  933): isUserActive: Curr:11512457 Prev:11512457
06-12 20:01:37.434 D/stbdpc  (  405): STB_DPGetNumPaths[570]: num_paths: 1
06-12 20:01:37.634 I/chatty  (  405): uid=0(root) DK-SiCntrl identical 2 lines
06-12 20:01:37.735 D/stbdpc  (  405): STB_DPGetNumPaths[570]: num_paths: 1
06-12 20:01:37.738 D/dvb_iptv(  405): ReadEmmNetworkTask[1537]: EMM Select Timeout Occured 25
06-12 20:01:37.835 D/stbdpc  (  405): STB_DPGetNumPaths[570]: num_paths: 1
06-12 20:01:37.935 I/chatty  (  405): uid=0(root) DK-SiCntrl identical 1 line
06-12 20:01:38.035 D/stbdpc  (  405): STB_DPGetNumPaths[570]: num_paths: 1
06-12 20:01:38.052 I/ThermalService(  986): CPU temperatures: [66.8]
06-12 20:01:38.076 D/rtk_heartbeat(  351): heartbeat_timed_out: heartbeatCmdCount = 18746, expected nextSeqNum = 18746
06-12 20:01:38.077 D/rtk_heartbeat(  351): rtkbt_heartbeat_cmpl_cback: Current SeqNum = 18746,should SeqNum=18746, status = 0
06-12 20:01:38.082 D/STB_PushService( 3788):  ReconnectExcecutors waiting for  +  25000 ms netStatus true reasonCode 0 callgo false health status INPROGRESS
06-12 20:01:38.088 D/STB_PushService( 3788): Trying to reconnect : ReconnectExcecutors
06-12 20:01:38.091 D/STB_PushService( 3788): MQTT connection Options: 
06-12 20:01:38.091 D/STB_PushService( 3788): 
06-12 20:01:38.091 D/STB_PushService( 3788): ============== Connection options ==============
06-12 20:01:38.091 D/STB_PushService( 3788): CleanSession                :  false
06-12 20:01:38.091 D/STB_PushService( 3788): SocketFactory               :  null
06-12 20:01:38.091 D/STB_PushService( 3788): MqttVersion                 :  3
06-12 20:01:38.091 D/STB_PushService( 3788): KeepAliveInterval           :  120
06-12 20:01:38.091 D/STB_PushService( 3788): ConTimeout                  :  180
06-12 20:01:38.091 D/STB_PushService( 3788): UserName                    :  eyJhbGciOiJFUzI1NiJ9.eyJ1bmlxdWUiOiJjNWIwYWU4Mi02NGY0LTQ3OTktYmFiZC1kM2NlZThjMzIyYjciLCJ1c2VyVHlwZSI6IlJJTHBlcnNvbiIsImF1dGhMZXZlbCI6IjMwIiwiZGV2aWNlSWQiOiI5ZTQ0M2Y0M2U4NjZiMTI4YWQwNzI4ZjAwMmQ0ZDBlZmU0NzgxNmNlNDBmMjY0ZjM1NDAxYWM0OGZmNDhkYTNkMmNkY2I3ZjgzZGM4NmE5OTRlZDQxZmY3ZTA3Y2U5MGYyNGExNjliOTg2ODhiZWJmZGQyY2Y4ODA0YzgzY2QxMCIsImp0aSI6IjhiZWJjOGNkLWI0M2YtNGNkZi1hMzFmLWUyYTUwMTQ5Njk0OCIsImlhdCI6MTc0OTcyMTY4Nn0.yC8nNiStOAa4QRwCv8TaQGl-f61CE1AxuwQKAaJ2cNQVN__2JJAKUT2Cq5TD9UQPluHno0KFPw4NbcmI9zil8w
06-12 20:01:38.091 D/STB_PushService( 3788): SSLProperties               :  null
06-12 20:01:38.091 D/STB_PushService( 3788): WillDestination             :  null
06-12 20:01:38.091 D/STB_PushService( 3788): ==========================================
06-12 20:01:38.091 D/STB_PushService( 3788): 
06-12 20:01:38.091 D/STB_PushService( 3788): [C@55d1dd1
06-12 20:01:38.135 D/stbdpc  (  405): STB_DPGetNumPaths[570]: num_paths: 1
06-12 20:01:38.235 D/stbdpc  (  405): STB_DPGetNumPaths[570]: num_paths: 1
06-12 20:01:38.238 D/dvb_iptv(  405): ReadEmmNetworkTask[1537]: EMM Select Timeout Occured 26
06-12 20:01:38.254 D/ltts_ip_emm(  405): LTTS_IP_DMXStartEMM[381]: parse_emm_cat_status failed
06-12 20:01:38.336 D/stbdpc  (  405): STB_DPGetNumPaths[570]: num_paths: 1
06-12 20:01:38.381 D/JioStbInactivityTimer(  933): Timer: count 7259 warningTimeout:10680 timeout:10800
06-12 20:01:38.382 D/JioStbInactivityTimer(  933): isUserActive: Curr:11512457 Prev:11512457
06-12 20:01:38.436 D/stbdpc  (  405): STB_DPGetNumPaths[570]: num_paths: 1
06-12 20:01:38.536 I/chatty  (  405): uid=0(root) DK-SiCntrl identical 1 line
06-12 20:01:38.636 D/stbdpc  (  405): STB_DPGetNumPaths[570]: num_paths: 1
06-12 20:01:38.647 D/ProfileInstaller(26702): Skipping profile installation for com.netflix.ninja
06-12 20:01:38.736 D/stbdpc  (  405): STB_DPGetNumPaths[570]: num_paths: 1
06-12 20:01:38.738 D/dvb_iptv(  405): ReadEmmNetworkTask[1537]: EMM Select Timeout Occured 27
06-12 20:01:38.837 D/stbdpc  (  405): STB_DPGetNumPaths[570]: num_paths: 1
06-12 20:01:38.907 E/ocessService0:( 2273): failed to create Unix domain socket: Operation not permitted
06-12 20:01:38.937 D/stbdpc  (  405): STB_DPGetNumPaths[570]: num_paths: 1
06-12 20:01:39.047 F/linker  (26829): CANNOT LINK EXECUTABLE "/system/bin/smartcable/smartCableSTBApp": library "libmosquitto.so" not found: needed by main executable
06-12 20:01:39.037 D/stbdpc  (  405): STB_DPGetNumPaths[570]: num_paths: 1
06-12 20:01:39.076 D/rtk_heartbeat(  351): heartbeat_timed_out: heartbeatCmdCount = 18747, expected nextSeqNum = 18747
06-12 20:01:39.078 D/rtk_heartbeat(  351): rtkbt_heartbeat_cmpl_cback: Current SeqNum = 18747,should SeqNum=18747, status = 0
06-12 20:01:39.137 D/stbdpc  (  405): STB_DPGetNumPaths[570]: num_paths: 1
06-12 20:01:39.198 I/m.netflix.ninj(26702): oneway function results will be dropped but finished with status OK and parcel size 4
06-12 20:01:39.214 I/e.swalekh.abct( 1336): oneway function results will be dropped but finished with status OK and parcel size 4
06-12 20:01:39.226 D/JioSTBMRServer-SERVICE( 3304): InetSocketAddress(InetAddress.getByName(inetAddress.hostAddress)-/192.168.1.255
06-12 20:01:39.226 D/JioSTBMRServer-SERVICE( 3304): #beacon:RKISBFJ60000097:0:false:0:1:SV=181024 , 192.168.1.255
06-12 20:01:39.229 D/JioSTBMRServer-SERVICE( 3304): InetSocketAddress(InetAddress.getByName(inetAddress.hostAddress)-/192.168.1.255
06-12 20:01:39.229 D/JioSTBMRServer-SERVICE( 3304): #broadcast IP:192.168.1.255
06-12 20:01:39.237 D/stbdpc  (  405): STB_DPGetNumPaths[570]: num_paths: 1
06-12 20:01:39.239 D/dvb_iptv(  405): ReadEmmNetworkTask[1537]: EMM Select Timeout Occured 28
06-12 20:01:39.337 D/stbdpc  (  405): STB_DPGetNumPaths[570]: num_paths: 1
06-12 20:01:39.381 D/JioStbInactivityTimer(  933): Timer: count 7260 warningTimeout:10680 timeout:10800
06-12 20:01:39.381 D/JioStbInactivityTimer(  933): isUserActive: Curr:11512457 Prev:11512457
06-12 20:01:39.437 D/stbdpc  (  405): STB_DPGetNumPaths[570]: num_paths: 1
06-12 20:01:39.538 D/stbdpc  (  405): STB_DPGetNumPaths[570]: num_paths: 1
06-12 20:01:39.632 I/JioBackgroundSchedulerService( 2785): Check schedule  
06-12 20:01:39.638 D/stbdpc  (  405): STB_DPGetNumPaths[570]: num_paths: 1
06-12 20:01:36.753 I/chatty  (  632): uid=1000(system) Binder:632_21 identical 1 line
06-12 20:01:36.760 I/ActivityManager(  632): Force stopping in.startv.hotstar appid=10072 user=0: from pid 1699
06-12 20:01:39.693 E/TaskPersister(  632): File error accessing recents directory (directory doesn't exist?).
06-12 20:01:39.703 E/WifiVendorHal(  632): getWifiLinkLayerStats_1_3_Internal(l.973) failed {.code = ERROR_UNKNOWN, .description = unknown error}
06-12 20:01:39.738 D/stbdpc  (  405): STB_DPGetNumPaths[570]: num_paths: 1
06-12 20:01:39.739 D/dvb_iptv(  405): ReadEmmNetworkTask[1537]: EMM Select Timeout Occured 29
06-12 20:01:39.752 W/        ( 3502): type=1400 audit(0.0:24160): avc: denied { read } for name="arp" dev="proc" ino=4026532018 scontext=u:r:untrusted_app_27:s0:c85,c256,c512,c768 tcontext=u:object_r:proc_net:s0 tclass=file permissive=0 app=com.jio.myhome.mediasharedmp
06-12 20:01:39.827 W/[18775.181850@2]  RTW(    0): fill_default_txdesc(wlan0): SP Packet(0x0806) rate=0x4 SeqNum = 1373
06-12 20:01:39.752 I/chatty  ( 3502): uid=10085(com.jio.myhome.mediasharedmp) identical 1 line
06-12 20:01:39.756 W/        ( 3502): type=1400 audit(0.0:24162): avc: denied { read } for name="arp" dev="proc" ino=4026532018 scontext=u:r:untrusted_app_27:s0:c85,c256,c512,c768 tcontext=u:object_r:proc_net:s0 tclass=file permissive=0 app=com.jio.myhome.mediasharedmp
06-12 20:01:39.838 D/stbdpc  (  405): STB_DPGetNumPaths[570]: num_paths: 1
06-12 20:01:39.900 W/pool-7-thread-1( 3502): type=1400 audit(0.0:24163): avc: denied { read } for name="arp" dev="proc" ino=4026532018 scontext=u:r:untrusted_app_27:s0:c85,c256,c512,c768 tcontext=u:object_r:proc_net:s0 tclass=file permissive=0 app=com.jio.myhome.mediasharedmp
06-12 20:01:39.904 W/pool-7-thread-1( 3502): type=1400 audit(0.0:24164): avc: denied { read } for name="arp" dev="proc" ino=4026532018 scontext=u:r:untrusted_app_27:s0:c85,c256,c512,c768 tcontext=u:object_r:proc_net:s0 tclass=file permissive=0 app=com.jio.myhome.mediasharedmp
06-12 20:01:39.938 D/stbdpc  (  405): STB_DPGetNumPaths[570]: num_paths: 1
06-12 20:01:40.039 D/stbdpc  (  405): STB_DPGetNumPaths[570]: num_paths: 1
06-12 20:01:40.068 I/ThermalService(  986): CPU temperatures: [67.3]
06-12 20:01:40.077 D/rtk_heartbeat(  351): heartbeat_timed_out: heartbeatCmdCount = 18748, expected nextSeqNum = 18748
06-12 20:01:40.078 D/rtk_heartbeat(  351): rtkbt_heartbeat_cmpl_cback: Current SeqNum = 18748,should SeqNum=18748, status = 0
06-12 20:01:40.139 D/stbdpc  (  405): STB_DPGetNumPaths[570]: num_paths: 1
06-12 20:01:40.152 W/[18775.506751@0]  audit(    0): audit_lost=20389 audit_rate_limit=5 audit_backlog_limit=64
