06-12 11:31:31.286 I/appium  (28915): channel read: POST /session/f2f440cd-ba45-4555-a5eb-746708f54891/element
06-12 11:31:31.288 I/appium  (28915): FindElement command
06-12 11:31:31.291 I/appium  (28915): method: 'xpath', selector: '//android.widget.EditText[@resource-id='in.startv.hotstar:id/search_bar']'
06-12 11:31:31.291 I/appium  (28915): Waiting up to 10000ms for the device to idle
06-12 11:31:31.299 I/VDA     (  475): [0] "Stop[0] state 3\n"
06-12 11:31:31.299 I/VDA     (  475): [0] "Stop[1] state 1\n"
06-12 11:31:31.299 I/VDA     (  475): [0] "Stop[2] state 1\n"
06-12 11:31:31.299 I/VDA     (  475): [0] "Stop[3] state 1\n"
06-12 11:31:31.299 I/VDA     (  475): [0] "Stop[4] state 1\n"
06-12 11:31:31.299 I/VDA     (  475): [0] "Stop[5] state 1\n"
06-12 11:31:31.299 I/VDA     (  475): [0] "Stop[6] state 1\n"
06-12 11:31:31.299 I/VDA     (  475): [0] "Stop[7] state 1\n"
06-12 11:31:31.299 I/VDA     (  475): [0] "Stop[8] state 1\n"
06-12 11:31:31.299 I/VDA     (  475): [0] "Stop[9] state 3\n"
06-12 11:31:31.299 I/VDA     (  475): [0] "Stop[10] state 3\n"
06-12 11:31:31.299 I/VDA     (  475): [0] "Stop[11] state 3\n"
06-12 11:31:31.299 I/VDA     (  475): [0] "StopInputStream input_streamon 0, input_buffer_map_.size 3\n"
06-12 11:31:31.299 I/VDA     (  475): [0] "SendPictureReady\n"
06-12 11:31:31.299 I/VDA     (  475): [0] "post ResetDoneTask\n"
06-12 11:31:31.299 I/VDA     (  475): [0] "ResetDoneTask\n"
06-12 11:31:31.299 I/VDA     (  475): [0] "StartDevicePoll\n"
06-12 11:31:31.300 I/VDA     (  475): [0] "NotifyResetDone\n"
06-12 11:31:31.300 I/AmVideoDec(  475): [0] "notifyResetDone\n"
06-12 11:31:31.300 V/AmlogicVideoDecoderAwesome2(  475): [62]NotifyResetDone:2116 >
06-12 11:31:31.300 D/AmlogicVideoDecoderAwesome2(  475): [62]"reset_2"
06-12 11:31:31.300 V/AmlogicVideoDecoderAwesome2(  475): [62]start:341 >
06-12 11:31:31.300 E/ThreadWorker(  475): pthread on exit wait clean
06-12 11:31:31.300 D/AmlogicVideoDecoderAwesome2(  475): [62]"mVideo start\n"
06-12 11:31:31.300 V/AmlogicVideoDecoderAwesome2(  475): [62]flushInput:1018 >
06-12 11:31:31.300 I/OmxComponent(  475): OMX.amlogic.hevc.decoder.awesome2: flush output
06-12 11:31:31.300 V/AmlogicVideoDecoderAwesome2(  475): [62]flushOutput:1021 >
06-12 11:31:31.300 D/AmlogicVideoDecoderAwesome2(  475): [62]"__flushOutput__fillBufferDone:1 0xece8eff0\n"
06-12 11:31:31.300 D/AmlogicVideoDecoderAwesome2(  475): [62]"__flushOutput__fillBufferDone:2 0xece8efa0\n"
06-12 11:31:31.300 D/AmlogicVideoDecoderAwesome2(  475): [62]"__flushOutput__fillBufferDone:3 0xece8ee60\n"
06-12 11:31:31.300 V/OMX_WorkerPeer(  475): vendor/amlogic/common/omx/omx_framework/WorkerPeer.cpp:runWorkerStatic:155 --------------------
06-12 11:31:31.300 D/AmlogicVideoDecoderAwesome2(  475): [62]"__flushOutput__fillBufferDone:4 0xece8ed70\n"
06-12 11:31:31.300 V/OMX_WorkerPeer(  475): vendor/amlogic/common/omx/omx_framework/WorkerPeer.cpp:runWorker:161 --------------------
06-12 11:31:31.300 D/AmlogicVideoDecoderAwesome2(  475): [62]"__flushOutput__fillBufferDone:5 0xece8ee10\n"
06-12 11:31:31.300 D/AmlogicVideoDecoderAwesome2(  475): [62]"__flushOutput__fillBufferDone:6 0xece8ef50\n"
06-12 11:31:31.300 D/AmlogicVideoDecoderAwesome2(  475): [62]"__flushOutput__fillBufferDone:7 0xece8ef00\n"
06-12 11:31:31.300 D/AmlogicVideoDecoderAwesome2(  475): [62]"__flushOutput__fillBufferDone:8 0xece8edc0\n"
06-12 11:31:31.300 V/AmlogicVideoDecoderAwesome2(  475): [62]flushOutput:1098 >
06-12 11:31:31.300 D/AmlogicVideoDecoderAwesome2(  475): [62]"mVideo stop\n"
06-12 11:31:31.300 V/AmlogicVideoDecoderAwesome2(  475): [62]stop:366 >
06-12 11:31:31.301 I/OmxComponent(  475): OMX-70 STATE_TRANS: OMX_StateExecuting => OMX_StateIdle : OMX.amlogic.hevc.decoder.awesome2
06-12 11:31:31.301 I/OmxComponent(  475): STATE_DONE:  OMX_StateExecuting => OMX_StateIdle : OMX.amlogic.hevc.decoder.awesome2
06-12 11:31:31.301 I/OmxComponent(  475): OMX_CommandStateSet 850 Cmd 0 nParam1 0x1
06-12 11:31:31.301 I/OmxComponent(  475): OMX-70 STATE_SET:   OMX_StateIdle => OMX_StateLoaded : OMX.amlogic.hevc.decoder.awesome2
06-12 11:31:31.301 V/AmlogicVideoDecoderAwesome2(  475): [62]releaseResources:443 >
06-12 11:31:31.301 V/AmlogicVideoDecoderAwesome2(  475): [62]tearDown:802 >
06-12 11:31:31.301 V/AmlogicVideoDecoderAwesome2(  475): [62]tearDown:1563 >
06-12 11:31:31.302 V/AmlogicVideoDecoderAwesome2(  475): [62]initializeState_l:1611 >
06-12 11:31:31.302 D/VideoDecWraper(  475): destroy
06-12 11:31:31.302 I/VDA     (  475): [0] "Destroy"
06-12 11:31:31.302 I/VDA     (  475): [0] "DestroyTask(): IN[0,0], OUT[0,0,0] DEC[0->0] => DEVICE[3+0/3->0+0/12] => CLIENT[9]\n"
06-12 11:31:31.302 I/VDA     (  475): [0] "StopDevicePoll\n"
06-12 11:31:31.303 I/VDA     (  475): [0] "StopInputStream input_streamon 0, input_buffer_map_.size 3\n"
06-12 11:31:31.303 I/VDA     (  475): [0] "DestroyInputBuffers\n"
06-12 11:31:31.318 I/[ 5280.908535@0]  [amlv4l](    0): [97]: reset mode: 1, es frames buffering: 0
06-12 11:31:31.325 D/[ 5280.908631@0]  [h265](    0): [0]h265:pts_unstable=0
06-12 11:31:31.325 D/[ 5280.908639@0]  [h265](    0): [0]h265: ver (201602101,0) decinfo: 0x0 rate=3840
06-12 11:31:31.346 D/[ 5280.933973@0]  [amlcom](    0): vdec_release instance 00000000ffbaff47, total 1
06-12 11:31:31.346 D/[ 5280.934154@0]  [media_clock](    0): the clk_hevcf_mux   clock off, ref cnt: 0
06-12 11:31:31.346 D/[ 5280.934171@0]  [media_clock](    0): the clk_hevcb_mux   clock off, ref cnt: 0
06-12 11:31:31.346 I/[ 5280.936167@0]  dim(    0): unreg:use[2]ms
06-12 11:31:31.346 I/[ 5280.936270@0]  dim(    0): di_destroy_instance:ch[2]:end
06-12 11:31:31.347 D/VideoDecWraper(  475): ~VideoDecWraper
06-12 11:31:31.347 I/AmVideoDec(  475): [0] "~AmVideoDec IN[34:34] OUT[17:5]\n"
06-12 11:31:31.347 D/OmxResManage(  475): Release fd = 12
06-12 11:31:31.347 D/resman  (  475): release all, fd:12
06-12 11:31:31.347 I/OmxComponent(  475): OMX-70 STATE_TRANS: OMX_StateIdle => OMX_StateLoaded : OMX.amlogic.hevc.decoder.awesome2
06-12 11:31:31.347 I/OmxComponent(  475): STATE_DONE:  OMX_StateIdle => OMX_StateLoaded : OMX.amlogic.hevc.decoder.awesome2
06-12 11:31:31.348 D/OmxComponentManagerImpl(  475): DecreaseEntryNumByName pEntry->mNum=1, pEntry->mMaxNum:9,componentName:OMX.amlogic.hevc.decoder.awesome2
06-12 11:31:31.348 I/omx_core(  475): OMX_freeHandle_num_= 0
06-12 11:31:31.348 D/OmxVideoDecoder(  475): ~OmxVideoDecoder===pSidebandWindow:0x0
06-12 11:31:31.348 D/AmlogicVideoPassthrough(  475): [1]"~AmlogicVideoPassthrough"
06-12 11:31:31.348 D/AmlogicVideoPassthrough(  475): [0]"~AmlogicVideoPassthrough, mOmxInstancenum 0"
06-12 11:31:31.348 D/OmxComponent(  475): ~OmxComponent 281 : OMX.amlogic.hevc.decoder.awesome2
06-12 11:31:31.348 I/AmlogicVideoDecoderAwesome2(  475): [62]"~AmlogicVideoDecoderAwesome2"
06-12 11:31:31.348 D/AmlogicVideoDecoderAwesome2(  475): [62]"~AmlogicVideoDecoder2"
06-12 11:31:31.349 D/AmlogicVideoDecoderAwesome2(  475): [62]"~AmlogicVideoDecoder2, mOmxInstancenum 0"
06-12 11:31:31.349 D/OmxResManage(  475): ~ResManWrapper fd = 12
06-12 11:31:31.349 D/resman  (  475): release all resource, fd = 12
06-12 11:31:31.350 D/SurfaceUtils(28987): disconnecting from surface 0xb3021008, reason disconnectFromSurface
06-12 11:31:31.359 I/[ 5280.938753@2]  resman(    0): 90 release [decoder]
06-12 11:31:31.359 I/[ 5280.938767@2]  resman(    0): 90 release [codec_mm]
06-12 11:31:31.359 E/        (    0): [ 5280.939901@1]  disalbe fastplay
06-12 11:31:31.372 D/stbdpc  (  403): STB_DPGetNumPaths[570]: num_paths: 1
06-12 11:31:31.399 W/SoundPool(28987): Use of stream types is deprecated for operations other than volume control
06-12 11:31:31.399 W/SoundPool(28987): See the documentation of SoundPool() for what to use instead with android.media.AudioAttributes to qualify your playback use case
06-12 11:31:31.433 W/APM::AudioPolicyEngine(  391): getDevicesForStrategy() unknown strategy: -1
06-12 11:31:31.435 I/system_server(  628): oneway function results will be dropped but finished with status OK and parcel size 4
06-12 11:31:31.437 I/AmFFmpegExtractor(  461): checkInList: isw:0, m:audio/ogg, t:1, i:86021 t:0
06-12 11:31:31.437 I/AmFFmpegExtractor(  461): checkInList: isw:1, m:audio/ogg, t:1, i:86021 t:0
06-12 11:31:31.437 E/AmFFmpegExtractor(  461): codec_ctx->properties: 0
06-12 11:31:31.437 I/AmFFmpegExtractor(  461): checkSupportInList ret 1
06-12 11:31:31.443 I/AmFFmpegExtractor(  461): checkInList: isw:0, m:audio/ogg, t:1, i:86021 t:0
06-12 11:31:31.443 I/AmFFmpegExtractor(  461): checkInList: isw:1, m:audio/ogg, t:1, i:86021 t:0
06-12 11:31:31.443 E/AmFFmpegExtractor(  461): codec_ctx->properties: 0
06-12 11:31:31.443 I/AmFFmpegExtractor(  461): checkSupportInList ret 1
06-12 11:31:31.458 I/AmFFmpegExtractor(  461): checkInList: isw:0, m:audio/ogg, t:1, i:86021 t:0
06-12 11:31:31.458 I/AmFFmpegExtractor(  461): checkInList: isw:1, m:audio/ogg, t:1, i:86021 t:0
06-12 11:31:31.458 E/AmFFmpegExtractor(  461): codec_ctx->properties: 0
06-12 11:31:31.458 I/AmFFmpegExtractor(  461): checkSupportInList ret 0
06-12 11:31:31.458 E/AmFFmpegExtractor(  461): vendor do not support
06-12 11:31:31.462 I/AmFFmpegExtractor(  461): checkInList: isw:0, m:audio/ogg, t:1, i:86021 t:0
06-12 11:31:31.463 I/AmFFmpegExtractor(  461): checkInList: isw:1, m:audio/ogg, t:1, i:86021 t:0
06-12 11:31:31.463 E/AmFFmpegExtractor(  461): codec_ctx->properties: 0
06-12 11:31:31.463 I/AmFFmpegExtractor(  461): checkSupportInList ret 0
06-12 11:31:31.463 E/AmFFmpegExtractor(  461): vendor do not support
06-12 11:31:31.472 D/stbdpc  (  403): STB_DPGetNumPaths[570]: num_paths: 1
06-12 11:31:31.484 E/Utils   (  461): did not find channel-count and/or sample-rate
06-12 11:31:31.485 D/dvb_iptv(  403): ReadEmmNetworkTask[1537]: EMM Select Timeout Occured 32
06-12 11:31:31.485 E/Utils   (  461): did not find channel-count and/or sample-rate
06-12 11:31:31.489 I/AmAVUtils(28987): set profile 0 level:0
06-12 11:31:31.494 I/AmAVUtils(28987): set profile 0 level:0
06-12 11:31:31.496 D/CCodec  (28987): allocate(c2.android.vorbis.decoder)
06-12 11:31:31.497 V/C2Store (  476): in init
06-12 11:31:31.497 V/C2Store (  476): loading dll
06-12 11:31:31.501 D/CCodec  (28987): allocate(c2.android.vorbis.decoder)
06-12 11:31:31.513 I/CCodec  (28987): Created component [c2.android.vorbis.decoder]
06-12 11:31:31.513 I/CCodec  (28987): Created component [c2.android.vorbis.decoder]
06-12 11:31:31.514 D/CCodecConfig(28987): read media type: audio/vorbis
06-12 11:31:31.516 D/CCodecConfig(28987): read media type: audio/vorbis
06-12 11:31:31.517 D/ReflectedParamUpdater(28987): extent() != 1 for single value type: algo.buffers.max-count.values
06-12 11:31:31.517 D/ReflectedParamUpdater(28987): extent() != 1 for single value type: output.subscribed-indices.values
06-12 11:31:31.518 D/ReflectedParamUpdater(28987): extent() != 1 for single value type: input.buffers.allocator-ids.values
06-12 11:31:31.518 D/ReflectedParamUpdater(28987): extent() != 1 for single value type: output.buffers.allocator-ids.values
06-12 11:31:31.518 V/DigitalSignage(  628): Package Name: null
06-12 11:31:31.518 V/DigitalSignage(  628): Left: 0
06-12 11:31:31.518 V/DigitalSignage(  628): Right: 0
06-12 11:31:31.518 D/ReflectedParamUpdater(28987): extent() != 1 for single value type: algo.buffers.allocator-ids.values
06-12 11:31:31.518 V/DigitalSignage(  628): Top: 0
06-12 11:31:31.518 V/DigitalSignage(  628): Bottom: 0
06-12 11:31:31.518 D/ReflectedParamUpdater(28987): extent() != 1 for single value type: output.buffers.pool-ids.values
06-12 11:31:31.519 D/DigitalSignage(  628): else - Package Name :: null left : 0 right :: 0 top :: 0 bottom :: 0 dfu-right :: 1920 dfu-bottom :: 1080
06-12 11:31:31.519 D/ReflectedParamUpdater(28987): extent() != 1 for single value type: algo.buffers.pool-ids.values
06-12 11:31:31.522 I/CCodecConfig(28987): query failed after returning 7 values (BAD_INDEX)
06-12 11:31:31.522 D/CCodecConfig(28987): c2 config diff is Dict {
06-12 11:31:31.522 D/CCodecConfig(28987):   c2::u32 coded.bitrate.value = 64000
06-12 11:31:31.522 D/CCodecConfig(28987):   c2::u32 input.buffers.max-size.value = 32768
06-12 11:31:31.522 D/CCodecConfig(28987):   c2::u32 input.delay.value = 0
06-12 11:31:31.522 D/CCodecConfig(28987):   string input.media-type.value = "audio/vorbis"
06-12 11:31:31.522 D/CCodecConfig(28987):   string output.media-type.value = "audio/raw"
06-12 11:31:31.522 D/CCodecConfig(28987):   c2::u32 raw.channel-count.value = 1
06-12 11:31:31.522 D/CCodecConfig(28987):   c2::u32 raw.sample-rate.value = 48000
06-12 11:31:31.522 D/CCodecConfig(28987): }
06-12 11:31:31.544 I/[ 5281.129856@1]  vc(    0): [0]vc: set enable index=0, val=0
06-12 11:31:31.561 I/[ 5281.129883@1]  VID(    0): store VD0 path_id changed 2->-1
06-12 11:31:31.561 I/        (    0): [ 5281.129886@1]  dev->index =0, val=1
06-12 11:31:31.561 I/[ 5281.129889@1]  VID(    0): VD1 off
06-12 11:31:31.561 I/[ 5281.129895@1]  VID(    0): VD1 set global output as 0
06-12 11:31:31.561 I/        (    0): [ 5281.129916@1]  common_vf_unreg_provider video_render.0: vd1 used: true, vd2 used: false, vd3 used: false, black_out:0, cur_buf:00000000df3e02e9
06-12 11:31:31.523 D/ReflectedParamUpdater(28987): extent() != 1 for single value type: algo.buffers.max-count.values
06-12 11:31:31.524 D/ReflectedParamUpdater(28987): extent() != 1 for single value type: output.subscribed-indices.values
06-12 11:31:31.524 D/CCodec  (28987): [c2.android.vorbis.decoder] buffers are bound to CCodec for this session
06-12 11:31:31.524 D/ReflectedParamUpdater(28987): extent() != 1 for single value type: input.buffers.allocator-ids.values
06-12 11:31:31.524 D/CCodecConfig(28987): no c2 equivalents for durationUs
06-12 11:31:31.524 D/CCodecConfig(28987): no c2 equivalents for track-id
06-12 11:31:31.524 D/CCodecConfig(28987): no c2 equivalents for csd-1
06-12 11:31:31.524 D/CCodecConfig(28987): no c2 equivalents for channel-mask
06-12 11:31:31.524 D/CCodecConfig(28987): no c2 equivalents for flags
06-12 11:31:31.524 D/ReflectedParamUpdater(28987): extent() != 1 for single value type: output.buffers.allocator-ids.values
06-12 11:31:31.525 D/ReflectedParamUpdater(28987): extent() != 1 for single value type: algo.buffers.allocator-ids.values
06-12 11:31:31.525 D/ReflectedParamUpdater(28987): extent() != 1 for single value type: output.buffers.pool-ids.values
06-12 11:31:31.525 D/CCodecConfig(28987): c2 config diff is   c2::u32 raw.sample-rate.value = 16000
06-12 11:31:31.525 D/ReflectedParamUpdater(28987): extent() != 1 for single value type: algo.buffers.pool-ids.values
06-12 11:31:31.527 W/Codec2Client(28987): query -- param skipped: index = 1107298332.
06-12 11:31:31.528 D/CCodec  (28987): setup formats input: AMessage(what = 0x00000000) = {
06-12 11:31:31.528 D/CCodec  (28987):   int32_t channel-count = 1
06-12 11:31:31.528 D/CCodec  (28987):   int32_t max-input-size = 32768
06-12 11:31:31.528 D/CCodec  (28987):   string mime = "audio/vorbis"
06-12 11:31:31.528 D/CCodec  (28987):   int32_t sample-rate = 16000
06-12 11:31:31.528 D/CCodec  (28987): } and output: AMessage(what = 0x00000000) = {
06-12 11:31:31.528 D/CCodec  (28987):   int32_t channel-count = 1
06-12 11:31:31.528 D/CCodec  (28987):   string mime = "audio/raw"
06-12 11:31:31.528 D/CCodec  (28987):   int32_t sample-rate = 16000
06-12 11:31:31.528 D/CCodec  (28987):   int32_t channel-mask = 1
06-12 11:31:31.528 D/CCodec  (28987): }
06-12 11:31:31.529 I/CCodecConfig(28987): query failed after returning 7 values (BAD_INDEX)
06-12 11:31:31.529 D/CCodecConfig(28987): c2 config diff is Dict {
06-12 11:31:31.529 D/CCodecConfig(28987):   c2::u32 coded.bitrate.value = 64000
06-12 11:31:31.529 D/CCodecConfig(28987):   c2::u32 input.buffers.max-size.value = 32768
06-12 11:31:31.529 D/CCodecConfig(28987):   c2::u32 input.delay.value = 0
06-12 11:31:31.529 D/CCodecConfig(28987):   string input.media-type.value = "audio/vorbis"
06-12 11:31:31.529 D/CCodecConfig(28987):   string output.media-type.value = "audio/raw"
06-12 11:31:31.529 D/CCodecConfig(28987):   c2::u32 raw.channel-count.value = 1
06-12 11:31:31.529 D/CCodecConfig(28987):   c2::u32 raw.sample-rate.value = 48000
06-12 11:31:31.529 D/CCodecConfig(28987): }
06-12 11:31:31.532 D/CCodec  (28987): [c2.android.vorbis.decoder] buffers are bound to CCodec for this session
06-12 11:31:31.532 D/CCodecConfig(28987): no c2 equivalents for durationUs
06-12 11:31:31.532 D/CCodecConfig(28987): no c2 equivalents for track-id
06-12 11:31:31.532 D/CCodecConfig(28987): no c2 equivalents for csd-1
06-12 11:31:31.532 D/CCodecConfig(28987): no c2 equivalents for channel-mask
06-12 11:31:31.532 D/CCodecConfig(28987): no c2 equivalents for flags
06-12 11:31:31.534 W/Codec2Client(28987): query -- param skipped: index = 1342179345.
06-12 11:31:31.534 W/Codec2Client(28987): query -- param skipped: index = 2415921170.
06-12 11:31:31.535 E/FMQ     (28987): grantorIdx must be less than 3
06-12 11:31:31.535 E/FMQ     (28987): grantorIdx must be less than 3
06-12 11:31:31.535 D/CCodecBufferChannel(28987): [c2.android.vorbis.decoder#605] Created input block pool with allocatorID 16 => poolID 19 - OK (0)
06-12 11:31:31.536 E/FMQ     (  476): grantorIdx must be less than 3
06-12 11:31:31.537 E/FMQ     (  476): grantorIdx must be less than 3
06-12 11:31:31.538 I/CCodecBufferChannel(28987): [c2.android.vorbis.decoder#605] Created output block pool with allocatorID 16 => poolID 110 - OK
06-12 11:31:31.538 D/MesonHwc(  364): VideoComposerDev (10) set (0).
06-12 11:31:31.539 D/CCodecBufferChannel(28987): [c2.android.vorbis.decoder#605] Configured output block pool ids 110 => OK
06-12 11:31:31.550 D/SimpleC2Component(  476): Using output block pool with poolID 110 => got 110 - 0
06-12 11:31:31.552 E/FMQ     (28987): grantorIdx must be less than 3
06-12 11:31:31.552 E/FMQ     (  476): grantorIdx must be less than 3
06-12 11:31:31.553 D/SystemControl(  348): [CPQControl]:onVframeSizeChange: event value = 10(0xa)!
06-12 11:31:31.553 D/SystemControl(  348): [CPQControl]:onVframeSizeChange: send hdr event,info is 6.!
06-12 11:31:31.553 D/JioServiceSysCtrlEvent( 1856): notifyHdrInfoChangedCallback newHdrInfo:6
06-12 11:31:31.572 D/stbdpc  (  403): STB_DPGetNumPaths[570]: num_paths: 1
06-12 11:31:31.575 D/CCodecConfig(28987): c2 config diff is   c2::u32 raw.sample-rate.value = 16000
06-12 11:31:31.576 W/Codec2Client(28987): query -- param skipped: index = 1107298332.
06-12 11:31:31.577 D/CCodec  (28987): setup formats input: AMessage(what = 0x00000000) = {
06-12 11:31:31.577 D/CCodec  (28987):   int32_t channel-count = 1
06-12 11:31:31.577 D/CCodec  (28987):   int32_t max-input-size = 32768
06-12 11:31:31.577 D/CCodec  (28987):   string mime = "audio/vorbis"
06-12 11:31:31.577 D/CCodec  (28987):   int32_t sample-rate = 16000
06-12 11:31:31.577 D/CCodec  (28987): } and output: AMessage(what = 0x00000000) = {
06-12 11:31:31.577 D/CCodec  (28987):   int32_t channel-count = 1
06-12 11:31:31.577 D/CCodec  (28987):   string mime = "audio/raw"
06-12 11:31:31.577 D/CCodec  (28987):   int32_t sample-rate = 16000
06-12 11:31:31.577 D/CCodec  (28987):   int32_t channel-mask = 1
06-12 11:31:31.577 D/CCodec  (28987): }
06-12 11:31:31.577 E/FMQ     (  476): grantorIdx must be less than 3
06-12 11:31:31.578 W/Codec2Client(28987): query -- param skipped: index = 1342179345.
06-12 11:31:31.578 W/Codec2Client(28987): query -- param skipped: index = 2415921170.
06-12 11:31:31.578 E/FMQ     (28987): grantorIdx must be less than 3
06-12 11:31:31.580 D/CCodecBuffers(28987): [c2.android.vorbis.decoder#605:Output[N]] popFromStashAndRegister: output format changed to AMessage(what = 0x00000000) = {
06-12 11:31:31.580 D/CCodecBuffers(28987):   int32_t channel-count = 1
06-12 11:31:31.580 D/CCodecBuffers(28987):   string mime = "audio/raw"
06-12 11:31:31.580 D/CCodecBuffers(28987):   int32_t sample-rate = 16000
06-12 11:31:31.580 D/CCodecBuffers(28987):   int32_t channel-mask = 1
06-12 11:31:31.580 D/CCodecBuffers(28987): }
06-12 11:31:31.580 E/FMQ     (28987): grantorIdx must be less than 3
06-12 11:31:31.580 E/FMQ     (28987): grantorIdx must be less than 3
06-12 11:31:31.580 D/CCodecBufferChannel(28987): [c2.android.vorbis.decoder#653] Created input block pool with allocatorID 16 => poolID 20 - OK (0)
06-12 11:31:31.584 E/FMQ     (  476): grantorIdx must be less than 3
06-12 11:31:31.584 E/FMQ     (  476): grantorIdx must be less than 3
06-12 11:31:31.585 I/CCodecBufferChannel(28987): [c2.android.vorbis.decoder#653] Created output block pool with allocatorID 16 => poolID 111 - OK
06-12 11:31:31.585 D/CCodecBufferChannel(28987): [c2.android.vorbis.decoder#653] Configured output block pool ids 111 => OK
06-12 11:31:31.586 D/SimpleC2Component(  476): Using output block pool with poolID 111 => got 111 - 0
06-12 11:31:31.588 E/FMQ     (28987): grantorIdx must be less than 3
06-12 11:31:31.589 E/FMQ     (  476): grantorIdx must be less than 3
06-12 11:31:31.591 D/ltts_ip_emm(  403): LTTS_IP_DMXStartEMM[381]: parse_emm_cat_status failed
06-12 11:31:31.602 E/FMQ     (  476): grantorIdx must be less than 3
06-12 11:31:31.606 E/FMQ     (28987): grantorIdx must be less than 3
06-12 11:31:31.610 D/CCodecBuffers(28987): [c2.android.vorbis.decoder#653:Output[N]] popFromStashAndRegister: output format changed to AMessage(what = 0x00000000) = {
06-12 11:31:31.610 D/CCodecBuffers(28987):   int32_t channel-count = 1
06-12 11:31:31.610 D/CCodecBuffers(28987):   string mime = "audio/raw"
06-12 11:31:31.610 D/CCodecBuffers(28987):   int32_t sample-rate = 16000
06-12 11:31:31.610 D/CCodecBuffers(28987):   int32_t channel-mask = 1
06-12 11:31:31.610 D/CCodecBuffers(28987): }
06-12 11:31:31.621 D/CCodecBufferChannel(28987): [c2.android.vorbis.decoder#605] MediaCodec discarded an unknown buffer
06-12 11:31:31.622 I/chatty  (28987): uid=10072(in.startv.hotstar) identical 1 line
06-12 11:31:31.622 D/CCodecBufferChannel(28987): [c2.android.vorbis.decoder#605] MediaCodec discarded an unknown buffer
06-12 11:31:31.626 I/hw-BpHwBinder(28987): onLastStrongRef automatically unlinking death recipients
06-12 11:31:31.655 I/AmFFmpegExtractor(  461): checkInList: isw:0, m:audio/ogg, t:1, i:86021 t:0
06-12 11:31:31.655 I/AmFFmpegExtractor(  461): checkInList: isw:1, m:audio/ogg, t:1, i:86021 t:0
06-12 11:31:31.655 E/AmFFmpegExtractor(  461): codec_ctx->properties: 0
06-12 11:31:31.655 I/AmFFmpegExtractor(  461): checkSupportInList ret 1
06-12 11:31:31.665 I/AmFFmpegExtractor(  461): checkInList: isw:0, m:audio/ogg, t:1, i:86021 t:0
06-12 11:31:31.666 I/AmFFmpegExtractor(  461): checkInList: isw:1, m:audio/ogg, t:1, i:86021 t:0
06-12 11:31:31.666 E/AmFFmpegExtractor(  461): codec_ctx->properties: 0
06-12 11:31:31.666 I/AmFFmpegExtractor(  461): checkSupportInList ret 0
06-12 11:31:31.666 E/AmFFmpegExtractor(  461): vendor do not support
06-12 11:31:31.668 D/CCodecBufferChannel(28987): [c2.android.vorbis.decoder#653] MediaCodec discarded an unknown buffer
06-12 11:31:31.668 I/chatty  (28987): uid=10072(in.startv.hotstar) NDK MediaCodec_ identical 1 line
06-12 11:31:31.668 D/CCodecBufferChannel(28987): [c2.android.vorbis.decoder#653] MediaCodec discarded an unknown buffer
06-12 11:31:31.670 I/hw-BpHwBinder(28987): onLastStrongRef automatically unlinking death recipients
06-12 11:31:31.672 I/hw-BpHwBinder(  476): onLastStrongRef automatically unlinking death recipients
06-12 11:31:31.672 V/C2Store (  476): in ~ComponentModule
06-12 11:31:31.672 V/C2Store (  476): unloading dll
06-12 11:31:31.673 D/stbdpc  (  403): STB_DPGetNumPaths[570]: num_paths: 1
06-12 11:31:31.674 E/Utils   (  461): did not find channel-count and/or sample-rate
06-12 11:31:31.677 I/AmAVUtils(28987): set profile 0 level:0
06-12 11:31:31.679 D/CCodec  (28987): allocate(c2.android.vorbis.decoder)
06-12 11:31:31.680 V/C2Store (  476): in init
06-12 11:31:31.680 V/C2Store (  476): loading dll
06-12 11:31:31.681 I/AmFFmpegExtractor(  461): checkInList: isw:0, m:audio/ogg, t:1, i:86021 t:0
06-12 11:31:31.681 I/AmFFmpegExtractor(  461): checkInList: isw:1, m:audio/ogg, t:1, i:86021 t:0
06-12 11:31:31.681 E/AmFFmpegExtractor(  461): codec_ctx->properties: 0
06-12 11:31:31.681 I/AmFFmpegExtractor(  461): checkSupportInList ret 1
06-12 11:31:31.684 I/CCodec  (28987): Created component [c2.android.vorbis.decoder]
06-12 11:31:31.685 D/CCodecConfig(28987): read media type: audio/vorbis
06-12 11:31:31.687 I/AmFFmpegExtractor(  461): checkInList: isw:0, m:audio/ogg, t:1, i:86021 t:0
06-12 11:31:31.687 I/AmFFmpegExtractor(  461): checkInList: isw:1, m:audio/ogg, t:1, i:86021 t:0
06-12 11:31:31.687 E/AmFFmpegExtractor(  461): codec_ctx->properties: 0
06-12 11:31:31.687 I/AmFFmpegExtractor(  461): checkSupportInList ret 0
06-12 11:31:31.687 E/AmFFmpegExtractor(  461): vendor do not support
06-12 11:31:31.690 D/ReflectedParamUpdater(28987): extent() != 1 for single value type: algo.buffers.max-count.values
06-12 11:31:31.690 D/ReflectedParamUpdater(28987): extent() != 1 for single value type: output.subscribed-indices.values
06-12 11:31:31.690 D/ReflectedParamUpdater(28987): extent() != 1 for single value type: input.buffers.allocator-ids.values
06-12 11:31:31.690 D/ReflectedParamUpdater(28987): extent() != 1 for single value type: output.buffers.allocator-ids.values
06-12 11:31:31.691 D/ReflectedParamUpdater(28987): extent() != 1 for single value type: algo.buffers.allocator-ids.values
06-12 11:31:31.691 D/ReflectedParamUpdater(28987): extent() != 1 for single value type: output.buffers.pool-ids.values
06-12 11:31:31.691 D/ReflectedParamUpdater(28987): extent() != 1 for single value type: algo.buffers.pool-ids.values
06-12 11:31:31.693 E/Utils   (  461): did not find channel-count and/or sample-rate
06-12 11:31:31.694 I/CCodecConfig(28987): query failed after returning 7 values (BAD_INDEX)
06-12 11:31:31.694 D/CCodecConfig(28987): c2 config diff is Dict {
06-12 11:31:31.694 D/CCodecConfig(28987):   c2::u32 coded.bitrate.value = 64000
06-12 11:31:31.694 D/CCodecConfig(28987):   c2::u32 input.buffers.max-size.value = 32768
06-12 11:31:31.694 D/CCodecConfig(28987):   c2::u32 input.delay.value = 0
06-12 11:31:31.694 D/CCodecConfig(28987):   string input.media-type.value = "audio/vorbis"
06-12 11:31:31.694 D/CCodecConfig(28987):   string output.media-type.value = "audio/raw"
06-12 11:31:31.694 D/CCodecConfig(28987):   c2::u32 raw.channel-count.value = 1
06-12 11:31:31.694 D/CCodecConfig(28987):   c2::u32 raw.sample-rate.value = 48000
06-12 11:31:31.694 D/CCodecConfig(28987): }
06-12 11:31:31.695 I/AmAVUtils(28987): set profile 0 level:0
06-12 11:31:31.696 D/CCodec  (28987): [c2.android.vorbis.decoder] buffers are bound to CCodec for this session
06-12 11:31:31.696 D/CCodecConfig(28987): no c2 equivalents for durationUs
06-12 11:31:31.697 D/CCodecConfig(28987): no c2 equivalents for track-id
06-12 11:31:31.697 D/CCodecConfig(28987): no c2 equivalents for csd-1
06-12 11:31:31.697 D/CCodecConfig(28987): no c2 equivalents for channel-mask
06-12 11:31:31.697 D/CCodecConfig(28987): no c2 equivalents for flags
06-12 11:31:31.698 D/CCodec  (28987): allocate(c2.android.vorbis.decoder)
06-12 11:31:31.698 D/CCodecConfig(28987): c2 config diff is   c2::u32 raw.sample-rate.value = 16000
06-12 11:31:31.700 W/Codec2Client(28987): query -- param skipped: index = 1107298332.
06-12 11:31:31.700 D/CCodec  (28987): setup formats input: AMessage(what = 0x00000000) = {
06-12 11:31:31.700 D/CCodec  (28987):   int32_t channel-count = 1
06-12 11:31:31.700 D/CCodec  (28987):   int32_t max-input-size = 32768
06-12 11:31:31.700 D/CCodec  (28987):   string mime = "audio/vorbis"
06-12 11:31:31.700 D/CCodec  (28987):   int32_t sample-rate = 16000
06-12 11:31:31.700 D/CCodec  (28987): } and output: AMessage(what = 0x00000000) = {
06-12 11:31:31.700 D/CCodec  (28987):   int32_t channel-count = 1
06-12 11:31:31.700 D/CCodec  (28987):   string mime = "audio/raw"
06-12 11:31:31.700 D/CCodec  (28987):   int32_t sample-rate = 16000
06-12 11:31:31.700 D/CCodec  (28987):   int32_t channel-mask = 1
06-12 11:31:31.700 D/CCodec  (28987): }
06-12 11:31:31.700 I/CCodec  (28987): Created component [c2.android.vorbis.decoder]
06-12 11:31:31.701 D/CCodecConfig(28987): read media type: audio/vorbis
06-12 11:31:31.701 W/Codec2Client(28987): query -- param skipped: index = 1342179345.
06-12 11:31:31.701 W/Codec2Client(28987): query -- param skipped: index = 2415921170.
06-12 11:31:31.702 E/FMQ     (28987): grantorIdx must be less than 3
06-12 11:31:31.703 E/FMQ     (28987): grantorIdx must be less than 3
06-12 11:31:31.703 D/CCodecBufferChannel(28987): [c2.android.vorbis.decoder#893] Created input block pool with allocatorID 16 => poolID 21 - OK (0)
06-12 11:31:31.704 E/FMQ     (  476): grantorIdx must be less than 3
06-12 11:31:31.704 E/FMQ     (  476): grantorIdx must be less than 3
06-12 11:31:31.705 I/CCodecBufferChannel(28987): [c2.android.vorbis.decoder#893] Created output block pool with allocatorID 16 => poolID 112 - OK
06-12 11:31:31.705 D/CCodecBufferChannel(28987): [c2.android.vorbis.decoder#893] Configured output block pool ids 112 => OK
06-12 11:31:31.706 D/ReflectedParamUpdater(28987): extent() != 1 for single value type: algo.buffers.max-count.values
06-12 11:31:31.707 D/ReflectedParamUpdater(28987): extent() != 1 for single value type: output.subscribed-indices.values
06-12 11:31:31.710 D/SimpleC2Component(  476): Using output block pool with poolID 112 => got 112 - 0
06-12 11:31:31.712 E/FMQ     (28987): grantorIdx must be less than 3
06-12 11:31:31.713 E/FMQ     (  476): grantorIdx must be less than 3
06-12 11:31:31.715 D/ReflectedParamUpdater(28987): extent() != 1 for single value type: input.buffers.allocator-ids.values
06-12 11:31:31.715 D/ReflectedParamUpdater(28987): extent() != 1 for single value type: output.buffers.allocator-ids.values
06-12 11:31:31.716 D/ReflectedParamUpdater(28987): extent() != 1 for single value type: algo.buffers.allocator-ids.values
06-12 11:31:31.716 D/ReflectedParamUpdater(28987): extent() != 1 for single value type: output.buffers.pool-ids.values
06-12 11:31:31.716 D/ReflectedParamUpdater(28987): extent() != 1 for single value type: algo.buffers.pool-ids.values
06-12 11:31:31.719 I/CCodecConfig(28987): query failed after returning 7 values (BAD_INDEX)
06-12 11:31:31.719 D/CCodecConfig(28987): c2 config diff is Dict {
06-12 11:31:31.719 D/CCodecConfig(28987):   c2::u32 coded.bitrate.value = 64000
06-12 11:31:31.719 D/CCodecConfig(28987):   c2::u32 input.buffers.max-size.value = 32768
06-12 11:31:31.719 D/CCodecConfig(28987):   c2::u32 input.delay.value = 0
06-12 11:31:31.719 D/CCodecConfig(28987):   string input.media-type.value = "audio/vorbis"
06-12 11:31:31.719 D/CCodecConfig(28987):   string output.media-type.value = "audio/raw"
06-12 11:31:31.719 D/CCodecConfig(28987):   c2::u32 raw.channel-count.value = 1
06-12 11:31:31.719 D/CCodecConfig(28987):   c2::u32 raw.sample-rate.value = 48000
06-12 11:31:31.719 D/CCodecConfig(28987): }
06-12 11:31:31.721 D/CCodec  (28987): [c2.android.vorbis.decoder] buffers are bound to CCodec for this session
06-12 11:31:31.721 D/CCodecConfig(28987): no c2 equivalents for durationUs
06-12 11:31:31.721 D/CCodecConfig(28987): no c2 equivalents for track-id
06-12 11:31:31.721 D/CCodecConfig(28987): no c2 equivalents for csd-1
06-12 11:31:31.721 D/CCodecConfig(28987): no c2 equivalents for channel-mask
06-12 11:31:31.721 D/CCodecConfig(28987): no c2 equivalents for flags
06-12 11:31:31.722 D/CCodecConfig(28987): c2 config diff is   c2::u32 raw.sample-rate.value = 16000
06-12 11:31:31.724 W/Codec2Client(28987): query -- param skipped: index = 1107298332.
06-12 11:31:31.724 D/CCodec  (28987): setup formats input: AMessage(what = 0x00000000) = {
06-12 11:31:31.724 D/CCodec  (28987):   int32_t channel-count = 1
06-12 11:31:31.724 D/CCodec  (28987):   int32_t max-input-size = 32768
06-12 11:31:31.724 D/CCodec  (28987):   string mime = "audio/vorbis"
06-12 11:31:31.724 D/CCodec  (28987):   int32_t sample-rate = 16000
06-12 11:31:31.724 D/CCodec  (28987): } and output: AMessage(what = 0x00000000) = {
06-12 11:31:31.724 D/CCodec  (28987):   int32_t channel-count = 1
06-12 11:31:31.724 D/CCodec  (28987):   string mime = "audio/raw"
06-12 11:31:31.724 D/CCodec  (28987):   int32_t sample-rate = 16000
06-12 11:31:31.724 D/CCodec  (28987):   int32_t channel-mask = 1
06-12 11:31:31.724 D/CCodec  (28987): }
06-12 11:31:31.725 W/Codec2Client(28987): query -- param skipped: index = 1342179345.
06-12 11:31:31.725 W/Codec2Client(28987): query -- param skipped: index = 2415921170.
06-12 11:31:31.725 D/JioCastDialServer( 2894): InitiateMulticastUDPConnection :: onUDPMessageReceived() M_SEARCH_REQUEST matches
06-12 11:31:31.725 D/JioCastDialServer( 2894): InitiateMulticastUDPConnection :: onUDPMessageReceived remoteAddress=/192.168.1.11 remotePort=47334
06-12 11:31:31.725 D/JioCastDialServer( 2894): InitiateMulticastUDPConnection :: restService remoteAddress=/192.168.1.8:60250
06-12 11:31:31.725 D/JioCastDialServer( 2894): Utils :: getUUID()
06-12 11:31:31.726 E/FMQ     (28987): grantorIdx must be less than 3
06-12 11:31:31.726 E/FMQ     (28987): grantorIdx must be less than 3
06-12 11:31:31.726 D/CCodecBufferChannel(28987): [c2.android.vorbis.decoder#202] Created input block pool with allocatorID 16 => poolID 22 - OK (0)
06-12 11:31:31.727 E/FMQ     (  476): grantorIdx must be less than 3
06-12 11:31:31.727 E/FMQ     (  476): grantorIdx must be less than 3
06-12 11:31:31.728 I/CCodecBufferChannel(28987): [c2.android.vorbis.decoder#202] Created output block pool with allocatorID 16 => poolID 113 - OK
06-12 11:31:31.728 D/CCodecBufferChannel(28987): [c2.android.vorbis.decoder#202] Configured output block pool ids 113 => OK
06-12 11:31:31.729 E/FMQ     (  476): grantorIdx must be less than 3
06-12 11:31:31.731 D/JioCastDialServer( 2894): InitiateMulticastUDPConnection :: onUDPMessageReceived() Sent MSEARCH Reponse
06-12 11:31:31.731 D/JioCastDialServer( 2894): InitiateMulticastUDPConnection :: startDialServiceDiscovery()
06-12 11:31:31.731 D/JioCastDialServer( 2894): InitiateMulticastUDPConnection :: DialSocket is Closed()
06-12 11:31:31.736 E/FMQ     (28987): grantorIdx must be less than 3
06-12 11:31:31.737 D/SimpleC2Component(  476): Using output block pool with poolID 113 => got 113 - 0
06-12 11:31:31.738 D/CCodecBuffers(28987): [c2.android.vorbis.decoder#893:Output[N]] popFromStashAndRegister: output format changed to AMessage(what = 0x00000000) = {
06-12 11:31:31.738 D/CCodecBuffers(28987):   int32_t channel-count = 1
06-12 11:31:31.738 D/CCodecBuffers(28987):   string mime = "audio/raw"
06-12 11:31:31.738 D/CCodecBuffers(28987):   int32_t sample-rate = 16000
06-12 11:31:31.738 D/CCodecBuffers(28987):   int32_t channel-mask = 1
06-12 11:31:31.738 D/CCodecBuffers(28987): }
06-12 11:31:31.739 E/FMQ     (28987): grantorIdx must be less than 3
06-12 11:31:31.739 E/FMQ     (  476): grantorIdx must be less than 3
06-12 11:31:31.759 E/FMQ     (  476): grantorIdx must be less than 3
06-12 11:31:31.760 E/FMQ     (28987): grantorIdx must be less than 3
06-12 11:31:31.764 D/CCodecBuffers(28987): [c2.android.vorbis.decoder#202:Output[N]] popFromStashAndRegister: output format changed to AMessage(what = 0x00000000) = {
06-12 11:31:31.764 D/CCodecBuffers(28987):   int32_t channel-count = 1
06-12 11:31:31.764 D/CCodecBuffers(28987):   string mime = "audio/raw"
06-12 11:31:31.764 D/CCodecBuffers(28987):   int32_t sample-rate = 16000
06-12 11:31:31.764 D/CCodecBuffers(28987):   int32_t channel-mask = 1
06-12 11:31:31.764 D/CCodecBuffers(28987): }
06-12 11:31:31.773 D/stbdpc  (  403): STB_DPGetNumPaths[570]: num_paths: 1
06-12 11:31:31.807 D/CCodecBufferChannel(28987): [c2.android.vorbis.decoder#893] MediaCodec discarded an unknown buffer
06-12 11:31:31.807 I/chatty  (28987): uid=10072(in.startv.hotstar) NDK MediaCodec_ identical 1 line
06-12 11:31:31.807 D/CCodecBufferChannel(28987): [c2.android.vorbis.decoder#893] MediaCodec discarded an unknown buffer
06-12 11:31:31.810 I/hw-BpHwBinder(28987): onLastStrongRef automatically unlinking death recipients
06-12 11:31:31.823 D/CCodecBufferChannel(28987): [c2.android.vorbis.decoder#202] MediaCodec discarded an unknown buffer
06-12 11:31:31.823 D/CCodecBufferChannel(28987): [c2.android.vorbis.decoder#202] MediaCodec discarded an unknown buffer
06-12 11:31:31.825 I/hw-BpHwBinder(28987): onLastStrongRef automatically unlinking death recipients
06-12 11:31:31.826 I/hw-BpHwBinder(  476): onLastStrongRef automatically unlinking death recipients
06-12 11:31:31.827 V/C2Store (  476): in ~ComponentModule
06-12 11:31:31.827 V/C2Store (  476): unloading dll
06-12 11:31:31.873 D/stbdpc  (  403): STB_DPGetNumPaths[570]: num_paths: 1
06-12 11:31:31.951 V/DigitalSignage(  628): Package Name: null
06-12 11:31:31.952 V/DigitalSignage(  628): Left: 0
06-12 11:31:31.952 V/DigitalSignage(  628): Right: 0
06-12 11:31:31.952 V/DigitalSignage(  628): Top: 0
06-12 11:31:31.952 V/DigitalSignage(  628): Bottom: 0
06-12 11:31:31.952 D/DigitalSignage(  628): else - Package Name :: null left : 0 right :: 0 top :: 0 bottom :: 0 dfu-right :: 1920 dfu-bottom :: 1080
06-12 11:31:31.961 D/JioStbInactivityTimer(  928): Timer: count 239 warningTimeout:10680 timeout:10800
06-12 11:31:31.961 D/JioStbInactivityTimer(  928): isUserActive: Curr:5040547 Prev:5040547
06-12 11:31:31.973 D/stbdpc  (  403): STB_DPGetNumPaths[570]: num_paths: 1
06-12 11:31:31.985 D/dvb_iptv(  403): ReadEmmNetworkTask[1537]: EMM Select Timeout Occured 33
06-12 11:31:32.022 D/rtk_heartbeat(  351): heartbeat_timed_out: heartbeatCmdCount = 5260, expected nextSeqNum = 5260
06-12 11:31:32.024 D/rtk_heartbeat(  351): rtkbt_heartbeat_cmpl_cback: Current SeqNum = 5260,should SeqNum=5260, status = 0
06-12 11:31:32.073 D/stbdpc  (  403): STB_DPGetNumPaths[570]: num_paths: 1
06-12 11:31:32.174 D/stbdpc  (  403): STB_DPGetNumPaths[570]: num_paths: 1
06-12 11:31:32.190 I/ThermalService(  975): CPU temperatures: [67.600006]
06-12 11:31:32.230 E/WifiVendorHal(  628): getWifiLinkLayerStats_1_3_Internal(l.973) failed {.code = ERROR_UNKNOWN, .description = unknown error}
06-12 11:31:32.274 D/stbdpc  (  403): STB_DPGetNumPaths[570]: num_paths: 1
06-12 11:31:32.327 I/JioBackgroundSchedulerService( 2826): Check schedule  
06-12 11:31:32.374 D/stbdpc  (  403): STB_DPGetNumPaths[570]: num_paths: 1
06-12 11:31:32.474 D/stbdpc  (  403): STB_DPGetNumPaths[570]: num_paths: 1
06-12 11:31:32.485 D/dvb_iptv(  403): ReadEmmNetworkTask[1537]: EMM Select Timeout Occured 34
06-12 11:31:32.496 I/.startv.hotsta(28987): Background young concurrent copying GC freed 91473(8258KB) AllocSpace objects, 74(2844KB) LOS objects, 22% free, 35MB/46MB, paused 1.779ms total 183.662ms
06-12 11:31:32.497 I/.startv.hotsta(28987): oneway function results will be dropped but finished with status OK and parcel size 4
06-12 11:31:32.501 I/e.swalekh.abct( 1345): oneway function results will be dropped but finished with status OK and parcel size 4
06-12 11:31:32.514 D/JioSTBMRServer-SERVICE( 3360): InetSocketAddress(InetAddress.getByName(inetAddress.hostAddress)-/192.168.1.255
06-12 11:31:32.514 D/JioSTBMRServer-SERVICE( 3360): #beacon:RKISBFJ60000097:0:false:0:1:SV=181024 , 192.168.1.255
06-12 11:31:32.517 D/JioSTBMRServer-SERVICE( 3360): InetSocketAddress(InetAddress.getByName(inetAddress.hostAddress)-/192.168.1.255
06-12 11:31:32.517 D/JioSTBMRServer-SERVICE( 3360): #broadcast IP:192.168.1.255
06-12 11:31:32.574 D/stbdpc  (  403): STB_DPGetNumPaths[570]: num_paths: 1
06-12 11:31:32.669 I/appium  (28915): The following attributes will be included to the page source: [resource-id]
06-12 11:31:32.674 D/stbdpc  (  403): STB_DPGetNumPaths[570]: num_paths: 1
06-12 11:31:32.750 D/JioCastDialServer( 2894): InitiateMulticastUDPConnection :: onUDPMessageReceived() M_SEARCH_REQUEST matches
06-12 11:31:32.750 D/JioCastDialServer( 2894): InitiateMulticastUDPConnection :: onUDPMessageReceived remoteAddress=/192.168.1.11 remotePort=47334
06-12 11:31:32.750 D/JioCastDialServer( 2894): InitiateMulticastUDPConnection :: restService remoteAddress=/192.168.1.8:60250
06-12 11:31:32.750 D/JioCastDialServer( 2894): Utils :: getUUID()
06-12 11:31:32.751 D/JioCastDialServer( 2894): InitiateMulticastUDPConnection :: onUDPMessageReceived() Sent MSEARCH Reponse
06-12 11:31:32.751 D/JioCastDialServer( 2894): InitiateMulticastUDPConnection :: startDialServiceDiscovery()
06-12 11:31:32.751 D/JioCastDialServer( 2894): InitiateMulticastUDPConnection :: DialSocket is Closed()
06-12 11:31:32.775 D/stbdpc  (  403): STB_DPGetNumPaths[570]: num_paths: 1
06-12 11:31:32.875 D/stbdpc  (  403): STB_DPGetNumPaths[570]: num_paths: 1
06-12 11:31:32.892 I/appium  (28915): Took 0ms to retrieve 1 matches for '//android.widget.EditText[@resource-id='in.startv.hotstar:id/search_bar']' XPath2 query
06-12 11:31:32.900 I/appium  (28915): AppiumResponse: {"sessionId":"f2f440cd-ba45-4555-a5eb-746708f54891","value":{"ELEMENT":"00000000-0000-0026-ffff-ffff000000e1","element-6066-11e4-a52e-4f735466cecf":"00000000-0000-0026-ffff-ffff000000e1"}}
06-12 11:31:32.927 I/appium  (28915): channel read: GET /session/f2f440cd-ba45-4555-a5eb-746708f54891/element/00000000-0000-0026-ffff-ffff000000e1/attribute/displayed
06-12 11:31:32.929 I/appium  (28915): GetElementAttribute command
06-12 11:31:32.939 I/appium  (28915): AppiumResponse: {"sessionId":"f2f440cd-ba45-4555-a5eb-746708f54891","value":"true"}
06-12 11:31:32.962 D/JioStbInactivityTimer(  928): Timer: count 240 warningTimeout:10680 timeout:10800
06-12 11:31:32.962 D/JioStbInactivityTimer(  928): isUserActive: Curr:5040547 Prev:5040547
06-12 11:31:32.970 I/appium  (28915): channel read: POST /session/f2f440cd-ba45-4555-a5eb-746708f54891/element/00000000-0000-0026-ffff-ffff000000e1/click
06-12 11:31:32.971 I/appium  (28915): Click command
06-12 11:31:32.975 D/stbdpc  (  403): STB_DPGetNumPaths[570]: num_paths: 1
06-12 11:31:32.986 D/dvb_iptv(  403): ReadEmmNetworkTask[1537]: EMM Select Timeout Occured 35
06-12 11:31:32.990 D/InputDispatcher(  628): injectInputEvent - eventType=2, injectorPid=28895, injectorUid=0, syncMode=0, timeout=30000, policyFlags=0x08000000
06-12 11:31:32.990 D/InputDispatcher(  628): injectInputEvent - Finished with result 0. injectorPid=28895, injectorUid=0
06-12 11:31:32.991 D/InputDispatcher(  628): Setting input event injection result to 0.  injectorPid=28895, injectorUid=0
06-12 11:31:32.991 V/InputDispatcher(  628): Asynchronous input event injection succeeded.
06-12 11:31:32.991 I/android.hardware.power-service.libperfmgr(  371): Power setBoost: INTERACTION duration: 0
06-12 11:31:32.991 I/libperfmgr(  371): Do Powerhint: INTERACTION
06-12 11:31:32.991 I/android.hardware.power-service.libperfmgr(  371): Power setBoost: INTERACTION duration: 0
06-12 11:31:32.991 I/libperfmgr(  371): Do Powerhint: INTERACTION
06-12 11:31:33.001 D/InputDispatcher(  628): injectInputEvent - eventType=2, injectorPid=28895, injectorUid=0, syncMode=0, timeout=30000, policyFlags=0x08000000
06-12 11:31:33.001 D/InputDispatcher(  628): injectInputEvent - Finished with result 0. injectorPid=28895, injectorUid=0
06-12 11:31:33.001 D/InputDispatcher(  628): Setting input event injection result to 0.  injectorPid=28895, injectorUid=0
06-12 11:31:33.001 V/InputDispatcher(  628): Asynchronous input event injection succeeded.
06-12 11:31:33.019 D/InputMethodService( 1345): JioHomeManagerService::showWindow()::notifyJioHomeAboutIMEVisibility(IME_SHOWN) isInputViewShown()::true
06-12 11:31:33.019 D/InputMethodService( 1345): JioHomeMangerService::notifyJioHomeAboutIMEVisibility()::EDIT_TEXT_FOCUS_KEY Value::true Action::com.iwedia.action.SHOW_SOFT_INPUT isVisble :: true
06-12 11:31:33.024 D/rtk_heartbeat(  351): heartbeat_timed_out: heartbeatCmdCount = 5261, expected nextSeqNum = 5261
06-12 11:31:33.025 D/rtk_heartbeat(  351): rtkbt_heartbeat_cmpl_cback: Current SeqNum = 5261,should SeqNum=5261, status = 0
06-12 11:31:33.027 W/GestureController(28915): Gestures took longer than expected (45ms >> 16ms), device might be in a busy state.
06-12 11:31:33.028 I/appium  (28915): Waiting up to 10000ms for the device to idle
06-12 11:31:33.064 D/InputMethod( 1345): JioHomeManagerService::hideSoftInput()::notifyJioHomeAboutIMEVisibility(IME_HIDDEN) isInputViewShown()::false
06-12 11:31:33.064 D/InputMethodService( 1345): JioHomeMangerService::notifyJioHomeAboutIMEVisibility()::EDIT_TEXT_FOCUS_KEY Value::false Action::com.iwedia.action.SHOW_SOFT_INPUT isVisble :: false
06-12 11:31:33.075 D/stbdpc  (  403): STB_DPGetNumPaths[570]: num_paths: 1
06-12 11:31:33.098 V/DigitalSignage(  628): Package Name: null
06-12 11:31:33.098 V/DigitalSignage(  628): Left: 0
06-12 11:31:33.098 V/DigitalSignage(  628): Right: 0
06-12 11:31:33.098 V/DigitalSignage(  628): Top: 0
06-12 11:31:33.098 V/DigitalSignage(  628): Bottom: 0
06-12 11:31:33.098 D/DigitalSignage(  628): else - Package Name :: null left : 0 right :: 0 top :: 0 bottom :: 0 dfu-right :: 1920 dfu-bottom :: 1080
06-12 11:31:33.103 V/DigitalSignage(  628): Package Name: null
06-12 11:31:33.103 V/DigitalSignage(  628): Left: 0
06-12 11:31:33.103 V/DigitalSignage(  628): Right: 0
06-12 11:31:33.103 V/DigitalSignage(  628): Top: 0
06-12 11:31:33.103 V/DigitalSignage(  628): Bottom: 0
06-12 11:31:33.103 D/DigitalSignage(  628): else - Package Name :: null left : 0 right :: 0 top :: 0 bottom :: 0 dfu-right :: 1920 dfu-bottom :: 1080
06-12 11:31:33.104 V/DigitalSignage(  628): Package Name: null
06-12 11:31:33.104 V/DigitalSignage(  628): Left: 0
06-12 11:31:33.104 V/DigitalSignage(  628): Right: 0
06-12 11:31:33.104 V/DigitalSignage(  628): Top: 0
06-12 11:31:33.105 V/DigitalSignage(  628): Bottom: 0
06-12 11:31:33.105 D/DigitalSignage(  628): else - Package Name :: null left : 0 right :: 0 top :: 0 bottom :: 0 dfu-right :: 1920 dfu-bottom :: 1080
06-12 11:31:33.130 V/DigitalSignage(  628): Package Name: null
06-12 11:31:33.131 V/DigitalSignage(  628): Left: 0
06-12 11:31:33.131 V/DigitalSignage(  628): Right: 0
06-12 11:31:33.131 V/DigitalSignage(  628): Top: 0
06-12 11:31:33.131 V/DigitalSignage(  628): Bottom: 0
06-12 11:31:33.131 D/DigitalSignage(  628): else - Package Name :: null left : 0 right :: 0 top :: 0 bottom :: 0 dfu-right :: 1920 dfu-bottom :: 1080
06-12 11:31:33.131 V/DigitalSignage(  628): Package Name: null
06-12 11:31:33.131 V/DigitalSignage(  628): Left: 0
06-12 11:31:33.131 V/DigitalSignage(  628): Right: 0
06-12 11:31:33.131 V/DigitalSignage(  628): Top: 0
06-12 11:31:33.131 V/DigitalSignage(  628): Bottom: 0
06-12 11:31:33.131 D/DigitalSignage(  628): else - Package Name :: null left : 0 right :: 0 top :: 0 bottom :: 0 dfu-right :: 1920 dfu-bottom :: 1080
06-12 11:31:33.134 W/InputMethodService( 1345): Re-entrance in to showWindow
06-12 11:31:33.141 W/InputMethodService( 1345): Re-entrance in to showWindow
06-12 11:31:33.143 D/InputMethodService( 1345): JioHomeManagerService::showWindow()::notifyJioHomeAboutIMEVisibility(IME_SHOWN) isInputViewShown()::true
06-12 11:31:33.143 D/InputMethodService( 1345): JioHomeMangerService::notifyJioHomeAboutIMEVisibility()::EDIT_TEXT_FOCUS_KEY Value::true Action::com.iwedia.action.SHOW_SOFT_INPUT isVisble :: true
06-12 11:31:33.149 V/DigitalSignage(  628): Package Name: null
06-12 11:31:33.149 V/DigitalSignage(  628): Left: 0
06-12 11:31:33.149 V/DigitalSignage(  628): Right: 0
06-12 11:31:33.149 V/DigitalSignage(  628): Top: 0
06-12 11:31:33.149 V/DigitalSignage(  628): Bottom: 0
06-12 11:31:33.150 D/DigitalSignage(  628): else - Package Name :: null left : 0 right :: 0 top :: 0 bottom :: 0 dfu-right :: 1920 dfu-bottom :: 1080
06-12 11:31:33.150 V/DigitalSignage(  628): Package Name: null
06-12 11:31:33.150 V/DigitalSignage(  628): Left: 0
06-12 11:31:33.150 V/DigitalSignage(  628): Right: 0
06-12 11:31:33.150 V/DigitalSignage(  628): Top: 0
06-12 11:31:33.150 V/DigitalSignage(  628): Bottom: 0
06-12 11:31:33.150 D/DigitalSignage(  628): else - Package Name :: null left : 0 right :: 0 top :: 0 bottom :: 0 dfu-right :: 1920 dfu-bottom :: 1080
06-12 11:31:33.159 I/DTVKit  (  403): request[114]: 'CmnNoti.onDvbIpPacketDetails' // '[]'
06-12 11:31:33.159 D/stbresmgr(  403): STB_RESNumTuners[315]: num_tuners: 3
06-12 11:31:33.159 E/dvb_iptv(  403): IPTV_GetDvbIpPacketDetails[684]: No valid ECM iptv_handle
06-12 11:31:33.160 D/dvb_iptv(  403): IPTV_GetDvbIpPacketDetails[688]: EMM Pkt stat received_packets:0 lost_packets:0 recov_packets:0 
06-12 11:31:33.160 E/CommonClientNotiCbUtilsIntf(  403): onDvbIpPacketDetails[97]: Failure of Getting DvbIpDetails
06-12 11:31:33.160 D/CommonClientNotiCbUtilsImpl( 1621): Not Received Valid Info
06-12 11:31:33.165 V/DigitalSignage(  628): Package Name: null
06-12 11:31:33.165 V/DigitalSignage(  628): Left: 0
06-12 11:31:33.165 V/DigitalSignage(  628): Right: 0
06-12 11:31:33.165 V/DigitalSignage(  628): Top: 0
06-12 11:31:33.165 V/DigitalSignage(  628): Bottom: 0
06-12 11:31:33.165 D/DigitalSignage(  628): else - Package Name :: null left : 0 right :: 0 top :: 0 bottom :: 0 dfu-right :: 1920 dfu-bottom :: 1080
06-12 11:31:33.165 V/DigitalSignage(  628): Package Name: null
06-12 11:31:33.165 V/DigitalSignage(  628): Left: 0
06-12 11:31:33.165 V/DigitalSignage(  628): Right: 0
06-12 11:31:33.165 V/DigitalSignage(  628): Top: 0
06-12 11:31:33.165 V/DigitalSignage(  628): Bottom: 0
06-12 11:31:33.166 D/DigitalSignage(  628): else - Package Name :: null left : 0 right :: 0 top :: 0 bottom :: 0 dfu-right :: 1920 dfu-bottom :: 1080
06-12 11:31:33.175 D/stbdpc  (  403): STB_DPGetNumPaths[570]: num_paths: 1
06-12 11:31:33.178 I/thermal2(  374): Sending notification:  Type: CPU Name: soc_thermal CurrentValue: 67.3 ThrottlingStatus: LIGHT
06-12 11:31:33.204 V/DigitalSignage(  628): Package Name: null
06-12 11:31:33.204 V/DigitalSignage(  628): Left: 0
06-12 11:31:33.204 V/DigitalSignage(  628): Right: 0
06-12 11:31:33.204 V/DigitalSignage(  628): Top: 0
06-12 11:31:33.204 V/DigitalSignage(  628): Bottom: 0
