--------- beginning of crash
06-12 10:55:22.974 F/linker  (18505): CANNOT LINK EXECUTABLE "/system/bin/smartcable/smartCableSTBApp": library "libmosquitto.so" not found: needed by main executable
--------- beginning of kernel
06-12 10:55:24.625 D/[ 3114.214845@2]  logd(    0): logdr: UID=0 GID=0 PID=18530 b tail=0 logMask=99 pid=0 start=0ns timeout=0ns
06-12 10:55:24.629 D/[ 3114.220407@1]  logd(    0): Skipping 4294967295 entries from slow reader, pid 18530, from LogBuffer::kickMe()
06-12 10:55:24.767 W/[ 3114.353857@3]  RTW(    0): fill_default_txdesc(wlan0): SP Packet(0x0806) rate=0x4 SeqNum = 3436
--------- beginning of system
06-12 10:55:24.799 I/ActivityTaskManager(  628): START u0 {flg=0x10000000 cmp=in.startv.hotstar/com.hotstar.MainActivity} from uid 0
06-12 10:55:24.799 D/ActivityStarter(  628):  
06-12 10:55:24.799 D/ActivityStarter(  628): launchedPkgName :: in.startv.hotstar 
06-12 10:55:24.799 D/ActivityStarter(  628): callingPackage :: com.android.shell 
06-12 10:55:24.799 D/ActivityStarter(  628): callingUid :: 0 
06-12 10:55:24.799 D/ActivityStarter(  628): callingPid :: 18548
06-12 10:55:24.808 V/DigitalSignage(  628): Package Name: null
06-12 10:55:24.809 V/DigitalSignage(  628): Left: 0
06-12 10:55:24.809 V/DigitalSignage(  628): Right: 0
06-12 10:55:24.809 V/DigitalSignage(  628): Top: 0
06-12 10:55:24.809 V/DigitalSignage(  628): Bottom: 0
06-12 10:55:24.809 D/DigitalSignage(  628): else - Package Name :: null left : 0 right :: 0 top :: 0 bottom :: 0 dfu-right :: 1920 dfu-bottom :: 1080
06-12 10:55:24.814 D/CompatibilityChangeReporter(  628): Compat change id reported: 135634846; UID 10072; state: DISABLED
06-12 10:55:24.815 D/CompatibilityChangeReporter(  628): Compat change id reported: 143937733; UID 10072; state: ENABLED
06-12 10:55:24.834 I/ActivityManager(  628): Start proc 18551:in.startv.hotstar/u0a72 for activity {in.startv.hotstar/com.hotstar.MainActivity}
06-12 10:55:24.863 D/ActivityTaskManager(  628): JioHomeManagerService :: ActivityRecord :: setState :: StateFrom :: INITIALIZING StateTo :: RESUMED 
06-12 10:55:24.867 D/ActivityManager(  628): JioHomeManagerService :: StateFrom :: INITIALIZING StateTo :: RESUMED Activity :: in.startv.hotstar/com.hotstar.MainActivity Action :: com.jio.remote.action.applaunch
06-12 10:55:25.213 D/ConnectivityService(  628): NetReassign [no changes]
06-12 10:55:25.752 D/CompatibilityChangeReporter(  628): Compat change id reported: 136274596; UID 10072; state: ENABLED
06-12 10:55:25.889 V/DigitalSignage(  628): Package Name: null
06-12 10:55:25.889 V/DigitalSignage(  628): Left: 0
06-12 10:55:25.889 V/DigitalSignage(  628): Right: 0
06-12 10:55:25.889 V/DigitalSignage(  628): Top: 0
06-12 10:55:25.889 V/DigitalSignage(  628): Bottom: 0
06-12 10:55:25.889 D/DigitalSignage(  628): else - Package Name :: null left : 0 right :: 0 top :: 0 bottom :: 0 dfu-right :: 1920 dfu-bottom :: 1080
06-12 10:55:25.889 V/DigitalSignage(  628): Package Name: null
06-12 10:55:25.889 V/DigitalSignage(  628): Left: 0
06-12 10:55:25.889 V/DigitalSignage(  628): Right: 0
06-12 10:55:25.889 V/DigitalSignage(  628): Top: 0
06-12 10:55:25.889 V/DigitalSignage(  628): Bottom: 0
06-12 10:55:25.889 D/DigitalSignage(  628): else - Package Name :: null left : 0 right :: 0 top :: 0 bottom :: 0 dfu-right :: 1920 dfu-bottom :: 1080
06-12 10:55:25.966 V/DigitalSignage(  628): Package Name: null
06-12 10:55:25.966 V/DigitalSignage(  628): Left: 0
06-12 10:55:25.966 V/DigitalSignage(  628): Right: 0
06-12 10:55:25.966 V/DigitalSignage(  628): Top: 0
06-12 10:55:25.966 V/DigitalSignage(  628): Bottom: 0
06-12 10:55:25.967 D/DigitalSignage(  628): else - Package Name :: null left : 0 right :: 0 top :: 0 bottom :: 0 dfu-right :: 1920 dfu-bottom :: 1080
06-12 10:55:25.967 V/DigitalSignage(  628): Package Name: null
06-12 10:55:25.967 V/DigitalSignage(  628): Left: 0
06-12 10:55:25.967 V/DigitalSignage(  628): Right: 0
06-12 10:55:25.967 V/DigitalSignage(  628): Top: 0
06-12 10:55:25.967 V/DigitalSignage(  628): Bottom: 0
06-12 10:55:25.967 D/DigitalSignage(  628): else - Package Name :: null left : 0 right :: 0 top :: 0 bottom :: 0 dfu-right :: 1920 dfu-bottom :: 1080
06-12 10:55:25.979 V/DigitalSignage(  628): Package Name: null
06-12 10:55:25.979 V/DigitalSignage(  628): Left: 0
06-12 10:55:25.979 V/DigitalSignage(  628): Right: 0
06-12 10:55:25.979 V/DigitalSignage(  628): Top: 0
06-12 10:55:25.979 V/DigitalSignage(  628): Bottom: 0
06-12 10:55:25.980 D/DigitalSignage(  628): else - Package Name :: null left : 0 right :: 0 top :: 0 bottom :: 0 dfu-right :: 1920 dfu-bottom :: 1080
06-12 10:55:25.980 V/DigitalSignage(  628): Package Name: null
06-12 10:55:25.980 V/DigitalSignage(  628): Left: 0
06-12 10:55:25.980 V/DigitalSignage(  628): Right: 0
06-12 10:55:25.980 V/DigitalSignage(  628): Top: 0
06-12 10:55:25.980 V/DigitalSignage(  628): Bottom: 0
06-12 10:55:25.980 D/DigitalSignage(  628): else - Package Name :: null left : 0 right :: 0 top :: 0 bottom :: 0 dfu-right :: 1920 dfu-bottom :: 1080
06-12 10:55:26.795 V/DigitalSignage(  628): Package Name: null
06-12 10:55:26.795 V/DigitalSignage(  628): Left: 0
06-12 10:55:26.795 V/DigitalSignage(  628): Right: 0
06-12 10:55:26.795 V/DigitalSignage(  628): Top: 0
06-12 10:55:26.795 V/DigitalSignage(  628): Bottom: 0
06-12 10:55:26.797 D/DigitalSignage(  628): else - Package Name :: null left : 0 right :: 0 top :: 0 bottom :: 0 dfu-right :: 1920 dfu-bottom :: 1080
06-12 10:55:26.798 V/DigitalSignage(  628): Package Name: null
06-12 10:55:26.798 V/DigitalSignage(  628): Left: 0
06-12 10:55:26.798 V/DigitalSignage(  628): Right: 0
06-12 10:55:26.798 V/DigitalSignage(  628): Top: 0
06-12 10:55:26.798 V/DigitalSignage(  628): Bottom: 0
06-12 10:55:26.798 D/DigitalSignage(  628): else - Package Name :: null left : 0 right :: 0 top :: 0 bottom :: 0 dfu-right :: 1920 dfu-bottom :: 1080
06-12 10:55:26.801 V/DigitalSignage(  628): Package Name: null
06-12 10:55:26.801 V/DigitalSignage(  628): Left: 0
06-12 10:55:26.801 V/DigitalSignage(  628): Right: 0
06-12 10:55:26.801 V/DigitalSignage(  628): Top: 0
06-12 10:55:26.801 V/DigitalSignage(  628): Bottom: 0
06-12 10:55:26.801 D/DigitalSignage(  628): else - Package Name :: null left : 0 right :: 0 top :: 0 bottom :: 0 dfu-right :: 1920 dfu-bottom :: 1080
06-12 10:55:26.833 V/DigitalSignage(  628): Package Name: null
06-12 10:55:26.833 V/DigitalSignage(  628): Left: 0
06-12 10:55:26.833 V/DigitalSignage(  628): Right: 0
06-12 10:55:26.833 V/DigitalSignage(  628): Top: 0
06-12 10:55:26.833 V/DigitalSignage(  628): Bottom: 0
06-12 10:55:26.833 D/DigitalSignage(  628): else - Package Name :: null left : 0 right :: 0 top :: 0 bottom :: 0 dfu-right :: 1920 dfu-bottom :: 1080
06-12 10:55:27.981 F/linker  (18685): CANNOT LINK EXECUTABLE "/system/bin/smartcable/smartCableSTBApp": library "libmosquitto.so" not found: needed by main executable
06-12 10:55:28.939 E/TaskPersister(  628): File error accessing recents directory (directory doesn't exist?).
06-12 10:55:29.749 W/[ 3119.337222@0]  RTW(    0): fill_default_txdesc(wlan0): SP Packet(0x0806) rate=0x4 SeqNum = 672
06-12 10:55:32.978 F/linker  (18695): CANNOT LINK EXECUTABLE "/system/bin/smartcable/smartCableSTBApp": library "libmosquitto.so" not found: needed by main executable
06-12 10:55:34.969 D/CompatibilityChangeReporter(  628): Compat change id reported: 136274596; UID 10044; state: ENABLED
06-12 10:55:35.013 W/[ 3124.603307@0]  RTW(    0): fill_default_txdesc(wlan0): SP Packet(0x0806) rate=0x4 SeqNum = 1650
06-12 10:55:35.369 W/[ 3124.956818@0]  RTW(    0): fill_default_txdesc(wlan0): SP Packet(0x0806) rate=0x4 SeqNum = 1788
06-12 10:55:36.905 W/[ 3126.492900@1]  RTW(    0): fill_default_txdesc(wlan0): SP Packet(0x0806) rate=0x4 SeqNum = 2255
06-12 10:55:37.990 F/linker  (18739): CANNOT LINK EXECUTABLE "/system/bin/smartcable/smartCableSTBApp": library "libmosquitto.so" not found: needed by main executable
06-12 10:55:38.790 D/WindowManager(  628): Unhandled key: inputToken=android.os.BinderProxy@e5f0ce2, title=com.jio.stb.screensaver/android.service.dreams.DreamActivity, action=0, flags=8, keyCode=19, scanCode=103, metaState=0, repeatCount=0, policyFlags=1644167169
06-12 10:55:38.790 D/WindowManager(  628): No fallback.
06-12 10:55:38.794 D/ActivityTaskManager(  628): JioHomeManagerService :: ActivityRecord :: setState :: StateFrom :: STOPPED StateTo :: RESUMED 
06-12 10:55:38.798 D/ActivityManager(  628): JioHomeManagerService :: StateFrom :: STOPPED StateTo :: RESUMED Activity :: in.startv.hotstar/com.hotstar.MainActivity Action :: com.jio.remote.action.applaunch
06-12 10:55:38.806 V/DigitalSignage(  628): Package Name: null
06-12 10:55:38.806 V/DigitalSignage(  628): Left: 0
06-12 10:55:38.806 V/DigitalSignage(  628): Right: 0
06-12 10:55:38.806 V/DigitalSignage(  628): Top: 0
06-12 10:55:38.806 V/DigitalSignage(  628): Bottom: 0
06-12 10:55:38.806 D/DigitalSignage(  628): else - Package Name :: null left : 0 right :: 0 top :: 0 bottom :: 0 dfu-right :: 1920 dfu-bottom :: 1080
06-12 10:55:38.848 D/WindowManager(  628): Unhandled key: inputToken=android.os.BinderProxy@e5f0ce2, title=com.jio.stb.screensaver/android.service.dreams.DreamActivity, action=1, flags=40, keyCode=19, scanCode=103, metaState=0, repeatCount=0, policyFlags=1644167169
06-12 10:55:38.848 D/WindowManager(  628): No fallback.
06-12 10:55:38.862 V/DigitalSignage(  628): Package Name: null
06-12 10:55:38.862 V/DigitalSignage(  628): Left: 0
06-12 10:55:38.862 V/DigitalSignage(  628): Right: 0
06-12 10:55:38.862 V/DigitalSignage(  628): Top: 0
06-12 10:55:38.862 V/DigitalSignage(  628): Bottom: 0
06-12 10:55:38.862 D/DigitalSignage(  628): else - Package Name :: null left : 0 right :: 0 top :: 0 bottom :: 0 dfu-right :: 1920 dfu-bottom :: 1080
06-12 10:55:38.908 V/DigitalSignage(  628): Package Name: null
06-12 10:55:38.908 V/DigitalSignage(  628): Left: 0
06-12 10:55:38.908 V/DigitalSignage(  628): Right: 0
06-12 10:55:38.908 V/DigitalSignage(  628): Top: 0
06-12 10:55:38.908 V/DigitalSignage(  628): Bottom: 0
06-12 10:55:38.909 D/DigitalSignage(  628): else - Package Name :: null left : 0 right :: 0 top :: 0 bottom :: 0 dfu-right :: 1920 dfu-bottom :: 1080
06-12 10:55:38.922 V/DigitalSignage(  628): Package Name: null
06-12 10:55:38.922 V/DigitalSignage(  628): Left: 0
06-12 10:55:38.922 V/DigitalSignage(  628): Right: 0
06-12 10:55:38.922 V/DigitalSignage(  628): Top: 0
06-12 10:55:38.922 V/DigitalSignage(  628): Bottom: 0
06-12 10:55:38.922 D/DigitalSignage(  628): else - Package Name :: null left : 0 right :: 0 top :: 0 bottom :: 0 dfu-right :: 1920 dfu-bottom :: 1080
06-12 10:55:39.057 V/DigitalSignage(  628): Package Name: null
06-12 10:55:39.057 V/DigitalSignage(  628): Left: 0
06-12 10:55:39.057 V/DigitalSignage(  628): Right: 0
06-12 10:55:39.057 V/DigitalSignage(  628): Top: 0
06-12 10:55:39.057 V/DigitalSignage(  628): Bottom: 0
06-12 10:55:39.057 D/DigitalSignage(  628): else - Package Name :: null left : 0 right :: 0 top :: 0 bottom :: 0 dfu-right :: 1920 dfu-bottom :: 1080
06-12 10:55:39.060 V/DigitalSignage(  628): Package Name: null
06-12 10:55:39.060 V/DigitalSignage(  628): Left: 0
06-12 10:55:39.060 V/DigitalSignage(  628): Right: 0
06-12 10:55:39.060 V/DigitalSignage(  628): Top: 0
06-12 10:55:39.060 V/DigitalSignage(  628): Bottom: 0
06-12 10:55:39.061 D/DigitalSignage(  628): else - Package Name :: null left : 0 right :: 0 top :: 0 bottom :: 0 dfu-right :: 1920 dfu-bottom :: 1080
06-12 10:55:39.214 I/WindowManager(  628): WIN DEATH: Window{41d31ad u0 com.jio.stb.screensaver/android.service.dreams.DreamActivity}
06-12 10:55:39.215 I/ActivityManager(  628): Process com.jio.stb.screensaver (pid 18370) has died: vis BFGS
06-12 10:55:39.215 I/DreamController(  628): Stopping dream: name=ComponentInfo{com.jio.stb.screensaver/com.jio.halotv.ui.screensaver.DreamActivity}, isTest=false, canDoze=false, userId=0, reason='binder died'
06-12 10:55:39.223 V/DigitalSignage(  628): Package Name: null
06-12 10:55:39.223 V/DigitalSignage(  628): Left: 0
06-12 10:55:39.223 V/DigitalSignage(  628): Right: 0
06-12 10:55:39.223 V/DigitalSignage(  628): Top: 0
06-12 10:55:39.223 V/DigitalSignage(  628): Bottom: 0
06-12 10:55:39.224 D/DigitalSignage(  628): else - Package Name :: null left : 0 right :: 0 top :: 0 bottom :: 0 dfu-right :: 1920 dfu-bottom :: 1080
06-12 10:55:39.228 W/ActivityManager(  628): Scheduling restart of crashed service com.jio.stb.screensaver/com.jio.halotv.ui.screensaver.DreamActivity in 1000ms for connection
06-12 10:55:39.229 W/WindowManager(  628): Cannot find window which accessibility connection is added to
06-12 10:55:39.245 W/ActivityManager(  628): setHasOverlayUi called on unknown pid: 18370
06-12 10:55:39.977 W/[ 3129.564829@2]  RTW(    0): fill_default_txdesc(wlan0): SP Packet(0x0806) rate=0x4 SeqNum = 2693
06-12 10:55:39.990 W/[ 3129.578601@1]  RTW(    0): fill_default_txdesc(wlan0): SP Packet(0x0806) rate=0x4 SeqNum = 2700
06-12 10:55:41.968 V/DigitalSignage(  628): Package Name: null
06-12 10:55:41.968 V/DigitalSignage(  628): Left: 0
06-12 10:55:41.968 V/DigitalSignage(  628): Right: 0
06-12 10:55:41.968 V/DigitalSignage(  628): Top: 0
06-12 10:55:41.968 V/DigitalSignage(  628): Bottom: 0
06-12 10:55:41.969 D/DigitalSignage(  628): else - Package Name :: null left : 0 right :: 0 top :: 0 bottom :: 0 dfu-right :: 1920 dfu-bottom :: 1080
06-12 10:55:42.988 F/linker  (18761): CANNOT LINK EXECUTABLE "/system/bin/smartcable/smartCableSTBApp": library "libmosquitto.so" not found: needed by main executable
06-12 10:55:44.150 W/SocketClient(  324): write error (Broken pipe)
06-12 10:55:44.411 I/PowerManagerService(  628): Waking up from Dreaming (uid=1000, reason=WAKE_REASON_UNKNOWN, details=android.server.power:DREAM_FINISHED)...
06-12 10:55:44.412 I/PowerManagerService(  628): force-suspend persist.sys.power.key.action,mPowerKeyAction=-1
06-12 10:55:44.589 W/[ 3134.177161@3]  audit(    0): audit_lost=3308 audit_rate_limit=5 audit_backlog_limit=64
06-12 10:55:44.589 E/[ 3134.177169@3]  audit(    0): rate limit exceeded
06-12 10:55:45.254 W/[ 3134.843087@1]  RTW(    0): fill_default_txdesc(wlan0): SP Packet(0x0806) rate=0x4 SeqNum = 3763
06-12 10:55:45.701 W/[ 3135.290474@3]  audit(    0): audit_lost=3426 audit_rate_limit=5 audit_backlog_limit=64
06-12 10:55:45.702 E/[ 3135.290485@3]  audit(    0): rate limit exceeded
06-12 10:55:46.363 V/DigitalSignage(  628): Package Name: null
06-12 10:55:46.363 V/DigitalSignage(  628): Left: 0
06-12 10:55:46.363 V/DigitalSignage(  628): Right: 0
06-12 10:55:46.363 V/DigitalSignage(  628): Top: 0
06-12 10:55:46.363 V/DigitalSignage(  628): Bottom: 0
06-12 10:55:46.363 D/DigitalSignage(  628): else - Package Name :: null left : 0 right :: 0 top :: 0 bottom :: 0 dfu-right :: 1920 dfu-bottom :: 1080
06-12 10:55:46.397 V/DigitalSignage(  628): Package Name: null
06-12 10:55:46.397 V/DigitalSignage(  628): Left: 0
06-12 10:55:46.397 V/DigitalSignage(  628): Right: 0
06-12 10:55:46.398 V/DigitalSignage(  628): Top: 0
06-12 10:55:46.398 V/DigitalSignage(  628): Bottom: 0
06-12 10:55:46.398 D/DigitalSignage(  628): else - Package Name :: null left : 0 right :: 0 top :: 0 bottom :: 0 dfu-right :: 1920 dfu-bottom :: 1080
06-12 10:55:47.786 D/AutofillManagerService(  628): onBackKeyPressed()
06-12 10:55:47.993 F/linker  (18782): CANNOT LINK EXECUTABLE "/system/bin/smartcable/smartCableSTBApp": library "libmosquitto.so" not found: needed by main executable
06-12 10:55:48.423 W/[ 3138.012961@1]  RTW(    0): fill_default_txdesc(wlan0): SP Packet(0x0806) rate=0x4 SeqNum = 140
06-12 10:55:50.030 W/[ 3139.619829@1]  RTW(    0): fill_default_txdesc(wlan0): SP Packet(0x0806) rate=0x4 SeqNum = 712
06-12 10:55:50.033 V/DigitalSignage(  628): Package Name: null
06-12 10:55:50.033 V/DigitalSignage(  628): Left: 0
06-12 10:55:50.033 V/DigitalSignage(  628): Right: 0
06-12 10:55:50.033 V/DigitalSignage(  628): Top: 0
06-12 10:55:50.033 V/DigitalSignage(  628): Bottom: 0
06-12 10:55:50.033 D/DigitalSignage(  628): else - Package Name :: null left : 0 right :: 0 top :: 0 bottom :: 0 dfu-right :: 1920 dfu-bottom :: 1080
06-12 10:55:50.427 V/DigitalSignage(  628): Package Name: null
06-12 10:55:50.428 V/DigitalSignage(  628): Left: 0
06-12 10:55:50.428 V/DigitalSignage(  628): Right: 0
06-12 10:55:50.428 V/DigitalSignage(  628): Top: 0
06-12 10:55:50.428 V/DigitalSignage(  628): Bottom: 0
06-12 10:55:50.428 D/DigitalSignage(  628): else - Package Name :: null left : 0 right :: 0 top :: 0 bottom :: 0 dfu-right :: 1920 dfu-bottom :: 1080
06-12 10:55:51.992 V/DigitalSignage(  628): Package Name: null
06-12 10:55:51.992 V/DigitalSignage(  628): Left: 0
06-12 10:55:51.992 V/DigitalSignage(  628): Right: 0
06-12 10:55:51.992 V/DigitalSignage(  628): Top: 0
06-12 10:55:51.992 V/DigitalSignage(  628): Bottom: 0
06-12 10:55:51.992 D/DigitalSignage(  628): else - Package Name :: null left : 0 right :: 0 top :: 0 bottom :: 0 dfu-right :: 1920 dfu-bottom :: 1080
06-12 10:55:51.992 V/DigitalSignage(  628): Package Name: null
06-12 10:55:51.992 V/DigitalSignage(  628): Left: 0
06-12 10:55:51.992 V/DigitalSignage(  628): Right: 0
06-12 10:55:51.992 V/DigitalSignage(  628): Top: 0
06-12 10:55:51.992 V/DigitalSignage(  628): Bottom: 0
06-12 10:55:51.993 D/DigitalSignage(  628): else - Package Name :: null left : 0 right :: 0 top :: 0 bottom :: 0 dfu-right :: 1920 dfu-bottom :: 1080
06-12 10:55:52.110 V/DigitalSignage(  628): Package Name: null
06-12 10:55:52.110 V/DigitalSignage(  628): Left: 0
06-12 10:55:52.110 V/DigitalSignage(  628): Right: 0
06-12 10:55:52.110 V/DigitalSignage(  628): Top: 0
06-12 10:55:52.111 V/DigitalSignage(  628): Bottom: 0
06-12 10:55:52.111 D/DigitalSignage(  628): else - Package Name :: null left : 0 right :: 0 top :: 0 bottom :: 0 dfu-right :: 1920 dfu-bottom :: 1080
06-12 10:55:52.111 V/DigitalSignage(  628): Package Name: null
06-12 10:55:52.111 V/DigitalSignage(  628): Left: 0
06-12 10:55:52.111 V/DigitalSignage(  628): Right: 0
06-12 10:55:52.111 V/DigitalSignage(  628): Top: 0
06-12 10:55:52.111 V/DigitalSignage(  628): Bottom: 0
06-12 10:55:52.111 D/DigitalSignage(  628): else - Package Name :: null left : 0 right :: 0 top :: 0 bottom :: 0 dfu-right :: 1920 dfu-bottom :: 1080
06-12 10:55:52.311 V/DigitalSignage(  628): Package Name: null
06-12 10:55:52.311 V/DigitalSignage(  628): Left: 0
06-12 10:55:52.311 V/DigitalSignage(  628): Right: 0
06-12 10:55:52.311 V/DigitalSignage(  628): Top: 0
06-12 10:55:52.311 V/DigitalSignage(  628): Bottom: 0
06-12 10:55:52.311 D/DigitalSignage(  628): else - Package Name :: null left : 0 right :: 0 top :: 0 bottom :: 0 dfu-right :: 1920 dfu-bottom :: 1080
06-12 10:55:52.311 V/DigitalSignage(  628): Package Name: null
06-12 10:55:52.312 V/DigitalSignage(  628): Left: 0
06-12 10:55:52.312 V/DigitalSignage(  628): Right: 0
06-12 10:55:52.312 V/DigitalSignage(  628): Top: 0
06-12 10:55:52.312 V/DigitalSignage(  628): Bottom: 0
06-12 10:55:52.312 D/DigitalSignage(  628): else - Package Name :: null left : 0 right :: 0 top :: 0 bottom :: 0 dfu-right :: 1920 dfu-bottom :: 1080
06-12 10:55:52.349 V/DigitalSignage(  628): Package Name: null
06-12 10:55:52.350 V/DigitalSignage(  628): Left: 0
06-12 10:55:52.350 V/DigitalSignage(  628): Right: 0
06-12 10:55:52.350 V/DigitalSignage(  628): Top: 0
06-12 10:55:52.350 V/DigitalSignage(  628): Bottom: 0
06-12 10:55:52.350 D/DigitalSignage(  628): else - Package Name :: null left : 0 right :: 0 top :: 0 bottom :: 0 dfu-right :: 1920 dfu-bottom :: 1080
06-12 10:55:52.350 V/DigitalSignage(  628): Package Name: null
06-12 10:55:52.350 V/DigitalSignage(  628): Left: 0
06-12 10:55:52.350 V/DigitalSignage(  628): Right: 0
06-12 10:55:52.350 V/DigitalSignage(  628): Top: 0
06-12 10:55:52.350 V/DigitalSignage(  628): Bottom: 0
06-12 10:55:52.350 D/DigitalSignage(  628): else - Package Name :: null left : 0 right :: 0 top :: 0 bottom :: 0 dfu-right :: 1920 dfu-bottom :: 1080
06-12 10:55:52.362 V/DigitalSignage(  628): Package Name: null
06-12 10:55:52.362 V/DigitalSignage(  628): Left: 0
06-12 10:55:52.362 V/DigitalSignage(  628): Right: 0
06-12 10:55:52.362 V/DigitalSignage(  628): Top: 0
06-12 10:55:52.362 V/DigitalSignage(  628): Bottom: 0
06-12 10:55:52.362 D/DigitalSignage(  628): else - Package Name :: null left : 0 right :: 0 top :: 0 bottom :: 0 dfu-right :: 1920 dfu-bottom :: 1080
06-12 10:55:52.362 V/DigitalSignage(  628): Package Name: null
06-12 10:55:52.362 V/DigitalSignage(  628): Left: 0
06-12 10:55:52.362 V/DigitalSignage(  628): Right: 0
06-12 10:55:52.362 V/DigitalSignage(  628): Top: 0
06-12 10:55:52.362 V/DigitalSignage(  628): Bottom: 0
06-12 10:55:52.363 D/DigitalSignage(  628): else - Package Name :: null left : 0 right :: 0 top :: 0 bottom :: 0 dfu-right :: 1920 dfu-bottom :: 1080
06-12 10:55:52.372 V/DigitalSignage(  628): Package Name: null
06-12 10:55:52.372 V/DigitalSignage(  628): Left: 0
06-12 10:55:52.372 V/DigitalSignage(  628): Right: 0
06-12 10:55:52.372 V/DigitalSignage(  628): Top: 0
06-12 10:55:52.372 V/DigitalSignage(  628): Bottom: 0
06-12 10:55:52.372 D/DigitalSignage(  628): else - Package Name :: null left : 0 right :: 0 top :: 0 bottom :: 0 dfu-right :: 1920 dfu-bottom :: 1080
06-12 10:55:52.372 V/DigitalSignage(  628): Package Name: null
06-12 10:55:52.372 V/DigitalSignage(  628): Left: 0
06-12 10:55:52.372 V/DigitalSignage(  628): Right: 0
06-12 10:55:52.372 V/DigitalSignage(  628): Top: 0
06-12 10:55:52.372 V/DigitalSignage(  628): Bottom: 0
06-12 10:55:52.372 D/DigitalSignage(  628): else - Package Name :: null left : 0 right :: 0 top :: 0 bottom :: 0 dfu-right :: 1920 dfu-bottom :: 1080
06-12 10:55:52.408 V/DigitalSignage(  628): Package Name: null
06-12 10:55:52.408 V/DigitalSignage(  628): Left: 0
06-12 10:55:52.408 V/DigitalSignage(  628): Right: 0
06-12 10:55:52.408 V/DigitalSignage(  628): Top: 0
06-12 10:55:52.408 V/DigitalSignage(  628): Bottom: 0
06-12 10:55:52.408 D/DigitalSignage(  628): else - Package Name :: null left : 0 right :: 0 top :: 0 bottom :: 0 dfu-right :: 1920 dfu-bottom :: 1080
06-12 10:55:52.408 V/DigitalSignage(  628): Package Name: null
06-12 10:55:52.408 V/DigitalSignage(  628): Left: 0
06-12 10:55:52.408 V/DigitalSignage(  628): Right: 0
06-12 10:55:52.408 V/DigitalSignage(  628): Top: 0
06-12 10:55:52.408 V/DigitalSignage(  628): Bottom: 0
06-12 10:55:52.408 D/DigitalSignage(  628): else - Package Name :: null left : 0 right :: 0 top :: 0 bottom :: 0 dfu-right :: 1920 dfu-bottom :: 1080
06-12 10:55:52.431 V/DigitalSignage(  628): Package Name: null
06-12 10:55:52.431 V/DigitalSignage(  628): Left: 0
06-12 10:55:52.431 V/DigitalSignage(  628): Right: 0
06-12 10:55:52.431 V/DigitalSignage(  628): Top: 0
06-12 10:55:52.431 V/DigitalSignage(  628): Bottom: 0
06-12 10:55:52.431 D/DigitalSignage(  628): else - Package Name :: null left : 0 right :: 0 top :: 0 bottom :: 0 dfu-right :: 1920 dfu-bottom :: 1080
06-12 10:55:52.431 V/DigitalSignage(  628): Package Name: null
06-12 10:55:52.431 V/DigitalSignage(  628): Left: 0
06-12 10:55:52.431 V/DigitalSignage(  628): Right: 0
06-12 10:55:52.431 V/DigitalSignage(  628): Top: 0
06-12 10:55:52.431 V/DigitalSignage(  628): Bottom: 0
06-12 10:55:52.432 D/DigitalSignage(  628): else - Package Name :: null left : 0 right :: 0 top :: 0 bottom :: 0 dfu-right :: 1920 dfu-bottom :: 1080
06-12 10:55:52.436 V/DigitalSignage(  628): Package Name: null
06-12 10:55:52.436 V/DigitalSignage(  628): Left: 0
06-12 10:55:52.436 V/DigitalSignage(  628): Right: 0
06-12 10:55:52.436 V/DigitalSignage(  628): Top: 0
06-12 10:55:52.436 V/DigitalSignage(  628): Bottom: 0
06-12 10:55:52.444 D/DigitalSignage(  628): else - Package Name :: null left : 0 right :: 0 top :: 0 bottom :: 0 dfu-right :: 1920 dfu-bottom :: 1080
06-12 10:55:52.444 V/DigitalSignage(  628): Package Name: null
06-12 10:55:52.444 V/DigitalSignage(  628): Left: 0
06-12 10:55:52.444 V/DigitalSignage(  628): Right: 0
06-12 10:55:52.444 V/DigitalSignage(  628): Top: 0
06-12 10:55:52.444 V/DigitalSignage(  628): Bottom: 0
06-12 10:55:52.444 D/DigitalSignage(  628): else - Package Name :: null left : 0 right :: 0 top :: 0 bottom :: 0 dfu-right :: 1920 dfu-bottom :: 1080
06-12 10:55:52.473 V/DigitalSignage(  628): Package Name: null
06-12 10:55:52.473 V/DigitalSignage(  628): Left: 0
06-12 10:55:52.473 V/DigitalSignage(  628): Right: 0
06-12 10:55:52.473 V/DigitalSignage(  628): Top: 0
06-12 10:55:52.473 V/DigitalSignage(  628): Bottom: 0
06-12 10:55:52.473 D/DigitalSignage(  628): else - Package Name :: null left : 0 right :: 0 top :: 0 bottom :: 0 dfu-right :: 1920 dfu-bottom :: 1080
06-12 10:55:52.473 V/DigitalSignage(  628): Package Name: null
06-12 10:55:52.473 V/DigitalSignage(  628): Left: 0
06-12 10:55:52.473 V/DigitalSignage(  628): Right: 0
06-12 10:55:52.474 V/DigitalSignage(  628): Top: 0
06-12 10:55:52.474 V/DigitalSignage(  628): Bottom: 0
06-12 10:55:52.474 D/DigitalSignage(  628): else - Package Name :: null left : 0 right :: 0 top :: 0 bottom :: 0 dfu-right :: 1920 dfu-bottom :: 1080
06-12 10:55:52.478 V/DigitalSignage(  628): Package Name: null
06-12 10:55:52.478 V/DigitalSignage(  628): Left: 0
06-12 10:55:52.478 V/DigitalSignage(  628): Right: 0
06-12 10:55:52.478 V/DigitalSignage(  628): Top: 0
06-12 10:55:52.478 V/DigitalSignage(  628): Bottom: 0
06-12 10:55:52.479 D/DigitalSignage(  628): else - Package Name :: null left : 0 right :: 0 top :: 0 bottom :: 0 dfu-right :: 1920 dfu-bottom :: 1080
06-12 10:55:52.479 V/DigitalSignage(  628): Package Name: null
06-12 10:55:52.479 V/DigitalSignage(  628): Left: 0
06-12 10:55:52.479 V/DigitalSignage(  628): Right: 0
06-12 10:55:52.479 V/DigitalSignage(  628): Top: 0
06-12 10:55:52.479 V/DigitalSignage(  628): Bottom: 0
06-12 10:55:52.479 D/DigitalSignage(  628): else - Package Name :: null left : 0 right :: 0 top :: 0 bottom :: 0 dfu-right :: 1920 dfu-bottom :: 1080
06-12 10:55:52.486 V/DigitalSignage(  628): Package Name: null
06-12 10:55:52.486 V/DigitalSignage(  628): Left: 0
06-12 10:55:52.486 V/DigitalSignage(  628): Right: 0
06-12 10:55:52.486 V/DigitalSignage(  628): Top: 0
06-12 10:55:52.486 V/DigitalSignage(  628): Bottom: 0
06-12 10:55:52.486 D/DigitalSignage(  628): else - Package Name :: null left : 0 right :: 0 top :: 0 bottom :: 0 dfu-right :: 1920 dfu-bottom :: 1080
06-12 10:55:52.487 V/DigitalSignage(  628): Package Name: null
06-12 10:55:52.487 V/DigitalSignage(  628): Left: 0
06-12 10:55:52.487 V/DigitalSignage(  628): Right: 0
06-12 10:55:52.487 V/DigitalSignage(  628): Top: 0
06-12 10:55:52.487 V/DigitalSignage(  628): Bottom: 0
06-12 10:55:52.487 D/DigitalSignage(  628): else - Package Name :: null left : 0 right :: 0 top :: 0 bottom :: 0 dfu-right :: 1920 dfu-bottom :: 1080
06-12 10:55:53.000 F/linker  (18847): CANNOT LINK EXECUTABLE "/system/bin/smartcable/smartCableSTBApp": library "libmosquitto.so" not found: needed by main executable
06-12 10:55:53.450 W/[ 3143.036826@0]  RTW(    0): Turbo EDCA =0xa42b
06-12 10:55:53.660 V/DigitalSignage(  628): Package Name: null
06-12 10:55:53.660 V/DigitalSignage(  628): Left: 0
06-12 10:55:53.660 V/DigitalSignage(  628): Right: 0
06-12 10:55:53.660 V/DigitalSignage(  628): Top: 0
06-12 10:55:53.660 V/DigitalSignage(  628): Bottom: 0
06-12 10:55:53.660 D/DigitalSignage(  628): else - Package Name :: null left : 0 right :: 0 top :: 0 bottom :: 0 dfu-right :: 1920 dfu-bottom :: 1080
06-12 10:55:53.660 V/DigitalSignage(  628): Package Name: null
06-12 10:55:53.660 V/DigitalSignage(  628): Left: 0
06-12 10:55:53.660 V/DigitalSignage(  628): Right: 0
06-12 10:55:53.660 V/DigitalSignage(  628): Top: 0
06-12 10:55:53.661 V/DigitalSignage(  628): Bottom: 0
06-12 10:55:53.661 D/DigitalSignage(  628): else - Package Name :: null left : 0 right :: 0 top :: 0 bottom :: 0 dfu-right :: 1920 dfu-bottom :: 1080
06-12 10:55:54.000 V/DigitalSignage(  628): Package Name: null
06-12 10:55:54.001 V/DigitalSignage(  628): Left: 0
06-12 10:55:54.001 V/DigitalSignage(  628): Right: 0
06-12 10:55:54.001 V/DigitalSignage(  628): Top: 0
06-12 10:55:54.001 V/DigitalSignage(  628): Bottom: 0
06-12 10:55:54.001 D/DigitalSignage(  628): else - Package Name :: null left : 0 right :: 0 top :: 0 bottom :: 0 dfu-right :: 1920 dfu-bottom :: 1080
06-12 10:55:54.001 V/DigitalSignage(  628): Package Name: null
06-12 10:55:54.001 V/DigitalSignage(  628): Left: 0
06-12 10:55:54.001 V/DigitalSignage(  628): Right: 0
06-12 10:55:54.001 V/DigitalSignage(  628): Top: 0
06-12 10:55:54.001 V/DigitalSignage(  628): Bottom: 0
06-12 10:55:54.001 D/DigitalSignage(  628): else - Package Name :: null left : 0 right :: 0 top :: 0 bottom :: 0 dfu-right :: 1920 dfu-bottom :: 1080
06-12 10:55:54.744 D/AutofillManagerService(  628): onBackKeyPressed()
06-12 10:55:54.756 V/DigitalSignage(  628): Package Name: null
06-12 10:55:54.756 V/DigitalSignage(  628): Left: 0
06-12 10:55:54.756 V/DigitalSignage(  628): Right: 0
06-12 10:55:54.756 V/DigitalSignage(  628): Top: 0
06-12 10:55:54.756 V/DigitalSignage(  628): Bottom: 0
06-12 10:55:54.757 D/DigitalSignage(  628): else - Package Name :: null left : 0 right :: 0 top :: 0 bottom :: 0 dfu-right :: 1920 dfu-bottom :: 1080
06-12 10:55:54.758 V/DigitalSignage(  628): Package Name: null
06-12 10:55:54.758 V/DigitalSignage(  628): Left: 0
06-12 10:55:54.758 V/DigitalSignage(  628): Right: 0
06-12 10:55:54.758 V/DigitalSignage(  628): Top: 0
06-12 10:55:54.758 V/DigitalSignage(  628): Bottom: 0
06-12 10:55:54.759 D/DigitalSignage(  628): else - Package Name :: null left : 0 right :: 0 top :: 0 bottom :: 0 dfu-right :: 1920 dfu-bottom :: 1080
06-12 10:55:54.762 V/DigitalSignage(  628): Package Name: null
06-12 10:55:54.762 V/DigitalSignage(  628): Left: 0
06-12 10:55:54.762 V/DigitalSignage(  628): Right: 0
06-12 10:55:54.762 V/DigitalSignage(  628): Top: 0
06-12 10:55:54.762 V/DigitalSignage(  628): Bottom: 0
06-12 10:55:54.763 D/DigitalSignage(  628): else - Package Name :: null left : 0 right :: 0 top :: 0 bottom :: 0 dfu-right :: 1920 dfu-bottom :: 1080
06-12 10:55:54.763 V/DigitalSignage(  628): Package Name: null
06-12 10:55:54.763 V/DigitalSignage(  628): Left: 0
06-12 10:55:54.763 V/DigitalSignage(  628): Right: 0
06-12 10:55:54.763 V/DigitalSignage(  628): Top: 0
06-12 10:55:54.763 V/DigitalSignage(  628): Bottom: 0
06-12 10:55:54.763 D/DigitalSignage(  628): else - Package Name :: null left : 0 right :: 0 top :: 0 bottom :: 0 dfu-right :: 1920 dfu-bottom :: 1080
06-12 10:55:54.768 V/DigitalSignage(  628): Package Name: null
06-12 10:55:54.768 V/DigitalSignage(  628): Left: 0
06-12 10:55:54.768 V/DigitalSignage(  628): Right: 0
06-12 10:55:54.768 V/DigitalSignage(  628): Top: 0
06-12 10:55:54.768 V/DigitalSignage(  628): Bottom: 0
06-12 10:55:54.771 D/DigitalSignage(  628): else - Package Name :: null left : 0 right :: 0 top :: 0 bottom :: 0 dfu-right :: 1920 dfu-bottom :: 1080
06-12 10:55:54.772 V/DigitalSignage(  628): Package Name: null
06-12 10:55:54.772 V/DigitalSignage(  628): Left: 0
06-12 10:55:54.772 V/DigitalSignage(  628): Right: 0
06-12 10:55:54.772 V/DigitalSignage(  628): Top: 0
06-12 10:55:54.772 V/DigitalSignage(  628): Bottom: 0
06-12 10:55:54.772 D/DigitalSignage(  628): else - Package Name :: null left : 0 right :: 0 top :: 0 bottom :: 0 dfu-right :: 1920 dfu-bottom :: 1080
06-12 10:55:54.991 V/DigitalSignage(  628): Package Name: null
06-12 10:55:54.991 V/DigitalSignage(  628): Left: 0
06-12 10:55:54.991 V/DigitalSignage(  628): Right: 0
06-12 10:55:54.991 V/DigitalSignage(  628): Top: 0
06-12 10:55:54.991 V/DigitalSignage(  628): Bottom: 0
06-12 10:55:54.991 D/DigitalSignage(  628): else - Package Name :: null left : 0 right :: 0 top :: 0 bottom :: 0 dfu-right :: 1920 dfu-bottom :: 1080
06-12 10:55:55.185 W/[ 3144.775705@0]  RTW(    0): fill_default_txdesc(wlan0): SP Packet(0x0806) rate=0x4 SeqNum = 2092
06-12 10:55:56.969 V/DigitalSignage(  628): Package Name: null
06-12 10:55:56.969 V/DigitalSignage(  628): Left: 0
06-12 10:55:56.969 V/DigitalSignage(  628): Right: 0
06-12 10:55:56.969 V/DigitalSignage(  628): Top: 0
06-12 10:55:56.969 V/DigitalSignage(  628): Bottom: 0
06-12 10:55:56.970 D/DigitalSignage(  628): else - Package Name :: null left : 0 right :: 0 top :: 0 bottom :: 0 dfu-right :: 1920 dfu-bottom :: 1080
06-12 10:55:57.060 V/DigitalSignage(  628): Package Name: null
06-12 10:55:57.060 V/DigitalSignage(  628): Left: 0
06-12 10:55:57.060 V/DigitalSignage(  628): Right: 0
06-12 10:55:57.060 V/DigitalSignage(  628): Top: 0
06-12 10:55:57.060 V/DigitalSignage(  628): Bottom: 0
06-12 10:55:57.060 D/DigitalSignage(  628): else - Package Name :: null left : 0 right :: 0 top :: 0 bottom :: 0 dfu-right :: 1920 dfu-bottom :: 1080
06-12 10:55:57.099 V/DigitalSignage(  628): Package Name: null
06-12 10:55:57.099 V/DigitalSignage(  628): Left: 0
06-12 10:55:57.099 V/DigitalSignage(  628): Right: 0
06-12 10:55:57.099 V/DigitalSignage(  628): Top: 0
06-12 10:55:57.099 V/DigitalSignage(  628): Bottom: 0
06-12 10:55:57.099 D/DigitalSignage(  628): else - Package Name :: null left : 0 right :: 0 top :: 0 bottom :: 0 dfu-right :: 1920 dfu-bottom :: 1080
06-12 10:55:57.099 V/DigitalSignage(  628): Package Name: null
06-12 10:55:57.099 V/DigitalSignage(  628): Left: 0
06-12 10:55:57.099 V/DigitalSignage(  628): Right: 0
06-12 10:55:57.099 V/DigitalSignage(  628): Top: 0
06-12 10:55:57.099 V/DigitalSignage(  628): Bottom: 0
06-12 10:55:57.099 D/DigitalSignage(  628): else - Package Name :: null left : 0 right :: 0 top :: 0 bottom :: 0 dfu-right :: 1920 dfu-bottom :: 1080
06-12 10:55:57.114 V/DigitalSignage(  628): Package Name: null
06-12 10:55:57.114 V/DigitalSignage(  628): Left: 0
06-12 10:55:57.114 V/DigitalSignage(  628): Right: 0
06-12 10:55:57.114 V/DigitalSignage(  628): Top: 0
06-12 10:55:57.114 V/DigitalSignage(  628): Bottom: 0
06-12 10:55:57.114 D/DigitalSignage(  628): else - Package Name :: null left : 0 right :: 0 top :: 0 bottom :: 0 dfu-right :: 1920 dfu-bottom :: 1080
06-12 10:55:57.115 V/DigitalSignage(  628): Package Name: null
06-12 10:55:57.115 V/DigitalSignage(  628): Left: 0
06-12 10:55:57.115 V/DigitalSignage(  628): Right: 0
06-12 10:55:57.115 V/DigitalSignage(  628): Top: 0
06-12 10:55:57.115 V/DigitalSignage(  628): Bottom: 0
06-12 10:55:57.115 D/DigitalSignage(  628): else - Package Name :: null left : 0 right :: 0 top :: 0 bottom :: 0 dfu-right :: 1920 dfu-bottom :: 1080
06-12 10:55:57.280 V/DigitalSignage(  628): Package Name: null
06-12 10:55:57.280 V/DigitalSignage(  628): Left: 0
06-12 10:55:57.280 V/DigitalSignage(  628): Right: 0
06-12 10:55:57.280 V/DigitalSignage(  628): Top: 0
06-12 10:55:57.280 V/DigitalSignage(  628): Bottom: 0
06-12 10:55:57.281 D/DigitalSignage(  628): else - Package Name :: null left : 0 right :: 0 top :: 0 bottom :: 0 dfu-right :: 1920 dfu-bottom :: 1080
06-12 10:55:57.281 V/DigitalSignage(  628): Package Name: null
06-12 10:55:57.281 V/DigitalSignage(  628): Left: 0
06-12 10:55:57.281 V/DigitalSignage(  628): Right: 0
06-12 10:55:57.281 V/DigitalSignage(  628): Top: 0
06-12 10:55:57.281 V/DigitalSignage(  628): Bottom: 0
06-12 10:55:57.281 D/DigitalSignage(  628): else - Package Name :: null left : 0 right :: 0 top :: 0 bottom :: 0 dfu-right :: 1920 dfu-bottom :: 1080
06-12 10:55:57.482 W/[ 3147.069557@1]  RTW(    0): Turbo EDCA =0x5ea42b
06-12 10:55:57.466 V/DigitalSignage(  628): Package Name: null
06-12 10:55:57.466 V/DigitalSignage(  628): Left: 0
06-12 10:55:57.466 V/DigitalSignage(  628): Right: 0
06-12 10:55:57.466 V/DigitalSignage(  628): Top: 0
06-12 10:55:57.466 V/DigitalSignage(  628): Bottom: 0
06-12 10:55:57.466 D/DigitalSignage(  628): else - Package Name :: null left : 0 right :: 0 top :: 0 bottom :: 0 dfu-right :: 1920 dfu-bottom :: 1080
06-12 10:55:57.490 V/DigitalSignage(  628): Package Name: null
06-12 10:55:57.490 V/DigitalSignage(  628): Left: 0
06-12 10:55:57.490 V/DigitalSignage(  628): Right: 0
06-12 10:55:57.490 V/DigitalSignage(  628): Top: 0
06-12 10:55:57.490 V/DigitalSignage(  628): Bottom: 0
06-12 10:55:57.491 D/DigitalSignage(  628): else - Package Name :: null left : 0 right :: 0 top :: 0 bottom :: 0 dfu-right :: 1920 dfu-bottom :: 1080
06-12 10:55:57.495 V/DigitalSignage(  628): Package Name: null
06-12 10:55:57.495 V/DigitalSignage(  628): Left: 0
06-12 10:55:57.495 V/DigitalSignage(  628): Right: 0
06-12 10:55:57.495 V/DigitalSignage(  628): Top: 0
06-12 10:55:57.495 V/DigitalSignage(  628): Bottom: 0
06-12 10:55:57.496 D/DigitalSignage(  628): else - Package Name :: null left : 0 right :: 0 top :: 0 bottom :: 0 dfu-right :: 1920 dfu-bottom :: 1080
06-12 10:55:57.620 V/DigitalSignage(  628): Package Name: null
06-12 10:55:57.620 V/DigitalSignage(  628): Left: 0
06-12 10:55:57.620 V/DigitalSignage(  628): Right: 0
06-12 10:55:57.620 V/DigitalSignage(  628): Top: 0
06-12 10:55:57.620 V/DigitalSignage(  628): Bottom: 0
06-12 10:55:57.620 D/DigitalSignage(  628): else - Package Name :: null left : 0 right :: 0 top :: 0 bottom :: 0 dfu-right :: 1920 dfu-bottom :: 1080
06-12 10:55:57.631 V/DigitalSignage(  628): Package Name: null
06-12 10:55:57.632 V/DigitalSignage(  628): Left: 0
06-12 10:55:57.632 V/DigitalSignage(  628): Right: 0
06-12 10:55:57.632 V/DigitalSignage(  628): Top: 0
06-12 10:55:57.632 V/DigitalSignage(  628): Bottom: 0
06-12 10:55:57.636 D/DigitalSignage(  628): else - Package Name :: null left : 0 right :: 0 top :: 0 bottom :: 0 dfu-right :: 1920 dfu-bottom :: 1080
06-12 10:55:57.636 V/DigitalSignage(  628): Package Name: null
06-12 10:55:57.636 V/DigitalSignage(  628): Left: 0
06-12 10:55:57.636 V/DigitalSignage(  628): Right: 0
06-12 10:55:57.636 V/DigitalSignage(  628): Top: 0
06-12 10:55:57.636 V/DigitalSignage(  628): Bottom: 0
06-12 10:55:57.636 D/DigitalSignage(  628): else - Package Name :: null left : 0 right :: 0 top :: 0 bottom :: 0 dfu-right :: 1920 dfu-bottom :: 1080
06-12 10:55:57.650 V/DigitalSignage(  628): Package Name: null
06-12 10:55:57.650 V/DigitalSignage(  628): Left: 0
06-12 10:55:57.650 V/DigitalSignage(  628): Right: 0
06-12 10:55:57.650 V/DigitalSignage(  628): Top: 0
06-12 10:55:57.650 V/DigitalSignage(  628): Bottom: 0
06-12 10:55:57.651 D/DigitalSignage(  628): else - Package Name :: null left : 0 right :: 0 top :: 0 bottom :: 0 dfu-right :: 1920 dfu-bottom :: 1080
06-12 10:55:57.651 V/DigitalSignage(  628): Package Name: null
06-12 10:55:57.651 V/DigitalSignage(  628): Left: 0
06-12 10:55:57.651 V/DigitalSignage(  628): Right: 0
06-12 10:55:57.651 V/DigitalSignage(  628): Top: 0
06-12 10:55:57.651 V/DigitalSignage(  628): Bottom: 0
06-12 10:55:57.651 D/DigitalSignage(  628): else - Package Name :: null left : 0 right :: 0 top :: 0 bottom :: 0 dfu-right :: 1920 dfu-bottom :: 1080
06-12 10:55:57.663 V/DigitalSignage(  628): Package Name: null
06-12 10:55:57.663 V/DigitalSignage(  628): Left: 0
06-12 10:55:57.663 V/DigitalSignage(  628): Right: 0
06-12 10:55:57.663 V/DigitalSignage(  628): Top: 0
06-12 10:55:57.663 V/DigitalSignage(  628): Bottom: 0
06-12 10:55:57.664 D/DigitalSignage(  628): else - Package Name :: null left : 0 right :: 0 top :: 0 bottom :: 0 dfu-right :: 1920 dfu-bottom :: 1080
06-12 10:55:57.664 V/DigitalSignage(  628): Package Name: null
06-12 10:55:57.664 V/DigitalSignage(  628): Left: 0
06-12 10:55:57.664 V/DigitalSignage(  628): Right: 0
06-12 10:55:57.664 V/DigitalSignage(  628): Top: 0
06-12 10:55:57.664 V/DigitalSignage(  628): Bottom: 0
06-12 10:55:57.664 D/DigitalSignage(  628): else - Package Name :: null left : 0 right :: 0 top :: 0 bottom :: 0 dfu-right :: 1920 dfu-bottom :: 1080
06-12 10:55:57.680 V/DigitalSignage(  628): Package Name: null
06-12 10:55:57.680 V/DigitalSignage(  628): Left: 0
06-12 10:55:57.680 V/DigitalSignage(  628): Right: 0
06-12 10:55:57.680 V/DigitalSignage(  628): Top: 0
06-12 10:55:57.680 V/DigitalSignage(  628): Bottom: 0
06-12 10:55:57.680 D/DigitalSignage(  628): else - Package Name :: null left : 0 right :: 0 top :: 0 bottom :: 0 dfu-right :: 1920 dfu-bottom :: 1080
06-12 10:55:57.680 V/DigitalSignage(  628): Package Name: null
06-12 10:55:57.680 V/DigitalSignage(  628): Left: 0
06-12 10:55:57.680 V/DigitalSignage(  628): Right: 0
06-12 10:55:57.680 V/DigitalSignage(  628): Top: 0
06-12 10:55:57.680 V/DigitalSignage(  628): Bottom: 0
06-12 10:55:57.681 D/DigitalSignage(  628): else - Package Name :: null left : 0 right :: 0 top :: 0 bottom :: 0 dfu-right :: 1920 dfu-bottom :: 1080
06-12 10:55:57.725 V/DigitalSignage(  628): Package Name: null
06-12 10:55:57.725 V/DigitalSignage(  628): Left: 0
06-12 10:55:57.725 V/DigitalSignage(  628): Right: 0
06-12 10:55:57.725 V/DigitalSignage(  628): Top: 0
06-12 10:55:57.725 V/DigitalSignage(  628): Bottom: 0
06-12 10:55:57.725 D/DigitalSignage(  628): else - Package Name :: null left : 0 right :: 0 top :: 0 bottom :: 0 dfu-right :: 1920 dfu-bottom :: 1080
06-12 10:55:57.725 V/DigitalSignage(  628): Package Name: null
06-12 10:55:57.725 V/DigitalSignage(  628): Left: 0
06-12 10:55:57.725 V/DigitalSignage(  628): Right: 0
06-12 10:55:57.725 V/DigitalSignage(  628): Top: 0
06-12 10:55:57.725 V/DigitalSignage(  628): Bottom: 0
06-12 10:55:57.726 D/DigitalSignage(  628): else - Package Name :: null left : 0 right :: 0 top :: 0 bottom :: 0 dfu-right :: 1920 dfu-bottom :: 1080
06-12 10:55:57.730 V/DigitalSignage(  628): Package Name: null
06-12 10:55:57.730 V/DigitalSignage(  628): Left: 0
06-12 10:55:57.730 V/DigitalSignage(  628): Right: 0
06-12 10:55:57.730 V/DigitalSignage(  628): Top: 0
06-12 10:55:57.730 V/DigitalSignage(  628): Bottom: 0
06-12 10:55:57.731 D/DigitalSignage(  628): else - Package Name :: null left : 0 right :: 0 top :: 0 bottom :: 0 dfu-right :: 1920 dfu-bottom :: 1080
06-12 10:55:57.731 V/DigitalSignage(  628): Package Name: null
06-12 10:55:57.731 V/DigitalSignage(  628): Left: 0
06-12 10:55:57.731 V/DigitalSignage(  628): Right: 0
06-12 10:55:57.731 V/DigitalSignage(  628): Top: 0
06-12 10:55:57.731 V/DigitalSignage(  628): Bottom: 0
06-12 10:55:57.731 D/DigitalSignage(  628): else - Package Name :: null left : 0 right :: 0 top :: 0 bottom :: 0 dfu-right :: 1920 dfu-bottom :: 1080
06-12 10:55:57.736 V/DigitalSignage(  628): Package Name: null
06-12 10:55:57.736 V/DigitalSignage(  628): Left: 0
06-12 10:55:57.736 V/DigitalSignage(  628): Right: 0
06-12 10:55:57.736 V/DigitalSignage(  628): Top: 0
06-12 10:55:57.736 V/DigitalSignage(  628): Bottom: 0
06-12 10:55:57.736 D/DigitalSignage(  628): else - Package Name :: null left : 0 right :: 0 top :: 0 bottom :: 0 dfu-right :: 1920 dfu-bottom :: 1080
06-12 10:55:57.736 V/DigitalSignage(  628): Package Name: null
06-12 10:55:57.737 V/DigitalSignage(  628): Left: 0
06-12 10:55:57.737 V/DigitalSignage(  628): Right: 0
06-12 10:55:57.737 V/DigitalSignage(  628): Top: 0
06-12 10:55:57.737 V/DigitalSignage(  628): Bottom: 0
06-12 10:55:57.737 D/DigitalSignage(  628): else - Package Name :: null left : 0 right :: 0 top :: 0 bottom :: 0 dfu-right :: 1920 dfu-bottom :: 1080
06-12 10:55:57.944 V/DigitalSignage(  628): Package Name: null
06-12 10:55:57.944 V/DigitalSignage(  628): Left: 0
06-12 10:55:57.944 V/DigitalSignage(  628): Right: 0
06-12 10:55:57.944 V/DigitalSignage(  628): Top: 0
06-12 10:55:57.944 V/DigitalSignage(  628): Bottom: 0
06-12 10:55:57.945 D/DigitalSignage(  628): else - Package Name :: null left : 0 right :: 0 top :: 0 bottom :: 0 dfu-right :: 1920 dfu-bottom :: 1080
06-12 10:55:58.003 F/linker  (18896): CANNOT LINK EXECUTABLE "/system/bin/smartcable/smartCableSTBApp": library "libmosquitto.so" not found: needed by main executable
06-12 10:55:59.669 W/[ 3149.257670@0]  RTW(    0): fill_default_txdesc(wlan0): SP Packet(0x0806) rate=0x4 SeqNum = 2968
06-12 10:55:59.903 V/DigitalSignage(  628): Package Name: null
06-12 10:55:59.903 V/DigitalSignage(  628): Left: 0
06-12 10:55:59.903 V/DigitalSignage(  628): Right: 0
06-12 10:55:59.903 V/DigitalSignage(  628): Top: 0
06-12 10:55:59.903 V/DigitalSignage(  628): Bottom: 0
06-12 10:55:59.903 D/DigitalSignage(  628): else - Package Name :: null left : 0 right :: 0 top :: 0 bottom :: 0 dfu-right :: 1920 dfu-bottom :: 1080
06-12 10:55:59.948 D/ConnectivityService(  628): requestNetwork for uid/pid:10072/18551 NetworkRequest [ TRACK_DEFAULT id=42, [ Capabilities: INTERNET&NOT_RESTRICTED&TRUSTED Uid: 10072 AdministratorUids: [] RequestorUid: 10072 RequestorPackageName: in.startv.hotstar] ]
06-12 10:55:59.949 D/ConnectivityService(  628): NetReassign [42 : null → 100]
06-12 10:56:00.795 V/DigitalSignage(  628): Package Name: null
06-12 10:56:00.795 V/DigitalSignage(  628): Left: 0
06-12 10:56:00.795 V/DigitalSignage(  628): Right: 0
06-12 10:56:00.796 V/DigitalSignage(  628): Top: 0
06-12 10:56:00.796 V/DigitalSignage(  628): Bottom: 0
06-12 10:56:00.796 D/DigitalSignage(  628): else - Package Name :: null left : 0 right :: 0 top :: 0 bottom :: 0 dfu-right :: 1920 dfu-bottom :: 1080
06-12 10:56:01.741 W/[ 3151.328888@2]  RTW(    0): fill_default_txdesc(wlan0): SP Packet(0x0806) rate=0x4 SeqNum = 3816
06-12 10:56:01.822 I/[ 3151.411452@2]  resman(    0): 78 appname:OMX-62, type=0
06-12 10:56:01.893 I/[ 3151.484336@1]  resman(    0): 78 acquire [decoder], preempt yes
06-12 10:56:01.910 I/[ 3151.484348@1]  resman(    0): 78 acquire [decoder] success
06-12 10:56:01.910 I/[ 3151.484381@1]  resman(    0): 78 acquire [codec_mm], preempt yes
06-12 10:56:01.910 I/[ 3151.484390@1]  resman(    0): 78 score 60 secure no
06-12 10:56:01.910 I/[ 3151.484396@1]  resman(    0): 78 acquire [codec_mm] success
06-12 10:56:01.910 I/[ 3151.500851@3]  [amlv4l](    0): [81]: DW:10, TW:0, Margin:5
06-12 10:56:01.910 D/[ 3151.501623@3]  [amlcom](    0): vdec_create instance 00000000821dc3eb, total 1, PM: power-domain
06-12 10:56:01.933 D/[ 3151.501758@3]  [media_clock](    0): vdec mux clock is 799999988 Hz
06-12 10:56:01.984 I/[ 3151.501937@3]  [amlcom](    0): vdec_init, dev_name:ammvdec_h264_v4l, vdec_type=VDEC_TYPE_FRAME_BLOCK, format: 2, total: 1
06-12 10:56:01.984 D/[ 3151.503107@3]  [h264](    0): 0: pdata->config=parm_v4l_codec_enable:1;mh264_double_write_mode:16;parm_v4l_buffer_margin:5;parm_v4l_canvas_mem_mode:0;parm_v4l_canvas_mem_endian:0;parm_v4l_low_latency_mode:0;parm_v4l_metadata_config_flag:49154;parm_v4l_duration:3840;
06-12 10:56:01.985 D/[ 3151.503150@3]  [h264](    0): ammvdec_h264_mmu_init tvp = 0x0
06-12 10:56:01.985 D/[ 3151.507282@3]  [media_clock](    0): vdec mux clock is 799999988 Hz
06-12 10:56:01.988 D/[ 3151.507792@3]  [h264](    0): vh264_init, phy_addr=57429000 vaddr=0000000019c71f0d
06-12 10:56:02.034 D/[ 3151.623648@0]  [h264](    0): 0: vmh264_get_ps_info mmu_enable 0 double_write_mode 0x10
06-12 10:56:02.210 I/[ 3151.623675@0]  [amlv4l](    0): [81]: Parse from ucode, visible(1920 x 1080), coded(1920 x 1088), scan:P, bitdepth(0), dw(10)
06-12 10:56:02.210 I/[ 3151.623744@0]  [amlv4l](    0): [81]: Picture buffer count: dec:5, vpp:0, ge2d:0, margin:5, total:10
06-12 10:56:02.210 D/[ 3151.623754@0]  [amlv4l](    0): [81]: Post event: res chg
06-12 10:56:02.210 I/[ 3151.630635@2]  dim(    0): reg:use[1]ms
06-12 10:56:02.210 I/[ 3151.630649@2]  dim(    0): create:ch[2],tmode[3]
06-12 10:56:02.210 I/[ 3151.630652@2]  dim(    0): out:0x80000000
06-12 10:56:02.210 D/[ 3151.640890@0]  [h264](    0): 0: restriction_flag=0, max_dec_frame_buffering=4, dec_dpb_size=5 num_reorder_frames 2 used_reorder_dpb_size_margin 5
06-12 10:56:02.210 D/[ 3151.653448@0]  [h264](    0): 0: decoder duration change old: 0 new: 3840
06-12 10:56:02.210 I/[ 3151.653571@3]  dim(    0): value reg:ch[2]:fix_buf:0;ponly <0,0>
06-12 10:56:02.210 I/[ 3151.653588@3]  dim(    0): di_cnt_i_buf1:tvp:0
06-12 10:56:02.210 I/[ 3151.653599@3]  dim(    0): buf large::0x4fb000, 0x5a1000
06-12 10:56:02.211 I/[ 3151.653636@3]  vpu(    0): vpu: vpu_dev_clk_gate_on: unsupport vpu mod: 72
06-12 10:56:02.211 I/[ 3151.654514@3]  dim(    0): ch[2]:reg:mem cfg[0][0][0]
06-12 10:56:02.211 I/[ 3151.703043@0]  VID(    0): VD1 off
06-12 10:56:02.211 I/[ 3151.703216@0]  vc(    0): [0]vc: set enable index=0, val=1
06-12 10:56:02.211 I/        (    0): [ 3151.703245@0]  dev->index =0, val=2
06-12 10:56:02.211 I/[ 3151.703248@0]  VID(    0): VD1 off
06-12 10:56:02.211 I/[ 3151.703254@0]  VID(    0): VD1 set global output as 1
06-12 10:56:02.211 I/[ 3151.703285@0]  VID(    0): store VD0 path_id changed -1->2
06-12 10:56:02.211 I/[ 3151.703308@0]  vc(    0): [0]sideband_type =-1
06-12 10:56:03.026 F/linker  (19051): CANNOT LINK EXECUTABLE "/system/bin/smartcable/smartCableSTBApp": library "libmosquitto.so" not found: needed by main executable
06-12 10:56:03.537 W/[ 3153.128613@2]  RTW(    0): Turbo EDCA =0xa42b
06-12 10:56:04.765 W/[ 3154.353402@1]  RTW(    0): fill_default_txdesc(wlan0): SP Packet(0x0806) rate=0x4 SeqNum = 1740
06-12 10:56:07.561 W/[ 3157.148872@3]  RTW(    0): Turbo EDCA =0x5ea42b
06-12 10:56:08.011 F/linker  (19123): CANNOT LINK EXECUTABLE "/system/bin/smartcable/smartCableSTBApp": library "libmosquitto.so" not found: needed by main executable
06-12 10:56:09.521 W/[ 3159.111693@3]  RTW(    0): cfg80211_rtw_scan(wlan0)
06-12 10:56:09.522 W/[ 3159.111710@3]  RTW(    0): cfg80211_rtw_scan (wlan0) tx:741, rx:230, bi:971 kbps, disallow(0)
06-12 10:56:09.530 W/[ 3159.116944@0]  RTW(    0): [HW_VAR_CHECK_TXBUF] Empty in 4 ms
06-12 10:56:09.530 W/[ 3159.117045@0]  RTW(    0): wlan0 sleep m0=0x00000003, ori reg_0x4d4=0x00000000
06-12 10:56:09.577 W/[ 3159.165146@0]  RTW(    0): Turbo EDCA =0xa42b
06-12 10:56:09.722 W/[ 3159.309207@2]  RTW(    0): rtw_ies_get_chbw ch inconsistent, DSSS:1, HT primary:8
06-12 10:56:09.722 W/[ 3159.309241@2]  RTW(    0): rtw_ies_get_chbw ch inconsistent, DSSS:1, HT primary:8
06-12 10:56:10.558 W/[ 3160.145095@0]  RTW(    0): LeaveAllPowerSaveModeDirect.....
06-12 10:56:10.558 W/[ 3160.145112@0]  RTW(    0): LeaveAllPowerSaveModeDirect: Driver Already Leave LPS
06-12 10:56:10.558 W/[ 3160.145122@0]  RTW(    0): rtw_hal_set_macaddr_port wlan0- hw port(0) mac_addr =a8:71:16:66:28:c6
06-12 10:56:10.558 W/[ 3160.145541@2]  RTW(    0): wlan0- hw port(0) mac_addr =a8:71:16:66:28:c6
