06-12 15:20:08.324 D/CCodecConfig(13920): no c2 equivalents for track-id
06-12 15:20:08.324 D/CCodecConfig(13920): no c2 equivalents for csd-1
06-12 15:20:08.324 D/CCodecConfig(13920): no c2 equivalents for channel-mask
06-12 15:20:08.324 D/CCodecConfig(13920): no c2 equivalents for flags
06-12 15:20:08.325 D/CCodecConfig(13920): c2 config diff is   c2::u32 raw.sample-rate.value = 16000
06-12 15:20:08.325 E/FMQ     (  479): grantorIdx must be less than 3
06-12 15:20:08.327 W/Codec2Client(13920): query -- param skipped: index = 1107298332.
06-12 15:20:08.327 D/CCodec  (13920): setup formats input: AMessage(what = 0x00000000) = {
06-12 15:20:08.327 D/CCodec  (13920):   int32_t channel-count = 1
06-12 15:20:08.327 D/CCodec  (13920):   int32_t max-input-size = 32768
06-12 15:20:08.327 D/CCodec  (13920):   string mime = "audio/vorbis"
06-12 15:20:08.327 D/CCodec  (13920):   int32_t sample-rate = 16000
06-12 15:20:08.327 D/CCodec  (13920): } and output: AMessage(what = 0x00000000) = {
06-12 15:20:08.327 D/CCodec  (13920):   int32_t channel-count = 1
06-12 15:20:08.327 D/CCodec  (13920):   string mime = "audio/raw"
06-12 15:20:08.327 D/CCodec  (13920):   int32_t sample-rate = 16000
06-12 15:20:08.327 D/CCodec  (13920):   int32_t channel-mask = 1
06-12 15:20:08.327 D/CCodec  (13920): }
06-12 15:20:08.328 E/FMQ     (13920): grantorIdx must be less than 3
06-12 15:20:08.329 W/Codec2Client(13920): query -- param skipped: index = 1342179345.
06-12 15:20:08.329 W/Codec2Client(13920): query -- param skipped: index = 2415921170.
06-12 15:20:08.331 E/FMQ     (13920): grantorIdx must be less than 3
06-12 15:20:08.331 E/FMQ     (13920): grantorIdx must be less than 3
06-12 15:20:08.332 D/CCodecBufferChannel(13920): [c2.android.vorbis.decoder#221] Created input block pool with allocatorID 16 => poolID 19 - OK (0)
06-12 15:20:08.333 E/FMQ     (  479): grantorIdx must be less than 3
06-12 15:20:08.334 E/FMQ     (  479): grantorIdx must be less than 3
06-12 15:20:08.338 I/CCodecBufferChannel(13920): [c2.android.vorbis.decoder#221] Created output block pool with allocatorID 16 => poolID 32 - OK
06-12 15:20:08.339 D/CCodecBufferChannel(13920): [c2.android.vorbis.decoder#221] Configured output block pool ids 32 => OK
06-12 15:20:08.345 D/SimpleC2Component(  479): Using output block pool with poolID 32 => got 32 - 0
06-12 15:20:08.346 E/FMQ     (13920): grantorIdx must be less than 3
06-12 15:20:08.347 E/FMQ     (  479): grantorIdx must be less than 3
06-12 15:20:08.355 W/APM::AudioPolicyEngine(  390): getDevicesForStrategy() unknown strategy: -1
06-12 15:20:08.357 D/CCodecBuffers(13920): [c2.android.vorbis.decoder#439:Output[N]] popFromStashAndRegister: output format changed to AMessage(what = 0x00000000) = {
06-12 15:20:08.357 D/CCodecBuffers(13920):   int32_t channel-count = 1
06-12 15:20:08.357 D/CCodecBuffers(13920):   string mime = "audio/raw"
06-12 15:20:08.357 D/CCodecBuffers(13920):   int32_t sample-rate = 16000
06-12 15:20:08.357 D/CCodecBuffers(13920):   int32_t channel-mask = 1
06-12 15:20:08.357 D/CCodecBuffers(13920): }
06-12 15:20:08.358 I/system_server(  632): oneway function results will be dropped but finished with status OK and parcel size 4
06-12 15:20:08.363 E/FMQ     (  479): grantorIdx must be less than 3
06-12 15:20:08.364 E/FMQ     (13920): grantorIdx must be less than 3
06-12 15:20:08.366 D/CCodecBuffers(13920): [c2.android.vorbis.decoder#221:Output[N]] popFromStashAndRegister: output format changed to AMessage(what = 0x00000000) = {
06-12 15:20:08.366 D/CCodecBuffers(13920):   int32_t channel-count = 1
06-12 15:20:08.366 D/CCodecBuffers(13920):   string mime = "audio/raw"
06-12 15:20:08.366 D/CCodecBuffers(13920):   int32_t sample-rate = 16000
06-12 15:20:08.366 D/CCodecBuffers(13920):   int32_t channel-mask = 1
06-12 15:20:08.366 D/CCodecBuffers(13920): }
06-12 15:20:08.371 D/stbdpc  (  405): STB_DPGetNumPaths[570]: num_paths: 1
06-12 15:20:08.386 D/CCodecBufferChannel(13920): [c2.android.vorbis.decoder#221] MediaCodec discarded an unknown buffer
06-12 15:20:08.388 I/hw-BpHwBinder(13920): onLastStrongRef automatically unlinking death recipients
06-12 15:20:08.403 D/CCodecBufferChannel(13920): [c2.android.vorbis.decoder#439] MediaCodec discarded an unknown buffer
06-12 15:20:08.403 I/chatty  (13920): uid=10072(in.startv.hotstar) identical 1 line
06-12 15:20:08.403 D/CCodecBufferChannel(13920): [c2.android.vorbis.decoder#439] MediaCodec discarded an unknown buffer
06-12 15:20:08.405 I/hw-BpHwBinder(13920): onLastStrongRef automatically unlinking death recipients
06-12 15:20:08.406 I/AmFFmpegExtractor(  460): checkInList: isw:0, m:audio/ogg, t:1, i:86021 t:0
06-12 15:20:08.406 I/AmFFmpegExtractor(  460): checkInList: isw:1, m:audio/ogg, t:1, i:86021 t:0
06-12 15:20:08.406 E/AmFFmpegExtractor(  460): codec_ctx->properties: 0
06-12 15:20:08.406 I/AmFFmpegExtractor(  460): checkSupportInList ret 1
06-12 15:20:08.408 I/hw-BpHwBinder(  479): onLastStrongRef automatically unlinking death recipients
06-12 15:20:08.409 V/C2Store (  479): in ~ComponentModule
06-12 15:20:08.409 V/C2Store (  479): unloading dll
06-12 15:20:08.425 I/AmFFmpegExtractor(  460): checkInList: isw:0, m:audio/ogg, t:1, i:86021 t:0
06-12 15:20:08.425 I/AmFFmpegExtractor(  460): checkInList: isw:1, m:audio/ogg, t:1, i:86021 t:0
06-12 15:20:08.425 E/AmFFmpegExtractor(  460): codec_ctx->properties: 0
06-12 15:20:08.425 I/AmFFmpegExtractor(  460): checkSupportInList ret 1
06-12 15:20:08.431 I/AmFFmpegExtractor(  460): checkInList: isw:0, m:audio/ogg, t:1, i:86021 t:0
06-12 15:20:08.431 I/AmFFmpegExtractor(  460): checkInList: isw:1, m:audio/ogg, t:1, i:86021 t:0
06-12 15:20:08.431 E/AmFFmpegExtractor(  460): codec_ctx->properties: 0
06-12 15:20:08.431 I/AmFFmpegExtractor(  460): checkSupportInList ret 0
06-12 15:20:08.431 E/AmFFmpegExtractor(  460): vendor do not support
06-12 15:20:08.436 I/AmFFmpegExtractor(  460): checkInList: isw:0, m:audio/ogg, t:1, i:86021 t:0
06-12 15:20:08.436 I/AmFFmpegExtractor(  460): checkInList: isw:1, m:audio/ogg, t:1, i:86021 t:0
06-12 15:20:08.436 E/AmFFmpegExtractor(  460): codec_ctx->properties: 0
06-12 15:20:08.436 I/AmFFmpegExtractor(  460): checkSupportInList ret 0
06-12 15:20:08.438 E/AmFFmpegExtractor(  460): vendor do not support
06-12 15:20:08.444 E/Utils   (  460): did not find channel-count and/or sample-rate
06-12 15:20:08.445 E/Utils   (  460): did not find channel-count and/or sample-rate
06-12 15:20:08.448 I/AmAVUtils(13920): set profile 0 level:0
06-12 15:20:08.454 I/AmAVUtils(13920): set profile 0 level:0
06-12 15:20:08.455 D/CCodec  (13920): allocate(c2.android.vorbis.decoder)
06-12 15:20:08.455 V/C2Store (  479): in init
06-12 15:20:08.455 V/C2Store (  479): loading dll
06-12 15:20:08.458 I/CCodec  (13920): Created component [c2.android.vorbis.decoder]
06-12 15:20:08.459 D/CCodecConfig(13920): read media type: audio/vorbis
06-12 15:20:08.463 D/ReflectedParamUpdater(13920): extent() != 1 for single value type: algo.buffers.max-count.values
06-12 15:20:08.463 D/ReflectedParamUpdater(13920): extent() != 1 for single value type: output.subscribed-indices.values
06-12 15:20:08.464 D/ReflectedParamUpdater(13920): extent() != 1 for single value type: input.buffers.allocator-ids.values
06-12 15:20:08.464 D/ReflectedParamUpdater(13920): extent() != 1 for single value type: output.buffers.allocator-ids.values
06-12 15:20:08.464 D/ReflectedParamUpdater(13920): extent() != 1 for single value type: algo.buffers.allocator-ids.values
06-12 15:20:08.465 D/ReflectedParamUpdater(13920): extent() != 1 for single value type: output.buffers.pool-ids.values
06-12 15:20:08.465 D/ReflectedParamUpdater(13920): extent() != 1 for single value type: algo.buffers.pool-ids.values
06-12 15:20:08.467 I/CCodecConfig(13920): query failed after returning 7 values (BAD_INDEX)
06-12 15:20:08.467 D/CCodecConfig(13920): c2 config diff is Dict {
06-12 15:20:08.467 D/CCodecConfig(13920):   c2::u32 coded.bitrate.value = 64000
06-12 15:20:08.467 D/CCodecConfig(13920):   c2::u32 input.buffers.max-size.value = 32768
06-12 15:20:08.467 D/CCodecConfig(13920):   c2::u32 input.delay.value = 0
06-12 15:20:08.467 D/CCodecConfig(13920):   string input.media-type.value = "audio/vorbis"
06-12 15:20:08.467 D/CCodecConfig(13920):   string output.media-type.value = "audio/raw"
06-12 15:20:08.467 D/CCodecConfig(13920):   c2::u32 raw.channel-count.value = 1
06-12 15:20:08.467 D/CCodecConfig(13920):   c2::u32 raw.sample-rate.value = 48000
06-12 15:20:08.467 D/CCodecConfig(13920): }
06-12 15:20:08.469 D/CCodec  (13920): [c2.android.vorbis.decoder] buffers are bound to CCodec for this session
06-12 15:20:08.469 D/CCodecConfig(13920): no c2 equivalents for durationUs
06-12 15:20:08.469 D/CCodecConfig(13920): no c2 equivalents for track-id
06-12 15:20:08.469 D/CCodecConfig(13920): no c2 equivalents for csd-1
06-12 15:20:08.469 D/CCodecConfig(13920): no c2 equivalents for channel-mask
06-12 15:20:08.469 D/CCodecConfig(13920): no c2 equivalents for flags
06-12 15:20:08.470 D/CCodec  (13920): allocate(c2.android.vorbis.decoder)
06-12 15:20:08.470 D/CCodecConfig(13920): c2 config diff is   c2::u32 raw.sample-rate.value = 16000
06-12 15:20:08.471 D/stbdpc  (  405): STB_DPGetNumPaths[570]: num_paths: 1
06-12 15:20:08.471 W/Codec2Client(13920): query -- param skipped: index = 1107298332.
06-12 15:20:08.472 D/CCodec  (13920): setup formats input: AMessage(what = 0x00000000) = {
06-12 15:20:08.472 D/CCodec  (13920):   int32_t channel-count = 1
06-12 15:20:08.472 D/CCodec  (13920):   int32_t max-input-size = 32768
06-12 15:20:08.472 D/CCodec  (13920):   string mime = "audio/vorbis"
06-12 15:20:08.472 D/CCodec  (13920):   int32_t sample-rate = 16000
06-12 15:20:08.472 D/CCodec  (13920): } and output: AMessage(what = 0x00000000) = {
06-12 15:20:08.472 D/CCodec  (13920):   int32_t channel-count = 1
06-12 15:20:08.472 D/CCodec  (13920):   string mime = "audio/raw"
06-12 15:20:08.472 D/CCodec  (13920):   int32_t sample-rate = 16000
06-12 15:20:08.472 D/CCodec  (13920):   int32_t channel-mask = 1
06-12 15:20:08.472 D/CCodec  (13920): }
06-12 15:20:08.475 I/CCodec  (13920): Created component [c2.android.vorbis.decoder]
06-12 15:20:08.476 D/CCodecConfig(13920): read media type: audio/vorbis
06-12 15:20:08.478 W/Codec2Client(13920): query -- param skipped: index = 1342179345.
06-12 15:20:08.479 W/Codec2Client(13920): query -- param skipped: index = 2415921170.
06-12 15:20:08.480 E/FMQ     (13920): grantorIdx must be less than 3
06-12 15:20:08.480 E/FMQ     (13920): grantorIdx must be less than 3
06-12 15:20:08.480 D/CCodecBufferChannel(13920): [c2.android.vorbis.decoder#631] Created input block pool with allocatorID 16 => poolID 20 - OK (0)
06-12 15:20:08.481 E/FMQ     (  479): grantorIdx must be less than 3
06-12 15:20:08.481 E/FMQ     (  479): grantorIdx must be less than 3
06-12 15:20:08.482 I/CCodecBufferChannel(13920): [c2.android.vorbis.decoder#631] Created output block pool with allocatorID 16 => poolID 33 - OK
06-12 15:20:08.482 D/CCodecBufferChannel(13920): [c2.android.vorbis.decoder#631] Configured output block pool ids 33 => OK
06-12 15:20:08.487 E/FMQ     (13920): grantorIdx must be less than 3
06-12 15:20:08.488 D/SimpleC2Component(  479): Using output block pool with poolID 33 => got 33 - 0
06-12 15:20:08.488 E/FMQ     (  479): grantorIdx must be less than 3
06-12 15:20:08.490 D/ReflectedParamUpdater(13920): extent() != 1 for single value type: algo.buffers.max-count.values
06-12 15:20:08.490 D/ReflectedParamUpdater(13920): extent() != 1 for single value type: output.subscribed-indices.values
06-12 15:20:08.490 D/ReflectedParamUpdater(13920): extent() != 1 for single value type: input.buffers.allocator-ids.values
06-12 15:20:08.491 D/ReflectedParamUpdater(13920): extent() != 1 for single value type: output.buffers.allocator-ids.values
06-12 15:20:08.491 D/ReflectedParamUpdater(13920): extent() != 1 for single value type: algo.buffers.allocator-ids.values
06-12 15:20:08.491 D/ReflectedParamUpdater(13920): extent() != 1 for single value type: output.buffers.pool-ids.values
06-12 15:20:08.491 D/ReflectedParamUpdater(13920): extent() != 1 for single value type: algo.buffers.pool-ids.values
06-12 15:20:08.494 I/CCodecConfig(13920): query failed after returning 7 values (BAD_INDEX)
06-12 15:20:08.494 D/CCodecConfig(13920): c2 config diff is Dict {
06-12 15:20:08.494 D/CCodecConfig(13920):   c2::u32 coded.bitrate.value = 64000
06-12 15:20:08.494 D/CCodecConfig(13920):   c2::u32 input.buffers.max-size.value = 32768
06-12 15:20:08.494 D/CCodecConfig(13920):   c2::u32 input.delay.value = 0
06-12 15:20:08.494 D/CCodecConfig(13920):   string input.media-type.value = "audio/vorbis"
06-12 15:20:08.494 D/CCodecConfig(13920):   string output.media-type.value = "audio/raw"
06-12 15:20:08.494 D/CCodecConfig(13920):   c2::u32 raw.channel-count.value = 1
06-12 15:20:08.494 D/CCodecConfig(13920):   c2::u32 raw.sample-rate.value = 48000
06-12 15:20:08.494 D/CCodecConfig(13920): }
06-12 15:20:08.496 D/CCodec  (13920): [c2.android.vorbis.decoder] buffers are bound to CCodec for this session
06-12 15:20:08.496 D/CCodecConfig(13920): no c2 equivalents for durationUs
06-12 15:20:08.496 D/CCodecConfig(13920): no c2 equivalents for track-id
06-12 15:20:08.496 D/CCodecConfig(13920): no c2 equivalents for csd-1
06-12 15:20:08.496 D/CCodecConfig(13920): no c2 equivalents for channel-mask
06-12 15:20:08.496 D/CCodecConfig(13920): no c2 equivalents for flags
06-12 15:20:08.497 D/CCodecConfig(13920): c2 config diff is   c2::u32 raw.sample-rate.value = 16000
06-12 15:20:08.499 W/Codec2Client(13920): query -- param skipped: index = 1107298332.
06-12 15:20:08.499 D/CCodec  (13920): setup formats input: AMessage(what = 0x00000000) = {
06-12 15:20:08.499 D/CCodec  (13920):   int32_t channel-count = 1
06-12 15:20:08.499 D/CCodec  (13920):   int32_t max-input-size = 32768
06-12 15:20:08.499 D/CCodec  (13920):   string mime = "audio/vorbis"
06-12 15:20:08.499 D/CCodec  (13920):   int32_t sample-rate = 16000
06-12 15:20:08.499 D/CCodec  (13920): } and output: AMessage(what = 0x00000000) = {
06-12 15:20:08.499 D/CCodec  (13920):   int32_t channel-count = 1
06-12 15:20:08.499 D/CCodec  (13920):   string mime = "audio/raw"
06-12 15:20:08.499 D/CCodec  (13920):   int32_t sample-rate = 16000
06-12 15:20:08.499 D/CCodec  (13920):   int32_t channel-mask = 1
06-12 15:20:08.499 D/CCodec  (13920): }
06-12 15:20:08.500 W/Codec2Client(13920): query -- param skipped: index = 1342179345.
06-12 15:20:08.500 W/Codec2Client(13920): query -- param skipped: index = 2415921170.
06-12 15:20:08.502 E/FMQ     (13920): grantorIdx must be less than 3
06-12 15:20:08.502 E/FMQ     (13920): grantorIdx must be less than 3
06-12 15:20:08.502 D/CCodecBufferChannel(13920): [c2.android.vorbis.decoder#131] Created input block pool with allocatorID 16 => poolID 21 - OK (0)
06-12 15:20:08.508 E/FMQ     (  479): grantorIdx must be less than 3
06-12 15:20:08.509 E/FMQ     (  479): grantorIdx must be less than 3
06-12 15:20:08.510 I/CCodecBufferChannel(13920): [c2.android.vorbis.decoder#131] Created output block pool with allocatorID 16 => poolID 34 - OK
06-12 15:20:08.510 D/CCodecBufferChannel(13920): [c2.android.vorbis.decoder#131] Configured output block pool ids 34 => OK
06-12 15:20:08.514 D/SimpleC2Component(  479): Using output block pool with poolID 34 => got 34 - 0
06-12 15:20:08.515 E/FMQ     (13920): grantorIdx must be less than 3
06-12 15:20:08.516 E/FMQ     (  479): grantorIdx must be less than 3
06-12 15:20:08.527 E/FMQ     (  479): grantorIdx must be less than 3
06-12 15:20:08.529 E/FMQ     (13920): grantorIdx must be less than 3
06-12 15:20:08.540 D/CCodecBuffers(13920): [c2.android.vorbis.decoder#631:Output[N]] popFromStashAndRegister: output format changed to AMessage(what = 0x00000000) = {
06-12 15:20:08.540 D/CCodecBuffers(13920):   int32_t channel-count = 1
06-12 15:20:08.540 D/CCodecBuffers(13920):   string mime = "audio/raw"
06-12 15:20:08.540 D/CCodecBuffers(13920):   int32_t sample-rate = 16000
06-12 15:20:08.540 D/CCodecBuffers(13920):   int32_t channel-mask = 1
06-12 15:20:08.540 D/CCodecBuffers(13920): }
06-12 15:20:08.541 E/FMQ     (  479): grantorIdx must be less than 3
06-12 15:20:08.542 E/FMQ     (13920): grantorIdx must be less than 3
06-12 15:20:08.552 D/CCodecBuffers(13920): [c2.android.vorbis.decoder#131:Output[N]] popFromStashAndRegister: output format changed to AMessage(what = 0x00000000) = {
06-12 15:20:08.552 D/CCodecBuffers(13920):   int32_t channel-count = 1
06-12 15:20:08.552 D/CCodecBuffers(13920):   string mime = "audio/raw"
06-12 15:20:08.552 D/CCodecBuffers(13920):   int32_t sample-rate = 16000
06-12 15:20:08.552 D/CCodecBuffers(13920):   int32_t channel-mask = 1
06-12 15:20:08.552 D/CCodecBuffers(13920): }
06-12 15:20:08.571 D/stbdpc  (  405): STB_DPGetNumPaths[570]: num_paths: 1
06-12 15:20:08.586 I/hw-BpHwBinder(13920): onLastStrongRef automatically unlinking death recipients
06-12 15:20:08.613 D/CCodecBufferChannel(13920): [c2.android.vorbis.decoder#631] MediaCodec discarded an unknown buffer
06-12 15:20:08.613 I/chatty  (13920): uid=10072(in.startv.hotstar) NDK MediaCodec_ identical 1 line
06-12 15:20:08.613 D/CCodecBufferChannel(13920): [c2.android.vorbis.decoder#631] MediaCodec discarded an unknown buffer
06-12 15:20:08.617 I/hw-BpHwBinder(  479): onLastStrongRef automatically unlinking death recipients
06-12 15:20:08.617 I/hw-BpHwBinder(13920): onLastStrongRef automatically unlinking death recipients
06-12 15:20:08.618 V/C2Store (  479): in ~ComponentModule
06-12 15:20:08.618 V/C2Store (  479): unloading dll
06-12 15:20:08.654 D/dvb_iptv(  405): ReadEmmNetworkTask[1537]: EMM Select Timeout Occured 58
06-12 15:20:08.671 D/stbdpc  (  405): STB_DPGetNumPaths[570]: num_paths: 1
06-12 15:20:08.686 V/DigitalSignage(  632): Package Name: null
06-12 15:20:08.686 V/DigitalSignage(  632): Left: 0
06-12 15:20:08.686 V/DigitalSignage(  632): Right: 0
06-12 15:20:08.686 V/DigitalSignage(  632): Top: 0
06-12 15:20:08.686 V/DigitalSignage(  632): Bottom: 0
06-12 15:20:08.686 D/DigitalSignage(  632): else - Package Name :: null left : 0 right :: 0 top :: 0 bottom :: 0 dfu-right :: 1920 dfu-bottom :: 1080
06-12 15:20:08.772 D/stbdpc  (  405): STB_DPGetNumPaths[570]: num_paths: 1
06-12 15:20:08.823 E/ocessService0:( 2273): failed to create Unix domain socket: Operation not permitted
06-12 15:20:08.872 D/stbdpc  (  405): STB_DPGetNumPaths[570]: num_paths: 1
06-12 15:20:08.972 D/stbdpc  (  405): STB_DPGetNumPaths[570]: num_paths: 1
06-12 15:20:09.033 D/rtk_heartbeat(  351): heartbeat_timed_out: heartbeatCmdCount = 1861, expected nextSeqNum = 1861
06-12 15:20:09.034 D/rtk_heartbeat(  351): rtkbt_heartbeat_cmpl_cback: Current SeqNum = 1861,should SeqNum=1861, status = 0
06-12 15:20:09.064 D/ltts_ip_emm(  405): LTTS_IP_DMXStartEMM[381]: parse_emm_cat_status failed
06-12 15:20:09.072 D/stbdpc  (  405): STB_DPGetNumPaths[570]: num_paths: 1
06-12 15:20:09.081 I/JioBackgroundSchedulerService( 2785): Check schedule  
06-12 15:20:09.154 D/dvb_iptv(  405): ReadEmmNetworkTask[1537]: EMM Select Timeout Occured 59
06-12 15:20:09.172 D/stbdpc  (  405): STB_DPGetNumPaths[570]: num_paths: 1
06-12 15:20:09.273 D/stbdpc  (  405): STB_DPGetNumPaths[570]: num_paths: 1
06-12 15:20:09.322 D/JioStbInactivityTimer(  933): Timer: count 32 warningTimeout:10680 timeout:10800
06-12 15:20:09.322 D/JioStbInactivityTimer(  933): isUserActive: Curr:1851244 Prev:1851244
06-12 15:20:09.338 I/.startv.hotsta(13920): Background young concurrent copying GC freed 58515(3093KB) AllocSpace objects, 13(260KB) LOS objects, 0% free, 23MB/23MB, paused 3.361ms total 447.993ms
06-12 15:20:09.344 W/[ 1884.697158@1]  RTW(    0): fill_default_txdesc(wlan0): SP Packet(0x0806) rate=0x4 SeqNum = 2608
06-12 15:20:09.368 I/ThermalService(  986): CPU temperatures: [68.100006]
06-12 15:20:09.373 D/stbdpc  (  405): STB_DPGetNumPaths[570]: num_paths: 1
06-12 15:20:09.390 I/appium  (13851): The following attributes will be included to the page source: [resource-id]
06-12 15:20:09.428 D/MulticastUtils( 1781): Timeout 5000ms IOException:Poll timed out
06-12 15:20:09.434 D/JioLauncher( 1781): connected-network-status  1 status true time 0 lPreviousIp [/fe80::1%wlan0, /192.168.1.1] isLiveOnTop() false isOneTimeVisisbleStatus false-remoteConnectedTime-0
06-12 15:20:09.473 D/stbdpc  (  405): STB_DPGetNumPaths[570]: num_paths: 1
06-12 15:20:09.506 E/WifiVendorHal(  632): getWifiLinkLayerStats_1_3_Internal(l.973) failed {.code = ERROR_UNKNOWN, .description = unknown error}
06-12 15:20:09.573 D/stbdpc  (  405): STB_DPGetNumPaths[570]: num_paths: 1
06-12 15:20:09.582 I/.startv.hotsta(13920): Background concurrent copying GC freed 78813(4593KB) AllocSpace objects, 97(2160KB) LOS objects, 50% free, 16MB/33MB, paused 294us total 231.881ms
06-12 15:20:09.598 I/DTVKit  (  405): request[114]: 'CmnNoti.onDvbIpPacketDetails' // '[]'
06-12 15:20:09.598 D/stbresmgr(  405): STB_RESNumTuners[315]: num_tuners: 3
06-12 15:20:09.598 E/dvb_iptv(  405): IPTV_GetDvbIpPacketDetails[684]: No valid ECM iptv_handle
06-12 15:20:09.598 D/dvb_iptv(  405): IPTV_GetDvbIpPacketDetails[688]: EMM Pkt stat received_packets:0 lost_packets:0 recov_packets:0 
06-12 15:20:09.598 E/CommonClientNotiCbUtilsIntf(  405): onDvbIpPacketDetails[97]: Failure of Getting DvbIpDetails
06-12 15:20:09.598 D/CommonClientNotiCbUtilsImpl( 1621): Not Received Valid Info
06-12 15:20:09.655 D/dvb_iptv(  405): ReadEmmNetworkTask[1537]: EMM Select Timeout Occured 60
06-12 15:20:09.655 D/stbresmgr(  405): STB_RESNumTuners[315]: num_tuners: 3
06-12 15:20:09.655 E/dvb_iptv(  405): IPTV_GetDvbIpPacketDetails[684]: No valid ECM iptv_handle
06-12 15:20:09.655 D/dvb_iptv(  405): IPTV_GetDvbIpPacketDetails[688]: EMM Pkt stat received_packets:0 lost_packets:0 recov_packets:0 
06-12 15:20:09.655 D/dvb_iptv(  405): getPktDetailOnRetry[710]: Failed to fetch packet details
06-12 15:20:09.655 D/dvb_iptv(  405): ReadEmmNetworkTask[1582]: signal emm restart thread
06-12 15:20:09.655 D/dvb_iptv(  405): IPTV_Emm_Stop[2245]: IPTV_Emm_Stop called
06-12 15:20:09.655 D/ltts_ip_emm(  405): CloseEmmCasSession[446]: EMM CAS CloseSession CASSession ID:f703ac00
06-12 15:20:09.655 I/Aml_MP  (  405): AmlVMXIptvCas_V2 dtor AmlVMXIptvCas_V2
06-12 15:20:09.655 I/Aml_MP  (  405): AmCasLibWrapper [~AmCasLibWrapper:47] 
06-12 15:20:09.655 D/am_cas_api(  405): [releaseAmCas/294]
06-12 15:20:09.655 V/AVPIPTV (  405): [0] ~AmCasIPTVSC2 at # 707, class_instance_index=0
06-12 15:20:09.655 I/Aml_MP  (  405): AmCasLibWrapper delete mCasObj
06-12 15:20:09.655 I/Aml_MP  (  405): AmlCasBase [~AmlCasBase:89] 
06-12 15:20:09.655 D/ltts_ip_emm(  405): CloseEmmCasSession[450]: Aml_MP_CAS_CloseSession_Emm | ret_Aml: 0
06-12 15:20:09.673 D/stbdpc  (  405): STB_DPGetNumPaths[570]: num_paths: 1
06-12 15:20:09.677 I/appium  (13851): Took 0ms to retrieve 1 matches for '//android.widget.EditText[@resource-id='in.startv.hotstar:id/search_bar']' XPath2 query
06-12 15:20:09.687 I/appium  (13851): AppiumResponse: {"sessionId":"3b752581-9686-4bc5-8e1a-59b5b6ec8a34","value":{"ELEMENT":"00000000-0000-001d-ffff-ffff000000d3","element-6066-11e4-a52e-4f735466cecf":"00000000-0000-001d-ffff-ffff000000d3"}}
06-12 15:20:09.719 I/appium  (13851): channel read: GET /session/3b752581-9686-4bc5-8e1a-59b5b6ec8a34/element/00000000-0000-001d-ffff-ffff000000d3/attribute/displayed
06-12 15:20:09.720 I/appium  (13851): GetElementAttribute command
06-12 15:20:09.728 I/appium  (13851): AppiumResponse: {"sessionId":"3b752581-9686-4bc5-8e1a-59b5b6ec8a34","value":"true"}
06-12 15:20:09.749 I/appium  (13851): channel read: POST /session/3b752581-9686-4bc5-8e1a-59b5b6ec8a34/element/00000000-0000-001d-ffff-ffff000000d3/click
06-12 15:20:09.750 I/appium  (13851): Click command
06-12 15:20:09.763 D/InputDispatcher(  632): injectInputEvent - eventType=2, injectorPid=13828, injectorUid=0, syncMode=0, timeout=30000, policyFlags=0x08000000
06-12 15:20:09.763 D/InputDispatcher(  632): injectInputEvent - Finished with result 0. injectorPid=13828, injectorUid=0
06-12 15:20:09.764 D/InputDispatcher(  632): Setting input event injection result to 0.  injectorPid=13828, injectorUid=0
06-12 15:20:09.764 V/InputDispatcher(  632): Asynchronous input event injection succeeded.
06-12 15:20:09.764 I/android.hardware.power-service.libperfmgr(  369): Power setBoost: INTERACTION duration: 0
06-12 15:20:09.764 I/libperfmgr(  369): Do Powerhint: INTERACTION
06-12 15:20:09.764 I/android.hardware.power-service.libperfmgr(  369): Power setBoost: INTERACTION duration: 0
06-12 15:20:09.764 I/libperfmgr(  369): Do Powerhint: INTERACTION
06-12 15:20:09.774 D/stbdpc  (  405): STB_DPGetNumPaths[570]: num_paths: 1
06-12 15:20:09.774 D/InputDispatcher(  632): injectInputEvent - eventType=2, injectorPid=13828, injectorUid=0, syncMode=0, timeout=30000, policyFlags=0x08000000
06-12 15:20:09.774 D/InputDispatcher(  632): injectInputEvent - Finished with result 0. injectorPid=13828, injectorUid=0
06-12 15:20:09.774 D/InputDispatcher(  632): Setting input event injection result to 0.  injectorPid=13828, injectorUid=0
06-12 15:20:09.774 V/InputDispatcher(  632): Asynchronous input event injection succeeded.
06-12 15:20:09.790 W/GestureController(13851): Gestures took longer than expected (33ms >> 16ms), device might be in a busy state.
06-12 15:20:09.793 I/appium  (13851): Waiting up to 10000ms for the device to idle
06-12 15:20:09.799 I/appium  (13851): AppiumResponse: {"sessionId":"3b752581-9686-4bc5-8e1a-59b5b6ec8a34","value":null}
06-12 15:20:09.839 I/appium  (13851): channel read: POST /session/3b752581-9686-4bc5-8e1a-59b5b6ec8a34/element/00000000-0000-001d-ffff-ffff000000d3/value
06-12 15:20:09.841 I/appium  (13851): SendKeysToElement command
06-12 15:20:09.874 D/stbdpc  (  405): STB_DPGetNumPaths[570]: num_paths: 1
06-12 15:20:09.968 D/InputMethodService( 1336): JioHomeManagerService::showWindow()::notifyJioHomeAboutIMEVisibility(IME_SHOWN) isInputViewShown()::true
06-12 15:20:09.968 D/InputMethodService( 1336): JioHomeMangerService::notifyJioHomeAboutIMEVisibility()::EDIT_TEXT_FOCUS_KEY Value::true Action::com.iwedia.action.SHOW_SOFT_INPUT isVisble :: true
06-12 15:20:09.974 D/stbdpc  (  405): STB_DPGetNumPaths[570]: num_paths: 1
06-12 15:20:09.987 D/memtrack_aml(  367): sysfs path
06-12 15:20:10.006 D/memtrack_aml(  367): sysfs path
06-12 15:20:10.033 D/rtk_heartbeat(  351): heartbeat_timed_out: heartbeatCmdCount = 1862, expected nextSeqNum = 1862
06-12 15:20:10.034 D/rtk_heartbeat(  351): rtkbt_heartbeat_cmpl_cback: Current SeqNum = 1862,should SeqNum=1862, status = 0
06-12 15:20:10.045 I/.startv.hotsta(13920): oneway function results will be dropped but finished with status OK and parcel size 4
06-12 15:20:10.074 D/stbdpc  (  405): STB_DPGetNumPaths[570]: num_paths: 1
06-12 15:20:10.155 D/dvb_iptv(  405): ReadEmmNetworkTask[1537]: EMM Select Timeout Occured 1
06-12 15:20:10.155 D/stbhwnet(  405): STB_NWDropMembership[1331]: using IPV6 protocol in dropmembership
06-12 15:20:10.155 D/stbhwnet(  405): STB_NWDropMembership[1335]: group_address: '232.24.3.241', source_address: '10.70.220.50'
06-12 15:20:10.155 D/stbhwnet(  405): STB_NWDropMembership[1353]: src url SSM enabled
06-12 15:20:10.156 D/stbhwnet(  405): get_any_multicast_interface[1061]: Found g_nw_interface wlan0, ifindex 8
06-12 15:20:10.156 D/stbhwnet(  405): STB_NWDropMembership[1376]: sockopt_ret: 92 | Protocol not available
06-12 15:20:10.156 D/stbhwnet(  405): STB_NWDropMembership[1377]: Adding source multicast group error
06-12 15:20:10.156 D/stbhwnet(  405): STB_NWDropMembership[1331]: using IPV6 protocol in dropmembership
06-12 15:20:10.156 D/stbhwnet(  405): STB_NWDropMembership[1335]: group_address: '232.24.3.241', source_address: '10.70.220.50'
06-12 15:20:10.156 D/stbhwnet(  405): STB_NWDropMembership[1353]: src url SSM enabled
06-12 15:20:10.157 D/stbhwnet(  405): get_any_multicast_interface[1061]: Found g_nw_interface wlan0, ifindex 8
06-12 15:20:10.157 D/stbhwnet(  405): STB_NWDropMembership[1376]: sockopt_ret: 92 | Protocol not available
06-12 15:20:10.157 D/stbhwnet(  405): STB_NWDropMembership[1377]: Adding source multicast group error
06-12 15:20:10.157 D/stbhwnet(  405): STB_NWDropMembership[1331]: using IPV6 protocol in dropmembership
06-12 15:20:10.157 D/stbhwnet(  405): STB_NWDropMembership[1335]: group_address: '232.24.3.241', source_address: '10.70.220.50'
06-12 15:20:10.157 D/stbhwnet(  405): STB_NWDropMembership[1353]: src url SSM enabled
06-12 15:20:10.158 D/stbhwnet(  405): get_any_multicast_interface[1061]: Found g_nw_interface wlan0, ifindex 8
06-12 15:20:10.158 D/stbhwnet(  405): STB_NWDropMembership[1376]: sockopt_ret: 92 | Protocol not available
06-12 15:20:10.158 D/stbhwnet(  405): STB_NWDropMembership[1377]: Adding source multicast group error
06-12 15:20:10.158 D/stbhwnet(  405): STB_NWDropMembership[1331]: using IPV6 protocol in dropmembership
06-12 15:20:10.158 D/stbhwnet(  405): STB_NWDropMembership[1335]: group_address: '232.24.3.241', source_address: '10.70.220.50'
06-12 15:20:10.158 D/stbhwnet(  405): STB_NWDropMembership[1353]: src url SSM enabled
06-12 15:20:10.159 D/stbhwnet(  405): get_any_multicast_interface[1061]: Found g_nw_interface wlan0, ifindex 8
06-12 15:20:10.159 D/stbhwnet(  405): STB_NWDropMembership[1376]: sockopt_ret: 92 | Protocol not available
06-12 15:20:10.159 D/stbhwnet(  405): STB_NWDropMembership[1377]: Adding source multicast group error
06-12 15:20:10.159 E/DvbiInterface(  405): StopStartcurrentemmsession[1192]: sucessfully stop the emm session
06-12 15:20:10.174 D/stbdpc  (  405): STB_DPGetNumPaths[570]: num_paths: 1
06-12 15:20:10.197 V/DigitalSignage(  632): Package Name: null
06-12 15:20:10.197 V/DigitalSignage(  632): Left: 0
06-12 15:20:10.197 V/DigitalSignage(  632): Right: 0
06-12 15:20:10.197 V/DigitalSignage(  632): Top: 0
06-12 15:20:10.197 V/DigitalSignage(  632): Bottom: 0
06-12 15:20:10.197 D/DigitalSignage(  632): else - Package Name :: null left : 0 right :: 0 top :: 0 bottom :: 0 dfu-right :: 1920 dfu-bottom :: 1080
06-12 15:20:10.198 V/DigitalSignage(  632): Package Name: null
06-12 15:20:10.198 V/DigitalSignage(  632): Left: 0
06-12 15:20:10.198 V/DigitalSignage(  632): Right: 0
06-12 15:20:10.198 V/DigitalSignage(  632): Top: 0
06-12 15:20:10.198 V/DigitalSignage(  632): Bottom: 0
06-12 15:20:10.198 D/DigitalSignage(  632): else - Package Name :: null left : 0 right :: 0 top :: 0 bottom :: 0 dfu-right :: 1920 dfu-bottom :: 1080
06-12 15:20:10.205 D/ActivityThread( 1336): ViewRootImpl.ConfigChangedCallback for IME, config={1.0 ?mcc?mnc [en_IN] ldltr sw540dp w960dp h540dp 320dpi lrg long land television -touch -keyb/v/h dpad/v winConfig={ mBounds=Rect(0, 0 - 1920, 1080) mAppBounds=Rect(0, 0 - 1920, 1080) mWindowingMode=fullscreen mDisplayWindowingMode=fullscreen mActivityType=undefined mAlwaysOnTop=undefined mRotation=ROTATION_0} s.4}
06-12 15:20:10.216 I/hwservicemanager(  235): getTransport: Cannot find entry android.hardware.configstore@1.0::ISurfaceFlingerConfigs/default in either framework or device manifest.
06-12 15:20:10.274 D/stbdpc  (  405): STB_DPGetNumPaths[570]: num_paths: 1
06-12 15:20:10.311 I/e.swalekh.abct( 1336): Background concurrent copying GC freed 12885(537KB) AllocSpace objects, 3(60KB) LOS objects, 49% free, 4853KB/9707KB, paused 137us total 103.534ms
06-12 15:20:10.311 V/DigitalSignage(  632): Package Name: null
06-12 15:20:10.311 V/DigitalSignage(  632): Left: 0
06-12 15:20:10.311 V/DigitalSignage(  632): Right: 0
06-12 15:20:10.311 V/DigitalSignage(  632): Top: 0
06-12 15:20:10.311 V/DigitalSignage(  632): Bottom: 0
06-12 15:20:10.311 D/DigitalSignage(  632): else - Package Name :: null left : 0 right :: 0 top :: 0 bottom :: 0 dfu-right :: 1920 dfu-bottom :: 1080
06-12 15:20:10.311 V/DigitalSignage(  632): Package Name: null
06-12 15:20:10.311 V/DigitalSignage(  632): Left: 0
06-12 15:20:10.311 V/DigitalSignage(  632): Right: 0
06-12 15:20:10.311 V/DigitalSignage(  632): Top: 0
06-12 15:20:10.311 V/DigitalSignage(  632): Bottom: 0
06-12 15:20:10.314 D/DigitalSignage(  632): else - Package Name :: null left : 0 right :: 0 top :: 0 bottom :: 0 dfu-right :: 1920 dfu-bottom :: 1080
06-12 15:20:10.323 D/JioStbInactivityTimer(  933): Timer: count 33 warningTimeout:10680 timeout:10800
06-12 15:20:10.323 D/JioStbInactivityTimer(  933): isUserActive: Curr:1851244 Prev:1851244
06-12 15:20:10.375 D/stbdpc  (  405): STB_DPGetNumPaths[570]: num_paths: 1
06-12 15:20:10.484 V/DigitalSignage(  632): Package Name: null
06-12 15:20:10.484 V/DigitalSignage(  632): Left: 0
06-12 15:20:10.484 V/DigitalSignage(  632): Right: 0
06-12 15:20:10.484 V/DigitalSignage(  632): Top: 0
06-12 15:20:10.484 V/DigitalSignage(  632): Bottom: 0
06-12 15:20:10.484 D/DigitalSignage(  632): else - Package Name :: null left : 0 right :: 0 top :: 0 bottom :: 0 dfu-right :: 1920 dfu-bottom :: 1080
06-12 15:20:10.485 V/DigitalSignage(  632): Package Name: null
06-12 15:20:10.485 V/DigitalSignage(  632): Left: 0
06-12 15:20:10.485 V/DigitalSignage(  632): Right: 0
06-12 15:20:10.485 V/DigitalSignage(  632): Top: 0
06-12 15:20:10.485 V/DigitalSignage(  632): Bottom: 0
06-12 15:20:10.485 D/DigitalSignage(  632): else - Package Name :: null left : 0 right :: 0 top :: 0 bottom :: 0 dfu-right :: 1920 dfu-bottom :: 1080
06-12 15:20:10.475 D/stbdpc  (  405): STB_DPGetNumPaths[570]: num_paths: 1
06-12 15:20:10.489 D/InputMethod( 1336): JioHomeManagerService::hideSoftInput()::notifyJioHomeAboutIMEVisibility(IME_HIDDEN) isInputViewShown()::false
06-12 15:20:10.490 D/InputMethodService( 1336): JioHomeMangerService::notifyJioHomeAboutIMEVisibility()::EDIT_TEXT_FOCUS_KEY Value::false Action::com.iwedia.action.SHOW_SOFT_INPUT isVisble :: false
06-12 15:20:10.493 V/DigitalSignage(  632): Package Name: null
06-12 15:20:10.493 V/DigitalSignage(  632): Left: 0
06-12 15:20:10.493 V/DigitalSignage(  632): Right: 0
06-12 15:20:10.493 V/DigitalSignage(  632): Top: 0
06-12 15:20:10.493 V/DigitalSignage(  632): Bottom: 0
06-12 15:20:10.493 D/DigitalSignage(  632): else - Package Name :: null left : 0 right :: 0 top :: 0 bottom :: 0 dfu-right :: 1920 dfu-bottom :: 1080
06-12 15:20:10.494 V/DigitalSignage(  632): Package Name: null
06-12 15:20:10.494 V/DigitalSignage(  632): Left: 0
06-12 15:20:10.494 V/DigitalSignage(  632): Right: 0
06-12 15:20:10.494 V/DigitalSignage(  632): Top: 0
06-12 15:20:10.494 V/DigitalSignage(  632): Bottom: 0
06-12 15:20:10.494 D/DigitalSignage(  632): else - Package Name :: null left : 0 right :: 0 top :: 0 bottom :: 0 dfu-right :: 1920 dfu-bottom :: 1080
06-12 15:20:10.503 V/DigitalSignage(  632): Package Name: null
06-12 15:20:10.503 V/DigitalSignage(  632): Left: 0
06-12 15:20:10.503 V/DigitalSignage(  632): Right: 0
06-12 15:20:10.503 V/DigitalSignage(  632): Top: 0
06-12 15:20:10.503 V/DigitalSignage(  632): Bottom: 0
06-12 15:20:10.503 D/DigitalSignage(  632): else - Package Name :: null left : 0 right :: 0 top :: 0 bottom :: 0 dfu-right :: 1920 dfu-bottom :: 1080
06-12 15:20:10.504 V/DigitalSignage(  632): Package Name: null
06-12 15:20:10.504 V/DigitalSignage(  632): Left: 0
06-12 15:20:10.504 V/DigitalSignage(  632): Right: 0
06-12 15:20:10.504 V/DigitalSignage(  632): Top: 0
06-12 15:20:10.504 V/DigitalSignage(  632): Bottom: 0
06-12 15:20:10.504 D/DigitalSignage(  632): else - Package Name :: null left : 0 right :: 0 top :: 0 bottom :: 0 dfu-right :: 1920 dfu-bottom :: 1080
06-12 15:20:10.509 W/InputMethodService( 1336): Re-entrance in to showWindow
06-12 15:20:10.510 V/DigitalSignage(  632): Package Name: null
06-12 15:20:10.510 V/DigitalSignage(  632): Left: 0
06-12 15:20:10.510 V/DigitalSignage(  632): Right: 0
06-12 15:20:10.510 V/DigitalSignage(  632): Top: 0
06-12 15:20:10.510 V/DigitalSignage(  632): Bottom: 0
06-12 15:20:10.510 D/DigitalSignage(  632): else - Package Name :: null left : 0 right :: 0 top :: 0 bottom :: 0 dfu-right :: 1920 dfu-bottom :: 1080
06-12 15:20:10.510 V/DigitalSignage(  632): Package Name: null
06-12 15:20:10.510 V/DigitalSignage(  632): Left: 0
06-12 15:20:10.510 V/DigitalSignage(  632): Right: 0
06-12 15:20:10.510 V/DigitalSignage(  632): Top: 0
06-12 15:20:10.510 V/DigitalSignage(  632): Bottom: 0
06-12 15:20:10.510 D/DigitalSignage(  632): else - Package Name :: null left : 0 right :: 0 top :: 0 bottom :: 0 dfu-right :: 1920 dfu-bottom :: 1080
06-12 15:20:10.521 V/DigitalSignage(  632): Package Name: null
06-12 15:20:10.521 V/DigitalSignage(  632): Left: 0
06-12 15:20:10.522 V/DigitalSignage(  632): Right: 0
06-12 15:20:10.522 V/DigitalSignage(  632): Top: 0
06-12 15:20:10.522 V/DigitalSignage(  632): Bottom: 0
06-12 15:20:10.522 D/DigitalSignage(  632): else - Package Name :: null left : 0 right :: 0 top :: 0 bottom :: 0 dfu-right :: 1920 dfu-bottom :: 1080
06-12 15:20:10.522 V/DigitalSignage(  632): Package Name: null
06-12 15:20:10.522 V/DigitalSignage(  632): Left: 0
06-12 15:20:10.522 V/DigitalSignage(  632): Right: 0
06-12 15:20:10.522 V/DigitalSignage(  632): Top: 0
06-12 15:20:10.522 V/DigitalSignage(  632): Bottom: 0
06-12 15:20:10.522 D/DigitalSignage(  632): else - Package Name :: null left : 0 right :: 0 top :: 0 bottom :: 0 dfu-right :: 1920 dfu-bottom :: 1080
06-12 15:20:10.528 E/BufferQueueProducer(  404): [in.startv.hotstar/com.hotstar.MainActivity#0](id:19400000037,api:0,p:-1,c:404) disconnect: not connected (req=1)
06-12 15:20:10.528 W/libEGL  (13920): EGLNativeWindowType 0xf5ab0808 disconnect failed
06-12 15:20:10.554 W/InputMethodService( 1336): Re-entrance in to showWindow
06-12 15:20:10.560 D/InputMethodService( 1336): JioHomeManagerService::showWindow()::notifyJioHomeAboutIMEVisibility(IME_SHOWN) isInputViewShown()::true
06-12 15:20:10.561 D/InputMethodService( 1336): JioHomeMangerService::notifyJioHomeAboutIMEVisibility()::EDIT_TEXT_FOCUS_KEY Value::true Action::com.iwedia.action.SHOW_SOFT_INPUT isVisble :: true
06-12 15:20:10.572 I/Choreographer( 1336): Skipped 33 frames!  The application may be doing too much work on its main thread.
06-12 15:20:10.575 D/stbdpc  (  405): STB_DPGetNumPaths[570]: num_paths: 1
06-12 15:20:10.586 V/DigitalSignage(  632): Package Name: null
06-12 15:20:10.586 V/DigitalSignage(  632): Left: 0
06-12 15:20:10.586 V/DigitalSignage(  632): Right: 0
06-12 15:20:10.586 V/DigitalSignage(  632): Top: 0
06-12 15:20:10.586 V/DigitalSignage(  632): Bottom: 0
06-12 15:20:10.587 D/DigitalSignage(  632): else - Package Name :: null left : 0 right :: 0 top :: 0 bottom :: 0 dfu-right :: 1920 dfu-bottom :: 1080
06-12 15:20:10.587 V/DigitalSignage(  632): Package Name: null
06-12 15:20:10.587 V/DigitalSignage(  632): Left: 0
06-12 15:20:10.587 V/DigitalSignage(  632): Right: 0
06-12 15:20:10.587 V/DigitalSignage(  632): Top: 0
06-12 15:20:10.587 V/DigitalSignage(  632): Bottom: 0
06-12 15:20:10.587 D/DigitalSignage(  632): else - Package Name :: null left : 0 right :: 0 top :: 0 bottom :: 0 dfu-right :: 1920 dfu-bottom :: 1080
06-12 15:20:10.605 V/DigitalSignage(  632): Package Name: null
06-12 15:20:10.605 V/DigitalSignage(  632): Left: 0
06-12 15:20:10.605 V/DigitalSignage(  632): Right: 0
06-12 15:20:10.605 V/DigitalSignage(  632): Top: 0
06-12 15:20:10.605 V/DigitalSignage(  632): Bottom: 0
06-12 15:20:10.606 D/DigitalSignage(  632): else - Package Name :: null left : 0 right :: 0 top :: 0 bottom :: 0 dfu-right :: 1920 dfu-bottom :: 1080
06-12 15:20:10.606 V/DigitalSignage(  632): Package Name: null
06-12 15:20:10.606 V/DigitalSignage(  632): Left: 0
06-12 15:20:10.606 V/DigitalSignage(  632): Right: 0
06-12 15:20:10.606 V/DigitalSignage(  632): Top: 0
06-12 15:20:10.606 V/DigitalSignage(  632): Bottom: 0
06-12 15:20:10.606 D/DigitalSignage(  632): else - Package Name :: null left : 0 right :: 0 top :: 0 bottom :: 0 dfu-right :: 1920 dfu-bottom :: 1080
06-12 15:20:10.613 E/BufferQueueProducer(  404): [InputMethod#0](id:19400000038,api:0,p:-1,c:404) disconnect: not connected (req=1)
06-12 15:20:10.613 W/libEGL  ( 1336): EGLNativeWindowType 0xf5aaec08 disconnect failed
06-12 15:20:10.619 I/e.swalekh.abct( 1336): oneway function results will be dropped but finished with status OK and parcel size 4
06-12 15:20:10.637 V/DigitalSignage(  632): Package Name: null
06-12 15:20:10.637 V/DigitalSignage(  632): Left: 0
06-12 15:20:10.637 V/DigitalSignage(  632): Right: 0
06-12 15:20:10.637 V/DigitalSignage(  632): Top: 0
06-12 15:20:10.637 V/DigitalSignage(  632): Bottom: 0
06-12 15:20:10.637 D/DigitalSignage(  632): else - Package Name :: null left : 0 right :: 0 top :: 0 bottom :: 0 dfu-right :: 1920 dfu-bottom :: 1080
06-12 15:20:10.637 V/DigitalSignage(  632): Package Name: null
06-12 15:20:10.637 V/DigitalSignage(  632): Left: 0
06-12 15:20:10.637 V/DigitalSignage(  632): Right: 0
06-12 15:20:10.638 V/DigitalSignage(  632): Top: 0
06-12 15:20:10.638 V/DigitalSignage(  632): Bottom: 0
06-12 15:20:10.638 D/DigitalSignage(  632): else - Package Name :: null left : 0 right :: 0 top :: 0 bottom :: 0 dfu-right :: 1920 dfu-bottom :: 1080
06-12 15:20:10.648 E/BufferQueueProducer(  404): [InputMethod#0](id:19400000038,api:0,p:-1,c:404) disconnect: not connected (req=1)
06-12 15:20:10.649 W/libEGL  ( 1336): EGLNativeWindowType 0xf5aaec08 disconnect failed
06-12 15:20:10.659 D/DvbiInterface(  405): startEmmSession[1104]: primary_address: "rtp://10.70.220.50@232.24.3.241:5001"
06-12 15:20:10.659 D/DvbiInterface(  405): startEmmSession[1114]: secondary_address: ""
06-12 15:20:10.659 I/DvbiInterface(  405): startEmmSession[1136]: IPTV_EMM_Open | [args] URI: "rtp://10.70.220.50@232.24.3.241", port: 5001, fec: 2
06-12 15:20:10.659 D/dvb_iptv(  405): IPTV_Emm_Open[2003]: URL=rtp://10.70.220.50@232.24.3.241, port=5001 fec_layer=2 port1=0, port2=0
06-12 15:20:10.659 D/dvb_iptv(  405): ParseUrl[1748]: before parse | url: "10.70.220.50@232.24.3.241", src_addr: "", mc_addr: ""
06-12 15:20:10.659 D/dvb_iptv(  405): ParseUrl[1811]: after parse | url: "232.24.3.241", src_addr: "10.70.220.50", mc_addr: "232.24.3.241"
06-12 15:20:10.659 D/dvb_iptv(  405): IPTV_Emm_Open[2032]: Found 2 addresses for 232.24.3.241
06-12 15:20:10.659 D/dvb_iptv(  405): IPTV_Emm_Open[2040]: 0: family=IPv4, type=datagram, protocol=UDP, multicast=yes
06-12 15:20:10.659 D/stbhwnet(  405): STB_NWBind[914]: Added IPV4 address to bind:232.24.3.241 
06-12 15:20:10.659 D/stbhwnet(  405): STB_NWBind[921]: Binding with address 232.24.3.241
06-12 15:20:10.659 D/stbhwnet(  405): STB_NWBind[928]: Bind (fd=16) port 5001, done okay
06-12 15:20:10.659 D/dvb_iptv(  405): SocketBind[727]: bound socket, port=5001
06-12 15:20:10.660 D/stbhwnet(  405): STB_NWAddMembership[1139]: using IPV4 protocol
06-12 15:20:10.660 D/stbhwnet(  405): STB_NWAddMembership[1142]: group_address: '232.24.3.241', source_address: '10.70.220.50'
06-12 15:20:10.660 D/stbhwnet(  405): STB_NWAddMembership[1156]: src url SSM enabled
06-12 15:20:10.660 D/stbhwnet(  405): STB_NWAddMembership[1163]: source addr: 10.70.220.50, group addr: 232.24.3.241, socket: 16
06-12 15:20:10.660 D/stbhwnet(  405): STB_NWAddMembership[1164]: setsocket success for source addrs
06-12 15:20:10.660 D/stbhwnet(  405): STB_NWAddMembership[1176]: setsockopt IP_MULTICAST_ALL params:
06-12 15:20:10.660 D/stbhwnet(  405): STB_NWAddMembership[1177]: mc_all: DISABLE
06-12 15:20:10.660 D/stbhwnet(  405): STB_NWAddMembership[1182]: setsockopt success for all
06-12 15:20:10.660 D/stbhwnet(  405): STB_NWBind[914]: Added IPV4 address to bind:232.24.3.241 
06-12 15:20:10.660 D/stbhwnet(  405): STB_NWBind[921]: Binding with address 232.24.3.241
06-12 15:20:10.660 D/stbhwnet(  405): STB_NWBind[928]: Bind (fd=17) port 5002, done okay
06-12 15:20:10.660 D/dvb_iptv(  405): SocketBind[727]: bound socket, port=5002
06-12 15:20:10.660 D/stbhwnet(  405): STB_NWAddMembership[1139]: using IPV4 protocol
06-12 15:20:10.660 D/stbhwnet(  405): STB_NWAddMembership[1142]: group_address: '232.24.3.241', source_address: '10.70.220.50'
06-12 15:20:10.660 D/stbhwnet(  405): STB_NWAddMembership[1156]: src url SSM enabled
06-12 15:20:10.660 D/stbhwnet(  405): STB_NWAddMembership[1163]: source addr: 10.70.220.50, group addr: 232.24.3.241, socket: 17
06-12 15:20:10.660 D/stbhwnet(  405): STB_NWAddMembership[1164]: setsocket success for source addrs
06-12 15:20:10.660 D/stbhwnet(  405): STB_NWAddMembership[1176]: setsockopt IP_MULTICAST_ALL params:
06-12 15:20:10.660 D/stbhwnet(  405): STB_NWAddMembership[1177]: mc_all: DISABLE
06-12 15:20:10.660 D/stbhwnet(  405): STB_NWAddMembership[1182]: setsockopt success for all
06-12 15:20:10.660 D/stbhwnet(  405): STB_NWBind[914]: Added IPV4 address to bind:232.24.3.241 
06-12 15:20:10.660 D/stbhwnet(  405): STB_NWBind[921]: Binding with address 232.24.3.241
06-12 15:20:10.660 D/stbhwnet(  405): STB_NWBind[928]: Bind (fd=18) port 5003, done okay
06-12 15:20:10.660 D/dvb_iptv(  405): SocketBind[727]: bound socket, port=5003
06-12 15:20:10.660 D/stbhwnet(  405): STB_NWAddMembership[1139]: using IPV4 protocol
06-12 15:20:10.660 D/stbhwnet(  405): STB_NWAddMembership[1142]: group_address: '232.24.3.241', source_address: '10.70.220.50'
06-12 15:20:10.660 D/stbhwnet(  405): STB_NWAddMembership[1156]: src url SSM enabled
06-12 15:20:10.660 D/stbhwnet(  405): STB_NWAddMembership[1163]: source addr: 10.70.220.50, group addr: 232.24.3.241, socket: 18
06-12 15:20:10.660 D/stbhwnet(  405): STB_NWAddMembership[1164]: setsocket success for source addrs
06-12 15:20:10.660 D/stbhwnet(  405): STB_NWAddMembership[1176]: setsockopt IP_MULTICAST_ALL params:
06-12 15:20:10.660 D/stbhwnet(  405): STB_NWAddMembership[1177]: mc_all: DISABLE
06-12 15:20:10.660 D/stbhwnet(  405): STB_NWAddMembership[1182]: setsockopt success for all
06-12 15:20:10.660 D/stbhwnet(  405): STB_NWBind[914]: Added IPV4 address to bind:232.24.3.241 
06-12 15:20:10.660 D/stbhwnet(  405): STB_NWBind[921]: Binding with address 232.24.3.241
06-12 15:20:10.660 D/stbhwnet(  405): STB_NWBind[928]: Bind (fd=19) port 5005, done okay
06-12 15:20:10.660 D/dvb_iptv(  405): SocketBind[727]: bound socket, port=5005
06-12 15:20:10.660 D/stbhwnet(  405): STB_NWAddMembership[1139]: using IPV4 protocol
06-12 15:20:10.661 D/stbhwnet(  405): STB_NWAddMembership[1142]: group_address: '232.24.3.241', source_address: '10.70.220.50'
06-12 15:20:10.661 D/stbhwnet(  405): STB_NWAddMembership[1156]: src url SSM enabled
06-12 15:20:10.661 D/stbhwnet(  405): STB_NWAddMembership[1163]: source addr: 10.70.220.50, group addr: 232.24.3.241, socket: 19
06-12 15:20:10.661 D/stbhwnet(  405): STB_NWAddMembership[1164]: setsocket success for source addrs
06-12 15:20:10.661 D/stbhwnet(  405): STB_NWAddMembership[1176]: setsockopt IP_MULTICAST_ALL params:
06-12 15:20:10.661 D/stbhwnet(  405): STB_NWAddMembership[1177]: mc_all: DISABLE
06-12 15:20:10.661 D/stbhwnet(  405): STB_NWAddMembership[1182]: setsockopt success for all
06-12 15:20:10.661 D/dvb_iptv(  405): IPTV_Emm_Open[2126]: [SockTime] EMM socket open time: 1749721810s 661247us
06-12 15:20:10.661 I/Aml_MP  (  405): AmlCasBase [create:29] cas serviceType: verimatrix IPTV
06-12 15:20:10.661 I/Aml_MP  (  405): AmlCasBase create, iptv vmxcas v2 support
06-12 15:20:10.661 I/Aml_MP  (  405): AmlVMXIptvCas_V2 ctor AmlVMXIptvCas_V2
06-12 15:20:10.661 D/am_cas_api(  405): [createAmCas/77]
06-12 15:20:10.661 E/AVPIPTV (  405): [0] AmCasIPTVSC2 at # 672, class_instance_index=0
06-12 15:20:10.661 D/ltts_ip_emm(  405): openEmmCasSession[437]: IPTV EMM Cas openSession susccess CASSession ID: f703ac00
06-12 15:20:10.661 D/DvbiInterface(  405): StopStartcurrentemmsession[1198]: Successfully started the emm session: 0xf73929c0
06-12 15:20:10.661 D/dvb_iptv(  405): restartEmmSession[1181]: restart Emm monitor task success
06-12 15:20:10.661 D/dvb_iptv(  405): restartEmmSession[1187]: restart Emm monitor task stop and start successful - 1
06-12 15:20:10.661 D/dvb_iptv(  405): restartEmmSession[1172]: waiting for restart emm signal
06-12 15:20:10.675 D/stbdpc  (  405): STB_DPGetNumPaths[570]: num_paths: 1
06-12 15:20:10.682 I/.startv.hotsta(13920): oneway function results will be dropped but finished with status OK and parcel size 4
06-12 15:20:10.685 I/e.swalekh.abct( 1336): oneway function results will be dropped but finished with status OK and parcel size 4
06-12 15:20:10.693 D/JioSTBMRServer-SERVICE( 3304): InetSocketAddress(InetAddress.getByName(inetAddress.hostAddress)-/192.168.1.255
06-12 15:20:10.693 D/JioSTBMRServer-SERVICE( 3304): #beacon:RKISBFJ60000097:0:true:0:1:SV=181024:KB=1 , 192.168.1.255
06-12 15:20:10.697 D/JioSTBMRServer-SERVICE( 3304): InetSocketAddress(InetAddress.getByName(inetAddress.hostAddress)-/192.168.1.255
06-12 15:20:10.698 D/JioSTBMRServer-SERVICE( 3304): #broadcast IP:192.168.1.255
06-12 15:20:10.775 D/stbdpc  (  405): STB_DPGetNumPaths[570]: num_paths: 1
06-12 15:20:10.864 E/ocessService0:( 2273): failed to create Unix domain socket: Operation not permitted
06-12 15:20:10.875 D/stbdpc  (  405): STB_DPGetNumPaths[570]: num_paths: 1
06-12 15:20:10.976 D/stbdpc  (  405): STB_DPGetNumPaths[570]: num_paths: 1
06-12 15:20:11.033 D/rtk_heartbeat(  351): heartbeat_timed_out: heartbeatCmdCount = 1863, expected nextSeqNum = 1863
06-12 15:20:11.034 D/rtk_heartbeat(  351): rtkbt_heartbeat_cmpl_cback: Current SeqNum = 1863,should SeqNum=1863, status = 0
06-12 15:20:11.042 D/JioLauncher( 1781): overlay status check for wifi and bt remote false false
06-12 15:20:11.045 D/JioLauncher( 1781): diagnosis-fragment-onConnectivityChanged
06-12 15:20:11.046 D/Match code1( 1449): 2
06-12 15:20:11.047 D/JIO_TR069-( 1449): Predefined List [com.jio.stb.catv, com.rjil.jiostbsetting, com.iwedia.ui.rjio.launcher.reliance, com.jio.stb.hotellauncher, com.jio.media.oberoi, com.jio.ott]
06-12 15:20:11.051 D/JIO_TR069-( 1449): Caller Package com.iwedia.ui.rjio.launcher.reliance
06-12 15:20:11.051 D/JIO_TR069-( 1449): White Listed Apps []
06-12 15:20:11.052 D/JIO_TR069-( 1449): Final White Listed Apps [com.jio.stb.catv, com.rjil.jiostbsetting, com.iwedia.ui.rjio.launcher.reliance, com.jio.stb.hotellauncher, com.jio.media.oberoi, com.jio.ott, ]
06-12 15:20:11.057 D/JioLauncher( 1781): network-type-------NonJioNetwork
