06-12 16:53:52.045 F/linker  (13433): CANNOT LINK EXECUTABLE "/system/bin/smartcable/smartCableSTBApp": library "libmosquitto.so" not found: needed by main executable
06-12 16:53:55.396 W/[ 7510.748860@0]  RTW(    0): fill_default_txdesc(wlan0): SP Packet(0x0806) rate=0x4 SeqNum = 3402
06-12 16:53:55.412 W/[ 7510.766621@0]  RTW(    0): fill_default_txdesc(wlan0): SP Packet(0x0806) rate=0x4 SeqNum = 3404
06-12 16:53:56.579 W/[ 7511.932870@2]  RTW(    0): Turbo EDCA =0xa42b
06-12 16:53:57.051 F/linker  (13452): CANNOT LINK EXECUTABLE "/system/bin/smartcable/smartCableSTBApp": library "libmosquitto.so" not found: needed by main executable
06-12 16:54:00.611 W/[ 7515.964907@2]  RTW(    0): Turbo EDCA =0x5ea42b
06-12 16:54:01.064 W/[ 7516.418212@0]  RTW(    0): fill_default_txdesc(wlan0): SP Packet(0x0806) rate=0x4 SeqNum = 3414
06-12 16:54:02.062 F/linker  (13461): CANNOT LINK EXECUTABLE "/system/bin/smartcable/smartCableSTBApp": library "libmosquitto.so" not found: needed by main executable
06-12 16:54:02.628 W/[ 7517.980897@0]  RTW(    0): Turbo EDCA =0xa42b
06-12 16:54:05.175 W/[ 7520.528808@0]  RTW(    0): fill_default_txdesc(wlan0): SP Packet(0x0806) rate=0x4 SeqNum = 3428
06-12 16:54:06.659 W/[ 7522.012886@0]  RTW(    0): Turbo EDCA =0x5ea42b
06-12 16:54:07.058 F/linker  (13474): CANNOT LINK EXECUTABLE "/system/bin/smartcable/smartCableSTBApp": library "libmosquitto.so" not found: needed by main executable
06-12 16:54:10.247 W/[ 7525.604357@1]  RTW(    0): fill_default_txdesc(wlan0): SP Packet(0x0806) rate=0x4 SeqNum = 3448
06-12 16:54:12.070 F/linker  (13484): CANNOT LINK EXECUTABLE "/system/bin/smartcable/smartCableSTBApp": library "libmosquitto.so" not found: needed by main executable
06-12 16:54:15.416 W/[ 7530.770367@0]  RTW(    0): fill_default_txdesc(wlan0): SP Packet(0x0806) rate=0x4 SeqNum = 3464
06-12 16:54:17.073 F/linker  (13499): CANNOT LINK EXECUTABLE "/system/bin/smartcable/smartCableSTBApp": library "libmosquitto.so" not found: needed by main executable
06-12 16:54:20.580 W/[ 7535.932872@0]  RTW(    0): fill_default_txdesc(wlan0): SP Packet(0x0806) rate=0x4 SeqNum = 3483
06-12 16:54:22.081 F/linker  (13510): CANNOT LINK EXECUTABLE "/system/bin/smartcable/smartCableSTBApp": library "libmosquitto.so" not found: needed by main executable
06-12 16:54:25.684 W/[ 7541.040075@1]  RTW(    0): fill_default_txdesc(wlan0): SP Packet(0x0806) rate=0x4 SeqNum = 3494
06-12 16:54:27.078 F/linker  (13523): CANNOT LINK EXECUTABLE "/system/bin/smartcable/smartCableSTBApp": library "libmosquitto.so" not found: needed by main executable
06-12 16:54:30.816 W/[ 7546.169565@0]  RTW(    0): fill_default_txdesc(wlan0): SP Packet(0x0806) rate=0x4 SeqNum = 3513
06-12 16:54:32.088 F/linker  (13534): CANNOT LINK EXECUTABLE "/system/bin/smartcable/smartCableSTBApp": library "libmosquitto.so" not found: needed by main executable
06-12 16:54:35.848 W/[ 7551.203573@0]  RTW(    0): fill_default_txdesc(wlan0): SP Packet(0x0806) rate=0x4 SeqNum = 3531
06-12 16:54:37.091 F/linker  (13547): CANNOT LINK EXECUTABLE "/system/bin/smartcable/smartCableSTBApp": library "libmosquitto.so" not found: needed by main executable
06-12 16:54:40.023 W/[ 7555.378055@1]  audit(    0): audit_lost=8151 audit_rate_limit=5 audit_backlog_limit=64
06-12 16:54:40.024 E/[ 7555.378065@1]  audit(    0): rate limit exceeded
06-12 16:54:41.063 W/[ 7556.418421@3]  RTW(    0): fill_default_txdesc(wlan0): SP Packet(0x0806) rate=0x4 SeqNum = 3566
06-12 16:54:42.097 F/linker  (13556): CANNOT LINK EXECUTABLE "/system/bin/smartcable/smartCableSTBApp": library "libmosquitto.so" not found: needed by main executable
06-12 16:54:45.184 W/[ 7560.539190@3]  RTW(    0): fill_default_txdesc(wlan0): SP Packet(0x0806) rate=0x4 SeqNum = 3617
06-12 16:54:47.108 F/linker  (13569): CANNOT LINK EXECUTABLE "/system/bin/smartcable/smartCableSTBApp": library "libmosquitto.so" not found: needed by main executable
06-12 16:54:49.411 W/[ 7564.764684@3]  RTW(    0): fill_default_txdesc(wlan0): SP Packet(0x0806) rate=0x4 SeqNum = 3643
06-12 16:54:50.335 W/[ 7565.689074@3]  RTW(    0): fill_default_txdesc(wlan0): SP Packet(0x0806) rate=0x4 SeqNum = 3646
06-12 16:54:52.107 F/linker  (13587): CANNOT LINK EXECUTABLE "/system/bin/smartcable/smartCableSTBApp": library "libmosquitto.so" not found: needed by main executable
06-12 16:54:54.503 E/[ 7569.858284@2]  selinux(    0): SELinux:  Could not stat /sys/kernel/dmabuf/buffers/1736995/attachments: No such file or directory.
06-12 16:54:54.504 E/[ 7569.858305@2]  selinux(    0):  
06-12 16:54:54.511 E/[ 7569.867596@0]  selinux(    0): SELinux:  Could not stat /sys/kernel/dmabuf/buffers/1734979/attachments: No such file or directory.
06-12 16:54:54.512 E/[ 7569.867615@0]  selinux(    0):  
06-12 16:54:55.487 W/[ 7570.841045@2]  RTW(    0): fill_default_txdesc(wlan0): SP Packet(0x0806) rate=0x4 SeqNum = 3691
06-12 16:54:57.060 W/[ 7572.412890@3]  RTW(    0): Turbo EDCA =0xa42b
06-12 16:54:57.116 F/linker  (13602): CANNOT LINK EXECUTABLE "/system/bin/smartcable/smartCableSTBApp": library "libmosquitto.so" not found: needed by main executable
06-12 16:55:00.623 W/[ 7575.980133@0]  RTW(    0): fill_default_txdesc(wlan0): SP Packet(0x0806) rate=0x4 SeqNum = 3702
06-12 16:55:01.091 W/[ 7576.444717@3]  RTW(    0): Turbo EDCA =0x5ea42b
06-12 16:55:02.118 F/linker  (13615): CANNOT LINK EXECUTABLE "/system/bin/smartcable/smartCableSTBApp": library "libmosquitto.so" not found: needed by main executable
06-12 16:55:03.107 W/[ 7578.460771@1]  RTW(    0): Turbo EDCA =0xa42b
06-12 16:55:05.124 W/[ 7580.476857@3]  RTW(    0): Turbo EDCA =0x5ea42b
06-12 16:55:05.756 W/[ 7581.108683@1]  RTW(    0): fill_default_txdesc(wlan0): SP Packet(0x0806) rate=0x4 SeqNum = 3713
06-12 16:55:07.125 F/linker  (13624): CANNOT LINK EXECUTABLE "/system/bin/smartcable/smartCableSTBApp": library "libmosquitto.so" not found: needed by main executable
06-12 16:55:10.876 W/[ 7586.229841@1]  RTW(    0): fill_default_txdesc(wlan0): SP Packet(0x0806) rate=0x4 SeqNum = 3725
06-12 16:55:11.683 W/[ 7587.036729@0]  RTW(    0): fill_default_txdesc(wlan0): SP Packet(0x0806) rate=0x4 SeqNum = 3727
06-12 16:55:11.940 W/[ 7587.292766@0]  RTW(    0): fill_default_txdesc(wlan0): SP Packet(0x0806) rate=0x4 SeqNum = 3730
06-12 16:55:12.135 F/linker  (13637): CANNOT LINK EXECUTABLE "/system/bin/smartcable/smartCableSTBApp": library "libmosquitto.so" not found: needed by main executable
06-12 16:55:15.984 W/[ 7591.339644@1]  RTW(    0): fill_default_txdesc(wlan0): SP Packet(0x0806) rate=0x4 SeqNum = 3747
06-12 16:55:17.144 F/linker  (13647): CANNOT LINK EXECUTABLE "/system/bin/smartcable/smartCableSTBApp": library "libmosquitto.so" not found: needed by main executable
06-12 16:55:21.103 W/[ 7596.459183@1]  RTW(    0): fill_default_txdesc(wlan0): SP Packet(0x0806) rate=0x4 SeqNum = 3757
06-12 16:55:22.151 F/linker  (13662): CANNOT LINK EXECUTABLE "/system/bin/smartcable/smartCableSTBApp": library "libmosquitto.so" not found: needed by main executable
06-12 16:55:25.224 W/[ 7600.578856@0]  RTW(    0): fill_default_txdesc(wlan0): SP Packet(0x0806) rate=0x4 SeqNum = 3767
06-12 16:55:27.153 F/linker  (13671): CANNOT LINK EXECUTABLE "/system/bin/smartcable/smartCableSTBApp": library "libmosquitto.so" not found: needed by main executable
06-12 16:55:27.787 I/        (    0): [ 7603.142459@2]  EXT4-fs (mmcblk0p17): re-mounted. Opts: (null)
06-12 16:55:28.527 W/[ 7603.882198@1]  audit(    0): audit_lost=8154 audit_rate_limit=5 audit_backlog_limit=64
06-12 16:55:28.527 E/[ 7603.882204@1]  audit(    0): rate limit exceeded
06-12 16:55:29.603 W/[ 7604.960202@1]  audit(    0): audit_lost=8272 audit_rate_limit=5 audit_backlog_limit=64
06-12 16:55:29.603 E/[ 7604.960210@1]  audit(    0): rate limit exceeded
06-12 16:55:29.622 V/DisplayPowerController(  632): Brightness [0.39763778] reason changing to: 'manual', previous reason: 'manual [ dim ]'.
06-12 16:55:29.764 D/AutofillManagerService(  632): onBackKeyPressed()
06-12 16:55:29.821 D/ActivityTaskManager(  632): JioHomeManagerService :: ActivityRecord :: setState :: StateFrom :: STOPPED StateTo :: RESUMED 
06-12 16:55:29.830 D/ActivityManager(  632): JioHomeManagerService :: StateFrom :: STOPPED StateTo :: RESUMED Activity :: com.iwedia.ui.rjio.launcher.reliance/com.iwedia.ui.rjio.launcher.ui.intro.IntroActivity Action :: com.jio.remote.action.applaunch
06-12 16:55:29.837 W/ActivityManager(  632): Receiver with filter android.content.IntentFilter@9031ea9 already registered for pid 1781, callerPackage is com.iwedia.ui.rjio.launcher.reliance
06-12 16:55:29.890 V/DigitalSignage(  632): Package Name: null
06-12 16:55:29.890 V/DigitalSignage(  632): Left: 0
06-12 16:55:29.890 V/DigitalSignage(  632): Right: 0
06-12 16:55:29.890 V/DigitalSignage(  632): Top: 0
06-12 16:55:29.890 V/DigitalSignage(  632): Bottom: 0
06-12 16:55:29.890 D/DigitalSignage(  632): else - Package Name :: null left : 0 right :: 0 top :: 0 bottom :: 0 dfu-right :: 1920 dfu-bottom :: 1080
06-12 16:55:29.982 V/DigitalSignage(  632): Package Name: null
06-12 16:55:29.982 V/DigitalSignage(  632): Left: 0
06-12 16:55:29.982 V/DigitalSignage(  632): Right: 0
06-12 16:55:29.982 V/DigitalSignage(  632): Top: 0
06-12 16:55:29.982 V/DigitalSignage(  632): Bottom: 0
06-12 16:55:29.982 D/DigitalSignage(  632): else - Package Name :: null left : 0 right :: 0 top :: 0 bottom :: 0 dfu-right :: 1920 dfu-bottom :: 1080
06-12 16:55:29.991 V/DigitalSignage(  632): Package Name: null
06-12 16:55:29.991 V/DigitalSignage(  632): Left: 0
06-12 16:55:29.991 V/DigitalSignage(  632): Right: 0
06-12 16:55:29.991 V/DigitalSignage(  632): Top: 0
06-12 16:55:29.991 V/DigitalSignage(  632): Bottom: 0
06-12 16:55:29.991 D/DigitalSignage(  632): else - Package Name :: null left : 0 right :: 0 top :: 0 bottom :: 0 dfu-right :: 1920 dfu-bottom :: 1080
06-12 16:55:30.008 V/DigitalSignage(  632): Package Name: null
06-12 16:55:30.008 V/DigitalSignage(  632): Left: 0
06-12 16:55:30.008 V/DigitalSignage(  632): Right: 0
06-12 16:55:30.008 V/DigitalSignage(  632): Top: 0
06-12 16:55:30.009 V/DigitalSignage(  632): Bottom: 0
06-12 16:55:30.009 D/DigitalSignage(  632): else - Package Name :: null left : 0 right :: 0 top :: 0 bottom :: 0 dfu-right :: 1920 dfu-bottom :: 1080
06-12 16:55:30.013 V/DigitalSignage(  632): Package Name: null
06-12 16:55:30.013 V/DigitalSignage(  632): Left: 0
06-12 16:55:30.013 V/DigitalSignage(  632): Right: 0
06-12 16:55:30.013 V/DigitalSignage(  632): Top: 0
06-12 16:55:30.013 V/DigitalSignage(  632): Bottom: 0
06-12 16:55:30.013 D/DigitalSignage(  632): else - Package Name :: null left : 0 right :: 0 top :: 0 bottom :: 0 dfu-right :: 1920 dfu-bottom :: 1080
06-12 16:55:30.336 W/[ 7605.689189@3]  RTW(    0): fill_default_txdesc(wlan0): SP Packet(0x0806) rate=0x4 SeqNum = 920
06-12 16:55:30.386 V/DigitalSignage(  632): Package Name: null
06-12 16:55:30.386 V/DigitalSignage(  632): Left: 0
06-12 16:55:30.386 V/DigitalSignage(  632): Right: 0
06-12 16:55:30.386 V/DigitalSignage(  632): Top: 0
06-12 16:55:30.386 V/DigitalSignage(  632): Bottom: 0
06-12 16:55:30.387 D/DigitalSignage(  632): else - Package Name :: null left : 0 right :: 0 top :: 0 bottom :: 0 dfu-right :: 1920 dfu-bottom :: 1080
06-12 16:55:30.889 V/DigitalSignage(  632): Package Name: null
06-12 16:55:30.890 V/DigitalSignage(  632): Left: 0
06-12 16:55:30.890 V/DigitalSignage(  632): Right: 0
06-12 16:55:30.890 V/DigitalSignage(  632): Top: 0
06-12 16:55:30.890 V/DigitalSignage(  632): Bottom: 0
06-12 16:55:30.891 D/DigitalSignage(  632): else - Package Name :: null left : 0 right :: 0 top :: 0 bottom :: 0 dfu-right :: 1920 dfu-bottom :: 1080
06-12 16:55:31.331 W/[ 7606.684783@0]  RTW(    0): Turbo EDCA =0xa42b
06-12 16:55:32.181 F/linker  (13855): CANNOT LINK EXECUTABLE "/system/bin/smartcable/smartCableSTBApp": library "libmosquitto.so" not found: needed by main executable
06-12 16:55:32.660 I/[ 7608.016075@3]  binder(    0): 9760:9844 transaction failed 29189/-22, size 616-0 line 2705
06-12 16:55:32.686 E/AndroidRuntime( 9760): FATAL EXCEPTION: Instr: androidx.test.runner.AndroidJUnitRunner
06-12 16:55:32.686 E/AndroidRuntime( 9760): Process: io.appium.uiautomator2.server, PID: 9760
06-12 16:55:32.686 E/AndroidRuntime( 9760): java.lang.IllegalStateException: UiAutomation not connected, UiAutomation@30745d0[id=-1, flags=0]
06-12 16:55:32.686 E/AndroidRuntime( 9760): 	at android.app.UiAutomation.throwIfNotConnectedLocked(UiAutomation.java:1239)
06-12 16:55:32.686 E/AndroidRuntime( 9760): 	at android.app.UiAutomation.disconnect(UiAutomation.java:296)
06-12 16:55:32.686 E/AndroidRuntime( 9760): 	at android.app.Instrumentation.finish(Instrumentation.java:249)
06-12 16:55:32.686 E/AndroidRuntime( 9760): 	at androidx.test.runner.MonitoringInstrumentation.finish(MonitoringInstrumentation.java:409)
06-12 16:55:32.686 E/AndroidRuntime( 9760): 	at androidx.test.runner.AndroidJUnitRunner.onStart(AndroidJUnitRunner.java:474)
06-12 16:55:32.686 E/AndroidRuntime( 9760): 	at android.app.Instrumentation$InstrumentationThread.run(Instrumentation.java:2205)
06-12 16:55:32.709 I/ActivityManager(  632): Notify Jio SDK Service on crash event
06-12 16:55:32.716 I/DropBoxManagerService(  632): add tag=data_app_crash isTagEnabled=true flags=0x2
06-12 16:55:32.778 W/ContextImpl( 1449): Calling a method in the system process without a qualified user: android.app.ContextImpl.bindService:1748 android.content.ContextWrapper.bindService:756 com.jio.adc.core.b.d:56 com.jio.adc.core.b.b:13 com.jio.adc.core.b$c.run:7 
06-12 16:55:33.221 I/ActivityManager(  632): Process io.appium.uiautomator2.server (pid 9760) has died: fg  FGS 
06-12 16:55:33.225 W/ActivityManager(  632): Crash of app io.appium.uiautomator2.server running instrumentation ComponentInfo{io.appium.uiautomator2.server.test/androidx.test.runner.AndroidJUnitRunner}
06-12 16:55:33.229 I/[ 7608.584038@0]  binder(    0): 632:665 transaction failed 29189/-22, size 88-0 line 2705
06-12 16:55:33.227 I/ActivityManager(  632): Force stopping io.appium.uiautomator2.server appid=10096 user=0: finished inst
06-12 16:55:33.230 W/ActivityManager(  632): Error shutting down UiAutomationConnection
06-12 16:55:33.280 I/[ 7608.632890@1]  binder(    0): 632:13910 transaction failed 29189/-22, size 340-0 line 2705
06-12 16:55:33.292 I/ActivityManager(  632): Failure reporting to instrumentation watcher: comp=ComponentInfo{io.appium.uiautomator2.server.test/androidx.test.runner.AndroidJUnitRunner} results=Bundle[{shortMsg=Process crashed.}]
06-12 16:55:33.348 W/[ 7608.700780@2]  RTW(    0): Turbo EDCA =0x5ea42b
06-12 16:55:33.423 W/ProcessCpuTracker(  632): Failed to stat(/proc/13914): android.system.ErrnoException: stat failed: ENOENT (No such file or directory)
06-12 16:55:33.423 W/ProcessCpuTracker(  632): Skipping unknown process pid 13914
06-12 16:55:33.433 I/ActivityManager(  632): Force stopping io.appium.uiautomator2.server appid=10096 user=0: from pid 13918
06-12 16:55:33.442 I/ActivityManager(  632): Force stopping io.appium.uiautomator2.server.test appid=10095 user=0: from pid 13919
06-12 16:55:33.720 E/TaskPersister(  632): File error accessing recents directory (directory doesn't exist?).
06-12 16:55:33.814 V/DigitalSignage(  632): Package Name: null
06-12 16:55:33.814 V/DigitalSignage(  632): Left: 0
06-12 16:55:33.814 V/DigitalSignage(  632): Right: 0
06-12 16:55:33.814 V/DigitalSignage(  632): Top: 0
06-12 16:55:33.814 V/DigitalSignage(  632): Bottom: 0
06-12 16:55:33.814 D/DigitalSignage(  632): else - Package Name :: null left : 0 right :: 0 top :: 0 bottom :: 0 dfu-right :: 1920 dfu-bottom :: 1080
06-12 16:55:34.591 I/ActivityManager(  632): Force stopping in.startv.hotstar appid=10072 user=0: from pid 1699
06-12 16:55:34.592 I/ActivityManager(  632): Killing 9959:in.startv.hotstar/u0a72 (adj 900): stop in.startv.hotstar due to from pid 1699
06-12 16:55:34.600 I/ActivityManager(  632): Force stopping in.startv.hotstar appid=10072 user=0: from pid 1699
06-12 16:55:34.649 I/chatty  (  632): uid=1000(system) Binder:632_1C identical 7 lines
06-12 16:55:34.654 I/ActivityManager(  632): Force stopping in.startv.hotstar appid=10072 user=0: from pid 1699
06-12 16:55:34.752 I/ActivityManager(  632): Force stopping io.appium.uiautomator2.server appid=10096 user=0: start instr
06-12 16:55:34.757 D/CompatibilityChangeReporter(  632): Compat change id reported: 135634846; UID 10096; state: DISABLED
06-12 16:55:34.758 D/CompatibilityChangeReporter(  632): Compat change id reported: 143937733; UID 10096; state: ENABLED
06-12 16:55:34.811 W/ActivityManager(  632): Slow operation: 55ms so far, now at startProcess: returned from zygote!
06-12 16:55:34.811 W/ActivityManager(  632): Slow operation: 55ms so far, now at startProcess: done updating battery stats
06-12 16:55:34.811 W/ActivityManager(  632): Slow operation: 56ms so far, now at startProcess: building log message
06-12 16:55:34.812 I/ActivityManager(  632): Start proc 13953:io.appium.uiautomator2.server/u0a96 for added application io.appium.uiautomator2.server
06-12 16:55:34.812 W/ActivityManager(  632): Slow operation: 56ms so far, now at startProcess: starting to update pids map
06-12 16:55:34.812 W/ActivityManager(  632): Slow operation: 56ms so far, now at startProcess: done updating pids map
06-12 16:55:34.998 D/ConnectivityService(  632): ConnectivityService NetworkRequestInfo binderDied(NetworkRequest [ LISTEN id=68, [ Capabilities: INTERNET&NOT_RESTRICTED&TRUSTED&NOT_VPN&FOREGROUND Uid: 10072 AdministratorUids: [] RequestorUid: 10072 RequestorPackageName: in.startv.hotstar] ], android.os.BinderProxy@c79476e)
06-12 16:55:35.010 W/ActivityManager(  632): setHasOverlayUi called on unknown pid: 9959
06-12 16:55:35.237 W/[ 7610.588728@3]  RTW(    0): fill_default_txdesc(wlan0): SP Packet(0x0806) rate=0x4 SeqNum = 3741
06-12 16:55:35.256 W/[ 7610.609615@3]  RTW(    0): fill_default_txdesc(wlan0): SP Packet(0x0806) rate=0x4 SeqNum = 3748
06-12 16:55:37.164 F/linker  (13997): CANNOT LINK EXECUTABLE "/system/bin/smartcable/smartCableSTBApp": library "libmosquitto.so" not found: needed by main executable
06-12 16:55:38.799 D/[ 7614.156471@3]  logd(    0): logdr: UID=0 GID=0 PID=14020 b tail=0 logMask=99 pid=0 start=0ns timeout=0ns
06-12 16:55:38.811 D/[ 7614.165607@0]  logd(    0): Skipping 4294967295 entries from slow reader, pid 14020, from LogBuffer::kickMe()
06-12 16:55:38.815 D/dvb_iptv(  405): ReadEmmNetworkTask[1537]: EMM Select Timeout Occured 41
06-12 16:55:38.820 D/Glide   ( 1781): Finished loading Bitmap from LOCAL for com.bumptech.glide.gifdecoder.StandardGifDecoder@fb55452 with size [314x176] in 2.9728339999999998 ms
06-12 16:55:38.869 D/Glide   ( 1781): Finished loading Bitmap from LOCAL for com.bumptech.glide.gifdecoder.StandardGifDecoder@fb55452 with size [314x176] in 11.527707999999999 ms
06-12 16:55:38.887 D/stbdpc  (  405): STB_DPGetNumPaths[570]: num_paths: 1
06-12 16:55:38.891 D/JioStbInactivityTimer(  933): Timer: count 8 warningTimeout:10680 timeout:10800
06-12 16:55:38.891 D/JioStbInactivityTimer(  933): isUserActive: Curr:7605118 Prev:7605118
06-12 16:55:38.902 D/Glide   ( 1781): Finished loading Bitmap from LOCAL for com.bumptech.glide.gifdecoder.StandardGifDecoder@fb55452 with size [314x176] in 3.8820419999999998 ms
06-12 16:55:38.952 D/Glide   ( 1781): Finished loading Bitmap from LOCAL for com.bumptech.glide.gifdecoder.StandardGifDecoder@fb55452 with size [314x176] in 13.364583 ms
06-12 16:55:38.986 D/Glide   ( 1781): Finished loading Bitmap from LOCAL for com.bumptech.glide.gifdecoder.StandardGifDecoder@fb55452 with size [314x176] in 6.93375 ms
06-12 16:55:38.987 D/stbdpc  (  405): STB_DPGetNumPaths[570]: num_paths: 1
06-12 16:55:39.006 I/ActivityTaskManager(  632): START u0 {flg=0x10000000 cmp=in.startv.hotstar/com.hotstar.MainActivity} from uid 0
06-12 16:55:39.006 D/ActivityStarter(  632):  
06-12 16:55:39.006 D/ActivityStarter(  632): launchedPkgName :: in.startv.hotstar 
06-12 16:55:39.006 D/ActivityStarter(  632): callingPackage :: com.android.shell 
06-12 16:55:39.006 D/ActivityStarter(  632): callingUid :: 0 
06-12 16:55:39.006 D/ActivityStarter(  632): callingPid :: 14034
06-12 16:55:39.006 D/ActivityTaskManager(  632): OTHER app is launched
06-12 16:55:39.015 V/DigitalSignage(  632): Package Name: null
06-12 16:55:39.016 V/DigitalSignage(  632): Left: 0
06-12 16:55:39.016 V/DigitalSignage(  632): Right: 0
06-12 16:55:39.016 V/DigitalSignage(  632): Top: 0
06-12 16:55:39.016 V/DigitalSignage(  632): Bottom: 0
06-12 16:55:39.016 D/DigitalSignage(  632): else - Package Name :: null left : 0 right :: 0 top :: 0 bottom :: 0 dfu-right :: 1920 dfu-bottom :: 1080
06-12 16:55:39.020 I/cmd     (14034): oneway function results will be dropped but finished with status OK and parcel size 4
06-12 16:55:39.022 D/JioLauncher( 1781): package-unregisterReceiver-for-downloadFeedBackReceiver
06-12 16:55:39.022 D/CompatibilityChangeReporter(  632): Compat change id reported: 135634846; UID 10072; state: DISABLED
06-12 16:55:39.022 D/JioLauncher( 1781): onPause called in PromotionFragment
06-12 16:55:39.023 D/CompatibilityChangeReporter(  632): Compat change id reported: 143937733; UID 10072; state: ENABLED
06-12 16:55:39.023 D/JioLauncher( 1781): intro-activity-on-pause
06-12 16:55:39.023 D/JioLauncher( 1781): recommendation-pause-called-no-recommendation-call-in-progress-cancel-handler
06-12 16:55:39.023 D/JioLauncher( 1781): ipl-pause-called-no-ipl-call-in-progress-cancel-handler
06-12 16:55:39.023 D/JioLauncher( 1781): for-u-recommendation-api-call-remove
06-12 16:55:39.023 D/JioLauncher( 1781): promotion-pause-called-no-ads-call-in-progress-cancel-handler
06-12 16:55:39.023 D/JioLauncher( 1781): ipl-promotion-pause-called-no-ads-call-in-progress-cancel-handler
06-12 16:55:39.025 D/JioLauncher( 1781): ThreadCount-235
06-12 16:55:39.025 D/JioLauncher( 1781): isInactivityPopupDisplaying-{"inactivity_status_modified_time":1420050611833,"inactivity_status":false,"inactivity_window_timeout":120000}
06-12 16:55:39.025 D/JioLauncher( 1781): inactivity_status-false- result-false
06-12 16:55:39.025 D/JioLauncher( 1781): overlay-removing-type-LIVE_TV_ALERT_TYPE  -isInactivityPopupDisplaying-false
06-12 16:55:39.025 D/JioLauncher( 1781): ThreadCount-235
06-12 16:55:39.025 D/JioLauncher( 1781): isInactivityPopupDisplaying-{"inactivity_status_modified_time":1420050611833,"inactivity_status":false,"inactivity_window_timeout":120000}
06-12 16:55:39.025 D/JioLauncher( 1781): inactivity_status-false- result-false
06-12 16:55:39.025 D/JioLauncher( 1781): block-apps 1 null false
06-12 16:55:39.025 D/JioLauncher( 1781): global-key-unblock-all-key
06-12 16:55:39.027 D/JioLauncher( 1781): block-apps -1 null false
06-12 16:55:39.028 D/JioLauncher( 1781): global-key-block-all-key--others
06-12 16:55:39.035 D/JioLauncher( 1781): promotion auto play stop true
06-12 16:55:39.054 D/Glide   ( 1781): Finished loading Bitmap from LOCAL for com.bumptech.glide.gifdecoder.StandardGifDecoder@fb55452 with size [314x176] in 18.770709 ms
06-12 16:55:39.055 I/appium  (13953): channel read: POST /session/a533848f-1c22-4070-9968-d778f09849c3/element
06-12 16:55:39.056 I/appium  (13953): FindElement command
06-12 16:55:39.059 V/DigitalSignage(  632): Package Name: null
06-12 16:55:39.059 V/DigitalSignage(  632): Left: 0
06-12 16:55:39.059 V/DigitalSignage(  632): Right: 0
06-12 16:55:39.059 V/DigitalSignage(  632): Top: 0
06-12 16:55:39.059 V/DigitalSignage(  632): Bottom: 0
06-12 16:55:39.059 D/DigitalSignage(  632): else - Package Name :: null left : 0 right :: 0 top :: 0 bottom :: 0 dfu-right :: 1920 dfu-bottom :: 1080
06-12 16:55:39.059 I/appium  (13953): method: 'xpath', selector: '//android.widget.ImageView[@resource-id='in.startv.hotstar:id/iv_profile']'
06-12 16:55:39.063 I/appium  (13953): Waiting up to 10000ms for the device to idle
06-12 16:55:39.078 I/appium  (13953): The following attributes will be included to the page source: [resource-id]
06-12 16:55:39.083 D/Zygote  (  326): Forked child process 14037
06-12 16:55:39.088 W/ActivityManager(  632): Slow operation: 66ms so far, now at startProcess: returned from zygote!
06-12 16:55:39.088 D/stbdpc  (  405): STB_DPGetNumPaths[570]: num_paths: 1
06-12 16:55:39.088 W/ActivityManager(  632): Slow operation: 66ms so far, now at startProcess: done updating battery stats
06-12 16:55:39.088 W/ActivityManager(  632): Slow operation: 66ms so far, now at startProcess: building log message
06-12 16:55:39.088 I/ActivityManager(  632): Start proc 14037:in.startv.hotstar/u0a72 for pre-top-activity {in.startv.hotstar/com.hotstar.MainActivity}
06-12 16:55:39.088 W/ActivityManager(  632): Slow operation: 66ms so far, now at startProcess: starting to update pids map
06-12 16:55:39.088 W/ActivityManager(  632): Slow operation: 67ms so far, now at startProcess: done updating pids map
06-12 16:55:39.090 D/Glide   ( 1781): Finished loading Bitmap from LOCAL for com.bumptech.glide.gifdecoder.StandardGifDecoder@fb55452 with size [314x176] in 14.362126 ms
06-12 16:55:39.092 V/DigitalSignage(  632): Package Name: null
06-12 16:55:39.092 V/DigitalSignage(  632): Left: 0
06-12 16:55:39.092 V/DigitalSignage(  632): Right: 0
06-12 16:55:39.092 V/DigitalSignage(  632): Top: 0
06-12 16:55:39.092 V/DigitalSignage(  632): Bottom: 0
06-12 16:55:39.092 D/DigitalSignage(  632): else - Package Name :: null left : 0 right :: 0 top :: 0 bottom :: 0 dfu-right :: 1920 dfu-bottom :: 1080
06-12 16:55:39.120 D/Glide   ( 1781): Finished loading Bitmap from LOCAL for com.bumptech.glide.gifdecoder.StandardGifDecoder@fb55452 with size [314x176] in 4.84025 ms
06-12 16:55:39.129 I/adbd    ( 7938): jdwp connection from 14037
06-12 16:55:39.149 D/ActivityTaskManager(  632): JioHomeManagerService :: ActivityRecord :: setState :: StateFrom :: INITIALIZING StateTo :: RESUMED 
06-12 16:55:39.159 V/DigitalSignage(  632): Package Name: null
06-12 16:55:39.159 V/DigitalSignage(  632): Left: 0
06-12 16:55:39.159 V/DigitalSignage(  632): Right: 0
06-12 16:55:39.159 V/DigitalSignage(  632): Top: 0
06-12 16:55:39.159 V/DigitalSignage(  632): Bottom: 0
06-12 16:55:39.159 D/DigitalSignage(  632): else - Package Name :: null left : 0 right :: 0 top :: 0 bottom :: 0 dfu-right :: 1920 dfu-bottom :: 1080
06-12 16:55:39.168 D/NetflixService(  986): onForegroundActivitiesChanged pid:14037,uid:10072,fg:true
06-12 16:55:39.170 I/android.hardware.power-service.libperfmgr(  369): Power setBoost: INTERACTION duration: 0
06-12 16:55:39.170 I/libperfmgr(  369): Do Powerhint: INTERACTION
06-12 16:55:39.175 D/Glide   ( 1781): Finished loading Bitmap from LOCAL for com.bumptech.glide.gifdecoder.StandardGifDecoder@fb55452 with size [314x176] in 19.787167 ms
06-12 16:55:39.175 V/DigitalSignage(  632): Package Name: null
06-12 16:55:39.175 V/DigitalSignage(  632): Left: 0
06-12 16:55:39.175 V/DigitalSignage(  632): Right: 0
06-12 16:55:39.175 V/DigitalSignage(  632): Top: 0
06-12 16:55:39.175 V/DigitalSignage(  632): Bottom: 0
06-12 16:55:39.175 D/DigitalSignage(  632): else - Package Name :: null left : 0 right :: 0 top :: 0 bottom :: 0 dfu-right :: 1920 dfu-bottom :: 1080
06-12 16:55:39.180 D/ActivityManager(  632): JioHomeManagerService :: StateFrom :: INITIALIZING StateTo :: RESUMED Activity :: in.startv.hotstar/com.hotstar.MainActivity Action :: com.jio.remote.action.applaunch
06-12 16:55:39.188 D/stbdpc  (  405): STB_DPGetNumPaths[570]: num_paths: 1
06-12 16:55:39.193 D/NetflixService(  986): processName:com.netflix.ninja,importance:300
06-12 16:55:39.203 D/NetworkSecurityConfig(14037): Using Network Security Config from resource network_security_config debugBuild: false
06-12 16:55:39.205 D/Glide   ( 1781): Finished loading Bitmap from LOCAL for com.bumptech.glide.gifdecoder.StandardGifDecoder@fb55452 with size [314x176] in 9.691291 ms
06-12 16:55:39.206 D/NetworkSecurityConfig(14037): Using Network Security Config from resource network_security_config debugBuild: false
06-12 16:55:39.260 D/Glide   ( 1781): Finished loading Bitmap from LOCAL for com.bumptech.glide.gifdecoder.StandardGifDecoder@fb55452 with size [314x176] in 23.938042 ms
06-12 16:55:39.271 D/SessionsDependencies(14037): Dependency to CRASHLYTICS added.
06-12 16:55:39.287 I/JioBackgroundSchedulerService( 2785): Check schedule  
06-12 16:55:39.288 D/Glide   ( 1781): Finished loading Bitmap from LOCAL for com.bumptech.glide.gifdecoder.StandardGifDecoder@fb55452 with size [314x176] in 11.290417 ms
06-12 16:55:39.288 D/stbdpc  (  405): STB_DPGetNumPaths[570]: num_paths: 1
06-12 16:55:39.294 I/FirebaseApp(14037): Device unlocked: initializing all Firebase APIs for app [DEFAULT]
06-12 16:55:39.315 D/dvb_iptv(  405): ReadEmmNetworkTask[1537]: EMM Select Timeout Occured 42
06-12 16:55:39.322 D/Glide   ( 1781): Finished loading Bitmap from LOCAL for com.bumptech.glide.gifdecoder.StandardGifDecoder@fb55452 with size [314x176] in 6.059416 ms
06-12 16:55:39.329 D/FirebaseSessions(14037): Initializing Firebase Sessions SDK.
06-12 16:55:39.343 I/FirebaseCrashlytics(14037): Initializing Firebase Crashlytics 19.3.0 for in.startv.hotstar
06-12 16:55:39.353 W/GooglePlayServicesUtil(14037): in.startv.hotstar requires the Google Play Store, but it is missing.
06-12 16:55:39.353 E/DynamiteModule(14037): Invalid GmsCore APK, remote loading disabled.
06-12 16:55:39.353 I/DynamiteModule(14037): Considering local module com.google.android.gms.measurement.dynamite:127 and remote module com.google.android.gms.measurement.dynamite:0
06-12 16:55:39.353 I/DynamiteModule(14037): Selected local version of com.google.android.gms.measurement.dynamite
06-12 16:55:39.354 E/DynamiteModule(14037): Invalid GmsCore APK, remote loading disabled.
06-12 16:55:39.372 D/Glide   ( 1781): Finished loading Bitmap from LOCAL for com.bumptech.glide.gifdecoder.StandardGifDecoder@fb55452 with size [314x176] in 15.965124999999999 ms
06-12 16:55:39.372 W/FA      (14037): Failed to register event listener on calling thread. Trying again on the dynamite thread.
06-12 16:55:39.374 D/SessionsDependencies(14037): Subscriber CRASHLYTICS registered.
06-12 16:55:39.388 D/stbdpc  (  405): STB_DPGetNumPaths[570]: num_paths: 1
06-12 16:55:39.407 D/Glide   ( 1781): Finished loading Bitmap from LOCAL for com.bumptech.glide.gifdecoder.StandardGifDecoder@fb55452 with size [314x176] in 10.466083 ms
06-12 16:55:39.413 I/tomator2.serve(13953): Background young concurrent copying GC freed 55816(2306KB) AllocSpace objects, 6(512KB) LOS objects, 0% free, 9311KB/9311KB, paused 82us total 116.422ms
06-12 16:55:39.450 D/LifecycleServiceBinder(14037): Binding service to application.
06-12 16:55:39.451 I/FA      (14037): App measurement initialized, version: 106000
06-12 16:55:39.451 I/FA      (14037): To enable debug logging run: adb shell setprop log.tag.FA VERBOSE
06-12 16:55:39.457 D/Glide   ( 1781): Finished loading Bitmap from LOCAL for com.bumptech.glide.gifdecoder.StandardGifDecoder@fb55452 with size [314x176] in 19.268041999999998 ms
06-12 16:55:39.464 I/FA      (14037): To enable faster debug mode event logging run:
06-12 16:55:39.464 I/FA      (14037):   adb shell setprop debug.firebase.analytics.app in.startv.hotstar
06-12 16:55:39.468 I/FirebaseInitProvider(14037): FirebaseApp initialization successful
06-12 16:55:39.479 D/ltts_ip_emm(  405): LTTS_IP_DMXStartEMM[381]: parse_emm_cat_status failed
06-12 16:55:39.481 D/WM-WrkMgrInitializer(14037): Initializing WorkManager with default configuration.
06-12 16:55:39.488 D/stbdpc  (  405): STB_DPGetNumPaths[570]: num_paths: 1
06-12 16:55:39.489 D/Glide   ( 1781): Finished loading Bitmap from LOCAL for com.bumptech.glide.gifdecoder.StandardGifDecoder@fb55452 with size [314x176] in 11.422374999999999 ms
06-12 16:55:39.489 D/rtk_heartbeat(  351): heartbeat_timed_out: heartbeatCmdCount = 7590, expected nextSeqNum = 7590
06-12 16:55:39.492 D/rtk_heartbeat(  351): rtkbt_heartbeat_cmpl_cback: Current SeqNum = 7590,should SeqNum=7590, status = 0
06-12 16:55:39.495 I/TetheringManager(14037): registerTetheringEventCallback:in.startv.hotstar
06-12 16:55:39.515 E/DynamiteModule(14037): Invalid GmsCore APK, remote loading disabled.
06-12 16:55:39.516 I/DynamiteModule(14037): Considering local module com.google.android.gms.cast_tv_dynamite:1 and remote module com.google.android.gms.cast_tv_dynamite:0
06-12 16:55:39.516 I/DynamiteModule(14037): Selected local version of com.google.android.gms.cast_tv_dynamite
06-12 16:55:39.536 W/pool-7-thread-1( 3502): type=1400 audit(0.0:9905): avc: denied { read } for name="arp" dev="proc" ino=4026532018 scontext=u:r:untrusted_app_27:s0:c85,c256,c512,c768 tcontext=u:object_r:proc_net:s0 tclass=file permissive=0 app=com.jio.myhome.mediasharedmp
06-12 16:55:39.531 D/Glide   ( 1781): Finished loading Bitmap from LOCAL for com.bumptech.glide.gifdecoder.StandardGifDecoder@fb55452 with size [314x176] in 13.856375 ms
06-12 16:55:39.544 W/pool-7-thread-1( 3502): type=1400 audit(0.0:9906): avc: denied { read } for name="arp" dev="proc" ino=4026532018 scontext=u:r:untrusted_app_27:s0:c85,c256,c512,c768 tcontext=u:object_r:proc_net:s0 tclass=file permissive=0 app=com.jio.myhome.mediasharedmp
06-12 16:55:39.559 V/DigitalSignage(  632): Package Name: null
06-12 16:55:39.559 V/DigitalSignage(  632): Left: 0
06-12 16:55:39.559 V/DigitalSignage(  632): Right: 0
06-12 16:55:39.559 V/DigitalSignage(  632): Top: 0
06-12 16:55:39.559 V/DigitalSignage(  632): Bottom: 0
06-12 16:55:39.559 D/DigitalSignage(  632): else - Package Name :: null left : 0 right :: 0 top :: 0 bottom :: 0 dfu-right :: 1920 dfu-bottom :: 1080
06-12 16:55:39.560 E/ocessService0:( 2273): failed to create Unix domain socket: Operation not permitted
06-12 16:55:39.575 E/BufferQueueProducer(  404): [com.iwedia.ui.rjio.launcher.reliance/com.iwedia.ui.rjio.launcher.ui.intro.IntroActivity#0](id:194000000c2,api:0,p:-1,c:404) disconnect: not connected (req=1)
06-12 16:55:39.576 W/libEGL  ( 1781): EGLNativeWindowType 0xb32ea008 disconnect failed
06-12 16:55:39.578 V/DigitalSignage(  632): Package Name: null
06-12 16:55:39.578 V/DigitalSignage(  632): Left: 0
06-12 16:55:39.578 V/DigitalSignage(  632): Right: 0
06-12 16:55:39.578 V/DigitalSignage(  632): Top: 0
06-12 16:55:39.578 V/DigitalSignage(  632): Bottom: 0
06-12 16:55:39.578 D/DigitalSignage(  632): else - Package Name :: null left : 0 right :: 0 top :: 0 bottom :: 0 dfu-right :: 1920 dfu-bottom :: 1080
06-12 16:55:39.589 D/stbdpc  (  405): STB_DPGetNumPaths[570]: num_paths: 1
06-12 16:55:39.686 D/ConnectivityService(  632): NetReassign [no changes]
06-12 16:55:39.689 D/stbdpc  (  405): STB_DPGetNumPaths[570]: num_paths: 1
06-12 16:55:39.690 I/AmFFmpegExtractor(  460): checkInList: isw:0, m:audio/mpeg, t:1, i:86017 t:0
06-12 16:55:39.690 I/AmFFmpegExtractor(  460): checkInList: isw:1, m:audio/mpeg, t:1, i:86017 t:0
06-12 16:55:39.690 E/AmFFmpegExtractor(  460): codec_ctx->properties: 0
06-12 16:55:39.690 I/AmFFmpegExtractor(  460): checkSupportInList ret 1
06-12 16:55:39.695 I/AmFFmpegExtractor(  460): checkInList: isw:0, m:audio/mpeg, t:1, i:86017 t:0
06-12 16:55:39.695 I/AmFFmpegExtractor(  460): checkInList: isw:1, m:audio/mpeg, t:1, i:86017 t:0
06-12 16:55:39.695 E/AmFFmpegExtractor(  460): codec_ctx->properties: 0
06-12 16:55:39.695 I/AmFFmpegExtractor(  460): checkSupportInList ret 0
06-12 16:55:39.695 E/AmFFmpegExtractor(  460): vendor do not support
06-12 16:55:39.703 E/Utils   (  460): did not find channel-count and/or sample-rate
06-12 16:55:39.707 I/AmAVUtils(14037): AmAVUtils, GITINFO : d32b3814175617bb24dd0965983e5642c803ab3a(drm.autobuild  Mon Oct 18 12:59:01 CST 2021)
06-12 16:55:39.707 I/AmAVUtils(14037): set profile 0 level:0
06-12 16:55:39.715 D/CCodec  (14037): allocate(c2.android.mp3.decoder)
06-12 16:55:39.721 I/Codec2Client(14037): Available Codec2 services: "software"
06-12 16:55:39.727 V/C2Store (  479): in init
06-12 16:55:39.727 V/C2Store (  479): loading dll
06-12 16:55:39.783 I/CCodec  (14037): Created component [c2.android.mp3.decoder]
06-12 16:55:39.780 W/pool-7-thread-1( 3502): type=1400 audit(0.0:9907): avc: denied { read } for name="arp" dev="proc" ino=4026532018 scontext=u:r:untrusted_app_27:s0:c85,c256,c512,c768 tcontext=u:object_r:proc_net:s0 tclass=file permissive=0 app=com.jio.myhome.mediasharedmp
06-12 16:55:39.788 D/CCodecConfig(14037): read media type: audio/mpeg
06-12 16:55:39.789 D/stbdpc  (  405): STB_DPGetNumPaths[570]: num_paths: 1
06-12 16:55:39.794 D/JIO_TR069-FaultAlarmsNew( 1449): checking alarmsss 7000 - Cpu - com.jio.tr069client.faultMgmt.CPUTemprature@3287c34
06-12 16:55:39.795 D/JIO_TR069-FaultAlarmsNew( 1449): checking alarm 7000
06-12 16:55:39.795 D/JIO_TR069-( 1449): Request Object is {"module":"os","api":"get-cpu-temperature","args":{"unit":"celsius"}}
06-12 16:55:39.795 D/JioSDKClient( 1449): com.jio.tr069client
06-12 16:55:39.796 D/JioSDK_JioSDKServiceInterfaceImpl( 1312): callSdkAPI() called with JSONStr : {"module":"os","api":"get-cpu-temperature","args":{"unit":"celsius"},"package":"com.jio.tr069client"}
06-12 16:55:39.796 D/JioSDK_JioSDKServiceInterfaceImpl( 1312): sdkRequest is :JioSDK{module='os', api='get-cpu-temperature', regToken='122bec79b7ae3bf915cefadc776321a7a6c955c3', transactionId='-1', argsObj={"unit":"celsius"}}
06-12 16:55:39.796 D/JioSDK_SDKRegistrantImpl( 1312): token key map is: {122bec79b7ae3bf915cefadc776321a7a6c955c3=com.jio.tr069client}
06-12 16:55:39.796 D/JioSDK_OsModule( 1312): sdkRequest is: JioSDK{module='os', api='get-cpu-temperature', regToken='122bec79b7ae3bf915cefadc776321a7a6c955c3', transactionId='-1', argsObj={"unit":"celsius"}}
06-12 16:55:39.796 D/JioSDK_SDKNativeService( 1312): performTask(), Module Id: 4
06-12 16:55:39.797 D/JioSDK_CpuTempHelper(  473): tempzone here is: cat sys/class/thermal/thermal_zone0/temp
06-12 16:55:39.801 I/tomator2.serve(13953): Background concurrent copying GC freed 91691(4526KB) AllocSpace objects, 13(1844KB) LOS objects, 49% free, 7898KB/15MB, paused 2.093ms total 385.995ms
06-12 16:55:39.800 W/pool-7-thread-1( 3502): type=1400 audit(0.0:9908): avc: denied { read } for name="arp" dev="proc" ino=4026532018 scontext=u:r:untrusted_app_27:s0:c85,c256,c512,c768 tcontext=u:object_r:proc_net:s0 tclass=file permissive=0 app=com.jio.myhome.mediasharedmp
06-12 16:55:39.815 D/dvb_iptv(  405): ReadEmmNetworkTask[1537]: EMM Select Timeout Occured 43
06-12 16:55:39.816 D/ReflectedParamUpdater(14037): extent() != 1 for single value type: algo.buffers.max-count.values
06-12 16:55:39.817 D/ReflectedParamUpdater(14037): extent() != 1 for single value type: output.subscribed-indices.values
06-12 16:55:39.817 D/ReflectedParamUpdater(14037): extent() != 1 for single value type: input.buffers.allocator-ids.values
06-12 16:55:39.817 D/ReflectedParamUpdater(14037): extent() != 1 for single value type: output.buffers.allocator-ids.values
06-12 16:55:39.817 D/ReflectedParamUpdater(14037): extent() != 1 for single value type: algo.buffers.allocator-ids.values
06-12 16:55:39.817 D/ReflectedParamUpdater(14037): extent() != 1 for single value type: output.buffers.pool-ids.values
06-12 16:55:39.817 D/ReflectedParamUpdater(14037): extent() != 1 for single value type: algo.buffers.pool-ids.values
06-12 16:55:39.822 I/CCodecConfig(14037): query failed after returning 7 values (BAD_INDEX)
06-12 16:55:39.822 D/CCodecConfig(14037): c2 config diff is Dict {
06-12 16:55:39.822 D/CCodecConfig(14037):   c2::u32 coded.bitrate.value = 64000
06-12 16:55:39.822 D/CCodecConfig(14037):   c2::u32 input.buffers.max-size.value = 8192
06-12 16:55:39.822 D/CCodecConfig(14037):   c2::u32 input.delay.value = 0
06-12 16:55:39.822 D/CCodecConfig(14037):   string input.media-type.value = "audio/mpeg"
06-12 16:55:39.822 D/CCodecConfig(14037):   string output.media-type.value = "audio/raw"
06-12 16:55:39.822 D/CCodecConfig(14037):   c2::u32 raw.channel-count.value = 2
06-12 16:55:39.822 D/CCodecConfig(14037):   c2::u32 raw.sample-rate.value = 44100
06-12 16:55:39.822 D/CCodecConfig(14037): }
06-12 16:55:39.827 D/CCodec  (14037): [c2.android.mp3.decoder] buffers are bound to CCodec for this session
06-12 16:55:39.827 D/CCodecConfig(14037): no c2 equivalents for durationUs
06-12 16:55:39.827 D/CCodecConfig(14037): no c2 equivalents for track-id
06-12 16:55:39.827 D/CCodecConfig(14037): no c2 equivalents for encoder-delay
06-12 16:55:39.827 D/CCodecConfig(14037): no c2 equivalents for encoder-padding
06-12 16:55:39.827 D/CCodecConfig(14037): no c2 equivalents for flags
06-12 16:55:39.828 D/CCodecConfig(14037): c2 config diff is   c2::u32 raw.channel-count.value = 1
06-12 16:55:39.828 D/CCodecConfig(14037):   c2::u32 raw.sample-rate.value = 48000
06-12 16:55:39.830 W/Codec2Client(14037): query -- param skipped: index = 1107298332.
06-12 16:55:39.830 D/CCodec  (14037): setup formats input: AMessage(what = 0x00000000) = {
06-12 16:55:39.830 D/CCodec  (14037):   int32_t channel-count = 1
06-12 16:55:39.830 D/CCodec  (14037):   int32_t max-input-size = 8192
06-12 16:55:39.830 D/CCodec  (14037):   string mime = "audio/mpeg"
06-12 16:55:39.830 D/CCodec  (14037):   int32_t sample-rate = 48000
06-12 16:55:39.830 D/CCodec  (14037): } and output: AMessage(what = 0x00000000) = {
06-12 16:55:39.830 D/CCodec  (14037):   int32_t channel-count = 1
06-12 16:55:39.830 D/CCodec  (14037):   string mime = "audio/raw"
06-12 16:55:39.830 D/CCodec  (14037):   int32_t sample-rate = 48000
06-12 16:55:39.830 D/CCodec  (14037):   int32_t encoder-delay = 576
06-12 16:55:39.830 D/CCodec  (14037):   int32_t encoder-padding = 1152
06-12 16:55:39.830 D/CCodec  (14037): }
06-12 16:55:39.832 W/Codec2Client(14037): query -- param skipped: index = 1342179345.
06-12 16:55:39.832 W/Codec2Client(14037): query -- param skipped: index = 2415921170.
06-12 16:55:39.834 E/FMQ     (14037): grantorIdx must be less than 3
06-12 16:55:39.834 E/FMQ     (14037): grantorIdx must be less than 3
06-12 16:55:39.835 D/CCodecBufferChannel(14037): [c2.android.mp3.decoder#740] Created input block pool with allocatorID 16 => poolID 17 - OK (0)
06-12 16:55:39.835 W/.startv.hotsta(14037): Long monitor contention with owner Firebase Background Thread #2 (14078) at java.lang.Object B5.i.call()(SourceFile:38) waiters=0 in java.lang.Object B5.i.call() for 319ms
06-12 16:55:39.836 E/FMQ     (  479): grantorIdx must be less than 3
06-12 16:55:39.836 E/FMQ     (  479): grantorIdx must be less than 3
06-12 16:55:39.837 I/CCodecBufferChannel(14037): [c2.android.mp3.decoder#740] Created output block pool with allocatorID 16 => poolID 175 - OK
06-12 16:55:39.837 D/CCodecBufferChannel(14037): [c2.android.mp3.decoder#740] Configured output block pool ids 175 => OK
06-12 16:55:39.843 W/[ 7615.199485@0]  RTW(    0): cfg80211_rtw_scan(wlan0)
06-12 16:55:39.844 W/[ 7615.199502@0]  RTW(    0): cfg80211_rtw_scan (wlan0) tx:1845, rx:616, bi:2461 kbps, disallow(1)
06-12 16:55:39.844 W/[ 7615.199506@0]  RTW(    0): cfg80211_rtw_scan (wlan0) : scan abort!! BusyTraffic
06-12 16:55:39.846 D/WifiNl80211Manager(  632): Scan result ready event
06-12 16:55:39.846 D/WifiNative(  632): Scan result ready event
06-12 16:55:39.861 E/WifiVendorHal(  632): getWifiLinkLayerStats_1_3_Internal(l.973) failed {.code = ERROR_UNKNOWN, .description = unknown error}
06-12 16:55:39.877 E/ion     (14037): ioctl c0044901 failed with code -1: Inappropriate ioctl for device
06-12 16:55:39.879 D/SimpleC2Component(  479): Using output block pool with poolID 175 => got 175 - 0
06-12 16:55:39.889 D/stbdpc  (  405): STB_DPGetNumPaths[570]: num_paths: 1
06-12 16:55:39.890 D/JioStbInactivityTimer(  933): Timer: count 9 warningTimeout:10680 timeout:10800
06-12 16:55:39.890 D/JioStbInactivityTimer(  933): isUserActive: Curr:7605118 Prev:7605118
06-12 16:55:39.902 E/WifiVendorHal(  632): getWifiLinkLayerStats_1_3_Internal(l.973) failed {.code = ERROR_UNKNOWN, .description = unknown error}
06-12 16:55:40.048 W/pool-7-thread-1( 3502): type=1400 audit(0.0:9909): avc: denied { read } for name="arp" dev="proc" ino=4026532018 scontext=u:r:untrusted_app_27:s0:c85,c256,c512,c768 tcontext=u:object_r:proc_net:s0 tclass=file permissive=0 app=com.jio.myhome.mediasharedmp
06-12 16:55:40.064 W/pool-7-thread-1( 3502): type=1400 audit(0.0:9910): avc: denied { read } for name="arp" dev="proc" ino=4026532018 scontext=u:r:untrusted_app_27:s0:c85,c256,c512,c768 tcontext=u:object_r:proc_net:s0 tclass=file permissive=0 app=com.jio.myhome.mediasharedmp
06-12 16:55:39.903 E/QueryController(13953): Got null root node from accessibility - Retrying...
06-12 16:55:39.909 I/JioSDK_SDKNativeService( 1312): performTask() moduleId: 4, result: 68.699997
06-12 16:55:39.909 D/JioSDK_JioSDKServiceInterfaceImpl( 1312): Response Object is: JioSDK{status='success', token='122bec79b7ae3bf915cefadc776321a7a6c955c3', api='get-cpu-temperature', event='null', module='null', transactionId='-1', argsObj={"code":"0","response":{"type":"cpu-temperature","value":{"unit":"celsius","temperature":"68.699997"}}}}
06-12 16:55:39.909 D/JioSDK_JioSDKServiceInterfaceImpl( 1312): response while returning is :{"code":"0","response":{"type":"cpu-temperature","value":{"unit":"celsius","temperature":"68.699997"}}}
06-12 16:55:39.910 D/JIO_TR069-( 1449): Response for get-cpu-temperature is {"status":"success","api":"get-cpu-temperature","transaction-id":"-1","details":{"code":"0","response":{"type":"cpu-temperature","value":{"unit":"celsius","temperature":"68.699997"}}}} for temperature
06-12 16:55:39.910 E/FMQ     (14037): grantorIdx must be less than 3
06-12 16:55:39.910 D/JIO_TR069-( 1449): Value is 68.699997 for key temperature
06-12 16:55:39.910 E/FMQ     (  479): grantorIdx must be less than 3
06-12 16:55:39.912 I/C2SoftMp3Dec(  479): Reconfiguring decoder: 0->48000 Hz, 0->1 channels
06-12 16:55:39.916 E/FMQ     (  479): grantorIdx must be less than 3
06-12 16:55:39.918 D/JIO_TR069-( 1449): json output 68.699997
06-12 16:55:39.920 E/FMQ     (14037): grantorIdx must be less than 3
06-12 16:55:39.921 D/JIO_TR069-( 1449): isDCAlarmEnable Cpu  1
06-12 16:55:39.921 D/JIO_TR069-( 1449): isAlarm2Logged Cpu false
06-12 16:55:39.927 D/CCodecBuffers(14037): [c2.android.mp3.decoder#740:Output[N]] popFromStashAndRegister: output format changed to AMessage(what = 0x00000000) = {
06-12 16:55:39.927 D/CCodecBuffers(14037):   int32_t channel-count = 1
06-12 16:55:39.927 D/CCodecBuffers(14037):   string mime = "audio/raw"
06-12 16:55:39.927 D/CCodecBuffers(14037):   int32_t sample-rate = 48000
06-12 16:55:39.927 D/CCodecBuffers(14037):   int32_t encoder-delay = 576
06-12 16:55:39.927 D/CCodecBuffers(14037):   int32_t encoder-padding = 1152
06-12 16:55:39.927 D/CCodecBuffers(14037): }
06-12 16:55:39.931 D/JIO_TR069-( 1449): alarmkey... Cpu Cpu temperature is critical. Current temperature is 68.699997 68.699997 degree celsius High cpu temperature CPU temperature
06-12 16:55:39.932 D/JIO_TR069-( 1449): isAlarmStarted false
06-12 16:55:39.935 D/JIO_TR069-( 1449): currentalarm -isDCAlarmEnable Cpu- 1 - isAlarm2Logged false
06-12 16:55:39.935 D/JIO_TR069-( 1449): currentalarm -isAlarmInitializeNow Cpu - false - isAlarmRaisedNow false
06-12 16:55:39.938 D/JIO_TR069-FaultAlarmsNew( 1449): checking alarmsss 6000 - Flash size - com.jio.tr069client.faultMgmt.FlashMemoryHandler@9f2cf59
06-12 16:55:39.938 D/JIO_TR069-FaultAlarmsNew( 1449): checking alarm 6000
06-12 16:55:39.939 D/jio_tr069( 1449): checking threshold for memeory handler
06-12 16:55:39.944 D/JIO_TR069-( 1449): isDCAlarmEnable Flash size  1
06-12 16:55:39.944 D/JIO_TR069-( 1449): isAlarm2Logged Flash size false
06-12 16:55:39.945 D/JIO_TR069-( 1449): alarmkey... Flash size Disk space is full. Free bytes: 2.3123156992E10 b , Total disk space: 2.578724864E10 b. Partition:/dev/block/data[free: 2.3123156992E10 b] [total: 2.578724864E10 b] Flash drive is full Flash Size
06-12 16:55:39.945 D/JIO_TR069-( 1449): isAlarmStarted false
06-12 16:55:39.946 D/JIO_TR069-( 1449): currentalarm -isDCAlarmEnable Flash size- 1 - isAlarm2Logged false
06-12 16:55:39.946 D/JIO_TR069-( 1449): currentalarm -isAlarmInitializeNow Flash size - false - isAlarmRaisedNow false
06-12 16:55:39.948 D/JIO_TR069-FaultAlarmsNew( 1449): checking alarmsss 16000 - Hdmi alarm - com.jio.tr069client.faultMgmt.HdmiEdid@180abff
06-12 16:55:39.955 D/JIO_TR069-FaultAlarmsNew( 1449): checking alarm 16000
06-12 16:55:39.964 V/JioServiceImplementation( 1834): New Format request...
06-12 16:55:39.964 E/JioServiceExtendedImpl( 1834):  checkAndhandleForNewFormatRequest: {"module":"HDMI","api":"get_hdmi_raw_edid","transaction_id":"100","args":{}}
06-12 16:55:39.964 V/JioServiceExtendedImpl( 1834): Modified req : {"module":"HDMI","api":"get_hdmi_raw_edid","transaction_id":"100","args":{},"cmd":21}
06-12 16:55:39.964 E/JioServiceExtendedImpl( 1834): handleRequest : {"module":"HDMI","api":"get_hdmi_raw_edid","transaction_id":"100","args":{},"cmd":21}
06-12 16:55:39.964 V/JioServiceExtendedImpl( 1834): Recvd action : 21
06-12 16:55:39.964 E/JioServiceExtendedAML( 1834): handleRequest : {"module":"HDMI","api":"get_hdmi_raw_edid","transaction_id":"100","args":{},"cmd":15}
06-12 16:55:39.964 V/JioServiceExtendedAML( 1834): Recvd action : 15
06-12 16:55:39.966 I/android_os_HwBinder( 1834): HwBinder: Starting thread pool for getting: vendor.amlogic.hardware.systemcontrol@1.0::ISystemControl/default
06-12 16:55:39.967 D/JioServiceExtendedAML( 1834): Edid : 00ffffffffffff001e6da659010101010516010380301b78ea6275a3554fa027125054210800714081c08100818095009040a9c0b300023a801871382d40582c4500dd0c1100001e000000fd00383d1e530f000a202020202020000000fc003232454135330a202020202020000000ff000a202020202020202020202020014a02031df14a900403011412051f1013230907078301000065030c001000023a801871382d40582c4500dd0c1100001e011d8018711c1620582c2500dd0c1100009e011d007251d01e206e285500dd0c1100001e8c0ad08a20e02d10103e9600dd0c110000180000000000000000000000000000000000000000000000000000c2
