06-12 15:06:35.344 D/FirebaseSessions(10085): No Sessions subscribers. Not listening to lifecycle events.
06-12 15:06:35.347 W/GooglePlayServicesUtil(10085): com.discoveryplus.tv.jiotv requires the Google Play Store, but it is missing.
06-12 15:06:35.359 D/WM-WrkMgrInitializer(10085): Initializing WorkManager with default configuration.
06-12 15:06:35.369 I/TetheringManager(10085): registerTetheringEventCallback:com.discoveryplus.tv.jiotv
06-12 15:06:35.389 F/linker  (10134): CANNOT LINK EXECUTABLE "/system/bin/smartcable/smartCableSTBApp": library "libmosquitto.so" not found: needed by main executable
06-12 15:06:35.397 D/stbdpc  (  405): STB_DPGetNumPaths[570]: num_paths: 1
06-12 15:06:35.400 W/G5.a    (10085): Unable to load JDK7 types (annotations, java.nio.file.Path): no Java7 support added
06-12 15:06:35.497 D/stbdpc  (  405): STB_DPGetNumPaths[570]: num_paths: 1
06-12 15:06:35.514 E/newrelic(10085): setEntity_guid: invalid entity guid value!
06-12 15:06:35.537 I/newrelic(10085): Loaded configuration: HarvestConfiguration{collect_network_errors=true, cross_process_id='null', data_report_period=60, data_token=[1120107382, 1120351050], error_limit=50, report_max_transaction_age=600, report_max_transaction_count=1000, response_body_limit=2048, server_timestamp=0, stack_trace_limit=100, activity_trace_max_size=65535, activity_trace_max_report_attempts=1, activity_trace_min_utilization=0.30000001192092896, at_capture=ActivityTraceConfiguration{maxTotalTraceCount=1}, priority_encoding_key=d67afc830dab717fd163bfcb0b8b88423e9a1a3b, account_id=3582066, application_id=, trusted_account_key=2006878, entity_guid=MzU4MjA2NnxNT0JJTEV8QVBQTElDQVRJT058MTEyMDEwNzM4Mg, remote_configuration=com.newrelic.agent.android.RemoteConfiguration@2c169da, request_headers_map={NR-AgentConfiguration=AQAAAY+CfOAI, NR-Session=BiyuypIpGXVEADaockLHM0oAAAEBLCQoAAAAHQECBELDe3bIAAAAAWhJpIEDAAU3LjYuMAAAAApkaXNjb3Zlcnkr}}
06-12 15:06:35.540 D/newrelic(10085): Using application version 4.0.4
06-12 15:06:35.541 D/newrelic(10085): Using application name discovery+
06-12 15:06:35.541 D/newrelic(10085): Using build 176
06-12 15:06:35.545 I/newrelic(10085): Application state monitor has started
06-12 15:06:35.565 D/newrelic(10085): AnalyticsControllerImpl.loadPersistentAttributes(): found 1 userAttributes in the attribute store
06-12 15:06:35.597 D/stbdpc  (  405): STB_DPGetNumPaths[570]: num_paths: 1
06-12 15:06:35.655 D/dvb_iptv(  405): ReadEmmNetworkTask[1537]: EMM Select Timeout Occured 45
06-12 15:06:35.680 D/memtrack_aml(  367): sysfs path
06-12 15:06:35.689 E/newrelic(10085): setEntity_guid: invalid entity guid value!
06-12 15:06:35.689 I/newrelic(10085): Analytics Controller initialized: enabled[true]
06-12 15:06:35.691 D/newrelic(10085): Harvest Configuration: HarvestConfiguration{collect_network_errors=true, cross_process_id='null', data_report_period=60, data_token=[1120107382, 1120351050], error_limit=50, report_max_transaction_age=600, report_max_transaction_count=1000, response_body_limit=2048, server_timestamp=0, stack_trace_limit=100, activity_trace_max_size=65535, activity_trace_max_report_attempts=1, activity_trace_min_utilization=0.30000001192092896, at_capture=ActivityTraceConfiguration{maxTotalTraceCount=1}, priority_encoding_key=d67afc830dab717fd163bfcb0b8b88423e9a1a3b, account_id=3582066, application_id=, trusted_account_key=2006878, entity_guid=MzU4MjA2NnxNT0JJTEV8QVBQTElDQVRJT058MTEyMDEwNzM4Mg, remote_configuration=com.newrelic.agent.android.RemoteConfiguration@2c169da, request_headers_map={NR-AgentConfiguration=AQAAAY+CfOAI, NR-Session=BiyuypIpGXVEADaockLHM0oAAAEBLCQoAAAAHQECBELDe3bIAAAAAWhJpIEDAAU3LjYuMAAAAApkaXNjb3Zlcnkr}}
06-12 15:06:35.691 D/newrelic(10085): Setting server timestamp: 0
06-12 15:06:35.691 D/newrelic(10085): Setting Harvest connect information: com.newrelic.agent.android.harvest.ConnectInformation@e6a713ec
06-12 15:06:35.693 I/newrelic(10085): Measurement Engine initialized.
06-12 15:06:35.694 D/newrelic(10085): Attempted to add the same MeasurementProducer com.newrelic.agent.android.measurement.MeasurementPool@8d69dc4  multiple times.
06-12 15:06:35.694 I/newrelic(10085): New Relic Agent v7.6.0
06-12 15:06:35.694 V/newrelic(10085): Application token: AAade888b2d40756d46d137b21fed1c453c7bde891-NRMA
06-12 15:06:35.696 D/newrelic(10085): Installing New Relic crash handler and chaining to com.android.internal.os.RuntimeInit$KillApplicationHandler
06-12 15:06:35.698 D/stbdpc  (  405): STB_DPGetNumPaths[570]: num_paths: 1
06-12 15:06:35.698 D/newrelic(10085): CPU sampling not supported in Android 8 and above.
06-12 15:06:35.698 D/newrelic(10085): Sampler initialized
06-12 15:06:35.698 D/newrelic(10085): HarvestTimer: Starting with a period of 60000ms
06-12 15:06:35.702 D/newrelic(10085): Event [UserAction] added to queue
06-12 15:06:35.702 D/newrelic(10085): EventManager.addEvent(): Queue is empty, setting first event timestamp to 1749720995702
06-12 15:06:35.702 D/newrelic(10085): Agent started from f4.c.<init>:52
06-12 15:06:35.704 D/newrelic(10085): HarvestTimer: time since last tick: -1
06-12 15:06:35.704 D/newrelic(10085): Harvest: tick
06-12 15:06:35.705 D/newrelic(10085): Harvester state: UNINITIALIZED
06-12 15:06:35.706 D/SoLoader(10085): init start
06-12 15:06:35.706 D/SoLoader(10085): adding system library source: /vendor/lib
06-12 15:06:35.707 D/SoLoader(10085): adding system library source: /system/lib
06-12 15:06:35.708 D/SoLoader(10085): adding application source: com.facebook.soloader.DirectorySoSource[root = /data/app/~~IxuchQFXbVkNrWurYYStig==/com.discoveryplus.tv.jiotv-7V7o51jRjX-bdKl1d5NaFQ==/lib/arm flags = 0]
06-12 15:06:35.709 D/SoLoader(10085): adding backup source from : com.facebook.soloader.ApkSoSource[root = /data/data/com.discoveryplus.tv.jiotv/lib-main flags = 1]
06-12 15:06:35.710 D/SoLoader(10085): Preparing SO source: com.facebook.soloader.DirectorySoSource[root = /system/lib flags = 2]
06-12 15:06:35.710 D/SoLoader(10085): Preparing SO source: com.facebook.soloader.DirectorySoSource[root = /vendor/lib flags = 2]
06-12 15:06:35.710 D/SoLoader(10085): Preparing SO source: com.facebook.soloader.DirectorySoSource[root = /data/app/~~IxuchQFXbVkNrWurYYStig==/com.discoveryplus.tv.jiotv-7V7o51jRjX-bdKl1d5NaFQ==/lib/arm flags = 0]
06-12 15:06:35.710 D/SoLoader(10085): Preparing SO source: com.facebook.soloader.ApkSoSource[root = /data/data/com.discoveryplus.tv.jiotv/lib-main flags = 1]
06-12 15:06:35.713 V/fb-UnpackingSoSource(10085): locked dso store /data/user/0/com.discoveryplus.tv.jiotv/lib-main
06-12 15:06:35.715 D/newrelic(10085): Setting Harvest connect information: com.newrelic.agent.android.harvest.ConnectInformation@e6a713ec
06-12 15:06:35.716 D/newrelic(10085): Setting server timestamp: 0
06-12 15:06:35.716 D/newrelic(10085): Harvester changing state: UNINITIALIZED -> DISCONNECTED
06-12 15:06:35.716 D/newrelic(10085): Harvester state: DISCONNECTED
06-12 15:06:35.717 I/fb-UnpackingSoSource(10085): dso store is up-to-date: /data/user/0/com.discoveryplus.tv.jiotv/lib-main
06-12 15:06:35.717 V/fb-UnpackingSoSource(10085): releasing dso store lock for /data/user/0/com.discoveryplus.tv.jiotv/lib-main
06-12 15:06:35.717 D/SoLoader(10085): init finish: 4 SO sources prepared
06-12 15:06:35.717 D/SoLoader(10085): init exiting
06-12 15:06:35.719 V/newrelic(10085): Skipping connect call, saved state is available: DataToken{accountId=1120107382, agentId=1120351050}
06-12 15:06:35.720 I/newrelic(10085): Saving configuration: HarvestConfiguration{collect_network_errors=true, cross_process_id='null', data_report_period=60, data_token=[1120107382, 1120351050], error_limit=50, report_max_transaction_age=600, report_max_transaction_count=1000, response_body_limit=2048, server_timestamp=0, stack_trace_limit=100, activity_trace_max_size=65535, activity_trace_max_report_attempts=1, activity_trace_min_utilization=0.30000001192092896, at_capture=ActivityTraceConfiguration{maxTotalTraceCount=1}, priority_encoding_key=d67afc830dab717fd163bfcb0b8b88423e9a1a3b, account_id=3582066, application_id=1120107382, trusted_account_key=2006878, entity_guid=MzU4MjA2NnxNT0JJTEV8QVBQTElDQVRJT058MTEyMDEwNzM4Mg, remote_configuration=com.newrelic.agent.android.RemoteConfiguration@2c169da, request_headers_map={NR-AgentConfiguration=AQAAAY+CfOAI, NR-Session=BiyuypIpGXVEADaockLHM0oAAAEBLCQoAAAAHQECBELDe3bIAAAAAWhJpIEDAAU3LjYuMAAAAApkaXNjb3Zlcnkr}}
06-12 15:06:35.730 I/newrelic(10085): Saving data token: [1120107382,1120351050]
06-12 15:06:35.745 I/newrelic(10085): Loaded configuration: HarvestConfiguration{collect_network_errors=true, cross_process_id='null', data_report_period=60, data_token=[1120107382, 1120351050], error_limit=50, report_max_transaction_age=600, report_max_transaction_count=1000, response_body_limit=2048, server_timestamp=0, stack_trace_limit=100, activity_trace_max_size=65535, activity_trace_max_report_attempts=1, activity_trace_min_utilization=0.30000001192092896, at_capture=ActivityTraceConfiguration{maxTotalTraceCount=1}, priority_encoding_key=d67afc830dab717fd163bfcb0b8b88423e9a1a3b, account_id=3582066, application_id=, trusted_account_key=2006878, entity_guid=MzU4MjA2NnxNT0JJTEV8QVBQTElDQVRJT058MTEyMDEwNzM4Mg, remote_configuration=com.newrelic.agent.android.RemoteConfiguration@ac7831d, request_headers_map={NR-AgentConfiguration=AQAAAY+CfOAI, NR-Session=BiyuypIpGXVEADaockLHM0oAAAEBLCQoAAAAHQECBELDe3bIAAAAAWhJpIEDAAU3LjYuMAAAAApkaXNjb3Zlcnkr}}
06-12 15:06:35.798 D/stbdpc  (  405): STB_DPGetNumPaths[570]: num_paths: 1
06-12 15:06:35.804 D/newrelic(10085): Event [ApplicationExit] added to queue
06-12 15:06:35.807 E/SQLiteLog(10085): (1) no such column: DISTINCTSESSIONID in "SELECT DISTINCTSESSIONID FROM MEDIAHITS"
06-12 15:06:35.809 D/newrelic(10085): AEI: inspected 10 records: new[1] existing [0]
06-12 15:06:35.818 E/newrelic(10085): Unable to get obfuscated flag in crash
06-12 15:06:35.822 D/newrelic(10085): Event [ApplicationExit] added to queue
06-12 15:06:35.830 D/newrelic(10085): AEI: inspected 10 records: new[2] existing [0]
06-12 15:06:35.839 D/newrelic(10085): Event [ApplicationExit] added to queue
06-12 15:06:35.840 D/rtk_heartbeat(  351): heartbeat_timed_out: heartbeatCmdCount = 1048, expected nextSeqNum = 1048
06-12 15:06:35.841 D/rtk_heartbeat(  351): rtkbt_heartbeat_cmpl_cback: Current SeqNum = 1048,should SeqNum=1048, status = 0
06-12 15:06:35.845 D/newrelic(10085): AEI: inspected 10 records: new[3] existing [0]
06-12 15:06:35.862 D/newrelic(10085): Event [ApplicationExit] added to queue
06-12 15:06:35.862 D/newrelic(10085): AEI: inspected 10 records: new[4] existing [0]
06-12 15:06:35.869 D/newrelic(10085): PayloadController: 0ms. waiting to submit payload [fa796a5b-0c6d-48b5-8ea1-f520a3a2d028].
06-12 15:06:35.876 D/newrelic(10085): Started trace of LunaBaseActivity:26f1dfa9-94ce-b338-ba89-525d1ab08528
06-12 15:06:35.886 D/newrelic(10085): Sampler scheduler started; sampling will occur every 100 ms.
06-12 15:06:35.887 D/newrelic(10085): Sampler started
06-12 15:06:35.887 V/newrelic(10085): Trace 26f1dfa9-94ce-b338-ba89-525d1ab08528 is now active
06-12 15:06:35.889 V/newrelic(10085): Registering trace of LunaBaseActivity#onCreate with parent Display LunaBaseActivity
06-12 15:06:35.895 D/newrelic(10085): Event [ApplicationExit] added to queue
06-12 15:06:35.898 D/stbdpc  (  405): STB_DPGetNumPaths[570]: num_paths: 1
06-12 15:06:35.900 V/newrelic(10085): Added trace f7bf68e8-f5bc-573e-2bc4-441857dc1d57 missing children: 0
06-12 15:06:35.900 D/newrelic(10085): AEI: inspected 10 records: new[5] existing [0]
06-12 15:06:35.909 D/newrelic(10085): Event [ApplicationExit] added to queue
06-12 15:06:35.911 D/newrelic(10085): AEI: inspected 10 records: new[6] existing [0]
06-12 15:06:35.918 D/newrelic(10085): Event [ApplicationExit] added to queue
06-12 15:06:35.919 D/newrelic(10085): AEI: inspected 10 records: new[7] existing [0]
06-12 15:06:35.929 D/newrelic(10085): Event [ApplicationExit] added to queue
06-12 15:06:35.930 D/newrelic(10085): AEI: inspected 10 records: new[8] existing [0]
06-12 15:06:35.941 D/newrelic(10085): Event [ApplicationExit] added to queue
06-12 15:06:35.942 D/newrelic(10085): AEI: inspected 10 records: new[9] existing [0]
06-12 15:06:35.952 D/newrelic(10085): Event [ApplicationExit] added to queue
06-12 15:06:35.957 D/newrelic(10085): AEI: inspected 10 records: new[10] existing [0]
06-12 15:06:35.960 D/newrelic(10085): Harvester changing state: DISCONNECTED -> CONNECTED
06-12 15:06:35.960 D/newrelic(10085): Harvester state: CONNECTED
06-12 15:06:35.966 D/newrelic(10085): HarvestData.setSessionAttributes invoked with attribute set [AnalyticsAttribute{name='osBuild',stringValue='43',isPersistent=true}, AnalyticsAttribute{name='newRelicVersion',stringValue='7.6.0',isPersistent=true}, AnalyticsAttribute{name='osMajorVersion',stringValue='11',isPersistent=true}, AnalyticsAttribute{name='sessionId',stringValue='3be42bc4-0664-4dce-a6da-f27728625e45',isPersistent=false}, AnalyticsAttribute{name='osName',stringValue='Android',isPersistent=true}, AnalyticsAttribute{name='uuid',stringValue='1c774143-eb53-4b93-9562-d1bf496d0449',isPersistent=true}, AnalyticsAttribute{name='platform',stringValue='Native',isPersistent=true}, AnalyticsAttribute{name='appBuild',stringValue='176',isPersistent=true}, AnalyticsAttribute{name='carrier',stringValue='wifi',isPersistent=true}, AnalyticsAttribute{name='osVersion',stringValue='11',isPersistent=true}, AnalyticsAttribute{name='lastInteraction',stringValue='Display LunaBaseActivity',isPersistent=true}, AnalyticsAttribute{name='platformVersion',stringValue='7.6.0',isPersistent=true}, AnalyticsAttribute{name='deviceModel',stringValue='JMSB200A',isPersistent=true}, AnalyticsAttribute{name='memUsageMb',doubleValue='33.0',isPersistent=true}, AnalyticsAttribute{name='runTime',stringValue='2.1.0',isPersistent=true}, AnalyticsAttribute{name='deviceManufacturer',stringValue='Jio',isPersistent=true}, AnalyticsAttribute{name='architecture',stringValue='armv8l',isPersistent=true}]
06-12 15:06:35.966 D/newrelic(10085): EventManager: [11] events moved from buffer to HarvestData
06-12 15:06:35.968 E/newrelic(10085): Metric.increment() called with value[-1] less then or equal to zero
06-12 15:06:35.984 I/newrelic(10085): Harvester: connected
06-12 15:06:35.984 I/newrelic(10085): Harvester: Sending [0] HTTP transactions.
06-12 15:06:35.990 I/newrelic(10085): Harvester: Sending [0] activity traces.
06-12 15:06:35.990 I/newrelic(10085): Harvester: Sending [17] session attributes.
06-12 15:06:35.990 I/newrelic(10085): Harvester: Sending [11] analytics events.
06-12 15:06:35.998 D/stbdpc  (  405): STB_DPGetNumPaths[570]: num_paths: 1
06-12 15:06:36.016 W/newrelic(10085): PayloadController: Upload of payload [fa796a5b-0c6d-48b5-8ea1-f520a3a2d028] is already in progress.
06-12 15:06:36.042 D/JioLauncher( 1781): overlay status check for wifi and bt remote false false
06-12 15:06:36.046 D/JioLauncher( 1781): diagnosis-fragment-onConnectivityChanged
06-12 15:06:36.047 D/Match code1( 1449): 2
06-12 15:06:36.047 D/JIO_TR069-( 1449): Predefined List [com.jio.stb.catv, com.rjil.jiostbsetting, com.iwedia.ui.rjio.launcher.reliance, com.jio.stb.hotellauncher, com.jio.media.oberoi, com.jio.ott]
06-12 15:06:36.052 D/JIO_TR069-( 1449): Caller Package com.iwedia.ui.rjio.launcher.reliance
06-12 15:06:36.052 D/JIO_TR069-( 1449): White Listed Apps []
06-12 15:06:36.052 D/JIO_TR069-( 1449): Final White Listed Apps [com.jio.stb.catv, com.rjil.jiostbsetting, com.iwedia.ui.rjio.launcher.reliance, com.jio.stb.hotellauncher, com.jio.media.oberoi, com.jio.ott, ]
06-12 15:06:36.059 D/JioLauncher( 1781): network-type-------NonJioNetwork
06-12 15:06:36.069 D/JioLauncher( 1781): live-tv-previousIp-[/fe80::1%wlan0, /192.168.1.1]-newHost-[/fe80::1%wlan0, /192.168.1.1]
06-12 15:06:36.070 V/newrelic(10085): Trace 26f1dfa9-94ce-b338-ba89-525d1ab08528 is now active
06-12 15:06:36.070 V/newrelic(10085): Registering trace of Gson#toJson with parent Display LunaBaseActivity
06-12 15:06:36.070 V/newrelic(10085): Trace fada2a37-091d-9ce5-7f4d-67ae35b2fa66 is now active
06-12 15:06:36.070 V/newrelic(10085): Registering trace of Gson#toJson with parent Gson#toJson
06-12 15:06:36.070 V/newrelic(10085): Trace 1881449a-581f-51b0-7cd4-f5213dc01195 is now active
06-12 15:06:36.071 V/newrelic(10085): Registering trace of Gson#toJson with parent Gson#toJson
06-12 15:06:36.072 V/newrelic(10085): Trace 1c494659-21e4-1ab2-76f1-9ff1c4875a67 is now active
06-12 15:06:36.072 V/newrelic(10085): Registering trace of Gson#toJson with parent Gson#toJson
06-12 15:06:36.082 V/newrelic(10085): Added trace df7a5307-593f-1644-2acf-28c378e32974 missing children: 3
06-12 15:06:36.083 V/newrelic(10085): Added trace 1c494659-21e4-1ab2-76f1-9ff1c4875a67 missing children: 2
06-12 15:06:36.083 V/newrelic(10085): Added trace 1881449a-581f-51b0-7cd4-f5213dc01195 missing children: 1
06-12 15:06:36.083 V/newrelic(10085): Added trace fada2a37-091d-9ce5-7f4d-67ae35b2fa66 missing children: 0
06-12 15:06:36.089 D/JioLauncher( 1781): diagnosis-network-1
06-12 15:06:36.098 D/stbdpc  (  405): STB_DPGetNumPaths[570]: num_paths: 1
06-12 15:06:36.100 D/JioLauncher( 1781): getSSID-<unknown ssid>
06-12 15:06:36.109 D/JioLauncher( 1781): ThreadCount-125
06-12 15:06:36.111 D/JioLauncher( 1781): isInactivityPopupDisplaying-{"inactivity_status_modified_time":1420050611833,"inactivity_status":false,"inactivity_window_timeout":120000}
06-12 15:06:36.111 D/JioLauncher( 1781): inactivity_status-false- result-false
06-12 15:06:36.111 D/JioLauncher( 1781): overlay-removing-type-JIO_BLOCK_ALERT_TYPE  -isInactivityPopupDisplaying-false
06-12 15:06:36.112 D/JioLauncher( 1781): ThreadCount-125
06-12 15:06:36.112 D/JioLauncher( 1781): isInactivityPopupDisplaying-{"inactivity_status_modified_time":1420050611833,"inactivity_status":false,"inactivity_window_timeout":120000}
06-12 15:06:36.113 D/JioLauncher( 1781): inactivity_status-false- result-false
06-12 15:06:36.113 D/JioLauncher( 1781): block-apps 1 null false
06-12 15:06:36.113 D/JioLauncher( 1781): global-key-unblock-all-key
06-12 15:06:36.118 D/JioLauncher( 1781): block-apps -1 null false
06-12 15:06:36.119 D/JioLauncher( 1781): global-key-block-all-key--others
06-12 15:06:36.121 D/JioLauncher( 1781): diagnosis-block-false
06-12 15:06:36.142 D/JioLauncher( 1781): getSSID-<unknown ssid>
06-12 15:06:36.155 D/dvb_iptv(  405): ReadEmmNetworkTask[1537]: EMM Select Timeout Occured 46
06-12 15:06:36.160 V/newrelic(10085): Registering trace of External/unknownhost with parent Display LunaBaseActivity
06-12 15:06:36.189 D/ConnectivityService(  632): NetReassign [no changes]
06-12 15:06:36.196 E/newrelic(10085): Unable to get obfuscated flag in crash
06-12 15:06:36.198 D/stbdpc  (  405): STB_DPGetNumPaths[570]: num_paths: 1
06-12 15:06:36.212 D/[241   ] JioAccount-ADC( 2132): com.jio.adc.core.b$3 run> Unbinding
06-12 15:06:36.223 D/newrelic(10085): PayloadController: 0ms. waiting to submit payload [d81d992f-bf53-4dc8-90c5-d9f3ca9b2717].
06-12 15:06:36.226 E/newrelic(10085): Unable to get obfuscated flag in crash
06-12 15:06:36.229 D/JioStbInactivityTimer(  933): Timer: count 178 warningTimeout:10680 timeout:10800
06-12 15:06:36.229 D/JioStbInactivityTimer(  933): isUserActive: Curr:891902 Prev:891902
06-12 15:06:36.261 D/newrelic(10085): PayloadController: 0ms. waiting to submit payload [d1adffe4-05c3-4afa-ba99-e31d123bdbe4].
06-12 15:06:36.263 V/newrelic(10085): Registering trace of SQLiteDatabase#rawQuery with parent Display LunaBaseActivity
06-12 15:06:36.264 V/newrelic(10085): Added trace f83e5fb0-04a8-cdb5-7630-6232c83e63c1 missing children: 1
06-12 15:06:36.268 V/newrelic(10085): Registering trace of SQLiteDatabase#rawQuery with parent Display LunaBaseActivity
06-12 15:06:36.269 V/newrelic(10085): Added trace 97f41cdb-0f80-f167-01b2-840772a6948e missing children: 1
06-12 15:06:36.280 I/thermal2(  370): Sending notification:  Type: CPU Name: soc_thermal CurrentValue: 67.7 ThrottlingStatus: LIGHT
06-12 15:06:36.285 V/newrelic(10085): Registering trace of SQLiteDatabase#rawQuery with parent Display LunaBaseActivity
06-12 15:06:36.285 V/newrelic(10085): Added trace e8c9791b-5033-c172-3857-c94bbbf9311a missing children: 1
06-12 15:06:36.299 D/stbdpc  (  405): STB_DPGetNumPaths[570]: num_paths: 1
06-12 15:06:36.310 V/DigitalSignage(  632): Package Name: null
06-12 15:06:36.310 V/DigitalSignage(  632): Left: 0
06-12 15:06:36.310 V/DigitalSignage(  632): Right: 0
06-12 15:06:36.310 V/DigitalSignage(  632): Top: 0
06-12 15:06:36.310 V/DigitalSignage(  632): Bottom: 0
06-12 15:06:36.311 D/DigitalSignage(  632): else - Package Name :: null left : 0 right :: 0 top :: 0 bottom :: 0 dfu-right :: 1920 dfu-bottom :: 1080
06-12 15:06:36.311 V/DigitalSignage(  632): Package Name: null
06-12 15:06:36.311 V/DigitalSignage(  632): Left: 0
06-12 15:06:36.311 V/DigitalSignage(  632): Right: 0
06-12 15:06:36.311 V/DigitalSignage(  632): Top: 0
06-12 15:06:36.311 V/DigitalSignage(  632): Bottom: 0
06-12 15:06:36.311 D/DigitalSignage(  632): else - Package Name :: null left : 0 right :: 0 top :: 0 bottom :: 0 dfu-right :: 1920 dfu-bottom :: 1080
06-12 15:06:36.314 V/newrelic(10085): Registering trace of SQLiteDatabase#query with parent Display LunaBaseActivity
06-12 15:06:36.314 V/newrelic(10085): Added trace bf78a364-ce37-2dcb-e47c-93ac9da0a193 missing children: 1
06-12 15:06:36.316 V/newrelic(10085): Registering trace of SQLiteDatabase#insert with parent Display LunaBaseActivity
06-12 15:06:36.317 V/newrelic(10085): Added trace 4bbbcd50-f599-3e1e-ccb0-9b0bd38e5a73 missing children: 1
06-12 15:06:36.317 V/newrelic(10085): Registering trace of SQLiteDatabase#insert with parent Display LunaBaseActivity
06-12 15:06:36.326 V/newrelic(10085): Added trace 7a91ccd9-303f-0a4a-29ae-eeece8434c19 missing children: 1
06-12 15:06:36.326 V/newrelic(10085): Registering trace of SQLiteDatabase#insert with parent Display LunaBaseActivity
06-12 15:06:36.326 V/newrelic(10085): Added trace de84965f-1136-4610-3d8a-2a151c373795 missing children: 1
06-12 15:06:36.326 V/newrelic(10085): Registering trace of SQLiteDatabase#insert with parent Display LunaBaseActivity
06-12 15:06:36.327 V/newrelic(10085): Added trace 184ed2f4-26e7-5406-e0f5-bc6e3c9ffcc3 missing children: 1
06-12 15:06:36.327 V/newrelic(10085): Registering trace of SQLiteDatabase#insert with parent Display LunaBaseActivity
06-12 15:06:36.327 V/newrelic(10085): Added trace ac4e16d7-3361-13d1-c6bf-6f2c9417359a missing children: 1
06-12 15:06:36.327 V/newrelic(10085): Registering trace of SQLiteDatabase#insert with parent Display LunaBaseActivity
06-12 15:06:36.328 V/newrelic(10085): Added trace 4c037c3a-a7d6-df92-811a-873618adb2c5 missing children: 1
06-12 15:06:36.336 I/hwservicemanager(  235): getTransport: Cannot find entry android.hardware.configstore@1.0::ISurfaceFlingerConfigs/default in either framework or device manifest.
06-12 15:06:36.338 V/newrelic(10085): Registering trace of SQLiteDatabase#insert with parent Display LunaBaseActivity
06-12 15:06:36.338 V/newrelic(10085): Added trace 26bca64c-14fc-6ca0-2290-29bdebe1ad73 missing children: 1
06-12 15:06:36.338 V/newrelic(10085): Registering trace of SQLiteDatabase#insert with parent Display LunaBaseActivity
06-12 15:06:36.339 V/newrelic(10085): Added trace 5d9b7074-0472-8378-ab7e-e73252e5c26b missing children: 1
06-12 15:06:36.339 V/newrelic(10085): Registering trace of SQLiteDatabase#insert with parent Display LunaBaseActivity
06-12 15:06:36.339 V/newrelic(10085): Added trace 4dd2cdd8-cb32-c2f1-7f4d-9056fdf40a62 missing children: 1
06-12 15:06:36.340 V/newrelic(10085): Registering trace of SQLiteDatabase#insert with parent Display LunaBaseActivity
06-12 15:06:36.341 V/newrelic(10085): Added trace dc539d2a-3917-e2b3-6813-b9b0d549e390 missing children: 1
06-12 15:06:36.341 V/newrelic(10085): Registering trace of SQLiteDatabase#insert with parent Display LunaBaseActivity
06-12 15:06:36.341 V/newrelic(10085): Added trace 208c749b-2983-28e9-6ebc-9129771e4080 missing children: 1
06-12 15:06:36.342 V/newrelic(10085): Registering trace of SQLiteDatabase#insert with parent Display LunaBaseActivity
06-12 15:06:36.342 V/newrelic(10085): Added trace d48baa2d-6bf7-0735-16ce-e9e914ad9027 missing children: 1
06-12 15:06:36.342 V/newrelic(10085): Registering trace of SQLiteDatabase#insert with parent Display LunaBaseActivity
06-12 15:06:36.342 V/newrelic(10085): Added trace 70031c31-fc8a-12e4-9a4f-a289ba939338 missing children: 1
06-12 15:06:36.343 V/newrelic(10085): Registering trace of SQLiteDatabase#insert with parent Display LunaBaseActivity
06-12 15:06:36.343 V/newrelic(10085): Added trace 2da17e10-4294-cc62-31e1-c9712b5cb2b6 missing children: 1
06-12 15:06:36.343 V/newrelic(10085): Registering trace of SQLiteDatabase#insert with parent Display LunaBaseActivity
06-12 15:06:36.399 D/stbdpc  (  405): STB_DPGetNumPaths[570]: num_paths: 1
06-12 15:06:36.409 V/newrelic(10085): Added trace d72d2d43-eb2f-e9f0-899a-2374ffbdabca missing children: 1
06-12 15:06:36.410 V/newrelic(10085): Registering trace of SQLiteDatabase#insert with parent Display LunaBaseActivity
06-12 15:06:36.410 V/newrelic(10085): Added trace c108d2a9-cc40-1993-6231-f8c48779a4d6 missing children: 1
06-12 15:06:36.431 E/WifiVendorHal(  632): getWifiLinkLayerStats_1_3_Internal(l.973) failed {.code = ERROR_UNKNOWN, .description = unknown error}
06-12 15:06:36.476 V/DigitalSignage(  632): Package Name: null
06-12 15:06:36.476 V/DigitalSignage(  632): Left: 0
06-12 15:06:36.476 V/DigitalSignage(  632): Right: 0
06-12 15:06:36.476 V/DigitalSignage(  632): Top: 0
06-12 15:06:36.476 V/DigitalSignage(  632): Bottom: 0
06-12 15:06:36.476 D/DigitalSignage(  632): else - Package Name :: null left : 0 right :: 0 top :: 0 bottom :: 0 dfu-right :: 1920 dfu-bottom :: 1080
06-12 15:06:36.477 V/DigitalSignage(  632): Package Name: null
06-12 15:06:36.477 V/DigitalSignage(  632): Left: 0
06-12 15:06:36.477 V/DigitalSignage(  632): Right: 0
06-12 15:06:36.477 V/DigitalSignage(  632): Top: 0
06-12 15:06:36.477 V/DigitalSignage(  632): Bottom: 0
06-12 15:06:36.477 D/DigitalSignage(  632): else - Package Name :: null left : 0 right :: 0 top :: 0 bottom :: 0 dfu-right :: 1920 dfu-bottom :: 1080
06-12 15:06:36.480 V/DigitalSignage(  632): Package Name: null
06-12 15:06:36.480 V/DigitalSignage(  632): Left: 0
06-12 15:06:36.480 V/DigitalSignage(  632): Right: 0
06-12 15:06:36.480 V/DigitalSignage(  632): Top: 0
06-12 15:06:36.480 V/DigitalSignage(  632): Bottom: 0
06-12 15:06:36.480 D/DigitalSignage(  632): else - Package Name :: null left : 0 right :: 0 top :: 0 bottom :: 0 dfu-right :: 1920 dfu-bottom :: 1080
06-12 15:06:36.480 V/DigitalSignage(  632): Package Name: null
06-12 15:06:36.480 V/DigitalSignage(  632): Left: 0
06-12 15:06:36.480 V/DigitalSignage(  632): Right: 0
06-12 15:06:36.480 V/DigitalSignage(  632): Top: 0
06-12 15:06:36.480 V/DigitalSignage(  632): Bottom: 0
06-12 15:06:36.480 D/DigitalSignage(  632): else - Package Name :: null left : 0 right :: 0 top :: 0 bottom :: 0 dfu-right :: 1920 dfu-bottom :: 1080
06-12 15:06:36.499 D/stbdpc  (  405): STB_DPGetNumPaths[570]: num_paths: 1
06-12 15:06:36.537 W/ServiceManager(  404): Permission failure: android.permission.ACCESS_SURFACE_FLINGER from uid=10084 pid=10085
06-12 15:06:36.537 D/PermissionCache(  404): checking android.permission.ACCESS_SURFACE_FLINGER for uid=10084 => denied (719 us)
06-12 15:06:36.537 I/WifiService(  632): releaseMulticastLock uid=10083
06-12 15:06:36.539 I/JTCLOG  ( 3423): JuiceModel ->  Discover Mesh ONT services started
06-12 15:06:36.543 I/WifiService(  632): acquireMulticastLock uid=10083
06-12 15:06:36.544 V/DigitalSignage(  632): Package Name: null
06-12 15:06:36.544 V/DigitalSignage(  632): Left: 0
06-12 15:06:36.544 V/DigitalSignage(  632): Right: 0
06-12 15:06:36.544 V/DigitalSignage(  632): Top: 0
06-12 15:06:36.544 V/DigitalSignage(  632): Bottom: 0
06-12 15:06:36.544 D/DigitalSignage(  632): else - Package Name :: null left : 0 right :: 0 top :: 0 bottom :: 0 dfu-right :: 1920 dfu-bottom :: 1080
06-12 15:06:36.548 V/DigitalSignage(  632): Package Name: null
06-12 15:06:36.548 V/DigitalSignage(  632): Left: 0
06-12 15:06:36.548 V/DigitalSignage(  632): Right: 0
06-12 15:06:36.548 V/DigitalSignage(  632): Top: 0
06-12 15:06:36.548 V/DigitalSignage(  632): Bottom: 0
06-12 15:06:36.548 D/DigitalSignage(  632): else - Package Name :: null left : 0 right :: 0 top :: 0 bottom :: 0 dfu-right :: 1920 dfu-bottom :: 1080
06-12 15:06:36.550 I/android.hardware.power-service.libperfmgr(  369): Power setBoost: INTERACTION duration: 0
06-12 15:06:36.550 I/libperfmgr(  369): Do Powerhint: INTERACTION
06-12 15:06:36.554 V/newrelic(10085): Registering trace of SQLiteDatabase#query with parent Display LunaBaseActivity
06-12 15:06:36.555 V/newrelic(10085): Added trace 098a53fa-1727-6e4f-529f-4c0905ebffc9 missing children: 1
06-12 15:06:36.559 V/newrelic(10085): Registering trace of SQLiteDatabase#insert with parent Display LunaBaseActivity
06-12 15:06:36.560 V/newrelic(10085): Added trace f010d995-7f03-ec95-55d6-dfc60eac7db4 missing children: 1
06-12 15:06:36.560 V/newrelic(10085): Registering trace of SQLiteDatabase#insert with parent Display LunaBaseActivity
06-12 15:06:36.560 V/newrelic(10085): Added trace e34eec82-08e5-e9f9-9dde-ae067f19879d missing children: 1
06-12 15:06:36.590 V/newrelic(10085): Registering trace of SQLiteDatabase#insert with parent Display LunaBaseActivity
06-12 15:06:36.590 V/newrelic(10085): Added trace fa09f0b2-2be0-3427-3e9d-b63771fdb093 missing children: 1
06-12 15:06:36.591 V/newrelic(10085): Registering trace of SQLiteDatabase#insert with parent Display LunaBaseActivity
06-12 15:06:36.592 V/newrelic(10085): Added trace a5e07f8b-0e7f-3317-0240-45528042c502 missing children: 1
06-12 15:06:36.592 V/newrelic(10085): Registering trace of SQLiteDatabase#insert with parent Display LunaBaseActivity
06-12 15:06:36.593 V/newrelic(10085): Added trace 18bd66a2-de53-7a80-dcd6-1c412df5fb48 missing children: 1
06-12 15:06:36.594 V/newrelic(10085): Registering trace of SQLiteDatabase#insert with parent Display LunaBaseActivity
06-12 15:06:36.595 V/newrelic(10085): Added trace 93b54ecb-f80f-7e89-5f42-1879db061988 missing children: 1
06-12 15:06:36.596 V/newrelic(10085): Registering trace of SQLiteDatabase#insert with parent Display LunaBaseActivity
06-12 15:06:36.596 V/newrelic(10085): Added trace 75694f50-527f-5fc6-80e9-42f05c5da4bd missing children: 1
06-12 15:06:36.597 V/newrelic(10085): Registering trace of SQLiteDatabase#insert with parent Display LunaBaseActivity
06-12 15:06:36.597 V/newrelic(10085): Added trace aee8f17d-079d-0262-8609-692a41886d11 missing children: 1
06-12 15:06:36.597 V/newrelic(10085): Registering trace of SQLiteDatabase#insert with parent Display LunaBaseActivity
06-12 15:06:36.599 D/stbdpc  (  405): STB_DPGetNumPaths[570]: num_paths: 1
06-12 15:06:36.604 V/newrelic(10085): Added trace 5cb26863-0c71-e497-7c7d-a4b30e350b6e missing children: 1
06-12 15:06:36.605 V/newrelic(10085): Registering trace of SQLiteDatabase#insert with parent Display LunaBaseActivity
06-12 15:06:36.605 V/newrelic(10085): Added trace b61800da-fd9b-6866-3439-74b57ad82455 missing children: 1
06-12 15:06:36.610 V/newrelic(10085): Registering trace of SQLiteDatabase#insert with parent Display LunaBaseActivity
06-12 15:06:36.612 I/lowmemorykiller(  233): medium memory pressure event is triggered for new strategy
06-12 15:06:36.612 D/lowmemorykiller(  233): LMKD mp_event_psi kill_reasons available are PRESSURE_AFTER_KILL, NOT_RESPONDING, LOW_SWAP_AND_THRASHING, LOW_MEM_AND_SWAP, LOW_MEM_AND_THRASHING, DIRECT_RECL_AND_THRASHING
06-12 15:06:36.612 D/lowmemorykiller(  233): LMKD mp_event_psi kill_reason received= -1
06-12 15:06:36.613 V/newrelic(10085): Added trace b43e0dcc-225d-8484-1229-4de05dc083ef missing children: 1
06-12 15:06:36.620 V/newrelic(10085): Registering trace of SQLiteDatabase#insert with parent Display LunaBaseActivity
06-12 15:06:36.620 V/newrelic(10085): Added trace 9b54d4a9-667b-1093-1db1-c48ebb486761 missing children: 1
06-12 15:06:36.620 V/newrelic(10085): Registering trace of SQLiteDatabase#insert with parent Display LunaBaseActivity
06-12 15:06:36.626 I/lowmemorykiller(  233): medium memory pressure event is triggered for new strategy
06-12 15:06:36.626 D/lowmemorykiller(  233): LMKD mp_event_psi kill_reasons available are PRESSURE_AFTER_KILL, NOT_RESPONDING, LOW_SWAP_AND_THRASHING, LOW_MEM_AND_SWAP, LOW_MEM_AND_THRASHING, DIRECT_RECL_AND_THRASHING
06-12 15:06:36.626 D/lowmemorykiller(  233): LMKD mp_event_psi kill_reason received= -1
06-12 15:06:36.626 D/NetflixService(  986): onForegroundActivitiesChanged pid:3381,uid:10092,fg:false
06-12 15:06:36.628 D/NetflixService(  986): processName:com.netflix.ninja,importance:300
06-12 15:06:36.637 V/newrelic(10085): Added trace 98e63e3d-7aca-2091-10f4-b52cc9c18764 missing children: 1
06-12 15:06:36.638 V/newrelic(10085): Registering trace of SQLiteDatabase#insert with parent Display LunaBaseActivity
06-12 15:06:36.638 V/newrelic(10085): Added trace 99474fa9-b0ee-2395-8496-0ed5697eb813 missing children: 1
06-12 15:06:36.639 V/newrelic(10085): Registering trace of SQLiteDatabase#insert with parent Display LunaBaseActivity
06-12 15:06:36.645 V/newrelic(10085): Added trace 38b9afad-9708-b9b7-ef30-2437b4373207 missing children: 1
06-12 15:06:36.645 V/newrelic(10085): Registering trace of SQLiteDatabase#insert with parent Display LunaBaseActivity
06-12 15:06:36.646 V/newrelic(10085): Added trace bac9bc28-1fcd-7550-a941-a6c3362cd8a0 missing children: 1
06-12 15:06:36.655 D/dvb_iptv(  405): ReadEmmNetworkTask[1537]: EMM Select Timeout Occured 47
06-12 15:06:36.699 D/stbdpc  (  405): STB_DPGetNumPaths[570]: num_paths: 1
06-12 15:06:36.700 I/FA      ( 3381): Application backgrounded at: timestamp_millis: 1749720994689
06-12 15:06:36.702 V/DigitalSignage(  632): Package Name: null
06-12 15:06:36.702 V/DigitalSignage(  632): Left: 0
06-12 15:06:36.702 V/DigitalSignage(  632): Right: 0
06-12 15:06:36.702 V/DigitalSignage(  632): Top: 0
06-12 15:06:36.702 V/DigitalSignage(  632): Bottom: 0
06-12 15:06:36.702 D/DigitalSignage(  632): else - Package Name :: null left : 0 right :: 0 top :: 0 bottom :: 0 dfu-right :: 1920 dfu-bottom :: 1080
06-12 15:06:36.717 I/ryplus.tv.jiot(10085): oneway function results will be dropped but finished with status OK and parcel size 4
06-12 15:06:36.721 V/DigitalSignage(  632): Package Name: null
06-12 15:06:36.721 V/DigitalSignage(  632): Left: 0
06-12 15:06:36.722 V/DigitalSignage(  632): Right: 0
06-12 15:06:36.722 V/DigitalSignage(  632): Top: 0
06-12 15:06:36.722 V/DigitalSignage(  632): Bottom: 0
06-12 15:06:36.723 D/DigitalSignage(  632): else - Package Name :: null left : 0 right :: 0 top :: 0 bottom :: 0 dfu-right :: 1920 dfu-bottom :: 1080
06-12 15:06:36.726 I/lowmemorykiller(  233): medium memory pressure event is triggered for new strategy
06-12 15:06:36.727 D/lowmemorykiller(  233): LMKD mp_event_psi kill_reasons available are PRESSURE_AFTER_KILL, NOT_RESPONDING, LOW_SWAP_AND_THRASHING, LOW_MEM_AND_SWAP, LOW_MEM_AND_THRASHING, DIRECT_RECL_AND_THRASHING
06-12 15:06:36.727 D/lowmemorykiller(  233): LMKD mp_event_psi kill_reason received= -1
06-12 15:06:36.743 I/e.swalekh.abct( 1336): oneway function results will be dropped but finished with status OK and parcel size 4
06-12 15:06:36.744 I/ThermalService(  986): CPU temperatures: [67.700005]
06-12 15:06:36.767 D/JioSTBMRServer-SERVICE( 3304): InetSocketAddress(InetAddress.getByName(inetAddress.hostAddress)-/192.168.1.255
06-12 15:06:36.767 D/JioSTBMRServer-SERVICE( 3304): #beacon:RKISBFJ60000097:0:false:0:1:SV=181024 , 192.168.1.255
06-12 15:06:36.777 I/ActivityTaskManager(  632): Displayed com.discoveryplus.tv.jiotv/com.discoveryplus.tv.ui.DPlusJioTvActivity: +2s88ms
06-12 15:06:36.781 D/JioSTBMRServer-SERVICE( 3304): InetSocketAddress(InetAddress.getByName(inetAddress.hostAddress)-/192.168.1.255
06-12 15:06:36.781 D/JioSTBMRServer-SERVICE( 3304): #broadcast IP:192.168.1.255
06-12 15:06:36.800 D/stbdpc  (  405): STB_DPGetNumPaths[570]: num_paths: 1
06-12 15:06:36.827 I/lowmemorykiller(  233): medium memory pressure event is triggered for new strategy
06-12 15:06:36.827 D/lowmemorykiller(  233): LMKD mp_event_psi kill_reasons available are PRESSURE_AFTER_KILL, NOT_RESPONDING, LOW_SWAP_AND_THRASHING, LOW_MEM_AND_SWAP, LOW_MEM_AND_THRASHING, DIRECT_RECL_AND_THRASHING
06-12 15:06:36.827 D/lowmemorykiller(  233): LMKD mp_event_psi kill_reason received= -1
06-12 15:06:36.840 D/rtk_heartbeat(  351): heartbeat_timed_out: heartbeatCmdCount = 1049, expected nextSeqNum = 1049
06-12 15:06:36.841 D/rtk_heartbeat(  351): rtkbt_heartbeat_cmpl_cback: Current SeqNum = 1049,should SeqNum=1049, status = 0
06-12 15:06:36.900 D/stbdpc  (  405): STB_DPGetNumPaths[570]: num_paths: 1
06-12 15:06:36.927 I/lowmemorykiller(  233): medium memory pressure event is triggered for new strategy
06-12 15:06:36.928 D/lowmemorykiller(  233): LMKD mp_event_psi kill_reasons available are PRESSURE_AFTER_KILL, NOT_RESPONDING, LOW_SWAP_AND_THRASHING, LOW_MEM_AND_SWAP, LOW_MEM_AND_THRASHING, DIRECT_RECL_AND_THRASHING
06-12 15:06:36.928 D/lowmemorykiller(  233): LMKD mp_event_psi kill_reason received= -1
06-12 15:06:36.972 D/newrelic(10085): Harvest data response: OK
06-12 15:06:36.973 D/newrelic(10085): Harvest data response status code: 200
06-12 15:06:36.973 D/newrelic(10085): Harvest: executed
06-12 15:06:36.974 D/newrelic(10085): HarvestTimer tick took 1269ms
06-12 15:06:36.974 D/newrelic(10085): Set last tick time to: 1749720996974
06-12 15:06:36.986 V/newrelic(10085): Registering trace of SQLiteDatabase#query with parent Display LunaBaseActivity
06-12 15:06:36.989 W/[ 1072.343327@2]  RTW(    0): fill_default_txdesc(wlan0): SP Packet(0x0806) rate=0x4 SeqNum = 1906
06-12 15:06:36.987 V/newrelic(10085): Added trace 7039f3da-0173-fb63-665d-b001104011a5 missing children: 1
06-12 15:06:36.988 V/newrelic(10085): Registering trace of SQLiteDatabase#insert with parent Display LunaBaseActivity
06-12 15:06:36.992 V/newrelic(10085): Added trace 2194b870-5dc7-375a-2e08-7d3d71b1020f missing children: 1
06-12 15:06:36.992 V/newrelic(10085): Registering trace of SQLiteDatabase#insert with parent Display LunaBaseActivity
06-12 15:06:36.993 V/newrelic(10085): Added trace 6e89acc1-1e47-95f4-4831-c16b63f74421 missing children: 1
06-12 15:06:36.993 V/newrelic(10085): Registering trace of SQLiteDatabase#insert with parent Display LunaBaseActivity
06-12 15:06:37.000 D/stbdpc  (  405): STB_DPGetNumPaths[570]: num_paths: 1
06-12 15:06:37.007 D/ltts_ip_emm(  405): LTTS_IP_DMXStartEMM[381]: parse_emm_cat_status failed
06-12 15:06:37.009 V/newrelic(10085): Added trace 98cc3354-5441-7b7d-64e7-b146f8166abc missing children: 1
06-12 15:06:37.010 V/newrelic(10085): Registering trace of SQLiteDatabase#insert with parent Display LunaBaseActivity
06-12 15:06:37.010 V/newrelic(10085): Added trace a87cd124-6d18-6940-82ec-2dbe4466e5f0 missing children: 1
06-12 15:06:37.011 V/newrelic(10085): Registering trace of SQLiteDatabase#insert with parent Display LunaBaseActivity
06-12 15:06:37.013 V/newrelic(10085): Added trace 087f78a6-ea1a-863a-5f87-b08ce1301cd6 missing children: 1
06-12 15:06:37.013 V/newrelic(10085): Registering trace of SQLiteDatabase#insert with parent Display LunaBaseActivity
06-12 15:06:37.027 E/ocessService0:( 2273): failed to create Unix domain socket: Operation not permitted
06-12 15:06:37.028 I/lowmemorykiller(  233): medium memory pressure event is triggered for new strategy
06-12 15:06:37.028 D/lowmemorykiller(  233): LMKD mp_event_psi kill_reasons available are PRESSURE_AFTER_KILL, NOT_RESPONDING, LOW_SWAP_AND_THRASHING, LOW_MEM_AND_SWAP, LOW_MEM_AND_THRASHING, DIRECT_RECL_AND_THRASHING
06-12 15:06:37.028 D/lowmemorykiller(  233): LMKD mp_event_psi kill_reason received= -1
06-12 15:06:37.029 V/newrelic(10085): Added trace aebd010c-4037-7f0f-118b-df285ae9d09c missing children: 1
06-12 15:06:37.029 V/newrelic(10085): Registering trace of SQLiteDatabase#insert with parent Display LunaBaseActivity
06-12 15:06:37.029 V/newrelic(10085): Added trace 2f6e4dc4-7a30-f141-8431-e7dc5fc81ce0 missing children: 1
06-12 15:06:37.030 V/newrelic(10085): Registering trace of SQLiteDatabase#insert with parent Display LunaBaseActivity
06-12 15:06:37.032 V/newrelic(10085): Added trace 0f73ea43-8e89-d59f-e29f-0d36d496a942 missing children: 1
06-12 15:06:37.034 V/newrelic(10085): Registering trace of SQLiteDatabase#insert with parent Display LunaBaseActivity
06-12 15:06:37.036 V/newrelic(10085): Added trace a0a51e08-24dd-9dfb-5c9c-03a6e01ce034 missing children: 1
06-12 15:06:37.036 V/newrelic(10085): Registering trace of SQLiteDatabase#insert with parent Display LunaBaseActivity
06-12 15:06:37.045 V/newrelic(10085): Added trace 482dbcd9-cb9e-fa1f-96b2-055fd58e3f13 missing children: 1
06-12 15:06:37.047 V/newrelic(10085): Registering trace of SQLiteDatabase#insert with parent Display LunaBaseActivity
06-12 15:06:37.047 V/newrelic(10085): Added trace 62c23753-9ac9-7800-4daa-c0828327137b missing children: 1
06-12 15:06:37.054 V/newrelic(10085): Registering trace of SQLiteDatabase#insert with parent Display LunaBaseActivity
06-12 15:06:37.054 V/newrelic(10085): Added trace f0e5afa1-a110-7334-559e-837c2b4739d6 missing children: 1
06-12 15:06:37.055 V/newrelic(10085): Registering trace of SQLiteDatabase#insert with parent Display LunaBaseActivity
06-12 15:06:37.056 D/newrelic(10085): Payload [fa796a5b-0c6d-48b5-8ea1-f520a3a2d028] delivery took 1068ms
06-12 15:06:37.061 V/newrelic(10085): Added trace b6f6168b-a2c9-07a1-e98e-4baa8961b136 missing children: 1
06-12 15:06:37.064 V/newrelic(10085): Registering trace of SQLiteDatabase#insert with parent Display LunaBaseActivity
06-12 15:06:37.069 V/newrelic(10085): Added trace b56e94b2-fb73-fb76-e03d-9a4602311864 missing children: 1
06-12 15:06:37.070 V/newrelic(10085): Registering trace of SQLiteDatabase#insert with parent Display LunaBaseActivity
06-12 15:06:37.071 V/newrelic(10085): Added trace 7e10c41a-67a7-d45f-97da-337c1d0e6839 missing children: 1
06-12 15:06:37.071 V/newrelic(10085): Registering trace of SQLiteDatabase#insert with parent Display LunaBaseActivity
06-12 15:06:37.071 V/newrelic(10085): Added trace 66a97de8-1c6a-8bf4-723e-2bddd4487f2b missing children: 1
06-12 15:06:37.100 D/stbdpc  (  405): STB_DPGetNumPaths[570]: num_paths: 1
06-12 15:06:37.107 V/newrelic(10085): Registering trace of SQLiteDatabase#query with parent Display LunaBaseActivity
06-12 15:06:37.108 V/newrelic(10085): Added trace 6a2e406a-8e0d-9771-617a-e7fa3130522a missing children: 1
06-12 15:06:37.111 V/newrelic(10085): Registering trace of SQLiteDatabase#insert with parent Display LunaBaseActivity
06-12 15:06:37.112 V/newrelic(10085): Added trace 693c7160-4a96-36ac-fe21-f2481f76d6ac missing children: 1
06-12 15:06:37.118 V/newrelic(10085): Registering trace of SQLiteDatabase#insert with parent Display LunaBaseActivity
06-12 15:06:37.123 V/newrelic(10085): Added trace abd40071-2de7-3e43-c8aa-cb49d7b6fa06 missing children: 1
06-12 15:06:37.123 V/newrelic(10085): Registering trace of SQLiteDatabase#insert with parent Display LunaBaseActivity
06-12 15:06:37.124 V/newrelic(10085): Added trace 0bbb2dfe-4780-d114-cba3-17edb3d739fe missing children: 1
06-12 15:06:37.124 V/newrelic(10085): Registering trace of SQLiteDatabase#insert with parent Display LunaBaseActivity
06-12 15:06:37.125 V/newrelic(10085): Added trace 11917a1f-0dfd-bcf1-b748-d2358693b29d missing children: 1
06-12 15:06:37.125 V/newrelic(10085): Registering trace of SQLiteDatabase#insert with parent Display LunaBaseActivity
06-12 15:06:37.125 V/newrelic(10085): Added trace da73ffe8-eabd-6e94-8704-6019933ab548 missing children: 1
06-12 15:06:37.125 V/newrelic(10085): Registering trace of SQLiteDatabase#insert with parent Display LunaBaseActivity
06-12 15:06:37.127 V/newrelic(10085): Added trace a175c0ef-eba4-b0d0-b832-b4ac40b33d11 missing children: 1
06-12 15:06:37.128 I/lowmemorykiller(  233): medium memory pressure event is triggered for new strategy
06-12 15:06:37.127 V/newrelic(10085): Registering trace of SQLiteDatabase#insert with parent Display LunaBaseActivity
06-12 15:06:37.128 D/lowmemorykiller(  233): LMKD mp_event_psi kill_reasons available are PRESSURE_AFTER_KILL, NOT_RESPONDING, LOW_SWAP_AND_THRASHING, LOW_MEM_AND_SWAP, LOW_MEM_AND_THRASHING, DIRECT_RECL_AND_THRASHING
06-12 15:06:37.128 D/lowmemorykiller(  233): LMKD mp_event_psi kill_reason received= -1
06-12 15:06:37.129 V/newrelic(10085): Added trace db52a50d-20ce-ab09-5e0d-df7d6c85d44a missing children: 1
06-12 15:06:37.129 V/newrelic(10085): Registering trace of SQLiteDatabase#insert with parent Display LunaBaseActivity
06-12 15:06:37.129 V/newrelic(10085): Added trace 8bec3261-2baa-d2e6-e284-ae3f7d15bf5b missing children: 1
06-12 15:06:37.130 V/newrelic(10085): Registering trace of SQLiteDatabase#insert with parent Display LunaBaseActivity
06-12 15:06:37.130 V/newrelic(10085): Added trace b88b4199-139b-c544-ddb8-44aab6c180d5 missing children: 1
06-12 15:06:37.130 V/newrelic(10085): Registering trace of SQLiteDatabase#insert with parent Display LunaBaseActivity
06-12 15:06:37.130 V/newrelic(10085): Added trace f7d23273-0cf6-3a6d-17e0-cea4f37f0ac6 missing children: 1
06-12 15:06:37.130 V/newrelic(10085): Registering trace of SQLiteDatabase#insert with parent Display LunaBaseActivity
06-12 15:06:37.131 V/newrelic(10085): Added trace 44ff647f-717e-8989-e1c8-b09c50f9314e missing children: 1
06-12 15:06:37.154 V/newrelic(10085): Registering trace of SQLiteDatabase#insert with parent Display LunaBaseActivity
06-12 15:06:37.155 V/newrelic(10085): Added trace 8fd7f82a-5876-6f54-791f-da372b793272 missing children: 1
06-12 15:06:37.155 V/newrelic(10085): Registering trace of SQLiteDatabase#insert with parent Display LunaBaseActivity
06-12 15:06:37.155 V/newrelic(10085): Added trace 718f1bf7-9f34-0c11-0ddf-1f2d55406730 missing children: 1
06-12 15:06:37.156 V/newrelic(10085): Registering trace of SQLiteDatabase#insert with parent Display LunaBaseActivity
06-12 15:06:37.156 D/dvb_iptv(  405): ReadEmmNetworkTask[1537]: EMM Select Timeout Occured 48
06-12 15:06:37.156 V/newrelic(10085): Added trace e97e6a0f-9556-4cbe-3f0d-ba73c7a371d2 missing children: 1
06-12 15:06:37.156 V/newrelic(10085): Registering trace of SQLiteDatabase#insert with parent Display LunaBaseActivity
06-12 15:06:37.156 V/newrelic(10085): Added trace bec819fd-203a-3388-f5b9-5f9d7e797d87 missing children: 1
06-12 15:06:37.157 V/newrelic(10085): Registering trace of SQLiteDatabase#insert with parent Display LunaBaseActivity
06-12 15:06:37.157 V/newrelic(10085): Added trace d6440ab1-fb97-b380-7713-7e7e0c87632e missing children: 1
06-12 15:06:37.177 D/newrelic(10085): OkHttp3TransactionStateUtil: Missing body or content length
06-12 15:06:37.178 V/newrelic(10085): Added trace c6da47bf-370a-64f1-a701-e53cb65be47d missing children: 0
06-12 15:06:37.200 D/stbdpc  (  405): STB_DPGetNumPaths[570]: num_paths: 1
06-12 15:06:37.209 V/newrelic(10085): Registering trace of SQLiteDatabase#query with parent Display LunaBaseActivity
06-12 15:06:37.209 V/newrelic(10085): Added trace 72a4e8ce-a864-138f-50ac-9d1119b7c775 missing children: 0
06-12 15:06:37.216 V/newrelic(10085): Registering trace of SQLiteDatabase#insert with parent Display LunaBaseActivity
06-12 15:06:37.224 V/newrelic(10085): Added trace 6fd2f521-ba83-0ca7-7df0-eb9b0f6e8622 missing children: 0
06-12 15:06:37.224 V/newrelic(10085): Registering trace of SQLiteDatabase#insert with parent Display LunaBaseActivity
06-12 15:06:37.227 V/newrelic(10085): Added trace 5e4e2f6f-18af-173b-5297-770ffd56feb0 missing children: 0
06-12 15:06:37.228 I/lowmemorykiller(  233): medium memory pressure event is triggered for new strategy
06-12 15:06:37.229 D/lowmemorykiller(  233): LMKD mp_event_psi kill_reasons available are PRESSURE_AFTER_KILL, NOT_RESPONDING, LOW_SWAP_AND_THRASHING, LOW_MEM_AND_SWAP, LOW_MEM_AND_THRASHING, DIRECT_RECL_AND_THRASHING
06-12 15:06:37.229 D/lowmemorykiller(  233): LMKD mp_event_psi kill_reason received= -1
06-12 15:06:37.229 D/JioStbInactivityTimer(  933): Timer: count 179 warningTimeout:10680 timeout:10800
06-12 15:06:37.229 D/JioStbInactivityTimer(  933): isUserActive: Curr:891902 Prev:891902
06-12 15:06:37.231 V/newrelic(10085): Registering trace of SQLiteDatabase#insert with parent Display LunaBaseActivity
06-12 15:06:37.232 V/newrelic(10085): Added trace 3841e972-ab94-9bf0-74e7-9db54ef2161d missing children: 0
06-12 15:06:37.234 V/newrelic(10085): Registering trace of SQLiteDatabase#insert with parent Display LunaBaseActivity
06-12 15:06:37.236 V/newrelic(10085): Added trace cc100626-20a2-fb94-8ace-aa0769220202 missing children: 0
06-12 15:06:37.242 V/newrelic(10085): Registering trace of SQLiteDatabase#insert with parent Display LunaBaseActivity
06-12 15:06:37.244 V/newrelic(10085): Added trace f7ba6941-35d1-a24f-57f9-b7db343f30e3 missing children: 0
06-12 15:06:37.244 V/newrelic(10085): Registering trace of SQLiteDatabase#insert with parent Display LunaBaseActivity
06-12 15:06:37.244 I/ryplus.tv.jiot(10085): Background concurrent copying GC freed 114376(6336KB) AllocSpace objects, 47(1200KB) LOS objects, 49% free, 7013KB/13MB, paused 228us total 713.079ms
06-12 15:06:37.245 V/newrelic(10085): Added trace 41f55aff-5cc6-9a17-77c6-47c60422e3c8 missing children: 0
06-12 15:06:37.245 V/newrelic(10085): Registering trace of SQLiteDatabase#insert with parent Display LunaBaseActivity
06-12 15:06:37.246 V/newrelic(10085): Added trace 1915e425-f8af-5069-ce1e-24be21494d0c missing children: 0
06-12 15:06:37.246 V/newrelic(10085): Registering trace of SQLiteDatabase#insert with parent Display LunaBaseActivity
06-12 15:06:37.247 V/newrelic(10085): Added trace 21bb6647-91f3-8335-5479-800065f64874 missing children: 0
06-12 15:06:37.247 V/newrelic(10085): Registering trace of SQLiteDatabase#insert with parent Display LunaBaseActivity
