06-12 15:06:04.482 D/OmxComponentManagerImpl(  478): support avs frame mode
06-12 15:06:04.482 D/OmxComponentManagerImpl(  478): format support multi-instance
06-12 15:06:04.482 D/OmxComponentManagerImpl(  478): getEntryByName_2_num=0, componentName:OMX.amlogic.avc.decoder.awesome2
06-12 15:06:04.482 D/omx_video(  478): processName=media.codec
06-12 15:06:04.482 V/AmlogicVideoDecoderAwesome2(  478): [21]AmlogicVideoDecoder2:118 >
06-12 15:06:04.482 V/AmlogicVideoDecoderAwesome2(  478): [21]initializeState_l:1611 >
06-12 15:06:04.482 D/AmlogicVideoDecoderAwesome2(  478): [21]"vendor.media.omx.latency is not set used def=1.000000\n"
06-12 15:06:04.482 D/AmlogicVideoDecoderAwesome2(  478): [21]"vendor.media.omx.frame_numlatency is not set used def=10\n"
06-12 15:06:04.482 D/AmlogicVideoDecoderAwesome2(  478): [21]"vendor.omx.frame_numlimmit is not set used def=20\n"
06-12 15:06:04.482 D/AmlogicVideoDecoderAwesome2(  478): [22]"AmlogicVideoDecoder2, mOmxInstancenum 1, mOmxInstanceID 22"
06-12 15:06:04.483 D/AmlogicVideoDecoderAwesome2(  478): [22]"vendor.omx2.blkmode is not set used def=0\n"
06-12 15:06:04.483 D/AmlogicVideoDecoderAwesome2(  478): [22]"vendor.omx2.maxalloc is not set used def=1\n"
06-12 15:06:04.483 I/AmlogicVideoDecoderAwesome2(  478): [22]"default use NV21"
06-12 15:06:04.483 V/AmlogicVideoPassthrough(  478): [0]AmlogicVideoPassthrough:80 >
06-12 15:06:04.483 D/AmlogicVideoPassthrough(  478): [1]"AmlogicVideoPassthrough, mOmxInstancenum 1, mOmxInstanceID 17"
06-12 15:06:04.483 E/secmem_tz(  478): [Secure_NegotiateVersion:374] Secure_NegotiateVersion 2 2 2 2 2 2
06-12 15:06:04.483 E/secmem_tz(  478): [Secure_NegotiateVersion:384] Negotiated secmem version = 2
06-12 15:06:04.485 W/OmxLogConf(  478): Can not read property media.omx.log_levels, using 0
06-12 15:06:04.486 D/OmxResManage(  478): ResManWrapper OMX-30 init, fd = 12
06-12 15:06:04.487 D/AmlogicVideoDecoderAwesome2(  478): [22]"vendor.media.omx2.out_buffer1 is not set used def=10\n"
06-12 15:06:04.487 D/AmlogicVideoDecoderAwesome2(  478): [22]"out buf:10"
06-12 15:06:04.487 D/AmlogicVideoDecoderAwesome2(  478): [22]"vendor.media.omx2.dw is not set used def=0\n"
06-12 15:06:04.487 D/OmxVideoDecoder(  478): setInputCoding OMX.amlogic.avc.decoder.awesome2
06-12 15:06:04.487 D/OmxVideoDecoder(  478): mIsLinux49=0, mIsLinux54=1, major=5, minor=4
06-12 15:06:04.487 D/OmxVideoDecoder(  478): multi dec exist
06-12 15:06:04.487 D/OmxVideoDecoder(  478): use dv frame mode
06-12 15:06:04.487 D/OmxVideoDecoder(  478): avs multi dec exist
06-12 15:06:04.487 D/OmxVideoDecoder(  478): Use frame mode for multidec.
06-12 15:06:04.487 D/OmxVideoDecoder(  478): Use min out buffer size
06-12 15:06:04.487 D/OmxVideoDecoder(  478): mSupportPiPVideo = 1
06-12 15:06:04.488 D/OmxVideoDecoder(  478): mMustOsdDisplay 0, mAmVideoUsed=0, mSupportPiPVideo=1, mPipVideoUsed=0, mVideoUsedByOmx=0
06-12 15:06:04.496 D/OMX-VENDOR-EXT(  478): OMX.amlogic.avc.decoder.awesome2 : Vendor extensions supported (17)
06-12 15:06:04.496 D/OMX-VENDOR-EXT(  478):    vendor.4k-osd{{ enable : Int32 },  }
06-12 15:06:04.496 D/OMX-VENDOR-EXT(  478):    vendor.video-trickmode{{ enable : Int32 },  }
06-12 15:06:04.496 D/OMX-VENDOR-EXT(  478):    vendor.unstable-pts{{ enable : Int32 },  }
06-12 15:06:04.496 D/OMX-VENDOR-EXT(  478):    vendor.is-mvc{{ enable : Int32 },  }
06-12 15:06:04.496 D/OMX-VENDOR-EXT(  478):    vendor.is-flv{{ nContainIndex : Int32 },  }
06-12 15:06:04.496 D/OMX-VENDOR-EXT(  478):    vendor.dvconfig-box{{ disable : Int32 },  }
06-12 15:06:04.496 D/OMX-VENDOR-EXT(  478):    vendor.profile-level{{ n-profile : Int32 },  { n-level : Int32 },  }
06-12 15:06:04.496 D/OMX-VENDOR-EXT(  478):    vendor.nrdp{{ video-peek-in-tunnel : Int32 },  }
06-12 15:06:04.496 D/OMX-VENDOR-EXT(  478):    vendor.low-latency{{ enable : Int32 },  }
06-12 15:06:04.496 D/OMX-VENDOR-EXT(  478):    vendor.save-mem{{ enable : Int32 },  }
06-12 15:06:04.497 D/OMX-VENDOR-EXT(  478):    vendor.videoLayer{{ type : Int32 },  }
06-12 15:06:04.497 D/OMX-VENDOR-EXT(  478):    vendor.renderByOmx{{ enable : Int32 },  }
06-12 15:06:04.498 D/OMX-VENDOR-EXT(  478):    vendor.tunerhal{{ video-filter-id : Int32 },  { hw-av-sync-id : Int32 },  }
06-12 15:06:04.498 D/OMX-VENDOR-EXT(  478):    vendor.VideoQos{{ info : String },  }
06-12 15:06:04.498 D/OMX-VENDOR-EXT(  478):    vendor.rotation-angle{{ angle : Int32 },  }
06-12 15:06:04.498 D/OMX-VENDOR-EXT(  478):    vendor.McodecReport{{ info : String },  }
06-12 15:06:04.498 D/OMX-VENDOR-EXT(  478):    vendor.START.low-latency{{ enable : Int32 },  }
06-12 15:06:04.498 D/OmxVideoDecoder(  478): video type 7 support v4l2, use omx2
06-12 15:06:04.499 D/OmxVideoDecoder(  478): processName=media.codec
06-12 15:06:04.499 D/OmxComponentManagerImpl(  478): IncreaseEntryNumByName pEntry->mNum=0, pEntry->mMaxNum:9,componentName:OMX.amlogic.avc.decoder.awesome2
06-12 15:06:04.499 I/omx_core(  478): OMX_getHandle_num=1
06-12 15:06:04.499 D/OmxComponent(  478): mApkName=media.codec
06-12 15:06:04.502 I/NU-AmNuPlayerDecoder(  472): mComponentName OMX.amlogic.avc.decoder.awesome2
06-12 15:06:04.502 D/SurfaceUtils(  472): disconnecting from surface 0xe8028c08, reason onConfigure
06-12 15:06:04.502 D/SurfaceUtils(  472): connecting to surface 0xe8028c08, reason connectToSurface
06-12 15:06:04.503 I/MediaCodec(  472): [OMX.amlogic.avc.decoder.awesome2] setting surface generation to 483329
06-12 15:06:04.503 D/SurfaceUtils(  472): disconnecting from surface 0xe8028c08, reason connectToSurface(reconnect)
06-12 15:06:04.503 D/SurfaceUtils(  472): connecting to surface 0xe8028c08, reason connectToSurface(reconnect)
06-12 15:06:04.505 I/AmAVUtils(  472): AmAVUtils::getComponentRole isEncoder :0 mime:video/avc 
06-12 15:06:04.505 V/MediaVendorExt(  472): AVUtils::getComponentRole
06-12 15:06:04.505 I/MediaVendorExt(  472): AmAVUtils::getComponentRole isEncoder :0 mime:video/avc 
06-12 15:06:04.505 D/OmxVideoDecoder(  478): setParameter 1599 0x1000017
06-12 15:06:04.505 D/OmxVideoDecoder(  478): setInputCoding video_decoder.avc
06-12 15:06:04.506 D/OmxVideoDecoder(  478): setConfig 3009 0x6f800001
06-12 15:06:04.506 V/OmxVideoDecoder(  478): setConfig 3192 nIndex 0x6f800001
06-12 15:06:04.506 D/OmxComponent(  478): setConfig 1230
06-12 15:06:04.506 E/OMXNodeInstance(  478): setConfig(0xef0f5438:amlogic.avc.decoder.awesome2, ConfigAutoFramerateConversion(0x6f800001)) ERROR: UnsupportedIndex(0x8000101a)
06-12 15:06:04.506 I/ACodec  (  472): codec does not support requested auto-frc (err -1010)
06-12 15:06:04.506 D/OmxComponent(  478): getExtensionIndex 1237 name="OMX.google.android.index.enableAndroidNativeBuffers"
06-12 15:06:04.506 D/OmxVideoDecoder(  478): setParameter 1599 0x7f000000
06-12 15:06:04.506 V/OmxVideoDecoder(  478): setParameter 2201 EnableNativeBuffers 1
06-12 15:06:04.507 V/OmxVideoDecoder(  478): updatePort mUseNativeBuffers 1
06-12 15:06:04.507 V/OmxVideoDecoder(  478): nWidth=640,nHeight=480, nMinbufs=0
06-12 15:06:04.507 D/OmxComponent(  478): getExtensionIndex 1237 name="OMX.google.android.index.allocateNativeHandle"
06-12 15:06:04.507 D/OmxVideoDecoder(  478): setParameter 1599 0x7f00000a
06-12 15:06:04.507 E/OMXNodeInstance(  478): setParameter(0xef0f5438:amlogic.avc.decoder.awesome2, OMX.google.android.index.allocateNativeHandle(0x7f00000a): Output:1 en=0) ERROR: UnsupportedSetting(0x80001019)
06-12 15:06:04.507 D/OmxComponent(  478): getExtensionIndex 1237 name="OMX.google.android.index.storeANWBufferInMetadata"
06-12 15:06:04.507 D/OmxVideoDecoder(  478): setParameter 1599 0x7f00000d
06-12 15:06:04.507 D/OmxVideoDecoder(  478): setParameter 2221 OMX_GoogleAndroidStoreANWBufferInMetadata
06-12 15:06:04.507 V/OmxVideoDecoder(  478): mUseStoreANWBufferInMetadata=1
06-12 15:06:04.507 E/OMXNodeInstance(  478): getParameter(0xef0f5438:amlogic.avc.decoder.awesome2, ??(0x6f600011)) ERROR: UnsupportedIndex(0x8000101a)
06-12 15:06:04.508 D/OmxVideoDecoder(  478): setParameter 1599 0x6000001
06-12 15:06:04.508 D/OmxVideoDecoder(  478): setParameter nPortIndex 0 CompFmt 0x7 ColorFmt 0
06-12 15:06:04.508 D/OmxVideoDecoder(  478): setParameter 1599 0x6000001
06-12 15:06:04.509 D/OmxVideoDecoder(  478): setParameter nPortIndex 1 CompFmt 0 ColorFmt 0x11
06-12 15:06:04.509 I/OmxVideoDecoder(  478): getParameter Component Name OMX.amlogic.avc.decoder.awesome2, width 640, height 480 nBufferCountMin:3
06-12 15:06:04.509 D/OmxVideoDecoder(  478): setParameter 1599 0x2000001
06-12 15:06:04.509 D/OmxVideoDecoder(  478): setParameter nPortIndex 0 nFrameWidth 1920 nFrameHeight 1080 nSliceHeight 16
06-12 15:06:04.509 E/OmxVideoDecoder(  478):  reset input buffer:2073600
06-12 15:06:04.510 V/OmxVideoDecoder(  478): updatePort mUseNativeBuffers 1
06-12 15:06:04.510 V/OmxVideoDecoder(  478): nWidth=640,nHeight=480, nMinbufs=0
06-12 15:06:04.510 I/OmxVideoDecoder(  478): getParameter Component Name OMX.amlogic.avc.decoder.awesome2, width 640, height 480 nBufferCountMin:10
06-12 15:06:04.510 D/OmxVideoDecoder(  478): setParameter 1599 0x2000001
06-12 15:06:04.510 D/OmxVideoDecoder(  478): media.omx.display_mode=3
06-12 15:06:04.510 D/OmxVideoDecoder(  478): mjpeg vc1 wmv wmv3 force display_mode=3
06-12 15:06:04.510 D/OmxVideoDecoder(  478): choose mVideoUsedByOmx=0, mVideoUsedByThis=0, mAmVideoUsed=0
06-12 15:06:04.510 D/OmxVideoDecoder(  478): mDisplayMode = DISPLAY_MODE_V4LVIDEO
06-12 15:06:04.510 D/OmxVideoDecoder(  478): choose mDisplayMode=3
06-12 15:06:04.510 D/OmxVideoDecoder(  478): setParameter nPortIndex 1 nFrameWidth 1920 nFrameHeight 1080 nSliceHeight 1080
06-12 15:06:04.510 V/OmxVideoDecoder(  478): updatePort mUseNativeBuffers 1
06-12 15:06:04.510 V/OmxVideoDecoder(  478): nWidth=1920,nHeight=1080, nMinbufs=0
06-12 15:06:04.511 D/OmxComponent(  478): getExtensionIndex 1237 name="OMX.google.android.index.describeColorAspects"
06-12 15:06:04.511 D/OmxComponent(  478): getExtensionIndex 1237 name="OMX.google.android.index.storeMetaDataInBuffers"
06-12 15:06:04.612 I/[ 1039.967459@0]  resman(    0): 40 acquire [decoder], preempt yes
06-12 15:06:04.614 I/[ 1039.967472@0]  resman(    0): 40 acquire [decoder] success
06-12 15:06:04.614 I/[ 1039.967503@0]  resman(    0): 40 acquire [codec_mm], preempt yes
06-12 15:06:04.614 I/[ 1039.967512@0]  resman(    0): 40 score 60 secure no
06-12 15:06:04.614 I/[ 1039.967517@0]  resman(    0): 40 acquire [codec_mm] success
06-12 15:06:04.511 D/OmxComponent(  478): getExtensionIndex 1237 name="OMX.google.android.index.storeANWBufferInMetadata"
06-12 15:06:04.511 D/OmxComponent(  478): getExtensionIndex 1237 name="OMX.google.android.index.prepareForAdaptivePlayback"
06-12 15:06:04.511 D/OmxComponent(  478): getExtensionIndex 1237 name="OMX.google.android.index.configureVideoTunnelMode"
06-12 15:06:04.511 D/OmxComponent(  478): getExtensionIndex 1237 name="OMX.google.android.index.useAndroidNativeBuffer2"
06-12 15:06:04.511 D/OmxComponent(  478): getExtensionIndex 1237 name="OMX.google.android.index.useAndroidNativeBuffer"
06-12 15:06:04.511 D/OmxComponent(  478): getExtensionIndex 1237 name="OMX.google.android.index.enableAndroidNativeBuffers"
06-12 15:06:04.511 D/OmxComponent(  478): getExtensionIndex 1237 name="OMX.google.android.index.allocateNativeHandle"
06-12 15:06:04.511 D/OmxComponent(  478): getExtensionIndex 1237 name="OMX.google.android.index.getAndroidNativeBufferUsage"
06-12 15:06:04.511 D/OmxVideoDecoder(  478): setConfig 3009 0x7f00000c
06-12 15:06:04.511 D/OmxComponent(  478): getExtensionIndex 1237 name="OMX.google.android.index.describeHDRStaticInfo"
06-12 15:06:04.512 D/OmxComponent(  478): getExtensionIndex 1237 name="OMX.google.android.index.describeHDR10PlusInfo"
06-12 15:06:04.512 D/OmxVideoDecoder(  478): setConfig 3009 0x7f000009
06-12 15:06:04.512 D/OmxVideoDecoder(  478): HDRStaticInfo: R=0 0; G=0 0; B=0 0; W=0 0; MaxDisplayLuminance:0, MinDisplayLuminance=0, mMaxContentLightLevel=0, MaxContentLightLevel=0
06-12 15:06:04.512 D/OmxVideoDecoder(  478): HDRStaticInfo: all parmeter is 0, set mHasHDRStaticInfo to false
06-12 15:06:04.512 I/AmAVUtils(  472): AmAVUtils::isAudioExtendFormat input = video/avc
06-12 15:06:04.512 I/AmAVUtils(  472): AmAVUtils::isExtendFormat input = video/avc
06-12 15:06:04.512 I/OmxVideoDecoder(  478): getParameter Component Name OMX.amlogic.avc.decoder.awesome2, width 1920, height 1080 nBufferCountMin:3
06-12 15:06:04.512 D/OmxVideoDecoder(  478): setConfig 3009 0x6f800002
06-12 15:06:04.513 V/OmxVideoDecoder(  478): setConfig 3192 nIndex 0x6f800002
06-12 15:06:04.513 D/OmxComponent(  478): setConfig 1230
06-12 15:06:04.513 E/OMXNodeInstance(  478): setConfig(0xef0f5438:amlogic.avc.decoder.awesome2, ConfigPriority(0x6f800002)) ERROR: UnsupportedIndex(0x8000101a)
06-12 15:06:04.513 I/ACodec  (  472): codec does not support config priority (err -1010)
06-12 15:06:04.513 D/OmxVideoDecoder(  478): setConfig 3009 0x6f800003
06-12 15:06:04.513 V/OmxVideoDecoder(  478): setConfig 3192 nIndex 0x6f800003
06-12 15:06:04.513 D/OmxComponent(  478): setConfig 1230
06-12 15:06:04.513 E/OMXNodeInstance(  478): setConfig(0xef0f5438:amlogic.avc.decoder.awesome2, ConfigOperatingRate(0x6f800003)) ERROR: UnsupportedIndex(0x8000101a)
06-12 15:06:04.513 I/ACodec  (  472): codec does not support config operating rate (err -1010)
06-12 15:06:04.516 D/OmxVideoDecoder(  478): getConfig 2867 0x6f100004
06-12 15:06:04.516 V/OmxVideoDecoder(  478): VendorExt: getConfig: index=0 (4k-osd)
06-12 15:06:04.516 D/OmxVideoDecoder(  478): getConfig 2867 0x6f100004
06-12 15:06:04.516 V/OmxVideoDecoder(  478): VendorExt: getConfig: index=1 (video-trickmode)
06-12 15:06:04.516 D/OmxVideoDecoder(  478): getConfig 2867 0x6f100004
06-12 15:06:04.516 V/OmxVideoDecoder(  478): VendorExt: getConfig: index=2 (unstable-pts)
06-12 15:06:04.518 D/OmxVideoDecoder(  478): getConfig 2867 0x6f100004
06-12 15:06:04.518 V/OmxVideoDecoder(  478): VendorExt: getConfig: index=3 (is-mvc)
06-12 15:06:04.518 D/OmxVideoDecoder(  478): getConfig 2867 0x6f100004
06-12 15:06:04.518 V/OmxVideoDecoder(  478): VendorExt: getConfig: index=4 (is-flv)
06-12 15:06:04.518 D/OmxVideoDecoder(  478): getConfig 2867 0x6f100004
06-12 15:06:04.518 V/OmxVideoDecoder(  478): VendorExt: getConfig: index=5 (dvconfig-box)
06-12 15:06:04.519 D/OmxVideoDecoder(  478): getConfig 2867 0x6f100004
06-12 15:06:04.519 V/OmxVideoDecoder(  478): VendorExt: getConfig: index=6 (profile-level)
06-12 15:06:04.519 D/OmxVideoDecoder(  478): getConfig 2867 0x6f100004
06-12 15:06:04.519 V/OmxVideoDecoder(  478): VendorExt: getConfig: index=6 (profile-level)
06-12 15:06:04.519 D/OmxVideoDecoder(  478): setConfig 3009 0x6f100004
06-12 15:06:04.519 E/OmxVideoDecoder(  478): setConfig 3127 nIndex 0x6f100004, nIndex:6, cName:profile-level, nParamCount:2
06-12 15:06:04.519 I/OmxVideoDecoder(  478): set_vendor_extension_config
06-12 15:06:04.519 V/OmxVideoDecoder(  478): VendorExt: setConfig: index=6 (profile-level)
06-12 15:06:04.519 I/OMX-VENDOR-EXT(  478): isConfigValid
06-12 15:06:04.519 D/OmxVideoDecoder(  478): VENDOR-EXT: set_config: OMX_IndexParamProflieLevel : 8 0
06-12 15:06:04.519 D/OmxVideoDecoder(  478): setParameter 1599 0x7f00010d
06-12 15:06:04.519 E/OmxVideoDecoder(  478): OMX_IndexAmlogicProfileLevel setParameter 2689, mProfile:8, mLevel:0
06-12 15:06:04.673 I/[ 1040.025722@1]  [amlv4l](    0): [17]: DW:10, TW:0, Margin:5
06-12 15:06:04.520 D/OmxVideoDecoder(  478): getConfig 2867 0x6f100004
06-12 15:06:04.520 V/OmxVideoDecoder(  478): VendorExt: getConfig: index=7 (nrdp)
06-12 15:06:04.521 D/OmxVideoDecoder(  478): getConfig 2867 0x6f100004
06-12 15:06:04.521 V/OmxVideoDecoder(  478): VendorExt: getConfig: index=8 (low-latency)
06-12 15:06:04.522 D/OmxVideoDecoder(  478): getConfig 2867 0x6f100004
06-12 15:06:04.522 V/OmxVideoDecoder(  478): VendorExt: getConfig: index=9 (save-mem)
06-12 15:06:04.522 D/OmxVideoDecoder(  478): getConfig 2867 0x6f100004
06-12 15:06:04.522 V/OmxVideoDecoder(  478): VendorExt: getConfig: index=10 (videoLayer)
06-12 15:06:04.522 D/OmxVideoDecoder(  478): getConfig 2867 0x6f100004
06-12 15:06:04.522 V/OmxVideoDecoder(  478): VendorExt: getConfig: index=11 (renderByOmx)
06-12 15:06:04.523 D/OmxVideoDecoder(  478): getConfig 2867 0x6f100004
06-12 15:06:04.523 V/OmxVideoDecoder(  478): VendorExt: getConfig: index=12 (tunerhal)
06-12 15:06:04.523 D/OmxVideoDecoder(  478): getConfig 2867 0x6f100004
06-12 15:06:04.523 V/OmxVideoDecoder(  478): VendorExt: getConfig: index=12 (tunerhal)
06-12 15:06:04.523 D/OmxVideoDecoder(  478): getConfig 2867 0x6f100004
06-12 15:06:04.523 V/OmxVideoDecoder(  478): VendorExt: getConfig: index=13 (VideoQos)
06-12 15:06:04.524 D/OmxVideoDecoder(  478): getConfig 2867 0x6f100004
06-12 15:06:04.524 V/OmxVideoDecoder(  478): VendorExt: getConfig: index=14 (rotation-angle)
06-12 15:06:04.524 D/OmxVideoDecoder(  478): getConfig 2867 0x6f100004
06-12 15:06:04.524 V/OmxVideoDecoder(  478): VendorExt: getConfig: index=15 (McodecReport)
06-12 15:06:04.524 D/OmxVideoDecoder(  478): mMcodecReport=0 mPeer.get=0xef0ed000
06-12 15:06:04.524 D/OmxVideoDecoder(  478): getConfig 2867 0x6f100004
06-12 15:06:04.525 V/OmxVideoDecoder(  478): VendorExt: getConfig: index=16 (START.low-latency)
06-12 15:06:04.525 D/OmxVideoDecoder(  478): getConfig 2867 0x6f100004
06-12 15:06:04.525 I/OmxVideoDecoder(  478): getParameter Component Name OMX.amlogic.avc.decoder.awesome2, width 1920, height 1080 nBufferCountMin:3
06-12 15:06:04.525 D/OmxVideoDecoder(  478): getConfig 2867 0x6f100004
06-12 15:06:04.673 D/[ 1040.025964@1]  [amlcom](    0): vdec_create instance 000000008319d7fb, total 1, PM: power-domain
06-12 15:06:04.525 V/OmxVideoDecoder(  478): VendorExt: getConfig: index=0 (4k-osd)
06-12 15:06:04.525 D/OmxVideoDecoder(  478): getConfig 2867 0x6f100004
06-12 15:06:04.525 V/OmxVideoDecoder(  478): VendorExt: getConfig: index=1 (video-trickmode)
06-12 15:06:04.674 D/[ 1040.026095@1]  [media_clock](    0): vdec mux clock is 799999988 Hz
06-12 15:06:04.526 D/OmxVideoDecoder(  478): getConfig 2867 0x6f100004
06-12 15:06:04.674 I/[ 1040.026272@1]  [amlcom](    0): vdec_init, dev_name:ammvdec_h264_v4l, vdec_type=VDEC_TYPE_FRAME_BLOCK, format: 2, total: 1
06-12 15:06:04.674 D/[ 1040.026993@1]  [h264](    0): 0: pdata->config=parm_v4l_codec_enable:1;mh264_double_write_mode:16;parm_v4l_buffer_margin:5;parm_v4l_canvas_mem_mode:0;parm_v4l_canvas_mem_endian:0;parm_v4l_low_latency_mode:0;parm_v4l_metadata_config_flag:49154;parm_v4l_duration:4000;
06-12 15:06:04.674 D/[ 1040.027037@1]  [h264](    0): ammvdec_h264_mmu_init tvp = 0x0
06-12 15:06:04.676 D/[ 1040.031860@1]  [media_clock](    0): vdec mux clock is 799999988 Hz
06-12 15:06:04.774 D/[ 1040.034495@1]  [h264](    0): vh264_init, phy_addr=57429000 vaddr=00000000ec0766aa
06-12 15:06:04.774 D/[ 1040.105653@0]  [h264](    0): 0: vmh264_get_ps_info mmu_enable 0 double_write_mode 0x10
06-12 15:06:04.774 I/[ 1040.105681@0]  [amlv4l](    0): [17]: Parse from ucode, visible(1920 x 1080), coded(1920 x 1088), scan:P, bitdepth(0), dw(10)
06-12 15:06:04.774 I/[ 1040.105720@3]  [amlv4l](    0): [17]: Picture buffer count: dec:5, vpp:0, ge2d:0, margin:5, total:10
06-12 15:06:04.774 D/[ 1040.105728@3]  [amlv4l](    0): [17]: Post event: res chg
06-12 15:06:04.774 I/[ 1040.111471@3]  dim(    0): reg:use[1]ms
06-12 15:06:04.774 I/[ 1040.111483@3]  dim(    0): create:ch[2],tmode[3]
06-12 15:06:04.774 I/[ 1040.111486@3]  dim(    0): out:0x80000000
06-12 15:06:04.774 D/[ 1040.121135@0]  [h264](    0): 0: restriction_flag=0, max_dec_frame_buffering=4, dec_dpb_size=5 num_reorder_frames 2 used_reorder_dpb_size_margin 5
06-12 15:06:04.526 V/OmxVideoDecoder(  478): VendorExt: getConfig: index=2 (unstable-pts)
06-12 15:06:04.526 D/OmxVideoDecoder(  478): getConfig 2867 0x6f100004
06-12 15:06:04.526 V/OmxVideoDecoder(  478): VendorExt: getConfig: index=3 (is-mvc)
06-12 15:06:04.526 D/OmxVideoDecoder(  478): getConfig 2867 0x6f100004
06-12 15:06:04.526 V/OmxVideoDecoder(  478): VendorExt: getConfig: index=4 (is-flv)
06-12 15:06:04.526 D/OmxVideoDecoder(  478): getConfig 2867 0x6f100004
06-12 15:06:04.526 V/OmxVideoDecoder(  478): VendorExt: getConfig: index=5 (dvconfig-box)
06-12 15:06:04.526 D/OmxVideoDecoder(  478): getConfig 2867 0x6f100004
06-12 15:06:04.526 V/OmxVideoDecoder(  478): VendorExt: getConfig: index=6 (profile-level)
06-12 15:06:04.526 D/OmxVideoDecoder(  478): getConfig 2867 0x6f100004
06-12 15:06:04.527 V/OmxVideoDecoder(  478): VendorExt: getConfig: index=6 (profile-level)
06-12 15:06:04.527 D/OmxVideoDecoder(  478): getConfig 2867 0x6f100004
06-12 15:06:04.527 V/OmxVideoDecoder(  478): VendorExt: getConfig: index=7 (nrdp)
06-12 15:06:04.527 D/OmxVideoDecoder(  478): getConfig 2867 0x6f100004
06-12 15:06:04.780 D/[ 1040.135628@0]  [h264](    0): 0: decoder duration change old: 0 new: 4000
06-12 15:06:04.780 I/[ 1040.135752@1]  dim(    0): value reg:ch[2]:fix_buf:0;ponly <0,0>
06-12 15:06:04.780 I/[ 1040.135766@1]  dim(    0): di_cnt_i_buf1:tvp:0
06-12 15:06:04.780 I/[ 1040.135776@1]  dim(    0): buf large::0x4fb000, 0x5a1000
06-12 15:06:04.780 I/[ 1040.135811@1]  vpu(    0): vpu: vpu_dev_clk_gate_on: unsupport vpu mod: 72
06-12 15:06:04.780 I/[ 1040.136735@1]  dim(    0): ch[2]:reg:mem cfg[0][0][0]
06-12 15:06:04.527 V/OmxVideoDecoder(  478): VendorExt: getConfig: index=8 (low-latency)
06-12 15:06:04.527 D/OmxVideoDecoder(  478): getConfig 2867 0x6f100004
06-12 15:06:04.527 V/OmxVideoDecoder(  478): VendorExt: getConfig: index=9 (save-mem)
06-12 15:06:04.527 D/OmxVideoDecoder(  478): getConfig 2867 0x6f100004
06-12 15:06:04.527 V/OmxVideoDecoder(  478): VendorExt: getConfig: index=10 (videoLayer)
06-12 15:06:04.527 D/OmxVideoDecoder(  478): getConfig 2867 0x6f100004
06-12 15:06:04.527 V/OmxVideoDecoder(  478): VendorExt: getConfig: index=11 (renderByOmx)
06-12 15:06:04.528 D/OmxVideoDecoder(  478): getConfig 2867 0x6f100004
06-12 15:06:04.528 V/OmxVideoDecoder(  478): VendorExt: getConfig: index=12 (tunerhal)
06-12 15:06:04.528 D/OmxVideoDecoder(  478): getConfig 2867 0x6f100004
06-12 15:06:04.528 V/OmxVideoDecoder(  478): VendorExt: getConfig: index=12 (tunerhal)
06-12 15:06:04.529 D/OmxVideoDecoder(  478): getConfig 2867 0x6f100004
06-12 15:06:04.529 V/OmxVideoDecoder(  478): VendorExt: getConfig: index=13 (VideoQos)
06-12 15:06:04.530 D/OmxVideoDecoder(  478): getConfig 2867 0x6f100004
06-12 15:06:04.530 V/OmxVideoDecoder(  478): VendorExt: getConfig: index=14 (rotation-angle)
06-12 15:06:04.530 D/OmxVideoDecoder(  478): getConfig 2867 0x6f100004
06-12 15:06:04.530 V/OmxVideoDecoder(  478): VendorExt: getConfig: index=15 (McodecReport)
06-12 15:06:04.530 D/OmxVideoDecoder(  478): mMcodecReport=0 mPeer.get=0xef0ed000
06-12 15:06:04.531 D/OmxVideoDecoder(  478): getConfig 2867 0x6f100004
06-12 15:06:04.531 V/OmxVideoDecoder(  478): VendorExt: getConfig: index=16 (START.low-latency)
06-12 15:06:04.531 D/OmxVideoDecoder(  478): getConfig 2867 0x6f100004
06-12 15:06:04.531 V/OmxVideoDecoder(  478): updatePort mUseNativeBuffers 1
06-12 15:06:04.532 V/OmxVideoDecoder(  478): nWidth=1920,nHeight=1080, nMinbufs=0
06-12 15:06:04.532 I/OmxVideoDecoder(  478): getParameter Component Name OMX.amlogic.avc.decoder.awesome2, width 1920, height 1080 nBufferCountMin:10
06-12 15:06:04.533 D/OmxVideoDecoder(  478): getConfig 2867 0x700000f
06-12 15:06:04.533 D/OmxVideoDecoder(  478): getConfig 2870 nIndex 0x700000f
06-12 15:06:04.533 I/AmlogicVideoDecoderAwesome2(  478): [22]"getAndroidNativeBufferCrop [1920 x 1080] \n"
06-12 15:06:04.533 D/OmxVideoDecoder(  478): getConfig OMX_IndexConfigCommonOutputCrop pRect->nWidth=1920, pRect->nHeight=1080
06-12 15:06:04.533 D/OmxVideoDecoder(  478): setConfig 3009 0x7f00000c
06-12 15:06:04.534 D/OmxVideoDecoder(  478): getConfig 2867 0x7f00000c
06-12 15:06:04.535 D/OmxVideoDecoder(  478): getConfig 2867 0x7f00000c
06-12 15:06:04.535 E/OMXNodeInstance(  478): getConfig(0xef0f5438:amlogic.avc.decoder.awesome2, ??(0x7f00000c)) ERROR: UnsupportedSetting(0x80001019)
06-12 15:06:04.536 D/OmxVideoDecoder(  478): getConfig 2867 0x7f000009
06-12 15:06:04.536 D/OmxVideoDecoder(  478): getConfig 2867 0x6f100004
06-12 15:06:04.536 V/OmxVideoDecoder(  478): VendorExt: getConfig: index=0 (4k-osd)
06-12 15:06:04.536 D/OmxVideoDecoder(  478): getConfig 2867 0x6f100004
06-12 15:06:04.536 V/OmxVideoDecoder(  478): VendorExt: getConfig: index=1 (video-trickmode)
06-12 15:06:04.537 D/OmxVideoDecoder(  478): getConfig 2867 0x6f100004
06-12 15:06:04.537 V/OmxVideoDecoder(  478): VendorExt: getConfig: index=2 (unstable-pts)
06-12 15:06:04.537 D/OmxVideoDecoder(  478): getConfig 2867 0x6f100004
06-12 15:06:04.537 V/OmxVideoDecoder(  478): VendorExt: getConfig: index=3 (is-mvc)
06-12 15:06:04.537 D/OmxVideoDecoder(  478): getConfig 2867 0x6f100004
06-12 15:06:04.538 V/OmxVideoDecoder(  478): VendorExt: getConfig: index=4 (is-flv)
06-12 15:06:04.538 D/OmxVideoDecoder(  478): getConfig 2867 0x6f100004
06-12 15:06:04.538 V/OmxVideoDecoder(  478): VendorExt: getConfig: index=5 (dvconfig-box)
06-12 15:06:04.538 D/OmxVideoDecoder(  478): getConfig 2867 0x6f100004
06-12 15:06:04.538 V/OmxVideoDecoder(  478): VendorExt: getConfig: index=6 (profile-level)
06-12 15:06:04.538 D/OmxVideoDecoder(  478): getConfig 2867 0x6f100004
06-12 15:06:04.538 V/OmxVideoDecoder(  478): VendorExt: getConfig: index=6 (profile-level)
06-12 15:06:04.538 D/OmxVideoDecoder(  478): getConfig 2867 0x6f100004
06-12 15:06:04.538 V/OmxVideoDecoder(  478): VendorExt: getConfig: index=7 (nrdp)
06-12 15:06:04.538 D/OmxVideoDecoder(  478): getConfig 2867 0x6f100004
06-12 15:06:04.538 V/OmxVideoDecoder(  478): VendorExt: getConfig: index=8 (low-latency)
06-12 15:06:04.539 D/OmxVideoDecoder(  478): getConfig 2867 0x6f100004
06-12 15:06:04.539 V/OmxVideoDecoder(  478): VendorExt: getConfig: index=9 (save-mem)
06-12 15:06:04.539 D/OmxVideoDecoder(  478): getConfig 2867 0x6f100004
06-12 15:06:04.539 V/OmxVideoDecoder(  478): VendorExt: getConfig: index=10 (videoLayer)
06-12 15:06:04.539 D/OmxVideoDecoder(  478): getConfig 2867 0x6f100004
06-12 15:06:04.539 V/OmxVideoDecoder(  478): VendorExt: getConfig: index=11 (renderByOmx)
06-12 15:06:04.539 D/OmxVideoDecoder(  478): getConfig 2867 0x6f100004
06-12 15:06:04.539 V/OmxVideoDecoder(  478): VendorExt: getConfig: index=12 (tunerhal)
06-12 15:06:04.539 D/OmxVideoDecoder(  478): getConfig 2867 0x6f100004
06-12 15:06:04.540 V/OmxVideoDecoder(  478): VendorExt: getConfig: index=12 (tunerhal)
06-12 15:06:04.540 D/OmxVideoDecoder(  478): getConfig 2867 0x6f100004
06-12 15:06:04.540 V/OmxVideoDecoder(  478): VendorExt: getConfig: index=13 (VideoQos)
06-12 15:06:04.540 D/OmxVideoDecoder(  478): getConfig 2867 0x6f100004
06-12 15:06:04.540 V/OmxVideoDecoder(  478): VendorExt: getConfig: index=14 (rotation-angle)
06-12 15:06:04.540 D/OmxVideoDecoder(  478): getConfig 2867 0x6f100004
06-12 15:06:04.540 D/stbdpc  (  405): STB_DPGetNumPaths[570]: num_paths: 1
06-12 15:06:04.540 V/OmxVideoDecoder(  478): VendorExt: getConfig: index=15 (McodecReport)
06-12 15:06:04.540 D/OmxVideoDecoder(  478): mMcodecReport=0 mPeer.get=0xef0ed000
06-12 15:06:04.541 D/OmxVideoDecoder(  478): getConfig 2867 0x6f100004
06-12 15:06:04.541 V/OmxVideoDecoder(  478): VendorExt: getConfig: index=16 (START.low-latency)
06-12 15:06:04.541 D/OmxVideoDecoder(  478): getConfig 2867 0x6f100004
06-12 15:06:04.541 I/MediaCodec(  472): MediaCodec will operate in async mode
06-12 15:06:04.542 I/OmxComponent(  478): OMX_CommandStateSet 850 Cmd 0 nParam1 0x2
06-12 15:06:04.542 I/OmxComponent(  478): OMX-30 STATE_SET:   OMX_StateLoaded => OMX_StateIdle : OMX.amlogic.avc.decoder.awesome2
06-12 15:06:04.542 I/OmxComponent(  478): OMX-30 STATE_TRANS: OMX_StateLoaded => OMX_StateIdle : OMX.amlogic.avc.decoder.awesome2
06-12 15:06:04.542 I/OmxVideoDecoder(  478): getParameter Component Name OMX.amlogic.avc.decoder.awesome2, width 1920, height 1080 nBufferCountMin:3
06-12 15:06:04.562 I/CCodec  (  472): Created component [c2.android.aac.decoder]
06-12 15:06:04.563 D/CCodecConfig(  472): read media type: audio/mp4a-latm
06-12 15:06:04.566 D/ReflectedParamUpdater(  472): extent() != 1 for single value type: algo.buffers.max-count.values
06-12 15:06:04.567 D/ReflectedParamUpdater(  472): extent() != 1 for single value type: output.subscribed-indices.values
06-12 15:06:04.567 D/ReflectedParamUpdater(  472): extent() != 1 for single value type: input.buffers.allocator-ids.values
06-12 15:06:04.567 D/ReflectedParamUpdater(  472): extent() != 1 for single value type: output.buffers.allocator-ids.values
06-12 15:06:04.567 D/ReflectedParamUpdater(  472): extent() != 1 for single value type: algo.buffers.allocator-ids.values
06-12 15:06:04.567 D/ReflectedParamUpdater(  472): extent() != 1 for single value type: output.buffers.pool-ids.values
06-12 15:06:04.568 D/ReflectedParamUpdater(  472): extent() != 1 for single value type: algo.buffers.pool-ids.values
06-12 15:06:04.573 I/CCodecConfig(  472): query failed after returning 19 values (BAD_INDEX)
06-12 15:06:04.574 D/CCodecConfig(  472): c2 config diff is Dict {
06-12 15:06:04.574 D/CCodecConfig(  472):   c2::u32 coded.aac-packaging.value = 0
06-12 15:06:04.574 D/CCodecConfig(  472):   c2::u32 coded.bitrate.value = 64000
06-12 15:06:04.574 D/CCodecConfig(  472):   c2::u32 coded.pl.level = 0
06-12 15:06:04.574 D/CCodecConfig(  472):   c2::u32 coded.pl.profile = 8192
06-12 15:06:04.574 D/CCodecConfig(  472):   c2::i32 coding.drc.album-mode.value = 0
06-12 15:06:04.574 D/CCodecConfig(  472):   c2::float coding.drc.attenuation-factor.value = 1
06-12 15:06:04.574 D/CCodecConfig(  472):   c2::float coding.drc.boost-factor.value = 1
06-12 15:06:04.574 D/CCodecConfig(  472):   c2::i32 coding.drc.compression-mode.value = 3
06-12 15:06:04.574 D/CCodecConfig(  472):   c2::i32 coding.drc.effect-type.value = 3
06-12 15:06:04.574 D/CCodecConfig(  472):   c2::float coding.drc.encoded-level.value = 0.25
06-12 15:06:04.574 D/CCodecConfig(  472):   c2::float coding.drc.reference-level.value = -16
06-12 15:06:04.574 D/CCodecConfig(  472):   c2::u32 input.buffers.max-size.value = 8192
06-12 15:06:04.574 D/CCodecConfig(  472):   c2::u32 input.delay.value = 0
06-12 15:06:04.574 D/CCodecConfig(  472):   string input.media-type.value = "audio/mp4a-latm"
06-12 15:06:04.574 D/CCodecConfig(  472):   c2::u32 output.delay.value = 2
06-12 15:06:04.574 D/CCodecConfig(  472):   c2::float output.drc.output-loudness.value = 0.25
06-12 15:06:04.574 D/CCodecConfig(  472):   string output.media-type.value = "audio/raw"
06-12 15:06:04.574 D/CCodecConfig(  472):   c2::u32 raw.channel-count.value = 1
06-12 15:06:04.574 D/CCodecConfig(  472):   c2::u32 raw.max-channel-count.value = 8
06-12 15:06:04.574 D/CCodecConfig(  472):   c2::u32 raw.sample-rate.value = 44100
06-12 15:06:04.574 D/CCodecConfig(  472): }
06-12 15:06:04.575 I/NU-AmNuPlayerDecoder(  472): mComponentName c2.android.aac.decoder
06-12 15:06:04.575 I/NU-AmNuPlayerRenderer(  472): audio source format 0x1
06-12 15:06:04.576 I/NU-AmNuPlayerDecoder(  472): sampleRate:48000 
06-12 15:06:04.576 I/NU-AmNuPlayerDecoder(  472): is_passthrough_enable:0 
06-12 15:06:04.576 I/lowmemorykiller(  233): medium memory pressure event is triggered for new strategy
06-12 15:06:04.576 D/lowmemorykiller(  233): LMKD mp_event_psi kill_reasons available are PRESSURE_AFTER_KILL, NOT_RESPONDING, LOW_SWAP_AND_THRASHING, LOW_MEM_AND_SWAP, LOW_MEM_AND_THRASHING, DIRECT_RECL_AND_THRASHING
06-12 15:06:04.577 D/lowmemorykiller(  233): LMKD mp_event_psi kill_reason received= -1
06-12 15:06:04.579 D/CCodec  (  472): [c2.android.aac.decoder] buffers are bound to CCodec for this session
06-12 15:06:04.579 D/CCodecConfig(  472): no c2 equivalents for durationUs
06-12 15:06:04.579 D/CCodecConfig(  472): no c2 equivalents for track-id
06-12 15:06:04.579 D/CCodecConfig(  472): no c2 equivalents for language
06-12 15:06:04.579 D/CCodecConfig(  472): no c2 equivalents for encoder-delay
06-12 15:06:04.579 D/CCodecConfig(  472): no c2 equivalents for encoder-padding
06-12 15:06:04.579 D/CCodecConfig(  472): no c2 equivalents for aac-profile
06-12 15:06:04.579 D/CCodecConfig(  472): no c2 equivalents for is_passthrough_enable
06-12 15:06:04.579 D/CCodecConfig(  472): no c2 equivalents for flags
06-12 15:06:04.580 D/CCodecConfig(  472): config failed => CORRUPTED
06-12 15:06:04.580 D/CCodecConfig(  472): c2 config diff is   c2::u32 raw.channel-count.value = 2
06-12 15:06:04.580 D/CCodecConfig(  472):   c2::u32 raw.sample-rate.value = 48000
06-12 15:06:04.581 I/OmxComponent(  478): OMX-30 STATE_TRANS: OMX_StateLoaded => OMX_StateIdle : OMX.amlogic.avc.decoder.awesome2
06-12 15:06:04.582 W/Codec2Client(  472): query -- param skipped: index = 1107298332.
06-12 15:06:04.582 D/CCodec  (  472): client requested max input size 469, which is smaller than what component recommended (8192); overriding with component recommendation.
06-12 15:06:04.924 I/[ 1040.278546@2]  VID(    0): VD1 off
06-12 15:06:04.582 W/CCodec  (  472): This behavior is subject to change. It is recommended that app developers double check whether the requested max input size is in reasonable range.
06-12 15:06:04.582 I/OmxComponent(  478): OMX-30 STATE_TRANS: OMX_StateLoaded => OMX_StateIdle : OMX.amlogic.avc.decoder.awesome2
06-12 15:06:04.935 I/[ 1040.278701@2]  vc(    0): [0]vc: set enable index=0, val=1
06-12 15:06:04.582 D/CCodec  (  472): setup formats input: AMessage(what = 0x00000000) = {
06-12 15:06:04.582 D/CCodec  (  472):   int32_t aac-drc-album-mode = 0
06-12 15:06:04.582 D/CCodec  (  472):   int32_t aac-drc-boost-level = 127
06-12 15:06:04.582 D/CCodec  (  472):   int32_t aac-drc-cut-level = 127
06-12 15:06:04.582 D/CCodec  (  472):   int32_t aac-drc-effect-type = 3
06-12 15:06:04.582 D/CCodec  (  472):   int32_t aac-drc-heavy-compression = 3
06-12 15:06:04.582 D/CCodec  (  472):   int32_t aac-encoded-target-level = -1
06-12 15:06:04.582 D/CCodec  (  472):   int32_t aac-max-output-channel_count = 8
06-12 15:06:04.582 D/CCodec  (  472):   int32_t aac-target-ref-level = 64
06-12 15:06:04.582 D/CCodec  (  472):   int32_t channel-count = 2
06-12 15:06:04.582 D/CCodec  (  472):   int32_t level = 0
06-12 15:06:04.582 D/CCodec  (  472):   int32_t max-input-size = 8192
06-12 15:06:04.582 D/CCodec  (  472):   string mime = "audio/mp4a-latm"
06-12 15:06:04.582 D/CCodec  (  472):   int32_t profile = 2
06-12 15:06:04.582 D/CCodec  (  472):   int32_t sample-rate = 48000
06-12 15:06:04.582 D/CCodec  (  472): } and output: AMessage(what = 0x00000000) = {
06-12 15:06:04.582 D/CCodec  (  472):   int32_t aac-drc-album-mode = 0
06-12 15:06:04.582 D/CCodec  (  472):   int32_t aac-drc-boost-level = 127
06-12 15:06:04.582 D/CCodec  (  472):   int32_t aac-drc-cut-level = 127
06-12 15:06:04.582 D/CCodec  (  472):   int32_t aac-drc-effect-type = 3
06-12 15:06:04.582 D/CCodec  (  472):   int32_t aac-drc-heavy-compression = 3
06-12 15:06:04.582 D/CCodec  (  472):   int32_t aac-drc-output-loudness = -1
06-12 15:06:04.582 D/CCodec  (  472):   int32_t aac-encoded-target-level = -1
06-12 15:06:04.582 D/CCodec  (  472):   int32_t aac-max-output-channel_count = 8
06-12 15:06:04.582 D/CCodec  (  472):   int32_t aac-target-ref-level = 64
06-12 15:06:04.582 D/CCodec  (  472):   int32_t channel-count = 2
06-12 15:06:04.582 D/CCodec  (  472):   string mime = "audio/raw"
06-12 15:06:04.582 D/CCodec  (  472):   int32_t sample-rate = 48000
06-12 15:06:04.582 D/CCodec  (  472):   int32_t encoder-delay = 1600
06-12 15:06:04.582 D/CCodec  (  472):   int32_t 
06-12 15:06:04.935 I/        (    0): [ 1040.278726@2]  dev->index =0, val=2
06-12 15:06:04.935 I/[ 1040.278729@2]  VID(    0): VD1 off
06-12 15:06:04.582 I/MediaCodec(  472): MediaCodec will operate in async mode
06-12 15:06:04.935 I/[ 1040.278734@2]  VID(    0): VD1 set global output as 1
06-12 15:06:04.935 I/[ 1040.278763@2]  VID(    0): store VD0 path_id changed -1->2
06-12 15:06:04.935 I/[ 1040.278781@2]  vc(    0): [0]sideband_type =-1
06-12 15:06:04.987 I/[ 1040.339111@0]  dim(    0): load 0xa00 pq table len 115 directly.
06-12 15:06:04.987 I/[ 1040.339183@0]  dim(    0): load 0xa00 pq table len 115.
06-12 15:06:04.584 W/Codec2Client(  472): query -- param skipped: index = 1342179345.
06-12 15:06:04.584 W/Codec2Client(  472): query -- param skipped: index = 2415921170.
06-12 15:06:04.584 W/Codec2Client(  472): query -- param skipped: index = 1610614798.
06-12 15:06:04.584 I/OmxComponent(  478): OMX-30 STATE_TRANS: OMX_StateLoaded => OMX_StateIdle : OMX.amlogic.avc.decoder.awesome2
06-12 15:06:04.586 E/FMQ     (  472): grantorIdx must be less than 3
06-12 15:06:04.586 E/FMQ     (  472): grantorIdx must be less than 3
06-12 15:06:04.586 D/CCodecBufferChannel(  472): [c2.android.aac.decoder#210] Created input block pool with allocatorID 16 => poolID 17 - OK (0)
06-12 15:06:04.587 E/FMQ     (  479): grantorIdx must be less than 3
06-12 15:06:04.587 E/FMQ     (  479): grantorIdx must be less than 3
06-12 15:06:04.588 I/CCodecBufferChannel(  472): [c2.android.aac.decoder#210] Created output block pool with allocatorID 16 => poolID 28 - OK
06-12 15:06:04.588 D/BufferPoolAccessor2.0( 4207): bufferpool2 0xbe27ce18 : 0(0 size) total buffers - 0(0 size) used buffers - 0/5 (recycle/alloc) - 4/9 (fetch/transfer)
06-12 15:06:04.588 D/CCodecBufferChannel(  472): [c2.android.aac.decoder#210] Configured output block pool ids 28 => OK
06-12 15:06:04.589 D/BufferPoolAccessor2.0( 4207): Destruction - bufferpool2 0xbe27ce18 cached: 0/0M, 0/0% in use; allocs: 5, 0% recycled; transfers: 9, 56% unfetched
06-12 15:06:04.589 E/ion     (  472): ioctl c0044901 failed with code -1: Inappropriate ioctl for device
06-12 15:06:04.593 D/SimpleC2Component(  479): Using output block pool with poolID 28 => got 28 - 0
06-12 15:06:04.594 W/MessageMonitor(  472): [NU-AmNuPlayerDecoder-audN] message 1 ['conf':0] cost time 122537 Us
06-12 15:06:04.594 E/FMQ     (  472): grantorIdx must be less than 3
06-12 15:06:04.595 E/FMQ     (  479): grantorIdx must be less than 3
06-12 15:06:04.596 V/OmxVideoDecoder(  478): updatePort mUseNativeBuffers 1
06-12 15:06:04.596 V/OmxVideoDecoder(  478): nWidth=1920,nHeight=1080, nMinbufs=0
06-12 15:06:04.597 I/OmxVideoDecoder(  478): getParameter Component Name OMX.amlogic.avc.decoder.awesome2, width 1920, height 1080 nBufferCountMin:10
06-12 15:06:04.597 V/OmxVideoDecoder(  478): updatePort mUseNativeBuffers 1
06-12 15:06:04.597 V/OmxVideoDecoder(  478): nWidth=1920,nHeight=1080, nMinbufs=0
06-12 15:06:04.597 I/OmxVideoDecoder(  478): getParameter Component Name OMX.amlogic.avc.decoder.awesome2, width 1920, height 1080 nBufferCountMin:10
06-12 15:06:04.597 D/OmxComponent(  478): getExtensionIndex 1237 name="OMX.google.android.index.AndroidNativeBufferConsumerUsage"
06-12 15:06:04.598 I/C2SoftAacDec(  479): Reconfiguring decoder: 0->48000 Hz, 0->2 channels
06-12 15:06:04.599 D/OmxVideoDecoder(  478): setParameter 1599 0x7f00000b
06-12 15:06:04.599 D/OmxVideoDecoder(  478): OMX_GoogleAndroidIndexAndroidNativeBufferConsumerUsage 0x900
06-12 15:06:04.599 D/OmxComponent(  478): getExtensionIndex 1237 name="OMX.google.android.index.getAndroidNativeBufferUsage"
06-12 15:06:04.599 D/AmlogicVideoDecoderAwesome2(  478): [22]"vendor.media.omx2.dw is not set used def=0\n"
06-12 15:06:04.599 D/OmxVideoDecoder(  478): Get NativeBufferUsage 0xc00033
06-12 15:06:04.600 D/SurfaceUtils(  472): set up nativeWindow 0xe8028c08 for 1920x1080, color 0x11, rotation 0, usage 0xc02933
06-12 15:06:04.600 D/OmxVideoDecoder(  478): setParameter 1599 0x2000001
06-12 15:06:04.600 D/OmxVideoDecoder(  478): media.omx.display_mode=3
06-12 15:06:04.601 D/OmxVideoDecoder(  478): mjpeg vc1 wmv wmv3 force display_mode=3
06-12 15:06:04.601 D/OmxVideoDecoder(  478): choose mVideoUsedByOmx=0, mVideoUsedByThis=0, mAmVideoUsed=0
06-12 15:06:04.601 D/OmxVideoDecoder(  478): mDisplayMode = DISPLAY_MODE_V4LVIDEO
06-12 15:06:04.601 D/OmxVideoDecoder(  478): choose mDisplayMode=3
06-12 15:06:04.601 D/OmxVideoDecoder(  478): setParameter nPortIndex 1 nFrameWidth 1920 nFrameHeight 1080 nSliceHeight 1080
06-12 15:06:04.601 V/OmxVideoDecoder(  478): updatePort mUseNativeBuffers 1
06-12 15:06:04.601 V/OmxVideoDecoder(  478): nWidth=1920,nHeight=1080, nMinbufs=0
06-12 15:06:04.602 E/OMX_AmlogicPeerBufferWrapper(  478): setVideoNativeMetadata
06-12 15:06:04.602 I/OmxComponent(  478): OMX-30 STATE_TRANS: OMX_StateLoaded => OMX_StateIdle : OMX.amlogic.avc.decoder.awesome2
06-12 15:06:04.603 E/FMQ     (  479): grantorIdx must be less than 3
06-12 15:06:04.603 E/OMX_AmlogicPeerBufferWrapper(  478): setVideoNativeMetadata
06-12 15:06:04.603 I/OmxComponent(  478): OMX-30 STATE_TRANS: OMX_StateLoaded => OMX_StateIdle : OMX.amlogic.avc.decoder.awesome2
06-12 15:06:04.603 E/OMX_AmlogicPeerBufferWrapper(  478): setVideoNativeMetadata
06-12 15:06:04.603 E/FMQ     (  472): grantorIdx must be less than 3
06-12 15:06:04.603 I/OmxComponent(  478): OMX-30 STATE_TRANS: OMX_StateLoaded => OMX_StateIdle : OMX.amlogic.avc.decoder.awesome2
06-12 15:06:04.604 E/OMX_AmlogicPeerBufferWrapper(  478): setVideoNativeMetadata
06-12 15:06:04.604 I/OmxComponent(  478): OMX-30 STATE_TRANS: OMX_StateLoaded => OMX_StateIdle : OMX.amlogic.avc.decoder.awesome2
06-12 15:06:04.604 E/OMX_AmlogicPeerBufferWrapper(  478): setVideoNativeMetadata
06-12 15:06:04.604 I/OmxComponent(  478): OMX-30 STATE_TRANS: OMX_StateLoaded => OMX_StateIdle : OMX.amlogic.avc.decoder.awesome2
06-12 15:06:04.605 E/OMX_AmlogicPeerBufferWrapper(  478): setVideoNativeMetadata
06-12 15:06:04.605 I/OmxComponent(  478): OMX-30 STATE_TRANS: OMX_StateLoaded => OMX_StateIdle : OMX.amlogic.avc.decoder.awesome2
06-12 15:06:04.605 D/CCodecConfig(  472): c2 config diff is   c2::i32 coding.drc.compression-mode.value = 1
06-12 15:06:04.606 E/OMX_AmlogicPeerBufferWrapper(  478): setVideoNativeMetadata
06-12 15:06:04.606 I/OmxComponent(  478): OMX-30 STATE_TRANS: OMX_StateLoaded => OMX_StateIdle : OMX.amlogic.avc.decoder.awesome2
06-12 15:06:04.606 E/OMX_AmlogicPeerBufferWrapper(  478): setVideoNativeMetadata
06-12 15:06:04.606 I/OmxComponent(  478): OMX-30 STATE_TRANS: OMX_StateLoaded => OMX_StateIdle : OMX.amlogic.avc.decoder.awesome2
06-12 15:06:04.606 E/OMX_AmlogicPeerBufferWrapper(  478): setVideoNativeMetadata
06-12 15:06:04.606 D/CCodecBuffers(  472): [c2.android.aac.decoder#210:Output[N]] popFromStashAndRegister: output format changed to AMessage(what = 0x00000000) = {
06-12 15:06:04.606 D/CCodecBuffers(  472):   int32_t aac-drc-album-mode = 0
06-12 15:06:04.606 D/CCodecBuffers(  472):   int32_t aac-drc-boost-level = 127
06-12 15:06:04.606 D/CCodecBuffers(  472):   int32_t aac-drc-cut-level = 127
06-12 15:06:04.606 D/CCodecBuffers(  472):   int32_t aac-drc-effect-type = 3
06-12 15:06:04.606 D/CCodecBuffers(  472):   int32_t aac-drc-heavy-compression = 1
06-12 15:06:04.606 D/CCodecBuffers(  472):   int32_t aac-drc-output-loudness = -1
06-12 15:06:04.606 D/CCodecBuffers(  472):   int32_t aac-encoded-target-level = -1
06-12 15:06:04.606 D/CCodecBuffers(  472):   int32_t aac-max-output-channel_count = 8
06-12 15:06:04.606 D/CCodecBuffers(  472):   int32_t aac-target-ref-level = 64
06-12 15:06:04.606 D/CCodecBuffers(  472):   int32_t channel-count = 2
06-12 15:06:04.606 D/CCodecBuffers(  472):   string mime = "audio/raw"
06-12 15:06:04.606 D/CCodecBuffers(  472):   int32_t sample-rate = 48000
06-12 15:06:04.606 D/CCodecBuffers(  472):   int32_t encoder-delay = 1600
06-12 15:06:04.606 D/CCodecBuffers(  472):   int32_t encoder-padding = 0
06-12 15:06:04.606 D/CCodecBuffers(  472): }
06-12 15:06:04.606 I/OmxComponent(  478): OMX-30 STATE_TRANS: OMX_StateLoaded => OMX_StateIdle : OMX.amlogic.avc.decoder.awesome2
06-12 15:06:04.607 E/OMX_AmlogicPeerBufferWrapper(  478): setVideoNativeMetadata
06-12 15:06:04.607 I/OmxComponent(  478): OMX-30 STATE_TRANS: OMX_StateLoaded => OMX_StateIdle : OMX.amlogic.avc.decoder.awesome2
06-12 15:06:04.608 I/AmAVUtils(  472): set profile 8 level:0
06-12 15:06:04.608 I/NU-AmNuPlayer(  472): AmNuPlayer::Source::getFormat frame-rate = 24
06-12 15:06:04.608 V/NU-AmNuPlayerRenderer(  472): openAudioSink: offloadOnly(0) offloadingAudio(0)
06-12 15:06:04.608 V/NU-AmNuPlayerRenderer(  472): openAudioSink: open AudioSink in NON-offload mode
06-12 15:06:04.609 E/OMX_AmlogicPeerBufferWrapper(  478): setVideoNativeMetadata
06-12 15:06:04.609 I/OmxComponent(  478): OMX-30 STATE_TRANS: OMX_StateLoaded => OMX_StateIdle : OMX.amlogic.avc.decoder.awesome2
06-12 15:06:04.609 E/OMX_AmlogicPeerBufferWrapper(  478): setVideoNativeMetadata
06-12 15:06:04.609 I/OmxComponent(  478): OMX-30 STATE_TRANS: OMX_StateLoaded => OMX_StateIdle : OMX.amlogic.avc.decoder.awesome2
06-12 15:06:04.609 I/hash_map_utils(  390): key: 'hdmi_format' value: ''
06-12 15:06:04.610 E/OMX_AmlogicPeerBufferWrapper(  478): setVideoNativeMetadata
06-12 15:06:04.610 I/OmxComponent(  478): OMX-30 STATE_TRANS: OMX_StateLoaded => OMX_StateIdle : OMX.amlogic.avc.decoder.awesome2
06-12 15:06:04.610 E/OMX_AmlogicPeerBufferWrapper(  478): setVideoNativeMetadata
06-12 15:06:04.610 I/OmxComponent(  478): OMX-30 STATE_TRANS: OMX_StateLoaded => OMX_StateIdle : OMX.amlogic.avc.decoder.awesome2
06-12 15:06:04.610 I/NU-AmNuPlayerRenderer(  472): digital_format:0
06-12 15:06:04.610 V/AmlogicVideoDecoderAwesome2(  478): [22]acquireResources:429 >
06-12 15:06:04.610 D/AmlogicVideoDecoderAwesome2(  478): [22]"setUp mDurationUs = 41667 videoDefine.xFramerate = 1572864"
06-12 15:06:04.610 V/debugSetup(  478): media.omx.dumpRecv is disabled
06-12 15:06:04.610 V/debugSetup(  478): media.omx.dumpCodec is disabled
06-12 15:06:04.610 E/AmlogicVideoDecoderAwesome2(  478): setUp(): 1200 mOwner->isGameMode()=0
06-12 15:06:04.610 D/AmlogicVideoDecoderAwesome2(  478): [22]"vendor.media.omx.gamemode is not set used def=0\n"
06-12 15:06:04.610 I/AmlogicVideoDecoderAwesome2(  478): [22]"setUp width 1920, height 1080\n"
06-12 15:06:04.610 D/AmlogicVideoDecoderAwesome2(  478): [22]"vendor.media.omx2.dw is not set used def=16\n"
06-12 15:06:04.610 D/AmlogicVideoDecoderAwesome2(  478): [22]"vendor.media.omx2.margin is not set used def=5\n"
06-12 15:06:04.610 I/AmlogicVideoDecoderAwesome2(  478): [22]"mIsSurfacTexture 0, mDoubleWriteMode 16, default_margin:5 \n"
06-12 15:06:04.610 D/AmlogicVideoDecoderAwesome2(  478): [22]"codecInit"
06-12 15:06:04.610 V/AmlogicVideoDecoderAwesome2(  478): [22]"codecInit avc\n"
06-12 15:06:04.610 I/resman  (  478): acquire fd:12, restype:7, preempt:1, time_out:10000, arg:
06-12 15:06:04.610 I/resman  (  478): acquire fd:12, restype:5, preempt:1, time_out:10000, arg:size:60
06-12 15:06:04.610 D/VideoDecWraper(  478): VideoDecWraper
06-12 15:06:04.610 D/VideoDecWraper(  478): initialize:mime:video/avc
06-12 15:06:04.611 W/ResourceManagerService(  472): Ignoring request to add new resource entry with value <= 0
06-12 15:06:04.612 W/MessageMonitor(  472): [NU-AmNuPlayerDecoder-vidN] message 1 ['conf':0] cost time 144293 Us
06-12 15:06:04.613 D/VideoDecWraper(  478): version 1.1 use create AmVideoDec_create
06-12 15:06:04.613 I/AmVideoDec(  478): AmVideoDec version: V3.2.159-gadbe096  (dong.liu  Tue Feb 11 11:58:24 UTC 2025), mHalInstanceID 9, mHalInstancenum 1
06-12 15:06:04.613 I/AmVideoDec(  478): vendor.mediahal.loglevels is not set used def = 1
06-12 15:06:04.613 I/AmVideoDec(  478): [0] "new VideoDec\n"
06-12 15:06:04.613 I/AmVideoDec(  478): open dec_stat fd -1
06-12 15:06:04.613 D/VideoDecWraper(  478): getAmVideoDec ok
06-12 15:06:04.614 I/AmVideoDec(  478): [0] "initialize mime video/avc secureMode is 0\n"
06-12 15:06:04.614 I/V4l2Adaptor(  478): V4l2Adaptor::initialize flags is 0x0
06-12 15:06:04.614 D/AudioFlinger(  390): Client defaulted notificationFrames to 12288 for frameCount 24576
06-12 15:06:04.615 I/V4l2Adaptor(  478): V4l2Adaptor::onInit
06-12 15:06:04.615 I/VDA     (  478): vendor.mediahal.loglevels is not set used def = 1
06-12 15:06:04.615 I/VDA     (  478): [0] "open dec_stat fd -1, log_level_ 1\n"
06-12 15:06:04.615 I/VDA     (  478): [0] "VDA Initialize flags is 0\n"
06-12 15:06:04.615 I/VDA     (  478): VideoCodecProfileToV4L2PixFmt profile a
06-12 15:06:04.615 I/VDA     (  478): V4L2_PIX_FMT_H264
06-12 15:06:04.616 D/AF::TrackHandle(  390): OpPlayAudio: track:71 usage:1 not muted
06-12 15:06:04.621 W/APM::AudioPolicyEngine(  390): getDevicesForStrategy() unknown strategy: -1
06-12 15:06:04.621 W/APM::AudioPolicyEngine(  390): getDevicesForStrategy() unknown strategy: -1
06-12 15:06:04.623 I/NU-AmNuPlayerRenderer(  472): PTS: AV sync info:AV SYNCED 
06-12 15:06:04.623 I/NU-AmNuPlayerRenderer(  472): PTS:   SystemTimeStamp:-1
06-12 15:06:04.623 I/NU-AmNuPlayerRenderer(  472): PTS:   Last AudioTimeStamp:-1
06-12 15:06:04.623 I/NU-AmNuPlayerRenderer(  472): PTS:   Last VideoTimeStamp:0
06-12 15:06:04.623 I/NU-AmNuPlayerRenderer(  472): PTS:   AV diff:-1 ,Ajump:0,Vjump:0
06-12 15:06:04.623 I/NU-AmNuPlayerRenderer(  472): PTS:   mAjumpedNum:0, mAudioJumped till now=1039979315
06-12 15:06:04.623 I/NU-AmNuPlayerRenderer(  472): PTS:   mVjumpedNum:0, mVideoJumped till now=1039979315
06-12 15:06:04.623 I/NU-AmNuPlayerRenderer(  472): PTS:   mTotalAudioJumpedTimeUs:0
06-12 15:06:04.623 I/NU-AmNuPlayerRenderer(  472): PTS:   mLastVideoUs:-1
06-12 15:06:04.623 I/NU-AmNuPlayerRenderer(  472): PTS:   mLastAudioUs:-1
06-12 15:06:04.623 I/NU-AmNuPlayerRenderer(  472): PTS:   mAudioDelay 0 mFormat 0x1 mMs12Enabled 0
06-12 15:06:04.623 I/NU-AmNuPlayerRenderer(  472): media.amnuplayer.dd.discontinuetimeout 500000
06-12 15:06:04.624 I/sub_mixing_factory(  350): [usecase_change_validate_l_sm:1209] ++++continuous:0 dev masks:0, out masks:0, out usecase PCM_NORMAL
06-12 15:06:04.625 I/sub_mixing_factory(  350): [usecase_change_validate_l_sm:1216] add usecase PCM_NORMAL, cnt 1
06-12 15:06:04.625 D/sub_mixing_factory(  350): [usecase_change_validate_l_sm:1228] cur dev masks:0, add out usecase:PCM_NORMAL
06-12 15:06:04.625 I/sub_mixing_factory(  350): [usecase_change_validate_l_sm:1259] ----continuous:0 dev masks:0x1, out masks:0x1, out usecase PCM_NORMAL
