06-12 11:31:27.845 D/GlobalKeyManager(  628): KeyEvent { action=ACTION_UP, keyCode=KEYCODE_BACK, scanCode=0, metaState=0, flags=0x0, repeatCount=0, eventTime=5277416, downTime=5277416, deviceId=-1, source=0x101, displayId=-1 }
06-12 11:31:27.845 D/InputDispatcher(  628): Setting input event injection result to 0.  injectorPid=28895, injectorUid=0
06-12 11:31:27.845 D/InputDispatcher(  628): injectInputEvent - Waiting for 1 pending foreground dispatches.
06-12 11:31:27.851 D/InputDispatcher(  628): injectInputEvent - Finished with result 0. injectorPid=28895, injectorUid=0
06-12 11:31:27.866 D/stbdpc  (  403): STB_DPGetNumPaths[570]: num_paths: 1
06-12 11:31:27.874 I/appium  (28915): AppiumResponse: {"sessionId":"f2f440cd-ba45-4555-a5eb-746708f54891","value":null}
06-12 11:31:27.903 I/appium  (28915): channel read: POST /session/f2f440cd-ba45-4555-a5eb-746708f54891/elements
06-12 11:31:27.904 I/appium  (28915): FindElements command
06-12 11:31:27.907 I/appium  (28915): method: 'xpath', selector: '//android.widget.TextView[@resource-id='in.startv.hotstar:id/tv_title']'
06-12 11:31:27.908 I/appium  (28915): Waiting up to 10000ms for the device to idle
06-12 11:31:27.959 D/MediaCodecInfo(28987): NoSupport [sizeAndRate.support, 1920x1080x25.0] [c2.android.hevc.decoder, video/hevc] [MSTB, JMSB200A, Jio, 30]
06-12 11:31:27.960 D/MediaCodecInfo(28987): NoSupport [sizeAndRate.support, 1920x1080x25.0] [c2.android.hevc.decoder, video/hevc] [MSTB, JMSB200A, Jio, 30]
06-12 11:31:27.960 D/JioStbInactivityTimer(  928): Timer: count 235 warningTimeout:10680 timeout:10800
06-12 11:31:27.960 D/JioStbInactivityTimer(  928): isUserActive: Curr:5040547 Prev:5040547
06-12 11:31:27.962 D/MediaCodecInfo(28987): NoSupport [sizeAndRate.support, 1920x1080x25.0] [c2.android.hevc.decoder, video/hevc] [MSTB, JMSB200A, Jio, 30]
06-12 11:31:27.963 D/MediaCodecInfo(28987): NoSupport [sizeAndRate.support, 1920x1080x25.0] [c2.android.hevc.decoder, video/hevc] [MSTB, JMSB200A, Jio, 30]
06-12 11:31:27.966 D/stbdpc  (  403): STB_DPGetNumPaths[570]: num_paths: 1
06-12 11:31:27.984 D/dvb_iptv(  403): ReadEmmNetworkTask[1537]: EMM Select Timeout Occured 25
06-12 11:31:28.021 D/rtk_heartbeat(  351): heartbeat_timed_out: heartbeatCmdCount = 5256, expected nextSeqNum = 5256
06-12 11:31:28.023 D/rtk_heartbeat(  351): rtkbt_heartbeat_cmpl_cback: Current SeqNum = 5256,should SeqNum=5256, status = 0
06-12 11:31:28.065 D/MediaCodecInfo(28987): NoSupport [sizeAndRate.support, 1920x1080x25.0] [c2.android.hevc.decoder, video/hevc] [MSTB, JMSB200A, Jio, 30]
06-12 11:31:28.066 D/stbdpc  (  403): STB_DPGetNumPaths[570]: num_paths: 1
06-12 11:31:28.085 I/OMXClient(28987): IOmx service obtained
06-12 11:31:28.093 I/[ 5277.681052@1]  resman(    0): 90 appname:OMX-70, type=0
06-12 11:31:28.087 I/OMXMaster(  475): makeComponentInstance(OMX.amlogic.hevc.decoder.awesome2) in android.hardwar process
06-12 11:31:28.087 D/OmxComponentManagerImpl(  475): support frame mode
06-12 11:31:28.087 D/OmxComponentManagerImpl(  475): use dv frame mode
06-12 11:31:28.087 D/OmxComponentManagerImpl(  475): support avs frame mode
06-12 11:31:28.088 D/OmxComponentManagerImpl(  475): format support multi-instance
06-12 11:31:28.088 D/OmxComponentManagerImpl(  475): getEntryByName_2_num=0, componentName:OMX.amlogic.hevc.decoder.awesome2
06-12 11:31:28.088 D/omx_video(  475): processName=media.codec
06-12 11:31:28.088 V/AmlogicVideoDecoderAwesome2(  475): [61]AmlogicVideoDecoder2:118 >
06-12 11:31:28.088 V/AmlogicVideoDecoderAwesome2(  475): [61]initializeState_l:1611 >
06-12 11:31:28.088 D/AmlogicVideoDecoderAwesome2(  475): [61]"vendor.media.omx.latency is not set used def=1.000000\n"
06-12 11:31:28.088 D/AmlogicVideoDecoderAwesome2(  475): [61]"vendor.media.omx.frame_numlatency is not set used def=10\n"
06-12 11:31:28.088 D/AmlogicVideoDecoderAwesome2(  475): [61]"vendor.omx.frame_numlimmit is not set used def=20\n"
06-12 11:31:28.088 D/AmlogicVideoDecoderAwesome2(  475): [62]"AmlogicVideoDecoder2, mOmxInstancenum 1, mOmxInstanceID 62"
06-12 11:31:28.088 D/AmlogicVideoDecoderAwesome2(  475): [62]"vendor.omx2.blkmode is not set used def=0\n"
06-12 11:31:28.088 D/AmlogicVideoDecoderAwesome2(  475): [62]"vendor.omx2.maxalloc is not set used def=1\n"
06-12 11:31:28.088 I/AmlogicVideoDecoderAwesome2(  475): [62]"default use NV21"
06-12 11:31:28.088 V/AmlogicVideoPassthrough(  475): [0]AmlogicVideoPassthrough:80 >
06-12 11:31:28.088 D/AmlogicVideoPassthrough(  475): [1]"AmlogicVideoPassthrough, mOmxInstancenum 1, mOmxInstanceID 58"
06-12 11:31:28.088 E/secmem_tz(  475): [Secure_NegotiateVersion:374] Secure_NegotiateVersion 2 2 2 2 2 2
06-12 11:31:28.088 E/secmem_tz(  475): [Secure_NegotiateVersion:384] Negotiated secmem version = 2
06-12 11:31:28.089 W/OmxLogConf(  475): Can not read property media.omx.log_levels, using 0
06-12 11:31:28.090 D/OmxResManage(  475): ResManWrapper OMX-70 init, fd = 12
06-12 11:31:28.090 D/AmlogicVideoDecoderAwesome2(  475): [62]"vendor.media.omx2.out_buffer1 is not set used def=8\n"
06-12 11:31:28.090 D/AmlogicVideoDecoderAwesome2(  475): [62]"out buf:8"
06-12 11:31:28.090 D/AmlogicVideoDecoderAwesome2(  475): [62]"vendor.media.omx2.dw is not set used def=0\n"
06-12 11:31:28.090 D/OmxVideoDecoder(  475): setInputCoding OMX.amlogic.hevc.decoder.awesome2
06-12 11:31:28.090 D/OmxVideoDecoder(  475): mIsLinux49=0, mIsLinux54=1, major=5, minor=4
06-12 11:31:28.091 D/OmxVideoDecoder(  475): multi dec exist
06-12 11:31:28.091 D/OmxVideoDecoder(  475): use dv frame mode
06-12 11:31:28.091 D/OmxVideoDecoder(  475): avs multi dec exist
06-12 11:31:28.092 D/OmxVideoDecoder(  475): Use frame mode for multidec.
06-12 11:31:28.092 D/OmxVideoDecoder(  475): Use min out buffer size
06-12 11:31:28.092 D/OmxVideoDecoder(  475): mSupportPiPVideo = 1
06-12 11:31:28.093 D/OmxVideoDecoder(  475): mMustOsdDisplay 0, mAmVideoUsed=0, mSupportPiPVideo=1, mPipVideoUsed=0, mVideoUsedByOmx=0
06-12 11:31:28.093 D/OMX-VENDOR-EXT(  475): OMX.amlogic.hevc.decoder.awesome2 : Vendor extensions supported (17)
06-12 11:31:28.093 D/OMX-VENDOR-EXT(  475):    vendor.4k-osd{{ enable : Int32 },  }
06-12 11:31:28.093 D/OMX-VENDOR-EXT(  475):    vendor.video-trickmode{{ enable : Int32 },  }
06-12 11:31:28.093 D/OMX-VENDOR-EXT(  475):    vendor.unstable-pts{{ enable : Int32 },  }
06-12 11:31:28.093 D/OMX-VENDOR-EXT(  475):    vendor.is-mvc{{ enable : Int32 },  }
06-12 11:31:28.093 D/OMX-VENDOR-EXT(  475):    vendor.is-flv{{ nContainIndex : Int32 },  }
06-12 11:31:28.093 D/OMX-VENDOR-EXT(  475):    vendor.dvconfig-box{{ disable : Int32 },  }
06-12 11:31:28.093 D/OMX-VENDOR-EXT(  475):    vendor.profile-level{{ n-profile : Int32 },  { n-level : Int32 },  }
06-12 11:31:28.093 D/OMX-VENDOR-EXT(  475):    vendor.nrdp{{ video-peek-in-tunnel : Int32 },  }
06-12 11:31:28.093 D/OMX-VENDOR-EXT(  475):    vendor.low-latency{{ enable : Int32 },  }
06-12 11:31:28.093 D/OMX-VENDOR-EXT(  475):    vendor.save-mem{{ enable : Int32 },  }
06-12 11:31:28.093 D/OMX-VENDOR-EXT(  475):    vendor.videoLayer{{ type : Int32 },  }
06-12 11:31:28.093 D/OMX-VENDOR-EXT(  475):    vendor.renderByOmx{{ enable : Int32 },  }
06-12 11:31:28.093 D/OMX-VENDOR-EXT(  475):    vendor.tunerhal{{ video-filter-id : Int32 },  { hw-av-sync-id : Int32 },  }
06-12 11:31:28.093 D/OMX-VENDOR-EXT(  475):    vendor.VideoQos{{ info : String },  }
06-12 11:31:28.093 D/OMX-VENDOR-EXT(  475):    vendor.rotation-angle{{ angle : Int32 },  }
06-12 11:31:28.093 D/OMX-VENDOR-EXT(  475):    vendor.McodecReport{{ info : String },  }
06-12 11:31:28.093 D/OMX-VENDOR-EXT(  475):    vendor.START.low-latency{{ enable : Int32 },  }
06-12 11:31:28.093 D/OmxVideoDecoder(  475): video type 11 support v4l2, use omx2
06-12 11:31:28.094 D/OmxVideoDecoder(  475): processName=media.codec
06-12 11:31:28.094 D/OmxComponentManagerImpl(  475): IncreaseEntryNumByName pEntry->mNum=0, pEntry->mMaxNum:9,componentName:OMX.amlogic.hevc.decoder.awesome2
06-12 11:31:28.094 I/omx_core(  475): OMX_getHandle_num=1
06-12 11:31:28.094 D/OmxComponent(  475): mApkName=media.codec
06-12 11:31:28.104 D/SurfaceUtils(28987): connecting to surface 0xb17b2008, reason connectToSurface
06-12 11:31:28.104 I/MediaCodec(28987): [OMX.amlogic.hevc.decoder.awesome2] setting surface generation to 29682689
06-12 11:31:28.104 D/SurfaceUtils(28987): disconnecting from surface 0xb17b2008, reason connectToSurface(reconnect)
06-12 11:31:28.104 D/SurfaceUtils(28987): connecting to surface 0xb17b2008, reason connectToSurface(reconnect)
06-12 11:31:28.104 I/AmAVUtils(28987): AmAVUtils::getComponentRole isEncoder :0 mime:video/hevc 
06-12 11:31:28.104 V/MediaVendorExt(28987): AVUtils::getComponentRole
06-12 11:31:28.104 I/MediaVendorExt(28987): AmAVUtils::getComponentRole isEncoder :0 mime:video/hevc 
06-12 11:31:28.105 D/OmxVideoDecoder(  475): setParameter 1599 0x1000017
06-12 11:31:28.105 D/OmxVideoDecoder(  475): setInputCoding video_decoder.hevc
06-12 11:31:28.105 D/OmxComponent(  475): getExtensionIndex 1237 name="OMX.google.android.index.enableAndroidNativeBuffers"
06-12 11:31:28.106 D/OmxVideoDecoder(  475): setParameter 1599 0x7f000000
06-12 11:31:28.106 V/OmxVideoDecoder(  475): setParameter 2201 EnableNativeBuffers 1
06-12 11:31:28.106 V/OmxVideoDecoder(  475): updatePort mUseNativeBuffers 1
06-12 11:31:28.106 V/OmxVideoDecoder(  475): nWidth=640,nHeight=480, nMinbufs=0
06-12 11:31:28.106 D/OmxComponent(  475): getExtensionIndex 1237 name="OMX.google.android.index.allocateNativeHandle"
06-12 11:31:28.106 D/OmxVideoDecoder(  475): setParameter 1599 0x7f00000a
06-12 11:31:28.106 E/OMXNodeInstance(  475): setParameter(0xece7e438:amlogic.hevc.decoder.awesome2, OMX.google.android.index.allocateNativeHandle(0x7f00000a): Output:1 en=0) ERROR: UnsupportedSetting(0x80001019)
06-12 11:31:28.106 D/OmxComponent(  475): getExtensionIndex 1237 name="OMX.google.android.index.storeANWBufferInMetadata"
06-12 11:31:28.106 D/OmxVideoDecoder(  475): setParameter 1599 0x7f00000d
06-12 11:31:28.106 D/OmxVideoDecoder(  475): setParameter 2221 OMX_GoogleAndroidStoreANWBufferInMetadata
06-12 11:31:28.106 V/OmxVideoDecoder(  475): mUseStoreANWBufferInMetadata=1
06-12 11:31:28.106 E/OMXNodeInstance(  475): getParameter(0xece7e438:amlogic.hevc.decoder.awesome2, ??(0x6f600011)) ERROR: UnsupportedIndex(0x8000101a)
06-12 11:31:28.107 D/OmxVideoDecoder(  475): setParameter 1599 0x6000001
06-12 11:31:28.107 D/OmxVideoDecoder(  475): setParameter nPortIndex 0 CompFmt 0xb ColorFmt 0
06-12 11:31:28.107 D/OmxVideoDecoder(  475): setParameter 1599 0x6000001
06-12 11:31:28.107 D/OmxVideoDecoder(  475): setParameter nPortIndex 1 CompFmt 0 ColorFmt 0x11
06-12 11:31:28.107 I/OmxVideoDecoder(  475): getParameter Component Name OMX.amlogic.hevc.decoder.awesome2, width 640, height 480 nBufferCountMin:3
06-12 11:31:28.107 D/OmxVideoDecoder(  475): setParameter 1599 0x2000001
06-12 11:31:28.107 D/OmxVideoDecoder(  475): setParameter nPortIndex 0 nFrameWidth 1920 nFrameHeight 1080 nSliceHeight 16
06-12 11:31:28.107 E/OmxVideoDecoder(  475):  reset input buffer:2073600
06-12 11:31:28.107 V/OmxVideoDecoder(  475): updatePort mUseNativeBuffers 1
06-12 11:31:28.108 V/OmxVideoDecoder(  475): nWidth=640,nHeight=480, nMinbufs=0
06-12 11:31:28.108 I/OmxVideoDecoder(  475): getParameter Component Name OMX.amlogic.hevc.decoder.awesome2, width 640, height 480 nBufferCountMin:8
06-12 11:31:28.108 D/OmxVideoDecoder(  475): setParameter 1599 0x2000001
06-12 11:31:28.108 D/OmxVideoDecoder(  475): adaptiveplayback default set w*d: 4096*2304
06-12 11:31:28.108 D/OmxVideoDecoder(  475): media.omx.display_mode=3
06-12 11:31:28.108 D/OmxVideoDecoder(  475): mjpeg vc1 wmv wmv3 force display_mode=3
06-12 11:31:28.108 D/OmxVideoDecoder(  475): choose mVideoUsedByOmx=0, mVideoUsedByThis=0, mAmVideoUsed=0
06-12 11:31:28.108 D/OmxVideoDecoder(  475): mDisplayMode = DISPLAY_MODE_V4LVIDEO
06-12 11:31:28.108 D/OmxVideoDecoder(  475): choose mDisplayMode=3
06-12 11:31:28.108 D/OmxVideoDecoder(  475): setParameter nPortIndex 1 nFrameWidth 1920 nFrameHeight 1080 nSliceHeight 1080
06-12 11:31:28.108 V/OmxVideoDecoder(  475): updatePort mUseNativeBuffers 1
06-12 11:31:28.108 V/OmxVideoDecoder(  475): nWidth=1920,nHeight=1080, nMinbufs=0
06-12 11:31:28.108 D/OmxComponent(  475): getExtensionIndex 1237 name="OMX.google.android.index.describeColorAspects"
06-12 11:31:28.108 D/OmxComponent(  475): getExtensionIndex 1237 name="OMX.google.android.index.storeMetaDataInBuffers"
06-12 11:31:28.108 D/OmxComponent(  475): getExtensionIndex 1237 name="OMX.google.android.index.storeANWBufferInMetadata"
06-12 11:31:28.108 D/OmxComponent(  475): getExtensionIndex 1237 name="OMX.google.android.index.prepareForAdaptivePlayback"
06-12 11:31:28.108 D/OmxComponent(  475): getExtensionIndex 1237 name="OMX.google.android.index.configureVideoTunnelMode"
06-12 11:31:28.109 D/OmxComponent(  475): getExtensionIndex 1237 name="OMX.google.android.index.useAndroidNativeBuffer2"
06-12 11:31:28.109 D/OmxComponent(  475): getExtensionIndex 1237 name="OMX.google.android.index.useAndroidNativeBuffer"
06-12 11:31:28.109 D/OmxComponent(  475): getExtensionIndex 1237 name="OMX.google.android.index.enableAndroidNativeBuffers"
06-12 11:31:28.109 D/OmxComponent(  475): getExtensionIndex 1237 name="OMX.google.android.index.allocateNativeHandle"
06-12 11:31:28.109 D/OmxComponent(  475): getExtensionIndex 1237 name="OMX.google.android.index.getAndroidNativeBufferUsage"
06-12 11:31:28.109 D/OmxVideoDecoder(  475): setConfig 3009 0x7f00000c
06-12 11:31:28.109 D/OmxComponent(  475): getExtensionIndex 1237 name="OMX.google.android.index.describeHDRStaticInfo"
06-12 11:31:28.110 D/OmxComponent(  475): getExtensionIndex 1237 name="OMX.google.android.index.describeHDR10PlusInfo"
06-12 11:31:28.111 D/OmxVideoDecoder(  475): setConfig 3009 0x7f000009
06-12 11:31:28.111 D/OmxVideoDecoder(  475): HDRStaticInfo: R=0 0; G=0 0; B=0 0; W=0 0; MaxDisplayLuminance:0, MinDisplayLuminance=0, mMaxContentLightLevel=0, MaxContentLightLevel=0
06-12 11:31:28.111 D/OmxVideoDecoder(  475): HDRStaticInfo: all parmeter is 0, set mHasHDRStaticInfo to false
06-12 11:31:28.111 I/AmAVUtils(28987): AmAVUtils::isAudioExtendFormat input = video/hevc
06-12 11:31:28.111 I/AmAVUtils(28987): AmAVUtils::isExtendFormat input = video/hevc
06-12 11:31:28.111 I/OmxVideoDecoder(  475): getParameter Component Name OMX.amlogic.hevc.decoder.awesome2, width 1920, height 1080 nBufferCountMin:3
06-12 11:31:28.111 D/OmxVideoDecoder(  475): setConfig 3009 0x6f800002
06-12 11:31:28.111 V/OmxVideoDecoder(  475): setConfig 3192 nIndex 0x6f800002
06-12 11:31:28.112 D/OmxComponent(  475): setConfig 1230
06-12 11:31:28.112 E/OMXNodeInstance(  475): setConfig(0xece7e438:amlogic.hevc.decoder.awesome2, ConfigPriority(0x6f800002)) ERROR: UnsupportedIndex(0x8000101a)
06-12 11:31:28.112 I/ACodec  (28987): codec does not support config priority (err -1010)
06-12 11:31:28.112 I/OmxVideoDecoder(  475): getParameter Component Name OMX.amlogic.hevc.decoder.awesome2, width 1920, height 1080 nBufferCountMin:3
06-12 11:31:28.112 D/OmxVideoDecoder(  475): getConfig 2867 0x6f100004
06-12 11:31:28.112 V/OmxVideoDecoder(  475): VendorExt: getConfig: index=0 (4k-osd)
06-12 11:31:28.112 D/OmxVideoDecoder(  475): getConfig 2867 0x6f100004
06-12 11:31:28.112 V/OmxVideoDecoder(  475): VendorExt: getConfig: index=1 (video-trickmode)
06-12 11:31:28.112 D/OmxVideoDecoder(  475): getConfig 2867 0x6f100004
06-12 11:31:28.112 V/OmxVideoDecoder(  475): VendorExt: getConfig: index=2 (unstable-pts)
06-12 11:31:28.113 D/OmxVideoDecoder(  475): getConfig 2867 0x6f100004
06-12 11:31:28.113 V/OmxVideoDecoder(  475): VendorExt: getConfig: index=3 (is-mvc)
06-12 11:31:28.113 D/OmxVideoDecoder(  475): getConfig 2867 0x6f100004
06-12 11:31:28.113 V/OmxVideoDecoder(  475): VendorExt: getConfig: index=4 (is-flv)
06-12 11:31:28.113 D/OmxVideoDecoder(  475): getConfig 2867 0x6f100004
06-12 11:31:28.113 V/OmxVideoDecoder(  475): VendorExt: getConfig: index=5 (dvconfig-box)
06-12 11:31:28.113 D/OmxVideoDecoder(  475): getConfig 2867 0x6f100004
06-12 11:31:28.113 V/OmxVideoDecoder(  475): VendorExt: getConfig: index=6 (profile-level)
06-12 11:31:28.113 D/OmxVideoDecoder(  475): getConfig 2867 0x6f100004
06-12 11:31:28.113 V/OmxVideoDecoder(  475): VendorExt: getConfig: index=6 (profile-level)
06-12 11:31:28.113 D/OmxVideoDecoder(  475): getConfig 2867 0x6f100004
06-12 11:31:28.113 V/OmxVideoDecoder(  475): VendorExt: getConfig: index=7 (nrdp)
06-12 11:31:28.114 D/OmxVideoDecoder(  475): getConfig 2867 0x6f100004
06-12 11:31:28.114 V/OmxVideoDecoder(  475): VendorExt: getConfig: index=8 (low-latency)
06-12 11:31:28.114 D/OmxVideoDecoder(  475): getConfig 2867 0x6f100004
06-12 11:31:28.114 V/OmxVideoDecoder(  475): VendorExt: getConfig: index=9 (save-mem)
06-12 11:31:28.114 D/OmxVideoDecoder(  475): getConfig 2867 0x6f100004
06-12 11:31:28.114 V/OmxVideoDecoder(  475): VendorExt: getConfig: index=10 (videoLayer)
06-12 11:31:28.114 D/OmxVideoDecoder(  475): getConfig 2867 0x6f100004
06-12 11:31:28.114 V/OmxVideoDecoder(  475): VendorExt: getConfig: index=11 (renderByOmx)
06-12 11:31:28.115 D/OmxVideoDecoder(  475): getConfig 2867 0x6f100004
06-12 11:31:28.115 V/OmxVideoDecoder(  475): VendorExt: getConfig: index=12 (tunerhal)
06-12 11:31:28.115 D/OmxVideoDecoder(  475): getConfig 2867 0x6f100004
06-12 11:31:28.115 V/OmxVideoDecoder(  475): VendorExt: getConfig: index=12 (tunerhal)
06-12 11:31:28.115 D/OmxVideoDecoder(  475): getConfig 2867 0x6f100004
06-12 11:31:28.115 V/OmxVideoDecoder(  475): VendorExt: getConfig: index=13 (VideoQos)
06-12 11:31:28.118 D/OmxVideoDecoder(  475): getConfig 2867 0x6f100004
06-12 11:31:28.118 V/OmxVideoDecoder(  475): VendorExt: getConfig: index=14 (rotation-angle)
06-12 11:31:28.119 D/OmxVideoDecoder(  475): getConfig 2867 0x6f100004
06-12 11:31:28.119 V/OmxVideoDecoder(  475): VendorExt: getConfig: index=15 (McodecReport)
06-12 11:31:28.120 D/OmxVideoDecoder(  475): mMcodecReport=0 mPeer.get=0xece76000
06-12 11:31:28.120 D/OmxVideoDecoder(  475): getConfig 2867 0x6f100004
06-12 11:31:28.120 V/OmxVideoDecoder(  475): VendorExt: getConfig: index=16 (START.low-latency)
06-12 11:31:28.120 D/OmxVideoDecoder(  475): getConfig 2867 0x6f100004
06-12 11:31:28.120 V/OmxVideoDecoder(  475): updatePort mUseNativeBuffers 1
06-12 11:31:28.120 V/OmxVideoDecoder(  475): nWidth=1920,nHeight=1080, nMinbufs=0
06-12 11:31:28.121 I/OmxVideoDecoder(  475): getParameter Component Name OMX.amlogic.hevc.decoder.awesome2, width 1920, height 1080 nBufferCountMin:8
06-12 11:31:28.121 D/OmxVideoDecoder(  475): getConfig 2867 0x700000f
06-12 11:31:28.121 D/OmxVideoDecoder(  475): getConfig 2870 nIndex 0x700000f
06-12 11:31:28.121 I/AmlogicVideoDecoderAwesome2(  475): [62]"getAndroidNativeBufferCrop [1920 x 1080] \n"
06-12 11:31:28.121 D/OmxVideoDecoder(  475): getConfig OMX_IndexConfigCommonOutputCrop pRect->nWidth=1920, pRect->nHeight=1080
06-12 11:31:28.121 D/OmxVideoDecoder(  475): setConfig 3009 0x7f00000c
06-12 11:31:28.121 D/OmxVideoDecoder(  475): getConfig 2867 0x7f00000c
06-12 11:31:28.122 D/OmxVideoDecoder(  475): getConfig 2867 0x7f00000c
06-12 11:31:28.122 E/OMXNodeInstance(  475): getConfig(0xece7e438:amlogic.hevc.decoder.awesome2, ??(0x7f00000c)) ERROR: UnsupportedSetting(0x80001019)
06-12 11:31:28.122 D/OmxVideoDecoder(  475): getConfig 2867 0x7f000009
06-12 11:31:28.123 D/OmxVideoDecoder(  475): getConfig 2867 0x6f100004
06-12 11:31:28.123 V/OmxVideoDecoder(  475): VendorExt: getConfig: index=0 (4k-osd)
06-12 11:31:28.123 D/OmxVideoDecoder(  475): getConfig 2867 0x6f100004
06-12 11:31:28.123 V/OmxVideoDecoder(  475): VendorExt: getConfig: index=1 (video-trickmode)
06-12 11:31:28.123 D/OmxVideoDecoder(  475): getConfig 2867 0x6f100004
06-12 11:31:28.123 V/OmxVideoDecoder(  475): VendorExt: getConfig: index=2 (unstable-pts)
06-12 11:31:28.124 D/OmxVideoDecoder(  475): getConfig 2867 0x6f100004
06-12 11:31:28.124 V/OmxVideoDecoder(  475): VendorExt: getConfig: index=3 (is-mvc)
06-12 11:31:28.124 D/OmxVideoDecoder(  475): getConfig 2867 0x6f100004
06-12 11:31:28.124 V/OmxVideoDecoder(  475): VendorExt: getConfig: index=4 (is-flv)
06-12 11:31:28.125 D/OmxVideoDecoder(  475): getConfig 2867 0x6f100004
06-12 11:31:28.125 V/OmxVideoDecoder(  475): VendorExt: getConfig: index=5 (dvconfig-box)
06-12 11:31:28.125 D/OmxVideoDecoder(  475): getConfig 2867 0x6f100004
06-12 11:31:28.125 V/OmxVideoDecoder(  475): VendorExt: getConfig: index=6 (profile-level)
06-12 11:31:28.125 D/OmxVideoDecoder(  475): getConfig 2867 0x6f100004
06-12 11:31:28.125 V/OmxVideoDecoder(  475): VendorExt: getConfig: index=6 (profile-level)
06-12 11:31:28.125 D/OmxVideoDecoder(  475): getConfig 2867 0x6f100004
06-12 11:31:28.125 V/OmxVideoDecoder(  475): VendorExt: getConfig: index=7 (nrdp)
06-12 11:31:28.125 D/OmxVideoDecoder(  475): getConfig 2867 0x6f100004
06-12 11:31:28.125 V/OmxVideoDecoder(  475): VendorExt: getConfig: index=8 (low-latency)
06-12 11:31:28.125 D/OmxVideoDecoder(  475): getConfig 2867 0x6f100004
06-12 11:31:28.125 V/OmxVideoDecoder(  475): VendorExt: getConfig: index=9 (save-mem)
06-12 11:31:28.126 D/sub_mixing_factory(  350): [out_standby_subMixingPCM:1324] out_stream(0xeaf5e000) usecase: PCM_NORMAL
06-12 11:31:28.126 I/sub_mixing_factory(  350): [usecase_change_validate_l_sm:1170] cur dev masks:0x1, delete out usecase:PCM_NORMAL
06-12 11:31:28.126 I/sub_mixing_factory(  350): [usecase_change_validate_l_sm:1180] standby unmask usecase PCM_NORMAL
06-12 11:31:28.126 I/amlAudioMixer(  350): [delete_mixer_input_port:197] input port ID:0, type:PCM_SYSTEM, cur mask:0x1
06-12 11:31:28.129 D/OmxVideoDecoder(  475): getConfig 2867 0x6f100004
06-12 11:31:28.129 V/OmxVideoDecoder(  475): VendorExt: getConfig: index=10 (videoLayer)
06-12 11:31:28.130 D/OmxVideoDecoder(  475): getConfig 2867 0x6f100004
06-12 11:31:28.130 V/OmxVideoDecoder(  475): VendorExt: getConfig: index=11 (renderByOmx)
06-12 11:31:28.131 I/system_server(  628): oneway function results will be dropped but finished with status OK and parcel size 4
06-12 11:31:28.131 D/OmxVideoDecoder(  475): getConfig 2867 0x6f100004
06-12 11:31:28.131 V/OmxVideoDecoder(  475): VendorExt: getConfig: index=12 (tunerhal)
06-12 11:31:28.131 D/OmxVideoDecoder(  475): getConfig 2867 0x6f100004
06-12 11:31:28.131 V/OmxVideoDecoder(  475): VendorExt: getConfig: index=12 (tunerhal)
06-12 11:31:28.135 D/OmxVideoDecoder(  475): getConfig 2867 0x6f100004
06-12 11:31:28.136 V/OmxVideoDecoder(  475): VendorExt: getConfig: index=13 (VideoQos)
06-12 11:31:28.138 D/OmxVideoDecoder(  475): getConfig 2867 0x6f100004
06-12 11:31:28.138 V/OmxVideoDecoder(  475): VendorExt: getConfig: index=14 (rotation-angle)
06-12 11:31:28.138 D/OmxVideoDecoder(  475): getConfig 2867 0x6f100004
06-12 11:31:28.138 V/OmxVideoDecoder(  475): VendorExt: getConfig: index=15 (McodecReport)
06-12 11:31:28.138 D/OmxVideoDecoder(  475): mMcodecReport=0 mPeer.get=0xece76000
06-12 11:31:28.139 D/OmxVideoDecoder(  475): getConfig 2867 0x6f100004
06-12 11:31:28.139 V/OmxVideoDecoder(  475): VendorExt: getConfig: index=16 (START.low-latency)
06-12 11:31:28.139 D/OmxVideoDecoder(  475): getConfig 2867 0x6f100004
06-12 11:31:28.140 I/OmxComponent(  475): OMX_CommandStateSet 850 Cmd 0 nParam1 0x2
06-12 11:31:28.140 I/OmxComponent(  475): OMX-70 STATE_SET:   OMX_StateLoaded => OMX_StateIdle : OMX.amlogic.hevc.decoder.awesome2
06-12 11:31:28.140 I/OmxComponent(  475): OMX-70 STATE_TRANS: OMX_StateLoaded => OMX_StateIdle : OMX.amlogic.hevc.decoder.awesome2
06-12 11:31:28.140 I/OmxVideoDecoder(  475): getParameter Component Name OMX.amlogic.hevc.decoder.awesome2, width 1920, height 1080 nBufferCountMin:3
06-12 11:31:28.158 I/ThermalService(  975): CPU temperatures: [66.4]
06-12 11:31:28.163 I/OmxComponent(  475): OMX-70 STATE_TRANS: OMX_StateLoaded => OMX_StateIdle : OMX.amlogic.hevc.decoder.awesome2
06-12 11:31:28.165 I/OmxComponent(  475): OMX-70 STATE_TRANS: OMX_StateLoaded => OMX_StateIdle : OMX.amlogic.hevc.decoder.awesome2
06-12 11:31:28.166 D/stbdpc  (  403): STB_DPGetNumPaths[570]: num_paths: 1
06-12 11:31:28.168 I/OmxComponent(  475): OMX-70 STATE_TRANS: OMX_StateLoaded => OMX_StateIdle : OMX.amlogic.hevc.decoder.awesome2
06-12 11:31:28.169 V/OmxVideoDecoder(  475): updatePort mUseNativeBuffers 1
06-12 11:31:28.169 V/OmxVideoDecoder(  475): nWidth=1920,nHeight=1080, nMinbufs=0
06-12 11:31:28.169 I/OmxVideoDecoder(  475): getParameter Component Name OMX.amlogic.hevc.decoder.awesome2, width 1920, height 1080 nBufferCountMin:8
06-12 11:31:28.170 V/OmxVideoDecoder(  475): updatePort mUseNativeBuffers 1
06-12 11:31:28.170 V/OmxVideoDecoder(  475): nWidth=1920,nHeight=1080, nMinbufs=0
06-12 11:31:28.170 I/OmxVideoDecoder(  475): getParameter Component Name OMX.amlogic.hevc.decoder.awesome2, width 1920, height 1080 nBufferCountMin:8
06-12 11:31:28.170 D/OmxComponent(  475): getExtensionIndex 1237 name="OMX.google.android.index.AndroidNativeBufferConsumerUsage"
06-12 11:31:28.171 D/OmxVideoDecoder(  475): setParameter 1599 0x7f00000b
06-12 11:31:28.171 D/OmxVideoDecoder(  475): OMX_GoogleAndroidIndexAndroidNativeBufferConsumerUsage 0x100
06-12 11:31:28.171 D/OmxVideoDecoder(  475): Use OSD layer if don't use HWC.
06-12 11:31:28.173 D/OmxComponent(  475): getExtensionIndex 1237 name="OMX.google.android.index.getAndroidNativeBufferUsage"
06-12 11:31:28.173 D/OmxVideoDecoder(  475): Get NativeBufferUsage 0xc00200
06-12 11:31:28.174 D/SurfaceUtils(28987): set up nativeWindow 0xb17b2008 for 1920x1080, color 0x11, rotation 0, usage 0xc02b00
06-12 11:31:28.176 D/OmxVideoDecoder(  475): setParameter 1599 0x2000001
06-12 11:31:28.176 D/OmxVideoDecoder(  475): adaptiveplayback default set w*d: 4096*2304
06-12 11:31:28.176 W/OmxVideoDecoder(  475): 4kosd set output error, newBufferCount 13 > 12
06-12 11:31:28.176 E/OMXNodeInstance(  475): setParameter(0xece7e438:amlogic.hevc.decoder.awesome2, ParamPortDefinition(0x2000001)) ERROR: UnsupportedSetting(0x80001019)
06-12 11:31:28.177 W/ACodec  (28987): [OMX.amlogic.hevc.decoder.awesome2] setting nBufferCountActual to 13 failed: -1010
06-12 11:31:28.178 D/OmxVideoDecoder(  475): setParameter 1599 0x2000001
06-12 11:31:28.178 D/OmxVideoDecoder(  475): adaptiveplayback default set w*d: 4096*2304
06-12 11:31:28.178 D/OmxVideoDecoder(  475): media.omx.display_mode=3
06-12 11:31:28.178 D/OmxVideoDecoder(  475): mjpeg vc1 wmv wmv3 force display_mode=3
06-12 11:31:28.178 D/OmxVideoDecoder(  475): choose mVideoUsedByOmx=0, mVideoUsedByThis=0, mAmVideoUsed=0
06-12 11:31:28.178 D/OmxVideoDecoder(  475): choose mDisplayMode=0
06-12 11:31:28.178 D/OmxVideoDecoder(  475): mMustOsdDisplay is true
06-12 11:31:28.178 D/OmxVideoDecoder(  475): setParameter nPortIndex 1 nFrameWidth 1920 nFrameHeight 1080 nSliceHeight 1080
06-12 11:31:28.178 V/OmxVideoDecoder(  475): updatePort mUseNativeBuffers 1
06-12 11:31:28.178 V/OmxVideoDecoder(  475): nWidth=1920,nHeight=1080, nMinbufs=0
06-12 11:31:28.182 E/OMX_AmlogicPeerBufferWrapper(  475): setVideoNativeMetadata
06-12 11:31:28.182 I/OmxComponent(  475): OMX-70 STATE_TRANS: OMX_StateLoaded => OMX_StateIdle : OMX.amlogic.hevc.decoder.awesome2
06-12 11:31:28.185 E/OMX_AmlogicPeerBufferWrapper(  475): setVideoNativeMetadata
06-12 11:31:28.185 I/OmxComponent(  475): OMX-70 STATE_TRANS: OMX_StateLoaded => OMX_StateIdle : OMX.amlogic.hevc.decoder.awesome2
06-12 11:31:28.186 E/OMX_AmlogicPeerBufferWrapper(  475): setVideoNativeMetadata
06-12 11:31:28.187 I/OmxComponent(  475): OMX-70 STATE_TRANS: OMX_StateLoaded => OMX_StateIdle : OMX.amlogic.hevc.decoder.awesome2
06-12 11:31:28.187 E/OMX_AmlogicPeerBufferWrapper(  475): setVideoNativeMetadata
06-12 11:31:28.187 I/OmxComponent(  475): OMX-70 STATE_TRANS: OMX_StateLoaded => OMX_StateIdle : OMX.amlogic.hevc.decoder.awesome2
06-12 11:31:28.187 E/OMX_AmlogicPeerBufferWrapper(  475): setVideoNativeMetadata
06-12 11:31:28.188 I/OmxComponent(  475): OMX-70 STATE_TRANS: OMX_StateLoaded => OMX_StateIdle : OMX.amlogic.hevc.decoder.awesome2
06-12 11:31:28.188 E/OMX_AmlogicPeerBufferWrapper(  475): setVideoNativeMetadata
06-12 11:31:28.188 I/OmxComponent(  475): OMX-70 STATE_TRANS: OMX_StateLoaded => OMX_StateIdle : OMX.amlogic.hevc.decoder.awesome2
06-12 11:31:28.189 E/OMX_AmlogicPeerBufferWrapper(  475): setVideoNativeMetadata
06-12 11:31:28.189 I/OmxComponent(  475): OMX-70 STATE_TRANS: OMX_StateLoaded => OMX_StateIdle : OMX.amlogic.hevc.decoder.awesome2
06-12 11:31:28.190 E/OMX_AmlogicPeerBufferWrapper(  475): setVideoNativeMetadata
06-12 11:31:28.190 I/OmxComponent(  475): OMX-70 STATE_TRANS: OMX_StateLoaded => OMX_StateIdle : OMX.amlogic.hevc.decoder.awesome2
06-12 11:31:28.191 E/OMX_AmlogicPeerBufferWrapper(  475): setVideoNativeMetadata
06-12 11:31:28.191 I/OmxComponent(  475): OMX-70 STATE_TRANS: OMX_StateLoaded => OMX_StateIdle : OMX.amlogic.hevc.decoder.awesome2
06-12 11:31:28.193 I/[ 5277.784342@0]  resman(    0): 90 acquire [decoder], preempt yes
06-12 11:31:28.194 I/[ 5277.784353@0]  resman(    0): 90 acquire [decoder] success
06-12 11:31:28.194 I/[ 5277.784383@0]  resman(    0): 90 acquire [codec_mm], preempt yes
06-12 11:31:28.194 I/[ 5277.784392@0]  resman(    0): 90 score 60 secure no
06-12 11:31:28.194 I/[ 5277.784398@0]  resman(    0): 90 acquire [codec_mm] success
06-12 11:31:28.191 E/OMX_AmlogicPeerBufferWrapper(  475): setVideoNativeMetadata
06-12 11:31:28.192 I/OmxComponent(  475): OMX-70 STATE_TRANS: OMX_StateLoaded => OMX_StateIdle : OMX.amlogic.hevc.decoder.awesome2
06-12 11:31:28.192 E/OMX_AmlogicPeerBufferWrapper(  475): setVideoNativeMetadata
06-12 11:31:28.192 I/OmxComponent(  475): OMX-70 STATE_TRANS: OMX_StateLoaded => OMX_StateIdle : OMX.amlogic.hevc.decoder.awesome2
06-12 11:31:28.193 E/OMX_AmlogicPeerBufferWrapper(  475): setVideoNativeMetadata
06-12 11:31:28.193 I/OmxComponent(  475): OMX-70 STATE_TRANS: OMX_StateLoaded => OMX_StateIdle : OMX.amlogic.hevc.decoder.awesome2
06-12 11:31:28.193 V/AmlogicVideoDecoderAwesome2(  475): [62]acquireResources:429 >
06-12 11:31:28.193 D/AmlogicVideoDecoderAwesome2(  475): [62]"setUp mDurationUs = 40000 videoDefine.xFramerate = 1638400"
06-12 11:31:28.193 V/debugSetup(  475): media.omx.dumpRecv is disabled
06-12 11:31:28.193 V/debugSetup(  475): media.omx.dumpCodec is disabled
06-12 11:31:28.193 E/AmlogicVideoDecoderAwesome2(  475): setUp(): 1200 mOwner->isGameMode()=0
06-12 11:31:28.193 D/AmlogicVideoDecoderAwesome2(  475): [62]"vendor.media.omx.gamemode is not set used def=0\n"
06-12 11:31:28.193 I/AmlogicVideoDecoderAwesome2(  475): [62]"setUp width 1920, height 1080\n"
06-12 11:31:28.193 D/AmlogicVideoDecoderAwesome2(  475): [62]"vendor.media.omx2.dw is not set used def=1\n"
06-12 11:31:28.193 D/AmlogicVideoDecoderAwesome2(  475): [62]"vendor.media.omx2.margin is not set used def=5\n"
06-12 11:31:28.193 I/AmlogicVideoDecoderAwesome2(  475): [62]"mIsSurfacTexture 1, mDoubleWriteMode 1, default_margin:5 \n"
06-12 11:31:28.193 D/AmlogicVideoDecoderAwesome2(  475): [62]"codecInit"
06-12 11:31:28.193 V/AmlogicVideoDecoderAwesome2(  475): [62]"codecInit hevc\n"
06-12 11:31:28.193 I/resman  (  475): acquire fd:12, restype:7, preempt:1, time_out:10000, arg:
06-12 11:31:28.193 I/resman  (  475): acquire fd:12, restype:5, preempt:1, time_out:10000, arg:size:60
06-12 11:31:28.193 D/VideoDecWraper(  475): VideoDecWraper
06-12 11:31:28.193 D/VideoDecWraper(  475): initialize:mime:video/hevc
06-12 11:31:28.193 D/VideoDecWraper(  475): version 1.1 use create AmVideoDec_create
06-12 11:31:28.193 I/AmVideoDec(  475): AmVideoDec version: V3.2.159-gadbe096  (dong.liu  Tue Feb 11 11:58:24 UTC 2025), mHalInstanceID 49, mHalInstancenum 1
06-12 11:31:28.193 I/AmVideoDec(  475): vendor.mediahal.loglevels is not set used def = 1
06-12 11:31:28.193 I/AmVideoDec(  475): [0] "new VideoDec\n"
06-12 11:31:28.193 I/AmVideoDec(  475): open dec_stat fd -1
06-12 11:31:28.193 D/VideoDecWraper(  475): getAmVideoDec ok
06-12 11:31:28.194 I/AmVideoDec(  475): [0] "initialize mime video/hevc secureMode is 0\n"
06-12 11:31:28.194 I/V4l2Adaptor(  475): V4l2Adaptor::initialize flags is 0x0
06-12 11:31:28.194 W/ResourceManagerService(  470): Ignoring request to add new resource entry with value <= 0
06-12 11:31:28.195 I/V4l2Adaptor(  475): V4l2Adaptor::onInit
06-12 11:31:28.195 I/VDA     (  475): vendor.mediahal.loglevels is not set used def = 1
06-12 11:31:28.195 I/VDA     (  475): [0] "open dec_stat fd -1, log_level_ 1\n"
06-12 11:31:28.195 I/VDA     (  475): [0] "VDA Initialize flags is 0\n"
06-12 11:31:28.195 I/VDA     (  475): VideoCodecProfileToV4L2PixFmt profile 12
06-12 11:31:28.195 I/VDA     (  475): V4L2_PIX_FMT_H265
06-12 11:31:28.209 I/[ 5277.799145@1]  [amlv4l](    0): [97]: DW:1, TW:0, Margin:5
06-12 11:31:28.210 D/[ 5277.799496@1]  [amlcom](    0): vdec_create instance 00000000ffbaff47, total 1, PM: power-domain
06-12 11:31:28.210 D/[ 5277.799760@1]  [media_clock](    0): hevc mux clock is 499999992 Hz
06-12 11:31:28.210 D/[ 5277.799974@1]  [media_clock](    0): hevc back mux clock is 499999992 Hz
06-12 11:31:28.210 I/[ 5277.800152@1]  [amlcom](    0): vdec_init, dev_name:ammvdec_h265_v4l, vdec_type=VDEC_TYPE_FRAME_BLOCK, format: 11, total: 1
06-12 11:31:28.210 D/[ 5277.800701@1]  [h265](    0): [0]pdata->config=parm_v4l_codec_enable:1;parm_v4l_buffer_margin:5;hevc_double_write_mode:1;hevc_triple_write_mode:0;hevc_buf_width:4096;hevc_buf_height:2304;save_buffer_mode:0;parm_v4l_canvas_mem_mode:0;parm_v4l_canvas_mem_endian:0;parm_v4l_low_latency_mode:0;parm_v4l_metadata_config_flag:49154;parm_v4l_duration:3840;dv_profile:0;
06-12 11:31:28.210 D/[ 5277.800796@1]  [h265](    0): [0]discard dv data
06-12 11:31:28.210 D/[ 5277.800806@1]  [h265](    0): [0]dv_profile: 0
06-12 11:31:28.221 D/[ 5277.811687@1]  [h265](    0): [0]dynamic_buf_num_margin=5
06-12 11:31:28.222 D/[ 5277.811699@1]  [h265](    0): [0]double_write_mode=1
06-12 11:31:28.222 D/[ 5277.811703@1]  [h265](    0): [0]nal_skip_policy=2
06-12 11:31:28.222 D/[ 5277.811712@1]  [h265](    0): [0]h265:pts_unstable=0
06-12 11:31:28.222 D/[ 5277.811717@1]  [h265](    0): [0]h265: ver (201602101,0) decinfo: 0x0 rate=3840
06-12 11:31:28.208 I/VDA     (  475): vendor.vda.disable_config is not set used def = 0
06-12 11:31:28.208 I/VDA     (  475): [0] "v4l2 private parms, magic:1437256755 len:5, adaptiveback:0 height:1920 width:1080\n"
06-12 11:31:28.208 I/VDA     (  475): [0] "not 8k use max input size\n"
06-12 11:31:28.212 D/CCodec  (28987): allocate(c2.android.aac.decoder)
06-12 11:31:28.213 V/C2Store (  476): in init
06-12 11:31:28.213 V/C2Store (  476): loading dll
06-12 11:31:28.223 I/CCodec  (28987): Created component [c2.android.aac.decoder]
06-12 11:31:28.227 D/[ 5277.814945@1]  [h265](    0): ucode version 4.138, swap enable 1
06-12 11:31:28.227 D/[ 5277.815266@1]  [media_clock](    0): hevc mux clock is 799999988 Hz
06-12 11:31:28.227 D/[ 5277.815484@1]  [media_clock](    0): hevc back mux clock is 799999988 Hz
06-12 11:31:28.227 D/[ 5277.815490@1]  [amlcom](    0): hevc video changed to 3840 x 2160 60 fps clk->800MHZ
06-12 11:31:28.227 I/.startv.hotsta(28987): Compiler allocated 4406KB to compile N2.c N2.d.n(org.xmlpull.v1.XmlPullParser, N2.b)
06-12 11:31:28.227 D/CCodecConfig(28987): read media type: audio/mp4a-latm
06-12 11:31:28.234 I/VDA     (  475): [0] "setup output format 3132564e\n"
06-12 11:31:28.234 I/VDA     (  475): IsSupportedOutputFormat v4l2_format 3132564e
06-12 11:31:28.235 I/VDA     (  475): [0] "decoder_msg.value == 3840"
06-12 11:31:28.235 I/VDA     (  475): [0] "InitializeTask"
06-12 11:31:28.236 D/AmlogicVideoDecoderAwesome2(  475): [62]"codecInit done"
06-12 11:31:28.236 I/VDA     (  475): vendor.media.omx2.in_buffer set = 5
06-12 11:31:28.236 I/VDA     (  475): [0] "CreateInputBuffers count 3\n"
06-12 11:31:28.236 D/AmlogicVideoDecoderAwesome2(  475): [62]"mOutWidth is 1920 mOutHeight is 1080 mFlvFlag=0 mOutBufferCount is 12"
06-12 11:31:28.236 D/AmlogicVideoDecoderAwesome2(  475): [62]"mOutBufferCount =12 mDecOutWidth 1920 mDecOutHeight 1088\n"
06-12 11:31:28.237 D/AmlogicVideoDecoderAwesome2(  475): [62]"mIsNativeBuffers =1\n"
06-12 11:31:28.237 D/AmlogicVideoDecoderAwesome2(  475): [62]"setUp mOutPortChanged=0\n"
06-12 11:31:28.237 I/OmxComponent(  475): STATE_DONE:  OMX_StateLoaded => OMX_StateIdle : OMX.amlogic.hevc.decoder.awesome2
06-12 11:31:28.238 I/OmxComponent(  475): OMX_CommandStateSet 850 Cmd 0 nParam1 0x3
06-12 11:31:28.238 I/OmxComponent(  475): OMX-70 STATE_SET:   OMX_StateIdle => OMX_StateExecuting : OMX.amlogic.hevc.decoder.awesome2
06-12 11:31:28.238 V/AmlogicVideoDecoderAwesome2(  475): [62]prepare:328 >
06-12 11:31:28.238 V/AmlogicVideoDecoderAwesome2(  475): [62]start:341 >
06-12 11:31:28.238 D/AmlogicVideoDecoderAwesome2(  475): [62]"mVideo start\n"
06-12 11:31:28.238 I/OmxComponent(  475): OMX-70 STATE_TRANS: OMX_StateIdle => OMX_StateExecuting : OMX.amlogic.hevc.decoder.awesome2
06-12 11:31:28.238 I/OmxComponent(  475): STATE_DONE:  OMX_StateIdle => OMX_StateExecuting : OMX.amlogic.hevc.decoder.awesome2
06-12 11:31:28.239 V/OMX_WorkerPeer(  475): vendor/amlogic/common/omx/omx_framework/WorkerPeer.cpp:runWorkerStatic:155 --------------------
06-12 11:31:28.239 V/OMX_WorkerPeer(  475): vendor/amlogic/common/omx/omx_framework/WorkerPeer.cpp:runWorker:161 --------------------
06-12 11:31:28.240 D/ReflectedParamUpdater(28987): extent() != 1 for single value type: algo.buffers.max-count.values
06-12 11:31:28.240 D/ReflectedParamUpdater(28987): extent() != 1 for single value type: output.subscribed-indices.values
06-12 11:31:28.241 D/ReflectedParamUpdater(28987): extent() != 1 for single value type: input.buffers.allocator-ids.values
06-12 11:31:28.241 D/ReflectedParamUpdater(28987): extent() != 1 for single value type: output.buffers.allocator-ids.values
06-12 11:31:28.242 D/ReflectedParamUpdater(28987): extent() != 1 for single value type: algo.buffers.allocator-ids.values
06-12 11:31:28.244 D/ReflectedParamUpdater(28987): extent() != 1 for single value type: output.buffers.pool-ids.values
06-12 11:31:28.245 D/ReflectedParamUpdater(28987): extent() != 1 for single value type: algo.buffers.pool-ids.values
06-12 11:31:28.248 I/VDA     (  475): [0] "----create input VIDIOC_STREAMON----\n"
06-12 11:31:28.248 I/VDA     (  475): [0] "StartDevicePoll\n"
06-12 11:31:28.254 W/gralloc4(  475): Buffer descriptor with invalid usage bits 0x2000
06-12 11:31:28.256 V/AmlogicVideoDecoderAwesome2(  475): [62]"doCodecSpec csd_len=138\n"
06-12 11:31:28.257 E/AmlogicVideoDecoderAwesome(  475): SPS: Main profile bitstream
06-12 11:31:28.257 E/AmlogicVideoDecoderAwesome(  475): SPS: bit_depth=8,8
06-12 11:31:28.257 D/AmlogicVideoDecoderAwesome2(  475): [62]"hevc csd size = 138, [1920:1080],bitdepth=8"
06-12 11:31:28.259 I/CCodecConfig(28987): query failed after returning 19 values (BAD_INDEX)
06-12 11:31:28.259 D/CCodecConfig(28987): c2 config diff is Dict {
06-12 11:31:28.259 D/CCodecConfig(28987):   c2::u32 coded.aac-packaging.value = 0
06-12 11:31:28.259 D/CCodecConfig(28987):   c2::u32 coded.bitrate.value = 64000
06-12 11:31:28.259 D/CCodecConfig(28987):   c2::u32 coded.pl.level = 0
06-12 11:31:28.259 D/CCodecConfig(28987):   c2::u32 coded.pl.profile = 8192
06-12 11:31:28.259 D/CCodecConfig(28987):   c2::i32 coding.drc.album-mode.value = 0
06-12 11:31:28.259 D/CCodecConfig(28987):   c2::float coding.drc.attenuation-factor.value = 1
06-12 11:31:28.259 D/CCodecConfig(28987):   c2::float coding.drc.boost-factor.value = 1
06-12 11:31:28.259 D/CCodecConfig(28987):   c2::i32 coding.drc.compression-mode.value = 3
06-12 11:31:28.259 D/CCodecConfig(28987):   c2::i32 coding.drc.effect-type.value = 3
06-12 11:31:28.259 D/CCodecConfig(28987):   c2::float coding.drc.encoded-level.value = 0.25
06-12 11:31:28.259 D/CCodecConfig(28987):   c2::float coding.drc.reference-level.value = -16
06-12 11:31:28.259 D/CCodecConfig(28987):   c2::u32 input.buffers.max-size.value = 8192
06-12 11:31:28.259 D/CCodecConfig(28987):   c2::u32 input.delay.value = 0
06-12 11:31:28.259 D/CCodecConfig(28987):   string input.media-type.value = "audio/mp4a-latm"
06-12 11:31:28.259 D/CCodecConfig(28987):   c2::u32 output.delay.value = 2
06-12 11:31:28.259 D/CCodecConfig(28987):   c2::float output.drc.output-loudness.value = 0.25
06-12 11:31:28.259 D/CCodecConfig(28987):   string output.media-type.value = "audio/raw"
06-12 11:31:28.259 D/CCodecConfig(28987):   c2::u32 raw.channel-count.value = 1
06-12 11:31:28.259 D/CCodecConfig(28987):   c2::u32 raw.max-channel-count.value = 8
06-12 11:31:28.259 D/CCodecConfig(28987):   c2::u32 raw.sample-rate.value = 44100
06-12 11:31:28.259 D/CCodecConfig(28987): }
06-12 11:31:28.261 D/CCodec  (28987): [c2.android.aac.decoder] buffers are bound to CCodec for this session
06-12 11:31:28.261 D/CCodecConfig(28987): no c2 equivalents for flags
06-12 11:31:28.263 D/CCodecConfig(28987): c2 config diff is   c2::u32 raw.channel-count.value = 2
06-12 11:31:28.263 D/CCodecConfig(28987):   c2::u32 raw.sample-rate.value = 48000
06-12 11:31:28.265 W/Codec2Client(28987): query -- param skipped: index = 1107298332.
06-12 11:31:28.265 D/CCodec  (28987): setup formats input: AMessage(what = 0x00000000) = {
06-12 11:31:28.265 D/CCodec  (28987):   int32_t aac-drc-album-mode = 0
06-12 11:31:28.265 D/CCodec  (28987):   int32_t aac-drc-boost-level = 127
06-12 11:31:28.265 D/CCodec  (28987):   int32_t aac-drc-cut-level = 127
06-12 11:31:28.265 D/CCodec  (28987):   int32_t aac-drc-effect-type = 3
06-12 11:31:28.265 D/CCodec  (28987):   int32_t aac-drc-heavy-compression = 3
06-12 11:31:28.265 D/CCodec  (28987):   int32_t aac-encoded-target-level = -1
06-12 11:31:28.265 D/CCodec  (28987):   int32_t aac-max-output-channel_count = 8
06-12 11:31:28.265 D/CCodec  (28987):   int32_t aac-target-ref-level = 64
06-12 11:31:28.265 D/CCodec  (28987):   int32_t channel-count = 2
06-12 11:31:28.265 D/CCodec  (28987):   int32_t level = 0
06-12 11:31:28.265 D/CCodec  (28987):   int32_t max-input-size = 8192
06-12 11:31:28.265 D/CCodec  (28987):   string mime = "audio/mp4a-latm"
06-12 11:31:28.265 D/CCodec  (28987):   int32_t profile = 2
06-12 11:31:28.265 D/CCodec  (28987):   int32_t sample-rate = 48000
06-12 11:31:28.265 D/CCodec  (28987): } and output: AMessage(what = 0x00000000) = {
06-12 11:31:28.265 D/CCodec  (28987):   int32_t aac-drc-album-mode = 0
06-12 11:31:28.265 D/CCodec  (28987):   int32_t aac-drc-boost-level = 127
06-12 11:31:28.265 D/CCodec  (28987):   int32_t aac-drc-cut-level = 127
06-12 11:31:28.265 D/CCodec  (28987):   int32_t aac-drc-effect-type = 3
06-12 11:31:28.265 D/CCodec  (28987):   int32_t aac-drc-heavy-compression = 3
06-12 11:31:28.265 D/CCodec  (28987):   int32_t aac-drc-output-loudness = -1
06-12 11:31:28.265 D/CCodec  (28987):   int32_t aac-encoded-target-level = -1
06-12 11:31:28.265 D/CCodec  (28987):   int32_t aac-max-output-channel_count = 8
06-12 11:31:28.265 D/CCodec  (28987):   int32_t aac-target-ref-level = 64
06-12 11:31:28.265 D/CCodec  (28987):   int32_t channel-count = 2
06-12 11:31:28.265 D/CCodec  (28987):   string mime = "audio/raw"
06-12 11:31:28.265 D/CCodec  (28987):   int32_t sample-rate = 48000
06-12 11:31:28.265 D/CCodec  (28987): }
06-12 11:31:28.267 D/stbdpc  (  403): STB_DPGetNumPaths[570]: num_paths: 1
06-12 11:31:28.268 W/Codec2Client(28987): query -- param skipped: index = 1342179345.
06-12 11:31:28.269 W/Codec2Client(28987): query -- param skipped: index = 2415921170.
06-12 11:31:28.269 W/Codec2Client(28987): query -- param skipped: index = 1610614798.
06-12 11:31:28.270 E/FMQ     (28987): grantorIdx must be less than 3
06-12 11:31:28.271 E/FMQ     (28987): grantorIdx must be less than 3
06-12 11:31:28.271 D/CCodecBufferChannel(28987): [c2.android.aac.decoder#712] Created input block pool with allocatorID 16 => poolID 18 - OK (0)
06-12 11:31:28.271 D/BufferPoolAccessor2.0(  476): bufferpool2 0xf00c9098 : 0(0 size) total buffers - 0(0 size) used buffers - 104/109 (recycle/alloc) - 5/109 (fetch/transfer)
06-12 11:31:28.272 D/BufferPoolAccessor2.0(  476): Destruction - bufferpool2 0xf00c9098 cached: 0/0M, 0/0% in use; allocs: 109, 95% recycled; transfers: 109, 95% unfetched
06-12 11:31:28.272 E/FMQ     (  476): grantorIdx must be less than 3
06-12 11:31:28.272 E/FMQ     (  476): grantorIdx must be less than 3
06-12 11:31:28.273 D/BufferPoolAccessor2.0(28987): bufferpool2 0xe71ba418 : 0(0 size) total buffers - 0(0 size) used buffers - 0/5 (recycle/alloc) - 4/216 (fetch/transfer)
06-12 11:31:28.273 D/BufferPoolAccessor2.0(28987): Destruction - bufferpool2 0xe71ba418 cached: 0/0M, 0/0% in use; allocs: 5, 0% recycled; transfers: 216, 98% unfetched
06-12 11:31:28.273 I/CCodecBufferChannel(28987): [c2.android.aac.decoder#712] Created output block pool with allocatorID 16 => poolID 109 - OK
06-12 11:31:28.273 D/CCodecBufferChannel(28987): [c2.android.aac.decoder#712] Configured output block pool ids 109 => OK
06-12 11:31:28.278 D/SimpleC2Component(  476): Using output block pool with poolID 109 => got 109 - 0
06-12 11:31:28.279 E/FMQ     (28987): grantorIdx must be less than 3
06-12 11:31:28.280 E/FMQ     (  476): grantorIdx must be less than 3
06-12 11:31:28.291 W/gralloc4(  475): Buffer descriptor with invalid usage bits 0x2000
06-12 11:31:28.298 D/[ 5277.885396@2]  [h265](    0): [0]vh265 cached=0  need_size=16384 speed= 84 ms
06-12 11:31:28.298 D/[ 5277.885844@0]  [h265](    0): set ucode parse
06-12 11:31:28.298 W/        (    0): [ 5277.885856@0]  hevc get comp info: 64 65536 797
06-12 11:31:28.298 D/[ 5277.885861@0]  [h265](    0): margin = 5, sps_max_dec_pic_buffering_minus1_0 = 5
06-12 11:31:28.298 I/[ 5277.885875@0]  [amlv4l](    0): [97]: Parse from ucode, visible(1920 x 1080), coded(1920 x 1088), scan:P, bitdepth(8), DW/TW(1, 0)
06-12 11:31:28.298 D/[ 5277.887040@0]  [h265](    0): [0]hevc->performance_profile 0
06-12 11:31:28.298 D/[ 5277.887060@0]  [h265](    0): [0]set pic_list_init_flag 1
06-12 11:31:28.298 D/[ 5277.887257@0]  [h265](    0): [0]init_buf_spec2 1920 1080
06-12 11:31:28.298 D/[ 5277.887267@0]  [h265](    0): [0]set pic_list_init_flag to 2
06-12 11:31:28.298 D/[ 5277.887303@0]  [h265](    0): [0]set pic_list_init_flag to 3
06-12 11:31:28.299 D/[ 5277.887308@0]  [h265](    0): [vdec_kpi][vh265_isr_thread_fn] First I frame coming.
06-12 11:31:28.303 I/[ 5277.888744@2]  [amlv4l](    0): [97]: Picture buffer count: dec:7, vpp:0, ge2d:0, margin:5, total:12
06-12 11:31:28.303 D/[ 5277.888761@2]  [amlv4l](    0): [97]: Post event: res chg
06-12 11:31:28.298 I/VDA     (  475): [0] "got V4L2_EVENT_SOURCE_CHANGE change event. changes 1\n"
06-12 11:31:28.298 I/VDA     (  475): [0] "got resolution change event.\n"
06-12 11:31:28.298 I/VDA     (  475): [0] "VIDIOC_G_FMT format.fmt.pix.width 1920\n"
06-12 11:31:28.298 I/VDA     (  475): [0] "[GetVisibleSize] visible width 1920, height 1080\n"
06-12 11:31:28.298 I/VDA     (  475): [0] "[NeedResolutionChange] dpb(0->12),size(0x0->1920x1080)"
06-12 11:31:28.298 I/VDA     (  475): [0] "ServiceDeviceTask(): buffer counts: IN[1,1], OUT[0,0,0] DEC[0->0] => DEVICE[3+0/3->0+0/0] => CLIENT[0]\n"
06-12 11:31:28.298 I/VDA     (  475): [0] "StopDevicePoll\n"
06-12 11:31:28.299 I/VDA     (  475): [0] "VIDIOC_G_FMT format.fmt.pix.width 1920\n"
06-12 11:31:28.299 I/VDA     (  475): [0] "[GetVisibleSize] visible width 1920, height 1080\n"
06-12 11:31:28.299 V/android.hardware.media.omx@1.0-service(  475): [0612/113128.299197:VERBOSE1:v4l2_video_decode_accelerator.cc(3173)] CheckInterlaced(): 
06-12 11:31:28.299 I/VDA     (  475): [0] "CheckInterlaced format.fmt.pix.field 1\n"
06-12 11:31:28.299 I/VDA     (  475): [0] "output_planes_count_ 1, format.fmt.pix.width 1920\n"
06-12 11:31:28.299 I/VDA     (  475): [0] "output_dpb_size_ 12, output buffer 12, coded_size_ 1920 x 1088\n"
06-12 11:31:28.299 I/VDA     (  475): [0] "StartDevicePoll\n"
06-12 11:31:28.299 W/gralloc4(  475): Buffer descriptor with invalid usage bits 0x2000
06-12 11:31:28.299 I/V4l2Adaptor(  475): V4l2Adaptor::ProvidePictureBuffers 12
06-12 11:31:28.299 D/VideoDecWraper(  475): providePictureBuffers:minNumBuffers:12
06-12 11:31:28.299 D/AmlogicVideoDecoderAwesome2(  475): [62]"ProvidePictureBuffers minNumBuffers:12, size(1920x1080) alignsize(1920x1088)"
06-12 11:31:28.299 I/AmVideoDec(  475): [0] "setupOutputBufferNum 12\n"
06-12 11:31:28.300 I/V4l2Adaptor(  475): assignPictureBuffers numOutputBuffers 12
06-12 11:31:28.300 I/VideoDecWraper(  475): importBufferForPicture:0
06-12 11:31:28.300 D/VideoDecWraper(  475): outbuf color format NV21
06-12 11:31:28.315 I/[ 5277.902724@3]  dim(    0): reg:use[6]ms
06-12 11:31:28.315 I/[ 5277.902741@3]  dim(    0): create:ch[2],tmode[3]
06-12 11:31:28.315 I/[ 5277.902745@3]  dim(    0): out:0x80000000
06-12 11:31:28.300 I/V4l2Adaptor(  475): importBufferForPicture pictureBufferId 0, dmabufFd 23, metaFd 24
06-12 11:31:28.300 I/VideoDecWraper(  475): importBufferForPicture:1
06-12 11:31:28.300 D/VideoDecWraper(  475): outbuf color format NV21
06-12 11:31:28.300 I/V4l2Adaptor(  475): importBufferForPicture pictureBufferId 1, dmabufFd 20, metaFd 21
06-12 11:31:28.300 I/VideoDecWraper(  475): importBufferForPicture:2
06-12 11:31:28.300 D/VideoDecWraper(  475): outbuf color format NV21
06-12 11:31:28.300 I/V4l2Adaptor(  475): importBufferForPicture pictureBufferId 2, dmabufFd 22, metaFd 25
06-12 11:31:28.300 I/V4l2Adaptor(  475): onAssignPictureBuffers numOutputBuffers 12
06-12 11:31:28.300 I/V4l2Adaptor(  475): onImportBufferForPicture pictureBufferId 0, dmabufFd 23, metaFd 24, plane size 1
06-12 11:31:28.300 I/V4l2Adaptor(  475): onImportBufferForPicture addr 0x0, stride 0, offset 0, size 0
06-12 11:31:28.300 I/VDA     (  475): [0] "ImportBufferForPicture picture_buffer_id 0\n"
06-12 11:31:28.300 I/V4l2Adaptor(  475): onImportBufferForPicture pictureBufferId 1, dmabufFd 20, metaFd 21, plane size 1
06-12 11:31:28.300 I/V4l2Adaptor(  475): onImportBufferForPicture addr 0x0, stride 0, offset 0, size 0
06-12 11:31:28.300 I/VDA     (  475): [0] "ImportBufferForPicture picture_buffer_id 1\n"
06-12 11:31:28.300 I/VDA     (  475): [0] "AssignPictureBuffersTask"
