--------- beginning of main
06-12 16:27:12.565 D/Glide   ( 1781): Finished loading Bitmap from LOCAL for com.bumptech.glide.gifdecoder.StandardGifDecoder@fb55452 with size [314x176] in 15.022625 ms
--------- beginning of crash
06-12 16:27:15.327 F/linker  ( 5567): CANNOT LINK EXECUTABLE "/system/bin/smartcable/smartCableSTBApp": library "libmosquitto.so" not found: needed by main executable
--------- beginning of kernel
06-12 16:27:15.587 D/[ 5910.943226@1]  logd(    0): logdr: UID=0 GID=0 PID=5572 b tail=0 logMask=99 pid=0 start=0ns timeout=0ns
06-12 16:27:15.604 D/[ 5910.957969@3]  logd(    0): Skipping 4294966941 entries from slow reader, pid 5572, from LogBuffer::kickMe()
--------- beginning of system
06-12 16:27:15.821 I/ActivityTaskManager(  632): START u0 {flg=0x10000000 cmp=in.startv.hotstar/com.hotstar.MainActivity} from uid 0
06-12 16:27:15.822 D/ActivityStarter(  632):  
06-12 16:27:15.822 D/ActivityStarter(  632): launchedPkgName :: in.startv.hotstar 
06-12 16:27:15.822 D/ActivityStarter(  632): callingPackage :: com.android.shell 
06-12 16:27:15.822 D/ActivityStarter(  632): callingUid :: 0 
06-12 16:27:15.822 D/ActivityStarter(  632): callingPid :: 5584
06-12 16:27:15.834 V/DigitalSignage(  632): Package Name: null
06-12 16:27:15.834 V/DigitalSignage(  632): Left: 0
06-12 16:27:15.834 V/DigitalSignage(  632): Right: 0
06-12 16:27:15.834 V/DigitalSignage(  632): Top: 0
06-12 16:27:15.834 V/DigitalSignage(  632): Bottom: 0
06-12 16:27:15.834 D/DigitalSignage(  632): else - Package Name :: null left : 0 right :: 0 top :: 0 bottom :: 0 dfu-right :: 1920 dfu-bottom :: 1080
06-12 16:27:15.845 D/CompatibilityChangeReporter(  632): Compat change id reported: 135634846; UID 10072; state: DISABLED
06-12 16:27:15.846 D/CompatibilityChangeReporter(  632): Compat change id reported: 143937733; UID 10072; state: ENABLED
06-12 16:27:15.866 I/ActivityManager(  632): Start proc 5587:in.startv.hotstar/u0a72 for pre-top-activity {in.startv.hotstar/com.hotstar.MainActivity}
06-12 16:27:15.896 V/DigitalSignage(  632): Package Name: null
06-12 16:27:15.896 V/DigitalSignage(  632): Left: 0
06-12 16:27:15.896 V/DigitalSignage(  632): Right: 0
06-12 16:27:15.896 V/DigitalSignage(  632): Top: 0
06-12 16:27:15.896 V/DigitalSignage(  632): Bottom: 0
06-12 16:27:15.896 D/DigitalSignage(  632): else - Package Name :: null left : 0 right :: 0 top :: 0 bottom :: 0 dfu-right :: 1920 dfu-bottom :: 1080
06-12 16:27:15.915 D/ActivityTaskManager(  632): JioHomeManagerService :: ActivityRecord :: setState :: StateFrom :: INITIALIZING StateTo :: RESUMED 
06-12 16:27:15.924 D/ActivityManager(  632): JioHomeManagerService :: StateFrom :: INITIALIZING StateTo :: RESUMED Activity :: in.startv.hotstar/com.hotstar.MainActivity Action :: com.jio.remote.action.applaunch
06-12 16:27:15.927 V/DigitalSignage(  632): Package Name: null
06-12 16:27:15.927 V/DigitalSignage(  632): Left: 0
06-12 16:27:15.927 V/DigitalSignage(  632): Right: 0
06-12 16:27:15.927 V/DigitalSignage(  632): Top: 0
06-12 16:27:15.927 V/DigitalSignage(  632): Bottom: 0
06-12 16:27:15.927 D/DigitalSignage(  632): else - Package Name :: null left : 0 right :: 0 top :: 0 bottom :: 0 dfu-right :: 1920 dfu-bottom :: 1080
06-12 16:27:15.935 V/DigitalSignage(  632): Package Name: null
06-12 16:27:15.935 V/DigitalSignage(  632): Left: 0
06-12 16:27:15.935 V/DigitalSignage(  632): Right: 0
06-12 16:27:15.935 V/DigitalSignage(  632): Top: 0
06-12 16:27:15.935 V/DigitalSignage(  632): Bottom: 0
06-12 16:27:15.936 D/DigitalSignage(  632): else - Package Name :: null left : 0 right :: 0 top :: 0 bottom :: 0 dfu-right :: 1920 dfu-bottom :: 1080
06-12 16:27:15.954 V/DigitalSignage(  632): Package Name: null
06-12 16:27:15.954 V/DigitalSignage(  632): Left: 0
06-12 16:27:15.954 V/DigitalSignage(  632): Right: 0
06-12 16:27:15.954 V/DigitalSignage(  632): Top: 0
06-12 16:27:15.954 V/DigitalSignage(  632): Bottom: 0
06-12 16:27:15.954 D/DigitalSignage(  632): else - Package Name :: null left : 0 right :: 0 top :: 0 bottom :: 0 dfu-right :: 1920 dfu-bottom :: 1080
06-12 16:27:16.358 V/DigitalSignage(  632): Package Name: null
06-12 16:27:16.359 V/DigitalSignage(  632): Left: 0
06-12 16:27:16.359 V/DigitalSignage(  632): Right: 0
06-12 16:27:16.359 V/DigitalSignage(  632): Top: 0
06-12 16:27:16.359 V/DigitalSignage(  632): Bottom: 0
06-12 16:27:16.359 D/DigitalSignage(  632): else - Package Name :: null left : 0 right :: 0 top :: 0 bottom :: 0 dfu-right :: 1920 dfu-bottom :: 1080
06-12 16:27:16.372 D/ConnectivityService(  632): NetReassign [no changes]
06-12 16:27:16.382 V/DigitalSignage(  632): Package Name: null
06-12 16:27:16.382 V/DigitalSignage(  632): Left: 0
06-12 16:27:16.382 V/DigitalSignage(  632): Right: 0
06-12 16:27:16.382 V/DigitalSignage(  632): Top: 0
06-12 16:27:16.382 V/DigitalSignage(  632): Bottom: 0
06-12 16:27:16.382 D/DigitalSignage(  632): else - Package Name :: null left : 0 right :: 0 top :: 0 bottom :: 0 dfu-right :: 1920 dfu-bottom :: 1080
06-12 16:27:16.775 D/CompatibilityChangeReporter(  632): Compat change id reported: 136274596; UID 10072; state: ENABLED
06-12 16:27:16.951 V/DigitalSignage(  632): Package Name: null
06-12 16:27:16.951 V/DigitalSignage(  632): Left: 0
06-12 16:27:16.951 V/DigitalSignage(  632): Right: 0
06-12 16:27:16.951 V/DigitalSignage(  632): Top: 0
06-12 16:27:16.951 V/DigitalSignage(  632): Bottom: 0
06-12 16:27:16.951 D/DigitalSignage(  632): else - Package Name :: null left : 0 right :: 0 top :: 0 bottom :: 0 dfu-right :: 1920 dfu-bottom :: 1080
06-12 16:27:16.951 V/DigitalSignage(  632): Package Name: null
06-12 16:27:16.951 V/DigitalSignage(  632): Left: 0
06-12 16:27:16.951 V/DigitalSignage(  632): Right: 0
06-12 16:27:16.951 V/DigitalSignage(  632): Top: 0
06-12 16:27:16.952 V/DigitalSignage(  632): Bottom: 0
06-12 16:27:16.952 D/DigitalSignage(  632): else - Package Name :: null left : 0 right :: 0 top :: 0 bottom :: 0 dfu-right :: 1920 dfu-bottom :: 1080
06-12 16:27:17.064 V/DigitalSignage(  632): Package Name: null
06-12 16:27:17.064 V/DigitalSignage(  632): Left: 0
06-12 16:27:17.064 V/DigitalSignage(  632): Right: 0
06-12 16:27:17.064 V/DigitalSignage(  632): Top: 0
06-12 16:27:17.064 V/DigitalSignage(  632): Bottom: 0
06-12 16:27:17.064 D/DigitalSignage(  632): else - Package Name :: null left : 0 right :: 0 top :: 0 bottom :: 0 dfu-right :: 1920 dfu-bottom :: 1080
06-12 16:27:17.064 V/DigitalSignage(  632): Package Name: null
06-12 16:27:17.064 V/DigitalSignage(  632): Left: 0
06-12 16:27:17.064 V/DigitalSignage(  632): Right: 0
06-12 16:27:17.064 V/DigitalSignage(  632): Top: 0
06-12 16:27:17.064 V/DigitalSignage(  632): Bottom: 0
06-12 16:27:17.064 D/DigitalSignage(  632): else - Package Name :: null left : 0 right :: 0 top :: 0 bottom :: 0 dfu-right :: 1920 dfu-bottom :: 1080
06-12 16:27:17.066 V/DigitalSignage(  632): Package Name: null
06-12 16:27:17.066 V/DigitalSignage(  632): Left: 0
06-12 16:27:17.067 V/DigitalSignage(  632): Right: 0
06-12 16:27:17.067 V/DigitalSignage(  632): Top: 0
06-12 16:27:17.067 V/DigitalSignage(  632): Bottom: 0
06-12 16:27:17.067 D/DigitalSignage(  632): else - Package Name :: null left : 0 right :: 0 top :: 0 bottom :: 0 dfu-right :: 1920 dfu-bottom :: 1080
06-12 16:27:17.067 V/DigitalSignage(  632): Package Name: null
06-12 16:27:17.067 V/DigitalSignage(  632): Left: 0
06-12 16:27:17.067 V/DigitalSignage(  632): Right: 0
06-12 16:27:17.067 V/DigitalSignage(  632): Top: 0
06-12 16:27:17.067 V/DigitalSignage(  632): Bottom: 0
06-12 16:27:17.068 D/DigitalSignage(  632): else - Package Name :: null left : 0 right :: 0 top :: 0 bottom :: 0 dfu-right :: 1920 dfu-bottom :: 1080
06-12 16:27:17.133 V/DigitalSignage(  632): Package Name: null
06-12 16:27:17.133 V/DigitalSignage(  632): Left: 0
06-12 16:27:17.133 V/DigitalSignage(  632): Right: 0
06-12 16:27:17.133 V/DigitalSignage(  632): Top: 0
06-12 16:27:17.133 V/DigitalSignage(  632): Bottom: 0
06-12 16:27:17.133 D/DigitalSignage(  632): else - Package Name :: null left : 0 right :: 0 top :: 0 bottom :: 0 dfu-right :: 1920 dfu-bottom :: 1080
06-12 16:27:17.133 V/DigitalSignage(  632): Package Name: null
06-12 16:27:17.133 V/DigitalSignage(  632): Left: 0
06-12 16:27:17.133 V/DigitalSignage(  632): Right: 0
06-12 16:27:17.133 V/DigitalSignage(  632): Top: 0
06-12 16:27:17.133 V/DigitalSignage(  632): Bottom: 0
06-12 16:27:17.134 D/DigitalSignage(  632): else - Package Name :: null left : 0 right :: 0 top :: 0 bottom :: 0 dfu-right :: 1920 dfu-bottom :: 1080
06-12 16:27:17.239 W/[ 5912.596336@1]  RTW(    0): fill_default_txdesc(wlan0): SP Packet(0x0806) rate=0x4 SeqNum = 903
06-12 16:27:17.286 V/DigitalSignage(  632): Package Name: null
06-12 16:27:17.286 V/DigitalSignage(  632): Left: 0
06-12 16:27:17.286 V/DigitalSignage(  632): Right: 0
06-12 16:27:17.287 V/DigitalSignage(  632): Top: 0
06-12 16:27:17.287 V/DigitalSignage(  632): Bottom: 0
06-12 16:27:17.288 D/DigitalSignage(  632): else - Package Name :: null left : 0 right :: 0 top :: 0 bottom :: 0 dfu-right :: 1920 dfu-bottom :: 1080
06-12 16:27:17.311 V/DigitalSignage(  632): Package Name: null
06-12 16:27:17.311 V/DigitalSignage(  632): Left: 0
06-12 16:27:17.311 V/DigitalSignage(  632): Right: 0
06-12 16:27:17.311 V/DigitalSignage(  632): Top: 0
06-12 16:27:17.311 V/DigitalSignage(  632): Bottom: 0
06-12 16:27:17.312 D/DigitalSignage(  632): else - Package Name :: null left : 0 right :: 0 top :: 0 bottom :: 0 dfu-right :: 1920 dfu-bottom :: 1080
06-12 16:27:17.457 V/DigitalSignage(  632): Package Name: null
06-12 16:27:17.457 V/DigitalSignage(  632): Left: 0
06-12 16:27:17.457 V/DigitalSignage(  632): Right: 0
06-12 16:27:17.457 V/DigitalSignage(  632): Top: 0
06-12 16:27:17.457 V/DigitalSignage(  632): Bottom: 0
06-12 16:27:17.457 D/DigitalSignage(  632): else - Package Name :: null left : 0 right :: 0 top :: 0 bottom :: 0 dfu-right :: 1920 dfu-bottom :: 1080
06-12 16:27:19.167 W/[ 5914.522983@3]  audit(    0): audit_lost=6324 audit_rate_limit=5 audit_backlog_limit=64
06-12 16:27:19.168 E/[ 5914.522993@3]  audit(    0): rate limit exceeded
06-12 16:27:19.422 E/TaskPersister(  632): File error accessing recents directory (directory doesn't exist?).
06-12 16:27:20.330 F/linker  ( 5712): CANNOT LINK EXECUTABLE "/system/bin/smartcable/smartCableSTBApp": library "libmosquitto.so" not found: needed by main executable
06-12 16:27:20.431 W/[ 5915.787979@3]  audit(    0): audit_lost=6438 audit_rate_limit=5 audit_backlog_limit=64
06-12 16:27:20.432 E/[ 5915.787990@3]  audit(    0): rate limit exceeded
06-12 16:27:22.312 W/[ 5917.667545@1]  RTW(    0): fill_default_txdesc(wlan0): SP Packet(0x0806) rate=0x4 SeqNum = 2054
06-12 16:27:25.336 F/linker  ( 5735): CANNOT LINK EXECUTABLE "/system/bin/smartcable/smartCableSTBApp": library "libmosquitto.so" not found: needed by main executable
06-12 16:27:27.459 W/[ 5922.816565@2]  RTW(    0): fill_default_txdesc(wlan0): SP Packet(0x0806) rate=0x4 SeqNum = 2999
06-12 16:27:28.735 V/DigitalSignage(  632): Package Name: null
06-12 16:27:28.735 V/DigitalSignage(  632): Left: 0
06-12 16:27:28.735 V/DigitalSignage(  632): Right: 0
06-12 16:27:28.735 V/DigitalSignage(  632): Top: 0
06-12 16:27:28.735 V/DigitalSignage(  632): Bottom: 0
06-12 16:27:28.736 D/DigitalSignage(  632): else - Package Name :: null left : 0 right :: 0 top :: 0 bottom :: 0 dfu-right :: 1920 dfu-bottom :: 1080
06-12 16:27:30.340 F/linker  ( 5748): CANNOT LINK EXECUTABLE "/system/bin/smartcable/smartCableSTBApp": library "libmosquitto.so" not found: needed by main executable
06-12 16:27:32.563 W/[ 5927.916995@2]  RTW(    0): fill_default_txdesc(wlan0): SP Packet(0x0806) rate=0x4 SeqNum = 43
06-12 16:27:33.218 V/DigitalSignage(  632): Package Name: null
06-12 16:27:33.218 V/DigitalSignage(  632): Left: 0
06-12 16:27:33.218 V/DigitalSignage(  632): Right: 0
06-12 16:27:33.218 V/DigitalSignage(  632): Top: 0
06-12 16:27:33.218 V/DigitalSignage(  632): Bottom: 0
06-12 16:27:33.218 D/DigitalSignage(  632): else - Package Name :: null left : 0 right :: 0 top :: 0 bottom :: 0 dfu-right :: 1920 dfu-bottom :: 1080
06-12 16:27:33.244 V/DigitalSignage(  632): Package Name: null
06-12 16:27:33.244 V/DigitalSignage(  632): Left: 0
06-12 16:27:33.244 V/DigitalSignage(  632): Right: 0
06-12 16:27:33.245 V/DigitalSignage(  632): Top: 0
06-12 16:27:33.245 V/DigitalSignage(  632): Bottom: 0
06-12 16:27:33.245 D/DigitalSignage(  632): else - Package Name :: null left : 0 right :: 0 top :: 0 bottom :: 0 dfu-right :: 1920 dfu-bottom :: 1080
06-12 16:27:34.710 D/AutofillManagerService(  632): onBackKeyPressed()
06-12 16:27:34.967 E/[ 5930.321729@2]  selinux(    0): SELinux:  Could not stat /sys/kernel/dmabuf/buffers/1385703/attachments: No such file or directory.
06-12 16:27:34.968 E/[ 5930.321746@2]  selinux(    0):  
06-12 16:27:34.983 E/[ 5930.339964@2]  selinux(    0): SELinux: Could not get canonical path for /sys/kernel/dmabuf/buffers/1385713/attachments restorecon: No such file or directory.
06-12 16:27:34.984 E/[ 5930.339980@2]  selinux(    0):  
06-12 16:27:34.984 E/[ 5930.340729@2]  ueventd(    0): selinux_android_restorecon(/sys/kernel/dmabuf/buffers/1385713/attachments) failed: No such file or directory
06-12 16:27:34.999 E/[ 5930.353030@2]  selinux(    0): SELinux:  Could not stat /sys/kernel/dmabuf/buffers/1368846/attachments: No such file or directory.
06-12 16:27:35.000 E/[ 5930.353046@2]  selinux(    0):  
06-12 16:27:35.000 E/[ 5930.355183@2]  selinux(    0): SELinux:  Could not stat /sys/kernel/dmabuf/buffers/1368848/attachments: No such file or directory.
06-12 16:27:35.000 E/[ 5930.355199@2]  selinux(    0):  
06-12 16:27:35.348 F/linker  ( 5788): CANNOT LINK EXECUTABLE "/system/bin/smartcable/smartCableSTBApp": library "libmosquitto.so" not found: needed by main executable
06-12 16:27:36.032 W/[ 5931.388716@2]  RTW(    0): Turbo EDCA =0xa42b
06-12 16:27:37.359 W/[ 5932.715278@0]  RTW(    0): fill_default_txdesc(wlan0): SP Packet(0x0806) rate=0x4 SeqNum = 3671
06-12 16:27:37.412 V/DigitalSignage(  632): Package Name: null
06-12 16:27:37.412 V/DigitalSignage(  632): Left: 0
06-12 16:27:37.412 V/DigitalSignage(  632): Right: 0
06-12 16:27:37.412 V/DigitalSignage(  632): Top: 0
06-12 16:27:37.412 V/DigitalSignage(  632): Bottom: 0
06-12 16:27:37.412 D/DigitalSignage(  632): else - Package Name :: null left : 0 right :: 0 top :: 0 bottom :: 0 dfu-right :: 1920 dfu-bottom :: 1080
06-12 16:27:37.766 V/DigitalSignage(  632): Package Name: null
06-12 16:27:37.766 V/DigitalSignage(  632): Left: 0
06-12 16:27:37.766 V/DigitalSignage(  632): Right: 0
06-12 16:27:37.766 V/DigitalSignage(  632): Top: 0
06-12 16:27:37.766 V/DigitalSignage(  632): Bottom: 0
06-12 16:27:37.766 D/DigitalSignage(  632): else - Package Name :: null left : 0 right :: 0 top :: 0 bottom :: 0 dfu-right :: 1920 dfu-bottom :: 1080
06-12 16:27:38.929 V/DigitalSignage(  632): Package Name: null
06-12 16:27:38.929 V/DigitalSignage(  632): Left: 0
06-12 16:27:38.929 V/DigitalSignage(  632): Right: 0
06-12 16:27:38.929 V/DigitalSignage(  632): Top: 0
06-12 16:27:38.929 V/DigitalSignage(  632): Bottom: 0
06-12 16:27:38.929 D/DigitalSignage(  632): else - Package Name :: null left : 0 right :: 0 top :: 0 bottom :: 0 dfu-right :: 1920 dfu-bottom :: 1080
06-12 16:27:38.936 V/DigitalSignage(  632): Package Name: null
06-12 16:27:38.936 V/DigitalSignage(  632): Left: 0
06-12 16:27:38.936 V/DigitalSignage(  632): Right: 0
06-12 16:27:38.936 V/DigitalSignage(  632): Top: 0
06-12 16:27:38.936 V/DigitalSignage(  632): Bottom: 0
06-12 16:27:38.936 D/DigitalSignage(  632): else - Package Name :: null left : 0 right :: 0 top :: 0 bottom :: 0 dfu-right :: 1920 dfu-bottom :: 1080
06-12 16:27:38.936 V/DigitalSignage(  632): Package Name: null
06-12 16:27:38.936 V/DigitalSignage(  632): Left: 0
06-12 16:27:38.936 V/DigitalSignage(  632): Right: 0
06-12 16:27:38.936 V/DigitalSignage(  632): Top: 0
06-12 16:27:38.936 V/DigitalSignage(  632): Bottom: 0
06-12 16:27:38.936 D/DigitalSignage(  632): else - Package Name :: null left : 0 right :: 0 top :: 0 bottom :: 0 dfu-right :: 1920 dfu-bottom :: 1080
06-12 16:27:38.965 V/DigitalSignage(  632): Package Name: null
06-12 16:27:38.965 V/DigitalSignage(  632): Left: 0
06-12 16:27:38.965 V/DigitalSignage(  632): Right: 0
06-12 16:27:38.965 V/DigitalSignage(  632): Top: 0
06-12 16:27:38.965 V/DigitalSignage(  632): Bottom: 0
06-12 16:27:38.965 D/DigitalSignage(  632): else - Package Name :: null left : 0 right :: 0 top :: 0 bottom :: 0 dfu-right :: 1920 dfu-bottom :: 1080
06-12 16:27:38.966 V/DigitalSignage(  632): Package Name: null
06-12 16:27:38.966 V/DigitalSignage(  632): Left: 0
06-12 16:27:38.966 V/DigitalSignage(  632): Right: 0
06-12 16:27:38.966 V/DigitalSignage(  632): Top: 0
06-12 16:27:38.966 V/DigitalSignage(  632): Bottom: 0
06-12 16:27:38.966 D/DigitalSignage(  632): else - Package Name :: null left : 0 right :: 0 top :: 0 bottom :: 0 dfu-right :: 1920 dfu-bottom :: 1080
06-12 16:27:38.992 V/DigitalSignage(  632): Package Name: null
06-12 16:27:38.992 V/DigitalSignage(  632): Left: 0
06-12 16:27:38.992 V/DigitalSignage(  632): Right: 0
06-12 16:27:38.992 V/DigitalSignage(  632): Top: 0
06-12 16:27:38.992 V/DigitalSignage(  632): Bottom: 0
06-12 16:27:38.993 D/DigitalSignage(  632): else - Package Name :: null left : 0 right :: 0 top :: 0 bottom :: 0 dfu-right :: 1920 dfu-bottom :: 1080
06-12 16:27:38.993 V/DigitalSignage(  632): Package Name: null
06-12 16:27:38.993 V/DigitalSignage(  632): Left: 0
06-12 16:27:38.993 V/DigitalSignage(  632): Right: 0
06-12 16:27:38.993 V/DigitalSignage(  632): Top: 0
06-12 16:27:38.993 V/DigitalSignage(  632): Bottom: 0
06-12 16:27:38.993 D/DigitalSignage(  632): else - Package Name :: null left : 0 right :: 0 top :: 0 bottom :: 0 dfu-right :: 1920 dfu-bottom :: 1080
06-12 16:27:38.999 V/DigitalSignage(  632): Package Name: null
06-12 16:27:38.999 V/DigitalSignage(  632): Left: 0
06-12 16:27:38.999 V/DigitalSignage(  632): Right: 0
06-12 16:27:38.999 V/DigitalSignage(  632): Top: 0
06-12 16:27:38.999 V/DigitalSignage(  632): Bottom: 0
06-12 16:27:39.000 D/DigitalSignage(  632): else - Package Name :: null left : 0 right :: 0 top :: 0 bottom :: 0 dfu-right :: 1920 dfu-bottom :: 1080
06-12 16:27:39.000 V/DigitalSignage(  632): Package Name: null
06-12 16:27:39.000 V/DigitalSignage(  632): Left: 0
06-12 16:27:39.000 V/DigitalSignage(  632): Right: 0
06-12 16:27:39.000 V/DigitalSignage(  632): Top: 0
06-12 16:27:39.000 V/DigitalSignage(  632): Bottom: 0
06-12 16:27:39.001 D/DigitalSignage(  632): else - Package Name :: null left : 0 right :: 0 top :: 0 bottom :: 0 dfu-right :: 1920 dfu-bottom :: 1080
06-12 16:27:39.038 V/DigitalSignage(  632): Package Name: null
06-12 16:27:39.038 V/DigitalSignage(  632): Left: 0
06-12 16:27:39.038 V/DigitalSignage(  632): Right: 0
06-12 16:27:39.038 V/DigitalSignage(  632): Top: 0
06-12 16:27:39.038 V/DigitalSignage(  632): Bottom: 0
06-12 16:27:39.038 D/DigitalSignage(  632): else - Package Name :: null left : 0 right :: 0 top :: 0 bottom :: 0 dfu-right :: 1920 dfu-bottom :: 1080
06-12 16:27:39.039 V/DigitalSignage(  632): Package Name: null
06-12 16:27:39.039 V/DigitalSignage(  632): Left: 0
06-12 16:27:39.039 V/DigitalSignage(  632): Right: 0
06-12 16:27:39.039 V/DigitalSignage(  632): Top: 0
06-12 16:27:39.039 V/DigitalSignage(  632): Bottom: 0
06-12 16:27:39.039 D/DigitalSignage(  632): else - Package Name :: null left : 0 right :: 0 top :: 0 bottom :: 0 dfu-right :: 1920 dfu-bottom :: 1080
06-12 16:27:39.046 V/DigitalSignage(  632): Package Name: null
06-12 16:27:39.046 V/DigitalSignage(  632): Left: 0
06-12 16:27:39.046 V/DigitalSignage(  632): Right: 0
06-12 16:27:39.046 V/DigitalSignage(  632): Top: 0
06-12 16:27:39.046 V/DigitalSignage(  632): Bottom: 0
06-12 16:27:39.046 D/DigitalSignage(  632): else - Package Name :: null left : 0 right :: 0 top :: 0 bottom :: 0 dfu-right :: 1920 dfu-bottom :: 1080
06-12 16:27:39.046 V/DigitalSignage(  632): Package Name: null
06-12 16:27:39.046 V/DigitalSignage(  632): Left: 0
06-12 16:27:39.046 V/DigitalSignage(  632): Right: 0
06-12 16:27:39.046 V/DigitalSignage(  632): Top: 0
06-12 16:27:39.046 V/DigitalSignage(  632): Bottom: 0
06-12 16:27:39.047 D/DigitalSignage(  632): else - Package Name :: null left : 0 right :: 0 top :: 0 bottom :: 0 dfu-right :: 1920 dfu-bottom :: 1080
06-12 16:27:39.987 W/[ 5935.343171@0]  audit(    0): audit_lost=6442 audit_rate_limit=5 audit_backlog_limit=64
06-12 16:27:39.988 E/[ 5935.343181@0]  audit(    0): rate limit exceeded
06-12 16:27:40.068 W/[ 5935.420735@1]  RTW(    0): Turbo EDCA =0x5ea42b
06-12 16:27:40.169 V/DigitalSignage(  632): Package Name: null
06-12 16:27:40.169 V/DigitalSignage(  632): Left: 0
06-12 16:27:40.169 V/DigitalSignage(  632): Right: 0
06-12 16:27:40.169 V/DigitalSignage(  632): Top: 0
06-12 16:27:40.169 V/DigitalSignage(  632): Bottom: 0
06-12 16:27:40.170 D/DigitalSignage(  632): else - Package Name :: null left : 0 right :: 0 top :: 0 bottom :: 0 dfu-right :: 1920 dfu-bottom :: 1080
06-12 16:27:40.170 V/DigitalSignage(  632): Package Name: null
06-12 16:27:40.170 V/DigitalSignage(  632): Left: 0
06-12 16:27:40.170 V/DigitalSignage(  632): Right: 0
06-12 16:27:40.170 V/DigitalSignage(  632): Top: 0
06-12 16:27:40.170 V/DigitalSignage(  632): Bottom: 0
06-12 16:27:40.170 D/DigitalSignage(  632): else - Package Name :: null left : 0 right :: 0 top :: 0 bottom :: 0 dfu-right :: 1920 dfu-bottom :: 1080
06-12 16:27:40.348 F/linker  ( 5829): CANNOT LINK EXECUTABLE "/system/bin/smartcable/smartCableSTBApp": library "libmosquitto.so" not found: needed by main executable
06-12 16:27:40.545 V/DigitalSignage(  632): Package Name: null
06-12 16:27:40.545 V/DigitalSignage(  632): Left: 0
06-12 16:27:40.545 V/DigitalSignage(  632): Right: 0
06-12 16:27:40.545 V/DigitalSignage(  632): Top: 0
06-12 16:27:40.545 V/DigitalSignage(  632): Bottom: 0
06-12 16:27:40.545 D/DigitalSignage(  632): else - Package Name :: null left : 0 right :: 0 top :: 0 bottom :: 0 dfu-right :: 1920 dfu-bottom :: 1080
06-12 16:27:40.546 V/DigitalSignage(  632): Package Name: null
06-12 16:27:40.546 V/DigitalSignage(  632): Left: 0
06-12 16:27:40.546 V/DigitalSignage(  632): Right: 0
06-12 16:27:40.546 V/DigitalSignage(  632): Top: 0
06-12 16:27:40.546 V/DigitalSignage(  632): Bottom: 0
06-12 16:27:40.546 D/DigitalSignage(  632): else - Package Name :: null left : 0 right :: 0 top :: 0 bottom :: 0 dfu-right :: 1920 dfu-bottom :: 1080
06-12 16:27:41.316 D/AutofillManagerService(  632): onBackKeyPressed()
06-12 16:27:41.325 V/DigitalSignage(  632): Package Name: null
06-12 16:27:41.325 V/DigitalSignage(  632): Left: 0
06-12 16:27:41.325 V/DigitalSignage(  632): Right: 0
06-12 16:27:41.325 V/DigitalSignage(  632): Top: 0
06-12 16:27:41.325 V/DigitalSignage(  632): Bottom: 0
06-12 16:27:41.332 D/DigitalSignage(  632): else - Package Name :: null left : 0 right :: 0 top :: 0 bottom :: 0 dfu-right :: 1920 dfu-bottom :: 1080
06-12 16:27:41.333 V/DigitalSignage(  632): Package Name: null
06-12 16:27:41.336 V/DigitalSignage(  632): Left: 0
06-12 16:27:41.336 V/DigitalSignage(  632): Right: 0
06-12 16:27:41.336 V/DigitalSignage(  632): Top: 0
06-12 16:27:41.336 V/DigitalSignage(  632): Bottom: 0
06-12 16:27:41.336 D/DigitalSignage(  632): else - Package Name :: null left : 0 right :: 0 top :: 0 bottom :: 0 dfu-right :: 1920 dfu-bottom :: 1080
06-12 16:27:41.341 V/DigitalSignage(  632): Package Name: null
06-12 16:27:41.341 V/DigitalSignage(  632): Left: 0
06-12 16:27:41.341 V/DigitalSignage(  632): Right: 0
06-12 16:27:41.341 V/DigitalSignage(  632): Top: 0
06-12 16:27:41.342 V/DigitalSignage(  632): Bottom: 0
06-12 16:27:41.343 D/DigitalSignage(  632): else - Package Name :: null left : 0 right :: 0 top :: 0 bottom :: 0 dfu-right :: 1920 dfu-bottom :: 1080
06-12 16:27:41.343 V/DigitalSignage(  632): Package Name: null
06-12 16:27:41.343 V/DigitalSignage(  632): Left: 0
06-12 16:27:41.343 V/DigitalSignage(  632): Right: 0
06-12 16:27:41.343 V/DigitalSignage(  632): Top: 0
06-12 16:27:41.343 V/DigitalSignage(  632): Bottom: 0
06-12 16:27:41.344 D/DigitalSignage(  632): else - Package Name :: null left : 0 right :: 0 top :: 0 bottom :: 0 dfu-right :: 1920 dfu-bottom :: 1080
06-12 16:27:41.349 V/DigitalSignage(  632): Package Name: null
06-12 16:27:41.349 V/DigitalSignage(  632): Left: 0
06-12 16:27:41.349 V/DigitalSignage(  632): Right: 0
06-12 16:27:41.349 V/DigitalSignage(  632): Top: 0
06-12 16:27:41.349 V/DigitalSignage(  632): Bottom: 0
06-12 16:27:41.349 D/DigitalSignage(  632): else - Package Name :: null left : 0 right :: 0 top :: 0 bottom :: 0 dfu-right :: 1920 dfu-bottom :: 1080
06-12 16:27:41.350 V/DigitalSignage(  632): Package Name: null
06-12 16:27:41.350 V/DigitalSignage(  632): Left: 0
06-12 16:27:41.350 V/DigitalSignage(  632): Right: 0
06-12 16:27:41.350 V/DigitalSignage(  632): Top: 0
06-12 16:27:41.350 V/DigitalSignage(  632): Bottom: 0
06-12 16:27:41.350 D/DigitalSignage(  632): else - Package Name :: null left : 0 right :: 0 top :: 0 bottom :: 0 dfu-right :: 1920 dfu-bottom :: 1080
06-12 16:27:41.547 V/DigitalSignage(  632): Package Name: null
06-12 16:27:41.547 V/DigitalSignage(  632): Left: 0
06-12 16:27:41.547 V/DigitalSignage(  632): Right: 0
06-12 16:27:41.547 V/DigitalSignage(  632): Top: 0
06-12 16:27:41.547 V/DigitalSignage(  632): Bottom: 0
06-12 16:27:41.547 D/DigitalSignage(  632): else - Package Name :: null left : 0 right :: 0 top :: 0 bottom :: 0 dfu-right :: 1920 dfu-bottom :: 1080
06-12 16:27:42.540 W/[ 5937.893353@1]  RTW(    0): fill_default_txdesc(wlan0): SP Packet(0x0806) rate=0x4 SeqNum = 736
06-12 16:27:43.559 W/[ 5938.912718@2]  RTW(    0): fill_default_txdesc(wlan0): SP Packet(0x0806) rate=0x4 SeqNum = 963
06-12 16:27:44.099 W/[ 5939.452763@1]  RTW(    0): Turbo EDCA =0xa42b
06-12 16:27:45.302 I/ActivityManager(  632): Force stopping io.appium.uiautomator2.server appid=10096 user=0: from pid 5885
06-12 16:27:45.303 I/ActivityManager(  632): Killing 5517:io.appium.uiautomator2.server/u0a96 (adj 0): stop io.appium.uiautomator2.server due to from pid 5885
06-12 16:27:45.304 W/ActivityManager(  632): Crash of app io.appium.uiautomator2.server running instrumentation ComponentInfo{io.appium.uiautomator2.server.test/androidx.test.runner.AndroidJUnitRunner}
06-12 16:27:45.305 I/ActivityManager(  632): Force stopping io.appium.uiautomator2.server appid=10096 user=0: finished inst
06-12 16:27:45.317 I/ActivityManager(  632): Force stopping io.appium.uiautomator2.server.test appid=10095 user=0: from pid 5884
06-12 16:27:45.350 F/linker  ( 5893): CANNOT LINK EXECUTABLE "/system/bin/smartcable/smartCableSTBApp": library "libmosquitto.so" not found: needed by main executable
06-12 16:27:45.351 W/WindowManager(  632): removeWindowToken: Attempted to remove non-existing token: android.os.Binder@40f67e3
06-12 16:27:46.116 W/[ 5941.468824@3]  RTW(    0): Turbo EDCA =0x5ea42b
06-12 16:27:47.112 W/[ 5942.466302@2]  RTW(    0): cfg80211_rtw_scan(wlan0)
06-12 16:27:47.112 W/[ 5942.466323@2]  RTW(    0): cfg80211_rtw_scan (wlan0) tx:454, rx:121, bi:575 kbps, disallow(0)
06-12 16:27:47.119 W/[ 5942.473358@3]  RTW(    0): [HW_VAR_CHECK_TXBUF] Empty in 4 ms
06-12 16:27:47.120 W/[ 5942.473435@3]  RTW(    0): wlan0 sleep m0=0x00000003, ori reg_0x4d4=0x00000000
06-12 16:27:47.811 W/[ 5943.165089@3]  RTW(    0): LeaveAllPowerSaveModeDirect.....
06-12 16:27:47.812 W/[ 5943.165101@3]  RTW(    0): LeaveAllPowerSaveModeDirect: Driver Already Leave LPS
06-12 16:27:47.812 W/[ 5943.165108@3]  RTW(    0): rtw_hal_set_macaddr_port wlan0- hw port(0) mac_addr =a8:71:16:66:28:c6
06-12 16:27:47.812 W/[ 5943.165227@3]  RTW(    0): wlan0- hw port(0) mac_addr =a8:71:16:66:28:c6
06-12 16:27:47.812 W/[ 5943.165278@3]  RTW(    0): p2p0- hw port(1) mac_addr =aa:71:16:66:28:c6
06-12 16:27:47.812 W/[ 5943.168662@3]  RTW(    0): wlan0 wakeup m0=0x00000003, ori reg_0x4d4=0x00000003
06-12 16:27:47.816 W/[ 5943.169597@2]  RTW(    0): survey done event(48) band:0 for wlan0
06-12 16:27:47.816 W/        (    0): [ 5943.169612@2]  ========== ACS (VER-3) ==========
06-12 16:27:47.816 W/        (    0): [ 5943.169615@2]  Best 24G Channel:1
06-12 16:27:47.816 W/        (    0): [ 5943.169618@2]  Best 5G Channel:52
06-12 16:27:47.816 W/        (    0): [ 5943.169618@2]
06-12 16:27:47.816 W/[ 5943.169677@2]  RTW(    0): rtw_indicate_scan_done(wlan0)
06-12 16:27:47.911 W/[ 5943.265501@1]  RTW(    0): fill_default_txdesc(wlan0): SP Packet(0x0806) rate=0x4 SeqNum = 1906
06-12 16:27:50.360 F/linker  ( 5943): CANNOT LINK EXECUTABLE "/system/bin/smartcable/smartCableSTBApp": library "libmosquitto.so" not found: needed by main executable
06-12 16:27:53.031 W/[ 5948.387284@3]  RTW(    0): fill_default_txdesc(wlan0): SP Packet(0x0806) rate=0x4 SeqNum = 2364
06-12 16:27:55.367 F/linker  ( 5954): CANNOT LINK EXECUTABLE "/system/bin/smartcable/smartCableSTBApp": library "libmosquitto.so" not found: needed by main executable
06-12 16:27:57.943 W/[ 5953.300523@0]  RTW(    0): fill_default_txdesc(wlan0): SP Packet(0x0806) rate=0x4 SeqNum = 2914
06-12 16:28:00.362 F/linker  ( 5968): CANNOT LINK EXECUTABLE "/system/bin/smartcable/smartCableSTBApp": library "libmosquitto.so" not found: needed by main executable
06-12 16:28:02.239 W/[ 5957.595056@1]  RTW(    0): fill_default_txdesc(wlan0): SP Packet(0x0806) rate=0x4 SeqNum = 3319
06-12 16:28:05.369 F/linker  ( 5979): CANNOT LINK EXECUTABLE "/system/bin/smartcable/smartCableSTBApp": library "libmosquitto.so" not found: needed by main executable
06-12 16:28:07.392 W/[ 5962.746823@3]  RTW(    0): fill_default_txdesc(wlan0): SP Packet(0x0806) rate=0x4 SeqNum = 3829
06-12 16:28:09.039 D/AutofillManagerService(  632): onBackKeyPressed()
06-12 16:28:09.600 D/AutofillManagerService(  632): onBackKeyPressed()
06-12 16:28:09.644 D/ActivityTaskManager(  632): JioHomeManagerService :: ActivityRecord :: setState :: StateFrom :: STOPPED StateTo :: RESUMED 
06-12 16:28:09.649 D/ActivityManager(  632): JioHomeManagerService :: StateFrom :: STOPPED StateTo :: RESUMED Activity :: com.iwedia.ui.rjio.launcher.reliance/com.iwedia.ui.rjio.launcher.ui.intro.IntroActivity Action :: com.jio.remote.action.applaunch
06-12 16:28:09.658 V/DigitalSignage(  632): Package Name: null
06-12 16:28:09.658 V/DigitalSignage(  632): Left: 0
06-12 16:28:09.658 V/DigitalSignage(  632): Right: 0
06-12 16:28:09.658 V/DigitalSignage(  632): Top: 0
06-12 16:28:09.658 V/DigitalSignage(  632): Bottom: 0
06-12 16:28:09.658 D/DigitalSignage(  632): else - Package Name :: null left : 0 right :: 0 top :: 0 bottom :: 0 dfu-right :: 1920 dfu-bottom :: 1080
06-12 16:28:09.704 W/ActivityManager(  632): Receiver with filter android.content.IntentFilter@1e0351c already registered for pid 1781, callerPackage is com.iwedia.ui.rjio.launcher.reliance
06-12 16:28:09.736 V/DigitalSignage(  632): Package Name: null
06-12 16:28:09.736 V/DigitalSignage(  632): Left: 0
06-12 16:28:09.736 V/DigitalSignage(  632): Right: 0
06-12 16:28:09.736 V/DigitalSignage(  632): Top: 0
06-12 16:28:09.736 V/DigitalSignage(  632): Bottom: 0
06-12 16:28:09.736 D/DigitalSignage(  632): else - Package Name :: null left : 0 right :: 0 top :: 0 bottom :: 0 dfu-right :: 1920 dfu-bottom :: 1080
06-12 16:28:09.836 V/DigitalSignage(  632): Package Name: null
06-12 16:28:09.837 V/DigitalSignage(  632): Left: 0
06-12 16:28:09.837 V/DigitalSignage(  632): Right: 0
06-12 16:28:09.837 V/DigitalSignage(  632): Top: 0
06-12 16:28:09.837 V/DigitalSignage(  632): Bottom: 0
06-12 16:28:09.839 D/DigitalSignage(  632): else - Package Name :: null left : 0 right :: 0 top :: 0 bottom :: 0 dfu-right :: 1920 dfu-bottom :: 1080
06-12 16:28:09.844 V/DigitalSignage(  632): Package Name: null
06-12 16:28:09.844 V/DigitalSignage(  632): Left: 0
06-12 16:28:09.844 V/DigitalSignage(  632): Right: 0
06-12 16:28:09.844 V/DigitalSignage(  632): Top: 0
06-12 16:28:09.844 V/DigitalSignage(  632): Bottom: 0
06-12 16:28:09.845 D/DigitalSignage(  632): else - Package Name :: null left : 0 right :: 0 top :: 0 bottom :: 0 dfu-right :: 1920 dfu-bottom :: 1080
06-12 16:28:09.861 V/DigitalSignage(  632): Package Name: null
06-12 16:28:09.861 V/DigitalSignage(  632): Left: 0
06-12 16:28:09.861 V/DigitalSignage(  632): Right: 0
06-12 16:28:09.861 V/DigitalSignage(  632): Top: 0
06-12 16:28:09.861 V/DigitalSignage(  632): Bottom: 0
06-12 16:28:09.862 D/DigitalSignage(  632): else - Package Name :: null left : 0 right :: 0 top :: 0 bottom :: 0 dfu-right :: 1920 dfu-bottom :: 1080
06-12 16:28:09.864 V/DigitalSignage(  632): Package Name: null
06-12 16:28:09.864 V/DigitalSignage(  632): Left: 0
06-12 16:28:09.864 V/DigitalSignage(  632): Right: 0
06-12 16:28:09.864 V/DigitalSignage(  632): Top: 0
06-12 16:28:09.864 V/DigitalSignage(  632): Bottom: 0
06-12 16:28:09.865 D/DigitalSignage(  632): else - Package Name :: null left : 0 right :: 0 top :: 0 bottom :: 0 dfu-right :: 1920 dfu-bottom :: 1080
06-12 16:28:10.058 V/DigitalSignage(  632): Package Name: null
06-12 16:28:10.058 V/DigitalSignage(  632): Left: 0
06-12 16:28:10.058 V/DigitalSignage(  632): Right: 0
06-12 16:28:10.058 V/DigitalSignage(  632): Top: 0
06-12 16:28:10.058 V/DigitalSignage(  632): Bottom: 0
06-12 16:28:10.059 D/DigitalSignage(  632): else - Package Name :: null left : 0 right :: 0 top :: 0 bottom :: 0 dfu-right :: 1920 dfu-bottom :: 1080
06-12 16:28:10.370 F/linker  ( 6006): CANNOT LINK EXECUTABLE "/system/bin/smartcable/smartCableSTBApp": library "libmosquitto.so" not found: needed by main executable
06-12 16:28:12.487 W/[ 5967.844286@0]  RTW(    0): fill_default_txdesc(wlan0): SP Packet(0x0806) rate=0x4 SeqNum = 873
06-12 16:28:13.108 E/TaskPersister(  632): File error accessing recents directory (directory doesn't exist?).
06-12 16:28:15.380 F/linker  ( 6020): CANNOT LINK EXECUTABLE "/system/bin/smartcable/smartCableSTBApp": library "libmosquitto.so" not found: needed by main executable
06-12 16:28:15.403 I/ActivityManager(  632): Force stopping in.startv.hotstar appid=10072 user=0: from pid 1699
06-12 16:28:15.404 I/ActivityManager(  632): Killing 5587:in.startv.hotstar/u0a72 (adj 900): stop in.startv.hotstar due to from pid 1699
06-12 16:28:15.425 I/ActivityManager(  632): Force stopping in.startv.hotstar appid=10072 user=0: from pid 1699
06-12 16:28:15.434 I/ActivityManager(  632): Force stopping in.startv.hotstar appid=10072 user=0: from pid 1699
06-12 16:28:15.440 I/ActivityManager(  632): Force stopping in.startv.hotstar appid=10072 user=0: from pid 1699
06-12 16:28:15.478 I/chatty  (  632): uid=1000(system) Binder:632_A identical 5 lines
06-12 16:28:15.483 I/ActivityManager(  632): Force stopping in.startv.hotstar appid=10072 user=0: from pid 1699
06-12 16:28:15.538 W/ActivityManager(  632): setHasOverlayUi called on unknown pid: 5587
06-12 16:28:15.539 D/ConnectivityService(  632): ConnectivityService NetworkRequestInfo binderDied(NetworkRequest [ LISTEN id=62, [ Capabilities: INTERNET&NOT_RESTRICTED&TRUSTED&NOT_VPN&FOREGROUND Uid: 10072 AdministratorUids: [] RequestorUid: 10072 RequestorPackageName: in.startv.hotstar] ], android.os.BinderProxy@c9b748b)
06-12 16:28:17.360 W/[ 5972.715162@0]  RTW(    0): fill_default_txdesc(wlan0): SP Packet(0x0806) rate=0x4 SeqNum = 2259
06-12 16:28:20.385 F/linker  ( 6031): CANNOT LINK EXECUTABLE "/system/bin/smartcable/smartCableSTBApp": library "libmosquitto.so" not found: needed by main executable
06-12 16:28:22.415 W/[ 5977.772194@1]  RTW(    0): fill_default_txdesc(wlan0): SP Packet(0x0806) rate=0x4 SeqNum = 3420
06-12 16:28:25.383 F/linker  ( 6046): CANNOT LINK EXECUTABLE "/system/bin/smartcable/smartCableSTBApp": library "libmosquitto.so" not found: needed by main executable
06-12 16:28:27.731 W/[ 5983.088129@2]  RTW(    0): fill_default_txdesc(wlan0): SP Packet(0x0806) rate=0x4 SeqNum = 553
06-12 16:28:30.395 F/linker  ( 6060): CANNOT LINK EXECUTABLE "/system/bin/smartcable/smartCableSTBApp": library "libmosquitto.so" not found: needed by main executable
06-12 16:28:32.052 I/        (    0): [ 5987.407868@3]  EXT4-fs (mmcblk0p17): re-mounted. Opts: (null)
06-12 16:28:32.803 D/[ 5988.160442@1]  logd(    0): logdr: UID=0 GID=0 PID=6157 b tail=0 logMask=99 pid=0 start=0ns timeout=0ns
06-12 16:28:32.951 W/[ 5988.305529@0]  RTW(    0): fill_default_txdesc(wlan0): SP Packet(0x0806) rate=0x4 SeqNum = 1859
06-12 16:28:33.398 I/ActivityManager(  632): Force stopping io.appium.uiautomator2.server appid=10096 user=0: from pid 6197
06-12 16:28:33.407 I/ActivityManager(  632): Force stopping io.appium.uiautomator2.server.test appid=10095 user=0: from pid 6198
06-12 16:28:33.885 I/ActivityManager(  632): Force stopping io.appium.uiautomator2.server appid=10096 user=0: start instr
06-12 16:28:33.889 D/CompatibilityChangeReporter(  632): Compat change id reported: 135634846; UID 10096; state: DISABLED
06-12 16:28:33.890 D/CompatibilityChangeReporter(  632): Compat change id reported: 143937733; UID 10096; state: ENABLED
06-12 16:28:33.904 I/ActivityManager(  632): Start proc 6222:io.appium.uiautomator2.server/u0a96 for added application io.appium.uiautomator2.server
06-12 16:28:35.392 F/linker  ( 6262): CANNOT LINK EXECUTABLE "/system/bin/smartcable/smartCableSTBApp": library "libmosquitto.so" not found: needed by main executable
06-12 16:28:37.391 D/[ 5992.745072@3]  logd(    0): logdr: UID=0 GID=0 PID=6284 b tail=0 logMask=99 pid=0 start=0ns timeout=0ns
06-12 16:28:37.392 D/[ 5992.746930@1]  logd(    0): Skipping 4294967295 entries from slow reader, pid 6284, from LogBuffer::kickMe()
06-12 16:28:37.416 D/Glide   ( 1781): Finished loading Bitmap from LOCAL for com.bumptech.glide.gifdecoder.StandardGifDecoder@fb55452 with size [314x176] in 4.630292 ms
06-12 16:28:37.440 D/stbdpc  (  405): STB_DPGetNumPaths[570]: num_paths: 1
06-12 16:28:37.466 D/Glide   ( 1781): Finished loading Bitmap from LOCAL for com.bumptech.glide.gifdecoder.StandardGifDecoder@fb55452 with size [314x176] in 14.411957999999998 ms
06-12 16:28:37.499 D/Glide   ( 1781): Finished loading Bitmap from LOCAL for com.bumptech.glide.gifdecoder.StandardGifDecoder@fb55452 with size [314x176] in 7.027540999999999 ms
06-12 16:28:37.500 I/thermal2(  370): Sending notification:  Type: CPU Name: soc_thermal CurrentValue: 64.9 ThrottlingStatus: NONE
06-12 16:28:37.541 D/stbdpc  (  405): STB_DPGetNumPaths[570]: num_paths: 1
06-12 16:28:37.549 D/Glide   ( 1781): Finished loading Bitmap from LOCAL for com.bumptech.glide.gifdecoder.StandardGifDecoder@fb55452 with size [314x176] in 15.9795 ms
06-12 16:28:37.583 D/Glide   ( 1781): Finished loading Bitmap from LOCAL for com.bumptech.glide.gifdecoder.StandardGifDecoder@fb55452 with size [314x176] in 9.497333 ms
06-12 16:28:37.616 I/ActivityTaskManager(  632): START u0 {flg=0x10000000 cmp=in.startv.hotstar/com.hotstar.MainActivity} from uid 0
06-12 16:28:37.616 D/ActivityStarter(  632):  
06-12 16:28:37.616 D/ActivityStarter(  632): launchedPkgName :: in.startv.hotstar 
06-12 16:28:37.616 D/ActivityStarter(  632): callingPackage :: com.android.shell 
06-12 16:28:37.616 D/ActivityStarter(  632): callingUid :: 0 
06-12 16:28:37.616 D/ActivityStarter(  632): callingPid :: 6296
06-12 16:28:37.616 D/ActivityTaskManager(  632): OTHER app is launched
06-12 16:28:37.626 V/DigitalSignage(  632): Package Name: null
06-12 16:28:37.626 V/DigitalSignage(  632): Left: 0
06-12 16:28:37.626 V/DigitalSignage(  632): Right: 0
06-12 16:28:37.626 V/DigitalSignage(  632): Top: 0
06-12 16:28:37.626 V/DigitalSignage(  632): Bottom: 0
06-12 16:28:37.626 D/DigitalSignage(  632): else - Package Name :: null left : 0 right :: 0 top :: 0 bottom :: 0 dfu-right :: 1920 dfu-bottom :: 1080
06-12 16:28:37.631 D/CompatibilityChangeReporter(  632): Compat change id reported: 135634846; UID 10072; state: DISABLED
06-12 16:28:37.632 D/CompatibilityChangeReporter(  632): Compat change id reported: 143937733; UID 10072; state: ENABLED
06-12 16:28:37.635 D/Glide   ( 1781): Finished loading Bitmap from LOCAL for com.bumptech.glide.gifdecoder.StandardGifDecoder@fb55452 with size [314x176] in 20.139667 ms
06-12 16:28:37.641 D/stbdpc  (  405): STB_DPGetNumPaths[570]: num_paths: 1
06-12 16:28:37.643 D/JioLauncher( 1781): package-unregisterReceiver-for-downloadFeedBackReceiver
06-12 16:28:37.644 D/JioLauncher( 1781): intro-activity-on-pause
06-12 16:28:37.644 D/JioLauncher( 1781): recommendation-pause-called-no-recommendation-call-in-progress-cancel-handler
06-12 16:28:37.644 D/JioLauncher( 1781): ipl-pause-called-no-ipl-call-in-progress-cancel-handler
06-12 16:28:37.644 D/JioLauncher( 1781): for-u-recommendation-api-call-remove
06-12 16:28:37.644 D/JioLauncher( 1781): promotion-pause-called-no-ads-call-in-progress-cancel-handler
06-12 16:28:37.644 D/JioLauncher( 1781): ipl-promotion-pause-called-no-ads-call-in-progress-cancel-handler
06-12 16:28:37.646 D/JioLauncher( 1781): ThreadCount-202
06-12 16:28:37.646 D/JioLauncher( 1781): isInactivityPopupDisplaying-{"inactivity_status_modified_time":1420050611833,"inactivity_status":false,"inactivity_window_timeout":120000}
06-12 16:28:37.646 D/JioLauncher( 1781): inactivity_status-false- result-false
06-12 16:28:37.646 D/JioLauncher( 1781): overlay-removing-type-LIVE_TV_ALERT_TYPE  -isInactivityPopupDisplaying-false
06-12 16:28:37.646 D/JioLauncher( 1781): ThreadCount-202
06-12 16:28:37.646 D/JioLauncher( 1781): isInactivityPopupDisplaying-{"inactivity_status_modified_time":1420050611833,"inactivity_status":false,"inactivity_window_timeout":120000}
06-12 16:28:37.646 D/JioLauncher( 1781): inactivity_status-false- result-false
06-12 16:28:37.646 D/JioLauncher( 1781): block-apps 1 null false
06-12 16:28:37.646 D/JioLauncher( 1781): global-key-unblock-all-key
06-12 16:28:37.650 D/JioLauncher( 1781): block-apps -1 null false
06-12 16:28:37.650 D/JioLauncher( 1781): global-key-block-all-key--others
06-12 16:28:37.654 D/Zygote  (  326): Forked child process 6299
06-12 16:28:37.658 I/ActivityManager(  632): Start proc 6299:in.startv.hotstar/u0a72 for pre-top-activity {in.startv.hotstar/com.hotstar.MainActivity}
06-12 16:28:37.658 D/JioStbInactivityTimer(  933): Timer: count 27 warningTimeout:10680 timeout:10800
06-12 16:28:37.659 D/JioStbInactivityTimer(  933): isUserActive: Curr:5964955 Prev:5964955
06-12 16:28:37.667 V/DigitalSignage(  632): Package Name: null
06-12 16:28:37.667 V/DigitalSignage(  632): Left: 0
06-12 16:28:37.667 V/DigitalSignage(  632): Right: 0
06-12 16:28:37.667 V/DigitalSignage(  632): Top: 0
06-12 16:28:37.667 V/DigitalSignage(  632): Bottom: 0
06-12 16:28:37.667 D/DigitalSignage(  632): else - Package Name :: null left : 0 right :: 0 top :: 0 bottom :: 0 dfu-right :: 1920 dfu-bottom :: 1080
06-12 16:28:37.668 D/Glide   ( 1781): Finished loading Bitmap from LOCAL for com.bumptech.glide.gifdecoder.StandardGifDecoder@fb55452 with size [314x176] in 11.225999999999999 ms
06-12 16:28:37.681 I/appium  ( 6222): channel read: POST /session/bc6c4450-6152-427f-9a52-9fbf0e8b7dbd/element
06-12 16:28:37.684 I/appium  ( 6222): FindElement command
06-12 16:28:37.687 I/appium  ( 6222): method: 'xpath', selector: '//android.widget.ImageView[@resource-id='in.startv.hotstar:id/iv_profile']'
06-12 16:28:37.691 I/appium  ( 6222): Waiting up to 10000ms for the device to idle
06-12 16:28:37.693 V/DigitalSignage(  632): Package Name: null
06-12 16:28:37.693 V/DigitalSignage(  632): Left: 0
06-12 16:28:37.693 V/DigitalSignage(  632): Right: 0
06-12 16:28:37.693 V/DigitalSignage(  632): Top: 0
06-12 16:28:37.693 V/DigitalSignage(  632): Bottom: 0
06-12 16:28:37.693 D/DigitalSignage(  632): else - Package Name :: null left : 0 right :: 0 top :: 0 bottom :: 0 dfu-right :: 1920 dfu-bottom :: 1080
06-12 16:28:37.702 D/Glide   ( 1781): Finished loading Bitmap from LOCAL for com.bumptech.glide.gifdecoder.StandardGifDecoder@fb55452 with size [314x176] in 5.088166 ms
06-12 16:28:37.719 I/adbd    ( 7938): jdwp connection from 6299
06-12 16:28:37.733 D/ActivityTaskManager(  632): JioHomeManagerService :: ActivityRecord :: setState :: StateFrom :: INITIALIZING StateTo :: RESUMED 
06-12 16:28:37.741 D/stbdpc  (  405): STB_DPGetNumPaths[570]: num_paths: 1
06-12 16:28:37.750 I/android.hardware.power-service.libperfmgr(  369): Power setBoost: INTERACTION duration: 0
06-12 16:28:37.750 I/libperfmgr(  369): Do Powerhint: INTERACTION
06-12 16:28:37.751 V/DigitalSignage(  632): Package Name: null
06-12 16:28:37.751 V/DigitalSignage(  632): Left: 0
06-12 16:28:37.751 V/DigitalSignage(  632): Right: 0
06-12 16:28:37.751 V/DigitalSignage(  632): Top: 0
06-12 16:28:37.751 V/DigitalSignage(  632): Bottom: 0
06-12 16:28:37.751 D/Glide   ( 1781): Finished loading Bitmap from LOCAL for com.bumptech.glide.gifdecoder.StandardGifDecoder@fb55452 with size [314x176] in 13.812624999999999 ms
06-12 16:28:37.751 D/DigitalSignage(  632): else - Package Name :: null left : 0 right :: 0 top :: 0 bottom :: 0 dfu-right :: 1920 dfu-bottom :: 1080
06-12 16:28:37.758 D/ActivityManager(  632): JioHomeManagerService :: StateFrom :: INITIALIZING StateTo :: RESUMED Activity :: in.startv.hotstar/com.hotstar.MainActivity Action :: com.jio.remote.action.applaunch
06-12 16:28:37.760 D/NetflixService(  986): onForegroundActivitiesChanged pid:6299,uid:10072,fg:true
06-12 16:28:37.764 D/dvb_iptv(  405): ReadEmmNetworkTask[1537]: EMM Select Timeout Occured 25
06-12 16:28:37.764 D/NetflixService(  986): processName:com.netflix.ninja,importance:300
06-12 16:28:37.767 V/DigitalSignage(  632): Package Name: null
06-12 16:28:37.767 V/DigitalSignage(  632): Left: 0
06-12 16:28:37.767 V/DigitalSignage(  632): Right: 0
06-12 16:28:37.767 V/DigitalSignage(  632): Top: 0
06-12 16:28:37.767 V/DigitalSignage(  632): Bottom: 0
06-12 16:28:37.767 D/DigitalSignage(  632): else - Package Name :: null left : 0 right :: 0 top :: 0 bottom :: 0 dfu-right :: 1920 dfu-bottom :: 1080
06-12 16:28:37.788 D/Glide   ( 1781): Finished loading Bitmap from LOCAL for com.bumptech.glide.gifdecoder.StandardGifDecoder@fb55452 with size [314x176] in 10.259 ms
06-12 16:28:37.796 D/NetworkSecurityConfig( 6299): Using Network Security Config from resource network_security_config debugBuild: false
06-12 16:28:37.799 D/NetworkSecurityConfig( 6299): Using Network Security Config from resource network_security_config debugBuild: false
06-12 16:28:37.830 D/SessionsDependencies( 6299): Dependency to CRASHLYTICS added.
06-12 16:28:37.834 D/Glide   ( 1781): Finished loading Bitmap from LOCAL for com.bumptech.glide.gifdecoder.StandardGifDecoder@fb55452 with size [314x176] in 16.060416 ms
06-12 16:28:37.841 D/stbdpc  (  405): STB_DPGetNumPaths[570]: num_paths: 1
06-12 16:28:37.847 I/FirebaseApp( 6299): Device unlocked: initializing all Firebase APIs for app [DEFAULT]
06-12 16:28:37.867 D/Glide   ( 1781): Finished loading Bitmap from LOCAL for com.bumptech.glide.gifdecoder.StandardGifDecoder@fb55452 with size [314x176] in 9.113375 ms
06-12 16:28:37.875 D/FirebaseSessions( 6299): Initializing Firebase Sessions SDK.
06-12 16:28:37.887 I/FirebaseCrashlytics( 6299): Initializing Firebase Crashlytics 19.3.0 for in.startv.hotstar
06-12 16:28:37.893 W/GooglePlayServicesUtil( 6299): in.startv.hotstar requires the Google Play Store, but it is missing.
06-12 16:28:37.893 E/DynamiteModule( 6299): Invalid GmsCore APK, remote loading disabled.
06-12 16:28:37.893 I/DynamiteModule( 6299): Considering local module com.google.android.gms.measurement.dynamite:127 and remote module com.google.android.gms.measurement.dynamite:0
06-12 16:28:37.894 I/DynamiteModule( 6299): Selected local version of com.google.android.gms.measurement.dynamite
06-12 16:28:37.895 E/DynamiteModule( 6299): Invalid GmsCore APK, remote loading disabled.
06-12 16:28:37.904 W/FA      ( 6299): Failed to register event listener on calling thread. Trying again on the dynamite thread.
06-12 16:28:37.906 D/SessionsDependencies( 6299): Subscriber CRASHLYTICS registered.
06-12 16:28:37.918 D/Glide   ( 1781): Finished loading Bitmap from LOCAL for com.bumptech.glide.gifdecoder.StandardGifDecoder@fb55452 with size [314x176] in 16.823375 ms
06-12 16:28:37.935 I/FA      ( 6299): App measurement initialized, version: 106000
06-12 16:28:37.935 I/FA      ( 6299): To enable debug logging run: adb shell setprop log.tag.FA VERBOSE
06-12 16:28:37.936 I/FA      ( 6299): To enable faster debug mode event logging run:
06-12 16:28:37.936 I/FA      ( 6299):   adb shell setprop debug.firebase.analytics.app in.startv.hotstar
06-12 16:28:37.941 D/stbdpc  (  405): STB_DPGetNumPaths[570]: num_paths: 1
06-12 16:28:37.945 D/LifecycleServiceBinder( 6299): Binding service to application.
06-12 16:28:37.952 W/[ 5993.306601@2]  RTW(    0): fill_default_txdesc(wlan0): SP Packet(0x0806) rate=0x4 SeqNum = 3436
06-12 16:28:37.953 D/Glide   ( 1781): Finished loading Bitmap from LOCAL for com.bumptech.glide.gifdecoder.StandardGifDecoder@fb55452 with size [314x176] in 10.753833 ms
06-12 16:28:37.973 I/FirebaseInitProvider( 6299): FirebaseApp initialization successful
06-12 16:28:37.978 D/WM-WrkMgrInitializer( 6299): Initializing WorkManager with default configuration.
06-12 16:28:37.995 I/TetheringManager( 6299): registerTetheringEventCallback:in.startv.hotstar
06-12 16:28:38.002 D/Glide   ( 1781): Finished loading Bitmap from LOCAL for com.bumptech.glide.gifdecoder.StandardGifDecoder@fb55452 with size [314x176] in 18.988417 ms
06-12 16:28:38.018 E/DynamiteModule( 6299): Invalid GmsCore APK, remote loading disabled.
06-12 16:28:38.019 I/DynamiteModule( 6299): Considering local module com.google.android.gms.cast_tv_dynamite:1 and remote module com.google.android.gms.cast_tv_dynamite:0
06-12 16:28:38.019 I/DynamiteModule( 6299): Selected local version of com.google.android.gms.cast_tv_dynamite
06-12 16:28:38.034 D/Glide   ( 1781): Finished loading Bitmap from LOCAL for com.bumptech.glide.gifdecoder.StandardGifDecoder@fb55452 with size [314x176] in 10.689041999999999 ms
06-12 16:28:38.042 D/stbdpc  (  405): STB_DPGetNumPaths[570]: num_paths: 1
06-12 16:28:38.061 W/GooglePlayServicesUtil( 6299): in.startv.hotstar requires the Google Play Store, but it is missing.
06-12 16:28:38.062 W/FA      ( 6299): Service invalid
