06-12 11:11:41.807 D/stbdpc  (  403): STB_DPGetNumPaths[570]: num_paths: 1
06-12 11:11:41.827 I/appium  (23280): channel read: GET /session/36c6c481-fc6b-4d29-8755-c98e1b053820/element/00000000-0000-0017-ffff-ffff00000027/text
06-12 11:11:41.829 I/appium  (23280): GetText command
06-12 11:11:41.837 I/appium  (23280): AppiumResponse: {"sessionId":"36c6c481-fc6b-4d29-8755-c98e1b053820","value":"Search"}
06-12 11:11:41.869 I/appium  (23280): channel read: POST /session/36c6c481-fc6b-4d29-8755-c98e1b053820/appium/device/press_keycode
06-12 11:11:41.871 I/appium  (23280): PressKeyCode command
06-12 11:11:41.871 I/appium  (23280): Calling PressKeyCode... 
06-12 11:11:41.876 D/UiDevice(23280): Pressing keycodes [66] with modifier 0.
06-12 11:11:41.883 D/InputDispatcher(  628): injectInputEvent - eventType=1, injectorPid=23261, injectorUid=0, syncMode=2, timeout=30000, policyFlags=0x08000000
06-12 11:11:41.883 D/WindowManager(  628): interceptKeyTq keycode=66 interactive=true keyguardActive=false policyFlags=2b000000
06-12 11:11:41.883 D/WindowManager(  628): CloudPC is in NOT in foreground
06-12 11:11:41.883 D/WindowManager(  628): isKeyNeedsToPassToJioCloudPC :: NO
06-12 11:11:41.884 D/WindowManager(  628): interceptKeyTi keyCode=66 down=true repeatCount=0 keyguardOn=false canceled=false
06-12 11:11:41.884 I/android.hardware.power-service.libperfmgr(  371): Power setBoost: INTERACTION duration: 0
06-12 11:11:41.884 D/WindowManager(  628): CloudPC is in NOT in foreground
06-12 11:11:41.884 D/WindowManager(  628): isKeyNeedsToPassToJioCloudPC :: NO
06-12 11:11:41.884 D/GlobalKeyManager(  628): KeyEvent { action=ACTION_DOWN, keyCode=KEYCODE_ENTER, scanCode=0, metaState=0, flags=0x0, repeatCount=0, eventTime=4091467, downTime=4091467, deviceId=-1, source=0x101, displayId=-1 }
06-12 11:11:41.885 I/libperfmgr(  371): Do Powerhint: INTERACTION
06-12 11:11:41.885 D/InputDispatcher(  628): Setting input event injection result to 0.  injectorPid=23261, injectorUid=0
06-12 11:11:41.885 I/android.hardware.power-service.libperfmgr(  371): Power setBoost: INTERACTION duration: 0
06-12 11:11:41.885 I/libperfmgr(  371): Do Powerhint: INTERACTION
06-12 11:11:41.885 D/InputDispatcher(  628): injectInputEvent - Waiting for 1 pending foreground dispatches.
06-12 11:11:41.887 D/InputDispatcher(  628): injectInputEvent - Finished with result 0. injectorPid=23261, injectorUid=0
06-12 11:11:41.888 D/InputDispatcher(  628): injectInputEvent - eventType=1, injectorPid=23261, injectorUid=0, syncMode=2, timeout=30000, policyFlags=0x08000000
06-12 11:11:41.888 D/WindowManager(  628): interceptKeyTq keycode=66 interactive=true keyguardActive=false policyFlags=2b000000
06-12 11:11:41.889 D/WindowManager(  628): CloudPC is in NOT in foreground
06-12 11:11:41.889 D/WindowManager(  628): isKeyNeedsToPassToJioCloudPC :: NO
06-12 11:11:41.889 D/WindowManager(  628): interceptKeyTi keyCode=66 down=false repeatCount=0 keyguardOn=false canceled=false
06-12 11:11:41.889 D/WindowManager(  628): CloudPC is in NOT in foreground
06-12 11:11:41.889 D/WindowManager(  628): isKeyNeedsToPassToJioCloudPC :: NO
06-12 11:11:41.889 D/GlobalKeyManager(  628): KeyEvent { action=ACTION_UP, keyCode=KEYCODE_ENTER, scanCode=0, metaState=0, flags=0x0, repeatCount=0, eventTime=4091467, downTime=4091467, deviceId=-1, source=0x101, displayId=-1 }
06-12 11:11:41.889 D/InputDispatcher(  628): Setting input event injection result to 0.  injectorPid=23261, injectorUid=0
06-12 11:11:41.890 D/InputDispatcher(  628): injectInputEvent - Waiting for 1 pending foreground dispatches.
06-12 11:11:41.892 D/InputDispatcher(  628): injectInputEvent - Finished with result 0. injectorPid=23261, injectorUid=0
06-12 11:11:41.897 I/system_server(  628): oneway function results will be dropped but finished with status OK and parcel size 4
06-12 11:11:41.898 I/sub_mixing_factory(  350): [usecase_change_validate_l_sm:1209] ++++continuous:0 dev masks:0, out masks:0, out usecase PCM_NORMAL
06-12 11:11:41.898 I/sub_mixing_factory(  350): [usecase_change_validate_l_sm:1216] add usecase PCM_NORMAL, cnt 1
06-12 11:11:41.898 D/sub_mixing_factory(  350): [usecase_change_validate_l_sm:1228] cur dev masks:0, add out usecase:PCM_NORMAL
06-12 11:11:41.898 I/sub_mixing_factory(  350): [usecase_change_validate_l_sm:1259] ----continuous:0 dev masks:0x1, out masks:0x1, out usecase PCM_NORMAL
06-12 11:11:41.898 D/aml_audio_port(  350): [new_input_port:260] buf_frames:384,frame_size:4 ==> thunk_size:1536
06-12 11:11:41.898 I/aml_audio_port(  350): [get_input_port_type:109] samplerate:48000, flags:0x2, channel_cnt:2
06-12 11:11:41.898 D/aml_audio_port(  350): [new_input_port:286] inport:PCM_SYSTEM, buf:6144, direct:0, format:0x1, rate:48000, ch:2
06-12 11:11:41.898 I/system_server(  628): oneway function results will be dropped but finished with status OK and parcel size 4
06-12 11:11:41.898 I/amlAudioMixer(  350): [init_mixer_input_port:175] input port:PCM_SYSTEM, size 384 frames, frame_write_sum:63195136
06-12 11:11:41.898 I/aml_audio_port(  350): [get_input_port_type:109] samplerate:48000, flags:0x2, channel_cnt:2
06-12 11:11:41.898 I/sub_mixing_factory(  350): [mixer_aux_buffer_write_sm:1066] stream 0xeaf5e000 input port:PCM_SYSTEM
06-12 11:11:41.898 I/sub_mixing_factory(  350): [mixer_aux_buffer_write_sm:1076] padding_bytes 12288
06-12 11:11:41.898 I/amlAudioMixer(  350): [mixer_write_inport:260] input port:PCM_SYSTEM is active now
06-12 11:11:41.898 I/sub_mixing_factory(  350): [mixer_aux_buffer_write_sm:1076] padding_bytes 10752
06-12 11:11:41.898 I/sub_mixing_factory(  350): [mixer_aux_buffer_write_sm:1076] padding_bytes 9216
06-12 11:11:41.898 I/sub_mixing_factory(  350): [mixer_aux_buffer_write_sm:1076] padding_bytes 7680
06-12 11:11:41.898 I/sub_mixing_factory(  350): [mixer_aux_buffer_write_sm:1076] padding_bytes 6144
06-12 11:11:41.903 I/appium  (23280): AppiumResponse: {"sessionId":"36c6c481-fc6b-4d29-8755-c98e1b053820","value":null}
06-12 11:11:41.906 I/amlAudioMixer(  350): [mixer_inports_read:704] input port:PCM_SYSTEM first start, portId:0, avail:6144
06-12 11:11:41.907 D/stbdpc  (  403): STB_DPGetNumPaths[570]: num_paths: 1
06-12 11:11:41.911 I/sub_mixing_factory(  350): [mixer_aux_buffer_write_sm:1076] padding_bytes 4608
06-12 11:11:41.919 I/sub_mixing_factory(  350): [mixer_aux_buffer_write_sm:1076] padding_bytes 3072
06-12 11:11:41.927 I/sub_mixing_factory(  350): [mixer_aux_buffer_write_sm:1076] padding_bytes 1536
06-12 11:11:42.002 W/SoundPool(23345): Use of stream types is deprecated for operations other than volume control
06-12 11:11:42.002 W/SoundPool(23345): See the documentation of SoundPool() for what to use instead with android.media.AudioAttributes to qualify your playback use case
06-12 11:11:42.007 D/stbdpc  (  403): STB_DPGetNumPaths[570]: num_paths: 1
06-12 11:11:42.028 I/AmFFmpegExtractor(  461): checkInList: isw:0, m:audio/ogg, t:1, i:86021 t:0
06-12 11:11:42.028 I/AmFFmpegExtractor(  461): checkInList: isw:1, m:audio/ogg, t:1, i:86021 t:0
06-12 11:11:42.028 E/AmFFmpegExtractor(  461): codec_ctx->properties: 0
06-12 11:11:42.028 I/AmFFmpegExtractor(  461): checkSupportInList ret 1
06-12 11:11:42.039 I/AmFFmpegExtractor(  461): checkInList: isw:0, m:audio/ogg, t:1, i:86021 t:0
06-12 11:11:42.039 I/AmFFmpegExtractor(  461): checkInList: isw:1, m:audio/ogg, t:1, i:86021 t:0
06-12 11:11:42.039 E/AmFFmpegExtractor(  461): codec_ctx->properties: 0
06-12 11:11:42.039 I/AmFFmpegExtractor(  461): checkSupportInList ret 0
06-12 11:11:42.039 E/AmFFmpegExtractor(  461): vendor do not support
06-12 11:11:42.050 E/Utils   (  461): did not find channel-count and/or sample-rate
06-12 11:11:42.053 I/AmAVUtils(23345): set profile 0 level:0
06-12 11:11:42.063 D/CCodec  (23345): allocate(c2.android.vorbis.decoder)
06-12 11:11:42.063 V/C2Store (  476): in init
06-12 11:11:42.064 V/C2Store (  476): loading dll
06-12 11:11:42.072 I/AmFFmpegExtractor(  461): checkInList: isw:0, m:audio/ogg, t:1, i:86021 t:0
06-12 11:11:42.072 I/AmFFmpegExtractor(  461): checkInList: isw:1, m:audio/ogg, t:1, i:86021 t:0
06-12 11:11:42.072 E/AmFFmpegExtractor(  461): codec_ctx->properties: 0
06-12 11:11:42.072 I/AmFFmpegExtractor(  461): checkSupportInList ret 1
06-12 11:11:42.080 I/AmFFmpegExtractor(  461): checkInList: isw:0, m:audio/ogg, t:1, i:86021 t:0
06-12 11:11:42.080 I/AmFFmpegExtractor(  461): checkInList: isw:1, m:audio/ogg, t:1, i:86021 t:0
06-12 11:11:42.080 E/AmFFmpegExtractor(  461): codec_ctx->properties: 0
06-12 11:11:42.080 I/AmFFmpegExtractor(  461): checkSupportInList ret 0
06-12 11:11:42.080 E/AmFFmpegExtractor(  461): vendor do not support
06-12 11:11:42.081 I/CCodec  (23345): Created component [c2.android.vorbis.decoder]
06-12 11:11:42.082 D/CCodecConfig(23345): read media type: audio/vorbis
06-12 11:11:42.087 D/ReflectedParamUpdater(23345): extent() != 1 for single value type: algo.buffers.max-count.values
06-12 11:11:42.088 D/ReflectedParamUpdater(23345): extent() != 1 for single value type: output.subscribed-indices.values
06-12 11:11:42.089 D/ReflectedParamUpdater(23345): extent() != 1 for single value type: input.buffers.allocator-ids.values
06-12 11:11:42.089 D/ReflectedParamUpdater(23345): extent() != 1 for single value type: output.buffers.allocator-ids.values
06-12 11:11:42.089 D/ReflectedParamUpdater(23345): extent() != 1 for single value type: algo.buffers.allocator-ids.values
06-12 11:11:42.090 D/ReflectedParamUpdater(23345): extent() != 1 for single value type: output.buffers.pool-ids.values
06-12 11:11:42.090 D/ReflectedParamUpdater(23345): extent() != 1 for single value type: algo.buffers.pool-ids.values
06-12 11:11:42.094 I/CCodecConfig(23345): query failed after returning 7 values (BAD_INDEX)
06-12 11:11:42.094 D/CCodecConfig(23345): c2 config diff is Dict {
06-12 11:11:42.094 D/CCodecConfig(23345):   c2::u32 coded.bitrate.value = 64000
06-12 11:11:42.094 D/CCodecConfig(23345):   c2::u32 input.buffers.max-size.value = 32768
06-12 11:11:42.094 D/CCodecConfig(23345):   c2::u32 input.delay.value = 0
06-12 11:11:42.094 D/CCodecConfig(23345):   string input.media-type.value = "audio/vorbis"
06-12 11:11:42.094 D/CCodecConfig(23345):   string output.media-type.value = "audio/raw"
06-12 11:11:42.094 D/CCodecConfig(23345):   c2::u32 raw.channel-count.value = 1
06-12 11:11:42.094 D/CCodecConfig(23345):   c2::u32 raw.sample-rate.value = 48000
06-12 11:11:42.094 D/CCodecConfig(23345): }
06-12 11:11:42.095 E/Utils   (  461): did not find channel-count and/or sample-rate
06-12 11:11:42.095 D/CCodec  (23345): [c2.android.vorbis.decoder] buffers are bound to CCodec for this session
06-12 11:11:42.095 D/CCodecConfig(23345): no c2 equivalents for durationUs
06-12 11:11:42.095 D/CCodecConfig(23345): no c2 equivalents for track-id
06-12 11:11:42.095 D/CCodecConfig(23345): no c2 equivalents for csd-1
06-12 11:11:42.096 D/CCodecConfig(23345): no c2 equivalents for channel-mask
06-12 11:11:42.096 D/CCodecConfig(23345): no c2 equivalents for flags
06-12 11:11:42.097 I/AmAVUtils(23345): set profile 0 level:0
06-12 11:11:42.099 D/CCodecConfig(23345): c2 config diff is   c2::u32 raw.sample-rate.value = 16000
06-12 11:11:42.100 V/DigitalSignage(  628): Package Name: null
06-12 11:11:42.100 V/DigitalSignage(  628): Left: 0
06-12 11:11:42.100 V/DigitalSignage(  628): Right: 0
06-12 11:11:42.100 V/DigitalSignage(  628): Top: 0
06-12 11:11:42.100 V/DigitalSignage(  628): Bottom: 0
06-12 11:11:42.100 D/DigitalSignage(  628): else - Package Name :: null left : 0 right :: 0 top :: 0 bottom :: 0 dfu-right :: 1920 dfu-bottom :: 1080
06-12 11:11:42.101 W/Codec2Client(23345): query -- param skipped: index = 1107298332.
06-12 11:11:42.101 D/CCodec  (23345): setup formats input: AMessage(what = 0x00000000) = {
06-12 11:11:42.101 D/CCodec  (23345):   int32_t channel-count = 1
06-12 11:11:42.101 D/CCodec  (23345):   int32_t max-input-size = 32768
06-12 11:11:42.101 D/CCodec  (23345):   string mime = "audio/vorbis"
06-12 11:11:42.101 D/CCodec  (23345):   int32_t sample-rate = 16000
06-12 11:11:42.101 D/CCodec  (23345): } and output: AMessage(what = 0x00000000) = {
06-12 11:11:42.101 D/CCodec  (23345):   int32_t channel-count = 1
06-12 11:11:42.101 D/CCodec  (23345):   string mime = "audio/raw"
06-12 11:11:42.101 D/CCodec  (23345):   int32_t sample-rate = 16000
06-12 11:11:42.101 D/CCodec  (23345):   int32_t channel-mask = 1
06-12 11:11:42.101 D/CCodec  (23345): }
06-12 11:11:42.105 I/appium  (23280): channel read: POST /session/36c6c481-fc6b-4d29-8755-c98e1b053820/element
06-12 11:11:42.108 D/stbdpc  (  403): STB_DPGetNumPaths[570]: num_paths: 1
06-12 11:11:42.108 I/appium  (23280): FindElement command
06-12 11:11:42.111 I/appium  (23280): method: 'xpath', selector: '//android.widget.EditText[@resource-id='in.startv.hotstar:id/search_bar']'
06-12 11:11:42.112 I/appium  (23280): Waiting up to 10000ms for the device to idle
06-12 11:11:42.114 D/CCodec  (23345): allocate(c2.android.vorbis.decoder)
06-12 11:11:42.114 W/Codec2Client(23345): query -- param skipped: index = 1342179345.
06-12 11:11:42.114 W/Codec2Client(23345): query -- param skipped: index = 2415921170.
06-12 11:11:42.115 E/FMQ     (23345): grantorIdx must be less than 3
06-12 11:11:42.115 E/FMQ     (23345): grantorIdx must be less than 3
06-12 11:11:42.116 D/CCodecBufferChannel(23345): [c2.android.vorbis.decoder#402] Created input block pool with allocatorID 16 => poolID 18 - OK (0)
06-12 11:11:42.116 I/CCodec  (23345): Created component [c2.android.vorbis.decoder]
06-12 11:11:42.116 D/BufferPoolAccessor2.0(  476): bufferpool2 0xf00c8b98 : 0(0 size) total buffers - 0(0 size) used buffers - 104/109 (recycle/alloc) - 5/109 (fetch/transfer)
06-12 11:11:42.117 D/BufferPoolAccessor2.0(  476): Destruction - bufferpool2 0xf00c8b98 cached: 0/0M, 0/0% in use; allocs: 109, 95% recycled; transfers: 109, 95% unfetched
06-12 11:11:42.117 D/CCodecConfig(23345): read media type: audio/vorbis
06-12 11:11:42.117 E/FMQ     (  476): grantorIdx must be less than 3
06-12 11:11:42.118 E/FMQ     (  476): grantorIdx must be less than 3
06-12 11:11:42.119 D/BufferPoolAccessor2.0(23345): bufferpool2 0xe55fb558 : 0(0 size) total buffers - 0(0 size) used buffers - 0/5 (recycle/alloc) - 4/216 (fetch/transfer)
06-12 11:11:42.119 D/BufferPoolAccessor2.0(23345): Destruction - bufferpool2 0xe55fb558 cached: 0/0M, 0/0% in use; allocs: 5, 0% recycled; transfers: 216, 98% unfetched
06-12 11:11:42.119 I/CCodecBufferChannel(23345): [c2.android.vorbis.decoder#402] Created output block pool with allocatorID 16 => poolID 91 - OK
06-12 11:11:42.120 D/CCodecBufferChannel(23345): [c2.android.vorbis.decoder#402] Configured output block pool ids 91 => OK
06-12 11:11:42.123 D/ReflectedParamUpdater(23345): extent() != 1 for single value type: algo.buffers.max-count.values
06-12 11:11:42.124 D/ReflectedParamUpdater(23345): extent() != 1 for single value type: output.subscribed-indices.values
06-12 11:11:42.125 D/ReflectedParamUpdater(23345): extent() != 1 for single value type: input.buffers.allocator-ids.values
06-12 11:11:42.125 D/ReflectedParamUpdater(23345): extent() != 1 for single value type: output.buffers.allocator-ids.values
06-12 11:11:42.125 D/ReflectedParamUpdater(23345): extent() != 1 for single value type: algo.buffers.allocator-ids.values
06-12 11:11:42.125 D/ReflectedParamUpdater(23345): extent() != 1 for single value type: output.buffers.pool-ids.values
06-12 11:11:42.125 D/ReflectedParamUpdater(23345): extent() != 1 for single value type: algo.buffers.pool-ids.values
06-12 11:11:42.128 I/CCodecConfig(23345): query failed after returning 7 values (BAD_INDEX)
06-12 11:11:42.128 D/CCodecConfig(23345): c2 config diff is Dict {
06-12 11:11:42.128 D/CCodecConfig(23345):   c2::u32 coded.bitrate.value = 64000
06-12 11:11:42.128 D/CCodecConfig(23345):   c2::u32 input.buffers.max-size.value = 32768
06-12 11:11:42.128 D/CCodecConfig(23345):   c2::u32 input.delay.value = 0
06-12 11:11:42.128 D/CCodecConfig(23345):   string input.media-type.value = "audio/vorbis"
06-12 11:11:42.128 D/CCodecConfig(23345):   string output.media-type.value = "audio/raw"
06-12 11:11:42.128 D/CCodecConfig(23345):   c2::u32 raw.channel-count.value = 1
06-12 11:11:42.128 D/CCodecConfig(23345):   c2::u32 raw.sample-rate.value = 48000
06-12 11:11:42.128 D/CCodecConfig(23345): }
06-12 11:11:42.130 D/SimpleC2Component(  476): Using output block pool with poolID 91 => got 91 - 0
06-12 11:11:42.132 E/FMQ     (23345): grantorIdx must be less than 3
06-12 11:11:42.133 D/CCodec  (23345): [c2.android.vorbis.decoder] buffers are bound to CCodec for this session
06-12 11:11:42.133 E/FMQ     (  476): grantorIdx must be less than 3
06-12 11:11:42.133 D/CCodecConfig(23345): no c2 equivalents for durationUs
06-12 11:11:42.133 D/CCodecConfig(23345): no c2 equivalents for track-id
06-12 11:11:42.133 D/CCodecConfig(23345): no c2 equivalents for csd-1
06-12 11:11:42.133 D/CCodecConfig(23345): no c2 equivalents for channel-mask
06-12 11:11:42.133 D/CCodecConfig(23345): no c2 equivalents for flags
06-12 11:11:42.134 D/CCodecConfig(23345): c2 config diff is   c2::u32 raw.sample-rate.value = 16000
06-12 11:11:42.136 W/Codec2Client(23345): query -- param skipped: index = 1107298332.
06-12 11:11:42.136 D/CCodec  (23345): setup formats input: AMessage(what = 0x00000000) = {
06-12 11:11:42.136 D/CCodec  (23345):   int32_t channel-count = 1
06-12 11:11:42.136 D/CCodec  (23345):   int32_t max-input-size = 32768
06-12 11:11:42.136 D/CCodec  (23345):   string mime = "audio/vorbis"
06-12 11:11:42.136 D/CCodec  (23345):   int32_t sample-rate = 16000
06-12 11:11:42.136 D/CCodec  (23345): } and output: AMessage(what = 0x00000000) = {
06-12 11:11:42.136 D/CCodec  (23345):   int32_t channel-count = 1
06-12 11:11:42.136 D/CCodec  (23345):   string mime = "audio/raw"
06-12 11:11:42.136 D/CCodec  (23345):   int32_t sample-rate = 16000
06-12 11:11:42.136 D/CCodec  (23345):   int32_t channel-mask = 1
06-12 11:11:42.136 D/CCodec  (23345): }
06-12 11:11:42.137 W/Codec2Client(23345): query -- param skipped: index = 1342179345.
06-12 11:11:42.137 W/Codec2Client(23345): query -- param skipped: index = 2415921170.
06-12 11:11:42.137 E/FMQ     (23345): grantorIdx must be less than 3
06-12 11:11:42.138 E/FMQ     (23345): grantorIdx must be less than 3
06-12 11:11:42.138 D/CCodecBufferChannel(23345): [c2.android.vorbis.decoder#828] Created input block pool with allocatorID 16 => poolID 19 - OK (0)
06-12 11:11:42.139 E/FMQ     (  476): grantorIdx must be less than 3
06-12 11:11:42.139 E/FMQ     (  476): grantorIdx must be less than 3
06-12 11:11:42.140 I/CCodecBufferChannel(23345): [c2.android.vorbis.decoder#828] Created output block pool with allocatorID 16 => poolID 92 - OK
06-12 11:11:42.140 D/CCodecBufferChannel(23345): [c2.android.vorbis.decoder#828] Configured output block pool ids 92 => OK
06-12 11:11:42.142 D/SimpleC2Component(  476): Using output block pool with poolID 92 => got 92 - 0
06-12 11:11:42.144 E/FMQ     (23345): grantorIdx must be less than 3
06-12 11:11:42.144 E/FMQ     (  476): grantorIdx must be less than 3
06-12 11:11:42.152 E/FMQ     (  476): grantorIdx must be less than 3
06-12 11:11:42.152 E/FMQ     (23345): grantorIdx must be less than 3
06-12 11:11:42.154 D/CCodecBuffers(23345): [c2.android.vorbis.decoder#402:Output[N]] popFromStashAndRegister: output format changed to AMessage(what = 0x00000000) = {
06-12 11:11:42.154 D/CCodecBuffers(23345):   int32_t channel-count = 1
06-12 11:11:42.154 D/CCodecBuffers(23345):   string mime = "audio/raw"
06-12 11:11:42.154 D/CCodecBuffers(23345):   int32_t sample-rate = 16000
06-12 11:11:42.154 D/CCodecBuffers(23345):   int32_t channel-mask = 1
06-12 11:11:42.154 D/CCodecBuffers(23345): }
06-12 11:11:42.160 E/FMQ     (  476): grantorIdx must be less than 3
06-12 11:11:42.160 E/FMQ     (23345): grantorIdx must be less than 3
06-12 11:11:42.162 D/CCodecBuffers(23345): [c2.android.vorbis.decoder#828:Output[N]] popFromStashAndRegister: output format changed to AMessage(what = 0x00000000) = {
06-12 11:11:42.162 D/CCodecBuffers(23345):   int32_t channel-count = 1
06-12 11:11:42.162 D/CCodecBuffers(23345):   string mime = "audio/raw"
06-12 11:11:42.162 D/CCodecBuffers(23345):   int32_t sample-rate = 16000
06-12 11:11:42.162 D/CCodecBuffers(23345):   int32_t channel-mask = 1
06-12 11:11:42.162 D/CCodecBuffers(23345): }
06-12 11:11:42.180 D/CCodecBufferChannel(23345): [c2.android.vorbis.decoder#402] MediaCodec discarded an unknown buffer
06-12 11:11:42.181 D/CCodecBufferChannel(23345): [c2.android.vorbis.decoder#402] MediaCodec discarded an unknown buffer
06-12 11:11:42.189 I/hw-BpHwBinder(23345): onLastStrongRef automatically unlinking death recipients
06-12 11:11:42.199 D/dvb_iptv(  403): ReadEmmNetworkTask[1537]: EMM Select Timeout Occured 11
06-12 11:11:42.206 D/CCodecBufferChannel(23345): [c2.android.vorbis.decoder#828] MediaCodec discarded an unknown buffer
06-12 11:11:42.208 D/stbdpc  (  403): STB_DPGetNumPaths[570]: num_paths: 1
06-12 11:11:42.209 W/APM::AudioPolicyEngine(  391): getDevicesForStrategy() unknown strategy: -1
06-12 11:11:42.211 I/hw-BpHwBinder(23345): onLastStrongRef automatically unlinking death recipients
06-12 11:11:42.211 I/hw-BpHwBinder(  476): onLastStrongRef automatically unlinking death recipients
06-12 11:11:42.212 V/C2Store (  476): in ~ComponentModule
06-12 11:11:42.212 V/C2Store (  476): unloading dll
06-12 11:11:42.212 I/AmFFmpegExtractor(  461): checkInList: isw:0, m:audio/ogg, t:1, i:86021 t:0
06-12 11:11:42.212 I/AmFFmpegExtractor(  461): checkInList: isw:1, m:audio/ogg, t:1, i:86021 t:0
06-12 11:11:42.212 E/AmFFmpegExtractor(  461): codec_ctx->properties: 0
06-12 11:11:42.212 I/AmFFmpegExtractor(  461): checkSupportInList ret 1
06-12 11:11:42.220 I/system_server(  628): oneway function results will be dropped but finished with status OK and parcel size 4
06-12 11:11:42.226 I/AmFFmpegExtractor(  461): checkInList: isw:0, m:audio/ogg, t:1, i:86021 t:0
06-12 11:11:42.226 I/AmFFmpegExtractor(  461): checkInList: isw:1, m:audio/ogg, t:1, i:86021 t:0
06-12 11:11:42.226 E/AmFFmpegExtractor(  461): codec_ctx->properties: 0
06-12 11:11:42.226 I/AmFFmpegExtractor(  461): checkSupportInList ret 1
06-12 11:11:42.229 I/AmFFmpegExtractor(  461): checkInList: isw:0, m:audio/ogg, t:1, i:86021 t:0
06-12 11:11:42.229 I/AmFFmpegExtractor(  461): checkInList: isw:1, m:audio/ogg, t:1, i:86021 t:0
06-12 11:11:42.229 E/AmFFmpegExtractor(  461): codec_ctx->properties: 0
06-12 11:11:42.229 I/AmFFmpegExtractor(  461): checkSupportInList ret 0
06-12 11:11:42.229 E/AmFFmpegExtractor(  461): vendor do not support
06-12 11:11:42.245 I/AmFFmpegExtractor(  461): checkInList: isw:0, m:audio/ogg, t:1, i:86021 t:0
06-12 11:11:42.245 I/AmFFmpegExtractor(  461): checkInList: isw:1, m:audio/ogg, t:1, i:86021 t:0
06-12 11:11:42.245 E/AmFFmpegExtractor(  461): codec_ctx->properties: 0
06-12 11:11:42.245 I/AmFFmpegExtractor(  461): checkSupportInList ret 0
06-12 11:11:42.245 E/AmFFmpegExtractor(  461): vendor do not support
06-12 11:11:42.255 E/Utils   (  461): did not find channel-count and/or sample-rate
06-12 11:11:42.257 I/AmAVUtils(23345): set profile 0 level:0
06-12 11:11:42.258 E/Utils   (  461): did not find channel-count and/or sample-rate
06-12 11:11:42.260 I/AmAVUtils(23345): set profile 0 level:0
06-12 11:11:42.266 D/CCodec  (23345): allocate(c2.android.vorbis.decoder)
06-12 11:11:42.267 V/C2Store (  476): in init
06-12 11:11:42.267 V/C2Store (  476): loading dll
06-12 11:11:42.271 I/CCodec  (23345): Created component [c2.android.vorbis.decoder]
06-12 11:11:42.272 D/CCodecConfig(23345): read media type: audio/vorbis
06-12 11:11:42.273 D/CCodec  (23345): allocate(c2.android.vorbis.decoder)
06-12 11:11:42.275 D/ReflectedParamUpdater(23345): extent() != 1 for single value type: algo.buffers.max-count.values
06-12 11:11:42.275 D/ReflectedParamUpdater(23345): extent() != 1 for single value type: output.subscribed-indices.values
06-12 11:11:42.276 D/ReflectedParamUpdater(23345): extent() != 1 for single value type: input.buffers.allocator-ids.values
06-12 11:11:42.276 D/ReflectedParamUpdater(23345): extent() != 1 for single value type: output.buffers.allocator-ids.values
06-12 11:11:42.276 I/CCodec  (23345): Created component [c2.android.vorbis.decoder]
06-12 11:11:42.276 D/ReflectedParamUpdater(23345): extent() != 1 for single value type: algo.buffers.allocator-ids.values
06-12 11:11:42.276 D/ReflectedParamUpdater(23345): extent() != 1 for single value type: output.buffers.pool-ids.values
06-12 11:11:42.276 D/ReflectedParamUpdater(23345): extent() != 1 for single value type: algo.buffers.pool-ids.values
06-12 11:11:42.279 D/CCodecConfig(23345): read media type: audio/vorbis
06-12 11:11:42.279 I/CCodecConfig(23345): query failed after returning 7 values (BAD_INDEX)
06-12 11:11:42.279 D/CCodecConfig(23345): c2 config diff is Dict {
06-12 11:11:42.279 D/CCodecConfig(23345):   c2::u32 coded.bitrate.value = 64000
06-12 11:11:42.279 D/CCodecConfig(23345):   c2::u32 input.buffers.max-size.value = 32768
06-12 11:11:42.279 D/CCodecConfig(23345):   c2::u32 input.delay.value = 0
06-12 11:11:42.279 D/CCodecConfig(23345):   string input.media-type.value = "audio/vorbis"
06-12 11:11:42.279 D/CCodecConfig(23345):   string output.media-type.value = "audio/raw"
06-12 11:11:42.279 D/CCodecConfig(23345):   c2::u32 raw.channel-count.value = 1
06-12 11:11:42.279 D/CCodecConfig(23345):   c2::u32 raw.sample-rate.value = 48000
06-12 11:11:42.279 D/CCodecConfig(23345): }
06-12 11:11:42.280 D/CCodec  (23345): [c2.android.vorbis.decoder] buffers are bound to CCodec for this session
06-12 11:11:42.280 D/CCodecConfig(23345): no c2 equivalents for durationUs
06-12 11:11:42.280 D/CCodecConfig(23345): no c2 equivalents for track-id
06-12 11:11:42.280 D/CCodecConfig(23345): no c2 equivalents for csd-1
06-12 11:11:42.281 D/CCodecConfig(23345): no c2 equivalents for channel-mask
06-12 11:11:42.281 D/CCodecConfig(23345): no c2 equivalents for flags
06-12 11:11:42.281 D/CCodecConfig(23345): c2 config diff is   c2::u32 raw.sample-rate.value = 16000
06-12 11:11:42.283 D/ReflectedParamUpdater(23345): extent() != 1 for single value type: algo.buffers.max-count.values
06-12 11:11:42.283 W/Codec2Client(23345): query -- param skipped: index = 1107298332.
06-12 11:11:42.283 D/CCodec  (23345): setup formats input: AMessage(what = 0x00000000) = {
06-12 11:11:42.283 D/CCodec  (23345):   int32_t channel-count = 1
06-12 11:11:42.283 D/CCodec  (23345):   int32_t max-input-size = 32768
06-12 11:11:42.283 D/CCodec  (23345):   string mime = "audio/vorbis"
06-12 11:11:42.283 D/CCodec  (23345):   int32_t sample-rate = 16000
06-12 11:11:42.283 D/CCodec  (23345): } and output: AMessage(what = 0x00000000) = {
06-12 11:11:42.283 D/CCodec  (23345):   int32_t channel-count = 1
06-12 11:11:42.283 D/CCodec  (23345):   string mime = "audio/raw"
06-12 11:11:42.283 D/CCodec  (23345):   int32_t sample-rate = 16000
06-12 11:11:42.283 D/CCodec  (23345):   int32_t channel-mask = 1
06-12 11:11:42.283 D/CCodec  (23345): }
06-12 11:11:42.284 D/ReflectedParamUpdater(23345): extent() != 1 for single value type: output.subscribed-indices.values
06-12 11:11:42.284 D/ReflectedParamUpdater(23345): extent() != 1 for single value type: input.buffers.allocator-ids.values
06-12 11:11:42.284 D/ReflectedParamUpdater(23345): extent() != 1 for single value type: output.buffers.allocator-ids.values
06-12 11:11:42.284 D/ReflectedParamUpdater(23345): extent() != 1 for single value type: algo.buffers.allocator-ids.values
06-12 11:11:42.284 W/Codec2Client(23345): query -- param skipped: index = 1342179345.
06-12 11:11:42.284 W/Codec2Client(23345): query -- param skipped: index = 2415921170.
06-12 11:11:42.285 E/FMQ     (23345): grantorIdx must be less than 3
06-12 11:11:42.285 E/FMQ     (23345): grantorIdx must be less than 3
06-12 11:11:42.286 D/CCodecBufferChannel(23345): [c2.android.vorbis.decoder#85] Created input block pool with allocatorID 16 => poolID 20 - OK (0)
06-12 11:11:42.286 D/ReflectedParamUpdater(23345): extent() != 1 for single value type: output.buffers.pool-ids.values
06-12 11:11:42.286 D/ReflectedParamUpdater(23345): extent() != 1 for single value type: algo.buffers.pool-ids.values
06-12 11:11:42.286 E/FMQ     (  476): grantorIdx must be less than 3
06-12 11:11:42.287 E/FMQ     (  476): grantorIdx must be less than 3
06-12 11:11:42.287 I/JioBackgroundSchedulerService( 2826): Check schedule  
06-12 11:11:42.287 I/CCodecBufferChannel(23345): [c2.android.vorbis.decoder#85] Created output block pool with allocatorID 16 => poolID 93 - OK
06-12 11:11:42.287 D/CCodecBufferChannel(23345): [c2.android.vorbis.decoder#85] Configured output block pool ids 93 => OK
06-12 11:11:42.293 E/FMQ     (23345): grantorIdx must be less than 3
06-12 11:11:42.293 E/FMQ     (  476): grantorIdx must be less than 3
06-12 11:11:42.300 I/.startv.hotsta(23345): oneway function results will be dropped but finished with status OK and parcel size 4
06-12 11:11:42.302 I/CCodecConfig(23345): query failed after returning 7 values (BAD_INDEX)
06-12 11:11:42.302 D/CCodecConfig(23345): c2 config diff is Dict {
06-12 11:11:42.302 D/CCodecConfig(23345):   c2::u32 coded.bitrate.value = 64000
06-12 11:11:42.302 D/CCodecConfig(23345):   c2::u32 input.buffers.max-size.value = 32768
06-12 11:11:42.302 D/CCodecConfig(23345):   c2::u32 input.delay.value = 0
06-12 11:11:42.302 D/CCodecConfig(23345):   string input.media-type.value = "audio/vorbis"
06-12 11:11:42.302 D/CCodecConfig(23345):   string output.media-type.value = "audio/raw"
06-12 11:11:42.302 D/CCodecConfig(23345):   c2::u32 raw.channel-count.value = 1
06-12 11:11:42.302 D/CCodecConfig(23345):   c2::u32 raw.sample-rate.value = 48000
06-12 11:11:42.302 D/CCodecConfig(23345): }
06-12 11:11:42.303 D/CCodec  (23345): [c2.android.vorbis.decoder] buffers are bound to CCodec for this session
06-12 11:11:42.303 D/CCodecConfig(23345): no c2 equivalents for durationUs
06-12 11:11:42.303 D/CCodecConfig(23345): no c2 equivalents for track-id
06-12 11:11:42.303 D/CCodecConfig(23345): no c2 equivalents for csd-1
06-12 11:11:42.304 D/CCodecConfig(23345): no c2 equivalents for channel-mask
06-12 11:11:42.304 D/CCodecConfig(23345): no c2 equivalents for flags
06-12 11:11:42.304 D/CCodecConfig(23345): c2 config diff is   c2::u32 raw.sample-rate.value = 16000
06-12 11:11:42.306 W/Codec2Client(23345): query -- param skipped: index = 1107298332.
06-12 11:11:42.306 D/CCodec  (23345): setup formats input: AMessage(what = 0x00000000) = {
06-12 11:11:42.306 D/CCodec  (23345):   int32_t channel-count = 1
06-12 11:11:42.306 D/CCodec  (23345):   int32_t max-input-size = 32768
06-12 11:11:42.306 D/CCodec  (23345):   string mime = "audio/vorbis"
06-12 11:11:42.306 D/CCodec  (23345):   int32_t sample-rate = 16000
06-12 11:11:42.306 D/CCodec  (23345): } and output: AMessage(what = 0x00000000) = {
06-12 11:11:42.306 D/CCodec  (23345):   int32_t channel-count = 1
06-12 11:11:42.306 D/CCodec  (23345):   string mime = "audio/raw"
06-12 11:11:42.306 D/CCodec  (23345):   int32_t sample-rate = 16000
06-12 11:11:42.306 D/CCodec  (23345):   int32_t channel-mask = 1
06-12 11:11:42.306 D/CCodec  (23345): }
06-12 11:11:42.307 W/Codec2Client(23345): query -- param skipped: index = 1342179345.
06-12 11:11:42.307 W/Codec2Client(23345): query -- param skipped: index = 2415921170.
06-12 11:11:42.308 D/stbdpc  (  403): STB_DPGetNumPaths[570]: num_paths: 1
06-12 11:11:42.308 E/FMQ     (23345): grantorIdx must be less than 3
06-12 11:11:42.308 D/SimpleC2Component(  476): Using output block pool with poolID 93 => got 93 - 0
06-12 11:11:42.310 I/e.swalekh.abct( 1345): oneway function results will be dropped but finished with status OK and parcel size 4
06-12 11:11:42.317 E/FMQ     (23345): grantorIdx must be less than 3
06-12 11:11:42.320 D/JioSTBMRServer-SERVICE( 3360): InetSocketAddress(InetAddress.getByName(inetAddress.hostAddress)-/192.168.1.255
06-12 11:11:42.320 D/JioSTBMRServer-SERVICE( 3360): #beacon:RKISBFJ60000097:0:false:0:1:SV=181024 , 192.168.1.255
06-12 11:11:42.322 D/CCodecBufferChannel(23345): [c2.android.vorbis.decoder#684] Created input block pool with allocatorID 16 => poolID 21 - OK (0)
06-12 11:11:42.323 E/FMQ     (  476): grantorIdx must be less than 3
06-12 11:11:42.323 E/FMQ     (  476): grantorIdx must be less than 3
06-12 11:11:42.324 I/CCodecBufferChannel(23345): [c2.android.vorbis.decoder#684] Created output block pool with allocatorID 16 => poolID 94 - OK
06-12 11:11:42.324 D/CCodecBufferChannel(23345): [c2.android.vorbis.decoder#684] Configured output block pool ids 94 => OK
06-12 11:11:42.326 D/SimpleC2Component(  476): Using output block pool with poolID 94 => got 94 - 0
06-12 11:11:42.328 E/FMQ     (  476): grantorIdx must be less than 3
06-12 11:11:42.328 E/FMQ     (23345): grantorIdx must be less than 3
06-12 11:11:42.329 E/FMQ     (23345): grantorIdx must be less than 3
06-12 11:11:42.329 E/FMQ     (  476): grantorIdx must be less than 3
06-12 11:11:42.331 D/JioSTBMRServer-SERVICE( 3360): InetSocketAddress(InetAddress.getByName(inetAddress.hostAddress)-/192.168.1.255
06-12 11:11:42.331 D/JioSTBMRServer-SERVICE( 3360): #broadcast IP:192.168.1.255
06-12 11:11:42.350 D/CCodecBuffers(23345): [c2.android.vorbis.decoder#85:Output[N]] popFromStashAndRegister: output format changed to AMessage(what = 0x00000000) = {
06-12 11:11:42.350 D/CCodecBuffers(23345):   int32_t channel-count = 1
06-12 11:11:42.350 D/CCodecBuffers(23345):   string mime = "audio/raw"
06-12 11:11:42.350 D/CCodecBuffers(23345):   int32_t sample-rate = 16000
06-12 11:11:42.350 D/CCodecBuffers(23345):   int32_t channel-mask = 1
06-12 11:11:42.350 D/CCodecBuffers(23345): }
06-12 11:11:42.365 E/FMQ     (  476): grantorIdx must be less than 3
06-12 11:11:42.365 E/FMQ     (23345): grantorIdx must be less than 3
06-12 11:11:42.367 D/CCodecBuffers(23345): [c2.android.vorbis.decoder#684:Output[N]] popFromStashAndRegister: output format changed to AMessage(what = 0x00000000) = {
06-12 11:11:42.367 D/CCodecBuffers(23345):   int32_t channel-count = 1
06-12 11:11:42.367 D/CCodecBuffers(23345):   string mime = "audio/raw"
06-12 11:11:42.367 D/CCodecBuffers(23345):   int32_t sample-rate = 16000
06-12 11:11:42.367 D/CCodecBuffers(23345):   int32_t channel-mask = 1
06-12 11:11:42.367 D/CCodecBuffers(23345): }
06-12 11:11:42.400 D/CCodecBufferChannel(23345): [c2.android.vorbis.decoder#85] MediaCodec discarded an unknown buffer
06-12 11:11:42.401 I/chatty  (23345): uid=10072(in.startv.hotstar) NDK MediaCodec_ identical 1 line
06-12 11:11:42.401 D/CCodecBufferChannel(23345): [c2.android.vorbis.decoder#85] MediaCodec discarded an unknown buffer
06-12 11:11:42.404 I/hw-BpHwBinder(23345): onLastStrongRef automatically unlinking death recipients
06-12 11:11:42.408 D/stbdpc  (  403): STB_DPGetNumPaths[570]: num_paths: 1
06-12 11:11:42.439 D/CCodecBufferChannel(23345): [c2.android.vorbis.decoder#684] MediaCodec discarded an unknown buffer
06-12 11:11:42.439 I/chatty  (23345): uid=10072(in.startv.hotstar) identical 1 line
06-12 11:11:42.439 D/CCodecBufferChannel(23345): [c2.android.vorbis.decoder#684] MediaCodec discarded an unknown buffer
06-12 11:11:42.441 I/hw-BpHwBinder(23345): onLastStrongRef automatically unlinking death recipients
06-12 11:11:42.443 I/hw-BpHwBinder(  476): onLastStrongRef automatically unlinking death recipients
06-12 11:11:42.445 V/C2Store (  476): in ~ComponentModule
06-12 11:11:42.445 V/C2Store (  476): unloading dll
06-12 11:11:42.454 I/ThermalService(  975): CPU temperatures: [66.8]
06-12 11:11:42.508 D/stbdpc  (  403): STB_DPGetNumPaths[570]: num_paths: 1
06-12 11:11:42.564 V/DigitalSignage(  628): Package Name: null
06-12 11:11:42.564 V/DigitalSignage(  628): Left: 0
06-12 11:11:42.564 V/DigitalSignage(  628): Right: 0
06-12 11:11:42.564 V/DigitalSignage(  628): Top: 0
06-12 11:11:42.564 V/DigitalSignage(  628): Bottom: 0
06-12 11:11:42.564 D/DigitalSignage(  628): else - Package Name :: null left : 0 right :: 0 top :: 0 bottom :: 0 dfu-right :: 1920 dfu-bottom :: 1080
06-12 11:11:42.609 D/stbdpc  (  403): STB_DPGetNumPaths[570]: num_paths: 1
06-12 11:11:42.699 D/dvb_iptv(  403): ReadEmmNetworkTask[1537]: EMM Select Timeout Occured 12
06-12 11:11:42.709 D/stbdpc  (  403): STB_DPGetNumPaths[570]: num_paths: 1
06-12 11:11:42.742 D/rtk_heartbeat(  351): heartbeat_timed_out: heartbeatCmdCount = 4071, expected nextSeqNum = 4071
06-12 11:11:42.743 D/rtk_heartbeat(  351): rtkbt_heartbeat_cmpl_cback: Current SeqNum = 4071,should SeqNum=4071, status = 0
06-12 11:11:42.793 W/[ 4092.380910@2]  RTW(    0): fill_default_txdesc(wlan0): SP Packet(0x0806) rate=0x4 SeqNum = 4035
06-12 11:11:42.805 D/JioStbInactivityTimer(  928): Timer: count 30 warningTimeout:10680 timeout:10800
06-12 11:11:42.805 D/JioStbInactivityTimer(  928): isUserActive: Curr:4061068 Prev:4061068
06-12 11:11:42.809 D/stbdpc  (  403): STB_DPGetNumPaths[570]: num_paths: 1
06-12 11:11:42.841 W/[ 4092.431279@0]  RTW(    0): fill_default_txdesc(wlan0): SP Packet(0x0806) rate=0x4 SeqNum = 4056
06-12 11:11:42.909 D/stbdpc  (  403): STB_DPGetNumPaths[570]: num_paths: 1
06-12 11:11:42.911 D/MulticastUtils( 1779): Timeout 5000ms IOException:Poll timed out
06-12 11:11:42.922 D/JioLauncher( 1779): connected-network-status  1 status true time 0 lPreviousIp [/fe80::1%wlan0, /192.168.1.1] isLiveOnTop() false isOneTimeVisisbleStatus false-remoteConnectedTime-0
06-12 11:11:43.009 D/stbdpc  (  403): STB_DPGetNumPaths[570]: num_paths: 1
06-12 11:11:43.110 D/stbdpc  (  403): STB_DPGetNumPaths[570]: num_paths: 1
06-12 11:11:43.200 D/dvb_iptv(  403): ReadEmmNetworkTask[1537]: EMM Select Timeout Occured 13
06-12 11:11:43.210 D/stbdpc  (  403): STB_DPGetNumPaths[570]: num_paths: 1
06-12 11:11:43.299 I/appium  (23280): The following attributes will be included to the page source: [resource-id]
06-12 11:11:43.310 D/stbdpc  (  403): STB_DPGetNumPaths[570]: num_paths: 1
06-12 11:11:43.410 D/stbdpc  (  403): STB_DPGetNumPaths[570]: num_paths: 1
06-12 11:11:43.503 D/ltts_ip_emm(  403): LTTS_IP_DMXStartEMM[381]: parse_emm_cat_status failed
06-12 11:11:43.510 D/stbdpc  (  403): STB_DPGetNumPaths[570]: num_paths: 1
06-12 11:11:43.574 I/appium  (23280): Took 0ms to retrieve 1 matches for '//android.widget.EditText[@resource-id='in.startv.hotstar:id/search_bar']' XPath2 query
06-12 11:11:43.581 I/appium  (23280): AppiumResponse: {"sessionId":"36c6c481-fc6b-4d29-8755-c98e1b053820","value":{"ELEMENT":"00000000-0000-0017-ffff-ffff000000cd","element-6066-11e4-a52e-4f735466cecf":"00000000-0000-0017-ffff-ffff000000cd"}}
06-12 11:11:43.609 I/appium  (23280): channel read: GET /session/36c6c481-fc6b-4d29-8755-c98e1b053820/element/00000000-0000-0017-ffff-ffff000000cd/attribute/displayed
06-12 11:11:43.610 D/stbdpc  (  403): STB_DPGetNumPaths[570]: num_paths: 1
06-12 11:11:43.611 I/appium  (23280): GetElementAttribute command
06-12 11:11:43.621 I/appium  (23280): AppiumResponse: {"sessionId":"36c6c481-fc6b-4d29-8755-c98e1b053820","value":"true"}
06-12 11:11:43.646 I/appium  (23280): channel read: POST /session/36c6c481-fc6b-4d29-8755-c98e1b053820/element/00000000-0000-0017-ffff-ffff000000cd/click
06-12 11:11:43.647 I/appium  (23280): Click command
06-12 11:11:43.667 D/InputDispatcher(  628): injectInputEvent - eventType=2, injectorPid=23261, injectorUid=0, syncMode=0, timeout=30000, policyFlags=0x08000000
06-12 11:11:43.668 D/InputDispatcher(  628): injectInputEvent - Finished with result 0. injectorPid=23261, injectorUid=0
06-12 11:11:43.668 D/InputDispatcher(  628): Setting input event injection result to 0.  injectorPid=23261, injectorUid=0
06-12 11:11:43.668 V/InputDispatcher(  628): Asynchronous input event injection succeeded.
06-12 11:11:43.668 I/android.hardware.power-service.libperfmgr(  371): Power setBoost: INTERACTION duration: 0
06-12 11:11:43.669 I/libperfmgr(  371): Do Powerhint: INTERACTION
06-12 11:11:43.669 I/android.hardware.power-service.libperfmgr(  371): Power setBoost: INTERACTION duration: 0
06-12 11:11:43.669 I/libperfmgr(  371): Do Powerhint: INTERACTION
06-12 11:11:43.680 D/InputDispatcher(  628): injectInputEvent - eventType=2, injectorPid=23261, injectorUid=0, syncMode=0, timeout=30000, policyFlags=0x08000000
06-12 11:11:43.680 D/InputDispatcher(  628): injectInputEvent - Finished with result 0. injectorPid=23261, injectorUid=0
06-12 11:11:43.680 D/InputDispatcher(  628): Setting input event injection result to 0.  injectorPid=23261, injectorUid=0
06-12 11:11:43.680 V/InputDispatcher(  628): Asynchronous input event injection succeeded.
06-12 11:11:43.695 W/GestureController(23280): Gestures took longer than expected (35ms >> 16ms), device might be in a busy state.
06-12 11:11:43.696 I/appium  (23280): Waiting up to 10000ms for the device to idle
06-12 11:11:43.700 D/dvb_iptv(  403): ReadEmmNetworkTask[1537]: EMM Select Timeout Occured 14
06-12 11:11:43.703 I/appium  (23280): AppiumResponse: {"sessionId":"36c6c481-fc6b-4d29-8755-c98e1b053820","value":null}
06-12 11:11:43.709 D/InputMethodService( 1345): JioHomeManagerService::showWindow()::notifyJioHomeAboutIMEVisibility(IME_SHOWN) isInputViewShown()::true
06-12 11:11:43.709 D/InputMethodService( 1345): JioHomeMangerService::notifyJioHomeAboutIMEVisibility()::EDIT_TEXT_FOCUS_KEY Value::true Action::com.iwedia.action.SHOW_SOFT_INPUT isVisble :: true
06-12 11:11:43.711 D/stbdpc  (  403): STB_DPGetNumPaths[570]: num_paths: 1
06-12 11:11:43.720 E/WifiVendorHal(  628): getWifiLinkLayerStats_1_3_Internal(l.973) failed {.code = ERROR_UNKNOWN, .description = unknown error}
06-12 11:11:43.742 D/rtk_heartbeat(  351): heartbeat_timed_out: heartbeatCmdCount = 4072, expected nextSeqNum = 4072
06-12 11:11:43.744 D/rtk_heartbeat(  351): rtkbt_heartbeat_cmpl_cback: Current SeqNum = 4072,should SeqNum=4072, status = 0
06-12 11:11:43.757 I/appium  (23280): channel read: POST /session/36c6c481-fc6b-4d29-8755-c98e1b053820/element/00000000-0000-0017-ffff-ffff000000cd/value
06-12 11:11:43.758 I/thermal2(  374): Sending notification:  Type: CPU Name: soc_thermal CurrentValue: 66.3 ThrottlingStatus: LIGHT
06-12 11:11:43.759 I/appium  (23280): SendKeysToElement command
06-12 11:11:43.794 V/DigitalSignage(  628): Package Name: null
06-12 11:11:43.794 V/DigitalSignage(  628): Left: 0
06-12 11:11:43.794 V/DigitalSignage(  628): Right: 0
06-12 11:11:43.794 V/DigitalSignage(  628): Top: 0
06-12 11:11:43.794 V/DigitalSignage(  628): Bottom: 0
06-12 11:11:43.794 D/DigitalSignage(  628): else - Package Name :: null left : 0 right :: 0 top :: 0 bottom :: 0 dfu-right :: 1920 dfu-bottom :: 1080
06-12 11:11:43.802 V/DigitalSignage(  628): Package Name: null
06-12 11:11:43.802 V/DigitalSignage(  628): Left: 0
06-12 11:11:43.802 V/DigitalSignage(  628): Right: 0
06-12 11:11:43.802 V/DigitalSignage(  628): Top: 0
06-12 11:11:43.802 V/DigitalSignage(  628): Bottom: 0
06-12 11:11:43.803 D/DigitalSignage(  628): else - Package Name :: null left : 0 right :: 0 top :: 0 bottom :: 0 dfu-right :: 1920 dfu-bottom :: 1080
06-12 11:11:43.803 V/DigitalSignage(  628): Package Name: null
06-12 11:11:43.803 V/DigitalSignage(  628): Left: 0
06-12 11:11:43.803 V/DigitalSignage(  628): Right: 0
06-12 11:11:43.803 V/DigitalSignage(  628): Top: 0
06-12 11:11:43.803 V/DigitalSignage(  628): Bottom: 0
06-12 11:11:43.803 D/DigitalSignage(  628): else - Package Name :: null left : 0 right :: 0 top :: 0 bottom :: 0 dfu-right :: 1920 dfu-bottom :: 1080
06-12 11:11:43.807 D/JioStbInactivityTimer(  928): Timer: count 31 warningTimeout:10680 timeout:10800
06-12 11:11:43.808 D/JioStbInactivityTimer(  928): isUserActive: Curr:4061068 Prev:4061068
06-12 11:11:43.811 D/stbdpc  (  403): STB_DPGetNumPaths[570]: num_paths: 1
06-12 11:11:43.830 V/DigitalSignage(  628): Package Name: null
06-12 11:11:43.830 V/DigitalSignage(  628): Left: 0
06-12 11:11:43.830 V/DigitalSignage(  628): Right: 0
06-12 11:11:43.830 V/DigitalSignage(  628): Top: 0
06-12 11:11:43.830 V/DigitalSignage(  628): Bottom: 0
06-12 11:11:43.830 D/DigitalSignage(  628): else - Package Name :: null left : 0 right :: 0 top :: 0 bottom :: 0 dfu-right :: 1920 dfu-bottom :: 1080
06-12 11:11:43.830 V/DigitalSignage(  628): Package Name: null
06-12 11:11:43.830 V/DigitalSignage(  628): Left: 0
06-12 11:11:43.830 V/DigitalSignage(  628): Right: 0
06-12 11:11:43.830 V/DigitalSignage(  628): Top: 0
06-12 11:11:43.830 V/DigitalSignage(  628): Bottom: 0
06-12 11:11:43.830 D/DigitalSignage(  628): else - Package Name :: null left : 0 right :: 0 top :: 0 bottom :: 0 dfu-right :: 1920 dfu-bottom :: 1080
06-12 11:11:43.837 D/InputMethod( 1345): JioHomeManagerService::hideSoftInput()::notifyJioHomeAboutIMEVisibility(IME_HIDDEN) isInputViewShown()::false
06-12 11:11:43.837 D/InputMethodService( 1345): JioHomeMangerService::notifyJioHomeAboutIMEVisibility()::EDIT_TEXT_FOCUS_KEY Value::false Action::com.iwedia.action.SHOW_SOFT_INPUT isVisble :: false
06-12 11:11:43.840 W/InputMethodService( 1345): Re-entrance in to showWindow
06-12 11:11:43.842 V/DigitalSignage(  628): Package Name: null
06-12 11:11:43.843 V/DigitalSignage(  628): Left: 0
06-12 11:11:43.843 V/DigitalSignage(  628): Right: 0
06-12 11:11:43.843 V/DigitalSignage(  628): Top: 0
06-12 11:11:43.843 V/DigitalSignage(  628): Bottom: 0
06-12 11:11:43.843 D/DigitalSignage(  628): else - Package Name :: null left : 0 right :: 0 top :: 0 bottom :: 0 dfu-right :: 1920 dfu-bottom :: 1080
06-12 11:11:43.843 V/DigitalSignage(  628): Package Name: null
06-12 11:11:43.843 V/DigitalSignage(  628): Left: 0
06-12 11:11:43.843 V/DigitalSignage(  628): Right: 0
06-12 11:11:43.843 V/DigitalSignage(  628): Top: 0
06-12 11:11:43.843 V/DigitalSignage(  628): Bottom: 0
06-12 11:11:43.843 D/DigitalSignage(  628): else - Package Name :: null left : 0 right :: 0 top :: 0 bottom :: 0 dfu-right :: 1920 dfu-bottom :: 1080
06-12 11:11:43.852 V/DigitalSignage(  628): Package Name: null
06-12 11:11:43.852 V/DigitalSignage(  628): Left: 0
06-12 11:11:43.852 V/DigitalSignage(  628): Right: 0
06-12 11:11:43.852 V/DigitalSignage(  628): Top: 0
06-12 11:11:43.852 V/DigitalSignage(  628): Bottom: 0
06-12 11:11:43.852 D/DigitalSignage(  628): else - Package Name :: null left : 0 right :: 0 top :: 0 bottom :: 0 dfu-right :: 1920 dfu-bottom :: 1080
06-12 11:11:43.853 V/DigitalSignage(  628): Package Name: null
06-12 11:11:43.853 V/DigitalSignage(  628): Left: 0
06-12 11:11:43.853 V/DigitalSignage(  628): Right: 0
06-12 11:11:43.853 V/DigitalSignage(  628): Top: 0
06-12 11:11:43.853 V/DigitalSignage(  628): Bottom: 0
06-12 11:11:43.853 D/DigitalSignage(  628): else - Package Name :: null left : 0 right :: 0 top :: 0 bottom :: 0 dfu-right :: 1920 dfu-bottom :: 1080
06-12 11:11:43.861 V/DigitalSignage(  628): Package Name: null
06-12 11:11:43.861 V/DigitalSignage(  628): Left: 0
06-12 11:11:43.862 V/DigitalSignage(  628): Right: 0
06-12 11:11:43.862 V/DigitalSignage(  628): Top: 0
06-12 11:11:43.862 V/DigitalSignage(  628): Bottom: 0
06-12 11:11:43.862 D/DigitalSignage(  628): else - Package Name :: null left : 0 right :: 0 top :: 0 bottom :: 0 dfu-right :: 1920 dfu-bottom :: 1080
06-12 11:11:43.862 V/DigitalSignage(  628): Package Name: null
06-12 11:11:43.862 V/DigitalSignage(  628): Left: 0
06-12 11:11:43.862 V/DigitalSignage(  628): Right: 0
06-12 11:11:43.862 V/DigitalSignage(  628): Top: 0
06-12 11:11:43.862 V/DigitalSignage(  628): Bottom: 0
06-12 11:11:43.863 D/DigitalSignage(  628): else - Package Name :: null left : 0 right :: 0 top :: 0 bottom :: 0 dfu-right :: 1920 dfu-bottom :: 1080
06-12 11:11:43.910 V/DigitalSignage(  628): Package Name: null
06-12 11:11:43.910 V/DigitalSignage(  628): Left: 0
06-12 11:11:43.910 V/DigitalSignage(  628): Right: 0
06-12 11:11:43.910 V/DigitalSignage(  628): Top: 0
06-12 11:11:43.910 V/DigitalSignage(  628): Bottom: 0
06-12 11:11:43.910 D/DigitalSignage(  628): else - Package Name :: null left : 0 right :: 0 top :: 0 bottom :: 0 dfu-right :: 1920 dfu-bottom :: 1080
06-12 11:11:43.910 V/DigitalSignage(  628): Package Name: null
06-12 11:11:43.910 V/DigitalSignage(  628): Left: 0
06-12 11:11:43.910 V/DigitalSignage(  628): Right: 0
06-12 11:11:43.910 V/DigitalSignage(  628): Top: 0
06-12 11:11:43.911 V/DigitalSignage(  628): Bottom: 0
06-12 11:11:43.911 D/stbdpc  (  403): STB_DPGetNumPaths[570]: num_paths: 1
06-12 11:11:43.911 D/DigitalSignage(  628): else - Package Name :: null left : 0 right :: 0 top :: 0 bottom :: 0 dfu-right :: 1920 dfu-bottom :: 1080
06-12 11:11:43.921 E/BufferQueueProducer(  401): [in.startv.hotstar/com.hotstar.MainActivity#0](id:19100000062,api:0,p:-1,c:401) disconnect: not connected (req=1)
06-12 11:11:43.921 W/libEGL  (23345): EGLNativeWindowType 0xe926fc08 disconnect failed
06-12 11:11:43.942 W/InputMethodService( 1345): Re-entrance in to showWindow
06-12 11:11:43.944 D/InputMethodService( 1345): JioHomeManagerService::showWindow()::notifyJioHomeAboutIMEVisibility(IME_SHOWN) isInputViewShown()::true
06-12 11:11:43.944 D/InputMethodService( 1345): JioHomeMangerService::notifyJioHomeAboutIMEVisibility()::EDIT_TEXT_FOCUS_KEY Value::true Action::com.iwedia.action.SHOW_SOFT_INPUT isVisble :: true
06-12 11:11:43.979 V/DigitalSignage(  628): Package Name: null
06-12 11:11:43.979 V/DigitalSignage(  628): Left: 0
06-12 11:11:43.979 V/DigitalSignage(  628): Right: 0
06-12 11:11:43.979 V/DigitalSignage(  628): Top: 0
06-12 11:11:43.979 V/DigitalSignage(  628): Bottom: 0
06-12 11:11:43.982 D/DigitalSignage(  628): else - Package Name :: null left : 0 right :: 0 top :: 0 bottom :: 0 dfu-right :: 1920 dfu-bottom :: 1080
06-12 11:11:43.983 V/DigitalSignage(  628): Package Name: null
06-12 11:11:43.983 V/DigitalSignage(  628): Left: 0
06-12 11:11:43.983 V/DigitalSignage(  628): Right: 0
06-12 11:11:43.983 V/DigitalSignage(  628): Top: 0
06-12 11:11:43.983 V/DigitalSignage(  628): Bottom: 0
06-12 11:11:43.983 D/DigitalSignage(  628): else - Package Name :: null left : 0 right :: 0 top :: 0 bottom :: 0 dfu-right :: 1920 dfu-bottom :: 1080
06-12 11:11:44.011 D/stbdpc  (  403): STB_DPGetNumPaths[570]: num_paths: 1
