--------- beginning of crash
06-12 15:34:27.177 F/linker  (18230): CANNOT LINK EXECUTABLE "/system/bin/smartcable/smartCableSTBApp": library "libmosquitto.so" not found: needed by main executable
--------- beginning of kernel
06-12 15:34:28.648 D/[ 2744.003271@0]  logd(    0): logdr: UID=0 GID=0 PID=18249 b tail=0 logMask=99 pid=0 start=0ns timeout=0ns
06-12 15:34:28.649 D/[ 2744.004589@2]  logd(    0): Skipping 4294967295 entries from slow reader, pid 18249, from LogBuffer::kickMe()
06-12 15:34:31.504 W/[ 2746.858174@0]  RTW(    0): fill_default_txdesc(wlan0): SP Packet(0x0806) rate=0x4 SeqNum = 2196
06-12 15:34:32.196 F/linker  (18398): CANNOT LINK EXECUTABLE "/system/bin/smartcable/smartCableSTBApp": library "libmosquitto.so" not found: needed by main executable
06-12 15:34:36.463 W/[ 2751.819751@1]  RTW(    0): fill_default_txdesc(wlan0): SP Packet(0x0806) rate=0x4 SeqNum = 3638
06-12 15:34:37.183 F/linker  (18421): CANNOT LINK EXECUTABLE "/system/bin/smartcable/smartCableSTBApp": library "libmosquitto.so" not found: needed by main executable
06-12 15:34:41.504 W/[ 2756.859990@0]  RTW(    0): fill_default_txdesc(wlan0): SP Packet(0x0806) rate=0x4 SeqNum = 564
06-12 15:34:42.188 F/linker  (18450): CANNOT LINK EXECUTABLE "/system/bin/smartcable/smartCableSTBApp": library "libmosquitto.so" not found: needed by main executable
06-12 15:34:46.603 W/[ 2761.957786@2]  RTW(    0): fill_default_txdesc(wlan0): SP Packet(0x0806) rate=0x4 SeqNum = 1857
06-12 15:34:47.193 F/linker  (18487): CANNOT LINK EXECUTABLE "/system/bin/smartcable/smartCableSTBApp": library "libmosquitto.so" not found: needed by main executable
06-12 15:34:51.215 W/[ 2766.571353@3]  RTW(    0): fill_default_txdesc(wlan0): SP Packet(0x0806) rate=0x4 SeqNum = 2845
06-12 15:34:52.196 F/linker  (18507): CANNOT LINK EXECUTABLE "/system/bin/smartcable/smartCableSTBApp": library "libmosquitto.so" not found: needed by main executable
06-12 15:34:56.263 W/[ 2771.618351@0]  RTW(    0): fill_default_txdesc(wlan0): SP Packet(0x0806) rate=0x4 SeqNum = 3638
06-12 15:34:57.200 F/linker  (18516): CANNOT LINK EXECUTABLE "/system/bin/smartcable/smartCableSTBApp": library "libmosquitto.so" not found: needed by main executable
06-12 15:34:58.899 W/[ 2774.255292@2]  audit(    0): audit_lost=2942 audit_rate_limit=5 audit_backlog_limit=64
06-12 15:34:58.900 E/[ 2774.255305@2]  audit(    0): rate limit exceeded
06-12 15:35:00.063 W/[ 2775.419983@1]  audit(    0): audit_lost=3060 audit_rate_limit=5 audit_backlog_limit=64
06-12 15:35:00.064 E/[ 2775.419993@1]  audit(    0): rate limit exceeded
06-12 15:35:01.216 W/[ 2776.570450@2]  RTW(    0): fill_default_txdesc(wlan0): SP Packet(0x0806) rate=0x4 SeqNum = 307
06-12 15:35:02.211 F/linker  (18532): CANNOT LINK EXECUTABLE "/system/bin/smartcable/smartCableSTBApp": library "libmosquitto.so" not found: needed by main executable
06-12 15:35:06.311 W/[ 2781.668500@0]  RTW(    0): fill_default_txdesc(wlan0): SP Packet(0x0806) rate=0x4 SeqNum = 1116
06-12 15:35:07.209 F/linker  (18543): CANNOT LINK EXECUTABLE "/system/bin/smartcable/smartCableSTBApp": library "libmosquitto.so" not found: needed by main executable
06-12 15:35:09.380 W/[ 2784.732759@0]  RTW(    0): fill_default_txdesc(wlan0): SP Packet(0x0806) rate=0x4 SeqNum = 1844
06-12 15:35:11.391 W/[ 2786.746235@0]  RTW(    0): fill_default_txdesc(wlan0): SP Packet(0x0806) rate=0x4 SeqNum = 2218
06-12 15:35:12.219 F/linker  (18616): CANNOT LINK EXECUTABLE "/system/bin/smartcable/smartCableSTBApp": library "libmosquitto.so" not found: needed by main executable
06-12 15:35:16.627 I/[ 2791.982101@3]  binder(    0): release 18178:18192 transaction 1420896 in, still active
06-12 15:35:16.628 I/[ 2791.982115@3]  binder(    0): send failed reply for transaction 1420896 to 632:18663
06-12 15:35:16.807 W/[ 2792.161233@1]  RTW(    0): fill_default_txdesc(wlan0): SP Packet(0x0806) rate=0x4 SeqNum = 2995
06-12 15:35:17.217 F/linker  (18690): CANNOT LINK EXECUTABLE "/system/bin/smartcable/smartCableSTBApp": library "libmosquitto.so" not found: needed by main executable
06-12 15:35:21.936 W/[ 2797.289038@1]  RTW(    0): fill_default_txdesc(wlan0): SP Packet(0x0806) rate=0x4 SeqNum = 3602
06-12 15:35:22.221 F/linker  (18704): CANNOT LINK EXECUTABLE "/system/bin/smartcable/smartCableSTBApp": library "libmosquitto.so" not found: needed by main executable
06-12 15:35:25.909 I/[ 2801.264464@3]  resman(    0): 55 appname:OMX-37, type=0
06-12 15:35:25.996 I/[ 2801.350243@1]  resman(    0): 55 acquire [decoder], preempt yes
06-12 15:35:25.996 I/[ 2801.350255@1]  resman(    0): 55 acquire [decoder] success
06-12 15:35:25.996 I/[ 2801.350308@1]  resman(    0): 55 acquire [codec_mm], preempt yes
06-12 15:35:25.996 I/[ 2801.350317@1]  resman(    0): 55 score 60 secure no
06-12 15:35:25.996 I/[ 2801.350322@1]  resman(    0): 55 acquire [codec_mm] success
06-12 15:35:26.024 I/[ 2801.377188@0]  [amlv4l](    0): [31]: DW:10, TW:0, Margin:5
06-12 15:35:26.024 D/[ 2801.377636@0]  [amlcom](    0): vdec_create instance 00000000fa26f476, total 1, PM: power-domain
06-12 15:35:26.024 D/[ 2801.377771@0]  [media_clock](    0): vdec mux clock is 799999988 Hz
06-12 15:35:26.024 I/[ 2801.377948@0]  [amlcom](    0): vdec_init, dev_name:ammvdec_h264_v4l, vdec_type=VDEC_TYPE_FRAME_BLOCK, format: 2, total: 1
06-12 15:35:26.024 D/[ 2801.378955@0]  [h264](    0): 0: pdata->config=parm_v4l_codec_enable:1;mh264_double_write_mode:16;parm_v4l_buffer_margin:5;parm_v4l_canvas_mem_mode:0;parm_v4l_canvas_mem_endian:0;parm_v4l_low_latency_mode:0;parm_v4l_metadata_config_flag:49154;parm_v4l_duration:3840;
06-12 15:35:26.024 D/[ 2801.378998@0]  [h264](    0): ammvdec_h264_mmu_init tvp = 0x0
06-12 15:35:26.034 D/[ 2801.384941@0]  [media_clock](    0): vdec mux clock is 799999988 Hz
06-12 15:35:26.034 D/[ 2801.389788@0]  [h264](    0): vh264_init, phy_addr=57429000 vaddr=00000000a03e24bd
06-12 15:35:26.104 D/[ 2801.458572@0]  [h264](    0): 0: vmh264_get_ps_info mmu_enable 0 double_write_mode 0x10
06-12 15:35:26.128 I/[ 2801.458592@0]  [amlv4l](    0): [31]: Parse from ucode, visible(1920 x 1080), coded(1920 x 1088), scan:P, bitdepth(0), dw(10)
06-12 15:35:26.128 I/[ 2801.460874@0]  [amlv4l](    0): [31]: Picture buffer count: dec:5, vpp:0, ge2d:0, margin:5, total:10
06-12 15:35:26.128 D/[ 2801.460889@0]  [amlv4l](    0): [31]: Post event: res chg
06-12 15:35:26.128 I/[ 2801.470149@0]  dim(    0): reg:use[1]ms
06-12 15:35:26.128 I/[ 2801.470161@0]  dim(    0): create:ch[2],tmode[3]
06-12 15:35:26.128 I/[ 2801.470164@0]  dim(    0): out:0x80000000
06-12 15:35:26.128 D/[ 2801.479572@0]  [h264](    0): 0: restriction_flag=0, max_dec_frame_buffering=4, dec_dpb_size=5 num_reorder_frames 2 used_reorder_dpb_size_margin 5
06-12 15:35:26.140 D/[ 2801.495091@0]  [h264](    0): 0: decoder duration change old: 0 new: 3840
06-12 15:35:26.140 I/[ 2801.495218@0]  dim(    0): value reg:ch[2]:fix_buf:0;ponly <0,0>
06-12 15:35:26.140 I/[ 2801.495231@0]  dim(    0): di_cnt_i_buf1:tvp:0
06-12 15:35:26.140 I/[ 2801.495241@0]  dim(    0): buf large::0x4fb000, 0x5a1000
06-12 15:35:26.140 I/[ 2801.495294@0]  vpu(    0): vpu: vpu_dev_clk_gate_on: unsupport vpu mod: 72
06-12 15:35:26.140 I/[ 2801.496166@0]  dim(    0): ch[2]:reg:mem cfg[0][0][0]
06-12 15:35:26.200 I/[ 2801.553982@0]  VID(    0): VD1 off
06-12 15:35:26.206 I/[ 2801.554180@0]  vc(    0): [0]vc: set enable index=0, val=1
06-12 15:35:26.207 I/        (    0): [ 2801.554207@0]  dev->index =0, val=2
06-12 15:35:26.207 I/[ 2801.554211@0]  VID(    0): VD1 off
06-12 15:35:26.207 I/[ 2801.554217@0]  VID(    0): VD1 set global output as 1
06-12 15:35:26.207 I/[ 2801.554251@0]  VID(    0): store VD0 path_id changed -1->2
06-12 15:35:26.207 I/[ 2801.554273@0]  vc(    0): [0]sideband_type =-1
06-12 15:35:27.056 W/[ 2802.412291@2]  RTW(    0): fill_default_txdesc(wlan0): SP Packet(0x0806) rate=0x4 SeqNum = 737
06-12 15:35:27.205 W/[ 2802.557639@3]  RTW(    0): Turbo EDCA =0xa42b
06-12 15:35:27.235 F/linker  (18767): CANNOT LINK EXECUTABLE "/system/bin/smartcable/smartCableSTBApp": library "libmosquitto.so" not found: needed by main executable
06-12 15:35:31.155 W/[ 2806.510439@1]  RTW(    0): fill_default_txdesc(wlan0): SP Packet(0x0806) rate=0x4 SeqNum = 2690
06-12 15:35:31.236 W/[ 2806.588909@1]  RTW(    0): Turbo EDCA =0x5ea42b
06-12 15:35:32.234 F/linker  (18791): CANNOT LINK EXECUTABLE "/system/bin/smartcable/smartCableSTBApp": library "libmosquitto.so" not found: needed by main executable
06-12 15:35:33.251 W/[ 2808.604736@2]  RTW(    0): Turbo EDCA =0xa42b
06-12 15:35:35.267 W/[ 2810.620781@2]  RTW(    0): Turbo EDCA =0x5ea42b
06-12 15:35:36.263 W/[ 2811.618875@0]  RTW(    0): fill_default_txdesc(wlan0): SP Packet(0x0806) rate=0x4 SeqNum = 3933
06-12 15:35:37.237 F/linker  (18807): CANNOT LINK EXECUTABLE "/system/bin/smartcable/smartCableSTBApp": library "libmosquitto.so" not found: needed by main executable
06-12 15:35:37.283 W/[ 2812.636809@0]  RTW(    0): Turbo EDCA =0xa42b
06-12 15:35:39.299 W/[ 2814.652759@2]  RTW(    0): Turbo EDCA =0x5ea42b
06-12 15:35:40.988 I/[ 2816.342496@2]  dim(    0): ch[2] in eos p-other
06-12 15:35:40.990 D/[ 2816.343179@2]  [amlv4l](    0): [31]: Post event: eos
06-12 15:35:40.990 I/[ 2816.343971@2]  [amlv4l](    0): [31]: reset mode: 1, es frames buffering: 0
06-12 15:35:40.995 I/[ 2816.352573@1]  [amlv4l](    0): [31]: reset mode: 1, es frames buffering: 0
06-12 15:35:41.023 I/[ 2816.376685@1]  dim(    0): unreg:2keep[0], msk:[0x0,0x0]
06-12 15:35:41.031 I/[ 2816.386798@1]  vpu(    0): vpu: vpu_dev_clk_gate_off: unsupport vpu mod: 72
06-12 15:35:41.036 I/[ 2816.389417@2]  dim(    0): unreg:use[30]ms
06-12 15:35:41.036 I/[ 2816.389430@2]  dim(    0): di_destroy_instance:ch[2]:end
06-12 15:35:41.036 I/[ 2816.390016@0]  dim(    0): reg:use[1]ms
06-12 15:35:41.036 I/[ 2816.390090@0]  dim(    0): create:ch[2],tmode[3]
06-12 15:35:41.036 I/[ 2816.390095@0]  dim(    0): out:0x80000000
06-12 15:35:41.313 W/[ 2816.668827@1]  RTW(    0): Turbo EDCA =0xa42b
06-12 15:35:41.408 W/[ 2816.761309@0]  RTW(    0): fill_default_txdesc(wlan0): SP Packet(0x0806) rate=0x4 SeqNum = 1407
06-12 15:35:41.409 I/[ 2816.763023@2]  [amlv4l](    0): [31]: reset mode: 1, es frames buffering: 0
06-12 15:35:41.416 I/[ 2816.768942@2]  [amlv4l](    0): [31]: reset mode: 1, es frames buffering: 0
06-12 15:35:41.435 I/[ 2816.791343@3]  [amlv4l](    0): [31]: reset mode: 1, es frames buffering: 0
06-12 15:35:41.439 D/[ 2816.796190@3]  [amlcom](    0): vdec_release instance 00000000fa26f476, total 1
06-12 15:35:41.440 D/[ 2816.796331@3]  [media_clock](    0): the clk_vdec_mux    clock off, ref cnt: 0
06-12 15:35:41.444 I/[ 2816.797078@3]  dim(    0): unreg:use[1]ms
06-12 15:35:41.444 I/[ 2816.797089@3]  dim(    0): di_destroy_instance:ch[2]:end
06-12 15:35:41.444 I/[ 2816.798025@2]  resman(    0): 55 release [decoder]
06-12 15:35:41.444 I/[ 2816.798038@2]  resman(    0): 55 release [codec_mm]
06-12 15:35:41.444 E/        (    0): [ 2816.800210@1]  disalbe fastplay
06-12 15:35:41.455 I/[ 2816.811045@3]  resman(    0): 56 appname:OMX-38, type=0
06-12 15:35:41.483 I/[ 2816.838061@1]  resman(    0): 58 appname:secmem, type=3
06-12 15:35:41.484 I/[ 2816.840496@1]  resman(    0): 58 acquire [tvp], preempt yes
06-12 15:35:41.575 I/        (    0): [ 2816.932268@1]  protect tvp 0 7 ret 0 5b380000 a740000
06-12 15:35:41.576 I/        (    0): [ 2816.932282@1]  enable tvp for 1
06-12 15:35:41.576 I/        (    0): [ 2816.932285@1]  tvp_user_count is 1
06-12 15:35:41.576 I/[ 2816.932292@1]  resman(    0): 58 acquire [tvp] success
06-12 15:35:41.599 I/[ 2816.955906@2]  resman(    0): 56 acquire [decoder], preempt yes
06-12 15:35:41.600 I/[ 2816.955917@2]  resman(    0): 56 acquire [decoder] success
06-12 15:35:41.600 I/[ 2816.955948@2]  resman(    0): 56 acquire [codec_mm], preempt yes
06-12 15:35:41.600 I/[ 2816.955956@2]  resman(    0): 56 score 60 secure yes
06-12 15:35:41.600 I/[ 2816.955962@2]  resman(    0): 56 acquire [codec_mm] success
06-12 15:35:41.607 I/[ 2816.961797@3]  [amlv4l](    0): [33]: set DRM mode: 1
06-12 15:35:41.609 I/[ 2816.961945@3]  [amlv4l](    0): [33]: DW:3, TW:0, Margin:5
06-12 15:35:41.609 D/[ 2816.962149@3]  [amlcom](    0): vdec_create instance 00000000a45cf152, total 1, PM: power-domain
06-12 15:35:41.609 D/[ 2816.962409@3]  [media_clock](    0): hevc mux clock is 499999992 Hz
06-12 15:35:41.609 D/[ 2816.962622@3]  [media_clock](    0): hevc back mux clock is 499999992 Hz
06-12 15:35:41.609 I/[ 2816.962798@3]  [amlcom](    0): vdec_init, dev_name:ammvdec_h265_v4l, vdec_type=VDEC_TYPE_FRAME_BLOCK, format: 11, total: 1
06-12 15:35:41.609 D/[ 2816.963595@3]  [h265](    0): [0]pdata->config=parm_v4l_codec_enable:1;parm_v4l_buffer_margin:5;hevc_double_write_mode:3;hevc_triple_write_mode:0;hevc_buf_width:4096;hevc_buf_height:2304;save_buffer_mode:0;parm_v4l_canvas_mem_mode:0;parm_v4l_canvas_mem_endian:0;parm_v4l_low_latency_mode:0;parm_v4l_metadata_config_flag:49154;parm_v4l_duration:4000;dv_profile:0;
06-12 15:35:41.609 D/[ 2816.963729@3]  [h265](    0): [0]discard dv data
06-12 15:35:41.609 D/[ 2816.963740@3]  [h265](    0): [0]dv_profile: 0
06-12 15:35:41.609 D/[ 2816.964186@3]  [h265](    0): [0]dynamic_buf_num_margin=5
06-12 15:35:41.609 D/[ 2816.964196@3]  [h265](    0): [0]double_write_mode=3
06-12 15:35:41.609 D/[ 2816.964200@3]  [h265](    0): [0]nal_skip_policy=2
06-12 15:35:41.609 D/[ 2816.964208@3]  [h265](    0): [0]h265:pts_unstable=0
06-12 15:35:41.609 D/[ 2816.964213@3]  [h265](    0): [0]h265: ver (201602101,0) decinfo: 0x0 rate=4000
06-12 15:35:41.615 D/[ 2816.969044@3]  [h265](    0): ucode version 4.138, swap enable 1
06-12 15:35:41.618 D/[ 2816.969363@3]  [media_clock](    0): hevc mux clock is 799999988 Hz
06-12 15:35:41.625 D/[ 2816.969583@3]  [media_clock](    0): hevc back mux clock is 799999988 Hz
06-12 15:35:41.625 D/[ 2816.969588@3]  [amlcom](    0): hevc video changed to 3840 x 2160 60 fps clk->800MHZ
06-12 15:35:41.652 D/[ 2817.007155@3]  [h265](    0): [0]vh265 cached=0  need_size=16384 speed= 44 ms
06-12 15:35:41.652 D/[ 2817.007609@0]  [h265](    0): set ucode parse
06-12 15:35:41.655 W/        (    0): [ 2817.007624@0]  hevc get comp info: 64 65536 797
06-12 15:35:41.655 D/[ 2817.007629@0]  [h265](    0): margin = 5, sps_max_dec_pic_buffering_minus1_0 = 5
06-12 15:35:41.655 I/[ 2817.007645@0]  [amlv4l](    0): [33]: Parse from ucode, visible(1920 x 1080), coded(1920 x 1088), scan:P, bitdepth(8), DW/TW(3, 0)
06-12 15:35:41.655 I/[ 2817.007674@3]  [amlv4l](    0): [33]: Picture buffer count: dec:7, vpp:0, ge2d:0, margin:5, total:12
06-12 15:35:41.655 D/[ 2817.007682@3]  [amlv4l](    0): [33]: Post event: res chg
06-12 15:35:41.655 D/[ 2817.008738@0]  [h265](    0): [0]hevc->performance_profile 0
06-12 15:35:41.655 D/[ 2817.008757@0]  [h265](    0): [0]set pic_list_init_flag 1
06-12 15:35:41.655 D/[ 2817.009027@1]  [h265](    0): [0]init_buf_spec2 1920 1080
06-12 15:35:41.655 D/[ 2817.009036@1]  [h265](    0): [0]set pic_list_init_flag to 2
06-12 15:35:41.655 D/[ 2817.009073@0]  [h265](    0): [0]set pic_list_init_flag to 3
06-12 15:35:41.655 D/[ 2817.009080@0]  [h265](    0): [vdec_kpi][vh265_isr_thread_fn] First I frame coming.
06-12 15:35:41.661 I/[ 2817.015600@3]  dim(    0): reg:use[0]ms
06-12 15:35:41.670 I/[ 2817.015614@3]  dim(    0): create:ch[2],tmode[3]
06-12 15:35:41.674 I/[ 2817.015618@3]  dim(    0): out:0xa0000000
06-12 15:35:41.674 D/[ 2817.018671@0]  [h265](    0): [0]VH265: output first frame poc 0
06-12 15:35:41.674 D/[ 2817.018693@0]  [h265](    0): [0]decoder duration change old: 0 new: 4000
06-12 15:35:41.674 D/[ 2817.018708@0]  [h265](    0): [vdec_kpi][post_video_frame] First I frame decoded.
06-12 15:35:41.674 I/[ 2817.018811@1]  dim(    0): value reg:ch[2]:fix_buf:0;ponly <0,0>
06-12 15:35:41.674 I/[ 2817.018826@1]  dim(    0): di_cnt_i_buf1:tvp:1
06-12 15:35:41.674 I/[ 2817.018837@1]  dim(    0): buf large::0x4fb000, 0x5a1000
06-12 15:35:41.674 I/[ 2817.018874@1]  vpu(    0): vpu: vpu_dev_clk_gate_on: unsupport vpu mod: 72
06-12 15:35:41.674 I/[ 2817.019752@1]  dim(    0): ch[2]:reg:mem cfg[0][0][0]
06-12 15:35:42.316 F/linker  (18842): CANNOT LINK EXECUTABLE "/system/bin/smartcable/smartCableSTBApp": library "libmosquitto.so" not found: needed by main executable
06-12 15:35:43.331 W/[ 2818.685076@1]  RTW(    0): Turbo EDCA =0x5ea42b
06-12 15:35:46.511 W/[ 2821.868496@2]  RTW(    0): fill_default_txdesc(wlan0): SP Packet(0x0806) rate=0x4 SeqNum = 2527
06-12 15:35:47.247 F/linker  (18852): CANNOT LINK EXECUTABLE "/system/bin/smartcable/smartCableSTBApp": library "libmosquitto.so" not found: needed by main executable
06-12 15:35:47.364 W/[ 2822.716786@0]  RTW(    0): Turbo EDCA =0xa42b
06-12 15:35:51.396 W/[ 2826.748793@2]  RTW(    0): Turbo EDCA =0x5ea42b
06-12 15:35:51.631 W/[ 2826.987952@2]  RTW(    0): fill_default_txdesc(wlan0): SP Packet(0x0806) rate=0x4 SeqNum = 3089
06-12 15:35:52.155 W/[ 2827.508976@0]  RTW(    0): cfg80211_rtw_scan(wlan0)
06-12 15:35:52.156 W/[ 2827.508994@0]  RTW(    0): cfg80211_rtw_scan (wlan0) tx:140, rx:62, bi:202 kbps, disallow(0)
06-12 15:35:52.163 W/[ 2827.518263@1]  RTW(    0): [HW_VAR_CHECK_TXBUF] Empty in 0 ms
06-12 15:35:52.164 W/[ 2827.518356@1]  RTW(    0): wlan0 sleep m0=0x00000003, ori reg_0x4d4=0x00000000
06-12 15:35:52.254 F/linker  (18867): CANNOT LINK EXECUTABLE "/system/bin/smartcable/smartCableSTBApp": library "libmosquitto.so" not found: needed by main executable
06-12 15:35:53.163 W/[ 2828.516820@1]  RTW(    0): LeaveAllPowerSaveModeDirect.....
06-12 15:35:53.164 W/[ 2828.516835@1]  RTW(    0): LeaveAllPowerSaveModeDirect: Driver Already Leave LPS
06-12 15:35:53.164 W/[ 2828.516843@1]  RTW(    0): rtw_hal_set_macaddr_port wlan0- hw port(0) mac_addr =a8:71:16:66:28:c6
06-12 15:35:53.164 W/[ 2828.516968@1]  RTW(    0): wlan0- hw port(0) mac_addr =a8:71:16:66:28:c6
06-12 15:35:53.164 W/[ 2828.517023@1]  RTW(    0): p2p0- hw port(1) mac_addr =aa:71:16:66:28:c6
06-12 15:35:53.164 W/[ 2828.520681@1]  RTW(    0): wlan0 wakeup m0=0x00000003, ori reg_0x4d4=0x00000003
06-12 15:35:53.168 W/[ 2828.523386@1]  RTW(    0): survey done event(46) band:0 for wlan0
06-12 15:35:53.168 W/        (    0): [ 2828.523409@1]  ========== ACS (VER-3) ==========
06-12 15:35:53.168 W/        (    0): [ 2828.523413@1]  Best 24G Channel:13
06-12 15:35:53.168 W/        (    0): [ 2828.523416@1]  Best 5G Channel:52
06-12 15:35:53.168 W/        (    0): [ 2828.523416@1]
06-12 15:35:53.168 W/[ 2828.523578@1]  RTW(    0): rtw_indicate_scan_done(wlan0)
06-12 15:35:53.411 W/[ 2828.764753@1]  RTW(    0): Turbo EDCA =0xa42b
06-12 15:35:55.428 W/[ 2830.780815@0]  RTW(    0): Turbo EDCA =0x5ea42b
06-12 15:35:56.327 W/[ 2831.683658@0]  RTW(    0): fill_default_txdesc(wlan0): SP Packet(0x0806) rate=0x4 SeqNum = 3631
06-12 15:35:57.261 F/linker  (18885): CANNOT LINK EXECUTABLE "/system/bin/smartcable/smartCableSTBApp": library "libmosquitto.so" not found: needed by main executable
06-12 15:35:57.443 W/[ 2832.796826@0]  RTW(    0): Turbo EDCA =0xa42b
06-12 15:35:59.460 W/[ 2834.813220@0]  RTW(    0): Turbo EDCA =0x5ea42b
06-12 15:36:00.696 W/[ 2836.050404@1]  RTW(    0): cfg80211_rtw_set_power_mgmt(wlan0) enabled:0, timeout:-1
06-12 15:36:01.095 W/[ 2836.448798@3]  RTW(    0): fill_default_txdesc(wlan0): SP Packet(0x0806) rate=0x4 SeqNum = 94
06-12 15:36:01.128 W/[ 2836.480594@1]  RTW(    0): fill_default_txdesc(wlan0): SP Packet(0x0806) rate=0x4 SeqNum = 117
06-12 15:36:01.363 W/[ 2836.716952@0]  RTW(    0): fill_default_txdesc(wlan0): SP Packet(0x0806) rate=0x4 SeqNum = 176
06-12 15:36:01.475 W/[ 2836.828746@1]  RTW(    0): Turbo EDCA =0xa42b
06-12 15:36:01.827 W/[ 2837.183674@1]  RTW(    0): cfg80211_rtw_set_power_mgmt(wlan0) enabled:1, timeout:-1
06-12 15:36:02.268 F/linker  (18902): CANNOT LINK EXECUTABLE "/system/bin/smartcable/smartCableSTBApp": library "libmosquitto.so" not found: needed by main executable
06-12 15:36:03.491 W/[ 2838.844760@1]  RTW(    0): Turbo EDCA =0x5ea42b
06-12 15:36:05.508 W/[ 2840.860759@2]  RTW(    0): Turbo EDCA =0xa42b
06-12 15:36:06.484 W/[ 2841.838575@0]  RTW(    0): fill_default_txdesc(wlan0): SP Packet(0x0806) rate=0x4 SeqNum = 935
06-12 15:36:06.979 W/[ 2842.332780@0]  RTW(    0): fill_default_txdesc(wlan0): SP Packet(0x0806) rate=0x4 SeqNum = 961
06-12 15:36:06.980 W/[ 2842.336362@0]  RTW(    0): fill_default_txdesc(wlan0): SP Packet(0x0806) rate=0x4 SeqNum = 962
06-12 15:36:07.270 F/linker  (18914): CANNOT LINK EXECUTABLE "/system/bin/smartcable/smartCableSTBApp": library "libmosquitto.so" not found: needed by main executable
06-12 15:36:07.524 W/[ 2842.877295@1]  RTW(    0): Turbo EDCA =0x5ea42b
06-12 15:36:09.540 W/[ 2844.892880@2]  RTW(    0): Turbo EDCA =0xa42b
06-12 15:36:11.552 W/[ 2846.908778@3]  RTW(    0): Turbo EDCA =0x5ea42b
06-12 15:36:12.091 W/[ 2847.448112@0]  RTW(    0): fill_default_txdesc(wlan0): SP Packet(0x0806) rate=0x4 SeqNum = 1575
06-12 15:36:12.276 F/linker  (18929): CANNOT LINK EXECUTABLE "/system/bin/smartcable/smartCableSTBApp": library "libmosquitto.so" not found: needed by main executable
06-12 15:36:13.572 W/[ 2848.924845@3]  RTW(    0): Turbo EDCA =0xa42b
06-12 15:36:16.173 W/[ 2851.527606@1]  RTW(    0): fill_default_txdesc(wlan0): SP Packet(0x0806) rate=0x4 SeqNum = 2090
06-12 15:36:17.282 F/linker  (19000): CANNOT LINK EXECUTABLE "/system/bin/smartcable/smartCableSTBApp": library "libmosquitto.so" not found: needed by main executable
06-12 15:36:17.603 W/[ 2852.956751@1]  RTW(    0): Turbo EDCA =0x5ea42b
06-12 15:36:19.619 W/[ 2854.972770@0]  RTW(    0): Turbo EDCA =0xa42b
06-12 15:36:21.236 W/[ 2856.591132@3]  RTW(    0): fill_default_txdesc(wlan0): SP Packet(0x0806) rate=0x4 SeqNum = 2545
06-12 15:36:21.635 W/[ 2856.988748@3]  RTW(    0): Turbo EDCA =0x5ea42b
06-12 15:36:22.308 F/linker  (19017): CANNOT LINK EXECUTABLE "/system/bin/smartcable/smartCableSTBApp": library "libmosquitto.so" not found: needed by main executable
06-12 15:36:23.652 W/[ 2859.004819@1]  RTW(    0): Turbo EDCA =0xa42b
06-12 15:36:25.667 W/[ 2861.020829@1]  RTW(    0): Turbo EDCA =0x5ea42b
06-12 15:36:26.415 W/[ 2861.771210@2]  RTW(    0): fill_default_txdesc(wlan0): SP Packet(0x0806) rate=0x4 SeqNum = 2910
06-12 15:36:27.295 F/linker  (19027): CANNOT LINK EXECUTABLE "/system/bin/smartcable/smartCableSTBApp": library "libmosquitto.so" not found: needed by main executable
06-12 15:36:27.683 W/[ 2863.036824@3]  RTW(    0): Turbo EDCA =0xa42b
06-12 15:36:29.699 W/[ 2865.052782@3]  RTW(    0): Turbo EDCA =0x5ea42b
06-12 15:36:31.543 W/[ 2866.899319@1]  RTW(    0): fill_default_txdesc(wlan0): SP Packet(0x0806) rate=0x4 SeqNum = 3338
06-12 15:36:31.716 W/[ 2867.068840@1]  RTW(    0): Turbo EDCA =0xa42b
06-12 15:36:32.297 F/linker  (19042): CANNOT LINK EXECUTABLE "/system/bin/smartcable/smartCableSTBApp": library "libmosquitto.so" not found: needed by main executable
06-12 15:36:33.731 W/[ 2869.084770@1]  RTW(    0): Turbo EDCA =0x5ea42b
06-12 15:36:34.076 I/[ 2869.428966@1]  [amlv4l](    0): [33]: reset mode: 1, es frames buffering: 16
06-12 15:36:34.076 D/[ 2869.429059@1]  [h265](    0): [0]h265:pts_unstable=0
06-12 15:36:34.076 D/[ 2869.429067@1]  [h265](    0): [0]h265: ver (201602101,0) decinfo: 0x0 rate=4000
06-12 15:36:34.088 I/[ 2869.441271@2]  [amlv4l](    0): [33]: reset mode: 1, es frames buffering: 0
06-12 15:36:34.088 D/[ 2869.441349@2]  [h265](    0): [0]h265:pts_unstable=0
06-12 15:36:34.088 D/[ 2869.441354@2]  [h265](    0): [0]h265: ver (201602101,0) decinfo: 0x0 rate=4000
06-12 15:36:34.135 I/[ 2869.488692@2]  dim(    0): unreg:2keep[0], msk:[0x0,0x0]
06-12 15:36:34.143 I/[ 2869.498782@2]  vpu(    0): vpu: vpu_dev_clk_gate_off: unsupport vpu mod: 72
06-12 15:36:34.147 I/[ 2869.501417@0]  dim(    0): unreg:use[27]ms
06-12 15:36:34.148 I/[ 2869.501430@0]  dim(    0): di_destroy_instance:ch[2]:end
06-12 15:36:34.148 I/[ 2869.502161@0]  dim(    0): reg:use[1]ms
06-12 15:36:34.148 I/[ 2869.502174@0]  dim(    0): create:ch[2],tmode[3]
06-12 15:36:34.148 I/[ 2869.502177@0]  dim(    0): out:0xa0000000
06-12 15:36:34.148 I/[ 2869.503497@0]  [amlv4l](    0): [33]: reset mode: 1, es frames buffering: 0
06-12 15:36:34.148 D/[ 2869.503572@0]  [h265](    0): [0]h265:pts_unstable=0
06-12 15:36:34.148 D/[ 2869.503577@0]  [h265](    0): [0]h265: ver (201602101,0) decinfo: 0x0 rate=4000
06-12 15:36:34.152 I/[ 2869.507920@1]  [amlv4l](    0): [33]: reset mode: 1, es frames buffering: 0
06-12 15:36:34.152 D/[ 2869.507983@1]  [h265](    0): [0]h265:pts_unstable=0
06-12 15:36:34.152 D/[ 2869.507989@1]  [h265](    0): [0]h265: ver (201602101,0) decinfo: 0x0 rate=4000
06-12 15:36:34.187 I/[ 2869.542281@3]  [amlv4l](    0): [33]: reset mode: 1, es frames buffering: 0
06-12 15:36:34.191 D/[ 2869.542353@3]  [h265](    0): [0]h265:pts_unstable=0
06-12 15:36:34.191 D/[ 2869.542358@3]  [h265](    0): [0]h265: ver (201602101,0) decinfo: 0x0 rate=4000
06-12 15:36:34.191 D/[ 2869.547533@3]  [amlcom](    0): vdec_release instance 00000000a45cf152, total 1
06-12 15:36:34.191 D/[ 2869.547594@3]  [media_clock](    0): the clk_hevcf_mux   clock off, ref cnt: 0
06-12 15:36:34.191 D/[ 2869.547602@3]  [media_clock](    0): the clk_hevcb_mux   clock off, ref cnt: 0
06-12 15:36:34.209 I/[ 2869.548895@3]  dim(    0): unreg:use[0]ms
06-12 15:36:34.209 I/[ 2869.548908@3]  dim(    0): di_destroy_instance:ch[2]:end
06-12 15:36:34.209 I/[ 2869.550113@3]  resman(    0): 56 release [decoder]
06-12 15:36:34.209 I/[ 2869.550125@3]  resman(    0): 56 release [codec_mm]
06-12 15:36:34.209 E/        (    0): [ 2869.553201@3]  disalbe fastplay
06-12 15:36:34.215 E/[ 2869.568980@3]  Warn(    0): TVP pool will release later.
06-12 15:36:34.216 I/        (    0): [ 2869.568991@3]  tvp_user_count is 0
06-12 15:36:34.216 I/[ 2869.568995@3]  resman(    0): 58 release [tvp]
06-12 15:36:34.448 E/[ 2869.803222@0]  Warn(    0): TVP pool will release later.
06-12 15:36:34.448 E/[ 2869.803413@0]  Warn(    0): TVP pool will release later.
06-12 15:36:34.448 E/[ 2869.803525@0]  Warn(    0): TVP pool will release later.
06-12 15:36:34.448 E/[ 2869.803628@0]  Warn(    0): TVP pool will release later.
06-12 15:36:34.448 E/[ 2869.803724@0]  Warn(    0): TVP pool will release later.
06-12 15:36:34.448 E/[ 2869.803814@0]  Warn(    0): TVP pool will release later.
06-12 15:36:34.448 E/[ 2869.803907@0]  Warn(    0): TVP pool will release later.
06-12 15:36:34.448 E/[ 2869.804015@0]  Warn(    0): TVP pool will release later.
06-12 15:36:34.448 E/[ 2869.804107@0]  Warn(    0): TVP pool will release later.
06-12 15:36:34.448 E/[ 2869.804201@0]  Warn(    0): TVP pool will release later.
06-12 15:36:34.448 E/[ 2869.804412@0]  Warn(    0): TVP pool will release later.
06-12 15:36:34.448 E/[ 2869.804421@0]  Warn(    0): TVP pool will release later.
06-12 15:36:34.448 E/[ 2869.804426@0]  Warn(    0): TVP pool will release later.
06-12 15:36:34.448 E/[ 2869.804432@0]  Warn(    0): TVP pool will release later.
06-12 15:36:34.448 E/[ 2869.804437@0]  Warn(    0): TVP pool will release later.
06-12 15:36:34.448 E/[ 2869.804442@0]  Warn(    0): TVP pool will release later.
06-12 15:36:34.448 E/[ 2869.804447@0]  Warn(    0): TVP pool will release later.
06-12 15:36:34.448 E/[ 2869.804451@0]  Warn(    0): TVP pool will release later.
06-12 15:36:34.448 E/[ 2869.804457@0]  Warn(    0): TVP pool will release later.
06-12 15:36:34.448 E/[ 2869.804461@0]  Warn(    0): TVP pool will release later.
06-12 15:36:34.452 I/[ 2869.806499@1]  vc(    0): [0]vc: set enable index=0, val=0
06-12 15:36:34.452 I/[ 2869.806520@1]  VID(    0): store VD0 path_id changed 2->-1
06-12 15:36:34.452 I/        (    0): [ 2869.806524@1]  dev->index =0, val=1
06-12 15:36:34.452 I/[ 2869.806527@1]  VID(    0): VD1 off
06-12 15:36:34.452 I/[ 2869.806532@1]  VID(    0): VD1 set global output as 0
06-12 15:36:34.452 I/        (    0): [ 2869.806552@1]  common_vf_unreg_provider video_render.0: vd1 used: true, vd2 used: false, vd3 used: false, black_out:0, cur_buf:000000000d37ac90
06-12 15:36:34.476 E/[ 2869.829026@2]  Warn(    0): TVP pool will release later.
06-12 15:36:34.479 E/[ 2869.833225@2]  Warn(    0): TVP pool will release later.
06-12 15:36:34.552 E/[ 2869.904695@2]  Warn(    0): TVP pool will release later.
06-12 15:36:34.575 E/[ 2869.929300@3]  Warn(    0): TVP pool will release later.
06-12 15:36:34.576 E/[ 2869.929317@3]  Warn(    0): TVP pool will release later.
06-12 15:36:34.576 I/        (    0): [ 2869.929366@3]  unprotect tvp 0 handle is 7
06-12 15:36:34.576 I/        (    0): [ 2869.930797@3]  disalbe tvp
06-12 15:36:36.430 W/[ 2871.781387@0]  RTW(    0): fill_default_txdesc(wlan0): SP Packet(0x0806) rate=0x4 SeqNum = 3879
06-12 15:36:37.378 F/linker  (19105): CANNOT LINK EXECUTABLE "/system/bin/smartcable/smartCableSTBApp": library "libmosquitto.so" not found: needed by main executable
06-12 15:36:40.107 W/[ 2875.462719@3]  audit(    0): audit_lost=3065 audit_rate_limit=5 audit_backlog_limit=64
06-12 15:36:40.108 E/[ 2875.462732@3]  audit(    0): rate limit exceeded
06-12 15:36:41.823 W/[ 2877.177275@2]  RTW(    0): fill_default_txdesc(wlan0): SP Packet(0x0806) rate=0x4 SeqNum = 661
06-12 15:36:42.300 F/linker  (19118): CANNOT LINK EXECUTABLE "/system/bin/smartcable/smartCableSTBApp": library "libmosquitto.so" not found: needed by main executable
06-12 15:36:44.355 W/[ 2879.708739@2]  RTW(    0): fill_default_txdesc(wlan0): SP Packet(0x0806) rate=0x4 SeqNum = 699
06-12 15:36:44.356 W/[ 2879.708789@2]  RTW(    0): fill_default_txdesc(wlan0): SP Packet(0x0806) rate=0x4 SeqNum = 700
06-12 15:36:44.359 W/[ 2879.714171@2]  RTW(    0): fill_default_txdesc(wlan0): SP Packet(0x0806) rate=0x4 SeqNum = 701
06-12 15:36:44.375 W/[ 2879.732093@2]  RTW(    0): fill_default_txdesc(wlan0): SP Packet(0x0806) rate=0x4 SeqNum = 702
06-12 15:36:46.231 W/[ 2881.586283@2]  RTW(    0): fill_default_txdesc(wlan0): SP Packet(0x0806) rate=0x4 SeqNum = 707
06-12 15:36:46.448 I/        (    0): [ 2881.803818@1]  EXT4-fs (mmcblk0p17): re-mounted. Opts: (null)
06-12 15:36:47.307 F/linker  (19138): CANNOT LINK EXECUTABLE "/system/bin/smartcable/smartCableSTBApp": library "libmosquitto.so" not found: needed by main executable
06-12 15:36:50.067 D/[ 2885.423419@1]  logd(    0): logdr: UID=0 GID=0 PID=19171 b tail=0 logMask=99 pid=0 start=0ns timeout=0ns
--------- beginning of main
06-12 15:36:51.463 D/Glide   ( 1781): Finished loading Bitmap from LOCAL for com.bumptech.glide.gifdecoder.StandardGifDecoder@fb55452 with size [314x176] in 5.851292 ms
06-12 15:36:51.512 I/ThermalService(  986): CPU temperatures: [65.600006]
06-12 15:36:51.513 D/Glide   ( 1781): Finished loading Bitmap from LOCAL for com.bumptech.glide.gifdecoder.StandardGifDecoder@fb55452 with size [314x176] in 15.789083 ms
06-12 15:36:51.546 D/Glide   ( 1781): Finished loading Bitmap from LOCAL for com.bumptech.glide.gifdecoder.StandardGifDecoder@fb55452 with size [314x176] in 8.284459 ms
06-12 15:36:51.553 D/stbdpc  (  405): STB_DPGetNumPaths[570]: num_paths: 1
06-12 15:36:51.581 D/Glide   ( 1781): Finished loading Bitmap from LOCAL for com.bumptech.glide.gifdecoder.StandardGifDecoder@fb55452 with size [314x176] in 2.872417 ms
06-12 15:36:51.630 D/Glide   ( 1781): Finished loading Bitmap from LOCAL for com.bumptech.glide.gifdecoder.StandardGifDecoder@fb55452 with size [314x176] in 11.527958 ms
06-12 15:36:51.653 D/stbdpc  (  405): STB_DPGetNumPaths[570]: num_paths: 1
06-12 15:36:51.663 D/Glide   ( 1781): Finished loading Bitmap from LOCAL for com.bumptech.glide.gifdecoder.StandardGifDecoder@fb55452 with size [314x176] in 3.7206249999999996 ms
06-12 15:36:51.713 D/Glide   ( 1781): Finished loading Bitmap from LOCAL for com.bumptech.glide.gifdecoder.StandardGifDecoder@fb55452 with size [314x176] in 13.556292 ms
06-12 15:36:51.723 E/adbd    ( 7938): failed to connect to socket 'tcp:6790': Connection refused
06-12 15:36:51.747 D/Glide   ( 1781): Finished loading Bitmap from LOCAL for com.bumptech.glide.gifdecoder.StandardGifDecoder@fb55452 with size [314x176] in 7.061666 ms
06-12 15:36:51.754 D/stbdpc  (  405): STB_DPGetNumPaths[570]: num_paths: 1
06-12 15:36:51.792 D/dvb_iptv(  405): ReadEmmNetworkTask[1537]: EMM Select Timeout Occured 17
06-12 15:36:51.797 D/Glide   ( 1781): Finished loading Bitmap from LOCAL for com.bumptech.glide.gifdecoder.StandardGifDecoder@fb55452 with size [314x176] in 16.708875 ms
06-12 15:36:51.813 D/ApplicationLoaders(19232): Returning zygote-cached class loader: /system/framework/android.test.base.jar
06-12 15:36:51.813 D/ApplicationLoaders(19232): Returning zygote-cached class loader: /system/framework/android.test.base.jar
06-12 15:36:51.815 I/tomator2.serve(19232): The ClassLoaderContext is a special shared library.
06-12 15:36:51.819 D/ApplicationLoaders(19232): Returning zygote-cached class loader: /system/framework/android.test.base.jar
06-12 15:36:51.819 D/ApplicationLoaders(19232): Returning zygote-cached class loader: /system/framework/android.test.base.jar
06-12 15:36:51.821 I/tomator2.serve(19232): The ClassLoaderContext is a special shared library.
06-12 15:36:51.827 I/chatty  (19232): uid=10096(io.appium.uiautomator2.server) identical 1 line
06-12 15:36:51.830 I/tomator2.serve(19232): The ClassLoaderContext is a special shared library.
06-12 15:36:51.830 D/Glide   ( 1781): Finished loading Bitmap from LOCAL for com.bumptech.glide.gifdecoder.StandardGifDecoder@fb55452 with size [314x176] in 8.734957999999999 ms
06-12 15:36:51.832 I/tomator2.serve(19232): The ClassLoaderContext is a special shared library.
06-12 15:36:51.836 W/tomator2.serve(19232): ClassLoaderContext classpath size mismatch. expected=0, found=3 (PCL[]{PCL[/system/framework/android.test.base.jar*3223074991]#PCL[/system/framework/android.test.mock.jar*3465107378]{PCL[/system/framework/android.test.base.jar*3223074991]}#PCL[/system/framework/android.test.runner.jar*1831602180]{PCL[/system/framework/android.test.base.jar*3223074991]#PCL[/system/framework/android.test.mock.jar*3465107378]{PCL[/system/framework/android.test.base.jar*3223074991]}}} | PCL[/system/framework/android.test.runner.jar*1831602180:/system/framework/android.test.mock.jar*3465107378:/system/framework/android.test.base.jar*3223074991]{PCL[/system/framework/android.test.base.jar*3223074991]#PCL[/system/framework/android.test.mock.jar*3465107378]{PCL[/system/framework/android.test.base.jar*3223074991]}#PCL[/system/framework/android.test.runner.jar*1831602180]{PCL[/system/framework/android.test.base.jar*3223074991]#PCL[/system/framework/android.test.mock.jar*3465107378]{PCL[/system/framework/android.test.base.jar*3223074991]}}};PCL[/system/framework/android.test.runner.jar*1831602180:/system/framework/android.test.mock.jar*3465107378:/system/framework/android.test.base.jar*3223074991:/data/app/~~vz-LI613mzCW1_tI8sJdSA==/io.appium.uiautomator2.server.test-pndtPeicsSbNz5ltJNtTXA==/base.apk*2370577946:/data/app/~~vz-LI613mzCW1_tI8sJdSA==/io.appium.uiautomator2.server.test-pndtPeicsSbNz5ltJNtTXA==/base.apk!classes2.dex*3874714895:/data/app/~~vz-LI613mzCW1_tI8sJdSA==/io.appium.uiautomator2.server.test-pndtPeicsSbNz5ltJNtTXA==/base.apk!classes3.dex*1176165195:/data/app/~~vz-LI613mzCW1_tI8sJdSA==/io.appium.uiautomator2.server.test-pndtPeicsSbNz5ltJNtTXA==/base.apk!classes4.dex*2511881386:/data/app/~~ERS2Vb0_Lr3atThE734KvA==/io.appium.uiautomator2.server-qXkfZw9LtZYC0ZeR2vvERg==/base.apk*4034737733:/data/app/~~ERS2Vb0_Lr3atThE734KvA==/io.appium.uiautomator2.server-qXkfZw9LtZYC0ZeR2vvERg==/base.apk!classes2.dex*2790048942:/data/app/~~ERS2Vb0_Lr3atThE734KvA==/io.appium.uiautomator2.server-qXkfZw9LtZYC0ZeR2vvERg==/base.apk!classes3.dex*1634705335:/data/app/~~ERS2Vb0_Lr3atThE734KvA==/io.appium.uiautomator2.server-qXkfZw9LtZYC0ZeR2vvERg==/base.apk!classes4.dex*45356349:/data/app/~~ERS2Vb0_Lr3atThE734KvA==/io.appium.uiautomator2.server-qXkfZw9LtZYC0ZeR2vvERg==/base.apk!classes5.dex*2419862292:/data/app/~~ERS2Vb0_Lr3atThE734KvA==/io.appium.uiautomator2.server-qXkfZw9LtZYC0ZeR2vvERg==/base.apk!classes6.dex*3944827479:/data/app/~~ERS2Vb0_Lr3atThE734KvA==/io.appium.uiautomator2.server-qXkfZw9LtZYC0ZeR2vvERg==/base.apk!classes7.dex*3145060491:/data/app/~~ERS2Vb0_Lr3atThE734KvA==/io.appium.uiautomator2.server-qXkfZw9LtZYC0ZeR2vvERg==/base.apk!classes8.dex*2034454731:/data/app/~~ERS2Vb0_Lr3atThE734KvA==/io.appium.uiautomator2.server-qXkfZw9LtZYC0ZeR2vvERg==/base.apk!classes9.dex*1613375383:/data/app/~~ERS2Vb0_Lr3atThE734KvA==/io.appium.uiautomator2.server-qXkfZw9LtZYC0ZeR2vvERg==/base.apk!classes10.dex*1483611213:/data/app/~~ERS2Vb0_Lr3atThE734KvA==/io.appium.uiautomator2.server-qXkfZw9LtZYC0ZeR2vvERg==/base.apk!classes11.dex*2888641764:/data/app/~~ERS2Vb0_Lr3atThE734KvA==/io.appium.uiautomator2.server-qXkfZw9LtZYC0ZeR2vvERg==/base.apk!classes12.dex*1711778771:/data/app/~~ERS2Vb0_Lr3atThE734KvA==/io.appium.uiautomator2.server-qXkfZw9LtZYC0ZeR2vvERg==/base.apk!classes13.dex*2108421983:/data/app/~~ERS2Vb0_Lr3atThE734KvA==/io.appium.uiautomator2.server-qXkfZw9LtZYC0ZeR2vvERg==/base.apk!classes14.dex*2618393034:/data/app/~~ERS2Vb0_Lr3atThE734KvA==/io.appium.uiautomator2.server-qXkfZw9LtZYC0ZeR2vvERg==/base.apk!classes15.dex*3152272110:/data/app/~~ERS2Vb0_Lr3atThE734KvA==/io.appium.uiautomator2.server-qXkfZw9LtZYC0ZeR2vvERg==/base.apk!classes16.dex*898502560])
06-12 15:36:51.839 W/tomator2.serve(19232): Found duplicate classes, falling back to extracting from APK : /data/app/~~vz-LI613mzCW1_tI8sJdSA==/io.appium.uiautomator2.server.test-pndtPeicsSbNz5ltJNtTXA==/base.apk
06-12 15:36:51.839 W/tomator2.serve(19232): NOTE: This wastes RAM and hurts startup performance.
06-12 15:36:51.839 W/tomator2.serve(19232): Found duplicated class when checking oat files: 'Lcom/squareup/okhttp/Address;' in /data/app/~~vz-LI613mzCW1_tI8sJdSA==/io.appium.uiautomator2.server.test-pndtPeicsSbNz5ltJNtTXA==/base.apk and /data/app/~~vz-LI613mzCW1_tI8sJdSA==/io.appium.uiautomator2.server.test-pndtPeicsSbNz5ltJNtTXA==/base.apk
06-12 15:36:51.854 D/stbdpc  (  405): STB_DPGetNumPaths[570]: num_paths: 1
06-12 15:36:51.856 W/tomator2.serve(19232): ClassLoaderContext classpath size mismatch. expected=0, found=7 (PCL[] | PCL[/system/framework/android.test.runner.jar*1831602180:/system/framework/android.test.mock.jar*3465107378:/system/framework/android.test.base.jar*3223074991:/data/app/~~vz-LI613mzCW1_tI8sJdSA==/io.appium.uiautomator2.server.test-pndtPeicsSbNz5ltJNtTXA==/base.apk*2370577946:/data/app/~~vz-LI613mzCW1_tI8sJdSA==/io.appium.uiautomator2.server.test-pndtPeicsSbNz5ltJNtTXA==/base.apk!classes2.dex*3874714895:/data/app/~~vz-LI613mzCW1_tI8sJdSA==/io.appium.uiautomator2.server.test-pndtPeicsSbNz5ltJNtTXA==/base.apk!classes3.dex*1176165195:/data/app/~~vz-LI613mzCW1_tI8sJdSA==/io.appium.uiautomator2.server.test-pndtPeicsSbNz5ltJNtTXA==/base.apk!classes4.dex*2511881386]{PCL[/system/framework/android.test.base.jar*3223074991]#PCL[/system/framework/android.test.mock.jar*3465107378]{PCL[/system/framework/android.test.base.jar*3223074991]}#PCL[/system/framework/android.test.runner.jar*1831602180]{PCL[/system/framework/android.test.base.jar*3223074991]#PCL[/system/framework/android.test.mock.jar*3465107378]{PCL[/system/framework/android.test.base.jar*3223074991]}}};PCL[/system/framework/android.test.runner.jar*1831602180:/system/framework/android.test.mock.jar*3465107378:/system/framework/android.test.base.jar*3223074991:/data/app/~~vz-LI613mzCW1_tI8sJdSA==/io.appium.uiautomator2.server.test-pndtPeicsSbNz5ltJNtTXA==/base.apk*2370577946:/data/app/~~vz-LI613mzCW1_tI8sJdSA==/io.appium.uiautomator2.server.test-pndtPeicsSbNz5ltJNtTXA==/base.apk!classes2.dex*3874714895:/data/app/~~vz-LI613mzCW1_tI8sJdSA==/io.appium.uiautomator2.server.test-pndtPeicsSbNz5ltJNtTXA==/base.apk!classes3.dex*1176165195:/data/app/~~vz-LI613mzCW1_tI8sJdSA==/io.appium.uiautomator2.server.test-pndtPeicsSbNz5ltJNtTXA==/base.apk!classes4.dex*2511881386:/data/app/~~ERS2Vb0_Lr3atThE734KvA==/io.appium.uiautomator2.server-qXkfZw9LtZYC0ZeR2vvERg==/base.apk*4034737733:/data/app/~~ERS2Vb0_Lr3atThE734KvA==/io.appium.uiautomator2.server-qXkfZw9LtZYC0ZeR2vvERg==/base.apk!classes2.dex*2790048942:/data/app/~~ERS2Vb0_Lr3atThE734KvA==/io.appium.uiautomator2.server-qXkfZw9LtZYC0ZeR2vvERg==/base.apk!classes3.dex*1634705335:/data/app/~~ERS2Vb0_Lr3atThE734KvA==/io.appium.uiautomator2.server-qXkfZw9LtZYC0ZeR2vvERg==/base.apk!classes4.dex*45356349:/data/app/~~ERS2Vb0_Lr3atThE734KvA==/io.appium.uiautomator2.server-qXkfZw9LtZYC0ZeR2vvERg==/base.apk!classes5.dex*2419862292:/data/app/~~ERS2Vb0_Lr3atThE734KvA==/io.appium.uiautomator2.server-qXkfZw9LtZYC0ZeR2vvERg==/base.apk!classes6.dex*3944827479:/data/app/~~ERS2Vb0_Lr3atThE734KvA==/io.appium.uiautomator2.server-qXkfZw9LtZYC0ZeR2vvERg==/base.apk!classes7.dex*3145060491:/data/app/~~ERS2Vb0_Lr3atThE734KvA==/io.appium.uiautomator2.server-qXkfZw9LtZYC0ZeR2vvERg==/base.apk!classes8.dex*2034454731:/data/app/~~ERS2Vb0_Lr3atThE734KvA==/io.appium.uiautomator2.server-qXkfZw9LtZYC0ZeR2vvERg==/base.apk!classes9.dex*1613375383:/data/app/~~ERS2Vb0_Lr3atThE734KvA==/io.appium.uiautomator2.server-qXkfZw9LtZYC0ZeR2vvERg==/base.apk!classes10.dex*1483611213:/data/app/~~ERS2Vb0_Lr3atThE734KvA==/io.appium.uiautomator2.server-qXkfZw9LtZYC0ZeR2vvERg==/base.apk!classes11.dex*2888641764:/data/app/~~ERS2Vb0_Lr3atThE734KvA==/io.appium.uiautomator2.server-qXkfZw9LtZYC0ZeR2vvERg==/base.apk!classes12.dex*1711778771:/data/app/~~ERS2Vb0_Lr3atThE734KvA==/io.appium.uiautomator2.server-qXkfZw9LtZYC0ZeR2vvERg==/base.apk!classes13.dex*2108421983:/data/app/~~ERS2Vb0_Lr3atThE734KvA==/io.appium.uiautomator2.server-qXkfZw9LtZYC0ZeR2vvERg==/base.apk!classes14.dex*2618393034:/data/app/~~ERS2Vb0_Lr3atThE734KvA==/io.appium.uiautomator2.server-qXkfZw9LtZYC0ZeR2vvERg==/base.apk!classes15.dex*3152272110:/data/app/~~ERS2Vb0_Lr3atThE734KvA==/io.appium.uiautomator2.server-qXkfZw9LtZYC0ZeR2vvERg==/base.apk!classes16.dex*898502560])
06-12 15:36:51.857 W/tomator2.serve(19232): Found duplicate classes, falling back to extracting from APK : /data/app/~~ERS2Vb0_Lr3atThE734KvA==/io.appium.uiautomator2.server-qXkfZw9LtZYC0ZeR2vvERg==/base.apk
06-12 15:36:51.858 W/tomator2.serve(19232): NOTE: This wastes RAM and hurts startup performance.
06-12 15:36:51.858 W/tomator2.serve(19232): Found duplicated class when checking oat files: 'L_COROUTINE/ArtificialStackFrames;' in /data/app/~~ERS2Vb0_Lr3atThE734KvA==/io.appium.uiautomator2.server-qXkfZw9LtZYC0ZeR2vvERg==/base.apk and /data/app/~~ERS2Vb0_Lr3atThE734KvA==/io.appium.uiautomator2.server-qXkfZw9LtZYC0ZeR2vvERg==/base.apk
06-12 15:36:51.864 D/Glide   ( 1781): Finished loading Bitmap from LOCAL for com.bumptech.glide.gifdecoder.StandardGifDecoder@fb55452 with size [314x176] in 2.2575 ms
06-12 15:36:51.914 D/Glide   ( 1781): Finished loading Bitmap from LOCAL for com.bumptech.glide.gifdecoder.StandardGifDecoder@fb55452 with size [314x176] in 11.764833 ms
06-12 15:36:51.947 D/Glide   ( 1781): Finished loading Bitmap from LOCAL for com.bumptech.glide.gifdecoder.StandardGifDecoder@fb55452 with size [314x176] in 4.799791 ms
06-12 15:36:51.954 D/stbdpc  (  405): STB_DPGetNumPaths[570]: num_paths: 1
06-12 15:36:51.978 E/WifiVendorHal(  632): getWifiLinkLayerStats_1_3_Internal(l.973) failed {.code = ERROR_UNKNOWN, .description = unknown error}
06-12 15:36:51.997 D/Glide   ( 1781): Finished loading Bitmap from LOCAL for com.bumptech.glide.gifdecoder.StandardGifDecoder@fb55452 with size [314x176] in 14.590625 ms
06-12 15:36:52.030 D/Glide   ( 1781): Finished loading Bitmap from LOCAL for com.bumptech.glide.gifdecoder.StandardGifDecoder@fb55452 with size [314x176] in 6.5945 ms
06-12 15:36:52.054 D/stbdpc  (  405): STB_DPGetNumPaths[570]: num_paths: 1
06-12 15:36:52.081 D/Glide   ( 1781): Finished loading Bitmap from LOCAL for com.bumptech.glide.gifdecoder.StandardGifDecoder@fb55452 with size [314x176] in 16.978292 ms
06-12 15:36:52.103 W/[ 2887.459709@1]  RTW(    0): fill_default_txdesc(wlan0): SP Packet(0x0806) rate=0x4 SeqNum = 2328
06-12 15:36:52.114 D/Glide   ( 1781): Finished loading Bitmap from LOCAL for com.bumptech.glide.gifdecoder.StandardGifDecoder@fb55452 with size [314x176] in 9.389125 ms
06-12 15:36:52.147 D/Glide   ( 1781): Finished loading Bitmap from LOCAL for com.bumptech.glide.gifdecoder.StandardGifDecoder@fb55452 with size [314x176] in 2.87425 ms
06-12 15:36:52.154 D/stbdpc  (  405): STB_DPGetNumPaths[570]: num_paths: 1
06-12 15:36:52.197 D/Glide   ( 1781): Finished loading Bitmap from LOCAL for com.bumptech.glide.gifdecoder.StandardGifDecoder@fb55452 with size [314x176] in 12.60075 ms
06-12 15:36:52.205 W/tomator2.serve(19232): Accessing hidden method Landroid/app/Instrumentation;->execStartActivity(Landroid/content/Context;Landroid/os/IBinder;Landroid/os/IBinder;Landroid/app/Activity;Landroid/content/Intent;ILandroid/os/Bundle;)Landroid/app/Instrumentation$ActivityResult; (greylist, linking, allowed)
06-12 15:36:52.205 W/tomator2.serve(19232): Accessing hidden method Landroid/app/Instrumentation;->execStartActivity(Landroid/content/Context;Landroid/os/IBinder;Landroid/os/IBinder;Ljava/lang/String;Landroid/content/Intent;ILandroid/os/Bundle;)Landroid/app/Instrumentation$ActivityResult; (greylist, linking, allowed)
06-12 15:36:52.219 D/NetworkSecurityConfig(19232): No Network Security Config specified, using platform default
06-12 15:36:52.220 D/NetworkSecurityConfig(19232): No Network Security Config specified, using platform default
06-12 15:36:52.220 I/AndroidJUnitRunner(19232): newApplication android.app.Application
06-12 15:36:52.227 I/AndroidJUnitRunner(19232): onCreate Bundle[mParcelledData.dataSize=64]
06-12 15:36:52.231 D/AndroidJUnitRunner(19232): Use the raw file system for managing file I/O.
06-12 15:36:52.231 D/Glide   ( 1781): Finished loading Bitmap from LOCAL for com.bumptech.glide.gifdecoder.StandardGifDecoder@fb55452 with size [314x176] in 6.248333 ms
06-12 15:36:52.254 V/TestEventClient(19232): No service name argument was given (testDiscoveryService, testRunEventService or orchestratorService)
06-12 15:36:52.255 D/stbdpc  (  405): STB_DPGetNumPaths[570]: num_paths: 1
06-12 15:36:52.255 D/AndroidJUnitRunner(19232): onStart is called.
06-12 15:36:52.269 D/rtk_heartbeat(  351): heartbeat_timed_out: heartbeatCmdCount = 2864, expected nextSeqNum = 2864
06-12 15:36:52.270 D/rtk_heartbeat(  351): rtkbt_heartbeat_cmpl_cback: Current SeqNum = 2864,should SeqNum=2864, status = 0
06-12 15:36:52.281 D/Glide   ( 1781): Finished loading Bitmap from LOCAL for com.bumptech.glide.gifdecoder.StandardGifDecoder@fb55452 with size [314x176] in 15.300583 ms
06-12 15:36:52.285 D/TestRequestBuilder(19232): Using class path scanning to discover tests
06-12 15:36:52.289 I/TestRequestBuilder(19232): Scanning classpath to find tests in paths [/data/app/~~vz-LI613mzCW1_tI8sJdSA==/io.appium.uiautomator2.server.test-pndtPeicsSbNz5ltJNtTXA==/base.apk]
06-12 15:36:52.292 D/dvb_iptv(  405): ReadEmmNetworkTask[1537]: EMM Select Timeout Occured 18
06-12 15:36:52.293 W/tomator2.serve(19232): Opening an oat file without a class loader. Are you using the deprecated DexFile APIs?
06-12 15:36:52.308 F/linker  (19255): CANNOT LINK EXECUTABLE "/system/bin/smartcable/smartCableSTBApp": library "libmosquitto.so" not found: needed by main executable
06-12 15:36:52.314 D/Glide   ( 1781): Finished loading Bitmap from LOCAL for com.bumptech.glide.gifdecoder.StandardGifDecoder@fb55452 with size [314x176] in 7.369083 ms
06-12 15:36:52.355 D/stbdpc  (  405): STB_DPGetNumPaths[570]: num_paths: 1
06-12 15:36:52.364 D/Glide   ( 1781): Finished loading Bitmap from LOCAL for com.bumptech.glide.gifdecoder.StandardGifDecoder@fb55452 with size [314x176] in 17.679875 ms
06-12 15:36:52.397 D/Glide   ( 1781): Finished loading Bitmap from LOCAL for com.bumptech.glide.gifdecoder.StandardGifDecoder@fb55452 with size [314x176] in 10.81425 ms
06-12 15:36:52.431 D/Glide   ( 1781): Finished loading Bitmap from LOCAL for com.bumptech.glide.gifdecoder.StandardGifDecoder@fb55452 with size [314x176] in 3.9425839999999996 ms
06-12 15:36:52.455 D/stbdpc  (  405): STB_DPGetNumPaths[570]: num_paths: 1
06-12 15:36:52.462 D/JioStbInactivityTimer(  933): Timer: count 15 warningTimeout:10680 timeout:10800
06-12 15:36:52.463 D/JioStbInactivityTimer(  933): isUserActive: Curr:2871470 Prev:2871470
06-12 15:36:52.481 D/Glide   ( 1781): Finished loading Bitmap from LOCAL for com.bumptech.glide.gifdecoder.StandardGifDecoder@fb55452 with size [314x176] in 13.74775 ms
06-12 15:36:52.508 I/TestRunner(19232): run started: 1 tests
06-12 15:36:52.512 I/TestRunner(19232): started: startServer(io.appium.uiautomator2.server.test.AppiumUiAutomator2Server)
06-12 15:36:52.514 D/Glide   ( 1781): Finished loading Bitmap from LOCAL for com.bumptech.glide.gifdecoder.StandardGifDecoder@fb55452 with size [314x176] in 6.580209 ms
06-12 15:36:52.521 I/appium  (19232): >>>Entry point start<<<
06-12 15:36:52.526 I/appium  (19232): Starting ServerInstrumentation
06-12 15:36:52.555 D/stbdpc  (  405): STB_DPGetNumPaths[570]: num_paths: 1
06-12 15:36:52.564 D/Glide   ( 1781): Finished loading Bitmap from LOCAL for com.bumptech.glide.gifdecoder.StandardGifDecoder@fb55452 with size [314x176] in 16.513167 ms
06-12 15:36:52.581 I/appium  (19232): buildConfig: {"VERSION_NAME":"7.5.2","APPLICATION_ID":"io.appium.uiautomator2.server","BUILD_TYPE":"debug","VERSION_CODE":215,"BUILD_TIME":"1745524365546","DEBUG":true,"FLAVOR":"server"}
06-12 15:36:52.591 I/UiDevice(19232): Creating a new instance, old instance exists: false
06-12 15:36:52.597 D/Glide   ( 1781): Finished loading Bitmap from LOCAL for com.bumptech.glide.gifdecoder.StandardGifDecoder@fb55452 with size [314x176] in 9.553084 ms
06-12 15:36:52.617 V/UiAutomation(19232): Init UiAutomation@30745d0[id=7, flags=0]
06-12 15:36:52.619 D/UiDevice(19232): Setting accessibility service flags: 65618
06-12 15:36:52.627 D/UiDevice(19232): Turning on screen.
06-12 15:36:52.633 D/Glide   ( 1781): Finished loading Bitmap from LOCAL for com.bumptech.glide.gifdecoder.StandardGifDecoder@fb55452 with size [314x176] in 4.470708 ms
06-12 15:36:52.655 D/stbdpc  (  405): STB_DPGetNumPaths[570]: num_paths: 1
