06-12 15:06:40.578 V/newrelic(10085): Registering trace of SQLiteDatabase#insert with parent External/assets.adobedtm.com
06-12 15:06:40.578 V/newrelic(10085): Added trace 4cc2537b-1339-e5af-b252-897e217855f0 missing children: 4
06-12 15:06:40.578 V/newrelic(10085): Registering trace of SQLiteDatabase#insert with parent External/assets.adobedtm.com
06-12 15:06:40.579 V/newrelic(10085): Added trace 792f8dfc-ead4-34ee-fae4-aafad467bd03 missing children: 4
06-12 15:06:40.579 V/newrelic(10085): Registering trace of SQLiteDatabase#insert with parent External/assets.adobedtm.com
06-12 15:06:40.579 V/newrelic(10085): Added trace d10054dc-b42a-9a3c-3706-a6c557fc7bef missing children: 4
06-12 15:06:40.579 V/newrelic(10085): Registering trace of SQLiteDatabase#insert with parent External/assets.adobedtm.com
06-12 15:06:40.579 V/newrelic(10085): Added trace 275e0d3d-6816-f175-9e07-c6c5bbabe475 missing children: 4
06-12 15:06:40.581 V/newrelic(10085): Registering trace of SQLiteDatabase#insert with parent External/assets.adobedtm.com
06-12 15:06:40.581 V/newrelic(10085): Added trace 00ae8e51-bed8-da97-7a0e-e9b10e09f1a9 missing children: 4
06-12 15:06:40.581 V/newrelic(10085): Registering trace of SQLiteDatabase#insert with parent External/assets.adobedtm.com
06-12 15:06:40.582 V/newrelic(10085): Added trace d9ebc66a-e658-9471-88ff-59af4e4003c4 missing children: 4
06-12 15:06:40.582 V/newrelic(10085): Registering trace of SQLiteDatabase#insert with parent External/assets.adobedtm.com
06-12 15:06:40.582 V/newrelic(10085): Added trace a4622c31-aeb0-4e9a-7781-e93d59130538 missing children: 4
06-12 15:06:40.585 V/newrelic(10085): Registering trace of SQLiteDatabase#insert with parent External/assets.adobedtm.com
06-12 15:06:40.585 V/newrelic(10085): Added trace bd0e8031-f6a4-26a4-6188-7a52997e4d04 missing children: 4
06-12 15:06:40.585 V/newrelic(10085): Registering trace of SQLiteDatabase#insert with parent External/assets.adobedtm.com
06-12 15:06:40.586 V/newrelic(10085): Added trace c357a299-1780-4492-2060-53c92f69d249 missing children: 4
06-12 15:06:40.586 V/newrelic(10085): Registering trace of SQLiteDatabase#insert with parent External/assets.adobedtm.com
06-12 15:06:40.587 V/newrelic(10085): Added trace ab69813e-4b57-ca86-70c9-e8f5c857851d missing children: 4
06-12 15:06:40.592 V/newrelic(10085): Registering trace of SQLiteDatabase#query with parent External/assets.adobedtm.com
06-12 15:06:40.592 V/newrelic(10085): Added trace 794261e3-b116-8bbe-d9d2-f79a274ce09f missing children: 4
06-12 15:06:40.606 D/stbdpc  (  405): STB_DPGetNumPaths[570]: num_paths: 1
06-12 15:06:40.657 D/dvb_iptv(  405): ReadEmmNetworkTask[1537]: EMM Select Timeout Occured 55
06-12 15:06:40.704 D/newrelic(10085): OkHttp3TransactionStateUtil: Missing body or content length
06-12 15:06:40.704 V/newrelic(10085): Added trace 70693db8-2286-accf-8446-4ea767ca4cc2 missing children: 3
06-12 15:06:40.706 D/stbdpc  (  405): STB_DPGetNumPaths[570]: num_paths: 1
06-12 15:06:40.719 V/newrelic(10085): Registering trace of SQLiteDatabase#query with parent External/assets.adobedtm.com
06-12 15:06:40.719 V/newrelic(10085): Added trace fad40cc0-0282-bec1-119a-1ffd3ffb0a4b missing children: 3
06-12 15:06:40.720 V/newrelic(10085): Registering trace of SQLiteDatabase#insert with parent External/assets.adobedtm.com
06-12 15:06:40.721 V/newrelic(10085): Added trace 1dae9b38-186b-1ed4-25f1-5b575679128f missing children: 3
06-12 15:06:40.721 V/newrelic(10085): Registering trace of SQLiteDatabase#insert with parent External/assets.adobedtm.com
06-12 15:06:40.722 V/newrelic(10085): Added trace a7c2eeed-7c11-30b3-4e46-f4721e092a9e missing children: 3
06-12 15:06:40.722 V/newrelic(10085): Registering trace of SQLiteDatabase#insert with parent External/assets.adobedtm.com
06-12 15:06:40.722 V/newrelic(10085): Added trace f72714fa-f9a6-9e7d-4892-e68dbf9ae383 missing children: 3
06-12 15:06:40.722 V/newrelic(10085): Registering trace of SQLiteDatabase#insert with parent External/assets.adobedtm.com
06-12 15:06:40.722 V/newrelic(10085): Added trace 4aa7197f-19af-deef-e680-c683c149ca78 missing children: 3
06-12 15:06:40.723 V/newrelic(10085): Registering trace of SQLiteDatabase#insert with parent External/assets.adobedtm.com
06-12 15:06:40.723 V/newrelic(10085): Added trace 08910f58-b58d-9bd4-c8ec-9a2d4c38f677 missing children: 3
06-12 15:06:40.723 V/newrelic(10085): Registering trace of SQLiteDatabase#insert with parent External/assets.adobedtm.com
06-12 15:06:40.723 V/newrelic(10085): Added trace 9ad35032-5991-8bbc-a84b-42036b215b11 missing children: 3
06-12 15:06:40.725 V/newrelic(10085): Registering trace of SQLiteDatabase#insert with parent External/assets.adobedtm.com
06-12 15:06:40.725 V/newrelic(10085): Added trace 237038bf-9c1a-b2ec-46fd-5908caf1f47f missing children: 3
06-12 15:06:40.725 V/newrelic(10085): Registering trace of SQLiteDatabase#insert with parent External/assets.adobedtm.com
06-12 15:06:40.725 V/newrelic(10085): Added trace 62bae547-f880-3f94-c115-aee7d53e20f6 missing children: 3
06-12 15:06:40.726 V/newrelic(10085): Registering trace of SQLiteDatabase#insert with parent External/assets.adobedtm.com
06-12 15:06:40.726 V/newrelic(10085): Added trace 4e04b263-8551-7547-3a0a-c059cb27bb3f missing children: 3
06-12 15:06:40.726 V/newrelic(10085): Registering trace of SQLiteDatabase#insert with parent External/assets.adobedtm.com
06-12 15:06:40.726 V/newrelic(10085): Added trace b19b8606-2ae4-5ba7-6e5c-d1cacc37ca86 missing children: 3
06-12 15:06:40.726 V/newrelic(10085): Registering trace of SQLiteDatabase#insert with parent External/assets.adobedtm.com
06-12 15:06:40.726 V/newrelic(10085): Added trace b87524bb-e894-245f-d3b0-903d7871db71 missing children: 3
06-12 15:06:40.727 V/newrelic(10085): Registering trace of SQLiteDatabase#insert with parent External/assets.adobedtm.com
06-12 15:06:40.727 V/newrelic(10085): Added trace c6e41734-87ab-7c56-3f78-5c6b7d1b5674 missing children: 3
06-12 15:06:40.727 V/newrelic(10085): Registering trace of SQLiteDatabase#insert with parent External/assets.adobedtm.com
06-12 15:06:40.727 V/newrelic(10085): Added trace f076e402-9206-3c20-7144-a430c9716763 missing children: 3
06-12 15:06:40.727 V/newrelic(10085): Registering trace of SQLiteDatabase#insert with parent External/assets.adobedtm.com
06-12 15:06:40.729 V/newrelic(10085): Added trace abeaa1a0-f339-2bb8-ec75-ee2a291d4a48 missing children: 3
06-12 15:06:40.729 V/newrelic(10085): Registering trace of SQLiteDatabase#insert with parent External/assets.adobedtm.com
06-12 15:06:40.729 V/newrelic(10085): Added trace bf2624b7-bcc5-cd6c-bb91-7b9a6ee01176 missing children: 3
06-12 15:06:40.729 V/newrelic(10085): Registering trace of SQLiteDatabase#insert with parent External/assets.adobedtm.com
06-12 15:06:40.729 V/newrelic(10085): Added trace b0c34e9c-b3cb-6418-a023-a48e5fec38de missing children: 3
06-12 15:06:40.742 D/newrelic(10085): Event [Custom] added to queue
06-12 15:06:40.758 E/ThemeUtils(10085): View class androidx.appcompat.widget.AppCompatImageView is an AppCompat widget that can only be used with a Theme.AppCompat theme (or descendant).
06-12 15:06:40.767 E/ThemeUtils(10085): View class androidx.appcompat.widget.AppCompatTextView is an AppCompat widget that can only be used with a Theme.AppCompat theme (or descendant).
06-12 15:06:40.774 E/ThemeUtils(10085): View class androidx.appcompat.widget.AppCompatImageView is an AppCompat widget that can only be used with a Theme.AppCompat theme (or descendant).
06-12 15:06:40.775 E/ThemeUtils(10085): View class androidx.appcompat.widget.AppCompatTextView is an AppCompat widget that can only be used with a Theme.AppCompat theme (or descendant).
06-12 15:06:40.776 I/ThermalService(  986): CPU temperatures: [65.700005]
06-12 15:06:40.777 E/ThemeUtils(10085): View class androidx.appcompat.widget.AppCompatImageView is an AppCompat widget that can only be used with a Theme.AppCompat theme (or descendant).
06-12 15:06:40.779 E/ThemeUtils(10085): View class androidx.appcompat.widget.AppCompatTextView is an AppCompat widget that can only be used with a Theme.AppCompat theme (or descendant).
06-12 15:06:40.781 E/ThemeUtils(10085): View class androidx.appcompat.widget.AppCompatImageView is an AppCompat widget that can only be used with a Theme.AppCompat theme (or descendant).
06-12 15:06:40.783 E/ThemeUtils(10085): View class androidx.appcompat.widget.AppCompatTextView is an AppCompat widget that can only be used with a Theme.AppCompat theme (or descendant).
06-12 15:06:40.787 E/ThemeUtils(10085): View class androidx.appcompat.widget.AppCompatImageView is an AppCompat widget that can only be used with a Theme.AppCompat theme (or descendant).
06-12 15:06:40.788 E/ThemeUtils(10085): View class androidx.appcompat.widget.AppCompatTextView is an AppCompat widget that can only be used with a Theme.AppCompat theme (or descendant).
06-12 15:06:40.791 E/ThemeUtils(10085): View class androidx.appcompat.widget.AppCompatImageView is an AppCompat widget that can only be used with a Theme.AppCompat theme (or descendant).
06-12 15:06:40.793 E/ThemeUtils(10085): View class androidx.appcompat.widget.AppCompatTextView is an AppCompat widget that can only be used with a Theme.AppCompat theme (or descendant).
06-12 15:06:40.797 E/ThemeUtils(10085): View class androidx.appcompat.widget.AppCompatImageView is an AppCompat widget that can only be used with a Theme.AppCompat theme (or descendant).
06-12 15:06:40.799 E/ThemeUtils(10085): View class androidx.appcompat.widget.AppCompatTextView is an AppCompat widget that can only be used with a Theme.AppCompat theme (or descendant).
06-12 15:06:40.803 E/ThemeUtils(10085): View class androidx.appcompat.widget.AppCompatImageView is an AppCompat widget that can only be used with a Theme.AppCompat theme (or descendant).
06-12 15:06:40.804 E/ThemeUtils(10085): View class androidx.appcompat.widget.AppCompatTextView is an AppCompat widget that can only be used with a Theme.AppCompat theme (or descendant).
06-12 15:06:40.806 D/stbdpc  (  405): STB_DPGetNumPaths[570]: num_paths: 1
06-12 15:06:40.808 E/ThemeUtils(10085): View class androidx.appcompat.widget.AppCompatImageView is an AppCompat widget that can only be used with a Theme.AppCompat theme (or descendant).
06-12 15:06:40.812 E/ThemeUtils(10085): View class androidx.appcompat.widget.AppCompatTextView is an AppCompat widget that can only be used with a Theme.AppCompat theme (or descendant).
06-12 15:06:40.823 D/newrelic(10085): Event [NetworkRequest] added to queue
06-12 15:06:40.836 I/chatty  (10085): uid=10084(com.discoveryplus.tv.jiotv) NR_TaskQueue-1 identical 3 lines
06-12 15:06:40.839 D/newrelic(10085): Event [NetworkRequest] added to queue
06-12 15:06:40.841 D/rtk_heartbeat(  351): heartbeat_timed_out: heartbeatCmdCount = 1053, expected nextSeqNum = 1053
06-12 15:06:40.842 D/newrelic(10085): Event [NetworkRequest] added to queue
06-12 15:06:40.842 D/rtk_heartbeat(  351): rtkbt_heartbeat_cmpl_cback: Current SeqNum = 1053,should SeqNum=1053, status = 0
06-12 15:06:40.845 D/newrelic(10085): Event [NetworkRequest] added to queue
06-12 15:06:40.850 D/newrelic(10085): Event [NetworkRequest] added to queue
06-12 15:06:40.875 E/ThemeUtils(10085): View class com.discoveryplus.uicomponents.atom.DPlusTextAtom is an AppCompat widget that can only be used with a Theme.AppCompat theme (or descendant).
06-12 15:06:40.903 I/chatty  (10085): uid=10084(com.discoveryplus.tv.jiotv) identical 6 lines
06-12 15:06:40.906 E/ThemeUtils(10085): View class com.discoveryplus.uicomponents.atom.DPlusTextAtom is an AppCompat widget that can only be used with a Theme.AppCompat theme (or descendant).
06-12 15:06:40.907 D/stbdpc  (  405): STB_DPGetNumPaths[570]: num_paths: 1
06-12 15:06:40.909 E/ThemeUtils(10085): View class com.discoveryplus.uicomponents.atom.DPlusTextAtom is an AppCompat widget that can only be used with a Theme.AppCompat theme (or descendant).
06-12 15:06:40.946 I/chatty  (10085): uid=10084(com.discoveryplus.tv.jiotv) identical 8 lines
06-12 15:06:40.949 E/ThemeUtils(10085): View class com.discoveryplus.uicomponents.atom.DPlusTextAtom is an AppCompat widget that can only be used with a Theme.AppCompat theme (or descendant).
06-12 15:06:40.964 V/newrelic(10085): Registering trace of SQLiteDatabase#query with parent External/assets.adobedtm.com
06-12 15:06:40.964 V/newrelic(10085): Added trace 2100401d-a805-a896-d329-5241f0f49aa0 missing children: 3
06-12 15:06:40.965 V/newrelic(10085): Registering trace of SQLiteDatabase#insert with parent External/assets.adobedtm.com
06-12 15:06:40.966 V/newrelic(10085): Added trace 094a747d-dbfc-e274-75ac-3bc1b65d98e5 missing children: 3
06-12 15:06:40.966 V/newrelic(10085): Registering trace of SQLiteDatabase#insert with parent External/assets.adobedtm.com
06-12 15:06:40.966 V/newrelic(10085): Added trace 143208bc-b452-57e7-add3-c8d3527690eb missing children: 3
06-12 15:06:40.966 V/newrelic(10085): Registering trace of SQLiteDatabase#insert with parent External/assets.adobedtm.com
06-12 15:06:40.967 V/newrelic(10085): Added trace 97b3b31b-634f-4900-d466-bf122c6eeb60 missing children: 3
06-12 15:06:40.967 V/newrelic(10085): Registering trace of SQLiteDatabase#insert with parent External/assets.adobedtm.com
06-12 15:06:40.967 V/newrelic(10085): Added trace 8dac2ede-b58b-ea1d-17d8-1d5e621b5df4 missing children: 3
06-12 15:06:40.967 V/newrelic(10085): Registering trace of SQLiteDatabase#insert with parent External/assets.adobedtm.com
06-12 15:06:40.967 V/newrelic(10085): Added trace 8a302053-97e7-11a1-46bb-c9731ad53229 missing children: 3
06-12 15:06:40.967 V/newrelic(10085): Registering trace of SQLiteDatabase#insert with parent External/assets.adobedtm.com
06-12 15:06:40.968 V/newrelic(10085): Added trace c1afb514-6d5e-8ce7-a225-f3d69c06a56d missing children: 3
06-12 15:06:40.968 V/newrelic(10085): Registering trace of SQLiteDatabase#insert with parent External/assets.adobedtm.com
06-12 15:06:40.969 V/newrelic(10085): Added trace d17d8488-0fe3-5073-6342-55f78d94b669 missing children: 3
06-12 15:06:40.969 V/newrelic(10085): Registering trace of SQLiteDatabase#insert with parent External/assets.adobedtm.com
06-12 15:06:40.970 V/newrelic(10085): Added trace 10c474ae-1143-f76a-249e-ae961e87f39b missing children: 3
06-12 15:06:40.971 V/newrelic(10085): Registering trace of SQLiteDatabase#insert with parent External/assets.adobedtm.com
06-12 15:06:40.971 V/newrelic(10085): Added trace 9e70a71c-e3fb-4644-6176-205e665b1f22 missing children: 3
06-12 15:06:40.972 V/newrelic(10085): Registering trace of SQLiteDatabase#insert with parent External/assets.adobedtm.com
06-12 15:06:40.972 V/newrelic(10085): Added trace 564bb246-5657-a4bf-6201-56d6be6fbbd8 missing children: 3
06-12 15:06:40.973 V/newrelic(10085): Registering trace of SQLiteDatabase#insert with parent External/assets.adobedtm.com
06-12 15:06:40.973 V/newrelic(10085): Added trace 04ccaafa-c84b-c316-fda9-95817e95d7a5 missing children: 3
06-12 15:06:40.974 V/newrelic(10085): Registering trace of SQLiteDatabase#insert with parent External/assets.adobedtm.com
06-12 15:06:40.974 V/newrelic(10085): Added trace 0a20c234-bc87-de72-c93b-153ab895a712 missing children: 3
06-12 15:06:40.974 V/newrelic(10085): Registering trace of SQLiteDatabase#insert with parent External/assets.adobedtm.com
06-12 15:06:40.975 V/newrelic(10085): Added trace 99f97b10-8b7e-58a1-6215-53e5467ec61c missing children: 3
06-12 15:06:40.975 V/newrelic(10085): Registering trace of SQLiteDatabase#insert with parent External/assets.adobedtm.com
06-12 15:06:40.975 V/newrelic(10085): Added trace a2f9bd1b-b9ed-9705-461e-3a44d76a324a missing children: 3
06-12 15:06:40.976 V/newrelic(10085): Registering trace of SQLiteDatabase#insert with parent External/assets.adobedtm.com
06-12 15:06:40.976 V/newrelic(10085): Added trace 666b46ce-9fb4-5cce-e527-3c2e0b995201 missing children: 3
06-12 15:06:40.977 V/newrelic(10085): Registering trace of SQLiteDatabase#insert with parent External/assets.adobedtm.com
06-12 15:06:40.978 V/newrelic(10085): Added trace eb7a445b-f655-146b-91c1-d6de24ad9d17 missing children: 3
06-12 15:06:40.981 D/CompatibilityChangeReporter(  632): Compat change id reported: 136274596; UID 10084; state: ENABLED
06-12 15:06:41.007 D/stbdpc  (  405): STB_DPGetNumPaths[570]: num_paths: 1
06-12 15:06:41.007 D/ltts_ip_emm(  405): LTTS_IP_DMXStartEMM[381]: parse_emm_cat_status failed
06-12 15:06:41.027 V/newrelic(10085): Registering trace of SQLiteDatabase#query with parent External/assets.adobedtm.com
06-12 15:06:41.028 V/newrelic(10085): Added trace c8cd0eaa-93df-bc3d-8f73-11a82659baa5 missing children: 3
06-12 15:06:41.029 V/newrelic(10085): Registering trace of SQLiteDatabase#update with parent External/assets.adobedtm.com
06-12 15:06:41.039 V/newrelic(10085): Added trace 882a569e-fe41-6a8d-790b-e4d268a62820 missing children: 3
06-12 15:06:41.041 V/newrelic(10085): Registering trace of SQLiteDatabase#query with parent External/assets.adobedtm.com
06-12 15:06:41.041 V/newrelic(10085): Added trace fa40409b-cf73-9cc0-85e6-aabfcbf0bdaa missing children: 3
06-12 15:06:41.043 D/JioLauncher( 1781): overlay status check for wifi and bt remote false false
06-12 15:06:41.043 V/newrelic(10085): Registering trace of SQLiteDatabase#delete with parent External/assets.adobedtm.com
06-12 15:06:41.046 D/JioLauncher( 1781): diagnosis-fragment-onConnectivityChanged
06-12 15:06:41.047 D/Match code1( 1449): 2
06-12 15:06:41.047 D/JIO_TR069-( 1449): Predefined List [com.jio.stb.catv, com.rjil.jiostbsetting, com.iwedia.ui.rjio.launcher.reliance, com.jio.stb.hotellauncher, com.jio.media.oberoi, com.jio.ott]
06-12 15:06:41.051 D/JIO_TR069-( 1449): Caller Package com.iwedia.ui.rjio.launcher.reliance
06-12 15:06:41.051 D/JIO_TR069-( 1449): White Listed Apps []
06-12 15:06:41.051 D/JIO_TR069-( 1449): Final White Listed Apps [com.jio.stb.catv, com.rjil.jiostbsetting, com.iwedia.ui.rjio.launcher.reliance, com.jio.stb.hotellauncher, com.jio.media.oberoi, com.jio.ott, ]
06-12 15:06:41.057 V/newrelic(10085): Added trace c0c3344c-b3f4-c5c8-1e27-ff50c96fa3a5 missing children: 3
06-12 15:06:41.058 V/newrelic(10085): Registering trace of SQLiteDatabase#query with parent External/assets.adobedtm.com
06-12 15:06:41.059 V/newrelic(10085): Added trace bb4364a2-7596-cfde-a723-b18826758d89 missing children: 3
06-12 15:06:41.061 D/JioLauncher( 1781): network-type-------NonJioNetwork
06-12 15:06:41.061 V/newrelic(10085): Added trace 05187d2a-61e8-c1e8-518f-1464de82f20f missing children: 2
06-12 15:06:41.062 V/newrelic(10085): Registering trace of External/unknownhost with parent External/assets.adobedtm.com
06-12 15:06:41.067 D/JioLauncher( 1781): live-tv-previousIp-[/fe80::1%wlan0, /192.168.1.1]-newHost-[/fe80::1%wlan0, /192.168.1.1]
06-12 15:06:41.071 D/JioLauncher( 1781): diagnosis-network-1
06-12 15:06:41.075 D/JioLauncher( 1781): getSSID-<unknown ssid>
06-12 15:06:41.079 D/JioLauncher( 1781): ThreadCount-125
06-12 15:06:41.079 D/JioLauncher( 1781): isInactivityPopupDisplaying-{"inactivity_status_modified_time":1420050611833,"inactivity_status":false,"inactivity_window_timeout":120000}
06-12 15:06:41.079 D/JioLauncher( 1781): inactivity_status-false- result-false
06-12 15:06:41.079 D/JioLauncher( 1781): overlay-removing-type-JIO_BLOCK_ALERT_TYPE  -isInactivityPopupDisplaying-false
06-12 15:06:41.079 D/JioLauncher( 1781): ThreadCount-125
06-12 15:06:41.079 D/JioLauncher( 1781): isInactivityPopupDisplaying-{"inactivity_status_modified_time":1420050611833,"inactivity_status":false,"inactivity_window_timeout":120000}
06-12 15:06:41.079 D/JioLauncher( 1781): inactivity_status-false- result-false
06-12 15:06:41.079 D/JioLauncher( 1781): block-apps 1 null false
06-12 15:06:41.080 D/JioLauncher( 1781): global-key-unblock-all-key
06-12 15:06:41.082 D/JioLauncher( 1781): block-apps -1 null false
06-12 15:06:41.082 D/JioLauncher( 1781): global-key-block-all-key--others
06-12 15:06:41.084 D/JioLauncher( 1781): diagnosis-block-false
06-12 15:06:41.093 D/JioLauncher( 1781): getSSID-<unknown ssid>
06-12 15:06:41.104 E/ocessService0:( 2273): failed to create Unix domain socket: Operation not permitted
06-12 15:06:41.107 D/stbdpc  (  405): STB_DPGetNumPaths[570]: num_paths: 1
06-12 15:06:41.157 D/dvb_iptv(  405): ReadEmmNetworkTask[1537]: EMM Select Timeout Occured 56
06-12 15:06:41.186 V/newrelic(10085): Added trace bb845418-4c47-856d-4fec-ab6dd63e4df7 missing children: 2
06-12 15:06:41.187 D/newrelic(10085): setUrl(...) called on TransactionState in COMPLETE state
06-12 15:06:41.187 D/newrelic(10085): setHttpMethod(...) called on TransactionState in COMPLETE state
06-12 15:06:41.189 D/newrelic(10085): setCarrier(...) called on TransactionState in COMPLETE state
06-12 15:06:41.190 D/newrelic(10085): setWanType(...) called on TransactionState in COMPLETE state
06-12 15:06:41.190 D/newrelic(10085): setUrl(...) called on TransactionState in COMPLETE state
06-12 15:06:41.190 D/newrelic(10085): setHttpMethod(...) called on TransactionState in COMPLETE state
06-12 15:06:41.191 D/newrelic(10085): setCarrier(...) called on TransactionState in COMPLETE state
06-12 15:06:41.192 D/newrelic(10085): setWanType(...) called on TransactionState in COMPLETE state
06-12 15:06:41.192 D/newrelic(10085): setUrl(...) called on TransactionState in COMPLETE state
06-12 15:06:41.192 D/newrelic(10085): setHttpMethod(...) called on TransactionState in COMPLETE state
06-12 15:06:41.193 D/newrelic(10085): setCarrier(...) called on TransactionState in COMPLETE state
06-12 15:06:41.194 D/newrelic(10085): setWanType(...) called on TransactionState in COMPLETE state
06-12 15:06:41.194 D/newrelic(10085): setUrl(...) called on TransactionState in COMPLETE state
06-12 15:06:41.194 D/newrelic(10085): setHttpMethod(...) called on TransactionState in COMPLETE state
06-12 15:06:41.195 D/newrelic(10085): setCarrier(...) called on TransactionState in COMPLETE state
06-12 15:06:41.196 D/newrelic(10085): setWanType(...) called on TransactionState in COMPLETE state
06-12 15:06:41.197 D/newrelic(10085): setUrl(...) called on TransactionState in COMPLETE state
06-12 15:06:41.197 D/newrelic(10085): setHttpMethod(...) called on TransactionState in COMPLETE state
06-12 15:06:41.197 D/newrelic(10085): setCarrier(...) called on TransactionState in COMPLETE state
06-12 15:06:41.198 D/newrelic(10085): setWanType(...) called on TransactionState in COMPLETE state
06-12 15:06:41.199 D/newrelic(10085): setUrl(...) called on TransactionState in COMPLETE state
06-12 15:06:41.199 D/newrelic(10085): setHttpMethod(...) called on TransactionState in COMPLETE state
06-12 15:06:41.201 D/newrelic(10085): setCarrier(...) called on TransactionState in COMPLETE state
06-12 15:06:41.202 D/newrelic(10085): setWanType(...) called on TransactionState in COMPLETE state
06-12 15:06:41.202 D/newrelic(10085): setUrl(...) called on TransactionState in COMPLETE state
06-12 15:06:41.202 D/newrelic(10085): setHttpMethod(...) called on TransactionState in COMPLETE state
06-12 15:06:41.203 D/newrelic(10085): setCarrier(...) called on TransactionState in COMPLETE state
06-12 15:06:41.204 D/newrelic(10085): setWanType(...) called on TransactionState in COMPLETE state
06-12 15:06:41.204 D/newrelic(10085): setBytesReceived(...) called on TransactionState in COMPLETE state
06-12 15:06:41.204 D/newrelic(10085): setStatusCode(...) called on TransactionState in COMPLETE state
06-12 15:06:41.207 D/stbdpc  (  405): STB_DPGetNumPaths[570]: num_paths: 1
06-12 15:06:41.222 D/newrelic(10085): setUrl(...) called on TransactionState in COMPLETE state
06-12 15:06:41.222 D/newrelic(10085): setHttpMethod(...) called on TransactionState in COMPLETE state
06-12 15:06:41.225 D/newrelic(10085): setCarrier(...) called on TransactionState in COMPLETE state
06-12 15:06:41.225 D/[213   ] JioAccount-ADC( 2132): v2.a a> Event: XJSSOE3
06-12 15:06:41.225 V/newrelic(10085): Registering trace of SQLiteDatabase#query with parent External/assets.adobedtm.com
06-12 15:06:41.226 V/newrelic(10085): Added trace 5111d93c-1042-1551-e520-f436a2e8180e missing children: 2
06-12 15:06:41.226 V/[213   ] JioAccount-ADC( 2132): v2.a a> XJSSOE3	PARAMETERS:
06-12 15:06:41.226 D/newrelic(10085): setWanType(...) called on TransactionState in COMPLETE state
06-12 15:06:41.226 D/newrelic(10085): setUrl(...) called on TransactionState in COMPLETE state
06-12 15:06:41.226 D/newrelic(10085): setHttpMethod(...) called on TransactionState in COMPLETE state
06-12 15:06:41.227 D/[236   ] JioAccount-ADC( 2132): com.jio.adc.core.b c> Getting ServiceInfo
06-12 15:06:41.227 D/newrelic(10085): setCarrier(...) called on TransactionState in COMPLETE state
06-12 15:06:41.228 V/newrelic(10085): Registering trace of SQLiteDatabase#insert with parent External/assets.adobedtm.com
06-12 15:06:41.228 D/newrelic(10085): setWanType(...) called on TransactionState in COMPLETE state
06-12 15:06:41.229 D/newrelic(10085): setUrl(...) called on TransactionState in COMPLETE state
06-12 15:06:41.229 D/newrelic(10085): setHttpMethod(...) called on TransactionState in COMPLETE state
06-12 15:06:41.229 D/[236   ] JioAccount-ADC( 2132): com.jio.adc.core.b c> Starting Bind...
06-12 15:06:41.229 D/JioStbInactivityTimer(  933): Timer: count 183 warningTimeout:10680 timeout:10800
06-12 15:06:41.229 D/JioStbInactivityTimer(  933): isUserActive: Curr:891902 Prev:891902
06-12 15:06:41.229 D/newrelic(10085): setCarrier(...) called on TransactionState in COMPLETE state
06-12 15:06:41.231 V/newrelic(10085): Added trace bd826770-d458-2640-b071-30a32baf01fc missing children: 2
06-12 15:06:41.231 V/newrelic(10085): Registering trace of SQLiteDatabase#insert with parent External/assets.adobedtm.com
06-12 15:06:41.231 D/[2     ] JioAccount-ADC( 2132): com.jio.adc.core.b$2 onServiceConnected> Connected
06-12 15:06:41.232 D/newrelic(10085): setWanType(...) called on TransactionState in COMPLETE state
06-12 15:06:41.232 V/newrelic(10085): Added trace 638e9fef-86f4-2d88-2675-45a719c59cd7 missing children: 2
06-12 15:06:41.232 D/newrelic(10085): setUrl(...) called on TransactionState in COMPLETE state
06-12 15:06:41.232 D/newrelic(10085): setHttpMethod(...) called on TransactionState in COMPLETE state
06-12 15:06:41.232 V/newrelic(10085): Registering trace of SQLiteDatabase#insert with parent External/assets.adobedtm.com
06-12 15:06:41.232 D/[2     ] JioAccount-ADC( 2132): com.jio.adc.core.b$c$1 h> PROCESSING EVENT: XJSSOE3; TIME: 12-06-25 15:06:41:226; PARAMETERS: {"XJSSOP13":"com.discoveryplus.tv.jiotv","XJSSOP14":true,"XJSSOP15":""}
06-12 15:06:41.233 V/newrelic(10085): Added trace af226f10-145d-fcfa-8a56-014ba77eb5ac missing children: 2
06-12 15:06:41.233 V/newrelic(10085): Registering trace of SQLiteDatabase#insert with parent External/assets.adobedtm.com
06-12 15:06:41.233 D/newrelic(10085): setCarrier(...) called on TransactionState in COMPLETE state
06-12 15:06:41.233 D/newrelic(10085): setWanType(...) called on TransactionState in COMPLETE state
06-12 15:06:41.234 D/newrelic(10085): setUrl(...) called on TransactionState in COMPLETE state
06-12 15:06:41.234 D/newrelic(10085): setHttpMethod(...) called on TransactionState in COMPLETE state
06-12 15:06:41.234 V/newrelic(10085): Added trace 7c0c39c6-efe5-bc26-c4ed-edd5942993d8 missing children: 2
06-12 15:06:41.234 V/newrelic(10085): Registering trace of SQLiteDatabase#insert with parent External/assets.adobedtm.com
06-12 15:06:41.234 D/newrelic(10085): setCarrier(...) called on TransactionState in COMPLETE state
06-12 15:06:41.235 V/newrelic(10085): Added trace 1832df70-2328-c0c8-e281-b326d3434896 missing children: 2
06-12 15:06:41.235 V/newrelic(10085): Registering trace of SQLiteDatabase#insert with parent External/assets.adobedtm.com
06-12 15:06:41.235 D/newrelic(10085): setWanType(...) called on TransactionState in COMPLETE state
06-12 15:06:41.235 D/newrelic(10085): setUrl(...) called on TransactionState in COMPLETE state
06-12 15:06:41.235 D/newrelic(10085): setHttpMethod(...) called on TransactionState in COMPLETE state
06-12 15:06:41.236 V/newrelic(10085): Added trace dd8393cc-fde6-fa81-1152-aa64f4b4e3d9 missing children: 2
06-12 15:06:41.236 V/newrelic(10085): Registering trace of SQLiteDatabase#insert with parent External/assets.adobedtm.com
06-12 15:06:41.236 V/newrelic(10085): Added trace 0354d550-2516-e5c9-8a54-87d9c6ffa25c missing children: 2
06-12 15:06:41.236 D/[236   ] JioAccount-ADC( 2132): com.jio.adc.core.b c> Binding...
06-12 15:06:41.236 D/newrelic(10085): setCarrier(...) called on TransactionState in COMPLETE state
06-12 15:06:41.236 V/newrelic(10085): Registering trace of SQLiteDatabase#insert with parent External/assets.adobedtm.com
06-12 15:06:41.237 D/newrelic(10085): setWanType(...) called on TransactionState in COMPLETE state
06-12 15:06:41.241 V/[2     ] JioAccount-ADC( 2132): com.jio.adc.core.b$c$1 h> Event Written: XJSSOE3; TIME: 12-06-25 15:06:41:226; PARAMETERS: {"XJSSOP13":"com.discoveryplus.tv.jiotv","XJSSOP14":true,"XJSSOP15":""}
06-12 15:06:41.243 D/newrelic(10085): setUrl(...) called on TransactionState in COMPLETE state
06-12 15:06:41.243 D/newrelic(10085): setHttpMethod(...) called on TransactionState in COMPLETE state
06-12 15:06:41.244 D/newrelic(10085): setCarrier(...) called on TransactionState in COMPLETE state
06-12 15:06:41.246 D/newrelic(10085): setWanType(...) called on TransactionState in COMPLETE state
06-12 15:06:41.246 D/newrelic(10085): setUrl(...) called on TransactionState in COMPLETE state
06-12 15:06:41.246 D/newrelic(10085): setHttpMethod(...) called on TransactionState in COMPLETE state
06-12 15:06:41.247 D/newrelic(10085): setCarrier(...) called on TransactionState in COMPLETE state
06-12 15:06:41.248 D/newrelic(10085): setWanType(...) called on TransactionState in COMPLETE state
06-12 15:06:41.248 D/newrelic(10085): setUrl(...) called on TransactionState in COMPLETE state
06-12 15:06:41.248 D/newrelic(10085): setHttpMethod(...) called on TransactionState in COMPLETE state
06-12 15:06:41.249 D/newrelic(10085): setCarrier(...) called on TransactionState in COMPLETE state
06-12 15:06:41.249 D/newrelic(10085): setWanType(...) called on TransactionState in COMPLETE state
06-12 15:06:41.253 V/newrelic(10085): Added trace 2f0c0395-2851-3a23-9e79-3f1bb8b568f6 missing children: 2
06-12 15:06:41.253 V/newrelic(10085): Registering trace of SQLiteDatabase#insert with parent External/assets.adobedtm.com
06-12 15:06:41.258 V/newrelic(10085): Added trace bca75a32-808c-c793-b494-856d45ad2132 missing children: 2
06-12 15:06:41.258 V/newrelic(10085): Registering trace of SQLiteDatabase#insert with parent External/assets.adobedtm.com
06-12 15:06:41.259 V/newrelic(10085): Added trace f9a653b4-2db6-374d-780a-96645b47cb1e missing children: 2
06-12 15:06:41.260 V/newrelic(10085): Trace 26f1dfa9-94ce-b338-ba89-525d1ab08528 is now active
06-12 15:06:41.260 V/newrelic(10085): Registering trace of Gson#fromJson with parent External/assets.adobedtm.com
06-12 15:06:41.261 V/newrelic(10085): Registering trace of SQLiteDatabase#insert with parent External/assets.adobedtm.com
06-12 15:06:41.261 V/newrelic(10085): Added trace 4aace042-3d37-3b6f-d39b-71caa16da496 missing children: 3
06-12 15:06:41.261 V/newrelic(10085): Registering trace of SQLiteDatabase#insert with parent External/assets.adobedtm.com
06-12 15:06:41.261 V/newrelic(10085): Added trace 9e71e1e3-c29f-6417-6555-6c46338f1ecc missing children: 3
06-12 15:06:41.261 V/newrelic(10085): Registering trace of SQLiteDatabase#insert with parent External/assets.adobedtm.com
06-12 15:06:41.262 D/newrelic(10085): setUrl(...) called on TransactionState in COMPLETE state
06-12 15:06:41.262 D/newrelic(10085): setHttpMethod(...) called on TransactionState in COMPLETE state
06-12 15:06:41.262 V/newrelic(10085): Added trace 2be6b8e1-4936-a3ae-d594-1ecc3f145863 missing children: 3
06-12 15:06:41.262 V/newrelic(10085): Added trace e47ac35b-e5ae-0fb1-3cfa-aa843b51f873 missing children: 2
06-12 15:06:41.262 V/newrelic(10085): Registering trace of SQLiteDatabase#insert with parent External/assets.adobedtm.com
06-12 15:06:41.263 V/newrelic(10085): Added trace 31e7e00b-a1e6-39bf-70ab-f4112f8ded5f missing children: 2
06-12 15:06:41.263 V/newrelic(10085): Registering trace of SQLiteDatabase#insert with parent External/assets.adobedtm.com
06-12 15:06:41.263 V/newrelic(10085): Added trace 471c11a3-e511-bf6e-b8d7-01e3b435f923 missing children: 2
06-12 15:06:41.263 V/newrelic(10085): Registering trace of SQLiteDatabase#insert with parent External/assets.adobedtm.com
06-12 15:06:41.264 V/newrelic(10085): Added trace b44f5ceb-259d-070a-c49f-02c335fa8da2 missing children: 2
06-12 15:06:41.265 V/newrelic(10085): Registering trace of External/unknownhost with parent External/assets.adobedtm.com
06-12 15:06:41.286 D/newrelic(10085): setCarrier(...) called on TransactionState in COMPLETE state
06-12 15:06:41.287 D/newrelic(10085): setWanType(...) called on TransactionState in COMPLETE state
06-12 15:06:41.287 D/newrelic(10085): setUrl(...) called on TransactionState in COMPLETE state
06-12 15:06:41.288 D/newrelic(10085): setHttpMethod(...) called on TransactionState in COMPLETE state
06-12 15:06:41.291 D/newrelic(10085): setCarrier(...) called on TransactionState in COMPLETE state
06-12 15:06:41.291 D/newrelic(10085): setWanType(...) called on TransactionState in COMPLETE state
06-12 15:06:41.292 D/newrelic(10085): setBytesReceived(...) called on TransactionState in COMPLETE state
06-12 15:06:41.292 D/newrelic(10085): setStatusCode(...) called on TransactionState in COMPLETE state
06-12 15:06:41.293 V/newrelic(10085): Registering trace of SQLiteDatabase#delete with parent External/assets.adobedtm.com
06-12 15:06:41.307 D/stbdpc  (  405): STB_DPGetNumPaths[570]: num_paths: 1
06-12 15:06:41.309 V/newrelic(10085): Added trace bafa355a-3219-9a51-e58e-93d9f9d2182d missing children: 3
06-12 15:06:41.313 V/newrelic(10085): Registering trace of SQLiteDatabase#query with parent External/assets.adobedtm.com
06-12 15:06:41.313 V/newrelic(10085): Added trace 38af01d6-029d-68c5-58b9-6da850a78e4c missing children: 3
06-12 15:06:41.352 W/.sso.stb:remot( 2132): Reducing the number of considered missed Gc histogram windows from 105 to 100
06-12 15:06:41.382 D/newrelic(10085): OkHttp3TransactionStateUtil: Missing body or content length
06-12 15:06:41.383 V/newrelic(10085): Added trace 831926bf-15c1-2ab3-db1e-81e59fc01ee5 missing children: 2
06-12 15:06:41.397 V/newrelic(10085): Registering trace of SQLiteDatabase#query with parent External/assets.adobedtm.com
06-12 15:06:41.398 V/newrelic(10085): Added trace e5971df2-5fc3-b860-f1dc-ca35b8904330 missing children: 2
06-12 15:06:41.398 V/newrelic(10085): Registering trace of SQLiteDatabase#insert with parent External/assets.adobedtm.com
06-12 15:06:41.400 V/newrelic(10085): Added trace 5e06b216-1e1d-fa98-2e82-c1ec29f5cec0 missing children: 2
06-12 15:06:41.400 V/newrelic(10085): Registering trace of SQLiteDatabase#insert with parent External/assets.adobedtm.com
06-12 15:06:41.400 D/R0      (10085): Got login token:  eyJ0eXAiOiJKV1QiLCJhbGciOiJIUzI1NiJ9.eyJzdWIiOiJVU0VSSUQ6ZHBsdXNpbmRpYTo0Mjc2OTlhOC04MzllLTQ3MWUtYmNmZC1jOGY2NzU4OGVhOTgiLCJqdGkiOiJ0b2tlbi04MzBmMWI1ZC0yZGQ2LTQ5YmQtYTEzYS1iNTAwYmQ2MmE5NWEiLCJhbm9ueW1vdXMiOnRydWUsImlhdCI6MTc0OTY1NjcwOX0.uoFc6fQx3s179YxyRmtKnnfy74P-vTIWnZ1PWj5x1ws
06-12 15:06:41.401 V/newrelic(10085): Added trace bf235794-5029-f6f8-061d-f899e04600ea missing children: 2
06-12 15:06:41.401 V/newrelic(10085): Registering trace of SQLiteDatabase#insert with parent External/assets.adobedtm.com
06-12 15:06:41.402 V/newrelic(10085): Added trace 673dd330-33c8-cd58-11a0-4597c958d0fc missing children: 2
06-12 15:06:41.402 V/newrelic(10085): Registering trace of SQLiteDatabase#insert with parent External/assets.adobedtm.com
06-12 15:06:41.403 V/newrelic(10085): Added trace 72ae73e1-ade7-674e-b711-3a2ded756e33 missing children: 2
06-12 15:06:41.403 V/newrelic(10085): Registering trace of SQLiteDatabase#insert with parent External/assets.adobedtm.com
06-12 15:06:41.407 D/stbdpc  (  405): STB_DPGetNumPaths[570]: num_paths: 1
06-12 15:06:41.411 V/newrelic(10085): Added trace 335219d9-6eb8-0ce4-7f9c-2a35de3f4591 missing children: 2
06-12 15:06:41.411 V/newrelic(10085): Registering trace of SQLiteDatabase#insert with parent External/assets.adobedtm.com
06-12 15:06:41.412 V/newrelic(10085): Added trace 962229c2-f2a4-108a-bbe3-9aff960d10f3 missing children: 2
06-12 15:06:41.412 V/newrelic(10085): Registering trace of SQLiteDatabase#insert with parent External/assets.adobedtm.com
06-12 15:06:41.413 V/newrelic(10085): Added trace b141f04b-3b17-c64e-6ee2-3c757eb94362 missing children: 2
06-12 15:06:41.413 V/newrelic(10085): Registering trace of SQLiteDatabase#insert with parent External/assets.adobedtm.com
06-12 15:06:41.413 V/newrelic(10085): Added trace a18039e3-6dba-3a4a-f17f-d07de81c66a8 missing children: 2
06-12 15:06:41.414 V/newrelic(10085): Registering trace of SQLiteDatabase#insert with parent External/assets.adobedtm.com
06-12 15:06:41.414 V/newrelic(10085): Added trace 88f422c3-5bc5-5a5c-5282-a4a630573e26 missing children: 2
06-12 15:06:41.414 V/newrelic(10085): Registering trace of SQLiteDatabase#insert with parent External/assets.adobedtm.com
06-12 15:06:41.415 V/newrelic(10085): Added trace 45486330-0d4a-871c-75ec-81fd7c1bc2e5 missing children: 2
06-12 15:06:41.415 V/newrelic(10085): Registering trace of SQLiteDatabase#insert with parent External/assets.adobedtm.com
06-12 15:06:41.415 V/newrelic(10085): Added trace 33b89c00-c87a-c00a-de5c-373ea8814cea missing children: 2
06-12 15:06:41.415 V/newrelic(10085): Registering trace of SQLiteDatabase#insert with parent External/assets.adobedtm.com
06-12 15:06:41.416 V/newrelic(10085): Added trace b6f8675e-1ac8-df07-b8fb-21363be17dcd missing children: 2
06-12 15:06:41.417 V/newrelic(10085): Registering trace of SQLiteDatabase#insert with parent External/assets.adobedtm.com
06-12 15:06:41.417 V/newrelic(10085): Added trace d87431cb-4c2f-9706-bb10-555c7d00c08c missing children: 2
06-12 15:06:41.417 V/newrelic(10085): Registering trace of SQLiteDatabase#insert with parent External/assets.adobedtm.com
06-12 15:06:41.426 V/newrelic(10085): Added trace 36d81f64-734c-2a03-05c9-52c2889e729c missing children: 2
06-12 15:06:41.426 V/newrelic(10085): Registering trace of SQLiteDatabase#insert with parent External/assets.adobedtm.com
06-12 15:06:41.427 V/newrelic(10085): Added trace efc9816a-669a-0a33-2362-5d389ab60a41 missing children: 2
06-12 15:06:41.427 V/newrelic(10085): Registering trace of SQLiteDatabase#insert with parent External/assets.adobedtm.com
06-12 15:06:41.428 V/newrelic(10085): Added trace 86839ffc-c32a-da7c-36d6-e6a5bb7bce1f missing children: 2
06-12 15:06:41.430 V/newrelic(10085): Registering trace of External/unknownhost with parent External/assets.adobedtm.com
06-12 15:06:41.446 I/okhttp.OkHttpClient(10085): --> GET https://ap2-prod-direct.discoveryplus.in/v1/gauth/token?grant_type=jio_sso&brand_id=49d299ae-4c3b-420f-9b73-a07b69edc877
06-12 15:06:41.447 I/okhttp.OkHttpClient(10085): Jio-SSO-Token: GgSSXVA/8m+4na20/uIn9nnRLW43v7Ao6eBNJ9hdBFsKepxhdG3XL6BXQ1nAJ4J/cf0aD2WFe3ybFRTzIQDkz3tUK/fOOGBa26sDhffCZrPIen2duhRHKQfJXMZlZdfClqwdYI0mOh+2LHZRg7c1RYUQwgSc4VBJaZYkNBh4tywaDmfkXZ0NYgvMXwpwsWaNGrBZMWHZUt9IA80So+RmuTKhJZZw6Wn2pSj5B8uRGIYKvJoznRHKHH0lTiwzjv3F374fcZVxNXWLHd7DVlfD4YtKsvQNu80fcd00uCPAS5kOOEvSE+4rLJVfGBmsnlOZc2kTYOW082xEuSva2g3sD7Cuc6uQgC1rJp4fC0VG1GWxBK68O5TwLSStcQ5QMz50qyWbvQhAzBhAkm+puDj1dmh+aQq2SUh8aAc+sIjyAOGiX5f3Fpyznj4qdXZGod3QZ70vhs48WGHn0FRRPAJtj7uaCJgWxbNhjsLzLIqq1UcJeNIvSLxhIY1PvPnqc37xQAzTfTyv/NxPdEOheWX2R/2enb01ugRvjcQ84/9gcRXY+8Edsv/KpX6MfGotRnSUyGB8fxo7gHqL4fNxYp+U3YzGg7S7Jzz1yoMgJmJvn322fJEBGhk16KVKkRFpCLUPG5dGtN7WcYVNYi9YuxGrH17gBEPKqT63uXBXpgB3nNGjWNvuSHuyWAqUj4mb8BbiR38ey5HKPW5J7flLq9RjcyxQJYJjgaMPOw6rP6xGTUc=
06-12 15:06:41.447 I/okhttp.OkHttpClient(10085): X-Subscriber-Id: 3394540132
06-12 15:06:41.447 I/okhttp.OkHttpClient(10085): X-Device-Info: com.discoveryplus.tv.jiotv/4.0.4 (Jio/JMSB200A; ANDROIDTV/11; c8b798242fea3a45/dplusindia)
06-12 15:06:41.447 I/okhttp.OkHttpClient(10085): traceparent: 00-a0268aaece5b40a0b87d5753a1471450-4c24a4a8adf44021-00
06-12 15:06:41.448 I/okhttp.OkHttpClient(10085): newrelic: eyJ2IjpbMCwyXSwiZCI6eyJ0eSI6Ik1vYmlsZSIsImFjIjoiMzU4MjA2NiIsImFwIjoiMTEyMDEwNzM4MiIsInRyIjoiYTAyNjhhYWVjZTViNDBhMGI4N2Q1NzUzYTE0NzE0NTAiLCJpZCI6IjRjMjRhNGE4YWRmNDQwMjEiLCJ0aSI6MTc0OTcyMTAwMTQzMywidGsiOiIyMDA2ODc4In19
06-12 15:06:41.448 I/okhttp.OkHttpClient(10085): tracestate: 2006878@nr=0-2-3582066-1120107382-4c24a4a8adf44021----1749721001433
06-12 15:06:41.449 I/okhttp.OkHttpClient(10085): --> END GET
06-12 15:06:41.508 D/stbdpc  (  405): STB_DPGetNumPaths[570]: num_paths: 1
06-12 15:06:41.608 D/stbdpc  (  405): STB_DPGetNumPaths[570]: num_paths: 1
06-12 15:06:41.657 D/dvb_iptv(  405): ReadEmmNetworkTask[1537]: EMM Select Timeout Occured 57
06-12 15:06:41.708 D/stbdpc  (  405): STB_DPGetNumPaths[570]: num_paths: 1
06-12 15:06:41.808 D/stbdpc  (  405): STB_DPGetNumPaths[570]: num_paths: 1
06-12 15:06:41.841 D/rtk_heartbeat(  351): heartbeat_timed_out: heartbeatCmdCount = 1054, expected nextSeqNum = 1054
06-12 15:06:41.842 D/rtk_heartbeat(  351): rtkbt_heartbeat_cmpl_cback: Current SeqNum = 1054,should SeqNum=1054, status = 0
06-12 15:06:41.897 D/newrelic(10085): Event [NetworkRequest] added to queue
06-12 15:06:41.900 D/newrelic(10085): Event [NetworkRequest] added to queue
06-12 15:06:41.908 D/stbdpc  (  405): STB_DPGetNumPaths[570]: num_paths: 1
06-12 15:06:41.965 I/okhttp.OkHttpClient(10085): <-- 200 https://ap2-prod-direct.discoveryplus.in/v1/gauth/token?grant_type=jio_sso&brand_id=49d299ae-4c3b-420f-9b73-a07b69edc877 (516ms)
06-12 15:06:41.966 I/okhttp.OkHttpClient(10085): date: Thu, 12 Jun 2025 09:36:41 GMT
06-12 15:06:41.966 I/okhttp.OkHttpClient(10085): content-type: application/json; charset=utf-8
06-12 15:06:41.966 I/okhttp.OkHttpClient(10085): x-gauth-trace-id: a0268aaece5b40a0b87d5753a1471450
06-12 15:06:41.966 I/okhttp.OkHttpClient(10085): x-request-id: 2bd01b9b-f6c4-4282-aa9f-49531de50994
06-12 15:06:41.966 I/okhttp.OkHttpClient(10085): vary: Accept-Encoding,Origin
06-12 15:06:41.966 I/okhttp.OkHttpClient(10085): strict-transport-security: max-age=15724800; includeSubDomains;
06-12 15:06:41.968 I/okhttp.OkHttpClient(10085): {"token":"eyJhbGciOiJSUzI1NiIsInR5cCI6IkpXVCJ9.eyJhdWQiOiI0OWQyOTlhZS00YzNiLTQyMGYtOWI3My1hMDdiNjllZGM4NzciLCJleHAiOjE3NDk3MjE5MDEsImp0aSI6IjVhM2Q2ZDZjLWJmMGUtNDBmNC1hYjcyLTNkOTk4NDYwYmQyMSIsImlhdCI6MTc0OTcyMTAwMSwiaXNzIjoiaHR0cHM6Ly9hcDItcHJvZC5kaXNjby1hcGkuY29tL3YxL2dhdXRoIiwic3ViIjoiNDVhMDJhNzUtNWJlYS00NzRmLTg5ZjctMDQ3NmViOWYxY2EwIiwicGlkIjoiNDk3NmMzNGYtYWFlNS00YWNhLTg1ODAtZTUzZWViODNlMjQyIiwicF91aWQiOiIzMzk0NTQwMTMyIiwicG4iOiJSZWxpYW5jZSBKaW8iLCJzc29fdHlwZSI6Imppb19zc28iLCJhdXRoX3R5cGUiOiJTU080IiwiaHQiOiJJTiIsImV4dHJhIjpbeyJrZXkiOiJtb2JpbGVfbnVtYmVyIiwidmFsdWUiOiIrOTE4ODg0NTkyNTI1In0seyJrZXkiOiJyZXF1aXJlX3Bob25lX3ZlcmlmaWNhdGlvbiIsInZhbHVlIjoibm8ifV19.VyFBV_SeNSQ6g8IdM6_Ys8BT9j1lJcuXKtX32bHGMCrBTRKCu24Yu3eJH8OAqNxQPx_qQFFFByvNBmW1ZI3sI6YCrtpo0mkrjmCq05X_sRCr49sFaswKzI79KMUalfXTupAn489BrL9LcuQX3L9qropBILOGh7jNhK_bGAIRLS0ohe7kSjp254xZGlFrn9LTOVLWTeOzR884h-fhV_uJ6Htlx1ysyeNdSb1psOq5oiAhGFWwS93EuwgsqSdBjcItrWMNFPARRL59hEUP9ZBiHYucpM5ZGjL7TvKduW5HX20ccpcMAk8JwTF5eYRwIVbGinTIEoB8t5ODHgMIfWnaPw"}
06-12 15:06:41.968 I/okhttp.OkHttpClient(10085): <-- END HTTP (1008-byte body)
06-12 15:06:41.980 D/newrelic(10085): OkHttp3TransactionStateUtil: Missing body or content length
06-12 15:06:41.980 V/newrelic(10085): Added trace 2cd0dc29-a6f9-8227-36e4-aab95db4f20f missing children: 2
06-12 15:06:41.994 V/newrelic(10085): Registering trace of SQLiteDatabase#query with parent External/assets.adobedtm.com
06-12 15:06:41.994 V/newrelic(10085): Added trace c3e56e27-f3ae-47d3-fcb2-60c315b42d36 missing children: 2
06-12 15:06:41.996 V/newrelic(10085): Registering trace of SQLiteDatabase#insert with parent External/assets.adobedtm.com
06-12 15:06:41.998 V/newrelic(10085): Added trace 673143de-9195-27ac-a815-27e193411d54 missing children: 2
06-12 15:06:41.998 V/newrelic(10085): Registering trace of SQLiteDatabase#insert with parent External/assets.adobedtm.com
06-12 15:06:42.000 V/newrelic(10085): Added trace 2092c3a9-48e6-d8dd-5d7e-116236420b59 missing children: 2
06-12 15:06:42.000 V/newrelic(10085): Registering trace of SQLiteDatabase#insert with parent External/assets.adobedtm.com
06-12 15:06:42.001 V/newrelic(10085): Added trace 4bac775b-2498-3642-4e4b-6d5e8364e53d missing children: 2
06-12 15:06:42.001 V/newrelic(10085): Registering trace of SQLiteDatabase#insert with parent External/assets.adobedtm.com
06-12 15:06:42.002 V/newrelic(10085): Registering trace of External/unknownhost with parent External/assets.adobedtm.com
06-12 15:06:42.004 V/newrelic(10085): Added trace 39bbe385-a4ea-fe62-d9cf-bdae147d8110 missing children: 3
06-12 15:06:42.004 V/newrelic(10085): Registering trace of SQLiteDatabase#insert with parent External/assets.adobedtm.com
06-12 15:06:42.008 D/stbdpc  (  405): STB_DPGetNumPaths[570]: num_paths: 1
06-12 15:06:42.011 V/newrelic(10085): Added trace 69227e8a-050a-fd9f-f1ac-d8385043527a missing children: 3
06-12 15:06:42.011 V/newrelic(10085): Registering trace of SQLiteDatabase#insert with parent External/assets.adobedtm.com
06-12 15:06:42.012 V/newrelic(10085): Added trace c2bda915-6940-791f-7d07-d02e054f69e3 missing children: 3
06-12 15:06:42.012 V/newrelic(10085): Registering trace of SQLiteDatabase#insert with parent External/assets.adobedtm.com
06-12 15:06:42.012 V/newrelic(10085): Added trace 43c827c4-94c3-8ac4-9aa5-4974617f4dc7 missing children: 3
06-12 15:06:42.012 V/newrelic(10085): Registering trace of SQLiteDatabase#insert with parent External/assets.adobedtm.com
06-12 15:06:42.013 V/newrelic(10085): Added trace 83bc2691-4898-c866-9fba-8c89561246a2 missing children: 3
06-12 15:06:42.015 V/newrelic(10085): Registering trace of SQLiteDatabase#insert with parent External/assets.adobedtm.com
06-12 15:06:42.015 V/newrelic(10085): Added trace 9f46d908-a179-3377-964e-c839d233f9be missing children: 3
06-12 15:06:42.015 V/newrelic(10085): Registering trace of SQLiteDatabase#insert with parent External/assets.adobedtm.com
06-12 15:06:42.015 V/newrelic(10085): Added trace 7283f752-0d28-0bc0-2403-804750eadd0d missing children: 3
06-12 15:06:42.015 V/newrelic(10085): Registering trace of SQLiteDatabase#insert with parent External/assets.adobedtm.com
06-12 15:06:42.016 V/newrelic(10085): Added trace e305876f-5146-9950-7ea2-c24737599438 missing children: 3
06-12 15:06:42.016 V/newrelic(10085): Registering trace of SQLiteDatabase#insert with parent External/assets.adobedtm.com
06-12 15:06:42.016 V/newrelic(10085): Added trace e1b876c0-b946-21b0-8261-44c7a4108af7 missing children: 3
06-12 15:06:42.016 V/newrelic(10085): Registering trace of SQLiteDatabase#insert with parent External/assets.adobedtm.com
06-12 15:06:42.016 V/newrelic(10085): Added trace 1ebac7d0-3e67-7c5b-cc00-d4ba0e2e60a3 missing children: 3
06-12 15:06:42.016 V/newrelic(10085): Registering trace of SQLiteDatabase#insert with parent External/assets.adobedtm.com
06-12 15:06:42.017 V/newrelic(10085): Added trace 6f40584b-77ba-fa6c-84e1-b50c27e2f908 missing children: 3
06-12 15:06:42.017 V/newrelic(10085): Registering trace of SQLiteDatabase#insert with parent External/assets.adobedtm.com
06-12 15:06:42.017 V/newrelic(10085): Added trace 5bef834d-000a-9599-0ed7-d496fcd2467f missing children: 3
06-12 15:06:42.017 V/newrelic(10085): Registering trace of SQLiteDatabase#insert with parent External/assets.adobedtm.com
06-12 15:06:42.017 V/newrelic(10085): Added trace 74ef23e0-9fc3-9a5f-cb82-fe3aa711213c missing children: 3
06-12 15:06:42.063 I/ryplus.tv.jiot(10085): oneway function results will be dropped but finished with status OK and parcel size 4
06-12 15:06:42.065 I/e.swalekh.abct( 1336): oneway function results will be dropped but finished with status OK and parcel size 4
06-12 15:06:42.075 D/JioSTBMRServer-SERVICE( 3304): InetSocketAddress(InetAddress.getByName(inetAddress.hostAddress)-/192.168.1.255
06-12 15:06:42.075 D/JioSTBMRServer-SERVICE( 3304): #beacon:RKISBFJ60000097:0:false:0:1:SV=181024 , 192.168.1.255
06-12 15:06:42.078 D/JioSTBMRServer-SERVICE( 3304): InetSocketAddress(InetAddress.getByName(inetAddress.hostAddress)-/192.168.1.255
06-12 15:06:42.078 D/JioSTBMRServer-SERVICE( 3304): #broadcast IP:192.168.1.255
06-12 15:06:42.099 D/newrelic(10085): OkHttp3TransactionStateUtil: Missing body or content length
06-12 15:06:42.099 V/newrelic(10085): Added trace 68700ef9-3c36-1e9c-0e1a-72fd5d1c7d50 missing children: 2
06-12 15:06:42.107 W/[ 1077.463295@1]  RTW(    0): fill_default_txdesc(wlan0): SP Packet(0x0806) rate=0x4 SeqNum = 407
06-12 15:06:42.109 D/stbdpc  (  405): STB_DPGetNumPaths[570]: num_paths: 1
06-12 15:06:42.115 V/newrelic(10085): Registering trace of SQLiteDatabase#query with parent External/assets.adobedtm.com
06-12 15:06:42.115 V/newrelic(10085): Added trace e473bbc8-3894-417f-1537-67473647bfe4 missing children: 2
06-12 15:06:42.117 V/newrelic(10085): Registering trace of SQLiteDatabase#insert with parent External/assets.adobedtm.com
06-12 15:06:42.118 V/newrelic(10085): Added trace 5131c279-32c4-eca8-0876-401e592aa563 missing children: 2
06-12 15:06:42.119 V/newrelic(10085): Registering trace of SQLiteDatabase#insert with parent External/assets.adobedtm.com
06-12 15:06:42.119 V/newrelic(10085): Added trace c3f76067-f89b-fa75-bacc-2b15eb3417fb missing children: 2
06-12 15:06:42.119 V/newrelic(10085): Registering trace of SQLiteDatabase#insert with parent External/assets.adobedtm.com
06-12 15:06:42.120 V/newrelic(10085): Added trace bf101a8b-0d96-6599-d8e5-bda2f495759f missing children: 2
06-12 15:06:42.123 V/newrelic(10085): Registering trace of SQLiteDatabase#insert with parent External/assets.adobedtm.com
06-12 15:06:42.124 V/newrelic(10085): Added trace 9f393219-252e-a358-b008-6fb3c1f8f981 missing children: 2
