06-12 22:58:14.621 F/linker  (15396): CANNOT LINK EXECUTABLE "/system/bin/smartcable/smartCableSTBApp": library "libmosquitto.so" not found: needed by main executable
06-12 22:58:15.445 W/[ 2062.564726@2]  RTW(    0): Turbo EDCA =0xa42b
06-12 22:58:15.475 W/[ 2062.593138@0]  RTW(    0): fill_default_txdesc(wlan0): SP Packet(0x0806) rate=0x4 SeqNum = 3160
06-12 22:58:17.463 W/[ 2064.580591@1]  RTW(    0): Turbo EDCA =0x5ea42b
06-12 22:58:19.628 F/linker  (15410): CANNOT LINK EXECUTABLE "/system/bin/smartcable/smartCableSTBApp": library "libmosquitto.so" not found: needed by main executable
06-12 22:58:20.555 W/[ 2067.674394@1]  RTW(    0): fill_default_txdesc(wlan0): SP Packet(0x0806) rate=0x4 SeqNum = 3172
06-12 22:58:24.637 F/linker  (15426): CANNOT LINK EXECUTABLE "/system/bin/smartcable/smartCableSTBApp": library "libmosquitto.so" not found: needed by main executable
06-12 22:58:25.579 W/[ 2072.698345@0]  RTW(    0): fill_default_txdesc(wlan0): SP Packet(0x0806) rate=0x4 SeqNum = 3192
06-12 22:58:29.641 F/linker  (15439): CANNOT LINK EXECUTABLE "/system/bin/smartcable/smartCableSTBApp": library "libmosquitto.so" not found: needed by main executable
06-12 22:58:30.727 W/[ 2077.846880@1]  RTW(    0): fill_default_txdesc(wlan0): SP Packet(0x0806) rate=0x4 SeqNum = 3202
06-12 22:58:34.647 F/linker  (15448): CANNOT LINK EXECUTABLE "/system/bin/smartcable/smartCableSTBApp": library "libmosquitto.so" not found: needed by main executable
06-12 22:58:35.819 W/[ 2082.937273@2]  RTW(    0): fill_default_txdesc(wlan0): SP Packet(0x0806) rate=0x4 SeqNum = 3224
06-12 22:58:39.655 F/linker  (15458): CANNOT LINK EXECUTABLE "/system/bin/smartcable/smartCableSTBApp": library "libmosquitto.so" not found: needed by main executable
06-12 22:58:40.815 W/[ 2087.934907@0]  RTW(    0): fill_default_txdesc(wlan0): SP Packet(0x0806) rate=0x4 SeqNum = 3251
06-12 22:58:44.653 F/linker  (15475): CANNOT LINK EXECUTABLE "/system/bin/smartcable/smartCableSTBApp": library "libmosquitto.so" not found: needed by main executable
06-12 22:58:45.687 W/[ 2092.804614@2]  RTW(    0): Turbo EDCA =0xa42b
06-12 22:58:45.963 W/[ 2093.083071@3]  RTW(    0): fill_default_txdesc(wlan0): SP Packet(0x0806) rate=0x4 SeqNum = 3367
06-12 22:58:47.703 W/[ 2094.820671@2]  RTW(    0): Turbo EDCA =0x5ea42b
06-12 22:58:49.661 F/linker  (15485): CANNOT LINK EXECUTABLE "/system/bin/smartcable/smartCableSTBApp": library "libmosquitto.so" not found: needed by main executable
06-12 22:58:51.063 W/[ 2098.184135@3]  RTW(    0): fill_default_txdesc(wlan0): SP Packet(0x0806) rate=0x4 SeqNum = 3406
06-12 22:58:54.672 F/linker  (15500): CANNOT LINK EXECUTABLE "/system/bin/smartcable/smartCableSTBApp": library "libmosquitto.so" not found: needed by main executable
06-12 22:58:56.135 W/[ 2103.256330@2]  RTW(    0): fill_default_txdesc(wlan0): SP Packet(0x0806) rate=0x4 SeqNum = 3460
06-12 22:58:57.943 W/[ 2105.060611@2]  RTW(    0): fill_default_txdesc(wlan0): SP Packet(0x0806) rate=0x4 SeqNum = 3464
06-12 22:58:58.095 W/[ 2105.214786@2]  RTW(    0): fill_default_txdesc(wlan0): SP Packet(0x0806) rate=0x4 SeqNum = 3466
06-12 22:58:59.678 F/linker  (15510): CANNOT LINK EXECUTABLE "/system/bin/smartcable/smartCableSTBApp": library "libmosquitto.so" not found: needed by main executable
06-12 22:59:00.115 W/[ 2107.234406@2]  RTW(    0): fill_default_txdesc(wlan0): SP Packet(0x0806) rate=0x4 SeqNum = 3474
06-12 22:59:00.247 W/[ 2107.364794@2]  RTW(    0): fill_default_txdesc(wlan0): SP Packet(0x0806) rate=0x4 SeqNum = 3476
06-12 22:59:01.059 W/[ 2108.179011@2]  RTW(    0): fill_default_txdesc(wlan0): SP Packet(0x0806) rate=0x4 SeqNum = 3479
06-12 22:59:01.815 W/[ 2108.932580@2]  RTW(    0): Turbo EDCA =0xa42b
06-12 22:59:04.681 F/linker  (15524): CANNOT LINK EXECUTABLE "/system/bin/smartcable/smartCableSTBApp": library "libmosquitto.so" not found: needed by main executable
06-12 22:59:05.283 W/[ 2112.400503@0]  RTW(    0): fill_default_txdesc(wlan0): SP Packet(0x0806) rate=0x4 SeqNum = 3497
06-12 22:59:05.847 W/[ 2112.964592@3]  RTW(    0): Turbo EDCA =0x5ea42b
06-12 22:59:09.687 F/linker  (15536): CANNOT LINK EXECUTABLE "/system/bin/smartcable/smartCableSTBApp": library "libmosquitto.so" not found: needed by main executable
06-12 22:59:10.311 W/[ 2117.430490@0]  RTW(    0): fill_default_txdesc(wlan0): SP Packet(0x0806) rate=0x4 SeqNum = 3551
06-12 22:59:13.913 W/[ 2121.032642@0]  RTW(    0): Turbo EDCA =0xa42b
06-12 22:59:14.694 F/linker  (15551): CANNOT LINK EXECUTABLE "/system/bin/smartcable/smartCableSTBApp": library "libmosquitto.so" not found: needed by main executable
06-12 22:59:15.415 W/[ 2122.535607@0]  RTW(    0): fill_default_txdesc(wlan0): SP Packet(0x0806) rate=0x4 SeqNum = 3669
06-12 22:59:15.927 W/[ 2123.044656@1]  RTW(    0): Turbo EDCA =0x5ea42b
06-12 22:59:19.696 F/linker  (15560): CANNOT LINK EXECUTABLE "/system/bin/smartcable/smartCableSTBApp": library "libmosquitto.so" not found: needed by main executable
06-12 22:59:19.960 W/[ 2127.076668@1]  RTW(    0): fill_default_txdesc(wlan0): SP Packet(0x0806) rate=0x4 SeqNum = 3681
06-12 22:59:20.463 W/[ 2127.583265@1]  RTW(    0): fill_default_txdesc(wlan0): SP Packet(0x0806) rate=0x4 SeqNum = 3684
06-12 22:59:24.702 F/linker  (15574): CANNOT LINK EXECUTABLE "/system/bin/smartcable/smartCableSTBApp": library "libmosquitto.so" not found: needed by main executable
06-12 22:59:25.723 W/[ 2132.841130@0]  RTW(    0): fill_default_txdesc(wlan0): SP Packet(0x0806) rate=0x4 SeqNum = 3706
06-12 22:59:29.706 F/linker  (15590): CANNOT LINK EXECUTABLE "/system/bin/smartcable/smartCableSTBApp": library "libmosquitto.so" not found: needed by main executable
06-12 22:59:30.535 W/[ 2137.654051@1]  RTW(    0): fill_default_txdesc(wlan0): SP Packet(0x0806) rate=0x4 SeqNum = 3718
06-12 22:59:34.040 W/[ 2141.156592@1]  RTW(    0): fill_default_txdesc(wlan0): SP Packet(0x0806) rate=0x4 SeqNum = 3725
06-12 22:59:34.710 F/linker  (15600): CANNOT LINK EXECUTABLE "/system/bin/smartcable/smartCableSTBApp": library "libmosquitto.so" not found: needed by main executable
06-12 22:59:35.663 W/[ 2142.783115@1]  RTW(    0): fill_default_txdesc(wlan0): SP Packet(0x0806) rate=0x4 SeqNum = 3739
06-12 22:59:39.719 F/linker  (15613): CANNOT LINK EXECUTABLE "/system/bin/smartcable/smartCableSTBApp": library "libmosquitto.so" not found: needed by main executable
06-12 22:59:40.535 W/[ 2147.652823@0]  RTW(    0): fill_default_txdesc(wlan0): SP Packet(0x0806) rate=0x4 SeqNum = 3754
06-12 22:59:44.155 W/[ 2151.272743@1]  RTW(    0): Turbo EDCA =0xa42b
06-12 22:59:44.724 F/linker  (15629): CANNOT LINK EXECUTABLE "/system/bin/smartcable/smartCableSTBApp": library "libmosquitto.so" not found: needed by main executable
06-12 22:59:45.639 W/[ 2152.759998@0]  RTW(    0): fill_default_txdesc(wlan0): SP Packet(0x0806) rate=0x4 SeqNum = 4030
06-12 22:59:46.167 W/[ 2153.284591@1]  RTW(    0): Turbo EDCA =0x5ea42b
06-12 22:59:49.729 F/linker  (15642): CANNOT LINK EXECUTABLE "/system/bin/smartcable/smartCableSTBApp": library "libmosquitto.so" not found: needed by main executable
06-12 22:59:50.759 W/[ 2157.880136@0]  RTW(    0): fill_default_txdesc(wlan0): SP Packet(0x0806) rate=0x4 SeqNum = 4040
06-12 22:59:54.235 W/[ 2161.352657@1]  RTW(    0): Turbo EDCA =0xa42b
06-12 22:59:54.736 F/linker  (15653): CANNOT LINK EXECUTABLE "/system/bin/smartcable/smartCableSTBApp": library "libmosquitto.so" not found: needed by main executable
06-12 22:59:55.939 W/[ 2163.058513@0]  RTW(    0): fill_default_txdesc(wlan0): SP Packet(0x0806) rate=0x4 SeqNum = 153
06-12 22:59:56.247 W/[ 2163.364693@3]  RTW(    0): Turbo EDCA =0x5ea42b
06-12 22:59:59.735 F/linker  (15669): CANNOT LINK EXECUTABLE "/system/bin/smartcable/smartCableSTBApp": library "libmosquitto.so" not found: needed by main executable
06-12 23:00:00.994 W/[ 2168.113293@0]  RTW(    0): fill_default_txdesc(wlan0): SP Packet(0x0806) rate=0x4 SeqNum = 174
06-12 23:00:02.295 W/[ 2169.412592@1]  RTW(    0): Turbo EDCA =0xa42b
06-12 23:00:02.455 W/[ 2169.572610@0]  RTW(    0): fill_default_txdesc(wlan0): SP Packet(0x0806) rate=0x4 SeqNum = 180
06-12 23:00:03.923 W/[ 2171.041713@0]  audit(    0): audit_lost=2160 audit_rate_limit=5 audit_backlog_limit=64
06-12 23:00:03.923 E/[ 2171.041724@0]  audit(    0): rate limit exceeded
06-12 23:00:04.742 F/linker  (15680): CANNOT LINK EXECUTABLE "/system/bin/smartcable/smartCableSTBApp": library "libmosquitto.so" not found: needed by main executable
06-12 23:00:05.063 W/[ 2172.181512@1]  audit(    0): audit_lost=2278 audit_rate_limit=5 audit_backlog_limit=64
06-12 23:00:05.063 E/[ 2172.181522@1]  audit(    0): rate limit exceeded
06-12 23:00:06.087 W/[ 2173.205289@0]  RTW(    0): fill_default_txdesc(wlan0): SP Packet(0x0806) rate=0x4 SeqNum = 195
06-12 23:00:06.327 W/[ 2173.444596@0]  RTW(    0): Turbo EDCA =0x5ea42b
06-12 23:00:09.750 F/linker  (15695): CANNOT LINK EXECUTABLE "/system/bin/smartcable/smartCableSTBApp": library "libmosquitto.so" not found: needed by main executable
06-12 23:00:11.155 W/[ 2178.273988@0]  RTW(    0): fill_default_txdesc(wlan0): SP Packet(0x0806) rate=0x4 SeqNum = 244
06-12 23:00:14.753 F/linker  (15736): CANNOT LINK EXECUTABLE "/system/bin/smartcable/smartCableSTBApp": library "libmosquitto.so" not found: needed by main executable
06-12 23:00:15.083 W/[ 2182.203438@3]  RTW(    0): cfg80211_rtw_scan(wlan0)
06-12 23:00:15.083 W/[ 2182.203458@3]  RTW(    0): cfg80211_rtw_scan (wlan0) tx:1, rx:1, bi:2 kbps, disallow(0)
06-12 23:00:15.087 W/[ 2182.207140@2]  RTW(    0): [HW_VAR_CHECK_TXBUF] Empty in 0 ms
06-12 23:00:15.087 W/[ 2182.207295@2]  RTW(    0): wlan0 sleep m0=0x00000003, ori reg_0x4d4=0x00000000
06-12 23:00:15.775 W/[ 2182.892640@2]  RTW(    0): LeaveAllPowerSaveModeDirect.....
06-12 23:00:15.775 W/[ 2182.892654@2]  RTW(    0): LeaveAllPowerSaveModeDirect: Driver Already Leave LPS
06-12 23:00:15.775 W/[ 2182.892661@2]  RTW(    0): rtw_hal_set_macaddr_port wlan0- hw port(0) mac_addr =a8:71:16:66:28:c6
06-12 23:00:15.775 W/[ 2182.892780@2]  RTW(    0): wlan0- hw port(0) mac_addr =a8:71:16:66:28:c6
06-12 23:00:15.775 W/[ 2182.892831@2]  RTW(    0): p2p0- hw port(1) mac_addr =aa:71:16:66:28:c6
06-12 23:00:15.775 W/[ 2182.896052@2]  RTW(    0): wlan0 wakeup m0=0x00000003, ori reg_0x4d4=0x00000003
06-12 23:00:15.780 W/[ 2182.897003@0]  RTW(    0): survey done event(40) band:0 for wlan0
06-12 23:00:15.780 W/        (    0): [ 2182.897026@0]  ========== ACS (VER-3) ==========
06-12 23:00:15.780 W/        (    0): [ 2182.897034@0]  Best 24G Channel:3
06-12 23:00:15.780 W/        (    0): [ 2182.897058@0]  Best 5G Channel:40
06-12 23:00:15.780 W/        (    0): [ 2182.897058@0]
06-12 23:00:15.780 W/[ 2182.897288@0]  RTW(    0): rtw_indicate_scan_done(wlan0)
06-12 23:00:15.780 W/[ 2182.897528@0]  RTW(    0): fill_default_txdesc(wlan0): SP Packet(0x0806) rate=0x4 SeqNum = 256
06-12 23:00:19.761 F/linker  (15809): CANNOT LINK EXECUTABLE "/system/bin/smartcable/smartCableSTBApp": library "libmosquitto.so" not found: needed by main executable
06-12 23:00:20.567 W/[ 2187.688345@1]  RTW(    0): fill_default_txdesc(wlan0): SP Packet(0x0806) rate=0x4 SeqNum = 276
06-12 23:00:21.145 W/[ 2188.260610@1]  RTW(    0): fill_default_txdesc(wlan0): SP Packet(0x0806) rate=0x4 SeqNum = 278
06-12 23:00:24.767 F/linker  (15861): CANNOT LINK EXECUTABLE "/system/bin/smartcable/smartCableSTBApp": library "libmosquitto.so" not found: needed by main executable
06-12 23:00:25.348 W/[ 2192.465127@0]  RTW(    0): fill_default_txdesc(wlan0): SP Packet(0x0806) rate=0x4 SeqNum = 310
06-12 23:00:29.770 F/linker  (15937): CANNOT LINK EXECUTABLE "/system/bin/smartcable/smartCableSTBApp": library "libmosquitto.so" not found: needed by main executable
06-12 23:00:30.463 W/[ 2197.580649@0]  RTW(    0): fill_default_txdesc(wlan0): SP Packet(0x0806) rate=0x4 SeqNum = 330
06-12 23:00:34.780 F/linker  (15987): CANNOT LINK EXECUTABLE "/system/bin/smartcable/smartCableSTBApp": library "libmosquitto.so" not found: needed by main executable
06-12 23:00:35.575 W/[ 2202.692715@0]  RTW(    0): fill_default_txdesc(wlan0): SP Packet(0x0806) rate=0x4 SeqNum = 345
06-12 23:00:39.786 F/linker  (16002): CANNOT LINK EXECUTABLE "/system/bin/smartcable/smartCableSTBApp": library "libmosquitto.so" not found: needed by main executable
06-12 23:00:40.247 W/[ 2207.368074@0]  RTW(    0): fill_default_txdesc(wlan0): SP Packet(0x0806) rate=0x4 SeqNum = 355
06-12 23:00:44.789 F/linker  (16015): CANNOT LINK EXECUTABLE "/system/bin/smartcable/smartCableSTBApp": library "libmosquitto.so" not found: needed by main executable
06-12 23:00:45.505 W/[ 2212.626289@0]  RTW(    0): fill_default_txdesc(wlan0): SP Packet(0x0806) rate=0x4 SeqNum = 395
06-12 23:00:49.795 F/linker  (16025): CANNOT LINK EXECUTABLE "/system/bin/smartcable/smartCableSTBApp": library "libmosquitto.so" not found: needed by main executable
06-12 23:00:50.231 W/[ 2217.348811@0]  RTW(    0): fill_default_txdesc(wlan0): SP Packet(0x0806) rate=0x4 SeqNum = 415
06-12 23:00:54.711 W/[ 2221.828710@2]  RTW(    0): Turbo EDCA =0xa42b
06-12 23:00:54.800 F/linker  (16038): CANNOT LINK EXECUTABLE "/system/bin/smartcable/smartCableSTBApp": library "libmosquitto.so" not found: needed by main executable
06-12 23:00:55.871 W/[ 2222.992092@1]  RTW(    0): fill_default_txdesc(wlan0): SP Packet(0x0806) rate=0x4 SeqNum = 521
06-12 23:00:58.743 W/[ 2225.860662@3]  RTW(    0): Turbo EDCA =0x5ea42b
06-12 23:00:59.813 F/linker  (16053): CANNOT LINK EXECUTABLE "/system/bin/smartcable/smartCableSTBApp": library "libmosquitto.so" not found: needed by main executable
06-12 23:01:00.899 W/[ 2228.016774@1]  RTW(    0): fill_default_txdesc(wlan0): SP Packet(0x0806) rate=0x4 SeqNum = 535
06-12 23:01:04.791 W/[ 2231.908764@0]  RTW(    0): Turbo EDCA =0xa42b
06-12 23:01:04.818 F/linker  (16068): CANNOT LINK EXECUTABLE "/system/bin/smartcable/smartCableSTBApp": library "libmosquitto.so" not found: needed by main executable
06-12 23:01:05.644 W/[ 2232.765940@1]  RTW(    0): fill_default_txdesc(wlan0): SP Packet(0x0806) rate=0x4 SeqNum = 566
06-12 23:01:06.351 W/[ 2233.471005@1]  RTW(    0): fill_default_txdesc(wlan0): SP Packet(0x0806) rate=0x4 SeqNum = 568
06-12 23:01:06.455 W/[ 2233.572563@1]  RTW(    0): fill_default_txdesc(wlan0): SP Packet(0x0806) rate=0x4 SeqNum = 569
06-12 23:01:06.809 W/[ 2233.928603@3]  RTW(    0): Turbo EDCA =0x5ea42b
06-12 23:01:07.479 W/[ 2234.596599@1]  RTW(    0): fill_default_txdesc(wlan0): SP Packet(0x0806) rate=0x4 SeqNum = 612
06-12 23:01:07.599 W/[ 2234.720294@1]  RTW(    0): fill_default_txdesc(wlan0): SP Packet(0x0806) rate=0x4 SeqNum = 613
06-12 23:01:09.822 F/linker  (16079): CANNOT LINK EXECUTABLE "/system/bin/smartcable/smartCableSTBApp": library "libmosquitto.so" not found: needed by main executable
06-12 23:01:11.161 W/[ 2238.282223@1]  RTW(    0): fill_default_txdesc(wlan0): SP Packet(0x0806) rate=0x4 SeqNum = 626
06-12 23:01:14.826 F/linker  (16092): CANNOT LINK EXECUTABLE "/system/bin/smartcable/smartCableSTBApp": library "libmosquitto.so" not found: needed by main executable
06-12 23:01:16.035 W/[ 2243.155797@1]  RTW(    0): fill_default_txdesc(wlan0): SP Packet(0x0806) rate=0x4 SeqNum = 653
06-12 23:01:18.303 W/[ 2245.423952@0]  RTW(    0): cfg80211_rtw_set_power_mgmt(wlan0) enabled:0, timeout:-1
06-12 23:01:19.479 W/[ 2246.598175@3]  RTW(    0): cfg80211_rtw_set_power_mgmt(wlan0) enabled:1, timeout:-1
06-12 23:01:19.495 W/[ 2246.613897@2]  RTW(    0): cfg80211_rtw_set_power_mgmt(wlan0) enabled:0, timeout:-1
06-12 23:01:19.799 W/[ 2246.918444@2]  RTW(    0): cfg80211_rtw_set_power_mgmt(wlan0) enabled:1, timeout:-1
06-12 23:01:19.827 W/[ 2246.945486@3]  RTW(    0): cfg80211_rtw_set_power_mgmt(wlan0) enabled:0, timeout:-1
06-12 23:01:19.836 F/linker  (16106): CANNOT LINK EXECUTABLE "/system/bin/smartcable/smartCableSTBApp": library "libmosquitto.so" not found: needed by main executable
06-12 23:01:20.131 W/[ 2247.251287@3]  RTW(    0): cfg80211_rtw_set_power_mgmt(wlan0) enabled:1, timeout:-1
06-12 23:01:20.151 W/[ 2247.268767@0]  RTW(    0): cfg80211_rtw_set_power_mgmt(wlan0) enabled:0, timeout:-1
06-12 23:01:20.315 W/[ 2247.433973@0]  RTW(    0): fill_default_txdesc(wlan0): SP Packet(0x0806) rate=0x4 SeqNum = 696
06-12 23:01:20.443 W/[ 2247.564302@1]  RTW(    0): cfg80211_rtw_set_power_mgmt(wlan0) enabled:1, timeout:-1
06-12 23:01:20.459 W/[ 2247.579042@1]  RTW(    0): cfg80211_rtw_set_power_mgmt(wlan0) enabled:0, timeout:-1
06-12 23:01:20.767 W/[ 2247.887641@0]  RTW(    0): cfg80211_rtw_set_power_mgmt(wlan0) enabled:1, timeout:-1
06-12 23:01:24.839 F/linker  (16120): CANNOT LINK EXECUTABLE "/system/bin/smartcable/smartCableSTBApp": library "libmosquitto.so" not found: needed by main executable
06-12 23:01:24.959 W/[ 2252.076564@0]  RTW(    0): Turbo EDCA =0xa42b
06-12 23:01:25.399 W/[ 2252.518617@1]  RTW(    0): fill_default_txdesc(wlan0): SP Packet(0x0806) rate=0x4 SeqNum = 928
06-12 23:01:26.963 W/[ 2254.084703@3]  RTW(    0): Turbo EDCA =0x5ea42b
06-12 23:01:29.849 F/linker  (16145): CANNOT LINK EXECUTABLE "/system/bin/smartcable/smartCableSTBApp": library "libmosquitto.so" not found: needed by main executable
06-12 23:01:30.455 W/[ 2257.572962@1]  RTW(    0): fill_default_txdesc(wlan0): SP Packet(0x0806) rate=0x4 SeqNum = 951
06-12 23:01:34.857 F/linker  (16154): CANNOT LINK EXECUTABLE "/system/bin/smartcable/smartCableSTBApp": library "libmosquitto.so" not found: needed by main executable
06-12 23:01:35.523 W/[ 2262.643784@2]  RTW(    0): fill_default_txdesc(wlan0): SP Packet(0x0806) rate=0x4 SeqNum = 983
06-12 23:01:39.861 F/linker  (16170): CANNOT LINK EXECUTABLE "/system/bin/smartcable/smartCableSTBApp": library "libmosquitto.so" not found: needed by main executable
06-12 23:01:40.619 W/[ 2267.738076@2]  RTW(    0): fill_default_txdesc(wlan0): SP Packet(0x0806) rate=0x4 SeqNum = 1005
06-12 23:01:44.869 F/linker  (16182): CANNOT LINK EXECUTABLE "/system/bin/smartcable/smartCableSTBApp": library "libmosquitto.so" not found: needed by main executable
06-12 23:01:45.715 W/[ 2272.836364@1]  RTW(    0): fill_default_txdesc(wlan0): SP Packet(0x0806) rate=0x4 SeqNum = 1082
06-12 23:01:47.159 W/[ 2274.276577@1]  RTW(    0): fill_default_txdesc(wlan0): SP Packet(0x0806) rate=0x4 SeqNum = 1102
06-12 23:01:49.331 W/[ 2276.451141@1]  RTW(    0): fill_default_txdesc(wlan0): SP Packet(0x0806) rate=0x4 SeqNum = 1108
06-12 23:01:49.359 W/[ 2276.479329@1]  RTW(    0): fill_default_txdesc(wlan0): SP Packet(0x0806) rate=0x4 SeqNum = 1109
06-12 23:01:49.463 W/[ 2276.580621@0]  RTW(    0): fill_default_txdesc(wlan0): SP Packet(0x0806) rate=0x4 SeqNum = 1111
06-12 23:01:49.463 W/[ 2276.580641@0]  RTW(    0): fill_default_txdesc(wlan0): SP Packet(0x0806) rate=0x4 SeqNum = 1110
06-12 23:01:49.870 F/linker  (16197): CANNOT LINK EXECUTABLE "/system/bin/smartcable/smartCableSTBApp": library "libmosquitto.so" not found: needed by main executable
06-12 23:01:50.815 W/[ 2277.934288@0]  RTW(    0): fill_default_txdesc(wlan0): SP Packet(0x0806) rate=0x4 SeqNum = 1118
06-12 23:01:54.879 F/linker  (16208): CANNOT LINK EXECUTABLE "/system/bin/smartcable/smartCableSTBApp": library "libmosquitto.so" not found: needed by main executable
06-12 23:01:55.192 W/[ 2282.308658@2]  RTW(    0): Turbo EDCA =0xa42b
06-12 23:01:55.915 W/[ 2283.034634@1]  RTW(    0): fill_default_txdesc(wlan0): SP Packet(0x0806) rate=0x4 SeqNum = 1311
06-12 23:01:57.207 W/[ 2284.324625@1]  RTW(    0): Turbo EDCA =0x5ea42b
06-12 23:01:59.891 F/linker  (16223): CANNOT LINK EXECUTABLE "/system/bin/smartcable/smartCableSTBApp": library "libmosquitto.so" not found: needed by main executable
06-12 23:02:01.003 W/[ 2288.123684@1]  RTW(    0): fill_default_txdesc(wlan0): SP Packet(0x0806) rate=0x4 SeqNum = 1325
06-12 23:02:03.255 W/[ 2290.372590@2]  RTW(    0): Turbo EDCA =0xa42b
06-12 23:02:04.893 F/linker  (16301): CANNOT LINK EXECUTABLE "/system/bin/smartcable/smartCableSTBApp": library "libmosquitto.so" not found: needed by main executable
06-12 23:02:05.143 W/[ 2292.263858@2]  audit(    0): audit_lost=2287 audit_rate_limit=5 audit_backlog_limit=64
06-12 23:02:05.143 E/[ 2292.263865@2]  audit(    0): rate limit exceeded
06-12 23:02:05.271 W/[ 2292.388658@1]  RTW(    0): Turbo EDCA =0x5ea42b
06-12 23:02:06.015 W/[ 2293.132758@1]  RTW(    0): fill_default_txdesc(wlan0): SP Packet(0x0806) rate=0x4 SeqNum = 1342
06-12 23:02:06.371 W/[ 2293.490821@0]  audit(    0): audit_lost=2405 audit_rate_limit=5 audit_backlog_limit=64
06-12 23:02:06.371 E/[ 2293.490832@0]  audit(    0): rate limit exceeded
06-12 23:02:09.901 F/linker  (16318): CANNOT LINK EXECUTABLE "/system/bin/smartcable/smartCableSTBApp": library "libmosquitto.so" not found: needed by main executable
06-12 23:02:10.855 W/[ 2297.972448@0]  RTW(    0): fill_default_txdesc(wlan0): SP Packet(0x0806) rate=0x4 SeqNum = 1396
06-12 23:02:14.908 F/linker  (16327): CANNOT LINK EXECUTABLE "/system/bin/smartcable/smartCableSTBApp": library "libmosquitto.so" not found: needed by main executable
06-12 23:02:15.523 W/[ 2302.643267@0]  RTW(    0): fill_default_txdesc(wlan0): SP Packet(0x0806) rate=0x4 SeqNum = 1414
06-12 23:02:19.908 F/linker  (16336): CANNOT LINK EXECUTABLE "/system/bin/smartcable/smartCableSTBApp": library "libmosquitto.so" not found: needed by main executable
06-12 23:02:20.263 W/[ 2307.383772@1]  RTW(    0): fill_default_txdesc(wlan0): SP Packet(0x0806) rate=0x4 SeqNum = 1431
06-12 23:02:21.207 W/[ 2308.324632@1]  RTW(    0): fill_default_txdesc(wlan0): SP Packet(0x0806) rate=0x4 SeqNum = 1439
06-12 23:02:24.915 F/linker  (16349): CANNOT LINK EXECUTABLE "/system/bin/smartcable/smartCableSTBApp": library "libmosquitto.so" not found: needed by main executable
06-12 23:02:25.259 W/[ 2312.376624@2]  RTW(    0): fill_default_txdesc(wlan0): SP Packet(0x0806) rate=0x4 SeqNum = 1448
06-12 23:02:29.925 F/linker  (16365): CANNOT LINK EXECUTABLE "/system/bin/smartcable/smartCableSTBApp": library "libmosquitto.so" not found: needed by main executable
06-12 23:02:30.383 W/[ 2317.503823@1]  RTW(    0): fill_default_txdesc(wlan0): SP Packet(0x0806) rate=0x4 SeqNum = 1473
06-12 23:02:34.928 F/linker  (16380): CANNOT LINK EXECUTABLE "/system/bin/smartcable/smartCableSTBApp": library "libmosquitto.so" not found: needed by main executable
06-12 23:02:35.443 W/[ 2322.562128@1]  RTW(    0): fill_default_txdesc(wlan0): SP Packet(0x0806) rate=0x4 SeqNum = 1483
06-12 23:02:39.934 F/linker  (16390): CANNOT LINK EXECUTABLE "/system/bin/smartcable/smartCableSTBApp": library "libmosquitto.so" not found: needed by main executable
06-12 23:02:40.503 W/[ 2327.623730@1]  RTW(    0): fill_default_txdesc(wlan0): SP Packet(0x0806) rate=0x4 SeqNum = 1503
06-12 23:02:44.940 F/linker  (16404): CANNOT LINK EXECUTABLE "/system/bin/smartcable/smartCableSTBApp": library "libmosquitto.so" not found: needed by main executable
06-12 23:02:45.255 W/[ 2332.375838@2]  RTW(    0): fill_default_txdesc(wlan0): SP Packet(0x0806) rate=0x4 SeqNum = 1559
06-12 23:02:47.319 W/[ 2334.436660@2]  RTW(    0): fill_default_txdesc(wlan0): SP Packet(0x0806) rate=0x4 SeqNum = 1567
06-12 23:02:49.945 F/linker  (16413): CANNOT LINK EXECUTABLE "/system/bin/smartcable/smartCableSTBApp": library "libmosquitto.so" not found: needed by main executable
06-12 23:02:50.291 W/[ 2337.411100@2]  RTW(    0): fill_default_txdesc(wlan0): SP Packet(0x0806) rate=0x4 SeqNum = 1573
06-12 23:02:54.956 F/linker  (16426): CANNOT LINK EXECUTABLE "/system/bin/smartcable/smartCableSTBApp": library "libmosquitto.so" not found: needed by main executable
06-12 23:02:55.331 W/[ 2342.449280@0]  RTW(    0): fill_default_txdesc(wlan0): SP Packet(0x0806) rate=0x4 SeqNum = 1584
06-12 23:02:55.671 W/[ 2342.788576@3]  RTW(    0): Turbo EDCA =0xa42b
06-12 23:02:58.131 E/[ 2345.251075@1]  selinux(    0): SELinux:  Could not stat /sys/kernel/dmabuf/buffers/590270/attachments: No such file or directory.
06-12 23:02:58.131 E/[ 2345.251095@1]  selinux(    0):  
06-12 23:02:58.151 E/[ 2345.271136@1]  selinux(    0): SELinux: Could not get canonical path for /sys/kernel/dmabuf/buffers/590277/attachments restorecon: No such file or directory.
06-12 23:02:58.151 E/[ 2345.271152@1]  selinux(    0):  
06-12 23:02:58.151 E/[ 2345.271283@1]  ueventd(    0): selinux_android_restorecon(/sys/kernel/dmabuf/buffers/590277/attachments) failed: No such file or directory
06-12 23:02:59.703 W/[ 2346.820817@2]  RTW(    0): Turbo EDCA =0x5ea42b
06-12 23:02:59.956 F/linker  (16440): CANNOT LINK EXECUTABLE "/system/bin/smartcable/smartCableSTBApp": library "libmosquitto.so" not found: needed by main executable
06-12 23:03:00.391 W/[ 2347.511689@0]  RTW(    0): fill_default_txdesc(wlan0): SP Packet(0x0806) rate=0x4 SeqNum = 1927
06-12 23:03:00.887 W/[ 2348.004631@0]  RTW(    0): fill_default_txdesc(wlan0): SP Packet(0x0806) rate=0x4 SeqNum = 1929
06-12 23:03:01.719 W/[ 2348.836799@2]  RTW(    0): Turbo EDCA =0xa42b
06-12 23:03:03.015 W/[ 2350.135120@2]  RTW(    0): cfg80211_rtw_scan(wlan0)
06-12 23:03:03.016 W/[ 2350.135144@2]  RTW(    0): cfg80211_rtw_scan (wlan0) tx:4, rx:20, bi:24 kbps, disallow(0)
06-12 23:03:03.023 W/[ 2350.140716@0]  RTW(    0): [HW_VAR_CHECK_TXBUF] Empty in 4 ms
06-12 23:03:03.023 W/[ 2350.140830@0]  RTW(    0): wlan0 sleep m0=0x00000003, ori reg_0x4d4=0x00000000
06-12 23:03:03.711 W/[ 2350.828712@3]  RTW(    0): LeaveAllPowerSaveModeDirect.....
06-12 23:03:03.711 W/[ 2350.828729@3]  RTW(    0): LeaveAllPowerSaveModeDirect: Driver Already Leave LPS
06-12 23:03:03.711 W/[ 2350.828740@3]  RTW(    0): rtw_hal_set_macaddr_port wlan0- hw port(0) mac_addr =a8:71:16:66:28:c6
06-12 23:03:03.711 W/[ 2350.828915@3]  RTW(    0): wlan0- hw port(0) mac_addr =a8:71:16:66:28:c6
06-12 23:03:03.711 W/[ 2350.828993@3]  RTW(    0): p2p0- hw port(1) mac_addr =aa:71:16:66:28:c6
06-12 23:03:03.716 W/[ 2350.834152@3]  RTW(    0): wlan0 wakeup m0=0x00000003, ori reg_0x4d4=0x00000003
06-12 23:03:03.716 W/[ 2350.835494@3]  RTW(    0): survey done event(39) band:0 for wlan0
06-12 23:03:03.716 W/        (    0): [ 2350.835508@3]  ========== ACS (VER-3) ==========
06-12 23:03:03.716 W/        (    0): [ 2350.835512@3]  Best 24G Channel:3
06-12 23:03:03.716 W/        (    0): [ 2350.835517@3]  Best 5G Channel:40
06-12 23:03:03.716 W/        (    0): [ 2350.835517@3]
06-12 23:03:03.716 W/[ 2350.835604@3]  RTW(    0): rtw_indicate_scan_done(wlan0)
06-12 23:03:04.965 F/linker  (16466): CANNOT LINK EXECUTABLE "/system/bin/smartcable/smartCableSTBApp": library "libmosquitto.so" not found: needed by main executable
06-12 23:03:05.751 W/[ 2352.868589@2]  RTW(    0): Turbo EDCA =0x5ea42b
06-12 23:03:05.843 W/[ 2352.963048@0]  RTW(    0): fill_default_txdesc(wlan0): SP Packet(0x0806) rate=0x4 SeqNum = 1960
06-12 23:03:09.969 F/linker  (16478): CANNOT LINK EXECUTABLE "/system/bin/smartcable/smartCableSTBApp": library "libmosquitto.so" not found: needed by main executable
06-12 23:03:10.899 W/[ 2358.018902@0]  RTW(    0): fill_default_txdesc(wlan0): SP Packet(0x0806) rate=0x4 SeqNum = 2007
06-12 23:03:14.974 F/linker  (16487): CANNOT LINK EXECUTABLE "/system/bin/smartcable/smartCableSTBApp": library "libmosquitto.so" not found: needed by main executable
06-12 23:03:15.967 W/[ 2363.084773@1]  RTW(    0): fill_default_txdesc(wlan0): SP Packet(0x0806) rate=0x4 SeqNum = 2025
06-12 23:03:19.979 F/linker  (16508): CANNOT LINK EXECUTABLE "/system/bin/smartcable/smartCableSTBApp": library "libmosquitto.so" not found: needed by main executable
06-12 23:03:20.519 W/[ 2367.639152@0]  RTW(    0): fill_default_txdesc(wlan0): SP Packet(0x0806) rate=0x4 SeqNum = 2049
06-12 23:03:24.183 W/[ 2371.300617@1]  RTW(    0): fill_default_txdesc(wlan0): SP Packet(0x0806) rate=0x4 SeqNum = 2058
06-12 23:03:24.986 F/linker  (16517): CANNOT LINK EXECUTABLE "/system/bin/smartcable/smartCableSTBApp": library "libmosquitto.so" not found: needed by main executable
06-12 23:03:26.143 W/[ 2373.263358@3]  RTW(    0): fill_default_txdesc(wlan0): SP Packet(0x0806) rate=0x4 SeqNum = 2161
06-12 23:03:27.927 W/[ 2375.044694@3]  RTW(    0): Turbo EDCA =0xa42b
06-12 23:03:29.943 W/[ 2377.060611@1]  RTW(    0): Turbo EDCA =0x5ea42b
06-12 23:03:29.992 F/linker  (16538): CANNOT LINK EXECUTABLE "/system/bin/smartcable/smartCableSTBApp": library "libmosquitto.so" not found: needed by main executable
06-12 23:03:31.207 W/[ 2378.325187@3]  RTW(    0): fill_default_txdesc(wlan0): SP Packet(0x0806) rate=0x4 SeqNum = 2302
06-12 23:03:31.959 W/[ 2379.076732@3]  RTW(    0): Turbo EDCA =0xa42b
06-12 23:03:33.973 W/[ 2381.092593@3]  RTW(    0): Turbo EDCA =0x5ea42b
06-12 23:03:34.997 F/linker  (16549): CANNOT LINK EXECUTABLE "/system/bin/smartcable/smartCableSTBApp": library "libmosquitto.so" not found: needed by main executable
06-12 23:03:36.251 W/[ 2383.369007@3]  RTW(    0): fill_default_txdesc(wlan0): SP Packet(0x0806) rate=0x4 SeqNum = 2318
06-12 23:03:40.009 F/linker  (16563): CANNOT LINK EXECUTABLE "/system/bin/smartcable/smartCableSTBApp": library "libmosquitto.so" not found: needed by main executable
06-12 23:03:41.231 W/[ 2388.351417@3]  RTW(    0): fill_default_txdesc(wlan0): SP Packet(0x0806) rate=0x4 SeqNum = 2360
06-12 23:03:45.012 F/linker  (16572): CANNOT LINK EXECUTABLE "/system/bin/smartcable/smartCableSTBApp": library "libmosquitto.so" not found: needed by main executable
06-12 23:03:46.663 W/[ 2393.782296@0]  RTW(    0): fill_default_txdesc(wlan0): SP Packet(0x0806) rate=0x4 SeqNum = 2400
06-12 23:03:50.016 F/linker  (16585): CANNOT LINK EXECUTABLE "/system/bin/smartcable/smartCableSTBApp": library "libmosquitto.so" not found: needed by main executable
06-12 23:03:51.475 W/[ 2398.594291@0]  RTW(    0): fill_default_txdesc(wlan0): SP Packet(0x0806) rate=0x4 SeqNum = 2422
06-12 23:03:55.021 F/linker  (16596): CANNOT LINK EXECUTABLE "/system/bin/smartcable/smartCableSTBApp": library "libmosquitto.so" not found: needed by main executable
06-12 23:03:56.151 W/[ 2403.268601@0]  RTW(    0): Turbo EDCA =0xa42b
06-12 23:03:56.515 W/[ 2403.629807@3]  RTW(    0): fill_default_txdesc(wlan0): SP Packet(0x0806) rate=0x4 SeqNum = 2744
06-12 23:04:00.029 F/linker  (16621): CANNOT LINK EXECUTABLE "/system/bin/smartcable/smartCableSTBApp": library "libmosquitto.so" not found: needed by main executable
06-12 23:04:00.183 W/[ 2407.300668@1]  RTW(    0): Turbo EDCA =0x5ea42b
06-12 23:04:01.303 W/[ 2408.422955@3]  RTW(    0): fill_default_txdesc(wlan0): SP Packet(0x0806) rate=0x4 SeqNum = 2755
06-12 23:04:01.560 W/[ 2408.676558@3]  RTW(    0): fill_default_txdesc(wlan0): SP Packet(0x0806) rate=0x4 SeqNum = 2758
06-12 23:04:04.215 W/[ 2411.332637@3]  RTW(    0): Turbo EDCA =0xa42b
06-12 23:04:05.034 F/linker  (16633): CANNOT LINK EXECUTABLE "/system/bin/smartcable/smartCableSTBApp": library "libmosquitto.so" not found: needed by main executable
06-12 23:04:05.235 W/[ 2412.353052@0]  audit(    0): audit_lost=2416 audit_rate_limit=5 audit_backlog_limit=64
06-12 23:04:05.235 E/[ 2412.353065@0]  audit(    0): rate limit exceeded
06-12 23:04:06.231 W/[ 2413.348622@2]  RTW(    0): Turbo EDCA =0x5ea42b
06-12 23:04:06.367 W/[ 2413.484875@3]  audit(    0): audit_lost=2534 audit_rate_limit=5 audit_backlog_limit=64
06-12 23:04:06.367 E/[ 2413.484885@3]  audit(    0): rate limit exceeded
06-12 23:04:06.755 W/[ 2413.875469@2]  RTW(    0): fill_default_txdesc(wlan0): SP Packet(0x0806) rate=0x4 SeqNum = 2788
06-12 23:04:10.046 F/linker  (16646): CANNOT LINK EXECUTABLE "/system/bin/smartcable/smartCableSTBApp": library "libmosquitto.so" not found: needed by main executable
06-12 23:04:11.275 W/[ 2418.392687@2]  RTW(    0): fill_default_txdesc(wlan0): SP Packet(0x0806) rate=0x4 SeqNum = 2841
06-12 23:04:15.045 F/linker  (16670): CANNOT LINK EXECUTABLE "/system/bin/smartcable/smartCableSTBApp": library "libmosquitto.so" not found: needed by main executable
06-12 23:04:16.467 W/[ 2423.587635@3]  RTW(    0): fill_default_txdesc(wlan0): SP Packet(0x0806) rate=0x4 SeqNum = 2874
06-12 23:04:20.056 F/linker  (16730): CANNOT LINK EXECUTABLE "/system/bin/smartcable/smartCableSTBApp": library "libmosquitto.so" not found: needed by main executable
06-12 23:04:21.303 W/[ 2428.422093@1]  RTW(    0): fill_default_txdesc(wlan0): SP Packet(0x0806) rate=0x4 SeqNum = 2888
06-12 23:04:21.527 W/[ 2428.644610@1]  RTW(    0): fill_default_txdesc(wlan0): SP Packet(0x0806) rate=0x4 SeqNum = 2890
06-12 23:04:25.058 F/linker  (16798): CANNOT LINK EXECUTABLE "/system/bin/smartcable/smartCableSTBApp": library "libmosquitto.so" not found: needed by main executable
06-12 23:04:26.323 W/[ 2433.443691@2]  RTW(    0): fill_default_txdesc(wlan0): SP Packet(0x0806) rate=0x4 SeqNum = 3170
06-12 23:04:26.391 W/[ 2433.508630@2]  RTW(    0): Turbo EDCA =0xa42b
06-12 23:04:28.407 W/[ 2435.524596@0]  RTW(    0): Turbo EDCA =0x5ea42b
06-12 23:04:30.061 F/linker  (16854): CANNOT LINK EXECUTABLE "/system/bin/smartcable/smartCableSTBApp": library "libmosquitto.so" not found: needed by main executable
06-12 23:04:31.515 W/[ 2438.634470@0]  RTW(    0): fill_default_txdesc(wlan0): SP Packet(0x0806) rate=0x4 SeqNum = 3288
06-12 23:04:32.439 W/[ 2439.556717@1]  RTW(    0): Turbo EDCA =0xa42b
06-12 23:04:35.067 F/linker  (16929): CANNOT LINK EXECUTABLE "/system/bin/smartcable/smartCableSTBApp": library "libmosquitto.so" not found: needed by main executable
06-12 23:04:36.207 W/[ 2443.327579@1]  RTW(    0): fill_default_txdesc(wlan0): SP Packet(0x0806) rate=0x4 SeqNum = 3379
06-12 23:04:36.471 W/[ 2443.588665@3]  RTW(    0): Turbo EDCA =0x5ea42b
06-12 23:04:38.487 W/[ 2445.604758@0]  RTW(    0): Turbo EDCA =0xa42b
06-12 23:04:40.073 F/linker  (16970): CANNOT LINK EXECUTABLE "/system/bin/smartcable/smartCableSTBApp": library "libmosquitto.so" not found: needed by main executable
06-12 23:04:41.287 W/[ 2448.407477@2]  RTW(    0): fill_default_txdesc(wlan0): SP Packet(0x0806) rate=0x4 SeqNum = 3555
06-12 23:04:42.519 W/[ 2449.636813@1]  RTW(    0): Turbo EDCA =0x5ea42b
06-12 23:04:44.535 W/[ 2451.652767@2]  RTW(    0): Turbo EDCA =0xa42b
06-12 23:04:45.077 F/linker  (16992): CANNOT LINK EXECUTABLE "/system/bin/smartcable/smartCableSTBApp": library "libmosquitto.so" not found: needed by main executable
06-12 23:04:46.399 W/[ 2453.517688@3]  RTW(    0): fill_default_txdesc(wlan0): SP Packet(0x0806) rate=0x4 SeqNum = 3767
06-12 23:04:48.567 W/[ 2455.684604@3]  RTW(    0): Turbo EDCA =0x5ea42b
06-12 23:04:50.082 F/linker  (17010): CANNOT LINK EXECUTABLE "/system/bin/smartcable/smartCableSTBApp": library "libmosquitto.so" not found: needed by main executable
06-12 23:04:51.375 W/[ 2458.493771@0]  RTW(    0): fill_default_txdesc(wlan0): SP Packet(0x0806) rate=0x4 SeqNum = 3779
06-12 23:04:52.599 W/[ 2459.716637@3]  RTW(    0): Turbo EDCA =0xa42b
06-12 23:04:54.615 W/[ 2461.732589@1]  RTW(    0): Turbo EDCA =0x5ea42b
06-12 23:04:55.090 F/linker  (17030): CANNOT LINK EXECUTABLE "/system/bin/smartcable/smartCableSTBApp": library "libmosquitto.so" not found: needed by main executable
06-12 23:04:56.703 W/[ 2463.822017@1]  RTW(    0): fill_default_txdesc(wlan0): SP Packet(0x0806) rate=0x4 SeqNum = 3886
06-12 23:05:00.096 F/linker  (17042): CANNOT LINK EXECUTABLE "/system/bin/smartcable/smartCableSTBApp": library "libmosquitto.so" not found: needed by main executable
06-12 23:05:01.511 W/[ 2468.630909@0]  RTW(    0): fill_default_txdesc(wlan0): SP Packet(0x0806) rate=0x4 SeqNum = 3898
06-12 23:05:02.679 W/[ 2469.796602@3]  RTW(    0): Turbo EDCA =0xa42b
06-12 23:05:02.999 W/[ 2470.116544@0]  RTW(    0): fill_default_txdesc(wlan0): SP Packet(0x0806) rate=0x4 SeqNum = 3901
06-12 23:05:05.105 F/linker  (17051): CANNOT LINK EXECUTABLE "/system/bin/smartcable/smartCableSTBApp": library "libmosquitto.so" not found: needed by main executable
06-12 23:05:06.709 W/[ 2473.828781@2]  RTW(    0): Turbo EDCA =0x5ea42b
06-12 23:05:06.739 W/[ 2473.857501@0]  RTW(    0): fill_default_txdesc(wlan0): SP Packet(0x0806) rate=0x4 SeqNum = 3913
06-12 23:05:10.109 F/linker  (17071): CANNOT LINK EXECUTABLE "/system/bin/smartcable/smartCableSTBApp": library "libmosquitto.so" not found: needed by main executable
06-12 23:05:10.743 W/[ 2477.860608@2]  RTW(    0): Turbo EDCA =0xa42b
06-12 23:05:11.959 W/[ 2479.079197@1]  RTW(    0): fill_default_txdesc(wlan0): SP Packet(0x0806) rate=0x4 SeqNum = 4045
06-12 23:05:12.759 W/[ 2479.876756@2]  RTW(    0): Turbo EDCA =0x5ea42b
06-12 23:05:15.117 F/linker  (17087): CANNOT LINK EXECUTABLE "/system/bin/smartcable/smartCableSTBApp": library "libmosquitto.so" not found: needed by main executable
06-12 23:05:15.287 W/[ 2482.404664@1]  RTW(    0): fill_default_txdesc(wlan0): SP Packet(0x0806) rate=0x4 SeqNum = 4059
06-12 23:05:16.255 W/[ 2483.373833@1]  RTW(    0): fill_default_txdesc(wlan0): SP Packet(0x0806) rate=0x4 SeqNum = 4064
06-12 23:05:20.127 F/linker  (17105): CANNOT LINK EXECUTABLE "/system/bin/smartcable/smartCableSTBApp": library "libmosquitto.so" not found: needed by main executable
06-12 23:05:20.827 W/[ 2487.944795@1]  RTW(    0): Turbo EDCA =0xa42b
06-12 23:05:21.887 W/[ 2489.004760@1]  RTW(    0): fill_default_txdesc(wlan0): SP Packet(0x0806) rate=0x4 SeqNum = 62
06-12 23:05:24.855 W/[ 2491.972760@3]  RTW(    0): Turbo EDCA =0x5ea42b
06-12 23:05:25.129 F/linker  (17121): CANNOT LINK EXECUTABLE "/system/bin/smartcable/smartCableSTBApp": library "libmosquitto.so" not found: needed by main executable
06-12 23:05:26.871 W/[ 2493.988652@1]  RTW(    0): Turbo EDCA =0xa42b
06-12 23:05:26.951 W/[ 2494.069171@0]  RTW(    0): fill_default_txdesc(wlan0): SP Packet(0x0806) rate=0x4 SeqNum = 458
06-12 23:05:28.343 W/[ 2495.460651@1]  RTW(    0): fill_default_txdesc(wlan0): SP Packet(0x0806) rate=0x4 SeqNum = 462
06-12 23:05:28.887 W/[ 2496.004802@2]  RTW(    0): Turbo EDCA =0x5ea42b
06-12 23:05:30.135 F/linker  (17138): CANNOT LINK EXECUTABLE "/system/bin/smartcable/smartCableSTBApp": library "libmosquitto.so" not found: needed by main executable
06-12 23:05:32.007 W/[ 2499.127778@1]  RTW(    0): fill_default_txdesc(wlan0): SP Packet(0x0806) rate=0x4 SeqNum = 474
06-12 23:05:35.142 F/linker  (17153): CANNOT LINK EXECUTABLE "/system/bin/smartcable/smartCableSTBApp": library "libmosquitto.so" not found: needed by main executable
06-12 23:05:37.075 W/[ 2504.195270@2]  RTW(    0): fill_default_txdesc(wlan0): SP Packet(0x0806) rate=0x4 SeqNum = 505
06-12 23:05:38.967 W/[ 2506.084777@3]  RTW(    0): Turbo EDCA =0xa42b
06-12 23:05:40.148 F/linker  (17173): CANNOT LINK EXECUTABLE "/system/bin/smartcable/smartCableSTBApp": library "libmosquitto.so" not found: needed by main executable
06-12 23:05:42.375 W/[ 2509.492576@3]  RTW(    0): fill_default_txdesc(wlan0): SP Packet(0x0806) rate=0x4 SeqNum = 680
06-12 23:05:42.999 W/[ 2510.116732@1]  RTW(    0): Turbo EDCA =0x5ea42b
06-12 23:05:44.923 W/[ 2512.043059@1]  RTW(    0): cfg80211_rtw_scan(wlan0)
06-12 23:05:44.923 W/[ 2512.043082@1]  RTW(    0): cfg80211_rtw_scan (wlan0) tx:2, rx:3, bi:5 kbps, disallow(0)
06-12 23:05:44.927 W/[ 2512.046365@2]  RTW(    0): [HW_VAR_CHECK_TXBUF] Empty in 0 ms
06-12 23:05:44.927 W/[ 2512.046446@2]  RTW(    0): wlan0 sleep m0=0x00000003, ori reg_0x4d4=0x00000000
06-12 23:05:45.015 W/[ 2512.132641@2]  RTW(    0): Turbo EDCA =0xa42b
06-12 23:05:45.153 F/linker  (17206): CANNOT LINK EXECUTABLE "/system/bin/smartcable/smartCableSTBApp": library "libmosquitto.so" not found: needed by main executable
06-12 23:05:45.619 W/[ 2512.736654@3]  RTW(    0): LeaveAllPowerSaveModeDirect.....
06-12 23:05:45.619 W/[ 2512.736668@3]  RTW(    0): LeaveAllPowerSaveModeDirect: Driver Already Leave LPS
06-12 23:05:45.619 W/[ 2512.736677@3]  RTW(    0): rtw_hal_set_macaddr_port wlan0- hw port(0) mac_addr =a8:71:16:66:28:c6
06-12 23:05:45.619 W/[ 2512.736797@3]  RTW(    0): wlan0- hw port(0) mac_addr =a8:71:16:66:28:c6
06-12 23:05:45.619 W/[ 2512.736849@3]  RTW(    0): p2p0- hw port(1) mac_addr =aa:71:16:66:28:c6
06-12 23:05:45.619 W/[ 2512.740498@1]  RTW(    0): wlan0 wakeup m0=0x00000003, ori reg_0x4d4=0x00000003
06-12 23:05:45.623 W/[ 2512.741330@2]  RTW(    0): survey done event(3f) band:0 for wlan0
06-12 23:05:45.623 W/        (    0): [ 2512.741342@2]  ========== ACS (VER-3) ==========
06-12 23:05:45.623 W/        (    0): [ 2512.741345@2]  Best 24G Channel:3
06-12 23:05:45.623 W/        (    0): [ 2512.741348@2]  Best 5G Channel:40
06-12 23:05:45.623 W/        (    0): [ 2512.741348@2]
06-12 23:05:45.623 W/[ 2512.741435@2]  RTW(    0): rtw_indicate_scan_done(wlan0)
06-12 23:05:47.031 W/[ 2514.148647@3]  RTW(    0): Turbo EDCA =0x5ea42b
06-12 23:05:47.207 W/[ 2514.327957@0]  RTW(    0): fill_default_txdesc(wlan0): SP Packet(0x0806) rate=0x4 SeqNum = 800
06-12 23:05:50.158 F/linker  (17221): CANNOT LINK EXECUTABLE "/system/bin/smartcable/smartCableSTBApp": library "libmosquitto.so" not found: needed by main executable
06-12 23:05:52.307 W/[ 2519.427646@3]  RTW(    0): fill_default_txdesc(wlan0): SP Packet(0x0806) rate=0x4 SeqNum = 811
06-12 23:05:55.162 F/linker  (17231): CANNOT LINK EXECUTABLE "/system/bin/smartcable/smartCableSTBApp": library "libmosquitto.so" not found: needed by main executable
06-12 23:05:57.111 W/[ 2524.228626@2]  RTW(    0): Turbo EDCA =0xa42b
06-12 23:05:57.379 W/[ 2524.498922@3]  RTW(    0): fill_default_txdesc(wlan0): SP Packet(0x0806) rate=0x4 SeqNum = 908
06-12 23:06:00.169 F/linker  (17249): CANNOT LINK EXECUTABLE "/system/bin/smartcable/smartCableSTBApp": library "libmosquitto.so" not found: needed by main executable
06-12 23:06:01.142 W/[ 2528.260687@0]  RTW(    0): Turbo EDCA =0x5ea42b
06-12 23:06:02.456 W/[ 2529.577682@1]  RTW(    0): fill_default_txdesc(wlan0): SP Packet(0x0806) rate=0x4 SeqNum = 1020
06-12 23:06:05.175 W/[ 2532.293152@3]  RTW(    0): Turbo EDCA =0xa42b
06-12 23:06:05.182 F/linker  (17268): CANNOT LINK EXECUTABLE "/system/bin/smartcable/smartCableSTBApp": library "libmosquitto.so" not found: needed by main executable
06-12 23:06:06.371 W/[ 2533.491221@3]  audit(    0): audit_lost=2545 audit_rate_limit=5 audit_backlog_limit=64
06-12 23:06:06.371 E/[ 2533.491232@3]  audit(    0): rate limit exceeded
06-12 23:06:06.383 W/[ 2533.504253@1]  RTW(    0): fill_default_txdesc(wlan0): SP Packet(0x0806) rate=0x4 SeqNum = 1142
06-12 23:06:07.195 W/[ 2534.312610@2]  RTW(    0): Turbo EDCA =0x5ea42b
06-12 23:06:07.503 W/[ 2534.622322@3]  audit(    0): audit_lost=2660 audit_rate_limit=5 audit_backlog_limit=64
06-12 23:06:07.503 E/[ 2534.622332@3]  audit(    0): rate limit exceeded
06-12 23:06:07.511 W/[ 2534.628585@3]  RTW(    0): fill_default_txdesc(wlan0): SP Packet(0x0806) rate=0x4 SeqNum = 1261
06-12 23:06:07.539 W/[ 2534.657721@3]  RTW(    0): fill_default_txdesc(wlan0): SP Packet(0x0806) rate=0x4 SeqNum = 1262
06-12 23:06:07.631 W/[ 2534.751843@3]  RTW(    0): fill_default_txdesc(wlan0): SP Packet(0x0806) rate=0x4 SeqNum = 1263
06-12 23:06:09.207 W/[ 2536.324734@0]  RTW(    0): Turbo EDCA =0xa42b
06-12 23:06:10.182 F/linker  (17293): CANNOT LINK EXECUTABLE "/system/bin/smartcable/smartCableSTBApp": library "libmosquitto.so" not found: needed by main executable
06-12 23:06:11.223 W/[ 2538.340609@1]  RTW(    0): Turbo EDCA =0x5ea42b
06-12 23:06:12.619 W/[ 2539.738421@0]  RTW(    0): fill_default_txdesc(wlan0): SP Packet(0x0806) rate=0x4 SeqNum = 1284
06-12 23:06:15.189 F/linker  (17314): CANNOT LINK EXECUTABLE "/system/bin/smartcable/smartCableSTBApp": library "libmosquitto.so" not found: needed by main executable
06-12 23:06:15.255 W/[ 2542.372603@0]  RTW(    0): Turbo EDCA =0xa42b
06-12 23:06:17.271 W/[ 2544.388790@3]  RTW(    0): Turbo EDCA =0x5ea42b
06-12 23:06:17.687 W/[ 2544.808369@0]  RTW(    0): fill_default_txdesc(wlan0): SP Packet(0x0806) rate=0x4 SeqNum = 1380
06-12 23:06:20.195 F/linker  (17325): CANNOT LINK EXECUTABLE "/system/bin/smartcable/smartCableSTBApp": library "libmosquitto.so" not found: needed by main executable
06-12 23:06:22.759 W/[ 2549.877890@1]  RTW(    0): fill_default_txdesc(wlan0): SP Packet(0x0806) rate=0x4 SeqNum = 1409
06-12 23:06:25.198 F/linker  (17339): CANNOT LINK EXECUTABLE "/system/bin/smartcable/smartCableSTBApp": library "libmosquitto.so" not found: needed by main executable
06-12 23:06:27.351 W/[ 2554.468599@3]  RTW(    0): Turbo EDCA =0xa42b
06-12 23:06:27.819 W/[ 2554.939315@3]  RTW(    0): fill_default_txdesc(wlan0): SP Packet(0x0806) rate=0x4 SeqNum = 1550
06-12 23:06:29.367 W/[ 2556.484680@0]  RTW(    0): Turbo EDCA =0x5ea42b
06-12 23:06:30.208 F/linker  (17357): CANNOT LINK EXECUTABLE "/system/bin/smartcable/smartCableSTBApp": library "libmosquitto.so" not found: needed by main executable
06-12 23:06:32.907 W/[ 2560.027701@1]  RTW(    0): fill_default_txdesc(wlan0): SP Packet(0x0806) rate=0x4 SeqNum = 1648
06-12 23:06:33.399 W/[ 2560.516642@1]  RTW(    0): Turbo EDCA =0xa42b
06-12 23:06:35.216 F/linker  (17382): CANNOT LINK EXECUTABLE "/system/bin/smartcable/smartCableSTBApp": library "libmosquitto.so" not found: needed by main executable
06-12 23:06:35.415 W/[ 2562.532751@3]  RTW(    0): Turbo EDCA =0x5ea42b
06-12 23:06:37.987 W/[ 2565.108023@0]  RTW(    0): fill_default_txdesc(wlan0): SP Packet(0x0806) rate=0x4 SeqNum = 1740
06-12 23:06:39.447 W/[ 2566.564599@2]  RTW(    0): Turbo EDCA =0xa42b
06-12 23:06:40.222 F/linker  (17398): CANNOT LINK EXECUTABLE "/system/bin/smartcable/smartCableSTBApp": library "libmosquitto.so" not found: needed by main executable
06-12 23:06:41.463 W/[ 2568.580615@0]  RTW(    0): Turbo EDCA =0x5ea42b
06-12 23:06:42.919 W/[ 2570.036914@2]  RTW(    0): fill_default_txdesc(wlan0): SP Packet(0x0806) rate=0x4 SeqNum = 1761
06-12 23:06:45.227 F/linker  (17415): CANNOT LINK EXECUTABLE "/system/bin/smartcable/smartCableSTBApp": library "libmosquitto.so" not found: needed by main executable
06-12 23:06:47.511 W/[ 2574.628651@1]  RTW(    0): Turbo EDCA =0xa42b
06-12 23:06:48.151 W/[ 2575.268621@3]  RTW(    0): fill_default_txdesc(wlan0): SP Packet(0x0806) rate=0x4 SeqNum = 1823
06-12 23:06:49.391 W/[ 2576.512393@3]  RTW(    0): fill_default_txdesc(wlan0): SP Packet(0x0806) rate=0x4 SeqNum = 1827
06-12 23:06:49.495 W/[ 2576.612677@3]  RTW(    0): fill_default_txdesc(wlan0): SP Packet(0x0806) rate=0x4 SeqNum = 1830
06-12 23:06:49.495 W/[ 2576.612699@3]  RTW(    0): fill_default_txdesc(wlan0): SP Packet(0x0806) rate=0x4 SeqNum = 1829
06-12 23:06:49.527 W/[ 2576.644663@0]  RTW(    0): Turbo EDCA =0x5ea42b
06-12 23:06:50.235 F/linker  (17428): CANNOT LINK EXECUTABLE "/system/bin/smartcable/smartCableSTBApp": library "libmosquitto.so" not found: needed by main executable
06-12 23:06:51.543 W/[ 2578.660675@2]  RTW(    0): Turbo EDCA =0xa42b
06-12 23:06:52.203 W/[ 2579.323819@0]  RTW(    0): fill_default_txdesc(wlan0): SP Packet(0x0806) rate=0x4 SeqNum = 1916
06-12 23:06:53.559 W/[ 2580.676601@1]  RTW(    0): Turbo EDCA =0x5ea42b
06-12 23:06:55.239 F/linker  (17442): CANNOT LINK EXECUTABLE "/system/bin/smartcable/smartCableSTBApp": library "libmosquitto.so" not found: needed by main executable
06-12 23:06:57.535 W/[ 2584.655196@1]  RTW(    0): fill_default_txdesc(wlan0): SP Packet(0x0806) rate=0x4 SeqNum = 2019
06-12 23:06:57.591 W/[ 2584.708599@1]  RTW(    0): Turbo EDCA =0xa42b
06-12 23:07:00.248 F/linker  (17462): CANNOT LINK EXECUTABLE "/system/bin/smartcable/smartCableSTBApp": library "libmosquitto.so" not found: needed by main executable
06-12 23:07:02.563 W/[ 2589.683365@0]  RTW(    0): fill_default_txdesc(wlan0): SP Packet(0x0806) rate=0x4 SeqNum = 2117
06-12 23:07:05.256 F/linker  (17474): CANNOT LINK EXECUTABLE "/system/bin/smartcable/smartCableSTBApp": library "libmosquitto.so" not found: needed by main executable
06-12 23:07:05.655 W/[ 2592.772588@3]  RTW(    0): Turbo EDCA =0x5ea42b
06-12 23:07:07.507 W/[ 2594.625545@0]  RTW(    0): fill_default_txdesc(wlan0): SP Packet(0x0806) rate=0x4 SeqNum = 2167
06-12 23:07:10.261 F/linker  (17490): CANNOT LINK EXECUTABLE "/system/bin/smartcable/smartCableSTBApp": library "libmosquitto.so" not found: needed by main executable
06-12 23:07:12.587 W/[ 2599.707040@1]  RTW(    0): fill_default_txdesc(wlan0): SP Packet(0x0806) rate=0x4 SeqNum = 2183
06-12 23:07:15.265 F/linker  (17502): CANNOT LINK EXECUTABLE "/system/bin/smartcable/smartCableSTBApp": library "libmosquitto.so" not found: needed by main executable
06-12 23:07:17.607 W/[ 2604.724746@0]  RTW(    0): fill_default_txdesc(wlan0): SP Packet(0x0806) rate=0x4 SeqNum = 2205
06-12 23:07:20.275 F/linker  (17516): CANNOT LINK EXECUTABLE "/system/bin/smartcable/smartCableSTBApp": library "libmosquitto.so" not found: needed by main executable
06-12 23:07:22.727 W/[ 2609.845054@1]  RTW(    0): fill_default_txdesc(wlan0): SP Packet(0x0806) rate=0x4 SeqNum = 2218
06-12 23:07:25.278 F/linker  (17525): CANNOT LINK EXECUTABLE "/system/bin/smartcable/smartCableSTBApp": library "libmosquitto.so" not found: needed by main executable
06-12 23:07:27.383 W/[ 2614.500655@1]  RTW(    0): fill_default_txdesc(wlan0): SP Packet(0x0806) rate=0x4 SeqNum = 2255
06-12 23:07:27.739 W/[ 2614.858509@1]  RTW(    0): fill_default_txdesc(wlan0): SP Packet(0x0806) rate=0x4 SeqNum = 2256
06-12 23:07:28.407 W/[ 2615.524566@1]  RTW(    0): fill_default_txdesc(wlan0): SP Packet(0x0806) rate=0x4 SeqNum = 2261
06-12 23:07:30.285 F/linker  (17545): CANNOT LINK EXECUTABLE "/system/bin/smartcable/smartCableSTBApp": library "libmosquitto.so" not found: needed by main executable
06-12 23:07:32.351 W/[ 2619.470276@1]  RTW(    0): fill_default_txdesc(wlan0): SP Packet(0x0806) rate=0x4 SeqNum = 2271
06-12 23:07:35.288 F/linker  (17559): CANNOT LINK EXECUTABLE "/system/bin/smartcable/smartCableSTBApp": library "libmosquitto.so" not found: needed by main executable
06-12 23:07:37.863 W/[ 2624.982918@0]  RTW(    0): fill_default_txdesc(wlan0): SP Packet(0x0806) rate=0x4 SeqNum = 2294
06-12 23:07:40.293 F/linker  (17575): CANNOT LINK EXECUTABLE "/system/bin/smartcable/smartCableSTBApp": library "libmosquitto.so" not found: needed by main executable
06-12 23:07:42.955 W/[ 2630.072675@0]  RTW(    0): fill_default_txdesc(wlan0): SP Packet(0x0806) rate=0x4 SeqNum = 2359
06-12 23:07:44.631 W/[ 2631.749350@2]  RTW(    0): rtw_android_priv_cmd: Android private cmd "BTCOEXSCAN-START" on wlan0
