06-12 11:11:25.743 W/tomator2.serve(23280): ClassLoaderContext classpath size mismatch. expected=0, found=3 (PCL[]{PCL[/system/framework/android.test.base.jar*3223074991]#PCL[/system/framework/android.test.mock.jar*3465107378]{PCL[/system/framework/android.test.base.jar*3223074991]}#PCL[/system/framework/android.test.runner.jar*1831602180]{PCL[/system/framework/android.test.base.jar*3223074991]#PCL[/system/framework/android.test.mock.jar*3465107378]{PCL[/system/framework/android.test.base.jar*3223074991]}}} | PCL[/system/framework/android.test.runner.jar*1831602180:/system/framework/android.test.mock.jar*3465107378:/system/framework/android.test.base.jar*3223074991])
06-12 11:11:25.750 D/Glide   ( 1779): Finished loading Bitmap from LOCAL for com.bumptech.glide.gifdecoder.StandardGifDecoder@502af3c with size [314x176] in 8.056292 ms
06-12 11:11:25.750 W/tomator2.serve(23280): ClassLoaderContext classpath size mismatch. expected=0, found=7 (PCL[] | PCL[/system/framework/android.test.runner.jar*1831602180:/system/framework/android.test.mock.jar*3465107378:/system/framework/android.test.base.jar*3223074991:/data/app/~~vz-LI613mzCW1_tI8sJdSA==/io.appium.uiautomator2.server.test-pndtPeicsSbNz5ltJNtTXA==/base.apk*2370577946:/data/app/~~vz-LI613mzCW1_tI8sJdSA==/io.appium.uiautomator2.server.test-pndtPeicsSbNz5ltJNtTXA==/base.apk!classes2.dex*3874714895:/data/app/~~vz-LI613mzCW1_tI8sJdSA==/io.appium.uiautomator2.server.test-pndtPeicsSbNz5ltJNtTXA==/base.apk!classes3.dex*1176165195:/data/app/~~vz-LI613mzCW1_tI8sJdSA==/io.appium.uiautomator2.server.test-pndtPeicsSbNz5ltJNtTXA==/base.apk!classes4.dex*2511881386])
06-12 11:11:25.768 W/tomator2.serve(23280): Found duplicate classes, falling back to extracting from APK : /data/app/~~ERS2Vb0_Lr3atThE734KvA==/io.appium.uiautomator2.server-qXkfZw9LtZYC0ZeR2vvERg==/base.apk
06-12 11:11:25.768 W/tomator2.serve(23280): NOTE: This wastes RAM and hurts startup performance.
06-12 11:11:25.768 W/tomator2.serve(23280): Found duplicated class when checking oat files: 'Ljunit/framework/Assert;' in /data/app/~~ERS2Vb0_Lr3atThE734KvA==/io.appium.uiautomator2.server-qXkfZw9LtZYC0ZeR2vvERg==/base.apk and /system/framework/android.test.base.jar
06-12 11:11:25.777 D/stbdpc  (  403): STB_DPGetNumPaths[570]: num_paths: 1
06-12 11:11:25.800 D/Glide   ( 1779): Finished loading Bitmap from LOCAL for com.bumptech.glide.gifdecoder.StandardGifDecoder@502af3c with size [314x176] in 17.447958 ms
06-12 11:11:25.804 D/JioStbInactivityTimer(  928): Timer: count 13 warningTimeout:10680 timeout:10800
06-12 11:11:25.804 D/JioStbInactivityTimer(  928): isUserActive: Curr:4061068 Prev:4061068
06-12 11:11:25.833 D/Glide   ( 1779): Finished loading Bitmap from LOCAL for com.bumptech.glide.gifdecoder.StandardGifDecoder@502af3c with size [314x176] in 10.879541999999999 ms
06-12 11:11:25.867 D/Glide   ( 1779): Finished loading Bitmap from LOCAL for com.bumptech.glide.gifdecoder.StandardGifDecoder@502af3c with size [314x176] in 4.799333 ms
06-12 11:11:25.877 E/adbd    (15488): failed to connect to socket 'tcp:6790': Connection refused
06-12 11:11:25.877 D/stbdpc  (  403): STB_DPGetNumPaths[570]: num_paths: 1
06-12 11:11:25.917 D/Glide   ( 1779): Finished loading Bitmap from LOCAL for com.bumptech.glide.gifdecoder.StandardGifDecoder@502af3c with size [314x176] in 14.560291 ms
06-12 11:11:25.950 D/Glide   ( 1779): Finished loading Bitmap from LOCAL for com.bumptech.glide.gifdecoder.StandardGifDecoder@502af3c with size [314x176] in 7.90325 ms
06-12 11:11:25.978 D/stbdpc  (  403): STB_DPGetNumPaths[570]: num_paths: 1
06-12 11:11:25.983 D/Glide   ( 1779): Finished loading Bitmap from LOCAL for com.bumptech.glide.gifdecoder.StandardGifDecoder@502af3c with size [314x176] in 1.616584 ms
06-12 11:11:26.033 D/Glide   ( 1779): Finished loading Bitmap from LOCAL for com.bumptech.glide.gifdecoder.StandardGifDecoder@502af3c with size [314x176] in 11.516708999999999 ms
06-12 11:11:26.067 D/Glide   ( 1779): Finished loading Bitmap from LOCAL for com.bumptech.glide.gifdecoder.StandardGifDecoder@502af3c with size [314x176] in 4.718875 ms
06-12 11:11:26.078 D/stbdpc  (  403): STB_DPGetNumPaths[570]: num_paths: 1
06-12 11:11:26.117 D/Glide   ( 1779): Finished loading Bitmap from LOCAL for com.bumptech.glide.gifdecoder.StandardGifDecoder@502af3c with size [314x176] in 14.47175 ms
06-12 11:11:26.140 D/ApplicationLoaders(23280): Returning zygote-cached class loader: /system/framework/android.test.base.jar
06-12 11:11:26.140 D/ApplicationLoaders(23280): Returning zygote-cached class loader: /system/framework/android.test.base.jar
06-12 11:11:26.143 I/tomator2.serve(23280): The ClassLoaderContext is a special shared library.
06-12 11:11:26.146 D/ApplicationLoaders(23280): Returning zygote-cached class loader: /system/framework/android.test.base.jar
06-12 11:11:26.146 D/ApplicationLoaders(23280): Returning zygote-cached class loader: /system/framework/android.test.base.jar
06-12 11:11:26.149 I/tomator2.serve(23280): The ClassLoaderContext is a special shared library.
06-12 11:11:26.150 D/Glide   ( 1779): Finished loading Bitmap from LOCAL for com.bumptech.glide.gifdecoder.StandardGifDecoder@502af3c with size [314x176] in 8.108625 ms
06-12 11:11:26.156 I/tomator2.serve(23280): The ClassLoaderContext is a special shared library.
06-12 11:11:26.159 I/chatty  (23280): uid=10096(io.appium.uiautomator2.server) identical 1 line
06-12 11:11:26.161 I/tomator2.serve(23280): The ClassLoaderContext is a special shared library.
06-12 11:11:26.164 W/tomator2.serve(23280): ClassLoaderContext classpath size mismatch. expected=0, found=3 (PCL[]{PCL[/system/framework/android.test.base.jar*3223074991]#PCL[/system/framework/android.test.mock.jar*3465107378]{PCL[/system/framework/android.test.base.jar*3223074991]}#PCL[/system/framework/android.test.runner.jar*1831602180]{PCL[/system/framework/android.test.base.jar*3223074991]#PCL[/system/framework/android.test.mock.jar*3465107378]{PCL[/system/framework/android.test.base.jar*3223074991]}}} | PCL[/system/framework/android.test.runner.jar*1831602180:/system/framework/android.test.mock.jar*3465107378:/system/framework/android.test.base.jar*3223074991]{PCL[/system/framework/android.test.base.jar*3223074991]#PCL[/system/framework/android.test.mock.jar*3465107378]{PCL[/system/framework/android.test.base.jar*3223074991]}#PCL[/system/framework/android.test.runner.jar*1831602180]{PCL[/system/framework/android.test.base.jar*3223074991]#PCL[/system/framework/android.test.mock.jar*3465107378]{PCL[/system/framework/android.test.base.jar*3223074991]}}};PCL[/system/framework/android.test.runner.jar*1831602180:/system/framework/android.test.mock.jar*3465107378:/system/framework/android.test.base.jar*3223074991:/data/app/~~vz-LI613mzCW1_tI8sJdSA==/io.appium.uiautomator2.server.test-pndtPeicsSbNz5ltJNtTXA==/base.apk*2370577946:/data/app/~~vz-LI613mzCW1_tI8sJdSA==/io.appium.uiautomator2.server.test-pndtPeicsSbNz5ltJNtTXA==/base.apk!classes2.dex*3874714895:/data/app/~~vz-LI613mzCW1_tI8sJdSA==/io.appium.uiautomator2.server.test-pndtPeicsSbNz5ltJNtTXA==/base.apk!classes3.dex*1176165195:/data/app/~~vz-LI613mzCW1_tI8sJdSA==/io.appium.uiautomator2.server.test-pndtPeicsSbNz5ltJNtTXA==/base.apk!classes4.dex*2511881386:/data/app/~~ERS2Vb0_Lr3atThE734KvA==/io.appium.uiautomator2.server-qXkfZw9LtZYC0ZeR2vvERg==/base.apk*4034737733:/data/app/~~ERS2Vb0_Lr3atThE734KvA==/io.appium.uiautomator2.server-qXkfZw9LtZYC0ZeR2vvERg==/base.apk!classes2.dex*2790048942:/data/app/~~ERS2Vb0_Lr3atThE734KvA==/io.appium.uiautomator2.server-qXkfZw9LtZYC0ZeR2vvERg==/base.apk!classes3.dex*1634705335:/data/app/~~ERS2Vb0_Lr3atThE734KvA==/io.appium.uiautomator2.server-qXkfZw9LtZYC0ZeR2vvERg==/base.apk!classes4.dex*45356349:/data/app/~~ERS2Vb0_Lr3atThE734KvA==/io.appium.uiautomator2.server-qXkfZw9LtZYC0ZeR2vvERg==/base.apk!classes5.dex*2419862292:/data/app/~~ERS2Vb0_Lr3atThE734KvA==/io.appium.uiautomator2.server-qXkfZw9LtZYC0ZeR2vvERg==/base.apk!classes6.dex*3944827479:/data/app/~~ERS2Vb0_Lr3atThE734KvA==/io.appium.uiautomator2.server-qXkfZw9LtZYC0ZeR2vvERg==/base.apk!classes7.dex*3145060491:/data/app/~~ERS2Vb0_Lr3atThE734KvA==/io.appium.uiautomator2.server-qXkfZw9LtZYC0ZeR2vvERg==/base.apk!classes8.dex*2034454731:/data/app/~~ERS2Vb0_Lr3atThE734KvA==/io.appium.uiautomator2.server-qXkfZw9LtZYC0ZeR2vvERg==/base.apk!classes9.dex*1613375383:/data/app/~~ERS2Vb0_Lr3atThE734KvA==/io.appium.uiautomator2.server-qXkfZw9LtZYC0ZeR2vvERg==/base.apk!classes10.dex*1483611213:/data/app/~~ERS2Vb0_Lr3atThE734KvA==/io.appium.uiautomator2.server-qXkfZw9LtZYC0ZeR2vvERg==/base.apk!classes11.dex*2888641764:/data/app/~~ERS2Vb0_Lr3atThE734KvA==/io.appium.uiautomator2.server-qXkfZw9LtZYC0ZeR2vvERg==/base.apk!classes12.dex*1711778771:/data/app/~~ERS2Vb0_Lr3atThE734KvA==/io.appium.uiautomator2.server-qXkfZw9LtZYC0ZeR2vvERg==/base.apk!classes13.dex*2108421983:/data/app/~~ERS2Vb0_Lr3atThE734KvA==/io.appium.uiautomator2.server-qXkfZw9LtZYC0ZeR2vvERg==/base.apk!classes14.dex*2618393034:/data/app/~~ERS2Vb0_Lr3atThE734KvA==/io.appium.uiautomator2.server-qXkfZw9LtZYC0ZeR2vvERg==/base.apk!classes15.dex*3152272110:/data/app/~~ERS2Vb0_Lr3atThE734KvA==/io.appium.uiautomator2.server-qXkfZw9LtZYC0ZeR2vvERg==/base.apk!classes16.dex*898502560])
06-12 11:11:26.169 W/tomator2.serve(23280): Found duplicate classes, falling back to extracting from APK : /data/app/~~vz-LI613mzCW1_tI8sJdSA==/io.appium.uiautomator2.server.test-pndtPeicsSbNz5ltJNtTXA==/base.apk
06-12 11:11:26.169 W/tomator2.serve(23280): NOTE: This wastes RAM and hurts startup performance.
06-12 11:11:26.169 W/tomator2.serve(23280): Found duplicated class when checking oat files: 'Lcom/squareup/okhttp/Address;' in /data/app/~~vz-LI613mzCW1_tI8sJdSA==/io.appium.uiautomator2.server.test-pndtPeicsSbNz5ltJNtTXA==/base.apk and /data/app/~~vz-LI613mzCW1_tI8sJdSA==/io.appium.uiautomator2.server.test-pndtPeicsSbNz5ltJNtTXA==/base.apk
06-12 11:11:26.178 D/stbdpc  (  403): STB_DPGetNumPaths[570]: num_paths: 1
06-12 11:11:26.184 D/Glide   ( 1779): Finished loading Bitmap from LOCAL for com.bumptech.glide.gifdecoder.StandardGifDecoder@502af3c with size [314x176] in 2.353625 ms
06-12 11:11:26.185 D/dvb_iptv(  403): ReadEmmNetworkTask[1537]: EMM Select Timeout Occured 41
06-12 11:11:26.187 W/tomator2.serve(23280): ClassLoaderContext classpath size mismatch. expected=0, found=7 (PCL[] | PCL[/system/framework/android.test.runner.jar*1831602180:/system/framework/android.test.mock.jar*3465107378:/system/framework/android.test.base.jar*3223074991:/data/app/~~vz-LI613mzCW1_tI8sJdSA==/io.appium.uiautomator2.server.test-pndtPeicsSbNz5ltJNtTXA==/base.apk*2370577946:/data/app/~~vz-LI613mzCW1_tI8sJdSA==/io.appium.uiautomator2.server.test-pndtPeicsSbNz5ltJNtTXA==/base.apk!classes2.dex*3874714895:/data/app/~~vz-LI613mzCW1_tI8sJdSA==/io.appium.uiautomator2.server.test-pndtPeicsSbNz5ltJNtTXA==/base.apk!classes3.dex*1176165195:/data/app/~~vz-LI613mzCW1_tI8sJdSA==/io.appium.uiautomator2.server.test-pndtPeicsSbNz5ltJNtTXA==/base.apk!classes4.dex*2511881386]{PCL[/system/framework/android.test.base.jar*3223074991]#PCL[/system/framework/android.test.mock.jar*3465107378]{PCL[/system/framework/android.test.base.jar*3223074991]}#PCL[/system/framework/android.test.runner.jar*1831602180]{PCL[/system/framework/android.test.base.jar*3223074991]#PCL[/system/framework/android.test.mock.jar*3465107378]{PCL[/system/framework/android.test.base.jar*3223074991]}}};PCL[/system/framework/android.test.runner.jar*1831602180:/system/framework/android.test.mock.jar*3465107378:/system/framework/android.test.base.jar*3223074991:/data/app/~~vz-LI613mzCW1_tI8sJdSA==/io.appium.uiautomator2.server.test-pndtPeicsSbNz5ltJNtTXA==/base.apk*2370577946:/data/app/~~vz-LI613mzCW1_tI8sJdSA==/io.appium.uiautomator2.server.test-pndtPeicsSbNz5ltJNtTXA==/base.apk!classes2.dex*3874714895:/data/app/~~vz-LI613mzCW1_tI8sJdSA==/io.appium.uiautomator2.server.test-pndtPeicsSbNz5ltJNtTXA==/base.apk!classes3.dex*1176165195:/data/app/~~vz-LI613mzCW1_tI8sJdSA==/io.appium.uiautomator2.server.test-pndtPeicsSbNz5ltJNtTXA==/base.apk!classes4.dex*2511881386:/data/app/~~ERS2Vb0_Lr3atThE734KvA==/io.appium.uiautomator2.server-qXkfZw9LtZYC0ZeR2vvERg==/base.apk*4034737733:/data/app/~~ERS2Vb0_Lr3atThE734KvA==/io.appium.uiautomator2.server-qXkfZw9LtZYC0ZeR2vvERg==/base.apk!classes2.dex*2790048942:/data/app/~~ERS2Vb0_Lr3atThE734KvA==/io.appium.uiautomator2.server-qXkfZw9LtZYC0ZeR2vvERg==/base.apk!classes3.dex*1634705335:/data/app/~~ERS2Vb0_Lr3atThE734KvA==/io.appium.uiautomator2.server-qXkfZw9LtZYC0ZeR2vvERg==/base.apk!classes4.dex*45356349:/data/app/~~ERS2Vb0_Lr3atThE734KvA==/io.appium.uiautomator2.server-qXkfZw9LtZYC0ZeR2vvERg==/base.apk!classes5.dex*2419862292:/data/app/~~ERS2Vb0_Lr3atThE734KvA==/io.appium.uiautomator2.server-qXkfZw9LtZYC0ZeR2vvERg==/base.apk!classes6.dex*3944827479:/data/app/~~ERS2Vb0_Lr3atThE734KvA==/io.appium.uiautomator2.server-qXkfZw9LtZYC0ZeR2vvERg==/base.apk!classes7.dex*3145060491:/data/app/~~ERS2Vb0_Lr3atThE734KvA==/io.appium.uiautomator2.server-qXkfZw9LtZYC0ZeR2vvERg==/base.apk!classes8.dex*2034454731:/data/app/~~ERS2Vb0_Lr3atThE734KvA==/io.appium.uiautomator2.server-qXkfZw9LtZYC0ZeR2vvERg==/base.apk!classes9.dex*1613375383:/data/app/~~ERS2Vb0_Lr3atThE734KvA==/io.appium.uiautomator2.server-qXkfZw9LtZYC0ZeR2vvERg==/base.apk!classes10.dex*1483611213:/data/app/~~ERS2Vb0_Lr3atThE734KvA==/io.appium.uiautomator2.server-qXkfZw9LtZYC0ZeR2vvERg==/base.apk!classes11.dex*2888641764:/data/app/~~ERS2Vb0_Lr3atThE734KvA==/io.appium.uiautomator2.server-qXkfZw9LtZYC0ZeR2vvERg==/base.apk!classes12.dex*1711778771:/data/app/~~ERS2Vb0_Lr3atThE734KvA==/io.appium.uiautomator2.server-qXkfZw9LtZYC0ZeR2vvERg==/base.apk!classes13.dex*2108421983:/data/app/~~ERS2Vb0_Lr3atThE734KvA==/io.appium.uiautomator2.server-qXkfZw9LtZYC0ZeR2vvERg==/base.apk!classes14.dex*2618393034:/data/app/~~ERS2Vb0_Lr3atThE734KvA==/io.appium.uiautomator2.server-qXkfZw9LtZYC0ZeR2vvERg==/base.apk!classes15.dex*3152272110:/data/app/~~ERS2Vb0_Lr3atThE734KvA==/io.appium.uiautomator2.server-qXkfZw9LtZYC0ZeR2vvERg==/base.apk!classes16.dex*898502560])
06-12 11:11:26.188 W/tomator2.serve(23280): Found duplicate classes, falling back to extracting from APK : /data/app/~~ERS2Vb0_Lr3atThE734KvA==/io.appium.uiautomator2.server-qXkfZw9LtZYC0ZeR2vvERg==/base.apk
06-12 11:11:26.189 W/tomator2.serve(23280): NOTE: This wastes RAM and hurts startup performance.
06-12 11:11:26.189 W/tomator2.serve(23280): Found duplicated class when checking oat files: 'L_COROUTINE/ArtificialStackFrames;' in /data/app/~~ERS2Vb0_Lr3atThE734KvA==/io.appium.uiautomator2.server-qXkfZw9LtZYC0ZeR2vvERg==/base.apk and /data/app/~~ERS2Vb0_Lr3atThE734KvA==/io.appium.uiautomator2.server-qXkfZw9LtZYC0ZeR2vvERg==/base.apk
06-12 11:11:26.234 D/Glide   ( 1779): Finished loading Bitmap from LOCAL for com.bumptech.glide.gifdecoder.StandardGifDecoder@502af3c with size [314x176] in 11.695875 ms
06-12 11:11:26.267 D/Glide   ( 1779): Finished loading Bitmap from LOCAL for com.bumptech.glide.gifdecoder.StandardGifDecoder@502af3c with size [314x176] in 4.791708 ms
06-12 11:11:26.278 D/stbdpc  (  403): STB_DPGetNumPaths[570]: num_paths: 1
06-12 11:11:26.317 D/Glide   ( 1779): Finished loading Bitmap from LOCAL for com.bumptech.glide.gifdecoder.StandardGifDecoder@502af3c with size [314x176] in 14.64425 ms
06-12 11:11:26.318 I/ThermalService(  975): CPU temperatures: [65.200005]
06-12 11:11:26.351 D/Glide   ( 1779): Finished loading Bitmap from LOCAL for com.bumptech.glide.gifdecoder.StandardGifDecoder@502af3c with size [314x176] in 6.952083 ms
06-12 11:11:26.378 D/stbdpc  (  403): STB_DPGetNumPaths[570]: num_paths: 1
06-12 11:11:26.400 D/Glide   ( 1779): Finished loading Bitmap from LOCAL for com.bumptech.glide.gifdecoder.StandardGifDecoder@502af3c with size [314x176] in 16.167458 ms
06-12 11:11:26.434 D/Glide   ( 1779): Finished loading Bitmap from LOCAL for com.bumptech.glide.gifdecoder.StandardGifDecoder@502af3c with size [314x176] in 9.957333 ms
06-12 11:11:26.467 D/Glide   ( 1779): Finished loading Bitmap from LOCAL for com.bumptech.glide.gifdecoder.StandardGifDecoder@502af3c with size [314x176] in 2.511666 ms
06-12 11:11:26.478 D/stbdpc  (  403): STB_DPGetNumPaths[570]: num_paths: 1
06-12 11:11:26.517 D/Glide   ( 1779): Finished loading Bitmap from LOCAL for com.bumptech.glide.gifdecoder.StandardGifDecoder@502af3c with size [314x176] in 11.333041 ms
06-12 11:11:26.539 W/tomator2.serve(23280): Accessing hidden method Landroid/app/Instrumentation;->execStartActivity(Landroid/content/Context;Landroid/os/IBinder;Landroid/os/IBinder;Landroid/app/Activity;Landroid/content/Intent;ILandroid/os/Bundle;)Landroid/app/Instrumentation$ActivityResult; (greylist, linking, allowed)
06-12 11:11:26.539 W/tomator2.serve(23280): Accessing hidden method Landroid/app/Instrumentation;->execStartActivity(Landroid/content/Context;Landroid/os/IBinder;Landroid/os/IBinder;Ljava/lang/String;Landroid/content/Intent;ILandroid/os/Bundle;)Landroid/app/Instrumentation$ActivityResult; (greylist, linking, allowed)
06-12 11:11:26.551 D/Glide   ( 1779): Finished loading Bitmap from LOCAL for com.bumptech.glide.gifdecoder.StandardGifDecoder@502af3c with size [314x176] in 3.783209 ms
06-12 11:11:26.554 D/NetworkSecurityConfig(23280): No Network Security Config specified, using platform default
06-12 11:11:26.555 D/NetworkSecurityConfig(23280): No Network Security Config specified, using platform default
06-12 11:11:26.556 I/AndroidJUnitRunner(23280): newApplication android.app.Application
06-12 11:11:26.562 I/AndroidJUnitRunner(23280): onCreate Bundle[mParcelledData.dataSize=64]
06-12 11:11:26.566 D/AndroidJUnitRunner(23280): Use the raw file system for managing file I/O.
06-12 11:11:26.579 D/stbdpc  (  403): STB_DPGetNumPaths[570]: num_paths: 1
06-12 11:11:26.591 V/TestEventClient(23280): No service name argument was given (testDiscoveryService, testRunEventService or orchestratorService)
06-12 11:11:26.592 D/AndroidJUnitRunner(23280): onStart is called.
06-12 11:11:26.601 D/Glide   ( 1779): Finished loading Bitmap from LOCAL for com.bumptech.glide.gifdecoder.StandardGifDecoder@502af3c with size [314x176] in 13.585332999999999 ms
06-12 11:11:26.621 D/TestRequestBuilder(23280): Using class path scanning to discover tests
06-12 11:11:26.623 I/TestRequestBuilder(23280): Scanning classpath to find tests in paths [/data/app/~~vz-LI613mzCW1_tI8sJdSA==/io.appium.uiautomator2.server.test-pndtPeicsSbNz5ltJNtTXA==/base.apk]
06-12 11:11:26.626 W/tomator2.serve(23280): Opening an oat file without a class loader. Are you using the deprecated DexFile APIs?
06-12 11:11:26.634 D/Glide   ( 1779): Finished loading Bitmap from LOCAL for com.bumptech.glide.gifdecoder.StandardGifDecoder@502af3c with size [314x176] in 6.895417 ms
06-12 11:11:26.679 D/stbdpc  (  403): STB_DPGetNumPaths[570]: num_paths: 1
06-12 11:11:26.684 D/Glide   ( 1779): Finished loading Bitmap from LOCAL for com.bumptech.glide.gifdecoder.StandardGifDecoder@502af3c with size [314x176] in 16.69725 ms
06-12 11:11:26.685 D/dvb_iptv(  403): ReadEmmNetworkTask[1537]: EMM Select Timeout Occured 42
06-12 11:11:26.717 D/Glide   ( 1779): Finished loading Bitmap from LOCAL for com.bumptech.glide.gifdecoder.StandardGifDecoder@502af3c with size [314x176] in 9.549292 ms
06-12 11:11:26.738 D/rtk_heartbeat(  351): heartbeat_timed_out: heartbeatCmdCount = 4055, expected nextSeqNum = 4055
06-12 11:11:26.739 D/rtk_heartbeat(  351): rtkbt_heartbeat_cmpl_cback: Current SeqNum = 4055,should SeqNum=4055, status = 0
06-12 11:11:26.751 D/Glide   ( 1779): Finished loading Bitmap from LOCAL for com.bumptech.glide.gifdecoder.StandardGifDecoder@502af3c with size [314x176] in 2.852292 ms
06-12 11:11:26.779 D/stbdpc  (  403): STB_DPGetNumPaths[570]: num_paths: 1
06-12 11:11:26.801 D/Glide   ( 1779): Finished loading Bitmap from LOCAL for com.bumptech.glide.gifdecoder.StandardGifDecoder@502af3c with size [314x176] in 12.442124999999999 ms
06-12 11:11:26.805 D/JioStbInactivityTimer(  928): Timer: count 14 warningTimeout:10680 timeout:10800
06-12 11:11:26.805 D/JioStbInactivityTimer(  928): isUserActive: Curr:4061068 Prev:4061068
06-12 11:11:26.834 D/Glide   ( 1779): Finished loading Bitmap from LOCAL for com.bumptech.glide.gifdecoder.StandardGifDecoder@502af3c with size [314x176] in 5.642708 ms
06-12 11:11:26.840 I/TestRunner(23280): run started: 1 tests
06-12 11:11:26.844 I/TestRunner(23280): started: startServer(io.appium.uiautomator2.server.test.AppiumUiAutomator2Server)
06-12 11:11:26.853 I/appium  (23280): >>>Entry point start<<<
06-12 11:11:26.859 I/appium  (23280): Starting ServerInstrumentation
06-12 11:11:26.879 D/stbdpc  (  403): STB_DPGetNumPaths[570]: num_paths: 1
06-12 11:11:26.884 D/Glide   ( 1779): Finished loading Bitmap from LOCAL for com.bumptech.glide.gifdecoder.StandardGifDecoder@502af3c with size [314x176] in 15.450916999999999 ms
06-12 11:11:26.889 E/adbd    (15488): failed to connect to socket 'tcp:6790': Connection refused
06-12 11:11:26.918 D/Glide   ( 1779): Finished loading Bitmap from LOCAL for com.bumptech.glide.gifdecoder.StandardGifDecoder@502af3c with size [314x176] in 8.908833 ms
06-12 11:11:26.921 I/appium  (23280): buildConfig: {"VERSION_NAME":"7.5.2","APPLICATION_ID":"io.appium.uiautomator2.server","BUILD_TYPE":"debug","VERSION_CODE":215,"BUILD_TIME":"1745524365546","DEBUG":true,"FLAVOR":"server"}
06-12 11:11:26.932 I/UiDevice(23280): Creating a new instance, old instance exists: false
06-12 11:11:26.952 V/UiAutomation(23280): Init UiAutomation@8f5f607[id=5, flags=0]
06-12 11:11:26.953 D/Glide   ( 1779): Finished loading Bitmap from LOCAL for com.bumptech.glide.gifdecoder.StandardGifDecoder@502af3c with size [314x176] in 4.0747089999999995 ms
06-12 11:11:26.955 D/UiDevice(23280): Setting accessibility service flags: 65618
06-12 11:11:26.967 D/UiDevice(23280): Turning on screen.
06-12 11:11:26.979 D/stbdpc  (  403): STB_DPGetNumPaths[570]: num_paths: 1
06-12 11:11:26.998 I/appium  (23280): AndroidServer created on port 6790
06-12 11:11:26.998 I/appium  (23280): Starting MJPEG Server
06-12 11:11:27.000 I/appium  (23280): MJPEG Server started
06-12 11:11:27.001 I/appium  (23280): ServerInstrumentation started
06-12 11:11:27.002 D/Glide   ( 1779): Finished loading Bitmap from LOCAL for com.bumptech.glide.gifdecoder.StandardGifDecoder@502af3c with size [314x176] in 12.447417 ms
06-12 11:11:27.004 I/appium  (23280): ServerSocket created on port 7810
06-12 11:11:27.035 D/Glide   ( 1779): Finished loading Bitmap from LOCAL for com.bumptech.glide.gifdecoder.StandardGifDecoder@502af3c with size [314x176] in 4.196917 ms
06-12 11:11:27.080 D/stbdpc  (  403): STB_DPGetNumPaths[570]: num_paths: 1
06-12 11:11:27.085 D/Glide   ( 1779): Finished loading Bitmap from LOCAL for com.bumptech.glide.gifdecoder.StandardGifDecoder@502af3c with size [314x176] in 14.3525 ms
06-12 11:11:27.118 D/Glide   ( 1779): Finished loading Bitmap from LOCAL for com.bumptech.glide.gifdecoder.StandardGifDecoder@502af3c with size [314x176] in 7.859999999999999 ms
06-12 11:11:27.163 W/tomator2.serve(23280): Accessing hidden method Lsun/misc/VM;->maxDirectMemory()J (greylist, reflection, allowed)
06-12 11:11:27.166 I/PlatformDependent(23280): Your platform does not provide complete low-level API for accessing direct buffers reliably. Unless explicitly requested, heap buffer will always be preferred to avoid potential system instability.
06-12 11:11:27.168 D/Glide   ( 1779): Finished loading Bitmap from LOCAL for com.bumptech.glide.gifdecoder.StandardGifDecoder@502af3c with size [314x176] in 17.6955 ms
06-12 11:11:27.175 W/tomator2.serve(23280): Accessing hidden field Lsun/nio/ch/SelectorImpl;->selectedKeys:Ljava/util/Set; (greylist, reflection, allowed)
06-12 11:11:27.176 W/tomator2.serve(23280): Accessing hidden field Lsun/nio/ch/SelectorImpl;->publicSelectedKeys:Ljava/util/Set; (greylist, reflection, allowed)
06-12 11:11:27.180 D/stbdpc  (  403): STB_DPGetNumPaths[570]: num_paths: 1
06-12 11:11:27.185 D/dvb_iptv(  403): ReadEmmNetworkTask[1537]: EMM Select Timeout Occured 43
06-12 11:11:27.201 D/Glide   ( 1779): Finished loading Bitmap from LOCAL for com.bumptech.glide.gifdecoder.StandardGifDecoder@502af3c with size [314x176] in 9.396125 ms
06-12 11:11:27.235 D/Glide   ( 1779): Finished loading Bitmap from LOCAL for com.bumptech.glide.gifdecoder.StandardGifDecoder@502af3c with size [314x176] in 2.1719589999999998 ms
06-12 11:11:27.236 W/Thread-5(23280): type=1400 audit(0.0:5223): avc: denied { read } for name="somaxconn" dev="proc" ino=662424 scontext=u:r:untrusted_app:s0:c96,c256,c512,c768 tcontext=u:object_r:proc_net:s0 tclass=file permissive=0 app=io.appium.uiautomator2.server
06-12 11:11:27.253 W/MacAddressUtil(23280): Failed to find a usable hardware address from the network interfaces; using random bytes: 8c:05:6b:0d:cd:8e:26:62
06-12 11:11:27.280 D/stbdpc  (  403): STB_DPGetNumPaths[570]: num_paths: 1
06-12 11:11:27.285 D/Glide   ( 1779): Finished loading Bitmap from LOCAL for com.bumptech.glide.gifdecoder.StandardGifDecoder@502af3c with size [314x176] in 11.413208 ms
06-12 11:11:27.318 D/Glide   ( 1779): Finished loading Bitmap from LOCAL for com.bumptech.glide.gifdecoder.StandardGifDecoder@502af3c with size [314x176] in 3.7548329999999996 ms
06-12 11:11:27.325 I/uncher.relianc( 1779): oneway function results will be dropped but finished with status OK and parcel size 4
06-12 11:11:27.328 I/e.swalekh.abct( 1345): oneway function results will be dropped but finished with status OK and parcel size 4
06-12 11:11:27.337 D/JioSTBMRServer-SERVICE( 3360): InetSocketAddress(InetAddress.getByName(inetAddress.hostAddress)-/192.168.1.255
06-12 11:11:27.337 D/JioSTBMRServer-SERVICE( 3360): #beacon:RKISBFJ60000097:0:false:0:1:SV=181024 , 192.168.1.255
06-12 11:11:27.341 D/JioSTBMRServer-SERVICE( 3360): InetSocketAddress(InetAddress.getByName(inetAddress.hostAddress)-/192.168.1.255
06-12 11:11:27.341 D/JioSTBMRServer-SERVICE( 3360): #broadcast IP:192.168.1.255
06-12 11:11:27.341 W/ServerBootstrap(23280): Unknown channel option 'TCP_NODELAY' for channel '[id: 0x8ccdf296]'
06-12 11:11:27.343 W/ServerBootstrap(23280): Unknown channel option 'SO_KEEPALIVE' for channel '[id: 0x8ccdf296]'
06-12 11:11:27.368 D/Glide   ( 1779): Finished loading Bitmap from LOCAL for com.bumptech.glide.gifdecoder.StandardGifDecoder@502af3c with size [314x176] in 12.415792 ms
06-12 11:11:27.380 D/stbdpc  (  403): STB_DPGetNumPaths[570]: num_paths: 1
06-12 11:11:27.402 D/Glide   ( 1779): Finished loading Bitmap from LOCAL for com.bumptech.glide.gifdecoder.StandardGifDecoder@502af3c with size [314x176] in 4.9138329999999995 ms
06-12 11:11:27.452 D/Glide   ( 1779): Finished loading Bitmap from LOCAL for com.bumptech.glide.gifdecoder.StandardGifDecoder@502af3c with size [314x176] in 15.138459 ms
06-12 11:11:27.480 D/stbdpc  (  403): STB_DPGetNumPaths[570]: num_paths: 1
06-12 11:11:27.485 D/Glide   ( 1779): Finished loading Bitmap from LOCAL for com.bumptech.glide.gifdecoder.StandardGifDecoder@502af3c with size [314x176] in 7.3095 ms
06-12 11:11:27.502 D/ltts_ip_emm(  403): LTTS_IP_DMXStartEMM[381]: parse_emm_cat_status failed
06-12 11:11:27.535 D/Glide   ( 1779): Finished loading Bitmap from LOCAL for com.bumptech.glide.gifdecoder.StandardGifDecoder@502af3c with size [314x176] in 16.338957999999998 ms
06-12 11:11:27.569 D/Glide   ( 1779): Finished loading Bitmap from LOCAL for com.bumptech.glide.gifdecoder.StandardGifDecoder@502af3c with size [314x176] in 10.023208 ms
06-12 11:11:27.580 D/stbdpc  (  403): STB_DPGetNumPaths[570]: num_paths: 1
06-12 11:11:27.603 D/Glide   ( 1779): Finished loading Bitmap from LOCAL for com.bumptech.glide.gifdecoder.StandardGifDecoder@502af3c with size [314x176] in 2.78925 ms
06-12 11:11:27.653 D/Glide   ( 1779): Finished loading Bitmap from LOCAL for com.bumptech.glide.gifdecoder.StandardGifDecoder@502af3c with size [314x176] in 11.93675 ms
06-12 11:11:27.681 D/stbdpc  (  403): STB_DPGetNumPaths[570]: num_paths: 1
06-12 11:11:27.685 D/Glide   ( 1779): Finished loading Bitmap from LOCAL for com.bumptech.glide.gifdecoder.StandardGifDecoder@502af3c with size [314x176] in 3.768166 ms
06-12 11:11:27.686 D/dvb_iptv(  403): ReadEmmNetworkTask[1537]: EMM Select Timeout Occured 44
06-12 11:11:27.735 D/Glide   ( 1779): Finished loading Bitmap from LOCAL for com.bumptech.glide.gifdecoder.StandardGifDecoder@502af3c with size [314x176] in 13.667833 ms
06-12 11:11:27.738 D/rtk_heartbeat(  351): heartbeat_timed_out: heartbeatCmdCount = 4056, expected nextSeqNum = 4056
06-12 11:11:27.739 D/rtk_heartbeat(  351): rtkbt_heartbeat_cmpl_cback: Current SeqNum = 4056,should SeqNum=4056, status = 0
06-12 11:11:27.769 D/Glide   ( 1779): Finished loading Bitmap from LOCAL for com.bumptech.glide.gifdecoder.StandardGifDecoder@502af3c with size [314x176] in 6.843 ms
06-12 11:11:27.781 D/stbdpc  (  403): STB_DPGetNumPaths[570]: num_paths: 1
06-12 11:11:27.805 D/JioStbInactivityTimer(  928): Timer: count 15 warningTimeout:10680 timeout:10800
06-12 11:11:27.806 D/JioStbInactivityTimer(  928): isUserActive: Curr:4061068 Prev:4061068
06-12 11:11:27.820 D/Glide   ( 1779): Finished loading Bitmap from LOCAL for com.bumptech.glide.gifdecoder.StandardGifDecoder@502af3c with size [314x176] in 16.934082999999998 ms
06-12 11:11:27.829 W/[ 4077.418805@0]  RTW(    0): fill_default_txdesc(wlan0): SP Packet(0x0806) rate=0x4 SeqNum = 14
06-12 11:11:27.849 I/JTCLOG  ( 3482): JtcForegroundService ->RegisterApp()
06-12 11:11:27.849 I/JTCLOG  ( 3482): JuicePresenter -> registerApp
06-12 11:11:27.849 I/JTCLOG  ( 3482): InitState -> Register
06-12 11:11:27.849 I/JTCLOG  ( 3482): InitState -> Juice Sys NOT Started so do both Start and Registration
06-12 11:11:27.850 I/JTCLOG  ( 3482): JuiceModel -> Registering ...........
06-12 11:11:27.851 E/JTCLOG  ( 3482): networkConnectionType = WIFI
06-12 11:11:27.852 D/Glide   ( 1779): Finished loading Bitmap from LOCAL for com.bumptech.glide.gifdecoder.StandardGifDecoder@502af3c with size [314x176] in 8.655792 ms
06-12 11:11:27.853 I/JTCLOG  ( 3482): JuiceModel -> SelfIp of type 2  = 2401:4900:1c16:396:bb79:e9b4:ce56:d79f
06-12 11:11:27.853 E/JTCLOG  ( 3482): MacUniqueID: 23:fd:db:f3:4d:33
06-12 11:11:27.853 I/JTCLOG  ( 3482): JuiceModel -> discover IDU services
06-12 11:11:27.854 I/WifiService(  628): acquireMulticastLock uid=10083
06-12 11:11:27.881 D/stbdpc  (  403): STB_DPGetNumPaths[570]: num_paths: 1
06-12 11:11:27.887 D/Glide   ( 1779): Finished loading Bitmap from LOCAL for com.bumptech.glide.gifdecoder.StandardGifDecoder@502af3c with size [314x176] in 3.128959 ms
06-12 11:11:27.935 D/Glide   ( 1779): Finished loading Bitmap from LOCAL for com.bumptech.glide.gifdecoder.StandardGifDecoder@502af3c with size [314x176] in 11.275457999999999 ms
06-12 11:11:27.969 D/Glide   ( 1779): Finished loading Bitmap from LOCAL for com.bumptech.glide.gifdecoder.StandardGifDecoder@502af3c with size [314x176] in 4.491834 ms
06-12 11:11:27.981 D/stbdpc  (  403): STB_DPGetNumPaths[570]: num_paths: 1
06-12 11:11:28.017 I/appium  (23280): channel read: GET /status
06-12 11:11:28.019 D/Glide   ( 1779): Finished loading Bitmap from LOCAL for com.bumptech.glide.gifdecoder.StandardGifDecoder@502af3c with size [314x176] in 14.972 ms
06-12 11:11:28.021 I/appium  (23280): Status command
06-12 11:11:28.029 I/appium  (23280): AppiumResponse: {"sessionId":"None","value":{"message":"UiAutomator2 Server is ready to accept commands","ready":true}}
06-12 11:11:28.052 D/Glide   ( 1779): Finished loading Bitmap from LOCAL for com.bumptech.glide.gifdecoder.StandardGifDecoder@502af3c with size [314x176] in 7.365208999999999 ms
06-12 11:11:28.056 I/appium  (23280): channel read: POST /session
06-12 11:11:28.058 I/appium  (23280): NewSession command
06-12 11:11:28.079 W/tomator2.serve(23280): Accessing hidden field Landroid/app/UiAutomation;->mOnAccessibilityEventListener:Landroid/app/UiAutomation$OnAccessibilityEventListener; (greylist-max-o, reflection, allowed)
06-12 11:11:28.081 D/stbdpc  (  403): STB_DPGetNumPaths[570]: num_paths: 1
06-12 11:11:28.087 I/appium  (23280): Created the new session with id 36c6c481-fc6b-4d29-8755-c98e1b053820 and capabilities {networkConnectionEnabled=true, warnings={}, databaseEnabled=false, deviceName=192.168.1.23:5555, platform=LINUX, deviceUDID=192.168.1.23:5555, desired={platformName=ANDROID, udid=192.168.1.23:5555, deviceName=192.168.1.23:5555, automationName=UIAutomator2}, automationName=UIAutomator2, webStorageEnabled=false, locationContextEnabled=false, takesScreenshot=true, javascriptEnabled=true, platformName=ANDROID, udid=192.168.1.23:5555}
06-12 11:11:28.099 I/appium  (23280): AppiumResponse: {"sessionId":"36c6c481-fc6b-4d29-8755-c98e1b053820","value":{"capabilities":{"firstMatch":[{"platformName":"ANDROID","udid":"192.168.1.23:5555","deviceName":"192.168.1.23:5555","automationName":"UIAutomator2","platform":"LINUX","webStorageEnabled":false,"takesScreenshot":true,"javascriptEnabled":tru
06-12 11:11:28.102 D/Glide   ( 1779): Finished loading Bitmap from LOCAL for com.bumptech.glide.gifdecoder.StandardGifDecoder@502af3c with size [314x176] in 16.551167 ms
06-12 11:11:28.131 I/appium  (23280): channel read: GET /session/36c6c481-fc6b-4d29-8755-c98e1b053820/appium/device/pixel_ratio
06-12 11:11:28.135 I/appium  (23280): GetDevicePixelRatio command
06-12 11:11:28.136 D/Glide   ( 1779): Finished loading Bitmap from LOCAL for com.bumptech.glide.gifdecoder.StandardGifDecoder@502af3c with size [314x176] in 9.437166 ms
06-12 11:11:28.141 I/appium  (23280): AppiumResponse: {"sessionId":"36c6c481-fc6b-4d29-8755-c98e1b053820","value":2.0}
06-12 11:11:28.145 I/appium  (23280): channel read: GET /session/36c6c481-fc6b-4d29-8755-c98e1b053820/appium/device/system_bars
06-12 11:11:28.148 I/appium  (23280): GetSystemBars command
06-12 11:11:28.149 I/appium  (23280): channel read: GET /session/36c6c481-fc6b-4d29-8755-c98e1b053820/window/current/size
06-12 11:11:28.153 I/appium  (23280): GetDeviceSize command
06-12 11:11:28.153 I/appium  (23280): Get window size of the device
06-12 11:11:28.154 I/appium  (23280): channel read: GET /session/36c6c481-fc6b-4d29-8755-c98e1b053820/appium/device/info
06-12 11:11:28.154 I/appium  (23280): AppiumResponse: {"sessionId":"36c6c481-fc6b-4d29-8755-c98e1b053820","value":{"statusBar":0}}
06-12 11:11:28.155 I/appium  (23280): GetDeviceInfo command
06-12 11:11:28.157 I/appium  (23280): AppiumResponse: {"sessionId":"36c6c481-fc6b-4d29-8755-c98e1b053820","value":{"height":1080,"width":1920}}
06-12 11:11:28.159 I/TetheringManager(23280): registerTetheringEventCallback:io.appium.uiautomator2.server
06-12 11:11:28.174 D/Glide   ( 1779): Finished loading Bitmap from LOCAL for com.bumptech.glide.gifdecoder.StandardGifDecoder@502af3c with size [314x176] in 6.789833 ms
06-12 11:11:28.182 D/stbdpc  (  403): STB_DPGetNumPaths[570]: num_paths: 1
06-12 11:11:28.186 D/dvb_iptv(  403): ReadEmmNetworkTask[1537]: EMM Select Timeout Occured 45
06-12 11:11:28.192 W/tomator2.serve(23280): Accessing hidden field Landroid/net/NetworkCapabilities;->mSignalStrength:I (greylist-max-p, reflection, allowed)
06-12 11:11:28.192 W/tomator2.serve(23280): Accessing hidden field Landroid/net/NetworkCapabilities;->mSSID:Ljava/lang/String; (greylist-max-o, reflection, allowed)
06-12 11:11:28.232 D/Glide   ( 1779): Finished loading Bitmap from LOCAL for com.bumptech.glide.gifdecoder.StandardGifDecoder@502af3c with size [314x176] in 25.136709 ms
06-12 11:11:28.245 I/appium  (23280): AppiumResponse: {"sessionId":"36c6c481-fc6b-4d29-8755-c98e1b053820","value":{"androidId":"407ddcfd393d8270","apiVersion":"30","bluetooth":{"state":"ON"},"brand":"Jio","carrierName":"","displayDensity":320,"locale":"en_IN","manufacturer":"Jio","model":"JMSB200A","networks":[{"capabilities":{"SSID":null,"linkDownBand
06-12 11:11:28.253 D/Glide   ( 1779): Finished loading Bitmap from LOCAL for com.bumptech.glide.gifdecoder.StandardGifDecoder@502af3c with size [314x176] in 5.66125 ms
06-12 11:11:28.282 D/stbdpc  (  403): STB_DPGetNumPaths[570]: num_paths: 1
06-12 11:11:28.303 D/Glide   ( 1779): Finished loading Bitmap from LOCAL for com.bumptech.glide.gifdecoder.StandardGifDecoder@502af3c with size [314x176] in 15.418624999999999 ms
06-12 11:11:28.334 I/ThermalService(  975): CPU temperatures: [65.200005]
06-12 11:11:28.336 D/Glide   ( 1779): Finished loading Bitmap from LOCAL for com.bumptech.glide.gifdecoder.StandardGifDecoder@502af3c with size [314x176] in 9.100624999999999 ms
06-12 11:11:28.370 D/Glide   ( 1779): Finished loading Bitmap from LOCAL for com.bumptech.glide.gifdecoder.StandardGifDecoder@502af3c with size [314x176] in 3.6869159999999996 ms
06-12 11:11:28.382 D/stbdpc  (  403): STB_DPGetNumPaths[570]: num_paths: 1
06-12 11:11:28.419 D/Glide   ( 1779): Finished loading Bitmap from LOCAL for com.bumptech.glide.gifdecoder.StandardGifDecoder@502af3c with size [314x176] in 12.116999999999999 ms
06-12 11:11:28.452 D/Glide   ( 1779): Finished loading Bitmap from LOCAL for com.bumptech.glide.gifdecoder.StandardGifDecoder@502af3c with size [314x176] in 4.692333 ms
06-12 11:11:28.482 D/stbdpc  (  403): STB_DPGetNumPaths[570]: num_paths: 1
06-12 11:11:28.504 D/Glide   ( 1779): Finished loading Bitmap from LOCAL for com.bumptech.glide.gifdecoder.StandardGifDecoder@502af3c with size [314x176] in 15.481083 ms
06-12 11:11:28.537 D/Glide   ( 1779): Finished loading Bitmap from LOCAL for com.bumptech.glide.gifdecoder.StandardGifDecoder@502af3c with size [314x176] in 8.679583 ms
06-12 11:11:28.582 D/stbdpc  (  403): STB_DPGetNumPaths[570]: num_paths: 1
06-12 11:11:28.587 D/Glide   ( 1779): Finished loading Bitmap from LOCAL for com.bumptech.glide.gifdecoder.StandardGifDecoder@502af3c with size [314x176] in 18.175957999999998 ms
06-12 11:11:28.620 D/Glide   ( 1779): Finished loading Bitmap from LOCAL for com.bumptech.glide.gifdecoder.StandardGifDecoder@502af3c with size [314x176] in 10.227125 ms
06-12 11:11:28.656 D/Glide   ( 1779): Finished loading Bitmap from LOCAL for com.bumptech.glide.gifdecoder.StandardGifDecoder@502af3c with size [314x176] in 6.8869169999999995 ms
06-12 11:11:28.660 E/WifiVendorHal(  628): getWifiLinkLayerStats_1_3_Internal(l.973) failed {.code = ERROR_UNKNOWN, .description = unknown error}
06-12 11:11:28.683 D/stbdpc  (  403): STB_DPGetNumPaths[570]: num_paths: 1
06-12 11:11:28.686 D/dvb_iptv(  403): ReadEmmNetworkTask[1537]: EMM Select Timeout Occured 46
06-12 11:11:28.690 D/[ 4078.276862@3]  logd(    0): logdr: UID=0 GID=0 PID=23330 b tail=0 logMask=99 pid=0 start=0ns timeout=0ns
06-12 11:11:28.690 D/[ 4078.278456@2]  logd(    0): Skipping 4294967295 entries from slow reader, pid 23330, from LogBuffer::kickMe()
06-12 11:11:28.703 D/Glide   ( 1779): Finished loading Bitmap from LOCAL for com.bumptech.glide.gifdecoder.StandardGifDecoder@502af3c with size [314x176] in 13.279 ms
06-12 11:11:28.736 D/Glide   ( 1779): Finished loading Bitmap from LOCAL for com.bumptech.glide.gifdecoder.StandardGifDecoder@502af3c with size [314x176] in 5.90975 ms
06-12 11:11:28.738 D/rtk_heartbeat(  351): heartbeat_timed_out: heartbeatCmdCount = 4057, expected nextSeqNum = 4057
06-12 11:11:28.740 D/rtk_heartbeat(  351): rtkbt_heartbeat_cmpl_cback: Current SeqNum = 4057,should SeqNum=4057, status = 0
06-12 11:11:28.783 D/stbdpc  (  403): STB_DPGetNumPaths[570]: num_paths: 1
06-12 11:11:28.787 D/Glide   ( 1779): Finished loading Bitmap from LOCAL for com.bumptech.glide.gifdecoder.StandardGifDecoder@502af3c with size [314x176] in 16.664875 ms
06-12 11:11:28.805 D/JioStbInactivityTimer(  928): Timer: count 16 warningTimeout:10680 timeout:10800
06-12 11:11:28.805 D/JioStbInactivityTimer(  928): isUserActive: Curr:4061068 Prev:4061068
06-12 11:11:28.820 D/Glide   ( 1779): Finished loading Bitmap from LOCAL for com.bumptech.glide.gifdecoder.StandardGifDecoder@502af3c with size [314x176] in 9.553875 ms
06-12 11:11:28.854 D/Glide   ( 1779): Finished loading Bitmap from LOCAL for com.bumptech.glide.gifdecoder.StandardGifDecoder@502af3c with size [314x176] in 3.6712089999999997 ms
--------- beginning of system
06-12 11:11:28.858 I/ActivityTaskManager(  628): START u0 {flg=0x10000000 cmp=in.startv.hotstar/com.hotstar.MainActivity} from uid 0
06-12 11:11:28.858 D/ActivityStarter(  628):  
06-12 11:11:28.858 D/ActivityStarter(  628): launchedPkgName :: in.startv.hotstar 
06-12 11:11:28.858 D/ActivityStarter(  628): callingPackage :: com.android.shell 
06-12 11:11:28.858 D/ActivityStarter(  628): callingUid :: 0 
06-12 11:11:28.858 D/ActivityStarter(  628): callingPid :: 23342
06-12 11:11:28.858 D/ActivityTaskManager(  628): OTHER app is launched
06-12 11:11:28.866 V/DigitalSignage(  628): Package Name: null
06-12 11:11:28.866 V/DigitalSignage(  628): Left: 0
06-12 11:11:28.866 V/DigitalSignage(  628): Right: 0
06-12 11:11:28.866 V/DigitalSignage(  628): Top: 0
06-12 11:11:28.866 V/DigitalSignage(  628): Bottom: 0
06-12 11:11:28.866 D/DigitalSignage(  628): else - Package Name :: null left : 0 right :: 0 top :: 0 bottom :: 0 dfu-right :: 1920 dfu-bottom :: 1080
06-12 11:11:28.872 D/JioLauncher( 1779): package-unregisterReceiver-for-downloadFeedBackReceiver
06-12 11:11:28.873 D/JioLauncher( 1779): intro-activity-on-pause
06-12 11:11:28.873 D/JioLauncher( 1779): recommendation-pause-called-no-recommendation-call-in-progress-cancel-handler
06-12 11:11:28.873 D/JioLauncher( 1779): ipl-pause-called-no-ipl-call-in-progress-cancel-handler
06-12 11:11:28.873 D/JioLauncher( 1779): for-u-recommendation-api-call-remove
06-12 11:11:28.873 D/JioLauncher( 1779): promotion-pause-called-no-ads-call-in-progress-cancel-handler
06-12 11:11:28.873 D/JioLauncher( 1779): ipl-promotion-pause-called-no-ads-call-in-progress-cancel-handler
06-12 11:11:28.874 D/JioLauncher( 1779): ThreadCount-141
06-12 11:11:28.874 D/JioLauncher( 1779): isInactivityPopupDisplaying-{"inactivity_status_modified_time":1420050609514,"inactivity_status":false,"inactivity_window_timeout":120000}
06-12 11:11:28.874 D/JioLauncher( 1779): inactivity_status-false- result-false
06-12 11:11:28.874 D/JioLauncher( 1779): overlay-removing-type-LIVE_TV_ALERT_TYPE  -isInactivityPopupDisplaying-false
06-12 11:11:28.874 D/JioLauncher( 1779): ThreadCount-141
06-12 11:11:28.874 D/JioLauncher( 1779): isInactivityPopupDisplaying-{"inactivity_status_modified_time":1420050609514,"inactivity_status":false,"inactivity_window_timeout":120000}
06-12 11:11:28.874 D/JioLauncher( 1779): inactivity_status-false- result-false
06-12 11:11:28.874 D/JioLauncher( 1779): block-apps 1 null false
06-12 11:11:28.874 D/JioLauncher( 1779): global-key-unblock-all-key
06-12 11:11:28.876 D/JioLauncher( 1779): block-apps -1 null false
06-12 11:11:28.876 D/JioLauncher( 1779): global-key-block-all-key--others
06-12 11:11:28.883 D/stbdpc  (  403): STB_DPGetNumPaths[570]: num_paths: 1
06-12 11:11:28.884 D/CompatibilityChangeReporter(  628): Compat change id reported: 135634846; UID 10072; state: DISABLED
06-12 11:11:28.885 D/CompatibilityChangeReporter(  628): Compat change id reported: 143937733; UID 10072; state: ENABLED
06-12 11:11:28.904 D/Glide   ( 1779): Finished loading Bitmap from LOCAL for com.bumptech.glide.gifdecoder.StandardGifDecoder@502af3c with size [314x176] in 12.886458 ms
06-12 11:11:28.904 V/DigitalSignage(  628): Package Name: null
06-12 11:11:28.904 V/DigitalSignage(  628): Left: 0
06-12 11:11:28.904 V/DigitalSignage(  628): Right: 0
06-12 11:11:28.905 V/DigitalSignage(  628): Top: 0
06-12 11:11:28.905 V/DigitalSignage(  628): Bottom: 0
06-12 11:11:28.905 D/DigitalSignage(  628): else - Package Name :: null left : 0 right :: 0 top :: 0 bottom :: 0 dfu-right :: 1920 dfu-bottom :: 1080
06-12 11:11:28.918 D/Zygote  (  325): Forked child process 23345
06-12 11:11:28.931 I/ActivityManager(  628): Start proc 23345:in.startv.hotstar/u0a72 for pre-top-activity {in.startv.hotstar/com.hotstar.MainActivity}
06-12 11:11:28.934 V/DigitalSignage(  628): Package Name: null
06-12 11:11:28.934 V/DigitalSignage(  628): Left: 0
06-12 11:11:28.934 V/DigitalSignage(  628): Right: 0
06-12 11:11:28.934 V/DigitalSignage(  628): Top: 0
06-12 11:11:28.934 V/DigitalSignage(  628): Bottom: 0
06-12 11:11:28.935 D/DigitalSignage(  628): else - Package Name :: null left : 0 right :: 0 top :: 0 bottom :: 0 dfu-right :: 1920 dfu-bottom :: 1080
06-12 11:11:28.942 I/appium  (23280): channel read: POST /session/36c6c481-fc6b-4d29-8755-c98e1b053820/element
06-12 11:11:28.943 I/appium  (23280): FindElement command
06-12 11:11:28.944 I/adbd    (15488): jdwp connection from 23345
06-12 11:11:28.944 D/Glide   ( 1779): Finished loading Bitmap from LOCAL for com.bumptech.glide.gifdecoder.StandardGifDecoder@502af3c with size [314x176] in 12.408999999999999 ms
06-12 11:11:28.948 I/appium  (23280): method: 'xpath', selector: '//android.widget.ImageView[@resource-id='in.startv.hotstar:id/iv_profile']'
06-12 11:11:28.959 I/appium  (23280): Waiting up to 10000ms for the device to idle
06-12 11:11:28.961 F/linker  (23365): CANNOT LINK EXECUTABLE "/system/bin/smartcable/smartCableSTBApp": library "libmosquitto.so" not found: needed by main executable
06-12 11:11:28.963 D/ActivityTaskManager(  628): JioHomeManagerService :: ActivityRecord :: setState :: StateFrom :: INITIALIZING StateTo :: RESUMED 
06-12 11:11:28.972 V/DigitalSignage(  628): Package Name: null
06-12 11:11:28.972 V/DigitalSignage(  628): Left: 0
06-12 11:11:28.972 V/DigitalSignage(  628): Right: 0
06-12 11:11:28.972 V/DigitalSignage(  628): Top: 0
06-12 11:11:28.972 V/DigitalSignage(  628): Bottom: 0
06-12 11:11:28.972 D/DigitalSignage(  628): else - Package Name :: null left : 0 right :: 0 top :: 0 bottom :: 0 dfu-right :: 1920 dfu-bottom :: 1080
06-12 11:11:28.980 D/ActivityManager(  628): JioHomeManagerService :: StateFrom :: INITIALIZING StateTo :: RESUMED Activity :: in.startv.hotstar/com.hotstar.MainActivity Action :: com.jio.remote.action.applaunch
06-12 11:11:28.982 D/NetflixService(  975): onForegroundActivitiesChanged pid:23345,uid:10072,fg:true
06-12 11:11:28.983 D/stbdpc  (  403): STB_DPGetNumPaths[570]: num_paths: 1
06-12 11:11:28.986 I/android.hardware.power-service.libperfmgr(  371): Power setBoost: INTERACTION duration: 0
06-12 11:11:28.986 I/libperfmgr(  371): Do Powerhint: INTERACTION
06-12 11:11:28.989 D/Glide   ( 1779): Finished loading Bitmap from LOCAL for com.bumptech.glide.gifdecoder.StandardGifDecoder@502af3c with size [314x176] in 15.746583 ms
06-12 11:11:28.989 V/DigitalSignage(  628): Package Name: null
06-12 11:11:28.989 V/DigitalSignage(  628): Left: 0
06-12 11:11:28.989 V/DigitalSignage(  628): Right: 0
06-12 11:11:28.989 V/DigitalSignage(  628): Top: 0
06-12 11:11:28.989 V/DigitalSignage(  628): Bottom: 0
06-12 11:11:28.990 D/DigitalSignage(  628): else - Package Name :: null left : 0 right :: 0 top :: 0 bottom :: 0 dfu-right :: 1920 dfu-bottom :: 1080
06-12 11:11:28.993 D/NetflixService(  975): processName:com.netflix.ninja,importance:300
06-12 11:11:29.011 D/NetworkSecurityConfig(23345): Using Network Security Config from resource network_security_config debugBuild: false
06-12 11:11:29.012 D/NetworkSecurityConfig(23345): Using Network Security Config from resource network_security_config debugBuild: false
06-12 11:11:29.020 D/Glide   ( 1779): Finished loading Bitmap from LOCAL for com.bumptech.glide.gifdecoder.StandardGifDecoder@502af3c with size [314x176] in 6.9702079999999995 ms
06-12 11:11:29.046 D/SessionsDependencies(23345): Dependency to CRASHLYTICS added.
06-12 11:11:29.062 I/FirebaseApp(23345): Device unlocked: initializing all Firebase APIs for app [DEFAULT]
06-12 11:11:29.071 D/Glide   ( 1779): Finished loading Bitmap from LOCAL for com.bumptech.glide.gifdecoder.StandardGifDecoder@502af3c with size [314x176] in 16.722333 ms
06-12 11:11:29.084 D/stbdpc  (  403): STB_DPGetNumPaths[570]: num_paths: 1
06-12 11:11:29.087 D/FirebaseSessions(23345): Initializing Firebase Sessions SDK.
06-12 11:11:29.105 D/Glide   ( 1779): Finished loading Bitmap from LOCAL for com.bumptech.glide.gifdecoder.StandardGifDecoder@502af3c with size [314x176] in 10.505125 ms
06-12 11:11:29.122 I/FirebaseCrashlytics(23345): Initializing Firebase Crashlytics 19.3.0 for in.startv.hotstar
06-12 11:11:29.130 W/GooglePlayServicesUtil(23345): in.startv.hotstar requires the Google Play Store, but it is missing.
06-12 11:11:29.130 E/DynamiteModule(23345): Invalid GmsCore APK, remote loading disabled.
06-12 11:11:29.130 I/DynamiteModule(23345): Considering local module com.google.android.gms.measurement.dynamite:127 and remote module com.google.android.gms.measurement.dynamite:0
06-12 11:11:29.130 I/DynamiteModule(23345): Selected local version of com.google.android.gms.measurement.dynamite
06-12 11:11:29.131 E/DynamiteModule(23345): Invalid GmsCore APK, remote loading disabled.
06-12 11:11:29.138 W/FA      (23345): Failed to register event listener on calling thread. Trying again on the dynamite thread.
06-12 11:11:29.139 D/SessionsDependencies(23345): Subscriber CRASHLYTICS registered.
06-12 11:11:29.155 D/Glide   ( 1779): Finished loading Bitmap from LOCAL for com.bumptech.glide.gifdecoder.StandardGifDecoder@502af3c with size [314x176] in 18.086917 ms
06-12 11:11:29.174 I/FirebaseInitProvider(23345): FirebaseApp initialization successful
06-12 11:11:29.174 D/LifecycleServiceBinder(23345): Binding service to application.
06-12 11:11:29.184 D/stbdpc  (  403): STB_DPGetNumPaths[570]: num_paths: 1
06-12 11:11:29.184 D/WM-WrkMgrInitializer(23345): Initializing WorkManager with default configuration.
06-12 11:11:29.186 D/dvb_iptv(  403): ReadEmmNetworkTask[1537]: EMM Select Timeout Occured 47
06-12 11:11:29.190 D/Glide   ( 1779): Finished loading Bitmap from LOCAL for com.bumptech.glide.gifdecoder.StandardGifDecoder@502af3c with size [314x176] in 13.525374999999999 ms
06-12 11:11:29.198 I/TetheringManager(23345): registerTetheringEventCallback:in.startv.hotstar
06-12 11:11:29.198 I/FA      (23345): App measurement initialized, version: 106000
06-12 11:11:29.198 I/FA      (23345): To enable debug logging run: adb shell setprop log.tag.FA VERBOSE
