01-01 05:30:04.863 I/[    1.360076@1]  hdmitx(    0): RX tmds clk: 150   Calc clk: 121
01-01 05:30:04.863 I/[    1.360091@1]  hdmitx(    0): RX tmds clk: 150   Calc clk: 106
01-01 05:30:04.863 I/[    1.360113@1]  hdmitx(    0): RX tmds clk: 150   Calc clk: 108
01-01 05:30:04.863 I/[    1.360135@1]  hdmitx(    0): RX tmds clk: 150   Calc clk: 146
01-01 05:30:04.863 I/        (    0): [    1.360312@1]  [drm] hdisplay = 720
01-01 05:30:04.863 I/        (    0): [    1.360312@1]  vdisplay = 576
01-01 05:30:04.864 I/        (    0): [    1.360312@1]  vrefresh = 50
01-01 05:30:04.864 I/        (    0): [    1.360337@1]  [drm] kms: can't enable cloning when we probably wanted to.
01-01 05:30:04.864 I/        (    0): [    1.360352@1]  [drm] mode_cmd.width = 1920
01-01 05:30:04.864 I/        (    0): [    1.360356@1]  [drm] mode_cmd.height = 2160
01-01 05:30:04.864 I/        (    0): [    1.360360@1]  [drm] mode_cmd.pixel_format = 875713089-875713089
01-01 05:30:04.864 I/        (    0): [    1.360373@1]  [drm] meson_fb[id:70,ref:1]=0x(____ptrval____),meson_fb->bufp[0]=0x0000000000000000
01-01 05:30:04.864 I/        (    0): [    1.360570@1]  meson drm-subsystem: fb0: mesondrmfb frame buffer device
01-01 05:30:04.864 I/        (    0): [    1.376765@2]  [drm] create fbdev success.
01-01 05:30:04.864 I/        (    0): [    1.376772@2]  [drm] create fbdev for primary plane [(____ptrval____)]
01-01 05:30:04.864 I/[    1.376823@2]  hdmitx(    0): RX tmds clk: 150   Calc clk: 27
01-01 05:30:04.864 I/[    1.376834@2]  hdmitx(    0): RX tmds clk: 150   Calc clk: 27
01-01 05:30:04.864 I/[    1.376844@2]  hdmitx(    0): RX tmds clk: 150   Calc clk: 74
01-01 05:30:04.864 I/[    1.376854@2]  hdmitx(    0): RX tmds clk: 150   Calc clk: 74
01-01 05:30:04.864 I/[    1.376864@2]  hdmitx(    0): RX tmds clk: 150   Calc clk: 148
01-01 05:30:04.864 I/[    1.376874@2]  hdmitx(    0): RX tmds clk: 150   Calc clk: 74
01-01 05:30:04.864 I/[    1.376884@2]  hdmitx(    0): RX tmds clk: 150   Calc clk: 74
01-01 05:30:04.864 I/[    1.376895@2]  hdmitx(    0): RX tmds clk: 150   Calc clk: 148
01-01 05:30:04.864 I/[    1.376933@2]  hdmitx(    0): RX tmds clk: 150   Calc clk: 25
01-01 05:30:04.864 I/[    1.376950@2]  hdmitx(    0): RX tmds clk: 150   Calc clk: 40
01-01 05:30:04.864 I/[    1.376976@2]  hdmitx(    0): RX tmds clk: 150   Calc clk: 65
01-01 05:30:04.864 I/[    1.377002@2]  hdmitx(    0): RX tmds clk: 150   Calc clk: 71
01-01 05:30:04.864 I/[    1.377021@2]  hdmitx(    0): RX tmds clk: 150   Calc clk: 108
01-01 05:30:04.864 I/[    1.377046@2]  hdmitx(    0): RX tmds clk: 150   Calc clk: 121
01-01 05:30:04.864 I/[    1.377062@2]  hdmitx(    0): RX tmds clk: 150   Calc clk: 106
01-01 05:30:04.864 I/[    1.377083@2]  hdmitx(    0): RX tmds clk: 150   Calc clk: 108
01-01 05:30:04.864 I/[    1.377105@2]  hdmitx(    0): RX tmds clk: 150   Calc clk: 146
01-01 05:30:04.864 I/        (    0): [    1.377265@2]  [drm] hdisplay = 720
01-01 05:30:04.864 I/        (    0): [    1.377265@2]  vdisplay = 576
01-01 05:30:04.864 I/        (    0): [    1.377265@2]  vrefresh = 50
01-01 05:30:04.864 I/        (    0): [    1.377299@2]  [drm] kms: can't enable cloning when we probably wanted to.
01-01 05:30:04.864 I/        (    0): [    1.377312@2]  [drm] mode_cmd.width = 1920
01-01 05:30:04.864 I/        (    0): [    1.377316@2]  [drm] mode_cmd.height = 2160
01-01 05:30:04.864 I/        (    0): [    1.377320@2]  [drm] mode_cmd.pixel_format = 875713089-875713089
01-01 05:30:04.864 I/        (    0): [    1.377336@2]  [drm] meson_fb[id:72,ref:1]=0x(____ptrval____),meson_fb->bufp[0]=0x0000000000000000
01-01 05:30:04.864 I/        (    0): [    1.377497@2]  meson drm-subsystem: fb1: mesondrmfb frame buffer device
01-01 05:30:04.864 I/        (    0): [    1.377504@2]  [drm] create fbdev success.
01-01 05:30:04.864 I/        (    0): [    1.377508@2]  [drm] create fbdev for plane [1]-[(____ptrval____)]
01-01 05:30:04.864 I/[    1.377546@2]  hdmitx(    0): RX tmds clk: 150   Calc clk: 27
01-01 05:30:04.864 I/[    1.377557@2]  hdmitx(    0): RX tmds clk: 150   Calc clk: 27
01-01 05:30:04.864 I/[    1.377567@2]  hdmitx(    0): RX tmds clk: 150   Calc clk: 74
01-01 05:30:04.864 I/[    1.377577@2]  hdmitx(    0): RX tmds clk: 150   Calc clk: 74
01-01 05:30:04.864 I/[    1.377586@2]  hdmitx(    0): RX tmds clk: 150   Calc clk: 148
01-01 05:30:04.864 I/[    1.377597@2]  hdmitx(    0): RX tmds clk: 150   Calc clk: 74
01-01 05:30:04.864 I/[    1.377606@2]  hdmitx(    0): RX tmds clk: 150   Calc clk: 74
01-01 05:30:04.864 I/[    1.377616@2]  hdmitx(    0): RX tmds clk: 150   Calc clk: 148
01-01 05:30:04.864 I/[    1.377653@2]  hdmitx(    0): RX tmds clk: 150   Calc clk: 25
01-01 05:30:04.864 I/[    1.377670@2]  hdmitx(    0): RX tmds clk: 150   Calc clk: 40
01-01 05:30:04.864 I/[    1.377695@2]  hdmitx(    0): RX tmds clk: 150   Calc clk: 65
01-01 05:30:04.864 I/[    1.377721@2]  hdmitx(    0): RX tmds clk: 150   Calc clk: 71
01-01 05:30:04.864 I/[    1.377740@2]  hdmitx(    0): RX tmds clk: 150   Calc clk: 108
01-01 05:30:04.864 I/[    1.377765@2]  hdmitx(    0): RX tmds clk: 150   Calc clk: 121
01-01 05:30:04.864 I/[    1.377781@2]  hdmitx(    0): RX tmds clk: 150   Calc clk: 106
01-01 05:30:04.864 I/[    1.377802@2]  hdmitx(    0): RX tmds clk: 150   Calc clk: 108
01-01 05:30:04.864 I/[    1.377824@2]  hdmitx(    0): RX tmds clk: 150   Calc clk: 146
01-01 05:30:04.864 I/        (    0): [    1.377976@2]  [drm] hdisplay = 720
01-01 05:30:04.864 I/        (    0): [    1.377976@2]  vdisplay = 576
01-01 05:30:04.864 I/        (    0): [    1.377976@2]  vrefresh = 50
01-01 05:30:04.864 I/        (    0): [    1.378006@2]  [drm] kms: can't enable cloning when we probably wanted to.
01-01 05:30:04.864 I/        (    0): [    1.378017@2]  [drm] mode_cmd.width = 1920
01-01 05:30:04.864 I/        (    0): [    1.378021@2]  [drm] mode_cmd.height = 2160
01-01 05:30:04.864 I/        (    0): [    1.378024@2]  [drm] mode_cmd.pixel_format = 875713089-875713089
01-01 05:30:04.864 I/        (    0): [    1.378035@2]  [drm] meson_fb[id:73,ref:1]=0x(____ptrval____),meson_fb->bufp[0]=0x0000000000000000
01-01 05:30:04.864 I/        (    0): [    1.378158@2]  meson drm-subsystem: fb2: mesondrmfb frame buffer device
01-01 05:30:04.864 I/        (    0): [    1.378165@2]  [drm] create fbdev success.
01-01 05:30:04.864 I/        (    0): [    1.378170@2]  [drm] create fbdev for plane [2]-[(____ptrval____)]
01-01 05:30:04.864 I/        (    0): [    1.378174@2]  [drm] am_meson_drm_fbdev_init create 2 out
01-01 05:30:04.864 I/        (    0): [    1.378510@2]  [drm] Initialized meson 1.0.0 20180321 for drm-subsystem on minor 0
01-01 05:30:04.864 I/        (    0): [    1.378623@2]  [drm] meson_drm_main_init() end
01-01 05:30:04.864 I/        (    0): [    1.379676@2]  load module: aml_dsm
01-01 05:30:04.864 I/        (    0): [    1.380862@2]  load module: aml_irblaster
01-01 05:30:04.864 I/        (    0): [    1.382407@2]  load module: mdio_mux
01-01 05:30:04.864 I/        (    0): [    1.382960@2]  load module: aml_mdio_g12a
01-01 05:30:04.864 I/        (    0): [    1.384531@2]  load module: aml_rng
01-01 05:30:04.865 I/[    1.385004@3]  random(    0): crng init done
01-01 05:30:04.865 I/        (    0): [    1.386044@2]  load module: amlogic_amaudio
01-01 05:30:04.865 I/[    1.386053@2]  amaudio(    0): amaudio: driver amaudio init!
01-01 05:30:04.865 I/[    1.386374@2]  amaudio(    0): amaudio_init - amaudio: driver amaudio succuess!
01-01 05:30:04.865 I/        (    0): [    1.387766@2]  load module: audio_data
01-01 05:30:04.865 I/        (    0): [    1.389125@2]  load module: audiodsp
01-01 05:30:04.865 I/[    1.389140@2]  audio_dsp(    0): [dsp]register dsp to char divece(272)
01-01 05:30:04.865 I/        (    0): [    1.390256@2]  load module: cp210x
01-01 05:30:04.865 I/[    1.390312@2]  usbcore(    0): registered new interface driver cp210x
01-01 05:30:04.865 I/[    1.390341@2]  usbserial(    0): USB Serial support registered for cp210x
01-01 05:30:04.865 I/        (    0): [    1.391200@2]  load module: dolby_fw
01-01 05:30:04.865 I/        (    0): [    1.393264@2]  load module: phylink
01-01 05:30:04.865 I/        (    0): [    1.394353@2]  load module: pps_core
01-01 05:30:04.865 I/[    1.394391@2]  pps_core(    0): LinuxPPS API ver. 1 registered
01-01 05:30:04.865 I/[    1.394395@2]  pps_core(    0): Software ver. 5.3.6 - Copyright 2005-2007 Rodolfo Giometti <giometti@linux.it>
01-01 05:30:04.865 I/        (    0): [    1.395498@2]  load module: ptp
01-01 05:30:04.865 I/        (    0): [    1.395534@2]  PTP clock support registered
01-01 05:30:04.865 I/        (    0): [    1.399222@2]  load module: stmmac
01-01 05:30:04.865 I/        (    0): [    1.400350@2]  load module: stmmac_platform
01-01 05:30:04.865 I/        (    0): [    1.400972@2]  load module: dwmac_dwc_qos_eth
01-01 05:30:04.865 I/        (    0): [    1.402200@2]  load module: dwmac_meson8b
01-01 05:30:04.865 I/        (    0): [    1.402455@2]  meson8b-dwmac fdc00000.ethernet: IRQ eth_wake_irq not found
01-01 05:30:04.865 I/        (    0): [    1.402463@2]  meson8b-dwmac fdc00000.ethernet: IRQ eth_lpi not found
01-01 05:30:04.865 W/        (    0): [    1.402551@2]  meson8b-dwmac fdc00000.ethernet: PTP uses main clock
01-01 05:30:04.865 I/        (    0): [    1.402560@2]  meson8b-dwmac fdc00000.ethernet: no reset control found
01-01 05:30:04.865 I/        (    0): [    1.403046@3]  meson8b-dwmac fdc00000.ethernet: User ID: 0x11, Synopsys ID: 0x37
01-01 05:30:04.865 I/        (    0): [    1.403055@3]  meson8b-dwmac fdc00000.ethernet: 	DWMAC1000
01-01 05:30:04.865 I/        (    0): [    1.403061@3]  meson8b-dwmac fdc00000.ethernet: DMA HW capability register supported
01-01 05:30:04.865 I/        (    0): [    1.403067@3]  meson8b-dwmac fdc00000.ethernet: RX Checksum Offload Engine supported
01-01 05:30:04.865 I/        (    0): [    1.403072@3]  meson8b-dwmac fdc00000.ethernet: COE Type 2
01-01 05:30:04.865 I/        (    0): [    1.403077@3]  meson8b-dwmac fdc00000.ethernet: TX Checksum insertion supported
01-01 05:30:04.865 I/        (    0): [    1.403082@3]  meson8b-dwmac fdc00000.ethernet: Wake-Up On Lan supported
01-01 05:30:04.865 I/        (    0): [    1.403113@3]  meson8b-dwmac fdc00000.ethernet: Normal descriptors
01-01 05:30:04.865 I/        (    0): [    1.403118@3]  meson8b-dwmac fdc00000.ethernet: Ring mode enabled
01-01 05:30:04.865 I/        (    0): [    1.403124@3]  meson8b-dwmac fdc00000.ethernet: Enable RX Mitigation via HW Watchdog Timer
01-01 05:30:04.866 I/        (    0): [    1.403131@3]  meson8b-dwmac fdc00000.ethernet: device MAC address 34:d8:56:8b:1f:a4
01-01 05:30:04.866 I/[    1.403297@3]  libphy(    0): stmmac: probed
01-01 05:30:04.866 I/        (    0): [    1.403736@3]  aml_cust_setting
01-01 05:30:04.866 E/        (    0): [    1.403746@3]  meson8b-dwmac fdc00000.ethernet: Unable to get resource(350)
01-01 05:30:04.866 I/        (    0): [    1.403750@3]  no mac_wol
01-01 05:30:04.866 I/        (    0): [    1.403754@3]  use default internal_phy as 0
01-01 05:30:04.866 I/        (    0): [    1.403758@3]  set default cali_val as 0
01-01 05:30:04.866 I/        (    0): [    1.403762@3]  cover mc_val as 0x4be0c
01-01 05:30:04.866 W/[    1.404617@3]  exfat(    0): module is from the staging directory, the quality is unknown, you have been warned.
01-01 05:30:04.866 I/        (    0): [    1.406112@3]  load module: exfat
01-01 05:30:04.866 I/[    1.406121@3]  exFAT(    0): Version 1.3.0
01-01 05:30:04.866 I/        (    0): [    1.408116@3]  load module: ftdi_sio
01-01 05:30:04.866 I/[    1.408175@3]  usbcore(    0): registered new interface driver ftdi_sio
01-01 05:30:04.866 I/[    1.408206@3]  usbserial(    0): USB Serial support registered for FTDI USB Serial Device
01-01 05:30:04.866 I/        (    0): [    1.409205@3]  load module: gpio_keypad
01-01 05:30:04.866 I/        (    0): [    1.409617@3]  gpio-keypad gpio_keypad: reset key(249) type(0x1) registered.
01-01 05:30:04.866 I/[    1.409728@3]  input(    0): gpio_keypad as /devices/platform/gpio_keypad/input/input3
01-01 05:30:04.866 I/        (    0): [    1.411684@3]  load module: hifidsp
01-01 05:30:04.866 D/[    1.412021@3]  hifi4dsp(    0): hifi4dsp_platform_probe of read dsp-cnt=1
01-01 05:30:04.866 D/[    1.412026@3]  hifi4dsp(    0): hifi4dsp_platform_probe of read dsp_start_mode = 1
01-01 05:30:04.866 D/[    1.412032@3]  hifi4dsp(    0): hifi4dsp_platform_probe of read dspaoffset=0x00000000
01-01 05:30:04.866 D/[    1.412036@3]  hifi4dsp(    0): hifi4dsp_platform_probe of read dspboffset=0x00800000
01-01 05:30:04.866 E/        (    0): [    1.412044@3]  hifi4dsp fe340000.hifi4dsp: Can't retrieve dsp-monitor-period-ms
01-01 05:30:04.866 D/[    1.412049@3]  hifi4dsp(    0): hifi4dsp_platform_probe of read dsp bootlocation=1
01-01 05:30:04.866 I/[    1.412052@3]  hifi4dsp(    0): Dsp boot from DDR !
01-01 05:30:04.866 E/        (    0): [    1.412078@3]  hifi4dsp fe340000.hifi4dsp: failed to get dspb base address
01-01 05:30:04.866 E/        (    0): [    1.412083@3]  hifi4dsp fe340000.hifi4dsp: Can't retrieve srambase
01-01 05:30:04.866 I/        (    0): [    1.412095@3]  hifi4dsp fe340000.hifi4dsp: assigned reserved memory node linux,dsp_fw
01-01 05:30:04.866 I/[    1.412700@3]  hifi4dsp(    0): of read fwmem phys = [0x30000000 0x800000]
01-01 05:30:04.866 E/        (    0): [    1.412709@3]  hifi4dsp fe340000.hifi4dsp: failed to get dsp share memory resource.
01-01 05:30:04.866 I/[    1.412714@3]  hifi4dsp(    0):  
01-01 05:30:04.866 I/        (    0): [    1.412714@3]  register dsp-0 start
01-01 05:30:04.866 D/[    1.412718@3]  hifi4dsp(    0): reserved_mem :base:0x30000000, size:0x800000
01-01 05:30:04.866 D/[    1.412856@3]  hifi4dsp(    0): [HIGH-MEM-MAP] pa(30800000) to va(0000000016502844), size: 8388608
01-01 05:30:04.866 I/[    1.412862@3]  hifi4dsp(    0): hifi4dsp0, firmware :base:0x30000000, size:0x800000, virt:ffffffc011b01000
01-01 05:30:04.866 I/[    1.413015@3]  hifi4dsp(    0): register dsp _p_dsp_miscdev->priv alloc success
01-01 05:30:04.866 I/[    1.413034@3]  hifi4dsp(    0): register dsp-0 done
01-01 05:30:04.866 E/        (    0): [    1.413041@3]  hifi4dsp fe340000.hifi4dsp: failed to get dsp0 status register.
01-01 05:30:04.866 I/[    1.413045@3]  hifi4dsp(    0): hifi4dsp_platform_probe done
01-01 05:30:04.866 I/        (    0): [    1.414328@3]  load module: leds_tlc59116
01-01 05:30:04.866 I/        (    0): [    1.415242@3]  load module: leds_state
01-01 05:30:04.866 I/        (    0): [    1.416204@3]  load module: meson_clk_debug
01-01 05:30:04.866 I/        (    0): [    1.417258@3]  load module: meson_cpufreq
01-01 05:30:04.866 I/[    1.417662@3]  meson_cpufreq(    0): value of voltage_tolerance 0
01-01 05:30:04.866 I/[    1.417668@3]  meson_cpufreq(    0): value of low_dsu_rate 1200000
01-01 05:30:04.866 I/[    1.417712@3]  meson_cpufreq(    0): choose_cpufreq_tables_index:clusterid: 0 tables_index 0
01-01 05:30:04.866 I/        (    0): [    1.417795@3]  cpu cpu0: meson_cpufreq_init: CPU 0 initialized
01-01 05:30:04.866 W/[    1.417860@3]  cpufreq(    0): cpufreq_online: CPU0: Running at unlisted freq: 1512000 KHz
01-01 05:30:04.866 W/[    1.419266@3]  cpufreq(    0): cpufreq_online: CPU0: Unlisted initial frequency changed to: 1608000 KHz
01-01 05:30:04.866 I/        (    0): [    1.421783@3]  load module: meson_gxl
01-01 05:30:04.866 I/        (    0): [    1.422429@3]  load module: meson_gxbb_wdt
01-01 05:30:04.866 I/        (    0): [    1.422611@3]  meson-gxbb-wdt fe002100.watchdog: feeding watchdog mode: [kernel]
01-01 05:30:04.866 I/        (    0): [    1.424461@3]  load module: meson_ir
01-01 05:30:04.866 I/[    1.425007@3]  input(    0): ir_keypad as /devices/platform/fe084040.ir/input/input4
01-01 05:30:04.866 I/[    1.425450@3]  input(    0): ir_keypad1 as /devices/platform/fe084040.ir/input/input5
01-01 05:30:04.866 I/        (    0): [    1.426780@3]  load module: meson_jtag
01-01 05:30:04.866 I/        (    0): [    1.428249@3]  load module: meson_saradc
01-01 05:30:04.866 W/        (    0): [    1.428454@3]  meson-saradc fe026000.saradc: fe026000.saradc supply vref not found, using dummy regulator
01-01 05:30:04.866 I/        (    0): [    1.429952@3]  load module: pl2303
01-01 05:30:04.866 I/[    1.429998@3]  usbcore(    0): registered new interface driver pl2303
01-01 05:30:04.866 I/[    1.430026@3]  usbserial(    0): USB Serial support registered for pl2303
01-01 05:30:04.866 I/        (    0): [    1.430741@3]  load module: reboot
01-01 05:30:04.866 E/        (    0): [    1.430860@3]  aml-restart aml_reboot: invalid resource
01-01 05:30:04.866 I/        (    0): [    1.430864@3]  Enable disable_nonboot_cpus in syscore shutdown.
01-01 05:30:04.866 I/        (    0): [    1.431675@3]  load module: reg_access
01-01 05:30:04.866 I/        (    0): [    1.432331@3]  load module: rtc_meson_vrtc
01-01 05:30:04.866 W/        (    0): [    1.447628@3]  rtc rtc0: invalid alarm value: 1969-06-17T1193026:22:07
01-01 05:30:04.866 I/        (    0): [    1.447824@3]  meson-vrtc fe010288.rtc: registered as rtc0
01-01 05:30:04.866 I/        (    0): [    1.447842@3]  meson-vrtc fe010288.rtc: setting system clock to 1970-01-01T00:00:01 UTC (1)
01-01 05:30:04.866 I/        (    0): [    1.449212@3]  load module: snd_hwdep
01-01 05:30:04.866 I/        (    0): [    1.450471@3]  load module: snd_usbmidi_lib
01-01 05:30:04.866 I/        (    0): [    1.455190@3]  load module: snd_usb_audio
01-01 05:30:04.866 I/[    1.455263@3]  usbcore(    0): registered new interface driver snd-usb-audio
01-01 05:30:04.866 I/        (    0): [    1.456837@3]  load module: thermal
01-01 05:30:04.866 I/        (    0): [    1.457097@3]  meson ts init
01-01 05:30:04.866 I/        (    0): [    1.457112@3]  tsensor id: 0
01-01 05:30:04.866 I/        (    0): [    1.457142@3]  tsensor rtemp :110000
01-01 05:30:04.866 I/        (    0): [    1.472856@3]  meson ts init
01-01 05:30:04.866 I/        (    0): [    1.472867@3]  tsensor id: 1
01-01 05:30:04.866 I/        (    0): [    1.472888@3]  tsensor rtemp :110000
01-01 05:30:04.866 I/        (    0): [    1.489103@3]  meson_cdev probe
01-01 05:30:04.866 I/        (    0): [    1.489112@3]  meson_cdev index: 0
01-01 05:30:04.866 I/        (    0): [    1.489187@3]  cpucore_cooling_register, max_cpu_core_num:4
01-01 05:30:04.866 I/        (    0): [    1.489259@3]  meson_cdev index: 1
01-01 05:30:04.867 I/        (    0): [    1.489266@3]  meson_cdev probe done
01-01 05:30:04.867 I/[    1.519061@3]  e2fsck(    0): e2fsck 1.45.4 (23-Sep-2019)
01-01 05:30:04.867 I/[    1.521417@3]  e2fsck(    0): /dev/block/by-name/metadata: recovering journal
01-01 05:30:04.867 W/        (    0): [    1.524797@0]  aml_codec_T9015 fe01a000.t9015: ASoC: source widget Left DAC overwritten
01-01 05:30:04.867 D/        (    0): [    1.524914@0]  aml_dai_set_tdm_slot(), txmask(0x1), rxmask(0x1)
01-01 05:30:04.867 D/        (    0): [    1.524919@0]  	lanes_out_cnt(1), lanes_in_cnt(1)
01-01 05:30:04.867 D/        (    0): [    1.524922@0]  	slots(2), slot_width(16)
01-01 05:30:04.867 D/        (    0): [    1.524944@0]  aml_tdm_set_fmt...0x4004, id(0), clksel(0)
01-01 05:30:04.867 I/        (    0): [    1.524950@0]  master_mode(1), binv(1), finv(0) out_skew(2), in_skew(3)
01-01 05:30:04.867 I/        (    0): [    1.525047@0]  asoc-aml-card auge_sound: soc:dummy <-> TDM-A mapping ok
01-01 05:30:04.867 D/        (    0): [    1.525055@0]  aml_dai_set_tdm_slot(), txmask(0x3), rxmask(0x3)
01-01 05:30:04.867 D/        (    0): [    1.525058@0]  	lanes_out_cnt(1), lanes_in_cnt(1)
01-01 05:30:04.867 D/        (    0): [    1.525060@0]  	slots(2), slot_width(32)
01-01 05:30:04.867 D/        (    0): [    1.525071@0]  aml_tdm_set_fmt...0x4001, id(1), clksel(1)
01-01 05:30:04.867 I/        (    0): [    1.525077@0]  master_mode(1), binv(1), finv(1) out_skew(2), in_skew(3)
01-01 05:30:04.867 I/        (    0): [    1.525239@0]  asoc-aml-card auge_sound: fe01a000.t9015 <-> TDM-B mapping ok
01-01 05:30:04.867 D/        (    0): [    1.525247@0]  aml_dai_set_tdm_slot(), txmask(0x3), rxmask(0x3)
01-01 05:30:04.867 D/        (    0): [    1.525251@0]  	lanes_out_cnt(4), lanes_in_cnt(0)
01-01 05:30:04.867 D/        (    0): [    1.525254@0]  	slots(2), slot_width(32)
01-01 05:30:04.867 D/        (    0): [    1.525260@0]  aml_tdm_set_fmt...0x4001, id(2), clksel(2)
01-01 05:30:04.867 I/        (    0): [    1.525266@0]  master_mode(1), binv(1), finv(1) out_skew(2), in_skew(3)
01-01 05:30:04.867 I/        (    0): [    1.525336@0]  asoc-aml-card auge_sound: soc:dummy <-> TDM-C mapping ok
01-01 05:30:04.867 I/        (    0): [    1.525398@0]  asoc-aml-card auge_sound: soc:dummy <-> fe330000.audiobus:pdm mapping ok
01-01 05:30:04.867 D/        (    0): [    1.525501@0]  aml_spdif_new spdif_a, clk continuous:1
01-01 05:30:04.867 D/        (    0): [    1.525506@0]  spdifout_play_with_zerodata_free, spdif id:0
01-01 05:30:04.867 I/[    1.525517@0]  audio_ddr_mngr(    0): frddr stop success, fifo id 0, regbase:0x70, arb sts:0x40000010
01-01 05:30:04.867 I/        (    0): [    1.525525@0]  asoc-aml-card auge_sound: soc:dummy <-> SPDIF mapping ok
01-01 05:30:04.867 D/        (    0): [    1.525529@0]  aml_dai_set_spdif_sysclk() set normal 512 fs /4 fs
01-01 05:30:04.867 E/[    1.525535@0]  aml_set_spdifclk_2(    0): spdifid 1, freq = 6144000, standard_sysclk = 6144000
01-01 05:30:04.867 D/        (    0): [    1.525611@0]  aml_spdif_new spdif_b, clk continuous:1
01-01 05:30:04.867 D/        (    0): [    1.525615@0]  spdifout_play_with_zerodata_free, spdif id:1
01-01 05:30:04.867 I/        (    0): [    1.525622@0]  asoc-aml-card auge_sound: soc:dummy <-> SPDIF-B mapping ok
01-01 05:30:04.867 I/        (    0): [    1.525628@0]
01-01 05:30:04.867 I/        (    0): [    1.525628@0]  loopback_dai_set_sysclk, 0, 12288000, 0
01-01 05:30:04.867 I/        (    0): [    1.525634@0]  asoc loopback_dai_set_fmt, 0x4010, 0000000049588b45
01-01 05:30:04.867 I/        (    0): [    1.525666@0]  asoc-aml-card auge_sound: soc:dummy <-> fe330000.audiobus:loopback@0 mapping ok
01-01 05:30:04.867 I/        (    0): [    1.526966@0]  snd_card_add_kcontrols card:0000000043e4291e
01-01 05:30:04.867 W/        (    0): [    1.527039@0]  no node audio_effect for eq/drc info!
01-01 05:30:04.867 I/[    1.527556@0]  input(    0): adc_keypad as /devices/platform/adc_keypad/input/input6
01-01 05:30:04.867 I/[    1.528458@0]  libphy(    0): mdio_mux: probed
01-01 05:30:04.867 I/[    1.528521@0]  libphy(    0): mdio_mux: probed
01-01 05:30:04.867 I/[    1.532013@3]  e2fsck(    0): Pass 1: Checking inodes, blocks, and sizes
01-01 05:30:04.867 I/[    1.534653@1]  e2fsck(    0): Pass 2: Checking directory structure
01-01 05:30:04.867 I/[    1.535630@1]  e2fsck(    0): Pass 3: Checking directory connectivity
01-01 05:30:04.867 I/[    1.535774@3]  e2fsck(    0): Pass 4: Checking reference counts
01-01 05:30:04.867 I/[    1.536112@3]  e2fsck(    0): Pass 5: Checking group summary information
01-01 05:30:04.867 I/        (    0): [    1.538724@0]  wzh txamp 0x30
01-01 05:30:04.867 I/[    1.540147@1]  e2fsck(    0): /dev/block/by-name/metadata: 31/4096 files (0.0% non-contiguous), 1192/4096 blocks
01-01 05:30:04.867 W/        (    0): [    1.542148@1]  EXT4-fs (mmcblk0p23): Ignoring removed nomblk_io_submit option
01-01 05:30:04.867 I/        (    0): [    1.543537@1]  EXT4-fs (mmcblk0p23): mounted filesystem with ordered data mode. Opts: nodelalloc,nomblk_io_submit,errors=panic
01-01 05:30:04.867 I/[    1.567179@0]  device-mapper(    0): verity: sha256 using implementation "sha256-ce"
01-01 05:30:04.867 I/        (    0): [    1.573261@1]  EXT4-fs (dm-6): mounted filesystem without journal. Opts: barrier=1
01-01 05:30:04.867 I/[    1.580500@2]  device-mapper(    0): verity: sha256 using implementation "sha256-ce"
01-01 05:30:04.867 I/        (    0): [    1.585451@0]  EXT4-fs (dm-7): mounted filesystem without journal. Opts: barrier=1
01-01 05:30:04.867 I/[    1.588197@0]  device-mapper(    0): verity: sha256 using implementation "sha256-ce"
01-01 05:30:04.867 I/        (    0): [    1.594607@0]  EXT4-fs (dm-8): mounted filesystem without journal. Opts: barrier=1
01-01 05:30:04.867 I/[    1.597501@0]  device-mapper(    0): verity: sha256 using implementation "sha256-ce"
01-01 05:30:04.867 I/        (    0): [    1.602395@0]  EXT4-fs (dm-9): mounted filesystem without journal. Opts: barrier=1
01-01 05:30:04.867 I/[    1.605234@1]  device-mapper(    0): verity: sha256 using implementation "sha256-ce"
01-01 05:30:04.867 I/        (    0): [    1.609904@0]  EXT4-fs (dm-10): mounted filesystem without journal. Opts: barrier=1
01-01 05:30:04.867 I/[    1.612255@1]  device-mapper(    0): verity: sha1 using implementation "sha1-ce"
01-01 05:30:04.867 I/        (    0): [    1.617574@2]  EXT4-fs (dm-11): mounted filesystem with ordered data mode. Opts: barrier=1
01-01 05:30:04.867 I/[    1.625473@2]  e2fsck(    0): executing /system/bin/e2fsck failed: No such file or directory
01-01 05:30:04.867 I/[    1.626007@2]  e2fsck(    0): e2fsck terminated by exit(255)
01-01 05:30:04.867 I/        (    0): [    1.626007@2]
01-01 05:30:04.867 W/        (    0): [    1.626951@2]  EXT4-fs (mmcblk0p17): Ignoring removed nomblk_io_submit option
01-01 05:30:04.867 I/        (    0): [    1.627760@3]  EXT4-fs (mmcblk0p17): mounted filesystem without journal. Opts: nodelalloc,nomblk_io_submit,errors=panic
01-01 05:30:04.868 W/[    1.655259@0]  printk(    0): init: 159 output lines suppressed due to ratelimiting
01-01 05:30:04.868 I/[    1.724750@3]  hdmitx(    0): system: plugin
01-01 05:30:04.868 E/[    1.728775@3]  hdmitx(    0): error ddc cmd 0
01-01 05:30:04.868 I/[    1.777550@0]  init(    0): Loading SELinux policy
01-01 05:30:04.868 I/[    1.807667@0]  SELinux(    0): Permission nlmsg_getneigh in class netlink_route_socket not defined in policy.
01-01 05:30:04.868 I/[    1.807915@0]  SELinux(    0): Class anon_inode not defined in policy.
01-01 05:30:04.868 I/[    1.807919@0]  SELinux(    0): the above unknown classes and permissions will be denied
01-01 05:30:04.868 I/[    1.807962@0]  SELinux(    0): policy capability network_peer_controls=1
01-01 05:30:04.868 I/[    1.807965@0]  SELinux(    0): policy capability open_perms=1
01-01 05:30:04.868 I/[    1.807968@0]  SELinux(    0): policy capability extended_socket_class=1
01-01 05:30:04.868 I/[    1.807972@0]  SELinux(    0): policy capability always_check_network=0
01-01 05:30:04.868 I/[    1.807975@0]  SELinux(    0): policy capability cgroup_seclabel=0
01-01 05:30:04.868 I/[    1.807978@0]  SELinux(    0): policy capability nnp_nosuid_transition=1
01-01 05:30:04.868 I/[    1.856984@3]  hdmitx(    0): edid: EDID Parser:
01-01 05:30:04.868 W/        (    0): [    1.856997@3]  [RX]-up_phy_addr = 1
01-01 05:30:04.868 I/[    1.857008@3]  hdmitx(    0): edid: get dtd0 vic: 16
01-01 05:30:04.868 I/[    1.857012@3]  hdmitx(    0): edid: get dtd1 vic: 5
01-01 05:30:04.868 I/[    1.857016@3]  hdmitx(    0): edid: get dtd2 vic: 4
01-01 05:30:04.868 I/[    1.857019@3]  hdmitx(    0): edid: get dtd3 vic: 3
01-01 05:30:04.868 I/[    1.857031@3]  hdmitx(    0): edid: get dtd4 vic: 16
01-01 05:30:04.868 I/[    1.857035@3]  hdmitx(    0): hdmitx: get PMT vic: 16
01-01 05:30:04.868 I/[    1.857038@3]  hdmitx(    0): edid: find IEEEOUT
01-01 05:30:04.868 I/[    1.857043@3]  hdmitx(    0): edid: check sum valid
01-01 05:30:04.868 I/[    1.857046@3]  hdmitx(    0): edid: check sum valid
01-01 05:30:04.868 I/[    1.857051@3]  hdmitx(    0): clear dv_info/hdr_info
01-01 05:30:04.868 I/[    1.857055@3]  cec(    0): [hdmitx_notify_callback] unsupported notify:3
01-01 05:30:04.868 I/[    1.857061@3]  hdmitx(    0): edid: check sum valid
01-01 05:30:04.868 I/[    1.857063@3]  hdmitx(    0): edid: check sum valid
01-01 05:30:04.868 I/[    1.857070@3]  hdmitx(    0): edid: blk0 raw data
01-01 05:30:04.868 I/[    1.857092@3]  hdmitx(    0): edid:
01-01 05:30:04.868 I/        (    0): [    1.857092@3]  00ffffffffffff001e6da659010101010516010380301b78ea6275a3554fa027
01-01 05:30:04.868 I/        (    0): [    1.857092@3]  125054210800714081c08100818095009040a9c0b300023a801871382d40582c
01-01 05:30:04.868 I/        (    0): [    1.857092@3]  4500dd0c1100001e000000fd00383d1e530f000a202020202020000000fc0032
01-01 05:30:04.868 I/        (    0): [    1.857092@3]  32454135330a202020202020000000ff000a202020202020202020202020014a
01-01 05:30:04.868 I/        (    0): [    1.857092@3]
01-01 05:30:04.868 I/        (    0): [    1.857092@3]
01-01 05:30:04.868 I/[    1.857096@3]  hdmitx(    0): edid: blk1 raw data
01-01 05:30:04.868 I/[    1.857118@3]  hdmitx(    0): edid:
01-01 05:30:04.868 I/        (    0): [    1.857118@3]  02031df14a900403011412051f1013230907078301000065030c001000023a80
01-01 05:30:04.868 I/        (    0): [    1.857118@3]  1871382d40582c4500dd0c1100001e011d8018711c1620582c2500dd0c110000
01-01 05:30:04.868 I/        (    0): [    1.857118@3]  9e011d007251d01e206e285500dd0c1100001e8c0ad08a20e02d10103e9600dd
01-01 05:30:04.868 I/        (    0): [    1.857118@3]  0c110000180000000000000000000000000000000000000000000000000000c2
01-01 05:30:04.868 I/        (    0): [    1.857118@3]
01-01 05:30:04.868 I/        (    0): [    1.857118@3]
01-01 05:30:04.868 I/[    1.857122@3]  hdmitx(    0): system: update physical size: 480 270
01-01 05:30:04.868 I/[    1.857127@3]  hdmitx(    0): hw: set audio
01-01 05:30:04.868 I/[    1.857138@3]  hdmitx(    0): fs = 3, cd = 4, tmds_clk = 148352
01-01 05:30:04.868 I/[    1.857145@3]  hdmitx(    0): update audio N 5824
01-01 05:30:04.868 I/[    1.857151@3]  hdmitx(    0): hw: set channel status
01-01 05:30:04.868 I/        (    0): [    1.860252@3]  [drm] drm hdmitx hpd notify
01-01 05:30:04.868 I/        (    0): [    1.860257@3]  [drm] meson_hdmitx_hpd_cb[784]
01-01 05:30:04.869 I/[    1.893770@2]  selinux(    0): SELinux: Loaded policy from /odm/etc/selinux/precompiled_sepolicy
01-01 05:30:04.869 I/[    1.893781@2]  selinux(    0):  
01-01 05:30:04.869 I/[    1.957524@3]  selinux(    0): SELinux: Loaded file_contexts
01-01 05:30:04.869 I/[    1.957542@3]  selinux(    0):  
01-01 05:30:04.869 I/[    1.987352@0]  init(    0): init second stage started!
01-01 05:30:04.869 I/[    2.025003@0]  init(    0): Using Android DT directory /proc/device-tree/firmware/android/
01-01 05:30:04.869 W/[    2.032199@0]  init(    0): Overriding previous 'ro.' property 'persist.sys.usb.config':'adb' with new value 'mtp'
01-01 05:30:04.869 E/[    2.034067@0]  init(    0): Do not have permissions to set 'persist.sys.timezone' to 'Asia/Kolkata' in property file '/vendor/build.prop': SELinux permission check failed
01-01 05:30:04.869 E/[    2.034235@0]  init(    0): Do not have permissions to set 'ro.com.android.dateformat' to 'dd-MM-yy' in property file '/vendor/build.prop': SELinux permission check failed
01-01 05:30:04.869 W/[    2.034291@0]  init(    0): Overriding previous 'ro.' property 'ro.board.platform':'sc2' with new value 'JioSTB'
01-01 05:30:04.869 W/[    2.034325@0]  init(    0): Overriding previous 'ro.' property 'ro.product.board':'ohm' with new value 'JioSTB'
01-01 05:30:04.869 W/[    2.034358@0]  init(    0): Overriding previous 'ro.' property 'ro.product.vendor.device':'ohm' with new value 'JioSTB'
01-01 05:30:04.869 W/[    2.034389@0]  init(    0): Overriding previous 'ro.' property 'ro.product.vendor.brand':'Skyworth' with new value 'Jio'
01-01 05:30:04.869 W/[    2.034448@0]  init(    0): Overriding previous 'ro.' property 'ro.product.vendor.model':'ohm' with new value 'JMSB200A'
01-01 05:30:04.869 E/[    2.178706@1]  cgroup1(    0): Unknown subsys name 'schedtune'
01-01 05:30:04.869 I/        (    0): [    2.268746@0]  av out status: high
01-01 05:30:04.869 I/[    2.354734@3]  ueventd(    0): ueventd started!
01-01 05:30:04.869 I/[    2.358875@3]  selinux(    0): SELinux: Loaded file_contexts
01-01 05:30:04.869 I/[    2.358893@3]  selinux(    0):  
01-01 05:30:04.869 I/[    2.359169@3]  ueventd(    0): Parsing file /system/etc/ueventd.rc...
01-01 05:30:04.869 I/[    2.360196@3]  ueventd(    0): Parsing file /vendor/ueventd.rc...
01-01 05:30:04.869 I/[    2.361985@3]  ueventd(    0): Parsing file /odm/ueventd.rc...
01-01 05:30:04.869 I/[    2.362073@3]  ueventd(    0): Unable to read config file '/odm/ueventd.rc': open() failed: No such file or directory
01-01 05:30:04.869 I/[    2.362143@3]  ueventd(    0): Parsing file /ueventd.amlogic.rc...
01-01 05:30:04.869 I/[    2.362207@3]  ueventd(    0): Unable to read config file '/ueventd.amlogic.rc': open() failed: No such file or directory
01-01 05:30:04.869 I/[    2.384392@2]  apexd(    0): This device does not support updatable APEX. Exiting
01-01 05:30:04.869 W/        (    0): [    2.395318@3]  synth uevent: /devices/platform/fe084040.ir/input/input5: failed to send uevent
01-01 05:30:04.869 E/        (    0): [    2.395330@3]  input input5: uevent: failed to send synthetic uevent
01-01 05:30:04.869 W/        (    0): [    2.395966@3]  synth uevent: /devices/platform/fe084040.ir/input/input4: failed to send uevent
01-01 05:30:04.869 E/        (    0): [    2.395974@3]  input input4: uevent: failed to send synthetic uevent
01-01 05:30:04.869 W/[    2.481686@1]  cxd2856_fe_64(    0): disagrees about version of symbol module_layout
01-01 05:30:04.869 W/[    2.481707@1]  cxd2856_fe_64(    0): module license 'unspecified' taints kernel.
01-01 05:30:04.869 W/        (    0): [    2.481710@1]  Disabling lock debugging due to kernel taint
01-01 05:30:04.869 W/[    2.482660@1]  cxd2856_fe_64(    0): disagrees about version of symbol kmem_cache_alloc_trace
01-01 05:30:04.869 W/[    2.482687@1]  cxd2856_fe_64(    0): disagrees about version of symbol kthread_create_on_node
01-01 05:30:04.869 W/[    2.482694@1]  cxd2856_fe_64(    0): disagrees about version of symbol wake_up_process
01-01 05:30:04.869 W/[    2.482700@1]  cxd2856_fe_64(    0): disagrees about version of symbol dvb_frontend_add_event
01-01 05:30:04.869 W/[    2.482752@1]  cxd2856_fe_64(    0): disagrees about version of symbol aml_platform_driver_register
01-01 05:30:04.869 W/[    2.482765@1]  cxd2856_fe_64(    0): disagrees about version of symbol aml_platform_device_register
01-01 05:30:04.869 W/[    2.482781@1]  cxd2856_fe_64(    0): disagrees about version of symbol aml_class_register
01-01 05:30:04.869 W/[    2.482810@1]  cxd2856_fe_64(    0): disagrees about version of symbol aml_class_unregister
01-01 05:30:04.869 W/[    2.482823@1]  cxd2856_fe_64(    0): disagrees about version of symbol aml_platform_device_unregister
01-01 05:30:04.869 W/[    2.482836@1]  cxd2856_fe_64(    0): disagrees about version of symbol aml_platform_driver_unregister
01-01 05:30:04.869 W/[    2.482843@1]  cxd2856_fe_64(    0): disagrees about version of symbol param_ops_int
01-01 05:30:04.869 W/[    2.482847@1]  cxd2856_fe_64(    0): disagrees about version of symbol kmalloc_caches
01-01 05:30:04.869 W/[    2.482872@1]  cxd2856_fe_64(    0): disagrees about version of symbol i2c_transfer
01-01 05:30:04.869 I/        (    0): [    2.484331@1]  load module: cxd2856_fe_64
01-01 05:30:04.869 W/[    2.484344@1]  CXD2856(    0): "register cxd2856 demod driver version: V2.26 (Linux version 5.4.125-android11-2-04470-g7ce14c9532da-dirty-aarch64 Sep 28 2021 16:51:32)."
01-01 05:30:04.869 W/[    2.484881@1]  CXD2856(    0): "cxd2856_fe_probe: ok."
01-01 05:30:04.869 W/[    2.485984@1]  hdr10_tmo_alg(    0): disagrees about version of symbol module_layout
01-01 05:30:04.869 W/[    2.486142@1]  hdr10_tmo_alg(    0): disagrees about version of symbol param_ops_uint
01-01 05:30:04.869 I/        (    0): [    2.486402@1]  load module: hdr10_tmo_alg
01-01 05:30:04.869 I/[    2.486408@1]  hdr10_tmo_alg(    0): hdr10_tmo_alg_driver_init insmod ok. v1.0_2023-2-14
01-01 05:30:04.869 I/        (    0): [    2.494600@1]  load module: optee
01-01 05:30:04.869 I/        (    0): [    2.501772@1]  load module: optee_armtz
01-01 05:30:04.869 E/        (    0): [    2.502758@1]  [TEE] tee log buffer init failed
01-01 05:30:04.869 I/        (    0): [    2.511239@1]  wm-vsync interrupt id: 51
01-01 05:30:04.869 I/[    2.511287@1]  optee_armtz(    0): initialized driver
01-01 05:30:04.870 I/        (    0): [    4.060751@2]  lcd vlock_en=0, vlock_mode=0x8
01-01 05:30:04.870 I/[    4.663489@2]  ueventd(    0): Coldboot took 2.3 seconds
01-01 05:30:04.870 I/        (    0): [    4.734904@0]  Registered swp emulation handler
01-01 05:30:04.870 I/[    4.764075@1]  emmc_key_read(    0): 439, read ok
01-01 05:30:04.870 I/[    4.764125@1]  unifykey(    0): rawhead hash check successful
01-01 05:30:04.870 I/[    4.780541@1]  logd.auditd(    0): start
01-01 05:30:04.892 I/        (    0): [    4.818189@3]  load module: media_clock
01-01 05:30:04.892 E/[    4.818555@3]  [media_clock](    0): No find node.
01-01 05:30:04.892 I/[    4.818562@3]  [media_clock](    0): get dos dev failed, id 50(0), try to search
01-01 05:30:04.892 I/[    4.818567@3]  [media_clock](    0): dos_device_search_data, get major 28 dos dev data success
01-01 05:30:04.892 I/[    4.818570@3]  [media_clock](    0): initial_dos_device end, chip 50(0)
01-01 05:30:04.892 I/        (    0): [    4.821704@2]  load module: firmware
01-01 05:30:04.892 E/[    4.822382@2]  [firmware](    0): not find node
01-01 05:30:04.908 I/        (    0): [    4.854832@3]  load module: decoder_common
01-01 05:30:04.917 E/        (    0): [    4.861405@3]  vdec vdec: Get pwrc-vdec-2 failed, pm-domain: 0
01-01 05:30:04.917 E/        (    0): [    4.861538@3]  vdec vdec: Get pwrc-hevcb failed, pm-domain: 0
01-01 05:30:04.917 E/        (    0): [    4.861569@3]  vdec vdec: Get pwrc-wave failed, pm-domain: 0
01-01 05:30:04.917 E/[    4.862072@3]  [amlcom](    0): Can not create debugfs for vdec_profile
01-01 05:30:04.924 I/        (    0): [    4.871256@3]  load module: stream_input
01-01 05:30:04.925 E/        (    0): [    4.871500@3]  Amlogic A/V streaming port init
01-01 05:30:04.929 I/        (    0): [    4.873390@0]  no need to register_tync_func.
01-01 05:30:04.929 I/        (    0): [    4.873399@0]  no need to register_tync_func.
01-01 05:30:04.929 I/        (    0): [    4.873402@0]  no need to register_tync_func.
01-01 05:30:04.929 I/        (    0): [    4.873405@0]  no need to register_tync_func.
01-01 05:30:04.929 I/        (    0): [    4.873407@0]  no need to register_tync_func.
01-01 05:30:04.929 I/        (    0): [    4.873410@0]  no need to register_tync_func.
01-01 05:30:04.929 I/        (    0): [    4.873412@0]  no need to register_tync_func.
01-01 05:30:04.929 I/        (    0): [    4.873415@0]  no need to register_tync_func.
01-01 05:30:04.929 I/        (    0): [    4.873417@0]  no need to register_tync_func.
01-01 05:30:04.929 D/[    4.873462@0]  [media_clock](    0): set_clock_gate get hevc_mux_str
01-01 05:30:04.929 D/[    4.873466@0]  [media_clock](    0): set_clock_gate get hevcb mux
01-01 05:30:04.929 D/[    4.873469@0]  [media_clock](    0): set_clock_gate get hcodec mux
01-01 05:30:04.929 D/[    4.873472@0]  [media_clock](    0): set_clock_gate get vdec mux
01-01 05:30:04.929 I/        (    0): [    4.875882@0]  load module: pts_server
01-01 05:30:04.936 W/        (    0): [    4.881528@0]  EXT4-fs (mmcblk0p3): Ignoring removed nomblk_io_submit option
01-01 05:30:04.940 I/        (    0): [    4.886090@2]  EXT4-fs (mmcblk0p3): recovery complete
01-01 05:30:04.941 I/        (    0): [    4.887081@2]  EXT4-fs (mmcblk0p3): mounted filesystem with ordered data mode. Opts: errors=remount-ro,nomblk_io_submit
--------- beginning of system
01-01 05:30:04.941 I/vold    (  241): Vold 3.0 (the awakening) firing up
01-01 05:30:04.942 D/vold    (  241): Detected support for: ext4 f2fs vfat ntfs exfat
01-01 05:30:04.947 D/vold    (  241): Found unmanaged dm device named system_ext_b
01-01 05:30:04.947 D/vold    (  241): Found unmanaged dm device named oem-verity
01-01 05:30:04.947 D/vold    (  241): Found unmanaged dm device named odm_b
01-01 05:30:04.947 D/vold    (  241): Found unmanaged dm device named system_b
01-01 05:30:04.947 D/vold    (  241): Found unmanaged dm device named vendor_b
01-01 05:30:04.947 D/vold    (  241): Found unmanaged dm device named vendor-verity
01-01 05:30:04.947 D/vold    (  241): Found unmanaged dm device named system_ext-verity
01-01 05:30:04.947 D/vold    (  241): Found unmanaged dm device named odm-verity
01-01 05:30:04.947 D/vold    (  241): Found unmanaged dm device named product-verity
01-01 05:30:04.947 D/vold    (  241): Found unmanaged dm device named system-verity
01-01 05:30:04.947 D/vold    (  241): Found unmanaged dm device named product_b
01-01 05:30:04.947 D/vold    (  241): Found unmanaged dm device named system_b-cow
01-01 05:30:04.948 W/vold    (  241): Failed to LOOP_GET_STATUS64 /dev/block/loop12: No such device or address
01-01 05:30:04.948 W/vold    (  241): Failed to LOOP_GET_STATUS64 /dev/block/loop5: No such device or address
01-01 05:30:04.948 W/vold    (  241): Failed to LOOP_GET_STATUS64 /dev/block/loop9: No such device or address
01-01 05:30:04.948 W/vold    (  241): Failed to LOOP_GET_STATUS64 /dev/block/loop2: No such device or address
01-01 05:30:04.948 W/vold    (  241): Failed to LOOP_GET_STATUS64 /dev/block/loop11: No such device or address
01-01 05:30:04.948 W/vold    (  241): Failed to LOOP_GET_STATUS64 /dev/block/loop4: No such device or address
01-01 05:30:04.948 W/vold    (  241): Failed to LOOP_GET_STATUS64 /dev/block/loop14: No such device or address
01-01 05:30:04.948 W/vold    (  241): Failed to LOOP_GET_STATUS64 /dev/block/loop7: No such device or address
01-01 05:30:04.948 W/vold    (  241): Failed to LOOP_GET_STATUS64 /dev/block/loop13: No such device or address
01-01 05:30:04.948 W/vold    (  241): Failed to LOOP_GET_STATUS64 /dev/block/loop6: No such device or address
01-01 05:30:04.948 W/vold    (  241): Failed to LOOP_GET_STATUS64 /dev/block/loop8: No such device or address
01-01 05:30:04.948 W/vold    (  241): Failed to LOOP_GET_STATUS64 /dev/block/loop10: No such device or address
01-01 05:30:04.948 W/vold    (  241): Failed to LOOP_GET_STATUS64 /dev/block/loop3: No such device or address
01-01 05:30:04.949 W/vold    (  241): Failed to LOOP_GET_STATUS64 /dev/block/loop0: No such device or address
01-01 05:30:04.949 W/vold    (  241): Failed to LOOP_GET_STATUS64 /dev/block/loop15: No such device or address
01-01 05:30:04.949 W/vold    (  241): Failed to LOOP_GET_STATUS64 /dev/block/loop1: No such device or address
01-01 05:30:04.952 D/vold    (  241): VoldNativeService::start() completed OK
01-01 05:30:04.965 I/[    4.911543@2]  e2fsck(    0): e2fsck 1.45.4 (23-Sep-2019)
01-01 05:30:04.968 I/[    4.916220@0]  e2fsck(    0): Pass 1: Checking inodes, blocks, and sizes
01-01 05:30:04.972 I/[    4.920113@0]  e2fsck(    0): Pass 2: Checking directory structure
01-01 05:30:04.976 I/[    4.921554@0]  e2fsck(    0): Pass 3: Checking directory connectivity
01-01 05:30:04.977 I/[    4.922055@0]  e2fsck(    0): Pass 4: Checking reference counts
01-01 05:30:04.980 I/[    4.928459@0]  e2fsck(    0): Pass 5: Checking group summary information
01-01 05:30:04.999 I/[    4.946646@0]  e2fsck(    0): /dev/block/by-name/cache: 31/98304 files (0.0% non-contiguous), 14612/393216 blocks
01-01 05:30:05.004 W/        (    0): [    4.949481@2]  EXT4-fs (mmcblk0p3): Ignoring removed nomblk_io_submit option
01-01 05:30:05.004 I/        (    0): [    4.951035@3]  EXT4-fs (mmcblk0p3): mounted filesystem with ordered data mode. Opts: nodelalloc,nomblk_io_submit,errors=panic
01-01 05:30:05.021 I/[    4.966595@0]  tune2fs(    0): tune2fs 1.45.4 (23-Sep-2019)
01-01 05:30:05.021 I/[    4.968931@0]  tune2fs(    0): Warning: The journal is dirty. You may wish to replay the journal like:
01-01 05:30:05.021 I/[    4.968946@0]  tune2fs(    0):  
01-01 05:30:05.084 W/        (    0): [    5.031843@2]  EXT4-fs (mmcblk0p15): Ignoring removed nomblk_io_submit option
01-01 05:30:05.088 I/        (    0): [    5.033383@2]  EXT4-fs (mmcblk0p15): mounted filesystem with ordered data mode. Opts: nodelalloc,nomblk_io_submit,errors=panic
01-01 05:30:05.124 W/        (    0): [    5.069080@2]  EXT4-fs (mmcblk0p9): Ignoring removed nomblk_io_submit option
01-01 05:30:05.125 I/        (    0): [    5.070504@2]  EXT4-fs (mmcblk0p9): mounted filesystem with ordered data mode. Opts: nodelalloc,nomblk_io_submit,errors=panic
01-01 05:30:05.128 W/        (    0): [    5.074476@2]  FAT-fs (mmcblk0p6): Volume was not properly unmounted. Some data may be corrupt. Please run fsck.
01-01 05:30:05.241 I/[    5.187785@0]  wait_for_keymaster(    0): Waiting for Keymaster device
01-01 05:30:05.244 I/[    5.192368@0]  HidlServiceManagement(    0): getService: Trying again for android.hardware.keymaster@4.0::IKeymasterDevice/default...
01-01 05:30:05.324 I/[    5.271707@3]  wait_for_keymaster(    0): List of Keymaster HALs found:
01-01 05:30:05.324 I/[    5.271952@3]  wait_for_keymaster(    0): Keymaster HAL #1: AmlogicKeymaster from Google SecurityLevel: TRUSTED_ENVIRONMENT HAL: android.hardware.keymaster@4.1::IKeymasterDevice/default
01-01 05:30:05.328 D/[    5.272936@2]  wait_for_keymaster(    0): Computing HMAC with params { (seed: , nonce: 02a3408ce7959bda959120854b09897dc4b519f672cd3461f437ff21efe28fc) }
01-01 05:30:05.329 D/[    5.273010@2]  wait_for_keymaster(    0): Computing HMAC for AmlogicKeymaster from Google SecurityLevel: TRUSTED_ENVIRONMENT HAL: android.hardware.keymaster@4.1::IKeymasterDevice/default
01-01 05:30:05.329 I/[    5.273849@2]  wait_for_keymaster(    0): Using AmlogicKeymaster from Google for encryption.  Security level: TRUSTED_ENVIRONMENT, HAL: android.hardware.keymaster@4.1::IKeymasterDevice/default
01-01 05:30:05.329 I/[    5.273902@2]  wait_for_keymaster(    0): Keymaster device ready
01-01 05:30:05.346 I/Checkpoint(  241): Validating checkpoint on /dev/block/userdata
01-01 05:30:05.346 E/Checkpoint(  241): No magic
01-01 05:30:05.346 D/[    5.293655@2]  vdc(    0): Waited 0ms for vold
01-01 05:30:05.348 E/[    5.294883@2]  vdc(    0): Command: checkpoint restoreCheckpoint /dev/block/userdata Failed: Status(-8, EX_SERVICE_SPECIFIC): '22: No magic'
01-01 05:30:05.364 D/[    5.310963@0]  vdc(    0): Waited 0ms for vold
01-01 05:30:05.382 D/vold    (  241): fscrypt_mount_metadata_encrypted: /data 0
01-01 05:30:05.382 D/vold    (  241): metadata_key_dir/key: /metadata/vold/metadata_encryption/key
01-01 05:30:05.384 D/[    5.330214@2]  vdc(    0): Waited 0ms for vold
01-01 05:30:05.385 I/vold    (  241): List of Keymaster HALs found:
01-01 05:30:05.385 I/vold    (  241): Keymaster HAL #1: AmlogicKeymaster from Google SecurityLevel: TRUSTED_ENVIRONMENT HAL: android.hardware.keymaster@4.1::IKeymasterDevice/default
01-01 05:30:05.386 D/vold    (  241): Computing HMAC with params { (seed: , nonce: 02a3408ce7959bda959120854b09897dc4b519f672cd3461f437ff21efe28fc) }
01-01 05:30:05.386 D/vold    (  241): Computing HMAC for AmlogicKeymaster from Google SecurityLevel: TRUSTED_ENVIRONMENT HAL: android.hardware.keymaster@4.1::IKeymasterDevice/default
01-01 05:30:05.387 I/vold    (  241): Using AmlogicKeymaster from Google for encryption.  Security level: TRUSTED_ENVIRONMENT, HAL: android.hardware.keymaster@4.1::IKeymasterDevice/default
01-01 05:30:05.388 D/vold    (  241): Key exists, using: /metadata/vold/metadata_encryption/key
01-01 05:30:05.391 I/vold    (  241): List of Keymaster HALs found:
01-01 05:30:05.391 I/vold    (  241): Keymaster HAL #1: AmlogicKeymaster from Google SecurityLevel: TRUSTED_ENVIRONMENT HAL: android.hardware.keymaster@4.1::IKeymasterDevice/default
01-01 05:30:05.391 I/vold    (  241): Using AmlogicKeymaster from Google for encryption.  Security level: TRUSTED_ENVIRONMENT, HAL: android.hardware.keymaster@4.1::IKeymasterDevice/default
01-01 05:30:05.400 D/vold    (  241): Mounting metadata-encrypted filesystem:/data
01-01 05:30:05.402 I/vold    (  241): List of Keymaster HALs found:
01-01 05:30:05.402 I/vold    (  241): Keymaster HAL #1: AmlogicKeymaster from Google SecurityLevel: TRUSTED_ENVIRONMENT HAL: android.hardware.keymaster@4.1::IKeymasterDevice/default
01-01 05:30:05.717 I/vold    (  241): [libfs_mgr]superblock s_max_mnt_count:65535,/dev/block/dm-12
01-01 05:30:05.718 I/vold    (  241): [libfs_mgr]Filesystem on /dev/block/dm-12 was not cleanly shutdown; state flags: 0x1, incompat feature flags: 0x30046
01-01 05:30:05.720 W/        (    0): [    5.666817@0]  EXT4-fs (dm-12): Ignoring removed nomblk_io_submit option
01-01 05:30:05.721 I/        (    0): [    5.666835@0]  EXT4-fs (dm-12): Using encoding defined by superblock: utf8-12.1.0 with flags 0x0
01-01 05:30:05.828 I/        (    0): [    5.773350@0]  EXT4-fs (dm-12): 6 orphan inodes deleted
01-01 05:30:05.829 I/        (    0): [    5.773361@0]  EXT4-fs (dm-12): recovery complete
01-01 05:30:05.834 I/vold    (  241): [libfs_mgr]check_fs(): mount(/dev/block/dm-12,/data,ext4)=0: Success
01-01 05:30:05.836 I/        (    0): [    5.781756@1]  EXT4-fs (dm-12): mounted filesystem with ordered data mode. Opts: errors=remount-ro,nomblk_io_submit
01-01 05:30:05.849 I/vold    (  241): [libfs_mgr]check_fs(): unmount(/data) succeeded
01-01 05:30:05.849 I/vold    (  241): [libfs_mgr]Running /system/bin/e2fsck on /dev/block/dm-12
01-01 05:30:05.864 I/[    5.810421@2]  e2fsck(    0): e2fsck 1.45.4 (23-Sep-2019)
01-01 05:30:05.912 I/[    5.858559@2]  e2fsck(    0): Pass 1: Checking inodes, blocks, and sizes
01-01 05:30:06.084 I/[    6.030750@2]  e2fsck(    0): Inode 596561 extent tree (at level 1) could be shorter.  Optimize? yes
01-01 05:30:06.085 I/[    6.030772@2]  e2fsck(    0):  
01-01 05:30:06.085 I/[    6.031317@2]  e2fsck(    0): Inode 596573 extent tree (at level 1) could be shorter.  Optimize? yes
01-01 05:30:06.085 I/[    6.031328@2]  e2fsck(    0):  
