06-12 23:33:11.326 D/ActivityManager(  637): JioHomeManagerService :: StateFrom :: STOPPED StateTo :: RESUMED Activity :: com.iwedia.ui.rjio.launcher.reliance/com.iwedia.ui.rjio.launcher.ui.intro.IntroActivity Action :: com.jio.remote.action.applaunch
06-12 23:33:11.331 V/DigitalSignage(  637): Package Name: null
06-12 23:33:11.332 V/DigitalSignage(  637): Left: 0
06-12 23:33:11.332 V/DigitalSignage(  637): Right: 0
06-12 23:33:11.332 V/DigitalSignage(  637): Top: 0
06-12 23:33:11.332 V/DigitalSignage(  637): Bottom: 0
06-12 23:33:11.332 D/DigitalSignage(  637): else - Package Name :: null left : 0 right :: 0 top :: 0 bottom :: 0 dfu-right :: 1920 dfu-bottom :: 1080
06-12 23:33:11.353 W/ActivityManager(  637): Receiver with filter android.content.IntentFilter@8bc512e already registered for pid 1786, callerPackage is com.iwedia.ui.rjio.launcher.reliance
06-12 23:33:11.414 V/DigitalSignage(  637): Package Name: null
06-12 23:33:11.416 V/DigitalSignage(  637): Left: 0
06-12 23:33:11.416 V/DigitalSignage(  637): Right: 0
06-12 23:33:11.416 V/DigitalSignage(  637): Top: 0
06-12 23:33:11.416 V/DigitalSignage(  637): Bottom: 0
06-12 23:33:11.417 D/DigitalSignage(  637): else - Package Name :: null left : 0 right :: 0 top :: 0 bottom :: 0 dfu-right :: 1920 dfu-bottom :: 1080
06-12 23:33:11.571 V/DigitalSignage(  637): Package Name: null
06-12 23:33:11.571 V/DigitalSignage(  637): Left: 0
06-12 23:33:11.571 V/DigitalSignage(  637): Right: 0
06-12 23:33:11.572 V/DigitalSignage(  637): Top: 0
06-12 23:33:11.572 V/DigitalSignage(  637): Bottom: 0
06-12 23:33:11.574 D/DigitalSignage(  637): else - Package Name :: null left : 0 right :: 0 top :: 0 bottom :: 0 dfu-right :: 1920 dfu-bottom :: 1080
06-12 23:33:11.588 V/DigitalSignage(  637): Package Name: null
06-12 23:33:11.588 V/DigitalSignage(  637): Left: 0
06-12 23:33:11.588 V/DigitalSignage(  637): Right: 0
06-12 23:33:11.588 V/DigitalSignage(  637): Top: 0
06-12 23:33:11.588 V/DigitalSignage(  637): Bottom: 0
06-12 23:33:11.588 D/DigitalSignage(  637): else - Package Name :: null left : 0 right :: 0 top :: 0 bottom :: 0 dfu-right :: 1920 dfu-bottom :: 1080
06-12 23:33:11.602 V/DigitalSignage(  637): Package Name: null
06-12 23:33:11.602 V/DigitalSignage(  637): Left: 0
06-12 23:33:11.602 V/DigitalSignage(  637): Right: 0
06-12 23:33:11.602 V/DigitalSignage(  637): Top: 0
06-12 23:33:11.602 V/DigitalSignage(  637): Bottom: 0
06-12 23:33:11.602 D/DigitalSignage(  637): else - Package Name :: null left : 0 right :: 0 top :: 0 bottom :: 0 dfu-right :: 1920 dfu-bottom :: 1080
06-12 23:33:11.622 V/DigitalSignage(  637): Package Name: null
06-12 23:33:11.622 V/DigitalSignage(  637): Left: 0
06-12 23:33:11.622 V/DigitalSignage(  637): Right: 0
06-12 23:33:11.622 V/DigitalSignage(  637): Top: 0
06-12 23:33:11.622 V/DigitalSignage(  637): Bottom: 0
06-12 23:33:11.622 D/DigitalSignage(  637): else - Package Name :: null left : 0 right :: 0 top :: 0 bottom :: 0 dfu-right :: 1920 dfu-bottom :: 1080
06-12 23:33:11.885 V/DigitalSignage(  637): Package Name: null
06-12 23:33:11.885 V/DigitalSignage(  637): Left: 0
06-12 23:33:11.885 V/DigitalSignage(  637): Right: 0
06-12 23:33:11.885 V/DigitalSignage(  637): Top: 0
06-12 23:33:11.885 V/DigitalSignage(  637): Bottom: 0
06-12 23:33:11.885 D/DigitalSignage(  637): else - Package Name :: null left : 0 right :: 0 top :: 0 bottom :: 0 dfu-right :: 1920 dfu-bottom :: 1080
06-12 23:33:11.962 F/linker  (25026): CANNOT LINK EXECUTABLE "/system/bin/smartcable/smartCableSTBApp": library "libmosquitto.so" not found: needed by main executable
06-12 23:33:13.603 I/ActivityManager(  637): Force stopping io.appium.uiautomator2.server appid=10096 user=0: start instr
06-12 23:33:13.638 D/CompatibilityChangeReporter(  637): Compat change id reported: 135634846; UID 10096; state: DISABLED
06-12 23:33:13.643 D/CompatibilityChangeReporter(  637): Compat change id reported: 143937733; UID 10096; state: ENABLED
06-12 23:33:13.678 I/ActivityManager(  637): Start proc 25054:io.appium.uiautomator2.server/u0a96 for added application io.appium.uiautomator2.server
06-12 23:33:14.964 E/TaskPersister(  637): File error accessing recents directory (directory doesn't exist?).
06-12 23:33:15.700 W/[ 4162.818664@1]  RTW(    0): fill_default_txdesc(wlan0): SP Packet(0x0806) rate=0x4 SeqNum = 260
06-12 23:33:16.900 F/linker  (25099): CANNOT LINK EXECUTABLE "/system/bin/smartcable/smartCableSTBApp": library "libmosquitto.so" not found: needed by main executable
06-12 23:33:17.543 I/ActivityManager(  637): Force stopping in.startv.hotstar appid=10072 user=0: from pid 1707
06-12 23:33:17.544 I/ActivityManager(  637): Killing 23915:in.startv.hotstar/u0a72 (adj 900): stop in.startv.hotstar due to from pid 1707
06-12 23:33:17.724 W/Looper  (  637): Slow dispatch took 180ms android.ui h=com.android.server.am.ActivityManagerService$UiHandler c=null m=53
06-12 23:33:17.740 I/ActivityManager(  637): Force stopping in.startv.hotstar appid=10072 user=0: from pid 1707
06-12 23:33:17.839 I/chatty  (  637): uid=1000(system) Binder:637_1B identical 7 lines
06-12 23:33:17.848 I/ActivityManager(  637): Force stopping in.startv.hotstar appid=10072 user=0: from pid 1707
06-12 23:33:18.340 D/ConnectivityService(  637): ConnectivityService NetworkRequestInfo binderDied(NetworkRequest [ LISTEN id=52, [ Capabilities: INTERNET&NOT_RESTRICTED&TRUSTED&NOT_VPN&FOREGROUND Uid: 10072 AdministratorUids: [] RequestorUid: 10072 RequestorPackageName: in.startv.hotstar] ], android.os.BinderProxy@6720c44)
06-12 23:33:18.344 W/ActivityManager(  637): setHasOverlayUi called on unknown pid: 23915
06-12 23:33:18.415 W/ProcessCpuTracker(  637): Failed to stat(/proc/23915): android.system.ErrnoException: stat failed: ENOENT (No such file or directory)
06-12 23:33:18.415 W/ProcessCpuTracker(  637): Skipping unknown process pid 23915
06-12 23:33:18.416 W/ProcessCpuTracker(  637): Failed to stat(/proc/23991): android.system.ErrnoException: stat failed: ENOENT (No such file or directory)
06-12 23:33:18.416 W/ProcessCpuTracker(  637): Skipping unknown process pid 23991
06-12 23:33:18.559 W/ProcessCpuTracker(  637): Failed to stat(/proc/25104): android.system.ErrnoException: stat failed: ENOENT (No such file or directory)
06-12 23:33:18.560 W/ProcessCpuTracker(  637): Skipping unknown process pid 25104
06-12 23:33:18.560 W/ProcessCpuTracker(  637): Failed to stat(/proc/25107): android.system.ErrnoException: stat failed: ENOENT (No such file or directory)
06-12 23:33:18.561 W/ProcessCpuTracker(  637): Skipping unknown process pid 25107
06-12 23:33:19.011 D/[ 4166.129842@2]  logd(    0): logdr: UID=0 GID=0 PID=25123 b tail=0 logMask=99 pid=0 start=0ns timeout=0ns
06-12 23:33:19.019 D/[ 4166.138027@0]  logd(    0): Skipping 4294967295 entries from slow reader, pid 25123, from LogBuffer::kickMe()
06-12 23:33:19.033 I/chatty  (  366): uid=1000(system) memtrack@1.0-se expire 3 lines
06-12 23:33:19.036 D/memtrack_aml(  366): sysfs path
06-12 23:33:19.039 D/stbdpc  (  403): STB_DPGetNumPaths[570]: num_paths: 1
06-12 23:33:19.042 D/memtrack_aml(  366): sysfs path
06-12 23:33:19.049 D/Glide   ( 1786): Finished loading Bitmap from LOCAL for com.bumptech.glide.gifdecoder.StandardGifDecoder@6f5af65 with size [314x176] in 11.616999999999999 ms
06-12 23:33:19.059 D/memtrack_aml(  366): sysfs path
06-12 23:33:19.075 D/memtrack_aml(  366): sysfs path
06-12 23:33:19.083 D/Glide   ( 1786): Finished loading Bitmap from LOCAL for com.bumptech.glide.gifdecoder.StandardGifDecoder@6f5af65 with size [314x176] in 4.625 ms
06-12 23:33:19.087 D/memtrack_aml(  366): sysfs path
06-12 23:33:19.100 I/chatty  (  366): uid=1000(system) memtrack@1.0-se identical 1 line
06-12 23:33:19.111 D/memtrack_aml(  366): sysfs path
06-12 23:33:19.112 I/lowmemorykiller(  231): medium memory pressure event is triggered for new strategy
06-12 23:33:19.132 D/Glide   ( 1786): Finished loading Bitmap from LOCAL for com.bumptech.glide.gifdecoder.StandardGifDecoder@6f5af65 with size [314x176] in 13.615209 ms
06-12 23:33:19.136 D/memtrack_aml(  366): sysfs path
06-12 23:33:19.139 D/stbdpc  (  403): STB_DPGetNumPaths[570]: num_paths: 1
06-12 23:33:19.154 D/memtrack_aml(  366): sysfs path
06-12 23:33:19.160 D/dvb_iptv(  403): ReadEmmNetworkTask[1537]: EMM Select Timeout Occured 35
06-12 23:33:19.175 D/Glide   ( 1786): Finished loading Bitmap from LOCAL for com.bumptech.glide.gifdecoder.StandardGifDecoder@6f5af65 with size [314x176] in 16.2685 ms
06-12 23:33:19.182 D/memtrack_aml(  366): sysfs path
06-12 23:33:19.194 D/memtrack_aml(  366): sysfs path
06-12 23:33:19.212 I/lowmemorykiller(  231): medium memory pressure event is triggered for new strategy
06-12 23:33:19.212 D/lowmemorykiller(  231): LMKD mp_event_psi kill_reasons available are PRESSURE_AFTER_KILL, NOT_RESPONDING, LOW_SWAP_AND_THRASHING, LOW_MEM_AND_SWAP, LOW_MEM_AND_THRASHING, DIRECT_RECL_AND_THRASHING
06-12 23:33:19.213 D/lowmemorykiller(  231): LMKD mp_event_psi kill_reason received= -1
06-12 23:33:19.217 D/memtrack_aml(  366): sysfs path
06-12 23:33:19.226 I/chatty  (  366): uid=1000(system) memtrack@1.0-se identical 1 line
06-12 23:33:19.234 D/memtrack_aml(  366): sysfs path
06-12 23:33:19.240 D/stbdpc  (  403): STB_DPGetNumPaths[570]: num_paths: 1
06-12 23:33:19.244 D/memtrack_aml(  366): sysfs path
06-12 23:33:19.303 I/chatty  (  366): uid=1000(system) memtrack@1.0-se identical 7 lines
06-12 23:33:19.312 D/memtrack_aml(  366): sysfs path
06-12 23:33:19.313 I/lowmemorykiller(  231): medium memory pressure event is triggered for new strategy
06-12 23:33:19.313 D/lowmemorykiller(  231): LMKD mp_event_psi kill_reasons available are PRESSURE_AFTER_KILL, NOT_RESPONDING, LOW_SWAP_AND_THRASHING, LOW_MEM_AND_SWAP, LOW_MEM_AND_THRASHING, DIRECT_RECL_AND_THRASHING
06-12 23:33:19.313 D/lowmemorykiller(  231): LMKD mp_event_psi kill_reason received= -1
06-12 23:33:19.318 I/ActivityTaskManager(  637): START u0 {flg=0x10000000 cmp=in.startv.hotstar/com.hotstar.MainActivity} from uid 0
06-12 23:33:19.318 D/ActivityStarter(  637):  
06-12 23:33:19.318 D/ActivityStarter(  637): launchedPkgName :: in.startv.hotstar 
06-12 23:33:19.318 D/ActivityStarter(  637): callingPackage :: com.android.shell 
06-12 23:33:19.318 D/ActivityStarter(  637): callingUid :: 0 
06-12 23:33:19.318 D/ActivityStarter(  637): callingPid :: 25135
06-12 23:33:19.318 D/ActivityTaskManager(  637): OTHER app is launched
06-12 23:33:19.331 D/memtrack_aml(  366): sysfs path
06-12 23:33:19.331 D/memtrack_aml(  366): get task_name remote.receiver
06-12 23:33:19.340 D/stbdpc  (  403): STB_DPGetNumPaths[570]: num_paths: 1
06-12 23:33:19.349 D/memtrack_aml(  366): sysfs path
06-12 23:33:19.356 V/DigitalSignage(  637): Package Name: null
06-12 23:33:19.356 V/DigitalSignage(  637): Left: 0
06-12 23:33:19.356 V/DigitalSignage(  637): Right: 0
06-12 23:33:19.356 V/DigitalSignage(  637): Top: 0
06-12 23:33:19.356 V/DigitalSignage(  637): Bottom: 0
06-12 23:33:19.357 D/DigitalSignage(  637): else - Package Name :: null left : 0 right :: 0 top :: 0 bottom :: 0 dfu-right :: 1920 dfu-bottom :: 1080
06-12 23:33:19.368 I/cmd     (25135): oneway function results will be dropped but finished with status OK and parcel size 4
06-12 23:33:19.373 D/Glide   ( 1786): Finished loading Bitmap from LOCAL for com.bumptech.glide.gifdecoder.StandardGifDecoder@6f5af65 with size [314x176] in 171.46920799999998 ms
06-12 23:33:19.383 D/CompatibilityChangeReporter(  637): Compat change id reported: 135634846; UID 10072; state: DISABLED
06-12 23:33:19.384 D/CompatibilityChangeReporter(  637): Compat change id reported: 143937733; UID 10072; state: ENABLED
06-12 23:33:19.384 D/JioLauncher( 1786): package-unregisterReceiver-for-downloadFeedBackReceiver
06-12 23:33:19.386 D/JioLauncher( 1786): onPause called in PromotionFragment
06-12 23:33:19.386 D/JioLauncher( 1786): intro-activity-on-pause
06-12 23:33:19.386 D/JioLauncher( 1786): recommendation-pause-called-no-recommendation-call-in-progress-cancel-handler
06-12 23:33:19.386 D/JioLauncher( 1786): ipl-pause-called-no-ipl-call-in-progress-cancel-handler
06-12 23:33:19.386 D/JioLauncher( 1786): for-u-recommendation-api-call-remove
06-12 23:33:19.386 D/JioLauncher( 1786): promotion-pause-called-no-ads-call-in-progress-cancel-handler
06-12 23:33:19.386 D/JioLauncher( 1786): ipl-promotion-pause-called-no-ads-call-in-progress-cancel-handler
06-12 23:33:19.389 D/JioLauncher( 1786): ThreadCount-137
06-12 23:33:19.389 D/JioLauncher( 1786): isInactivityPopupDisplaying-{"inactivity_status_modified_time":1420050609501,"inactivity_status":false,"inactivity_window_timeout":120000}
06-12 23:33:19.389 D/JioLauncher( 1786): inactivity_status-false- result-false
06-12 23:33:19.389 D/JioLauncher( 1786): overlay-removing-type-LIVE_TV_ALERT_TYPE  -isInactivityPopupDisplaying-false
06-12 23:33:19.389 D/JioLauncher( 1786): ThreadCount-137
06-12 23:33:19.389 D/JioLauncher( 1786): isInactivityPopupDisplaying-{"inactivity_status_modified_time":1420050609501,"inactivity_status":false,"inactivity_window_timeout":120000}
06-12 23:33:19.389 D/JioLauncher( 1786): inactivity_status-false- result-false
06-12 23:33:19.389 D/JioLauncher( 1786): block-apps 1 null false
06-12 23:33:19.389 D/JioLauncher( 1786): global-key-unblock-all-key
06-12 23:33:19.391 D/JioLauncher( 1786): block-apps -1 null false
06-12 23:33:19.391 D/JioLauncher( 1786): global-key-block-all-key--others
06-12 23:33:19.405 D/JioLauncher( 1786): promotion auto play stop true
06-12 23:33:19.412 D/Glide   ( 1786): Finished loading Bitmap from LOCAL for com.bumptech.glide.gifdecoder.StandardGifDecoder@6f5af65 with size [314x176] in 37.601834 ms
06-12 23:33:19.413 I/lowmemorykiller(  231): medium memory pressure event is triggered for new strategy
06-12 23:33:19.413 D/lowmemorykiller(  231): LMKD mp_event_psi kill_reasons available are PRESSURE_AFTER_KILL, NOT_RESPONDING, LOW_SWAP_AND_THRASHING, LOW_MEM_AND_SWAP, LOW_MEM_AND_THRASHING, DIRECT_RECL_AND_THRASHING
06-12 23:33:19.413 D/lowmemorykiller(  231): LMKD mp_event_psi kill_reason received= -1
06-12 23:33:19.424 I/appium  (25054): channel read: POST /session/09a4ffd2-a036-4332-9f27-ba29056f557c/element
06-12 23:33:19.425 I/appium  (25054): FindElement command
06-12 23:33:19.428 D/Zygote  (  325): Forked child process 25138
06-12 23:33:19.429 I/appium  (25054): method: 'xpath', selector: '//android.widget.ImageView[@resource-id='in.startv.hotstar:id/iv_profile']'
06-12 23:33:19.434 W/ActivityManager(  637): Slow operation: 52ms so far, now at startProcess: returned from zygote!
06-12 23:33:19.434 I/appium  (25054): Waiting up to 10000ms for the device to idle
06-12 23:33:19.439 D/Glide   ( 1786): Finished loading Bitmap from LOCAL for com.bumptech.glide.gifdecoder.StandardGifDecoder@6f5af65 with size [314x176] in 22.2135 ms
06-12 23:33:19.440 D/stbdpc  (  403): STB_DPGetNumPaths[570]: num_paths: 1
06-12 23:33:19.443 W/ActivityManager(  637): Slow operation: 62ms so far, now at startProcess: done updating battery stats
06-12 23:33:19.444 W/ActivityManager(  637): Slow operation: 62ms so far, now at startProcess: building log message
06-12 23:33:19.444 I/ActivityManager(  637): Start proc 25138:in.startv.hotstar/u0a72 for pre-top-activity {in.startv.hotstar/com.hotstar.MainActivity}
06-12 23:33:19.444 W/ActivityManager(  637): Slow operation: 62ms so far, now at startProcess: starting to update pids map
06-12 23:33:19.446 W/ActivityManager(  637): Slow operation: 64ms so far, now at startProcess: done updating pids map
06-12 23:33:19.452 I/appium  (25054): The following attributes will be included to the page source: [resource-id]
06-12 23:33:19.469 D/Glide   ( 1786): Finished loading Bitmap from LOCAL for com.bumptech.glide.gifdecoder.StandardGifDecoder@6f5af65 with size [314x176] in 11.49775 ms
06-12 23:33:19.473 D/memtrack_aml(  366): sysfs path
06-12 23:33:19.477 I/adbd    ( 5896): jdwp connection from 25138
06-12 23:33:19.484 V/DigitalSignage(  637): Package Name: null
06-12 23:33:19.484 V/DigitalSignage(  637): Left: 0
06-12 23:33:19.484 V/DigitalSignage(  637): Right: 0
06-12 23:33:19.484 V/DigitalSignage(  637): Top: 0
06-12 23:33:19.484 V/DigitalSignage(  637): Bottom: 0
06-12 23:33:19.484 D/DigitalSignage(  637): else - Package Name :: null left : 0 right :: 0 top :: 0 bottom :: 0 dfu-right :: 1920 dfu-bottom :: 1080
06-12 23:33:19.513 I/lowmemorykiller(  231): medium memory pressure event is triggered for new strategy
06-12 23:33:19.513 D/lowmemorykiller(  231): LMKD mp_event_psi kill_reasons available are PRESSURE_AFTER_KILL, NOT_RESPONDING, LOW_SWAP_AND_THRASHING, LOW_MEM_AND_SWAP, LOW_MEM_AND_THRASHING, DIRECT_RECL_AND_THRASHING
06-12 23:33:19.513 D/lowmemorykiller(  231): LMKD mp_event_psi kill_reason received= -1
06-12 23:33:19.516 D/ActivityTaskManager(  637): JioHomeManagerService :: ActivityRecord :: setState :: StateFrom :: INITIALIZING StateTo :: RESUMED 
06-12 23:33:19.520 D/ActivityManager(  637): JioHomeManagerService :: StateFrom :: INITIALIZING StateTo :: RESUMED Activity :: in.startv.hotstar/com.hotstar.MainActivity Action :: com.jio.remote.action.applaunch
06-12 23:33:19.526 I/ThermalService(  987): CPU temperatures: [69.5]
06-12 23:33:19.528 D/NetflixService(  987): onForegroundActivitiesChanged pid:25138,uid:10072,fg:true
06-12 23:33:19.535 V/DigitalSignage(  637): Package Name: null
06-12 23:33:19.535 V/DigitalSignage(  637): Left: 0
06-12 23:33:19.535 V/DigitalSignage(  637): Right: 0
06-12 23:33:19.535 V/DigitalSignage(  637): Top: 0
06-12 23:33:19.535 V/DigitalSignage(  637): Bottom: 0
06-12 23:33:19.535 D/DigitalSignage(  637): else - Package Name :: null left : 0 right :: 0 top :: 0 bottom :: 0 dfu-right :: 1920 dfu-bottom :: 1080
06-12 23:33:19.539 D/Glide   ( 1786): Finished loading Bitmap from LOCAL for com.bumptech.glide.gifdecoder.StandardGifDecoder@6f5af65 with size [314x176] in 38.257334 ms
06-12 23:33:19.540 D/stbdpc  (  403): STB_DPGetNumPaths[570]: num_paths: 1
06-12 23:33:19.550 V/DigitalSignage(  637): Package Name: null
06-12 23:33:19.550 V/DigitalSignage(  637): Left: 0
06-12 23:33:19.550 V/DigitalSignage(  637): Right: 0
06-12 23:33:19.550 V/DigitalSignage(  637): Top: 0
06-12 23:33:19.550 V/DigitalSignage(  637): Bottom: 0
06-12 23:33:19.550 D/DigitalSignage(  637): else - Package Name :: null left : 0 right :: 0 top :: 0 bottom :: 0 dfu-right :: 1920 dfu-bottom :: 1080
06-12 23:33:19.557 D/NetflixService(  987): processName:com.netflix.ninja,importance:300
06-12 23:33:19.574 D/memtrack_aml(  366): sysfs path
06-12 23:33:19.575 V/DigitalSignage(  637): Package Name: null
06-12 23:33:19.575 V/DigitalSignage(  637): Left: 0
06-12 23:33:19.575 V/DigitalSignage(  637): Right: 0
06-12 23:33:19.575 V/DigitalSignage(  637): Top: 0
06-12 23:33:19.575 V/DigitalSignage(  637): Bottom: 0
06-12 23:33:19.576 D/memtrack_aml(  366): get task_name m.jio.usbupdate
06-12 23:33:19.576 D/DigitalSignage(  637): else - Package Name :: null left : 0 right :: 0 top :: 0 bottom :: 0 dfu-right :: 1920 dfu-bottom :: 1080
06-12 23:33:19.576 I/android.hardware.power-service.libperfmgr(  369): Power setBoost: INTERACTION duration: 0
06-12 23:33:19.589 D/Glide   ( 1786): Finished loading Bitmap from LOCAL for com.bumptech.glide.gifdecoder.StandardGifDecoder@6f5af65 with size [314x176] in 44.276709 ms
06-12 23:33:19.591 I/libperfmgr(  369): Do Powerhint: INTERACTION
06-12 23:33:19.607 D/memtrack_aml(  366): sysfs path
06-12 23:33:19.608 D/memtrack_aml(  366): get task_name oid.tv.settings
06-12 23:33:19.614 I/lowmemorykiller(  231): medium memory pressure event is triggered for new strategy
06-12 23:33:19.615 D/lowmemorykiller(  231): LMKD mp_event_psi kill_reasons available are PRESSURE_AFTER_KILL, NOT_RESPONDING, LOW_SWAP_AND_THRASHING, LOW_MEM_AND_SWAP, LOW_MEM_AND_THRASHING, DIRECT_RECL_AND_THRASHING
06-12 23:33:19.615 D/lowmemorykiller(  231): LMKD mp_event_psi kill_reason received= -1
06-12 23:33:19.618 D/memtrack_aml(  366): sysfs path
06-12 23:33:19.628 D/memtrack_aml(  366): sysfs path
06-12 23:33:19.640 D/stbdpc  (  403): STB_DPGetNumPaths[570]: num_paths: 1
06-12 23:33:19.644 D/memtrack_aml(  366): sysfs path
06-12 23:33:19.660 D/memtrack_aml(  366): sysfs path
06-12 23:33:19.660 D/memtrack_aml(  366): get task_name groundscheduler
06-12 23:33:19.660 D/dvb_iptv(  403): ReadEmmNetworkTask[1537]: EMM Select Timeout Occured 36
06-12 23:33:19.661 D/Glide   ( 1786): Finished loading Bitmap from LOCAL for com.bumptech.glide.gifdecoder.StandardGifDecoder@6f5af65 with size [314x176] in 70.408458 ms
06-12 23:33:19.687 D/rtk_heartbeat(  350): heartbeat_timed_out: heartbeatCmdCount = 4145, expected nextSeqNum = 4145
06-12 23:33:19.690 D/rtk_heartbeat(  350): rtkbt_heartbeat_cmpl_cback: Current SeqNum = 4145,should SeqNum=4145, status = 0
06-12 23:33:19.713 D/JioStbInactivityTimer(  936): Timer: count 7 warningTimeout:10680 timeout:10800
06-12 23:33:19.713 D/JioStbInactivityTimer(  936): isUserActive: Curr:4158394 Prev:4158394
06-12 23:33:19.715 I/lowmemorykiller(  231): medium memory pressure event is triggered for new strategy
06-12 23:33:19.715 D/lowmemorykiller(  231): LMKD mp_event_psi kill_reasons available are PRESSURE_AFTER_KILL, NOT_RESPONDING, LOW_SWAP_AND_THRASHING, LOW_MEM_AND_SWAP, LOW_MEM_AND_THRASHING, DIRECT_RECL_AND_THRASHING
06-12 23:33:19.715 D/lowmemorykiller(  231): LMKD mp_event_psi kill_reason received= -1
06-12 23:33:19.716 D/Glide   ( 1786): Finished loading Bitmap from LOCAL for com.bumptech.glide.gifdecoder.StandardGifDecoder@6f5af65 with size [314x176] in 53.736208 ms
06-12 23:33:19.735 D/NetworkSecurityConfig(25138): Using Network Security Config from resource network_security_config debugBuild: false
06-12 23:33:19.738 D/NetworkSecurityConfig(25138): Using Network Security Config from resource network_security_config debugBuild: false
06-12 23:33:19.741 D/stbdpc  (  403): STB_DPGetNumPaths[570]: num_paths: 1
06-12 23:33:19.767 D/Glide   ( 1786): Finished loading Bitmap from LOCAL for com.bumptech.glide.gifdecoder.StandardGifDecoder@6f5af65 with size [314x176] in 49.014165999999996 ms
06-12 23:33:19.771 D/memtrack_aml(  366): sysfs path
06-12 23:33:19.780 D/memtrack_aml(  366): sysfs path
06-12 23:33:19.781 D/memtrack_aml(  366): get task_name l.podlogservice
06-12 23:33:19.789 D/Glide   ( 1786): Finished loading Bitmap from LOCAL for com.bumptech.glide.gifdecoder.StandardGifDecoder@6f5af65 with size [314x176] in 22.36975 ms
06-12 23:33:19.792 D/memtrack_aml(  366): sysfs path
06-12 23:33:19.792 D/memtrack_aml(  366): get task_name io.appoptimizer
06-12 23:33:19.803 D/memtrack_aml(  366): sysfs path
06-12 23:33:19.811 D/memtrack_aml(  366): sysfs path
06-12 23:33:19.812 D/memtrack_aml(  366): get task_name commandreceiver
06-12 23:33:19.815 I/lowmemorykiller(  231): medium memory pressure event is triggered for new strategy
06-12 23:33:19.815 D/lowmemorykiller(  231): LMKD mp_event_psi kill_reasons available are PRESSURE_AFTER_KILL, NOT_RESPONDING, LOW_SWAP_AND_THRASHING, LOW_MEM_AND_SWAP, LOW_MEM_AND_THRASHING, DIRECT_RECL_AND_THRASHING
06-12 23:33:19.816 D/lowmemorykiller(  231): LMKD mp_event_psi kill_reason received= -1
06-12 23:33:19.824 D/SessionsDependencies(25138): Dependency to CRASHLYTICS added.
06-12 23:33:19.828 I/FirebaseApp(25138): Device unlocked: initializing all Firebase APIs for app [DEFAULT]
06-12 23:33:19.838 D/memtrack_aml(  366): sysfs path
06-12 23:33:19.839 D/memtrack_aml(  366): get task_name .jio.httpupdate
06-12 23:33:19.841 D/stbdpc  (  403): STB_DPGetNumPaths[570]: num_paths: 1
06-12 23:33:19.856 D/memtrack_aml(  366): sysfs path
06-12 23:33:19.857 D/FirebaseSessions(25138): Initializing Firebase Sessions SDK.
06-12 23:33:19.857 D/memtrack_aml(  366): get task_name com.jio.sdk
06-12 23:33:19.862 D/Glide   ( 1786): Finished loading Bitmap from LOCAL for com.bumptech.glide.gifdecoder.StandardGifDecoder@6f5af65 with size [314x176] in 53.828708999999996 ms
06-12 23:33:19.871 I/FirebaseCrashlytics(25138): Initializing Firebase Crashlytics 19.3.0 for in.startv.hotstar
06-12 23:33:19.884 W/GooglePlayServicesUtil(25138): in.startv.hotstar requires the Google Play Store, but it is missing.
06-12 23:33:19.884 E/DynamiteModule(25138): Invalid GmsCore APK, remote loading disabled.
06-12 23:33:19.884 I/DynamiteModule(25138): Considering local module com.google.android.gms.measurement.dynamite:127 and remote module com.google.android.gms.measurement.dynamite:0
06-12 23:33:19.885 I/DynamiteModule(25138): Selected local version of com.google.android.gms.measurement.dynamite
06-12 23:33:19.890 E/DynamiteModule(25138): Invalid GmsCore APK, remote loading disabled.
06-12 23:33:19.892 E/ocessService0:( 2252): failed to create Unix domain socket: Operation not permitted
06-12 23:33:19.899 D/Glide   ( 1786): Finished loading Bitmap from LOCAL for com.bumptech.glide.gifdecoder.StandardGifDecoder@6f5af65 with size [314x176] in 36.777291999999996 ms
06-12 23:33:19.898 W/FA      (25138): Failed to register event listener on calling thread. Trying again on the dynamite thread.
06-12 23:33:19.901 D/SessionsDependencies(25138): Subscriber CRASHLYTICS registered.
06-12 23:33:19.916 I/lowmemorykiller(  231): medium memory pressure event is triggered for new strategy
06-12 23:33:19.916 D/lowmemorykiller(  231): LMKD mp_event_psi kill_reasons available are PRESSURE_AFTER_KILL, NOT_RESPONDING, LOW_SWAP_AND_THRASHING, LOW_MEM_AND_SWAP, LOW_MEM_AND_THRASHING, DIRECT_RECL_AND_THRASHING
06-12 23:33:19.916 D/lowmemorykiller(  231): LMKD mp_event_psi kill_reason received= -1
06-12 23:33:19.936 I/tomator2.serve(25054): Waiting for a blocking GC ProfileSaver
06-12 23:33:19.941 D/stbdpc  (  403): STB_DPGetNumPaths[570]: num_paths: 1
06-12 23:33:19.943 D/Glide   ( 1786): Finished loading Bitmap from LOCAL for com.bumptech.glide.gifdecoder.StandardGifDecoder@6f5af65 with size [314x176] in 39.042625 ms
06-12 23:33:19.952 D/memtrack_aml(  366): sysfs path
06-12 23:33:19.952 D/memtrack_aml(  366): get task_name com.jiostb.fti
06-12 23:33:19.959 I/FA      (25138): App measurement initialized, version: 106000
06-12 23:33:19.959 I/FA      (25138): To enable debug logging run: adb shell setprop log.tag.FA VERBOSE
06-12 23:33:19.966 D/memtrack_aml(  366): sysfs path
06-12 23:33:19.972 V/DigitalSignage(  637): Package Name: null
06-12 23:33:19.972 V/DigitalSignage(  637): Left: 0
06-12 23:33:19.972 V/DigitalSignage(  637): Right: 0
06-12 23:33:19.972 V/DigitalSignage(  637): Top: 0
06-12 23:33:19.972 V/DigitalSignage(  637): Bottom: 0
06-12 23:33:19.973 D/DigitalSignage(  637): else - Package Name :: null left : 0 right :: 0 top :: 0 bottom :: 0 dfu-right :: 1920 dfu-bottom :: 1080
06-12 23:33:19.975 D/memtrack_aml(  366): sysfs path
06-12 23:33:19.975 D/memtrack_aml(  366): get task_name com.droidlogic
06-12 23:33:19.983 D/memtrack_aml(  366): sysfs path
06-12 23:33:19.984 D/memtrack_aml(  366): get task_name inactivitytimer
06-12 23:33:19.988 I/FA      (25138): To enable faster debug mode event logging run:
06-12 23:33:19.988 I/FA      (25138):   adb shell setprop debug.firebase.analytics.app in.startv.hotstar
06-12 23:33:19.995 E/BufferQueueProducer(  402): [com.iwedia.ui.rjio.launcher.reliance/com.iwedia.ui.rjio.launcher.ui.intro.IntroActivity#0](id:1920000005b,api:0,p:-1,c:402) disconnect: not connected (req=1)
06-12 23:33:19.996 W/libEGL  ( 1786): EGLNativeWindowType 0xeea16808 disconnect failed
06-12 23:33:20.001 V/DigitalSignage(  637): Package Name: null
06-12 23:33:20.001 V/DigitalSignage(  637): Left: 0
06-12 23:33:20.001 V/DigitalSignage(  637): Right: 0
06-12 23:33:20.001 V/DigitalSignage(  637): Top: 0
06-12 23:33:20.001 V/DigitalSignage(  637): Bottom: 0
06-12 23:33:20.001 D/DigitalSignage(  637): else - Package Name :: null left : 0 right :: 0 top :: 0 bottom :: 0 dfu-right :: 1920 dfu-bottom :: 1080
06-12 23:33:20.008 D/memtrack_aml(  366): sysfs path
06-12 23:33:20.009 I/tomator2.serve(25054): WaitForGcToComplete blocked ProfileSaver on ClassLinker for 73.081ms
06-12 23:33:20.016 I/lowmemorykiller(  231): medium memory pressure event is triggered for new strategy
06-12 23:33:20.016 D/lowmemorykiller(  231): LMKD mp_event_psi kill_reasons available are PRESSURE_AFTER_KILL, NOT_RESPONDING, LOW_SWAP_AND_THRASHING, LOW_MEM_AND_SWAP, LOW_MEM_AND_THRASHING, DIRECT_RECL_AND_THRASHING
06-12 23:33:20.016 D/lowmemorykiller(  231): LMKD mp_event_psi kill_reason received= -1
06-12 23:33:20.027 I/lowmemorykiller(  231): medium memory pressure event is triggered for new strategy
06-12 23:33:20.027 D/lowmemorykiller(  231): LMKD mp_event_psi kill_reasons available are PRESSURE_AFTER_KILL, NOT_RESPONDING, LOW_SWAP_AND_THRASHING, LOW_MEM_AND_SWAP, LOW_MEM_AND_THRASHING, DIRECT_RECL_AND_THRASHING
06-12 23:33:20.027 D/lowmemorykiller(  231): LMKD mp_event_psi kill_reason received= -1
06-12 23:33:20.041 D/stbdpc  (  403): STB_DPGetNumPaths[570]: num_paths: 1
06-12 23:33:20.055 D/memtrack_aml(  366): sysfs path
06-12 23:33:20.057 I/FirebaseInitProvider(25138): FirebaseApp initialization successful
06-12 23:33:20.064 D/memtrack_aml(  366): sysfs path
06-12 23:33:20.071 D/LifecycleServiceBinder(25138): Binding service to application.
06-12 23:33:20.074 D/Glide   ( 1786): Finished loading Bitmap from LOCAL for com.bumptech.glide.gifdecoder.StandardGifDecoder@6f5af65 with size [314x176] in 131.077167 ms
06-12 23:33:20.084 D/WM-WrkMgrInitializer(25138): Initializing WorkManager with default configuration.
06-12 23:33:20.096 I/TetheringManager(25138): registerTetheringEventCallback:in.startv.hotstar
06-12 23:33:20.105 D/memtrack_aml(  366): sysfs path
06-12 23:33:20.115 I/lowmemorykiller(  231): medium memory pressure event is triggered for new strategy
06-12 23:33:20.116 D/lowmemorykiller(  231): LMKD mp_event_psi kill_reasons available are PRESSURE_AFTER_KILL, NOT_RESPONDING, LOW_SWAP_AND_THRASHING, LOW_MEM_AND_SWAP, LOW_MEM_AND_THRASHING, DIRECT_RECL_AND_THRASHING
06-12 23:33:20.116 D/lowmemorykiller(  231): LMKD mp_event_psi kill_reason received= -1
06-12 23:33:20.119 E/DynamiteModule(25138): Invalid GmsCore APK, remote loading disabled.
06-12 23:33:20.122 I/DynamiteModule(25138): Considering local module com.google.android.gms.cast_tv_dynamite:1 and remote module com.google.android.gms.cast_tv_dynamite:0
06-12 23:33:20.122 I/DynamiteModule(25138): Selected local version of com.google.android.gms.cast_tv_dynamite
06-12 23:33:20.141 D/stbdpc  (  403): STB_DPGetNumPaths[570]: num_paths: 1
06-12 23:33:20.160 D/dvb_iptv(  403): ReadEmmNetworkTask[1537]: EMM Select Timeout Occured 37
06-12 23:33:20.216 I/lowmemorykiller(  231): medium memory pressure event is triggered for new strategy
06-12 23:33:20.216 D/lowmemorykiller(  231): LMKD mp_event_psi kill_reasons available are PRESSURE_AFTER_KILL, NOT_RESPONDING, LOW_SWAP_AND_THRASHING, LOW_MEM_AND_SWAP, LOW_MEM_AND_THRASHING, DIRECT_RECL_AND_THRASHING
06-12 23:33:20.216 D/lowmemorykiller(  231): LMKD mp_event_psi kill_reason received= -1
06-12 23:33:20.242 D/stbdpc  (  403): STB_DPGetNumPaths[570]: num_paths: 1
06-12 23:33:20.249 I/AmFFmpegExtractor(  465): checkInList: isw:0, m:audio/mpeg, t:1, i:86017 t:0
06-12 23:33:20.249 I/AmFFmpegExtractor(  465): checkInList: isw:1, m:audio/mpeg, t:1, i:86017 t:0
06-12 23:33:20.249 E/AmFFmpegExtractor(  465): codec_ctx->properties: 0
06-12 23:33:20.249 I/AmFFmpegExtractor(  465): checkSupportInList ret 1
06-12 23:33:20.273 I/AmFFmpegExtractor(  465): checkInList: isw:0, m:audio/mpeg, t:1, i:86017 t:0
06-12 23:33:20.273 I/AmFFmpegExtractor(  465): checkInList: isw:1, m:audio/mpeg, t:1, i:86017 t:0
06-12 23:33:20.273 E/AmFFmpegExtractor(  465): codec_ctx->properties: 0
06-12 23:33:20.273 I/AmFFmpegExtractor(  465): checkSupportInList ret 0
06-12 23:33:20.274 E/AmFFmpegExtractor(  465): vendor do not support
06-12 23:33:20.281 E/Utils   (  465): did not find channel-count and/or sample-rate
06-12 23:33:20.292 I/AmAVUtils(25138): AmAVUtils, GITINFO : d32b3814175617bb24dd0965983e5642c803ab3a(drm.autobuild  Mon Oct 18 12:59:01 CST 2021)
06-12 23:33:20.292 I/AmAVUtils(25138): set profile 0 level:0
06-12 23:33:20.316 I/lowmemorykiller(  231): medium memory pressure event is triggered for new strategy
06-12 23:33:20.317 D/lowmemorykiller(  231): LMKD mp_event_psi kill_reasons available are PRESSURE_AFTER_KILL, NOT_RESPONDING, LOW_SWAP_AND_THRASHING, LOW_MEM_AND_SWAP, LOW_MEM_AND_THRASHING, DIRECT_RECL_AND_THRASHING
06-12 23:33:20.317 D/lowmemorykiller(  231): LMKD mp_event_psi kill_reason received= -1
06-12 23:33:20.322 D/CCodec  (25138): allocate(c2.android.mp3.decoder)
06-12 23:33:20.324 D/ConnectivityService(  637): NetReassign [no changes]
06-12 23:33:20.339 I/Codec2Client(25138): Available Codec2 services: "software"
06-12 23:33:20.342 D/stbdpc  (  403): STB_DPGetNumPaths[570]: num_paths: 1
06-12 23:33:20.361 V/C2Store (  479): in init
06-12 23:33:20.362 V/C2Store (  479): loading dll
06-12 23:33:20.417 I/lowmemorykiller(  231): medium memory pressure event is triggered for new strategy
06-12 23:33:20.417 D/lowmemorykiller(  231): LMKD mp_event_psi kill_reasons available are PRESSURE_AFTER_KILL, NOT_RESPONDING, LOW_SWAP_AND_THRASHING, LOW_MEM_AND_SWAP, LOW_MEM_AND_THRASHING, DIRECT_RECL_AND_THRASHING
06-12 23:33:20.417 D/lowmemorykiller(  231): LMKD mp_event_psi kill_reason received= -1
06-12 23:33:20.442 D/stbdpc  (  403): STB_DPGetNumPaths[570]: num_paths: 1
06-12 23:33:20.470 V/FileLogTree(25138): Successfully created log file /data/user/0/in.startv.hotstar/files/logs/HotStarLogs1749751400460.log
06-12 23:33:20.470 I/tomator2.serve(25054): Background concurrent copying GC freed 41902(2600KB) AllocSpace objects, 7(956KB) LOS objects, 49% free, 10MB/21MB, paused 84us total 417.823ms
06-12 23:33:20.488 I/CCodec  (25138): Created component [c2.android.mp3.decoder]
06-12 23:33:20.488 D/CCodecConfig(25138): read media type: audio/mpeg
06-12 23:33:20.492 D/ReflectedParamUpdater(25138): extent() != 1 for single value type: algo.buffers.max-count.values
06-12 23:33:20.492 D/ReflectedParamUpdater(25138): extent() != 1 for single value type: output.subscribed-indices.values
06-12 23:33:20.492 D/ReflectedParamUpdater(25138): extent() != 1 for single value type: input.buffers.allocator-ids.values
06-12 23:33:20.493 D/ReflectedParamUpdater(25138): extent() != 1 for single value type: output.buffers.allocator-ids.values
06-12 23:33:20.493 D/ReflectedParamUpdater(25138): extent() != 1 for single value type: algo.buffers.allocator-ids.values
06-12 23:33:20.493 D/ReflectedParamUpdater(25138): extent() != 1 for single value type: output.buffers.pool-ids.values
06-12 23:33:20.493 D/ReflectedParamUpdater(25138): extent() != 1 for single value type: algo.buffers.pool-ids.values
06-12 23:33:20.495 D/CompatibilityChangeReporter(  637): Compat change id reported: 136274596; UID 10072; state: ENABLED
06-12 23:33:20.496 I/CCodecConfig(25138): query failed after returning 7 values (BAD_INDEX)
06-12 23:33:20.496 D/CCodecConfig(25138): c2 config diff is Dict {
06-12 23:33:20.496 D/CCodecConfig(25138):   c2::u32 coded.bitrate.value = 64000
06-12 23:33:20.496 D/CCodecConfig(25138):   c2::u32 input.buffers.max-size.value = 8192
06-12 23:33:20.496 D/CCodecConfig(25138):   c2::u32 input.delay.value = 0
06-12 23:33:20.496 D/CCodecConfig(25138):   string input.media-type.value = "audio/mpeg"
06-12 23:33:20.496 D/CCodecConfig(25138):   string output.media-type.value = "audio/raw"
06-12 23:33:20.496 D/CCodecConfig(25138):   c2::u32 raw.channel-count.value = 2
06-12 23:33:20.496 D/CCodecConfig(25138):   c2::u32 raw.sample-rate.value = 44100
06-12 23:33:20.496 D/CCodecConfig(25138): }
06-12 23:33:20.498 D/CCodec  (25138): [c2.android.mp3.decoder] buffers are bound to CCodec for this session
06-12 23:33:20.498 D/CCodecConfig(25138): no c2 equivalents for durationUs
06-12 23:33:20.498 D/CCodecConfig(25138): no c2 equivalents for track-id
06-12 23:33:20.498 D/CCodecConfig(25138): no c2 equivalents for encoder-delay
06-12 23:33:20.498 D/CCodecConfig(25138): no c2 equivalents for encoder-padding
06-12 23:33:20.498 D/CCodecConfig(25138): no c2 equivalents for flags
06-12 23:33:20.500 D/CCodecConfig(25138): c2 config diff is   c2::u32 raw.channel-count.value = 1
06-12 23:33:20.500 D/CCodecConfig(25138):   c2::u32 raw.sample-rate.value = 48000
06-12 23:33:20.501 W/Codec2Client(25138): query -- param skipped: index = 1107298332.
06-12 23:33:20.501 D/CCodec  (25138): setup formats input: AMessage(what = 0x00000000) = {
06-12 23:33:20.501 D/CCodec  (25138):   int32_t channel-count = 1
06-12 23:33:20.501 D/CCodec  (25138):   int32_t max-input-size = 8192
06-12 23:33:20.501 D/CCodec  (25138):   string mime = "audio/mpeg"
06-12 23:33:20.501 D/CCodec  (25138):   int32_t sample-rate = 48000
06-12 23:33:20.501 D/CCodec  (25138): } and output: AMessage(what = 0x00000000) = {
06-12 23:33:20.501 D/CCodec  (25138):   int32_t channel-count = 1
06-12 23:33:20.501 D/CCodec  (25138):   string mime = "audio/raw"
06-12 23:33:20.501 D/CCodec  (25138):   int32_t sample-rate = 48000
06-12 23:33:20.501 D/CCodec  (25138):   int32_t encoder-delay = 576
06-12 23:33:20.501 D/CCodec  (25138):   int32_t encoder-padding = 1152
06-12 23:33:20.501 D/CCodec  (25138): }
06-12 23:33:20.505 W/Codec2Client(25138): query -- param skipped: index = 1342179345.
06-12 23:33:20.505 W/Codec2Client(25138): query -- param skipped: index = 2415921170.
06-12 23:33:20.510 E/FMQ     (25138): grantorIdx must be less than 3
06-12 23:33:20.510 E/FMQ     (25138): grantorIdx must be less than 3
06-12 23:33:20.510 D/CCodecBufferChannel(25138): [c2.android.mp3.decoder#708] Created input block pool with allocatorID 16 => poolID 17 - OK (0)
06-12 23:33:20.512 E/FMQ     (  479): grantorIdx must be less than 3
06-12 23:33:20.512 E/FMQ     (  479): grantorIdx must be less than 3
06-12 23:33:20.513 I/CCodecBufferChannel(25138): [c2.android.mp3.decoder#708] Created output block pool with allocatorID 16 => poolID 50 - OK
06-12 23:33:20.513 D/CCodecBufferChannel(25138): [c2.android.mp3.decoder#708] Configured output block pool ids 50 => OK
06-12 23:33:20.516 I/lowmemorykiller(  231): medium memory pressure event is triggered for new strategy
06-12 23:33:20.516 D/lowmemorykiller(  231): LMKD mp_event_psi kill_reasons available are PRESSURE_AFTER_KILL, NOT_RESPONDING, LOW_SWAP_AND_THRASHING, LOW_MEM_AND_SWAP, LOW_MEM_AND_THRASHING, DIRECT_RECL_AND_THRASHING
06-12 23:33:20.516 D/lowmemorykiller(  231): LMKD mp_event_psi kill_reason received= -1
06-12 23:33:20.516 E/ion     (25138): ioctl c0044901 failed with code -1: Inappropriate ioctl for device
06-12 23:33:20.525 D/SimpleC2Component(  479): Using output block pool with poolID 50 => got 50 - 0
06-12 23:33:20.526 E/FMQ     (25138): grantorIdx must be less than 3
06-12 23:33:20.527 E/FMQ     (  479): grantorIdx must be less than 3
06-12 23:33:20.536 I/C2SoftMp3Dec(  479): Reconfiguring decoder: 0->48000 Hz, 0->1 channels
06-12 23:33:20.537 E/FMQ     (  479): grantorIdx must be less than 3
06-12 23:33:20.538 E/FMQ     (25138): grantorIdx must be less than 3
06-12 23:33:20.540 D/CCodecBuffers(25138): [c2.android.mp3.decoder#708:Output[N]] popFromStashAndRegister: output format changed to AMessage(what = 0x00000000) = {
06-12 23:33:20.540 D/CCodecBuffers(25138):   int32_t channel-count = 1
06-12 23:33:20.540 D/CCodecBuffers(25138):   string mime = "audio/raw"
06-12 23:33:20.540 D/CCodecBuffers(25138):   int32_t sample-rate = 48000
06-12 23:33:20.540 D/CCodecBuffers(25138):   int32_t encoder-delay = 576
06-12 23:33:20.540 D/CCodecBuffers(25138):   int32_t encoder-padding = 1152
06-12 23:33:20.540 D/CCodecBuffers(25138): }
06-12 23:33:20.542 D/stbdpc  (  403): STB_DPGetNumPaths[570]: num_paths: 1
06-12 23:33:20.549 E/QueryController(25054): Got null root node from accessibility - Retrying...
06-12 23:33:20.550 W/GooglePlayServicesUtil(25138): in.startv.hotstar requires the Google Play Store, but it is missing.
06-12 23:33:20.550 W/FA      (25138): Service invalid
06-12 23:33:20.585 D/SessionLifecycleClient(25138): Queued message 1. Queue size 1
06-12 23:33:20.599 V/RootBeer(25138): b: a() [44] - /system/xbin/su binary detected!
06-12 23:33:20.616 I/lowmemorykiller(  231): medium memory pressure event is triggered for new strategy
06-12 23:33:20.616 D/lowmemorykiller(  231): LMKD mp_event_psi kill_reasons available are PRESSURE_AFTER_KILL, NOT_RESPONDING, LOW_SWAP_AND_THRASHING, LOW_MEM_AND_SWAP, LOW_MEM_AND_THRASHING, DIRECT_RECL_AND_THRASHING
06-12 23:33:20.616 D/lowmemorykiller(  231): LMKD mp_event_psi kill_reason received= -1
06-12 23:33:20.642 D/stbdpc  (  403): STB_DPGetNumPaths[570]: num_paths: 1
06-12 23:33:20.650 D/SessionLifecycleService(25138): Service bound to new client on process 25138
06-12 23:33:20.652 D/SessionLifecycleService(25138): App has not yet foregrounded. Using previously stored session.
06-12 23:33:20.656 I/Choreographer(25138): Skipped 32 frames!  The application may be doing too much work on its main thread.
06-12 23:33:20.656 D/SessionLifecycleService(25138): Client android.os.Messenger@698ef4d bound at 4167767. Clients: 1
06-12 23:33:20.661 D/dvb_iptv(  403): ReadEmmNetworkTask[1537]: EMM Select Timeout Occured 38
06-12 23:33:20.669 V/DigitalSignage(  637): Package Name: null
06-12 23:33:20.669 V/DigitalSignage(  637): Left: 0
06-12 23:33:20.669 V/DigitalSignage(  637): Right: 0
06-12 23:33:20.669 V/DigitalSignage(  637): Top: 0
06-12 23:33:20.669 V/DigitalSignage(  637): Bottom: 0
06-12 23:33:20.670 D/DigitalSignage(  637): else - Package Name :: null left : 0 right :: 0 top :: 0 bottom :: 0 dfu-right :: 1920 dfu-bottom :: 1080
06-12 23:33:20.670 V/DigitalSignage(  637): Package Name: null
06-12 23:33:20.670 V/DigitalSignage(  637): Left: 0
06-12 23:33:20.670 V/DigitalSignage(  637): Right: 0
06-12 23:33:20.670 V/DigitalSignage(  637): Top: 0
06-12 23:33:20.670 V/DigitalSignage(  637): Bottom: 0
06-12 23:33:20.670 D/DigitalSignage(  637): else - Package Name :: null left : 0 right :: 0 top :: 0 bottom :: 0 dfu-right :: 1920 dfu-bottom :: 1080
06-12 23:33:20.688 D/rtk_heartbeat(  350): heartbeat_timed_out: heartbeatCmdCount = 4146, expected nextSeqNum = 4146
06-12 23:33:20.689 D/rtk_heartbeat(  350): rtkbt_heartbeat_cmpl_cback: Current SeqNum = 4146,should SeqNum=4146, status = 0
06-12 23:33:20.691 I/uncher.relianc( 1786): oneway function results will be dropped but finished with status OK and parcel size 4
06-12 23:33:20.696 I/e.swalekh.abct( 1352): oneway function results will be dropped but finished with status OK and parcel size 4
06-12 23:33:20.713 D/JioStbInactivityTimer(  936): Timer: count 8 warningTimeout:10680 timeout:10800
06-12 23:33:20.713 D/JioStbInactivityTimer(  936): isUserActive: Curr:4158394 Prev:4158394
06-12 23:33:20.717 I/lowmemorykiller(  231): medium memory pressure event is triggered for new strategy
06-12 23:33:20.717 D/lowmemorykiller(  231): LMKD mp_event_psi kill_reasons available are PRESSURE_AFTER_KILL, NOT_RESPONDING, LOW_SWAP_AND_THRASHING, LOW_MEM_AND_SWAP, LOW_MEM_AND_THRASHING, DIRECT_RECL_AND_THRASHING
06-12 23:33:20.717 D/lowmemorykiller(  231): LMKD mp_event_psi kill_reason received= -1
06-12 23:33:20.735 D/JioSTBMRServer-SERVICE( 3281): InetSocketAddress(InetAddress.getByName(inetAddress.hostAddress)-/192.168.1.255
06-12 23:33:20.735 D/JioSTBMRServer-SERVICE( 3281): #beacon:RKISBFJ60000097:0:false:0:1:SV=181024 , 192.168.1.255
06-12 23:33:20.736 I/hwservicemanager(  233): getTransport: Cannot find entry android.hardware.configstore@1.0::ISurfaceFlingerConfigs/default in either framework or device manifest.
06-12 23:33:20.742 D/stbdpc  (  403): STB_DPGetNumPaths[570]: num_paths: 1
06-12 23:33:20.753 D/JioSTBMRServer-SERVICE( 3281): InetSocketAddress(InetAddress.getByName(inetAddress.hostAddress)-/192.168.1.255
06-12 23:33:20.753 D/JioSTBMRServer-SERVICE( 3281): #broadcast IP:192.168.1.255
06-12 23:33:20.772 W/[ 4167.889424@3]  RTW(    0): fill_default_txdesc(wlan0): SP Packet(0x0806) rate=0x4 SeqNum = 1962
06-12 23:33:20.797 D/ltts_ip_emm(  403): LTTS_IP_DMXStartEMM[381]: parse_emm_cat_status failed
06-12 23:33:20.817 I/lowmemorykiller(  231): medium memory pressure event is triggered for new strategy
06-12 23:33:20.817 D/lowmemorykiller(  231): LMKD mp_event_psi kill_reasons available are PRESSURE_AFTER_KILL, NOT_RESPONDING, LOW_SWAP_AND_THRASHING, LOW_MEM_AND_SWAP, LOW_MEM_AND_THRASHING, DIRECT_RECL_AND_THRASHING
06-12 23:33:20.817 D/lowmemorykiller(  231): LMKD mp_event_psi kill_reason received= -1
06-12 23:33:20.843 D/stbdpc  (  403): STB_DPGetNumPaths[570]: num_paths: 1
06-12 23:33:20.860 I/OpenGLRenderer(25138): Davey! duration=745ms; Flags=1, IntendedVsync=4167230550026, Vsync=4167764416682, OldestInputEvent=9223372036854775807, NewestInputEvent=0, HandleInputStart=4167773442777, AnimationStart=4167773446360, PerformTraversalsStart=4167773504152, DrawStart=4167918842819, SyncQueued=4167926367277, SyncStart=4167927024610, IssueDrawCommandsStart=4167927152152, SwapBuffers=4167975689985, FrameCompleted=4167977155735, DequeueBufferDuration=2079875, QueueBufferDuration=650041, GpuCompleted=0, 
06-12 23:33:20.862 V/DigitalSignage(  637): Package Name: null
06-12 23:33:20.862 V/DigitalSignage(  637): Left: 0
06-12 23:33:20.862 V/DigitalSignage(  637): Right: 0
06-12 23:33:20.862 V/DigitalSignage(  637): Top: 0
06-12 23:33:20.862 V/DigitalSignage(  637): Bottom: 0
06-12 23:33:20.862 D/DigitalSignage(  637): else - Package Name :: null left : 0 right :: 0 top :: 0 bottom :: 0 dfu-right :: 1920 dfu-bottom :: 1080
06-12 23:33:20.862 V/DigitalSignage(  637): Package Name: null
06-12 23:33:20.862 V/DigitalSignage(  637): Left: 0
06-12 23:33:20.862 V/DigitalSignage(  637): Right: 0
06-12 23:33:20.862 V/DigitalSignage(  637): Top: 0
06-12 23:33:20.862 V/DigitalSignage(  637): Bottom: 0
06-12 23:33:20.862 D/DigitalSignage(  637): else - Package Name :: null left : 0 right :: 0 top :: 0 bottom :: 0 dfu-right :: 1920 dfu-bottom :: 1080
06-12 23:33:20.865 V/DigitalSignage(  637): Package Name: null
06-12 23:33:20.865 V/DigitalSignage(  637): Left: 0
06-12 23:33:20.865 V/DigitalSignage(  637): Right: 0
06-12 23:33:20.866 V/DigitalSignage(  637): Top: 0
06-12 23:33:20.866 V/DigitalSignage(  637): Bottom: 0
06-12 23:33:20.868 D/DigitalSignage(  637): else - Package Name :: null left : 0 right :: 0 top :: 0 bottom :: 0 dfu-right :: 1920 dfu-bottom :: 1080
06-12 23:33:20.869 V/DigitalSignage(  637): Package Name: null
06-12 23:33:20.869 V/DigitalSignage(  637): Left: 0
06-12 23:33:20.869 V/DigitalSignage(  637): Right: 0
06-12 23:33:20.869 V/DigitalSignage(  637): Top: 0
06-12 23:33:20.869 V/DigitalSignage(  637): Bottom: 0
06-12 23:33:20.869 D/DigitalSignage(  637): else - Package Name :: null left : 0 right :: 0 top :: 0 bottom :: 0 dfu-right :: 1920 dfu-bottom :: 1080
06-12 23:33:20.907 I/hw-BpHwBinder(25138): onLastStrongRef automatically unlinking death recipients
06-12 23:33:20.907 I/hw-BpHwBinder(  479): onLastStrongRef automatically unlinking death recipients
06-12 23:33:20.908 V/C2Store (  479): in ~ComponentModule
06-12 23:33:20.908 V/C2Store (  479): unloading dll
06-12 23:33:20.917 I/lowmemorykiller(  231): medium memory pressure event is triggered for new strategy
06-12 23:33:20.918 D/lowmemorykiller(  231): LMKD mp_event_psi kill_reasons available are PRESSURE_AFTER_KILL, NOT_RESPONDING, LOW_SWAP_AND_THRASHING, LOW_MEM_AND_SWAP, LOW_MEM_AND_THRASHING, DIRECT_RECL_AND_THRASHING
06-12 23:33:20.918 D/lowmemorykiller(  231): LMKD mp_event_psi kill_reason received= -1
06-12 23:33:20.919 V/DigitalSignage(  637): Package Name: null
06-12 23:33:20.920 V/DigitalSignage(  637): Left: 0
06-12 23:33:20.920 V/DigitalSignage(  637): Right: 0
06-12 23:33:20.920 V/DigitalSignage(  637): Top: 0
06-12 23:33:20.920 V/DigitalSignage(  637): Bottom: 0
06-12 23:33:20.920 D/DigitalSignage(  637): else - Package Name :: null left : 0 right :: 0 top :: 0 bottom :: 0 dfu-right :: 1920 dfu-bottom :: 1080
06-12 23:33:20.920 V/DigitalSignage(  637): Package Name: null
06-12 23:33:20.920 V/DigitalSignage(  637): Left: 0
06-12 23:33:20.920 V/DigitalSignage(  637): Right: 0
06-12 23:33:20.920 V/DigitalSignage(  637): Top: 0
06-12 23:33:20.920 V/DigitalSignage(  637): Bottom: 0
06-12 23:33:20.920 D/DigitalSignage(  637): else - Package Name :: null left : 0 right :: 0 top :: 0 bottom :: 0 dfu-right :: 1920 dfu-bottom :: 1080
06-12 23:33:20.934 I/android.hardware.power-service.libperfmgr(  369): Power setBoost: INTERACTION duration: 0
06-12 23:33:20.934 I/libperfmgr(  369): Do Powerhint: INTERACTION
06-12 23:33:20.943 D/stbdpc  (  403): STB_DPGetNumPaths[570]: num_paths: 1
06-12 23:33:20.985 I/FA      (25138): Tag Manager is not found and thus will not be used
06-12 23:33:20.990 W/GooglePlayServicesUtil(25138): Google Play services is missing.
06-12 23:33:20.996 D/JioStbNetworkUtility( 1786): gateway-default-ip-/fe80::1
06-12 23:33:21.002 E/WifiVendorHal(  637): getWifiLinkLayerStats_1_3_Internal(l.973) failed {.code = ERROR_UNKNOWN, .description = unknown error}
06-12 23:33:21.018 I/lowmemorykiller(  231): medium memory pressure event is triggered for new strategy
06-12 23:33:21.018 D/lowmemorykiller(  231): LMKD mp_event_psi kill_reasons available are PRESSURE_AFTER_KILL, NOT_RESPONDING, LOW_SWAP_AND_THRASHING, LOW_MEM_AND_SWAP, LOW_MEM_AND_THRASHING, DIRECT_RECL_AND_THRASHING
06-12 23:33:21.018 D/lowmemorykiller(  231): LMKD mp_event_psi kill_reason received= -1
06-12 23:33:21.043 D/stbdpc  (  403): STB_DPGetNumPaths[570]: num_paths: 1
06-12 23:33:21.055 I/ActivityTaskManager(  637): Displayed in.startv.hotstar/com.hotstar.MainActivity: +1s552ms
06-12 23:33:21.061 D/[197   ] JioAccount-ADC( 2068): v2.a a> Event: XJSSOE3
06-12 23:33:21.069 V/[197   ] JioAccount-ADC( 2068): v2.a a> XJSSOE3	PARAMETERS:
06-12 23:33:21.083 D/[280   ] JioAccount-ADC( 2068): com.jio.adc.core.b c> Getting ServiceInfo
06-12 23:33:21.088 D/[280   ] JioAccount-ADC( 2068): com.jio.adc.core.b c> Starting Bind...
06-12 23:33:21.088 V/DigitalSignage(  637): Package Name: null
06-12 23:33:21.088 V/DigitalSignage(  637): Left: 0
06-12 23:33:21.088 V/DigitalSignage(  637): Right: 0
06-12 23:33:21.088 V/DigitalSignage(  637): Top: 0
