07-03 14:14:58.493 I/chatty  ( 3835): uid=1000(system) ConnectivitySer expire 7 lines
07-03 14:15:19.498 I/chatty  ( 3835): uid=1000(system) Binder:3835_8 expire 5 lines
07-03 14:15:19.566 I/chatty  ( 3835): uid=1000(system) batterystats-wo expire 3 lines
07-03 14:22:02.799 W/ContextImpl( 5441): Calling a method in the system process without a qualified user: android.app.ContextImpl.sendBroadcast:1111 android.content.ContextWrapper.sendBroadcast:468 com.iwedia.tvinput.engine.ChannelManager.disconnectCA:3912 com.iwedia.tvinput.engine.ChannelManager.access$4300:116 com.iwedia.tvinput.engine.ChannelManager$CaReconnectTask.run:2434 
07-03 14:22:02.816 W/ContextImpl( 5940): Calling a method in the system process without a qualified user: android.app.ContextImpl.bindService:1748 android.content.ContextWrapper.bindService:756 com.jio.adc.core.b.d:56 com.jio.adc.core.b.b:13 com.jio.adc.core.b$c.run:7 
07-03 14:22:02.831 W/ContextImpl( 5441): Calling a method in the system process without a qualified user: android.app.ContextImpl.sendBroadcast:1111 android.content.ContextWrapper.sendBroadcast:468 com.iwedia.tvinput.engine.ChannelManager.connectCA:3844 com.iwedia.tvinput.engine.ChannelManager.access$5900:116 com.iwedia.tvinput.engine.ChannelManager$CaMessageHandler.handleMessage:4279 
07-03 14:22:11.103 I/chatty  ( 3835): uid=1000(system) android.bg expire 88 lines
07-03 14:22:48.759 W/ContextImpl( 5124): Calling a method in the system process without a qualified user: android.app.ContextImpl.sendBroadcast:1111 android.content.ContextWrapper.sendBroadcast:468 com.rjil.jiostbsetting.service.EndlessService.ESNredirect:1604 com.rjil.jiostbsetting.service.EndlessService$mConnection$1$onServiceConnected$2.invokeSuspend:1207 kotlin.coroutines.jvm.internal.BaseContinuationImpl.resumeWith:33 
07-03 14:22:48.801 I/chatty  ( 3835): uid=1000(system) ActivityManager expire 8 lines
07-03 14:22:48.814 W/ContextImpl( 5124): Calling a method in the system process without a qualified user: android.app.ContextImpl.bindService:1748 android.content.ContextWrapper.bindService:756 com.jio.adc.core.b.d:56 com.jio.adc.core.b.b:13 com.jio.adc.core.b$c.run:7 
07-03 14:22:51.365 W/ContextImpl( 5124): Calling a method in the system process without a qualified user: android.app.ContextImpl.sendBroadcast:1111 android.content.ContextWrapper.sendBroadcast:468 com.rjil.jiostbsetting.utils.UtilsKt.getAllVolumeDetails:2230 com.rjil.jiostbsetting.service.EndlessService.getParameters$lambda-22:1166 com.rjil.jiostbsetting.service.EndlessService.$r8$lambda$rJsFG8XlIrKzvRVodgEZk__jDnM:0 
07-03 14:22:51.380 W/ContextImpl( 5124): Calling a method in the system process without a qualified user: android.app.ContextImpl.sendBroadcast:1111 android.content.ContextWrapper.sendBroadcast:468 com.rjil.jiostbsetting.utils.UtilsKt.sendUSBAttachDetachBroadcast:2259 com.rjil.jiostbsetting.service.EndlessService$CallbackListener.onParameterNotification:1327 com.rjil.jiostbsetting.dc.DCDataProvider.invokeCallback:107 
07-03 14:36:15.925 I/chatty  ( 3835): uid=1000(system) Binder:3835_7 expire 9 lines
07-03 14:37:01.938 W/ContextImpl( 5441): Calling a method in the system process without a qualified user: android.app.ContextImpl.sendBroadcast:1111 android.content.ContextWrapper.sendBroadcast:468 com.iwedia.tvinput.engine.ChannelManager.disconnectCA:3912 com.iwedia.tvinput.engine.ChannelManager.access$4300:116 com.iwedia.tvinput.engine.ChannelManager$CaReconnectTask.run:2434 
07-03 14:37:01.957 W/ContextImpl( 5940): Calling a method in the system process without a qualified user: android.app.ContextImpl.bindService:1748 android.content.ContextWrapper.bindService:756 com.jio.adc.core.b.d:56 com.jio.adc.core.b.b:13 com.jio.adc.core.b$c.run:7 
07-03 14:37:01.962 W/ContextImpl( 5441): Calling a method in the system process without a qualified user: android.app.ContextImpl.sendBroadcast:1111 android.content.ContextWrapper.sendBroadcast:468 com.iwedia.tvinput.engine.ChannelManager.connectCA:3844 com.iwedia.tvinput.engine.ChannelManager.access$5900:116 com.iwedia.tvinput.engine.ChannelManager$CaMessageHandler.handleMessage:4279 
07-03 14:37:03.398 I/chatty  ( 3835): uid=1000(system) android.bg expire 89 lines
07-03 14:52:02.129 W/ContextImpl( 5441): Calling a method in the system process without a qualified user: android.app.ContextImpl.sendBroadcast:1111 android.content.ContextWrapper.sendBroadcast:468 com.iwedia.tvinput.engine.ChannelManager.disconnectCA:3912 com.iwedia.tvinput.engine.ChannelManager.access$4300:116 com.iwedia.tvinput.engine.ChannelManager$CaReconnectTask.run:2434 
07-03 14:52:02.155 W/ContextImpl( 5940): Calling a method in the system process without a qualified user: android.app.ContextImpl.bindService:1748 android.content.ContextWrapper.bindService:756 com.jio.adc.core.b.d:56 com.jio.adc.core.b.b:13 com.jio.adc.core.b$c.run:7 
07-03 14:52:02.163 W/ContextImpl( 5441): Calling a method in the system process without a qualified user: android.app.ContextImpl.sendBroadcast:1111 android.content.ContextWrapper.sendBroadcast:468 com.iwedia.tvinput.engine.ChannelManager.connectCA:3844 com.iwedia.tvinput.engine.ChannelManager.access$5900:116 com.iwedia.tvinput.engine.ChannelManager$CaMessageHandler.handleMessage:4279 
07-03 14:52:07.777 I/chatty  ( 3835): uid=1000(system) android.bg expire 89 lines
07-03 14:52:52.972 W/ContextImpl( 5124): Calling a method in the system process without a qualified user: android.app.ContextImpl.sendBroadcast:1111 android.content.ContextWrapper.sendBroadcast:468 com.rjil.jiostbsetting.service.EndlessService.ESNredirect:1604 com.rjil.jiostbsetting.service.EndlessService$mConnection$1$onServiceConnected$2.invokeSuspend:1207 kotlin.coroutines.jvm.internal.BaseContinuationImpl.resumeWith:33 
07-03 14:52:52.997 W/ContextImpl( 5124): Calling a method in the system process without a qualified user: android.app.ContextImpl.bindService:1748 android.content.ContextWrapper.bindService:756 com.jio.adc.core.b.d:56 com.jio.adc.core.b.b:13 com.jio.adc.core.b$c.run:7 
07-03 14:52:54.991 W/ContextImpl( 5124): Calling a method in the system process without a qualified user: android.app.ContextImpl.sendBroadcast:1111 android.content.ContextWrapper.sendBroadcast:468 com.rjil.jiostbsetting.utils.UtilsKt.getAllVolumeDetails:2230 com.rjil.jiostbsetting.service.EndlessService.getParameters$lambda-22:1166 com.rjil.jiostbsetting.service.EndlessService.$r8$lambda$rJsFG8XlIrKzvRVodgEZk__jDnM:0 
07-03 14:52:55.001 W/ContextImpl( 5124): Calling a method in the system process without a qualified user: android.app.ContextImpl.sendBroadcast:1111 android.content.ContextWrapper.sendBroadcast:468 com.rjil.jiostbsetting.utils.UtilsKt.sendUSBAttachDetachBroadcast:2259 com.rjil.jiostbsetting.service.EndlessService$CallbackListener.onParameterNotification:1327 com.rjil.jiostbsetting.dc.DCDataProvider.invokeCallback:107 
07-03 15:01:11.598 I/chatty  ( 3835): uid=1000 system_server expire 10 lines
07-03 15:07:02.281 W/ContextImpl( 5940): Calling a method in the system process without a qualified user: android.app.ContextImpl.bindService:1748 android.content.ContextWrapper.bindService:756 com.jio.adc.core.b.d:56 com.jio.adc.core.b.b:13 com.jio.adc.core.b$c.run:7 
07-03 15:07:02.285 W/ContextImpl( 5441): Calling a method in the system process without a qualified user: android.app.ContextImpl.sendBroadcast:1111 android.content.ContextWrapper.sendBroadcast:468 com.iwedia.tvinput.engine.ChannelManager.disconnectCA:3912 com.iwedia.tvinput.engine.ChannelManager.access$4300:116 com.iwedia.tvinput.engine.ChannelManager$CaReconnectTask.run:2434 
07-03 15:07:02.318 W/ContextImpl( 5441): Calling a method in the system process without a qualified user: android.app.ContextImpl.sendBroadcast:1111 android.content.ContextWrapper.sendBroadcast:468 com.iwedia.tvinput.engine.ChannelManager.connectCA:3844 com.iwedia.tvinput.engine.ChannelManager.access$5900:116 com.iwedia.tvinput.engine.ChannelManager$CaMessageHandler.handleMessage:4279 
07-03 15:07:09.619 I/chatty  ( 3835): uid=1000(system) android.bg expire 89 lines
07-03 15:22:02.398 W/ContextImpl( 5441): Calling a method in the system process without a qualified user: android.app.ContextImpl.sendBroadcast:1111 android.content.ContextWrapper.sendBroadcast:468 com.iwedia.tvinput.engine.ChannelManager.disconnectCA:3912 com.iwedia.tvinput.engine.ChannelManager.access$4300:116 com.iwedia.tvinput.engine.ChannelManager$CaReconnectTask.run:2434 
07-03 15:22:02.426 W/ContextImpl( 5940): Calling a method in the system process without a qualified user: android.app.ContextImpl.bindService:1748 android.content.ContextWrapper.bindService:756 com.jio.adc.core.b.d:56 com.jio.adc.core.b.b:13 com.jio.adc.core.b$c.run:7 
07-03 15:22:02.426 W/ContextImpl( 5441): Calling a method in the system process without a qualified user: android.app.ContextImpl.sendBroadcast:1111 android.content.ContextWrapper.sendBroadcast:468 com.iwedia.tvinput.engine.ChannelManager.connectCA:3844 com.iwedia.tvinput.engine.ChannelManager.access$5900:116 com.iwedia.tvinput.engine.ChannelManager$CaMessageHandler.handleMessage:4279 
07-03 15:22:12.362 I/chatty  ( 3835): uid=1000(system) android.bg expire 88 lines
07-03 15:23:04.376 I/chatty  ( 3835): uid=1000(system) Binder:3835_10 expire 3 lines
07-03 15:23:04.377 W/ContextImpl( 5124): Calling a method in the system process without a qualified user: android.app.ContextImpl.sendBroadcast:1111 android.content.ContextWrapper.sendBroadcast:468 com.rjil.jiostbsetting.service.EndlessService.ESNredirect:1604 com.rjil.jiostbsetting.service.EndlessService$mConnection$1$onServiceConnected$2.invokeSuspend:1207 kotlin.coroutines.jvm.internal.BaseContinuationImpl.resumeWith:33 
07-03 15:23:04.404 W/ContextImpl( 5124): Calling a method in the system process without a qualified user: android.app.ContextImpl.bindService:1748 android.content.ContextWrapper.bindService:756 com.jio.adc.core.b.d:56 com.jio.adc.core.b.b:13 com.jio.adc.core.b$c.run:7 
07-03 15:23:06.371 W/ContextImpl( 5124): Calling a method in the system process without a qualified user: android.app.ContextImpl.sendBroadcast:1111 android.content.ContextWrapper.sendBroadcast:468 com.rjil.jiostbsetting.utils.UtilsKt.getAllVolumeDetails:2230 com.rjil.jiostbsetting.service.EndlessService.getParameters$lambda-22:1166 com.rjil.jiostbsetting.service.EndlessService.$r8$lambda$rJsFG8XlIrKzvRVodgEZk__jDnM:0 
07-03 15:23:06.375 W/ContextImpl( 5124): Calling a method in the system process without a qualified user: android.app.ContextImpl.sendBroadcast:1111 android.content.ContextWrapper.sendBroadcast:468 com.rjil.jiostbsetting.utils.UtilsKt.sendUSBAttachDetachBroadcast:2259 com.rjil.jiostbsetting.service.EndlessService$CallbackListener.onParameterNotification:1327 com.rjil.jiostbsetting.dc.DCDataProvider.invokeCallback:107 
--------- beginning of kernel
07-03 15:35:08.486 W/[ 9816.382708@2]- RTW(    0): fill_default_txdesc(wlan0): SP Packet(0x0806) rate=0x4 SeqNum = 2631
07-03 15:35:08.518 W/[ 9816.414934@3]- RTW(    0): Turbo EDCA =0x431c
07-03 15:35:10.534 W/[ 9818.431493@3]- RTW(    0): Turbo EDCA =0x5ea42b
07-03 15:35:12.550 W/[ 9820.447108@2]- RTW(    0): Turbo EDCA =0x431c
07-03 15:35:13.390 W/[ 9821.289942@0]- RTW(    0): fill_default_txdesc(wlan0): SP Packet(0x0806) rate=0x4 SeqNum = 2760
07-03 15:35:14.566 W/[ 9822.463035@2]- RTW(    0): Turbo EDCA =0x5ea42b
07-03 15:35:16.582 W/[ 9824.479183@3]- RTW(    0): Turbo EDCA =0x431c
07-03 15:35:18.262 W/[ 9826.162285@3]- RTW(    0): fill_default_txdesc(wlan0): SP Packet(0x0806) rate=0x4 SeqNum = 2916
07-03 15:35:18.598 W/[ 9826.495283@3]- RTW(    0): Turbo EDCA =0x5ea42b
07-03 15:35:20.614 W/[ 9828.510980@1]- RTW(    0): Turbo EDCA =0x431c
07-03 15:35:21.031 W/[ 9828.926708@2]- RTW(    0): fill_default_txdesc(wlan0): SP Packet(0x0806) rate=0x4 SeqNum = 3022
07-03 15:35:22.630 W/[ 9830.527082@2]- RTW(    0): Turbo EDCA =0x5ea42b
07-03 15:35:23.558 W/[ 9831.450932@1]- RTW(    0): fill_default_txdesc(wlan0): SP Packet(0x0806) rate=0x4 SeqNum = 3140
07-03 15:35:24.645 W/[ 9832.542924@3]- RTW(    0): Turbo EDCA =0x431c
07-03 15:35:26.659 W/[ 9834.559432@2]- RTW(    0): Turbo EDCA =0x5ea42b
07-03 15:35:28.014 W/[ 9835.913909@2]- audit(    0): audit_lost=3879 audit_rate_limit=5 audit_backlog_limit=64
07-03 15:35:28.014 E/[ 9835.913917@2]- audit(    0): rate limit exceeded
07-03 15:35:28.641 W/[ 9836.539356@0]- RTW(    0): fill_default_txdesc(wlan0): SP Packet(0x0806) rate=0x4 SeqNum = 3295
07-03 15:35:28.678 W/[ 9836.575064@2]- RTW(    0): Turbo EDCA =0x431c
07-03 15:35:30.694 W/[ 9838.590995@2]- RTW(    0): Turbo EDCA =0x5ea42b
07-03 15:35:32.710 W/[ 9840.607239@1]- RTW(    0): Turbo EDCA =0x431c
07-03 15:35:33.722 W/[ 9841.619303@2]- RTW(    0): fill_default_txdesc(wlan0): SP Packet(0x0806) rate=0x4 SeqNum = 3389
07-03 15:35:34.726 W/[ 9842.623078@2]- RTW(    0): Turbo EDCA =0x5ea42b
07-03 15:35:36.746 W/[ 9844.644906@2]- RTW(    0): Turbo EDCA =0x431c
07-03 15:35:38.758 W/[ 9846.654930@1]- RTW(    0): Turbo EDCA =0x5ea42b
07-03 15:35:38.782 W/[ 9846.679327@3]- RTW(    0): fill_default_txdesc(wlan0): SP Packet(0x0806) rate=0x4 SeqNum = 3552
07-03 15:35:40.399 W/[ 9848.298510@2]- healthd(    0): battery l=100 v=4 t=0.0 h=2 st=2 c=1100 fc=10000000 chg=u
07-03 15:35:40.774 W/[ 9848.670990@1]- RTW(    0): Turbo EDCA =0x431c
07-03 15:35:42.790 W/[ 9850.687199@1]- RTW(    0): Turbo EDCA =0x5ea42b
07-03 15:35:43.850 W/[ 9851.749948@2]- RTW(    0): fill_default_txdesc(wlan0): SP Packet(0x0806) rate=0x4 SeqNum = 3791
07-03 15:35:44.806 W/[ 9852.702980@0]- RTW(    0): Turbo EDCA =0x431c
07-03 15:35:45.350 W/[ 9853.246736@2]- RTW(    0): fill_default_txdesc(wlan0): SP Packet(0x0806) rate=0x4 SeqNum = 3796
07-03 15:35:46.820 W/[ 9854.719207@1]- RTW(    0): Turbo EDCA =0x5ea42b
07-03 15:35:48.838 W/[ 9856.734985@1]- RTW(    0): Turbo EDCA =0x431c
07-03 15:35:48.910 W/[ 9856.809140@2]- RTW(    0): fill_default_txdesc(wlan0): SP Packet(0x0806) rate=0x4 SeqNum = 3986
07-03 15:35:50.854 W/[ 9858.751109@3]- RTW(    0): Turbo EDCA =0x5ea42b
07-03 15:35:52.875 W/[ 9860.771209@1]- RTW(    0): Turbo EDCA =0x431c
07-03 15:35:53.982 W/[ 9861.879275@3]- RTW(    0): fill_default_txdesc(wlan0): SP Packet(0x0806) rate=0x4 SeqNum = 11
07-03 15:35:54.890 W/[ 9862.786917@1]- RTW(    0): Turbo EDCA =0x5ea42b
07-03 15:35:56.900 W/[ 9864.799532@3]- RTW(    0): Turbo EDCA =0x431c
07-03 15:35:58.918 W/[ 9866.815252@3]- RTW(    0): Turbo EDCA =0x5ea42b
07-03 15:35:59.082 W/[ 9866.981819@2]- RTW(    0): fill_default_txdesc(wlan0): SP Packet(0x0806) rate=0x4 SeqNum = 100
07-03 15:36:00.933 W/[ 9868.831376@0]- RTW(    0): Turbo EDCA =0x431c
07-03 15:36:04.162 W/[ 9872.059703@3]- RTW(    0): fill_default_txdesc(wlan0): SP Packet(0x0806) rate=0x4 SeqNum = 373
07-03 15:36:06.982 W/[ 9874.878977@3]- RTW(    0): Turbo EDCA =0x5ea42b
07-03 15:36:08.998 W/[ 9876.895452@2]- RTW(    0): Turbo EDCA =0x431c
07-03 15:36:09.242 W/[ 9877.140188@2]- RTW(    0): fill_default_txdesc(wlan0): SP Packet(0x0806) rate=0x4 SeqNum = 529
07-03 15:36:10.694 W/[ 9878.590687@2]- RTW(    0): fill_default_txdesc(wlan0): SP Packet(0x0806) rate=0x4 SeqNum = 533
07-03 15:36:11.018 W/[ 9878.915003@0]- RTW(    0): Turbo EDCA =0x5ea42b
07-03 15:36:13.030 W/[ 9880.927034@2]- RTW(    0): Turbo EDCA =0x431c
07-03 15:36:14.310 W/[ 9882.209680@0]- RTW(    0): fill_default_txdesc(wlan0): SP Packet(0x0806) rate=0x4 SeqNum = 686
07-03 15:36:15.046 W/[ 9882.942977@0]- RTW(    0): Turbo EDCA =0x5ea42b
07-03 15:36:17.062 W/[ 9884.959059@2]- RTW(    0): Turbo EDCA =0x431c
07-03 15:36:17.114 W/[ 9885.013982@3]- RTW(    0): cfg80211_rtw_scan(wlan0)
07-03 15:36:17.114 W/[ 9885.013997@3]- RTW(    0): WARN cfg80211_rtw_scan (wlan0) : scan abort!! BusyTraffic
07-03 15:36:19.078 W/[ 9886.975002@2]- RTW(    0): Turbo EDCA =0x5ea42b
07-03 15:36:19.386 W/[ 9887.283375@2]s RTW(    0): fill_default_txdesc(wlan0): SP Packet(0x0806) rate=0x4 SeqNum = 1261
07-03 15:36:21.094 W/[ 9888.991043@2]- RTW(    0): Turbo EDCA =0x431c
07-03 15:36:23.110 W/[ 9891.006950@2]- RTW(    0): Turbo EDCA =0x5ea42b
07-03 15:36:24.430 W/[ 9892.329710@3]- RTW(    0): fill_default_txdesc(wlan0): SP Packet(0x0806) rate=0x4 SeqNum = 2600
07-03 15:36:25.126 W/[ 9893.022966@0]- RTW(    0): Turbo EDCA =0x431c
07-03 15:36:27.142 W/[ 9895.039063@0]- RTW(    0): Turbo EDCA =0x5ea42b
07-03 15:36:28.022 W/[ 9895.920604@3]- audit(    0): audit_lost=3882 audit_rate_limit=5 audit_backlog_limit=64
07-03 15:36:28.022 E/[ 9895.920614@3]- audit(    0): rate limit exceeded
07-03 15:36:29.158 W/[ 9897.055003@0]- RTW(    0): Turbo EDCA =0x431c
07-03 15:36:29.474 W/[ 9897.370669@3]- RTW(    0): fill_default_txdesc(wlan0): SP Packet(0x0806) rate=0x4 SeqNum = 3260
07-03 15:36:31.172 W/[ 9899.071227@2]- RTW(    0): Turbo EDCA =0x5ea42b
07-03 15:36:33.190 W/[ 9901.087118@3]- RTW(    0): Turbo EDCA =0x431c
07-03 15:36:34.602 W/[ 9902.499311@2]- RTW(    0): fill_default_txdesc(wlan0): SP Packet(0x0806) rate=0x4 SeqNum = 3509
07-03 15:36:34.758 W/[ 9902.654736@3]- RTW(    0): fill_default_txdesc(wlan0): SP Packet(0x0806) rate=0x4 SeqNum = 3510
07-03 15:36:35.206 W/[ 9903.103131@0]- RTW(    0): Turbo EDCA =0x5ea42b
07-03 15:36:37.221 W/[ 9905.119589@1]- RTW(    0): Turbo EDCA =0x431c
07-03 15:36:39.238 W/[ 9907.135115@0]- RTW(    0): Turbo EDCA =0x5ea42b
07-03 15:36:39.682 W/[ 9907.580051@3]- RTW(    0): fill_default_txdesc(wlan0): SP Packet(0x0806) rate=0x4 SeqNum = 3859
07-03 15:36:40.399 W/[ 9908.298370@3]- healthd(    0): battery l=100 v=4 t=0.0 h=2 st=2 c=1100 fc=10000000 chg=u
07-03 15:36:41.254 W/[ 9909.151529@3]- RTW(    0): Turbo EDCA =0x431c
07-03 15:36:44.762 W/[ 9912.659518@3]- RTW(    0): fill_default_txdesc(wlan0): SP Packet(0x0806) rate=0x4 SeqNum = 3971
07-03 15:36:49.862 W/[ 9917.759205@0]- RTW(    0): fill_default_txdesc(wlan0): SP Packet(0x0806) rate=0x4 SeqNum = 12
07-03 15:36:50.202 W/[ 9918.101340@2]- audit(    0): audit_lost=3885 audit_rate_limit=5 audit_backlog_limit=64
07-03 15:36:50.202 E/[ 9918.101348@2]- audit(    0): rate limit exceeded
07-03 15:36:54.942 W/[ 9922.840290@2]- RTW(    0): fill_default_txdesc(wlan0): SP Packet(0x0806) rate=0x4 SeqNum = 172
07-03 15:36:59.075 W/[ 9926.974703@2]- RTW(    0): fill_default_txdesc(wlan0): SP Packet(0x0806) rate=0x4 SeqNum = 304
07-03 15:37:00.002 W/[ 9927.902529@1]- RTW(    0): fill_default_txdesc(wlan0): SP Packet(0x0806) rate=0x4 SeqNum = 410
07-03 15:37:02.532 W/ContextImpl( 5441): Calling a method in the system process without a qualified user: android.app.ContextImpl.sendBroadcast:1111 android.content.ContextWrapper.sendBroadcast:468 com.iwedia.tvinput.engine.ChannelManager.disconnectCA:3912 com.iwedia.tvinput.engine.ChannelManager.access$4300:116 com.iwedia.tvinput.engine.ChannelManager$CaReconnectTask.run:2434 
07-03 15:37:02.561 W/ContextImpl( 5441): Calling a method in the system process without a qualified user: android.app.ContextImpl.sendBroadcast:1111 android.content.ContextWrapper.sendBroadcast:468 com.iwedia.tvinput.engine.ChannelManager.connectCA:3844 com.iwedia.tvinput.engine.ChannelManager.access$5900:116 com.iwedia.tvinput.engine.ChannelManager$CaMessageHandler.handleMessage:4279 
07-03 15:37:02.561 W/ContextImpl( 5940): Calling a method in the system process without a qualified user: android.app.ContextImpl.bindService:1748 android.content.ContextWrapper.bindService:756 com.jio.adc.core.b.d:56 com.jio.adc.core.b.b:13 com.jio.adc.core.b$c.run:7 
07-03 15:37:05.082 W/[ 9932.980907@3]- RTW(    0): fill_default_txdesc(wlan0): SP Packet(0x0806) rate=0x4 SeqNum = 553
07-03 15:37:05.205 I/chatty  ( 3835): uid=1000(system) android.bg expire 89 lines
07-03 15:37:05.446 W/[ 9933.343115@1]- RTW(    0): Turbo EDCA =0x5ea42b
07-03 15:37:07.462 W/[ 9935.360954@3]- RTW(    0): Turbo EDCA =0x431c
07-03 15:37:10.183 W/[ 9938.080557@3]- RTW(    0): fill_default_txdesc(wlan0): SP Packet(0x0806) rate=0x4 SeqNum = 1376
07-03 15:37:15.262 W/[ 9943.160013@3]- RTW(    0): fill_default_txdesc(wlan0): SP Packet(0x0806) rate=0x4 SeqNum = 1497
07-03 15:37:20.350 W/[ 9948.249687@1]- RTW(    0): fill_default_txdesc(wlan0): SP Packet(0x0806) rate=0x4 SeqNum = 3285
07-03 15:37:23.398 W/[ 9951.294829@2]- RTW(    0): fill_default_txdesc(wlan0): SP Packet(0x0806) rate=0x4 SeqNum = 3531
07-03 15:37:25.462 W/[ 9953.360902@0]- RTW(    0): fill_default_txdesc(wlan0): SP Packet(0x0806) rate=0x4 SeqNum = 3563
07-03 15:37:25.606 W/[ 9953.502886@2]- RTW(    0): Turbo EDCA =0x5ea42b
07-03 15:37:27.620 W/[ 9955.518939@1]- RTW(    0): Turbo EDCA =0x431c
07-03 15:37:28.274 W/[ 9956.171913@3]- audit(    0): audit_lost=3913 audit_rate_limit=5 audit_backlog_limit=64
07-03 15:37:28.274 E/[ 9956.171925@3]- audit(    0): rate limit exceeded
07-03 15:37:29.638 W/[ 9957.535132@1]- RTW(    0): Turbo EDCA =0x5ea42b
07-03 15:37:30.522 W/[ 9958.419572@3]- RTW(    0): fill_default_txdesc(wlan0): SP Packet(0x0806) rate=0x4 SeqNum = 3749
07-03 15:37:31.654 W/[ 9959.551063@3]- RTW(    0): Turbo EDCA =0x431c
07-03 15:37:31.682 W/[ 9959.582017@3]- RTW(    0): fill_default_txdesc(wlan0): SP Packet(0x0806) rate=0x4 SeqNum = 3839
07-03 15:37:33.673 W/[ 9961.571083@0]- RTW(    0): Turbo EDCA =0x5ea42b
07-03 15:37:35.602 W/[ 9963.500187@2]- RTW(    0): fill_default_txdesc(wlan0): SP Packet(0x0806) rate=0x4 SeqNum = 3917
07-03 15:37:35.686 W/[ 9963.583589@2]- RTW(    0): Turbo EDCA =0x431c
07-03 15:37:37.702 W/[ 9965.599389@3]- RTW(    0): Turbo EDCA =0x5ea42b
07-03 15:37:39.717 W/[ 9967.615223@3]- RTW(    0): Turbo EDCA =0x431c
07-03 15:37:40.399 W/[ 9968.298334@3]- healthd(    0): battery l=100 v=4 t=0.0 h=2 st=2 c=1100 fc=10000000 chg=u
07-03 15:37:40.450 W/[ 9968.347778@2]- RTW(    0): fill_default_txdesc(wlan0): SP Packet(0x0806) rate=0x4 SeqNum = 3992
07-03 15:37:41.734 W/[ 9969.631049@0]- RTW(    0): Turbo EDCA =0x5ea42b
07-03 15:37:43.748 W/[ 9971.646968@1]- RTW(    0): Turbo EDCA =0x431c
07-03 15:37:45.322 W/[ 9973.218733@3]- RTW(    0): fill_default_txdesc(wlan0): SP Packet(0x0806) rate=0x4 SeqNum = 120
07-03 15:37:45.766 W/[ 9973.663082@0]- RTW(    0): Turbo EDCA =0x5ea42b
07-03 15:37:46.694 W/[ 9974.590736@0]- RTW(    0): fill_default_txdesc(wlan0): SP Packet(0x0806) rate=0x4 SeqNum = 123
07-03 15:37:47.782 W/[ 9975.679022@3]- RTW(    0): Turbo EDCA =0x431c
07-03 15:37:49.798 W/[ 9977.695370@3]- RTW(    0): Turbo EDCA =0x5ea42b
07-03 15:37:50.822 W/[ 9978.720226@2]- RTW(    0): fill_default_txdesc(wlan0): SP Packet(0x0806) rate=0x4 SeqNum = 191
07-03 15:37:51.814 W/[ 9979.711052@3]- RTW(    0): Turbo EDCA =0x431c
07-03 15:37:53.828 W/[ 9981.727575@3]- RTW(    0): Turbo EDCA =0x5ea42b
07-03 15:37:55.846 W/[ 9983.743010@1]- RTW(    0): Turbo EDCA =0x431c
07-03 15:37:55.910 W/[ 9983.809774@3]- RTW(    0): fill_default_txdesc(wlan0): SP Packet(0x0806) rate=0x4 SeqNum = 384
07-03 15:37:57.862 W/[ 9985.758998@0]- RTW(    0): Turbo EDCA =0x5ea42b
07-03 15:37:59.878 W/[ 9987.775108@1]- RTW(    0): Turbo EDCA =0x431c
07-03 15:38:01.009 W/[ 9988.909479@3]- RTW(    0): fill_default_txdesc(wlan0): SP Packet(0x0806) rate=0x4 SeqNum = 476
07-03 15:38:01.892 W/[ 9989.791043@0]- RTW(    0): Turbo EDCA =0x5ea42b
07-03 15:38:03.908 W/[ 9991.807051@3]- RTW(    0): Turbo EDCA =0x431c
07-03 15:38:05.154 W/[ 9993.054096@3]- RTW(    0): fill_default_txdesc(wlan0): SP Packet(0x0806) rate=0x4 SeqNum = 568
07-03 15:38:05.730 W/[ 9993.628274@3]- RTW(    0): fill_default_txdesc(wlan0): SP Packet(0x0806) rate=0x4 SeqNum = 569
07-03 15:38:05.898 W/[ 9993.794769@2]- RTW(    0): fill_default_txdesc(wlan0): SP Packet(0x0806) rate=0x4 SeqNum = 570
07-03 15:38:05.926 W/[ 9993.822932@3]- RTW(    0): Turbo EDCA =0x5ea42b
07-03 15:38:07.942 W/[ 9995.838924@2]- RTW(    0): Turbo EDCA =0x431c
07-03 15:38:09.961 W/[ 9997.859429@1]- RTW(    0): Turbo EDCA =0x5ea42b
07-03 15:38:10.110 W/[ 9998.009450@3]- RTW(    0): fill_default_txdesc(wlan0): SP Packet(0x0806) rate=0x4 SeqNum = 622
07-03 15:38:11.014 W/[ 9998.910711@2]- RTW(    0): fill_default_txdesc(wlan0): SP Packet(0x0806) rate=0x4 SeqNum = 624
07-03 15:38:11.974 W/[ 9999.871339@3]- RTW(    0): Turbo EDCA =0x431c
07-03 15:38:13.988 W/[10001.887259@1]- RTW(    0): Turbo EDCA =0x5ea42b
07-03 15:38:15.170 W/[10003.069594@2]- RTW(    0): fill_default_txdesc(wlan0): SP Packet(0x0806) rate=0x4 SeqNum = 687
07-03 15:38:16.006 W/[10003.903387@1]- RTW(    0): Turbo EDCA =0x431c
07-03 15:38:18.022 W/[10005.920290@1]- RTW(    0): Turbo EDCA =0x5ea42b
07-03 15:38:20.038 W/[10007.934920@2]- RTW(    0): Turbo EDCA =0x431c
07-03 15:38:20.254 W/[10008.153963@3]- RTW(    0): fill_default_txdesc(wlan0): SP Packet(0x0806) rate=0x4 SeqNum = 795
07-03 15:38:22.054 W/[10009.951034@1]- RTW(    0): Turbo EDCA =0x5ea42b
07-03 15:38:24.073 W/[10011.970918@2]- RTW(    0): Turbo EDCA =0x431c
07-03 15:38:25.370 W/[10013.269404@3]- RTW(    0): fill_default_txdesc(wlan0): SP Packet(0x0806) rate=0x4 SeqNum = 850
07-03 15:38:26.090 W/[10013.987075@2]- RTW(    0): Turbo EDCA =0x5ea42b
07-03 15:38:28.022 W/[10015.920967@3]- audit(    0): audit_lost=3914 audit_rate_limit=5 audit_backlog_limit=64
07-03 15:38:28.022 E/[10015.920975@3]- audit(    0): rate limit exceeded
07-03 15:38:28.106 W/[10016.003178@1]- RTW(    0): Turbo EDCA =0x431c
07-03 15:38:30.118 W/[10018.017740@2]- RTW(    0): Turbo EDCA =0x5ea42b
07-03 15:38:30.126 W/[10018.024756@0]- RTW(    0): fill_default_txdesc(wlan0): SP Packet(0x0806) rate=0x4 SeqNum = 942
07-03 15:38:32.134 W/[10020.031469@0]- RTW(    0): Turbo EDCA =0x431c
07-03 15:38:34.154 W/[10022.051121@3]- RTW(    0): Turbo EDCA =0x5ea42b
07-03 15:38:35.333 W/[10023.230935@1]- RTW(    0): fill_default_txdesc(wlan0): SP Packet(0x0806) rate=0x4 SeqNum = 1165
07-03 15:38:35.532 W/[10023.431948@0]- RTW(    0): fill_default_txdesc(wlan0): SP Packet(0x0806) rate=0x4 SeqNum = 1223
07-03 15:38:36.166 W/[10024.062942@1]- RTW(    0): Turbo EDCA =0x431c
07-03 15:38:38.182 W/[10026.079088@0]- RTW(    0): Turbo EDCA =0x5ea42b
07-03 15:38:40.198 W/[10028.095073@3]- RTW(    0): Turbo EDCA =0x431c
07-03 15:38:40.402 W/[10028.299402@3]- healthd(    0): battery l=100 v=4 t=0.0 h=2 st=2 c=1100 fc=10000000 chg=u
07-03 15:38:40.642 W/[10028.539332@3]- RTW(    0): fill_default_txdesc(wlan0): SP Packet(0x0806) rate=0x4 SeqNum = 1335
07-03 15:38:42.214 W/[10030.111346@3]- RTW(    0): Turbo EDCA =0x5ea42b
07-03 15:38:44.230 W/[10032.127039@0]- RTW(    0): Turbo EDCA =0x431c
07-03 15:38:45.720 W/[10033.619911@0]- RTW(    0): fill_default_txdesc(wlan0): SP Packet(0x0806) rate=0x4 SeqNum = 1403
07-03 15:38:46.246 W/[10034.142972@1]- RTW(    0): Turbo EDCA =0x5ea42b
07-03 15:38:48.262 W/[10036.161167@3]- RTW(    0): Turbo EDCA =0x431c
07-03 15:38:50.280 W/[10038.175091@0]- RTW(    0): Turbo EDCA =0x5ea42b
07-03 15:38:50.300 W/[10038.199730@0]- audit(    0): audit_lost=3917 audit_rate_limit=5 audit_backlog_limit=64
07-03 15:38:50.301 E/[10038.199738@0]- audit(    0): rate limit exceeded
07-03 15:38:50.770 W/[10038.670251@3]- RTW(    0): fill_default_txdesc(wlan0): SP Packet(0x0806) rate=0x4 SeqNum = 1490
07-03 15:38:52.294 W/[10040.191138@1]- RTW(    0): Turbo EDCA =0x431c
07-03 15:38:54.307 W/[10042.207044@0]- RTW(    0): Turbo EDCA =0x5ea42b
07-03 15:38:55.850 W/[10043.749332@3]- RTW(    0): fill_default_txdesc(wlan0): SP Packet(0x0806) rate=0x4 SeqNum = 1669
07-03 15:38:56.324 W/[10044.222962@1]- RTW(    0): Turbo EDCA =0x431c
07-03 15:38:57.122 W/[10045.021390@0]- RTW(    0): cfg80211_rtw_scan(wlan0)
07-03 15:38:57.122 W/[10045.021406@0]- RTW(    0): WARN cfg80211_rtw_scan (wlan0) : scan abort!! BusyTraffic
07-03 15:38:58.345 W/[10046.242986@0]- RTW(    0): Turbo EDCA =0x5ea42b
07-03 15:39:00.358 W/[10048.254917@2]- RTW(    0): Turbo EDCA =0x431c
07-03 15:39:00.678 W/[10048.574741@0]- RTW(    0): fill_default_txdesc(wlan0): SP Packet(0x0806) rate=0x4 SeqNum = 1781
07-03 15:39:00.950 W/[10048.848776@3]- RTW(    0): fill_default_txdesc(wlan0): SP Packet(0x0806) rate=0x4 SeqNum = 1782
07-03 15:39:05.122 W/[10053.019654@2]- RTW(    0): fill_default_txdesc(wlan0): SP Packet(0x0806) rate=0x4 SeqNum = 2194
07-03 15:39:06.406 W/[10054.303074@0]- RTW(    0): Turbo EDCA =0x5ea42b
07-03 15:39:08.421 W/[10056.319408@0]- RTW(    0): Turbo EDCA =0x431c
07-03 15:39:10.435 W/[10058.335020@2]- RTW(    0): Turbo EDCA =0x5ea42b
07-03 15:39:11.090 W/[10058.989372@3]- RTW(    0): fill_default_txdesc(wlan0): SP Packet(0x0806) rate=0x4 SeqNum = 2262
07-03 15:39:12.454 W/[10060.351024@2]- RTW(    0): Turbo EDCA =0x431c
07-03 15:39:14.474 W/[10062.370961@2]- RTW(    0): Turbo EDCA =0x5ea42b
07-03 15:39:16.182 W/[10064.078645@3]- RTW(    0): fill_default_txdesc(wlan0): SP Packet(0x0806) rate=0x4 SeqNum = 2438
07-03 15:39:16.490 W/[10064.387071@0]- RTW(    0): Turbo EDCA =0x431c
07-03 15:39:18.501 W/[10066.399089@1]- RTW(    0): Turbo EDCA =0x5ea42b
07-03 15:39:20.522 W/[10068.419123@0]- RTW(    0): Turbo EDCA =0x431c
07-03 15:39:21.270 W/[10069.170379@0]- RTW(    0): fill_default_txdesc(wlan0): SP Packet(0x0806) rate=0x4 SeqNum = 2547
07-03 15:39:22.538 W/[10070.435167@2]- RTW(    0): Turbo EDCA =0x5ea42b
07-03 15:39:24.554 W/[10072.451776@1]- RTW(    0): Turbo EDCA =0x431c
07-03 15:39:24.998 W/[10072.895282@3]- RTW(    0): fill_default_txdesc(wlan0): SP Packet(0x0806) rate=0x4 SeqNum = 2810
07-03 15:39:26.350 W/[10074.248709@3]- RTW(    0): fill_default_txdesc(wlan0): SP Packet(0x0806) rate=0x4 SeqNum = 2812
07-03 15:39:26.566 W/[10074.463097@2]- RTW(    0): Turbo EDCA =0x5ea42b
07-03 15:39:28.038 W/[10075.937883@2]- audit(    0): audit_lost=3945 audit_rate_limit=5 audit_backlog_limit=64
07-03 15:39:28.038 E/[10075.937894@2]- audit(    0): rate limit exceeded
07-03 15:39:28.582 W/[10076.478962@0]- RTW(    0): Turbo EDCA =0x431c
07-03 15:39:30.598 W/[10078.495059@1]- RTW(    0): Turbo EDCA =0x5ea42b
07-03 15:39:31.422 W/[10079.320922@2]- RTW(    0): fill_default_txdesc(wlan0): SP Packet(0x0806) rate=0x4 SeqNum = 3063
07-03 15:39:32.611 W/[10080.510931@3]- RTW(    0): Turbo EDCA =0x431c
07-03 15:39:34.630 W/[10082.528022@3]- RTW(    0): Turbo EDCA =0x5ea42b
07-03 15:39:36.522 W/[10084.419281@3]- RTW(    0): fill_default_txdesc(wlan0): SP Packet(0x0806) rate=0x4 SeqNum = 3126
07-03 15:39:36.643 W/[10084.542969@3]- RTW(    0): Turbo EDCA =0x431c
07-03 15:39:38.662 W/[10086.559287@3]- RTW(    0): Turbo EDCA =0x5ea42b
07-03 15:39:39.590 W/[10087.487111@0]- RTW(    0): fill_default_txdesc(wlan0): SP Packet(0x0806) rate=0x4 SeqNum = 3219
07-03 15:39:40.402 W/[10088.298755@3]- healthd(    0): battery l=100 v=4 t=0.0 h=2 st=2 c=1100 fc=10000000 chg=u
07-03 15:39:40.678 W/[10088.574976@3]- RTW(    0): Turbo EDCA =0x431c
07-03 15:39:41.610 W/[10089.509101@3]- RTW(    0): fill_default_txdesc(wlan0): SP Packet(0x0806) rate=0x4 SeqNum = 3233
07-03 15:39:42.694 W/[10090.591118@0]- RTW(    0): Turbo EDCA =0x5ea42b
07-03 15:39:44.710 W/[10092.607162@2]- RTW(    0): Turbo EDCA =0x431c
07-03 15:39:46.722 W/[10094.619283@2]- RTW(    0): fill_default_txdesc(wlan0): SP Packet(0x0806) rate=0x4 SeqNum = 3321
07-03 15:39:46.724 W/[10094.623078@3]- RTW(    0): Turbo EDCA =0x5ea42b
07-03 15:39:48.746 W/[10096.643342@2]- RTW(    0): Turbo EDCA =0x431c
07-03 15:39:49.318 W/[10097.214721@0]- RTW(    0): fill_default_txdesc(wlan0): SP Packet(0x0806) rate=0x4 SeqNum = 3419
07-03 15:39:50.758 W/[10098.655067@0]- RTW(    0): Turbo EDCA =0x5ea42b
07-03 15:39:51.822 W/[10099.718671@3]- RTW(    0): fill_default_txdesc(wlan0): SP Packet(0x0806) rate=0x4 SeqNum = 3529
07-03 15:39:52.774 W/[10100.671162@0]- RTW(    0): Turbo EDCA =0x431c
07-03 15:39:54.794 W/[10102.691168@2]- RTW(    0): Turbo EDCA =0x5ea42b
07-03 15:39:56.806 W/[10104.703008@2]- RTW(    0): Turbo EDCA =0x431c
07-03 15:39:56.918 W/[10104.818478@2]- RTW(    0): fill_default_txdesc(wlan0): SP Packet(0x0806) rate=0x4 SeqNum = 3634
07-03 15:39:58.822 W/[10106.719087@2]- RTW(    0): Turbo EDCA =0x5ea42b
07-03 15:40:00.837 W/[10108.735505@2]- RTW(    0): Turbo EDCA =0x431c
07-03 15:40:01.954 W/[10109.851814@3]- RTW(    0): fill_default_txdesc(wlan0): SP Packet(0x0806) rate=0x4 SeqNum = 3727
07-03 15:40:06.886 W/[10114.783054@2]- RTW(    0): Turbo EDCA =0x5ea42b
07-03 15:40:07.062 W/[10114.959468@3]- RTW(    0): fill_default_txdesc(wlan0): SP Packet(0x0806) rate=0x4 SeqNum = 3815
07-03 15:40:08.902 W/[10116.799062@2]- RTW(    0): Turbo EDCA =0x431c
07-03 15:40:10.053 W/[10117.950685@3]- RTW(    0): fill_default_txdesc(wlan0): SP Packet(0x0806) rate=0x4 SeqNum = 3904
07-03 15:40:10.918 W/[10118.814935@3]- RTW(    0): Turbo EDCA =0x5ea42b
07-03 15:40:11.110 W/[10119.008461@0]- RTW(    0): fill_default_txdesc(wlan0): SP Packet(0x0806) rate=0x4 SeqNum = 3906
07-03 15:40:11.590 W/[10119.486736@3]- RTW(    0): fill_default_txdesc(wlan0): SP Packet(0x0806) rate=0x4 SeqNum = 3974
07-03 15:40:12.934 W/[10120.830927@3]- RTW(    0): Turbo EDCA =0x431c
07-03 15:40:14.950 W/[10122.847033@3]- RTW(    0): Turbo EDCA =0x5ea42b
07-03 15:40:16.198 W/[10124.098448@2]- RTW(    0): fill_default_txdesc(wlan0): SP Packet(0x0806) rate=0x4 SeqNum = 390
07-03 15:40:16.966 W/[10124.863098@1]- RTW(    0): Turbo EDCA =0x431c
07-03 15:40:18.982 W/[10126.879131@1]- RTW(    0): Turbo EDCA =0x5ea42b
07-03 15:40:20.998 W/[10128.895259@2]- RTW(    0): Turbo EDCA =0x431c
07-03 15:40:21.302 W/[10129.199790@2]- RTW(    0): fill_default_txdesc(wlan0): SP Packet(0x0806) rate=0x4 SeqNum = 487
07-03 15:40:23.014 W/[10130.910981@1]- RTW(    0): Turbo EDCA =0x5ea42b
07-03 15:40:25.030 W/[10132.927322@1]- RTW(    0): Turbo EDCA =0x431c
07-03 15:40:26.410 W/[10134.308166@3]- RTW(    0): fill_default_txdesc(wlan0): SP Packet(0x0806) rate=0x4 SeqNum = 616
07-03 15:40:27.045 W/[10134.943027@0]- RTW(    0): Turbo EDCA =0x5ea42b
07-03 15:40:28.033 W/[10135.933225@3]- audit(    0): audit_lost=3948 audit_rate_limit=5 audit_backlog_limit=64
07-03 15:40:28.033 E/[10135.933233@3]- audit(    0): rate limit exceeded
07-03 15:40:29.066 W/[10136.963147@0]- RTW(    0): Turbo EDCA =0x431c
07-03 15:40:31.078 W/[10138.975099@1]- RTW(    0): Turbo EDCA =0x5ea42b
07-03 15:40:31.510 W/[10139.408873@3]- RTW(    0): fill_default_txdesc(wlan0): SP Packet(0x0806) rate=0x4 SeqNum = 830
07-03 15:40:33.094 W/[10140.992009@3]- RTW(    0): Turbo EDCA =0x431c
07-03 15:40:34.885 W/[10142.782783@0]- RTW(    0): fill_default_txdesc(wlan0): SP Packet(0x0806) rate=0x4 SeqNum = 842
07-03 15:40:35.110 W/[10143.007267@3]- RTW(    0): Turbo EDCA =0x5ea42b
07-03 15:40:36.602 W/[10144.499002@3]- RTW(    0): fill_default_txdesc(wlan0): SP Packet(0x0806) rate=0x4 SeqNum = 910
07-03 15:40:37.124 W/[10145.022940@0]- RTW(    0): Turbo EDCA =0x431c
07-03 15:40:39.142 W/[10147.039157@0]- RTW(    0): Turbo EDCA =0x5ea42b
07-03 15:40:40.402 W/[10148.299686@3]- healthd(    0): battery l=100 v=4 t=0.0 h=2 st=2 c=1100 fc=10000000 chg=u
07-03 15:40:41.155 W/[10149.055004@0]- RTW(    0): Turbo EDCA =0x431c
07-03 15:40:41.674 W/[10149.570784@0]- RTW(    0): fill_default_txdesc(wlan0): SP Packet(0x0806) rate=0x4 SeqNum = 986
07-03 15:40:43.174 W/[10151.071512@1]- RTW(    0): Turbo EDCA =0x5ea42b
07-03 15:40:45.190 W/[10153.087088@0]- RTW(    0): Turbo EDCA =0x431c
07-03 15:40:46.762 W/[10154.659398@3]- RTW(    0): fill_default_txdesc(wlan0): SP Packet(0x0806) rate=0x4 SeqNum = 1075
07-03 15:40:47.206 W/[10155.103195@2]- RTW(    0): Turbo EDCA =0x5ea42b
07-03 15:40:49.222 W/[10157.119520@3]- RTW(    0): Turbo EDCA =0x431c
07-03 15:40:50.408 W/[10158.308151@2]- audit(    0): audit_lost=3951 audit_rate_limit=5 audit_backlog_limit=64
07-03 15:40:50.409 E/[10158.308159@2]- audit(    0): rate limit exceeded
07-03 15:40:51.106 W/[10159.005524@0]- RTW(    0): fill_default_txdesc(wlan0): SP Packet(0x0806) rate=0x4 SeqNum = 1156
07-03 15:40:51.238 W/[10159.135409@2]- RTW(    0): Turbo EDCA =0x5ea42b
07-03 15:40:53.254 W/[10161.151044@2]- RTW(    0): Turbo EDCA =0x431c
07-03 15:40:56.938 W/[10164.838231@3]- RTW(    0): fill_default_txdesc(wlan0): SP Packet(0x0806) rate=0x4 SeqNum = 1311
07-03 15:40:59.205 W/[10167.102709@1]- RTW(    0): fill_default_txdesc(wlan0): SP Packet(0x0806) rate=0x4 SeqNum = 1322
07-03 15:41:02.022 W/[10169.919441@3]- RTW(    0): fill_default_txdesc(wlan0): SP Packet(0x0806) rate=0x4 SeqNum = 1425
07-03 15:41:06.098 W/[10173.998081@2]- RTW(    0): fill_default_txdesc(wlan0): SP Packet(0x0806) rate=0x4 SeqNum = 1526
07-03 15:41:11.178 W/[10179.078287@3]- RTW(    0): fill_default_txdesc(wlan0): SP Packet(0x0806) rate=0x4 SeqNum = 1608
07-03 15:41:16.290 W/[10184.188816@3]- RTW(    0): fill_default_txdesc(wlan0): SP Packet(0x0806) rate=0x4 SeqNum = 1822
07-03 15:41:17.446 W/[10185.342978@2]- RTW(    0): Turbo EDCA =0x5ea42b
07-03 15:41:19.466 W/[10187.362899@3]- RTW(    0): Turbo EDCA =0x431c
07-03 15:41:21.370 W/[10189.268699@3]- RTW(    0): fill_default_txdesc(wlan0): SP Packet(0x0806) rate=0x4 SeqNum = 1914
07-03 15:41:21.478 W/[10189.376358@3]- RTW(    0): Turbo EDCA =0x5ea42b
07-03 15:41:23.494 W/[10191.391034@1]- RTW(    0): Turbo EDCA =0x431c
07-03 15:41:23.526 W/[10191.422962@1]- RTW(    0): fill_default_txdesc(wlan0): SP Packet(0x0806) rate=0x4 SeqNum = 2000
07-03 15:41:25.510 W/[10193.407128@1]- RTW(    0): Turbo EDCA =0x5ea42b
07-03 15:41:26.430 W/[10194.328390@3]- RTW(    0): fill_default_txdesc(wlan0): SP Packet(0x0806) rate=0x4 SeqNum = 2011
07-03 15:41:27.524 W/[10195.423043@1]- RTW(    0): Turbo EDCA =0x431c
07-03 15:41:28.040 W/[10195.939608@3]- audit(    0): audit_lost=3979 audit_rate_limit=5 audit_backlog_limit=64
07-03 15:41:28.040 E/[10195.939616@3]- audit(    0): rate limit exceeded
07-03 15:41:31.490 W/[10199.388298@3]- RTW(    0): fill_default_txdesc(wlan0): SP Packet(0x0806) rate=0x4 SeqNum = 2753
07-03 15:41:33.574 W/[10201.471381@2]- RTW(    0): Turbo EDCA =0x5ea42b
07-03 15:41:35.592 W/[10203.491176@0]- RTW(    0): Turbo EDCA =0x431c
07-03 15:41:36.162 W/[10204.059929@3]- RTW(    0): fill_default_txdesc(wlan0): SP Packet(0x0806) rate=0x4 SeqNum = 2822
07-03 15:41:37.126 W/[10205.025985@1]- RTW(    0): cfg80211_rtw_scan(wlan0)
07-03 15:41:37.126 W/[10205.025995@1]- RTW(    0): cfg80211_rtw_scan (wlan0) : scan deny
07-03 15:41:37.606 W/[10205.503429@0]- RTW(    0): Turbo EDCA =0x5ea42b
07-03 15:41:39.621 W/[10207.518970@0]- RTW(    0): Turbo EDCA =0x431c
07-03 15:41:40.402 W/[10208.299534@1]- healthd(    0): battery l=100 v=4 t=0.0 h=2 st=2 c=1100 fc=10000000 chg=u
07-03 15:41:41.610 W/[10209.508615@0]- RTW(    0): fill_default_txdesc(wlan0): SP Packet(0x0806) rate=0x4 SeqNum = 2955
07-03 15:41:41.639 W/[10209.536886@1]- RTW(    0): Turbo EDCA =0x5ea42b
07-03 15:41:43.654 W/[10211.550882@1]- RTW(    0): Turbo EDCA =0x431c
07-03 15:41:45.673 W/[10213.571075@0]- RTW(    0): Turbo EDCA =0x5ea42b
07-03 15:41:45.798 W/[10213.694815@2]- RTW(    0): fill_default_txdesc(wlan0): SP Packet(0x0806) rate=0x4 SeqNum = 3045
07-03 15:41:46.690 W/[10214.587917@3]- RTW(    0): fill_default_txdesc(wlan0): SP Packet(0x0806) rate=0x4 SeqNum = 3047
07-03 15:41:47.686 W/[10215.582918@1]- RTW(    0): Turbo EDCA =0x431c
07-03 15:41:49.702 W/[10217.598966@1]- RTW(    0): Turbo EDCA =0x5ea42b
07-03 15:41:51.716 W/[10219.614927@3]- RTW(    0): Turbo EDCA =0x431c
07-03 15:41:51.790 W/[10219.688813@1]- RTW(    0): fill_default_txdesc(wlan0): SP Packet(0x0806) rate=0x4 SeqNum = 3255
07-03 15:41:53.731 W/[10221.631171@0]- RTW(    0): Turbo EDCA =0x5ea42b
07-03 15:41:55.749 W/[10223.647887@3]- RTW(    0): Turbo EDCA =0x431c
07-03 15:41:56.890 W/[10224.787849@3]- RTW(    0): fill_default_txdesc(wlan0): SP Packet(0x0806) rate=0x4 SeqNum = 3340
07-03 15:41:57.766 W/[10225.662954@0]- RTW(    0): Turbo EDCA =0x5ea42b
07-03 15:41:59.782 W/[10227.679630@0]- RTW(    0): Turbo EDCA =0x431c
07-03 15:42:01.970 W/[10229.868277@3]- RTW(    0): fill_default_txdesc(wlan0): SP Packet(0x0806) rate=0x4 SeqNum = 3442
07-03 15:42:05.830 W/[10233.726970@2]- RTW(    0): Turbo EDCA =0x5ea42b
07-03 15:42:06.866 W/[10234.764731@3]- RTW(    0): fill_default_txdesc(wlan0): SP Packet(0x0806) rate=0x4 SeqNum = 3539
07-03 15:42:07.846 W/[10235.742989@0]- RTW(    0): Turbo EDCA =0x431c
07-03 15:42:08.070 W/[10235.966791@1]- RTW(    0): fill_default_txdesc(wlan0): SP Packet(0x0806) rate=0x4 SeqNum = 3639
07-03 15:42:09.861 W/[10237.758926@0]- RTW(    0): Turbo EDCA =0x5ea42b
07-03 15:42:11.490 W/[10239.389079@3]- RTW(    0): fill_default_txdesc(wlan0): SP Packet(0x0806) rate=0x4 SeqNum = 3750
07-03 15:42:11.878 W/[10239.775031@1]- RTW(    0): Turbo EDCA =0x431c
07-03 15:42:13.894 W/[10241.790916@1]- RTW(    0): Turbo EDCA =0x5ea42b
07-03 15:42:15.910 W/[10243.807073@1]- RTW(    0): Turbo EDCA =0x431c
07-03 15:42:16.129 W/[10244.028504@2]- RTW(    0): fill_default_txdesc(wlan0): SP Packet(0x0806) rate=0x4 SeqNum = 3813
07-03 15:42:17.926 W/[10245.822975@1]- RTW(    0): Turbo EDCA =0x5ea42b
07-03 15:42:19.940 W/[10247.838994@0]- RTW(    0): Turbo EDCA =0x431c
07-03 15:42:21.190 W/[10249.088166@0]- RTW(    0): fill_default_txdesc(wlan0): SP Packet(0x0806) rate=0x4 SeqNum = 3952
07-03 15:42:21.957 W/[10249.855062@1]- RTW(    0): Turbo EDCA =0x5ea42b
07-03 15:42:23.974 W/[10251.871024@1]- RTW(    0): Turbo EDCA =0x431c
07-03 15:42:25.990 W/[10253.888584@1]- RTW(    0): Turbo EDCA =0x5ea42b
07-03 15:42:26.238 W/[10254.137770@0]- RTW(    0): fill_default_txdesc(wlan0): SP Packet(0x0806) rate=0x4 SeqNum = 4048
07-03 15:42:28.006 W/[10255.902914@3]- RTW(    0): Turbo EDCA =0x431c
07-03 15:42:28.286 W/[10256.184003@0]- audit(    0): audit_lost=3982 audit_rate_limit=5 audit_backlog_limit=64
07-03 15:42:28.286 E/[10256.184011@0]- audit(    0): rate limit exceeded
07-03 15:42:30.022 W/[10257.919048@0]- RTW(    0): Turbo EDCA =0x5ea42b
07-03 15:42:31.298 W/[10259.198273@3]- RTW(    0): fill_default_txdesc(wlan0): SP Packet(0x0806) rate=0x4 SeqNum = 92
07-03 15:42:31.366 W/[10259.262749@0]- RTW(    0): fill_default_txdesc(wlan0): SP Packet(0x0806) rate=0x4 SeqNum = 109
07-03 15:42:31.622 W/[10259.518819@0]- RTW(    0): fill_default_txdesc(wlan0): SP Packet(0x0806) rate=0x4 SeqNum = 151
07-03 15:42:31.710 W/[10259.609146@3]- RTW(    0): fill_default_txdesc(wlan0): SP Packet(0x0806) rate=0x4 SeqNum = 152
07-03 15:42:32.038 W/[10259.935359@1]- RTW(    0): Turbo EDCA =0x431c
07-03 15:42:32.810 W/[10260.707943@0]- audit(    0): audit_lost=3983 audit_rate_limit=5 audit_backlog_limit=64
07-03 15:42:32.810 E/[10260.707952@0]- audit(    0): rate limit exceeded
07-03 15:42:36.358 W/[10264.257434@3]- RTW(    0): fill_default_txdesc(wlan0): SP Packet(0x0806) rate=0x4 SeqNum = 228
07-03 15:42:38.086 W/[10265.983008@1]- RTW(    0): Turbo EDCA =0x5ea42b
07-03 15:42:40.101 W/[10267.999102@1]- RTW(    0): Turbo EDCA =0x431c
07-03 15:42:40.402 W/[10268.299450@1]- healthd(    0): battery l=100 v=4 t=0.0 h=2 st=2 c=1100 fc=10000000 chg=u
07-03 15:42:41.410 W/[10269.307917@3]- RTW(    0): fill_default_txdesc(wlan0): SP Packet(0x0806) rate=0x4 SeqNum = 351
07-03 15:42:42.118 W/[10270.014999@2]- RTW(    0): Turbo EDCA =0x5ea42b
07-03 15:42:44.134 W/[10272.031041@0]- RTW(    0): Turbo EDCA =0x431c
07-03 15:42:46.150 W/[10274.047010@0]- RTW(    0): Turbo EDCA =0x5ea42b
07-03 15:42:46.491 W/[10274.388283@0]- RTW(    0): fill_default_txdesc(wlan0): SP Packet(0x0806) rate=0x4 SeqNum = 494
07-03 15:42:48.170 W/[10276.067687@3]- RTW(    0): Turbo EDCA =0x431c
07-03 15:42:50.182 W/[10278.079128@1]- RTW(    0): Turbo EDCA =0x5ea42b
07-03 15:42:50.514 W/[10278.414073@0]- audit(    0): audit_lost=3984 audit_rate_limit=5 audit_backlog_limit=64
07-03 15:42:50.514 E/[10278.414081@0]- audit(    0): rate limit exceeded
07-03 15:42:51.570 W/[10279.468485@2]- RTW(    0): fill_default_txdesc(wlan0): SP Packet(0x0806) rate=0x4 SeqNum = 623
07-03 15:42:52.196 W/[10280.095042@2]- RTW(    0): Turbo EDCA =0x431c
07-03 15:42:54.214 W/[10282.111071@0]- RTW(    0): Turbo EDCA =0x5ea42b
07-03 15:42:55.686 W/[10283.582700@0]- RTW(    0): fill_default_txdesc(wlan0): SP Packet(0x0806) rate=0x4 SeqNum = 731
07-03 15:42:56.230 W/[10284.127014@0]- RTW(    0): Turbo EDCA =0x431c
07-03 15:42:56.638 W/[10284.537564@3]- RTW(    0): fill_default_txdesc(wlan0): SP Packet(0x0806) rate=0x4 SeqNum = 733
07-03 15:42:58.246 W/[10286.142969@0]- RTW(    0): Turbo EDCA =0x5ea42b
07-03 15:43:00.261 W/[10288.159052@3]- RTW(    0): Turbo EDCA =0x431c
07-03 15:43:01.710 W/[10289.607814@2]- RTW(    0): fill_default_txdesc(wlan0): SP Packet(0x0806) rate=0x4 SeqNum = 820
07-03 15:43:02.276 W/[10290.175269@0]- RTW(    0): Turbo EDCA =0x5ea42b
07-03 15:43:04.294 W/[10292.190984@3]- RTW(    0): Turbo EDCA =0x431c
07-03 15:43:05.758 W/[10293.657112@2]- RTW(    0): fill_default_txdesc(wlan0): SP Packet(0x0806) rate=0x4 SeqNum = 903
07-03 15:43:06.310 W/[10294.207053@0]- RTW(    0): Turbo EDCA =0x5ea42b
07-03 15:43:06.801 W/[10294.698696@2]- RTW(    0): fill_default_txdesc(wlan0): SP Packet(0x0806) rate=0x4 SeqNum = 907
07-03 15:43:08.326 W/[10296.223076@2]- RTW(    0): Turbo EDCA =0x431c
07-03 15:43:10.346 W/[10298.244653@0]- RTW(    0): Turbo EDCA =0x5ea42b
07-03 15:43:11.858 W/[10299.758080@0]- RTW(    0): fill_default_txdesc(wlan0): SP Packet(0x0806) rate=0x4 SeqNum = 1054
07-03 15:43:12.362 W/[10300.258928@0]- RTW(    0): Turbo EDCA =0x431c
07-03 15:43:14.378 W/[10302.274936@2]- RTW(    0): Turbo EDCA =0x5ea42b
07-03 15:43:16.387 W/[10304.286950@3]- RTW(    0): Turbo EDCA =0x431c
07-03 15:43:16.922 W/[10304.819847@2]- RTW(    0): fill_default_txdesc(wlan0): SP Packet(0x0806) rate=0x4 SeqNum = 1123
07-03 15:43:17.958 W/[10305.854754@0]- RTW(    0): fill_default_txdesc(wlan0): SP Packet(0x0806) rate=0x4 SeqNum = 1128
07-03 15:43:18.406 W/[10306.302924@3]- RTW(    0): Turbo EDCA =0x5ea42b
07-03 15:43:20.422 W/[10308.319017@3]- RTW(    0): Turbo EDCA =0x431c
07-03 15:43:22.018 W/[10309.917613@2]- RTW(    0): fill_default_txdesc(wlan0): SP Packet(0x0806) rate=0x4 SeqNum = 1176
07-03 15:43:22.438 W/[10310.335013@3]- RTW(    0): Turbo EDCA =0x5ea42b
07-03 15:43:24.454 W/[10312.350985@3]- RTW(    0): Turbo EDCA =0x431c
07-03 15:43:26.090 W/[10313.988128@3]- RTW(    0): fill_default_txdesc(wlan0): SP Packet(0x0806) rate=0x4 SeqNum = 1233
07-03 15:43:26.470 W/[10314.367065@0]- RTW(    0): Turbo EDCA =0x5ea42b
07-03 15:43:28.486 W/[10316.382905@2]- RTW(    0): Turbo EDCA =0x431c
07-03 15:43:30.504 W/[10318.403190@2]- RTW(    0): Turbo EDCA =0x5ea42b
07-03 15:43:31.190 W/[10319.088276@2]- RTW(    0): fill_default_txdesc(wlan0): SP Packet(0x0806) rate=0x4 SeqNum = 1357
07-03 15:43:32.518 W/[10320.415308@1]- RTW(    0): Turbo EDCA =0x431c
07-03 15:43:34.534 W/[10322.430957@1]- RTW(    0): Turbo EDCA =0x5ea42b
07-03 15:43:36.250 W/[10324.149583@1]- RTW(    0): fill_default_txdesc(wlan0): SP Packet(0x0806) rate=0x4 SeqNum = 2114
07-03 15:43:36.550 W/[10324.447575@0]- RTW(    0): Turbo EDCA =0x431c
07-03 15:43:38.566 W/[10326.463301@1]- RTW(    0): Turbo EDCA =0x5ea42b
07-03 15:43:40.230 W/[10328.126807@0]- RTW(    0): fill_default_txdesc(wlan0): SP Packet(0x0806) rate=0x4 SeqNum = 2206
07-03 15:43:40.399 W/[10328.298346@1]- healthd(    0): battery l=100 v=4 t=0.0 h=2 st=2 c=1100 fc=10000000 chg=u
07-03 15:43:40.582 W/[10328.479137@3]- RTW(    0): Turbo EDCA =0x431c
07-03 15:43:41.362 W/[10329.260610@3]- RTW(    0): fill_default_txdesc(wlan0): SP Packet(0x0806) rate=0x4 SeqNum = 2215
07-03 15:43:42.596 W/[10330.495187@0]- RTW(    0): Turbo EDCA =0x5ea42b
07-03 15:43:44.614 W/[10332.511085@0]- RTW(    0): Turbo EDCA =0x431c
07-03 15:43:46.430 W/[10334.330469@1]- RTW(    0): fill_default_txdesc(wlan0): SP Packet(0x0806) rate=0x4 SeqNum = 2291
07-03 15:43:46.634 W/[10334.530972@1]- RTW(    0): Turbo EDCA =0x5ea42b
07-03 15:43:48.646 W/[10336.543113@1]- RTW(    0): Turbo EDCA =0x431c
07-03 15:43:50.662 W/[10338.558987@3]- RTW(    0): Turbo EDCA =0x5ea42b
07-03 15:43:51.502 W/[10339.399207@0]- RTW(    0): fill_default_txdesc(wlan0): SP Packet(0x0806) rate=0x4 SeqNum = 2445
07-03 15:43:52.678 W/[10340.575125@0]- RTW(    0): Turbo EDCA =0x431c
07-03 15:43:54.694 W/[10342.591162@3]- RTW(    0): Turbo EDCA =0x5ea42b
07-03 15:43:56.598 W/[10344.497192@3]- RTW(    0): fill_default_txdesc(wlan0): SP Packet(0x0806) rate=0x4 SeqNum = 2570
07-03 15:43:56.714 W/[10344.611024@3]- RTW(    0): Turbo EDCA =0x431c
07-03 15:43:58.726 W/[10346.623207@2]- RTW(    0): Turbo EDCA =0x5ea42b
07-03 15:43:59.686 W/[10347.583799@2]- RTW(    0): fill_default_txdesc(wlan0): SP Packet(0x0806) rate=0x4 SeqNum = 2669
07-03 15:44:00.746 W/[10348.642940@0]- RTW(    0): Turbo EDCA =0x431c
07-03 15:44:01.658 W/[10349.557303@3]- RTW(    0): fill_default_txdesc(wlan0): SP Packet(0x0806) rate=0x4 SeqNum = 2692
07-03 15:44:03.524 W/[10351.422688@1]- RTW(    0): fill_default_txdesc(wlan0): SP Packet(0x0806) rate=0x4 SeqNum = 2762
07-03 15:44:06.758 W/[10354.656935@3]- RTW(    0): fill_default_txdesc(wlan0): SP Packet(0x0806) rate=0x4 SeqNum = 2778
07-03 15:44:06.790 W/[10354.687026@1]- RTW(    0): Turbo EDCA =0x5ea42b
07-03 15:44:08.805 W/[10356.702934@3]- RTW(    0): Turbo EDCA =0x431c
07-03 15:44:10.822 W/[10358.719308@3]- RTW(    0): Turbo EDCA =0x5ea42b
07-03 15:44:11.829 W/[10359.727440@3]- RTW(    0): fill_default_txdesc(wlan0): SP Packet(0x0806) rate=0x4 SeqNum = 2931
07-03 15:44:12.838 W/[10360.734946@3]- RTW(    0): Turbo EDCA =0x431c
07-03 15:44:14.854 W/[10362.750966@0]- RTW(    0): Turbo EDCA =0x5ea42b
07-03 15:44:16.870 W/[10364.767454@2]- RTW(    0): Turbo EDCA =0x431c
07-03 15:44:16.898 W/[10364.797121@3]- RTW(    0): fill_default_txdesc(wlan0): SP Packet(0x0806) rate=0x4 SeqNum = 3037
07-03 15:44:17.130 W/[10365.027321@1]- RTW(    0): cfg80211_rtw_scan(wlan0)
07-03 15:44:17.130 W/[10365.027332@1]- RTW(    0): cfg80211_rtw_scan (wlan0) : scan deny
07-03 15:44:18.890 W/[10366.787026@2]- RTW(    0): Turbo EDCA =0x5ea42b
07-03 15:44:20.902 W/[10368.799331@3]- RTW(    0): Turbo EDCA =0x431c
07-03 15:44:21.990 W/[10369.887191@3]- RTW(    0): fill_default_txdesc(wlan0): SP Packet(0x0806) rate=0x4 SeqNum = 3138
07-03 15:44:22.726 W/[10370.622695@0]- RTW(    0): fill_default_txdesc(wlan0): SP Packet(0x0806) rate=0x4 SeqNum = 3143
07-03 15:44:22.918 W/[10370.815021@2]- RTW(    0): Turbo EDCA =0x5ea42b
07-03 15:44:24.934 W/[10372.831364@0]- RTW(    0): Turbo EDCA =0x431c
07-03 15:44:26.950 W/[10374.847702@3]- RTW(    0): Turbo EDCA =0x5ea42b
