07-03 15:54:18.848 I/AppsFilter( 3835): interaction: PackageSetting{a2546e1 io.appium.settings/10085} -> PackageSetting{af7a2eb com.jio.jiopay/10077} BLOCKED
07-03 15:54:20.688 I/UsageStatsService( 3835): User[0] Flushing usage stats to disk
07-03 15:54:23.582 W/[10971.479217@2]- RTW(    0): fill_default_txdesc(wlan0): SP Packet(0x0806) rate=0x4 SeqNum = 236
07-03 15:54:27.654 W/[10975.550679@1]- RTW(    0): fill_default_txdesc(wlan0): SP Packet(0x0806) rate=0x4 SeqNum = 449
07-03 15:54:28.068 W/[10975.966832@1]- audit(    0): audit_lost=4364 audit_rate_limit=5 audit_backlog_limit=64
07-03 15:54:28.068 E/[10975.966841@1]- audit(    0): rate limit exceeded
07-03 15:54:28.670 W/[10976.569037@1]- RTW(    0): fill_default_txdesc(wlan0): SP Packet(0x0806) rate=0x4 SeqNum = 479
07-03 15:54:29.734 W/[10977.630954@3]- RTW(    0): Turbo EDCA =0x5ea42b
07-03 15:54:31.750 W/[10979.647200@1]- RTW(    0): Turbo EDCA =0x431c
07-03 15:54:33.754 W/[10981.652503@1]- RTW(    0): fill_default_txdesc(wlan0): SP Packet(0x0806) rate=0x4 SeqNum = 664
07-03 15:54:38.802 W/[10986.700104@3]- RTW(    0): fill_default_txdesc(wlan0): SP Packet(0x0806) rate=0x4 SeqNum = 881
07-03 15:54:40.399 W/[10988.298478@3]- healthd(    0): battery l=100 v=4 t=0.0 h=2 st=2 c=1100 fc=10000000 chg=u
07-03 15:54:41.830 W/[10989.726905@0]- RTW(    0): Turbo EDCA =0x5ea42b
07-03 15:54:42.758 W/[10990.655614@0]- RTW(    0): fill_default_txdesc(wlan0): SP Packet(0x0806) rate=0x4 SeqNum = 1024
07-03 15:54:43.844 W/[10991.742964@2]- RTW(    0): Turbo EDCA =0x431c
07-03 15:54:43.858 W/[10991.758518@3]- RTW(    0): fill_default_txdesc(wlan0): SP Packet(0x0806) rate=0x4 SeqNum = 1128
07-03 15:54:48.922 W/[10996.819364@3]- RTW(    0): fill_default_txdesc(wlan0): SP Packet(0x0806) rate=0x4 SeqNum = 1330
07-03 15:54:51.110 W/[10999.009901@0]- audit(    0): audit_lost=4367 audit_rate_limit=5 audit_backlog_limit=64
07-03 15:54:51.111 E/[10999.009910@0]- audit(    0): rate limit exceeded
07-03 15:54:53.094 W/[11000.993125@2]- RTW(    0): fill_default_txdesc(wlan0): SP Packet(0x0806) rate=0x4 SeqNum = 1497
07-03 15:54:57.862 W/[11005.758725@2]- RTW(    0): fill_default_txdesc(wlan0): SP Packet(0x0806) rate=0x4 SeqNum = 1661
07-03 15:54:58.110 W/[11006.008127@2]- RTW(    0): fill_default_txdesc(wlan0): SP Packet(0x0806) rate=0x4 SeqNum = 1670
07-03 15:55:03.110 W/[11011.008187@3]- RTW(    0): fill_default_txdesc(wlan0): SP Packet(0x0806) rate=0x4 SeqNum = 1839
07-03 15:55:08.202 W/[11016.099350@3]- RTW(    0): fill_default_txdesc(wlan0): SP Packet(0x0806) rate=0x4 SeqNum = 2083
07-03 15:55:12.966 W/[11020.863771@2]- RTW(    0): fill_default_txdesc(wlan0): SP Packet(0x0806) rate=0x4 SeqNum = 2275
07-03 15:55:13.281 W/[11021.179495@3]- RTW(    0): fill_default_txdesc(wlan0): SP Packet(0x0806) rate=0x4 SeqNum = 2280
07-03 15:55:18.362 W/[11026.262221@0]- RTW(    0): fill_default_txdesc(wlan0): SP Packet(0x0806) rate=0x4 SeqNum = 2464
07-03 15:55:23.422 W/[11031.318833@3]- RTW(    0): fill_default_txdesc(wlan0): SP Packet(0x0806) rate=0x4 SeqNum = 2692
07-03 15:55:28.067 W/[11035.966716@0]- RTW(    0): fill_default_txdesc(wlan0): SP Packet(0x0806) rate=0x4 SeqNum = 2879
07-03 15:55:28.070 W/[11035.969376@2]- audit(    0): audit_lost=4395 audit_rate_limit=5 audit_backlog_limit=64
07-03 15:55:28.071 E/[11035.969384@2]- audit(    0): rate limit exceeded
07-03 15:55:28.502 W/[11036.399110@2]- RTW(    0): fill_default_txdesc(wlan0): SP Packet(0x0806) rate=0x4 SeqNum = 2896
07-03 15:55:32.834 W/[11040.730668@2]- RTW(    0): cfg80211_rtw_scan(wlan0)
07-03 15:55:32.834 W/[11040.730682@2]- RTW(    0): WARN cfg80211_rtw_scan (wlan0) : scan abort!! BusyTraffic
07-03 15:55:21.335 I/chatty  ( 3835): uid=1000(system) android.bg identical 6 lines
07-03 15:55:31.438 I/UsageStatsService( 3835): User[0] Flushing usage stats to disk
07-03 15:55:32.857 D/ConnectivityService( 3835): requestNetwork for uid/pid:10034/5095 NetworkRequest [ TRACK_DEFAULT id=34, [ Capabilities: INTERNET&NOT_RESTRICTED&TRUSTED Uid: 10034 AdministratorUids: [] RequestorUid: 10034 RequestorPackageName: com.iwedia.ui.rjio.launcher.reliance] ]
07-03 15:55:32.858 D/ConnectivityService( 3835): NetReassign [34 : null  100]
07-03 15:55:32.981 D/ConnectivityService( 3835): releasing NetworkRequest [ TRACK_DEFAULT id=34, [ Capabilities: INTERNET&NOT_RESTRICTED&TRUSTED Uid: 10034 AdministratorUids: [] RequestorUid: 10034 RequestorPackageName: com.iwedia.ui.rjio.launcher.reliance] ] (release request)
07-03 15:55:33.126 W/[11041.022880@2]- RTW(    0): fill_default_txdesc(wlan0): SP Packet(0x0806) rate=0x4 SeqNum = 3064
07-03 15:55:38.686 W/[11046.582818@3]- RTW(    0): fill_default_txdesc(wlan0): SP Packet(0x0806) rate=0x4 SeqNum = 3260
07-03 15:55:40.399 W/[11048.298530@3]- healthd(    0): battery l=100 v=4 t=0.0 h=2 st=2 c=1100 fc=10000000 chg=u
07-03 15:55:41.539 I/UsageStatsService( 3835): User[0] Flushing usage stats to disk
07-03 15:55:43.170 W/[11051.070698@2]- RTW(    0): fill_default_txdesc(wlan0): SP Packet(0x0806) rate=0x4 SeqNum = 3426
07-03 15:55:43.578 W/[11051.475434@2]- RTW(    0): fill_default_txdesc(wlan0): SP Packet(0x0806) rate=0x4 SeqNum = 3524
07-03 15:55:48.370 W/[11056.268802@0]- RTW(    0): fill_default_txdesc(wlan0): SP Packet(0x0806) rate=0x4 SeqNum = 3744
07-03 15:55:53.958 W/[11061.858453@3]- RTW(    0): fill_default_txdesc(wlan0): SP Packet(0x0806) rate=0x4 SeqNum = 3924
07-03 15:55:58.114 W/[11066.012716@2]- RTW(    0): fill_default_txdesc(wlan0): SP Packet(0x0806) rate=0x4 SeqNum = 22
07-03 15:55:58.534 W/[11066.430696@0]- RTW(    0): fill_default_txdesc(wlan0): SP Packet(0x0806) rate=0x4 SeqNum = 42
07-03 15:56:03.142 W/[11071.040246@3]- RTW(    0): fill_default_txdesc(wlan0): SP Packet(0x0806) rate=0x4 SeqNum = 210
07-03 15:56:08.226 W/[11076.126061@3]- RTW(    0): fill_default_txdesc(wlan0): SP Packet(0x0806) rate=0x4 SeqNum = 589
07-03 15:56:13.118 W/[11081.015183@2]- RTW(    0): fill_default_txdesc(wlan0): SP Packet(0x0806) rate=0x4 SeqNum = 809
07-03 15:56:13.635 W/[11081.534713@1]- RTW(    0): fill_default_txdesc(wlan0): SP Packet(0x0806) rate=0x4 SeqNum = 829
07-03 15:56:18.382 W/[11086.280674@3]- RTW(    0): fill_default_txdesc(wlan0): SP Packet(0x0806) rate=0x4 SeqNum = 965
07-03 15:56:18.600 W/[11086.498932@3]- RTW(    0): Turbo EDCA =0x5ea42b
07-03 15:56:20.614 W/[11088.511430@3]- RTW(    0): Turbo EDCA =0x431c
07-03 15:56:22.627 W/[11090.526922@3]- RTW(    0): Turbo EDCA =0x5ea42b
07-03 15:56:23.502 W/[11091.399051@0]- RTW(    0): fill_default_txdesc(wlan0): SP Packet(0x0806) rate=0x4 SeqNum = 1159
07-03 15:56:24.646 W/[11092.542921@1]- RTW(    0): Turbo EDCA =0x431c
07-03 15:56:27.206 W/[11095.102698@3]- RTW(    0): fill_default_txdesc(wlan0): SP Packet(0x0806) rate=0x4 SeqNum = 1238
07-03 15:56:28.073 W/[11095.971804@3]- audit(    0): audit_lost=4398 audit_rate_limit=5 audit_backlog_limit=64
07-03 15:56:28.073 E/[11095.971817@3]- audit(    0): rate limit exceeded
07-03 15:56:28.578 W/[11096.478299@0]- RTW(    0): fill_default_txdesc(wlan0): SP Packet(0x0806) rate=0x4 SeqNum = 1393
07-03 15:56:28.742 W/[11096.638705@2]- RTW(    0): fill_default_txdesc(wlan0): SP Packet(0x0806) rate=0x4 SeqNum = 1395
07-03 15:56:33.602 W/[11101.501789@3]- RTW(    0): fill_default_txdesc(wlan0): SP Packet(0x0806) rate=0x4 SeqNum = 1618
07-03 15:56:38.738 W/[11106.636757@1]- RTW(    0): fill_default_txdesc(wlan0): SP Packet(0x0806) rate=0x4 SeqNum = 1823
07-03 15:56:40.398 W/[11108.298402@1]- healthd(    0): battery l=100 v=4 t=0.0 h=2 st=2 c=1100 fc=10000000 chg=u
07-03 15:56:43.190 W/[11111.089763@1]- RTW(    0): fill_default_txdesc(wlan0): SP Packet(0x0806) rate=0x4 SeqNum = 2072
07-03 15:56:43.846 W/[11111.742700@3]- RTW(    0): fill_default_txdesc(wlan0): SP Packet(0x0806) rate=0x4 SeqNum = 2179
07-03 15:56:48.908 W/[11116.807725@3]- RTW(    0): fill_default_txdesc(wlan0): SP Packet(0x0806) rate=0x4 SeqNum = 2356
07-03 15:56:51.214 W/[11119.110739@0]- audit(    0): audit_lost=4401 audit_rate_limit=5 audit_backlog_limit=64
07-03 15:56:51.214 E/[11119.110746@0]- audit(    0): rate limit exceeded
07-03 15:56:53.622 W/[11121.521927@2]- RTW(    0): fill_default_txdesc(wlan0): SP Packet(0x0806) rate=0x4 SeqNum = 2619
07-03 15:56:58.078 W/[11125.976868@2]- RTW(    0): fill_default_txdesc(wlan0): SP Packet(0x0806) rate=0x4 SeqNum = 2820
07-03 15:56:59.206 W/[11127.102690@1]- RTW(    0): fill_default_txdesc(wlan0): SP Packet(0x0806) rate=0x4 SeqNum = 2845
07-03 15:57:03.178 W/[11131.078091@3]- RTW(    0): fill_default_txdesc(wlan0): SP Packet(0x0806) rate=0x4 SeqNum = 3058
07-03 15:57:06.982 W/[11134.878979@1]- RTW(    0): Turbo EDCA =0x5ea42b
07-03 15:57:08.262 W/[11136.160504@2]- RTW(    0): fill_default_txdesc(wlan0): SP Packet(0x0806) rate=0x4 SeqNum = 3320
07-03 15:57:08.998 W/[11136.894927@2]- RTW(    0): Turbo EDCA =0x431c
07-03 15:57:13.338 W/[11141.237729@3]- RTW(    0): fill_default_txdesc(wlan0): SP Packet(0x0806) rate=0x4 SeqNum = 3486
07-03 15:57:14.310 W/[11142.207380@0]- RTW(    0): fill_default_txdesc(wlan0): SP Packet(0x0806) rate=0x4 SeqNum = 3504
07-03 15:57:18.498 W/[11146.398389@2]- RTW(    0): fill_default_txdesc(wlan0): SP Packet(0x0806) rate=0x4 SeqNum = 3642
07-03 15:57:23.626 W/[11151.524155@1]- RTW(    0): fill_default_txdesc(wlan0): SP Packet(0x0806) rate=0x4 SeqNum = 3914
07-03 15:57:28.322 W/[11156.221285@2]- audit(    0): audit_lost=4429 audit_rate_limit=5 audit_backlog_limit=64
07-03 15:57:28.322 E/[11156.221293@2]- audit(    0): rate limit exceeded
07-03 15:57:28.654 W/[11156.551537@0]- RTW(    0): fill_default_txdesc(wlan0): SP Packet(0x0806) rate=0x4 SeqNum = 14
07-03 15:57:29.414 W/[11157.310718@1]- RTW(    0): fill_default_txdesc(wlan0): SP Packet(0x0806) rate=0x4 SeqNum = 26
07-03 15:57:32.334 W/[11160.230886@0]- RTW(    0): fill_default_txdesc(wlan0): SP Packet(0x0806) rate=0x4 SeqNum = 160
07-03 15:57:33.626 W/[11161.523709@0]- RTW(    0): fill_default_txdesc(wlan0): SP Packet(0x0806) rate=0x4 SeqNum = 186
07-03 15:57:38.366 W/[11166.265082@3]- RTW(    0): fill_default_txdesc(wlan0): SP Packet(0x0806) rate=0x4 SeqNum = 349
07-03 15:57:39.238 W/[11167.134893@1]- RTW(    0): Turbo EDCA =0x5ea42b
07-03 15:57:40.398 W/[11168.298474@1]- healthd(    0): battery l=100 v=4 t=0.0 h=2 st=2 c=1100 fc=10000000 chg=u
07-03 15:57:41.254 W/[11169.150944@2]- RTW(    0): Turbo EDCA =0x431c
07-03 15:57:43.078 W/[11170.975982@2]- RTW(    0): fill_default_txdesc(wlan0): SP Packet(0x0806) rate=0x4 SeqNum = 541
07-03 15:57:44.518 W/[11172.414700@0]- RTW(    0): fill_default_txdesc(wlan0): SP Packet(0x0806) rate=0x4 SeqNum = 648
07-03 15:57:48.950 W/[11176.847176@3]- RTW(    0): fill_default_txdesc(wlan0): SP Packet(0x0806) rate=0x4 SeqNum = 834
07-03 15:57:53.110 W/[11181.007426@1]- RTW(    0): fill_default_txdesc(wlan0): SP Packet(0x0806) rate=0x4 SeqNum = 1009
07-03 15:57:58.118 W/[11186.017803@3]- RTW(    0): fill_default_txdesc(wlan0): SP Packet(0x0806) rate=0x4 SeqNum = 1137
07-03 15:57:59.622 W/[11187.518697@1]- RTW(    0): fill_default_txdesc(wlan0): SP Packet(0x0806) rate=0x4 SeqNum = 1228
07-03 15:58:01.414 W/[11189.311165@0]- RTW(    0): Turbo EDCA =0x5ea42b
07-03 15:58:03.138 W/[11191.037193@3]- RTW(    0): fill_default_txdesc(wlan0): SP Packet(0x0806) rate=0x4 SeqNum = 1243
07-03 15:58:03.430 W/[11191.326943@1]- RTW(    0): Turbo EDCA =0x431c
07-03 15:58:05.766 W/[11193.662754@1]- RTW(    0): fill_default_txdesc(wlan0): SP Packet(0x0806) rate=0x4 SeqNum = 1374
07-03 15:58:05.858 W/[11193.755934@0]- RTW(    0): fill_default_txdesc(wlan0): SP Packet(0x0806) rate=0x4 SeqNum = 1375
07-03 15:58:08.218 W/[11196.118183@3]- RTW(    0): fill_default_txdesc(wlan0): SP Packet(0x0806) rate=0x4 SeqNum = 1440
07-03 15:58:09.478 W/[11197.375143@0]- RTW(    0): Turbo EDCA =0x5ea42b
07-03 15:58:11.491 W/[11199.390913@3]- RTW(    0): Turbo EDCA =0x431c
07-03 15:58:12.842 W/[11200.740774@0]- RTW(    0): cfg80211_rtw_scan(wlan0)
07-03 15:58:12.842 W/[11200.740790@0]- RTW(    0): WARN cfg80211_rtw_scan (wlan0) : scan abort!! BusyTraffic
07-03 15:58:13.126 W/[11201.023483@1]- RTW(    0): fill_default_txdesc(wlan0): SP Packet(0x0806) rate=0x4 SeqNum = 1527
07-03 15:58:13.510 W/[11201.406885@3]- RTW(    0): Turbo EDCA =0x5ea42b
07-03 15:58:15.526 W/[11203.422928@0]- RTW(    0): Turbo EDCA =0x431c
07-03 15:58:16.774 W/[11204.670756@3]- RTW(    0): fill_default_txdesc(wlan0): SP Packet(0x0806) rate=0x4 SeqNum = 1613
07-03 15:58:17.542 W/[11205.439268@0]- RTW(    0): Turbo EDCA =0x5ea42b
07-03 15:58:18.331 W/[11206.231064@3]- RTW(    0): fill_default_txdesc(wlan0): SP Packet(0x0806) rate=0x4 SeqNum = 1622
07-03 15:58:19.557 W/[11207.454969@3]- RTW(    0): Turbo EDCA =0x431c
07-03 15:58:21.574 W/[11209.471252@1]- RTW(    0): Turbo EDCA =0x5ea42b
07-03 15:58:23.478 W/[11211.378131@3]- RTW(    0): fill_default_txdesc(wlan0): SP Packet(0x0806) rate=0x4 SeqNum = 1779
07-03 15:58:23.590 W/[11211.486958@3]- RTW(    0): Turbo EDCA =0x431c
07-03 15:58:25.603 W/[11213.503049@0]- RTW(    0): Turbo EDCA =0x5ea42b
07-03 15:58:27.622 W/[11215.518998@1]- RTW(    0): Turbo EDCA =0x431c
07-03 15:58:28.558 W/[11216.456816@1]- RTW(    0): fill_default_txdesc(wlan0): SP Packet(0x0806) rate=0x4 SeqNum = 1919
07-03 15:58:29.638 W/[11217.535082@0]- RTW(    0): Turbo EDCA =0x5ea42b
07-03 15:58:31.651 W/[11219.551013@1]- RTW(    0): Turbo EDCA =0x431c
07-03 15:58:31.878 W/[11219.774702@3]- RTW(    0): fill_default_txdesc(wlan0): SP Packet(0x0806) rate=0x4 SeqNum = 2088
07-03 15:58:33.630 W/[11221.528829@0]- RTW(    0): fill_default_txdesc(wlan0): SP Packet(0x0806) rate=0x4 SeqNum = 2093
07-03 15:58:33.670 W/[11221.566938@1]- RTW(    0): Turbo EDCA =0x5ea42b
07-03 15:58:35.685 W/[11223.582933@2]- RTW(    0): Turbo EDCA =0x431c
07-03 15:58:37.706 W/[11225.603229@0]- RTW(    0): Turbo EDCA =0x5ea42b
07-03 15:58:38.766 W/[11226.663582@1]- RTW(    0): fill_default_txdesc(wlan0): SP Packet(0x0806) rate=0x4 SeqNum = 2204
07-03 15:58:39.715 W/[11227.615104@2]- RTW(    0): Turbo EDCA =0x431c
07-03 15:58:40.399 W/[11228.298405@1]- healthd(    0): battery l=100 v=4 t=0.0 h=2 st=2 c=1100 fc=10000000 chg=u
07-03 15:58:41.733 W/[11229.631341@0]- RTW(    0): Turbo EDCA =0x5ea42b
07-03 15:58:43.750 W/[11231.646996@3]- RTW(    0): Turbo EDCA =0x431c
07-03 15:58:43.798 W/[11231.696717@2]- RTW(    0): fill_default_txdesc(wlan0): SP Packet(0x0806) rate=0x4 SeqNum = 2419
07-03 15:58:45.766 W/[11233.663026@1]- RTW(    0): Turbo EDCA =0x5ea42b
07-03 15:58:46.982 W/[11234.878802@3]- RTW(    0): fill_default_txdesc(wlan0): SP Packet(0x0806) rate=0x4 SeqNum = 2429
07-03 15:58:47.782 W/[11235.678990@1]- RTW(    0): Turbo EDCA =0x431c
07-03 15:58:48.113 W/[11236.011818@0]- RTW(    0): fill_default_txdesc(wlan0): SP Packet(0x0806) rate=0x4 SeqNum = 2520
07-03 15:58:49.798 W/[11237.695075@0]- RTW(    0): Turbo EDCA =0x5ea42b
07-03 15:58:51.394 W/[11239.292532@0]- audit(    0): audit_lost=4430 audit_rate_limit=5 audit_backlog_limit=64
07-03 15:58:51.394 E/[11239.292540@0]- audit(    0): rate limit exceeded
07-03 15:58:51.814 W/[11239.711071@0]- RTW(    0): Turbo EDCA =0x431c
07-03 15:58:53.226 W/[11241.123974@1]- RTW(    0): fill_default_txdesc(wlan0): SP Packet(0x0806) rate=0x4 SeqNum = 2613
07-03 15:58:53.830 W/[11241.727066@1]- RTW(    0): Turbo EDCA =0x5ea42b
07-03 15:58:55.846 W/[11243.742982@0]- RTW(    0): Turbo EDCA =0x431c
07-03 15:58:57.862 W/[11245.759196@1]- RTW(    0): Turbo EDCA =0x5ea42b
07-03 15:58:58.082 W/[11245.978881@1]- RTW(    0): fill_default_txdesc(wlan0): SP Packet(0x0806) rate=0x4 SeqNum = 2704
07-03 15:58:59.878 W/[11247.775309@1]- RTW(    0): Turbo EDCA =0x431c
07-03 15:59:02.342 W/[11250.239270@3]- RTW(    0): fill_default_txdesc(wlan0): SP Packet(0x0806) rate=0x4 SeqNum = 2806
07-03 15:59:03.118 W/[11251.016745@1]- RTW(    0): fill_default_txdesc(wlan0): SP Packet(0x0806) rate=0x4 SeqNum = 2811
07-03 15:59:05.926 W/[11253.822936@1]- RTW(    0): Turbo EDCA =0x5ea42b
07-03 15:59:07.946 W/[11255.843408@0]- RTW(    0): Turbo EDCA =0x431c
07-03 15:59:08.191 W/[11256.088138@1]- RTW(    0): fill_default_txdesc(wlan0): SP Packet(0x0806) rate=0x4 SeqNum = 3005
07-03 15:59:09.962 W/[11257.859290@1]- RTW(    0): Turbo EDCA =0x5ea42b
07-03 15:59:11.974 W/[11259.871025@1]- RTW(    0): Turbo EDCA =0x431c
07-03 15:59:13.238 W/[11261.136499@2]- RTW(    0): fill_default_txdesc(wlan0): SP Packet(0x0806) rate=0x4 SeqNum = 3096
07-03 15:59:13.990 W/[11261.887194@1]- RTW(    0): Turbo EDCA =0x5ea42b
07-03 15:59:16.006 W/[11263.902979@2]- RTW(    0): Turbo EDCA =0x431c
07-03 15:59:17.446 W/[11265.344806@3]- RTW(    0): fill_default_txdesc(wlan0): SP Packet(0x0806) rate=0x4 SeqNum = 3189
07-03 15:59:18.026 W/[11265.923218@2]- RTW(    0): Turbo EDCA =0x5ea42b
07-03 15:59:18.298 W/[11266.196741@1]- RTW(    0): fill_default_txdesc(wlan0): SP Packet(0x0806) rate=0x4 SeqNum = 3192
07-03 15:59:20.038 W/[11267.935100@1]- RTW(    0): Turbo EDCA =0x431c
07-03 15:59:22.054 W/[11269.950941@1]- RTW(    0): Turbo EDCA =0x5ea42b
07-03 15:59:23.342 W/[11271.242291@3]- RTW(    0): fill_default_txdesc(wlan0): SP Packet(0x0806) rate=0x4 SeqNum = 3292
07-03 15:59:24.070 W/[11271.966979@1]- RTW(    0): Turbo EDCA =0x431c
07-03 15:59:26.086 W/[11273.982946@1]- RTW(    0): Turbo EDCA =0x5ea42b
07-03 15:59:28.082 W/[11275.980316@3]- audit(    0): audit_lost=4457 audit_rate_limit=5 audit_backlog_limit=64
07-03 15:59:28.082 E/[11275.980324@3]- audit(    0): rate limit exceeded
07-03 15:59:28.102 W/[11275.998918@1]- RTW(    0): Turbo EDCA =0x431c
07-03 15:59:28.138 W/[11276.035304@1]- RTW(    0): fill_default_txdesc(wlan0): SP Packet(0x0806) rate=0x4 SeqNum = 3439
07-03 15:59:30.118 W/[11278.017333@2]- RTW(    0): Turbo EDCA =0x5ea42b
07-03 15:59:32.134 W/[11280.030940@1]- RTW(    0): Turbo EDCA =0x431c
07-03 15:59:33.531 W/[11281.428849@1]- RTW(    0): fill_default_txdesc(wlan0): SP Packet(0x0806) rate=0x4 SeqNum = 3524
07-03 15:59:34.150 W/[11282.046949@2]- RTW(    0): Turbo EDCA =0x5ea42b
07-03 15:59:36.170 W/[11284.067078@1]- RTW(    0): Turbo EDCA =0x431c
07-03 15:59:38.182 W/[11286.079135@3]- RTW(    0): Turbo EDCA =0x5ea42b
07-03 15:59:38.625 W/[11286.523198@1]- RTW(    0): fill_default_txdesc(wlan0): SP Packet(0x0806) rate=0x4 SeqNum = 3593
07-03 15:59:40.195 W/[11288.094999@0]- RTW(    0): Turbo EDCA =0x431c
07-03 15:59:40.402 W/[11288.298999@1]- healthd(    0): battery l=100 v=4 t=0.0 h=2 st=2 c=1100 fc=10000000 chg=u
07-03 15:59:41.765 W/[11289.662698@1]- RTW(    0): fill_default_txdesc(wlan0): SP Packet(0x0806) rate=0x4 SeqNum = 3710
07-03 15:59:42.214 W/[11290.111120@1]- RTW(    0): Turbo EDCA =0x5ea42b
07-03 15:59:43.690 W/[11291.587250@2]- RTW(    0): fill_default_txdesc(wlan0): SP Packet(0x0806) rate=0x4 SeqNum = 3808
07-03 15:59:44.229 W/[11292.127130@1]- RTW(    0): Turbo EDCA =0x431c
07-03 15:59:46.243 W/[11294.143011@2]- RTW(    0): Turbo EDCA =0x5ea42b
07-03 15:59:48.262 W/[11296.159011@1]- RTW(    0): Turbo EDCA =0x431c
07-03 15:59:48.738 W/[11296.636412@1]- RTW(    0): fill_default_txdesc(wlan0): SP Packet(0x0806) rate=0x4 SeqNum = 3964
07-03 15:59:50.278 W/[11298.175002@1]- RTW(    0): Turbo EDCA =0x5ea42b
07-03 15:59:52.294 W/[11300.191085@2]- RTW(    0): Turbo EDCA =0x431c
07-03 15:59:53.800 W/[11301.697107@3]- RTW(    0): fill_default_txdesc(wlan0): SP Packet(0x0806) rate=0x4 SeqNum = 4087
07-03 15:59:54.310 W/[11302.206911@3]- RTW(    0): Turbo EDCA =0x5ea42b
07-03 15:59:56.326 W/[11304.222942@2]- RTW(    0): Turbo EDCA =0x431c
07-03 15:59:58.342 W/[11306.238984@2]- RTW(    0): Turbo EDCA =0x5ea42b
07-03 15:59:58.898 W/[11306.797227@1]- RTW(    0): fill_default_txdesc(wlan0): SP Packet(0x0806) rate=0x4 SeqNum = 63
07-03 16:00:00.358 W/[11308.255006@1]- RTW(    0): Turbo EDCA =0x431c
07-03 16:00:03.610 W/[11311.507755@3]- RTW(    0): fill_default_txdesc(wlan0): SP Packet(0x0806) rate=0x4 SeqNum = 288
07-03 16:00:06.405 W/[11314.303080@1]- RTW(    0): Turbo EDCA =0x5ea42b
07-03 16:00:07.878 W/[11315.775016@3]- RTW(    0): fill_default_txdesc(wlan0): SP Packet(0x0806) rate=0x4 SeqNum = 339
07-03 16:00:08.282 W/[11316.182629@2]- RTW(    0): fill_default_txdesc(wlan0): SP Packet(0x0806) rate=0x4 SeqNum = 343
07-03 16:00:08.422 W/[11316.318923@1]- RTW(    0): Turbo EDCA =0x431c
07-03 16:00:10.438 W/[11318.335384@1]- RTW(    0): Turbo EDCA =0x5ea42b
07-03 16:00:12.454 W/[11320.351203@0]- RTW(    0): Turbo EDCA =0x431c
07-03 16:00:13.074 W/[11320.971405@1]- RTW(    0): fill_default_txdesc(wlan0): SP Packet(0x0806) rate=0x4 SeqNum = 421
07-03 16:00:14.470 W/[11322.366962@1]- RTW(    0): Turbo EDCA =0x5ea42b
07-03 16:00:16.483 W/[11324.382941@1]- RTW(    0): Turbo EDCA =0x431c
07-03 16:00:18.170 W/[11326.067012@3]- RTW(    0): fill_default_txdesc(wlan0): SP Packet(0x0806) rate=0x4 SeqNum = 596
07-03 16:00:18.502 W/[11326.399320@1]- RTW(    0): Turbo EDCA =0x5ea42b
07-03 16:00:20.518 W/[11328.414894@3]- RTW(    0): Turbo EDCA =0x431c
07-03 16:00:04.631 I/chatty  ( 3835): uid=1000(system) android.bg identical 26 lines
07-03 16:00:15.205 I/UsageStatsService( 3835): User[0] Flushing usage stats to disk
07-03 16:00:21.789 D/AutofillManagerService( 3835): onBackKeyPressed()
07-03 16:00:21.866 I/        (    0): [11329.763991@1]- is_reset=1
07-03 16:00:21.867 I/[11329.764500@1]- vframe_rate_uevent(    0): sent uevent FRAME_RATE_HINT=0
07-03 16:00:21.867 I/[11329.764703@2]- dim(    0): ch[1]:di_receiver_event_fun,1:_UNREG
07-03 16:00:21.867 E/[11329.764764@2]- unreg(    0): v4lvideo
07-03 16:00:21.867 I/[11329.764821@2]- dim(    0): unreg:2keep[4], msk:[0x0,0x0]
07-03 16:00:21.878 I/[11329.776248@1]- dim(    0): unreg:use[12]ms
07-03 16:00:21.878 D/        (    0): [11329.776280@1]- vdec_disable_DMC input->target= 0x1
07-03 16:00:21.878 D/        (    0): [11329.778628@3]- vdec_release instance 00000000ce1cf352, total 1 id = 0
07-03 16:00:21.878 D/        (    0): [11329.778806@3]- the clk_hevc_mux    clock off, ref cnt: 0
07-03 16:00:21.878 D/        (    0): [11329.778813@3]- the clk_hevcb_mux   clock off, ref cnt: 0
07-03 16:00:21.878 D/        (    0): [11329.778823@3]- the vdec            clock off, ref cnt: 0
07-03 16:00:21.878 D/        (    0): [11329.778828@3]- the parser_top      clock off, ref cnt: 1
07-03 16:00:21.878 D/        (    0): [11329.778832@3]- the demux           clock off, ref cnt: 1
07-03 16:00:21.887 D/        (    0): [11329.778954@3]- the demux           clock on, ref cnt: 2
07-03 16:00:21.887 D/        (    0): [11329.778960@3]- the parser_top      clock on, ref cnt: 2
07-03 16:00:21.887 D/        (    0): [11329.778968@3]- the vdec            clock on, ref cnt: 1
07-03 16:00:21.887 D/        (    0): [11329.778989@3]- the clk_hevc_mux    clock on, ref cnt: 1
07-03 16:00:21.887 D/        (    0): [11329.778993@3]- the clk_hevcb_mux   clock on, ref cnt: 1
07-03 16:00:21.887 D/        (    0): [11329.779026@3]- hevc mux clock is 499999992 Hz
07-03 16:00:21.887 D/        (    0): [11329.779042@3]- hevc back mux clock is 499999992 Hz
07-03 16:00:21.887 D/        (    0): [11329.779125@3]- vdec_create instance 00000000cba1f669, total 1, PM: legacy
07-03 16:00:21.887 D/        (    0): [11329.779170@3]- no drmmode
07-03 16:00:21.887 I/        (    0): [11329.779234@3]- is_reset=1
07-03 16:00:21.887 I/        (    0): [11329.779260@3]- vdec_init, dev_name:ammvdec_h265, vdec_type=VDEC_TYPE_FRAME_BLOCK  id = 0
07-03 16:00:21.887 D/[11329.780002@3]- [0]pdata->config=hevc_buf_width(    0): 1920;hevc_buf_height:1088;hevc_buf_margin:0;hevc_double_write_mode:16;save_buffer_mode:0;
07-03 16:00:21.887 D/        (    0): [11329.780035@3]- decoder_bmmu_box_alloc_box, tvp_flags = 0
07-03 16:00:21.887 D/        (    0): [11329.782849@0]- [0]dynamic_buf_num_margin=9
07-03 16:00:21.888 D/        (    0): [11329.782856@0]- [0]double_write_mode=16
07-03 16:00:21.888 D/[11329.782868@0]- [0]h265(    0): pts_unstable=0
07-03 16:00:21.888 D/[11329.782874@0]- [0]h265(    0): ver (201602101,0) decinfo: 0x0 rate=3600
07-03 16:00:21.888 I/        (    0): [11329.784206@1]- [TEE], the fw (hevc_mmu) will be loaded.
07-03 16:00:21.888 D/        (    0): [11329.784255@1]- hevc mux clock is 666666656 Hz
07-03 16:00:21.888 D/        (    0): [11329.784271@1]- hevc back mux clock is 666666656 Hz
07-03 16:00:21.888 D/        (    0): [11329.784276@1]- hevc video changed to 3840 x 2160 60 fps clk->667MHZ
07-03 16:00:21.888 D/        (    0): [11329.784328@1]- vfm map vdec-map-0 created
07-03 16:00:21.888 I/[11329.784349@1]- dim(    0): ch[1]:di_receiver_event_fun,8:_REG
07-03 16:00:21.888 I/[11329.784354@1]- dim(    0): reg:vdec.h265.00[28]
07-03 16:00:21.888 I/[11329.784918@0]- dim(    0): reg:use[0]ms
07-03 16:00:21.888 E/[11329.784946@0]- reg(    0): v4lvideo
07-03 16:00:21.888 I/[11329.784955@0]- dim(    0): ch[1]:di_receiver_event_fun,3:_START
07-03 16:00:21.888 D/        (    0): [11329.784961@0]- vdec_init, vf_provider_name = vdec.h265.00, b 0
07-03 16:00:21.891 I/        (    0): [11329.789136@1]- vdec->port_flag=0x102, port_flag=0x10b
07-03 16:00:21.891 I/        (    0): [11329.789271@1]- is_reset=0
07-03 16:00:21.910 I/        (    0): [11329.808544@2]- is_reset=1
07-03 16:00:21.927 I/[11329.808842@2]- vframe_rate_uevent(    0): sent uevent FRAME_RATE_HINT=0
07-03 16:00:21.927 I/[11329.808899@2]- dim(    0): ch[1]:di_receiver_event_fun,1:_UNREG
07-03 16:00:21.935 E/[11329.808911@2]- unreg(    0): v4lvideo
07-03 16:00:21.935 I/[11329.808971@2]- dim(    0): unreg:use[0]ms
07-03 16:00:21.935 D/        (    0): [11329.808991@2]- vdec_disable_DMC input->target= 0x1
07-03 16:00:21.935 D/        (    0): [11329.809373@2]- vdec_release instance 00000000cba1f669, total 1 id = 0
07-03 16:00:21.935 D/        (    0): [11329.809532@2]- the clk_hevc_mux    clock off, ref cnt: 0
07-03 16:00:21.935 D/        (    0): [11329.809539@2]- the clk_hevcb_mux   clock off, ref cnt: 0
07-03 16:00:21.935 D/        (    0): [11329.809548@2]- the vdec            clock off, ref cnt: 0
07-03 16:00:21.935 D/        (    0): [11329.809551@2]- the parser_top      clock off, ref cnt: 1
07-03 16:00:21.935 D/        (    0): [11329.809555@2]- the demux           clock off, ref cnt: 1
07-03 16:00:21.935 D/        (    0): [11329.809624@2]- the demux           clock on, ref cnt: 2
07-03 16:00:21.935 D/        (    0): [11329.809629@2]- the parser_top      clock on, ref cnt: 2
07-03 16:00:21.935 D/        (    0): [11329.809635@2]- the vdec            clock on, ref cnt: 1
07-03 16:00:21.935 D/        (    0): [11329.809654@2]- the clk_hevc_mux    clock on, ref cnt: 1
07-03 16:00:21.936 D/        (    0): [11329.809659@2]- the clk_hevcb_mux   clock on, ref cnt: 1
07-03 16:00:21.936 D/        (    0): [11329.809689@2]- hevc mux clock is 499999992 Hz
07-03 16:00:21.936 D/        (    0): [11329.809705@2]- hevc back mux clock is 499999992 Hz
07-03 16:00:21.936 D/        (    0): [11329.809787@2]- vdec_create instance 00000000eb22ca9a, total 1, PM: legacy
07-03 16:00:21.936 D/        (    0): [11329.809830@2]- no drmmode
07-03 16:00:21.937 I/        (    0): [11329.809863@2]- is_reset=1
07-03 16:00:21.937 I/        (    0): [11329.809891@2]- vdec_init, dev_name:ammvdec_h265, vdec_type=VDEC_TYPE_FRAME_BLOCK  id = 0
07-03 16:00:21.937 D/[11329.810479@2]- [0]pdata->config=hevc_buf_width(    0): 1920;hevc_buf_height:1088;hevc_buf_margin:0;hevc_double_write_mode:16;save_buffer_mode:0;
07-03 16:00:21.937 D/        (    0): [11329.810512@2]- decoder_bmmu_box_alloc_box, tvp_flags = 0
07-03 16:00:21.937 D/        (    0): [11329.812466@3]- [0]dynamic_buf_num_margin=9
07-03 16:00:21.937 D/        (    0): [11329.812474@3]- [0]double_write_mode=16
07-03 16:00:21.937 D/[11329.812486@3]- [0]h265(    0): pts_unstable=0
07-03 16:00:21.938 D/[11329.812492@3]- [0]h265(    0): ver (201602101,0) decinfo: 0x0 rate=3600
07-03 16:00:21.938 I/        (    0): [11329.814243@3]- [TEE], the fw (hevc_mmu) will be loaded.
07-03 16:00:21.938 D/        (    0): [11329.814291@3]- hevc mux clock is 666666656 Hz
07-03 16:00:21.938 D/        (    0): [11329.814307@3]- hevc back mux clock is 666666656 Hz
07-03 16:00:21.938 D/        (    0): [11329.814312@3]- hevc video changed to 3840 x 2160 60 fps clk->667MHZ
07-03 16:00:21.938 D/        (    0): [11329.814353@3]- vfm map vdec-map-0 created
07-03 16:00:21.938 I/[11329.814373@3]- dim(    0): ch[1]:di_receiver_event_fun,8:_REG
07-03 16:00:21.938 I/[11329.814377@3]- dim(    0): reg:vdec.h265.00[29]
07-03 16:00:21.938 I/[11329.814937@3]- dim(    0): reg:use[0]ms
07-03 16:00:21.938 E/[11329.814963@3]- reg(    0): v4lvideo
07-03 16:00:21.938 I/[11329.814973@3]- dim(    0): ch[1]:di_receiver_event_fun,3:_START
07-03 16:00:21.938 D/        (    0): [11329.814978@3]- vdec_init, vf_provider_name = vdec.h265.00, b 0
07-03 16:00:21.938 I/        (    0): [11329.816510@3]- vdec->port_flag=0x102, port_flag=0x10b
07-03 16:00:21.938 I/        (    0): [11329.816628@3]- is_reset=0
07-03 16:00:21.938 I/[11329.827523@3]- vframe_rate_uevent(    0): sent uevent FRAME_RATE_HINT=0
07-03 16:00:21.938 I/[11329.827746@3]- dim(    0): ch[1]:di_receiver_event_fun,1:_UNREG
07-03 16:00:21.938 E/[11329.827759@3]- unreg(    0): v4lvideo
07-03 16:00:21.938 I/[11329.828317@1]- dim(    0): unreg:use[1]ms
07-03 16:00:21.938 D/        (    0): [11329.828437@1]- vdec_disable_DMC input->target= 0x1
07-03 16:00:21.938 D/        (    0): [11329.829279@3]- vdec_release instance 00000000eb22ca9a, total 1 id = 0
07-03 16:00:21.938 D/        (    0): [11329.829436@3]- the clk_hevc_mux    clock off, ref cnt: 0
07-03 16:00:21.938 D/        (    0): [11329.829442@3]- the clk_hevcb_mux   clock off, ref cnt: 0
07-03 16:00:21.938 D/        (    0): [11329.829451@3]- the vdec            clock off, ref cnt: 0
07-03 16:00:21.938 D/        (    0): [11329.829455@3]- the parser_top      clock off, ref cnt: 1
07-03 16:00:21.938 D/        (    0): [11329.829458@3]- the demux           clock off, ref cnt: 1
07-03 16:00:21.938 D/        (    0): [11329.829482@3]d v4lvideo_release_map 0 OK
07-03 16:00:21.938 D/[11329.829586@3]- v4lvid(    0): dbg: vidioc_close!!!!
07-03 16:00:21.938 I/[11329.831674@3]- resman(    0): 39 release [codec_mm]
07-03 16:00:22.285 D/INSETS  ( 3835): else - Package Name ::  left : 0 right :: 0 top :: 0 bottom :: 0 dfu-right :: 1920 dfu-bottom :: 1080
07-03 16:00:22.306 W/[11330.204273@0]- RTW(    0): fill_default_txdesc(wlan0): SP Packet(0x0806) rate=0x4 SeqNum = 746
07-03 16:00:22.334 I/[11330.233092@3]- vc(    0): [0]vc: set enable index=0, val=0
07-03 16:00:22.334 I/[11330.233112@3]- VID(    0): store VD0 path_id changed 2->-1
07-03 16:00:22.334 I/        (    0): [11330.233117@3]- dev->index =0, val=1
07-03 16:00:22.334 I/[11330.233121@3]- VID(    0): VD1 off
07-03 16:00:22.334 I/[11330.233127@3]- VID(    0): VD1 set global output as 0
07-03 16:00:22.334 I/        (    0): [11330.233143@3]- common_vf_unreg_provider video_render.0: vd1 used: true, vd2 used: false, black_out:0, cur_buf:0000000032b7cb96
07-03 16:00:22.470 W/[11330.366695@3]- RTW(    0): fill_default_txdesc(wlan0): SP Packet(0x0806) rate=0x4 SeqNum = 769
07-03 16:00:22.534 W/[11330.431419@1]- RTW(    0): Turbo EDCA =0x5ea42b
07-03 16:00:22.723 D/INSETS  ( 3835): else - Package Name ::  left : 0 right :: 0 top :: 0 bottom :: 0 dfu-right :: 1920 dfu-bottom :: 1080
07-03 16:00:23.270 W/[11331.167870@3]- RTW(    0): fill_default_txdesc(wlan0): SP Packet(0x0806) rate=0x4 SeqNum = 779
07-03 16:00:24.306 I/[11332.203346@0]- resman(    0): 40 appname:OMX-35, type=0
07-03 16:00:24.327 D/AutofillManagerService( 3835): onBackKeyPressed()
07-03 16:00:24.350 E/[11332.248640@0]- ion_import_dma_buf(    0): can not import dmabuf from another exporter
07-03 16:00:24.354 E/[11332.249951@0]- ion_import_dma_buf(    0): can not import dmabuf from another exporter
07-03 16:00:24.356 E/[11332.254224@2]- ion_import_dma_buf(    0): can not import dmabuf from another exporter
07-03 16:00:24.356 E/[11332.255276@2]- ion_import_dma_buf(    0): can not import dmabuf from another exporter
07-03 16:00:24.360 E/[11332.257200@0]- ion_import_dma_buf(    0): can not import dmabuf from another exporter
07-03 16:00:24.360 E/[11332.257902@2]- ion_import_dma_buf(    0): can not import dmabuf from another exporter
07-03 16:00:24.360 E/[11332.259860@2]- ion_import_dma_buf(    0): can not import dmabuf from another exporter
07-03 16:00:24.362 E/[11332.261051@1]- ion_import_dma_buf(    0): can not import dmabuf from another exporter
07-03 16:00:24.363 E/[11332.262857@0]- ion_import_dma_buf(    0): can not import dmabuf from another exporter
07-03 16:00:24.366 E/[11332.264144@0]- ion_import_dma_buf(    0): can not import dmabuf from another exporter
07-03 16:00:24.369 E/[11332.267027@0]- ion_import_dma_buf(    0): can not import dmabuf from another exporter
07-03 16:00:24.370 E/[11332.269761@1]- ion_import_dma_buf(    0): can not import dmabuf from another exporter
07-03 16:00:24.374 E/[11332.273921@1]- ion_import_dma_buf(    0): can not import dmabuf from another exporter
07-03 16:00:24.392 E/[11332.274903@0]- ion_import_dma_buf(    0): can not import dmabuf from another exporter
07-03 16:00:24.392 E/[11332.279847@2]- ion_import_dma_buf(    0): can not import dmabuf from another exporter
07-03 16:00:24.394 E/[11332.280660@1]- ion_import_dma_buf(    0): can not import dmabuf from another exporter
07-03 16:00:24.394 I/[11332.283251@2]- 00000000c17b3c17(    0): alloc space for storing ion_id
07-03 16:00:24.395 I/[11332.283267@2]- 00000000c17b3c17(    0): allocated ion_id:0
07-03 16:00:24.395 I/[11332.283434@2]- resman(    0): 40 acquire [codec_mm], preempt yes
07-03 16:00:24.395 I/[11332.283442@2]- resman(    0): 40 score 60 secure no
07-03 16:00:24.395 I/[11332.283447@2]- resman(    0): 40 acquire [codec_mm] success
07-03 16:00:24.395 D/        (    0): [11332.283477@2]- the demux           clock on, ref cnt: 2
07-03 16:00:24.395 D/        (    0): [11332.283482@2]- the parser_top      clock on, ref cnt: 2
07-03 16:00:24.395 D/        (    0): [11332.283493@2]- the vdec            clock on, ref cnt: 1
07-03 16:00:24.395 D/        (    0): [11332.283516@2]- the clk_hevc_mux    clock on, ref cnt: 1
07-03 16:00:24.395 D/        (    0): [11332.283521@2]- the clk_hevcb_mux   clock on, ref cnt: 1
07-03 16:00:24.405 D/        (    0): [11332.283554@2]- hevc mux clock is 499999992 Hz
07-03 16:00:24.405 D/        (    0): [11332.283570@2]- hevc back mux clock is 499999992 Hz
07-03 16:00:24.405 D/        (    0): [11332.283696@2]- vdec_create instance 0000000092038f57, total 1, PM: legacy
07-03 16:00:24.405 D/        (    0): [11332.283728@2]- no drmmode
07-03 16:00:24.405 I/        (    0): [11332.283750@2]- is_reset=0
07-03 16:00:24.405 I/        (    0): [11332.283777@2]- vdec_init, dev_name:ammvdec_h265, vdec_type=VDEC_TYPE_FRAME_BLOCK  id = 0
07-03 16:00:24.405 D/[11332.284799@2]- [0]pdata->config=hevc_buf_width(    0): 1920;hevc_buf_height:1088;hevc_buf_margin:0;hevc_double_write_mode:16;save_buffer_mode:0;
07-03 16:00:24.405 D/        (    0): [11332.284832@2]- decoder_bmmu_box_alloc_box, tvp_flags = 0
07-03 16:00:24.405 D/        (    0): [11332.291278@0]- [0]dynamic_buf_num_margin=9
07-03 16:00:24.405 D/        (    0): [11332.291285@0]- [0]double_write_mode=16
07-03 16:00:24.405 D/[11332.291296@0]- [0]h265(    0): pts_unstable=0
07-03 16:00:24.405 D/[11332.291301@0]- [0]h265(    0): ver (201602101,0) decinfo: 0x0 rate=3600
07-03 16:00:24.405 I/        (    0): [11332.293497@1]- [TEE], the fw (hevc_mmu) will be loaded.
07-03 16:00:24.405 D/        (    0): [11332.293544@1]- hevc mux clock is 666666656 Hz
07-03 16:00:24.406 D/        (    0): [11332.293560@1]- hevc back mux clock is 666666656 Hz
07-03 16:00:24.406 D/        (    0): [11332.293609@1]- hevc video changed to 3840 x 2160 60 fps clk->667MHZ
07-03 16:00:24.406 D/        (    0): [11332.293670@1]- vfm map vdec-map-0 created
07-03 16:00:24.406 I/[11332.293690@1]- reg(    0): ionvideo
07-03 16:00:24.406 D/        (    0): [11332.293696@1]- vdec_init, vf_provider_name = vdec.h265.00, b 0
07-03 16:00:24.406 I/        (    0): [11332.301121@2]- vdec->port_flag=0x102, port_flag=0x10b
07-03 16:00:24.406 D/[11332.304327@2]- ionvid(    0): dbg: ionvideo open
07-03 16:00:24.406 D/[11332.304350@2]- ionvid(    0): dbg: ionvideo: set freerun mode
07-03 16:00:24.490 E/        (    0): [11332.390426@0]- mmu box NULL !!!
07-03 16:00:24.490 D/        (    0): [11332.390441@0]- [0]vh265 cached=0  need_size=6144 speed= 104 ms
07-03 16:00:24.497 D/        (    0): [11332.391120@1]- [0]hevc->performance_profile 0
07-03 16:00:24.497 D/        (    0): [11332.391135@1]- [0]set pic_list_init_flag 1
07-03 16:00:24.524 D/INSETS  ( 3835): else - Package Name ::  left : 0 right :: 0 top :: 0 bottom :: 0 dfu-right :: 1920 dfu-bottom :: 1080
07-03 16:00:24.534 D/        (    0): [11332.434777@3]- [0]init_buf_spec2 1920 1080
07-03 16:00:24.535 D/        (    0): [11332.434785@3]- [0]set pic_list_init_flag to 2
07-03 16:00:24.535 D/        (    0): [11332.434819@0]- [0]set pic_list_init_flag to 3
07-03 16:00:24.535 D/        (    0): [11332.434824@0]- [vdec_kpi][vh265_isr_thread_fn] First I frame coming.
07-03 16:00:24.545 D/[11332.438853@0]- [0]VH265(    0): output first frame
07-03 16:00:24.545 D/        (    0): [11332.438875@0]- [vdec_kpi][post_video_frame] First I frame decoded.
07-03 16:00:24.553 W/[11332.447295@1]- RTW(    0): Turbo EDCA =0x431c
07-03 16:00:24.578 D/        (    0): [11332.471119@0]- cal_dur_from_pts vstatus 3840 dur3600 -> 3840, revised 3840
07-03 16:00:24.578 I/[11332.475794@0]- vframe_rate_uevent(    0): sent uevent FRAME_RATE_HINT=3840
07-03 16:00:24.603 I/        (    0): [11332.501592@1]- is_reset=1
07-03 16:00:24.603 I/[11332.501898@1]- vframe_rate_uevent(    0): sent uevent FRAME_RATE_HINT=0
07-03 16:00:24.603 I/[11332.502640@1]- unreg(    0): ionvideo
07-03 16:00:24.603 D/        (    0): [11332.502667@1]- vdec_disable_DMC input->target= 0x1
07-03 16:00:24.603 D/INSETS  ( 3835): else - Package Name ::  left : 0 right :: 0 top :: 0 bottom :: 0 dfu-right :: 1920 dfu-bottom :: 1080
07-03 16:00:24.621 D/        (    0): [11332.506157@2]- vdec_release instance 0000000092038f57, total 1 id = 0
07-03 16:00:24.623 D/        (    0): [11332.506325@2]- the clk_hevc_mux    clock off, ref cnt: 0
07-03 16:00:24.623 D/        (    0): [11332.506332@2]- the clk_hevcb_mux   clock off, ref cnt: 0
07-03 16:00:24.623 D/        (    0): [11332.506341@2]- the vdec            clock off, ref cnt: 0
07-03 16:00:24.623 D/        (    0): [11332.506345@2]- the parser_top      clock off, ref cnt: 1
07-03 16:00:24.623 D/        (    0): [11332.506349@2]- the demux           clock off, ref cnt: 1
07-03 16:00:24.623 D/        (    0): [11332.506476@2]- the demux           clock on, ref cnt: 2
07-03 16:00:24.623 D/        (    0): [11332.506483@2]- the parser_top      clock on, ref cnt: 2
07-03 16:00:24.623 D/        (    0): [11332.506491@2]- the vdec            clock on, ref cnt: 1
07-03 16:00:24.623 D/        (    0): [11332.506512@2]- the clk_hevc_mux    clock on, ref cnt: 1
07-03 16:00:24.623 D/        (    0): [11332.506517@2]- the clk_hevcb_mux   clock on, ref cnt: 1
07-03 16:00:24.623 D/        (    0): [11332.506618@2]- hevc mux clock is 499999992 Hz
07-03 16:00:24.623 D/        (    0): [11332.506638@2]- hevc back mux clock is 499999992 Hz
07-03 16:00:24.623 D/        (    0): [11332.506722@2]- vdec_create instance 000000008cacc0c6, total 1, PM: legacy
07-03 16:00:24.623 D/        (    0): [11332.506767@2]- no drmmode
07-03 16:00:24.623 I/        (    0): [11332.506808@2]- is_reset=1
07-03 16:00:24.623 I/        (    0): [11332.506836@2]- vdec_init, dev_name:ammvdec_h265, vdec_type=VDEC_TYPE_FRAME_BLOCK  id = 0
07-03 16:00:24.623 D/[11332.507572@2]- [0]pdata->config=hevc_buf_width(    0): 1920;hevc_buf_height:1088;hevc_buf_margin:0;hevc_double_write_mode:16;save_buffer_mode:0;
07-03 16:00:24.623 D/        (    0): [11332.507606@2]- decoder_bmmu_box_alloc_box, tvp_flags = 0
07-03 16:00:24.623 D/        (    0): [11332.511174@1]- [0]dynamic_buf_num_margin=9
07-03 16:00:24.623 D/        (    0): [11332.511183@1]- [0]double_write_mode=16
07-03 16:00:24.623 D/[11332.511193@1]- [0]h265(    0): pts_unstable=0
07-03 16:00:24.623 D/[11332.511199@1]- [0]h265(    0): ver (201602101,0) decinfo: 0x0 rate=3600
07-03 16:00:24.623 I/        (    0): [11332.513893@1]- [TEE], the fw (hevc_mmu) will be loaded.
07-03 16:00:24.623 D/        (    0): [11332.513939@1]- hevc mux clock is 666666656 Hz
07-03 16:00:24.623 D/        (    0): [11332.513954@1]- hevc back mux clock is 666666656 Hz
07-03 16:00:24.623 D/        (    0): [11332.513959@1]- hevc video changed to 3840 x 2160 60 fps clk->667MHZ
07-03 16:00:24.623 D/        (    0): [11332.514004@1]- vfm map vdec-map-0 created
07-03 16:00:24.623 I/[11332.514022@1]- reg(    0): ionvideo
07-03 16:00:24.623 D/        (    0): [11332.514028@1]- vdec_init, vf_provider_name = vdec.h265.00, b 0
07-03 16:00:24.623 I/        (    0): [11332.515286@1]- vdec->port_flag=0x102, port_flag=0x10b
07-03 16:00:24.623 I/        (    0): [11332.516343@1]- is_reset=0
07-03 16:00:24.643 I/        (    0): [11332.539362@1]- is_reset=1
07-03 16:00:24.643 I/[11332.540064@1]- vframe_rate_uevent(    0): sent uevent FRAME_RATE_HINT=0
07-03 16:00:24.654 I/[11332.550618@1]- unreg(    0): ionvideo
07-03 16:00:24.654 D/        (    0): [11332.550644@1]- vdec_disable_DMC input->target= 0x1
07-03 16:00:24.654 D/        (    0): [11332.551140@1]- vdec_release instance 000000008cacc0c6, total 1 id = 0
07-03 16:00:24.654 D/        (    0): [11332.551298@1]- the clk_hevc_mux    clock off, ref cnt: 0
07-03 16:00:24.654 D/        (    0): [11332.551305@1]- the clk_hevcb_mux   clock off, ref cnt: 0
07-03 16:00:24.654 D/        (    0): [11332.551314@1]- the vdec            clock off, ref cnt: 0
07-03 16:00:24.654 D/        (    0): [11332.551318@1]- the parser_top      clock off, ref cnt: 1
07-03 16:00:24.654 D/        (    0): [11332.551322@1]- the demux           clock off, ref cnt: 1
07-03 16:00:24.654 D/        (    0): [11332.551386@1]- the demux           clock on, ref cnt: 2
07-03 16:00:24.654 D/        (    0): [11332.551391@1]- the parser_top      clock on, ref cnt: 2
07-03 16:00:24.654 D/        (    0): [11332.551397@1]- the vdec            clock on, ref cnt: 1
07-03 16:00:24.654 D/        (    0): [11332.551416@1]- the clk_hevc_mux    clock on, ref cnt: 1
07-03 16:00:24.654 D/        (    0): [11332.551421@1]- the clk_hevcb_mux   clock on, ref cnt: 1
07-03 16:00:24.654 D/        (    0): [11332.551452@1]- hevc mux clock is 499999992 Hz
07-03 16:00:24.654 D/        (    0): [11332.551467@1]- hevc back mux clock is 499999992 Hz
07-03 16:00:24.654 D/        (    0): [11332.551555@1]- vdec_create instance 00000000a4bc523b, total 1, PM: legacy
07-03 16:00:24.654 D/        (    0): [11332.551590@1]- no drmmode
07-03 16:00:24.654 I/        (    0): [11332.551612@1]- is_reset=1
07-03 16:00:24.655 I/        (    0): [11332.551637@1]- vdec_init, dev_name:ammvdec_h265, vdec_type=VDEC_TYPE_FRAME_BLOCK  id = 0
07-03 16:00:24.655 D/[11332.552640@1]- [0]pdata->config=hevc_buf_width(    0): 1920;hevc_buf_height:1088;hevc_buf_margin:0;hevc_double_write_mode:16;save_buffer_mode:0;
07-03 16:00:24.655 D/        (    0): [11332.552674@1]- decoder_bmmu_box_alloc_box, tvp_flags = 0
07-03 16:00:24.658 D/        (    0): [11332.555385@1]- [0]dynamic_buf_num_margin=9
07-03 16:00:24.672 D/        (    0): [11332.555394@1]- [0]double_write_mode=16
07-03 16:00:24.672 D/[11332.555403@1]- [0]h265(    0): pts_unstable=0
07-03 16:00:24.672 D/[11332.555409@1]- [0]h265(    0): ver (201602101,0) decinfo: 0x0 rate=3600
07-03 16:00:24.672 I/        (    0): [11332.556346@1]- [TEE], the fw (hevc_mmu) will be loaded.
07-03 16:00:24.672 D/        (    0): [11332.556394@1]- hevc mux clock is 666666656 Hz
07-03 16:00:24.672 D/        (    0): [11332.556410@1]- hevc back mux clock is 666666656 Hz
07-03 16:00:24.672 D/        (    0): [11332.556415@1]- hevc video changed to 3840 x 2160 60 fps clk->667MHZ
07-03 16:00:24.672 D/        (    0): [11332.556462@1]- vfm map vdec-map-0 created
07-03 16:00:24.672 I/[11332.556481@1]- reg(    0): ionvideo
07-03 16:00:24.672 D/        (    0): [11332.556486@1]- vdec_init, vf_provider_name = vdec.h265.00, b 0
07-03 16:00:24.672 I/        (    0): [11332.557233@1]- vdec->port_flag=0x102, port_flag=0x10b
07-03 16:00:24.672 I/        (    0): [11332.557366@1]- is_reset=0
07-03 16:00:24.673 I/[11332.568331@2]- vframe_rate_uevent(    0): sent uevent FRAME_RATE_HINT=0
07-03 16:00:24.677 I/[11332.575379@3]- unreg(    0): ionvideo
07-03 16:00:24.677 D/        (    0): [11332.575429@3]- vdec_disable_DMC input->target= 0x1
07-03 16:00:24.677 D/        (    0): [11332.575996@1]- vdec_release instance 00000000a4bc523b, total 1 id = 0
07-03 16:00:24.677 D/        (    0): [11332.576151@1]- the clk_hevc_mux    clock off, ref cnt: 0
07-03 16:00:24.677 D/        (    0): [11332.576157@1]- the clk_hevcb_mux   clock off, ref cnt: 0
07-03 16:00:24.677 D/        (    0): [11332.576166@1]- the vdec            clock off, ref cnt: 0
07-03 16:00:24.677 D/        (    0): [11332.576170@1]- the parser_top      clock off, ref cnt: 1
07-03 16:00:24.677 D/        (    0): [11332.576174@1]- the demux           clock off, ref cnt: 1
07-03 16:00:24.677 I/[11332.576207@1]- 00000000c17b3c17(    0): free ion_id:0, priv_data:0
07-03 16:00:24.677 D/        (    0): [11332.576211@1]d ionvideo_release_map 0 OK
07-03 16:00:24.690 D/[11332.586678@1]- ionvid(    0): dbg: vidioc_close!!!!
07-03 16:00:24.690 D/[11332.586708@1]- ionvid(    0): dbg: vidioc_close
07-03 16:00:24.690 I/[11332.587788@1]- resman(    0): 40 release [codec_mm]
07-03 16:00:25.167 D/AutofillManagerService( 3835): onBackKeyPressed()
07-03 16:00:25.310 I/UsageStatsService( 3835): User[0] Flushing usage stats to disk
07-03 16:00:25.769 D/AutofillManagerService( 3835): onBackKeyPressed()
07-03 16:00:25.826 V/ActivityTaskManager( 3835): Old State : RESUMED Updated state : PAUSING Activity : ComponentInfo{in.startv.hotstar/com.hotstar.MainActivity}
07-03 16:00:25.826 V/ActivityTaskManager( 3835): Sending Broadcast : Intent { act=com.jio.remote.action.applaunch flg=0x40000000 pkg=com.jio.remote.btserver (has extras) }
07-03 16:00:25.867 V/ActivityTaskManager( 3835): Old State : PAUSING Updated state : PAUSED Activity : ComponentInfo{in.startv.hotstar/com.hotstar.MainActivity}
07-03 16:00:25.867 V/ActivityTaskManager( 3835): Sending Broadcast : Intent { act=com.jio.remote.action.applaunch flg=0x40000000 pkg=com.jio.remote.btserver (has extras) }
07-03 16:00:25.875 V/ActivityTaskManager( 3835): Old State : PAUSED Updated state : STOPPING Activity : ComponentInfo{in.startv.hotstar/com.hotstar.MainActivity}
07-03 16:00:25.877 V/ActivityTaskManager( 3835): Sending Broadcast : Intent { act=com.jio.remote.action.applaunch flg=0x40000000 pkg=com.jio.remote.btserver (has extras) }
07-03 16:00:25.880 V/ActivityTaskManager( 3835): Old State : STOPPED Updated state : RESUMED Activity : ComponentInfo{com.iwedia.ui.rjio.launcher.reliance/com.iwedia.ui.rjio.launcher.ui.intro.IntroActivity}
07-03 16:00:25.880 V/ActivityTaskManager( 3835): Sending Broadcast : Intent { act=com.jio.remote.action.applaunch flg=0x40000000 pkg=com.jio.remote.btserver (has extras) }
07-03 16:00:25.907 D/INSETS  ( 3835): else - Package Name ::  left : 0 right :: 0 top :: 0 bottom :: 0 dfu-right :: 1920 dfu-bottom :: 1080
07-03 16:00:26.010 W/ActivityManager( 3835): Receiver with filter android.content.IntentFilter@34c28c1 already registered for pid 5095, callerPackage is com.iwedia.ui.rjio.launcher.reliance
07-03 16:00:26.116 D/INSETS  ( 3835): else - Package Name ::  left : 0 right :: 0 top :: 0 bottom :: 0 dfu-right :: 1920 dfu-bottom :: 1080
07-03 16:00:26.311 D/INSETS  ( 3835): else - Package Name ::  left : 0 right :: 0 top :: 0 bottom :: 0 dfu-right :: 1920 dfu-bottom :: 1080
07-03 16:00:26.329 D/INSETS  ( 3835): else - Package Name ::  left : 0 right :: 0 top :: 0 bottom :: 0 dfu-right :: 1920 dfu-bottom :: 1080
07-03 16:00:26.357 D/INSETS  ( 3835): else - Package Name ::  left : 0 right :: 0 top :: 0 bottom :: 0 dfu-right :: 1920 dfu-bottom :: 1080
07-03 16:00:26.363 D/INSETS  ( 3835): else - Package Name ::  left : 0 right :: 0 top :: 0 bottom :: 0 dfu-right :: 1920 dfu-bottom :: 1080
07-03 16:00:26.399 V/ActivityTaskManager( 3835): Old State : STOPPING Updated state : FINISHING Activity : ComponentInfo{in.startv.hotstar/com.hotstar.MainActivity}
07-03 16:00:26.399 V/ActivityTaskManager( 3835): Sending Broadcast : Intent { act=com.jio.remote.action.applaunch flg=0x40000000 pkg=com.jio.remote.btserver (has extras) }
07-03 16:00:26.402 I/ActivityManager( 3835): Killing 6667:com.jio.bioscopecontentservice/u0a9 (adj 999): empty for 11276s
07-03 16:00:26.407 V/ActivityTaskManager( 3835): Old State : FINISHING Updated state : DESTROYING Activity : ComponentInfo{in.startv.hotstar/com.hotstar.MainActivity}
07-03 16:00:26.407 V/ActivityTaskManager( 3835): Sending Broadcast : Intent { act=com.jio.remote.action.applaunch flg=0x40000000 pkg=com.jio.remote.btserver (has extras) }
07-03 16:00:26.659 D/INSETS  ( 3835): else - Package Name ::  left : 0 right :: 0 top :: 0 bottom :: 0 dfu-right :: 1920 dfu-bottom :: 1080
07-03 16:00:26.665 V/ActivityTaskManager( 3835): Old State : DESTROYING Updated state : DESTROYED Activity : ComponentInfo{in.startv.hotstar/com.hotstar.MainActivity}
07-03 16:00:26.665 V/ActivityTaskManager( 3835): Sending Broadcast : Intent { act=com.jio.remote.action.applaunch flg=0x40000000 pkg=com.jio.remote.btserver (has extras) }
07-03 16:00:28.330 W/[11336.230264@3]- audit(    0): audit_lost=4460 audit_rate_limit=5 audit_backlog_limit=64
07-03 16:00:28.330 E/[11336.230277@3]- audit(    0): rate limit exceeded
07-03 16:00:28.350 W/[11336.248686@3]- RTW(    0): fill_default_txdesc(wlan0): SP Packet(0x0806) rate=0x4 SeqNum = 1399
07-03 16:00:28.582 W/[11336.479125@1]- RTW(    0): Turbo EDCA =0x5ea42b
07-03 16:00:29.711 E/TaskPersister( 3835): File error accessing recents directory (directory doesn't exist?).
