07-03 10:34:04.445 D/[  122.362899@1]- [0]pdata->config=hevc_buf_width(    0): 1920;hevc_buf_height:1088;hevc_buf_margin:0;hevc_double_write_mode:16;save_buffer_mode:0;
07-03 10:34:04.445 D/        (    0): [  122.362933@1]- decoder_bmmu_box_alloc_box, tvp_flags = 0
07-03 10:34:04.445 D/        (    0): [  122.363525@3]- [0]dynamic_buf_num_margin=9
07-03 10:34:04.445 D/        (    0): [  122.363533@3]- [0]double_write_mode=16
07-03 10:34:04.445 D/[  122.363543@3]- [0]h265(    0): pts_unstable=0
07-03 10:34:04.445 D/[  122.363548@3]- [0]h265(    0): ver (201602101,0) decinfo: 0x0 rate=3600
07-03 10:34:04.445 I/        (    0): [  122.364429@3]- [TEE], the fw (hevc_mmu) will be loaded.
07-03 10:34:04.445 D/        (    0): [  122.364475@3]- hevc mux clock is 666666656 Hz
07-03 10:34:04.445 D/        (    0): [  122.364490@3]- hevc back mux clock is 666666656 Hz
07-03 10:34:04.445 D/        (    0): [  122.364496@3]- hevc video changed to 3840 x 2160 60 fps clk->667MHZ
07-03 10:34:04.445 D/        (    0): [  122.364539@3]- vfm map vdec-map-0 created
07-03 10:34:04.445 I/[  122.364558@3]- reg(    0): ionvideo
07-03 10:34:04.445 D/        (    0): [  122.364563@3]- vdec_init, vf_provider_name = vdec.h265.00, b 0
07-03 10:34:04.445 I/        (    0): [  122.365275@3]- vdec->port_flag=0x102, port_flag=0x10b
07-03 10:34:04.445 I/        (    0): [  122.365391@3]- is_reset=0
07-03 10:34:04.496 I/        (    0): [  122.424732@0]- is_reset=1
07-03 10:34:04.496 I/[  122.425175@0]- vframe_rate_uevent(    0): sent uevent FRAME_RATE_HINT=0
07-03 10:34:04.507 I/[  122.433755@3]- unreg(    0): ionvideo
07-03 10:34:04.507 D/        (    0): [  122.433783@3]- vdec_disable_DMC input->target= 0x1
07-03 10:34:04.507 D/        (    0): [  122.434512@1]- vdec_release instance 00000000a66ed323, total 1 id = 0
07-03 10:34:04.507 D/        (    0): [  122.434671@1]- the clk_hevc_mux    clock off, ref cnt: 0
07-03 10:34:04.507 D/        (    0): [  122.434677@1]- the clk_hevcb_mux   clock off, ref cnt: 0
07-03 10:34:04.507 D/        (    0): [  122.434686@1]- the vdec            clock off, ref cnt: 0
07-03 10:34:04.507 D/        (    0): [  122.434690@1]- the parser_top      clock off, ref cnt: 1
07-03 10:34:04.507 D/        (    0): [  122.434694@1]- the demux           clock off, ref cnt: 1
07-03 10:34:04.507 D/        (    0): [  122.434755@1]- the demux           clock on, ref cnt: 2
07-03 10:34:04.507 D/        (    0): [  122.434760@1]- the parser_top      clock on, ref cnt: 2
07-03 10:34:04.507 D/        (    0): [  122.434766@1]- the vdec            clock on, ref cnt: 1
07-03 10:34:04.507 D/        (    0): [  122.434785@1]- the clk_hevc_mux    clock on, ref cnt: 1
07-03 10:34:04.507 D/        (    0): [  122.434789@1]- the clk_hevcb_mux   clock on, ref cnt: 1
07-03 10:34:04.507 D/        (    0): [  122.434821@1]- hevc mux clock is 499999992 Hz
07-03 10:34:04.507 D/        (    0): [  122.434836@1]- hevc back mux clock is 499999992 Hz
07-03 10:34:04.507 D/        (    0): [  122.434965@1]- vdec_create instance 0000000050200e87, total 1, PM: legacy
07-03 10:34:04.507 D/        (    0): [  122.435003@1]- no drmmode
07-03 10:34:04.507 I/        (    0): [  122.435040@1]- is_reset=1
07-03 10:34:04.507 I/        (    0): [  122.435067@1]- vdec_init, dev_name:ammvdec_h265, vdec_type=VDEC_TYPE_FRAME_BLOCK  id = 0
07-03 10:34:04.507 D/[  122.436007@1]- [0]pdata->config=hevc_buf_width(    0): 1920;hevc_buf_height:1088;hevc_buf_margin:0;hevc_double_write_mode:16;save_buffer_mode:0;
07-03 10:34:04.507 D/        (    0): [  122.436040@1]- decoder_bmmu_box_alloc_box, tvp_flags = 0
07-03 10:34:04.513 D/        (    0): [  122.441304@1]- [0]dynamic_buf_num_margin=9
07-03 10:34:04.513 D/        (    0): [  122.441313@1]- [0]double_write_mode=16
07-03 10:34:04.513 D/[  122.441322@1]- [0]h265(    0): pts_unstable=0
07-03 10:34:04.513 D/[  122.441328@1]- [0]h265(    0): ver (201602101,0) decinfo: 0x0 rate=3600
07-03 10:34:04.513 I/        (    0): [  122.441847@1]- [TEE], the fw (hevc_mmu) will be loaded.
07-03 10:34:04.513 D/        (    0): [  122.441893@1]- hevc mux clock is 666666656 Hz
07-03 10:34:04.513 D/        (    0): [  122.441909@1]- hevc back mux clock is 666666656 Hz
07-03 10:34:04.513 D/        (    0): [  122.441915@1]- hevc video changed to 3840 x 2160 60 fps clk->667MHZ
07-03 10:34:04.513 D/        (    0): [  122.441959@1]- vfm map vdec-map-0 created
07-03 10:34:04.513 I/[  122.441977@1]- reg(    0): ionvideo
07-03 10:34:04.513 D/        (    0): [  122.441982@1]- vdec_init, vf_provider_name = vdec.h265.00, b 0
07-03 10:34:04.513 I/        (    0): [  122.442751@1]- vdec->port_flag=0x102, port_flag=0x10b
07-03 10:34:04.513 I/        (    0): [  122.442865@1]- is_reset=0
07-03 10:34:04.535 I/[  122.458772@0]- vframe_rate_uevent(    0): sent uevent FRAME_RATE_HINT=0
07-03 10:34:04.535 I/[  122.462188@1]- unreg(    0): ionvideo
07-03 10:34:04.535 D/        (    0): [  122.462213@1]- vdec_disable_DMC input->target= 0x1
07-03 10:34:04.537 D/        (    0): [  122.462662@3]- vdec_release instance 0000000050200e87, total 1 id = 0
07-03 10:34:04.538 D/        (    0): [  122.462817@3]- the clk_hevc_mux    clock off, ref cnt: 0
07-03 10:34:04.538 D/        (    0): [  122.462824@3]- the clk_hevcb_mux   clock off, ref cnt: 0
07-03 10:34:04.538 D/        (    0): [  122.462833@3]- the vdec            clock off, ref cnt: 0
07-03 10:34:04.538 D/        (    0): [  122.462836@3]- the parser_top      clock off, ref cnt: 1
07-03 10:34:04.538 D/        (    0): [  122.462840@3]- the demux           clock off, ref cnt: 1
07-03 10:34:04.538 I/[  122.462877@3]- 000000008cb3fc63(    0): free ion_id:0, priv_data:0
07-03 10:34:04.538 D/        (    0): [  122.462881@3]d ionvideo_release_map 0 OK
07-03 10:34:04.545 D/[  122.473740@0]- ionvid(    0): dbg: vidioc_close!!!!
07-03 10:34:04.551 D/[  122.473758@0]- ionvid(    0): dbg: vidioc_close
07-03 10:34:04.552 I/[  122.475936@0]- resman(    0): 25 release [codec_mm]
07-03 10:34:04.861 D/INSETS  ( 3842): else - Package Name ::  left : 0 right :: 0 top :: 0 bottom :: 0 dfu-right :: 1920 dfu-bottom :: 1080
07-03 10:34:04.991 D/ConnectivityService( 3842): requestNetwork for uid/pid:10066/9571 NetworkRequest [ TRACK_DEFAULT id=24, [ Capabilities: INTERNET&NOT_RESTRICTED&TRUSTED Uid: 10066 AdministratorUids: [] RequestorUid: 10066 RequestorPackageName: in.startv.hotstar] ]
07-03 10:34:04.992 D/ConnectivityService( 3842): NetReassign [24 : null  100]
07-03 10:34:06.225 D/CompatibilityChangeReporter( 3842): Compat change id reported: 135634846; UID 10012; state: DISABLED
07-03 10:34:06.225 D/CompatibilityChangeReporter( 3842): Compat change id reported: 143937733; UID 10012; state: ENABLED
07-03 10:34:06.716 W/[  124.642777@1]- RTW(    0): fill_default_txdesc(wlan0): SP Packet(0x0806) rate=0x4 SeqNum = 300
07-03 10:34:06.922 W/ActivityManager( 3842): Slow operation: 698ms so far, now at startProcess: returned from zygote!
07-03 10:34:06.923 W/ActivityManager( 3842): Slow operation: 699ms so far, now at startProcess: done updating battery stats
07-03 10:34:06.923 W/ActivityManager( 3842): Slow operation: 699ms so far, now at startProcess: building log message
07-03 10:34:06.923 I/ActivityManager( 3842): Start proc 10050:com.jio.stb.catv/u0a12 for service {com.jio.stb.catv/com.jio.stb.catv.livetvlib.service.LiveTVLibService}
07-03 10:34:06.923 W/ActivityManager( 3842): Slow operation: 699ms so far, now at startProcess: starting to update pids map
07-03 10:34:06.925 W/ActivityManager( 3842): Slow operation: 701ms so far, now at startProcess: done updating pids map
07-03 10:34:06.941 I/UsageStatsService( 3842): User[0] Flushing usage stats to disk
07-03 10:34:07.251 W/ActivityManager( 3842): Slow operation: 188ms so far, now at attachApplicationLocked: after mServices.attachApplicationLocked
07-03 10:34:07.270 W/Looper  ( 3842): Slow dispatch took 203ms main h=com.android.providers.settings.SettingsProvider$SettingsRegistry$MyHandler c=null m=1
07-03 10:34:07.270 W/Looper  ( 3842): Slow delivery took 203ms main h=com.android.providers.settings.SettingsProvider$SettingsRegistry$MyHandler c=null m=2
07-03 10:34:07.272 W/Looper  ( 3842): Drained
07-03 10:34:07.301 D/INSETS  ( 3842): else - Package Name ::  left : 0 right :: 0 top :: 0 bottom :: 0 dfu-right :: 1920 dfu-bottom :: 1080
07-03 10:34:07.915 D/ConnectivityService( 3842): requestNetwork for uid/pid:10012/10050 NetworkRequest [ REQUEST id=25, [ Transports: CELLULAR|WIFI|ETHERNET Capabilities: INTERNET&NOT_RESTRICTED&TRUSTED&NOT_VPN Uid: 10012 AdministratorUids: [] RequestorUid: 10012 RequestorPackageName: com.jio.stb.catv] ]
07-03 10:34:07.916 D/ConnectivityService( 3842): NetReassign [25 : null  100]
07-03 10:34:07.955 W/[  125.884350@1]- RTW(    0): Turbo EDCA =0x5ea42b
07-03 10:34:09.137 D/CompatibilityChangeReporter( 3842): Compat change id reported: 135634846; UID 10012; state: DISABLED
07-03 10:34:09.137 D/CompatibilityChangeReporter( 3842): Compat change id reported: 143937733; UID 10012; state: ENABLED
07-03 10:34:09.165 I/ActivityManager( 3842): Start proc 10139:com.android.webview:sandboxed_process0:org.chromium.content.app.SandboxedProcessService0:0/u0i2 for  {com.jio.stb.catv/org.chromium.content.app.SandboxedProcessService0:0}
07-03 10:34:09.973 W/[  127.899024@0]- RTW(    0): Turbo EDCA =0x431c
07-03 10:34:10.260 W/[  128.186207@0]- RTW(    0): cfg80211_rtw_scan(wlan0)
07-03 10:34:10.260 W/[  128.186223@0]- RTW(    0): WARN cfg80211_rtw_scan (wlan0) : scan abort!! BusyTraffic
07-03 10:34:10.332 W/[  128.260597@0]- healthd(    0): battery l=100 v=4 t=0.0 h=2 st=2 c=1100 fc=10000000 chg=u
07-03 10:34:10.422 W/ContextImpl( 4897): Calling a method in the system process without a qualified user: android.app.ContextImpl.sendBroadcast:1126 android.content.ContextWrapper.sendBroadcast:473 insight.tr069.client.tr181.Device.JioSTB.ACS.onSetSTUNError:47 insight.tr069.client.tr181.helpers.STUNClient.<init>:141 insight.tr069.client.tr181.TR181Monitor$1.run:273 
07-03 10:34:11.952 W/[  129.878265@0]s RTW(    0): fill_default_txdesc(wlan0): SP Packet(0x0806) rate=0x4 SeqNum = 2075
07-03 10:34:12.163 W/ContextImpl( 5812): Calling a method in the system process without a qualified user: android.app.ContextImpl.bindService:1748 android.content.ContextWrapper.bindService:756 com.jio.adc.core.b.d:56 com.jio.adc.core.b.b:13 com.jio.adc.core.b$c.run:7 
07-03 10:34:16.020 W/[  133.945931@0]- RTW(    0): Turbo EDCA =0x5ea42b
07-03 10:34:16.951 W/[  134.879215@3]- RTW(    0): fill_default_txdesc(wlan0): SP Packet(0x0806) rate=0x4 SeqNum = 3686
07-03 10:34:17.544 I/UsageStatsService( 3842): User[0] Flushing usage stats to disk
07-03 10:34:18.556 I/[  136.484190@0]- resman(    0): 26 appname:OMX-23, type=0
07-03 10:34:18.644 I/[  136.568637@3]- resman(    0): 26 acquire [codec_mm], preempt yes
07-03 10:34:18.644 I/[  136.568650@3]- resman(    0): 26 score 30 secure no
07-03 10:34:18.644 I/[  136.568654@3]- resman(    0): 26 acquire [codec_mm] success
07-03 10:34:18.644 D/        (    0): [  136.568715@3]- the demux           clock on, ref cnt: 2
07-03 10:34:18.644 D/        (    0): [  136.568720@3]- the parser_top      clock on, ref cnt: 2
07-03 10:34:18.644 D/        (    0): [  136.568730@3]- the vdec            clock on, ref cnt: 1
07-03 10:34:18.644 D/        (    0): [  136.568752@3]- the clk_vdec_mux    clock on, ref cnt: 1
07-03 10:34:18.644 D/        (    0): [  136.568782@3]- vdec mux clock is 499999992 Hz
07-03 10:34:18.644 D/        (    0): [  136.568891@3]- vdec_create instance 00000000efd84682, total 1, PM: legacy
07-03 10:34:18.644 D/        (    0): [  136.568929@3]- no drmmode
07-03 10:34:18.644 I/        (    0): [  136.568976@3]- is_reset=0
07-03 10:34:18.644 I/        (    0): [  136.569000@3]- vdec_init, dev_name:ammvdec_h264, vdec_type=VDEC_TYPE_FRAME_BLOCK  id = 0
07-03 10:34:18.644 D/        (    0): [  136.569890@3]- ammvdec_h264_mmu_init tvp = 0x0 mmu_enable 0
07-03 10:34:18.647 D/        (    0): [  136.569896@3]- decoder_bmmu_box_alloc_box, tvp_flags = 0
07-03 10:34:18.647 D/[  136.569915@3]- 0(    0): ammvdec_h264_probe mmu_enable 0 double_write_mode 0x10
07-03 10:34:18.647 D/[  136.572049@0]- 0(    0): ammvdec_h264 mem-addr=0,buff_offset=56c10000,buf_start=56c00000
07-03 10:34:18.653 D/        (    0): [  136.572090@0]- vdec mux clock is 666666656 Hz
07-03 10:34:18.653 D/        (    0): [  136.572095@0]- vdec1 video changed to 3840 x 2160 60 fps clk->667MHZ
07-03 10:34:18.653 W/        (    0): [  136.572101@0]- H264 sysinfo: 1280x720 duration=3840, pts_outside=1
07-03 10:34:18.653 D/        (    0): [  136.572105@0]- sync_outside=0, use_idr_framerate=0, is_used_v4l: 0
07-03 10:34:18.653 I/        (    0): [  136.572196@0]- [TEE], the fw (h264_multi) will be loaded.
07-03 10:34:18.653 D/        (    0): [  136.574186@3]- vh264_init, phy_addr=7446e000 vaddr=000000002b67372d
07-03 10:34:18.653 D/        (    0): [  136.574448@3]- vfm map vdec-map-0 created
07-03 10:34:18.653 I/[  136.574469@3]- dim(    0): ch[1]:di_receiver_event_fun,8:_REG
07-03 10:34:18.653 I/[  136.574474@3]- dim(    0): reg:vdec.h264.00[4]
07-03 10:34:18.653 I/[  136.575082@0]- dim(    0): reg:use[1]ms
07-03 10:34:18.653 E/[  136.575108@0]- reg(    0): v4lvideo
07-03 10:34:18.653 I/[  136.575117@0]- dim(    0): ch[1]:di_receiver_event_fun,3:_START
07-03 10:34:18.653 D/        (    0): [  136.575124@0]- vdec_init, vf_provider_name = vdec.h264.00, b 0
07-03 10:34:18.653 I/        (    0): [  136.580851@3]- vdec->port_flag=0x102, port_flag=0x10b
07-03 10:34:18.670 D/[  136.583661@3]- v4lvid(    0): dbg: v4lvideo open
07-03 10:34:18.751 D/[  136.678440@0]- 0(    0): AV_SCRATCH_1 = 840e1050, AV_SCRATCH_2 1a077
07-03 10:34:18.752 D/[  136.678496@0]- 0(    0): chroma_format_idc = 1 frame_mbs_only_flag 1, crop_bottom 0,  frame_height 720,
07-03 10:34:18.752 D/[  136.678501@0]- 0(    0): mb_height 45,crop_right 0, frame_width 1280, mb_width 80
07-03 10:34:18.752 D/[  136.678506@0]- 0(    0): level_idc = 40 pic_size = 1382400 size = 9
07-03 10:34:18.752 D/[  136.678511@0]- 0(    0): Warning: max_dec_frame_buffering(4) is less than DPB size(9) calculated from Profile/Level.
07-03 10:34:18.752 D/[  136.678516@0]- 0(    0): mb height/widht/total: 30/50/f00 level_idc 28 max_ref_num 4
07-03 10:34:18.752 D/[  136.678522@0]- 0(    0): restriction_flag=1, max_dec_frame_buffering=4, dec_dpb_size=6 num_reorder_frames 2 used_reorder_dpb_size_margin 9
07-03 10:34:18.752 D/[  136.678527@0]- 0(    0): vh264_set_params active_buf_spec_num 15 dec_dpb_size 6 collocate_buf_num 8
07-03 10:34:18.820 D/[  136.749447@0]- 0(    0): num_ref_frames change from 0 to 4
07-03 10:34:18.824 I/[  136.752913@2]- dim(    0): value reg:ch[1]:fix_buf:0;ponly <0,0>
07-03 10:34:18.824 I/[  136.752928@2]- dim(    0): 1280x720-0x9000.
07-03 10:34:18.825 I/[  136.753262@1]- v4lvideo(    0): provider name: vdec.h264.00
07-03 10:34:18.844 D/        (    0): [  136.766837@0]- cal_dur_from_pts vstatus 3840 dur3600 -> 3840, revised 3840
07-03 10:34:18.861 I/[  136.767124@0]- vframe_rate_uevent(    0): sent uevent FRAME_RATE_HINT=3840
07-03 10:34:18.869 I/[  136.798077@2]- VID(    0): VD1 off
07-03 10:34:18.878 I/[  136.799617@2]- vc(    0): [0]vc: set enable index=0, val=1
07-03 10:34:18.904 I/        (    0): [  136.799634@2]- dev->index =0, val=2
07-03 10:34:18.909 I/[  136.799638@2]- VID(    0): VD1 off
07-03 10:34:18.909 I/[  136.799646@2]- VID(    0): VD1 set global output as 1
07-03 10:34:18.909 I/[  136.799676@2]- VID(    0): store VD0 path_id changed -1->2
07-03 10:34:18.909 I/[  136.799703@2]- vc(    0): [0]sideband_type =-1
07-03 10:34:20.050 W/[  137.977883@0]- RTW(    0): Turbo EDCA =0x431c
07-03 10:34:21.078 W/[  139.006338@1]- RTW(    0): fill_default_txdesc(wlan0): SP Packet(0x0806) rate=0x4 SeqNum = 636
07-03 10:34:23.229 D/CompatibilityChangeReporter( 3842): Compat change id reported: 135634846; UID 10066; state: DISABLED
07-03 10:34:23.229 D/CompatibilityChangeReporter( 3842): Compat change id reported: 143937733; UID 10066; state: ENABLED
07-03 10:34:23.291 W/ActivityManager( 3842): Slow operation: 63ms so far, now at startProcess: returned from zygote!
07-03 10:34:23.294 W/ActivityManager( 3842): Slow operation: 66ms so far, now at startProcess: done updating battery stats
07-03 10:34:23.294 W/ActivityManager( 3842): Slow operation: 66ms so far, now at startProcess: building log message
07-03 10:34:23.294 I/ActivityManager( 3842): Start proc 10310:com.android.webview:sandboxed_process0:org.chromium.content.app.SandboxedProcessService0:0/u0i3 for  {in.startv.hotstar/org.chromium.content.app.SandboxedProcessService0:0}
07-03 10:34:23.294 W/ActivityManager( 3842): Slow operation: 66ms so far, now at startProcess: starting to update pids map
07-03 10:34:23.294 W/ActivityManager( 3842): Slow operation: 66ms so far, now at startProcess: done updating pids map
07-03 10:34:23.377 D/CompatibilityChangeReporter( 3842): Compat change id reported: 136274596; UID 10066; state: ENABLED
07-03 10:34:23.729 D/ConnectivityService( 3842): requestNetwork for uid/pid:10066/9571 NetworkRequest [ TRACK_DEFAULT id=26, [ Capabilities: INTERNET&NOT_RESTRICTED&TRUSTED Uid: 10066 AdministratorUids: [] RequestorUid: 10066 RequestorPackageName: in.startv.hotstar] ]
07-03 10:34:23.730 D/ConnectivityService( 3842): NetReassign [26 : null  100]
07-03 10:34:23.743 D/ConnectivityService( 3842): NetReassign [no changes]
07-03 10:34:24.414 E/IntervalStats( 3842): Unable to parse usage stats package 122
07-03 10:34:24.415 E/IntervalStats( 3842): Unable to parse event package 122
07-03 10:34:24.444 I/chatty  ( 3842): uid=1000(system) pool-4-thread-1 identical 61 lines
07-03 10:34:24.444 E/IntervalStats( 3842): Unable to parse event package 122
07-03 10:34:24.500 E/IntervalStats( 3842): Unable to parse usage stats package 122
07-03 10:34:24.500 E/IntervalStats( 3842): Unable to parse event package 122
07-03 10:34:26.191 W/[  144.120191@3]- RTW(    0): fill_default_txdesc(wlan0): SP Packet(0x0806) rate=0x4 SeqNum = 3060
07-03 10:34:24.503 E/IntervalStats( 3842): Unable to parse event package 122
07-03 10:34:27.732 I/UsageStatsService( 3842): User[0] Flushing usage stats to disk
07-03 10:34:30.131 W/[  148.057882@2]- RTW(    0): Turbo EDCA =0x5ea42b
07-03 10:34:31.107 W/[  149.037048@0]s RTW(    0): rtw_issue_addbareq_cmd, p=5
07-03 10:34:31.107 W/[  149.037096@1]- RTW(    0): BA_starting_seqctrl = 2 for TID=5
07-03 10:34:31.107 W/[  149.037260@1]- RTW(    0): issue_addba_req(wlan0) ra=60:bd:2c:c2:fe:bd tid=5
07-03 10:34:31.111 W/[  149.038634@0]- RTW(    0): OnAction_back
07-03 10:34:31.112 W/[  149.038651@0]- RTW(    0): OnAction_back, action=1
07-03 10:34:31.112 W/[  149.038656@0]- RTW(    0): agg_enable for TID=5
07-03 10:34:31.134 W/[  149.059048@1]s RTW(    0): rtw_issue_addbareq_cmd, p=4
07-03 10:34:31.134 W/[  149.059237@3]- RTW(    0): BA_starting_seqctrl = 1 for TID=4
07-03 10:34:31.134 W/[  149.059499@3]- RTW(    0): issue_addba_req(wlan0) ra=60:bd:2c:c2:fe:bd tid=4
07-03 10:34:31.134 W/[  149.061617@2]- RTW(    0): OnAction_back
07-03 10:34:31.134 W/[  149.061625@2]- RTW(    0): OnAction_back, action=1
07-03 10:34:31.134 W/[  149.061629@2]- RTW(    0): agg_enable for TID=4
07-03 10:34:31.323 W/[  149.250124@2]- RTW(    0): fill_default_txdesc(wlan0): SP Packet(0x0806) rate=0x4 SeqNum = 3954
07-03 10:34:36.432 W/[  154.359372@2]- RTW(    0): fill_default_txdesc(wlan0): SP Packet(0x0806) rate=0x4 SeqNum = 405
07-03 10:34:39.051 W/        (    0): [  156.977829@0]- [0] H264 EOS notify.
07-03 10:34:39.451 I/        (    0): [  157.379542@1]- is_reset=1
07-03 10:34:39.452 I/[  157.379856@1]- vframe_rate_uevent(    0): sent uevent FRAME_RATE_HINT=0
07-03 10:34:39.452 I/[  157.380400@1]- dim(    0): ch[1]:di_receiver_event_fun,1:_UNREG
07-03 10:34:39.452 E/[  157.380436@1]- unreg(    0): v4lvideo
07-03 10:34:39.452 I/[  157.380517@0]- dim(    0): unreg:2keep[0], msk:[0x0,0x0]
07-03 10:34:39.466 I/[  157.392478@2]- dim(    0): unreg:use[12]ms
07-03 10:34:39.466 D/        (    0): [  157.392508@2]- vdec_disable_DMC input->target= 0x0
07-03 10:34:39.466 D/[  157.392639@2]- 0(    0): vh264_stop
07-03 10:34:39.466 D/        (    0): [  157.394282@2]- vdec_release instance 00000000efd84682, total 1 id = 0
07-03 10:34:39.466 D/        (    0): [  157.394465@2]- the clk_vdec_mux    clock off, ref cnt: 0
07-03 10:34:39.466 D/        (    0): [  157.394475@2]- the vdec            clock off, ref cnt: 0
07-03 10:34:39.466 D/        (    0): [  157.394479@2]- the parser_top      clock off, ref cnt: 1
07-03 10:34:39.466 D/        (    0): [  157.394483@2]- the demux           clock off, ref cnt: 1
07-03 10:34:39.466 D/        (    0): [  157.394582@2]- the demux           clock on, ref cnt: 2
07-03 10:34:39.466 D/        (    0): [  157.394586@2]- the parser_top      clock on, ref cnt: 2
07-03 10:34:39.466 D/        (    0): [  157.394593@2]- the vdec            clock on, ref cnt: 1
07-03 10:34:39.466 D/        (    0): [  157.394611@2]- the clk_vdec_mux    clock on, ref cnt: 1
07-03 10:34:39.467 D/        (    0): [  157.394644@2]- vdec mux clock is 499999992 Hz
07-03 10:34:39.467 D/        (    0): [  157.394746@2]- vdec_create instance 0000000031639e35, total 1, PM: legacy
07-03 10:34:39.467 D/        (    0): [  157.394784@2]- no drmmode
07-03 10:34:39.467 I/        (    0): [  157.394830@2]- is_reset=1
07-03 10:34:39.467 I/        (    0): [  157.394856@2]- vdec_init, dev_name:ammvdec_h264, vdec_type=VDEC_TYPE_FRAME_BLOCK  id = 0
07-03 10:34:39.467 D/        (    0): [  157.395776@2]- ammvdec_h264_mmu_init tvp = 0x0 mmu_enable 0
07-03 10:34:39.467 D/        (    0): [  157.395783@2]- decoder_bmmu_box_alloc_box, tvp_flags = 0
07-03 10:34:39.467 D/[  157.395802@2]- 0(    0): ammvdec_h264_probe mmu_enable 0 double_write_mode 0x10
07-03 10:34:39.468 D/[  157.396800@1]- 0(    0): ammvdec_h264 mem-addr=0,buff_offset=56c10000,buf_start=56c00000
07-03 10:34:39.468 D/        (    0): [  157.396842@1]- vdec mux clock is 666666656 Hz
07-03 10:34:39.468 D/        (    0): [  157.396847@1]- vdec1 video changed to 3840 x 2160 60 fps clk->667MHZ
07-03 10:34:39.468 W/        (    0): [  157.396854@1]- H264 sysinfo: 1280x720 duration=3840, pts_outside=1
07-03 10:34:39.468 D/        (    0): [  157.396858@1]- sync_outside=0, use_idr_framerate=0, is_used_v4l: 0
07-03 10:34:39.468 I/        (    0): [  157.396943@1]- [TEE], the fw (h264_multi) will be loaded.
07-03 10:34:39.468 D/        (    0): [  157.397350@0]- vh264_init, phy_addr=7446e000 vaddr=0000000022b0a8e2
07-03 10:34:39.468 D/        (    0): [  157.397583@0]- vfm map vdec-map-0 created
07-03 10:34:39.468 I/[  157.397610@0]- dim(    0): ch[1]:di_receiver_event_fun,8:_REG
07-03 10:34:39.468 I/[  157.397615@0]- dim(    0): reg:vdec.h264.00[5]
07-03 10:34:39.468 I/[  157.397706@0]- dim(    0): reg:use[0]ms
07-03 10:34:39.468 E/[  157.397723@0]- reg(    0): v4lvideo
07-03 10:34:39.468 I/[  157.397733@0]- dim(    0): ch[1]:di_receiver_event_fun,3:_START
07-03 10:34:39.468 D/        (    0): [  157.397738@0]- vdec_init, vf_provider_name = vdec.h264.00, b 0
07-03 10:34:39.471 I/        (    0): [  157.398759@0]- vdec->port_flag=0x102, port_flag=0x10b
07-03 10:34:39.472 I/        (    0): [  157.399000@0]- is_reset=0
07-03 10:34:39.481 I/[  157.407937@1]- vframe_rate_uevent(    0): sent uevent FRAME_RATE_HINT=0
07-03 10:34:39.481 I/[  157.408065@1]- dim(    0): ch[1]:di_receiver_event_fun,1:_UNREG
07-03 10:34:39.481 E/[  157.408077@1]- unreg(    0): v4lvideo
07-03 10:34:39.481 I/[  157.408668@0]- dim(    0): unreg:use[0]ms
07-03 10:34:39.481 D/        (    0): [  157.408887@0]- vdec_disable_DMC input->target= 0x0
07-03 10:34:39.481 D/[  157.409019@0]- 0(    0): vh264_stop
07-03 10:34:39.481 D/        (    0): [  157.409488@0]- vdec_release instance 0000000031639e35, total 1 id = 0
07-03 10:34:39.481 D/        (    0): [  157.409729@0]- the clk_vdec_mux    clock off, ref cnt: 0
07-03 10:34:39.481 D/        (    0): [  157.409739@0]- the vdec            clock off, ref cnt: 0
07-03 10:34:39.481 D/        (    0): [  157.409743@0]- the parser_top      clock off, ref cnt: 1
07-03 10:34:39.481 D/        (    0): [  157.409746@0]- the demux           clock off, ref cnt: 1
07-03 10:34:39.481 D/        (    0): [  157.409769@0]d v4lvideo_release_map 0 OK
07-03 10:34:39.481 D/[  157.409887@0]- v4lvid(    0): dbg: vidioc_close!!!!
07-03 10:34:39.484 I/[  157.411528@0]- resman(    0): 26 release [codec_mm]
07-03 10:34:39.500 I/[  157.427157@0]- resman(    0): 27 appname:OMX-24, type=0
07-03 10:34:39.572 I/[  157.501127@3]- resman(    0): 27 acquire [codec_mm], preempt yes
07-03 10:34:39.584 I/[  157.501139@3]- resman(    0): 27 score 30 secure no
07-03 10:34:39.584 I/[  157.501144@3]- resman(    0): 27 acquire [codec_mm] success
07-03 10:34:39.584 D/        (    0): [  157.501200@3]- the demux           clock on, ref cnt: 2
07-03 10:34:39.584 D/        (    0): [  157.501205@3]- the parser_top      clock on, ref cnt: 2
07-03 10:34:39.584 D/        (    0): [  157.501215@3]- the vdec            clock on, ref cnt: 1
07-03 10:34:39.584 D/        (    0): [  157.501237@3]- the clk_hevc_mux    clock on, ref cnt: 1
07-03 10:34:39.584 D/        (    0): [  157.501242@3]- the clk_hevcb_mux   clock on, ref cnt: 1
07-03 10:34:39.584 D/        (    0): [  157.501272@3]- hevc mux clock is 499999992 Hz
07-03 10:34:39.585 D/        (    0): [  157.501287@3]- hevc back mux clock is 499999992 Hz
07-03 10:34:39.585 D/        (    0): [  157.501400@3]- vdec_create instance 0000000094cd56ca, total 1, PM: legacy
07-03 10:34:39.585 D/        (    0): [  157.501435@3]- no drmmode
07-03 10:34:39.585 I/        (    0): [  157.501467@3]- is_reset=0
07-03 10:34:39.585 I/        (    0): [  157.501494@3]- vdec_init, dev_name:ammvdec_h265, vdec_type=VDEC_TYPE_FRAME_BLOCK  id = 0
07-03 10:34:39.585 D/[  157.502250@3]- [0]pdata->config=hevc_buf_width(    0): 1920;hevc_buf_height:1088;hevc_buf_margin:0;hevc_double_write_mode:16;save_buffer_mode:0;
07-03 10:34:39.586 D/        (    0): [  157.502283@3]- decoder_bmmu_box_alloc_box, tvp_flags = 0
07-03 10:34:39.586 D/        (    0): [  157.507060@1]- [0]dynamic_buf_num_margin=9
07-03 10:34:39.586 D/        (    0): [  157.507068@1]- [0]double_write_mode=16
07-03 10:34:39.586 D/[  157.507079@1]- [0]h265(    0): pts_unstable=0
07-03 10:34:39.586 D/[  157.507084@1]- [0]h265(    0): ver (201602101,0) decinfo: 0x0 rate=3600
07-03 10:34:39.586 I/        (    0): [  157.507828@3]- [TEE], the fw (hevc_mmu) will be loaded.
07-03 10:34:39.586 D/        (    0): [  157.507876@3]- hevc mux clock is 666666656 Hz
07-03 10:34:39.586 D/        (    0): [  157.507891@3]- hevc back mux clock is 666666656 Hz
07-03 10:34:39.586 D/        (    0): [  157.507896@3]- hevc video changed to 3840 x 2160 60 fps clk->667MHZ
07-03 10:34:39.586 D/        (    0): [  157.507947@3]- vfm map vdec-map-0 created
07-03 10:34:39.586 I/[  157.507968@3]- dim(    0): ch[1]:di_receiver_event_fun,8:_REG
07-03 10:34:39.586 I/[  157.507972@3]- dim(    0): reg:vdec.h265.00[6]
07-03 10:34:39.586 I/[  157.508570@1]- dim(    0): reg:use[1]ms
07-03 10:34:39.586 E/[  157.508611@1]- reg(    0): v4lvideo
07-03 10:34:39.586 I/[  157.508620@1]- dim(    0): ch[1]:di_receiver_event_fun,3:_START
07-03 10:34:39.586 D/        (    0): [  157.508627@1]- vdec_init, vf_provider_name = vdec.h265.00, b 0
07-03 10:34:39.586 I/        (    0): [  157.509973@0]- vdec->port_flag=0x102, port_flag=0x10b
07-03 10:34:39.586 D/[  157.512889@0]- v4lvid(    0): dbg: v4lvideo open
07-03 10:34:39.606 E/        (    0): [  157.533881@0]- mmu box NULL !!!
07-03 10:34:39.607 D/        (    0): [  157.533895@0]- [0]vh265 cached=0  need_size=6144 speed= 32 ms
07-03 10:34:39.607 D/        (    0): [  157.534491@0]- [0]hevc->performance_profile 0
07-03 10:34:39.607 D/        (    0): [  157.534506@0]- [0]set pic_list_init_flag 1
07-03 10:34:39.660 D/        (    0): [  157.588354@0]- [0]init_buf_spec2 1280 720
07-03 10:34:39.660 D/        (    0): [  157.588362@0]- [0]set pic_list_init_flag to 2
07-03 10:34:39.660 D/        (    0): [  157.588410@0]- [0]set pic_list_init_flag to 3
07-03 10:34:39.660 D/        (    0): [  157.588414@0]- [vdec_kpi][vh265_isr_thread_fn] First I frame coming.
07-03 10:34:39.668 D/[  157.595410@0]- [0]VH265(    0): output first frame
07-03 10:34:39.668 D/        (    0): [  157.595433@0]- [vdec_kpi][post_video_frame] First I frame decoded.
07-03 10:34:39.668 I/[  157.595502@0]- dim(    0): value reg:ch[1]:fix_buf:0;ponly <0,0>
07-03 10:34:39.671 I/[  157.595512@0]- dim(    0): 1280x720-0x9000.
07-03 10:34:39.671 I/[  157.596562@2]- v4lvideo(    0): provider name: vdec.h265.00
07-03 10:34:39.684 D/        (    0): [  157.613302@1]- cal_dur_from_pts vstatus 3840 dur3600 -> 3840, revised 3840
07-03 10:34:39.687 I/[  157.615771@1]- vframe_rate_uevent(    0): sent uevent FRAME_RATE_HINT=3840
07-03 10:34:39.753 I/        (    0): [  157.680772@3]- is_reset=1
07-03 10:34:39.753 I/[  157.681036@3]- vframe_rate_uevent(    0): sent uevent FRAME_RATE_HINT=0
07-03 10:34:39.753 D/        (    0): [  157.681567@2]s [0]vdec requested to be disconnected
07-03 10:34:39.753 D/[  157.681601@2]- [0]vh265_work_implement(    0): force exit end
07-03 10:34:39.753 I/[  157.681659@3]- dim(    0): ch[1]:di_receiver_event_fun,1:_UNREG
07-03 10:34:39.753 E/[  157.681685@3]- unreg(    0): v4lvideo
07-03 10:34:39.753 I/[  157.681780@0]- dim(    0): unreg:2keep[0], msk:[0x0,0x0]
07-03 10:34:39.763 I/[  157.693189@3]- dim(    0): unreg:use[12]ms
07-03 10:34:39.769 D/        (    0): [  157.693244@3]- vdec_disable_DMC input->target= 0x1
07-03 10:34:39.769 D/        (    0): [  157.695576@0]- vdec_release instance 0000000094cd56ca, total 1 id = 0
07-03 10:34:39.769 D/        (    0): [  157.695832@0]- the clk_hevc_mux    clock off, ref cnt: 0
07-03 10:34:39.769 D/        (    0): [  157.695839@0]- the clk_hevcb_mux   clock off, ref cnt: 0
07-03 10:34:39.770 D/        (    0): [  157.695848@0]- the vdec            clock off, ref cnt: 0
07-03 10:34:39.770 D/        (    0): [  157.695852@0]- the parser_top      clock off, ref cnt: 1
07-03 10:34:39.770 D/        (    0): [  157.695855@0]- the demux           clock off, ref cnt: 1
07-03 10:34:39.770 D/        (    0): [  157.695929@0]- the demux           clock on, ref cnt: 2
07-03 10:34:39.770 D/        (    0): [  157.695934@0]- the parser_top      clock on, ref cnt: 2
07-03 10:34:39.770 D/        (    0): [  157.695941@0]- the vdec            clock on, ref cnt: 1
07-03 10:34:39.783 D/        (    0): [  157.695959@0]- the clk_hevc_mux    clock on, ref cnt: 1
07-03 10:34:39.783 D/        (    0): [  157.695964@0]- the clk_hevcb_mux   clock on, ref cnt: 1
07-03 10:34:39.783 D/        (    0): [  157.695995@0]- hevc mux clock is 499999992 Hz
07-03 10:34:39.783 D/        (    0): [  157.696011@0]- hevc back mux clock is 499999992 Hz
07-03 10:34:39.783 D/        (    0): [  157.696137@0]- vdec_create instance 0000000004949bc2, total 1, PM: legacy
07-03 10:34:39.783 D/        (    0): [  157.696178@0]- no drmmode
07-03 10:34:39.808 I/        (    0): [  157.696217@0]- is_reset=1
07-03 10:34:39.808 I/        (    0): [  157.696242@0]- vdec_init, dev_name:ammvdec_h265, vdec_type=VDEC_TYPE_FRAME_BLOCK  id = 0
07-03 10:34:39.808 D/[  157.697110@0]- [0]pdata->config=hevc_buf_width(    0): 1920;hevc_buf_height:1088;hevc_buf_margin:0;hevc_double_write_mode:16;save_buffer_mode:0;
07-03 10:34:39.808 D/        (    0): [  157.697143@0]- decoder_bmmu_box_alloc_box, tvp_flags = 0
07-03 10:34:39.808 D/        (    0): [  157.698328@2]- [0]dynamic_buf_num_margin=9
07-03 10:34:39.808 D/        (    0): [  157.698336@2]- [0]double_write_mode=16
07-03 10:34:39.808 D/[  157.698346@2]- [0]h265(    0): pts_unstable=0
07-03 10:34:39.808 D/[  157.698351@2]- [0]h265(    0): ver (201602101,0) decinfo: 0x0 rate=3600
07-03 10:34:39.808 I/        (    0): [  157.699040@0]- [TEE], the fw (hevc_mmu) will be loaded.
07-03 10:34:39.808 D/        (    0): [  157.699087@0]- hevc mux clock is 666666656 Hz
07-03 10:34:39.808 D/        (    0): [  157.699102@0]- hevc back mux clock is 666666656 Hz
07-03 10:34:39.808 D/        (    0): [  157.699107@0]- hevc video changed to 3840 x 2160 60 fps clk->667MHZ
07-03 10:34:39.808 D/        (    0): [  157.699157@0]- vfm map vdec-map-0 created
07-03 10:34:39.808 I/[  157.699177@0]- dim(    0): ch[1]:di_receiver_event_fun,8:_REG
07-03 10:34:39.808 I/[  157.699181@0]- dim(    0): reg:vdec.h265.00[7]
07-03 10:34:39.808 I/[  157.699548@0]- dim(    0): reg:use[0]ms
07-03 10:34:39.808 E/[  157.699572@0]- reg(    0): v4lvideo
07-03 10:34:39.808 I/[  157.699580@0]- dim(    0): ch[1]:di_receiver_event_fun,3:_START
07-03 10:34:39.808 D/        (    0): [  157.699585@0]- vdec_init, vf_provider_name = vdec.h265.00, b 0
07-03 10:34:39.808 I/        (    0): [  157.700663@0]- vdec->port_flag=0x102, port_flag=0x10b
07-03 10:34:39.809 I/        (    0): [  157.700761@0]- is_reset=0
07-03 10:34:39.855 I/        (    0): [  157.764378@0]- is_reset=1
07-03 10:34:39.875 I/[  157.765786@0]- vframe_rate_uevent(    0): sent uevent FRAME_RATE_HINT=0
07-03 10:34:39.875 I/[  157.765848@0]- dim(    0): ch[1]:di_receiver_event_fun,1:_UNREG
07-03 10:34:39.875 E/[  157.765859@0]- unreg(    0): v4lvideo
07-03 10:34:39.875 I/[  157.765920@0]- dim(    0): unreg:use[0]ms
07-03 10:34:39.875 D/        (    0): [  157.765939@0]- vdec_disable_DMC input->target= 0x1
07-03 10:34:39.875 D/        (    0): [  157.766455@0]- vdec_release instance 0000000004949bc2, total 1 id = 0
07-03 10:34:39.875 D/        (    0): [  157.766616@0]- the clk_hevc_mux    clock off, ref cnt: 0
07-03 10:34:39.875 D/        (    0): [  157.766622@0]- the clk_hevcb_mux   clock off, ref cnt: 0
07-03 10:34:39.875 D/        (    0): [  157.766631@0]- the vdec            clock off, ref cnt: 0
07-03 10:34:39.875 D/        (    0): [  157.766635@0]- the parser_top      clock off, ref cnt: 1
07-03 10:34:39.875 D/        (    0): [  157.766638@0]- the demux           clock off, ref cnt: 1
07-03 10:34:39.875 D/        (    0): [  157.766704@0]- the demux           clock on, ref cnt: 2
07-03 10:34:39.875 D/        (    0): [  157.766709@0]- the parser_top      clock on, ref cnt: 2
07-03 10:34:39.875 D/        (    0): [  157.766715@0]- the vdec            clock on, ref cnt: 1
07-03 10:34:39.875 D/        (    0): [  157.766734@0]- the clk_hevc_mux    clock on, ref cnt: 1
07-03 10:34:39.875 D/        (    0): [  157.766739@0]- the clk_hevcb_mux   clock on, ref cnt: 1
07-03 10:34:39.875 D/        (    0): [  157.766772@0]- hevc mux clock is 499999992 Hz
07-03 10:34:39.875 D/        (    0): [  157.766787@0]- hevc back mux clock is 499999992 Hz
07-03 10:34:39.875 D/        (    0): [  157.766904@0]- vdec_create instance 00000000fc0f0230, total 1, PM: legacy
07-03 10:34:39.875 D/        (    0): [  157.766941@0]- no drmmode
07-03 10:34:39.876 I/        (    0): [  157.766969@0]- is_reset=1
07-03 10:34:39.899 I/        (    0): [  157.766996@0]- vdec_init, dev_name:ammvdec_h265, vdec_type=VDEC_TYPE_FRAME_BLOCK  id = 0
07-03 10:34:39.899 D/[  157.767715@0]- [0]pdata->config=hevc_buf_width(    0): 1920;hevc_buf_height:1088;hevc_buf_margin:0;hevc_double_write_mode:16;save_buffer_mode:0;
07-03 10:34:39.899 D/        (    0): [  157.767748@0]- decoder_bmmu_box_alloc_box, tvp_flags = 0
07-03 10:34:39.899 D/        (    0): [  157.769910@1]- [0]dynamic_buf_num_margin=9
07-03 10:34:39.899 D/        (    0): [  157.769918@1]- [0]double_write_mode=16
07-03 10:34:39.899 D/[  157.769927@1]- [0]h265(    0): pts_unstable=0
07-03 10:34:39.899 D/[  157.769932@1]- [0]h265(    0): ver (201602101,0) decinfo: 0x0 rate=3600
07-03 10:34:39.899 I/        (    0): [  157.772718@1]- [TEE], the fw (hevc_mmu) will be loaded.
07-03 10:34:39.899 D/        (    0): [  157.772766@1]- hevc mux clock is 666666656 Hz
07-03 10:34:39.899 D/        (    0): [  157.772782@1]- hevc back mux clock is 666666656 Hz
07-03 10:34:39.899 D/        (    0): [  157.772787@1]- hevc video changed to 3840 x 2160 60 fps clk->667MHZ
07-03 10:34:39.899 D/        (    0): [  157.772832@1]- vfm map vdec-map-0 created
07-03 10:34:39.900 I/[  157.772852@1]- dim(    0): ch[1]:di_receiver_event_fun,8:_REG
07-03 10:34:39.900 I/[  157.772857@1]- dim(    0): reg:vdec.h265.00[8]
07-03 10:34:39.900 I/[  157.773430@1]- dim(    0): reg:use[1]ms
07-03 10:34:39.900 E/[  157.773457@1]- reg(    0): v4lvideo
07-03 10:34:39.900 I/[  157.773465@1]- dim(    0): ch[1]:di_receiver_event_fun,3:_START
07-03 10:34:39.900 D/        (    0): [  157.773470@1]- vdec_init, vf_provider_name = vdec.h265.00, b 0
07-03 10:34:39.900 I/        (    0): [  157.774316@2]- vdec->port_flag=0x102, port_flag=0x10b
07-03 10:34:39.900 I/        (    0): [  157.774424@2]- is_reset=0
07-03 10:34:40.081 W/[  158.010001@3]- RTW(    0): fill_default_txdesc(wlan0): SP Packet(0x0806) rate=0x4 SeqNum = 867
07-03 10:34:37.816 I/UsageStatsService( 3842): User[0] Flushing usage stats to disk
07-03 10:34:40.424 W/ContextImpl( 4897): Calling a method in the system process without a qualified user: android.app.ContextImpl.sendBroadcast:1126 android.content.ContextWrapper.sendBroadcast:473 insight.tr069.client.tr181.Device.JioSTB.ACS.onSetACSError:37 insight.tr069.client.TR069ClientService.makeErrorMessage:813 insight.tr069.client.TR069ClientService.insertNewMessage:829 
07-03 10:34:40.427 W/ContextImpl( 4897): Calling a method in the system process without a qualified user: android.app.ContextImpl.sendBroadcast:1126 android.content.ContextWrapper.sendBroadcast:473 insight.tr069.client.tr181.Device.JioSTB.ACS.onSetACSError:37 insight.tr069.client.TR069ClientService.makeErrorMessage:813 insight.tr069.client.TR069ClientService.insertNewMessage:829 
07-03 10:34:40.432 W/ContextImpl( 4897): Calling a method in the system process without a qualified user: android.app.ContextImpl.sendBroadcast:1126 android.content.ContextWrapper.sendBroadcast:473 insight.tr069.client.tr181.Device.JioSTB.ACS.onSetACSError:37 insight.tr069.client.TR069ClientService.makeErrorMessage:813 insight.tr069.client.TR069ClientService.insertNewMessage:829 
07-03 10:34:40.444 W/ContextImpl( 5812): Calling a method in the system process without a qualified user: android.app.ContextImpl.bindService:1748 android.content.ContextWrapper.bindService:756 com.jio.adc.core.b.d:56 com.jio.adc.core.b.b:13 com.jio.adc.core.b$c.run:7 
07-03 10:34:41.583 W/[  159.512233@1]- RTW(    0): fill_default_txdesc(wlan0): SP Packet(0x0806) rate=0x4 SeqNum = 1043
07-03 10:34:41.697 D/ConnectivityService( 3842): releasing NetworkRequest [ TRACK_DEFAULT id=26, [ Capabilities: INTERNET&NOT_RESTRICTED&TRUSTED Uid: 10066 AdministratorUids: [] RequestorUid: 10066 RequestorPackageName: in.startv.hotstar] ] (release request)
07-03 10:34:41.753 I/ActivityManager( 3842): Killing 10310:com.android.webview:sandboxed_process0:org.chromium.content.app.SandboxedProcessService0:0/u0a66i3 (adj 0): isolated not needed
07-03 10:34:43.332 E/        (    0): [  161.262082@2]- mmu box NULL !!!
07-03 10:34:43.332 D/        (    0): [  161.262095@2]- [0]vh265 cached=0  need_size=6144 speed= 3496 ms
07-03 10:34:43.337 D/        (    0): [  161.262854@1]- [0]hevc->performance_profile 0
07-03 10:34:43.337 D/        (    0): [  161.262867@1]- [0]set pic_list_init_flag 1
07-03 10:34:43.366 D/        (    0): [  161.296316@3]- [0]init_buf_spec2 1280 720
07-03 10:34:43.366 D/        (    0): [  161.296325@3]- [0]set pic_list_init_flag to 2
07-03 10:34:43.367 D/        (    0): [  161.296363@1]- [0]set pic_list_init_flag to 3
07-03 10:34:43.367 D/        (    0): [  161.296368@1]- [vdec_kpi][vh265_isr_thread_fn] First I frame coming.
07-03 10:34:43.370 D/[  161.298369@1]- [0]VH265(    0): output first frame
07-03 10:34:43.387 D/        (    0): [  161.298392@1]- [vdec_kpi][post_video_frame] First I frame decoded.
07-03 10:34:43.387 I/[  161.298468@0]- dim(    0): value reg:ch[1]:fix_buf:0;ponly <0,0>
07-03 10:34:43.387 I/[  161.298479@0]- dim(    0): 1280x720-0x9000.
07-03 10:34:43.387 I/[  161.298748@3]- v4lvideo(    0): provider name: vdec.h265.00
07-03 10:34:43.387 D/        (    0): [  161.316869@0]- cal_dur_from_pts vstatus 3840 dur3600 -> 3840, revised 3840
07-03 10:34:43.403 I/[  161.327366@1]- vframe_rate_uevent(    0): sent uevent FRAME_RATE_HINT=3840
07-03 10:34:44.243 W/[  162.169877@3]- RTW(    0): Turbo EDCA =0x431c
07-03 10:34:46.627 W/[  164.554451@3]- RTW(    0): fill_default_txdesc(wlan0): SP Packet(0x0806) rate=0x4 SeqNum = 2079
07-03 10:34:47.911 I/UsageStatsService( 3842): User[0] Flushing usage stats to disk
07-03 10:34:48.275 W/[  166.201876@2]- RTW(    0): Turbo EDCA =0x5ea42b
07-03 10:34:50.291 W/[  168.217848@3]- RTW(    0): Turbo EDCA =0x431c
07-03 10:34:51.929 W/[  169.858533@0]- RTW(    0): fill_default_txdesc(wlan0): SP Packet(0x0806) rate=0x4 SeqNum = 2594
07-03 10:34:52.307 W/[  170.233882@1]- RTW(    0): Turbo EDCA =0x5ea42b
07-03 10:34:56.340 W/[  174.265868@1]- RTW(    0): Turbo EDCA =0x431c
07-03 10:34:57.031 W/[  174.961405@3]- RTW(    0): fill_default_txdesc(wlan0): SP Packet(0x0806) rate=0x4 SeqNum = 3078
07-03 10:34:57.988 W/[  175.915635@3]- audit(    0): audit_lost=608 audit_rate_limit=5 audit_backlog_limit=64
07-03 10:34:57.988 E/[  175.915643@3]- audit(    0): rate limit exceeded
07-03 10:34:58.354 W/[  176.281846@0]- RTW(    0): Turbo EDCA =0x5ea42b
07-03 10:35:01.111 W/[  179.038778@2]- RTW(    0): fill_default_txdesc(wlan0): SP Packet(0x0806) rate=0x4 SeqNum = 3398
07-03 10:35:04.402 W/[  182.329746@0]- RTW(    0): fill_default_txdesc(wlan0): SP Packet(0x0806) rate=0x4 SeqNum = 3693
07-03 10:35:04.402 W/[  182.329890@3]- RTW(    0): Turbo EDCA =0x431c
07-03 10:35:06.240 W/[  184.168094@2]- RTW(    0): fill_default_txdesc(wlan0): SP Packet(0x0806) rate=0x4 SeqNum = 3856
07-03 10:35:06.419 W/[  184.345908@3]- RTW(    0): Turbo EDCA =0x5ea42b
07-03 10:35:10.033 W/[  187.961652@3]- RTW(    0): fill_default_txdesc(wlan0): SP Packet(0x0806) rate=0x4 SeqNum = 92
07-03 10:35:10.331 W/[  188.261119@2]- healthd(    0): battery l=100 v=4 t=0.0 h=2 st=2 c=1100 fc=10000000 chg=u
07-03 10:35:10.450 W/[  188.379090@1]- RTW(    0): Turbo EDCA =0x431c
07-03 10:35:11.371 W/[  189.297611@1]- RTW(    0): fill_default_txdesc(wlan0): SP Packet(0x0806) rate=0x4 SeqNum = 250
07-03 10:35:12.131 W/[  190.058493@1]- audit(    0): audit_lost=609 audit_rate_limit=5 audit_backlog_limit=64
07-03 10:35:12.132 E/[  190.058501@1]- audit(    0): rate limit exceeded
07-03 10:35:12.467 W/[  190.394245@1]- RTW(    0): Turbo EDCA =0x5ea42b
07-03 10:34:57.996 I/chatty  ( 3842): uid=1000(system) android.bg identical 1 line
07-03 10:35:08.220 I/UsageStatsService( 3842): User[0] Flushing usage stats to disk
07-03 10:35:15.039 D/AutofillManagerService( 3842): onBackKeyPressed()
07-03 10:35:15.110 I/        (    0): [  193.035428@0]- is_reset=1
07-03 10:35:15.110 I/[  193.035953@0]- vframe_rate_uevent(    0): sent uevent FRAME_RATE_HINT=0
07-03 10:35:15.110 I/[  193.037139@3]- dim(    0): ch[1]:di_receiver_event_fun,1:_UNREG
07-03 10:35:15.110 E/[  193.037182@3]- unreg(    0): v4lvideo
07-03 10:35:15.110 I/[  193.037241@3]- dim(    0): unreg:2keep[0], msk:[0x0,0x0]
07-03 10:35:15.122 I/[  193.048678@3]- dim(    0): unreg:use[11]ms
07-03 10:35:15.122 D/        (    0): [  193.048710@3]- vdec_disable_DMC input->target= 0x1
07-03 10:35:15.122 D/        (    0): [  193.050429@2]- vdec_release instance 00000000fc0f0230, total 1 id = 0
07-03 10:35:15.122 D/        (    0): [  193.050617@2]- the clk_hevc_mux    clock off, ref cnt: 0
07-03 10:35:15.122 D/        (    0): [  193.050623@2]- the clk_hevcb_mux   clock off, ref cnt: 0
07-03 10:35:15.122 D/        (    0): [  193.050632@2]- the vdec            clock off, ref cnt: 0
07-03 10:35:15.122 D/        (    0): [  193.050635@2]- the parser_top      clock off, ref cnt: 1
07-03 10:35:15.122 D/        (    0): [  193.050639@2]- the demux           clock off, ref cnt: 1
07-03 10:35:15.122 D/        (    0): [  193.050744@2]- the demux           clock on, ref cnt: 2
07-03 10:35:15.122 D/        (    0): [  193.050749@2]- the parser_top      clock on, ref cnt: 2
07-03 10:35:15.122 D/        (    0): [  193.050755@2]- the vdec            clock on, ref cnt: 1
07-03 10:35:15.122 D/        (    0): [  193.050774@2]- the clk_hevc_mux    clock on, ref cnt: 1
07-03 10:35:15.122 D/        (    0): [  193.050779@2]- the clk_hevcb_mux   clock on, ref cnt: 1
07-03 10:35:15.122 D/        (    0): [  193.050811@2]- hevc mux clock is 499999992 Hz
07-03 10:35:15.122 D/        (    0): [  193.050827@2]- hevc back mux clock is 499999992 Hz
07-03 10:35:15.122 D/        (    0): [  193.050932@2]- vdec_create instance 00000000708de437, total 1, PM: legacy
07-03 10:35:15.122 D/        (    0): [  193.050969@2]- no drmmode
07-03 10:35:15.122 I/        (    0): [  193.051035@2]- is_reset=1
07-03 10:35:15.122 I/        (    0): [  193.051059@2]- vdec_init, dev_name:ammvdec_h265, vdec_type=VDEC_TYPE_FRAME_BLOCK  id = 0
07-03 10:35:15.122 D/[  193.051698@2]- [0]pdata->config=hevc_buf_width(    0): 1920;hevc_buf_height:1088;hevc_buf_margin:0;hevc_double_write_mode:16;save_buffer_mode:0;
07-03 10:35:15.122 D/        (    0): [  193.051732@2]- decoder_bmmu_box_alloc_box, tvp_flags = 0
07-03 10:35:15.126 D/        (    0): [  193.053772@2]- [0]dynamic_buf_num_margin=9
07-03 10:35:15.130 D/        (    0): [  193.053780@2]- [0]double_write_mode=16
07-03 10:35:15.130 D/[  193.053790@2]- [0]h265(    0): pts_unstable=0
07-03 10:35:15.130 D/[  193.053796@2]- [0]h265(    0): ver (201602101,0) decinfo: 0x0 rate=3600
07-03 10:35:15.130 I/        (    0): [  193.058704@1]- [TEE], the fw (hevc_mmu) will be loaded.
07-03 10:35:15.130 D/        (    0): [  193.058752@1]- hevc mux clock is 666666656 Hz
07-03 10:35:15.130 D/        (    0): [  193.058768@1]- hevc back mux clock is 666666656 Hz
07-03 10:35:15.130 D/        (    0): [  193.058773@1]- hevc video changed to 3840 x 2160 60 fps clk->667MHZ
07-03 10:35:15.130 D/        (    0): [  193.058816@1]- vfm map vdec-map-0 created
07-03 10:35:15.130 I/[  193.058835@1]- dim(    0): ch[1]:di_receiver_event_fun,8:_REG
07-03 10:35:15.130 I/[  193.058840@1]- dim(    0): reg:vdec.h265.00[9]
07-03 10:35:15.131 I/[  193.059394@1]- dim(    0): reg:use[1]ms
07-03 10:35:15.131 E/[  193.059421@1]- reg(    0): v4lvideo
07-03 10:35:15.131 I/[  193.059429@1]- dim(    0): ch[1]:di_receiver_event_fun,3:_START
07-03 10:35:15.131 D/        (    0): [  193.059434@1]- vdec_init, vf_provider_name = vdec.h265.00, b 0
07-03 10:35:15.131 I/        (    0): [  193.060189@1]- vdec->port_flag=0x102, port_flag=0x10b
07-03 10:35:15.131 I/        (    0): [  193.060325@1]- is_reset=0
07-03 10:35:15.151 I/        (    0): [  193.079277@3]- is_reset=1
07-03 10:35:15.151 I/[  193.079608@3]- vframe_rate_uevent(    0): sent uevent FRAME_RATE_HINT=0
07-03 10:35:15.151 I/[  193.079661@3]- dim(    0): ch[1]:di_receiver_event_fun,1:_UNREG
07-03 10:35:15.151 E/[  193.079673@3]- unreg(    0): v4lvideo
07-03 10:35:15.151 I/[  193.079734@3]- dim(    0): unreg:use[0]ms
07-03 10:35:15.155 D/        (    0): [  193.079753@3]- vdec_disable_DMC input->target= 0x1
07-03 10:35:15.155 D/        (    0): [  193.080249@1]- vdec_release instance 00000000708de437, total 1 id = 0
07-03 10:35:15.155 D/        (    0): [  193.080402@1]- the clk_hevc_mux    clock off, ref cnt: 0
07-03 10:35:15.155 D/        (    0): [  193.080409@1]- the clk_hevcb_mux   clock off, ref cnt: 0
07-03 10:35:15.155 D/        (    0): [  193.080417@1]- the vdec            clock off, ref cnt: 0
07-03 10:35:15.155 D/        (    0): [  193.080421@1]- the parser_top      clock off, ref cnt: 1
07-03 10:35:15.155 D/        (    0): [  193.080425@1]- the demux           clock off, ref cnt: 1
07-03 10:35:15.155 D/        (    0): [  193.080488@1]- the demux           clock on, ref cnt: 2
07-03 10:35:15.155 D/        (    0): [  193.080493@1]- the parser_top      clock on, ref cnt: 2
07-03 10:35:15.155 D/        (    0): [  193.080499@1]- the vdec            clock on, ref cnt: 1
07-03 10:35:15.155 D/        (    0): [  193.080518@1]- the clk_hevc_mux    clock on, ref cnt: 1
07-03 10:35:15.155 D/        (    0): [  193.080522@1]- the clk_hevcb_mux   clock on, ref cnt: 1
07-03 10:35:15.155 D/        (    0): [  193.080554@1]- hevc mux clock is 499999992 Hz
07-03 10:35:15.155 D/        (    0): [  193.080569@1]- hevc back mux clock is 499999992 Hz
07-03 10:35:15.155 D/        (    0): [  193.080676@1]- vdec_create instance 000000003b615f79, total 1, PM: legacy
07-03 10:35:15.155 D/        (    0): [  193.080716@1]- no drmmode
07-03 10:35:15.155 I/        (    0): [  193.080750@1]- is_reset=1
07-03 10:35:15.155 I/        (    0): [  193.080777@1]- vdec_init, dev_name:ammvdec_h265, vdec_type=VDEC_TYPE_FRAME_BLOCK  id = 0
07-03 10:35:15.155 D/[  193.081581@1]- [0]pdata->config=hevc_buf_width(    0): 1920;hevc_buf_height:1088;hevc_buf_margin:0;hevc_double_write_mode:16;save_buffer_mode:0;
07-03 10:35:15.155 D/        (    0): [  193.081612@1]- decoder_bmmu_box_alloc_box, tvp_flags = 0
07-03 10:35:15.155 D/        (    0): [  193.083500@3]- [0]dynamic_buf_num_margin=9
07-03 10:35:15.155 D/        (    0): [  193.083508@3]- [0]double_write_mode=16
07-03 10:35:15.155 D/[  193.083521@3]- [0]h265(    0): pts_unstable=0
07-03 10:35:15.155 D/[  193.083526@3]- [0]h265(    0): ver (201602101,0) decinfo: 0x0 rate=3600
07-03 10:35:15.155 I/        (    0): [  193.084584@3]- [TEE], the fw (hevc_mmu) will be loaded.
07-03 10:35:15.155 D/        (    0): [  193.084630@3]- hevc mux clock is 666666656 Hz
07-03 10:35:15.155 D/        (    0): [  193.084646@3]- hevc back mux clock is 666666656 Hz
07-03 10:35:15.155 D/        (    0): [  193.084651@3]- hevc video changed to 3840 x 2160 60 fps clk->667MHZ
07-03 10:35:15.156 D/        (    0): [  193.084695@3]- vfm map vdec-map-0 created
07-03 10:35:15.156 I/[  193.084714@3]- dim(    0): ch[1]:di_receiver_event_fun,8:_REG
