06-19 14:43:42.505 W/[  119.491030@3]- RTW(    0): rtw_chk_start_clnt_join(wlan0) req: 36,2,1
06-19 14:43:42.505 W/[  119.491033@3]- RTW(    0): rtw_chk_start_clnt_join(wlan0) others ld_sta_num:0, ap_num:0, mesh_num:0
06-19 14:43:42.505 W/[  119.491040@3]- RTW(    0): rtw_dfs_rd_en_decision(wlan0) needed:0, mlme_act:6, excl_ifbmp:0x00
06-19 14:43:42.506 W/[  119.491045@3]- RTW(    0): rtw_dfs_rd_en_decision(wlan0) ld_sta_num:0, lg_sta_num:1, ap_num:0, mesh_num:0, 36,2,1
06-19 14:43:42.506 W/[  119.491050@3]- RTW(    0): rtw_chk_start_clnt_join(wlan0) union: 36,2,1
06-19 14:43:42.506 W/[  119.491347@3]- RTW(    0): rtw_hal_set_bssid wlan0- hw port -0 BSSID: 60:bd:2c:c2:fe:bd
06-19 14:43:42.592 W/[  119.574756@2]- RTW(    0): is_valid_id_status: HALMAC_FEATURE_IQK
06-19 14:43:42.680 W/[  119.663542@0]- RTW(    0): OnBeacon: beacon keys ready
06-19 14:43:42.680 W/[  119.663552@0]- RTW(    0): link to Ralink AP
06-19 14:43:42.680 W/[  119.663559@0]- RTW(    0): start auth
06-19 14:43:42.680 W/[  119.663572@0]- RTW(    0): issue_auth
06-19 14:43:42.680 W/[  119.665414@0]- RTW(    0): OnAuthClient
06-19 14:43:42.680 W/[  119.665421@0]- RTW(    0): auth success, start assoc
06-19 14:43:42.680 W/[  119.665441@0]- RTW(    0): network.SupportedRates[0]=8C
06-19 14:43:42.680 W/[  119.665446@0]- RTW(    0): network.SupportedRates[1]=12
06-19 14:43:42.680 W/[  119.665450@0]- RTW(    0): network.SupportedRates[2]=98
06-19 14:43:42.680 W/[  119.665453@0]- RTW(    0): network.SupportedRates[3]=24
06-19 14:43:42.680 W/[  119.665457@0]- RTW(    0): network.SupportedRates[4]=B0
06-19 14:43:42.680 W/[  119.665461@0]- RTW(    0): network.SupportedRates[5]=48
06-19 14:43:42.680 W/[  119.665465@0]- RTW(    0): network.SupportedRates[6]=60
06-19 14:43:42.680 W/[  119.665469@0]- RTW(    0): network.SupportedRates[7]=6C
06-19 14:43:42.680 W/[  119.665476@0]- RTW(    0): bssrate_len = 8
06-19 14:43:42.684 W/[  119.668336@0]- RTW(    0): OnAssocRsp
06-19 14:43:42.686 W/[  119.668347@0]- RTW(    0): Enable HT Tx LDPC!
06-19 14:43:42.686 W/[  119.668355@0]- RTW(    0): Current VHT LDPC Setting = 0A
06-19 14:43:42.686 W/[  119.668360@0]- RTW(    0): Current VHT STBC Setting = 0A
06-19 14:43:42.686 W/[  119.668363@0]- RTW(    0): Current VHT Beamforming Setting=0x0302
06-19 14:43:42.686 W/[  119.668374@0]- RTW(    0): report_join_res(2, 0)
06-19 14:43:42.686 W/[  119.668392@0]s RTW(    0): rtw_joinbss_update_network
06-19 14:43:42.686 W/[  119.668401@0]s RTW(    0): +rtw_update_ht_cap()
06-19 14:43:42.686 W/[  119.668416@0]s RTW(    0): rtw_alloc_macid(wlan0) if1, mac_addr:60:bd:2c:c2:fe:bd macid:0
06-19 14:43:42.686 W/[  119.668419@0]s RTW(    0): rtw_joinbss_update_stainfo
06-19 14:43:42.686 W/[  119.668426@0]s RTW(    0): rtw_get_sta_tx_nss: 2 SS
06-19 14:43:42.686 W/[  119.668430@0]s RTW(    0): rtw_get_sta_rx_nss: 2 ss
06-19 14:43:42.686 W/[  119.668435@0]s RTW(    0): STA - MAC_ID:0, Tx - 2 SS, Rx - 2 SS
06-19 14:43:42.686 W/[  119.668438@0]s RTW(    0): STA - MAC_ID:0, SM_PS 3
06-19 14:43:42.686 W/[  119.668443@0]s RTW(    0): vht_mcs_map=fa ff, nss=2 => bitmap=00000000000fffff
06-19 14:43:42.686 W/[  119.668448@0]s RTW(    0): ### Set STA_(0) info ###
06-19 14:43:42.686 W/[  119.668456@0]s RTW(    0): rtw_xmit_queue_set(wlan0): enable queue TX for macid=0
06-19 14:43:42.686 W/[  119.668461@0]s RTW(    0): rtw_cfg80211_indicate_connect(wlan0)
06-19 14:43:42.686 W/[  119.668502@0]s RTW(    0): assoc success
06-19 14:43:42.687 W/[  119.668544@3]- RTW(    0): rtw_set_rts_bw connect_to_8812=0,enable=1
06-19 14:43:42.687 W/[  119.668719@0]- RTW(    0): rtw_ndev_notifier_call(wlan0) state:4
06-19 14:43:42.687 W/[  119.669938@3]- RTW(    0): HW_VAR_BASIC_RATE: 0x150->0x150->0x150
06-19 14:43:42.697 W/[  119.674674@2]- RTW(    0): WMM(0): 0, a42b
06-19 14:43:42.697 W/[  119.674771@2]- RTW(    0): WMM(1): 0, a44f
06-19 14:43:42.697 W/[  119.674863@2]- RTW(    0): WMM(2): 0, 5e4322
06-19 14:43:42.697 W/[  119.674960@2]- RTW(    0): WMM(3): 0, 2f3222
06-19 14:43:42.697 W/[  119.674965@2]- RTW(    0): wmm_para_seq(0): 0
06-19 14:43:42.697 W/[  119.674969@2]- RTW(    0): wmm_para_seq(1): 1
06-19 14:43:42.697 W/[  119.674972@2]- RTW(    0): wmm_para_seq(2): 2
06-19 14:43:42.697 W/[  119.674976@2]- RTW(    0): wmm_para_seq(3): 3
06-19 14:43:42.697 W/[  119.675069@2]- RTW(    0): HTOnAssocRsp
06-19 14:43:42.697 W/[  119.675159@2]- RTW(    0): VHTOnAssocRsp
06-19 14:43:42.697 W/[  119.676200@2]- RTW(    0): ============ STA [60:bd:2c:c2:fe:bd]  ===================
06-19 14:43:42.697 W/[  119.676207@2]- RTW(    0): mac_id : 0
06-19 14:43:42.697 W/[  119.676211@2]- RTW(    0): wireless_mode : 0x44
06-19 14:43:42.697 W/[  119.676214@2]- RTW(    0): mimo_type : 2
06-19 14:43:42.697 W/[  119.676218@2]- RTW(    0): static smps : N
06-19 14:43:42.697 W/[  119.676222@2]- RTW(    0): bw_mode : 80MHz, ra_bw_mode : 80MHz
06-19 14:43:42.697 W/[  119.676252@2]- RTW(    0): rate_id : 9
06-19 14:43:42.697 W/[  119.676256@2]- RTW(    0): rssi : -1 (%), rssi_level : 0
06-19 14:43:42.697 W/[  119.676279@2]- RTW(    0): is_support_sgi : Y, is_vht_enable : Y
06-19 14:43:42.697 W/[  119.676283@2]- RTW(    0): disable_ra : N, disable_pt : N
06-19 14:43:42.697 W/[  119.676287@2]- RTW(    0): is_noisy : N
06-19 14:43:42.697 W/[  119.676318@2]- RTW(    0): txrx_state : 0
06-19 14:43:42.697 W/[  119.676323@2]- RTW(    0): curr_tx_rate : CCK_1M (L)
06-19 14:43:42.697 W/[  119.676339@2]- RTW(    0): curr_tx_bw : 20MHz
06-19 14:43:42.697 W/[  119.676343@2]- RTW(    0): curr_retry_ratio : 0
06-19 14:43:42.697 W/[  119.676347@2]- RTW(    0): ra_mask : 0x00000000fffffff0
06-19 14:43:42.697 W/        (    0): [  119.676347@2]-
06-19 14:43:42.697 W/[  119.677061@2]- RTW(    0): wlan0 wakeup macid=0, ori reg_0x4d4=0x00000000
06-19 14:43:42.697 W/[  119.677070@2]s RTW(    0): rtw_xmit_queue_clear(wlan0): disable queue TX for macid=0
06-19 14:43:42.698 W/[  119.677638@2]- RTW(    0): hw_var_set_correct_tsf(wlan0)
06-19 14:43:42.698 W/[  119.677645@2]- RTW(    0): [TSF_SYNC] p0 sync port = N/A
06-19 14:43:42.698 W/[  119.677650@2]- RTW(    0): [TSF_SYNC] timer offset = 0
06-19 14:43:42.698 W/[  119.677657@2]- RTW(    0): hw_var_set_dl_rsvd_page(wlan0):+ hw_port=0 mstatus(1)
06-19 14:43:42.698 W/[  119.678412@1]- RTW(    0): _rtw_hal_set_fw_rsvd_page(wlan0) PageSize: 128, [ NOR ]-RsvdPageNUm: 8
06-19 14:43:42.698 W/[  119.678427@1]- RTW(    0): LocPsPoll: 4
06-19 14:43:42.698 W/[  119.678437@1]- RTW(    0): LocNullData: 5
06-19 14:43:42.698 W/[  119.678443@1]- RTW(    0): LocQosNull: 6
06-19 14:43:42.698 W/[  119.678449@1]- RTW(    0): _rtw_hal_set_fw_rsvd_page PageNum(7), pktlen(896)
06-19 14:43:42.698 W/[  119.678557@1]- RTW(    0): _rtw_hal_set_fw_rsvd_page: Set RSVD page location to Fw ,TotalPacketLen(896), TotalPageNum(7)
06-19 14:43:42.698 W/[  119.678562@1]- RTW(    0): RsvdPageLoc: ProbeRsp=0 PsPoll=4 Null=5 QoSNull=6 BTNull=0
06-19 14:43:42.698 W/[  119.678936@1]- RTW(    0): wlan0: DL RSVD page success! DLBcnCount:1, poll:1
06-19 14:43:42.700 W/[  119.685871@0]- RTW(    0): OnAction_back
06-19 14:43:42.700 W/[  119.685887@0]- RTW(    0): OnAction_back, action=0
06-19 14:43:42.708 W/[  119.693577@2]- RTW(    0): STA Beamforming Capability=0x04
06-19 14:43:42.708 W/[  119.693586@2]- RTW(    0): _get_txvector_parameter: BSSID=60:bd:2c:c2:fe:bd
06-19 14:43:42.708 W/[  119.693591@2]- RTW(    0): _get_txvector_parameter: GROUP_ID=0x00 PARTIAL_AID=0x017b
06-19 14:43:42.708 W/[  119.693596@2]- RTW(    0): _bfer_add_entry: Add BFer entry beamformer_su_reg_maping=0x1, su_reg_index=0
06-19 14:43:42.708 W/[  119.693603@2]- RTW(    0): +rtl8822b_phy_bf_enter: 60:bd:2c:c2:fe:bd
06-19 14:43:42.708 W/[  119.693608@2]- RTW(    0): _config_beamformer_su: Config SU BFer entry HW setting
06-19 14:43:42.708 W/[  119.694348@0]- RTW(    0): _config_beamformer_su: nc=1 nr=0 group=0 codebookinfo=1 coefficientsize=3
06-19 14:43:42.708 W/[  119.694355@0]- RTW(    0): _config_beamformer_su: csi=0x0d01
06-19 14:43:42.708 W/[  119.694714@0]- RTW(    0): -rtl8822b_phy_bf_enter
06-19 14:43:42.708 W/[  119.694732@0]- RTW(    0): rtw_dfs_rd_en_decision(wlan0) needed:0, mlme_act:7, excl_ifbmp:0x00
06-19 14:43:42.708 W/[  119.694737@0]- RTW(    0): rtw_dfs_rd_en_decision(wlan0) ld_sta_num:1, lg_sta_num:0, ap_num:0, mesh_num:0, 36,2,1
06-19 14:43:42.708 W/[  119.694742@0]- RTW(    0): rtw_join_done_chk_ch(wlan0) union:36,2,1
06-19 14:43:42.708 W/[  119.694754@0]- RTW(    0): =>mlmeext_joinbss_event_callback - End to Connection without 4-way
06-19 14:43:42.712 W/[  119.695254@0]- RTW(    0): issue_addba_rsp_wait_ack(wlan0) ra=60:bd:2c:c2:fe:bd status:=0 tid=5 size:64, acked, 1/3 in 0 ms
06-19 14:43:42.792 W/[  119.776480@0]s RTW(    0): recv eapol packet 1/4
06-19 14:43:42.792 W/[  119.776484@0]s RTW(    0): Receive unencrypted eapol key
06-19 14:43:42.792 W/[  119.778114@0]s RTW(    0): send eapol packet 2/4
06-19 14:43:42.792 W/[  119.778128@0]s RTW(    0): Respond unencrypted eapol key
06-19 14:43:42.792 W/[  119.778191@1]- RTW(    0): fill_default_txdesc(wlan0): SP Packet(0x888E) rate=0x4 SeqNum = 1
06-19 14:43:42.793 I/chatty  ( 3839): uid=1000(system) ActivityManager identical 2 lines
06-19 14:43:42.796 W/[  119.780859@0]s RTW(    0): recv eapol packet 3/4
06-19 14:43:42.797 W/[  119.780865@0]s RTW(    0): Receive unencrypted eapol key
06-19 14:43:42.797 W/[  119.781372@1]s RTW(    0): send eapol packet 4/4
06-19 14:43:42.797 W/[  119.781383@1]s RTW(    0): Respond unencrypted eapol key
06-19 14:43:42.797 W/[  119.781442@0]- RTW(    0): fill_default_txdesc(wlan0): SP Packet(0x888E) rate=0x4 SeqNum = 2
06-19 14:43:42.797 W/[  119.781809@1]- RTW(    0): cfg80211_rtw_add_key(wlan0) adding key for 60:bd:2c:c2:fe:bd
06-19 14:43:42.797 W/[  119.781817@1]- RTW(    0): cfg80211_rtw_add_key(wlan0) cipher=0xfac04
06-19 14:43:42.797 W/[  119.781822@1]- RTW(    0): cfg80211_rtw_add_key(wlan0) key_len=16, key_index=0
06-19 14:43:42.801 W/BroadcastQueue( 3839): Background execution not allowed: receiving Intent { act=android.net.wifi.supplicant.STATE_CHANGE flg=0x24000010 (has extras) } to com.iwedia.tvinput/.ConnectionReceiver
06-19 14:43:42.801 W/[  119.781827@1]- RTW(    0): cfg80211_rtw_add_key(wlan0) pairwise=1
06-19 14:43:42.801 W/[  119.781833@1]- RTW(    0): cfg80211_rtw_add_key(wlan0) seq_len:6, seq:0x0
06-19 14:43:42.801 W/[  119.781838@1]- RTW(    0): rtw_cfg80211_set_encryption
06-19 14:43:42.802 W/[  119.781845@1]- RTW(    0): rtw_cfg80211_set_encryption(wlan0) set CCMP PTK idx:0, len:16
06-19 14:43:42.802 W/[  119.781865@1]- RTW(    0): rtw_cfg80211_set_encryption, ret=0
06-19 14:43:42.802 W/[  119.781884@2]- RTW(    0): set pairwise key camid:0, addr:60:bd:2c:c2:fe:bd, kid:0, type:AES
06-19 14:43:42.802 W/[  119.783196@3]- RTW(    0): cfg80211_rtw_add_key(wlan0) cipher=0xfac02
06-19 14:43:42.802 W/[  119.783204@3]- RTW(    0): cfg80211_rtw_add_key(wlan0) key_len=32, key_index=1
06-19 14:43:42.802 W/[  119.783208@3]- RTW(    0): cfg80211_rtw_add_key(wlan0) pairwise=0
06-19 14:43:42.802 W/[  119.783215@3]- RTW(    0): cfg80211_rtw_add_key(wlan0) seq_len:6, seq:0x0
06-19 14:43:42.802 W/[  119.783219@3]- RTW(    0): rtw_cfg80211_set_encryption
06-19 14:43:42.802 W/[  119.783228@3]- RTW(    0): rtw_cfg80211_set_encryption(wlan0) set TKIP GTK idx:1, len:32
06-19 14:43:42.802 W/[  119.783234@3]- RTW(    0): ==> rtw_set_key algorithm(2),keyid(1),key_mask(0)
06-19 14:43:42.802 W/[  119.783248@3]- RTW(    0): rtw_cfg80211_set_encryption, ret=0
06-19 14:43:42.802 W/[  119.783582@3]- RTW(    0): rtw_ndev_notifier_call(wlan0) state:4
06-19 14:43:42.802 W/[  119.784602@1]- RTW(    0): set group key camid:1, addr:60:bd:2c:c2:fe:bd, kid:1, type:TKIP
06-19 14:43:42.803 W/[  119.787339@3]- RTW(    0): cfg80211_rtw_change_station(wlan0) mac:60:bd:2c:c2:fe:bd
06-19 14:43:42.822 D/ConnectivityService( 3839): registerNetworkAgent NetworkAgentInfo{ ni{[type: WIFI[], state: UNKNOWN/IDLE, reason: (unspecified), extra: , failover: false, available: true, roaming: false]}  network{100}  nethandle{432902426637}  lp{{LinkAddresses: [ ] DnsAddresses: [ ] Domains: null MTU: 0 Routes: [ ]}}  nc{[ Transports: WIFI Capabilities: NOT_METERED&INTERNET&NOT_RESTRICTED&TRUSTED&NOT_VPN&NOT_ROAMING&FOREGROUND&NOT_CONGESTED&NOT_SUSPENDED LinkUpBandwidth>=866000Kbps LinkDnBandwidth>=866000Kbps OwnerUid: 1000 SSID: "Airtel_Allwyn parmar" RequestorUid: -1 RequestorPackageName: null]}  Score{20}  everValidated{false}  lastValidated{false}  created{false} lingering{false} explicitlySelected{false} acceptUnvalidated{false} everCaptivePortalDetected{false} lastCaptivePortalDetected{false} partialConnectivity{false} acceptPartialConnectivity{false} clat{mBaseIface: null, mIface: null, mState: IDLE} }
06-19 14:43:42.861 W/BroadcastQueue( 3839): Background execution not allowed: receiving Intent { act=android.net.wifi.supplicant.STATE_CHANGE flg=0x24000010 (has extras) } to com.iwedia.tvinput/.ConnectionReceiver
06-19 14:43:42.887 D/ConnectivityService( 3839): [100 WIFI] EVENT_NETWORK_INFO_CHANGED, going from UNKNOWN to UNKNOWN
06-19 14:43:42.888 D/ConnectivityService( 3839): NetReassign [no changes]
06-19 14:43:42.898 D/ConnectivityService( 3839): Adding iface wlan0 to network 100
06-19 14:43:42.901 E/ConnectivityService( 3839): Exception adding interface: java.lang.IllegalStateException: android.os.ServiceSpecificException: Machine is not on the network (code 64)
06-19 14:43:42.904 W/[  119.890107@0]- RTW(    0): cfg80211_rtw_set_power_mgmt(wlan0) enabled:0, timeout:-1
06-19 14:43:42.927 W/[  119.911297@3]- RTW(    0): fill_default_txdesc(wlan0): SP Packet(0x0800) rate=0x4 SeqNum = 5
06-19 14:43:43.014 W/[  119.994594@1]- RTW(    0): cfg80211_rtw_set_power_mgmt(wlan0) enabled:1, timeout:-1
06-19 14:43:43.017 E/ConnectivityService( 3839): Exception in networkAddRouteParcel for non-gateway: android.os.ServiceSpecificException: Machine is not on the network (code 64)
06-19 14:43:43.019 E/ConnectivityService( 3839): Exception in networkAddRouteParcel for gateway: android.os.ServiceSpecificException: Machine is not on the network (code 64)
06-19 14:43:43.052 D/ConnectivityService( 3839): Setting DNS servers for network 100 to [/192.168.1.1]
06-19 14:43:43.092 D/ConnectivityService( 3839): [100 WIFI] EVENT_NETWORK_INFO_CHANGED, going from UNKNOWN to CONNECTED
06-19 14:43:43.099 D/DnsManager( 3839): sendDnsConfigurationForNetwork(100, [192.168.1.1], [], 1800, 25, 8, 64, 0, 0, , [])
06-19 14:43:43.103 W/DnsManager( 3839): updatePrivateDns(100, PrivateDnsConfig{true:/[]})
06-19 14:43:43.103 D/ConnectivityService( 3839): Setting DNS servers for network 100 to [/192.168.1.1]
06-19 14:43:43.105 D/DnsManager( 3839): sendDnsConfigurationForNetwork(100, [192.168.1.1], [], 1800, 25, 8, 64, 0, 0, , [192.168.1.1])
06-19 14:43:43.106 D/ConnectivityService( 3839): Adding iface wlan0 to network 100
06-19 14:43:43.118 D/ConnectivityService( 3839): Setting DNS servers for network 100 to [/192.168.1.1]
06-19 14:43:43.118 D/DnsManager( 3839): sendDnsConfigurationForNetwork(100, [192.168.1.1], [], 1800, 25, 8, 64, 0, 0, , [192.168.1.1])
06-19 14:43:43.124 W/[  120.107336@2]- RTW(    0): fill_default_txdesc(wlan0): SP Packet(0x0806) rate=0x4 SeqNum = 10
06-19 14:43:43.151 D/ConnectivityService( 3839): NetReassign [1 : null  100, 9 : null  100, 20 : null  100, 12 : null  100, 19 : null  100, 8 : null  100, 13 : null  100, 15 : null  100, 18 : null  100, 11 : null  100, 17 : null  100]
06-19 14:43:43.158 D/ConnectivityService( 3839): Switching to new default network: NetworkAgentInfo{ ni{[type: WIFI[], state: CONNECTED/CONNECTED, reason: (unspecified), extra: , failover: false, available: true, roaming: false]}  network{100}  nethandle{432902426637}  lp{{InterfaceName: wlan0 LinkAddresses: [ fe80::d659:4a44:a6da:d60f/64,192.168.1.33/24 ] DnsAddresses: [ /192.168.1.1 ] Domains: null MTU: 0 ServerAddress: /192.168.1.1 TcpBufferSizes: 524288,1048576,2097152,262144,524288,1048576 Routes: [ ff00::/8 -> :: wlan0 mtu 0,fe80::/64 -> :: wlan0 mtu 0,192.168.1.0/24 -> 0.0.0.0 wlan0 mtu 0,0.0.0.0/0 -> 192.168.1.1 wlan0 mtu 0 ]}}  nc{[ Transports: WIFI Capabilities: NOT_METERED&INTERNET&NOT_RESTRICTED&TRUSTED&NOT_VPN&NOT_ROAMING&FOREGROUND&NOT_CONGESTED&NOT_SUSPENDED LinkUpBandwidth>=672000Kbps LinkDnBandwidth>=672000Kbps SignalStrength: -43 OwnerUid: 1000 SSID: "Airtel_Allwyn parmar" RequestorUid: -1 RequestorPackageName: null]}  Score{20}  everValidated{false}  lastValidated{false}  created{true} lingering{false} explicitlySelected{false} acceptUnvalidated{false} everCaptivePortalDetected{false} lastCaptivePortalDetected{false} partialConnectivity{false} acceptPartialConnectivity{false} clat{mBaseIface: null, mIface: null, mState: IDLE} }
06-19 14:43:43.200 W/[  120.184551@0]- RTW(    0): OnAction_back
06-19 14:43:43.212 W/[  120.184561@0]- RTW(    0): OnAction_back, action=0
06-19 14:43:43.212 W/[  120.185074@3]- RTW(    0): issue_addba_rsp_wait_ack(wlan0) ra=60:bd:2c:c2:fe:bd status:=0 tid=0 size:64, acked, 1/3 in 0 ms
06-19 14:43:43.217 D/ConnectivityService( 3839): Sending CONNECTED broadcast for type 1 [100 WIFI] isDefaultNetwork=true
06-19 14:43:43.313 D/ConnectivityService( 3839): [100 WIFI] validation failed
06-19 14:43:43.327 W/ContextImpl( 5852): Calling a method in the system process without a qualified user: android.app.ContextImpl.bindService:1748 android.content.ContextWrapper.bindService:756 com.jio.adc.core.b.d:56 com.jio.adc.core.b.b:13 com.jio.adc.core.b$c.run:7 
06-19 14:43:43.329 D/CompatibilityChangeReporter( 3839): Compat change id reported: 136219221; UID 10007; state: ENABLED
06-19 14:43:43.335 W/ContextImpl( 5852): Calling a method in the system process without a qualified user: android.app.ContextImpl.startForegroundService:1675 android.content.ContextWrapper.startForegroundService:725 com.rjil.sdmcsetting.BootReceiver.actionOnService:62 com.rjil.sdmcsetting.BootReceiver.onReceive:47 android.app.LoadedApk$ReceiverDispatcher$Args.lambda$getRunnable$0$LoadedApk$ReceiverDispatcher$Args:1580 
06-19 14:43:43.342 W/[  120.324611@0]- RTW(    0): OnAction_back
06-19 14:43:43.345 W/ContextImpl( 6363): Calling a method in the system process without a qualified user: android.app.ContextImpl.startForegroundService:1675 android.content.ContextWrapper.startForegroundService:725 com.jio.jiobackgroundscheduler.JioBackgroundSchedulerService.startPrefetchService:84 com.jio.jiobackgroundscheduler.JioBackgroundSchedulerService.updateServicesList:388 com.jio.jiobackgroundscheduler.JioBackgroundSchedulerService.ServicesListJson:327 
06-19 14:43:43.346 W/ActivityManager( 3839): Unable to start service Intent { cmp=com.jio.media.stb.ondemand.patchwall/.JioPrefetchService (has extras) } U=0: not found
06-19 14:43:43.347 W/[  120.324620@0]- RTW(    0): OnAction_back, action=0
06-19 14:43:43.347 W/[  120.325318@2]- RTW(    0): issue_addba_rsp_wait_ack(wlan0) ra=60:bd:2c:c2:fe:bd status:=0 tid=6 size:64, acked, 1/3 in 0 ms
06-19 14:43:43.375 W/ActivityManager( 3839): Receiver with filter android.content.IntentFilter@4c32585 already registered for pid 5852, callerPackage is com.jio.tr069client
06-19 14:43:43.381 W/ActivityManager( 3839): Receiver with filter android.content.IntentFilter@663afda already registered for pid 5852, callerPackage is com.jio.tr069client
06-19 14:43:43.404 W/ContextImpl( 5852): Calling a method in the system process without a qualified user: android.app.ContextImpl.bindService:1748 android.content.ContextWrapper.bindService:756 com.rjil.sdmcsetting.EndlessService.onStartCommand:203 android.app.ActivityThread.handleServiceArgs:4320 android.app.ActivityThread.access$1800:237 
06-19 14:43:43.497 W/ContextImpl( 4884): Calling a method in the system process without a qualified user: android.app.ContextImpl.sendBroadcast:1126 android.content.ContextWrapper.sendBroadcast:473 insight.tr069.client.tr181.Device.JioSTB.ACS.onSetSTUNError:47 insight.tr069.client.tr181.helpers.STUNClient.<init>:145 insight.tr069.client.tr181.TR181Monitor$1.run:273 
06-19 14:43:43.540 D/NotificationService( 3839): 0|com.jio.dialserver|101|null|10007: granting content://settings/system/notification_sound
06-19 14:43:43.542 I/chatty  ( 3839): uid=1000 system_server identical 2 lines
06-19 14:43:43.542 D/NotificationService( 3839): 0|com.jio.dialserver|101|null|10007: granting content://settings/system/notification_sound
06-19 14:43:43.552 W/NotificationHistory( 3839): Attempted to add notif for locked/gone/disabled user 0
06-19 14:43:43.836 W/ContextImpl( 4884): Calling a method in the system process without a qualified user: android.app.ContextImpl.sendBroadcast:1126 android.content.ContextWrapper.sendBroadcast:473 insight.tr069.client.tr181.Device.JioSTB.ACS.onSetACSError:37 insight.tr069.client.TR069ClientService.makeErrorMessage:813 insight.tr069.client.TR069ClientService.insertNewMessage:829 
06-19 14:43:43.838 W/ContextImpl( 4884): Calling a method in the system process without a qualified user: android.app.ContextImpl.sendBroadcast:1126 android.content.ContextWrapper.sendBroadcast:473 insight.tr069.client.tr181.Device.JioSTB.ACS.onSetACSError:37 insight.tr069.client.TR069ClientService.makeErrorMessage:813 insight.tr069.client.TR069ClientService.insertNewMessage:829 
06-19 14:43:43.841 W/ContextImpl( 4884): Calling a method in the system process without a qualified user: android.app.ContextImpl.sendBroadcast:1126 android.content.ContextWrapper.sendBroadcast:473 insight.tr069.client.tr181.Device.JioSTB.ACS.onSetACSError:37 insight.tr069.client.TR069ClientService.makeErrorMessage:813 insight.tr069.client.TR069ClientService.insertNewMessage:829 
06-19 14:43:44.036 W/[  121.021336@1]- RTW(    0): fill_default_txdesc(wlan0): SP Packet(0x0806) rate=0x4 SeqNum = 75
06-19 14:43:44.346 D/ConnectivityService( 3839): [100 WIFI] validation failed
06-19 14:43:44.448 W/[  121.432346@0]- audit(    0): audit_lost=520 audit_rate_limit=5 audit_backlog_limit=64
06-19 14:43:44.448 E/[  121.432354@0]- audit(    0): rate limit exceeded
06-19 14:43:44.519 W/[  121.502832@1]- RTW(    0): Turbo EDCA =0x5ea42b
07-03 17:02:54.056 D/IWediaSilentRebootFeatureManager( 3839): Time changed, stop current and set new silent reboot alarm
07-03 17:02:54.056 D/IWediaSilentRebootFeatureManager( 3839): stopSilentAlarm : 
07-03 17:02:54.057 I/JobScheduler( 3839): RTC now valid; recalculating persisted job windows
07-03 17:02:54.065 D/CompatibilityChangeReporter( 3839): Compat change id reported: 135634846; UID 10056; state: DISABLED
07-03 17:02:54.066 D/CompatibilityChangeReporter( 3839): Compat change id reported: 143937733; UID 10056; state: DISABLED
07-03 17:02:54.067 W/SyncManager( 3839): Clock is valid now.
07-03 17:02:54.070 D/ConditionProviders.SCP( 3839): onReceive android.intent.action.TIME_SET
07-03 17:02:54.082 W/ContextImpl( 4801): Calling a method in the system process without a qualified user: android.app.ContextImpl.sendBroadcast:1126 android.content.ContextWrapper.sendBroadcast:473 com.iwedia.dtv.common.CommonTifExtnIntentHandler.sendIntent:123 com.iwedia.dtv.common.CommonTifExtnIntentHandler.notifyServiceJsonInfo:87 com.iwedia.dtv.common.CommonTifExtnControl.notifyServiceJsonInfo:778 
07-03 17:02:54.125 W/ActivityManager( 3839): Slow operation: 61ms so far, now at startProcess: returned from zygote!
07-03 17:02:54.126 W/ActivityManager( 3839): Slow operation: 61ms so far, now at startProcess: done updating battery stats
07-03 17:02:54.126 W/ActivityManager( 3839): Slow operation: 61ms so far, now at startProcess: building log message
07-03 17:02:54.126 I/ActivityManager( 3839): Start proc 8577:com.android.deskclock/u0a56 for broadcast {com.android.deskclock/com.android.deskclock.AlarmInitReceiver}
07-03 17:02:54.126 W/ActivityManager( 3839): Slow operation: 61ms so far, now at startProcess: starting to update pids map
07-03 17:02:54.126 W/ActivityManager( 3839): Slow operation: 62ms so far, now at startProcess: done updating pids map
07-03 17:02:54.215 W/Looper  ( 3839): Slow dispatch took 176ms android.fg h=android.os.Handler c=com.android.server.timedetector.-$$Lambda$TimeDetectorService$nU2ruOeSUWWPVvB4A7i7qaumT4s@ddda7e1 m=0
07-03 17:02:54.219 W/ActivityManager( 3839): Slow operation: 77ms so far, now at attachApplicationLocked: after sendPendingBroadcastsLocked
07-03 17:02:54.225 D/IWediaSilentRebootFeatureManager( 3839): startSilentAlarm
07-03 17:02:54.225 D/IWediaSilentRebootFeatureManager( 3839): Cancel previous alarm
07-03 17:02:54.226 D/ConditionProviders.SCP( 3839): evaluateSubscriptionLocked cal=ScheduleCalendar[mDays={1, 2, 3, 4, 5, 6, 7}, mSchedule=ScheduleInfo{days=[1, 2, 3, 4, 5, 6, 7], startHour=22, startMinute=0, endHour=7, endMinute=0, exitAtAlarm=true, nextAlarm=Thu Jan 01 05:30:00 GMT+05:30 1970 (0)}], now=Thu Jul 03 17:02:54 GMT+05:30 2025 (1751542374070), nextUserAlarmTime=Thu Jan 01 05:30:00 GMT+05:30 1970 (0)
07-03 17:02:54.226 D/ConditionProviders.SCP( 3839): notifyCondition condition://android/schedule?days=1.2.3.4.5.6.7&start=22.0&end=7.0&exitAtAlarm=true STATE_FALSE reason=!meetsSchedule
07-03 17:02:54.229 D/ConditionProviders.SCP( 3839): Scheduling evaluate for Thu Jul 03 22:00:00 GMT+05:30 2025 (1751560200000), in +4h57m5s930ms, now=Thu Jul 03 17:02:54 GMT+05:30 2025 (1751542374070)
07-03 17:02:54.229 W/Looper  ( 3839): Slow dispatch took 162ms main h=android.app.ActivityThread$H c=android.app.-$$Lambda$LoadedApk$ReceiverDispatcher$Args$_BumDX2UKsnxLVrE6UJsJZkotuA@e049d60 m=0
07-03 17:02:54.230 D/ConditionProviders.SCP( 3839): onReceive ScheduleConditionProvider.EVALUATE
07-03 17:02:54.236 D/IWediaSilentRebootFeatureManager( 3839): Current time: Thu Jul 03 17:02:54 GMT+05:30 2025
07-03 17:02:54.236 D/IWediaSilentRebootFeatureManager( 3839): Scheduled silent reboot for tomorrow: 4
07-03 17:02:54.239 D/ConditionProviders.SCP( 3839): evaluateSubscriptionLocked cal=ScheduleCalendar[mDays={1, 2, 3, 4, 5, 6, 7}, mSchedule=ScheduleInfo{days=[1, 2, 3, 4, 5, 6, 7], startHour=22, startMinute=0, endHour=7, endMinute=0, exitAtAlarm=true, nextAlarm=Thu Jan 01 05:30:00 GMT+05:30 1970 (0)}], now=Thu Jul 03 17:02:54 GMT+05:30 2025 (1751542374230), nextUserAlarmTime=Thu Jan 01 05:30:00 GMT+05:30 1970 (0)
07-03 17:02:54.239 D/IWediaSilentRebootFeatureManager( 3839): serialNumber: RDTSBHF00010879
07-03 17:02:54.239 D/IWediaSilentRebootFeatureManager( 3839): serial last 4: 879
07-03 17:02:54.239 D/IWediaSilentRebootFeatureManager( 3839): mod: 3
07-03 17:02:54.239 D/IWediaSilentRebootFeatureManager( 3839): startSilentAlarm hour: 4
07-03 17:02:54.239 D/IWediaSilentRebootFeatureManager( 3839): startSilentAlarm minute: 21
07-03 17:02:54.239 D/IWediaSilentRebootFeatureManager( 3839): Silent reboot scheduled after:  Fri Jul 04 04:21:54 GMT+05:30 2025
07-03 17:02:54.239 D/IWediaSilentRebootFeatureManager( 3839): setRepeatingAlarm:  @ Fri Jul 04 04:21:54 GMT+05:30 2025
07-03 17:02:54.240 D/ConditionProviders.SCP( 3839): notifyCondition condition://android/schedule?days=1.2.3.4.5.6.7&start=22.0&end=7.0&exitAtAlarm=true STATE_FALSE reason=!meetsSchedule
07-03 17:02:54.243 D/ConditionProviders.SCP( 3839): Scheduling evaluate for Thu Jul 03 22:00:00 GMT+05:30 2025 (1751560200000), in +4h57m5s770ms, now=Thu Jul 03 17:02:54 GMT+05:30 2025 (1751542374230)
07-03 17:02:54.248 W/ActivityThread( 5852): ClassLoader.loadClass: The class loader returned by Thread.getContextClassLoader() may fail for processes that host multiple applications. You should explicitly specify a context class loader. For example: Thread.setContextClassLoader(getClass().getClassLoader());
07-03 17:02:54.296 D/timedetector.TimeDetectorStrategyCallbackImpl( 3839): Reset inactivity timer on time changed
07-03 17:02:54.298 W/ContextImpl( 3839): Calling a method in the system process without a qualified user: android.app.ContextImpl.sendBroadcast:1111 com.android.server.timedetector.TimeDetectorStrategyCallbackImpl$1.run:135 java.lang.Thread.run:923 <bottom of call stack> <bottom of call stack> 
07-03 17:02:54.788 W/[  123.274462@2]- audit(    0): audit_lost=542 audit_rate_limit=5 audit_backlog_limit=64
07-03 17:02:54.788 E/[  123.274470@2]- audit(    0): rate limit exceeded
07-03 17:02:55.885 W/ContextImpl( 3839): Calling a method in the system process without a qualified user: android.app.ContextImpl.sendBroadcast:1126 android.content.ContextWrapper.sendBroadcast:473 android.util.NtpTrustedTime$3.run:317 java.lang.Thread.run:923 <bottom of call stack> 
07-03 17:02:55.886 W/ContextImpl( 3839): Calling a method in the system process without a qualified user: android.app.ContextImpl.sendBroadcast:1126 android.content.ContextWrapper.sendBroadcast:473 android.util.NtpTrustedTime$3.run:317 java.lang.Thread.run:923 <bottom of call stack> 
07-03 17:02:55.886 W/ContextImpl( 3839): Calling a method in the system process without a qualified user: android.app.ContextImpl.sendBroadcast:1126 android.content.ContextWrapper.sendBroadcast:473 android.util.NtpTrustedTime$3.run:317 java.lang.Thread.run:923 <bottom of call stack> 
07-03 17:02:55.969 I/DropBoxManagerService( 3839): add tag=system_app_strictmode isTagEnabled=true flags=0x2
07-03 17:02:56.134 D/ConnectivityService( 3839): [100 WIFI] validation passed
07-03 17:02:56.135 D/ConnectivityService( 3839): NetReassign [no changes]
07-03 17:02:56.143 D/ConnectivityService( 3839): Setting DNS servers for network 100 to [/192.168.1.1]
07-03 17:02:56.144 D/DnsManager( 3839): sendDnsConfigurationForNetwork(100, [192.168.1.1], [], 1800, 25, 8, 64, 0, 0, , [192.168.1.1])
07-03 17:02:56.289 W/[  124.772973@0]- audit(    0): audit_lost=558 audit_rate_limit=5 audit_backlog_limit=64
07-03 17:02:56.289 E/[  124.772981@0]- audit(    0): rate limit exceeded
07-03 17:02:56.296 D/PackageManager( 3839): Instant App installer not found with android.intent.action.INSTALL_INSTANT_APP_PACKAGE
07-03 17:02:56.296 D/PackageManager( 3839): Clear ephemeral installer activity
07-03 17:02:56.396 W/ContextImpl( 5852): Calling a method in the system process without a qualified user: android.app.ContextImpl.sendBroadcast:1111 android.content.ContextWrapper.sendBroadcast:468 com.rjil.sdmcsetting.NetworkRepositoryImpl.handleSuccess:523 com.rjil.sdmcsetting.NetworkRepositoryImpl.checkNetwork:272 com.rjil.sdmcsetting.NetworkRepositoryImpl.checkNetwork$default:242 
07-03 17:02:56.732 W/[  125.214814@2]- RTW(    0): OnAction_back
07-03 17:02:56.732 W/[  125.214823@2]- RTW(    0): OnAction_back, action=0
07-03 17:02:56.732 W/[  125.215535@2]- RTW(    0): issue_addba_rsp_wait_ack(wlan0) ra=60:bd:2c:c2:fe:bd status:=0 tid=4 size:64, acked, 1/3 in 0 ms
07-03 17:02:56.820 W/[  125.304689@0]s RTW(    0): rtw_issue_addbareq_cmd, p=0
07-03 17:02:56.820 W/[  125.304737@3]- RTW(    0): BA_starting_seqctrl = 502 for TID=0
07-03 17:02:56.820 W/[  125.304775@3]- RTW(    0): issue_addba_req(wlan0) ra=60:bd:2c:c2:fe:bd tid=0
07-03 17:02:56.820 W/[  125.305834@0]- RTW(    0): OnAction_back
07-03 17:02:56.820 W/[  125.305844@0]- RTW(    0): OnAction_back, action=1
07-03 17:02:56.820 W/[  125.305848@0]- RTW(    0): agg_enable for TID=0
07-03 17:02:56.844 W/[  125.326622@0]s RTW(    0): rtw_issue_addbareq_cmd, p=6
07-03 17:02:56.844 W/[  125.326664@1]- RTW(    0): BA_starting_seqctrl = 3 for TID=6
07-03 17:02:56.844 W/[  125.326692@1]- RTW(    0): issue_addba_req(wlan0) ra=60:bd:2c:c2:fe:bd tid=6
07-03 17:02:56.844 W/[  125.329359@0]- RTW(    0): OnAction_back
07-03 17:02:56.844 W/[  125.329369@0]- RTW(    0): OnAction_back, action=1
07-03 17:02:56.844 W/[  125.329372@0]- RTW(    0): agg_enable for TID=6
07-03 17:02:57.039 W/ContextImpl( 3839): Calling a method in the system process without a qualified user: android.app.ContextImpl.sendBroadcast:1126 android.content.ContextWrapper.sendBroadcast:473 android.util.NtpTrustedTime$2.run:290 java.lang.Thread.run:923 <bottom of call stack> 
07-03 17:02:57.341 I/AppsFilter( 3839): interaction: PackageSetting{26a2aa4 com.jio.yt/10083} -> PackageSetting{2714d10 com.netflix.ninja/10053} BLOCKED
07-03 17:02:57.341 I/AppsFilter( 3839): interaction: PackageSetting{2d63bc2 io.appium.uiautomator2.server.test/10038} -> PackageSetting{2714d10 com.netflix.ninja/10053} BLOCKED
07-03 17:02:57.342 I/AppsFilter( 3839): interaction: PackageSetting{578bdd3 io.appium.settings/10085} -> PackageSetting{2714d10 com.netflix.ninja/10053} BLOCKED
07-03 17:02:57.370 I/RoleManagerService( 3839): Granting default roles...
07-03 17:02:57.376 W/[  125.859971@3]- audit(    0): audit_lost=561 audit_rate_limit=5 audit_backlog_limit=64
07-03 17:02:57.376 E/[  125.859979@3]- audit(    0): rate limit exceeded
07-03 17:02:57.774 D/ConnectivityService( 3839): releasing NetworkRequest [ TRACK_DEFAULT id=17, [ Capabilities: INTERNET&NOT_RESTRICTED&TRUSTED Uid: 10071 AdministratorUids: [] RequestorUid: 10071 RequestorPackageName: com.amazon.amazonvideo.livingroom] ] (release request)
07-03 17:02:57.833 W/[  126.316999@3]- RTW(    0): fill_default_txdesc(wlan0): SP Packet(0x0806) rate=0x4 SeqNum = 610
07-03 17:02:58.347 I/UsageStatsService( 3839): User[0] Rollover scheduled @ 2025-07-04 10:09:30(1751603970421)
07-03 17:02:58.347 W/BroadcastQueue( 3839): Permission Denial: broadcasting Intent { act=android.intent.action.HDMI_PLUGGED flg=0x44000010 (has extras) } from null (pid=-1, uid=-1) requires com.netflix.ninja.DYNAMIC_RECEIVER_NOT_EXPORTED_PERMISSION due to registered receiver BroadcastFilter{e522f1 10053/u0 ReceiverList{c1aaa98 7318 com.netflix.ninja/10053/u0 remote:56e7c7b}}
07-03 17:02:58.359 I/UsageStatsService( 3839): User[0] Flushing usage stats to disk
07-03 17:02:58.370 W/BroadcastQueue( 3839): Permission Denial: broadcasting Intent { act=android.net.conn.CONNECTIVITY_CHANGE flg=0x4200010 (has extras) } from null (pid=-1, uid=-1) requires com.netflix.ninja.DYNAMIC_RECEIVER_NOT_EXPORTED_PERMISSION due to registered receiver BroadcastFilter{46034b0 10053/u0 ReceiverList{9f9fff3 7318 com.netflix.ninja/10053/u0 remote:aa8b262}}
07-03 17:02:58.616 E/[  127.100310@3]- init(    0): Unable to set property 'audio.passthrough.enable' from uid:1041 gid:1005 pid:3663: SELinux permission check failed
07-03 17:02:59.060 W/[  127.545684@3]- audit(    0): audit_lost=584 audit_rate_limit=5 audit_backlog_limit=64
07-03 17:02:59.060 E/[  127.545693@3]- audit(    0): rate limit exceeded
07-03 17:02:59.763 W/[  128.247633@2]- healthd(    0): battery l=100 v=4 t=0.0 h=2 st=2 c=1100 fc=10000000 chg=u
07-03 17:03:00.234 W/[  128.719935@3]- audit(    0): audit_lost=598 audit_rate_limit=5 audit_backlog_limit=64
07-03 17:03:00.234 E/[  128.719944@3]- audit(    0): rate limit exceeded
07-03 17:03:01.392 W/[  129.876445@3]- audit(    0): audit_lost=624 audit_rate_limit=5 audit_backlog_limit=64
07-03 17:03:01.392 E/[  129.876453@3]- audit(    0): rate limit exceeded
07-03 17:03:01.848 W/ContextImpl( 6363): Calling a method in the system process without a qualified user: android.app.ContextImpl.stopService:1681 android.content.ContextWrapper.stopService:730 com.jio.jiobackgroundscheduler.JioBackgroundSchedulerService.stopPrefetchService:103 com.jio.jiobackgroundscheduler.JioBackgroundSchedulerService.updateServicesList:390 com.jio.jiobackgroundscheduler.JioBackgroundSchedulerService.ServicesListJson:327 
07-03 17:03:01.850 W/ActivityManager( 3839): Unable to start service Intent { cmp=com.jio.media.stb.ondemand.patchwall/.JioPrefetchService } U=0: not found
07-03 17:03:01.868 I/UsageStatsService( 3839): User[0] Flushing usage stats to disk
07-03 17:03:02.434 W/[  130.918955@1]- audit(    0): audit_lost=641 audit_rate_limit=5 audit_backlog_limit=64
07-03 17:03:02.434 E/[  130.918963@1]- audit(    0): rate limit exceeded
07-03 17:03:03.100 W/[  131.583115@0]- RTW(    0): Turbo EDCA =0x431c
07-03 17:03:04.326 E/IntervalStats( 3839): Unable to parse usage stats package 122
07-03 17:03:04.326 E/IntervalStats( 3839): Unable to parse event package 122
07-03 17:03:04.330 I/chatty  ( 3839): uid=1000(system) Binder:3839_2 identical 61 lines
07-03 17:03:04.330 E/IntervalStats( 3839): Unable to parse event package 122
07-03 17:03:04.337 E/IntervalStats( 3839): Unable to parse usage stats package 122
07-03 17:03:04.337 E/IntervalStats( 3839): Unable to parse event package 122
07-03 17:03:04.337 E/IntervalStats( 3839): Unable to parse event package 122
07-03 17:03:04.468 D/ConnectivityService( 3839): Setting DNS servers for network 100 to [/fe80::1%wlan0, /192.168.1.1]
07-03 17:03:04.469 D/DnsManager( 3839): sendDnsConfigurationForNetwork(100, [fe80::1%wlan0, 192.168.1.1], [], 1800, 25, 8, 64, 0, 0, , [fe80::1%wlan0, 192.168.1.1])
07-03 17:03:05.116 W/[  133.598864@1]- RTW(    0): Turbo EDCA =0x5ea42b
07-03 17:03:09.148 W/[  137.630884@3]- RTW(    0): Turbo EDCA =0x431c
07-03 17:03:09.357 W/[  137.836075@3]- RTW(    0): cfg80211_rtw_scan(wlan0)
07-03 17:03:09.357 W/[  137.836091@3]- RTW(    0): WARN cfg80211_rtw_scan (wlan0) : scan abort!! BusyTraffic
07-03 17:03:12.017 I/UsageStatsService( 3839): User[0] Flushing usage stats to disk
07-03 17:03:14.094 E/IntervalStats( 3839): Unable to parse usage stats package 122
07-03 17:03:14.094 E/IntervalStats( 3839): Unable to parse event package 122
07-03 17:03:14.098 I/chatty  ( 3839): uid=1000(system) pool-4-thread-1 identical 61 lines
07-03 17:03:14.098 E/IntervalStats( 3839): Unable to parse event package 122
07-03 17:03:14.103 E/IntervalStats( 3839): Unable to parse usage stats package 122
07-03 17:03:14.104 E/IntervalStats( 3839): Unable to parse event package 122
07-03 17:03:17.212 W/[  145.694846@1]- RTW(    0): Turbo EDCA =0x5ea42b
07-03 17:03:14.104 E/IntervalStats( 3839): Unable to parse event package 122
07-03 17:03:22.272 I/UsageStatsService( 3839): User[0] Flushing usage stats to disk
07-03 17:03:23.260 W/[  151.742849@2]- RTW(    0): Turbo EDCA =0x431c
07-03 17:03:26.302 W/[  154.786869@1]d NOHZ(    0): local_softirq_pending 08
07-03 17:03:27.359 W/ContextImpl( 4884): Calling a method in the system process without a qualified user: android.app.ContextImpl.sendBroadcast:1126 android.content.ContextWrapper.sendBroadcast:473 insight.tr069.client.tr181.Device.JioSTB.ACS.onSetACSError:37 insight.tr069.client.TR069ClientService.makeErrorMessage:813 insight.tr069.client.TR069ClientService.insertNewMessage:829 
07-03 17:03:27.362 W/ContextImpl( 4884): Calling a method in the system process without a qualified user: android.app.ContextImpl.sendBroadcast:1126 android.content.ContextWrapper.sendBroadcast:473 insight.tr069.client.tr181.Device.JioSTB.ACS.onSetACSError:37 insight.tr069.client.TR069ClientService.makeErrorMessage:813 insight.tr069.client.TR069ClientService.insertNewMessage:829 
07-03 17:03:27.365 W/ContextImpl( 4884): Calling a method in the system process without a qualified user: android.app.ContextImpl.sendBroadcast:1126 android.content.ContextWrapper.sendBroadcast:473 insight.tr069.client.tr181.Device.JioSTB.ACS.onSetACSError:37 insight.tr069.client.TR069ClientService.makeErrorMessage:813 insight.tr069.client.TR069ClientService.insertNewMessage:829 
07-03 17:03:27.370 W/ContextImpl( 5852): Calling a method in the system process without a qualified user: android.app.ContextImpl.bindService:1748 android.content.ContextWrapper.bindService:756 com.jio.adc.core.b.d:56 com.jio.adc.core.b.b:13 com.jio.adc.core.b$c.run:7 
07-03 17:03:28.350 I/[  156.835034@1]s nf_conntrack(    0): default automatic helper assignment has been turned off for security reasons and CT-based  firewall rule not found. Use the iptables CT target to attach helpers instead.
07-03 17:03:29.336 W/[  157.822054@2]- RTW(    0): cfg80211_rtw_scan(wlan0)
07-03 17:03:29.336 W/[  157.822069@2]- RTW(    0): WARN cfg80211_rtw_scan (wlan0) : scan abort!! BusyTraffic
07-03 17:03:31.324 W/[  159.806854@2]- RTW(    0): Turbo EDCA =0x5ea42b
07-03 17:03:32.373 W/[  160.856368@0]- RTW(    0): fill_default_txdesc(wlan0): SP Packet(0x0806) rate=0x4 SeqNum = 1382
07-03 17:03:32.944 I/UsageStatsService( 3839): User[0] Flushing usage stats to disk
07-03 17:03:33.340 W/[  161.822914@2]- RTW(    0): Turbo EDCA =0x431c
07-03 17:03:36.258 W/ContextImpl( 4801): Calling a method in the system process without a qualified user: android.app.ContextImpl.sendBroadcast:1126 android.content.ContextWrapper.sendBroadcast:473 com.iwedia.dtv.common.CommonTifExtnIntentHandler.sendIntent:123 com.iwedia.dtv.common.CommonTifExtnIntentHandler.notifyServiceJsonInfo:87 com.iwedia.dtv.common.CommonTifExtnControl.notifyServiceJsonInfo:778 
07-03 17:03:38.056 W/[  166.538579@3]- RTW(    0): fill_default_txdesc(wlan0): SP Packet(0x0806) rate=0x4 SeqNum = 1654
07-03 17:03:42.520 W/[  171.003811@3]- RTW(    0): fill_default_txdesc(wlan0): SP Packet(0x0806) rate=0x4 SeqNum = 1749
07-03 17:03:43.043 I/UsageStatsService( 3839): User[0] Flushing usage stats to disk
07-03 17:03:46.168 W/[  174.654065@1]- RTW(    0): fill_default_txdesc(wlan0): SP Packet(0x0806) rate=0x4 SeqNum = 2081
07-03 17:03:47.224 W/[  175.706934@3]- RTW(    0): fill_default_txdesc(wlan0): SP Packet(0x0806) rate=0x4 SeqNum = 2118
07-03 17:03:47.452 W/[  175.934887@0]- RTW(    0): Turbo EDCA =0x5ea42b
07-03 17:03:49.468 W/[  177.950893@2]- RTW(    0): Turbo EDCA =0x431c
07-03 17:03:52.348 W/[  180.831637@3]- RTW(    0): fill_default_txdesc(wlan0): SP Packet(0x0806) rate=0x4 SeqNum = 2206
07-03 17:03:54.933 W/[  183.418054@0]- audit(    0): audit_lost=650 audit_rate_limit=5 audit_backlog_limit=64
07-03 17:03:54.933 E/[  183.418061@0]- audit(    0): rate limit exceeded
07-03 17:03:55.515 W/[  183.998928@1]- RTW(    0): Turbo EDCA =0x5ea42b
07-03 17:03:57.532 W/[  186.014880@1]- RTW(    0): Turbo EDCA =0x431c
07-03 17:03:57.888 W/[  186.372663@2]- RTW(    0): fill_default_txdesc(wlan0): SP Packet(0x0806) rate=0x4 SeqNum = 2356
07-03 17:03:59.764 W/[  188.247556@2]- healthd(    0): battery l=100 v=4 t=0.0 h=2 st=2 c=1100 fc=10000000 chg=u
07-03 17:04:02.044 W/[  190.526660@3]- RTW(    0): fill_default_txdesc(wlan0): SP Packet(0x0806) rate=0x4 SeqNum = 2422
07-03 17:04:03.028 W/[  191.512097@2]- RTW(    0): fill_default_txdesc(wlan0): SP Packet(0x0806) rate=0x4 SeqNum = 2443
07-03 17:03:53.164 I/chatty  ( 3839): uid=1000(system) android.bg identical 1 line
07-03 17:04:03.260 I/UsageStatsService( 3839): User[0] Flushing usage stats to disk
07-03 17:04:05.419 D/ConnectivityService( 3839): requestNetwork for uid/pid:10034/4983 NetworkRequest [ TRACK_DEFAULT id=21, [ Capabilities: INTERNET&NOT_RESTRICTED&TRUSTED Uid: 10034 AdministratorUids: [] RequestorUid: 10034 RequestorPackageName: com.iwedia.ui.rjio.launcher.reliance] ]
07-03 17:04:05.420 D/ConnectivityService( 3839): NetReassign [21 : null  100]
07-03 17:04:05.425 D/ConnectivityService( 3839): NetReassign [no changes]
07-03 17:04:05.464 D/AutofillManagerServiceImpl( 3839): Reset component for user 0:
07-03 17:04:05.464 D/AutofillUI( 3839): destroySaveUiUiThread(): already destroyed
07-03 17:04:07.757 W/[  196.240531@3]- RTW(    0): fill_default_txdesc(wlan0): SP Packet(0x0806) rate=0x4 SeqNum = 3404
07-03 17:04:09.348 W/[  197.832921@1]- RTW(    0): cfg80211_rtw_scan(wlan0)
07-03 17:04:09.348 W/[  197.832936@1]- RTW(    0): WARN cfg80211_rtw_scan (wlan0) : scan abort!! BusyTraffic
07-03 17:04:12.256 W/[  200.739092@2]- RTW(    0): fill_default_txdesc(wlan0): SP Packet(0x0806) rate=0x4 SeqNum = 4091
07-03 17:04:13.356 I/UsageStatsService( 3839): User[0] Flushing usage stats to disk
07-03 17:04:14.384 W/ContextImpl( 4884): Calling a method in the system process without a qualified user: android.app.ContextImpl.sendBroadcast:1126 android.content.ContextWrapper.sendBroadcast:473 insight.tr069.client.tr181.Device.JioSTB.ACS.onSetACSError:37 insight.tr069.client.TR069ClientService.makeErrorMessage:813 insight.tr069.client.TR069ClientService.insertNewMessage:829 
07-03 17:04:14.386 W/ContextImpl( 4884): Calling a method in the system process without a qualified user: android.app.ContextImpl.sendBroadcast:1126 android.content.ContextWrapper.sendBroadcast:473 insight.tr069.client.tr181.Device.JioSTB.ACS.onSetACSError:37 insight.tr069.client.TR069ClientService.makeErrorMessage:813 insight.tr069.client.TR069ClientService.insertNewMessage:829 
07-03 17:04:14.388 W/ContextImpl( 4884): Calling a method in the system process without a qualified user: android.app.ContextImpl.sendBroadcast:1126 android.content.ContextWrapper.sendBroadcast:473 insight.tr069.client.tr181.Device.JioSTB.ACS.onSetACSError:37 insight.tr069.client.TR069ClientService.makeErrorMessage:813 insight.tr069.client.TR069ClientService.insertNewMessage:829 
07-03 17:04:14.396 W/ContextImpl( 5852): Calling a method in the system process without a qualified user: android.app.ContextImpl.bindService:1748 android.content.ContextWrapper.bindService:756 com.jio.adc.core.b.d:56 com.jio.adc.core.b.b:13 com.jio.adc.core.b$c.run:7 
07-03 17:04:15.356 W/[  203.838661@0]- RTW(    0): fill_default_txdesc(wlan0): SP Packet(0x0806) rate=0x4 SeqNum = 102
07-03 17:04:17.691 W/[  206.175200@2]- RTW(    0): Turbo EDCA =0x5ea42b
07-03 17:04:17.724 W/[  206.207287@3]- RTW(    0): fill_default_txdesc(wlan0): SP Packet(0x0806) rate=0x4 SeqNum = 226
07-03 17:04:19.708 W/[  208.190913@1]- RTW(    0): Turbo EDCA =0x431c
07-03 17:04:22.525 W/[  211.007068@2]- RTW(    0): fill_default_txdesc(wlan0): SP Packet(0x0806) rate=0x4 SeqNum = 1210
07-03 17:04:23.491 I/UsageStatsService( 3839): User[0] Flushing usage stats to disk
07-03 17:04:27.648 W/[  216.132057@3]- RTW(    0): fill_default_txdesc(wlan0): SP Packet(0x0806) rate=0x4 SeqNum = 1921
07-03 17:04:29.788 W/[  218.271234@0]- RTW(    0): Turbo EDCA =0x5ea42b
07-03 17:04:31.804 W/[  220.286866@3]- RTW(    0): Turbo EDCA =0x431c
07-03 17:04:32.764 W/[  221.248868@0]- RTW(    0): fill_default_txdesc(wlan0): SP Packet(0x0806) rate=0x4 SeqNum = 2195
07-03 17:04:33.633 I/UsageStatsService( 3839): User[0] Flushing usage stats to disk
07-03 17:04:33.821 W/[  222.303105@0]- RTW(    0): Turbo EDCA =0x5ea42b
07-03 17:04:36.788 I/[  225.271701@0]- resman(    0): 25 appname:OMX-22, type=0
07-03 17:04:36.884 E/[  225.369120@2]- ion_import_dma_buf(    0): can not import dmabuf from another exporter
07-03 17:04:36.884 E/[  225.370102@3]- ion_import_dma_buf(    0): can not import dmabuf from another exporter
07-03 17:04:36.895 E/[  225.375833@2]- ion_import_dma_buf(    0): can not import dmabuf from another exporter
07-03 17:04:36.895 E/[  225.376406@1]- ion_import_dma_buf(    0): can not import dmabuf from another exporter
07-03 17:04:36.897 E/[  225.382286@0]- ion_import_dma_buf(    0): can not import dmabuf from another exporter
07-03 17:04:36.897 E/[  225.382932@3]- ion_import_dma_buf(    0): can not import dmabuf from another exporter
07-03 17:04:36.907 E/[  225.387465@0]- ion_import_dma_buf(    0): can not import dmabuf from another exporter
07-03 17:04:36.907 E/[  225.388135@3]- ion_import_dma_buf(    0): can not import dmabuf from another exporter
07-03 17:04:36.907 E/[  225.392897@3]- ion_import_dma_buf(    0): can not import dmabuf from another exporter
07-03 17:04:36.908 E/[  225.393532@0]- ion_import_dma_buf(    0): can not import dmabuf from another exporter
07-03 17:04:36.919 E/[  225.399322@1]- ion_import_dma_buf(    0): can not import dmabuf from another exporter
07-03 17:04:36.919 E/[  225.399898@2]- ion_import_dma_buf(    0): can not import dmabuf from another exporter
07-03 17:04:36.920 E/[  225.405667@0]- ion_import_dma_buf(    0): can not import dmabuf from another exporter
07-03 17:04:36.920 E/[  225.406611@1]- ion_import_dma_buf(    0): can not import dmabuf from another exporter
07-03 17:04:36.928 E/[  225.411406@1]- ion_import_dma_buf(    0): can not import dmabuf from another exporter
07-03 17:04:36.928 E/[  225.412114@1]- ion_import_dma_buf(    0): can not import dmabuf from another exporter
07-03 17:04:36.928 I/[  225.414554@3]- 000000002d46e9cc(    0): alloc space for storing ion_id
07-03 17:04:36.928 I/[  225.414570@3]- 000000002d46e9cc(    0): allocated ion_id:0
07-03 17:04:36.933 I/[  225.414883@3]- resman(    0): 25 acquire [codec_mm], preempt yes
07-03 17:04:36.933 I/[  225.414894@3]- resman(    0): 25 score 60 secure no
07-03 17:04:36.933 I/[  225.414899@3]- resman(    0): 25 acquire [codec_mm] success
07-03 17:04:36.933 D/        (    0): [  225.414968@3]- the demux           clock on, ref cnt: 2
07-03 17:04:36.933 D/        (    0): [  225.414973@3]- the parser_top      clock on, ref cnt: 2
07-03 17:04:36.933 D/        (    0): [  225.414983@3]- the vdec            clock on, ref cnt: 1
07-03 17:04:36.933 D/        (    0): [  225.415005@3]- the clk_vdec_mux    clock on, ref cnt: 1
07-03 17:04:36.933 D/        (    0): [  225.415037@3]- vdec mux clock is 499999992 Hz
07-03 17:04:36.933 D/        (    0): [  225.415175@3]- vdec_create instance 00000000a4195321, total 1, PM: legacy
07-03 17:04:36.933 D/        (    0): [  225.415212@3]- no drmmode
07-03 17:04:36.933 I/        (    0): [  225.415257@3]- is_reset=0
07-03 17:04:36.933 I/        (    0): [  225.415283@3]- vdec_init, dev_name:ammvdec_h264, vdec_type=VDEC_TYPE_FRAME_BLOCK  id = 0
07-03 17:04:36.933 D/        (    0): [  225.416188@3]- ammvdec_h264_mmu_init tvp = 0x0 mmu_enable 0
07-03 17:04:36.933 D/        (    0): [  225.416198@3]- decoder_bmmu_box_alloc_box, tvp_flags = 0
07-03 17:04:36.933 D/[  225.416224@3]- 0(    0): ammvdec_h264_probe mmu_enable 0 double_write_mode 0x10
07-03 17:04:36.938 D/[  225.420738@3]- 0(    0): ammvdec_h264 mem-addr=0,buff_offset=583d0000,buf_start=583c0000
07-03 17:04:36.940 D/        (    0): [  225.420782@3]- vdec mux clock is 666666656 Hz
07-03 17:04:36.940 D/        (    0): [  225.420787@3]- vdec1 video changed to 3840 x 2160 60 fps clk->667MHZ
07-03 17:04:36.940 W/        (    0): [  225.420793@3]- H264 sysinfo: 640x360 duration=3200, pts_outside=1
07-03 17:04:36.940 D/        (    0): [  225.420797@3]- sync_outside=0, use_idr_framerate=0, is_used_v4l: 0
07-03 17:04:36.940 I/        (    0): [  225.420968@3]- [TEE], the fw (h264_multi) will be loaded.
07-03 17:04:36.940 D/        (    0): [  225.421244@0]- vh264_init, phy_addr=7446e000 vaddr=000000002f3b3d3b
07-03 17:04:36.940 D/        (    0): [  225.421793@0]- vfm map vdec-map-0 created
