07-03 16:26:46.194 D/        (    0): [12914.093788@3]d v4lvideo_release_map 0 OK
07-03 16:26:46.199 D/[12914.094697@3]- v4lvid(    0): dbg: vidioc_close!!!!
07-03 16:26:46.199 I/[12914.095784@3]- resman(    0): 50 release [codec_mm]
07-03 16:26:46.218 I/[12914.116659@0]- resman(    0): 51 appname:OMX-46, type=0
07-03 16:26:46.298 I/[12914.193696@1]- resman(    0): 51 acquire [codec_mm], preempt yes
07-03 16:26:46.298 I/[12914.193707@1]- resman(    0): 51 score 60 secure no
07-03 16:26:46.298 I/[12914.193712@1]- resman(    0): 51 acquire [codec_mm] success
07-03 16:26:46.298 D/        (    0): [12914.193741@1]- the demux           clock on, ref cnt: 2
07-03 16:26:46.303 D/        (    0): [12914.193747@1]- the parser_top      clock on, ref cnt: 2
07-03 16:26:46.304 D/        (    0): [12914.193757@1]- the vdec            clock on, ref cnt: 1
07-03 16:26:46.304 D/        (    0): [12914.193780@1]- the clk_hevc_mux    clock on, ref cnt: 1
07-03 16:26:46.304 D/        (    0): [12914.193785@1]- the clk_hevcb_mux   clock on, ref cnt: 1
07-03 16:26:46.304 D/        (    0): [12914.193816@1]- hevc mux clock is 499999992 Hz
07-03 16:26:46.304 D/        (    0): [12914.193832@1]- hevc back mux clock is 499999992 Hz
07-03 16:26:46.304 D/        (    0): [12914.194020@1]- vdec_create instance 0000000065b01096, total 1, PM: legacy
07-03 16:26:46.304 D/        (    0): [12914.194055@1]- no drmmode
07-03 16:26:46.304 I/        (    0): [12914.194083@1]- is_reset=0
07-03 16:26:46.304 I/        (    0): [12914.194110@1]- vdec_init, dev_name:ammvdec_h265, vdec_type=VDEC_TYPE_FRAME_BLOCK  id = 0
07-03 16:26:46.304 D/[12914.194914@1]- [0]pdata->config=hevc_buf_width(    0): 1920;hevc_buf_height:1088;hevc_buf_margin:0;hevc_double_write_mode:16;save_buffer_mode:0;
07-03 16:26:46.304 D/        (    0): [12914.194946@1]- decoder_bmmu_box_alloc_box, tvp_flags = 0
07-03 16:26:46.304 D/        (    0): [12914.195837@1]- [0]dynamic_buf_num_margin=9
07-03 16:26:46.304 D/        (    0): [12914.195845@1]- [0]double_write_mode=16
07-03 16:26:46.304 D/[12914.195854@1]- [0]h265(    0): pts_unstable=0
07-03 16:26:46.304 D/[12914.195860@1]- [0]h265(    0): ver (201602101,0) decinfo: 0x0 rate=3600
07-03 16:26:46.304 I/        (    0): [12914.201046@1]- [TEE], the fw (hevc_mmu) will be loaded.
07-03 16:26:46.304 D/        (    0): [12914.201094@1]- hevc mux clock is 666666656 Hz
07-03 16:26:46.304 D/        (    0): [12914.201110@1]- hevc back mux clock is 666666656 Hz
07-03 16:26:46.304 D/        (    0): [12914.201115@1]- hevc video changed to 3840 x 2160 60 fps clk->667MHZ
07-03 16:26:46.304 D/        (    0): [12914.201169@1]- vfm map vdec-map-0 created
07-03 16:26:46.304 I/[12914.201189@1]- dim(    0): ch[1]:di_receiver_event_fun,8:_REG
07-03 16:26:46.304 I/[12914.201194@1]- dim(    0): reg:vdec.h265.00[49]
07-03 16:26:46.304 I/[12914.201309@1]- dim(    0): reg:use[0]ms
07-03 16:26:46.304 E/[12914.201324@1]- reg(    0): v4lvideo
07-03 16:26:46.304 I/[12914.201330@1]- dim(    0): ch[1]:di_receiver_event_fun,3:_START
07-03 16:26:46.304 D/        (    0): [12914.201336@1]- vdec_init, vf_provider_name = vdec.h265.00, b 0
07-03 16:26:46.304 I/        (    0): [12914.203569@1]- vdec->port_flag=0x102, port_flag=0x10b
07-03 16:26:46.341 D/[12914.206260@1]- v4lvid(    0): dbg: v4lvideo open
07-03 16:26:46.341 E/        (    0): [12914.233221@0]- mmu box NULL !!!
07-03 16:26:46.341 D/        (    0): [12914.233233@0]- [0]vh265 cached=0  need_size=6144 speed= 36 ms
07-03 16:26:46.341 D/        (    0): [12914.233891@1]- [0]hevc->performance_profile 0
07-03 16:26:46.341 D/        (    0): [12914.233899@1]- [0]set pic_list_init_flag 1
07-03 16:26:46.362 D/        (    0): [12914.262397@1]- [0]init_buf_spec2 1920 1080
07-03 16:26:46.362 D/        (    0): [12914.262405@1]- [0]set pic_list_init_flag to 2
07-03 16:26:46.362 D/        (    0): [12914.262449@1]- [0]set pic_list_init_flag to 3
07-03 16:26:46.362 D/        (    0): [12914.262454@1]- [vdec_kpi][vh265_isr_thread_fn] First I frame coming.
07-03 16:26:46.370 D/[12914.266686@1]- [0]VH265(    0): output first frame
07-03 16:26:46.387 D/        (    0): [12914.266710@1]- [vdec_kpi][post_video_frame] First I frame decoded.
07-03 16:26:46.387 I/[12914.266784@1]- dim(    0): value reg:ch[1]:fix_buf:0;ponly <0,0>
07-03 16:26:46.388 I/[12914.266796@1]- dim(    0): 1920x1080-0x9000.
07-03 16:26:46.388 I/[12914.268083@2]- v4lvideo(    0): provider name: vdec.h265.00
07-03 16:26:46.394 I/        (    0): [12914.291170@0]- is_reset=1
07-03 16:26:46.394 I/[12914.292599@0]- vframe_rate_uevent(    0): sent uevent FRAME_RATE_HINT=0
07-03 16:26:46.394 D/        (    0): [12914.294630@0]s [0]vdec requested to be disconnected
07-03 16:26:46.395 D/[12914.294697@3]- [0]vh265_work_implement(    0): force exit end
07-03 16:26:46.395 I/[12914.294848@0]- dim(    0): ch[1]:di_receiver_event_fun,1:_UNREG
07-03 16:26:46.395 E/[12914.294864@0]- unreg(    0): v4lvideo
07-03 16:26:46.395 I/[12914.295030@1]- dim(    0): unreg:2keep[4], msk:[0xc820,0x0]
07-03 16:26:46.406 I/[12914.306266@3]- dim(    0): unreg:use[12]ms
07-03 16:26:46.406 D/        (    0): [12914.306298@3]- vdec_disable_DMC input->target= 0x1
07-03 16:26:46.410 D/        (    0): [12914.309574@3]- vdec_release instance 0000000065b01096, total 1 id = 0
07-03 16:26:46.410 D/        (    0): [12914.309751@3]- the clk_hevc_mux    clock off, ref cnt: 0
07-03 16:26:46.410 D/        (    0): [12914.309758@3]- the clk_hevcb_mux   clock off, ref cnt: 0
07-03 16:26:46.410 D/        (    0): [12914.309768@3]- the vdec            clock off, ref cnt: 0
07-03 16:26:46.410 D/        (    0): [12914.309772@3]- the parser_top      clock off, ref cnt: 1
07-03 16:26:46.410 D/        (    0): [12914.309776@3]- the demux           clock off, ref cnt: 1
07-03 16:26:46.410 D/        (    0): [12914.309839@3]- the demux           clock on, ref cnt: 2
07-03 16:26:46.411 D/        (    0): [12914.309844@3]- the parser_top      clock on, ref cnt: 2
07-03 16:26:46.411 D/        (    0): [12914.309851@3]- the vdec            clock on, ref cnt: 1
07-03 16:26:46.411 D/        (    0): [12914.309869@3]- the clk_hevc_mux    clock on, ref cnt: 1
07-03 16:26:46.411 D/        (    0): [12914.309873@3]- the clk_hevcb_mux   clock on, ref cnt: 1
07-03 16:26:46.412 D/        (    0): [12914.309903@3]- hevc mux clock is 499999992 Hz
07-03 16:26:46.412 D/        (    0): [12914.309920@3]- hevc back mux clock is 499999992 Hz
07-03 16:26:46.412 D/        (    0): [12914.310112@3]- vdec_create instance 000000004d6ef5cc, total 1, PM: legacy
07-03 16:26:46.412 D/        (    0): [12914.310152@3]- no drmmode
07-03 16:26:46.412 I/        (    0): [12914.310186@3]- is_reset=1
07-03 16:26:46.412 I/        (    0): [12914.310213@3]- vdec_init, dev_name:ammvdec_h265, vdec_type=VDEC_TYPE_FRAME_BLOCK  id = 0
07-03 16:26:46.412 D/[12914.310990@3]- [0]pdata->config=hevc_buf_width(    0): 1920;hevc_buf_height:1088;hevc_buf_margin:0;hevc_double_write_mode:16;save_buffer_mode:0;
07-03 16:26:46.412 D/        (    0): [12914.311022@3]- decoder_bmmu_box_alloc_box, tvp_flags = 0
07-03 16:26:46.414 D/        (    0): [12914.314272@2]- [0]dynamic_buf_num_margin=9
07-03 16:26:46.415 D/        (    0): [12914.314281@2]- [0]double_write_mode=16
07-03 16:26:46.415 D/[12914.314292@2]- [0]h265(    0): pts_unstable=0
07-03 16:26:46.415 D/[12914.314298@2]- [0]h265(    0): ver (201602101,0) decinfo: 0x0 rate=3600
07-03 16:26:46.419 I/        (    0): [12914.316983@3]- [TEE], the fw (hevc_mmu) will be loaded.
07-03 16:26:46.419 D/        (    0): [12914.317038@3]- hevc mux clock is 666666656 Hz
07-03 16:26:46.419 D/        (    0): [12914.317055@3]- hevc back mux clock is 666666656 Hz
07-03 16:26:46.419 D/        (    0): [12914.317061@3]- hevc video changed to 3840 x 2160 60 fps clk->667MHZ
07-03 16:26:46.419 D/        (    0): [12914.317153@3]- vfm map vdec-map-0 created
07-03 16:26:46.419 I/[12914.317177@3]- dim(    0): ch[1]:di_receiver_event_fun,8:_REG
07-03 16:26:46.419 I/[12914.317182@3]- dim(    0): reg:vdec.h265.00[50]
07-03 16:26:46.419 I/[12914.317730@3]- dim(    0): reg:use[0]ms
07-03 16:26:46.419 E/[12914.317791@3]- reg(    0): v4lvideo
07-03 16:26:46.419 I/[12914.317799@3]- dim(    0): ch[1]:di_receiver_event_fun,3:_START
07-03 16:26:46.420 D/        (    0): [12914.317805@3]- vdec_init, vf_provider_name = vdec.h265.00, b 0
07-03 16:26:46.423 I/        (    0): [12914.320466@3]- vdec->port_flag=0x102, port_flag=0x10b
07-03 16:26:46.423 I/        (    0): [12914.320567@3]- is_reset=0
07-03 16:26:46.462 I/        (    0): [12914.359017@2]- is_reset=1
07-03 16:26:46.464 I/[12914.359622@2]- vframe_rate_uevent(    0): sent uevent FRAME_RATE_HINT=0
07-03 16:26:46.464 I/[12914.359720@2]- dim(    0): ch[1]:di_receiver_event_fun,1:_UNREG
07-03 16:26:46.464 E/[12914.359732@2]- unreg(    0): v4lvideo
07-03 16:26:46.464 I/[12914.360297@3]- dim(    0): unreg:use[1]ms
07-03 16:26:46.464 D/        (    0): [12914.360332@3]- vdec_disable_DMC input->target= 0x1
07-03 16:26:46.464 D/        (    0): [12914.360819@0]- vdec_release instance 000000004d6ef5cc, total 1 id = 0
07-03 16:26:46.464 D/        (    0): [12914.360979@0]- the clk_hevc_mux    clock off, ref cnt: 0
07-03 16:26:46.464 D/        (    0): [12914.360985@0]- the clk_hevcb_mux   clock off, ref cnt: 0
07-03 16:26:46.464 D/        (    0): [12914.360994@0]- the vdec            clock off, ref cnt: 0
07-03 16:26:46.464 D/        (    0): [12914.360998@0]- the parser_top      clock off, ref cnt: 1
07-03 16:26:46.464 D/        (    0): [12914.361002@0]- the demux           clock off, ref cnt: 1
07-03 16:26:46.464 D/        (    0): [12914.361069@0]- the demux           clock on, ref cnt: 2
07-03 16:26:46.464 D/        (    0): [12914.361074@0]- the parser_top      clock on, ref cnt: 2
07-03 16:26:46.464 D/        (    0): [12914.361080@0]- the vdec            clock on, ref cnt: 1
07-03 16:26:46.464 D/        (    0): [12914.361099@0]- the clk_hevc_mux    clock on, ref cnt: 1
07-03 16:26:46.464 D/        (    0): [12914.361104@0]- the clk_hevcb_mux   clock on, ref cnt: 1
07-03 16:26:46.466 D/        (    0): [12914.361136@0]- hevc mux clock is 499999992 Hz
07-03 16:26:46.467 D/        (    0): [12914.361152@0]- hevc back mux clock is 499999992 Hz
07-03 16:26:46.467 D/        (    0): [12914.361371@0]- vdec_create instance 0000000033b19894, total 1, PM: legacy
07-03 16:26:46.467 D/        (    0): [12914.361412@0]- no drmmode
07-03 16:26:46.467 I/        (    0): [12914.361454@0]- is_reset=1
07-03 16:26:46.467 I/        (    0): [12914.361483@0]- vdec_init, dev_name:ammvdec_h265, vdec_type=VDEC_TYPE_FRAME_BLOCK  id = 0
07-03 16:26:46.467 D/[12914.362181@0]- [0]pdata->config=hevc_buf_width(    0): 1920;hevc_buf_height:1088;hevc_buf_margin:0;hevc_double_write_mode:16;save_buffer_mode:0;
07-03 16:26:46.467 D/        (    0): [12914.362214@0]- decoder_bmmu_box_alloc_box, tvp_flags = 0
07-03 16:26:46.467 D/        (    0): [12914.363218@0]- [0]dynamic_buf_num_margin=9
07-03 16:26:46.467 D/        (    0): [12914.363225@0]- [0]double_write_mode=16
07-03 16:26:46.467 D/[12914.363234@0]- [0]h265(    0): pts_unstable=0
07-03 16:26:46.467 D/[12914.363240@0]- [0]h265(    0): ver (201602101,0) decinfo: 0x0 rate=3600
07-03 16:26:46.467 I/        (    0): [12914.363760@3]- [TEE], the fw (hevc_mmu) will be loaded.
07-03 16:26:46.468 D/        (    0): [12914.363808@3]- hevc mux clock is 666666656 Hz
07-03 16:26:46.468 D/        (    0): [12914.363824@3]- hevc back mux clock is 666666656 Hz
07-03 16:26:46.468 D/        (    0): [12914.363830@3]- hevc video changed to 3840 x 2160 60 fps clk->667MHZ
07-03 16:26:46.468 D/        (    0): [12914.363879@3]- vfm map vdec-map-0 created
07-03 16:26:46.468 I/[12914.363899@3]- dim(    0): ch[1]:di_receiver_event_fun,8:_REG
07-03 16:26:46.468 I/[12914.363904@3]- dim(    0): reg:vdec.h265.00[51]
07-03 16:26:46.468 I/[12914.366003@3]- dim(    0): reg:use[2]ms
07-03 16:26:46.468 E/[12914.366032@3]- reg(    0): v4lvideo
07-03 16:26:46.468 I/[12914.366042@3]- dim(    0): ch[1]:di_receiver_event_fun,3:_START
07-03 16:26:46.468 D/        (    0): [12914.366047@3]- vdec_init, vf_provider_name = vdec.h265.00, b 0
07-03 16:26:46.473 I/        (    0): [12914.368704@2]- vdec->port_flag=0x102, port_flag=0x10b
07-03 16:26:46.473 I/        (    0): [12914.368814@2]- is_reset=0
07-03 16:26:46.644 E/        (    0): [12914.543081@2]- mmu box NULL !!!
07-03 16:26:46.645 D/        (    0): [12914.543093@2]- [0]vh265 cached=0  need_size=6144 speed= 184 ms
07-03 16:26:46.645 D/        (    0): [12914.543706@0]- [0]hevc->performance_profile 0
07-03 16:26:46.645 D/        (    0): [12914.543714@0]- [0]set pic_list_init_flag 1
07-03 16:26:46.679 D/        (    0): [12914.577290@3]- [0]init_buf_spec2 1920 1080
07-03 16:26:46.680 D/        (    0): [12914.577298@3]- [0]set pic_list_init_flag to 2
07-03 16:26:46.680 D/        (    0): [12914.577339@0]- [0]set pic_list_init_flag to 3
07-03 16:26:46.680 D/        (    0): [12914.577344@0]- [vdec_kpi][vh265_isr_thread_fn] First I frame coming.
07-03 16:26:46.687 D/[12914.581607@0]- [0]VH265(    0): output first frame
07-03 16:26:46.687 D/        (    0): [12914.581631@0]- [vdec_kpi][post_video_frame] First I frame decoded.
07-03 16:26:46.687 I/[12914.581706@1]- dim(    0): value reg:ch[1]:fix_buf:0;ponly <0,0>
07-03 16:26:46.687 I/[12914.581716@1]- dim(    0): 1920x1080-0x9000.
07-03 16:26:46.687 I/[12914.582691@1]- v4lvideo(    0): provider name: vdec.h265.00
07-03 16:26:46.765 D/        (    0): [12914.656371@0]- cal_dur_from_pts vstatus 3840 dur3600 -> 3840, revised 3840
07-03 16:26:46.766 I/[12914.660738@0]- vframe_rate_uevent(    0): sent uevent FRAME_RATE_HINT=3840
07-03 16:26:48.366 W/[12916.264582@2]- RTW(    0): fill_default_txdesc(wlan0): SP Packet(0x0806) rate=0x4 SeqNum = 2130
07-03 16:26:48.646 W/[12916.542629@0]- RTW(    0): fill_default_txdesc(wlan0): SP Packet(0x0806) rate=0x4 SeqNum = 2537
07-03 16:26:53.106 W/[12921.005415@1]- RTW(    0): fill_default_txdesc(wlan0): SP Packet(0x0806) rate=0x4 SeqNum = 2668
07-03 16:26:53.159 W/[12921.057086@1]- RTW(    0): Turbo EDCA =0x5ea42b
07-03 16:26:53.262 W/[12921.162387@0]- audit(    0): audit_lost=5003 audit_rate_limit=5 audit_backlog_limit=64
07-03 16:26:53.262 E/[12921.162398@0]- audit(    0): rate limit exceeded
07-03 16:26:55.174 W/[12923.070919@3]- RTW(    0): Turbo EDCA =0x431c
07-03 16:26:57.190 W/[12925.086959@0]- RTW(    0): Turbo EDCA =0x5ea42b
07-03 16:26:58.570 W/[12926.468563@3]- RTW(    0): fill_default_txdesc(wlan0): SP Packet(0x0806) rate=0x4 SeqNum = 3405
07-03 16:27:01.222 W/[12929.118916@1]- RTW(    0): Turbo EDCA =0x431c
07-03 16:27:03.238 W/[12931.134913@3]- RTW(    0): Turbo EDCA =0x5ea42b
07-03 16:27:03.599 W/[12931.497984@2]- RTW(    0): fill_default_txdesc(wlan0): SP Packet(0x0806) rate=0x4 SeqNum = 4074
07-03 16:27:07.270 W/[12935.167316@3]- RTW(    0): Turbo EDCA =0x431c
07-03 16:27:08.709 W/[12936.607403@3]- RTW(    0): fill_default_txdesc(wlan0): SP Packet(0x0806) rate=0x4 SeqNum = 412
07-03 16:27:09.284 W/[12937.183046@1]- RTW(    0): Turbo EDCA =0x5ea42b
07-03 16:27:09.674 W/[12937.573362@3]- RTW(    0): cfg80211_rtw_scan(wlan0)
07-03 16:27:09.674 W/[12937.573373@3]- RTW(    0): cfg80211_rtw_scan (wlan0) : scan deny
07-03 16:27:13.366 W/[12941.263346@3]- RTW(    0): fill_default_txdesc(wlan0): SP Packet(0x0806) rate=0x4 SeqNum = 656
07-03 16:27:15.332 W/[12943.230948@1]- RTW(    0): Turbo EDCA =0x431c
07-03 16:27:17.348 W/[12945.246926@1]- RTW(    0): Turbo EDCA =0x5ea42b
07-03 16:27:18.550 W/[12946.448689@2]- RTW(    0): fill_default_txdesc(wlan0): SP Packet(0x0806) rate=0x4 SeqNum = 1080
07-03 16:27:21.381 W/[12949.281428@0]- RTW(    0): Turbo EDCA =0x431c
07-03 16:27:09.860 I/chatty  ( 3835): uid=1000(system) android.bg identical 4 lines
07-03 16:27:19.960 I/UsageStatsService( 3835): User[0] Flushing usage stats to disk
07-03 16:27:21.884 D/AutofillManagerService( 3835): onBackKeyPressed()
07-03 16:27:21.943 I/        (    0): [12949.839745@2]- is_reset=1
07-03 16:27:21.943 I/[12949.840073@2]- vframe_rate_uevent(    0): sent uevent FRAME_RATE_HINT=0
07-03 16:27:21.943 I/[12949.840707@2]- dim(    0): ch[1]:di_receiver_event_fun,1:_UNREG
07-03 16:27:21.943 E/[12949.840752@2]- unreg(    0): v4lvideo
07-03 16:27:21.943 I/[12949.840820@1]- dim(    0): unreg:2keep[4], msk:[0x0,0x0]
07-03 16:27:21.956 I/[12949.852201@0]- dim(    0): unreg:use[12]ms
07-03 16:27:21.956 D/        (    0): [12949.852231@0]- vdec_disable_DMC input->target= 0x1
07-03 16:27:21.956 D/        (    0): [12949.854357@0]- vdec_release instance 0000000033b19894, total 1 id = 0
07-03 16:27:21.956 D/        (    0): [12949.854595@0]- the clk_hevc_mux    clock off, ref cnt: 0
07-03 16:27:21.956 D/        (    0): [12949.854602@0]- the clk_hevcb_mux   clock off, ref cnt: 0
07-03 16:27:21.956 D/        (    0): [12949.854611@0]- the vdec            clock off, ref cnt: 0
07-03 16:27:21.956 D/        (    0): [12949.854615@0]- the parser_top      clock off, ref cnt: 1
07-03 16:27:21.956 D/        (    0): [12949.854618@0]- the demux           clock off, ref cnt: 1
07-03 16:27:21.956 D/        (    0): [12949.854735@0]- the demux           clock on, ref cnt: 2
07-03 16:27:21.956 D/        (    0): [12949.854740@0]- the parser_top      clock on, ref cnt: 2
07-03 16:27:21.956 D/        (    0): [12949.854748@0]- the vdec            clock on, ref cnt: 1
07-03 16:27:21.956 D/        (    0): [12949.854769@0]- the clk_hevc_mux    clock on, ref cnt: 1
07-03 16:27:21.956 D/        (    0): [12949.854774@0]- the clk_hevcb_mux   clock on, ref cnt: 1
07-03 16:27:21.956 D/        (    0): [12949.854806@0]- hevc mux clock is 499999992 Hz
07-03 16:27:21.956 D/        (    0): [12949.854822@0]- hevc back mux clock is 499999992 Hz
07-03 16:27:21.956 D/        (    0): [12949.854908@0]- vdec_create instance 0000000060e87b86, total 1, PM: legacy
07-03 16:27:21.956 D/        (    0): [12949.854947@0]- no drmmode
07-03 16:27:21.956 I/        (    0): [12949.855011@0]- is_reset=1
07-03 16:27:21.956 I/        (    0): [12949.855036@0]- vdec_init, dev_name:ammvdec_h265, vdec_type=VDEC_TYPE_FRAME_BLOCK  id = 0
07-03 16:27:21.956 D/[12949.855639@0]- [0]pdata->config=hevc_buf_width(    0): 1920;hevc_buf_height:1088;hevc_buf_margin:0;hevc_double_write_mode:16;save_buffer_mode:0;
07-03 16:27:21.956 D/        (    0): [12949.855672@0]- decoder_bmmu_box_alloc_box, tvp_flags = 0
07-03 16:27:21.959 D/        (    0): [12949.857007@3]- [0]dynamic_buf_num_margin=9
07-03 16:27:21.972 D/        (    0): [12949.857016@3]- [0]double_write_mode=16
07-03 16:27:21.973 D/[12949.857026@3]- [0]h265(    0): pts_unstable=0
07-03 16:27:21.973 D/[12949.857032@3]- [0]h265(    0): ver (201602101,0) decinfo: 0x0 rate=3600
07-03 16:27:21.975 I/        (    0): [12949.858596@3]- [TEE], the fw (hevc_mmu) will be loaded.
07-03 16:27:21.975 D/        (    0): [12949.858709@3]- hevc mux clock is 666666656 Hz
07-03 16:27:21.975 D/        (    0): [12949.858725@3]- hevc back mux clock is 666666656 Hz
07-03 16:27:21.975 D/        (    0): [12949.858730@3]- hevc video changed to 3840 x 2160 60 fps clk->667MHZ
07-03 16:27:21.975 D/        (    0): [12949.858798@3]- vfm map vdec-map-0 created
07-03 16:27:21.975 I/[12949.858819@3]- dim(    0): ch[1]:di_receiver_event_fun,8:_REG
07-03 16:27:21.975 I/[12949.858824@3]- dim(    0): reg:vdec.h265.00[52]
07-03 16:27:21.976 I/[12949.859411@0]- dim(    0): reg:use[1]ms
07-03 16:27:21.977 E/[12949.859931@0]- reg(    0): v4lvideo
07-03 16:27:21.977 I/[12949.859943@0]- dim(    0): ch[1]:di_receiver_event_fun,3:_START
07-03 16:27:21.982 D/        (    0): [12949.859972@0]- vdec_init, vf_provider_name = vdec.h265.00, b 0
07-03 16:27:21.983 I/        (    0): [12949.861452@3]- vdec->port_flag=0x102, port_flag=0x10b
07-03 16:27:21.983 I/        (    0): [12949.861599@3]- is_reset=0
07-03 16:27:21.983 I/        (    0): [12949.877511@2]- is_reset=1
07-03 16:27:21.983 I/[12949.878213@2]- vframe_rate_uevent(    0): sent uevent FRAME_RATE_HINT=0
07-03 16:27:21.983 I/[12949.880603@2]- dim(    0): ch[1]:di_receiver_event_fun,1:_UNREG
07-03 16:27:21.983 E/[12949.880618@2]- unreg(    0): v4lvideo
07-03 16:27:21.983 I/[12949.881199@0]- dim(    0): unreg:use[1]ms
07-03 16:27:21.983 D/        (    0): [12949.881326@0]- vdec_disable_DMC input->target= 0x1
07-03 16:27:21.983 D/        (    0): [12949.882088@0]- vdec_release instance 0000000060e87b86, total 1 id = 0
07-03 16:27:21.983 D/        (    0): [12949.882376@0]- the clk_hevc_mux    clock off, ref cnt: 0
07-03 16:27:21.983 D/        (    0): [12949.882384@0]- the clk_hevcb_mux   clock off, ref cnt: 0
07-03 16:27:21.983 D/        (    0): [12949.882394@0]- the vdec            clock off, ref cnt: 0
07-03 16:27:21.983 D/        (    0): [12949.882398@0]- the parser_top      clock off, ref cnt: 1
07-03 16:27:21.983 D/        (    0): [12949.882402@0]- the demux           clock off, ref cnt: 1
07-03 16:27:21.992 D/        (    0): [12949.884821@0]- the demux           clock on, ref cnt: 2
07-03 16:27:22.037 D/        (    0): [12949.884831@0]- the parser_top      clock on, ref cnt: 2
07-03 16:27:22.037 D/        (    0): [12949.884841@0]- the vdec            clock on, ref cnt: 1
07-03 16:27:22.038 D/        (    0): [12949.884863@0]- the clk_hevc_mux    clock on, ref cnt: 1
07-03 16:27:22.038 D/        (    0): [12949.884868@0]- the clk_hevcb_mux   clock on, ref cnt: 1
07-03 16:27:22.038 D/        (    0): [12949.884900@0]- hevc mux clock is 499999992 Hz
07-03 16:27:22.038 D/        (    0): [12949.884916@0]- hevc back mux clock is 499999992 Hz
07-03 16:27:22.038 D/        (    0): [12949.885001@0]- vdec_create instance 00000000dea412a3, total 1, PM: legacy
07-03 16:27:22.038 D/        (    0): [12949.885066@0]- no drmmode
07-03 16:27:22.038 I/        (    0): [12949.885117@0]- is_reset=1
07-03 16:27:22.038 I/        (    0): [12949.885144@0]- vdec_init, dev_name:ammvdec_h265, vdec_type=VDEC_TYPE_FRAME_BLOCK  id = 0
07-03 16:27:22.038 D/[12949.886176@0]- [0]pdata->config=hevc_buf_width(    0): 1920;hevc_buf_height:1088;hevc_buf_margin:0;hevc_double_write_mode:16;save_buffer_mode:0;
07-03 16:27:22.038 D/        (    0): [12949.886209@0]- decoder_bmmu_box_alloc_box, tvp_flags = 0
07-03 16:27:22.039 D/        (    0): [12949.886842@1]- [0]dynamic_buf_num_margin=9
07-03 16:27:22.039 D/        (    0): [12949.886849@1]- [0]double_write_mode=16
07-03 16:27:22.039 D/[12949.886858@1]- [0]h265(    0): pts_unstable=0
07-03 16:27:22.039 D/[12949.886864@1]- [0]h265(    0): ver (201602101,0) decinfo: 0x0 rate=3600
07-03 16:27:22.039 I/        (    0): [12949.887158@1]- [TEE], the fw (hevc_mmu) will be loaded.
07-03 16:27:22.039 D/        (    0): [12949.887203@1]- hevc mux clock is 666666656 Hz
07-03 16:27:22.039 D/        (    0): [12949.887219@1]- hevc back mux clock is 666666656 Hz
07-03 16:27:22.039 D/        (    0): [12949.887224@1]- hevc video changed to 3840 x 2160 60 fps clk->667MHZ
07-03 16:27:22.039 D/        (    0): [12949.887275@1]- vfm map vdec-map-0 created
07-03 16:27:22.039 I/[12949.887296@1]- dim(    0): ch[1]:di_receiver_event_fun,8:_REG
07-03 16:27:22.039 I/[12949.887301@1]- dim(    0): reg:vdec.h265.00[53]
07-03 16:27:22.039 I/[12949.887391@1]- dim(    0): reg:use[0]ms
07-03 16:27:22.039 E/[12949.887407@1]- reg(    0): v4lvideo
07-03 16:27:22.039 I/[12949.887413@1]- dim(    0): ch[1]:di_receiver_event_fun,3:_START
07-03 16:27:22.039 D/        (    0): [12949.887418@1]- vdec_init, vf_provider_name = vdec.h265.00, b 0
07-03 16:27:22.039 I/        (    0): [12949.890401@2]- vdec->port_flag=0x102, port_flag=0x10b
07-03 16:27:22.039 I/        (    0): [12949.890528@2]- is_reset=0
07-03 16:27:22.039 I/[12949.896326@2]- vframe_rate_uevent(    0): sent uevent FRAME_RATE_HINT=0
07-03 16:27:22.039 I/[12949.896383@2]- dim(    0): ch[1]:di_receiver_event_fun,1:_UNREG
07-03 16:27:22.039 E/[12949.896395@2]- unreg(    0): v4lvideo
07-03 16:27:22.039 I/[12949.897004@1]- dim(    0): unreg:use[0]ms
07-03 16:27:22.039 D/        (    0): [12949.897033@1]- vdec_disable_DMC input->target= 0x1
07-03 16:27:22.039 D/        (    0): [12949.897489@1]- vdec_release instance 00000000dea412a3, total 1 id = 0
07-03 16:27:22.039 D/        (    0): [12949.897647@1]- the clk_hevc_mux    clock off, ref cnt: 0
07-03 16:27:22.039 D/        (    0): [12949.897653@1]- the clk_hevcb_mux   clock off, ref cnt: 0
07-03 16:27:22.039 D/        (    0): [12949.897661@1]- the vdec            clock off, ref cnt: 0
07-03 16:27:22.039 D/        (    0): [12949.897665@1]- the parser_top      clock off, ref cnt: 1
07-03 16:27:22.039 D/        (    0): [12949.897669@1]- the demux           clock off, ref cnt: 1
07-03 16:27:22.039 D/        (    0): [12949.897698@1]d v4lvideo_release_map 0 OK
07-03 16:27:22.039 D/[12949.897809@1]- v4lvid(    0): dbg: vidioc_close!!!!
07-03 16:27:22.039 I/[12949.899446@1]- resman(    0): 51 release [codec_mm]
07-03 16:27:22.282 D/INSETS  ( 3835): else - Package Name ::  left : 0 right :: 0 top :: 0 bottom :: 0 dfu-right :: 1920 dfu-bottom :: 1080
07-03 16:27:22.387 I/[12950.253417@0]- vc(    0): [0]vc: set enable index=0, val=0
07-03 16:27:22.387 I/[12950.253445@0]- VID(    0): store VD0 path_id changed 2->-1
07-03 16:27:22.387 I/        (    0): [12950.253450@0]- dev->index =0, val=1
07-03 16:27:22.387 I/[12950.253454@0]- VID(    0): VD1 off
07-03 16:27:22.387 I/[12950.253460@0]- VID(    0): VD1 set global output as 0
07-03 16:27:22.387 I/        (    0): [12950.253479@0]- common_vf_unreg_provider video_render.0: vd1 used: true, vd2 used: false, black_out:0, cur_buf:0000000032b7cb96
07-03 16:27:23.902 W/[12951.799267@3]- RTW(    0): fill_default_txdesc(wlan0): SP Packet(0x0806) rate=0x4 SeqNum = 1636
07-03 16:27:23.976 D/AutofillManagerService( 3835): onBackKeyPressed()
07-03 16:27:25.274 D/InputMethodManagerService( 3835): Top Package Name: in.startv.hotstar
07-03 16:27:25.289 W/ContextImpl( 3835): Calling a method in the system process without a qualified user: android.app.ContextImpl.sendBroadcast:1111 com.android.server.inputmethod.InputMethodManagerService.sendSoftInputVisibilityBroadcast:3258 com.android.server.inputmethod.InputMethodManagerService.showCurrentInputLocked:3231 com.android.server.inputmethod.InputMethodManagerService.showSoftInput:3153 com.android.internal.view.IInputMethodManager$Stub.onTransact:304 
07-03 16:27:25.290 D/InputMethodManagerService( 3835): Top Package Name: in.startv.hotstar
07-03 16:27:25.295 W/ContextImpl( 3835): Calling a method in the system process without a qualified user: android.app.ContextImpl.sendBroadcast:1111 com.android.server.inputmethod.InputMethodManagerService.sendSoftInputVisibilityBroadcast:3258 com.android.server.inputmethod.InputMethodManagerService.showCurrentInputLocked:3231 com.android.server.inputmethod.InputMethodManagerService.showMySoftInput:4198 com.android.server.inputmethod.InputMethodManagerService.access$4100:189 
07-03 16:27:25.298 W/ContextImpl( 3835): Calling a method in the system process without a qualified user: android.app.ContextImpl.sendBroadcast:1111 com.android.server.inputmethod.InputMethodManagerService.sendSoftInputVisibilityBroadcast:3258 com.android.server.inputmethod.InputMethodManagerService.hideCurrentInputLocked:3330 com.android.server.inputmethod.InputMethodManagerService.hideMySoftInput:4180 com.android.server.inputmethod.InputMethodManagerService.access$4000:189 
07-03 16:27:25.347 D/INSETS  ( 3835): else - Package Name ::  left : 0 right :: 0 top :: 0 bottom :: 0 dfu-right :: 1920 dfu-bottom :: 1080
07-03 16:27:25.350 I/chatty  ( 3835): uid=1000(system) Binder:3835_D identical 2 lines
07-03 16:27:25.350 D/INSETS  ( 3835): else - Package Name ::  left : 0 right :: 0 top :: 0 bottom :: 0 dfu-right :: 1920 dfu-bottom :: 1080
07-03 16:27:25.378 D/INSETS  ( 3835): else - Package Name ::  left : 0 right :: 0 top :: 0 bottom :: 0 dfu-right :: 1920 dfu-bottom :: 1080
07-03 16:27:25.382 I/chatty  ( 3835): uid=1000(system) android.anim identical 2 lines
07-03 16:27:25.382 D/INSETS  ( 3835): else - Package Name ::  left : 0 right :: 0 top :: 0 bottom :: 0 dfu-right :: 1920 dfu-bottom :: 1080
07-03 16:27:25.405 D/INSETS  ( 3835): else - Package Name ::  left : 0 right :: 0 top :: 0 bottom :: 0 dfu-right :: 1920 dfu-bottom :: 1080
07-03 16:27:25.406 D/INSETS  ( 3835): else - Package Name ::  left : 0 right :: 0 top :: 0 bottom :: 0 dfu-right :: 1920 dfu-bottom :: 1080
07-03 16:27:25.413 D/InputMethodManagerService( 3835): Top Package Name: in.startv.hotstar
07-03 16:27:25.414 W/[12953.310954@0]- RTW(    0): Turbo EDCA =0x5ea42b
07-03 16:27:25.415 W/ContextImpl( 3835): Calling a method in the system process without a qualified user: android.app.ContextImpl.sendBroadcast:1111 com.android.server.inputmethod.InputMethodManagerService.sendSoftInputVisibilityBroadcast:3258 com.android.server.inputmethod.InputMethodManagerService.showCurrentInputLocked:3231 com.android.server.inputmethod.InputMethodManagerService.showMySoftInput:4198 com.android.server.inputmethod.InputMethodManagerService.access$4100:189 
07-03 16:27:25.429 D/InputMethodManagerService( 3835): Top Package Name: in.startv.hotstar
07-03 16:27:25.429 W/ContextImpl( 3835): Calling a method in the system process without a qualified user: android.app.ContextImpl.sendBroadcast:1111 com.android.server.inputmethod.InputMethodManagerService.sendSoftInputVisibilityBroadcast:3258 com.android.server.inputmethod.InputMethodManagerService.showCurrentInputLocked:3231 com.android.server.inputmethod.InputMethodManagerService.showMySoftInput:4198 com.android.server.inputmethod.InputMethodManagerService.access$4100:189 
07-03 16:27:25.478 D/INSETS  ( 3835): else - Package Name ::  left : 0 right :: 0 top :: 0 bottom :: 0 dfu-right :: 1920 dfu-bottom :: 1080
07-03 16:27:25.478 D/INSETS  ( 3835): else - Package Name ::  left : 0 right :: 0 top :: 0 bottom :: 0 dfu-right :: 1920 dfu-bottom :: 1080
07-03 16:27:25.524 D/INSETS  ( 3835): else - Package Name ::  left : 0 right :: 0 top :: 0 bottom :: 0 dfu-right :: 1920 dfu-bottom :: 1080
07-03 16:27:25.524 I/chatty  ( 3835): uid=1000(system) Binder:3835_13 identical 1 line
07-03 16:27:25.524 D/INSETS  ( 3835): else - Package Name ::  left : 0 right :: 0 top :: 0 bottom :: 0 dfu-right :: 1920 dfu-bottom :: 1080
07-03 16:27:25.541 D/INSETS  ( 3835): else - Package Name ::  left : 0 right :: 0 top :: 0 bottom :: 0 dfu-right :: 1920 dfu-bottom :: 1080
07-03 16:27:25.541 I/chatty  ( 3835): uid=1000(system) android.anim identical 1 line
07-03 16:27:25.542 D/INSETS  ( 3835): else - Package Name ::  left : 0 right :: 0 top :: 0 bottom :: 0 dfu-right :: 1920 dfu-bottom :: 1080
07-03 16:27:25.544 D/InputMethodManagerService( 3835): Top Package Name: in.startv.hotstar
07-03 16:27:25.547 W/ContextImpl( 3835): Calling a method in the system process without a qualified user: android.app.ContextImpl.sendBroadcast:1111 com.android.server.inputmethod.InputMethodManagerService.sendSoftInputVisibilityBroadcast:3258 com.android.server.inputmethod.InputMethodManagerService.showCurrentInputLocked:3231 com.android.server.inputmethod.InputMethodManagerService.showMySoftInput:4198 com.android.server.inputmethod.InputMethodManagerService.access$4100:189 
07-03 16:27:25.552 D/InputMethodManagerService( 3835): Top Package Name: in.startv.hotstar
07-03 16:27:25.553 W/ContextImpl( 3835): Calling a method in the system process without a qualified user: android.app.ContextImpl.sendBroadcast:1111 com.android.server.inputmethod.InputMethodManagerService.sendSoftInputVisibilityBroadcast:3258 com.android.server.inputmethod.InputMethodManagerService.showCurrentInputLocked:3231 com.android.server.inputmethod.InputMethodManagerService.showMySoftInput:4198 com.android.server.inputmethod.InputMethodManagerService.access$4100:189 
07-03 16:27:25.567 D/INSETS  ( 3835): else - Package Name ::  left : 0 right :: 0 top :: 0 bottom :: 0 dfu-right :: 1920 dfu-bottom :: 1080
07-03 16:27:25.577 I/chatty  ( 3835): uid=1000(system) android.display identical 4 lines
07-03 16:27:25.577 D/INSETS  ( 3835): else - Package Name ::  left : 0 right :: 0 top :: 0 bottom :: 0 dfu-right :: 1920 dfu-bottom :: 1080
07-03 16:27:25.621 W/NotificationHistory( 3835): Attempted to add notif for locked/gone/disabled user 0
07-03 16:27:25.630 D/INSETS  ( 3835): else - Package Name ::  left : 0 right :: 0 top :: 0 bottom :: 0 dfu-right :: 1920 dfu-bottom :: 1080
07-03 16:27:25.631 I/chatty  ( 3835): uid=1000(system) Binder:3835_D identical 1 line
07-03 16:27:25.632 D/INSETS  ( 3835): else - Package Name ::  left : 0 right :: 0 top :: 0 bottom :: 0 dfu-right :: 1920 dfu-bottom :: 1080
07-03 16:27:25.763 W/NotificationHistory( 3835): Attempted to add notif for locked/gone/disabled user 0
07-03 16:27:26.288 D/InputMethodManagerService( 3835): Top Package Name: in.startv.hotstar
07-03 16:27:26.289 W/ContextImpl( 3835): Calling a method in the system process without a qualified user: android.app.ContextImpl.sendBroadcast:1111 com.android.server.inputmethod.InputMethodManagerService.sendSoftInputVisibilityBroadcast:3258 com.android.server.inputmethod.InputMethodManagerService.showCurrentInputLocked:3231 com.android.server.inputmethod.InputMethodManagerService.attachNewInputLocked:2397 com.android.server.inputmethod.InputMethodManagerService.startInputUncheckedLocked:2503 
07-03 16:27:26.292 D/InputMethodManagerService( 3835): Top Package Name: in.startv.hotstar
07-03 16:27:26.293 W/ContextImpl( 3835): Calling a method in the system process without a qualified user: android.app.ContextImpl.sendBroadcast:1111 com.android.server.inputmethod.InputMethodManagerService.sendSoftInputVisibilityBroadcast:3258 com.android.server.inputmethod.InputMethodManagerService.showCurrentInputLocked:3231 com.android.server.inputmethod.InputMethodManagerService.showMySoftInput:4198 com.android.server.inputmethod.InputMethodManagerService.access$4100:189 
07-03 16:27:26.309 D/INSETS  ( 3835): else - Package Name ::  left : 0 right :: 0 top :: 0 bottom :: 0 dfu-right :: 1920 dfu-bottom :: 1080
07-03 16:27:26.309 I/chatty  ( 3835): uid=1000(system) Binder:3835_D identical 1 line
07-03 16:27:26.309 D/INSETS  ( 3835): else - Package Name ::  left : 0 right :: 0 top :: 0 bottom :: 0 dfu-right :: 1920 dfu-bottom :: 1080
07-03 16:27:26.446 D/InputMethodManagerService( 3835): Top Package Name: in.startv.hotstar
07-03 16:27:26.447 W/ContextImpl( 3835): Calling a method in the system process without a qualified user: android.app.ContextImpl.sendBroadcast:1111 com.android.server.inputmethod.InputMethodManagerService.sendSoftInputVisibilityBroadcast:3258 com.android.server.inputmethod.InputMethodManagerService.showCurrentInputLocked:3231 com.android.server.inputmethod.InputMethodManagerService.showMySoftInput:4198 com.android.server.inputmethod.InputMethodManagerService.access$4100:189 
07-03 16:27:26.474 D/INSETS  ( 3835): else - Package Name ::  left : 0 right :: 0 top :: 0 bottom :: 0 dfu-right :: 1920 dfu-bottom :: 1080
07-03 16:27:26.490 I/chatty  ( 3835): uid=1000(system) android.anim identical 2 lines
07-03 16:27:26.490 D/INSETS  ( 3835): else - Package Name ::  left : 0 right :: 0 top :: 0 bottom :: 0 dfu-right :: 1920 dfu-bottom :: 1080
07-03 16:27:27.042 D/InputMethodManagerService( 3835): Top Package Name: in.startv.hotstar
07-03 16:27:27.043 W/ContextImpl( 3835): Calling a method in the system process without a qualified user: android.app.ContextImpl.sendBroadcast:1111 com.android.server.inputmethod.InputMethodManagerService.sendSoftInputVisibilityBroadcast:3258 com.android.server.inputmethod.InputMethodManagerService.showCurrentInputLocked:3231 com.android.server.inputmethod.InputMethodManagerService.attachNewInputLocked:2397 com.android.server.inputmethod.InputMethodManagerService.startInputUncheckedLocked:2503 
07-03 16:27:27.048 D/InputMethodManagerService( 3835): Top Package Name: in.startv.hotstar
07-03 16:27:27.049 W/ContextImpl( 3835): Calling a method in the system process without a qualified user: android.app.ContextImpl.sendBroadcast:1111 com.android.server.inputmethod.InputMethodManagerService.sendSoftInputVisibilityBroadcast:3258 com.android.server.inputmethod.InputMethodManagerService.showCurrentInputLocked:3231 com.android.server.inputmethod.InputMethodManagerService.showMySoftInput:4198 com.android.server.inputmethod.InputMethodManagerService.access$4100:189 
07-03 16:27:27.060 D/INSETS  ( 3835): else - Package Name ::  left : 0 right :: 0 top :: 0 bottom :: 0 dfu-right :: 1920 dfu-bottom :: 1080
07-03 16:27:27.061 D/INSETS  ( 3835): else - Package Name ::  left : 0 right :: 0 top :: 0 bottom :: 0 dfu-right :: 1920 dfu-bottom :: 1080
07-03 16:27:27.078 D/InputMethodManagerService( 3835): Top Package Name: in.startv.hotstar
07-03 16:27:27.079 W/ContextImpl( 3835): Calling a method in the system process without a qualified user: android.app.ContextImpl.sendBroadcast:1111 com.android.server.inputmethod.InputMethodManagerService.sendSoftInputVisibilityBroadcast:3258 com.android.server.inputmethod.InputMethodManagerService.showCurrentInputLocked:3231 com.android.server.inputmethod.InputMethodManagerService.showMySoftInput:4198 com.android.server.inputmethod.InputMethodManagerService.access$4100:189 
07-03 16:27:27.407 D/INSETS  ( 3835): else - Package Name ::  left : 0 right :: 0 top :: 0 bottom :: 0 dfu-right :: 1920 dfu-bottom :: 1080
07-03 16:27:27.407 D/INSETS  ( 3835): else - Package Name ::  left : 0 right :: 0 top :: 0 bottom :: 0 dfu-right :: 1920 dfu-bottom :: 1080
07-03 16:27:28.071 D/AutofillManagerService( 3835): onBackKeyPressed()
07-03 16:27:28.074 W/ContextImpl( 3835): Calling a method in the system process without a qualified user: android.app.ContextImpl.sendBroadcast:1111 com.android.server.inputmethod.InputMethodManagerService.sendSoftInputVisibilityBroadcast:3258 com.android.server.inputmethod.InputMethodManagerService.hideCurrentInputLocked:3330 com.android.server.inputmethod.InputMethodManagerService.hideMySoftInput:4180 com.android.server.inputmethod.InputMethodManagerService.access$4000:189 
07-03 16:27:28.084 D/INSETS  ( 3835): else - Package Name ::  left : 0 right :: 0 top :: 0 bottom :: 0 dfu-right :: 1920 dfu-bottom :: 1080
07-03 16:27:28.084 D/INSETS  ( 3835): else - Package Name ::  left : 0 right :: 0 top :: 0 bottom :: 0 dfu-right :: 1920 dfu-bottom :: 1080
07-03 16:27:28.092 D/INSETS  ( 3835): else - Package Name ::  left : 0 right :: 0 top :: 0 bottom :: 0 dfu-right :: 1920 dfu-bottom :: 1080
07-03 16:27:28.092 D/INSETS  ( 3835): else - Package Name ::  left : 0 right :: 0 top :: 0 bottom :: 0 dfu-right :: 1920 dfu-bottom :: 1080
07-03 16:27:28.109 D/INSETS  ( 3835): else - Package Name ::  left : 0 right :: 0 top :: 0 bottom :: 0 dfu-right :: 1920 dfu-bottom :: 1080
07-03 16:27:28.110 D/INSETS  ( 3835): else - Package Name ::  left : 0 right :: 0 top :: 0 bottom :: 0 dfu-right :: 1920 dfu-bottom :: 1080
07-03 16:27:28.313 D/INSETS  ( 3835): else - Package Name ::  left : 0 right :: 0 top :: 0 bottom :: 0 dfu-right :: 1920 dfu-bottom :: 1080
07-03 16:27:28.386 W/[12956.285852@0]- audit(    0): audit_lost=5029 audit_rate_limit=5 audit_backlog_limit=64
07-03 16:27:28.386 E/[12956.285860@0]- audit(    0): rate limit exceeded
07-03 16:27:28.946 W/[12956.845759@0]- RTW(    0): fill_default_txdesc(wlan0): SP Packet(0x0806) rate=0x4 SeqNum = 2326
07-03 16:27:30.060 I/UsageStatsService( 3835): User[0] Flushing usage stats to disk
07-03 16:27:30.134 D/[12958.032550@0]- logd(    0): logdr: UID=0 GID=0 PID=26134 n tail=0 logMask=99 pid=0 start=0ns timeout=0ns
07-03 16:27:30.134 D/[12958.034701@3]- logd(    0): Skipping 256 entries from slow reader, pid 26134, from LogBuffer::kickMe()
07-03 16:27:30.487 D/HdmiControlService( 3835): Proccess pid: 3835 is calling oneTouchPlay.
07-03 16:27:30.487 D/HdmiControlService( 3835): Local device is under address allocation. Save OTP callback for later process.
07-03 16:27:30.488 D/AutofillManagerService( 3835): Close system dialogs
07-03 16:27:30.511 I/ActivityTaskManager( 3835): START u0 {act=android.intent.action.MAIN cat=[android.intent.category.HOME] flg=0x10000100 cmp=com.iwedia.ui.rjio.launcher.reliance/com.iwedia.ui.rjio.launcher.ui.intro.IntroActivity (has extras)} from uid 0
07-03 16:27:30.511 D/ActivityTaskManager( 3835): recent debug: [launchedPkgName] --> com.iwedia.ui.rjio.launcher.reliance [callingPackage] --> null
07-03 16:27:30.514 V/ActivityTaskManager( 3835): Old State : null Updated state : INITIALIZING Activity : ComponentInfo{com.iwedia.ui.rjio.launcher.reliance/com.iwedia.ui.rjio.launcher.ui.intro.IntroActivity}
07-03 16:27:30.514 V/ActivityTaskManager( 3835): Sending Broadcast : Intent { act=com.jio.remote.action.applaunch flg=0x40000000 pkg=com.jio.remote.btserver (has extras) }
07-03 16:27:30.519 V/ActivityTaskManager( 3835): Old State : RESUMED Updated state : PAUSING Activity : ComponentInfo{in.startv.hotstar/com.hotstar.MainActivity}
07-03 16:27:30.519 V/ActivityTaskManager( 3835): Sending Broadcast : Intent { act=com.jio.remote.action.applaunch flg=0x40000000 pkg=com.jio.remote.btserver (has extras) }
07-03 16:27:30.520 D/INSETS  ( 3835): else - Package Name ::  left : 0 right :: 0 top :: 0 bottom :: 0 dfu-right :: 1920 dfu-bottom :: 1080
07-03 16:27:30.546 V/ActivityTaskManager( 3835): Old State : STOPPED Updated state : RESUMED Activity : ComponentInfo{com.iwedia.ui.rjio.launcher.reliance/com.iwedia.ui.rjio.launcher.ui.intro.IntroActivity}
07-03 16:27:30.546 V/ActivityTaskManager( 3835): Sending Broadcast : Intent { act=com.jio.remote.action.applaunch flg=0x40000000 pkg=com.jio.remote.btserver (has extras) }
07-03 16:27:30.551 V/ActivityTaskManager( 3835): Old State : PAUSING Updated state : PAUSED Activity : ComponentInfo{in.startv.hotstar/com.hotstar.MainActivity}
07-03 16:27:30.551 V/ActivityTaskManager( 3835): Sending Broadcast : Intent { act=com.jio.remote.action.applaunch flg=0x40000000 pkg=com.jio.remote.btserver (has extras) }
07-03 16:27:30.567 D/INSETS  ( 3835): else - Package Name ::  left : 0 right :: 0 top :: 0 bottom :: 0 dfu-right :: 1920 dfu-bottom :: 1080
07-03 16:27:30.643 W/WindowManager( 3835): removeWindowToken: Attempted to remove non-existing token: android.os.Binder@6291dd7
07-03 16:27:30.669 D/INSETS  ( 3835): else - Package Name ::  left : 0 right :: 0 top :: 0 bottom :: 0 dfu-right :: 1920 dfu-bottom :: 1080
07-03 16:27:30.678 I/ActivityManager( 3835): Force stopping io.appium.uiautomator2.server appid=10064 user=0: finished inst
07-03 16:27:30.680 I/ActivityManager( 3835): Killing 25279:io.appium.uiautomator2.server/u0a64 (adj 0): stop io.appium.uiautomator2.server due to finished inst
07-03 16:27:30.802 I/[12958.699779@1]- binder(    0): undelivered TRANSACTION_COMPLETE
07-03 16:27:30.803 I/[12958.699792@1]- binder(    0): undelivered transaction 10278862, process died.
07-03 16:27:30.812 W/ActivityManager( 3835): Receiver with filter android.content.IntentFilter@7806c95 already registered for pid 5095, callerPackage is com.iwedia.ui.rjio.launcher.reliance
07-03 16:27:30.909 D/INSETS  ( 3835): else - Package Name ::  left : 0 right :: 0 top :: 0 bottom :: 0 dfu-right :: 1920 dfu-bottom :: 1080
07-03 16:27:30.977 W/ProcessCpuTracker( 3835): Failed to stat(/proc/26166): android.system.ErrnoException: stat failed: ENOENT (No such file or directory)
07-03 16:27:30.978 W/ProcessCpuTracker( 3835): Skipping unknown process pid 26166
07-03 16:27:30.979 W/ProcessCpuTracker( 3835): Failed to stat(/proc/26168): android.system.ErrnoException: stat failed: ENOENT (No such file or directory)
07-03 16:27:30.979 W/ProcessCpuTracker( 3835): Skipping unknown process pid 26168
07-03 16:27:31.091 I/ActivityManager( 3835): Force stopping io.appium.uiautomator2.server appid=10064 user=0: from pid 26177
07-03 16:27:31.102 I/ActivityManager( 3835): Force stopping io.appium.uiautomator2.server.test appid=10038 user=0: from pid 26178
07-03 16:27:31.112 D/INSETS  ( 3835): else - Package Name ::  left : 0 right :: 0 top :: 0 bottom :: 0 dfu-right :: 1920 dfu-bottom :: 1080
07-03 16:27:31.119 D/INSETS  ( 3835): else - Package Name ::  left : 0 right :: 0 top :: 0 bottom :: 0 dfu-right :: 1920 dfu-bottom :: 1080
07-03 16:27:31.149 D/INSETS  ( 3835): else - Package Name ::  left : 0 right :: 0 top :: 0 bottom :: 0 dfu-right :: 1920 dfu-bottom :: 1080
07-03 16:27:31.160 D/INSETS  ( 3835): else - Package Name ::  left : 0 right :: 0 top :: 0 bottom :: 0 dfu-right :: 1920 dfu-bottom :: 1080
07-03 16:27:31.213 V/ActivityTaskManager( 3835): Old State : PAUSED Updated state : STOPPING Activity : ComponentInfo{in.startv.hotstar/com.hotstar.MainActivity}
07-03 16:27:31.213 V/ActivityTaskManager( 3835): Sending Broadcast : Intent { act=com.jio.remote.action.applaunch flg=0x40000000 pkg=com.jio.remote.btserver (has extras) }
07-03 16:27:31.346 D/INSETS  ( 3835): else - Package Name ::  left : 0 right :: 0 top :: 0 bottom :: 0 dfu-right :: 1920 dfu-bottom :: 1080
07-03 16:27:31.406 V/ActivityTaskManager( 3835): Old State : STOPPING Updated state : STOPPED Activity : ComponentInfo{in.startv.hotstar/com.hotstar.MainActivity}
07-03 16:27:31.406 V/ActivityTaskManager( 3835): Sending Broadcast : Intent { act=com.jio.remote.action.applaunch flg=0x40000000 pkg=com.jio.remote.btserver (has extras) }
07-03 16:27:31.751 W/[12959.650008@2]- RTW(    0): fill_default_txdesc(wlan0): SP Packet(0x0806) rate=0x4 SeqNum = 487
07-03 16:27:31.914 W/[12959.812212@2]- RTW(    0): fill_default_txdesc(wlan0): SP Packet(0x0806) rate=0x4 SeqNum = 488
07-03 16:27:33.618 W/[12961.515423@2]- RTW(    0): fill_default_txdesc(wlan0): SP Packet(0x0806) rate=0x4 SeqNum = 494
07-03 16:27:36.264 W/[12964.162692@1]- RTW(    0): fill_default_txdesc(wlan0): SP Packet(0x0806) rate=0x4 SeqNum = 519
07-03 16:27:38.098 W/[12965.997061@3]- RTW(    0): fill_default_txdesc(wlan0): SP Packet(0x0806) rate=0x4 SeqNum = 526
07-03 16:27:40.154 I/UsageStatsService( 3835): User[0] Flushing usage stats to disk
07-03 16:27:40.398 W/[12968.298404@1]- healthd(    0): battery l=100 v=4 t=0.0 h=2 st=2 c=1100 fc=10000000 chg=u
07-03 16:27:43.200 W/[12971.096914@1]- RTW(    0): fill_default_txdesc(wlan0): SP Packet(0x0806) rate=0x4 SeqNum = 548
07-03 16:27:46.047 I/ActivityManager( 3835): Force stopping in.startv.hotstar appid=10066 user=0: from pid 4928
07-03 16:27:46.049 I/ActivityManager( 3835): Killing 25407:in.startv.hotstar/u0a66 (adj 700): stop in.startv.hotstar due to from pid 4928
07-03 16:27:46.054 W/ActivityTaskManager( 3835): Force removing ActivityRecord{4b2aab6 u0 in.startv.hotstar/com.hotstar.MainActivity t363 f}}: app died, no saved state
07-03 16:27:46.057 D/INSETS  ( 3835): else - Package Name ::  left : 0 right :: 0 top :: 0 bottom :: 0 dfu-right :: 1920 dfu-bottom :: 1080
07-03 16:27:46.059 V/ActivityTaskManager( 3835): Old State : STOPPED Updated state : DESTROYED Activity : ComponentInfo{in.startv.hotstar/com.hotstar.MainActivity}
07-03 16:27:46.060 V/ActivityTaskManager( 3835): Sending Broadcast : Intent { act=com.jio.remote.action.applaunch flg=0x40000000 pkg=com.jio.remote.btserver (has extras) }
07-03 16:27:46.088 I/ActivityManager( 3835): Force stopping in.startv.hotstar appid=10066 user=0: from pid 4928
07-03 16:27:46.096 I/chatty  ( 3835): uid=1000(system) Binder:3835_10 identical 1 line
07-03 16:27:46.099 I/ActivityManager( 3835): Force stopping in.startv.hotstar appid=10066 user=0: from pid 4928
07-03 16:27:46.110 I/ActivityManager( 3835): Force stopping in.startv.hotstar appid=10066 user=0: from pid 4928
07-03 16:27:46.159 I/chatty  ( 3835): uid=1000(system) Binder:3835_13 identical 4 lines
07-03 16:27:46.175 I/ActivityManager( 3835): Force stopping in.startv.hotstar appid=10066 user=0: from pid 4928
07-03 16:27:46.388 D/ConnectivityService( 3835): ConnectivityService NetworkRequestInfo binderDied(NetworkRequest [ TRACK_DEFAULT id=45, [ Capabilities: INTERNET&NOT_RESTRICTED&TRUSTED Uid: 10066 AdministratorUids: [] RequestorUid: 10066 RequestorPackageName: in.startv.hotstar] ], android.os.BinderProxy@a5c1725)
07-03 16:27:46.388 D/ConnectivityService( 3835): ConnectivityService NetworkRequestInfo binderDied(NetworkRequest [ LISTEN id=44, [ Capabilities: INTERNET&NOT_RESTRICTED&TRUSTED&NOT_VPN&FOREGROUND Uid: 10066 AdministratorUids: [] RequestorUid: 10066 RequestorPackageName: in.startv.hotstar] ], android.os.BinderProxy@3e150fa)
07-03 16:27:46.389 D/ConnectivityService( 3835): releasing NetworkRequest [ TRACK_DEFAULT id=45, [ Capabilities: INTERNET&NOT_RESTRICTED&TRUSTED Uid: 10066 AdministratorUids: [] RequestorUid: 10066 RequestorPackageName: in.startv.hotstar] ] (release request)
07-03 16:27:46.390 W/WindowManager( 3835): Cannot find window which accessibility connection is added to
07-03 16:27:46.391 W/ActivityManager( 3835): setHasOverlayUi called on unknown pid: 25407
07-03 16:27:47.590 W/[12975.486958@1]- RTW(    0): Turbo EDCA =0x431c
07-03 16:27:48.246 W/[12976.145946@1]- RTW(    0): fill_default_txdesc(wlan0): SP Packet(0x0806) rate=0x4 SeqNum = 604
07-03 16:27:49.107 E/TaskPersister( 3835): File error accessing recents directory (directory doesn't exist?).
07-03 16:27:49.318 W/[12977.214786@0]- RTW(    0): fill_default_txdesc(wlan0): SP Packet(0x0806) rate=0x4 SeqNum = 607
07-03 16:27:49.603 W/[12977.503060@1]- RTW(    0): Turbo EDCA =0x5ea42b
07-03 16:27:50.262 I/UsageStatsService( 3835): User[0] Flushing usage stats to disk
07-03 16:27:53.262 W/[12981.161145@3]- RTW(    0): fill_default_txdesc(wlan0): SP Packet(0x0806) rate=0x4 SeqNum = 616
07-03 16:27:58.438 W/[12986.336741@2]- RTW(    0): fill_default_txdesc(wlan0): SP Packet(0x0806) rate=0x4 SeqNum = 629
07-03 16:28:03.486 W/[12991.386163@3]- RTW(    0): fill_default_txdesc(wlan0): SP Packet(0x0806) rate=0x4 SeqNum = 655
07-03 16:28:03.718 W/[12991.615174@1]- RTW(    0): Turbo EDCA =0x431c
07-03 16:28:05.734 W/[12993.631395@2]- RTW(    0): Turbo EDCA =0x5ea42b
07-03 16:28:05.798 W/[12993.697970@0]- RTW(    0): fill_default_txdesc(wlan0): SP Packet(0x0806) rate=0x4 SeqNum = 661
