07-03 14:50:29.958 W/[ 7137.854855@3]- RTW(    0): fill_default_txdesc(wlan0): SP Packet(0x0806) rate=0x4 SeqNum = 237
07-03 14:50:34.250 W/[ 7142.150491@3]- RTW(    0): fill_default_txdesc(wlan0): SP Packet(0x0806) rate=0x4 SeqNum = 309
07-03 14:50:39.342 W/[ 7147.241515@2]- RTW(    0): fill_default_txdesc(wlan0): SP Packet(0x0806) rate=0x4 SeqNum = 463
07-03 14:50:40.402 W/[ 7148.298822@0]- healthd(    0): battery l=100 v=4 t=0.0 h=2 st=2 c=1100 fc=10000000 chg=u
07-03 14:50:41.350 W/[ 7149.247280@2]- RTW(    0): Turbo EDCA =0x5ea42b
07-03 14:50:43.366 W/[ 7151.262922@3]- RTW(    0): Turbo EDCA =0x431c
07-03 14:50:44.294 W/[ 7152.190735@0]- RTW(    0): fill_default_txdesc(wlan0): SP Packet(0x0806) rate=0x4 SeqNum = 609
07-03 14:50:44.402 W/[ 7152.298756@3]- RTW(    0): fill_default_txdesc(wlan0): SP Packet(0x0806) rate=0x4 SeqNum = 613
07-03 14:50:47.861 W/[ 7155.759130@1]- audit(    0): audit_lost=2835 audit_rate_limit=5 audit_backlog_limit=64
07-03 14:50:47.861 E/[ 7155.759138@1]- audit(    0): rate limit exceeded
07-03 14:50:49.378 W/[ 7157.276455@3]- RTW(    0): fill_default_txdesc(wlan0): SP Packet(0x0806) rate=0x4 SeqNum = 682
07-03 14:50:49.418 W/[ 7157.315700@0]- RTW(    0): Turbo EDCA =0x5ea42b
07-03 14:50:51.428 W/[ 7159.326910@3]- RTW(    0): Turbo EDCA =0x431c
07-03 14:50:53.446 W/[ 7161.343027@2]- RTW(    0): Turbo EDCA =0x5ea42b
07-03 14:50:54.214 W/[ 7162.114293@2]- RTW(    0): fill_default_txdesc(wlan0): SP Packet(0x0806) rate=0x4 SeqNum = 749
07-03 14:50:55.462 W/[ 7163.359012@3]- RTW(    0): Turbo EDCA =0x431c
07-03 14:50:57.482 W/[ 7165.379121@1]- RTW(    0): Turbo EDCA =0x5ea42b
07-03 14:50:58.374 W/[ 7166.270728@2]- RTW(    0): fill_default_txdesc(wlan0): SP Packet(0x0806) rate=0x4 SeqNum = 825
07-03 14:50:59.262 W/[ 7167.159092@2]- RTW(    0): fill_default_txdesc(wlan0): SP Packet(0x0806) rate=0x4 SeqNum = 843
07-03 14:50:59.494 W/[ 7167.390928@3]- RTW(    0): Turbo EDCA =0x431c
07-03 14:51:04.770 W/[ 7172.669470@3]- RTW(    0): fill_default_txdesc(wlan0): SP Packet(0x0806) rate=0x4 SeqNum = 1154
07-03 14:51:05.542 W/[ 7173.439055@3]- RTW(    0): Turbo EDCA =0x5ea42b
07-03 14:51:07.558 W/[ 7175.456985@1]- RTW(    0): Turbo EDCA =0x431c
07-03 14:51:09.571 W/[ 7177.471002@0]- RTW(    0): Turbo EDCA =0x5ea42b
07-03 14:51:09.850 W/[ 7177.748902@3]- RTW(    0): fill_default_txdesc(wlan0): SP Packet(0x0806) rate=0x4 SeqNum = 1277
07-03 14:51:11.482 W/[ 7179.380594@3]- RTW(    0): cfg80211_rtw_set_power_mgmt(wlan0) enabled:0, timeout:-1
07-03 14:51:11.590 W/[ 7179.486934@0]- RTW(    0): Turbo EDCA =0x431c
07-03 14:51:12.546 W/[ 7180.445937@1]- RTW(    0): cfg80211_rtw_set_power_mgmt(wlan0) enabled:1, timeout:-1
07-03 14:51:12.707 W/[ 7180.606727@2]- RTW(    0): fill_default_txdesc(wlan0): SP Packet(0x0806) rate=0x4 SeqNum = 1345
07-03 14:51:13.605 W/[ 7181.503136@1]- RTW(    0): Turbo EDCA =0x5ea42b
07-03 14:51:14.371 W/[ 7182.271308@2]- RTW(    0): fill_default_txdesc(wlan0): SP Packet(0x0806) rate=0x4 SeqNum = 1353
07-03 14:51:15.621 W/[ 7183.519202@1]- RTW(    0): Turbo EDCA =0x431c
07-03 14:51:17.642 W/[ 7185.539129@2]- RTW(    0): Turbo EDCA =0x5ea42b
07-03 14:51:19.382 W/[ 7187.280640@0]- RTW(    0): fill_default_txdesc(wlan0): SP Packet(0x0806) rate=0x4 SeqNum = 1451
07-03 14:51:19.654 W/[ 7187.550996@3]- RTW(    0): Turbo EDCA =0x431c
07-03 14:51:21.670 W/[ 7189.566977@3]- RTW(    0): Turbo EDCA =0x5ea42b
07-03 14:51:23.686 W/[ 7191.582979@0]- RTW(    0): Turbo EDCA =0x431c
07-03 14:51:24.526 W/[ 7192.425066@3]- RTW(    0): fill_default_txdesc(wlan0): SP Packet(0x0806) rate=0x4 SeqNum = 1540
07-03 14:51:25.701 W/[ 7193.599209@2]- RTW(    0): Turbo EDCA =0x5ea42b
07-03 14:51:26.789 W/[ 7194.686758@1]- RTW(    0): fill_default_txdesc(wlan0): SP Packet(0x0806) rate=0x4 SeqNum = 1554
07-03 14:51:27.718 W/[ 7195.614913@3]- RTW(    0): Turbo EDCA =0x431c
07-03 14:51:27.897 W/[ 7195.797854@3]- audit(    0): audit_lost=2863 audit_rate_limit=5 audit_backlog_limit=64
07-03 14:51:27.898 E/[ 7195.797861@3]- audit(    0): rate limit exceeded
07-03 14:51:29.192 W/[ 7197.090539@1]- RTW(    0): fill_default_txdesc(wlan0): SP Packet(0x0806) rate=0x4 SeqNum = 1729
07-03 14:51:29.734 W/[ 7197.631297@2]- RTW(    0): Turbo EDCA =0x5ea42b
07-03 14:51:31.747 W/[ 7199.647143@0]- RTW(    0): Turbo EDCA =0x431c
07-03 14:51:33.699 W/[ 7201.598747@3]- RTW(    0): fill_default_txdesc(wlan0): SP Packet(0x0806) rate=0x4 SeqNum = 1813
07-03 14:51:33.766 W/[ 7201.662971@2]- RTW(    0): Turbo EDCA =0x5ea42b
07-03 14:51:34.226 W/[ 7202.126260@0]- RTW(    0): fill_default_txdesc(wlan0): SP Packet(0x0806) rate=0x4 SeqNum = 1819
07-03 14:51:35.786 W/[ 7203.683080@0]- RTW(    0): Turbo EDCA =0x431c
07-03 14:51:37.797 W/[ 7205.695037@2]- RTW(    0): Turbo EDCA =0x5ea42b
07-03 14:51:39.370 W/[ 7207.269538@1]- RTW(    0): fill_default_txdesc(wlan0): SP Packet(0x0806) rate=0x4 SeqNum = 1978
07-03 14:51:39.814 W/[ 7207.711050@1]- RTW(    0): Turbo EDCA =0x431c
07-03 14:51:40.401 W/[ 7208.299313@0]- healthd(    0): battery l=100 v=4 t=0.0 h=2 st=2 c=1100 fc=10000000 chg=u
07-03 14:51:41.126 W/[ 7209.022740@2]- RTW(    0): fill_default_txdesc(wlan0): SP Packet(0x0806) rate=0x4 SeqNum = 1988
07-03 14:51:41.827 W/[ 7209.727139@1]- RTW(    0): Turbo EDCA =0x5ea42b
07-03 14:51:43.846 W/[ 7211.742972@2]- RTW(    0): Turbo EDCA =0x431c
07-03 14:51:44.374 W/[ 7212.272442@3]- RTW(    0): fill_default_txdesc(wlan0): SP Packet(0x0806) rate=0x4 SeqNum = 2094
07-03 14:51:45.862 W/[ 7213.759034@2]- RTW(    0): Turbo EDCA =0x5ea42b
07-03 14:51:47.878 W/[ 7215.775288@0]- RTW(    0): Turbo EDCA =0x431c
07-03 14:51:49.550 W/[ 7217.448266@1]- RTW(    0): fill_default_txdesc(wlan0): SP Packet(0x0806) rate=0x4 SeqNum = 2192
07-03 14:51:49.894 W/[ 7217.790959@0]- RTW(    0): Turbo EDCA =0x5ea42b
07-03 14:51:51.910 W/[ 7219.806941@3]- RTW(    0): Turbo EDCA =0x431c
07-03 14:51:53.923 W/[ 7221.823007@1]- RTW(    0): Turbo EDCA =0x5ea42b
07-03 14:51:54.598 W/[ 7222.498123@3]- RTW(    0): fill_default_txdesc(wlan0): SP Packet(0x0806) rate=0x4 SeqNum = 2275
07-03 14:51:55.210 W/[ 7223.106712@3]- RTW(    0): fill_default_txdesc(wlan0): SP Packet(0x0806) rate=0x4 SeqNum = 2277
07-03 14:51:55.941 W/[ 7223.839991@1]- RTW(    0): Turbo EDCA =0x431c
07-03 14:51:57.957 W/[ 7225.854921@1]- RTW(    0): Turbo EDCA =0x5ea42b
07-03 14:51:59.654 W/[ 7227.552062@3]- RTW(    0): fill_default_txdesc(wlan0): SP Packet(0x0806) rate=0x4 SeqNum = 2429
07-03 14:51:59.978 W/[ 7227.875063@1]- RTW(    0): Turbo EDCA =0x431c
07-03 14:51:47.220 I/chatty  ( 3835): uid=1000(system) android.bg identical 65 lines
07-03 14:51:57.344 I/UsageStatsService( 3835): User[0] Flushing usage stats to disk
07-03 14:52:02.129 W/ContextImpl( 5441): Calling a method in the system process without a qualified user: android.app.ContextImpl.sendBroadcast:1111 android.content.ContextWrapper.sendBroadcast:468 com.iwedia.tvinput.engine.ChannelManager.disconnectCA:3912 com.iwedia.tvinput.engine.ChannelManager.access$4300:116 com.iwedia.tvinput.engine.ChannelManager$CaReconnectTask.run:2434 
07-03 14:52:02.155 W/ContextImpl( 5940): Calling a method in the system process without a qualified user: android.app.ContextImpl.bindService:1748 android.content.ContextWrapper.bindService:756 com.jio.adc.core.b.d:56 com.jio.adc.core.b.b:13 com.jio.adc.core.b$c.run:7 
07-03 14:52:02.163 W/ContextImpl( 5441): Calling a method in the system process without a qualified user: android.app.ContextImpl.sendBroadcast:1111 android.content.ContextWrapper.sendBroadcast:468 com.iwedia.tvinput.engine.ChannelManager.connectCA:3844 com.iwedia.tvinput.engine.ChannelManager.access$5900:116 com.iwedia.tvinput.engine.ChannelManager$CaMessageHandler.handleMessage:4279 
07-03 14:52:04.750 W/[ 7232.649633@3]- RTW(    0): fill_default_txdesc(wlan0): SP Packet(0x0806) rate=0x4 SeqNum = 2481
07-03 14:52:06.021 W/[ 7233.918997@2]- RTW(    0): Turbo EDCA =0x5ea42b
07-03 14:52:07.777 I/UsageStatsService( 3835): User[0] Flushing usage stats to disk
07-03 14:52:08.037 W/[ 7235.934942@3]- RTW(    0): Turbo EDCA =0x431c
07-03 14:52:09.284 W/[ 7237.182709@1]- RTW(    0): fill_default_txdesc(wlan0): SP Packet(0x0806) rate=0x4 SeqNum = 2550
07-03 14:52:09.374 W/[ 7237.272080@3]- RTW(    0): fill_default_txdesc(wlan0): SP Packet(0x0806) rate=0x4 SeqNum = 2554
07-03 14:52:10.052 W/[ 7237.950907@2]- RTW(    0): Turbo EDCA =0x5ea42b
07-03 14:52:12.070 W/[ 7239.967127@1]- RTW(    0): Turbo EDCA =0x431c
07-03 14:52:13.750 W/[ 7241.649385@2]- audit(    0): audit_lost=2867 audit_rate_limit=5 audit_backlog_limit=64
07-03 14:52:13.750 E/[ 7241.649390@2]- audit(    0): rate limit exceeded
07-03 14:52:14.085 W/[ 7241.982953@3]- RTW(    0): Turbo EDCA =0x5ea42b
07-03 14:52:14.514 W/[ 7242.413523@1]- RTW(    0): fill_default_txdesc(wlan0): SP Packet(0x0806) rate=0x4 SeqNum = 2622
07-03 14:52:15.222 W/[ 7243.121187@2]- audit(    0): audit_lost=2882 audit_rate_limit=5 audit_backlog_limit=64
07-03 14:52:15.222 E/[ 7243.121195@2]- audit(    0): rate limit exceeded
07-03 14:52:15.570 W/[ 7243.467584@3]- RTW(    0): cfg80211_rtw_scan(wlan0)
07-03 14:52:15.578 W/[ 7243.474835@1]- RTW(    0): [HW_VAR_CHECK_TXBUF] Empty in 4 ms
07-03 14:52:15.578 W/[ 7243.475199@3]- RTW(    0): wlan0 sleep m0=0x00000003, ori reg_0x4d4=0x00000000
07-03 14:52:16.106 W/[ 7244.002949@0]- RTW(    0): Turbo EDCA =0x431c
07-03 14:52:16.290 W/[ 7244.189872@1]- audit(    0): audit_lost=2910 audit_rate_limit=5 audit_backlog_limit=64
07-03 14:52:16.290 E/[ 7244.189881@1]- audit(    0): rate limit exceeded
07-03 14:52:16.306 W/[ 7244.204300@2]- RTW(    0): LeaveAllPowerSaveModeDirect.....
07-03 14:52:16.306 W/[ 7244.204308@2]- RTW(    0): LeaveAllPowerSaveModeDirect: Driver Already Leave LPS
07-03 14:52:16.306 W/[ 7244.205213@2]- RTW(    0): rtw_hal_set_macaddr_port wlan0- hw port(0) mac_addr =2c:73:60:db:c0:84
07-03 14:52:16.306 W/[ 7244.205631@2]- RTW(    0): wlan0- hw port(0) mac_addr =2c:73:60:db:c0:84
07-03 14:52:16.306 W/[ 7244.205754@2]- RTW(    0): p2p0- hw port(1) mac_addr =2e:73:60:db:c0:84
07-03 14:52:16.326 W/[ 7244.223036@2]- RTW(    0): wlan0 wakeup m0=0x00000003, ori reg_0x4d4=0x00000003
07-03 14:52:16.326 W/[ 7244.223597@2]- RTW(    0): survey done event(3a) band:0 for wlan0
07-03 14:52:16.326 W/        (    0): [ 7244.223610@2]- ========== ACS (VER-3) ==========
07-03 14:52:16.326 W/        (    0): [ 7244.223614@2]- Best 24G Channel:7
07-03 14:52:16.326 W/        (    0): [ 7244.223618@2]- Best 5G Channel:112
07-03 14:52:16.326 W/        (    0): [ 7244.223618@2]-
07-03 14:52:16.326 W/[ 7244.223670@2]- RTW(    0): rtw_indicate_scan_done(wlan0)
07-03 14:52:17.298 W/[ 7245.198410@2]- audit(    0): audit_lost=2932 audit_rate_limit=5 audit_backlog_limit=64
07-03 14:52:17.298 E/[ 7245.198418@2]- audit(    0): rate limit exceeded
07-03 14:52:18.118 W/[ 7246.014956@0]- RTW(    0): Turbo EDCA =0x5ea42b
07-03 14:52:19.122 W/[ 7247.022017@2]- RTW(    0): fill_default_txdesc(wlan0): SP Packet(0x0806) rate=0x4 SeqNum = 2695
07-03 14:52:20.133 W/[ 7248.031095@3]- RTW(    0): Turbo EDCA =0x431c
07-03 14:52:22.150 W/[ 7250.047079@3]- RTW(    0): Turbo EDCA =0x5ea42b
07-03 14:52:23.622 W/[ 7251.518709@2]- RTW(    0): fill_default_txdesc(wlan0): SP Packet(0x0806) rate=0x4 SeqNum = 2873
07-03 14:52:24.166 W/[ 7252.063078@0]- RTW(    0): Turbo EDCA =0x431c
07-03 14:52:24.234 W/[ 7252.132357@3]- RTW(    0): fill_default_txdesc(wlan0): SP Packet(0x0806) rate=0x4 SeqNum = 2879
07-03 14:52:26.182 W/[ 7254.079043@3]- RTW(    0): Turbo EDCA =0x5ea42b
07-03 14:52:28.198 W/[ 7256.094934@2]- RTW(    0): Turbo EDCA =0x431c
07-03 14:52:29.146 W/[ 7257.044072@3]- RTW(    0): fill_default_txdesc(wlan0): SP Packet(0x0806) rate=0x4 SeqNum = 2963
07-03 14:52:30.214 W/[ 7258.111017@1]- RTW(    0): Turbo EDCA =0x5ea42b
07-03 14:52:31.558 W/[ 7259.454711@0]- RTW(    0): fill_default_txdesc(wlan0): SP Packet(0x0806) rate=0x4 SeqNum = 3086
07-03 14:52:31.638 W/[ 7259.536043@3]- RTW(    0): fill_default_txdesc(wlan0): SP Packet(0x0806) rate=0x4 SeqNum = 3089
07-03 14:52:32.234 W/[ 7260.130985@2]- RTW(    0): Turbo EDCA =0x431c
07-03 14:52:34.243 W/[ 7262.143142@2]- RTW(    0): Turbo EDCA =0x5ea42b
07-03 14:52:34.254 W/[ 7262.153868@2]- RTW(    0): fill_default_txdesc(wlan0): SP Packet(0x0806) rate=0x4 SeqNum = 3100
07-03 14:52:36.262 W/[ 7264.159169@3]- RTW(    0): Turbo EDCA =0x431c
07-03 14:52:38.280 W/[ 7266.179041@2]- RTW(    0): Turbo EDCA =0x5ea42b
07-03 14:52:39.338 W/[ 7267.237225@2]- RTW(    0): fill_default_txdesc(wlan0): SP Packet(0x0806) rate=0x4 SeqNum = 3266
07-03 14:52:40.294 W/[ 7268.190906@2]- RTW(    0): Turbo EDCA =0x431c
07-03 14:52:40.402 W/[ 7268.298913@0]- healthd(    0): battery l=100 v=4 t=0.0 h=2 st=2 c=1100 fc=10000000 chg=u
07-03 14:52:40.774 W/[ 7268.670741@2]- RTW(    0): fill_default_txdesc(wlan0): SP Packet(0x0806) rate=0x4 SeqNum = 3275
07-03 14:52:42.310 W/[ 7270.207114@0]- RTW(    0): Turbo EDCA =0x5ea42b
07-03 14:52:44.326 W/[ 7272.223127@1]- RTW(    0): Turbo EDCA =0x431c
07-03 14:52:44.418 W/[ 7272.318302@2]- RTW(    0): fill_default_txdesc(wlan0): SP Packet(0x0806) rate=0x4 SeqNum = 3395
07-03 14:52:46.342 W/[ 7274.240194@0]- RTW(    0): Turbo EDCA =0x5ea42b
07-03 14:52:47.958 W/[ 7275.858002@3]- audit(    0): audit_lost=2957 audit_rate_limit=5 audit_backlog_limit=64
07-03 14:52:47.958 E/[ 7275.858011@3]- audit(    0): rate limit exceeded
07-03 14:52:48.356 W/[ 7276.254922@1]- RTW(    0): Turbo EDCA =0x431c
07-03 14:52:49.114 W/[ 7277.011541@3]- RTW(    0): fill_default_txdesc(wlan0): SP Packet(0x0806) rate=0x4 SeqNum = 3466
07-03 14:52:49.970 W/[ 7277.867792@2]- audit(    0): audit_lost=3007 audit_rate_limit=5 audit_backlog_limit=64
07-03 14:52:49.970 E/[ 7277.867803@2]- audit(    0): rate limit exceeded
07-03 14:52:50.374 W/[ 7278.270959@2]- RTW(    0): Turbo EDCA =0x5ea42b
07-03 14:52:51.142 W/[ 7279.039992@1]- audit(    0): audit_lost=3052 audit_rate_limit=5 audit_backlog_limit=64
07-03 14:52:51.142 E/[ 7279.040002@1]- audit(    0): rate limit exceeded
07-03 14:52:52.150 W/[ 7280.049921@2]- audit(    0): audit_lost=3073 audit_rate_limit=5 audit_backlog_limit=64
07-03 14:52:52.150 E/[ 7280.049929@2]- audit(    0): rate limit exceeded
07-03 14:52:52.390 W/[ 7280.287015@2]- RTW(    0): Turbo EDCA =0x431c
07-03 14:52:38.089 I/chatty  ( 3835): uid=1000(system) android.bg identical 3 lines
07-03 14:52:48.202 I/UsageStatsService( 3835): User[0] Flushing usage stats to disk
07-03 14:52:52.971 W/ActivityManager( 3835): Receiver with filter android.content.IntentFilter@643a64e already registered for pid 5124, callerPackage is com.rjil.jiostbsetting
07-03 14:52:52.972 W/ContextImpl( 5124): Calling a method in the system process without a qualified user: android.app.ContextImpl.sendBroadcast:1111 android.content.ContextWrapper.sendBroadcast:468 com.rjil.jiostbsetting.service.EndlessService.ESNredirect:1604 com.rjil.jiostbsetting.service.EndlessService$mConnection$1$onServiceConnected$2.invokeSuspend:1207 kotlin.coroutines.jvm.internal.BaseContinuationImpl.resumeWith:33 
07-03 14:52:52.987 W/BroadcastQueue( 3835): Background execution not allowed: receiving Intent { act=com.netflix.ninja.intent.action.ESN_RESPONSE flg=0x10000010 (has extras) } to com.netflix.partnertoken/com.partner.padi.EsnReceiver
07-03 14:52:52.997 W/ContextImpl( 5124): Calling a method in the system process without a qualified user: android.app.ContextImpl.bindService:1748 android.content.ContextWrapper.bindService:756 com.jio.adc.core.b.d:56 com.jio.adc.core.b.b:13 com.jio.adc.core.b$c.run:7 
07-03 14:52:54.406 W/[ 7282.302970@2]- RTW(    0): Turbo EDCA =0x5ea42b
07-03 14:52:54.642 W/[ 7282.539938@2]- RTW(    0): fill_default_txdesc(wlan0): SP Packet(0x0806) rate=0x4 SeqNum = 3551
07-03 14:52:54.854 W/[ 7282.750706@2]- RTW(    0): fill_default_txdesc(wlan0): SP Packet(0x0806) rate=0x4 SeqNum = 3553
07-03 14:52:54.991 W/ContextImpl( 5124): Calling a method in the system process without a qualified user: android.app.ContextImpl.sendBroadcast:1111 android.content.ContextWrapper.sendBroadcast:468 com.rjil.jiostbsetting.utils.UtilsKt.getAllVolumeDetails:2230 com.rjil.jiostbsetting.service.EndlessService.getParameters$lambda-22:1166 com.rjil.jiostbsetting.service.EndlessService.$r8$lambda$rJsFG8XlIrKzvRVodgEZk__jDnM:0 
07-03 14:52:55.001 W/ContextImpl( 5124): Calling a method in the system process without a qualified user: android.app.ContextImpl.sendBroadcast:1111 android.content.ContextWrapper.sendBroadcast:468 com.rjil.jiostbsetting.utils.UtilsKt.sendUSBAttachDetachBroadcast:2259 com.rjil.jiostbsetting.service.EndlessService$CallbackListener.onParameterNotification:1327 com.rjil.jiostbsetting.dc.DCDataProvider.invokeCallback:107 
07-03 14:52:55.002 W/BroadcastQueue( 3835): Background execution not allowed: receiving Intent { act=com.rjil.jiostbsetting.UsbAttachDetach flg=0x30 (has extras) } to com.iwedia.ui.rjio.launcher.reliance/.profile.ExternalBroadcastReceiver
07-03 14:52:56.420 W/[ 7284.319129@0]- RTW(    0): Turbo EDCA =0x431c
07-03 14:52:58.302 I/UsageStatsService( 3835): User[0] Flushing usage stats to disk
07-03 14:52:58.438 W/[ 7286.335395@1]- RTW(    0): Turbo EDCA =0x5ea42b
07-03 14:52:59.570 W/[ 7287.468674@3]- RTW(    0): fill_default_txdesc(wlan0): SP Packet(0x0806) rate=0x4 SeqNum = 3711
07-03 14:53:00.454 W/[ 7288.351004@2]- RTW(    0): Turbo EDCA =0x431c
07-03 14:53:02.474 W/[ 7290.371274@0]- RTW(    0): Turbo EDCA =0x5ea42b
07-03 14:53:04.370 W/[ 7292.266691@2]- RTW(    0): fill_default_txdesc(wlan0): SP Packet(0x0806) rate=0x4 SeqNum = 3822
07-03 14:53:04.486 W/[ 7292.383058@1]- RTW(    0): Turbo EDCA =0x431c
07-03 14:53:05.686 W/[ 7293.584141@3]- RTW(    0): fill_default_txdesc(wlan0): SP Packet(0x0806) rate=0x4 SeqNum = 3825
07-03 14:53:06.502 W/[ 7294.399000@1]- RTW(    0): Turbo EDCA =0x5ea42b
07-03 14:53:08.518 W/[ 7296.414956@0]- RTW(    0): Turbo EDCA =0x431c
07-03 14:53:09.910 W/[ 7297.808524@3]- RTW(    0): fill_default_txdesc(wlan0): SP Packet(0x0806) rate=0x4 SeqNum = 3886
07-03 14:53:10.533 W/[ 7298.431067@1]- RTW(    0): Turbo EDCA =0x5ea42b
07-03 14:53:12.550 W/[ 7300.447185@3]- RTW(    0): Turbo EDCA =0x431c
07-03 14:53:13.030 W/[ 7300.926725@2]- RTW(    0): fill_default_txdesc(wlan0): SP Packet(0x0806) rate=0x4 SeqNum = 3968
07-03 14:53:14.566 W/[ 7302.463304@0]- RTW(    0): Turbo EDCA =0x5ea42b
07-03 14:53:15.018 W/[ 7302.916953@3]- RTW(    0): fill_default_txdesc(wlan0): SP Packet(0x0806) rate=0x4 SeqNum = 3977
07-03 14:53:16.582 W/[ 7304.479075@1]- RTW(    0): Turbo EDCA =0x431c
07-03 14:53:18.596 W/[ 7306.494953@0]- RTW(    0): Turbo EDCA =0x5ea42b
07-03 14:53:20.050 W/[ 7307.948463@3]- RTW(    0): fill_default_txdesc(wlan0): SP Packet(0x0806) rate=0x4 SeqNum = 107
07-03 14:53:20.614 W/[ 7308.511151@0]- RTW(    0): Turbo EDCA =0x431c
07-03 14:53:22.630 W/[ 7310.527352@1]- RTW(    0): Turbo EDCA =0x5ea42b
07-03 14:53:24.182 W/[ 7312.079398@3]- RTW(    0): fill_default_txdesc(wlan0): SP Packet(0x0806) rate=0x4 SeqNum = 182
07-03 14:53:24.650 W/[ 7312.547063@3]- RTW(    0): Turbo EDCA =0x431c
07-03 14:53:26.663 W/[ 7314.559126@0]- RTW(    0): Turbo EDCA =0x5ea42b
07-03 14:53:28.680 W/[ 7316.574940@0]- RTW(    0): Turbo EDCA =0x431c
07-03 14:53:29.258 W/[ 7317.158310@2]- RTW(    0): fill_default_txdesc(wlan0): SP Packet(0x0806) rate=0x4 SeqNum = 832
07-03 14:53:30.694 W/[ 7318.591034@3]- RTW(    0): Turbo EDCA =0x5ea42b
07-03 14:53:31.459 W/[ 7319.358691@1]- RTW(    0): fill_default_txdesc(wlan0): SP Packet(0x0806) rate=0x4 SeqNum = 1059
07-03 14:53:32.710 W/[ 7320.607106@0]- RTW(    0): Turbo EDCA =0x431c
07-03 14:53:34.590 W/[ 7322.488899@0]- RTW(    0): fill_default_txdesc(wlan0): SP Packet(0x0806) rate=0x4 SeqNum = 1451
07-03 14:53:34.726 W/[ 7322.622958@0]- RTW(    0): Turbo EDCA =0x5ea42b
07-03 14:53:36.739 W/[ 7324.639078@0]- RTW(    0): Turbo EDCA =0x431c
07-03 14:53:38.757 W/[ 7326.655202@2]- RTW(    0): Turbo EDCA =0x5ea42b
07-03 14:53:39.422 W/[ 7327.319539@0]- RTW(    0): fill_default_txdesc(wlan0): SP Packet(0x0806) rate=0x4 SeqNum = 1899
07-03 14:53:40.399 W/[ 7328.298417@0]- healthd(    0): battery l=100 v=4 t=0.0 h=2 st=2 c=1100 fc=10000000 chg=u
07-03 14:53:40.774 W/[ 7328.671004@2]- RTW(    0): Turbo EDCA =0x431c
07-03 14:53:42.790 W/[ 7330.687489@0]- RTW(    0): Turbo EDCA =0x5ea42b
07-03 14:53:44.518 W/[ 7332.418220@3]- RTW(    0): fill_default_txdesc(wlan0): SP Packet(0x0806) rate=0x4 SeqNum = 2148
07-03 14:53:44.806 W/[ 7332.702955@1]- RTW(    0): Turbo EDCA =0x431c
07-03 14:53:46.819 W/[ 7334.719077@2]- RTW(    0): Turbo EDCA =0x5ea42b
07-03 14:53:48.838 W/[ 7336.735150@2]- RTW(    0): Turbo EDCA =0x431c
07-03 14:53:49.618 W/[ 7337.516785@3]- RTW(    0): fill_default_txdesc(wlan0): SP Packet(0x0806) rate=0x4 SeqNum = 2278
07-03 14:53:50.662 W/[ 7338.558741@1]- RTW(    0): fill_default_txdesc(wlan0): SP Packet(0x0806) rate=0x4 SeqNum = 2282
07-03 14:53:50.854 W/[ 7338.751114@0]- RTW(    0): Turbo EDCA =0x5ea42b
07-03 14:53:52.872 W/[ 7340.771255@0]- RTW(    0): Turbo EDCA =0x431c
07-03 14:53:54.690 W/[ 7342.589427@3]- RTW(    0): fill_default_txdesc(wlan0): SP Packet(0x0806) rate=0x4 SeqNum = 2399
07-03 14:53:54.886 W/[ 7342.782940@1]- RTW(    0): Turbo EDCA =0x5ea42b
07-03 14:53:56.901 W/[ 7344.798911@1]- RTW(    0): Turbo EDCA =0x431c
07-03 14:53:58.916 W/[ 7346.815069@0]- RTW(    0): Turbo EDCA =0x5ea42b
07-03 14:53:59.374 W/[ 7347.274121@3]- RTW(    0): fill_default_txdesc(wlan0): SP Packet(0x0806) rate=0x4 SeqNum = 2613
07-03 14:54:00.931 W/[ 7348.830982@1]- RTW(    0): Turbo EDCA =0x431c
07-03 14:54:04.122 W/[ 7352.020599@3]- RTW(    0): fill_default_txdesc(wlan0): SP Packet(0x0806) rate=0x4 SeqNum = 2697
07-03 14:54:06.979 W/[ 7354.878968@0]- RTW(    0): Turbo EDCA =0x5ea42b
07-03 14:54:08.997 W/[ 7356.894948@1]- RTW(    0): Turbo EDCA =0x431c
07-03 14:54:09.862 W/[ 7357.758716@2]- RTW(    0): fill_default_txdesc(wlan0): SP Packet(0x0806) rate=0x4 SeqNum = 2775
07-03 14:54:09.910 W/[ 7357.807167@3]- RTW(    0): fill_default_txdesc(wlan0): SP Packet(0x0806) rate=0x4 SeqNum = 2779
07-03 14:54:11.018 W/[ 7358.914950@1]- RTW(    0): Turbo EDCA =0x5ea42b
07-03 14:54:13.030 W/[ 7360.926982@2]- RTW(    0): Turbo EDCA =0x431c
07-03 14:54:15.002 W/[ 7362.899003@3]- RTW(    0): fill_default_txdesc(wlan0): SP Packet(0x0806) rate=0x4 SeqNum = 2848
07-03 14:54:15.046 W/[ 7362.943181@0]- RTW(    0): Turbo EDCA =0x5ea42b
07-03 14:54:17.061 W/[ 7364.959122@0]- RTW(    0): Turbo EDCA =0x431c
07-03 14:54:19.080 W/[ 7366.978986@3]- RTW(    0): Turbo EDCA =0x5ea42b
07-03 14:54:20.109 W/[ 7368.008140@3]- RTW(    0): fill_default_txdesc(wlan0): SP Packet(0x0806) rate=0x4 SeqNum = 2975
07-03 14:54:21.094 W/[ 7368.991030@1]- RTW(    0): Turbo EDCA =0x431c
07-03 14:54:23.110 W/[ 7371.007012@0]- RTW(    0): Turbo EDCA =0x5ea42b
07-03 14:54:25.126 W/[ 7373.022982@3]- RTW(    0): Turbo EDCA =0x431c
07-03 14:54:25.214 W/[ 7373.111714@2]- RTW(    0): fill_default_txdesc(wlan0): SP Packet(0x0806) rate=0x4 SeqNum = 3070
07-03 14:54:27.142 W/[ 7375.040068@3]- RTW(    0): Turbo EDCA =0x5ea42b
07-03 14:54:28.036 W/[ 7375.934778@0]- RTW(    0): fill_default_txdesc(wlan0): SP Packet(0x0806) rate=0x4 SeqNum = 3166
07-03 14:54:28.150 W/[ 7376.050396@0]- audit(    0): audit_lost=3099 audit_rate_limit=5 audit_backlog_limit=64
07-03 14:54:28.150 E/[ 7376.050407@0]- audit(    0): rate limit exceeded
07-03 14:54:29.158 W/[ 7377.054946@1]- RTW(    0): Turbo EDCA =0x431c
07-03 14:54:30.278 W/[ 7378.177587@3]- RTW(    0): fill_default_txdesc(wlan0): SP Packet(0x0806) rate=0x4 SeqNum = 3181
07-03 14:54:31.172 W/[ 7379.070947@1]- RTW(    0): Turbo EDCA =0x5ea42b
07-03 14:54:33.190 W/[ 7381.087007@1]- RTW(    0): Turbo EDCA =0x431c
07-03 14:54:35.206 W/[ 7383.103020@2]- RTW(    0): Turbo EDCA =0x5ea42b
07-03 14:54:35.315 W/[ 7383.211812@1]s RTW(    0): fill_default_txdesc(wlan0): SP Packet(0x0806) rate=0x4 SeqNum = 3327
07-03 14:54:37.222 W/[ 7385.119076@0]- RTW(    0): Turbo EDCA =0x431c
07-03 14:54:39.238 W/[ 7387.135056@2]- RTW(    0): Turbo EDCA =0x5ea42b
07-03 14:54:40.110 W/[ 7388.009929@3]- RTW(    0): fill_default_txdesc(wlan0): SP Packet(0x0806) rate=0x4 SeqNum = 3440
07-03 14:54:40.401 W/[ 7388.299116@0]- healthd(    0): battery l=100 v=4 t=0.0 h=2 st=2 c=1100 fc=10000000 chg=u
07-03 14:54:41.254 W/[ 7389.150965@1]- RTW(    0): Turbo EDCA =0x431c
07-03 14:54:45.570 W/[ 7393.466558@3]- RTW(    0): fill_default_txdesc(wlan0): SP Packet(0x0806) rate=0x4 SeqNum = 3536
07-03 14:54:46.212 W/[ 7394.110706@1]- RTW(    0): fill_default_txdesc(wlan0): SP Packet(0x0806) rate=0x4 SeqNum = 3538
07-03 14:54:48.070 W/[ 7395.967228@0]- audit(    0): audit_lost=3101 audit_rate_limit=5 audit_backlog_limit=64
07-03 14:54:48.070 E/[ 7395.967236@0]- audit(    0): rate limit exceeded
07-03 14:54:50.382 W/[ 7398.279656@3]- RTW(    0): fill_default_txdesc(wlan0): SP Packet(0x0806) rate=0x4 SeqNum = 3595
07-03 14:54:55.722 W/[ 7403.618912@3]- RTW(    0): fill_default_txdesc(wlan0): SP Packet(0x0806) rate=0x4 SeqNum = 3770
07-03 14:55:00.794 W/[ 7408.693483@3]- RTW(    0): fill_default_txdesc(wlan0): SP Packet(0x0806) rate=0x4 SeqNum = 3842
07-03 14:55:04.388 W/[ 7412.286821@0]- RTW(    0): fill_default_txdesc(wlan0): SP Packet(0x0806) rate=0x4 SeqNum = 3932
07-03 14:55:05.444 W/[ 7413.342989@1]- RTW(    0): Turbo EDCA =0x5ea42b
07-03 14:55:05.902 W/[ 7413.802508@2]- RTW(    0): fill_default_txdesc(wlan0): SP Packet(0x0806) rate=0x4 SeqNum = 3938
07-03 14:55:07.462 W/[ 7415.358917@3]- RTW(    0): Turbo EDCA =0x431c
07-03 14:55:09.478 W/[ 7417.375282@3]- RTW(    0): Turbo EDCA =0x5ea42b
07-03 14:55:11.018 W/[ 7418.916809@3]- RTW(    0): fill_default_txdesc(wlan0): SP Packet(0x0806) rate=0x4 SeqNum = 4025
07-03 14:55:11.494 W/[ 7419.390920@1]- RTW(    0): Turbo EDCA =0x431c
07-03 14:55:15.623 W/[ 7423.520393@1]- RTW(    0): fill_default_txdesc(wlan0): SP Packet(0x0806) rate=0x4 SeqNum = 108
07-03 14:55:17.540 W/[ 7425.439216@0]- RTW(    0): Turbo EDCA =0x5ea42b
07-03 14:55:19.558 W/[ 7427.455013@3]- RTW(    0): Turbo EDCA =0x431c
07-03 14:55:20.118 W/[ 7428.017771@3]- RTW(    0): fill_default_txdesc(wlan0): SP Packet(0x0806) rate=0x4 SeqNum = 167
07-03 14:55:21.574 W/[ 7429.471328@3]- RTW(    0): Turbo EDCA =0x5ea42b
07-03 14:55:22.822 W/[ 7430.718762@0]- RTW(    0): fill_default_txdesc(wlan0): SP Packet(0x0806) rate=0x4 SeqNum = 173
07-03 14:55:23.590 W/[ 7431.487025@3]- RTW(    0): Turbo EDCA =0x431c
07-03 14:55:25.218 W/[ 7433.115247@3]- RTW(    0): fill_default_txdesc(wlan0): SP Packet(0x0806) rate=0x4 SeqNum = 263
07-03 14:55:25.605 W/[ 7433.503596@0]- RTW(    0): Turbo EDCA =0x5ea42b
07-03 14:55:27.622 W/[ 7435.518917@1]- RTW(    0): Turbo EDCA =0x431c
07-03 14:55:27.906 W/[ 7435.805883@1]- audit(    0): audit_lost=3129 audit_rate_limit=5 audit_backlog_limit=64
07-03 14:55:27.906 E/[ 7435.805893@1]- audit(    0): rate limit exceeded
07-03 14:55:29.638 W/[ 7437.535020@0]- RTW(    0): Turbo EDCA =0x5ea42b
07-03 14:55:30.322 W/[ 7438.218747@3]- RTW(    0): fill_default_txdesc(wlan0): SP Packet(0x0806) rate=0x4 SeqNum = 403
07-03 14:55:31.651 W/[ 7439.550965@3]- RTW(    0): Turbo EDCA =0x431c
07-03 14:55:32.684 W/[ 7440.579172@2]- RTW(    0): cfg80211_rtw_scan(wlan0)
07-03 14:55:32.684 W/[ 7440.579187@2]- RTW(    0): WARN cfg80211_rtw_scan (wlan0) : scan abort!! BusyTraffic
07-03 14:55:19.890 I/chatty  ( 3835): uid=1000(system) android.bg identical 14 lines
07-03 14:55:30.011 I/UsageStatsService( 3835): User[0] Flushing usage stats to disk
07-03 14:55:32.743 D/ConnectivityService( 3835): requestNetwork for uid/pid:10034/5095 NetworkRequest [ TRACK_DEFAULT id=33, [ Capabilities: INTERNET&NOT_RESTRICTED&TRUSTED Uid: 10034 AdministratorUids: [] RequestorUid: 10034 RequestorPackageName: com.iwedia.ui.rjio.launcher.reliance] ]
07-03 14:55:32.745 D/ConnectivityService( 3835): NetReassign [33 : null → 100]
07-03 14:55:32.846 D/ConnectivityService( 3835): releasing NetworkRequest [ TRACK_DEFAULT id=33, [ Capabilities: INTERNET&NOT_RESTRICTED&TRUSTED Uid: 10034 AdministratorUids: [] RequestorUid: 10034 RequestorPackageName: com.iwedia.ui.rjio.launcher.reliance] ] (release request)
07-03 14:55:33.668 W/[ 7441.567576@3]- RTW(    0): Turbo EDCA =0x5ea42b
07-03 14:55:35.390 W/[ 7443.289882@3]- RTW(    0): fill_default_txdesc(wlan0): SP Packet(0x0806) rate=0x4 SeqNum = 550
07-03 14:55:35.686 W/[ 7443.583189@3]- RTW(    0): Turbo EDCA =0x431c
07-03 14:55:37.702 W/[ 7445.599151@0]- RTW(    0): Turbo EDCA =0x5ea42b
07-03 14:55:39.718 W/[ 7447.615050@1]- RTW(    0): Turbo EDCA =0x431c
07-03 14:55:40.120 I/UsageStatsService( 3835): User[0] Flushing usage stats to disk
07-03 14:55:40.399 W/[ 7448.299369@3]- healthd(    0): battery l=100 v=4 t=0.0 h=2 st=2 c=1100 fc=10000000 chg=u
07-03 14:55:40.450 W/[ 7448.348325@0]- RTW(    0): fill_default_txdesc(wlan0): SP Packet(0x0806) rate=0x4 SeqNum = 638
07-03 14:55:41.734 W/[ 7449.631073@2]- RTW(    0): Turbo EDCA =0x5ea42b
07-03 14:55:42.022 W/[ 7449.922719@1]- RTW(    0): fill_default_txdesc(wlan0): SP Packet(0x0806) rate=0x4 SeqNum = 644
07-03 14:55:43.754 W/[ 7451.652190@0]- RTW(    0): Turbo EDCA =0x431c
07-03 14:55:45.378 W/[ 7453.278436@3]- RTW(    0): fill_default_txdesc(wlan0): SP Packet(0x0806) rate=0x4 SeqNum = 718
07-03 14:55:45.770 W/[ 7453.667145@0]- RTW(    0): Turbo EDCA =0x5ea42b
07-03 14:55:47.780 W/[ 7455.679272@3]- RTW(    0): Turbo EDCA =0x431c
07-03 14:55:49.798 W/[ 7457.694985@3]- RTW(    0): Turbo EDCA =0x5ea42b
07-03 14:55:50.619 W/[ 7458.516162@3]- RTW(    0): fill_default_txdesc(wlan0): SP Packet(0x0806) rate=0x4 SeqNum = 918
07-03 14:55:51.814 W/[ 7459.711019@0]- RTW(    0): Turbo EDCA =0x431c
07-03 14:55:53.830 W/[ 7461.726934@1]- RTW(    0): Turbo EDCA =0x5ea42b
07-03 14:55:55.622 W/[ 7463.519334@3]- RTW(    0): fill_default_txdesc(wlan0): SP Packet(0x0806) rate=0x4 SeqNum = 1078
07-03 14:55:55.846 W/[ 7463.744185@1]- RTW(    0): Turbo EDCA =0x431c
07-03 14:55:57.862 W/[ 7465.758967@2]- RTW(    0): Turbo EDCA =0x5ea42b
07-03 14:55:59.878 W/[ 7467.774929@2]- RTW(    0): Turbo EDCA =0x431c
07-03 14:56:00.762 W/[ 7468.660498@0]- RTW(    0): fill_default_txdesc(wlan0): SP Packet(0x0806) rate=0x4 SeqNum = 2256
07-03 14:56:01.220 W/[ 7469.118801@0]- RTW(    0): fill_default_txdesc(wlan0): SP Packet(0x0806) rate=0x4 SeqNum = 2258
07-03 14:56:05.858 W/[ 7473.754836@3]- RTW(    0): fill_default_txdesc(wlan0): SP Packet(0x0806) rate=0x4 SeqNum = 2327
07-03 14:56:05.926 W/[ 7473.823554@1]- RTW(    0): Turbo EDCA =0x5ea42b
07-03 14:56:07.941 W/[ 7475.839187@1]- RTW(    0): Turbo EDCA =0x431c
07-03 14:56:09.958 W/[ 7477.855087@1]- RTW(    0): Turbo EDCA =0x5ea42b
07-03 14:56:10.382 W/[ 7478.281061@3]- RTW(    0): fill_default_txdesc(wlan0): SP Packet(0x0806) rate=0x4 SeqNum = 2406
07-03 14:56:11.974 W/[ 7479.870925@1]- RTW(    0): Turbo EDCA =0x431c
07-03 14:56:13.990 W/[ 7481.887200@2]- RTW(    0): Turbo EDCA =0x5ea42b
07-03 14:56:16.006 W/[ 7483.902940@0]- RTW(    0): Turbo EDCA =0x431c
07-03 14:56:16.030 W/[ 7483.927684@3]- RTW(    0): fill_default_txdesc(wlan0): SP Packet(0x0806) rate=0x4 SeqNum = 2588
07-03 14:56:18.022 W/[ 7485.919325@0]- RTW(    0): Turbo EDCA =0x5ea42b
07-03 14:56:19.398 W/[ 7487.294713@2]- RTW(    0): fill_default_txdesc(wlan0): SP Packet(0x0806) rate=0x4 SeqNum = 2666
07-03 14:56:20.038 W/[ 7487.934957@0]- RTW(    0): Turbo EDCA =0x431c
07-03 14:56:20.130 W/[ 7488.026989@0]- RTW(    0): fill_default_txdesc(wlan0): SP Packet(0x0806) rate=0x4 SeqNum = 2672
07-03 14:56:22.055 W/[ 7489.951135@1]- RTW(    0): Turbo EDCA =0x5ea42b
07-03 14:56:24.070 W/[ 7491.966948@1]- RTW(    0): Turbo EDCA =0x431c
07-03 14:56:25.202 W/[ 7493.102001@2]- RTW(    0): fill_default_txdesc(wlan0): SP Packet(0x0806) rate=0x4 SeqNum = 2754
07-03 14:56:26.087 W/[ 7493.987142@0]- RTW(    0): Turbo EDCA =0x5ea42b
07-03 14:56:27.904 W/[ 7495.804234@1]- audit(    0): audit_lost=3132 audit_rate_limit=5 audit_backlog_limit=64
07-03 14:56:27.904 E/[ 7495.804243@1]- audit(    0): rate limit exceeded
07-03 14:56:28.102 W/[ 7495.999146@1]- RTW(    0): Turbo EDCA =0x431c
07-03 14:56:30.117 W/[ 7498.015066@1]- RTW(    0): Turbo EDCA =0x5ea42b
07-03 14:56:30.242 W/[ 7498.141616@0]- RTW(    0): fill_default_txdesc(wlan0): SP Packet(0x0806) rate=0x4 SeqNum = 2884
07-03 14:56:32.138 W/[ 7500.035041@2]- RTW(    0): Turbo EDCA =0x431c
07-03 14:56:34.150 W/[ 7502.046930@0]- RTW(    0): Turbo EDCA =0x5ea42b
07-03 14:56:35.118 W/[ 7503.017162@3]- RTW(    0): fill_default_txdesc(wlan0): SP Packet(0x0806) rate=0x4 SeqNum = 2937
07-03 14:56:36.166 W/[ 7504.063089@1]- RTW(    0): Turbo EDCA =0x431c
07-03 14:56:37.829 W/[ 7505.726741@1]- RTW(    0): fill_default_txdesc(wlan0): SP Packet(0x0806) rate=0x4 SeqNum = 3033
07-03 14:56:38.182 W/[ 7506.079897@2]- RTW(    0): Turbo EDCA =0x5ea42b
07-03 14:56:40.198 W/[ 7508.094960@2]- RTW(    0): Turbo EDCA =0x431c
07-03 14:56:40.398 W/[ 7508.298376@0]- healthd(    0): battery l=100 v=4 t=0.0 h=2 st=2 c=1100 fc=10000000 chg=u
07-03 14:56:40.458 W/[ 7508.358534@3]- RTW(    0): fill_default_txdesc(wlan0): SP Packet(0x0806) rate=0x4 SeqNum = 3118
07-03 14:56:42.214 W/[ 7510.111045@1]- RTW(    0): Turbo EDCA =0x5ea42b
07-03 14:56:44.234 W/[ 7512.130965@0]- RTW(    0): Turbo EDCA =0x431c
07-03 14:56:45.493 W/[ 7513.390979@2]- RTW(    0): fill_default_txdesc(wlan0): SP Packet(0x0806) rate=0x4 SeqNum = 3219
07-03 14:56:46.246 W/[ 7514.143080@2]- RTW(    0): Turbo EDCA =0x5ea42b
07-03 14:56:48.167 W/[ 7516.065245@1]- audit(    0): audit_lost=3135 audit_rate_limit=5 audit_backlog_limit=64
07-03 14:56:48.167 E/[ 7516.065254@1]- audit(    0): rate limit exceeded
07-03 14:56:48.266 W/[ 7516.162960@1]- RTW(    0): Turbo EDCA =0x431c
07-03 14:56:50.282 W/[ 7518.179027@1]- RTW(    0): Turbo EDCA =0x5ea42b
07-03 14:56:50.582 W/[ 7518.482393@3]- RTW(    0): fill_default_txdesc(wlan0): SP Packet(0x0806) rate=0x4 SeqNum = 3322
07-03 14:56:52.293 W/[ 7520.191085@0]- RTW(    0): Turbo EDCA =0x431c
07-03 14:56:54.310 W/[ 7522.206971@1]- RTW(    0): Turbo EDCA =0x5ea42b
07-03 14:56:55.678 W/[ 7523.576918@3]- RTW(    0): fill_default_txdesc(wlan0): SP Packet(0x0806) rate=0x4 SeqNum = 3444
07-03 14:56:56.326 W/[ 7524.223023@0]- RTW(    0): Turbo EDCA =0x431c
07-03 14:56:57.028 W/[ 7524.926717@1]- RTW(    0): fill_default_txdesc(wlan0): SP Packet(0x0806) rate=0x4 SeqNum = 3448
07-03 14:56:58.342 W/[ 7526.238956@0]- RTW(    0): Turbo EDCA =0x5ea42b
07-03 14:57:00.362 W/[ 7528.259028@1]- RTW(    0): Turbo EDCA =0x431c
07-03 14:57:00.714 W/[ 7528.614252@3]- RTW(    0): fill_default_txdesc(wlan0): SP Packet(0x0806) rate=0x4 SeqNum = 3510
07-03 14:57:05.374 W/[ 7533.271929@1]- RTW(    0): fill_default_txdesc(wlan0): SP Packet(0x0806) rate=0x4 SeqNum = 3596
07-03 14:57:06.406 W/[ 7534.303360@2]- RTW(    0): Turbo EDCA =0x5ea42b
07-03 14:57:08.422 W/[ 7536.320811@0]- RTW(    0): Turbo EDCA =0x431c
07-03 14:57:10.438 W/[ 7538.336247@1]- RTW(    0): Turbo EDCA =0x5ea42b
07-03 14:57:10.898 W/[ 7538.796624@3]- RTW(    0): fill_default_txdesc(wlan0): SP Packet(0x0806) rate=0x4 SeqNum = 3690
07-03 14:57:12.454 W/[ 7540.350946@1]- RTW(    0): Turbo EDCA =0x431c
07-03 14:57:14.470 W/[ 7542.367052@0]- RTW(    0): Turbo EDCA =0x5ea42b
07-03 14:57:15.634 W/[ 7543.532562@2]- RTW(    0): fill_default_txdesc(wlan0): SP Packet(0x0806) rate=0x4 SeqNum = 3977
07-03 14:57:16.230 W/[ 7544.126921@3]- RTW(    0): fill_default_txdesc(wlan0): SP Packet(0x0806) rate=0x4 SeqNum = 3979
07-03 14:57:16.486 W/[ 7544.382971@0]- RTW(    0): Turbo EDCA =0x431c
07-03 14:57:18.502 W/[ 7546.399009@0]- RTW(    0): Turbo EDCA =0x5ea42b
07-03 14:57:20.518 W/[ 7548.415065@0]- RTW(    0): Turbo EDCA =0x431c
07-03 14:57:21.094 W/[ 7548.994243@3]- RTW(    0): fill_default_txdesc(wlan0): SP Packet(0x0806) rate=0x4 SeqNum = 4039
07-03 14:57:22.533 W/[ 7550.431158@2]- RTW(    0): Turbo EDCA =0x5ea42b
07-03 14:57:24.550 W/[ 7552.447062@3]- RTW(    0): Turbo EDCA =0x431c
07-03 14:57:26.154 W/[ 7554.052945@3]- RTW(    0): fill_default_txdesc(wlan0): SP Packet(0x0806) rate=0x4 SeqNum = 9
07-03 14:57:26.566 W/[ 7554.463204@0]- RTW(    0): Turbo EDCA =0x5ea42b
07-03 14:57:28.154 W/[ 7556.052671@2]- audit(    0): audit_lost=3163 audit_rate_limit=5 audit_backlog_limit=64
07-03 14:57:28.154 E/[ 7556.052680@2]- audit(    0): rate limit exceeded
07-03 14:57:28.582 W/[ 7556.479459@3]- RTW(    0): Turbo EDCA =0x431c
07-03 14:57:30.598 W/[ 7558.494968@0]- RTW(    0): Turbo EDCA =0x5ea42b
07-03 14:57:31.214 W/[ 7559.113585@3]- RTW(    0): fill_default_txdesc(wlan0): SP Packet(0x0806) rate=0x4 SeqNum = 127
07-03 14:57:31.590 W/[ 7559.486696@3]- RTW(    0): fill_default_txdesc(wlan0): SP Packet(0x0806) rate=0x4 SeqNum = 186
07-03 14:57:31.672 W/[ 7559.568989@2]- RTW(    0): fill_default_txdesc(wlan0): SP Packet(0x0806) rate=0x4 SeqNum = 187
07-03 14:57:32.614 W/[ 7560.511181@2]- RTW(    0): Turbo EDCA =0x431c
07-03 14:57:34.405 W/[ 7562.302723@1]- RTW(    0): fill_default_txdesc(wlan0): SP Packet(0x0806) rate=0x4 SeqNum = 195
07-03 14:57:34.630 W/[ 7562.527039@2]- RTW(    0): Turbo EDCA =0x5ea42b
07-03 14:57:36.306 W/[ 7564.204297@3]- RTW(    0): fill_default_txdesc(wlan0): SP Packet(0x0806) rate=0x4 SeqNum = 237
07-03 14:57:36.643 W/[ 7564.543142@2]- RTW(    0): Turbo EDCA =0x431c
07-03 14:57:38.662 W/[ 7566.560674@3]- RTW(    0): Turbo EDCA =0x5ea42b
07-03 14:57:40.402 W/[ 7568.298991@0]- healthd(    0): battery l=100 v=4 t=0.0 h=2 st=2 c=1100 fc=10000000 chg=u
07-03 14:57:40.678 W/[ 7568.574970@0]- RTW(    0): Turbo EDCA =0x431c
07-03 14:57:41.354 W/[ 7569.253054@3]- RTW(    0): fill_default_txdesc(wlan0): SP Packet(0x0806) rate=0x4 SeqNum = 324
07-03 14:57:42.694 W/[ 7570.591002@0]- RTW(    0): Turbo EDCA =0x5ea42b
07-03 14:57:44.708 W/[ 7572.606991@2]- RTW(    0): Turbo EDCA =0x431c
07-03 14:57:46.454 W/[ 7574.352892@3]- RTW(    0): fill_default_txdesc(wlan0): SP Packet(0x0806) rate=0x4 SeqNum = 426
07-03 14:57:46.726 W/[ 7574.623011@2]- RTW(    0): Turbo EDCA =0x5ea42b
07-03 14:57:48.742 W/[ 7576.639062@1]- RTW(    0): Turbo EDCA =0x431c
07-03 14:57:50.762 W/[ 7578.659141@1]- RTW(    0): Turbo EDCA =0x5ea42b
07-03 14:57:51.534 W/[ 7579.432852@2]- RTW(    0): fill_default_txdesc(wlan0): SP Packet(0x0806) rate=0x4 SeqNum = 577
07-03 14:57:52.582 W/[ 7580.480270@2]- RTW(    0): fill_default_txdesc(wlan0): SP Packet(0x0806) rate=0x4 SeqNum = 580
07-03 14:57:52.774 W/[ 7580.670930@1]- RTW(    0): Turbo EDCA =0x431c
07-03 14:57:54.790 W/[ 7582.687108@1]- RTW(    0): Turbo EDCA =0x5ea42b
07-03 14:57:56.614 W/[ 7584.513913@3]- RTW(    0): fill_default_txdesc(wlan0): SP Packet(0x0806) rate=0x4 SeqNum = 659
07-03 14:57:56.804 W/[ 7584.703021@0]- RTW(    0): Turbo EDCA =0x431c
07-03 14:57:58.818 W/[ 7586.718924@1]- RTW(    0): Turbo EDCA =0x5ea42b
07-03 14:58:00.835 W/[ 7588.735172@2]- RTW(    0): Turbo EDCA =0x431c
07-03 14:58:01.706 W/[ 7589.603115@0]- RTW(    0): fill_default_txdesc(wlan0): SP Packet(0x0806) rate=0x4 SeqNum = 747
07-03 14:58:05.638 W/[ 7593.534732@3]- RTW(    0): fill_default_txdesc(wlan0): SP Packet(0x0806) rate=0x4 SeqNum = 832
07-03 14:58:05.718 W/[ 7593.617020@3]- RTW(    0): fill_default_txdesc(wlan0): SP Packet(0x0806) rate=0x4 SeqNum = 833
07-03 14:58:06.330 W/[ 7594.228406@3]- RTW(    0): fill_default_txdesc(wlan0): SP Packet(0x0806) rate=0x4 SeqNum = 838
07-03 14:58:06.886 W/[ 7594.782962@1]- RTW(    0): Turbo EDCA =0x5ea42b
07-03 14:58:08.902 W/[ 7596.799045@2]- RTW(    0): Turbo EDCA =0x431c
07-03 14:58:10.915 W/[ 7598.815171@2]- RTW(    0): Turbo EDCA =0x5ea42b
07-03 14:58:11.934 W/[ 7599.832684@3]- RTW(    0): fill_default_txdesc(wlan0): SP Packet(0x0806) rate=0x4 SeqNum = 1004
07-03 14:58:12.686 W/[ 7600.583283@0]- RTW(    0): cfg80211_rtw_scan(wlan0)
07-03 14:58:12.686 W/[ 7600.583294@0]- RTW(    0): cfg80211_rtw_scan (wlan0) : scan deny
07-03 14:57:52.575 I/chatty  ( 3835): uid=1000(system) android.bg identical 13 lines
07-03 14:58:02.678 I/UsageStatsService( 3835): User[0] Flushing usage stats to disk
07-03 14:58:12.693 W/ActivityManager( 3835): Unable to start service Intent { act=com.dsm.health.check cmp=com.jio.stbpushservice/com.jio.pushservice.transporterutils.TransporterCommonService } U=0: not found
07-03 14:58:12.828 I/UsageStatsService( 3835): User[0] Flushing usage stats to disk
07-03 14:58:12.935 W/[ 7600.834921@2]- RTW(    0): Turbo EDCA =0x431c
07-03 14:58:14.950 W/[ 7602.846968@1]- RTW(    0): Turbo EDCA =0x5ea42b
07-03 14:58:16.966 W/[ 7604.863141@0]- RTW(    0): Turbo EDCA =0x431c
07-03 14:58:16.985 W/[ 7604.882840@3]- RTW(    0): fill_default_txdesc(wlan0): SP Packet(0x0806) rate=0x4 SeqNum = 1087
07-03 14:58:18.950 W/[ 7606.847297@2]- RTW(    0): fill_default_txdesc(wlan0): SP Packet(0x0806) rate=0x4 SeqNum = 1093
07-03 14:58:18.986 W/[ 7606.883139@3]- RTW(    0): Turbo EDCA =0x5ea42b
07-03 14:58:20.995 W/[ 7608.894988@0]- RTW(    0): Turbo EDCA =0x431c
07-03 14:58:22.054 W/[ 7609.952965@3]- RTW(    0): fill_default_txdesc(wlan0): SP Packet(0x0806) rate=0x4 SeqNum = 1201
07-03 14:58:23.012 W/[ 7610.910920@1]- RTW(    0): Turbo EDCA =0x5ea42b
07-03 14:58:25.030 W/[ 7612.926952@1]- RTW(    0): Turbo EDCA =0x431c
07-03 14:58:26.106 W/[ 7614.003047@3]- RTW(    0): fill_default_txdesc(wlan0): SP Packet(0x0806) rate=0x4 SeqNum = 1251
07-03 14:58:27.044 W/[ 7614.942912@3]- RTW(    0): Turbo EDCA =0x5ea42b
07-03 14:58:29.066 W/[ 7616.963223@1]- RTW(    0): Turbo EDCA =0x431c
07-03 14:58:31.077 W/[ 7618.974967@3]- RTW(    0): Turbo EDCA =0x5ea42b
07-03 14:58:31.166 W/[ 7619.063419@3]- RTW(    0): fill_default_txdesc(wlan0): SP Packet(0x0806) rate=0x4 SeqNum = 1360
07-03 14:58:33.094 W/[ 7620.990967@0]- RTW(    0): Turbo EDCA =0x431c
07-03 14:58:35.110 W/[ 7623.009952@1]- RTW(    0): Turbo EDCA =0x5ea42b
07-03 14:58:36.234 W/[ 7624.132463@2]- RTW(    0): fill_default_txdesc(wlan0): SP Packet(0x0806) rate=0x4 SeqNum = 1641
07-03 14:58:37.126 W/[ 7625.023048@1]- RTW(    0): Turbo EDCA =0x431c
07-03 14:58:39.143 W/[ 7627.039218@1]- RTW(    0): Turbo EDCA =0x5ea42b
07-03 14:58:40.402 W/[ 7628.298740@0]- healthd(    0): battery l=100 v=4 t=0.0 h=2 st=2 c=1100 fc=10000000 chg=u
07-03 14:58:41.158 W/[ 7629.054950@2]- RTW(    0): Turbo EDCA =0x431c
07-03 14:58:41.294 W/[ 7629.192931@3]- RTW(    0): fill_default_txdesc(wlan0): SP Packet(0x0806) rate=0x4 SeqNum = 1711
07-03 14:58:43.174 W/[ 7631.070942@1]- RTW(    0): Turbo EDCA =0x5ea42b
07-03 14:58:45.190 W/[ 7633.087090@2]- RTW(    0): Turbo EDCA =0x431c
07-03 14:58:45.315 W/[ 7633.215144@2]- RTW(    0): fill_default_txdesc(wlan0): SP Packet(0x0806) rate=0x4 SeqNum = 1797
07-03 14:58:46.354 W/[ 7634.252504@3]- RTW(    0): fill_default_txdesc(wlan0): SP Packet(0x0806) rate=0x4 SeqNum = 1803
07-03 14:58:47.206 W/[ 7635.103101@1]- RTW(    0): Turbo EDCA =0x5ea42b
07-03 14:58:48.274 W/[ 7636.172939@2]- audit(    0): audit_lost=3164 audit_rate_limit=5 audit_backlog_limit=64
07-03 14:58:48.274 E/[ 7636.172947@2]- audit(    0): rate limit exceeded
07-03 14:58:49.222 W/[ 7637.119980@2]- RTW(    0): Turbo EDCA =0x431c
07-03 14:58:51.238 W/[ 7639.134950@1]- RTW(    0): Turbo EDCA =0x5ea42b
07-03 14:58:51.426 W/[ 7639.322823@2]- RTW(    0): fill_default_txdesc(wlan0): SP Packet(0x0806) rate=0x4 SeqNum = 1960
07-03 14:58:53.254 W/[ 7641.151220@3]- RTW(    0): Turbo EDCA =0x431c
07-03 14:58:56.502 W/[ 7644.402281@0]- RTW(    0): fill_default_txdesc(wlan0): SP Packet(0x0806) rate=0x4 SeqNum = 2053
07-03 14:59:01.584 W/[ 7649.483186@3]- RTW(    0): fill_default_txdesc(wlan0): SP Packet(0x0806) rate=0x4 SeqNum = 2161
07-03 14:59:05.354 W/[ 7653.251072@1]- RTW(    0): Turbo EDCA =0x5ea42b
07-03 14:59:06.174 W/[ 7654.072783@3]- RTW(    0): fill_default_txdesc(wlan0): SP Packet(0x0806) rate=0x4 SeqNum = 2234
07-03 14:59:07.366 W/[ 7655.262912@3]- RTW(    0): Turbo EDCA =0x431c
07-03 14:59:09.382 W/[ 7657.279196@1]- RTW(    0): Turbo EDCA =0x5ea42b
07-03 14:59:11.397 W/[ 7659.295274@3]- RTW(    0): Turbo EDCA =0x431c
07-03 14:59:11.722 W/[ 7659.622087@2]- RTW(    0): fill_default_txdesc(wlan0): SP Packet(0x0806) rate=0x4 SeqNum = 2435
07-03 14:59:12.710 W/[ 7660.606758@1]- RTW(    0): fill_default_txdesc(wlan0): SP Packet(0x0806) rate=0x4 SeqNum = 2438
07-03 14:59:16.786 W/[ 7664.682937@3]- RTW(    0): fill_default_txdesc(wlan0): SP Packet(0x0806) rate=0x4 SeqNum = 2493
07-03 14:59:17.446 W/[ 7665.343367@1]- RTW(    0): Turbo EDCA =0x5ea42b
07-03 14:59:19.462 W/[ 7667.358929@1]- RTW(    0): Turbo EDCA =0x431c
07-03 14:59:21.477 W/[ 7669.375064@0]- RTW(    0): Turbo EDCA =0x5ea42b
07-03 14:59:21.854 W/[ 7669.754153@3]- RTW(    0): fill_default_txdesc(wlan0): SP Packet(0x0806) rate=0x4 SeqNum = 2580
07-03 14:59:23.494 W/[ 7671.390942@3]- RTW(    0): Turbo EDCA =0x431c
07-03 14:59:25.510 W/[ 7673.407030@2]- RTW(    0): Turbo EDCA =0x5ea42b
07-03 14:59:26.618 W/[ 7674.516702@3]- RTW(    0): fill_default_txdesc(wlan0): SP Packet(0x0806) rate=0x4 SeqNum = 2640
07-03 14:59:27.526 W/[ 7675.422883@1]- RTW(    0): Turbo EDCA =0x431c
07-03 14:59:27.911 W/[ 7675.810861@3]- audit(    0): audit_lost=3191 audit_rate_limit=5 audit_backlog_limit=64
07-03 14:59:27.911 E/[ 7675.810869@3]- audit(    0): rate limit exceeded
07-03 14:59:29.542 W/[ 7677.439073@1]- RTW(    0): Turbo EDCA =0x5ea42b
07-03 14:59:31.558 W/[ 7679.454934@2]- RTW(    0): Turbo EDCA =0x431c
07-03 14:59:31.986 W/[ 7679.882632@2]- RTW(    0): fill_default_txdesc(wlan0): SP Packet(0x0806) rate=0x4 SeqNum = 2818
07-03 14:59:33.574 W/[ 7681.471110@1]- RTW(    0): Turbo EDCA =0x5ea42b
07-03 14:59:35.590 W/[ 7683.487118@3]- RTW(    0): Turbo EDCA =0x431c
07-03 14:59:36.138 W/[ 7684.037577@2]- RTW(    0): fill_default_txdesc(wlan0): SP Packet(0x0806) rate=0x4 SeqNum = 2884
07-03 14:59:37.606 W/[ 7685.503082@0]- RTW(    0): Turbo EDCA =0x5ea42b
07-03 14:59:39.622 W/[ 7687.519336@2]- RTW(    0): Turbo EDCA =0x431c
07-03 14:59:40.398 W/[ 7688.298381@0]- healthd(    0): battery l=100 v=4 t=0.0 h=2 st=2 c=1100 fc=10000000 chg=u
07-03 14:59:40.871 W/[ 7688.766759@1]- RTW(    0): fill_default_txdesc(wlan0): SP Packet(0x0806) rate=0x4 SeqNum = 2966
07-03 14:59:41.106 W/[ 7689.003940@1]- RTW(    0): fill_default_txdesc(wlan0): SP Packet(0x0806) rate=0x4 SeqNum = 2968
07-03 14:59:41.638 W/[ 7689.534956@2]- RTW(    0): Turbo EDCA =0x5ea42b
07-03 14:59:43.654 W/[ 7691.551585@0]- RTW(    0): Turbo EDCA =0x431c
07-03 14:59:45.670 W/[ 7693.567143@1]- RTW(    0): Turbo EDCA =0x5ea42b
07-03 14:59:46.194 W/[ 7694.091877@2]- RTW(    0): fill_default_txdesc(wlan0): SP Packet(0x0806) rate=0x4 SeqNum = 3107
07-03 14:59:47.686 W/[ 7695.583067@0]- RTW(    0): Turbo EDCA =0x431c
07-03 14:59:49.702 W/[ 7697.598979@0]- RTW(    0): Turbo EDCA =0x5ea42b
07-03 14:59:51.254 W/[ 7699.153961@2]- RTW(    0): fill_default_txdesc(wlan0): SP Packet(0x0806) rate=0x4 SeqNum = 3216
07-03 14:59:51.722 W/[ 7699.619161@1]- RTW(    0): Turbo EDCA =0x431c
07-03 14:59:53.734 W/[ 7701.630970@3]- RTW(    0): Turbo EDCA =0x5ea42b
07-03 14:59:55.750 W/[ 7703.647039@3]- RTW(    0): Turbo EDCA =0x431c
07-03 14:59:56.326 W/[ 7704.222647@2]- RTW(    0): fill_default_txdesc(wlan0): SP Packet(0x0806) rate=0x4 SeqNum = 3412
07-03 14:59:57.769 W/[ 7705.667523@3]- RTW(    0): Turbo EDCA =0x5ea42b
07-03 14:59:59.782 W/[ 7707.678999@0]- RTW(    0): Turbo EDCA =0x431c
07-03 15:00:01.382 W/[ 7709.282148@3]- RTW(    0): fill_default_txdesc(wlan0): SP Packet(0x0806) rate=0x4 SeqNum = 3491
07-03 15:00:05.828 W/[ 7713.727348@0]- RTW(    0): Turbo EDCA =0x5ea42b
07-03 15:00:06.462 W/[ 7714.361922@3]- RTW(    0): fill_default_txdesc(wlan0): SP Packet(0x0806) rate=0x4 SeqNum = 3656
07-03 15:00:07.236 W/[ 7715.134709@2]- RTW(    0): fill_default_txdesc(wlan0): SP Packet(0x0806) rate=0x4 SeqNum = 3661
07-03 15:00:07.846 W/[ 7715.742920@3]- RTW(    0): Turbo EDCA =0x431c
07-03 15:00:09.859 W/[ 7717.759040@3]- RTW(    0): Turbo EDCA =0x5ea42b
07-03 15:00:11.554 W/[ 7719.452641@2]- RTW(    0): fill_default_txdesc(wlan0): SP Packet(0x0806) rate=0x4 SeqNum = 3848
07-03 15:00:11.878 W/[ 7719.775077@3]- RTW(    0): Turbo EDCA =0x431c
07-03 15:00:12.358 W/[ 7720.254704@2]- RTW(    0): fill_default_txdesc(wlan0): SP Packet(0x0806) rate=0x4 SeqNum = 3858
07-03 15:00:13.897 W/[ 7721.794994@3]- RTW(    0): Turbo EDCA =0x5ea42b
07-03 15:00:15.910 W/[ 7723.807089@0]- RTW(    0): Turbo EDCA =0x431c
07-03 15:00:16.614 W/[ 7724.513951@3]- RTW(    0): fill_default_txdesc(wlan0): SP Packet(0x0806) rate=0x4 SeqNum = 3962
07-03 15:00:17.926 W/[ 7725.822993@0]- RTW(    0): Turbo EDCA =0x5ea42b
07-03 15:00:19.942 W/[ 7727.838964@3]- RTW(    0): Turbo EDCA =0x431c
07-03 15:00:21.682 W/[ 7729.581819@2]- RTW(    0): fill_default_txdesc(wlan0): SP Packet(0x0806) rate=0x4 SeqNum = 2
07-03 15:00:21.960 W/[ 7729.859097@0]- RTW(    0): Turbo EDCA =0x5ea42b
07-03 15:00:23.974 W/[ 7731.870927@3]- RTW(    0): Turbo EDCA =0x431c
07-03 15:00:25.990 W/[ 7733.887170@2]- RTW(    0): Turbo EDCA =0x5ea42b
07-03 15:00:26.757 W/[ 7734.657198@3]- RTW(    0): fill_default_txdesc(wlan0): SP Packet(0x0806) rate=0x4 SeqNum = 92
07-03 15:00:27.920 W/[ 7735.818426@3]- audit(    0): audit_lost=3194 audit_rate_limit=5 audit_backlog_limit=64
07-03 15:00:27.920 E/[ 7735.818434@3]- audit(    0): rate limit exceeded
07-03 15:00:28.010 W/[ 7735.906928@1]- RTW(    0): Turbo EDCA =0x431c
07-03 15:00:30.026 W/[ 7737.922979@1]- RTW(    0): Turbo EDCA =0x5ea42b
07-03 15:00:31.854 W/[ 7739.753645@0]- RTW(    0): fill_default_txdesc(wlan0): SP Packet(0x0806) rate=0x4 SeqNum = 281
07-03 15:00:32.035 W/[ 7739.934938@0]- RTW(    0): Turbo EDCA =0x431c
07-03 15:00:34.054 W/[ 7741.951035@1]- RTW(    0): Turbo EDCA =0x5ea42b
07-03 15:00:34.626 W/[ 7742.526729@3]- RTW(    0): fill_default_txdesc(wlan0): SP Packet(0x0806) rate=0x4 SeqNum = 296
07-03 15:00:36.070 W/[ 7743.967175@1]- RTW(    0): Turbo EDCA =0x431c
07-03 15:00:36.926 W/[ 7744.823883@3]- RTW(    0): fill_default_txdesc(wlan0): SP Packet(0x0806) rate=0x4 SeqNum = 371
07-03 15:00:38.090 W/[ 7745.986968@3]- RTW(    0): Turbo EDCA =0x5ea42b
07-03 15:00:40.102 W/[ 7747.998976@2]- RTW(    0): Turbo EDCA =0x431c
07-03 15:00:40.402 W/[ 7748.298693@0]- healthd(    0): battery l=100 v=4 t=0.0 h=2 st=2 c=1100 fc=10000000 chg=u
07-03 15:00:41.974 W/[ 7749.872112@3]- RTW(    0): fill_default_txdesc(wlan0): SP Packet(0x0806) rate=0x4 SeqNum = 420
