07-03 10:33:17.515 W/[   75.444827@0]- audit(    0): audit_lost=516 audit_rate_limit=5 audit_backlog_limit=64
07-03 10:33:17.516 E/[   75.444835@0]- audit(    0): rate limit exceeded
07-03 10:33:18.895 W/[   76.823559@2]- audit(    0): audit_lost=539 audit_rate_limit=5 audit_backlog_limit=64
07-03 10:33:18.895 E/[   76.823568@2]- audit(    0): rate limit exceeded
07-03 10:33:18.908 W/[   76.833731@3]- RTW(    0): cfg80211_rtw_scan(wlan0)
07-03 10:33:18.908 W/[   76.833747@3]- RTW(    0): WARN cfg80211_rtw_scan (wlan0) : scan abort!! BusyTraffic
07-03 10:33:19.574 W/[   77.498124@2]- RTW(    0): Turbo EDCA =0x5ea42b
07-03 10:33:20.080 W/[   78.007506@0]- audit(    0): audit_lost=557 audit_rate_limit=5 audit_backlog_limit=64
07-03 10:33:20.080 E/[   78.007514@0]- audit(    0): rate limit exceeded
07-03 10:33:21.289 W/[   79.211501@0]- RTW(    0): fill_default_txdesc(wlan0): SP Packet(0x0806) rate=0x4 SeqNum = 2315
07-03 10:33:21.351 W/[   79.280000@0]- audit(    0): audit_lost=581 audit_rate_limit=5 audit_backlog_limit=64
07-03 10:33:21.352 E/[   79.280008@0]- audit(    0): rate limit exceeded
07-03 10:33:21.655 W/[   79.585106@2]- RTW(    0): fill_default_txdesc(wlan0): SP Packet(0x0806) rate=0x4 SeqNum = 2318
07-03 10:33:21.766 W/AdbDebuggingManager( 3842): Read failed with count -1
07-03 10:33:21.855 I/[   79.781909@0]- android_work(    0): did not send uevent (0 0           (null))
07-03 10:33:21.856 I/        (    0): [   79.782020@0]- read descriptors
07-03 10:33:21.856 I/        (    0): [   79.782035@0]- read strings
07-03 10:33:22.464 W/[   80.389754@0]- audit(    0): audit_lost=602 audit_rate_limit=5 audit_backlog_limit=64
07-03 10:33:22.464 E/[   80.389762@0]- audit(    0): rate limit exceeded
07-03 10:33:22.543 I/        (    0): [   80.470938@3]- EXT4-fs (mmcblk0p18): re-mounted. Opts: (null)
07-03 10:33:22.812 W/ContextImpl( 5812): Calling a method in the system process without a qualified user: android.app.ContextImpl.sendBroadcast:1111 android.content.ContextWrapper.sendBroadcast:468 com.rjil.sdmcsetting.EndlessService$CallbackListener.onParameterNotification:2141 com.rjil.sdmcsetting.dc.DCDataProvider.invokeCallback:95 com.rjil.sdmcsetting.dc.DCDataProvider.access$000:15 
07-03 10:33:23.607 W/[   81.535917@2]- RTW(    0): Turbo EDCA =0x431c
07-03 10:33:24.442 I/UsageStatsService( 3842): User[0] Flushing usage stats to disk
07-03 10:33:25.313 I/ConditionProviders( 3842):  Allowing condition provider io.appium.settings/io.appium.settings.NLService
07-03 10:33:25.316 I/NotificationListeners( 3842):  Allowing notification listener io.appium.settings/io.appium.settings.NLService
07-03 10:33:25.317 V/NotificationListeners( 3842): enabling notification listener for 0: ComponentInfo{io.appium.settings/io.appium.settings.NLService}
07-03 10:33:25.317 V/NotificationListeners( 3842): Not registering ComponentInfo{io.appium.settings/io.appium.settings.NLService} is already bound
07-03 10:33:25.317 V/NotificationListeners( 3842): enabling notification listener for 0: ComponentInfo{com.iwedia.notificationservice/com.iwedia.notificationservice.utils.IwediaNLService}
07-03 10:33:25.319 V/NotificationListeners( 3842): Not registering ComponentInfo{com.iwedia.notificationservice/com.iwedia.notificationservice.utils.IwediaNLService} is already bound
07-03 10:33:26.611 W/[   84.539717@0]- RTW(    0): fill_default_txdesc(wlan0): SP Packet(0x0806) rate=0x4 SeqNum = 2446
07-03 10:33:26.676 I/ActivityTaskManager( 3842): START u0 {act=android.intent.action.MAIN cat=[android.intent.category.LAUNCHER] flg=0x10000000 cmp=io.appium.settings/.Settings} from uid 0
07-03 10:33:26.676 D/ActivityTaskManager( 3842): recent debug: [launchedPkgName] --> io.appium.settings [callingPackage] --> com.android.shell
07-03 10:33:26.686 V/ActivityTaskManager( 3842): Old State : null Updated state : INITIALIZING Activity : ComponentInfo{io.appium.settings/io.appium.settings.Settings}
07-03 10:33:26.687 V/ActivityTaskManager( 3842): Sending Broadcast : Intent { act=com.jio.remote.action.applaunch flg=0x40000000 pkg=com.jio.remote.btserver (has extras) }
07-03 10:33:26.697 V/ActivityTaskManager( 3842): Old State : RESUMED Updated state : PAUSING Activity : ComponentInfo{com.iwedia.ui.rjio.launcher.reliance/com.iwedia.ui.rjio.launcher.ui.intro.IntroActivity}
07-03 10:33:26.698 V/ActivityTaskManager( 3842): Sending Broadcast : Intent { act=com.jio.remote.action.applaunch flg=0x40000000 pkg=com.jio.remote.btserver (has extras) }
07-03 10:33:26.701 D/INSETS  ( 3842): else - Package Name ::  left : 0 right :: 0 top :: 0 bottom :: 0 dfu-right :: 1920 dfu-bottom :: 1080
07-03 10:33:26.752 V/ActivityTaskManager( 3842): Old State : PAUSING Updated state : PAUSED Activity : ComponentInfo{com.iwedia.ui.rjio.launcher.reliance/com.iwedia.ui.rjio.launcher.ui.intro.IntroActivity}
07-03 10:33:26.753 V/ActivityTaskManager( 3842): Sending Broadcast : Intent { act=com.jio.remote.action.applaunch flg=0x40000000 pkg=com.jio.remote.btserver (has extras) }
07-03 10:33:26.772 D/INSETS  ( 3842): else - Package Name ::  left : 0 right :: 0 top :: 0 bottom :: 0 dfu-right :: 1920 dfu-bottom :: 1080
07-03 10:33:26.778 V/ActivityTaskManager( 3842): Old State : INITIALIZING Updated state : RESUMED Activity : ComponentInfo{io.appium.settings/io.appium.settings.Settings}
07-03 10:33:26.778 V/ActivityTaskManager( 3842): Sending Broadcast : Intent { act=com.jio.remote.action.applaunch flg=0x40000000 pkg=com.jio.remote.btserver (has extras) }
07-03 10:33:26.925 D/INSETS  ( 3842): else - Package Name ::  left : 0 right :: 0 top :: 0 bottom :: 0 dfu-right :: 1920 dfu-bottom :: 1080
07-03 10:33:26.935 D/INSETS  ( 3842): else - Package Name ::  left : 0 right :: 0 top :: 0 bottom :: 0 dfu-right :: 1920 dfu-bottom :: 1080
07-03 10:33:27.178 V/ActivityTaskManager( 3842): Old State : RESUMED Updated state : PAUSING Activity : ComponentInfo{io.appium.settings/io.appium.settings.Settings}
07-03 10:33:27.179 D/INSETS  ( 3842): else - Package Name ::  left : 0 right :: 0 top :: 0 bottom :: 0 dfu-right :: 1920 dfu-bottom :: 1080
07-03 10:33:27.179 V/ActivityTaskManager( 3842): Sending Broadcast : Intent { act=com.jio.remote.action.applaunch flg=0x40000000 pkg=com.jio.remote.btserver (has extras) }
07-03 10:33:27.261 D/CompatibilityChangeReporter( 3842): Compat change id reported: 136219221; UID 10085; state: ENABLED
07-03 10:33:27.283 D/INSETS  ( 3842): else - Package Name ::  left : 0 right :: 0 top :: 0 bottom :: 0 dfu-right :: 1920 dfu-bottom :: 1080
07-03 10:33:27.345 D/[   85.274108@3]- logd(    0): logdr: UID=0 GID=0 PID=9409 b tail=0 logMask=99 pid=0 start=0ns timeout=0ns
07-03 10:33:27.427 D/NotificationService( 3842): 0|io.appium.settings|1|null|10085: granting content://settings/system/notification_sound
07-03 10:33:27.437 I/chatty  ( 3842): uid=1000 system_server identical 2 lines
07-03 10:33:27.437 D/NotificationService( 3842): 0|io.appium.settings|1|null|10085: granting content://settings/system/notification_sound
07-03 10:33:27.439 W/NotificationHistory( 3842): Attempted to add notif for locked/gone/disabled user 0
07-03 10:33:27.581 V/ActivityTaskManager( 3842): Old State : PAUSING Updated state : PAUSED Activity : ComponentInfo{io.appium.settings/io.appium.settings.Settings}
07-03 10:33:27.581 V/ActivityTaskManager( 3842): Sending Broadcast : Intent { act=com.jio.remote.action.applaunch flg=0x40000000 pkg=com.jio.remote.btserver (has extras) }
07-03 10:33:27.595 V/ActivityTaskManager( 3842): Old State : PAUSED Updated state : RESUMED Activity : ComponentInfo{com.iwedia.ui.rjio.launcher.reliance/com.iwedia.ui.rjio.launcher.ui.intro.IntroActivity}
07-03 10:33:27.595 D/INSETS  ( 3842): else - Package Name ::  left : 0 right :: 0 top :: 0 bottom :: 0 dfu-right :: 1920 dfu-bottom :: 1080
07-03 10:33:27.595 V/ActivityTaskManager( 3842): Sending Broadcast : Intent { act=com.jio.remote.action.applaunch flg=0x40000000 pkg=com.jio.remote.btserver (has extras) }
07-03 10:33:27.612 V/ActivityTaskManager( 3842): Old State : PAUSED Updated state : STOPPING Activity : ComponentInfo{io.appium.settings/io.appium.settings.Settings}
07-03 10:33:27.615 V/ActivityTaskManager( 3842): Sending Broadcast : Intent { act=com.jio.remote.action.applaunch flg=0x40000000 pkg=com.jio.remote.btserver (has extras) }
07-03 10:33:27.642 W/[   85.568057@3]- RTW(    0): Turbo EDCA =0x5ea42b
07-03 10:33:27.652 D/INSETS  ( 3842): else - Package Name ::  left : 0 right :: 0 top :: 0 bottom :: 0 dfu-right :: 1920 dfu-bottom :: 1080
07-03 10:33:27.661 D/INSETS  ( 3842): else - Package Name ::  left : 0 right :: 0 top :: 0 bottom :: 0 dfu-right :: 1920 dfu-bottom :: 1080
07-03 10:33:27.699 D/INSETS  ( 3842): else - Package Name ::  left : 0 right :: 0 top :: 0 bottom :: 0 dfu-right :: 1920 dfu-bottom :: 1080
07-03 10:33:27.709 D/INSETS  ( 3842): else - Package Name ::  left : 0 right :: 0 top :: 0 bottom :: 0 dfu-right :: 1920 dfu-bottom :: 1080
07-03 10:33:27.735 D/INSETS  ( 3842): else - Package Name ::  left : 0 right :: 0 top :: 0 bottom :: 0 dfu-right :: 1920 dfu-bottom :: 1080
07-03 10:33:27.740 V/ActivityTaskManager( 3842): Old State : STOPPING Updated state : FINISHING Activity : ComponentInfo{io.appium.settings/io.appium.settings.Settings}
07-03 10:33:27.740 V/ActivityTaskManager( 3842): Sending Broadcast : Intent { act=com.jio.remote.action.applaunch flg=0x40000000 pkg=com.jio.remote.btserver (has extras) }
07-03 10:33:27.750 V/ActivityTaskManager( 3842): Old State : FINISHING Updated state : DESTROYING Activity : ComponentInfo{io.appium.settings/io.appium.settings.Settings}
07-03 10:33:27.750 V/ActivityTaskManager( 3842): Sending Broadcast : Intent { act=com.jio.remote.action.applaunch flg=0x40000000 pkg=com.jio.remote.btserver (has extras) }
07-03 10:33:27.752 D/INSETS  ( 3842): else - Package Name ::  left : 0 right :: 0 top :: 0 bottom :: 0 dfu-right :: 1920 dfu-bottom :: 1080
07-03 10:33:27.766 D/INSETS  ( 3842): else - Package Name ::  left : 0 right :: 0 top :: 0 bottom :: 0 dfu-right :: 1920 dfu-bottom :: 1080
07-03 10:33:27.779 D/INSETS  ( 3842): else - Package Name ::  left : 0 right :: 0 top :: 0 bottom :: 0 dfu-right :: 1920 dfu-bottom :: 1080
07-03 10:33:27.792 V/ActivityTaskManager( 3842): Old State : DESTROYING Updated state : DESTROYED Activity : ComponentInfo{io.appium.settings/io.appium.settings.Settings}
07-03 10:33:27.792 V/ActivityTaskManager( 3842): Sending Broadcast : Intent { act=com.jio.remote.action.applaunch flg=0x40000000 pkg=com.jio.remote.btserver (has extras) }
07-03 10:33:28.269 I/ActivityManager( 3842): Force stopping io.appium.uiautomator2.server.test appid=10038 user=0: from pid 9463
07-03 10:33:28.279 I/ActivityManager( 3842): Force stopping io.appium.uiautomator2.server appid=10064 user=0: from pid 9462
07-03 10:33:29.276 I/ActivityManager( 3842): Force stopping io.appium.uiautomator2.server appid=10064 user=0: start instr
07-03 10:33:29.281 D/CompatibilityChangeReporter( 3842): Compat change id reported: 135634846; UID 10064; state: DISABLED
07-03 10:33:29.283 D/CompatibilityChangeReporter( 3842): Compat change id reported: 143937733; UID 10064; state: ENABLED
07-03 10:33:29.302 I/ActivityManager( 3842): Start proc 9491:io.appium.uiautomator2.server/u0a64 for added application io.appium.uiautomator2.server
07-03 10:33:31.161 W/WindowManager( 3842): removeWindowToken: Attempted to remove non-existing token: android.os.Binder@92a0c8a
07-03 10:33:31.771 W/[   89.699897@1]- RTW(    0): fill_default_txdesc(wlan0): SP Packet(0x0806) rate=0x4 SeqNum = 18
07-03 10:33:33.111 D/WindowManager( 3842): Unhandled key: inputToken=android.os.BinderProxy@5f8183a, title=com.iwedia.ui.rjio.launcher.reliance/com.iwedia.ui.rjio.launcher.ui.intro.IntroActivity, action=0, flags=0, keyCode=4, scanCode=0, metaState=0, repeatCount=0, policyFlags=1795162112
07-03 10:33:33.111 D/WindowManager( 3842): No fallback.
07-03 10:33:33.115 D/AutofillManagerService( 3842): onBackKeyPressed()
07-03 10:33:33.121 D/WindowManager( 3842): Unhandled key: inputToken=android.os.BinderProxy@5f8183a, title=com.iwedia.ui.rjio.launcher.reliance/com.iwedia.ui.rjio.launcher.ui.intro.IntroActivity, action=1, flags=0, keyCode=4, scanCode=0, metaState=0, repeatCount=0, policyFlags=1795162112
07-03 10:33:33.121 D/WindowManager( 3842): No fallback.
07-03 10:33:35.092 I/UsageStatsService( 3842): User[0] Flushing usage stats to disk
07-03 10:33:35.512 I/ActivityTaskManager( 3842): START u0 {flg=0x10000000 cmp=in.startv.hotstar/com.hotstar.MainActivity} from uid 0
07-03 10:33:35.513 D/ActivityTaskManager( 3842): recent debug: [launchedPkgName] --> in.startv.hotstar [callingPackage] --> com.android.shell
07-03 10:33:35.523 V/ActivityTaskManager( 3842): Old State : null Updated state : INITIALIZING Activity : ComponentInfo{in.startv.hotstar/com.hotstar.MainActivity}
07-03 10:33:35.523 V/ActivityTaskManager( 3842): Sending Broadcast : Intent { act=com.jio.remote.action.applaunch flg=0x40000000 pkg=com.jio.remote.btserver (has extras) }
07-03 10:33:35.531 V/ActivityTaskManager( 3842): Old State : RESUMED Updated state : PAUSING Activity : ComponentInfo{com.iwedia.ui.rjio.launcher.reliance/com.iwedia.ui.rjio.launcher.ui.intro.IntroActivity}
07-03 10:33:35.532 V/ActivityTaskManager( 3842): Sending Broadcast : Intent { act=com.jio.remote.action.applaunch flg=0x40000000 pkg=com.jio.remote.btserver (has extras) }
07-03 10:33:35.533 D/INSETS  ( 3842): else - Package Name ::  left : 0 right :: 0 top :: 0 bottom :: 0 dfu-right :: 1920 dfu-bottom :: 1080
07-03 10:33:35.542 D/CompatibilityChangeReporter( 3842): Compat change id reported: 135634846; UID 10066; state: DISABLED
07-03 10:33:35.542 D/CompatibilityChangeReporter( 3842): Compat change id reported: 143937733; UID 10066; state: ENABLED
07-03 10:33:35.562 V/ActivityTaskManager( 3842): Old State : PAUSING Updated state : PAUSED Activity : ComponentInfo{com.iwedia.ui.rjio.launcher.reliance/com.iwedia.ui.rjio.launcher.ui.intro.IntroActivity}
07-03 10:33:35.567 V/ActivityTaskManager( 3842): Sending Broadcast : Intent { act=com.jio.remote.action.applaunch flg=0x40000000 pkg=com.jio.remote.btserver (has extras) }
07-03 10:33:35.576 D/INSETS  ( 3842): else - Package Name ::  left : 0 right :: 0 top :: 0 bottom :: 0 dfu-right :: 1920 dfu-bottom :: 1080
07-03 10:33:35.578 I/ActivityManager( 3842): Start proc 9571:in.startv.hotstar/u0a66 for pre-top-activity {in.startv.hotstar/com.hotstar.MainActivity}
07-03 10:33:35.612 D/INSETS  ( 3842): else - Package Name ::  left : 0 right :: 0 top :: 0 bottom :: 0 dfu-right :: 1920 dfu-bottom :: 1080
07-03 10:33:35.645 V/ActivityTaskManager( 3842): Old State : INITIALIZING Updated state : RESUMED Activity : ComponentInfo{in.startv.hotstar/com.hotstar.MainActivity}
07-03 10:33:35.645 V/ActivityTaskManager( 3842): Sending Broadcast : Intent { act=com.jio.remote.action.applaunch flg=0x40000000 pkg=com.jio.remote.btserver (has extras) }
07-03 10:33:35.653 D/INSETS  ( 3842): else - Package Name ::  left : 0 right :: 0 top :: 0 bottom :: 0 dfu-right :: 1920 dfu-bottom :: 1080
07-03 10:33:35.673 I/chatty  ( 3842): uid=1000(system) android.anim identical 1 line
07-03 10:33:36.047 D/INSETS  ( 3842): else - Package Name ::  left : 0 right :: 0 top :: 0 bottom :: 0 dfu-right :: 1920 dfu-bottom :: 1080
07-03 10:33:36.092 D/INSETS  ( 3842): else - Package Name ::  left : 0 right :: 0 top :: 0 bottom :: 0 dfu-right :: 1920 dfu-bottom :: 1080
07-03 10:33:36.312 W/[   94.238721@1]- RTW(    0): fill_default_txdesc(wlan0): SP Packet(0x0806) rate=0x4 SeqNum = 873
07-03 10:33:38.153 D/ConnectivityService( 3842): NetReassign [no changes]
07-03 10:33:38.740 D/INSETS  ( 3842): else - Package Name ::  left : 0 right :: 0 top :: 0 bottom :: 0 dfu-right :: 1920 dfu-bottom :: 1080
07-03 10:33:38.741 D/INSETS  ( 3842): else - Package Name ::  left : 0 right :: 0 top :: 0 bottom :: 0 dfu-right :: 1920 dfu-bottom :: 1080
07-03 10:33:38.900 D/INSETS  ( 3842): else - Package Name ::  left : 0 right :: 0 top :: 0 bottom :: 0 dfu-right :: 1920 dfu-bottom :: 1080
07-03 10:33:38.931 I/chatty  ( 3842): uid=1000(system) android.anim identical 4 lines
07-03 10:33:38.932 D/INSETS  ( 3842): else - Package Name ::  left : 0 right :: 0 top :: 0 bottom :: 0 dfu-right :: 1920 dfu-bottom :: 1080
07-03 10:33:39.003 D/CompatibilityChangeReporter( 3842): Compat change id reported: 136274596; UID 10066; state: ENABLED
07-03 10:33:39.096 D/INSETS  ( 3842): else - Package Name ::  left : 0 right :: 0 top :: 0 bottom :: 0 dfu-right :: 1920 dfu-bottom :: 1080
07-03 10:33:39.114 D/INSETS  ( 3842): else - Package Name ::  left : 0 right :: 0 top :: 0 bottom :: 0 dfu-right :: 1920 dfu-bottom :: 1080
07-03 10:33:39.280 V/ActivityTaskManager( 3842): Old State : PAUSED Updated state : STOPPING Activity : ComponentInfo{com.iwedia.ui.rjio.launcher.reliance/com.iwedia.ui.rjio.launcher.ui.intro.IntroActivity}
07-03 10:33:39.280 V/ActivityTaskManager( 3842): Sending Broadcast : Intent { act=com.jio.remote.action.applaunch flg=0x40000000 pkg=com.jio.remote.btserver (has extras) }
07-03 10:33:39.302 D/INSETS  ( 3842): else - Package Name ::  left : 0 right :: 0 top :: 0 bottom :: 0 dfu-right :: 1920 dfu-bottom :: 1080
07-03 10:33:39.344 V/ActivityTaskManager( 3842): Old State : STOPPING Updated state : STOPPED Activity : ComponentInfo{com.iwedia.ui.rjio.launcher.reliance/com.iwedia.ui.rjio.launcher.ui.intro.IntroActivity}
07-03 10:33:39.344 V/ActivityTaskManager( 3842): Sending Broadcast : Intent { act=com.jio.remote.action.applaunch flg=0x40000000 pkg=com.jio.remote.btserver (has extras) }
07-03 10:33:39.748 E/TaskPersister( 3842): File error accessing recents directory (directory doesn't exist?).
07-03 10:33:41.087 W/[   99.012170@0]- RTW(    0): fill_default_txdesc(wlan0): SP Packet(0x0806) rate=0x4 SeqNum = 1466
07-03 10:33:42.662 D/INSETS  ( 3842): else - Package Name ::  left : 0 right :: 0 top :: 0 bottom :: 0 dfu-right :: 1920 dfu-bottom :: 1080
07-03 10:33:43.762 W/[  101.689941@2]- RTW(    0): Turbo EDCA =0x431c
07-03 10:33:45.172 I/UsageStatsService( 3842): User[0] Flushing usage stats to disk
07-03 10:33:46.143 W/[  104.069845@3]- RTW(    0): fill_default_txdesc(wlan0): SP Packet(0x0806) rate=0x4 SeqNum = 116
07-03 10:33:46.585 W/Looper  ( 3842): Slow delivery took 851ms android.ui h=android.view.GestureDetector$GestureHandler c=null m=3
07-03 10:33:46.600 W/Looper  ( 3842): Drained
07-03 10:33:47.795 W/[  105.722636@0]- RTW(    0): Turbo EDCA =0x5ea42b
07-03 10:33:48.470 D/INSETS  ( 3842): else - Package Name ::  left : 0 right :: 0 top :: 0 bottom :: 0 dfu-right :: 1920 dfu-bottom :: 1080
07-03 10:33:48.513 D/INSETS  ( 3842): else - Package Name ::  left : 0 right :: 0 top :: 0 bottom :: 0 dfu-right :: 1920 dfu-bottom :: 1080
07-03 10:33:49.811 W/[  107.737889@1]- RTW(    0): Turbo EDCA =0x431c
07-03 10:33:49.928 W/ContextImpl( 4897): Calling a method in the system process without a qualified user: android.app.ContextImpl.sendBroadcast:1126 android.content.ContextWrapper.sendBroadcast:473 insight.tr069.client.tr181.Device.JioSTB.ACS.onSetACSError:37 insight.tr069.client.TR069ClientService.makeErrorMessage:813 insight.tr069.client.TR069ClientService.insertNewMessage:829 
07-03 10:33:49.939 W/ContextImpl( 4897): Calling a method in the system process without a qualified user: android.app.ContextImpl.sendBroadcast:1126 android.content.ContextWrapper.sendBroadcast:473 insight.tr069.client.tr181.Device.JioSTB.ACS.onSetACSError:37 insight.tr069.client.TR069ClientService.makeErrorMessage:813 insight.tr069.client.TR069ClientService.insertNewMessage:829 
07-03 10:33:49.944 W/ContextImpl( 4897): Calling a method in the system process without a qualified user: android.app.ContextImpl.sendBroadcast:1126 android.content.ContextWrapper.sendBroadcast:473 insight.tr069.client.tr181.Device.JioSTB.ACS.onSetACSError:37 insight.tr069.client.TR069ClientService.makeErrorMessage:813 insight.tr069.client.TR069ClientService.insertNewMessage:829 
07-03 10:33:49.952 W/ContextImpl( 5812): Calling a method in the system process without a qualified user: android.app.ContextImpl.bindService:1748 android.content.ContextWrapper.bindService:756 com.jio.adc.core.b.d:56 com.jio.adc.core.b.b:13 com.jio.adc.core.b$c.run:7 
07-03 10:33:50.447 D/AutofillManagerService( 3842): onBackKeyPressed()
07-03 10:33:51.303 W/[  109.230932@3]- RTW(    0): fill_default_txdesc(wlan0): SP Packet(0x0806) rate=0x4 SeqNum = 872
07-03 10:33:51.825 W/[  109.754153@2]- RTW(    0): Turbo EDCA =0x5ea42b
07-03 10:33:53.071 D/INSETS  ( 3842): else - Package Name ::  left : 0 right :: 0 top :: 0 bottom :: 0 dfu-right :: 1920 dfu-bottom :: 1080
07-03 10:33:53.844 W/[  111.770899@3]- RTW(    0): Turbo EDCA =0x431c
07-03 10:33:53.578 D/INSETS  ( 3842): else - Package Name ::  left : 0 right :: 0 top :: 0 bottom :: 0 dfu-right :: 1920 dfu-bottom :: 1080
07-03 10:33:55.133 D/InputMethodManagerService( 3842): Top Package Name: in.startv.hotstar
07-03 10:33:55.149 W/ContextImpl( 3842): Calling a method in the system process without a qualified user: android.app.ContextImpl.sendBroadcast:1111 com.android.server.inputmethod.InputMethodManagerService.sendSoftInputVisibilityBroadcast:3258 com.android.server.inputmethod.InputMethodManagerService.showCurrentInputLocked:3231 com.android.server.inputmethod.InputMethodManagerService.showSoftInput:3153 com.android.internal.view.IInputMethodManager$Stub.onTransact:304 
07-03 10:33:55.158 D/InputMethodManagerService( 3842): Top Package Name: in.startv.hotstar
07-03 10:33:55.164 W/ContextImpl( 3842): Calling a method in the system process without a qualified user: android.app.ContextImpl.sendBroadcast:1111 com.android.server.inputmethod.InputMethodManagerService.sendSoftInputVisibilityBroadcast:3258 com.android.server.inputmethod.InputMethodManagerService.showCurrentInputLocked:3231 com.android.server.inputmethod.InputMethodManagerService.showMySoftInput:4198 com.android.server.inputmethod.InputMethodManagerService.access$4100:189 
07-03 10:33:55.416 W/ContextImpl( 3842): Calling a method in the system process without a qualified user: android.app.ContextImpl.sendBroadcast:1111 com.android.server.inputmethod.InputMethodManagerService.sendSoftInputVisibilityBroadcast:3258 com.android.server.inputmethod.InputMethodManagerService.hideCurrentInputLocked:3330 com.android.server.inputmethod.InputMethodManagerService.hideMySoftInput:4180 com.android.server.inputmethod.InputMethodManagerService.access$4000:189 
07-03 10:33:55.459 D/InputMethodManagerService( 3842): Top Package Name: in.startv.hotstar
07-03 10:33:55.464 W/ContextImpl( 3842): Calling a method in the system process without a qualified user: android.app.ContextImpl.sendBroadcast:1111 com.android.server.inputmethod.InputMethodManagerService.sendSoftInputVisibilityBroadcast:3258 com.android.server.inputmethod.InputMethodManagerService.showCurrentInputLocked:3231 com.android.server.inputmethod.InputMethodManagerService.showMySoftInput:4198 com.android.server.inputmethod.InputMethodManagerService.access$4100:189 
07-03 10:33:55.473 D/InputMethodManagerService( 3842): Top Package Name: in.startv.hotstar
07-03 10:33:55.474 W/ContextImpl( 3842): Calling a method in the system process without a qualified user: android.app.ContextImpl.sendBroadcast:1111 com.android.server.inputmethod.InputMethodManagerService.sendSoftInputVisibilityBroadcast:3258 com.android.server.inputmethod.InputMethodManagerService.showCurrentInputLocked:3231 com.android.server.inputmethod.InputMethodManagerService.showMySoftInput:4198 com.android.server.inputmethod.InputMethodManagerService.access$4100:189 
07-03 10:33:55.662 W/NotificationHistory( 3842): Attempted to add notif for locked/gone/disabled user 0
07-03 10:33:55.884 D/INSETS  ( 3842): else - Package Name ::  left : 0 right :: 0 top :: 0 bottom :: 0 dfu-right :: 1920 dfu-bottom :: 1080
07-03 10:33:56.007 I/chatty  ( 3842): uid=1000(system) Binder:3842_13 identical 2 lines
07-03 10:33:56.007 D/INSETS  ( 3842): else - Package Name ::  left : 0 right :: 0 top :: 0 bottom :: 0 dfu-right :: 1920 dfu-bottom :: 1080
07-03 10:33:56.248 D/INSETS  ( 3842): else - Package Name ::  left : 0 right :: 0 top :: 0 bottom :: 0 dfu-right :: 1920 dfu-bottom :: 1080
07-03 10:33:56.248 D/INSETS  ( 3842): else - Package Name ::  left : 0 right :: 0 top :: 0 bottom :: 0 dfu-right :: 1920 dfu-bottom :: 1080
07-03 10:33:56.261 D/INSETS  ( 3842): else - Package Name ::  left : 0 right :: 0 top :: 0 bottom :: 0 dfu-right :: 1920 dfu-bottom :: 1080
07-03 10:33:56.261 D/INSETS  ( 3842): else - Package Name ::  left : 0 right :: 0 top :: 0 bottom :: 0 dfu-right :: 1920 dfu-bottom :: 1080
07-03 10:33:56.270 D/INSETS  ( 3842): else - Package Name ::  left : 0 right :: 0 top :: 0 bottom :: 0 dfu-right :: 1920 dfu-bottom :: 1080
07-03 10:33:56.294 I/chatty  ( 3842): uid=1000(system) android.display identical 2 lines
07-03 10:33:56.294 D/INSETS  ( 3842): else - Package Name ::  left : 0 right :: 0 top :: 0 bottom :: 0 dfu-right :: 1920 dfu-bottom :: 1080
07-03 10:33:56.329 D/INSETS  ( 3842): else - Package Name ::  left : 0 right :: 0 top :: 0 bottom :: 0 dfu-right :: 1920 dfu-bottom :: 1080
07-03 10:33:56.329 D/INSETS  ( 3842): else - Package Name ::  left : 0 right :: 0 top :: 0 bottom :: 0 dfu-right :: 1920 dfu-bottom :: 1080
07-03 10:33:56.401 D/INSETS  ( 3842): else - Package Name ::  left : 0 right :: 0 top :: 0 bottom :: 0 dfu-right :: 1920 dfu-bottom :: 1080
07-03 10:33:56.402 D/INSETS  ( 3842): else - Package Name ::  left : 0 right :: 0 top :: 0 bottom :: 0 dfu-right :: 1920 dfu-bottom :: 1080
07-03 10:33:56.406 D/InputMethodManagerService( 3842): Top Package Name: in.startv.hotstar
07-03 10:33:56.408 W/ContextImpl( 3842): Calling a method in the system process without a qualified user: android.app.ContextImpl.sendBroadcast:1111 com.android.server.inputmethod.InputMethodManagerService.sendSoftInputVisibilityBroadcast:3258 com.android.server.inputmethod.InputMethodManagerService.showCurrentInputLocked:3231 com.android.server.inputmethod.InputMethodManagerService.showMySoftInput:4198 com.android.server.inputmethod.InputMethodManagerService.access$4100:189 
07-03 10:33:56.456 W/[  114.383331@2]- RTW(    0): fill_default_txdesc(wlan0): SP Packet(0x0806) rate=0x4 SeqNum = 2017
07-03 10:33:56.456 D/InputMethodManagerService( 3842): Top Package Name: in.startv.hotstar
07-03 10:33:56.457 W/ContextImpl( 3842): Calling a method in the system process without a qualified user: android.app.ContextImpl.sendBroadcast:1111 com.android.server.inputmethod.InputMethodManagerService.sendSoftInputVisibilityBroadcast:3258 com.android.server.inputmethod.InputMethodManagerService.showCurrentInputLocked:3231 com.android.server.inputmethod.InputMethodManagerService.showMySoftInput:4198 com.android.server.inputmethod.InputMethodManagerService.access$4100:189 
07-03 10:33:56.487 D/INSETS  ( 3842): else - Package Name ::  left : 0 right :: 0 top :: 0 bottom :: 0 dfu-right :: 1920 dfu-bottom :: 1080
07-03 10:33:56.487 D/INSETS  ( 3842): else - Package Name ::  left : 0 right :: 0 top :: 0 bottom :: 0 dfu-right :: 1920 dfu-bottom :: 1080
07-03 10:33:56.548 D/INSETS  ( 3842): else - Package Name ::  left : 0 right :: 0 top :: 0 bottom :: 0 dfu-right :: 1920 dfu-bottom :: 1080
07-03 10:33:56.549 D/INSETS  ( 3842): else - Package Name ::  left : 0 right :: 0 top :: 0 bottom :: 0 dfu-right :: 1920 dfu-bottom :: 1080
07-03 10:33:56.680 W/NotificationHistory( 3842): Attempted to add notif for locked/gone/disabled user 0
07-03 10:33:56.848 I/UsageStatsService( 3842): User[0] Flushing usage stats to disk
07-03 10:33:57.213 D/InputMethodManagerService( 3842): Top Package Name: in.startv.hotstar
07-03 10:33:57.216 W/ContextImpl( 3842): Calling a method in the system process without a qualified user: android.app.ContextImpl.sendBroadcast:1111 com.android.server.inputmethod.InputMethodManagerService.sendSoftInputVisibilityBroadcast:3258 com.android.server.inputmethod.InputMethodManagerService.showCurrentInputLocked:3231 com.android.server.inputmethod.InputMethodManagerService.attachNewInputLocked:2397 com.android.server.inputmethod.InputMethodManagerService.startInputUncheckedLocked:2503 
07-03 10:33:57.220 D/InputMethodManagerService( 3842): Top Package Name: in.startv.hotstar
07-03 10:33:57.220 W/ContextImpl( 3842): Calling a method in the system process without a qualified user: android.app.ContextImpl.sendBroadcast:1111 com.android.server.inputmethod.InputMethodManagerService.sendSoftInputVisibilityBroadcast:3258 com.android.server.inputmethod.InputMethodManagerService.showCurrentInputLocked:3231 com.android.server.inputmethod.InputMethodManagerService.showMySoftInput:4198 com.android.server.inputmethod.InputMethodManagerService.access$4100:189 
07-03 10:33:57.235 D/InputMethodManagerService( 3842): Top Package Name: in.startv.hotstar
07-03 10:33:57.235 W/ContextImpl( 3842): Calling a method in the system process without a qualified user: android.app.ContextImpl.sendBroadcast:1111 com.android.server.inputmethod.InputMethodManagerService.sendSoftInputVisibilityBroadcast:3258 com.android.server.inputmethod.InputMethodManagerService.showCurrentInputLocked:3231 com.android.server.inputmethod.InputMethodManagerService.showMySoftInput:4198 com.android.server.inputmethod.InputMethodManagerService.access$4100:189 
07-03 10:33:57.742 D/InputMethodManagerService( 3842): Top Package Name: in.startv.hotstar
07-03 10:33:57.743 W/ContextImpl( 3842): Calling a method in the system process without a qualified user: android.app.ContextImpl.sendBroadcast:1111 com.android.server.inputmethod.InputMethodManagerService.sendSoftInputVisibilityBroadcast:3258 com.android.server.inputmethod.InputMethodManagerService.showCurrentInputLocked:3231 com.android.server.inputmethod.InputMethodManagerService.attachNewInputLocked:2397 com.android.server.inputmethod.InputMethodManagerService.startInputUncheckedLocked:2503 
07-03 10:33:57.747 D/InputMethodManagerService( 3842): Top Package Name: in.startv.hotstar
07-03 10:33:57.748 W/ContextImpl( 3842): Calling a method in the system process without a qualified user: android.app.ContextImpl.sendBroadcast:1111 com.android.server.inputmethod.InputMethodManagerService.sendSoftInputVisibilityBroadcast:3258 com.android.server.inputmethod.InputMethodManagerService.showCurrentInputLocked:3231 com.android.server.inputmethod.InputMethodManagerService.showMySoftInput:4198 com.android.server.inputmethod.InputMethodManagerService.access$4100:189 
07-03 10:33:57.763 D/INSETS  ( 3842): else - Package Name ::  left : 0 right :: 0 top :: 0 bottom :: 0 dfu-right :: 1920 dfu-bottom :: 1080
07-03 10:33:57.763 D/INSETS  ( 3842): else - Package Name ::  left : 0 right :: 0 top :: 0 bottom :: 0 dfu-right :: 1920 dfu-bottom :: 1080
07-03 10:33:57.779 D/InputMethodManagerService( 3842): Top Package Name: in.startv.hotstar
07-03 10:33:57.780 W/ContextImpl( 3842): Calling a method in the system process without a qualified user: android.app.ContextImpl.sendBroadcast:1111 com.android.server.inputmethod.InputMethodManagerService.sendSoftInputVisibilityBroadcast:3258 com.android.server.inputmethod.InputMethodManagerService.showCurrentInputLocked:3231 com.android.server.inputmethod.InputMethodManagerService.showMySoftInput:4198 com.android.server.inputmethod.InputMethodManagerService.access$4100:189 
07-03 10:33:58.105 D/INSETS  ( 3842): else - Package Name ::  left : 0 right :: 0 top :: 0 bottom :: 0 dfu-right :: 1920 dfu-bottom :: 1080
07-03 10:33:58.105 D/INSETS  ( 3842): else - Package Name ::  left : 0 right :: 0 top :: 0 bottom :: 0 dfu-right :: 1920 dfu-bottom :: 1080
07-03 10:33:58.922 D/AutofillManagerService( 3842): onBackKeyPressed()
07-03 10:33:58.927 W/ContextImpl( 3842): Calling a method in the system process without a qualified user: android.app.ContextImpl.sendBroadcast:1111 com.android.server.inputmethod.InputMethodManagerService.sendSoftInputVisibilityBroadcast:3258 com.android.server.inputmethod.InputMethodManagerService.hideCurrentInputLocked:3330 com.android.server.inputmethod.InputMethodManagerService.hideMySoftInput:4180 com.android.server.inputmethod.InputMethodManagerService.access$4000:189 
07-03 10:33:58.949 D/INSETS  ( 3842): else - Package Name ::  left : 0 right :: 0 top :: 0 bottom :: 0 dfu-right :: 1920 dfu-bottom :: 1080
07-03 10:33:58.949 D/INSETS  ( 3842): else - Package Name ::  left : 0 right :: 0 top :: 0 bottom :: 0 dfu-right :: 1920 dfu-bottom :: 1080
07-03 10:33:58.966 D/INSETS  ( 3842): else - Package Name ::  left : 0 right :: 0 top :: 0 bottom :: 0 dfu-right :: 1920 dfu-bottom :: 1080
07-03 10:33:58.966 D/INSETS  ( 3842): else - Package Name ::  left : 0 right :: 0 top :: 0 bottom :: 0 dfu-right :: 1920 dfu-bottom :: 1080
07-03 10:33:58.973 D/INSETS  ( 3842): else - Package Name ::  left : 0 right :: 0 top :: 0 bottom :: 0 dfu-right :: 1920 dfu-bottom :: 1080
07-03 10:33:58.974 D/INSETS  ( 3842): else - Package Name ::  left : 0 right :: 0 top :: 0 bottom :: 0 dfu-right :: 1920 dfu-bottom :: 1080
07-03 10:33:59.168 D/INSETS  ( 3842): else - Package Name ::  left : 0 right :: 0 top :: 0 bottom :: 0 dfu-right :: 1920 dfu-bottom :: 1080
07-03 10:33:59.892 W/[  117.818590@1]- RTW(    0): fill_default_txdesc(wlan0): SP Packet(0x0806) rate=0x4 SeqNum = 2926
07-03 10:34:01.415 D/InputMethodManagerService( 3842): Top Package Name: in.startv.hotstar
07-03 10:34:01.417 W/ContextImpl( 3842): Calling a method in the system process without a qualified user: android.app.ContextImpl.sendBroadcast:1111 com.android.server.inputmethod.InputMethodManagerService.sendSoftInputVisibilityBroadcast:3258 com.android.server.inputmethod.InputMethodManagerService.showCurrentInputLocked:3231 com.android.server.inputmethod.InputMethodManagerService.showMySoftInput:4198 com.android.server.inputmethod.InputMethodManagerService.access$4100:189 
07-03 10:34:01.419 W/ContextImpl( 3842): Calling a method in the system process without a qualified user: android.app.ContextImpl.sendBroadcast:1111 com.android.server.inputmethod.InputMethodManagerService.sendSoftInputVisibilityBroadcast:3258 com.android.server.inputmethod.InputMethodManagerService.hideCurrentInputLocked:3330 com.android.server.inputmethod.InputMethodManagerService.hideSoftInput:3290 com.android.internal.view.IInputMethodManager$Stub.onTransact:325 
07-03 10:34:01.443 D/InputMethodManagerService( 3842): Top Package Name: in.startv.hotstar
07-03 10:34:01.450 W/ContextImpl( 3842): Calling a method in the system process without a qualified user: android.app.ContextImpl.sendBroadcast:1111 com.android.server.inputmethod.InputMethodManagerService.sendSoftInputVisibilityBroadcast:3258 com.android.server.inputmethod.InputMethodManagerService.showCurrentInputLocked:3231 com.android.server.inputmethod.InputMethodManagerService.showMySoftInput:4198 com.android.server.inputmethod.InputMethodManagerService.access$4100:189 
07-03 10:34:01.453 D/INSETS  ( 3842): else - Package Name ::  left : 0 right :: 0 top :: 0 bottom :: 0 dfu-right :: 1920 dfu-bottom :: 1080
07-03 10:34:01.466 W/ContextImpl( 3842): Calling a method in the system process without a qualified user: android.app.ContextImpl.sendBroadcast:1111 com.android.server.inputmethod.InputMethodManagerService.sendSoftInputVisibilityBroadcast:3258 com.android.server.inputmethod.InputMethodManagerService.hideCurrentInputLocked:3330 com.android.server.inputmethod.InputMethodManagerService.hideSoftInput:3290 com.android.internal.view.IInputMethodManager$Stub.onTransact:325 
07-03 10:34:01.513 D/InputMethodManagerService( 3842): Top Package Name: in.startv.hotstar
07-03 10:34:01.518 W/ContextImpl( 3842): Calling a method in the system process without a qualified user: android.app.ContextImpl.sendBroadcast:1111 com.android.server.inputmethod.InputMethodManagerService.sendSoftInputVisibilityBroadcast:3258 com.android.server.inputmethod.InputMethodManagerService.showCurrentInputLocked:3231 com.android.server.inputmethod.InputMethodManagerService.showMySoftInput:4198 com.android.server.inputmethod.InputMethodManagerService.access$4100:189 
07-03 10:34:01.542 D/InputMethodManagerService( 3842): Top Package Name: in.startv.hotstar
07-03 10:34:01.542 W/ContextImpl( 3842): Calling a method in the system process without a qualified user: android.app.ContextImpl.sendBroadcast:1111 com.android.server.inputmethod.InputMethodManagerService.sendSoftInputVisibilityBroadcast:3258 com.android.server.inputmethod.InputMethodManagerService.showCurrentInputLocked:3231 com.android.server.inputmethod.InputMethodManagerService.showMySoftInput:4198 com.android.server.inputmethod.InputMethodManagerService.access$4100:189 
07-03 10:34:01.575 D/InputMethodManagerService( 3842): Top Package Name: in.startv.hotstar
07-03 10:34:01.576 W/ContextImpl( 3842): Calling a method in the system process without a qualified user: android.app.ContextImpl.sendBroadcast:1111 com.android.server.inputmethod.InputMethodManagerService.sendSoftInputVisibilityBroadcast:3258 com.android.server.inputmethod.InputMethodManagerService.showCurrentInputLocked:3231 com.android.server.inputmethod.InputMethodManagerService.showMySoftInput:4198 com.android.server.inputmethod.InputMethodManagerService.access$4100:189 
07-03 10:34:01.592 D/InputMethodManagerService( 3842): Top Package Name: in.startv.hotstar
07-03 10:34:01.592 W/ContextImpl( 3842): Calling a method in the system process without a qualified user: android.app.ContextImpl.sendBroadcast:1111 com.android.server.inputmethod.InputMethodManagerService.sendSoftInputVisibilityBroadcast:3258 com.android.server.inputmethod.InputMethodManagerService.showCurrentInputLocked:3231 com.android.server.inputmethod.InputMethodManagerService.showMySoftInput:4198 com.android.server.inputmethod.InputMethodManagerService.access$4100:189 
07-03 10:34:01.596 W/[  119.525334@3]- RTW(    0): fill_default_txdesc(wlan0): SP Packet(0x0806) rate=0x4 SeqNum = 3288
07-03 10:34:01.609 D/InputMethodManagerService( 3842): Top Package Name: in.startv.hotstar
07-03 10:34:01.610 W/ContextImpl( 3842): Calling a method in the system process without a qualified user: android.app.ContextImpl.sendBroadcast:1111 com.android.server.inputmethod.InputMethodManagerService.sendSoftInputVisibilityBroadcast:3258 com.android.server.inputmethod.InputMethodManagerService.showCurrentInputLocked:3231 com.android.server.inputmethod.InputMethodManagerService.showMySoftInput:4198 com.android.server.inputmethod.InputMethodManagerService.access$4100:189 
07-03 10:34:01.646 W/NotificationHistory( 3842): Attempted to add notif for locked/gone/disabled user 0
07-03 10:34:01.675 D/INSETS  ( 3842): else - Package Name ::  left : 0 right :: 0 top :: 0 bottom :: 0 dfu-right :: 1920 dfu-bottom :: 1080
07-03 10:34:01.727 I/chatty  ( 3842): uid=1000(system) Binder:3842_D identical 1 line
07-03 10:34:01.728 D/INSETS  ( 3842): else - Package Name ::  left : 0 right :: 0 top :: 0 bottom :: 0 dfu-right :: 1920 dfu-bottom :: 1080
07-03 10:34:01.749 D/INSETS  ( 3842): else - Package Name ::  left : 0 right :: 0 top :: 0 bottom :: 0 dfu-right :: 1920 dfu-bottom :: 1080
07-03 10:34:01.749 D/INSETS  ( 3842): else - Package Name ::  left : 0 right :: 0 top :: 0 bottom :: 0 dfu-right :: 1920 dfu-bottom :: 1080
07-03 10:34:01.794 W/NotificationHistory( 3842): Attempted to add notif for locked/gone/disabled user 0
07-03 10:34:01.909 W/[  119.837882@1]- RTW(    0): Turbo EDCA =0x5ea42b
07-03 10:34:01.823 W/NotificationHistory( 3842): Attempted to add notif for locked/gone/disabled user 0
07-03 10:34:01.961 D/INSETS  ( 3842): else - Package Name ::  left : 0 right :: 0 top :: 0 bottom :: 0 dfu-right :: 1920 dfu-bottom :: 1080
07-03 10:34:01.962 D/INSETS  ( 3842): else - Package Name ::  left : 0 right :: 0 top :: 0 bottom :: 0 dfu-right :: 1920 dfu-bottom :: 1080
07-03 10:34:02.063 D/InputMethodManagerService( 3842): Top Package Name: in.startv.hotstar
07-03 10:34:02.065 W/ContextImpl( 3842): Calling a method in the system process without a qualified user: android.app.ContextImpl.sendBroadcast:1111 com.android.server.inputmethod.InputMethodManagerService.sendSoftInputVisibilityBroadcast:3258 com.android.server.inputmethod.InputMethodManagerService.showCurrentInputLocked:3231 com.android.server.inputmethod.InputMethodManagerService.attachNewInputLocked:2397 com.android.server.inputmethod.InputMethodManagerService.startInputUncheckedLocked:2503 
07-03 10:34:02.070 W/ContextImpl( 3842): Calling a method in the system process without a qualified user: android.app.ContextImpl.sendBroadcast:1111 com.android.server.inputmethod.InputMethodManagerService.sendSoftInputVisibilityBroadcast:3258 com.android.server.inputmethod.InputMethodManagerService.hideCurrentInputLocked:3330 com.android.server.inputmethod.InputMethodManagerService.hideMySoftInput:4180 com.android.server.inputmethod.InputMethodManagerService.access$4000:189 
07-03 10:34:02.073 D/INSETS  ( 3842): else - Package Name ::  left : 0 right :: 0 top :: 0 bottom :: 0 dfu-right :: 1920 dfu-bottom :: 1080
07-03 10:34:02.088 I/chatty  ( 3842): uid=1000(system) android.display identical 2 lines
07-03 10:34:02.088 D/INSETS  ( 3842): else - Package Name ::  left : 0 right :: 0 top :: 0 bottom :: 0 dfu-right :: 1920 dfu-bottom :: 1080
07-03 10:34:02.147 D/INSETS  ( 3842): else - Package Name ::  left : 0 right :: 0 top :: 0 bottom :: 0 dfu-right :: 1920 dfu-bottom :: 1080
07-03 10:34:02.148 D/INSETS  ( 3842): else - Package Name ::  left : 0 right :: 0 top :: 0 bottom :: 0 dfu-right :: 1920 dfu-bottom :: 1080
07-03 10:34:02.228 D/INSETS  ( 3842): else - Package Name ::  left : 0 right :: 0 top :: 0 bottom :: 0 dfu-right :: 1920 dfu-bottom :: 1080
07-03 10:34:02.229 D/INSETS  ( 3842): else - Package Name ::  left : 0 right :: 0 top :: 0 bottom :: 0 dfu-right :: 1920 dfu-bottom :: 1080
07-03 10:34:02.693 D/INSETS  ( 3842): else - Package Name ::  left : 0 right :: 0 top :: 0 bottom :: 0 dfu-right :: 1920 dfu-bottom :: 1080
07-03 10:34:03.675 I/[  121.602660@1]- resman(    0): 25 appname:OMX-22, type=0
07-03 10:34:03.792 E/[  121.719396@1]- ion_import_dma_buf(    0): can not import dmabuf from another exporter
07-03 10:34:03.803 E/[  121.722195@1]- ion_import_dma_buf(    0): can not import dmabuf from another exporter
07-03 10:34:03.804 E/[  121.727976@2]- ion_import_dma_buf(    0): can not import dmabuf from another exporter
07-03 10:34:03.804 E/[  121.728609@1]- ion_import_dma_buf(    0): can not import dmabuf from another exporter
07-03 10:34:03.804 E/[  121.732523@0]- ion_import_dma_buf(    0): can not import dmabuf from another exporter
07-03 10:34:03.804 E/[  121.733258@1]- ion_import_dma_buf(    0): can not import dmabuf from another exporter
07-03 10:34:03.811 E/[  121.740240@2]- ion_import_dma_buf(    0): can not import dmabuf from another exporter
07-03 10:34:03.811 E/[  121.741078@3]- ion_import_dma_buf(    0): can not import dmabuf from another exporter
07-03 10:34:03.819 E/[  121.745052@0]- ion_import_dma_buf(    0): can not import dmabuf from another exporter
07-03 10:34:03.819 E/[  121.745835@0]- ion_import_dma_buf(    0): can not import dmabuf from another exporter
07-03 10:34:03.823 E/[  121.752532@2]- ion_import_dma_buf(    0): can not import dmabuf from another exporter
07-03 10:34:03.825 E/[  121.753348@3]- ion_import_dma_buf(    0): can not import dmabuf from another exporter
07-03 10:34:03.833 E/[  121.761181@2]- ion_import_dma_buf(    0): can not import dmabuf from another exporter
07-03 10:34:03.854 E/[  121.761889@1]- ion_import_dma_buf(    0): can not import dmabuf from another exporter
07-03 10:34:03.854 E/[  121.767579@2]- ion_import_dma_buf(    0): can not import dmabuf from another exporter
07-03 10:34:03.854 E/[  121.768393@1]- ion_import_dma_buf(    0): can not import dmabuf from another exporter
07-03 10:34:03.854 I/[  121.770109@2]- 000000008cb3fc63(    0): alloc space for storing ion_id
07-03 10:34:03.855 I/[  121.770126@2]- 000000008cb3fc63(    0): allocated ion_id:0
07-03 10:34:03.855 I/[  121.770305@2]- resman(    0): 25 acquire [codec_mm], preempt yes
07-03 10:34:03.855 I/[  121.770313@2]- resman(    0): 25 score 60 secure no
07-03 10:34:03.855 I/[  121.770318@2]- resman(    0): 25 acquire [codec_mm] success
07-03 10:34:03.855 D/        (    0): [  121.770373@2]- the demux           clock on, ref cnt: 2
07-03 10:34:03.855 D/        (    0): [  121.770378@2]- the parser_top      clock on, ref cnt: 2
07-03 10:34:03.855 D/        (    0): [  121.770388@2]- the vdec            clock on, ref cnt: 1
07-03 10:34:03.855 D/        (    0): [  121.770413@2]- the clk_hevc_mux    clock on, ref cnt: 1
07-03 10:34:03.855 D/        (    0): [  121.770419@2]- the clk_hevcb_mux   clock on, ref cnt: 1
07-03 10:34:03.855 D/        (    0): [  121.770494@2]- hevc mux clock is 499999992 Hz
07-03 10:34:03.855 D/        (    0): [  121.770528@2]- hevc back mux clock is 499999992 Hz
07-03 10:34:03.855 D/        (    0): [  121.770616@2]- vdec_create instance 000000007a86767f, total 1, PM: legacy
07-03 10:34:03.855 D/        (    0): [  121.770659@2]- no drmmode
07-03 10:34:03.855 I/        (    0): [  121.770717@2]- is_reset=0
07-03 10:34:03.855 I/        (    0): [  121.770743@2]- vdec_init, dev_name:ammvdec_h265, vdec_type=VDEC_TYPE_FRAME_BLOCK  id = 0
07-03 10:34:03.855 D/[  121.771443@2]- [0]pdata->config=hevc_buf_width(    0): 1920;hevc_buf_height:1088;hevc_buf_margin:0;hevc_double_write_mode:16;save_buffer_mode:0;
07-03 10:34:03.855 D/        (    0): [  121.771475@2]- decoder_bmmu_box_alloc_box, tvp_flags = 0
07-03 10:34:03.855 D/        (    0): [  121.778771@2]- [0]dynamic_buf_num_margin=9
07-03 10:34:03.855 D/        (    0): [  121.778778@2]- [0]double_write_mode=16
07-03 10:34:03.855 D/[  121.778787@2]- [0]h265(    0): pts_unstable=0
07-03 10:34:03.855 D/[  121.778793@2]- [0]h265(    0): ver (201602101,0) decinfo: 0x0 rate=3600
07-03 10:34:03.893 I/        (    0): [  121.786750@2]- [TEE], the fw (hevc_mmu) will be loaded.
07-03 10:34:03.894 D/        (    0): [  121.786853@2]- hevc mux clock is 666666656 Hz
07-03 10:34:03.894 D/        (    0): [  121.786888@2]- hevc back mux clock is 666666656 Hz
07-03 10:34:03.894 D/        (    0): [  121.786894@2]- hevc video changed to 3840 x 2160 60 fps clk->667MHZ
07-03 10:34:03.894 D/        (    0): [  121.786953@2]- vfm map vdec-map-0 created
07-03 10:34:03.894 I/[  121.786971@2]- reg(    0): ionvideo
07-03 10:34:03.894 D/        (    0): [  121.786977@2]- vdec_init, vf_provider_name = vdec.h265.00, b 0
07-03 10:34:03.894 I/        (    0): [  121.795102@2]- vdec->port_flag=0x102, port_flag=0x10b
07-03 10:34:03.894 D/[  121.798060@2]- ionvid(    0): dbg: ionvideo open
07-03 10:34:03.894 D/[  121.798081@2]- ionvid(    0): dbg: ionvideo: set freerun mode
07-03 10:34:03.928 W/[  121.853805@3]- RTW(    0): Turbo EDCA =0x431c
07-03 10:34:03.991 E/        (    0): [  121.917554@3]- mmu box NULL !!!
07-03 10:34:03.991 D/        (    0): [  121.917568@3]- [0]vh265 cached=0  need_size=6144 speed= 148 ms
07-03 10:34:03.991 D/        (    0): [  121.918131@0]- [0]hevc->performance_profile 0
07-03 10:34:03.991 D/        (    0): [  121.918144@0]- [0]set pic_list_init_flag 1
07-03 10:34:04.064 D/        (    0): [  121.992316@0]- [0]init_buf_spec2 1920 1080
07-03 10:34:04.064 D/        (    0): [  121.992324@0]- [0]set pic_list_init_flag to 2
07-03 10:34:04.064 D/        (    0): [  121.992349@0]- [0]set pic_list_init_flag to 3
07-03 10:34:04.064 D/        (    0): [  121.992353@0]- [vdec_kpi][vh265_isr_thread_fn] First I frame coming.
07-03 10:34:04.072 D/[  121.998050@0]- [0]VH265(    0): output first frame
07-03 10:34:04.072 D/        (    0): [  121.998072@0]- [vdec_kpi][post_video_frame] First I frame decoded.
07-03 10:34:04.110 D/        (    0): [  122.030912@0]- cal_dur_from_pts vstatus 3840 dur3600 -> 3840, revised 3840
07-03 10:34:04.177 I/[  122.036601@0]- vframe_rate_uevent(    0): sent uevent FRAME_RATE_HINT=3840
07-03 10:34:04.362 D/INSETS  ( 3842): else - Package Name ::  left : 0 right :: 0 top :: 0 bottom :: 0 dfu-right :: 1920 dfu-bottom :: 1080
07-03 10:34:04.428 I/        (    0): [  122.354118@3]- is_reset=1
07-03 10:34:04.428 I/[  122.354389@3]- vframe_rate_uevent(    0): sent uevent FRAME_RATE_HINT=0
07-03 10:34:04.432 I/[  122.358112@3]- unreg(    0): ionvideo
07-03 10:34:04.432 D/        (    0): [  122.358138@3]- vdec_disable_DMC input->target= 0x1
07-03 10:34:04.432 D/        (    0): [  122.361613@1]- vdec_release instance 000000007a86767f, total 1 id = 0
07-03 10:34:04.432 D/        (    0): [  122.361782@1]- the clk_hevc_mux    clock off, ref cnt: 0
07-03 10:34:04.432 D/        (    0): [  122.361789@1]- the clk_hevcb_mux   clock off, ref cnt: 0
07-03 10:34:04.432 D/        (    0): [  122.361797@1]- the vdec            clock off, ref cnt: 0
07-03 10:34:04.432 D/        (    0): [  122.361802@1]- the parser_top      clock off, ref cnt: 1
07-03 10:34:04.432 D/        (    0): [  122.361805@1]- the demux           clock off, ref cnt: 1
07-03 10:34:04.432 D/        (    0): [  122.361870@1]- the demux           clock on, ref cnt: 2
07-03 10:34:04.432 D/        (    0): [  122.361875@1]- the parser_top      clock on, ref cnt: 2
07-03 10:34:04.432 D/        (    0): [  122.361881@1]- the vdec            clock on, ref cnt: 1
07-03 10:34:04.432 D/        (    0): [  122.361901@1]- the clk_hevc_mux    clock on, ref cnt: 1
07-03 10:34:04.432 D/        (    0): [  122.361905@1]- the clk_hevcb_mux   clock on, ref cnt: 1
07-03 10:34:04.432 D/        (    0): [  122.361937@1]- hevc mux clock is 499999992 Hz
07-03 10:34:04.432 D/        (    0): [  122.361954@1]- hevc back mux clock is 499999992 Hz
07-03 10:34:04.432 D/        (    0): [  122.362061@1]- vdec_create instance 00000000a66ed323, total 1, PM: legacy
07-03 10:34:04.432 D/        (    0): [  122.362105@1]- no drmmode
07-03 10:34:04.432 I/        (    0): [  122.362139@1]- is_reset=1
07-03 10:34:04.432 I/        (    0): [  122.362164@1]- vdec_init, dev_name:ammvdec_h265, vdec_type=VDEC_TYPE_FRAME_BLOCK  id = 0
