07-03 16:05:39.521 E/[11647.421257@3]- reg(    0): v4lvideo
07-03 16:05:39.521 I/[11647.421265@3]- dim(    0): ch[1]:di_receiver_event_fun,3:_START
07-03 16:05:39.521 D/        (    0): [11647.421270@3]- vdec_init, vf_provider_name = vdec.h265.00, b 0
07-03 16:05:39.526 I/        (    0): [11647.422371@2]- vdec->port_flag=0x102, port_flag=0x10b
07-03 16:05:39.531 I/        (    0): [11647.422503@2]- is_reset=0
07-03 16:05:39.586 I/        (    0): [11647.483787@1]- is_reset=1
07-03 16:05:39.586 I/[11647.484073@1]- vframe_rate_uevent(    0): sent uevent FRAME_RATE_HINT=0
07-03 16:05:39.586 I/[11647.484133@1]- dim(    0): ch[1]:di_receiver_event_fun,1:_UNREG
07-03 16:05:39.586 E/[11647.484145@1]- unreg(    0): v4lvideo
07-03 16:05:39.586 I/[11647.484206@1]- dim(    0): unreg:use[0]ms
07-03 16:05:39.587 D/        (    0): [11647.484225@1]- vdec_disable_DMC input->target= 0x1
07-03 16:05:39.587 D/        (    0): [11647.484729@3]- vdec_release instance 0000000026e6d1e0, total 1 id = 0
07-03 16:05:39.587 D/        (    0): [11647.484886@3]- the clk_hevc_mux    clock off, ref cnt: 0
07-03 16:05:39.588 D/        (    0): [11647.484893@3]- the clk_hevcb_mux   clock off, ref cnt: 0
07-03 16:05:39.588 D/        (    0): [11647.484902@3]- the vdec            clock off, ref cnt: 0
07-03 16:05:39.588 D/        (    0): [11647.484906@3]- the parser_top      clock off, ref cnt: 1
07-03 16:05:39.588 D/        (    0): [11647.484910@3]- the demux           clock off, ref cnt: 1
07-03 16:05:39.588 D/        (    0): [11647.484980@3]- the demux           clock on, ref cnt: 2
07-03 16:05:39.588 D/        (    0): [11647.484985@3]- the parser_top      clock on, ref cnt: 2
07-03 16:05:39.588 D/        (    0): [11647.484992@3]- the vdec            clock on, ref cnt: 1
07-03 16:05:39.588 D/        (    0): [11647.485011@3]- the clk_hevc_mux    clock on, ref cnt: 1
07-03 16:05:39.588 D/        (    0): [11647.485016@3]- the clk_hevcb_mux   clock on, ref cnt: 1
07-03 16:05:39.588 D/        (    0): [11647.485050@3]- hevc mux clock is 499999992 Hz
07-03 16:05:39.588 D/        (    0): [11647.485066@3]- hevc back mux clock is 499999992 Hz
07-03 16:05:39.588 D/        (    0): [11647.485216@3]- vdec_create instance 00000000c2b02ab7, total 1, PM: legacy
07-03 16:05:39.588 D/        (    0): [11647.485264@3]- no drmmode
07-03 16:05:39.588 I/        (    0): [11647.485308@3]- is_reset=1
07-03 16:05:39.588 I/        (    0): [11647.485336@3]- vdec_init, dev_name:ammvdec_h265, vdec_type=VDEC_TYPE_FRAME_BLOCK  id = 0
07-03 16:05:39.588 D/[11647.486053@3]- [0]pdata->config=hevc_buf_width(    0): 1920;hevc_buf_height:1088;hevc_buf_margin:0;hevc_double_write_mode:16;save_buffer_mode:0;
07-03 16:05:39.588 D/        (    0): [11647.486086@3]- decoder_bmmu_box_alloc_box, tvp_flags = 0
07-03 16:05:39.592 D/        (    0): [11647.490900@1]- [0]dynamic_buf_num_margin=9
07-03 16:05:39.592 D/        (    0): [11647.490908@1]- [0]double_write_mode=16
07-03 16:05:39.592 D/[11647.490917@1]- [0]h265(    0): pts_unstable=0
07-03 16:05:39.592 D/[11647.490923@1]- [0]h265(    0): ver (201602101,0) decinfo: 0x0 rate=3600
07-03 16:05:39.592 I/        (    0): [11647.491321@0]- [TEE], the fw (hevc_mmu) will be loaded.
07-03 16:05:39.592 D/        (    0): [11647.491367@0]- hevc mux clock is 666666656 Hz
07-03 16:05:39.592 D/        (    0): [11647.491382@0]- hevc back mux clock is 666666656 Hz
07-03 16:05:39.592 D/        (    0): [11647.491388@0]- hevc video changed to 3840 x 2160 60 fps clk->667MHZ
07-03 16:05:39.592 D/        (    0): [11647.491438@0]- vfm map vdec-map-0 created
07-03 16:05:39.593 I/[11647.491458@0]- dim(    0): ch[1]:di_receiver_event_fun,8:_REG
07-03 16:05:39.593 I/[11647.491463@0]- dim(    0): reg:vdec.h265.00[39]
07-03 16:05:39.593 I/[11647.492088@1]- dim(    0): reg:use[1]ms
07-03 16:05:39.593 E/[11647.492114@1]- reg(    0): v4lvideo
07-03 16:05:39.593 I/[11647.492122@1]- dim(    0): ch[1]:di_receiver_event_fun,3:_START
07-03 16:05:39.593 D/        (    0): [11647.492128@1]- vdec_init, vf_provider_name = vdec.h265.00, b 0
07-03 16:05:39.595 I/        (    0): [11647.494497@1]- vdec->port_flag=0x102, port_flag=0x10b
07-03 16:05:39.595 I/        (    0): [11647.494679@1]- is_reset=0
07-03 16:05:39.848 E/        (    0): [11647.743528@3]- mmu box NULL !!!
07-03 16:05:39.848 D/        (    0): [11647.743544@3]- [0]vh265 cached=0  need_size=6144 speed= 260 ms
07-03 16:05:39.849 D/        (    0): [11647.744139@3]- [0]hevc->performance_profile 0
07-03 16:05:39.849 D/        (    0): [11647.744147@3]- [0]set pic_list_init_flag 1
07-03 16:05:39.879 D/        (    0): [11647.779233@1]- [0]init_buf_spec2 1920 1080
07-03 16:05:39.879 D/        (    0): [11647.779241@1]- [0]set pic_list_init_flag to 2
07-03 16:05:39.879 D/        (    0): [11647.779270@3]- [0]set pic_list_init_flag to 3
07-03 16:05:39.879 D/        (    0): [11647.779275@3]- [vdec_kpi][vh265_isr_thread_fn] First I frame coming.
07-03 16:05:39.885 D/[11647.784017@3]- [0]VH265(    0): output first frame
07-03 16:05:39.885 D/        (    0): [11647.784043@3]- [vdec_kpi][post_video_frame] First I frame decoded.
07-03 16:05:39.885 I/[11647.784129@1]- dim(    0): value reg:ch[1]:fix_buf:0;ponly <0,0>
07-03 16:05:39.887 I/[11647.784139@1]- dim(    0): 1920x1080-0x9000.
07-03 16:05:39.894 I/[11647.784708@2]- v4lvideo(    0): provider name: vdec.h265.00
07-03 16:05:39.915 D/        (    0): [11647.813738@3]- cal_dur_from_pts vstatus 3840 dur3600 -> 3840, revised 3840
07-03 16:05:39.918 I/[11647.818285@3]- vframe_rate_uevent(    0): sent uevent FRAME_RATE_HINT=3840
07-03 16:05:40.404 W/[11648.299332@2]- healthd(    0): battery l=100 v=4 t=0.0 h=2 st=2 c=1100 fc=10000000 chg=u
07-03 16:05:41.062 W/[11648.958948@3]- RTW(    0): Turbo EDCA =0x431c
07-03 16:05:43.374 W/[11651.274089@2]- RTW(    0): fill_default_txdesc(wlan0): SP Packet(0x0806) rate=0x4 SeqNum = 3430
07-03 16:05:48.142 W/[11656.040734@1]- RTW(    0): fill_default_txdesc(wlan0): SP Packet(0x0806) rate=0x4 SeqNum = 1969
07-03 16:05:49.126 W/[11657.023013@1]- RTW(    0): Turbo EDCA =0x5ea42b
07-03 16:05:53.114 W/[11661.013619@1]- RTW(    0): fill_default_txdesc(wlan0): SP Packet(0x0806) rate=0x4 SeqNum = 2367
07-03 16:05:53.158 W/[11661.055113@3]- RTW(    0): Turbo EDCA =0x431c
07-03 16:05:55.178 W/[11663.074976@3]- RTW(    0): Turbo EDCA =0x5ea42b
07-03 16:05:58.622 W/[11666.520088@3]- RTW(    0): fill_default_txdesc(wlan0): SP Packet(0x0806) rate=0x4 SeqNum = 2881
07-03 16:05:59.206 W/[11667.103090@2]- RTW(    0): Turbo EDCA =0x431c
07-03 16:06:01.222 W/[11669.118932@1]- RTW(    0): Turbo EDCA =0x5ea42b
07-03 16:06:03.110 W/[11671.009708@3]- RTW(    0): fill_default_txdesc(wlan0): SP Packet(0x0806) rate=0x4 SeqNum = 3149
07-03 16:06:05.254 W/[11673.150915@2]- RTW(    0): Turbo EDCA =0x431c
07-03 16:06:06.534 W/[11674.430720@3]- RTW(    0): fill_default_txdesc(wlan0): SP Packet(0x0806) rate=0x4 SeqNum = 3641
07-03 16:06:07.269 W/[11675.168631@2]- RTW(    0): Turbo EDCA =0x5ea42b
07-03 16:06:08.183 W/[11676.082674@1]- RTW(    0): fill_default_txdesc(wlan0): SP Packet(0x0806) rate=0x4 SeqNum = 3759
07-03 16:06:09.286 W/[11677.182990@1]- RTW(    0): Turbo EDCA =0x431c
07-03 16:06:11.298 W/[11679.198920@0]- RTW(    0): Turbo EDCA =0x5ea42b
07-03 16:06:13.262 W/[11681.158579@2]- RTW(    0): fill_default_txdesc(wlan0): SP Packet(0x0806) rate=0x4 SeqNum = 113
07-03 16:06:13.318 W/[11681.215177@2]- RTW(    0): Turbo EDCA =0x431c
07-03 16:06:01.583 I/chatty  ( 3835): uid=1000(system) android.bg identical 3 lines
07-03 16:06:11.692 I/UsageStatsService( 3835): User[0] Flushing usage stats to disk
07-03 16:06:13.569 D/AutofillManagerService( 3835): onBackKeyPressed()
07-03 16:06:13.646 I/        (    0): [11681.543046@0]- is_reset=1
07-03 16:06:13.646 I/[11681.543467@0]- vframe_rate_uevent(    0): sent uevent FRAME_RATE_HINT=0
07-03 16:06:13.646 I/[11681.545412@2]- dim(    0): ch[1]:di_receiver_event_fun,1:_UNREG
07-03 16:06:13.646 E/[11681.545457@2]- unreg(    0): v4lvideo
07-03 16:06:13.646 I/[11681.545514@1]- dim(    0): unreg:2keep[4], msk:[0x0,0x0]
07-03 16:06:13.660 I/[11681.556886@1]- dim(    0): unreg:use[11]ms
07-03 16:06:13.660 D/        (    0): [11681.556918@1]- vdec_disable_DMC input->target= 0x1
07-03 16:06:13.667 D/        (    0): [11681.561098@2]- vdec_release instance 00000000c2b02ab7, total 1 id = 0
07-03 16:06:13.667 D/        (    0): [11681.561294@2]- the clk_hevc_mux    clock off, ref cnt: 0
07-03 16:06:13.667 D/        (    0): [11681.561300@2]- the clk_hevcb_mux   clock off, ref cnt: 0
07-03 16:06:13.667 D/        (    0): [11681.561309@2]- the vdec            clock off, ref cnt: 0
07-03 16:06:13.672 D/        (    0): [11681.561313@2]- the parser_top      clock off, ref cnt: 1
07-03 16:06:13.672 D/        (    0): [11681.561317@2]- the demux           clock off, ref cnt: 1
07-03 16:06:13.672 D/        (    0): [11681.561436@2]- the demux           clock on, ref cnt: 2
07-03 16:06:13.672 D/        (    0): [11681.561442@2]- the parser_top      clock on, ref cnt: 2
07-03 16:06:13.672 D/        (    0): [11681.561449@2]- the vdec            clock on, ref cnt: 1
07-03 16:06:13.672 D/        (    0): [11681.561470@2]- the clk_hevc_mux    clock on, ref cnt: 1
07-03 16:06:13.672 D/        (    0): [11681.561474@2]- the clk_hevcb_mux   clock on, ref cnt: 1
07-03 16:06:13.672 D/        (    0): [11681.561506@2]- hevc mux clock is 499999992 Hz
07-03 16:06:13.679 D/        (    0): [11681.561522@2]- hevc back mux clock is 499999992 Hz
07-03 16:06:13.681 D/        (    0): [11681.561609@2]- vdec_create instance 00000000b68df9ee, total 1, PM: legacy
07-03 16:06:13.681 D/        (    0): [11681.561649@2]- no drmmode
07-03 16:06:13.681 I/        (    0): [11681.561685@2]- is_reset=1
07-03 16:06:13.681 I/        (    0): [11681.561712@2]- vdec_init, dev_name:ammvdec_h265, vdec_type=VDEC_TYPE_FRAME_BLOCK  id = 0
07-03 16:06:13.681 D/[11681.562608@2]- [0]pdata->config=hevc_buf_width(    0): 1920;hevc_buf_height:1088;hevc_buf_margin:0;hevc_double_write_mode:16;save_buffer_mode:0;
07-03 16:06:13.681 D/        (    0): [11681.562640@2]- decoder_bmmu_box_alloc_box, tvp_flags = 0
07-03 16:06:13.681 D/        (    0): [11681.564431@2]- [0]dynamic_buf_num_margin=9
07-03 16:06:13.681 D/        (    0): [11681.564438@2]- [0]double_write_mode=16
07-03 16:06:13.681 D/[11681.564447@2]- [0]h265(    0): pts_unstable=0
07-03 16:06:13.681 D/[11681.564453@2]- [0]h265(    0): ver (201602101,0) decinfo: 0x0 rate=3600
07-03 16:06:13.681 I/        (    0): [11681.566928@0]- [TEE], the fw (hevc_mmu) will be loaded.
07-03 16:06:13.681 D/        (    0): [11681.566977@0]- hevc mux clock is 666666656 Hz
07-03 16:06:13.681 D/        (    0): [11681.566993@0]- hevc back mux clock is 666666656 Hz
07-03 16:06:13.681 D/        (    0): [11681.566998@0]- hevc video changed to 3840 x 2160 60 fps clk->667MHZ
07-03 16:06:13.681 D/        (    0): [11681.567047@0]- vfm map vdec-map-0 created
07-03 16:06:13.682 I/[11681.567067@0]- dim(    0): ch[1]:di_receiver_event_fun,8:_REG
07-03 16:06:13.682 I/[11681.567072@0]- dim(    0): reg:vdec.h265.00[40]
07-03 16:06:13.682 I/[11681.567648@2]- dim(    0): reg:use[0]ms
07-03 16:06:13.682 E/[11681.567809@2]- reg(    0): v4lvideo
07-03 16:06:13.682 I/[11681.567818@2]- dim(    0): ch[1]:di_receiver_event_fun,3:_START
07-03 16:06:13.682 D/        (    0): [11681.567824@2]- vdec_init, vf_provider_name = vdec.h265.00, b 0
07-03 16:06:13.682 I/        (    0): [11681.571726@0]- vdec->port_flag=0x102, port_flag=0x10b
07-03 16:06:13.682 I/        (    0): [11681.571858@0]- is_reset=0
07-03 16:06:13.696 I/        (    0): [11681.593191@0]- is_reset=1
07-03 16:06:13.710 I/[11681.593464@0]- vframe_rate_uevent(    0): sent uevent FRAME_RATE_HINT=0
07-03 16:06:13.711 I/[11681.593517@0]- dim(    0): ch[1]:di_receiver_event_fun,1:_UNREG
07-03 16:06:13.711 E/[11681.593529@0]- unreg(    0): v4lvideo
07-03 16:06:13.711 I/[11681.594108@1]- dim(    0): unreg:use[1]ms
07-03 16:06:13.711 D/        (    0): [11681.594143@1]- vdec_disable_DMC input->target= 0x1
07-03 16:06:13.711 D/        (    0): [11681.594638@1]- vdec_release instance 00000000b68df9ee, total 1 id = 0
07-03 16:06:13.711 D/        (    0): [11681.594793@1]- the clk_hevc_mux    clock off, ref cnt: 0
07-03 16:06:13.711 D/        (    0): [11681.594800@1]- the clk_hevcb_mux   clock off, ref cnt: 0
07-03 16:06:13.711 D/        (    0): [11681.594808@1]- the vdec            clock off, ref cnt: 0
07-03 16:06:13.711 D/        (    0): [11681.594812@1]- the parser_top      clock off, ref cnt: 1
07-03 16:06:13.711 D/        (    0): [11681.594816@1]- the demux           clock off, ref cnt: 1
07-03 16:06:13.711 D/        (    0): [11681.594881@1]- the demux           clock on, ref cnt: 2
07-03 16:06:13.712 D/        (    0): [11681.594887@1]- the parser_top      clock on, ref cnt: 2
07-03 16:06:13.712 D/        (    0): [11681.594893@1]- the vdec            clock on, ref cnt: 1
07-03 16:06:13.712 D/        (    0): [11681.594912@1]- the clk_hevc_mux    clock on, ref cnt: 1
07-03 16:06:13.712 D/        (    0): [11681.594917@1]- the clk_hevcb_mux   clock on, ref cnt: 1
07-03 16:06:13.712 D/        (    0): [11681.594950@1]- hevc mux clock is 499999992 Hz
07-03 16:06:13.712 D/        (    0): [11681.594968@1]- hevc back mux clock is 499999992 Hz
07-03 16:06:13.712 D/        (    0): [11681.595073@1]- vdec_create instance 000000005104dae1, total 1, PM: legacy
07-03 16:06:13.712 D/        (    0): [11681.595110@1]- no drmmode
07-03 16:06:13.712 I/        (    0): [11681.595172@1]- is_reset=1
07-03 16:06:13.712 I/        (    0): [11681.595198@1]- vdec_init, dev_name:ammvdec_h265, vdec_type=VDEC_TYPE_FRAME_BLOCK  id = 0
07-03 16:06:13.712 D/[11681.595837@1]- [0]pdata->config=hevc_buf_width(    0): 1920;hevc_buf_height:1088;hevc_buf_margin:0;hevc_double_write_mode:16;save_buffer_mode:0;
07-03 16:06:13.712 D/        (    0): [11681.595869@1]- decoder_bmmu_box_alloc_box, tvp_flags = 0
07-03 16:06:13.713 D/        (    0): [11681.597248@1]- [0]dynamic_buf_num_margin=9
07-03 16:06:13.713 D/        (    0): [11681.597255@1]- [0]double_write_mode=16
07-03 16:06:13.713 D/[11681.597265@1]- [0]h265(    0): pts_unstable=0
07-03 16:06:13.714 D/[11681.597270@1]- [0]h265(    0): ver (201602101,0) decinfo: 0x0 rate=3600
07-03 16:06:13.714 I/        (    0): [11681.597578@1]- [TEE], the fw (hevc_mmu) will be loaded.
07-03 16:06:13.714 D/        (    0): [11681.597620@1]- hevc mux clock is 666666656 Hz
07-03 16:06:13.714 D/        (    0): [11681.597635@1]- hevc back mux clock is 666666656 Hz
07-03 16:06:13.714 D/        (    0): [11681.597641@1]- hevc video changed to 3840 x 2160 60 fps clk->667MHZ
07-03 16:06:13.714 D/        (    0): [11681.597683@1]- vfm map vdec-map-0 created
07-03 16:06:13.714 I/[11681.597703@1]- dim(    0): ch[1]:di_receiver_event_fun,8:_REG
07-03 16:06:13.714 I/[11681.597707@1]- dim(    0): reg:vdec.h265.00[41]
07-03 16:06:13.714 I/[11681.597796@1]- dim(    0): reg:use[0]ms
07-03 16:06:13.714 E/[11681.597810@1]- reg(    0): v4lvideo
07-03 16:06:13.714 I/[11681.597816@1]- dim(    0): ch[1]:di_receiver_event_fun,3:_START
07-03 16:06:13.714 D/        (    0): [11681.597820@1]- vdec_init, vf_provider_name = vdec.h265.00, b 0
07-03 16:06:13.714 I/        (    0): [11681.598400@1]- vdec->port_flag=0x102, port_flag=0x10b
07-03 16:06:13.714 I/        (    0): [11681.598507@1]- is_reset=0
07-03 16:06:13.714 I/[11681.602922@1]- vframe_rate_uevent(    0): sent uevent FRAME_RATE_HINT=0
07-03 16:06:13.714 I/[11681.603249@0]- dim(    0): ch[1]:di_receiver_event_fun,1:_UNREG
07-03 16:06:13.714 E/[11681.603262@0]- unreg(    0): v4lvideo
07-03 16:06:13.714 I/[11681.603818@0]- dim(    0): unreg:use[0]ms
07-03 16:06:13.714 D/        (    0): [11681.603846@0]- vdec_disable_DMC input->target= 0x1
07-03 16:06:13.714 D/        (    0): [11681.606117@1]- vdec_release instance 000000005104dae1, total 1 id = 0
07-03 16:06:13.714 D/        (    0): [11681.606349@1]- the clk_hevc_mux    clock off, ref cnt: 0
07-03 16:06:13.714 D/        (    0): [11681.606357@1]- the clk_hevcb_mux   clock off, ref cnt: 0
07-03 16:06:13.714 D/        (    0): [11681.606366@1]- the vdec            clock off, ref cnt: 0
07-03 16:06:13.714 D/        (    0): [11681.606369@1]- the parser_top      clock off, ref cnt: 1
07-03 16:06:13.714 D/        (    0): [11681.606373@1]- the demux           clock off, ref cnt: 1
07-03 16:06:13.716 D/        (    0): [11681.606403@1]d v4lvideo_release_map 0 OK
07-03 16:06:13.716 D/[11681.606484@1]- v4lvid(    0): dbg: vidioc_close!!!!
07-03 16:06:13.716 I/[11681.607727@1]- resman(    0): 46 release [codec_mm]
07-03 16:06:14.005 D/INSETS  ( 3835): else - Package Name ::  left : 0 right :: 0 top :: 0 bottom :: 0 dfu-right :: 1920 dfu-bottom :: 1080
07-03 16:06:14.103 I/[11682.001819@2]- vc(    0): [0]vc: set enable index=0, val=0
07-03 16:06:14.103 I/[11682.001849@2]- VID(    0): store VD0 path_id changed 2->-1
07-03 16:06:14.103 I/        (    0): [11682.001854@2]- dev->index =0, val=1
07-03 16:06:14.103 I/[11682.001859@2]- VID(    0): VD1 off
07-03 16:06:14.103 I/[11682.001865@2]- VID(    0): VD1 set global output as 0
07-03 16:06:14.103 I/        (    0): [11682.001885@2]- common_vf_unreg_provider video_render.0: vd1 used: true, vd2 used: false, black_out:0, cur_buf:0000000032b7cb96
07-03 16:06:15.334 W/[11683.230895@1]- RTW(    0): Turbo EDCA =0x5ea42b
07-03 16:06:18.322 W/[11686.221267@1]- RTW(    0): fill_default_txdesc(wlan0): SP Packet(0x0806) rate=0x4 SeqNum = 583
07-03 16:06:21.802 I/UsageStatsService( 3835): User[0] Flushing usage stats to disk
07-03 16:06:24.006 W/[11691.905728@2]- RTW(    0): fill_default_txdesc(wlan0): SP Packet(0x0806) rate=0x4 SeqNum = 1050
07-03 16:06:25.419 D/AutofillManagerService( 3835): onBackKeyPressed()
07-03 16:06:26.778 D/InputMethodManagerService( 3835): Top Package Name: in.startv.hotstar
07-03 16:06:26.791 W/ContextImpl( 3835): Calling a method in the system process without a qualified user: android.app.ContextImpl.sendBroadcast:1111 com.android.server.inputmethod.InputMethodManagerService.sendSoftInputVisibilityBroadcast:3258 com.android.server.inputmethod.InputMethodManagerService.showCurrentInputLocked:3231 com.android.server.inputmethod.InputMethodManagerService.showSoftInput:3153 com.android.internal.view.IInputMethodManager$Stub.onTransact:304 
07-03 16:06:26.793 D/InputMethodManagerService( 3835): Top Package Name: in.startv.hotstar
07-03 16:06:26.794 W/ContextImpl( 3835): Calling a method in the system process without a qualified user: android.app.ContextImpl.sendBroadcast:1111 com.android.server.inputmethod.InputMethodManagerService.sendSoftInputVisibilityBroadcast:3258 com.android.server.inputmethod.InputMethodManagerService.showCurrentInputLocked:3231 com.android.server.inputmethod.InputMethodManagerService.showMySoftInput:4198 com.android.server.inputmethod.InputMethodManagerService.access$4100:189 
07-03 16:06:26.799 W/ContextImpl( 3835): Calling a method in the system process without a qualified user: android.app.ContextImpl.sendBroadcast:1111 com.android.server.inputmethod.InputMethodManagerService.sendSoftInputVisibilityBroadcast:3258 com.android.server.inputmethod.InputMethodManagerService.hideCurrentInputLocked:3330 com.android.server.inputmethod.InputMethodManagerService.hideMySoftInput:4180 com.android.server.inputmethod.InputMethodManagerService.access$4000:189 
07-03 16:06:26.822 D/InputMethodManagerService( 3835): Top Package Name: in.startv.hotstar
07-03 16:06:26.824 W/ContextImpl( 3835): Calling a method in the system process without a qualified user: android.app.ContextImpl.sendBroadcast:1111 com.android.server.inputmethod.InputMethodManagerService.sendSoftInputVisibilityBroadcast:3258 com.android.server.inputmethod.InputMethodManagerService.showCurrentInputLocked:3231 com.android.server.inputmethod.InputMethodManagerService.showMySoftInput:4198 com.android.server.inputmethod.InputMethodManagerService.access$4100:189 
07-03 16:06:26.863 D/INSETS  ( 3835): else - Package Name ::  left : 0 right :: 0 top :: 0 bottom :: 0 dfu-right :: 1920 dfu-bottom :: 1080
07-03 16:06:26.866 I/chatty  ( 3835): uid=1000(system) Binder:3835_4 identical 2 lines
07-03 16:06:26.866 D/INSETS  ( 3835): else - Package Name ::  left : 0 right :: 0 top :: 0 bottom :: 0 dfu-right :: 1920 dfu-bottom :: 1080
07-03 16:06:26.885 D/INSETS  ( 3835): else - Package Name ::  left : 0 right :: 0 top :: 0 bottom :: 0 dfu-right :: 1920 dfu-bottom :: 1080
07-03 16:06:26.887 I/chatty  ( 3835): uid=1000(system) android.anim identical 2 lines
07-03 16:06:26.888 D/INSETS  ( 3835): else - Package Name ::  left : 0 right :: 0 top :: 0 bottom :: 0 dfu-right :: 1920 dfu-bottom :: 1080
07-03 16:06:26.900 D/InputMethodManagerService( 3835): Top Package Name: in.startv.hotstar
07-03 16:06:26.901 W/ContextImpl( 3835): Calling a method in the system process without a qualified user: android.app.ContextImpl.sendBroadcast:1111 com.android.server.inputmethod.InputMethodManagerService.sendSoftInputVisibilityBroadcast:3258 com.android.server.inputmethod.InputMethodManagerService.showCurrentInputLocked:3231 com.android.server.inputmethod.InputMethodManagerService.showMySoftInput:4198 com.android.server.inputmethod.InputMethodManagerService.access$4100:189 
07-03 16:06:26.912 D/INSETS  ( 3835): else - Package Name ::  left : 0 right :: 0 top :: 0 bottom :: 0 dfu-right :: 1920 dfu-bottom :: 1080
07-03 16:06:26.913 D/INSETS  ( 3835): else - Package Name ::  left : 0 right :: 0 top :: 0 bottom :: 0 dfu-right :: 1920 dfu-bottom :: 1080
07-03 16:06:26.950 D/INSETS  ( 3835): else - Package Name ::  left : 0 right :: 0 top :: 0 bottom :: 0 dfu-right :: 1920 dfu-bottom :: 1080
07-03 16:06:27.000 I/chatty  ( 3835): uid=1000(system) Binder:3835_19 identical 3 lines
07-03 16:06:27.000 D/INSETS  ( 3835): else - Package Name ::  left : 0 right :: 0 top :: 0 bottom :: 0 dfu-right :: 1920 dfu-bottom :: 1080
07-03 16:06:27.015 D/INSETS  ( 3835): else - Package Name ::  left : 0 right :: 0 top :: 0 bottom :: 0 dfu-right :: 1920 dfu-bottom :: 1080
07-03 16:06:27.015 I/chatty  ( 3835): uid=1000(system) android.anim identical 1 line
07-03 16:06:27.016 D/INSETS  ( 3835): else - Package Name ::  left : 0 right :: 0 top :: 0 bottom :: 0 dfu-right :: 1920 dfu-bottom :: 1080
07-03 16:06:27.017 D/InputMethodManagerService( 3835): Top Package Name: in.startv.hotstar
07-03 16:06:27.020 W/ContextImpl( 3835): Calling a method in the system process without a qualified user: android.app.ContextImpl.sendBroadcast:1111 com.android.server.inputmethod.InputMethodManagerService.sendSoftInputVisibilityBroadcast:3258 com.android.server.inputmethod.InputMethodManagerService.showCurrentInputLocked:3231 com.android.server.inputmethod.InputMethodManagerService.showMySoftInput:4198 com.android.server.inputmethod.InputMethodManagerService.access$4100:189 
07-03 16:06:27.024 D/InputMethodManagerService( 3835): Top Package Name: in.startv.hotstar
07-03 16:06:27.025 W/ContextImpl( 3835): Calling a method in the system process without a qualified user: android.app.ContextImpl.sendBroadcast:1111 com.android.server.inputmethod.InputMethodManagerService.sendSoftInputVisibilityBroadcast:3258 com.android.server.inputmethod.InputMethodManagerService.showCurrentInputLocked:3231 com.android.server.inputmethod.InputMethodManagerService.showMySoftInput:4198 com.android.server.inputmethod.InputMethodManagerService.access$4100:189 
07-03 16:06:27.025 W/NotificationHistory( 3835): Attempted to add notif for locked/gone/disabled user 0
07-03 16:06:27.040 D/INSETS  ( 3835): else - Package Name ::  left : 0 right :: 0 top :: 0 bottom :: 0 dfu-right :: 1920 dfu-bottom :: 1080
07-03 16:06:27.050 I/chatty  ( 3835): uid=1000(system) android.display identical 4 lines
07-03 16:06:27.051 D/INSETS  ( 3835): else - Package Name ::  left : 0 right :: 0 top :: 0 bottom :: 0 dfu-right :: 1920 dfu-bottom :: 1080
07-03 16:06:27.091 D/INSETS  ( 3835): else - Package Name ::  left : 0 right :: 0 top :: 0 bottom :: 0 dfu-right :: 1920 dfu-bottom :: 1080
07-03 16:06:27.091 I/chatty  ( 3835): uid=1000(system) Binder:3835_10 identical 1 line
07-03 16:06:27.092 D/INSETS  ( 3835): else - Package Name ::  left : 0 right :: 0 top :: 0 bottom :: 0 dfu-right :: 1920 dfu-bottom :: 1080
07-03 16:06:27.241 W/NotificationHistory( 3835): Attempted to add notif for locked/gone/disabled user 0
07-03 16:06:27.769 D/InputMethodManagerService( 3835): Top Package Name: in.startv.hotstar
07-03 16:06:27.770 W/ContextImpl( 3835): Calling a method in the system process without a qualified user: android.app.ContextImpl.sendBroadcast:1111 com.android.server.inputmethod.InputMethodManagerService.sendSoftInputVisibilityBroadcast:3258 com.android.server.inputmethod.InputMethodManagerService.showCurrentInputLocked:3231 com.android.server.inputmethod.InputMethodManagerService.attachNewInputLocked:2397 com.android.server.inputmethod.InputMethodManagerService.startInputUncheckedLocked:2503 
07-03 16:06:27.773 D/InputMethodManagerService( 3835): Top Package Name: in.startv.hotstar
07-03 16:06:27.774 W/ContextImpl( 3835): Calling a method in the system process without a qualified user: android.app.ContextImpl.sendBroadcast:1111 com.android.server.inputmethod.InputMethodManagerService.sendSoftInputVisibilityBroadcast:3258 com.android.server.inputmethod.InputMethodManagerService.showCurrentInputLocked:3231 com.android.server.inputmethod.InputMethodManagerService.showMySoftInput:4198 com.android.server.inputmethod.InputMethodManagerService.access$4100:189 
07-03 16:06:27.786 D/INSETS  ( 3835): else - Package Name ::  left : 0 right :: 0 top :: 0 bottom :: 0 dfu-right :: 1920 dfu-bottom :: 1080
07-03 16:06:27.786 I/chatty  ( 3835): uid=1000(system) Binder:3835_16 identical 1 line
07-03 16:06:27.787 D/INSETS  ( 3835): else - Package Name ::  left : 0 right :: 0 top :: 0 bottom :: 0 dfu-right :: 1920 dfu-bottom :: 1080
07-03 16:06:27.941 D/InputMethodManagerService( 3835): Top Package Name: in.startv.hotstar
07-03 16:06:27.941 W/ContextImpl( 3835): Calling a method in the system process without a qualified user: android.app.ContextImpl.sendBroadcast:1111 com.android.server.inputmethod.InputMethodManagerService.sendSoftInputVisibilityBroadcast:3258 com.android.server.inputmethod.InputMethodManagerService.showCurrentInputLocked:3231 com.android.server.inputmethod.InputMethodManagerService.showMySoftInput:4198 com.android.server.inputmethod.InputMethodManagerService.access$4100:189 
07-03 16:06:27.951 D/INSETS  ( 3835): else - Package Name ::  left : 0 right :: 0 top :: 0 bottom :: 0 dfu-right :: 1920 dfu-bottom :: 1080
07-03 16:06:28.342 W/[11696.240440@1]- audit(    0): audit_lost=4589 audit_rate_limit=5 audit_backlog_limit=64
07-03 16:06:28.342 E/[11696.240448@1]- audit(    0): rate limit exceeded
07-03 16:06:27.958 I/chatty  ( 3835): uid=1000(system) android.anim identical 2 lines
07-03 16:06:27.959 D/INSETS  ( 3835): else - Package Name ::  left : 0 right :: 0 top :: 0 bottom :: 0 dfu-right :: 1920 dfu-bottom :: 1080
07-03 16:06:28.536 D/InputMethodManagerService( 3835): Top Package Name: in.startv.hotstar
07-03 16:06:28.537 W/ContextImpl( 3835): Calling a method in the system process without a qualified user: android.app.ContextImpl.sendBroadcast:1111 com.android.server.inputmethod.InputMethodManagerService.sendSoftInputVisibilityBroadcast:3258 com.android.server.inputmethod.InputMethodManagerService.showCurrentInputLocked:3231 com.android.server.inputmethod.InputMethodManagerService.attachNewInputLocked:2397 com.android.server.inputmethod.InputMethodManagerService.startInputUncheckedLocked:2503 
07-03 16:06:28.540 D/InputMethodManagerService( 3835): Top Package Name: in.startv.hotstar
07-03 16:06:28.541 W/ContextImpl( 3835): Calling a method in the system process without a qualified user: android.app.ContextImpl.sendBroadcast:1111 com.android.server.inputmethod.InputMethodManagerService.sendSoftInputVisibilityBroadcast:3258 com.android.server.inputmethod.InputMethodManagerService.showCurrentInputLocked:3231 com.android.server.inputmethod.InputMethodManagerService.showMySoftInput:4198 com.android.server.inputmethod.InputMethodManagerService.access$4100:189 
07-03 16:06:28.561 D/INSETS  ( 3835): else - Package Name ::  left : 0 right :: 0 top :: 0 bottom :: 0 dfu-right :: 1920 dfu-bottom :: 1080
07-03 16:06:28.562 D/INSETS  ( 3835): else - Package Name ::  left : 0 right :: 0 top :: 0 bottom :: 0 dfu-right :: 1920 dfu-bottom :: 1080
07-03 16:06:28.575 D/InputMethodManagerService( 3835): Top Package Name: in.startv.hotstar
07-03 16:06:28.577 W/ContextImpl( 3835): Calling a method in the system process without a qualified user: android.app.ContextImpl.sendBroadcast:1111 com.android.server.inputmethod.InputMethodManagerService.sendSoftInputVisibilityBroadcast:3258 com.android.server.inputmethod.InputMethodManagerService.showCurrentInputLocked:3231 com.android.server.inputmethod.InputMethodManagerService.showMySoftInput:4198 com.android.server.inputmethod.InputMethodManagerService.access$4100:189 
07-03 16:06:28.626 W/[11696.522682@3]- RTW(    0): fill_default_txdesc(wlan0): SP Packet(0x0806) rate=0x4 SeqNum = 1654
07-03 16:06:28.879 D/INSETS  ( 3835): else - Package Name ::  left : 0 right :: 0 top :: 0 bottom :: 0 dfu-right :: 1920 dfu-bottom :: 1080
07-03 16:06:28.880 D/INSETS  ( 3835): else - Package Name ::  left : 0 right :: 0 top :: 0 bottom :: 0 dfu-right :: 1920 dfu-bottom :: 1080
07-03 16:06:29.521 D/AutofillManagerService( 3835): onBackKeyPressed()
07-03 16:06:29.523 W/ContextImpl( 3835): Calling a method in the system process without a qualified user: android.app.ContextImpl.sendBroadcast:1111 com.android.server.inputmethod.InputMethodManagerService.sendSoftInputVisibilityBroadcast:3258 com.android.server.inputmethod.InputMethodManagerService.hideCurrentInputLocked:3330 com.android.server.inputmethod.InputMethodManagerService.hideMySoftInput:4180 com.android.server.inputmethod.InputMethodManagerService.access$4000:189 
07-03 16:06:29.533 D/INSETS  ( 3835): else - Package Name ::  left : 0 right :: 0 top :: 0 bottom :: 0 dfu-right :: 1920 dfu-bottom :: 1080
07-03 16:06:29.534 D/INSETS  ( 3835): else - Package Name ::  left : 0 right :: 0 top :: 0 bottom :: 0 dfu-right :: 1920 dfu-bottom :: 1080
07-03 16:06:29.538 D/INSETS  ( 3835): else - Package Name ::  left : 0 right :: 0 top :: 0 bottom :: 0 dfu-right :: 1920 dfu-bottom :: 1080
07-03 16:06:29.538 D/INSETS  ( 3835): else - Package Name ::  left : 0 right :: 0 top :: 0 bottom :: 0 dfu-right :: 1920 dfu-bottom :: 1080
07-03 16:06:29.547 D/INSETS  ( 3835): else - Package Name ::  left : 0 right :: 0 top :: 0 bottom :: 0 dfu-right :: 1920 dfu-bottom :: 1080
07-03 16:06:29.548 D/INSETS  ( 3835): else - Package Name ::  left : 0 right :: 0 top :: 0 bottom :: 0 dfu-right :: 1920 dfu-bottom :: 1080
07-03 16:06:29.754 D/INSETS  ( 3835): else - Package Name ::  left : 0 right :: 0 top :: 0 bottom :: 0 dfu-right :: 1920 dfu-bottom :: 1080
07-03 16:06:31.607 D/[11699.507324@1]- logd(    0): logdr: UID=0 GID=0 PID=20948 n tail=0 logMask=99 pid=0 start=0ns timeout=0ns
07-03 16:06:31.913 I/UsageStatsService( 3835): User[0] Flushing usage stats to disk
07-03 16:06:32.330 D/HdmiControlService( 3835): Proccess pid: 3835 is calling oneTouchPlay.
07-03 16:06:32.331 D/HdmiControlService( 3835): Local device is under address allocation. Save OTP callback for later process.
07-03 16:06:32.339 D/AutofillManagerService( 3835): Close system dialogs
07-03 16:06:32.365 I/ActivityTaskManager( 3835): START u0 {act=android.intent.action.MAIN cat=[android.intent.category.HOME] flg=0x10000100 cmp=com.iwedia.ui.rjio.launcher.reliance/com.iwedia.ui.rjio.launcher.ui.intro.IntroActivity (has extras)} from uid 0
07-03 16:06:32.365 D/ActivityTaskManager( 3835): recent debug: [launchedPkgName] --> com.iwedia.ui.rjio.launcher.reliance [callingPackage] --> null
07-03 16:06:32.369 V/ActivityTaskManager( 3835): Old State : null Updated state : INITIALIZING Activity : ComponentInfo{com.iwedia.ui.rjio.launcher.reliance/com.iwedia.ui.rjio.launcher.ui.intro.IntroActivity}
07-03 16:06:32.369 V/ActivityTaskManager( 3835): Sending Broadcast : Intent { act=com.jio.remote.action.applaunch flg=0x40000000 pkg=com.jio.remote.btserver (has extras) }
07-03 16:06:32.373 V/ActivityTaskManager( 3835): Old State : RESUMED Updated state : PAUSING Activity : ComponentInfo{in.startv.hotstar/com.hotstar.MainActivity}
07-03 16:06:32.373 V/ActivityTaskManager( 3835): Sending Broadcast : Intent { act=com.jio.remote.action.applaunch flg=0x40000000 pkg=com.jio.remote.btserver (has extras) }
07-03 16:06:32.375 D/INSETS  ( 3835): else - Package Name ::  left : 0 right :: 0 top :: 0 bottom :: 0 dfu-right :: 1920 dfu-bottom :: 1080
07-03 16:06:32.396 V/ActivityTaskManager( 3835): Old State : PAUSING Updated state : PAUSED Activity : ComponentInfo{in.startv.hotstar/com.hotstar.MainActivity}
07-03 16:06:32.396 V/ActivityTaskManager( 3835): Sending Broadcast : Intent { act=com.jio.remote.action.applaunch flg=0x40000000 pkg=com.jio.remote.btserver (has extras) }
07-03 16:06:32.406 V/ActivityTaskManager( 3835): Old State : STOPPED Updated state : RESUMED Activity : ComponentInfo{com.iwedia.ui.rjio.launcher.reliance/com.iwedia.ui.rjio.launcher.ui.intro.IntroActivity}
07-03 16:06:32.406 V/ActivityTaskManager( 3835): Sending Broadcast : Intent { act=com.jio.remote.action.applaunch flg=0x40000000 pkg=com.jio.remote.btserver (has extras) }
07-03 16:06:32.566 W/ActivityManager( 3835): Receiver with filter android.content.IntentFilter@a13dda2 already registered for pid 5095, callerPackage is com.iwedia.ui.rjio.launcher.reliance
07-03 16:06:32.569 W/WindowManager( 3835): removeWindowToken: Attempted to remove non-existing token: android.os.Binder@b5d0d4
07-03 16:06:32.601 I/ActivityManager( 3835): Force stopping io.appium.uiautomator2.server appid=10064 user=0: finished inst
07-03 16:06:32.606 I/ActivityManager( 3835): Killing 20059:io.appium.uiautomator2.server/u0a64 (adj 0): stop io.appium.uiautomator2.server due to finished inst
07-03 16:06:32.699 D/INSETS  ( 3835): else - Package Name ::  left : 0 right :: 0 top :: 0 bottom :: 0 dfu-right :: 1920 dfu-bottom :: 1080
07-03 16:06:32.810 I/[11700.707627@1]- binder(    0): undelivered TRANSACTION_COMPLETE
07-03 16:06:32.810 I/[11700.707641@1]- binder(    0): undelivered transaction 7975409, process died.
07-03 16:06:32.883 I/ActivityManager( 3835): Force stopping io.appium.uiautomator2.server appid=10064 user=0: from pid 20985
07-03 16:06:32.893 I/ActivityManager( 3835): Force stopping io.appium.uiautomator2.server.test appid=10038 user=0: from pid 20986
07-03 16:06:32.903 D/INSETS  ( 3835): else - Package Name ::  left : 0 right :: 0 top :: 0 bottom :: 0 dfu-right :: 1920 dfu-bottom :: 1080
07-03 16:06:32.910 D/INSETS  ( 3835): else - Package Name ::  left : 0 right :: 0 top :: 0 bottom :: 0 dfu-right :: 1920 dfu-bottom :: 1080
07-03 16:06:32.923 D/INSETS  ( 3835): else - Package Name ::  left : 0 right :: 0 top :: 0 bottom :: 0 dfu-right :: 1920 dfu-bottom :: 1080
07-03 16:06:32.927 D/INSETS  ( 3835): else - Package Name ::  left : 0 right :: 0 top :: 0 bottom :: 0 dfu-right :: 1920 dfu-bottom :: 1080
07-03 16:06:32.969 V/ActivityTaskManager( 3835): Old State : PAUSED Updated state : STOPPING Activity : ComponentInfo{in.startv.hotstar/com.hotstar.MainActivity}
07-03 16:06:32.969 V/ActivityTaskManager( 3835): Sending Broadcast : Intent { act=com.jio.remote.action.applaunch flg=0x40000000 pkg=com.jio.remote.btserver (has extras) }
07-03 16:06:33.069 D/INSETS  ( 3835): else - Package Name ::  left : 0 right :: 0 top :: 0 bottom :: 0 dfu-right :: 1920 dfu-bottom :: 1080
07-03 16:06:33.162 V/ActivityTaskManager( 3835): Old State : STOPPING Updated state : STOPPED Activity : ComponentInfo{in.startv.hotstar/com.hotstar.MainActivity}
07-03 16:06:33.162 V/ActivityTaskManager( 3835): Sending Broadcast : Intent { act=com.jio.remote.action.applaunch flg=0x40000000 pkg=com.jio.remote.btserver (has extras) }
07-03 16:06:33.170 W/[11701.069513@1]- RTW(    0): fill_default_txdesc(wlan0): SP Packet(0x0806) rate=0x4 SeqNum = 3720
07-03 16:06:36.742 W/[11704.640463@1]- RTW(    0): fill_default_txdesc(wlan0): SP Packet(0x0806) rate=0x4 SeqNum = 3762
07-03 16:06:38.223 W/[11706.121918@3]- RTW(    0): fill_default_txdesc(wlan0): SP Packet(0x0806) rate=0x4 SeqNum = 3787
07-03 16:06:40.402 W/[11708.298763@3]- healthd(    0): battery l=100 v=4 t=0.0 h=2 st=2 c=1100 fc=10000000 chg=u
07-03 16:06:41.322 I/ActivityManager( 3835): Force stopping in.startv.hotstar appid=10066 user=0: from pid 4928
07-03 16:06:41.323 I/ActivityManager( 3835): Killing 20155:in.startv.hotstar/u0a66 (adj 700): stop in.startv.hotstar due to from pid 4928
07-03 16:06:41.329 W/ActivityTaskManager( 3835): Force removing ActivityRecord{7ff59c9 u0 in.startv.hotstar/com.hotstar.MainActivity t361 f}}: app died, no saved state
07-03 16:06:41.333 D/INSETS  ( 3835): else - Package Name ::  left : 0 right :: 0 top :: 0 bottom :: 0 dfu-right :: 1920 dfu-bottom :: 1080
07-03 16:06:41.334 V/ActivityTaskManager( 3835): Old State : STOPPED Updated state : DESTROYED Activity : ComponentInfo{in.startv.hotstar/com.hotstar.MainActivity}
07-03 16:06:41.335 V/ActivityTaskManager( 3835): Sending Broadcast : Intent { act=com.jio.remote.action.applaunch flg=0x40000000 pkg=com.jio.remote.btserver (has extras) }
07-03 16:06:41.362 I/ActivityManager( 3835): Force stopping in.startv.hotstar appid=10066 user=0: from pid 4928
07-03 16:06:41.373 I/ActivityManager( 3835): Force stopping in.startv.hotstar appid=10066 user=0: from pid 4928
07-03 16:06:41.384 I/ActivityManager( 3835): Force stopping in.startv.hotstar appid=10066 user=0: from pid 4928
07-03 16:06:41.428 I/chatty  ( 3835): uid=1000(system) Binder:3835_9 identical 5 lines
07-03 16:06:41.438 I/ActivityManager( 3835): Force stopping in.startv.hotstar appid=10066 user=0: from pid 4928
07-03 16:06:41.596 D/ConnectivityService( 3835): ConnectivityService NetworkRequestInfo binderDied(NetworkRequest [ TRACK_DEFAULT id=41, [ Capabilities: INTERNET&NOT_RESTRICTED&TRUSTED Uid: 10066 AdministratorUids: [] RequestorUid: 10066 RequestorPackageName: in.startv.hotstar] ], android.os.BinderProxy@da1bd37)
07-03 16:06:41.597 D/ConnectivityService( 3835): ConnectivityService NetworkRequestInfo binderDied(NetworkRequest [ LISTEN id=40, [ Capabilities: INTERNET&NOT_RESTRICTED&TRUSTED&NOT_VPN&FOREGROUND Uid: 10066 AdministratorUids: [] RequestorUid: 10066 RequestorPackageName: in.startv.hotstar] ], android.os.BinderProxy@50e82a4)
07-03 16:06:41.597 W/WindowManager( 3835): Cannot find window which accessibility connection is added to
07-03 16:06:41.599 D/ConnectivityService( 3835): releasing NetworkRequest [ TRACK_DEFAULT id=41, [ Capabilities: INTERNET&NOT_RESTRICTED&TRUSTED Uid: 10066 AdministratorUids: [] RequestorUid: 10066 RequestorPackageName: in.startv.hotstar] ] (release request)
07-03 16:06:41.600 W/ActivityManager( 3835): setHasOverlayUi called on unknown pid: 20155
07-03 16:06:42.010 I/UsageStatsService( 3835): User[0] Flushing usage stats to disk
07-03 16:06:43.274 W/[11711.173495@0]- RTW(    0): fill_default_txdesc(wlan0): SP Packet(0x0806) rate=0x4 SeqNum = 3834
07-03 16:06:44.390 E/TaskPersister( 3835): File error accessing recents directory (directory doesn't exist?).
07-03 16:06:48.354 W/[11716.250734@1]- RTW(    0): fill_default_txdesc(wlan0): SP Packet(0x0806) rate=0x4 SeqNum = 3846
07-03 16:06:48.682 W/[11716.580392@1]- RTW(    0): cfg80211_rtw_scan(wlan0)
07-03 16:06:48.682 W/[11716.580402@1]- RTW(    0): cfg80211_rtw_scan (wlan0) : scan deny
07-03 16:06:49.798 W/[11717.694715@0]- RTW(    0): fill_default_txdesc(wlan0): SP Packet(0x0806) rate=0x4 SeqNum = 3858
07-03 16:06:51.806 W/[11719.702784@3]- audit(    0): audit_lost=4591 audit_rate_limit=5 audit_backlog_limit=64
07-03 16:06:51.806 E/[11719.702792@3]- audit(    0): rate limit exceeded
07-03 16:06:52.118 I/UsageStatsService( 3835): User[0] Flushing usage stats to disk
07-03 16:06:53.418 W/[11721.315073@3]- RTW(    0): fill_default_txdesc(wlan0): SP Packet(0x0806) rate=0x4 SeqNum = 3875
07-03 16:06:57.670 W/[11725.566981@2]- RTW(    0): Turbo EDCA =0x431c
07-03 16:06:58.370 W/[11726.268353@2]- RTW(    0): fill_default_txdesc(wlan0): SP Packet(0x0806) rate=0x4 SeqNum = 3906
07-03 16:06:59.686 W/[11727.583421@1]- RTW(    0): Turbo EDCA =0x5ea42b
07-03 16:07:00.042 W/[11727.939909@0]- RTW(    0): fill_default_txdesc(wlan0): SP Packet(0x0806) rate=0x4 SeqNum = 3913
07-03 16:07:01.702 W/[11729.599116@3]- RTW(    0): Turbo EDCA =0x431c
07-03 16:07:02.125 W/ContextImpl( 5441): Calling a method in the system process without a qualified user: android.app.ContextImpl.sendBroadcast:1111 android.content.ContextWrapper.sendBroadcast:468 com.iwedia.tvinput.engine.ChannelManager.disconnectCA:3912 com.iwedia.tvinput.engine.ChannelManager.access$4300:116 com.iwedia.tvinput.engine.ChannelManager$CaReconnectTask.run:2434 
07-03 16:07:02.138 W/ContextImpl( 5940): Calling a method in the system process without a qualified user: android.app.ContextImpl.bindService:1748 android.content.ContextWrapper.bindService:756 com.jio.adc.core.b.d:56 com.jio.adc.core.b.b:13 com.jio.adc.core.b$c.run:7 
07-03 16:07:02.178 W/ContextImpl( 5441): Calling a method in the system process without a qualified user: android.app.ContextImpl.sendBroadcast:1111 android.content.ContextWrapper.sendBroadcast:468 com.iwedia.tvinput.engine.ChannelManager.connectCA:3844 com.iwedia.tvinput.engine.ChannelManager.access$5900:116 com.iwedia.tvinput.engine.ChannelManager$CaMessageHandler.handleMessage:4279 
07-03 16:07:02.422 I/UsageStatsService( 3835): User[0] Flushing usage stats to disk
07-03 16:07:03.624 W/[11731.520736@1]- RTW(    0): fill_default_txdesc(wlan0): SP Packet(0x0806) rate=0x4 SeqNum = 3922
07-03 16:07:03.717 W/[11731.614911@1]- RTW(    0): Turbo EDCA =0x5ea42b
07-03 16:07:08.642 W/[11736.540313@2]- RTW(    0): fill_default_txdesc(wlan0): SP Packet(0x0806) rate=0x4 SeqNum = 3937
07-03 16:07:12.539 I/UsageStatsService( 3835): User[0] Flushing usage stats to disk
07-03 16:07:12.761 W/ContextImpl( 5940): Calling a method in the system process without a qualified user: android.app.ContextImpl.bindService:1748 android.content.ContextWrapper.bindService:756 com.jio.adc.core.b.d:56 com.jio.adc.core.b.b:13 com.jio.adc.core.b$c.run:7 
07-03 16:07:13.774 W/[11741.671404@2]- RTW(    0): fill_default_txdesc(wlan0): SP Packet(0x0806) rate=0x4 SeqNum = 3969
07-03 16:07:17.446 W/[11745.342689@3]- RTW(    0): fill_default_txdesc(wlan0): SP Packet(0x0806) rate=0x4 SeqNum = 3976
07-03 16:07:18.914 W/[11746.812944@3]- RTW(    0): fill_default_txdesc(wlan0): SP Packet(0x0806) rate=0x4 SeqNum = 3983
07-03 16:07:21.862 W/[11749.760051@2]- RTW(    0): Turbo EDCA =0x431c
07-03 16:07:22.649 I/UsageStatsService( 3835): User[0] Flushing usage stats to disk
07-03 16:07:23.878 W/[11751.776179@1]- RTW(    0): Turbo EDCA =0x5ea42b
07-03 16:07:23.950 W/[11751.850523@1]- RTW(    0): fill_default_txdesc(wlan0): SP Packet(0x0806) rate=0x4 SeqNum = 4018
07-03 16:07:28.354 W/[11756.254456@0]- audit(    0): audit_lost=4619 audit_rate_limit=5 audit_backlog_limit=64
07-03 16:07:28.354 E/[11756.254463@0]- audit(    0): rate limit exceeded
07-03 16:07:29.082 W/[11756.979174@0]- RTW(    0): fill_default_txdesc(wlan0): SP Packet(0x0806) rate=0x4 SeqNum = 4072
07-03 16:07:34.170 W/[11762.069099@3]- RTW(    0): fill_default_txdesc(wlan0): SP Packet(0x0806) rate=0x4 SeqNum = 4083
07-03 16:07:35.366 W/[11763.263707@0]- RTW(    0): fill_default_txdesc(wlan0): SP Packet(0x0806) rate=0x4 SeqNum = 4086
07-03 16:07:39.222 W/[11767.122213@1]- RTW(    0): fill_default_txdesc(wlan0): SP Packet(0x0806) rate=0x4 SeqNum = 1
07-03 16:07:40.398 W/[11768.298493@1]- healthd(    0): battery l=100 v=4 t=0.0 h=2 st=2 c=1100 fc=10000000 chg=u
07-03 16:07:44.121 W/[11772.018789@3]- RTW(    0): fill_default_txdesc(wlan0): SP Packet(0x0806) rate=0x4 SeqNum = 13
07-03 16:07:48.070 W/[11775.966915@3]- RTW(    0): Turbo EDCA =0x431c
07-03 16:07:49.410 W/[11777.310233@2]- RTW(    0): fill_default_txdesc(wlan0): SP Packet(0x0806) rate=0x4 SeqNum = 44
07-03 16:07:50.086 W/[11777.982981@0]- RTW(    0): Turbo EDCA =0x5ea42b
07-03 16:07:54.425 W/[11782.324805@0]- RTW(    0): fill_default_txdesc(wlan0): SP Packet(0x0806) rate=0x4 SeqNum = 68
07-03 16:07:58.661 W/[11786.558718@1]- RTW(    0): fill_default_txdesc(wlan0): SP Packet(0x0806) rate=0x4 SeqNum = 77
07-03 16:07:59.480 W/[11787.380690@2]- RTW(    0): fill_default_txdesc(wlan0): SP Packet(0x0806) rate=0x4 SeqNum = 82
07-03 16:08:04.681 W/[11792.581768@3]- RTW(    0): fill_default_txdesc(wlan0): SP Packet(0x0806) rate=0x4 SeqNum = 104
07-03 16:08:05.830 W/[11793.726680@0]- RTW(    0): fill_default_txdesc(wlan0): SP Packet(0x0806) rate=0x4 SeqNum = 108
07-03 16:08:05.926 W/[11793.822788@3]- RTW(    0): fill_default_txdesc(wlan0): SP Packet(0x0806) rate=0x4 SeqNum = 109
07-03 16:08:09.375 W/[11797.273100@3]- RTW(    0): fill_default_txdesc(wlan0): SP Packet(0x0806) rate=0x4 SeqNum = 127
07-03 16:08:12.262 W/[11800.159258@3]- RTW(    0): Turbo EDCA =0x431c
07-03 16:08:14.278 W/[11802.175022@0]- RTW(    0): Turbo EDCA =0x5ea42b
07-03 16:08:14.802 W/[11802.698645@0]- RTW(    0): fill_default_txdesc(wlan0): SP Packet(0x0806) rate=0x4 SeqNum = 159
07-03 16:08:19.758 W/[11807.655623@3]- RTW(    0): fill_default_txdesc(wlan0): SP Packet(0x0806) rate=0x4 SeqNum = 178
07-03 16:08:21.958 W/[11809.854730@2]- RTW(    0): fill_default_txdesc(wlan0): SP Packet(0x0806) rate=0x4 SeqNum = 184
07-03 16:08:24.878 W/[11812.777895@1]- RTW(    0): fill_default_txdesc(wlan0): SP Packet(0x0806) rate=0x4 SeqNum = 192
07-03 16:08:28.106 W/[11816.004550@2]- audit(    0): audit_lost=4620 audit_rate_limit=5 audit_backlog_limit=64
07-03 16:08:28.106 E/[11816.004557@2]- audit(    0): rate limit exceeded
07-03 16:08:29.946 W/[11817.843341@3]- RTW(    0): fill_default_txdesc(wlan0): SP Packet(0x0806) rate=0x4 SeqNum = 227
07-03 16:08:32.426 W/[11820.322642@3]- RTW(    0): rtw_set_ps_mode(wlan0) Enter 802.11 power save - WIFI-TRAFFIC_IDLE
07-03 16:08:35.138 W/[11823.036072@3]- RTW(    0): fill_default_txdesc(wlan0): SP Packet(0x0806) rate=0x4 SeqNum = 236
07-03 16:08:35.138 W/[11823.038272@3]- RTW(    0): rtw_set_ps_mode(wlan0) Leave 802.11 power save - WIFI-LPS_CTRL_RX_TRAFFIC_LEAVE
07-03 16:08:36.454 W/[11824.350971@3]- RTW(    0): Turbo EDCA =0x431c
07-03 16:08:38.470 W/[11826.366968@3]- RTW(    0): Turbo EDCA =0x5ea42b
07-03 16:08:39.118 W/[11827.017994@1]- RTW(    0): fill_default_txdesc(wlan0): SP Packet(0x0806) rate=0x4 SeqNum = 275
07-03 16:08:40.401 W/[11828.298816@1]- healthd(    0): battery l=100 v=4 t=0.0 h=2 st=2 c=1100 fc=10000000 chg=u
07-03 16:08:44.178 W/[11832.077697@3]- RTW(    0): fill_default_txdesc(wlan0): SP Packet(0x0806) rate=0x4 SeqNum = 289
07-03 16:08:46.278 W/[11834.176152@3]- RTW(    0): fill_default_txdesc(wlan0): SP Packet(0x0806) rate=0x4 SeqNum = 294
07-03 16:08:49.234 W/[11837.134536@3]- RTW(    0): fill_default_txdesc(wlan0): SP Packet(0x0806) rate=0x4 SeqNum = 301
07-03 16:08:51.938 W/[11839.837319@1]- audit(    0): audit_lost=4623 audit_rate_limit=5 audit_backlog_limit=64
07-03 16:08:51.938 E/[11839.837327@1]- audit(    0): rate limit exceeded
07-03 16:08:54.302 W/[11842.199370@1]- RTW(    0): fill_default_txdesc(wlan0): SP Packet(0x0806) rate=0x4 SeqNum = 322
07-03 16:08:58.630 W/[11846.526617@1]- RTW(    0): rtw_set_ps_mode(wlan0) Enter 802.11 power save - WIFI-TRAFFIC_IDLE
07-03 16:08:59.207 W/[11847.102927@2]- RTW(    0): fill_default_txdesc(wlan0): SP Packet(0x0806) rate=0x4 SeqNum = 338
07-03 16:08:59.207 W/[11847.105003@2]- RTW(    0): rtw_set_ps_mode(wlan0) Leave 802.11 power save - WIFI-LPS_CTRL_RX_TRAFFIC_LEAVE
07-03 16:09:02.662 W/[11850.559008@2]- RTW(    0): Turbo EDCA =0x431c
07-03 16:09:04.462 W/[11852.361723@0]- RTW(    0): fill_default_txdesc(wlan0): SP Packet(0x0806) rate=0x4 SeqNum = 371
07-03 16:09:04.678 W/[11852.575087@1]- RTW(    0): Turbo EDCA =0x5ea42b
07-03 16:09:09.510 W/[11857.408365@1]- RTW(    0): fill_default_txdesc(wlan0): SP Packet(0x0806) rate=0x4 SeqNum = 385
07-03 16:09:10.600 W/[11858.495719@0]- RTW(    0): fill_default_txdesc(wlan0): SP Packet(0x0806) rate=0x4 SeqNum = 388
07-03 16:09:12.739 W/[11860.638624@1]- RTW(    0): rtw_set_ps_mode(wlan0) Enter 802.11 power save - WIFI-TRAFFIC_IDLE
07-03 16:09:14.662 W/[11862.561024@3]- RTW(    0): fill_default_txdesc(wlan0): SP Packet(0x0806) rate=0x4 SeqNum = 394
07-03 16:09:14.662 W/[11862.562738@0]- RTW(    0): rtw_set_ps_mode(wlan0) Leave 802.11 power save - WIFI-LPS_CTRL_RX_TRAFFIC_LEAVE
07-03 16:09:16.774 W/[11864.670641@0]- RTW(    0): rtw_set_ps_mode(wlan0) Enter 802.11 power save - WIFI-TRAFFIC_IDLE
07-03 16:09:17.226 W/[11865.124126@3]- RTW(    0): rtw_set_ps_mode(wlan0) Leave 802.11 power save - WIFI-LPS_CTRL_RX_TRAFFIC_LEAVE
07-03 16:09:19.682 W/[11867.578714@3]- RTW(    0): fill_default_txdesc(wlan0): SP Packet(0x0806) rate=0x4 SeqNum = 418
07-03 16:09:22.822 W/[11870.718639@1]- RTW(    0): rtw_set_ps_mode(wlan0) Enter 802.11 power save - WIFI-TRAFFIC_IDLE
07-03 16:09:24.401 W/[11872.292324@1]s RTW(    0): fill_default_txdesc(wlan0): SP Packet(0x0806) rate=0x4 SeqNum = 429
07-03 16:09:24.401 W/[11872.293202@3]- RTW(    0): rtw_set_ps_mode(wlan0) Leave 802.11 power save - WIFI-LPS_CTRL_RX_TRAFFIC_LEAVE
07-03 16:09:26.856 W/[11874.754930@3]- RTW(    0): Turbo EDCA =0x431c
07-03 16:09:28.110 W/[11876.007493@2]- audit(    0): audit_lost=4651 audit_rate_limit=5 audit_backlog_limit=64
07-03 16:09:28.110 E/[11876.007501@2]- audit(    0): rate limit exceeded
07-03 16:09:28.751 W/[11876.648093@1]- RTW(    0): cfg80211_rtw_scan(wlan0)
07-03 16:09:28.751 W/[11876.648110@1]- RTW(    0): WARN cfg80211_rtw_scan (wlan0) : scan abort!! BusyTraffic
07-03 16:09:28.870 W/[11876.766942@2]- RTW(    0): Turbo EDCA =0x5ea42b
07-03 16:09:29.682 W/[11877.581406@0]- RTW(    0): fill_default_txdesc(wlan0): SP Packet(0x0806) rate=0x4 SeqNum = 494
