07-03 10:38:17.444 W/ContextImpl( 3842): Calling a method in the system process without a qualified user: android.app.ContextImpl.sendBroadcast:1111 com.android.server.inputmethod.InputMethodManagerService.sendSoftInputVisibilityBroadcast:3258 com.android.server.inputmethod.InputMethodManagerService.hideCurrentInputLocked:3330 com.android.server.inputmethod.InputMethodManagerService.hideSoftInput:3290 com.android.internal.view.IInputMethodManager$Stub.onTransact:325 
07-03 10:38:17.445 D/InputMethodManagerService( 3842): Top Package Name: in.startv.hotstar
07-03 10:38:17.448 W/ContextImpl( 3842): Calling a method in the system process without a qualified user: android.app.ContextImpl.sendBroadcast:1111 com.android.server.inputmethod.InputMethodManagerService.sendSoftInputVisibilityBroadcast:3258 com.android.server.inputmethod.InputMethodManagerService.showCurrentInputLocked:3231 com.android.server.inputmethod.InputMethodManagerService.showMySoftInput:4198 com.android.server.inputmethod.InputMethodManagerService.access$4100:189 
07-03 10:38:17.460 D/INSETS  ( 3842): else - Package Name ::  left : 0 right :: 0 top :: 0 bottom :: 0 dfu-right :: 1920 dfu-bottom :: 1080
07-03 10:38:17.470 W/ContextImpl( 3842): Calling a method in the system process without a qualified user: android.app.ContextImpl.sendBroadcast:1111 com.android.server.inputmethod.InputMethodManagerService.sendSoftInputVisibilityBroadcast:3258 com.android.server.inputmethod.InputMethodManagerService.hideCurrentInputLocked:3330 com.android.server.inputmethod.InputMethodManagerService.hideSoftInput:3290 com.android.internal.view.IInputMethodManager$Stub.onTransact:325 
07-03 10:38:17.517 D/InputMethodManagerService( 3842): Top Package Name: in.startv.hotstar
07-03 10:38:17.520 W/ContextImpl( 3842): Calling a method in the system process without a qualified user: android.app.ContextImpl.sendBroadcast:1111 com.android.server.inputmethod.InputMethodManagerService.sendSoftInputVisibilityBroadcast:3258 com.android.server.inputmethod.InputMethodManagerService.showCurrentInputLocked:3231 com.android.server.inputmethod.InputMethodManagerService.showMySoftInput:4198 com.android.server.inputmethod.InputMethodManagerService.access$4100:189 
07-03 10:38:17.563 D/INSETS  ( 3842): else - Package Name ::  left : 0 right :: 0 top :: 0 bottom :: 0 dfu-right :: 1920 dfu-bottom :: 1080
07-03 10:38:17.609 I/chatty  ( 3842): uid=1000(system) Binder:3842_C identical 1 line
07-03 10:38:17.610 D/INSETS  ( 3842): else - Package Name ::  left : 0 right :: 0 top :: 0 bottom :: 0 dfu-right :: 1920 dfu-bottom :: 1080
07-03 10:38:17.625 D/INSETS  ( 3842): else - Package Name ::  left : 0 right :: 0 top :: 0 bottom :: 0 dfu-right :: 1920 dfu-bottom :: 1080
07-03 10:38:17.625 D/INSETS  ( 3842): else - Package Name ::  left : 0 right :: 0 top :: 0 bottom :: 0 dfu-right :: 1920 dfu-bottom :: 1080
07-03 10:38:17.645 D/InputMethodManagerService( 3842): Top Package Name: in.startv.hotstar
07-03 10:38:17.646 W/ContextImpl( 3842): Calling a method in the system process without a qualified user: android.app.ContextImpl.sendBroadcast:1111 com.android.server.inputmethod.InputMethodManagerService.sendSoftInputVisibilityBroadcast:3258 com.android.server.inputmethod.InputMethodManagerService.showCurrentInputLocked:3231 com.android.server.inputmethod.InputMethodManagerService.showMySoftInput:4198 com.android.server.inputmethod.InputMethodManagerService.access$4100:189 
07-03 10:38:17.653 W/NotificationHistory( 3842): Attempted to add notif for locked/gone/disabled user 0
07-03 10:38:17.785 D/INSETS  ( 3842): else - Package Name ::  left : 0 right :: 0 top :: 0 bottom :: 0 dfu-right :: 1920 dfu-bottom :: 1080
07-03 10:38:17.786 D/INSETS  ( 3842): else - Package Name ::  left : 0 right :: 0 top :: 0 bottom :: 0 dfu-right :: 1920 dfu-bottom :: 1080
07-03 10:38:17.844 D/InputMethodManagerService( 3842): Top Package Name: in.startv.hotstar
07-03 10:38:17.844 W/ContextImpl( 3842): Calling a method in the system process without a qualified user: android.app.ContextImpl.sendBroadcast:1111 com.android.server.inputmethod.InputMethodManagerService.sendSoftInputVisibilityBroadcast:3258 com.android.server.inputmethod.InputMethodManagerService.showCurrentInputLocked:3231 com.android.server.inputmethod.InputMethodManagerService.attachNewInputLocked:2397 com.android.server.inputmethod.InputMethodManagerService.startInputUncheckedLocked:2503 
07-03 10:38:17.935 D/InputMethodManagerService( 3842): Top Package Name: in.startv.hotstar
07-03 10:38:17.936 W/ContextImpl( 3842): Calling a method in the system process without a qualified user: android.app.ContextImpl.sendBroadcast:1111 com.android.server.inputmethod.InputMethodManagerService.sendSoftInputVisibilityBroadcast:3258 com.android.server.inputmethod.InputMethodManagerService.showCurrentInputLocked:3231 com.android.server.inputmethod.InputMethodManagerService.showMySoftInput:4198 com.android.server.inputmethod.InputMethodManagerService.access$4100:189 
07-03 10:38:17.969 D/InputMethodManagerService( 3842): Top Package Name: in.startv.hotstar
07-03 10:38:17.969 W/ContextImpl( 3842): Calling a method in the system process without a qualified user: android.app.ContextImpl.sendBroadcast:1111 com.android.server.inputmethod.InputMethodManagerService.sendSoftInputVisibilityBroadcast:3258 com.android.server.inputmethod.InputMethodManagerService.showCurrentInputLocked:3231 com.android.server.inputmethod.InputMethodManagerService.showMySoftInput:4198 com.android.server.inputmethod.InputMethodManagerService.access$4100:189 
07-03 10:38:17.992 D/INSETS  ( 3842): else - Package Name ::  left : 0 right :: 0 top :: 0 bottom :: 0 dfu-right :: 1920 dfu-bottom :: 1080
07-03 10:38:18.013 I/chatty  ( 3842): uid=1000(system) android.display identical 4 lines
07-03 10:38:18.014 D/INSETS  ( 3842): else - Package Name ::  left : 0 right :: 0 top :: 0 bottom :: 0 dfu-right :: 1920 dfu-bottom :: 1080
07-03 10:38:18.032 D/InputMethodManagerService( 3842): Top Package Name: in.startv.hotstar
07-03 10:38:18.032 W/ContextImpl( 3842): Calling a method in the system process without a qualified user: android.app.ContextImpl.sendBroadcast:1111 com.android.server.inputmethod.InputMethodManagerService.sendSoftInputVisibilityBroadcast:3258 com.android.server.inputmethod.InputMethodManagerService.showCurrentInputLocked:3231 com.android.server.inputmethod.InputMethodManagerService.showMySoftInput:4198 com.android.server.inputmethod.InputMethodManagerService.access$4100:189 
07-03 10:38:18.070 D/INSETS  ( 3842): else - Package Name ::  left : 0 right :: 0 top :: 0 bottom :: 0 dfu-right :: 1920 dfu-bottom :: 1080
07-03 10:38:18.070 D/INSETS  ( 3842): else - Package Name ::  left : 0 right :: 0 top :: 0 bottom :: 0 dfu-right :: 1920 dfu-bottom :: 1080
07-03 10:38:18.101 D/INSETS  ( 3842): else - Package Name ::  left : 0 right :: 0 top :: 0 bottom :: 0 dfu-right :: 1920 dfu-bottom :: 1080
07-03 10:38:18.102 D/INSETS  ( 3842): else - Package Name ::  left : 0 right :: 0 top :: 0 bottom :: 0 dfu-right :: 1920 dfu-bottom :: 1080
07-03 10:38:18.120 W/ContextImpl( 3842): Calling a method in the system process without a qualified user: android.app.ContextImpl.sendBroadcast:1111 com.android.server.inputmethod.InputMethodManagerService.sendSoftInputVisibilityBroadcast:3258 com.android.server.inputmethod.InputMethodManagerService.hideCurrentInputLocked:3330 com.android.server.inputmethod.InputMethodManagerService.hideMySoftInput:4180 com.android.server.inputmethod.InputMethodManagerService.access$4000:189 
07-03 10:38:18.147 W/NotificationHistory( 3842): Attempted to add notif for locked/gone/disabled user 0
07-03 10:38:18.186 D/INSETS  ( 3842): else - Package Name ::  left : 0 right :: 0 top :: 0 bottom :: 0 dfu-right :: 1920 dfu-bottom :: 1080
07-03 10:38:18.186 D/INSETS  ( 3842): else - Package Name ::  left : 0 right :: 0 top :: 0 bottom :: 0 dfu-right :: 1920 dfu-bottom :: 1080
07-03 10:38:18.211 D/INSETS  ( 3842): else - Package Name ::  left : 0 right :: 0 top :: 0 bottom :: 0 dfu-right :: 1920 dfu-bottom :: 1080
07-03 10:38:18.212 D/INSETS  ( 3842): else - Package Name ::  left : 0 right :: 0 top :: 0 bottom :: 0 dfu-right :: 1920 dfu-bottom :: 1080
07-03 10:38:18.240 W/NotificationHistory( 3842): Attempted to add notif for locked/gone/disabled user 0
07-03 10:38:18.447 D/INSETS  ( 3842): else - Package Name ::  left : 0 right :: 0 top :: 0 bottom :: 0 dfu-right :: 1920 dfu-bottom :: 1080
07-03 10:38:19.980 I/chatty  ( 3842): uid=1000(system) Binder:3842_9 identical 1 line
07-03 10:38:21.166 D/INSETS  ( 3842): else - Package Name ::  left : 0 right :: 0 top :: 0 bottom :: 0 dfu-right :: 1920 dfu-bottom :: 1080
07-03 10:38:21.356 I/UsageStatsService( 3842): User[0] Flushing usage stats to disk
07-03 10:38:21.635 D/INSETS  ( 3842): else - Package Name ::  left : 0 right :: 0 top :: 0 bottom :: 0 dfu-right :: 1920 dfu-bottom :: 1080
07-03 10:38:31.463 I/UsageStatsService( 3842): User[0] Flushing usage stats to disk
--------- beginning of kernel
07-03 10:38:33.024 I/[  390.952409@1]- vc(    0): [0]sideband_type =-1
07-03 10:38:34.067 W/[  391.993874@3]- RTW(    0): Turbo EDCA =0x431c
07-03 10:38:34.600 W/[  392.525631@3]- RTW(    0): cfg80211_rtw_scan(wlan0)
07-03 10:38:34.600 W/[  392.525643@3]- RTW(    0): WARN cfg80211_rtw_scan (wlan0) : scan abort!! BusyTraffic
07-03 10:38:36.199 W/[  394.128901@2]- RTW(    0): fill_default_txdesc(wlan0): SP Packet(0x0806) rate=0x4 SeqNum = 1835
07-03 10:38:36.542 W/ContextImpl( 4897): Calling a method in the system process without a qualified user: android.app.ContextImpl.sendBroadcast:1126 android.content.ContextWrapper.sendBroadcast:473 insight.tr069.client.tr181.Device.JioSTB.ACS.onSetACSError:37 insight.tr069.client.TR069ClientService.makeErrorMessage:813 insight.tr069.client.TR069ClientService.insertNewMessage:829 
07-03 10:38:36.546 W/ContextImpl( 4897): Calling a method in the system process without a qualified user: android.app.ContextImpl.sendBroadcast:1126 android.content.ContextWrapper.sendBroadcast:473 insight.tr069.client.tr181.Device.JioSTB.ACS.onSetACSError:37 insight.tr069.client.TR069ClientService.makeErrorMessage:813 insight.tr069.client.TR069ClientService.insertNewMessage:829 
07-03 10:38:36.549 W/ContextImpl( 4897): Calling a method in the system process without a qualified user: android.app.ContextImpl.sendBroadcast:1126 android.content.ContextWrapper.sendBroadcast:473 insight.tr069.client.tr181.Device.JioSTB.ACS.onSetACSError:37 insight.tr069.client.TR069ClientService.makeErrorMessage:813 insight.tr069.client.TR069ClientService.insertNewMessage:829 
07-03 10:38:36.560 W/ContextImpl( 5812): Calling a method in the system process without a qualified user: android.app.ContextImpl.bindService:1748 android.content.ContextWrapper.bindService:756 com.jio.adc.core.b.d:56 com.jio.adc.core.b.b:13 com.jio.adc.core.b$c.run:7 
07-03 10:38:36.628 W/[  394.553811@3]- RTW(    0): fill_default_txdesc(wlan0): SP Packet(0x0806) rate=0x4 SeqNum = 1851
07-03 10:38:38.099 W/[  396.025892@2]- RTW(    0): Turbo EDCA =0x5ea42b
07-03 10:38:40.114 W/[  398.041967@2]- RTW(    0): Turbo EDCA =0x431c
07-03 10:38:41.331 W/[  399.258953@3]- RTW(    0): fill_default_txdesc(wlan0): SP Packet(0x0806) rate=0x4 SeqNum = 2383
07-03 10:38:41.548 I/UsageStatsService( 3842): User[0] Flushing usage stats to disk
07-03 10:38:42.131 W/[  400.057873@3]- RTW(    0): Turbo EDCA =0x5ea42b
07-03 10:38:42.584 I/        (    0): [  400.512490@2]- is_reset=1
07-03 10:38:42.584 I/[  400.513041@2]- vframe_rate_uevent(    0): sent uevent FRAME_RATE_HINT=0
07-03 10:38:42.587 I/[  400.514764@2]- dim(    0): ch[1]:di_receiver_event_fun,1:_UNREG
07-03 10:38:42.588 E/[  400.514825@2]- unreg(    0): v4lvideo
07-03 10:38:42.588 I/[  400.514894@0]- dim(    0): unreg:2keep[0], msk:[0x0,0x0]
07-03 10:38:42.603 I/[  400.526265@1]- dim(    0): unreg:use[12]ms
07-03 10:38:42.603 D/        (    0): [  400.526297@1]- vdec_disable_DMC input->target= 0x1
07-03 10:38:42.603 D/        (    0): [  400.527120@1]- vdec_release instance 00000000aff55143, total 1 id = 0
07-03 10:38:42.603 D/        (    0): [  400.527181@1]- the clk_hevc_mux    clock off, ref cnt: 0
07-03 10:38:42.603 D/        (    0): [  400.527187@1]- the clk_hevcb_mux   clock off, ref cnt: 0
07-03 10:38:42.603 D/        (    0): [  400.527196@1]- the vdec            clock off, ref cnt: 0
07-03 10:38:42.603 D/        (    0): [  400.527200@1]- the parser_top      clock off, ref cnt: 1
07-03 10:38:42.603 D/        (    0): [  400.527203@1]- the demux           clock off, ref cnt: 1
07-03 10:38:42.603 D/        (    0): [  400.527312@1]- the demux           clock on, ref cnt: 2
07-03 10:38:42.603 D/        (    0): [  400.527317@1]- the parser_top      clock on, ref cnt: 2
07-03 10:38:42.603 D/        (    0): [  400.527323@1]- the vdec            clock on, ref cnt: 1
07-03 10:38:42.603 D/        (    0): [  400.527341@1]- the clk_hevc_mux    clock on, ref cnt: 1
07-03 10:38:42.603 D/        (    0): [  400.527346@1]- the clk_hevcb_mux   clock on, ref cnt: 1
07-03 10:38:42.603 D/        (    0): [  400.527376@1]- hevc mux clock is 499999992 Hz
07-03 10:38:42.603 D/        (    0): [  400.527391@1]- hevc back mux clock is 499999992 Hz
07-03 10:38:42.603 D/        (    0): [  400.527609@1]- vdec_create instance 000000001ffb67a9, total 1, PM: legacy
07-03 10:38:42.603 D/        (    0): [  400.527652@1]- set drmmode
07-03 10:38:42.603 I/        (    0): [  400.527690@1]- is_reset=1
07-03 10:38:42.603 I/        (    0): [  400.527715@1]- vdec_init, dev_name:ammvdec_h265, vdec_type=VDEC_TYPE_FRAME_BLOCK  id = 0
07-03 10:38:42.603 D/[  400.528284@1]- [0]pdata->config=hevc_buf_width(    0): 1920;hevc_buf_height:1088;hevc_buf_margin:0;hevc_double_write_mode:3;save_buffer_mode:0;
07-03 10:38:42.603 D/        (    0): [  400.528325@1]- decoder_bmmu_box_alloc_box, tvp_flags = 4
07-03 10:38:42.603 D/        (    0): [  400.528342@1]- [0]dynamic_buf_num_margin=9
07-03 10:38:42.603 D/        (    0): [  400.528346@1]- [0]double_write_mode=3
07-03 10:38:42.603 D/[  400.528353@1]- [0]h265(    0): pts_unstable=0
07-03 10:38:42.603 D/[  400.528359@1]- [0]h265(    0): ver (201602101,0) decinfo: 0x0 rate=3600
07-03 10:38:42.604 I/        (    0): [  400.533548@2]- [TEE], the fw (hevc_mmu) will be loaded.
07-03 10:38:42.604 D/        (    0): [  400.533596@2]- hevc mux clock is 666666656 Hz
07-03 10:38:42.604 D/        (    0): [  400.533611@2]- hevc back mux clock is 666666656 Hz
07-03 10:38:42.604 D/        (    0): [  400.533617@2]- hevc video changed to 3840 x 2160 60 fps clk->667MHZ
07-03 10:38:42.604 D/        (    0): [  400.533657@2]- vfm map vdec-map-0 created
07-03 10:38:42.604 I/[  400.533677@2]- dim(    0): ch[1]:di_receiver_event_fun,8:_REG
07-03 10:38:42.604 I/[  400.533681@2]- dim(    0): reg:vdec.h265.00[22]
07-03 10:38:42.604 I/[  400.534231@2]- dim(    0): reg:use[1]ms
07-03 10:38:42.604 E/[  400.534256@2]- reg(    0): v4lvideo
07-03 10:38:42.604 I/[  400.534264@2]- dim(    0): ch[1]:di_receiver_event_fun,3:_START
07-03 10:38:42.604 D/        (    0): [  400.534269@2]- vdec_init, vf_provider_name = vdec.h265.00, b 0
07-03 10:38:42.605 I/        (    0): [  400.534285@2]- vdec->port_flag=0x182, port_flag=0x18b
07-03 10:38:42.605 I/        (    0): [  400.534370@2]- is_reset=0
07-03 10:38:42.666 I/        (    0): [  400.572899@0]- is_reset=1
07-03 10:38:42.672 I/[  400.573199@0]- vframe_rate_uevent(    0): sent uevent FRAME_RATE_HINT=0
07-03 10:38:42.672 I/[  400.573469@0]- dim(    0): ch[1]:di_receiver_event_fun,1:_UNREG
07-03 10:38:42.672 E/[  400.573483@0]- unreg(    0): v4lvideo
07-03 10:38:42.672 I/[  400.573657@0]- dim(    0): unreg:use[0]ms
07-03 10:38:42.672 D/        (    0): [  400.573679@0]- vdec_disable_DMC input->target= 0x1
07-03 10:38:42.672 D/        (    0): [  400.574048@2]- vdec_release instance 000000001ffb67a9, total 1 id = 0
07-03 10:38:42.672 D/        (    0): [  400.574092@2]- the clk_hevc_mux    clock off, ref cnt: 0
07-03 10:38:42.672 D/        (    0): [  400.574098@2]- the clk_hevcb_mux   clock off, ref cnt: 0
07-03 10:38:42.672 D/        (    0): [  400.574106@2]- the vdec            clock off, ref cnt: 0
07-03 10:38:42.672 D/        (    0): [  400.574110@2]- the parser_top      clock off, ref cnt: 1
07-03 10:38:42.673 D/        (    0): [  400.574114@2]- the demux           clock off, ref cnt: 1
07-03 10:38:42.673 D/        (    0): [  400.574170@2]- the demux           clock on, ref cnt: 2
07-03 10:38:42.673 D/        (    0): [  400.574174@2]- the parser_top      clock on, ref cnt: 2
07-03 10:38:42.673 D/        (    0): [  400.574180@2]- the vdec            clock on, ref cnt: 1
07-03 10:38:42.673 D/        (    0): [  400.574199@2]- the clk_hevc_mux    clock on, ref cnt: 1
07-03 10:38:42.673 D/        (    0): [  400.574203@2]- the clk_hevcb_mux   clock on, ref cnt: 1
07-03 10:38:42.673 D/        (    0): [  400.574234@2]- hevc mux clock is 499999992 Hz
07-03 10:38:42.673 D/        (    0): [  400.574249@2]- hevc back mux clock is 499999992 Hz
07-03 10:38:42.673 D/        (    0): [  400.574450@2]- vdec_create instance 0000000082bcccec, total 1, PM: legacy
07-03 10:38:42.673 D/        (    0): [  400.574492@2]- set drmmode
07-03 10:38:42.673 I/        (    0): [  400.574530@2]- is_reset=1
07-03 10:38:42.673 I/        (    0): [  400.574554@2]- vdec_init, dev_name:ammvdec_h265, vdec_type=VDEC_TYPE_FRAME_BLOCK  id = 0
07-03 10:38:42.673 D/[  400.575162@2]- [0]pdata->config=hevc_buf_width(    0): 1920;hevc_buf_height:1088;hevc_buf_margin:0;hevc_double_write_mode:3;save_buffer_mode:0;
07-03 10:38:42.673 D/        (    0): [  400.575220@2]- decoder_bmmu_box_alloc_box, tvp_flags = 4
07-03 10:38:42.673 D/        (    0): [  400.575238@2]- [0]dynamic_buf_num_margin=9
07-03 10:38:42.673 D/        (    0): [  400.575242@2]- [0]double_write_mode=3
07-03 10:38:42.673 D/[  400.575250@2]- [0]h265(    0): pts_unstable=0
07-03 10:38:42.673 D/[  400.575255@2]- [0]h265(    0): ver (201602101,0) decinfo: 0x0 rate=3600
07-03 10:38:42.673 I/        (    0): [  400.577114@0]- [TEE], the fw (hevc_mmu) will be loaded.
07-03 10:38:42.673 D/        (    0): [  400.577161@0]- hevc mux clock is 666666656 Hz
07-03 10:38:42.673 D/        (    0): [  400.577177@0]- hevc back mux clock is 666666656 Hz
07-03 10:38:42.673 D/        (    0): [  400.577182@0]- hevc video changed to 3840 x 2160 60 fps clk->667MHZ
07-03 10:38:42.673 D/        (    0): [  400.577230@0]- vfm map vdec-map-0 created
07-03 10:38:42.673 I/[  400.577250@0]- dim(    0): ch[1]:di_receiver_event_fun,8:_REG
07-03 10:38:42.673 I/[  400.577255@0]- dim(    0): reg:vdec.h265.00[23]
07-03 10:38:42.673 I/[  400.577352@0]- dim(    0): reg:use[0]ms
07-03 10:38:42.673 E/[  400.577368@0]- reg(    0): v4lvideo
07-03 10:38:42.673 I/[  400.577374@0]- dim(    0): ch[1]:di_receiver_event_fun,3:_START
07-03 10:38:42.673 D/        (    0): [  400.577378@0]- vdec_init, vf_provider_name = vdec.h265.00, b 0
07-03 10:38:42.673 I/        (    0): [  400.577393@0]- vdec->port_flag=0x182, port_flag=0x18b
07-03 10:38:42.673 I/        (    0): [  400.577550@0]- is_reset=0
07-03 10:38:42.797 D/        (    0): [  400.727093@0]- [0]vh265 cached=8192  need_size=6144 speed= 152 ms
07-03 10:38:42.800 D/        (    0): [  400.727734@1]- [0]hevc->performance_profile 0
07-03 10:38:42.800 D/        (    0): [  400.727754@1]- [0]set pic_list_init_flag 1
07-03 10:38:42.800 D/        (    0): [  400.728947@0]- [0]init_buf_spec2 1280 720
07-03 10:38:42.800 D/        (    0): [  400.728955@0]- [0]set pic_list_init_flag to 2
07-03 10:38:42.800 D/        (    0): [  400.729003@1]- [0]set pic_list_init_flag to 3
07-03 10:38:42.800 D/        (    0): [  400.729008@1]- [vdec_kpi][vh265_isr_thread_fn] First I frame coming.
07-03 10:38:42.806 D/[  400.730386@1]- [0]VH265(    0): output first frame
07-03 10:38:42.824 D/        (    0): [  400.730410@1]- [vdec_kpi][post_video_frame] First I frame decoded.
07-03 10:38:42.824 I/[  400.730488@0]- dim(    0): value reg:ch[1]:fix_buf:0;ponly <0,0>
07-03 10:38:42.824 I/[  400.730505@0]- dim(    0): 320x180-0x509000.
07-03 10:38:42.824 I/[  400.732304@3]- v4lvideo(    0): provider name: vdec.h265.00
07-03 10:38:42.843 D/        (    0): [  400.770255@1]- cal_dur_from_pts vstatus 4000 dur3750 -> 4000, revised 4000
07-03 10:38:42.851 I/[  400.774441@1]- vframe_rate_uevent(    0): sent uevent FRAME_RATE_HINT=4000
07-03 10:38:42.912 I/        (    0): [  400.838338@0]- protect tvp 0 5 ret 0
07-03 10:38:42.912 I/        (    0): [  400.838362@0]- protect tvp 1 6 ret 0 5a140000 2800000
07-03 10:38:44.147 W/[  402.073984@0]- RTW(    0): Turbo EDCA =0x431c
07-03 10:38:46.179 W/[  404.108009@1]- RTW(    0): fill_default_txdesc(wlan0): SP Packet(0x0806) rate=0x4 SeqNum = 3460
07-03 10:38:48.184 W/[  406.109888@0]- RTW(    0): Turbo EDCA =0x5ea42b
07-03 10:38:50.195 W/[  408.121882@3]- RTW(    0): Turbo EDCA =0x431c
07-03 10:38:51.090 W/[  409.018691@3]- RTW(    0): fill_default_txdesc(wlan0): SP Packet(0x0806) rate=0x4 SeqNum = 3913
07-03 10:38:52.211 W/[  410.139989@0]- RTW(    0): Turbo EDCA =0x5ea42b
07-03 10:38:54.226 W/[  412.154067@3]- RTW(    0): Turbo EDCA =0x431c
07-03 10:38:56.247 W/[  414.174135@0]- RTW(    0): Turbo EDCA =0x5ea42b
07-03 10:38:56.709 W/[  414.638039@2]- RTW(    0): fill_default_txdesc(wlan0): SP Packet(0x0806) rate=0x4 SeqNum = 367
07-03 10:38:57.691 W/[  415.617952@0]- audit(    0): audit_lost=668 audit_rate_limit=5 audit_backlog_limit=64
07-03 10:38:57.692 E/[  415.617960@0]- audit(    0): rate limit exceeded
07-03 10:38:58.129 W/[  416.057645@2]- RTW(    0): fill_default_txdesc(wlan0): SP Packet(0x0806) rate=0x4 SeqNum = 508
07-03 10:38:58.259 W/[  416.185916@1]- RTW(    0): Turbo EDCA =0x431c
07-03 10:39:00.275 W/[  418.201882@0]- RTW(    0): Turbo EDCA =0x5ea42b
07-03 10:39:01.839 W/[  419.768185@3]- RTW(    0): fill_default_txdesc(wlan0): SP Packet(0x0806) rate=0x4 SeqNum = 1104
07-03 10:39:02.289 W/[  420.217949@0]- RTW(    0): Turbo EDCA =0x431c
07-03 10:39:04.305 W/[  422.234047@1]- RTW(    0): Turbo EDCA =0x5ea42b
07-03 10:39:06.323 W/[  424.250051@0]- RTW(    0): Turbo EDCA =0x431c
07-03 10:39:06.595 W/[  424.522933@1]- RTW(    0): fill_default_txdesc(wlan0): SP Packet(0x0806) rate=0x4 SeqNum = 1665
07-03 10:39:08.342 W/[  426.269851@1]- RTW(    0): Turbo EDCA =0x5ea42b
07-03 10:39:09.905 W/[  427.833651@0]- RTW(    0): fill_default_txdesc(wlan0): SP Packet(0x0806) rate=0x4 SeqNum = 2021
07-03 10:39:10.331 W/[  428.261088@3]- healthd(    0): battery l=100 v=4 t=0.0 h=2 st=2 c=1100 fc=10000000 chg=u
07-03 10:39:10.355 W/[  428.281921@3]- RTW(    0): Turbo EDCA =0x431c
07-03 10:39:11.159 W/[  429.087650@1]- RTW(    0): fill_default_txdesc(wlan0): SP Packet(0x0806) rate=0x4 SeqNum = 2128
07-03 10:39:12.325 W/[  430.250055@2]- audit(    0): audit_lost=670 audit_rate_limit=5 audit_backlog_limit=64
07-03 10:39:12.325 E/[  430.250062@2]- audit(    0): rate limit exceeded
07-03 10:39:12.371 W/[  430.297894@1]- RTW(    0): Turbo EDCA =0x5ea42b
07-03 10:39:14.387 W/[  432.314083@3]- RTW(    0): Turbo EDCA =0x431c
07-03 10:39:16.291 W/[  434.218371@0]- RTW(    0): fill_default_txdesc(wlan0): SP Packet(0x0806) rate=0x4 SeqNum = 2599
07-03 10:39:16.402 W/[  434.329854@1]- RTW(    0): Turbo EDCA =0x5ea42b
07-03 10:39:18.419 W/[  436.345876@2]- RTW(    0): Turbo EDCA =0x431c
07-03 10:39:20.435 W/[  438.361868@1]- RTW(    0): Turbo EDCA =0x5ea42b
07-03 10:39:21.391 W/[  439.318198@0]- RTW(    0): fill_default_txdesc(wlan0): SP Packet(0x0806) rate=0x4 SeqNum = 3078
07-03 10:39:22.451 W/[  440.377935@1]- RTW(    0): Turbo EDCA =0x431c
07-03 10:39:24.467 W/[  442.393923@2]- RTW(    0): Turbo EDCA =0x5ea42b
07-03 10:39:11.816 I/chatty  ( 3842): uid=1000(system) android.bg identical 3 lines
07-03 10:39:21.901 I/UsageStatsService( 3842): User[0] Flushing usage stats to disk
07-03 10:39:24.903 D/AutofillManagerService( 3842): onBackKeyPressed()
07-03 10:39:24.955 I/        (    0): [  442.884159@0]- is_reset=1
07-03 10:39:24.956 I/[  442.884565@0]- vframe_rate_uevent(    0): sent uevent FRAME_RATE_HINT=0
07-03 10:39:24.956 I/[  442.885336@3]- dim(    0): ch[1]:di_receiver_event_fun,1:_UNREG
07-03 10:39:24.956 E/[  442.885403@3]- unreg(    0): v4lvideo
07-03 10:39:24.956 I/[  442.885470@1]- dim(    0): unreg:2keep[0], msk:[0x0,0x0]
07-03 10:39:24.968 I/[  442.897254@1]- dim(    0): unreg:use[12]ms
07-03 10:39:24.968 D/        (    0): [  442.897288@1]- vdec_disable_DMC input->target= 0x1
07-03 10:39:24.974 D/        (    0): [  442.898684@1]- vdec_release instance 0000000082bcccec, total 1 id = 0
07-03 10:39:24.975 D/        (    0): [  442.898756@1]- the clk_hevc_mux    clock off, ref cnt: 0
07-03 10:39:24.982 D/        (    0): [  442.898762@1]- the clk_hevcb_mux   clock off, ref cnt: 0
07-03 10:39:25.008 D/        (    0): [  442.898771@1]- the vdec            clock off, ref cnt: 0
07-03 10:39:25.008 D/        (    0): [  442.898775@1]- the parser_top      clock off, ref cnt: 1
07-03 10:39:25.008 D/        (    0): [  442.898779@1]- the demux           clock off, ref cnt: 1
07-03 10:39:25.008 D/        (    0): [  442.898888@1]- the demux           clock on, ref cnt: 2
07-03 10:39:25.008 D/        (    0): [  442.898894@1]- the parser_top      clock on, ref cnt: 2
07-03 10:39:25.008 D/        (    0): [  442.898901@1]- the vdec            clock on, ref cnt: 1
07-03 10:39:25.008 D/        (    0): [  442.898920@1]- the clk_hevc_mux    clock on, ref cnt: 1
07-03 10:39:25.008 D/        (    0): [  442.898924@1]- the clk_hevcb_mux   clock on, ref cnt: 1
07-03 10:39:25.008 D/        (    0): [  442.898956@1]- hevc mux clock is 499999992 Hz
07-03 10:39:25.008 D/        (    0): [  442.898972@1]- hevc back mux clock is 499999992 Hz
07-03 10:39:25.008 D/        (    0): [  442.899098@1]- vdec_create instance 0000000072cbe348, total 1, PM: legacy
07-03 10:39:25.008 D/        (    0): [  442.899136@1]- set drmmode
07-03 10:39:25.008 I/        (    0): [  442.899189@1]- is_reset=1
07-03 10:39:25.008 I/        (    0): [  442.899215@1]- vdec_init, dev_name:ammvdec_h265, vdec_type=VDEC_TYPE_FRAME_BLOCK  id = 0
07-03 10:39:25.014 D/[  442.899876@1]- [0]pdata->config=hevc_buf_width(    0): 1920;hevc_buf_height:1088;hevc_buf_margin:0;hevc_double_write_mode:3;save_buffer_mode:0;
07-03 10:39:25.014 D/        (    0): [  442.899919@1]- decoder_bmmu_box_alloc_box, tvp_flags = 4
07-03 10:39:25.014 D/        (    0): [  442.899936@1]- [0]dynamic_buf_num_margin=9
07-03 10:39:25.014 D/        (    0): [  442.899940@1]- [0]double_write_mode=3
07-03 10:39:25.014 D/[  442.899947@1]- [0]h265(    0): pts_unstable=0
07-03 10:39:25.014 D/[  442.899953@1]- [0]h265(    0): ver (201602101,0) decinfo: 0x0 rate=3600
07-03 10:39:25.014 I/        (    0): [  442.901887@0]- [TEE], the fw (hevc_mmu) will be loaded.
07-03 10:39:25.014 D/        (    0): [  442.901936@0]- hevc mux clock is 666666656 Hz
07-03 10:39:25.014 D/        (    0): [  442.901951@0]- hevc back mux clock is 666666656 Hz
07-03 10:39:25.014 D/        (    0): [  442.901957@0]- hevc video changed to 3840 x 2160 60 fps clk->667MHZ
07-03 10:39:25.014 D/        (    0): [  442.901995@0]- vfm map vdec-map-0 created
07-03 10:39:25.014 I/[  442.902015@0]- dim(    0): ch[1]:di_receiver_event_fun,8:_REG
07-03 10:39:25.014 I/[  442.902020@0]- dim(    0): reg:vdec.h265.00[24]
07-03 10:39:25.016 I/[  442.902610@1]- dim(    0): reg:use[0]ms
07-03 10:39:25.016 E/[  442.902635@1]- reg(    0): v4lvideo
07-03 10:39:25.016 I/[  442.902644@1]- dim(    0): ch[1]:di_receiver_event_fun,3:_START
07-03 10:39:25.016 D/        (    0): [  442.902649@1]- vdec_init, vf_provider_name = vdec.h265.00, b 0
07-03 10:39:25.016 I/        (    0): [  442.902664@1]- vdec->port_flag=0x182, port_flag=0x18b
07-03 10:39:25.016 I/        (    0): [  442.902845@1]- is_reset=0
07-03 10:39:25.025 I/        (    0): [  442.923959@1]- is_reset=1
07-03 10:39:25.025 I/[  442.924229@1]- vframe_rate_uevent(    0): sent uevent FRAME_RATE_HINT=0
07-03 10:39:25.025 I/[  442.924277@1]- dim(    0): ch[1]:di_receiver_event_fun,1:_UNREG
07-03 10:39:25.025 E/[  442.924289@1]- unreg(    0): v4lvideo
07-03 10:39:25.025 I/[  442.924348@1]- dim(    0): unreg:use[0]ms
07-03 10:39:25.025 D/        (    0): [  442.924367@1]- vdec_disable_DMC input->target= 0x1
07-03 10:39:25.025 D/        (    0): [  442.924685@1]- vdec_release instance 0000000072cbe348, total 1 id = 0
07-03 10:39:25.025 D/        (    0): [  442.924729@1]- the clk_hevc_mux    clock off, ref cnt: 0
07-03 10:39:25.025 D/        (    0): [  442.924735@1]- the clk_hevcb_mux   clock off, ref cnt: 0
07-03 10:39:25.025 D/        (    0): [  442.924744@1]- the vdec            clock off, ref cnt: 0
07-03 10:39:25.025 D/        (    0): [  442.924748@1]- the parser_top      clock off, ref cnt: 1
07-03 10:39:25.025 D/        (    0): [  442.924752@1]- the demux           clock off, ref cnt: 1
07-03 10:39:25.025 D/        (    0): [  442.924816@1]- the demux           clock on, ref cnt: 2
07-03 10:39:25.025 D/        (    0): [  442.924821@1]- the parser_top      clock on, ref cnt: 2
07-03 10:39:25.025 D/        (    0): [  442.924827@1]- the vdec            clock on, ref cnt: 1
07-03 10:39:25.025 D/        (    0): [  442.924846@1]- the clk_hevc_mux    clock on, ref cnt: 1
07-03 10:39:25.025 D/        (    0): [  442.924850@1]- the clk_hevcb_mux   clock on, ref cnt: 1
07-03 10:39:25.026 D/        (    0): [  442.924883@1]- hevc mux clock is 499999992 Hz
07-03 10:39:25.026 D/        (    0): [  442.924898@1]- hevc back mux clock is 499999992 Hz
07-03 10:39:25.026 D/        (    0): [  442.924979@1]- vdec_create instance 000000006944678c, total 1, PM: legacy
07-03 10:39:25.026 D/        (    0): [  442.925017@1]- set drmmode
07-03 10:39:25.026 I/        (    0): [  442.925057@1]- is_reset=1
07-03 10:39:25.026 I/        (    0): [  442.925083@1]- vdec_init, dev_name:ammvdec_h265, vdec_type=VDEC_TYPE_FRAME_BLOCK  id = 0
07-03 10:39:25.026 D/[  442.925774@1]- [0]pdata->config=hevc_buf_width(    0): 1920;hevc_buf_height:1088;hevc_buf_margin:0;hevc_double_write_mode:3;save_buffer_mode:0;
07-03 10:39:25.026 D/        (    0): [  442.925817@1]- decoder_bmmu_box_alloc_box, tvp_flags = 4
07-03 10:39:25.026 D/        (    0): [  442.925833@1]- [0]dynamic_buf_num_margin=9
07-03 10:39:25.026 D/        (    0): [  442.925837@1]- [0]double_write_mode=3
07-03 10:39:25.026 D/[  442.925845@1]- [0]h265(    0): pts_unstable=0
07-03 10:39:25.026 D/[  442.925850@1]- [0]h265(    0): ver (201602101,0) decinfo: 0x0 rate=3600
07-03 10:39:25.026 I/        (    0): [  442.927141@1]- [TEE], the fw (hevc_mmu) will be loaded.
07-03 10:39:25.026 D/        (    0): [  442.927191@1]- hevc mux clock is 666666656 Hz
07-03 10:39:25.026 D/        (    0): [  442.927206@1]- hevc back mux clock is 666666656 Hz
07-03 10:39:25.026 D/        (    0): [  442.927211@1]- hevc video changed to 3840 x 2160 60 fps clk->667MHZ
07-03 10:39:25.026 D/        (    0): [  442.927248@1]- vfm map vdec-map-0 created
07-03 10:39:25.026 I/[  442.927268@1]- dim(    0): ch[1]:di_receiver_event_fun,8:_REG
07-03 10:39:25.026 I/[  442.927273@1]- dim(    0): reg:vdec.h265.00[25]
07-03 10:39:25.026 I/[  442.927358@1]- dim(    0): reg:use[0]ms
07-03 10:39:25.026 E/[  442.927373@1]- reg(    0): v4lvideo
07-03 10:39:25.026 I/[  442.927380@1]- dim(    0): ch[1]:di_receiver_event_fun,3:_START
07-03 10:39:25.026 D/        (    0): [  442.927384@1]- vdec_init, vf_provider_name = vdec.h265.00, b 0
07-03 10:39:25.026 I/        (    0): [  442.927399@1]- vdec->port_flag=0x182, port_flag=0x18b
07-03 10:39:25.026 I/        (    0): [  442.927505@1]- is_reset=0
07-03 10:39:25.026 I/[  442.940920@1]- vframe_rate_uevent(    0): sent uevent FRAME_RATE_HINT=0
07-03 10:39:25.026 I/[  442.941236@2]- dim(    0): ch[1]:di_receiver_event_fun,1:_UNREG
07-03 10:39:25.026 E/[  442.941249@2]- unreg(    0): v4lvideo
07-03 10:39:25.034 I/[  442.941838@1]- dim(    0): unreg:use[0]ms
07-03 10:39:25.034 D/        (    0): [  442.941867@1]- vdec_disable_DMC input->target= 0x1
07-03 10:39:25.034 D/        (    0): [  442.942991@0]- vdec_release instance 000000006944678c, total 1 id = 0
07-03 10:39:25.034 D/        (    0): [  442.943061@0]- the clk_hevc_mux    clock off, ref cnt: 0
07-03 10:39:25.034 D/        (    0): [  442.943067@0]- the clk_hevcb_mux   clock off, ref cnt: 0
07-03 10:39:25.034 D/        (    0): [  442.943075@0]- the vdec            clock off, ref cnt: 0
07-03 10:39:25.034 D/        (    0): [  442.943079@0]- the parser_top      clock off, ref cnt: 1
07-03 10:39:25.034 D/        (    0): [  442.943083@0]- the demux           clock off, ref cnt: 1
07-03 10:39:25.035 D/        (    0): [  442.943110@0]d v4lvideo_release_map 0 OK
07-03 10:39:25.035 E/[  442.955504@0]- Warn(    0): TVP pool will release later.
07-03 10:39:25.035 E/[  442.955511@0]- Warn(    0): TVP pool will release later.
07-03 10:39:25.035 I/        (    0): [  442.955515@0]- tvp_user_count is 0
07-03 10:39:25.035 I/[  442.955519@0]- resman(    0): 35 release [tvp]
07-03 10:39:25.035 D/[  442.956698@1]- v4lvid(    0): dbg: vidioc_close!!!!
07-03 10:39:25.035 I/[  442.957898@1]- resman(    0): 33 release [codec_mm]
07-03 10:39:25.049 E/[  442.977718@0]- Warn(    0): TVP pool will release later.
07-03 10:39:25.049 E/[  442.977726@0]- Warn(    0): TVP pool will release later.
07-03 10:39:25.265 D/INSETS  ( 3842): else - Package Name ::  left : 0 right :: 0 top :: 0 bottom :: 0 dfu-right :: 1920 dfu-bottom :: 1080
07-03 10:39:25.330 I/[  443.255655@0]- vc(    0): [0]vc: set enable index=0, val=0
07-03 10:39:25.330 I/[  443.255690@0]- VID(    0): store VD0 path_id changed 2->-1
07-03 10:39:25.330 I/        (    0): [  443.255694@0]- dev->index =0, val=1
07-03 10:39:25.330 I/[  443.255699@0]- VID(    0): VD1 off
07-03 10:39:25.330 I/[  443.255705@0]- VID(    0): VD1 set global output as 0
07-03 10:39:25.330 I/        (    0): [  443.255721@0]- common_vf_unreg_provider video_render.0: vd1 used: true, vd2 used: false, black_out:0, cur_buf:00000000eba6bf7e
07-03 10:39:25.355 E/[  443.284930@0]- Warn(    0): TVP pool will release later.
07-03 10:39:25.356 E/[  443.284938@0]- Warn(    0): TVP pool will release later.
07-03 10:39:25.400 E/[  443.325583@0]- Warn(    0): TVP pool will release later.
07-03 10:39:25.400 E/[  443.325590@0]- Warn(    0): TVP pool will release later.
07-03 10:39:25.400 E/[  443.325608@0]- Warn(    0): TVP pool will release later.
07-03 10:39:25.400 E/[  443.325611@0]- Warn(    0): TVP pool will release later.
07-03 10:39:25.400 E/[  443.325687@0]- Warn(    0): TVP pool will release later.
07-03 10:39:25.400 E/[  443.325690@0]- Warn(    0): TVP pool will release later.
07-03 10:39:25.436 E/[  443.361727@0]- Warn(    0): TVP pool will release later.
07-03 10:39:25.436 I/        (    0): [  443.361746@0]- unprotect tvp 1 handle is 6
07-03 10:39:25.436 I/        (    0): [  443.364673@0]- unprotect tvp 0 handle is 5
07-03 10:39:25.451 I/        (    0): [  443.377903@0]- disalbe tvp
07-03 10:39:26.483 W/[  444.409908@2]- RTW(    0): Turbo EDCA =0x431c
07-03 10:39:26.490 W/[  444.417630@2]- RTW(    0): fill_default_txdesc(wlan0): SP Packet(0x0806) rate=0x4 SeqNum = 3730
07-03 10:39:26.584 D/AutofillManagerService( 3842): onBackKeyPressed()
07-03 10:39:27.826 D/InputMethodManagerService( 3842): Top Package Name: in.startv.hotstar
07-03 10:39:27.830 W/ContextImpl( 3842): Calling a method in the system process without a qualified user: android.app.ContextImpl.sendBroadcast:1111 com.android.server.inputmethod.InputMethodManagerService.sendSoftInputVisibilityBroadcast:3258 com.android.server.inputmethod.InputMethodManagerService.showCurrentInputLocked:3231 com.android.server.inputmethod.InputMethodManagerService.showMySoftInput:4198 com.android.server.inputmethod.InputMethodManagerService.access$4100:189 
07-03 10:39:27.831 D/InputMethodManagerService( 3842): Top Package Name: in.startv.hotstar
07-03 10:39:27.832 W/ContextImpl( 3842): Calling a method in the system process without a qualified user: android.app.ContextImpl.sendBroadcast:1111 com.android.server.inputmethod.InputMethodManagerService.sendSoftInputVisibilityBroadcast:3258 com.android.server.inputmethod.InputMethodManagerService.showCurrentInputLocked:3231 com.android.server.inputmethod.InputMethodManagerService.showSoftInput:3153 com.android.internal.view.IInputMethodManager$Stub.onTransact:304 
07-03 10:39:27.834 W/ContextImpl( 3842): Calling a method in the system process without a qualified user: android.app.ContextImpl.sendBroadcast:1111 com.android.server.inputmethod.InputMethodManagerService.sendSoftInputVisibilityBroadcast:3258 com.android.server.inputmethod.InputMethodManagerService.hideCurrentInputLocked:3330 com.android.server.inputmethod.InputMethodManagerService.hideMySoftInput:4180 com.android.server.inputmethod.InputMethodManagerService.access$4000:189 
07-03 10:39:27.851 D/InputMethodManagerService( 3842): Top Package Name: in.startv.hotstar
07-03 10:39:27.854 W/ContextImpl( 3842): Calling a method in the system process without a qualified user: android.app.ContextImpl.sendBroadcast:1111 com.android.server.inputmethod.InputMethodManagerService.sendSoftInputVisibilityBroadcast:3258 com.android.server.inputmethod.InputMethodManagerService.showCurrentInputLocked:3231 com.android.server.inputmethod.InputMethodManagerService.showMySoftInput:4198 com.android.server.inputmethod.InputMethodManagerService.access$4100:189 
07-03 10:39:27.862 D/INSETS  ( 3842): else - Package Name ::  left : 0 right :: 0 top :: 0 bottom :: 0 dfu-right :: 1920 dfu-bottom :: 1080
07-03 10:39:27.865 I/chatty  ( 3842): uid=1000(system) Binder:3842_5 identical 2 lines
07-03 10:39:27.865 D/INSETS  ( 3842): else - Package Name ::  left : 0 right :: 0 top :: 0 bottom :: 0 dfu-right :: 1920 dfu-bottom :: 1080
07-03 10:39:27.880 D/INSETS  ( 3842): else - Package Name ::  left : 0 right :: 0 top :: 0 bottom :: 0 dfu-right :: 1920 dfu-bottom :: 1080
07-03 10:39:27.883 I/chatty  ( 3842): uid=1000(system) android.anim identical 2 lines
07-03 10:39:27.884 D/INSETS  ( 3842): else - Package Name ::  left : 0 right :: 0 top :: 0 bottom :: 0 dfu-right :: 1920 dfu-bottom :: 1080
07-03 10:39:27.890 D/InputMethodManagerService( 3842): Top Package Name: in.startv.hotstar
07-03 10:39:27.891 W/ContextImpl( 3842): Calling a method in the system process without a qualified user: android.app.ContextImpl.sendBroadcast:1111 com.android.server.inputmethod.InputMethodManagerService.sendSoftInputVisibilityBroadcast:3258 com.android.server.inputmethod.InputMethodManagerService.showCurrentInputLocked:3231 com.android.server.inputmethod.InputMethodManagerService.showMySoftInput:4198 com.android.server.inputmethod.InputMethodManagerService.access$4100:189 
07-03 10:39:27.896 D/INSETS  ( 3842): else - Package Name ::  left : 0 right :: 0 top :: 0 bottom :: 0 dfu-right :: 1920 dfu-bottom :: 1080
07-03 10:39:27.896 D/INSETS  ( 3842): else - Package Name ::  left : 0 right :: 0 top :: 0 bottom :: 0 dfu-right :: 1920 dfu-bottom :: 1080
07-03 10:39:27.939 D/INSETS  ( 3842): else - Package Name ::  left : 0 right :: 0 top :: 0 bottom :: 0 dfu-right :: 1920 dfu-bottom :: 1080
07-03 10:39:27.985 I/chatty  ( 3842): uid=1000(system) Binder:3842_A identical 3 lines
07-03 10:39:27.985 D/INSETS  ( 3842): else - Package Name ::  left : 0 right :: 0 top :: 0 bottom :: 0 dfu-right :: 1920 dfu-bottom :: 1080
07-03 10:39:27.998 D/INSETS  ( 3842): else - Package Name ::  left : 0 right :: 0 top :: 0 bottom :: 0 dfu-right :: 1920 dfu-bottom :: 1080
07-03 10:39:27.999 I/chatty  ( 3842): uid=1000(system) android.anim identical 1 line
07-03 10:39:27.999 D/INSETS  ( 3842): else - Package Name ::  left : 0 right :: 0 top :: 0 bottom :: 0 dfu-right :: 1920 dfu-bottom :: 1080
07-03 10:39:28.001 D/InputMethodManagerService( 3842): Top Package Name: in.startv.hotstar
07-03 10:39:28.002 W/ContextImpl( 3842): Calling a method in the system process without a qualified user: android.app.ContextImpl.sendBroadcast:1111 com.android.server.inputmethod.InputMethodManagerService.sendSoftInputVisibilityBroadcast:3258 com.android.server.inputmethod.InputMethodManagerService.showCurrentInputLocked:3231 com.android.server.inputmethod.InputMethodManagerService.showMySoftInput:4198 com.android.server.inputmethod.InputMethodManagerService.access$4100:189 
07-03 10:39:28.006 D/InputMethodManagerService( 3842): Top Package Name: in.startv.hotstar
07-03 10:39:28.006 W/ContextImpl( 3842): Calling a method in the system process without a qualified user: android.app.ContextImpl.sendBroadcast:1111 com.android.server.inputmethod.InputMethodManagerService.sendSoftInputVisibilityBroadcast:3258 com.android.server.inputmethod.InputMethodManagerService.showCurrentInputLocked:3231 com.android.server.inputmethod.InputMethodManagerService.showMySoftInput:4198 com.android.server.inputmethod.InputMethodManagerService.access$4100:189 
07-03 10:39:28.020 D/INSETS  ( 3842): else - Package Name ::  left : 0 right :: 0 top :: 0 bottom :: 0 dfu-right :: 1920 dfu-bottom :: 1080
07-03 10:39:28.029 I/chatty  ( 3842): uid=1000(system) android.display identical 4 lines
07-03 10:39:28.029 D/INSETS  ( 3842): else - Package Name ::  left : 0 right :: 0 top :: 0 bottom :: 0 dfu-right :: 1920 dfu-bottom :: 1080
07-03 10:39:28.054 W/NotificationHistory( 3842): Attempted to add notif for locked/gone/disabled user 0
07-03 10:39:28.069 D/INSETS  ( 3842): else - Package Name ::  left : 0 right :: 0 top :: 0 bottom :: 0 dfu-right :: 1920 dfu-bottom :: 1080
07-03 10:39:28.070 I/chatty  ( 3842): uid=1000(system) Binder:3842_5 identical 1 line
07-03 10:39:28.071 D/INSETS  ( 3842): else - Package Name ::  left : 0 right :: 0 top :: 0 bottom :: 0 dfu-right :: 1920 dfu-bottom :: 1080
07-03 10:39:28.216 W/NotificationHistory( 3842): Attempted to add notif for locked/gone/disabled user 0
07-03 10:39:28.499 W/[  446.425859@3]- RTW(    0): Turbo EDCA =0x5ea42b
07-03 10:39:28.733 D/InputMethodManagerService( 3842): Top Package Name: in.startv.hotstar
07-03 10:39:28.734 W/ContextImpl( 3842): Calling a method in the system process without a qualified user: android.app.ContextImpl.sendBroadcast:1111 com.android.server.inputmethod.InputMethodManagerService.sendSoftInputVisibilityBroadcast:3258 com.android.server.inputmethod.InputMethodManagerService.showCurrentInputLocked:3231 com.android.server.inputmethod.InputMethodManagerService.attachNewInputLocked:2397 com.android.server.inputmethod.InputMethodManagerService.startInputUncheckedLocked:2503 
07-03 10:39:28.736 D/InputMethodManagerService( 3842): Top Package Name: in.startv.hotstar
07-03 10:39:28.737 W/ContextImpl( 3842): Calling a method in the system process without a qualified user: android.app.ContextImpl.sendBroadcast:1111 com.android.server.inputmethod.InputMethodManagerService.sendSoftInputVisibilityBroadcast:3258 com.android.server.inputmethod.InputMethodManagerService.showCurrentInputLocked:3231 com.android.server.inputmethod.InputMethodManagerService.showMySoftInput:4198 com.android.server.inputmethod.InputMethodManagerService.access$4100:189 
07-03 10:39:28.748 D/INSETS  ( 3842): else - Package Name ::  left : 0 right :: 0 top :: 0 bottom :: 0 dfu-right :: 1920 dfu-bottom :: 1080
07-03 10:39:28.748 I/chatty  ( 3842): uid=1000(system) Binder:3842_5 identical 1 line
07-03 10:39:28.749 D/INSETS  ( 3842): else - Package Name ::  left : 0 right :: 0 top :: 0 bottom :: 0 dfu-right :: 1920 dfu-bottom :: 1080
07-03 10:39:28.858 D/InputMethodManagerService( 3842): Top Package Name: in.startv.hotstar
07-03 10:39:28.859 W/ContextImpl( 3842): Calling a method in the system process without a qualified user: android.app.ContextImpl.sendBroadcast:1111 com.android.server.inputmethod.InputMethodManagerService.sendSoftInputVisibilityBroadcast:3258 com.android.server.inputmethod.InputMethodManagerService.showCurrentInputLocked:3231 com.android.server.inputmethod.InputMethodManagerService.showMySoftInput:4198 com.android.server.inputmethod.InputMethodManagerService.access$4100:189 
07-03 10:39:28.912 D/INSETS  ( 3842): else - Package Name ::  left : 0 right :: 0 top :: 0 bottom :: 0 dfu-right :: 1920 dfu-bottom :: 1080
07-03 10:39:28.919 I/chatty  ( 3842): uid=1000(system) android.anim identical 2 lines
07-03 10:39:28.919 D/INSETS  ( 3842): else - Package Name ::  left : 0 right :: 0 top :: 0 bottom :: 0 dfu-right :: 1920 dfu-bottom :: 1080
07-03 10:39:29.450 D/InputMethodManagerService( 3842): Top Package Name: in.startv.hotstar
07-03 10:39:29.451 W/ContextImpl( 3842): Calling a method in the system process without a qualified user: android.app.ContextImpl.sendBroadcast:1111 com.android.server.inputmethod.InputMethodManagerService.sendSoftInputVisibilityBroadcast:3258 com.android.server.inputmethod.InputMethodManagerService.showCurrentInputLocked:3231 com.android.server.inputmethod.InputMethodManagerService.attachNewInputLocked:2397 com.android.server.inputmethod.InputMethodManagerService.startInputUncheckedLocked:2503 
07-03 10:39:29.454 D/InputMethodManagerService( 3842): Top Package Name: in.startv.hotstar
07-03 10:39:29.455 W/ContextImpl( 3842): Calling a method in the system process without a qualified user: android.app.ContextImpl.sendBroadcast:1111 com.android.server.inputmethod.InputMethodManagerService.sendSoftInputVisibilityBroadcast:3258 com.android.server.inputmethod.InputMethodManagerService.showCurrentInputLocked:3231 com.android.server.inputmethod.InputMethodManagerService.showMySoftInput:4198 com.android.server.inputmethod.InputMethodManagerService.access$4100:189 
07-03 10:39:29.461 D/INSETS  ( 3842): else - Package Name ::  left : 0 right :: 0 top :: 0 bottom :: 0 dfu-right :: 1920 dfu-bottom :: 1080
07-03 10:39:29.462 D/INSETS  ( 3842): else - Package Name ::  left : 0 right :: 0 top :: 0 bottom :: 0 dfu-right :: 1920 dfu-bottom :: 1080
07-03 10:39:29.476 D/InputMethodManagerService( 3842): Top Package Name: in.startv.hotstar
07-03 10:39:29.478 W/ContextImpl( 3842): Calling a method in the system process without a qualified user: android.app.ContextImpl.sendBroadcast:1111 com.android.server.inputmethod.InputMethodManagerService.sendSoftInputVisibilityBroadcast:3258 com.android.server.inputmethod.InputMethodManagerService.showCurrentInputLocked:3231 com.android.server.inputmethod.InputMethodManagerService.showMySoftInput:4198 com.android.server.inputmethod.InputMethodManagerService.access$4100:189 
07-03 10:39:29.720 D/INSETS  ( 3842): else - Package Name ::  left : 0 right :: 0 top :: 0 bottom :: 0 dfu-right :: 1920 dfu-bottom :: 1080
07-03 10:39:29.721 D/INSETS  ( 3842): else - Package Name ::  left : 0 right :: 0 top :: 0 bottom :: 0 dfu-right :: 1920 dfu-bottom :: 1080
07-03 10:39:30.356 D/AutofillManagerService( 3842): onBackKeyPressed()
07-03 10:39:30.361 W/ContextImpl( 3842): Calling a method in the system process without a qualified user: android.app.ContextImpl.sendBroadcast:1111 com.android.server.inputmethod.InputMethodManagerService.sendSoftInputVisibilityBroadcast:3258 com.android.server.inputmethod.InputMethodManagerService.hideCurrentInputLocked:3330 com.android.server.inputmethod.InputMethodManagerService.hideMySoftInput:4180 com.android.server.inputmethod.InputMethodManagerService.access$4000:189 
07-03 10:39:30.369 D/INSETS  ( 3842): else - Package Name ::  left : 0 right :: 0 top :: 0 bottom :: 0 dfu-right :: 1920 dfu-bottom :: 1080
07-03 10:39:30.370 D/INSETS  ( 3842): else - Package Name ::  left : 0 right :: 0 top :: 0 bottom :: 0 dfu-right :: 1920 dfu-bottom :: 1080
07-03 10:39:30.380 D/INSETS  ( 3842): else - Package Name ::  left : 0 right :: 0 top :: 0 bottom :: 0 dfu-right :: 1920 dfu-bottom :: 1080
07-03 10:39:30.381 D/INSETS  ( 3842): else - Package Name ::  left : 0 right :: 0 top :: 0 bottom :: 0 dfu-right :: 1920 dfu-bottom :: 1080
07-03 10:39:30.386 D/INSETS  ( 3842): else - Package Name ::  left : 0 right :: 0 top :: 0 bottom :: 0 dfu-right :: 1920 dfu-bottom :: 1080
07-03 10:39:30.386 D/INSETS  ( 3842): else - Package Name ::  left : 0 right :: 0 top :: 0 bottom :: 0 dfu-right :: 1920 dfu-bottom :: 1080
07-03 10:39:30.600 D/INSETS  ( 3842): else - Package Name ::  left : 0 right :: 0 top :: 0 bottom :: 0 dfu-right :: 1920 dfu-bottom :: 1080
07-03 10:39:31.764 W/[  449.691373@1]- RTW(    0): fill_default_txdesc(wlan0): SP Packet(0x0806) rate=0x4 SeqNum = 398
07-03 10:39:32.187 I/UsageStatsService( 3842): User[0] Flushing usage stats to disk
07-03 10:39:32.406 D/InputMethodManagerService( 3842): Top Package Name: in.startv.hotstar
07-03 10:39:32.409 W/ContextImpl( 3842): Calling a method in the system process without a qualified user: android.app.ContextImpl.sendBroadcast:1111 com.android.server.inputmethod.InputMethodManagerService.sendSoftInputVisibilityBroadcast:3258 com.android.server.inputmethod.InputMethodManagerService.showCurrentInputLocked:3231 com.android.server.inputmethod.InputMethodManagerService.showMySoftInput:4198 com.android.server.inputmethod.InputMethodManagerService.access$4100:189 
07-03 10:39:32.411 W/ContextImpl( 3842): Calling a method in the system process without a qualified user: android.app.ContextImpl.sendBroadcast:1111 com.android.server.inputmethod.InputMethodManagerService.sendSoftInputVisibilityBroadcast:3258 com.android.server.inputmethod.InputMethodManagerService.hideCurrentInputLocked:3330 com.android.server.inputmethod.InputMethodManagerService.hideSoftInput:3290 com.android.internal.view.IInputMethodManager$Stub.onTransact:325 
07-03 10:39:32.418 W/ContextImpl( 3842): Calling a method in the system process without a qualified user: android.app.ContextImpl.sendBroadcast:1111 com.android.server.inputmethod.InputMethodManagerService.sendSoftInputVisibilityBroadcast:3258 com.android.server.inputmethod.InputMethodManagerService.hideCurrentInputLocked:3330 com.android.server.inputmethod.InputMethodManagerService.hideSoftInput:3290 com.android.internal.view.IInputMethodManager$Stub.onTransact:325 
