07-03 15:43:28.486 W/[10316.382905@2]- RTW(    0): Turbo EDCA =0x431c
07-03 15:43:30.504 W/[10318.403190@2]- RTW(    0): Turbo EDCA =0x5ea42b
07-03 15:43:31.190 W/[10319.088276@2]- RTW(    0): fill_default_txdesc(wlan0): SP Packet(0x0806) rate=0x4 SeqNum = 1357
07-03 15:43:32.518 W/[10320.415308@1]- RTW(    0): Turbo EDCA =0x431c
07-03 15:43:34.534 W/[10322.430957@1]- RTW(    0): Turbo EDCA =0x5ea42b
07-03 15:43:36.250 W/[10324.149583@1]- RTW(    0): fill_default_txdesc(wlan0): SP Packet(0x0806) rate=0x4 SeqNum = 2114
07-03 15:43:36.550 W/[10324.447575@0]- RTW(    0): Turbo EDCA =0x431c
07-03 15:43:38.566 W/[10326.463301@1]- RTW(    0): Turbo EDCA =0x5ea42b
07-03 15:43:40.230 W/[10328.126807@0]- RTW(    0): fill_default_txdesc(wlan0): SP Packet(0x0806) rate=0x4 SeqNum = 2206
07-03 15:43:40.399 W/[10328.298346@1]- healthd(    0): battery l=100 v=4 t=0.0 h=2 st=2 c=1100 fc=10000000 chg=u
07-03 15:43:40.582 W/[10328.479137@3]- RTW(    0): Turbo EDCA =0x431c
07-03 15:43:41.362 W/[10329.260610@3]- RTW(    0): fill_default_txdesc(wlan0): SP Packet(0x0806) rate=0x4 SeqNum = 2215
07-03 15:43:42.596 W/[10330.495187@0]- RTW(    0): Turbo EDCA =0x5ea42b
07-03 15:43:44.614 W/[10332.511085@0]- RTW(    0): Turbo EDCA =0x431c
07-03 15:43:46.430 W/[10334.330469@1]- RTW(    0): fill_default_txdesc(wlan0): SP Packet(0x0806) rate=0x4 SeqNum = 2291
07-03 15:43:46.634 W/[10334.530972@1]- RTW(    0): Turbo EDCA =0x5ea42b
07-03 15:43:48.646 W/[10336.543113@1]- RTW(    0): Turbo EDCA =0x431c
07-03 15:43:50.662 W/[10338.558987@3]- RTW(    0): Turbo EDCA =0x5ea42b
07-03 15:43:51.502 W/[10339.399207@0]- RTW(    0): fill_default_txdesc(wlan0): SP Packet(0x0806) rate=0x4 SeqNum = 2445
07-03 15:43:52.678 W/[10340.575125@0]- RTW(    0): Turbo EDCA =0x431c
07-03 15:43:54.694 W/[10342.591162@3]- RTW(    0): Turbo EDCA =0x5ea42b
07-03 15:43:56.598 W/[10344.497192@3]- RTW(    0): fill_default_txdesc(wlan0): SP Packet(0x0806) rate=0x4 SeqNum = 2570
07-03 15:43:56.714 W/[10344.611024@3]- RTW(    0): Turbo EDCA =0x431c
07-03 15:43:58.726 W/[10346.623207@2]- RTW(    0): Turbo EDCA =0x5ea42b
07-03 15:43:59.686 W/[10347.583799@2]- RTW(    0): fill_default_txdesc(wlan0): SP Packet(0x0806) rate=0x4 SeqNum = 2669
07-03 15:44:00.746 W/[10348.642940@0]- RTW(    0): Turbo EDCA =0x431c
07-03 15:44:01.658 W/[10349.557303@3]- RTW(    0): fill_default_txdesc(wlan0): SP Packet(0x0806) rate=0x4 SeqNum = 2692
07-03 15:44:03.524 W/[10351.422688@1]- RTW(    0): fill_default_txdesc(wlan0): SP Packet(0x0806) rate=0x4 SeqNum = 2762
07-03 15:44:06.758 W/[10354.656935@3]- RTW(    0): fill_default_txdesc(wlan0): SP Packet(0x0806) rate=0x4 SeqNum = 2778
07-03 15:44:06.790 W/[10354.687026@1]- RTW(    0): Turbo EDCA =0x5ea42b
07-03 15:44:08.805 W/[10356.702934@3]- RTW(    0): Turbo EDCA =0x431c
07-03 15:44:10.822 W/[10358.719308@3]- RTW(    0): Turbo EDCA =0x5ea42b
07-03 15:44:11.829 W/[10359.727440@3]- RTW(    0): fill_default_txdesc(wlan0): SP Packet(0x0806) rate=0x4 SeqNum = 2931
07-03 15:44:12.838 W/[10360.734946@3]- RTW(    0): Turbo EDCA =0x431c
07-03 15:44:14.854 W/[10362.750966@0]- RTW(    0): Turbo EDCA =0x5ea42b
07-03 15:44:16.870 W/[10364.767454@2]- RTW(    0): Turbo EDCA =0x431c
07-03 15:44:16.898 W/[10364.797121@3]- RTW(    0): fill_default_txdesc(wlan0): SP Packet(0x0806) rate=0x4 SeqNum = 3037
07-03 15:44:17.130 W/[10365.027321@1]- RTW(    0): cfg80211_rtw_scan(wlan0)
07-03 15:44:17.130 W/[10365.027332@1]- RTW(    0): cfg80211_rtw_scan (wlan0) : scan deny
07-03 15:44:18.890 W/[10366.787026@2]- RTW(    0): Turbo EDCA =0x5ea42b
07-03 15:44:20.902 W/[10368.799331@3]- RTW(    0): Turbo EDCA =0x431c
07-03 15:44:21.990 W/[10369.887191@3]- RTW(    0): fill_default_txdesc(wlan0): SP Packet(0x0806) rate=0x4 SeqNum = 3138
07-03 15:44:22.726 W/[10370.622695@0]- RTW(    0): fill_default_txdesc(wlan0): SP Packet(0x0806) rate=0x4 SeqNum = 3143
07-03 15:44:22.918 W/[10370.815021@2]- RTW(    0): Turbo EDCA =0x5ea42b
07-03 15:44:24.934 W/[10372.831364@0]- RTW(    0): Turbo EDCA =0x431c
07-03 15:44:26.950 W/[10374.847702@3]- RTW(    0): Turbo EDCA =0x5ea42b
07-03 15:44:27.051 W/[10374.947102@2]- RTW(    0): fill_default_txdesc(wlan0): SP Packet(0x0806) rate=0x4 SeqNum = 3267
07-03 15:44:28.294 W/[10376.191612@3]- audit(    0): audit_lost=4012 audit_rate_limit=5 audit_backlog_limit=64
07-03 15:44:28.294 E/[10376.191620@3]- audit(    0): rate limit exceeded
07-03 15:44:28.966 W/[10376.863388@0]- RTW(    0): Turbo EDCA =0x431c
07-03 15:44:30.982 W/[10378.878985@0]- RTW(    0): Turbo EDCA =0x5ea42b
07-03 15:44:31.110 W/[10379.007055@0]- RTW(    0): fill_default_txdesc(wlan0): SP Packet(0x0806) rate=0x4 SeqNum = 3365
07-03 15:44:32.996 W/[10380.895289@0]- RTW(    0): Turbo EDCA =0x431c
07-03 15:44:35.013 W/[10382.911503@2]- RTW(    0): Turbo EDCA =0x5ea42b
07-03 15:44:36.134 W/[10384.031621@3]- RTW(    0): fill_default_txdesc(wlan0): SP Packet(0x0806) rate=0x4 SeqNum = 3535
07-03 15:44:37.030 W/[10384.927453@2]- RTW(    0): Turbo EDCA =0x431c
07-03 15:44:39.046 W/[10386.943030@3]- RTW(    0): Turbo EDCA =0x5ea42b
07-03 15:44:40.398 W/[10388.298331@1]- healthd(    0): battery l=100 v=4 t=0.0 h=2 st=2 c=1100 fc=10000000 chg=u
07-03 15:44:41.062 W/[10388.958949@3]- RTW(    0): Turbo EDCA =0x431c
07-03 15:44:41.254 W/[10389.152292@2]- RTW(    0): fill_default_txdesc(wlan0): SP Packet(0x0806) rate=0x4 SeqNum = 3626
07-03 15:44:41.926 W/[10389.824188@3]- RTW(    0): fill_default_txdesc(wlan0): SP Packet(0x0806) rate=0x4 SeqNum = 3628
07-03 15:44:43.078 W/[10390.975355@3]- RTW(    0): Turbo EDCA =0x5ea42b
07-03 15:44:45.094 W/[10392.991049@3]- RTW(    0): Turbo EDCA =0x431c
07-03 15:44:46.337 W/[10394.236659@2]- RTW(    0): fill_default_txdesc(wlan0): SP Packet(0x0806) rate=0x4 SeqNum = 3692
07-03 15:44:47.110 W/[10395.006975@3]- RTW(    0): Turbo EDCA =0x5ea42b
07-03 15:44:49.126 W/[10397.023378@3]- RTW(    0): Turbo EDCA =0x431c
07-03 15:44:50.607 W/[10398.506791@1]- audit(    0): audit_lost=4014 audit_rate_limit=5 audit_backlog_limit=64
07-03 15:44:50.607 E/[10398.506798@1]- audit(    0): rate limit exceeded
07-03 15:44:51.142 W/[10399.038981@2]- RTW(    0): Turbo EDCA =0x5ea42b
07-03 15:44:51.410 W/[10399.307101@0]- RTW(    0): fill_default_txdesc(wlan0): SP Packet(0x0806) rate=0x4 SeqNum = 3845
07-03 15:44:53.158 W/[10401.056657@1]- RTW(    0): Turbo EDCA =0x431c
07-03 15:44:55.174 W/[10403.071040@3]- RTW(    0): Turbo EDCA =0x5ea42b
07-03 15:44:56.478 W/[10404.377088@3]- RTW(    0): fill_default_txdesc(wlan0): SP Packet(0x0806) rate=0x4 SeqNum = 3922
07-03 15:44:57.190 W/[10405.086937@0]- RTW(    0): Turbo EDCA =0x431c
07-03 15:44:59.210 W/[10407.107147@1]- RTW(    0): Turbo EDCA =0x5ea42b
07-03 15:45:01.125 W/[10409.022745@1]- RTW(    0): fill_default_txdesc(wlan0): SP Packet(0x0806) rate=0x4 SeqNum = 4021
07-03 15:45:01.222 W/[10409.120555@0]- RTW(    0): Turbo EDCA =0x431c
07-03 15:45:01.346 W/[10409.244736@3]- RTW(    0): fill_default_txdesc(wlan0): SP Packet(0x0806) rate=0x4 SeqNum = 4023
07-03 15:45:06.618 W/[10414.517324@1]- RTW(    0): fill_default_txdesc(wlan0): SP Packet(0x0806) rate=0x4 SeqNum = 50
07-03 15:45:11.678 W/[10419.577079@3]- RTW(    0): fill_default_txdesc(wlan0): SP Packet(0x0806) rate=0x4 SeqNum = 185
07-03 15:45:16.746 W/[10424.645770@3]- RTW(    0): fill_default_txdesc(wlan0): SP Packet(0x0806) rate=0x4 SeqNum = 247
07-03 15:45:17.349 W/[10425.247096@3]- RTW(    0): Turbo EDCA =0x5ea42b
07-03 15:45:19.366 W/[10427.262941@0]- RTW(    0): Turbo EDCA =0x431c
07-03 15:45:20.580 W/[10428.478898@3]- RTW(    0): fill_default_txdesc(wlan0): SP Packet(0x0806) rate=0x4 SeqNum = 320
07-03 15:45:21.382 W/[10429.278976@1]- RTW(    0): Turbo EDCA =0x5ea42b
07-03 15:45:21.890 W/[10429.786851@2]- RTW(    0): fill_default_txdesc(wlan0): SP Packet(0x0806) rate=0x4 SeqNum = 325
07-03 15:45:23.398 W/[10431.295186@0]- RTW(    0): Turbo EDCA =0x431c
07-03 15:45:26.938 W/[10434.836886@3]- RTW(    0): fill_default_txdesc(wlan0): SP Packet(0x0806) rate=0x4 SeqNum = 422
07-03 15:45:28.054 W/[10435.952439@3]- audit(    0): audit_lost=4042 audit_rate_limit=5 audit_backlog_limit=64
07-03 15:45:28.054 E/[10435.952450@3]- audit(    0): rate limit exceeded
07-03 15:45:29.450 W/[10437.347075@1]- RTW(    0): Turbo EDCA =0x5ea42b
07-03 15:45:31.462 W/[10439.358992@3]- RTW(    0): Turbo EDCA =0x431c
07-03 15:45:32.042 W/[10439.940916@3]- RTW(    0): fill_default_txdesc(wlan0): SP Packet(0x0806) rate=0x4 SeqNum = 600
07-03 15:45:33.478 W/[10441.375739@3]- RTW(    0): Turbo EDCA =0x5ea42b
07-03 15:45:35.492 W/[10443.391099@3]- RTW(    0): Turbo EDCA =0x431c
07-03 15:45:37.270 W/[10445.166736@3]- RTW(    0): fill_default_txdesc(wlan0): SP Packet(0x0806) rate=0x4 SeqNum = 665
07-03 15:45:37.510 W/[10445.407084@1]- RTW(    0): Turbo EDCA =0x5ea42b
07-03 15:45:39.526 W/[10447.422936@0]- RTW(    0): Turbo EDCA =0x431c
07-03 15:45:40.398 W/[10448.298473@1]- healthd(    0): battery l=100 v=4 t=0.0 h=2 st=2 c=1100 fc=10000000 chg=u
07-03 15:45:40.806 W/[10448.702808@2]- RTW(    0): fill_default_txdesc(wlan0): SP Packet(0x0806) rate=0x4 SeqNum = 731
07-03 15:45:41.542 W/[10449.438961@1]- RTW(    0): Turbo EDCA =0x5ea42b
07-03 15:45:42.150 W/[10450.049598@1]- RTW(    0): fill_default_txdesc(wlan0): SP Packet(0x0806) rate=0x4 SeqNum = 737
07-03 15:45:43.557 W/[10451.454906@3]- RTW(    0): Turbo EDCA =0x431c
07-03 15:45:45.574 W/[10453.471179@0]- RTW(    0): Turbo EDCA =0x5ea42b
07-03 15:45:47.250 W/[10455.149336@1]- RTW(    0): fill_default_txdesc(wlan0): SP Packet(0x0806) rate=0x4 SeqNum = 848
07-03 15:45:47.588 W/[10455.486931@0]- RTW(    0): Turbo EDCA =0x431c
07-03 15:45:49.610 W/[10457.506930@2]- RTW(    0): Turbo EDCA =0x5ea42b
07-03 15:45:51.622 W/[10459.518885@1]- RTW(    0): Turbo EDCA =0x431c
07-03 15:45:52.354 W/[10460.254471@3]- RTW(    0): fill_default_txdesc(wlan0): SP Packet(0x0806) rate=0x4 SeqNum = 987
07-03 15:45:53.638 W/[10461.534967@3]- RTW(    0): Turbo EDCA =0x5ea42b
07-03 15:45:55.654 W/[10463.550929@3]- RTW(    0): Turbo EDCA =0x431c
07-03 15:45:57.578 W/[10465.476822@3]- RTW(    0): fill_default_txdesc(wlan0): SP Packet(0x0806) rate=0x4 SeqNum = 1099
07-03 15:45:57.670 W/[10465.567137@1]- RTW(    0): Turbo EDCA =0x5ea42b
07-03 15:45:59.686 W/[10467.583010@3]- RTW(    0): Turbo EDCA =0x431c
07-03 15:46:01.029 W/[10468.926738@1]- RTW(    0): fill_default_txdesc(wlan0): SP Packet(0x0806) rate=0x4 SeqNum = 1169
07-03 15:46:02.142 W/[10470.040513@3]- RTW(    0): fill_default_txdesc(wlan0): SP Packet(0x0806) rate=0x4 SeqNum = 1174
07-03 15:46:05.734 W/[10473.631393@3]- RTW(    0): Turbo EDCA =0x5ea42b
07-03 15:46:07.614 W/[10475.512911@3]- RTW(    0): fill_default_txdesc(wlan0): SP Packet(0x0806) rate=0x4 SeqNum = 1320
07-03 15:46:07.750 W/[10475.647003@3]- RTW(    0): Turbo EDCA =0x431c
07-03 15:46:09.764 W/[10477.662958@3]- RTW(    0): Turbo EDCA =0x5ea42b
07-03 15:46:11.780 W/[10479.679477@3]- RTW(    0): Turbo EDCA =0x431c
07-03 15:46:12.318 W/[10480.217520@3]- RTW(    0): fill_default_txdesc(wlan0): SP Packet(0x0806) rate=0x4 SeqNum = 1459
07-03 15:46:13.798 W/[10481.695049@3]- RTW(    0): Turbo EDCA =0x5ea42b
07-03 15:46:15.817 W/[10483.715224@3]- RTW(    0): Turbo EDCA =0x431c
07-03 15:46:17.211 W/[10485.111780@3]- RTW(    0): fill_default_txdesc(wlan0): SP Packet(0x0806) rate=0x4 SeqNum = 1564
07-03 15:46:17.830 W/[10485.728512@2]- RTW(    0): Turbo EDCA =0x5ea42b
07-03 15:46:19.846 W/[10487.743106@0]- RTW(    0): Turbo EDCA =0x431c
07-03 15:46:21.253 W/[10489.150696@1]- RTW(    0): fill_default_txdesc(wlan0): SP Packet(0x0806) rate=0x4 SeqNum = 1653
07-03 15:46:21.861 W/[10489.759091@1]- RTW(    0): Turbo EDCA =0x5ea42b
07-03 15:46:22.130 W/[10490.026807@3]- RTW(    0): fill_default_txdesc(wlan0): SP Packet(0x0806) rate=0x4 SeqNum = 1658
07-03 15:46:23.878 W/[10491.774911@3]- RTW(    0): Turbo EDCA =0x431c
07-03 15:46:25.894 W/[10493.791025@1]- RTW(    0): Turbo EDCA =0x5ea42b
07-03 15:46:27.130 W/[10495.030234@3]- RTW(    0): fill_default_txdesc(wlan0): SP Packet(0x0806) rate=0x4 SeqNum = 1762
07-03 15:46:27.910 W/[10495.806945@1]- RTW(    0): Turbo EDCA =0x431c
07-03 15:46:28.050 W/[10495.949466@1]- audit(    0): audit_lost=4045 audit_rate_limit=5 audit_backlog_limit=64
07-03 15:46:28.050 E/[10495.949473@1]- audit(    0): rate limit exceeded
07-03 15:46:29.926 W/[10497.822945@1]- RTW(    0): Turbo EDCA =0x5ea42b
07-03 15:46:31.942 W/[10499.838999@2]- RTW(    0): Turbo EDCA =0x431c
07-03 15:46:32.098 W/[10499.998014@2]- RTW(    0): fill_default_txdesc(wlan0): SP Packet(0x0806) rate=0x4 SeqNum = 1921
07-03 15:46:33.958 W/[10501.855759@1]- RTW(    0): Turbo EDCA =0x5ea42b
07-03 15:46:35.974 W/[10503.870979@1]- RTW(    0): Turbo EDCA =0x431c
07-03 15:46:37.162 W/[10505.059432@3]- RTW(    0): fill_default_txdesc(wlan0): SP Packet(0x0806) rate=0x4 SeqNum = 1992
07-03 15:46:37.989 W/[10505.887510@0]- RTW(    0): Turbo EDCA =0x5ea42b
07-03 15:46:40.006 W/[10507.902956@0]- RTW(    0): Turbo EDCA =0x431c
07-03 15:46:40.401 W/[10508.299282@1]- healthd(    0): battery l=100 v=4 t=0.0 h=2 st=2 c=1100 fc=10000000 chg=u
07-03 15:46:41.477 W/[10509.375278@1]- RTW(    0): fill_default_txdesc(wlan0): SP Packet(0x0806) rate=0x4 SeqNum = 2091
07-03 15:46:42.022 W/[10509.919092@0]- RTW(    0): Turbo EDCA =0x5ea42b
07-03 15:46:42.126 W/[10510.025642@1]- RTW(    0): fill_default_txdesc(wlan0): SP Packet(0x0806) rate=0x4 SeqNum = 2095
07-03 15:46:44.038 W/[10511.935014@0]- RTW(    0): Turbo EDCA =0x431c
07-03 15:46:46.058 W/[10513.954911@0]- RTW(    0): Turbo EDCA =0x5ea42b
07-03 15:46:47.294 W/[10515.194055@0]- RTW(    0): fill_default_txdesc(wlan0): SP Packet(0x0806) rate=0x4 SeqNum = 2177
07-03 15:46:48.070 W/[10515.967165@0]- RTW(    0): Turbo EDCA =0x431c
07-03 15:46:50.086 W/[10517.983135@0]- RTW(    0): Turbo EDCA =0x5ea42b
07-03 15:46:50.717 W/[10518.614584@3]- audit(    0): audit_lost=4048 audit_rate_limit=5 audit_backlog_limit=64
07-03 15:46:50.717 E/[10518.614592@3]- audit(    0): rate limit exceeded
07-03 15:46:52.102 W/[10519.998983@1]- RTW(    0): Turbo EDCA =0x431c
07-03 15:46:52.346 W/[10520.246360@3]- RTW(    0): fill_default_txdesc(wlan0): SP Packet(0x0806) rate=0x4 SeqNum = 2338
07-03 15:46:54.118 W/[10522.015106@1]- RTW(    0): Turbo EDCA =0x5ea42b
07-03 15:46:56.134 W/[10524.030934@2]- RTW(    0): Turbo EDCA =0x431c
07-03 15:46:57.138 W/[10525.037607@0]- RTW(    0): cfg80211_rtw_scan(wlan0)
07-03 15:46:57.138 W/[10525.037622@0]- RTW(    0): WARN cfg80211_rtw_scan (wlan0) : scan abort!! BusyTraffic
07-03 15:46:57.230 W/[10525.128356@0]- RTW(    0): fill_default_txdesc(wlan0): SP Packet(0x0806) rate=0x4 SeqNum = 2410
07-03 15:46:58.151 W/[10526.051095@0]- RTW(    0): Turbo EDCA =0x5ea42b
07-03 15:47:00.166 W/[10528.063136@0]- RTW(    0): Turbo EDCA =0x431c
07-03 15:47:01.702 W/[10529.598695@0]- RTW(    0): fill_default_txdesc(wlan0): SP Packet(0x0806) rate=0x4 SeqNum = 2495
07-03 15:47:02.382 W/[10530.278607@3]- RTW(    0): fill_default_txdesc(wlan0): SP Packet(0x0806) rate=0x4 SeqNum = 2499
07-03 15:47:06.214 W/[10534.111021@1]- RTW(    0): Turbo EDCA =0x5ea42b
07-03 15:47:07.614 W/[10535.514188@3]- RTW(    0): fill_default_txdesc(wlan0): SP Packet(0x0806) rate=0x4 SeqNum = 2688
07-03 15:47:08.230 W/[10536.127234@0]- RTW(    0): Turbo EDCA =0x431c
07-03 15:47:10.246 W/[10538.143400@1]- RTW(    0): Turbo EDCA =0x5ea42b
07-03 15:47:12.261 W/[10540.159202@3]- RTW(    0): Turbo EDCA =0x431c
07-03 15:47:12.706 W/[10540.604934@2]- RTW(    0): fill_default_txdesc(wlan0): SP Packet(0x0806) rate=0x4 SeqNum = 2771
07-03 15:47:14.278 W/[10542.175309@2]- RTW(    0): Turbo EDCA =0x5ea42b
07-03 15:47:16.294 W/[10544.191033@0]- RTW(    0): Turbo EDCA =0x431c
07-03 15:47:17.391 W/[10545.289589@0]- RTW(    0): fill_default_txdesc(wlan0): SP Packet(0x0806) rate=0x4 SeqNum = 2849
07-03 15:47:18.310 W/[10546.208068@1]- RTW(    0): Turbo EDCA =0x5ea42b
07-03 15:47:20.326 W/[10548.222962@0]- RTW(    0): Turbo EDCA =0x431c
07-03 15:47:20.902 W/[10548.798707@1]- RTW(    0): fill_default_txdesc(wlan0): SP Packet(0x0806) rate=0x4 SeqNum = 2989
07-03 15:47:22.130 W/[10550.029087@3]- RTW(    0): fill_default_txdesc(wlan0): SP Packet(0x0806) rate=0x4 SeqNum = 2995
07-03 15:47:22.342 W/[10550.238987@0]- RTW(    0): Turbo EDCA =0x5ea42b
07-03 15:47:24.358 W/[10552.254905@2]- RTW(    0): Turbo EDCA =0x431c
07-03 15:47:26.374 W/[10554.271020@0]- RTW(    0): Turbo EDCA =0x5ea42b
07-03 15:47:27.318 W/[10555.216845@3]- RTW(    0): fill_default_txdesc(wlan0): SP Packet(0x0806) rate=0x4 SeqNum = 3121
07-03 15:47:28.306 W/[10556.204339@2]- audit(    0): audit_lost=4076 audit_rate_limit=5 audit_backlog_limit=64
07-03 15:47:28.306 E/[10556.204347@2]- audit(    0): rate limit exceeded
07-03 15:47:28.390 W/[10556.287039@0]- RTW(    0): Turbo EDCA =0x431c
07-03 15:47:30.406 W/[10558.303167@0]- RTW(    0): Turbo EDCA =0x5ea42b
07-03 15:47:31.742 W/[10559.641884@2]- RTW(    0): fill_default_txdesc(wlan0): SP Packet(0x0806) rate=0x4 SeqNum = 3308
07-03 15:47:32.278 W/[10560.177427@3]- RTW(    0): fill_default_txdesc(wlan0): SP Packet(0x0806) rate=0x4 SeqNum = 3313
07-03 15:47:32.422 W/[10560.319088@3]- RTW(    0): Turbo EDCA =0x431c
07-03 15:47:34.438 W/[10562.334939@3]- RTW(    0): Turbo EDCA =0x5ea42b
07-03 15:47:36.454 W/[10564.350913@0]- RTW(    0): Turbo EDCA =0x431c
07-03 15:47:38.078 W/[10565.977524@2]- RTW(    0): fill_default_txdesc(wlan0): SP Packet(0x0806) rate=0x4 SeqNum = 3405
07-03 15:47:38.470 W/[10566.367192@0]- RTW(    0): Turbo EDCA =0x5ea42b
07-03 15:47:40.106 W/[10568.002800@0]- RTW(    0): fill_default_txdesc(wlan0): SP Packet(0x0806) rate=0x4 SeqNum = 3526
07-03 15:47:40.402 W/[10568.298798@1]- healthd(    0): battery l=100 v=4 t=0.0 h=2 st=2 c=1100 fc=10000000 chg=u
07-03 15:47:40.486 W/[10568.383315@0]- RTW(    0): Turbo EDCA =0x431c
07-03 15:47:42.502 W/[10570.399535@2]- RTW(    0): Turbo EDCA =0x5ea42b
07-03 15:47:43.134 W/[10571.033026@2]- RTW(    0): fill_default_txdesc(wlan0): SP Packet(0x0806) rate=0x4 SeqNum = 3541
07-03 15:47:44.518 W/[10572.415406@0]- RTW(    0): Turbo EDCA =0x431c
07-03 15:47:46.534 W/[10574.431044@1]- RTW(    0): Turbo EDCA =0x5ea42b
07-03 15:47:48.234 W/[10576.131961@3]- RTW(    0): fill_default_txdesc(wlan0): SP Packet(0x0806) rate=0x4 SeqNum = 3744
07-03 15:47:48.549 W/[10576.447053@3]- RTW(    0): Turbo EDCA =0x431c
07-03 15:47:50.566 W/[10578.463016@1]- RTW(    0): Turbo EDCA =0x5ea42b
07-03 15:47:52.582 W/[10580.479596@1]- RTW(    0): Turbo EDCA =0x431c
07-03 15:47:53.126 W/[10581.023544@3]- RTW(    0): fill_default_txdesc(wlan0): SP Packet(0x0806) rate=0x4 SeqNum = 3836
07-03 15:47:54.598 W/[10582.494959@2]- RTW(    0): Turbo EDCA =0x5ea42b
07-03 15:47:56.611 W/[10584.510967@1]- RTW(    0): Turbo EDCA =0x431c
07-03 15:47:58.286 W/[10586.185003@1]- RTW(    0): fill_default_txdesc(wlan0): SP Packet(0x0806) rate=0x4 SeqNum = 3894
07-03 15:47:58.628 W/[10586.527018@2]- RTW(    0): Turbo EDCA =0x5ea42b
07-03 15:47:59.302 W/[10587.198805@0]- RTW(    0): fill_default_txdesc(wlan0): SP Packet(0x0806) rate=0x4 SeqNum = 3955
07-03 15:48:00.645 W/[10588.542983@3]- RTW(    0): Turbo EDCA =0x431c
07-03 15:48:02.662 W/[10590.559027@3]- RTW(    0): Turbo EDCA =0x5ea42b
07-03 15:48:03.382 W/[10591.282180@3]- RTW(    0): fill_default_txdesc(wlan0): SP Packet(0x0806) rate=0x4 SeqNum = 0
07-03 15:48:04.676 W/[10592.574931@1]- RTW(    0): Turbo EDCA =0x431c
07-03 15:48:05.702 W/[10593.598703@2]- RTW(    0): fill_default_txdesc(wlan0): SP Packet(0x0806) rate=0x4 SeqNum = 7
07-03 15:48:05.790 W/[10593.690138@2]- RTW(    0): fill_default_txdesc(wlan0): SP Packet(0x0806) rate=0x4 SeqNum = 8
07-03 15:48:06.691 W/[10594.590920@3]- RTW(    0): Turbo EDCA =0x5ea42b
07-03 15:48:08.406 W/[10596.303023@1]- RTW(    0): fill_default_txdesc(wlan0): SP Packet(0x0806) rate=0x4 SeqNum = 120
07-03 15:48:08.710 W/[10596.607421@3]- RTW(    0): Turbo EDCA =0x431c
07-03 15:48:10.726 W/[10598.623038@3]- RTW(    0): Turbo EDCA =0x5ea42b
07-03 15:48:12.742 W/[10600.639480@3]- RTW(    0): Turbo EDCA =0x431c
07-03 15:48:13.118 W/[10601.018423@1]- RTW(    0): fill_default_txdesc(wlan0): SP Packet(0x0806) rate=0x4 SeqNum = 185
07-03 15:48:14.758 W/[10602.655973@3]- RTW(    0): Turbo EDCA =0x5ea42b
07-03 15:48:16.774 W/[10604.670976@3]- RTW(    0): Turbo EDCA =0x431c
07-03 15:48:18.682 W/[10606.578623@3]- RTW(    0): fill_default_txdesc(wlan0): SP Packet(0x0806) rate=0x4 SeqNum = 241
07-03 15:48:18.790 W/[10606.687104@3]- RTW(    0): Turbo EDCA =0x5ea42b
07-03 15:48:20.806 W/[10608.702755@0]- RTW(    0): fill_default_txdesc(wlan0): SP Packet(0x0806) rate=0x4 SeqNum = 347
07-03 15:48:20.806 W/[10608.703092@0]- RTW(    0): Turbo EDCA =0x431c
07-03 15:48:22.821 W/[10610.719010@1]- RTW(    0): Turbo EDCA =0x5ea42b
07-03 15:48:23.766 W/[10611.663089@1]- RTW(    0): fill_default_txdesc(wlan0): SP Packet(0x0806) rate=0x4 SeqNum = 429
07-03 15:48:24.838 W/[10612.734990@0]- RTW(    0): Turbo EDCA =0x431c
07-03 15:48:26.854 W/[10614.751041@1]- RTW(    0): Turbo EDCA =0x5ea42b
07-03 15:48:28.369 W/[10616.268362@1]- RTW(    0): fill_default_txdesc(wlan0): SP Packet(0x0806) rate=0x4 SeqNum = 523
07-03 15:48:28.870 W/[10616.767429@3]- RTW(    0): Turbo EDCA =0x431c
07-03 15:48:30.884 W/[10618.783337@1]- RTW(    0): Turbo EDCA =0x5ea42b
07-03 15:48:32.902 W/[10620.799208@0]- RTW(    0): Turbo EDCA =0x431c
07-03 15:48:33.446 W/[10621.344568@1]- RTW(    0): fill_default_txdesc(wlan0): SP Packet(0x0806) rate=0x4 SeqNum = 649
07-03 15:48:34.917 W/[10622.815038@1]- RTW(    0): Turbo EDCA =0x5ea42b
07-03 15:48:36.933 W/[10624.831223@2]- RTW(    0): Turbo EDCA =0x431c
07-03 15:48:38.947 W/[10626.847142@2]- RTW(    0): Turbo EDCA =0x5ea42b
07-03 15:48:38.974 W/[10626.872144@1]- RTW(    0): fill_default_txdesc(wlan0): SP Packet(0x0806) rate=0x4 SeqNum = 772
07-03 15:48:40.401 W/[10628.298796@1]- healthd(    0): battery l=100 v=4 t=0.0 h=2 st=2 c=1100 fc=10000000 chg=u
07-03 15:48:40.966 W/[10628.862995@2]- RTW(    0): Turbo EDCA =0x431c
07-03 15:48:41.030 W/[10628.926708@1]- RTW(    0): fill_default_txdesc(wlan0): SP Packet(0x0806) rate=0x4 SeqNum = 942
07-03 15:48:42.984 W/[10630.882946@3]- RTW(    0): Turbo EDCA =0x5ea42b
07-03 15:48:44.054 W/[10631.950689@3]- RTW(    0): fill_default_txdesc(wlan0): SP Packet(0x0806) rate=0x4 SeqNum = 1070
07-03 15:48:44.997 W/[10632.895134@2]- RTW(    0): Turbo EDCA =0x431c
07-03 15:48:47.014 W/[10634.911130@0]- RTW(    0): Turbo EDCA =0x5ea42b
07-03 15:48:48.122 W/[10636.022303@3]- RTW(    0): fill_default_txdesc(wlan0): SP Packet(0x0806) rate=0x4 SeqNum = 1152
07-03 15:48:49.030 W/[10636.926960@1]- RTW(    0): Turbo EDCA =0x431c
07-03 15:48:50.822 W/[10638.720542@1]- audit(    0): audit_lost=4077 audit_rate_limit=5 audit_backlog_limit=64
07-03 15:48:50.822 E/[10638.720550@1]- audit(    0): rate limit exceeded
07-03 15:48:51.046 W/[10638.942905@1]- RTW(    0): Turbo EDCA =0x5ea42b
07-03 15:48:53.066 W/[10640.964705@1]- RTW(    0): Turbo EDCA =0x431c
07-03 15:48:53.186 W/[10641.083166@1]- RTW(    0): fill_default_txdesc(wlan0): SP Packet(0x0806) rate=0x4 SeqNum = 1283
07-03 15:48:55.082 W/[10642.979145@0]- RTW(    0): Turbo EDCA =0x5ea42b
07-03 15:48:57.094 W/[10644.991026@1]- RTW(    0): Turbo EDCA =0x431c
07-03 15:48:58.195 W/[10646.090652@0]- RTW(    0): fill_default_txdesc(wlan0): SP Packet(0x0806) rate=0x4 SeqNum = 1469
07-03 15:48:59.108 W/[10647.007110@3]- RTW(    0): Turbo EDCA =0x5ea42b
07-03 15:49:01.126 W/[10649.023084@3]- RTW(    0): Turbo EDCA =0x431c
07-03 15:49:01.254 W/[10649.150821@0]- RTW(    0): fill_default_txdesc(wlan0): SP Packet(0x0806) rate=0x4 SeqNum = 1624
07-03 15:49:03.294 W/[10651.193216@1]- RTW(    0): fill_default_txdesc(wlan0): SP Packet(0x0806) rate=0x4 SeqNum = 1658
07-03 15:49:07.172 W/[10655.071129@0]- RTW(    0): Turbo EDCA =0x5ea42b
07-03 15:49:08.118 W/[10656.014699@2]- RTW(    0): fill_default_txdesc(wlan0): SP Packet(0x0806) rate=0x4 SeqNum = 1889
07-03 15:49:09.190 W/[10657.087441@2]- RTW(    0): Turbo EDCA =0x431c
07-03 15:49:11.206 W/[10659.103024@0]- RTW(    0): Turbo EDCA =0x5ea42b
07-03 15:49:13.134 W/[10661.033394@2]- RTW(    0): fill_default_txdesc(wlan0): SP Packet(0x0806) rate=0x4 SeqNum = 2063
07-03 15:49:13.222 W/[10661.119001@2]- RTW(    0): Turbo EDCA =0x431c
07-03 15:49:15.238 W/[10663.135188@0]- RTW(    0): Turbo EDCA =0x5ea42b
07-03 15:49:17.253 W/[10665.151489@1]- RTW(    0): Turbo EDCA =0x431c
07-03 15:49:18.562 W/[10666.461511@1]- RTW(    0): fill_default_txdesc(wlan0): SP Packet(0x0806) rate=0x4 SeqNum = 2186
07-03 15:49:21.222 W/[10669.120272@3]- RTW(    0): fill_default_txdesc(wlan0): SP Packet(0x0806) rate=0x4 SeqNum = 2279
07-03 15:49:23.158 W/[10671.055767@3]- RTW(    0): fill_default_txdesc(wlan0): SP Packet(0x0806) rate=0x4 SeqNum = 2286
07-03 15:49:28.058 W/[10675.956847@2]- audit(    0): audit_lost=4104 audit_rate_limit=5 audit_backlog_limit=64
07-03 15:49:28.059 E/[10675.956855@2]- audit(    0): rate limit exceeded
07-03 15:49:28.418 W/[10676.315184@3]- RTW(    0): fill_default_txdesc(wlan0): SP Packet(0x0806) rate=0x4 SeqNum = 2634
07-03 15:49:33.381 W/[10681.279297@1]- RTW(    0): Turbo EDCA =0x5ea42b
07-03 15:49:33.810 W/[10681.710347@0]- RTW(    0): fill_default_txdesc(wlan0): SP Packet(0x0806) rate=0x4 SeqNum = 2748
07-03 15:49:35.398 W/[10683.294928@1]- RTW(    0): Turbo EDCA =0x431c
07-03 15:49:37.138 W/[10685.034702@0]- RTW(    0): cfg80211_rtw_scan(wlan0)
07-03 15:49:37.138 W/[10685.034717@0]- RTW(    0): WARN cfg80211_rtw_scan (wlan0) : scan abort!! BusyTraffic
07-03 15:49:37.414 W/[10685.310965@0]- RTW(    0): Turbo EDCA =0x5ea42b
07-03 15:49:38.882 W/[10686.781372@1]- RTW(    0): fill_default_txdesc(wlan0): SP Packet(0x0806) rate=0x4 SeqNum = 2855
07-03 15:49:39.430 W/[10687.326921@1]- RTW(    0): Turbo EDCA =0x431c
07-03 15:49:39.654 W/[10687.550677@3]- RTW(    0): fill_default_txdesc(wlan0): SP Packet(0x0806) rate=0x4 SeqNum = 2919
07-03 15:49:40.398 W/[10688.298473@1]- healthd(    0): battery l=100 v=4 t=0.0 h=2 st=2 c=1100 fc=10000000 chg=u
07-03 15:49:41.444 W/[10689.342919@2]- RTW(    0): Turbo EDCA =0x5ea42b
07-03 15:49:43.462 W/[10691.358926@3]- RTW(    0): Turbo EDCA =0x431c
07-03 15:49:43.630 W/[10691.526908@2]- RTW(    0): fill_default_txdesc(wlan0): SP Packet(0x0806) rate=0x4 SeqNum = 3013
07-03 15:49:45.476 W/[10693.375589@3]- RTW(    0): Turbo EDCA =0x5ea42b
07-03 15:49:47.498 W/[10695.394928@1]- RTW(    0): Turbo EDCA =0x431c
07-03 15:49:48.730 W/[10696.627583@3]- RTW(    0): fill_default_txdesc(wlan0): SP Packet(0x0806) rate=0x4 SeqNum = 3101
07-03 15:49:49.510 W/[10697.407598@2]- RTW(    0): Turbo EDCA =0x5ea42b
07-03 15:49:51.525 W/[10699.422907@3]- RTW(    0): Turbo EDCA =0x431c
07-03 15:49:53.142 W/[10701.041558@1]- RTW(    0): fill_default_txdesc(wlan0): SP Packet(0x0806) rate=0x4 SeqNum = 3200
07-03 15:49:53.542 W/[10701.439551@1]- RTW(    0): Turbo EDCA =0x5ea42b
07-03 15:49:55.558 W/[10703.454938@3]- RTW(    0): Turbo EDCA =0x431c
07-03 15:49:57.571 W/[10705.470953@0]- RTW(    0): Turbo EDCA =0x5ea42b
07-03 15:49:58.254 W/[10706.153892@3]- RTW(    0): fill_default_txdesc(wlan0): SP Packet(0x0806) rate=0x4 SeqNum = 3326
07-03 15:49:58.854 W/[10706.750649@3]- RTW(    0): fill_default_txdesc(wlan0): SP Packet(0x0806) rate=0x4 SeqNum = 3337
07-03 15:49:59.589 W/[10707.487121@0]- RTW(    0): Turbo EDCA =0x431c
07-03 15:50:03.346 W/[10711.245187@1]s RTW(    0): fill_default_txdesc(wlan0): SP Packet(0x0806) rate=0x4 SeqNum = 3748
07-03 15:50:05.638 W/[10713.534960@1]- RTW(    0): Turbo EDCA =0x5ea42b
07-03 15:50:07.654 W/[10715.551026@1]- RTW(    0): Turbo EDCA =0x431c
07-03 15:50:08.390 W/[10716.290474@1]- RTW(    0): fill_default_txdesc(wlan0): SP Packet(0x0806) rate=0x4 SeqNum = 3842
07-03 15:50:09.667 W/[10717.567342@1]- RTW(    0): Turbo EDCA =0x5ea42b
07-03 15:50:11.686 W/[10719.583113@3]- RTW(    0): Turbo EDCA =0x431c
07-03 15:50:13.126 W/[10721.023774@3]- RTW(    0): fill_default_txdesc(wlan0): SP Packet(0x0806) rate=0x4 SeqNum = 3933
07-03 15:50:13.702 W/[10721.599153@3]- RTW(    0): Turbo EDCA =0x5ea42b
07-03 15:50:15.718 W/[10723.615067@3]- RTW(    0): Turbo EDCA =0x431c
07-03 15:50:17.734 W/[10725.630949@1]- RTW(    0): Turbo EDCA =0x5ea42b
07-03 15:50:18.055 W/[10725.954698@1]- RTW(    0): fill_default_txdesc(wlan0): SP Packet(0x0806) rate=0x4 SeqNum = 4029
07-03 15:50:18.562 W/[10726.460737@1]- RTW(    0): fill_default_txdesc(wlan0): SP Packet(0x0806) rate=0x4 SeqNum = 4033
07-03 15:50:19.749 W/[10727.646958@1]- RTW(    0): Turbo EDCA =0x431c
07-03 15:50:21.766 W/[10729.662982@1]- RTW(    0): Turbo EDCA =0x5ea42b
07-03 15:50:23.123 W/[10731.022049@1]- RTW(    0): fill_default_txdesc(wlan0): SP Packet(0x0806) rate=0x4 SeqNum = 36
07-03 15:50:23.786 W/[10731.683016@3]- RTW(    0): Turbo EDCA =0x431c
07-03 15:50:25.797 W/[10733.695030@1]- RTW(    0): Turbo EDCA =0x5ea42b
07-03 15:50:27.814 W/[10735.710976@1]- RTW(    0): Turbo EDCA =0x431c
07-03 15:50:28.058 W/[10735.958397@3]- audit(    0): audit_lost=4107 audit_rate_limit=5 audit_backlog_limit=64
07-03 15:50:28.058 E/[10735.958405@3]- audit(    0): rate limit exceeded
07-03 15:50:28.318 W/[10736.216228@3]- RTW(    0): fill_default_txdesc(wlan0): SP Packet(0x0806) rate=0x4 SeqNum = 287
07-03 15:50:29.830 W/[10737.726983@1]- RTW(    0): Turbo EDCA =0x5ea42b
07-03 15:50:31.843 W/[10739.742972@1]- RTW(    0): Turbo EDCA =0x431c
07-03 15:50:33.862 W/[10741.759153@3]- RTW(    0): Turbo EDCA =0x5ea42b
07-03 15:50:33.882 W/[10741.782174@1]- RTW(    0): fill_default_txdesc(wlan0): SP Packet(0x0806) rate=0x4 SeqNum = 391
07-03 15:50:35.878 W/[10743.775713@3]- RTW(    0): Turbo EDCA =0x431c
07-03 15:50:37.254 W/[10745.150739@2]- RTW(    0): fill_default_txdesc(wlan0): SP Packet(0x0806) rate=0x4 SeqNum = 472
07-03 15:50:37.892 W/[10745.791150@3]- RTW(    0): Turbo EDCA =0x5ea42b
07-03 15:50:38.666 W/[10746.563988@0]- RTW(    0): fill_default_txdesc(wlan0): SP Packet(0x0806) rate=0x4 SeqNum = 477
07-03 15:50:39.909 W/[10747.807066@3]- RTW(    0): Turbo EDCA =0x431c
07-03 15:50:40.402 W/[10748.299487@1]- healthd(    0): battery l=100 v=4 t=0.0 h=2 st=2 c=1100 fc=10000000 chg=u
07-03 15:50:41.926 W/[10749.823030@3]- RTW(    0): Turbo EDCA =0x5ea42b
07-03 15:50:43.886 W/[10751.783659@3]- RTW(    0): fill_default_txdesc(wlan0): SP Packet(0x0806) rate=0x4 SeqNum = 707
07-03 15:50:43.946 W/[10751.844000@3]- RTW(    0): Turbo EDCA =0x431c
07-03 15:50:45.958 W/[10753.855146@1]- RTW(    0): Turbo EDCA =0x5ea42b
07-03 15:50:47.974 W/[10755.870945@2]- RTW(    0): Turbo EDCA =0x431c
07-03 15:50:48.134 W/[10756.030614@1]- RTW(    0): fill_default_txdesc(wlan0): SP Packet(0x0806) rate=0x4 SeqNum = 795
07-03 15:50:49.990 W/[10757.887292@1]- RTW(    0): Turbo EDCA =0x5ea42b
07-03 15:50:50.910 W/[10758.810280@3]- audit(    0): audit_lost=4110 audit_rate_limit=5 audit_backlog_limit=64
07-03 15:50:50.912 E/[10758.810288@3]- audit(    0): rate limit exceeded
07-03 15:50:52.006 W/[10759.903040@3]- RTW(    0): Turbo EDCA =0x431c
07-03 15:50:53.222 W/[10761.120938@1]- RTW(    0): fill_default_txdesc(wlan0): SP Packet(0x0806) rate=0x4 SeqNum = 892
07-03 15:50:54.022 W/[10761.919149@0]- RTW(    0): Turbo EDCA =0x5ea42b
07-03 15:50:56.038 W/[10763.935013@1]- RTW(    0): Turbo EDCA =0x431c
07-03 15:50:56.454 W/[10764.350739@3]- RTW(    0): fill_default_txdesc(wlan0): SP Packet(0x0806) rate=0x4 SeqNum = 967
07-03 15:50:58.054 W/[10765.951073@0]- RTW(    0): Turbo EDCA =0x5ea42b
07-03 15:50:58.254 W/[10766.152427@2]- RTW(    0): fill_default_txdesc(wlan0): SP Packet(0x0806) rate=0x4 SeqNum = 974
07-03 15:50:58.538 W/[10766.434687@1]- audit(    0): audit_lost=4138 audit_rate_limit=5 audit_backlog_limit=64
07-03 15:50:58.538 E/[10766.434693@1]- audit(    0): rate limit exceeded
07-03 15:51:00.069 W/[10767.967423@1]- RTW(    0): Turbo EDCA =0x431c
07-03 15:51:03.122 W/[10771.019838@1]- RTW(    0): fill_default_txdesc(wlan0): SP Packet(0x0806) rate=0x4 SeqNum = 1103
07-03 15:51:03.714 W/[10771.610661@0]- RTW(    0): fill_default_txdesc(wlan0): SP Packet(0x0806) rate=0x4 SeqNum = 1154
07-03 15:51:06.118 W/[10774.015059@1]- RTW(    0): Turbo EDCA =0x5ea42b
07-03 15:51:08.134 W/[10776.030954@0]- RTW(    0): Turbo EDCA =0x431c
07-03 15:51:08.450 W/[10776.347061@3]- RTW(    0): fill_default_txdesc(wlan0): SP Packet(0x0806) rate=0x4 SeqNum = 1222
07-03 15:51:10.150 W/[10778.046951@2]- RTW(    0): Turbo EDCA =0x5ea42b
07-03 15:51:11.558 W/[10779.455118@1]- RTW(    0): cfg80211_rtw_set_power_mgmt(wlan0) enabled:0, timeout:-1
07-03 15:51:12.166 W/[10780.062994@3]- RTW(    0): Turbo EDCA =0x431c
07-03 15:51:12.678 W/[10780.577093@0]- RTW(    0): cfg80211_rtw_set_power_mgmt(wlan0) enabled:1, timeout:-1
07-03 15:51:13.526 W/[10781.423644@1]- RTW(    0): fill_default_txdesc(wlan0): SP Packet(0x0806) rate=0x4 SeqNum = 1340
07-03 15:51:14.182 W/[10782.079096@0]- RTW(    0): Turbo EDCA =0x5ea42b
07-03 15:51:15.654 W/[10783.550773@3]- RTW(    0): fill_default_txdesc(wlan0): SP Packet(0x0806) rate=0x4 SeqNum = 1413
07-03 15:51:16.202 W/[10784.098977@0]- RTW(    0): Turbo EDCA =0x431c
07-03 15:51:18.178 W/[10786.075826@3]- RTW(    0): fill_default_txdesc(wlan0): SP Packet(0x0806) rate=0x4 SeqNum = 1420
07-03 15:51:18.213 W/[10786.111111@0]- RTW(    0): Turbo EDCA =0x5ea42b
07-03 15:51:20.231 W/[10788.127189@2]- RTW(    0): Turbo EDCA =0x431c
07-03 15:51:22.246 W/[10790.143055@2]- RTW(    0): Turbo EDCA =0x5ea42b
07-03 15:51:23.342 W/[10791.242516@1]- RTW(    0): fill_default_txdesc(wlan0): SP Packet(0x0806) rate=0x4 SeqNum = 1550
07-03 15:51:24.262 W/[10792.159284@2]- RTW(    0): Turbo EDCA =0x431c
07-03 15:51:26.278 W/[10794.174971@0]- RTW(    0): Turbo EDCA =0x5ea42b
07-03 15:51:28.070 W/[10795.967385@2]- audit(    0): audit_lost=4139 audit_rate_limit=5 audit_backlog_limit=64
07-03 15:51:28.070 E/[10795.967398@2]- audit(    0): rate limit exceeded
07-03 15:51:28.294 W/[10796.190921@2]- RTW(    0): Turbo EDCA =0x431c
07-03 15:51:28.554 W/[10796.450881@3]- RTW(    0): fill_default_txdesc(wlan0): SP Packet(0x0806) rate=0x4 SeqNum = 1735
07-03 15:51:30.310 W/[10798.206983@2]- RTW(    0): Turbo EDCA =0x5ea42b
07-03 15:51:32.326 W/[10800.222980@2]- RTW(    0): Turbo EDCA =0x431c
07-03 15:51:33.366 W/[10801.266392@0]- RTW(    0): fill_default_txdesc(wlan0): SP Packet(0x0806) rate=0x4 SeqNum = 1841
07-03 15:51:34.339 W/[10802.239085@0]- RTW(    0): Turbo EDCA =0x5ea42b
07-03 15:51:34.854 W/[10802.750739@1]- RTW(    0): fill_default_txdesc(wlan0): SP Packet(0x0806) rate=0x4 SeqNum = 1847
07-03 15:51:36.356 W/[10804.255004@0]- RTW(    0): Turbo EDCA =0x431c
07-03 15:51:38.374 W/[10806.270923@0]- RTW(    0): Turbo EDCA =0x5ea42b
07-03 15:51:38.934 W/[10806.831310@2]- RTW(    0): fill_default_txdesc(wlan0): SP Packet(0x0806) rate=0x4 SeqNum = 1970
07-03 15:51:40.390 W/[10808.287095@3]- RTW(    0): Turbo EDCA =0x431c
07-03 15:51:40.402 W/[10808.301573@3]- healthd(    0): battery l=100 v=4 t=0.0 h=2 st=2 c=1100 fc=10000000 chg=u
07-03 15:51:42.406 W/[10810.303438@2]- RTW(    0): Turbo EDCA =0x5ea42b
07-03 15:51:43.246 W/[10811.146256@3]- RTW(    0): fill_default_txdesc(wlan0): SP Packet(0x0806) rate=0x4 SeqNum = 2060
07-03 15:51:44.422 W/[10812.318946@2]- RTW(    0): Turbo EDCA =0x431c
07-03 15:51:46.438 W/[10814.334912@1]- RTW(    0): Turbo EDCA =0x5ea42b
07-03 15:51:28.202 I/chatty  ( 3835): uid=1000(system) android.bg identical 85 lines
07-03 15:51:38.313 I/UsageStatsService( 3835): User[0] Flushing usage stats to disk
07-03 15:51:46.987 I/EntropyMixer( 3835): Added HW RNG output to entropy pool
07-03 15:51:46.987 I/EntropyMixer( 3835): Writing entropy...
07-03 15:51:48.174 W/[10816.072163@2]- RTW(    0): fill_default_txdesc(wlan0): SP Packet(0x0806) rate=0x4 SeqNum = 2212
07-03 15:51:48.422 I/UsageStatsService( 3835): User[0] Flushing usage stats to disk
07-03 15:51:48.451 W/[10816.350922@0]- RTW(    0): Turbo EDCA =0x431c
07-03 15:51:50.470 W/[10818.366984@0]- RTW(    0): Turbo EDCA =0x5ea42b
07-03 15:51:52.486 W/[10820.382933@0]- RTW(    0): Turbo EDCA =0x431c
07-03 15:51:53.139 W/[10821.038243@1]- RTW(    0): fill_default_txdesc(wlan0): SP Packet(0x0806) rate=0x4 SeqNum = 2316
07-03 15:51:54.054 W/[10821.950740@1]- RTW(    0): fill_default_txdesc(wlan0): SP Packet(0x0806) rate=0x4 SeqNum = 2318
07-03 15:51:54.502 W/[10822.399019@1]- RTW(    0): Turbo EDCA =0x5ea42b
07-03 15:51:56.518 W/[10824.414997@1]- RTW(    0): Turbo EDCA =0x431c
07-03 15:51:58.242 W/[10826.141577@1]- RTW(    0): fill_default_txdesc(wlan0): SP Packet(0x0806) rate=0x4 SeqNum = 2398
07-03 15:51:58.521 I/UsageStatsService( 3835): User[0] Flushing usage stats to disk
07-03 15:51:58.534 W/[10826.431327@2]- RTW(    0): Turbo EDCA =0x5ea42b
07-03 15:52:00.550 W/[10828.447225@3]- RTW(    0): Turbo EDCA =0x431c
07-03 15:52:02.675 W/ContextImpl( 5441): Calling a method in the system process without a qualified user: android.app.ContextImpl.sendBroadcast:1111 android.content.ContextWrapper.sendBroadcast:468 com.iwedia.tvinput.engine.ChannelManager.disconnectCA:3912 com.iwedia.tvinput.engine.ChannelManager.access$4300:116 com.iwedia.tvinput.engine.ChannelManager$CaReconnectTask.run:2434 
07-03 15:52:02.688 W/ContextImpl( 5940): Calling a method in the system process without a qualified user: android.app.ContextImpl.bindService:1748 android.content.ContextWrapper.bindService:756 com.jio.adc.core.b.d:56 com.jio.adc.core.b.b:13 com.jio.adc.core.b$c.run:7 
07-03 15:52:02.707 W/ContextImpl( 5441): Calling a method in the system process without a qualified user: android.app.ContextImpl.sendBroadcast:1111 android.content.ContextWrapper.sendBroadcast:468 com.iwedia.tvinput.engine.ChannelManager.connectCA:3844 com.iwedia.tvinput.engine.ChannelManager.access$5900:116 com.iwedia.tvinput.engine.ChannelManager$CaMessageHandler.handleMessage:4279 
07-03 15:52:03.353 W/[10831.251515@3]- RTW(    0): fill_default_txdesc(wlan0): SP Packet(0x0806) rate=0x4 SeqNum = 2530
07-03 15:52:08.450 W/[10836.348539@0]- RTW(    0): fill_default_txdesc(wlan0): SP Packet(0x0806) rate=0x4 SeqNum = 2622
07-03 15:52:08.646 I/UsageStatsService( 3835): User[0] Flushing usage stats to disk
07-03 15:52:09.306 W/ContextImpl( 4871): Calling a method in the system process without a qualified user: android.app.ContextImpl.sendBroadcast:1126 android.content.ContextWrapper.sendBroadcast:473 com.iwedia.dtv.common.CommonTifExtnIntentHandler.sendIntent:123 com.iwedia.dtv.common.CommonTifExtnIntentHandler.notifyServiceJsonInfo:87 com.iwedia.dtv.common.CommonTifExtnControl.notifyServiceJsonInfo:778 
07-03 15:52:13.252 W/[10841.150694@1]- RTW(    0): fill_default_txdesc(wlan0): SP Packet(0x0806) rate=0x4 SeqNum = 2829
07-03 15:52:13.516 W/[10841.416506@2]- RTW(    0): fill_default_txdesc(wlan0): SP Packet(0x0806) rate=0x4 SeqNum = 2840
07-03 15:52:13.938 W/[10841.837260@2]- audit(    0): audit_lost=4142 audit_rate_limit=5 audit_backlog_limit=64
07-03 15:52:13.938 E/[10841.837269@2]- audit(    0): rate limit exceeded
07-03 15:52:15.426 W/[10843.326082@0]- audit(    0): audit_lost=4157 audit_rate_limit=5 audit_backlog_limit=64
07-03 15:52:15.426 E/[10843.326092@0]- audit(    0): rate limit exceeded
07-03 15:52:16.450 W/[10844.349081@1]- audit(    0): audit_lost=4185 audit_rate_limit=5 audit_backlog_limit=64
07-03 15:52:16.450 E/[10844.349088@1]- audit(    0): rate limit exceeded
07-03 15:52:17.146 W/[10845.045671@3]- RTW(    0): cfg80211_rtw_scan(wlan0)
07-03 15:52:17.146 W/[10845.045687@3]- RTW(    0): WARN cfg80211_rtw_scan (wlan0) : scan abort!! BusyTraffic
07-03 15:52:17.463 W/[10845.360519@0]- audit(    0): audit_lost=4204 audit_rate_limit=5 audit_backlog_limit=64
07-03 15:52:17.463 E/[10845.360529@0]- audit(    0): rate limit exceeded
07-03 15:52:18.634 W/[10846.531822@0]- RTW(    0): fill_default_txdesc(wlan0): SP Packet(0x0806) rate=0x4 SeqNum = 2989
07-03 15:52:18.698 W/[10846.594947@1]- RTW(    0): Turbo EDCA =0x5ea42b
07-03 15:52:18.871 I/UsageStatsService( 3835): User[0] Flushing usage stats to disk
07-03 15:52:20.710 W/[10848.607422@0]- RTW(    0): Turbo EDCA =0x431c
07-03 15:52:22.726 W/[10850.623167@1]- RTW(    0): Turbo EDCA =0x5ea42b
07-03 15:52:23.622 W/[10851.519605@3]- RTW(    0): fill_default_txdesc(wlan0): SP Packet(0x0806) rate=0x4 SeqNum = 3213
07-03 15:52:24.742 W/[10852.639225@0]- RTW(    0): Turbo EDCA =0x431c
07-03 15:52:26.758 W/[10854.654941@0]- RTW(    0): Turbo EDCA =0x5ea42b
07-03 15:52:27.589 W/[10855.486735@0]- RTW(    0): fill_default_txdesc(wlan0): SP Packet(0x0806) rate=0x4 SeqNum = 3350
07-03 15:52:28.774 W/[10856.671149@1]- RTW(    0): Turbo EDCA =0x431c
07-03 15:52:28.814 W/[10856.711099@2]- RTW(    0): fill_default_txdesc(wlan0): SP Packet(0x0806) rate=0x4 SeqNum = 3399
07-03 15:52:31.686 W/[10859.582715@2]- RTW(    0): fill_default_txdesc(wlan0): SP Packet(0x0806) rate=0x4 SeqNum = 3564
07-03 15:52:31.783 W/[10859.683273@3]- RTW(    0): fill_default_txdesc(wlan0): SP Packet(0x0806) rate=0x4 SeqNum = 3565
07-03 15:52:32.198 W/[10860.094705@1]- RTW(    0): fill_default_txdesc(wlan0): SP Packet(0x0806) rate=0x4 SeqNum = 3572
07-03 15:52:33.662 W/[10861.559095@0]- RTW(    0): fill_default_txdesc(wlan0): SP Packet(0x0806) rate=0x4 SeqNum = 3592
07-03 15:52:38.358 W/[10866.255790@3]- RTW(    0): fill_default_txdesc(wlan0): SP Packet(0x0806) rate=0x4 SeqNum = 3805
07-03 15:52:40.398 W/[10868.298363@3]- healthd(    0): battery l=100 v=4 t=0.0 h=2 st=2 c=1100 fc=10000000 chg=u
07-03 15:52:44.030 W/[10871.927227@2]- RTW(    0): fill_default_txdesc(wlan0): SP Packet(0x0806) rate=0x4 SeqNum = 65
07-03 15:52:48.121 W/[10876.019439@3]- RTW(    0): fill_default_txdesc(wlan0): SP Packet(0x0806) rate=0x4 SeqNum = 220
07-03 15:52:51.014 W/[10878.913504@1]- audit(    0): audit_lost=4232 audit_rate_limit=5 audit_backlog_limit=64
07-03 15:52:51.014 E/[10878.913512@1]- audit(    0): rate limit exceeded
07-03 15:52:51.414 W/[10879.303949@1]s RTW(    0): fill_default_txdesc(wlan0): SP Packet(0x0806) rate=0x4 SeqNum = 307
07-03 15:52:53.274 W/[10881.172744@3]- RTW(    0): fill_default_txdesc(wlan0): SP Packet(0x0806) rate=0x4 SeqNum = 395
07-03 15:52:58.174 W/[10886.070601@3]- RTW(    0): fill_default_txdesc(wlan0): SP Packet(0x0806) rate=0x4 SeqNum = 585
07-03 15:53:03.046 W/[10890.942958@0]- RTW(    0): Turbo EDCA =0x5ea42b
07-03 15:53:03.121 W/[10891.019998@3]- RTW(    0): fill_default_txdesc(wlan0): SP Packet(0x0806) rate=0x4 SeqNum = 784
07-03 15:53:04.442 W/[10892.342341@0]- audit(    0): audit_lost=4259 audit_rate_limit=5 audit_backlog_limit=64
07-03 15:53:04.442 E/[10892.342350@0]- audit(    0): rate limit exceeded
07-03 15:53:05.062 W/[10892.958941@1]- RTW(    0): Turbo EDCA =0x431c
07-03 15:53:05.650 W/[10893.547271@1]- audit(    0): audit_lost=4273 audit_rate_limit=5 audit_backlog_limit=64
07-03 15:53:05.650 E/[10893.547279@1]- audit(    0): rate limit exceeded
07-03 15:53:05.825 W/[10893.725664@1]- RTW(    0): fill_default_txdesc(wlan0): SP Packet(0x0806) rate=0x4 SeqNum = 919
07-03 15:53:06.810 W/[10894.708193@1]- audit(    0): audit_lost=4316 audit_rate_limit=5 audit_backlog_limit=64
07-03 15:53:06.810 E/[10894.708202@1]- audit(    0): rate limit exceeded
07-03 15:53:07.855 W/[10895.751932@0]- audit(    0): audit_lost=4335 audit_rate_limit=5 audit_backlog_limit=64
07-03 15:53:07.855 E/[10895.751941@0]- audit(    0): rate limit exceeded
07-03 15:53:08.430 W/[10896.329052@2]- RTW(    0): fill_default_txdesc(wlan0): SP Packet(0x0806) rate=0x4 SeqNum = 1037
07-03 15:52:49.206 I/chatty  ( 3835): uid=1000(system) android.bg identical 3 lines
07-03 15:52:59.315 I/UsageStatsService( 3835): User[0] Flushing usage stats to disk
07-03 15:53:08.851 W/ActivityManager( 3835): Receiver with filter android.content.IntentFilter@e82893 already registered for pid 5124, callerPackage is com.rjil.jiostbsetting
07-03 15:53:08.852 W/ContextImpl( 5124): Calling a method in the system process without a qualified user: android.app.ContextImpl.sendBroadcast:1111 android.content.ContextWrapper.sendBroadcast:468 com.rjil.jiostbsetting.service.EndlessService.ESNredirect:1604 com.rjil.jiostbsetting.service.EndlessService$mConnection$1$onServiceConnected$2.invokeSuspend:1207 kotlin.coroutines.jvm.internal.BaseContinuationImpl.resumeWith:33 
07-03 15:53:08.888 I/DropBoxManagerService( 3835): add tag=system_server_strictmode isTagEnabled=true flags=0x2
07-03 15:53:08.889 W/BroadcastQueue( 3835): Background execution not allowed: receiving Intent { act=com.netflix.ninja.intent.action.ESN_RESPONSE flg=0x10000010 (has extras) } to com.netflix.partnertoken/com.partner.padi.EsnReceiver
07-03 15:53:08.897 W/ContextImpl( 5124): Calling a method in the system process without a qualified user: android.app.ContextImpl.bindService:1748 android.content.ContextWrapper.bindService:756 com.jio.adc.core.b.d:56 com.jio.adc.core.b.b:13 com.jio.adc.core.b$c.run:7 
07-03 15:53:09.074 W/[10896.972667@1]- audit(    0): audit_lost=4360 audit_rate_limit=5 audit_backlog_limit=64
07-03 15:53:09.074 E/[10896.972675@1]- audit(    0): rate limit exceeded
07-03 15:53:09.951 I/ProcessStatsService( 3835): Pruning old procstats: /data/system/procstats/state-2015-01-01-05-30-17.bin
07-03 15:53:09.952 I/UsageStatsService( 3835): User[0] Flushing usage stats to disk
07-03 15:53:10.598 W/[10898.495551@3]- RTW(    0): fill_default_txdesc(wlan0): SP Packet(0x0806) rate=0x4 SeqNum = 1085
07-03 15:53:10.663 W/ContextImpl( 5124): Calling a method in the system process without a qualified user: android.app.ContextImpl.sendBroadcast:1111 android.content.ContextWrapper.sendBroadcast:468 com.rjil.jiostbsetting.utils.UtilsKt.getAllVolumeDetails:2230 com.rjil.jiostbsetting.service.EndlessService.getParameters$lambda-22:1166 com.rjil.jiostbsetting.service.EndlessService.$r8$lambda$rJsFG8XlIrKzvRVodgEZk__jDnM:0 
07-03 15:53:10.671 W/ContextImpl( 5124): Calling a method in the system process without a qualified user: android.app.ContextImpl.sendBroadcast:1111 android.content.ContextWrapper.sendBroadcast:468 com.rjil.jiostbsetting.utils.UtilsKt.sendUSBAttachDetachBroadcast:2259 com.rjil.jiostbsetting.service.EndlessService$CallbackListener.onParameterNotification:1327 com.rjil.jiostbsetting.dc.DCDataProvider.invokeCallback:107 
07-03 15:53:10.672 W/BroadcastQueue( 3835): Background execution not allowed: receiving Intent { act=com.rjil.jiostbsetting.UsbAttachDetach flg=0x30 (has extras) } to com.iwedia.ui.rjio.launcher.reliance/.profile.ExternalBroadcastReceiver
07-03 15:53:13.508 W/[10901.408426@2]- RTW(    0): fill_default_txdesc(wlan0): SP Packet(0x0806) rate=0x4 SeqNum = 1235
07-03 15:53:18.570 W/[10906.468926@2]- RTW(    0): fill_default_txdesc(wlan0): SP Packet(0x0806) rate=0x4 SeqNum = 1414
07-03 15:53:20.057 I/UsageStatsService( 3835): User[0] Flushing usage stats to disk
07-03 15:53:23.271 W/[10911.170578@2]s RTW(    0): fill_default_txdesc(wlan0): SP Packet(0x0806) rate=0x4 SeqNum = 1615
07-03 15:53:28.066 W/[10915.964082@0]- audit(    0): audit_lost=4361 audit_rate_limit=5 audit_backlog_limit=64
07-03 15:53:28.066 E/[10915.964090@0]- audit(    0): rate limit exceeded
07-03 15:53:28.278 W/[10916.177037@0]- RTW(    0): fill_default_txdesc(wlan0): SP Packet(0x0806) rate=0x4 SeqNum = 1896
07-03 15:53:29.798 W/[10917.694755@0]- RTW(    0): fill_default_txdesc(wlan0): SP Packet(0x0806) rate=0x4 SeqNum = 1933
07-03 15:53:33.870 W/[10921.769512@3]- RTW(    0): fill_default_txdesc(wlan0): SP Packet(0x0806) rate=0x4 SeqNum = 2064
07-03 15:53:38.242 W/[10926.142042@3]- RTW(    0): fill_default_txdesc(wlan0): SP Packet(0x0806) rate=0x4 SeqNum = 2241
07-03 15:53:40.402 W/[10928.298683@3]- healthd(    0): battery l=100 v=4 t=0.0 h=2 st=2 c=1100 fc=10000000 chg=u
07-03 15:53:43.162 W/[10931.059484@3]- RTW(    0): fill_default_txdesc(wlan0): SP Packet(0x0806) rate=0x4 SeqNum = 2415
07-03 15:53:30.166 I/chatty  ( 3835): uid=1000(system) android.bg identical 1 line
07-03 15:53:40.276 I/UsageStatsService( 3835): User[0] Flushing usage stats to disk
07-03 15:53:46.497 I/JobServiceContext( 3835): Client timed out while executing (no jobFinished received), sending onStop: 86a1e11 #u0a37/1 com.jio.store/.jobsheduler.AppInstallJobService
07-03 15:53:48.102 W/[10935.998851@0]- RTW(    0): fill_default_txdesc(wlan0): SP Packet(0x0806) rate=0x4 SeqNum = 2677
07-03 15:53:48.997 W/[10936.894690@1]- RTW(    0): fill_default_txdesc(wlan0): SP Packet(0x0806) rate=0x4 SeqNum = 2689
07-03 15:53:50.375 I/UsageStatsService( 3835): User[0] Flushing usage stats to disk
07-03 15:53:53.107 W/[10941.003900@0]- RTW(    0): fill_default_txdesc(wlan0): SP Packet(0x0806) rate=0x4 SeqNum = 2892
07-03 15:53:58.210 W/[10946.109099@3]- RTW(    0): fill_default_txdesc(wlan0): SP Packet(0x0806) rate=0x4 SeqNum = 3038
07-03 15:54:03.270 W/[10951.170432@3]- RTW(    0): fill_default_txdesc(wlan0): SP Packet(0x0806) rate=0x4 SeqNum = 3221
07-03 15:54:08.198 W/[10956.094694@2]- RTW(    0): fill_default_txdesc(wlan0): SP Packet(0x0806) rate=0x4 SeqNum = 3559
07-03 15:54:08.350 W/[10956.250049@3]- RTW(    0): fill_default_txdesc(wlan0): SP Packet(0x0806) rate=0x4 SeqNum = 3568
07-03 15:54:13.434 W/[10961.330883@2]- RTW(    0): fill_default_txdesc(wlan0): SP Packet(0x0806) rate=0x4 SeqNum = 3774
07-03 15:54:00.466 I/chatty  ( 3835): uid=1000(system) android.bg identical 1 line
07-03 15:54:10.575 I/UsageStatsService( 3835): User[0] Flushing usage stats to disk
07-03 15:54:17.808 D/PackageManager( 3835): Instant App installer not found with android.intent.action.INSTALL_INSTANT_APP_PACKAGE
07-03 15:54:17.808 D/PackageManager( 3835): Clear ephemeral installer activity
07-03 15:54:17.889 D/PackageManager( 3835): Instant App installer not found with android.intent.action.INSTALL_INSTANT_APP_PACKAGE
07-03 15:54:17.889 D/PackageManager( 3835): Clear ephemeral installer activity
07-03 15:54:18.128 W/[10966.027514@2]- RTW(    0): fill_default_txdesc(wlan0): SP Packet(0x0806) rate=0x4 SeqNum = 4015
07-03 15:54:18.847 I/AppsFilter( 3835): interaction: PackageSetting{88ba63a com.jio.yt/10083} -> PackageSetting{af7a2eb com.jio.jiopay/10077} BLOCKED
07-03 15:54:18.847 I/AppsFilter( 3835): interaction: PackageSetting{bd62848 io.appium.uiautomator2.server.test/10038} -> PackageSetting{af7a2eb com.jio.jiopay/10077} BLOCKED
