07-03 13:45:34.081 D/ConnectivityService( 3835): NetReassign [25 : null → 100]
07-03 13:45:34.285 D/INSETS  ( 3835): else - Package Name ::  left : 0 right :: 0 top :: 0 bottom :: 0 dfu-right :: 1920 dfu-bottom :: 1080
07-03 13:45:34.577 D/INSETS  ( 3835): else - Package Name ::  left : 0 right :: 0 top :: 0 bottom :: 0 dfu-right :: 1920 dfu-bottom :: 1080
07-03 13:45:34.602 I/chatty  ( 3835): uid=1000(system) android.anim identical 1 line
07-03 13:45:34.995 D/INSETS  ( 3835): else - Package Name ::  left : 0 right :: 0 top :: 0 bottom :: 0 dfu-right :: 1920 dfu-bottom :: 1080
07-03 13:45:34.999 V/ActivityTaskManager( 3835): Old State : PAUSED Updated state : STOPPING Activity : ComponentInfo{com.iwedia.ui.rjio.launcher.reliance/com.iwedia.ui.rjio.launcher.ui.intro.IntroActivity}
07-03 13:45:34.999 V/ActivityTaskManager( 3835): Sending Broadcast : Intent { act=com.jio.remote.action.applaunch flg=0x40000000 pkg=com.jio.remote.btserver (has extras) }
07-03 13:45:35.028 D/INSETS  ( 3835): else - Package Name ::  left : 0 right :: 0 top :: 0 bottom :: 0 dfu-right :: 1920 dfu-bottom :: 1080
07-03 13:45:35.081 D/INSETS  ( 3835): else - Package Name ::  left : 0 right :: 0 top :: 0 bottom :: 0 dfu-right :: 1920 dfu-bottom :: 1080
07-03 13:45:35.092 V/ActivityTaskManager( 3835): Old State : STOPPING Updated state : STOPPED Activity : ComponentInfo{com.iwedia.ui.rjio.launcher.reliance/com.iwedia.ui.rjio.launcher.ui.intro.IntroActivity}
07-03 13:45:35.092 V/ActivityTaskManager( 3835): Sending Broadcast : Intent { act=com.jio.remote.action.applaunch flg=0x40000000 pkg=com.jio.remote.btserver (has extras) }
07-03 13:45:35.735 D/ConnectivityService( 3835): requestNetwork for uid/pid:10075/19579 NetworkRequest [ TRACK_DEFAULT id=26, [ Capabilities: INTERNET&NOT_RESTRICTED&TRUSTED Uid: 10075 AdministratorUids: [] RequestorUid: 10075 RequestorPackageName: com.jiotv.sonyliv] ]
07-03 13:45:35.736 D/ConnectivityService( 3835): NetReassign [26 : null → 100]
07-03 13:45:36.396 I/ActivityTaskManager( 3835): START u0 {flg=0x14008000 cmp=com.jiotv.sonyliv/com.sonyliv.onboarding.features.onboarding.views.OnboardingActivity (has extras)} from uid 10075
07-03 13:45:36.396 D/ActivityTaskManager( 3835): recent debug: [launchedPkgName] --> com.jiotv.sonyliv [callingPackage] --> com.jiotv.sonyliv
07-03 13:45:36.402 V/ActivityTaskManager( 3835): Old State : null Updated state : INITIALIZING Activity : ComponentInfo{com.jiotv.sonyliv/com.sonyliv.onboarding.features.onboarding.views.OnboardingActivity}
07-03 13:45:36.403 V/ActivityTaskManager( 3835): Sending Broadcast : Intent { act=com.jio.remote.action.applaunch flg=0x40000000 pkg=com.jio.remote.btserver (has extras) }
07-03 13:45:36.419 V/ActivityTaskManager( 3835): Old State : RESUMED Updated state : PAUSING Activity : ComponentInfo{com.jiotv.sonyliv/com.sonyliv.ui.splash.SplashActivity}
07-03 13:45:36.420 V/ActivityTaskManager( 3835): Sending Broadcast : Intent { act=com.jio.remote.action.applaunch flg=0x40000000 pkg=com.jio.remote.btserver (has extras) }
07-03 13:45:36.423 I/UsageStatsService( 3835): User[0] Flushing usage stats to disk
07-03 13:45:36.587 W/ActivityTaskManager( 3835): Duplicate finish request for r=ActivityRecord{179b8b6 u0 com.jiotv.sonyliv/com.sonyliv.ui.splash.SplashActivity t356 f}}
07-03 13:45:36.598 V/ActivityTaskManager( 3835): Old State : PAUSING Updated state : PAUSED Activity : ComponentInfo{com.jiotv.sonyliv/com.sonyliv.ui.splash.SplashActivity}
07-03 13:45:36.598 V/ActivityTaskManager( 3835): Sending Broadcast : Intent { act=com.jio.remote.action.applaunch flg=0x40000000 pkg=com.jio.remote.btserver (has extras) }
07-03 13:45:36.599 W/ActivityTaskManager( 3835): Tried to set launchTime (0) < mLastActivityLaunchTime (3241065)
07-03 13:45:36.600 V/ActivityTaskManager( 3835): Old State : PAUSED Updated state : STOPPING Activity : ComponentInfo{com.jiotv.sonyliv/com.sonyliv.ui.splash.SplashActivity}
07-03 13:45:36.600 V/ActivityTaskManager( 3835): Sending Broadcast : Intent { act=com.jio.remote.action.applaunch flg=0x40000000 pkg=com.jio.remote.btserver (has extras) }
07-03 13:45:36.604 V/ActivityTaskManager( 3835): Old State : INITIALIZING Updated state : RESUMED Activity : ComponentInfo{com.jiotv.sonyliv/com.sonyliv.onboarding.features.onboarding.views.OnboardingActivity}
07-03 13:45:36.604 V/ActivityTaskManager( 3835): Sending Broadcast : Intent { act=com.jio.remote.action.applaunch flg=0x40000000 pkg=com.jio.remote.btserver (has extras) }
07-03 13:45:37.301 E/TaskPersister( 3835): File error accessing recents directory (directory doesn't exist?).
07-03 13:45:37.403 D/INSETS  ( 3835): else - Package Name ::  left : 0 right :: 0 top :: 0 bottom :: 0 dfu-right :: 1920 dfu-bottom :: 1080
07-03 13:45:37.438 D/INSETS  ( 3835): else - Package Name ::  left : 0 right :: 0 top :: 0 bottom :: 0 dfu-right :: 1920 dfu-bottom :: 1080
07-03 13:45:37.778 I/chatty  ( 3835): uid=1000(system) android.anim identical 2 lines
07-03 13:45:37.781 D/INSETS  ( 3835): else - Package Name ::  left : 0 right :: 0 top :: 0 bottom :: 0 dfu-right :: 1920 dfu-bottom :: 1080
07-03 13:45:37.784 V/ActivityTaskManager( 3835): Old State : STOPPING Updated state : FINISHING Activity : ComponentInfo{com.jiotv.sonyliv/com.sonyliv.ui.splash.SplashActivity}
07-03 13:45:37.784 V/ActivityTaskManager( 3835): Sending Broadcast : Intent { act=com.jio.remote.action.applaunch flg=0x40000000 pkg=com.jio.remote.btserver (has extras) }
07-03 13:45:37.785 V/ActivityTaskManager( 3835): Old State : FINISHING Updated state : DESTROYING Activity : ComponentInfo{com.jiotv.sonyliv/com.sonyliv.ui.splash.SplashActivity}
07-03 13:45:37.785 V/ActivityTaskManager( 3835): Sending Broadcast : Intent { act=com.jio.remote.action.applaunch flg=0x40000000 pkg=com.jio.remote.btserver (has extras) }
07-03 13:45:38.736 D/INSETS  ( 3835): else - Package Name ::  left : 0 right :: 0 top :: 0 bottom :: 0 dfu-right :: 1920 dfu-bottom :: 1080
07-03 13:45:38.891 D/INSETS  ( 3835): else - Package Name ::  left : 0 right :: 0 top :: 0 bottom :: 0 dfu-right :: 1920 dfu-bottom :: 1080
07-03 13:45:38.896 V/ActivityTaskManager( 3835): Old State : DESTROYING Updated state : DESTROYED Activity : ComponentInfo{com.jiotv.sonyliv/com.sonyliv.ui.splash.SplashActivity}
07-03 13:45:38.896 V/ActivityTaskManager( 3835): Sending Broadcast : Intent { act=com.jio.remote.action.applaunch flg=0x40000000 pkg=com.jio.remote.btserver (has extras) }
07-03 13:45:38.949 I/ActivityManager( 3835): PendingStartActivityUids startActivity to updateOomAdj delay:2345ms, uid:10075
07-03 13:45:40.851 I/ActivityTaskManager( 3835): START u0 {flg=0x10008000 cmp=com.jiotv.sonyliv/com.sonyliv.ui.home.HomeActivity} from uid 10075
07-03 13:45:40.852 D/ActivityTaskManager( 3835): recent debug: [launchedPkgName] --> com.jiotv.sonyliv [callingPackage] --> com.jiotv.sonyliv
07-03 13:45:40.857 V/ActivityTaskManager( 3835): Old State : null Updated state : INITIALIZING Activity : ComponentInfo{com.jiotv.sonyliv/com.sonyliv.ui.home.HomeActivity}
07-03 13:45:40.857 V/ActivityTaskManager( 3835): Sending Broadcast : Intent { act=com.jio.remote.action.applaunch flg=0x40000000 pkg=com.jio.remote.btserver (has extras) }
07-03 13:45:40.876 V/ActivityTaskManager( 3835): Old State : RESUMED Updated state : PAUSING Activity : ComponentInfo{com.jiotv.sonyliv/com.sonyliv.onboarding.features.onboarding.views.OnboardingActivity}
07-03 13:45:40.876 V/ActivityTaskManager( 3835): Sending Broadcast : Intent { act=com.jio.remote.action.applaunch flg=0x40000000 pkg=com.jio.remote.btserver (has extras) }
07-03 13:45:40.890 W/ActivityTaskManager( 3835): Tried to set launchTime (0) < mLastActivityLaunchTime (3244407)
07-03 13:45:40.891 V/ActivityTaskManager( 3835): Old State : PAUSING Updated state : PAUSED Activity : ComponentInfo{com.jiotv.sonyliv/com.sonyliv.onboarding.features.onboarding.views.OnboardingActivity}
07-03 13:45:40.891 V/ActivityTaskManager( 3835): Sending Broadcast : Intent { act=com.jio.remote.action.applaunch flg=0x40000000 pkg=com.jio.remote.btserver (has extras) }
07-03 13:45:40.900 V/ActivityTaskManager( 3835): Old State : PAUSED Updated state : STOPPING Activity : ComponentInfo{com.jiotv.sonyliv/com.sonyliv.onboarding.features.onboarding.views.OnboardingActivity}
07-03 13:45:40.900 V/ActivityTaskManager( 3835): Sending Broadcast : Intent { act=com.jio.remote.action.applaunch flg=0x40000000 pkg=com.jio.remote.btserver (has extras) }
07-03 13:45:40.905 V/ActivityTaskManager( 3835): Old State : INITIALIZING Updated state : RESUMED Activity : ComponentInfo{com.jiotv.sonyliv/com.sonyliv.ui.home.HomeActivity}
07-03 13:45:40.906 V/ActivityTaskManager( 3835): Sending Broadcast : Intent { act=com.jio.remote.action.applaunch flg=0x40000000 pkg=com.jio.remote.btserver (has extras) }
07-03 13:45:41.257 D/CompatibilityChangeReporter( 3835): Compat change id reported: 135634846; UID 10075; state: DISABLED
07-03 13:45:41.257 D/CompatibilityChangeReporter( 3835): Compat change id reported: 143937733; UID 10075; state: ENABLED
07-03 13:45:41.280 I/ActivityManager( 3835): Start proc 19857:com.android.webview:sandboxed_process0:org.chromium.content.app.SandboxedProcessService0:0/u0i2 for  {com.jiotv.sonyliv/org.chromium.content.app.SandboxedProcessService0:0}
07-03 13:45:41.334 D/CompatibilityChangeReporter( 3835): Compat change id reported: 136274596; UID 10075; state: ENABLED
07-03 13:45:41.435 E/ActivityThread(19579): Failed to find provider info for com.jio.stbpushservice.SubscriberIdProvider2
07-03 13:45:41.651 D/CompatibilityChangeReporter( 3835): Compat change id reported: 135634846; UID 10052; state: DISABLED
07-03 13:45:41.652 D/CompatibilityChangeReporter( 3835): Compat change id reported: 143937733; UID 10052; state: ENABLED
07-03 13:45:41.714 W/ActivityManager( 3835): Slow operation: 65ms so far, now at startProcess: returned from zygote!
07-03 13:45:41.715 W/ActivityManager( 3835): Slow operation: 65ms so far, now at startProcess: done updating battery stats
07-03 13:45:41.715 W/ActivityManager( 3835): Slow operation: 65ms so far, now at startProcess: building log message
07-03 13:45:41.715 I/ActivityManager( 3835): Start proc 19899:com.android.webview:webview_service/u0a52 for service {com.android.webview/org.chromium.android_webview.services.ComponentsProviderService}
07-03 13:45:41.715 W/ActivityManager( 3835): Slow operation: 65ms so far, now at startProcess: starting to update pids map
07-03 13:45:41.715 W/ActivityManager( 3835): Slow operation: 66ms so far, now at startProcess: done updating pids map
07-03 13:45:41.999 D/INSETS  ( 3835): else - Package Name ::  left : 0 right :: 0 top :: 0 bottom :: 0 dfu-right :: 1920 dfu-bottom :: 1080
07-03 13:45:42.084 D/INSETS  ( 3835): else - Package Name ::  left : 0 right :: 0 top :: 0 bottom :: 0 dfu-right :: 1920 dfu-bottom :: 1080
07-03 13:45:42.093 D/INSETS  ( 3835): else - Package Name ::  left : 0 right :: 0 top :: 0 bottom :: 0 dfu-right :: 1920 dfu-bottom :: 1080
07-03 13:45:42.143 I/ActivityManager( 3835): PendingStartActivityUids startActivity to updateOomAdj delay:1249ms, uid:10075
07-03 13:45:42.499 D/INSETS  ( 3835): else - Package Name ::  left : 0 right :: 0 top :: 0 bottom :: 0 dfu-right :: 1920 dfu-bottom :: 1080
07-03 13:45:42.503 D/INSETS  ( 3835): else - Package Name ::  left : 0 right :: 0 top :: 0 bottom :: 0 dfu-right :: 1920 dfu-bottom :: 1080
07-03 13:45:42.507 V/ActivityTaskManager( 3835): Old State : STOPPING Updated state : FINISHING Activity : ComponentInfo{com.jiotv.sonyliv/com.sonyliv.onboarding.features.onboarding.views.OnboardingActivity}
07-03 13:45:42.510 V/ActivityTaskManager( 3835): Sending Broadcast : Intent { act=com.jio.remote.action.applaunch flg=0x40000000 pkg=com.jio.remote.btserver (has extras) }
07-03 13:45:42.520 V/ActivityTaskManager( 3835): Old State : FINISHING Updated state : DESTROYING Activity : ComponentInfo{com.jiotv.sonyliv/com.sonyliv.onboarding.features.onboarding.views.OnboardingActivity}
07-03 13:45:42.520 V/ActivityTaskManager( 3835): Sending Broadcast : Intent { act=com.jio.remote.action.applaunch flg=0x40000000 pkg=com.jio.remote.btserver (has extras) }
07-03 13:45:42.541 E/TaskPersister( 3835): File error accessing recents directory (directory doesn't exist?).
07-03 13:45:42.735 D/INSETS  ( 3835): else - Package Name ::  left : 0 right :: 0 top :: 0 bottom :: 0 dfu-right :: 1920 dfu-bottom :: 1080
07-03 13:45:42.751 V/ActivityTaskManager( 3835): Old State : DESTROYING Updated state : DESTROYED Activity : ComponentInfo{com.jiotv.sonyliv/com.sonyliv.onboarding.features.onboarding.views.OnboardingActivity}
07-03 13:45:42.751 V/ActivityTaskManager( 3835): Sending Broadcast : Intent { act=com.jio.remote.action.applaunch flg=0x40000000 pkg=com.jio.remote.btserver (has extras) }
07-03 13:45:43.055 I/ActivityManager( 3835): Killing 5383:android.process.media/u0a15 (adj 999): empty for 3195s
07-03 13:45:45.783 E/TaskPersister( 3835): File error accessing recents directory (directory doesn't exist?).
07-03 13:45:47.122 I/UsageStatsService( 3835): User[0] Flushing usage stats to disk
07-03 13:45:48.975 D/INSETS  ( 3835): else - Package Name ::  left : 0 right :: 0 top :: 0 bottom :: 0 dfu-right :: 1920 dfu-bottom :: 1080
07-03 13:45:51.588 D/INSETS  ( 3835): else - Package Name ::  left : 0 right :: 0 top :: 0 bottom :: 0 dfu-right :: 1920 dfu-bottom :: 1080
07-03 13:45:56.779 W/ActivityManager( 3835): Unable to start service Intent { act=com.google.android.gms.analytics.service.START cmp=com.google.android.gms/.analytics.service.AnalyticsService (has extras) } U=0: not found
07-03 13:45:57.234 I/UsageStatsService( 3835): User[0] Flushing usage stats to disk
07-03 13:51:14.032 I/chatty  ( 3835): uid=1000(system) android.bg identical 31 lines
07-03 13:51:24.136 I/UsageStatsService( 3835): User[0] Flushing usage stats to disk
07-03 13:51:32.298 E/KernelCpuUidUserSysTimeReader( 3835): Negative user/sys time delta for UID=10028
07-03 13:51:32.298 E/KernelCpuUidUserSysTimeReader( 3835): Prev times: u=148000 s=112000 Curr times: u=120000 s=52000
07-03 13:51:32.311 D/KernelCpuUidUserSysTimeReader( 3835): Removing uids 99001-99001
07-03 13:51:34.630 I/UsageStatsService( 3835): User[0] Flushing usage stats to disk
07-03 13:51:44.738 I/chatty  ( 3835): uid=1000(system) android.bg identical 1 line
07-03 13:51:54.846 I/UsageStatsService( 3835): User[0] Flushing usage stats to disk
07-03 13:52:02.332 W/ContextImpl( 5940): Calling a method in the system process without a qualified user: android.app.ContextImpl.bindService:1748 android.content.ContextWrapper.bindService:756 com.jio.adc.core.b.d:56 com.jio.adc.core.b.b:13 com.jio.adc.core.b$c.run:7 
07-03 13:52:02.345 W/ContextImpl( 5441): Calling a method in the system process without a qualified user: android.app.ContextImpl.sendBroadcast:1111 android.content.ContextWrapper.sendBroadcast:468 com.iwedia.tvinput.engine.ChannelManager.disconnectCA:3912 com.iwedia.tvinput.engine.ChannelManager.access$4300:116 com.iwedia.tvinput.engine.ChannelManager$CaReconnectTask.run:2434 
07-03 13:52:02.383 W/ContextImpl( 5441): Calling a method in the system process without a qualified user: android.app.ContextImpl.sendBroadcast:1111 android.content.ContextWrapper.sendBroadcast:468 com.iwedia.tvinput.engine.ChannelManager.connectCA:3844 com.iwedia.tvinput.engine.ChannelManager.access$5900:116 com.iwedia.tvinput.engine.ChannelManager$CaMessageHandler.handleMessage:4279 
07-03 13:52:04.954 I/UsageStatsService( 3835): User[0] Flushing usage stats to disk
07-03 13:52:15.058 I/chatty  ( 3835): uid=1000(system) android.bg identical 1 line
07-03 13:52:25.162 I/UsageStatsService( 3835): User[0] Flushing usage stats to disk
07-03 13:52:32.811 W/ActivityManager( 3835): Unable to start service Intent { act=com.dsm.health.check cmp=com.jio.stbpushservice/com.jio.pushservice.transporterutils.TransporterCommonService } U=0: not found
07-03 13:52:35.271 I/UsageStatsService( 3835): User[0] Flushing usage stats to disk
07-03 13:52:37.322 W/ActivityManager( 3835): Receiver with filter android.content.IntentFilter@c793d7a already registered for pid 5124, callerPackage is com.rjil.jiostbsetting
07-03 13:52:37.331 W/ContextImpl( 5124): Calling a method in the system process without a qualified user: android.app.ContextImpl.sendBroadcast:1111 android.content.ContextWrapper.sendBroadcast:468 com.rjil.jiostbsetting.service.EndlessService.ESNredirect:1604 com.rjil.jiostbsetting.service.EndlessService$mConnection$1$onServiceConnected$2.invokeSuspend:1207 kotlin.coroutines.jvm.internal.BaseContinuationImpl.resumeWith:33 
07-03 13:52:37.366 W/BroadcastQueue( 3835): Background execution not allowed: receiving Intent { act=com.netflix.ninja.intent.action.ESN_RESPONSE flg=0x10000010 (has extras) } to com.netflix.partnertoken/com.partner.padi.EsnReceiver
07-03 13:52:37.383 W/ContextImpl( 5124): Calling a method in the system process without a qualified user: android.app.ContextImpl.bindService:1748 android.content.ContextWrapper.bindService:756 com.jio.adc.core.b.d:56 com.jio.adc.core.b.b:13 com.jio.adc.core.b$c.run:7 
07-03 13:52:38.960 W/ContextImpl( 5124): Calling a method in the system process without a qualified user: android.app.ContextImpl.sendBroadcast:1111 android.content.ContextWrapper.sendBroadcast:468 com.rjil.jiostbsetting.utils.UtilsKt.getAllVolumeDetails:2230 com.rjil.jiostbsetting.service.EndlessService.getParameters$lambda-22:1166 com.rjil.jiostbsetting.service.EndlessService.$r8$lambda$rJsFG8XlIrKzvRVodgEZk__jDnM:0 
07-03 13:52:38.967 W/ContextImpl( 5124): Calling a method in the system process without a qualified user: android.app.ContextImpl.sendBroadcast:1111 android.content.ContextWrapper.sendBroadcast:468 com.rjil.jiostbsetting.utils.UtilsKt.sendUSBAttachDetachBroadcast:2259 com.rjil.jiostbsetting.service.EndlessService$CallbackListener.onParameterNotification:1327 com.rjil.jiostbsetting.dc.DCDataProvider.invokeCallback:107 
07-03 13:52:38.968 W/BroadcastQueue( 3835): Background execution not allowed: receiving Intent { act=com.rjil.jiostbsetting.UsbAttachDetach flg=0x30 (has extras) } to com.iwedia.ui.rjio.launcher.reliance/.profile.ExternalBroadcastReceiver
07-03 13:52:45.445 I/UsageStatsService( 3835): User[0] Flushing usage stats to disk
07-03 13:55:17.097 I/chatty  ( 3835): uid=1000(system) android.bg identical 15 lines
07-03 13:55:27.202 I/UsageStatsService( 3835): User[0] Flushing usage stats to disk
07-03 13:55:32.618 D/ConnectivityService( 3835): requestNetwork for uid/pid:10034/5095 NetworkRequest [ TRACK_DEFAULT id=27, [ Capabilities: INTERNET&NOT_RESTRICTED&TRUSTED Uid: 10034 AdministratorUids: [] RequestorUid: 10034 RequestorPackageName: com.iwedia.ui.rjio.launcher.reliance] ]
07-03 13:55:32.619 D/ConnectivityService( 3835): NetReassign [27 : null → 100]
07-03 13:55:32.689 D/ConnectivityService( 3835): releasing NetworkRequest [ TRACK_DEFAULT id=27, [ Capabilities: INTERNET&NOT_RESTRICTED&TRUSTED Uid: 10034 AdministratorUids: [] RequestorUid: 10034 RequestorPackageName: com.iwedia.ui.rjio.launcher.reliance] ] (release request)
07-03 13:55:37.304 I/UsageStatsService( 3835): User[0] Flushing usage stats to disk
07-03 13:56:27.832 I/chatty  ( 3835): uid=1000(system) android.bg identical 5 lines
07-03 13:56:37.939 I/UsageStatsService( 3835): User[0] Flushing usage stats to disk
07-03 13:56:44.714 W/ActivityManager( 3835): Foreground service started from background can not have location/camera/microphone access: service com.jio.stbadservice/com.jio.pushstbadservice.InitService
07-03 13:56:44.722 W/ActivityManager( 3835): Foreground service started from background can not have location/camera/microphone access: service com.jio.stbadservice/com.jio.pushstbadservice.InitService
07-03 13:56:44.933 D/NotificationService( 3835): 0|com.jio.stbadservice|1233|null|10017: granting content://settings/system/notification_sound
07-03 13:56:44.935 I/chatty  ( 3835): uid=1000 system_server identical 2 lines
07-03 13:56:44.936 D/NotificationService( 3835): 0|com.jio.stbadservice|1233|null|10017: granting content://settings/system/notification_sound
07-03 13:56:44.953 W/NotificationHistory( 3835): Attempted to add notif for locked/gone/disabled user 0
07-03 13:56:48.042 I/UsageStatsService( 3835): User[0] Flushing usage stats to disk
07-03 13:56:58.152 I/chatty  ( 3835): uid=1000(system) android.bg identical 1 line
07-03 13:57:08.266 I/UsageStatsService( 3835): User[0] Flushing usage stats to disk
07-03 13:57:10.911 W/ActivityManager( 3835): Foreground service started from background can not have location/camera/microphone access: service com.jio.stbadservice/com.jio.pushservice.transporterutils.TransporterCommonService
07-03 13:57:10.929 W/ActivityManager( 3835): Foreground service started from background can not have location/camera/microphone access: service com.jio.stbadservice/com.jio.pushservice.transporterutils.TransporterCommonService
07-03 13:57:11.122 D/NotificationService( 3835): 0|com.jio.stbadservice|19080|null|10017: granting content://settings/system/notification_sound
07-03 13:57:11.125 I/chatty  ( 3835): uid=1000 system_server identical 2 lines
07-03 13:57:11.127 D/NotificationService( 3835): 0|com.jio.stbadservice|19080|null|10017: granting content://settings/system/notification_sound
07-03 13:57:11.134 W/NotificationHistory( 3835): Attempted to add notif for locked/gone/disabled user 0
07-03 13:57:18.373 I/UsageStatsService( 3835): User[0] Flushing usage stats to disk
07-03 14:01:42.647 I/chatty  ( 3835): uid=1000(system) android.bg identical 26 lines
07-03 14:01:52.750 I/UsageStatsService( 3835): User[0] Flushing usage stats to disk
07-03 14:02:00.047 E/IntervalStats( 3835): Unable to parse usage stats package 122
07-03 14:02:00.047 E/IntervalStats( 3835): Unable to parse event package 122
07-03 14:02:00.051 I/chatty  ( 3835): uid=1000(system) Binder:3835_E identical 61 lines
07-03 14:02:00.051 E/IntervalStats( 3835): Unable to parse event package 122
07-03 14:02:00.058 E/IntervalStats( 3835): Unable to parse usage stats package 122
07-03 14:02:00.059 E/IntervalStats( 3835): Unable to parse event package 122
07-03 14:02:00.059 E/IntervalStats( 3835): Unable to parse event package 122
07-03 14:02:02.858 I/UsageStatsService( 3835): User[0] Flushing usage stats to disk
07-03 14:06:46.623 I/chatty  ( 3835): uid=1000(system) android.bg identical 28 lines
07-03 14:06:56.725 I/UsageStatsService( 3835): User[0] Flushing usage stats to disk
07-03 14:07:02.434 W/ContextImpl( 5441): Calling a method in the system process without a qualified user: android.app.ContextImpl.sendBroadcast:1111 android.content.ContextWrapper.sendBroadcast:468 com.iwedia.tvinput.engine.ChannelManager.disconnectCA:3912 com.iwedia.tvinput.engine.ChannelManager.access$4300:116 com.iwedia.tvinput.engine.ChannelManager$CaReconnectTask.run:2434 
07-03 14:07:02.452 W/ContextImpl( 5940): Calling a method in the system process without a qualified user: android.app.ContextImpl.bindService:1748 android.content.ContextWrapper.bindService:756 com.jio.adc.core.b.d:56 com.jio.adc.core.b.b:13 com.jio.adc.core.b$c.run:7 
07-03 14:07:02.468 W/ContextImpl( 5441): Calling a method in the system process without a qualified user: android.app.ContextImpl.sendBroadcast:1111 android.content.ContextWrapper.sendBroadcast:468 com.iwedia.tvinput.engine.ChannelManager.connectCA:3844 com.iwedia.tvinput.engine.ChannelManager.access$5900:116 com.iwedia.tvinput.engine.ChannelManager$CaMessageHandler.handleMessage:4279 
07-03 14:07:06.834 I/UsageStatsService( 3835): User[0] Flushing usage stats to disk
07-03 14:07:27.031 I/chatty  ( 3835): uid=1000(system) android.bg identical 2 lines
07-03 14:07:37.138 I/UsageStatsService( 3835): User[0] Flushing usage stats to disk
07-03 14:07:45.839 D/AutofillManagerService( 3835): onBackKeyPressed()
07-03 14:07:46.139 D/INSETS  ( 3835): else - Package Name ::  left : 0 right :: 0 top :: 0 bottom :: 0 dfu-right :: 1920 dfu-bottom :: 1080
07-03 14:07:47.248 I/UsageStatsService( 3835): User[0] Flushing usage stats to disk
07-03 14:07:57.338 I/UsageStatsService( 3835): User[0] Flushing usage stats to disk
07-03 14:07:58.319 D/AutofillManagerService( 3835): onBackKeyPressed()
07-03 14:08:01.019 D/AutofillManagerService( 3835): onBackKeyPressed()
07-03 14:08:01.078 D/INSETS  ( 3835): else - Package Name ::  left : 0 right :: 0 top :: 0 bottom :: 0 dfu-right :: 1920 dfu-bottom :: 1080
07-03 14:08:01.081 I/chatty  ( 3835): uid=1000(system) Binder:3835_3 identical 2 lines
07-03 14:08:01.082 D/INSETS  ( 3835): else - Package Name ::  left : 0 right :: 0 top :: 0 bottom :: 0 dfu-right :: 1920 dfu-bottom :: 1080
07-03 14:08:01.140 D/INSETS  ( 3835): else - Package Name ::  left : 0 right :: 0 top :: 0 bottom :: 0 dfu-right :: 1920 dfu-bottom :: 1080
07-03 14:08:01.142 I/chatty  ( 3835): uid=1000(system) android.anim identical 2 lines
07-03 14:08:01.142 D/INSETS  ( 3835): else - Package Name ::  left : 0 right :: 0 top :: 0 bottom :: 0 dfu-right :: 1920 dfu-bottom :: 1080
07-03 14:08:02.424 V/ActivityTaskManager( 3835): Old State : RESUMED Updated state : PAUSING Activity : ComponentInfo{com.jiotv.sonyliv/com.sonyliv.ui.home.HomeActivity}
07-03 14:08:02.425 V/ActivityTaskManager( 3835): Sending Broadcast : Intent { act=com.jio.remote.action.applaunch flg=0x40000000 pkg=com.jio.remote.btserver (has extras) }
07-03 14:08:02.434 W/ActivityTaskManager( 3835): Finishing task with all activities already finished
07-03 14:08:02.434 W/ActivityTaskManager( 3835): Duplicate finish request for r=ActivityRecord{fcda20f u0 com.jiotv.sonyliv/com.sonyliv.ui.home.HomeActivity t356 f}}
07-03 14:08:02.486 V/ActivityTaskManager( 3835): Old State : PAUSED Updated state : STOPPING Activity : ComponentInfo{com.jiotv.sonyliv/com.sonyliv.ui.home.HomeActivity}
07-03 14:08:02.486 V/ActivityTaskManager( 3835): Sending Broadcast : Intent { act=com.jio.remote.action.applaunch flg=0x40000000 pkg=com.jio.remote.btserver (has extras) }
07-03 14:08:02.494 V/ActivityTaskManager( 3835): Old State : STOPPED Updated state : RESUMED Activity : ComponentInfo{com.iwedia.ui.rjio.launcher.reliance/com.iwedia.ui.rjio.launcher.ui.intro.IntroActivity}
07-03 14:08:02.494 V/ActivityTaskManager( 3835): Sending Broadcast : Intent { act=com.jio.remote.action.applaunch flg=0x40000000 pkg=com.jio.remote.btserver (has extras) }
07-03 14:08:02.509 D/INSETS  ( 3835): else - Package Name ::  left : 0 right :: 0 top :: 0 bottom :: 0 dfu-right :: 1920 dfu-bottom :: 1080
07-03 14:08:02.510 V/ActivityTaskManager( 3835): Old State : PAUSING Updated state : PAUSED Activity : ComponentInfo{com.jiotv.sonyliv/com.sonyliv.ui.home.HomeActivity}
07-03 14:08:02.510 V/ActivityTaskManager( 3835): Sending Broadcast : Intent { act=com.jio.remote.action.applaunch flg=0x40000000 pkg=com.jio.remote.btserver (has extras) }
07-03 14:08:02.556 W/ActivityManager( 3835): Receiver with filter android.content.IntentFilter@7f606d3 already registered for pid 5095, callerPackage is com.iwedia.ui.rjio.launcher.reliance
07-03 14:08:02.610 D/INSETS  ( 3835): else - Package Name ::  left : 0 right :: 0 top :: 0 bottom :: 0 dfu-right :: 1920 dfu-bottom :: 1080
07-03 14:08:02.624 D/INSETS  ( 3835): else - Package Name ::  left : 0 right :: 0 top :: 0 bottom :: 0 dfu-right :: 1920 dfu-bottom :: 1080
07-03 14:08:02.681 D/INSETS  ( 3835): else - Package Name ::  left : 0 right :: 0 top :: 0 bottom :: 0 dfu-right :: 1920 dfu-bottom :: 1080
07-03 14:08:02.787 I/chatty  ( 3835): uid=1000(system) android.anim identical 1 line
07-03 14:08:02.795 D/INSETS  ( 3835): else - Package Name ::  left : 0 right :: 0 top :: 0 bottom :: 0 dfu-right :: 1920 dfu-bottom :: 1080
07-03 14:08:02.804 D/INSETS  ( 3835): else - Package Name ::  left : 0 right :: 0 top :: 0 bottom :: 0 dfu-right :: 1920 dfu-bottom :: 1080
07-03 14:08:02.827 I/ActivityManager( 3835): Killing 4616:com.android.deskclock/u0a56 (adj 999): empty for 4532s
07-03 14:08:02.828 D/INSETS  ( 3835): else - Package Name ::  left : 0 right :: 0 top :: 0 bottom :: 0 dfu-right :: 1920 dfu-bottom :: 1080
07-03 14:08:02.829 V/ActivityTaskManager( 3835): Old State : STOPPING Updated state : FINISHING Activity : ComponentInfo{com.jiotv.sonyliv/com.sonyliv.ui.home.HomeActivity}
07-03 14:08:02.829 V/ActivityTaskManager( 3835): Sending Broadcast : Intent { act=com.jio.remote.action.applaunch flg=0x40000000 pkg=com.jio.remote.btserver (has extras) }
07-03 14:08:02.834 V/ActivityTaskManager( 3835): Old State : FINISHING Updated state : DESTROYING Activity : ComponentInfo{com.jiotv.sonyliv/com.sonyliv.ui.home.HomeActivity}
07-03 14:08:02.834 V/ActivityTaskManager( 3835): Sending Broadcast : Intent { act=com.jio.remote.action.applaunch flg=0x40000000 pkg=com.jio.remote.btserver (has extras) }
07-03 14:08:02.990 D/INSETS  ( 3835): else - Package Name ::  left : 0 right :: 0 top :: 0 bottom :: 0 dfu-right :: 1920 dfu-bottom :: 1080
07-03 14:08:02.997 V/ActivityTaskManager( 3835): Old State : DESTROYING Updated state : DESTROYED Activity : ComponentInfo{com.jiotv.sonyliv/com.sonyliv.ui.home.HomeActivity}
07-03 14:08:02.997 V/ActivityTaskManager( 3835): Sending Broadcast : Intent { act=com.jio.remote.action.applaunch flg=0x40000000 pkg=com.jio.remote.btserver (has extras) }
07-03 14:08:06.067 E/TaskPersister( 3835): File error accessing recents directory (directory doesn't exist?).
07-03 14:08:07.454 I/UsageStatsService( 3835): User[0] Flushing usage stats to disk
07-03 14:08:08.276 I/ActivityTaskManager( 3835): START u0 {act=android.intent.action.MAIN cat=[android.intent.category.LEANBACK_LAUNCHER] flg=0x10000000 pkg=in.startv.hotstar cmp=in.startv.hotstar/com.hotstar.MainActivity} from uid 10034
07-03 14:08:08.276 D/ActivityTaskManager( 3835): recent debug: [launchedPkgName] --> in.startv.hotstar [callingPackage] --> com.iwedia.ui.rjio.launcher.reliance
07-03 14:08:08.404 V/ActivityTaskManager( 3835): Old State : null Updated state : INITIALIZING Activity : ComponentInfo{in.startv.hotstar/com.hotstar.MainActivity}
07-03 14:08:08.404 V/ActivityTaskManager( 3835): Sending Broadcast : Intent { act=com.jio.remote.action.applaunch flg=0x40000000 pkg=com.jio.remote.btserver (has extras) }
07-03 14:08:08.415 V/ActivityTaskManager( 3835): Old State : RESUMED Updated state : PAUSING Activity : ComponentInfo{com.iwedia.ui.rjio.launcher.reliance/com.iwedia.ui.rjio.launcher.ui.intro.IntroActivity}
07-03 14:08:08.415 V/ActivityTaskManager( 3835): Sending Broadcast : Intent { act=com.jio.remote.action.applaunch flg=0x40000000 pkg=com.jio.remote.btserver (has extras) }
07-03 14:08:08.417 D/INSETS  ( 3835): else - Package Name ::  left : 0 right :: 0 top :: 0 bottom :: 0 dfu-right :: 1920 dfu-bottom :: 1080
07-03 14:08:08.430 D/CompatibilityChangeReporter( 3835): Compat change id reported: 135634846; UID 10066; state: DISABLED
07-03 14:08:08.431 D/CompatibilityChangeReporter( 3835): Compat change id reported: 143937733; UID 10066; state: ENABLED
07-03 14:08:08.444 V/ActivityTaskManager( 3835): Old State : PAUSING Updated state : PAUSED Activity : ComponentInfo{com.iwedia.ui.rjio.launcher.reliance/com.iwedia.ui.rjio.launcher.ui.intro.IntroActivity}
07-03 14:08:08.444 V/ActivityTaskManager( 3835): Sending Broadcast : Intent { act=com.jio.remote.action.applaunch flg=0x40000000 pkg=com.jio.remote.btserver (has extras) }
07-03 14:08:08.474 W/ActivityManager( 3835): Slow operation: 51ms so far, now at startProcess: done updating battery stats
07-03 14:08:08.479 W/ActivityManager( 3835): Slow operation: 55ms so far, now at startProcess: building log message
07-03 14:08:08.479 I/ActivityManager( 3835): Start proc 24752:in.startv.hotstar/u0a66 for pre-top-activity {in.startv.hotstar/com.hotstar.MainActivity}
07-03 14:08:08.479 W/ActivityManager( 3835): Slow operation: 56ms so far, now at startProcess: starting to update pids map
07-03 14:08:08.479 W/ActivityManager( 3835): Slow operation: 56ms so far, now at startProcess: done updating pids map
07-03 14:08:08.480 D/INSETS  ( 3835): else - Package Name ::  left : 0 right :: 0 top :: 0 bottom :: 0 dfu-right :: 1920 dfu-bottom :: 1080
07-03 14:08:08.504 D/INSETS  ( 3835): else - Package Name ::  left : 0 right :: 0 top :: 0 bottom :: 0 dfu-right :: 1920 dfu-bottom :: 1080
07-03 14:08:08.546 V/ActivityTaskManager( 3835): Old State : INITIALIZING Updated state : RESUMED Activity : ComponentInfo{in.startv.hotstar/com.hotstar.MainActivity}
07-03 14:08:08.546 V/ActivityTaskManager( 3835): Sending Broadcast : Intent { act=com.jio.remote.action.applaunch flg=0x40000000 pkg=com.jio.remote.btserver (has extras) }
07-03 14:08:08.557 D/INSETS  ( 3835): else - Package Name ::  left : 0 right :: 0 top :: 0 bottom :: 0 dfu-right :: 1920 dfu-bottom :: 1080
07-03 14:08:08.577 I/chatty  ( 3835): uid=1000(system) android.anim identical 1 line
07-03 14:08:08.950 D/INSETS  ( 3835): else - Package Name ::  left : 0 right :: 0 top :: 0 bottom :: 0 dfu-right :: 1920 dfu-bottom :: 1080
07-03 14:08:08.971 D/INSETS  ( 3835): else - Package Name ::  left : 0 right :: 0 top :: 0 bottom :: 0 dfu-right :: 1920 dfu-bottom :: 1080
07-03 14:08:09.267 D/ConnectivityService( 3835): NetReassign [no changes]
07-03 14:08:09.644 D/INSETS  ( 3835): else - Package Name ::  left : 0 right :: 0 top :: 0 bottom :: 0 dfu-right :: 1920 dfu-bottom :: 1080
07-03 14:08:09.644 D/INSETS  ( 3835): else - Package Name ::  left : 0 right :: 0 top :: 0 bottom :: 0 dfu-right :: 1920 dfu-bottom :: 1080
07-03 14:08:09.892 D/INSETS  ( 3835): else - Package Name ::  left : 0 right :: 0 top :: 0 bottom :: 0 dfu-right :: 1920 dfu-bottom :: 1080
07-03 14:08:09.927 I/chatty  ( 3835): uid=1000(system) android.anim identical 4 lines
07-03 14:08:09.927 D/INSETS  ( 3835): else - Package Name ::  left : 0 right :: 0 top :: 0 bottom :: 0 dfu-right :: 1920 dfu-bottom :: 1080
07-03 14:08:10.006 D/CompatibilityChangeReporter( 3835): Compat change id reported: 136274596; UID 10066; state: ENABLED
07-03 14:08:10.098 D/INSETS  ( 3835): else - Package Name ::  left : 0 right :: 0 top :: 0 bottom :: 0 dfu-right :: 1920 dfu-bottom :: 1080
07-03 14:08:10.107 V/ActivityTaskManager( 3835): Old State : PAUSED Updated state : STOPPING Activity : ComponentInfo{com.iwedia.ui.rjio.launcher.reliance/com.iwedia.ui.rjio.launcher.ui.intro.IntroActivity}
07-03 14:08:10.108 V/ActivityTaskManager( 3835): Sending Broadcast : Intent { act=com.jio.remote.action.applaunch flg=0x40000000 pkg=com.jio.remote.btserver (has extras) }
07-03 14:08:10.115 D/INSETS  ( 3835): else - Package Name ::  left : 0 right :: 0 top :: 0 bottom :: 0 dfu-right :: 1920 dfu-bottom :: 1080
07-03 14:08:10.197 D/INSETS  ( 3835): else - Package Name ::  left : 0 right :: 0 top :: 0 bottom :: 0 dfu-right :: 1920 dfu-bottom :: 1080
07-03 14:08:10.210 V/ActivityTaskManager( 3835): Old State : STOPPING Updated state : STOPPED Activity : ComponentInfo{com.iwedia.ui.rjio.launcher.reliance/com.iwedia.ui.rjio.launcher.ui.intro.IntroActivity}
07-03 14:08:10.211 V/ActivityTaskManager( 3835): Sending Broadcast : Intent { act=com.jio.remote.action.applaunch flg=0x40000000 pkg=com.jio.remote.btserver (has extras) }
07-03 14:08:10.363 I/ActivityManager( 3835): Force stopping com.jiotv.sonyliv appid=10075 user=0: from pid 4928
07-03 14:08:10.363 I/ActivityManager( 3835): Killing 19579:com.jiotv.sonyliv/u0a75 (adj 900): stop com.jiotv.sonyliv due to from pid 4928
07-03 14:08:10.371 I/ActivityManager( 3835): Killing 19857:com.android.webview:sandboxed_process0:org.chromium.content.app.SandboxedProcessService0:0/u0a75i2 (adj 0): isolated not needed
07-03 14:08:10.419 W/ContextImpl( 4928): Calling a method in the system process without a qualified user: android.app.ContextImpl.sendBroadcast:1111 android.content.ContextWrapper.sendBroadcast:468 com.jio.appoptimizer.service.AppOptimizerService.before_optimization_broadcastIntent:303 com.jio.appoptimizer.service.AppOptimizerService.checkAndRemoveBackgroundApps:478 com.jio.appoptimizer.service.AppOptimizerService.access$700:73 
07-03 14:08:10.433 I/ActivityManager( 3835): Force stopping com.jiotv.sonyliv appid=10075 user=0: from pid 4928
07-03 14:08:10.503 W/ContextImpl( 4928): Calling a method in the system process without a qualified user: android.app.ContextImpl.sendBroadcast:1111 android.content.ContextWrapper.sendBroadcast:468 com.jio.appoptimizer.service.AppOptimizerService.after_optimization_broadcastIntent:316 com.jio.appoptimizer.service.AppOptimizerService.checkAndRemoveBackgroundApps:485 com.jio.appoptimizer.service.AppOptimizerService.access$700:73 
07-03 14:08:10.541 I/ActivityManager( 3835): Force stopping com.jiotv.sonyliv appid=10075 user=0: from pid 4928
07-03 14:08:10.643 I/chatty  ( 3835): uid=1000(system) Binder:3835_12 identical 6 lines
07-03 14:08:10.653 I/ActivityManager( 3835): Force stopping com.jiotv.sonyliv appid=10075 user=0: from pid 4928
07-03 14:08:11.163 D/ConnectivityService( 3835): ConnectivityService NetworkRequestInfo binderDied(NetworkRequest [ TRACK_DEFAULT id=26, [ Capabilities: INTERNET&NOT_RESTRICTED&TRUSTED Uid: 10075 AdministratorUids: [] RequestorUid: 10075 RequestorPackageName: com.jiotv.sonyliv] ], android.os.BinderProxy@61f4a11)
07-03 14:08:11.163 D/ConnectivityService( 3835): ConnectivityService NetworkRequestInfo binderDied(NetworkRequest [ LISTEN id=24, [ Transports: CELLULAR|WIFI Capabilities: INTERNET&NOT_RESTRICTED&TRUSTED&NOT_VPN Uid: 10075 AdministratorUids: [] RequestorUid: 10075 RequestorPackageName: com.jiotv.sonyliv] ], android.os.BinderProxy@e09e776)
07-03 14:08:11.165 D/ConnectivityService( 3835): releasing NetworkRequest [ TRACK_DEFAULT id=26, [ Capabilities: INTERNET&NOT_RESTRICTED&TRUSTED Uid: 10075 AdministratorUids: [] RequestorUid: 10075 RequestorPackageName: com.jiotv.sonyliv] ] (release request)
07-03 14:08:11.166 W/ActivityManager( 3835): setHasOverlayUi called on unknown pid: 19579
07-03 14:08:11.167 D/ConnectivityService( 3835): ConnectivityService NetworkRequestInfo binderDied(NetworkRequest [ TRACK_DEFAULT id=25, [ Capabilities: INTERNET&NOT_RESTRICTED&TRUSTED Uid: 10075 AdministratorUids: [] RequestorUid: 10075 RequestorPackageName: com.jiotv.sonyliv] ], android.os.BinderProxy@a01b177)
07-03 14:08:11.171 D/ConnectivityService( 3835): releasing NetworkRequest [ TRACK_DEFAULT id=25, [ Capabilities: INTERNET&NOT_RESTRICTED&TRUSTED Uid: 10075 AdministratorUids: [] RequestorUid: 10075 RequestorPackageName: com.jiotv.sonyliv] ] (release request)
07-03 14:08:12.000 E/TaskPersister( 3835): File error accessing recents directory (directory doesn't exist?).
07-03 14:08:13.654 D/INSETS  ( 3835): else - Package Name ::  left : 0 right :: 0 top :: 0 bottom :: 0 dfu-right :: 1920 dfu-bottom :: 1080
07-03 14:08:18.439 I/UsageStatsService( 3835): User[0] Flushing usage stats to disk
07-03 14:08:22.055 D/INSETS  ( 3835): else - Package Name ::  left : 0 right :: 0 top :: 0 bottom :: 0 dfu-right :: 1920 dfu-bottom :: 1080
07-03 14:08:22.077 D/INSETS  ( 3835): else - Package Name ::  left : 0 right :: 0 top :: 0 bottom :: 0 dfu-right :: 1920 dfu-bottom :: 1080
07-03 14:08:28.543 I/UsageStatsService( 3835): User[0] Flushing usage stats to disk
07-03 14:08:36.566 D/INSETS  ( 3835): else - Package Name ::  left : 0 right :: 0 top :: 0 bottom :: 0 dfu-right :: 1920 dfu-bottom :: 1080
07-03 14:08:37.817 D/INSETS  ( 3835): else - Package Name ::  left : 0 right :: 0 top :: 0 bottom :: 0 dfu-right :: 1920 dfu-bottom :: 1080
07-03 14:08:38.646 I/UsageStatsService( 3835): User[0] Flushing usage stats to disk
07-03 14:08:38.919 D/AutofillManagerService( 3835): onBackKeyPressed()
07-03 14:08:39.107 D/INSETS  ( 3835): else - Package Name ::  left : 0 right :: 0 top :: 0 bottom :: 0 dfu-right :: 1920 dfu-bottom :: 1080
07-03 14:08:39.172 D/INSETS  ( 3835): else - Package Name ::  left : 0 right :: 0 top :: 0 bottom :: 0 dfu-right :: 1920 dfu-bottom :: 1080
07-03 14:08:45.105 D/INSETS  ( 3835): else - Package Name ::  left : 0 right :: 0 top :: 0 bottom :: 0 dfu-right :: 1920 dfu-bottom :: 1080
07-03 14:08:45.429 D/INSETS  ( 3835): else - Package Name ::  left : 0 right :: 0 top :: 0 bottom :: 0 dfu-right :: 1920 dfu-bottom :: 1080
07-03 14:08:46.601 D/INSETS  ( 3835): else - Package Name ::  left : 0 right :: 0 top :: 0 bottom :: 0 dfu-right :: 1920 dfu-bottom :: 1080
07-03 14:08:46.640 D/ConnectivityService( 3835): requestNetwork for uid/pid:10066/24752 NetworkRequest [ TRACK_DEFAULT id=29, [ Capabilities: INTERNET&NOT_RESTRICTED&TRUSTED Uid: 10066 AdministratorUids: [] RequestorUid: 10066 RequestorPackageName: in.startv.hotstar] ]
07-03 14:08:46.641 D/ConnectivityService( 3835): NetReassign [29 : null → 100]
07-03 14:08:47.446 D/CompatibilityChangeReporter( 3835): Compat change id reported: 135634846; UID 10012; state: DISABLED
07-03 14:08:47.447 D/CompatibilityChangeReporter( 3835): Compat change id reported: 143937733; UID 10012; state: ENABLED
07-03 14:08:47.484 I/ActivityManager( 3835): Start proc 25186:com.jio.stb.catv/u0a12 for service {com.jio.stb.catv/com.jio.stb.catv.livetvlib.service.LiveTVLibService}
07-03 14:08:47.939 D/INSETS  ( 3835): else - Package Name ::  left : 0 right :: 0 top :: 0 bottom :: 0 dfu-right :: 1920 dfu-bottom :: 1080
07-03 14:08:48.008 D/ConnectivityService( 3835): requestNetwork for uid/pid:10012/25186 NetworkRequest [ REQUEST id=30, [ Transports: CELLULAR|WIFI|ETHERNET Capabilities: INTERNET&NOT_RESTRICTED&TRUSTED&NOT_VPN Uid: 10012 AdministratorUids: [] RequestorUid: 10012 RequestorPackageName: com.jio.stb.catv] ]
07-03 14:08:48.008 D/ConnectivityService( 3835): NetReassign [30 : null → 100]
07-03 14:08:48.744 I/UsageStatsService( 3835): User[0] Flushing usage stats to disk
07-03 14:08:49.037 D/CompatibilityChangeReporter( 3835): Compat change id reported: 135634846; UID 10012; state: DISABLED
07-03 14:08:49.039 D/CompatibilityChangeReporter( 3835): Compat change id reported: 143937733; UID 10012; state: ENABLED
07-03 14:08:49.106 W/ActivityManager( 3835): Slow operation: 69ms so far, now at startProcess: returned from zygote!
07-03 14:08:49.106 W/ActivityManager( 3835): Slow operation: 70ms so far, now at startProcess: done updating battery stats
07-03 14:08:49.107 W/ActivityManager( 3835): Slow operation: 70ms so far, now at startProcess: building log message
07-03 14:08:49.107 I/ActivityManager( 3835): Start proc 25283:com.android.webview:sandboxed_process0:org.chromium.content.app.SandboxedProcessService0:0/u0i3 for  {com.jio.stb.catv/org.chromium.content.app.SandboxedProcessService0:0}
07-03 14:08:49.107 W/ActivityManager( 3835): Slow operation: 70ms so far, now at startProcess: starting to update pids map
07-03 14:08:49.109 W/ActivityManager( 3835): Slow operation: 73ms so far, now at startProcess: done updating pids map
07-03 14:08:59.136 I/UsageStatsService( 3835): User[0] Flushing usage stats to disk
07-03 14:10:00.074 I/chatty  ( 3835): uid=1000(system) android.bg identical 6 lines
07-03 14:10:10.183 I/UsageStatsService( 3835): User[0] Flushing usage stats to disk
07-03 14:10:15.492 D/PackageManager( 3835): Instant App installer not found with android.intent.action.INSTALL_INSTANT_APP_PACKAGE
07-03 14:10:15.492 D/PackageManager( 3835): Clear ephemeral installer activity
07-03 14:10:15.593 D/PackageManager( 3835): Instant App installer not found with android.intent.action.INSTALL_INSTANT_APP_PACKAGE
07-03 14:10:15.593 D/PackageManager( 3835): Clear ephemeral installer activity
07-03 14:10:16.538 I/AppsFilter( 3835): interaction: PackageSetting{88ba63a com.jio.yt/10083} -> PackageSetting{af7a2eb com.jio.jiopay/10077} BLOCKED
07-03 14:10:16.538 I/AppsFilter( 3835): interaction: PackageSetting{bd62848 io.appium.uiautomator2.server.test/10038} -> PackageSetting{af7a2eb com.jio.jiopay/10077} BLOCKED
07-03 14:10:16.539 I/AppsFilter( 3835): interaction: PackageSetting{a2546e1 io.appium.settings/10085} -> PackageSetting{af7a2eb com.jio.jiopay/10077} BLOCKED
07-03 14:10:20.290 I/UsageStatsService( 3835): User[0] Flushing usage stats to disk
07-03 14:14:44.559 I/chatty  ( 3835): uid=1000(system) android.bg identical 26 lines
07-03 14:14:54.667 I/UsageStatsService( 3835): User[0] Flushing usage stats to disk
07-03 14:14:58.157 D/CompatibilityChangeReporter( 3835): Compat change id reported: 135634846; UID 10066; state: DISABLED
07-03 14:14:58.158 D/CompatibilityChangeReporter( 3835): Compat change id reported: 143937733; UID 10066; state: ENABLED
07-03 14:14:58.182 I/ActivityManager( 3835): Start proc 26545:com.android.webview:sandboxed_process0:org.chromium.content.app.SandboxedProcessService0:0/u0i4 for  {in.startv.hotstar/org.chromium.content.app.SandboxedProcessService0:0}
07-03 14:14:58.231 D/CompatibilityChangeReporter( 3835): Compat change id reported: 136274596; UID 10066; state: ENABLED
07-03 14:14:58.492 D/ConnectivityService( 3835): requestNetwork for uid/pid:10066/24752 NetworkRequest [ TRACK_DEFAULT id=31, [ Capabilities: INTERNET&NOT_RESTRICTED&TRUSTED Uid: 10066 AdministratorUids: [] RequestorUid: 10066 RequestorPackageName: in.startv.hotstar] ]
07-03 14:14:58.493 D/ConnectivityService( 3835): NetReassign [31 : null → 100]
07-03 14:14:58.497 D/ConnectivityService( 3835): NetReassign [no changes]
07-03 14:15:04.774 I/UsageStatsService( 3835): User[0] Flushing usage stats to disk
07-03 14:15:14.882 I/UsageStatsService( 3835): User[0] Flushing usage stats to disk
07-03 14:15:19.467 D/ConnectivityService( 3835): releasing NetworkRequest [ TRACK_DEFAULT id=31, [ Capabilities: INTERNET&NOT_RESTRICTED&TRUSTED Uid: 10066 AdministratorUids: [] RequestorUid: 10066 RequestorPackageName: in.startv.hotstar] ] (release request)
07-03 14:15:19.498 I/ActivityManager( 3835): Killing 26545:com.android.webview:sandboxed_process0:org.chromium.content.app.SandboxedProcessService0:0/u0a66i4 (adj 0): isolated not needed
07-03 14:15:19.566 E/KernelCpuUidUserSysTimeReader( 3835): Negative user/sys time delta for UID=10075
07-03 14:15:19.566 E/KernelCpuUidUserSysTimeReader( 3835): Prev times: u=299780000 s=139188000 Curr times: u=290376000 s=136620000
07-03 14:15:19.581 D/KernelCpuUidUserSysTimeReader( 3835): Removing uids 99002-99002
07-03 14:15:24.988 I/UsageStatsService( 3835): User[0] Flushing usage stats to disk
07-03 14:21:20.581 I/chatty  ( 3835): uid=1000(system) android.bg identical 35 lines
07-03 14:21:30.698 I/UsageStatsService( 3835): User[0] Flushing usage stats to disk
07-03 14:21:32.364 D/KernelCpuUidUserSysTimeReader( 3835): Removing uids 99004-99004
07-03 14:21:40.799 I/UsageStatsService( 3835): User[0] Flushing usage stats to disk
07-03 14:21:50.898 I/chatty  ( 3835): uid=1000(system) android.bg identical 1 line
07-03 14:22:00.994 I/UsageStatsService( 3835): User[0] Flushing usage stats to disk
07-03 14:22:02.799 W/ContextImpl( 5441): Calling a method in the system process without a qualified user: android.app.ContextImpl.sendBroadcast:1111 android.content.ContextWrapper.sendBroadcast:468 com.iwedia.tvinput.engine.ChannelManager.disconnectCA:3912 com.iwedia.tvinput.engine.ChannelManager.access$4300:116 com.iwedia.tvinput.engine.ChannelManager$CaReconnectTask.run:2434 
07-03 14:22:02.816 W/ContextImpl( 5940): Calling a method in the system process without a qualified user: android.app.ContextImpl.bindService:1748 android.content.ContextWrapper.bindService:756 com.jio.adc.core.b.d:56 com.jio.adc.core.b.b:13 com.jio.adc.core.b$c.run:7 
07-03 14:22:02.831 W/ContextImpl( 5441): Calling a method in the system process without a qualified user: android.app.ContextImpl.sendBroadcast:1111 android.content.ContextWrapper.sendBroadcast:468 com.iwedia.tvinput.engine.ChannelManager.connectCA:3844 com.iwedia.tvinput.engine.ChannelManager.access$5900:116 com.iwedia.tvinput.engine.ChannelManager$CaMessageHandler.handleMessage:4279 
07-03 14:22:11.103 I/UsageStatsService( 3835): User[0] Flushing usage stats to disk
07-03 14:22:31.315 I/chatty  ( 3835): uid=1000(system) android.bg identical 2 lines
07-03 14:22:41.429 I/UsageStatsService( 3835): User[0] Flushing usage stats to disk
07-03 14:22:48.752 W/ActivityManager( 3835): Receiver with filter android.content.IntentFilter@f8bb617 already registered for pid 5124, callerPackage is com.rjil.jiostbsetting
07-03 14:22:48.759 W/ContextImpl( 5124): Calling a method in the system process without a qualified user: android.app.ContextImpl.sendBroadcast:1111 android.content.ContextWrapper.sendBroadcast:468 com.rjil.jiostbsetting.service.EndlessService.ESNredirect:1604 com.rjil.jiostbsetting.service.EndlessService$mConnection$1$onServiceConnected$2.invokeSuspend:1207 kotlin.coroutines.jvm.internal.BaseContinuationImpl.resumeWith:33 
07-03 14:22:48.801 W/BroadcastQueue( 3835): Background execution not allowed: receiving Intent { act=com.netflix.ninja.intent.action.ESN_RESPONSE flg=0x10000010 (has extras) } to com.netflix.partnertoken/com.partner.padi.EsnReceiver
07-03 14:22:48.814 W/ContextImpl( 5124): Calling a method in the system process without a qualified user: android.app.ContextImpl.bindService:1748 android.content.ContextWrapper.bindService:756 com.jio.adc.core.b.d:56 com.jio.adc.core.b.b:13 com.jio.adc.core.b$c.run:7 
07-03 14:22:51.365 W/ContextImpl( 5124): Calling a method in the system process without a qualified user: android.app.ContextImpl.sendBroadcast:1111 android.content.ContextWrapper.sendBroadcast:468 com.rjil.jiostbsetting.utils.UtilsKt.getAllVolumeDetails:2230 com.rjil.jiostbsetting.service.EndlessService.getParameters$lambda-22:1166 com.rjil.jiostbsetting.service.EndlessService.$r8$lambda$rJsFG8XlIrKzvRVodgEZk__jDnM:0 
07-03 14:22:51.380 W/ContextImpl( 5124): Calling a method in the system process without a qualified user: android.app.ContextImpl.sendBroadcast:1111 android.content.ContextWrapper.sendBroadcast:468 com.rjil.jiostbsetting.utils.UtilsKt.sendUSBAttachDetachBroadcast:2259 com.rjil.jiostbsetting.service.EndlessService$CallbackListener.onParameterNotification:1327 com.rjil.jiostbsetting.dc.DCDataProvider.invokeCallback:107 
