07-03 16:01:45.630 I/[11413.527734@1]- 00000000686473b2(    0): free ion_id:0, priv_data:0
07-03 16:01:45.630 D/        (    0): [11413.527739@1]d ionvideo_release_map 0 OK
07-03 16:01:45.641 D/[11413.538944@1]- ionvid(    0): dbg: vidioc_close!!!!
07-03 16:01:45.641 D/[11413.538964@1]- ionvid(    0): dbg: vidioc_close
07-03 16:01:45.641 I/[11413.540310@1]- resman(    0): 41 release [codec_mm]
07-03 16:01:45.936 D/INSETS  ( 3835): else - Package Name ::  left : 0 right :: 0 top :: 0 bottom :: 0 dfu-right :: 1920 dfu-bottom :: 1080
07-03 16:01:46.058 D/ConnectivityService( 3835): requestNetwork for uid/pid:10066/18285 NetworkRequest [ TRACK_DEFAULT id=36, [ Capabilities: INTERNET&NOT_RESTRICTED&TRUSTED Uid: 10066 AdministratorUids: [] RequestorUid: 10066 RequestorPackageName: in.startv.hotstar] ]
07-03 16:01:46.059 D/ConnectivityService( 3835): NetReassign [36 : null  100]
07-03 16:01:46.182 I/UsageStatsService( 3835): User[0] Flushing usage stats to disk
07-03 16:01:47.200 D/INSETS  ( 3835): else - Package Name ::  left : 0 right :: 0 top :: 0 bottom :: 0 dfu-right :: 1920 dfu-bottom :: 1080
07-03 16:01:48.698 W/[11416.597058@3]- RTW(    0): fill_default_txdesc(wlan0): SP Packet(0x0806) rate=0x4 SeqNum = 509
07-03 16:01:49.222 W/[11417.119319@2]- RTW(    0): Turbo EDCA =0x5ea42b
07-03 16:01:53.374 W/[11421.272714@3]- RTW(    0): fill_default_txdesc(wlan0): SP Packet(0x0806) rate=0x4 SeqNum = 780
07-03 16:01:56.316 I/UsageStatsService( 3835): User[0] Flushing usage stats to disk
07-03 16:01:58.121 W/[11426.018616@3]- RTW(    0): fill_default_txdesc(wlan0): SP Packet(0x0806) rate=0x4 SeqNum = 1067
07-03 16:02:00.034 E/IntervalStats( 3835): Unable to parse usage stats package 122
07-03 16:02:00.034 E/IntervalStats( 3835): Unable to parse event package 122
07-03 16:02:00.038 I/chatty  ( 3835): uid=1000(system) Binder:3835_E identical 61 lines
07-03 16:02:00.038 E/IntervalStats( 3835): Unable to parse event package 122
07-03 16:02:00.046 E/IntervalStats( 3835): Unable to parse usage stats package 122
07-03 16:02:00.046 E/IntervalStats( 3835): Unable to parse event package 122
07-03 16:02:03.194 I/[11431.093699@0]- resman(    0): 42 appname:OMX-37, type=0
07-03 16:02:03.306 I/[11431.202996@2]- resman(    0): 42 acquire [codec_mm], preempt yes
07-03 16:02:03.306 I/[11431.203007@2]- resman(    0): 42 score 60 secure no
07-03 16:02:03.306 I/[11431.203013@2]- resman(    0): 42 acquire [codec_mm] success
07-03 16:02:03.313 D/        (    0): [11431.203087@2]- the demux           clock on, ref cnt: 2
07-03 16:02:03.313 D/        (    0): [11431.203093@2]- the parser_top      clock on, ref cnt: 2
07-03 16:02:03.313 D/        (    0): [11431.203103@2]- the vdec            clock on, ref cnt: 1
07-03 16:02:03.313 D/        (    0): [11431.203125@2]- the clk_vdec_mux    clock on, ref cnt: 1
07-03 16:02:03.313 D/        (    0): [11431.203158@2]- vdec mux clock is 499999992 Hz
07-03 16:02:03.317 D/        (    0): [11431.203311@2]- vdec_create instance 0000000034683fb1, total 1, PM: legacy
07-03 16:02:03.319 D/        (    0): [11431.203354@2]- no drmmode
07-03 16:02:03.319 I/        (    0): [11431.203433@2]- is_reset=0
07-03 16:02:03.319 I/        (    0): [11431.203463@2]- vdec_init, dev_name:ammvdec_h264, vdec_type=VDEC_TYPE_FRAME_BLOCK  id = 0
07-03 16:02:03.319 D/        (    0): [11431.204378@2]- ammvdec_h264_mmu_init tvp = 0x0 mmu_enable 0
07-03 16:02:03.319 D/        (    0): [11431.204385@2]- decoder_bmmu_box_alloc_box, tvp_flags = 0
07-03 16:02:03.319 D/[11431.204405@2]- 0(    0): ammvdec_h264_probe mmu_enable 0 double_write_mode 0x10
07-03 16:02:03.319 D/[11431.207492@2]- 0(    0): ammvdec_h264 mem-addr=0,buff_offset=56f10000,buf_start=56f00000
07-03 16:02:03.319 D/        (    0): [11431.207535@2]- vdec mux clock is 666666656 Hz
07-03 16:02:03.319 D/        (    0): [11431.207540@2]- vdec1 video changed to 3840 x 2160 60 fps clk->667MHZ
07-03 16:02:03.319 W/        (    0): [11431.207546@2]- H264 sysinfo: 1920x1080 duration=3200, pts_outside=1
07-03 16:02:03.319 D/        (    0): [11431.207550@2]- sync_outside=0, use_idr_framerate=0, is_used_v4l: 0
07-03 16:02:03.319 I/        (    0): [11431.207679@2]- [TEE], the fw (h264_multi) will be loaded.
07-03 16:02:03.319 D/        (    0): [11431.208573@2]- vh264_init, phy_addr=7446e000 vaddr=0000000014347c1d
07-03 16:02:03.319 D/        (    0): [11431.216143@0]- vfm map vdec-map-0 created
07-03 16:02:03.319 I/[11431.216164@0]- dim(    0): ch[1]:di_receiver_event_fun,8:_REG
07-03 16:02:03.319 I/[11431.216169@0]- dim(    0): reg:vdec.h264.00[30]
07-03 16:02:03.319 I/[11431.216772@2]- dim(    0): reg:use[0]ms
07-03 16:02:03.319 E/[11431.216796@2]- reg(    0): v4lvideo
07-03 16:02:03.319 I/[11431.216805@2]- dim(    0): ch[1]:di_receiver_event_fun,3:_START
07-03 16:02:03.319 D/        (    0): [11431.216809@2]- vdec_init, vf_provider_name = vdec.h264.00, b 0
07-03 16:02:03.332 I/        (    0): [11431.223484@2]- vdec->port_flag=0x102, port_flag=0x10b
07-03 16:02:03.332 D/[11431.226499@2]- v4lvid(    0): dbg: v4lvideo open
07-03 16:02:03.332 W/[11431.231622@0]- RTW(    0): Turbo EDCA =0x431c
07-03 16:02:03.412 D/[11431.310267@2]- 0(    0): AV_SCRATCH_1 = 841fe078, AV_SCRATCH_2 1a023
07-03 16:02:03.412 D/[11431.310323@2]- 0(    0): chroma_format_idc = 1 frame_mbs_only_flag 1, crop_bottom 8,  frame_height 1080,
07-03 16:02:03.412 D/[11431.310328@2]- 0(    0): mb_height 68,crop_right 0, frame_width 1920, mb_width 120
07-03 16:02:03.412 D/[11431.310333@2]- 0(    0): level_idc = 40 pic_size = 3133440 size = 4
07-03 16:02:03.412 D/[11431.310338@2]- 0(    0): mb height/widht/total: 44/78/1fe0 level_idc 28 max_ref_num 4
07-03 16:02:03.412 D/[11431.310344@2]- 0(    0): restriction_flag=1, max_dec_frame_buffering=4, dec_dpb_size=6 num_reorder_frames 2 used_reorder_dpb_size_margin 9
07-03 16:02:03.412 D/[11431.310350@2]- 0(    0): vh264_set_params active_buf_spec_num 15 dec_dpb_size 6 collocate_buf_num 8
07-03 16:02:03.466 D/[11431.365062@0]- 0(    0): num_ref_frames change from 0 to 4
07-03 16:02:03.478 I/[11431.372307@2]- dim(    0): value reg:ch[1]:fix_buf:0;ponly <0,0>
07-03 16:02:03.485 I/[11431.372325@2]- dim(    0): di_cnt_i_buf1:tvp:0
07-03 16:02:03.485 I/[11431.372707@3]- v4lvideo(    0): provider name: vdec.h264.00
07-03 16:02:03.507 D/        (    0): [11431.400593@0]- cal_dur_from_pts vstatus 3840 dur3600 -> 3840, revised 3840
07-03 16:02:03.507 I/[11431.400798@0]- vframe_rate_uevent(    0): sent uevent FRAME_RATE_HINT=3840
07-03 16:02:03.528 D/[11431.423095@2]- dimh_patch_post_update_mc_sw(    0): 0x0->0x2
07-03 16:02:03.528 I/[11431.423217@2]- dim(    0): ch[1]:reg:mem cfg[8][5][3]
07-03 16:02:03.528 I/[11431.423290@2]- dim(    0): pre cfg:ch[1]:11131328ms 1th source change:
07-03 16:02:03.528 I/[11431.423296@2]- dim(    0): source change:0x0/0/0/0=>0x8009/1920/1080/0
07-03 16:02:03.528 D/[11431.423314@2]- dimh_patch_post_update_mc_sw(    0): 0x2->0x3
07-03 16:02:03.586 I/[11431.466356@2]- VID(    0): VD1 off
07-03 16:02:03.587 I/[11431.466521@2]- vc(    0): [0]vc: set enable index=0, val=1
07-03 16:02:03.587 I/        (    0): [11431.466604@2]- dev->index =0, val=2
07-03 16:02:03.587 I/[11431.466609@2]- VID(    0): VD1 off
07-03 16:02:03.587 I/[11431.466615@2]- VID(    0): VD1 set global output as 1
07-03 16:02:03.587 I/[11431.466645@2]- VID(    0): store VD0 path_id changed -1->2
07-03 16:02:03.587 I/[11431.466666@2]- vc(    0): [0]sideband_type =-1
07-03 16:02:03.998 W/[11431.896879@3]- RTW(    0): fill_default_txdesc(wlan0): SP Packet(0x0806) rate=0x4 SeqNum = 1842
07-03 16:02:00.046 E/IntervalStats( 3835): Unable to parse event package 122
07-03 16:02:06.421 I/UsageStatsService( 3835): User[0] Flushing usage stats to disk
07-03 16:02:08.106 W/[11436.006384@0]s RTW(    0): fill_default_txdesc(wlan0): SP Packet(0x0806) rate=0x4 SeqNum = 3059
07-03 16:02:11.398 W/[11439.294910@1]- RTW(    0): Turbo EDCA =0x5ea42b
07-03 16:02:13.154 W/[11441.052631@2]- RTW(    0): fill_default_txdesc(wlan0): SP Packet(0x0806) rate=0x4 SeqNum = 3210
07-03 16:02:13.414 W/[11441.311342@0]- RTW(    0): Turbo EDCA =0x431c
07-03 16:02:15.429 W/[11443.327828@1]- RTW(    0): Turbo EDCA =0x5ea42b
07-03 16:02:17.449 W/[11445.347512@2]- RTW(    0): Turbo EDCA =0x431c
07-03 16:02:18.166 W/        (    0): [11446.064702@1]- [0] H264 EOS notify.
07-03 16:02:18.222 W/[11446.121828@3]- RTW(    0): fill_default_txdesc(wlan0): SP Packet(0x0806) rate=0x4 SeqNum = 3598
07-03 16:02:18.763 I/        (    0): [11446.659014@0]- is_reset=1
07-03 16:02:18.767 I/[11446.662099@0]- vframe_rate_uevent(    0): sent uevent FRAME_RATE_HINT=0
07-03 16:02:18.773 I/[11446.663906@2]- dim(    0): ch[1]:di_receiver_event_fun,1:_UNREG
07-03 16:02:18.773 E/[11446.663918@2]- unreg(    0): v4lvideo
07-03 16:02:18.786 I/[11446.678657@0]- dim(    0): unreg:2keep[4], msk:[0xf0000,0x0]
07-03 16:02:18.786 D/[11446.678675@0]- dimh_patch_post_update_mc_sw(    0): 0x3->0x0
07-03 16:02:18.794 I/[11446.690686@2]- dim(    0): unreg:use[27]ms
07-03 16:02:18.794 D/        (    0): [11446.690719@2]- vdec_disable_DMC input->target= 0x0
07-03 16:02:18.794 D/[11446.690866@2]- 0(    0): vh264_stop
07-03 16:02:18.797 D/        (    0): [11446.695549@2]- vdec_release instance 0000000034683fb1, total 1 id = 0
07-03 16:02:18.813 D/        (    0): [11446.695733@2]- the clk_vdec_mux    clock off, ref cnt: 0
07-03 16:02:18.813 D/        (    0): [11446.695743@2]- the vdec            clock off, ref cnt: 0
07-03 16:02:18.813 D/        (    0): [11446.695747@2]- the parser_top      clock off, ref cnt: 1
07-03 16:02:18.813 D/        (    0): [11446.695751@2]- the demux           clock off, ref cnt: 1
07-03 16:02:18.813 D/        (    0): [11446.695823@2]- the demux           clock on, ref cnt: 2
07-03 16:02:18.815 D/        (    0): [11446.695828@2]- the parser_top      clock on, ref cnt: 2
07-03 16:02:18.815 D/        (    0): [11446.695835@2]- the vdec            clock on, ref cnt: 1
07-03 16:02:18.816 D/        (    0): [11446.695854@2]- the clk_vdec_mux    clock on, ref cnt: 1
07-03 16:02:18.817 D/        (    0): [11446.695886@2]- vdec mux clock is 499999992 Hz
07-03 16:02:18.830 D/        (    0): [11446.696041@2]- vdec_create instance 000000006d1e11bc, total 1, PM: legacy
07-03 16:02:18.830 D/        (    0): [11446.696082@2]- no drmmode
07-03 16:02:18.830 I/        (    0): [11446.696154@2]- is_reset=1
07-03 16:02:18.830 I/        (    0): [11446.696182@2]- vdec_init, dev_name:ammvdec_h264, vdec_type=VDEC_TYPE_FRAME_BLOCK  id = 0
07-03 16:02:18.830 D/        (    0): [11446.697056@2]- ammvdec_h264_mmu_init tvp = 0x0 mmu_enable 0
07-03 16:02:18.832 D/        (    0): [11446.697064@2]- decoder_bmmu_box_alloc_box, tvp_flags = 0
07-03 16:02:18.832 D/[11446.697084@2]- 0(    0): ammvdec_h264_probe mmu_enable 0 double_write_mode 0x10
07-03 16:02:18.832 D/[11446.698368@2]- 0(    0): ammvdec_h264 mem-addr=0,buff_offset=56f10000,buf_start=56f00000
07-03 16:02:18.832 D/        (    0): [11446.698408@2]- vdec mux clock is 666666656 Hz
07-03 16:02:18.832 D/        (    0): [11446.698413@2]- vdec1 video changed to 3840 x 2160 60 fps clk->667MHZ
07-03 16:02:18.832 W/        (    0): [11446.698418@2]- H264 sysinfo: 1920x1080 duration=3200, pts_outside=1
07-03 16:02:18.832 D/        (    0): [11446.698422@2]- sync_outside=0, use_idr_framerate=0, is_used_v4l: 0
07-03 16:02:18.832 I/        (    0): [11446.698604@2]- [TEE], the fw (h264_multi) will be loaded.
07-03 16:02:18.832 D/        (    0): [11446.703500@2]- vh264_init, phy_addr=7446e000 vaddr=00000000f1193fef
07-03 16:02:18.832 D/        (    0): [11446.704113@2]- vfm map vdec-map-0 created
07-03 16:02:18.832 I/[11446.704135@2]- dim(    0): ch[1]:di_receiver_event_fun,8:_REG
07-03 16:02:18.832 I/[11446.704141@2]- dim(    0): reg:vdec.h264.00[31]
07-03 16:02:18.833 I/[11446.704722@2]- dim(    0): reg:use[0]ms
07-03 16:02:18.833 E/[11446.704749@2]- reg(    0): v4lvideo
07-03 16:02:18.833 I/[11446.704757@2]- dim(    0): ch[1]:di_receiver_event_fun,3:_START
07-03 16:02:18.833 D/        (    0): [11446.704762@2]- vdec_init, vf_provider_name = vdec.h264.00, b 0
07-03 16:02:18.833 I/        (    0): [11446.705691@3]- vdec->port_flag=0x102, port_flag=0x10b
07-03 16:02:18.833 I/        (    0): [11446.705781@3]- is_reset=0
07-03 16:02:18.833 I/[11446.720574@2]- vframe_rate_uevent(    0): sent uevent FRAME_RATE_HINT=0
07-03 16:02:18.833 I/[11446.720642@2]- dim(    0): ch[1]:di_receiver_event_fun,1:_UNREG
07-03 16:02:18.833 E/[11446.720655@2]- unreg(    0): v4lvideo
07-03 16:02:18.833 I/[11446.721246@2]- dim(    0): unreg:use[1]ms
07-03 16:02:18.833 D/        (    0): [11446.721277@2]- vdec_disable_DMC input->target= 0x0
07-03 16:02:18.833 D/[11446.721401@2]- 0(    0): vh264_stop
07-03 16:02:18.833 D/        (    0): [11446.721902@2]- vdec_release instance 000000006d1e11bc, total 1 id = 0
07-03 16:02:18.833 D/        (    0): [11446.722195@2]- the clk_vdec_mux    clock off, ref cnt: 0
07-03 16:02:18.833 D/        (    0): [11446.722205@2]- the vdec            clock off, ref cnt: 0
07-03 16:02:18.833 D/        (    0): [11446.722209@2]- the parser_top      clock off, ref cnt: 1
07-03 16:02:18.833 D/        (    0): [11446.722213@2]- the demux           clock off, ref cnt: 1
07-03 16:02:18.833 D/        (    0): [11446.722240@2]d v4lvideo_release_map 0 OK
07-03 16:02:18.833 D/[11446.722354@2]- v4lvid(    0): dbg: vidioc_close!!!!
07-03 16:02:18.833 I/[11446.723702@2]- resman(    0): 42 release [codec_mm]
07-03 16:02:18.890 I/[11446.790501@1]- resman(    0): 43 appname:OMX-38, type=0
07-03 16:02:19.018 I/[11446.915636@2]- resman(    0): 43 acquire [codec_mm], preempt yes
07-03 16:02:19.018 I/[11446.915648@2]- resman(    0): 43 score 60 secure no
07-03 16:02:19.018 I/[11446.915653@2]- resman(    0): 43 acquire [codec_mm] success
07-03 16:02:19.018 D/        (    0): [11446.915715@2]- the demux           clock on, ref cnt: 2
07-03 16:02:19.018 D/        (    0): [11446.915720@2]- the parser_top      clock on, ref cnt: 2
07-03 16:02:19.018 D/        (    0): [11446.915731@2]- the vdec            clock on, ref cnt: 1
07-03 16:02:19.018 D/        (    0): [11446.915754@2]- the clk_hevc_mux    clock on, ref cnt: 1
07-03 16:02:19.018 D/        (    0): [11446.915760@2]- the clk_hevcb_mux   clock on, ref cnt: 1
07-03 16:02:19.018 D/        (    0): [11446.915795@2]- hevc mux clock is 499999992 Hz
07-03 16:02:19.018 D/        (    0): [11446.915812@2]- hevc back mux clock is 499999992 Hz
07-03 16:02:19.018 D/        (    0): [11446.916047@2]- vdec_create instance 00000000c86dbc23, total 1, PM: legacy
07-03 16:02:19.018 D/        (    0): [11446.916093@2]- no drmmode
07-03 16:02:19.018 I/        (    0): [11446.916144@2]- is_reset=0
07-03 16:02:19.018 I/        (    0): [11446.916173@2]- vdec_init, dev_name:ammvdec_h265, vdec_type=VDEC_TYPE_FRAME_BLOCK  id = 0
07-03 16:02:19.018 D/[11446.917173@2]- [0]pdata->config=hevc_buf_width(    0): 1920;hevc_buf_height:1088;hevc_buf_margin:0;hevc_double_write_mode:16;save_buffer_mode:0;
07-03 16:02:19.018 D/        (    0): [11446.917207@2]- decoder_bmmu_box_alloc_box, tvp_flags = 0
07-03 16:02:19.022 D/        (    0): [11446.919386@2]- [0]dynamic_buf_num_margin=9
07-03 16:02:19.022 D/        (    0): [11446.919395@2]- [0]double_write_mode=16
07-03 16:02:19.022 D/[11446.919404@2]- [0]h265(    0): pts_unstable=0
07-03 16:02:19.022 D/[11446.919409@2]- [0]h265(    0): ver (201602101,0) decinfo: 0x0 rate=3600
07-03 16:02:19.022 I/        (    0): [11446.920244@2]- [TEE], the fw (hevc_mmu) will be loaded.
07-03 16:02:19.022 D/        (    0): [11446.920294@2]- hevc mux clock is 666666656 Hz
07-03 16:02:19.022 D/        (    0): [11446.920310@2]- hevc back mux clock is 666666656 Hz
07-03 16:02:19.022 D/        (    0): [11446.920316@2]- hevc video changed to 3840 x 2160 60 fps clk->667MHZ
07-03 16:02:19.022 D/        (    0): [11446.920364@2]- vfm map vdec-map-0 created
07-03 16:02:19.022 I/[11446.920385@2]- dim(    0): ch[1]:di_receiver_event_fun,8:_REG
07-03 16:02:19.022 I/[11446.920390@2]- dim(    0): reg:vdec.h265.00[32]
07-03 16:02:19.022 I/[11446.920953@2]- dim(    0): reg:use[0]ms
07-03 16:02:19.022 E/[11446.920982@2]- reg(    0): v4lvideo
07-03 16:02:19.022 I/[11446.920990@2]- dim(    0): ch[1]:di_receiver_event_fun,3:_START
07-03 16:02:19.022 D/        (    0): [11446.920997@2]- vdec_init, vf_provider_name = vdec.h265.00, b 0
07-03 16:02:19.022 I/        (    0): [11446.922246@3]- vdec->port_flag=0x102, port_flag=0x10b
07-03 16:02:19.028 D/[11446.927857@3]- v4lvid(    0): dbg: v4lvideo open
07-03 16:02:19.054 E/        (    0): [11446.954223@1]- mmu box NULL !!!
07-03 16:02:19.054 D/        (    0): [11446.954237@1]- [0]vh265 cached=0  need_size=6144 speed= 36 ms
07-03 16:02:19.056 D/        (    0): [11446.955005@0]- [0]hevc->performance_profile 0
07-03 16:02:19.056 D/        (    0): [11446.955015@0]- [0]set pic_list_init_flag 1
07-03 16:02:19.088 D/        (    0): [11446.988662@2]- [0]init_buf_spec2 1920 1080
07-03 16:02:19.089 D/        (    0): [11446.988672@2]- [0]set pic_list_init_flag to 2
07-03 16:02:19.089 D/        (    0): [11446.988728@0]- [0]set pic_list_init_flag to 3
07-03 16:02:19.089 D/        (    0): [11446.988734@0]- [vdec_kpi][vh265_isr_thread_fn] First I frame coming.
07-03 16:02:19.096 D/[11446.993305@0]- [0]VH265(    0): output first frame
07-03 16:02:19.098 D/        (    0): [11446.993327@0]- [vdec_kpi][post_video_frame] First I frame decoded.
07-03 16:02:19.100 I/[11446.993394@0]- dim(    0): value reg:ch[1]:fix_buf:0;ponly <0,0>
07-03 16:02:19.100 I/[11446.993404@0]- dim(    0): 1920x1080-0x9000.
07-03 16:02:19.100 I/[11446.993698@2]- v4lvideo(    0): provider name: vdec.h265.00
07-03 16:02:19.122 D/        (    0): [11447.021210@1]- cal_dur_from_pts vstatus 3840 dur3600 -> 3840, revised 3840
07-03 16:02:19.139 I/[11447.025338@1]- vframe_rate_uevent(    0): sent uevent FRAME_RATE_HINT=3840
07-03 16:02:23.310 W/[11451.209841@1]- RTW(    0): fill_default_txdesc(wlan0): SP Packet(0x0806) rate=0x4 SeqNum = 2715
07-03 16:02:28.339 W/[11456.234788@3]- audit(    0): audit_lost=4519 audit_rate_limit=5 audit_backlog_limit=64
07-03 16:02:28.339 E/[11456.234798@3]- audit(    0): rate limit exceeded
07-03 16:02:28.374 W/[11456.273051@0]- RTW(    0): fill_default_txdesc(wlan0): SP Packet(0x0806) rate=0x4 SeqNum = 47
07-03 16:02:29.539 W/[11457.439377@0]- RTW(    0): Turbo EDCA =0x5ea42b
07-03 16:02:31.558 W/[11459.454866@3]- RTW(    0): Turbo EDCA =0x431c
07-03 16:02:31.750 W/[11459.647218@0]- RTW(    0): fill_default_txdesc(wlan0): SP Packet(0x0806) rate=0x4 SeqNum = 379
07-03 16:02:31.842 W/[11459.740838@3]- RTW(    0): fill_default_txdesc(wlan0): SP Packet(0x0806) rate=0x4 SeqNum = 385
07-03 16:02:32.814 W/[11460.713963@0]- audit(    0): audit_lost=4521 audit_rate_limit=5 audit_backlog_limit=64
07-03 16:02:32.814 E/[11460.713972@0]- audit(    0): rate limit exceeded
07-03 16:02:33.482 W/[11461.381945@3]- RTW(    0): fill_default_txdesc(wlan0): SP Packet(0x0806) rate=0x4 SeqNum = 471
07-03 16:02:33.574 W/[11461.471018@3]- RTW(    0): Turbo EDCA =0x5ea42b
07-03 16:02:38.122 W/[11466.021631@2]- RTW(    0): fill_default_txdesc(wlan0): SP Packet(0x0806) rate=0x4 SeqNum = 841
07-03 16:02:38.406 W/[11466.302695@3]- RTW(    0): fill_default_txdesc(wlan0): SP Packet(0x0806) rate=0x4 SeqNum = 903
07-03 16:02:39.621 W/[11467.519257@1]- RTW(    0): Turbo EDCA =0x431c
07-03 16:02:40.402 W/[11468.299315@1]- healthd(    0): battery l=100 v=4 t=0.0 h=2 st=2 c=1100 fc=10000000 chg=u
07-03 16:02:41.636 W/[11469.535282@1]- RTW(    0): Turbo EDCA =0x5ea42b
07-03 16:02:43.638 W/[11471.537935@3]- RTW(    0): fill_default_txdesc(wlan0): SP Packet(0x0806) rate=0x4 SeqNum = 1174
07-03 16:02:45.670 W/[11473.567095@1]- RTW(    0): Turbo EDCA =0x431c
07-03 16:02:47.687 W/[11475.583006@2]- RTW(    0): Turbo EDCA =0x5ea42b
07-03 16:02:48.739 W/[11476.639852@3]- RTW(    0): fill_default_txdesc(wlan0): SP Packet(0x0806) rate=0x4 SeqNum = 1476
07-03 16:02:51.598 W/[11479.497103@2]- audit(    0): audit_lost=4522 audit_rate_limit=5 audit_backlog_limit=64
07-03 16:02:51.598 E/[11479.497111@2]- audit(    0): rate limit exceeded
07-03 16:02:36.973 I/chatty  ( 3835): uid=1000(system) android.bg identical 3 lines
07-03 16:02:47.094 I/UsageStatsService( 3835): User[0] Flushing usage stats to disk
07-03 16:02:53.681 D/AutofillManagerService( 3835): onBackKeyPressed()
07-03 16:02:53.734 W/[11481.633852@1]- RTW(    0): Turbo EDCA =0x431c
07-03 16:02:53.761 I/        (    0): [11481.659122@2]- is_reset=1
07-03 16:02:53.761 I/[11481.659439@2]- vframe_rate_uevent(    0): sent uevent FRAME_RATE_HINT=0
07-03 16:02:53.761 I/[11481.660230@0]- dim(    0): ch[1]:di_receiver_event_fun,1:_UNREG
07-03 16:02:53.761 E/[11481.660313@0]- unreg(    0): v4lvideo
07-03 16:02:53.761 I/[11481.660376@1]- dim(    0): unreg:2keep[4], msk:[0x0,0x0]
07-03 16:02:53.787 I/[11481.672243@2]- dim(    0): unreg:use[12]ms
07-03 16:02:53.788 D/        (    0): [11481.672277@2]- vdec_disable_DMC input->target= 0x1
07-03 16:02:53.788 D/        (    0): [11481.675562@1]- vdec_release instance 00000000c86dbc23, total 1 id = 0
07-03 16:02:53.788 D/        (    0): [11481.675736@1]- the clk_hevc_mux    clock off, ref cnt: 0
07-03 16:02:53.788 D/        (    0): [11481.675743@1]- the clk_hevcb_mux   clock off, ref cnt: 0
07-03 16:02:53.788 D/        (    0): [11481.675752@1]- the vdec            clock off, ref cnt: 0
07-03 16:02:53.788 D/        (    0): [11481.675756@1]- the parser_top      clock off, ref cnt: 1
07-03 16:02:53.788 D/        (    0): [11481.675760@1]- the demux           clock off, ref cnt: 1
07-03 16:02:53.788 D/        (    0): [11481.675843@1]- the demux           clock on, ref cnt: 2
07-03 16:02:53.788 D/        (    0): [11481.675849@1]- the parser_top      clock on, ref cnt: 2
07-03 16:02:53.788 D/        (    0): [11481.675855@1]- the vdec            clock on, ref cnt: 1
07-03 16:02:53.788 D/        (    0): [11481.675875@1]- the clk_hevc_mux    clock on, ref cnt: 1
07-03 16:02:53.788 D/        (    0): [11481.675880@1]- the clk_hevcb_mux   clock on, ref cnt: 1
07-03 16:02:53.788 D/        (    0): [11481.675912@1]- hevc mux clock is 499999992 Hz
07-03 16:02:53.788 D/        (    0): [11481.675928@1]- hevc back mux clock is 499999992 Hz
07-03 16:02:53.788 D/        (    0): [11481.676028@1]- vdec_create instance 000000000e0175ca, total 1, PM: legacy
07-03 16:02:53.788 D/        (    0): [11481.676066@1]- no drmmode
07-03 16:02:53.788 I/        (    0): [11481.676162@1]- is_reset=1
07-03 16:02:53.788 I/        (    0): [11481.676190@1]- vdec_init, dev_name:ammvdec_h265, vdec_type=VDEC_TYPE_FRAME_BLOCK  id = 0
07-03 16:02:53.788 D/[11481.676801@1]- [0]pdata->config=hevc_buf_width(    0): 1920;hevc_buf_height:1088;hevc_buf_margin:0;hevc_double_write_mode:16;save_buffer_mode:0;
07-03 16:02:53.788 D/        (    0): [11481.676833@1]- decoder_bmmu_box_alloc_box, tvp_flags = 0
07-03 16:02:53.788 D/        (    0): [11481.685435@2]- [0]dynamic_buf_num_margin=9
07-03 16:02:53.788 D/        (    0): [11481.685443@2]- [0]double_write_mode=16
07-03 16:02:53.788 D/[11481.685452@2]- [0]h265(    0): pts_unstable=0
07-03 16:02:53.788 D/[11481.685457@2]- [0]h265(    0): ver (201602101,0) decinfo: 0x0 rate=3600
07-03 16:02:53.788 I/        (    0): [11481.686743@0]- [TEE], the fw (hevc_mmu) will be loaded.
07-03 16:02:53.788 D/        (    0): [11481.686788@0]- hevc mux clock is 666666656 Hz
07-03 16:02:53.788 D/        (    0): [11481.686804@0]- hevc back mux clock is 666666656 Hz
07-03 16:02:53.788 D/        (    0): [11481.686809@0]- hevc video changed to 3840 x 2160 60 fps clk->667MHZ
07-03 16:02:53.788 D/        (    0): [11481.686853@0]- vfm map vdec-map-0 created
07-03 16:02:53.788 I/[11481.686873@0]- dim(    0): ch[1]:di_receiver_event_fun,8:_REG
07-03 16:02:53.788 I/[11481.686878@0]- dim(    0): reg:vdec.h265.00[33]
07-03 16:02:53.788 I/[11481.687431@0]- dim(    0): reg:use[1]ms
07-03 16:02:53.788 E/[11481.687459@0]- reg(    0): v4lvideo
07-03 16:02:53.788 I/[11481.687467@0]- dim(    0): ch[1]:di_receiver_event_fun,3:_START
07-03 16:02:53.788 D/        (    0): [11481.687473@0]- vdec_init, vf_provider_name = vdec.h265.00, b 0
07-03 16:02:53.799 I/        (    0): [11481.695672@2]- vdec->port_flag=0x102, port_flag=0x10b
07-03 16:02:53.799 I/        (    0): [11481.695807@2]- is_reset=0
07-03 16:02:53.802 W/[11481.702355@1]- RTW(    0): fill_default_txdesc(wlan0): SP Packet(0x0806) rate=0x4 SeqNum = 1889
07-03 16:02:53.819 I/        (    0): [11481.716051@2]- is_reset=1
07-03 16:02:53.824 I/[11481.716371@2]- vframe_rate_uevent(    0): sent uevent FRAME_RATE_HINT=0
07-03 16:02:53.824 I/[11481.716419@2]- dim(    0): ch[1]:di_receiver_event_fun,1:_UNREG
07-03 16:02:53.828 E/[11481.716431@2]- unreg(    0): v4lvideo
07-03 16:02:53.828 I/[11481.717004@2]- dim(    0): unreg:use[0]ms
07-03 16:02:53.828 D/        (    0): [11481.717035@2]- vdec_disable_DMC input->target= 0x1
07-03 16:02:53.828 D/        (    0): [11481.717741@2]- vdec_release instance 000000000e0175ca, total 1 id = 0
07-03 16:02:53.828 D/        (    0): [11481.717908@2]- the clk_hevc_mux    clock off, ref cnt: 0
07-03 16:02:53.828 D/        (    0): [11481.717915@2]- the clk_hevcb_mux   clock off, ref cnt: 0
07-03 16:02:53.828 D/        (    0): [11481.717924@2]- the vdec            clock off, ref cnt: 0
07-03 16:02:53.828 D/        (    0): [11481.717928@2]- the parser_top      clock off, ref cnt: 1
07-03 16:02:53.828 D/        (    0): [11481.717932@2]- the demux           clock off, ref cnt: 1
07-03 16:02:53.828 D/        (    0): [11481.718002@2]- the demux           clock on, ref cnt: 2
07-03 16:02:53.828 D/        (    0): [11481.718007@2]- the parser_top      clock on, ref cnt: 2
07-03 16:02:53.828 D/        (    0): [11481.718014@2]- the vdec            clock on, ref cnt: 1
07-03 16:02:53.828 D/        (    0): [11481.718033@2]- the clk_hevc_mux    clock on, ref cnt: 1
07-03 16:02:53.828 D/        (    0): [11481.718038@2]- the clk_hevcb_mux   clock on, ref cnt: 1
07-03 16:02:53.828 D/        (    0): [11481.718070@2]- hevc mux clock is 499999992 Hz
07-03 16:02:53.828 D/        (    0): [11481.718110@2]- hevc back mux clock is 499999992 Hz
07-03 16:02:53.828 D/        (    0): [11481.718218@2]- vdec_create instance 000000005843ed0b, total 1, PM: legacy
07-03 16:02:53.828 D/        (    0): [11481.718257@2]- no drmmode
07-03 16:02:53.828 I/        (    0): [11481.718284@2]- is_reset=1
07-03 16:02:53.828 I/        (    0): [11481.718312@2]- vdec_init, dev_name:ammvdec_h265, vdec_type=VDEC_TYPE_FRAME_BLOCK  id = 0
07-03 16:02:53.828 D/[11481.719029@2]- [0]pdata->config=hevc_buf_width(    0): 1920;hevc_buf_height:1088;hevc_buf_margin:0;hevc_double_write_mode:16;save_buffer_mode:0;
07-03 16:02:53.828 D/        (    0): [11481.719061@2]- decoder_bmmu_box_alloc_box, tvp_flags = 0
07-03 16:02:53.828 D/        (    0): [11481.720218@2]- [0]dynamic_buf_num_margin=9
07-03 16:02:53.829 D/        (    0): [11481.720226@2]- [0]double_write_mode=16
07-03 16:02:53.829 D/[11481.720236@2]- [0]h265(    0): pts_unstable=0
07-03 16:02:53.829 D/[11481.720241@2]- [0]h265(    0): ver (201602101,0) decinfo: 0x0 rate=3600
07-03 16:02:53.829 I/        (    0): [11481.721908@2]- [TEE], the fw (hevc_mmu) will be loaded.
07-03 16:02:53.829 D/        (    0): [11481.721955@2]- hevc mux clock is 666666656 Hz
07-03 16:02:53.829 D/        (    0): [11481.721971@2]- hevc back mux clock is 666666656 Hz
07-03 16:02:53.829 D/        (    0): [11481.721977@2]- hevc video changed to 3840 x 2160 60 fps clk->667MHZ
07-03 16:02:53.829 D/        (    0): [11481.722023@2]- vfm map vdec-map-0 created
07-03 16:02:53.829 I/[11481.722043@2]- dim(    0): ch[1]:di_receiver_event_fun,8:_REG
07-03 16:02:53.829 I/[11481.722048@2]- dim(    0): reg:vdec.h265.00[34]
07-03 16:02:53.829 I/[11481.722627@0]- dim(    0): reg:use[0]ms
07-03 16:02:53.829 E/[11481.722653@0]- reg(    0): v4lvideo
07-03 16:02:53.829 I/[11481.722662@0]- dim(    0): ch[1]:di_receiver_event_fun,3:_START
07-03 16:02:53.829 D/        (    0): [11481.722667@0]- vdec_init, vf_provider_name = vdec.h265.00, b 0
07-03 16:02:53.829 I/        (    0): [11481.727864@1]- vdec->port_flag=0x102, port_flag=0x10b
07-03 16:02:53.829 I/        (    0): [11481.728052@1]- is_reset=0
07-03 16:02:53.844 I/[11481.738888@3]- vframe_rate_uevent(    0): sent uevent FRAME_RATE_HINT=0
07-03 16:02:53.851 I/[11481.739017@3]- dim(    0): ch[1]:di_receiver_event_fun,1:_UNREG
07-03 16:02:53.851 E/[11481.739029@3]- unreg(    0): v4lvideo
07-03 16:02:53.851 I/[11481.739583@3]- dim(    0): unreg:use[0]ms
07-03 16:02:53.851 D/        (    0): [11481.739613@3]- vdec_disable_DMC input->target= 0x1
07-03 16:02:53.851 D/        (    0): [11481.740080@3]- vdec_release instance 000000005843ed0b, total 1 id = 0
07-03 16:02:53.851 D/        (    0): [11481.740235@3]- the clk_hevc_mux    clock off, ref cnt: 0
07-03 16:02:53.851 D/        (    0): [11481.740241@3]- the clk_hevcb_mux   clock off, ref cnt: 0
07-03 16:02:53.851 D/        (    0): [11481.740250@3]- the vdec            clock off, ref cnt: 0
07-03 16:02:53.851 D/        (    0): [11481.740254@3]- the parser_top      clock off, ref cnt: 1
07-03 16:02:53.851 D/        (    0): [11481.740258@3]- the demux           clock off, ref cnt: 1
07-03 16:02:53.851 D/        (    0): [11481.740288@3]d v4lvideo_release_map 0 OK
07-03 16:02:53.851 D/[11481.740405@3]- v4lvid(    0): dbg: vidioc_close!!!!
07-03 16:02:53.851 I/[11481.741532@3]- resman(    0): 43 release [codec_mm]
07-03 16:02:54.108 D/INSETS  ( 3835): else - Package Name ::  left : 0 right :: 0 top :: 0 bottom :: 0 dfu-right :: 1920 dfu-bottom :: 1080
07-03 16:02:54.202 I/[11482.101964@1]- vc(    0): [0]vc: set enable index=0, val=0
07-03 16:02:54.202 I/[11482.101982@1]- VID(    0): store VD0 path_id changed 2->-1
07-03 16:02:54.202 I/        (    0): [11482.101986@1]- dev->index =0, val=1
07-03 16:02:54.202 I/[11482.101991@1]- VID(    0): VD1 off
07-03 16:02:54.202 I/[11482.101996@1]- VID(    0): VD1 set global output as 0
07-03 16:02:54.202 I/        (    0): [11482.102013@1]- common_vf_unreg_provider video_render.0: vd1 used: true, vd2 used: false, black_out:0, cur_buf:0000000032b7cb96
07-03 16:02:55.724 D/AutofillManagerService( 3835): onBackKeyPressed()
07-03 16:02:55.750 W/[11483.648096@3]- RTW(    0): Turbo EDCA =0x5ea42b
07-03 16:02:57.051 D/InputMethodManagerService( 3835): Top Package Name: in.startv.hotstar
07-03 16:02:57.057 W/ContextImpl( 3835): Calling a method in the system process without a qualified user: android.app.ContextImpl.sendBroadcast:1111 com.android.server.inputmethod.InputMethodManagerService.sendSoftInputVisibilityBroadcast:3258 com.android.server.inputmethod.InputMethodManagerService.showCurrentInputLocked:3231 com.android.server.inputmethod.InputMethodManagerService.showSoftInput:3153 com.android.internal.view.IInputMethodManager$Stub.onTransact:304 
07-03 16:02:57.058 D/InputMethodManagerService( 3835): Top Package Name: in.startv.hotstar
07-03 16:02:57.060 W/ContextImpl( 3835): Calling a method in the system process without a qualified user: android.app.ContextImpl.sendBroadcast:1111 com.android.server.inputmethod.InputMethodManagerService.sendSoftInputVisibilityBroadcast:3258 com.android.server.inputmethod.InputMethodManagerService.showCurrentInputLocked:3231 com.android.server.inputmethod.InputMethodManagerService.showMySoftInput:4198 com.android.server.inputmethod.InputMethodManagerService.access$4100:189 
07-03 16:02:57.065 W/ContextImpl( 3835): Calling a method in the system process without a qualified user: android.app.ContextImpl.sendBroadcast:1111 com.android.server.inputmethod.InputMethodManagerService.sendSoftInputVisibilityBroadcast:3258 com.android.server.inputmethod.InputMethodManagerService.hideCurrentInputLocked:3330 com.android.server.inputmethod.InputMethodManagerService.hideMySoftInput:4180 com.android.server.inputmethod.InputMethodManagerService.access$4000:189 
07-03 16:02:57.108 D/InputMethodManagerService( 3835): Top Package Name: in.startv.hotstar
07-03 16:02:57.110 W/ContextImpl( 3835): Calling a method in the system process without a qualified user: android.app.ContextImpl.sendBroadcast:1111 com.android.server.inputmethod.InputMethodManagerService.sendSoftInputVisibilityBroadcast:3258 com.android.server.inputmethod.InputMethodManagerService.showCurrentInputLocked:3231 com.android.server.inputmethod.InputMethodManagerService.showMySoftInput:4198 com.android.server.inputmethod.InputMethodManagerService.access$4100:189 
07-03 16:02:57.120 D/INSETS  ( 3835): else - Package Name ::  left : 0 right :: 0 top :: 0 bottom :: 0 dfu-right :: 1920 dfu-bottom :: 1080
07-03 16:02:57.122 I/chatty  ( 3835): uid=1000(system) Binder:3835_7 identical 2 lines
07-03 16:02:57.123 D/INSETS  ( 3835): else - Package Name ::  left : 0 right :: 0 top :: 0 bottom :: 0 dfu-right :: 1920 dfu-bottom :: 1080
07-03 16:02:57.167 D/INSETS  ( 3835): else - Package Name ::  left : 0 right :: 0 top :: 0 bottom :: 0 dfu-right :: 1920 dfu-bottom :: 1080
07-03 16:02:57.171 I/chatty  ( 3835): uid=1000(system) android.anim identical 2 lines
07-03 16:02:57.171 D/INSETS  ( 3835): else - Package Name ::  left : 0 right :: 0 top :: 0 bottom :: 0 dfu-right :: 1920 dfu-bottom :: 1080
07-03 16:02:57.186 D/INSETS  ( 3835): else - Package Name ::  left : 0 right :: 0 top :: 0 bottom :: 0 dfu-right :: 1920 dfu-bottom :: 1080
07-03 16:02:57.187 D/INSETS  ( 3835): else - Package Name ::  left : 0 right :: 0 top :: 0 bottom :: 0 dfu-right :: 1920 dfu-bottom :: 1080
07-03 16:02:57.199 D/InputMethodManagerService( 3835): Top Package Name: in.startv.hotstar
07-03 16:02:57.200 W/ContextImpl( 3835): Calling a method in the system process without a qualified user: android.app.ContextImpl.sendBroadcast:1111 com.android.server.inputmethod.InputMethodManagerService.sendSoftInputVisibilityBroadcast:3258 com.android.server.inputmethod.InputMethodManagerService.showCurrentInputLocked:3231 com.android.server.inputmethod.InputMethodManagerService.showMySoftInput:4198 com.android.server.inputmethod.InputMethodManagerService.access$4100:189 
07-03 16:02:57.203 I/UsageStatsService( 3835): User[0] Flushing usage stats to disk
07-03 16:02:57.255 D/INSETS  ( 3835): else - Package Name ::  left : 0 right :: 0 top :: 0 bottom :: 0 dfu-right :: 1920 dfu-bottom :: 1080
07-03 16:02:57.300 I/chatty  ( 3835): uid=1000(system) Binder:3835_7 identical 3 lines
07-03 16:02:57.300 D/INSETS  ( 3835): else - Package Name ::  left : 0 right :: 0 top :: 0 bottom :: 0 dfu-right :: 1920 dfu-bottom :: 1080
07-03 16:02:57.312 W/NotificationHistory( 3835): Attempted to add notif for locked/gone/disabled user 0
07-03 16:02:57.323 D/INSETS  ( 3835): else - Package Name ::  left : 0 right :: 0 top :: 0 bottom :: 0 dfu-right :: 1920 dfu-bottom :: 1080
07-03 16:02:57.323 I/chatty  ( 3835): uid=1000(system) android.anim identical 1 line
07-03 16:02:57.324 D/INSETS  ( 3835): else - Package Name ::  left : 0 right :: 0 top :: 0 bottom :: 0 dfu-right :: 1920 dfu-bottom :: 1080
07-03 16:02:57.326 D/InputMethodManagerService( 3835): Top Package Name: in.startv.hotstar
07-03 16:02:57.327 W/ContextImpl( 3835): Calling a method in the system process without a qualified user: android.app.ContextImpl.sendBroadcast:1111 com.android.server.inputmethod.InputMethodManagerService.sendSoftInputVisibilityBroadcast:3258 com.android.server.inputmethod.InputMethodManagerService.showCurrentInputLocked:3231 com.android.server.inputmethod.InputMethodManagerService.showMySoftInput:4198 com.android.server.inputmethod.InputMethodManagerService.access$4100:189 
07-03 16:02:57.331 D/InputMethodManagerService( 3835): Top Package Name: in.startv.hotstar
07-03 16:02:57.332 W/ContextImpl( 3835): Calling a method in the system process without a qualified user: android.app.ContextImpl.sendBroadcast:1111 com.android.server.inputmethod.InputMethodManagerService.sendSoftInputVisibilityBroadcast:3258 com.android.server.inputmethod.InputMethodManagerService.showCurrentInputLocked:3231 com.android.server.inputmethod.InputMethodManagerService.showMySoftInput:4198 com.android.server.inputmethod.InputMethodManagerService.access$4100:189 
07-03 16:02:57.343 D/INSETS  ( 3835): else - Package Name ::  left : 0 right :: 0 top :: 0 bottom :: 0 dfu-right :: 1920 dfu-bottom :: 1080
07-03 16:02:57.351 I/chatty  ( 3835): uid=1000(system) android.display identical 4 lines
07-03 16:02:57.352 D/INSETS  ( 3835): else - Package Name ::  left : 0 right :: 0 top :: 0 bottom :: 0 dfu-right :: 1920 dfu-bottom :: 1080
07-03 16:02:57.389 D/INSETS  ( 3835): else - Package Name ::  left : 0 right :: 0 top :: 0 bottom :: 0 dfu-right :: 1920 dfu-bottom :: 1080
07-03 16:02:57.389 I/chatty  ( 3835): uid=1000(system) Binder:3835_A identical 1 line
07-03 16:02:57.390 D/INSETS  ( 3835): else - Package Name ::  left : 0 right :: 0 top :: 0 bottom :: 0 dfu-right :: 1920 dfu-bottom :: 1080
07-03 16:02:57.541 W/NotificationHistory( 3835): Attempted to add notif for locked/gone/disabled user 0
07-03 16:02:58.072 D/InputMethodManagerService( 3835): Top Package Name: in.startv.hotstar
07-03 16:02:58.072 W/ContextImpl( 3835): Calling a method in the system process without a qualified user: android.app.ContextImpl.sendBroadcast:1111 com.android.server.inputmethod.InputMethodManagerService.sendSoftInputVisibilityBroadcast:3258 com.android.server.inputmethod.InputMethodManagerService.showCurrentInputLocked:3231 com.android.server.inputmethod.InputMethodManagerService.attachNewInputLocked:2397 com.android.server.inputmethod.InputMethodManagerService.startInputUncheckedLocked:2503 
07-03 16:02:58.075 D/InputMethodManagerService( 3835): Top Package Name: in.startv.hotstar
07-03 16:02:58.076 W/ContextImpl( 3835): Calling a method in the system process without a qualified user: android.app.ContextImpl.sendBroadcast:1111 com.android.server.inputmethod.InputMethodManagerService.sendSoftInputVisibilityBroadcast:3258 com.android.server.inputmethod.InputMethodManagerService.showCurrentInputLocked:3231 com.android.server.inputmethod.InputMethodManagerService.showMySoftInput:4198 com.android.server.inputmethod.InputMethodManagerService.access$4100:189 
07-03 16:02:58.091 D/INSETS  ( 3835): else - Package Name ::  left : 0 right :: 0 top :: 0 bottom :: 0 dfu-right :: 1920 dfu-bottom :: 1080
07-03 16:02:58.091 I/chatty  ( 3835): uid=1000(system) Binder:3835_E identical 1 line
07-03 16:02:58.091 D/INSETS  ( 3835): else - Package Name ::  left : 0 right :: 0 top :: 0 bottom :: 0 dfu-right :: 1920 dfu-bottom :: 1080
07-03 16:02:58.233 D/InputMethodManagerService( 3835): Top Package Name: in.startv.hotstar
07-03 16:02:58.234 W/ContextImpl( 3835): Calling a method in the system process without a qualified user: android.app.ContextImpl.sendBroadcast:1111 com.android.server.inputmethod.InputMethodManagerService.sendSoftInputVisibilityBroadcast:3258 com.android.server.inputmethod.InputMethodManagerService.showCurrentInputLocked:3231 com.android.server.inputmethod.InputMethodManagerService.showMySoftInput:4198 com.android.server.inputmethod.InputMethodManagerService.access$4100:189 
07-03 16:02:58.257 D/INSETS  ( 3835): else - Package Name ::  left : 0 right :: 0 top :: 0 bottom :: 0 dfu-right :: 1920 dfu-bottom :: 1080
07-03 16:02:58.270 I/chatty  ( 3835): uid=1000(system) android.anim identical 2 lines
07-03 16:02:58.270 D/INSETS  ( 3835): else - Package Name ::  left : 0 right :: 0 top :: 0 bottom :: 0 dfu-right :: 1920 dfu-bottom :: 1080
07-03 16:02:58.821 D/InputMethodManagerService( 3835): Top Package Name: in.startv.hotstar
07-03 16:02:58.822 W/ContextImpl( 3835): Calling a method in the system process without a qualified user: android.app.ContextImpl.sendBroadcast:1111 com.android.server.inputmethod.InputMethodManagerService.sendSoftInputVisibilityBroadcast:3258 com.android.server.inputmethod.InputMethodManagerService.showCurrentInputLocked:3231 com.android.server.inputmethod.InputMethodManagerService.attachNewInputLocked:2397 com.android.server.inputmethod.InputMethodManagerService.startInputUncheckedLocked:2503 
07-03 16:02:58.825 D/InputMethodManagerService( 3835): Top Package Name: in.startv.hotstar
07-03 16:02:58.826 W/ContextImpl( 3835): Calling a method in the system process without a qualified user: android.app.ContextImpl.sendBroadcast:1111 com.android.server.inputmethod.InputMethodManagerService.sendSoftInputVisibilityBroadcast:3258 com.android.server.inputmethod.InputMethodManagerService.showCurrentInputLocked:3231 com.android.server.inputmethod.InputMethodManagerService.showMySoftInput:4198 com.android.server.inputmethod.InputMethodManagerService.access$4100:189 
07-03 16:02:58.841 D/INSETS  ( 3835): else - Package Name ::  left : 0 right :: 0 top :: 0 bottom :: 0 dfu-right :: 1920 dfu-bottom :: 1080
07-03 16:02:58.841 D/INSETS  ( 3835): else - Package Name ::  left : 0 right :: 0 top :: 0 bottom :: 0 dfu-right :: 1920 dfu-bottom :: 1080
07-03 16:02:58.861 D/InputMethodManagerService( 3835): Top Package Name: in.startv.hotstar
07-03 16:02:58.862 W/ContextImpl( 3835): Calling a method in the system process without a qualified user: android.app.ContextImpl.sendBroadcast:1111 com.android.server.inputmethod.InputMethodManagerService.sendSoftInputVisibilityBroadcast:3258 com.android.server.inputmethod.InputMethodManagerService.showCurrentInputLocked:3231 com.android.server.inputmethod.InputMethodManagerService.showMySoftInput:4198 com.android.server.inputmethod.InputMethodManagerService.access$4100:189 
07-03 16:02:58.898 W/[11486.796394@0]s RTW(    0): fill_default_txdesc(wlan0): SP Packet(0x0806) rate=0x4 SeqNum = 2577
07-03 16:02:59.143 D/INSETS  ( 3835): else - Package Name ::  left : 0 right :: 0 top :: 0 bottom :: 0 dfu-right :: 1920 dfu-bottom :: 1080
07-03 16:02:59.144 D/INSETS  ( 3835): else - Package Name ::  left : 0 right :: 0 top :: 0 bottom :: 0 dfu-right :: 1920 dfu-bottom :: 1080
07-03 16:02:59.777 D/AutofillManagerService( 3835): onBackKeyPressed()
07-03 16:02:59.780 W/ContextImpl( 3835): Calling a method in the system process without a qualified user: android.app.ContextImpl.sendBroadcast:1111 com.android.server.inputmethod.InputMethodManagerService.sendSoftInputVisibilityBroadcast:3258 com.android.server.inputmethod.InputMethodManagerService.hideCurrentInputLocked:3330 com.android.server.inputmethod.InputMethodManagerService.hideMySoftInput:4180 com.android.server.inputmethod.InputMethodManagerService.access$4000:189 
07-03 16:02:59.782 W/[11487.681619@1]- RTW(    0): Turbo EDCA =0x431c
07-03 16:02:59.787 D/INSETS  ( 3835): else - Package Name ::  left : 0 right :: 0 top :: 0 bottom :: 0 dfu-right :: 1920 dfu-bottom :: 1080
07-03 16:02:59.787 D/INSETS  ( 3835): else - Package Name ::  left : 0 right :: 0 top :: 0 bottom :: 0 dfu-right :: 1920 dfu-bottom :: 1080
07-03 16:02:59.808 D/INSETS  ( 3835): else - Package Name ::  left : 0 right :: 0 top :: 0 bottom :: 0 dfu-right :: 1920 dfu-bottom :: 1080
07-03 16:02:59.808 D/INSETS  ( 3835): else - Package Name ::  left : 0 right :: 0 top :: 0 bottom :: 0 dfu-right :: 1920 dfu-bottom :: 1080
07-03 16:02:59.816 D/INSETS  ( 3835): else - Package Name ::  left : 0 right :: 0 top :: 0 bottom :: 0 dfu-right :: 1920 dfu-bottom :: 1080
07-03 16:02:59.816 D/INSETS  ( 3835): else - Package Name ::  left : 0 right :: 0 top :: 0 bottom :: 0 dfu-right :: 1920 dfu-bottom :: 1080
07-03 16:03:00.010 D/INSETS  ( 3835): else - Package Name ::  left : 0 right :: 0 top :: 0 bottom :: 0 dfu-right :: 1920 dfu-bottom :: 1080
07-03 16:03:01.796 W/[11489.694952@1]- RTW(    0): Turbo EDCA =0x5ea42b
07-03 16:03:01.894 D/[11489.791498@2]- logd(    0): logdr: UID=0 GID=0 PID=19050 n tail=0 logMask=99 pid=0 start=0ns timeout=0ns
07-03 16:03:02.253 D/HdmiControlService( 3835): Proccess pid: 3835 is calling oneTouchPlay.
07-03 16:03:02.260 D/HdmiControlService( 3835): Local device is under address allocation. Save OTP callback for later process.
07-03 16:03:02.266 D/AutofillManagerService( 3835): Close system dialogs
07-03 16:03:02.281 I/ActivityTaskManager( 3835): START u0 {act=android.intent.action.MAIN cat=[android.intent.category.HOME] flg=0x10000100 cmp=com.iwedia.ui.rjio.launcher.reliance/com.iwedia.ui.rjio.launcher.ui.intro.IntroActivity (has extras)} from uid 0
07-03 16:03:02.281 D/ActivityTaskManager( 3835): recent debug: [launchedPkgName] --> com.iwedia.ui.rjio.launcher.reliance [callingPackage] --> null
07-03 16:03:02.328 V/ActivityTaskManager( 3835): Old State : null Updated state : INITIALIZING Activity : ComponentInfo{com.iwedia.ui.rjio.launcher.reliance/com.iwedia.ui.rjio.launcher.ui.intro.IntroActivity}
07-03 16:03:02.328 V/ActivityTaskManager( 3835): Sending Broadcast : Intent { act=com.jio.remote.action.applaunch flg=0x40000000 pkg=com.jio.remote.btserver (has extras) }
07-03 16:03:02.336 D/INSETS  ( 3835): else - Package Name ::  left : 0 right :: 0 top :: 0 bottom :: 0 dfu-right :: 1920 dfu-bottom :: 1080
07-03 16:03:02.341 W/Looper  ( 3835): Slow dispatch took 102ms android.ui h=com.android.server.policy.PhoneWindowManager$PolicyHandler c=com.android.server.policy.-$$Lambda$PhoneWindowManager$DisplayHomeButtonHandler$ljCIzo7y96OZCYYMVaAi6LAwRAE@1002d53 m=0
07-03 16:03:02.341 V/ActivityTaskManager( 3835): Old State : RESUMED Updated state : PAUSING Activity : ComponentInfo{in.startv.hotstar/com.hotstar.MainActivity}
07-03 16:03:02.342 V/ActivityTaskManager( 3835): Sending Broadcast : Intent { act=com.jio.remote.action.applaunch flg=0x40000000 pkg=com.jio.remote.btserver (has extras) }
07-03 16:03:02.349 W/WindowManager( 3835): removeWindowToken: Attempted to remove non-existing token: android.os.Binder@f15fccd
07-03 16:03:02.372 D/INSETS  ( 3835): else - Package Name ::  left : 0 right :: 0 top :: 0 bottom :: 0 dfu-right :: 1920 dfu-bottom :: 1080
07-03 16:03:02.383 I/ActivityManager( 3835): Force stopping io.appium.uiautomator2.server appid=10064 user=0: finished inst
07-03 16:03:02.386 I/ActivityManager( 3835): Killing 18205:io.appium.uiautomator2.server/u0a64 (adj 0): stop io.appium.uiautomator2.server due to finished inst
07-03 16:03:02.395 V/ActivityTaskManager( 3835): Old State : PAUSING Updated state : PAUSED Activity : ComponentInfo{in.startv.hotstar/com.hotstar.MainActivity}
07-03 16:03:02.396 V/ActivityTaskManager( 3835): Sending Broadcast : Intent { act=com.jio.remote.action.applaunch flg=0x40000000 pkg=com.jio.remote.btserver (has extras) }
07-03 16:03:02.396 V/ActivityTaskManager( 3835): Old State : STOPPED Updated state : RESUMED Activity : ComponentInfo{com.iwedia.ui.rjio.launcher.reliance/com.iwedia.ui.rjio.launcher.ui.intro.IntroActivity}
07-03 16:03:02.396 V/ActivityTaskManager( 3835): Sending Broadcast : Intent { act=com.jio.remote.action.applaunch flg=0x40000000 pkg=com.jio.remote.btserver (has extras) }
07-03 16:03:02.411 D/INSETS  ( 3835): else - Package Name ::  left : 0 right :: 0 top :: 0 bottom :: 0 dfu-right :: 1920 dfu-bottom :: 1080
07-03 16:03:02.527 W/ActivityManager( 3835): Receiver with filter android.content.IntentFilter@1377e9f already registered for pid 5095, callerPackage is com.iwedia.ui.rjio.launcher.reliance
07-03 16:03:02.602 D/INSETS  ( 3835): else - Package Name ::  left : 0 right :: 0 top :: 0 bottom :: 0 dfu-right :: 1920 dfu-bottom :: 1080
07-03 16:03:02.698 I/[11490.591920@2]- binder(    0): undelivered TRANSACTION_COMPLETE
07-03 16:03:02.698 I/[11490.591934@2]- binder(    0): undelivered transaction 7795310, process died.
07-03 16:03:02.748 D/INSETS  ( 3835): else - Package Name ::  left : 0 right :: 0 top :: 0 bottom :: 0 dfu-right :: 1920 dfu-bottom :: 1080
07-03 16:03:02.755 D/INSETS  ( 3835): else - Package Name ::  left : 0 right :: 0 top :: 0 bottom :: 0 dfu-right :: 1920 dfu-bottom :: 1080
07-03 16:03:02.772 D/INSETS  ( 3835): else - Package Name ::  left : 0 right :: 0 top :: 0 bottom :: 0 dfu-right :: 1920 dfu-bottom :: 1080
07-03 16:03:02.777 I/ActivityManager( 3835): Force stopping io.appium.uiautomator2.server.test appid=10038 user=0: from pid 19089
07-03 16:03:02.778 D/INSETS  ( 3835): else - Package Name ::  left : 0 right :: 0 top :: 0 bottom :: 0 dfu-right :: 1920 dfu-bottom :: 1080
07-03 16:03:02.791 I/ActivityManager( 3835): Force stopping io.appium.uiautomator2.server appid=10064 user=0: from pid 19088
07-03 16:03:02.804 V/ActivityTaskManager( 3835): Old State : PAUSED Updated state : STOPPING Activity : ComponentInfo{in.startv.hotstar/com.hotstar.MainActivity}
07-03 16:03:02.804 V/ActivityTaskManager( 3835): Sending Broadcast : Intent { act=com.jio.remote.action.applaunch flg=0x40000000 pkg=com.jio.remote.btserver (has extras) }
07-03 16:03:02.910 D/INSETS  ( 3835): else - Package Name ::  left : 0 right :: 0 top :: 0 bottom :: 0 dfu-right :: 1920 dfu-bottom :: 1080
07-03 16:03:02.958 V/ActivityTaskManager( 3835): Old State : STOPPING Updated state : STOPPED Activity : ComponentInfo{in.startv.hotstar/com.hotstar.MainActivity}
07-03 16:03:02.958 V/ActivityTaskManager( 3835): Sending Broadcast : Intent { act=com.jio.remote.action.applaunch flg=0x40000000 pkg=com.jio.remote.btserver (has extras) }
07-03 16:03:03.226 W/[11491.124763@2]- RTW(    0): fill_default_txdesc(wlan0): SP Packet(0x0806) rate=0x4 SeqNum = 1046
07-03 16:03:05.891 W/[11493.789114@1]- RTW(    0): fill_default_txdesc(wlan0): SP Packet(0x0806) rate=0x4 SeqNum = 1052
07-03 16:03:07.024 I/ActivityManager( 3835): Force stopping in.startv.hotstar appid=10066 user=0: from pid 4928
07-03 16:03:07.025 I/ActivityManager( 3835): Killing 18285:in.startv.hotstar/u0a66 (adj 700): stop in.startv.hotstar due to from pid 4928
07-03 16:03:07.032 W/ActivityTaskManager( 3835): Force removing ActivityRecord{f4d4842 u0 in.startv.hotstar/com.hotstar.MainActivity t359 f}}: app died, no saved state
07-03 16:03:07.035 D/INSETS  ( 3835): else - Package Name ::  left : 0 right :: 0 top :: 0 bottom :: 0 dfu-right :: 1920 dfu-bottom :: 1080
