--------- beginning of system
07-03 10:32:45.617 W/ContextImpl( 5047): Calling a method in the system process without a qualified user: android.app.ContextImpl.sendBroadcast:1111 android.content.ContextWrapper.sendBroadcast:468 com.rjil.jiostbsetting.service.EndlessService.getParameters:1159 com.rjil.jiostbsetting.service.EndlessService.access$getParameters:123 com.rjil.jiostbsetting.service.EndlessService$mConnection$1$onServiceConnected$2.invokeSuspend:1206 
07-03 10:32:45.659 I/chatty  ( 3842): uid=1000(system) Binder:3842_2 expire 2 lines
07-03 10:32:45.727 I/chatty  ( 3842): uid=1000(system) android.display expire 1 line
07-03 10:32:45.747 I/chatty  ( 3842): uid=1000(system) Binder:3842_8 expire 5 lines
07-03 10:32:45.764 I/chatty  ( 3842): uid=1000 system_server expire 2 lines
07-03 10:32:45.764 I/chatty  ( 3842): uid=1000 system_server expire 2 lines
07-03 10:32:45.765 I/chatty  ( 3842): uid=1000 system_server expire 2 lines
07-03 10:32:45.772 I/chatty  ( 3842): uid=1000 system_server expire 2 lines
07-03 10:32:45.782 I/chatty  ( 3842): uid=1000 system_server expire 2 lines
07-03 10:32:45.815 I/chatty  ( 3842): uid=1000(system) Binder:3842_B expire 1 line
07-03 10:32:45.828 I/chatty  ( 3842): uid=1000 system_server expire 2 lines
07-03 10:32:46.260 I/chatty  ( 3842): uid=1000(system) Binder:3842_D expire 4 lines
07-03 10:32:46.328 I/chatty  ( 3842): uid=1000(system) Binder:3842_10 expire 1 line
07-03 10:32:46.534 I/chatty  ( 3842): uid=1000 system_server expire 20 lines
07-03 10:32:46.989 I/chatty  ( 3842): uid=1000(system) Binder:3842_7 expire 8 lines
07-03 10:32:46.990 I/chatty  ( 3842): uid=1000(system) ActivityManager expire 57 lines
07-03 10:32:47.670 W/ContextImpl( 5812): Calling a method in the system process without a qualified user: android.app.ContextImpl.startForegroundService:1675 android.content.ContextWrapper.startForegroundService:725 android.content.ContextWrapper.startForegroundService:725 com.rjil.sdmcsetting.BootReceiver.onReceive:37 android.app.ActivityThread.handleReceiver:4026 
07-03 10:32:47.683 I/chatty  ( 3842): uid=1000(system) Binder:3842_C expire 1 line
07-03 10:32:47.804 W/ContextImpl( 5812): Calling a method in the system process without a qualified user: android.app.ContextImpl.bindService:1748 android.content.ContextWrapper.bindService:756 com.rjil.sdmcsetting.EndlessService.onCreate:341 android.app.ActivityThread.handleCreateService:4186 android.app.ActivityThread.access$1500:237 
07-03 10:32:47.812 W/ContextImpl( 5812): Calling a method in the system process without a qualified user: android.app.ContextImpl.bindService:1748 android.content.ContextWrapper.bindService:756 com.rjil.sdmcsetting.dc.DCServiceConnector.bindService:41 com.rjil.sdmcsetting.EndlessService.onCreate:343 android.app.ActivityThread.handleCreateService:4186 
07-03 10:32:48.103 I/chatty  ( 3842): uid=1000(system) AsyncTask #1 expire 67 lines
07-03 10:32:48.227 I/chatty  ( 3842): uid=1000(system) Binder:3842_E expire 1 line
07-03 10:32:48.664 I/chatty  ( 3842): uid=1000(system) Binder:3842_3 expire 2 lines
07-03 10:32:48.677 I/chatty  ( 3842): uid=1000(system) ActivityManager expire 1 line
07-03 10:32:48.991 W/ContextImpl( 5812): Calling a method in the system process without a qualified user: android.app.ContextImpl.bindService:1748 android.content.ContextWrapper.bindService:756 com.rjil.sdmcsetting.EndlessService.onStartCommand:203 android.app.ActivityThread.handleServiceArgs:4320 android.app.ActivityThread.access$1800:237 
07-03 10:32:49.267 W/ContextImpl( 5812): Calling a method in the system process without a qualified user: android.app.ContextImpl.bindService:1748 android.content.ContextWrapper.bindService:756 com.jio.adc.core.b.d:56 com.jio.adc.core.b.b:13 com.jio.adc.core.b$c.run:7 
07-03 10:32:49.647 W/ContextImpl( 4826): Calling a method in the system process without a qualified user: android.app.ContextImpl.sendBroadcast:1126 android.content.ContextWrapper.sendBroadcast:473 com.iwedia.tr.dc.DCServiceClient.notifyTifOnDcCallbacksCreated:107 com.iwedia.tr.dc.DCServiceClient.setCallbackInterface:95 com.iwedia.dc.api.IDCServiceDataProvider$Stub.onTransact:85 
07-03 10:32:49.674 W/ContextImpl( 5373): Calling a method in the system process without a qualified user: android.app.ContextImpl.sendBroadcast:1126 android.content.ContextWrapper.sendBroadcast:473 com.iwedia.tvinput.engine.ChannelManager$6.handleMessage:2214 android.os.Handler.dispatchMessage:102 android.os.Looper.loop:223 
07-03 10:32:49.680 W/ContextImpl( 5373): Calling a method in the system process without a qualified user: android.app.ContextImpl.sendBroadcast:1111 android.content.ContextWrapper.sendBroadcast:468 com.iwedia.tvinput.engine.ChannelManager$6.handleMessage:2219 android.os.Handler.dispatchMessage:102 android.os.Looper.loop:223 
07-03 10:32:49.687 W/ContextImpl( 5812): Calling a method in the system process without a qualified user: android.app.ContextImpl.startForegroundService:1675 android.content.ContextWrapper.startForegroundService:725 com.rjil.sdmcsetting.BootReceiver.actionOnService:62 com.rjil.sdmcsetting.BootReceiver.onReceive:47 android.app.LoadedApk$ReceiverDispatcher$Args.lambda$getRunnable$0$LoadedApk$ReceiverDispatcher$Args:1580 
07-03 10:32:49.831 I/chatty  ( 3842): uid=1000(system) Binder:3842_A expire 3 lines
07-03 10:32:49.866 I/chatty  ( 3842): uid=1000(system) Binder:3842_11 expire 1 line
07-03 10:32:49.880 W/ContextImpl( 5812): Calling a method in the system process without a qualified user: android.app.ContextImpl.bindService:1748 android.content.ContextWrapper.bindService:756 com.rjil.sdmcsetting.EndlessService.onStartCommand:203 android.app.ActivityThread.handleServiceArgs:4320 android.app.ActivityThread.access$1800:237 
07-03 10:32:50.546 I/chatty  ( 3842): uid=1000(system) Binder:3842_5 expire 7 lines
07-03 10:32:50.756 W/ContextImpl( 5047): Calling a method in the system process without a qualified user: android.app.ContextImpl.sendBroadcast:1111 android.content.ContextWrapper.sendBroadcast:468 android.content.ContextWrapper.sendBroadcast:468 com.rjil.jiostbsetting.utils.UtilsKt.sendHDMIBroadcastToLauncher:409 com.rjil.jiostbsetting.receiver.BootReceiver.onReceive:129 
07-03 10:32:50.779 W/ContextImpl( 5047): Calling a method in the system process without a qualified user: android.app.ContextImpl.startForegroundService:1675 android.content.ContextWrapper.startForegroundService:725 com.rjil.jiostbsetting.receiver.BootReceiver.actionOnService:338 com.rjil.jiostbsetting.receiver.BootReceiver.onReceive:159 android.app.ActivityThread.handleReceiver:4026 
07-03 10:32:50.877 I/chatty  ( 3842): uid=1000(system) android.anim expire 2 lines
07-03 10:32:51.091 W/ContextImpl( 5047): Calling a method in the system process without a qualified user: android.app.ContextImpl.bindService:1748 android.content.ContextWrapper.bindService:756 com.jio.adc.core.b.d:56 com.jio.adc.core.b.b:13 com.jio.adc.core.b$c.run:7 
07-03 10:32:51.144 W/ContextImpl( 5047): Calling a method in the system process without a qualified user: android.app.ContextImpl.sendBroadcast:1111 android.content.ContextWrapper.sendBroadcast:468 com.rjil.jiostbsetting.utils.UtilsKt.getAllVolumeDetails:2230 com.rjil.jiostbsetting.service.EndlessService.getParameters$lambda-22:1166 com.rjil.jiostbsetting.service.EndlessService.$r8$lambda$rJsFG8XlIrKzvRVodgEZk__jDnM:0 
07-03 10:32:51.158 W/ContextImpl( 5047): Calling a method in the system process without a qualified user: android.app.ContextImpl.sendBroadcast:1111 android.content.ContextWrapper.sendBroadcast:468 com.rjil.jiostbsetting.utils.UtilsKt.sendUSBAttachDetachBroadcast:2259 com.rjil.jiostbsetting.service.EndlessService$CallbackListener.onParameterNotification:1327 com.rjil.jiostbsetting.dc.DCDataProvider.invokeCallback:107 
07-03 10:32:52.877 W/ContextImpl( 7400): Calling a method in the system process without a qualified user: android.app.ContextImpl.startForegroundService:1675 android.content.ContextWrapper.startForegroundService:725 android.content.ContextWrapper.startForegroundService:725 com.rjl.mobileremote.receiver.BootReceiver.onReceive:58 android.app.ActivityThread.handleReceiver:4026 
07-03 10:32:52.885 I/chatty  ( 3842): uid=1000(system) android.bg expire 1 line
07-03 10:32:53.563 W/ContextImpl( 6692): Calling a method in the system process without a qualified user: android.app.ContextImpl.stopService:1681 android.content.ContextWrapper.stopService:730 com.jio.jiobackgroundscheduler.JioBackgroundSchedulerService.stopPrefetchService:103 com.jio.jiobackgroundscheduler.JioBackgroundSchedulerService.updateServicesList:390 com.jio.jiobackgroundscheduler.JioBackgroundSchedulerService.ServicesListJson:327 
07-03 10:32:55.057 W/ContextImpl( 5047): Calling a method in the system process without a qualified user: android.app.ContextImpl.sendBroadcast:1111 android.content.ContextWrapper.sendBroadcast:468 com.rjil.jiostbsetting.service.EndlessService.ESNredirect:1604 com.rjil.jiostbsetting.service.EndlessService$mConnection$1$onServiceConnected$2.invokeSuspend:1207 kotlin.coroutines.jvm.internal.BaseContinuationImpl.resumeWith:33 
07-03 10:32:55.701 I/chatty  ( 3842): uid=1000(system) ConnectivitySer expire 2 lines
07-03 10:32:56.617 I/chatty  ( 3842): uid=1000(system) Binder:3842_1 expire 1 line
07-03 10:32:56.961 W/ContextImpl( 5047): Calling a method in the system process without a qualified user: android.app.ContextImpl.sendBroadcast:1111 android.content.ContextWrapper.sendBroadcast:468 com.rjil.jiostbsetting.pod.service.DelaySilentUpgrade.sendUpgradeStatusToPodLogService:125 com.rjil.jiostbsetting.pod.service.DelaySilentUpgrade.continueOnBootCompleted:113 com.rjil.jiostbsetting.pod.service.DelaySilentUpgrade.access$200:30 
07-03 10:32:58.339 I/chatty  ( 3842): uid=1000(system) Binder:3842_9 expire 15 lines
07-03 10:32:58.340 I/chatty  ( 3842): uid=1000(system) ConnectivitySer expire 6 lines
07-03 10:32:58.636 I/chatty  ( 3842): uid=1000 system_server expire 2 lines
07-03 10:32:58.642 I/chatty  ( 3842): uid=1000 system_server expire 2 lines
07-03 10:32:58.670 I/chatty  ( 3842): uid=1000 system_server expire 2 lines
07-03 10:32:58.674 I/chatty  ( 3842): uid=1000 system_server expire 2 lines
07-03 10:32:58.711 I/chatty  ( 3842): uid=1000(system) Binder:3842_7 expire 3 lines
07-03 10:32:58.874 W/ContextImpl( 5047): Calling a method in the system process without a qualified user: android.app.ContextImpl.bindService:1748 android.content.ContextWrapper.bindService:756 android.content.ContextWrapper.bindService:756 com.rjil.jiostbsetting.MainActivity.registerSSOService:398 com.rjil.jiostbsetting.MainActivity.registerSSOService$default:386 
07-03 10:32:58.927 I/chatty  ( 3842): uid=1000(system) Binder:3842_E expire 5 lines
07-03 10:32:58.933 I/chatty  ( 3842): uid=1000 system_server expire 2 lines
07-03 10:32:58.940 I/chatty  ( 3842): uid=1000 system_server expire 2 lines
07-03 10:32:59.328 I/chatty  ( 3842): uid=1000(system) ActivityManager expire 3 lines
07-03 10:32:59.329 I/chatty  ( 3842): uid=1000(system) ActivityManager expire 16 lines
07-03 10:32:59.438 I/chatty  ( 3842): uid=1000(system) android.display expire 3 lines
07-03 10:32:59.444 I/chatty  ( 3842): uid=1000 system_server expire 2 lines
07-03 10:32:59.449 I/chatty  ( 3842): uid=1000 system_server expire 2 lines
07-03 10:32:59.860 I/chatty  ( 3842): uid=1000 system_server expire 2 lines
07-03 10:32:59.868 I/chatty  ( 3842): uid=1000 system_server expire 2 lines
07-03 10:32:59.868 I/chatty  ( 3842): uid=1000 system_server expire 2 lines
07-03 10:32:59.869 I/chatty  ( 3842): uid=1000 system_server expire 2 lines
07-03 10:33:00.280 I/chatty  ( 3842): uid=1000(system) android.anim expire 11 lines
07-03 10:33:00.349 I/chatty  ( 3842): uid=1000 system_server expire 2 lines
07-03 10:33:00.365 I/chatty  ( 3842): uid=1000 system_server expire 2 lines
07-03 10:33:00.369 I/chatty  ( 3842): uid=1000 system_server expire 2 lines
07-03 10:33:00.717 I/chatty  ( 3842): uid=1000(system) Binder:3842_10 expire 15 lines
07-03 10:33:01.150 I/chatty  ( 3842): uid=1000(system) Binder:3842_B expire 6 lines
07-03 10:33:01.724 I/chatty  ( 3842): uid=1000 system_server expire 2 lines
07-03 10:33:01.777 I/chatty  ( 3842): uid=1000(system) android.ui expire 3 lines
07-03 10:33:01.827 I/chatty  ( 3842): uid=1000 system_server expire 2 lines
07-03 10:33:01.827 I/chatty  ( 3842): uid=1000 system_server expire 2 lines
07-03 10:33:01.830 I/chatty  ( 3842): uid=1000 system_server expire 2 lines
07-03 10:33:01.835 I/chatty  ( 3842): uid=1000 system_server expire 2 lines
07-03 10:33:01.842 I/chatty  ( 3842): uid=1000(system) Binder:3842_11 expire 1 line
07-03 10:33:01.863 I/chatty  ( 3842): uid=1000(system) Binder:3842_C expire 9 lines
07-03 10:33:01.995 W/ContextImpl( 5047): Calling a method in the system process without a qualified user: android.app.ContextImpl.bindService:1748 android.content.ContextWrapper.bindService:756 com.jio.adc.core.b.d:56 com.jio.adc.core.b.b:13 com.jio.adc.core.b$c.run:7 
07-03 10:33:02.000 I/chatty  ( 3842): uid=1000 system_server expire 2 lines
07-03 10:33:02.050 I/chatty  ( 3842): uid=1000 system_server expire 10 lines
07-03 10:33:03.258 I/chatty  ( 3842): uid=1000(system) Binder:3842_2 expire 9 lines
07-03 10:33:03.645 I/chatty  ( 3842): uid=1000(system) android.bg expire 3 lines
07-03 10:33:06.007 W/ContextImpl( 4826): Calling a method in the system process without a qualified user: android.app.ContextImpl.sendBroadcast:1126 android.content.ContextWrapper.sendBroadcast:473 com.iwedia.dtv.common.CommonTifExtnIntentHandler.sendIntent:123 com.iwedia.dtv.common.CommonTifExtnIntentHandler.notifyServiceJsonInfo:87 com.iwedia.dtv.common.CommonTifExtnControl.notifyServiceJsonInfo:778 
07-03 10:33:06.750 W/ContextImpl( 4826): Calling a method in the system process without a qualified user: android.app.ContextImpl.sendBroadcast:1126 android.content.ContextWrapper.sendBroadcast:473 com.iwedia.dtv.common.CommonTifExtnIntentHandler.sendIntent:123 com.iwedia.dtv.common.CommonTifExtnIntentHandler.notifyServiceJsonInfo:87 com.iwedia.dtv.common.CommonTifExtnControl.notifyServiceJsonInfo:778 
07-03 10:33:11.159 W/ActivityThread( 5812): ClassLoader.loadClass: The class loader returned by Thread.getContextClassLoader() may fail for processes that host multiple applications. You should explicitly specify a context class loader. For example: Thread.setContextClassLoader(getClass().getClassLoader());
07-03 10:33:11.697 I/chatty  ( 3842): uid=1000(system) Binder:3842_8 expire 1 line
07-03 10:33:12.290 W/ContextImpl( 5812): Calling a method in the system process without a qualified user: android.app.ContextImpl.sendBroadcast:1111 android.content.ContextWrapper.sendBroadcast:468 com.rjil.sdmcsetting.NetworkRepositoryImpl.handleSuccess:523 com.rjil.sdmcsetting.NetworkRepositoryImpl.checkNetwork:272 com.rjil.sdmcsetting.NetworkRepositoryImpl.checkNetwork:236 
07-03 10:33:12.299 W/ContextImpl( 5812): Calling a method in the system process without a qualified user: android.app.ContextImpl.sendBroadcast:1111 android.content.ContextWrapper.sendBroadcast:468 com.rjil.sdmcsetting.NetworkRepositoryImpl.handleSuccess:523 com.rjil.sdmcsetting.NetworkRepositoryImpl.checkNetwork:272 com.rjil.sdmcsetting.NetworkRepositoryImpl.checkNetwork:236 
07-03 10:33:12.663 W/ContextImpl( 5047): Calling a method in the system process without a qualified user: android.app.ContextImpl.sendBroadcast:1111 android.content.ContextWrapper.sendBroadcast:468 com.rjil.jiostbsetting.service.EndlessService$CallbackListener.onParameterNotification:1251 com.rjil.jiostbsetting.dc.DCDataProvider.invokeCallback:107 com.rjil.jiostbsetting.dc.DCDataProvider.access$000:15 
07-03 10:33:12.897 W/ContextImpl( 4897): Calling a method in the system process without a qualified user: android.app.ContextImpl.sendBroadcast:1126 android.content.ContextWrapper.sendBroadcast:473 insight.tr069.client.tr181.Device.JioSTB.ACS.onSetACSError:37 insight.tr069.client.TR069ClientService.makeErrorMessage:813 insight.tr069.client.TR069ClientService.insertNewMessage:829 
07-03 10:33:12.900 W/ContextImpl( 4897): Calling a method in the system process without a qualified user: android.app.ContextImpl.sendBroadcast:1126 android.content.ContextWrapper.sendBroadcast:473 insight.tr069.client.tr181.Device.JioSTB.ACS.onSetACSError:37 insight.tr069.client.TR069ClientService.makeErrorMessage:813 insight.tr069.client.TR069ClientService.insertNewMessage:829 
07-03 10:33:12.902 W/ContextImpl( 4897): Calling a method in the system process without a qualified user: android.app.ContextImpl.sendBroadcast:1126 android.content.ContextWrapper.sendBroadcast:473 insight.tr069.client.tr181.Device.JioSTB.ACS.onSetACSError:37 insight.tr069.client.TR069ClientService.makeErrorMessage:813 insight.tr069.client.TR069ClientService.insertNewMessage:829 
07-03 10:33:14.566 W/ContextImpl( 5812): Calling a method in the system process without a qualified user: android.app.ContextImpl.sendBroadcast:1111 android.content.ContextWrapper.sendBroadcast:468 com.rjil.sdmcsetting.NetworkRepositoryImpl.handleSuccess:523 com.rjil.sdmcsetting.NetworkRepositoryImpl.checkNetwork:272 com.rjil.sdmcsetting.NetworkRepositoryImpl.checkNetwork$default:242 
07-03 10:33:21.766 I/chatty  ( 3842): uid=1000(system) AdbDebuggingMan expire 1 line
07-03 10:33:22.812 W/ContextImpl( 5812): Calling a method in the system process without a qualified user: android.app.ContextImpl.sendBroadcast:1111 android.content.ContextWrapper.sendBroadcast:468 com.rjil.sdmcsetting.EndlessService$CallbackListener.onParameterNotification:2141 com.rjil.sdmcsetting.dc.DCDataProvider.invokeCallback:95 com.rjil.sdmcsetting.dc.DCDataProvider.access$000:15 
07-03 10:33:26.686 I/chatty  ( 3842): uid=1000 system_server expire 2 lines
07-03 10:33:26.697 I/chatty  ( 3842): uid=1000 system_server expire 2 lines
07-03 10:33:26.752 I/chatty  ( 3842): uid=1000 system_server expire 2 lines
07-03 10:33:26.778 I/chatty  ( 3842): uid=1000 system_server expire 2 lines
07-03 10:33:27.178 I/chatty  ( 3842): uid=1000 system_server expire 2 lines
07-03 10:33:27.179 I/chatty  ( 3842): uid=1000(system) Binder:3842_6 expire 1 line
07-03 10:33:27.261 I/chatty  ( 3842): uid=1000(system) Binder:3842_9 expire 1 line
07-03 10:33:27.427 I/chatty  ( 3842): uid=1000 system_server expire 5 lines
07-03 10:33:27.581 I/chatty  ( 3842): uid=1000 system_server expire 2 lines
07-03 10:33:27.595 I/chatty  ( 3842): uid=1000 system_server expire 2 lines
07-03 10:33:27.612 I/chatty  ( 3842): uid=1000 system_server expire 2 lines
07-03 10:33:27.699 I/chatty  ( 3842): uid=1000(system) Binder:3842_10 expire 1 line
07-03 10:33:27.709 I/chatty  ( 3842): uid=1000(system) Binder:3842_9 expire 7 lines
07-03 10:33:27.735 I/chatty  ( 3842): uid=1000(system) android.anim expire 15 lines
07-03 10:33:27.740 I/chatty  ( 3842): uid=1000 system_server expire 2 lines
07-03 10:33:27.750 I/chatty  ( 3842): uid=1000 system_server expire 2 lines
07-03 10:33:27.766 I/chatty  ( 3842): uid=1000(system) Binder:3842_6 expire 2 lines
07-03 10:33:27.779 I/chatty  ( 3842): uid=1000(system) Binder:3842_2 expire 4 lines
07-03 10:33:27.792 I/chatty  ( 3842): uid=1000 system_server expire 2 lines
07-03 10:33:28.269 I/chatty  ( 3842): uid=1000(system) Binder:3842_C expire 3 lines
07-03 10:33:29.283 I/chatty  ( 3842): uid=1000(system) ActivityManager expire 8 lines
07-03 10:33:33.111 I/chatty  ( 3842): uid=1000(system) InputDispatcher expire 4 lines
07-03 10:33:33.115 I/chatty  ( 3842): uid=1000(system) android.ui expire 5 lines
07-03 10:33:35.092 I/chatty  ( 3842): uid=1000(system) android.bg expire 3 lines
07-03 10:33:35.523 I/chatty  ( 3842): uid=1000 system_server expire 2 lines
07-03 10:33:35.531 I/chatty  ( 3842): uid=1000 system_server expire 2 lines
07-03 10:33:35.542 I/chatty  ( 3842): uid=1000(system) android.display expire 17 lines
07-03 10:33:35.562 I/chatty  ( 3842): uid=1000 system_server expire 2 lines
07-03 10:33:35.645 I/chatty  ( 3842): uid=1000 system_server expire 2 lines
07-03 10:33:38.153 I/chatty  ( 3842): uid=1000(system) ConnectivitySer expire 2 lines
07-03 10:33:39.280 I/chatty  ( 3842): uid=1000 system_server expire 2 lines
07-03 10:33:39.302 I/chatty  ( 3842): uid=1000(system) Binder:3842_8 expire 1 line
07-03 10:33:39.344 I/chatty  ( 3842): uid=1000 system_server expire 2 lines
07-03 10:33:39.748 I/chatty  ( 3842): uid=1000(system) LazyTaskWriterT expire 1 line
07-03 10:33:42.662 I/chatty  ( 3842): uid=1000(system) Binder:3842_1 expire 5 lines
07-03 10:33:48.513 I/chatty  ( 3842): uid=1000(system) Binder:3842_12 expire 10 lines
07-03 10:33:49.928 W/ContextImpl( 4897): Calling a method in the system process without a qualified user: android.app.ContextImpl.sendBroadcast:1126 android.content.ContextWrapper.sendBroadcast:473 insight.tr069.client.tr181.Device.JioSTB.ACS.onSetACSError:37 insight.tr069.client.TR069ClientService.makeErrorMessage:813 insight.tr069.client.TR069ClientService.insertNewMessage:829 
07-03 10:33:49.939 W/ContextImpl( 4897): Calling a method in the system process without a qualified user: android.app.ContextImpl.sendBroadcast:1126 android.content.ContextWrapper.sendBroadcast:473 insight.tr069.client.tr181.Device.JioSTB.ACS.onSetACSError:37 insight.tr069.client.TR069ClientService.makeErrorMessage:813 insight.tr069.client.TR069ClientService.insertNewMessage:829 
07-03 10:33:49.944 W/ContextImpl( 4897): Calling a method in the system process without a qualified user: android.app.ContextImpl.sendBroadcast:1126 android.content.ContextWrapper.sendBroadcast:473 insight.tr069.client.tr181.Device.JioSTB.ACS.onSetACSError:37 insight.tr069.client.TR069ClientService.makeErrorMessage:813 insight.tr069.client.TR069ClientService.insertNewMessage:829 
07-03 10:33:49.952 W/ContextImpl( 5812): Calling a method in the system process without a qualified user: android.app.ContextImpl.bindService:1748 android.content.ContextWrapper.bindService:756 com.jio.adc.core.b.d:56 com.jio.adc.core.b.b:13 com.jio.adc.core.b$c.run:7 
07-03 10:33:55.133 I/chatty  ( 3842): uid=1000(system) Binder:3842_3 expire 22 lines
07-03 10:33:55.158 I/chatty  ( 3842): uid=1000(system) Binder:3842_5 expire 11 lines
07-03 10:33:55.662 I/chatty  ( 3842): uid=1000 system_server expire 5 lines
07-03 10:33:55.884 I/chatty  ( 3842): uid=1000(system) Binder:3842_13 expire 7 lines
07-03 10:33:56.248 I/chatty  ( 3842): uid=1000(system) android.anim expire 6 lines
07-03 10:33:56.406 I/chatty  ( 3842): uid=1000(system) Binder:3842_D expire 19 lines
07-03 10:34:02.147 I/chatty  ( 3842): uid=1000(system) Binder:3842_A expire 4 lines
07-03 10:34:06.225 I/chatty  ( 3842): uid=1000(system) Binder:3842_F expire 1 line
07-03 10:34:06.923 I/ActivityManager( 3842): Start proc 10050:com.jio.stb.catv/u0a12 for service {com.jio.stb.catv/com.jio.stb.catv.livetvlib.service.LiveTVLibService}
07-03 10:34:06.923 W/ActivityManager( 3842): Slow operation: 699ms so far, now at startProcess: starting to update pids map
07-03 10:34:06.925 W/ActivityManager( 3842): Slow operation: 701ms so far, now at startProcess: done updating pids map
07-03 10:34:06.941 I/UsageStatsService( 3842): User[0] Flushing usage stats to disk
07-03 10:34:07.251 W/ActivityManager( 3842): Slow operation: 188ms so far, now at attachApplicationLocked: after mServices.attachApplicationLocked
07-03 10:34:07.270 W/Looper  ( 3842): Slow dispatch took 203ms main h=com.android.providers.settings.SettingsProvider$SettingsRegistry$MyHandler c=null m=1
07-03 10:34:07.270 W/Looper  ( 3842): Slow delivery took 203ms main h=com.android.providers.settings.SettingsProvider$SettingsRegistry$MyHandler c=null m=2
07-03 10:34:07.272 W/Looper  ( 3842): Drained
07-03 10:34:07.301 D/INSETS  ( 3842): else - Package Name ::  left : 0 right :: 0 top :: 0 bottom :: 0 dfu-right :: 1920 dfu-bottom :: 1080
07-03 10:34:07.915 D/ConnectivityService( 3842): requestNetwork for uid/pid:10012/10050 NetworkRequest [ REQUEST id=25, [ Transports: CELLULAR|WIFI|ETHERNET Capabilities: INTERNET&NOT_RESTRICTED&TRUSTED&NOT_VPN Uid: 10012 AdministratorUids: [] RequestorUid: 10012 RequestorPackageName: com.jio.stb.catv] ]
07-03 10:34:07.916 D/ConnectivityService( 3842): NetReassign [25 : null → 100]
07-03 10:34:09.137 D/CompatibilityChangeReporter( 3842): Compat change id reported: 135634846; UID 10012; state: DISABLED
07-03 10:34:09.137 D/CompatibilityChangeReporter( 3842): Compat change id reported: 143937733; UID 10012; state: ENABLED
07-03 10:34:09.165 I/ActivityManager( 3842): Start proc 10139:com.android.webview:sandboxed_process0:org.chromium.content.app.SandboxedProcessService0:0/u0i2 for  {com.jio.stb.catv/org.chromium.content.app.SandboxedProcessService0:0}
07-03 10:34:10.422 W/ContextImpl( 4897): Calling a method in the system process without a qualified user: android.app.ContextImpl.sendBroadcast:1126 android.content.ContextWrapper.sendBroadcast:473 insight.tr069.client.tr181.Device.JioSTB.ACS.onSetSTUNError:47 insight.tr069.client.tr181.helpers.STUNClient.<init>:141 insight.tr069.client.tr181.TR181Monitor$1.run:273 
07-03 10:34:12.163 W/ContextImpl( 5812): Calling a method in the system process without a qualified user: android.app.ContextImpl.bindService:1748 android.content.ContextWrapper.bindService:756 com.jio.adc.core.b.d:56 com.jio.adc.core.b.b:13 com.jio.adc.core.b$c.run:7 
07-03 10:34:17.544 I/UsageStatsService( 3842): User[0] Flushing usage stats to disk
07-03 10:34:23.229 D/CompatibilityChangeReporter( 3842): Compat change id reported: 135634846; UID 10066; state: DISABLED
07-03 10:34:23.229 D/CompatibilityChangeReporter( 3842): Compat change id reported: 143937733; UID 10066; state: ENABLED
07-03 10:34:23.291 W/ActivityManager( 3842): Slow operation: 63ms so far, now at startProcess: returned from zygote!
07-03 10:34:23.294 W/ActivityManager( 3842): Slow operation: 66ms so far, now at startProcess: done updating battery stats
07-03 10:34:23.294 W/ActivityManager( 3842): Slow operation: 66ms so far, now at startProcess: building log message
07-03 10:34:23.294 I/ActivityManager( 3842): Start proc 10310:com.android.webview:sandboxed_process0:org.chromium.content.app.SandboxedProcessService0:0/u0i3 for  {in.startv.hotstar/org.chromium.content.app.SandboxedProcessService0:0}
07-03 10:34:23.294 W/ActivityManager( 3842): Slow operation: 66ms so far, now at startProcess: starting to update pids map
07-03 10:34:23.294 W/ActivityManager( 3842): Slow operation: 66ms so far, now at startProcess: done updating pids map
07-03 10:34:23.377 D/CompatibilityChangeReporter( 3842): Compat change id reported: 136274596; UID 10066; state: ENABLED
07-03 10:34:23.729 D/ConnectivityService( 3842): requestNetwork for uid/pid:10066/9571 NetworkRequest [ TRACK_DEFAULT id=26, [ Capabilities: INTERNET&NOT_RESTRICTED&TRUSTED Uid: 10066 AdministratorUids: [] RequestorUid: 10066 RequestorPackageName: in.startv.hotstar] ]
07-03 10:34:23.730 D/ConnectivityService( 3842): NetReassign [26 : null → 100]
07-03 10:34:23.743 D/ConnectivityService( 3842): NetReassign [no changes]
07-03 10:34:24.414 E/IntervalStats( 3842): Unable to parse usage stats package 122
07-03 10:34:24.415 E/IntervalStats( 3842): Unable to parse event package 122
07-03 10:34:24.444 I/chatty  ( 3842): uid=1000(system) pool-4-thread-1 identical 61 lines
07-03 10:34:24.444 E/IntervalStats( 3842): Unable to parse event package 122
07-03 10:34:24.500 E/IntervalStats( 3842): Unable to parse usage stats package 122
07-03 10:34:24.500 E/IntervalStats( 3842): Unable to parse event package 122
07-03 10:34:24.503 E/IntervalStats( 3842): Unable to parse event package 122
07-03 10:34:27.732 I/UsageStatsService( 3842): User[0] Flushing usage stats to disk
07-03 10:34:37.816 I/UsageStatsService( 3842): User[0] Flushing usage stats to disk
07-03 10:34:40.424 W/ContextImpl( 4897): Calling a method in the system process without a qualified user: android.app.ContextImpl.sendBroadcast:1126 android.content.ContextWrapper.sendBroadcast:473 insight.tr069.client.tr181.Device.JioSTB.ACS.onSetACSError:37 insight.tr069.client.TR069ClientService.makeErrorMessage:813 insight.tr069.client.TR069ClientService.insertNewMessage:829 
07-03 10:34:40.427 W/ContextImpl( 4897): Calling a method in the system process without a qualified user: android.app.ContextImpl.sendBroadcast:1126 android.content.ContextWrapper.sendBroadcast:473 insight.tr069.client.tr181.Device.JioSTB.ACS.onSetACSError:37 insight.tr069.client.TR069ClientService.makeErrorMessage:813 insight.tr069.client.TR069ClientService.insertNewMessage:829 
07-03 10:34:40.432 W/ContextImpl( 4897): Calling a method in the system process without a qualified user: android.app.ContextImpl.sendBroadcast:1126 android.content.ContextWrapper.sendBroadcast:473 insight.tr069.client.tr181.Device.JioSTB.ACS.onSetACSError:37 insight.tr069.client.TR069ClientService.makeErrorMessage:813 insight.tr069.client.TR069ClientService.insertNewMessage:829 
07-03 10:34:40.444 W/ContextImpl( 5812): Calling a method in the system process without a qualified user: android.app.ContextImpl.bindService:1748 android.content.ContextWrapper.bindService:756 com.jio.adc.core.b.d:56 com.jio.adc.core.b.b:13 com.jio.adc.core.b$c.run:7 
07-03 10:34:41.697 D/ConnectivityService( 3842): releasing NetworkRequest [ TRACK_DEFAULT id=26, [ Capabilities: INTERNET&NOT_RESTRICTED&TRUSTED Uid: 10066 AdministratorUids: [] RequestorUid: 10066 RequestorPackageName: in.startv.hotstar] ] (release request)
07-03 10:34:41.753 I/ActivityManager( 3842): Killing 10310:com.android.webview:sandboxed_process0:org.chromium.content.app.SandboxedProcessService0:0/u0a66i3 (adj 0): isolated not needed
07-03 10:34:47.911 I/UsageStatsService( 3842): User[0] Flushing usage stats to disk
07-03 10:34:57.996 I/chatty  ( 3842): uid=1000(system) android.bg identical 1 line
07-03 10:35:08.220 I/UsageStatsService( 3842): User[0] Flushing usage stats to disk
07-03 10:35:15.039 D/AutofillManagerService( 3842): onBackKeyPressed()
07-03 10:35:15.500 D/INSETS  ( 3842): else - Package Name ::  left : 0 right :: 0 top :: 0 bottom :: 0 dfu-right :: 1920 dfu-bottom :: 1080
07-03 10:35:17.317 D/AutofillManagerService( 3842): onBackKeyPressed()
07-03 10:35:17.449 W/ContextImpl( 4897): Calling a method in the system process without a qualified user: android.app.ContextImpl.sendBroadcast:1126 android.content.ContextWrapper.sendBroadcast:473 insight.tr069.client.tr181.Device.JioSTB.ACS.onSetACSError:37 insight.tr069.client.TR069ClientService.makeErrorMessage:813 insight.tr069.client.TR069ClientService.insertNewMessage:829 
07-03 10:35:17.456 W/ContextImpl( 4897): Calling a method in the system process without a qualified user: android.app.ContextImpl.sendBroadcast:1126 android.content.ContextWrapper.sendBroadcast:473 insight.tr069.client.tr181.Device.JioSTB.ACS.onSetACSError:37 insight.tr069.client.TR069ClientService.makeErrorMessage:813 insight.tr069.client.TR069ClientService.insertNewMessage:829 
07-03 10:35:17.459 W/ContextImpl( 4897): Calling a method in the system process without a qualified user: android.app.ContextImpl.sendBroadcast:1126 android.content.ContextWrapper.sendBroadcast:473 insight.tr069.client.tr181.Device.JioSTB.ACS.onSetACSError:37 insight.tr069.client.TR069ClientService.makeErrorMessage:813 insight.tr069.client.TR069ClientService.insertNewMessage:829 
07-03 10:35:17.476 W/ContextImpl( 5812): Calling a method in the system process without a qualified user: android.app.ContextImpl.bindService:1748 android.content.ContextWrapper.bindService:756 com.jio.adc.core.b.d:56 com.jio.adc.core.b.b:13 com.jio.adc.core.b$c.run:7 
07-03 10:35:18.306 I/UsageStatsService( 3842): User[0] Flushing usage stats to disk
07-03 10:35:19.031 D/InputMethodManagerService( 3842): Top Package Name: in.startv.hotstar
07-03 10:35:19.041 W/ContextImpl( 3842): Calling a method in the system process without a qualified user: android.app.ContextImpl.sendBroadcast:1111 com.android.server.inputmethod.InputMethodManagerService.sendSoftInputVisibilityBroadcast:3258 com.android.server.inputmethod.InputMethodManagerService.showCurrentInputLocked:3231 com.android.server.inputmethod.InputMethodManagerService.showSoftInput:3153 com.android.internal.view.IInputMethodManager$Stub.onTransact:304 
07-03 10:35:19.043 D/InputMethodManagerService( 3842): Top Package Name: in.startv.hotstar
07-03 10:35:19.046 W/ContextImpl( 3842): Calling a method in the system process without a qualified user: android.app.ContextImpl.sendBroadcast:1111 com.android.server.inputmethod.InputMethodManagerService.sendSoftInputVisibilityBroadcast:3258 com.android.server.inputmethod.InputMethodManagerService.showCurrentInputLocked:3231 com.android.server.inputmethod.InputMethodManagerService.showMySoftInput:4198 com.android.server.inputmethod.InputMethodManagerService.access$4100:189 
07-03 10:35:19.051 W/ContextImpl( 3842): Calling a method in the system process without a qualified user: android.app.ContextImpl.sendBroadcast:1111 com.android.server.inputmethod.InputMethodManagerService.sendSoftInputVisibilityBroadcast:3258 com.android.server.inputmethod.InputMethodManagerService.hideCurrentInputLocked:3330 com.android.server.inputmethod.InputMethodManagerService.hideMySoftInput:4180 com.android.server.inputmethod.InputMethodManagerService.access$4000:189 
07-03 10:35:19.090 D/InputMethodManagerService( 3842): Top Package Name: in.startv.hotstar
07-03 10:35:19.094 W/ContextImpl( 3842): Calling a method in the system process without a qualified user: android.app.ContextImpl.sendBroadcast:1111 com.android.server.inputmethod.InputMethodManagerService.sendSoftInputVisibilityBroadcast:3258 com.android.server.inputmethod.InputMethodManagerService.showCurrentInputLocked:3231 com.android.server.inputmethod.InputMethodManagerService.showMySoftInput:4198 com.android.server.inputmethod.InputMethodManagerService.access$4100:189 
07-03 10:35:19.124 D/INSETS  ( 3842): else - Package Name ::  left : 0 right :: 0 top :: 0 bottom :: 0 dfu-right :: 1920 dfu-bottom :: 1080
07-03 10:35:19.127 I/chatty  ( 3842): uid=1000(system) Binder:3842_9 identical 2 lines
07-03 10:35:19.128 D/INSETS  ( 3842): else - Package Name ::  left : 0 right :: 0 top :: 0 bottom :: 0 dfu-right :: 1920 dfu-bottom :: 1080
07-03 10:35:19.189 D/INSETS  ( 3842): else - Package Name ::  left : 0 right :: 0 top :: 0 bottom :: 0 dfu-right :: 1920 dfu-bottom :: 1080
07-03 10:35:19.195 I/chatty  ( 3842): uid=1000(system) android.anim identical 2 lines
07-03 10:35:19.195 D/INSETS  ( 3842): else - Package Name ::  left : 0 right :: 0 top :: 0 bottom :: 0 dfu-right :: 1920 dfu-bottom :: 1080
07-03 10:35:19.213 D/InputMethodManagerService( 3842): Top Package Name: in.startv.hotstar
07-03 10:35:19.216 W/ContextImpl( 3842): Calling a method in the system process without a qualified user: android.app.ContextImpl.sendBroadcast:1111 com.android.server.inputmethod.InputMethodManagerService.sendSoftInputVisibilityBroadcast:3258 com.android.server.inputmethod.InputMethodManagerService.showCurrentInputLocked:3231 com.android.server.inputmethod.InputMethodManagerService.showMySoftInput:4198 com.android.server.inputmethod.InputMethodManagerService.access$4100:189 
07-03 10:35:19.228 D/INSETS  ( 3842): else - Package Name ::  left : 0 right :: 0 top :: 0 bottom :: 0 dfu-right :: 1920 dfu-bottom :: 1080
07-03 10:35:19.274 I/chatty  ( 3842): uid=1000(system) Binder:3842_3 identical 2 lines
07-03 10:35:19.275 D/INSETS  ( 3842): else - Package Name ::  left : 0 right :: 0 top :: 0 bottom :: 0 dfu-right :: 1920 dfu-bottom :: 1080
07-03 10:35:19.286 W/NotificationHistory( 3842): Attempted to add notif for locked/gone/disabled user 0
07-03 10:35:19.338 D/INSETS  ( 3842): else - Package Name ::  left : 0 right :: 0 top :: 0 bottom :: 0 dfu-right :: 1920 dfu-bottom :: 1080
07-03 10:35:19.341 I/chatty  ( 3842): uid=1000(system) Binder:3842_9 identical 1 line
07-03 10:35:19.341 D/INSETS  ( 3842): else - Package Name ::  left : 0 right :: 0 top :: 0 bottom :: 0 dfu-right :: 1920 dfu-bottom :: 1080
07-03 10:35:19.364 D/INSETS  ( 3842): else - Package Name ::  left : 0 right :: 0 top :: 0 bottom :: 0 dfu-right :: 1920 dfu-bottom :: 1080
07-03 10:35:19.364 I/chatty  ( 3842): uid=1000(system) android.anim identical 1 line
07-03 10:35:19.365 D/INSETS  ( 3842): else - Package Name ::  left : 0 right :: 0 top :: 0 bottom :: 0 dfu-right :: 1920 dfu-bottom :: 1080
07-03 10:35:19.368 D/InputMethodManagerService( 3842): Top Package Name: in.startv.hotstar
07-03 10:35:19.369 W/ContextImpl( 3842): Calling a method in the system process without a qualified user: android.app.ContextImpl.sendBroadcast:1111 com.android.server.inputmethod.InputMethodManagerService.sendSoftInputVisibilityBroadcast:3258 com.android.server.inputmethod.InputMethodManagerService.showCurrentInputLocked:3231 com.android.server.inputmethod.InputMethodManagerService.showMySoftInput:4198 com.android.server.inputmethod.InputMethodManagerService.access$4100:189 
07-03 10:35:19.374 D/InputMethodManagerService( 3842): Top Package Name: in.startv.hotstar
07-03 10:35:19.375 W/ContextImpl( 3842): Calling a method in the system process without a qualified user: android.app.ContextImpl.sendBroadcast:1111 com.android.server.inputmethod.InputMethodManagerService.sendSoftInputVisibilityBroadcast:3258 com.android.server.inputmethod.InputMethodManagerService.showCurrentInputLocked:3231 com.android.server.inputmethod.InputMethodManagerService.showMySoftInput:4198 com.android.server.inputmethod.InputMethodManagerService.access$4100:189 
07-03 10:35:19.386 D/INSETS  ( 3842): else - Package Name ::  left : 0 right :: 0 top :: 0 bottom :: 0 dfu-right :: 1920 dfu-bottom :: 1080
07-03 10:35:19.403 I/chatty  ( 3842): uid=1000(system) android.display identical 4 lines
07-03 10:35:19.403 D/INSETS  ( 3842): else - Package Name ::  left : 0 right :: 0 top :: 0 bottom :: 0 dfu-right :: 1920 dfu-bottom :: 1080
07-03 10:35:19.460 D/INSETS  ( 3842): else - Package Name ::  left : 0 right :: 0 top :: 0 bottom :: 0 dfu-right :: 1920 dfu-bottom :: 1080
07-03 10:35:19.460 I/chatty  ( 3842): uid=1000(system) Binder:3842_12 identical 1 line
07-03 10:35:19.461 D/INSETS  ( 3842): else - Package Name ::  left : 0 right :: 0 top :: 0 bottom :: 0 dfu-right :: 1920 dfu-bottom :: 1080
07-03 10:35:19.585 W/NotificationHistory( 3842): Attempted to add notif for locked/gone/disabled user 0
07-03 10:35:20.100 D/InputMethodManagerService( 3842): Top Package Name: in.startv.hotstar
07-03 10:35:20.101 W/ContextImpl( 3842): Calling a method in the system process without a qualified user: android.app.ContextImpl.sendBroadcast:1111 com.android.server.inputmethod.InputMethodManagerService.sendSoftInputVisibilityBroadcast:3258 com.android.server.inputmethod.InputMethodManagerService.showCurrentInputLocked:3231 com.android.server.inputmethod.InputMethodManagerService.attachNewInputLocked:2397 com.android.server.inputmethod.InputMethodManagerService.startInputUncheckedLocked:2503 
07-03 10:35:20.104 D/InputMethodManagerService( 3842): Top Package Name: in.startv.hotstar
07-03 10:35:20.104 W/ContextImpl( 3842): Calling a method in the system process without a qualified user: android.app.ContextImpl.sendBroadcast:1111 com.android.server.inputmethod.InputMethodManagerService.sendSoftInputVisibilityBroadcast:3258 com.android.server.inputmethod.InputMethodManagerService.showCurrentInputLocked:3231 com.android.server.inputmethod.InputMethodManagerService.showMySoftInput:4198 com.android.server.inputmethod.InputMethodManagerService.access$4100:189 
07-03 10:35:20.117 D/INSETS  ( 3842): else - Package Name ::  left : 0 right :: 0 top :: 0 bottom :: 0 dfu-right :: 1920 dfu-bottom :: 1080
07-03 10:35:20.117 I/chatty  ( 3842): uid=1000(system) Binder:3842_2 identical 1 line
07-03 10:35:20.118 D/INSETS  ( 3842): else - Package Name ::  left : 0 right :: 0 top :: 0 bottom :: 0 dfu-right :: 1920 dfu-bottom :: 1080
07-03 10:35:20.282 D/INSETS  ( 3842): else - Package Name ::  left : 0 right :: 0 top :: 0 bottom :: 0 dfu-right :: 1920 dfu-bottom :: 1080
07-03 10:35:20.296 I/chatty  ( 3842): uid=1000(system) android.anim identical 2 lines
07-03 10:35:20.297 D/INSETS  ( 3842): else - Package Name ::  left : 0 right :: 0 top :: 0 bottom :: 0 dfu-right :: 1920 dfu-bottom :: 1080
07-03 10:35:20.313 D/InputMethodManagerService( 3842): Top Package Name: in.startv.hotstar
07-03 10:35:20.313 W/ContextImpl( 3842): Calling a method in the system process without a qualified user: android.app.ContextImpl.sendBroadcast:1111 com.android.server.inputmethod.InputMethodManagerService.sendSoftInputVisibilityBroadcast:3258 com.android.server.inputmethod.InputMethodManagerService.showCurrentInputLocked:3231 com.android.server.inputmethod.InputMethodManagerService.showMySoftInput:4198 com.android.server.inputmethod.InputMethodManagerService.access$4100:189 
07-03 10:35:20.873 D/InputMethodManagerService( 3842): Top Package Name: in.startv.hotstar
07-03 10:35:20.874 W/ContextImpl( 3842): Calling a method in the system process without a qualified user: android.app.ContextImpl.sendBroadcast:1111 com.android.server.inputmethod.InputMethodManagerService.sendSoftInputVisibilityBroadcast:3258 com.android.server.inputmethod.InputMethodManagerService.showCurrentInputLocked:3231 com.android.server.inputmethod.InputMethodManagerService.attachNewInputLocked:2397 com.android.server.inputmethod.InputMethodManagerService.startInputUncheckedLocked:2503 
07-03 10:35:20.876 D/InputMethodManagerService( 3842): Top Package Name: in.startv.hotstar
07-03 10:35:20.877 W/ContextImpl( 3842): Calling a method in the system process without a qualified user: android.app.ContextImpl.sendBroadcast:1111 com.android.server.inputmethod.InputMethodManagerService.sendSoftInputVisibilityBroadcast:3258 com.android.server.inputmethod.InputMethodManagerService.showCurrentInputLocked:3231 com.android.server.inputmethod.InputMethodManagerService.showMySoftInput:4198 com.android.server.inputmethod.InputMethodManagerService.access$4100:189 
07-03 10:35:20.886 D/INSETS  ( 3842): else - Package Name ::  left : 0 right :: 0 top :: 0 bottom :: 0 dfu-right :: 1920 dfu-bottom :: 1080
07-03 10:35:20.887 D/INSETS  ( 3842): else - Package Name ::  left : 0 right :: 0 top :: 0 bottom :: 0 dfu-right :: 1920 dfu-bottom :: 1080
07-03 10:35:20.897 D/InputMethodManagerService( 3842): Top Package Name: in.startv.hotstar
07-03 10:35:20.899 W/ContextImpl( 3842): Calling a method in the system process without a qualified user: android.app.ContextImpl.sendBroadcast:1111 com.android.server.inputmethod.InputMethodManagerService.sendSoftInputVisibilityBroadcast:3258 com.android.server.inputmethod.InputMethodManagerService.showCurrentInputLocked:3231 com.android.server.inputmethod.InputMethodManagerService.showMySoftInput:4198 com.android.server.inputmethod.InputMethodManagerService.access$4100:189 
07-03 10:35:21.176 D/INSETS  ( 3842): else - Package Name ::  left : 0 right :: 0 top :: 0 bottom :: 0 dfu-right :: 1920 dfu-bottom :: 1080
07-03 10:35:21.176 D/INSETS  ( 3842): else - Package Name ::  left : 0 right :: 0 top :: 0 bottom :: 0 dfu-right :: 1920 dfu-bottom :: 1080
07-03 10:35:21.821 D/AutofillManagerService( 3842): onBackKeyPressed()
07-03 10:35:21.823 W/ContextImpl( 3842): Calling a method in the system process without a qualified user: android.app.ContextImpl.sendBroadcast:1111 com.android.server.inputmethod.InputMethodManagerService.sendSoftInputVisibilityBroadcast:3258 com.android.server.inputmethod.InputMethodManagerService.hideCurrentInputLocked:3330 com.android.server.inputmethod.InputMethodManagerService.hideMySoftInput:4180 com.android.server.inputmethod.InputMethodManagerService.access$4000:189 
07-03 10:35:21.835 D/INSETS  ( 3842): else - Package Name ::  left : 0 right :: 0 top :: 0 bottom :: 0 dfu-right :: 1920 dfu-bottom :: 1080
07-03 10:35:21.836 D/INSETS  ( 3842): else - Package Name ::  left : 0 right :: 0 top :: 0 bottom :: 0 dfu-right :: 1920 dfu-bottom :: 1080
07-03 10:35:21.858 D/INSETS  ( 3842): else - Package Name ::  left : 0 right :: 0 top :: 0 bottom :: 0 dfu-right :: 1920 dfu-bottom :: 1080
07-03 10:35:21.859 D/INSETS  ( 3842): else - Package Name ::  left : 0 right :: 0 top :: 0 bottom :: 0 dfu-right :: 1920 dfu-bottom :: 1080
07-03 10:35:21.865 D/INSETS  ( 3842): else - Package Name ::  left : 0 right :: 0 top :: 0 bottom :: 0 dfu-right :: 1920 dfu-bottom :: 1080
07-03 10:35:21.865 D/INSETS  ( 3842): else - Package Name ::  left : 0 right :: 0 top :: 0 bottom :: 0 dfu-right :: 1920 dfu-bottom :: 1080
07-03 10:35:22.071 D/INSETS  ( 3842): else - Package Name ::  left : 0 right :: 0 top :: 0 bottom :: 0 dfu-right :: 1920 dfu-bottom :: 1080
07-03 10:35:24.299 D/InputMethodManagerService( 3842): Top Package Name: in.startv.hotstar
07-03 10:35:24.304 W/ContextImpl( 3842): Calling a method in the system process without a qualified user: android.app.ContextImpl.sendBroadcast:1111 com.android.server.inputmethod.InputMethodManagerService.sendSoftInputVisibilityBroadcast:3258 com.android.server.inputmethod.InputMethodManagerService.showCurrentInputLocked:3231 com.android.server.inputmethod.InputMethodManagerService.showMySoftInput:4198 com.android.server.inputmethod.InputMethodManagerService.access$4100:189 
07-03 10:35:24.310 W/ContextImpl( 3842): Calling a method in the system process without a qualified user: android.app.ContextImpl.sendBroadcast:1111 com.android.server.inputmethod.InputMethodManagerService.sendSoftInputVisibilityBroadcast:3258 com.android.server.inputmethod.InputMethodManagerService.hideCurrentInputLocked:3330 com.android.server.inputmethod.InputMethodManagerService.hideSoftInput:3290 com.android.internal.view.IInputMethodManager$Stub.onTransact:325 
07-03 10:35:24.322 D/InputMethodManagerService( 3842): Top Package Name: in.startv.hotstar
07-03 10:35:24.326 W/ContextImpl( 3842): Calling a method in the system process without a qualified user: android.app.ContextImpl.sendBroadcast:1111 com.android.server.inputmethod.InputMethodManagerService.sendSoftInputVisibilityBroadcast:3258 com.android.server.inputmethod.InputMethodManagerService.showCurrentInputLocked:3231 com.android.server.inputmethod.InputMethodManagerService.showMySoftInput:4198 com.android.server.inputmethod.InputMethodManagerService.access$4100:189 
07-03 10:35:24.333 D/INSETS  ( 3842): else - Package Name ::  left : 0 right :: 0 top :: 0 bottom :: 0 dfu-right :: 1920 dfu-bottom :: 1080
07-03 10:35:24.351 W/ContextImpl( 3842): Calling a method in the system process without a qualified user: android.app.ContextImpl.sendBroadcast:1111 com.android.server.inputmethod.InputMethodManagerService.sendSoftInputVisibilityBroadcast:3258 com.android.server.inputmethod.InputMethodManagerService.hideCurrentInputLocked:3330 com.android.server.inputmethod.InputMethodManagerService.hideSoftInput:3290 com.android.internal.view.IInputMethodManager$Stub.onTransact:325 
07-03 10:35:24.402 D/InputMethodManagerService( 3842): Top Package Name: in.startv.hotstar
07-03 10:35:24.404 W/ContextImpl( 3842): Calling a method in the system process without a qualified user: android.app.ContextImpl.sendBroadcast:1111 com.android.server.inputmethod.InputMethodManagerService.sendSoftInputVisibilityBroadcast:3258 com.android.server.inputmethod.InputMethodManagerService.showCurrentInputLocked:3231 com.android.server.inputmethod.InputMethodManagerService.showMySoftInput:4198 com.android.server.inputmethod.InputMethodManagerService.access$4100:189 
07-03 10:35:24.456 D/INSETS  ( 3842): else - Package Name ::  left : 0 right :: 0 top :: 0 bottom :: 0 dfu-right :: 1920 dfu-bottom :: 1080
07-03 10:35:24.505 I/chatty  ( 3842): uid=1000(system) Binder:3842_12 identical 1 line
07-03 10:35:24.506 D/INSETS  ( 3842): else - Package Name ::  left : 0 right :: 0 top :: 0 bottom :: 0 dfu-right :: 1920 dfu-bottom :: 1080
07-03 10:35:24.526 D/INSETS  ( 3842): else - Package Name ::  left : 0 right :: 0 top :: 0 bottom :: 0 dfu-right :: 1920 dfu-bottom :: 1080
07-03 10:35:24.526 W/NotificationHistory( 3842): Attempted to add notif for locked/gone/disabled user 0
07-03 10:35:24.526 D/INSETS  ( 3842): else - Package Name ::  left : 0 right :: 0 top :: 0 bottom :: 0 dfu-right :: 1920 dfu-bottom :: 1080
07-03 10:35:24.530 D/InputMethodManagerService( 3842): Top Package Name: in.startv.hotstar
07-03 10:35:24.532 W/ContextImpl( 3842): Calling a method in the system process without a qualified user: android.app.ContextImpl.sendBroadcast:1111 com.android.server.inputmethod.InputMethodManagerService.sendSoftInputVisibilityBroadcast:3258 com.android.server.inputmethod.InputMethodManagerService.showCurrentInputLocked:3231 com.android.server.inputmethod.InputMethodManagerService.showMySoftInput:4198 com.android.server.inputmethod.InputMethodManagerService.access$4100:189 
07-03 10:35:24.654 D/INSETS  ( 3842): else - Package Name ::  left : 0 right :: 0 top :: 0 bottom :: 0 dfu-right :: 1920 dfu-bottom :: 1080
07-03 10:35:24.654 D/INSETS  ( 3842): else - Package Name ::  left : 0 right :: 0 top :: 0 bottom :: 0 dfu-right :: 1920 dfu-bottom :: 1080
07-03 10:35:24.674 D/InputMethodManagerService( 3842): Top Package Name: in.startv.hotstar
07-03 10:35:24.675 W/ContextImpl( 3842): Calling a method in the system process without a qualified user: android.app.ContextImpl.sendBroadcast:1111 com.android.server.inputmethod.InputMethodManagerService.sendSoftInputVisibilityBroadcast:3258 com.android.server.inputmethod.InputMethodManagerService.showCurrentInputLocked:3231 com.android.server.inputmethod.InputMethodManagerService.attachNewInputLocked:2397 com.android.server.inputmethod.InputMethodManagerService.startInputUncheckedLocked:2503 
07-03 10:35:24.779 D/InputMethodManagerService( 3842): Top Package Name: in.startv.hotstar
