07-03 10:46:24.648 I/        (    0): [  862.576981@1]- vdec_init, dev_name:ammvdec_h264, vdec_type=VDEC_TYPE_FRAME_BLOCK  id = 0
07-03 10:46:24.648 D/        (    0): [  862.577825@1]- ammvdec_h264_mmu_init tvp = 0x4 mmu_enable 0
07-03 10:46:24.648 D/        (    0): [  862.577839@1]- decoder_bmmu_box_alloc_box, tvp_flags = 4
07-03 10:46:24.648 D/[  862.577861@1]- 0(    0): ammvdec_h264_probe mmu_enable 0 double_write_mode 0x3
07-03 10:46:24.648 D/[  862.577905@1]- 0(    0): ammvdec_h264 mem-addr=0,buff_offset=56c10000,buf_start=56c00000
07-03 10:46:24.648 D/        (    0): [  862.577943@1]- vdec mux clock is 666666656 Hz
07-03 10:46:24.648 D/        (    0): [  862.577948@1]- vdec1 video changed to 3840 x 2160 60 fps clk->667MHZ
07-03 10:46:24.648 W/        (    0): [  862.577954@1]- H264 sysinfo: 1920x1080 duration=3840, pts_outside=1
07-03 10:46:24.648 D/        (    0): [  862.577958@1]- sync_outside=0, use_idr_framerate=0, is_used_v4l: 0
07-03 10:46:24.648 I/        (    0): [  862.578019@1]- [TEE], the fw (h264_multi) will be loaded.
07-03 10:46:24.651 D/        (    0): [  862.580911@2]- vh264_init, phy_addr=7446e000 vaddr=00000000f0a7cd6a
07-03 10:46:24.665 D/        (    0): [  862.581125@2]- vfm map vdec-map-0 created
07-03 10:46:24.665 I/[  862.581146@2]- dim(    0): ch[1]:di_receiver_event_fun,8:_REG
07-03 10:46:24.665 I/[  862.581151@2]- dim(    0): reg:vdec.h264.00[47]
07-03 10:46:24.665 I/[  862.581702@2]- dim(    0): reg:use[0]ms
07-03 10:46:24.665 E/[  862.581728@2]- reg(    0): v4lvideo
07-03 10:46:24.665 I/[  862.581735@2]- dim(    0): ch[1]:di_receiver_event_fun,3:_START
07-03 10:46:24.665 D/        (    0): [  862.581741@2]- vdec_init, vf_provider_name = vdec.h264.00, b 0
07-03 10:46:24.665 I/        (    0): [  862.581757@2]- vdec->port_flag=0x182, port_flag=0x18b
07-03 10:46:24.665 I/        (    0): [  862.581880@2]- is_reset=0
07-03 10:46:24.672 I/        (    0): [  862.599446@3]- is_reset=1
07-03 10:46:24.672 I/[  862.599788@3]- vframe_rate_uevent(    0): sent uevent FRAME_RATE_HINT=0
07-03 10:46:24.672 I/[  862.599850@3]- dim(    0): ch[1]:di_receiver_event_fun,1:_UNREG
07-03 10:46:24.672 E/[  862.599863@3]- unreg(    0): v4lvideo
07-03 10:46:24.672 I/[  862.600428@3]- dim(    0): unreg:use[1]ms
07-03 10:46:24.672 D/        (    0): [  862.600459@3]- vdec_disable_DMC input->target= 0x0
07-03 10:46:24.672 D/[  862.600580@3]- 0(    0): vh264_stop
07-03 10:46:24.672 D/        (    0): [  862.601323@3]- vdec_release instance 00000000af64b8ad, total 1 id = 0
07-03 10:46:24.672 D/        (    0): [  862.601375@3]- the clk_vdec_mux    clock off, ref cnt: 0
07-03 10:46:24.672 D/        (    0): [  862.601383@3]- the vdec            clock off, ref cnt: 0
07-03 10:46:24.672 D/        (    0): [  862.601387@3]- the parser_top      clock off, ref cnt: 1
07-03 10:46:24.672 D/        (    0): [  862.601391@3]- the demux           clock off, ref cnt: 1
07-03 10:46:24.672 D/        (    0): [  862.601445@3]- the demux           clock on, ref cnt: 2
07-03 10:46:24.672 D/        (    0): [  862.601449@3]- the parser_top      clock on, ref cnt: 2
07-03 10:46:24.672 D/        (    0): [  862.601456@3]- the vdec            clock on, ref cnt: 1
07-03 10:46:24.672 D/        (    0): [  862.601474@3]- the clk_vdec_mux    clock on, ref cnt: 1
07-03 10:46:24.672 D/        (    0): [  862.601559@3]- vdec mux clock is 499999992 Hz
07-03 10:46:24.672 D/        (    0): [  862.601687@3]- vdec_create instance 000000008410c3cb, total 1, PM: legacy
07-03 10:46:24.672 D/        (    0): [  862.601728@3]- set drmmode
07-03 10:46:24.672 I/        (    0): [  862.601766@3]- is_reset=1
07-03 10:46:24.672 I/        (    0): [  862.601793@3]- vdec_init, dev_name:ammvdec_h264, vdec_type=VDEC_TYPE_FRAME_BLOCK  id = 0
07-03 10:46:24.675 D/        (    0): [  862.602571@3]- ammvdec_h264_mmu_init tvp = 0x4 mmu_enable 0
07-03 10:46:24.676 D/        (    0): [  862.602579@3]- decoder_bmmu_box_alloc_box, tvp_flags = 4
07-03 10:46:24.676 D/[  862.602597@3]- 0(    0): ammvdec_h264_probe mmu_enable 0 double_write_mode 0x3
07-03 10:46:24.676 D/[  862.602638@3]- 0(    0): ammvdec_h264 mem-addr=0,buff_offset=56c10000,buf_start=56c00000
07-03 10:46:24.676 D/        (    0): [  862.602677@3]- vdec mux clock is 666666656 Hz
07-03 10:46:24.676 D/        (    0): [  862.602682@3]- vdec1 video changed to 3840 x 2160 60 fps clk->667MHZ
07-03 10:46:24.676 W/        (    0): [  862.602688@3]- H264 sysinfo: 1920x1080 duration=3840, pts_outside=1
07-03 10:46:24.676 D/        (    0): [  862.602692@3]- sync_outside=0, use_idr_framerate=0, is_used_v4l: 0
07-03 10:46:24.676 I/        (    0): [  862.602807@3]- [TEE], the fw (h264_multi) will be loaded.
07-03 10:46:24.676 D/        (    0): [  862.603212@2]- vh264_init, phy_addr=7446e000 vaddr=0000000036ef98c4
07-03 10:46:24.676 D/        (    0): [  862.603338@2]- vfm map vdec-map-0 created
07-03 10:46:24.676 I/[  862.603359@2]- dim(    0): ch[1]:di_receiver_event_fun,8:_REG
07-03 10:46:24.676 I/[  862.603365@2]- dim(    0): reg:vdec.h264.00[48]
07-03 10:46:24.677 I/[  862.603932@2]- dim(    0): reg:use[0]ms
07-03 10:46:24.677 E/[  862.603958@2]- reg(    0): v4lvideo
07-03 10:46:24.677 I/[  862.603967@2]- dim(    0): ch[1]:di_receiver_event_fun,3:_START
07-03 10:46:24.677 D/        (    0): [  862.603972@2]- vdec_init, vf_provider_name = vdec.h264.00, b 0
07-03 10:46:24.677 I/        (    0): [  862.603988@2]- vdec->port_flag=0x182, port_flag=0x18b
07-03 10:46:24.677 I/        (    0): [  862.604074@2]- is_reset=0
07-03 10:46:24.682 I/[  862.610694@3]- vframe_rate_uevent(    0): sent uevent FRAME_RATE_HINT=0
07-03 10:46:24.682 I/[  862.610963@2]- dim(    0): ch[1]:di_receiver_event_fun,1:_UNREG
07-03 10:46:24.683 E/[  862.610978@2]- unreg(    0): v4lvideo
07-03 10:46:24.683 I/[  862.611541@1]- dim(    0): unreg:use[1]ms
07-03 10:46:24.683 D/        (    0): [  862.611571@1]- vdec_disable_DMC input->target= 0x0
07-03 10:46:24.683 D/[  862.611682@1]- 0(    0): vh264_stop
07-03 10:46:24.683 D/        (    0): [  862.612074@1]- vdec_release instance 000000008410c3cb, total 1 id = 0
07-03 10:46:24.683 D/        (    0): [  862.612140@1]- the clk_vdec_mux    clock off, ref cnt: 0
07-03 10:46:24.683 D/        (    0): [  862.612150@1]- the vdec            clock off, ref cnt: 0
07-03 10:46:24.683 D/        (    0): [  862.612154@1]- the parser_top      clock off, ref cnt: 1
07-03 10:46:24.683 D/        (    0): [  862.612158@1]- the demux           clock off, ref cnt: 1
07-03 10:46:24.683 D/        (    0): [  862.612182@1]d v4lvideo_release_map 0 OK
07-03 10:46:24.688 E/[  862.617465@3]- selinux(    0): SELinux:  Could not read /sys/devices/platform/vdec/ammvdec_h264.0/power: No such file or directory.
07-03 10:46:24.693 E/[  862.617574@3]- selinux(    0):  
07-03 10:46:24.696 E/[  862.624761@1]- Warn(    0): TVP pool will release later.
07-03 10:46:24.730 I/        (    0): [  862.624779@1]- unprotect tvp 1 handle is 6
07-03 10:46:24.730 I/        (    0): [  862.626845@1]- tvp_user_count is 0
07-03 10:46:24.730 I/[  862.626855@1]- resman(    0): 52 release [tvp]
07-03 10:46:24.730 D/[  862.628138@1]- v4lvid(    0): dbg: vidioc_close!!!!
07-03 10:46:24.730 I/[  862.629390@1]- resman(    0): 50 release [codec_mm]
07-03 10:46:24.730 E/[  862.629651@2]- Warn(    0): TVP pool will release later.
07-03 10:46:24.730 E/[  862.629659@2]- Warn(    0): TVP pool will release later.
07-03 10:46:24.732 E/[  862.629665@2]- Warn(    0): TVP pool will release later.
07-03 10:46:24.732 E/[  862.629671@2]- Warn(    0): TVP pool will release later.
07-03 10:46:24.732 I/[  862.642610@1]- vc(    0): [0]vc: set enable index=0, val=0
07-03 10:46:24.732 I/[  862.642627@1]- VID(    0): store VD0 path_id changed 2->-1
07-03 10:46:24.732 I/        (    0): [  862.642632@1]- dev->index =0, val=1
07-03 10:46:24.732 I/[  862.642636@1]- VID(    0): VD1 off
07-03 10:46:24.732 I/[  862.642641@1]- VID(    0): VD1 set global output as 0
07-03 10:46:24.732 I/        (    0): [  862.642657@1]- common_vf_unreg_provider video_render.0: vd1 used: true, vd2 used: false, black_out:0, cur_buf:00000000eba6bf7e
07-03 10:46:24.748 E/[  862.674157@2]- Warn(    0): TVP pool will release later.
07-03 10:46:24.749 E/[  862.674168@2]- Warn(    0): TVP pool will release later.
07-03 10:46:24.749 E/[  862.674174@2]- Warn(    0): TVP pool will release later.
07-03 10:46:24.749 I/        (    0): [  862.674193@2]- unprotect tvp 0 handle is 5
07-03 10:46:24.749 I/        (    0): [  862.678453@2]- disalbe tvp
07-03 10:46:24.912 D/INSETS  ( 3842): else - Package Name ::  left : 0 right :: 0 top :: 0 bottom :: 0 dfu-right :: 1920 dfu-bottom :: 1080
07-03 10:46:25.811 W/[  863.738963@3]- RTW(    0): Turbo EDCA =0x5ea42b
07-03 10:46:26.969 D/AutofillManagerService( 3842): onBackKeyPressed()
07-03 10:46:27.060 W/ActivityManager( 3842): Receiver with filter android.content.IntentFilter@c772382 already registered for pid 13665, callerPackage is com.jiotv.sonyliv
07-03 10:46:27.137 D/INSETS  ( 3842): else - Package Name ::  left : 0 right :: 0 top :: 0 bottom :: 0 dfu-right :: 1920 dfu-bottom :: 1080
07-03 10:46:27.636 I/UsageStatsService( 3842): User[0] Flushing usage stats to disk
07-03 10:46:27.828 W/[  865.753879@1]- RTW(    0): Turbo EDCA =0x431c
07-03 10:46:28.215 W/[  866.145330@2]- RTW(    0): fill_default_txdesc(wlan0): SP Packet(0x0806) rate=0x4 SeqNum = 1394
07-03 10:46:29.271 D/AutofillManagerService( 3842): onBackKeyPressed()
07-03 10:46:29.843 W/[  867.769999@1]- RTW(    0): Turbo EDCA =0x5ea42b
07-03 10:46:31.263 W/[  869.193473@0]d NOHZ(    0): local_softirq_pending 08
07-03 10:46:31.920 D/INSETS  ( 3842): else - Package Name ::  left : 0 right :: 0 top :: 0 bottom :: 0 dfu-right :: 1920 dfu-bottom :: 1080
07-03 10:46:33.375 W/[  871.304441@1]- RTW(    0): fill_default_txdesc(wlan0): SP Packet(0x0806) rate=0x4 SeqNum = 1845
07-03 10:46:35.891 W/[  873.817892@1]- RTW(    0): Turbo EDCA =0x431c
07-03 10:46:37.992 I/UsageStatsService( 3842): User[0] Flushing usage stats to disk
07-03 10:46:38.447 W/[  876.376416@2]- RTW(    0): fill_default_txdesc(wlan0): SP Packet(0x0806) rate=0x4 SeqNum = 2421
07-03 10:46:39.764 D/INSETS  ( 3842): else - Package Name ::  left : 0 right :: 0 top :: 0 bottom :: 0 dfu-right :: 1920 dfu-bottom :: 1080
07-03 10:46:41.135 I/[  879.064549@3]- resman(    0): 53 appname:OMX-40, type=0
07-03 10:46:41.183 I/[  879.111954@0]- resman(    0): 53 acquire [codec_mm], preempt yes
07-03 10:46:41.184 I/[  879.111964@0]- resman(    0): 53 score 160 secure yes
07-03 10:46:41.184 I/[  879.111969@0]- resman(    0): 53 acquire [codec_mm] success
07-03 10:46:41.184 I/[  879.112210@0]- resman(    0): 55 appname:secmem, type=3
07-03 10:46:41.184 I/[  879.113763@0]- resman(    0): 55 acquire [tvp], preempt yes
07-03 10:46:41.200 I/        (    0): [  879.127692@2]- protect tvp 0 5 ret 0 56c00000 3540000
07-03 10:46:41.200 I/        (    0): [  879.127701@2]- enable tvp for 1
07-03 10:46:41.200 I/        (    0): [  879.127704@2]- tvp_user_count is 1
07-03 10:46:41.200 I/[  879.127710@2]- resman(    0): 55 acquire [tvp] success
07-03 10:46:41.258 D/        (    0): [  879.185956@0]- the demux           clock on, ref cnt: 2
07-03 10:46:41.258 D/        (    0): [  879.185965@0]- the parser_top      clock on, ref cnt: 2
07-03 10:46:41.258 D/        (    0): [  879.185975@0]- the vdec            clock on, ref cnt: 1
07-03 10:46:41.258 D/        (    0): [  879.185997@0]- the clk_vdec_mux    clock on, ref cnt: 1
07-03 10:46:41.258 D/        (    0): [  879.186027@0]- vdec mux clock is 499999992 Hz
07-03 10:46:41.258 D/        (    0): [  879.186113@0]- vdec_create instance 0000000056bf1cd0, total 1, PM: legacy
07-03 10:46:41.258 D/        (    0): [  879.186148@0]- set drmmode
07-03 10:46:41.258 I/        (    0): [  879.186189@0]- is_reset=0
07-03 10:46:41.258 I/        (    0): [  879.186215@0]- vdec_init, dev_name:ammvdec_h264, vdec_type=VDEC_TYPE_FRAME_BLOCK  id = 0
07-03 10:46:41.260 D/        (    0): [  879.187398@0]- ammvdec_h264_mmu_init tvp = 0x4 mmu_enable 0
07-03 10:46:41.260 D/        (    0): [  879.187405@0]- decoder_bmmu_box_alloc_box, tvp_flags = 4
07-03 10:46:41.260 D/[  879.187426@0]- 0(    0): ammvdec_h264_probe mmu_enable 0 double_write_mode 0x3
07-03 10:46:41.260 D/[  879.187476@0]- 0(    0): ammvdec_h264 mem-addr=0,buff_offset=56c10000,buf_start=56c00000
07-03 10:46:41.260 D/        (    0): [  879.187524@0]- vdec mux clock is 666666656 Hz
07-03 10:46:41.260 D/        (    0): [  879.187529@0]- vdec1 video changed to 3840 x 2160 60 fps clk->667MHZ
07-03 10:46:41.260 W/        (    0): [  879.187535@0]- H264 sysinfo: 1920x1080 duration=4000, pts_outside=1
07-03 10:46:41.260 D/        (    0): [  879.187539@0]- sync_outside=0, use_idr_framerate=0, is_used_v4l: 0
07-03 10:46:41.260 I/        (    0): [  879.187685@0]- [TEE], the fw (h264_multi) will be loaded.
07-03 10:46:41.260 D/        (    0): [  879.189918@0]- vh264_init, phy_addr=7446e000 vaddr=000000003909c8dc
07-03 10:46:41.263 D/        (    0): [  879.190475@0]- vfm map vdec-map-0 created
07-03 10:46:41.263 I/[  879.190496@0]- dim(    0): ch[1]:di_receiver_event_fun,8:_REG
07-03 10:46:41.263 I/[  879.190501@0]- dim(    0): reg:vdec.h264.00[49]
07-03 10:46:41.263 I/[  879.190590@0]- dim(    0): reg:use[0]ms
07-03 10:46:41.263 E/[  879.190610@0]- reg(    0): v4lvideo
07-03 10:46:41.263 I/[  879.190616@0]- dim(    0): ch[1]:di_receiver_event_fun,3:_START
07-03 10:46:41.263 D/        (    0): [  879.190621@0]- vdec_init, vf_provider_name = vdec.h264.00, b 0
07-03 10:46:41.263 I/        (    0): [  879.190637@0]- vdec->port_flag=0x182, port_flag=0x18b
07-03 10:46:41.263 D/[  879.193347@0]- v4lvid(    0): dbg: v4lvideo open
07-03 10:46:42.008 W/[  879.933683@3]- RTW(    0): fill_default_txdesc(wlan0): SP Packet(0x0806) rate=0x4 SeqNum = 3658
07-03 10:46:43.565 W/[  881.494555@3]- RTW(    0): fill_default_txdesc(wlan0): SP Packet(0x0806) rate=0x4 SeqNum = 3914
07-03 10:46:45.970 W/[  883.898027@0]- RTW(    0): Turbo EDCA =0x5ea42b
07-03 10:46:46.263 D/[  884.191545@0]- 0(    0): AV_SCRATCH_1 = 841fe078, AV_SCRATCH_2 18077
07-03 10:46:46.264 D/[  884.191597@0]- 0(    0): chroma_format_idc = 1 frame_mbs_only_flag 1, crop_bottom 8,  frame_height 1080,
07-03 10:46:46.264 D/[  884.191602@0]- 0(    0): mb_height 68,crop_right 0, frame_width 1920, mb_width 120
07-03 10:46:46.264 D/[  884.191607@0]- 0(    0): level_idc = 40 pic_size = 3133440 size = 4
07-03 10:46:46.264 D/[  884.191834@0]- 0(    0): mb height/widht/total: 44/78/1fe0 level_idc 28 max_ref_num 4
07-03 10:46:46.264 D/[  884.191843@0]- 0(    0): restriction_flag=1, max_dec_frame_buffering=4, dec_dpb_size=6 num_reorder_frames 2 used_reorder_dpb_size_margin 9
07-03 10:46:46.264 D/[  884.191849@0]- 0(    0): vh264_set_params active_buf_spec_num 15 dec_dpb_size 6 collocate_buf_num 8
07-03 10:46:46.264 D/[  884.192162@3]- 0(    0): num_ref_frames change from 0 to 4
07-03 10:46:46.270 I/[  884.199432@1]- dim(    0): value reg:ch[1]:fix_buf:0;ponly <0,0>
07-03 10:46:46.270 I/[  884.199446@1]- dim(    0): 1920x1080-0x9000.
07-03 10:46:46.273 I/[  884.200121@1]- v4lvideo(    0): provider name: vdec.h264.00
07-03 10:46:46.303 D/        (    0): [  884.230451@3]- cal_dur_from_pts vstatus 4000 dur3749 -> 3998, revised 4000
07-03 10:46:46.304 I/[  884.230689@3]- vframe_rate_uevent(    0): sent uevent FRAME_RATE_HINT=4000
07-03 10:46:46.400 I/[  884.329252@2]- VID(    0): VD1 off
07-03 10:46:46.401 I/[  884.329413@2]- vc(    0): [0]vc: set enable index=0, val=1
07-03 10:46:46.401 I/        (    0): [  884.329433@2]- dev->index =0, val=2
07-03 10:46:46.401 I/[  884.329437@2]- VID(    0): VD1 off
07-03 10:46:46.401 I/[  884.329443@2]- VID(    0): VD1 set global output as 1
07-03 10:46:46.401 I/[  884.329472@2]- VID(    0): store VD0 path_id changed -1->2
07-03 10:46:46.401 I/[  884.329549@2]- vc(    0): [0]sideband_type =-1
07-03 10:46:46.401 D/INSETS  ( 3842): else - Package Name ::  left : 0 right :: 0 top :: 0 bottom :: 0 dfu-right :: 1920 dfu-bottom :: 1080
07-03 10:46:48.114 I/UsageStatsService( 3842): User[0] Flushing usage stats to disk
07-03 10:46:48.691 W/[  886.620680@1]- RTW(    0): fill_default_txdesc(wlan0): SP Packet(0x0806) rate=0x4 SeqNum = 316
07-03 10:46:50.002 W/[  887.929928@1]- RTW(    0): Turbo EDCA =0x431c
07-03 10:46:52.024 W/[  889.949897@0]- RTW(    0): Turbo EDCA =0x5ea42b
07-03 10:46:53.103 W/[  891.030079@1]- RTW(    0): fill_default_txdesc(wlan0): SP Packet(0x0806) rate=0x4 SeqNum = 652
07-03 10:46:54.035 W/[  891.961946@1]- RTW(    0): Turbo EDCA =0x431c
07-03 10:46:56.050 W/[  893.977946@2]- RTW(    0): Turbo EDCA =0x5ea42b
07-03 10:46:57.715 W/[  895.644448@1]- audit(    0): audit_lost=792 audit_rate_limit=5 audit_backlog_limit=64
07-03 10:46:57.716 E/[  895.644457@1]- audit(    0): rate limit exceeded
07-03 10:46:58.070 W/[  895.997962@1]- RTW(    0): Turbo EDCA =0x431c
07-03 10:46:58.147 W/[  896.076549@3]- RTW(    0): fill_default_txdesc(wlan0): SP Packet(0x0806) rate=0x4 SeqNum = 1053
07-03 10:46:58.219 D/[  896.148081@2]- 0(    0): h264_reconfig
07-03 10:46:58.220 D/[  896.148188@2]- 0(    0): AV_SCRATCH_1 = 8407f83c, AV_SCRATCH_2 18077
07-03 10:46:58.220 D/[  896.148235@2]- 0(    0): chroma_format_idc = 1 frame_mbs_only_flag 1, crop_bottom 4,  frame_height 540,
07-03 10:46:58.220 D/[  896.148240@2]- 0(    0): mb_height 34,crop_right 0, frame_width 960, mb_width 60
07-03 10:46:58.220 D/[  896.148246@2]- 0(    0): level_idc = 31 pic_size = 783360 size = 8
07-03 10:46:58.220 D/[  896.148252@2]- 0(    0): Warning: max_dec_frame_buffering(4) is less than DPB size(8) calculated from Profile/Level.
07-03 10:46:58.220 D/[  896.148257@2]- 0(    0): mb height/widht/total: 24/3c/870 level_idc 1f max_ref_num 4
07-03 10:46:58.220 D/[  896.148264@2]- 0(    0): restriction_flag=1, max_dec_frame_buffering=4, dec_dpb_size=6 num_reorder_frames 2 used_reorder_dpb_size_margin 9
07-03 10:46:58.220 D/[  896.148270@2]- 0(    0): vh264_set_params active_buf_spec_num 15 dec_dpb_size 6 collocate_buf_num 8
07-03 10:46:58.220 D/[  896.148512@2]- 0(    0): num_ref_frames change from 0 to 4
07-03 10:47:00.084 W/[  898.010120@0]- RTW(    0): Turbo EDCA =0x5ea42b
07-03 10:47:02.099 W/[  900.025978@2]- RTW(    0): Turbo EDCA =0x431c
07-03 10:47:02.223 D/[  900.150221@3]- 0(    0): h264_reconfig
07-03 10:47:02.224 D/[  900.150401@3]- 0(    0): AV_SCRATCH_1 = 840e1050, AV_SCRATCH_2 18077
07-03 10:47:02.224 D/[  900.150447@3]- 0(    0): chroma_format_idc = 1 frame_mbs_only_flag 1, crop_bottom 0,  frame_height 720,
07-03 10:47:02.224 D/[  900.150453@3]- 0(    0): mb_height 45,crop_right 0, frame_width 1280, mb_width 80
07-03 10:47:02.224 D/[  900.150459@3]- 0(    0): level_idc = 31 pic_size = 1382400 size = 5
07-03 10:47:02.224 D/[  900.150464@3]- 0(    0): Warning: max_dec_frame_buffering(4) is less than DPB size(5) calculated from Profile/Level.
07-03 10:47:02.224 D/[  900.150470@3]- 0(    0): mb height/widht/total: 30/50/f00 level_idc 1f max_ref_num 4
07-03 10:47:02.224 D/[  900.150476@3]- 0(    0): restriction_flag=1, max_dec_frame_buffering=4, dec_dpb_size=6 num_reorder_frames 2 used_reorder_dpb_size_margin 9
07-03 10:47:02.224 D/[  900.150482@3]- 0(    0): vh264_set_params active_buf_spec_num 15 dec_dpb_size 6 collocate_buf_num 8
07-03 10:47:02.224 D/[  900.150694@2]- 0(    0): num_ref_frames change from 0 to 4
07-03 10:47:03.152 W/[  901.077606@1]- RTW(    0): fill_default_txdesc(wlan0): SP Packet(0x0806) rate=0x4 SeqNum = 1419
07-03 10:47:03.876 W/[  901.802907@0]- RTW(    0): cfg80211_rtw_scan(wlan0)
07-03 10:47:03.876 W/[  901.802918@0]- RTW(    0): cfg80211_rtw_scan (wlan0) : scan deny
07-03 10:47:04.115 W/[  902.041863@0]- RTW(    0): Turbo EDCA =0x5ea42b
07-03 10:47:06.132 W/[  904.057839@0]- RTW(    0): Turbo EDCA =0x431c
07-03 10:47:06.215 D/[  904.144111@0]- 0(    0): h264_reconfig
07-03 10:47:06.215 D/[  904.144207@0]- 0(    0): AV_SCRATCH_1 = 841fe078, AV_SCRATCH_2 18077
07-03 10:47:06.216 D/[  904.144251@0]- 0(    0): chroma_format_idc = 1 frame_mbs_only_flag 1, crop_bottom 8,  frame_height 1080,
07-03 10:47:06.216 D/[  904.144256@0]- 0(    0): mb_height 68,crop_right 0, frame_width 1920, mb_width 120
07-03 10:47:06.216 D/[  904.144263@0]- 0(    0): level_idc = 40 pic_size = 3133440 size = 4
07-03 10:47:06.216 D/[  904.144268@0]- 0(    0): mb height/widht/total: 44/78/1fe0 level_idc 28 max_ref_num 4
07-03 10:47:06.216 D/[  904.144274@0]- 0(    0): restriction_flag=1, max_dec_frame_buffering=4, dec_dpb_size=6 num_reorder_frames 2 used_reorder_dpb_size_margin 9
07-03 10:47:06.216 D/[  904.144279@0]- 0(    0): vh264_set_params active_buf_spec_num 15 dec_dpb_size 6 collocate_buf_num 8
07-03 10:47:06.216 D/[  904.144496@0]- 0(    0): num_ref_frames change from 0 to 4
07-03 10:47:06.479 I/        (    0): [  904.407548@0]- protect tvp 0 5 ret 0
07-03 10:47:06.480 I/        (    0): [  904.407578@0]- protect tvp 1 6 ret 0 5a140000 2800000
07-03 10:47:08.151 W/[  906.077985@3]- RTW(    0): Turbo EDCA =0x5ea42b
07-03 10:47:08.255 W/[  906.184768@3]- RTW(    0): fill_default_txdesc(wlan0): SP Packet(0x0806) rate=0x4 SeqNum = 1802
07-03 10:47:10.163 W/[  908.089945@3]- RTW(    0): Turbo EDCA =0x431c
07-03 10:47:10.331 W/[  908.260978@1]- healthd(    0): battery l=100 v=4 t=0.0 h=2 st=2 c=1100 fc=10000000 chg=u
07-03 10:47:12.181 W/[  910.106015@1]- RTW(    0): Turbo EDCA =0x5ea42b
07-03 10:47:12.787 W/[  910.717472@0]- audit(    0): audit_lost=794 audit_rate_limit=5 audit_backlog_limit=64
07-03 10:47:12.788 E/[  910.717480@0]- audit(    0): rate limit exceeded
07-03 10:47:13.355 W/[  911.284981@2]- RTW(    0): fill_default_txdesc(wlan0): SP Packet(0x0806) rate=0x4 SeqNum = 2243
07-03 10:47:14.195 W/[  912.121962@3]- RTW(    0): Turbo EDCA =0x431c
07-03 10:47:16.210 W/[  914.137863@2]- RTW(    0): Turbo EDCA =0x5ea42b
07-03 10:47:18.231 W/[  916.157916@0]- RTW(    0): Turbo EDCA =0x431c
07-03 10:47:18.504 W/[  916.433269@2]- RTW(    0): fill_default_txdesc(wlan0): SP Packet(0x0806) rate=0x4 SeqNum = 2580
07-03 10:47:20.243 W/[  918.169911@0]- RTW(    0): Turbo EDCA =0x5ea42b
07-03 10:47:22.257 W/[  920.185943@3]- RTW(    0): Turbo EDCA =0x431c
07-03 10:47:23.259 W/[  921.185622@1]- RTW(    0): fill_default_txdesc(wlan0): SP Packet(0x0806) rate=0x4 SeqNum = 2886
07-03 10:47:24.274 W/[  922.202006@3]- RTW(    0): Turbo EDCA =0x5ea42b
07-03 10:47:28.730 W/[  926.658206@1]- RTW(    0): fill_default_txdesc(wlan0): SP Packet(0x0806) rate=0x4 SeqNum = 3303
07-03 10:47:30.135 W/[  928.061665@1]- RTW(    0): fill_default_txdesc(wlan0): SP Packet(0x0806) rate=0x4 SeqNum = 3423
07-03 10:47:30.323 W/[  928.249911@0]- RTW(    0): Turbo EDCA =0x431c
07-03 10:47:18.373 I/chatty  ( 3842): uid=1000(system) android.bg identical 3 lines
07-03 10:47:29.082 I/UsageStatsService( 3842): User[0] Flushing usage stats to disk
07-03 10:47:30.999 W/ContextImpl( 5812): Calling a method in the system process without a qualified user: android.app.ContextImpl.bindService:1748 android.content.ContextWrapper.bindService:756 com.jio.adc.core.b.d:56 com.jio.adc.core.b.b:13 com.jio.adc.core.b$c.run:7 
07-03 10:47:31.059 W/ContextImpl( 5373): Calling a method in the system process without a qualified user: android.app.ContextImpl.sendBroadcast:1111 android.content.ContextWrapper.sendBroadcast:468 com.iwedia.tvinput.engine.ChannelManager.disconnectCA:3912 com.iwedia.tvinput.engine.ChannelManager.access$4300:116 com.iwedia.tvinput.engine.ChannelManager$CaReconnectTask.run:2434 
07-03 10:47:31.092 W/ContextImpl( 5373): Calling a method in the system process without a qualified user: android.app.ContextImpl.sendBroadcast:1111 android.content.ContextWrapper.sendBroadcast:468 com.iwedia.tvinput.engine.ChannelManager.connectCA:3844 com.iwedia.tvinput.engine.ChannelManager.access$5900:116 com.iwedia.tvinput.engine.ChannelManager$CaMessageHandler.handleMessage:4279 
07-03 10:47:32.339 W/[  930.265928@2]- RTW(    0): Turbo EDCA =0x5ea42b
07-03 10:47:33.139 W/[  931.067615@2]- RTW(    0): fill_default_txdesc(wlan0): SP Packet(0x0806) rate=0x4 SeqNum = 3678
07-03 10:47:34.358 W/[  932.286000@3]- RTW(    0): Turbo EDCA =0x431c
07-03 10:47:35.764 W/[  933.689634@3]- RTW(    0): fill_default_txdesc(wlan0): SP Packet(0x0806) rate=0x4 SeqNum = 3816
07-03 10:47:35.791 W/[  933.721139@2]- RTW(    0): fill_default_txdesc(wlan0): SP Packet(0x0806) rate=0x4 SeqNum = 3820
07-03 10:47:36.371 W/[  934.298317@3]- RTW(    0): Turbo EDCA =0x5ea42b
07-03 10:47:38.387 W/[  936.313909@1]- RTW(    0): Turbo EDCA =0x431c
07-03 10:47:38.403 W/[  936.332124@2]- RTW(    0): fill_default_txdesc(wlan0): SP Packet(0x0806) rate=0x4 SeqNum = 4009
07-03 10:47:39.188 I/UsageStatsService( 3842): User[0] Flushing usage stats to disk
07-03 10:47:40.403 W/[  938.329856@0]- RTW(    0): Turbo EDCA =0x5ea42b
07-03 10:47:41.932 W/ContextImpl( 5812): Calling a method in the system process without a qualified user: android.app.ContextImpl.bindService:1748 android.content.ContextWrapper.bindService:756 com.jio.adc.core.b.d:56 com.jio.adc.core.b.b:13 com.jio.adc.core.b$c.run:7 
07-03 10:47:42.315 D/AutofillManagerService( 3842): onBackKeyPressed()
07-03 10:47:42.331 I/        (    0): [  940.258633@0]- is_reset=1
07-03 10:47:42.331 I/[  940.259043@0]- vframe_rate_uevent(    0): sent uevent FRAME_RATE_HINT=0
07-03 10:47:42.331 I/[  940.260338@2]- dim(    0): ch[1]:di_receiver_event_fun,1:_UNREG
07-03 10:47:42.331 E/[  940.260380@2]- unreg(    0): v4lvideo
07-03 10:47:42.331 I/[  940.260454@3]- dim(    0): unreg:2keep[0], msk:[0x0,0x0]
07-03 10:47:42.344 I/[  940.272328@0]- dim(    0): unreg:use[12]ms
07-03 10:47:42.344 D/        (    0): [  940.272361@0]- vdec_disable_DMC input->target= 0x0
07-03 10:47:42.344 D/[  940.272477@0]- 0(    0): vh264_stop
07-03 10:47:42.344 D/        (    0): [  940.272900@0]- vdec_release instance 0000000056bf1cd0, total 1 id = 0
07-03 10:47:42.344 D/        (    0): [  940.272991@0]- the clk_vdec_mux    clock off, ref cnt: 0
07-03 10:47:42.344 D/        (    0): [  940.273000@0]- the vdec            clock off, ref cnt: 0
07-03 10:47:42.344 D/        (    0): [  940.273004@0]- the parser_top      clock off, ref cnt: 1
07-03 10:47:42.344 D/        (    0): [  940.273008@0]- the demux           clock off, ref cnt: 1
07-03 10:47:42.344 D/        (    0): [  940.273127@0]- the demux           clock on, ref cnt: 2
07-03 10:47:42.344 D/        (    0): [  940.273133@0]- the parser_top      clock on, ref cnt: 2
07-03 10:47:42.344 D/        (    0): [  940.273141@0]- the vdec            clock on, ref cnt: 1
07-03 10:47:42.344 D/        (    0): [  940.273161@0]- the clk_vdec_mux    clock on, ref cnt: 1
07-03 10:47:42.344 D/        (    0): [  940.273194@0]- vdec mux clock is 499999992 Hz
07-03 10:47:42.344 D/        (    0): [  940.273282@0]- vdec_create instance 000000003ed27dbd, total 1, PM: legacy
07-03 10:47:42.344 D/        (    0): [  940.273322@0]- set drmmode
07-03 10:47:42.344 I/        (    0): [  940.273372@0]- is_reset=1
07-03 10:47:42.344 I/        (    0): [  940.273399@0]- vdec_init, dev_name:ammvdec_h264, vdec_type=VDEC_TYPE_FRAME_BLOCK  id = 0
07-03 10:47:42.346 D/        (    0): [  940.274295@0]- ammvdec_h264_mmu_init tvp = 0x4 mmu_enable 0
07-03 10:47:42.346 D/        (    0): [  940.274303@0]- decoder_bmmu_box_alloc_box, tvp_flags = 4
07-03 10:47:42.346 D/[  940.274321@0]- 0(    0): ammvdec_h264_probe mmu_enable 0 double_write_mode 0x3
07-03 10:47:42.346 D/[  940.274362@0]- 0(    0): ammvdec_h264 mem-addr=0,buff_offset=56c10000,buf_start=56c00000
07-03 10:47:42.346 D/        (    0): [  940.274403@0]- vdec mux clock is 666666656 Hz
07-03 10:47:42.346 D/        (    0): [  940.274409@0]- vdec1 video changed to 3840 x 2160 60 fps clk->667MHZ
07-03 10:47:42.346 W/        (    0): [  940.274523@0]- H264 sysinfo: 1920x1080 duration=4000, pts_outside=1
07-03 10:47:42.346 D/        (    0): [  940.274528@0]- sync_outside=0, use_idr_framerate=0, is_used_v4l: 0
07-03 10:47:42.346 I/        (    0): [  940.274668@0]- [TEE], the fw (h264_multi) will be loaded.
07-03 10:47:42.346 D/        (    0): [  940.276301@1]- vh264_init, phy_addr=7446e000 vaddr=000000009cbab5ea
07-03 10:47:42.347 D/        (    0): [  940.276730@1]- vfm map vdec-map-0 created
07-03 10:47:42.348 I/[  940.276753@1]- dim(    0): ch[1]:di_receiver_event_fun,8:_REG
07-03 10:47:42.348 I/[  940.276759@1]- dim(    0): reg:vdec.h264.00[50]
07-03 10:47:42.348 I/[  940.277378@1]- dim(    0): reg:use[1]ms
07-03 10:47:42.348 E/[  940.277406@1]- reg(    0): v4lvideo
07-03 10:47:42.348 I/[  940.277444@1]- dim(    0): ch[1]:di_receiver_event_fun,3:_START
07-03 10:47:42.348 D/        (    0): [  940.277450@1]- vdec_init, vf_provider_name = vdec.h264.00, b 0
07-03 10:47:42.348 I/        (    0): [  940.277466@1]- vdec->port_flag=0x182, port_flag=0x18b
07-03 10:47:42.348 I/        (    0): [  940.277632@1]- is_reset=0
07-03 10:47:42.362 I/        (    0): [  940.290779@3]- is_reset=1
07-03 10:47:42.362 I/[  940.291062@3]- vframe_rate_uevent(    0): sent uevent FRAME_RATE_HINT=0
07-03 10:47:42.362 I/[  940.291115@2]- dim(    0): ch[1]:di_receiver_event_fun,1:_UNREG
07-03 10:47:42.362 E/[  940.291128@2]- unreg(    0): v4lvideo
07-03 10:47:42.362 I/[  940.291680@2]- dim(    0): unreg:use[0]ms
07-03 10:47:42.362 D/        (    0): [  940.291703@2]- vdec_disable_DMC input->target= 0x0
07-03 10:47:42.362 D/[  940.291819@2]- 0(    0): vh264_stop
07-03 10:47:42.363 D/        (    0): [  940.292452@2]- vdec_release instance 000000003ed27dbd, total 1 id = 0
07-03 10:47:42.363 D/        (    0): [  940.292604@2]- the clk_vdec_mux    clock off, ref cnt: 0
07-03 10:47:42.363 D/        (    0): [  940.292710@2]- the vdec            clock off, ref cnt: 0
07-03 10:47:42.363 D/        (    0): [  940.292715@2]- the parser_top      clock off, ref cnt: 1
07-03 10:47:42.363 D/        (    0): [  940.292719@2]- the demux           clock off, ref cnt: 1
07-03 10:47:42.363 D/        (    0): [  940.292780@2]- the demux           clock on, ref cnt: 2
07-03 10:47:42.363 D/        (    0): [  940.292785@2]- the parser_top      clock on, ref cnt: 2
07-03 10:47:42.363 D/        (    0): [  940.292791@2]- the vdec            clock on, ref cnt: 1
07-03 10:47:42.363 D/        (    0): [  940.292811@2]- the clk_vdec_mux    clock on, ref cnt: 1
07-03 10:47:42.363 D/        (    0): [  940.292844@2]- vdec mux clock is 499999992 Hz
07-03 10:47:42.363 D/        (    0): [  940.293007@2]- vdec_create instance 0000000084c7149c, total 1, PM: legacy
07-03 10:47:42.363 D/        (    0): [  940.293048@2]- set drmmode
07-03 10:47:42.363 I/        (    0): [  940.293080@2]- is_reset=1
07-03 10:47:42.363 I/        (    0): [  940.293107@2]- vdec_init, dev_name:ammvdec_h264, vdec_type=VDEC_TYPE_FRAME_BLOCK  id = 0
07-03 10:47:42.365 D/        (    0): [  940.294051@2]- ammvdec_h264_mmu_init tvp = 0x4 mmu_enable 0
07-03 10:47:42.365 D/        (    0): [  940.294059@2]- decoder_bmmu_box_alloc_box, tvp_flags = 4
07-03 10:47:42.365 D/[  940.294077@2]- 0(    0): ammvdec_h264_probe mmu_enable 0 double_write_mode 0x3
07-03 10:47:42.365 D/[  940.294116@2]- 0(    0): ammvdec_h264 mem-addr=0,buff_offset=56c10000,buf_start=56c00000
07-03 10:47:42.365 D/        (    0): [  940.294154@2]- vdec mux clock is 666666656 Hz
07-03 10:47:42.365 D/        (    0): [  940.294159@2]- vdec1 video changed to 3840 x 2160 60 fps clk->667MHZ
07-03 10:47:42.365 W/        (    0): [  940.294166@2]- H264 sysinfo: 1920x1080 duration=4000, pts_outside=1
07-03 10:47:42.365 D/        (    0): [  940.294169@2]- sync_outside=0, use_idr_framerate=0, is_used_v4l: 0
07-03 10:47:42.365 I/        (    0): [  940.294221@2]- [TEE], the fw (h264_multi) will be loaded.
07-03 10:47:42.365 D/        (    0): [  940.294548@2]- vh264_init, phy_addr=7446e000 vaddr=000000003bc0793c
07-03 10:47:42.365 D/        (    0): [  940.294719@2]- vfm map vdec-map-0 created
07-03 10:47:42.365 I/[  940.294740@2]- dim(    0): ch[1]:di_receiver_event_fun,8:_REG
07-03 10:47:42.365 I/[  940.294744@2]- dim(    0): reg:vdec.h264.00[51]
07-03 10:47:42.372 I/[  940.295288@0]- dim(    0): reg:use[1]ms
07-03 10:47:42.372 E/[  940.295313@0]- reg(    0): v4lvideo
07-03 10:47:42.372 I/[  940.295321@0]- dim(    0): ch[1]:di_receiver_event_fun,3:_START
07-03 10:47:42.372 D/        (    0): [  940.295327@0]- vdec_init, vf_provider_name = vdec.h264.00, b 0
07-03 10:47:42.372 I/        (    0): [  940.295342@0]- vdec->port_flag=0x182, port_flag=0x18b
07-03 10:47:42.372 I/        (    0): [  940.295423@0]- is_reset=0
07-03 10:47:42.372 I/[  940.299211@0]- vframe_rate_uevent(    0): sent uevent FRAME_RATE_HINT=0
07-03 10:47:42.372 I/[  940.299529@1]- dim(    0): ch[1]:di_receiver_event_fun,1:_UNREG
07-03 10:47:42.372 E/[  940.299544@1]- unreg(    0): v4lvideo
07-03 10:47:42.372 I/[  940.300094@2]- dim(    0): unreg:use[1]ms
07-03 10:47:42.372 D/        (    0): [  940.300209@2]- vdec_disable_DMC input->target= 0x0
07-03 10:47:42.372 D/[  940.300488@2]- 0(    0): vh264_stop
07-03 10:47:42.372 D/        (    0): [  940.301038@2]- vdec_release instance 0000000084c7149c, total 1 id = 0
07-03 10:47:42.372 D/        (    0): [  940.301105@2]- the clk_vdec_mux    clock off, ref cnt: 0
07-03 10:47:42.372 D/        (    0): [  940.301114@2]- the vdec            clock off, ref cnt: 0
07-03 10:47:42.372 D/        (    0): [  940.301118@2]- the parser_top      clock off, ref cnt: 1
07-03 10:47:42.372 D/        (    0): [  940.301122@2]- the demux           clock off, ref cnt: 1
07-03 10:47:42.372 D/        (    0): [  940.301147@2]d v4lvideo_release_map 0 OK
07-03 10:47:42.384 E/[  940.313683@2]- Warn(    0): TVP pool will release later.
07-03 10:47:42.384 E/[  940.313690@2]- Warn(    0): TVP pool will release later.
07-03 10:47:42.384 I/        (    0): [  940.313695@2]- tvp_user_count is 0
07-03 10:47:42.384 I/[  940.313699@2]- resman(    0): 55 release [tvp]
07-03 10:47:42.386 D/[  940.315044@1]- v4lvid(    0): dbg: vidioc_close!!!!
07-03 10:47:42.388 I/[  940.317351@1]- resman(    0): 53 release [codec_mm]
07-03 10:47:42.391 I/[  940.320185@1]- vc(    0): [0]vc: set enable index=0, val=0
07-03 10:47:42.391 I/[  940.320203@1]- VID(    0): store VD0 path_id changed 2->-1
07-03 10:47:42.392 I/        (    0): [  940.320207@1]- dev->index =0, val=1
07-03 10:47:42.392 I/[  940.320211@1]- VID(    0): VD1 off
07-03 10:47:42.392 I/[  940.320217@1]- VID(    0): VD1 set global output as 0
07-03 10:47:42.392 I/        (    0): [  940.320234@1]- common_vf_unreg_provider video_render.0: vd1 used: true, vd2 used: false, black_out:0, cur_buf:00000000eba6bf7e
07-03 10:47:42.392 E/[  940.321583@2]- Warn(    0): TVP pool will release later.
07-03 10:47:42.392 E/[  940.321589@2]- Warn(    0): TVP pool will release later.
07-03 10:47:42.392 E/[  940.321596@2]- Warn(    0): TVP pool will release later.
07-03 10:47:42.392 E/[  940.321600@2]- Warn(    0): TVP pool will release later.
07-03 10:47:42.392 E/[  940.321606@2]- Warn(    0): TVP pool will release later.
07-03 10:47:42.392 E/[  940.321609@2]- Warn(    0): TVP pool will release later.
07-03 10:47:42.392 E/[  940.321615@2]- Warn(    0): TVP pool will release later.
07-03 10:47:42.392 E/[  940.321618@2]- Warn(    0): TVP pool will release later.
07-03 10:47:42.392 E/[  940.321624@2]- Warn(    0): TVP pool will release later.
07-03 10:47:42.392 E/[  940.321627@2]- Warn(    0): TVP pool will release later.
07-03 10:47:42.392 I/        (    0): [  940.321644@2]- unprotect tvp 0 handle is 5
07-03 10:47:42.394 E/[  940.324145@2]- Warn(    0): TVP pool will release later.
07-03 10:47:42.394 E/[  940.324157@2]- Warn(    0): TVP pool will release later.
07-03 10:47:42.439 I/        (    0): [  940.365741@2]- unprotect tvp 0 handle is 6
07-03 10:47:42.440 I/        (    0): [  940.367704@2]- disalbe tvp
07-03 10:47:42.584 D/INSETS  ( 3842): else - Package Name ::  left : 0 right :: 0 top :: 0 bottom :: 0 dfu-right :: 1920 dfu-bottom :: 1080
07-03 10:47:43.051 W/[  940.977626@1]- RTW(    0): fill_default_txdesc(wlan0): SP Packet(0x0806) rate=0x4 SeqNum = 474
07-03 10:47:43.747 D/AutofillManagerService( 3842): onBackKeyPressed()
07-03 10:47:43.910 W/ActivityManager( 3842): Receiver with filter android.content.IntentFilter@9e13e66 already registered for pid 13665, callerPackage is com.jiotv.sonyliv
07-03 10:47:44.006 D/INSETS  ( 3842): else - Package Name ::  left : 0 right :: 0 top :: 0 bottom :: 0 dfu-right :: 1920 dfu-bottom :: 1080
07-03 10:47:45.313 D/AutofillManagerService( 3842): onBackKeyPressed()
07-03 10:47:47.087 D/INSETS  ( 3842): else - Package Name ::  left : 0 right :: 0 top :: 0 bottom :: 0 dfu-right :: 1920 dfu-bottom :: 1080
07-03 10:47:48.115 W/[  946.043644@1]- RTW(    0): fill_default_txdesc(wlan0): SP Packet(0x0806) rate=0x4 SeqNum = 981
07-03 10:47:49.280 I/UsageStatsService( 3842): User[0] Flushing usage stats to disk
07-03 10:47:50.483 W/[  948.409880@2]- RTW(    0): Turbo EDCA =0x431c
07-03 10:47:53.247 W/[  951.173893@3]- RTW(    0): fill_default_txdesc(wlan0): SP Packet(0x0806) rate=0x4 SeqNum = 1541
07-03 10:47:55.065 D/INSETS  ( 3842): else - Package Name ::  left : 0 right :: 0 top :: 0 bottom :: 0 dfu-right :: 1920 dfu-bottom :: 1080
07-03 10:47:55.970 I/[  953.898977@2]- resman(    0): 56 appname:OMX-41, type=0
07-03 10:47:56.116 I/[  954.042185@3]- resman(    0): 56 acquire [codec_mm], preempt yes
07-03 10:47:56.116 I/[  954.042196@3]- resman(    0): 56 score 60 secure no
07-03 10:47:56.116 I/[  954.042202@3]- resman(    0): 56 acquire [codec_mm] success
07-03 10:47:56.116 D/        (    0): [  954.042243@3]- the demux           clock on, ref cnt: 2
07-03 10:47:56.116 D/        (    0): [  954.042248@3]- the parser_top      clock on, ref cnt: 2
07-03 10:47:56.117 D/        (    0): [  954.042259@3]- the vdec            clock on, ref cnt: 1
07-03 10:47:56.118 D/        (    0): [  954.042283@3]- the clk_vdec_mux    clock on, ref cnt: 1
07-03 10:47:56.118 D/        (    0): [  954.042318@3]- vdec mux clock is 499999992 Hz
07-03 10:47:56.118 D/        (    0): [  954.042501@3]- vdec_create instance 00000000f58293e9, total 1, PM: legacy
07-03 10:47:56.118 D/        (    0): [  954.042540@3]- no drmmode
07-03 10:47:56.118 I/        (    0): [  954.042583@3]- is_reset=0
07-03 10:47:56.118 I/        (    0): [  954.042617@3]- vdec_init, dev_name:ammvdec_h264, vdec_type=VDEC_TYPE_FRAME_BLOCK  id = 0
07-03 10:47:56.118 D/        (    0): [  954.043489@3]- ammvdec_h264_mmu_init tvp = 0x0 mmu_enable 0
07-03 10:47:56.118 D/        (    0): [  954.043497@3]- decoder_bmmu_box_alloc_box, tvp_flags = 0
07-03 10:47:56.118 D/[  954.043517@3]- 0(    0): ammvdec_h264_probe mmu_enable 0 double_write_mode 0x10
07-03 10:47:56.118 D/[  954.045277@0]- 0(    0): ammvdec_h264 mem-addr=0,buff_offset=56c10000,buf_start=56c00000
07-03 10:47:56.118 D/        (    0): [  954.045318@0]- vdec mux clock is 666666656 Hz
07-03 10:47:56.120 D/        (    0): [  954.045324@0]- vdec1 video changed to 3840 x 2160 60 fps clk->667MHZ
07-03 10:47:56.120 W/        (    0): [  954.045330@0]- H264 sysinfo: 1920x1080 duration=3840, pts_outside=1
07-03 10:47:56.120 D/        (    0): [  954.045334@0]- sync_outside=0, use_idr_framerate=0, is_used_v4l: 0
07-03 10:47:56.120 I/        (    0): [  954.045442@0]- [TEE], the fw (h264_multi) will be loaded.
07-03 10:47:56.120 D/        (    0): [  954.045805@1]- vh264_init, phy_addr=7446e000 vaddr=000000001b56f033
07-03 10:47:56.123 D/        (    0): [  954.048065@3]- vfm map vdec-map-0 created
07-03 10:47:56.124 I/[  954.048087@3]- dim(    0): ch[1]:di_receiver_event_fun,8:_REG
07-03 10:47:56.124 I/[  954.048092@3]- dim(    0): reg:vdec.h264.00[52]
07-03 10:47:56.124 I/[  954.048173@3]- dim(    0): reg:use[0]ms
07-03 10:47:56.124 E/[  954.048189@3]- reg(    0): v4lvideo
07-03 10:47:56.124 I/[  954.048195@3]- dim(    0): ch[1]:di_receiver_event_fun,3:_START
07-03 10:47:56.124 D/        (    0): [  954.048201@3]- vdec_init, vf_provider_name = vdec.h264.00, b 0
07-03 10:47:56.125 I/        (    0): [  954.052943@3]- vdec->port_flag=0x102, port_flag=0x10b
07-03 10:47:56.130 D/[  954.055802@3]- v4lvid(    0): dbg: v4lvideo open
07-03 10:47:56.220 D/[  954.148705@3]- 0(    0): AV_SCRATCH_1 = 841fe078, AV_SCRATCH_2 18077
07-03 10:47:56.220 D/[  954.148757@3]- 0(    0): chroma_format_idc = 1 frame_mbs_only_flag 1, crop_bottom 8,  frame_height 1080,
07-03 10:47:56.220 D/[  954.148763@3]- 0(    0): mb_height 68,crop_right 0, frame_width 1920, mb_width 120
07-03 10:47:56.220 D/[  954.148768@3]- 0(    0): level_idc = 40 pic_size = 3133440 size = 4
07-03 10:47:56.220 D/[  954.148774@3]- 0(    0): mb height/widht/total: 44/78/1fe0 level_idc 28 max_ref_num 4
07-03 10:47:56.220 D/[  954.148779@3]- 0(    0): restriction_flag=1, max_dec_frame_buffering=4, dec_dpb_size=6 num_reorder_frames 2 used_reorder_dpb_size_margin 9
07-03 10:47:56.220 D/[  954.148785@3]- 0(    0): vh264_set_params active_buf_spec_num 15 dec_dpb_size 6 collocate_buf_num 8
07-03 10:47:56.247 D/[  954.175003@1]- 0(    0): num_ref_frames change from 0 to 4
07-03 10:47:56.254 I/[  954.182254@3]- dim(    0): value reg:ch[1]:fix_buf:0;ponly <0,0>
07-03 10:47:56.256 I/[  954.182267@3]- dim(    0): 1920x1080-0x9000.
07-03 10:47:56.256 I/[  954.182536@2]- v4lvideo(    0): provider name: vdec.h264.00
07-03 10:47:56.280 D/        (    0): [  954.207186@1]- cal_dur_from_pts vstatus 3840 dur3600 -> 3840, revised 3840
07-03 10:47:56.281 I/[  954.207435@1]- vframe_rate_uevent(    0): sent uevent FRAME_RATE_HINT=3840
07-03 10:47:56.500 W/[  954.426588@3]s RTW(    0): fill_default_txdesc(wlan0): SP Packet(0x0806) rate=0x4 SeqNum = 2470
07-03 10:47:56.984 W/[  954.911778@2]- audit(    0): audit_lost=822 audit_rate_limit=5 audit_backlog_limit=64
07-03 10:47:56.984 E/[  954.911787@2]- audit(    0): rate limit exceeded
07-03 10:47:57.004 I/[  954.933371@0]- VID(    0): VD1 off
07-03 10:47:57.004 I/[  954.933573@0]- vc(    0): [0]vc: set enable index=0, val=1
07-03 10:47:57.004 I/        (    0): [  954.933589@0]- dev->index =0, val=2
07-03 10:47:57.004 I/[  954.933593@0]- VID(    0): VD1 off
07-03 10:47:57.004 I/[  954.933599@0]- VID(    0): VD1 set global output as 1
07-03 10:47:57.004 I/[  954.933626@0]- VID(    0): store VD0 path_id changed -1->2
07-03 10:47:57.004 I/[  954.933645@0]- vc(    0): [0]sideband_type =-1
07-03 10:47:58.359 W/[  956.288048@2]s RTW(    0): fill_default_txdesc(wlan0): SP Packet(0x0806) rate=0x4 SeqNum = 3689
07-03 10:47:57.008 D/INSETS  ( 3842): else - Package Name ::  left : 0 right :: 0 top :: 0 bottom :: 0 dfu-right :: 1920 dfu-bottom :: 1080
07-03 10:47:59.372 I/UsageStatsService( 3842): User[0] Flushing usage stats to disk
07-03 10:48:02.576 W/[  960.505799@2]- RTW(    0): Turbo EDCA =0x5ea42b
07-03 10:48:03.507 W/[  961.436703@2]- RTW(    0): fill_default_txdesc(wlan0): SP Packet(0x0806) rate=0x4 SeqNum = 3167
07-03 10:48:04.593 W/[  962.522138@2]- RTW(    0): Turbo EDCA =0x431c
07-03 10:48:06.610 W/[  964.539252@2]- RTW(    0): Turbo EDCA =0x5ea42b
07-03 10:48:08.579 W/[  966.506235@3]- RTW(    0): fill_default_txdesc(wlan0): SP Packet(0x0806) rate=0x4 SeqNum = 3829
07-03 10:48:08.627 W/[  966.554001@0]- RTW(    0): Turbo EDCA =0x431c
07-03 10:48:09.244 D/[  967.171852@0]- 0(    0): h264_reconfig
07-03 10:48:09.244 D/[  967.172274@0]- 0(    0): AV_SCRATCH_1 = 84065436, AV_SCRATCH_2 18077
07-03 10:48:09.244 D/[  967.172327@0]- 0(    0): chroma_format_idc = 1 frame_mbs_only_flag 1, crop_bottom 0,  frame_height 480,
07-03 10:48:09.244 D/[  967.172333@0]- 0(    0): mb_height 30,crop_right 10, frame_width 854, mb_width 54
07-03 10:48:09.244 D/[  967.172339@0]- 0(    0): level_idc = 30 pic_size = 622080 size = 5
07-03 10:48:09.244 D/[  967.172345@0]- 0(    0): Warning: max_dec_frame_buffering(4) is less than DPB size(5) calculated from Profile/Level.
07-03 10:48:09.244 D/[  967.172351@0]- 0(    0): mb height/widht/total: 20/38/700 level_idc 1e max_ref_num 4
07-03 10:48:09.244 D/[  967.172357@0]- 0(    0): restriction_flag=1, max_dec_frame_buffering=4, dec_dpb_size=6 num_reorder_frames 2 used_reorder_dpb_size_margin 9
07-03 10:48:09.244 D/[  967.172363@0]- 0(    0): vh264_set_params active_buf_spec_num 15 dec_dpb_size 6 collocate_buf_num 8
07-03 10:48:09.244 D/[  967.173729@0]- 0(    0): num_ref_frames change from 0 to 4
07-03 10:48:10.334 W/[  968.261618@1]- healthd(    0): battery l=100 v=4 t=0.0 h=2 st=2 c=1100 fc=10000000 chg=u
07-03 10:48:10.643 W/[  968.570084@1]- RTW(    0): Turbo EDCA =0x5ea42b
07-03 10:48:12.659 W/[  970.585854@3]- RTW(    0): Turbo EDCA =0x431c
07-03 10:48:13.248 D/[  971.174509@1]- 0(    0): h264_reconfig
07-03 10:48:13.248 D/[  971.174739@1]- 0(    0): AV_SCRATCH_1 = 840e1050, AV_SCRATCH_2 18077
07-03 10:48:13.248 D/[  971.174801@1]- 0(    0): chroma_format_idc = 1 frame_mbs_only_flag 1, crop_bottom 0,  frame_height 720,
07-03 10:48:13.248 D/[  971.174811@1]- 0(    0): mb_height 45,crop_right 0, frame_width 1280, mb_width 80
07-03 10:48:13.248 D/[  971.174822@1]- 0(    0): level_idc = 31 pic_size = 1382400 size = 5
07-03 10:48:13.248 D/[  971.174832@1]- 0(    0): Warning: max_dec_frame_buffering(4) is less than DPB size(5) calculated from Profile/Level.
07-03 10:48:13.248 D/[  971.174840@1]- 0(    0): mb height/widht/total: 30/50/f00 level_idc 1f max_ref_num 4
07-03 10:48:13.248 D/[  971.174851@1]- 0(    0): restriction_flag=1, max_dec_frame_buffering=4, dec_dpb_size=6 num_reorder_frames 2 used_reorder_dpb_size_margin 9
07-03 10:48:13.248 D/[  971.174860@1]- 0(    0): vh264_set_params active_buf_spec_num 15 dec_dpb_size 6 collocate_buf_num 8
07-03 10:48:13.255 D/[  971.181913@1]- 0(    0): num_ref_frames change from 0 to 4
07-03 10:48:13.743 W/[  971.671512@3]- RTW(    0): fill_default_txdesc(wlan0): SP Packet(0x0806) rate=0x4 SeqNum = 307
07-03 10:48:14.675 W/[  972.601889@1]- RTW(    0): Turbo EDCA =0x5ea42b
07-03 10:48:16.691 W/[  974.617899@0]- RTW(    0): Turbo EDCA =0x431c
07-03 10:48:17.242 D/[  975.171003@1]- 0(    0): h264_reconfig
07-03 10:48:17.242 D/[  975.171260@1]- 0(    0): AV_SCRATCH_1 = 841fe078, AV_SCRATCH_2 18077
07-03 10:48:17.242 D/[  975.171309@1]- 0(    0): chroma_format_idc = 1 frame_mbs_only_flag 1, crop_bottom 8,  frame_height 1080,
07-03 10:48:17.242 D/[  975.171318@1]- 0(    0): mb_height 68,crop_right 0, frame_width 1920, mb_width 120
07-03 10:48:17.242 D/[  975.171325@1]- 0(    0): level_idc = 40 pic_size = 3133440 size = 4
07-03 10:48:17.242 D/[  975.171333@1]- 0(    0): mb height/widht/total: 44/78/1fe0 level_idc 28 max_ref_num 4
07-03 10:48:17.242 D/[  975.171342@1]- 0(    0): restriction_flag=1, max_dec_frame_buffering=4, dec_dpb_size=6 num_reorder_frames 2 used_reorder_dpb_size_margin 9
07-03 10:48:17.242 D/[  975.171350@1]- 0(    0): vh264_set_params active_buf_spec_num 15 dec_dpb_size 6 collocate_buf_num 8
07-03 10:48:17.247 D/[  975.176473@1]- 0(    0): num_ref_frames change from 0 to 4
07-03 10:48:18.706 W/[  976.633963@0]- RTW(    0): Turbo EDCA =0x5ea42b
07-03 10:48:18.843 W/[  976.769605@3]- RTW(    0): fill_default_txdesc(wlan0): SP Packet(0x0806) rate=0x4 SeqNum = 823
07-03 10:48:20.723 W/[  978.650225@0]- RTW(    0): Turbo EDCA =0x431c
07-03 10:48:22.739 W/[  980.666008@1]- RTW(    0): Turbo EDCA =0x5ea42b
07-03 10:48:23.115 W/[  981.041973@3]- RTW(    0): fill_default_txdesc(wlan0): SP Packet(0x0806) rate=0x4 SeqNum = 1231
07-03 10:48:23.891 W/[  981.817627@3]- RTW(    0): fill_default_txdesc(wlan0): SP Packet(0x0806) rate=0x4 SeqNum = 1365
07-03 10:48:24.760 W/[  982.685961@3]- RTW(    0): Turbo EDCA =0x431c
07-03 10:48:26.771 W/[  984.697918@0]- RTW(    0): Turbo EDCA =0x5ea42b
07-03 10:48:28.103 W/[  986.031082@3]- RTW(    0): fill_default_txdesc(wlan0): SP Packet(0x0806) rate=0x4 SeqNum = 2156
07-03 10:48:28.787 W/[  986.714011@0]- RTW(    0): Turbo EDCA =0x431c
07-03 10:48:30.807 W/[  988.734070@3]- RTW(    0): Turbo EDCA =0x5ea42b
07-03 10:48:31.688 W/[  989.615000@2]d NOHZ(    0): local_softirq_pending 08
07-03 10:48:31.691 W/[  989.615057@2]d NOHZ(    0): local_softirq_pending 08
07-03 10:48:31.691 W/[  989.615286@2]d NOHZ(    0): local_softirq_pending 08
07-03 10:48:32.823 W/[  990.749896@2]- RTW(    0): Turbo EDCA =0x431c
07-03 10:48:33.127 W/[  991.054811@3]- RTW(    0): fill_default_txdesc(wlan0): SP Packet(0x0806) rate=0x4 SeqNum = 2530
07-03 10:48:34.835 W/[  992.762010@0]- RTW(    0): Turbo EDCA =0x5ea42b
07-03 10:48:36.849 W/[  994.777914@1]- RTW(    0): Turbo EDCA =0x431c
07-03 10:48:38.315 W/[  996.241728@0]- RTW(    0): fill_default_txdesc(wlan0): SP Packet(0x0806) rate=0x4 SeqNum = 2747
07-03 10:48:38.867 W/[  996.793890@1]- RTW(    0): Turbo EDCA =0x5ea42b
07-03 10:48:40.881 W/[  998.810031@2]- RTW(    0): Turbo EDCA =0x431c
07-03 10:48:42.898 W/[ 1000.825949@3]- RTW(    0): Turbo EDCA =0x5ea42b
07-03 10:48:43.567 W/[ 1001.494305@1]- RTW(    0): fill_default_txdesc(wlan0): SP Packet(0x0806) rate=0x4 SeqNum = 3114
07-03 10:48:44.915 W/[ 1002.841942@1]- RTW(    0): Turbo EDCA =0x431c
07-03 10:48:46.935 W/[ 1004.861903@0]- RTW(    0): Turbo EDCA =0x5ea42b
07-03 10:48:48.099 W/[ 1006.027181@3]- RTW(    0): fill_default_txdesc(wlan0): SP Packet(0x0806) rate=0x4 SeqNum = 3650
07-03 10:48:48.947 W/[ 1006.873908@0]- RTW(    0): Turbo EDCA =0x431c
07-03 10:48:48.978 W/[ 1006.905638@0]- RTW(    0): fill_default_txdesc(wlan0): SP Packet(0x0806) rate=0x4 SeqNum = 3703
07-03 10:48:50.963 W/[ 1008.890278@0]- RTW(    0): Turbo EDCA =0x5ea42b
07-03 10:48:52.305 W/[ 1010.233705@2]- RTW(    0): fill_default_txdesc(wlan0): SP Packet(0x0806) rate=0x4 SeqNum = 4011
07-03 10:48:52.979 W/[ 1010.905936@0]- RTW(    0): Turbo EDCA =0x431c
07-03 10:48:53.119 W/[ 1011.047569@3]- RTW(    0): fill_default_txdesc(wlan0): SP Packet(0x0806) rate=0x4 SeqNum = 4053
07-03 10:48:54.992 W/[ 1012.921889@0]- RTW(    0): Turbo EDCA =0x5ea42b
07-03 10:48:57.015 W/[ 1014.941937@0]- RTW(    0): Turbo EDCA =0x431c
07-03 10:48:57.725 W/[ 1015.654143@3]- audit(    0): audit_lost=825 audit_rate_limit=5 audit_backlog_limit=64
07-03 10:48:57.725 E/[ 1015.654154@3]- audit(    0): rate limit exceeded
