07-03 16:04:33.419 D/        (    0): [11581.318614@3]- sync_outside=0, use_idr_framerate=0, is_used_v4l: 0
07-03 16:04:33.419 I/        (    0): [11581.318724@3]- [TEE], the fw (h264_multi) will be loaded.
07-03 16:04:33.422 D/        (    0): [11581.321771@2]- vh264_init, phy_addr=7446e000 vaddr=00000000d2d9f514
07-03 16:04:33.432 D/        (    0): [11581.323572@1]- vfm map vdec-map-0 created
07-03 16:04:33.439 I/[11581.323594@1]- reg(    0): ionvideo
07-03 16:04:33.442 D/        (    0): [11581.323600@1]- vdec_init, vf_provider_name = vdec.h264.00, b 0
07-03 16:04:33.442 I/        (    0): [11581.324238@1]- vdec->port_flag=0x102, port_flag=0x10b
07-03 16:04:33.442 I/        (    0): [11581.324394@1]- is_reset=0
07-03 16:04:33.442 I/[11581.330320@2]- vframe_rate_uevent(    0): sent uevent FRAME_RATE_HINT=0
07-03 16:04:33.442 I/[11581.339932@1]- unreg(    0): ionvideo
07-03 16:04:33.442 D/        (    0): [11581.339958@1]- vdec_disable_DMC input->target= 0x0
07-03 16:04:33.442 D/[11581.340079@1]- 0(    0): vh264_stop
07-03 16:04:33.442 D/        (    0): [11581.340573@1]- vdec_release instance 00000000e556e529, total 1 id = 0
07-03 16:04:33.442 D/        (    0): [11581.340750@1]- the clk_vdec_mux    clock off, ref cnt: 0
07-03 16:04:33.442 D/        (    0): [11581.340760@1]- the vdec            clock off, ref cnt: 0
07-03 16:04:33.442 D/        (    0): [11581.340764@1]- the parser_top      clock off, ref cnt: 1
07-03 16:04:33.442 D/        (    0): [11581.340767@1]- the demux           clock off, ref cnt: 1
07-03 16:04:33.442 I/[11581.340803@1]- 000000005b61ad7b(    0): free ion_id:0, priv_data:0
07-03 16:04:33.442 D/        (    0): [11581.340808@1]d ionvideo_release_map 0 OK
07-03 16:04:33.456 D/[11581.350694@1]- ionvid(    0): dbg: vidioc_close!!!!
07-03 16:04:33.456 D/[11581.350713@1]- ionvid(    0): dbg: vidioc_close
07-03 16:04:33.456 I/[11581.352026@1]- resman(    0): 44 release [codec_mm]
07-03 16:04:33.729 D/ConnectivityService( 3835): NetReassign [no changes]
07-03 16:04:34.293 D/INSETS  ( 3835): else - Package Name ::  left : 0 right :: 0 top :: 0 bottom :: 0 dfu-right :: 1920 dfu-bottom :: 1080
07-03 16:04:34.293 D/INSETS  ( 3835): else - Package Name ::  left : 0 right :: 0 top :: 0 bottom :: 0 dfu-right :: 1920 dfu-bottom :: 1080
07-03 16:04:34.494 D/INSETS  ( 3835): else - Package Name ::  left : 0 right :: 0 top :: 0 bottom :: 0 dfu-right :: 1920 dfu-bottom :: 1080
07-03 16:04:34.521 I/chatty  ( 3835): uid=1000(system) android.anim identical 4 lines
07-03 16:04:34.521 D/INSETS  ( 3835): else - Package Name ::  left : 0 right :: 0 top :: 0 bottom :: 0 dfu-right :: 1920 dfu-bottom :: 1080
07-03 16:04:34.562 D/CompatibilityChangeReporter( 3835): Compat change id reported: 136274596; UID 10066; state: ENABLED
07-03 16:04:34.653 V/ActivityTaskManager( 3835): Old State : PAUSED Updated state : STOPPING Activity : ComponentInfo{com.iwedia.ui.rjio.launcher.reliance/com.iwedia.ui.rjio.launcher.ui.intro.IntroActivity}
07-03 16:04:34.664 V/ActivityTaskManager( 3835): Sending Broadcast : Intent { act=com.jio.remote.action.applaunch flg=0x40000000 pkg=com.jio.remote.btserver (has extras) }
07-03 16:04:34.685 D/INSETS  ( 3835): else - Package Name ::  left : 0 right :: 0 top :: 0 bottom :: 0 dfu-right :: 1920 dfu-bottom :: 1080
07-03 16:04:34.703 D/INSETS  ( 3835): else - Package Name ::  left : 0 right :: 0 top :: 0 bottom :: 0 dfu-right :: 1920 dfu-bottom :: 1080
07-03 16:04:34.788 D/INSETS  ( 3835): else - Package Name ::  left : 0 right :: 0 top :: 0 bottom :: 0 dfu-right :: 1920 dfu-bottom :: 1080
07-03 16:04:34.820 V/ActivityTaskManager( 3835): Old State : STOPPING Updated state : STOPPED Activity : ComponentInfo{com.iwedia.ui.rjio.launcher.reliance/com.iwedia.ui.rjio.launcher.ui.intro.IntroActivity}
07-03 16:04:34.820 V/ActivityTaskManager( 3835): Sending Broadcast : Intent { act=com.jio.remote.action.applaunch flg=0x40000000 pkg=com.jio.remote.btserver (has extras) }
07-03 16:04:36.275 E/TaskPersister( 3835): File error accessing recents directory (directory doesn't exist?).
07-03 16:04:38.226 W/[11586.126467@2]- RTW(    0): fill_default_txdesc(wlan0): SP Packet(0x0806) rate=0x4 SeqNum = 2281
07-03 16:04:40.243 W/Looper  ( 3835): Slow dispatch took 581ms android.fg h=android.os.Handler c=<recycled PooledLambda@b455549> m=0
07-03 16:04:40.398 W/[11588.298409@3]- healthd(    0): battery l=100 v=4 t=0.0 h=2 st=2 c=1100 fc=10000000 chg=u
07-03 16:04:40.530 I/UsageStatsService( 3835): User[0] Flushing usage stats to disk
07-03 16:04:43.370 W/[11591.269731@2]- RTW(    0): fill_default_txdesc(wlan0): SP Packet(0x0806) rate=0x4 SeqNum = 2813
07-03 16:04:45.907 D/INSETS  ( 3835): else - Package Name ::  left : 0 right :: 0 top :: 0 bottom :: 0 dfu-right :: 1920 dfu-bottom :: 1080
07-03 16:04:48.494 W/[11596.393347@3]- RTW(    0): fill_default_txdesc(wlan0): SP Packet(0x0806) rate=0x4 SeqNum = 3395
07-03 16:04:50.554 D/INSETS  ( 3835): else - Package Name ::  left : 0 right :: 0 top :: 0 bottom :: 0 dfu-right :: 1920 dfu-bottom :: 1080
07-03 16:04:50.585 D/INSETS  ( 3835): else - Package Name ::  left : 0 right :: 0 top :: 0 bottom :: 0 dfu-right :: 1920 dfu-bottom :: 1080
07-03 16:04:50.630 I/UsageStatsService( 3835): User[0] Flushing usage stats to disk
07-03 16:04:51.690 W/[11599.588386@2]- audit(    0): audit_lost=4554 audit_rate_limit=5 audit_backlog_limit=64
07-03 16:04:51.690 E/[11599.588394@2]- audit(    0): rate limit exceeded
07-03 16:04:52.125 D/AutofillManagerService( 3835): onBackKeyPressed()
07-03 16:04:52.806 W/[11600.703039@0]- RTW(    0): fill_default_txdesc(wlan0): SP Packet(0x0806) rate=0x4 SeqNum = 3858
07-03 16:04:53.534 W/[11601.432374@3]- RTW(    0): fill_default_txdesc(wlan0): SP Packet(0x0806) rate=0x4 SeqNum = 4020
07-03 16:04:54.547 D/INSETS  ( 3835): else - Package Name ::  left : 0 right :: 0 top :: 0 bottom :: 0 dfu-right :: 1920 dfu-bottom :: 1080
07-03 16:04:54.997 D/INSETS  ( 3835): else - Package Name ::  left : 0 right :: 0 top :: 0 bottom :: 0 dfu-right :: 1920 dfu-bottom :: 1080
07-03 16:04:56.091 D/InputMethodManagerService( 3835): Top Package Name: in.startv.hotstar
07-03 16:04:56.098 W/ContextImpl( 3835): Calling a method in the system process without a qualified user: android.app.ContextImpl.sendBroadcast:1111 com.android.server.inputmethod.InputMethodManagerService.sendSoftInputVisibilityBroadcast:3258 com.android.server.inputmethod.InputMethodManagerService.showCurrentInputLocked:3231 com.android.server.inputmethod.InputMethodManagerService.showMySoftInput:4198 com.android.server.inputmethod.InputMethodManagerService.access$4100:189 
07-03 16:04:56.099 D/InputMethodManagerService( 3835): Top Package Name: in.startv.hotstar
07-03 16:04:56.099 W/ContextImpl( 3835): Calling a method in the system process without a qualified user: android.app.ContextImpl.sendBroadcast:1111 com.android.server.inputmethod.InputMethodManagerService.sendSoftInputVisibilityBroadcast:3258 com.android.server.inputmethod.InputMethodManagerService.showCurrentInputLocked:3231 com.android.server.inputmethod.InputMethodManagerService.showSoftInput:3153 com.android.internal.view.IInputMethodManager$Stub.onTransact:304 
07-03 16:04:56.104 W/ContextImpl( 3835): Calling a method in the system process without a qualified user: android.app.ContextImpl.sendBroadcast:1111 com.android.server.inputmethod.InputMethodManagerService.sendSoftInputVisibilityBroadcast:3258 com.android.server.inputmethod.InputMethodManagerService.hideCurrentInputLocked:3330 com.android.server.inputmethod.InputMethodManagerService.hideMySoftInput:4180 com.android.server.inputmethod.InputMethodManagerService.access$4000:189 
07-03 16:04:56.141 D/InputMethodManagerService( 3835): Top Package Name: in.startv.hotstar
07-03 16:04:56.145 W/ContextImpl( 3835): Calling a method in the system process without a qualified user: android.app.ContextImpl.sendBroadcast:1111 com.android.server.inputmethod.InputMethodManagerService.sendSoftInputVisibilityBroadcast:3258 com.android.server.inputmethod.InputMethodManagerService.showCurrentInputLocked:3231 com.android.server.inputmethod.InputMethodManagerService.showMySoftInput:4198 com.android.server.inputmethod.InputMethodManagerService.access$4100:189 
07-03 16:04:56.162 D/InputMethodManagerService( 3835): Top Package Name: in.startv.hotstar
07-03 16:04:56.163 W/ContextImpl( 3835): Calling a method in the system process without a qualified user: android.app.ContextImpl.sendBroadcast:1111 com.android.server.inputmethod.InputMethodManagerService.sendSoftInputVisibilityBroadcast:3258 com.android.server.inputmethod.InputMethodManagerService.showCurrentInputLocked:3231 com.android.server.inputmethod.InputMethodManagerService.showMySoftInput:4198 com.android.server.inputmethod.InputMethodManagerService.access$4100:189 
07-03 16:04:56.203 D/INSETS  ( 3835): else - Package Name ::  left : 0 right :: 0 top :: 0 bottom :: 0 dfu-right :: 1920 dfu-bottom :: 1080
07-03 16:04:56.210 I/chatty  ( 3835): uid=1000(system) Binder:3835_9 identical 1 line
07-03 16:04:56.210 D/INSETS  ( 3835): else - Package Name ::  left : 0 right :: 0 top :: 0 bottom :: 0 dfu-right :: 1920 dfu-bottom :: 1080
07-03 16:04:56.235 D/INSETS  ( 3835): else - Package Name ::  left : 0 right :: 0 top :: 0 bottom :: 0 dfu-right :: 1920 dfu-bottom :: 1080
07-03 16:04:56.235 D/INSETS  ( 3835): else - Package Name ::  left : 0 right :: 0 top :: 0 bottom :: 0 dfu-right :: 1920 dfu-bottom :: 1080
07-03 16:04:56.246 D/InputMethodManagerService( 3835): Top Package Name: in.startv.hotstar
07-03 16:04:56.247 W/ContextImpl( 3835): Calling a method in the system process without a qualified user: android.app.ContextImpl.sendBroadcast:1111 com.android.server.inputmethod.InputMethodManagerService.sendSoftInputVisibilityBroadcast:3258 com.android.server.inputmethod.InputMethodManagerService.showCurrentInputLocked:3231 com.android.server.inputmethod.InputMethodManagerService.showMySoftInput:4198 com.android.server.inputmethod.InputMethodManagerService.access$4100:189 
07-03 16:04:56.250 D/INSETS  ( 3835): else - Package Name ::  left : 0 right :: 0 top :: 0 bottom :: 0 dfu-right :: 1920 dfu-bottom :: 1080
07-03 16:04:56.265 I/chatty  ( 3835): uid=1000(system) android.display identical 4 lines
07-03 16:04:56.265 D/INSETS  ( 3835): else - Package Name ::  left : 0 right :: 0 top :: 0 bottom :: 0 dfu-right :: 1920 dfu-bottom :: 1080
07-03 16:04:56.279 D/INSETS  ( 3835): else - Package Name ::  left : 0 right :: 0 top :: 0 bottom :: 0 dfu-right :: 1920 dfu-bottom :: 1080
07-03 16:04:56.279 D/INSETS  ( 3835): else - Package Name ::  left : 0 right :: 0 top :: 0 bottom :: 0 dfu-right :: 1920 dfu-bottom :: 1080
07-03 16:04:56.317 D/InputMethodManagerService( 3835): Top Package Name: in.startv.hotstar
07-03 16:04:56.318 W/ContextImpl( 3835): Calling a method in the system process without a qualified user: android.app.ContextImpl.sendBroadcast:1111 com.android.server.inputmethod.InputMethodManagerService.sendSoftInputVisibilityBroadcast:3258 com.android.server.inputmethod.InputMethodManagerService.showCurrentInputLocked:3231 com.android.server.inputmethod.InputMethodManagerService.showMySoftInput:4198 com.android.server.inputmethod.InputMethodManagerService.access$4100:189 
07-03 16:04:56.339 W/NotificationHistory( 3835): Attempted to add notif for locked/gone/disabled user 0
07-03 16:04:56.357 D/INSETS  ( 3835): else - Package Name ::  left : 0 right :: 0 top :: 0 bottom :: 0 dfu-right :: 1920 dfu-bottom :: 1080
07-03 16:04:56.357 D/INSETS  ( 3835): else - Package Name ::  left : 0 right :: 0 top :: 0 bottom :: 0 dfu-right :: 1920 dfu-bottom :: 1080
07-03 16:04:56.384 D/INSETS  ( 3835): else - Package Name ::  left : 0 right :: 0 top :: 0 bottom :: 0 dfu-right :: 1920 dfu-bottom :: 1080
07-03 16:04:56.385 D/INSETS  ( 3835): else - Package Name ::  left : 0 right :: 0 top :: 0 bottom :: 0 dfu-right :: 1920 dfu-bottom :: 1080
07-03 16:04:56.529 W/NotificationHistory( 3835): Attempted to add notif for locked/gone/disabled user 0
07-03 16:04:57.064 D/InputMethodManagerService( 3835): Top Package Name: in.startv.hotstar
07-03 16:04:57.065 W/ContextImpl( 3835): Calling a method in the system process without a qualified user: android.app.ContextImpl.sendBroadcast:1111 com.android.server.inputmethod.InputMethodManagerService.sendSoftInputVisibilityBroadcast:3258 com.android.server.inputmethod.InputMethodManagerService.showCurrentInputLocked:3231 com.android.server.inputmethod.InputMethodManagerService.attachNewInputLocked:2397 com.android.server.inputmethod.InputMethodManagerService.startInputUncheckedLocked:2503 
07-03 16:04:57.068 D/InputMethodManagerService( 3835): Top Package Name: in.startv.hotstar
07-03 16:04:57.068 W/ContextImpl( 3835): Calling a method in the system process without a qualified user: android.app.ContextImpl.sendBroadcast:1111 com.android.server.inputmethod.InputMethodManagerService.sendSoftInputVisibilityBroadcast:3258 com.android.server.inputmethod.InputMethodManagerService.showCurrentInputLocked:3231 com.android.server.inputmethod.InputMethodManagerService.showMySoftInput:4198 com.android.server.inputmethod.InputMethodManagerService.access$4100:189 
07-03 16:04:57.081 D/InputMethodManagerService( 3835): Top Package Name: in.startv.hotstar
07-03 16:04:57.082 W/ContextImpl( 3835): Calling a method in the system process without a qualified user: android.app.ContextImpl.sendBroadcast:1111 com.android.server.inputmethod.InputMethodManagerService.sendSoftInputVisibilityBroadcast:3258 com.android.server.inputmethod.InputMethodManagerService.showCurrentInputLocked:3231 com.android.server.inputmethod.InputMethodManagerService.showMySoftInput:4198 com.android.server.inputmethod.InputMethodManagerService.access$4100:189 
07-03 16:04:57.584 D/InputMethodManagerService( 3835): Top Package Name: in.startv.hotstar
07-03 16:04:57.585 W/ContextImpl( 3835): Calling a method in the system process without a qualified user: android.app.ContextImpl.sendBroadcast:1111 com.android.server.inputmethod.InputMethodManagerService.sendSoftInputVisibilityBroadcast:3258 com.android.server.inputmethod.InputMethodManagerService.showCurrentInputLocked:3231 com.android.server.inputmethod.InputMethodManagerService.attachNewInputLocked:2397 com.android.server.inputmethod.InputMethodManagerService.startInputUncheckedLocked:2503 
07-03 16:04:57.587 D/InputMethodManagerService( 3835): Top Package Name: in.startv.hotstar
07-03 16:04:57.589 W/ContextImpl( 3835): Calling a method in the system process without a qualified user: android.app.ContextImpl.sendBroadcast:1111 com.android.server.inputmethod.InputMethodManagerService.sendSoftInputVisibilityBroadcast:3258 com.android.server.inputmethod.InputMethodManagerService.showCurrentInputLocked:3231 com.android.server.inputmethod.InputMethodManagerService.showMySoftInput:4198 com.android.server.inputmethod.InputMethodManagerService.access$4100:189 
07-03 16:04:57.598 D/INSETS  ( 3835): else - Package Name ::  left : 0 right :: 0 top :: 0 bottom :: 0 dfu-right :: 1920 dfu-bottom :: 1080
07-03 16:04:57.598 D/INSETS  ( 3835): else - Package Name ::  left : 0 right :: 0 top :: 0 bottom :: 0 dfu-right :: 1920 dfu-bottom :: 1080
07-03 16:04:57.615 D/InputMethodManagerService( 3835): Top Package Name: in.startv.hotstar
07-03 16:04:57.616 W/ContextImpl( 3835): Calling a method in the system process without a qualified user: android.app.ContextImpl.sendBroadcast:1111 com.android.server.inputmethod.InputMethodManagerService.sendSoftInputVisibilityBroadcast:3258 com.android.server.inputmethod.InputMethodManagerService.showCurrentInputLocked:3231 com.android.server.inputmethod.InputMethodManagerService.showMySoftInput:4198 com.android.server.inputmethod.InputMethodManagerService.access$4100:189 
07-03 16:04:57.934 D/INSETS  ( 3835): else - Package Name ::  left : 0 right :: 0 top :: 0 bottom :: 0 dfu-right :: 1920 dfu-bottom :: 1080
07-03 16:04:58.622 W/[11606.522176@1]- RTW(    0): fill_default_txdesc(wlan0): SP Packet(0x0806) rate=0x4 SeqNum = 673
07-03 16:04:57.934 D/INSETS  ( 3835): else - Package Name ::  left : 0 right :: 0 top :: 0 bottom :: 0 dfu-right :: 1920 dfu-bottom :: 1080
07-03 16:04:58.699 D/AutofillManagerService( 3835): onBackKeyPressed()
07-03 16:04:58.704 W/ContextImpl( 3835): Calling a method in the system process without a qualified user: android.app.ContextImpl.sendBroadcast:1111 com.android.server.inputmethod.InputMethodManagerService.sendSoftInputVisibilityBroadcast:3258 com.android.server.inputmethod.InputMethodManagerService.hideCurrentInputLocked:3330 com.android.server.inputmethod.InputMethodManagerService.hideMySoftInput:4180 com.android.server.inputmethod.InputMethodManagerService.access$4000:189 
07-03 16:04:58.712 D/INSETS  ( 3835): else - Package Name ::  left : 0 right :: 0 top :: 0 bottom :: 0 dfu-right :: 1920 dfu-bottom :: 1080
07-03 16:04:58.712 D/INSETS  ( 3835): else - Package Name ::  left : 0 right :: 0 top :: 0 bottom :: 0 dfu-right :: 1920 dfu-bottom :: 1080
07-03 16:04:58.733 D/INSETS  ( 3835): else - Package Name ::  left : 0 right :: 0 top :: 0 bottom :: 0 dfu-right :: 1920 dfu-bottom :: 1080
07-03 16:04:58.734 D/INSETS  ( 3835): else - Package Name ::  left : 0 right :: 0 top :: 0 bottom :: 0 dfu-right :: 1920 dfu-bottom :: 1080
07-03 16:04:58.746 D/INSETS  ( 3835): else - Package Name ::  left : 0 right :: 0 top :: 0 bottom :: 0 dfu-right :: 1920 dfu-bottom :: 1080
07-03 16:04:58.746 D/INSETS  ( 3835): else - Package Name ::  left : 0 right :: 0 top :: 0 bottom :: 0 dfu-right :: 1920 dfu-bottom :: 1080
07-03 16:04:58.944 D/INSETS  ( 3835): else - Package Name ::  left : 0 right :: 0 top :: 0 bottom :: 0 dfu-right :: 1920 dfu-bottom :: 1080
07-03 16:05:00.755 I/UsageStatsService( 3835): User[0] Flushing usage stats to disk
07-03 16:05:00.940 D/InputMethodManagerService( 3835): Top Package Name: in.startv.hotstar
07-03 16:05:00.944 W/ContextImpl( 3835): Calling a method in the system process without a qualified user: android.app.ContextImpl.sendBroadcast:1111 com.android.server.inputmethod.InputMethodManagerService.sendSoftInputVisibilityBroadcast:3258 com.android.server.inputmethod.InputMethodManagerService.showCurrentInputLocked:3231 com.android.server.inputmethod.InputMethodManagerService.showMySoftInput:4198 com.android.server.inputmethod.InputMethodManagerService.access$4100:189 
07-03 16:05:00.948 W/ContextImpl( 3835): Calling a method in the system process without a qualified user: android.app.ContextImpl.sendBroadcast:1111 com.android.server.inputmethod.InputMethodManagerService.sendSoftInputVisibilityBroadcast:3258 com.android.server.inputmethod.InputMethodManagerService.hideCurrentInputLocked:3330 com.android.server.inputmethod.InputMethodManagerService.hideSoftInput:3290 com.android.internal.view.IInputMethodManager$Stub.onTransact:325 
07-03 16:05:00.965 W/ContextImpl( 3835): Calling a method in the system process without a qualified user: android.app.ContextImpl.sendBroadcast:1111 com.android.server.inputmethod.InputMethodManagerService.sendSoftInputVisibilityBroadcast:3258 com.android.server.inputmethod.InputMethodManagerService.hideCurrentInputLocked:3330 com.android.server.inputmethod.InputMethodManagerService.hideSoftInput:3290 com.android.internal.view.IInputMethodManager$Stub.onTransact:325 
07-03 16:05:00.967 D/InputMethodManagerService( 3835): Top Package Name: in.startv.hotstar
07-03 16:05:00.969 W/ContextImpl( 3835): Calling a method in the system process without a qualified user: android.app.ContextImpl.sendBroadcast:1111 com.android.server.inputmethod.InputMethodManagerService.sendSoftInputVisibilityBroadcast:3258 com.android.server.inputmethod.InputMethodManagerService.showCurrentInputLocked:3231 com.android.server.inputmethod.InputMethodManagerService.showMySoftInput:4198 com.android.server.inputmethod.InputMethodManagerService.access$4100:189 
07-03 16:05:00.985 D/INSETS  ( 3835): else - Package Name ::  left : 0 right :: 0 top :: 0 bottom :: 0 dfu-right :: 1920 dfu-bottom :: 1080
07-03 16:05:00.996 W/ContextImpl( 3835): Calling a method in the system process without a qualified user: android.app.ContextImpl.sendBroadcast:1111 com.android.server.inputmethod.InputMethodManagerService.sendSoftInputVisibilityBroadcast:3258 com.android.server.inputmethod.InputMethodManagerService.hideCurrentInputLocked:3330 com.android.server.inputmethod.InputMethodManagerService.hideSoftInput:3290 com.android.internal.view.IInputMethodManager$Stub.onTransact:325 
07-03 16:05:01.049 D/InputMethodManagerService( 3835): Top Package Name: in.startv.hotstar
07-03 16:05:01.052 W/ContextImpl( 3835): Calling a method in the system process without a qualified user: android.app.ContextImpl.sendBroadcast:1111 com.android.server.inputmethod.InputMethodManagerService.sendSoftInputVisibilityBroadcast:3258 com.android.server.inputmethod.InputMethodManagerService.showCurrentInputLocked:3231 com.android.server.inputmethod.InputMethodManagerService.showMySoftInput:4198 com.android.server.inputmethod.InputMethodManagerService.access$4100:189 
07-03 16:05:01.106 D/INSETS  ( 3835): else - Package Name ::  left : 0 right :: 0 top :: 0 bottom :: 0 dfu-right :: 1920 dfu-bottom :: 1080
07-03 16:05:01.147 I/chatty  ( 3835): uid=1000(system) Binder:3835_4 identical 1 line
07-03 16:05:01.147 D/INSETS  ( 3835): else - Package Name ::  left : 0 right :: 0 top :: 0 bottom :: 0 dfu-right :: 1920 dfu-bottom :: 1080
07-03 16:05:01.170 W/NotificationHistory( 3835): Attempted to add notif for locked/gone/disabled user 0
07-03 16:05:01.182 D/INSETS  ( 3835): else - Package Name ::  left : 0 right :: 0 top :: 0 bottom :: 0 dfu-right :: 1920 dfu-bottom :: 1080
07-03 16:05:01.182 D/INSETS  ( 3835): else - Package Name ::  left : 0 right :: 0 top :: 0 bottom :: 0 dfu-right :: 1920 dfu-bottom :: 1080
07-03 16:05:01.196 D/InputMethodManagerService( 3835): Top Package Name: in.startv.hotstar
07-03 16:05:01.197 W/ContextImpl( 3835): Calling a method in the system process without a qualified user: android.app.ContextImpl.sendBroadcast:1111 com.android.server.inputmethod.InputMethodManagerService.sendSoftInputVisibilityBroadcast:3258 com.android.server.inputmethod.InputMethodManagerService.showCurrentInputLocked:3231 com.android.server.inputmethod.InputMethodManagerService.showMySoftInput:4198 com.android.server.inputmethod.InputMethodManagerService.access$4100:189 
07-03 16:05:01.375 D/INSETS  ( 3835): else - Package Name ::  left : 0 right :: 0 top :: 0 bottom :: 0 dfu-right :: 1920 dfu-bottom :: 1080
07-03 16:05:01.376 D/INSETS  ( 3835): else - Package Name ::  left : 0 right :: 0 top :: 0 bottom :: 0 dfu-right :: 1920 dfu-bottom :: 1080
07-03 16:05:01.440 D/InputMethodManagerService( 3835): Top Package Name: in.startv.hotstar
07-03 16:05:01.441 W/ContextImpl( 3835): Calling a method in the system process without a qualified user: android.app.ContextImpl.sendBroadcast:1111 com.android.server.inputmethod.InputMethodManagerService.sendSoftInputVisibilityBroadcast:3258 com.android.server.inputmethod.InputMethodManagerService.showCurrentInputLocked:3231 com.android.server.inputmethod.InputMethodManagerService.attachNewInputLocked:2397 com.android.server.inputmethod.InputMethodManagerService.startInputUncheckedLocked:2503 
07-03 16:05:01.543 D/InputMethodManagerService( 3835): Top Package Name: in.startv.hotstar
07-03 16:05:01.544 W/ContextImpl( 3835): Calling a method in the system process without a qualified user: android.app.ContextImpl.sendBroadcast:1111 com.android.server.inputmethod.InputMethodManagerService.sendSoftInputVisibilityBroadcast:3258 com.android.server.inputmethod.InputMethodManagerService.showCurrentInputLocked:3231 com.android.server.inputmethod.InputMethodManagerService.showMySoftInput:4198 com.android.server.inputmethod.InputMethodManagerService.access$4100:189 
07-03 16:05:01.558 D/InputMethodManagerService( 3835): Top Package Name: in.startv.hotstar
07-03 16:05:01.560 W/ContextImpl( 3835): Calling a method in the system process without a qualified user: android.app.ContextImpl.sendBroadcast:1111 com.android.server.inputmethod.InputMethodManagerService.sendSoftInputVisibilityBroadcast:3258 com.android.server.inputmethod.InputMethodManagerService.showCurrentInputLocked:3231 com.android.server.inputmethod.InputMethodManagerService.showMySoftInput:4198 com.android.server.inputmethod.InputMethodManagerService.access$4100:189 
07-03 16:05:01.580 D/INSETS  ( 3835): else - Package Name ::  left : 0 right :: 0 top :: 0 bottom :: 0 dfu-right :: 1920 dfu-bottom :: 1080
07-03 16:05:01.593 I/chatty  ( 3835): uid=1000(system) android.display identical 4 lines
07-03 16:05:01.593 D/INSETS  ( 3835): else - Package Name ::  left : 0 right :: 0 top :: 0 bottom :: 0 dfu-right :: 1920 dfu-bottom :: 1080
07-03 16:05:01.614 D/InputMethodManagerService( 3835): Top Package Name: in.startv.hotstar
07-03 16:05:01.615 W/ContextImpl( 3835): Calling a method in the system process without a qualified user: android.app.ContextImpl.sendBroadcast:1111 com.android.server.inputmethod.InputMethodManagerService.sendSoftInputVisibilityBroadcast:3258 com.android.server.inputmethod.InputMethodManagerService.showCurrentInputLocked:3231 com.android.server.inputmethod.InputMethodManagerService.showMySoftInput:4198 com.android.server.inputmethod.InputMethodManagerService.access$4100:189 
07-03 16:05:01.649 D/INSETS  ( 3835): else - Package Name ::  left : 0 right :: 0 top :: 0 bottom :: 0 dfu-right :: 1920 dfu-bottom :: 1080
07-03 16:05:01.649 D/INSETS  ( 3835): else - Package Name ::  left : 0 right :: 0 top :: 0 bottom :: 0 dfu-right :: 1920 dfu-bottom :: 1080
07-03 16:05:01.671 D/INSETS  ( 3835): else - Package Name ::  left : 0 right :: 0 top :: 0 bottom :: 0 dfu-right :: 1920 dfu-bottom :: 1080
07-03 16:05:01.672 D/INSETS  ( 3835): else - Package Name ::  left : 0 right :: 0 top :: 0 bottom :: 0 dfu-right :: 1920 dfu-bottom :: 1080
07-03 16:05:01.702 W/ContextImpl( 3835): Calling a method in the system process without a qualified user: android.app.ContextImpl.sendBroadcast:1111 com.android.server.inputmethod.InputMethodManagerService.sendSoftInputVisibilityBroadcast:3258 com.android.server.inputmethod.InputMethodManagerService.hideCurrentInputLocked:3330 com.android.server.inputmethod.InputMethodManagerService.hideMySoftInput:4180 com.android.server.inputmethod.InputMethodManagerService.access$4000:189 
07-03 16:05:01.755 W/NotificationHistory( 3835): Attempted to add notif for locked/gone/disabled user 0
07-03 16:05:01.824 D/INSETS  ( 3835): else - Package Name ::  left : 0 right :: 0 top :: 0 bottom :: 0 dfu-right :: 1920 dfu-bottom :: 1080
07-03 16:05:01.825 W/NotificationHistory( 3835): Attempted to add notif for locked/gone/disabled user 0
07-03 16:05:01.826 D/INSETS  ( 3835): else - Package Name ::  left : 0 right :: 0 top :: 0 bottom :: 0 dfu-right :: 1920 dfu-bottom :: 1080
07-03 16:05:01.833 D/INSETS  ( 3835): else - Package Name ::  left : 0 right :: 0 top :: 0 bottom :: 0 dfu-right :: 1920 dfu-bottom :: 1080
07-03 16:05:01.834 D/INSETS  ( 3835): else - Package Name ::  left : 0 right :: 0 top :: 0 bottom :: 0 dfu-right :: 1920 dfu-bottom :: 1080
07-03 16:05:01.840 D/INSETS  ( 3835): else - Package Name ::  left : 0 right :: 0 top :: 0 bottom :: 0 dfu-right :: 1920 dfu-bottom :: 1080
07-03 16:05:01.841 D/INSETS  ( 3835): else - Package Name ::  left : 0 right :: 0 top :: 0 bottom :: 0 dfu-right :: 1920 dfu-bottom :: 1080
07-03 16:05:02.048 D/INSETS  ( 3835): else - Package Name ::  left : 0 right :: 0 top :: 0 bottom :: 0 dfu-right :: 1920 dfu-bottom :: 1080
07-03 16:05:03.386 W/[11611.283236@0]- RTW(    0): fill_default_txdesc(wlan0): SP Packet(0x0806) rate=0x4 SeqNum = 1191
07-03 16:05:04.032 D/INSETS  ( 3835): else - Package Name ::  left : 0 right :: 0 top :: 0 bottom :: 0 dfu-right :: 1920 dfu-bottom :: 1080
07-03 16:05:04.205 D/ConnectivityService( 3835): requestNetwork for uid/pid:10066/20155 NetworkRequest [ TRACK_DEFAULT id=41, [ Capabilities: INTERNET&NOT_RESTRICTED&TRUSTED Uid: 10066 AdministratorUids: [] RequestorUid: 10066 RequestorPackageName: in.startv.hotstar] ]
07-03 16:05:04.205 D/ConnectivityService( 3835): NetReassign [41 : null  100]
07-03 16:05:06.863 D/INSETS  ( 3835): else - Package Name ::  left : 0 right :: 0 top :: 0 bottom :: 0 dfu-right :: 1920 dfu-bottom :: 1080
07-03 16:05:08.774 W/[11616.672830@0]- RTW(    0): fill_default_txdesc(wlan0): SP Packet(0x0806) rate=0x4 SeqNum = 1763
07-03 16:05:10.866 I/UsageStatsService( 3835): User[0] Flushing usage stats to disk
07-03 16:05:13.626 W/[11621.523856@0]- RTW(    0): fill_default_txdesc(wlan0): SP Packet(0x0806) rate=0x4 SeqNum = 2078
07-03 16:05:13.634 W/[11621.533173@2]- RTW(    0): fill_default_txdesc(wlan0): SP Packet(0x0806) rate=0x4 SeqNum = 2082
07-03 16:05:18.810 W/[11626.710473@1]- RTW(    0): fill_default_txdesc(wlan0): SP Packet(0x0806) rate=0x4 SeqNum = 2355
07-03 16:05:20.978 I/UsageStatsService( 3835): User[0] Flushing usage stats to disk
07-03 16:05:23.111 W/ActivityManager( 3835): Foreground service started from background can not have location/camera/microphone access: service com.jio.stbadservice/com.jio.pushstbadservice.InitService
07-03 16:05:23.154 W/[11631.052754@2]- RTW(    0): fill_default_txdesc(wlan0): SP Packet(0x0806) rate=0x4 SeqNum = 2603
07-03 16:05:23.131 W/ActivityManager( 3835): Foreground service started from background can not have location/camera/microphone access: service com.jio.stbadservice/com.jio.pushstbadservice.InitService
07-03 16:05:23.321 D/NotificationService( 3835): 0|com.jio.stbadservice|1233|null|10017: granting content://settings/system/notification_sound
07-03 16:05:23.323 I/chatty  ( 3835): uid=1000 system_server identical 2 lines
07-03 16:05:23.323 D/NotificationService( 3835): 0|com.jio.stbadservice|1233|null|10017: granting content://settings/system/notification_sound
07-03 16:05:23.337 W/NotificationHistory( 3835): Attempted to add notif for locked/gone/disabled user 0
07-03 16:05:27.846 I/[11635.744468@1]- resman(    0): 45 appname:OMX-40, type=0
07-03 16:05:27.883 W/[11635.782848@0]- audit(    0): audit_lost=4582 audit_rate_limit=5 audit_backlog_limit=64
07-03 16:05:27.883 E/[11635.782855@0]- audit(    0): rate limit exceeded
07-03 16:05:27.994 I/[11635.894367@2]- resman(    0): 45 acquire [codec_mm], preempt yes
07-03 16:05:27.994 I/[11635.894378@2]- resman(    0): 45 score 60 secure no
07-03 16:05:27.994 I/[11635.894383@2]- resman(    0): 45 acquire [codec_mm] success
07-03 16:05:27.994 D/        (    0): [11635.894456@2]- the demux           clock on, ref cnt: 2
07-03 16:05:27.994 D/        (    0): [11635.894461@2]- the parser_top      clock on, ref cnt: 2
07-03 16:05:27.994 D/        (    0): [11635.894471@2]- the vdec            clock on, ref cnt: 1
07-03 16:05:27.994 D/        (    0): [11635.894494@2]- the clk_vdec_mux    clock on, ref cnt: 1
07-03 16:05:27.994 D/        (    0): [11635.894525@2]- vdec mux clock is 499999992 Hz
07-03 16:05:27.994 D/        (    0): [11635.894664@2]- vdec_create instance 000000005bb206bb, total 1, PM: legacy
07-03 16:05:27.994 D/        (    0): [11635.894708@2]- no drmmode
07-03 16:05:27.995 I/        (    0): [11635.894768@2]- is_reset=0
07-03 16:05:28.001 I/        (    0): [11635.894797@2]- vdec_init, dev_name:ammvdec_h264, vdec_type=VDEC_TYPE_FRAME_BLOCK  id = 0
07-03 16:05:28.001 D/        (    0): [11635.895640@2]- ammvdec_h264_mmu_init tvp = 0x0 mmu_enable 0
07-03 16:05:28.001 D/        (    0): [11635.895647@2]- decoder_bmmu_box_alloc_box, tvp_flags = 0
07-03 16:05:28.001 D/[11635.895667@2]- 0(    0): ammvdec_h264_probe mmu_enable 0 double_write_mode 0x10
07-03 16:05:28.002 D/[11635.900656@1]- 0(    0): ammvdec_h264 mem-addr=0,buff_offset=56f10000,buf_start=56f00000
07-03 16:05:28.014 D/        (    0): [11635.900696@1]- vdec mux clock is 666666656 Hz
07-03 16:05:28.014 D/        (    0): [11635.900701@1]- vdec1 video changed to 3840 x 2160 60 fps clk->667MHZ
07-03 16:05:28.014 W/        (    0): [11635.900708@1]- H264 sysinfo: 1920x1080 duration=3200, pts_outside=1
07-03 16:05:28.014 D/        (    0): [11635.900712@1]- sync_outside=0, use_idr_framerate=0, is_used_v4l: 0
07-03 16:05:28.014 I/        (    0): [11635.900797@1]- [TEE], the fw (h264_multi) will be loaded.
07-03 16:05:28.014 D/        (    0): [11635.902916@3]- vh264_init, phy_addr=7446e000 vaddr=000000002ca846ec
07-03 16:05:28.014 D/        (    0): [11635.903429@3]- vfm map vdec-map-0 created
07-03 16:05:28.014 I/[11635.903451@3]- dim(    0): ch[1]:di_receiver_event_fun,8:_REG
07-03 16:05:28.014 I/[11635.903456@3]- dim(    0): reg:vdec.h264.00[35]
07-03 16:05:28.014 I/[11635.904556@3]- dim(    0): reg:use[1]ms
07-03 16:05:28.019 E/[11635.904581@3]- reg(    0): v4lvideo
07-03 16:05:28.019 I/[11635.904589@3]- dim(    0): ch[1]:di_receiver_event_fun,3:_START
07-03 16:05:28.019 D/        (    0): [11635.904594@3]- vdec_init, vf_provider_name = vdec.h264.00, b 0
07-03 16:05:28.020 I/        (    0): [11635.915326@0]- vdec->port_flag=0x102, port_flag=0x10b
07-03 16:05:28.021 D/[11635.919004@0]- v4lvid(    0): dbg: v4lvideo open
07-03 16:05:28.150 D/[11636.047822@3]- 0(    0): AV_SCRATCH_1 = 841fe078, AV_SCRATCH_2 1a023
07-03 16:05:28.151 D/[11636.047877@3]- 0(    0): chroma_format_idc = 1 frame_mbs_only_flag 1, crop_bottom 8,  frame_height 1080,
07-03 16:05:28.151 D/[11636.047882@3]- 0(    0): mb_height 68,crop_right 0, frame_width 1920, mb_width 120
07-03 16:05:28.151 D/[11636.047887@3]- 0(    0): level_idc = 40 pic_size = 3133440 size = 4
07-03 16:05:28.151 D/[11636.047892@3]- 0(    0): mb height/widht/total: 44/78/1fe0 level_idc 28 max_ref_num 4
07-03 16:05:28.222 D/[11636.047898@3]- 0(    0): restriction_flag=1, max_dec_frame_buffering=4, dec_dpb_size=6 num_reorder_frames 2 used_reorder_dpb_size_margin 9
07-03 16:05:28.222 D/[11636.047903@3]- 0(    0): vh264_set_params active_buf_spec_num 15 dec_dpb_size 6 collocate_buf_num 8
07-03 16:05:28.234 D/[11636.133948@1]- 0(    0): num_ref_frames change from 0 to 4
07-03 16:05:28.255 I/[11636.141096@1]- dim(    0): value reg:ch[1]:fix_buf:0;ponly <0,0>
07-03 16:05:28.255 I/[11636.141118@1]- dim(    0): di_cnt_i_buf1:tvp:0
07-03 16:05:28.255 I/[11636.141362@3]- v4lvideo(    0): provider name: vdec.h264.00
07-03 16:05:28.255 W/[11636.148837@0]s RTW(    0): fill_default_txdesc(wlan0): SP Packet(0x0806) rate=0x4 SeqNum = 3122
07-03 16:05:28.297 D/        (    0): [11636.167135@1]- cal_dur_from_pts vstatus 3840 dur3600 -> 3840, revised 3840
07-03 16:05:28.406 I/[11636.167378@1]- vframe_rate_uevent(    0): sent uevent FRAME_RATE_HINT=3840
07-03 16:05:28.406 E/[11636.174604@1]- dim(    0): err:mtsk_alloc_block2:timeout
07-03 16:05:28.440 D/[11636.179315@1]- dimh_patch_post_update_mc_sw(    0): 0x0->0x2
07-03 16:05:28.450 I/[11636.179438@1]- dim(    0): ch[1]:reg:mem cfg[5][5][0]
07-03 16:05:28.450 I/[11636.221811@1]- VID(    0): VD1 off
07-03 16:05:28.450 I/[11636.222008@1]- vc(    0): [0]vc: set enable index=0, val=1
07-03 16:05:28.450 I/        (    0): [11636.222025@1]- dev->index =0, val=2
07-03 16:05:28.450 I/[11636.222030@1]- VID(    0): VD1 off
07-03 16:05:28.450 I/[11636.222036@1]- VID(    0): VD1 set global output as 1
07-03 16:05:28.450 I/[11636.222108@1]- VID(    0): store VD0 path_id changed -1->2
07-03 16:05:28.450 I/[11636.222138@1]- vc(    0): [0]sideband_type =-1
07-03 16:05:28.450 I/[11636.302325@1]- dim(    0): pre cfg:ch[1]:11336204ms 1th source change:
07-03 16:05:28.450 I/[11636.302333@1]- dim(    0): source change:0x0/0/0/0=>0x8009/1920/1080/0
07-03 16:05:28.450 D/[11636.302351@1]- dimh_patch_post_update_mc_sw(    0): 0x2->0x3
07-03 16:05:28.966 W/[11636.863632@0]- RTW(    0): Turbo EDCA =0x431c
07-03 16:05:29.914 W/ActivityManager( 3835): Foreground service started from background can not have location/camera/microphone access: service com.jio.stbadservice/com.jio.pushservice.transporterutils.TransporterCommonService
07-03 16:05:29.997 W/ActivityManager( 3835): Foreground service started from background can not have location/camera/microphone access: service com.jio.stbadservice/com.jio.pushservice.transporterutils.TransporterCommonService
07-03 16:05:30.168 D/NotificationService( 3835): 0|com.jio.stbadservice|19080|null|10017: granting content://settings/system/notification_sound
07-03 16:05:30.173 I/chatty  ( 3835): uid=1000 system_server identical 2 lines
07-03 16:05:30.174 D/NotificationService( 3835): 0|com.jio.stbadservice|19080|null|10017: granting content://settings/system/notification_sound
07-03 16:05:30.228 W/NotificationHistory( 3835): Attempted to add notif for locked/gone/disabled user 0
07-03 16:05:31.087 I/UsageStatsService( 3835): User[0] Flushing usage stats to disk
07-03 16:05:33.290 W/[11641.189792@0]- RTW(    0): fill_default_txdesc(wlan0): SP Packet(0x0806) rate=0x4 SeqNum = 601
07-03 16:05:37.882 W/        (    0): [11645.779847@2]- [0] H264 EOS notify.
07-03 16:05:38.358 W/[11646.258352@3]- RTW(    0): fill_default_txdesc(wlan0): SP Packet(0x0806) rate=0x4 SeqNum = 790
07-03 16:05:38.688 I/        (    0): [11646.587982@3]- is_reset=1
07-03 16:05:38.690 I/[11646.588651@3]- vframe_rate_uevent(    0): sent uevent FRAME_RATE_HINT=0
07-03 16:05:38.691 I/[11646.589769@3]- dim(    0): ch[1]:di_receiver_event_fun,1:_UNREG
07-03 16:05:38.691 E/[11646.589782@3]- unreg(    0): v4lvideo
07-03 16:05:38.710 I/[11646.606638@1]- dim(    0): unreg:2keep[4], msk:[0x1d0,0x0]
07-03 16:05:38.710 D/[11646.606658@1]- dimh_patch_post_update_mc_sw(    0): 0x3->0x0
07-03 16:05:38.722 I/[11646.619448@3]- dim(    0): unreg:use[30]ms
07-03 16:05:38.722 D/        (    0): [11646.619480@3]- vdec_disable_DMC input->target= 0x0
07-03 16:05:38.722 D/[11646.619614@3]- 0(    0): vh264_stop
07-03 16:05:38.724 D/        (    0): [11646.623005@3]- vdec_release instance 000000005bb206bb, total 1 id = 0
07-03 16:05:38.724 D/        (    0): [11646.623193@3]- the clk_vdec_mux    clock off, ref cnt: 0
07-03 16:05:38.724 D/        (    0): [11646.623203@3]- the vdec            clock off, ref cnt: 0
07-03 16:05:38.724 D/        (    0): [11646.623207@3]- the parser_top      clock off, ref cnt: 1
07-03 16:05:38.724 D/        (    0): [11646.623211@3]- the demux           clock off, ref cnt: 1
07-03 16:05:38.724 D/        (    0): [11646.623334@3]- the demux           clock on, ref cnt: 2
07-03 16:05:38.724 D/        (    0): [11646.623339@3]- the parser_top      clock on, ref cnt: 2
07-03 16:05:38.724 D/        (    0): [11646.623347@3]- the vdec            clock on, ref cnt: 1
07-03 16:05:38.724 D/        (    0): [11646.623366@3]- the clk_vdec_mux    clock on, ref cnt: 1
07-03 16:05:38.724 D/        (    0): [11646.623401@3]- vdec mux clock is 499999992 Hz
07-03 16:05:38.725 D/        (    0): [11646.623473@3]- vdec_create instance 00000000ee606afc, total 1, PM: legacy
07-03 16:05:38.725 D/        (    0): [11646.623513@3]- no drmmode
07-03 16:05:38.725 I/        (    0): [11646.623543@3]- is_reset=1
07-03 16:05:38.727 I/        (    0): [11646.623571@3]- vdec_init, dev_name:ammvdec_h264, vdec_type=VDEC_TYPE_FRAME_BLOCK  id = 0
07-03 16:05:38.728 D/        (    0): [11646.624471@3]- ammvdec_h264_mmu_init tvp = 0x0 mmu_enable 0
07-03 16:05:38.728 D/        (    0): [11646.624478@3]- decoder_bmmu_box_alloc_box, tvp_flags = 0
07-03 16:05:38.728 D/[11646.624495@3]- 0(    0): ammvdec_h264_probe mmu_enable 0 double_write_mode 0x10
07-03 16:05:38.728 D/[11646.625702@3]- 0(    0): ammvdec_h264 mem-addr=0,buff_offset=56f10000,buf_start=56f00000
07-03 16:05:38.728 D/        (    0): [11646.625745@3]- vdec mux clock is 666666656 Hz
07-03 16:05:38.728 D/        (    0): [11646.625750@3]- vdec1 video changed to 3840 x 2160 60 fps clk->667MHZ
07-03 16:05:38.728 W/        (    0): [11646.625756@3]- H264 sysinfo: 1920x1080 duration=3200, pts_outside=1
07-03 16:05:38.728 D/        (    0): [11646.625760@3]- sync_outside=0, use_idr_framerate=0, is_used_v4l: 0
07-03 16:05:38.728 I/        (    0): [11646.625849@3]- [TEE], the fw (h264_multi) will be loaded.
07-03 16:05:38.732 D/        (    0): [11646.626685@3]- vh264_init, phy_addr=7446e000 vaddr=000000007179da57
07-03 16:05:38.732 D/        (    0): [11646.626822@3]- vfm map vdec-map-0 created
07-03 16:05:38.733 I/[11646.626843@3]- dim(    0): ch[1]:di_receiver_event_fun,8:_REG
07-03 16:05:38.733 I/[11646.626848@3]- dim(    0): reg:vdec.h264.00[36]
07-03 16:05:38.733 I/[11646.627405@3]- dim(    0): reg:use[1]ms
07-03 16:05:38.733 E/[11646.627429@3]- reg(    0): v4lvideo
07-03 16:05:38.733 I/[11646.627437@3]- dim(    0): ch[1]:di_receiver_event_fun,3:_START
07-03 16:05:38.734 D/        (    0): [11646.627442@3]- vdec_init, vf_provider_name = vdec.h264.00, b 0
07-03 16:05:38.734 I/        (    0): [11646.628259@3]- vdec->port_flag=0x102, port_flag=0x10b
07-03 16:05:38.734 I/        (    0): [11646.628354@3]- is_reset=0
07-03 16:05:38.736 I/[11646.635445@3]- vframe_rate_uevent(    0): sent uevent FRAME_RATE_HINT=0
07-03 16:05:38.736 I/[11646.635489@3]- dim(    0): ch[1]:di_receiver_event_fun,1:_UNREG
07-03 16:05:38.736 E/[11646.635501@3]- unreg(    0): v4lvideo
07-03 16:05:38.736 I/[11646.636347@0]- dim(    0): unreg:use[1]ms
07-03 16:05:38.737 D/        (    0): [11646.636381@0]- vdec_disable_DMC input->target= 0x0
07-03 16:05:38.737 D/[11646.636495@0]- 0(    0): vh264_stop
07-03 16:05:38.737 D/        (    0): [11646.637014@0]- vdec_release instance 00000000ee606afc, total 1 id = 0
07-03 16:05:38.739 D/        (    0): [11646.637181@0]- the clk_vdec_mux    clock off, ref cnt: 0
07-03 16:05:38.739 D/        (    0): [11646.637191@0]- the vdec            clock off, ref cnt: 0
07-03 16:05:38.739 D/        (    0): [11646.637195@0]- the parser_top      clock off, ref cnt: 1
07-03 16:05:38.739 D/        (    0): [11646.637199@0]- the demux           clock off, ref cnt: 1
07-03 16:05:38.739 D/        (    0): [11646.637223@0]d v4lvideo_release_map 0 OK
07-03 16:05:38.739 D/[11646.637314@0]- v4lvid(    0): dbg: vidioc_close!!!!
07-03 16:05:38.739 I/[11646.638345@0]- resman(    0): 45 release [codec_mm]
07-03 16:05:38.758 I/[11646.654741@1]- resman(    0): 46 appname:OMX-41, type=0
07-03 16:05:38.827 I/[11646.725765@2]- resman(    0): 46 acquire [codec_mm], preempt yes
07-03 16:05:38.827 I/[11646.725776@2]- resman(    0): 46 score 60 secure no
07-03 16:05:38.827 I/[11646.725781@2]- resman(    0): 46 acquire [codec_mm] success
07-03 16:05:38.827 D/        (    0): [11646.725809@2]- the demux           clock on, ref cnt: 2
07-03 16:05:38.827 D/        (    0): [11646.725814@2]- the parser_top      clock on, ref cnt: 2
07-03 16:05:38.827 D/        (    0): [11646.725824@2]- the vdec            clock on, ref cnt: 1
07-03 16:05:38.827 D/        (    0): [11646.725848@2]- the clk_hevc_mux    clock on, ref cnt: 1
07-03 16:05:38.827 D/        (    0): [11646.725853@2]- the clk_hevcb_mux   clock on, ref cnt: 1
07-03 16:05:38.827 D/        (    0): [11646.725885@2]- hevc mux clock is 499999992 Hz
07-03 16:05:38.827 D/        (    0): [11646.725900@2]- hevc back mux clock is 499999992 Hz
07-03 16:05:38.827 D/        (    0): [11646.726008@2]- vdec_create instance 0000000060a17339, total 1, PM: legacy
07-03 16:05:38.827 D/        (    0): [11646.726041@2]- no drmmode
07-03 16:05:38.827 I/        (    0): [11646.726062@2]- is_reset=0
07-03 16:05:38.827 I/        (    0): [11646.726088@2]- vdec_init, dev_name:ammvdec_h265, vdec_type=VDEC_TYPE_FRAME_BLOCK  id = 0
07-03 16:05:38.827 D/[11646.726921@2]- [0]pdata->config=hevc_buf_width(    0): 1920;hevc_buf_height:1088;hevc_buf_margin:0;hevc_double_write_mode:16;save_buffer_mode:0;
07-03 16:05:38.827 D/        (    0): [11646.726954@2]- decoder_bmmu_box_alloc_box, tvp_flags = 0
07-03 16:05:38.841 D/        (    0): [11646.728445@2]- [0]dynamic_buf_num_margin=9
07-03 16:05:38.844 D/        (    0): [11646.728453@2]- [0]double_write_mode=16
07-03 16:05:38.844 D/[11646.728462@2]- [0]h265(    0): pts_unstable=0
07-03 16:05:38.844 D/[11646.728467@2]- [0]h265(    0): ver (201602101,0) decinfo: 0x0 rate=3600
07-03 16:05:38.845 I/        (    0): [11646.730333@0]- [TEE], the fw (hevc_mmu) will be loaded.
07-03 16:05:38.845 D/        (    0): [11646.730386@0]- hevc mux clock is 666666656 Hz
07-03 16:05:38.845 D/        (    0): [11646.730402@0]- hevc back mux clock is 666666656 Hz
07-03 16:05:38.845 D/        (    0): [11646.730408@0]- hevc video changed to 3840 x 2160 60 fps clk->667MHZ
07-03 16:05:38.845 D/        (    0): [11646.730455@0]- vfm map vdec-map-0 created
07-03 16:05:38.845 I/[11646.730477@0]- dim(    0): ch[1]:di_receiver_event_fun,8:_REG
07-03 16:05:38.845 I/[11646.730482@0]- dim(    0): reg:vdec.h265.00[37]
07-03 16:05:38.845 I/[11646.731063@0]- dim(    0): reg:use[1]ms
07-03 16:05:38.850 E/[11646.731087@0]- reg(    0): v4lvideo
07-03 16:05:38.850 I/[11646.731096@0]- dim(    0): ch[1]:di_receiver_event_fun,3:_START
07-03 16:05:38.850 D/        (    0): [11646.731103@0]- vdec_init, vf_provider_name = vdec.h265.00, b 0
07-03 16:05:38.850 I/        (    0): [11646.732072@0]- vdec->port_flag=0x102, port_flag=0x10b
07-03 16:05:38.850 D/[11646.735151@0]- v4lvid(    0): dbg: v4lvideo open
07-03 16:05:38.859 E/        (    0): [11646.754926@3]- mmu box NULL !!!
07-03 16:05:38.859 D/        (    0): [11646.754940@3]- [0]vh265 cached=0  need_size=6144 speed= 28 ms
07-03 16:05:38.859 D/        (    0): [11646.755523@2]- [0]hevc->performance_profile 0
07-03 16:05:38.859 D/        (    0): [11646.755532@2]- [0]set pic_list_init_flag 1
07-03 16:05:38.899 D/        (    0): [11646.791255@2]- [0]init_buf_spec2 1920 1080
07-03 16:05:38.904 D/        (    0): [11646.791264@2]- [0]set pic_list_init_flag to 2
07-03 16:05:38.904 D/        (    0): [11646.791315@2]- [0]set pic_list_init_flag to 3
07-03 16:05:38.909 D/        (    0): [11646.791320@2]- [vdec_kpi][vh265_isr_thread_fn] First I frame coming.
07-03 16:05:38.909 D/[11646.795272@2]- [0]VH265(    0): output first frame
07-03 16:05:38.909 D/        (    0): [11646.795295@2]- [vdec_kpi][post_video_frame] First I frame decoded.
07-03 16:05:38.909 I/[11646.795370@1]- dim(    0): value reg:ch[1]:fix_buf:0;ponly <0,0>
07-03 16:05:38.909 I/[11646.795380@1]- dim(    0): 1920x1080-0x9000.
07-03 16:05:38.912 I/[11646.795570@1]- v4lvideo(    0): provider name: vdec.h265.00
07-03 16:05:38.927 D/        (    0): [11646.826195@0]- cal_dur_from_pts vstatus 3840 dur3600 -> 3840, revised 3840
07-03 16:05:38.936 I/[11646.830838@0]- vframe_rate_uevent(    0): sent uevent FRAME_RATE_HINT=3840
07-03 16:05:39.046 W/[11646.943462@3]- RTW(    0): Turbo EDCA =0x5ea42b
07-03 16:05:39.502 I/        (    0): [11647.401605@3]- is_reset=1
07-03 16:05:39.502 I/[11647.401916@3]- vframe_rate_uevent(    0): sent uevent FRAME_RATE_HINT=0
07-03 16:05:39.502 I/[11647.402277@1]- dim(    0): ch[1]:di_receiver_event_fun,1:_UNREG
07-03 16:05:39.502 E/[11647.402316@1]- unreg(    0): v4lvideo
07-03 16:05:39.502 I/[11647.402378@1]- dim(    0): unreg:2keep[4], msk:[0x0,0x0]
07-03 16:05:39.520 I/[11647.413912@3]- dim(    0): unreg:use[11]ms
07-03 16:05:39.520 D/        (    0): [11647.413943@3]- vdec_disable_DMC input->target= 0x1
07-03 16:05:39.520 D/        (    0): [11647.417273@1]- vdec_release instance 0000000060a17339, total 1 id = 0
07-03 16:05:39.520 D/        (    0): [11647.417608@1]- the clk_hevc_mux    clock off, ref cnt: 0
07-03 16:05:39.520 D/        (    0): [11647.417616@1]- the clk_hevcb_mux   clock off, ref cnt: 0
07-03 16:05:39.520 D/        (    0): [11647.417766@1]- the vdec            clock off, ref cnt: 0
07-03 16:05:39.520 D/        (    0): [11647.417773@1]- the parser_top      clock off, ref cnt: 1
07-03 16:05:39.520 D/        (    0): [11647.417776@1]- the demux           clock off, ref cnt: 1
07-03 16:05:39.520 D/        (    0): [11647.417845@1]- the demux           clock on, ref cnt: 2
07-03 16:05:39.520 D/        (    0): [11647.417849@1]- the parser_top      clock on, ref cnt: 2
07-03 16:05:39.520 D/        (    0): [11647.417857@1]- the vdec            clock on, ref cnt: 1
07-03 16:05:39.520 D/        (    0): [11647.417879@1]- the clk_hevc_mux    clock on, ref cnt: 1
07-03 16:05:39.520 D/        (    0): [11647.417883@1]- the clk_hevcb_mux   clock on, ref cnt: 1
07-03 16:05:39.520 D/        (    0): [11647.417915@1]- hevc mux clock is 499999992 Hz
07-03 16:05:39.520 D/        (    0): [11647.417931@1]- hevc back mux clock is 499999992 Hz
07-03 16:05:39.520 D/        (    0): [11647.418018@1]- vdec_create instance 0000000026e6d1e0, total 1, PM: legacy
07-03 16:05:39.520 D/        (    0): [11647.418058@1]- no drmmode
07-03 16:05:39.520 I/        (    0): [11647.418094@1]- is_reset=1
07-03 16:05:39.520 I/        (    0): [11647.418121@1]- vdec_init, dev_name:ammvdec_h265, vdec_type=VDEC_TYPE_FRAME_BLOCK  id = 0
07-03 16:05:39.520 D/[11647.418873@1]- [0]pdata->config=hevc_buf_width(    0): 1920;hevc_buf_height:1088;hevc_buf_margin:0;hevc_double_write_mode:16;save_buffer_mode:0;
07-03 16:05:39.521 D/        (    0): [11647.418905@1]- decoder_bmmu_box_alloc_box, tvp_flags = 0
07-03 16:05:39.521 D/        (    0): [11647.419298@3]- [0]dynamic_buf_num_margin=9
07-03 16:05:39.521 D/        (    0): [11647.419305@3]- [0]double_write_mode=16
07-03 16:05:39.521 D/[11647.419314@3]- [0]h265(    0): pts_unstable=0
07-03 16:05:39.521 D/[11647.419320@3]- [0]h265(    0): ver (201602101,0) decinfo: 0x0 rate=3600
07-03 16:05:39.521 I/        (    0): [11647.420484@2]- [TEE], the fw (hevc_mmu) will be loaded.
07-03 16:05:39.521 D/        (    0): [11647.420534@2]- hevc mux clock is 666666656 Hz
07-03 16:05:39.521 D/        (    0): [11647.420551@2]- hevc back mux clock is 666666656 Hz
07-03 16:05:39.521 D/        (    0): [11647.420557@2]- hevc video changed to 3840 x 2160 60 fps clk->667MHZ
07-03 16:05:39.521 D/        (    0): [11647.420600@2]- vfm map vdec-map-0 created
07-03 16:05:39.521 I/[11647.420621@2]- dim(    0): ch[1]:di_receiver_event_fun,8:_REG
07-03 16:05:39.521 I/[11647.420626@2]- dim(    0): reg:vdec.h265.00[38]
07-03 16:05:39.521 I/[11647.421232@3]- dim(    0): reg:use[1]ms
