--------- beginning of kernel
06-19 14:42:03.786 W/[   20.771796@3]- RTW(    0): [HW_VAR_ENABLE_RX_BAR] 0x6A2=0x100
06-19 14:42:03.816 W/[   20.800108@0]- RTW(    0): wlan0: hw_port(0) will set mode to 2
06-19 14:42:03.816 W/[   20.800588@3]- RTW(    0): set_opmode_port0(wlan0): hw_port(0) mode=2
06-19 14:42:03.816 W/[   20.801197@3]- RTW(    0): rtw_dyn_soml_config.
06-19 14:42:03.816 W/[   20.801203@3]- RTW(    0): rtw_dyn_soml_para_set.
06-19 14:42:03.816 W/[   20.801206@3]- RTW(    0): dyn_soml_en = 1
06-19 14:42:03.816 W/[   20.801211@3]- RTW(    0): rtw_hal_init: padapter->registrypriv.set_rrsr_value=0xffffffff
06-19 14:42:03.816 W/[   20.801217@3]- RTW(    0): MAC Address = 2c:73:60:db:c0:84
06-19 14:42:03.816 W/[   20.801227@3]- RTW(    0): _netdev_vir_if_open(p2p0) , bup=0
06-19 14:42:03.816 W/[   20.801231@3]- RTW(    0): rtw_start_drv_threads(p2p0) enter
06-19 14:42:03.816 W/[   20.801235@3]- RTW(    0): _run_thread(p2p0) start RTWHALXT
06-19 14:42:03.816 W/[   20.801488@0]- RTW(    0): _netdev_vir_if_open(p2p0) (bup=1) exit
06-19 14:42:03.816 W/[   20.801493@0]- RTW(    0): -871x_drv - drv_open, bup=1
06-19 14:42:03.816 W/[   20.801628@0]- RTW(    0): start rtl8822bs_xmit_thread(p2p0)
06-19 14:42:03.816 W/[   20.801646@0]- RTW(    0): cfg80211_rtw_set_power_mgmt(wlan0) enabled:1, timeout:-1
06-19 14:42:03.816 I/[   20.801668@0]- IPv6(    0): ADDRCONF(NETDEV_UP): wlan0: link is not ready
06-19 14:42:03.816 W/[   20.801675@0]- RTW(    0): rtw_ndev_notifier_call(wlan0) state:1
06-19 14:42:03.825 I/[   20.806946@3]- IPv6(    0): ADDRCONF(NETDEV_UP): eth0: link is not ready
06-19 14:42:03.833 W/[   20.815304@0]- RTW(    0): rtw_cfgvendor_set_nodfs_flag nodfs=0, err=0
06-19 14:42:03.868 W/[   20.852240@3]- RTW(    0): cfg80211_rtw_get_txpower(p2p0) total max: -10000 mbm
06-19 14:42:03.868 W/[   20.852249@3]- RTW(    0): cfg80211_rtw_get_txpower(wlan0) total max: -10000 mbm
06-19 14:42:04.036 I/[   21.021550@2]- capability(    0): warning: `wpa_supplicant' uses 32-bit capabilities (legacy support in use)
06-19 14:42:04.132 I/        (    0): [   21.116333@1]- sdcardfs version 2.0
06-19 14:42:04.132 I/[   21.116339@1]- sdcardfs(    0): dev_name -> /data/media
06-19 14:42:04.132 I/[   21.116343@1]- sdcardfs(    0): options -> fsuid=1023,fsgid=1023,multiuser,derive_gid,default_normal,unshared_obb,mask=6,userid=0,gid=1015
06-19 14:42:04.132 I/[   21.116347@1]- sdcardfs(    0): mnt -> 00000000742010d2
06-19 14:42:04.132 I/[   21.116407@1]- sdcardfs(    0): mounted on top of /data/media type ext4
06-19 14:42:04.138 I/        (    0): [   21.120731@1]- Remount options were mask=23,gid=9997 for vfsmnt 000000003460e4e2.
06-19 14:42:04.138 I/[   21.120745@1]- sdcardfs(    0): options - debug:1
06-19 14:42:04.138 I/[   21.120749@1]- sdcardfs(    0): options - gid:9997
06-19 14:42:04.138 I/[   21.120752@1]- sdcardfs(    0): options - mask:23
06-19 14:42:04.138 I/        (    0): [   21.122909@1]- Remount options were mask=7,gid=9997 for vfsmnt 000000000b38dfc5.
06-19 14:42:04.138 I/[   21.122921@1]- sdcardfs(    0): options - debug:1
06-19 14:42:04.138 I/[   21.122925@1]- sdcardfs(    0): options - gid:9997
06-19 14:42:04.138 I/[   21.122928@1]- sdcardfs(    0): options - mask:7
06-19 14:42:04.138 I/        (    0): [   21.123969@1]- Remount options were mask=7,gid=9997 for vfsmnt 00000000ecbba508.
06-19 14:42:04.138 I/[   21.123981@1]- sdcardfs(    0): options - debug:1
06-19 14:42:04.138 I/[   21.123984@1]- sdcardfs(    0): options - gid:9997
06-19 14:42:04.138 I/[   21.123987@1]- sdcardfs(    0): options - mask:7
06-19 14:42:04.148 W/[   21.131164@3]- RTW(    0): cfg80211_rtw_get_txpower(wlan0) total max: -10000 mbm
06-19 14:42:04.163 W/[   21.131374@3]- RTW(    0): cfg80211_rtw_get_txpower(wlan0) total max: -10000 mbm
06-19 14:42:04.163 W/[   21.132147@3]- RTW(    0): cfg80211_rtw_get_txpower(wlan0) total max: -10000 mbm
06-19 14:42:04.163 W/[   21.132265@3]- RTW(    0): cfg80211_rtw_get_txpower(wlan0) total max: -10000 mbm
06-19 14:42:04.163 W/[   21.141967@3]- RTW(    0): cfg80211_rtw_get_txpower(wlan0) total max: -10000 mbm
06-19 14:42:04.163 W/[   21.142178@3]- RTW(    0): rtw_ndev_notifier_call(wlan0) state:4
06-19 14:42:04.200 W/[   21.184096@0]- RTW(    0): cfg80211_rtw_flush_pmksa(wlan0)
--------- beginning of system
06-19 14:42:04.340 V/BackupManagerConstants( 3839): getKeyValueBackupIntervalMilliseconds(...) returns 14400000
06-19 14:42:04.340 V/BackupManagerConstants( 3839): getKeyValueBackupFuzzMilliseconds(...) returns 600000
06-19 14:42:04.340 V/BackupManagerConstants( 3839): getKeyValueBackupRequiredNetworkType(...) returns 1
06-19 14:42:04.340 V/BackupManagerConstants( 3839): getKeyValueBackupRequireCharging(...) returns true
06-19 14:42:04.343 W/ActivityManager( 3839): Slow operation: 112ms so far, now at startProcess: returned from zygote!
06-19 14:42:04.345 W/ActivityManager( 3839): Slow operation: 114ms so far, now at startProcess: done updating battery stats
06-19 14:42:04.346 W/ActivityManager( 3839): Slow operation: 114ms so far, now at startProcess: building log message
06-19 14:42:04.346 I/ActivityManager( 3839): Start proc 4744:com.rjil.jio.stb.commandreceiver/1000 for added application com.rjil.jio.stb.commandreceiver
06-19 14:42:04.346 W/ActivityManager( 3839): Slow operation: 114ms so far, now at startProcess: starting to update pids map
06-19 14:42:04.346 W/ActivityManager( 3839): Slow operation: 115ms so far, now at startProcess: done updating pids map
06-19 14:42:04.346 W/ActivityManager( 3839): Slow operation: 111ms so far, now at startProcess: asking zygote to start proc
06-19 14:42:04.346 D/CompatibilityChangeReporter( 3839): Compat change id reported: 143937733; UID 10050; state: ENABLED
06-19 14:42:04.355 V/BackupManagerService( 3839): [UserID:0] No ancestral data
06-19 14:42:04.363 I/[   21.347960@2]- audio_dsp(    0): dts_dec_control/0x0
06-19 14:42:04.364 I/ActivityManager( 3839): Posting BOOT_COMPLETED user #0
06-19 14:42:04.367 I/DropBoxManagerService( 3839): add tag=system_server_strictmode isTagEnabled=true flags=0x2
06-19 14:42:04.410 V/KeyValueBackupJob( 3839): Scheduling k/v pass in 243 minutes
06-19 14:42:04.425 W/ActivityManager( 3839): Slow operation: 189ms so far, now at startProcess: returned from zygote!
06-19 14:42:04.467 I/SystemServerTimingAsync( 3839): ssm.UnlockedUser-0
06-19 14:42:04.467 I/SystemServiceManager( 3839): Calling onUnlockedUser 0
06-19 14:42:04.467 I/SystemServerTimingAsync( 3839): ssm.onUnlockedUser-0_com.android.server.security.FileIntegrityService
06-19 14:42:04.467 D/SystemServerTimingAsync( 3839): ssm.onUnlockedUser-0_com.android.server.security.FileIntegrityService took to complete: 0ms
06-19 14:42:04.467 I/SystemServerTimingAsync( 3839): ssm.onUnlockedUser-0_com.android.server.pm.Installer
06-19 14:42:04.467 D/SystemServerTimingAsync( 3839): ssm.onUnlockedUser-0_com.android.server.pm.Installer took to complete: 0ms
06-19 14:42:04.467 I/SystemServerTimingAsync( 3839): ssm.onUnlockedUser-0_com.android.server.os.DeviceIdentifiersPolicyService
06-19 14:42:04.467 D/SystemServerTimingAsync( 3839): ssm.onUnlockedUser-0_com.android.server.os.DeviceIdentifiersPolicyService took to complete: 0ms
06-19 14:42:04.467 I/SystemServerTimingAsync( 3839): ssm.onUnlockedUser-0_com.android.server.uri.UriGrantsManagerService$Lifecycle
06-19 14:42:04.467 D/SystemServerTimingAsync( 3839): ssm.onUnlockedUser-0_com.android.server.uri.UriGrantsManagerService$Lifecycle took to complete: 0ms
06-19 14:42:04.467 I/SystemServerTimingAsync( 3839): ssm.onUnlockedUser-0_com.android.server.wm.ActivityTaskManagerService$Lifecycle
06-19 14:42:04.467 D/SystemServerTimingAsync( 3839): ssm.onUnlockedUser-0_com.android.server.wm.ActivityTaskManagerService$Lifecycle took to complete: 0ms
06-19 14:42:04.467 I/SystemServerTimingAsync( 3839): ssm.onUnlockedUser-0_com.android.server.am.ActivityManagerService$Lifecycle
06-19 14:42:04.467 D/SystemServerTimingAsync( 3839): ssm.onUnlockedUser-0_com.android.server.am.ActivityManagerService$Lifecycle took to complete: 0ms
06-19 14:42:04.467 I/SystemServerTimingAsync( 3839): ssm.onUnlockedUser-0_com.android.server.pm.DataLoaderManagerService
06-19 14:42:04.467 W/StorageManagerService( 3839): Reporting emulated;0 unmounted due to system locked
06-19 14:42:04.468 D/SystemServerTimingAsync( 3839): ssm.onUnlockedUser-0_com.android.server.pm.DataLoaderManagerService took to complete: 0ms
06-19 14:42:04.468 W/ActivityManager( 3839): Slow operation: 233ms so far, now at startProcess: done updating battery stats
06-19 14:42:04.468 W/ActivityManager( 3839): Slow operation: 233ms so far, now at startProcess: building log message
06-19 14:42:04.469 I/ActivityManager( 3839): Start proc 4769:com.jio.stb.tifextn/u0a50 for added application com.jio.stb.tifextn
06-19 14:42:04.469 W/ActivityManager( 3839): Slow operation: 233ms so far, now at startProcess: starting to update pids map
06-19 14:42:04.469 W/ActivityManager( 3839): Slow operation: 233ms so far, now at startProcess: done updating pids map
06-19 14:42:04.469 W/ActivityManager( 3839): Slow operation: 228ms so far, now at startProcess: asking zygote to start proc
06-19 14:42:04.469 I/SystemServerTimingAsync( 3839): ssm.onUnlockedUser-0_com.android.server.power.PowerManagerService
06-19 14:42:04.469 D/SystemServerTimingAsync( 3839): ssm.onUnlockedUser-0_com.android.server.power.PowerManagerService took to complete: 0ms
06-19 14:42:04.469 I/SystemServerTimingAsync( 3839): ssm.onUnlockedUser-0_com.android.server.power.ThermalManagerService
06-19 14:42:04.469 D/SystemServerTimingAsync( 3839): ssm.onUnlockedUser-0_com.android.server.power.ThermalManagerService took to complete: 0ms
06-19 14:42:04.469 I/SystemServerTimingAsync( 3839): ssm.onUnlockedUser-0_com.android.server.recoverysystem.RecoverySystemService$Lifecycle
06-19 14:42:04.469 D/SystemServerTimingAsync( 3839): ssm.onUnlockedUser-0_com.android.server.recoverysystem.RecoverySystemService$Lifecycle took to complete: 0ms
06-19 14:42:04.469 I/SystemServerTimingAsync( 3839): ssm.onUnlockedUser-0_com.android.server.lights.LightsService
06-19 14:42:04.470 D/SystemServerTimingAsync( 3839): ssm.onUnlockedUser-0_com.android.server.lights.LightsService took to complete: 0ms
06-19 14:42:04.470 I/SystemServerTimingAsync( 3839): ssm.onUnlockedUser-0_com.android.server.display.DisplayManagerService
06-19 14:42:04.470 D/SystemServerTimingAsync( 3839): ssm.onUnlockedUser-0_com.android.server.display.DisplayManagerService took to complete: 0ms
06-19 14:42:04.470 I/SystemServerTimingAsync( 3839): ssm.onUnlockedUser-0_com.android.server.pm.UserManagerService$LifeCycle
06-19 14:42:04.470 D/SystemServerTimingAsync( 3839): ssm.onUnlockedUser-0_com.android.server.pm.UserManagerService$LifeCycle took to complete: 0ms
06-19 14:42:04.470 I/SystemServerTimingAsync( 3839): ssm.onUnlockedUser-0_com.android.server.om.OverlayManagerService
06-19 14:42:04.470 D/SystemServerTimingAsync( 3839): ssm.onUnlockedUser-0_com.android.server.om.OverlayManagerService took to complete: 0ms
06-19 14:42:04.470 I/SystemServerTimingAsync( 3839): ssm.onUnlockedUser-0_com.android.server.SensorPrivacyService
06-19 14:42:04.470 D/SystemServerTimingAsync( 3839): ssm.onUnlockedUser-0_com.android.server.SensorPrivacyService took to complete: 0ms
06-19 14:42:04.470 I/SystemServerTimingAsync( 3839): ssm.onUnlockedUser-0_com.android.server.SystemConfigService
06-19 14:42:04.470 D/SystemServerTimingAsync( 3839): ssm.onUnlockedUser-0_com.android.server.SystemConfigService took to complete: 0ms
06-19 14:42:04.470 I/SystemServerTimingAsync( 3839): ssm.onUnlockedUser-0_com.android.server.BatteryService
06-19 14:42:04.470 D/SystemServerTimingAsync( 3839): ssm.onUnlockedUser-0_com.android.server.BatteryService took to complete: 0ms
06-19 14:42:04.470 I/SystemServerTimingAsync( 3839): ssm.onUnlockedUser-0_com.android.server.usage.UsageStatsService
06-19 14:42:04.470 D/SystemServerTimingAsync( 3839): ssm.onUnlockedUser-0_com.android.server.usage.UsageStatsService took to complete: 0ms
06-19 14:42:04.470 I/SystemServerTimingAsync( 3839): ssm.onUnlockedUser-0_com.android.server.webkit.WebViewUpdateService
06-19 14:42:04.471 W/StorageManagerService( 3839): Reporting emulated;0 unmounted due to system locked
06-19 14:42:04.472 D/SystemServerTimingAsync( 3839): ssm.onUnlockedUser-0_com.android.server.webkit.WebViewUpdateService took to complete: 2ms
06-19 14:42:04.473 I/SystemServerTimingAsync( 3839): ssm.onUnlockedUser-0_com.android.server.CachedDeviceStateService
06-19 14:42:04.473 D/SystemServerTimingAsync( 3839): ssm.onUnlockedUser-0_com.android.server.CachedDeviceStateService took to complete: 0ms
06-19 14:42:04.473 I/SystemServerTimingAsync( 3839): ssm.onUnlockedUser-0_com.android.server.BinderCallsStatsService$LifeCycle
06-19 14:42:04.473 D/SystemServerTimingAsync( 3839): ssm.onUnlockedUser-0_com.android.server.BinderCallsStatsService$LifeCycle took to complete: 0ms
06-19 14:42:04.473 I/SystemServerTimingAsync( 3839): ssm.onUnlockedUser-0_com.android.server.LooperStatsService$Lifecycle
06-19 14:42:04.473 D/SystemServerTimingAsync( 3839): ssm.onUnlockedUser-0_com.android.server.LooperStatsService$Lifecycle took to complete: 1ms
06-19 14:42:04.473 I/SystemServerTimingAsync( 3839): ssm.onUnlockedUser-0_com.android.server.rollback.RollbackManagerService
06-19 14:42:04.473 D/SystemServerTimingAsync( 3839): ssm.onUnlockedUser-0_com.android.server.rollback.RollbackManagerService took to complete: 0ms
06-19 14:42:04.473 I/SystemServerTimingAsync( 3839): ssm.onUnlockedUser-0_com.android.server.os.BugreportManagerService
06-19 14:42:04.473 D/SystemServerTimingAsync( 3839): ssm.onUnlockedUser-0_com.android.server.os.BugreportManagerService took to complete: 0ms
06-19 14:42:04.473 I/SystemServerTimingAsync( 3839): ssm.onUnlockedUser-0_com.android.server.gpu.GpuService
06-19 14:42:04.473 D/SystemServerTimingAsync( 3839): ssm.onUnlockedUser-0_com.android.server.gpu.GpuService took to complete: 0ms
06-19 14:42:04.473 I/SystemServerTimingAsync( 3839): ssm.onUnlockedUser-0_com.android.server.security.KeyChainSystemService
06-19 14:42:04.474 D/SystemServerTimingAsync( 3839): ssm.onUnlockedUser-0_com.android.server.security.KeyChainSystemService took to complete: 0ms
06-19 14:42:04.474 I/SystemServerTimingAsync( 3839): ssm.onUnlockedUser-0_com.android.server.telecom.TelecomLoaderService
06-19 14:42:04.474 D/SystemServerTimingAsync( 3839): ssm.onUnlockedUser-0_com.android.server.telecom.TelecomLoaderService took to complete: 0ms
06-19 14:42:04.474 I/SystemServerTimingAsync( 3839): ssm.onUnlockedUser-0_com.android.server.accounts.AccountManagerService$Lifecycle
06-19 14:42:04.474 D/SystemServerTimingAsync( 3839): ssm.onUnlockedUser-0_com.android.server.accounts.AccountManagerService$Lifecycle took to complete: 0ms
06-19 14:42:04.474 I/SystemServerTimingAsync( 3839): ssm.onUnlockedUser-0_com.android.server.content.ContentService$Lifecycle
06-19 14:42:04.474 D/SystemServerTimingAsync( 3839): ssm.onUnlockedUser-0_com.android.server.content.ContentService$Lifecycle took to complete: 0ms
06-19 14:42:04.474 I/SystemServerTimingAsync( 3839): ssm.onUnlockedUser-0_com.android.server.DropBoxManagerService
06-19 14:42:04.474 D/SystemServerTimingAsync( 3839): ssm.onUnlockedUser-0_com.android.server.DropBoxManagerService took to complete: 0ms
06-19 14:42:04.474 I/SystemServerTimingAsync( 3839): ssm.onUnlockedUser-0_com.android.server.AlarmManagerService
06-19 14:42:04.474 D/SystemServerTimingAsync( 3839): ssm.onUnlockedUser-0_com.android.server.AlarmManagerService took to complete: 0ms
06-19 14:42:04.474 I/SystemServerTimingAsync( 3839): ssm.onUnlockedUser-0_com.android.server.BluetoothService
06-19 14:42:04.474 D/SystemServerTimingAsync( 3839): ssm.onUnlockedUser-0_com.android.server.BluetoothService took to complete: 0ms
06-19 14:42:04.474 I/SystemServerTimingAsync( 3839): ssm.onUnlockedUser-0_com.android.server.connectivity.IpConnectivityMetrics
06-19 14:42:04.474 D/SystemServerTimingAsync( 3839): ssm.onUnlockedUser-0_com.android.server.connectivity.IpConnectivityMetrics took to complete: 0ms
06-19 14:42:04.474 I/SystemServerTimingAsync( 3839): ssm.onUnlockedUser-0_com.android.server.net.watchlist.NetworkWatchlistService$Lifecycle
06-19 14:42:04.474 D/SystemServerTimingAsync( 3839): ssm.onUnlockedUser-0_com.android.server.net.watchlist.NetworkWatchlistService$Lifecycle took to complete: 0ms
06-19 14:42:04.474 I/SystemServerTimingAsync( 3839): ssm.onUnlockedUser-0_com.android.server.PinnerService
06-19 14:42:04.474 D/SystemServerTimingAsync( 3839): ssm.onUnlockedUser-0_com.android.server.PinnerService took to complete: 0ms
06-19 14:42:04.474 I/SystemServerTimingAsync( 3839): ssm.onUnlockedUser-0_com.google.android.startop.iorap.IorapForwardingService
06-19 14:42:04.474 D/SystemServerTimingAsync( 3839): ssm.onUnlockedUser-0_com.google.android.startop.iorap.IorapForwardingService took to complete: 0ms
06-19 14:42:04.474 I/SystemServerTimingAsync( 3839): ssm.onUnlockedUser-0_com.android.server.integrity.AppIntegrityManagerService
06-19 14:42:04.474 D/SystemServerTimingAsync( 3839): ssm.onUnlockedUser-0_com.android.server.integrity.AppIntegrityManagerService took to complete: 0ms
06-19 14:42:04.474 I/SystemServerTimingAsync( 3839): ssm.onUnlockedUser-0_com.android.server.inputmethod.InputMethodManagerService$Lifecycle
06-19 14:42:04.474 D/SystemServerTimingAsync( 3839): ssm.onUnlockedUser-0_com.android.server.inputmethod.InputMethodManagerService$Lifecycle took to complete: 0ms
06-19 14:42:04.474 I/SystemServerTimingAsync( 3839): ssm.onUnlockedUser-0_com.android.server.accessibility.AccessibilityManagerService$Lifecycle
06-19 14:42:04.475 D/SystemServerTimingAsync( 3839): ssm.onUnlockedUser-0_com.android.server.accessibility.AccessibilityManagerService$Lifecycle took to complete: 0ms
06-19 14:42:04.475 I/SystemServerTimingAsync( 3839): ssm.onUnlockedUser-0_com.android.server.StorageManagerService$Lifecycle
06-19 14:42:04.475 D/SystemServerTimingAsync( 3839): ssm.onUnlockedUser-0_com.android.server.StorageManagerService$Lifecycle took to complete: 0ms
06-19 14:42:04.475 I/SystemServerTimingAsync( 3839): ssm.onUnlockedUser-0_com.android.server.usage.StorageStatsService$Lifecycle
06-19 14:42:04.475 D/SystemServerTimingAsync( 3839): ssm.onUnlockedUser-0_com.android.server.usage.StorageStatsService$Lifecycle took to complete: 0ms
06-19 14:42:04.475 I/SystemServerTimingAsync( 3839): ssm.onUnlockedUser-0_com.android.server.UiModeManagerService
06-19 14:42:04.475 D/SystemServerTimingAsync( 3839): ssm.onUnlockedUser-0_com.android.server.UiModeManagerService took to complete: 0ms
06-19 14:42:04.475 I/SystemServerTimingAsync( 3839): ssm.onUnlockedUser-0_com.android.server.locksettings.LockSettingsService$Lifecycle
06-19 14:42:04.475 D/SystemServerTimingAsync( 3839): ssm.onUnlockedUser-0_com.android.server.locksettings.LockSettingsService$Lifecycle took to complete: 0ms
06-19 14:42:04.475 I/SystemServerTimingAsync( 3839): ssm.onUnlockedUser-0_com.android.server.testharness.TestHarnessModeService
06-19 14:42:04.475 D/SystemServerTimingAsync( 3839): ssm.onUnlockedUser-0_com.android.server.testharness.TestHarnessModeService took to complete: 0ms
06-19 14:42:04.475 I/SystemServerTimingAsync( 3839): ssm.onUnlockedUser-0_com.android.server.oemlock.OemLockService
06-19 14:42:04.475 D/SystemServerTimingAsync( 3839): ssm.onUnlockedUser-0_com.android.server.oemlock.OemLockService took to complete: 0ms
06-19 14:42:04.475 I/SystemServerTimingAsync( 3839): ssm.onUnlockedUser-0_com.android.server.DeviceIdleController
06-19 14:42:04.475 D/SystemServerTimingAsync( 3839): ssm.onUnlockedUser-0_com.android.server.DeviceIdleController took to complete: 0ms
06-19 14:42:04.475 I/SystemServerTimingAsync( 3839): ssm.onUnlockedUser-0_com.android.server.devicepolicy.DevicePolicyManagerService$Lifecycle
06-19 14:42:04.475 D/SystemServerTimingAsync( 3839): ssm.onUnlockedUser-0_com.android.server.devicepolicy.DevicePolicyManagerService$Lifecycle took to complete: 0ms
06-19 14:42:04.475 I/SystemServerTimingAsync( 3839): ssm.onUnlockedUser-0_com.android.server.textservices.TextServicesManagerService$Lifecycle
06-19 14:42:04.475 D/SystemServerTimingAsync( 3839): ssm.onUnlockedUser-0_com.android.server.textservices.TextServicesManagerService$Lifecycle took to complete: 0ms
06-19 14:42:04.475 I/SystemServerTimingAsync( 3839): ssm.onUnlockedUser-0_com.android.server.textclassifier.TextClassificationManagerService$Lifecycle
06-19 14:42:04.475 D/SystemServerTimingAsync( 3839): ssm.onUnlockedUser-0_com.android.server.textclassifier.TextClassificationManagerService$Lifecycle took to complete: 0ms
06-19 14:42:04.475 I/SystemServerTimingAsync( 3839): ssm.onUnlockedUser-0_com.android.server.NetworkScoreService$Lifecycle
06-19 14:42:04.475 D/SystemServerTimingAsync( 3839): ssm.onUnlockedUser-0_com.android.server.NetworkScoreService$Lifecycle took to complete: 0ms
06-19 14:42:04.475 I/SystemServerTimingAsync( 3839): ssm.onUnlockedUser-0_com.android.server.wifi.WifiService
06-19 14:42:04.475 D/SystemServerTimingAsync( 3839): ssm.onUnlockedUser-0_com.android.server.wifi.WifiService took to complete: 0ms
06-19 14:42:04.475 I/SystemServerTimingAsync( 3839): ssm.onUnlockedUser-0_com.android.server.wifi.scanner.WifiScanningService
06-19 14:42:04.475 D/SystemServerTimingAsync( 3839): ssm.onUnlockedUser-0_com.android.server.wifi.scanner.WifiScanningService took to complete: 0ms
06-19 14:42:04.476 I/SystemServerTimingAsync( 3839): ssm.onUnlockedUser-0_com.android.server.wifi.p2p.WifiP2pService
06-19 14:42:04.476 D/SystemServerTimingAsync( 3839): ssm.onUnlockedUser-0_com.android.server.wifi.p2p.WifiP2pService took to complete: 0ms
06-19 14:42:04.476 I/SystemServerTimingAsync( 3839): ssm.onUnlockedUser-0_com.android.server.ethernet.EthernetService
06-19 14:42:04.476 D/SystemServerTimingAsync( 3839): ssm.onUnlockedUser-0_com.android.server.ethernet.EthernetService took to complete: 0ms
06-19 14:42:04.476 I/SystemServerTimingAsync( 3839): ssm.onUnlockedUser-0_com.android.server.notification.NotificationManagerService
06-19 14:42:04.476 D/SystemServerTimingAsync( 3839): ssm.onUnlockedUser-0_com.android.server.notification.NotificationManagerService took to complete: 0ms
06-19 14:42:04.476 I/SystemServerTimingAsync( 3839): ssm.onUnlockedUser-0_com.android.server.storage.DeviceStorageMonitorService
06-19 14:42:04.476 D/SystemServerTimingAsync( 3839): ssm.onUnlockedUser-0_com.android.server.storage.DeviceStorageMonitorService took to complete: 0ms
06-19 14:42:04.476 I/SystemServerTimingAsync( 3839): ssm.onUnlockedUser-0_com.android.server.location.LocationManagerService$Lifecycle
06-19 14:42:04.476 D/SystemServerTimingAsync( 3839): ssm.onUnlockedUser-0_com.android.server.location.LocationManagerService$Lifecycle took to complete: 0ms
06-19 14:42:04.476 I/SystemServerTimingAsync( 3839): ssm.onUnlockedUser-0_com.android.server.timedetector.TimeDetectorService$Lifecycle
06-19 14:42:04.487 D/SystemServerTimingAsync( 3839): ssm.onUnlockedUser-0_com.android.server.timedetector.TimeDetectorService$Lifecycle took to complete: 0ms
06-19 14:42:04.487 I/SystemServerTimingAsync( 3839): ssm.onUnlockedUser-0_com.android.server.timezonedetector.TimeZoneDetectorService$Lifecycle
06-19 14:42:04.492 D/SystemServerTimingAsync( 3839): ssm.onUnlockedUser-0_com.android.server.timezonedetector.TimeZoneDetectorService$Lifecycle took to complete: 5ms
06-19 14:42:04.495 V/ActivityTaskManager( 3839): Old State : RESUMED Updated state : PAUSING Activity : ComponentInfo{com.android.tv.settings/com.android.tv.settings.system.FallbackHome}
06-19 14:42:04.496 V/ActivityTaskManager( 3839): Sending Broadcast : Intent { act=com.jio.remote.action.applaunch flg=0x40000000 pkg=com.jio.remote.btserver (has extras) }
06-19 14:42:04.498 I/SystemServerTimingAsync( 3839): ssm.onUnlockedUser-0_com.android.server.search.SearchManagerService$Lifecycle
06-19 14:42:04.498 D/SystemServerTimingAsync( 3839): ssm.onUnlockedUser-0_com.android.server.search.SearchManagerService$Lifecycle took to complete: 1ms
06-19 14:42:04.498 I/SystemServerTimingAsync( 3839): ssm.onUnlockedUser-0_com.android.server.wallpaper.WallpaperManagerService$Lifecycle
06-19 14:42:04.498 D/SystemServerTimingAsync( 3839): ssm.onUnlockedUser-0_com.android.server.wallpaper.WallpaperManagerService$Lifecycle took to complete: 0ms
06-19 14:42:04.498 I/SystemServerTimingAsync( 3839): ssm.onUnlockedUser-0_com.android.server.audio.AudioService$Lifecycle
06-19 14:42:04.498 D/SystemServerTimingAsync( 3839): ssm.onUnlockedUser-0_com.android.server.audio.AudioService$Lifecycle took to complete: 0ms
06-19 14:42:04.498 I/SystemServerTimingAsync( 3839): ssm.onUnlockedUser-0_com.android.server.soundtrigger_middleware.SoundTriggerMiddlewareService$Lifecycle
06-19 14:42:04.498 D/SystemServerTimingAsync( 3839): ssm.onUnlockedUser-0_com.android.server.soundtrigger_middleware.SoundTriggerMiddlewareService$Lifecycle took to complete: 0ms
06-19 14:42:04.498 I/SystemServerTimingAsync( 3839): ssm.onUnlockedUser-0_com.android.server.DockObserver
06-19 14:42:04.498 D/SystemServerTimingAsync( 3839): ssm.onUnlockedUser-0_com.android.server.DockObserver took to complete: 0ms
06-19 14:42:04.498 I/SystemServerTimingAsync( 3839): ssm.onUnlockedUser-0_com.android.server.midi.MidiService$Lifecycle
06-19 14:42:04.498 D/SystemServerTimingAsync( 3839): ssm.onUnlockedUser-0_com.android.server.midi.MidiService$Lifecycle took to complete: 0ms
06-19 14:42:04.498 I/SystemServerTimingAsync( 3839): ssm.onUnlockedUser-0_com.android.server.adb.AdbService$Lifecycle
06-19 14:42:04.499 D/SystemServerTimingAsync( 3839): ssm.onUnlockedUser-0_com.android.server.adb.AdbService$Lifecycle took to complete: 0ms
06-19 14:42:04.499 I/SystemServerTimingAsync( 3839): ssm.onUnlockedUser-0_com.android.server.usb.UsbService$Lifecycle
06-19 14:42:04.499 D/SystemServerTimingAsync( 3839): ssm.onUnlockedUser-0_com.android.server.usb.UsbService$Lifecycle took to complete: 0ms
06-19 14:42:04.499 I/SystemServerTimingAsync( 3839): ssm.onUnlockedUser-0_com.android.server.twilight.TwilightService
06-19 14:42:04.499 D/SystemServerTimingAsync( 3839): ssm.onUnlockedUser-0_com.android.server.twilight.TwilightService took to complete: 0ms
06-19 14:42:04.499 I/SystemServerTimingAsync( 3839): ssm.onUnlockedUser-0_com.android.server.display.color.ColorDisplayService
06-19 14:42:04.499 D/SystemServerTimingAsync( 3839): ssm.onUnlockedUser-0_com.android.server.display.color.ColorDisplayService took to complete: 0ms
06-19 14:42:04.499 I/SystemServerTimingAsync( 3839): ssm.onUnlockedUser-0_com.android.server.job.JobSchedulerService
06-19 14:42:04.499 D/SystemServerTimingAsync( 3839): ssm.onUnlockedUser-0_com.android.server.job.JobSchedulerService took to complete: 0ms
06-19 14:42:04.499 I/SystemServerTimingAsync( 3839): ssm.onUnlockedUser-0_com.android.server.soundtrigger.SoundTriggerService
06-19 14:42:04.499 D/SystemServerTimingAsync( 3839): ssm.onUnlockedUser-0_com.android.server.soundtrigger.SoundTriggerService took to complete: 0ms
06-19 14:42:04.499 I/SystemServerTimingAsync( 3839): ssm.onUnlockedUser-0_com.android.server.trust.TrustManagerService
06-19 14:42:04.499 D/SystemServerTimingAsync( 3839): ssm.onUnlockedUser-0_com.android.server.trust.TrustManagerService took to complete: 0ms
06-19 14:42:04.499 I/SystemServerTimingAsync( 3839): ssm.onUnlockedUser-0_com.android.server.backup.BackupManagerService$Lifecycle
06-19 14:42:04.499 D/SystemServerTimingAsync( 3839): ssm.onUnlockedUser-0_com.android.server.backup.BackupManagerService$Lifecycle took to complete: 0ms
06-19 14:42:04.499 I/SystemServerTimingAsync( 3839): ssm.onUnlockedUser-0_com.android.server.appwidget.AppWidgetService
06-19 14:42:04.499 D/SystemServerTimingAsync( 3839): ssm.onUnlockedUser-0_com.android.server.appwidget.AppWidgetService took to complete: 0ms
06-19 14:42:04.499 I/SystemServerTimingAsync( 3839): ssm.onUnlockedUser-0_com.android.server.role.RoleManagerService
06-19 14:42:04.499 D/SystemServerTimingAsync( 3839): ssm.onUnlockedUser-0_com.android.server.role.RoleManagerService took to complete: 0ms
06-19 14:42:04.499 I/SystemServerTimingAsync( 3839): ssm.onUnlockedUser-0_com.android.server.voiceinteraction.VoiceInteractionManagerService
06-19 14:42:04.499 D/SystemServerTimingAsync( 3839): ssm.onUnlockedUser-0_com.android.server.voiceinteraction.VoiceInteractionManagerService took to complete: 0ms
06-19 14:42:04.499 I/SystemServerTimingAsync( 3839): ssm.onUnlockedUser-0_com.android.server.GestureLauncherService
06-19 14:42:04.499 D/SystemServerTimingAsync( 3839): ssm.onUnlockedUser-0_com.android.server.GestureLauncherService took to complete: 0ms
06-19 14:42:04.499 I/SystemServerTimingAsync( 3839): ssm.onUnlockedUser-0_com.android.server.SensorNotificationService
06-19 14:42:04.499 D/SystemServerTimingAsync( 3839): ssm.onUnlockedUser-0_com.android.server.SensorNotificationService took to complete: 0ms
06-19 14:42:04.499 I/SystemServerTimingAsync( 3839): ssm.onUnlockedUser-0_com.android.server.emergency.EmergencyAffordanceService
06-19 14:42:04.499 D/SystemServerTimingAsync( 3839): ssm.onUnlockedUser-0_com.android.server.emergency.EmergencyAffordanceService took to complete: 0ms
06-19 14:42:04.500 I/SystemServerTimingAsync( 3839): ssm.onUnlockedUser-0_com.android.server.dreams.DreamManagerService
06-19 14:42:04.500 V/ActivityTaskManager( 3839): Old State : PAUSING Updated state : PAUSED Activity : ComponentInfo{com.android.tv.settings/com.android.tv.settings.system.FallbackHome}
06-19 14:42:04.500 V/ActivityTaskManager( 3839): Sending Broadcast : Intent { act=com.jio.remote.action.applaunch flg=0x40000000 pkg=com.jio.remote.btserver (has extras) }
06-19 14:42:04.507 V/ActivityTaskManager( 3839): Old State : PAUSED Updated state : FINISHING Activity : ComponentInfo{com.android.tv.settings/com.android.tv.settings.system.FallbackHome}
06-19 14:42:04.507 V/ActivityTaskManager( 3839): Sending Broadcast : Intent { act=com.jio.remote.action.applaunch flg=0x40000000 pkg=com.jio.remote.btserver (has extras) }
06-19 14:42:04.507 D/SystemServerTimingAsync( 3839): ssm.onUnlockedUser-0_com.android.server.dreams.DreamManagerService took to complete: 0ms
06-19 14:42:04.507 I/ActivityTaskManager( 3839): START u0 {act=android.intent.action.MAIN cat=[android.intent.category.HOME] flg=0x10000100 cmp=com.iwedia.ui.rjio.launcher.reliance/com.iwedia.ui.rjio.launcher.ui.intro.IntroActivity} from uid 0
06-19 14:42:04.507 I/SystemServerTimingAsync( 3839): ssm.onUnlockedUser-0_com.android.server.print.PrintManagerService
06-19 14:42:04.507 D/ActivityTaskManager( 3839): recent debug: [launchedPkgName] --> com.iwedia.ui.rjio.launcher.reliance [callingPackage] --> null
06-19 14:42:04.507 D/SystemServerTimingAsync( 3839): ssm.onUnlockedUser-0_com.android.server.print.PrintManagerService took to complete: 0ms
06-19 14:42:04.507 I/SystemServerTimingAsync( 3839): ssm.onUnlockedUser-0_com.android.server.restrictions.RestrictionsManagerService
06-19 14:42:04.507 D/SystemServerTimingAsync( 3839): ssm.onUnlockedUser-0_com.android.server.restrictions.RestrictionsManagerService took to complete: 0ms
06-19 14:42:04.508 I/SystemServerTimingAsync( 3839): ssm.onUnlockedUser-0_com.android.server.media.MediaSessionService
06-19 14:42:04.508 D/SystemServerTimingAsync( 3839): ssm.onUnlockedUser-0_com.android.server.media.MediaSessionService took to complete: 0ms
06-19 14:42:04.508 I/SystemServerTimingAsync( 3839): ssm.onUnlockedUser-0_com.android.server.blob.BlobStoreManagerService
06-19 14:42:04.516 D/SystemServerTimingAsync( 3839): ssm.onUnlockedUser-0_com.android.server.blob.BlobStoreManagerService took to complete: 0ms
06-19 14:42:04.516 I/SystemServerTimingAsync( 3839): ssm.onUnlockedUser-0_com.android.server.hdmi.HdmiControlService
06-19 14:42:04.516 D/SystemServerTimingAsync( 3839): ssm.onUnlockedUser-0_com.android.server.hdmi.HdmiControlService took to complete: 0ms
06-19 14:42:04.516 I/SystemServerTimingAsync( 3839): ssm.onUnlockedUser-0_com.android.server.tv.TvInputManagerService
06-19 14:42:04.516 D/SystemServerTimingAsync( 3839): ssm.onUnlockedUser-0_com.android.server.tv.TvInputManagerService took to complete: 0ms
06-19 14:42:04.516 I/SystemServerTimingAsync( 3839): ssm.onUnlockedUser-0_com.android.server.media.MediaResourceMonitorService
06-19 14:42:04.516 D/SystemServerTimingAsync( 3839): ssm.onUnlockedUser-0_com.android.server.media.MediaResourceMonitorService took to complete: 0ms
06-19 14:42:04.516 I/SystemServerTimingAsync( 3839): ssm.onUnlockedUser-0_com.android.server.tv.TvRemoteService
06-19 14:42:04.518 W/ActivityManager( 3839): Slow operation: 274ms so far, now at startProcess: returned from zygote!
06-19 14:42:04.519 D/SystemServerTimingAsync( 3839): ssm.onUnlockedUser-0_com.android.server.tv.TvRemoteService took to complete: 0ms
06-19 14:42:04.519 I/SystemServerTimingAsync( 3839): ssm.onUnlockedUser-0_com.android.server.biometrics.BiometricService
06-19 14:42:04.519 D/SystemServerTimingAsync( 3839): ssm.onUnlockedUser-0_com.android.server.biometrics.BiometricService took to complete: 0ms
06-19 14:42:04.519 I/SystemServerTimingAsync( 3839): ssm.onUnlockedUser-0_com.android.server.biometrics.AuthService
06-19 14:42:04.519 D/SystemServerTimingAsync( 3839): ssm.onUnlockedUser-0_com.android.server.biometrics.AuthService took to complete: 0ms
06-19 14:42:04.519 I/SystemServerTimingAsync( 3839): ssm.onUnlockedUser-0_com.android.server.pm.ShortcutService$Lifecycle
06-19 14:42:04.519 D/SystemServerTimingAsync( 3839): ssm.onUnlockedUser-0_com.android.server.pm.ShortcutService$Lifecycle took to complete: 0ms
06-19 14:42:04.519 I/SystemServerTimingAsync( 3839): ssm.onUnlockedUser-0_com.android.server.pm.LauncherAppsService
06-19 14:42:04.521 D/SystemServerTimingAsync( 3839): ssm.onUnlockedUser-0_com.android.server.pm.LauncherAppsService took to complete: 0ms
06-19 14:42:04.521 I/SystemServerTimingAsync( 3839): ssm.onUnlockedUser-0_com.android.server.pm.CrossProfileAppsService
06-19 14:42:04.521 D/SystemServerTimingAsync( 3839): ssm.onUnlockedUser-0_com.android.server.pm.CrossProfileAppsService took to complete: 0ms
06-19 14:42:04.521 I/SystemServerTimingAsync( 3839): ssm.onUnlockedUser-0_com.android.server.people.PeopleService
06-19 14:42:04.524 E/[   21.507444@3]- init(    0): Unable to set property 'media.amnuplayer.audio.delayus' from uid:0 gid:1000 pid:3586: SELinux permission check failed
06-19 14:42:04.527 D/SystemServerTimingAsync( 3839): ssm.onUnlockedUser-0_com.android.server.people.PeopleService took to complete: 6ms
06-19 14:42:04.527 I/SystemServerTimingAsync( 3839): ssm.onUnlockedUser-0_com.android.server.media.projection.MediaProjectionManagerService
06-19 14:42:04.527 D/SystemServerTimingAsync( 3839): ssm.onUnlockedUser-0_com.android.server.media.projection.MediaProjectionManagerService took to complete: 0ms
06-19 14:42:04.527 I/SystemServerTimingAsync( 3839): ssm.onUnlockedUser-0_com.android.server.slice.SliceManagerService$Lifecycle
06-19 14:42:04.527 D/SystemServerTimingAsync( 3839): ssm.onUnlockedUser-0_com.android.server.slice.SliceManagerService$Lifecycle took to complete: 0ms
06-19 14:42:04.527 I/SystemServerTimingAsync( 3839): ssm.onUnlockedUser-0_com.android.server.camera.CameraServiceProxy
06-19 14:42:04.527 D/SystemServerTimingAsync( 3839): ssm.onUnlockedUser-0_com.android.server.camera.CameraServiceProxy took to complete: 0ms
06-19 14:42:04.527 I/SystemServerTimingAsync( 3839): ssm.onUnlockedUser-0_com.android.server.stats.StatsCompanion$Lifecycle
06-19 14:42:04.527 D/SystemServerTimingAsync( 3839): ssm.onUnlockedUser-0_com.android.server.stats.StatsCompanion$Lifecycle took to complete: 0ms
06-19 14:42:04.527 I/SystemServerTimingAsync( 3839): ssm.onUnlockedUser-0_com.android.server.stats.pull.StatsPullAtomService
06-19 14:42:04.527 D/SystemServerTimingAsync( 3839): ssm.onUnlockedUser-0_com.android.server.stats.pull.StatsPullAtomService took to complete: 0ms
06-19 14:42:04.527 I/SystemServerTimingAsync( 3839): ssm.onUnlockedUser-0_com.android.server.incident.IncidentCompanionService
06-19 14:42:04.527 D/SystemServerTimingAsync( 3839): ssm.onUnlockedUser-0_com.android.server.incident.IncidentCompanionService took to complete: 0ms
06-19 14:42:04.528 I/SystemServerTimingAsync( 3839): ssm.onUnlockedUser-0_com.android.server.MmsServiceBroker
06-19 14:42:04.528 D/SystemServerTimingAsync( 3839): ssm.onUnlockedUser-0_com.android.server.MmsServiceBroker took to complete: 0ms
06-19 14:42:04.528 I/SystemServerTimingAsync( 3839): ssm.onUnlockedUser-0_com.android.server.autofill.AutofillManagerService
06-19 14:42:04.528 D/SystemServerTimingAsync( 3839): ssm.onUnlockedUser-0_com.android.server.autofill.AutofillManagerService took to complete: 0ms
06-19 14:42:04.528 I/SystemServerTimingAsync( 3839): ssm.onUnlockedUser-0_com.android.server.clipboard.ClipboardService
06-19 14:42:04.528 D/SystemServerTimingAsync( 3839): ssm.onUnlockedUser-0_com.android.server.clipboard.ClipboardService took to complete: 0ms
06-19 14:42:04.528 I/SystemServerTimingAsync( 3839): ssm.onUnlockedUser-0_com.android.server.appbinding.AppBindingService$Lifecycle
06-19 14:42:04.528 D/SystemServerTimingAsync( 3839): ssm.onUnlockedUser-0_com.android.server.appbinding.AppBindingService$Lifecycle took to complete: 0ms
06-19 14:42:04.528 I/SystemServerTimingAsync( 3839): ssm.onUnlockedUser-0_com.android.server.policy.PermissionPolicyService
06-19 14:42:04.528 D/SystemServerTimingAsync( 3839): ssm.onUnlockedUser-0_com.android.server.policy.PermissionPolicyService took to complete: 0ms
06-19 14:42:04.528 I/SystemServerTimingAsync( 3839): ssm.onUnlockedUser-0_com.android.server.pm.StagingManager$Lifecycle
06-19 14:42:04.528 D/SystemServerTimingAsync( 3839): ssm.onUnlockedUser-0_com.android.server.pm.StagingManager$Lifecycle took to complete: 0ms
06-19 14:42:04.528 D/SystemServerTimingAsync( 3839): ssm.UnlockedUser-0 took to complete: 62ms
06-19 14:42:04.528 W/ActivityManager( 3839): UserLifecycleEvent 6 received without an active userJourneySession.
06-19 14:42:04.532 W/StorageManagerService( 3839): Reporting emulated;0 unmounted due to system locked
06-19 14:42:04.551 W/[   21.535260@0]- RTW(    0): rtw_android_priv_cmd: Android private cmd "COUNTRY IN" on wlan0
06-19 14:42:04.551 W/[   21.535273@0]- RTW(    0): rtw_set_country(): not applied
06-19 14:42:04.553 I/AppWidgetServiceImpl( 3839): Processing of handleUserUnlocked u0 took 213 ms
06-19 14:42:04.553 W/Looper  ( 3839): Slow dispatch took 214ms android.fg h=android.os.Handler c=com.android.server.am.-$$Lambda$UserController$Injector$MYTLl7MOQKjyMJknWdxPeBLoPCc@1cdec45 m=0
06-19 14:42:04.559 W/StorageManagerService( 3839): Reporting emulated;0 unmounted due to system locked
06-19 14:42:04.567 W/StorageManagerService( 3839): Reporting emulated;0 unmounted due to system locked
06-19 14:42:04.638 V/ActivityTaskManager( 3839): Old State : null Updated state : INITIALIZING Activity : ComponentInfo{com.iwedia.ui.rjio.launcher.reliance/com.iwedia.ui.rjio.launcher.ui.intro.IntroActivity}
06-19 14:42:04.638 V/ActivityTaskManager( 3839): Sending Broadcast : Intent { act=com.jio.remote.action.applaunch flg=0x40000000 pkg=com.jio.remote.btserver (has extras) }
06-19 14:42:04.646 D/INSETS  ( 3839): else - Package Name ::  left : 0 right :: 0 top :: 0 bottom :: 0 dfu-right :: 1920 dfu-bottom :: 1080
06-19 14:42:04.655 W/Looper  ( 3839): Slow dispatch took 165ms main h=android.app.ActivityThread$H c=android.app.-$$Lambda$LoadedApk$ReceiverDispatcher$Args$_BumDX2UKsnxLVrE6UJsJZkotuA@c0a5efd m=0
06-19 14:42:04.656 W/ActivityManager( 3839): Slow operation: 414ms so far, now at startProcess: done updating battery stats
06-19 14:42:04.656 W/ActivityManager( 3839): Slow operation: 414ms so far, now at startProcess: building log message
06-19 14:42:04.656 I/ActivityManager( 3839): Start proc 4801:com.iwedia.comedia.service/1000 for added application com.iwedia.comedia.service
06-19 14:42:04.656 W/ActivityManager( 3839): Slow operation: 415ms so far, now at startProcess: starting to update pids map
06-19 14:42:04.656 W/ActivityManager( 3839): Slow operation: 415ms so far, now at startProcess: done updating pids map
06-19 14:42:04.656 W/ActivityManager( 3839): Slow operation: 410ms so far, now at startProcess: asking zygote to start proc
06-19 14:42:04.657 D/CompatibilityChangeReporter( 3839): Compat change id reported: 143937733; UID 10031; state: ENABLED
06-19 14:42:04.657 W/BroadcastQueue( 3839): Background execution not allowed: receiving Intent { act=android.net.wifi.supplicant.CONNECTION_CHANGE flg=0x4000010 (has extras) } to com.iwedia.tvinput/.ConnectionReceiver
06-19 14:42:04.658 V/NotificationAssistants( 3839): disabling notification assistant for user 0: ComponentInfo{android.ext.services/android.ext.services.notification.Assistant}
06-19 14:42:04.658 D/NotificationListeners( 3839): Removing active service ComponentInfo{android.ext.services/android.ext.services.notification.Assistant}
06-19 14:42:04.672 W/Looper  ( 3839): Slow dispatch took 179ms android.ui h=com.android.server.am.ActivityManagerService$UiHandler c=null m=53
06-19 14:42:04.674 W/Looper  ( 3839): Slow dispatch took 110ms android.fg h=android.os.Handler c=com.android.server.am.-$$Lambda$UserController$I0p0bKjuvsSPLZB71mKQFfdUjZ4@822edf9 m=0
06-19 14:42:04.674 W/Looper  ( 3839): Slow delivery took 207ms android.fg h=android.os.Handler c=android.app.-$$Lambda$LoadedApk$ReceiverDispatcher$Args$_BumDX2UKsnxLVrE6UJsJZkotuA@6e97b9f m=0
06-19 14:42:04.683 V/NotificationAssistants( 3839): enabling notification assistant for 0: ComponentInfo{android.ext.services/android.ext.services.notification.Assistant}
06-19 14:42:04.683 V/NotificationAssistants( 3839): binding: Intent { act=android.service.notification.NotificationAssistantService cmp=android.ext.services/.notification.Assistant (has extras) }
06-19 14:42:04.689 D/CompatibilityChangeReporter( 3839): Compat change id reported: 135634846; UID 10034; state: DISABLED
06-19 14:42:04.691 W/ActivityManager( 3839): Slow operation: 445ms so far, now at startProcess: returned from zygote!
06-19 14:42:04.692 V/NotificationListeners( 3839): enabling notification listener for 0: ComponentInfo{io.appium.settings/io.appium.settings.NLService}
06-19 14:42:04.692 W/ActivityManager( 3839): Slow operation: 446ms so far, now at startProcess: done updating battery stats
06-19 14:42:04.692 V/NotificationListeners( 3839): binding: Intent { act=android.service.notification.NotificationListenerService cmp=io.appium.settings/.NLService (has extras) }
06-19 14:42:04.692 W/ActivityManager( 3839): Slow operation: 446ms so far, now at startProcess: building log message
06-19 14:42:04.692 I/ActivityManager( 3839): Start proc 4828:com.jio.adc.aka/u0a31 for added application com.jio.adc.aka
06-19 14:42:04.692 W/ActivityManager( 3839): Slow operation: 446ms so far, now at startProcess: starting to update pids map
06-19 14:42:04.693 W/ActivityManager( 3839): Slow operation: 446ms so far, now at startProcess: done updating pids map
06-19 14:42:04.693 W/ActivityManager( 3839): Slow operation: 441ms so far, now at startProcess: asking zygote to start proc
06-19 14:42:04.697 D/CompatibilityChangeReporter( 3839): Compat change id reported: 135634846; UID 10085; state: DISABLED
06-19 14:42:04.698 V/NotificationListeners( 3839): enabling notification listener for 0: ComponentInfo{com.iwedia.notificationservice/com.iwedia.notificationservice.utils.IwediaNLService}
06-19 14:42:04.698 V/NotificationListeners( 3839): binding: Intent { act=android.service.notification.NotificationListenerService cmp=com.iwedia.notificationservice/.utils.IwediaNLService (has extras) }
06-19 14:42:04.702 W/Looper  ( 3839): Drained
06-19 14:42:04.705 D/CompatibilityChangeReporter( 3839): Compat change id reported: 135634846; UID 1000; state: DISABLED
06-19 14:42:04.735 D/BackupManagerService( 3839): user:0 readBackupEnableState enabled:false
06-19 14:42:04.735 I/BackupManagerService( 3839): [UserID:0] Backup enabled => false
06-19 14:42:04.735 D/BackupManagerService( 3839): user:0 writeBackupEnableState enable:false
06-19 14:42:04.741 I/[   21.726539@3]- audio_dsp(    0): drc high cut scale set to 0%
06-19 14:42:04.744 I/[   21.728866@2]- audio_dsp(    0): drc low boost scale set to 0%
06-19 14:42:04.751 I/[   21.732843@0]- audio_dsp(    0): drc mode set to RF
06-19 14:42:04.770 D/BluetoothManagerService( 3839): MESSAGE_BLUETOOTH_STATE_CHANGE: BLE_TURNING_ON > BLE_ON
06-19 14:42:04.770 D/BluetoothManagerService( 3839): Bluetooth is in LE only mode
06-19 14:42:04.770 D/BluetoothManagerService( 3839): Binding Bluetooth GATT service
06-19 14:42:04.771 D/BluetoothManagerService( 3839): Sending BLE State Change: BLE_TURNING_ON > BLE_ON
06-19 14:42:04.775 W/Looper  ( 3839): Slow delivery took 240ms main h=android.app.ActivityThread$H c=android.app.-$$Lambda$LoadedApk$ReceiverDispatcher$Args$_BumDX2UKsnxLVrE6UJsJZkotuA@ae58014 m=0
06-19 14:42:04.778 I/SyncManager( 3839): Loaded persisted syncs: 0 periodic syncs, 0 oneshot syncs, 15 total system server jobs, JobStats: FirstLoad: 4/3/0 LastSave: -1/-1/-1
06-19 14:42:04.811 W/ActivityManager( 3839): Slow operation: 559ms so far, now at startProcess: returned from zygote!
06-19 14:42:04.811 W/ActivityManager( 3839): Slow operation: 560ms so far, now at startProcess: done updating battery stats
06-19 14:42:04.811 W/ActivityManager( 3839): Slow operation: 560ms so far, now at startProcess: building log message
06-19 14:42:04.811 I/ActivityManager( 3839): Start proc 4855:com.jio.appoptimizer/1000 for added application com.jio.appoptimizer
06-19 14:42:04.811 W/ActivityManager( 3839): Slow operation: 560ms so far, now at startProcess: starting to update pids map
06-19 14:42:04.812 W/ActivityManager( 3839): Slow operation: 560ms so far, now at startProcess: done updating pids map
06-19 14:42:04.812 W/ActivityManager( 3839): Slow operation: 559ms so far, now at startProcess: asking zygote to start proc
06-19 14:42:04.836 V/BackupManagerConstants( 3839): getKeyValueBackupIntervalMilliseconds(...) returns 14400000
06-19 14:42:04.836 V/BackupManagerConstants( 3839): getKeyValueBackupFuzzMilliseconds(...) returns 600000
06-19 14:42:04.836 V/BackupManagerConstants( 3839): getKeyValueBackupRequiredNetworkType(...) returns 1
06-19 14:42:04.836 V/BackupManagerConstants( 3839): getKeyValueBackupRequireCharging(...) returns true
06-19 14:42:04.836 V/KeyValueBackupJob( 3839): Scheduling k/v pass in 243 minutes
06-19 14:42:04.843 W/ContextImpl( 4173): Calling a method in the system process without a qualified user: android.app.ContextImpl.startService:1669 android.content.ContextWrapper.startService:720 android.content.ContextWrapper.startService:720 com.droidlogic.btpair.FastBootComplete.onReceive:20 android.app.ActivityThread.handleReceiver:4026 
06-19 14:42:04.848 D/BluetoothManagerService( 3839): Bluetooth Adapter address changed to 2C:73:60:DB:C0:85
06-19 14:42:04.848 D/BluetoothManagerService( 3839): Stored Bluetoothaddress: 2C:73:60:DB:C0:85
06-19 14:42:04.848 D/BluetoothManagerService( 3839): Bluetooth Adapter name changed to JioSTB10879JioSTB
06-19 14:42:04.848 D/BluetoothManagerService( 3839): Stored Bluetooth name: JioSTB10879JioSTB
06-19 14:42:04.849 V/NotificationAssistants( 3839): 0 notification assistant service connected: ComponentInfo{android.ext.services/android.ext.services.notification.Assistant}
06-19 14:42:04.854 W/Looper  ( 3839): Drained
06-19 14:42:04.857 W/ActivityManager( 3839): Slow operation: 605ms so far, now at startProcess: returned from zygote!
06-19 14:42:04.858 W/ActivityManager( 3839): Slow operation: 605ms so far, now at startProcess: done updating battery stats
06-19 14:42:04.858 W/ActivityManager( 3839): Slow operation: 606ms so far, now at startProcess: building log message
06-19 14:42:04.858 I/ActivityManager( 3839): Start proc 4884:insight.tr069.client/1000 for added application insight.tr069.client
06-19 14:42:04.858 W/ActivityManager( 3839): Slow operation: 606ms so far, now at startProcess: starting to update pids map
06-19 14:42:04.860 W/ActivityManager( 3839): Slow operation: 607ms so far, now at startProcess: done updating pids map
06-19 14:42:04.860 W/ActivityManager( 3839): Slow operation: 599ms so far, now at startProcess: asking zygote to start proc
06-19 14:42:04.910 W/ContextImpl( 4801): Calling a method in the system process without a qualified user: android.app.ContextImpl.startService:1669 android.content.ContextWrapper.startService:720 android.content.ContextWrapper.startService:720 com.iwedia.dtv.ComediaReceiver.startService:65 com.iwedia.dtv.ComediaReceiver.onReceive:35 
06-19 14:42:04.916 W/ActivityManager( 3839): Slow operation: 656ms so far, now at startProcess: returned from zygote!
06-19 14:42:04.922 W/ActivityManager( 3839): Slow operation: 661ms so far, now at startProcess: done updating battery stats
06-19 14:42:04.922 W/ActivityManager( 3839): Slow operation: 661ms so far, now at startProcess: building log message
06-19 14:42:04.922 I/ActivityManager( 3839): Start proc 4913:com.iwedia.usbbenchmarkservice/1000 for added application com.iwedia.usbbenchmarkservice
06-19 14:42:04.922 W/ActivityManager( 3839): Slow operation: 662ms so far, now at startProcess: starting to update pids map
06-19 14:42:04.923 W/ActivityManager( 3839): Slow operation: 663ms so far, now at startProcess: done updating pids map
06-19 14:42:04.923 W/ActivityManager( 3839): Slow operation: 661ms so far, now at startProcess: asking zygote to start proc
06-19 14:42:04.925 D/CompatibilityChangeReporter( 3839): Compat change id reported: 135634846; UID 1000; state: DISABLED
06-19 14:42:04.944 W/StorageManagerService( 3839): Reporting emulated;0 unmounted due to system locked
06-19 14:42:04.945 D/ConnectivityService( 3839): Got NetworkProvider Messenger for WifiNetworkFactory
06-19 14:42:04.946 D/ConnectivityService( 3839): Got NetworkProvider Messenger for UntrustedWifiNetworkFactory
06-19 14:42:04.948 W/StorageManagerService( 3839): Reporting emulated;0 unmounted due to system locked
