07-03 17:25:37.968 D/NotificationService( 3839): 0|io.appium.settings|1|null|10085: granting content://settings/system/notification_sound
07-03 17:25:37.969 W/NotificationHistory( 3839): Attempted to add notif for locked/gone/disabled user 0
07-03 17:25:38.165 V/ActivityTaskManager( 3839): Old State : PAUSING Updated state : PAUSED Activity : ComponentInfo{io.appium.settings/io.appium.settings.Settings}
07-03 17:25:38.165 V/ActivityTaskManager( 3839): Sending Broadcast : Intent { act=com.jio.remote.action.applaunch flg=0x40000000 pkg=com.jio.remote.btserver (has extras) }
07-03 17:25:38.166 V/ActivityTaskManager( 3839): Old State : PAUSED Updated state : STOPPING Activity : ComponentInfo{io.appium.settings/io.appium.settings.Settings}
07-03 17:25:38.167 V/ActivityTaskManager( 3839): Sending Broadcast : Intent { act=com.jio.remote.action.applaunch flg=0x40000000 pkg=com.jio.remote.btserver (has extras) }
07-03 17:25:38.174 V/ActivityTaskManager( 3839): Old State : PAUSED Updated state : RESUMED Activity : ComponentInfo{com.iwedia.ui.rjio.launcher.reliance/com.iwedia.ui.rjio.launcher.ui.intro.IntroActivity}
07-03 17:25:38.174 V/ActivityTaskManager( 3839): Sending Broadcast : Intent { act=com.jio.remote.action.applaunch flg=0x40000000 pkg=com.jio.remote.btserver (has extras) }
07-03 17:25:38.264 D/INSETS  ( 3839): else - Package Name ::  left : 0 right :: 0 top :: 0 bottom :: 0 dfu-right :: 1920 dfu-bottom :: 1080
07-03 17:25:38.324 D/INSETS  ( 3839): else - Package Name ::  left : 0 right :: 0 top :: 0 bottom :: 0 dfu-right :: 1920 dfu-bottom :: 1080
07-03 17:25:38.341 I/chatty  ( 3839): uid=1000(system) android.anim identical 2 lines
07-03 17:25:38.349 D/INSETS  ( 3839): else - Package Name ::  left : 0 right :: 0 top :: 0 bottom :: 0 dfu-right :: 1920 dfu-bottom :: 1080
07-03 17:25:38.357 D/INSETS  ( 3839): else - Package Name ::  left : 0 right :: 0 top :: 0 bottom :: 0 dfu-right :: 1920 dfu-bottom :: 1080
07-03 17:25:38.459 D/INSETS  ( 3839): else - Package Name ::  left : 0 right :: 0 top :: 0 bottom :: 0 dfu-right :: 1920 dfu-bottom :: 1080
07-03 17:25:38.536 V/ActivityTaskManager( 3839): Old State : FINISHING Updated state : DESTROYING Activity : ComponentInfo{io.appium.settings/io.appium.settings.Settings}
07-03 17:25:38.537 V/ActivityTaskManager( 3839): Sending Broadcast : Intent { act=com.jio.remote.action.applaunch flg=0x40000000 pkg=com.jio.remote.btserver (has extras) }
07-03 17:25:38.538 V/ActivityTaskManager( 3839): Old State : STOPPING Updated state : FINISHING Activity : ComponentInfo{io.appium.settings/io.appium.settings.Settings}
07-03 17:25:38.538 V/ActivityTaskManager( 3839): Sending Broadcast : Intent { act=com.jio.remote.action.applaunch flg=0x40000000 pkg=com.jio.remote.btserver (has extras) }
07-03 17:25:38.566 D/INSETS  ( 3839): else - Package Name ::  left : 0 right :: 0 top :: 0 bottom :: 0 dfu-right :: 1920 dfu-bottom :: 1080
07-03 17:25:38.589 V/ActivityTaskManager( 3839): Old State : DESTROYING Updated state : DESTROYED Activity : ComponentInfo{io.appium.settings/io.appium.settings.Settings}
07-03 17:25:38.589 V/ActivityTaskManager( 3839): Sending Broadcast : Intent { act=com.jio.remote.action.applaunch flg=0x40000000 pkg=com.jio.remote.btserver (has extras) }
07-03 17:25:38.972 W/        (    0): [ 1487.456969@1]h gpu debug, next index above max-1, set to 2
07-03 17:25:39.072 W/        (    0): [ 1487.557018@1]h gpu debug, next index above max-1, set to 3
07-03 17:25:39.142 I/ActivityManager( 3839): Force stopping io.appium.uiautomator2.server appid=10064 user=0: from pid 14289
07-03 17:25:39.151 I/ActivityManager( 3839): Force stopping io.appium.uiautomator2.server.test appid=10038 user=0: from pid 14290
07-03 17:25:39.271 W/        (    0): [ 1487.757094@1]h gpu debug, next index above max-1, set to 3
07-03 17:25:40.298 I/ActivityManager( 3839): Force stopping io.appium.uiautomator2.server appid=10064 user=0: start instr
07-03 17:25:40.311 D/CompatibilityChangeReporter( 3839): Compat change id reported: 135634846; UID 10064; state: DISABLED
07-03 17:25:40.312 D/CompatibilityChangeReporter( 3839): Compat change id reported: 143937733; UID 10064; state: ENABLED
07-03 17:25:40.354 I/ActivityManager( 3839): Start proc 14310:io.appium.uiautomator2.server/u0a64 for added application io.appium.uiautomator2.server
07-03 17:25:40.360 W/ActivityManager( 3839): Slow operation: 51ms so far, now at startProcess: starting to update pids map
07-03 17:25:40.360 W/ActivityManager( 3839): Slow operation: 51ms so far, now at startProcess: done updating pids map
07-03 17:25:40.824 W/        (    0): [ 1489.307435@1]h gpu debug, next index above max-1, set to 2
07-03 17:25:41.124 W/        (    0): [ 1489.607512@1]h gpu debug, next index above max-1, set to 2
07-03 17:25:41.493 W/[ 1489.977089@3]- RTW(    0): fill_default_txdesc(wlan0): SP Packet(0x0806) rate=0x4 SeqNum = 2752
07-03 17:25:41.872 W/        (    0): [ 1490.357704@1]h gpu debug, next index above max-1, set to 2
07-03 17:25:42.265 W/WindowManager( 3839): removeWindowToken: Attempted to remove non-existing token: android.os.Binder@f4c4847
07-03 17:25:42.624 W/        (    0): [ 1491.107975@1]h gpu debug, next index above max-1, set to 2
07-03 17:25:42.822 W/        (    0): [ 1491.308047@1]h gpu debug, next index above max-1, set to 2
07-03 17:25:43.024 W/        (    0): [ 1491.508108@1]h gpu debug, next index above max-1, set to 3
07-03 17:25:43.673 W/        (    0): [ 1492.158284@1]h gpu debug, next index above max-1, set to 2
07-03 17:25:44.072 W/        (    0): [ 1492.558414@1]h gpu debug, next index above max-1, set to 2
07-03 17:25:44.272 W/        (    0): [ 1492.758470@1]h gpu debug, next index above max-1, set to 3
07-03 17:25:44.762 V/DisplayPowerController( 3839): Brightness [0.39763778] reason changing to: 'manual', previous reason: 'manual [ dim ]'.
07-03 17:25:44.784 D/WindowManager( 3839): Unhandled key: inputToken=android.os.BinderProxy@541d007, title=com.iwedia.ui.rjio.launcher.reliance/com.iwedia.ui.rjio.launcher.ui.intro.IntroActivity, action=0, flags=0, keyCode=4, scanCode=0, metaState=0, repeatCount=0, policyFlags=1795162112
07-03 17:25:44.784 D/WindowManager( 3839): No fallback.
07-03 17:25:44.789 D/AutofillManagerService( 3839): onBackKeyPressed()
07-03 17:25:44.803 D/WindowManager( 3839): Unhandled key: inputToken=android.os.BinderProxy@541d007, title=com.iwedia.ui.rjio.launcher.reliance/com.iwedia.ui.rjio.launcher.ui.intro.IntroActivity, action=1, flags=0, keyCode=4, scanCode=0, metaState=0, repeatCount=0, policyFlags=1795162112
07-03 17:25:44.803 D/WindowManager( 3839): No fallback.
07-03 17:25:44.876 W/        (    0): [ 1493.358608@1]h gpu debug, next index above max-1, set to 3
07-03 17:25:45.124 W/        (    0): [ 1493.608664@1]h gpu debug, next index above max-1, set to 3
07-03 17:25:45.472 I/UsageStatsService( 3839): User[0] Flushing usage stats to disk
07-03 17:25:45.624 W/        (    0): [ 1494.108817@1]h gpu debug, next index above max-1, set to 3
07-03 17:25:46.252 W/[ 1494.735478@3]- RTW(    0): fill_default_txdesc(wlan0): SP Packet(0x0806) rate=0x4 SeqNum = 3469
07-03 17:25:47.267 I/ActivityTaskManager( 3839): START u0 {flg=0x10000000 cmp=in.startv.hotstar/com.hotstar.MainActivity} from uid 0
07-03 17:25:47.267 D/ActivityTaskManager( 3839): recent debug: [launchedPkgName] --> in.startv.hotstar [callingPackage] --> com.android.shell
07-03 17:25:47.292 V/ActivityTaskManager( 3839): Old State : null Updated state : INITIALIZING Activity : ComponentInfo{in.startv.hotstar/com.hotstar.MainActivity}
07-03 17:25:47.293 V/ActivityTaskManager( 3839): Sending Broadcast : Intent { act=com.jio.remote.action.applaunch flg=0x40000000 pkg=com.jio.remote.btserver (has extras) }
07-03 17:25:47.299 V/ActivityTaskManager( 3839): Old State : RESUMED Updated state : PAUSING Activity : ComponentInfo{com.iwedia.ui.rjio.launcher.reliance/com.iwedia.ui.rjio.launcher.ui.intro.IntroActivity}
07-03 17:25:47.299 V/ActivityTaskManager( 3839): Sending Broadcast : Intent { act=com.jio.remote.action.applaunch flg=0x40000000 pkg=com.jio.remote.btserver (has extras) }
07-03 17:25:47.300 D/INSETS  ( 3839): else - Package Name ::  left : 0 right :: 0 top :: 0 bottom :: 0 dfu-right :: 1920 dfu-bottom :: 1080
07-03 17:25:47.312 D/CompatibilityChangeReporter( 3839): Compat change id reported: 135634846; UID 10066; state: DISABLED
07-03 17:25:47.312 D/CompatibilityChangeReporter( 3839): Compat change id reported: 143937733; UID 10066; state: ENABLED
07-03 17:25:47.326 V/ActivityTaskManager( 3839): Old State : PAUSING Updated state : PAUSED Activity : ComponentInfo{com.iwedia.ui.rjio.launcher.reliance/com.iwedia.ui.rjio.launcher.ui.intro.IntroActivity}
07-03 17:25:47.326 V/ActivityTaskManager( 3839): Sending Broadcast : Intent { act=com.jio.remote.action.applaunch flg=0x40000000 pkg=com.jio.remote.btserver (has extras) }
07-03 17:25:47.346 I/ActivityManager( 3839): Start proc 14397:in.startv.hotstar/u0a66 for pre-top-activity {in.startv.hotstar/com.hotstar.MainActivity}
07-03 17:25:47.350 D/INSETS  ( 3839): else - Package Name ::  left : 0 right :: 0 top :: 0 bottom :: 0 dfu-right :: 1920 dfu-bottom :: 1080
07-03 17:25:47.391 D/INSETS  ( 3839): else - Package Name ::  left : 0 right :: 0 top :: 0 bottom :: 0 dfu-right :: 1920 dfu-bottom :: 1080
07-03 17:25:47.438 V/ActivityTaskManager( 3839): Old State : INITIALIZING Updated state : RESUMED Activity : ComponentInfo{in.startv.hotstar/com.hotstar.MainActivity}
07-03 17:25:47.439 V/ActivityTaskManager( 3839): Sending Broadcast : Intent { act=com.jio.remote.action.applaunch flg=0x40000000 pkg=com.jio.remote.btserver (has extras) }
07-03 17:25:47.450 D/INSETS  ( 3839): else - Package Name ::  left : 0 right :: 0 top :: 0 bottom :: 0 dfu-right :: 1920 dfu-bottom :: 1080
07-03 17:25:47.624 W/        (    0): [ 1496.109460@1]h gpu debug, next index above max-1, set to 2
07-03 17:25:47.724 W/        (    0): [ 1496.209506@1]h gpu debug, next index above max-1, set to 3
07-03 17:25:47.470 I/chatty  ( 3839): uid=1000(system) android.anim identical 1 line
07-03 17:25:47.863 D/INSETS  ( 3839): else - Package Name ::  left : 0 right :: 0 top :: 0 bottom :: 0 dfu-right :: 1920 dfu-bottom :: 1080
07-03 17:25:47.942 D/INSETS  ( 3839): else - Package Name ::  left : 0 right :: 0 top :: 0 bottom :: 0 dfu-right :: 1920 dfu-bottom :: 1080
07-03 17:25:48.264 D/ConnectivityService( 3839): NetReassign [no changes]
07-03 17:25:48.668 W/[ 1497.154098@1]- RTW(    0): fill_default_txdesc(wlan0): SP Packet(0x0806) rate=0x4 SeqNum = 3937
07-03 17:25:49.004 D/INSETS  ( 3839): else - Package Name ::  left : 0 right :: 0 top :: 0 bottom :: 0 dfu-right :: 1920 dfu-bottom :: 1080
07-03 17:25:49.004 D/INSETS  ( 3839): else - Package Name ::  left : 0 right :: 0 top :: 0 bottom :: 0 dfu-right :: 1920 dfu-bottom :: 1080
07-03 17:25:49.214 D/INSETS  ( 3839): else - Package Name ::  left : 0 right :: 0 top :: 0 bottom :: 0 dfu-right :: 1920 dfu-bottom :: 1080
07-03 17:25:49.239 I/chatty  ( 3839): uid=1000(system) android.anim identical 4 lines
07-03 17:25:49.240 D/INSETS  ( 3839): else - Package Name ::  left : 0 right :: 0 top :: 0 bottom :: 0 dfu-right :: 1920 dfu-bottom :: 1080
07-03 17:25:49.279 D/CompatibilityChangeReporter( 3839): Compat change id reported: 136274596; UID 10066; state: ENABLED
07-03 17:25:49.363 V/ActivityTaskManager( 3839): Old State : PAUSED Updated state : STOPPING Activity : ComponentInfo{com.iwedia.ui.rjio.launcher.reliance/com.iwedia.ui.rjio.launcher.ui.intro.IntroActivity}
07-03 17:25:49.363 V/ActivityTaskManager( 3839): Sending Broadcast : Intent { act=com.jio.remote.action.applaunch flg=0x40000000 pkg=com.jio.remote.btserver (has extras) }
07-03 17:25:49.409 D/INSETS  ( 3839): else - Package Name ::  left : 0 right :: 0 top :: 0 bottom :: 0 dfu-right :: 1920 dfu-bottom :: 1080
07-03 17:25:49.427 D/INSETS  ( 3839): else - Package Name ::  left : 0 right :: 0 top :: 0 bottom :: 0 dfu-right :: 1920 dfu-bottom :: 1080
07-03 17:25:49.439 D/INSETS  ( 3839): else - Package Name ::  left : 0 right :: 0 top :: 0 bottom :: 0 dfu-right :: 1920 dfu-bottom :: 1080
07-03 17:25:49.469 V/ActivityTaskManager( 3839): Old State : STOPPING Updated state : STOPPED Activity : ComponentInfo{com.iwedia.ui.rjio.launcher.reliance/com.iwedia.ui.rjio.launcher.ui.intro.IntroActivity}
07-03 17:25:49.474 V/ActivityTaskManager( 3839): Sending Broadcast : Intent { act=com.jio.remote.action.applaunch flg=0x40000000 pkg=com.jio.remote.btserver (has extras) }
07-03 17:25:51.376 W/[ 1499.862200@2]- RTW(    0): fill_default_txdesc(wlan0): SP Packet(0x0806) rate=0x4 SeqNum = 205
07-03 17:25:51.438 E/TaskPersister( 3839): File error accessing recents directory (directory doesn't exist?).
07-03 17:25:55.579 I/UsageStatsService( 3839): User[0] Flushing usage stats to disk
07-03 17:25:56.296 W/[ 1504.779996@2]- audit(    0): audit_lost=1055 audit_rate_limit=5 audit_backlog_limit=64
07-03 17:25:56.296 E/[ 1504.780004@2]- audit(    0): rate limit exceeded
07-03 17:25:56.512 W/[ 1504.997757@0]- RTW(    0): fill_default_txdesc(wlan0): SP Packet(0x0806) rate=0x4 SeqNum = 831
07-03 17:25:59.764 W/[ 1508.248397@2]- healthd(    0): battery l=100 v=4 t=0.0 h=2 st=2 c=1100 fc=10000000 chg=u
07-03 17:26:00.862 D/INSETS  ( 3839): else - Package Name ::  left : 0 right :: 0 top :: 0 bottom :: 0 dfu-right :: 1920 dfu-bottom :: 1080
07-03 17:26:01.692 W/[ 1510.177336@2]- RTW(    0): fill_default_txdesc(wlan0): SP Packet(0x0806) rate=0x4 SeqNum = 1680
07-03 17:26:05.680 D/INSETS  ( 3839): else - Package Name ::  left : 0 right :: 0 top :: 0 bottom :: 0 dfu-right :: 1920 dfu-bottom :: 1080
07-03 17:26:05.689 I/UsageStatsService( 3839): User[0] Flushing usage stats to disk
07-03 17:26:05.713 D/INSETS  ( 3839): else - Package Name ::  left : 0 right :: 0 top :: 0 bottom :: 0 dfu-right :: 1920 dfu-bottom :: 1080
07-03 17:26:06.760 W/[ 1515.245888@3]- RTW(    0): fill_default_txdesc(wlan0): SP Packet(0x0806) rate=0x4 SeqNum = 2236
07-03 17:26:07.501 D/AutofillManagerService( 3839): onBackKeyPressed()
07-03 17:26:09.975 D/INSETS  ( 3839): else - Package Name ::  left : 0 right :: 0 top :: 0 bottom :: 0 dfu-right :: 1920 dfu-bottom :: 1080
07-03 17:26:10.354 D/INSETS  ( 3839): else - Package Name ::  left : 0 right :: 0 top :: 0 bottom :: 0 dfu-right :: 1920 dfu-bottom :: 1080
07-03 17:26:11.567 D/InputMethodManagerService( 3839): Top Package Name: in.startv.hotstar
07-03 17:26:11.574 W/ContextImpl( 3839): Calling a method in the system process without a qualified user: android.app.ContextImpl.sendBroadcast:1111 com.android.server.inputmethod.InputMethodManagerService.sendSoftInputVisibilityBroadcast:3258 com.android.server.inputmethod.InputMethodManagerService.showCurrentInputLocked:3231 com.android.server.inputmethod.InputMethodManagerService.showSoftInput:3153 com.android.internal.view.IInputMethodManager$Stub.onTransact:304 
07-03 17:26:11.581 D/InputMethodManagerService( 3839): Top Package Name: in.startv.hotstar
07-03 17:26:11.586 W/ContextImpl( 3839): Calling a method in the system process without a qualified user: android.app.ContextImpl.sendBroadcast:1111 com.android.server.inputmethod.InputMethodManagerService.sendSoftInputVisibilityBroadcast:3258 com.android.server.inputmethod.InputMethodManagerService.showCurrentInputLocked:3231 com.android.server.inputmethod.InputMethodManagerService.showMySoftInput:4198 com.android.server.inputmethod.InputMethodManagerService.access$4100:189 
07-03 17:26:11.774 W/ContextImpl( 3839): Calling a method in the system process without a qualified user: android.app.ContextImpl.sendBroadcast:1111 com.android.server.inputmethod.InputMethodManagerService.sendSoftInputVisibilityBroadcast:3258 com.android.server.inputmethod.InputMethodManagerService.hideCurrentInputLocked:3330 com.android.server.inputmethod.InputMethodManagerService.hideMySoftInput:4180 com.android.server.inputmethod.InputMethodManagerService.access$4000:189 
07-03 17:26:11.805 D/InputMethodManagerService( 3839): Top Package Name: in.startv.hotstar
07-03 17:26:11.808 W/ContextImpl( 3839): Calling a method in the system process without a qualified user: android.app.ContextImpl.sendBroadcast:1111 com.android.server.inputmethod.InputMethodManagerService.sendSoftInputVisibilityBroadcast:3258 com.android.server.inputmethod.InputMethodManagerService.showCurrentInputLocked:3231 com.android.server.inputmethod.InputMethodManagerService.showMySoftInput:4198 com.android.server.inputmethod.InputMethodManagerService.access$4100:189 
07-03 17:26:11.821 D/InputMethodManagerService( 3839): Top Package Name: in.startv.hotstar
07-03 17:26:11.822 W/ContextImpl( 3839): Calling a method in the system process without a qualified user: android.app.ContextImpl.sendBroadcast:1111 com.android.server.inputmethod.InputMethodManagerService.sendSoftInputVisibilityBroadcast:3258 com.android.server.inputmethod.InputMethodManagerService.showCurrentInputLocked:3231 com.android.server.inputmethod.InputMethodManagerService.showMySoftInput:4198 com.android.server.inputmethod.InputMethodManagerService.access$4100:189 
07-03 17:26:11.928 W/[ 1520.411845@1]- RTW(    0): fill_default_txdesc(wlan0): SP Packet(0x0806) rate=0x4 SeqNum = 3006
07-03 17:26:12.021 W/NotificationHistory( 3839): Attempted to add notif for locked/gone/disabled user 0
07-03 17:26:12.124 W/[ 1520.606803@2]- RTW(    0): Turbo EDCA =0x431c
07-03 17:26:12.198 D/INSETS  ( 3839): else - Package Name ::  left : 0 right :: 0 top :: 0 bottom :: 0 dfu-right :: 1920 dfu-bottom :: 1080
07-03 17:26:12.198 D/INSETS  ( 3839): else - Package Name ::  left : 0 right :: 0 top :: 0 bottom :: 0 dfu-right :: 1920 dfu-bottom :: 1080
07-03 17:26:12.313 D/INSETS  ( 3839): else - Package Name ::  left : 0 right :: 0 top :: 0 bottom :: 0 dfu-right :: 1920 dfu-bottom :: 1080
07-03 17:26:12.313 D/INSETS  ( 3839): else - Package Name ::  left : 0 right :: 0 top :: 0 bottom :: 0 dfu-right :: 1920 dfu-bottom :: 1080
07-03 17:26:12.528 D/INSETS  ( 3839): else - Package Name ::  left : 0 right :: 0 top :: 0 bottom :: 0 dfu-right :: 1920 dfu-bottom :: 1080
07-03 17:26:12.529 D/INSETS  ( 3839): else - Package Name ::  left : 0 right :: 0 top :: 0 bottom :: 0 dfu-right :: 1920 dfu-bottom :: 1080
07-03 17:26:12.539 D/INSETS  ( 3839): else - Package Name ::  left : 0 right :: 0 top :: 0 bottom :: 0 dfu-right :: 1920 dfu-bottom :: 1080
07-03 17:26:12.557 I/chatty  ( 3839): uid=1000(system) android.display identical 2 lines
07-03 17:26:12.557 D/INSETS  ( 3839): else - Package Name ::  left : 0 right :: 0 top :: 0 bottom :: 0 dfu-right :: 1920 dfu-bottom :: 1080
07-03 17:26:12.565 D/INSETS  ( 3839): else - Package Name ::  left : 0 right :: 0 top :: 0 bottom :: 0 dfu-right :: 1920 dfu-bottom :: 1080
07-03 17:26:12.565 D/INSETS  ( 3839): else - Package Name ::  left : 0 right :: 0 top :: 0 bottom :: 0 dfu-right :: 1920 dfu-bottom :: 1080
07-03 17:26:12.568 D/InputMethodManagerService( 3839): Top Package Name: in.startv.hotstar
07-03 17:26:12.570 W/ContextImpl( 3839): Calling a method in the system process without a qualified user: android.app.ContextImpl.sendBroadcast:1111 com.android.server.inputmethod.InputMethodManagerService.sendSoftInputVisibilityBroadcast:3258 com.android.server.inputmethod.InputMethodManagerService.showCurrentInputLocked:3231 com.android.server.inputmethod.InputMethodManagerService.showMySoftInput:4198 com.android.server.inputmethod.InputMethodManagerService.access$4100:189 
07-03 17:26:12.570 D/INSETS  ( 3839): else - Package Name ::  left : 0 right :: 0 top :: 0 bottom :: 0 dfu-right :: 1920 dfu-bottom :: 1080
07-03 17:26:12.571 D/INSETS  ( 3839): else - Package Name ::  left : 0 right :: 0 top :: 0 bottom :: 0 dfu-right :: 1920 dfu-bottom :: 1080
07-03 17:26:12.618 D/InputMethodManagerService( 3839): Top Package Name: in.startv.hotstar
07-03 17:26:12.619 W/ContextImpl( 3839): Calling a method in the system process without a qualified user: android.app.ContextImpl.sendBroadcast:1111 com.android.server.inputmethod.InputMethodManagerService.sendSoftInputVisibilityBroadcast:3258 com.android.server.inputmethod.InputMethodManagerService.showCurrentInputLocked:3231 com.android.server.inputmethod.InputMethodManagerService.showMySoftInput:4198 com.android.server.inputmethod.InputMethodManagerService.access$4100:189 
07-03 17:26:12.631 D/INSETS  ( 3839): else - Package Name ::  left : 0 right :: 0 top :: 0 bottom :: 0 dfu-right :: 1920 dfu-bottom :: 1080
07-03 17:26:12.631 D/INSETS  ( 3839): else - Package Name ::  left : 0 right :: 0 top :: 0 bottom :: 0 dfu-right :: 1920 dfu-bottom :: 1080
07-03 17:26:12.683 D/INSETS  ( 3839): else - Package Name ::  left : 0 right :: 0 top :: 0 bottom :: 0 dfu-right :: 1920 dfu-bottom :: 1080
07-03 17:26:12.684 D/INSETS  ( 3839): else - Package Name ::  left : 0 right :: 0 top :: 0 bottom :: 0 dfu-right :: 1920 dfu-bottom :: 1080
07-03 17:26:12.733 D/INSETS  ( 3839): else - Package Name ::  left : 0 right :: 0 top :: 0 bottom :: 0 dfu-right :: 1920 dfu-bottom :: 1080
07-03 17:26:12.734 D/INSETS  ( 3839): else - Package Name ::  left : 0 right :: 0 top :: 0 bottom :: 0 dfu-right :: 1920 dfu-bottom :: 1080
07-03 17:26:12.827 W/NotificationHistory( 3839): Attempted to add notif for locked/gone/disabled user 0
07-03 17:26:13.363 D/InputMethodManagerService( 3839): Top Package Name: in.startv.hotstar
07-03 17:26:13.365 W/ContextImpl( 3839): Calling a method in the system process without a qualified user: android.app.ContextImpl.sendBroadcast:1111 com.android.server.inputmethod.InputMethodManagerService.sendSoftInputVisibilityBroadcast:3258 com.android.server.inputmethod.InputMethodManagerService.showCurrentInputLocked:3231 com.android.server.inputmethod.InputMethodManagerService.attachNewInputLocked:2397 com.android.server.inputmethod.InputMethodManagerService.startInputUncheckedLocked:2503 
07-03 17:26:13.369 D/InputMethodManagerService( 3839): Top Package Name: in.startv.hotstar
07-03 17:26:13.370 W/ContextImpl( 3839): Calling a method in the system process without a qualified user: android.app.ContextImpl.sendBroadcast:1111 com.android.server.inputmethod.InputMethodManagerService.sendSoftInputVisibilityBroadcast:3258 com.android.server.inputmethod.InputMethodManagerService.showCurrentInputLocked:3231 com.android.server.inputmethod.InputMethodManagerService.showMySoftInput:4198 com.android.server.inputmethod.InputMethodManagerService.access$4100:189 
07-03 17:26:13.384 D/InputMethodManagerService( 3839): Top Package Name: in.startv.hotstar
07-03 17:26:13.385 W/ContextImpl( 3839): Calling a method in the system process without a qualified user: android.app.ContextImpl.sendBroadcast:1111 com.android.server.inputmethod.InputMethodManagerService.sendSoftInputVisibilityBroadcast:3258 com.android.server.inputmethod.InputMethodManagerService.showCurrentInputLocked:3231 com.android.server.inputmethod.InputMethodManagerService.showMySoftInput:4198 com.android.server.inputmethod.InputMethodManagerService.access$4100:189 
07-03 17:26:13.891 D/InputMethodManagerService( 3839): Top Package Name: in.startv.hotstar
07-03 17:26:13.892 W/ContextImpl( 3839): Calling a method in the system process without a qualified user: android.app.ContextImpl.sendBroadcast:1111 com.android.server.inputmethod.InputMethodManagerService.sendSoftInputVisibilityBroadcast:3258 com.android.server.inputmethod.InputMethodManagerService.showCurrentInputLocked:3231 com.android.server.inputmethod.InputMethodManagerService.attachNewInputLocked:2397 com.android.server.inputmethod.InputMethodManagerService.startInputUncheckedLocked:2503 
07-03 17:26:13.896 D/InputMethodManagerService( 3839): Top Package Name: in.startv.hotstar
07-03 17:26:13.912 W/ContextImpl( 3839): Calling a method in the system process without a qualified user: android.app.ContextImpl.sendBroadcast:1111 com.android.server.inputmethod.InputMethodManagerService.sendSoftInputVisibilityBroadcast:3258 com.android.server.inputmethod.InputMethodManagerService.showCurrentInputLocked:3231 com.android.server.inputmethod.InputMethodManagerService.showMySoftInput:4198 com.android.server.inputmethod.InputMethodManagerService.access$4100:189 
07-03 17:26:13.913 D/INSETS  ( 3839): else - Package Name ::  left : 0 right :: 0 top :: 0 bottom :: 0 dfu-right :: 1920 dfu-bottom :: 1080
07-03 17:26:13.913 D/INSETS  ( 3839): else - Package Name ::  left : 0 right :: 0 top :: 0 bottom :: 0 dfu-right :: 1920 dfu-bottom :: 1080
07-03 17:26:13.928 D/InputMethodManagerService( 3839): Top Package Name: in.startv.hotstar
07-03 17:26:13.931 W/ContextImpl( 3839): Calling a method in the system process without a qualified user: android.app.ContextImpl.sendBroadcast:1111 com.android.server.inputmethod.InputMethodManagerService.sendSoftInputVisibilityBroadcast:3258 com.android.server.inputmethod.InputMethodManagerService.showCurrentInputLocked:3231 com.android.server.inputmethod.InputMethodManagerService.showMySoftInput:4198 com.android.server.inputmethod.InputMethodManagerService.access$4100:189 
07-03 17:26:14.140 W/[ 1522.622836@0]- RTW(    0): Turbo EDCA =0x5ea42b
07-03 17:26:14.262 D/INSETS  ( 3839): else - Package Name ::  left : 0 right :: 0 top :: 0 bottom :: 0 dfu-right :: 1920 dfu-bottom :: 1080
07-03 17:26:14.262 D/INSETS  ( 3839): else - Package Name ::  left : 0 right :: 0 top :: 0 bottom :: 0 dfu-right :: 1920 dfu-bottom :: 1080
07-03 17:26:15.023 D/AutofillManagerService( 3839): onBackKeyPressed()
07-03 17:26:15.026 W/ContextImpl( 3839): Calling a method in the system process without a qualified user: android.app.ContextImpl.sendBroadcast:1111 com.android.server.inputmethod.InputMethodManagerService.sendSoftInputVisibilityBroadcast:3258 com.android.server.inputmethod.InputMethodManagerService.hideCurrentInputLocked:3330 com.android.server.inputmethod.InputMethodManagerService.hideMySoftInput:4180 com.android.server.inputmethod.InputMethodManagerService.access$4000:189 
07-03 17:26:15.035 D/INSETS  ( 3839): else - Package Name ::  left : 0 right :: 0 top :: 0 bottom :: 0 dfu-right :: 1920 dfu-bottom :: 1080
07-03 17:26:15.036 D/INSETS  ( 3839): else - Package Name ::  left : 0 right :: 0 top :: 0 bottom :: 0 dfu-right :: 1920 dfu-bottom :: 1080
07-03 17:26:15.048 D/INSETS  ( 3839): else - Package Name ::  left : 0 right :: 0 top :: 0 bottom :: 0 dfu-right :: 1920 dfu-bottom :: 1080
07-03 17:26:15.049 D/INSETS  ( 3839): else - Package Name ::  left : 0 right :: 0 top :: 0 bottom :: 0 dfu-right :: 1920 dfu-bottom :: 1080
07-03 17:26:15.056 D/INSETS  ( 3839): else - Package Name ::  left : 0 right :: 0 top :: 0 bottom :: 0 dfu-right :: 1920 dfu-bottom :: 1080
07-03 17:26:15.056 D/INSETS  ( 3839): else - Package Name ::  left : 0 right :: 0 top :: 0 bottom :: 0 dfu-right :: 1920 dfu-bottom :: 1080
07-03 17:26:15.269 D/INSETS  ( 3839): else - Package Name ::  left : 0 right :: 0 top :: 0 bottom :: 0 dfu-right :: 1920 dfu-bottom :: 1080
07-03 17:26:15.995 I/UsageStatsService( 3839): User[0] Flushing usage stats to disk
07-03 17:26:16.156 W/[ 1524.638868@0]- RTW(    0): Turbo EDCA =0x431c
07-03 17:26:17.012 W/[ 1525.494605@3]- RTW(    0): fill_default_txdesc(wlan0): SP Packet(0x0806) rate=0x4 SeqNum = 3678
07-03 17:26:17.313 D/InputMethodManagerService( 3839): Top Package Name: in.startv.hotstar
07-03 17:26:17.324 W/ContextImpl( 3839): Calling a method in the system process without a qualified user: android.app.ContextImpl.sendBroadcast:1111 com.android.server.inputmethod.InputMethodManagerService.sendSoftInputVisibilityBroadcast:3258 com.android.server.inputmethod.InputMethodManagerService.showCurrentInputLocked:3231 com.android.server.inputmethod.InputMethodManagerService.showMySoftInput:4198 com.android.server.inputmethod.InputMethodManagerService.access$4100:189 
07-03 17:26:17.327 W/ContextImpl( 3839): Calling a method in the system process without a qualified user: android.app.ContextImpl.sendBroadcast:1111 com.android.server.inputmethod.InputMethodManagerService.sendSoftInputVisibilityBroadcast:3258 com.android.server.inputmethod.InputMethodManagerService.hideCurrentInputLocked:3330 com.android.server.inputmethod.InputMethodManagerService.hideSoftInput:3290 com.android.internal.view.IInputMethodManager$Stub.onTransact:325 
07-03 17:26:17.348 W/ContextImpl( 3839): Calling a method in the system process without a qualified user: android.app.ContextImpl.sendBroadcast:1111 com.android.server.inputmethod.InputMethodManagerService.sendSoftInputVisibilityBroadcast:3258 com.android.server.inputmethod.InputMethodManagerService.hideCurrentInputLocked:3330 com.android.server.inputmethod.InputMethodManagerService.hideSoftInput:3290 com.android.internal.view.IInputMethodManager$Stub.onTransact:325 
07-03 17:26:17.349 D/InputMethodManagerService( 3839): Top Package Name: in.startv.hotstar
07-03 17:26:17.353 W/ContextImpl( 3839): Calling a method in the system process without a qualified user: android.app.ContextImpl.sendBroadcast:1111 com.android.server.inputmethod.InputMethodManagerService.sendSoftInputVisibilityBroadcast:3258 com.android.server.inputmethod.InputMethodManagerService.showCurrentInputLocked:3231 com.android.server.inputmethod.InputMethodManagerService.showMySoftInput:4198 com.android.server.inputmethod.InputMethodManagerService.access$4100:189 
07-03 17:26:17.360 W/ContextImpl( 3839): Calling a method in the system process without a qualified user: android.app.ContextImpl.sendBroadcast:1111 com.android.server.inputmethod.InputMethodManagerService.sendSoftInputVisibilityBroadcast:3258 com.android.server.inputmethod.InputMethodManagerService.hideCurrentInputLocked:3330 com.android.server.inputmethod.InputMethodManagerService.hideSoftInput:3290 com.android.internal.view.IInputMethodManager$Stub.onTransact:325 
07-03 17:26:17.389 D/INSETS  ( 3839): else - Package Name ::  left : 0 right :: 0 top :: 0 bottom :: 0 dfu-right :: 1920 dfu-bottom :: 1080
07-03 17:26:17.398 W/ContextImpl( 3839): Calling a method in the system process without a qualified user: android.app.ContextImpl.sendBroadcast:1111 com.android.server.inputmethod.InputMethodManagerService.sendSoftInputVisibilityBroadcast:3258 com.android.server.inputmethod.InputMethodManagerService.hideCurrentInputLocked:3330 com.android.server.inputmethod.InputMethodManagerService.hideSoftInput:3290 com.android.internal.view.IInputMethodManager$Stub.onTransact:325 
07-03 17:26:17.448 D/InputMethodManagerService( 3839): Top Package Name: in.startv.hotstar
07-03 17:26:17.456 W/ContextImpl( 3839): Calling a method in the system process without a qualified user: android.app.ContextImpl.sendBroadcast:1111 com.android.server.inputmethod.InputMethodManagerService.sendSoftInputVisibilityBroadcast:3258 com.android.server.inputmethod.InputMethodManagerService.showCurrentInputLocked:3231 com.android.server.inputmethod.InputMethodManagerService.showMySoftInput:4198 com.android.server.inputmethod.InputMethodManagerService.access$4100:189 
07-03 17:26:17.480 D/InputMethodManagerService( 3839): Top Package Name: in.startv.hotstar
07-03 17:26:17.481 W/ContextImpl( 3839): Calling a method in the system process without a qualified user: android.app.ContextImpl.sendBroadcast:1111 com.android.server.inputmethod.InputMethodManagerService.sendSoftInputVisibilityBroadcast:3258 com.android.server.inputmethod.InputMethodManagerService.showCurrentInputLocked:3231 com.android.server.inputmethod.InputMethodManagerService.showMySoftInput:4198 com.android.server.inputmethod.InputMethodManagerService.access$4100:189 
07-03 17:26:17.508 D/InputMethodManagerService( 3839): Top Package Name: in.startv.hotstar
07-03 17:26:17.509 W/ContextImpl( 3839): Calling a method in the system process without a qualified user: android.app.ContextImpl.sendBroadcast:1111 com.android.server.inputmethod.InputMethodManagerService.sendSoftInputVisibilityBroadcast:3258 com.android.server.inputmethod.InputMethodManagerService.showCurrentInputLocked:3231 com.android.server.inputmethod.InputMethodManagerService.showMySoftInput:4198 com.android.server.inputmethod.InputMethodManagerService.access$4100:189 
07-03 17:26:17.525 D/InputMethodManagerService( 3839): Top Package Name: in.startv.hotstar
07-03 17:26:17.526 W/ContextImpl( 3839): Calling a method in the system process without a qualified user: android.app.ContextImpl.sendBroadcast:1111 com.android.server.inputmethod.InputMethodManagerService.sendSoftInputVisibilityBroadcast:3258 com.android.server.inputmethod.InputMethodManagerService.showCurrentInputLocked:3231 com.android.server.inputmethod.InputMethodManagerService.showMySoftInput:4198 com.android.server.inputmethod.InputMethodManagerService.access$4100:189 
07-03 17:26:17.560 W/NotificationHistory( 3839): Attempted to add notif for locked/gone/disabled user 0
07-03 17:26:17.717 W/NotificationHistory( 3839): Attempted to add notif for locked/gone/disabled user 0
07-03 17:26:17.740 D/INSETS  ( 3839): else - Package Name ::  left : 0 right :: 0 top :: 0 bottom :: 0 dfu-right :: 1920 dfu-bottom :: 1080
07-03 17:26:17.818 D/InputMethodManagerService( 3839): Top Package Name: in.startv.hotstar
07-03 17:26:17.819 W/ContextImpl( 3839): Calling a method in the system process without a qualified user: android.app.ContextImpl.sendBroadcast:1111 com.android.server.inputmethod.InputMethodManagerService.sendSoftInputVisibilityBroadcast:3258 com.android.server.inputmethod.InputMethodManagerService.showCurrentInputLocked:3231 com.android.server.inputmethod.InputMethodManagerService.attachNewInputLocked:2397 com.android.server.inputmethod.InputMethodManagerService.startInputUncheckedLocked:2503 
07-03 17:26:17.926 D/InputMethodManagerService( 3839): Top Package Name: in.startv.hotstar
07-03 17:26:17.926 W/ContextImpl( 3839): Calling a method in the system process without a qualified user: android.app.ContextImpl.sendBroadcast:1111 com.android.server.inputmethod.InputMethodManagerService.sendSoftInputVisibilityBroadcast:3258 com.android.server.inputmethod.InputMethodManagerService.showCurrentInputLocked:3231 com.android.server.inputmethod.InputMethodManagerService.showMySoftInput:4198 com.android.server.inputmethod.InputMethodManagerService.access$4100:189 
07-03 17:26:17.978 D/INSETS  ( 3839): else - Package Name ::  left : 0 right :: 0 top :: 0 bottom :: 0 dfu-right :: 1920 dfu-bottom :: 1080
07-03 17:26:18.022 I/chatty  ( 3839): uid=1000(system) Binder:3839_1 identical 1 line
07-03 17:26:18.023 D/INSETS  ( 3839): else - Package Name ::  left : 0 right :: 0 top :: 0 bottom :: 0 dfu-right :: 1920 dfu-bottom :: 1080
07-03 17:26:18.041 D/INSETS  ( 3839): else - Package Name ::  left : 0 right :: 0 top :: 0 bottom :: 0 dfu-right :: 1920 dfu-bottom :: 1080
07-03 17:26:18.041 D/INSETS  ( 3839): else - Package Name ::  left : 0 right :: 0 top :: 0 bottom :: 0 dfu-right :: 1920 dfu-bottom :: 1080
07-03 17:26:18.066 W/ContextImpl( 3839): Calling a method in the system process without a qualified user: android.app.ContextImpl.sendBroadcast:1111 com.android.server.inputmethod.InputMethodManagerService.sendSoftInputVisibilityBroadcast:3258 com.android.server.inputmethod.InputMethodManagerService.hideCurrentInputLocked:3330 com.android.server.inputmethod.InputMethodManagerService.hideMySoftInput:4180 com.android.server.inputmethod.InputMethodManagerService.access$4000:189 
07-03 17:26:18.101 D/INSETS  ( 3839): else - Package Name ::  left : 0 right :: 0 top :: 0 bottom :: 0 dfu-right :: 1920 dfu-bottom :: 1080
07-03 17:26:18.102 D/INSETS  ( 3839): else - Package Name ::  left : 0 right :: 0 top :: 0 bottom :: 0 dfu-right :: 1920 dfu-bottom :: 1080
07-03 17:26:18.107 D/INSETS  ( 3839): else - Package Name ::  left : 0 right :: 0 top :: 0 bottom :: 0 dfu-right :: 1920 dfu-bottom :: 1080
07-03 17:26:18.107 D/INSETS  ( 3839): else - Package Name ::  left : 0 right :: 0 top :: 0 bottom :: 0 dfu-right :: 1920 dfu-bottom :: 1080
07-03 17:26:18.137 W/NotificationHistory( 3839): Attempted to add notif for locked/gone/disabled user 0
07-03 17:26:18.256 D/INSETS  ( 3839): else - Package Name ::  left : 0 right :: 0 top :: 0 bottom :: 0 dfu-right :: 1920 dfu-bottom :: 1080
07-03 17:26:18.283 I/chatty  ( 3839): uid=1000(system) android.display identical 4 lines
07-03 17:26:18.284 D/INSETS  ( 3839): else - Package Name ::  left : 0 right :: 0 top :: 0 bottom :: 0 dfu-right :: 1920 dfu-bottom :: 1080
07-03 17:26:18.492 D/INSETS  ( 3839): else - Package Name ::  left : 0 right :: 0 top :: 0 bottom :: 0 dfu-right :: 1920 dfu-bottom :: 1080
07-03 17:26:19.940 W/[ 1528.425637@1]- RTW(    0): fill_default_txdesc(wlan0): SP Packet(0x0806) rate=0x4 SeqNum = 13
07-03 17:26:20.188 W/[ 1528.672376@0]- RTW(    0): Turbo EDCA =0x5ea42b
07-03 17:26:20.325 D/INSETS  ( 3839): else - Package Name ::  left : 0 right :: 0 top :: 0 bottom :: 0 dfu-right :: 1920 dfu-bottom :: 1080
07-03 17:26:20.400 D/ConnectivityService( 3839): requestNetwork for uid/pid:10066/14397 NetworkRequest [ TRACK_DEFAULT id=25, [ Capabilities: INTERNET&NOT_RESTRICTED&TRUSTED Uid: 10066 AdministratorUids: [] RequestorUid: 10066 RequestorPackageName: in.startv.hotstar] ]
07-03 17:26:20.401 D/ConnectivityService( 3839): NetReassign [25 : null  100]
07-03 17:26:21.112 D/CompatibilityChangeReporter( 3839): Compat change id reported: 135634846; UID 10012; state: DISABLED
07-03 17:26:21.113 D/CompatibilityChangeReporter( 3839): Compat change id reported: 143937733; UID 10012; state: ENABLED
07-03 17:26:21.144 I/ActivityManager( 3839): Start proc 14754:com.jio.stb.catv/u0a12 for service {com.jio.stb.catv/com.jio.stb.catv.livetvlib.service.LiveTVLibService}
07-03 17:26:21.376 D/INSETS  ( 3839): else - Package Name ::  left : 0 right :: 0 top :: 0 bottom :: 0 dfu-right :: 1920 dfu-bottom :: 1080
07-03 17:26:21.593 D/ConnectivityService( 3839): requestNetwork for uid/pid:10012/14754 NetworkRequest [ REQUEST id=26, [ Transports: CELLULAR|WIFI|ETHERNET Capabilities: INTERNET&NOT_RESTRICTED&TRUSTED&NOT_VPN Uid: 10012 AdministratorUids: [] RequestorUid: 10012 RequestorPackageName: com.jio.stb.catv] ]
07-03 17:26:21.594 D/ConnectivityService( 3839): NetReassign [26 : null  100]
07-03 17:26:22.151 W/[ 1530.635006@3]- RTW(    0): fill_default_txdesc(wlan0): SP Packet(0x0806) rate=0x4 SeqNum = 370
07-03 17:26:26.096 I/UsageStatsService( 3839): User[0] Flushing usage stats to disk
07-03 17:26:26.261 W/[ 1534.745670@0]- RTW(    0): fill_default_txdesc(wlan0): SP Packet(0x0806) rate=0x4 SeqNum = 739
07-03 17:26:27.037 I/[ 1535.519403@1]- resman(    0): 26 appname:OMX-23, type=0
07-03 17:26:27.194 I/[ 1535.664093@2]- resman(    0): 26 acquire [codec_mm], preempt yes
07-03 17:26:27.194 I/[ 1535.664104@2]- resman(    0): 26 score 60 secure no
07-03 17:26:27.195 I/[ 1535.664109@2]- resman(    0): 26 acquire [codec_mm] success
07-03 17:26:27.195 D/        (    0): [ 1535.664215@2]- the demux           clock on, ref cnt: 2
07-03 17:26:27.195 D/        (    0): [ 1535.664221@2]- the parser_top      clock on, ref cnt: 2
07-03 17:26:27.195 D/        (    0): [ 1535.664232@2]- the vdec            clock on, ref cnt: 1
07-03 17:26:27.195 D/        (    0): [ 1535.664274@2]- the clk_hevc_mux    clock on, ref cnt: 1
07-03 17:26:27.195 D/        (    0): [ 1535.664295@2]- the clk_hevcb_mux   clock on, ref cnt: 1
07-03 17:26:27.195 D/        (    0): [ 1535.664737@2]- hevc mux clock is 499999992 Hz
07-03 17:26:27.195 D/        (    0): [ 1535.664819@2]- hevc back mux clock is 499999992 Hz
07-03 17:26:27.195 D/        (    0): [ 1535.664912@2]- vdec_create instance 0000000096ee8084, total 1, PM: legacy
07-03 17:26:27.195 D/        (    0): [ 1535.664969@2]- no drmmode
07-03 17:26:27.195 I/        (    0): [ 1535.665040@2]- is_reset=0
07-03 17:26:27.195 I/        (    0): [ 1535.665065@2]- vdec_init, dev_name:ammvdec_h265, vdec_type=VDEC_TYPE_FRAME_BLOCK  id = 0
07-03 17:26:27.195 D/[ 1535.665922@2]- [0]pdata->config=hevc_buf_width(    0): 1920;hevc_buf_height:1088;hevc_buf_margin:0;hevc_double_write_mode:16;save_buffer_mode:0;
07-03 17:26:27.195 D/        (    0): [ 1535.665980@2]- decoder_bmmu_box_alloc_box, tvp_flags = 0
07-03 17:26:27.195 D/        (    0): [ 1535.671676@0]- [0]dynamic_buf_num_margin=9
07-03 17:26:27.195 D/        (    0): [ 1535.671684@0]- [0]double_write_mode=16
07-03 17:26:27.195 D/[ 1535.671693@0]- [0]h265(    0): pts_unstable=0
07-03 17:26:27.195 D/[ 1535.671699@0]- [0]h265(    0): ver (201602101,0) decinfo: 0x0 rate=3600
07-03 17:26:27.195 I/        (    0): [ 1535.674855@0]- [TEE], the fw (hevc_mmu) will be loaded.
07-03 17:26:27.195 D/        (    0): [ 1535.674960@0]- hevc mux clock is 666666656 Hz
07-03 17:26:27.195 D/        (    0): [ 1535.674994@0]- hevc back mux clock is 666666656 Hz
07-03 17:26:27.195 D/        (    0): [ 1535.675000@0]- hevc video changed to 3840 x 2160 60 fps clk->667MHZ
07-03 17:26:27.195 D/        (    0): [ 1535.675040@0]- vfm map vdec-map-0 created
07-03 17:26:27.195 I/[ 1535.675061@0]- dim(    0): ch[1]:di_receiver_event_fun,8:_REG
07-03 17:26:27.195 I/[ 1535.675066@0]- dim(    0): reg:vdec.h265.00[4]
07-03 17:26:27.195 I/[ 1535.675181@0]- dim(    0): reg:use[0]ms
07-03 17:26:27.195 E/[ 1535.675200@0]- reg(    0): v4lvideo
07-03 17:26:27.195 I/[ 1535.675207@0]- dim(    0): ch[1]:di_receiver_event_fun,3:_START
07-03 17:26:27.195 D/        (    0): [ 1535.675213@0]- vdec_init, vf_provider_name = vdec.h265.00, b 0
07-03 17:26:27.197 I/        (    0): [ 1535.682429@1]- vdec->port_flag=0x102, port_flag=0x10b
07-03 17:26:27.199 D/[ 1535.685400@1]- v4lvid(    0): dbg: v4lvideo open
07-03 17:26:27.224 E/        (    0): [ 1535.700560@3]- mmu box NULL !!!
07-03 17:26:27.224 D/        (    0): [ 1535.700574@3]- [0]vh265 cached=0  need_size=6144 speed= 36 ms
07-03 17:26:27.257 D/        (    0): [ 1535.701142@0]- [0]hevc->performance_profile 0
07-03 17:26:27.257 D/        (    0): [ 1535.701151@0]- [0]set pic_list_init_flag 1
07-03 17:26:27.305 D/        (    0): [ 1535.790421@0]- [0]init_buf_spec2 1920 1080
07-03 17:26:27.305 D/        (    0): [ 1535.790430@0]- [0]set pic_list_init_flag to 2
07-03 17:26:27.305 D/        (    0): [ 1535.790519@0]- [0]set pic_list_init_flag to 3
07-03 17:26:27.305 D/        (    0): [ 1535.790523@0]- [vdec_kpi][vh265_isr_thread_fn] First I frame coming.
07-03 17:26:27.310 D/[ 1535.794647@1]- [0]VH265(    0): output first frame
07-03 17:26:27.318 D/        (    0): [ 1535.794669@1]- [vdec_kpi][post_video_frame] First I frame decoded.
07-03 17:26:27.318 I/[ 1535.794716@0]- dim(    0): value reg:ch[1]:fix_buf:0;ponly <0,0>
07-03 17:26:27.318 I/[ 1535.794727@0]- dim(    0): 1920x1080-0x9000.
07-03 17:26:27.318 I/[ 1535.794859@1]- v4lvideo(    0): provider name: vdec.h265.00
07-03 17:26:27.340 D/        (    0): [ 1535.826319@2]- cal_dur_from_pts vstatus 3840 dur3600 -> 3840, revised 3840
07-03 17:26:27.349 I/[ 1535.831978@2]- vframe_rate_uevent(    0): sent uevent FRAME_RATE_HINT=3840
07-03 17:26:27.548 I/[ 1536.032586@1]- VID(    0): VD1 off
07-03 17:26:27.553 I/[ 1536.035117@1]- vc(    0): [0]vc: set enable index=0, val=1
07-03 17:26:27.563 I/        (    0): [ 1536.035137@1]- dev->index =0, val=2
07-03 17:26:27.563 I/[ 1536.035143@1]- VID(    0): VD1 off
07-03 17:26:27.563 I/[ 1536.035151@1]- VID(    0): VD1 set global output as 1
07-03 17:26:27.563 I/[ 1536.035191@1]- VID(    0): store VD0 path_id changed -1->2
07-03 17:26:27.563 I/[ 1536.035248@1]- vc(    0): [0]sideband_type =-1
07-03 17:26:28.252 W/[ 1536.735032@1]- RTW(    0): Turbo EDCA =0x431c
07-03 17:26:31.380 W/[ 1539.864720@2]- RTW(    0): fill_default_txdesc(wlan0): SP Packet(0x0806) rate=0x4 SeqNum = 1139
07-03 17:26:32.918 D/CompatibilityChangeReporter( 3839): Compat change id reported: 135634846; UID 10012; state: DISABLED
07-03 17:26:32.919 D/CompatibilityChangeReporter( 3839): Compat change id reported: 143937733; UID 10012; state: ENABLED
07-03 17:26:32.945 I/ActivityManager( 3839): Start proc 14896:com.android.webview:sandboxed_process0:org.chromium.content.app.SandboxedProcessService0:0/u0i2 for  {com.jio.stb.catv/org.chromium.content.app.SandboxedProcessService0:0}
07-03 17:26:33.199 W/[ 1541.682574@0]- RTW(    0): cfg80211_rtw_scan(wlan0)
07-03 17:26:33.210 W/[ 1541.682589@0]- RTW(    0): WARN cfg80211_rtw_scan (wlan0) : scan abort!! BusyTraffic
07-03 17:26:36.197 I/UsageStatsService( 3839): User[0] Flushing usage stats to disk
07-03 17:26:36.468 W/[ 1544.954105@3]- RTW(    0): fill_default_txdesc(wlan0): SP Packet(0x0806) rate=0x4 SeqNum = 2277
07-03 17:26:38.332 W/[ 1546.814772@3]- RTW(    0): Turbo EDCA =0x5ea42b
07-03 17:26:40.353 W/[ 1548.835216@3]- RTW(    0): Turbo EDCA =0x431c
07-03 17:26:40.812 I/        (    0): [ 1549.298110@0]- is_reset=1
07-03 17:26:40.813 I/[ 1549.298857@0]- vframe_rate_uevent(    0): sent uevent FRAME_RATE_HINT=0
07-03 17:26:40.816 I/[ 1549.300680@0]- dim(    0): ch[1]:di_receiver_event_fun,1:_UNREG
07-03 17:26:40.816 E/[ 1549.300719@0]- unreg(    0): v4lvideo
07-03 17:26:40.816 I/[ 1549.300779@0]- dim(    0): unreg:2keep[0], msk:[0x0,0x0]
07-03 17:26:40.829 I/[ 1549.312106@0]- dim(    0): unreg:use[12]ms
07-03 17:26:40.829 D/        (    0): [ 1549.312138@0]- vdec_disable_DMC input->target= 0x1
07-03 17:26:40.829 D/        (    0): [ 1549.314273@0]- vdec_release instance 0000000096ee8084, total 1 id = 0
07-03 17:26:40.829 D/        (    0): [ 1549.314465@0]- the clk_hevc_mux    clock off, ref cnt: 0
07-03 17:26:40.829 D/        (    0): [ 1549.314472@0]- the clk_hevcb_mux   clock off, ref cnt: 0
07-03 17:26:40.829 D/        (    0): [ 1549.314555@0]- the vdec            clock off, ref cnt: 0
07-03 17:26:40.829 D/        (    0): [ 1549.314559@0]- the parser_top      clock off, ref cnt: 1
07-03 17:26:40.829 D/        (    0): [ 1549.314563@0]- the demux           clock off, ref cnt: 1
07-03 17:26:40.829 D/        (    0): [ 1549.314672@0]- the demux           clock on, ref cnt: 2
07-03 17:26:40.829 D/        (    0): [ 1549.314676@0]- the parser_top      clock on, ref cnt: 2
07-03 17:26:40.829 D/        (    0): [ 1549.314683@0]- the vdec            clock on, ref cnt: 1
07-03 17:26:40.829 D/        (    0): [ 1549.314702@0]- the clk_hevc_mux    clock on, ref cnt: 1
07-03 17:26:40.829 D/        (    0): [ 1549.314707@0]- the clk_hevcb_mux   clock on, ref cnt: 1
07-03 17:26:40.829 D/        (    0): [ 1549.314738@0]- hevc mux clock is 499999992 Hz
07-03 17:26:40.829 D/        (    0): [ 1549.314755@0]- hevc back mux clock is 499999992 Hz
07-03 17:26:40.829 D/        (    0): [ 1549.314943@0]- vdec_create instance 0000000011c1fc1d, total 1, PM: legacy
07-03 17:26:40.829 D/        (    0): [ 1549.315008@0]- no drmmode
07-03 17:26:40.829 I/        (    0): [ 1549.315061@0]- is_reset=1
07-03 17:26:40.829 I/        (    0): [ 1549.315087@0]- vdec_init, dev_name:ammvdec_h265, vdec_type=VDEC_TYPE_FRAME_BLOCK  id = 0
07-03 17:26:40.832 D/[ 1549.315784@0]- [0]pdata->config=hevc_buf_width(    0): 1920;hevc_buf_height:1088;hevc_buf_margin:0;hevc_double_write_mode:16;save_buffer_mode:0;
07-03 17:26:40.832 D/        (    0): [ 1549.315817@0]- decoder_bmmu_box_alloc_box, tvp_flags = 0
07-03 17:26:40.832 D/        (    0): [ 1549.316270@0]- [0]dynamic_buf_num_margin=9
07-03 17:26:40.832 D/        (    0): [ 1549.316276@0]- [0]double_write_mode=16
07-03 17:26:40.832 D/[ 1549.316284@0]- [0]h265(    0): pts_unstable=0
07-03 17:26:40.832 D/[ 1549.316290@0]- [0]h265(    0): ver (201602101,0) decinfo: 0x0 rate=3600
07-03 17:26:40.836 I/        (    0): [ 1549.321307@3]- [TEE], the fw (hevc_mmu) will be loaded.
07-03 17:26:40.837 D/        (    0): [ 1549.321353@3]- hevc mux clock is 666666656 Hz
07-03 17:26:40.837 D/        (    0): [ 1549.321369@3]- hevc back mux clock is 666666656 Hz
07-03 17:26:40.837 D/        (    0): [ 1549.321375@3]- hevc video changed to 3840 x 2160 60 fps clk->667MHZ
07-03 17:26:40.837 D/        (    0): [ 1549.321421@3]- vfm map vdec-map-0 created
07-03 17:26:40.837 I/[ 1549.321441@3]- dim(    0): ch[1]:di_receiver_event_fun,8:_REG
07-03 17:26:40.837 I/[ 1549.321446@3]- dim(    0): reg:vdec.h265.00[5]
07-03 17:26:40.837 I/[ 1549.321997@3]- dim(    0): reg:use[0]ms
07-03 17:26:40.837 E/[ 1549.322023@3]- reg(    0): v4lvideo
07-03 17:26:40.837 I/[ 1549.322031@3]- dim(    0): ch[1]:di_receiver_event_fun,3:_START
07-03 17:26:40.837 D/        (    0): [ 1549.322036@3]- vdec_init, vf_provider_name = vdec.h265.00, b 0
07-03 17:26:40.837 I/        (    0): [ 1549.322744@3]- vdec->port_flag=0x102, port_flag=0x10b
07-03 17:26:40.837 I/        (    0): [ 1549.322874@3]- is_reset=0
07-03 17:26:40.876 I/        (    0): [ 1549.361398@0]- is_reset=1
07-03 17:26:40.876 I/[ 1549.361686@0]- vframe_rate_uevent(    0): sent uevent FRAME_RATE_HINT=0
07-03 17:26:40.876 I/[ 1549.362189@0]- dim(    0): ch[1]:di_receiver_event_fun,1:_UNREG
07-03 17:26:40.877 E/[ 1549.362204@0]- unreg(    0): v4lvideo
07-03 17:26:40.877 I/[ 1549.362264@0]- dim(    0): unreg:use[0]ms
07-03 17:26:40.877 D/        (    0): [ 1549.362284@0]- vdec_disable_DMC input->target= 0x1
07-03 17:26:40.879 D/        (    0): [ 1549.362790@1]- vdec_release instance 0000000011c1fc1d, total 1 id = 0
07-03 17:26:40.879 D/        (    0): [ 1549.363064@1]- the clk_hevc_mux    clock off, ref cnt: 0
07-03 17:26:40.879 D/        (    0): [ 1549.363071@1]- the clk_hevcb_mux   clock off, ref cnt: 0
07-03 17:26:40.879 D/        (    0): [ 1549.363080@1]- the vdec            clock off, ref cnt: 0
07-03 17:26:40.879 D/        (    0): [ 1549.363084@1]- the parser_top      clock off, ref cnt: 1
07-03 17:26:40.879 D/        (    0): [ 1549.363087@1]- the demux           clock off, ref cnt: 1
07-03 17:26:40.879 D/        (    0): [ 1549.363154@1]- the demux           clock on, ref cnt: 2
07-03 17:26:40.879 D/        (    0): [ 1549.363158@1]- the parser_top      clock on, ref cnt: 2
07-03 17:26:40.879 D/        (    0): [ 1549.363164@1]- the vdec            clock on, ref cnt: 1
07-03 17:26:40.879 D/        (    0): [ 1549.363182@1]- the clk_hevc_mux    clock on, ref cnt: 1
07-03 17:26:40.879 D/        (    0): [ 1549.363187@1]- the clk_hevcb_mux   clock on, ref cnt: 1
