07-03 16:16:25.194 W/[12293.092941@1]- RTW(    0): fill_default_txdesc(wlan0): SP Packet(0x0806) rate=0x4 SeqNum = 3368
07-03 16:16:28.362 W/[12296.261777@0]- audit(    0): audit_lost=4747 audit_rate_limit=5 audit_backlog_limit=64
07-03 16:16:28.362 E/[12296.261785@0]- audit(    0): rate limit exceeded
07-03 16:16:30.286 W/[12298.184652@3]- RTW(    0): fill_default_txdesc(wlan0): SP Packet(0x0806) rate=0x4 SeqNum = 3413
07-03 16:16:32.227 W/[12300.126949@1]- RTW(    0): Turbo EDCA =0x431c
07-03 16:16:34.250 W/[12302.148355@2]- RTW(    0): Turbo EDCA =0x5ea42b
07-03 16:16:35.110 W/[12303.010264@1]- RTW(    0): fill_default_txdesc(wlan0): SP Packet(0x0806) rate=0x4 SeqNum = 3440
07-03 16:16:37.575 W/[12305.470699@2]- RTW(    0): fill_default_txdesc(wlan0): SP Packet(0x0806) rate=0x4 SeqNum = 3445
07-03 16:16:40.402 W/[12308.299526@1]- healthd(    0): battery l=100 v=4 t=0.0 h=2 st=2 c=1100 fc=10000000 chg=u
07-03 16:16:40.474 W/[12308.373305@1]- RTW(    0): fill_default_txdesc(wlan0): SP Packet(0x0806) rate=0x4 SeqNum = 3452
07-03 16:16:45.538 W/[12313.434901@0]- RTW(    0): fill_default_txdesc(wlan0): SP Packet(0x0806) rate=0x4 SeqNum = 3464
07-03 16:16:50.650 W/[12318.548759@1]- RTW(    0): fill_default_txdesc(wlan0): SP Packet(0x0806) rate=0x4 SeqNum = 3476
07-03 16:16:52.485 W/[12320.383602@3]- audit(    0): audit_lost=4749 audit_rate_limit=5 audit_backlog_limit=64
07-03 16:16:52.485 E/[12320.383611@3]- audit(    0): rate limit exceeded
07-03 16:16:52.678 W/[12320.574854@2]- RTW(    0): fill_default_txdesc(wlan0): SP Packet(0x0806) rate=0x4 SeqNum = 3480
07-03 16:16:55.090 W/[12322.987610@3]- RTW(    0): fill_default_txdesc(wlan0): SP Packet(0x0806) rate=0x4 SeqNum = 3488
07-03 16:16:56.422 W/[12324.318926@0]- RTW(    0): Turbo EDCA =0x431c
07-03 16:16:58.436 W/[12326.335152@3]- RTW(    0): Turbo EDCA =0x5ea42b
07-03 16:17:00.814 W/[12328.711020@1]- RTW(    0): fill_default_txdesc(wlan0): SP Packet(0x0806) rate=0x4 SeqNum = 3529
07-03 16:17:02.470 W/[12330.366986@1]- RTW(    0): Turbo EDCA =0x431c
07-03 16:17:04.486 W/[12332.383544@3]- RTW(    0): Turbo EDCA =0x5ea42b
07-03 16:17:05.846 W/[12333.743948@2]- RTW(    0): fill_default_txdesc(wlan0): SP Packet(0x0806) rate=0x4 SeqNum = 3539
07-03 16:17:08.038 W/[12335.934692@3]- RTW(    0): fill_default_txdesc(wlan0): SP Packet(0x0806) rate=0x4 SeqNum = 3544
07-03 16:17:10.618 W/[12338.517464@2]- RTW(    0): fill_default_txdesc(wlan0): SP Packet(0x0806) rate=0x4 SeqNum = 3552
07-03 16:17:16.074 W/[12343.972575@2]- RTW(    0): fill_default_txdesc(wlan0): SP Packet(0x0806) rate=0x4 SeqNum = 3564
07-03 16:17:21.102 W/[12349.001862@2]- RTW(    0): fill_default_txdesc(wlan0): SP Packet(0x0806) rate=0x4 SeqNum = 3577
07-03 16:17:22.630 W/[12350.530264@3]- RTW(    0): Turbo EDCA =0x431c
07-03 16:17:23.143 W/[12351.038902@2]- RTW(    0): fill_default_txdesc(wlan0): SP Packet(0x0806) rate=0x4 SeqNum = 3597
07-03 16:17:24.645 W/[12352.543242@3]- RTW(    0): Turbo EDCA =0x5ea42b
07-03 16:17:26.194 W/[12354.090654@0]- RTW(    0): fill_default_txdesc(wlan0): SP Packet(0x0806) rate=0x4 SeqNum = 3614
07-03 16:17:28.374 W/[12356.271527@3]- audit(    0): audit_lost=4777 audit_rate_limit=5 audit_backlog_limit=64
07-03 16:17:28.374 E/[12356.271535@3]- audit(    0): rate limit exceeded
07-03 16:17:28.714 W/[12356.612757@3]- RTW(    0): cfg80211_rtw_scan(wlan0)
07-03 16:17:28.714 W/[12356.612773@3]- RTW(    0): WARN cfg80211_rtw_scan (wlan0) : scan abort!! BusyTraffic
07-03 16:17:31.304 W/[12359.201350@1]- RTW(    0): fill_default_txdesc(wlan0): SP Packet(0x0806) rate=0x4 SeqNum = 3670
07-03 16:17:31.686 W/[12359.583697@2]- RTW(    0): fill_default_txdesc(wlan0): SP Packet(0x0806) rate=0x4 SeqNum = 3671
07-03 16:17:31.846 W/[12359.742683@3]- RTW(    0): fill_default_txdesc(wlan0): SP Packet(0x0806) rate=0x4 SeqNum = 3672
07-03 16:17:36.398 W/[12364.297180@3]- RTW(    0): fill_default_txdesc(wlan0): SP Packet(0x0806) rate=0x4 SeqNum = 3685
07-03 16:17:38.244 W/[12366.142731@2]- RTW(    0): fill_default_txdesc(wlan0): SP Packet(0x0806) rate=0x4 SeqNum = 3691
07-03 16:17:40.398 W/[12368.298412@3]- healthd(    0): battery l=100 v=4 t=0.0 h=2 st=2 c=1100 fc=10000000 chg=u
07-03 16:17:41.423 W/[12369.320047@1]- RTW(    0): fill_default_txdesc(wlan0): SP Packet(0x0806) rate=0x4 SeqNum = 3700
07-03 16:17:46.114 W/[12374.010751@1]- RTW(    0): fill_default_txdesc(wlan0): SP Packet(0x0806) rate=0x4 SeqNum = 3712
07-03 16:17:46.819 W/[12374.718949@1]- RTW(    0): Turbo EDCA =0x431c
07-03 16:17:48.838 W/[12376.735545@2]- RTW(    0): Turbo EDCA =0x5ea42b
07-03 16:17:51.310 W/[12379.209509@3]- RTW(    0): fill_default_txdesc(wlan0): SP Packet(0x0806) rate=0x4 SeqNum = 3750
07-03 16:17:53.346 W/[12381.246687@1]- RTW(    0): fill_default_txdesc(wlan0): SP Packet(0x0806) rate=0x4 SeqNum = 3754
07-03 16:17:56.742 W/[12384.641033@1]- RTW(    0): fill_default_txdesc(wlan0): SP Packet(0x0806) rate=0x4 SeqNum = 3763
07-03 16:18:01.370 W/[12389.268828@2]- RTW(    0): fill_default_txdesc(wlan0): SP Packet(0x0806) rate=0x4 SeqNum = 3781
07-03 16:18:02.950 W/[12390.847042@2]- RTW(    0): Turbo EDCA =0x431c
07-03 16:18:04.966 W/[12392.863392@1]- RTW(    0): Turbo EDCA =0x5ea42b
07-03 16:18:05.898 W/[12393.794725@0]- RTW(    0): fill_default_txdesc(wlan0): SP Packet(0x0806) rate=0x4 SeqNum = 3791
07-03 16:18:06.894 W/[12394.791928@2]- RTW(    0): fill_default_txdesc(wlan0): SP Packet(0x0806) rate=0x4 SeqNum = 3804
07-03 16:18:08.455 W/[12396.352125@2]- RTW(    0): fill_default_txdesc(wlan0): SP Packet(0x0806) rate=0x4 SeqNum = 3807
07-03 16:18:11.971 W/[12399.870266@2]- RTW(    0): fill_default_txdesc(wlan0): SP Packet(0x0806) rate=0x4 SeqNum = 3832
07-03 16:18:13.030 W/[12400.926955@2]- RTW(    0): Turbo EDCA =0x431c
07-03 16:18:15.046 W/[12402.942976@2]- RTW(    0): Turbo EDCA =0x5ea42b
07-03 16:18:17.074 W/[12404.971217@2]- RTW(    0): fill_default_txdesc(wlan0): SP Packet(0x0806) rate=0x4 SeqNum = 3844
07-03 16:18:22.122 W/[12410.021539@1]- RTW(    0): fill_default_txdesc(wlan0): SP Packet(0x0806) rate=0x4 SeqNum = 3855
07-03 16:18:23.810 W/[12411.710692@2]- RTW(    0): fill_default_txdesc(wlan0): SP Packet(0x0806) rate=0x4 SeqNum = 3860
07-03 16:18:27.226 W/[12415.123680@3]- RTW(    0): fill_default_txdesc(wlan0): SP Packet(0x0806) rate=0x4 SeqNum = 3869
07-03 16:18:32.286 W/[12420.183688@3]- RTW(    0): fill_default_txdesc(wlan0): SP Packet(0x0806) rate=0x4 SeqNum = 3913
07-03 16:18:37.222 W/[12425.118904@2]- RTW(    0): Turbo EDCA =0x431c
07-03 16:18:37.390 W/[12425.287873@2]- RTW(    0): fill_default_txdesc(wlan0): SP Packet(0x0806) rate=0x4 SeqNum = 3944
07-03 16:18:38.918 W/[12426.815484@3]- RTW(    0): fill_default_txdesc(wlan0): SP Packet(0x0806) rate=0x4 SeqNum = 3948
07-03 16:18:39.238 W/[12427.134952@2]- RTW(    0): Turbo EDCA =0x5ea42b
07-03 16:18:40.398 W/[12428.298524@1]- healthd(    0): battery l=100 v=4 t=0.0 h=2 st=2 c=1100 fc=10000000 chg=u
07-03 16:18:42.462 W/[12430.358630@2]- RTW(    0): fill_default_txdesc(wlan0): SP Packet(0x0806) rate=0x4 SeqNum = 3957
07-03 16:18:47.562 W/[12435.460820@1]- RTW(    0): fill_default_txdesc(wlan0): SP Packet(0x0806) rate=0x4 SeqNum = 3968
07-03 16:18:52.610 W/[12440.510096@0]- RTW(    0): fill_default_txdesc(wlan0): SP Packet(0x0806) rate=0x4 SeqNum = 4006
07-03 16:18:52.648 W/[12440.547271@1]- audit(    0): audit_lost=4778 audit_rate_limit=5 audit_backlog_limit=64
07-03 16:18:52.648 E/[12440.547279@1]- audit(    0): rate limit exceeded
07-03 16:18:54.022 W/[12441.918730@3]- RTW(    0): fill_default_txdesc(wlan0): SP Packet(0x0806) rate=0x4 SeqNum = 4020
07-03 16:18:57.614 W/[12445.513596@3]- RTW(    0): fill_default_txdesc(wlan0): SP Packet(0x0806) rate=0x4 SeqNum = 4030
07-03 16:19:01.414 W/[12449.311548@1]- RTW(    0): Turbo EDCA =0x431c
07-03 16:19:02.782 W/[12450.681435@2]- RTW(    0): fill_default_txdesc(wlan0): SP Packet(0x0806) rate=0x4 SeqNum = 4058
07-03 16:19:05.446 W/[12453.343304@1]- RTW(    0): Turbo EDCA =0x5ea42b
07-03 16:19:07.882 W/[12455.781898@0]- RTW(    0): fill_default_txdesc(wlan0): SP Packet(0x0806) rate=0x4 SeqNum = 4069
07-03 16:19:09.122 W/[12457.022674@2]- RTW(    0): fill_default_txdesc(wlan0): SP Packet(0x0806) rate=0x4 SeqNum = 4073
07-03 16:19:12.866 W/[12460.763965@2]- RTW(    0): fill_default_txdesc(wlan0): SP Packet(0x0806) rate=0x4 SeqNum = 4082
07-03 16:19:18.066 W/[12465.964101@3]- RTW(    0): fill_default_txdesc(wlan0): SP Packet(0x0806) rate=0x4 SeqNum = 4093
07-03 16:19:22.114 W/[12470.011304@2]- RTW(    0): fill_default_txdesc(wlan0): SP Packet(0x0806) rate=0x4 SeqNum = 16
07-03 16:19:24.226 W/[12472.126709@3]- RTW(    0): fill_default_txdesc(wlan0): SP Packet(0x0806) rate=0x4 SeqNum = 22
07-03 16:19:27.205 W/[12475.105859@3]- RTW(    0): fill_default_txdesc(wlan0): SP Packet(0x0806) rate=0x4 SeqNum = 45
07-03 16:19:27.622 W/[12475.518956@3]- RTW(    0): Turbo EDCA =0x431c
07-03 16:19:28.126 W/[12476.024870@2]- audit(    0): audit_lost=4805 audit_rate_limit=5 audit_backlog_limit=64
07-03 16:19:28.126 E/[12476.024878@2]- audit(    0): rate limit exceeded
07-03 16:19:29.635 W/[12477.534987@0]- RTW(    0): Turbo EDCA =0x5ea42b
07-03 16:19:32.298 W/[12480.196138@0]- RTW(    0): fill_default_txdesc(wlan0): SP Packet(0x0806) rate=0x4 SeqNum = 90
07-03 16:19:37.126 W/[12485.023030@0]- RTW(    0): fill_default_txdesc(wlan0): SP Packet(0x0806) rate=0x4 SeqNum = 103
07-03 16:19:39.590 W/[12487.486680@3]- RTW(    0): fill_default_txdesc(wlan0): SP Packet(0x0806) rate=0x4 SeqNum = 109
07-03 16:19:40.398 W/[12488.298504@3]- healthd(    0): battery l=100 v=4 t=0.0 h=2 st=2 c=1100 fc=10000000 chg=u
07-03 16:19:42.510 W/[12490.407781@0]- RTW(    0): fill_default_txdesc(wlan0): SP Packet(0x0806) rate=0x4 SeqNum = 117
07-03 16:19:47.610 W/[12495.509909@2]- RTW(    0): fill_default_txdesc(wlan0): SP Packet(0x0806) rate=0x4 SeqNum = 128
07-03 16:19:51.814 W/[12499.710903@2]- RTW(    0): Turbo EDCA =0x431c
07-03 16:19:52.658 W/[12500.557145@3]- RTW(    0): fill_default_txdesc(wlan0): SP Packet(0x0806) rate=0x4 SeqNum = 166
07-03 16:19:53.830 W/[12501.727180@0]- RTW(    0): Turbo EDCA =0x5ea42b
07-03 16:19:54.694 W/[12502.592393@1]- RTW(    0): fill_default_txdesc(wlan0): SP Packet(0x0806) rate=0x4 SeqNum = 171
07-03 16:19:57.802 W/[12505.701283@2]- RTW(    0): fill_default_txdesc(wlan0): SP Packet(0x0806) rate=0x4 SeqNum = 178
07-03 16:20:01.898 W/[12509.794927@2]- RTW(    0): Turbo EDCA =0x431c
07-03 16:20:02.862 W/[12510.759367@3]- RTW(    0): fill_default_txdesc(wlan0): SP Packet(0x0806) rate=0x4 SeqNum = 190
07-03 16:20:03.908 W/[12511.806933@3]- RTW(    0): Turbo EDCA =0x5ea42b
07-03 16:20:07.930 W/[12515.829300@2]- RTW(    0): fill_default_txdesc(wlan0): SP Packet(0x0806) rate=0x4 SeqNum = 201
07-03 16:20:13.034 W/[12520.933054@2]- RTW(    0): fill_default_txdesc(wlan0): SP Packet(0x0806) rate=0x4 SeqNum = 226
07-03 16:20:17.074 W/[12524.971664@1]- RTW(    0): fill_default_txdesc(wlan0): SP Packet(0x0806) rate=0x4 SeqNum = 251
07-03 16:20:17.990 W/[12525.886931@0]- RTW(    0): fill_default_txdesc(wlan0): SP Packet(0x0806) rate=0x4 SeqNum = 254
07-03 16:20:18.022 W/[12525.919443@1]- RTW(    0): Turbo EDCA =0x431c
07-03 16:20:03.967 I/chatty  ( 3835): uid=1000(system) android.bg identical 29 lines
07-03 16:20:14.103 I/UsageStatsService( 3835): User[0] Flushing usage stats to disk
07-03 16:20:18.474 D/PackageManager( 3835): Instant App installer not found with android.intent.action.INSTALL_INSTANT_APP_PACKAGE
07-03 16:20:18.474 D/PackageManager( 3835): Clear ephemeral installer activity
07-03 16:20:18.621 D/PackageManager( 3835): Instant App installer not found with android.intent.action.INSTALL_INSTANT_APP_PACKAGE
07-03 16:20:18.621 D/PackageManager( 3835): Clear ephemeral installer activity
07-03 16:20:19.521 I/AppsFilter( 3835): interaction: PackageSetting{88ba63a com.jio.yt/10083} -> PackageSetting{af7a2eb com.jio.jiopay/10077} BLOCKED
07-03 16:20:19.521 I/AppsFilter( 3835): interaction: PackageSetting{bd62848 io.appium.uiautomator2.server.test/10038} -> PackageSetting{af7a2eb com.jio.jiopay/10077} BLOCKED
07-03 16:20:19.521 I/AppsFilter( 3835): interaction: PackageSetting{a2546e1 io.appium.settings/10085} -> PackageSetting{af7a2eb com.jio.jiopay/10077} BLOCKED
07-03 16:20:20.038 W/[12527.934938@2]- RTW(    0): Turbo EDCA =0x5ea42b
07-03 16:20:22.098 W/[12529.995375@0]- RTW(    0): fill_default_txdesc(wlan0): SP Packet(0x0806) rate=0x4 SeqNum = 265
07-03 16:20:24.211 I/UsageStatsService( 3835): User[0] Flushing usage stats to disk
07-03 16:20:27.218 W/[12535.114754@3]- RTW(    0): fill_default_txdesc(wlan0): SP Packet(0x0806) rate=0x4 SeqNum = 276
07-03 16:20:28.134 W/[12536.032254@3]- audit(    0): audit_lost=4808 audit_rate_limit=5 audit_backlog_limit=64
07-03 16:20:28.135 E/[12536.032262@3]- audit(    0): rate limit exceeded
07-03 16:20:32.306 W/[12540.205418@1]- RTW(    0): fill_default_txdesc(wlan0): SP Packet(0x0806) rate=0x4 SeqNum = 312
07-03 16:20:37.367 W/[12545.264352@2]- RTW(    0): fill_default_txdesc(wlan0): SP Packet(0x0806) rate=0x4 SeqNum = 323
07-03 16:20:40.402 W/[12548.298703@3]- healthd(    0): battery l=100 v=4 t=0.0 h=2 st=2 c=1100 fc=10000000 chg=u
07-03 16:20:41.030 W/[12548.926696@0]- RTW(    0): fill_default_txdesc(wlan0): SP Packet(0x0806) rate=0x4 SeqNum = 341
07-03 16:20:42.214 W/[12550.110955@0]- RTW(    0): Turbo EDCA =0x431c
07-03 16:20:42.442 W/[12550.342501@3]- RTW(    0): fill_default_txdesc(wlan0): SP Packet(0x0806) rate=0x4 SeqNum = 360
07-03 16:20:43.542 W/[12551.439494@3]- audit(    0): audit_lost=4811 audit_rate_limit=5 audit_backlog_limit=64
07-03 16:20:43.542 E/[12551.439502@3]- audit(    0): rate limit exceeded
07-03 16:20:44.230 W/[12552.127664@3]- RTW(    0): Turbo EDCA =0x5ea42b
07-03 16:20:47.525 W/[12555.425721@0]- RTW(    0): fill_default_txdesc(wlan0): SP Packet(0x0806) rate=0x4 SeqNum = 401
07-03 16:20:48.710 W/[12556.607034@0]- RTW(    0): fill_default_txdesc(wlan0): SP Packet(0x0806) rate=0x4 SeqNum = 404
07-03 16:20:52.562 W/[12560.458906@0]- RTW(    0): fill_default_txdesc(wlan0): SP Packet(0x0806) rate=0x4 SeqNum = 415
07-03 16:20:52.826 W/[12560.725798@2]- audit(    0): audit_lost=4812 audit_rate_limit=5 audit_backlog_limit=64
07-03 16:20:52.835 E/[12560.725807@2]- audit(    0): rate limit exceeded
07-03 16:20:57.118 W/[12565.018150@2]- RTW(    0): fill_default_txdesc(wlan0): SP Packet(0x0806) rate=0x4 SeqNum = 436
07-03 16:21:02.374 W/[12570.270952@0]- RTW(    0): Turbo EDCA =0x431c
07-03 16:21:02.826 W/[12570.726061@1]- RTW(    0): fill_default_txdesc(wlan0): SP Packet(0x0806) rate=0x4 SeqNum = 449
07-03 16:21:04.387 W/[12572.286945@0]- RTW(    0): Turbo EDCA =0x5ea42b
07-03 16:21:05.350 W/[12573.248318@3]- RTW(    0): fill_default_txdesc(wlan0): SP Packet(0x0806) rate=0x4 SeqNum = 455
07-03 16:21:06.406 W/[12574.303251@1]- RTW(    0): Turbo EDCA =0x431c
07-03 16:21:07.950 W/[12575.849035@0]- RTW(    0): fill_default_txdesc(wlan0): SP Packet(0x0806) rate=0x4 SeqNum = 472
07-03 16:21:08.422 W/[12576.319073@1]- RTW(    0): Turbo EDCA =0x5ea42b
07-03 16:21:12.970 W/[12580.868613@0]- RTW(    0): fill_default_txdesc(wlan0): SP Packet(0x0806) rate=0x4 SeqNum = 483
07-03 16:21:18.122 W/[12586.021585@1]- RTW(    0): fill_default_txdesc(wlan0): SP Packet(0x0806) rate=0x4 SeqNum = 495
07-03 16:21:23.186 W/[12591.083637@3]- RTW(    0): fill_default_txdesc(wlan0): SP Packet(0x0806) rate=0x4 SeqNum = 517
07-03 16:21:26.566 W/[12594.462913@3]- RTW(    0): Turbo EDCA =0x431c
07-03 16:21:27.622 W/[12595.520380@2]- RTW(    0): fill_default_txdesc(wlan0): SP Packet(0x0806) rate=0x4 SeqNum = 529
07-03 16:21:28.142 W/[12596.039715@2]- audit(    0): audit_lost=4840 audit_rate_limit=5 audit_backlog_limit=64
07-03 16:21:28.142 E/[12596.039724@2]- audit(    0): rate limit exceeded
07-03 16:21:28.250 W/[12596.146837@2]- RTW(    0): fill_default_txdesc(wlan0): SP Packet(0x0806) rate=0x4 SeqNum = 548
07-03 16:21:28.582 W/[12596.478914@2]- RTW(    0): Turbo EDCA =0x5ea42b
07-03 16:21:15.006 I/chatty  ( 3835): uid=1000(system) android.bg identical 5 lines
07-03 16:21:25.112 I/UsageStatsService( 3835): User[0] Flushing usage stats to disk
07-03 16:21:32.581 E/KernelCpuUidUserSysTimeReader( 3835): Negative user/sys time delta for UID=10075
07-03 16:21:32.581 E/KernelCpuUidUserSysTimeReader( 3835): Prev times: u=321712000 s=141940000 Curr times: u=318716000 s=141428000
07-03 16:21:32.614 W/[12600.513694@2]- RTW(    0): Turbo EDCA =0x431c
07-03 16:21:32.620 D/KernelCpuUidUserSysTimeReader( 3835): Removing uids 99005-99005
07-03 16:21:33.118 W/[12601.016414@3]- RTW(    0): fill_default_txdesc(wlan0): SP Packet(0x0806) rate=0x4 SeqNum = 582
07-03 16:21:34.630 W/[12602.527004@1]- RTW(    0): Turbo EDCA =0x5ea42b
07-03 16:21:35.222 I/UsageStatsService( 3835): User[0] Flushing usage stats to disk
07-03 16:21:38.383 W/[12606.281892@2]- RTW(    0): fill_default_txdesc(wlan0): SP Packet(0x0806) rate=0x4 SeqNum = 594
07-03 16:21:40.402 W/[12608.298965@2]- healthd(    0): battery l=100 v=4 t=0.0 h=2 st=2 c=1100 fc=10000000 chg=u
07-03 16:21:43.370 W/[12611.267572@1]- RTW(    0): fill_default_txdesc(wlan0): SP Packet(0x0806) rate=0x4 SeqNum = 605
07-03 16:21:46.726 W/[12614.622650@0]- RTW(    0): rtw_set_ps_mode(wlan0) Enter 802.11 power save - WIFI-TRAFFIC_IDLE
07-03 16:21:48.534 W/[12616.431235@2]- RTW(    0): fill_default_txdesc(wlan0): SP Packet(0x0806) rate=0x4 SeqNum = 616
07-03 16:21:48.738 W/[12616.637714@1]- RTW(    0): rtw_set_ps_mode(wlan0) Leave 802.11 power save - WIFI-LPS_CTRL_RX_TRAFFIC_LEAVE
07-03 16:21:49.674 W/[12617.571125@2]- RTW(    0): cfg80211_rtw_scan(wlan0)
07-03 16:21:49.698 W/[12617.594620@2]- RTW(    0): [HW_VAR_CHECK_TXBUF] Empty in 8 ms
07-03 16:21:49.698 W/[12617.594799@2]- RTW(    0): wlan0 sleep m0=0x00000003, ori reg_0x4d4=0x00000000
07-03 16:21:50.446 W/[12618.344316@2]- RTW(    0): LeaveAllPowerSaveModeDirect.....
07-03 16:21:50.446 W/[12618.344324@2]- RTW(    0): LeaveAllPowerSaveModeDirect: Driver Already Leave LPS
07-03 16:21:50.446 W/[12618.344335@2]- RTW(    0): rtw_hal_set_macaddr_port wlan0- hw port(0) mac_addr =2c:73:60:db:c0:84
07-03 16:21:50.446 W/[12618.344693@3]- RTW(    0): wlan0- hw port(0) mac_addr =2c:73:60:db:c0:84
07-03 16:21:50.446 W/[12618.344823@3]- RTW(    0): p2p0- hw port(1) mac_addr =2e:73:60:db:c0:84
07-03 16:21:50.478 W/[12618.377920@2]- RTW(    0): wlan0 wakeup m0=0x00000003, ori reg_0x4d4=0x00000003
07-03 16:21:50.478 W/[12618.378686@0]- RTW(    0): survey done event(3c) band:0 for wlan0
07-03 16:21:50.478 W/        (    0): [12618.378703@0]- ========== ACS (VER-3) ==========
07-03 16:21:50.478 W/        (    0): [12618.378706@0]- Best 24G Channel:7
07-03 16:21:50.478 W/        (    0): [12618.378710@0]- Best 5G Channel:112
07-03 16:21:50.478 W/        (    0): [12618.378710@0]-
07-03 16:21:50.478 W/[12618.378768@0]- RTW(    0): rtw_indicate_scan_done(wlan0)
07-03 16:21:50.758 W/[12618.654647@0]- RTW(    0): rtw_set_ps_mode(wlan0) Enter 802.11 power save - WIFI-TRAFFIC_IDLE
07-03 16:21:50.919 W/[12618.814680@1]- RTW(    0): fill_default_txdesc(wlan0): SP Packet(0x0806) rate=0x4 SeqNum = 625
07-03 16:21:50.919 W/[12618.816529@1]- RTW(    0): rtw_set_ps_mode(wlan0) Leave 802.11 power save - WIFI-LPS_CTRL_TX_TRAFFIC_LEAVE
07-03 16:21:53.594 W/[12621.494306@3]- RTW(    0): fill_default_txdesc(wlan0): SP Packet(0x0806) rate=0x4 SeqNum = 653
07-03 16:21:56.803 W/[12624.703033@0]- RTW(    0): Turbo EDCA =0x431c
07-03 16:21:57.574 W/[12625.470716@1]- RTW(    0): fill_default_txdesc(wlan0): SP Packet(0x0806) rate=0x4 SeqNum = 679
07-03 16:21:58.662 W/[12626.560851@1]- RTW(    0): fill_default_txdesc(wlan0): SP Packet(0x0806) rate=0x4 SeqNum = 683
07-03 16:21:58.822 W/[12626.721323@0]- RTW(    0): Turbo EDCA =0x5ea42b
07-03 16:21:45.338 I/chatty  ( 3835): uid=1000(system) android.bg identical 1 line
07-03 16:21:55.443 I/UsageStatsService( 3835): User[0] Flushing usage stats to disk
07-03 16:22:02.783 W/ContextImpl( 5441): Calling a method in the system process without a qualified user: android.app.ContextImpl.sendBroadcast:1111 android.content.ContextWrapper.sendBroadcast:468 com.iwedia.tvinput.engine.ChannelManager.disconnectCA:3912 com.iwedia.tvinput.engine.ChannelManager.access$4300:116 com.iwedia.tvinput.engine.ChannelManager$CaReconnectTask.run:2434 
07-03 16:22:02.794 W/ContextImpl( 5940): Calling a method in the system process without a qualified user: android.app.ContextImpl.bindService:1748 android.content.ContextWrapper.bindService:756 com.jio.adc.core.b.d:56 com.jio.adc.core.b.b:13 com.jio.adc.core.b$c.run:7 
07-03 16:22:02.832 W/ContextImpl( 5441): Calling a method in the system process without a qualified user: android.app.ContextImpl.sendBroadcast:1111 android.content.ContextWrapper.sendBroadcast:468 com.iwedia.tvinput.engine.ChannelManager.connectCA:3844 com.iwedia.tvinput.engine.ChannelManager.access$5900:116 com.iwedia.tvinput.engine.ChannelManager$CaMessageHandler.handleMessage:4279 
07-03 16:22:02.854 W/[12630.751648@0]- RTW(    0): Turbo EDCA =0x431c
07-03 16:22:03.730 W/[12631.629086@3]- RTW(    0): fill_default_txdesc(wlan0): SP Packet(0x0806) rate=0x4 SeqNum = 697
07-03 16:22:04.870 W/[12632.767036@0]- RTW(    0): Turbo EDCA =0x5ea42b
07-03 16:22:05.558 I/UsageStatsService( 3835): User[0] Flushing usage stats to disk
07-03 16:22:08.850 W/[12636.748218@0]- RTW(    0): fill_default_txdesc(wlan0): SP Packet(0x0806) rate=0x4 SeqNum = 710
07-03 16:22:12.937 W/ContextImpl( 5940): Calling a method in the system process without a qualified user: android.app.ContextImpl.bindService:1748 android.content.ContextWrapper.bindService:756 com.jio.adc.core.b.d:56 com.jio.adc.core.b.b:13 com.jio.adc.core.b$c.run:7 
07-03 16:22:13.622 W/[12641.519580@0]- RTW(    0): fill_default_txdesc(wlan0): SP Packet(0x0806) rate=0x4 SeqNum = 731
07-03 16:22:15.690 I/UsageStatsService( 3835): User[0] Flushing usage stats to disk
07-03 16:22:18.123 W/[12646.020808@1]- RTW(    0): fill_default_txdesc(wlan0): SP Packet(0x0806) rate=0x4 SeqNum = 755
07-03 16:22:23.014 W/[12650.910954@1]- RTW(    0): Turbo EDCA =0x431c
07-03 16:22:23.170 W/[12651.070125@2]- RTW(    0): fill_default_txdesc(wlan0): SP Packet(0x0806) rate=0x4 SeqNum = 780
07-03 16:22:25.030 W/[12652.926964@0]- RTW(    0): Turbo EDCA =0x5ea42b
07-03 16:22:28.252 W/[12656.151673@1]- RTW(    0): fill_default_txdesc(wlan0): SP Packet(0x0806) rate=0x4 SeqNum = 817
07-03 16:22:28.387 W/[12656.285699@3]- audit(    0): audit_lost=4843 audit_rate_limit=5 audit_backlog_limit=64
07-03 16:22:28.387 E/[12656.285707@3]- audit(    0): rate limit exceeded
07-03 16:22:32.814 W/[12660.714355@2]- audit(    0): audit_lost=4844 audit_rate_limit=5 audit_backlog_limit=64
07-03 16:22:32.817 E/[12660.714363@2]- audit(    0): rate limit exceeded
07-03 16:22:33.096 W/[12660.995153@3]- RTW(    0): Turbo EDCA =0x431c
07-03 16:22:33.310 W/[12661.209730@3]- RTW(    0): fill_default_txdesc(wlan0): SP Packet(0x0806) rate=0x4 SeqNum = 838
07-03 16:22:35.974 W/[12663.872123@3]- RTW(    0): fill_default_txdesc(wlan0): SP Packet(0x0806) rate=0x4 SeqNum = 844
07-03 16:22:38.394 W/[12666.291794@2]- RTW(    0): fill_default_txdesc(wlan0): SP Packet(0x0806) rate=0x4 SeqNum = 862
07-03 16:22:39.142 W/[12667.039171@1]- RTW(    0): Turbo EDCA =0x5ea42b
07-03 16:22:40.398 W/[12668.298496@1]- healthd(    0): battery l=100 v=4 t=0.0 h=2 st=2 c=1100 fc=10000000 chg=u
07-03 16:22:43.082 W/[12670.979787@3]- RTW(    0): fill_default_txdesc(wlan0): SP Packet(0x0806) rate=0x4 SeqNum = 875
07-03 16:22:47.206 W/[12675.103078@2]- RTW(    0): Turbo EDCA =0x431c
07-03 16:22:48.602 W/[12676.501310@1]- RTW(    0): fill_default_txdesc(wlan0): SP Packet(0x0806) rate=0x4 SeqNum = 900
07-03 16:22:49.222 W/[12677.119081@1]- RTW(    0): Turbo EDCA =0x5ea42b
07-03 16:22:52.970 W/[12680.869469@3]- audit(    0): audit_lost=4845 audit_rate_limit=5 audit_backlog_limit=64
07-03 16:22:52.970 E/[12680.869477@3]- audit(    0): rate limit exceeded
07-03 16:22:53.126 W/[12681.023159@0]- RTW(    0): fill_default_txdesc(wlan0): SP Packet(0x0806) rate=0x4 SeqNum = 912
07-03 16:22:58.258 W/[12686.155188@2]- RTW(    0): fill_default_txdesc(wlan0): SP Packet(0x0806) rate=0x4 SeqNum = 926
07-03 16:23:00.294 W/[12688.192184@2]- RTW(    0): fill_default_txdesc(wlan0): SP Packet(0x0806) rate=0x4 SeqNum = 931
07-03 16:23:03.802 W/[12691.701922@1]- RTW(    0): fill_default_txdesc(wlan0): SP Packet(0x0806) rate=0x4 SeqNum = 963
07-03 16:23:05.770 W/[12693.667178@3]- RTW(    0): fill_default_txdesc(wlan0): SP Packet(0x0806) rate=0x4 SeqNum = 968
07-03 16:23:05.926 W/[12693.822689@0]- RTW(    0): fill_default_txdesc(wlan0): SP Packet(0x0806) rate=0x4 SeqNum = 969
07-03 16:23:08.862 W/[12696.761290@3]- RTW(    0): fill_default_txdesc(wlan0): SP Packet(0x0806) rate=0x4 SeqNum = 987
07-03 16:23:11.395 W/[12699.294934@0]- RTW(    0): Turbo EDCA =0x431c
07-03 16:23:13.414 W/[12701.311852@2]- RTW(    0): Turbo EDCA =0x5ea42b
07-03 16:23:13.922 W/[12701.820307@1]- RTW(    0): fill_default_txdesc(wlan0): SP Packet(0x0806) rate=0x4 SeqNum = 1013
07-03 16:23:15.952 W/[12703.851861@0]- audit(    0): audit_lost=4872 audit_rate_limit=5 audit_backlog_limit=64
07-03 16:23:15.952 E/[12703.851867@0]- audit(    0): rate limit exceeded
07-03 16:23:17.518 W/[12705.416755@1]- audit(    0): audit_lost=4886 audit_rate_limit=5 audit_backlog_limit=64
07-03 16:23:17.518 E/[12705.416763@1]- audit(    0): rate limit exceeded
07-03 16:23:18.906 W/[12706.805726@3]- audit(    0): audit_lost=4917 audit_rate_limit=5 audit_backlog_limit=64
07-03 16:23:18.906 E/[12706.805735@3]- audit(    0): rate limit exceeded
07-03 16:23:19.090 W/[12706.989071@0]- RTW(    0): fill_default_txdesc(wlan0): SP Packet(0x0806) rate=0x4 SeqNum = 1025
07-03 16:23:19.934 W/[12707.832295@0]- audit(    0): audit_lost=4934 audit_rate_limit=5 audit_backlog_limit=64
07-03 16:23:19.934 E/[12707.832302@0]- audit(    0): rate limit exceeded
07-03 16:23:21.082 W/[12708.978764@1]- audit(    0): audit_lost=4943 audit_rate_limit=5 audit_backlog_limit=64
07-03 16:23:21.082 E/[12708.978772@1]- audit(    0): rate limit exceeded
07-03 16:23:22.098 W/[12709.997746@3]- audit(    0): audit_lost=4959 audit_rate_limit=5 audit_backlog_limit=64
07-03 16:23:22.098 E/[12709.997755@3]- audit(    0): rate limit exceeded
07-03 16:23:06.278 I/chatty  ( 3835): uid=1000(system) android.bg identical 5 lines
07-03 16:23:16.407 I/UsageStatsService( 3835): User[0] Flushing usage stats to disk
07-03 16:23:22.594 W/ContextImpl( 5124): Calling a method in the system process without a qualified user: android.app.ContextImpl.sendBroadcast:1111 android.content.ContextWrapper.sendBroadcast:468 com.rjil.jiostbsetting.utils.UtilsKt.getAllVolumeDetails:2230 com.rjil.jiostbsetting.service.EndlessService.getParameters$lambda-22:1166 com.rjil.jiostbsetting.service.EndlessService.$r8$lambda$rJsFG8XlIrKzvRVodgEZk__jDnM:0 
07-03 16:23:22.630 W/ContextImpl( 5124): Calling a method in the system process without a qualified user: android.app.ContextImpl.sendBroadcast:1111 android.content.ContextWrapper.sendBroadcast:468 com.rjil.jiostbsetting.utils.UtilsKt.sendUSBAttachDetachBroadcast:2259 com.rjil.jiostbsetting.service.EndlessService$CallbackListener.onParameterNotification:1327 com.rjil.jiostbsetting.dc.DCDataProvider.invokeCallback:107 
07-03 16:23:22.637 W/BroadcastQueue( 3835): Background execution not allowed: receiving Intent { act=com.rjil.jiostbsetting.UsbAttachDetach flg=0x30 (has extras) } to com.iwedia.ui.rjio.launcher.reliance/.profile.ExternalBroadcastReceiver
07-03 16:23:22.892 W/ActivityManager( 3835): Receiver with filter android.content.IntentFilter@1fbcca8 already registered for pid 5124, callerPackage is com.rjil.jiostbsetting
07-03 16:23:22.897 W/ContextImpl( 5124): Calling a method in the system process without a qualified user: android.app.ContextImpl.sendBroadcast:1111 android.content.ContextWrapper.sendBroadcast:468 com.rjil.jiostbsetting.service.EndlessService.ESNredirect:1604 com.rjil.jiostbsetting.service.EndlessService$mConnection$1$onServiceConnected$2.invokeSuspend:1207 kotlin.coroutines.jvm.internal.BaseContinuationImpl.resumeWith:33 
07-03 16:23:22.946 W/BroadcastQueue( 3835): Background execution not allowed: receiving Intent { act=com.netflix.ninja.intent.action.ESN_RESPONSE flg=0x10000010 (has extras) } to com.netflix.partnertoken/com.partner.padi.EsnReceiver
07-03 16:23:22.969 W/ContextImpl( 5124): Calling a method in the system process without a qualified user: android.app.ContextImpl.bindService:1748 android.content.ContextWrapper.bindService:756 com.jio.adc.core.b.d:56 com.jio.adc.core.b.b:13 com.jio.adc.core.b$c.run:7 
07-03 16:23:23.095 W/[12710.990653@2]- RTW(    0): fill_default_txdesc(wlan0): SP Packet(0x0806) rate=0x4 SeqNum = 1035
07-03 16:23:24.358 W/[12712.254805@2]- RTW(    0): fill_default_txdesc(wlan0): SP Packet(0x0806) rate=0x4 SeqNum = 1038
07-03 16:23:26.523 I/UsageStatsService( 3835): User[0] Flushing usage stats to disk
07-03 16:23:28.186 W/[12716.083426@0]- RTW(    0): fill_default_txdesc(wlan0): SP Packet(0x0806) rate=0x4 SeqNum = 1063
07-03 16:23:33.115 W/[12721.012721@3]- RTW(    0): fill_default_txdesc(wlan0): SP Packet(0x0806) rate=0x4 SeqNum = 1083
07-03 16:23:37.606 W/[12725.502928@1]- RTW(    0): Turbo EDCA =0x431c
07-03 16:23:38.382 W/[12726.279919@2]- RTW(    0): fill_default_txdesc(wlan0): SP Packet(0x0806) rate=0x4 SeqNum = 1123
07-03 16:23:39.622 W/[12727.519079@1]- RTW(    0): Turbo EDCA =0x5ea42b
07-03 16:23:40.398 W/[12728.298489@2]- healthd(    0): battery l=100 v=4 t=0.0 h=2 st=2 c=1100 fc=10000000 chg=u
07-03 16:23:43.417 W/[12731.315859@2]- RTW(    0): fill_default_txdesc(wlan0): SP Packet(0x0806) rate=0x4 SeqNum = 1135
07-03 16:23:46.630 W/[12734.526730@3]- RTW(    0): fill_default_txdesc(wlan0): SP Packet(0x0806) rate=0x4 SeqNum = 1143
07-03 16:23:48.482 W/[12736.380929@3]- RTW(    0): fill_default_txdesc(wlan0): SP Packet(0x0806) rate=0x4 SeqNum = 1148
07-03 16:23:53.586 W/[12741.486336@0]- RTW(    0): fill_default_txdesc(wlan0): SP Packet(0x0806) rate=0x4 SeqNum = 1169
07-03 16:23:58.690 W/[12746.587081@0]- RTW(    0): fill_default_txdesc(wlan0): SP Packet(0x0806) rate=0x4 SeqNum = 1180
07-03 16:24:01.798 W/[12749.695180@1]- RTW(    0): Turbo EDCA =0x431c
07-03 16:24:03.746 W/[12751.645182@1]- RTW(    0): fill_default_txdesc(wlan0): SP Packet(0x0806) rate=0x4 SeqNum = 1212
07-03 16:24:03.814 W/[12751.710987@1]- RTW(    0): Turbo EDCA =0x5ea42b
07-03 16:24:08.774 W/[12756.673092@2]- RTW(    0): fill_default_txdesc(wlan0): SP Packet(0x0806) rate=0x4 SeqNum = 1234
07-03 16:24:09.926 W/[12757.823924@3]- RTW(    0): fill_default_txdesc(wlan0): SP Packet(0x0806) rate=0x4 SeqNum = 1238
07-03 16:24:13.706 W/[12761.604498@1]- RTW(    0): fill_default_txdesc(wlan0): SP Packet(0x0806) rate=0x4 SeqNum = 1246
07-03 16:24:18.970 W/[12766.868902@1]- RTW(    0): fill_default_txdesc(wlan0): SP Packet(0x0806) rate=0x4 SeqNum = 1259
07-03 16:24:21.958 W/[12769.854632@0]- RTW(    0): rtw_set_ps_mode(wlan0) Enter 802.11 power save - WIFI-TRAFFIC_IDLE
07-03 16:24:24.022 W/[12771.922039@0]- RTW(    0): fill_default_txdesc(wlan0): SP Packet(0x0806) rate=0x4 SeqNum = 1270
07-03 16:24:24.082 W/[12771.980378@2]- RTW(    0): rtw_set_ps_mode(wlan0) Leave 802.11 power save - WIFI-LPS_CTRL_RX_TRAFFIC_LEAVE
07-03 16:24:28.006 W/[12775.903074@3]- RTW(    0): Turbo EDCA =0x431c
07-03 16:24:28.078 W/[12775.977759@2]- RTW(    0): fill_default_txdesc(wlan0): SP Packet(0x0806) rate=0x4 SeqNum = 1318
07-03 16:24:28.138 W/[12776.036907@0]- audit(    0): audit_lost=4966 audit_rate_limit=5 audit_backlog_limit=64
07-03 16:24:28.138 E/[12776.037176@0]- audit(    0): rate limit exceeded
07-03 16:24:29.666 W/[12777.564362@0]- RTW(    0): cfg80211_rtw_scan(wlan0)
07-03 16:24:29.666 W/[12777.564379@0]- RTW(    0): WARN cfg80211_rtw_scan (wlan0) : scan abort!! BusyTraffic
07-03 16:24:30.022 W/[12777.919028@1]- RTW(    0): Turbo EDCA =0x5ea42b
07-03 16:24:33.182 W/[12781.078684@3]- RTW(    0): fill_default_txdesc(wlan0): SP Packet(0x0806) rate=0x4 SeqNum = 1353
07-03 16:24:34.246 W/[12782.142701@0]- RTW(    0): fill_default_txdesc(wlan0): SP Packet(0x0806) rate=0x4 SeqNum = 1359
07-03 16:24:38.286 W/[12786.183779@0]- RTW(    0): fill_default_txdesc(wlan0): SP Packet(0x0806) rate=0x4 SeqNum = 1370
07-03 16:24:40.402 W/[12788.299029@1]- healthd(    0): battery l=100 v=4 t=0.0 h=2 st=2 c=1100 fc=10000000 chg=u
07-03 16:24:43.382 W/[12791.279804@1]- RTW(    0): fill_default_txdesc(wlan0): SP Packet(0x0806) rate=0x4 SeqNum = 1390
07-03 16:24:48.374 W/[12796.271798@3]- RTW(    0): fill_default_txdesc(wlan0): SP Packet(0x0806) rate=0x4 SeqNum = 1403
07-03 16:24:52.198 W/[12800.094941@0]- RTW(    0): Turbo EDCA =0x431c
07-03 16:24:53.110 W/[12801.008289@0]- RTW(    0): fill_default_txdesc(wlan0): SP Packet(0x0806) rate=0x4 SeqNum = 1430
07-03 16:24:53.123 W/[12801.023018@1]- audit(    0): audit_lost=4969 audit_rate_limit=5 audit_backlog_limit=64
07-03 16:24:53.127 E/[12801.023027@1]- audit(    0): rate limit exceeded
07-03 16:24:54.212 W/[12802.111051@2]- RTW(    0): Turbo EDCA =0x5ea42b
07-03 16:24:56.520 W/[12804.418680@3]- RTW(    0): fill_default_txdesc(wlan0): SP Packet(0x0806) rate=0x4 SeqNum = 1438
07-03 16:24:58.158 W/[12806.056687@3]- RTW(    0): fill_default_txdesc(wlan0): SP Packet(0x0806) rate=0x4 SeqNum = 1444
07-03 16:25:02.276 W/[12810.174994@2]- RTW(    0): Turbo EDCA =0x431c
07-03 16:25:02.918 W/[12810.817043@0]- RTW(    0): fill_default_txdesc(wlan0): SP Packet(0x0806) rate=0x4 SeqNum = 1456
07-03 16:25:03.690 W/[12811.589466@0]- RTW(    0): fill_default_txdesc(wlan0): SP Packet(0x0806) rate=0x4 SeqNum = 1460
07-03 16:25:04.293 W/[12812.191019@0]- RTW(    0): Turbo EDCA =0x5ea42b
07-03 16:25:08.762 W/[12816.660210@3]- RTW(    0): fill_default_txdesc(wlan0): SP Packet(0x0806) rate=0x4 SeqNum = 1482
07-03 16:25:13.843 W/[12821.739468@0]- RTW(    0): fill_default_txdesc(wlan0): SP Packet(0x0806) rate=0x4 SeqNum = 1495
07-03 16:25:16.390 W/[12824.286962@1]- RTW(    0): Turbo EDCA =0x431c
07-03 16:25:18.406 W/[12826.302956@1]- RTW(    0): Turbo EDCA =0x5ea42b
07-03 16:25:18.942 W/[12826.840422@2]- RTW(    0): fill_default_txdesc(wlan0): SP Packet(0x0806) rate=0x4 SeqNum = 1532
07-03 16:25:21.862 W/[12829.758722@2]- RTW(    0): fill_default_txdesc(wlan0): SP Packet(0x0806) rate=0x4 SeqNum = 1538
07-03 16:25:23.862 W/[12831.762274@2]- RTW(    0): fill_default_txdesc(wlan0): SP Packet(0x0806) rate=0x4 SeqNum = 1544
07-03 16:25:28.138 W/[12836.034789@0]- RTW(    0): fill_default_txdesc(wlan0): SP Packet(0x0806) rate=0x4 SeqNum = 1568
07-03 16:25:28.154 W/[12836.054264@1]- audit(    0): audit_lost=4997 audit_rate_limit=5 audit_backlog_limit=64
07-03 16:25:28.154 E/[12836.054275@1]- audit(    0): rate limit exceeded
07-03 16:25:30.958 I/        (    0): [12838.856852@1]- EXT4-fs (mmcblk0p18): re-mounted. Opts: (null)
07-03 16:25:33.114 W/[12841.013126@2]- RTW(    0): fill_default_txdesc(wlan0): SP Packet(0x0806) rate=0x4 SeqNum = 1625
07-03 16:25:33.783 D/[12841.681326@0]- logd(    0): logdr: UID=0 GID=0 PID=25184 b tail=0 logMask=99 pid=0 start=0ns timeout=0ns
07-03 16:25:17.755 I/chatty  ( 3835): uid=1000(system) android.bg identical 11 lines
07-03 16:25:27.862 I/UsageStatsService( 3835): User[0] Flushing usage stats to disk
07-03 16:25:35.106 I/ActivityManager( 3835): Force stopping io.appium.uiautomator2.server appid=10064 user=0: from pid 25252
07-03 16:25:35.112 I/ActivityManager( 3835): Force stopping io.appium.uiautomator2.server.test appid=10038 user=0: from pid 25250
07-03 16:25:36.256 I/ActivityManager( 3835): Force stopping io.appium.uiautomator2.server appid=10064 user=0: start instr
07-03 16:25:36.262 D/CompatibilityChangeReporter( 3835): Compat change id reported: 135634846; UID 10064; state: DISABLED
07-03 16:25:36.263 D/CompatibilityChangeReporter( 3835): Compat change id reported: 143937733; UID 10064; state: ENABLED
07-03 16:25:36.287 I/ActivityManager( 3835): Start proc 25279:io.appium.uiautomator2.server/u0a64 for added application io.appium.uiautomator2.server
07-03 16:25:37.994 I/UsageStatsService( 3835): User[0] Flushing usage stats to disk
07-03 16:25:38.218 W/[12846.118216@1]- RTW(    0): fill_default_txdesc(wlan0): SP Packet(0x0806) rate=0x4 SeqNum = 3190
07-03 16:25:38.505 W/WindowManager( 3835): removeWindowToken: Attempted to remove non-existing token: android.os.Binder@ace002a
07-03 16:25:40.224 D/WindowManager( 3835): Unhandled key: inputToken=android.os.BinderProxy@4181177, title=com.iwedia.ui.rjio.launcher.reliance/com.iwedia.ui.rjio.launcher.ui.intro.IntroActivity, action=0, flags=0, keyCode=4, scanCode=0, metaState=0, repeatCount=0, policyFlags=1795162112
07-03 16:25:40.225 D/WindowManager( 3835): No fallback.
07-03 16:25:40.230 D/AutofillManagerService( 3835): onBackKeyPressed()
07-03 16:25:40.247 D/WindowManager( 3835): Unhandled key: inputToken=android.os.BinderProxy@4181177, title=com.iwedia.ui.rjio.launcher.reliance/com.iwedia.ui.rjio.launcher.ui.intro.IntroActivity, action=1, flags=0, keyCode=4, scanCode=0, metaState=0, repeatCount=0, policyFlags=1795162112
07-03 16:25:40.247 D/WindowManager( 3835): No fallback.
07-03 16:25:40.399 W/[12848.298516@1]- healthd(    0): battery l=100 v=4 t=0.0 h=2 st=2 c=1100 fc=10000000 chg=u
07-03 16:25:42.893 I/ActivityTaskManager( 3835): START u0 {flg=0x10000000 cmp=in.startv.hotstar/com.hotstar.MainActivity} from uid 0
07-03 16:25:42.893 D/ActivityTaskManager( 3835): recent debug: [launchedPkgName] --> in.startv.hotstar [callingPackage] --> com.android.shell
07-03 16:25:42.903 V/ActivityTaskManager( 3835): Old State : null Updated state : INITIALIZING Activity : ComponentInfo{in.startv.hotstar/com.hotstar.MainActivity}
07-03 16:25:42.903 V/ActivityTaskManager( 3835): Sending Broadcast : Intent { act=com.jio.remote.action.applaunch flg=0x40000000 pkg=com.jio.remote.btserver (has extras) }
07-03 16:25:42.917 D/INSETS  ( 3835): else - Package Name ::  left : 0 right :: 0 top :: 0 bottom :: 0 dfu-right :: 1920 dfu-bottom :: 1080
07-03 16:25:42.921 V/ActivityTaskManager( 3835): Old State : RESUMED Updated state : PAUSING Activity : ComponentInfo{com.iwedia.ui.rjio.launcher.reliance/com.iwedia.ui.rjio.launcher.ui.intro.IntroActivity}
07-03 16:25:42.921 V/ActivityTaskManager( 3835): Sending Broadcast : Intent { act=com.jio.remote.action.applaunch flg=0x40000000 pkg=com.jio.remote.btserver (has extras) }
07-03 16:25:42.927 D/CompatibilityChangeReporter( 3835): Compat change id reported: 135634846; UID 10066; state: DISABLED
07-03 16:25:42.928 D/CompatibilityChangeReporter( 3835): Compat change id reported: 143937733; UID 10066; state: ENABLED
07-03 16:25:42.954 V/ActivityTaskManager( 3835): Old State : PAUSING Updated state : PAUSED Activity : ComponentInfo{com.iwedia.ui.rjio.launcher.reliance/com.iwedia.ui.rjio.launcher.ui.intro.IntroActivity}
07-03 16:25:42.954 V/ActivityTaskManager( 3835): Sending Broadcast : Intent { act=com.jio.remote.action.applaunch flg=0x40000000 pkg=com.jio.remote.btserver (has extras) }
07-03 16:25:42.967 D/INSETS  ( 3835): else - Package Name ::  left : 0 right :: 0 top :: 0 bottom :: 0 dfu-right :: 1920 dfu-bottom :: 1080
07-03 16:25:43.010 W/ActivityManager( 3835): Slow operation: 83ms so far, now at startProcess: returned from zygote!
07-03 16:25:43.010 W/ActivityManager( 3835): Slow operation: 84ms so far, now at startProcess: done updating battery stats
07-03 16:25:43.011 W/ActivityManager( 3835): Slow operation: 84ms so far, now at startProcess: building log message
07-03 16:25:43.011 I/ActivityManager( 3835): Start proc 25407:in.startv.hotstar/u0a66 for pre-top-activity {in.startv.hotstar/com.hotstar.MainActivity}
07-03 16:25:43.011 W/ActivityManager( 3835): Slow operation: 84ms so far, now at startProcess: starting to update pids map
07-03 16:25:43.013 W/ActivityManager( 3835): Slow operation: 86ms so far, now at startProcess: done updating pids map
07-03 16:25:43.016 D/INSETS  ( 3835): else - Package Name ::  left : 0 right :: 0 top :: 0 bottom :: 0 dfu-right :: 1920 dfu-bottom :: 1080
07-03 16:25:43.088 D/INSETS  ( 3835): else - Package Name ::  left : 0 right :: 0 top :: 0 bottom :: 0 dfu-right :: 1920 dfu-bottom :: 1080
07-03 16:25:43.089 V/ActivityTaskManager( 3835): Old State : INITIALIZING Updated state : RESUMED Activity : ComponentInfo{in.startv.hotstar/com.hotstar.MainActivity}
07-03 16:25:43.091 V/ActivityTaskManager( 3835): Sending Broadcast : Intent { act=com.jio.remote.action.applaunch flg=0x40000000 pkg=com.jio.remote.btserver (has extras) }
07-03 16:25:43.101 D/INSETS  ( 3835): else - Package Name ::  left : 0 right :: 0 top :: 0 bottom :: 0 dfu-right :: 1920 dfu-bottom :: 1080
07-03 16:25:43.358 W/[12851.258490@3]- RTW(    0): fill_default_txdesc(wlan0): SP Packet(0x0806) rate=0x4 SeqNum = 3928
07-03 16:25:43.492 D/INSETS  ( 3835): else - Package Name ::  left : 0 right :: 0 top :: 0 bottom :: 0 dfu-right :: 1920 dfu-bottom :: 1080
07-03 16:25:43.550 D/INSETS  ( 3835): else - Package Name ::  left : 0 right :: 0 top :: 0 bottom :: 0 dfu-right :: 1920 dfu-bottom :: 1080
07-03 16:25:43.946 D/ConnectivityService( 3835): NetReassign [no changes]
07-03 16:25:44.522 D/INSETS  ( 3835): else - Package Name ::  left : 0 right :: 0 top :: 0 bottom :: 0 dfu-right :: 1920 dfu-bottom :: 1080
07-03 16:25:44.523 D/INSETS  ( 3835): else - Package Name ::  left : 0 right :: 0 top :: 0 bottom :: 0 dfu-right :: 1920 dfu-bottom :: 1080
07-03 16:25:44.717 D/INSETS  ( 3835): else - Package Name ::  left : 0 right :: 0 top :: 0 bottom :: 0 dfu-right :: 1920 dfu-bottom :: 1080
07-03 16:25:44.739 I/chatty  ( 3835): uid=1000(system) android.anim identical 4 lines
07-03 16:25:44.739 D/INSETS  ( 3835): else - Package Name ::  left : 0 right :: 0 top :: 0 bottom :: 0 dfu-right :: 1920 dfu-bottom :: 1080
07-03 16:25:44.806 D/CompatibilityChangeReporter( 3835): Compat change id reported: 136274596; UID 10066; state: ENABLED
07-03 16:25:44.820 V/ActivityTaskManager( 3835): Old State : PAUSED Updated state : STOPPING Activity : ComponentInfo{com.iwedia.ui.rjio.launcher.reliance/com.iwedia.ui.rjio.launcher.ui.intro.IntroActivity}
07-03 16:25:44.820 V/ActivityTaskManager( 3835): Sending Broadcast : Intent { act=com.jio.remote.action.applaunch flg=0x40000000 pkg=com.jio.remote.btserver (has extras) }
07-03 16:25:44.905 D/INSETS  ( 3835): else - Package Name ::  left : 0 right :: 0 top :: 0 bottom :: 0 dfu-right :: 1920 dfu-bottom :: 1080
07-03 16:25:44.925 D/INSETS  ( 3835): else - Package Name ::  left : 0 right :: 0 top :: 0 bottom :: 0 dfu-right :: 1920 dfu-bottom :: 1080
07-03 16:25:44.954 D/INSETS  ( 3835): else - Package Name ::  left : 0 right :: 0 top :: 0 bottom :: 0 dfu-right :: 1920 dfu-bottom :: 1080
07-03 16:25:44.988 V/ActivityTaskManager( 3835): Old State : STOPPING Updated state : STOPPED Activity : ComponentInfo{com.iwedia.ui.rjio.launcher.reliance/com.iwedia.ui.rjio.launcher.ui.intro.IntroActivity}
07-03 16:25:44.989 V/ActivityTaskManager( 3835): Sending Broadcast : Intent { act=com.jio.remote.action.applaunch flg=0x40000000 pkg=com.jio.remote.btserver (has extras) }
07-03 16:25:46.997 E/TaskPersister( 3835): File error accessing recents directory (directory doesn't exist?).
07-03 16:25:48.223 I/UsageStatsService( 3835): User[0] Flushing usage stats to disk
07-03 16:25:48.409 W/[12856.307441@3]- RTW(    0): fill_default_txdesc(wlan0): SP Packet(0x0806) rate=0x4 SeqNum = 415
07-03 16:25:53.486 W/[12861.386095@2]- RTW(    0): fill_default_txdesc(wlan0): SP Packet(0x0806) rate=0x4 SeqNum = 871
07-03 16:25:55.664 D/INSETS  ( 3835): else - Package Name ::  left : 0 right :: 0 top :: 0 bottom :: 0 dfu-right :: 1920 dfu-bottom :: 1080
07-03 16:25:58.327 I/UsageStatsService( 3835): User[0] Flushing usage stats to disk
07-03 16:25:58.550 W/[12866.447591@3]- RTW(    0): fill_default_txdesc(wlan0): SP Packet(0x0806) rate=0x4 SeqNum = 1402
07-03 16:26:00.362 D/INSETS  ( 3835): else - Package Name ::  left : 0 right :: 0 top :: 0 bottom :: 0 dfu-right :: 1920 dfu-bottom :: 1080
07-03 16:26:00.389 D/INSETS  ( 3835): else - Package Name ::  left : 0 right :: 0 top :: 0 bottom :: 0 dfu-right :: 1920 dfu-bottom :: 1080
07-03 16:26:01.762 D/AutofillManagerService( 3835): onBackKeyPressed()
07-03 16:26:03.630 W/[12871.529119@3]- RTW(    0): fill_default_txdesc(wlan0): SP Packet(0x0806) rate=0x4 SeqNum = 1911
07-03 16:26:04.180 D/INSETS  ( 3835): else - Package Name ::  left : 0 right :: 0 top :: 0 bottom :: 0 dfu-right :: 1920 dfu-bottom :: 1080
07-03 16:26:04.628 D/INSETS  ( 3835): else - Package Name ::  left : 0 right :: 0 top :: 0 bottom :: 0 dfu-right :: 1920 dfu-bottom :: 1080
07-03 16:26:05.781 D/InputMethodManagerService( 3835): Top Package Name: in.startv.hotstar
07-03 16:26:05.783 W/ContextImpl( 3835): Calling a method in the system process without a qualified user: android.app.ContextImpl.sendBroadcast:1111 com.android.server.inputmethod.InputMethodManagerService.sendSoftInputVisibilityBroadcast:3258 com.android.server.inputmethod.InputMethodManagerService.showCurrentInputLocked:3231 com.android.server.inputmethod.InputMethodManagerService.showSoftInput:3153 com.android.internal.view.IInputMethodManager$Stub.onTransact:304 
07-03 16:26:05.793 D/InputMethodManagerService( 3835): Top Package Name: in.startv.hotstar
07-03 16:26:05.805 W/ContextImpl( 3835): Calling a method in the system process without a qualified user: android.app.ContextImpl.sendBroadcast:1111 com.android.server.inputmethod.InputMethodManagerService.sendSoftInputVisibilityBroadcast:3258 com.android.server.inputmethod.InputMethodManagerService.showCurrentInputLocked:3231 com.android.server.inputmethod.InputMethodManagerService.showMySoftInput:4198 com.android.server.inputmethod.InputMethodManagerService.access$4100:189 
07-03 16:26:05.809 W/ContextImpl( 3835): Calling a method in the system process without a qualified user: android.app.ContextImpl.sendBroadcast:1111 com.android.server.inputmethod.InputMethodManagerService.sendSoftInputVisibilityBroadcast:3258 com.android.server.inputmethod.InputMethodManagerService.hideCurrentInputLocked:3330 com.android.server.inputmethod.InputMethodManagerService.hideMySoftInput:4180 com.android.server.inputmethod.InputMethodManagerService.access$4000:189 
07-03 16:26:05.836 D/InputMethodManagerService( 3835): Top Package Name: in.startv.hotstar
07-03 16:26:05.851 W/ContextImpl( 3835): Calling a method in the system process without a qualified user: android.app.ContextImpl.sendBroadcast:1111 com.android.server.inputmethod.InputMethodManagerService.sendSoftInputVisibilityBroadcast:3258 com.android.server.inputmethod.InputMethodManagerService.showCurrentInputLocked:3231 com.android.server.inputmethod.InputMethodManagerService.showMySoftInput:4198 com.android.server.inputmethod.InputMethodManagerService.access$4100:189 
07-03 16:26:05.887 D/InputMethodManagerService( 3835): Top Package Name: in.startv.hotstar
07-03 16:26:05.887 W/ContextImpl( 3835): Calling a method in the system process without a qualified user: android.app.ContextImpl.sendBroadcast:1111 com.android.server.inputmethod.InputMethodManagerService.sendSoftInputVisibilityBroadcast:3258 com.android.server.inputmethod.InputMethodManagerService.showCurrentInputLocked:3231 com.android.server.inputmethod.InputMethodManagerService.showMySoftInput:4198 com.android.server.inputmethod.InputMethodManagerService.access$4100:189 
07-03 16:26:05.929 D/INSETS  ( 3835): else - Package Name ::  left : 0 right :: 0 top :: 0 bottom :: 0 dfu-right :: 1920 dfu-bottom :: 1080
07-03 16:26:05.934 I/chatty  ( 3835): uid=1000(system) Binder:3835_7 identical 1 line
07-03 16:26:05.934 D/INSETS  ( 3835): else - Package Name ::  left : 0 right :: 0 top :: 0 bottom :: 0 dfu-right :: 1920 dfu-bottom :: 1080
07-03 16:26:05.959 D/InputMethodManagerService( 3835): Top Package Name: in.startv.hotstar
07-03 16:26:05.965 D/INSETS  ( 3835): else - Package Name ::  left : 0 right :: 0 top :: 0 bottom :: 0 dfu-right :: 1920 dfu-bottom :: 1080
07-03 16:26:05.966 D/INSETS  ( 3835): else - Package Name ::  left : 0 right :: 0 top :: 0 bottom :: 0 dfu-right :: 1920 dfu-bottom :: 1080
07-03 16:26:05.969 W/ContextImpl( 3835): Calling a method in the system process without a qualified user: android.app.ContextImpl.sendBroadcast:1111 com.android.server.inputmethod.InputMethodManagerService.sendSoftInputVisibilityBroadcast:3258 com.android.server.inputmethod.InputMethodManagerService.showCurrentInputLocked:3231 com.android.server.inputmethod.InputMethodManagerService.showMySoftInput:4198 com.android.server.inputmethod.InputMethodManagerService.access$4100:189 
07-03 16:26:05.984 D/InputMethodManagerService( 3835): Top Package Name: in.startv.hotstar
07-03 16:26:05.985 W/ContextImpl( 3835): Calling a method in the system process without a qualified user: android.app.ContextImpl.sendBroadcast:1111 com.android.server.inputmethod.InputMethodManagerService.sendSoftInputVisibilityBroadcast:3258 com.android.server.inputmethod.InputMethodManagerService.showCurrentInputLocked:3231 com.android.server.inputmethod.InputMethodManagerService.showMySoftInput:4198 com.android.server.inputmethod.InputMethodManagerService.access$4100:189 
07-03 16:26:05.999 D/INSETS  ( 3835): else - Package Name ::  left : 0 right :: 0 top :: 0 bottom :: 0 dfu-right :: 1920 dfu-bottom :: 1080
07-03 16:26:06.008 I/chatty  ( 3835): uid=1000(system) android.display identical 2 lines
07-03 16:26:06.009 D/INSETS  ( 3835): else - Package Name ::  left : 0 right :: 0 top :: 0 bottom :: 0 dfu-right :: 1920 dfu-bottom :: 1080
07-03 16:26:06.035 W/NotificationHistory( 3835): Attempted to add notif for locked/gone/disabled user 0
07-03 16:26:06.056 D/INSETS  ( 3835): else - Package Name ::  left : 0 right :: 0 top :: 0 bottom :: 0 dfu-right :: 1920 dfu-bottom :: 1080
07-03 16:26:06.057 D/INSETS  ( 3835): else - Package Name ::  left : 0 right :: 0 top :: 0 bottom :: 0 dfu-right :: 1920 dfu-bottom :: 1080
07-03 16:26:06.059 D/INSETS  ( 3835): else - Package Name ::  left : 0 right :: 0 top :: 0 bottom :: 0 dfu-right :: 1920 dfu-bottom :: 1080
