07-07 11:30:14.401 I/        (    0): [  587.614929@2]- [TEE], the fw (h264_multi) will be loaded.
07-07 11:30:14.401 D/        (    0): [  587.615589@2]- vh264_init, phy_addr=7446e000 vaddr=00000000a2e99da0
07-07 11:30:14.401 D/        (    0): [  587.616160@0]- vfm map vdec-map-0 created
07-07 11:30:14.401 I/[  587.616181@0]- dim(    0): ch[1]:di_receiver_event_fun,8:_REG
07-07 11:30:14.401 I/[  587.616186@0]- dim(    0): reg:vdec.h264.00[18]
07-07 11:30:14.401 I/[  587.616754@0]- dim(    0): reg:use[0]ms
07-07 11:30:14.401 E/[  587.616779@0]- reg(    0): v4lvideo
07-07 11:30:14.401 I/[  587.616787@0]- dim(    0): ch[1]:di_receiver_event_fun,3:_START
07-07 11:30:14.401 D/        (    0): [  587.616794@0]- vdec_init, vf_provider_name = vdec.h264.00, b 0
07-07 11:30:14.401 I/        (    0): [  587.624294@2]- vdec->port_flag=0x102, port_flag=0x10b
07-07 11:30:14.401 D/[  587.627156@2]- v4lvid(    0): dbg: v4lvideo open
07-07 11:30:14.450 D/[  587.681869@3]- 0(    0): AV_SCRATCH_1 = 841fe078, AV_SCRATCH_2 1a077
07-07 11:30:14.451 D/[  587.681924@3]- 0(    0): chroma_format_idc = 1 frame_mbs_only_flag 1, crop_bottom 8,  frame_height 1080,
07-07 11:30:14.451 D/[  587.681929@3]- 0(    0): mb_height 68,crop_right 0, frame_width 1920, mb_width 120
07-07 11:30:14.451 D/[  587.681935@3]- 0(    0): level_idc = 40 pic_size = 3133440 size = 4
07-07 11:30:14.451 D/[  587.681940@3]- 0(    0): mb height/widht/total: 44/78/1fe0 level_idc 28 max_ref_num 4
07-07 11:30:14.451 D/[  587.681945@3]- 0(    0): restriction_flag=1, max_dec_frame_buffering=4, dec_dpb_size=6 num_reorder_frames 2 used_reorder_dpb_size_margin 9
07-07 11:30:14.451 D/[  587.681951@3]- 0(    0): vh264_set_params active_buf_spec_num 15 dec_dpb_size 6 collocate_buf_num 8
07-07 11:30:14.526 D/[  587.756854@1]- 0(    0): num_ref_frames change from 0 to 4
07-07 11:30:14.535 I/[  587.764258@2]- dim(    0): value reg:ch[1]:fix_buf:0;ponly <0,0>
07-07 11:30:14.557 I/[  587.764277@2]- dim(    0): di_cnt_i_buf1:tvp:0
07-07 11:30:14.557 I/[  587.764846@3]- v4lvideo(    0): provider name: vdec.h264.00
07-07 11:30:14.600 D/        (    0): [  587.789187@2]- cal_dur_from_pts vstatus 3840 dur3600 -> 3840, revised 3840
07-07 11:30:14.602 I/[  587.789424@2]- vframe_rate_uevent(    0): sent uevent FRAME_RATE_HINT=3840
07-07 11:30:14.602 D/[  587.790532@2]- dimh_patch_post_update_mc_sw(    0): 0x0->0x2
07-07 11:30:14.602 I/[  587.790669@2]- dim(    0): ch[1]:reg:mem cfg[8][5][3]
07-07 11:30:14.602 I/[  587.790752@2]- dim(    0): pre cfg:ch[1]:287696ms 1th source change:
07-07 11:30:14.602 I/[  587.790757@2]- dim(    0): source change:0x0/0/0/0=>0x8009/1920/1080/0
07-07 11:30:14.664 D/[  587.790778@2]- dimh_patch_post_update_mc_sw(    0): 0x2->0x3
07-07 11:30:14.665 I/[  587.825553@0]- VID(    0): VD1 off
07-07 11:30:14.700 I/[  587.825774@0]- vc(    0): [0]vc: set enable index=0, val=1
07-07 11:30:14.700 I/        (    0): [  587.825802@0]- dev->index =0, val=2
07-07 11:30:14.700 I/[  587.825808@0]- VID(    0): VD1 off
07-07 11:30:14.700 I/[  587.825814@0]- VID(    0): VD1 set global output as 1
07-07 11:30:14.700 I/[  587.825877@0]- VID(    0): store VD0 path_id changed -1->2
07-07 11:30:14.700 I/[  587.825910@0]- vc(    0): [0]sideband_type =-1
07-07 11:30:21.100 I/UsageStatsService( 3839): User[0] Flushing usage stats to disk
07-07 11:30:24.786 W/[  598.015535@1]- RTW(    0): Turbo EDCA =0x5ea42b
07-07 11:30:28.818 W/[  602.046792@3]- RTW(    0): Turbo EDCA =0x431c
07-07 11:30:30.734 W/[  603.965278@1]- RTW(    0): cfg80211_rtw_scan(wlan0)
07-07 11:30:30.735 W/[  603.965295@1]- RTW(    0): WARN cfg80211_rtw_scan (wlan0) : scan abort!! BusyTraffic
07-07 11:30:30.828 W/[  604.059487@3]- RTW(    0): cfg80211_rtw_remain_on_channel(wlan0) ch:1 duration:1000, cookie:0x1d
07-07 11:30:30.828 W/[  604.059694@2]- RTW(    0): rtw_ro_ch_handler(wlan0) ch:1 duration:1000, cookie:0x1d
07-07 11:30:30.856 W/[  604.086545@3]- RTW(    0): rtw_ro_ch_handler, set ro ch timer, duration=1000
07-07 11:30:30.857 W/[  604.087086@1]- RTW(    0): RTW_Tx:tx_ch=1, no_cck=0, da=00:a0:0a:33:be:80
07-07 11:30:30.857 W/[  604.087095@1]- RTW(    0): RTW_Tx:ACT_PUB_GAS_INITIAL_REQ
07-07 11:30:30.857 W/[  604.087208@1]- RTW(    0): Turbo EDCA =0x5ea42b
07-07 11:30:30.857 W/[  604.087294@1]- RTW(    0): ERROR [RFK-CHK] RF-K not allowed due to ld_iface not stayin union ch
07-07 11:30:30.866 W/[  604.094997@3]- RTW(    0): rtw_ps_processor(wlan0): ps_deny=0x00000040, skip power save!
07-07 11:30:30.870 W/[  604.099992@1]- RTW(    0): [HW_VAR_CHECK_TXBUF] Empty in 0 ms
07-07 11:30:30.871 W/[  604.100147@1]- RTW(    0): wlan0 sleep m0=0x00000003, ori reg_0x4d4=0x00000000
07-07 11:30:31.922 W/[  605.153219@3]- RTW(    0): issue_nulldata(wlan0) to b2:87:4c:00:6a:a2, ch:1, 3/3 in 1052 ms
07-07 11:30:31.926 W/[  605.156746@3]- RTW(    0): wlan0 cmd=12,30,0 process_time=1060
07-07 11:30:32.087 W/[  605.317369@3]- RTW(    0): wlan0 wakeup m0=0x00000003, ori reg_0x4d4=0x00000003
07-07 11:30:32.087 W/[  605.318122@3]- RTW(    0): cfg80211_remain_on_channel_expired cookie:0x1d
07-07 11:30:32.098 W/[  605.330106@3]- RTW(    0): [HW_VAR_CHECK_TXBUF] Empty in 0 ms
07-07 11:30:32.098 W/[  605.330275@3]- RTW(    0): wlan0 sleep m0=0x00000003, ori reg_0x4d4=0x00000000
07-07 11:30:32.270 W/[  605.499067@3]- RTW(    0): wlan0 wakeup m0=0x00000003, ori reg_0x4d4=0x00000003
07-07 11:30:32.336 W/[  605.568211@3]- RTW(    0): [HW_VAR_CHECK_TXBUF] Empty in 0 ms
07-07 11:30:32.336 W/[  605.568351@3]- RTW(    0): wlan0 sleep m0=0x00000003, ori reg_0x4d4=0x00000000
07-07 11:30:32.486 W/[  605.718260@3]- RTW(    0): wlan0 wakeup m0=0x00000003, ori reg_0x4d4=0x00000003
07-07 11:30:32.554 W/[  605.785967@2]- RTW(    0): [HW_VAR_CHECK_TXBUF] Empty in 0 ms
07-07 11:30:32.554 W/[  605.786141@2]- RTW(    0): wlan0 sleep m0=0x00000003, ori reg_0x4d4=0x00000000
07-07 11:30:32.702 W/[  605.933733@3]- RTW(    0): wlan0 wakeup m0=0x00000003, ori reg_0x4d4=0x00000003
07-07 11:30:32.774 W/[  606.004874@3]- RTW(    0): [HW_VAR_CHECK_TXBUF] Empty in 0 ms
07-07 11:30:32.795 W/[  606.005034@3]- RTW(    0): wlan0 sleep m0=0x00000003, ori reg_0x4d4=0x00000000
07-07 11:30:32.950 W/[  606.180433@3]- RTW(    0): wlan0 wakeup m0=0x00000003, ori reg_0x4d4=0x00000003
07-07 11:30:32.962 W/[  606.194189@3]- RTW(    0): rtw_ps_processor(wlan0): ps_deny=0x00000040, skip power save!
07-07 11:30:33.022 W/[  606.251205@3]- RTW(    0): [HW_VAR_CHECK_TXBUF] Empty in 4 ms
07-07 11:30:33.023 W/[  606.251375@3]- RTW(    0): wlan0 sleep m0=0x00000003, ori reg_0x4d4=0x00000000
07-07 11:30:33.178 W/[  606.408496@3]- RTW(    0): wlan0 wakeup m0=0x00000003, ori reg_0x4d4=0x00000003
07-07 11:30:33.253 W/[  606.482900@3]- RTW(    0): [HW_VAR_CHECK_TXBUF] Empty in 4 ms
07-07 11:30:33.253 W/[  606.483053@3]- RTW(    0): wlan0 sleep m0=0x00000003, ori reg_0x4d4=0x00000000
07-07 11:30:33.409 W/[  606.639856@2]- RTW(    0): wlan0 wakeup m0=0x00000003, ori reg_0x4d4=0x00000003
07-07 11:30:33.482 W/[  606.713035@3]- RTW(    0): [HW_VAR_CHECK_TXBUF] Empty in 0 ms
07-07 11:30:33.482 W/[  606.713182@3]- RTW(    0): wlan0 sleep m0=0x00000003, ori reg_0x4d4=0x00000000
07-07 11:30:33.634 W/[  606.864970@3]- RTW(    0): wlan0 wakeup m0=0x00000003, ori reg_0x4d4=0x00000003
07-07 11:30:33.642 W/[  606.868842@2]- RTW(    0): cfg80211_rtw_mgmt_tx(wlan0) FAIL (8/8) in 2780 ms
07-07 11:30:34.246 W/        (    0): [  607.475390@3]- [0] H264 EOS notify.
07-07 11:30:34.843 I/        (    0): [  608.073163@3]- is_reset=1
07-07 11:30:34.843 I/[  608.074019@3]- vframe_rate_uevent(    0): sent uevent FRAME_RATE_HINT=0
07-07 11:30:34.843 I/[  608.074384@1]- dim(    0): ch[1]:di_receiver_event_fun,1:_UNREG
07-07 11:30:34.844 E/[  608.074396@1]- unreg(    0): v4lvideo
07-07 11:30:34.859 I/[  608.090577@2]- dim(    0): unreg:2keep[4], msk:[0x80007,0x0]
07-07 11:30:34.859 D/[  608.090596@2]- dimh_patch_post_update_mc_sw(    0): 0x3->0x0
07-07 11:30:34.874 I/[  608.103078@0]- dim(    0): unreg:use[29]ms
07-07 11:30:34.874 D/        (    0): [  608.103111@0]- vdec_disable_DMC input->target= 0x0
07-07 11:30:34.875 D/[  608.103259@0]- 0(    0): vh264_stop
07-07 11:30:34.880 D/        (    0): [  608.107216@0]- vdec_release instance 00000000e95d94df, total 1 id = 0
07-07 11:30:34.880 D/        (    0): [  608.107493@0]- the clk_vdec_mux    clock off, ref cnt: 0
07-07 11:30:34.880 D/        (    0): [  608.107738@0]- the vdec            clock off, ref cnt: 0
07-07 11:30:34.880 D/        (    0): [  608.107744@0]- the parser_top      clock off, ref cnt: 1
07-07 11:30:34.880 D/        (    0): [  608.107748@0]- the demux           clock off, ref cnt: 1
07-07 11:30:34.880 D/        (    0): [  608.107868@0]- the demux           clock on, ref cnt: 2
07-07 11:30:34.880 D/        (    0): [  608.107879@0]- the parser_top      clock on, ref cnt: 2
07-07 11:30:34.880 D/        (    0): [  608.107887@0]- the vdec            clock on, ref cnt: 1
07-07 11:30:34.880 D/        (    0): [  608.107912@0]- the clk_vdec_mux    clock on, ref cnt: 1
07-07 11:30:34.880 D/        (    0): [  608.107952@0]- vdec mux clock is 499999992 Hz
07-07 11:30:34.880 D/        (    0): [  608.108286@0]- vdec_create instance 00000000acef9584, total 1, PM: legacy
07-07 11:30:34.880 D/        (    0): [  608.108457@0]- no drmmode
07-07 11:30:34.881 I/        (    0): [  608.108502@0]- is_reset=1
07-07 11:30:34.881 I/        (    0): [  608.108529@0]- vdec_init, dev_name:ammvdec_h264, vdec_type=VDEC_TYPE_FRAME_BLOCK  id = 0
07-07 11:30:34.884 D/        (    0): [  608.109631@0]- ammvdec_h264_mmu_init tvp = 0x0 mmu_enable 0
07-07 11:30:34.884 D/        (    0): [  608.109638@0]- decoder_bmmu_box_alloc_box, tvp_flags = 0
07-07 11:30:34.884 D/[  608.109657@0]- 0(    0): ammvdec_h264_probe mmu_enable 0 double_write_mode 0x10
07-07 11:30:34.884 D/[  608.113436@1]- 0(    0): ammvdec_h264 mem-addr=0,buff_offset=56c10000,buf_start=56c00000
07-07 11:30:34.884 D/        (    0): [  608.113483@1]- vdec mux clock is 666666656 Hz
07-07 11:30:34.884 D/        (    0): [  608.113488@1]- vdec1 video changed to 3840 x 2160 60 fps clk->667MHZ
07-07 11:30:34.884 W/        (    0): [  608.113494@1]- H264 sysinfo: 1920x1080 duration=3840, pts_outside=1
07-07 11:30:34.884 D/        (    0): [  608.113498@1]- sync_outside=0, use_idr_framerate=0, is_used_v4l: 0
07-07 11:30:34.884 I/        (    0): [  608.113722@1]- [TEE], the fw (h264_multi) will be loaded.
07-07 11:30:34.884 D/        (    0): [  608.114352@0]- vh264_init, phy_addr=7446e000 vaddr=00000000ba24f07c
07-07 11:30:34.884 D/        (    0): [  608.114934@0]- vfm map vdec-map-0 created
07-07 11:30:34.884 I/[  608.114958@0]- dim(    0): ch[1]:di_receiver_event_fun,8:_REG
07-07 11:30:34.884 I/[  608.114970@0]- dim(    0): reg:vdec.h264.00[19]
07-07 11:30:34.884 I/[  608.115530@0]- dim(    0): reg:use[1]ms
07-07 11:30:34.884 E/[  608.115559@0]- reg(    0): v4lvideo
07-07 11:30:34.884 I/[  608.115567@0]- dim(    0): ch[1]:di_receiver_event_fun,3:_START
07-07 11:30:34.884 D/        (    0): [  608.115572@0]- vdec_init, vf_provider_name = vdec.h264.00, b 0
07-07 11:30:34.886 W/[  608.118343@0]- healthd(    0): battery l=100 v=4 t=0.0 h=2 st=2 c=1100 fc=10000000 chg=u
07-07 11:30:34.893 I/        (    0): [  608.120014@1]- vdec->port_flag=0x102, port_flag=0x10b
07-07 11:30:34.895 I/        (    0): [  608.120158@1]- is_reset=0
07-07 11:30:34.895 I/[  608.126347@0]- vframe_rate_uevent(    0): sent uevent FRAME_RATE_HINT=0
07-07 11:30:34.895 I/[  608.126405@0]- dim(    0): ch[1]:di_receiver_event_fun,1:_UNREG
07-07 11:30:34.895 E/[  608.126417@0]- unreg(    0): v4lvideo
07-07 11:30:34.902 I/[  608.126987@0]- dim(    0): unreg:use[0]ms
07-07 11:30:34.906 D/        (    0): [  608.127021@0]- vdec_disable_DMC input->target= 0x0
07-07 11:30:34.906 D/[  608.127175@0]- 0(    0): vh264_stop
07-07 11:30:34.906 D/        (    0): [  608.127637@0]- vdec_release instance 00000000acef9584, total 1 id = 0
07-07 11:30:34.906 D/        (    0): [  608.127850@0]- the clk_vdec_mux    clock off, ref cnt: 0
07-07 11:30:34.906 D/        (    0): [  608.127860@0]- the vdec            clock off, ref cnt: 0
07-07 11:30:34.906 D/        (    0): [  608.127864@0]- the parser_top      clock off, ref cnt: 1
07-07 11:30:34.906 D/        (    0): [  608.127868@0]- the demux           clock off, ref cnt: 1
07-07 11:30:34.906 D/        (    0): [  608.127892@0]d v4lvideo_release_map 0 OK
07-07 11:30:34.906 D/[  608.128003@0]- v4lvid(    0): dbg: vidioc_close!!!!
07-07 11:30:34.906 I/[  608.129230@0]- resman(    0): 32 release [codec_mm]
07-07 11:30:34.970 I/[  608.200688@3]- resman(    0): 33 appname:OMX-30, type=0
07-07 11:30:35.097 I/[  608.327660@0]- resman(    0): 33 acquire [codec_mm], preempt yes
07-07 11:30:35.097 I/[  608.327672@0]- resman(    0): 33 score 60 secure no
07-07 11:30:35.097 I/[  608.327677@0]- resman(    0): 33 acquire [codec_mm] success
07-07 11:30:35.097 D/        (    0): [  608.327724@0]- the demux           clock on, ref cnt: 2
07-07 11:30:35.097 D/        (    0): [  608.327729@0]- the parser_top      clock on, ref cnt: 2
07-07 11:30:35.097 D/        (    0): [  608.327738@0]- the vdec            clock on, ref cnt: 1
07-07 11:30:35.097 D/        (    0): [  608.327761@0]- the clk_vdec_mux    clock on, ref cnt: 1
07-07 11:30:35.097 D/        (    0): [  608.327794@0]- vdec mux clock is 499999992 Hz
07-07 11:30:35.097 D/        (    0): [  608.328171@0]- vdec_create instance 00000000ed98b534, total 1, PM: legacy
07-07 11:30:35.097 D/        (    0): [  608.328218@0]- no drmmode
07-07 11:30:35.097 I/        (    0): [  608.328265@0]- is_reset=0
07-07 11:30:35.097 I/        (    0): [  608.328295@0]- vdec_init, dev_name:ammvdec_h264, vdec_type=VDEC_TYPE_FRAME_BLOCK  id = 0
07-07 11:30:35.100 D/        (    0): [  608.329476@0]- ammvdec_h264_mmu_init tvp = 0x0 mmu_enable 0
07-07 11:30:35.100 D/        (    0): [  608.329485@0]- decoder_bmmu_box_alloc_box, tvp_flags = 0
07-07 11:30:35.100 D/[  608.329505@0]- 0(    0): ammvdec_h264_probe mmu_enable 0 double_write_mode 0x10
07-07 11:30:35.100 D/[  608.331502@0]- 0(    0): ammvdec_h264 mem-addr=0,buff_offset=56c10000,buf_start=56c00000
07-07 11:30:35.108 D/        (    0): [  608.331545@0]- vdec mux clock is 666666656 Hz
07-07 11:30:35.108 D/        (    0): [  608.331550@0]- vdec1 video changed to 3840 x 2160 60 fps clk->667MHZ
07-07 11:30:35.127 W/        (    0): [  608.331556@0]- H264 sysinfo: 1920x1080 duration=4000, pts_outside=1
07-07 11:30:35.127 D/        (    0): [  608.331560@0]- sync_outside=0, use_idr_framerate=0, is_used_v4l: 0
07-07 11:30:35.127 I/        (    0): [  608.331950@0]- [TEE], the fw (h264_multi) will be loaded.
07-07 11:30:35.127 D/        (    0): [  608.337706@1]- vh264_init, phy_addr=7446e000 vaddr=000000008f2aeb6a
07-07 11:30:35.127 D/        (    0): [  608.340222@3]- vfm map vdec-map-0 created
07-07 11:30:35.127 I/[  608.340244@3]- dim(    0): ch[1]:di_receiver_event_fun,8:_REG
07-07 11:30:35.127 I/[  608.340250@3]- dim(    0): reg:vdec.h264.00[20]
07-07 11:30:35.127 I/[  608.340831@0]- dim(    0): reg:use[0]ms
07-07 11:30:35.128 E/[  608.340859@0]- reg(    0): v4lvideo
07-07 11:30:35.128 I/[  608.340867@0]- dim(    0): ch[1]:di_receiver_event_fun,3:_START
07-07 11:30:35.128 D/        (    0): [  608.340874@0]- vdec_init, vf_provider_name = vdec.h264.00, b 0
07-07 11:30:35.128 I/        (    0): [  608.343497@1]- vdec->port_flag=0x102, port_flag=0x10b
07-07 11:30:35.128 D/[  608.348873@1]- v4lvid(    0): dbg: v4lvideo open
07-07 11:30:35.198 D/[  608.429860@3]- 0(    0): AV_SCRATCH_1 = 841fe078, AV_SCRATCH_2 ffa077
07-07 11:30:35.199 D/[  608.430010@3]- 0(    0): chroma_format_idc = 1 frame_mbs_only_flag 1, crop_bottom 8,  frame_height 1080,
07-07 11:30:35.199 D/[  608.430017@3]- 0(    0): mb_height 68,crop_right 0, frame_width 1920, mb_width 120
07-07 11:30:35.199 D/[  608.430023@3]- 0(    0): level_idc = 40 pic_size = 3133440 size = 4
07-07 11:30:35.199 D/[  608.430028@3]- 0(    0): mb height/widht/total: 44/78/1fe0 level_idc 28 max_ref_num 4
07-07 11:30:35.200 D/[  608.430102@3]- 0(    0): restriction_flag=1, max_dec_frame_buffering=4, dec_dpb_size=6 num_reorder_frames 3 used_reorder_dpb_size_margin 9
07-07 11:30:35.200 D/[  608.430108@3]- 0(    0): vh264_set_params active_buf_spec_num 15 dec_dpb_size 6 collocate_buf_num 8
07-07 11:30:35.272 D/[  608.490030@3]- 0(    0): num_ref_frames change from 0 to 4
07-07 11:30:35.272 I/[  608.497240@2]- dim(    0): value reg:ch[1]:fix_buf:0;ponly <0,0>
07-07 11:30:35.273 I/[  608.497253@2]- dim(    0): 1920x1080-0x9000.
07-07 11:30:35.273 I/[  608.497620@3]- v4lvideo(    0): provider name: vdec.h264.00
07-07 11:30:35.306 D/        (    0): [  608.535045@3]- cal_dur_from_pts vstatus 4000 dur3749 -> 3998, revised 4000
07-07 11:30:35.306 I/[  608.535285@3]- vframe_rate_uevent(    0): sent uevent FRAME_RATE_HINT=4000
07-07 11:30:36.879 W/[  610.110583@0]d NOHZ(    0): local_softirq_pending 08
07-07 11:30:36.881 W/[  610.111788@0]d NOHZ(    0): local_softirq_pending 08
07-07 11:30:36.891 W/[  610.120400@1]- RTW(    0): Turbo EDCA =0x431c
07-07 11:30:36.907 W/[  610.135733@1]d NOHZ(    0): local_softirq_pending 08
07-07 11:30:36.907 W/[  610.135746@1]d NOHZ(    0): local_softirq_pending 08
07-07 11:30:36.907 W/[  610.135898@1]d NOHZ(    0): local_softirq_pending 08
07-07 11:30:36.907 W/[  610.136123@1]d NOHZ(    0): local_softirq_pending 08
07-07 11:30:42.930 W/[  616.159070@0]- RTW(    0): Turbo EDCA =0x5ea42b
07-07 11:30:46.960 W/[  620.190955@1]- RTW(    0): Turbo EDCA =0x431c
07-07 11:30:48.978 W/[  622.206949@1]- RTW(    0): Turbo EDCA =0x5ea42b
07-07 11:30:53.010 W/[  626.238881@1]- RTW(    0): Turbo EDCA =0x431c
07-07 11:30:55.026 W/[  628.254972@2]- RTW(    0): Turbo EDCA =0x5ea42b
07-07 11:31:01.074 W/[  634.303263@1]- RTW(    0): Turbo EDCA =0x431c
07-07 11:31:03.090 W/[  636.318951@2]- RTW(    0): Turbo EDCA =0x5ea42b
07-07 11:31:07.122 W/[  640.350810@1]- RTW(    0): Turbo EDCA =0x431c
07-07 11:31:11.154 W/[  644.383054@2]- RTW(    0): Turbo EDCA =0x5ea42b
07-07 11:31:13.327 W/[  646.555904@3]- RTW(    0): fill_default_txdesc(wlan0): SP Packet(0x0806) rate=0x4 SeqNum = 3913
07-07 11:31:13.487 W/[  646.718629@3]- RTW(    0): fill_default_txdesc(wlan0): SP Packet(0x0806) rate=0x4 SeqNum = 3923
07-07 11:31:15.186 W/[  648.414972@3]- RTW(    0): Turbo EDCA =0x431c
07-07 11:31:17.203 W/[  650.430933@2]- RTW(    0): Turbo EDCA =0x5ea42b
07-07 11:31:23.254 W/[  656.482821@1]- RTW(    0): Turbo EDCA =0x431c
07-07 11:31:11.563 I/chatty  ( 3839): uid=1000(system) android.bg identical 5 lines
07-07 11:31:21.655 I/UsageStatsService( 3839): User[0] Flushing usage stats to disk
07-07 11:31:24.837 D/AutofillManagerService( 3839): onBackKeyPressed()
07-07 11:31:24.886 I/        (    0): [  658.116051@1]- is_reset=1
07-07 11:31:24.889 I/[  658.116952@1]- vframe_rate_uevent(    0): sent uevent FRAME_RATE_HINT=0
07-07 11:31:24.889 I/[  658.118765@3]- dim(    0): ch[1]:di_receiver_event_fun,1:_UNREG
07-07 11:31:24.889 E/[  658.118803@3]- unreg(    0): v4lvideo
07-07 11:31:24.889 I/[  658.118865@1]- dim(    0): unreg:2keep[4], msk:[0x0,0x0]
07-07 11:31:24.905 I/[  658.130415@3]- dim(    0): unreg:use[12]ms
07-07 11:31:24.905 D/        (    0): [  658.130447@3]- vdec_disable_DMC input->target= 0x0
07-07 11:31:24.905 D/[  658.130625@3]- 0(    0): vh264_stop
07-07 11:31:24.905 D/        (    0): [  658.133096@3]- vdec_release instance 00000000ed98b534, total 1 id = 0
07-07 11:31:24.905 D/        (    0): [  658.133297@3]- the clk_vdec_mux    clock off, ref cnt: 0
07-07 11:31:24.905 D/        (    0): [  658.133307@3]- the vdec            clock off, ref cnt: 0
07-07 11:31:24.905 D/        (    0): [  658.133310@3]- the parser_top      clock off, ref cnt: 1
07-07 11:31:24.905 D/        (    0): [  658.133314@3]- the demux           clock off, ref cnt: 1
07-07 11:31:24.905 D/        (    0): [  658.133437@3]- the demux           clock on, ref cnt: 2
07-07 11:31:24.905 D/        (    0): [  658.133443@3]- the parser_top      clock on, ref cnt: 2
07-07 11:31:24.905 D/        (    0): [  658.133449@3]- the vdec            clock on, ref cnt: 1
07-07 11:31:24.905 D/        (    0): [  658.133469@3]- the clk_vdec_mux    clock on, ref cnt: 1
07-07 11:31:24.905 D/        (    0): [  658.133502@3]- vdec mux clock is 499999992 Hz
07-07 11:31:24.905 D/        (    0): [  658.133579@3]- vdec_create instance 00000000d934d470, total 1, PM: legacy
07-07 11:31:24.905 D/        (    0): [  658.133618@3]- no drmmode
07-07 11:31:24.905 I/        (    0): [  658.133674@3]- is_reset=1
07-07 11:31:24.905 I/        (    0): [  658.133701@3]- vdec_init, dev_name:ammvdec_h264, vdec_type=VDEC_TYPE_FRAME_BLOCK  id = 0
07-07 11:31:24.905 D/        (    0): [  658.134603@3]- ammvdec_h264_mmu_init tvp = 0x0 mmu_enable 0
07-07 11:31:24.905 D/        (    0): [  658.134610@3]- decoder_bmmu_box_alloc_box, tvp_flags = 0
07-07 11:31:24.905 D/[  658.134630@3]- 0(    0): ammvdec_h264_probe mmu_enable 0 double_write_mode 0x10
07-07 11:31:24.905 D/[  658.135952@3]- 0(    0): ammvdec_h264 mem-addr=0,buff_offset=56c10000,buf_start=56c00000
07-07 11:31:24.905 D/        (    0): [  658.135994@3]- vdec mux clock is 666666656 Hz
07-07 11:31:24.905 D/        (    0): [  658.135999@3]- vdec1 video changed to 3840 x 2160 60 fps clk->667MHZ
07-07 11:31:24.905 W/        (    0): [  658.136005@3]- H264 sysinfo: 1920x1080 duration=4000, pts_outside=1
07-07 11:31:24.905 D/        (    0): [  658.136008@3]- sync_outside=0, use_idr_framerate=0, is_used_v4l: 0
07-07 11:31:24.905 I/        (    0): [  658.136226@3]- [TEE], the fw (h264_multi) will be loaded.
07-07 11:31:24.905 D/        (    0): [  658.137201@2]- vh264_init, phy_addr=7446e000 vaddr=00000000bfdbe0fa
07-07 11:31:24.905 D/        (    0): [  658.137519@2]- vfm map vdec-map-0 created
07-07 11:31:24.905 I/[  658.137542@2]- dim(    0): ch[1]:di_receiver_event_fun,8:_REG
07-07 11:31:24.919 I/[  658.137547@2]- dim(    0): reg:vdec.h264.00[21]
07-07 11:31:24.919 I/[  658.138097@2]- dim(    0): reg:use[1]ms
07-07 11:31:24.921 E/[  658.138122@2]- reg(    0): v4lvideo
07-07 11:31:24.921 I/[  658.138131@2]- dim(    0): ch[1]:di_receiver_event_fun,3:_START
07-07 11:31:24.921 D/        (    0): [  658.138136@2]- vdec_init, vf_provider_name = vdec.h264.00, b 0
07-07 11:31:24.921 I/        (    0): [  658.138917@2]- vdec->port_flag=0x102, port_flag=0x10b
07-07 11:31:24.921 I/        (    0): [  658.139034@2]- is_reset=0
07-07 11:31:24.933 I/        (    0): [  658.164457@1]- is_reset=1
07-07 11:31:24.937 I/[  658.164763@1]- vframe_rate_uevent(    0): sent uevent FRAME_RATE_HINT=0
07-07 11:31:24.937 I/[  658.164983@3]- dim(    0): ch[1]:di_receiver_event_fun,1:_UNREG
07-07 11:31:24.937 E/[  658.164998@3]- unreg(    0): v4lvideo
07-07 11:31:24.937 I/[  658.165570@3]- dim(    0): unreg:use[0]ms
07-07 11:31:24.937 D/        (    0): [  658.165601@3]- vdec_disable_DMC input->target= 0x0
07-07 11:31:24.937 D/[  658.165723@3]- 0(    0): vh264_stop
07-07 11:31:24.937 D/        (    0): [  658.166193@3]- vdec_release instance 00000000d934d470, total 1 id = 0
07-07 11:31:24.937 D/        (    0): [  658.166368@3]- the clk_vdec_mux    clock off, ref cnt: 0
07-07 11:31:24.937 D/        (    0): [  658.166378@3]- the vdec            clock off, ref cnt: 0
07-07 11:31:24.938 D/        (    0): [  658.166382@3]- the parser_top      clock off, ref cnt: 1
07-07 11:31:24.938 D/        (    0): [  658.166385@3]- the demux           clock off, ref cnt: 1
07-07 11:31:24.938 D/        (    0): [  658.166510@3]- the demux           clock on, ref cnt: 2
07-07 11:31:24.938 D/        (    0): [  658.166515@3]- the parser_top      clock on, ref cnt: 2
07-07 11:31:24.938 D/        (    0): [  658.166522@3]- the vdec            clock on, ref cnt: 1
07-07 11:31:24.938 D/        (    0): [  658.166542@3]- the clk_vdec_mux    clock on, ref cnt: 1
07-07 11:31:24.938 D/        (    0): [  658.166574@3]- vdec mux clock is 499999992 Hz
07-07 11:31:24.938 D/        (    0): [  658.166933@3]- vdec_create instance 0000000038f9d671, total 1, PM: legacy
07-07 11:31:24.938 D/        (    0): [  658.166976@3]- no drmmode
07-07 11:31:24.938 I/        (    0): [  658.167006@3]- is_reset=1
07-07 11:31:24.938 I/        (    0): [  658.167035@3]- vdec_init, dev_name:ammvdec_h264, vdec_type=VDEC_TYPE_FRAME_BLOCK  id = 0
07-07 11:31:24.938 D/        (    0): [  658.167817@3]- ammvdec_h264_mmu_init tvp = 0x0 mmu_enable 0
07-07 11:31:24.938 D/        (    0): [  658.167823@3]- decoder_bmmu_box_alloc_box, tvp_flags = 0
07-07 11:31:24.938 D/[  658.167842@3]- 0(    0): ammvdec_h264_probe mmu_enable 0 double_write_mode 0x10
07-07 11:31:24.938 D/[  658.169123@1]- 0(    0): ammvdec_h264 mem-addr=0,buff_offset=56c10000,buf_start=56c00000
07-07 11:31:24.938 D/        (    0): [  658.169164@1]- vdec mux clock is 666666656 Hz
07-07 11:31:24.938 D/        (    0): [  658.169169@1]- vdec1 video changed to 3840 x 2160 60 fps clk->667MHZ
07-07 11:31:24.938 W/        (    0): [  658.169174@1]- H264 sysinfo: 1920x1080 duration=4000, pts_outside=1
07-07 11:31:24.938 D/        (    0): [  658.169178@1]- sync_outside=0, use_idr_framerate=0, is_used_v4l: 0
07-07 11:31:24.938 I/        (    0): [  658.169402@1]- [TEE], the fw (h264_multi) will be loaded.
07-07 11:31:24.938 D/        (    0): [  658.170029@1]- vh264_init, phy_addr=7446e000 vaddr=00000000d3cd1fd3
07-07 11:31:24.939 D/        (    0): [  658.170260@1]- vfm map vdec-map-0 created
07-07 11:31:24.939 I/[  658.170283@1]- dim(    0): ch[1]:di_receiver_event_fun,8:_REG
07-07 11:31:24.939 I/[  658.170288@1]- dim(    0): reg:vdec.h264.00[22]
07-07 11:31:24.939 I/[  658.170396@1]- dim(    0): reg:use[0]ms
07-07 11:31:24.939 E/[  658.170500@1]- reg(    0): v4lvideo
07-07 11:31:24.939 I/[  658.170508@1]- dim(    0): ch[1]:di_receiver_event_fun,3:_START
07-07 11:31:24.939 D/        (    0): [  658.170513@1]- vdec_init, vf_provider_name = vdec.h264.00, b 0
07-07 11:31:24.943 I/        (    0): [  658.172870@3]- vdec->port_flag=0x102, port_flag=0x10b
07-07 11:31:24.943 I/        (    0): [  658.172966@3]- is_reset=0
07-07 11:31:24.955 I/[  658.184829@1]- vframe_rate_uevent(    0): sent uevent FRAME_RATE_HINT=0
07-07 11:31:24.955 I/[  658.184906@1]- dim(    0): ch[1]:di_receiver_event_fun,1:_UNREG
07-07 11:31:24.955 E/[  658.184918@1]- unreg(    0): v4lvideo
07-07 11:31:24.955 I/[  658.185167@1]- dim(    0): unreg:use[0]ms
07-07 11:31:24.955 D/        (    0): [  658.185191@1]- vdec_disable_DMC input->target= 0x0
07-07 11:31:24.955 D/[  658.185314@1]- 0(    0): vh264_stop
07-07 11:31:24.955 D/        (    0): [  658.185778@1]- vdec_release instance 0000000038f9d671, total 1 id = 0
07-07 11:31:24.955 D/        (    0): [  658.185938@1]- the clk_vdec_mux    clock off, ref cnt: 0
07-07 11:31:24.955 D/        (    0): [  658.185947@1]- the vdec            clock off, ref cnt: 0
07-07 11:31:24.955 D/        (    0): [  658.185951@1]- the parser_top      clock off, ref cnt: 1
07-07 11:31:24.955 D/        (    0): [  658.185955@1]- the demux           clock off, ref cnt: 1
07-07 11:31:24.955 D/        (    0): [  658.185983@1]d v4lvideo_release_map 0 OK
07-07 11:31:24.955 D/[  658.186100@1]- v4lvid(    0): dbg: vidioc_close!!!!
07-07 11:31:24.957 I/[  658.189333@1]- resman(    0): 33 release [codec_mm]
07-07 11:31:25.170 D/INSETS  ( 3839): else - Package Name ::  left : 0 right :: 0 top :: 0 bottom :: 0 dfu-right :: 1920 dfu-bottom :: 1080
07-07 11:31:25.199 I/[  658.429590@3]- vc(    0): [0]vc: set enable index=0, val=0
07-07 11:31:25.199 I/[  658.429613@3]- VID(    0): store VD0 path_id changed 2->-1
07-07 11:31:25.199 I/        (    0): [  658.429618@3]- dev->index =0, val=1
07-07 11:31:25.199 I/[  658.429622@3]- VID(    0): VD1 off
07-07 11:31:25.199 I/[  658.429628@3]- VID(    0): VD1 set global output as 0
07-07 11:31:25.199 I/        (    0): [  658.429644@3]- common_vf_unreg_provider video_render.0: vd1 used: true, vd2 used: false, black_out:0, cur_buf:000000003c5e34d2
07-07 11:31:25.266 W/[  658.495525@3]- RTW(    0): Turbo EDCA =0x5ea42b
07-07 11:31:25.554 D/INSETS  ( 3839): else - Package Name ::  left : 0 right :: 0 top :: 0 bottom :: 0 dfu-right :: 1920 dfu-bottom :: 1080
07-07 11:31:26.510 W/[  659.739672@3]- RTW(    0): fill_default_txdesc(wlan0): SP Packet(0x0806) rate=0x4 SeqNum = 953
07-07 11:31:26.653 D/AutofillManagerService( 3839): onBackKeyPressed()
07-07 11:31:27.478 W/[  660.706788@1]- RTW(    0): fill_default_txdesc(wlan0): SP Packet(0x0806) rate=0x4 SeqNum = 1147
07-07 11:31:27.863 D/InputMethodManagerService( 3839): Top Package Name: in.startv.hotstar
07-07 11:31:27.875 W/ContextImpl( 3839): Calling a method in the system process without a qualified user: android.app.ContextImpl.sendBroadcast:1111 com.android.server.inputmethod.InputMethodManagerService.sendSoftInputVisibilityBroadcast:3258 com.android.server.inputmethod.InputMethodManagerService.showCurrentInputLocked:3231 com.android.server.inputmethod.InputMethodManagerService.showSoftInput:3153 com.android.internal.view.IInputMethodManager$Stub.onTransact:304 
07-07 11:31:27.876 D/InputMethodManagerService( 3839): Top Package Name: in.startv.hotstar
07-07 11:31:27.878 W/ContextImpl( 3839): Calling a method in the system process without a qualified user: android.app.ContextImpl.sendBroadcast:1111 com.android.server.inputmethod.InputMethodManagerService.sendSoftInputVisibilityBroadcast:3258 com.android.server.inputmethod.InputMethodManagerService.showCurrentInputLocked:3231 com.android.server.inputmethod.InputMethodManagerService.showMySoftInput:4198 com.android.server.inputmethod.InputMethodManagerService.access$4100:189 
07-07 11:31:27.881 W/ContextImpl( 3839): Calling a method in the system process without a qualified user: android.app.ContextImpl.sendBroadcast:1111 com.android.server.inputmethod.InputMethodManagerService.sendSoftInputVisibilityBroadcast:3258 com.android.server.inputmethod.InputMethodManagerService.hideCurrentInputLocked:3330 com.android.server.inputmethod.InputMethodManagerService.hideMySoftInput:4180 com.android.server.inputmethod.InputMethodManagerService.access$4000:189 
07-07 11:31:27.905 D/InputMethodManagerService( 3839): Top Package Name: in.startv.hotstar
07-07 11:31:27.909 W/ContextImpl( 3839): Calling a method in the system process without a qualified user: android.app.ContextImpl.sendBroadcast:1111 com.android.server.inputmethod.InputMethodManagerService.sendSoftInputVisibilityBroadcast:3258 com.android.server.inputmethod.InputMethodManagerService.showCurrentInputLocked:3231 com.android.server.inputmethod.InputMethodManagerService.showMySoftInput:4198 com.android.server.inputmethod.InputMethodManagerService.access$4100:189 
07-07 11:31:27.910 D/INSETS  ( 3839): else - Package Name ::  left : 0 right :: 0 top :: 0 bottom :: 0 dfu-right :: 1920 dfu-bottom :: 1080
07-07 11:31:27.913 I/chatty  ( 3839): uid=1000(system) Binder:3839_5 identical 2 lines
07-07 11:31:27.913 D/INSETS  ( 3839): else - Package Name ::  left : 0 right :: 0 top :: 0 bottom :: 0 dfu-right :: 1920 dfu-bottom :: 1080
07-07 11:31:27.933 D/INSETS  ( 3839): else - Package Name ::  left : 0 right :: 0 top :: 0 bottom :: 0 dfu-right :: 1920 dfu-bottom :: 1080
07-07 11:31:27.936 I/chatty  ( 3839): uid=1000(system) android.anim identical 2 lines
07-07 11:31:27.937 D/INSETS  ( 3839): else - Package Name ::  left : 0 right :: 0 top :: 0 bottom :: 0 dfu-right :: 1920 dfu-bottom :: 1080
07-07 11:31:27.964 D/INSETS  ( 3839): else - Package Name ::  left : 0 right :: 0 top :: 0 bottom :: 0 dfu-right :: 1920 dfu-bottom :: 1080
07-07 11:31:27.965 D/INSETS  ( 3839): else - Package Name ::  left : 0 right :: 0 top :: 0 bottom :: 0 dfu-right :: 1920 dfu-bottom :: 1080
07-07 11:31:27.977 D/InputMethodManagerService( 3839): Top Package Name: in.startv.hotstar
07-07 11:31:27.977 W/ContextImpl( 3839): Calling a method in the system process without a qualified user: android.app.ContextImpl.sendBroadcast:1111 com.android.server.inputmethod.InputMethodManagerService.sendSoftInputVisibilityBroadcast:3258 com.android.server.inputmethod.InputMethodManagerService.showCurrentInputLocked:3231 com.android.server.inputmethod.InputMethodManagerService.showMySoftInput:4198 com.android.server.inputmethod.InputMethodManagerService.access$4100:189 
07-07 11:31:28.025 D/INSETS  ( 3839): else - Package Name ::  left : 0 right :: 0 top :: 0 bottom :: 0 dfu-right :: 1920 dfu-bottom :: 1080
07-07 11:31:28.074 I/chatty  ( 3839): uid=1000(system) Binder:3839_5 identical 3 lines
07-07 11:31:28.074 D/INSETS  ( 3839): else - Package Name ::  left : 0 right :: 0 top :: 0 bottom :: 0 dfu-right :: 1920 dfu-bottom :: 1080
07-07 11:31:28.093 D/INSETS  ( 3839): else - Package Name ::  left : 0 right :: 0 top :: 0 bottom :: 0 dfu-right :: 1920 dfu-bottom :: 1080
07-07 11:31:28.093 I/chatty  ( 3839): uid=1000(system) android.anim identical 1 line
07-07 11:31:28.094 D/INSETS  ( 3839): else - Package Name ::  left : 0 right :: 0 top :: 0 bottom :: 0 dfu-right :: 1920 dfu-bottom :: 1080
07-07 11:31:28.095 D/InputMethodManagerService( 3839): Top Package Name: in.startv.hotstar
07-07 11:31:28.096 W/ContextImpl( 3839): Calling a method in the system process without a qualified user: android.app.ContextImpl.sendBroadcast:1111 com.android.server.inputmethod.InputMethodManagerService.sendSoftInputVisibilityBroadcast:3258 com.android.server.inputmethod.InputMethodManagerService.showCurrentInputLocked:3231 com.android.server.inputmethod.InputMethodManagerService.showMySoftInput:4198 com.android.server.inputmethod.InputMethodManagerService.access$4100:189 
07-07 11:31:28.102 D/InputMethodManagerService( 3839): Top Package Name: in.startv.hotstar
07-07 11:31:28.103 W/ContextImpl( 3839): Calling a method in the system process without a qualified user: android.app.ContextImpl.sendBroadcast:1111 com.android.server.inputmethod.InputMethodManagerService.sendSoftInputVisibilityBroadcast:3258 com.android.server.inputmethod.InputMethodManagerService.showCurrentInputLocked:3231 com.android.server.inputmethod.InputMethodManagerService.showMySoftInput:4198 com.android.server.inputmethod.InputMethodManagerService.access$4100:189 
07-07 11:31:28.108 W/NotificationHistory( 3839): Attempted to add notif for locked/gone/disabled user 0
07-07 11:31:28.118 D/INSETS  ( 3839): else - Package Name ::  left : 0 right :: 0 top :: 0 bottom :: 0 dfu-right :: 1920 dfu-bottom :: 1080
07-07 11:31:28.126 I/chatty  ( 3839): uid=1000(system) android.display identical 4 lines
07-07 11:31:28.126 D/INSETS  ( 3839): else - Package Name ::  left : 0 right :: 0 top :: 0 bottom :: 0 dfu-right :: 1920 dfu-bottom :: 1080
07-07 11:31:28.163 D/INSETS  ( 3839): else - Package Name ::  left : 0 right :: 0 top :: 0 bottom :: 0 dfu-right :: 1920 dfu-bottom :: 1080
07-07 11:31:28.163 I/chatty  ( 3839): uid=1000(system) Binder:3839_7 identical 1 line
07-07 11:31:28.164 D/INSETS  ( 3839): else - Package Name ::  left : 0 right :: 0 top :: 0 bottom :: 0 dfu-right :: 1920 dfu-bottom :: 1080
07-07 11:31:28.324 W/NotificationHistory( 3839): Attempted to add notif for locked/gone/disabled user 0
07-07 11:31:28.848 D/InputMethodManagerService( 3839): Top Package Name: in.startv.hotstar
07-07 11:31:28.848 W/ContextImpl( 3839): Calling a method in the system process without a qualified user: android.app.ContextImpl.sendBroadcast:1111 com.android.server.inputmethod.InputMethodManagerService.sendSoftInputVisibilityBroadcast:3258 com.android.server.inputmethod.InputMethodManagerService.showCurrentInputLocked:3231 com.android.server.inputmethod.InputMethodManagerService.attachNewInputLocked:2397 com.android.server.inputmethod.InputMethodManagerService.startInputUncheckedLocked:2503 
07-07 11:31:28.851 D/InputMethodManagerService( 3839): Top Package Name: in.startv.hotstar
07-07 11:31:28.851 W/ContextImpl( 3839): Calling a method in the system process without a qualified user: android.app.ContextImpl.sendBroadcast:1111 com.android.server.inputmethod.InputMethodManagerService.sendSoftInputVisibilityBroadcast:3258 com.android.server.inputmethod.InputMethodManagerService.showCurrentInputLocked:3231 com.android.server.inputmethod.InputMethodManagerService.showMySoftInput:4198 com.android.server.inputmethod.InputMethodManagerService.access$4100:189 
07-07 11:31:28.861 D/INSETS  ( 3839): else - Package Name ::  left : 0 right :: 0 top :: 0 bottom :: 0 dfu-right :: 1920 dfu-bottom :: 1080
07-07 11:31:28.861 I/chatty  ( 3839): uid=1000(system) Binder:3839_C identical 1 line
07-07 11:31:28.861 D/INSETS  ( 3839): else - Package Name ::  left : 0 right :: 0 top :: 0 bottom :: 0 dfu-right :: 1920 dfu-bottom :: 1080
07-07 11:31:28.994 D/InputMethodManagerService( 3839): Top Package Name: in.startv.hotstar
07-07 11:31:28.995 W/ContextImpl( 3839): Calling a method in the system process without a qualified user: android.app.ContextImpl.sendBroadcast:1111 com.android.server.inputmethod.InputMethodManagerService.sendSoftInputVisibilityBroadcast:3258 com.android.server.inputmethod.InputMethodManagerService.showCurrentInputLocked:3231 com.android.server.inputmethod.InputMethodManagerService.showMySoftInput:4198 com.android.server.inputmethod.InputMethodManagerService.access$4100:189 
07-07 11:31:29.018 D/INSETS  ( 3839): else - Package Name ::  left : 0 right :: 0 top :: 0 bottom :: 0 dfu-right :: 1920 dfu-bottom :: 1080
07-07 11:31:29.222 W/[  662.451004@3]- audit(    0): audit_lost=1295 audit_rate_limit=5 audit_backlog_limit=64
07-07 11:31:29.222 E/[  662.451012@3]- audit(    0): rate limit exceeded
07-07 11:31:29.032 I/chatty  ( 3839): uid=1000(system) android.anim identical 2 lines
07-07 11:31:29.033 D/INSETS  ( 3839): else - Package Name ::  left : 0 right :: 0 top :: 0 bottom :: 0 dfu-right :: 1920 dfu-bottom :: 1080
07-07 11:31:29.572 D/InputMethodManagerService( 3839): Top Package Name: in.startv.hotstar
07-07 11:31:29.572 W/ContextImpl( 3839): Calling a method in the system process without a qualified user: android.app.ContextImpl.sendBroadcast:1111 com.android.server.inputmethod.InputMethodManagerService.sendSoftInputVisibilityBroadcast:3258 com.android.server.inputmethod.InputMethodManagerService.showCurrentInputLocked:3231 com.android.server.inputmethod.InputMethodManagerService.attachNewInputLocked:2397 com.android.server.inputmethod.InputMethodManagerService.startInputUncheckedLocked:2503 
07-07 11:31:29.574 D/InputMethodManagerService( 3839): Top Package Name: in.startv.hotstar
07-07 11:31:29.575 W/ContextImpl( 3839): Calling a method in the system process without a qualified user: android.app.ContextImpl.sendBroadcast:1111 com.android.server.inputmethod.InputMethodManagerService.sendSoftInputVisibilityBroadcast:3258 com.android.server.inputmethod.InputMethodManagerService.showCurrentInputLocked:3231 com.android.server.inputmethod.InputMethodManagerService.showMySoftInput:4198 com.android.server.inputmethod.InputMethodManagerService.access$4100:189 
07-07 11:31:29.584 D/INSETS  ( 3839): else - Package Name ::  left : 0 right :: 0 top :: 0 bottom :: 0 dfu-right :: 1920 dfu-bottom :: 1080
07-07 11:31:29.585 D/INSETS  ( 3839): else - Package Name ::  left : 0 right :: 0 top :: 0 bottom :: 0 dfu-right :: 1920 dfu-bottom :: 1080
07-07 11:31:29.595 D/InputMethodManagerService( 3839): Top Package Name: in.startv.hotstar
07-07 11:31:29.596 W/ContextImpl( 3839): Calling a method in the system process without a qualified user: android.app.ContextImpl.sendBroadcast:1111 com.android.server.inputmethod.InputMethodManagerService.sendSoftInputVisibilityBroadcast:3258 com.android.server.inputmethod.InputMethodManagerService.showCurrentInputLocked:3231 com.android.server.inputmethod.InputMethodManagerService.showMySoftInput:4198 com.android.server.inputmethod.InputMethodManagerService.access$4100:189 
07-07 11:31:29.986 D/INSETS  ( 3839): else - Package Name ::  left : 0 right :: 0 top :: 0 bottom :: 0 dfu-right :: 1920 dfu-bottom :: 1080
07-07 11:31:30.331 W/[  663.560466@0]- audit(    0): audit_lost=1301 audit_rate_limit=5 audit_backlog_limit=64
07-07 11:31:30.331 E/[  663.560473@0]- audit(    0): rate limit exceeded
07-07 11:31:29.987 D/INSETS  ( 3839): else - Package Name ::  left : 0 right :: 0 top :: 0 bottom :: 0 dfu-right :: 1920 dfu-bottom :: 1080
07-07 11:31:30.640 D/AutofillManagerService( 3839): onBackKeyPressed()
07-07 11:31:30.643 W/ContextImpl( 3839): Calling a method in the system process without a qualified user: android.app.ContextImpl.sendBroadcast:1111 com.android.server.inputmethod.InputMethodManagerService.sendSoftInputVisibilityBroadcast:3258 com.android.server.inputmethod.InputMethodManagerService.hideCurrentInputLocked:3330 com.android.server.inputmethod.InputMethodManagerService.hideMySoftInput:4180 com.android.server.inputmethod.InputMethodManagerService.access$4000:189 
07-07 11:31:30.652 D/INSETS  ( 3839): else - Package Name ::  left : 0 right :: 0 top :: 0 bottom :: 0 dfu-right :: 1920 dfu-bottom :: 1080
07-07 11:31:30.652 D/INSETS  ( 3839): else - Package Name ::  left : 0 right :: 0 top :: 0 bottom :: 0 dfu-right :: 1920 dfu-bottom :: 1080
07-07 11:31:30.658 D/INSETS  ( 3839): else - Package Name ::  left : 0 right :: 0 top :: 0 bottom :: 0 dfu-right :: 1920 dfu-bottom :: 1080
07-07 11:31:30.659 D/INSETS  ( 3839): else - Package Name ::  left : 0 right :: 0 top :: 0 bottom :: 0 dfu-right :: 1920 dfu-bottom :: 1080
07-07 11:31:30.664 D/INSETS  ( 3839): else - Package Name ::  left : 0 right :: 0 top :: 0 bottom :: 0 dfu-right :: 1920 dfu-bottom :: 1080
07-07 11:31:30.665 D/INSETS  ( 3839): else - Package Name ::  left : 0 right :: 0 top :: 0 bottom :: 0 dfu-right :: 1920 dfu-bottom :: 1080
07-07 11:31:30.889 D/INSETS  ( 3839): else - Package Name ::  left : 0 right :: 0 top :: 0 bottom :: 0 dfu-right :: 1920 dfu-bottom :: 1080
07-07 11:31:31.316 W/[  664.542940@3]- RTW(    0): Turbo EDCA =0x431c
07-07 11:31:31.740 I/UsageStatsService( 3839): User[0] Flushing usage stats to disk
07-07 11:31:32.785 D/InputMethodManagerService( 3839): Top Package Name: in.startv.hotstar
07-07 11:31:32.791 W/ContextImpl( 3839): Calling a method in the system process without a qualified user: android.app.ContextImpl.sendBroadcast:1111 com.android.server.inputmethod.InputMethodManagerService.sendSoftInputVisibilityBroadcast:3258 com.android.server.inputmethod.InputMethodManagerService.showCurrentInputLocked:3231 com.android.server.inputmethod.InputMethodManagerService.showMySoftInput:4198 com.android.server.inputmethod.InputMethodManagerService.access$4100:189 
07-07 11:31:32.792 W/ContextImpl( 3839): Calling a method in the system process without a qualified user: android.app.ContextImpl.sendBroadcast:1111 com.android.server.inputmethod.InputMethodManagerService.sendSoftInputVisibilityBroadcast:3258 com.android.server.inputmethod.InputMethodManagerService.hideCurrentInputLocked:3330 com.android.server.inputmethod.InputMethodManagerService.hideSoftInput:3290 com.android.internal.view.IInputMethodManager$Stub.onTransact:325 
07-07 11:31:32.800 W/ContextImpl( 3839): Calling a method in the system process without a qualified user: android.app.ContextImpl.sendBroadcast:1111 com.android.server.inputmethod.InputMethodManagerService.sendSoftInputVisibilityBroadcast:3258 com.android.server.inputmethod.InputMethodManagerService.hideCurrentInputLocked:3330 com.android.server.inputmethod.InputMethodManagerService.hideSoftInput:3290 com.android.internal.view.IInputMethodManager$Stub.onTransact:325 
07-07 11:31:32.802 D/InputMethodManagerService( 3839): Top Package Name: in.startv.hotstar
07-07 11:31:32.805 W/ContextImpl( 3839): Calling a method in the system process without a qualified user: android.app.ContextImpl.sendBroadcast:1111 com.android.server.inputmethod.InputMethodManagerService.sendSoftInputVisibilityBroadcast:3258 com.android.server.inputmethod.InputMethodManagerService.showCurrentInputLocked:3231 com.android.server.inputmethod.InputMethodManagerService.showMySoftInput:4198 com.android.server.inputmethod.InputMethodManagerService.access$4100:189 
07-07 11:31:32.813 D/INSETS  ( 3839): else - Package Name ::  left : 0 right :: 0 top :: 0 bottom :: 0 dfu-right :: 1920 dfu-bottom :: 1080
07-07 11:31:32.823 W/ContextImpl( 3839): Calling a method in the system process without a qualified user: android.app.ContextImpl.sendBroadcast:1111 com.android.server.inputmethod.InputMethodManagerService.sendSoftInputVisibilityBroadcast:3258 com.android.server.inputmethod.InputMethodManagerService.hideCurrentInputLocked:3330 com.android.server.inputmethod.InputMethodManagerService.hideSoftInput:3290 com.android.internal.view.IInputMethodManager$Stub.onTransact:325 
07-07 11:31:32.864 D/InputMethodManagerService( 3839): Top Package Name: in.startv.hotstar
07-07 11:31:32.867 W/ContextImpl( 3839): Calling a method in the system process without a qualified user: android.app.ContextImpl.sendBroadcast:1111 com.android.server.inputmethod.InputMethodManagerService.sendSoftInputVisibilityBroadcast:3258 com.android.server.inputmethod.InputMethodManagerService.showCurrentInputLocked:3231 com.android.server.inputmethod.InputMethodManagerService.showMySoftInput:4198 com.android.server.inputmethod.InputMethodManagerService.access$4100:189 
07-07 11:31:32.908 D/INSETS  ( 3839): else - Package Name ::  left : 0 right :: 0 top :: 0 bottom :: 0 dfu-right :: 1920 dfu-bottom :: 1080
07-07 11:31:32.944 I/chatty  ( 3839): uid=1000(system) Binder:3839_C identical 1 line
07-07 11:31:32.944 D/INSETS  ( 3839): else - Package Name ::  left : 0 right :: 0 top :: 0 bottom :: 0 dfu-right :: 1920 dfu-bottom :: 1080
07-07 11:31:32.958 D/INSETS  ( 3839): else - Package Name ::  left : 0 right :: 0 top :: 0 bottom :: 0 dfu-right :: 1920 dfu-bottom :: 1080
07-07 11:31:32.958 D/INSETS  ( 3839): else - Package Name ::  left : 0 right :: 0 top :: 0 bottom :: 0 dfu-right :: 1920 dfu-bottom :: 1080
07-07 11:31:32.960 D/InputMethodManagerService( 3839): Top Package Name: in.startv.hotstar
07-07 11:31:32.961 W/ContextImpl( 3839): Calling a method in the system process without a qualified user: android.app.ContextImpl.sendBroadcast:1111 com.android.server.inputmethod.InputMethodManagerService.sendSoftInputVisibilityBroadcast:3258 com.android.server.inputmethod.InputMethodManagerService.showCurrentInputLocked:3231 com.android.server.inputmethod.InputMethodManagerService.showMySoftInput:4198 com.android.server.inputmethod.InputMethodManagerService.access$4100:189 
07-07 11:31:33.008 W/NotificationHistory( 3839): Attempted to add notif for locked/gone/disabled user 0
07-07 11:31:33.119 D/INSETS  ( 3839): else - Package Name ::  left : 0 right :: 0 top :: 0 bottom :: 0 dfu-right :: 1920 dfu-bottom :: 1080
07-07 11:31:33.120 D/INSETS  ( 3839): else - Package Name ::  left : 0 right :: 0 top :: 0 bottom :: 0 dfu-right :: 1920 dfu-bottom :: 1080
07-07 11:31:33.169 D/InputMethodManagerService( 3839): Top Package Name: in.startv.hotstar
07-07 11:31:33.170 W/ContextImpl( 3839): Calling a method in the system process without a qualified user: android.app.ContextImpl.sendBroadcast:1111 com.android.server.inputmethod.InputMethodManagerService.sendSoftInputVisibilityBroadcast:3258 com.android.server.inputmethod.InputMethodManagerService.showCurrentInputLocked:3231 com.android.server.inputmethod.InputMethodManagerService.showMySoftInput:4198 com.android.server.inputmethod.InputMethodManagerService.access$4100:189 
07-07 11:31:33.174 D/InputMethodManagerService( 3839): Top Package Name: in.startv.hotstar
07-07 11:31:33.175 W/ContextImpl( 3839): Calling a method in the system process without a qualified user: android.app.ContextImpl.sendBroadcast:1111 com.android.server.inputmethod.InputMethodManagerService.sendSoftInputVisibilityBroadcast:3258 com.android.server.inputmethod.InputMethodManagerService.showCurrentInputLocked:3231 com.android.server.inputmethod.InputMethodManagerService.attachNewInputLocked:2397 com.android.server.inputmethod.InputMethodManagerService.startInputUncheckedLocked:2503 
07-07 11:31:33.188 D/InputMethodManagerService( 3839): Top Package Name: in.startv.hotstar
07-07 11:31:33.188 W/ContextImpl( 3839): Calling a method in the system process without a qualified user: android.app.ContextImpl.sendBroadcast:1111 com.android.server.inputmethod.InputMethodManagerService.sendSoftInputVisibilityBroadcast:3258 com.android.server.inputmethod.InputMethodManagerService.showCurrentInputLocked:3231 com.android.server.inputmethod.InputMethodManagerService.showMySoftInput:4198 com.android.server.inputmethod.InputMethodManagerService.access$4100:189 
07-07 11:31:33.261 D/INSETS  ( 3839): else - Package Name ::  left : 0 right :: 0 top :: 0 bottom :: 0 dfu-right :: 1920 dfu-bottom :: 1080
07-07 11:31:33.289 I/chatty  ( 3839): uid=1000(system) android.display identical 4 lines
07-07 11:31:33.290 D/INSETS  ( 3839): else - Package Name ::  left : 0 right :: 0 top :: 0 bottom :: 0 dfu-right :: 1920 dfu-bottom :: 1080
07-07 11:31:33.301 D/InputMethodManagerService( 3839): Top Package Name: in.startv.hotstar
07-07 11:31:33.302 W/ContextImpl( 3839): Calling a method in the system process without a qualified user: android.app.ContextImpl.sendBroadcast:1111 com.android.server.inputmethod.InputMethodManagerService.sendSoftInputVisibilityBroadcast:3258 com.android.server.inputmethod.InputMethodManagerService.showCurrentInputLocked:3231 com.android.server.inputmethod.InputMethodManagerService.showMySoftInput:4198 com.android.server.inputmethod.InputMethodManagerService.access$4100:189 
07-07 11:31:33.353 D/INSETS  ( 3839): else - Package Name ::  left : 0 right :: 0 top :: 0 bottom :: 0 dfu-right :: 1920 dfu-bottom :: 1080
07-07 11:31:33.353 D/INSETS  ( 3839): else - Package Name ::  left : 0 right :: 0 top :: 0 bottom :: 0 dfu-right :: 1920 dfu-bottom :: 1080
07-07 11:31:33.364 D/INSETS  ( 3839): else - Package Name ::  left : 0 right :: 0 top :: 0 bottom :: 0 dfu-right :: 1920 dfu-bottom :: 1080
