07-07 16:08:12.073 E/JioTR069( 5868): Callback: {"type":"process_died_details_event","value":{"package":"com.android.packageinstaller","status":"background"}}
07-07 16:08:12.093 I/chatty  ( 3841): uid=1000(system) ActivityManager expire 1 line
07-07 16:08:12.109 D/memtrack_aml( 3635): debugfs path
07-07 16:08:12.139 D/memtrack_aml( 3635): debugfs path
07-07 16:08:12.192 I/chatty  ( 3841): uid=1000(system) KeyPressMessage expire 1 line
07-07 16:08:12.215 D/l       ( 7475): Sending volume change to core
07-07 16:08:12.224 D/l       ( 7475): Sending volume change to core
07-07 16:08:12.231 E/nflcDmcClientJNI( 7475): mycallback **************************************
07-07 16:08:12.231 E/nflcDmcClientJNI( 7475): Callback Called : Event 2 : DMC_EVENT_GET_DEVICE_LAST_CHANGE
07-07 16:08:12.232 D/nflcDmcClientJNI( 7475): Data : <nflc>
07-07 16:08:12.232 D/nflcDmcClientJNI( 7475): <Event xmlns="urn:schemas-upnp-org:metadata-1-0/RCS/" device="uuid:1382473e-31fd-19b0-8802-fcd5d92eeaa2" type="urn:schemas-upnp-org:service:RenderingControl:1" name="LastChange">
07-07 16:08:12.232 D/nflcDmcClientJNI( 7475): <InstanceID val="0">
07-07 16:08:12.232 D/nflcDmcClientJNI( 7475): <Mute channel="Master" val="0"/>
07-07 16:08:12.232 D/nflcDmcClientJNI( 7475): <Volume channel="Master" val="38"/>
07-07 16:08:12.232 D/nflcDmcClientJNI( 7475): <VolumeDB channel="Master" val="38"/>
07-07 16:08:12.232 D/nflcDmcClientJNI( 7475): </InstanceID>
07-07 16:08:12.232 D/nflcDmcClientJNI( 7475): </Event>
07-07 16:08:12.232 D/nflcDmcClientJNI( 7475): </nflc>
07-07 16:08:12.233 D/l       ( 7475): Sending volume change to core
07-07 16:08:12.235 D/l       ( 7475): Sending volume change to core
07-07 16:08:12.444 E/nflcDmcClientJNI( 7475): mycallback **************************************
07-07 16:08:12.446 E/nflcDmcClientJNI( 7475): Callback Called : Event 2 : DMC_EVENT_GET_DEVICE_LAST_CHANGE
07-07 16:08:12.446 D/nflcDmcClientJNI( 7475): Data : <nflc>
07-07 16:08:12.446 D/nflcDmcClientJNI( 7475): <Event xmlns="urn:schemas-upnp-org:metadata-1-0/RCS/" device="uuid:1382473e-31fd-19b0-8802-fcd5d92eeaa2" type="urn:schemas-upnp-org:service:RenderingControl:1" name="LastChange">
07-07 16:08:12.446 D/nflcDmcClientJNI( 7475): <InstanceID val="0">
07-07 16:08:12.446 D/nflcDmcClientJNI( 7475): <Mute channel="Master" val="0"/>
07-07 16:08:12.446 D/nflcDmcClientJNI( 7475): <Volume channel="Master" val="38"/>
07-07 16:08:12.446 D/nflcDmcClientJNI( 7475): <VolumeDB channel="Master" val="38"/>
07-07 16:08:12.446 D/nflcDmcClientJNI( 7475): </InstanceID>
07-07 16:08:12.446 D/nflcDmcClientJNI( 7475): </Event>
07-07 16:08:12.446 D/nflcDmcClientJNI( 7475): </nflc>
07-07 16:08:12.511 E/ocessService0:( 6859): failed to create Unix domain socket: Operation not permitted
07-07 16:08:12.523 E/ocessService0:( 5617): failed to create Unix domain socket: Operation not permitted
07-07 16:08:12.584 I/chatty  ( 4833): uid=1000(system) com.iwedia.comedia.service expire 1 line
07-07 16:08:13.115 W/FA      (15593): Callable skipped the worker queue.
07-07 16:08:13.140 W/FA      (15593): Callable skipped the worker queue.
07-07 16:08:13.334 I/ThermalService( 4162): CPU temperatures: [58.800003]
07-07 16:08:13.435 I/chatty  ( 3841): uid=1000(system) HeapTaskDaemon expire 1 line
07-07 16:08:13.582 I/chatty  ( 4833): uid=1000(system) Binder:4833_2 expire 89 lines
07-07 16:08:13.602 I/chatty  ( 4833): uid=1000(system) com.iwedia.comedia.service expire 4 lines
07-07 16:08:13.604 I/chatty  ( 4833): uid=1000(system) com.iwedia.comedia.service expire 1 line
07-07 16:08:13.605 I/chatty  ( 4833): uid=1000(system) com.iwedia.comedia.service expire 1 line
07-07 16:08:13.686 D/JioAppOptimizer( 4870): AppOptimizerService :: handleMessage()
07-07 16:08:13.688 D/JioAppOptimizer( 4870): AppOptimizerService :: handleMessage() : Foreground Package=in.startv.hotstar
07-07 16:08:13.688 D/JioAppOptimizer( 4870): AppOptimizerService :: handleMessage() : Free memory available in MB : 490.83203125
07-07 16:08:13.688 D/JioAppOptimizer( 4870): AppOptimizerService :: handleMessage() : checkAndRemoveBackgroundApps()
07-07 16:08:13.688 D/JioAppOptimizer( 4870): AppOptimizerService :: checkAndRemoveBackgroundApps()
07-07 16:08:13.938 W/[  694.367161@0]- RTW(    0): Turbo EDCA =0x5ea42b
07-07 16:08:14.051 I/e.swalekh.abct( 4546): oneway function results will be dropped but finished with status OK and parcel size 4
07-07 16:08:14.349 I/chatty  ( 3589): uid=1002(bluetooth) POSIX timer 7 expire 11 lines
07-07 16:08:14.350 I/chatty  ( 3589): uid=1002(bluetooth) data_ready_cb_t expire 11 lines
07-07 16:08:14.420 D/JioLauncher( 4977): overlay status check for wifi and bt remote false false
07-07 16:08:14.423 D/JioLauncher( 4977): diagnosis-fragment-onConnectivityChanged
07-07 16:08:14.425 D/Match code1( 5868): 2
07-07 16:08:14.430 D/JioLauncher( 4977): network-type-------FTTH
07-07 16:08:14.434 D/JioLauncher( 4977): live-tv-previousIp-[/2405:201:1006:d95b::c0a8:1d01, /192.168.29.1]-newHost-[/2405:201:1006:d95b::c0a8:1d01, /192.168.29.1]
07-07 16:08:14.438 D/JioLauncher( 4977): diagnosis-network-1
07-07 16:08:14.440 D/JioLauncher( 4977): getSSID-<unknown ssid>
07-07 16:08:14.443 D/JioLauncher( 4977): ThreadCount-93
07-07 16:08:14.443 D/JioLauncher( 4977): isInactivityPopupDisplaying-{"inactivity_status_modified_time":1750324329379,"inactivity_status":false,"inactivity_window_timeout":120000}
07-07 16:08:14.443 D/JioLauncher( 4977): inactivity_status-false- result-false
07-07 16:08:14.443 D/JioLauncher( 4977): overlay-removing-type-JIO_BLOCK_ALERT_TYPE  -isInactivityPopupDisplaying-false
07-07 16:08:14.443 D/JioLauncher( 4977): ThreadCount-93
07-07 16:08:14.443 D/JioLauncher( 4977): isInactivityPopupDisplaying-{"inactivity_status_modified_time":1750324329379,"inactivity_status":false,"inactivity_window_timeout":120000}
07-07 16:08:14.444 D/JioLauncher( 4977): inactivity_status-false- result-false
07-07 16:08:14.444 D/JioLauncher( 4977): block-apps 1 null false
07-07 16:08:14.444 D/JioLauncher( 4977): global-key-unblock-all-key
07-07 16:08:14.447 D/JioLauncher( 4977): block-apps -1 null false
07-07 16:08:14.447 D/JioLauncher( 4977): global-key-block-all-key--others
07-07 16:08:14.448 D/JioLauncher( 4977): diagnosis-block-false
07-07 16:08:14.451 D/JioLauncher( 4977): getSSID-<unknown ssid>
07-07 16:08:14.551 E/ocessService0:( 6859): failed to create Unix domain socket: Operation not permitted
07-07 16:08:14.563 E/ocessService0:( 5617): failed to create Unix domain socket: Operation not permitted
07-07 16:08:15.087 W/[  695.514681@0]- RTW(    0): fill_default_txdesc(wlan0): SP Packet(0x0806) rate=0x4 SeqNum = 674
07-07 16:08:15.338 I/ThermalService( 4162): CPU temperatures: [56.9]
07-07 16:08:15.617 I/chatty  ( 4833): uid=1000(system) com.iwedia.comedia.service expire 1 line
07-07 16:08:15.963 W/[  696.390856@3]- RTW(    0): fill_default_txdesc(wlan0): SP Packet(0x0806) rate=0x4 SeqNum = 719
07-07 16:08:16.008 I/com.zee5.aosp(15593): Waiting for a blocking GC ProfileSaver
07-07 16:08:16.044 I/com.zee5.aosp(15593): WaitForGcToComplete blocked ProfileSaver on ClassLinker for 36.511ms
07-07 16:08:16.075 I/com.zee5.aosp(15593): WaitForGcToComplete blocked RunEmptyCheckpoint on ProfileSaver for 30.540ms
07-07 16:08:16.124 I/e.swalekh.abct( 4546): oneway function results will be dropped but finished with status OK and parcel size 4
07-07 16:08:16.453 D/JioLauncher( 4977): jiofiber-block-index-0-hostName-jiofiber.casBlock.html-hostAddress 192.168.29.1 host [/2405:201:1006:d95b::c0a8:1d01, /192.168.29.1]
07-07 16:08:16.477 D/JioLauncher( 4977): jiofiber-block-condition-full-fil-block-the-box-hostAddress-192.168.29.1-hostName-SetTopBox-0879
07-07 16:08:16.477 D/JioLauncher( 4977): check-jio-block-isSTBBlockedByUser-true hostName SetTopBox-0879-jio-network-true
07-07 16:08:16.490 D/JioLauncher( 4977): package-on-top-getTopApplicationPackageName-XXXcom.rjil.jiostbsetting
07-07 16:08:16.591 E/ocessService0:( 6859): failed to create Unix domain socket: Operation not permitted
07-07 16:08:16.603 E/ocessService0:( 5617): failed to create Unix domain socket: Operation not permitted
07-07 16:08:16.635 I/chatty  ( 4833): uid=1000(system) com.iwedia.comedia.service expire 4 lines
07-07 16:08:16.636 I/chatty  ( 4833): uid=1000(system) com.iwedia.comedia.service expire 1 line
07-07 16:08:16.636 I/chatty  ( 4833): uid=1000(system) com.iwedia.comedia.service expire 1 line
07-07 16:08:17.341 I/ThermalService( 4162): CPU temperatures: [57.000004]
07-07 16:08:17.394 I/chatty  ( 5009): uid=1000(system) StreamAVDetails expire 29 lines
07-07 16:08:17.971 W/[  698.399109@2]- RTW(    0): Turbo EDCA =0x431c
07-07 16:08:18.192 I/e.swalekh.abct( 4546): oneway function results will be dropped but finished with status OK and parcel size 4
07-07 16:08:18.196 I/chatty  ( 4101): uid=1000(system) com.jiostb.inactivitytimer expire 11 lines
07-07 16:08:18.632 E/ocessService0:( 6859): failed to create Unix domain socket: Operation not permitted
07-07 16:08:18.643 E/ocessService0:( 5617): failed to create Unix domain socket: Operation not permitted
07-07 16:08:18.755 I/chatty  ( 4833): uid=1000(system) com.iwedia.comedia.service expire 1 line
07-07 16:08:18.840 I/chatty  ( 4250): uid=1000(system) DefaultDispatch expire 4 lines
07-07 16:08:18.840 D/RjioApplication( 4250): deployment type is JioOS 2.0
07-07 16:08:18.840 D/RjioApplication( 4250): STB-JHSC200-11.2.48-D so keep the looper run
07-07 16:08:18.845 I/JioBackgroundSchedulerService( 6548): Check schedule  
07-07 16:08:18.974 I/UsageStatsService( 3841): User[0] Flushing usage stats to disk
07-07 16:08:19.268 D/JioLauncher( 4977): isInternetAvailable-method-response-204
07-07 16:08:19.270 D/JioLauncher( 4977): isMulticastReceiver-Connected-to-5GHz-Wi-Fi-network
07-07 16:08:19.343 I/ThermalService( 4162): CPU temperatures: [57.300003]
07-07 16:08:19.424 I/chatty  (10836): uid=10086(in.startv.hotstar) expire 21 lines
07-07 16:08:19.429 D/JioLauncher( 4977): overlay status check for wifi and bt remote false false
07-07 16:08:19.442 D/JioLauncher( 4977): diagnosis-fragment-onConnectivityChanged
07-07 16:08:19.446 D/Match code1( 5868): 2
07-07 16:08:19.460 D/JioLauncher( 4977): network-type-------FTTH
07-07 16:08:19.480 D/JioLauncher( 4977): live-tv-previousIp-[/2405:201:1006:d95b::c0a8:1d01, /192.168.29.1]-newHost-[/2405:201:1006:d95b::c0a8:1d01, /192.168.29.1]
07-07 16:08:19.490 D/JioLauncher( 4977): diagnosis-network-1
07-07 16:08:19.512 D/JioLauncher( 4977): getSSID-<unknown ssid>
07-07 16:08:19.537 D/JioLauncher( 4977): diagnosis-block-true
07-07 16:08:19.558 I/chatty  ( 3751): uid=1046(mediacodec) omx@1.0-service expire 932 lines
07-07 16:08:19.575 I/        (    0): [  700.003327@0]- is_reset=1
07-07 16:08:19.575 I/[  700.004795@0]- vframe_rate_uevent(    0): sent uevent FRAME_RATE_HINT=0
07-07 16:08:19.583 I/[  700.011855@3]- dim(    0): ch[1]:di_receiver_event_fun,1:_UNREG
07-07 16:08:19.583 E/[  700.011870@3]- unreg(    0): v4lvideo
07-07 16:08:19.603 I/[  700.030798@1]- dim(    0): unreg:2keep[8], msk:[0x7aa04,0x0]
07-07 16:08:19.604 I/[  700.030817@1]- dim(    0): bufq_ndis_unreg:used 2 idle 2
07-07 16:08:19.604 I/[  700.030823@1]- dim(    0): bufq_ndis_unreg:used 2 idle 11
07-07 16:08:19.604 D/[  700.030829@1]- dimh_patch_post_update_mc_sw(    0): 0x3->0x0
07-07 16:08:19.611 I/[  700.041610@0]- dim(    0): unreg:use[30]ms
07-07 16:08:19.611 D/        (    0): [  700.041647@0]- vdec_disable_DMC input->target= 0x0
07-07 16:08:19.611 D/[  700.041784@0]- 0(    0): vh264_stop
07-07 16:08:19.619 D/        (    0): [  700.046163@0]- vdec_release instance 00000000fba479c4, total 1 id = 0
07-07 16:08:19.619 D/        (    0): [  700.046406@0]- the clk_vdec_mux    clock off, ref cnt: 0
07-07 16:08:19.619 D/        (    0): [  700.046416@0]- the vdec            clock off, ref cnt: 0
07-07 16:08:19.619 D/        (    0): [  700.046420@0]- the parser_top      clock off, ref cnt: 1
07-07 16:08:19.619 D/        (    0): [  700.046424@0]- the demux           clock off, ref cnt: 1
07-07 16:08:19.619 D/        (    0): [  700.046546@0]- the demux           clock on, ref cnt: 2
07-07 16:08:19.619 D/        (    0): [  700.046552@0]- the parser_top      clock on, ref cnt: 2
07-07 16:08:19.621 D/        (    0): [  700.046560@0]- the vdec            clock on, ref cnt: 1
07-07 16:08:19.621 D/        (    0): [  700.046578@0]- the clk_vdec_mux    clock on, ref cnt: 1
07-07 16:08:19.621 D/        (    0): [  700.046610@0]- vdec mux clock is 499999992 Hz
07-07 16:08:19.621 D/        (    0): [  700.046811@0]- vdec_create instance 00000000afd628fd, total 1, PM: legacy
07-07 16:08:19.621 D/        (    0): [  700.046856@0]- no drmmode
07-07 16:08:19.621 I/        (    0): [  700.046923@0]- is_reset=1
07-07 16:08:19.621 I/        (    0): [  700.046950@0]- vdec_init, dev_name:ammvdec_h264, vdec_type=VDEC_TYPE_FRAME_BLOCK  id = 0
07-07 16:08:19.623 I/chatty  ( 3751): uid=1046(mediacodec) omx@1.0-service expire 2 lines
07-07 16:08:19.629 I/chatty  (10836): uid=10086(in.startv.hotstar) expire 100 lines
07-07 16:08:19.633 D/        (    0): [  700.049110@0]- ammvdec_h264_mmu_init tvp = 0x0 mmu_enable 0
07-07 16:08:19.633 D/        (    0): [  700.049116@0]- decoder_bmmu_box_alloc_box, tvp_flags = 0
07-07 16:08:19.633 D/[  700.049137@0]- 0(    0): ammvdec_h264_probe mmu_enable 0 double_write_mode 0x10
07-07 16:08:19.633 D/[  700.050357@0]- 0(    0): ammvdec_h264 mem-addr=0,buff_offset=56c10000,buf_start=56c00000
07-07 16:08:19.633 D/        (    0): [  700.050400@0]- vdec mux clock is 666666656 Hz
07-07 16:08:19.633 D/        (    0): [  700.050405@0]- vdec1 video changed to 3840 x 2160 60 fps clk->667MHZ
07-07 16:08:19.633 W/        (    0): [  700.050411@0]- H264 sysinfo: 1920x1080 duration=3200, pts_outside=1
07-07 16:08:19.633 D/        (    0): [  700.050414@0]- sync_outside=0, use_idr_framerate=0, is_used_v4l: 0
07-07 16:08:19.633 I/        (    0): [  700.050483@0]- [TEE], the fw (h264_multi) will be loaded.
07-07 16:08:19.633 D/        (    0): [  700.051683@1]- vh264_init, phy_addr=7446e000 vaddr=00000000569db83e
07-07 16:08:19.633 D/        (    0): [  700.051998@0]- vfm map vdec-map-0 created
07-07 16:08:19.633 I/[  700.052020@0]- dim(    0): ch[1]:di_receiver_event_fun,8:_REG
07-07 16:08:19.633 I/[  700.052026@0]- dim(    0): reg:vdec.h264.00[94]
07-07 16:08:19.633 I/[  700.052793@0]- dim(    0): reg:use[0]ms
07-07 16:08:19.633 E/[  700.052822@0]- reg(    0): v4lvideo
07-07 16:08:19.633 I/[  700.052831@0]- dim(    0): ch[1]:di_receiver_event_fun,3:_START
07-07 16:08:19.633 D/        (    0): [  700.052836@0]- vdec_init, vf_provider_name = vdec.h264.00, b 0
07-07 16:08:19.633 I/        (    0): [  700.054097@0]- vdec->port_flag=0x102, port_flag=0x10b
07-07 16:08:19.633 I/        (    0): [  700.054172@0]- is_reset=0
07-07 16:08:19.639 I/chatty  (10836): uid=10086(in.startv.hotstar) expire 28 lines
07-07 16:08:19.662 I/        (    0): [  700.084760@3]- is_reset=1
07-07 16:08:19.662 I/[  700.085059@3]- vframe_rate_uevent(    0): sent uevent FRAME_RATE_HINT=0
07-07 16:08:19.662 I/[  700.085122@3]- dim(    0): ch[1]:di_receiver_event_fun,1:_UNREG
07-07 16:08:19.662 E/[  700.085134@3]- unreg(    0): v4lvideo
07-07 16:08:19.662 I/[  700.085765@2]- dim(    0): unreg:use[0]ms
07-07 16:08:19.662 D/        (    0): [  700.085801@2]- vdec_disable_DMC input->target= 0x0
07-07 16:08:19.662 D/[  700.085926@2]- 0(    0): vh264_stop
07-07 16:08:19.662 D/        (    0): [  700.086393@2]- vdec_release instance 00000000afd628fd, total 1 id = 0
07-07 16:08:19.662 D/        (    0): [  700.086580@2]- the clk_vdec_mux    clock off, ref cnt: 0
07-07 16:08:19.662 D/        (    0): [  700.086590@2]- the vdec            clock off, ref cnt: 0
07-07 16:08:19.662 D/        (    0): [  700.086595@2]- the parser_top      clock off, ref cnt: 1
07-07 16:08:19.662 D/        (    0): [  700.086599@2]- the demux           clock off, ref cnt: 1
07-07 16:08:19.662 D/        (    0): [  700.086749@2]- the demux           clock on, ref cnt: 2
07-07 16:08:19.662 D/        (    0): [  700.086755@2]- the parser_top      clock on, ref cnt: 2
07-07 16:08:19.662 D/        (    0): [  700.086763@2]- the vdec            clock on, ref cnt: 1
07-07 16:08:19.662 D/        (    0): [  700.086783@2]- the clk_vdec_mux    clock on, ref cnt: 1
07-07 16:08:19.662 D/        (    0): [  700.086816@2]- vdec mux clock is 499999992 Hz
07-07 16:08:19.662 D/        (    0): [  700.086947@2]- vdec_create instance 000000006fa47016, total 1, PM: legacy
07-07 16:08:19.662 D/        (    0): [  700.086992@2]- no drmmode
07-07 16:08:19.662 I/        (    0): [  700.087024@2]- is_reset=1
07-07 16:08:19.662 I/        (    0): [  700.087051@2]- vdec_init, dev_name:ammvdec_h264, vdec_type=VDEC_TYPE_FRAME_BLOCK  id = 0
07-07 16:08:19.662 D/        (    0): [  700.088038@2]- ammvdec_h264_mmu_init tvp = 0x0 mmu_enable 0
07-07 16:08:19.662 D/        (    0): [  700.088044@2]- decoder_bmmu_box_alloc_box, tvp_flags = 0
07-07 16:08:19.662 D/[  700.088065@2]- 0(    0): ammvdec_h264_probe mmu_enable 0 double_write_mode 0x10
07-07 16:08:19.662 D/[  700.089123@3]- 0(    0): ammvdec_h264 mem-addr=0,buff_offset=56c10000,buf_start=56c00000
07-07 16:08:19.662 D/        (    0): [  700.089167@3]- vdec mux clock is 666666656 Hz
07-07 16:08:19.662 D/        (    0): [  700.089172@3]- vdec1 video changed to 3840 x 2160 60 fps clk->667MHZ
07-07 16:08:19.662 W/        (    0): [  700.089178@3]- H264 sysinfo: 1920x1080 duration=3200, pts_outside=1
07-07 16:08:19.662 D/        (    0): [  700.089182@3]- sync_outside=0, use_idr_framerate=0, is_used_v4l: 0
07-07 16:08:19.662 I/        (    0): [  700.089304@3]- [TEE], the fw (h264_multi) will be loaded.
07-07 16:08:19.662 D/        (    0): [  700.089608@2]- vh264_init, phy_addr=7446e000 vaddr=00000000c91fa882
07-07 16:08:19.662 D/        (    0): [  700.089743@2]- vfm map vdec-map-0 created
07-07 16:08:19.662 I/[  700.089764@2]- dim(    0): ch[1]:di_receiver_event_fun,8:_REG
07-07 16:08:19.662 I/[  700.089769@2]- dim(    0): reg:vdec.h264.00[95]
07-07 16:08:19.662 I/[  700.090334@0]- dim(    0): reg:use[1]ms
07-07 16:08:19.662 E/[  700.090360@0]- reg(    0): v4lvideo
07-07 16:08:19.662 I/[  700.090369@0]- dim(    0): ch[1]:di_receiver_event_fun,3:_START
07-07 16:08:19.662 D/        (    0): [  700.090374@0]- vdec_init, vf_provider_name = vdec.h264.00, b 0
07-07 16:08:19.662 I/        (    0): [  700.091320@2]- vdec->port_flag=0x102, port_flag=0x10b
07-07 16:08:19.662 I/        (    0): [  700.091421@2]- is_reset=0
07-07 16:08:19.660 I/chatty  ( 3751): uid=1046(mediacodec) omx@1.0-service expire 2 lines
07-07 16:08:19.674 I/        (    0): [  700.100043@2]- is_reset=1
07-07 16:08:19.674 I/[  700.100457@2]- vframe_rate_uevent(    0): sent uevent FRAME_RATE_HINT=0
07-07 16:08:19.674 I/[  700.100603@2]- dim(    0): ch[1]:di_receiver_event_fun,1:_UNREG
07-07 16:08:19.675 E/[  700.100616@2]- unreg(    0): v4lvideo
07-07 16:08:19.675 I/[  700.101175@2]- dim(    0): unreg:use[1]ms
07-07 16:08:19.675 D/        (    0): [  700.101203@2]- vdec_disable_DMC input->target= 0x0
07-07 16:08:19.675 D/[  700.101318@2]- 0(    0): vh264_stop
07-07 16:08:19.675 D/        (    0): [  700.101771@2]- vdec_release instance 000000006fa47016, total 1 id = 0
07-07 16:08:19.675 D/        (    0): [  700.101947@2]- the clk_vdec_mux    clock off, ref cnt: 0
07-07 16:08:19.675 D/        (    0): [  700.101956@2]- the vdec            clock off, ref cnt: 0
07-07 16:08:19.675 D/        (    0): [  700.101960@2]- the parser_top      clock off, ref cnt: 1
07-07 16:08:19.675 D/        (    0): [  700.101964@2]- the demux           clock off, ref cnt: 1
07-07 16:08:19.675 D/        (    0): [  700.102028@2]- the demux           clock on, ref cnt: 2
07-07 16:08:19.675 D/        (    0): [  700.102033@2]- the parser_top      clock on, ref cnt: 2
07-07 16:08:19.675 D/        (    0): [  700.102040@2]- the vdec            clock on, ref cnt: 1
07-07 16:08:19.675 D/        (    0): [  700.102058@2]- the clk_vdec_mux    clock on, ref cnt: 1
07-07 16:08:19.675 D/        (    0): [  700.102089@2]- vdec mux clock is 499999992 Hz
07-07 16:08:19.675 D/        (    0): [  700.102216@2]- vdec_create instance 00000000e32bd721, total 1, PM: legacy
07-07 16:08:19.675 D/        (    0): [  700.102253@2]- no drmmode
07-07 16:08:19.675 I/        (    0): [  700.102276@2]- is_reset=1
07-07 16:08:19.675 I/        (    0): [  700.102302@2]- vdec_init, dev_name:ammvdec_h264, vdec_type=VDEC_TYPE_FRAME_BLOCK  id = 0
07-07 16:08:19.675 D/        (    0): [  700.103599@2]- ammvdec_h264_mmu_init tvp = 0x0 mmu_enable 0
07-07 16:08:19.675 D/        (    0): [  700.103606@2]- decoder_bmmu_box_alloc_box, tvp_flags = 0
07-07 16:08:19.675 D/[  700.103624@2]- 0(    0): ammvdec_h264_probe mmu_enable 0 double_write_mode 0x10
07-07 16:08:19.675 D/[  700.104763@0]- 0(    0): ammvdec_h264 mem-addr=0,buff_offset=56c10000,buf_start=56c00000
07-07 16:08:19.675 D/        (    0): [  700.104806@0]- vdec mux clock is 666666656 Hz
07-07 16:08:19.675 D/        (    0): [  700.104811@0]- vdec1 video changed to 3840 x 2160 60 fps clk->667MHZ
07-07 16:08:19.675 W/        (    0): [  700.104818@0]- H264 sysinfo: 1920x1080 duration=3200, pts_outside=1
07-07 16:08:19.675 D/        (    0): [  700.104822@0]- sync_outside=0, use_idr_framerate=0, is_used_v4l: 0
07-07 16:08:19.675 I/        (    0): [  700.105064@0]- [TEE], the fw (h264_multi) will be loaded.
07-07 16:08:19.675 D/        (    0): [  700.105192@0]- vh264_init, phy_addr=7446e000 vaddr=000000009ae968cd
07-07 16:08:19.675 D/        (    0): [  700.105347@0]- vfm map vdec-map-0 created
07-07 16:08:19.675 I/[  700.105368@0]- dim(    0): ch[1]:di_receiver_event_fun,8:_REG
07-07 16:08:19.675 I/[  700.105374@0]- dim(    0): reg:vdec.h264.00[96]
07-07 16:08:19.675 I/[  700.105933@2]- dim(    0): reg:use[0]ms
07-07 16:08:19.675 E/[  700.105961@2]- reg(    0): v4lvideo
07-07 16:08:19.675 I/[  700.105970@2]- dim(    0): ch[1]:di_receiver_event_fun,3:_START
07-07 16:08:19.675 D/        (    0): [  700.105975@2]- vdec_init, vf_provider_name = vdec.h264.00, b 0
07-07 16:08:19.675 I/        (    0): [  700.106795@2]- vdec->port_flag=0x102, port_flag=0x10b
07-07 16:08:19.675 I/        (    0): [  700.106975@2]- is_reset=0
07-07 16:08:19.692 I/        (    0): [  700.120851@2]- is_reset=1
07-07 16:08:19.692 I/[  700.121221@2]- vframe_rate_uevent(    0): sent uevent FRAME_RATE_HINT=0
07-07 16:08:19.692 I/[  700.121296@2]- dim(    0): ch[1]:di_receiver_event_fun,1:_UNREG
07-07 16:08:19.692 E/[  700.121308@2]- unreg(    0): v4lvideo
07-07 16:08:19.692 I/[  700.121867@2]- dim(    0): unreg:use[0]ms
07-07 16:08:19.692 D/        (    0): [  700.121895@2]- vdec_disable_DMC input->target= 0x0
07-07 16:08:19.692 D/[  700.122085@2]- 0(    0): vh264_stop
07-07 16:08:19.692 D/        (    0): [  700.122574@2]- vdec_release instance 00000000e32bd721, total 1 id = 0
07-07 16:08:19.692 D/        (    0): [  700.122806@2]- the clk_vdec_mux    clock off, ref cnt: 0
07-07 16:08:19.692 D/        (    0): [  700.122817@2]- the vdec            clock off, ref cnt: 0
07-07 16:08:19.692 D/        (    0): [  700.122821@2]- the parser_top      clock off, ref cnt: 1
07-07 16:08:19.684 I/chatty  ( 3751): uid=1046(mediacodec) omx@1.0-service expire 2 lines
07-07 16:08:19.692 D/        (    0): [  700.122825@2]- the demux           clock off, ref cnt: 1
07-07 16:08:19.693 D/        (    0): [  700.122895@2]- the demux           clock on, ref cnt: 2
07-07 16:08:19.693 D/        (    0): [  700.122899@2]- the parser_top      clock on, ref cnt: 2
07-07 16:08:19.693 D/        (    0): [  700.122906@2]- the vdec            clock on, ref cnt: 1
07-07 16:08:19.693 D/        (    0): [  700.122925@2]- the clk_vdec_mux    clock on, ref cnt: 1
07-07 16:08:19.693 D/        (    0): [  700.122958@2]- vdec mux clock is 499999992 Hz
07-07 16:08:19.693 D/        (    0): [  700.123282@2]- vdec_create instance 000000003b210346, total 1, PM: legacy
07-07 16:08:19.693 D/        (    0): [  700.123326@2]- no drmmode
07-07 16:08:19.693 I/        (    0): [  700.123363@2]- is_reset=1
07-07 16:08:19.693 I/        (    0): [  700.123391@2]- vdec_init, dev_name:ammvdec_h264, vdec_type=VDEC_TYPE_FRAME_BLOCK  id = 0
07-07 16:08:19.693 D/        (    0): [  700.124198@2]- ammvdec_h264_mmu_init tvp = 0x0 mmu_enable 0
07-07 16:08:19.694 D/        (    0): [  700.124205@2]- decoder_bmmu_box_alloc_box, tvp_flags = 0
07-07 16:08:19.694 D/[  700.124223@2]- 0(    0): ammvdec_h264_probe mmu_enable 0 double_write_mode 0x10
07-07 16:08:19.694 D/[  700.125291@2]- 0(    0): ammvdec_h264 mem-addr=0,buff_offset=56c10000,buf_start=56c00000
07-07 16:08:19.694 D/        (    0): [  700.125335@2]- vdec mux clock is 666666656 Hz
07-07 16:08:19.694 D/        (    0): [  700.125340@2]- vdec1 video changed to 3840 x 2160 60 fps clk->667MHZ
07-07 16:08:19.694 W/        (    0): [  700.125346@2]- H264 sysinfo: 1920x1080 duration=3200, pts_outside=1
07-07 16:08:19.694 D/        (    0): [  700.125350@2]- sync_outside=0, use_idr_framerate=0, is_used_v4l: 0
07-07 16:08:19.694 I/        (    0): [  700.125489@2]- [TEE], the fw (h264_multi) will be loaded.
07-07 16:08:19.694 D/        (    0): [  700.125643@2]- vh264_init, phy_addr=7446e000 vaddr=0000000016952908
07-07 16:08:19.697 D/        (    0): [  700.125832@2]- vfm map vdec-map-0 created
07-07 16:08:19.697 I/[  700.125857@2]- dim(    0): ch[1]:di_receiver_event_fun,8:_REG
07-07 16:08:19.697 I/[  700.125862@2]- dim(    0): reg:vdec.h264.00[97]
07-07 16:08:19.697 I/[  700.126457@2]- dim(    0): reg:use[1]ms
07-07 16:08:19.697 E/[  700.126483@2]- reg(    0): v4lvideo
07-07 16:08:19.697 I/[  700.126493@2]- dim(    0): ch[1]:di_receiver_event_fun,3:_START
07-07 16:08:19.697 D/        (    0): [  700.126499@2]- vdec_init, vf_provider_name = vdec.h264.00, b 0
07-07 16:08:19.697 I/        (    0): [  700.127337@2]- vdec->port_flag=0x102, port_flag=0x10b
07-07 16:08:19.697 I/        (    0): [  700.127460@2]- is_reset=0
07-07 16:08:19.703 I/chatty  ( 3751): uid=1046(mediacodec) omx@1.0-service expire 2 lines
07-07 16:08:19.712 I/        (    0): [  700.140574@1]- is_reset=1
07-07 16:08:19.718 I/[  700.140933@1]- vframe_rate_uevent(    0): sent uevent FRAME_RATE_HINT=0
07-07 16:08:19.718 I/[  700.140976@1]- dim(    0): ch[1]:di_receiver_event_fun,1:_UNREG
07-07 16:08:19.718 E/[  700.140988@1]- unreg(    0): v4lvideo
07-07 16:08:19.718 I/[  700.141048@1]- dim(    0): unreg:use[0]ms
07-07 16:08:19.718 D/        (    0): [  700.141067@1]- vdec_disable_DMC input->target= 0x0
07-07 16:08:19.718 D/[  700.141193@1]- 0(    0): vh264_stop
07-07 16:08:19.719 D/        (    0): [  700.141725@1]- vdec_release instance 000000003b210346, total 1 id = 0
07-07 16:08:19.719 D/        (    0): [  700.141938@1]- the clk_vdec_mux    clock off, ref cnt: 0
07-07 16:08:19.719 D/        (    0): [  700.141956@1]- the vdec            clock off, ref cnt: 0
07-07 16:08:19.719 D/        (    0): [  700.141961@1]- the parser_top      clock off, ref cnt: 1
07-07 16:08:19.719 D/        (    0): [  700.141966@1]- the demux           clock off, ref cnt: 1
07-07 16:08:19.719 D/        (    0): [  700.142044@1]- the demux           clock on, ref cnt: 2
07-07 16:08:19.719 D/        (    0): [  700.142049@1]- the parser_top      clock on, ref cnt: 2
07-07 16:08:19.719 D/        (    0): [  700.142056@1]- the vdec            clock on, ref cnt: 1
07-07 16:08:19.719 D/        (    0): [  700.142075@1]- the clk_vdec_mux    clock on, ref cnt: 1
07-07 16:08:19.719 D/        (    0): [  700.142107@1]- vdec mux clock is 499999992 Hz
07-07 16:08:19.719 D/        (    0): [  700.142247@1]- vdec_create instance 000000001805744b, total 1, PM: legacy
07-07 16:08:19.719 D/        (    0): [  700.142287@1]- no drmmode
07-07 16:08:19.719 I/        (    0): [  700.142315@1]- is_reset=1
07-07 16:08:19.719 I/        (    0): [  700.142341@1]- vdec_init, dev_name:ammvdec_h264, vdec_type=VDEC_TYPE_FRAME_BLOCK  id = 0
07-07 16:08:19.719 D/        (    0): [  700.143201@1]- ammvdec_h264_mmu_init tvp = 0x0 mmu_enable 0
07-07 16:08:19.719 D/        (    0): [  700.143208@1]- decoder_bmmu_box_alloc_box, tvp_flags = 0
07-07 16:08:19.719 D/[  700.143227@1]- 0(    0): ammvdec_h264_probe mmu_enable 0 double_write_mode 0x10
07-07 16:08:19.719 D/[  700.144145@1]- 0(    0): ammvdec_h264 mem-addr=0,buff_offset=56c10000,buf_start=56c00000
07-07 16:08:19.719 D/        (    0): [  700.144184@1]- vdec mux clock is 666666656 Hz
07-07 16:08:19.719 D/        (    0): [  700.144190@1]- vdec1 video changed to 3840 x 2160 60 fps clk->667MHZ
07-07 16:08:19.719 W/        (    0): [  700.144196@1]- H264 sysinfo: 1920x1080 duration=3200, pts_outside=1
07-07 16:08:19.719 D/        (    0): [  700.144199@1]- sync_outside=0, use_idr_framerate=0, is_used_v4l: 0
07-07 16:08:19.719 I/        (    0): [  700.144330@1]- [TEE], the fw (h264_multi) will be loaded.
07-07 16:08:19.719 D/        (    0): [  700.144439@1]- vh264_init, phy_addr=7446e000 vaddr=000000004bf5f043
07-07 16:08:19.719 D/        (    0): [  700.144599@1]- vfm map vdec-map-0 created
07-07 16:08:19.719 I/[  700.144630@1]- dim(    0): ch[1]:di_receiver_event_fun,8:_REG
07-07 16:08:19.719 I/[  700.144638@1]- dim(    0): reg:vdec.h264.00[98]
07-07 16:08:19.719 I/[  700.144769@1]- dim(    0): reg:use[0]ms
07-07 16:08:19.719 E/[  700.144786@1]- reg(    0): v4lvideo
07-07 16:08:19.719 I/[  700.144792@1]- dim(    0): ch[1]:di_receiver_event_fun,3:_START
07-07 16:08:19.719 D/        (    0): [  700.144797@1]- vdec_init, vf_provider_name = vdec.h264.00, b 0
07-07 16:08:19.720 I/        (    0): [  700.145448@1]- vdec->port_flag=0x102, port_flag=0x10b
07-07 16:08:19.720 I/        (    0): [  700.145562@1]- is_reset=0
07-07 16:08:19.720 I/chatty  ( 3751): uid=1046(mediacodec) omx@1.0-service expire 2 lines
07-07 16:08:19.725 W/APM::AudioPolicyEngine( 3660): getDevicesForStrategy() unknown strategy: -1
07-07 16:08:19.725 I/chatty  ( 3660): uid=1041(audioserver) ApmOutput identical 14 lines
07-07 16:08:19.725 W/APM::AudioPolicyEngine( 3660): getDevicesForStrategy() unknown strategy: -1
07-07 16:08:19.739 I/        (    0): [  700.164319@0]- is_reset=1
07-07 16:08:19.740 I/[  700.164659@0]- vframe_rate_uevent(    0): sent uevent FRAME_RATE_HINT=0
07-07 16:08:19.740 I/[  700.164925@0]- dim(    0): ch[1]:di_receiver_event_fun,1:_UNREG
07-07 16:08:19.740 E/[  700.164940@0]- unreg(    0): v4lvideo
07-07 16:08:19.740 I/[  700.165522@0]- dim(    0): unreg:use[1]ms
07-07 16:08:19.740 D/        (    0): [  700.165555@0]- vdec_disable_DMC input->target= 0x0
07-07 16:08:19.740 D/[  700.165701@0]- 0(    0): vh264_stop
07-07 16:08:19.740 D/        (    0): [  700.166660@0]- vdec_release instance 000000001805744b, total 1 id = 0
07-07 16:08:19.740 D/        (    0): [  700.166895@0]- the clk_vdec_mux    clock off, ref cnt: 0
07-07 16:08:19.740 D/        (    0): [  700.166905@0]- the vdec            clock off, ref cnt: 0
07-07 16:08:19.740 D/        (    0): [  700.166909@0]- the parser_top      clock off, ref cnt: 1
07-07 16:08:19.740 D/        (    0): [  700.166913@0]- the demux           clock off, ref cnt: 1
07-07 16:08:19.740 D/        (    0): [  700.166974@0]- the demux           clock on, ref cnt: 2
07-07 16:08:19.740 D/        (    0): [  700.166979@0]- the parser_top      clock on, ref cnt: 2
07-07 16:08:19.740 D/        (    0): [  700.166985@0]- the vdec            clock on, ref cnt: 1
07-07 16:08:19.740 D/        (    0): [  700.167003@0]- the clk_vdec_mux    clock on, ref cnt: 1
07-07 16:08:19.740 D/        (    0): [  700.167034@0]- vdec mux clock is 499999992 Hz
07-07 16:08:19.740 D/        (    0): [  700.167176@0]- vdec_create instance 0000000036eb2944, total 1, PM: legacy
07-07 16:08:19.740 D/        (    0): [  700.167394@0]- no drmmode
07-07 16:08:19.740 I/        (    0): [  700.167549@0]- is_reset=1
07-07 16:08:19.740 I/        (    0): [  700.167576@0]- vdec_init, dev_name:ammvdec_h264, vdec_type=VDEC_TYPE_FRAME_BLOCK  id = 0
07-07 16:08:19.740 D/        (    0): [  700.168978@0]- ammvdec_h264_mmu_init tvp = 0x0 mmu_enable 0
07-07 16:08:19.740 D/        (    0): [  700.168985@0]- decoder_bmmu_box_alloc_box, tvp_flags = 0
07-07 16:08:19.740 D/[  700.169004@0]- 0(    0): ammvdec_h264_probe mmu_enable 0 double_write_mode 0x10
07-07 16:08:19.740 D/[  700.170295@2]- 0(    0): ammvdec_h264 mem-addr=0,buff_offset=56c10000,buf_start=56c00000
07-07 16:08:19.740 D/        (    0): [  700.170338@2]- vdec mux clock is 666666656 Hz
07-07 16:08:19.740 D/        (    0): [  700.170345@2]- vdec1 video changed to 3840 x 2160 60 fps clk->667MHZ
07-07 16:08:19.740 W/        (    0): [  700.170350@2]- H264 sysinfo: 1920x1080 duration=3200, pts_outside=1
07-07 16:08:19.740 D/        (    0): [  700.170354@2]- sync_outside=0, use_idr_framerate=0, is_used_v4l: 0
07-07 16:08:19.740 I/        (    0): [  700.170490@2]- [TEE], the fw (h264_multi) will be loaded.
07-07 16:08:19.740 D/        (    0): [  700.170810@2]- vh264_init, phy_addr=7446e000 vaddr=000000007d678d4a
07-07 16:08:19.740 D/        (    0): [  700.170974@2]- vfm map vdec-map-0 created
07-07 16:08:19.740 I/[  700.170994@2]- dim(    0): ch[1]:di_receiver_event_fun,8:_REG
07-07 16:08:19.740 I/[  700.170999@2]- dim(    0): reg:vdec.h264.00[99]
07-07 16:08:19.740 I/[  700.171566@0]- dim(    0): reg:use[0]ms
07-07 16:08:19.740 E/[  700.171590@0]- reg(    0): v4lvideo
07-07 16:08:19.741 I/[  700.171599@0]- dim(    0): ch[1]:di_receiver_event_fun,3:_START
07-07 16:08:19.741 D/        (    0): [  700.171604@0]- vdec_init, vf_provider_name = vdec.h264.00, b 0
07-07 16:08:19.744 I/        (    0): [  700.173609@2]- vdec->port_flag=0x102, port_flag=0x10b
07-07 16:08:19.745 I/        (    0): [  700.173854@2]- is_reset=0
07-07 16:08:19.749 I/chatty  ( 3751): uid=1046(mediacodec) omx@1.0-service expire 2 lines
07-07 16:08:19.753 I/        (    0): [  700.183276@0]- is_reset=1
07-07 16:08:19.753 I/[  700.183569@0]- vframe_rate_uevent(    0): sent uevent FRAME_RATE_HINT=0
07-07 16:08:19.753 I/[  700.183735@0]- dim(    0): ch[1]:di_receiver_event_fun,1:_UNREG
07-07 16:08:19.753 E/[  700.183748@0]- unreg(    0): v4lvideo
07-07 16:08:19.753 I/[  700.184405@0]- dim(    0): unreg:use[1]ms
07-07 16:08:19.753 D/        (    0): [  700.184434@0]- vdec_disable_DMC input->target= 0x0
07-07 16:08:19.753 D/[  700.184561@0]- 0(    0): vh264_stop
07-07 16:08:19.755 D/        (    0): [  700.185266@1]- vdec_release instance 0000000036eb2944, total 1 id = 0
07-07 16:08:19.755 D/        (    0): [  700.185425@1]- the clk_vdec_mux    clock off, ref cnt: 0
07-07 16:08:19.755 D/        (    0): [  700.185436@1]- the vdec            clock off, ref cnt: 0
07-07 16:08:19.755 D/        (    0): [  700.185440@1]- the parser_top      clock off, ref cnt: 1
07-07 16:08:19.755 D/        (    0): [  700.185444@1]- the demux           clock off, ref cnt: 1
07-07 16:08:19.755 D/        (    0): [  700.185513@1]- the demux           clock on, ref cnt: 2
07-07 16:08:19.755 D/        (    0): [  700.185518@1]- the parser_top      clock on, ref cnt: 2
07-07 16:08:19.755 D/        (    0): [  700.185525@1]- the vdec            clock on, ref cnt: 1
07-07 16:08:19.755 D/        (    0): [  700.185544@1]- the clk_vdec_mux    clock on, ref cnt: 1
07-07 16:08:19.755 D/        (    0): [  700.185577@1]- vdec mux clock is 499999992 Hz
07-07 16:08:19.755 D/        (    0): [  700.185738@1]- vdec_create instance 00000000416e54a7, total 1, PM: legacy
07-07 16:08:19.755 D/        (    0): [  700.185781@1]- no drmmode
07-07 16:08:19.755 I/        (    0): [  700.185822@1]- is_reset=1
07-07 16:08:19.755 I/        (    0): [  700.185849@1]- vdec_init, dev_name:ammvdec_h264, vdec_type=VDEC_TYPE_FRAME_BLOCK  id = 0
07-07 16:08:19.757 D/        (    0): [  700.186839@1]- ammvdec_h264_mmu_init tvp = 0x0 mmu_enable 0
07-07 16:08:19.757 D/        (    0): [  700.186847@1]- decoder_bmmu_box_alloc_box, tvp_flags = 0
07-07 16:08:19.757 D/[  700.186868@1]- 0(    0): ammvdec_h264_probe mmu_enable 0 double_write_mode 0x10
07-07 16:08:19.757 D/[  700.188054@1]- 0(    0): ammvdec_h264 mem-addr=0,buff_offset=56c10000,buf_start=56c00000
07-07 16:08:19.758 D/        (    0): [  700.188097@1]- vdec mux clock is 666666656 Hz
07-07 16:08:19.758 D/        (    0): [  700.188102@1]- vdec1 video changed to 3840 x 2160 60 fps clk->667MHZ
07-07 16:08:19.758 W/        (    0): [  700.188108@1]- H264 sysinfo: 1920x1080 duration=3200, pts_outside=1
07-07 16:08:19.758 D/        (    0): [  700.188112@1]- sync_outside=0, use_idr_framerate=0, is_used_v4l: 0
07-07 16:08:19.758 I/        (    0): [  700.188247@1]- [TEE], the fw (h264_multi) will be loaded.
07-07 16:08:19.758 D/        (    0): [  700.188564@0]- vh264_init, phy_addr=7446e000 vaddr=00000000a7677ddb
07-07 16:08:19.758 D/        (    0): [  700.188849@0]- vfm map vdec-map-0 created
07-07 16:08:19.758 I/[  700.188872@0]- dim(    0): ch[1]:di_receiver_event_fun,8:_REG
07-07 16:08:19.758 I/[  700.188878@0]- dim(    0): reg:vdec.h264.00[100]
07-07 16:08:19.758 I/[  700.189429@3]- dim(    0): reg:use[1]ms
07-07 16:08:19.759 E/[  700.189452@3]- reg(    0): v4lvideo
07-07 16:08:19.759 I/[  700.189460@3]- dim(    0): ch[1]:di_receiver_event_fun,3:_START
07-07 16:08:19.759 D/        (    0): [  700.189465@3]- vdec_init, vf_provider_name = vdec.h264.00, b 0
07-07 16:08:19.760 I/        (    0): [  700.190276@3]- vdec->port_flag=0x102, port_flag=0x10b
07-07 16:08:19.760 I/        (    0): [  700.190384@3]- is_reset=0
07-07 16:08:19.766 I/chatty  ( 3751): uid=1046(mediacodec) omx@1.0-service expire 4 lines
07-07 16:08:19.769 I/chatty  ( 4833): uid=1000(system) com.iwedia.comedia.service expire 4 lines
07-07 16:08:19.771 I/chatty  ( 4833): uid=1000(system) com.iwedia.comedia.service expire 1 line
07-07 16:08:19.775 I/chatty  ( 4833): uid=1000(system) com.iwedia.comedia.service expire 1 line
07-07 16:08:19.927 D/[  700.350130@3]- 0(    0): AV_SCRATCH_1 = 841fe078, AV_SCRATCH_2 1a077
07-07 16:08:19.904 I/chatty  ( 3986): uid=1002(bluetooth) com.android.bluetooth expire 278 lines
07-07 16:08:19.931 D/[  700.350189@3]- 0(    0): chroma_format_idc = 1 frame_mbs_only_flag 1, crop_bottom 8,  frame_height 1080,
07-07 16:08:19.932 D/[  700.350195@3]- 0(    0): mb_height 68,crop_right 0, frame_width 1920, mb_width 120
07-07 16:08:19.932 D/[  700.350200@3]- 0(    0): level_idc = 40 pic_size = 3133440 size = 4
07-07 16:08:19.932 D/[  700.350206@3]- 0(    0): mb height/widht/total: 44/78/1fe0 level_idc 28 max_ref_num 4
07-07 16:08:19.932 D/[  700.350211@3]- 0(    0): restriction_flag=1, max_dec_frame_buffering=4, dec_dpb_size=6 num_reorder_frames 3 used_reorder_dpb_size_margin 9
07-07 16:08:19.932 D/[  700.350217@3]- 0(    0): vh264_set_params active_buf_spec_num 15 dec_dpb_size 6 collocate_buf_num 8
07-07 16:08:19.963 D/[  700.394251@2]- 0(    0): num_ref_frames change from 0 to 4
07-07 16:08:19.971 I/[  700.401382@1]- dim(    0): value reg:ch[1]:fix_buf:0;ponly <0,0>
07-07 16:08:19.971 I/[  700.401403@1]- dim(    0): di_cnt_i_buf1:tvp:0
07-07 16:08:20.008 D/[  700.420226@1]- dimh_patch_post_update_mc_sw(    0): 0x0->0x2
07-07 16:08:20.008 I/[  700.420364@1]- dim(    0): ch[1]:reg:mem cfg[8][5][3]
07-07 16:08:20.008 I/[  700.420416@1]- dim(    0): pre cfg:ch[1]:400324ms 1th source change:
07-07 16:08:20.008 I/[  700.420422@1]- dim(    0): source change:0x0/0/0/0=>0x8009/1920/1080/0
07-07 16:08:20.008 D/[  700.420440@1]- dimh_patch_post_update_mc_sw(    0): 0x2->0x3
07-07 16:08:20.008 D/        (    0): [  700.429676@2]- cal_dur_from_pts vstatus 3840 dur3600 -> 3840, revised 3840
07-07 16:08:20.008 I/[  700.432928@0]- v4lvideo(    0): provider name: vdec.h264.00
07-07 16:08:20.016 I/[  700.441717@2]- vframe_rate_uevent(    0): sent uevent FRAME_RATE_HINT=3840
07-07 16:08:20.003 I/chatty  ( 3751): uid=1046(mediacodec) omx@1.0-service expire 1 line
07-07 16:08:20.070 W/AudioFlinger( 3660): createTrack_l(): mismatch between requested flags (00000008) and output flags (00000002)
07-07 16:08:20.071 D/AudioFlinger( 3660): Client defaulted notificationFrames to 8200 for frameCount 16400
07-07 16:08:20.074 D/AF::TrackHandle( 3660): OpPlayAudio: track:98 usage:1 not muted
07-07 16:08:20.143 W/APM::AudioPolicyEngine( 3660): getDevicesForStrategy() unknown strategy: -1
07-07 16:08:20.143 W/APM::AudioPolicyEngine( 3660): getDevicesForStrategy() unknown strategy: -1
07-07 16:08:20.147 I/        (    0): [  700.577157@2]- is_reset=1
07-07 16:08:20.147 I/[  700.577496@2]- vframe_rate_uevent(    0): sent uevent FRAME_RATE_HINT=0
07-07 16:08:20.147 I/[  700.578287@2]- dim(    0): ch[1]:di_receiver_event_fun,1:_UNREG
07-07 16:08:20.147 E/[  700.578301@2]- unreg(    0): v4lvideo
07-07 16:08:20.163 I/[  700.594771@1]- dim(    0): unreg:2keep[8], msk:[0x519e0,0x0]
07-07 16:08:20.163 I/[  700.594788@1]- dim(    0): bufq_ndis_unreg:used 2 idle 7
07-07 16:08:20.163 I/[  700.594792@1]- dim(    0): bufq_ndis_unreg:used 2 idle 0
07-07 16:08:20.163 D/[  700.594799@1]- dimh_patch_post_update_mc_sw(    0): 0x3->0x0
07-07 16:08:20.179 I/[  700.607895@3]- dim(    0): unreg:use[29]ms
07-07 16:08:20.179 D/        (    0): [  700.607925@3]- vdec_disable_DMC input->target= 0x0
07-07 16:08:20.179 D/[  700.608037@3]- 0(    0): vh264_stop
07-07 16:08:20.183 D/        (    0): [  700.611077@3]- vdec_release instance 00000000416e54a7, total 1 id = 0
07-07 16:08:20.183 D/        (    0): [  700.611267@3]- the clk_vdec_mux    clock off, ref cnt: 0
07-07 16:08:20.183 D/        (    0): [  700.611278@3]- the vdec            clock off, ref cnt: 0
07-07 16:08:20.183 D/        (    0): [  700.611282@3]- the parser_top      clock off, ref cnt: 1
07-07 16:08:20.184 D/        (    0): [  700.611286@3]- the demux           clock off, ref cnt: 1
07-07 16:08:20.184 D/        (    0): [  700.611355@3]- the demux           clock on, ref cnt: 2
07-07 16:08:20.184 D/        (    0): [  700.611360@3]- the parser_top      clock on, ref cnt: 2
07-07 16:08:20.184 D/        (    0): [  700.611367@3]- the vdec            clock on, ref cnt: 1
07-07 16:08:20.184 D/        (    0): [  700.611386@3]- the clk_vdec_mux    clock on, ref cnt: 1
07-07 16:08:20.184 D/        (    0): [  700.611419@3]- vdec mux clock is 499999992 Hz
07-07 16:08:20.185 D/        (    0): [  700.611598@3]- vdec_create instance 00000000a1881639, total 1, PM: legacy
07-07 16:08:20.185 D/        (    0): [  700.611640@3]- no drmmode
07-07 16:08:20.185 I/        (    0): [  700.611674@3]- is_reset=1
07-07 16:08:20.185 I/        (    0): [  700.611701@3]- vdec_init, dev_name:ammvdec_h264, vdec_type=VDEC_TYPE_FRAME_BLOCK  id = 0
07-07 16:08:20.185 D/        (    0): [  700.612471@3]- ammvdec_h264_mmu_init tvp = 0x0 mmu_enable 0
07-07 16:08:20.185 D/        (    0): [  700.612477@3]- decoder_bmmu_box_alloc_box, tvp_flags = 0
07-07 16:08:20.185 D/[  700.612495@3]- 0(    0): ammvdec_h264_probe mmu_enable 0 double_write_mode 0x10
07-07 16:08:20.185 D/[  700.613484@3]- 0(    0): ammvdec_h264 mem-addr=0,buff_offset=56c10000,buf_start=56c00000
07-07 16:08:20.185 D/        (    0): [  700.613525@3]- vdec mux clock is 666666656 Hz
07-07 16:08:20.185 D/        (    0): [  700.613531@3]- vdec1 video changed to 3840 x 2160 60 fps clk->667MHZ
07-07 16:08:20.185 W/        (    0): [  700.613537@3]- H264 sysinfo: 1920x1080 duration=3200, pts_outside=1
07-07 16:08:20.185 D/        (    0): [  700.613542@3]- sync_outside=0, use_idr_framerate=0, is_used_v4l: 0
07-07 16:08:20.185 I/        (    0): [  700.613676@3]- [TEE], the fw (h264_multi) will be loaded.
07-07 16:08:20.185 D/        (    0): [  700.613789@3]- vh264_init, phy_addr=7446e000 vaddr=00000000faba4957
07-07 16:08:20.186 D/        (    0): [  700.613900@3]- vfm map vdec-map-0 created
07-07 16:08:20.186 I/[  700.613920@3]- dim(    0): ch[1]:di_receiver_event_fun,8:_REG
07-07 16:08:20.186 I/[  700.613925@3]- dim(    0): reg:vdec.h264.00[101]
07-07 16:08:20.186 I/[  700.614464@3]- dim(    0): reg:use[1]ms
07-07 16:08:20.186 E/[  700.614484@3]- reg(    0): v4lvideo
07-07 16:08:20.186 I/[  700.614491@3]- dim(    0): ch[1]:di_receiver_event_fun,3:_START
07-07 16:08:20.186 D/        (    0): [  700.614496@3]- vdec_init, vf_provider_name = vdec.h264.00, b 0
07-07 16:08:20.186 I/        (    0): [  700.616456@1]- vdec->port_flag=0x102, port_flag=0x10b
07-07 16:08:20.186 I/        (    0): [  700.616551@1]- is_reset=0
07-07 16:08:20.191 I/chatty  ( 3751): uid=1046(mediacodec) omx@1.0-service expire 2 lines
07-07 16:08:20.196 I/        (    0): [  700.626580@1]- is_reset=1
07-07 16:08:20.196 I/[  700.627253@1]- vframe_rate_uevent(    0): sent uevent FRAME_RATE_HINT=0
07-07 16:08:20.196 I/[  700.627309@1]- dim(    0): ch[1]:di_receiver_event_fun,1:_UNREG
07-07 16:08:20.196 E/[  700.627321@1]- unreg(    0): v4lvideo
07-07 16:08:20.196 I/[  700.627414@1]- dim(    0): unreg:use[0]ms
07-07 16:08:20.196 D/        (    0): [  700.627435@1]- vdec_disable_DMC input->target= 0x0
07-07 16:08:20.196 D/[  700.627554@1]- 0(    0): vh264_stop
07-07 16:08:20.199 D/        (    0): [  700.628041@1]- vdec_release instance 00000000a1881639, total 1 id = 0
07-07 16:08:20.203 D/        (    0): [  700.628219@1]- the clk_vdec_mux    clock off, ref cnt: 0
07-07 16:08:20.203 D/        (    0): [  700.628230@1]- the vdec            clock off, ref cnt: 0
07-07 16:08:20.203 D/        (    0): [  700.628234@1]- the parser_top      clock off, ref cnt: 1
07-07 16:08:20.203 D/        (    0): [  700.628239@1]- the demux           clock off, ref cnt: 1
07-07 16:08:20.203 D/        (    0): [  700.628311@1]- the demux           clock on, ref cnt: 2
07-07 16:08:20.203 D/        (    0): [  700.628317@1]- the parser_top      clock on, ref cnt: 2
07-07 16:08:20.203 D/        (    0): [  700.628324@1]- the vdec            clock on, ref cnt: 1
07-07 16:08:20.203 D/        (    0): [  700.628343@1]- the clk_vdec_mux    clock on, ref cnt: 1
07-07 16:08:20.204 D/        (    0): [  700.628376@1]- vdec mux clock is 499999992 Hz
07-07 16:08:20.204 D/        (    0): [  700.628544@1]- vdec_create instance 00000000f244555d, total 1, PM: legacy
07-07 16:08:20.204 D/        (    0): [  700.628589@1]- no drmmode
07-07 16:08:20.204 I/        (    0): [  700.628620@1]- is_reset=1
07-07 16:08:20.204 I/        (    0): [  700.628646@1]- vdec_init, dev_name:ammvdec_h264, vdec_type=VDEC_TYPE_FRAME_BLOCK  id = 0
07-07 16:08:20.204 D/        (    0): [  700.629404@1]- ammvdec_h264_mmu_init tvp = 0x0 mmu_enable 0
07-07 16:08:20.204 D/        (    0): [  700.629411@1]- decoder_bmmu_box_alloc_box, tvp_flags = 0
07-07 16:08:20.204 D/[  700.629430@1]- 0(    0): ammvdec_h264_probe mmu_enable 0 double_write_mode 0x10
07-07 16:08:20.204 D/[  700.630570@1]- 0(    0): ammvdec_h264 mem-addr=0,buff_offset=56c10000,buf_start=56c00000
07-07 16:08:20.204 D/        (    0): [  700.630614@1]- vdec mux clock is 666666656 Hz
07-07 16:08:20.204 D/        (    0): [  700.630619@1]- vdec1 video changed to 3840 x 2160 60 fps clk->667MHZ
07-07 16:08:20.204 W/        (    0): [  700.630626@1]- H264 sysinfo: 1920x1080 duration=3200, pts_outside=1
07-07 16:08:20.204 D/        (    0): [  700.630631@1]- sync_outside=0, use_idr_framerate=0, is_used_v4l: 0
07-07 16:08:20.204 I/        (    0): [  700.630823@1]- [TEE], the fw (h264_multi) will be loaded.
07-07 16:08:20.204 D/        (    0): [  700.633654@2]- vh264_init, phy_addr=7446e000 vaddr=000000000b63c489
07-07 16:08:20.204 D/        (    0): [  700.633917@2]- vfm map vdec-map-0 created
07-07 16:08:20.204 I/[  700.633938@2]- dim(    0): ch[1]:di_receiver_event_fun,8:_REG
07-07 16:08:20.204 I/[  700.633943@2]- dim(    0): reg:vdec.h264.00[102]
07-07 16:08:20.204 I/[  700.634488@2]- dim(    0): reg:use[1]ms
07-07 16:08:20.204 E/[  700.634510@2]- reg(    0): v4lvideo
07-07 16:08:20.204 I/[  700.634519@2]- dim(    0): ch[1]:di_receiver_event_fun,3:_START
07-07 16:08:20.204 D/        (    0): [  700.634524@2]- vdec_init, vf_provider_name = vdec.h264.00, b 0
07-07 16:08:20.204 I/        (    0): [  700.635346@2]- vdec->port_flag=0x102, port_flag=0x10b
07-07 16:08:20.204 I/        (    0): [  700.635462@2]- is_reset=0
07-07 16:08:20.207 I/chatty  ( 3751): uid=1046(mediacodec) omx@1.0-service expire 3 lines
07-07 16:08:20.219 D/[  700.648778@0]- 0(    0): AV_SCRATCH_1 = 841fe078, AV_SCRATCH_2 1a077
07-07 16:08:20.219 D/[  700.648834@0]- 0(    0): chroma_format_idc = 1 frame_mbs_only_flag 1, crop_bottom 8,  frame_height 1080,
07-07 16:08:20.220 D/[  700.648839@0]- 0(    0): mb_height 68,crop_right 0, frame_width 1920, mb_width 120
07-07 16:08:20.220 D/[  700.648845@0]- 0(    0): level_idc = 40 pic_size = 3133440 size = 4
07-07 16:08:20.220 D/[  700.648850@0]- 0(    0): mb height/widht/total: 44/78/1fe0 level_idc 28 max_ref_num 4
07-07 16:08:20.221 D/[  700.648856@0]- 0(    0): restriction_flag=1, max_dec_frame_buffering=4, dec_dpb_size=6 num_reorder_frames 3 used_reorder_dpb_size_margin 9
07-07 16:08:20.221 D/[  700.648861@0]- 0(    0): vh264_set_params active_buf_spec_num 15 dec_dpb_size 6 collocate_buf_num 8
07-07 16:08:20.250 D/[  700.680436@0]- 0(    0): num_ref_frames change from 0 to 4
07-07 16:08:20.260 I/[  700.687612@1]- dim(    0): value reg:ch[1]:fix_buf:0;ponly <0,0>
07-07 16:08:20.260 I/[  700.687634@1]- dim(    0): di_cnt_i_buf1:tvp:0
07-07 16:08:20.271 D/[  700.701778@1]- dimh_patch_post_update_mc_sw(    0): 0x0->0x2
07-07 16:08:20.272 I/[  700.701914@1]- dim(    0): ch[1]:reg:mem cfg[8][5][3]
07-07 16:08:20.272 I/[  700.701979@1]- dim(    0): pre cfg:ch[1]:400604ms 1th source change:
07-07 16:08:20.272 I/[  700.701986@1]- dim(    0): source change:0x0/0/0/0=>0x8009/1920/1080/0
07-07 16:08:20.272 D/[  700.702005@1]- dimh_patch_post_update_mc_sw(    0): 0x2->0x3
07-07 16:08:20.283 I/[  700.712925@1]- v4lvideo(    0): provider name: vdec.h264.00
07-07 16:08:20.281 I/chatty  ( 3751): uid=1046(mediacodec) omx@1.0-service expire 1 line
07-07 16:08:20.299 D/        (    0): [  700.725677@0]- cal_dur_from_pts vstatus 3840 dur3600 -> 3840, revised 3840
