07-07 11:10:46.942 D/ConnectivityService( 3818): requestNetwork for uid/pid:10098/22692 NetworkRequest [ TRACK_DEFAULT id=36, [ Capabilities: INTERNET&NOT_RESTRICTED&TRUSTED Uid: 10098 AdministratorUids: [] RequestorUid: 10098 RequestorPackageName: in.startv.hotstar] ]
07-07 11:10:46.945 D/ConnectivityService( 3818): NetReassign [36 : null  100]
07-07 11:10:46.953 D/ConnectivityService( 3818): NetReassign [no changes]
07-07 11:10:55.310 I/UsageStatsService( 3818): User[0] Flushing usage stats to disk
07-07 11:11:05.419 I/UsageStatsService( 3818): User[0] Flushing usage stats to disk
07-07 11:11:08.340 D/ConnectivityService( 3818): releasing NetworkRequest [ TRACK_DEFAULT id=36, [ Capabilities: INTERNET&NOT_RESTRICTED&TRUSTED Uid: 10098 AdministratorUids: [] RequestorUid: 10098 RequestorPackageName: in.startv.hotstar] ] (release request)
07-07 11:11:08.373 I/ActivityManager( 3818): Killing 22882:com.android.webview:sandboxed_process0:org.chromium.content.app.SandboxedProcessService0:0/u0a98i6 (adj 0): isolated not needed
07-07 11:11:08.456 D/KernelCpuUidUserSysTimeReader( 3818): Removing uids 10063-10063
07-07 11:11:08.467 D/KernelCpuUidUserSysTimeReader( 3818): Removing uids 99003-99003
07-07 11:11:08.468 D/KernelCpuUidUserSysTimeReader( 3818): Removing uids 99004-99004
07-07 11:11:15.519 I/UsageStatsService( 3818): User[0] Flushing usage stats to disk
07-07 11:11:35.744 I/chatty  ( 3818): uid=1000(system) android.bg identical 2 lines
07-07 11:11:45.845 I/UsageStatsService( 3818): User[0] Flushing usage stats to disk
07-07 11:11:55.766 D/AutofillManagerService( 3818): onBackKeyPressed()
07-07 11:11:55.949 I/UsageStatsService( 3818): User[0] Flushing usage stats to disk
07-07 11:11:57.568 D/AutofillManagerService( 3818): onBackKeyPressed()
07-07 11:11:58.716 D/InputMethodManagerService( 3818): Top Package Name: in.startv.hotstar
07-07 11:11:58.721 W/ContextImpl( 3818): Calling a method in the system process without a qualified user: android.app.ContextImpl.sendBroadcast:1111 com.android.server.inputmethod.InputMethodManagerService.sendSoftInputVisibilityBroadcast:3258 com.android.server.inputmethod.InputMethodManagerService.showCurrentInputLocked:3231 com.android.server.inputmethod.InputMethodManagerService.showSoftInput:3153 com.android.internal.view.IInputMethodManager$Stub.onTransact:304 
07-07 11:11:58.726 D/InputMethodManagerService( 3818): Top Package Name: in.startv.hotstar
07-07 11:11:58.729 W/ContextImpl( 3818): Calling a method in the system process without a qualified user: android.app.ContextImpl.sendBroadcast:1111 com.android.server.inputmethod.InputMethodManagerService.sendSoftInputVisibilityBroadcast:3258 com.android.server.inputmethod.InputMethodManagerService.showCurrentInputLocked:3231 com.android.server.inputmethod.InputMethodManagerService.showMySoftInput:4198 com.android.server.inputmethod.InputMethodManagerService.access$4100:189 
07-07 11:11:58.732 W/ContextImpl( 3818): Calling a method in the system process without a qualified user: android.app.ContextImpl.sendBroadcast:1111 com.android.server.inputmethod.InputMethodManagerService.sendSoftInputVisibilityBroadcast:3258 com.android.server.inputmethod.InputMethodManagerService.hideCurrentInputLocked:3330 com.android.server.inputmethod.InputMethodManagerService.hideMySoftInput:4180 com.android.server.inputmethod.InputMethodManagerService.access$4000:189 
07-07 11:11:58.751 D/InputMethodManagerService( 3818): Top Package Name: in.startv.hotstar
07-07 11:11:58.755 W/ContextImpl( 3818): Calling a method in the system process without a qualified user: android.app.ContextImpl.sendBroadcast:1111 com.android.server.inputmethod.InputMethodManagerService.sendSoftInputVisibilityBroadcast:3258 com.android.server.inputmethod.InputMethodManagerService.showCurrentInputLocked:3231 com.android.server.inputmethod.InputMethodManagerService.showMySoftInput:4198 com.android.server.inputmethod.InputMethodManagerService.access$4100:189 
07-07 11:11:58.815 D/InputMethodManagerService( 3818): Top Package Name: in.startv.hotstar
07-07 11:11:58.816 W/ContextImpl( 3818): Calling a method in the system process without a qualified user: android.app.ContextImpl.sendBroadcast:1111 com.android.server.inputmethod.InputMethodManagerService.sendSoftInputVisibilityBroadcast:3258 com.android.server.inputmethod.InputMethodManagerService.showCurrentInputLocked:3231 com.android.server.inputmethod.InputMethodManagerService.showMySoftInput:4198 com.android.server.inputmethod.InputMethodManagerService.access$4100:189 
07-07 11:11:58.925 D/InputMethodManagerService( 3818): Top Package Name: in.startv.hotstar
07-07 11:11:58.926 W/ContextImpl( 3818): Calling a method in the system process without a qualified user: android.app.ContextImpl.sendBroadcast:1111 com.android.server.inputmethod.InputMethodManagerService.sendSoftInputVisibilityBroadcast:3258 com.android.server.inputmethod.InputMethodManagerService.showCurrentInputLocked:3231 com.android.server.inputmethod.InputMethodManagerService.showMySoftInput:4198 com.android.server.inputmethod.InputMethodManagerService.access$4100:189 
07-07 11:11:58.931 D/InputMethodManagerService( 3818): Top Package Name: in.startv.hotstar
07-07 11:11:58.932 W/ContextImpl( 3818): Calling a method in the system process without a qualified user: android.app.ContextImpl.sendBroadcast:1111 com.android.server.inputmethod.InputMethodManagerService.sendSoftInputVisibilityBroadcast:3258 com.android.server.inputmethod.InputMethodManagerService.showCurrentInputLocked:3231 com.android.server.inputmethod.InputMethodManagerService.showMySoftInput:4198 com.android.server.inputmethod.InputMethodManagerService.access$4100:189 
07-07 11:11:58.958 W/NotificationHistory( 3818): Attempted to add notif for locked/gone/disabled user 0
07-07 11:11:59.138 W/NotificationHistory( 3818): Attempted to add notif for locked/gone/disabled user 0
07-07 11:11:59.676 D/InputMethodManagerService( 3818): Top Package Name: in.startv.hotstar
07-07 11:11:59.677 W/ContextImpl( 3818): Calling a method in the system process without a qualified user: android.app.ContextImpl.sendBroadcast:1111 com.android.server.inputmethod.InputMethodManagerService.sendSoftInputVisibilityBroadcast:3258 com.android.server.inputmethod.InputMethodManagerService.showCurrentInputLocked:3231 com.android.server.inputmethod.InputMethodManagerService.attachNewInputLocked:2397 com.android.server.inputmethod.InputMethodManagerService.startInputUncheckedLocked:2503 
07-07 11:11:59.679 D/InputMethodManagerService( 3818): Top Package Name: in.startv.hotstar
07-07 11:11:59.680 W/ContextImpl( 3818): Calling a method in the system process without a qualified user: android.app.ContextImpl.sendBroadcast:1111 com.android.server.inputmethod.InputMethodManagerService.sendSoftInputVisibilityBroadcast:3258 com.android.server.inputmethod.InputMethodManagerService.showCurrentInputLocked:3231 com.android.server.inputmethod.InputMethodManagerService.showMySoftInput:4198 com.android.server.inputmethod.InputMethodManagerService.access$4100:189 
07-07 11:11:59.806 D/InputMethodManagerService( 3818): Top Package Name: in.startv.hotstar
07-07 11:11:59.806 W/ContextImpl( 3818): Calling a method in the system process without a qualified user: android.app.ContextImpl.sendBroadcast:1111 com.android.server.inputmethod.InputMethodManagerService.sendSoftInputVisibilityBroadcast:3258 com.android.server.inputmethod.InputMethodManagerService.showCurrentInputLocked:3231 com.android.server.inputmethod.InputMethodManagerService.showMySoftInput:4198 com.android.server.inputmethod.InputMethodManagerService.access$4100:189 
07-07 11:12:00.410 D/InputMethodManagerService( 3818): Top Package Name: in.startv.hotstar
07-07 11:12:00.411 W/ContextImpl( 3818): Calling a method in the system process without a qualified user: android.app.ContextImpl.sendBroadcast:1111 com.android.server.inputmethod.InputMethodManagerService.sendSoftInputVisibilityBroadcast:3258 com.android.server.inputmethod.InputMethodManagerService.showCurrentInputLocked:3231 com.android.server.inputmethod.InputMethodManagerService.attachNewInputLocked:2397 com.android.server.inputmethod.InputMethodManagerService.startInputUncheckedLocked:2503 
07-07 11:12:00.414 D/InputMethodManagerService( 3818): Top Package Name: in.startv.hotstar
07-07 11:12:00.415 W/ContextImpl( 3818): Calling a method in the system process without a qualified user: android.app.ContextImpl.sendBroadcast:1111 com.android.server.inputmethod.InputMethodManagerService.sendSoftInputVisibilityBroadcast:3258 com.android.server.inputmethod.InputMethodManagerService.showCurrentInputLocked:3231 com.android.server.inputmethod.InputMethodManagerService.showMySoftInput:4198 com.android.server.inputmethod.InputMethodManagerService.access$4100:189 
07-07 11:12:00.440 D/InputMethodManagerService( 3818): Top Package Name: in.startv.hotstar
07-07 11:12:00.441 W/ContextImpl( 3818): Calling a method in the system process without a qualified user: android.app.ContextImpl.sendBroadcast:1111 com.android.server.inputmethod.InputMethodManagerService.sendSoftInputVisibilityBroadcast:3258 com.android.server.inputmethod.InputMethodManagerService.showCurrentInputLocked:3231 com.android.server.inputmethod.InputMethodManagerService.showMySoftInput:4198 com.android.server.inputmethod.InputMethodManagerService.access$4100:189 
07-07 11:12:01.540 D/AutofillManagerService( 3818): onBackKeyPressed()
07-07 11:12:01.543 W/ContextImpl( 3818): Calling a method in the system process without a qualified user: android.app.ContextImpl.sendBroadcast:1111 com.android.server.inputmethod.InputMethodManagerService.sendSoftInputVisibilityBroadcast:3258 com.android.server.inputmethod.InputMethodManagerService.hideCurrentInputLocked:3330 com.android.server.inputmethod.InputMethodManagerService.hideMySoftInput:4180 com.android.server.inputmethod.InputMethodManagerService.access$4000:189 
07-07 11:12:03.645 D/InputMethodManagerService( 3818): Top Package Name: in.startv.hotstar
07-07 11:12:03.648 W/ContextImpl( 3818): Calling a method in the system process without a qualified user: android.app.ContextImpl.sendBroadcast:1111 com.android.server.inputmethod.InputMethodManagerService.sendSoftInputVisibilityBroadcast:3258 com.android.server.inputmethod.InputMethodManagerService.showCurrentInputLocked:3231 com.android.server.inputmethod.InputMethodManagerService.showMySoftInput:4198 com.android.server.inputmethod.InputMethodManagerService.access$4100:189 
07-07 11:12:03.650 W/ContextImpl( 3818): Calling a method in the system process without a qualified user: android.app.ContextImpl.sendBroadcast:1111 com.android.server.inputmethod.InputMethodManagerService.sendSoftInputVisibilityBroadcast:3258 com.android.server.inputmethod.InputMethodManagerService.hideCurrentInputLocked:3330 com.android.server.inputmethod.InputMethodManagerService.hideSoftInput:3290 com.android.internal.view.IInputMethodManager$Stub.onTransact:325 
07-07 11:12:03.658 D/InputMethodManagerService( 3818): Top Package Name: in.startv.hotstar
07-07 11:12:03.661 W/ContextImpl( 3818): Calling a method in the system process without a qualified user: android.app.ContextImpl.sendBroadcast:1111 com.android.server.inputmethod.InputMethodManagerService.sendSoftInputVisibilityBroadcast:3258 com.android.server.inputmethod.InputMethodManagerService.showCurrentInputLocked:3231 com.android.server.inputmethod.InputMethodManagerService.showMySoftInput:4198 com.android.server.inputmethod.InputMethodManagerService.access$4100:189 
07-07 11:12:03.667 W/ContextImpl( 3818): Calling a method in the system process without a qualified user: android.app.ContextImpl.sendBroadcast:1111 com.android.server.inputmethod.InputMethodManagerService.sendSoftInputVisibilityBroadcast:3258 com.android.server.inputmethod.InputMethodManagerService.hideCurrentInputLocked:3330 com.android.server.inputmethod.InputMethodManagerService.hideSoftInput:3290 com.android.internal.view.IInputMethodManager$Stub.onTransact:325 
07-07 11:12:03.689 W/ContextImpl( 3818): Calling a method in the system process without a qualified user: android.app.ContextImpl.sendBroadcast:1111 com.android.server.inputmethod.InputMethodManagerService.sendSoftInputVisibilityBroadcast:3258 com.android.server.inputmethod.InputMethodManagerService.hideCurrentInputLocked:3330 com.android.server.inputmethod.InputMethodManagerService.hideSoftInput:3290 com.android.internal.view.IInputMethodManager$Stub.onTransact:325 
07-07 11:12:03.728 D/InputMethodManagerService( 3818): Top Package Name: in.startv.hotstar
07-07 11:12:03.732 W/ContextImpl( 3818): Calling a method in the system process without a qualified user: android.app.ContextImpl.sendBroadcast:1111 com.android.server.inputmethod.InputMethodManagerService.sendSoftInputVisibilityBroadcast:3258 com.android.server.inputmethod.InputMethodManagerService.showCurrentInputLocked:3231 com.android.server.inputmethod.InputMethodManagerService.showMySoftInput:4198 com.android.server.inputmethod.InputMethodManagerService.access$4100:189 
07-07 11:12:03.741 D/InputMethodManagerService( 3818): Top Package Name: in.startv.hotstar
07-07 11:12:03.742 W/ContextImpl( 3818): Calling a method in the system process without a qualified user: android.app.ContextImpl.sendBroadcast:1111 com.android.server.inputmethod.InputMethodManagerService.sendSoftInputVisibilityBroadcast:3258 com.android.server.inputmethod.InputMethodManagerService.showCurrentInputLocked:3231 com.android.server.inputmethod.InputMethodManagerService.showMySoftInput:4198 com.android.server.inputmethod.InputMethodManagerService.access$4100:189 
07-07 11:12:03.746 D/InputMethodManagerService( 3818): Top Package Name: in.startv.hotstar
07-07 11:12:03.747 W/ContextImpl( 3818): Calling a method in the system process without a qualified user: android.app.ContextImpl.sendBroadcast:1111 com.android.server.inputmethod.InputMethodManagerService.sendSoftInputVisibilityBroadcast:3258 com.android.server.inputmethod.InputMethodManagerService.showCurrentInputLocked:3231 com.android.server.inputmethod.InputMethodManagerService.showMySoftInput:4198 com.android.server.inputmethod.InputMethodManagerService.access$4100:189 
07-07 11:12:03.862 W/NotificationHistory( 3818): Attempted to add notif for locked/gone/disabled user 0
07-07 11:12:03.869 D/InputMethodManagerService( 3818): Top Package Name: in.startv.hotstar
07-07 11:12:03.870 W/ContextImpl( 3818): Calling a method in the system process without a qualified user: android.app.ContextImpl.sendBroadcast:1111 com.android.server.inputmethod.InputMethodManagerService.sendSoftInputVisibilityBroadcast:3258 com.android.server.inputmethod.InputMethodManagerService.showCurrentInputLocked:3231 com.android.server.inputmethod.InputMethodManagerService.showMySoftInput:4198 com.android.server.inputmethod.InputMethodManagerService.access$4100:189 
07-07 11:12:03.884 D/InputMethodManagerService( 3818): Top Package Name: in.startv.hotstar
07-07 11:12:03.885 W/ContextImpl( 3818): Calling a method in the system process without a qualified user: android.app.ContextImpl.sendBroadcast:1111 com.android.server.inputmethod.InputMethodManagerService.sendSoftInputVisibilityBroadcast:3258 com.android.server.inputmethod.InputMethodManagerService.showCurrentInputLocked:3231 com.android.server.inputmethod.InputMethodManagerService.showMySoftInput:4198 com.android.server.inputmethod.InputMethodManagerService.access$4100:189 
07-07 11:12:03.977 W/NotificationHistory( 3818): Attempted to add notif for locked/gone/disabled user 0
07-07 11:12:04.095 W/NotificationHistory( 3818): Attempted to add notif for locked/gone/disabled user 0
07-07 11:12:04.308 D/InputMethodManagerService( 3818): Top Package Name: in.startv.hotstar
07-07 11:12:04.309 W/ContextImpl( 3818): Calling a method in the system process without a qualified user: android.app.ContextImpl.sendBroadcast:1111 com.android.server.inputmethod.InputMethodManagerService.sendSoftInputVisibilityBroadcast:3258 com.android.server.inputmethod.InputMethodManagerService.showCurrentInputLocked:3231 com.android.server.inputmethod.InputMethodManagerService.attachNewInputLocked:2397 com.android.server.inputmethod.InputMethodManagerService.startInputUncheckedLocked:2503 
07-07 11:12:04.326 W/ContextImpl( 3818): Calling a method in the system process without a qualified user: android.app.ContextImpl.sendBroadcast:1111 com.android.server.inputmethod.InputMethodManagerService.sendSoftInputVisibilityBroadcast:3258 com.android.server.inputmethod.InputMethodManagerService.hideCurrentInputLocked:3330 com.android.server.inputmethod.InputMethodManagerService.hideMySoftInput:4180 com.android.server.inputmethod.InputMethodManagerService.access$4000:189 
07-07 11:12:06.049 I/UsageStatsService( 3818): User[0] Flushing usage stats to disk
07-07 11:13:26.979 I/chatty  ( 3818): uid=1000(system) android.bg identical 8 lines
07-07 11:13:37.087 I/UsageStatsService( 3818): User[0] Flushing usage stats to disk
07-07 11:13:39.276 D/AutofillManagerService( 3818): onBackKeyPressed()
07-07 11:13:41.324 D/AutofillManagerService( 3818): onBackKeyPressed()
07-07 11:13:42.565 D/InputMethodManagerService( 3818): Top Package Name: in.startv.hotstar
07-07 11:13:42.567 W/ContextImpl( 3818): Calling a method in the system process without a qualified user: android.app.ContextImpl.sendBroadcast:1111 com.android.server.inputmethod.InputMethodManagerService.sendSoftInputVisibilityBroadcast:3258 com.android.server.inputmethod.InputMethodManagerService.showCurrentInputLocked:3231 com.android.server.inputmethod.InputMethodManagerService.showSoftInput:3153 com.android.internal.view.IInputMethodManager$Stub.onTransact:304 
07-07 11:13:42.569 D/InputMethodManagerService( 3818): Top Package Name: in.startv.hotstar
07-07 11:13:42.569 W/ContextImpl( 3818): Calling a method in the system process without a qualified user: android.app.ContextImpl.sendBroadcast:1111 com.android.server.inputmethod.InputMethodManagerService.sendSoftInputVisibilityBroadcast:3258 com.android.server.inputmethod.InputMethodManagerService.showCurrentInputLocked:3231 com.android.server.inputmethod.InputMethodManagerService.showMySoftInput:4198 com.android.server.inputmethod.InputMethodManagerService.access$4100:189 
07-07 11:13:42.572 W/ContextImpl( 3818): Calling a method in the system process without a qualified user: android.app.ContextImpl.sendBroadcast:1111 com.android.server.inputmethod.InputMethodManagerService.sendSoftInputVisibilityBroadcast:3258 com.android.server.inputmethod.InputMethodManagerService.hideCurrentInputLocked:3330 com.android.server.inputmethod.InputMethodManagerService.hideMySoftInput:4180 com.android.server.inputmethod.InputMethodManagerService.access$4000:189 
07-07 11:13:42.591 D/InputMethodManagerService( 3818): Top Package Name: in.startv.hotstar
07-07 11:13:42.600 W/ContextImpl( 3818): Calling a method in the system process without a qualified user: android.app.ContextImpl.sendBroadcast:1111 com.android.server.inputmethod.InputMethodManagerService.sendSoftInputVisibilityBroadcast:3258 com.android.server.inputmethod.InputMethodManagerService.showCurrentInputLocked:3231 com.android.server.inputmethod.InputMethodManagerService.showMySoftInput:4198 com.android.server.inputmethod.InputMethodManagerService.access$4100:189 
07-07 11:13:42.644 D/InputMethodManagerService( 3818): Top Package Name: in.startv.hotstar
07-07 11:13:42.645 W/ContextImpl( 3818): Calling a method in the system process without a qualified user: android.app.ContextImpl.sendBroadcast:1111 com.android.server.inputmethod.InputMethodManagerService.sendSoftInputVisibilityBroadcast:3258 com.android.server.inputmethod.InputMethodManagerService.showCurrentInputLocked:3231 com.android.server.inputmethod.InputMethodManagerService.showMySoftInput:4198 com.android.server.inputmethod.InputMethodManagerService.access$4100:189 
07-07 11:13:42.749 D/InputMethodManagerService( 3818): Top Package Name: in.startv.hotstar
07-07 11:13:42.750 W/ContextImpl( 3818): Calling a method in the system process without a qualified user: android.app.ContextImpl.sendBroadcast:1111 com.android.server.inputmethod.InputMethodManagerService.sendSoftInputVisibilityBroadcast:3258 com.android.server.inputmethod.InputMethodManagerService.showCurrentInputLocked:3231 com.android.server.inputmethod.InputMethodManagerService.showMySoftInput:4198 com.android.server.inputmethod.InputMethodManagerService.access$4100:189 
07-07 11:13:42.754 D/InputMethodManagerService( 3818): Top Package Name: in.startv.hotstar
07-07 11:13:42.754 W/ContextImpl( 3818): Calling a method in the system process without a qualified user: android.app.ContextImpl.sendBroadcast:1111 com.android.server.inputmethod.InputMethodManagerService.sendSoftInputVisibilityBroadcast:3258 com.android.server.inputmethod.InputMethodManagerService.showCurrentInputLocked:3231 com.android.server.inputmethod.InputMethodManagerService.showMySoftInput:4198 com.android.server.inputmethod.InputMethodManagerService.access$4100:189 
07-07 11:13:42.793 W/NotificationHistory( 3818): Attempted to add notif for locked/gone/disabled user 0
07-07 11:13:42.962 W/NotificationHistory( 3818): Attempted to add notif for locked/gone/disabled user 0
07-07 11:13:43.494 D/InputMethodManagerService( 3818): Top Package Name: in.startv.hotstar
07-07 11:13:43.495 W/ContextImpl( 3818): Calling a method in the system process without a qualified user: android.app.ContextImpl.sendBroadcast:1111 com.android.server.inputmethod.InputMethodManagerService.sendSoftInputVisibilityBroadcast:3258 com.android.server.inputmethod.InputMethodManagerService.showCurrentInputLocked:3231 com.android.server.inputmethod.InputMethodManagerService.attachNewInputLocked:2397 com.android.server.inputmethod.InputMethodManagerService.startInputUncheckedLocked:2503 
07-07 11:13:43.497 D/InputMethodManagerService( 3818): Top Package Name: in.startv.hotstar
07-07 11:13:43.498 W/ContextImpl( 3818): Calling a method in the system process without a qualified user: android.app.ContextImpl.sendBroadcast:1111 com.android.server.inputmethod.InputMethodManagerService.sendSoftInputVisibilityBroadcast:3258 com.android.server.inputmethod.InputMethodManagerService.showCurrentInputLocked:3231 com.android.server.inputmethod.InputMethodManagerService.showMySoftInput:4198 com.android.server.inputmethod.InputMethodManagerService.access$4100:189 
07-07 11:13:43.626 D/InputMethodManagerService( 3818): Top Package Name: in.startv.hotstar
07-07 11:13:43.627 W/ContextImpl( 3818): Calling a method in the system process without a qualified user: android.app.ContextImpl.sendBroadcast:1111 com.android.server.inputmethod.InputMethodManagerService.sendSoftInputVisibilityBroadcast:3258 com.android.server.inputmethod.InputMethodManagerService.showCurrentInputLocked:3231 com.android.server.inputmethod.InputMethodManagerService.showMySoftInput:4198 com.android.server.inputmethod.InputMethodManagerService.access$4100:189 
07-07 11:13:44.224 D/InputMethodManagerService( 3818): Top Package Name: in.startv.hotstar
07-07 11:13:44.225 W/ContextImpl( 3818): Calling a method in the system process without a qualified user: android.app.ContextImpl.sendBroadcast:1111 com.android.server.inputmethod.InputMethodManagerService.sendSoftInputVisibilityBroadcast:3258 com.android.server.inputmethod.InputMethodManagerService.showCurrentInputLocked:3231 com.android.server.inputmethod.InputMethodManagerService.attachNewInputLocked:2397 com.android.server.inputmethod.InputMethodManagerService.startInputUncheckedLocked:2503 
07-07 11:13:44.228 D/InputMethodManagerService( 3818): Top Package Name: in.startv.hotstar
07-07 11:13:44.229 W/ContextImpl( 3818): Calling a method in the system process without a qualified user: android.app.ContextImpl.sendBroadcast:1111 com.android.server.inputmethod.InputMethodManagerService.sendSoftInputVisibilityBroadcast:3258 com.android.server.inputmethod.InputMethodManagerService.showCurrentInputLocked:3231 com.android.server.inputmethod.InputMethodManagerService.showMySoftInput:4198 com.android.server.inputmethod.InputMethodManagerService.access$4100:189 
07-07 11:13:44.253 D/InputMethodManagerService( 3818): Top Package Name: in.startv.hotstar
07-07 11:13:44.254 W/ContextImpl( 3818): Calling a method in the system process without a qualified user: android.app.ContextImpl.sendBroadcast:1111 com.android.server.inputmethod.InputMethodManagerService.sendSoftInputVisibilityBroadcast:3258 com.android.server.inputmethod.InputMethodManagerService.showCurrentInputLocked:3231 com.android.server.inputmethod.InputMethodManagerService.showMySoftInput:4198 com.android.server.inputmethod.InputMethodManagerService.access$4100:189 
07-07 11:13:45.324 D/AutofillManagerService( 3818): onBackKeyPressed()
07-07 11:13:45.326 W/ContextImpl( 3818): Calling a method in the system process without a qualified user: android.app.ContextImpl.sendBroadcast:1111 com.android.server.inputmethod.InputMethodManagerService.sendSoftInputVisibilityBroadcast:3258 com.android.server.inputmethod.InputMethodManagerService.hideCurrentInputLocked:3330 com.android.server.inputmethod.InputMethodManagerService.hideMySoftInput:4180 com.android.server.inputmethod.InputMethodManagerService.access$4000:189 
07-07 11:13:47.185 I/UsageStatsService( 3818): User[0] Flushing usage stats to disk
07-07 11:13:47.458 D/InputMethodManagerService( 3818): Top Package Name: in.startv.hotstar
07-07 11:13:47.463 W/ContextImpl( 3818): Calling a method in the system process without a qualified user: android.app.ContextImpl.sendBroadcast:1111 com.android.server.inputmethod.InputMethodManagerService.sendSoftInputVisibilityBroadcast:3258 com.android.server.inputmethod.InputMethodManagerService.showCurrentInputLocked:3231 com.android.server.inputmethod.InputMethodManagerService.showMySoftInput:4198 com.android.server.inputmethod.InputMethodManagerService.access$4100:189 
07-07 11:13:47.465 W/ContextImpl( 3818): Calling a method in the system process without a qualified user: android.app.ContextImpl.sendBroadcast:1111 com.android.server.inputmethod.InputMethodManagerService.sendSoftInputVisibilityBroadcast:3258 com.android.server.inputmethod.InputMethodManagerService.hideCurrentInputLocked:3330 com.android.server.inputmethod.InputMethodManagerService.hideSoftInput:3290 com.android.internal.view.IInputMethodManager$Stub.onTransact:325 
07-07 11:13:47.476 W/ContextImpl( 3818): Calling a method in the system process without a qualified user: android.app.ContextImpl.sendBroadcast:1111 com.android.server.inputmethod.InputMethodManagerService.sendSoftInputVisibilityBroadcast:3258 com.android.server.inputmethod.InputMethodManagerService.hideCurrentInputLocked:3330 com.android.server.inputmethod.InputMethodManagerService.hideSoftInput:3290 com.android.internal.view.IInputMethodManager$Stub.onTransact:325 
07-07 11:13:47.479 D/InputMethodManagerService( 3818): Top Package Name: in.startv.hotstar
07-07 11:13:47.482 W/ContextImpl( 3818): Calling a method in the system process without a qualified user: android.app.ContextImpl.sendBroadcast:1111 com.android.server.inputmethod.InputMethodManagerService.sendSoftInputVisibilityBroadcast:3258 com.android.server.inputmethod.InputMethodManagerService.showCurrentInputLocked:3231 com.android.server.inputmethod.InputMethodManagerService.showMySoftInput:4198 com.android.server.inputmethod.InputMethodManagerService.access$4100:189 
07-07 11:13:47.503 W/ContextImpl( 3818): Calling a method in the system process without a qualified user: android.app.ContextImpl.sendBroadcast:1111 com.android.server.inputmethod.InputMethodManagerService.sendSoftInputVisibilityBroadcast:3258 com.android.server.inputmethod.InputMethodManagerService.hideCurrentInputLocked:3330 com.android.server.inputmethod.InputMethodManagerService.hideSoftInput:3290 com.android.internal.view.IInputMethodManager$Stub.onTransact:325 
07-07 11:13:47.532 D/InputMethodManagerService( 3818): Top Package Name: in.startv.hotstar
07-07 11:13:47.541 W/ContextImpl( 3818): Calling a method in the system process without a qualified user: android.app.ContextImpl.sendBroadcast:1111 com.android.server.inputmethod.InputMethodManagerService.sendSoftInputVisibilityBroadcast:3258 com.android.server.inputmethod.InputMethodManagerService.showCurrentInputLocked:3231 com.android.server.inputmethod.InputMethodManagerService.showMySoftInput:4198 com.android.server.inputmethod.InputMethodManagerService.access$4100:189 
07-07 11:13:47.633 D/InputMethodManagerService( 3818): Top Package Name: in.startv.hotstar
07-07 11:13:47.634 W/ContextImpl( 3818): Calling a method in the system process without a qualified user: android.app.ContextImpl.sendBroadcast:1111 com.android.server.inputmethod.InputMethodManagerService.sendSoftInputVisibilityBroadcast:3258 com.android.server.inputmethod.InputMethodManagerService.showCurrentInputLocked:3231 com.android.server.inputmethod.InputMethodManagerService.showMySoftInput:4198 com.android.server.inputmethod.InputMethodManagerService.access$4100:189 
07-07 11:13:47.642 D/InputMethodManagerService( 3818): Top Package Name: in.startv.hotstar
07-07 11:13:47.643 W/ContextImpl( 3818): Calling a method in the system process without a qualified user: android.app.ContextImpl.sendBroadcast:1111 com.android.server.inputmethod.InputMethodManagerService.sendSoftInputVisibilityBroadcast:3258 com.android.server.inputmethod.InputMethodManagerService.showCurrentInputLocked:3231 com.android.server.inputmethod.InputMethodManagerService.showMySoftInput:4198 com.android.server.inputmethod.InputMethodManagerService.access$4100:189 
07-07 11:13:47.661 D/InputMethodManagerService( 3818): Top Package Name: in.startv.hotstar
07-07 11:13:47.667 W/ContextImpl( 3818): Calling a method in the system process without a qualified user: android.app.ContextImpl.sendBroadcast:1111 com.android.server.inputmethod.InputMethodManagerService.sendSoftInputVisibilityBroadcast:3258 com.android.server.inputmethod.InputMethodManagerService.showCurrentInputLocked:3231 com.android.server.inputmethod.InputMethodManagerService.showMySoftInput:4198 com.android.server.inputmethod.InputMethodManagerService.access$4100:189 
07-07 11:13:47.682 W/NotificationHistory( 3818): Attempted to add notif for locked/gone/disabled user 0
07-07 11:13:47.823 D/InputMethodManagerService( 3818): Top Package Name: in.startv.hotstar
07-07 11:13:47.824 W/ContextImpl( 3818): Calling a method in the system process without a qualified user: android.app.ContextImpl.sendBroadcast:1111 com.android.server.inputmethod.InputMethodManagerService.sendSoftInputVisibilityBroadcast:3258 com.android.server.inputmethod.InputMethodManagerService.showCurrentInputLocked:3231 com.android.server.inputmethod.InputMethodManagerService.showMySoftInput:4198 com.android.server.inputmethod.InputMethodManagerService.access$4100:189 
07-07 11:13:47.862 W/NotificationHistory( 3818): Attempted to add notif for locked/gone/disabled user 0
07-07 11:13:48.037 W/NotificationHistory( 3818): Attempted to add notif for locked/gone/disabled user 0
07-07 11:13:49.525 D/InputMethodManagerService( 3818): Top Package Name: in.startv.hotstar
07-07 11:13:49.525 W/ContextImpl( 3818): Calling a method in the system process without a qualified user: android.app.ContextImpl.sendBroadcast:1111 com.android.server.inputmethod.InputMethodManagerService.sendSoftInputVisibilityBroadcast:3258 com.android.server.inputmethod.InputMethodManagerService.showCurrentInputLocked:3231 com.android.server.inputmethod.InputMethodManagerService.attachNewInputLocked:2397 com.android.server.inputmethod.InputMethodManagerService.startInputUncheckedLocked:2503 
07-07 11:13:49.532 W/ContextImpl( 3818): Calling a method in the system process without a qualified user: android.app.ContextImpl.sendBroadcast:1111 com.android.server.inputmethod.InputMethodManagerService.sendSoftInputVisibilityBroadcast:3258 com.android.server.inputmethod.InputMethodManagerService.hideCurrentInputLocked:3330 com.android.server.inputmethod.InputMethodManagerService.hideMySoftInput:4180 com.android.server.inputmethod.InputMethodManagerService.access$4000:189 
07-07 11:13:57.294 I/UsageStatsService( 3818): User[0] Flushing usage stats to disk
07-07 11:14:47.809 I/chatty  ( 3818): uid=1000(system) android.bg identical 5 lines
07-07 11:14:57.914 I/UsageStatsService( 3818): User[0] Flushing usage stats to disk
07-07 11:15:00.889 D/AutofillManagerService( 3818): onBackKeyPressed()
07-07 11:15:02.345 D/InputMethodManagerService( 3818): Top Package Name: in.startv.hotstar
07-07 11:15:02.348 W/ContextImpl( 3818): Calling a method in the system process without a qualified user: android.app.ContextImpl.sendBroadcast:1111 com.android.server.inputmethod.InputMethodManagerService.sendSoftInputVisibilityBroadcast:3258 com.android.server.inputmethod.InputMethodManagerService.showCurrentInputLocked:3231 com.android.server.inputmethod.InputMethodManagerService.showSoftInput:3153 com.android.internal.view.IInputMethodManager$Stub.onTransact:304 
07-07 11:15:02.348 D/InputMethodManagerService( 3818): Top Package Name: in.startv.hotstar
07-07 11:15:02.349 W/ContextImpl( 3818): Calling a method in the system process without a qualified user: android.app.ContextImpl.sendBroadcast:1111 com.android.server.inputmethod.InputMethodManagerService.sendSoftInputVisibilityBroadcast:3258 com.android.server.inputmethod.InputMethodManagerService.showCurrentInputLocked:3231 com.android.server.inputmethod.InputMethodManagerService.showMySoftInput:4198 com.android.server.inputmethod.InputMethodManagerService.access$4100:189 
07-07 11:15:02.352 W/ContextImpl( 3818): Calling a method in the system process without a qualified user: android.app.ContextImpl.sendBroadcast:1111 com.android.server.inputmethod.InputMethodManagerService.sendSoftInputVisibilityBroadcast:3258 com.android.server.inputmethod.InputMethodManagerService.hideCurrentInputLocked:3330 com.android.server.inputmethod.InputMethodManagerService.hideMySoftInput:4180 com.android.server.inputmethod.InputMethodManagerService.access$4000:189 
07-07 11:15:02.382 D/InputMethodManagerService( 3818): Top Package Name: in.startv.hotstar
07-07 11:15:02.386 W/ContextImpl( 3818): Calling a method in the system process without a qualified user: android.app.ContextImpl.sendBroadcast:1111 com.android.server.inputmethod.InputMethodManagerService.sendSoftInputVisibilityBroadcast:3258 com.android.server.inputmethod.InputMethodManagerService.showCurrentInputLocked:3231 com.android.server.inputmethod.InputMethodManagerService.showMySoftInput:4198 com.android.server.inputmethod.InputMethodManagerService.access$4100:189 
07-07 11:15:02.430 D/InputMethodManagerService( 3818): Top Package Name: in.startv.hotstar
07-07 11:15:02.431 W/ContextImpl( 3818): Calling a method in the system process without a qualified user: android.app.ContextImpl.sendBroadcast:1111 com.android.server.inputmethod.InputMethodManagerService.sendSoftInputVisibilityBroadcast:3258 com.android.server.inputmethod.InputMethodManagerService.showCurrentInputLocked:3231 com.android.server.inputmethod.InputMethodManagerService.showMySoftInput:4198 com.android.server.inputmethod.InputMethodManagerService.access$4100:189 
07-07 11:15:02.541 D/InputMethodManagerService( 3818): Top Package Name: in.startv.hotstar
07-07 11:15:02.542 W/ContextImpl( 3818): Calling a method in the system process without a qualified user: android.app.ContextImpl.sendBroadcast:1111 com.android.server.inputmethod.InputMethodManagerService.sendSoftInputVisibilityBroadcast:3258 com.android.server.inputmethod.InputMethodManagerService.showCurrentInputLocked:3231 com.android.server.inputmethod.InputMethodManagerService.showMySoftInput:4198 com.android.server.inputmethod.InputMethodManagerService.access$4100:189 
07-07 11:15:02.549 D/InputMethodManagerService( 3818): Top Package Name: in.startv.hotstar
07-07 11:15:02.550 W/ContextImpl( 3818): Calling a method in the system process without a qualified user: android.app.ContextImpl.sendBroadcast:1111 com.android.server.inputmethod.InputMethodManagerService.sendSoftInputVisibilityBroadcast:3258 com.android.server.inputmethod.InputMethodManagerService.showCurrentInputLocked:3231 com.android.server.inputmethod.InputMethodManagerService.showMySoftInput:4198 com.android.server.inputmethod.InputMethodManagerService.access$4100:189 
07-07 11:15:02.583 W/NotificationHistory( 3818): Attempted to add notif for locked/gone/disabled user 0
07-07 11:15:02.759 W/NotificationHistory( 3818): Attempted to add notif for locked/gone/disabled user 0
07-07 11:15:03.331 D/InputMethodManagerService( 3818): Top Package Name: in.startv.hotstar
07-07 11:15:03.332 W/ContextImpl( 3818): Calling a method in the system process without a qualified user: android.app.ContextImpl.sendBroadcast:1111 com.android.server.inputmethod.InputMethodManagerService.sendSoftInputVisibilityBroadcast:3258 com.android.server.inputmethod.InputMethodManagerService.showCurrentInputLocked:3231 com.android.server.inputmethod.InputMethodManagerService.attachNewInputLocked:2397 com.android.server.inputmethod.InputMethodManagerService.startInputUncheckedLocked:2503 
07-07 11:15:03.335 D/InputMethodManagerService( 3818): Top Package Name: in.startv.hotstar
07-07 11:15:03.336 W/ContextImpl( 3818): Calling a method in the system process without a qualified user: android.app.ContextImpl.sendBroadcast:1111 com.android.server.inputmethod.InputMethodManagerService.sendSoftInputVisibilityBroadcast:3258 com.android.server.inputmethod.InputMethodManagerService.showCurrentInputLocked:3231 com.android.server.inputmethod.InputMethodManagerService.showMySoftInput:4198 com.android.server.inputmethod.InputMethodManagerService.access$4100:189 
07-07 11:15:03.478 D/InputMethodManagerService( 3818): Top Package Name: in.startv.hotstar
07-07 11:15:03.482 W/ContextImpl( 3818): Calling a method in the system process without a qualified user: android.app.ContextImpl.sendBroadcast:1111 com.android.server.inputmethod.InputMethodManagerService.sendSoftInputVisibilityBroadcast:3258 com.android.server.inputmethod.InputMethodManagerService.showCurrentInputLocked:3231 com.android.server.inputmethod.InputMethodManagerService.showMySoftInput:4198 com.android.server.inputmethod.InputMethodManagerService.access$4100:189 
07-07 11:15:04.075 D/InputMethodManagerService( 3818): Top Package Name: in.startv.hotstar
07-07 11:15:04.076 W/ContextImpl( 3818): Calling a method in the system process without a qualified user: android.app.ContextImpl.sendBroadcast:1111 com.android.server.inputmethod.InputMethodManagerService.sendSoftInputVisibilityBroadcast:3258 com.android.server.inputmethod.InputMethodManagerService.showCurrentInputLocked:3231 com.android.server.inputmethod.InputMethodManagerService.attachNewInputLocked:2397 com.android.server.inputmethod.InputMethodManagerService.startInputUncheckedLocked:2503 
07-07 11:15:04.079 D/InputMethodManagerService( 3818): Top Package Name: in.startv.hotstar
07-07 11:15:04.080 W/ContextImpl( 3818): Calling a method in the system process without a qualified user: android.app.ContextImpl.sendBroadcast:1111 com.android.server.inputmethod.InputMethodManagerService.sendSoftInputVisibilityBroadcast:3258 com.android.server.inputmethod.InputMethodManagerService.showCurrentInputLocked:3231 com.android.server.inputmethod.InputMethodManagerService.showMySoftInput:4198 com.android.server.inputmethod.InputMethodManagerService.access$4100:189 
07-07 11:15:04.107 D/InputMethodManagerService( 3818): Top Package Name: in.startv.hotstar
07-07 11:15:04.107 W/ContextImpl( 3818): Calling a method in the system process without a qualified user: android.app.ContextImpl.sendBroadcast:1111 com.android.server.inputmethod.InputMethodManagerService.sendSoftInputVisibilityBroadcast:3258 com.android.server.inputmethod.InputMethodManagerService.showCurrentInputLocked:3231 com.android.server.inputmethod.InputMethodManagerService.showMySoftInput:4198 com.android.server.inputmethod.InputMethodManagerService.access$4100:189 
07-07 11:15:05.127 D/AutofillManagerService( 3818): onBackKeyPressed()
07-07 11:15:05.135 W/ContextImpl( 3818): Calling a method in the system process without a qualified user: android.app.ContextImpl.sendBroadcast:1111 com.android.server.inputmethod.InputMethodManagerService.sendSoftInputVisibilityBroadcast:3258 com.android.server.inputmethod.InputMethodManagerService.hideCurrentInputLocked:3330 com.android.server.inputmethod.InputMethodManagerService.hideMySoftInput:4180 com.android.server.inputmethod.InputMethodManagerService.access$4000:189 
07-07 11:15:07.272 D/InputMethodManagerService( 3818): Top Package Name: in.startv.hotstar
07-07 11:15:07.275 W/ContextImpl( 3818): Calling a method in the system process without a qualified user: android.app.ContextImpl.sendBroadcast:1111 com.android.server.inputmethod.InputMethodManagerService.sendSoftInputVisibilityBroadcast:3258 com.android.server.inputmethod.InputMethodManagerService.showCurrentInputLocked:3231 com.android.server.inputmethod.InputMethodManagerService.showMySoftInput:4198 com.android.server.inputmethod.InputMethodManagerService.access$4100:189 
07-07 11:15:07.278 W/ContextImpl( 3818): Calling a method in the system process without a qualified user: android.app.ContextImpl.sendBroadcast:1111 com.android.server.inputmethod.InputMethodManagerService.sendSoftInputVisibilityBroadcast:3258 com.android.server.inputmethod.InputMethodManagerService.hideCurrentInputLocked:3330 com.android.server.inputmethod.InputMethodManagerService.hideSoftInput:3290 com.android.internal.view.IInputMethodManager$Stub.onTransact:325 
07-07 11:15:07.295 D/InputMethodManagerService( 3818): Top Package Name: in.startv.hotstar
07-07 11:15:07.300 W/ContextImpl( 3818): Calling a method in the system process without a qualified user: android.app.ContextImpl.sendBroadcast:1111 com.android.server.inputmethod.InputMethodManagerService.sendSoftInputVisibilityBroadcast:3258 com.android.server.inputmethod.InputMethodManagerService.showCurrentInputLocked:3231 com.android.server.inputmethod.InputMethodManagerService.showMySoftInput:4198 com.android.server.inputmethod.InputMethodManagerService.access$4100:189 
07-07 11:15:07.311 W/ContextImpl( 3818): Calling a method in the system process without a qualified user: android.app.ContextImpl.sendBroadcast:1111 com.android.server.inputmethod.InputMethodManagerService.sendSoftInputVisibilityBroadcast:3258 com.android.server.inputmethod.InputMethodManagerService.hideCurrentInputLocked:3330 com.android.server.inputmethod.InputMethodManagerService.hideSoftInput:3290 com.android.internal.view.IInputMethodManager$Stub.onTransact:325 
07-07 11:15:07.340 D/InputMethodManagerService( 3818): Top Package Name: in.startv.hotstar
07-07 11:15:07.342 W/ContextImpl( 3818): Calling a method in the system process without a qualified user: android.app.ContextImpl.sendBroadcast:1111 com.android.server.inputmethod.InputMethodManagerService.sendSoftInputVisibilityBroadcast:3258 com.android.server.inputmethod.InputMethodManagerService.showCurrentInputLocked:3231 com.android.server.inputmethod.InputMethodManagerService.showMySoftInput:4198 com.android.server.inputmethod.InputMethodManagerService.access$4100:189 
07-07 11:15:07.353 D/InputMethodManagerService( 3818): Top Package Name: in.startv.hotstar
07-07 11:15:07.354 W/ContextImpl( 3818): Calling a method in the system process without a qualified user: android.app.ContextImpl.sendBroadcast:1111 com.android.server.inputmethod.InputMethodManagerService.sendSoftInputVisibilityBroadcast:3258 com.android.server.inputmethod.InputMethodManagerService.showCurrentInputLocked:3231 com.android.server.inputmethod.InputMethodManagerService.showMySoftInput:4198 com.android.server.inputmethod.InputMethodManagerService.access$4100:189 
07-07 11:15:07.369 D/InputMethodManagerService( 3818): Top Package Name: in.startv.hotstar
07-07 11:15:07.370 W/ContextImpl( 3818): Calling a method in the system process without a qualified user: android.app.ContextImpl.sendBroadcast:1111 com.android.server.inputmethod.InputMethodManagerService.sendSoftInputVisibilityBroadcast:3258 com.android.server.inputmethod.InputMethodManagerService.showCurrentInputLocked:3231 com.android.server.inputmethod.InputMethodManagerService.showMySoftInput:4198 com.android.server.inputmethod.InputMethodManagerService.access$4100:189 
07-07 11:15:07.383 D/InputMethodManagerService( 3818): Top Package Name: in.startv.hotstar
07-07 11:15:07.384 W/ContextImpl( 3818): Calling a method in the system process without a qualified user: android.app.ContextImpl.sendBroadcast:1111 com.android.server.inputmethod.InputMethodManagerService.sendSoftInputVisibilityBroadcast:3258 com.android.server.inputmethod.InputMethodManagerService.showCurrentInputLocked:3231 com.android.server.inputmethod.InputMethodManagerService.showMySoftInput:4198 com.android.server.inputmethod.InputMethodManagerService.access$4100:189 
07-07 11:15:07.402 D/InputMethodManagerService( 3818): Top Package Name: in.startv.hotstar
07-07 11:15:07.403 W/ContextImpl( 3818): Calling a method in the system process without a qualified user: android.app.ContextImpl.sendBroadcast:1111 com.android.server.inputmethod.InputMethodManagerService.sendSoftInputVisibilityBroadcast:3258 com.android.server.inputmethod.InputMethodManagerService.showCurrentInputLocked:3231 com.android.server.inputmethod.InputMethodManagerService.showMySoftInput:4198 com.android.server.inputmethod.InputMethodManagerService.access$4100:189 
07-07 11:15:07.502 W/NotificationHistory( 3818): Attempted to add notif for locked/gone/disabled user 0
07-07 11:15:07.579 I/chatty  ( 3818): uid=1000 system_server identical 1 line
07-07 11:15:07.639 W/NotificationHistory( 3818): Attempted to add notif for locked/gone/disabled user 0
07-07 11:15:08.037 I/UsageStatsService( 3818): User[0] Flushing usage stats to disk
07-07 11:15:09.214 D/InputMethodManagerService( 3818): Top Package Name: in.startv.hotstar
07-07 11:15:09.217 W/ContextImpl( 3818): Calling a method in the system process without a qualified user: android.app.ContextImpl.sendBroadcast:1111 com.android.server.inputmethod.InputMethodManagerService.sendSoftInputVisibilityBroadcast:3258 com.android.server.inputmethod.InputMethodManagerService.showCurrentInputLocked:3231 com.android.server.inputmethod.InputMethodManagerService.attachNewInputLocked:2397 com.android.server.inputmethod.InputMethodManagerService.startInputUncheckedLocked:2503 
07-07 11:15:09.226 W/ContextImpl( 3818): Calling a method in the system process without a qualified user: android.app.ContextImpl.sendBroadcast:1111 com.android.server.inputmethod.InputMethodManagerService.sendSoftInputVisibilityBroadcast:3258 com.android.server.inputmethod.InputMethodManagerService.hideCurrentInputLocked:3330 com.android.server.inputmethod.InputMethodManagerService.hideMySoftInput:4180 com.android.server.inputmethod.InputMethodManagerService.access$4000:189 
07-07 11:15:18.130 I/UsageStatsService( 3818): User[0] Flushing usage stats to disk
--------- beginning of main
07-07 11:15:40.551 I/thermal2( 3631): Sending notification:  Type: CPU Name: soc_thermal CurrentValue: 74.7 ThrottlingStatus: LIGHT
07-07 11:15:40.586 I/chatty  ( 3647): uid=1041(audioserver) /system/bin/audioserver expire 1 line
07-07 11:15:40.586 W/APM::AudioPolicyEngine( 3647): getDevicesForStrategy() unknown strategy: -1
07-07 11:15:40.652 I/chatty  (22692): uid=10098(in.startv.hotstar) expire 72 lines
07-07 11:15:40.686 D/JioStbInactivityTimer( 4111): Timer: count 1 warningTimeout:-120 timeout:0
07-07 11:15:40.688 I/chatty  ( 3731): uid=1046(mediacodec) omx@1.0-service expire 2 lines
07-07 11:15:40.709 I/chatty  ( 3731): uid=1046(mediacodec) omx@1.0-service expire 2 lines
07-07 11:15:40.726 I/chatty  ( 3731): uid=1046(mediacodec) omx@1.0-service expire 2 lines
07-07 11:15:40.743 I/chatty  ( 3731): uid=1046(mediacodec) omx@1.0-service expire 2 lines
07-07 11:15:40.761 I/chatty  ( 3731): uid=1046(mediacodec) omx@1.0-service expire 3 lines
07-07 11:15:40.818 W/APM::AudioPolicyEngine( 3647): getDevicesForStrategy() unknown strategy: -1
07-07 11:15:40.818 I/chatty  ( 3818): uid=1000(system) Binder:3818_2 expire 16 lines
07-07 11:15:40.819 W/APM::AudioPolicyEngine( 3647): getDevicesForStrategy() unknown strategy: -1
07-07 11:15:40.819 W/APM::AudioPolicyEngine( 3647): getDevicesForStrategy() unknown strategy: -1
07-07 11:15:40.878 I/chatty  ( 3731): uid=1046(mediacodec) omx@1.0-service expire 1 line
07-07 11:15:40.889 W/AudioFlinger( 3647): createTrack_l(): mismatch between requested flags (00000008) and output flags (00000002)
07-07 11:15:40.889 D/AudioFlinger( 3647): Client defaulted notificationFrames to 8200 for frameCount 16400
07-07 11:15:40.892 D/AF::TrackHandle( 3647): OpPlayAudio: track:111 usage:1 not muted
07-07 11:15:41.052 W/APM::AudioPolicyEngine( 3647): getDevicesForStrategy() unknown strategy: -1
07-07 11:15:41.052 W/APM::AudioPolicyEngine( 3647): getDevicesForStrategy() unknown strategy: -1
07-07 11:15:41.131 D/iwedia/mal( 4800): MAL_EPGi_Ping - line: 3881: MAL  TKEL_LockMutex failed
07-07 11:15:41.132 D/iwedia/mal( 4800): MAL_EPGi_Ping - line: 3882: MAL  TKEL_UnlockMutex failed
07-07 11:15:41.151 I/chatty  ( 3731): uid=1046(mediacodec) omx@1.0-service expire 2 lines
07-07 11:15:41.179 I/chatty  (22692): uid=10098(in.startv.hotstar) expire 4 lines
07-07 11:15:41.180 I/chatty  ( 3731): uid=1046(mediacodec) omx@1.0-service expire 2 lines
07-07 11:15:41.194 I/chatty  ( 3731): uid=1046(mediacodec) omx@1.0-service expire 3 lines
07-07 11:15:41.262 E/IPTUNER ( 4800): [RTPUDP_Read:559] Network timedout! 
07-07 11:15:41.262 D/iwediadbg( 4800): INFO: [protocol_iptuner.c, rtp_read:355] Network timeout
07-07 11:15:41.304 W/APM::AudioPolicyEngine( 3647): getDevicesForStrategy() unknown strategy: -1
07-07 11:15:41.305 W/APM::AudioPolicyEngine( 3647): getDevicesForStrategy() unknown strategy: -1
