07-07 11:31:30.652 D/INSETS  ( 3839): else - Package Name ::  left : 0 right :: 0 top :: 0 bottom :: 0 dfu-right :: 1920 dfu-bottom :: 1080
07-07 11:31:30.652 D/INSETS  ( 3839): else - Package Name ::  left : 0 right :: 0 top :: 0 bottom :: 0 dfu-right :: 1920 dfu-bottom :: 1080
07-07 11:31:30.658 D/INSETS  ( 3839): else - Package Name ::  left : 0 right :: 0 top :: 0 bottom :: 0 dfu-right :: 1920 dfu-bottom :: 1080
07-07 11:31:30.659 D/INSETS  ( 3839): else - Package Name ::  left : 0 right :: 0 top :: 0 bottom :: 0 dfu-right :: 1920 dfu-bottom :: 1080
07-07 11:31:30.664 D/INSETS  ( 3839): else - Package Name ::  left : 0 right :: 0 top :: 0 bottom :: 0 dfu-right :: 1920 dfu-bottom :: 1080
07-07 11:31:30.665 D/INSETS  ( 3839): else - Package Name ::  left : 0 right :: 0 top :: 0 bottom :: 0 dfu-right :: 1920 dfu-bottom :: 1080
07-07 11:31:30.889 D/INSETS  ( 3839): else - Package Name ::  left : 0 right :: 0 top :: 0 bottom :: 0 dfu-right :: 1920 dfu-bottom :: 1080
07-07 11:31:31.316 W/[  664.542940@3]- RTW(    0): Turbo EDCA =0x431c
07-07 11:31:31.740 I/UsageStatsService( 3839): User[0] Flushing usage stats to disk
07-07 11:31:32.785 D/InputMethodManagerService( 3839): Top Package Name: in.startv.hotstar
07-07 11:31:32.791 W/ContextImpl( 3839): Calling a method in the system process without a qualified user: android.app.ContextImpl.sendBroadcast:1111 com.android.server.inputmethod.InputMethodManagerService.sendSoftInputVisibilityBroadcast:3258 com.android.server.inputmethod.InputMethodManagerService.showCurrentInputLocked:3231 com.android.server.inputmethod.InputMethodManagerService.showMySoftInput:4198 com.android.server.inputmethod.InputMethodManagerService.access$4100:189 
07-07 11:31:32.792 W/ContextImpl( 3839): Calling a method in the system process without a qualified user: android.app.ContextImpl.sendBroadcast:1111 com.android.server.inputmethod.InputMethodManagerService.sendSoftInputVisibilityBroadcast:3258 com.android.server.inputmethod.InputMethodManagerService.hideCurrentInputLocked:3330 com.android.server.inputmethod.InputMethodManagerService.hideSoftInput:3290 com.android.internal.view.IInputMethodManager$Stub.onTransact:325 
07-07 11:31:32.800 W/ContextImpl( 3839): Calling a method in the system process without a qualified user: android.app.ContextImpl.sendBroadcast:1111 com.android.server.inputmethod.InputMethodManagerService.sendSoftInputVisibilityBroadcast:3258 com.android.server.inputmethod.InputMethodManagerService.hideCurrentInputLocked:3330 com.android.server.inputmethod.InputMethodManagerService.hideSoftInput:3290 com.android.internal.view.IInputMethodManager$Stub.onTransact:325 
07-07 11:31:32.802 D/InputMethodManagerService( 3839): Top Package Name: in.startv.hotstar
07-07 11:31:32.805 W/ContextImpl( 3839): Calling a method in the system process without a qualified user: android.app.ContextImpl.sendBroadcast:1111 com.android.server.inputmethod.InputMethodManagerService.sendSoftInputVisibilityBroadcast:3258 com.android.server.inputmethod.InputMethodManagerService.showCurrentInputLocked:3231 com.android.server.inputmethod.InputMethodManagerService.showMySoftInput:4198 com.android.server.inputmethod.InputMethodManagerService.access$4100:189 
07-07 11:31:32.813 D/INSETS  ( 3839): else - Package Name ::  left : 0 right :: 0 top :: 0 bottom :: 0 dfu-right :: 1920 dfu-bottom :: 1080
07-07 11:31:32.823 W/ContextImpl( 3839): Calling a method in the system process without a qualified user: android.app.ContextImpl.sendBroadcast:1111 com.android.server.inputmethod.InputMethodManagerService.sendSoftInputVisibilityBroadcast:3258 com.android.server.inputmethod.InputMethodManagerService.hideCurrentInputLocked:3330 com.android.server.inputmethod.InputMethodManagerService.hideSoftInput:3290 com.android.internal.view.IInputMethodManager$Stub.onTransact:325 
07-07 11:31:32.864 D/InputMethodManagerService( 3839): Top Package Name: in.startv.hotstar
07-07 11:31:32.867 W/ContextImpl( 3839): Calling a method in the system process without a qualified user: android.app.ContextImpl.sendBroadcast:1111 com.android.server.inputmethod.InputMethodManagerService.sendSoftInputVisibilityBroadcast:3258 com.android.server.inputmethod.InputMethodManagerService.showCurrentInputLocked:3231 com.android.server.inputmethod.InputMethodManagerService.showMySoftInput:4198 com.android.server.inputmethod.InputMethodManagerService.access$4100:189 
07-07 11:31:32.908 D/INSETS  ( 3839): else - Package Name ::  left : 0 right :: 0 top :: 0 bottom :: 0 dfu-right :: 1920 dfu-bottom :: 1080
07-07 11:31:32.944 I/chatty  ( 3839): uid=1000(system) Binder:3839_C identical 1 line
07-07 11:31:32.944 D/INSETS  ( 3839): else - Package Name ::  left : 0 right :: 0 top :: 0 bottom :: 0 dfu-right :: 1920 dfu-bottom :: 1080
07-07 11:31:32.958 D/INSETS  ( 3839): else - Package Name ::  left : 0 right :: 0 top :: 0 bottom :: 0 dfu-right :: 1920 dfu-bottom :: 1080
07-07 11:31:32.958 D/INSETS  ( 3839): else - Package Name ::  left : 0 right :: 0 top :: 0 bottom :: 0 dfu-right :: 1920 dfu-bottom :: 1080
07-07 11:31:32.960 D/InputMethodManagerService( 3839): Top Package Name: in.startv.hotstar
07-07 11:31:32.961 W/ContextImpl( 3839): Calling a method in the system process without a qualified user: android.app.ContextImpl.sendBroadcast:1111 com.android.server.inputmethod.InputMethodManagerService.sendSoftInputVisibilityBroadcast:3258 com.android.server.inputmethod.InputMethodManagerService.showCurrentInputLocked:3231 com.android.server.inputmethod.InputMethodManagerService.showMySoftInput:4198 com.android.server.inputmethod.InputMethodManagerService.access$4100:189 
07-07 11:31:33.008 W/NotificationHistory( 3839): Attempted to add notif for locked/gone/disabled user 0
07-07 11:31:33.119 D/INSETS  ( 3839): else - Package Name ::  left : 0 right :: 0 top :: 0 bottom :: 0 dfu-right :: 1920 dfu-bottom :: 1080
07-07 11:31:33.120 D/INSETS  ( 3839): else - Package Name ::  left : 0 right :: 0 top :: 0 bottom :: 0 dfu-right :: 1920 dfu-bottom :: 1080
07-07 11:31:33.169 D/InputMethodManagerService( 3839): Top Package Name: in.startv.hotstar
07-07 11:31:33.170 W/ContextImpl( 3839): Calling a method in the system process without a qualified user: android.app.ContextImpl.sendBroadcast:1111 com.android.server.inputmethod.InputMethodManagerService.sendSoftInputVisibilityBroadcast:3258 com.android.server.inputmethod.InputMethodManagerService.showCurrentInputLocked:3231 com.android.server.inputmethod.InputMethodManagerService.showMySoftInput:4198 com.android.server.inputmethod.InputMethodManagerService.access$4100:189 
07-07 11:31:33.174 D/InputMethodManagerService( 3839): Top Package Name: in.startv.hotstar
07-07 11:31:33.175 W/ContextImpl( 3839): Calling a method in the system process without a qualified user: android.app.ContextImpl.sendBroadcast:1111 com.android.server.inputmethod.InputMethodManagerService.sendSoftInputVisibilityBroadcast:3258 com.android.server.inputmethod.InputMethodManagerService.showCurrentInputLocked:3231 com.android.server.inputmethod.InputMethodManagerService.attachNewInputLocked:2397 com.android.server.inputmethod.InputMethodManagerService.startInputUncheckedLocked:2503 
07-07 11:31:33.188 D/InputMethodManagerService( 3839): Top Package Name: in.startv.hotstar
07-07 11:31:33.188 W/ContextImpl( 3839): Calling a method in the system process without a qualified user: android.app.ContextImpl.sendBroadcast:1111 com.android.server.inputmethod.InputMethodManagerService.sendSoftInputVisibilityBroadcast:3258 com.android.server.inputmethod.InputMethodManagerService.showCurrentInputLocked:3231 com.android.server.inputmethod.InputMethodManagerService.showMySoftInput:4198 com.android.server.inputmethod.InputMethodManagerService.access$4100:189 
07-07 11:31:33.261 D/INSETS  ( 3839): else - Package Name ::  left : 0 right :: 0 top :: 0 bottom :: 0 dfu-right :: 1920 dfu-bottom :: 1080
07-07 11:31:33.289 I/chatty  ( 3839): uid=1000(system) android.display identical 4 lines
07-07 11:31:33.290 D/INSETS  ( 3839): else - Package Name ::  left : 0 right :: 0 top :: 0 bottom :: 0 dfu-right :: 1920 dfu-bottom :: 1080
07-07 11:31:33.301 D/InputMethodManagerService( 3839): Top Package Name: in.startv.hotstar
07-07 11:31:33.302 W/ContextImpl( 3839): Calling a method in the system process without a qualified user: android.app.ContextImpl.sendBroadcast:1111 com.android.server.inputmethod.InputMethodManagerService.sendSoftInputVisibilityBroadcast:3258 com.android.server.inputmethod.InputMethodManagerService.showCurrentInputLocked:3231 com.android.server.inputmethod.InputMethodManagerService.showMySoftInput:4198 com.android.server.inputmethod.InputMethodManagerService.access$4100:189 
07-07 11:31:33.353 D/INSETS  ( 3839): else - Package Name ::  left : 0 right :: 0 top :: 0 bottom :: 0 dfu-right :: 1920 dfu-bottom :: 1080
07-07 11:31:33.353 D/INSETS  ( 3839): else - Package Name ::  left : 0 right :: 0 top :: 0 bottom :: 0 dfu-right :: 1920 dfu-bottom :: 1080
07-07 11:31:33.364 D/INSETS  ( 3839): else - Package Name ::  left : 0 right :: 0 top :: 0 bottom :: 0 dfu-right :: 1920 dfu-bottom :: 1080
07-07 11:31:33.364 D/INSETS  ( 3839): else - Package Name ::  left : 0 right :: 0 top :: 0 bottom :: 0 dfu-right :: 1920 dfu-bottom :: 1080
07-07 11:31:33.393 W/NotificationHistory( 3839): Attempted to add notif for locked/gone/disabled user 0
07-07 11:31:33.431 W/ContextImpl( 3839): Calling a method in the system process without a qualified user: android.app.ContextImpl.sendBroadcast:1111 com.android.server.inputmethod.InputMethodManagerService.sendSoftInputVisibilityBroadcast:3258 com.android.server.inputmethod.InputMethodManagerService.hideCurrentInputLocked:3330 com.android.server.inputmethod.InputMethodManagerService.hideMySoftInput:4180 com.android.server.inputmethod.InputMethodManagerService.access$4000:189 
07-07 11:31:33.487 D/INSETS  ( 3839): else - Package Name ::  left : 0 right :: 0 top :: 0 bottom :: 0 dfu-right :: 1920 dfu-bottom :: 1080
07-07 11:31:33.487 D/INSETS  ( 3839): else - Package Name ::  left : 0 right :: 0 top :: 0 bottom :: 0 dfu-right :: 1920 dfu-bottom :: 1080
07-07 11:31:33.495 D/INSETS  ( 3839): else - Package Name ::  left : 0 right :: 0 top :: 0 bottom :: 0 dfu-right :: 1920 dfu-bottom :: 1080
07-07 11:31:33.495 D/INSETS  ( 3839): else - Package Name ::  left : 0 right :: 0 top :: 0 bottom :: 0 dfu-right :: 1920 dfu-bottom :: 1080
07-07 11:31:33.516 W/NotificationHistory( 3839): Attempted to add notif for locked/gone/disabled user 0
07-07 11:31:33.724 D/INSETS  ( 3839): else - Package Name ::  left : 0 right :: 0 top :: 0 bottom :: 0 dfu-right :: 1920 dfu-bottom :: 1080
07-07 11:31:34.079 W/[  667.309272@3]- RTW(    0): fill_default_txdesc(wlan0): SP Packet(0x0806) rate=0x4 SeqNum = 2152
07-07 11:31:34.584 I/[  667.815465@2]- resman(    0): 34 appname:OMX-31, type=0
07-07 11:31:34.634 E/[  667.864339@0]- ion_import_dma_buf(    0): can not import dmabuf from another exporter
07-07 11:31:34.635 E/[  667.865114@1]- ion_import_dma_buf(    0): can not import dmabuf from another exporter
07-07 11:31:34.644 E/[  667.872521@3]- ion_import_dma_buf(    0): can not import dmabuf from another exporter
07-07 11:31:34.644 E/[  667.873732@0]- ion_import_dma_buf(    0): can not import dmabuf from another exporter
07-07 11:31:34.648 E/[  667.879035@3]- ion_import_dma_buf(    0): can not import dmabuf from another exporter
07-07 11:31:34.649 E/[  667.879773@1]- ion_import_dma_buf(    0): can not import dmabuf from another exporter
07-07 11:31:34.650 E/[  667.881846@1]- ion_import_dma_buf(    0): can not import dmabuf from another exporter
07-07 11:31:34.651 E/[  667.882440@0]- ion_import_dma_buf(    0): can not import dmabuf from another exporter
07-07 11:31:34.660 E/[  667.887056@0]- ion_import_dma_buf(    0): can not import dmabuf from another exporter
07-07 11:31:34.660 E/[  667.888296@0]- ion_import_dma_buf(    0): can not import dmabuf from another exporter
07-07 11:31:34.662 E/[  667.892147@0]- ion_import_dma_buf(    0): can not import dmabuf from another exporter
07-07 11:31:34.664 E/[  667.892977@2]- ion_import_dma_buf(    0): can not import dmabuf from another exporter
07-07 11:31:34.667 E/[  667.897175@0]- ion_import_dma_buf(    0): can not import dmabuf from another exporter
07-07 11:31:34.667 E/[  667.898196@3]- ion_import_dma_buf(    0): can not import dmabuf from another exporter
07-07 11:31:34.674 E/[  667.903679@0]- ion_import_dma_buf(    0): can not import dmabuf from another exporter
07-07 11:31:34.674 E/[  667.904877@2]- ion_import_dma_buf(    0): can not import dmabuf from another exporter
07-07 11:31:34.677 I/[  667.906582@3]- 00000000e0124d73(    0): alloc space for storing ion_id
07-07 11:31:34.682 I/[  667.906598@3]- 00000000e0124d73(    0): allocated ion_id:0
07-07 11:31:34.682 I/[  667.906772@3]- resman(    0): 34 acquire [codec_mm], preempt yes
07-07 11:31:34.682 I/[  667.906806@3]- resman(    0): 34 score 60 secure no
07-07 11:31:34.682 I/[  667.906811@3]- resman(    0): 34 acquire [codec_mm] success
07-07 11:31:34.683 D/        (    0): [  667.906895@3]- the demux           clock on, ref cnt: 2
07-07 11:31:34.683 D/        (    0): [  667.906900@3]- the parser_top      clock on, ref cnt: 2
07-07 11:31:34.683 D/        (    0): [  667.906910@3]- the vdec            clock on, ref cnt: 1
07-07 11:31:34.683 D/        (    0): [  667.906932@3]- the clk_hevc_mux    clock on, ref cnt: 1
07-07 11:31:34.683 D/        (    0): [  667.906937@3]- the clk_hevcb_mux   clock on, ref cnt: 1
07-07 11:31:34.683 D/        (    0): [  667.906968@3]- hevc mux clock is 499999992 Hz
07-07 11:31:34.683 D/        (    0): [  667.906983@3]- hevc back mux clock is 499999992 Hz
07-07 11:31:34.683 D/        (    0): [  667.907150@3]- vdec_create instance 00000000c5c0deeb, total 1, PM: legacy
07-07 11:31:34.683 D/        (    0): [  667.907186@3]- no drmmode
07-07 11:31:34.683 I/        (    0): [  667.907243@3]- is_reset=0
07-07 11:31:34.683 I/        (    0): [  667.907270@3]- vdec_init, dev_name:ammvdec_h265, vdec_type=VDEC_TYPE_FRAME_BLOCK  id = 0
07-07 11:31:34.683 D/[  667.907919@3]- [0]pdata->config=hevc_buf_width(    0): 1920;hevc_buf_height:1088;hevc_buf_margin:0;hevc_double_write_mode:16;save_buffer_mode:0;
07-07 11:31:34.683 D/        (    0): [  667.907952@3]- decoder_bmmu_box_alloc_box, tvp_flags = 0
07-07 11:31:34.683 D/        (    0): [  667.914194@0]- [0]dynamic_buf_num_margin=9
07-07 11:31:34.683 D/        (    0): [  667.914202@0]- [0]double_write_mode=16
07-07 11:31:34.683 D/[  667.914211@0]- [0]h265(    0): pts_unstable=0
07-07 11:31:34.684 D/[  667.914216@0]- [0]h265(    0): ver (201602101,0) decinfo: 0x0 rate=3600
07-07 11:31:34.684 I/        (    0): [  667.915293@3]- [TEE], the fw (hevc_mmu) will be loaded.
07-07 11:31:34.684 D/        (    0): [  667.915338@3]- hevc mux clock is 666666656 Hz
07-07 11:31:34.684 D/        (    0): [  667.915353@3]- hevc back mux clock is 666666656 Hz
07-07 11:31:34.684 D/        (    0): [  667.915359@3]- hevc video changed to 3840 x 2160 60 fps clk->667MHZ
07-07 11:31:34.684 D/        (    0): [  667.915400@3]- vfm map vdec-map-0 created
07-07 11:31:34.684 I/[  667.915419@3]- reg(    0): ionvideo
07-07 11:31:34.684 D/        (    0): [  667.915424@3]- vdec_init, vf_provider_name = vdec.h265.00, b 0
07-07 11:31:34.694 I/        (    0): [  667.923242@2]- vdec->port_flag=0x102, port_flag=0x10b
07-07 11:31:34.694 D/[  667.926046@2]- ionvid(    0): dbg: ionvideo open
07-07 11:31:34.694 D/[  667.926066@2]- ionvid(    0): dbg: ionvideo: set freerun mode
07-07 11:31:34.741 E/        (    0): [  667.971914@3]- mmu box NULL !!!
07-07 11:31:34.748 D/        (    0): [  667.971926@3]- [0]vh265 cached=0  need_size=6144 speed= 64 ms
07-07 11:31:34.748 D/        (    0): [  667.972503@1]- [0]hevc->performance_profile 0
07-07 11:31:34.748 D/        (    0): [  667.972512@1]- [0]set pic_list_init_flag 1
07-07 11:31:34.792 D/        (    0): [  668.023681@0]- [0]init_buf_spec2 1920 1080
07-07 11:31:34.793 D/        (    0): [  668.023688@0]- [0]set pic_list_init_flag to 2
07-07 11:31:34.793 D/        (    0): [  668.023721@1]- [0]set pic_list_init_flag to 3
07-07 11:31:34.793 D/        (    0): [  668.023725@1]- [vdec_kpi][vh265_isr_thread_fn] First I frame coming.
07-07 11:31:34.794 D/[  668.025941@1]- [0]VH265(    0): output first frame
07-07 11:31:34.794 D/        (    0): [  668.025962@1]- [vdec_kpi][post_video_frame] First I frame decoded.
07-07 11:31:34.823 D/        (    0): [  668.051195@1]- cal_dur_from_pts vstatus 4004 dur3754 -> 4004, revised 4004
07-07 11:31:34.828 I/[  668.056812@1]- vframe_rate_uevent(    0): sent uevent FRAME_RATE_HINT=4004
07-07 11:31:34.887 W/[  668.115835@1]- healthd(    0): battery l=100 v=4 t=0.0 h=2 st=2 c=1100 fc=10000000 chg=u
07-07 11:31:35.158 D/INSETS  ( 3839): else - Package Name ::  left : 0 right :: 0 top :: 0 bottom :: 0 dfu-right :: 1920 dfu-bottom :: 1080
07-07 11:31:35.182 E/[  668.414039@0]- ion_import_dma_buf(    0): can not import dmabuf from another exporter
07-07 11:31:35.185 E/[  668.414909@3]- ion_import_dma_buf(    0): can not import dmabuf from another exporter
07-07 11:31:35.185 E/[  668.415362@3]- ion_import_dma_buf(    0): can not import dmabuf from another exporter
07-07 11:31:35.185 E/[  668.415730@3]- ion_import_dma_buf(    0): can not import dmabuf from another exporter
07-07 11:31:35.185 E/[  668.416108@0]- ion_import_dma_buf(    0): can not import dmabuf from another exporter
07-07 11:31:35.185 E/[  668.416657@2]- ion_import_dma_buf(    0): can not import dmabuf from another exporter
07-07 11:31:35.186 E/[  668.417578@3]- ion_import_dma_buf(    0): can not import dmabuf from another exporter
07-07 11:31:35.187 E/[  668.418241@0]- ion_import_dma_buf(    0): can not import dmabuf from another exporter
07-07 11:31:35.207 E/[  668.437488@3]- ion_import_dma_buf(    0): can not import dmabuf from another exporter
07-07 11:31:35.210 I/[  668.439945@0]- VID(    0): VD1 off
07-07 11:31:35.210 I/[  668.440204@0]- vc(    0): [0]vc: set enable index=0, val=1
07-07 11:31:35.210 I/        (    0): [  668.440226@0]- dev->index =0, val=2
07-07 11:31:35.210 I/[  668.440238@0]- VID(    0): VD1 off
07-07 11:31:35.210 I/[  668.440246@0]- VID(    0): VD1 set global output as 1
07-07 11:31:35.210 I/[  668.440297@0]- VID(    0): store VD0 path_id changed -1->2
07-07 11:31:35.210 I/[  668.440346@0]- vc(    0): [0]sideband_type =-1
07-07 11:31:35.254 E/[  668.486279@1]- ion_import_dma_buf(    0): can not import dmabuf from another exporter
07-07 11:31:35.307 E/[  668.536389@0]- ion_import_dma_buf(    0): can not import dmabuf from another exporter
07-07 11:31:35.338 E/[  668.569602@0]- ion_import_dma_buf(    0): can not import dmabuf from another exporter
07-07 11:31:35.391 E/[  668.619620@0]- ion_import_dma_buf(    0): can not import dmabuf from another exporter
07-07 11:31:35.439 E/[  668.669882@1]- ion_import_dma_buf(    0): can not import dmabuf from another exporter
07-07 11:31:35.490 E/[  668.719924@0]- ion_import_dma_buf(    0): can not import dmabuf from another exporter
07-07 11:31:35.522 E/[  668.753078@0]- ion_import_dma_buf(    0): can not import dmabuf from another exporter
07-07 11:31:35.630 W/[  668.860274@0]- audit(    0): audit_lost=1302 audit_rate_limit=5 audit_backlog_limit=64
07-07 11:31:35.630 E/[  668.860282@0]- audit(    0): rate limit exceeded
07-07 11:31:36.205 I/        (    0): [  669.436145@3]- is_reset=1
07-07 11:31:36.205 I/[  669.436714@3]- vframe_rate_uevent(    0): sent uevent FRAME_RATE_HINT=0
07-07 11:31:36.211 E/[  669.438601@0]- vdec.h265.00(    0): Error, provider error--100000
07-07 11:31:36.211 I/[  669.438632@0]- unreg(    0): ionvideo
07-07 11:31:36.211 D/        (    0): [  669.438663@0]- vdec_disable_DMC input->target= 0x1
07-07 11:31:36.211 D/        (    0): [  669.442370@0]- vdec_release instance 00000000c5c0deeb, total 1 id = 0
07-07 11:31:36.211 D/        (    0): [  669.442608@0]- the clk_hevc_mux    clock off, ref cnt: 0
07-07 11:31:36.211 D/        (    0): [  669.442615@0]- the clk_hevcb_mux   clock off, ref cnt: 0
07-07 11:31:36.211 D/        (    0): [  669.442624@0]- the vdec            clock off, ref cnt: 0
07-07 11:31:36.211 D/        (    0): [  669.442628@0]- the parser_top      clock off, ref cnt: 1
07-07 11:31:36.211 D/        (    0): [  669.442632@0]- the demux           clock off, ref cnt: 1
07-07 11:31:36.211 D/        (    0): [  669.442705@0]- the demux           clock on, ref cnt: 2
07-07 11:31:36.211 D/        (    0): [  669.442711@0]- the parser_top      clock on, ref cnt: 2
07-07 11:31:36.211 D/        (    0): [  669.442718@0]- the vdec            clock on, ref cnt: 1
07-07 11:31:36.211 D/        (    0): [  669.442745@0]- the clk_hevc_mux    clock on, ref cnt: 1
07-07 11:31:36.211 D/        (    0): [  669.442753@0]- the clk_hevcb_mux   clock on, ref cnt: 1
07-07 11:31:36.211 D/        (    0): [  669.442787@0]- hevc mux clock is 499999992 Hz
07-07 11:31:36.211 D/        (    0): [  669.442803@0]- hevc back mux clock is 499999992 Hz
07-07 11:31:36.211 D/        (    0): [  669.442896@0]- vdec_create instance 00000000876506b2, total 1, PM: legacy
07-07 11:31:36.211 D/        (    0): [  669.442938@0]- no drmmode
07-07 11:31:36.211 I/        (    0): [  669.442977@0]- is_reset=1
07-07 11:31:36.211 I/        (    0): [  669.443003@0]- vdec_init, dev_name:ammvdec_h265, vdec_type=VDEC_TYPE_FRAME_BLOCK  id = 0
07-07 11:31:36.220 D/[  669.443822@0]- [0]pdata->config=hevc_buf_width(    0): 1920;hevc_buf_height:1088;hevc_buf_margin:0;hevc_double_write_mode:16;save_buffer_mode:0;
07-07 11:31:36.220 D/        (    0): [  669.443856@0]- decoder_bmmu_box_alloc_box, tvp_flags = 0
07-07 11:31:36.220 D/        (    0): [  669.444601@1]- [0]dynamic_buf_num_margin=9
07-07 11:31:36.220 D/        (    0): [  669.444609@1]- [0]double_write_mode=16
07-07 11:31:36.223 D/[  669.444620@1]- [0]h265(    0): pts_unstable=0
07-07 11:31:36.224 D/[  669.444626@1]- [0]h265(    0): ver (201602101,0) decinfo: 0x0 rate=3600
07-07 11:31:36.224 I/        (    0): [  669.445401@3]- [TEE], the fw (hevc_mmu) will be loaded.
07-07 11:31:36.224 D/        (    0): [  669.445449@3]- hevc mux clock is 666666656 Hz
07-07 11:31:36.224 D/        (    0): [  669.445464@3]- hevc back mux clock is 666666656 Hz
07-07 11:31:36.224 D/        (    0): [  669.445469@3]- hevc video changed to 3840 x 2160 60 fps clk->667MHZ
07-07 11:31:36.224 D/        (    0): [  669.445512@3]- vfm map vdec-map-0 created
07-07 11:31:36.224 I/[  669.445531@3]- reg(    0): ionvideo
07-07 11:31:36.225 D/        (    0): [  669.445536@3]- vdec_init, vf_provider_name = vdec.h265.00, b 0
07-07 11:31:36.225 I/        (    0): [  669.446327@3]- vdec->port_flag=0x102, port_flag=0x10b
07-07 11:31:36.225 I/        (    0): [  669.446425@3]- is_reset=0
07-07 11:31:36.249 I/        (    0): [  669.475648@2]- is_reset=1
07-07 11:31:36.251 I/[  669.476068@2]- vframe_rate_uevent(    0): sent uevent FRAME_RATE_HINT=0
07-07 11:31:36.251 I/[  669.478934@1]- unreg(    0): ionvideo
07-07 11:31:36.251 D/        (    0): [  669.478960@1]- vdec_disable_DMC input->target= 0x1
07-07 11:31:36.251 D/        (    0): [  669.479848@1]- vdec_release instance 00000000876506b2, total 1 id = 0
07-07 11:31:36.251 D/        (    0): [  669.480008@1]- the clk_hevc_mux    clock off, ref cnt: 0
07-07 11:31:36.251 D/        (    0): [  669.480014@1]- the clk_hevcb_mux   clock off, ref cnt: 0
07-07 11:31:36.251 D/        (    0): [  669.480023@1]- the vdec            clock off, ref cnt: 0
07-07 11:31:36.251 D/        (    0): [  669.480027@1]- the parser_top      clock off, ref cnt: 1
07-07 11:31:36.251 D/        (    0): [  669.480031@1]- the demux           clock off, ref cnt: 1
07-07 11:31:36.251 D/        (    0): [  669.480072@1]- the demux           clock on, ref cnt: 2
07-07 11:31:36.251 D/        (    0): [  669.480077@1]- the parser_top      clock on, ref cnt: 2
07-07 11:31:36.251 D/        (    0): [  669.480083@1]- the vdec            clock on, ref cnt: 1
07-07 11:31:36.251 D/        (    0): [  669.480103@1]- the clk_hevc_mux    clock on, ref cnt: 1
07-07 11:31:36.251 D/        (    0): [  669.480107@1]- the clk_hevcb_mux   clock on, ref cnt: 1
07-07 11:31:36.251 D/        (    0): [  669.480139@1]- hevc mux clock is 499999992 Hz
07-07 11:31:36.251 D/        (    0): [  669.480155@1]- hevc back mux clock is 499999992 Hz
07-07 11:31:36.251 D/        (    0): [  669.480272@1]- vdec_create instance 00000000ed8d52e9, total 1, PM: legacy
07-07 11:31:36.251 D/        (    0): [  669.480317@1]- no drmmode
07-07 11:31:36.251 I/        (    0): [  669.480350@1]- is_reset=1
07-07 11:31:36.251 I/        (    0): [  669.480376@1]- vdec_init, dev_name:ammvdec_h265, vdec_type=VDEC_TYPE_FRAME_BLOCK  id = 0
07-07 11:31:36.251 D/[  669.480972@1]- [0]pdata->config=hevc_buf_width(    0): 1920;hevc_buf_height:1088;hevc_buf_margin:0;hevc_double_write_mode:16;save_buffer_mode:0;
07-07 11:31:36.251 D/        (    0): [  669.481005@1]- decoder_bmmu_box_alloc_box, tvp_flags = 0
07-07 11:31:36.251 D/        (    0): [  669.481761@1]- [0]dynamic_buf_num_margin=9
07-07 11:31:36.254 D/        (    0): [  669.481768@1]- [0]double_write_mode=16
07-07 11:31:36.254 D/[  669.481778@1]- [0]h265(    0): pts_unstable=0
07-07 11:31:36.254 D/[  669.481784@1]- [0]h265(    0): ver (201602101,0) decinfo: 0x0 rate=3600
07-07 11:31:36.254 I/        (    0): [  669.482533@1]- [TEE], the fw (hevc_mmu) will be loaded.
07-07 11:31:36.255 D/        (    0): [  669.482583@1]- hevc mux clock is 666666656 Hz
07-07 11:31:36.255 D/        (    0): [  669.482600@1]- hevc back mux clock is 666666656 Hz
07-07 11:31:36.255 D/        (    0): [  669.482605@1]- hevc video changed to 3840 x 2160 60 fps clk->667MHZ
07-07 11:31:36.255 D/        (    0): [  669.482655@1]- vfm map vdec-map-0 created
07-07 11:31:36.255 I/[  669.482675@1]- reg(    0): ionvideo
07-07 11:31:36.255 D/        (    0): [  669.482680@1]- vdec_init, vf_provider_name = vdec.h265.00, b 0
07-07 11:31:36.255 I/        (    0): [  669.483311@1]- vdec->port_flag=0x102, port_flag=0x10b
07-07 11:31:36.255 I/        (    0): [  669.483432@1]- is_reset=0
07-07 11:31:36.276 I/[  669.503065@1]- vframe_rate_uevent(    0): sent uevent FRAME_RATE_HINT=0
07-07 11:31:36.282 I/[  669.511458@1]- unreg(    0): ionvideo
07-07 11:31:36.283 D/        (    0): [  669.511489@1]- vdec_disable_DMC input->target= 0x1
07-07 11:31:36.283 D/        (    0): [  669.512144@1]- vdec_release instance 00000000ed8d52e9, total 1 id = 0
07-07 11:31:36.283 D/        (    0): [  669.512310@1]- the clk_hevc_mux    clock off, ref cnt: 0
07-07 11:31:36.283 D/        (    0): [  669.512317@1]- the clk_hevcb_mux   clock off, ref cnt: 0
07-07 11:31:36.283 D/        (    0): [  669.512327@1]- the vdec            clock off, ref cnt: 0
07-07 11:31:36.283 D/        (    0): [  669.512331@1]- the parser_top      clock off, ref cnt: 1
07-07 11:31:36.283 D/        (    0): [  669.512334@1]- the demux           clock off, ref cnt: 1
07-07 11:31:36.283 I/[  669.512365@1]- 00000000e0124d73(    0): free ion_id:0, priv_data:0
07-07 11:31:36.283 D/        (    0): [  669.512370@1]d ionvideo_release_map 0 OK
07-07 11:31:36.295 D/[  669.522666@3]- ionvid(    0): dbg: vidioc_close!!!!
07-07 11:31:36.295 D/[  669.522704@3]- ionvid(    0): dbg: vidioc_close
07-07 11:31:36.295 I/[  669.523845@3]- resman(    0): 34 release [codec_mm]
07-07 11:31:36.409 D/INSETS  ( 3839): else - Package Name ::  left : 0 right :: 0 top :: 0 bottom :: 0 dfu-right :: 1920 dfu-bottom :: 1080
07-07 11:31:36.428 I/[  669.659173@0]- vc(    0): [0]vc: set enable index=0, val=0
07-07 11:31:36.428 I/[  669.659205@0]- VID(    0): store VD0 path_id changed 2->-1
07-07 11:31:36.428 I/        (    0): [  669.659211@0]- dev->index =0, val=1
07-07 11:31:36.428 I/[  669.659217@0]- VID(    0): VD1 off
07-07 11:31:36.428 I/[  669.659223@0]- VID(    0): VD1 set global output as 0
07-07 11:31:36.428 I/        (    0): [  669.659259@0]- common_vf_unreg_provider video_render.0: vd1 used: true, vd2 used: false, black_out:0, cur_buf:000000003c5e34d2
07-07 11:31:36.940 D/INSETS  ( 3839): else - Package Name ::  left : 0 right :: 0 top :: 0 bottom :: 0 dfu-right :: 1920 dfu-bottom :: 1080
07-07 11:31:37.734 I/[  670.965700@2]- resman(    0): 35 appname:OMX-32, type=0
07-07 11:31:37.807 I/[  671.036908@3]- resman(    0): 35 acquire [codec_mm], preempt yes
07-07 11:31:37.809 I/[  671.036919@3]- resman(    0): 35 score 60 secure no
07-07 11:31:37.809 I/[  671.036924@3]- resman(    0): 35 acquire [codec_mm] success
07-07 11:31:37.809 D/        (    0): [  671.036953@3]- the demux           clock on, ref cnt: 2
07-07 11:31:37.809 D/        (    0): [  671.036961@3]- the parser_top      clock on, ref cnt: 2
07-07 11:31:37.809 D/        (    0): [  671.036972@3]- the vdec            clock on, ref cnt: 1
07-07 11:31:37.809 D/        (    0): [  671.036995@3]- the clk_vdec_mux    clock on, ref cnt: 1
07-07 11:31:37.809 D/        (    0): [  671.037027@3]- vdec mux clock is 499999992 Hz
07-07 11:31:37.809 D/        (    0): [  671.037206@3]- vdec_create instance 00000000311858f4, total 1, PM: legacy
07-07 11:31:37.809 D/        (    0): [  671.037243@3]- no drmmode
07-07 11:31:37.809 I/        (    0): [  671.037272@3]- is_reset=0
07-07 11:31:37.809 I/        (    0): [  671.037292@3]- vdec_init, dev_name:ammvdec_h264, vdec_type=VDEC_TYPE_FRAME_BLOCK  id = 0
07-07 11:31:37.809 D/        (    0): [  671.038444@3]- ammvdec_h264_mmu_init tvp = 0x0 mmu_enable 0
07-07 11:31:37.809 D/        (    0): [  671.038616@3]- decoder_bmmu_box_alloc_box, tvp_flags = 0
07-07 11:31:37.809 D/[  671.038653@3]- 0(    0): ammvdec_h264_probe mmu_enable 0 double_write_mode 0x10
07-07 11:31:37.809 D/[  671.040277@0]- 0(    0): ammvdec_h264 mem-addr=0,buff_offset=56c10000,buf_start=56c00000
07-07 11:31:37.809 D/        (    0): [  671.040318@0]- vdec mux clock is 666666656 Hz
07-07 11:31:37.809 D/        (    0): [  671.040323@0]- vdec1 video changed to 3840 x 2160 60 fps clk->667MHZ
07-07 11:31:37.809 W/        (    0): [  671.040329@0]- H264 sysinfo: 1920x1080 duration=3840, pts_outside=1
07-07 11:31:37.809 D/        (    0): [  671.040333@0]- sync_outside=0, use_idr_framerate=0, is_used_v4l: 0
07-07 11:31:37.809 I/        (    0): [  671.040447@0]- [TEE], the fw (h264_multi) will be loaded.
07-07 11:31:37.812 D/        (    0): [  671.041318@0]- vh264_init, phy_addr=7446e000 vaddr=00000000f9545870
07-07 11:31:37.812 D/        (    0): [  671.041707@3]- vfm map vdec-map-0 created
07-07 11:31:37.815 I/[  671.041728@3]- dim(    0): ch[1]:di_receiver_event_fun,8:_REG
07-07 11:31:37.815 I/[  671.041734@3]- dim(    0): reg:vdec.h264.00[23]
07-07 11:31:37.815 I/[  671.042332@1]- dim(    0): reg:use[1]ms
07-07 11:31:37.815 E/[  671.042357@1]- reg(    0): v4lvideo
07-07 11:31:37.815 I/[  671.042365@1]- dim(    0): ch[1]:di_receiver_event_fun,3:_START
07-07 11:31:37.815 D/        (    0): [  671.042372@1]- vdec_init, vf_provider_name = vdec.h264.00, b 0
07-07 11:31:37.815 I/        (    0): [  671.043241@1]- vdec->port_flag=0x102, port_flag=0x10b
07-07 11:31:37.816 D/[  671.046208@1]- v4lvid(    0): dbg: v4lvideo open
07-07 11:31:37.874 D/[  671.104523@3]- 0(    0): AV_SCRATCH_1 = 841fe078, AV_SCRATCH_2 1a077
07-07 11:31:37.875 D/[  671.104580@3]- 0(    0): chroma_format_idc = 1 frame_mbs_only_flag 1, crop_bottom 8,  frame_height 1080,
07-07 11:31:37.875 D/[  671.104585@3]- 0(    0): mb_height 68,crop_right 0, frame_width 1920, mb_width 120
07-07 11:31:37.875 D/[  671.104590@3]- 0(    0): level_idc = 40 pic_size = 3133440 size = 4
07-07 11:31:37.875 D/[  671.104595@3]- 0(    0): mb height/widht/total: 44/78/1fe0 level_idc 28 max_ref_num 4
07-07 11:31:37.875 D/[  671.104601@3]- 0(    0): restriction_flag=1, max_dec_frame_buffering=4, dec_dpb_size=6 num_reorder_frames 2 used_reorder_dpb_size_margin 9
07-07 11:31:37.875 D/[  671.104606@3]- 0(    0): vh264_set_params active_buf_spec_num 15 dec_dpb_size 6 collocate_buf_num 8
07-07 11:31:37.906 D/[  671.136420@3]- 0(    0): num_ref_frames change from 0 to 4
07-07 11:31:37.912 I/[  671.143836@1]- dim(    0): value reg:ch[1]:fix_buf:0;ponly <0,0>
07-07 11:31:37.975 I/[  671.143860@1]- dim(    0): di_cnt_i_buf1:tvp:0
07-07 11:31:37.989 I/[  671.144292@3]- v4lvideo(    0): provider name: vdec.h264.00
07-07 11:31:37.989 D/[  671.169862@1]- dimh_patch_post_update_mc_sw(    0): 0x0->0x2
07-07 11:31:37.989 D/        (    0): [  671.169956@3]- cal_dur_from_pts vstatus 3840 dur3600 -> 3840, revised 3840
07-07 11:31:37.989 I/[  671.169986@1]- dim(    0): ch[1]:reg:mem cfg[8][5][3]
07-07 11:31:37.989 I/[  671.170048@1]- dim(    0): pre cfg:ch[1]:371072ms 1th source change:
07-07 11:31:37.989 I/[  671.170053@1]- dim(    0): source change:0x0/0/0/0=>0x8009/1920/1080/0
07-07 11:31:37.989 D/[  671.170071@1]- dimh_patch_post_update_mc_sw(    0): 0x2->0x3
07-07 11:31:37.989 I/[  671.170188@3]- vframe_rate_uevent(    0): sent uevent FRAME_RATE_HINT=3840
07-07 11:31:38.048 I/[  671.278578@1]- VID(    0): VD1 off
07-07 11:31:38.049 I/[  671.278864@1]- vc(    0): [0]vc: set enable index=0, val=1
07-07 11:31:38.049 I/        (    0): [  671.278894@1]- dev->index =0, val=2
07-07 11:31:38.049 I/[  671.278901@1]- VID(    0): VD1 off
07-07 11:31:38.049 I/[  671.278909@1]- VID(    0): VD1 set global output as 1
07-07 11:31:38.049 I/[  671.278952@1]- VID(    0): store VD0 path_id changed -1->2
07-07 11:31:38.049 I/[  671.278976@1]- vc(    0): [0]sideband_type =-1
07-07 11:31:41.839 I/UsageStatsService( 3839): User[0] Flushing usage stats to disk
07-07 11:31:43.418 W/[  676.649587@2]- RTW(    0): fill_default_txdesc(wlan0): SP Packet(0x0806) rate=0x4 SeqNum = 971
07-07 11:31:47.442 W/[  680.671944@1]- RTW(    0): Turbo EDCA =0x5ea42b
07-07 11:31:49.457 W/[  682.686849@0]- RTW(    0): Turbo EDCA =0x431c
07-07 11:31:51.473 W/[  684.703078@1]- RTW(    0): Turbo EDCA =0x5ea42b
07-07 11:31:53.490 W/[  686.718843@2]- RTW(    0): Turbo EDCA =0x431c
07-07 11:31:55.506 W/[  688.734989@2]- RTW(    0): Turbo EDCA =0x5ea42b
07-07 11:31:57.522 W/[  690.750762@2]- RTW(    0): Turbo EDCA =0x431c
07-07 11:31:58.546 W/        (    0): [  691.777026@1]- [0] H264 EOS notify.
07-07 11:31:59.115 E/[  692.344396@3]- init(    0): Unable to set property 'audio.passthrough.enable' from uid:1041 gid:1005 pid:3667: SELinux permission check failed
07-07 11:31:59.222 D/[  692.451012@2]- audio_ddr_mngr(    0): frddr_set_sharebuffer_enable share lvl: 1, dst_src: 3
07-07 11:31:59.223 I/[  692.452080@1]- audio_ddr_mngr(    0): frddrs[1] registered by device ff642000.audiobus:spdif
07-07 11:31:59.223 I/        (    0): [  692.452176@1]- hdmitx_notify_callback_a[5686] audio prepare
07-07 11:31:59.223 I/        (    0): [  692.452181@1]- aml_dai_spdif_hw_params, 1539
07-07 11:31:59.223 D/        (    0): [  692.452187@1]- set 4x audio clk for 958
07-07 11:31:59.223 D/        (    0): [  692.452215@1]- 	 set spdifout clk:24576000, mpll:98304000
07-07 11:31:59.223 D/        (    0): [  692.452219@1]- 	 get spdifout clk:24575951, mpll:98303801
07-07 11:31:59.223 I/        (    0): [  692.452827@1]- asoc-aml-card auge_sound: TDM[1] Playback stop
07-07 11:31:59.223 D/        (    0): [  692.453131@0]- tdm playback mute: 0, lane_cnt = 4
07-07 11:31:59.223 I/        (    0): [  692.453169@0]- asoc-aml-card auge_sound: TDM[1] Playback enable
07-07 11:31:59.223 D/[  692.453479@0]- iec_info(    0): rate: 48000, codec_type:0x4, channel status L:0xe001902, R:0xe001902
07-07 11:31:59.223 I/        (    0): [  692.453488@0]- aml_dai_spdif_prepare, 1360
07-07 11:31:59.223 I/        (    0): [  692.453496@0]- hdmitx_notify_callback_a[5692] type:10 rate:3 size:1 chs:2 i2s_ch_mask:0 aud_src_if:0
07-07 11:31:59.223 I/        (    0): [  692.453500@0]- hdmitx_set_i2s_mask[5647] ch_num 2 ch_msk 0
07-07 11:31:59.223 I/        (    0): [  692.453503@0]- err chn msk, must larger than 0
07-07 11:31:59.224 I/[  692.453507@0]- audio(    0): aout notify format CT_DOLBY_D
07-07 11:31:59.224 I/[  692.453524@0]- hdmitx(    0): fs = 3, cd = 5, tmds_clk = 296703
07-07 11:31:59.224 I/[  692.453532@0]- hdmitx(    0): update audio N 23296
07-07 11:31:59.224 I/[  692.453539@0]- hdmitx(    0): hw: set channel status
07-07 11:31:59.227 I/[  692.456625@0]- audio(    0): set audio param
07-07 11:31:59.227 D/        (    0): [  692.456641@0]- aml_spdif_fifo_ctrl, bit depth:16, frddr type:1, toddr:type:1
07-07 11:31:59.227 I/        (    0): [  692.457385@0]- asoc-aml-card auge_sound: S/PDIF[0] Playback enable
07-07 11:31:59.321 I/        (    0): [  692.552128@2]- is_reset=1
07-07 11:31:59.323 I/[  692.552968@2]- vframe_rate_uevent(    0): sent uevent FRAME_RATE_HINT=0
07-07 11:31:59.324 I/[  692.554512@2]- dim(    0): ch[1]:di_receiver_event_fun,1:_UNREG
07-07 11:31:59.324 E/[  692.554525@2]- unreg(    0): v4lvideo
07-07 11:31:59.343 I/[  692.570569@1]- dim(    0): unreg:2keep[4], msk:[0x14900,0x0]
07-07 11:31:59.343 D/[  692.570587@1]- dimh_patch_post_update_mc_sw(    0): 0x3->0x0
07-07 11:31:59.350 I/[  692.581256@0]- dim(    0): unreg:use[27]ms
07-07 11:31:59.350 D/        (    0): [  692.581286@0]- vdec_disable_DMC input->target= 0x0
07-07 11:31:59.350 D/[  692.581416@0]- 0(    0): vh264_stop
07-07 11:31:59.354 D/        (    0): [  692.584681@0]- vdec_release instance 00000000311858f4, total 1 id = 0
07-07 11:31:59.355 D/        (    0): [  692.584901@0]- the clk_vdec_mux    clock off, ref cnt: 0
07-07 11:31:59.355 D/        (    0): [  692.584911@0]- the vdec            clock off, ref cnt: 0
07-07 11:31:59.355 D/        (    0): [  692.584916@0]- the parser_top      clock off, ref cnt: 1
07-07 11:31:59.355 D/        (    0): [  692.584920@0]- the demux           clock off, ref cnt: 1
07-07 11:31:59.355 D/        (    0): [  692.585031@0]- the demux           clock on, ref cnt: 2
07-07 11:31:59.355 D/        (    0): [  692.585036@0]- the parser_top      clock on, ref cnt: 2
07-07 11:31:59.355 D/        (    0): [  692.585053@0]- the vdec            clock on, ref cnt: 1
07-07 11:31:59.355 D/        (    0): [  692.585072@0]- the clk_vdec_mux    clock on, ref cnt: 1
07-07 11:31:59.355 D/        (    0): [  692.585104@0]- vdec mux clock is 499999992 Hz
07-07 11:31:59.355 D/        (    0): [  692.585256@0]- vdec_create instance 0000000001543c3a, total 1, PM: legacy
07-07 11:31:59.355 D/        (    0): [  692.585296@0]- no drmmode
07-07 11:31:59.355 I/        (    0): [  692.585356@0]- is_reset=1
07-07 11:31:59.355 I/        (    0): [  692.585382@0]- vdec_init, dev_name:ammvdec_h264, vdec_type=VDEC_TYPE_FRAME_BLOCK  id = 0
07-07 11:31:59.355 D/        (    0): [  692.586176@0]- ammvdec_h264_mmu_init tvp = 0x0 mmu_enable 0
07-07 11:31:59.355 D/        (    0): [  692.586183@0]- decoder_bmmu_box_alloc_box, tvp_flags = 0
07-07 11:31:59.355 D/[  692.586200@0]- 0(    0): ammvdec_h264_probe mmu_enable 0 double_write_mode 0x10
07-07 11:31:59.360 D/[  692.587594@0]- 0(    0): ammvdec_h264 mem-addr=0,buff_offset=56c10000,buf_start=56c00000
07-07 11:31:59.363 D/        (    0): [  692.587638@0]- vdec mux clock is 666666656 Hz
07-07 11:31:59.363 D/        (    0): [  692.587643@0]- vdec1 video changed to 3840 x 2160 60 fps clk->667MHZ
07-07 11:31:59.363 W/        (    0): [  692.587649@0]- H264 sysinfo: 1920x1080 duration=3840, pts_outside=1
07-07 11:31:59.363 D/        (    0): [  692.587653@0]- sync_outside=0, use_idr_framerate=0, is_used_v4l: 0
07-07 11:31:59.363 I/        (    0): [  692.587824@0]- [TEE], the fw (h264_multi) will be loaded.
07-07 11:31:59.363 D/        (    0): [  692.591679@2]- vh264_init, phy_addr=7446e000 vaddr=00000000015e77d4
07-07 11:31:59.365 D/        (    0): [  692.592674@2]- vfm map vdec-map-0 created
07-07 11:31:59.365 I/[  692.592696@2]- dim(    0): ch[1]:di_receiver_event_fun,8:_REG
07-07 11:31:59.365 I/[  692.592701@2]- dim(    0): reg:vdec.h264.00[24]
07-07 11:31:59.365 I/[  692.593979@2]- dim(    0): reg:use[1]ms
07-07 11:31:59.365 E/[  692.594007@2]- reg(    0): v4lvideo
07-07 11:31:59.365 I/[  692.594016@2]- dim(    0): ch[1]:di_receiver_event_fun,3:_START
07-07 11:31:59.365 D/        (    0): [  692.594022@2]- vdec_init, vf_provider_name = vdec.h264.00, b 0
07-07 11:31:59.365 I/        (    0): [  692.595673@1]- vdec->port_flag=0x102, port_flag=0x10b
07-07 11:31:59.365 I/        (    0): [  692.596193@1]- is_reset=0
07-07 11:31:59.376 I/[  692.603612@2]- vframe_rate_uevent(    0): sent uevent FRAME_RATE_HINT=0
07-07 11:31:59.376 I/[  692.603669@1]- dim(    0): ch[1]:di_receiver_event_fun,1:_UNREG
07-07 11:31:59.376 E/[  692.603681@1]- unreg(    0): v4lvideo
07-07 11:31:59.376 I/[  692.603741@1]- dim(    0): unreg:use[0]ms
07-07 11:31:59.376 D/        (    0): [  692.603761@1]- vdec_disable_DMC input->target= 0x0
07-07 11:31:59.376 D/[  692.603881@1]- 0(    0): vh264_stop
07-07 11:31:59.376 D/        (    0): [  692.604347@1]- vdec_release instance 0000000001543c3a, total 1 id = 0
07-07 11:31:59.377 D/        (    0): [  692.604550@1]- the clk_vdec_mux    clock off, ref cnt: 0
07-07 11:31:59.377 D/        (    0): [  692.604561@1]- the vdec            clock off, ref cnt: 0
07-07 11:31:59.377 D/        (    0): [  692.604565@1]- the parser_top      clock off, ref cnt: 1
07-07 11:31:59.377 D/        (    0): [  692.604569@1]- the demux           clock off, ref cnt: 1
07-07 11:31:59.377 D/        (    0): [  692.604597@1]d v4lvideo_release_map 0 OK
07-07 11:31:59.377 D/[  692.604708@1]- v4lvid(    0): dbg: vidioc_close!!!!
07-07 11:31:59.378 I/[  692.605950@1]- resman(    0): 35 release [codec_mm]
07-07 11:31:59.384 I/        (    0): [  692.613475@3]- asoc-aml-card auge_sound: TDM[1] Playback stop
07-07 11:31:59.384 I/        (    0): [  692.613549@3]- asoc-aml-card auge_sound: S/PDIF[0] Playback disable
07-07 11:31:59.384 D/        (    0): [  692.614157@2]- tdm playback mute: 0, lane_cnt = 4
07-07 11:31:59.385 D/[  692.614276@2]- iec_info(    0): rate: 48000, codec_type:0x4, channel status L:0xe001902, R:0xe001902
07-07 11:31:59.385 I/        (    0): [  692.614285@2]- aml_dai_spdif_prepare, 1360
07-07 11:31:59.385 I/        (    0): [  692.614292@2]- hdmitx_notify_callback_a[5692] type:10 rate:3 size:1 chs:2 i2s_ch_mask:0 aud_src_if:0
07-07 11:31:59.385 I/        (    0): [  692.614296@2]- hdmitx_set_i2s_mask[5647] ch_num 2 ch_msk 0
07-07 11:31:59.385 I/        (    0): [  692.614300@2]- err chn msk, must larger than 0
07-07 11:31:59.385 D/        (    0): [  692.614306@2]- aml_spdif_fifo_ctrl, bit depth:16, frddr type:1, toddr:type:1
07-07 11:31:59.399 I/        (    0): [  692.628338@1]- aml_dai_spdif_shutdown, 1287
07-07 11:31:59.399 I/        (    0): [  692.628355@1]- hdmitx_notify_callback_a[5686] audio prepare
07-07 11:31:59.399 D/        (    0): [  692.628360@1]- set 4x audio clk for 958
07-07 11:31:59.399 D/        (    0): [  692.628390@1]- 	 set spdifout clk:24576000, mpll:98304000
07-07 11:31:59.399 D/        (    0): [  692.628395@1]- 	 get spdifout clk:24575951, mpll:98303801
07-07 11:31:59.399 I/        (    0): [  692.628400@1]- hdmitx_notify_callback_a[5692] type:1 rate:3 size:1 chs:2 i2s_ch_mask:1 aud_src_if:0
07-07 11:31:59.400 I/        (    0): [  692.628404@1]- hdmitx_set_i2s_mask[5647] ch_num 2 ch_msk 1
07-07 11:31:59.400 I/[  692.628408@1]- audio(    0): aout notify format CT_PCM
07-07 11:31:59.400 I/[  692.628424@1]- hdmitx(    0): fs = 3, cd = 5, tmds_clk = 296703
07-07 11:31:59.400 I/[  692.628432@1]- hdmitx(    0): update audio N 5824
07-07 11:31:59.400 I/[  692.628439@1]- hdmitx(    0): hw: set channel status
07-07 11:31:59.400 I/[  692.631523@3]- audio(    0): set audio param
07-07 11:31:59.400 I/        (    0): [  692.631532@3]- spdif_a keep clk continuous
07-07 11:31:59.400 I/[  692.631649@3]- audio_ddr_mngr(    0): frddrs[1] released by device ff642000.audiobus:spdif
07-07 11:31:59.411 E/[  692.640770@2]- init(    0): Unable to set property 'audio.passthrough.enable' from uid:1041 gid:1005 pid:3667: SELinux permission check failed
07-07 11:31:59.421 D/        (    0): [  692.651671@2]- ss_prepare() 246, lvl 1
07-07 11:31:59.422 D/        (    0): [  692.651683@2]- spdif_a fifo ctrl, frddr:0 type:1, 16 bits, chmask 0x3, swap 0x10
07-07 11:31:59.422 D/[  692.651692@2]- iec_info(    0): rate: 48000, codec_type:0x0, channel status L:0x2000100, R:0x2000100
07-07 11:31:59.423 I/        (    0): [  692.651700@2]- hdmitx_notify_callback_a[5692] type:1 rate:3 size:1 chs:2 i2s_ch_mask:1 aud_src_if:0
07-07 11:31:59.423 I/        (    0): [  692.651704@2]- hdmitx_set_i2s_mask[5647] ch_num 2 ch_msk 1
07-07 11:31:59.423 D/[  692.651711@2]- audio_ddr_mngr(    0): frddr_set_sharebuffer_enable share lvl: 1, dst_src: 3
07-07 11:31:59.423 D/        (    0): [  692.653130@2]- tdm playback mute: 0, lane_cnt = 4
07-07 11:31:59.446 I/        (    0): [  692.675565@2]- asoc-aml-card auge_sound: TDM[1] Playback enable
07-07 11:31:59.446 D/        (    0): [  692.675577@2]- ss_trigger() ss 3
07-07 11:31:59.447 D/        (    0): [  692.675582@2]- spdif_a is set to enable
07-07 11:31:59.447 D/        (    0): [  692.675694@2]- ss_mute() 364, mute 0, id 0
07-07 11:31:59.542 I/[  692.772689@2]- resman(    0): 36 appname:OMX-33, type=0
07-07 11:31:59.542 W/[  692.773119@3]- RTW(    0): Turbo EDCA =0x5ea42b
07-07 11:31:59.594 I/[  692.823486@1]- resman(    0): 36 acquire [codec_mm], preempt yes
07-07 11:31:59.594 I/[  692.823497@1]- resman(    0): 36 score 160 secure yes
07-07 11:31:59.594 I/[  692.823502@1]- resman(    0): 36 acquire [codec_mm] success
07-07 11:31:59.594 I/[  692.825731@1]- resman(    0): 38 appname:secmem, type=3
07-07 11:31:59.597 I/[  692.828209@3]- resman(    0): 38 acquire [tvp], preempt yes
07-07 11:31:59.603 I/        (    0): [  692.832031@2]- protect tvp 0 5 ret 0 56c00000 3540000
07-07 11:31:59.603 I/        (    0): [  692.832039@2]- enable tvp for 1
07-07 11:31:59.603 I/        (    0): [  692.832043@2]- tvp_user_count is 1
07-07 11:31:59.603 I/[  692.832050@2]- resman(    0): 38 acquire [tvp] success
07-07 11:31:59.618 W/[  692.849822@2]- audit(    0): audit_lost=1329 audit_rate_limit=5 audit_backlog_limit=64
07-07 11:31:59.618 E/[  692.849830@2]- audit(    0): rate limit exceeded
07-07 11:31:59.642 D/        (    0): [  692.871788@0]- the demux           clock on, ref cnt: 2
07-07 11:31:59.642 D/        (    0): [  692.871797@0]- the parser_top      clock on, ref cnt: 2
07-07 11:31:59.642 D/        (    0): [  692.871806@0]- the vdec            clock on, ref cnt: 1
07-07 11:31:59.642 D/        (    0): [  692.871844@0]- the clk_hevc_mux    clock on, ref cnt: 1
07-07 11:31:59.642 D/        (    0): [  692.871849@0]- the clk_hevcb_mux   clock on, ref cnt: 1
07-07 11:31:59.642 D/        (    0): [  692.871880@0]- hevc mux clock is 499999992 Hz
07-07 11:31:59.642 D/        (    0): [  692.871904@0]- hevc back mux clock is 499999992 Hz
07-07 11:31:59.642 D/        (    0): [  692.872289@0]- vdec_create instance 00000000680721c7, total 1, PM: legacy
07-07 11:31:59.642 D/        (    0): [  692.872345@0]- set drmmode
07-07 11:31:59.642 I/        (    0): [  692.872369@0]- is_reset=0
07-07 11:31:59.642 I/        (    0): [  692.872397@0]- vdec_init, dev_name:ammvdec_h265, vdec_type=VDEC_TYPE_FRAME_BLOCK  id = 0
07-07 11:31:59.643 D/[  692.873081@0]- [0]pdata->config=hevc_buf_width(    0): 1920;hevc_buf_height:1088;hevc_buf_margin:0;hevc_double_write_mode:3;save_buffer_mode:0;
07-07 11:31:59.643 D/        (    0): [  692.874149@3]- decoder_bmmu_box_alloc_box, tvp_flags = 4
07-07 11:31:59.643 D/        (    0): [  692.874175@3]- [0]dynamic_buf_num_margin=9
07-07 11:31:59.643 D/        (    0): [  692.874179@3]- [0]double_write_mode=3
07-07 11:31:59.643 D/[  692.874189@3]- [0]h265(    0): pts_unstable=0
07-07 11:31:59.643 D/[  692.874195@3]- [0]h265(    0): ver (201602101,0) decinfo: 0x0 rate=3600
07-07 11:31:59.645 I/        (    0): [  692.876744@3]- [TEE], the fw (hevc_mmu) will be loaded.
07-07 11:31:59.646 D/        (    0): [  692.876796@3]- hevc mux clock is 666666656 Hz
07-07 11:31:59.646 D/        (    0): [  692.876812@3]- hevc back mux clock is 666666656 Hz
07-07 11:31:59.646 D/        (    0): [  692.876817@3]- hevc video changed to 3840 x 2160 60 fps clk->667MHZ
07-07 11:31:59.646 D/        (    0): [  692.876870@3]- vfm map vdec-map-0 created
07-07 11:31:59.646 I/[  692.877133@3]- dim(    0): ch[1]:di_receiver_event_fun,8:_REG
07-07 11:31:59.646 I/[  692.877139@3]- dim(    0): reg:vdec.h265.00[25]
07-07 11:31:59.646 I/[  692.877689@3]- dim(    0): reg:use[0]ms
07-07 11:31:59.646 E/[  692.877718@3]- reg(    0): v4lvideo
07-07 11:31:59.646 I/[  692.877726@3]- dim(    0): ch[1]:di_receiver_event_fun,3:_START
07-07 11:31:59.646 D/        (    0): [  692.877733@3]- vdec_init, vf_provider_name = vdec.h265.00, b 0
07-07 11:31:59.646 I/        (    0): [  692.877749@3]- vdec->port_flag=0x182, port_flag=0x18b
07-07 11:31:59.650 D/[  692.881879@3]- v4lvid(    0): dbg: v4lvideo open
07-07 11:31:59.681 D/        (    0): [  692.906793@0]- [0]vh265 cached=4096  need_size=6144 speed= 36 ms
07-07 11:31:59.681 D/        (    0): [  692.907366@1]- [0]hevc->performance_profile 0
07-07 11:31:59.681 D/        (    0): [  692.907379@1]- [0]set pic_list_init_flag 1
07-07 11:31:59.681 D/        (    0): [  692.908761@3]- [0]init_buf_spec2 1920 1080
07-07 11:31:59.681 D/        (    0): [  692.908769@3]- [0]set pic_list_init_flag to 2
07-07 11:31:59.681 D/        (    0): [  692.908799@1]- [0]set pic_list_init_flag to 3
07-07 11:31:59.682 D/        (    0): [  692.908804@1]- [vdec_kpi][vh265_isr_thread_fn] First I frame coming.
07-07 11:31:59.682 D/[  692.910909@1]- [0]VH265(    0): output first frame
07-07 11:31:59.682 D/        (    0): [  692.910931@1]- [vdec_kpi][post_video_frame] First I frame decoded.
07-07 11:31:59.682 I/[  692.910998@1]- dim(    0): value reg:ch[1]:fix_buf:0;ponly <0,0>
07-07 11:31:59.682 I/[  692.911008@1]- dim(    0): 480x270-0x509000.
07-07 11:31:59.685 I/[  692.914839@1]- v4lvideo(    0): provider name: vdec.h265.00
