07-07 11:40:22.335 D/        (    0): [ 1195.567067@1]- the vdec            clock on, ref cnt: 1
07-07 11:40:22.335 D/        (    0): [ 1195.567086@1]- the clk_hevc_mux    clock on, ref cnt: 1
07-07 11:40:22.335 D/        (    0): [ 1195.567091@1]- the clk_hevcb_mux   clock on, ref cnt: 1
07-07 11:40:22.335 D/        (    0): [ 1195.567121@1]- hevc mux clock is 499999992 Hz
07-07 11:40:22.335 D/        (    0): [ 1195.567136@1]- hevc back mux clock is 499999992 Hz
07-07 11:40:22.335 D/        (    0): [ 1195.567290@1]- vdec_create instance 0000000022798c48, total 1, PM: legacy
07-07 11:40:22.335 D/        (    0): [ 1195.567332@1]- set drmmode
07-07 11:40:22.335 I/        (    0): [ 1195.567362@1]- is_reset=1
07-07 11:40:22.335 I/        (    0): [ 1195.567386@1]- vdec_init, dev_name:ammvdec_h265, vdec_type=VDEC_TYPE_FRAME_BLOCK  id = 0
07-07 11:40:22.340 D/[ 1195.568066@1]- [0]pdata->config=hevc_buf_width(    0): 3840;hevc_buf_height:2160;hevc_buf_margin:7;hevc_double_write_mode:3;save_buffer_mode:0;
07-07 11:40:22.351 D/        (    0): [ 1195.568143@1]- decoder_bmmu_box_alloc_box, tvp_flags = 4
07-07 11:40:22.351 D/        (    0): [ 1195.568160@1]- [0]dynamic_buf_num_margin=9
07-07 11:40:22.351 D/        (    0): [ 1195.568164@1]- [0]double_write_mode=3
07-07 11:40:22.351 D/[ 1195.568171@1]- [0]h265(    0): pts_unstable=0
07-07 11:40:22.351 D/[ 1195.568177@1]- [0]h265(    0): ver (201602101,0) decinfo: 0x0 rate=3600
07-07 11:40:22.351 I/        (    0): [ 1195.568805@1]- [TEE], the fw (hevc_mmu) will be loaded.
07-07 11:40:22.351 D/        (    0): [ 1195.568849@1]- hevc mux clock is 666666656 Hz
07-07 11:40:22.351 D/        (    0): [ 1195.568864@1]- hevc back mux clock is 666666656 Hz
07-07 11:40:22.351 D/        (    0): [ 1195.568870@1]- hevc video changed to 3840 x 2160 60 fps clk->667MHZ
07-07 11:40:22.351 D/        (    0): [ 1195.568918@1]- vfm map vdec-map-0 created
07-07 11:40:22.351 I/[ 1195.568938@1]- dim(    0): ch[1]:di_receiver_event_fun,8:_REG
07-07 11:40:22.351 I/[ 1195.568943@1]- dim(    0): reg:vdec.h265.00[54]
07-07 11:40:22.351 I/[ 1195.569065@1]- dim(    0): reg:use[1]ms
07-07 11:40:22.351 E/[ 1195.569082@1]- reg(    0): v4lvideo
07-07 11:40:22.351 I/[ 1195.569089@1]- dim(    0): ch[1]:di_receiver_event_fun,3:_START
07-07 11:40:22.351 D/        (    0): [ 1195.569094@1]- vdec_init, vf_provider_name = vdec.h265.00, b 0
07-07 11:40:22.351 I/        (    0): [ 1195.569108@1]- vdec->port_flag=0x182, port_flag=0x18b
07-07 11:40:22.351 I/        (    0): [ 1195.569202@1]- is_reset=0
07-07 11:40:22.351 I/[ 1195.575419@2]- vframe_rate_uevent(    0): sent uevent FRAME_RATE_HINT=0
07-07 11:40:22.351 I/[ 1195.575553@2]- dim(    0): ch[1]:di_receiver_event_fun,1:_UNREG
07-07 11:40:22.351 E/[ 1195.575565@2]- unreg(    0): v4lvideo
07-07 11:40:22.351 I/[ 1195.576120@2]- dim(    0): unreg:use[1]ms
07-07 11:40:22.351 D/        (    0): [ 1195.576149@2]- vdec_disable_DMC input->target= 0x1
07-07 11:40:22.351 D/        (    0): [ 1195.576503@2]- vdec_release instance 0000000022798c48, total 1 id = 0
07-07 11:40:22.351 D/        (    0): [ 1195.576565@2]- the clk_hevc_mux    clock off, ref cnt: 0
07-07 11:40:22.351 D/        (    0): [ 1195.576571@2]- the clk_hevcb_mux   clock off, ref cnt: 0
07-07 11:40:22.351 D/        (    0): [ 1195.576580@2]- the vdec            clock off, ref cnt: 0
07-07 11:40:22.351 D/        (    0): [ 1195.576584@2]- the parser_top      clock off, ref cnt: 1
07-07 11:40:22.351 D/        (    0): [ 1195.576588@2]- the demux           clock off, ref cnt: 1
07-07 11:40:22.351 D/        (    0): [ 1195.576615@2]d v4lvideo_release_map 0 OK
07-07 11:40:22.381 E/[ 1195.612301@2]- Warn(    0): TVP pool will release later.
07-07 11:40:22.381 E/[ 1195.612309@2]- Warn(    0): TVP pool will release later.
07-07 11:40:22.381 I/        (    0): [ 1195.612315@2]- tvp_user_count is 0
07-07 11:40:22.381 I/[ 1195.612321@2]- resman(    0): 51 release [tvp]
07-07 11:40:22.386 D/[ 1195.614314@1]- v4lvid(    0): dbg: vidioc_close!!!!
07-07 11:40:22.386 I/[ 1195.615874@1]- resman(    0): 49 release [codec_mm]
07-07 11:40:22.386 I/[ 1195.617861@1]- vc(    0): [0]vc: set enable index=0, val=0
07-07 11:40:22.386 I/[ 1195.617882@1]- VID(    0): store VD0 path_id changed 2->-1
07-07 11:40:22.386 I/        (    0): [ 1195.617886@1]- dev->index =0, val=1
07-07 11:40:22.386 I/[ 1195.617890@1]- VID(    0): VD1 off
07-07 11:40:22.386 I/[ 1195.617896@1]- VID(    0): VD1 set global output as 0
07-07 11:40:22.386 I/        (    0): [ 1195.617913@1]- common_vf_unreg_provider video_render.0: vd1 used: true, vd2 used: false, black_out:0, cur_buf:000000003c5e34d2
07-07 11:40:22.398 I/[ 1195.627832@0]h hdmitx(    0): hdmitx_set_hdr10plus_pkt: null vsif
07-07 11:40:22.413 E/[ 1195.642605@0]- Warn(    0): TVP pool will release later.
07-07 11:40:22.414 E/[ 1195.642612@0]- Warn(    0): TVP pool will release later.
07-07 11:40:22.414 E/[ 1195.642622@0]- Warn(    0): TVP pool will release later.
07-07 11:40:22.414 E/[ 1195.642626@0]- Warn(    0): TVP pool will release later.
07-07 11:40:22.414 E/[ 1195.642635@0]- Warn(    0): TVP pool will release later.
07-07 11:40:22.414 I/        (    0): [ 1195.642649@0]- unprotect tvp 1 handle is 6
07-07 11:40:22.422 E/[ 1195.650594@0]- Warn(    0): TVP pool will release later.
07-07 11:40:22.468 E/[ 1195.698704@3]- Warn(    0): TVP pool will release later.
07-07 11:40:22.468 E/[ 1195.698722@3]- Warn(    0): TVP pool will release later.
07-07 11:40:22.468 E/[ 1195.698772@3]- Warn(    0): TVP pool will release later.
07-07 11:40:22.468 I/        (    0): [ 1195.698860@3]- unprotect tvp 0 handle is 5
07-07 11:40:22.471 I/        (    0): [ 1195.703429@3]- disalbe tvp
07-07 11:40:22.595 D/INSETS  ( 3839): else - Package Name ::  left : 0 right :: 0 top :: 0 bottom :: 0 dfu-right :: 1920 dfu-bottom :: 1080
07-07 11:40:23.538 W/[ 1196.767073@2]- RTW(    0): Turbo EDCA =0x5ea42b
07-07 11:40:23.743 D/AutofillManagerService( 3839): onBackKeyPressed()
07-07 11:40:23.895 W/ActivityManager( 3839): Receiver with filter android.content.IntentFilter@f45468 already registered for pid 17324, callerPackage is com.jiotv.sonyliv
07-07 11:40:24.067 D/INSETS  ( 3839): else - Package Name ::  left : 0 right :: 0 top :: 0 bottom :: 0 dfu-right :: 1920 dfu-bottom :: 1080
07-07 11:40:25.554 W/[ 1198.783876@1]- RTW(    0): Turbo EDCA =0x431c
07-07 11:40:25.682 D/AutofillManagerService( 3839): onBackKeyPressed()
07-07 11:40:27.432 D/INSETS  ( 3839): else - Package Name ::  left : 0 right :: 0 top :: 0 bottom :: 0 dfu-right :: 1920 dfu-bottom :: 1080
07-07 11:40:28.406 W/[ 1201.636669@1]- RTW(    0): fill_default_txdesc(wlan0): SP Packet(0x0806) rate=0x4 SeqNum = 1020
07-07 11:40:29.366 W/[ 1202.598216@2]- RTW(    0): fill_default_txdesc(wlan0): SP Packet(0x0806) rate=0x4 SeqNum = 1092
07-07 11:40:29.515 W/[ 1202.744899@0]- audit(    0): audit_lost=1463 audit_rate_limit=5 audit_backlog_limit=64
07-07 11:40:29.515 E/[ 1202.744907@0]- audit(    0): rate limit exceeded
07-07 11:40:29.586 W/[ 1202.814925@0]- RTW(    0): Turbo EDCA =0x5ea42b
07-07 11:40:30.167 I/UsageStatsService( 3839): User[0] Flushing usage stats to disk
07-07 11:40:32.714 W/[ 1205.945579@2]- RTW(    0): fill_default_txdesc(wlan0): SP Packet(0x0806) rate=0x4 SeqNum = 1433
07-07 11:40:34.882 W/[ 1208.113389@3]- healthd(    0): battery l=100 v=4 t=0.0 h=2 st=2 c=1100 fc=10000000 chg=u
07-07 11:40:35.631 W/[ 1208.862830@2]- RTW(    0): Turbo EDCA =0x431c
07-07 11:40:36.480 D/INSETS  ( 3839): else - Package Name ::  left : 0 right :: 0 top :: 0 bottom :: 0 dfu-right :: 1920 dfu-bottom :: 1080
07-07 11:40:37.438 I/[ 1210.667026@1]- resman(    0): 52 appname:OMX-43, type=0
07-07 11:40:37.519 I/[ 1210.737741@1]- resman(    0): 52 acquire [codec_mm], preempt yes
07-07 11:40:37.519 I/[ 1210.737751@1]- resman(    0): 52 score 236 secure yes
07-07 11:40:37.519 I/[ 1210.737756@1]- resman(    0): 52 acquire [codec_mm] success
07-07 11:40:37.519 I/[ 1210.738043@1]- resman(    0): 54 appname:secmem, type=3
07-07 11:40:37.546 I/[ 1210.739562@1]- resman(    0): 54 acquire [tvp], preempt yes
07-07 11:40:37.550 I/        (    0): [ 1210.780603@2]- protect tvp 0 5 ret 0 56c00000 4ea0000
07-07 11:40:37.550 I/        (    0): [ 1210.780611@2]- enable tvp for 2
07-07 11:40:37.551 I/        (    0): [ 1210.780615@2]- tvp_user_count is 1
07-07 11:40:37.551 I/[ 1210.780622@2]- resman(    0): 54 acquire [tvp] success
07-07 11:40:37.650 D/        (    0): [ 1210.878972@1]- the demux           clock on, ref cnt: 2
07-07 11:40:37.650 D/        (    0): [ 1210.878981@1]- the parser_top      clock on, ref cnt: 2
07-07 11:40:37.650 D/        (    0): [ 1210.878991@1]- the vdec            clock on, ref cnt: 1
07-07 11:40:37.650 D/        (    0): [ 1210.879014@1]- the clk_hevc_mux    clock on, ref cnt: 1
07-07 11:40:37.650 D/        (    0): [ 1210.879019@1]- the clk_hevcb_mux   clock on, ref cnt: 1
07-07 11:40:37.650 D/        (    0): [ 1210.879049@1]- hevc mux clock is 499999992 Hz
07-07 11:40:37.650 D/        (    0): [ 1210.879065@1]- hevc back mux clock is 499999992 Hz
07-07 11:40:37.650 D/        (    0): [ 1210.879160@1]- vdec_create instance 00000000237cc091, total 1, PM: legacy
07-07 11:40:37.650 D/        (    0): [ 1210.879194@1]- set drmmode
07-07 11:40:37.650 I/        (    0): [ 1210.879215@1]- is_reset=0
07-07 11:40:37.650 I/        (    0): [ 1210.879243@1]- vdec_init, dev_name:ammvdec_h265, vdec_type=VDEC_TYPE_FRAME_BLOCK  id = 0
07-07 11:40:37.653 D/[ 1210.880078@1]- [0]pdata->config=hevc_buf_width(    0): 3840;hevc_buf_height:2160;hevc_buf_margin:7;hevc_double_write_mode:3;save_buffer_mode:0;
07-07 11:40:37.653 D/        (    0): [ 1210.880120@1]- decoder_bmmu_box_alloc_box, tvp_flags = 4
07-07 11:40:37.653 D/        (    0): [ 1210.880138@1]- [0]dynamic_buf_num_margin=9
07-07 11:40:37.653 D/        (    0): [ 1210.880142@1]- [0]double_write_mode=3
07-07 11:40:37.653 D/[ 1210.880150@1]- [0]h265(    0): pts_unstable=0
07-07 11:40:37.653 D/[ 1210.880156@1]- [0]h265(    0): ver (201602101,0) decinfo: 0x0 rate=3600
07-07 11:40:37.653 I/        (    0): [ 1210.883871@3]- [TEE], the fw (hevc_mmu) will be loaded.
07-07 11:40:37.654 D/        (    0): [ 1210.883918@3]- hevc mux clock is 666666656 Hz
07-07 11:40:37.654 D/        (    0): [ 1210.883933@3]- hevc back mux clock is 666666656 Hz
07-07 11:40:37.654 D/        (    0): [ 1210.883939@3]- hevc video changed to 3840 x 2160 60 fps clk->667MHZ
07-07 11:40:37.654 D/        (    0): [ 1210.883976@3]- vfm map vdec-map-0 created
07-07 11:40:37.654 I/[ 1210.883994@3]- dim(    0): ch[1]:di_receiver_event_fun,8:_REG
07-07 11:40:37.654 I/[ 1210.883999@3]- dim(    0): reg:vdec.h265.00[55]
07-07 11:40:37.654 I/[ 1210.885275@3]- dim(    0): reg:use[1]ms
07-07 11:40:37.654 E/[ 1210.885301@3]- reg(    0): v4lvideo
07-07 11:40:37.654 I/[ 1210.885309@3]- dim(    0): ch[1]:di_receiver_event_fun,3:_START
07-07 11:40:37.654 D/        (    0): [ 1210.885316@3]- vdec_init, vf_provider_name = vdec.h265.00, b 0
07-07 11:40:37.654 I/        (    0): [ 1210.885331@3]- vdec->port_flag=0x182, port_flag=0x18b
07-07 11:40:37.658 D/[ 1210.888446@3]- v4lvid(    0): dbg: v4lvideo open
07-07 11:40:37.679 D/        (    0): [ 1210.909167@2]- [0]vh265 cached=4096  need_size=16384 speed= 28 ms
07-07 11:40:37.702 D/        (    0): [ 1210.909849@2]- [0]Bit depth luma = 10
07-07 11:40:37.702 D/        (    0): [ 1210.909857@2]- [0]Bit depth chroma = 10
07-07 11:40:37.702 D/        (    0): [ 1210.909882@2]- [0]hevc->performance_profile 0
07-07 11:40:37.702 D/        (    0): [ 1210.909888@2]- [0]set pic_list_init_flag 1
07-07 11:40:37.709 D/        (    0): [ 1210.911140@1]- [0]init_buf_spec2 1280 720
07-07 11:40:37.710 D/        (    0): [ 1210.911147@1]- [0]set pic_list_init_flag to 2
07-07 11:40:37.711 D/        (    0): [ 1210.911180@2]- [0]set pic_list_init_flag to 3
07-07 11:40:37.711 D/        (    0): [ 1210.911185@2]- [vdec_kpi][vh265_isr_thread_fn] First I frame coming.
07-07 11:40:37.711 D/[ 1210.912461@2]- [0]VH265(    0): output first frame
07-07 11:40:37.711 D/        (    0): [ 1210.912521@2]- [vdec_kpi][post_video_frame] First I frame decoded.
07-07 11:40:37.711 I/[ 1210.912581@1]- dim(    0): value reg:ch[1]:fix_buf:0;ponly <0,0>
07-07 11:40:37.711 I/[ 1210.912591@1]- dim(    0): 320x180-0x509000.
07-07 11:40:37.711 I/[ 1210.914557@3]- v4lvideo(    0): provider name: vdec.h265.00
07-07 11:40:37.735 D/        (    0): [ 1210.965454@2]- cal_dur_from_pts vstatus 3840 dur3600 -> 3840, revised 3840
07-07 11:40:37.743 I/[ 1210.974081@2]- vframe_rate_uevent(    0): sent uevent FRAME_RATE_HINT=3840
07-07 11:40:37.936 I/[ 1211.164494@1]- VID(    0): VD1 off
07-07 11:40:37.936 I/[ 1211.164607@1]- vc(    0): [0]vc: set enable index=0, val=1
07-07 11:40:37.936 I/        (    0): [ 1211.164624@1]- dev->index =0, val=2
07-07 11:40:37.936 I/[ 1211.164628@1]- VID(    0): VD1 off
07-07 11:40:37.936 I/[ 1211.164634@1]- VID(    0): VD1 set global output as 1
07-07 11:40:37.936 I/[ 1211.164662@1]- VID(    0): store VD0 path_id changed -1->2
07-07 11:40:37.936 I/[ 1211.164681@1]- vc(    0): [0]sideband_type =-1
07-07 11:40:37.941 D/INSETS  ( 3839): else - Package Name ::  left : 0 right :: 0 top :: 0 bottom :: 0 dfu-right :: 1920 dfu-bottom :: 1080
07-07 11:40:37.962 I/[ 1211.193409@0]h hdmitx(    0): hdmitx_set_hdr10plus_pkt: flag = 1
07-07 11:40:40.267 I/UsageStatsService( 3839): User[0] Flushing usage stats to disk
07-07 11:40:43.242 W/[ 1216.471533@3]- RTW(    0): fill_default_txdesc(wlan0): SP Packet(0x0806) rate=0x4 SeqNum = 578
07-07 11:40:43.698 W/[ 1216.927054@2]- RTW(    0): Turbo EDCA =0x5ea42b
07-07 11:40:45.714 W/[ 1218.942843@1]- RTW(    0): Turbo EDCA =0x431c
07-07 11:40:47.730 W/[ 1220.959218@2]- RTW(    0): Turbo EDCA =0x5ea42b
07-07 11:40:49.690 D/        (    0): [ 1222.919799@2]- [0]Pic Width/Height Change (1280,720)=>(960,544), interlace 0
07-07 11:40:49.747 W/[ 1222.974943@1]- RTW(    0): Turbo EDCA =0x431c
07-07 11:40:51.762 W/[ 1224.991001@0]- RTW(    0): Turbo EDCA =0x5ea42b
07-07 11:40:53.694 D/        (    0): [ 1226.925277@2]- [0]Pic Width/Height Change (960,544)=>(1280,720), interlace 0
07-07 11:40:53.778 W/[ 1227.006951@2]- RTW(    0): Turbo EDCA =0x431c
07-07 11:40:55.794 W/[ 1229.022841@2]- RTW(    0): Turbo EDCA =0x5ea42b
07-07 11:40:57.696 D/        (    0): [ 1230.922971@1]- [0]Pic Width/Height Change (1280,720)=>(2560,1440), interlace 0
07-07 11:40:57.810 W/[ 1231.038860@0]- RTW(    0): Turbo EDCA =0x431c
07-07 11:40:57.878 I/        (    0): [ 1231.108382@1]- protect tvp 0 5 ret 0
07-07 11:40:57.878 I/        (    0): [ 1231.108409@1]- protect tvp 1 6 ret 0 5baa0000 3b00000
07-07 11:40:59.826 W/[ 1233.055121@1]- RTW(    0): Turbo EDCA =0x5ea42b
07-07 11:41:01.842 W/[ 1235.070808@0]- RTW(    0): Turbo EDCA =0x431c
07-07 11:41:03.862 W/[ 1237.090902@0]- RTW(    0): Turbo EDCA =0x5ea42b
07-07 11:41:05.872 W/[ 1239.102855@3]- RTW(    0): Turbo EDCA =0x431c
07-07 11:41:07.890 W/[ 1241.119370@3]- RTW(    0): Turbo EDCA =0x5ea42b
07-07 11:41:09.906 W/[ 1243.134859@0]- RTW(    0): Turbo EDCA =0x431c
07-07 11:41:11.922 W/[ 1245.150819@1]- RTW(    0): Turbo EDCA =0x5ea42b
07-07 11:41:13.940 W/[ 1247.170973@0]- RTW(    0): Turbo EDCA =0x431c
07-07 11:41:15.951 W/[ 1249.182983@2]- RTW(    0): Turbo EDCA =0x5ea42b
07-07 11:41:17.971 W/[ 1251.199433@2]- RTW(    0): Turbo EDCA =0x431c
07-07 11:41:19.985 W/[ 1253.214834@2]- RTW(    0): Turbo EDCA =0x5ea42b
07-07 11:41:22.003 W/[ 1255.231801@1]- RTW(    0): Turbo EDCA =0x431c
07-07 11:41:24.022 W/[ 1257.250850@0]- RTW(    0): Turbo EDCA =0x5ea42b
07-07 11:41:26.033 W/[ 1259.262826@2]- RTW(    0): Turbo EDCA =0x431c
07-07 11:41:28.049 W/[ 1261.278837@1]- RTW(    0): Turbo EDCA =0x5ea42b
07-07 11:41:29.751 W/[ 1262.983053@2]- audit(    0): audit_lost=1466 audit_rate_limit=5 audit_backlog_limit=64
07-07 11:41:29.751 E/[ 1262.983061@2]- audit(    0): rate limit exceeded
07-07 11:41:30.064 W/[ 1263.294997@2]- RTW(    0): Turbo EDCA =0x431c
07-07 11:41:32.082 W/[ 1265.310837@2]- RTW(    0): Turbo EDCA =0x5ea42b
07-07 11:41:34.102 W/[ 1267.330862@3]- RTW(    0): Turbo EDCA =0x431c
07-07 11:41:34.882 W/[ 1268.113607@3]- healthd(    0): battery l=100 v=4 t=0.0 h=2 st=2 c=1100 fc=10000000 chg=u
07-07 11:41:36.121 W/[ 1269.352205@2]- RTW(    0): Turbo EDCA =0x5ea42b
07-07 11:41:36.256 W/[ 1269.485658@1]- audit(    0): audit_lost=1470 audit_rate_limit=5 audit_backlog_limit=64
07-07 11:41:36.256 E/[ 1269.485666@1]- audit(    0): rate limit exceeded
07-07 11:41:38.130 W/[ 1271.358834@1]- RTW(    0): Turbo EDCA =0x431c
07-07 11:41:21.351 I/chatty  ( 3839): uid=1000(system) android.bg identical 4 lines
07-07 11:41:31.448 I/UsageStatsService( 3839): User[0] Flushing usage stats to disk
07-07 11:41:39.554 D/AutofillManagerService( 3839): onBackKeyPressed()
07-07 11:41:39.579 I/        (    0): [ 1272.809958@0]- is_reset=1
07-07 11:41:39.579 I/[ 1272.810316@0]- vframe_rate_uevent(    0): sent uevent FRAME_RATE_HINT=0
07-07 11:41:39.579 I/[ 1272.810555@3]- dim(    0): ch[1]:di_receiver_event_fun,1:_UNREG
07-07 11:41:39.579 E/[ 1272.810616@3]- unreg(    0): v4lvideo
07-07 11:41:39.579 I/[ 1272.810680@2]- dim(    0): unreg:2keep[8], msk:[0x0,0x0]
07-07 11:41:39.590 I/[ 1272.822334@1]- dim(    0): unreg:use[12]ms
07-07 11:41:39.590 D/        (    0): [ 1272.822363@1]- vdec_disable_DMC input->target= 0x1
07-07 11:41:39.594 D/        (    0): [ 1272.823616@2]- vdec_release instance 00000000237cc091, total 1 id = 0
07-07 11:41:39.595 D/        (    0): [ 1272.823691@2]- the clk_hevc_mux    clock off, ref cnt: 0
07-07 11:41:39.595 D/        (    0): [ 1272.823698@2]- the clk_hevcb_mux   clock off, ref cnt: 0
07-07 11:41:39.595 D/        (    0): [ 1272.823707@2]- the vdec            clock off, ref cnt: 0
07-07 11:41:39.595 D/        (    0): [ 1272.823710@2]- the parser_top      clock off, ref cnt: 1
07-07 11:41:39.595 D/        (    0): [ 1272.823714@2]- the demux           clock off, ref cnt: 1
07-07 11:41:39.595 D/        (    0): [ 1272.823825@2]- the demux           clock on, ref cnt: 2
07-07 11:41:39.595 D/        (    0): [ 1272.823831@2]- the parser_top      clock on, ref cnt: 2
07-07 11:41:39.595 D/        (    0): [ 1272.823838@2]- the vdec            clock on, ref cnt: 1
07-07 11:41:39.595 D/        (    0): [ 1272.823858@2]- the clk_hevc_mux    clock on, ref cnt: 1
07-07 11:41:39.595 D/        (    0): [ 1272.823863@2]- the clk_hevcb_mux   clock on, ref cnt: 1
07-07 11:41:39.595 D/        (    0): [ 1272.823894@2]- hevc mux clock is 499999992 Hz
07-07 11:41:39.595 D/        (    0): [ 1272.823910@2]- hevc back mux clock is 499999992 Hz
07-07 11:41:39.595 D/        (    0): [ 1272.823992@2]- vdec_create instance 000000008aa065c8, total 1, PM: legacy
07-07 11:41:39.595 D/        (    0): [ 1272.824032@2]- set drmmode
07-07 11:41:39.595 I/        (    0): [ 1272.824085@2]- is_reset=1
07-07 11:41:39.595 I/        (    0): [ 1272.824113@2]- vdec_init, dev_name:ammvdec_h265, vdec_type=VDEC_TYPE_FRAME_BLOCK  id = 0
07-07 11:41:39.596 D/[ 1272.824724@2]- [0]pdata->config=hevc_buf_width(    0): 3840;hevc_buf_height:2160;hevc_buf_margin:7;hevc_double_write_mode:3;save_buffer_mode:0;
07-07 11:41:39.596 D/        (    0): [ 1272.824775@2]- decoder_bmmu_box_alloc_box, tvp_flags = 4
07-07 11:41:39.596 D/        (    0): [ 1272.824792@2]- [0]dynamic_buf_num_margin=9
07-07 11:41:39.596 D/        (    0): [ 1272.824796@2]- [0]double_write_mode=3
07-07 11:41:39.596 D/[ 1272.824804@2]- [0]h265(    0): pts_unstable=0
07-07 11:41:39.596 D/[ 1272.824810@2]- [0]h265(    0): ver (201602101,0) decinfo: 0x0 rate=3600
07-07 11:41:39.596 I/        (    0): [ 1272.827209@3]- [TEE], the fw (hevc_mmu) will be loaded.
07-07 11:41:39.596 D/        (    0): [ 1272.827253@3]- hevc mux clock is 666666656 Hz
07-07 11:41:39.596 D/        (    0): [ 1272.827269@3]- hevc back mux clock is 666666656 Hz
07-07 11:41:39.596 D/        (    0): [ 1272.827274@3]- hevc video changed to 3840 x 2160 60 fps clk->667MHZ
07-07 11:41:39.596 D/        (    0): [ 1272.827316@3]- vfm map vdec-map-0 created
07-07 11:41:39.596 I/[ 1272.827335@3]- dim(    0): ch[1]:di_receiver_event_fun,8:_REG
07-07 11:41:39.596 I/[ 1272.827339@3]- dim(    0): reg:vdec.h265.00[56]
07-07 11:41:39.598 I/[ 1272.829530@3]- dim(    0): reg:use[2]ms
07-07 11:41:39.599 E/[ 1272.829558@3]- reg(    0): v4lvideo
07-07 11:41:39.599 I/[ 1272.829566@3]- dim(    0): ch[1]:di_receiver_event_fun,3:_START
07-07 11:41:39.599 D/        (    0): [ 1272.829571@3]- vdec_init, vf_provider_name = vdec.h265.00, b 0
07-07 11:41:39.599 I/        (    0): [ 1272.829585@3]- vdec->port_flag=0x182, port_flag=0x18b
07-07 11:41:39.599 I/        (    0): [ 1272.829682@3]- is_reset=0
07-07 11:41:39.610 I/        (    0): [ 1272.841499@3]- is_reset=1
07-07 11:41:39.610 I/[ 1272.841775@3]- vframe_rate_uevent(    0): sent uevent FRAME_RATE_HINT=0
07-07 11:41:39.611 I/[ 1272.841825@3]- dim(    0): ch[1]:di_receiver_event_fun,1:_UNREG
07-07 11:41:39.611 E/[ 1272.841837@3]- unreg(    0): v4lvideo
07-07 11:41:39.611 I/[ 1272.842387@3]- dim(    0): unreg:use[1]ms
07-07 11:41:39.611 D/        (    0): [ 1272.842414@3]- vdec_disable_DMC input->target= 0x1
07-07 11:41:39.614 D/        (    0): [ 1272.842845@0]- vdec_release instance 000000008aa065c8, total 1 id = 0
07-07 11:41:39.614 D/        (    0): [ 1272.842889@0]- the clk_hevc_mux    clock off, ref cnt: 0
07-07 11:41:39.614 D/        (    0): [ 1272.842895@0]- the clk_hevcb_mux   clock off, ref cnt: 0
07-07 11:41:39.614 D/        (    0): [ 1272.842904@0]- the vdec            clock off, ref cnt: 0
07-07 11:41:39.614 D/        (    0): [ 1272.842908@0]- the parser_top      clock off, ref cnt: 1
07-07 11:41:39.614 D/        (    0): [ 1272.842912@0]- the demux           clock off, ref cnt: 1
07-07 11:41:39.614 D/        (    0): [ 1272.842975@0]- the demux           clock on, ref cnt: 2
07-07 11:41:39.614 D/        (    0): [ 1272.842980@0]- the parser_top      clock on, ref cnt: 2
07-07 11:41:39.615 D/        (    0): [ 1272.842987@0]- the vdec            clock on, ref cnt: 1
07-07 11:41:39.615 D/        (    0): [ 1272.843006@0]- the clk_hevc_mux    clock on, ref cnt: 1
07-07 11:41:39.615 D/        (    0): [ 1272.843010@0]- the clk_hevcb_mux   clock on, ref cnt: 1
07-07 11:41:39.615 D/        (    0): [ 1272.843041@0]- hevc mux clock is 499999992 Hz
07-07 11:41:39.615 D/        (    0): [ 1272.843057@0]- hevc back mux clock is 499999992 Hz
07-07 11:41:39.615 D/        (    0): [ 1272.843138@0]- vdec_create instance 0000000008d15394, total 1, PM: legacy
07-07 11:41:39.615 D/        (    0): [ 1272.843175@0]- set drmmode
07-07 11:41:39.615 I/        (    0): [ 1272.843200@0]- is_reset=1
07-07 11:41:39.615 I/        (    0): [ 1272.843225@0]- vdec_init, dev_name:ammvdec_h265, vdec_type=VDEC_TYPE_FRAME_BLOCK  id = 0
07-07 11:41:39.615 D/[ 1272.843887@0]- [0]pdata->config=hevc_buf_width(    0): 3840;hevc_buf_height:2160;hevc_buf_margin:7;hevc_double_write_mode:3;save_buffer_mode:0;
07-07 11:41:39.615 D/        (    0): [ 1272.843934@0]- decoder_bmmu_box_alloc_box, tvp_flags = 4
07-07 11:41:39.615 D/        (    0): [ 1272.843951@0]- [0]dynamic_buf_num_margin=9
07-07 11:41:39.615 D/        (    0): [ 1272.843955@0]- [0]double_write_mode=3
07-07 11:41:39.615 D/[ 1272.843963@0]- [0]h265(    0): pts_unstable=0
07-07 11:41:39.615 D/[ 1272.843968@0]- [0]h265(    0): ver (201602101,0) decinfo: 0x0 rate=3600
07-07 11:41:39.615 I/        (    0): [ 1272.844372@1]- [TEE], the fw (hevc_mmu) will be loaded.
07-07 11:41:39.615 D/        (    0): [ 1272.844414@1]- hevc mux clock is 666666656 Hz
07-07 11:41:39.615 D/        (    0): [ 1272.844430@1]- hevc back mux clock is 666666656 Hz
07-07 11:41:39.615 D/        (    0): [ 1272.844436@1]- hevc video changed to 3840 x 2160 60 fps clk->667MHZ
07-07 11:41:39.615 D/        (    0): [ 1272.844479@1]- vfm map vdec-map-0 created
07-07 11:41:39.615 I/[ 1272.844499@1]- dim(    0): ch[1]:di_receiver_event_fun,8:_REG
07-07 11:41:39.615 I/[ 1272.844504@1]- dim(    0): reg:vdec.h265.00[57]
07-07 11:41:39.615 I/[ 1272.845052@1]- dim(    0): reg:use[1]ms
07-07 11:41:39.615 E/[ 1272.845070@1]- reg(    0): v4lvideo
07-07 11:41:39.615 I/[ 1272.845077@1]- dim(    0): ch[1]:di_receiver_event_fun,3:_START
07-07 11:41:39.615 D/        (    0): [ 1272.845081@1]- vdec_init, vf_provider_name = vdec.h265.00, b 0
07-07 11:41:39.615 I/        (    0): [ 1272.845110@1]- vdec->port_flag=0x182, port_flag=0x18b
07-07 11:41:39.615 I/        (    0): [ 1272.845214@1]- is_reset=0
07-07 11:41:39.629 I/[ 1272.851435@1]- vframe_rate_uevent(    0): sent uevent FRAME_RATE_HINT=0
07-07 11:41:39.629 I/[ 1272.851569@1]- dim(    0): ch[1]:di_receiver_event_fun,1:_UNREG
07-07 11:41:39.629 E/[ 1272.851582@1]- unreg(    0): v4lvideo
07-07 11:41:39.629 I/[ 1272.852133@1]- dim(    0): unreg:use[1]ms
07-07 11:41:39.629 D/        (    0): [ 1272.852161@1]- vdec_disable_DMC input->target= 0x1
07-07 11:41:39.629 D/        (    0): [ 1272.852503@3]- vdec_release instance 0000000008d15394, total 1 id = 0
07-07 11:41:39.629 D/        (    0): [ 1272.852544@3]- the clk_hevc_mux    clock off, ref cnt: 0
07-07 11:41:39.629 D/        (    0): [ 1272.852550@3]- the clk_hevcb_mux   clock off, ref cnt: 0
07-07 11:41:39.630 D/        (    0): [ 1272.852559@3]- the vdec            clock off, ref cnt: 0
07-07 11:41:39.630 D/        (    0): [ 1272.852563@3]- the parser_top      clock off, ref cnt: 1
07-07 11:41:39.630 D/        (    0): [ 1272.852567@3]- the demux           clock off, ref cnt: 1
07-07 11:41:39.630 D/        (    0): [ 1272.852594@3]d v4lvideo_release_map 0 OK
07-07 11:41:39.647 I/[ 1272.877795@1]- vc(    0): [0]vc: set enable index=0, val=0
07-07 11:41:39.647 I/[ 1272.877820@1]- VID(    0): store VD0 path_id changed 2->-1
07-07 11:41:39.647 I/        (    0): [ 1272.877825@1]- dev->index =0, val=1
07-07 11:41:39.647 I/[ 1272.877829@1]- VID(    0): VD1 off
07-07 11:41:39.647 I/[ 1272.877835@1]- VID(    0): VD1 set global output as 0
07-07 11:41:39.647 I/        (    0): [ 1272.877852@1]- common_vf_unreg_provider video_render.0: vd1 used: true, vd2 used: false, black_out:0, cur_buf:000000003c5e34d2
07-07 11:41:39.658 E/[ 1272.887828@3]- Warn(    0): TVP pool will release later.
07-07 11:41:39.658 E/[ 1272.887836@3]- Warn(    0): TVP pool will release later.
07-07 11:41:39.658 I/        (    0): [ 1272.887840@3]- tvp_user_count is 0
07-07 11:41:39.658 I/[ 1272.887845@3]- resman(    0): 54 release [tvp]
07-07 11:41:39.658 I/[ 1272.888341@0]h hdmitx(    0): hdmitx_set_hdr10plus_pkt: null vsif
07-07 11:41:39.658 D/[ 1272.889011@2]- v4lvid(    0): dbg: vidioc_close!!!!
07-07 11:41:39.659 I/[ 1272.890324@2]- resman(    0): 52 release [codec_mm]
07-07 11:41:39.691 E/[ 1272.918527@1]- Warn(    0): TVP pool will release later.
07-07 11:41:39.691 E/[ 1272.918534@1]- Warn(    0): TVP pool will release later.
07-07 11:41:39.691 E/[ 1272.918545@1]- Warn(    0): TVP pool will release later.
07-07 11:41:39.691 E/[ 1272.918548@1]- Warn(    0): TVP pool will release later.
07-07 11:41:39.691 E/[ 1272.918558@1]- Warn(    0): TVP pool will release later.
07-07 11:41:39.691 E/[ 1272.918561@1]- Warn(    0): TVP pool will release later.
07-07 11:41:39.691 E/[ 1272.918570@1]- Warn(    0): TVP pool will release later.
07-07 11:41:39.691 E/[ 1272.918573@1]- Warn(    0): TVP pool will release later.
07-07 11:41:39.735 E/[ 1272.966692@0]- Warn(    0): TVP pool will release later.
07-07 11:41:39.735 E/[ 1272.966699@0]- Warn(    0): TVP pool will release later.
07-07 11:41:39.760 E/[ 1272.990518@0]- Warn(    0): TVP pool will release later.
07-07 11:41:39.760 E/[ 1272.990526@0]- Warn(    0): TVP pool will release later.
07-07 11:41:39.760 E/[ 1272.990687@0]- Warn(    0): TVP pool will release later.
07-07 11:41:39.760 E/[ 1272.990690@0]- Warn(    0): TVP pool will release later.
07-07 11:41:39.760 E/[ 1272.990777@0]- Warn(    0): TVP pool will release later.
07-07 11:41:39.760 I/        (    0): [ 1272.990794@0]- unprotect tvp 1 handle is 6
07-07 11:41:39.762 E/[ 1272.994169@0]- Warn(    0): TVP pool will release later.
07-07 11:41:39.766 I/        (    0): [ 1272.994688@0]- unprotect tvp 0 handle is 5
07-07 11:41:39.770 I/        (    0): [ 1272.998957@0]- disalbe tvp
07-07 11:41:39.869 D/INSETS  ( 3839): else - Package Name ::  left : 0 right :: 0 top :: 0 bottom :: 0 dfu-right :: 1920 dfu-bottom :: 1080
07-07 11:41:40.146 W/[ 1273.374901@0]- RTW(    0): Turbo EDCA =0x5ea42b
07-07 11:41:41.537 D/AutofillManagerService( 3839): onBackKeyPressed()
07-07 11:41:41.552 I/UsageStatsService( 3839): User[0] Flushing usage stats to disk
07-07 11:41:41.704 W/ActivityManager( 3839): Receiver with filter android.content.IntentFilter@89427b3 already registered for pid 17324, callerPackage is com.jiotv.sonyliv
07-07 11:41:41.799 D/INSETS  ( 3839): else - Package Name ::  left : 0 right :: 0 top :: 0 bottom :: 0 dfu-right :: 1920 dfu-bottom :: 1080
07-07 11:41:42.165 W/[ 1275.394860@2]- RTW(    0): Turbo EDCA =0x431c
07-07 11:41:43.137 D/AutofillManagerService( 3839): onBackKeyPressed()
07-07 11:41:43.766 W/[ 1276.998368@3]- RTW(    0): fill_default_txdesc(wlan0): SP Packet(0x0806) rate=0x4 SeqNum = 326
07-07 11:41:44.984 D/INSETS  ( 3839): else - Package Name ::  left : 0 right :: 0 top :: 0 bottom :: 0 dfu-right :: 1920 dfu-bottom :: 1080
07-07 11:41:46.194 W/[ 1279.422848@3]- RTW(    0): Turbo EDCA =0x5ea42b
07-07 11:41:49.326 W/[ 1282.557898@1]- RTW(    0): cfg80211_rtw_scan(wlan0)
07-07 11:41:49.326 W/[ 1282.557913@1]- RTW(    0): WARN cfg80211_rtw_scan (wlan0) : scan abort!! BusyTraffic
07-07 11:41:50.106 W/[ 1283.336355@0]- RTW(    0): fill_default_txdesc(wlan0): SP Packet(0x0806) rate=0x4 SeqNum = 989
07-07 11:41:50.161 W/[ 1283.390646@3]- RTW(    0): fill_default_txdesc(wlan0): SP Packet(0x0806) rate=0x4 SeqNum = 993
07-07 11:41:51.710 I/UsageStatsService( 3839): User[0] Flushing usage stats to disk
07-07 11:41:52.242 W/[ 1285.470812@2]- RTW(    0): Turbo EDCA =0x431c
07-07 11:41:53.032 D/INSETS  ( 3839): else - Package Name ::  left : 0 right :: 0 top :: 0 bottom :: 0 dfu-right :: 1920 dfu-bottom :: 1080
07-07 11:41:53.718 I/[ 1286.948426@1]- resman(    0): 55 appname:OMX-44, type=0
07-07 11:41:53.782 I/[ 1287.010583@1]- resman(    0): 55 acquire [codec_mm], preempt yes
07-07 11:41:53.814 I/[ 1287.010593@1]- resman(    0): 55 score 236 secure yes
07-07 11:41:53.814 I/[ 1287.010598@1]- resman(    0): 55 acquire [codec_mm] success
07-07 11:41:53.820 I/[ 1287.011026@1]- resman(    0): 57 appname:secmem, type=3
07-07 11:41:53.820 I/[ 1287.013053@1]- resman(    0): 57 acquire [tvp], preempt yes
07-07 11:41:53.820 I/        (    0): [ 1287.043417@3]- protect tvp 0 5 ret 0 56c00000 4ea0000
07-07 11:41:53.820 I/        (    0): [ 1287.043424@3]- enable tvp for 2
07-07 11:41:53.823 I/        (    0): [ 1287.043428@3]- tvp_user_count is 1
07-07 11:41:53.825 I/[ 1287.043472@3]- resman(    0): 57 acquire [tvp] success
07-07 11:41:53.870 D/        (    0): [ 1287.100415@2]- the demux           clock on, ref cnt: 2
07-07 11:41:53.870 D/        (    0): [ 1287.100424@2]- the parser_top      clock on, ref cnt: 2
07-07 11:41:53.870 D/        (    0): [ 1287.100434@2]- the vdec            clock on, ref cnt: 1
07-07 11:41:53.870 D/        (    0): [ 1287.100456@2]- the clk_hevc_mux    clock on, ref cnt: 1
07-07 11:41:53.870 D/        (    0): [ 1287.100461@2]- the clk_hevcb_mux   clock on, ref cnt: 1
07-07 11:41:53.870 D/        (    0): [ 1287.100494@2]- hevc mux clock is 499999992 Hz
07-07 11:41:53.870 D/        (    0): [ 1287.100510@2]- hevc back mux clock is 499999992 Hz
07-07 11:41:53.870 D/        (    0): [ 1287.100659@2]- vdec_create instance 0000000037b7d6b4, total 1, PM: legacy
07-07 11:41:53.870 D/        (    0): [ 1287.100720@2]- set drmmode
07-07 11:41:53.870 I/        (    0): [ 1287.100941@2]- is_reset=0
07-07 11:41:53.870 I/        (    0): [ 1287.100969@2]- vdec_init, dev_name:ammvdec_h265, vdec_type=VDEC_TYPE_FRAME_BLOCK  id = 0
07-07 11:41:53.870 D/[ 1287.101694@2]- [0]pdata->config=hevc_buf_width(    0): 3840;hevc_buf_height:2160;hevc_buf_margin:7;hevc_double_write_mode:3;save_buffer_mode:0;
07-07 11:41:53.870 D/        (    0): [ 1287.101847@2]- decoder_bmmu_box_alloc_box, tvp_flags = 4
07-07 11:41:53.870 D/        (    0): [ 1287.101865@2]- [0]dynamic_buf_num_margin=9
07-07 11:41:53.871 D/        (    0): [ 1287.101868@2]- [0]double_write_mode=3
07-07 11:41:53.871 D/[ 1287.101877@2]- [0]h265(    0): pts_unstable=0
07-07 11:41:53.871 D/[ 1287.101883@2]- [0]h265(    0): ver (201602101,0) decinfo: 0x0 rate=3600
07-07 11:41:53.883 I/        (    0): [ 1287.106068@2]- [TEE], the fw (hevc_mmu) will be loaded.
07-07 11:41:53.883 D/        (    0): [ 1287.106160@2]- hevc mux clock is 666666656 Hz
07-07 11:41:53.884 D/        (    0): [ 1287.106178@2]- hevc back mux clock is 666666656 Hz
07-07 11:41:53.885 D/        (    0): [ 1287.106198@2]- hevc video changed to 3840 x 2160 60 fps clk->667MHZ
07-07 11:41:53.885 D/        (    0): [ 1287.106239@2]- vfm map vdec-map-0 created
07-07 11:41:53.885 I/[ 1287.106389@2]- dim(    0): ch[1]:di_receiver_event_fun,8:_REG
07-07 11:41:53.885 I/[ 1287.106394@2]- dim(    0): reg:vdec.h265.00[58]
07-07 11:41:53.885 I/[ 1287.106520@2]- dim(    0): reg:use[0]ms
07-07 11:41:53.885 E/[ 1287.106535@2]- reg(    0): v4lvideo
07-07 11:41:53.885 I/[ 1287.106542@2]- dim(    0): ch[1]:di_receiver_event_fun,3:_START
07-07 11:41:53.885 D/        (    0): [ 1287.106548@2]- vdec_init, vf_provider_name = vdec.h265.00, b 0
07-07 11:41:53.885 I/        (    0): [ 1287.106562@2]- vdec->port_flag=0x182, port_flag=0x18b
07-07 11:41:53.885 D/[ 1287.109745@2]- v4lvid(    0): dbg: v4lvideo open
07-07 11:41:54.094 D/        (    0): [ 1287.323221@1]- [0]vh265 cached=12288  need_size=16384 speed= 224 ms
07-07 11:41:54.095 D/        (    0): [ 1287.323838@0]- [0]Bit depth luma = 10
07-07 11:41:54.095 D/        (    0): [ 1287.323845@0]- [0]Bit depth chroma = 10
07-07 11:41:54.095 D/        (    0): [ 1287.323871@0]- [0]hevc->performance_profile 0
07-07 11:41:54.095 D/        (    0): [ 1287.323885@0]- [0]set pic_list_init_flag 1
07-07 11:41:54.095 D/        (    0): [ 1287.324863@3]- [0]init_buf_spec2 1280 720
07-07 11:41:54.095 D/        (    0): [ 1287.324871@3]- [0]set pic_list_init_flag to 2
07-07 11:41:54.095 D/        (    0): [ 1287.324909@0]- [0]set pic_list_init_flag to 3
07-07 11:41:54.095 D/        (    0): [ 1287.324914@0]- [vdec_kpi][vh265_isr_thread_fn] First I frame coming.
07-07 11:41:54.095 D/[ 1287.326247@0]- [0]VH265(    0): output first frame
07-07 11:41:54.095 D/        (    0): [ 1287.326302@0]- [vdec_kpi][post_video_frame] First I frame decoded.
07-07 11:41:54.095 I/[ 1287.326374@2]- dim(    0): value reg:ch[1]:fix_buf:0;ponly <0,0>
07-07 11:41:54.095 I/[ 1287.326386@2]- dim(    0): 320x180-0x509000.
07-07 11:41:54.098 I/[ 1287.327810@0]- v4lvideo(    0): provider name: vdec.h265.00
07-07 11:41:54.131 D/        (    0): [ 1287.359534@0]- cal_dur_from_pts vstatus 3840 dur3600 -> 3840, revised 3840
07-07 11:41:54.138 I/[ 1287.361629@0]- vframe_rate_uevent(    0): sent uevent FRAME_RATE_HINT=3840
07-07 11:41:54.495 I/[ 1287.724017@1]- VID(    0): VD1 off
07-07 11:41:54.495 I/[ 1287.724137@1]- vc(    0): [0]vc: set enable index=0, val=1
07-07 11:41:54.495 I/        (    0): [ 1287.724155@1]- dev->index =0, val=2
07-07 11:41:54.495 I/[ 1287.724160@1]- VID(    0): VD1 off
07-07 11:41:54.495 I/[ 1287.724166@1]- VID(    0): VD1 set global output as 1
07-07 11:41:54.495 I/[ 1287.724194@1]- VID(    0): store VD0 path_id changed -1->2
07-07 11:41:54.495 I/[ 1287.724214@1]- vc(    0): [0]sideband_type =-1
07-07 11:41:54.507 D/INSETS  ( 3839): else - Package Name ::  left : 0 right :: 0 top :: 0 bottom :: 0 dfu-right :: 1920 dfu-bottom :: 1080
07-07 11:41:54.524 I/[ 1287.753230@0]h hdmitx(    0): hdmitx_set_hdr10plus_pkt: flag = 1
07-07 11:41:55.026 W/[ 1288.254597@3]- RTW(    0): fill_default_txdesc(wlan0): SP Packet(0x0806) rate=0x4 SeqNum = 2374
07-07 11:41:55.043 W/[ 1288.274410@0]- RTW(    0): fill_default_txdesc(wlan0): SP Packet(0x0806) rate=0x4 SeqNum = 2377
07-07 11:42:01.920 I/UsageStatsService( 3839): User[0] Flushing usage stats to disk
07-07 11:42:02.322 W/[ 1295.550821@1]- RTW(    0): Turbo EDCA =0x5ea42b
07-07 11:42:04.338 W/[ 1297.566973@0]- RTW(    0): Turbo EDCA =0x431c
07-07 11:42:06.354 W/[ 1299.582890@2]- RTW(    0): Turbo EDCA =0x5ea42b
07-07 11:42:08.370 W/[ 1301.598976@1]- RTW(    0): Turbo EDCA =0x431c
07-07 11:42:10.383 W/[ 1303.614833@1]- RTW(    0): Turbo EDCA =0x5ea42b
07-07 11:42:12.406 W/[ 1305.634828@0]- RTW(    0): Turbo EDCA =0x431c
07-07 11:42:14.418 W/[ 1307.647365@2]- RTW(    0): Turbo EDCA =0x5ea42b
07-07 11:42:16.434 W/[ 1309.662857@0]- RTW(    0): Turbo EDCA =0x431c
07-07 11:42:16.891 D/        (    0): [ 1310.119886@3]- [0]Pic Width/Height Change (1280,720)=>(2560,1440), interlace 0
07-07 11:42:16.954 W/[ 1310.182607@3]- RTW(    0): fill_default_txdesc(wlan0): SP Packet(0x0806) rate=0x4 SeqNum = 1351
07-07 11:42:17.038 I/        (    0): [ 1310.267658@3]- protect tvp 0 5 ret 0
07-07 11:42:17.039 I/        (    0): [ 1310.267697@3]- protect tvp 1 6 ret 0 5baa0000 3b00000
07-07 11:42:17.858 W/[ 1311.086604@2]- RTW(    0): fill_default_txdesc(wlan0): SP Packet(0x0806) rate=0x4 SeqNum = 1440
07-07 11:42:18.450 W/[ 1311.679125@0]- RTW(    0): Turbo EDCA =0x5ea42b
07-07 11:42:20.466 W/[ 1313.694834@0]- RTW(    0): Turbo EDCA =0x431c
07-07 11:42:22.479 W/[ 1315.710761@2]- RTW(    0): Turbo EDCA =0x5ea42b
07-07 11:42:24.498 W/[ 1317.726891@1]- RTW(    0): Turbo EDCA =0x431c
07-07 11:42:26.514 W/[ 1319.742831@1]- RTW(    0): Turbo EDCA =0x5ea42b
07-07 11:42:28.530 W/[ 1321.758803@3]- RTW(    0): Turbo EDCA =0x431c
07-07 11:42:29.747 W/[ 1322.976702@0]- audit(    0): audit_lost=1497 audit_rate_limit=5 audit_backlog_limit=64
07-07 11:42:29.747 E/[ 1322.976711@0]- audit(    0): rate limit exceeded
07-07 11:42:30.546 W/[ 1323.775182@2]- RTW(    0): Turbo EDCA =0x5ea42b
07-07 11:42:32.560 W/[ 1325.790841@0]- RTW(    0): Turbo EDCA =0x431c
07-07 11:42:34.578 W/[ 1327.807156@0]- RTW(    0): Turbo EDCA =0x5ea42b
07-07 11:42:34.882 W/[ 1328.113691@3]- healthd(    0): battery l=100 v=4 t=0.0 h=2 st=2 c=1100 fc=10000000 chg=u
07-07 11:42:36.594 W/[ 1329.823102@3]- RTW(    0): Turbo EDCA =0x431c
07-07 11:42:38.610 W/[ 1331.839055@2]- RTW(    0): Turbo EDCA =0x5ea42b
07-07 11:42:40.625 W/[ 1333.854868@0]- RTW(    0): Turbo EDCA =0x431c
07-07 11:42:42.642 W/[ 1335.870937@0]- RTW(    0): Turbo EDCA =0x5ea42b
07-07 11:42:44.657 W/[ 1337.887948@0]- RTW(    0): Turbo EDCA =0x431c
07-07 11:42:46.674 W/[ 1339.902888@3]- RTW(    0): Turbo EDCA =0x5ea42b
07-07 11:42:48.690 W/[ 1341.918898@2]- RTW(    0): Turbo EDCA =0x431c
07-07 11:42:50.263 W/[ 1343.494420@0]- RTW(    0): fill_default_txdesc(wlan0): SP Packet(0x0806) rate=0x4 SeqNum = 723
07-07 11:42:50.706 W/[ 1343.934954@2]- RTW(    0): Turbo EDCA =0x5ea42b
07-07 11:42:52.722 W/[ 1345.950848@0]- RTW(    0): Turbo EDCA =0x431c
07-07 11:42:54.737 W/[ 1347.966934@2]- RTW(    0): Turbo EDCA =0x5ea42b
07-07 11:42:42.500 I/chatty  ( 3839): uid=1000(system) android.bg identical 4 lines
07-07 11:42:52.601 I/UsageStatsService( 3839): User[0] Flushing usage stats to disk
07-07 11:42:56.148 D/AutofillManagerService( 3839): onBackKeyPressed()
07-07 11:42:56.192 I/        (    0): [ 1349.423490@3]- is_reset=1
07-07 11:42:56.195 I/[ 1349.425047@3]- vframe_rate_uevent(    0): sent uevent FRAME_RATE_HINT=0
07-07 11:42:56.195 I/[ 1349.426555@2]- dim(    0): ch[1]:di_receiver_event_fun,1:_UNREG
07-07 11:42:56.195 E/[ 1349.426614@2]- unreg(    0): v4lvideo
07-07 11:42:56.195 I/[ 1349.426692@0]- dim(    0): unreg:2keep[8], msk:[0x0,0x0]
07-07 11:42:56.206 I/[ 1349.437810@1]- dim(    0): unreg:use[11]ms
07-07 11:42:56.206 D/        (    0): [ 1349.437840@1]- vdec_disable_DMC input->target= 0x1
07-07 11:42:56.210 D/        (    0): [ 1349.438730@0]- vdec_release instance 0000000037b7d6b4, total 1 id = 0
07-07 11:42:56.211 D/        (    0): [ 1349.438808@0]- the clk_hevc_mux    clock off, ref cnt: 0
07-07 11:42:56.211 D/        (    0): [ 1349.438814@0]- the clk_hevcb_mux   clock off, ref cnt: 0
07-07 11:42:56.211 D/        (    0): [ 1349.438823@0]- the vdec            clock off, ref cnt: 0
07-07 11:42:56.211 D/        (    0): [ 1349.438827@0]- the parser_top      clock off, ref cnt: 1
07-07 11:42:56.211 D/        (    0): [ 1349.438831@0]- the demux           clock off, ref cnt: 1
07-07 11:42:56.211 D/        (    0): [ 1349.438961@0]- the demux           clock on, ref cnt: 2
07-07 11:42:56.211 D/        (    0): [ 1349.438966@0]- the parser_top      clock on, ref cnt: 2
07-07 11:42:56.211 D/        (    0): [ 1349.438973@0]- the vdec            clock on, ref cnt: 1
07-07 11:42:56.211 D/        (    0): [ 1349.438998@0]- the clk_hevc_mux    clock on, ref cnt: 1
07-07 11:42:56.211 D/        (    0): [ 1349.439003@0]- the clk_hevcb_mux   clock on, ref cnt: 1
07-07 11:42:56.212 D/        (    0): [ 1349.439040@0]- hevc mux clock is 499999992 Hz
07-07 11:42:56.212 D/        (    0): [ 1349.439056@0]- hevc back mux clock is 499999992 Hz
07-07 11:42:56.212 D/        (    0): [ 1349.439433@0]- vdec_create instance 00000000e0c55144, total 1, PM: legacy
07-07 11:42:56.212 D/        (    0): [ 1349.439480@0]- set drmmode
07-07 11:42:56.212 I/        (    0): [ 1349.439543@0]- is_reset=1
07-07 11:42:56.212 I/        (    0): [ 1349.439569@0]- vdec_init, dev_name:ammvdec_h265, vdec_type=VDEC_TYPE_FRAME_BLOCK  id = 0
07-07 11:42:56.212 D/[ 1349.440172@0]- [0]pdata->config=hevc_buf_width(    0): 3840;hevc_buf_height:2160;hevc_buf_margin:7;hevc_double_write_mode:3;save_buffer_mode:0;
07-07 11:42:56.212 D/        (    0): [ 1349.440220@0]- decoder_bmmu_box_alloc_box, tvp_flags = 4
07-07 11:42:56.212 D/        (    0): [ 1349.440238@0]- [0]dynamic_buf_num_margin=9
07-07 11:42:56.212 D/        (    0): [ 1349.440242@0]- [0]double_write_mode=3
07-07 11:42:56.212 D/[ 1349.440250@0]- [0]h265(    0): pts_unstable=0
07-07 11:42:56.212 D/[ 1349.440255@0]- [0]h265(    0): ver (201602101,0) decinfo: 0x0 rate=3600
07-07 11:42:56.212 I/        (    0): [ 1349.440929@1]- [TEE], the fw (hevc_mmu) will be loaded.
07-07 11:42:56.212 D/        (    0): [ 1349.440973@1]- hevc mux clock is 666666656 Hz
07-07 11:42:56.212 D/        (    0): [ 1349.440990@1]- hevc back mux clock is 666666656 Hz
07-07 11:42:56.212 D/        (    0): [ 1349.440996@1]- hevc video changed to 3840 x 2160 60 fps clk->667MHZ
07-07 11:42:56.212 D/        (    0): [ 1349.441041@1]- vfm map vdec-map-0 created
07-07 11:42:56.212 I/[ 1349.441060@1]- dim(    0): ch[1]:di_receiver_event_fun,8:_REG
07-07 11:42:56.212 I/[ 1349.441064@1]- dim(    0): reg:vdec.h265.00[59]
07-07 11:42:56.212 I/[ 1349.441614@2]- dim(    0): reg:use[0]ms
07-07 11:42:56.212 E/[ 1349.441646@2]- reg(    0): v4lvideo
07-07 11:42:56.212 I/[ 1349.441653@2]- dim(    0): ch[1]:di_receiver_event_fun,3:_START
07-07 11:42:56.212 D/        (    0): [ 1349.441658@2]- vdec_init, vf_provider_name = vdec.h265.00, b 0
07-07 11:42:56.212 I/        (    0): [ 1349.441672@2]- vdec->port_flag=0x182, port_flag=0x18b
07-07 11:42:56.212 I/        (    0): [ 1349.441786@2]- is_reset=0
07-07 11:42:56.227 I/        (    0): [ 1349.456710@3]- is_reset=1
07-07 11:42:56.227 I/[ 1349.456975@3]- vframe_rate_uevent(    0): sent uevent FRAME_RATE_HINT=0
07-07 11:42:56.227 I/[ 1349.457020@3]- dim(    0): ch[1]:di_receiver_event_fun,1:_UNREG
07-07 11:42:56.227 E/[ 1349.457032@3]- unreg(    0): v4lvideo
07-07 11:42:56.227 I/[ 1349.457607@3]- dim(    0): unreg:use[0]ms
07-07 11:42:56.227 D/        (    0): [ 1349.457635@3]- vdec_disable_DMC input->target= 0x1
07-07 11:42:56.227 D/        (    0): [ 1349.458004@2]- vdec_release instance 00000000e0c55144, total 1 id = 0
07-07 11:42:56.227 D/        (    0): [ 1349.458050@2]- the clk_hevc_mux    clock off, ref cnt: 0
07-07 11:42:56.227 D/        (    0): [ 1349.458056@2]- the clk_hevcb_mux   clock off, ref cnt: 0
07-07 11:42:56.227 D/        (    0): [ 1349.458065@2]- the vdec            clock off, ref cnt: 0
07-07 11:42:56.227 D/        (    0): [ 1349.458069@2]- the parser_top      clock off, ref cnt: 1
07-07 11:42:56.227 D/        (    0): [ 1349.458072@2]- the demux           clock off, ref cnt: 1
07-07 11:42:56.227 D/        (    0): [ 1349.458136@2]- the demux           clock on, ref cnt: 2
07-07 11:42:56.227 D/        (    0): [ 1349.458141@2]- the parser_top      clock on, ref cnt: 2
07-07 11:42:56.227 D/        (    0): [ 1349.458147@2]- the vdec            clock on, ref cnt: 1
07-07 11:42:56.229 D/        (    0): [ 1349.458167@2]- the clk_hevc_mux    clock on, ref cnt: 1
07-07 11:42:56.229 D/        (    0): [ 1349.458171@2]- the clk_hevcb_mux   clock on, ref cnt: 1
07-07 11:42:56.229 D/        (    0): [ 1349.458202@2]- hevc mux clock is 499999992 Hz
07-07 11:42:56.230 D/        (    0): [ 1349.458217@2]- hevc back mux clock is 499999992 Hz
07-07 11:42:56.230 D/        (    0): [ 1349.458305@2]- vdec_create instance 000000001b0a6ae7, total 1, PM: legacy
07-07 11:42:56.230 D/        (    0): [ 1349.458344@2]- set drmmode
07-07 11:42:56.230 I/        (    0): [ 1349.458371@2]- is_reset=1
07-07 11:42:56.230 I/        (    0): [ 1349.458397@2]- vdec_init, dev_name:ammvdec_h265, vdec_type=VDEC_TYPE_FRAME_BLOCK  id = 0
07-07 11:42:56.231 D/[ 1349.459076@2]- [0]pdata->config=hevc_buf_width(    0): 3840;hevc_buf_height:2160;hevc_buf_margin:7;hevc_double_write_mode:3;save_buffer_mode:0;
07-07 11:42:56.231 D/        (    0): [ 1349.459120@2]- decoder_bmmu_box_alloc_box, tvp_flags = 4
07-07 11:42:56.231 D/        (    0): [ 1349.459137@2]- [0]dynamic_buf_num_margin=9
07-07 11:42:56.231 D/        (    0): [ 1349.459141@2]- [0]double_write_mode=3
07-07 11:42:56.231 D/[ 1349.459149@2]- [0]h265(    0): pts_unstable=0
07-07 11:42:56.231 D/[ 1349.459155@2]- [0]h265(    0): ver (201602101,0) decinfo: 0x0 rate=3600
07-07 11:42:56.231 I/        (    0): [ 1349.461613@2]- [TEE], the fw (hevc_mmu) will be loaded.
07-07 11:42:56.231 D/        (    0): [ 1349.461660@2]- hevc mux clock is 666666656 Hz
07-07 11:42:56.231 D/        (    0): [ 1349.461676@2]- hevc back mux clock is 666666656 Hz
07-07 11:42:56.231 D/        (    0): [ 1349.461681@2]- hevc video changed to 3840 x 2160 60 fps clk->667MHZ
07-07 11:42:56.231 D/        (    0): [ 1349.461734@2]- vfm map vdec-map-0 created
07-07 11:42:56.231 I/[ 1349.461753@2]- dim(    0): ch[1]:di_receiver_event_fun,8:_REG
07-07 11:42:56.231 I/[ 1349.461757@2]- dim(    0): reg:vdec.h265.00[60]
07-07 11:42:56.231 I/[ 1349.462377@0]- dim(    0): reg:use[1]ms
07-07 11:42:56.231 E/[ 1349.462402@0]- reg(    0): v4lvideo
07-07 11:42:56.231 I/[ 1349.462411@0]- dim(    0): ch[1]:di_receiver_event_fun,3:_START
07-07 11:42:56.231 D/        (    0): [ 1349.462416@0]- vdec_init, vf_provider_name = vdec.h265.00, b 0
07-07 11:42:56.231 I/        (    0): [ 1349.462434@0]- vdec->port_flag=0x182, port_flag=0x18b
07-07 11:42:56.231 I/        (    0): [ 1349.462548@0]- is_reset=0
07-07 11:42:56.235 I/[ 1349.466372@2]- vframe_rate_uevent(    0): sent uevent FRAME_RATE_HINT=0
07-07 11:42:56.242 I/[ 1349.466542@2]- dim(    0): ch[1]:di_receiver_event_fun,1:_UNREG
07-07 11:42:56.242 E/[ 1349.466555@2]- unreg(    0): v4lvideo
07-07 11:42:56.242 I/[ 1349.467114@2]- dim(    0): unreg:use[1]ms
07-07 11:42:56.242 D/        (    0): [ 1349.467143@2]- vdec_disable_DMC input->target= 0x1
07-07 11:42:56.242 D/        (    0): [ 1349.467497@2]- vdec_release instance 000000001b0a6ae7, total 1 id = 0
07-07 11:42:56.242 D/        (    0): [ 1349.467540@2]- the clk_hevc_mux    clock off, ref cnt: 0
07-07 11:42:56.242 D/        (    0): [ 1349.467545@2]- the clk_hevcb_mux   clock off, ref cnt: 0
07-07 11:42:56.242 D/        (    0): [ 1349.467554@2]- the vdec            clock off, ref cnt: 0
07-07 11:42:56.243 D/        (    0): [ 1349.467558@2]- the parser_top      clock off, ref cnt: 1
07-07 11:42:56.243 D/        (    0): [ 1349.467562@2]- the demux           clock off, ref cnt: 1
07-07 11:42:56.243 D/        (    0): [ 1349.467588@2]d v4lvideo_release_map 0 OK
07-07 11:42:56.275 E/[ 1349.502767@2]- Warn(    0): TVP pool will release later.
07-07 11:42:56.275 E/[ 1349.502774@2]- Warn(    0): TVP pool will release later.
07-07 11:42:56.275 I/        (    0): [ 1349.502779@2]- tvp_user_count is 0
07-07 11:42:56.275 I/[ 1349.502784@2]- resman(    0): 57 release [tvp]
07-07 11:42:56.275 I/[ 1349.504124@2]- vc(    0): [0]vc: set enable index=0, val=0
07-07 11:42:56.275 I/[ 1349.504150@2]- VID(    0): store VD0 path_id changed 2->-1
07-07 11:42:56.275 I/        (    0): [ 1349.504154@2]- dev->index =0, val=1
07-07 11:42:56.275 I/[ 1349.504158@2]- VID(    0): VD1 off
07-07 11:42:56.275 I/[ 1349.504164@2]- VID(    0): VD1 set global output as 0
07-07 11:42:56.275 I/        (    0): [ 1349.504180@2]- common_vf_unreg_provider video_render.0: vd1 used: true, vd2 used: false, black_out:0, cur_buf:000000003c5e34d2
07-07 11:42:56.278 D/[ 1349.507855@1]- v4lvid(    0): dbg: vidioc_close!!!!
07-07 11:42:56.278 I/[ 1349.509782@1]- resman(    0): 55 release [codec_mm]
07-07 11:42:56.287 I/[ 1349.514896@0]h hdmitx(    0): hdmitx_set_hdr10plus_pkt: null vsif
07-07 11:42:56.302 E/[ 1349.530875@1]- Warn(    0): TVP pool will release later.
07-07 11:42:56.302 E/[ 1349.530883@1]- Warn(    0): TVP pool will release later.
07-07 11:42:56.302 E/[ 1349.530894@1]- Warn(    0): TVP pool will release later.
07-07 11:42:56.303 E/[ 1349.530897@1]- Warn(    0): TVP pool will release later.
07-07 11:42:56.303 E/[ 1349.530907@1]- Warn(    0): TVP pool will release later.
07-07 11:42:56.303 E/[ 1349.530910@1]- Warn(    0): TVP pool will release later.
07-07 11:42:56.346 E/[ 1349.574540@1]- Warn(    0): TVP pool will release later.
07-07 11:42:56.346 E/[ 1349.574546@1]- Warn(    0): TVP pool will release later.
07-07 11:42:56.442 D/INSETS  ( 3839): else - Package Name ::  left : 0 right :: 0 top :: 0 bottom :: 0 dfu-right :: 1920 dfu-bottom :: 1080
