06-19 14:42:04.557 W/ActivityManager( 3840): Slow operation: 317ms so far, now at startProcess: asking zygote to start proc
06-19 14:42:04.558 D/CompatibilityChangeReporter( 3840): Compat change id reported: 135634846; UID 1000; state: DISABLED
06-19 14:42:04.559 D/CompatibilityChangeReporter( 3840): Compat change id reported: 143937733; UID 10050; state: ENABLED
06-19 14:42:04.559 W/Looper  ( 3840): Slow dispatch took 194ms main h=android.app.ActivityThread$H c=android.app.-$$Lambda$LoadedApk$ReceiverDispatcher$Args$_BumDX2UKsnxLVrE6UJsJZkotuA@ff0546c m=0
06-19 14:42:04.591 W/ActivityManager( 3840): Slow operation: 352ms so far, now at startProcess: returned from zygote!
06-19 14:42:04.592 W/ActivityManager( 3840): Slow operation: 352ms so far, now at startProcess: done updating battery stats
06-19 14:42:04.592 W/ActivityManager( 3840): Slow operation: 352ms so far, now at startProcess: building log message
06-19 14:42:04.592 I/ActivityManager( 3840): Start proc 4811:com.jio.stb.tifextn/u0a50 for added application com.jio.stb.tifextn
06-19 14:42:04.592 W/ActivityManager( 3840): Slow operation: 353ms so far, now at startProcess: starting to update pids map
06-19 14:42:04.592 W/ActivityManager( 3840): Slow operation: 353ms so far, now at startProcess: done updating pids map
06-19 14:42:04.592 W/ActivityManager( 3840): Slow operation: 352ms so far, now at startProcess: asking zygote to start proc
06-19 14:42:04.626 W/ActivityManager( 3840): Slow operation: 386ms so far, now at startProcess: returned from zygote!
06-19 14:42:04.632 W/ActivityManager( 3840): Slow operation: 389ms so far, now at startProcess: done updating battery stats
06-19 14:42:04.632 W/ActivityManager( 3840): Slow operation: 392ms so far, now at startProcess: building log message
06-19 14:42:04.632 I/ActivityManager( 3840): Start proc 4833:com.iwedia.comedia.service/1000 for added application com.iwedia.comedia.service
06-19 14:42:04.632 W/ActivityManager( 3840): Slow operation: 392ms so far, now at startProcess: starting to update pids map
06-19 14:42:04.632 W/ActivityManager( 3840): Slow operation: 392ms so far, now at startProcess: done updating pids map
06-19 14:42:04.632 W/ActivityManager( 3840): Slow operation: 390ms so far, now at startProcess: asking zygote to start proc
06-19 14:42:04.633 D/CompatibilityChangeReporter( 3840): Compat change id reported: 143937733; UID 10031; state: ENABLED
06-19 14:42:04.642 W/Looper  ( 3840): Slow delivery took 239ms main h=android.app.ActivityThread$H c=android.app.-$$Lambda$LoadedApk$ReceiverDispatcher$Args$_BumDX2UKsnxLVrE6UJsJZkotuA@44cba1e m=0
06-19 14:42:04.648 I/SyncManager( 3840): Loaded persisted syncs: 0 periodic syncs, 0 oneshot syncs, 15 total system server jobs, JobStats: FirstLoad: 4/3/0 LastSave: -1/-1/-1
06-19 14:42:04.651 D/BluetoothManagerService( 3840): Bluetooth Adapter address changed to 2C:73:60:DB:C0:85
06-19 14:42:04.652 D/BluetoothManagerService( 3840): Stored Bluetoothaddress: 2C:73:60:DB:C0:85
06-19 14:42:04.652 D/BluetoothManagerService( 3840): Bluetooth Adapter name changed to JioSTB10879JioSTB
06-19 14:42:04.652 D/BluetoothManagerService( 3840): Stored Bluetooth name: JioSTB10879JioSTB
06-19 14:42:04.653 V/NotificationAssistants( 3840): 0 notification assistant service connected: ComponentInfo{android.ext.services/android.ext.services.notification.Assistant}
06-19 14:42:04.653 D/BackupManagerService( 3840): user:0 readBackupEnableState enabled:false
06-19 14:42:04.653 I/BackupManagerService( 3840): [UserID:0] Backup enabled => false
06-19 14:42:04.653 D/BackupManagerService( 3840): user:0 writeBackupEnableState enable:false
06-19 14:42:04.667 D/BluetoothManagerService( 3840): MESSAGE_BLUETOOTH_STATE_CHANGE: BLE_TURNING_ON > BLE_ON
06-19 14:42:04.667 D/BluetoothManagerService( 3840): Bluetooth is in LE only mode
06-19 14:42:04.667 D/BluetoothManagerService( 3840): Binding Bluetooth GATT service
06-19 14:42:04.673 D/BluetoothManagerService( 3840): Sending BLE State Change: BLE_TURNING_ON > BLE_ON
06-19 14:42:04.674 W/Looper  ( 3840): Drained
06-19 14:42:04.676 I/[   22.987470@1]- audio_dsp(    0): drc high cut scale set to 0%
06-19 14:42:04.685 W/ActivityManager( 3840): Slow operation: 443ms so far, now at startProcess: returned from zygote!
06-19 14:42:04.685 W/ActivityManager( 3840): Slow operation: 443ms so far, now at startProcess: done updating battery stats
06-19 14:42:04.686 W/ActivityManager( 3840): Slow operation: 443ms so far, now at startProcess: building log message
06-19 14:42:04.686 I/ActivityManager( 3840): Start proc 4859:com.jio.adc.aka/u0a31 for added application com.jio.adc.aka
06-19 14:42:04.686 W/ActivityManager( 3840): Slow operation: 444ms so far, now at startProcess: starting to update pids map
06-19 14:42:04.686 W/ActivityManager( 3840): Slow operation: 444ms so far, now at startProcess: done updating pids map
06-19 14:42:04.686 W/ActivityManager( 3840): Slow operation: 443ms so far, now at startProcess: asking zygote to start proc
06-19 14:42:04.753 W/ActivityManager( 3840): Slow operation: 509ms so far, now at startProcess: returned from zygote!
06-19 14:42:04.754 W/ActivityManager( 3840): Slow operation: 511ms so far, now at startProcess: done updating battery stats
06-19 14:42:04.755 W/ActivityManager( 3840): Slow operation: 511ms so far, now at startProcess: building log message
06-19 14:42:04.755 I/ActivityManager( 3840): Start proc 4883:com.jio.appoptimizer/1000 for added application com.jio.appoptimizer
06-19 14:42:04.755 W/ActivityManager( 3840): Slow operation: 511ms so far, now at startProcess: starting to update pids map
06-19 14:42:04.755 W/ActivityManager( 3840): Slow operation: 512ms so far, now at startProcess: done updating pids map
06-19 14:42:04.755 W/ActivityManager( 3840): Slow operation: 511ms so far, now at startProcess: asking zygote to start proc
06-19 14:42:04.759 I/[   22.987919@2]- audio_dsp(    0): drc low boost scale set to 0%
06-19 14:42:04.759 I/[   22.988349@2]- audio_dsp(    0): drc mode set to RF
06-19 14:42:04.761 I/StorageUserConnection( 3840): Service: [ComponentInfo{com.android.providers.media.module/com.android.providers.media.fuse.ExternalStorageServiceImpl}] connected. User [0]
06-19 14:42:04.814 W/ContextImpl( 4188): Calling a method in the system process without a qualified user: android.app.ContextImpl.startService:1669 android.content.ContextWrapper.startService:720 android.content.ContextWrapper.startService:720 com.droidlogic.btpair.FastBootComplete.onReceive:20 android.app.ActivityThread.handleReceiver:4026 
06-19 14:42:04.828 W/StorageManagerService( 3840): Reporting emulated;0 unmounted due to system locked
06-19 14:42:04.841 D/BluetoothManagerService( 3840): BluetoothServiceConnection: com.android.bluetooth.gatt.GattService
06-19 14:42:04.841 D/BluetoothManagerService( 3840): MESSAGE_BLUETOOTH_SERVICE_CONNECTED: 2
06-19 14:42:04.841 D/BluetoothManagerService( 3840): continueFromBleOnState()
06-19 14:42:04.846 D/BluetoothManagerService( 3840): Persisting Bluetooth Setting: 1
06-19 14:42:04.848 D/BluetoothManagerService( 3840): MESSAGE_BLUETOOTH_STATE_CHANGE: BLE_ON > TURNING_ON
06-19 14:42:04.848 D/BluetoothManagerService( 3840): Sending BLE State Change: BLE_ON > TURNING_ON
06-19 14:42:04.874 W/ContextImpl( 4833): Calling a method in the system process without a qualified user: android.app.ContextImpl.startService:1669 android.content.ContextWrapper.startService:720 android.content.ContextWrapper.startService:720 com.iwedia.dtv.ComediaReceiver.startService:65 com.iwedia.dtv.ComediaReceiver.onReceive:35 
06-19 14:42:04.886 D/CompatibilityChangeReporter( 3840): Compat change id reported: 135634846; UID 1000; state: DISABLED
06-19 14:42:04.906 W/ActivityManager( 3840): Slow operation: 662ms so far, now at startProcess: returned from zygote!
06-19 14:42:04.907 W/ActivityManager( 3840): Slow operation: 662ms so far, now at startProcess: done updating battery stats
06-19 14:42:04.912 W/ActivityManager( 3840): Slow operation: 668ms so far, now at startProcess: building log message
06-19 14:42:04.912 I/ActivityManager( 3840): Start proc 4925:insight.tr069.client/1000 for added application insight.tr069.client
06-19 14:42:04.912 W/ActivityManager( 3840): Slow operation: 668ms so far, now at startProcess: starting to update pids map
06-19 14:42:04.912 W/ActivityManager( 3840): Slow operation: 668ms so far, now at startProcess: done updating pids map
06-19 14:42:04.913 W/ActivityManager( 3840): Slow operation: 667ms so far, now at startProcess: asking zygote to start proc
06-19 14:42:04.920 W/StorageManagerService( 3840): Reporting emulated;0 unmounted due to system locked
06-19 14:42:04.927 W/StorageManagerService( 3840): Reporting emulated;0 unmounted due to system locked
06-19 14:42:04.940 D/ConnectivityService( 3840): Got NetworkProvider Messenger for WifiNetworkFactory
06-19 14:42:04.940 D/ConnectivityService( 3840): Got NetworkProvider Messenger for UntrustedWifiNetworkFactory
06-19 14:42:04.960 W/StorageManagerService( 3840): Reporting emulated;0 unmounted due to system locked
06-19 14:42:04.963 W/StorageManagerService( 3840): Reporting emulated;0 unmounted due to system locked
06-19 14:42:04.972 W/StorageManagerService( 3840): Reporting emulated;0 unmounted due to system locked
06-19 14:42:04.975 W/StorageManagerService( 3840): Reporting emulated;0 unmounted due to system locked
06-19 14:42:05.018 W/StorageManagerService( 3840): Reporting emulated;0 unmounted due to system locked
06-19 14:42:05.020 W/StorageManagerService( 3840): Reporting emulated;0 unmounted due to system locked
06-19 14:42:05.058 W/[   23.366870@2]- RTW(    0): cfg80211_rtw_scan(wlan0)
06-19 14:42:05.064 D/        (    0): [   23.366887@2]- random mac_addr: 00000000: ba 1b 37 55 48 17                                ..7UH.
06-19 14:42:05.064 W/[   23.366961@2]- RTW(    0): LeaveAllPowerSaveModeDirect.....
06-19 14:42:05.064 W/[   23.366971@2]- RTW(    0): rtw_hal_set_macaddr_port wlan0- hw port(0) mac_addr =ba:1b:37:55:48:17
06-19 14:42:05.064 W/[   23.367862@3]- RTW(    0): wlan0- hw port(0) mac_addr =ba:1b:37:55:48:17
06-19 14:42:05.064 W/[   23.368135@1]- RTW(    0): p2p0- hw port(1) mac_addr =2e:73:60:db:c0:84
06-19 14:42:05.064 W/[   23.368152@1]- RTW(    0): sitesurvey_cmd_hdl pno_scan_seq_num 2173
06-19 14:42:05.064 W/[   23.369598@1]- RTW(    0): [HW_VAR_CHECK_TXBUF] Empty in 0 ms
06-19 14:42:05.064 W/[   23.369766@1]- RTW(    0): wlan0 sleep m0=0x00000002, ori reg_0x4d4=0x00000000
06-19 14:42:05.156 W/ActivityManager( 3840): Slow operation: 911ms so far, now at startProcess: returned from zygote!
06-19 14:42:05.157 W/ActivityManager( 3840): Slow operation: 912ms so far, now at startProcess: done updating battery stats
06-19 14:42:05.157 W/ActivityManager( 3840): Slow operation: 912ms so far, now at startProcess: building log message
06-19 14:42:05.157 I/ActivityManager( 3840): Start proc 4957:com.iwedia.usbbenchmarkservice/1000 for added application com.iwedia.usbbenchmarkservice
06-19 14:42:05.157 W/ActivityManager( 3840): Slow operation: 912ms so far, now at startProcess: starting to update pids map
06-19 14:42:05.158 W/ActivityManager( 3840): Slow operation: 912ms so far, now at startProcess: done updating pids map
06-19 14:42:05.158 W/ActivityManager( 3840): Slow operation: 911ms so far, now at startProcess: asking zygote to start proc
06-19 14:42:05.191 D/CompatibilityChangeReporter( 3840): Compat change id reported: 135634846; UID 10057; state: DISABLED
06-19 14:42:05.205 D/BluetoothManagerService( 3840): MESSAGE_BLUETOOTH_STATE_CHANGE: TURNING_ON > ON
06-19 14:42:05.205 D/BluetoothManagerService( 3840): Broadcasting onBluetoothStateChange(true) to 4 receivers.
06-19 14:42:05.206 D/BluetoothManagerService( 3840): Creating new ProfileServiceConnections object for profile: 1
06-19 14:42:05.210 D/CompatibilityChangeReporter( 3840): Compat change id reported: 135634846; UID 10004; state: DISABLED
06-19 14:42:05.212 D/BluetoothManagerService( 3840): Sending BLE State Change: TURNING_ON > ON
06-19 14:42:05.233 W/StorageManagerService( 3840): Reporting emulated;0 unmounted due to system locked
06-19 14:42:05.236 W/StorageManagerService( 3840): Reporting emulated;0 unmounted due to system locked
06-19 14:42:05.259 W/ActivityManager( 3840): Slow operation: 1013ms so far, now at startProcess: returned from zygote!
06-19 14:42:05.260 W/ActivityManager( 3840): Slow operation: 1014ms so far, now at startProcess: done updating battery stats
06-19 14:42:05.260 W/ActivityManager( 3840): Slow operation: 1014ms so far, now at startProcess: building log message
06-19 14:42:05.260 I/ActivityManager( 3840): Start proc 4982:com.rjil.podlogservice/1000 for added application com.rjil.podlogservice
06-19 14:42:05.260 W/ActivityManager( 3840): Slow operation: 1014ms so far, now at startProcess: starting to update pids map
06-19 14:42:05.261 W/ActivityManager( 3840): Slow operation: 1015ms so far, now at startProcess: done updating pids map
06-19 14:42:05.261 W/ActivityManager( 3840): Slow operation: 714ms so far, now at startProcess: asking zygote to start proc
06-19 14:42:05.262 D/CompatibilityChangeReporter( 3840): Compat change id reported: 143937733; UID 10034; state: ENABLED
06-19 14:42:05.289 W/ActivityManager( 3840): Slow operation: 741ms so far, now at startProcess: returned from zygote!
06-19 14:42:05.289 W/ActivityManager( 3840): Slow operation: 742ms so far, now at startProcess: done updating battery stats
06-19 14:42:05.289 W/ActivityManager( 3840): Slow operation: 742ms so far, now at startProcess: building log message
06-19 14:42:05.289 I/ActivityManager( 3840): Start proc 5010:com.iwedia.ui.rjio.launcher.reliance/u0a34 for top-activity {com.iwedia.ui.rjio.launcher.reliance/com.iwedia.ui.rjio.launcher.ui.intro.IntroActivity}
06-19 14:42:05.289 W/ActivityManager( 3840): Slow operation: 742ms so far, now at startProcess: starting to update pids map
06-19 14:42:05.289 W/ActivityManager( 3840): Slow operation: 742ms so far, now at startProcess: done updating pids map
06-19 14:42:05.290 W/ActivityManager( 3840): Slow operation: 735ms so far, now at startProcess: asking zygote to start proc
06-19 14:42:05.290 D/CompatibilityChangeReporter( 3840): Compat change id reported: 143937733; UID 10085; state: ENABLED
06-19 14:42:05.355 W/ActivityManager( 3840): Slow operation: 800ms so far, now at startProcess: returned from zygote!
06-19 14:42:05.361 W/ActivityManager( 3840): Slow operation: 807ms so far, now at startProcess: done updating battery stats
06-19 14:42:05.361 W/ActivityManager( 3840): Slow operation: 807ms so far, now at startProcess: building log message
06-19 14:42:05.362 I/ActivityManager( 3840): Start proc 5043:io.appium.settings/u0a85 for service {io.appium.settings/io.appium.settings.NLService}
06-19 14:42:05.363 W/ActivityManager( 3840): Slow operation: 809ms so far, now at startProcess: starting to update pids map
06-19 14:42:05.363 W/ActivityManager( 3840): Slow operation: 809ms so far, now at startProcess: done updating pids map
06-19 14:42:05.364 W/ActivityManager( 3840): Slow operation: 806ms so far, now at startProcess: asking zygote to start proc
06-19 14:42:05.420 V/ActivityTaskManager( 3840): Old State : INITIALIZING Updated state : RESUMED Activity : ComponentInfo{com.iwedia.ui.rjio.launcher.reliance/com.iwedia.ui.rjio.launcher.ui.intro.IntroActivity}
06-19 14:42:05.420 V/ActivityTaskManager( 3840): Sending Broadcast : Intent { act=com.jio.remote.action.applaunch flg=0x40000000 pkg=com.jio.remote.btserver (has extras) }
06-19 14:42:05.458 W/ActivityManager( 3840): Slow operation: 901ms so far, now at startProcess: returned from zygote!
06-19 14:42:05.459 W/ActivityManager( 3840): Slow operation: 902ms so far, now at startProcess: done updating battery stats
06-19 14:42:05.460 W/ActivityManager( 3840): Slow operation: 903ms so far, now at startProcess: building log message
06-19 14:42:05.460 I/ActivityManager( 3840): Start proc 5064:com.iwedia.notificationservice/1000 for service {com.iwedia.notificationservice/com.iwedia.notificationservice.utils.IwediaNLService}
06-19 14:42:05.460 W/ActivityManager( 3840): Slow operation: 903ms so far, now at startProcess: starting to update pids map
06-19 14:42:05.461 W/ActivityManager( 3840): Slow operation: 904ms so far, now at startProcess: done updating pids map
06-19 14:42:05.461 W/ActivityManager( 3840): Slow operation: 576ms so far, now at startProcess: asking zygote to start proc
06-19 14:42:05.499 W/[   23.812497@1]- tuner(    0): mxl251_fe_init tuner_dev[0].config.reset.pin=412 i2c_addr=0x53,reset_value=0
06-19 14:42:05.501 W/ActivityManager( 3840): Slow operation: 616ms so far, now at startProcess: returned from zygote!
06-19 14:42:05.502 W/ActivityManager( 3840): Slow operation: 617ms so far, now at startProcess: done updating battery stats
06-19 14:42:05.502 W/ActivityManager( 3840): Slow operation: 617ms so far, now at startProcess: building log message
06-19 14:42:05.502 I/ActivityManager( 3840): Start proc 5096:com.rjil.jiostbsetting/1000 for broadcast {com.rjil.jiostbsetting/com.rjil.jiostbsetting.pod.receiver.BootCompletedReceiver}
06-19 14:42:05.502 W/ActivityManager( 3840): Slow operation: 617ms so far, now at startProcess: starting to update pids map
06-19 14:42:05.509 W/[   23.812505@1]- tuner(    0): mxl251_fe_init reset
06-19 14:42:05.509 W/ActivityManager( 3840): Slow operation: 624ms so far, now at startProcess: done updating pids map
06-19 14:42:05.509 W/ActivityManager( 3840): Slow operation: 319ms so far, now at startProcess: asking zygote to start proc
06-19 14:42:05.509 D/CompatibilityChangeReporter( 3840): Compat change id reported: 143937733; UID 10057; state: DISABLED
06-19 14:42:05.551 W/ActivityManager( 3840): Slow operation: 361ms so far, now at startProcess: returned from zygote!
06-19 14:42:05.551 W/ActivityManager( 3840): Slow operation: 361ms so far, now at startProcess: done updating battery stats
06-19 14:42:05.552 W/ActivityManager( 3840): Slow operation: 361ms so far, now at startProcess: building log message
06-19 14:42:05.552 I/ActivityManager( 3840): Start proc 5118:com.android.music/u0a57 for service {com.android.music/com.android.music.MediaPlaybackService}
06-19 14:42:05.552 W/ActivityManager( 3840): Slow operation: 362ms so far, now at startProcess: starting to update pids map
06-19 14:42:05.552 W/ActivityManager( 3840): Slow operation: 362ms so far, now at startProcess: done updating pids map
06-19 14:42:05.552 W/ActivityManager( 3840): Slow operation: 344ms so far, now at startProcess: asking zygote to start proc
06-19 14:42:05.552 D/CompatibilityChangeReporter( 3840): Compat change id reported: 143937733; UID 10004; state: ENABLED
06-19 14:42:05.582 V/NotificationListeners( 3840): 0 notification listener service connected: ComponentInfo{com.iwedia.notificationservice/com.iwedia.notificationservice.utils.IwediaNLService}
06-19 14:42:05.599 W/ActivityManager( 3840): Slow operation: 390ms so far, now at startProcess: returned from zygote!
06-19 14:42:05.604 W/ActivityManager( 3840): Slow operation: 396ms so far, now at startProcess: done updating battery stats
06-19 14:42:05.604 W/ActivityManager( 3840): Slow operation: 396ms so far, now at startProcess: building log message
06-19 14:42:05.604 I/ActivityManager( 3840): Start proc 5140:android.process.acore/u0a4 for content provider {com.android.providers.contacts/com.android.providers.contacts.ContactsProvider2}
06-19 14:42:05.604 W/ActivityManager( 3840): Slow operation: 396ms so far, now at startProcess: starting to update pids map
06-19 14:42:05.605 W/ActivityManager( 3840): Slow operation: 397ms so far, now at startProcess: done updating pids map
06-19 14:42:05.620 V/NotificationListeners( 3840): 0 notification listener service connected: ComponentInfo{io.appium.settings/io.appium.settings.NLService}
06-19 14:42:05.785 D/CountryDetector( 3840): The first listener is added
06-19 14:42:05.789 D/ActivityThread( 5140): Loading provider contacts;com.android.contacts: com.android.providers.contacts.ContactsProvider2
06-19 14:42:05.820 I/vold    ( 3346): Bind mounting /mnt/runtime/default/emulated/0/Android/data on /mnt/user/0/emulated/0/Android/data
06-19 14:42:05.824 I/vold    ( 3346): Bind mounted /mnt/runtime/default/emulated/0/Android/data on /mnt/user/0/emulated/0/Android/data
06-19 14:42:05.824 I/vold    ( 3346): Bind mounting /mnt/runtime/default/emulated/0/Android/obb on /mnt/user/0/emulated/0/Android/obb
06-19 14:42:05.828 I/vold    ( 3346): Bind mounted /mnt/runtime/default/emulated/0/Android/obb on /mnt/user/0/emulated/0/Android/obb
06-19 14:42:05.828 I/vold    ( 3346): Bind mounting /mnt/runtime/write/emulated/0/Android/obb on /mnt/installer/0/emulated/0/Android/obb
06-19 14:42:05.851 I/vold    ( 3346): Bind mounted /mnt/runtime/write/emulated/0/Android/obb on /mnt/installer/0/emulated/0/Android/obb
06-19 14:42:05.851 I/vold    ( 3346): Configuring read_ahead of /mnt/user/0/emulated fuse filesystem to 256kb
06-19 14:42:05.852 I/vold    ( 3346): Writing 256 to /sys/class/bdi/0:57/read_ahead_kb
06-19 14:42:05.852 I/vold    ( 3346): Configuring max_ratio of /mnt/user/0/emulated fuse filesystem to 40
06-19 14:42:05.853 I/vold    ( 3346): Writing 40 to /sys/class/bdi/0:57/max_ratio
06-19 14:42:05.853 I/StorageManagerService( 3840): Mounted volume VolumeInfo{emulated;0}:
06-19 14:42:05.853 I/StorageManagerService( 3840):     type=EMULATED diskId=null partGuid= mountFlags=PRIMARY|VISIBLE 
06-19 14:42:05.853 I/StorageManagerService( 3840):     mountUserId=0 state=MOUNTED 
06-19 14:42:05.853 I/StorageManagerService( 3840):     fsType=null fsUuid=null fsLabel=null 
06-19 14:42:05.853 I/StorageManagerService( 3840):     path=/storage/emulated internalPath=/data/media 
06-19 14:42:05.854 I/StorageSessionController( 3840): Notifying volume state changed for session with id: emulated;0
06-19 14:42:05.882 I/StorageSessionController( 3840): Notifying volume state changed for session with id: emulated;0
06-19 14:42:05.884 W/StorageManagerService( 3840): Reporting emulated;0 unmounted due to system locked
06-19 14:42:05.885 W/StorageManagerService( 3840): Reporting emulated;0 unmounted due to system locked
06-19 14:42:05.888 W/StorageManagerService( 3840): Reporting emulated;0 unmounted due to system locked
06-19 14:42:05.934 W/StorageManagerService( 3840): Reporting emulated;0 unmounted due to system locked
06-19 14:42:05.936 W/StorageManagerService( 3840): Reporting emulated;0 unmounted due to system locked
06-19 14:42:05.936 W/StorageManagerService( 3840): Reporting emulated;0 unmounted due to system locked
06-19 14:42:05.990 W/StorageManagerService( 3840): Reporting emulated;0 unmounted due to system locked
06-19 14:42:06.000 W/StorageManagerService( 3840): Reporting emulated;0 unmounted due to system locked
06-19 14:42:06.056 W/ContextImpl( 5096): Calling a method in the system process without a qualified user: android.app.ContextImpl.startForegroundService:1675 android.content.ContextWrapper.startForegroundService:725 com.rjil.jiostbsetting.MyApplication.actionOnService:134 com.rjil.jiostbsetting.MyApplication.adcinit:121 com.rjil.jiostbsetting.MyApplication.onCreate:63 
06-19 14:42:06.093 W/[   24.398739@2]- tuner(    0): mxl251_fe_init: in :940 reset finish
06-19 14:42:06.284 W/ContextImpl( 5096): Calling a method in the system process without a qualified user: android.app.ContextImpl.bindService:1748 android.content.ContextWrapper.bindService:756 com.rjil.jiostbsetting.MyApplication.bindJioService:154 com.rjil.jiostbsetting.MyApplication.onCreate:84 android.app.Instrumentation.callApplicationOnCreate:1192 
06-19 14:42:06.293 V/BackupManagerConstants( 3840): getKeyValueBackupIntervalMilliseconds(...) returns 14400000
06-19 14:42:06.293 V/BackupManagerConstants( 3840): getKeyValueBackupFuzzMilliseconds(...) returns 600000
06-19 14:42:06.293 V/BackupManagerConstants( 3840): getKeyValueBackupRequiredNetworkType(...) returns 1
06-19 14:42:06.293 V/BackupManagerConstants( 3840): getKeyValueBackupRequireCharging(...) returns true
06-19 14:42:06.293 V/KeyValueBackupJob( 3840): Scheduling k/v pass in 247 minutes
06-19 14:42:06.294 W/ActivityManager( 3840): Unable to start service Intent { act=com.jio.stb.jioservice.JioService pkg=com.jio.stb.jioservice } U=0: not found
06-19 14:42:06.301 I/ActivityTaskManager( 3840): START u0 {flg=0x10000000 cmp=com.iwedia.ui.rjio.launcher.reliance/com.iwedia.ui.rjio.launcher.ui.intro.JioPrerollVideoActivity (has extras)} from uid 10034
06-19 14:42:06.301 D/ActivityTaskManager( 3840): recent debug: [launchedPkgName] --> com.iwedia.ui.rjio.launcher.reliance [callingPackage] --> com.iwedia.ui.rjio.launcher.reliance
06-19 14:42:06.304 V/ActivityTaskManager( 3840): Old State : null Updated state : INITIALIZING Activity : ComponentInfo{com.iwedia.ui.rjio.launcher.reliance/com.iwedia.ui.rjio.launcher.ui.intro.JioPrerollVideoActivity}
06-19 14:42:06.304 V/ActivityTaskManager( 3840): Sending Broadcast : Intent { act=com.jio.remote.action.applaunch flg=0x40000000 pkg=com.jio.remote.btserver (has extras) }
06-19 14:42:06.308 D/INSETS  ( 3840): else - Package Name ::  left : 0 right :: 0 top :: 0 bottom :: 0 dfu-right :: 1920 dfu-bottom :: 1080
06-19 14:42:06.309 V/ActivityTaskManager( 3840): Old State : RESUMED Updated state : PAUSING Activity : ComponentInfo{com.iwedia.ui.rjio.launcher.reliance/com.iwedia.ui.rjio.launcher.ui.intro.IntroActivity}
06-19 14:42:06.309 V/ActivityTaskManager( 3840): Sending Broadcast : Intent { act=com.jio.remote.action.applaunch flg=0x40000000 pkg=com.jio.remote.btserver (has extras) }
06-19 14:42:06.326 W/ContextImpl( 5096): Calling a method in the system process without a qualified user: android.app.ContextImpl.startService:1669 android.content.ContextWrapper.startService:720 android.content.ContextWrapper.startService:720 com.rjil.jiostbsetting.pod.receiver.BootCompletedReceiver.startFirmwareSilentUpgrade:48 com.rjil.jiostbsetting.pod.receiver.BootCompletedReceiver.onReceive:39 
06-19 14:42:06.329 D/CompatibilityChangeReporter( 3840): Compat change id reported: 136274596; UID 10034; state: ENABLED
06-19 14:42:06.361 W/ContextImpl( 4750): Calling a method in the system process without a qualified user: android.app.ContextImpl.startForegroundService:1675 android.content.ContextWrapper.startForegroundService:725 android.content.ContextWrapper.startForegroundService:725 com.iwedia.ledmanager.BootCompletedReceiver.onReceive:23 android.app.ActivityThread.handleReceiver:4026 
06-19 14:42:06.374 D/CompatibilityChangeReporter( 3840): Compat change id reported: 135634846; UID 1000; state: DISABLED
06-19 14:42:06.394 I/StorageSessionController( 3840): Notifying volume state changed for session with id: emulated;0
06-19 14:42:06.442 W/ContextImpl( 5096): Calling a method in the system process without a qualified user: android.app.ContextImpl.bindService:1748 android.content.ContextWrapper.bindService:756 com.rjil.jiostbsetting.dc.DCServiceConnector.bindService:77 com.rjil.jiostbsetting.service.EndlessService.onCreate:665 android.app.ActivityThread.handleCreateService:4186 
06-19 14:42:06.448 W/ActivityManager( 3840): Slow operation: 75ms so far, now at startProcess: returned from zygote!
06-19 14:42:06.448 W/ActivityManager( 3840): Slow operation: 75ms so far, now at startProcess: done updating battery stats
06-19 14:42:06.449 W/ActivityManager( 3840): Slow operation: 75ms so far, now at startProcess: building log message
06-19 14:42:06.449 I/ActivityManager( 3840): Start proc 5237:com.iwedia.pvodupdateservice/1000 for broadcast {com.iwedia.pvodupdateservice/com.iwedia.pvodupdateservice.BootReceiver}
06-19 14:42:06.449 W/ActivityManager( 3840): Slow operation: 76ms so far, now at startProcess: starting to update pids map
06-19 14:42:06.451 W/ActivityManager( 3840): Slow operation: 77ms so far, now at startProcess: done updating pids map
06-19 14:42:06.460 D/CompatibilityChangeReporter( 3840): Compat change id reported: 136219221; UID 1000; state: ENABLED
06-19 14:42:06.511 V/ActivityTaskManager( 3840): Old State : FINISHING Updated state : DESTROYING Activity : ComponentInfo{com.android.tv.settings/com.android.tv.settings.system.FallbackHome}
06-19 14:42:06.511 V/ActivityTaskManager( 3840): Sending Broadcast : Intent { act=com.jio.remote.action.applaunch flg=0x40000000 pkg=com.jio.remote.btserver (has extras) }
06-19 14:42:06.516 D/CompatibilityChangeReporter( 3840): Compat change id reported: 136219221; UID 1000; state: ENABLED
06-19 14:42:06.519 D/StorageManagerService( 3840): Volume emulated;0 broadcasting mounted to UserHandle{0}
06-19 14:42:06.521 D/StorageManagerService( 3840): Volume emulated;0 broadcasting mounted to UserHandle{0}
06-19 14:42:06.554 V/ActivityTaskManager( 3840): Old State : DESTROYING Updated state : DESTROYED Activity : ComponentInfo{com.android.tv.settings/com.android.tv.settings.system.FallbackHome}
06-19 14:42:06.554 V/ActivityTaskManager( 3840): Sending Broadcast : Intent { act=com.jio.remote.action.applaunch flg=0x40000000 pkg=com.jio.remote.btserver (has extras) }
06-19 14:42:06.608 W/ContextImpl( 5237): Calling a method in the system process without a qualified user: android.app.ContextImpl.startForegroundService:1675 android.content.ContextWrapper.startForegroundService:725 android.content.ContextWrapper.startForegroundService:725 com.iwedia.pvodupdateservice.BootReceiver.onReceive:16 android.app.ActivityThread.handleReceiver:4026 
06-19 14:42:06.679 I/DropBoxManagerService( 3840): add tag=SYSTEM_BOOT isTagEnabled=true flags=0x2
06-19 14:42:06.701 D/CompatibilityChangeReporter( 3840): Compat change id reported: 136219221; UID 1000; state: DISABLED
06-19 14:42:06.714 W/NotificationHistory( 3840): Attempted to add notif for locked/gone/disabled user 0
06-19 14:42:06.714 I/BootReceiver( 3840): Copying audit failures to DropBox
06-19 14:42:06.715 I/BootReceiver( 3840): Checking for fsck errors
06-19 14:42:06.717 I/BootReceiver( 3840): fs_stat, partition:data found tree optimization:Inode 96907 extent tree (at level 1) could be shorter.  Optimize? yes
06-19 14:42:06.717 I/BootReceiver( 3840): fs_stat, partition:data found quota warning:[QUOTA WARNING] Usage inconsistent for ID 10080:actual (3538944, 128) != expected (3543040, 128)
06-19 14:42:06.717 I/BootReceiver( 3840): fs_stat, partition:data found quota warning:[QUOTA WARNING] Usage inconsistent for ID 10080:actual (1953792, 69) != expected (1957888, 69)
06-19 14:42:06.717 I/BootReceiver( 3840): fs_stat, partition:data fix ignored
06-19 14:42:06.728 I/BootReceiver( 3840): fs_stat, partition:data stat:0xb
06-19 14:42:06.732 I/BootReceiver( 3840): fs_stat, partition:odm_ext fix:odm_ext: 60/4096 files (0.0% non-contiguous), 996/4096 blocks
06-19 14:42:06.732 I/BootReceiver( 3840): fs_stat, partition:odm_ext stat:0x44b
06-19 14:42:06.732 I/BootReceiver( 3840): fs_stat, partition:cache stat:0xb
06-19 14:42:06.732 I/BootReceiver( 3840): fs_stat, partition:param stat:0x4b
06-19 14:42:06.732 I/BootReceiver( 3840): fs_stat, partition:tee stat:0x4b
06-19 14:42:06.737 W/ContextImpl( 4188): Calling a method in the system process without a qualified user: android.app.ContextImpl.startService:1669 android.content.ContextWrapper.startService:720 android.content.ContextWrapper.startService:720 com.droidlogic.BootComplete.onReceive:85 android.app.ActivityThread.handleReceiver:4026 
06-19 14:42:06.745 W/ContextImpl( 4188): Calling a method in the system process without a qualified user: android.app.ContextImpl.startService:1669 android.content.ContextWrapper.startService:720 android.content.ContextWrapper.startService:720 com.droidlogic.BootComplete.onReceive:88 android.app.ActivityThread.handleReceiver:4026 
06-19 14:42:06.752 W/ContextImpl( 4188): Calling a method in the system process without a qualified user: android.app.ContextImpl.startService:1669 android.content.ContextWrapper.startService:720 android.content.ContextWrapper.startService:720 com.droidlogic.BootComplete.onReceive:89 android.app.ActivityThread.handleReceiver:4026 
06-19 14:42:06.758 W/NotificationHistory( 3840): Attempted to add notif for locked/gone/disabled user 0
06-19 14:42:06.765 D/CompatibilityChangeReporter( 3840): Compat change id reported: 135634846; UID 10015; state: DISABLED
06-19 14:42:06.766 D/CompatibilityChangeReporter( 3840): Compat change id reported: 143937733; UID 10015; state: ENABLED
06-19 14:42:06.801 W/ContextImpl( 4188): Calling a method in the system process without a qualified user: android.app.ContextImpl.startService:1669 android.content.ContextWrapper.startService:720 android.content.ContextWrapper.startService:720 com.droidlogic.BootComplete$1.onChange:180 com.droidlogic.BootComplete.updateDeveloperOptionsWatcher:189 
06-19 14:42:06.807 W/ActivityTaskManager( 3840): Activity top resumed state loss timeout for ActivityRecord{f1e0f3f u0 com.iwedia.ui.rjio.launcher.reliance/com.iwedia.ui.rjio.launcher.ui.intro.IntroActivity t442}
06-19 14:42:06.807 W/ActivityTaskManager( 3840): Activity pause timeout for ActivityRecord{f1e0f3f u0 com.iwedia.ui.rjio.launcher.reliance/com.iwedia.ui.rjio.launcher.ui.intro.IntroActivity t442}
06-19 14:42:06.809 W/ActivityTaskManager( 3840): Tried to set launchTime (0) < mLastActivityLaunchTime (23569)
06-19 14:42:06.812 V/ActivityTaskManager( 3840): Old State : PAUSING Updated state : PAUSED Activity : ComponentInfo{com.iwedia.ui.rjio.launcher.reliance/com.iwedia.ui.rjio.launcher.ui.intro.IntroActivity}
06-19 14:42:06.812 V/ActivityTaskManager( 3840): Sending Broadcast : Intent { act=com.jio.remote.action.applaunch flg=0x40000000 pkg=com.jio.remote.btserver (has extras) }
06-19 14:42:06.815 V/ActivityTaskManager( 3840): Old State : INITIALIZING Updated state : RESUMED Activity : ComponentInfo{com.iwedia.ui.rjio.launcher.reliance/com.iwedia.ui.rjio.launcher.ui.intro.JioPrerollVideoActivity}
06-19 14:42:06.815 V/ActivityTaskManager( 3840): Sending Broadcast : Intent { act=com.jio.remote.action.applaunch flg=0x40000000 pkg=com.jio.remote.btserver (has extras) }
06-19 14:42:06.837 W/ActivityManager( 3840): Slow operation: 73ms so far, now at startProcess: returned from zygote!
06-19 14:42:06.838 W/ActivityManager( 3840): Slow operation: 74ms so far, now at startProcess: done updating battery stats
06-19 14:42:06.838 W/ActivityManager( 3840): Slow operation: 74ms so far, now at startProcess: building log message
06-19 14:42:06.838 I/ActivityManager( 3840): Start proc 5279:android.process.media/u0a15 for content provider {com.android.providers.downloads/com.android.providers.downloads.DownloadProvider}
06-19 14:42:06.838 W/ActivityManager( 3840): Slow operation: 74ms so far, now at startProcess: starting to update pids map
06-19 14:42:06.838 W/ActivityManager( 3840): Slow operation: 74ms so far, now at startProcess: done updating pids map
06-19 14:42:06.929 D/CompatibilityChangeReporter( 3840): Compat change id reported: 135634846; UID 1002; state: DISABLED
06-19 14:42:06.969 I/ActivityManager( 3840): Start proc 5301:com.iwedia.bluetoothconnectionservice/1002 for broadcast {com.iwedia.bluetoothconnectionservice/com.iwedia.bluetoothconnectionservice.BluetoothBroadcastReceiver}
06-19 14:42:06.987 W/NotificationHistory( 3840): Attempted to add notif for locked/gone/disabled user 0
06-19 14:42:07.082 W/ContextImpl( 5096): Calling a method in the system process without a qualified user: android.app.ContextImpl.bindService:1748 android.content.ContextWrapper.bindService:756 com.rjil.jiostbsetting.service.EndlessService.registerSSOService:844 com.rjil.jiostbsetting.service.EndlessService.registerSSOService$default:831 com.rjil.jiostbsetting.service.EndlessService.onCreate:694 
06-19 14:42:07.085 D/CompatibilityChangeReporter( 3840): Compat change id reported: 135634846; UID 10008; state: DISABLED
06-19 14:42:07.086 D/CompatibilityChangeReporter( 3840): Compat change id reported: 143937733; UID 10008; state: ENABLED
06-19 14:42:07.117 I/ActivityManager( 3840): Start proc 5322:com.media.jio.sso.stb:remote/u0a8 for service {com.media.jio.sso.stb/com.media.jio.sso.stb.services.AIDLServer}
06-19 14:42:07.119 W/ContextImpl( 5096): Calling a method in the system process without a qualified user: android.app.ContextImpl.bindService:1748 android.content.ContextWrapper.bindService:756 com.rjil.jiostbsetting.fragments.remote_accessory.RCUDataManager.bindiWediaService:391 com.rjil.jiostbsetting.fragments.remote_accessory.RCUDataManager.bindProviderService:458 com.rjil.jiostbsetting.fragments.remote_accessory.RCUDataManager.setUp:477 
06-19 14:42:07.134 D/CompatibilityChangeReporter( 3840): Compat change id reported: 135634846; UID 1000; state: DISABLED
06-19 14:42:07.182 I/ActivityManager( 3840): Start proc 5346:com.iwedia.tvinput/1000 for broadcast {com.iwedia.tvinput/com.iwedia.tvinput.BootUpReceiver}
06-19 14:42:07.374 W/ContextImpl( 5346): Calling a method in the system process without a qualified user: android.app.ContextImpl.startForegroundService:1675 android.content.ContextWrapper.startForegroundService:725 android.content.ContextWrapper.startForegroundService:725 com.iwedia.tvinput.BootUpReceiver.onReceive:38 android.app.ActivityThread.handleReceiver:4026 
06-19 14:42:07.385 D/CompatibilityChangeReporter( 3840): Compat change id reported: 135634846; UID 1000; state: DISABLED
06-19 14:42:07.396 D/CompatibilityChangeReporter( 3840): Compat change id reported: 136219221; UID 1000; state: ENABLED
06-19 14:42:07.396 D/CompatibilityChangeReporter( 3840): Compat change id reported: 136219221; UID 1000; state: DISABLED
06-19 14:42:07.411 W/ContextImpl( 4925): Calling a method in the system process without a qualified user: android.app.ContextImpl.startService:1669 android.content.ContextWrapper.startService:720 android.content.ContextWrapper.startService:720 insight.tr069.client.TR069ClientOnBootReceiver.onReceive:34 android.app.ActivityThread.handleReceiver:4026 
06-19 14:42:07.454 W/ActivityManager( 3840): Slow operation: 70ms so far, now at startProcess: returned from zygote!
06-19 14:42:07.455 W/ActivityManager( 3840): Slow operation: 71ms so far, now at startProcess: done updating battery stats
06-19 14:42:07.455 W/ActivityManager( 3840): Slow operation: 71ms so far, now at startProcess: building log message
06-19 14:42:07.455 I/ActivityManager( 3840): Start proc 5382:com.android.localtransport/1000 for service {com.android.localtransport/com.android.localtransport.LocalTransportService}
06-19 14:42:07.455 W/ActivityManager( 3840): Slow operation: 71ms so far, now at startProcess: starting to update pids map
06-19 14:42:07.456 W/ActivityManager( 3840): Slow operation: 72ms so far, now at startProcess: done updating pids map
06-19 14:42:07.490 V/ActivityManager( 3840): Attempted to start a foreground service (com.iwedia.tvinput/.TvService) with a broken notification (no icon: Notification(channel=com.iwedia.tvinput shortcut=null contentView=null vibrate=null sound=null defaults=0x0 flags=0x40 color=0x00000000 vis=PRIVATE))
06-19 14:42:07.521 W/ActivityManager( 3840): Slow operation: 107ms so far, now at startProcess: returned from zygote!
06-19 14:42:07.522 W/ContextImpl( 5346): Calling a method in the system process without a qualified user: android.app.ContextImpl.bindService:1748 android.content.ContextWrapper.bindService:756 com.iwedia.dtv.DTVServiceLocator.bindToComedia:166 com.iwedia.dtv.DTVServiceLocator.connect:63 com.iwedia.dtv.DTVServiceLocator.connectBlocking:26 
06-19 14:42:07.522 W/ActivityManager( 3840): Slow operation: 108ms so far, now at startProcess: done updating battery stats
06-19 14:42:07.522 W/ActivityManager( 3840): Slow operation: 108ms so far, now at startProcess: building log message
06-19 14:42:07.522 I/ActivityManager( 3840): Start proc 5395:com.jio.stb.remotediagnose/1000 for broadcast {com.jio.stb.remotediagnose/com.jio.stb.remotediagnose.BootReceiver}
06-19 14:42:07.522 W/ActivityManager( 3840): Slow operation: 108ms so far, now at startProcess: starting to update pids map
06-19 14:42:07.522 W/ActivityManager( 3840): Slow operation: 108ms so far, now at startProcess: done updating pids map
06-19 14:42:07.569 D/CompatibilityChangeReporter( 3840): Compat change id reported: 135634846; UID 10047; state: DISABLED
06-19 14:42:07.579 D/CompatibilityChangeReporter( 3840): Compat change id reported: 143937733; UID 10047; state: ENABLED
06-19 14:42:07.605 D/CompatibilityChangeReporter( 3840): Compat change id reported: 136219221; UID 1000; state: ENABLED
06-19 14:42:07.606 D/CompatibilityChangeReporter( 3840): Compat change id reported: 136219221; UID 1000; state: DISABLED
06-19 14:42:07.620 W/ActivityManager( 3840): Slow operation: 52ms so far, now at startProcess: returned from zygote!
06-19 14:42:07.621 W/ActivityManager( 3840): Slow operation: 53ms so far, now at startProcess: done updating battery stats
06-19 14:42:07.622 W/ActivityManager( 3840): Slow operation: 53ms so far, now at startProcess: building log message
06-19 14:42:07.622 I/ActivityManager( 3840): Start proc 5431:com.android.printspooler/u0a47 for service {com.android.printspooler/com.android.printspooler.model.PrintSpoolerService}
06-19 14:42:07.622 W/ActivityManager( 3840): Slow operation: 53ms so far, now at startProcess: starting to update pids map
06-19 14:42:07.622 D/ConnectivityService( 3840): requestNetwork for uid/pid:10034/5010 NetworkRequest [ TRACK_DEFAULT id=12, [ Capabilities: INTERNET&NOT_RESTRICTED&TRUSTED Uid: 10034 AdministratorUids: [] RequestorUid: 10034 RequestorPackageName: com.iwedia.ui.rjio.launcher.reliance] ]
06-19 14:42:07.622 W/ActivityManager( 3840): Slow operation: 54ms so far, now at startProcess: done updating pids map
06-19 14:42:07.622 D/ConnectivityService( 3840): NetReassign [no changes]
06-19 14:42:07.707 W/NotificationHistory( 3840): Attempted to add notif for locked/gone/disabled user 0
06-19 14:42:07.709 I/TransportClient( 3840): LocalTransportService#0: Notifying [TransportManager.registerTransport()] transport = IBackupTransport
06-19 14:42:07.747 W/OverlayManager( 3840): service 'idmap' died
06-19 14:42:07.804 D/CompatibilityChangeReporter( 3840): Compat change id reported: 135634846; UID 1000; state: DISABLED
06-19 14:42:07.826 D/BackupTransportManager( 3840): Transport com.android.localtransport/.LocalTransportService registered
06-19 14:42:07.827 D/BackupManagerService( 3840): [UserID:0] Transport com.android.localtransport/.LocalTransport registered 3512ms after first request (delay = 3000ms)
06-19 14:42:07.835 W/[   26.149554@2]- audit(    0): audit_lost=1 audit_rate_limit=5 audit_backlog_limit=64
06-19 14:42:07.835 E/[   26.149562@2]- audit(    0): rate limit exceeded
06-19 14:42:07.857 W/ActivityManager( 3840): Slow operation: 58ms so far, now at startProcess: returned from zygote!
06-19 14:42:07.878 W/ActivityManager( 3840): Slow operation: 78ms so far, now at startProcess: done updating battery stats
06-19 14:42:07.878 W/ActivityManager( 3840): Slow operation: 79ms so far, now at startProcess: building log message
06-19 14:42:07.878 I/ActivityManager( 3840): Start proc 5463:com.iwedia.httpupdate/1000 for broadcast {com.iwedia.httpupdate/com.iwedia.httpupdate.BootReceiver}
06-19 14:42:07.878 W/ActivityManager( 3840): Slow operation: 79ms so far, now at startProcess: starting to update pids map
06-19 14:42:07.878 W/ActivityManager( 3840): Slow operation: 79ms so far, now at startProcess: done updating pids map
06-19 14:42:07.904 I/BackupManagerService( 3840): [UserID:0] Found stale backup journal, scheduling
06-19 14:42:07.904 I/chatty  ( 3840): uid=1000(system) backup-0 identical 4 lines
06-19 14:42:07.904 I/BackupManagerService( 3840): [UserID:0] Found stale backup journal, scheduling
06-19 14:42:07.933 W/ActivityManager( 3840): Slow operation: 104ms so far, now at startProcess: returned from zygote!
06-19 14:42:07.934 W/ActivityManager( 3840): Slow operation: 104ms so far, now at startProcess: done updating battery stats
06-19 14:42:07.934 W/ActivityManager( 3840): Slow operation: 105ms so far, now at startProcess: building log message
06-19 14:42:07.934 I/ActivityManager( 3840): Start proc 5484:com.android.keychain/1000 for service {com.android.keychain/com.android.keychain.KeyChainService}
06-19 14:42:07.934 W/ActivityManager( 3840): Slow operation: 105ms so far, now at startProcess: starting to update pids map
06-19 14:42:07.934 W/ActivityManager( 3840): Slow operation: 105ms so far, now at startProcess: done updating pids map
06-19 14:42:07.955 I/BackupManagerService( 3840): [UserID:0] Found stale backup journal, scheduling
06-19 14:42:07.983 I/chatty  ( 3840): uid=1000(system) backup-0 identical 6 lines
06-19 14:42:07.988 I/BackupManagerService( 3840): [UserID:0] Found stale backup journal, scheduling
06-19 14:42:07.997 W/ContextImpl( 5463): Calling a method in the system process without a qualified user: android.app.ContextImpl.startService:1669 android.content.ContextWrapper.startService:720 android.content.ContextWrapper.startService:720 com.iwedia.httpupdate.BootReceiver.onReceive:16 android.app.ActivityThread.handleReceiver:4026 
06-19 14:42:08.016 I/BackupManagerService( 3840): [UserID:0] Found stale backup journal, scheduling
06-19 14:42:08.016 I/chatty  ( 3840): uid=1000(system) backup-0 identical 2 lines
06-19 14:42:08.016 I/BackupManagerService( 3840): [UserID:0] Found stale backup journal, scheduling
06-19 14:42:08.016 D/CompatibilityChangeReporter( 3840): Compat change id reported: 135634846; UID 1000; state: DISABLED
06-19 14:42:08.017 D/CompatibilityChangeReporter( 3840): Compat change id reported: 136219221; UID 1000; state: ENABLED
06-19 14:42:08.018 D/CompatibilityChangeReporter( 3840): Compat change id reported: 136219221; UID 1000; state: DISABLED
06-19 14:42:08.049 I/ActivityManager( 3840): Start proc 5514:com.iwedia.resetservice/1000 for broadcast {com.iwedia.resetservice/com.iwedia.resetservice.BootReceiver}
06-19 14:42:08.051 I/BackupManagerService( 3840): [UserID:0] Found stale backup journal, scheduling
06-19 14:42:08.138 I/chatty  ( 3840): uid=1000(system) backup-0 identical 96 lines
06-19 14:42:08.147 I/BackupManagerService( 3840): [UserID:0] Found stale backup journal, scheduling
06-19 14:42:08.155 W/ContextImpl( 5514): Calling a method in the system process without a qualified user: android.app.ContextImpl.startService:1669 android.content.ContextWrapper.startService:720 android.content.ContextWrapper.startService:720 com.iwedia.resetservice.BootReceiver.onReceive:14 android.app.ActivityThread.handleReceiver:4026 
06-19 14:42:08.157 I/BackupManagerService( 3840): [UserID:0] Found stale backup journal, scheduling
06-19 14:42:08.157 I/chatty  ( 3840): uid=1000(system) backup-0 identical 2 lines
06-19 14:42:08.157 I/BackupManagerService( 3840): [UserID:0] Found stale backup journal, scheduling
06-19 14:42:08.160 D/CompatibilityChangeReporter( 3840): Compat change id reported: 135634846; UID 1000; state: DISABLED
06-19 14:42:08.161 D/CompatibilityChangeReporter( 3840): Compat change id reported: 136219221; UID 1000; state: ENABLED
06-19 14:42:08.161 D/CompatibilityChangeReporter( 3840): Compat change id reported: 136219221; UID 1000; state: DISABLED
06-19 14:42:08.170 I/BackupManagerService( 3840): [UserID:0] Found stale backup journal, scheduling
06-19 14:42:08.180 I/chatty  ( 3840): uid=1000(system) backup-0 identical 4 lines
06-19 14:42:08.181 I/BackupManagerService( 3840): [UserID:0] Found stale backup journal, scheduling
06-19 14:42:08.197 I/ActivityManager( 3840): Start proc 5545:com.iwedia.updateservice/1000 for broadcast {com.iwedia.updateservice/com.iwedia.updateservice.BootReceiver}
06-19 14:42:08.199 I/BackupManagerService( 3840): [UserID:0] Found stale backup journal, scheduling
06-19 14:42:08.312 I/chatty  ( 3840): uid=1000(system) backup-0 identical 58 lines
06-19 14:42:08.314 I/BackupManagerService( 3840): [UserID:0] Found stale backup journal, scheduling
06-19 14:42:08.333 W/ContextImpl( 5545): Calling a method in the system process without a qualified user: android.app.ContextImpl.startForegroundService:1675 android.content.ContextWrapper.startForegroundService:725 android.content.ContextWrapper.startForegroundService:725 com.iwedia.updateservice.BootReceiver.onReceive:26 android.app.ActivityThread.handleReceiver:4026 
06-19 14:42:08.337 D/CompatibilityChangeReporter( 3840): Compat change id reported: 136219221; UID 1000; state: ENABLED
06-19 14:42:08.338 D/CompatibilityChangeReporter( 3840): Compat change id reported: 136219221; UID 1000; state: DISABLED
06-19 14:42:08.339 W/ContextImpl( 4957): Calling a method in the system process without a qualified user: android.app.ContextImpl.startForegroundService:1675 android.content.ContextWrapper.startForegroundService:725 android.content.ContextWrapper.startForegroundService:725 com.iwedia.usbbenchmarkservice.BootReceiver.onReceive:16 android.app.ActivityThread.handleReceiver:4026 
06-19 14:42:08.344 D/CompatibilityChangeReporter( 3840): Compat change id reported: 135634846; UID 1000; state: DISABLED
06-19 14:42:08.352 I/BackupManagerService( 3840): [UserID:0] Found stale backup journal, scheduling
06-19 14:42:08.362 I/chatty  ( 3840): uid=1000(system) backup-0 identical 8 lines
06-19 14:42:08.362 I/BackupManagerService( 3840): [UserID:0] Found stale backup journal, scheduling
06-19 14:42:08.363 W/[   26.675287@2]- tuner(    0): mxl251_fe_init successful
06-19 14:42:08.363 W/[   26.676725@3]- tuner(    0): mxl251_fe_init tuner_dev[1].config.reset.pin=412 i2c_addr=0x53,reset_value=0
06-19 14:42:08.370 D/INSETS  ( 3840): else - Package Name ::  left : 0 right :: 0 top :: 0 bottom :: 0 dfu-right :: 1920 dfu-bottom :: 1080
06-19 14:42:08.378 I/BackupManagerService( 3840): [UserID:0] Found stale backup journal, scheduling
06-19 14:42:08.378 I/BackupManagerService( 3840): [UserID:0] Found stale backup journal, scheduling
06-19 14:42:08.406 W/ActivityManager( 3840): Slow operation: 62ms so far, now at startProcess: returned from zygote!
