--------- beginning of system
07-07 15:57:19.235 W/ContextImpl( 4833): Calling a method in the system process without a qualified user: android.app.ContextImpl.sendBroadcast:1126 android.content.ContextWrapper.sendBroadcast:473 com.iwedia.dtv.common.CommonTifExtnIntentHandler.sendIntent:123 com.iwedia.dtv.common.CommonTifExtnIntentHandler.notifyServiceJsonInfo:87 com.iwedia.dtv.common.CommonTifExtnControl.notifyServiceJsonInfo:778 
07-07 15:57:19.251 I/chatty  ( 3841): uid=1000 system_server expire 35 lines
07-07 15:57:19.502 I/chatty  ( 3841): uid=1000(system) Binder:3841_8 expire 2 lines
07-07 15:57:19.615 I/chatty  ( 3841): uid=1000(system) ActivityManager expire 7 lines
07-07 15:57:19.655 I/chatty  ( 3841): uid=1000(system) Binder:3841_5 expire 8 lines
07-07 15:57:19.657 I/chatty  ( 3841): uid=1000(system) ActivityManager expire 39 lines
07-07 15:57:20.240 W/ContextImpl( 4895): Calling a method in the system process without a qualified user: android.app.ContextImpl.sendBroadcast:1126 android.content.ContextWrapper.sendBroadcast:473 insight.tr069.client.tr181.Device.JioSTB.ACS.onSetSTUNError:47 insight.tr069.client.tr181.helpers.STUNClient.<init>:141 insight.tr069.client.tr181.TR181Monitor$1.run:273 
07-07 15:57:20.618 I/chatty  ( 3841): uid=1000(system) PackageManager expire 6 lines
07-07 15:57:20.993 I/chatty  ( 3841): uid=1000(system) ConnectivitySer expire 1 line
07-07 15:57:21.004 W/ContextImpl( 5133): Calling a method in the system process without a qualified user: android.app.ContextImpl.sendBroadcast:1111 android.content.ContextWrapper.sendBroadcast:468 com.rjil.jiostbsetting.service.EndlessService.getParameters:1159 com.rjil.jiostbsetting.service.EndlessService.access$getParameters:123 com.rjil.jiostbsetting.service.EndlessService$mConnection$1$onServiceConnected$2.invokeSuspend:1206 
07-07 15:57:21.299 I/chatty  ( 3841): uid=1000(system) Binder:3841_2 expire 6 lines
07-07 15:57:21.348 I/chatty  ( 3841): uid=1000(system) Binder:3841_C expire 1 line
07-07 15:57:21.649 E/ActivityThread( 5934): Failed to find provider info for com.netflix.partner.provider.dynamicconfig
07-07 15:57:21.926 I/chatty  ( 3841): uid=1000 system_server expire 1 line
07-07 15:57:22.592 W/ContextImpl( 4833): Calling a method in the system process without a qualified user: android.app.ContextImpl.sendBroadcast:1126 android.content.ContextWrapper.sendBroadcast:473 com.iwedia.dtv.common.CommonTifExtnIntentHandler.sendIntent:123 com.iwedia.dtv.common.CommonTifExtnIntentHandler.notifyServiceJsonInfo:87 com.iwedia.dtv.common.CommonTifExtnControl.notifyServiceJsonInfo:778 
07-07 15:57:22.668 I/chatty  ( 3841): uid=1000(system) Binder:3841_B expire 1 line
07-07 15:57:22.928 I/chatty  ( 3841): uid=1000 system_server expire 2 lines
07-07 15:57:23.447 W/ContextImpl( 5868): Calling a method in the system process without a qualified user: android.app.ContextImpl.startForegroundService:1675 android.content.ContextWrapper.startForegroundService:725 android.content.ContextWrapper.startForegroundService:725 com.rjil.sdmcsetting.BootReceiver.onReceive:37 android.app.ActivityThread.handleReceiver:4026 
07-07 15:57:23.468 I/chatty  ( 3841): uid=1000(system) Binder:3841_9 expire 3 lines
07-07 15:57:23.593 I/chatty  ( 3841): uid=1000(system) Binder:3841_1 expire 4 lines
07-07 15:57:23.705 W/ContextImpl( 5868): Calling a method in the system process without a qualified user: android.app.ContextImpl.bindService:1748 android.content.ContextWrapper.bindService:756 com.rjil.sdmcsetting.EndlessService.onCreate:341 android.app.ActivityThread.handleCreateService:4186 android.app.ActivityThread.access$1500:237 
07-07 15:57:23.729 W/ContextImpl( 5868): Calling a method in the system process without a qualified user: android.app.ContextImpl.bindService:1748 android.content.ContextWrapper.bindService:756 com.rjil.sdmcsetting.dc.DCServiceConnector.bindService:41 com.rjil.sdmcsetting.EndlessService.onCreate:343 android.app.ActivityThread.handleCreateService:4186 
07-07 15:57:24.272 W/ContextImpl( 5868): Calling a method in the system process without a qualified user: android.app.ContextImpl.bindService:1748 android.content.ContextWrapper.bindService:756 com.rjil.sdmcsetting.EndlessService.onStartCommand:203 android.app.ActivityThread.handleServiceArgs:4320 android.app.ActivityThread.access$1800:237 
07-07 15:57:24.708 W/ActivityThread( 5868): ClassLoader.loadClass: The class loader returned by Thread.getContextClassLoader() may fail for processes that host multiple applications. You should explicitly specify a context class loader. For example: Thread.setContextClassLoader(getClass().getClassLoader());
07-07 15:57:26.089 I/chatty  ( 3841): uid=1000(system) android.ui expire 4 lines
07-07 15:57:26.094 W/ContextImpl( 5133): Calling a method in the system process without a qualified user: android.app.ContextImpl.sendBroadcast:1111 android.content.ContextWrapper.sendBroadcast:468 com.rjil.jiostbsetting.utils.UtilsKt.getAllVolumeDetails:2230 com.rjil.jiostbsetting.service.EndlessService.getParameters$lambda-22:1166 com.rjil.jiostbsetting.service.EndlessService.$r8$lambda$rJsFG8XlIrKzvRVodgEZk__jDnM:0 
07-07 15:57:26.142 W/ContextImpl( 5133): Calling a method in the system process without a qualified user: android.app.ContextImpl.sendBroadcast:1111 android.content.ContextWrapper.sendBroadcast:468 com.rjil.jiostbsetting.utils.UtilsKt.sendUSBAttachDetachBroadcast:2259 com.rjil.jiostbsetting.service.EndlessService$CallbackListener.onParameterNotification:1327 com.rjil.jiostbsetting.dc.DCDataProvider.invokeCallback:107 
07-07 15:57:26.253 I/chatty  ( 3841): uid=1000(system) AsyncTask #1 expire 273 lines
07-07 15:57:28.036 W/ContextImpl( 5868): Calling a method in the system process without a qualified user: android.app.ContextImpl.bindService:1748 android.content.ContextWrapper.bindService:756 com.jio.adc.core.b.d:56 com.jio.adc.core.b.b:13 com.jio.adc.core.b$c.run:7 
07-07 15:57:28.346 W/ContextImpl( 5868): Calling a method in the system process without a qualified user: android.app.ContextImpl.sendBroadcast:1111 android.content.ContextWrapper.sendBroadcast:468 com.rjil.sdmcsetting.NetworkRepositoryImpl.handleSuccess:523 com.rjil.sdmcsetting.NetworkRepositoryImpl.checkNetwork:272 com.rjil.sdmcsetting.NetworkRepositoryImpl.checkNetwork:236 
07-07 15:57:28.454 I/chatty  ( 3841): uid=1000 system_server expire 2 lines
07-07 15:57:28.495 I/chatty  ( 3841): uid=1000 system_server expire 2 lines
07-07 15:57:28.748 I/chatty  ( 3841): uid=1000 system_server expire 2 lines
07-07 15:57:28.807 W/ContextImpl( 6548): Calling a method in the system process without a qualified user: android.app.ContextImpl.stopService:1681 android.content.ContextWrapper.stopService:730 com.jio.jiobackgroundscheduler.JioBackgroundSchedulerService.stopPrefetchService:103 com.jio.jiobackgroundscheduler.JioBackgroundSchedulerService.updateServicesList:390 com.jio.jiobackgroundscheduler.JioBackgroundSchedulerService.ServicesListJson:327 
07-07 15:57:28.932 I/chatty  ( 3841): uid=1000(system) android.display expire 2 lines
07-07 15:57:28.965 I/chatty  ( 3841): uid=1000 system_server expire 2 lines
07-07 15:57:28.968 I/chatty  ( 3841): uid=1000 system_server expire 2 lines
07-07 15:57:28.979 I/chatty  ( 3841): uid=1000 system_server expire 2 lines
07-07 15:57:29.003 W/ContextImpl( 5133): Calling a method in the system process without a qualified user: android.app.ContextImpl.bindService:1748 android.content.ContextWrapper.bindService:756 com.jio.adc.core.b.d:56 com.jio.adc.core.b.b:13 com.jio.adc.core.b$c.run:7 
07-07 15:57:29.177 W/ContextImpl( 5133): Calling a method in the system process without a qualified user: android.app.ContextImpl.sendBroadcast:1111 android.content.ContextWrapper.sendBroadcast:468 android.content.ContextWrapper.sendBroadcast:468 com.rjil.jiostbsetting.utils.UtilsKt.sendHDMIBroadcastToLauncher:409 com.rjil.jiostbsetting.receiver.BootReceiver.onReceive:129 
07-07 15:57:29.194 W/ContextImpl( 5133): Calling a method in the system process without a qualified user: android.app.ContextImpl.startForegroundService:1675 android.content.ContextWrapper.startForegroundService:725 com.rjil.jiostbsetting.receiver.BootReceiver.actionOnService:338 com.rjil.jiostbsetting.receiver.BootReceiver.onReceive:159 android.app.ActivityThread.handleReceiver:4026 
07-07 15:57:29.742 I/chatty  ( 3841): uid=1000 system_server expire 2 lines
07-07 15:57:29.755 I/chatty  ( 3841): uid=1000 system_server expire 2 lines
07-07 15:57:29.759 I/chatty  ( 3841): uid=1000 system_server expire 2 lines
07-07 15:57:29.765 I/chatty  ( 3841): uid=1000 system_server expire 2 lines
07-07 15:57:30.624 I/chatty  ( 3841): uid=1000(system) Binder:3841_7 expire 1 line
07-07 15:57:30.825 I/chatty  ( 3841): uid=1000(system) android.fg expire 2 lines
07-07 15:57:30.892 W/ContextImpl( 7436): Calling a method in the system process without a qualified user: android.app.ContextImpl.startForegroundService:1675 android.content.ContextWrapper.startForegroundService:725 android.content.ContextWrapper.startForegroundService:725 com.rjl.mobileremote.receiver.BootReceiver.onReceive:58 android.app.ActivityThread.handleReceiver:4026 
07-07 15:57:30.906 I/chatty  ( 3841): uid=1000(system) Binder:3841_A expire 1 line
07-07 15:57:30.907 I/chatty  ( 3841): uid=1000(system) ActivityManager expire 20 lines
07-07 15:57:30.920 I/chatty  ( 3841): uid=1000(system) Binder:3841_A expire 4 lines
07-07 15:57:31.081 W/ContextImpl( 5133): Calling a method in the system process without a qualified user: android.app.ContextImpl.sendBroadcast:1111 android.content.ContextWrapper.sendBroadcast:468 com.rjil.jiostbsetting.service.EndlessService.ESNredirect:1604 com.rjil.jiostbsetting.service.EndlessService$mConnection$1$onServiceConnected$2.invokeSuspend:1207 kotlin.coroutines.jvm.internal.BaseContinuationImpl.resumeWith:33 
07-07 15:57:31.295 I/chatty  ( 3841): uid=1000 system_server expire 10 lines
07-07 15:57:31.395 I/chatty  ( 3841): uid=1000(system) android.bg expire 8 lines
07-07 15:57:34.031 I/chatty  ( 3841): uid=1000(system) Binder:3841_6 expire 11 lines
07-07 15:57:34.065 I/chatty  ( 3841): uid=1000(system) Binder:3841_9 expire 4 lines
07-07 15:57:34.182 I/chatty  ( 3841): uid=1000(system) WifiHandlerThre expire 1 line
07-07 15:57:34.332 I/chatty  ( 3841): uid=1000(system) android.anim expire 9 lines
07-07 15:57:34.392 I/chatty  ( 3841): uid=1000(system) Binder:3841_4 expire 3 lines
07-07 15:57:34.494 I/chatty  ( 3841): uid=1000 system_server expire 2 lines
07-07 15:57:34.510 I/chatty  ( 3841): uid=1000 system_server expire 2 lines
07-07 15:57:34.510 I/chatty  ( 3841): uid=1000 system_server expire 2 lines
07-07 15:57:34.512 I/chatty  ( 3841): uid=1000 system_server expire 2 lines
07-07 15:57:34.512 I/chatty  ( 3841): uid=1000 system_server expire 2 lines
07-07 15:57:34.543 I/chatty  ( 3841): uid=1000 system_server expire 2 lines
07-07 15:57:34.567 I/chatty  ( 3841): uid=1000(system) Binder:3841_1 expire 4 lines
07-07 15:57:34.681 W/ContextImpl( 5133): Calling a method in the system process without a qualified user: android.app.ContextImpl.sendBroadcast:1111 android.content.ContextWrapper.sendBroadcast:468 com.rjil.jiostbsetting.pod.service.DelaySilentUpgrade.sendUpgradeStatusToPodLogService:125 com.rjil.jiostbsetting.pod.service.DelaySilentUpgrade.continueOnBootCompleted:113 com.rjil.jiostbsetting.pod.service.DelaySilentUpgrade.access$200:30 
07-07 15:57:35.400 I/chatty  ( 3841): uid=1000(system) InputDispatcher expire 8 lines
07-07 15:57:35.583 I/chatty  ( 3841): uid=1000(system) ConnectivitySer expire 4 lines
07-07 15:57:38.231 W/ContextImpl( 4833): Calling a method in the system process without a qualified user: android.app.ContextImpl.sendBroadcast:1126 android.content.ContextWrapper.sendBroadcast:473 com.iwedia.tr.dc.DCServiceClient.notifyTifOnDcCallbacksCreated:107 com.iwedia.tr.dc.DCServiceClient.setCallbackInterface:95 com.iwedia.dc.api.IDCServiceDataProvider$Stub.onTransact:85 
07-07 15:57:38.237 W/ContextImpl( 5398): Calling a method in the system process without a qualified user: android.app.ContextImpl.sendBroadcast:1126 android.content.ContextWrapper.sendBroadcast:473 com.iwedia.tvinput.engine.ChannelManager$6.handleMessage:2214 android.os.Handler.dispatchMessage:102 android.os.Looper.loop:223 
07-07 15:57:38.245 W/ContextImpl( 5398): Calling a method in the system process without a qualified user: android.app.ContextImpl.sendBroadcast:1111 android.content.ContextWrapper.sendBroadcast:468 com.iwedia.tvinput.engine.ChannelManager$6.handleMessage:2219 android.os.Handler.dispatchMessage:102 android.os.Looper.loop:223 
07-07 15:57:38.392 W/ContextImpl( 5868): Calling a method in the system process without a qualified user: android.app.ContextImpl.startForegroundService:1675 android.content.ContextWrapper.startForegroundService:725 com.rjil.sdmcsetting.BootReceiver.actionOnService:62 com.rjil.sdmcsetting.BootReceiver.onReceive:47 android.app.LoadedApk$ReceiverDispatcher$Args.lambda$getRunnable$0$LoadedApk$ReceiverDispatcher$Args:1580 
07-07 15:57:38.599 W/ContextImpl( 5868): Calling a method in the system process without a qualified user: android.app.ContextImpl.sendBroadcast:1111 android.content.ContextWrapper.sendBroadcast:468 com.rjil.sdmcsetting.NetworkRepositoryImpl.handleSuccess:523 com.rjil.sdmcsetting.NetworkRepositoryImpl.checkNetwork:272 com.rjil.sdmcsetting.NetworkRepositoryImpl.checkNetwork:236 
07-07 15:57:38.682 W/ContextImpl( 5868): Calling a method in the system process without a qualified user: android.app.ContextImpl.bindService:1748 android.content.ContextWrapper.bindService:756 com.rjil.sdmcsetting.EndlessService.onStartCommand:203 android.app.ActivityThread.handleServiceArgs:4320 android.app.ActivityThread.access$1800:237 
07-07 15:57:38.939 I/chatty  ( 3841): uid=1000(system) Binder:3841_F expire 1 line
07-07 15:57:38.976 I/chatty  ( 3841): uid=1000(system) Binder:3841_D expire 6 lines
07-07 15:57:40.792 I/chatty  ( 3841): uid=1000(system) Binder:3841_B expire 8 lines
07-07 15:57:41.461 I/chatty  ( 3841): uid=1000(system) Binder:3841_5 expire 1 line
07-07 15:57:41.698 I/chatty  ( 3841): uid=1000(system) Binder:3841_C expire 2 lines
07-07 15:57:41.967 I/chatty  ( 3841): uid=1000(system) ActivityManager expire 5 lines
07-07 15:57:42.734 I/chatty  ( 3841): uid=1000(system) Binder:3841_2 expire 4 lines
07-07 15:57:42.913 W/ContextImpl( 5133): Calling a method in the system process without a qualified user: android.app.ContextImpl.bindService:1748 android.content.ContextWrapper.bindService:756 com.jio.adc.core.b.d:56 com.jio.adc.core.b.b:13 com.jio.adc.core.b$c.run:7 
07-07 15:57:43.079 I/chatty  ( 3841): uid=1000 system_server expire 10 lines
07-07 15:57:46.039 I/chatty  ( 3841): uid=1000(system) Binder:3841_E expire 2 lines
07-07 15:57:49.413 I/chatty  ( 3841): uid=1000(system) Binder:3841_8 expire 8 lines
07-07 15:57:59.200 W/ContextImpl( 5133): Calling a method in the system process without a qualified user: android.app.ContextImpl.sendBroadcast:1111 android.content.ContextWrapper.sendBroadcast:468 com.rjil.jiostbsetting.service.EndlessService$CallbackListener.onParameterNotification:1251 com.rjil.jiostbsetting.dc.DCDataProvider.invokeCallback:107 com.rjil.jiostbsetting.dc.DCDataProvider.access$000:15 
07-07 15:58:01.053 I/chatty  ( 3841): uid=1000(system) Binder:3841_7 expire 6 lines
07-07 15:58:01.350 I/chatty  ( 3841): uid=1000 system_server expire 10 lines
07-07 15:58:17.783 W/ContextImpl( 5868): Calling a method in the system process without a qualified user: android.app.ContextImpl.sendBroadcast:1111 android.content.ContextWrapper.sendBroadcast:468 com.rjil.sdmcsetting.EndlessService$CallbackListener.onParameterNotification:2141 com.rjil.sdmcsetting.dc.DCDataProvider.invokeCallback:95 com.rjil.sdmcsetting.dc.DCDataProvider.access$000:15 
07-07 15:58:41.326 I/chatty  ( 3841): uid=1000(system) AdbDebuggingMan expire 1 line
07-07 15:58:46.064 I/chatty  ( 3841): uid=1000 system_server expire 2 lines
07-07 15:58:46.082 I/chatty  ( 3841): uid=1000 system_server expire 2 lines
07-07 15:58:46.099 I/chatty  ( 3841): uid=1000 system_server expire 2 lines
07-07 15:58:46.107 I/chatty  ( 3841): uid=1000 system_server expire 2 lines
07-07 15:58:46.500 I/chatty  ( 3841): uid=1000 system_server expire 2 lines
07-07 15:58:46.963 I/chatty  ( 3841): uid=1000(system) android.display expire 2 lines
07-07 15:58:46.989 I/chatty  ( 3841): uid=1000 system_server expire 2 lines
07-07 15:58:46.993 I/chatty  ( 3841): uid=1000 system_server expire 2 lines
07-07 15:58:46.995 I/chatty  ( 3841): uid=1000 system_server expire 2 lines
07-07 15:58:47.213 V/ActivityTaskManager( 3841): Old State : STOPPING Updated state : FINISHING Activity : ComponentInfo{io.appium.settings/io.appium.settings.Settings}
07-07 15:58:47.214 V/ActivityTaskManager( 3841): Sending Broadcast : Intent { act=com.jio.remote.action.applaunch flg=0x40000000 pkg=com.jio.remote.btserver (has extras) }
07-07 15:58:47.227 V/ActivityTaskManager( 3841): Old State : FINISHING Updated state : DESTROYING Activity : ComponentInfo{io.appium.settings/io.appium.settings.Settings}
07-07 15:58:47.231 V/ActivityTaskManager( 3841): Sending Broadcast : Intent { act=com.jio.remote.action.applaunch flg=0x40000000 pkg=com.jio.remote.btserver (has extras) }
07-07 15:58:47.247 D/INSETS  ( 3841): else - Package Name ::  left : 0 right :: 0 top :: 0 bottom :: 0 dfu-right :: 1920 dfu-bottom :: 1080
07-07 15:58:47.266 V/ActivityTaskManager( 3841): Old State : DESTROYING Updated state : DESTROYED Activity : ComponentInfo{io.appium.settings/io.appium.settings.Settings}
07-07 15:58:47.266 V/ActivityTaskManager( 3841): Sending Broadcast : Intent { act=com.jio.remote.action.applaunch flg=0x40000000 pkg=com.jio.remote.btserver (has extras) }
07-07 15:58:48.223 I/ActivityManager( 3841): Force stopping io.appium.uiautomator2.server appid=10064 user=0: from pid 10732
07-07 15:58:48.227 I/ActivityManager( 3841): Force stopping io.appium.uiautomator2.server.test appid=10038 user=0: from pid 10733
07-07 15:58:49.292 I/ActivityManager( 3841): Force stopping io.appium.uiautomator2.server appid=10064 user=0: start instr
07-07 15:58:49.297 D/CompatibilityChangeReporter( 3841): Compat change id reported: 135634846; UID 10064; state: DISABLED
07-07 15:58:49.300 D/CompatibilityChangeReporter( 3841): Compat change id reported: 143937733; UID 10064; state: ENABLED
07-07 15:58:49.325 I/ActivityManager( 3841): Start proc 10756:io.appium.uiautomator2.server/u0a64 for added application io.appium.uiautomator2.server
07-07 15:58:51.185 W/WindowManager( 3841): removeWindowToken: Attempted to remove non-existing token: android.os.Binder@90e5577
07-07 15:58:53.123 D/WindowManager( 3841): Unhandled key: inputToken=android.os.BinderProxy@f871bc0, title=com.iwedia.ui.rjio.launcher.reliance/com.iwedia.ui.rjio.launcher.ui.intro.IntroActivity, action=0, flags=0, keyCode=4, scanCode=0, metaState=0, repeatCount=0, policyFlags=1795162112
07-07 15:58:53.124 D/WindowManager( 3841): No fallback.
07-07 15:58:53.128 D/AutofillManagerService( 3841): onBackKeyPressed()
07-07 15:58:53.132 D/AutofillManagerServiceImpl( 3841): Reset component for user 0:
07-07 15:58:53.132 D/WindowManager( 3841): Unhandled key: inputToken=android.os.BinderProxy@f871bc0, title=com.iwedia.ui.rjio.launcher.reliance/com.iwedia.ui.rjio.launcher.ui.intro.IntroActivity, action=1, flags=0, keyCode=4, scanCode=0, metaState=0, repeatCount=0, policyFlags=1795162112
07-07 15:58:53.132 D/WindowManager( 3841): No fallback.
07-07 15:58:53.135 D/AutofillUI( 3841): destroySaveUiUiThread(): already destroyed
07-07 15:58:55.535 I/ActivityTaskManager( 3841): START u0 {flg=0x10000000 cmp=in.startv.hotstar/com.hotstar.MainActivity} from uid 0
07-07 15:58:55.535 D/ActivityTaskManager( 3841): recent debug: [launchedPkgName] --> in.startv.hotstar [callingPackage] --> com.android.shell
07-07 15:58:55.545 V/ActivityTaskManager( 3841): Old State : null Updated state : INITIALIZING Activity : ComponentInfo{in.startv.hotstar/com.hotstar.MainActivity}
07-07 15:58:55.545 V/ActivityTaskManager( 3841): Sending Broadcast : Intent { act=com.jio.remote.action.applaunch flg=0x40000000 pkg=com.jio.remote.btserver (has extras) }
07-07 15:58:55.552 V/ActivityTaskManager( 3841): Old State : RESUMED Updated state : PAUSING Activity : ComponentInfo{com.iwedia.ui.rjio.launcher.reliance/com.iwedia.ui.rjio.launcher.ui.intro.IntroActivity}
07-07 15:58:55.554 V/ActivityTaskManager( 3841): Sending Broadcast : Intent { act=com.jio.remote.action.applaunch flg=0x40000000 pkg=com.jio.remote.btserver (has extras) }
07-07 15:58:55.555 D/INSETS  ( 3841): else - Package Name ::  left : 0 right :: 0 top :: 0 bottom :: 0 dfu-right :: 1920 dfu-bottom :: 1080
07-07 15:58:55.566 D/CompatibilityChangeReporter( 3841): Compat change id reported: 135634846; UID 10086; state: DISABLED
07-07 15:58:55.568 D/CompatibilityChangeReporter( 3841): Compat change id reported: 143937733; UID 10086; state: ENABLED
07-07 15:58:55.583 V/ActivityTaskManager( 3841): Old State : PAUSING Updated state : PAUSED Activity : ComponentInfo{com.iwedia.ui.rjio.launcher.reliance/com.iwedia.ui.rjio.launcher.ui.intro.IntroActivity}
07-07 15:58:55.583 V/ActivityTaskManager( 3841): Sending Broadcast : Intent { act=com.jio.remote.action.applaunch flg=0x40000000 pkg=com.jio.remote.btserver (has extras) }
07-07 15:58:55.604 D/INSETS  ( 3841): else - Package Name ::  left : 0 right :: 0 top :: 0 bottom :: 0 dfu-right :: 1920 dfu-bottom :: 1080
07-07 15:58:55.610 I/ActivityManager( 3841): Start proc 10836:in.startv.hotstar/u0a86 for pre-top-activity {in.startv.hotstar/com.hotstar.MainActivity}
07-07 15:58:55.640 D/INSETS  ( 3841): else - Package Name ::  left : 0 right :: 0 top :: 0 bottom :: 0 dfu-right :: 1920 dfu-bottom :: 1080
07-07 15:58:55.695 V/ActivityTaskManager( 3841): Old State : INITIALIZING Updated state : RESUMED Activity : ComponentInfo{in.startv.hotstar/com.hotstar.MainActivity}
07-07 15:58:55.695 V/ActivityTaskManager( 3841): Sending Broadcast : Intent { act=com.jio.remote.action.applaunch flg=0x40000000 pkg=com.jio.remote.btserver (has extras) }
07-07 15:58:55.707 D/INSETS  ( 3841): else - Package Name ::  left : 0 right :: 0 top :: 0 bottom :: 0 dfu-right :: 1920 dfu-bottom :: 1080
07-07 15:58:55.737 I/chatty  ( 3841): uid=1000(system) android.anim identical 1 line
07-07 15:58:56.133 D/INSETS  ( 3841): else - Package Name ::  left : 0 right :: 0 top :: 0 bottom :: 0 dfu-right :: 1920 dfu-bottom :: 1080
07-07 15:58:56.141 I/UsageStatsService( 3841): User[0] Flushing usage stats to disk
07-07 15:58:56.178 D/INSETS  ( 3841): else - Package Name ::  left : 0 right :: 0 top :: 0 bottom :: 0 dfu-right :: 1920 dfu-bottom :: 1080
07-07 15:58:56.806 D/ConnectivityService( 3841): NetReassign [no changes]
07-07 15:58:57.429 D/INSETS  ( 3841): else - Package Name ::  left : 0 right :: 0 top :: 0 bottom :: 0 dfu-right :: 1920 dfu-bottom :: 1080
07-07 15:58:57.429 D/INSETS  ( 3841): else - Package Name ::  left : 0 right :: 0 top :: 0 bottom :: 0 dfu-right :: 1920 dfu-bottom :: 1080
07-07 15:58:57.578 D/INSETS  ( 3841): else - Package Name ::  left : 0 right :: 0 top :: 0 bottom :: 0 dfu-right :: 1920 dfu-bottom :: 1080
07-07 15:58:57.597 I/chatty  ( 3841): uid=1000(system) android.anim identical 4 lines
07-07 15:58:57.597 D/INSETS  ( 3841): else - Package Name ::  left : 0 right :: 0 top :: 0 bottom :: 0 dfu-right :: 1920 dfu-bottom :: 1080
07-07 15:58:57.698 V/ActivityTaskManager( 3841): Old State : PAUSED Updated state : STOPPING Activity : ComponentInfo{com.iwedia.ui.rjio.launcher.reliance/com.iwedia.ui.rjio.launcher.ui.intro.IntroActivity}
07-07 15:58:57.698 V/ActivityTaskManager( 3841): Sending Broadcast : Intent { act=com.jio.remote.action.applaunch flg=0x40000000 pkg=com.jio.remote.btserver (has extras) }
07-07 15:58:57.759 D/INSETS  ( 3841): else - Package Name ::  left : 0 right :: 0 top :: 0 bottom :: 0 dfu-right :: 1920 dfu-bottom :: 1080
07-07 15:58:57.779 D/INSETS  ( 3841): else - Package Name ::  left : 0 right :: 0 top :: 0 bottom :: 0 dfu-right :: 1920 dfu-bottom :: 1080
07-07 15:58:57.796 D/INSETS  ( 3841): else - Package Name ::  left : 0 right :: 0 top :: 0 bottom :: 0 dfu-right :: 1920 dfu-bottom :: 1080
07-07 15:58:57.824 V/ActivityTaskManager( 3841): Old State : STOPPING Updated state : STOPPED Activity : ComponentInfo{com.iwedia.ui.rjio.launcher.reliance/com.iwedia.ui.rjio.launcher.ui.intro.IntroActivity}
07-07 15:58:57.825 V/ActivityTaskManager( 3841): Sending Broadcast : Intent { act=com.jio.remote.action.applaunch flg=0x40000000 pkg=com.jio.remote.btserver (has extras) }
07-07 15:58:58.004 D/CompatibilityChangeReporter( 3841): Compat change id reported: 136274596; UID 10086; state: ENABLED
07-07 15:58:59.168 E/TaskPersister( 3841): File error accessing recents directory (directory doesn't exist?).
07-07 15:59:01.577 D/INSETS  ( 3841): else - Package Name ::  left : 0 right :: 0 top :: 0 bottom :: 0 dfu-right :: 1920 dfu-bottom :: 1080
07-07 15:59:01.981 E/IntervalStats( 3841): Unable to parse usage stats package 122
07-07 15:59:01.982 E/IntervalStats( 3841): Unable to parse event package 122
07-07 15:59:01.982 E/IntervalStats( 3841): Unable to parse event package 122
07-07 15:59:02.044 E/IntervalStats( 3841): Unable to parse usage stats package 116
07-07 15:59:02.053 E/IntervalStats( 3841): Unable to parse event package 116
07-07 15:59:02.082 I/chatty  ( 3841): uid=1000(system) pool-4-thread-1 identical 106 lines
07-07 15:59:02.082 E/IntervalStats( 3841): Unable to parse event package 116
07-07 15:59:02.147 E/IntervalStats( 3841): Unable to parse usage stats package 116
07-07 15:59:02.147 E/IntervalStats( 3841): Unable to parse event package 116
07-07 15:59:02.177 I/chatty  ( 3841): uid=1000(system) pool-4-thread-1 identical 82 lines
07-07 15:59:02.177 E/IntervalStats( 3841): Unable to parse event package 116
07-07 15:59:02.252 E/IntervalStats( 3841): Unable to parse usage stats package 116
07-07 15:59:02.253 E/IntervalStats( 3841): Unable to parse event package 116
07-07 15:59:02.257 I/chatty  ( 3841): uid=1000(system) pool-4-thread-1 identical 73 lines
07-07 15:59:02.257 E/IntervalStats( 3841): Unable to parse event package 116
07-07 15:59:06.304 D/INSETS  ( 3841): else - Package Name ::  left : 0 right :: 0 top :: 0 bottom :: 0 dfu-right :: 1920 dfu-bottom :: 1080
07-07 15:59:06.304 I/UsageStatsService( 3841): User[0] Flushing usage stats to disk
07-07 15:59:06.335 D/INSETS  ( 3841): else - Package Name ::  left : 0 right :: 0 top :: 0 bottom :: 0 dfu-right :: 1920 dfu-bottom :: 1080
07-07 15:59:08.780 D/AutofillManagerService( 3841): onBackKeyPressed()
07-07 15:59:11.348 D/INSETS  ( 3841): else - Package Name ::  left : 0 right :: 0 top :: 0 bottom :: 0 dfu-right :: 1920 dfu-bottom :: 1080
07-07 15:59:11.951 D/INSETS  ( 3841): else - Package Name ::  left : 0 right :: 0 top :: 0 bottom :: 0 dfu-right :: 1920 dfu-bottom :: 1080
07-07 15:59:13.483 D/InputMethodManagerService( 3841): Top Package Name: in.startv.hotstar
07-07 15:59:13.492 W/ContextImpl( 3841): Calling a method in the system process without a qualified user: android.app.ContextImpl.sendBroadcast:1111 com.android.server.inputmethod.InputMethodManagerService.sendSoftInputVisibilityBroadcast:3258 com.android.server.inputmethod.InputMethodManagerService.showCurrentInputLocked:3231 com.android.server.inputmethod.InputMethodManagerService.showSoftInput:3153 com.android.internal.view.IInputMethodManager$Stub.onTransact:304 
07-07 15:59:13.494 D/InputMethodManagerService( 3841): Top Package Name: in.startv.hotstar
07-07 15:59:13.495 W/ContextImpl( 3841): Calling a method in the system process without a qualified user: android.app.ContextImpl.sendBroadcast:1111 com.android.server.inputmethod.InputMethodManagerService.sendSoftInputVisibilityBroadcast:3258 com.android.server.inputmethod.InputMethodManagerService.showCurrentInputLocked:3231 com.android.server.inputmethod.InputMethodManagerService.showMySoftInput:4198 com.android.server.inputmethod.InputMethodManagerService.access$4100:189 
07-07 15:59:13.763 W/ContextImpl( 3841): Calling a method in the system process without a qualified user: android.app.ContextImpl.sendBroadcast:1111 com.android.server.inputmethod.InputMethodManagerService.sendSoftInputVisibilityBroadcast:3258 com.android.server.inputmethod.InputMethodManagerService.hideCurrentInputLocked:3330 com.android.server.inputmethod.InputMethodManagerService.hideMySoftInput:4180 com.android.server.inputmethod.InputMethodManagerService.access$4000:189 
07-07 15:59:13.852 D/InputMethodManagerService( 3841): Top Package Name: in.startv.hotstar
07-07 15:59:13.863 W/ContextImpl( 3841): Calling a method in the system process without a qualified user: android.app.ContextImpl.sendBroadcast:1111 com.android.server.inputmethod.InputMethodManagerService.sendSoftInputVisibilityBroadcast:3258 com.android.server.inputmethod.InputMethodManagerService.showCurrentInputLocked:3231 com.android.server.inputmethod.InputMethodManagerService.showMySoftInput:4198 com.android.server.inputmethod.InputMethodManagerService.access$4100:189 
07-07 15:59:13.879 D/InputMethodManagerService( 3841): Top Package Name: in.startv.hotstar
07-07 15:59:13.880 W/ContextImpl( 3841): Calling a method in the system process without a qualified user: android.app.ContextImpl.sendBroadcast:1111 com.android.server.inputmethod.InputMethodManagerService.sendSoftInputVisibilityBroadcast:3258 com.android.server.inputmethod.InputMethodManagerService.showCurrentInputLocked:3231 com.android.server.inputmethod.InputMethodManagerService.showMySoftInput:4198 com.android.server.inputmethod.InputMethodManagerService.access$4100:189 
07-07 15:59:14.040 W/NotificationHistory( 3841): Attempted to add notif for locked/gone/disabled user 0
07-07 15:59:14.313 D/INSETS  ( 3841): else - Package Name ::  left : 0 right :: 0 top :: 0 bottom :: 0 dfu-right :: 1920 dfu-bottom :: 1080
07-07 15:59:14.313 D/INSETS  ( 3841): else - Package Name ::  left : 0 right :: 0 top :: 0 bottom :: 0 dfu-right :: 1920 dfu-bottom :: 1080
07-07 15:59:14.434 D/INSETS  ( 3841): else - Package Name ::  left : 0 right :: 0 top :: 0 bottom :: 0 dfu-right :: 1920 dfu-bottom :: 1080
07-07 15:59:14.434 D/INSETS  ( 3841): else - Package Name ::  left : 0 right :: 0 top :: 0 bottom :: 0 dfu-right :: 1920 dfu-bottom :: 1080
07-07 15:59:14.698 D/INSETS  ( 3841): else - Package Name ::  left : 0 right :: 0 top :: 0 bottom :: 0 dfu-right :: 1920 dfu-bottom :: 1080
07-07 15:59:14.698 D/INSETS  ( 3841): else - Package Name ::  left : 0 right :: 0 top :: 0 bottom :: 0 dfu-right :: 1920 dfu-bottom :: 1080
07-07 15:59:15.611 D/INSETS  ( 3841): else - Package Name ::  left : 0 right :: 0 top :: 0 bottom :: 0 dfu-right :: 1920 dfu-bottom :: 1080
07-07 15:59:15.815 I/chatty  ( 3841): uid=1000(system) android.display identical 4 lines
07-07 15:59:15.815 D/INSETS  ( 3841): else - Package Name ::  left : 0 right :: 0 top :: 0 bottom :: 0 dfu-right :: 1920 dfu-bottom :: 1080
07-07 15:59:15.819 D/InputMethodManagerService( 3841): Top Package Name: in.startv.hotstar
07-07 15:59:15.820 W/ContextImpl( 3841): Calling a method in the system process without a qualified user: android.app.ContextImpl.sendBroadcast:1111 com.android.server.inputmethod.InputMethodManagerService.sendSoftInputVisibilityBroadcast:3258 com.android.server.inputmethod.InputMethodManagerService.showCurrentInputLocked:3231 com.android.server.inputmethod.InputMethodManagerService.showMySoftInput:4198 com.android.server.inputmethod.InputMethodManagerService.access$4100:189 
07-07 15:59:15.825 D/INSETS  ( 3841): else - Package Name ::  left : 0 right :: 0 top :: 0 bottom :: 0 dfu-right :: 1920 dfu-bottom :: 1080
07-07 15:59:15.826 D/INSETS  ( 3841): else - Package Name ::  left : 0 right :: 0 top :: 0 bottom :: 0 dfu-right :: 1920 dfu-bottom :: 1080
07-07 15:59:15.861 D/InputMethodManagerService( 3841): Top Package Name: in.startv.hotstar
07-07 15:59:15.862 W/ContextImpl( 3841): Calling a method in the system process without a qualified user: android.app.ContextImpl.sendBroadcast:1111 com.android.server.inputmethod.InputMethodManagerService.sendSoftInputVisibilityBroadcast:3258 com.android.server.inputmethod.InputMethodManagerService.showCurrentInputLocked:3231 com.android.server.inputmethod.InputMethodManagerService.showMySoftInput:4198 com.android.server.inputmethod.InputMethodManagerService.access$4100:189 
07-07 15:59:15.873 D/INSETS  ( 3841): else - Package Name ::  left : 0 right :: 0 top :: 0 bottom :: 0 dfu-right :: 1920 dfu-bottom :: 1080
07-07 15:59:15.874 D/INSETS  ( 3841): else - Package Name ::  left : 0 right :: 0 top :: 0 bottom :: 0 dfu-right :: 1920 dfu-bottom :: 1080
07-07 15:59:15.929 D/INSETS  ( 3841): else - Package Name ::  left : 0 right :: 0 top :: 0 bottom :: 0 dfu-right :: 1920 dfu-bottom :: 1080
07-07 15:59:15.929 D/INSETS  ( 3841): else - Package Name ::  left : 0 right :: 0 top :: 0 bottom :: 0 dfu-right :: 1920 dfu-bottom :: 1080
07-07 15:59:15.954 W/ContextImpl( 3841): Calling a method in the system process without a qualified user: android.app.ContextImpl.sendBroadcast:1111 com.android.server.inputmethod.InputMethodManagerService.sendSoftInputVisibilityBroadcast:3258 com.android.server.inputmethod.InputMethodManagerService.hideCurrentInputLocked:3330 com.android.server.inputmethod.InputMethodManagerService.hideMySoftInput:4180 com.android.server.inputmethod.InputMethodManagerService.access$4000:189 
07-07 15:59:15.984 D/INSETS  ( 3841): else - Package Name ::  left : 0 right :: 0 top :: 0 bottom :: 0 dfu-right :: 1920 dfu-bottom :: 1080
07-07 15:59:15.984 D/INSETS  ( 3841): else - Package Name ::  left : 0 right :: 0 top :: 0 bottom :: 0 dfu-right :: 1920 dfu-bottom :: 1080
07-07 15:59:15.988 D/INSETS  ( 3841): else - Package Name ::  left : 0 right :: 0 top :: 0 bottom :: 0 dfu-right :: 1920 dfu-bottom :: 1080
07-07 15:59:15.988 D/INSETS  ( 3841): else - Package Name ::  left : 0 right :: 0 top :: 0 bottom :: 0 dfu-right :: 1920 dfu-bottom :: 1080
07-07 15:59:15.996 D/INSETS  ( 3841): else - Package Name ::  left : 0 right :: 0 top :: 0 bottom :: 0 dfu-right :: 1920 dfu-bottom :: 1080
07-07 15:59:15.997 D/INSETS  ( 3841): else - Package Name ::  left : 0 right :: 0 top :: 0 bottom :: 0 dfu-right :: 1920 dfu-bottom :: 1080
07-07 15:59:16.070 W/NotificationHistory( 3841): Attempted to add notif for locked/gone/disabled user 0
07-07 15:59:16.212 D/INSETS  ( 3841): else - Package Name ::  left : 0 right :: 0 top :: 0 bottom :: 0 dfu-right :: 1920 dfu-bottom :: 1080
07-07 15:59:16.609 D/InputMethodManagerService( 3841): Top Package Name: in.startv.hotstar
07-07 15:59:16.611 W/ContextImpl( 3841): Calling a method in the system process without a qualified user: android.app.ContextImpl.sendBroadcast:1111 com.android.server.inputmethod.InputMethodManagerService.sendSoftInputVisibilityBroadcast:3258 com.android.server.inputmethod.InputMethodManagerService.showCurrentInputLocked:3231 com.android.server.inputmethod.InputMethodManagerService.showMySoftInput:4198 com.android.server.inputmethod.InputMethodManagerService.access$4100:189 
07-07 15:59:16.614 D/InputMethodManagerService( 3841): Top Package Name: in.startv.hotstar
07-07 15:59:16.615 W/ContextImpl( 3841): Calling a method in the system process without a qualified user: android.app.ContextImpl.sendBroadcast:1111 com.android.server.inputmethod.InputMethodManagerService.sendSoftInputVisibilityBroadcast:3258 com.android.server.inputmethod.InputMethodManagerService.showCurrentInputLocked:3231 com.android.server.inputmethod.InputMethodManagerService.showMySoftInput:4198 com.android.server.inputmethod.InputMethodManagerService.access$4100:189 
07-07 15:59:16.628 D/InputMethodManagerService( 3841): Top Package Name: in.startv.hotstar
07-07 15:59:16.629 W/ContextImpl( 3841): Calling a method in the system process without a qualified user: android.app.ContextImpl.sendBroadcast:1111 com.android.server.inputmethod.InputMethodManagerService.sendSoftInputVisibilityBroadcast:3258 com.android.server.inputmethod.InputMethodManagerService.showCurrentInputLocked:3231 com.android.server.inputmethod.InputMethodManagerService.showMySoftInput:4198 com.android.server.inputmethod.InputMethodManagerService.access$4100:189 
07-07 15:59:16.634 D/InputMethodManagerService( 3841): Top Package Name: in.startv.hotstar
07-07 15:59:16.635 W/ContextImpl( 3841): Calling a method in the system process without a qualified user: android.app.ContextImpl.sendBroadcast:1111 com.android.server.inputmethod.InputMethodManagerService.sendSoftInputVisibilityBroadcast:3258 com.android.server.inputmethod.InputMethodManagerService.showCurrentInputLocked:3231 com.android.server.inputmethod.InputMethodManagerService.showMySoftInput:4198 com.android.server.inputmethod.InputMethodManagerService.access$4100:189 
07-07 15:59:16.638 D/InputMethodManagerService( 3841): Top Package Name: in.startv.hotstar
07-07 15:59:16.639 W/ContextImpl( 3841): Calling a method in the system process without a qualified user: android.app.ContextImpl.sendBroadcast:1111 com.android.server.inputmethod.InputMethodManagerService.sendSoftInputVisibilityBroadcast:3258 com.android.server.inputmethod.InputMethodManagerService.showCurrentInputLocked:3231 com.android.server.inputmethod.InputMethodManagerService.showMySoftInput:4198 com.android.server.inputmethod.InputMethodManagerService.access$4100:189 
07-07 15:59:16.686 D/INSETS  ( 3841): else - Package Name ::  left : 0 right :: 0 top :: 0 bottom :: 0 dfu-right :: 1920 dfu-bottom :: 1080
07-07 15:59:16.693 D/INSETS  ( 3841): else - Package Name ::  left : 0 right :: 0 top :: 0 bottom :: 0 dfu-right :: 1920 dfu-bottom :: 1080
07-07 15:59:16.694 D/INSETS  ( 3841): else - Package Name ::  left : 0 right :: 0 top :: 0 bottom :: 0 dfu-right :: 1920 dfu-bottom :: 1080
07-07 15:59:16.711 D/INSETS  ( 3841): else - Package Name ::  left : 0 right :: 0 top :: 0 bottom :: 0 dfu-right :: 1920 dfu-bottom :: 1080
07-07 15:59:16.711 D/INSETS  ( 3841): else - Package Name ::  left : 0 right :: 0 top :: 0 bottom :: 0 dfu-right :: 1920 dfu-bottom :: 1080
07-07 15:59:16.716 D/INSETS  ( 3841): else - Package Name ::  left : 0 right :: 0 top :: 0 bottom :: 0 dfu-right :: 1920 dfu-bottom :: 1080
07-07 15:59:16.721 I/chatty  ( 3841): uid=1000(system) android.display identical 2 lines
07-07 15:59:16.721 D/INSETS  ( 3841): else - Package Name ::  left : 0 right :: 0 top :: 0 bottom :: 0 dfu-right :: 1920 dfu-bottom :: 1080
07-07 15:59:16.837 W/NotificationHistory( 3841): Attempted to add notif for locked/gone/disabled user 0
07-07 15:59:17.001 I/UsageStatsService( 3841): User[0] Flushing usage stats to disk
07-07 15:59:17.357 D/InputMethodManagerService( 3841): Top Package Name: in.startv.hotstar
07-07 15:59:17.358 W/ContextImpl( 3841): Calling a method in the system process without a qualified user: android.app.ContextImpl.sendBroadcast:1111 com.android.server.inputmethod.InputMethodManagerService.sendSoftInputVisibilityBroadcast:3258 com.android.server.inputmethod.InputMethodManagerService.showCurrentInputLocked:3231 com.android.server.inputmethod.InputMethodManagerService.attachNewInputLocked:2397 com.android.server.inputmethod.InputMethodManagerService.startInputUncheckedLocked:2503 
07-07 15:59:17.363 D/InputMethodManagerService( 3841): Top Package Name: in.startv.hotstar
07-07 15:59:17.364 W/ContextImpl( 3841): Calling a method in the system process without a qualified user: android.app.ContextImpl.sendBroadcast:1111 com.android.server.inputmethod.InputMethodManagerService.sendSoftInputVisibilityBroadcast:3258 com.android.server.inputmethod.InputMethodManagerService.showCurrentInputLocked:3231 com.android.server.inputmethod.InputMethodManagerService.showMySoftInput:4198 com.android.server.inputmethod.InputMethodManagerService.access$4100:189 
07-07 15:59:17.381 D/INSETS  ( 3841): else - Package Name ::  left : 0 right :: 0 top :: 0 bottom :: 0 dfu-right :: 1920 dfu-bottom :: 1080
07-07 15:59:17.382 D/INSETS  ( 3841): else - Package Name ::  left : 0 right :: 0 top :: 0 bottom :: 0 dfu-right :: 1920 dfu-bottom :: 1080
07-07 15:59:17.396 D/InputMethodManagerService( 3841): Top Package Name: in.startv.hotstar
07-07 15:59:17.397 W/ContextImpl( 3841): Calling a method in the system process without a qualified user: android.app.ContextImpl.sendBroadcast:1111 com.android.server.inputmethod.InputMethodManagerService.sendSoftInputVisibilityBroadcast:3258 com.android.server.inputmethod.InputMethodManagerService.showCurrentInputLocked:3231 com.android.server.inputmethod.InputMethodManagerService.showMySoftInput:4198 com.android.server.inputmethod.InputMethodManagerService.access$4100:189 
07-07 15:59:17.789 D/INSETS  ( 3841): else - Package Name ::  left : 0 right :: 0 top :: 0 bottom :: 0 dfu-right :: 1920 dfu-bottom :: 1080
07-07 15:59:17.790 D/INSETS  ( 3841): else - Package Name ::  left : 0 right :: 0 top :: 0 bottom :: 0 dfu-right :: 1920 dfu-bottom :: 1080
07-07 15:59:17.985 D/AutofillManagerService( 3841): onBackKeyPressed()
07-07 15:59:17.989 W/ContextImpl( 3841): Calling a method in the system process without a qualified user: android.app.ContextImpl.sendBroadcast:1111 com.android.server.inputmethod.InputMethodManagerService.sendSoftInputVisibilityBroadcast:3258 com.android.server.inputmethod.InputMethodManagerService.hideCurrentInputLocked:3330 com.android.server.inputmethod.InputMethodManagerService.hideMySoftInput:4180 com.android.server.inputmethod.InputMethodManagerService.access$4000:189 
07-07 15:59:18.013 D/INSETS  ( 3841): else - Package Name ::  left : 0 right :: 0 top :: 0 bottom :: 0 dfu-right :: 1920 dfu-bottom :: 1080
07-07 15:59:18.014 D/INSETS  ( 3841): else - Package Name ::  left : 0 right :: 0 top :: 0 bottom :: 0 dfu-right :: 1920 dfu-bottom :: 1080
07-07 15:59:18.023 D/INSETS  ( 3841): else - Package Name ::  left : 0 right :: 0 top :: 0 bottom :: 0 dfu-right :: 1920 dfu-bottom :: 1080
07-07 15:59:18.023 D/INSETS  ( 3841): else - Package Name ::  left : 0 right :: 0 top :: 0 bottom :: 0 dfu-right :: 1920 dfu-bottom :: 1080
07-07 15:59:18.271 D/INSETS  ( 3841): else - Package Name ::  left : 0 right :: 0 top :: 0 bottom :: 0 dfu-right :: 1920 dfu-bottom :: 1080
07-07 15:59:20.408 D/InputMethodManagerService( 3841): Top Package Name: in.startv.hotstar
07-07 15:59:20.414 W/ContextImpl( 3841): Calling a method in the system process without a qualified user: android.app.ContextImpl.sendBroadcast:1111 com.android.server.inputmethod.InputMethodManagerService.sendSoftInputVisibilityBroadcast:3258 com.android.server.inputmethod.InputMethodManagerService.showCurrentInputLocked:3231 com.android.server.inputmethod.InputMethodManagerService.showMySoftInput:4198 com.android.server.inputmethod.InputMethodManagerService.access$4100:189 
07-07 15:59:20.417 W/ContextImpl( 3841): Calling a method in the system process without a qualified user: android.app.ContextImpl.sendBroadcast:1111 com.android.server.inputmethod.InputMethodManagerService.sendSoftInputVisibilityBroadcast:3258 com.android.server.inputmethod.InputMethodManagerService.hideCurrentInputLocked:3330 com.android.server.inputmethod.InputMethodManagerService.hideSoftInput:3290 com.android.internal.view.IInputMethodManager$Stub.onTransact:325 
07-07 15:59:20.427 D/InputMethodManagerService( 3841): Top Package Name: in.startv.hotstar
07-07 15:59:20.434 W/ContextImpl( 3841): Calling a method in the system process without a qualified user: android.app.ContextImpl.sendBroadcast:1111 com.android.server.inputmethod.InputMethodManagerService.sendSoftInputVisibilityBroadcast:3258 com.android.server.inputmethod.InputMethodManagerService.showCurrentInputLocked:3231 com.android.server.inputmethod.InputMethodManagerService.showMySoftInput:4198 com.android.server.inputmethod.InputMethodManagerService.access$4100:189 
07-07 15:59:20.439 W/ContextImpl( 3841): Calling a method in the system process without a qualified user: android.app.ContextImpl.sendBroadcast:1111 com.android.server.inputmethod.InputMethodManagerService.sendSoftInputVisibilityBroadcast:3258 com.android.server.inputmethod.InputMethodManagerService.hideCurrentInputLocked:3330 com.android.server.inputmethod.InputMethodManagerService.hideSoftInput:3290 com.android.internal.view.IInputMethodManager$Stub.onTransact:325 
07-07 15:59:20.462 D/INSETS  ( 3841): else - Package Name ::  left : 0 right :: 0 top :: 0 bottom :: 0 dfu-right :: 1920 dfu-bottom :: 1080
07-07 15:59:20.474 W/ContextImpl( 3841): Calling a method in the system process without a qualified user: android.app.ContextImpl.sendBroadcast:1111 com.android.server.inputmethod.InputMethodManagerService.sendSoftInputVisibilityBroadcast:3258 com.android.server.inputmethod.InputMethodManagerService.hideCurrentInputLocked:3330 com.android.server.inputmethod.InputMethodManagerService.hideSoftInput:3290 com.android.internal.view.IInputMethodManager$Stub.onTransact:325 
07-07 15:59:20.527 D/InputMethodManagerService( 3841): Top Package Name: in.startv.hotstar
07-07 15:59:20.530 W/ContextImpl( 3841): Calling a method in the system process without a qualified user: android.app.ContextImpl.sendBroadcast:1111 com.android.server.inputmethod.InputMethodManagerService.sendSoftInputVisibilityBroadcast:3258 com.android.server.inputmethod.InputMethodManagerService.showCurrentInputLocked:3231 com.android.server.inputmethod.InputMethodManagerService.showMySoftInput:4198 com.android.server.inputmethod.InputMethodManagerService.access$4100:189 
07-07 15:59:20.573 D/INSETS  ( 3841): else - Package Name ::  left : 0 right :: 0 top :: 0 bottom :: 0 dfu-right :: 1920 dfu-bottom :: 1080
07-07 15:59:20.622 D/INSETS  ( 3841): else - Package Name ::  left : 0 right :: 0 top :: 0 bottom :: 0 dfu-right :: 1920 dfu-bottom :: 1080
07-07 15:59:20.623 D/INSETS  ( 3841): else - Package Name ::  left : 0 right :: 0 top :: 0 bottom :: 0 dfu-right :: 1920 dfu-bottom :: 1080
07-07 15:59:20.633 W/NotificationHistory( 3841): Attempted to add notif for locked/gone/disabled user 0
07-07 15:59:20.655 D/INSETS  ( 3841): else - Package Name ::  left : 0 right :: 0 top :: 0 bottom :: 0 dfu-right :: 1920 dfu-bottom :: 1080
07-07 15:59:20.656 D/INSETS  ( 3841): else - Package Name ::  left : 0 right :: 0 top :: 0 bottom :: 0 dfu-right :: 1920 dfu-bottom :: 1080
07-07 15:59:20.660 D/InputMethodManagerService( 3841): Top Package Name: in.startv.hotstar
07-07 15:59:20.663 W/ContextImpl( 3841): Calling a method in the system process without a qualified user: android.app.ContextImpl.sendBroadcast:1111 com.android.server.inputmethod.InputMethodManagerService.sendSoftInputVisibilityBroadcast:3258 com.android.server.inputmethod.InputMethodManagerService.showCurrentInputLocked:3231 com.android.server.inputmethod.InputMethodManagerService.showMySoftInput:4198 com.android.server.inputmethod.InputMethodManagerService.access$4100:189 
07-07 15:59:20.674 D/InputMethodManagerService( 3841): Top Package Name: in.startv.hotstar
07-07 15:59:20.675 W/ContextImpl( 3841): Calling a method in the system process without a qualified user: android.app.ContextImpl.sendBroadcast:1111 com.android.server.inputmethod.InputMethodManagerService.sendSoftInputVisibilityBroadcast:3258 com.android.server.inputmethod.InputMethodManagerService.showCurrentInputLocked:3231 com.android.server.inputmethod.InputMethodManagerService.showMySoftInput:4198 com.android.server.inputmethod.InputMethodManagerService.access$4100:189 
07-07 15:59:20.688 D/INSETS  ( 3841): else - Package Name ::  left : 0 right :: 0 top :: 0 bottom :: 0 dfu-right :: 1920 dfu-bottom :: 1080
07-07 15:59:20.716 I/chatty  ( 3841): uid=1000(system) android.display identical 4 lines
07-07 15:59:20.716 D/INSETS  ( 3841): else - Package Name ::  left : 0 right :: 0 top :: 0 bottom :: 0 dfu-right :: 1920 dfu-bottom :: 1080
07-07 15:59:20.771 D/INSETS  ( 3841): else - Package Name ::  left : 0 right :: 0 top :: 0 bottom :: 0 dfu-right :: 1920 dfu-bottom :: 1080
07-07 15:59:20.780 D/InputMethodManagerService( 3841): Top Package Name: in.startv.hotstar
07-07 15:59:20.782 W/ContextImpl( 3841): Calling a method in the system process without a qualified user: android.app.ContextImpl.sendBroadcast:1111 com.android.server.inputmethod.InputMethodManagerService.sendSoftInputVisibilityBroadcast:3258 com.android.server.inputmethod.InputMethodManagerService.showCurrentInputLocked:3231 com.android.server.inputmethod.InputMethodManagerService.showMySoftInput:4198 com.android.server.inputmethod.InputMethodManagerService.access$4100:189 
07-07 15:59:20.788 D/InputMethodManagerService( 3841): Top Package Name: in.startv.hotstar
07-07 15:59:20.789 W/ContextImpl( 3841): Calling a method in the system process without a qualified user: android.app.ContextImpl.sendBroadcast:1111 com.android.server.inputmethod.InputMethodManagerService.sendSoftInputVisibilityBroadcast:3258 com.android.server.inputmethod.InputMethodManagerService.showCurrentInputLocked:3231 com.android.server.inputmethod.InputMethodManagerService.showMySoftInput:4198 com.android.server.inputmethod.InputMethodManagerService.access$4100:189 
07-07 15:59:20.850 D/INSETS  ( 3841): else - Package Name ::  left : 0 right :: 0 top :: 0 bottom :: 0 dfu-right :: 1920 dfu-bottom :: 1080
07-07 15:59:20.860 D/INSETS  ( 3841): else - Package Name ::  left : 0 right :: 0 top :: 0 bottom :: 0 dfu-right :: 1920 dfu-bottom :: 1080
07-07 15:59:20.861 D/INSETS  ( 3841): else - Package Name ::  left : 0 right :: 0 top :: 0 bottom :: 0 dfu-right :: 1920 dfu-bottom :: 1080
07-07 15:59:20.885 D/INSETS  ( 3841): else - Package Name ::  left : 0 right :: 0 top :: 0 bottom :: 0 dfu-right :: 1920 dfu-bottom :: 1080
07-07 15:59:20.886 D/INSETS  ( 3841): else - Package Name ::  left : 0 right :: 0 top :: 0 bottom :: 0 dfu-right :: 1920 dfu-bottom :: 1080
07-07 15:59:20.892 W/NotificationHistory( 3841): Attempted to add notif for locked/gone/disabled user 0
