07-07 16:08:27.389 D/        (    0): [  707.819610@0]- the parser_top      clock on, ref cnt: 2
07-07 16:08:27.389 D/        (    0): [  707.819616@0]- the vdec            clock on, ref cnt: 1
07-07 16:08:27.389 D/        (    0): [  707.819636@0]- the clk_vdec_mux    clock on, ref cnt: 1
07-07 16:08:27.389 D/        (    0): [  707.819669@0]- vdec mux clock is 499999992 Hz
07-07 16:08:27.389 D/        (    0): [  707.819768@0]- vdec_create instance 0000000011fdb02d, total 1, PM: legacy
07-07 16:08:27.389 D/        (    0): [  707.820369@0]- no drmmode
07-07 16:08:27.389 I/        (    0): [  707.820413@0]- is_reset=1
07-07 16:08:27.389 I/        (    0): [  707.820440@0]- vdec_init, dev_name:ammvdec_h264, vdec_type=VDEC_TYPE_FRAME_BLOCK  id = 0
07-07 16:08:27.391 D/        (    0): [  707.821548@0]- ammvdec_h264_mmu_init tvp = 0x0 mmu_enable 0
07-07 16:08:27.392 D/        (    0): [  707.821556@0]- decoder_bmmu_box_alloc_box, tvp_flags = 0
07-07 16:08:27.392 D/[  707.821577@0]- 0(    0): ammvdec_h264_probe mmu_enable 0 double_write_mode 0x10
07-07 16:08:27.395 D/[  707.824132@2]- 0(    0): ammvdec_h264 mem-addr=0,buff_offset=56c10000,buf_start=56c00000
07-07 16:08:27.395 D/        (    0): [  707.824208@2]- vdec mux clock is 666666656 Hz
07-07 16:08:27.395 D/        (    0): [  707.824230@2]- vdec1 video changed to 3840 x 2160 60 fps clk->667MHZ
07-07 16:08:27.395 W/        (    0): [  707.824247@2]- H264 sysinfo: 1920x1080 duration=3200, pts_outside=1
07-07 16:08:27.395 D/        (    0): [  707.824252@2]- sync_outside=0, use_idr_framerate=0, is_used_v4l: 0
07-07 16:08:27.395 I/        (    0): [  707.824324@2]- [TEE], the fw (h264_multi) will be loaded.
07-07 16:08:27.395 D/        (    0): [  707.824465@2]- vh264_init, phy_addr=7446e000 vaddr=000000003ba694df
07-07 16:08:27.395 D/        (    0): [  707.824574@2]- vfm map vdec-map-0 created
07-07 16:08:27.395 I/[  707.824594@2]- dim(    0): ch[1]:di_receiver_event_fun,8:_REG
07-07 16:08:27.395 I/[  707.824600@2]- dim(    0): reg:vdec.h264.00[154]
07-07 16:08:27.395 I/[  707.825146@2]- dim(    0): reg:use[1]ms
07-07 16:08:27.395 E/[  707.825171@2]- reg(    0): v4lvideo
07-07 16:08:27.395 I/[  707.825180@2]- dim(    0): ch[1]:di_receiver_event_fun,3:_START
07-07 16:08:27.395 D/        (    0): [  707.825185@2]- vdec_init, vf_provider_name = vdec.h264.00, b 0
07-07 16:08:27.396 I/        (    0): [  707.825937@0]- vdec->port_flag=0x102, port_flag=0x10b
07-07 16:08:27.396 I/        (    0): [  707.826060@0]- is_reset=0
07-07 16:08:27.407 I/        (    0): [  707.835692@0]- is_reset=1
07-07 16:08:27.411 I/[  707.835959@0]- vframe_rate_uevent(    0): sent uevent FRAME_RATE_HINT=0
07-07 16:08:27.412 I/[  707.836046@0]- dim(    0): ch[1]:di_receiver_event_fun,1:_UNREG
07-07 16:08:27.412 E/[  707.836072@0]- unreg(    0): v4lvideo
07-07 16:08:27.412 I/[  707.836885@0]- dim(    0): unreg:use[0]ms
07-07 16:08:27.412 D/        (    0): [  707.836912@0]- vdec_disable_DMC input->target= 0x0
07-07 16:08:27.412 D/[  707.837030@0]- 0(    0): vh264_stop
07-07 16:08:27.412 D/        (    0): [  707.837508@0]- vdec_release instance 0000000011fdb02d, total 1 id = 0
07-07 16:08:27.412 D/        (    0): [  707.837682@0]- the clk_vdec_mux    clock off, ref cnt: 0
07-07 16:08:27.412 D/        (    0): [  707.837693@0]- the vdec            clock off, ref cnt: 0
07-07 16:08:27.412 D/        (    0): [  707.837697@0]- the parser_top      clock off, ref cnt: 1
07-07 16:08:27.412 D/        (    0): [  707.837701@0]- the demux           clock off, ref cnt: 1
07-07 16:08:27.412 D/        (    0): [  707.837771@0]- the demux           clock on, ref cnt: 2
07-07 16:08:27.412 D/        (    0): [  707.837776@0]- the parser_top      clock on, ref cnt: 2
07-07 16:08:27.412 D/        (    0): [  707.837783@0]- the vdec            clock on, ref cnt: 1
07-07 16:08:27.412 D/        (    0): [  707.837801@0]- the clk_vdec_mux    clock on, ref cnt: 1
07-07 16:08:27.412 D/        (    0): [  707.837834@0]- vdec mux clock is 499999992 Hz
07-07 16:08:27.412 D/        (    0): [  707.837908@0]- vdec_create instance 000000006039f4e3, total 1, PM: legacy
07-07 16:08:27.412 D/        (    0): [  707.837944@0]- no drmmode
07-07 16:08:27.412 I/        (    0): [  707.838142@0]- is_reset=1
07-07 16:08:27.412 I/        (    0): [  707.838172@0]- vdec_init, dev_name:ammvdec_h264, vdec_type=VDEC_TYPE_FRAME_BLOCK  id = 0
07-07 16:08:27.412 D/        (    0): [  707.840382@0]- ammvdec_h264_mmu_init tvp = 0x0 mmu_enable 0
07-07 16:08:27.412 D/        (    0): [  707.840389@0]- decoder_bmmu_box_alloc_box, tvp_flags = 0
07-07 16:08:27.412 D/[  707.840408@0]- 0(    0): ammvdec_h264_probe mmu_enable 0 double_write_mode 0x10
07-07 16:08:27.412 D/[  707.841625@3]- 0(    0): ammvdec_h264 mem-addr=0,buff_offset=56c10000,buf_start=56c00000
07-07 16:08:27.412 D/        (    0): [  707.841666@3]- vdec mux clock is 666666656 Hz
07-07 16:08:27.412 D/        (    0): [  707.841672@3]- vdec1 video changed to 3840 x 2160 60 fps clk->667MHZ
07-07 16:08:27.412 W/        (    0): [  707.841679@3]- H264 sysinfo: 1920x1080 duration=3200, pts_outside=1
07-07 16:08:27.412 D/        (    0): [  707.841682@3]- sync_outside=0, use_idr_framerate=0, is_used_v4l: 0
07-07 16:08:27.412 I/        (    0): [  707.841755@3]- [TEE], the fw (h264_multi) will be loaded.
07-07 16:08:27.412 D/        (    0): [  707.841927@0]- vh264_init, phy_addr=7446e000 vaddr=00000000e854142c
07-07 16:08:27.412 D/        (    0): [  707.842045@0]- vfm map vdec-map-0 created
07-07 16:08:27.412 I/[  707.842065@0]- dim(    0): ch[1]:di_receiver_event_fun,8:_REG
07-07 16:08:27.412 I/[  707.842071@0]- dim(    0): reg:vdec.h264.00[155]
07-07 16:08:27.412 I/[  707.842638@0]- dim(    0): reg:use[0]ms
07-07 16:08:27.412 E/[  707.842662@0]- reg(    0): v4lvideo
07-07 16:08:27.412 I/[  707.842671@0]- dim(    0): ch[1]:di_receiver_event_fun,3:_START
07-07 16:08:27.412 D/        (    0): [  707.842724@0]- vdec_init, vf_provider_name = vdec.h264.00, b 0
07-07 16:08:27.412 I/        (    0): [  707.843718@0]- vdec->port_flag=0x102, port_flag=0x10b
07-07 16:08:27.412 I/        (    0): [  707.843839@0]- is_reset=0
07-07 16:08:27.482 D/[  707.908716@3]- 0(    0): AV_SCRATCH_1 = 841fe078, AV_SCRATCH_2 1a077
07-07 16:08:27.482 D/[  707.908775@3]- 0(    0): chroma_format_idc = 1 frame_mbs_only_flag 1, crop_bottom 8,  frame_height 1080,
07-07 16:08:27.482 D/[  707.908781@3]- 0(    0): mb_height 68,crop_right 0, frame_width 1920, mb_width 120
07-07 16:08:27.482 D/[  707.908786@3]- 0(    0): level_idc = 40 pic_size = 3133440 size = 4
07-07 16:08:27.482 D/[  707.908791@3]- 0(    0): mb height/widht/total: 44/78/1fe0 level_idc 28 max_ref_num 4
07-07 16:08:27.482 D/[  707.908796@3]- 0(    0): restriction_flag=1, max_dec_frame_buffering=4, dec_dpb_size=6 num_reorder_frames 3 used_reorder_dpb_size_margin 9
07-07 16:08:27.482 D/[  707.908801@3]- 0(    0): vh264_set_params active_buf_spec_num 15 dec_dpb_size 6 collocate_buf_num 8
07-07 16:08:27.513 D/[  707.942464@2]- 0(    0): num_ref_frames change from 0 to 4
07-07 16:08:27.525 I/[  707.949656@1]- dim(    0): value reg:ch[1]:fix_buf:0;ponly <0,0>
07-07 16:08:27.525 I/[  707.949675@1]- dim(    0): di_cnt_i_buf1:tvp:0
07-07 16:08:27.527 D/[  707.957295@1]- dimh_patch_post_update_mc_sw(    0): 0x0->0x2
07-07 16:08:27.528 I/[  707.957425@1]- dim(    0): ch[1]:reg:mem cfg[8][5][3]
07-07 16:08:27.528 I/[  707.957499@1]- dim(    0): pre cfg:ch[1]:407860ms 1th source change:
07-07 16:08:27.528 I/[  707.957505@1]- dim(    0): source change:0x0/0/0/0=>0x8009/1920/1080/0
07-07 16:08:27.528 D/[  707.957526@1]- dimh_patch_post_update_mc_sw(    0): 0x2->0x3
07-07 16:08:27.539 I/[  707.968143@3]- v4lvideo(    0): provider name: vdec.h264.00
07-07 16:08:27.565 D/        (    0): [  707.986143@2]- cal_dur_from_pts vstatus 3840 dur3600 -> 3840, revised 3840
07-07 16:08:27.565 I/[  707.986370@2]- vframe_rate_uevent(    0): sent uevent FRAME_RATE_HINT=3840
07-07 16:08:32.083 W/[  712.511334@0]- RTW(    0): Turbo EDCA =0x5ea42b
07-07 16:08:36.115 W/[  716.543193@0]- RTW(    0): Turbo EDCA =0x431c
07-07 16:08:38.129 W/[  718.559083@2]- RTW(    0): Turbo EDCA =0x5ea42b
07-07 16:08:39.883 W/[  720.311984@2]- audit(    0): audit_lost=815 audit_rate_limit=5 audit_backlog_limit=64
07-07 16:08:39.883 E/[  720.311992@2]- audit(    0): rate limit exceeded
07-07 16:08:42.168 W/[  722.595238@1]- RTW(    0): Turbo EDCA =0x431c
07-07 16:08:44.179 W/[  724.608612@1]- RTW(    0): Turbo EDCA =0x5ea42b
07-07 16:08:48.055 W/[  728.483936@1]- healthd(    0): battery l=100 v=4 t=0.0 h=2 st=2 c=1100 fc=10000000 chg=u
07-07 16:08:48.215 W/[  728.643126@3]- RTW(    0): Turbo EDCA =0x431c
07-07 16:08:50.227 W/[  730.655312@0]- RTW(    0): Turbo EDCA =0x5ea42b
07-07 16:08:54.259 W/[  734.687217@1]- RTW(    0): Turbo EDCA =0x431c
07-07 16:08:56.275 W/[  736.703275@1]- RTW(    0): Turbo EDCA =0x5ea42b
07-07 16:09:00.307 W/[  740.735289@0]- RTW(    0): Turbo EDCA =0x431c
07-07 16:09:02.323 W/[  742.751096@0]- RTW(    0): Turbo EDCA =0x5ea42b
07-07 16:09:06.359 W/[  746.787079@0]- RTW(    0): Turbo EDCA =0x431c
07-07 16:09:08.371 W/[  748.799146@1]- RTW(    0): Turbo EDCA =0x5ea42b
07-07 16:08:59.401 I/chatty  ( 3841): uid=1000(system) android.bg identical 4 lines
07-07 16:09:09.519 I/UsageStatsService( 3841): User[0] Flushing usage stats to disk
07-07 16:09:11.093 D/AutofillManagerService( 3841): onBackKeyPressed()
07-07 16:09:11.157 I/        (    0): [  751.585335@3]- is_reset=1
07-07 16:09:11.157 I/[  751.586732@3]- vframe_rate_uevent(    0): sent uevent FRAME_RATE_HINT=0
07-07 16:09:11.159 I/[  751.588588@3]- dim(    0): ch[1]:di_receiver_event_fun,1:_UNREG
07-07 16:09:11.159 E/[  751.588603@3]- unreg(    0): v4lvideo
07-07 16:09:11.179 I/[  751.606765@0]- dim(    0): unreg:2keep[8], msk:[0x60c8b,0x0]
07-07 16:09:11.179 I/[  751.606781@0]- dim(    0): bufq_ndis_unreg:used 2 idle 11
07-07 16:09:11.179 I/[  751.606786@0]- dim(    0): bufq_ndis_unreg:used 2 idle 2
07-07 16:09:11.179 D/[  751.606792@0]- dimh_patch_post_update_mc_sw(    0): 0x3->0x0
07-07 16:09:11.189 I/[  751.618389@2]- dim(    0): unreg:use[30]ms
07-07 16:09:11.190 D/        (    0): [  751.618418@2]- vdec_disable_DMC input->target= 0x0
07-07 16:09:11.190 D/[  751.618534@2]- 0(    0): vh264_stop
07-07 16:09:11.191 D/        (    0): [  751.621789@2]- vdec_release instance 000000006039f4e3, total 1 id = 0
07-07 16:09:11.191 D/        (    0): [  751.621962@2]- the clk_vdec_mux    clock off, ref cnt: 0
07-07 16:09:11.191 D/        (    0): [  751.621972@2]- the vdec            clock off, ref cnt: 0
07-07 16:09:11.191 D/        (    0): [  751.621976@2]- the parser_top      clock off, ref cnt: 1
07-07 16:09:11.191 D/        (    0): [  751.621980@2]- the demux           clock off, ref cnt: 1
07-07 16:09:11.191 D/        (    0): [  751.622077@2]- the demux           clock on, ref cnt: 2
07-07 16:09:11.191 D/        (    0): [  751.622084@2]- the parser_top      clock on, ref cnt: 2
07-07 16:09:11.191 D/        (    0): [  751.622091@2]- the vdec            clock on, ref cnt: 1
07-07 16:09:11.191 D/        (    0): [  751.622109@2]- the clk_vdec_mux    clock on, ref cnt: 1
07-07 16:09:11.191 D/        (    0): [  751.622141@2]- vdec mux clock is 499999992 Hz
07-07 16:09:11.191 D/        (    0): [  751.622307@2]- vdec_create instance 000000003c682ff8, total 1, PM: legacy
07-07 16:09:11.191 D/        (    0): [  751.622368@2]- no drmmode
07-07 16:09:11.192 I/        (    0): [  751.622426@2]- is_reset=1
07-07 16:09:11.192 I/        (    0): [  751.622452@2]- vdec_init, dev_name:ammvdec_h264, vdec_type=VDEC_TYPE_FRAME_BLOCK  id = 0
07-07 16:09:11.193 D/        (    0): [  751.623242@2]- ammvdec_h264_mmu_init tvp = 0x0 mmu_enable 0
07-07 16:09:11.193 D/        (    0): [  751.623250@2]- decoder_bmmu_box_alloc_box, tvp_flags = 0
07-07 16:09:11.193 D/[  751.623268@2]- 0(    0): ammvdec_h264_probe mmu_enable 0 double_write_mode 0x10
07-07 16:09:11.193 D/[  751.624277@2]- 0(    0): ammvdec_h264 mem-addr=0,buff_offset=56c10000,buf_start=56c00000
07-07 16:09:11.193 D/        (    0): [  751.624318@2]- vdec mux clock is 666666656 Hz
07-07 16:09:11.193 D/        (    0): [  751.624323@2]- vdec1 video changed to 3840 x 2160 60 fps clk->667MHZ
07-07 16:09:11.193 W/        (    0): [  751.624329@2]- H264 sysinfo: 1920x1080 duration=3200, pts_outside=1
07-07 16:09:11.193 D/        (    0): [  751.624333@2]- sync_outside=0, use_idr_framerate=0, is_used_v4l: 0
07-07 16:09:11.193 I/        (    0): [  751.624403@2]- [TEE], the fw (h264_multi) will be loaded.
07-07 16:09:11.193 D/        (    0): [  751.624496@2]- vh264_init, phy_addr=7446e000 vaddr=000000008c7048e8
07-07 16:09:11.193 D/        (    0): [  751.624599@2]- vfm map vdec-map-0 created
07-07 16:09:11.193 I/[  751.624618@2]- dim(    0): ch[1]:di_receiver_event_fun,8:_REG
07-07 16:09:11.193 I/[  751.624623@2]- dim(    0): reg:vdec.h264.00[156]
07-07 16:09:11.195 I/[  751.625175@3]- dim(    0): reg:use[1]ms
07-07 16:09:11.200 E/[  751.625201@3]- reg(    0): v4lvideo
07-07 16:09:11.200 I/[  751.625209@3]- dim(    0): ch[1]:di_receiver_event_fun,3:_START
07-07 16:09:11.200 D/        (    0): [  751.625215@3]- vdec_init, vf_provider_name = vdec.h264.00, b 0
07-07 16:09:11.200 I/        (    0): [  751.625862@3]- vdec->port_flag=0x102, port_flag=0x10b
07-07 16:09:11.200 I/        (    0): [  751.625965@3]- is_reset=0
07-07 16:09:11.212 I/        (    0): [  751.641350@1]- is_reset=1
07-07 16:09:11.212 I/[  751.641710@1]- vframe_rate_uevent(    0): sent uevent FRAME_RATE_HINT=0
07-07 16:09:11.212 I/[  751.641875@1]- dim(    0): ch[1]:di_receiver_event_fun,1:_UNREG
07-07 16:09:11.212 E/[  751.641889@1]- unreg(    0): v4lvideo
07-07 16:09:11.212 I/[  751.642463@3]- dim(    0): unreg:use[1]ms
07-07 16:09:11.212 D/        (    0): [  751.642501@3]- vdec_disable_DMC input->target= 0x0
07-07 16:09:11.212 D/[  751.642629@3]- 0(    0): vh264_stop
07-07 16:09:11.216 D/        (    0): [  751.643831@3]- vdec_release instance 000000003c682ff8, total 1 id = 0
07-07 16:09:11.216 D/        (    0): [  751.644009@3]- the clk_vdec_mux    clock off, ref cnt: 0
07-07 16:09:11.216 D/        (    0): [  751.644019@3]- the vdec            clock off, ref cnt: 0
07-07 16:09:11.216 D/        (    0): [  751.644023@3]- the parser_top      clock off, ref cnt: 1
07-07 16:09:11.216 D/        (    0): [  751.644027@3]- the demux           clock off, ref cnt: 1
07-07 16:09:11.217 D/        (    0): [  751.644097@3]- the demux           clock on, ref cnt: 2
07-07 16:09:11.217 D/        (    0): [  751.644102@3]- the parser_top      clock on, ref cnt: 2
07-07 16:09:11.217 D/        (    0): [  751.644109@3]- the vdec            clock on, ref cnt: 1
07-07 16:09:11.217 D/        (    0): [  751.644127@3]- the clk_vdec_mux    clock on, ref cnt: 1
07-07 16:09:11.217 D/        (    0): [  751.644160@3]- vdec mux clock is 499999992 Hz
07-07 16:09:11.217 D/        (    0): [  751.644231@3]- vdec_create instance 00000000f2429505, total 1, PM: legacy
07-07 16:09:11.217 D/        (    0): [  751.644265@3]- no drmmode
07-07 16:09:11.217 I/        (    0): [  751.644293@3]- is_reset=1
07-07 16:09:11.217 I/        (    0): [  751.644321@3]- vdec_init, dev_name:ammvdec_h264, vdec_type=VDEC_TYPE_FRAME_BLOCK  id = 0
07-07 16:09:11.217 D/        (    0): [  751.645155@3]- ammvdec_h264_mmu_init tvp = 0x0 mmu_enable 0
07-07 16:09:11.217 D/        (    0): [  751.645163@3]- decoder_bmmu_box_alloc_box, tvp_flags = 0
07-07 16:09:11.217 D/[  751.645182@3]- 0(    0): ammvdec_h264_probe mmu_enable 0 double_write_mode 0x10
07-07 16:09:11.217 D/[  751.647022@0]- 0(    0): ammvdec_h264 mem-addr=0,buff_offset=56c10000,buf_start=56c00000
07-07 16:09:11.217 D/        (    0): [  751.647062@0]- vdec mux clock is 666666656 Hz
07-07 16:09:11.217 D/        (    0): [  751.647067@0]- vdec1 video changed to 3840 x 2160 60 fps clk->667MHZ
07-07 16:09:11.217 W/        (    0): [  751.647073@0]- H264 sysinfo: 1920x1080 duration=3200, pts_outside=1
07-07 16:09:11.217 D/        (    0): [  751.647076@0]- sync_outside=0, use_idr_framerate=0, is_used_v4l: 0
07-07 16:09:11.217 I/        (    0): [  751.647305@0]- [TEE], the fw (h264_multi) will be loaded.
07-07 16:09:11.217 D/        (    0): [  751.647999@0]- vh264_init, phy_addr=7446e000 vaddr=0000000032bfea24
07-07 16:09:11.217 D/        (    0): [  751.648176@0]- vfm map vdec-map-0 created
07-07 16:09:11.217 I/[  751.648197@0]- dim(    0): ch[1]:di_receiver_event_fun,8:_REG
07-07 16:09:11.217 I/[  751.648202@0]- dim(    0): reg:vdec.h264.00[157]
07-07 16:09:11.217 I/[  751.648279@0]- dim(    0): reg:use[0]ms
07-07 16:09:11.217 E/[  751.648293@0]- reg(    0): v4lvideo
07-07 16:09:11.217 I/[  751.648300@0]- dim(    0): ch[1]:di_receiver_event_fun,3:_START
07-07 16:09:11.217 D/        (    0): [  751.648304@0]- vdec_init, vf_provider_name = vdec.h264.00, b 0
07-07 16:09:11.221 I/        (    0): [  751.649056@0]- vdec->port_flag=0x102, port_flag=0x10b
07-07 16:09:11.222 I/        (    0): [  751.649142@0]- is_reset=0
07-07 16:09:11.231 I/[  751.661092@2]- vframe_rate_uevent(    0): sent uevent FRAME_RATE_HINT=0
07-07 16:09:11.232 I/[  751.661224@2]- dim(    0): ch[1]:di_receiver_event_fun,1:_UNREG
07-07 16:09:11.232 E/[  751.661237@2]- unreg(    0): v4lvideo
07-07 16:09:11.232 I/[  751.661804@3]- dim(    0): unreg:use[0]ms
07-07 16:09:11.232 D/        (    0): [  751.661835@3]- vdec_disable_DMC input->target= 0x0
07-07 16:09:11.232 D/[  751.661948@3]- 0(    0): vh264_stop
07-07 16:09:11.232 D/        (    0): [  751.662499@3]- vdec_release instance 00000000f2429505, total 1 id = 0
07-07 16:09:11.232 D/        (    0): [  751.662743@3]- the clk_vdec_mux    clock off, ref cnt: 0
07-07 16:09:11.232 D/        (    0): [  751.662754@3]- the vdec            clock off, ref cnt: 0
07-07 16:09:11.232 D/        (    0): [  751.662758@3]- the parser_top      clock off, ref cnt: 1
07-07 16:09:11.232 D/        (    0): [  751.662762@3]- the demux           clock off, ref cnt: 1
07-07 16:09:11.232 D/        (    0): [  751.662787@3]d v4lvideo_release_map 0 OK
07-07 16:09:11.232 D/[  751.662898@3]- v4lvid(    0): dbg: vidioc_close!!!!
07-07 16:09:11.235 I/[  751.664255@3]- resman(    0): 47 release [codec_mm]
07-07 16:09:11.361 D/INSETS  ( 3841): else - Package Name ::  left : 0 right :: 0 top :: 0 bottom :: 0 dfu-right :: 1920 dfu-bottom :: 1080
07-07 16:09:11.464 I/[  751.885324@1]- vc(    0): [0]vc: set enable index=0, val=0
07-07 16:09:11.464 I/[  751.885345@1]- VID(    0): store VD0 path_id changed 2->-1
07-07 16:09:11.464 I/        (    0): [  751.885349@1]- dev->index =0, val=1
07-07 16:09:11.464 I/[  751.885354@1]- VID(    0): VD1 off
07-07 16:09:11.464 I/[  751.885360@1]- VID(    0): VD1 set global output as 0
07-07 16:09:11.464 I/        (    0): [  751.885377@1]- common_vf_unreg_provider video_render.0: vd1 used: true, vd2 used: false, black_out:0, cur_buf:000000008306561f
07-07 16:09:12.407 W/[  752.835281@1]- RTW(    0): Turbo EDCA =0x431c
07-07 16:09:12.759 D/InputMethodManagerService( 3841): Top Package Name: in.startv.hotstar
07-07 16:09:12.761 W/ContextImpl( 3841): Calling a method in the system process without a qualified user: android.app.ContextImpl.sendBroadcast:1111 com.android.server.inputmethod.InputMethodManagerService.sendSoftInputVisibilityBroadcast:3258 com.android.server.inputmethod.InputMethodManagerService.showCurrentInputLocked:3231 com.android.server.inputmethod.InputMethodManagerService.showSoftInput:3153 com.android.internal.view.IInputMethodManager$Stub.onTransact:304 
07-07 16:09:12.765 D/InputMethodManagerService( 3841): Top Package Name: in.startv.hotstar
07-07 16:09:12.765 W/ContextImpl( 3841): Calling a method in the system process without a qualified user: android.app.ContextImpl.sendBroadcast:1111 com.android.server.inputmethod.InputMethodManagerService.sendSoftInputVisibilityBroadcast:3258 com.android.server.inputmethod.InputMethodManagerService.showCurrentInputLocked:3231 com.android.server.inputmethod.InputMethodManagerService.showMySoftInput:4198 com.android.server.inputmethod.InputMethodManagerService.access$4100:189 
07-07 16:09:12.767 W/ContextImpl( 3841): Calling a method in the system process without a qualified user: android.app.ContextImpl.sendBroadcast:1111 com.android.server.inputmethod.InputMethodManagerService.sendSoftInputVisibilityBroadcast:3258 com.android.server.inputmethod.InputMethodManagerService.hideCurrentInputLocked:3330 com.android.server.inputmethod.InputMethodManagerService.hideMySoftInput:4180 com.android.server.inputmethod.InputMethodManagerService.access$4000:189 
07-07 16:09:12.789 D/InputMethodManagerService( 3841): Top Package Name: in.startv.hotstar
07-07 16:09:12.789 D/INSETS  ( 3841): else - Package Name ::  left : 0 right :: 0 top :: 0 bottom :: 0 dfu-right :: 1920 dfu-bottom :: 1080
07-07 16:09:12.791 I/chatty  ( 3841): uid=1000(system) Binder:3841_2 identical 2 lines
07-07 16:09:12.792 D/INSETS  ( 3841): else - Package Name ::  left : 0 right :: 0 top :: 0 bottom :: 0 dfu-right :: 1920 dfu-bottom :: 1080
07-07 16:09:12.800 W/ContextImpl( 3841): Calling a method in the system process without a qualified user: android.app.ContextImpl.sendBroadcast:1111 com.android.server.inputmethod.InputMethodManagerService.sendSoftInputVisibilityBroadcast:3258 com.android.server.inputmethod.InputMethodManagerService.showCurrentInputLocked:3231 com.android.server.inputmethod.InputMethodManagerService.showMySoftInput:4198 com.android.server.inputmethod.InputMethodManagerService.access$4100:189 
07-07 16:09:12.828 D/INSETS  ( 3841): else - Package Name ::  left : 0 right :: 0 top :: 0 bottom :: 0 dfu-right :: 1920 dfu-bottom :: 1080
07-07 16:09:12.831 I/chatty  ( 3841): uid=1000(system) android.anim identical 2 lines
07-07 16:09:12.831 D/INSETS  ( 3841): else - Package Name ::  left : 0 right :: 0 top :: 0 bottom :: 0 dfu-right :: 1920 dfu-bottom :: 1080
07-07 16:09:12.853 D/INSETS  ( 3841): else - Package Name ::  left : 0 right :: 0 top :: 0 bottom :: 0 dfu-right :: 1920 dfu-bottom :: 1080
07-07 16:09:12.854 D/INSETS  ( 3841): else - Package Name ::  left : 0 right :: 0 top :: 0 bottom :: 0 dfu-right :: 1920 dfu-bottom :: 1080
07-07 16:09:12.867 D/InputMethodManagerService( 3841): Top Package Name: in.startv.hotstar
07-07 16:09:12.868 W/ContextImpl( 3841): Calling a method in the system process without a qualified user: android.app.ContextImpl.sendBroadcast:1111 com.android.server.inputmethod.InputMethodManagerService.sendSoftInputVisibilityBroadcast:3258 com.android.server.inputmethod.InputMethodManagerService.showCurrentInputLocked:3231 com.android.server.inputmethod.InputMethodManagerService.showMySoftInput:4198 com.android.server.inputmethod.InputMethodManagerService.access$4100:189 
07-07 16:09:12.917 D/INSETS  ( 3841): else - Package Name ::  left : 0 right :: 0 top :: 0 bottom :: 0 dfu-right :: 1920 dfu-bottom :: 1080
07-07 16:09:12.966 I/chatty  ( 3841): uid=1000(system) Binder:3841_2 identical 3 lines
07-07 16:09:12.967 D/INSETS  ( 3841): else - Package Name ::  left : 0 right :: 0 top :: 0 bottom :: 0 dfu-right :: 1920 dfu-bottom :: 1080
07-07 16:09:12.984 D/INSETS  ( 3841): else - Package Name ::  left : 0 right :: 0 top :: 0 bottom :: 0 dfu-right :: 1920 dfu-bottom :: 1080
07-07 16:09:12.984 I/chatty  ( 3841): uid=1000(system) android.anim identical 1 line
07-07 16:09:12.984 D/INSETS  ( 3841): else - Package Name ::  left : 0 right :: 0 top :: 0 bottom :: 0 dfu-right :: 1920 dfu-bottom :: 1080
07-07 16:09:12.989 D/InputMethodManagerService( 3841): Top Package Name: in.startv.hotstar
07-07 16:09:12.990 W/ContextImpl( 3841): Calling a method in the system process without a qualified user: android.app.ContextImpl.sendBroadcast:1111 com.android.server.inputmethod.InputMethodManagerService.sendSoftInputVisibilityBroadcast:3258 com.android.server.inputmethod.InputMethodManagerService.showCurrentInputLocked:3231 com.android.server.inputmethod.InputMethodManagerService.showMySoftInput:4198 com.android.server.inputmethod.InputMethodManagerService.access$4100:189 
07-07 16:09:12.991 W/NotificationHistory( 3841): Attempted to add notif for locked/gone/disabled user 0
07-07 16:09:12.997 D/InputMethodManagerService( 3841): Top Package Name: in.startv.hotstar
07-07 16:09:12.998 W/ContextImpl( 3841): Calling a method in the system process without a qualified user: android.app.ContextImpl.sendBroadcast:1111 com.android.server.inputmethod.InputMethodManagerService.sendSoftInputVisibilityBroadcast:3258 com.android.server.inputmethod.InputMethodManagerService.showCurrentInputLocked:3231 com.android.server.inputmethod.InputMethodManagerService.showMySoftInput:4198 com.android.server.inputmethod.InputMethodManagerService.access$4100:189 
07-07 16:09:13.010 D/INSETS  ( 3841): else - Package Name ::  left : 0 right :: 0 top :: 0 bottom :: 0 dfu-right :: 1920 dfu-bottom :: 1080
07-07 16:09:13.016 I/chatty  ( 3841): uid=1000(system) android.display identical 4 lines
07-07 16:09:13.016 D/INSETS  ( 3841): else - Package Name ::  left : 0 right :: 0 top :: 0 bottom :: 0 dfu-right :: 1920 dfu-bottom :: 1080
07-07 16:09:13.061 D/INSETS  ( 3841): else - Package Name ::  left : 0 right :: 0 top :: 0 bottom :: 0 dfu-right :: 1920 dfu-bottom :: 1080
07-07 16:09:13.061 I/chatty  ( 3841): uid=1000(system) Binder:3841_9 identical 1 line
07-07 16:09:13.062 D/INSETS  ( 3841): else - Package Name ::  left : 0 right :: 0 top :: 0 bottom :: 0 dfu-right :: 1920 dfu-bottom :: 1080
07-07 16:09:13.210 W/NotificationHistory( 3841): Attempted to add notif for locked/gone/disabled user 0
07-07 16:09:13.791 D/InputMethodManagerService( 3841): Top Package Name: in.startv.hotstar
07-07 16:09:13.792 W/ContextImpl( 3841): Calling a method in the system process without a qualified user: android.app.ContextImpl.sendBroadcast:1111 com.android.server.inputmethod.InputMethodManagerService.sendSoftInputVisibilityBroadcast:3258 com.android.server.inputmethod.InputMethodManagerService.showCurrentInputLocked:3231 com.android.server.inputmethod.InputMethodManagerService.attachNewInputLocked:2397 com.android.server.inputmethod.InputMethodManagerService.startInputUncheckedLocked:2503 
07-07 16:09:13.796 D/InputMethodManagerService( 3841): Top Package Name: in.startv.hotstar
07-07 16:09:13.798 W/ContextImpl( 3841): Calling a method in the system process without a qualified user: android.app.ContextImpl.sendBroadcast:1111 com.android.server.inputmethod.InputMethodManagerService.sendSoftInputVisibilityBroadcast:3258 com.android.server.inputmethod.InputMethodManagerService.showCurrentInputLocked:3231 com.android.server.inputmethod.InputMethodManagerService.showMySoftInput:4198 com.android.server.inputmethod.InputMethodManagerService.access$4100:189 
07-07 16:09:13.810 D/INSETS  ( 3841): else - Package Name ::  left : 0 right :: 0 top :: 0 bottom :: 0 dfu-right :: 1920 dfu-bottom :: 1080
07-07 16:09:13.811 I/chatty  ( 3841): uid=1000(system) Binder:3841_13 identical 1 line
07-07 16:09:13.811 D/INSETS  ( 3841): else - Package Name ::  left : 0 right :: 0 top :: 0 bottom :: 0 dfu-right :: 1920 dfu-bottom :: 1080
07-07 16:09:13.917 D/InputMethodManagerService( 3841): Top Package Name: in.startv.hotstar
07-07 16:09:13.918 W/ContextImpl( 3841): Calling a method in the system process without a qualified user: android.app.ContextImpl.sendBroadcast:1111 com.android.server.inputmethod.InputMethodManagerService.sendSoftInputVisibilityBroadcast:3258 com.android.server.inputmethod.InputMethodManagerService.showCurrentInputLocked:3231 com.android.server.inputmethod.InputMethodManagerService.showMySoftInput:4198 com.android.server.inputmethod.InputMethodManagerService.access$4100:189 
07-07 16:09:13.974 D/INSETS  ( 3841): else - Package Name ::  left : 0 right :: 0 top :: 0 bottom :: 0 dfu-right :: 1920 dfu-bottom :: 1080
07-07 16:09:14.419 W/[  754.847171@0]- RTW(    0): Turbo EDCA =0x5ea42b
07-07 16:09:13.978 I/chatty  ( 3841): uid=1000(system) android.anim identical 2 lines
07-07 16:09:13.978 D/INSETS  ( 3841): else - Package Name ::  left : 0 right :: 0 top :: 0 bottom :: 0 dfu-right :: 1920 dfu-bottom :: 1080
07-07 16:09:14.509 D/InputMethodManagerService( 3841): Top Package Name: in.startv.hotstar
07-07 16:09:14.510 W/ContextImpl( 3841): Calling a method in the system process without a qualified user: android.app.ContextImpl.sendBroadcast:1111 com.android.server.inputmethod.InputMethodManagerService.sendSoftInputVisibilityBroadcast:3258 com.android.server.inputmethod.InputMethodManagerService.showCurrentInputLocked:3231 com.android.server.inputmethod.InputMethodManagerService.attachNewInputLocked:2397 com.android.server.inputmethod.InputMethodManagerService.startInputUncheckedLocked:2503 
07-07 16:09:14.512 D/InputMethodManagerService( 3841): Top Package Name: in.startv.hotstar
07-07 16:09:14.512 W/ContextImpl( 3841): Calling a method in the system process without a qualified user: android.app.ContextImpl.sendBroadcast:1111 com.android.server.inputmethod.InputMethodManagerService.sendSoftInputVisibilityBroadcast:3258 com.android.server.inputmethod.InputMethodManagerService.showCurrentInputLocked:3231 com.android.server.inputmethod.InputMethodManagerService.showMySoftInput:4198 com.android.server.inputmethod.InputMethodManagerService.access$4100:189 
07-07 16:09:14.523 D/INSETS  ( 3841): else - Package Name ::  left : 0 right :: 0 top :: 0 bottom :: 0 dfu-right :: 1920 dfu-bottom :: 1080
07-07 16:09:14.524 D/INSETS  ( 3841): else - Package Name ::  left : 0 right :: 0 top :: 0 bottom :: 0 dfu-right :: 1920 dfu-bottom :: 1080
07-07 16:09:14.539 D/InputMethodManagerService( 3841): Top Package Name: in.startv.hotstar
07-07 16:09:14.540 W/ContextImpl( 3841): Calling a method in the system process without a qualified user: android.app.ContextImpl.sendBroadcast:1111 com.android.server.inputmethod.InputMethodManagerService.sendSoftInputVisibilityBroadcast:3258 com.android.server.inputmethod.InputMethodManagerService.showCurrentInputLocked:3231 com.android.server.inputmethod.InputMethodManagerService.showMySoftInput:4198 com.android.server.inputmethod.InputMethodManagerService.access$4100:189 
07-07 16:09:14.981 D/INSETS  ( 3841): else - Package Name ::  left : 0 right :: 0 top :: 0 bottom :: 0 dfu-right :: 1920 dfu-bottom :: 1080
07-07 16:09:14.982 D/INSETS  ( 3841): else - Package Name ::  left : 0 right :: 0 top :: 0 bottom :: 0 dfu-right :: 1920 dfu-bottom :: 1080
07-07 16:09:15.680 D/AutofillManagerService( 3841): onBackKeyPressed()
07-07 16:09:15.682 W/ContextImpl( 3841): Calling a method in the system process without a qualified user: android.app.ContextImpl.sendBroadcast:1111 com.android.server.inputmethod.InputMethodManagerService.sendSoftInputVisibilityBroadcast:3258 com.android.server.inputmethod.InputMethodManagerService.hideCurrentInputLocked:3330 com.android.server.inputmethod.InputMethodManagerService.hideMySoftInput:4180 com.android.server.inputmethod.InputMethodManagerService.access$4000:189 
07-07 16:09:15.692 D/INSETS  ( 3841): else - Package Name ::  left : 0 right :: 0 top :: 0 bottom :: 0 dfu-right :: 1920 dfu-bottom :: 1080
07-07 16:09:15.692 D/INSETS  ( 3841): else - Package Name ::  left : 0 right :: 0 top :: 0 bottom :: 0 dfu-right :: 1920 dfu-bottom :: 1080
07-07 16:09:15.708 D/INSETS  ( 3841): else - Package Name ::  left : 0 right :: 0 top :: 0 bottom :: 0 dfu-right :: 1920 dfu-bottom :: 1080
07-07 16:09:15.709 D/INSETS  ( 3841): else - Package Name ::  left : 0 right :: 0 top :: 0 bottom :: 0 dfu-right :: 1920 dfu-bottom :: 1080
07-07 16:09:15.713 D/INSETS  ( 3841): else - Package Name ::  left : 0 right :: 0 top :: 0 bottom :: 0 dfu-right :: 1920 dfu-bottom :: 1080
07-07 16:09:15.714 D/INSETS  ( 3841): else - Package Name ::  left : 0 right :: 0 top :: 0 bottom :: 0 dfu-right :: 1920 dfu-bottom :: 1080
07-07 16:09:15.928 D/INSETS  ( 3841): else - Package Name ::  left : 0 right :: 0 top :: 0 bottom :: 0 dfu-right :: 1920 dfu-bottom :: 1080
07-07 16:09:16.435 W/[  756.863048@1]- RTW(    0): Turbo EDCA =0x431c
07-07 16:09:18.015 D/[  758.444340@1]- logd(    0): logdr: UID=0 GID=0 PID=16446 n tail=0 logMask=99 pid=0 start=0ns timeout=0ns
07-07 16:09:18.371 D/HdmiControlService( 3841): Proccess pid: 3841 is calling oneTouchPlay.
07-07 16:09:18.377 D/HdmiControlService( 3841): Local device is under address allocation. Save OTP callback for later process.
07-07 16:09:18.396 D/AutofillManagerService( 3841): Close system dialogs
07-07 16:09:18.414 I/ActivityTaskManager( 3841): START u0 {act=android.intent.action.MAIN cat=[android.intent.category.HOME] flg=0x10000100 cmp=com.iwedia.ui.rjio.launcher.reliance/com.iwedia.ui.rjio.launcher.ui.intro.IntroActivity (has extras)} from uid 0
07-07 16:09:18.414 D/ActivityTaskManager( 3841): recent debug: [launchedPkgName] --> com.iwedia.ui.rjio.launcher.reliance [callingPackage] --> null
07-07 16:09:18.451 W/[  758.879224@2]- RTW(    0): Turbo EDCA =0x5ea42b
07-07 16:09:18.453 V/ActivityTaskManager( 3841): Old State : null Updated state : INITIALIZING Activity : ComponentInfo{com.iwedia.ui.rjio.launcher.reliance/com.iwedia.ui.rjio.launcher.ui.intro.IntroActivity}
07-07 16:09:18.470 V/ActivityTaskManager( 3841): Old State : RESUMED Updated state : PAUSING Activity : ComponentInfo{in.startv.hotstar/com.hotstar.MainActivity}
07-07 16:09:18.470 V/ActivityTaskManager( 3841): Sending Broadcast : Intent { act=com.jio.remote.action.applaunch flg=0x40000000 pkg=com.jio.remote.btserver (has extras) }
07-07 16:09:18.471 D/INSETS  ( 3841): else - Package Name ::  left : 0 right :: 0 top :: 0 bottom :: 0 dfu-right :: 1920 dfu-bottom :: 1080
07-07 16:09:18.478 W/Looper  ( 3841): Slow dispatch took 119ms android.ui h=com.android.server.policy.PhoneWindowManager$PolicyHandler c=com.android.server.policy.-$$Lambda$PhoneWindowManager$DisplayHomeButtonHandler$ljCIzo7y96OZCYYMVaAi6LAwRAE@fbfa1f8 m=0
07-07 16:09:18.484 W/WindowManager( 3841): removeWindowToken: Attempted to remove non-existing token: android.os.Binder@8329f7a
07-07 16:09:18.529 V/ActivityTaskManager( 3841): Old State : PAUSING Updated state : PAUSED Activity : ComponentInfo{in.startv.hotstar/com.hotstar.MainActivity}
07-07 16:09:18.530 V/ActivityTaskManager( 3841): Sending Broadcast : Intent { act=com.jio.remote.action.applaunch flg=0x40000000 pkg=com.jio.remote.btserver (has extras) }
07-07 16:09:18.531 V/ActivityTaskManager( 3841): Old State : STOPPED Updated state : RESUMED Activity : ComponentInfo{com.iwedia.ui.rjio.launcher.reliance/com.iwedia.ui.rjio.launcher.ui.intro.IntroActivity}
07-07 16:09:18.531 V/ActivityTaskManager( 3841): Sending Broadcast : Intent { act=com.jio.remote.action.applaunch flg=0x40000000 pkg=com.jio.remote.btserver (has extras) }
07-07 16:09:18.558 D/INSETS  ( 3841): else - Package Name ::  left : 0 right :: 0 top :: 0 bottom :: 0 dfu-right :: 1920 dfu-bottom :: 1080
07-07 16:09:18.589 I/ActivityManager( 3841): Force stopping io.appium.uiautomator2.server appid=10064 user=0: finished inst
07-07 16:09:18.590 I/ActivityManager( 3841): Killing 10756:io.appium.uiautomator2.server/u0a64 (adj 0): stop io.appium.uiautomator2.server due to finished inst
07-07 16:09:18.699 I/[  759.128831@1]- binder(    0): undelivered TRANSACTION_COMPLETE
07-07 16:09:18.699 I/[  759.128842@1]- binder(    0): undelivered transaction 1340500, process died.
07-07 16:09:18.725 W/ActivityManager( 3841): Receiver with filter android.content.IntentFilter@582ffd4 already registered for pid 4977, callerPackage is com.iwedia.ui.rjio.launcher.reliance
07-07 16:09:18.780 I/[  759.209003@2]- binder(    0): undelivered transaction 1340492, process died.
07-07 16:09:18.827 D/INSETS  ( 3841): else - Package Name ::  left : 0 right :: 0 top :: 0 bottom :: 0 dfu-right :: 1920 dfu-bottom :: 1080
07-07 16:09:18.906 I/ActivityManager( 3841): Force stopping io.appium.uiautomator2.server.test appid=10038 user=0: from pid 16491
07-07 16:09:18.922 I/ActivityManager( 3841): Force stopping io.appium.uiautomator2.server appid=10064 user=0: from pid 16489
07-07 16:09:18.969 D/INSETS  ( 3841): else - Package Name ::  left : 0 right :: 0 top :: 0 bottom :: 0 dfu-right :: 1920 dfu-bottom :: 1080
07-07 16:09:18.978 D/INSETS  ( 3841): else - Package Name ::  left : 0 right :: 0 top :: 0 bottom :: 0 dfu-right :: 1920 dfu-bottom :: 1080
07-07 16:09:18.993 D/INSETS  ( 3841): else - Package Name ::  left : 0 right :: 0 top :: 0 bottom :: 0 dfu-right :: 1920 dfu-bottom :: 1080
07-07 16:09:19.004 D/INSETS  ( 3841): else - Package Name ::  left : 0 right :: 0 top :: 0 bottom :: 0 dfu-right :: 1920 dfu-bottom :: 1080
07-07 16:09:19.055 V/ActivityTaskManager( 3841): Old State : PAUSED Updated state : STOPPING Activity : ComponentInfo{in.startv.hotstar/com.hotstar.MainActivity}
07-07 16:09:19.066 V/ActivityTaskManager( 3841): Sending Broadcast : Intent { act=com.jio.remote.action.applaunch flg=0x40000000 pkg=com.jio.remote.btserver (has extras) }
07-07 16:09:19.165 D/INSETS  ( 3841): else - Package Name ::  left : 0 right :: 0 top :: 0 bottom :: 0 dfu-right :: 1920 dfu-bottom :: 1080
07-07 16:09:19.211 V/ActivityTaskManager( 3841): Old State : STOPPING Updated state : STOPPED Activity : ComponentInfo{in.startv.hotstar/com.hotstar.MainActivity}
07-07 16:09:19.213 V/ActivityTaskManager( 3841): Sending Broadcast : Intent { act=com.jio.remote.action.applaunch flg=0x40000000 pkg=com.jio.remote.btserver (has extras) }
07-07 16:09:19.619 I/UsageStatsService( 3841): User[0] Flushing usage stats to disk
07-07 16:09:23.987 I/        (    0): [  764.418502@3]- EXT4-fs (mmcblk0p18): re-mounted. Opts: (null)
07-07 16:09:25.077 I/ActivityManager( 3841): Force stopping in.startv.hotstar appid=10086 user=0: from pid 4870
07-07 16:09:25.078 I/ActivityManager( 3841): Killing 10836:in.startv.hotstar/u0a86 (adj 700): stop in.startv.hotstar due to from pid 4870
07-07 16:09:25.084 W/ActivityTaskManager( 3841): Force removing ActivityRecord{7e939c1 u0 in.startv.hotstar/com.hotstar.MainActivity t460 f}}: app died, no saved state
07-07 16:09:25.086 V/ActivityTaskManager( 3841): Old State : STOPPED Updated state : DESTROYED Activity : ComponentInfo{in.startv.hotstar/com.hotstar.MainActivity}
07-07 16:09:25.087 V/ActivityTaskManager( 3841): Sending Broadcast : Intent { act=com.jio.remote.action.applaunch flg=0x40000000 pkg=com.jio.remote.btserver (has extras) }
07-07 16:09:25.091 D/INSETS  ( 3841): else - Package Name ::  left : 0 right :: 0 top :: 0 bottom :: 0 dfu-right :: 1920 dfu-bottom :: 1080
07-07 16:09:25.108 I/ActivityManager( 3841): Killing 6407:com.android.shell/2000 (adj 985): empty #17
07-07 16:09:25.110 I/ActivityManager( 3841): Force stopping in.startv.hotstar appid=10086 user=0: from pid 4870
07-07 16:09:25.121 I/ActivityManager( 3841): Force stopping in.startv.hotstar appid=10086 user=0: from pid 4870
07-07 16:09:25.155 I/chatty  ( 3841): uid=1000(system) Binder:3841_D identical 6 lines
07-07 16:09:25.160 I/ActivityManager( 3841): Force stopping in.startv.hotstar appid=10086 user=0: from pid 4870
07-07 16:09:25.285 D/ConnectivityService( 3841): ConnectivityService NetworkRequestInfo binderDied(NetworkRequest [ TRACK_DEFAULT id=22, [ Capabilities: INTERNET&NOT_RESTRICTED&TRUSTED Uid: 10086 AdministratorUids: [] RequestorUid: 10086 RequestorPackageName: in.startv.hotstar] ], android.os.BinderProxy@e72cacb)
07-07 16:09:25.285 D/ConnectivityService( 3841): ConnectivityService NetworkRequestInfo binderDied(NetworkRequest [ LISTEN id=21, [ Capabilities: INTERNET&NOT_RESTRICTED&TRUSTED&NOT_VPN&FOREGROUND Uid: 10086 AdministratorUids: [] RequestorUid: 10086 RequestorPackageName: in.startv.hotstar] ], android.os.BinderProxy@4ac62a8)
07-07 16:09:25.286 D/ConnectivityService( 3841): releasing NetworkRequest [ TRACK_DEFAULT id=22, [ Capabilities: INTERNET&NOT_RESTRICTED&TRUSTED Uid: 10086 AdministratorUids: [] RequestorUid: 10086 RequestorPackageName: in.startv.hotstar] ] (release request)
07-07 16:09:25.288 W/WindowManager( 3841): Cannot find window which accessibility connection is added to
07-07 16:09:25.291 W/ActivityManager( 3841): setHasOverlayUi called on unknown pid: 10836
07-07 16:09:27.515 D/[  767.943022@2]- logd(    0): logdr: UID=0 GID=0 PID=16620 b tail=0 logMask=99 pid=0 start=0ns timeout=0ns
07-07 16:09:28.139 E/TaskPersister( 3841): File error accessing recents directory (directory doesn't exist?).
07-07 16:09:28.414 I/ActivityManager( 3841): Force stopping io.appium.uiautomator2.server appid=10064 user=0: from pid 16658
07-07 16:09:28.426 I/ActivityManager( 3841): Force stopping io.appium.uiautomator2.server.test appid=10038 user=0: from pid 16659
07-07 16:09:29.224 I/ActivityManager( 3841): Force stopping io.appium.uiautomator2.server appid=10064 user=0: start instr
07-07 16:09:29.228 D/CompatibilityChangeReporter( 3841): Compat change id reported: 135634846; UID 10064; state: DISABLED
07-07 16:09:29.229 D/CompatibilityChangeReporter( 3841): Compat change id reported: 143937733; UID 10064; state: ENABLED
07-07 16:09:29.247 I/ActivityManager( 3841): Start proc 16685:io.appium.uiautomator2.server/u0a64 for added application io.appium.uiautomator2.server
07-07 16:09:29.711 I/UsageStatsService( 3841): User[0] Flushing usage stats to disk
07-07 16:09:30.963 W/WindowManager( 3841): removeWindowToken: Attempted to remove non-existing token: android.os.Binder@ac36f09
07-07 16:09:32.095 D/WindowManager( 3841): Unhandled key: inputToken=android.os.BinderProxy@f871bc0, title=com.iwedia.ui.rjio.launcher.reliance/com.iwedia.ui.rjio.launcher.ui.intro.IntroActivity, action=0, flags=0, keyCode=4, scanCode=0, metaState=0, repeatCount=0, policyFlags=1795162112
07-07 16:09:32.095 D/WindowManager( 3841): No fallback.
07-07 16:09:32.098 D/AutofillManagerService( 3841): onBackKeyPressed()
07-07 16:09:32.102 D/WindowManager( 3841): Unhandled key: inputToken=android.os.BinderProxy@f871bc0, title=com.iwedia.ui.rjio.launcher.reliance/com.iwedia.ui.rjio.launcher.ui.intro.IntroActivity, action=1, flags=0, keyCode=4, scanCode=0, metaState=0, repeatCount=0, policyFlags=1795162112
07-07 16:09:32.103 D/WindowManager( 3841): No fallback.
07-07 16:09:34.602 I/ActivityTaskManager( 3841): START u0 {flg=0x10000000 cmp=com.jiotv.sonyliv/com.sonyliv.ui.splash.SplashActivity} from uid 0
07-07 16:09:34.602 D/ActivityTaskManager( 3841): recent debug: [launchedPkgName] --> com.jiotv.sonyliv [callingPackage] --> com.android.shell
07-07 16:09:34.628 V/ActivityTaskManager( 3841): Old State : null Updated state : INITIALIZING Activity : ComponentInfo{com.jiotv.sonyliv/com.sonyliv.ui.splash.SplashActivity}
07-07 16:09:34.628 V/ActivityTaskManager( 3841): Sending Broadcast : Intent { act=com.jio.remote.action.applaunch flg=0x40000000 pkg=com.jio.remote.btserver (has extras) }
07-07 16:09:34.634 V/ActivityTaskManager( 3841): Old State : RESUMED Updated state : PAUSING Activity : ComponentInfo{com.iwedia.ui.rjio.launcher.reliance/com.iwedia.ui.rjio.launcher.ui.intro.IntroActivity}
07-07 16:09:34.634 V/ActivityTaskManager( 3841): Sending Broadcast : Intent { act=com.jio.remote.action.applaunch flg=0x40000000 pkg=com.jio.remote.btserver (has extras) }
07-07 16:09:34.636 D/INSETS  ( 3841): else - Package Name ::  left : 0 right :: 0 top :: 0 bottom :: 0 dfu-right :: 1920 dfu-bottom :: 1080
07-07 16:09:34.643 D/CompatibilityChangeReporter( 3841): Compat change id reported: 135634846; UID 10075; state: DISABLED
07-07 16:09:34.644 D/CompatibilityChangeReporter( 3841): Compat change id reported: 143937733; UID 10075; state: ENABLED
07-07 16:09:34.662 V/ActivityTaskManager( 3841): Old State : PAUSING Updated state : PAUSED Activity : ComponentInfo{com.iwedia.ui.rjio.launcher.reliance/com.iwedia.ui.rjio.launcher.ui.intro.IntroActivity}
07-07 16:09:34.662 V/ActivityTaskManager( 3841): Sending Broadcast : Intent { act=com.jio.remote.action.applaunch flg=0x40000000 pkg=com.jio.remote.btserver (has extras) }
07-07 16:09:34.664 I/ActivityManager( 3841): Start proc 16761:com.jiotv.sonyliv/u0a75 for pre-top-activity {com.jiotv.sonyliv/com.sonyliv.ui.splash.SplashActivity}
07-07 16:09:34.713 V/ActivityTaskManager( 3841): Old State : INITIALIZING Updated state : RESUMED Activity : ComponentInfo{com.jiotv.sonyliv/com.sonyliv.ui.splash.SplashActivity}
07-07 16:09:34.713 V/ActivityTaskManager( 3841): Sending Broadcast : Intent { act=com.jio.remote.action.applaunch flg=0x40000000 pkg=com.jio.remote.btserver (has extras) }
07-07 16:09:35.483 D/ConnectivityService( 3841): NetReassign [no changes]
07-07 16:09:35.544 D/ConnectivityService( 3841): requestNetwork for uid/pid:10075/16761 NetworkRequest [ TRACK_DEFAULT id=29, [ Capabilities: INTERNET&NOT_RESTRICTED&TRUSTED Uid: 10075 AdministratorUids: [] RequestorUid: 10075 RequestorPackageName: com.jiotv.sonyliv] ]
07-07 16:09:35.544 D/ConnectivityService( 3841): NetReassign [29 : null  100]
07-07 16:09:35.746 D/INSETS  ( 3841): else - Package Name ::  left : 0 right :: 0 top :: 0 bottom :: 0 dfu-right :: 1920 dfu-bottom :: 1080
07-07 16:09:36.072 D/INSETS  ( 3841): else - Package Name ::  left : 0 right :: 0 top :: 0 bottom :: 0 dfu-right :: 1920 dfu-bottom :: 1080
07-07 16:09:36.096 D/INSETS  ( 3841): else - Package Name ::  left : 0 right :: 0 top :: 0 bottom :: 0 dfu-right :: 1920 dfu-bottom :: 1080
07-07 16:09:36.349 W/ActivityManager( 3841): Unable to start service Intent { act=com.google.android.gms.analytics.service.START cmp=com.google.android.gms/.analytics.service.AnalyticsService (has extras) } U=0: not found
07-07 16:09:36.500 D/INSETS  ( 3841): else - Package Name ::  left : 0 right :: 0 top :: 0 bottom :: 0 dfu-right :: 1920 dfu-bottom :: 1080
07-07 16:09:36.505 V/ActivityTaskManager( 3841): Old State : PAUSED Updated state : STOPPING Activity : ComponentInfo{com.iwedia.ui.rjio.launcher.reliance/com.iwedia.ui.rjio.launcher.ui.intro.IntroActivity}
07-07 16:09:36.505 V/ActivityTaskManager( 3841): Sending Broadcast : Intent { act=com.jio.remote.action.applaunch flg=0x40000000 pkg=com.jio.remote.btserver (has extras) }
07-07 16:09:36.529 D/INSETS  ( 3841): else - Package Name ::  left : 0 right :: 0 top :: 0 bottom :: 0 dfu-right :: 1920 dfu-bottom :: 1080
07-07 16:09:36.586 D/INSETS  ( 3841): else - Package Name ::  left : 0 right :: 0 top :: 0 bottom :: 0 dfu-right :: 1920 dfu-bottom :: 1080
07-07 16:09:36.600 V/ActivityTaskManager( 3841): Old State : STOPPING Updated state : STOPPED Activity : ComponentInfo{com.iwedia.ui.rjio.launcher.reliance/com.iwedia.ui.rjio.launcher.ui.intro.IntroActivity}
07-07 16:09:36.601 V/ActivityTaskManager( 3841): Sending Broadcast : Intent { act=com.jio.remote.action.applaunch flg=0x40000000 pkg=com.jio.remote.btserver (has extras) }
07-07 16:09:37.304 D/ConnectivityService( 3841): requestNetwork for uid/pid:10075/16761 NetworkRequest [ TRACK_DEFAULT id=30, [ Capabilities: INTERNET&NOT_RESTRICTED&TRUSTED Uid: 10075 AdministratorUids: [] RequestorUid: 10075 RequestorPackageName: com.jiotv.sonyliv] ]
07-07 16:09:37.305 D/ConnectivityService( 3841): NetReassign [30 : null  100]
07-07 16:09:37.528 I/ActivityTaskManager( 3841): START u0 {flg=0x14008000 cmp=com.jiotv.sonyliv/com.sonyliv.onboarding.features.onboarding.views.OnboardingActivity (has extras)} from uid 10075
07-07 16:09:37.528 D/ActivityTaskManager( 3841): recent debug: [launchedPkgName] --> com.jiotv.sonyliv [callingPackage] --> com.jiotv.sonyliv
07-07 16:09:37.529 V/ActivityTaskManager( 3841): Old State : null Updated state : INITIALIZING Activity : ComponentInfo{com.jiotv.sonyliv/com.sonyliv.onboarding.features.onboarding.views.OnboardingActivity}
07-07 16:09:37.530 V/ActivityTaskManager( 3841): Sending Broadcast : Intent { act=com.jio.remote.action.applaunch flg=0x40000000 pkg=com.jio.remote.btserver (has extras) }
07-07 16:09:37.544 V/ActivityTaskManager( 3841): Old State : RESUMED Updated state : PAUSING Activity : ComponentInfo{com.jiotv.sonyliv/com.sonyliv.ui.splash.SplashActivity}
07-07 16:09:37.544 V/ActivityTaskManager( 3841): Sending Broadcast : Intent { act=com.jio.remote.action.applaunch flg=0x40000000 pkg=com.jio.remote.btserver (has extras) }
07-07 16:09:37.556 W/ActivityTaskManager( 3841): Duplicate finish request for r=ActivityRecord{ea1e8be u0 com.jiotv.sonyliv/com.sonyliv.ui.splash.SplashActivity t461 f}}
07-07 16:09:37.567 V/ActivityTaskManager( 3841): Old State : PAUSING Updated state : PAUSED Activity : ComponentInfo{com.jiotv.sonyliv/com.sonyliv.ui.splash.SplashActivity}
07-07 16:09:37.568 V/ActivityTaskManager( 3841): Sending Broadcast : Intent { act=com.jio.remote.action.applaunch flg=0x40000000 pkg=com.jio.remote.btserver (has extras) }
07-07 16:09:37.568 W/ActivityTaskManager( 3841): Tried to set launchTime (0) < mLastActivityLaunchTime (775042)
07-07 16:09:37.568 V/ActivityTaskManager( 3841): Old State : PAUSED Updated state : STOPPING Activity : ComponentInfo{com.jiotv.sonyliv/com.sonyliv.ui.splash.SplashActivity}
07-07 16:09:37.569 V/ActivityTaskManager( 3841): Sending Broadcast : Intent { act=com.jio.remote.action.applaunch flg=0x40000000 pkg=com.jio.remote.btserver (has extras) }
07-07 16:09:37.573 V/ActivityTaskManager( 3841): Old State : INITIALIZING Updated state : RESUMED Activity : ComponentInfo{com.jiotv.sonyliv/com.sonyliv.onboarding.features.onboarding.views.OnboardingActivity}
07-07 16:09:37.573 V/ActivityTaskManager( 3841): Sending Broadcast : Intent { act=com.jio.remote.action.applaunch flg=0x40000000 pkg=com.jio.remote.btserver (has extras) }
07-07 16:09:38.757 E/TaskPersister( 3841): File error accessing recents directory (directory doesn't exist?).
07-07 16:09:39.141 D/INSETS  ( 3841): else - Package Name ::  left : 0 right :: 0 top :: 0 bottom :: 0 dfu-right :: 1920 dfu-bottom :: 1080
07-07 16:09:39.186 D/INSETS  ( 3841): else - Package Name ::  left : 0 right :: 0 top :: 0 bottom :: 0 dfu-right :: 1920 dfu-bottom :: 1080
07-07 16:09:39.204 D/INSETS  ( 3841): else - Package Name ::  left : 0 right :: 0 top :: 0 bottom :: 0 dfu-right :: 1920 dfu-bottom :: 1080
