07-07 11:32:59.458 E/[  752.687040@2]- ion_import_dma_buf(    0): can not import dmabuf from another exporter
07-07 11:32:59.475 W/[  752.702611@2]- RTW(    0): fill_default_txdesc(wlan0): SP Packet(0x0806) rate=0x4 SeqNum = 955
07-07 11:32:59.490 E/[  752.720565@2]- ion_import_dma_buf(    0): can not import dmabuf from another exporter
07-07 11:32:59.540 E/[  752.770388@2]- ion_import_dma_buf(    0): can not import dmabuf from another exporter
07-07 11:32:59.592 E/[  752.820730@1]- ion_import_dma_buf(    0): can not import dmabuf from another exporter
07-07 11:32:59.625 E/[  752.855727@2]- ion_import_dma_buf(    0): can not import dmabuf from another exporter
07-07 11:32:59.675 E/[  752.903902@2]- ion_import_dma_buf(    0): can not import dmabuf from another exporter
07-07 11:33:00.018 W/[  753.250406@3]- RTW(    0): Turbo EDCA =0x431c
07-07 11:33:00.319 I/        (    0): [  753.548691@0]- is_reset=1
07-07 11:33:00.347 I/[  753.550222@0]- vframe_rate_uevent(    0): sent uevent FRAME_RATE_HINT=0
07-07 11:33:00.368 I/[  753.558610@2]- unreg(    0): ionvideo
07-07 11:33:00.368 D/        (    0): [  753.558638@2]- vdec_disable_DMC input->target= 0x1
07-07 11:33:00.368 D/        (    0): [  753.566238@1]- vdec_release instance 00000000e4f88c7a, total 1 id = 0
07-07 11:33:00.368 D/        (    0): [  753.566436@1]- the clk_hevc_mux    clock off, ref cnt: 0
07-07 11:33:00.368 D/        (    0): [  753.566445@1]- the clk_hevcb_mux   clock off, ref cnt: 0
07-07 11:33:00.368 D/        (    0): [  753.566514@1]- the vdec            clock off, ref cnt: 0
07-07 11:33:00.368 D/        (    0): [  753.566519@1]- the parser_top      clock off, ref cnt: 1
07-07 11:33:00.368 D/        (    0): [  753.566523@1]- the demux           clock off, ref cnt: 1
07-07 11:33:00.368 D/        (    0): [  753.566943@1]- the demux           clock on, ref cnt: 2
07-07 11:33:00.369 D/        (    0): [  753.566951@1]- the parser_top      clock on, ref cnt: 2
07-07 11:33:00.369 D/        (    0): [  753.566961@1]- the vdec            clock on, ref cnt: 1
07-07 11:33:00.369 D/        (    0): [  753.567173@1]- the clk_hevc_mux    clock on, ref cnt: 1
07-07 11:33:00.369 D/        (    0): [  753.567178@1]- the clk_hevcb_mux   clock on, ref cnt: 1
07-07 11:33:00.369 D/        (    0): [  753.567211@1]- hevc mux clock is 499999992 Hz
07-07 11:33:00.369 D/        (    0): [  753.567227@1]- hevc back mux clock is 499999992 Hz
07-07 11:33:00.369 D/        (    0): [  753.567432@1]- vdec_create instance 00000000811e41c5, total 1, PM: legacy
07-07 11:33:00.369 D/        (    0): [  753.567477@1]- no drmmode
07-07 11:33:00.369 I/        (    0): [  753.567517@1]- is_reset=1
07-07 11:33:00.369 I/        (    0): [  753.567546@1]- vdec_init, dev_name:ammvdec_h265, vdec_type=VDEC_TYPE_FRAME_BLOCK  id = 0
07-07 11:33:00.369 D/[  753.568980@1]- [0]pdata->config=hevc_buf_width(    0): 1920;hevc_buf_height:1088;hevc_buf_margin:0;hevc_double_write_mode:16;save_buffer_mode:0;
07-07 11:33:00.369 D/        (    0): [  753.569101@1]- decoder_bmmu_box_alloc_box, tvp_flags = 0
07-07 11:33:00.370 D/        (    0): [  753.570060@3]- [0]dynamic_buf_num_margin=9
07-07 11:33:00.370 D/        (    0): [  753.570068@3]- [0]double_write_mode=16
07-07 11:33:00.370 D/[  753.570077@3]- [0]h265(    0): pts_unstable=0
07-07 11:33:00.370 D/[  753.570083@3]- [0]h265(    0): ver (201602101,0) decinfo: 0x0 rate=3600
07-07 11:33:00.370 I/        (    0): [  753.570713@3]- [TEE], the fw (hevc_mmu) will be loaded.
07-07 11:33:00.370 D/        (    0): [  753.570763@3]- hevc mux clock is 666666656 Hz
07-07 11:33:00.370 D/        (    0): [  753.570779@3]- hevc back mux clock is 666666656 Hz
07-07 11:33:00.370 D/        (    0): [  753.570785@3]- hevc video changed to 3840 x 2160 60 fps clk->667MHZ
07-07 11:33:00.370 D/        (    0): [  753.570821@3]- vfm map vdec-map-0 created
07-07 11:33:00.370 I/[  753.570842@3]- reg(    0): ionvideo
07-07 11:33:00.370 D/        (    0): [  753.570847@3]- vdec_init, vf_provider_name = vdec.h265.00, b 0
07-07 11:33:00.370 I/        (    0): [  753.572741@3]- vdec->port_flag=0x102, port_flag=0x10b
07-07 11:33:00.370 I/        (    0): [  753.572858@3]- is_reset=0
07-07 11:33:00.374 I/        (    0): [  753.606091@0]- is_reset=1
07-07 11:33:00.379 I/[  753.607544@0]- vframe_rate_uevent(    0): sent uevent FRAME_RATE_HINT=0
07-07 11:33:00.387 I/[  753.618544@1]- unreg(    0): ionvideo
07-07 11:33:00.387 D/        (    0): [  753.618572@1]- vdec_disable_DMC input->target= 0x1
07-07 11:33:00.387 D/        (    0): [  753.619307@2]- vdec_release instance 00000000811e41c5, total 1 id = 0
07-07 11:33:00.388 D/        (    0): [  753.619466@2]- the clk_hevc_mux    clock off, ref cnt: 0
07-07 11:33:00.388 D/        (    0): [  753.619472@2]- the clk_hevcb_mux   clock off, ref cnt: 0
07-07 11:33:00.388 D/        (    0): [  753.619481@2]- the vdec            clock off, ref cnt: 0
07-07 11:33:00.388 D/        (    0): [  753.619485@2]- the parser_top      clock off, ref cnt: 1
07-07 11:33:00.388 D/        (    0): [  753.619489@2]- the demux           clock off, ref cnt: 1
07-07 11:33:00.388 D/        (    0): [  753.619556@2]- the demux           clock on, ref cnt: 2
07-07 11:33:00.388 D/        (    0): [  753.619561@2]- the parser_top      clock on, ref cnt: 2
07-07 11:33:00.388 D/        (    0): [  753.619568@2]- the vdec            clock on, ref cnt: 1
07-07 11:33:00.388 D/        (    0): [  753.619587@2]- the clk_hevc_mux    clock on, ref cnt: 1
07-07 11:33:00.388 D/        (    0): [  753.619591@2]- the clk_hevcb_mux   clock on, ref cnt: 1
07-07 11:33:00.388 D/        (    0): [  753.619624@2]- hevc mux clock is 499999992 Hz
07-07 11:33:00.388 D/        (    0): [  753.619640@2]- hevc back mux clock is 499999992 Hz
07-07 11:33:00.388 D/        (    0): [  753.619803@2]- vdec_create instance 00000000fc26d828, total 1, PM: legacy
07-07 11:33:00.388 D/        (    0): [  753.619841@2]- no drmmode
07-07 11:33:00.388 I/        (    0): [  753.619873@2]- is_reset=1
07-07 11:33:00.388 I/        (    0): [  753.619894@2]- vdec_init, dev_name:ammvdec_h265, vdec_type=VDEC_TYPE_FRAME_BLOCK  id = 0
07-07 11:33:00.389 D/[  753.620558@2]- [0]pdata->config=hevc_buf_width(    0): 1920;hevc_buf_height:1088;hevc_buf_margin:0;hevc_double_write_mode:16;save_buffer_mode:0;
07-07 11:33:00.389 D/        (    0): [  753.620592@2]- decoder_bmmu_box_alloc_box, tvp_flags = 0
07-07 11:33:00.389 D/        (    0): [  753.621195@3]- [0]dynamic_buf_num_margin=9
07-07 11:33:00.389 D/        (    0): [  753.621203@3]- [0]double_write_mode=16
07-07 11:33:00.389 D/[  753.621215@3]- [0]h265(    0): pts_unstable=0
07-07 11:33:00.389 D/[  753.621220@3]- [0]h265(    0): ver (201602101,0) decinfo: 0x0 rate=3600
07-07 11:33:00.390 I/        (    0): [  753.621578@3]- [TEE], the fw (hevc_mmu) will be loaded.
07-07 11:33:00.390 D/        (    0): [  753.621621@3]- hevc mux clock is 666666656 Hz
07-07 11:33:00.390 D/        (    0): [  753.621637@3]- hevc back mux clock is 666666656 Hz
07-07 11:33:00.390 D/        (    0): [  753.621641@3]- hevc video changed to 3840 x 2160 60 fps clk->667MHZ
07-07 11:33:00.390 D/        (    0): [  753.621690@3]- vfm map vdec-map-0 created
07-07 11:33:00.390 I/[  753.621708@3]- reg(    0): ionvideo
07-07 11:33:00.390 D/        (    0): [  753.621713@3]- vdec_init, vf_provider_name = vdec.h265.00, b 0
07-07 11:33:00.394 I/        (    0): [  753.622590@1]- vdec->port_flag=0x102, port_flag=0x10b
07-07 11:33:00.394 I/        (    0): [  753.622720@1]- is_reset=0
07-07 11:33:00.418 I/[  753.639047@3]- vframe_rate_uevent(    0): sent uevent FRAME_RATE_HINT=0
07-07 11:33:00.418 I/[  753.642959@3]- unreg(    0): ionvideo
07-07 11:33:00.418 D/        (    0): [  753.642985@3]- vdec_disable_DMC input->target= 0x1
07-07 11:33:00.418 D/        (    0): [  753.643622@3]- vdec_release instance 00000000fc26d828, total 1 id = 0
07-07 11:33:00.421 D/        (    0): [  753.643784@3]- the clk_hevc_mux    clock off, ref cnt: 0
07-07 11:33:00.422 D/        (    0): [  753.643791@3]- the clk_hevcb_mux   clock off, ref cnt: 0
07-07 11:33:00.422 D/        (    0): [  753.643800@3]- the vdec            clock off, ref cnt: 0
07-07 11:33:00.422 D/        (    0): [  753.643804@3]- the parser_top      clock off, ref cnt: 1
07-07 11:33:00.422 D/        (    0): [  753.643807@3]- the demux           clock off, ref cnt: 1
07-07 11:33:00.422 I/[  753.643838@3]- 000000006b40f1a7(    0): free ion_id:0, priv_data:0
07-07 11:33:00.424 D/        (    0): [  753.643843@3]d ionvideo_release_map 0 OK
07-07 11:33:00.425 D/[  753.654607@2]- ionvid(    0): dbg: vidioc_close!!!!
07-07 11:33:00.425 D/[  753.654626@2]- ionvid(    0): dbg: vidioc_close
07-07 11:33:00.425 I/[  753.655716@2]- resman(    0): 39 release [codec_mm]
07-07 11:32:59.323 D/INSETS  ( 3839): else - Package Name ::  left : 0 right :: 0 top :: 0 bottom :: 0 dfu-right :: 1920 dfu-bottom :: 1080
07-07 11:33:00.498 D/INSETS  ( 3839): else - Package Name ::  left : 0 right :: 0 top :: 0 bottom :: 0 dfu-right :: 1920 dfu-bottom :: 1080
07-07 11:33:00.528 I/[  753.758759@1]- vc(    0): [0]vc: set enable index=0, val=0
07-07 11:33:00.528 I/[  753.758784@1]- VID(    0): store VD0 path_id changed 2->-1
07-07 11:33:00.528 I/        (    0): [  753.758789@1]- dev->index =0, val=1
07-07 11:33:00.528 I/[  753.758794@1]- VID(    0): VD1 off
07-07 11:33:00.528 I/[  753.758800@1]- VID(    0): VD1 set global output as 0
07-07 11:33:00.528 I/        (    0): [  753.758816@1]- common_vf_unreg_provider video_render.0: vd1 used: true, vd2 used: false, black_out:0, cur_buf:000000003c5e34d2
07-07 11:33:02.770 I/[  756.000439@1]- resman(    0): 40 appname:OMX-35, type=0
07-07 11:33:02.831 I/[  756.060011@3]- resman(    0): 40 acquire [codec_mm], preempt yes
07-07 11:33:02.832 I/[  756.060022@3]- resman(    0): 40 score 60 secure no
07-07 11:33:02.838 I/[  756.060027@3]- resman(    0): 40 acquire [codec_mm] success
07-07 11:33:02.838 D/        (    0): [  756.060068@3]- the demux           clock on, ref cnt: 2
07-07 11:33:02.840 D/        (    0): [  756.060073@3]- the parser_top      clock on, ref cnt: 2
07-07 11:33:02.841 D/        (    0): [  756.060084@3]- the vdec            clock on, ref cnt: 1
07-07 11:33:02.841 D/        (    0): [  756.060105@3]- the clk_vdec_mux    clock on, ref cnt: 1
07-07 11:33:02.841 D/        (    0): [  756.060136@3]- vdec mux clock is 499999992 Hz
07-07 11:33:02.841 D/        (    0): [  756.060306@3]- vdec_create instance 00000000370b5f8b, total 1, PM: legacy
07-07 11:33:02.841 D/        (    0): [  756.060343@3]- no drmmode
07-07 11:33:02.841 I/        (    0): [  756.060381@3]- is_reset=0
07-07 11:33:02.841 I/        (    0): [  756.060408@3]- vdec_init, dev_name:ammvdec_h264, vdec_type=VDEC_TYPE_FRAME_BLOCK  id = 0
07-07 11:33:02.841 D/        (    0): [  756.061292@3]- ammvdec_h264_mmu_init tvp = 0x0 mmu_enable 0
07-07 11:33:02.841 D/        (    0): [  756.061300@3]- decoder_bmmu_box_alloc_box, tvp_flags = 0
07-07 11:33:02.841 D/[  756.061363@3]- 0(    0): ammvdec_h264_probe mmu_enable 0 double_write_mode 0x10
07-07 11:33:02.841 D/[  756.062802@1]- 0(    0): ammvdec_h264 mem-addr=0,buff_offset=56c10000,buf_start=56c00000
07-07 11:33:02.841 D/        (    0): [  756.062844@1]- vdec mux clock is 666666656 Hz
07-07 11:33:02.841 D/        (    0): [  756.062849@1]- vdec1 video changed to 3840 x 2160 60 fps clk->667MHZ
07-07 11:33:02.841 W/        (    0): [  756.062855@1]- H264 sysinfo: 1920x1080 duration=3840, pts_outside=1
07-07 11:33:02.841 D/        (    0): [  756.062859@1]- sync_outside=0, use_idr_framerate=0, is_used_v4l: 0
07-07 11:33:02.841 I/        (    0): [  756.063029@1]- [TEE], the fw (h264_multi) will be loaded.
07-07 11:33:02.842 D/        (    0): [  756.064083@2]- vh264_init, phy_addr=7446e000 vaddr=000000000c81eeef
07-07 11:33:02.842 D/        (    0): [  756.064711@2]- vfm map vdec-map-0 created
07-07 11:33:02.842 I/[  756.064733@2]- dim(    0): ch[1]:di_receiver_event_fun,8:_REG
07-07 11:33:02.847 I/[  756.064738@2]- dim(    0): reg:vdec.h264.00[28]
07-07 11:33:02.848 I/[  756.065303@2]- dim(    0): reg:use[1]ms
07-07 11:33:02.848 E/[  756.065328@2]- reg(    0): v4lvideo
07-07 11:33:02.848 I/[  756.065337@2]- dim(    0): ch[1]:di_receiver_event_fun,3:_START
07-07 11:33:02.848 D/        (    0): [  756.065343@2]- vdec_init, vf_provider_name = vdec.h264.00, b 0
07-07 11:33:02.848 I/        (    0): [  756.066204@2]- vdec->port_flag=0x102, port_flag=0x10b
07-07 11:33:02.848 D/[  756.069831@2]- v4lvid(    0): dbg: v4lvideo open
07-07 11:33:02.900 D/[  756.128171@3]- 0(    0): AV_SCRATCH_1 = 841fe078, AV_SCRATCH_2 1a077
07-07 11:33:02.900 D/[  756.128227@3]- 0(    0): chroma_format_idc = 1 frame_mbs_only_flag 1, crop_bottom 8,  frame_height 1080,
07-07 11:33:02.900 D/[  756.128232@3]- 0(    0): mb_height 68,crop_right 0, frame_width 1920, mb_width 120
07-07 11:33:02.900 D/[  756.128237@3]- 0(    0): level_idc = 40 pic_size = 3133440 size = 4
07-07 11:33:02.900 D/[  756.128243@3]- 0(    0): mb height/widht/total: 44/78/1fe0 level_idc 28 max_ref_num 4
07-07 11:33:02.900 D/[  756.128249@3]- 0(    0): restriction_flag=1, max_dec_frame_buffering=4, dec_dpb_size=6 num_reorder_frames 2 used_reorder_dpb_size_margin 9
07-07 11:33:02.900 D/[  756.128254@3]- 0(    0): vh264_set_params active_buf_spec_num 15 dec_dpb_size 6 collocate_buf_num 8
07-07 11:33:02.924 D/[  756.155374@2]- 0(    0): num_ref_frames change from 0 to 4
07-07 11:33:02.933 I/[  756.162551@1]- dim(    0): value reg:ch[1]:fix_buf:0;ponly <0,0>
07-07 11:33:02.933 I/[  756.162568@1]- dim(    0): di_cnt_i_buf1:tvp:0
07-07 11:33:02.933 I/[  756.164172@2]- v4lvideo(    0): provider name: vdec.h264.00
07-07 11:33:02.996 D/[  756.182393@1]- dimh_patch_post_update_mc_sw(    0): 0x0->0x2
07-07 11:33:02.997 I/[  756.182590@1]- dim(    0): ch[1]:reg:mem cfg[8][5][3]
07-07 11:33:02.997 D/        (    0): [  756.189079@2]- cal_dur_from_pts vstatus 3840 dur3600 -> 3840, revised 3840
07-07 11:33:02.997 I/[  756.189176@1]- dim(    0): pre cfg:ch[1]:456092ms 1th source change:
07-07 11:33:02.997 I/[  756.189181@1]- dim(    0): source change:0x0/0/0/0=>0x8009/1920/1080/0
07-07 11:33:02.997 D/[  756.189200@1]- dimh_patch_post_update_mc_sw(    0): 0x2->0x3
07-07 11:33:02.998 I/[  756.189328@2]- vframe_rate_uevent(    0): sent uevent FRAME_RATE_HINT=3840
07-07 11:33:03.021 I/[  756.242768@1]- VID(    0): VD1 off
07-07 11:33:03.021 I/[  756.242904@1]- vc(    0): [0]vc: set enable index=0, val=1
07-07 11:33:03.023 I/        (    0): [  756.242929@1]- dev->index =0, val=2
07-07 11:33:03.029 I/[  756.242934@1]- VID(    0): VD1 off
07-07 11:33:03.029 I/[  756.242939@1]- VID(    0): VD1 set global output as 1
07-07 11:33:03.029 I/[  756.242969@1]- VID(    0): store VD0 path_id changed -1->2
07-07 11:33:03.029 I/[  756.242990@1]- vc(    0): [0]sideband_type =-1
07-07 11:33:01.007 D/INSETS  ( 3839): else - Package Name ::  left : 0 right :: 0 top :: 0 bottom :: 0 dfu-right :: 1920 dfu-bottom :: 1080
07-07 11:33:02.962 I/UsageStatsService( 3839): User[0] Flushing usage stats to disk
07-07 11:33:05.046 D/CompatibilityChangeReporter( 3839): Compat change id reported: 135634846; UID 10086; state: DISABLED
07-07 11:33:05.047 D/CompatibilityChangeReporter( 3839): Compat change id reported: 143937733; UID 10086; state: ENABLED
07-07 11:33:05.087 I/ActivityManager( 3839): Start proc 15204:com.android.webview:sandboxed_process0:org.chromium.content.app.SandboxedProcessService0:0/u0i3 for  {in.startv.hotstar/org.chromium.content.app.SandboxedProcessService0:0}
07-07 11:33:05.245 D/CompatibilityChangeReporter( 3839): Compat change id reported: 136274596; UID 10086; state: ENABLED
07-07 11:33:05.652 D/ConnectivityService( 3839): requestNetwork for uid/pid:10086/12326 NetworkRequest [ TRACK_DEFAULT id=33, [ Capabilities: INTERNET&NOT_RESTRICTED&TRUSTED Uid: 10086 AdministratorUids: [] RequestorUid: 10086 RequestorPackageName: in.startv.hotstar] ]
07-07 11:33:05.653 D/ConnectivityService( 3839): NetReassign [33 : null → 100]
07-07 11:33:05.671 D/ConnectivityService( 3839): NetReassign [no changes]
07-07 11:33:08.082 W/[  761.311199@2]- RTW(    0): Turbo EDCA =0x5ea42b
07-07 11:33:10.096 W/[  763.326868@1]- RTW(    0): Turbo EDCA =0x431c
07-07 11:33:12.114 W/[  765.343037@2]- RTW(    0): Turbo EDCA =0x5ea42b
07-07 11:33:13.211 I/UsageStatsService( 3839): User[0] Flushing usage stats to disk
07-07 11:33:14.130 W/[  767.358816@1]- RTW(    0): Turbo EDCA =0x431c
07-07 11:33:15.462 W/[  768.692892@2]- RTW(    0): fill_default_txdesc(wlan0): SP Packet(0x0806) rate=0x4 SeqNum = 3933
07-07 11:33:16.146 W/[  769.374875@1]- RTW(    0): Turbo EDCA =0x5ea42b
07-07 11:33:16.378 W/[  769.609125@1]- RTW(    0): fill_default_txdesc(wlan0): SP Packet(0x0806) rate=0x4 SeqNum = 3989
07-07 11:33:18.162 W/[  771.391428@1]- RTW(    0): Turbo EDCA =0x431c
07-07 11:33:19.002 W/[  772.234153@3]- RTW(    0): cfg80211_rtw_scan(wlan0)
07-07 11:33:19.002 W/[  772.234169@3]- RTW(    0): WARN cfg80211_rtw_scan (wlan0) : scan abort!! BusyTraffic
07-07 11:33:19.043 W/[  772.271616@3]- RTW(    0): RTW_Tx:tx_ch=157, no_cck=0, da=00:a0:0a:33:1e:f0
07-07 11:33:19.043 W/[  772.271625@3]- RTW(    0): RTW_Tx:ACT_PUB_GAS_INITIAL_REQ
07-07 11:33:19.058 W/[  772.288570@0]- RTW(    0): RTW_Rx:ch=157(157), ta=00:a0:0a:33:1e:f0
07-07 11:33:19.060 W/[  772.288596@0]- RTW(    0): RTW_Rx:ACT_PUB_GAS_INITIAL_RSP(token:22)
07-07 11:33:19.202 W/[  772.432762@0]- RTW(    0): RTW_Rx:ch=157(157), ta=00:a0:0a:33:1e:f0
07-07 11:33:19.202 W/[  772.432787@0]- RTW(    0): RTW_Rx:ACT_PUB_GAS_INITIAL_RSP(token:22)
07-07 11:33:19.362 W/[  772.592498@0]- RTW(    0): RTW_Rx:ch=157(157), ta=00:a0:0a:33:1e:f0
07-07 11:33:19.363 W/[  772.592531@0]- RTW(    0): RTW_Rx:ACT_PUB_GAS_INITIAL_RSP(token:22)
07-07 11:33:19.581 W/[  772.807590@1]- RTW(    0): cfg80211_rtw_mgmt_tx(wlan0) FAIL (8/8) in 536 ms
07-07 11:33:20.179 W/[  773.407378@2]- RTW(    0): Turbo EDCA =0x5ea42b
07-07 11:33:22.194 W/[  775.422878@1]- RTW(    0): Turbo EDCA =0x431c
07-07 11:33:22.546 W/        (    0): [  775.776576@0]- [0] H264 EOS notify.
07-07 11:33:23.070 E/[  776.301122@2]- init(    0): Unable to set property 'audio.passthrough.enable' from uid:1041 gid:1005 pid:3667: SELinux permission check failed
07-07 11:33:23.163 D/[  776.391684@3]- audio_ddr_mngr(    0): frddr_set_sharebuffer_enable share lvl: 1, dst_src: 3
07-07 11:33:23.172 I/[  776.392776@1]- audio_ddr_mngr(    0): frddrs[1] registered by device ff642000.audiobus:spdif
07-07 11:33:23.172 I/        (    0): [  776.392871@1]- hdmitx_notify_callback_a[5686] audio prepare
07-07 11:33:23.172 I/        (    0): [  776.392876@1]- aml_dai_spdif_hw_params, 1539
07-07 11:33:23.172 D/        (    0): [  776.392882@1]- set 4x audio clk for 958
07-07 11:33:23.172 D/        (    0): [  776.392909@1]- 	 set spdifout clk:24576000, mpll:98304000
07-07 11:33:23.173 D/        (    0): [  776.392913@1]- 	 get spdifout clk:24575951, mpll:98303801
07-07 11:33:23.173 I/        (    0): [  776.393538@1]- asoc-aml-card auge_sound: TDM[1] Playback stop
07-07 11:33:23.173 D/        (    0): [  776.395181@2]- tdm playback mute: 0, lane_cnt = 4
07-07 11:33:23.173 I/        (    0): [  776.395228@2]- asoc-aml-card auge_sound: TDM[1] Playback enable
07-07 11:33:23.173 D/[  776.395976@2]- iec_info(    0): rate: 48000, codec_type:0x4, channel status L:0xe001902, R:0xe001902
07-07 11:33:23.173 I/        (    0): [  776.395987@2]- aml_dai_spdif_prepare, 1360
07-07 11:33:23.173 I/        (    0): [  776.395995@2]- hdmitx_notify_callback_a[5692] type:10 rate:3 size:1 chs:2 i2s_ch_mask:0 aud_src_if:0
07-07 11:33:23.173 I/        (    0): [  776.395999@2]- hdmitx_set_i2s_mask[5647] ch_num 2 ch_msk 0
07-07 11:33:23.173 I/        (    0): [  776.396003@2]- err chn msk, must larger than 0
07-07 11:33:23.173 I/[  776.396007@2]- audio(    0): aout notify format CT_DOLBY_D
07-07 11:33:23.173 I/[  776.396024@2]- hdmitx(    0): fs = 3, cd = 5, tmds_clk = 296703
07-07 11:33:23.173 I/[  776.396032@2]- hdmitx(    0): update audio N 23296
07-07 11:33:23.173 I/[  776.396039@2]- hdmitx(    0): hw: set channel status
07-07 11:33:23.173 I/[  776.398507@0]- audio(    0): set audio param
07-07 11:33:23.173 D/        (    0): [  776.398521@0]- aml_spdif_fifo_ctrl, bit depth:16, frddr type:1, toddr:type:1
07-07 11:33:23.173 I/        (    0): [  776.399279@0]- asoc-aml-card auge_sound: S/PDIF[0] Playback enable
07-07 11:33:23.255 I/        (    0): [  776.483654@3]- is_reset=1
07-07 11:33:23.255 I/[  776.484133@3]- vframe_rate_uevent(    0): sent uevent FRAME_RATE_HINT=0
07-07 11:33:23.255 I/[  776.485187@3]- dim(    0): ch[1]:di_receiver_event_fun,1:_UNREG
07-07 11:33:23.255 E/[  776.485199@3]- unreg(    0): v4lvideo
07-07 11:33:23.272 I/[  776.502583@1]- dim(    0): unreg:2keep[4], msk:[0x20680,0x0]
07-07 11:33:23.272 D/[  776.502602@1]- dimh_patch_post_update_mc_sw(    0): 0x3->0x0
07-07 11:33:23.295 I/[  776.523350@3]- dim(    0): unreg:use[38]ms
07-07 11:33:23.295 D/        (    0): [  776.523383@3]- vdec_disable_DMC input->target= 0x0
07-07 11:33:23.295 D/[  776.523502@3]- 0(    0): vh264_stop
07-07 11:33:23.295 D/        (    0): [  776.526759@3]- vdec_release instance 00000000370b5f8b, total 1 id = 0
07-07 11:33:23.296 D/        (    0): [  776.526925@3]- the clk_vdec_mux    clock off, ref cnt: 0
07-07 11:33:23.296 D/        (    0): [  776.526936@3]- the vdec            clock off, ref cnt: 0
07-07 11:33:23.296 D/        (    0): [  776.526940@3]- the parser_top      clock off, ref cnt: 1
07-07 11:33:23.296 D/        (    0): [  776.526944@3]- the demux           clock off, ref cnt: 1
07-07 11:33:23.296 D/        (    0): [  776.527095@3]- the demux           clock on, ref cnt: 2
07-07 11:33:23.296 D/        (    0): [  776.527102@3]- the parser_top      clock on, ref cnt: 2
07-07 11:33:23.296 D/        (    0): [  776.527111@3]- the vdec            clock on, ref cnt: 1
07-07 11:33:23.296 D/        (    0): [  776.527131@3]- the clk_vdec_mux    clock on, ref cnt: 1
07-07 11:33:23.296 D/        (    0): [  776.527162@3]- vdec mux clock is 499999992 Hz
07-07 11:33:23.296 D/        (    0): [  776.527601@3]- vdec_create instance 00000000e2ae68c0, total 1, PM: legacy
07-07 11:33:23.297 D/        (    0): [  776.527651@3]- no drmmode
07-07 11:33:23.306 I/        (    0): [  776.527725@3]- is_reset=1
07-07 11:33:23.306 I/        (    0): [  776.527753@3]- vdec_init, dev_name:ammvdec_h264, vdec_type=VDEC_TYPE_FRAME_BLOCK  id = 0
07-07 11:33:23.307 D/        (    0): [  776.529324@3]- ammvdec_h264_mmu_init tvp = 0x0 mmu_enable 0
07-07 11:33:23.307 D/        (    0): [  776.529331@3]- decoder_bmmu_box_alloc_box, tvp_flags = 0
07-07 11:33:23.312 D/[  776.529350@3]- 0(    0): ammvdec_h264_probe mmu_enable 0 double_write_mode 0x10
07-07 11:33:23.312 D/[  776.532331@2]- 0(    0): ammvdec_h264 mem-addr=0,buff_offset=56c10000,buf_start=56c00000
07-07 11:33:23.312 D/        (    0): [  776.532377@2]- vdec mux clock is 666666656 Hz
07-07 11:33:23.313 D/        (    0): [  776.532382@2]- vdec1 video changed to 3840 x 2160 60 fps clk->667MHZ
07-07 11:33:23.313 W/        (    0): [  776.532389@2]- H264 sysinfo: 1920x1080 duration=3840, pts_outside=1
07-07 11:33:23.314 D/        (    0): [  776.532393@2]- sync_outside=0, use_idr_framerate=0, is_used_v4l: 0
07-07 11:33:23.318 I/        (    0): [  776.532464@2]- [TEE], the fw (h264_multi) will be loaded.
07-07 11:33:23.318 D/        (    0): [  776.535980@0]- vh264_init, phy_addr=7446e000 vaddr=000000009fe3ff45
07-07 11:33:23.318 D/        (    0): [  776.536548@1]- vfm map vdec-map-0 created
07-07 11:33:23.318 I/[  776.536570@1]- dim(    0): ch[1]:di_receiver_event_fun,8:_REG
07-07 11:33:23.318 I/[  776.536576@1]- dim(    0): reg:vdec.h264.00[29]
07-07 11:33:23.318 I/[  776.536687@1]- dim(    0): reg:use[0]ms
07-07 11:33:23.318 E/[  776.536704@1]- reg(    0): v4lvideo
07-07 11:33:23.323 I/[  776.536710@1]- dim(    0): ch[1]:di_receiver_event_fun,3:_START
07-07 11:33:23.331 D/        (    0): [  776.536714@1]- vdec_init, vf_provider_name = vdec.h264.00, b 0
07-07 11:33:23.331 I/        (    0): [  776.537396@1]- vdec->port_flag=0x102, port_flag=0x10b
07-07 11:33:23.331 I/        (    0): [  776.537501@1]- is_reset=0
07-07 11:33:23.331 I/[  776.545419@2]- vframe_rate_uevent(    0): sent uevent FRAME_RATE_HINT=0
07-07 11:33:23.331 I/[  776.545484@2]- dim(    0): ch[1]:di_receiver_event_fun,1:_UNREG
07-07 11:33:23.331 E/[  776.545496@2]- unreg(    0): v4lvideo
07-07 11:33:23.331 I/[  776.546059@3]- dim(    0): unreg:use[1]ms
07-07 11:33:23.331 D/        (    0): [  776.546089@3]- vdec_disable_DMC input->target= 0x0
07-07 11:33:23.331 D/[  776.546209@3]- 0(    0): vh264_stop
07-07 11:33:23.331 D/        (    0): [  776.546744@3]- vdec_release instance 00000000e2ae68c0, total 1 id = 0
07-07 11:33:23.331 D/        (    0): [  776.546942@3]- the clk_vdec_mux    clock off, ref cnt: 0
07-07 11:33:23.331 D/        (    0): [  776.546952@3]- the vdec            clock off, ref cnt: 0
07-07 11:33:23.331 D/        (    0): [  776.546956@3]- the parser_top      clock off, ref cnt: 1
07-07 11:33:23.331 D/        (    0): [  776.546960@3]- the demux           clock off, ref cnt: 1
07-07 11:33:23.331 D/        (    0): [  776.546987@3]d v4lvideo_release_map 0 OK
07-07 11:33:23.331 D/[  776.547109@3]- v4lvid(    0): dbg: vidioc_close!!!!
07-07 11:33:23.331 I/[  776.548319@3]- resman(    0): 40 release [codec_mm]
07-07 11:33:23.331 I/        (    0): [  776.555667@2]- asoc-aml-card auge_sound: TDM[1] Playback stop
07-07 11:33:23.331 I/        (    0): [  776.555747@2]- asoc-aml-card auge_sound: S/PDIF[0] Playback disable
07-07 11:33:23.331 D/        (    0): [  776.556602@0]- tdm playback mute: 0, lane_cnt = 4
07-07 11:33:23.331 D/[  776.556722@0]- iec_info(    0): rate: 48000, codec_type:0x4, channel status L:0xe001902, R:0xe001902
07-07 11:33:23.331 I/        (    0): [  776.556731@0]- aml_dai_spdif_prepare, 1360
07-07 11:33:23.331 I/        (    0): [  776.556738@0]- hdmitx_notify_callback_a[5692] type:10 rate:3 size:1 chs:2 i2s_ch_mask:0 aud_src_if:0
07-07 11:33:23.331 I/        (    0): [  776.556743@0]- hdmitx_set_i2s_mask[5647] ch_num 2 ch_msk 0
07-07 11:33:23.331 I/        (    0): [  776.556746@0]- err chn msk, must larger than 0
07-07 11:33:23.331 D/        (    0): [  776.556752@0]- aml_spdif_fifo_ctrl, bit depth:16, frddr type:1, toddr:type:1
07-07 11:33:23.338 I/        (    0): [  776.569253@2]- aml_dai_spdif_shutdown, 1287
07-07 11:33:23.338 I/        (    0): [  776.569269@2]- hdmitx_notify_callback_a[5686] audio prepare
07-07 11:33:23.339 D/        (    0): [  776.569274@2]- set 4x audio clk for 958
07-07 11:33:23.341 D/        (    0): [  776.569304@2]- 	 set spdifout clk:24576000, mpll:98304000
07-07 11:33:23.341 D/        (    0): [  776.569309@2]- 	 get spdifout clk:24575951, mpll:98303801
07-07 11:33:23.341 I/        (    0): [  776.569314@2]- hdmitx_notify_callback_a[5692] type:1 rate:3 size:1 chs:2 i2s_ch_mask:1 aud_src_if:0
07-07 11:33:23.341 I/        (    0): [  776.569319@2]- hdmitx_set_i2s_mask[5647] ch_num 2 ch_msk 1
07-07 11:33:23.341 I/[  776.569322@2]- audio(    0): aout notify format CT_PCM
07-07 11:33:23.342 I/[  776.569338@2]- hdmitx(    0): fs = 3, cd = 5, tmds_clk = 296703
07-07 11:33:23.343 I/[  776.569346@2]- hdmitx(    0): update audio N 5824
07-07 11:33:23.343 I/[  776.569354@2]- hdmitx(    0): hw: set channel status
07-07 11:33:23.343 I/[  776.573220@2]- audio(    0): set audio param
07-07 11:33:23.343 I/        (    0): [  776.573229@2]- spdif_a keep clk continuous
07-07 11:33:23.343 I/[  776.573355@3]- audio_ddr_mngr(    0): frddrs[1] released by device ff642000.audiobus:spdif
07-07 11:33:23.358 E/[  776.589450@2]- init(    0): Unable to set property 'audio.passthrough.enable' from uid:1041 gid:1005 pid:3667: SELinux permission check failed
07-07 11:33:23.373 D/        (    0): [  776.595687@2]- ss_prepare() 246, lvl 1
07-07 11:33:23.373 D/        (    0): [  776.595698@2]- spdif_a fifo ctrl, frddr:0 type:1, 16 bits, chmask 0x3, swap 0x10
07-07 11:33:23.373 D/[  776.595707@2]- iec_info(    0): rate: 48000, codec_type:0x0, channel status L:0x2000100, R:0x2000100
07-07 11:33:23.373 I/        (    0): [  776.595716@2]- hdmitx_notify_callback_a[5692] type:1 rate:3 size:1 chs:2 i2s_ch_mask:1 aud_src_if:0
07-07 11:33:23.373 I/        (    0): [  776.595720@2]- hdmitx_set_i2s_mask[5647] ch_num 2 ch_msk 1
07-07 11:33:23.373 D/[  776.595726@2]- audio_ddr_mngr(    0): frddr_set_sharebuffer_enable share lvl: 1, dst_src: 3
07-07 11:33:23.373 D/        (    0): [  776.597922@2]- tdm playback mute: 0, lane_cnt = 4
07-07 11:33:23.388 I/        (    0): [  776.619541@2]- asoc-aml-card auge_sound: TDM[1] Playback enable
07-07 11:33:23.389 D/        (    0): [  776.619554@2]- ss_trigger() ss 3
07-07 11:33:23.389 D/        (    0): [  776.619559@2]- spdif_a is set to enable
07-07 11:33:23.389 D/        (    0): [  776.619671@2]- ss_mute() 364, mute 0, id 0
07-07 11:33:23.462 I/[  776.694360@1]- resman(    0): 41 appname:OMX-36, type=0
07-07 11:33:23.524 I/[  776.753142@3]- resman(    0): 41 acquire [codec_mm], preempt yes
07-07 11:33:23.524 I/[  776.753153@3]- resman(    0): 41 score 160 secure yes
07-07 11:33:23.524 I/[  776.753158@3]- resman(    0): 41 acquire [codec_mm] success
07-07 11:33:23.529 I/[  776.756936@1]- resman(    0): 43 appname:secmem, type=3
07-07 11:33:23.530 I/[  776.759355@1]- resman(    0): 43 acquire [tvp], preempt yes
07-07 11:33:23.538 I/        (    0): [  776.767356@1]- protect tvp 0 5 ret 0 56c00000 3540000
07-07 11:33:23.538 I/        (    0): [  776.767366@1]- enable tvp for 1
07-07 11:33:23.538 I/        (    0): [  776.767369@1]- tvp_user_count is 1
07-07 11:33:23.539 I/[  776.767377@1]- resman(    0): 43 acquire [tvp] success
07-07 11:33:23.567 W/[  776.797233@3]- audit(    0): audit_lost=1335 audit_rate_limit=5 audit_backlog_limit=64
07-07 11:33:23.573 E/[  776.797242@3]- audit(    0): rate limit exceeded
07-07 11:33:23.595 D/        (    0): [  776.823440@0]- the demux           clock on, ref cnt: 2
07-07 11:33:23.595 D/        (    0): [  776.823449@0]- the parser_top      clock on, ref cnt: 2
07-07 11:33:23.595 D/        (    0): [  776.823459@0]- the vdec            clock on, ref cnt: 1
07-07 11:33:23.595 D/        (    0): [  776.823481@0]- the clk_hevc_mux    clock on, ref cnt: 1
07-07 11:33:23.595 D/        (    0): [  776.823487@0]- the clk_hevcb_mux   clock on, ref cnt: 1
07-07 11:33:23.595 D/        (    0): [  776.823518@0]- hevc mux clock is 499999992 Hz
07-07 11:33:23.595 D/        (    0): [  776.823533@0]- hevc back mux clock is 499999992 Hz
07-07 11:33:23.608 D/        (    0): [  776.823762@0]- vdec_create instance 0000000027aa6c75, total 1, PM: legacy
07-07 11:33:23.608 D/        (    0): [  776.823795@0]- set drmmode
07-07 11:33:23.608 I/        (    0): [  776.823818@0]- is_reset=0
07-07 11:33:23.608 I/        (    0): [  776.823843@0]- vdec_init, dev_name:ammvdec_h265, vdec_type=VDEC_TYPE_FRAME_BLOCK  id = 0
07-07 11:33:23.608 D/[  776.824778@0]- [0]pdata->config=hevc_buf_width(    0): 1920;hevc_buf_height:1088;hevc_buf_margin:0;hevc_double_write_mode:3;save_buffer_mode:0;
07-07 11:33:23.608 D/        (    0): [  776.824817@0]- decoder_bmmu_box_alloc_box, tvp_flags = 4
07-07 11:33:23.611 D/        (    0): [  776.824834@0]- [0]dynamic_buf_num_margin=9
07-07 11:33:23.611 D/        (    0): [  776.824838@0]- [0]double_write_mode=3
07-07 11:33:23.611 D/[  776.824845@0]- [0]h265(    0): pts_unstable=0
07-07 11:33:23.612 D/[  776.824851@0]- [0]h265(    0): ver (201602101,0) decinfo: 0x0 rate=3600
07-07 11:33:23.616 I/        (    0): [  776.833639@2]- [TEE], the fw (hevc_mmu) will be loaded.
07-07 11:33:23.616 D/        (    0): [  776.833685@2]- hevc mux clock is 666666656 Hz
07-07 11:33:23.616 D/        (    0): [  776.833701@2]- hevc back mux clock is 666666656 Hz
07-07 11:33:23.616 D/        (    0): [  776.833706@2]- hevc video changed to 3840 x 2160 60 fps clk->667MHZ
07-07 11:33:23.616 D/        (    0): [  776.833752@2]- vfm map vdec-map-0 created
07-07 11:33:23.616 I/[  776.833771@2]- dim(    0): ch[1]:di_receiver_event_fun,8:_REG
07-07 11:33:23.616 I/[  776.833776@2]- dim(    0): reg:vdec.h265.00[30]
07-07 11:33:23.616 I/[  776.834537@2]- dim(    0): reg:use[1]ms
07-07 11:33:23.616 E/[  776.834564@2]- reg(    0): v4lvideo
07-07 11:33:23.616 I/[  776.834573@2]- dim(    0): ch[1]:di_receiver_event_fun,3:_START
07-07 11:33:23.618 D/        (    0): [  776.834579@2]- vdec_init, vf_provider_name = vdec.h265.00, b 0
07-07 11:33:23.618 I/        (    0): [  776.834595@2]- vdec->port_flag=0x182, port_flag=0x18b
07-07 11:33:23.618 D/[  776.837627@2]- v4lvid(    0): dbg: v4lvideo open
07-07 11:33:23.639 D/        (    0): [  776.870190@0]- [0]vh265 cached=4096  need_size=6144 speed= 44 ms
07-07 11:33:23.639 D/        (    0): [  776.870839@1]- [0]hevc->performance_profile 0
07-07 11:33:23.639 D/        (    0): [  776.870852@1]- [0]set pic_list_init_flag 1
07-07 11:33:23.642 D/        (    0): [  776.872250@3]- [0]init_buf_spec2 1920 1080
07-07 11:33:23.643 D/        (    0): [  776.872259@3]- [0]set pic_list_init_flag to 2
07-07 11:33:23.643 D/        (    0): [  776.872291@1]- [0]set pic_list_init_flag to 3
07-07 11:33:23.643 D/        (    0): [  776.872296@1]- [vdec_kpi][vh265_isr_thread_fn] First I frame coming.
07-07 11:33:23.646 D/[  776.874715@1]- [0]VH265(    0): output first frame
07-07 11:33:23.647 D/        (    0): [  776.874737@1]- [vdec_kpi][post_video_frame] First I frame decoded.
07-07 11:33:23.648 I/[  776.874804@1]- dim(    0): value reg:ch[1]:fix_buf:0;ponly <0,0>
07-07 11:33:23.648 I/[  776.874814@1]- dim(    0): 480x270-0x509000.
07-07 11:33:23.648 I/[  776.877953@0]- v4lvideo(    0): provider name: vdec.h265.00
07-07 11:33:23.678 D/        (    0): [  776.907866@2]- cal_dur_from_pts vstatus 4000 dur3750 -> 4000, revised 4000
07-07 11:33:23.684 I/[  776.911328@2]- vframe_rate_uevent(    0): sent uevent FRAME_RATE_HINT=4000
07-07 11:33:23.763 E/[  776.994042@2]- init(    0): Unable to set property 'audio.passthrough.enable' from uid:1041 gid:1005 pid:3667: SELinux permission check failed
07-07 11:33:23.871 D/[  777.101424@3]- audio_ddr_mngr(    0): frddr_set_sharebuffer_enable share lvl: 1, dst_src: 3
07-07 11:33:23.876 I/[  777.103516@1]- audio_ddr_mngr(    0): frddrs[1] registered by device ff642000.audiobus:spdif
07-07 11:33:23.877 I/        (    0): [  777.103830@1]- hdmitx_notify_callback_a[5686] audio prepare
07-07 11:33:23.877 I/        (    0): [  777.103838@1]- aml_dai_spdif_hw_params, 1539
07-07 11:33:23.877 D/        (    0): [  777.103843@1]- set 4x audio clk for 958
07-07 11:33:23.877 D/        (    0): [  777.103877@1]- 	 set spdifout clk:24576000, mpll:98304000
07-07 11:33:23.877 D/        (    0): [  777.103881@1]- 	 get spdifout clk:24575951, mpll:98303801
07-07 11:33:23.877 I/        (    0): [  777.105642@1]- asoc-aml-card auge_sound: TDM[1] Playback stop
07-07 11:33:23.879 D/        (    0): [  777.109163@0]- tdm playback mute: 0, lane_cnt = 4
07-07 11:33:23.879 I/        (    0): [  777.109213@0]- asoc-aml-card auge_sound: TDM[1] Playback enable
07-07 11:33:23.879 D/[  777.109552@0]- iec_info(    0): rate: 48000, codec_type:0x4, channel status L:0xe001902, R:0xe001902
07-07 11:33:23.879 I/        (    0): [  777.109563@0]- aml_dai_spdif_prepare, 1360
07-07 11:33:23.879 I/        (    0): [  777.109570@0]- hdmitx_notify_callback_a[5692] type:10 rate:3 size:1 chs:2 i2s_ch_mask:0 aud_src_if:0
07-07 11:33:23.880 I/        (    0): [  777.109575@0]- hdmitx_set_i2s_mask[5647] ch_num 2 ch_msk 0
07-07 11:33:23.880 I/        (    0): [  777.109578@0]- err chn msk, must larger than 0
07-07 11:33:23.880 I/[  777.109582@0]- audio(    0): aout notify format CT_DOLBY_D
07-07 11:33:23.880 I/[  777.109599@0]- hdmitx(    0): fs = 3, cd = 5, tmds_clk = 296703
07-07 11:33:23.880 I/[  777.109608@0]- hdmitx(    0): update audio N 23296
07-07 11:33:23.880 I/[  777.109616@0]- hdmitx(    0): hw: set channel status
07-07 11:33:23.886 I/[  777.113231@0]- audio(    0): set audio param
07-07 11:33:23.887 D/        (    0): [  777.113242@0]- aml_spdif_fifo_ctrl, bit depth:16, frddr type:1, toddr:type:1
07-07 11:33:23.887 I/        (    0): [  777.115655@0]- asoc-aml-card auge_sound: S/PDIF[0] Playback enable
07-07 11:33:24.198 I/        (    0): [  777.427827@3]- protect tvp 0 5 ret 0
07-07 11:33:24.199 I/        (    0): [  777.427856@3]- protect tvp 1 6 ret 0 5a140000 2800000
07-07 11:33:23.307 I/UsageStatsService( 3839): User[0] Flushing usage stats to disk
07-07 11:33:25.195 D/ConnectivityService( 3839): releasing NetworkRequest [ TRACK_DEFAULT id=33, [ Capabilities: INTERNET&NOT_RESTRICTED&TRUSTED Uid: 10086 AdministratorUids: [] RequestorUid: 10086 RequestorPackageName: in.startv.hotstar] ] (release request)
07-07 11:33:25.223 I/ActivityManager( 3839): Killing 15204:com.android.webview:sandboxed_process0:org.chromium.content.app.SandboxedProcessService0:0/u0a86i3 (adj 0): isolated not needed
07-07 11:33:25.258 I/[  778.488860@3]- binder(    0): undelivered transaction 1120598, process died.
07-07 11:33:25.259 I/[  778.488903@3]- binder(    0): undelivered TRANSACTION_COMPLETE
07-07 11:33:25.259 I/[  778.488908@3]- binder(    0): undelivered transaction 1120601, process died.
07-07 11:33:25.259 I/[  778.489033@3]- binder(    0): send failed reply for transaction 1120617 to 12326:15224
07-07 11:33:25.295 D/KernelCpuUidUserSysTimeReader( 3839): Removing uids 1037-1037
07-07 11:33:28.242 W/[  781.471123@2]- RTW(    0): Turbo EDCA =0x5ea42b
07-07 11:33:29.471 W/[  782.702740@0]- audit(    0): audit_lost=1339 audit_rate_limit=5 audit_backlog_limit=64
07-07 11:33:29.471 E/[  782.702746@0]- audit(    0): rate limit exceeded
07-07 11:33:30.250 W/[  783.480981@2]- RTW(    0): fill_default_txdesc(wlan0): SP Packet(0x0806) rate=0x4 SeqNum = 1906
07-07 11:33:30.256 W/[  783.486866@2]- RTW(    0): Turbo EDCA =0x431c
07-07 11:33:32.272 W/[  785.503193@1]- RTW(    0): Turbo EDCA =0x5ea42b
07-07 11:33:33.521 I/UsageStatsService( 3839): User[0] Flushing usage stats to disk
07-07 11:33:34.290 W/[  787.519267@3]- RTW(    0): Turbo EDCA =0x431c
07-07 11:33:34.882 W/[  788.114099@1]- healthd(    0): battery l=100 v=4 t=0.0 h=2 st=2 c=1100 fc=10000000 chg=u
07-07 11:33:35.806 W/[  789.037253@0]- audit(    0): audit_lost=1342 audit_rate_limit=5 audit_backlog_limit=64
07-07 11:33:35.806 E/[  789.037261@0]- audit(    0): rate limit exceeded
07-07 11:33:36.306 W/[  789.534799@1]- RTW(    0): Turbo EDCA =0x5ea42b
07-07 11:33:40.338 W/[  793.566822@0]- RTW(    0): Turbo EDCA =0x431c
07-07 11:33:42.354 W/[  795.583016@0]- RTW(    0): Turbo EDCA =0x5ea42b
07-07 11:33:44.370 W/[  797.599069@2]- RTW(    0): Turbo EDCA =0x431c
07-07 11:33:46.384 W/[  799.614883@2]- RTW(    0): Turbo EDCA =0x5ea42b
07-07 11:33:48.402 W/[  801.630855@3]- RTW(    0): Turbo EDCA =0x431c
07-07 11:33:50.422 W/[  803.650937@3]- RTW(    0): Turbo EDCA =0x5ea42b
07-07 11:33:52.434 W/[  805.662854@1]- RTW(    0): Turbo EDCA =0x431c
07-07 11:33:54.451 W/[  807.678868@3]- RTW(    0): Turbo EDCA =0x5ea42b
07-07 11:33:56.466 W/[  809.694929@3]- RTW(    0): Turbo EDCA =0x431c
07-07 11:33:58.482 W/[  811.711735@3]- RTW(    0): Turbo EDCA =0x5ea42b
07-07 11:34:00.500 W/[  813.731155@2]- RTW(    0): Turbo EDCA =0x431c
07-07 11:34:02.514 W/[  815.742912@1]- RTW(    0): Turbo EDCA =0x5ea42b
07-07 11:34:04.528 W/[  817.759225@3]- RTW(    0): Turbo EDCA =0x431c
07-07 11:34:06.546 W/[  819.775143@1]- RTW(    0): Turbo EDCA =0x5ea42b
07-07 11:34:10.579 W/[  823.807136@3]- RTW(    0): Turbo EDCA =0x431c
07-07 11:34:12.594 W/[  825.822907@1]- RTW(    0): Turbo EDCA =0x5ea42b
07-07 11:33:53.714 I/chatty  ( 3839): uid=1000(system) android.bg identical 2 lines
07-07 11:34:03.804 I/UsageStatsService( 3839): User[0] Flushing usage stats to disk
07-07 11:34:12.873 D/AutofillManagerService( 3839): onBackKeyPressed()
07-07 11:34:12.908 I/        (    0): [  826.137073@2]- is_reset=1
07-07 11:34:12.908 I/[  826.137898@2]- vframe_rate_uevent(    0): sent uevent FRAME_RATE_HINT=0
07-07 11:34:12.908 I/[  826.138608@2]- dim(    0): ch[1]:di_receiver_event_fun,1:_UNREG
07-07 11:34:12.912 E/[  826.138754@2]- unreg(    0): v4lvideo
07-07 11:34:12.912 I/[  826.138815@1]- dim(    0): unreg:2keep[4], msk:[0x0,0x0]
07-07 11:34:12.931 I/[  826.150333@3]- dim(    0): unreg:use[12]ms
07-07 11:34:12.931 D/        (    0): [  826.150365@3]- vdec_disable_DMC input->target= 0x1
07-07 11:34:12.931 D/        (    0): [  826.156051@0]- vdec_release instance 0000000027aa6c75, total 1 id = 0
07-07 11:34:12.931 D/        (    0): [  826.156193@0]- the clk_hevc_mux    clock off, ref cnt: 0
07-07 11:34:12.931 D/        (    0): [  826.156200@0]- the clk_hevcb_mux   clock off, ref cnt: 0
07-07 11:34:12.931 D/        (    0): [  826.156209@0]- the vdec            clock off, ref cnt: 0
07-07 11:34:12.931 D/        (    0): [  826.156213@0]- the parser_top      clock off, ref cnt: 1
07-07 11:34:12.931 D/        (    0): [  826.156217@0]- the demux           clock off, ref cnt: 1
07-07 11:34:12.931 D/        (    0): [  826.156339@0]- the demux           clock on, ref cnt: 2
07-07 11:34:12.931 D/        (    0): [  826.156344@0]- the parser_top      clock on, ref cnt: 2
07-07 11:34:12.931 D/        (    0): [  826.156351@0]- the vdec            clock on, ref cnt: 1
07-07 11:34:12.931 D/        (    0): [  826.156372@0]- the clk_hevc_mux    clock on, ref cnt: 1
07-07 11:34:12.931 D/        (    0): [  826.156376@0]- the clk_hevcb_mux   clock on, ref cnt: 1
07-07 11:34:12.931 D/        (    0): [  826.156408@0]- hevc mux clock is 499999992 Hz
07-07 11:34:12.931 D/        (    0): [  826.156423@0]- hevc back mux clock is 499999992 Hz
07-07 11:34:12.931 D/        (    0): [  826.156545@0]- vdec_create instance 00000000c5c0deeb, total 1, PM: legacy
07-07 11:34:12.931 D/        (    0): [  826.156588@0]- set drmmode
07-07 11:34:12.931 I/        (    0): [  826.156693@0]- is_reset=1
07-07 11:34:12.931 I/        (    0): [  826.156722@0]- vdec_init, dev_name:ammvdec_h265, vdec_type=VDEC_TYPE_FRAME_BLOCK  id = 0
07-07 11:34:12.931 D/[  826.157478@0]- [0]pdata->config=hevc_buf_width(    0): 1920;hevc_buf_height:1088;hevc_buf_margin:0;hevc_double_write_mode:3;save_buffer_mode:0;
07-07 11:34:12.931 D/        (    0): [  826.157521@0]- decoder_bmmu_box_alloc_box, tvp_flags = 4
07-07 11:34:12.931 D/        (    0): [  826.157538@0]- [0]dynamic_buf_num_margin=9
07-07 11:34:12.931 D/        (    0): [  826.157542@0]- [0]double_write_mode=3
07-07 11:34:12.931 D/[  826.157571@0]- [0]h265(    0): pts_unstable=0
07-07 11:34:12.931 D/[  826.157578@0]- [0]h265(    0): ver (201602101,0) decinfo: 0x0 rate=3600
07-07 11:34:12.931 I/        (    0): [  826.158370@0]- [TEE], the fw (hevc_mmu) will be loaded.
07-07 11:34:12.932 D/        (    0): [  826.158415@0]- hevc mux clock is 666666656 Hz
07-07 11:34:12.932 D/        (    0): [  826.158431@0]- hevc back mux clock is 666666656 Hz
07-07 11:34:12.932 D/        (    0): [  826.158436@0]- hevc video changed to 3840 x 2160 60 fps clk->667MHZ
07-07 11:34:12.932 D/        (    0): [  826.158514@0]- vfm map vdec-map-0 created
07-07 11:34:12.932 I/[  826.158533@0]- dim(    0): ch[1]:di_receiver_event_fun,8:_REG
07-07 11:34:12.932 I/[  826.158538@0]- dim(    0): reg:vdec.h265.00[31]
07-07 11:34:12.932 I/[  826.159095@0]- dim(    0): reg:use[1]ms
07-07 11:34:12.932 E/[  826.159120@0]- reg(    0): v4lvideo
07-07 11:34:12.932 I/[  826.159128@0]- dim(    0): ch[1]:di_receiver_event_fun,3:_START
07-07 11:34:12.932 D/        (    0): [  826.159133@0]- vdec_init, vf_provider_name = vdec.h265.00, b 0
07-07 11:34:12.932 I/        (    0): [  826.159149@0]- vdec->port_flag=0x182, port_flag=0x18b
07-07 11:34:12.932 I/        (    0): [  826.159253@0]- is_reset=0
07-07 11:34:12.941 I/        (    0): [  826.167152@2]- asoc-aml-card auge_sound: TDM[1] Playback stop
07-07 11:34:12.985 I/        (    0): [  826.167215@2]- asoc-aml-card auge_sound: S/PDIF[0] Playback disable
07-07 11:34:12.985 I/        (    0): [  826.176000@2]- asoc-aml-card auge_sound: S/PDIF[0] Playback enable
07-07 11:34:12.985 I/        (    0): [  826.176119@2]- asoc-aml-card auge_sound: S/PDIF[0] Playback disable
07-07 11:34:12.985 I/        (    0): [  826.176139@2]- aml_dai_spdif_shutdown, 1287
07-07 11:34:12.985 I/        (    0): [  826.176151@2]- hdmitx_notify_callback_a[5686] audio prepare
07-07 11:34:12.985 D/        (    0): [  826.176156@2]- set 4x audio clk for 958
07-07 11:34:12.985 D/        (    0): [  826.176186@2]- 	 set spdifout clk:24576000, mpll:98304000
07-07 11:34:12.985 D/        (    0): [  826.176190@2]- 	 get spdifout clk:24575951, mpll:98303801
07-07 11:34:12.990 I/        (    0): [  826.176195@2]- hdmitx_notify_callback_a[5692] type:1 rate:3 size:1 chs:2 i2s_ch_mask:1 aud_src_if:0
07-07 11:34:12.991 I/        (    0): [  826.176199@2]- hdmitx_set_i2s_mask[5647] ch_num 2 ch_msk 1
07-07 11:34:12.991 I/[  826.176204@2]- audio(    0): aout notify format CT_PCM
07-07 11:34:12.991 I/[  826.176219@2]- hdmitx(    0): fs = 3, cd = 5, tmds_clk = 296703
07-07 11:34:12.991 I/[  826.176227@2]- hdmitx(    0): update audio N 5824
07-07 11:34:12.991 I/[  826.176235@2]- hdmitx(    0): hw: set channel status
07-07 11:34:12.991 I/[  826.179168@0]- audio(    0): set audio param
07-07 11:34:12.991 I/        (    0): [  826.179178@0]- spdif_a keep clk continuous
07-07 11:34:12.991 I/[  826.179300@0]- audio_ddr_mngr(    0): frddrs[1] released by device ff642000.audiobus:spdif
07-07 11:34:12.991 I/        (    0): [  826.185066@3]- is_reset=1
07-07 11:34:12.992 I/[  826.185326@3]- vframe_rate_uevent(    0): sent uevent FRAME_RATE_HINT=0
07-07 11:34:12.992 I/[  826.185372@3]- dim(    0): ch[1]:di_receiver_event_fun,1:_UNREG
07-07 11:34:12.992 E/[  826.185384@3]- unreg(    0): v4lvideo
07-07 11:34:12.992 I/[  826.186011@0]- dim(    0): unreg:use[1]ms
07-07 11:34:12.992 D/        (    0): [  826.186040@0]- vdec_disable_DMC input->target= 0x1
07-07 11:34:12.992 D/        (    0): [  826.186765@3]- vdec_release instance 00000000c5c0deeb, total 1 id = 0
07-07 11:34:12.992 D/        (    0): [  826.186814@3]- the clk_hevc_mux    clock off, ref cnt: 0
07-07 11:34:12.992 D/        (    0): [  826.186820@3]- the clk_hevcb_mux   clock off, ref cnt: 0
07-07 11:34:12.992 D/        (    0): [  826.186829@3]- the vdec            clock off, ref cnt: 0
07-07 11:34:12.992 D/        (    0): [  826.186833@3]- the parser_top      clock off, ref cnt: 1
07-07 11:34:12.992 D/        (    0): [  826.186837@3]- the demux           clock off, ref cnt: 1
07-07 11:34:12.993 D/        (    0): [  826.186895@3]- the demux           clock on, ref cnt: 2
07-07 11:34:12.993 D/        (    0): [  826.186900@3]- the parser_top      clock on, ref cnt: 2
07-07 11:34:12.993 D/        (    0): [  826.186906@3]- the vdec            clock on, ref cnt: 1
07-07 11:34:12.993 D/        (    0): [  826.186925@3]- the clk_hevc_mux    clock on, ref cnt: 1
07-07 11:34:12.993 D/        (    0): [  826.186930@3]- the clk_hevcb_mux   clock on, ref cnt: 1
07-07 11:34:12.993 D/        (    0): [  826.186961@3]- hevc mux clock is 499999992 Hz
07-07 11:34:12.993 D/        (    0): [  826.186976@3]- hevc back mux clock is 499999992 Hz
07-07 11:34:12.993 D/        (    0): [  826.187077@3]- vdec_create instance 00000000e4a9b089, total 1, PM: legacy
07-07 11:34:12.993 D/        (    0): [  826.187109@3]- set drmmode
07-07 11:34:12.993 I/        (    0): [  826.187133@3]- is_reset=1
07-07 11:34:12.993 I/        (    0): [  826.187160@3]- vdec_init, dev_name:ammvdec_h265, vdec_type=VDEC_TYPE_FRAME_BLOCK  id = 0
07-07 11:34:12.993 D/[  826.187767@3]- [0]pdata->config=hevc_buf_width(    0): 1920;hevc_buf_height:1088;hevc_buf_margin:0;hevc_double_write_mode:3;save_buffer_mode:0;
07-07 11:34:12.993 D/        (    0): [  826.187813@3]- decoder_bmmu_box_alloc_box, tvp_flags = 4
07-07 11:34:12.993 D/        (    0): [  826.187829@3]- [0]dynamic_buf_num_margin=9
07-07 11:34:12.993 D/        (    0): [  826.187833@3]- [0]double_write_mode=3
07-07 11:34:12.993 D/[  826.187841@3]- [0]h265(    0): pts_unstable=0
07-07 11:34:12.993 D/[  826.187847@3]- [0]h265(    0): ver (201602101,0) decinfo: 0x0 rate=3600
07-07 11:34:12.993 I/        (    0): [  826.188443@3]- [TEE], the fw (hevc_mmu) will be loaded.
07-07 11:34:12.993 D/        (    0): [  826.188489@3]- hevc mux clock is 666666656 Hz
07-07 11:34:12.993 D/        (    0): [  826.188505@3]- hevc back mux clock is 666666656 Hz
07-07 11:34:12.993 D/        (    0): [  826.188510@3]- hevc video changed to 3840 x 2160 60 fps clk->667MHZ
07-07 11:34:12.993 D/        (    0): [  826.188552@3]- vfm map vdec-map-0 created
07-07 11:34:12.993 I/[  826.188572@3]- dim(    0): ch[1]:di_receiver_event_fun,8:_REG
07-07 11:34:12.993 I/[  826.188577@3]- dim(    0): reg:vdec.h265.00[32]
07-07 11:34:12.993 I/[  826.189175@1]- dim(    0): reg:use[1]ms
07-07 11:34:12.993 E/[  826.189200@1]- reg(    0): v4lvideo
07-07 11:34:12.993 I/[  826.189209@1]- dim(    0): ch[1]:di_receiver_event_fun,3:_START
07-07 11:34:12.993 D/        (    0): [  826.189215@1]- vdec_init, vf_provider_name = vdec.h265.00, b 0
07-07 11:34:12.993 I/        (    0): [  826.189232@1]- vdec->port_flag=0x182, port_flag=0x18b
07-07 11:34:12.993 I/        (    0): [  826.189345@1]- is_reset=0
07-07 11:34:12.993 I/[  826.200213@1]- vframe_rate_uevent(    0): sent uevent FRAME_RATE_HINT=0
07-07 11:34:12.993 I/[  826.200262@1]- dim(    0): ch[1]:di_receiver_event_fun,1:_UNREG
07-07 11:34:12.993 E/[  826.200274@1]- unreg(    0): v4lvideo
07-07 11:34:12.993 I/[  826.200330@1]- dim(    0): unreg:use[0]ms
07-07 11:34:12.993 D/        (    0): [  826.200349@1]- vdec_disable_DMC input->target= 0x1
07-07 11:34:12.993 D/        (    0): [  826.200696@1]- vdec_release instance 00000000e4a9b089, total 1 id = 0
07-07 11:34:12.993 D/        (    0): [  826.200742@1]- the clk_hevc_mux    clock off, ref cnt: 0
