07-07 11:15:41.340 I/ThermalService( 4166): CPU temperatures: [74.9]
07-07 11:15:41.345 I/chatty  ( 3731): uid=1046(mediacodec) omx@1.0-service expire 1 line
07-07 11:15:41.371 W/AudioFlinger( 3647): createTrack_l(): mismatch between requested flags (00000008) and output flags (00000002)
07-07 11:15:41.372 D/AudioFlinger( 3647): Client defaulted notificationFrames to 8200 for frameCount 16400
07-07 11:15:41.374 I/StreamAVDetailsHelper( 5022): [DecoderInfo] DVB Video Width None
07-07 11:15:41.374 I/StreamAVDetailsHelper( 5022): [DecoderInfo] DVB Video height  None
07-07 11:15:41.374 I/StreamAVDetailsHelper( 5022): [DecoderInfo] DVB Video framerate  None
07-07 11:15:41.374 I/StreamAVDetailsHelper( 5022): [DecoderInfo] Video Width  1920
07-07 11:15:41.374 I/StreamAVDetailsHelper( 5022): [DecoderInfo] Video height  1080
07-07 11:15:41.374 I/StreamAVDetailsHelper( 5022): [DecoderInfo] Video framerate   25 fps
07-07 11:15:41.376 D/AF::TrackHandle( 3647): OpPlayAudio: track:112 usage:1 not muted
07-07 11:15:41.553 W/APM::AudioPolicyEngine( 3647): getDevicesForStrategy() unknown strategy: -1
07-07 11:15:41.553 W/APM::AudioPolicyEngine( 3647): getDevicesForStrategy() unknown strategy: -1
07-07 11:15:41.640 I/chatty  ( 3320): uid=1000(system) /system/bin/servicemanager expire 50 lines
07-07 11:15:41.677 I/chatty  ( 3731): uid=1046(mediacodec) omx@1.0-service expire 2 lines
07-07 11:15:41.687 D/JioStbInactivityTimer( 4111): Timer: count 1 warningTimeout:-120 timeout:0
07-07 11:15:41.697 I/chatty  ( 3731): uid=1046(mediacodec) omx@1.0-service expire 2 lines
07-07 11:15:41.715 I/chatty  ( 3731): uid=1046(mediacodec) omx@1.0-service expire 2 lines
07-07 11:15:41.732 I/chatty  ( 3731): uid=1046(mediacodec) omx@1.0-service expire 3 lines
07-07 11:15:41.802 D/JioAppOptimizer( 4858): AppOptimizerService :: handleMessage()
07-07 11:15:41.805 D/JioAppOptimizer( 4858): AppOptimizerService :: handleMessage() : Foreground Package=in.startv.hotstar
07-07 11:15:41.805 D/JioAppOptimizer( 4858): AppOptimizerService :: handleMessage() : Free memory available in MB : 519.6796875
07-07 11:15:41.805 D/JioAppOptimizer( 4858): AppOptimizerService :: handleMessage() : checkAndRemoveBackgroundApps()
07-07 11:15:41.805 D/JioAppOptimizer( 4858): AppOptimizerService :: checkAndRemoveBackgroundApps()
07-07 11:15:41.820 W/APM::AudioPolicyEngine( 3647): getDevicesForStrategy() unknown strategy: -1
07-07 11:15:41.822 W/APM::AudioPolicyEngine( 3647): getDevicesForStrategy() unknown strategy: -1
07-07 11:15:41.877 I/chatty  ( 3731): uid=1046(mediacodec) omx@1.0-service expire 1 line
07-07 11:15:41.926 W/AudioFlinger( 3647): createTrack_l(): mismatch between requested flags (00000008) and output flags (00000002)
07-07 11:15:41.927 D/AudioFlinger( 3647): Client defaulted notificationFrames to 8200 for frameCount 16400
07-07 11:15:41.931 D/AF::TrackHandle( 3647): OpPlayAudio: track:113 usage:1 not muted
07-07 11:15:42.092 W/APM::AudioPolicyEngine( 3647): getDevicesForStrategy() unknown strategy: -1
07-07 11:15:42.094 W/APM::AudioPolicyEngine( 3647): getDevicesForStrategy() unknown strategy: -1
07-07 11:15:42.208 I/chatty  ( 3731): uid=1046(mediacodec) omx@1.0-service expire 2 lines
07-07 11:15:42.230 I/chatty  ( 3731): uid=1046(mediacodec) omx@1.0-service expire 2 lines
07-07 11:15:42.248 I/chatty  ( 3731): uid=1046(mediacodec) omx@1.0-service expire 2 lines
07-07 11:15:42.269 I/chatty  ( 3731): uid=1046(mediacodec) omx@1.0-service expire 2 lines
07-07 11:15:42.286 I/chatty  ( 3731): uid=1046(mediacodec) omx@1.0-service expire 3 lines
07-07 11:15:42.328 I/e.swalekh.abct( 4504): oneway function results will be dropped but finished with status OK and parcel size 4
07-07 11:15:42.343 I/chatty  ( 4800): uid=1000(system) Binder:4800_2 expire 34 lines
07-07 11:15:42.351 W/APM::AudioPolicyEngine( 3647): getDevicesForStrategy() unknown strategy: -1
07-07 11:15:42.353 W/APM::AudioPolicyEngine( 3647): getDevicesForStrategy() unknown strategy: -1
07-07 11:15:42.353 W/APM::AudioPolicyEngine( 3647): getDevicesForStrategy() unknown strategy: -1
07-07 11:15:42.353 E/ocessService0:( 5663): failed to create Unix domain socket: Operation not permitted
07-07 11:15:42.374 I/chatty  ( 7198): uid=1000(system) RxComputationTh expire 10 lines
07-07 11:15:42.377 I/chatty  ( 4800): uid=1000(system) com.iwedia.comedia.service expire 1 line
07-07 11:15:42.433 I/chatty  ( 3731): uid=1046(mediacodec) omx@1.0-service expire 1 line
07-07 11:15:42.478 W/AudioFlinger( 3647): createTrack_l(): mismatch between requested flags (00000008) and output flags (00000002)
07-07 11:15:42.478 D/AudioFlinger( 3647): Client defaulted notificationFrames to 8200 for frameCount 16400
07-07 11:15:42.481 D/AF::TrackHandle( 3647): OpPlayAudio: track:114 usage:1 not muted
07-07 11:15:42.554 I/thermal2( 3631): Sending notification:  Type: CPU Name: soc_thermal CurrentValue: 75.1 ThrottlingStatus: MODERATE
07-07 11:15:42.612 W/APM::AudioPolicyEngine( 3647): getDevicesForStrategy() unknown strategy: -1
07-07 11:15:42.613 W/APM::AudioPolicyEngine( 3647): getDevicesForStrategy() unknown strategy: -1
07-07 11:15:42.686 D/JioStbInactivityTimer( 4111): Timer: count 1 warningTimeout:-120 timeout:0
07-07 11:15:42.695 I/AlarmChecker( 4884): Current memory = 1585980
07-07 11:15:42.695 I/AlarmChecker( 4884): Alarm type: Memory Status: Very critical
07-07 11:15:42.706 I/FaultManagementManager( 4884): Received alarm already exists. checking alarm time
07-07 11:15:42.710 I/FaultManagementManager( 4884): DC: Received alarm already exists and its time in in interval
07-07 11:15:42.711 I/AlarmCheckerHelper( 4884): CheckHwAlarmsCountIncreaseStatus: Event type=Memory
07-07 11:15:42.711 I/FaultManagementManager( 4884): Updating Hash Maps for event type: Memory
07-07 11:15:42.732 I/AlarmCheckerHelper( 4884): updateCurrentAlarmIndex: Event type=Memory Index=-1
07-07 11:15:42.739 I/chatty  ( 3731): uid=1046(mediacodec) omx@1.0-service expire 2 lines
07-07 11:15:42.768 I/chatty  ( 3731): uid=1046(mediacodec) omx@1.0-service expire 2 lines
07-07 11:15:42.805 I/chatty  ( 3731): uid=1046(mediacodec) omx@1.0-service expire 2 lines
07-07 11:15:42.816 I/chatty  ( 3731): uid=1046(mediacodec) omx@1.0-service expire 2 lines
07-07 11:15:42.840 I/chatty  ( 3731): uid=1046(mediacodec) omx@1.0-service expire 3 lines
07-07 11:15:42.855 I/AlarmChecker( 4884): Cpu usage = 17.2355%
07-07 11:15:42.904 W/APM::AudioPolicyEngine( 3647): getDevicesForStrategy() unknown strategy: -1
07-07 11:15:42.905 W/APM::AudioPolicyEngine( 3647): getDevicesForStrategy() unknown strategy: -1
07-07 11:15:43.007 I/chatty  ( 3731): uid=1046(mediacodec) omx@1.0-service expire 1 line
07-07 11:15:43.022 I/chatty  (22692): uid=10098(in.startv.hotstar) HwBinder:22692_ expire 12 lines
07-07 11:15:43.059 D/JioLauncher( 4977): overlay status check for wifi and bt remote false false
07-07 11:15:43.060 I/chatty  ( 5022): uid=1000(system) Binder:5022_3 expire 9 lines
07-07 11:15:43.075 D/JioLauncher( 4977): diagnosis-fragment-onConnectivityChanged
07-07 11:15:43.078 D/Match code1( 5726): 2
07-07 11:15:43.084 D/JioLauncher( 4977): network-type-------FTTH
07-07 11:15:43.102 D/JioLauncher( 4977): live-tv-previousIp-[/2405:201:1006:d95b::c0a8:1d01, /192.168.29.1]-newHost-[/2405:201:1006:d95b::c0a8:1d01, /192.168.29.1]
07-07 11:15:43.103 W/AudioFlinger( 3647): createTrack_l(): mismatch between requested flags (00000008) and output flags (00000002)
07-07 11:15:43.103 D/AudioFlinger( 3647): Client defaulted notificationFrames to 8200 for frameCount 16400
07-07 11:15:43.105 D/JioLauncher( 4977): diagnosis-network-1
07-07 11:15:43.106 D/AF::TrackHandle( 3647): OpPlayAudio: track:115 usage:1 not muted
07-07 11:15:43.108 D/JioLauncher( 4977): getSSID-<unknown ssid>
07-07 11:15:43.112 D/JioLauncher( 4977): ThreadCount-121
07-07 11:15:43.112 D/JioLauncher( 4977): isInactivityPopupDisplaying-{"inactivity_status_modified_time":1740427177007,"inactivity_status":false,"inactivity_window_timeout":120000}
07-07 11:15:43.112 D/JioLauncher( 4977): inactivity_status-false- result-false
07-07 11:15:43.112 D/JioLauncher( 4977): overlay-removing-type-JIO_BLOCK_ALERT_TYPE  -isInactivityPopupDisplaying-false
07-07 11:15:43.112 D/JioLauncher( 4977): ThreadCount-121
07-07 11:15:43.114 D/JioLauncher( 4977): isInactivityPopupDisplaying-{"inactivity_status_modified_time":1740427177007,"inactivity_status":false,"inactivity_window_timeout":120000}
07-07 11:15:43.114 D/JioLauncher( 4977): inactivity_status-false- result-false
07-07 11:15:43.114 D/JioLauncher( 4977): block-apps 1 null false
07-07 11:15:43.114 D/JioLauncher( 4977): global-key-unblock-all-key
07-07 11:15:43.121 D/JioLauncher( 4977): block-apps -1 null false
07-07 11:15:43.121 D/JioLauncher( 4977): global-key-block-all-key--others
07-07 11:15:43.123 D/JioLauncher( 4977): diagnosis-block-false
07-07 11:15:43.127 D/JioLauncher( 4977): getSSID-<unknown ssid>
07-07 11:15:43.165 I/chatty  (22692): uid=10098(in.startv.hotstar) expire 57 lines
07-07 11:15:43.239 W/APM::AudioPolicyEngine( 3647): getDevicesForStrategy() unknown strategy: -1
07-07 11:15:43.239 W/APM::AudioPolicyEngine( 3647): getDevicesForStrategy() unknown strategy: -1
07-07 11:15:43.343 I/ThermalService( 4166): CPU temperatures: [75.4]
07-07 11:15:43.360 I/chatty  ( 3731): uid=1046(mediacodec) omx@1.0-service expire 2 lines
07-07 11:15:43.380 I/chatty  ( 3731): uid=1046(mediacodec) omx@1.0-service expire 2 lines
07-07 11:15:43.384 I/chatty  ( 5022): uid=1000(system) StreamAVDetails expire 45 lines
07-07 11:15:43.397 I/chatty  ( 3731): uid=1046(mediacodec) omx@1.0-service expire 2 lines
07-07 11:15:43.419 I/chatty  ( 3731): uid=1046(mediacodec) omx@1.0-service expire 2 lines
07-07 11:15:43.421 I/chatty  ( 4800): uid=1000(system) com.iwedia.comedia.service expire 4 lines
07-07 11:15:43.423 I/chatty  ( 4800): uid=1000(system) com.iwedia.comedia.service expire 1 line
07-07 11:15:43.428 I/chatty  ( 4800): uid=1000(system) com.iwedia.comedia.service expire 1 line
07-07 11:15:43.436 I/chatty  ( 3731): uid=1046(mediacodec) omx@1.0-service expire 2 lines
07-07 11:15:43.456 I/chatty  ( 3731): uid=1046(mediacodec) omx@1.0-service expire 3 lines
07-07 11:15:43.506 W/APM::AudioPolicyEngine( 3647): getDevicesForStrategy() unknown strategy: -1
07-07 11:15:43.509 W/APM::AudioPolicyEngine( 3647): getDevicesForStrategy() unknown strategy: -1
07-07 11:15:43.509 W/APM::AudioPolicyEngine( 3647): getDevicesForStrategy() unknown strategy: -1
07-07 11:15:43.613 I/chatty  ( 3731): uid=1046(mediacodec) omx@1.0-service expire 1 line
07-07 11:15:43.687 D/JioStbInactivityTimer( 4111): Timer: count 1 warningTimeout:-120 timeout:0
07-07 11:15:43.688 W/AudioFlinger( 3647): createTrack_l(): mismatch between requested flags (00000008) and output flags (00000002)
07-07 11:15:43.689 D/AudioFlinger( 3647): Client defaulted notificationFrames to 8200 for frameCount 16400
07-07 11:15:43.692 D/AF::TrackHandle( 3647): OpPlayAudio: track:116 usage:1 not muted
07-07 11:15:43.799 W/APM::AudioPolicyEngine( 3647): getDevicesForStrategy() unknown strategy: -1
07-07 11:15:43.800 W/APM::AudioPolicyEngine( 3647): getDevicesForStrategy() unknown strategy: -1
07-07 11:15:43.863 I/chatty  ( 3731): uid=1046(mediacodec) omx@1.0-service expire 3 lines
07-07 11:15:43.903 I/chatty  ( 3731): uid=1046(mediacodec) omx@1.0-service expire 3 lines
07-07 11:15:44.044 W/AudioFlinger( 3647): createTrack_l(): mismatch between requested flags (00000008) and output flags (00000002)
07-07 11:15:44.045 D/AudioFlinger( 3647): Client defaulted notificationFrames to 8200 for frameCount 16400
07-07 11:15:44.045 I/chatty  ( 3731): uid=1046(mediacodec) omx@1.0-service expire 1 line
07-07 11:15:44.047 D/AF::TrackHandle( 3647): OpPlayAudio: track:117 usage:1 not muted
07-07 11:15:44.060 W/APM::AudioPolicyEngine( 3647): getDevicesForStrategy() unknown strategy: -1
07-07 11:15:44.062 W/APM::AudioPolicyEngine( 3647): getDevicesForStrategy() unknown strategy: -1
07-07 11:15:44.062 W/APM::AudioPolicyEngine( 3647): getDevicesForStrategy() unknown strategy: -1
07-07 11:15:44.192 W/APM::AudioPolicyEngine( 3647): getDevicesForStrategy() unknown strategy: -1
07-07 11:15:44.192 W/APM::AudioPolicyEngine( 3647): getDevicesForStrategy() unknown strategy: -1
07-07 11:15:44.240 I/chatty  ( 3731): uid=1046(mediacodec) omx@1.0-service expire 2 lines
07-07 11:15:44.246 I/chatty  ( 3584): uid=1002(bluetooth) POSIX timer 7 expire 11 lines
07-07 11:15:44.248 I/chatty  ( 3584): uid=1002(bluetooth) data_ready_cb_t expire 11 lines
07-07 11:15:44.258 I/chatty  ( 3958): uid=1002(bluetooth) com.android.bluetooth expire 488 lines
07-07 11:15:44.270 I/chatty  ( 3731): uid=1046(mediacodec) omx@1.0-service expire 3 lines
07-07 11:15:44.393 E/ocessService0:( 5663): failed to create Unix domain socket: Operation not permitted
07-07 11:15:44.407 I/chatty  ( 3731): uid=1046(mediacodec) omx@1.0-service expire 1 line
07-07 11:15:44.412 W/AudioFlinger( 3647): createTrack_l(): mismatch between requested flags (00000008) and output flags (00000002)
07-07 11:15:44.413 D/AudioFlinger( 3647): Client defaulted notificationFrames to 8200 for frameCount 16400
07-07 11:15:44.416 D/AF::TrackHandle( 3647): OpPlayAudio: track:118 usage:1 not muted
07-07 11:15:44.454 W/APM::AudioPolicyEngine( 3647): getDevicesForStrategy() unknown strategy: -1
07-07 11:15:44.456 I/chatty  ( 3647): uid=1041(audioserver) ApmOutput identical 47 lines
07-07 11:15:44.516 I/e.swalekh.abct( 4504): oneway function results will be dropped but finished with status OK and parcel size 4
07-07 11:15:44.541 I/chatty  ( 7198): uid=1000(system) RxComputationTh expire 11 lines
07-07 11:15:44.600 I/chatty  ( 3647): uid=1041(audioserver) /system/bin/audioserver expire 29 lines
07-07 11:15:44.665 I/chatty  ( 3731): uid=1046(mediacodec) omx@1.0-service expire 2 lines
07-07 11:15:44.689 D/JioStbInactivityTimer( 4111): Timer: count 1 warningTimeout:-120 timeout:0
07-07 11:15:44.727 I/chatty  ( 3731): uid=1046(mediacodec) omx@1.0-service expire 3 lines
07-07 11:15:44.850 I/chatty  ( 3731): uid=1046(mediacodec) omx@1.0-service expire 1 line
07-07 11:15:45.105 I/chatty  ( 3731): uid=1046(mediacodec) omx@1.0-service expire 3 lines
07-07 11:15:45.159 I/chatty  ( 3731): uid=1046(mediacodec) omx@1.0-service expire 3 lines
07-07 11:15:45.292 I/chatty  ( 3731): uid=1046(mediacodec) omx@1.0-service expire 1 line
07-07 11:15:45.346 I/JioBackgroundSchedulerService( 6498): Check schedule  
07-07 11:15:45.352 I/ThermalService( 4166): CPU temperatures: [75.0]
07-07 11:15:45.555 I/chatty  ( 3731): uid=1046(mediacodec) omx@1.0-service expire 2 lines
07-07 11:15:45.614 I/chatty  ( 3731): uid=1046(mediacodec) omx@1.0-service expire 3 lines
07-07 11:15:45.690 D/JioStbInactivityTimer( 4111): Timer: count 1 warningTimeout:-120 timeout:0
07-07 11:15:45.747 I/chatty  ( 3731): uid=1046(mediacodec) omx@1.0-service expire 1 line
07-07 11:15:45.759 I/chatty  ( 3647): uid=1041(audioserver) Binder:3647_6 expire 17 lines
07-07 11:15:45.935 I/chatty  ( 3647): uid=1041(audioserver) Binder:3647_5 expire 17 lines
07-07 11:15:45.997 I/chatty  ( 3731): uid=1046(mediacodec) omx@1.0-service expire 3 lines
07-07 11:15:46.048 I/chatty  (22692): uid=10098(in.startv.hotstar) HeapTaskDaemon expire 5 lines
07-07 11:15:46.070 I/chatty  ( 3731): uid=1046(mediacodec) omx@1.0-service expire 3 lines
07-07 11:15:46.196 I/chatty  ( 3731): uid=1046(mediacodec) omx@1.0-service expire 1 line
07-07 11:15:46.402 I/chatty  ( 3818): uid=1000(system) Binder:3818_16 expire 21 lines
07-07 11:15:46.423 I/appium  (22610): channel read: GET /session/fc1f304d-021c-4250-9022-933fcfe7d1c3/source
07-07 11:15:46.424 I/appium  (22610): Source command
07-07 11:15:46.425 I/appium  (22610): Waiting up to 10000ms for the device to idle
07-07 11:15:46.433 E/ocessService0:( 5663): failed to create Unix domain socket: Operation not permitted
07-07 11:15:46.450 I/chatty  ( 3731): uid=1046(mediacodec) omx@1.0-service expire 2 lines
07-07 11:15:46.498 I/chatty  ( 3731): uid=1046(mediacodec) omx@1.0-service expire 3 lines
07-07 11:15:46.620 I/chatty  ( 3731): uid=1046(mediacodec) omx@1.0-service expire 1 line
07-07 11:15:46.662 I/chatty  ( 3818): uid=1000(system) Binder:3818_6 expire 10 lines
07-07 11:15:46.691 D/JioStbInactivityTimer( 4111): Timer: count 1 warningTimeout:-120 timeout:0
07-07 11:15:46.694 I/chatty  (22692): uid=10098(in.startv.hotstar) Binder:22692_A expire 4 lines
07-07 11:15:46.701 I/e.swalekh.abct( 4504): oneway function results will be dropped but finished with status OK and parcel size 4
07-07 11:15:46.740 I/chatty  ( 7198): uid=1000(system) RxComputationTh expire 9 lines
07-07 11:15:46.897 I/chatty  ( 3731): uid=1046(mediacodec) omx@1.0-service expire 2 lines
07-07 11:15:46.953 I/chatty  ( 3731): uid=1046(mediacodec) omx@1.0-service expire 3 lines
07-07 11:15:47.017 I/chatty  ( 3818): uid=1000(system) InputReader expire 156 lines
07-07 11:15:47.077 I/chatty  ( 3731): uid=1046(mediacodec) omx@1.0-service expire 1 line
07-07 11:15:47.114 I/chatty  ( 3818): uid=1000(system) Binder:3818_19 expire 32 lines
07-07 11:15:47.352 I/chatty  ( 3731): uid=1046(mediacodec) omx@1.0-service expire 3 lines
07-07 11:15:47.360 I/ThermalService( 4166): CPU temperatures: [74.600006]
07-07 11:15:47.400 I/chatty  ( 3731): uid=1046(mediacodec) omx@1.0-service expire 3 lines
07-07 11:15:47.520 I/chatty  ( 3731): uid=1046(mediacodec) omx@1.0-service expire 1 line
07-07 11:15:47.547 I/chatty  ( 4800): uid=1000(system) Thread-2 expire 16 lines
07-07 11:15:47.690 D/JioStbInactivityTimer( 4111): Timer: count 1 warningTimeout:-120 timeout:0
07-07 11:15:47.753 I/chatty  ( 3731): uid=1046(mediacodec) omx@1.0-service expire 3 lines
07-07 11:15:47.815 I/chatty  ( 3731): uid=1046(mediacodec) omx@1.0-service expire 3 lines
07-07 11:15:47.941 I/chatty  ( 3731): uid=1046(mediacodec) omx@1.0-service expire 1 line
07-07 11:15:47.953 I/chatty  ( 3647): uid=1041(audioserver) Binder:3647_1 expire 10 lines
07-07 11:15:48.040 D/JioLauncher( 4977): overlay status check for wifi and bt remote false false
07-07 11:15:48.047 D/JioLauncher( 4977): diagnosis-fragment-onConnectivityChanged
07-07 11:15:48.049 D/Match code1( 5726): 2
07-07 11:15:48.057 D/JioLauncher( 4977): network-type-------FTTH
07-07 11:15:48.065 D/JioLauncher( 4977): live-tv-previousIp-[/2405:201:1006:d95b::c0a8:1d01, /192.168.29.1]-newHost-[/2405:201:1006:d95b::c0a8:1d01, /192.168.29.1]
07-07 11:15:48.067 D/JioLauncher( 4977): diagnosis-network-1
07-07 11:15:48.069 D/JioLauncher( 4977): getSSID-<unknown ssid>
07-07 11:15:48.096 D/JioLauncher( 4977): ThreadCount-121
07-07 11:15:48.097 D/JioLauncher( 4977): isInactivityPopupDisplaying-{"inactivity_status_modified_time":1740427177007,"inactivity_status":false,"inactivity_window_timeout":120000}
07-07 11:15:48.098 D/JioLauncher( 4977): inactivity_status-false- result-false
07-07 11:15:48.098 D/JioLauncher( 4977): overlay-removing-type-JIO_BLOCK_ALERT_TYPE  -isInactivityPopupDisplaying-false
07-07 11:15:48.098 D/JioLauncher( 4977): ThreadCount-121
07-07 11:15:48.098 D/JioLauncher( 4977): isInactivityPopupDisplaying-{"inactivity_status_modified_time":1740427177007,"inactivity_status":false,"inactivity_window_timeout":120000}
07-07 11:15:48.098 D/JioLauncher( 4977): inactivity_status-false- result-false
07-07 11:15:48.098 D/JioLauncher( 4977): block-apps 1 null false
07-07 11:15:48.098 D/JioLauncher( 4977): global-key-unblock-all-key
07-07 11:15:48.102 D/JioLauncher( 4977): block-apps -1 null false
07-07 11:15:48.102 D/JioLauncher( 4977): global-key-block-all-key--others
07-07 11:15:48.104 D/JioLauncher( 4977): diagnosis-block-false
07-07 11:15:48.111 D/JioLauncher( 4977): getSSID-<unknown ssid>
07-07 11:15:48.180 I/chatty  ( 3731): uid=1046(mediacodec) omx@1.0-service expire 2 lines
07-07 11:15:48.235 I/chatty  ( 3731): uid=1046(mediacodec) omx@1.0-service expire 3 lines
07-07 11:15:48.359 I/chatty  ( 3731): uid=1046(mediacodec) omx@1.0-service expire 1 line
07-07 11:15:48.473 E/ocessService0:( 5663): failed to create Unix domain socket: Operation not permitted
07-07 11:15:48.560 I/thermal2( 3631): Sending notification:  Type: CPU Name: soc_thermal CurrentValue: 74.8 ThrottlingStatus: LIGHT
07-07 11:15:48.598 I/chatty  ( 3731): uid=1046(mediacodec) omx@1.0-service expire 2 lines
07-07 11:15:48.659 I/chatty  ( 3731): uid=1046(mediacodec) omx@1.0-service expire 3 lines
07-07 11:15:48.691 D/JioStbInactivityTimer( 4111): Timer: count 1 warningTimeout:-120 timeout:0
07-07 11:15:48.791 I/chatty  ( 3731): uid=1046(mediacodec) omx@1.0-service expire 1 line
07-07 11:15:48.946 I/e.swalekh.abct( 4504): oneway function results will be dropped but finished with status OK and parcel size 4
07-07 11:15:48.972 I/chatty  ( 7198): uid=1000(system) RxComputationTh expire 8 lines
07-07 11:15:49.020 I/chatty  ( 3731): uid=1046(mediacodec) omx@1.0-service expire 3 lines
07-07 11:15:49.080 D/JioLauncher( 4977): check-jio-block-inside-run-method-of-runnable-[/2405:201:1006:d95b::c0a8:1d01, /192.168.29.1]
07-07 11:15:49.080 D/JioLauncher( 4977): check-jio-block-jio-network-go ahead for jio block check
07-07 11:15:49.086 I/chatty  ( 3731): uid=1046(mediacodec) omx@1.0-service expire 3 lines
07-07 11:15:49.091 D/JioLauncher( 4977): dns-address-[/2405:201:1006:d95b::c0a8:1d01, /192.168.29.1]
07-07 11:15:49.203 I/chatty  ( 3731): uid=1046(mediacodec) omx@1.0-service expire 1 line
07-07 11:15:49.365 I/ThermalService( 4166): CPU temperatures: [75.0]
07-07 11:15:49.452 I/chatty  ( 3731): uid=1046(mediacodec) omx@1.0-service expire 3 lines
07-07 11:15:49.514 I/chatty  ( 3731): uid=1046(mediacodec) omx@1.0-service expire 3 lines
07-07 11:15:49.642 I/chatty  ( 3731): uid=1046(mediacodec) omx@1.0-service expire 1 line
07-07 11:15:49.691 D/JioStbInactivityTimer( 4111): Timer: count 1 warningTimeout:-120 timeout:0
07-07 11:15:49.889 I/chatty  ( 3731): uid=1046(mediacodec) omx@1.0-service expire 2 lines
07-07 11:15:49.947 I/chatty  ( 3731): uid=1046(mediacodec) omx@1.0-service expire 3 lines
07-07 11:15:50.097 I/chatty  ( 3731): uid=1046(mediacodec) omx@1.0-service expire 1 line
07-07 11:15:50.231 I/chatty  ( 3731): uid=1046(mediacodec) omx@1.0-service expire 1098 lines
07-07 11:15:50.278 I/chatty  ( 3731): uid=1046(mediacodec) omx@1.0-service expire 2 lines
07-07 11:15:50.333 I/chatty  ( 3731): uid=1046(mediacodec) omx@1.0-service expire 3 lines
07-07 11:15:50.335 I/chatty  (22692): uid=10098(in.startv.hotstar) expire 218 lines
07-07 11:15:50.459 I/chatty  ( 3731): uid=1046(mediacodec) omx@1.0-service expire 1 line
07-07 11:15:50.495 W/APM::AudioPolicyEngine( 3647): getDevicesForStrategy() unknown strategy: -1
07-07 11:15:50.498 W/APM::AudioPolicyEngine( 3647): getDevicesForStrategy() unknown strategy: -1
07-07 11:15:50.513 E/ocessService0:( 5663): failed to create Unix domain socket: Operation not permitted
07-07 11:15:50.562 I/thermal2( 3631): Sending notification:  Type: CPU Name: soc_thermal CurrentValue: 75 ThrottlingStatus: MODERATE
07-07 11:15:50.637 W/APM::AudioPolicyEngine( 3647): getDevicesForStrategy() unknown strategy: -1
07-07 11:15:50.637 W/APM::AudioPolicyEngine( 3647): getDevicesForStrategy() unknown strategy: -1
07-07 11:15:50.690 D/JioStbInactivityTimer( 4111): Timer: count 1 warningTimeout:-120 timeout:0
07-07 11:15:50.695 I/chatty  ( 3731): uid=1046(mediacodec) omx@1.0-service expire 2 lines
07-07 11:15:50.745 I/chatty  ( 3731): uid=1046(mediacodec) omx@1.0-service expire 3 lines
07-07 11:15:50.870 I/chatty  ( 3731): uid=1046(mediacodec) omx@1.0-service expire 1 line
07-07 11:15:50.915 W/APM::AudioPolicyEngine( 3647): getDevicesForStrategy() unknown strategy: -1
07-07 11:15:50.919 W/APM::AudioPolicyEngine( 3647): getDevicesForStrategy() unknown strategy: -1
07-07 11:15:50.919 W/APM::AudioPolicyEngine( 3647): getDevicesForStrategy() unknown strategy: -1
07-07 11:15:50.920 W/AudioFlinger( 3647): createTrack_l(): mismatch between requested flags (00000008) and output flags (00000002)
07-07 11:15:50.920 D/AudioFlinger( 3647): Client defaulted notificationFrames to 8200 for frameCount 16400
07-07 11:15:50.930 D/AF::TrackHandle( 3647): OpPlayAudio: track:133 usage:1 not muted
07-07 11:15:51.070 I/chatty  (22692): uid=10098(in.startv.hotstar) Binder:22692_5 expire 12 lines
07-07 11:15:51.078 I/e.swalekh.abct( 4504): oneway function results will be dropped but finished with status OK and parcel size 4
07-07 11:15:51.079 W/APM::AudioPolicyEngine( 3647): getDevicesForStrategy() unknown strategy: -1
07-07 11:15:51.079 W/APM::AudioPolicyEngine( 3647): getDevicesForStrategy() unknown strategy: -1
07-07 11:15:51.098 I/chatty  (22692): uid=10098(in.startv.hotstar) expire 57 lines
07-07 11:15:51.132 I/chatty  ( 3731): uid=1046(mediacodec) omx@1.0-service expire 2 lines
07-07 11:15:51.145 I/chatty  ( 3735): uid=1046(mediacodec) mediaswcodec expire 4 lines
07-07 11:15:51.190 I/chatty  ( 7198): uid=1000(system) HeapTaskDaemon expire 1 line
07-07 11:15:51.203 I/chatty  ( 3731): uid=1046(mediacodec) omx@1.0-service expire 3 lines
07-07 11:15:51.342 I/chatty  ( 3731): uid=1046(mediacodec) omx@1.0-service expire 1 line
07-07 11:15:51.344 W/APM::AudioPolicyEngine( 3647): getDevicesForStrategy() unknown strategy: -1
07-07 11:15:51.346 W/APM::AudioPolicyEngine( 3647): getDevicesForStrategy() unknown strategy: -1
07-07 11:15:51.356 W/AudioFlinger( 3647): createTrack_l(): mismatch between requested flags (00000008) and output flags (00000002)
07-07 11:15:51.356 D/AudioFlinger( 3647): Client defaulted notificationFrames to 8200 for frameCount 16400
07-07 11:15:51.358 D/AF::TrackHandle( 3647): OpPlayAudio: track:134 usage:1 not muted
07-07 11:15:51.374 I/ThermalService( 4166): CPU temperatures: [74.8]
07-07 11:15:51.529 W/APM::AudioPolicyEngine( 3647): getDevicesForStrategy() unknown strategy: -1
07-07 11:15:51.530 W/APM::AudioPolicyEngine( 3647): getDevicesForStrategy() unknown strategy: -1
07-07 11:15:51.582 I/chatty  ( 3731): uid=1046(mediacodec) omx@1.0-service expire 2 lines
07-07 11:15:51.639 I/chatty  ( 3731): uid=1046(mediacodec) omx@1.0-service expire 3 lines
07-07 11:15:51.691 D/JioStbInactivityTimer( 4111): Timer: count 1 warningTimeout:-120 timeout:0
07-07 11:15:51.771 I/chatty  ( 3731): uid=1046(mediacodec) omx@1.0-service expire 1 line
07-07 11:15:51.796 W/AudioFlinger( 3647): createTrack_l(): mismatch between requested flags (00000008) and output flags (00000002)
07-07 11:15:51.797 D/AudioFlinger( 3647): Client defaulted notificationFrames to 8200 for frameCount 16400
07-07 11:15:51.801 D/AF::TrackHandle( 3647): OpPlayAudio: track:135 usage:1 not muted
07-07 11:15:51.815 W/APM::AudioPolicyEngine( 3647): getDevicesForStrategy() unknown strategy: -1
07-07 11:15:51.817 W/APM::AudioPolicyEngine( 3647): getDevicesForStrategy() unknown strategy: -1
07-07 11:15:51.817 W/APM::AudioPolicyEngine( 3647): getDevicesForStrategy() unknown strategy: -1
07-07 11:15:51.821 I/chatty  ( 3320): uid=1000(system) /system/bin/servicemanager expire 101 lines
07-07 11:15:51.939 W/APM::AudioPolicyEngine( 3647): getDevicesForStrategy() unknown strategy: -1
07-07 11:15:51.941 W/APM::AudioPolicyEngine( 3647): getDevicesForStrategy() unknown strategy: -1
07-07 11:15:51.996 I/chatty  ( 3731): uid=1046(mediacodec) omx@1.0-service expire 2 lines
07-07 11:15:52.053 I/chatty  ( 3731): uid=1046(mediacodec) omx@1.0-service expire 3 lines
07-07 11:15:52.102 D/JioAppOptimizer( 4858): AppOptimizerService :: handleMessage()
07-07 11:15:52.116 D/JioAppOptimizer( 4858): AppOptimizerService :: handleMessage() : Foreground Package=in.startv.hotstar
07-07 11:15:52.121 D/JioAppOptimizer( 4858): AppOptimizerService :: handleMessage() : Free memory available in MB : 506.43359375
07-07 11:15:52.121 D/JioAppOptimizer( 4858): AppOptimizerService :: handleMessage() : checkAndRemoveBackgroundApps()
07-07 11:15:52.121 D/JioAppOptimizer( 4858): AppOptimizerService :: checkAndRemoveBackgroundApps()
07-07 11:15:52.175 I/chatty  ( 3731): uid=1046(mediacodec) omx@1.0-service expire 1 line
07-07 11:15:52.208 W/APM::AudioPolicyEngine( 3647): getDevicesForStrategy() unknown strategy: -1
07-07 11:15:52.215 W/APM::AudioPolicyEngine( 3647): getDevicesForStrategy() unknown strategy: -1
07-07 11:15:52.224 W/AudioFlinger( 3647): createTrack_l(): mismatch between requested flags (00000008) and output flags (00000002)
07-07 11:15:52.226 D/AudioFlinger( 3647): Client defaulted notificationFrames to 8200 for frameCount 16400
07-07 11:15:52.234 D/AF::TrackHandle( 3647): OpPlayAudio: track:136 usage:1 not muted
07-07 11:15:52.395 W/APM::AudioPolicyEngine( 3647): getDevicesForStrategy() unknown strategy: -1
07-07 11:15:52.395 W/APM::AudioPolicyEngine( 3647): getDevicesForStrategy() unknown strategy: -1
07-07 11:15:52.449 I/chatty  ( 4800): uid=1000(system) Binder:4800_2 expire 64 lines
07-07 11:15:52.454 I/chatty  ( 4800): uid=1000(system) com.iwedia.comedia.service expire 1 line
07-07 11:15:52.456 I/chatty  ( 3731): uid=1046(mediacodec) omx@1.0-service expire 2 lines
07-07 11:15:52.517 I/chatty  ( 3731): uid=1046(mediacodec) omx@1.0-service expire 3 lines
07-07 11:15:52.553 E/ocessService0:( 5663): failed to create Unix domain socket: Operation not permitted
07-07 11:15:52.564 I/thermal2( 3631): Sending notification:  Type: CPU Name: soc_thermal CurrentValue: 74.8 ThrottlingStatus: LIGHT
07-07 11:15:52.647 I/chatty  ( 3731): uid=1046(mediacodec) omx@1.0-service expire 1 line
07-07 11:15:52.673 W/AudioFlinger( 3647): createTrack_l(): mismatch between requested flags (00000008) and output flags (00000002)
07-07 11:15:52.674 D/AudioFlinger( 3647): Client defaulted notificationFrames to 8200 for frameCount 16400
07-07 11:15:52.688 D/AF::TrackHandle( 3647): OpPlayAudio: track:137 usage:1 not muted
07-07 11:15:52.691 D/JioStbInactivityTimer( 4111): Timer: count 1 warningTimeout:-120 timeout:0
07-07 11:15:52.698 W/APM::AudioPolicyEngine( 3647): getDevicesForStrategy() unknown strategy: -1
07-07 11:15:52.700 W/APM::AudioPolicyEngine( 3647): getDevicesForStrategy() unknown strategy: -1
07-07 11:15:52.700 I/chatty  ( 3818): uid=1000(system) Binder:3818_2 expire 12 lines
07-07 11:15:52.834 W/APM::AudioPolicyEngine( 3647): getDevicesForStrategy() unknown strategy: -1
07-07 11:15:52.834 W/APM::AudioPolicyEngine( 3647): getDevicesForStrategy() unknown strategy: -1
07-07 11:15:52.909 I/chatty  ( 3731): uid=1046(mediacodec) omx@1.0-service expire 3 lines
07-07 11:15:52.976 I/chatty  ( 3731): uid=1046(mediacodec) omx@1.0-service expire 3 lines
07-07 11:15:53.040 D/JioLauncher( 4977): overlay status check for wifi and bt remote false false
07-07 11:15:53.059 D/JioLauncher( 4977): diagnosis-fragment-onConnectivityChanged
07-07 11:15:53.064 D/Match code1( 5726): 2
07-07 11:15:53.072 D/JioLauncher( 4977): network-type-------FTTH
07-07 11:15:53.083 D/JioLauncher( 4977): live-tv-previousIp-[/2405:201:1006:d95b::c0a8:1d01, /192.168.29.1]-newHost-[/2405:201:1006:d95b::c0a8:1d01, /192.168.29.1]
07-07 11:15:53.099 D/JioLauncher( 4977): diagnosis-network-1
07-07 11:15:53.100 I/chatty  (22692): uid=10098(in.startv.hotstar) HwBinder:22692_ expire 10 lines
07-07 11:15:53.100 I/chatty  ( 3731): uid=1046(mediacodec) omx@1.0-service expire 1 line
07-07 11:15:53.106 D/JioLauncher( 4977): getSSID-<unknown ssid>
07-07 11:15:53.125 W/APM::AudioPolicyEngine( 3647): getDevicesForStrategy() unknown strategy: -1
07-07 11:15:53.127 W/APM::AudioPolicyEngine( 3647): getDevicesForStrategy() unknown strategy: -1
07-07 11:15:53.139 D/JioLauncher( 4977): ThreadCount-121
07-07 11:15:53.139 D/JioLauncher( 4977): isInactivityPopupDisplaying-{"inactivity_status_modified_time":1740427177007,"inactivity_status":false,"inactivity_window_timeout":120000}
07-07 11:15:53.140 D/JioLauncher( 4977): inactivity_status-false- result-false
07-07 11:15:53.140 D/JioLauncher( 4977): overlay-removing-type-JIO_BLOCK_ALERT_TYPE  -isInactivityPopupDisplaying-false
07-07 11:15:53.140 D/JioLauncher( 4977): ThreadCount-121
07-07 11:15:53.141 D/JioLauncher( 4977): isInactivityPopupDisplaying-{"inactivity_status_modified_time":1740427177007,"inactivity_status":false,"inactivity_window_timeout":120000}
07-07 11:15:53.141 D/JioLauncher( 4977): inactivity_status-false- result-false
07-07 11:15:53.141 D/JioLauncher( 4977): block-apps 1 null false
07-07 11:15:53.141 D/JioLauncher( 4977): global-key-unblock-all-key
07-07 11:15:53.148 D/JioLauncher( 4977): block-apps -1 null false
07-07 11:15:53.148 D/JioLauncher( 4977): global-key-block-all-key--others
07-07 11:15:53.173 D/JioLauncher( 4977): diagnosis-block-false
07-07 11:15:53.174 W/AudioFlinger( 3647): createTrack_l(): mismatch between requested flags (00000008) and output flags (00000002)
07-07 11:15:53.174 D/AudioFlinger( 3647): Client defaulted notificationFrames to 8200 for frameCount 16400
07-07 11:15:53.179 D/AF::TrackHandle( 3647): OpPlayAudio: track:138 usage:1 not muted
07-07 11:15:53.184 D/JioLauncher( 4977): getSSID-<unknown ssid>
07-07 11:15:53.244 I/chatty  (22692): uid=10098(in.startv.hotstar) expire 63 lines
07-07 11:15:53.276 I/e.swalekh.abct( 4504): oneway function results will be dropped but finished with status OK and parcel size 4
07-07 11:15:53.327 W/APM::AudioPolicyEngine( 3647): getDevicesForStrategy() unknown strategy: -1
07-07 11:15:53.327 W/APM::AudioPolicyEngine( 3647): getDevicesForStrategy() unknown strategy: -1
07-07 11:15:53.376 I/ThermalService( 4166): CPU temperatures: [74.3]
07-07 11:15:53.386 I/chatty  ( 3731): uid=1046(mediacodec) omx@1.0-service expire 2 lines
07-07 11:15:53.437 I/chatty  ( 3731): uid=1046(mediacodec) omx@1.0-service expire 3 lines
07-07 11:15:53.491 I/chatty  ( 4800): uid=1000(system) com.iwedia.comedia.service expire 4 lines
07-07 11:15:53.502 I/chatty  ( 4800): uid=1000(system) com.iwedia.comedia.service expire 1 line
07-07 11:15:53.507 I/chatty  ( 4800): uid=1000(system) com.iwedia.comedia.service expire 1 line
07-07 11:15:53.574 I/chatty  ( 3731): uid=1046(mediacodec) omx@1.0-service expire 1 line
07-07 11:15:53.575 W/AudioFlinger( 3647): createTrack_l(): mismatch between requested flags (00000008) and output flags (00000002)
07-07 11:15:53.576 D/AudioFlinger( 3647): Client defaulted notificationFrames to 8200 for frameCount 16400
07-07 11:15:53.581 D/AF::TrackHandle( 3647): OpPlayAudio: track:139 usage:1 not muted
07-07 11:15:53.619 W/APM::AudioPolicyEngine( 3647): getDevicesForStrategy() unknown strategy: -1
07-07 11:15:53.621 W/APM::AudioPolicyEngine( 3647): getDevicesForStrategy() unknown strategy: -1
07-07 11:15:53.622 W/APM::AudioPolicyEngine( 3647): getDevicesForStrategy() unknown strategy: -1
07-07 11:15:53.690 D/JioStbInactivityTimer( 4111): Timer: count 1 warningTimeout:-120 timeout:0
07-07 11:15:53.760 W/APM::AudioPolicyEngine( 3647): getDevicesForStrategy() unknown strategy: -1
07-07 11:15:53.760 W/APM::AudioPolicyEngine( 3647): getDevicesForStrategy() unknown strategy: -1
07-07 11:15:53.831 I/chatty  ( 3731): uid=1046(mediacodec) omx@1.0-service expire 3 lines
07-07 11:15:53.891 I/chatty  ( 3731): uid=1046(mediacodec) omx@1.0-service expire 3 lines
07-07 11:15:54.039 I/chatty  ( 3731): uid=1046(mediacodec) omx@1.0-service expire 1 line
07-07 11:15:54.060 W/AudioFlinger( 3647): createTrack_l(): mismatch between requested flags (00000008) and output flags (00000002)
07-07 11:15:54.061 D/AudioFlinger( 3647): Client defaulted notificationFrames to 8200 for frameCount 16400
07-07 11:15:54.067 D/AF::TrackHandle( 3647): OpPlayAudio: track:140 usage:1 not muted
07-07 11:15:54.074 W/APM::AudioPolicyEngine( 3647): getDevicesForStrategy() unknown strategy: -1
07-07 11:15:54.079 W/APM::AudioPolicyEngine( 3647): getDevicesForStrategy() unknown strategy: -1
07-07 11:15:54.221 W/APM::AudioPolicyEngine( 3647): getDevicesForStrategy() unknown strategy: -1
07-07 11:15:54.221 W/APM::AudioPolicyEngine( 3647): getDevicesForStrategy() unknown strategy: -1
07-07 11:15:54.280 I/chatty  ( 3731): uid=1046(mediacodec) omx@1.0-service expire 3 lines
07-07 11:15:54.341 I/chatty  ( 3731): uid=1046(mediacodec) omx@1.0-service expire 3 lines
07-07 11:15:54.477 W/AudioFlinger( 3647): createTrack_l(): mismatch between requested flags (00000008) and output flags (00000002)
07-07 11:15:54.478 D/AudioFlinger( 3647): Client defaulted notificationFrames to 8200 for frameCount 16400
07-07 11:15:54.481 I/chatty  ( 3731): uid=1046(mediacodec) omx@1.0-service expire 1 line
07-07 11:15:54.488 D/AF::TrackHandle( 3647): OpPlayAudio: track:141 usage:1 not muted
07-07 11:15:54.525 W/APM::AudioPolicyEngine( 3647): getDevicesForStrategy() unknown strategy: -1
07-07 11:15:54.527 I/chatty  ( 3647): uid=1041(audioserver) ApmOutput identical 36 lines
07-07 11:15:54.566 D/TvInput_TvService( 5391): Tick, set current Date/Time.
07-07 11:15:54.593 E/ocessService0:( 5663): failed to create Unix domain socket: Operation not permitted
07-07 11:15:54.691 D/JioStbInactivityTimer( 4111): Timer: count 1 warningTimeout:-120 timeout:0
07-07 11:15:54.720 I/chatty  ( 3731): uid=1046(mediacodec) omx@1.0-service expire 2 lines
07-07 11:15:54.786 I/chatty  ( 3731): uid=1046(mediacodec) omx@1.0-service expire 3 lines
07-07 11:15:54.914 I/chatty  ( 3731): uid=1046(mediacodec) omx@1.0-service expire 1 line
07-07 11:15:55.091 I/chatty  ( 3647): uid=1041(audioserver) /system/bin/audioserver expire 3 lines
07-07 11:15:55.148 I/chatty  ( 3731): uid=1046(mediacodec) omx@1.0-service expire 2 lines
07-07 11:15:55.160 I/chatty  ( 3958): uid=1002(bluetooth) com.android.bluetooth expire 428 lines
07-07 11:15:55.208 I/chatty  ( 3731): uid=1046(mediacodec) omx@1.0-service expire 3 lines
07-07 11:15:55.254 I/chatty  ( 3584): uid=1002(bluetooth) POSIX timer 7 expire 11 lines
07-07 11:15:55.257 I/chatty  ( 3584): uid=1002(bluetooth) data_ready_cb_t expire 11 lines
07-07 11:15:55.341 I/chatty  ( 3731): uid=1046(mediacodec) omx@1.0-service expire 1 line
07-07 11:15:55.347 I/JioBackgroundSchedulerService( 6498): Check schedule  
07-07 11:15:55.387 W/APM::AudioPolicyEngine( 3647): getDevicesForStrategy() unknown strategy: -1
07-07 11:15:55.399 I/ThermalService( 4166): CPU temperatures: [74.9]
07-07 11:15:55.405 W/AudioFlinger( 3647): createTrack_l(): mismatch between requested flags (00000008) and output flags (00000002)
07-07 11:15:55.406 D/AudioFlinger( 3647): Client defaulted notificationFrames to 8200 for frameCount 16400
07-07 11:15:55.412 D/AF::TrackHandle( 3647): OpPlayAudio: track:143 usage:1 not muted
07-07 11:15:55.473 I/e.swalekh.abct( 4504): oneway function results will be dropped but finished with status OK and parcel size 4
07-07 11:15:55.551 W/APM::AudioPolicyEngine( 3647): getDevicesForStrategy() unknown strategy: -1
07-07 11:15:55.551 W/APM::AudioPolicyEngine( 3647): getDevicesForStrategy() unknown strategy: -1
07-07 11:15:55.621 I/chatty  ( 3731): uid=1046(mediacodec) omx@1.0-service expire 3 lines
07-07 11:15:55.681 I/chatty  ( 3731): uid=1046(mediacodec) omx@1.0-service expire 3 lines
07-07 11:15:55.691 D/JioStbInactivityTimer( 4111): Timer: count 1 warningTimeout:-120 timeout:0
07-07 11:15:55.815 I/chatty  ( 3731): uid=1046(mediacodec) omx@1.0-service expire 1 line
07-07 11:15:55.821 W/AudioFlinger( 3647): createTrack_l(): mismatch between requested flags (00000008) and output flags (00000002)
07-07 11:15:55.822 D/AudioFlinger( 3647): Client defaulted notificationFrames to 8200 for frameCount 16400
07-07 11:15:55.826 D/AF::TrackHandle( 3647): OpPlayAudio: track:144 usage:1 not muted
07-07 11:15:55.868 W/APM::AudioPolicyEngine( 3647): getDevicesForStrategy() unknown strategy: -1
07-07 11:15:55.871 W/APM::AudioPolicyEngine( 3647): getDevicesForStrategy() unknown strategy: -1
07-07 11:15:55.986 W/APM::AudioPolicyEngine( 3647): getDevicesForStrategy() unknown strategy: -1
07-07 11:15:55.988 I/chatty  ( 3647): uid=1041(audioserver) Binder:3647_2 identical 16 lines
07-07 11:15:56.042 I/chatty  ( 3731): uid=1046(mediacodec) omx@1.0-service expire 3 lines
07-07 11:15:56.101 I/chatty  ( 3731): uid=1046(mediacodec) omx@1.0-service expire 3 lines
07-07 11:15:56.224 I/chatty  ( 3731): uid=1046(mediacodec) omx@1.0-service expire 1 line
07-07 11:15:56.478 I/chatty  ( 3731): uid=1046(mediacodec) omx@1.0-service expire 3 lines
07-07 11:15:56.525 W/QueryController(22610): Could not detect idle state.
07-07 11:15:56.548 I/chatty  ( 3731): uid=1046(mediacodec) omx@1.0-service expire 3 lines
07-07 11:15:56.621 D/JioStbNetworkUtility( 4977): gateway-default-ip-/fe80::9a87:4cff:fe00:6a9e
07-07 11:15:56.633 E/ocessService0:( 5663): failed to create Unix domain socket: Operation not permitted
07-07 11:15:56.693 D/JioStbInactivityTimer( 4111): Timer: count 1 warningTimeout:-120 timeout:0
07-07 11:15:56.694 I/appium  (22610): AppiumResponse: {"sessionId":"fc1f304d-021c-4250-9022-933fcfe7d1c3","value":"<?xml version='1.0' encoding='UTF-8' standalone='yes' ?>\r\n<hierarchy index=\"0\" class=\"hierarchy\" rotation=\"0\" width=\"1920\" height=\"1080\">\r\n  <android.widget.FrameLayout index=\"0\" package=\"in.startv.hotstar\" class=\"androi
07-07 11:15:56.700 I/chatty  ( 3731): uid=1046(mediacodec) omx@1.0-service expire 1 line
07-07 11:15:56.887 I/chatty  ( 3647): uid=1041(audioserver) Binder:3647_5 expire 2 lines
07-07 11:15:56.958 I/chatty  ( 3731): uid=1046(mediacodec) omx@1.0-service expire 3 lines
07-07 11:15:57.020 I/chatty  ( 3731): uid=1046(mediacodec) omx@1.0-service expire 3 lines
07-07 11:15:57.150 I/chatty  ( 3731): uid=1046(mediacodec) omx@1.0-service expire 1 line
07-07 11:15:57.379 I/chatty  ( 3731): uid=1046(mediacodec) omx@1.0-service expire 2 lines
07-07 11:15:57.409 I/ThermalService( 4166): CPU temperatures: [74.4]
07-07 11:15:57.427 I/chatty  ( 5022): uid=1000(system) StreamAVDetails expire 27 lines
07-07 11:15:57.440 I/chatty  ( 3731): uid=1046(mediacodec) omx@1.0-service expire 3 lines
07-07 11:15:57.577 I/chatty  ( 3731): uid=1046(mediacodec) omx@1.0-service expire 1 line
07-07 11:15:57.648 I/e.swalekh.abct( 4504): oneway function results will be dropped but finished with status OK and parcel size 4
07-07 11:15:57.692 D/JioStbInactivityTimer( 4111): Timer: count 1 warningTimeout:-120 timeout:0
07-07 11:15:57.774 W/APM::AudioPolicyEngine( 3647): getDevicesForStrategy() unknown strategy: -1
07-07 11:15:57.825 I/chatty  ( 3731): uid=1046(mediacodec) omx@1.0-service expire 3 lines
07-07 11:15:57.885 I/chatty  ( 3731): uid=1046(mediacodec) omx@1.0-service expire 3 lines
07-07 11:15:58.014 I/chatty  ( 3731): uid=1046(mediacodec) omx@1.0-service expire 1 line
07-07 11:15:58.027 W/AudioFlinger( 3647): createTrack_l(): mismatch between requested flags (00000008) and output flags (00000002)
07-07 11:15:58.028 D/AudioFlinger( 3647): Client defaulted notificationFrames to 8200 for frameCount 16400
07-07 11:15:58.030 D/JioLauncher( 4977): overlay status check for wifi and bt remote false false
07-07 11:15:58.030 D/AF::TrackHandle( 3647): OpPlayAudio: track:149 usage:1 not muted
07-07 11:15:58.042 D/JioLauncher( 4977): diagnosis-fragment-onConnectivityChanged
07-07 11:15:58.049 D/Match code1( 5726): 2
07-07 11:15:58.061 D/JioLauncher( 4977): network-type-------FTTH
07-07 11:15:58.079 W/APM::AudioPolicyEngine( 3647): getDevicesForStrategy() unknown strategy: -1
07-07 11:15:58.081 W/APM::AudioPolicyEngine( 3647): getDevicesForStrategy() unknown strategy: -1
07-07 11:15:58.096 D/JioLauncher( 4977): live-tv-previousIp-[/2405:201:1006:d95b::c0a8:1d01, /192.168.29.1]-newHost-[/2405:201:1006:d95b::c0a8:1d01, /192.168.29.1]
07-07 11:15:58.120 D/JioLauncher( 4977): diagnosis-network-1
07-07 11:15:58.123 D/JioLauncher( 4977): getSSID-<unknown ssid>
07-07 11:15:58.127 D/JioLauncher( 4977): ThreadCount-121
07-07 11:15:58.127 D/JioLauncher( 4977): isInactivityPopupDisplaying-{"inactivity_status_modified_time":1740427177007,"inactivity_status":false,"inactivity_window_timeout":120000}
07-07 11:15:58.127 D/JioLauncher( 4977): inactivity_status-false- result-false
07-07 11:15:58.127 D/JioLauncher( 4977): overlay-removing-type-JIO_BLOCK_ALERT_TYPE  -isInactivityPopupDisplaying-false
07-07 11:15:58.130 D/JioLauncher( 4977): ThreadCount-121
07-07 11:15:58.130 D/JioLauncher( 4977): isInactivityPopupDisplaying-{"inactivity_status_modified_time":1740427177007,"inactivity_status":false,"inactivity_window_timeout":120000}
07-07 11:15:58.131 D/JioLauncher( 4977): inactivity_status-false- result-false
07-07 11:15:58.132 D/JioLauncher( 4977): block-apps 1 null false
07-07 11:15:58.132 D/JioLauncher( 4977): global-key-unblock-all-key
07-07 11:15:58.169 D/JioLauncher( 4977): block-apps -1 null false
07-07 11:15:58.169 D/JioLauncher( 4977): global-key-block-all-key--others
07-07 11:15:58.178 D/JioLauncher( 4977): diagnosis-block-false
07-07 11:15:58.188 D/JioLauncher( 4977): getSSID-<unknown ssid>
07-07 11:15:58.200 W/APM::AudioPolicyEngine( 3647): getDevicesForStrategy() unknown strategy: -1
07-07 11:15:58.203 W/APM::AudioPolicyEngine( 3647): getDevicesForStrategy() unknown strategy: -1
07-07 11:15:58.260 I/chatty  ( 3731): uid=1046(mediacodec) omx@1.0-service expire 2 lines
07-07 11:15:58.314 I/chatty  ( 3731): uid=1046(mediacodec) omx@1.0-service expire 3 lines
07-07 11:15:58.389 W/AudioFlinger( 3647): createTrack_l(): mismatch between requested flags (00000008) and output flags (00000002)
07-07 11:15:58.390 D/AudioFlinger( 3647): Client defaulted notificationFrames to 8200 for frameCount 16400
07-07 11:15:58.392 D/AF::TrackHandle( 3647): OpPlayAudio: track:150 usage:1 not muted
07-07 11:15:58.402 I/chatty  ( 3731): uid=1046(mediacodec) omx@1.0-service expire 1 line
07-07 11:15:58.470 W/APM::AudioPolicyEngine( 3647): getDevicesForStrategy() unknown strategy: -1
07-07 11:15:58.472 W/APM::AudioPolicyEngine( 3647): getDevicesForStrategy() unknown strategy: -1
07-07 11:15:58.478 I/chatty  ( 3818): uid=1000(system) Binder:3818_16 expire 16 lines
07-07 11:15:58.514 W/APM::AudioPolicyEngine( 3647): getDevicesForStrategy() unknown strategy: -1
07-07 11:15:58.517 W/APM::AudioPolicyEngine( 3647): getDevicesForStrategy() unknown strategy: -1
07-07 11:15:58.639 I/chatty  ( 3731): uid=1046(mediacodec) omx@1.0-service expire 2 lines
07-07 11:15:58.665 I/chatty  ( 3731): uid=1046(mediacodec) omx@1.0-service expire 3 lines
07-07 11:15:58.673 E/ocessService0:( 5663): failed to create Unix domain socket: Operation not permitted
07-07 11:15:58.692 D/JioStbInactivityTimer( 4111): Timer: count 1 warningTimeout:-120 timeout:0
07-07 11:15:58.775 W/APM::AudioPolicyEngine( 3647): getDevicesForStrategy() unknown strategy: -1
07-07 11:15:58.776 W/APM::AudioPolicyEngine( 3647): getDevicesForStrategy() unknown strategy: -1
07-07 11:15:58.816 I/chatty  ( 3731): uid=1046(mediacodec) omx@1.0-service expire 1 line
07-07 11:15:58.827 W/AudioFlinger( 3647): createTrack_l(): mismatch between requested flags (00000008) and output flags (00000002)
07-07 11:15:58.827 D/AudioFlinger( 3647): Client defaulted notificationFrames to 8200 for frameCount 16400
07-07 11:15:58.832 D/AF::TrackHandle( 3647): OpPlayAudio: track:151 usage:1 not muted
07-07 11:15:58.982 W/APM::AudioPolicyEngine( 3647): getDevicesForStrategy() unknown strategy: -1
07-07 11:15:58.982 W/APM::AudioPolicyEngine( 3647): getDevicesForStrategy() unknown strategy: -1
07-07 11:15:59.031 I/chatty  ( 3731): uid=1046(mediacodec) omx@1.0-service expire 2 lines
07-07 11:15:59.087 I/chatty  ( 3731): uid=1046(mediacodec) omx@1.0-service expire 3 lines
07-07 11:15:59.218 I/chatty  ( 3731): uid=1046(mediacodec) omx@1.0-service expire 1 line
07-07 11:15:59.234 W/AudioFlinger( 3647): createTrack_l(): mismatch between requested flags (00000008) and output flags (00000002)
07-07 11:15:59.237 D/AudioFlinger( 3647): Client defaulted notificationFrames to 8200 for frameCount 16400
07-07 11:15:59.243 D/AF::TrackHandle( 3647): OpPlayAudio: track:152 usage:1 not muted
07-07 11:15:59.254 W/APM::AudioPolicyEngine( 3647): getDevicesForStrategy() unknown strategy: -1
07-07 11:15:59.259 W/APM::AudioPolicyEngine( 3647): getDevicesForStrategy() unknown strategy: -1
07-07 11:15:59.259 W/APM::AudioPolicyEngine( 3647): getDevicesForStrategy() unknown strategy: -1
07-07 11:15:59.412 I/ThermalService( 4166): CPU temperatures: [75.100006]
07-07 11:15:59.415 W/APM::AudioPolicyEngine( 3647): getDevicesForStrategy() unknown strategy: -1
07-07 11:15:59.415 W/APM::AudioPolicyEngine( 3647): getDevicesForStrategy() unknown strategy: -1
07-07 11:15:59.477 I/chatty  ( 3731): uid=1046(mediacodec) omx@1.0-service expire 2 lines
07-07 11:15:59.546 I/chatty  ( 3731): uid=1046(mediacodec) omx@1.0-service expire 3 lines
07-07 11:15:59.687 W/APM::AudioPolicyEngine( 3647): getDevicesForStrategy() unknown strategy: -1
07-07 11:15:59.689 W/APM::AudioPolicyEngine( 3647): getDevicesForStrategy() unknown strategy: -1
07-07 11:15:59.693 D/JioStbInactivityTimer( 4111): Timer: count 1 warningTimeout:-120 timeout:0
07-07 11:15:59.742 I/chatty  ( 3731): uid=1046(mediacodec) omx@1.0-service expire 1 line
07-07 11:15:59.806 W/AudioFlinger( 3647): createTrack_l(): mismatch between requested flags (00000008) and output flags (00000002)
07-07 11:15:59.806 D/AudioFlinger( 3647): Client defaulted notificationFrames to 8200 for frameCount 16400
07-07 11:15:59.810 D/AF::TrackHandle( 3647): OpPlayAudio: track:153 usage:1 not muted
07-07 11:15:59.839 I/e.swalekh.abct( 4504): oneway function results will be dropped but finished with status OK and parcel size 4
07-07 11:15:59.887 I/chatty  ( 7198): uid=1000(system) RxComputationTh expire 2 lines
07-07 11:15:59.951 W/APM::AudioPolicyEngine( 3647): getDevicesForStrategy() unknown strategy: -1
07-07 11:15:59.952 W/APM::AudioPolicyEngine( 3647): getDevicesForStrategy() unknown strategy: -1
07-07 11:16:00.005 I/chatty  ( 3731): uid=1046(mediacodec) omx@1.0-service expire 2 lines
07-07 11:16:00.036 I/chatty  ( 3731): uid=1046(mediacodec) omx@1.0-service expire 3 lines
07-07 11:16:00.158 I/chatty  ( 3731): uid=1046(mediacodec) omx@1.0-service expire 1 line
07-07 11:16:00.210 W/APM::AudioPolicyEngine( 3647): getDevicesForStrategy() unknown strategy: -1
07-07 11:16:00.213 W/APM::AudioPolicyEngine( 3647): getDevicesForStrategy() unknown strategy: -1
