06-24 22:11:00.466 W/[10957.327800@3]- RTW(    0): fill_default_txdesc(wlan0): SP Packet(0x0806) rate=0x4 SeqNum = 2446
06-24 22:11:01.985 W/[10958.843961@3]- RTW(    0): Turbo EDCA =0x5ea42b
06-24 22:11:04.001 W/[10960.860037@0]- RTW(    0): Turbo EDCA =0xa42b
06-24 22:11:06.017 W/[10962.876003@0]- RTW(    0): Turbo EDCA =0x5ea42b
06-24 22:11:06.201 W/[10963.061869@1]- RTW(    0): fill_default_txdesc(wlan0): SP Packet(0x0806) rate=0x4 SeqNum = 55
06-24 22:11:11.449 W/[10968.309234@0]- RTW(    0): fill_default_txdesc(wlan0): SP Packet(0x0806) rate=0x4 SeqNum = 261
06-24 22:11:14.080 W/[10970.939924@0]- RTW(    0): Turbo EDCA =0xa42b
06-24 22:10:56.403 I/chatty  ( 3824): uid=1000(system) android.bg identical 3 lines
06-24 22:11:06.509 I/UsageStatsService( 3824): User[0] Flushing usage stats to disk
06-24 22:11:14.563 D/AutofillManagerService( 3824): onBackKeyPressed()
06-24 22:11:14.613 I/        (    0): [10971.475183@1]- is_reset=1
06-24 22:11:14.619 I/[10971.475978@1]- vframe_rate_uevent(    0): sent uevent FRAME_RATE_HINT=0
06-24 22:11:14.620 I/[10971.477479@3]- dim(    0): ch[1]:di_receiver_event_fun,1:_UNREG
06-24 22:11:14.620 E/[10971.477520@3]- unreg(    0): v4lvideo
06-24 22:11:14.620 I/[10971.477581@0]- dim(    0): unreg:2keep[4], msk:[0x0,0x0]
06-24 22:11:14.628 I/[10971.488915@0]- dim(    0): unreg:use[11]ms
06-24 22:11:14.628 D/        (    0): [10971.488973@0]- vdec_disable_DMC input->target= 0x0
06-24 22:11:14.628 D/[10971.489097@0]- 0(    0): vh264_stop
06-24 22:11:14.629 D/        (    0): [10971.491274@0]- vdec_release instance 00000000e6ba643e, total 1 id = 0
06-24 22:11:14.630 D/        (    0): [10971.491459@0]- the clk_vdec_mux    clock off, ref cnt: 0
06-24 22:11:14.630 D/        (    0): [10971.491469@0]- the vdec            clock off, ref cnt: 0
06-24 22:11:14.630 D/        (    0): [10971.491473@0]- the parser_top      clock off, ref cnt: 1
06-24 22:11:14.630 D/        (    0): [10971.491477@0]- the demux           clock off, ref cnt: 1
06-24 22:11:14.630 D/        (    0): [10971.491667@0]- the demux           clock on, ref cnt: 2
06-24 22:11:14.630 D/        (    0): [10971.491673@0]- the parser_top      clock on, ref cnt: 2
06-24 22:11:14.630 D/        (    0): [10971.491681@0]- the vdec            clock on, ref cnt: 1
06-24 22:11:14.630 D/        (    0): [10971.491710@0]- the clk_vdec_mux    clock on, ref cnt: 1
06-24 22:11:14.630 D/        (    0): [10971.491741@0]- vdec mux clock is 499999992 Hz
06-24 22:11:14.630 D/        (    0): [10971.492022@0]- vdec_create instance 000000008a874ebe, total 1, PM: legacy
06-24 22:11:14.630 D/        (    0): [10971.492072@0]- no drmmode
06-24 22:11:14.630 I/        (    0): [10971.492143@0]- is_reset=1
06-24 22:11:14.630 I/        (    0): [10971.492172@0]- vdec_init, dev_name:ammvdec_h264, vdec_type=VDEC_TYPE_FRAME_BLOCK  id = 0
06-24 22:11:14.637 D/        (    0): [10971.493028@0]- ammvdec_h264_mmu_init tvp = 0x0 mmu_enable 0
06-24 22:11:14.644 D/        (    0): [10971.493036@0]- decoder_bmmu_box_alloc_box, tvp_flags = 0
06-24 22:11:14.644 D/[10971.493055@0]- 0(    0): ammvdec_h264_probe mmu_enable 0 double_write_mode 0x10
06-24 22:11:14.644 D/[10971.494178@0]- 0(    0): ammvdec_h264 mem-addr=0,buff_offset=56c10000,buf_start=56c00000
06-24 22:11:14.644 D/        (    0): [10971.494223@0]- vdec mux clock is 666666656 Hz
06-24 22:11:14.644 D/        (    0): [10971.494305@0]- vdec1 video changed to 3840 x 2160 60 fps clk->667MHZ
06-24 22:11:14.644 W/        (    0): [10971.494312@0]- H264 sysinfo: 1920x1080 duration=4000, pts_outside=1
06-24 22:11:14.644 D/        (    0): [10971.494345@0]- sync_outside=0, use_idr_framerate=0, is_used_v4l: 0
06-24 22:11:14.644 I/        (    0): [10971.494535@0]- [TEE], the fw (h264_multi) will be loaded.
06-24 22:11:14.644 D/        (    0): [10971.495285@1]- vh264_init, phy_addr=7446e000 vaddr=000000005b7a594d
06-24 22:11:14.644 D/        (    0): [10971.497011@2]- vfm map vdec-map-0 created
06-24 22:11:14.644 I/[10971.497033@2]- dim(    0): ch[1]:di_receiver_event_fun,8:_REG
06-24 22:11:14.644 I/[10971.497040@2]- dim(    0): reg:vdec.h264.00[97]
06-24 22:11:14.644 I/[10971.497603@2]- dim(    0): reg:use[0]ms
06-24 22:11:14.644 E/[10971.497630@2]- reg(    0): v4lvideo
06-24 22:11:14.644 I/[10971.497639@2]- dim(    0): ch[1]:di_receiver_event_fun,3:_START
06-24 22:11:14.644 D/        (    0): [10971.497645@2]- vdec_init, vf_provider_name = vdec.h264.00, b 0
06-24 22:11:14.644 I/        (    0): [10971.501547@2]- vdec->port_flag=0x102, port_flag=0x10b
06-24 22:11:14.644 I/        (    0): [10971.501668@2]- is_reset=0
06-24 22:11:14.657 I/        (    0): [10971.518970@2]- is_reset=1
06-24 22:11:14.657 I/[10971.519231@2]- vframe_rate_uevent(    0): sent uevent FRAME_RATE_HINT=0
06-24 22:11:14.657 I/[10971.519278@2]- dim(    0): ch[1]:di_receiver_event_fun,1:_UNREG
06-24 22:11:14.657 E/[10971.519291@2]- unreg(    0): v4lvideo
06-24 22:11:14.658 I/[10971.520185@3]- dim(    0): unreg:use[1]ms
06-24 22:11:14.658 D/        (    0): [10971.520248@3]- vdec_disable_DMC input->target= 0x0
06-24 22:11:14.662 D/[10971.520778@3]- 0(    0): vh264_stop
06-24 22:11:14.662 D/        (    0): [10971.521331@3]- vdec_release instance 000000008a874ebe, total 1 id = 0
06-24 22:11:14.662 D/        (    0): [10971.521504@3]- the clk_vdec_mux    clock off, ref cnt: 0
06-24 22:11:14.662 D/        (    0): [10971.521513@3]- the vdec            clock off, ref cnt: 0
06-24 22:11:14.662 D/        (    0): [10971.521517@3]- the parser_top      clock off, ref cnt: 1
06-24 22:11:14.662 D/        (    0): [10971.521521@3]- the demux           clock off, ref cnt: 1
06-24 22:11:14.662 D/        (    0): [10971.521575@3]- the demux           clock on, ref cnt: 2
06-24 22:11:14.662 D/        (    0): [10971.521581@3]- the parser_top      clock on, ref cnt: 2
06-24 22:11:14.662 D/        (    0): [10971.521587@3]- the vdec            clock on, ref cnt: 1
06-24 22:11:14.662 D/        (    0): [10971.521606@3]- the clk_vdec_mux    clock on, ref cnt: 1
06-24 22:11:14.662 D/        (    0): [10971.521638@3]- vdec mux clock is 499999992 Hz
06-24 22:11:14.662 D/        (    0): [10971.521827@3]- vdec_create instance 00000000e5907f6e, total 1, PM: legacy
06-24 22:11:14.662 D/        (    0): [10971.521868@3]- no drmmode
06-24 22:11:14.662 I/        (    0): [10971.521895@3]- is_reset=1
06-24 22:11:14.663 I/        (    0): [10971.521921@3]- vdec_init, dev_name:ammvdec_h264, vdec_type=VDEC_TYPE_FRAME_BLOCK  id = 0
06-24 22:11:14.663 D/        (    0): [10971.522694@3]- ammvdec_h264_mmu_init tvp = 0x0 mmu_enable 0
06-24 22:11:14.663 D/        (    0): [10971.522702@3]- decoder_bmmu_box_alloc_box, tvp_flags = 0
06-24 22:11:14.663 D/[10971.522722@3]- 0(    0): ammvdec_h264_probe mmu_enable 0 double_write_mode 0x10
06-24 22:11:14.663 D/[10971.525863@3]- 0(    0): ammvdec_h264 mem-addr=0,buff_offset=56c10000,buf_start=56c00000
06-24 22:11:14.664 D/        (    0): [10971.525908@3]- vdec mux clock is 666666656 Hz
06-24 22:11:14.664 D/        (    0): [10971.525913@3]- vdec1 video changed to 3840 x 2160 60 fps clk->667MHZ
06-24 22:11:14.664 W/        (    0): [10971.525919@3]- H264 sysinfo: 1920x1080 duration=4000, pts_outside=1
06-24 22:11:14.664 D/        (    0): [10971.525923@3]- sync_outside=0, use_idr_framerate=0, is_used_v4l: 0
06-24 22:11:14.664 I/        (    0): [10971.526005@3]- [TEE], the fw (h264_multi) will be loaded.
06-24 22:11:14.665 D/        (    0): [10971.527119@2]- vh264_init, phy_addr=7446e000 vaddr=00000000c90e63c1
06-24 22:11:14.665 D/        (    0): [10971.527396@2]- vfm map vdec-map-0 created
06-24 22:11:14.665 I/[10971.527418@2]- dim(    0): ch[1]:di_receiver_event_fun,8:_REG
06-24 22:11:14.665 I/[10971.527424@2]- dim(    0): reg:vdec.h264.00[98]
06-24 22:11:14.668 I/[10971.527983@3]- dim(    0): reg:use[0]ms
06-24 22:11:14.668 E/[10971.528009@3]- reg(    0): v4lvideo
06-24 22:11:14.668 I/[10971.528018@3]- dim(    0): ch[1]:di_receiver_event_fun,3:_START
06-24 22:11:14.668 D/        (    0): [10971.528024@3]- vdec_init, vf_provider_name = vdec.h264.00, b 0
06-24 22:11:14.668 I/        (    0): [10971.528799@3]- vdec->port_flag=0x102, port_flag=0x10b
06-24 22:11:14.668 I/        (    0): [10971.528963@3]- is_reset=0
06-24 22:11:14.681 I/[10971.539778@2]- vframe_rate_uevent(    0): sent uevent FRAME_RATE_HINT=0
06-24 22:11:14.684 I/[10971.539831@2]- dim(    0): ch[1]:di_receiver_event_fun,1:_UNREG
06-24 22:11:14.684 E/[10971.539844@2]- unreg(    0): v4lvideo
06-24 22:11:14.686 I/[10971.540405@1]- dim(    0): unreg:use[1]ms
06-24 22:11:14.686 D/        (    0): [10971.540438@1]- vdec_disable_DMC input->target= 0x0
06-24 22:11:14.686 D/[10971.540559@1]- 0(    0): vh264_stop
06-24 22:11:14.686 D/        (    0): [10971.541026@1]- vdec_release instance 00000000e5907f6e, total 1 id = 0
06-24 22:11:14.687 D/        (    0): [10971.541208@1]- the clk_vdec_mux    clock off, ref cnt: 0
06-24 22:11:14.687 D/        (    0): [10971.541219@1]- the vdec            clock off, ref cnt: 0
06-24 22:11:14.687 D/        (    0): [10971.541223@1]- the parser_top      clock off, ref cnt: 1
06-24 22:11:14.687 D/        (    0): [10971.541227@1]- the demux           clock off, ref cnt: 1
06-24 22:11:14.687 D/        (    0): [10971.541259@1]d v4lvideo_release_map 0 OK
06-24 22:11:14.687 D/[10971.541444@1]- v4lvid(    0): dbg: vidioc_close!!!!
06-24 22:11:14.687 I/[10971.542467@1]- resman(    0): 94 release [codec_mm]
06-24 22:11:14.906 I/[10971.768276@1]- vc(    0): [0]vc: set enable index=0, val=0
06-24 22:11:14.906 I/[10971.768294@1]- VID(    0): store VD0 path_id changed 2->-1
06-24 22:11:14.907 I/        (    0): [10971.768298@1]- dev->index =0, val=1
06-24 22:11:14.907 I/[10971.768302@1]- VID(    0): VD1 off
06-24 22:11:14.907 I/[10971.768308@1]- VID(    0): VD1 set global output as 0
06-24 22:11:14.907 I/        (    0): [10971.768325@1]- common_vf_unreg_provider video_render.0: vd1 used: true, vd2 used: false, black_out:0, cur_buf:00000000269fa9eb
06-24 22:11:16.094 W/[10972.955886@1]- RTW(    0): Turbo EDCA =0x5ea42b
06-24 22:11:16.128 W/[10972.987729@3]- RTW(    0): fill_default_txdesc(wlan0): SP Packet(0x0806) rate=0x4 SeqNum = 1079
06-24 22:11:16.321 W/[10973.182285@3]- RTW(    0): fill_default_txdesc(wlan0): SP Packet(0x0806) rate=0x4 SeqNum = 1089
06-24 22:11:16.612 I/UsageStatsService( 3824): User[0] Flushing usage stats to disk
06-24 22:11:20.453 W/        (    0): [10977.314760@1]h gpu debug, next index above max-1, set to 2
06-24 22:11:21.101 W/[10977.960349@1]- RTW(    0): cfg80211_rtw_scan(wlan0)
06-24 22:11:21.101 W/[10977.960373@1]- RTW(    0): cfg80211_rtw_scan (wlan0) tx:221, rx:73, bi:294 kbps, disallow(0)
06-24 22:11:21.109 W/[10977.968455@0]- RTW(    0): [HW_VAR_CHECK_TXBUF] Empty in 4 ms
06-24 22:11:21.109 W/[10977.968616@0]- RTW(    0): wlan0 sleep m0=0x00000003, ori reg_0x4d4=0x00000000
06-24 22:11:21.817 W/[10978.676682@0]- RTW(    0): LeaveAllPowerSaveModeDirect.....
06-24 22:11:21.817 W/[10978.676708@0]- RTW(    0): LeaveAllPowerSaveModeDirect: Driver Already Leave LPS
06-24 22:11:21.817 W/[10978.676740@0]- RTW(    0): rtw_hal_set_macaddr_port wlan0- hw port(0) mac_addr =6c:e8:c6:c6:9d:9c
06-24 22:11:21.817 W/[10978.677485@0]- RTW(    0): wlan0- hw port(0) mac_addr =6c:e8:c6:c6:9d:9c
06-24 22:11:21.817 W/[10978.677784@0]- RTW(    0): p2p0- hw port(1) mac_addr =6e:e8:c6:c6:9d:9c
06-24 22:11:21.837 W/[10978.698199@3]- RTW(    0): wlan0 wakeup m0=0x00000003, ori reg_0x4d4=0x00000003
06-24 22:11:21.837 W/[10978.699044@2]- RTW(    0): survey done event(31) band:0 for wlan0
06-24 22:11:21.837 W/        (    0): [10978.699066@2]- ========== ACS (VER-3) ==========
06-24 22:11:21.837 W/        (    0): [10978.699073@2]- Best 24G Channel:2
06-24 22:11:21.837 W/        (    0): [10978.699079@2]- Best 5G Channel:40
06-24 22:11:21.838 W/        (    0): [10978.699079@2]-
06-24 22:11:21.838 W/[10978.699174@2]- RTW(    0): rtw_indicate_scan_done(wlan0)
06-24 22:11:21.841 W/[10978.701227@1]- RTW(    0): fill_default_txdesc(wlan0): SP Packet(0x0806) rate=0x4 SeqNum = 1519
06-24 22:11:22.101 D/AutofillManagerService( 3824): onBackKeyPressed()
06-24 22:11:23.351 D/InputMethodManagerService( 3824): Top Package Name: in.startv.hotstar
06-24 22:11:23.356 W/ContextImpl( 3824): Calling a method in the system process without a qualified user: android.app.ContextImpl.sendBroadcast:1111 com.android.server.inputmethod.InputMethodManagerService.sendSoftInputVisibilityBroadcast:3258 com.android.server.inputmethod.InputMethodManagerService.showCurrentInputLocked:3231 com.android.server.inputmethod.InputMethodManagerService.showMySoftInput:4198 com.android.server.inputmethod.InputMethodManagerService.access$4100:189 
06-24 22:11:23.360 D/InputMethodManagerService( 3824): Top Package Name: in.startv.hotstar
06-24 22:11:23.361 W/ContextImpl( 3824): Calling a method in the system process without a qualified user: android.app.ContextImpl.sendBroadcast:1111 com.android.server.inputmethod.InputMethodManagerService.sendSoftInputVisibilityBroadcast:3258 com.android.server.inputmethod.InputMethodManagerService.showCurrentInputLocked:3231 com.android.server.inputmethod.InputMethodManagerService.showSoftInput:3153 com.android.internal.view.IInputMethodManager$Stub.onTransact:304 
06-24 22:11:23.364 W/ContextImpl( 3824): Calling a method in the system process without a qualified user: android.app.ContextImpl.sendBroadcast:1111 com.android.server.inputmethod.InputMethodManagerService.sendSoftInputVisibilityBroadcast:3258 com.android.server.inputmethod.InputMethodManagerService.hideCurrentInputLocked:3330 com.android.server.inputmethod.InputMethodManagerService.hideMySoftInput:4180 com.android.server.inputmethod.InputMethodManagerService.access$4000:189 
06-24 22:11:23.390 D/InputMethodManagerService( 3824): Top Package Name: in.startv.hotstar
06-24 22:11:23.402 W/ContextImpl( 3824): Calling a method in the system process without a qualified user: android.app.ContextImpl.sendBroadcast:1111 com.android.server.inputmethod.InputMethodManagerService.sendSoftInputVisibilityBroadcast:3258 com.android.server.inputmethod.InputMethodManagerService.showCurrentInputLocked:3231 com.android.server.inputmethod.InputMethodManagerService.showMySoftInput:4198 com.android.server.inputmethod.InputMethodManagerService.access$4100:189 
06-24 22:11:23.446 D/InputMethodManagerService( 3824): Top Package Name: in.startv.hotstar
06-24 22:11:23.447 W/ContextImpl( 3824): Calling a method in the system process without a qualified user: android.app.ContextImpl.sendBroadcast:1111 com.android.server.inputmethod.InputMethodManagerService.sendSoftInputVisibilityBroadcast:3258 com.android.server.inputmethod.InputMethodManagerService.showCurrentInputLocked:3231 com.android.server.inputmethod.InputMethodManagerService.showMySoftInput:4198 com.android.server.inputmethod.InputMethodManagerService.access$4100:189 
06-24 22:11:23.567 D/InputMethodManagerService( 3824): Top Package Name: in.startv.hotstar
06-24 22:11:23.568 W/ContextImpl( 3824): Calling a method in the system process without a qualified user: android.app.ContextImpl.sendBroadcast:1111 com.android.server.inputmethod.InputMethodManagerService.sendSoftInputVisibilityBroadcast:3258 com.android.server.inputmethod.InputMethodManagerService.showCurrentInputLocked:3231 com.android.server.inputmethod.InputMethodManagerService.showMySoftInput:4198 com.android.server.inputmethod.InputMethodManagerService.access$4100:189 
06-24 22:11:23.593 W/NotificationHistory( 3824): Attempted to add notif for locked/gone/disabled user 0
06-24 22:11:23.636 D/InputMethodManagerService( 3824): Top Package Name: in.startv.hotstar
06-24 22:11:23.636 W/ContextImpl( 3824): Calling a method in the system process without a qualified user: android.app.ContextImpl.sendBroadcast:1111 com.android.server.inputmethod.InputMethodManagerService.sendSoftInputVisibilityBroadcast:3258 com.android.server.inputmethod.InputMethodManagerService.showCurrentInputLocked:3231 com.android.server.inputmethod.InputMethodManagerService.showMySoftInput:4198 com.android.server.inputmethod.InputMethodManagerService.access$4100:189 
06-24 22:11:23.847 W/NotificationHistory( 3824): Attempted to add notif for locked/gone/disabled user 0
06-24 22:11:24.381 D/InputMethodManagerService( 3824): Top Package Name: in.startv.hotstar
06-24 22:11:24.382 W/ContextImpl( 3824): Calling a method in the system process without a qualified user: android.app.ContextImpl.sendBroadcast:1111 com.android.server.inputmethod.InputMethodManagerService.sendSoftInputVisibilityBroadcast:3258 com.android.server.inputmethod.InputMethodManagerService.showCurrentInputLocked:3231 com.android.server.inputmethod.InputMethodManagerService.attachNewInputLocked:2397 com.android.server.inputmethod.InputMethodManagerService.startInputUncheckedLocked:2503 
06-24 22:11:24.385 D/InputMethodManagerService( 3824): Top Package Name: in.startv.hotstar
06-24 22:11:24.386 W/ContextImpl( 3824): Calling a method in the system process without a qualified user: android.app.ContextImpl.sendBroadcast:1111 com.android.server.inputmethod.InputMethodManagerService.sendSoftInputVisibilityBroadcast:3258 com.android.server.inputmethod.InputMethodManagerService.showCurrentInputLocked:3231 com.android.server.inputmethod.InputMethodManagerService.showMySoftInput:4198 com.android.server.inputmethod.InputMethodManagerService.access$4100:189 
06-24 22:11:24.535 D/InputMethodManagerService( 3824): Top Package Name: in.startv.hotstar
06-24 22:11:24.536 W/ContextImpl( 3824): Calling a method in the system process without a qualified user: android.app.ContextImpl.sendBroadcast:1111 com.android.server.inputmethod.InputMethodManagerService.sendSoftInputVisibilityBroadcast:3258 com.android.server.inputmethod.InputMethodManagerService.showCurrentInputLocked:3231 com.android.server.inputmethod.InputMethodManagerService.showMySoftInput:4198 com.android.server.inputmethod.InputMethodManagerService.access$4100:189 
06-24 22:11:25.126 D/InputMethodManagerService( 3824): Top Package Name: in.startv.hotstar
06-24 22:11:25.127 W/ContextImpl( 3824): Calling a method in the system process without a qualified user: android.app.ContextImpl.sendBroadcast:1111 com.android.server.inputmethod.InputMethodManagerService.sendSoftInputVisibilityBroadcast:3258 com.android.server.inputmethod.InputMethodManagerService.showCurrentInputLocked:3231 com.android.server.inputmethod.InputMethodManagerService.attachNewInputLocked:2397 com.android.server.inputmethod.InputMethodManagerService.startInputUncheckedLocked:2503 
06-24 22:11:25.129 D/InputMethodManagerService( 3824): Top Package Name: in.startv.hotstar
06-24 22:11:25.130 W/ContextImpl( 3824): Calling a method in the system process without a qualified user: android.app.ContextImpl.sendBroadcast:1111 com.android.server.inputmethod.InputMethodManagerService.sendSoftInputVisibilityBroadcast:3258 com.android.server.inputmethod.InputMethodManagerService.showCurrentInputLocked:3231 com.android.server.inputmethod.InputMethodManagerService.showMySoftInput:4198 com.android.server.inputmethod.InputMethodManagerService.access$4100:189 
06-24 22:11:25.161 D/InputMethodManagerService( 3824): Top Package Name: in.startv.hotstar
06-24 22:11:25.161 W/ContextImpl( 3824): Calling a method in the system process without a qualified user: android.app.ContextImpl.sendBroadcast:1111 com.android.server.inputmethod.InputMethodManagerService.sendSoftInputVisibilityBroadcast:3258 com.android.server.inputmethod.InputMethodManagerService.showCurrentInputLocked:3231 com.android.server.inputmethod.InputMethodManagerService.showMySoftInput:4198 com.android.server.inputmethod.InputMethodManagerService.access$4100:189 
06-24 22:11:26.133 D/AutofillManagerService( 3824): onBackKeyPressed()
06-24 22:11:26.136 W/ContextImpl( 3824): Calling a method in the system process without a qualified user: android.app.ContextImpl.sendBroadcast:1111 com.android.server.inputmethod.InputMethodManagerService.sendSoftInputVisibilityBroadcast:3258 com.android.server.inputmethod.InputMethodManagerService.hideCurrentInputLocked:3330 com.android.server.inputmethod.InputMethodManagerService.hideMySoftInput:4180 com.android.server.inputmethod.InputMethodManagerService.access$4000:189 
06-24 22:11:26.481 W/[10983.342927@2]- RTW(    0): fill_default_txdesc(wlan0): SP Packet(0x0806) rate=0x4 SeqNum = 2104
06-24 22:11:26.709 I/UsageStatsService( 3824): User[0] Flushing usage stats to disk
06-24 22:11:28.310 D/InputMethodManagerService( 3824): Top Package Name: in.startv.hotstar
06-24 22:11:28.313 W/ContextImpl( 3824): Calling a method in the system process without a qualified user: android.app.ContextImpl.sendBroadcast:1111 com.android.server.inputmethod.InputMethodManagerService.sendSoftInputVisibilityBroadcast:3258 com.android.server.inputmethod.InputMethodManagerService.showCurrentInputLocked:3231 com.android.server.inputmethod.InputMethodManagerService.showMySoftInput:4198 com.android.server.inputmethod.InputMethodManagerService.access$4100:189 
06-24 22:11:28.315 W/ContextImpl( 3824): Calling a method in the system process without a qualified user: android.app.ContextImpl.sendBroadcast:1111 com.android.server.inputmethod.InputMethodManagerService.sendSoftInputVisibilityBroadcast:3258 com.android.server.inputmethod.InputMethodManagerService.hideCurrentInputLocked:3330 com.android.server.inputmethod.InputMethodManagerService.hideSoftInput:3290 com.android.internal.view.IInputMethodManager$Stub.onTransact:325 
06-24 22:11:28.326 W/ContextImpl( 3824): Calling a method in the system process without a qualified user: android.app.ContextImpl.sendBroadcast:1111 com.android.server.inputmethod.InputMethodManagerService.sendSoftInputVisibilityBroadcast:3258 com.android.server.inputmethod.InputMethodManagerService.hideCurrentInputLocked:3330 com.android.server.inputmethod.InputMethodManagerService.hideSoftInput:3290 com.android.internal.view.IInputMethodManager$Stub.onTransact:325 
06-24 22:11:28.327 D/InputMethodManagerService( 3824): Top Package Name: in.startv.hotstar
06-24 22:11:28.331 W/ContextImpl( 3824): Calling a method in the system process without a qualified user: android.app.ContextImpl.sendBroadcast:1111 com.android.server.inputmethod.InputMethodManagerService.sendSoftInputVisibilityBroadcast:3258 com.android.server.inputmethod.InputMethodManagerService.showCurrentInputLocked:3231 com.android.server.inputmethod.InputMethodManagerService.showMySoftInput:4198 com.android.server.inputmethod.InputMethodManagerService.access$4100:189 
06-24 22:11:28.333 W/ContextImpl( 3824): Calling a method in the system process without a qualified user: android.app.ContextImpl.sendBroadcast:1111 com.android.server.inputmethod.InputMethodManagerService.sendSoftInputVisibilityBroadcast:3258 com.android.server.inputmethod.InputMethodManagerService.hideCurrentInputLocked:3330 com.android.server.inputmethod.InputMethodManagerService.hideSoftInput:3290 com.android.internal.view.IInputMethodManager$Stub.onTransact:325 
06-24 22:11:28.355 W/ContextImpl( 3824): Calling a method in the system process without a qualified user: android.app.ContextImpl.sendBroadcast:1111 com.android.server.inputmethod.InputMethodManagerService.sendSoftInputVisibilityBroadcast:3258 com.android.server.inputmethod.InputMethodManagerService.hideCurrentInputLocked:3330 com.android.server.inputmethod.InputMethodManagerService.hideSoftInput:3290 com.android.internal.view.IInputMethodManager$Stub.onTransact:325 
06-24 22:11:28.394 D/InputMethodManagerService( 3824): Top Package Name: in.startv.hotstar
06-24 22:11:28.398 W/ContextImpl( 3824): Calling a method in the system process without a qualified user: android.app.ContextImpl.sendBroadcast:1111 com.android.server.inputmethod.InputMethodManagerService.sendSoftInputVisibilityBroadcast:3258 com.android.server.inputmethod.InputMethodManagerService.showCurrentInputLocked:3231 com.android.server.inputmethod.InputMethodManagerService.showMySoftInput:4198 com.android.server.inputmethod.InputMethodManagerService.access$4100:189 
06-24 22:11:28.410 D/InputMethodManagerService( 3824): Top Package Name: in.startv.hotstar
06-24 22:11:28.411 W/ContextImpl( 3824): Calling a method in the system process without a qualified user: android.app.ContextImpl.sendBroadcast:1111 com.android.server.inputmethod.InputMethodManagerService.sendSoftInputVisibilityBroadcast:3258 com.android.server.inputmethod.InputMethodManagerService.showCurrentInputLocked:3231 com.android.server.inputmethod.InputMethodManagerService.showMySoftInput:4198 com.android.server.inputmethod.InputMethodManagerService.access$4100:189 
06-24 22:11:28.418 D/InputMethodManagerService( 3824): Top Package Name: in.startv.hotstar
06-24 22:11:28.419 W/ContextImpl( 3824): Calling a method in the system process without a qualified user: android.app.ContextImpl.sendBroadcast:1111 com.android.server.inputmethod.InputMethodManagerService.sendSoftInputVisibilityBroadcast:3258 com.android.server.inputmethod.InputMethodManagerService.showCurrentInputLocked:3231 com.android.server.inputmethod.InputMethodManagerService.showMySoftInput:4198 com.android.server.inputmethod.InputMethodManagerService.access$4100:189 
06-24 22:11:28.522 D/InputMethodManagerService( 3824): Top Package Name: in.startv.hotstar
06-24 22:11:28.523 W/ContextImpl( 3824): Calling a method in the system process without a qualified user: android.app.ContextImpl.sendBroadcast:1111 com.android.server.inputmethod.InputMethodManagerService.sendSoftInputVisibilityBroadcast:3258 com.android.server.inputmethod.InputMethodManagerService.showCurrentInputLocked:3231 com.android.server.inputmethod.InputMethodManagerService.showMySoftInput:4198 com.android.server.inputmethod.InputMethodManagerService.access$4100:189 
06-24 22:11:28.531 W/NotificationHistory( 3824): Attempted to add notif for locked/gone/disabled user 0
06-24 22:11:28.628 W/NotificationHistory( 3824): Attempted to add notif for locked/gone/disabled user 0
06-24 22:11:28.648 D/InputMethodManagerService( 3824): Top Package Name: in.startv.hotstar
06-24 22:11:28.649 W/ContextImpl( 3824): Calling a method in the system process without a qualified user: android.app.ContextImpl.sendBroadcast:1111 com.android.server.inputmethod.InputMethodManagerService.sendSoftInputVisibilityBroadcast:3258 com.android.server.inputmethod.InputMethodManagerService.showCurrentInputLocked:3231 com.android.server.inputmethod.InputMethodManagerService.attachNewInputLocked:2397 com.android.server.inputmethod.InputMethodManagerService.startInputUncheckedLocked:2503 
06-24 22:11:28.729 D/InputMethodManagerService( 3824): Top Package Name: in.startv.hotstar
06-24 22:11:28.730 W/ContextImpl( 3824): Calling a method in the system process without a qualified user: android.app.ContextImpl.sendBroadcast:1111 com.android.server.inputmethod.InputMethodManagerService.sendSoftInputVisibilityBroadcast:3258 com.android.server.inputmethod.InputMethodManagerService.showCurrentInputLocked:3231 com.android.server.inputmethod.InputMethodManagerService.showMySoftInput:4198 com.android.server.inputmethod.InputMethodManagerService.access$4100:189 
06-24 22:11:28.817 W/ContextImpl( 3824): Calling a method in the system process without a qualified user: android.app.ContextImpl.sendBroadcast:1111 com.android.server.inputmethod.InputMethodManagerService.sendSoftInputVisibilityBroadcast:3258 com.android.server.inputmethod.InputMethodManagerService.hideCurrentInputLocked:3330 com.android.server.inputmethod.InputMethodManagerService.hideMySoftInput:4180 com.android.server.inputmethod.InputMethodManagerService.access$4000:189 
06-24 22:11:28.942 W/NotificationHistory( 3824): Attempted to add notif for locked/gone/disabled user 0
06-24 22:11:31.265 W/[10988.125372@2]- healthd(    0): battery l=100 v=4 t=0.0 h=2 st=2 c=1100 fc=10000000 chg=u
06-24 22:11:31.573 W/[10988.433464@2]- RTW(    0): fill_default_txdesc(wlan0): SP Packet(0x0806) rate=0x4 SeqNum = 2553
06-24 22:11:32.065 I/[10988.927421@1]- resman(    0): 95 appname:OMX-76, type=0
06-24 22:11:32.145 I/[10989.006217@1]- resman(    0): 95 acquire [codec_mm], preempt yes
06-24 22:11:32.145 I/[10989.006231@1]- resman(    0): 95 score 60 secure no
06-24 22:11:32.145 I/[10989.006236@1]- resman(    0): 95 acquire [codec_mm] success
06-24 22:11:32.146 D/        (    0): [10989.006317@1]- the demux           clock on, ref cnt: 2
06-24 22:11:32.146 D/        (    0): [10989.006323@1]- the parser_top      clock on, ref cnt: 2
06-24 22:11:32.146 D/        (    0): [10989.006333@1]- the vdec            clock on, ref cnt: 1
06-24 22:11:32.146 D/        (    0): [10989.006356@1]- the clk_vdec_mux    clock on, ref cnt: 1
06-24 22:11:32.146 D/        (    0): [10989.006390@1]- vdec mux clock is 499999992 Hz
06-24 22:11:32.146 D/        (    0): [10989.006479@1]- vdec_create instance 000000005175d892, total 1, PM: legacy
06-24 22:11:32.146 D/        (    0): [10989.006518@1]- no drmmode
06-24 22:11:32.146 I/        (    0): [10989.006571@1]- is_reset=0
06-24 22:11:32.146 I/        (    0): [10989.006598@1]- vdec_init, dev_name:ammvdec_h264, vdec_type=VDEC_TYPE_FRAME_BLOCK  id = 0
06-24 22:11:32.146 D/        (    0): [10989.007423@1]- ammvdec_h264_mmu_init tvp = 0x0 mmu_enable 0
06-24 22:11:32.146 D/        (    0): [10989.007431@1]- decoder_bmmu_box_alloc_box, tvp_flags = 0
06-24 22:11:32.146 D/[10989.007450@1]- 0(    0): ammvdec_h264_probe mmu_enable 0 double_write_mode 0x10
06-24 22:11:32.146 D/[10989.009223@1]- 0(    0): ammvdec_h264 mem-addr=0,buff_offset=56c10000,buf_start=56c00000
06-24 22:11:32.146 D/        (    0): [10989.009266@1]- vdec mux clock is 666666656 Hz
06-24 22:11:32.147 D/        (    0): [10989.009271@1]- vdec1 video changed to 3840 x 2160 60 fps clk->667MHZ
06-24 22:11:32.147 W/        (    0): [10989.009277@1]- H264 sysinfo: 1920x1080 duration=3200, pts_outside=1
06-24 22:11:32.147 D/        (    0): [10989.009281@1]- sync_outside=0, use_idr_framerate=0, is_used_v4l: 0
06-24 22:11:32.147 I/        (    0): [10989.009459@1]- [TEE], the fw (h264_multi) will be loaded.
06-24 22:11:32.148 D/        (    0): [10989.009720@1]- vh264_init, phy_addr=7446e000 vaddr=00000000a870b25d
06-24 22:11:32.148 D/        (    0): [10989.009944@2]- vfm map vdec-map-0 created
06-24 22:11:32.148 I/[10989.009965@2]- dim(    0): ch[1]:di_receiver_event_fun,8:_REG
06-24 22:11:32.148 I/[10989.009971@2]- dim(    0): reg:vdec.h264.00[99]
06-24 22:11:32.148 I/[10989.010520@2]- dim(    0): reg:use[1]ms
06-24 22:11:32.148 E/[10989.010543@2]- reg(    0): v4lvideo
06-24 22:11:32.148 I/[10989.010551@2]- dim(    0): ch[1]:di_receiver_event_fun,3:_START
06-24 22:11:32.148 D/        (    0): [10989.010556@2]- vdec_init, vf_provider_name = vdec.h264.00, b 0
06-24 22:11:32.162 I/        (    0): [10989.013142@2]- vdec->port_flag=0x102, port_flag=0x10b
06-24 22:11:32.162 D/[10989.017512@2]- v4lvid(    0): dbg: v4lvideo open
06-24 22:11:32.225 W/[10989.084992@2]- RTW(    0): Turbo EDCA =0xa42b
06-24 22:11:32.265 D/[10989.096161@1]- 0(    0): AV_SCRATCH_1 = 841fe078, AV_SCRATCH_2 1a023
06-24 22:11:32.266 D/[10989.096229@1]- 0(    0): chroma_format_idc = 1 frame_mbs_only_flag 1, crop_bottom 8,  frame_height 1080,
06-24 22:11:32.266 D/[10989.096234@1]- 0(    0): mb_height 68,crop_right 0, frame_width 1920, mb_width 120
06-24 22:11:32.266 D/[10989.096240@1]- 0(    0): level_idc = 40 pic_size = 3133440 size = 4
06-24 22:11:32.266 D/[10989.096246@1]- 0(    0): mb height/widht/total: 44/78/1fe0 level_idc 28 max_ref_num 4
06-24 22:11:32.266 D/[10989.096251@1]- 0(    0): restriction_flag=1, max_dec_frame_buffering=4, dec_dpb_size=6 num_reorder_frames 2 used_reorder_dpb_size_margin 9
06-24 22:11:32.266 D/[10989.096256@1]- 0(    0): vh264_set_params active_buf_spec_num 15 dec_dpb_size 6 collocate_buf_num 8
06-24 22:11:32.317 D/[10989.178603@1]- 0(    0): num_ref_frames change from 0 to 4
06-24 22:11:32.327 I/[10989.186126@0]- dim(    0): value reg:ch[1]:fix_buf:0;ponly <0,0>
06-24 22:11:32.327 I/[10989.186144@0]- dim(    0): di_cnt_i_buf1:tvp:0
06-24 22:11:32.327 I/[10989.186499@2]- v4lvideo(    0): provider name: vdec.h264.00
06-24 22:11:32.356 D/        (    0): [10989.211734@1]- cal_dur_from_pts vstatus 3840 dur3600 -> 3840, revised 3840
06-24 22:11:32.356 I/[10989.211966@1]- vframe_rate_uevent(    0): sent uevent FRAME_RATE_HINT=3840
06-24 22:11:32.388 D/[10989.239785@0]- dimh_patch_post_update_mc_sw(    0): 0x0->0x2
06-24 22:11:32.388 I/[10989.239971@0]- dim(    0): ch[1]:reg:mem cfg[8][5][3]
06-24 22:11:32.388 I/[10989.240044@0]- dim(    0): pre cfg:ch[1]:10689148ms 1th source change:
06-24 22:11:32.388 I/[10989.240050@0]- dim(    0): source change:0x0/0/0/0=>0x8009/1920/1080/0
06-24 22:11:32.388 D/[10989.240067@0]- dimh_patch_post_update_mc_sw(    0): 0x2->0x3
06-24 22:11:32.497 I/[10989.355676@1]- VID(    0): VD1 off
06-24 22:11:32.497 I/[10989.355946@1]- vc(    0): [0]vc: set enable index=0, val=1
06-24 22:11:32.498 I/        (    0): [10989.355970@1]- dev->index =0, val=2
06-24 22:11:32.498 I/[10989.355975@1]- VID(    0): VD1 off
06-24 22:11:32.498 I/[10989.355982@1]- VID(    0): VD1 set global output as 1
06-24 22:11:32.499 I/[10989.356035@1]- VID(    0): store VD0 path_id changed -1->2
06-24 22:11:32.499 I/[10989.356091@1]- vc(    0): [0]sideband_type =-1
06-24 22:11:36.421 W/[10993.281751@1]- RTW(    0): fill_default_txdesc(wlan0): SP Packet(0x0806) rate=0x4 SeqNum = 1050
06-24 22:11:36.817 I/UsageStatsService( 3824): User[0] Flushing usage stats to disk
06-24 22:11:37.715 W/[10994.576700@3]- audit(    0): audit_lost=5947 audit_rate_limit=5 audit_backlog_limit=64
06-24 22:11:37.715 E/[10994.576709@3]- audit(    0): rate limit exceeded
06-24 22:11:40.293 W/[10997.148154@2]- RTW(    0): Turbo EDCA =0x5ea42b
06-24 22:11:41.701 W/[10998.562798@1]- RTW(    0): fill_default_txdesc(wlan0): SP Packet(0x0806) rate=0x4 SeqNum = 2400
06-24 22:11:42.065 W/        (    0): [10998.926525@2]- [0] H264 EOS notify.
06-24 22:11:42.305 W/[10999.163910@1]- RTW(    0): Turbo EDCA =0xa42b
06-24 22:11:42.777 I/        (    0): [10999.639210@0]- is_reset=1
06-24 22:11:42.780 I/[10999.640060@0]- vframe_rate_uevent(    0): sent uevent FRAME_RATE_HINT=0
06-24 22:11:42.781 I/[10999.641683@0]- dim(    0): ch[1]:di_receiver_event_fun,1:_UNREG
06-24 22:11:42.782 E/[10999.642478@0]- unreg(    0): v4lvideo
06-24 22:11:42.801 I/[10999.659742@0]- dim(    0): unreg:2keep[4], msk:[0x60030,0x0]
06-24 22:11:42.801 D/[10999.659761@0]- dimh_patch_post_update_mc_sw(    0): 0x3->0x0
06-24 22:11:42.813 I/[10999.672438@2]- dim(    0): unreg:use[30]ms
06-24 22:11:42.813 D/        (    0): [10999.672469@2]- vdec_disable_DMC input->target= 0x0
06-24 22:11:42.813 D/[10999.672584@2]- 0(    0): vh264_stop
06-24 22:11:42.813 D/        (    0): [10999.675856@2]- vdec_release instance 000000005175d892, total 1 id = 0
06-24 22:11:42.817 D/        (    0): [10999.676044@2]- the clk_vdec_mux    clock off, ref cnt: 0
06-24 22:11:42.817 D/        (    0): [10999.676057@2]- the vdec            clock off, ref cnt: 0
06-24 22:11:42.817 D/        (    0): [10999.676061@2]- the parser_top      clock off, ref cnt: 1
06-24 22:11:42.817 D/        (    0): [10999.676065@2]- the demux           clock off, ref cnt: 1
06-24 22:11:42.817 D/        (    0): [10999.676318@2]- the demux           clock on, ref cnt: 2
06-24 22:11:42.817 D/        (    0): [10999.676325@2]- the parser_top      clock on, ref cnt: 2
06-24 22:11:42.818 D/        (    0): [10999.676334@2]- the vdec            clock on, ref cnt: 1
06-24 22:11:42.818 D/        (    0): [10999.676356@2]- the clk_vdec_mux    clock on, ref cnt: 1
06-24 22:11:42.818 D/        (    0): [10999.676453@2]- vdec mux clock is 499999992 Hz
06-24 22:11:42.818 D/        (    0): [10999.676703@2]- vdec_create instance 00000000f768076b, total 1, PM: legacy
06-24 22:11:42.818 D/        (    0): [10999.676753@2]- no drmmode
06-24 22:11:42.818 I/        (    0): [10999.676798@2]- is_reset=1
06-24 22:11:42.818 I/        (    0): [10999.676827@2]- vdec_init, dev_name:ammvdec_h264, vdec_type=VDEC_TYPE_FRAME_BLOCK  id = 0
06-24 22:11:42.818 D/        (    0): [10999.678056@2]- ammvdec_h264_mmu_init tvp = 0x0 mmu_enable 0
06-24 22:11:42.818 D/        (    0): [10999.678064@2]- decoder_bmmu_box_alloc_box, tvp_flags = 0
06-24 22:11:42.818 D/[10999.678084@2]- 0(    0): ammvdec_h264_probe mmu_enable 0 double_write_mode 0x10
06-24 22:11:42.818 D/[10999.680558@3]- 0(    0): ammvdec_h264 mem-addr=0,buff_offset=56c10000,buf_start=56c00000
06-24 22:11:42.818 D/        (    0): [10999.680603@3]- vdec mux clock is 666666656 Hz
06-24 22:11:42.818 D/        (    0): [10999.680609@3]- vdec1 video changed to 3840 x 2160 60 fps clk->667MHZ
06-24 22:11:42.818 W/        (    0): [10999.680615@3]- H264 sysinfo: 1920x1080 duration=3200, pts_outside=1
06-24 22:11:42.818 D/        (    0): [10999.680619@3]- sync_outside=0, use_idr_framerate=0, is_used_v4l: 0
06-24 22:11:42.818 I/        (    0): [10999.680695@3]- [TEE], the fw (h264_multi) will be loaded.
06-24 22:11:42.818 D/        (    0): [10999.680925@3]- vh264_init, phy_addr=7446e000 vaddr=00000000e3977948
06-24 22:11:42.818 D/        (    0): [10999.681096@3]- vfm map vdec-map-0 created
06-24 22:11:42.818 I/[10999.681117@3]- dim(    0): ch[1]:di_receiver_event_fun,8:_REG
06-24 22:11:42.818 I/[10999.681122@3]- dim(    0): reg:vdec.h264.00[100]
06-24 22:11:42.823 I/[10999.681674@2]- dim(    0): reg:use[0]ms
06-24 22:11:42.823 E/[10999.681701@2]- reg(    0): v4lvideo
06-24 22:11:42.823 I/[10999.681710@2]- dim(    0): ch[1]:di_receiver_event_fun,3:_START
06-24 22:11:42.823 D/        (    0): [10999.681716@2]- vdec_init, vf_provider_name = vdec.h264.00, b 0
06-24 22:11:42.823 I/        (    0): [10999.682525@2]- vdec->port_flag=0x102, port_flag=0x10b
06-24 22:11:42.823 I/        (    0): [10999.682641@2]- is_reset=0
06-24 22:11:42.831 I/[10999.689508@2]- vframe_rate_uevent(    0): sent uevent FRAME_RATE_HINT=0
06-24 22:11:42.831 I/[10999.689851@1]- dim(    0): ch[1]:di_receiver_event_fun,1:_UNREG
06-24 22:11:42.831 E/[10999.689867@1]- unreg(    0): v4lvideo
06-24 22:11:42.831 I/[10999.690431@1]- dim(    0): unreg:use[1]ms
06-24 22:11:42.831 D/        (    0): [10999.690460@1]- vdec_disable_DMC input->target= 0x0
06-24 22:11:42.831 D/[10999.690573@1]- 0(    0): vh264_stop
06-24 22:11:42.831 D/        (    0): [10999.691099@1]- vdec_release instance 00000000f768076b, total 1 id = 0
06-24 22:11:42.831 D/        (    0): [10999.691261@1]- the clk_vdec_mux    clock off, ref cnt: 0
06-24 22:11:42.831 D/        (    0): [10999.691271@1]- the vdec            clock off, ref cnt: 0
06-24 22:11:42.831 D/        (    0): [10999.691275@1]- the parser_top      clock off, ref cnt: 1
06-24 22:11:42.831 D/        (    0): [10999.691279@1]- the demux           clock off, ref cnt: 1
06-24 22:11:42.831 D/        (    0): [10999.691303@1]d v4lvideo_release_map 0 OK
06-24 22:11:42.831 D/[10999.691542@1]- v4lvid(    0): dbg: vidioc_close!!!!
06-24 22:11:42.831 I/[10999.692604@1]- resman(    0): 95 release [codec_mm]
06-24 22:11:42.845 I/[10999.706147@0]- resman(    0): 96 appname:OMX-77, type=0
06-24 22:11:42.878 I/[10999.740801@2]- resman(    0): 96 acquire [codec_mm], preempt yes
06-24 22:11:42.878 I/[10999.740812@2]- resman(    0): 96 score 160 secure yes
06-24 22:11:42.878 I/[10999.740817@2]- resman(    0): 96 acquire [codec_mm] success
06-24 22:11:42.885 I/[10999.744277@2]- resman(    0): 98 appname:secmem, type=3
06-24 22:11:42.885 I/[10999.746910@2]- resman(    0): 98 acquire [tvp], preempt yes
06-24 22:11:42.889 I/        (    0): [10999.749769@1]- protect tvp 0 5 ret 0 596e0000 3540000
06-24 22:11:42.889 I/        (    0): [10999.749777@1]- enable tvp for 1
06-24 22:11:42.889 I/        (    0): [10999.749781@1]- tvp_user_count is 1
06-24 22:11:42.889 I/[10999.749789@1]- resman(    0): 98 acquire [tvp] success
06-24 22:11:42.929 D/        (    0): [10999.790340@0]- the demux           clock on, ref cnt: 2
06-24 22:11:42.929 D/        (    0): [10999.790349@0]- the parser_top      clock on, ref cnt: 2
06-24 22:11:42.929 D/        (    0): [10999.790359@0]- the vdec            clock on, ref cnt: 1
06-24 22:11:42.929 D/        (    0): [10999.790381@0]- the clk_hevc_mux    clock on, ref cnt: 1
06-24 22:11:42.929 D/        (    0): [10999.790387@0]- the clk_hevcb_mux   clock on, ref cnt: 1
06-24 22:11:42.929 D/        (    0): [10999.790418@0]- hevc mux clock is 499999992 Hz
06-24 22:11:42.929 D/        (    0): [10999.790434@0]- hevc back mux clock is 499999992 Hz
06-24 22:11:42.929 D/        (    0): [10999.790699@0]- vdec_create instance 0000000063ddbe21, total 1, PM: legacy
06-24 22:11:42.929 D/        (    0): [10999.790738@0]- set drmmode
06-24 22:11:42.929 I/        (    0): [10999.790770@0]- is_reset=0
06-24 22:11:42.935 I/        (    0): [10999.790797@0]- vdec_init, dev_name:ammvdec_h265, vdec_type=VDEC_TYPE_FRAME_BLOCK  id = 0
06-24 22:11:42.936 D/[10999.791572@0]- [0]pdata->config=hevc_buf_width(    0): 1920;hevc_buf_height:1088;hevc_buf_margin:0;hevc_double_write_mode:3;save_buffer_mode:0;
06-24 22:11:42.936 D/        (    0): [10999.791679@0]- decoder_bmmu_box_alloc_box, tvp_flags = 4
06-24 22:11:42.936 D/        (    0): [10999.791697@0]- [0]dynamic_buf_num_margin=9
06-24 22:11:42.936 D/        (    0): [10999.791701@0]- [0]double_write_mode=3
06-24 22:11:42.936 D/[10999.791712@0]- [0]h265(    0): pts_unstable=0
06-24 22:11:42.936 D/[10999.791718@0]- [0]h265(    0): ver (201602101,0) decinfo: 0x0 rate=3600
06-24 22:11:42.936 I/        (    0): [10999.794183@1]- [TEE], the fw (hevc_mmu) will be loaded.
06-24 22:11:42.936 D/        (    0): [10999.794237@1]- hevc mux clock is 666666656 Hz
06-24 22:11:42.936 D/        (    0): [10999.794255@1]- hevc back mux clock is 666666656 Hz
06-24 22:11:42.936 D/        (    0): [10999.794261@1]- hevc video changed to 3840 x 2160 60 fps clk->667MHZ
06-24 22:11:42.936 D/        (    0): [10999.794303@1]- vfm map vdec-map-0 created
06-24 22:11:42.936 I/[10999.794325@1]- dim(    0): ch[1]:di_receiver_event_fun,8:_REG
06-24 22:11:42.936 I/[10999.794330@1]- dim(    0): reg:vdec.h265.00[101]
06-24 22:11:42.936 I/[10999.795039@0]- dim(    0): reg:use[1]ms
06-24 22:11:42.936 E/[10999.795108@0]- reg(    0): v4lvideo
06-24 22:11:42.936 I/[10999.795117@0]- dim(    0): ch[1]:di_receiver_event_fun,3:_START
06-24 22:11:42.936 D/        (    0): [10999.795125@0]- vdec_init, vf_provider_name = vdec.h265.00, b 0
06-24 22:11:42.936 I/        (    0): [10999.796009@0]- vdec->port_flag=0x182, port_flag=0x18b
06-24 22:11:42.941 D/[10999.800377@0]- v4lvid(    0): dbg: v4lvideo open
06-24 22:11:42.973 D/        (    0): [10999.834352@0]- [0]vh265 cached=4096  need_size=6144 speed= 40 ms
06-24 22:11:42.973 D/        (    0): [10999.835027@3]- [0]hevc->performance_profile 0
06-24 22:11:42.973 D/        (    0): [10999.835040@3]- [0]set pic_list_init_flag 1
06-24 22:11:42.975 D/        (    0): [10999.836237@2]- [0]init_buf_spec2 1920 1080
06-24 22:11:42.975 D/        (    0): [10999.836246@2]- [0]set pic_list_init_flag to 2
06-24 22:11:42.975 D/        (    0): [10999.836289@3]- [0]set pic_list_init_flag to 3
06-24 22:11:42.975 D/        (    0): [10999.836295@3]- [vdec_kpi][vh265_isr_thread_fn] First I frame coming.
06-24 22:11:42.977 D/[10999.838448@3]- [0]VH265(    0): output first frame
06-24 22:11:42.977 D/        (    0): [10999.838469@3]- [vdec_kpi][post_video_frame] First I frame decoded.
06-24 22:11:42.977 I/[10999.838525@0]- dim(    0): value reg:ch[1]:fix_buf:0;ponly <0,0>
06-24 22:11:42.977 I/[10999.838538@0]- dim(    0): 480x270-0x509000.
06-24 22:11:42.989 I/[10999.850959@3]- v4lvideo(    0): provider name: vdec.h265.00
06-24 22:11:43.001 D/        (    0): [10999.863304@3]- cal_dur_from_pts vstatus 4000 dur3750 -> 4000, revised 4000
06-24 22:11:43.007 I/[10999.866765@0]- vframe_rate_uevent(    0): sent uevent FRAME_RATE_HINT=4000
06-24 22:11:44.322 W/[11001.184001@1]- RTW(    0): Turbo EDCA =0x5ea42b
06-24 22:11:46.829 W/[11003.689464@1]- RTW(    0): fill_default_txdesc(wlan0): SP Packet(0x0806) rate=0x4 SeqNum = 3013
06-24 22:11:47.069 I/        (    0): [11003.931396@3]- protect tvp 0 5 ret 0
06-24 22:11:47.069 I/        (    0): [11003.931433@3]- protect tvp 1 6 ret 0 5cc20000 2800000
06-24 22:11:48.353 W/[11005.211866@2]- RTW(    0): Turbo EDCA =0xa42b
06-24 22:11:50.369 W/[11007.227865@2]- RTW(    0): Turbo EDCA =0x5ea42b
06-24 22:11:51.929 W/[11008.790556@3]- RTW(    0): fill_default_txdesc(wlan0): SP Packet(0x0806) rate=0x4 SeqNum = 3308
06-24 22:11:56.414 W/[11013.275879@1]- RTW(    0): Turbo EDCA =0xa42b
06-24 22:11:56.917 W/[11013.776484@3]- RTW(    0): fill_default_txdesc(wlan0): SP Packet(0x0806) rate=0x4 SeqNum = 3561
06-24 22:11:58.433 W/[11015.291984@2]- RTW(    0): Turbo EDCA =0x5ea42b
06-24 22:12:02.033 W/[11018.893833@3]- RTW(    0): fill_default_txdesc(wlan0): SP Packet(0x0806) rate=0x4 SeqNum = 3817
06-24 22:12:04.481 W/[11021.339909@1]- RTW(    0): Turbo EDCA =0xa42b
06-24 22:12:06.497 W/[11023.355896@1]- RTW(    0): Turbo EDCA =0x5ea42b
06-24 22:12:07.109 W/[11023.967811@2]- RTW(    0): fill_default_txdesc(wlan0): SP Packet(0x0806) rate=0x4 SeqNum = 4075
06-24 22:12:11.317 W/[11028.177245@3]- RTW(    0): fill_default_txdesc(wlan0): SP Packet(0x0806) rate=0x4 SeqNum = 239
06-24 22:12:12.549 W/[11029.407967@2]- RTW(    0): Turbo EDCA =0xa42b
06-24 22:12:14.561 W/[11031.419909@1]- RTW(    0): Turbo EDCA =0x5ea42b
06-24 22:12:16.305 W/[11033.164338@1]- RTW(    0): fill_default_txdesc(wlan0): SP Packet(0x0806) rate=0x4 SeqNum = 521
06-24 22:12:18.593 W/[11035.452503@3]- RTW(    0): Turbo EDCA =0xa42b
06-24 22:12:07.141 I/chatty  ( 3824): uid=1000(system) android.bg identical 3 lines
06-24 22:12:17.277 I/UsageStatsService( 3824): User[0] Flushing usage stats to disk
06-24 22:12:19.010 D/AutofillManagerService( 3824): onBackKeyPressed()
06-24 22:12:19.054 I/        (    0): [11035.915230@2]- is_reset=1
06-24 22:12:19.054 I/[11035.915499@2]- vframe_rate_uevent(    0): sent uevent FRAME_RATE_HINT=0
06-24 22:12:19.054 I/[11035.917038@0]- dim(    0): ch[1]:di_receiver_event_fun,1:_UNREG
06-24 22:12:19.055 E/[11035.917231@0]- unreg(    0): v4lvideo
06-24 22:12:19.055 I/[11035.917292@1]- dim(    0): unreg:2keep[4], msk:[0x0,0x0]
06-24 22:12:19.071 I/[11035.929117@1]- dim(    0): unreg:use[12]ms
06-24 22:12:19.071 D/        (    0): [11035.929150@1]- vdec_disable_DMC input->target= 0x1
06-24 22:12:19.071 D/        (    0): [11035.930600@1]- vdec_release instance 0000000063ddbe21, total 1 id = 0
06-24 22:12:19.071 D/        (    0): [11035.930793@1]- the clk_hevc_mux    clock off, ref cnt: 0
06-24 22:12:19.071 D/        (    0): [11035.930800@1]- the clk_hevcb_mux   clock off, ref cnt: 0
06-24 22:12:19.071 D/        (    0): [11035.930809@1]- the vdec            clock off, ref cnt: 0
06-24 22:12:19.071 D/        (    0): [11035.930813@1]- the parser_top      clock off, ref cnt: 1
06-24 22:12:19.071 D/        (    0): [11035.930817@1]- the demux           clock off, ref cnt: 1
06-24 22:12:19.071 D/        (    0): [11035.930943@1]- the demux           clock on, ref cnt: 2
06-24 22:12:19.071 D/        (    0): [11035.930949@1]- the parser_top      clock on, ref cnt: 2
06-24 22:12:19.071 D/        (    0): [11035.930957@1]- the vdec            clock on, ref cnt: 1
06-24 22:12:19.071 D/        (    0): [11035.930991@1]- the clk_hevc_mux    clock on, ref cnt: 1
06-24 22:12:19.074 D/        (    0): [11035.930996@1]- the clk_hevcb_mux   clock on, ref cnt: 1
06-24 22:12:19.075 D/        (    0): [11035.931029@1]- hevc mux clock is 499999992 Hz
06-24 22:12:19.075 D/        (    0): [11035.931045@1]- hevc back mux clock is 499999992 Hz
06-24 22:12:19.075 D/        (    0): [11035.931160@1]- vdec_create instance 000000008ae83962, total 1, PM: legacy
06-24 22:12:19.075 D/        (    0): [11035.931203@1]- set drmmode
06-24 22:12:19.075 I/        (    0): [11035.931269@1]- is_reset=1
06-24 22:12:19.075 I/        (    0): [11035.931317@1]- vdec_init, dev_name:ammvdec_h265, vdec_type=VDEC_TYPE_FRAME_BLOCK  id = 0
06-24 22:12:19.075 D/[11035.932123@1]- [0]pdata->config=hevc_buf_width(    0): 1920;hevc_buf_height:1088;hevc_buf_margin:0;hevc_double_write_mode:3;save_buffer_mode:0;
06-24 22:12:19.075 D/        (    0): [11035.932173@1]- decoder_bmmu_box_alloc_box, tvp_flags = 4
06-24 22:12:19.075 D/        (    0): [11035.932190@1]- [0]dynamic_buf_num_margin=9
06-24 22:12:19.075 D/        (    0): [11035.932194@1]- [0]double_write_mode=3
06-24 22:12:19.075 D/[11035.932202@1]- [0]h265(    0): pts_unstable=0
06-24 22:12:19.075 D/[11035.932208@1]- [0]h265(    0): ver (201602101,0) decinfo: 0x0 rate=3600
06-24 22:12:19.075 I/        (    0): [11035.933182@1]- [TEE], the fw (hevc_mmu) will be loaded.
06-24 22:12:19.075 D/        (    0): [11035.933229@1]- hevc mux clock is 666666656 Hz
06-24 22:12:19.075 D/        (    0): [11035.933246@1]- hevc back mux clock is 666666656 Hz
06-24 22:12:19.075 D/        (    0): [11035.933251@1]- hevc video changed to 3840 x 2160 60 fps clk->667MHZ
06-24 22:12:19.075 D/        (    0): [11035.933294@1]- vfm map vdec-map-0 created
06-24 22:12:19.075 I/[11035.933314@1]- dim(    0): ch[1]:di_receiver_event_fun,8:_REG
06-24 22:12:19.086 I/[11035.933319@1]- dim(    0): reg:vdec.h265.00[102]
06-24 22:12:19.087 I/[11035.933595@1]- dim(    0): reg:use[0]ms
06-24 22:12:19.087 E/[11035.933617@1]- reg(    0): v4lvideo
06-24 22:12:19.087 I/[11035.933625@1]- dim(    0): ch[1]:di_receiver_event_fun,3:_START
06-24 22:12:19.087 D/        (    0): [11035.933630@1]- vdec_init, vf_provider_name = vdec.h265.00, b 0
06-24 22:12:19.089 I/        (    0): [11035.933646@1]- vdec->port_flag=0x182, port_flag=0x18b
06-24 22:12:19.089 I/        (    0): [11035.933798@1]- is_reset=0
06-24 22:12:19.098 I/        (    0): [11035.957759@1]- is_reset=1
06-24 22:12:19.098 I/[11035.958034@1]- vframe_rate_uevent(    0): sent uevent FRAME_RATE_HINT=0
