06-24 19:39:31.608 W/ContextImpl( 5111): Calling a method in the system process without a qualified user: android.app.ContextImpl.sendBroadcast:1111 android.content.ContextWrapper.sendBroadcast:468 com.rjil.jiostbsetting.utils.UtilsKt.sendUSBAttachDetachBroadcast:2601 com.rjil.jiostbsetting.service.EndlessService$CallbackListener.onParameterNotification:1334 com.rjil.jiostbsetting.dc.DCDataProvider.invokeCallback:107 
06-24 19:41:50.204 I/chatty  ( 3824): uid=1000 system_server expire 2 lines
06-24 19:41:50.209 I/chatty  ( 3824): uid=1000 system_server expire 2 lines
06-24 19:41:50.245 I/chatty  ( 3824): uid=1000 system_server expire 2 lines
06-24 19:41:50.301 I/chatty  ( 3824): uid=1000 system_server expire 2 lines
06-24 19:41:50.742 I/chatty  ( 3824): uid=1000(system) Binder:3824_9 expire 1 line
06-24 19:41:51.351 I/chatty  ( 3824): uid=1000 system_server expire 2 lines
06-24 19:41:51.439 I/chatty  ( 3824): uid=1000 system_server expire 2 lines
06-24 19:47:16.436 E/ActivityThread(25308): Failed to find provider info for com.google.android.gms.chimera
06-24 19:47:16.553 I/chatty  ( 3824): uid=1000(system) Binder:3824_4 expire 2 lines
06-24 19:47:16.554 I/chatty  ( 3824): uid=1000 system_server expire 2 lines
06-24 19:47:16.565 I/chatty  ( 3824): uid=1000 system_server expire 2 lines
06-24 19:47:16.585 I/chatty  ( 3824): uid=1000 system_server expire 2 lines
06-24 19:47:16.588 I/chatty  ( 3824): uid=1000 system_server expire 2 lines
06-24 19:47:17.126 I/chatty  ( 3824): uid=1000(system) PowerManagerSer expire 2 lines
06-24 19:47:18.133 I/chatty  ( 3824): uid=1000 system_server expire 2 lines
06-24 19:47:18.231 I/chatty  ( 3824): uid=1000 system_server expire 2 lines
06-24 19:47:20.195 I/chatty  ( 3824): uid=1000(system) android.bg expire 23 lines
06-24 19:50:55.180 I/chatty  ( 3824): uid=1000(system) ConnectivitySer expire 25 lines
06-24 19:51:10.472 E/wificond( 3728): Received error message: No such file or directory
06-24 19:51:10.472 E/wificond( 3728): NL80211_CMD_GET_STATION failed
06-24 19:51:12.414 I/chatty  ( 3824): uid=1000(system) android.bg expire 11 lines
06-24 19:51:13.486 E/wificond( 3728): Received error message: No such file or directory
06-24 19:51:13.486 E/wificond( 3728): NL80211_CMD_GET_STATION failed
06-24 19:51:14.549 I/chatty  ( 3824): uid=1000(system) ActivityManager expire 12 lines
06-24 19:51:14.631 W/ContextImpl( 5748): Calling a method in the system process without a qualified user: android.app.ContextImpl.startForegroundService:1675 android.content.ContextWrapper.startForegroundService:725 com.rjil.sdmcsetting.BootReceiver.actionOnService:62 com.rjil.sdmcsetting.BootReceiver.onReceive:47 android.app.LoadedApk$ReceiverDispatcher$Args.lambda$getRunnable$0$LoadedApk$ReceiverDispatcher$Args:1580 
06-24 19:51:14.636 W/ContextImpl( 5748): Calling a method in the system process without a qualified user: android.app.ContextImpl.bindService:1748 android.content.ContextWrapper.bindService:756 com.jio.adc.core.b.d:56 com.jio.adc.core.b.b:13 com.jio.adc.core.b$c.run:7 
06-24 19:51:14.646 I/chatty  ( 3824): uid=1000(system) Binder:3824_11 expire 14 lines
06-24 19:51:14.649 I/chatty  ( 3824): uid=1000(system) Binder:3824_16 expire 1 line
06-24 19:51:14.781 W/ContextImpl( 5748): Calling a method in the system process without a qualified user: android.app.ContextImpl.bindService:1748 android.content.ContextWrapper.bindService:756 com.rjil.sdmcsetting.EndlessService.onStartCommand:201 android.app.ActivityThread.handleServiceArgs:4320 android.app.ActivityThread.access$1800:237 
06-24 19:51:31.491 W/ContextImpl( 5409): Calling a method in the system process without a qualified user: android.app.ContextImpl.sendBroadcast:1111 android.content.ContextWrapper.sendBroadcast:468 com.iwedia.tvinput.engine.ChannelManager.handleCaRouteSignalStatus:3932 com.iwedia.tvinput.engine.ChannelManager.access$3900:116 com.iwedia.tvinput.engine.ChannelManager$5.antennaConnected:2034 
06-24 19:51:46.798 I/chatty  ( 3824): uid=1000(system) InputDispatcher expire 6 lines
06-24 19:51:46.801 I/chatty  ( 3824): uid=1000(system) android.fg expire 4 lines
06-24 19:51:46.805 I/chatty  ( 3824): uid=1000 system_server expire 2 lines
06-24 19:51:46.824 I/chatty  ( 3824): uid=1000 system_server expire 2 lines
06-24 19:51:46.825 I/chatty  ( 3824): uid=1000 system_server expire 2 lines
06-24 19:51:46.829 I/chatty  ( 3824): uid=1000 system_server expire 2 lines
06-24 19:51:47.050 I/chatty  ( 3824): uid=1000 system_server expire 2 lines
06-24 19:51:47.053 I/chatty  ( 3824): uid=1000 system_server expire 2 lines
06-24 19:51:47.106 I/chatty  ( 3824): uid=1000(system) Binder:3824_13 expire 2 lines
06-24 19:51:47.129 I/chatty  ( 3824): uid=1000 system_server expire 2 lines
06-24 19:51:47.243 I/chatty  ( 3824): uid=1000(system) Binder:3824_18 expire 7 lines
06-24 19:51:47.246 I/chatty  ( 3824): uid=1000(system) android.display expire 4 lines
06-24 19:52:55.798 I/chatty  ( 3824): uid=1000(system) android.ui expire 3 lines
06-24 19:52:55.798 I/chatty  ( 3824): uid=1000 system_server expire 7 lines
06-24 19:52:55.804 I/chatty  ( 3824): uid=1000 system_server expire 2 lines
06-24 19:52:55.814 I/chatty  ( 3824): uid=1000 system_server expire 2 lines
06-24 19:52:55.822 I/chatty  ( 3824): uid=1000 system_server expire 2 lines
06-24 19:52:55.824 I/chatty  ( 3824): uid=1000 system_server expire 2 lines
06-24 19:52:55.953 I/chatty  ( 3824): uid=1000 system_server expire 2 lines
06-24 19:52:55.998 I/chatty  ( 3824): uid=1000 system_server expire 2 lines
06-24 19:52:59.607 W/wificond( 3728): Scan is not started. Ignore abort request
06-24 19:53:00.295 E/wificond( 3728): NL80211_CMD_TRIGGER_SCAN failed: Device or resource busy
06-24 19:53:00.764 I/chatty  ( 3824): uid=1000(system) WifiHandlerThre expire 1 line
06-24 19:53:01.341 W/ContextImpl( 5748): Calling a method in the system process without a qualified user: android.app.ContextImpl.bindService:1748 android.content.ContextWrapper.bindService:756 com.jio.adc.core.b.d:56 com.jio.adc.core.b.b:13 com.jio.adc.core.b$c.run:7 
06-24 19:53:01.345 W/ContextImpl( 5748): Calling a method in the system process without a qualified user: android.app.ContextImpl.startForegroundService:1675 android.content.ContextWrapper.startForegroundService:725 com.rjil.sdmcsetting.BootReceiver.actionOnService:62 com.rjil.sdmcsetting.BootReceiver.onReceive:47 android.app.LoadedApk$ReceiverDispatcher$Args.lambda$getRunnable$0$LoadedApk$ReceiverDispatcher$Args:1580 
06-24 19:53:01.374 W/ContextImpl( 5748): Calling a method in the system process without a qualified user: android.app.ContextImpl.bindService:1748 android.content.ContextWrapper.bindService:756 com.rjil.sdmcsetting.EndlessService.onStartCommand:201 android.app.ActivityThread.handleServiceArgs:4320 android.app.ActivityThread.access$1800:237 
06-24 19:53:02.267 I/chatty  ( 3824): uid=1000(system) ConnectivitySer expire 9 lines
06-24 19:53:03.404 I/chatty  ( 3824): uid=1000(system) android.bg expire 17 lines
06-24 19:53:03.410 I/chatty  ( 3824): uid=1000(system) Binder:3824_14 expire 2 lines
06-24 19:53:03.552 W/ContextImpl( 4931): Calling a method in the system process without a qualified user: android.app.ContextImpl.sendBroadcast:1111 android.content.ContextWrapper.sendBroadcast:468 com.jio.appoptimizer.service.AppOptimizerService.before_optimization_broadcastIntent:302 com.jio.appoptimizer.service.AppOptimizerService.checkAndRemoveBackgroundApps:454 com.jio.appoptimizer.service.AppOptimizerService.access$700:72 
06-24 19:53:03.563 I/chatty  ( 3824): uid=1000 system_server expire 2 lines
06-24 19:53:03.629 W/ContextImpl( 4931): Calling a method in the system process without a qualified user: android.app.ContextImpl.sendBroadcast:1111 android.content.ContextWrapper.sendBroadcast:468 com.jio.appoptimizer.service.AppOptimizerService.after_optimization_broadcastIntent:315 com.jio.appoptimizer.service.AppOptimizerService.checkAndRemoveBackgroundApps:470 com.jio.appoptimizer.service.AppOptimizerService.access$700:72 
06-24 19:53:06.613 I/chatty  ( 3824): uid=1000(system) LazyTaskWriterT expire 1 line
06-24 19:53:15.685 W/ContextImpl( 5748): Calling a method in the system process without a qualified user: android.app.ContextImpl.bindService:1748 android.content.ContextWrapper.bindService:756 com.jio.adc.core.b.d:56 com.jio.adc.core.b.b:13 com.jio.adc.core.b$c.run:7 
06-24 19:53:15.695 W/ContextImpl( 5748): Calling a method in the system process without a qualified user: android.app.ContextImpl.sendBroadcast:1111 android.content.ContextWrapper.sendBroadcast:468 com.rjil.sdmcsetting.NetworkRepositoryImpl.handleSuccess:521 com.rjil.sdmcsetting.NetworkRepositoryImpl.checkNetwork:273 com.rjil.sdmcsetting.NetworkRepositoryImpl.checkNetwork$default:243 
06-24 19:53:29.285 W/ContextImpl( 4952): Calling a method in the system process without a qualified user: android.app.ContextImpl.sendBroadcast:1126 android.content.ContextWrapper.sendBroadcast:473 insight.tr069.client.tr181.Device.JioSTB.ACS.onSetSTUNError:47 insight.tr069.client.tr181.helpers.STUNClient.<init>:145 insight.tr069.client.tr181.TR181Monitor$1.run:269 
06-24 19:53:58.204 W/ContextImpl( 5748): Calling a method in the system process without a qualified user: android.app.ContextImpl.bindService:1748 android.content.ContextWrapper.bindService:756 com.jio.adc.core.b.d:56 com.jio.adc.core.b.b:13 com.jio.adc.core.b$c.run:7 
06-24 19:53:59.308 W/ContextImpl( 4952): Calling a method in the system process without a qualified user: android.app.ContextImpl.sendBroadcast:1126 android.content.ContextWrapper.sendBroadcast:473 insight.tr069.client.tr181.Device.JioSTB.ACS.onSetACSError:37 insight.tr069.client.TR069ClientService.makeErrorMessage:694 insight.tr069.client.TR069ClientService.insertNewMessage:710 
06-24 19:53:59.312 W/ContextImpl( 4952): Calling a method in the system process without a qualified user: android.app.ContextImpl.sendBroadcast:1126 android.content.ContextWrapper.sendBroadcast:473 insight.tr069.client.tr181.Device.JioSTB.ACS.onSetACSError:37 insight.tr069.client.TR069ClientService.makeErrorMessage:694 insight.tr069.client.TR069ClientService.insertNewMessage:710 
06-24 19:53:59.318 W/ContextImpl( 4952): Calling a method in the system process without a qualified user: android.app.ContextImpl.sendBroadcast:1126 android.content.ContextWrapper.sendBroadcast:473 insight.tr069.client.tr181.Device.JioSTB.ACS.onSetACSError:37 insight.tr069.client.TR069ClientService.makeErrorMessage:694 insight.tr069.client.TR069ClientService.insertNewMessage:710 
06-24 19:53:59.377 W/ContextImpl( 4952): Calling a method in the system process without a qualified user: android.app.ContextImpl.sendBroadcast:1126 android.content.ContextWrapper.sendBroadcast:473 insight.tr069.client.tr181.Device.JioSTB.ACS.onSetSTUNError:47 insight.tr069.client.tr181.helpers.STUNClient.<init>:141 insight.tr069.client.tr181.TR181Monitor$1.run:269 
06-24 19:54:02.010 W/ContextImpl( 5409): Calling a method in the system process without a qualified user: android.app.ContextImpl.sendBroadcast:1111 android.content.ContextWrapper.sendBroadcast:468 com.iwedia.tvinput.engine.ChannelManager.disconnectCA:3912 com.iwedia.tvinput.engine.ChannelManager.access$4300:116 com.iwedia.tvinput.engine.ChannelManager$CaReconnectTask.run:2434 
06-24 19:54:02.031 W/ContextImpl( 5409): Calling a method in the system process without a qualified user: android.app.ContextImpl.sendBroadcast:1111 android.content.ContextWrapper.sendBroadcast:468 com.iwedia.tvinput.engine.ChannelManager.connectCA:3844 com.iwedia.tvinput.engine.ChannelManager.access$5900:116 com.iwedia.tvinput.engine.ChannelManager$CaMessageHandler.handleMessage:4279 
06-24 19:55:53.983 W/wificond( 3728): Scan is not started. Ignore abort request
06-24 19:55:54.999 I/chatty  ( 3824): uid=1000(system) android.bg expire 2 lines
06-24 19:55:55.110 I/chatty  ( 3824): uid=1000(system) AdbDebuggingMan expire 1 line
06-24 19:56:07.962 I/chatty  ( 3824): uid=1000 system_server expire 2 lines
06-24 19:56:07.968 I/chatty  ( 3824): uid=1000 system_server expire 2 lines
06-24 19:56:07.978 I/chatty  ( 3824): uid=1000(system) ActivityManager expire 1 line
06-24 19:56:07.979 I/chatty  ( 3824): uid=1000 system_server expire 2 lines
06-24 19:56:08.009 I/chatty  ( 3824): uid=1000(system) ActivityManager expire 5 lines
06-24 19:56:08.050 I/chatty  ( 3824): uid=1000 system_server expire 2 lines
06-24 19:56:08.354 I/chatty  ( 3824): uid=1000(system) ConnectivitySer expire 2 lines
06-24 19:56:08.504 I/chatty  ( 3824): uid=1000(system) Binder:3824_12 expire 11 lines
06-24 19:56:09.013 I/chatty  ( 3824): uid=1000 system_server expire 2 lines
06-24 19:56:09.032 I/chatty  ( 3824): uid=1000 system_server expire 2 lines
06-24 19:56:12.099 I/chatty  ( 3824): uid=1000(system) LazyTaskWriterT expire 3 lines
06-24 19:56:15.201 I/chatty  ( 3824): uid=1000(system) android.bg expire 9 lines
06-24 19:56:39.776 I/chatty  ( 3824): uid=1000(system) android.ui expire 4 lines
06-24 19:56:39.797 I/chatty  ( 3824): uid=1000 system_server expire 2 lines
06-24 19:56:39.825 I/chatty  ( 3824): uid=1000 system_server expire 2 lines
06-24 19:56:39.827 I/chatty  ( 3824): uid=1000 system_server expire 2 lines
06-24 19:56:39.828 I/chatty  ( 3824): uid=1000 system_server expire 2 lines
06-24 19:56:39.849 I/chatty  ( 3824): uid=1000(system) Binder:3824_13 expire 2 lines
06-24 19:56:40.008 I/chatty  ( 3824): uid=1000 system_server expire 2 lines
06-24 19:56:40.010 I/chatty  ( 3824): uid=1000 system_server expire 2 lines
06-24 19:56:40.084 I/chatty  ( 3824): uid=1000 system_server expire 2 lines
06-24 19:56:40.379 I/chatty  ( 3824): uid=1000(system) InputDispatcher expire 8 lines
06-24 19:57:15.448 I/chatty  ( 3824): uid=1000 system_server expire 2 lines
06-24 19:57:15.454 I/chatty  ( 3824): uid=1000 system_server expire 2 lines
06-24 19:57:15.467 I/chatty  ( 3824): uid=1000 system_server expire 2 lines
06-24 19:57:15.470 I/chatty  ( 3824): uid=1000 system_server expire 2 lines
06-24 19:57:15.766 I/chatty  ( 3824): uid=1000 system_server expire 2 lines
06-24 19:57:15.840 I/chatty  ( 3824): uid=1000(system) Binder:3824_18 expire 3 lines
06-24 19:57:15.983 I/chatty  ( 3824): uid=1000(system) Binder:3824_3 expire 5 lines
06-24 19:57:15.987 I/chatty  ( 3824): uid=1000 system_server expire 2 lines
06-24 19:57:16.014 I/chatty  ( 3824): uid=1000(system) Binder:3824_1 expire 2 lines
06-24 19:57:16.017 I/chatty  ( 3824): uid=1000 system_server expire 7 lines
06-24 19:57:16.020 I/chatty  ( 3824): uid=1000 system_server expire 2 lines
06-24 19:57:16.130 I/chatty  ( 3824): uid=1000 system_server expire 2 lines
06-24 19:57:16.130 I/chatty  ( 3824): uid=1000 system_server expire 2 lines
06-24 19:57:16.133 I/chatty  ( 3824): uid=1000 system_server expire 2 lines
06-24 19:57:16.224 I/chatty  ( 3824): uid=1000 system_server expire 2 lines
06-24 19:57:16.237 I/chatty  ( 3824): uid=1000 system_server expire 2 lines
06-24 19:57:16.281 I/chatty  ( 3824): uid=1000 system_server expire 2 lines
06-24 19:57:16.364 I/chatty  ( 3824): uid=1000(system) android.display expire 2 lines
06-24 19:57:16.364 I/chatty  ( 3824): uid=1000(system) Binder:3824_1A expire 1 line
06-24 19:57:17.492 I/chatty  ( 3824): uid=1000(system) Binder:3824_2 expire 4 lines
06-24 19:57:17.494 I/chatty  ( 3824): uid=1000(system) Binder:3824_B expire 6 lines
06-24 19:57:24.324 I/chatty  ( 3824): uid=1000 system_server expire 2 lines
06-24 19:57:24.332 I/chatty  ( 3824): uid=1000 system_server expire 2 lines
06-24 19:57:24.343 I/chatty  ( 3824): uid=1000 system_server expire 2 lines
06-24 19:57:24.428 I/chatty  ( 3824): uid=1000 system_server expire 2 lines
06-24 19:57:24.912 I/chatty  ( 3824): uid=1000(system) Binder:3824_11 expire 3 lines
06-24 19:57:25.425 I/chatty  ( 3824): uid=1000 system_server expire 2 lines
06-24 19:57:25.472 I/chatty  ( 3824): uid=1000 system_server expire 2 lines
06-24 19:57:38.421 I/chatty  ( 3824): uid=1000(system) Binder:3824_17 expire 2 lines
06-24 19:57:38.698 I/chatty  ( 3824): uid=1000(system) Binder:3824_C expire 5 lines
06-24 19:57:38.739 I/chatty  ( 3824): uid=1000(system) Binder:3824_5 expire 11 lines
06-24 19:57:40.176 I/chatty  ( 3824): uid=1000(system) Binder:3824_B expire 2 lines
06-24 19:57:40.698 I/chatty  ( 3824): uid=1000(system) Binder:3824_C expire 3 lines
06-24 19:57:41.803 I/chatty  ( 3824): uid=1000(system) android.ui expire 12 lines
06-24 19:57:44.217 I/chatty  ( 3824): uid=1000(system) Binder:3824_2 expire 7 lines
06-24 19:57:44.224 I/chatty  ( 3824): uid=1000(system) Binder:3824_17 expire 15 lines
06-24 19:57:44.233 I/chatty  ( 3824): uid=1000(system) Binder:3824_1A expire 4 lines
06-24 19:57:44.436 I/chatty  ( 3824): uid=1000 system_server expire 9 lines
06-24 19:57:44.750 I/chatty  ( 3824): uid=1000(system) Binder:3824_11 expire 13 lines
06-24 19:57:46.101 I/chatty  ( 3824): uid=1000(system) android.bg expire 18 lines
06-24 19:57:47.468 I/chatty  ( 3824): uid=1000(system) ConnectivitySer expire 3 lines
06-24 19:57:48.378 I/chatty  ( 3824): uid=1000(system) ActivityManager expire 16 lines
06-24 19:57:51.176 I/chatty  ( 3824): uid=1000(system) Binder:3824_13 expire 11 lines
06-24 19:58:41.419 I/chatty  ( 3824): uid=1000(system) Binder:3824_4 expire 20 lines
06-24 19:58:46.403 I/chatty  ( 3824): uid=1000(system) Binder:3824_14 expire 3 lines
06-24 20:00:30.778 I/chatty  ( 3824): uid=1000(system) Binder:3824_8 expire 3 lines
06-24 20:00:32.932 I/chatty  ( 3824): uid=1000(system) Binder:3824_10 expire 1 line
06-24 20:00:41.766 I/chatty  ( 3824): uid=1000(system) InputDispatcher expire 4 lines
06-24 20:00:42.878 W/ContextImpl( 5748): Calling a method in the system process without a qualified user: android.app.ContextImpl.bindService:1748 android.content.ContextWrapper.bindService:756 com.jio.adc.core.b.d:56 com.jio.adc.core.b.b:13 com.jio.adc.core.b$c.run:7 
06-24 20:00:48.041 I/chatty  ( 3824): uid=1000(system) android.bg expire 49 lines
06-24 20:05:02.799 I/chatty  ( 3824): uid=1000(system) android.ui expire 6 lines
06-24 20:05:02.802 I/chatty  ( 3824): uid=1000 system_server expire 3 lines
06-24 20:05:02.811 I/chatty  ( 3824): uid=1000(system) android.fg expire 3 lines
06-24 20:05:02.822 I/chatty  ( 3824): uid=1000 system_server expire 1 line
06-24 20:05:02.834 I/chatty  ( 3824): uid=1000 system_server expire 2 lines
06-24 20:05:02.863 I/chatty  ( 3824): uid=1000 system_server expire 2 lines
06-24 20:05:02.872 I/chatty  ( 3824): uid=1000(system) HwBinder:3722_5 expire 2 lines
06-24 20:05:02.913 I/chatty  ( 3824): uid=1000(system) Binder:3824_2 expire 13 lines
06-24 20:05:02.919 I/chatty  ( 3824): uid=1000(system) Binder:3824_11 expire 8 lines
06-24 20:05:02.949 I/chatty  ( 3824): uid=1000(system) Binder:3824_F expire 10 lines
06-24 20:05:03.039 I/chatty  ( 3824): uid=1000(system) Binder:3824_9 expire 2 lines
06-24 20:05:03.106 I/chatty  ( 3824): uid=1000 system_server expire 2 lines
06-24 20:05:03.187 I/chatty  ( 3824): uid=1000 system_server expire 2 lines
06-24 20:05:03.956 I/chatty  ( 3824): uid=1000(system) PackageManager expire 4 lines
06-24 20:05:11.772 I/chatty  ( 3824): uid=1000 system_server expire 2 lines
06-24 20:05:11.943 I/chatty  ( 3824): uid=1000(system) Binder:3824_7 expire 1 line
06-24 20:05:11.944 I/chatty  ( 3824): uid=1000(system) android.display expire 2 lines
06-24 20:05:11.944 I/chatty  ( 3824): uid=1000(system) Binder:3824_17 expire 1 line
06-24 20:05:11.944 I/chatty  ( 3824): uid=1000(system) ConnectivitySer expire 2 lines
06-24 20:05:14.829 I/chatty  ( 3824): uid=1000(system) LazyTaskWriterT expire 2 lines
06-24 20:08:37.082 I/chatty  ( 3824): uid=1000(system) CpuTracker expire 8 lines
06-24 20:08:37.968 I/chatty  ( 3824): uid=1000(system) ActivityManager expire 4 lines
06-24 20:08:39.682 I/chatty  ( 3824): uid=1000(system) Binder:3824_14 expire 16 lines
06-24 20:08:40.951 I/chatty  ( 3824): uid=1000(system) InputDispatcher expire 4 lines
06-24 20:08:43.728 I/chatty  ( 3824): uid=1000(system) ActivityManager expire 6 lines
06-24 20:08:43.842 I/chatty  ( 3824): uid=1000 system_server expire 2 lines
06-24 20:08:43.850 I/chatty  ( 3824): uid=1000 system_server expire 2 lines
06-24 20:08:43.864 I/chatty  ( 3824): uid=1000 system_server expire 2 lines
06-24 20:08:43.958 I/chatty  ( 3824): uid=1000(system) kworker/0:1 expire 2 lines
06-24 20:08:44.460 I/chatty  ( 3824): uid=1000(system) Binder:3824_1B expire 5 lines
06-24 20:08:45.373 I/chatty  ( 3824): uid=1000 system_server expire 2 lines
06-24 20:08:45.465 I/chatty  ( 3824): uid=1000 system_server expire 2 lines
06-24 20:08:57.939 I/chatty  ( 3824): uid=1000(system) Binder:3824_D expire 6 lines
06-24 20:08:58.084 W/ContextImpl( 5748): Calling a method in the system process without a qualified user: android.app.ContextImpl.bindService:1748 android.content.ContextWrapper.bindService:756 com.jio.adc.core.b.d:56 com.jio.adc.core.b.b:13 com.jio.adc.core.b$c.run:7 
06-24 20:09:02.477 W/ContextImpl( 5409): Calling a method in the system process without a qualified user: android.app.ContextImpl.sendBroadcast:1111 android.content.ContextWrapper.sendBroadcast:468 com.iwedia.tvinput.engine.ChannelManager.disconnectCA:3912 com.iwedia.tvinput.engine.ChannelManager.access$4300:116 com.iwedia.tvinput.engine.ChannelManager$CaReconnectTask.run:2434 
06-24 20:09:02.515 W/ContextImpl( 5409): Calling a method in the system process without a qualified user: android.app.ContextImpl.sendBroadcast:1111 android.content.ContextWrapper.sendBroadcast:468 com.iwedia.tvinput.engine.ChannelManager.connectCA:3844 com.iwedia.tvinput.engine.ChannelManager.access$5900:116 com.iwedia.tvinput.engine.ChannelManager$CaMessageHandler.handleMessage:4279 
06-24 20:09:02.790 I/chatty  ( 3824): uid=1000(system) Binder:3824_12 expire 2 lines
06-24 20:09:02.810 I/chatty  ( 3824): uid=1000(system) Binder:3824_14 expire 5 lines
06-24 20:09:03.022 I/chatty  ( 3824): uid=1000 system_server expire 10 lines
06-24 20:09:03.032 I/chatty  ( 3824): uid=1000(system) Binder:3824_15 expire 4 lines
06-24 20:09:03.098 I/chatty  ( 3824): uid=1000(system) android.bg expire 13 lines
06-24 20:09:03.218 I/chatty  ( 3824): uid=1000(system) Binder:3824_12 expire 4 lines
06-24 20:09:03.378 I/chatty  ( 3824): uid=1000(system) Binder:3824_1B expire 13 lines
06-24 20:09:03.470 I/chatty  ( 3824): uid=1000(system) Binder:3824_D expire 12 lines
06-24 20:09:05.916 I/chatty  ( 3824): uid=1000(system) ConnectivitySer expire 1 line
06-24 20:09:27.820 I/chatty  ( 3824): uid=1000(system) Binder:3824_19 expire 19 lines
06-24 20:09:36.951 W/ContextImpl( 5111): Calling a method in the system process without a qualified user: android.app.ContextImpl.sendBroadcast:1111 android.content.ContextWrapper.sendBroadcast:468 com.rjil.jiostbsetting.service.EndlessService.ESNredirect:1611 com.rjil.jiostbsetting.service.EndlessService$mConnection$1$onServiceConnected$2.invokeSuspend:1214 kotlin.coroutines.jvm.internal.BaseContinuationImpl.resumeWith:33 
06-24 20:09:36.989 I/chatty  ( 3824): uid=1000(system) ActivityManager expire 2 lines
06-24 20:09:37.018 W/ContextImpl( 5111): Calling a method in the system process without a qualified user: android.app.ContextImpl.bindService:1748 android.content.ContextWrapper.bindService:756 com.jio.adc.core.b.d:56 com.jio.adc.core.b.b:13 com.jio.adc.core.b$c.run:7 
06-24 20:09:37.515 W/ContextImpl( 5111): Calling a method in the system process without a qualified user: android.app.ContextImpl.sendBroadcast:1111 android.content.ContextWrapper.sendBroadcast:468 com.rjil.jiostbsetting.utils.UtilsKt.getAllVolumeDetails:2572 com.rjil.jiostbsetting.service.EndlessService.getParameters$lambda-22:1173 com.rjil.jiostbsetting.service.EndlessService.$r8$lambda$rJsFG8XlIrKzvRVodgEZk__jDnM:0 
06-24 20:09:37.527 W/ContextImpl( 5111): Calling a method in the system process without a qualified user: android.app.ContextImpl.sendBroadcast:1111 android.content.ContextWrapper.sendBroadcast:468 com.rjil.jiostbsetting.utils.UtilsKt.sendUSBAttachDetachBroadcast:2601 com.rjil.jiostbsetting.service.EndlessService$CallbackListener.onParameterNotification:1334 com.rjil.jiostbsetting.dc.DCDataProvider.invokeCallback:107 
06-24 20:09:58.801 I/chatty  ( 3824): uid=1000(system) android.ui expire 6 lines
06-24 20:10:01.727 I/chatty  ( 3824): uid=1000(system) Binder:3824_5 expire 5 lines
06-24 20:10:04.291 I/chatty  ( 3824): uid=1000(system) Binder:3824_7 expire 10 lines
06-24 20:10:06.865 I/chatty  ( 3824): uid=1000(system) Binder:3824_17 expire 2 lines
06-24 20:11:00.487 I/chatty  ( 3824): uid=1000(system) Binder:3824_11 expire 12 lines
06-24 20:11:00.695 I/chatty  ( 3824): uid=1000(system) Binder:3824_6 expire 11 lines
06-24 20:11:01.516 I/chatty  ( 3824): uid=1000(system) Binder:3824_C expire 2 lines
06-24 20:11:01.642 I/chatty  ( 3824): uid=1000(system) Binder:3824_4 expire 4 lines
06-24 20:11:05.482 I/chatty  ( 3824): uid=1000(system) Binder:3824_1A expire 4 lines
06-24 20:11:05.490 I/chatty  ( 3824): uid=1000 system_server expire 14 lines
06-24 20:11:05.603 I/chatty  ( 3824): uid=1000(system) Binder:3824_10 expire 10 lines
06-24 20:11:15.042 I/chatty  ( 3824): uid=1000(system) android.bg expire 16 lines
06-24 20:12:11.555 I/chatty  ( 3824): uid=1000(system) android.ui expire 7 lines
06-24 20:12:14.511 I/chatty  ( 3824): uid=1000(system) Binder:3824_13 expire 27 lines
06-24 20:12:14.515 I/chatty  ( 3824): uid=1000(system) Binder:3824_5 expire 23 lines
06-24 20:12:14.589 I/chatty  ( 3824): uid=1000(system) Binder:3824_9 expire 28 lines
06-24 20:12:15.441 I/chatty  ( 3824): uid=1000(system) Binder:3824_D expire 15 lines
06-24 20:13:23.332 I/chatty  ( 3824): uid=1000(system) Binder:3824_3 expire 10 lines
06-24 20:13:51.259 I/chatty  ( 3824): uid=1000(system) Binder:3824_10 expire 4 lines
06-24 20:13:56.853 I/chatty  ( 3824): uid=1000(system) android.bg expire 11 lines
06-24 20:14:09.934 I/chatty  ( 3824): uid=1000(system) Binder:3824_D expire 15 lines
06-24 20:14:10.162 I/chatty  ( 3824): uid=1000 system_server expire 13 lines
06-24 20:14:41.836 I/chatty  ( 3824): uid=1000(system) android.ui expire 6 lines
06-24 20:15:04.991 I/chatty  ( 3824): uid=1000(system) Binder:3824_5 expire 5 lines
06-24 20:15:05.171 I/chatty  ( 3824): uid=1000(system) Binder:3824_1A expire 29 lines
06-24 20:15:08.228 I/chatty  ( 3824): uid=1000(system) android.fg expire 6 lines
06-24 20:15:08.246 I/chatty  ( 3824): uid=1000 system_server expire 2 lines
06-24 20:15:08.257 I/chatty  ( 3824): uid=1000 system_server expire 2 lines
06-24 20:15:08.294 I/chatty  ( 3824): uid=1000 system_server expire 2 lines
06-24 20:15:08.298 I/chatty  ( 3824): uid=1000 system_server expire 2 lines
06-24 20:15:08.599 I/chatty  ( 3824): uid=1000 system_server expire 2 lines
06-24 20:15:08.742 I/chatty  ( 3824): uid=1000 system_server expire 2 lines
06-24 20:15:08.831 I/chatty  ( 3824): uid=1000(system) Binder:3824_12 expire 1 line
06-24 20:15:08.840 I/chatty  ( 3824): uid=1000(system) Binder:3824_18 expire 1 line
06-24 20:15:09.494 I/chatty  ( 3824): uid=1000(system) PackageManager expire 4 lines
06-24 20:15:18.611 I/chatty  ( 3824): uid=1000 system_server expire 2 lines
06-24 20:15:18.770 I/chatty  ( 3824): uid=1000(system) Binder:3824_9 expire 1 line
06-24 20:15:18.771 I/chatty  ( 3824): uid=1000(system) ConnectivitySer expire 2 lines
06-24 20:15:18.771 I/chatty  ( 3824): uid=1000(system) android.display expire 1 line
06-24 20:15:18.772 I/chatty  ( 3824): uid=1000(system) Binder:3824_B expire 1 line
06-24 20:15:21.678 I/chatty  ( 3824): uid=1000(system) LazyTaskWriterT expire 1 line
06-24 20:15:22.100 W/SocketClient( 3528): write error (Broken pipe)
06-24 20:15:42.070 W/SocketClient( 3528): write error (Broken pipe)
06-24 20:15:48.023 I/chatty  ( 3824): uid=1000(system) android.bg expire 26 lines
06-24 20:18:57.449 I/chatty  ( 3824): uid=1000(system) Binder:3824_19 expire 3 lines
06-24 20:20:01.236 I/chatty  ( 3824): uid=1000(system) PowerManagerSer expire 6 lines
06-24 20:20:08.244 I/chatty  ( 3824): uid=1000(system) ActivityManager expire 2 lines
06-24 20:20:08.482 E/ActivityThread(18544): Failed to find provider info for com.google.android.gms.chimera
06-24 20:20:08.651 I/chatty  ( 3824): uid=1000 system_server expire 2 lines
06-24 20:20:08.664 I/chatty  ( 3824): uid=1000 system_server expire 2 lines
06-24 20:20:08.681 I/chatty  ( 3824): uid=1000 system_server expire 2 lines
06-24 20:20:08.682 I/chatty  ( 3824): uid=1000 system_server expire 2 lines
06-24 20:20:10.315 I/chatty  ( 3824): uid=1000 system_server expire 2 lines
06-24 20:20:10.383 I/chatty  ( 3824): uid=1000 system_server expire 2 lines
06-24 20:20:10.788 I/chatty  ( 3824): uid=1000(system) android.bg expire 23 lines
06-24 20:20:14.742 I/chatty  ( 3824): uid=1000(system) Binder:3824_17 expire 1 line
06-24 20:23:58.567 W/ContextImpl( 5748): Calling a method in the system process without a qualified user: android.app.ContextImpl.bindService:1748 android.content.ContextWrapper.bindService:756 com.jio.adc.core.b.d:56 com.jio.adc.core.b.b:13 com.jio.adc.core.b$c.run:7 
06-24 20:24:02.484 W/ContextImpl( 5409): Calling a method in the system process without a qualified user: android.app.ContextImpl.sendBroadcast:1111 android.content.ContextWrapper.sendBroadcast:468 com.iwedia.tvinput.engine.ChannelManager.disconnectCA:3912 com.iwedia.tvinput.engine.ChannelManager.access$4300:116 com.iwedia.tvinput.engine.ChannelManager$CaReconnectTask.run:2434 
06-24 20:24:02.517 W/ContextImpl( 5409): Calling a method in the system process without a qualified user: android.app.ContextImpl.sendBroadcast:1111 android.content.ContextWrapper.sendBroadcast:468 com.iwedia.tvinput.engine.ChannelManager.connectCA:3844 com.iwedia.tvinput.engine.ChannelManager.access$5900:116 com.iwedia.tvinput.engine.ChannelManager$CaMessageHandler.handleMessage:4279 
06-24 20:24:03.354 I/chatty  ( 3824): uid=1000(system) android.bg expire 89 lines
06-24 20:28:43.928 I/chatty  ( 3824): uid=1000(system) ActivityManager expire 4 lines
06-24 20:39:02.405 W/ContextImpl( 5409): Calling a method in the system process without a qualified user: android.app.ContextImpl.sendBroadcast:1111 android.content.ContextWrapper.sendBroadcast:468 com.iwedia.tvinput.engine.ChannelManager.disconnectCA:3912 com.iwedia.tvinput.engine.ChannelManager.access$4300:116 com.iwedia.tvinput.engine.ChannelManager$CaReconnectTask.run:2434 
06-24 20:39:02.412 W/ContextImpl( 5748): Calling a method in the system process without a qualified user: android.app.ContextImpl.bindService:1748 android.content.ContextWrapper.bindService:756 com.jio.adc.core.b.d:56 com.jio.adc.core.b.b:13 com.jio.adc.core.b$c.run:7 
06-24 20:39:02.447 W/ContextImpl( 5409): Calling a method in the system process without a qualified user: android.app.ContextImpl.sendBroadcast:1111 android.content.ContextWrapper.sendBroadcast:468 com.iwedia.tvinput.engine.ChannelManager.connectCA:3844 com.iwedia.tvinput.engine.ChannelManager.access$5900:116 com.iwedia.tvinput.engine.ChannelManager$CaMessageHandler.handleMessage:4279 
06-24 20:39:03.384 I/chatty  ( 3824): uid=1000(system) android.bg expire 72 lines
06-24 20:39:47.656 W/ContextImpl( 5111): Calling a method in the system process without a qualified user: android.app.ContextImpl.sendBroadcast:1111 android.content.ContextWrapper.sendBroadcast:468 com.rjil.jiostbsetting.service.EndlessService.ESNredirect:1611 com.rjil.jiostbsetting.service.EndlessService$mConnection$1$onServiceConnected$2.invokeSuspend:1214 kotlin.coroutines.jvm.internal.BaseContinuationImpl.resumeWith:33 
06-24 20:39:47.671 W/ContextImpl( 5111): Calling a method in the system process without a qualified user: android.app.ContextImpl.bindService:1748 android.content.ContextWrapper.bindService:756 com.jio.adc.core.b.d:56 com.jio.adc.core.b.b:13 com.jio.adc.core.b$c.run:7 
06-24 20:39:49.880 W/ContextImpl( 5111): Calling a method in the system process without a qualified user: android.app.ContextImpl.sendBroadcast:1111 android.content.ContextWrapper.sendBroadcast:468 com.rjil.jiostbsetting.utils.UtilsKt.getAllVolumeDetails:2572 com.rjil.jiostbsetting.service.EndlessService.getParameters$lambda-22:1173 com.rjil.jiostbsetting.service.EndlessService.$r8$lambda$rJsFG8XlIrKzvRVodgEZk__jDnM:0 
06-24 20:39:49.892 W/ContextImpl( 5111): Calling a method in the system process without a qualified user: android.app.ContextImpl.sendBroadcast:1111 android.content.ContextWrapper.sendBroadcast:468 com.rjil.jiostbsetting.utils.UtilsKt.sendUSBAttachDetachBroadcast:2601 com.rjil.jiostbsetting.service.EndlessService$CallbackListener.onParameterNotification:1334 com.rjil.jiostbsetting.dc.DCDataProvider.invokeCallback:107 
06-24 20:51:08.703 I/chatty  ( 3824): uid=1000(system) NetworkWatchlis expire 1 line
06-24 20:51:08.707 I/chatty  ( 3824): uid=1000 system_server expire 8 lines
06-24 20:51:08.830 I/chatty  ( 3824): uid=1000 system_server expire 1 line
06-24 20:51:08.831 I/chatty  ( 3824): uid=1000(system) ActivityManager expire 6 lines
06-24 20:51:09.188 D/DownloadManager(25848): Removed 0 stale downloads
06-24 20:51:09.199 D/DownloadManager(25848): Found 0 files in database
06-24 20:51:09.199 D/DownloadManager(25848): Found 0 files on disk
06-24 20:51:09.214 I/chatty  ( 3824): uid=1000(system) Binder:3824_3 expire 3 lines
06-24 20:51:09.301 I/chatty  ( 3824): uid=1000(system) Binder:3824_19 expire 5 lines
06-24 20:51:09.302 I/chatty  ( 3824): uid=1000(system) ConnectivitySer expire 2 lines
06-24 20:51:09.640 I/chatty  ( 3824): uid=1000(system) AsyncTask #1 expire 1 line
06-24 20:51:11.393 I/chatty  ( 3824): uid=1000(system) android.bg expire 17 lines
06-24 20:51:23.030 I/chatty  ( 3824): uid=1000(system) NetworkWatchlis expire 1 line
06-24 20:51:23.045 I/chatty  ( 3824): uid=1000(system) android.io expire 10 lines
06-24 20:53:44.131 I/chatty  ( 3824): uid=1000(system) ActivityManager expire 4 lines
06-24 20:54:01.942 W/ContextImpl( 5748): Calling a method in the system process without a qualified user: android.app.ContextImpl.bindService:1748 android.content.ContextWrapper.bindService:756 com.jio.adc.core.b.d:56 com.jio.adc.core.b.b:13 com.jio.adc.core.b$c.run:7 
06-24 20:54:01.943 W/ContextImpl( 5409): Calling a method in the system process without a qualified user: android.app.ContextImpl.sendBroadcast:1111 android.content.ContextWrapper.sendBroadcast:468 com.iwedia.tvinput.engine.ChannelManager.disconnectCA:3912 com.iwedia.tvinput.engine.ChannelManager.access$4300:116 com.iwedia.tvinput.engine.ChannelManager$CaReconnectTask.run:2434 
06-24 20:54:01.976 W/ContextImpl( 5409): Calling a method in the system process without a qualified user: android.app.ContextImpl.sendBroadcast:1111 android.content.ContextWrapper.sendBroadcast:468 com.iwedia.tvinput.engine.ChannelManager.connectCA:3844 com.iwedia.tvinput.engine.ChannelManager.access$5900:116 com.iwedia.tvinput.engine.ChannelManager$CaMessageHandler.handleMessage:4279 
06-24 20:54:03.996 I/chatty  ( 3824): uid=1000(system) android.bg expire 27 lines
06-24 20:58:25.914 I/chatty  ( 3824): uid=1000(system) InputDispatcher expire 8 lines
06-24 20:58:25.918 I/chatty  ( 3824): uid=1000(system) PowerManagerSer expire 8 lines
06-24 20:58:25.918 I/chatty  ( 3824): uid=1000(system) android.fg expire 9 lines
06-24 20:58:25.948 I/chatty  ( 3824): uid=1000 system_server expire 2 lines
06-24 20:58:25.973 I/chatty  ( 3824): uid=1000 system_server expire 2 lines
06-24 20:58:25.974 I/chatty  ( 3824): uid=1000 system_server expire 2 lines
06-24 20:58:25.976 I/chatty  ( 3824): uid=1000 system_server expire 2 lines
06-24 20:58:26.252 I/chatty  ( 3824): uid=1000 system_server expire 2 lines
06-24 20:58:26.253 I/chatty  ( 3824): uid=1000 system_server expire 2 lines
06-24 20:58:26.291 I/chatty  ( 3824): uid=1000(system) Binder:3824_C expire 1 line
06-24 20:58:26.313 I/chatty  ( 3824): uid=1000 system_server expire 2 lines
06-24 20:58:26.473 I/chatty  ( 3824): uid=1000(system) Binder:3824_17 expire 4 lines
06-24 20:58:26.499 I/chatty  ( 3824): uid=1000(system) android.display expire 2 lines
06-24 20:58:32.154 W/SocketClient( 3528): write error (Broken pipe)
06-24 20:58:37.311 I/chatty  ( 3824): uid=1000(system) android.bg expire 29 lines
06-24 20:59:54.142 I/chatty  ( 3824): uid=1000(system) Binder:3824_1 expire 4 lines
06-24 20:59:54.143 I/chatty  ( 3824): uid=1000 system_server expire 2 lines
06-24 20:59:54.156 I/chatty  ( 3824): uid=1000 system_server expire 2 lines
06-24 20:59:54.176 I/chatty  ( 3824): uid=1000 system_server expire 2 lines
06-24 20:59:54.364 I/chatty  ( 3824): uid=1000 system_server expire 2 lines
06-24 20:59:58.273 I/chatty  ( 3824): uid=1000(system) LazyTaskWriterT expire 1 line
06-24 21:00:01.217 I/chatty  ( 3824): uid=1000 system_server expire 2 lines
06-24 21:00:01.275 I/chatty  ( 3824): uid=1000 system_server expire 2 lines
06-24 21:03:26.497 E/ActivityThread(29611): Failed to find provider info for com.google.android.gms.chimera
06-24 21:03:26.603 I/chatty  ( 3824): uid=1000 system_server expire 2 lines
06-24 21:03:26.614 I/chatty  ( 3824): uid=1000 system_server expire 2 lines
06-24 21:03:26.641 I/chatty  ( 3824): uid=1000 system_server expire 2 lines
06-24 21:03:26.645 I/chatty  ( 3824): uid=1000 system_server expire 2 lines
06-24 21:03:28.162 I/chatty  ( 3824): uid=1000 system_server expire 2 lines
06-24 21:03:28.281 I/chatty  ( 3824): uid=1000 system_server expire 2 lines
06-24 21:03:30.398 I/chatty  ( 3824): uid=1000(system) android.bg expire 33 lines
06-24 21:08:58.054 W/ContextImpl( 5748): Calling a method in the system process without a qualified user: android.app.ContextImpl.bindService:1748 android.content.ContextWrapper.bindService:756 com.jio.adc.core.b.d:56 com.jio.adc.core.b.b:13 com.jio.adc.core.b$c.run:7 
06-24 21:09:01.930 W/ContextImpl( 5409): Calling a method in the system process without a qualified user: android.app.ContextImpl.sendBroadcast:1111 android.content.ContextWrapper.sendBroadcast:468 com.iwedia.tvinput.engine.ChannelManager.disconnectCA:3912 com.iwedia.tvinput.engine.ChannelManager.access$4300:116 com.iwedia.tvinput.engine.ChannelManager$CaReconnectTask.run:2434 
06-24 21:09:01.969 W/ContextImpl( 5409): Calling a method in the system process without a qualified user: android.app.ContextImpl.sendBroadcast:1111 android.content.ContextWrapper.sendBroadcast:468 com.iwedia.tvinput.engine.ChannelManager.connectCA:3844 com.iwedia.tvinput.engine.ChannelManager.access$5900:116 com.iwedia.tvinput.engine.ChannelManager$CaMessageHandler.handleMessage:4279 
06-24 21:09:04.013 I/chatty  ( 3824): uid=1000(system) android.bg expire 15 lines
06-24 21:09:51.784 W/ContextImpl( 5111): Calling a method in the system process without a qualified user: android.app.ContextImpl.sendBroadcast:1111 android.content.ContextWrapper.sendBroadcast:468 com.rjil.jiostbsetting.service.EndlessService.ESNredirect:1611 com.rjil.jiostbsetting.service.EndlessService$mConnection$1$onServiceConnected$2.invokeSuspend:1214 kotlin.coroutines.jvm.internal.BaseContinuationImpl.resumeWith:33 
06-24 21:09:51.808 W/ContextImpl( 5111): Calling a method in the system process without a qualified user: android.app.ContextImpl.bindService:1748 android.content.ContextWrapper.bindService:756 com.jio.adc.core.b.d:56 com.jio.adc.core.b.b:13 com.jio.adc.core.b$c.run:7 
06-24 21:09:54.029 W/ContextImpl( 5111): Calling a method in the system process without a qualified user: android.app.ContextImpl.sendBroadcast:1111 android.content.ContextWrapper.sendBroadcast:468 com.rjil.jiostbsetting.utils.UtilsKt.getAllVolumeDetails:2572 com.rjil.jiostbsetting.service.EndlessService.getParameters$lambda-22:1173 com.rjil.jiostbsetting.service.EndlessService.$r8$lambda$rJsFG8XlIrKzvRVodgEZk__jDnM:0 
06-24 21:09:54.037 W/ContextImpl( 5111): Calling a method in the system process without a qualified user: android.app.ContextImpl.sendBroadcast:1111 android.content.ContextWrapper.sendBroadcast:468 com.rjil.jiostbsetting.utils.UtilsKt.sendUSBAttachDetachBroadcast:2601 com.rjil.jiostbsetting.service.EndlessService$CallbackListener.onParameterNotification:1334 com.rjil.jiostbsetting.dc.DCDataProvider.invokeCallback:107 
06-24 21:11:32.712 I/chatty  ( 3824): uid=1000 system_server expire 2 lines
06-24 21:11:32.723 I/chatty  ( 3824): uid=1000 system_server expire 2 lines
06-24 21:11:32.724 I/chatty  ( 3824): uid=1000 system_server expire 2 lines
06-24 21:11:32.727 I/chatty  ( 3824): uid=1000 system_server expire 2 lines
06-24 21:11:32.903 I/chatty  ( 3824): uid=1000(system) android.ui expire 2 lines
06-24 21:11:32.988 I/chatty  ( 3824): uid=1000 system_server expire 2 lines
06-24 21:11:32.990 I/chatty  ( 3824): uid=1000 system_server expire 2 lines
06-24 21:11:33.045 I/chatty  ( 3824): uid=1000 system_server expire 2 lines
06-24 21:11:33.210 I/chatty  ( 3824): uid=1000(system) Binder:3824_1C expire 2 lines
06-24 21:11:33.955 I/chatty  ( 3824): uid=1000 system_server expire 2 lines
06-24 21:11:33.977 I/chatty  ( 3824): uid=1000 system_server expire 2 lines
06-24 21:11:33.978 I/chatty  ( 3824): uid=1000 system_server expire 2 lines
06-24 21:11:33.988 I/chatty  ( 3824): uid=1000 system_server expire 2 lines
06-24 21:11:34.138 I/chatty  ( 3824): uid=1000 system_server expire 2 lines
06-24 21:11:34.142 I/chatty  ( 3824): uid=1000 system_server expire 2 lines
06-24 21:11:34.255 I/chatty  ( 3824): uid=1000 system_server expire 2 lines
06-24 21:11:35.314 I/chatty  ( 3824): uid=1000(system) Binder:3824_17 expire 10 lines
06-24 21:11:35.325 I/chatty  ( 3824): uid=1000(system) Binder:3824_4 expire 14 lines
06-24 21:11:35.438 I/chatty  ( 3824): uid=1000(system) Binder:3824_1C expire 1 line
06-24 21:11:35.438 I/chatty  ( 3824): uid=1000(system) android.display expire 4 lines
06-24 21:11:35.889 I/chatty  ( 3824): uid=1000(system) android.bg expire 23 lines
06-24 21:11:37.304 I/chatty  ( 3824): uid=1000(system) LazyTaskWriterT expire 4 lines
06-24 21:12:09.156 I/chatty  ( 3824): uid=1000(system) Binder:3824_B expire 4 lines
06-24 21:12:09.157 I/chatty  ( 3824): uid=1000 system_server expire 2 lines
06-24 21:12:09.163 I/chatty  ( 3824): uid=1000 system_server expire 2 lines
06-24 21:12:09.169 I/chatty  ( 3824): uid=1000(system) ActivityManager expire 6 lines
06-24 21:12:09.180 I/chatty  ( 3824): uid=1000 system_server expire 2 lines
06-24 21:12:09.252 I/chatty  ( 3824): uid=1000 system_server expire 2 lines
06-24 21:12:09.654 I/chatty  ( 3824): uid=1000(system) ConnectivitySer expire 4 lines
06-24 21:12:10.208 I/chatty  ( 3824): uid=1000 system_server expire 2 lines
06-24 21:12:10.261 I/chatty  ( 3824): uid=1000 system_server expire 2 lines
06-24 21:14:10.624 I/chatty  ( 3824): uid=1000(system) android.ui expire 1 line
06-24 21:14:10.652 I/chatty  ( 3824): uid=1000 system_server expire 2 lines
06-24 21:14:10.679 I/chatty  ( 3824): uid=1000 system_server expire 2 lines
06-24 21:14:10.684 I/chatty  ( 3824): uid=1000 system_server expire 2 lines
06-24 21:14:10.686 I/chatty  ( 3824): uid=1000 system_server expire 2 lines
06-24 21:14:10.815 I/chatty  ( 3824): uid=1000 system_server expire 2 lines
06-24 21:14:10.820 I/chatty  ( 3824): uid=1000 system_server expire 2 lines
06-24 21:14:10.933 I/chatty  ( 3824): uid=1000 system_server expire 2 lines
06-24 21:14:41.328 I/chatty  ( 3824): uid=1000(system) Binder:3824_7 expire 3 lines
06-24 21:14:41.329 I/chatty  ( 3824): uid=1000 system_server expire 2 lines
06-24 21:14:41.334 I/chatty  ( 3824): uid=1000 system_server expire 2 lines
06-24 21:14:41.346 I/chatty  ( 3824): uid=1000 system_server expire 2 lines
06-24 21:14:41.409 I/chatty  ( 3824): uid=1000 system_server expire 2 lines
06-24 21:14:42.290 I/chatty  ( 3824): uid=1000 system_server expire 2 lines
06-24 21:14:42.343 I/chatty  ( 3824): uid=1000 system_server expire 2 lines
06-24 21:15:28.145 W/ContextImpl( 5748): Calling a method in the system process without a qualified user: android.app.ContextImpl.bindService:1748 android.content.ContextWrapper.bindService:756 com.jio.adc.core.b.d:56 com.jio.adc.core.b.b:13 com.jio.adc.core.b$c.run:7 
06-24 21:15:28.453 I/chatty  ( 3824): uid=1000(system) android.bg expire 23 lines
06-24 21:17:59.758 I/chatty  ( 3824): uid=1000(system) Binder:3824_5 expire 4 lines
06-24 21:19:03.629 I/chatty  ( 3824): uid=1000(system) PowerManagerSer expire 7 lines
06-24 21:19:10.638 I/chatty  ( 3824): uid=1000(system) android.fg expire 4 lines
06-24 21:19:10.767 E/ActivityThread( 2273): Failed to find provider info for com.google.android.gms.chimera
06-24 21:19:10.856 I/chatty  ( 3824): uid=1000 system_server expire 2 lines
06-24 21:19:10.873 I/chatty  ( 3824): uid=1000 system_server expire 2 lines
06-24 21:19:10.909 I/chatty  ( 3824): uid=1000 system_server expire 2 lines
06-24 21:19:10.914 I/chatty  ( 3824): uid=1000 system_server expire 2 lines
06-24 21:19:12.371 I/chatty  ( 3824): uid=1000 system_server expire 2 lines
06-24 21:19:12.499 I/chatty  ( 3824): uid=1000 system_server expire 2 lines
06-24 21:19:16.796 I/chatty  ( 3824): uid=1000(system) Binder:3824_17 expire 1 line
06-24 21:19:20.869 I/chatty  ( 3824): uid=1000(system) android.bg expire 28 lines
06-24 21:20:16.817 I/chatty  ( 3824): uid=1000(system) Binder:3824_3 expire 3 lines
06-24 21:20:17.032 I/chatty  ( 3824): uid=1000 system_server expire 10 lines
06-24 21:23:59.023 W/ContextImpl( 5748): Calling a method in the system process without a qualified user: android.app.ContextImpl.bindService:1748 android.content.ContextWrapper.bindService:756 com.jio.adc.core.b.d:56 com.jio.adc.core.b.b:13 com.jio.adc.core.b$c.run:7 
06-24 21:24:02.098 W/ContextImpl( 5409): Calling a method in the system process without a qualified user: android.app.ContextImpl.sendBroadcast:1111 android.content.ContextWrapper.sendBroadcast:468 com.iwedia.tvinput.engine.ChannelManager.disconnectCA:3912 com.iwedia.tvinput.engine.ChannelManager.access$4300:116 com.iwedia.tvinput.engine.ChannelManager$CaReconnectTask.run:2434 
06-24 21:24:02.135 W/ContextImpl( 5409): Calling a method in the system process without a qualified user: android.app.ContextImpl.sendBroadcast:1111 android.content.ContextWrapper.sendBroadcast:468 com.iwedia.tvinput.engine.ChannelManager.connectCA:3844 com.iwedia.tvinput.engine.ChannelManager.access$5900:116 com.iwedia.tvinput.engine.ChannelManager$CaMessageHandler.handleMessage:4279 
06-24 21:24:03.960 I/chatty  ( 3824): uid=1000(system) android.bg expire 33 lines
06-24 21:29:33.401 I/chatty  ( 3824): uid=1000(system) InputDispatcher expire 6 lines
06-24 21:29:33.412 I/chatty  ( 3824): uid=1000 system_server expire 2 lines
06-24 21:29:33.423 I/chatty  ( 3824): uid=1000 system_server expire 2 lines
06-24 21:29:33.425 I/chatty  ( 3824): uid=1000 system_server expire 2 lines
06-24 21:29:33.428 I/chatty  ( 3824): uid=1000 system_server expire 2 lines
06-24 21:29:33.686 I/chatty  ( 3824): uid=1000 system_server expire 2 lines
06-24 21:29:33.688 I/chatty  ( 3824): uid=1000 system_server expire 2 lines
06-24 21:29:33.745 I/chatty  ( 3824): uid=1000(system) Binder:3824_8 expire 20 lines
06-24 21:29:33.745 I/chatty  ( 3824): uid=1000(system) android.fg expire 2 lines
06-24 21:29:33.758 I/chatty  ( 3824): uid=1000 system_server expire 2 lines
06-24 21:29:33.924 I/chatty  ( 3824): uid=1000(system) Binder:3824_7 expire 14 lines
06-24 21:29:35.138 I/chatty  ( 3824): uid=1000(system) InputDispatcher expire 8 lines
06-24 21:29:36.435 I/chatty  ( 3824): uid=1000(system) android.ui expire 6 lines
06-24 21:29:36.467 I/chatty  ( 3824): uid=1000 system_server expire 2 lines
06-24 21:29:36.489 I/chatty  ( 3824): uid=1000 system_server expire 2 lines
06-24 21:29:36.496 I/chatty  ( 3824): uid=1000 system_server expire 2 lines
06-24 21:29:36.497 I/chatty  ( 3824): uid=1000 system_server expire 2 lines
06-24 21:29:36.625 I/chatty  ( 3824): uid=1000 system_server expire 2 lines
06-24 21:29:36.625 I/chatty  ( 3824): uid=1000 system_server expire 2 lines
06-24 21:29:36.726 I/chatty  ( 3824): uid=1000 system_server expire 2 lines
06-24 21:29:37.517 I/chatty  ( 3824): uid=1000(system) android.bg expire 20 lines
06-24 21:29:37.521 I/chatty  ( 3824): uid=1000(system) Binder:3824_18 expire 12 lines
06-24 21:29:37.521 I/chatty  ( 3824): uid=1000(system) android.display expire 2 lines
06-24 21:29:39.187 W/SocketClient( 3528): write error (Broken pipe)
06-24 21:29:39.785 I/chatty  ( 3824): uid=1000(system) LazyTaskWriterT expire 2 lines
06-24 21:32:03.145 I/chatty  ( 3824): uid=1000(system) Binder:3824_D expire 4 lines
06-24 21:32:03.883 I/chatty  ( 3824): uid=1000(system) ActivityManager expire 4 lines
06-24 21:32:10.094 I/chatty  ( 3824): uid=1000(system) Binder:3824_11 expire 14 lines
06-24 21:32:10.096 I/chatty  ( 3824): uid=1000 system_server expire 2 lines
06-24 21:32:10.103 I/chatty  ( 3824): uid=1000 system_server expire 2 lines
06-24 21:32:10.120 I/chatty  ( 3824): uid=1000 system_server expire 2 lines
06-24 21:32:10.195 I/chatty  ( 3824): uid=1000 system_server expire 2 lines
06-24 21:32:10.547 I/chatty  ( 3824): uid=1000(system) ConnectivitySer expire 2 lines
06-24 21:32:11.190 I/chatty  ( 3824): uid=1000 system_server expire 2 lines
06-24 21:32:11.243 I/chatty  ( 3824): uid=1000 system_server expire 2 lines
06-24 21:32:25.462 I/chatty  ( 3824): uid=1000(system) Binder:3824_F expire 11 lines
06-24 21:32:25.707 I/chatty  ( 3824): uid=1000 system_server expire 5 lines
06-24 21:32:30.824 I/chatty  ( 3824): uid=1000(system) Binder:3824_19 expire 4 lines
06-24 21:32:52.861 W/ContextImpl( 5748): Calling a method in the system process without a qualified user: android.app.ContextImpl.bindService:1748 android.content.ContextWrapper.bindService:756 com.jio.adc.core.b.d:56 com.jio.adc.core.b.b:13 com.jio.adc.core.b$c.run:7 
06-24 21:32:59.617 I/chatty  ( 3824): uid=1000(system) android.bg expire 20 lines
06-24 21:33:40.411 I/chatty  ( 3824): uid=1000(system) Binder:3824_19 expire 12 lines
06-24 21:33:40.516 I/chatty  ( 3824): uid=1000(system) Binder:3824_F expire 6 lines
06-24 21:33:40.554 I/chatty  ( 3824): uid=1000 system_server expire 12 lines
06-24 21:33:41.999 I/chatty  ( 3824): uid=1000(system) Binder:3824_18 expire 5 lines
