06-24 22:04:29.945 D/ActivityTaskManager( 3824): recent debug: [launchedPkgName] --> com.iwedia.ui.rjio.launcher.reliance [callingPackage] --> null
06-24 22:04:29.946 V/ActivityTaskManager( 3824): Old State : null Updated state : INITIALIZING Activity : ComponentInfo{com.iwedia.ui.rjio.launcher.reliance/com.iwedia.ui.rjio.launcher.ui.intro.IntroActivity}
06-24 22:04:29.946 V/ActivityTaskManager( 3824): Sending Broadcast : Intent { act=com.jio.remote.action.applaunch flg=0x40000000 pkg=com.jio.remote.btserver (has extras) }
06-24 22:04:29.956 V/ActivityTaskManager( 3824): Old State : RESUMED Updated state : PAUSING Activity : ComponentInfo{in.startv.hotstar/com.hotstar.MainActivity}
06-24 22:04:29.956 V/ActivityTaskManager( 3824): Sending Broadcast : Intent { act=com.jio.remote.action.applaunch flg=0x40000000 pkg=com.jio.remote.btserver (has extras) }
06-24 22:04:29.972 V/ActivityTaskManager( 3824): Old State : STOPPED Updated state : RESUMED Activity : ComponentInfo{com.iwedia.ui.rjio.launcher.reliance/com.iwedia.ui.rjio.launcher.ui.intro.IntroActivity}
06-24 22:04:29.972 V/ActivityTaskManager( 3824): Sending Broadcast : Intent { act=com.jio.remote.action.applaunch flg=0x40000000 pkg=com.jio.remote.btserver (has extras) }
06-24 22:04:29.973 V/ActivityTaskManager( 3824): Old State : PAUSING Updated state : PAUSED Activity : ComponentInfo{in.startv.hotstar/com.hotstar.MainActivity}
06-24 22:04:29.973 V/ActivityTaskManager( 3824): Sending Broadcast : Intent { act=com.jio.remote.action.applaunch flg=0x40000000 pkg=com.jio.remote.btserver (has extras) }
06-24 22:04:30.003 W/ActivityManager( 3824): Receiver with filter android.content.IntentFilter@dd4b624 already registered for pid 5021, callerPackage is com.iwedia.ui.rjio.launcher.reliance
06-24 22:04:30.059 W/WindowManager( 3824): removeWindowToken: Attempted to remove non-existing token: android.os.Binder@9cc9aef
06-24 22:04:30.084 I/ActivityManager( 3824): Force stopping io.appium.uiautomator2.server appid=10075 user=0: finished inst
06-24 22:04:30.094 I/ActivityManager( 3824): Killing 17841:io.appium.uiautomator2.server/u0a75 (adj 0): stop io.appium.uiautomator2.server due to finished inst
06-24 22:04:30.189 I/[10567.049142@0]- binder(    0): undelivered TRANSACTION_COMPLETE
06-24 22:04:30.189 I/[10567.049152@0]- binder(    0): undelivered transaction 3714406, process died.
06-24 22:04:30.337 V/ActivityTaskManager( 3824): Old State : PAUSED Updated state : STOPPING Activity : ComponentInfo{in.startv.hotstar/com.hotstar.MainActivity}
06-24 22:04:30.343 V/ActivityTaskManager( 3824): Sending Broadcast : Intent { act=com.jio.remote.action.applaunch flg=0x40000000 pkg=com.jio.remote.btserver (has extras) }
06-24 22:04:30.528 V/ActivityTaskManager( 3824): Old State : STOPPING Updated state : STOPPED Activity : ComponentInfo{in.startv.hotstar/com.hotstar.MainActivity}
06-24 22:04:30.528 V/ActivityTaskManager( 3824): Sending Broadcast : Intent { act=com.jio.remote.action.applaunch flg=0x40000000 pkg=com.jio.remote.btserver (has extras) }
06-24 22:04:30.551 I/ActivityManager( 3824): Force stopping io.appium.uiautomator2.server appid=10075 user=0: from pid 18259
06-24 22:04:30.567 I/ActivityManager( 3824): Force stopping io.appium.uiautomator2.server.test appid=10066 user=0: from pid 18260
06-24 22:04:30.881 W/[10567.739897@2]- RTW(    0): Turbo EDCA =0x5ea42b
06-24 22:04:31.045 I/UsageStatsService( 3824): User[0] Flushing usage stats to disk
06-24 22:04:31.265 W/[10568.124542@1]- healthd(    0): battery l=100 v=4 t=0.0 h=2 st=2 c=1100 fc=10000000 chg=u
06-24 22:04:34.517 W/[10571.378858@0]- RTW(    0): fill_default_txdesc(wlan0): SP Packet(0x0806) rate=0x4 SeqNum = 787
06-24 22:04:39.621 W/[10576.482012@0]- RTW(    0): fill_default_txdesc(wlan0): SP Packet(0x0806) rate=0x4 SeqNum = 813
06-24 22:04:41.171 I/UsageStatsService( 3824): User[0] Flushing usage stats to disk
06-24 22:04:42.174 I/ActivityManager( 3824): Force stopping in.startv.hotstar appid=10098 user=0: from pid 4931
06-24 22:04:42.175 I/ActivityManager( 3824): Killing 17927:in.startv.hotstar/u0a98 (adj 700): stop in.startv.hotstar due to from pid 4931
06-24 22:04:42.181 W/ActivityTaskManager( 3824): Force removing ActivityRecord{a52a92e u0 in.startv.hotstar/com.hotstar.MainActivity t2224 f}}: app died, no saved state
06-24 22:04:42.182 V/ActivityTaskManager( 3824): Old State : STOPPED Updated state : DESTROYED Activity : ComponentInfo{in.startv.hotstar/com.hotstar.MainActivity}
06-24 22:04:42.183 V/ActivityTaskManager( 3824): Sending Broadcast : Intent { act=com.jio.remote.action.applaunch flg=0x40000000 pkg=com.jio.remote.btserver (has extras) }
06-24 22:04:42.200 I/ActivityManager( 3824): Force stopping in.startv.hotstar appid=10098 user=0: from pid 4931
06-24 22:04:42.236 I/chatty  ( 3824): uid=1000(system) Binder:3824_1B identical 7 lines
06-24 22:04:42.240 I/ActivityManager( 3824): Force stopping in.startv.hotstar appid=10098 user=0: from pid 4931
06-24 22:04:42.341 W/WindowManager( 3824): Cannot find window which accessibility connection is added to
06-24 22:04:42.341 D/ConnectivityService( 3824): ConnectivityService NetworkRequestInfo binderDied(NetworkRequest [ LISTEN id=52, [ Capabilities: INTERNET&NOT_RESTRICTED&TRUSTED&NOT_VPN&FOREGROUND Uid: 10098 AdministratorUids: [] RequestorUid: 10098 RequestorPackageName: in.startv.hotstar] ], android.os.BinderProxy@c64f30a)
06-24 22:04:42.342 W/ActivityManager( 3824): setHasOverlayUi called on unknown pid: 17927
06-24 22:04:44.706 W/[10581.565088@3]- RTW(    0): fill_default_txdesc(wlan0): SP Packet(0x0806) rate=0x4 SeqNum = 851
06-24 22:04:44.729 W/[10581.591502@3]- RTW(    0): fill_default_txdesc(wlan0): SP Packet(0x0806) rate=0x4 SeqNum = 853
06-24 22:04:45.249 E/TaskPersister( 3824): File error accessing recents directory (directory doesn't exist?).
06-24 22:04:48.033 W/[10584.891724@3]- RTW(    0): fill_default_txdesc(wlan0): SP Packet(0x0806) rate=0x4 SeqNum = 860
06-24 22:04:49.825 W/[10586.684852@3]- RTW(    0): fill_default_txdesc(wlan0): SP Packet(0x0806) rate=0x4 SeqNum = 865
06-24 22:04:51.297 I/UsageStatsService( 3824): User[0] Flushing usage stats to disk
06-24 22:04:53.053 W/[10589.915868@3]- RTW(    0): Turbo EDCA =0xa42b
06-24 22:04:53.105 W/        (    0): [10589.966377@1]h gpu debug, next index above max-1, set to 3
06-24 22:04:54.969 W/[10591.830565@3]- RTW(    0): fill_default_txdesc(wlan0): SP Packet(0x0806) rate=0x4 SeqNum = 896
06-24 22:04:55.072 W/[10591.931884@2]- RTW(    0): Turbo EDCA =0x5ea42b
06-24 22:04:59.985 W/[10596.847172@3]- RTW(    0): fill_default_txdesc(wlan0): SP Packet(0x0806) rate=0x4 SeqNum = 915
06-24 22:05:05.109 W/[10601.971215@3]- RTW(    0): fill_default_txdesc(wlan0): SP Packet(0x0806) rate=0x4 SeqNum = 925
06-24 22:05:05.437 W/[10602.299759@1]- RTW(    0): fill_default_txdesc(wlan0): SP Packet(0x0806) rate=0x4 SeqNum = 930
06-24 22:05:10.229 W/[10607.089452@1]- RTW(    0): fill_default_txdesc(wlan0): SP Packet(0x0806) rate=0x4 SeqNum = 938
06-24 22:05:14.965 W/[10611.826475@1]- RTW(    0): fill_default_txdesc(wlan0): SP Packet(0x0806) rate=0x4 SeqNum = 949
06-24 22:05:17.249 W/[10614.107945@0]- RTW(    0): Turbo EDCA =0xa42b
06-24 22:05:19.005 W/[10615.867795@2]- RTW(    0): fill_default_txdesc(wlan0): SP Packet(0x0806) rate=0x4 SeqNum = 987
06-24 22:05:20.365 W/[10617.226538@2]- RTW(    0): fill_default_txdesc(wlan0): SP Packet(0x0806) rate=0x4 SeqNum = 995
06-24 22:05:20.837 W/[10617.696847@3]- audit(    0): audit_lost=5621 audit_rate_limit=5 audit_backlog_limit=64
06-24 22:05:20.837 E/[10617.696857@3]- audit(    0): rate limit exceeded
06-24 22:05:21.281 W/[10618.139868@2]- RTW(    0): Turbo EDCA =0x5ea42b
06-24 22:05:22.593 W/[10619.451837@2]- RTW(    0): fill_default_txdesc(wlan0): SP Packet(0x0806) rate=0x4 SeqNum = 1023
06-24 22:05:23.313 W/        (    0): [10620.173963@1]h gpu debug, next index above max-1, set to 3
06-24 22:05:25.393 W/[10622.252006@2]- RTW(    0): fill_default_txdesc(wlan0): SP Packet(0x0806) rate=0x4 SeqNum = 1030
06-24 22:05:29.364 W/[10626.224793@2]- RTW(    0): cfg80211_rtw_scan(wlan0)
06-24 22:05:29.364 W/[10626.224820@2]- RTW(    0): cfg80211_rtw_scan (wlan0) tx:2, rx:0, bi:2 kbps, disallow(0)
06-24 22:05:29.373 W/[10626.232939@2]- RTW(    0): [HW_VAR_CHECK_TXBUF] Empty in 4 ms
06-24 22:05:29.373 W/[10626.233108@2]- RTW(    0): wlan0 sleep m0=0x00000003, ori reg_0x4d4=0x00000000
06-24 22:05:30.089 W/[10626.949826@1]- RTW(    0): LeaveAllPowerSaveModeDirect.....
06-24 22:05:30.089 W/[10626.949871@1]- RTW(    0): LeaveAllPowerSaveModeDirect: Driver Already Leave LPS
06-24 22:05:30.090 W/[10626.949928@1]- RTW(    0): rtw_hal_set_macaddr_port wlan0- hw port(0) mac_addr =6c:e8:c6:c6:9d:9c
06-24 22:05:30.090 W/[10626.951360@1]- RTW(    0): wlan0- hw port(0) mac_addr =6c:e8:c6:c6:9d:9c
06-24 22:05:30.093 W/[10626.953120@1]- RTW(    0): p2p0- hw port(1) mac_addr =6e:e8:c6:c6:9d:9c
06-24 22:05:30.113 W/[10626.974961@2]- RTW(    0): wlan0 wakeup m0=0x00000003, ori reg_0x4d4=0x00000003
06-24 22:05:30.117 W/[10626.976279@3]- RTW(    0): survey done event(3c) band:0 for wlan0
06-24 22:05:30.117 W/        (    0): [10626.976300@3]- ========== ACS (VER-3) ==========
06-24 22:05:30.117 W/        (    0): [10626.976306@3]- Best 24G Channel:2
06-24 22:05:30.117 W/        (    0): [10626.976311@3]- Best 5G Channel:40
06-24 22:05:30.117 W/        (    0): [10626.976311@3]-
06-24 22:05:30.117 W/[10626.976401@3]- RTW(    0): rtw_indicate_scan_done(wlan0)
06-24 22:05:30.461 W/[10627.319874@1]- RTW(    0): fill_default_txdesc(wlan0): SP Packet(0x0806) rate=0x4 SeqNum = 1054
06-24 22:05:31.265 W/[10628.124719@3]- healthd(    0): battery l=100 v=4 t=0.0 h=2 st=2 c=1100 fc=10000000 chg=u
06-24 22:05:35.421 W/[10632.279987@1]- RTW(    0): fill_default_txdesc(wlan0): SP Packet(0x0806) rate=0x4 SeqNum = 1074
06-24 22:05:37.365 W/[10634.226613@1]- audit(    0): audit_lost=5624 audit_rate_limit=5 audit_backlog_limit=64
06-24 22:05:37.365 E/[10634.226621@1]- audit(    0): rate limit exceeded
06-24 22:05:39.489 W/[10636.347789@1]- RTW(    0): fill_default_txdesc(wlan0): SP Packet(0x0806) rate=0x4 SeqNum = 1083
06-24 22:05:40.641 W/[10637.500746@1]- RTW(    0): fill_default_txdesc(wlan0): SP Packet(0x0806) rate=0x4 SeqNum = 1088
06-24 22:05:41.441 W/[10638.299884@1]- RTW(    0): Turbo EDCA =0xa42b
06-24 22:05:45.473 W/[10642.331924@0]- RTW(    0): Turbo EDCA =0x5ea42b
06-24 22:05:45.529 W/[10642.388561@1]- RTW(    0): fill_default_txdesc(wlan0): SP Packet(0x0806) rate=0x4 SeqNum = 1129
06-24 22:05:49.727 W/[10646.587731@0]- RTW(    0): fill_default_txdesc(wlan0): SP Packet(0x0806) rate=0x4 SeqNum = 1139
06-24 22:05:50.589 W/[10647.450537@1]- RTW(    0): fill_default_txdesc(wlan0): SP Packet(0x0806) rate=0x4 SeqNum = 1143
06-24 22:05:55.297 W/[10652.155758@2]- RTW(    0): fill_default_txdesc(wlan0): SP Packet(0x0806) rate=0x4 SeqNum = 1153
06-24 22:05:56.641 W/[10653.499828@2]- RTW(    0): fill_default_txdesc(wlan0): SP Packet(0x0806) rate=0x4 SeqNum = 1168
06-24 22:06:00.925 W/[10657.784540@2]- RTW(    0): fill_default_txdesc(wlan0): SP Packet(0x0806) rate=0x4 SeqNum = 1179
06-24 22:06:05.949 W/[10662.807684@2]- RTW(    0): fill_default_txdesc(wlan0): SP Packet(0x0806) rate=0x4 SeqNum = 1190
06-24 22:06:06.625 W/[10663.483804@2]- RTW(    0): fill_default_txdesc(wlan0): SP Packet(0x0806) rate=0x4 SeqNum = 1199
06-24 22:06:07.649 W/[10664.508080@0]- RTW(    0): Turbo EDCA =0xa42b
06-24 22:06:08.273 W/        (    0): [10665.135357@1]h gpu debug, next index above max-1, set to 2
06-24 22:06:08.673 W/        (    0): [10665.535449@1]h gpu debug, next index above max-1, set to 3
06-24 22:06:09.623 W/        (    0): [10666.485651@1]h gpu debug, next index above max-1, set to 3
06-24 22:06:10.345 W/[10667.204403@1]- RTW(    0): fill_default_txdesc(wlan0): SP Packet(0x0806) rate=0x4 SeqNum = 1215
06-24 22:06:11.681 W/[10668.541142@1]- RTW(    0): Turbo EDCA =0x5ea42b
06-24 22:06:13.793 W/[10670.651711@1]- RTW(    0): fill_default_txdesc(wlan0): SP Packet(0x0806) rate=0x4 SeqNum = 1222
06-24 22:06:15.525 W/[10672.387557@1]- RTW(    0): fill_default_txdesc(wlan0): SP Packet(0x0806) rate=0x4 SeqNum = 1227
06-24 22:06:20.417 W/[10677.278112@1]- RTW(    0): fill_default_txdesc(wlan0): SP Packet(0x0806) rate=0x4 SeqNum = 1252
06-24 22:06:20.837 W/[10677.697402@3]- audit(    0): audit_lost=5652 audit_rate_limit=5 audit_backlog_limit=64
06-24 22:06:20.837 E/[10677.697410@3]- audit(    0): rate limit exceeded
06-24 22:06:21.629 W/        (    0): [10678.489386@1]h gpu debug, next index above max-1, set to 3
06-24 22:06:22.129 W/        (    0): [10678.989512@1]h gpu debug, next index above max-1, set to 3
06-24 22:06:22.581 W/        (    0): [10679.439617@1]h gpu debug, next index above max-1, set to 3
06-24 22:06:23.281 W/        (    0): [10680.139729@1]h gpu debug, next index above max-1, set to 3
06-24 22:06:23.477 W/        (    0): [10680.339774@1]h gpu debug, next index above max-1, set to 3
06-24 22:06:24.029 W/        (    0): [10680.889870@1]h gpu debug, next index above max-1, set to 3
06-24 22:06:25.333 W/[10682.192595@1]- RTW(    0): fill_default_txdesc(wlan0): SP Packet(0x0806) rate=0x4 SeqNum = 1286
06-24 22:06:27.104 W/[10683.964361@1]- RTW(    0): fill_default_txdesc(wlan0): SP Packet(0x0806) rate=0x4 SeqNum = 1290
06-24 22:06:28.129 W/[10684.988210@1]- RTW(    0): fill_default_txdesc(wlan0): SP Packet(0x0806) rate=0x4 SeqNum = 1293
06-24 22:06:30.315 W/[10687.175872@0]- RTW(    0): fill_default_txdesc(wlan0): SP Packet(0x0806) rate=0x4 SeqNum = 1303
06-24 22:06:31.263 W/[10688.124789@1]- healthd(    0): battery l=100 v=4 t=0.0 h=2 st=2 c=1100 fc=10000000 chg=u
06-24 22:06:31.841 W/[10688.700056@1]- RTW(    0): Turbo EDCA =0xa42b
06-24 22:06:35.425 W/[10692.285643@2]- RTW(    0): fill_default_txdesc(wlan0): SP Packet(0x0806) rate=0x4 SeqNum = 1344
06-24 22:06:35.873 W/[10692.731928@2]- RTW(    0): Turbo EDCA =0x5ea42b
06-24 22:06:35.981 W/        (    0): [10692.843423@1]h gpu debug, next index above max-1, set to 2
06-24 22:06:36.933 W/        (    0): [10693.794012@1]h gpu debug, next index above max-1, set to 3
06-24 22:06:37.433 W/        (    0): [10694.294135@1]h gpu debug, next index above max-1, set to 3
06-24 22:06:38.085 W/        (    0): [10694.944303@1]h gpu debug, next index above max-1, set to 2
06-24 22:06:39.433 W/        (    0): [10696.294661@1]h gpu debug, next index above max-1, set to 2
06-24 22:06:39.632 W/        (    0): [10696.494724@1]h gpu debug, next index above max-1, set to 2
06-24 22:06:40.441 W/[10697.301232@0]- RTW(    0): fill_default_txdesc(wlan0): SP Packet(0x0806) rate=0x4 SeqNum = 1358
06-24 22:06:40.582 W/        (    0): [10697.444963@1]h gpu debug, next index above max-1, set to 2
06-24 22:06:43.230 W/[10700.092545@0]- RTW(    0): fill_default_txdesc(wlan0): SP Packet(0x0806) rate=0x4 SeqNum = 1365
06-24 22:06:45.419 W/[10702.280635@1]- RTW(    0): fill_default_txdesc(wlan0): SP Packet(0x0806) rate=0x4 SeqNum = 1371
06-24 22:06:46.302 W/[10703.163785@2]- RTW(    0): fill_default_txdesc(wlan0): SP Packet(0x0806) rate=0x4 SeqNum = 1375
06-24 22:06:49.137 W/        (    0): [10705.997676@1]h gpu debug, next index above max-1, set to 2
06-24 22:06:50.581 W/[10707.440051@0]- RTW(    0): fill_default_txdesc(wlan0): SP Packet(0x0806) rate=0x4 SeqNum = 1386
06-24 22:06:50.586 W/        (    0): [10707.447962@1]h gpu debug, next index above max-1, set to 2
06-24 22:06:50.889 W/        (    0): [10707.748046@1]h gpu debug, next index above max-1, set to 2
06-24 22:06:51.337 W/        (    0): [10708.198164@1]h gpu debug, next index above max-1, set to 2
06-24 22:06:51.735 W/        (    0): [10708.598273@1]h gpu debug, next index above max-1, set to 2
06-24 22:06:52.686 W/        (    0): [10709.548454@1]h gpu debug, next index above max-1, set to 2
06-24 22:06:53.089 W/        (    0): [10709.948581@1]h gpu debug, next index above max-1, set to 2
06-24 22:06:53.389 W/        (    0): [10710.248658@1]h gpu debug, next index above max-1, set to 2
06-24 22:06:54.337 W/        (    0): [10711.198838@1]h gpu debug, next index above max-1, set to 2
06-24 22:06:54.889 W/        (    0): [10711.748987@1]h gpu debug, next index above max-1, set to 2
06-24 22:06:55.625 W/[10712.484621@0]- RTW(    0): fill_default_txdesc(wlan0): SP Packet(0x0806) rate=0x4 SeqNum = 1398
06-24 22:06:57.312 W/[10714.171761@0]- RTW(    0): fill_default_txdesc(wlan0): SP Packet(0x0806) rate=0x4 SeqNum = 1412
06-24 22:06:42.583 I/chatty  ( 3824): uid=1000(system) android.bg identical 11 lines
06-24 22:06:52.694 I/UsageStatsService( 3824): User[0] Flushing usage stats to disk
06-24 22:06:57.892 I/ActivityTaskManager( 3824): START u0 {act=android.intent.action.MAIN cat=[android.intent.category.LEANBACK_LAUNCHER] flg=0x10000000 pkg=com.jiotv.sonyliv cmp=com.jiotv.sonyliv/com.sonyliv.ui.splash.SplashActivity} from uid 10019
06-24 22:06:57.893 D/ActivityTaskManager( 3824): recent debug: [launchedPkgName] --> com.jiotv.sonyliv [callingPackage] --> com.iwedia.ui.rjio.launcher.reliance
06-24 22:06:57.927 V/ActivityTaskManager( 3824): Old State : null Updated state : INITIALIZING Activity : ComponentInfo{com.jiotv.sonyliv/com.sonyliv.ui.splash.SplashActivity}
06-24 22:06:57.927 V/ActivityTaskManager( 3824): Sending Broadcast : Intent { act=com.jio.remote.action.applaunch flg=0x40000000 pkg=com.jio.remote.btserver (has extras) }
06-24 22:06:57.933 V/ActivityTaskManager( 3824): Old State : RESUMED Updated state : PAUSING Activity : ComponentInfo{com.iwedia.ui.rjio.launcher.reliance/com.iwedia.ui.rjio.launcher.ui.intro.IntroActivity}
06-24 22:06:57.933 V/ActivityTaskManager( 3824): Sending Broadcast : Intent { act=com.jio.remote.action.applaunch flg=0x40000000 pkg=com.jio.remote.btserver (has extras) }
06-24 22:06:57.940 D/CompatibilityChangeReporter( 3824): Compat change id reported: 135634846; UID 10090; state: DISABLED
06-24 22:06:57.940 D/CompatibilityChangeReporter( 3824): Compat change id reported: 143937733; UID 10090; state: ENABLED
06-24 22:06:57.950 V/ActivityTaskManager( 3824): Old State : PAUSING Updated state : PAUSED Activity : ComponentInfo{com.iwedia.ui.rjio.launcher.reliance/com.iwedia.ui.rjio.launcher.ui.intro.IntroActivity}
06-24 22:06:57.950 V/ActivityTaskManager( 3824): Sending Broadcast : Intent { act=com.jio.remote.action.applaunch flg=0x40000000 pkg=com.jio.remote.btserver (has extras) }
06-24 22:06:57.964 I/ActivityManager( 3824): Start proc 18771:com.jiotv.sonyliv/u0a90 for pre-top-activity {com.jiotv.sonyliv/com.sonyliv.ui.splash.SplashActivity}
06-24 22:06:58.015 V/ActivityTaskManager( 3824): Old State : INITIALIZING Updated state : RESUMED Activity : ComponentInfo{com.jiotv.sonyliv/com.sonyliv.ui.splash.SplashActivity}
06-24 22:06:58.015 V/ActivityTaskManager( 3824): Sending Broadcast : Intent { act=com.jio.remote.action.applaunch flg=0x40000000 pkg=com.jio.remote.btserver (has extras) }
06-24 22:06:58.049 W/[10714.908178@0]- RTW(    0): Turbo EDCA =0xa42b
06-24 22:06:58.614 D/ConnectivityService( 3824): NetReassign [no changes]
06-24 22:06:58.630 D/ConnectivityService( 3824): requestNetwork for uid/pid:10090/18771 NetworkRequest [ TRACK_DEFAULT id=54, [ Capabilities: INTERNET&NOT_RESTRICTED&TRUSTED Uid: 10090 AdministratorUids: [] RequestorUid: 10090 RequestorPackageName: com.jiotv.sonyliv] ]
06-24 22:06:58.630 D/ConnectivityService( 3824): NetReassign [54 : null  101]
06-24 22:06:59.537 V/ActivityTaskManager( 3824): Old State : PAUSED Updated state : STOPPING Activity : ComponentInfo{com.iwedia.ui.rjio.launcher.reliance/com.iwedia.ui.rjio.launcher.ui.intro.IntroActivity}
06-24 22:06:59.537 V/ActivityTaskManager( 3824): Sending Broadcast : Intent { act=com.jio.remote.action.applaunch flg=0x40000000 pkg=com.jio.remote.btserver (has extras) }
06-24 22:06:59.589 V/ActivityTaskManager( 3824): Old State : STOPPING Updated state : STOPPED Activity : ComponentInfo{com.iwedia.ui.rjio.launcher.reliance/com.iwedia.ui.rjio.launcher.ui.intro.IntroActivity}
06-24 22:06:59.589 V/ActivityTaskManager( 3824): Sending Broadcast : Intent { act=com.jio.remote.action.applaunch flg=0x40000000 pkg=com.jio.remote.btserver (has extras) }
06-24 22:07:00.717 W/[10717.577773@0]- RTW(    0): fill_default_txdesc(wlan0): SP Packet(0x0806) rate=0x4 SeqNum = 1492
06-24 22:07:02.060 E/TaskPersister( 3824): File error accessing recents directory (directory doesn't exist?).
06-24 22:07:02.081 W/[10718.939887@0]- RTW(    0): Turbo EDCA =0x5ea42b
06-24 22:07:02.799 I/UsageStatsService( 3824): User[0] Flushing usage stats to disk
06-24 22:07:05.341 W/[10722.200334@0]- RTW(    0): fill_default_txdesc(wlan0): SP Packet(0x0806) rate=0x4 SeqNum = 1515
06-24 22:07:09.143 D/CompatibilityChangeReporter( 3824): Compat change id reported: 136274596; UID 10090; state: ENABLED
06-24 22:07:10.145 W/[10727.005964@0]- RTW(    0): Turbo EDCA =0xa42b
06-24 22:07:10.425 W/[10727.287318@0]- RTW(    0): fill_default_txdesc(wlan0): SP Packet(0x0806) rate=0x4 SeqNum = 1588
06-24 22:07:10.650 W/ActivityManager( 3824): Unable to start service Intent { act=com.google.android.gms.analytics.service.START cmp=com.google.android.gms/.analytics.service.AnalyticsService (has extras) } U=0: not found
06-24 22:07:10.788 D/ConnectivityService( 3824): requestNetwork for uid/pid:10090/18771 NetworkRequest [ TRACK_DEFAULT id=55, [ Capabilities: INTERNET&NOT_RESTRICTED&TRUSTED Uid: 10090 AdministratorUids: [] RequestorUid: 10090 RequestorPackageName: com.jiotv.sonyliv] ]
06-24 22:07:10.789 D/ConnectivityService( 3824): NetReassign [55 : null  101]
06-24 22:07:10.985 I/ActivityTaskManager( 3824): START u0 {flg=0x14008000 cmp=com.jiotv.sonyliv/com.sonyliv.ui.home.HomeActivity} from uid 10090
06-24 22:07:10.986 D/ActivityTaskManager( 3824): recent debug: [launchedPkgName] --> com.jiotv.sonyliv [callingPackage] --> com.jiotv.sonyliv
06-24 22:07:10.988 V/ActivityTaskManager( 3824): Old State : null Updated state : INITIALIZING Activity : ComponentInfo{com.jiotv.sonyliv/com.sonyliv.ui.home.HomeActivity}
06-24 22:07:10.988 V/ActivityTaskManager( 3824): Sending Broadcast : Intent { act=com.jio.remote.action.applaunch flg=0x40000000 pkg=com.jio.remote.btserver (has extras) }
06-24 22:07:11.011 V/ActivityTaskManager( 3824): Old State : RESUMED Updated state : PAUSING Activity : ComponentInfo{com.jiotv.sonyliv/com.sonyliv.ui.splash.SplashActivity}
06-24 22:07:11.011 V/ActivityTaskManager( 3824): Sending Broadcast : Intent { act=com.jio.remote.action.applaunch flg=0x40000000 pkg=com.jio.remote.btserver (has extras) }
06-24 22:07:11.019 W/ActivityTaskManager( 3824): Duplicate finish request for r=ActivityRecord{98e2877 u0 com.jiotv.sonyliv/com.sonyliv.ui.splash.SplashActivity t2225 f}}
06-24 22:07:11.032 W/ActivityTaskManager( 3824): Tried to set launchTime (0) < mLastActivityLaunchTime (10714783)
06-24 22:07:11.032 V/ActivityTaskManager( 3824): Old State : PAUSED Updated state : STOPPING Activity : ComponentInfo{com.jiotv.sonyliv/com.sonyliv.ui.splash.SplashActivity}
06-24 22:07:11.033 V/ActivityTaskManager( 3824): Sending Broadcast : Intent { act=com.jio.remote.action.applaunch flg=0x40000000 pkg=com.jio.remote.btserver (has extras) }
06-24 22:07:11.037 V/ActivityTaskManager( 3824): Old State : INITIALIZING Updated state : RESUMED Activity : ComponentInfo{com.jiotv.sonyliv/com.sonyliv.ui.home.HomeActivity}
06-24 22:07:11.037 V/ActivityTaskManager( 3824): Sending Broadcast : Intent { act=com.jio.remote.action.applaunch flg=0x40000000 pkg=com.jio.remote.btserver (has extras) }
06-24 22:07:11.040 V/ActivityTaskManager( 3824): Old State : PAUSING Updated state : PAUSED Activity : ComponentInfo{com.jiotv.sonyliv/com.sonyliv.ui.splash.SplashActivity}
06-24 22:07:11.041 V/ActivityTaskManager( 3824): Sending Broadcast : Intent { act=com.jio.remote.action.applaunch flg=0x40000000 pkg=com.jio.remote.btserver (has extras) }
06-24 22:07:11.267 D/CompatibilityChangeReporter( 3824): Compat change id reported: 135634846; UID 10090; state: DISABLED
06-24 22:07:11.268 D/CompatibilityChangeReporter( 3824): Compat change id reported: 143937733; UID 10090; state: ENABLED
06-24 22:07:11.289 I/ActivityManager( 3824): Start proc 19044:com.android.webview:sandboxed_process0:org.chromium.content.app.SandboxedProcessService0:0/u0i4 for  {com.jiotv.sonyliv/org.chromium.content.app.SandboxedProcessService0:0}
06-24 22:07:11.334 D/CompatibilityChangeReporter( 3824): Compat change id reported: 136274596; UID 10090; state: ENABLED
06-24 22:07:11.393 W/[10728.251752@2]- RTW(    0): fill_default_txdesc(wlan0): SP Packet(0x0806) rate=0x4 SeqNum = 1630
06-24 22:07:12.187 V/ActivityTaskManager( 3824): Old State : STOPPING Updated state : FINISHING Activity : ComponentInfo{com.jiotv.sonyliv/com.sonyliv.ui.splash.SplashActivity}
06-24 22:07:12.187 V/ActivityTaskManager( 3824): Sending Broadcast : Intent { act=com.jio.remote.action.applaunch flg=0x40000000 pkg=com.jio.remote.btserver (has extras) }
06-24 22:07:12.194 V/ActivityTaskManager( 3824): Old State : FINISHING Updated state : DESTROYING Activity : ComponentInfo{com.jiotv.sonyliv/com.sonyliv.ui.splash.SplashActivity}
06-24 22:07:12.194 V/ActivityTaskManager( 3824): Sending Broadcast : Intent { act=com.jio.remote.action.applaunch flg=0x40000000 pkg=com.jio.remote.btserver (has extras) }
06-24 22:07:12.450 V/ActivityTaskManager( 3824): Old State : DESTROYING Updated state : DESTROYED Activity : ComponentInfo{com.jiotv.sonyliv/com.sonyliv.ui.splash.SplashActivity}
06-24 22:07:12.450 V/ActivityTaskManager( 3824): Sending Broadcast : Intent { act=com.jio.remote.action.applaunch flg=0x40000000 pkg=com.jio.remote.btserver (has extras) }
06-24 22:07:12.894 I/UsageStatsService( 3824): User[0] Flushing usage stats to disk
06-24 22:07:14.352 D/WindowManager( 3824): Unhandled key: inputToken=android.os.BinderProxy@8e39ff9, title=com.jiotv.sonyliv/com.sonyliv.ui.home.HomeActivity, action=0, flags=8, keyCode=21, scanCode=105, metaState=0, repeatCount=0, policyFlags=1728053249
06-24 22:07:14.352 D/WindowManager( 3824): No fallback.
06-24 22:07:14.609 E/TaskPersister( 3824): File error accessing recents directory (directory doesn't exist?).
06-24 22:07:14.743 D/WindowManager( 3824): Unhandled key: inputToken=android.os.BinderProxy@8e39ff9, title=com.jiotv.sonyliv/com.sonyliv.ui.home.HomeActivity, action=0, flags=136, keyCode=21, scanCode=105, metaState=0, repeatCount=1, policyFlags=1107296257
06-24 22:07:14.743 D/WindowManager( 3824): No fallback.
06-24 22:07:14.844 D/WindowManager( 3824): Unhandled key: inputToken=android.os.BinderProxy@8e39ff9, title=com.jiotv.sonyliv/com.sonyliv.ui.home.HomeActivity, action=0, flags=40, keyCode=21, scanCode=105, metaState=0, repeatCount=2, policyFlags=1107296257
06-24 22:07:14.844 D/WindowManager( 3824): No fallback.
06-24 22:07:15.525 W/[10732.384506@0]- RTW(    0): fill_default_txdesc(wlan0): SP Packet(0x0806) rate=0x4 SeqNum = 1922
06-24 22:07:16.192 W/[10733.051845@2]- RTW(    0): Turbo EDCA =0x5ea42b
06-24 22:07:16.301 D/AutofillManagerService( 3824): onBackKeyPressed()
06-24 22:07:16.456 E/ActivityThread(18771): Failed to find provider info for com.jio.stbpushservice.SubscriberIdProvider2
06-24 22:07:17.854 V/ActivityTaskManager( 3824): Old State : RESUMED Updated state : PAUSING Activity : ComponentInfo{com.jiotv.sonyliv/com.sonyliv.ui.home.HomeActivity}
06-24 22:07:17.854 V/ActivityTaskManager( 3824): Sending Broadcast : Intent { act=com.jio.remote.action.applaunch flg=0x40000000 pkg=com.jio.remote.btserver (has extras) }
06-24 22:07:17.867 W/ActivityTaskManager( 3824): Finishing task with all activities already finished
06-24 22:07:17.867 W/ActivityTaskManager( 3824): Duplicate finish request for r=ActivityRecord{7017ba9 u0 com.jiotv.sonyliv/com.sonyliv.ui.home.HomeActivity t2225 f}}
06-24 22:07:17.902 V/ActivityTaskManager( 3824): Old State : PAUSING Updated state : PAUSED Activity : ComponentInfo{com.jiotv.sonyliv/com.sonyliv.ui.home.HomeActivity}
06-24 22:07:17.902 V/ActivityTaskManager( 3824): Sending Broadcast : Intent { act=com.jio.remote.action.applaunch flg=0x40000000 pkg=com.jio.remote.btserver (has extras) }
06-24 22:07:17.915 V/ActivityTaskManager( 3824): Old State : STOPPED Updated state : RESUMED Activity : ComponentInfo{com.iwedia.ui.rjio.launcher.reliance/com.iwedia.ui.rjio.launcher.ui.intro.IntroActivity}
06-24 22:07:17.915 V/ActivityTaskManager( 3824): Sending Broadcast : Intent { act=com.jio.remote.action.applaunch flg=0x40000000 pkg=com.jio.remote.btserver (has extras) }
06-24 22:07:17.915 V/ActivityTaskManager( 3824): Old State : PAUSED Updated state : STOPPING Activity : ComponentInfo{com.jiotv.sonyliv/com.sonyliv.ui.home.HomeActivity}
06-24 22:07:17.915 V/ActivityTaskManager( 3824): Sending Broadcast : Intent { act=com.jio.remote.action.applaunch flg=0x40000000 pkg=com.jio.remote.btserver (has extras) }
06-24 22:07:17.936 W/ActivityManager( 3824): Receiver with filter android.content.IntentFilter@f263274 already registered for pid 5021, callerPackage is com.iwedia.ui.rjio.launcher.reliance
06-24 22:07:18.057 V/ActivityTaskManager( 3824): Old State : FINISHING Updated state : DESTROYING Activity : ComponentInfo{com.jiotv.sonyliv/com.sonyliv.ui.home.HomeActivity}
06-24 22:07:18.057 V/ActivityTaskManager( 3824): Sending Broadcast : Intent { act=com.jio.remote.action.applaunch flg=0x40000000 pkg=com.jio.remote.btserver (has extras) }
06-24 22:07:18.058 V/ActivityTaskManager( 3824): Old State : STOPPING Updated state : FINISHING Activity : ComponentInfo{com.jiotv.sonyliv/com.sonyliv.ui.home.HomeActivity}
06-24 22:07:18.058 V/ActivityTaskManager( 3824): Sending Broadcast : Intent { act=com.jio.remote.action.applaunch flg=0x40000000 pkg=com.jio.remote.btserver (has extras) }
06-24 22:07:18.175 V/ActivityTaskManager( 3824): Old State : DESTROYING Updated state : DESTROYED Activity : ComponentInfo{com.jiotv.sonyliv/com.sonyliv.ui.home.HomeActivity}
06-24 22:07:18.176 V/ActivityTaskManager( 3824): Sending Broadcast : Intent { act=com.jio.remote.action.applaunch flg=0x40000000 pkg=com.jio.remote.btserver (has extras) }
06-24 22:07:18.209 W/[10735.067875@0]- RTW(    0): Turbo EDCA =0xa42b
06-24 22:07:20.225 W/[10737.083906@2]- RTW(    0): Turbo EDCA =0x5ea42b
06-24 22:07:20.421 W/[10737.281104@3]- RTW(    0): fill_default_txdesc(wlan0): SP Packet(0x0806) rate=0x4 SeqNum = 2227
06-24 22:07:20.833 W/[10737.694417@3]- audit(    0): audit_lost=5655 audit_rate_limit=5 audit_backlog_limit=64
06-24 22:07:20.833 E/[10737.694425@3]- audit(    0): rate limit exceeded
06-24 22:07:21.221 E/TaskPersister( 3824): File error accessing recents directory (directory doesn't exist?).
06-24 22:07:22.241 W/[10739.099901@2]- RTW(    0): Turbo EDCA =0xa42b
06-24 22:07:23.157 I/UsageStatsService( 3824): User[0] Flushing usage stats to disk
06-24 22:07:24.419 W/ContextImpl( 4931): Calling a method in the system process without a qualified user: android.app.ContextImpl.sendBroadcast:1111 android.content.ContextWrapper.sendBroadcast:468 com.jio.appoptimizer.service.AppOptimizerService.before_optimization_broadcastIntent:302 com.jio.appoptimizer.service.AppOptimizerService.checkAndRemoveBackgroundApps:477 com.jio.appoptimizer.service.AppOptimizerService.access$700:72 
06-24 22:07:24.424 I/ActivityManager( 3824): Force stopping com.jiotv.sonyliv appid=10090 user=0: from pid 4931
06-24 22:07:24.425 I/ActivityManager( 3824): Killing 18771:com.jiotv.sonyliv/u0a90 (adj 900): stop com.jiotv.sonyliv due to from pid 4931
06-24 22:07:24.436 I/ActivityManager( 3824): Killing 19044:com.android.webview:sandboxed_process0:org.chromium.content.app.SandboxedProcessService0:0/u0a90i4 (adj 0): isolated not needed
06-24 22:07:24.494 W/ContextImpl( 4931): Calling a method in the system process without a qualified user: android.app.ContextImpl.sendBroadcast:1111 android.content.ContextWrapper.sendBroadcast:468 com.jio.appoptimizer.service.AppOptimizerService.after_optimization_broadcastIntent:315 com.jio.appoptimizer.service.AppOptimizerService.checkAndRemoveBackgroundApps:484 com.jio.appoptimizer.service.AppOptimizerService.access$700:72 
06-24 22:07:24.495 I/ActivityManager( 3824): Force stopping com.jiotv.sonyliv appid=10090 user=0: from pid 4931
06-24 22:07:24.513 W/[10741.373004@3]- audit(    0): audit_lost=5658 audit_rate_limit=5 audit_backlog_limit=64
06-24 22:07:24.513 E/[10741.373012@3]- audit(    0): rate limit exceeded
06-24 22:07:24.513 I/chatty  ( 3824): uid=1000(system) Binder:3824_7 identical 4 lines
06-24 22:07:24.518 I/ActivityManager( 3824): Force stopping com.jiotv.sonyliv appid=10090 user=0: from pid 4931
06-24 22:07:24.524 I/ActivityManager( 3824): Force stopping com.jiotv.sonyliv appid=10090 user=0: from pid 4931
06-24 22:07:24.529 I/chatty  ( 3824): uid=1000(system) Binder:3824_14 identical 1 line
06-24 22:07:24.534 I/ActivityManager( 3824): Force stopping com.jiotv.sonyliv appid=10090 user=0: from pid 4931
06-24 22:07:24.590 D/ConnectivityService( 3824): ConnectivityService NetworkRequestInfo binderDied(NetworkRequest [ LISTEN id=53, [ Transports: CELLULAR|WIFI Capabilities: INTERNET&NOT_RESTRICTED&TRUSTED&NOT_VPN Uid: 10090 AdministratorUids: [] RequestorUid: 10090 RequestorPackageName: com.jiotv.sonyliv] ], android.os.BinderProxy@3a2740f)
06-24 22:07:24.591 W/ActivityManager( 3824): setHasOverlayUi called on unknown pid: 18771
06-24 22:07:24.591 D/ConnectivityService( 3824): ConnectivityService NetworkRequestInfo binderDied(NetworkRequest [ TRACK_DEFAULT id=54, [ Capabilities: INTERNET&NOT_RESTRICTED&TRUSTED Uid: 10090 AdministratorUids: [] RequestorUid: 10090 RequestorPackageName: com.jiotv.sonyliv] ], android.os.BinderProxy@e222c9c)
06-24 22:07:24.591 D/ConnectivityService( 3824): ConnectivityService NetworkRequestInfo binderDied(NetworkRequest [ TRACK_DEFAULT id=55, [ Capabilities: INTERNET&NOT_RESTRICTED&TRUSTED Uid: 10090 AdministratorUids: [] RequestorUid: 10090 RequestorPackageName: com.jiotv.sonyliv] ], android.os.BinderProxy@accb6a5)
06-24 22:07:24.591 D/ConnectivityService( 3824): releasing NetworkRequest [ TRACK_DEFAULT id=54, [ Capabilities: INTERNET&NOT_RESTRICTED&TRUSTED Uid: 10090 AdministratorUids: [] RequestorUid: 10090 RequestorPackageName: com.jiotv.sonyliv] ] (release request)
06-24 22:07:24.591 D/ConnectivityService( 3824): releasing NetworkRequest [ TRACK_DEFAULT id=55, [ Capabilities: INTERNET&NOT_RESTRICTED&TRUSTED Uid: 10090 AdministratorUids: [] RequestorUid: 10090 RequestorPackageName: com.jiotv.sonyliv] ] (release request)
06-24 22:07:25.726 W/[10742.588119@0]- RTW(    0): fill_default_txdesc(wlan0): SP Packet(0x0806) rate=0x4 SeqNum = 2308
06-24 22:07:26.013 W/[10742.871667@0]- RTW(    0): fill_default_txdesc(wlan0): SP Packet(0x0806) rate=0x4 SeqNum = 2310
06-24 22:07:26.275 W/[10743.133875@0]- RTW(    0): Turbo EDCA =0x5ea42b
06-24 22:07:26.607 W/SocketClient( 3528): write error (Broken pipe)
06-24 22:07:30.325 W/[10747.184987@0]- RTW(    0): fill_default_txdesc(wlan0): SP Packet(0x0806) rate=0x4 SeqNum = 2320
06-24 22:07:31.265 W/[10748.125028@1]- healthd(    0): battery l=100 v=4 t=0.0 h=2 st=2 c=1100 fc=10000000 chg=u
06-24 22:07:33.253 I/UsageStatsService( 3824): User[0] Flushing usage stats to disk
06-24 22:07:35.333 W/[10752.193433@1]- RTW(    0): fill_default_txdesc(wlan0): SP Packet(0x0806) rate=0x4 SeqNum = 2340
06-24 22:07:37.511 W/[10754.372541@3]- audit(    0): audit_lost=5687 audit_rate_limit=5 audit_backlog_limit=64
06-24 22:07:37.511 E/[10754.372549@3]- audit(    0): rate limit exceeded
06-24 22:07:39.809 W/[10756.668374@0]- RTW(    0): fill_default_txdesc(wlan0): SP Packet(0x0806) rate=0x4 SeqNum = 2347
06-24 22:07:40.365 W/[10757.225601@1]- RTW(    0): fill_default_txdesc(wlan0): SP Packet(0x0806) rate=0x4 SeqNum = 2352
06-24 22:07:41.145 I/        (    0): [10758.005605@1]- EXT4-fs (mmcblk0p18): re-mounted. Opts: (null)
06-24 22:07:45.325 W/[10762.185395@0]- RTW(    0): fill_default_txdesc(wlan0): SP Packet(0x0806) rate=0x4 SeqNum = 2399
06-24 22:07:46.301 D/[10763.161597@1]- logd(    0): logdr: UID=0 GID=0 PID=19284 b tail=0 logMask=99 pid=0 start=0ns timeout=0ns
06-24 22:07:46.462 W/[10763.323726@0]- RTW(    0): fill_default_txdesc(wlan0): SP Packet(0x0806) rate=0x4 SeqNum = 2766
06-24 22:07:43.353 I/UsageStatsService( 3824): User[0] Flushing usage stats to disk
06-24 22:07:47.083 I/ActivityManager( 3824): Force stopping io.appium.uiautomator2.server appid=10075 user=0: from pid 19322
06-24 22:07:47.089 I/ActivityManager( 3824): Force stopping io.appium.uiautomator2.server.test appid=10066 user=0: from pid 19323
06-24 22:07:47.810 I/ActivityManager( 3824): Force stopping io.appium.uiautomator2.server appid=10075 user=0: start instr
06-24 22:07:47.815 D/CompatibilityChangeReporter( 3824): Compat change id reported: 135634846; UID 10075; state: DISABLED
06-24 22:07:47.816 D/CompatibilityChangeReporter( 3824): Compat change id reported: 143937733; UID 10075; state: ENABLED
06-24 22:07:47.833 I/ActivityManager( 3824): Start proc 19348:io.appium.uiautomator2.server/u0a75 for added application io.appium.uiautomator2.server
06-24 22:07:49.416 W/WindowManager( 3824): removeWindowToken: Attempted to remove non-existing token: android.os.Binder@47965cb
06-24 22:07:50.381 W/[10767.240877@0]- RTW(    0): fill_default_txdesc(wlan0): SP Packet(0x0806) rate=0x4 SeqNum = 3763
06-24 22:07:50.937 D/WindowManager( 3824): Unhandled key: inputToken=android.os.BinderProxy@ddc628d, title=com.iwedia.ui.rjio.launcher.reliance/com.iwedia.ui.rjio.launcher.ui.intro.IntroActivity, action=0, flags=0, keyCode=4, scanCode=0, metaState=0, repeatCount=0, policyFlags=1795162112
06-24 22:07:50.937 D/WindowManager( 3824): No fallback.
06-24 22:07:50.940 D/AutofillManagerService( 3824): onBackKeyPressed()
06-24 22:07:50.945 D/WindowManager( 3824): Unhandled key: inputToken=android.os.BinderProxy@ddc628d, title=com.iwedia.ui.rjio.launcher.reliance/com.iwedia.ui.rjio.launcher.ui.intro.IntroActivity, action=1, flags=0, keyCode=4, scanCode=0, metaState=0, repeatCount=0, policyFlags=1795162112
06-24 22:07:50.945 D/WindowManager( 3824): No fallback.
06-24 22:07:53.390 I/ActivityTaskManager( 3824): START u0 {flg=0x10000000 cmp=in.startv.hotstar/com.hotstar.MainActivity} from uid 0
06-24 22:07:53.390 D/ActivityTaskManager( 3824): recent debug: [launchedPkgName] --> in.startv.hotstar [callingPackage] --> com.android.shell
06-24 22:07:53.391 V/ActivityTaskManager( 3824): Old State : null Updated state : INITIALIZING Activity : ComponentInfo{in.startv.hotstar/com.hotstar.MainActivity}
06-24 22:07:53.391 V/ActivityTaskManager( 3824): Sending Broadcast : Intent { act=com.jio.remote.action.applaunch flg=0x40000000 pkg=com.jio.remote.btserver (has extras) }
06-24 22:07:53.398 V/ActivityTaskManager( 3824): Old State : RESUMED Updated state : PAUSING Activity : ComponentInfo{com.iwedia.ui.rjio.launcher.reliance/com.iwedia.ui.rjio.launcher.ui.intro.IntroActivity}
06-24 22:07:53.399 V/ActivityTaskManager( 3824): Sending Broadcast : Intent { act=com.jio.remote.action.applaunch flg=0x40000000 pkg=com.jio.remote.btserver (has extras) }
06-24 22:07:53.406 D/CompatibilityChangeReporter( 3824): Compat change id reported: 135634846; UID 10098; state: DISABLED
06-24 22:07:53.407 D/CompatibilityChangeReporter( 3824): Compat change id reported: 143937733; UID 10098; state: ENABLED
06-24 22:07:53.426 V/ActivityTaskManager( 3824): Old State : PAUSING Updated state : PAUSED Activity : ComponentInfo{com.iwedia.ui.rjio.launcher.reliance/com.iwedia.ui.rjio.launcher.ui.intro.IntroActivity}
06-24 22:07:53.426 V/ActivityTaskManager( 3824): Sending Broadcast : Intent { act=com.jio.remote.action.applaunch flg=0x40000000 pkg=com.jio.remote.btserver (has extras) }
06-24 22:07:53.441 I/UsageStatsService( 3824): User[0] Flushing usage stats to disk
06-24 22:07:53.478 W/ActivityManager( 3824): Slow operation: 73ms so far, now at startProcess: returned from zygote!
06-24 22:07:53.479 W/ActivityManager( 3824): Slow operation: 73ms so far, now at startProcess: done updating battery stats
06-24 22:07:53.479 W/ActivityManager( 3824): Slow operation: 73ms so far, now at startProcess: building log message
06-24 22:07:53.479 I/ActivityManager( 3824): Start proc 19420:in.startv.hotstar/u0a98 for pre-top-activity {in.startv.hotstar/com.hotstar.MainActivity}
06-24 22:07:53.479 W/ActivityManager( 3824): Slow operation: 74ms so far, now at startProcess: starting to update pids map
06-24 22:07:53.479 W/ActivityManager( 3824): Slow operation: 74ms so far, now at startProcess: done updating pids map
06-24 22:07:53.503 V/ActivityTaskManager( 3824): Old State : INITIALIZING Updated state : RESUMED Activity : ComponentInfo{in.startv.hotstar/com.hotstar.MainActivity}
06-24 22:07:53.503 V/ActivityTaskManager( 3824): Sending Broadcast : Intent { act=com.jio.remote.action.applaunch flg=0x40000000 pkg=com.jio.remote.btserver (has extras) }
06-24 22:07:53.900 D/ConnectivityService( 3824): NetReassign [no changes]
06-24 22:07:54.647 V/ActivityTaskManager( 3824): Old State : PAUSED Updated state : STOPPING Activity : ComponentInfo{com.iwedia.ui.rjio.launcher.reliance/com.iwedia.ui.rjio.launcher.ui.intro.IntroActivity}
06-24 22:07:54.647 V/ActivityTaskManager( 3824): Sending Broadcast : Intent { act=com.jio.remote.action.applaunch flg=0x40000000 pkg=com.jio.remote.btserver (has extras) }
06-24 22:07:54.689 V/ActivityTaskManager( 3824): Old State : STOPPING Updated state : STOPPED Activity : ComponentInfo{com.iwedia.ui.rjio.launcher.reliance/com.iwedia.ui.rjio.launcher.ui.intro.IntroActivity}
06-24 22:07:54.689 V/ActivityTaskManager( 3824): Sending Broadcast : Intent { act=com.jio.remote.action.applaunch flg=0x40000000 pkg=com.jio.remote.btserver (has extras) }
06-24 22:07:54.774 D/CompatibilityChangeReporter( 3824): Compat change id reported: 136274596; UID 10098; state: ENABLED
06-24 22:07:55.430 W/[10772.293157@1]- RTW(    0): fill_default_txdesc(wlan0): SP Packet(0x0806) rate=0x4 SeqNum = 429
06-24 22:07:57.545 E/TaskPersister( 3824): File error accessing recents directory (directory doesn't exist?).
06-24 22:08:00.469 W/[10777.328950@1]- RTW(    0): fill_default_txdesc(wlan0): SP Packet(0x0806) rate=0x4 SeqNum = 901
06-24 22:08:03.563 I/UsageStatsService( 3824): User[0] Flushing usage stats to disk
06-24 22:08:04.591 D/AutofillManagerService( 3824): onBackKeyPressed()
06-24 22:08:05.561 W/[10782.421393@2]- RTW(    0): fill_default_txdesc(wlan0): SP Packet(0x0806) rate=0x4 SeqNum = 1341
06-24 22:08:08.602 D/InputMethodManagerService( 3824): Top Package Name: in.startv.hotstar
06-24 22:08:08.604 W/ContextImpl( 3824): Calling a method in the system process without a qualified user: android.app.ContextImpl.sendBroadcast:1111 com.android.server.inputmethod.InputMethodManagerService.sendSoftInputVisibilityBroadcast:3258 com.android.server.inputmethod.InputMethodManagerService.showCurrentInputLocked:3231 com.android.server.inputmethod.InputMethodManagerService.showSoftInput:3153 com.android.internal.view.IInputMethodManager$Stub.onTransact:304 
06-24 22:08:08.606 D/InputMethodManagerService( 3824): Top Package Name: in.startv.hotstar
06-24 22:08:08.607 W/ContextImpl( 3824): Calling a method in the system process without a qualified user: android.app.ContextImpl.sendBroadcast:1111 com.android.server.inputmethod.InputMethodManagerService.sendSoftInputVisibilityBroadcast:3258 com.android.server.inputmethod.InputMethodManagerService.showCurrentInputLocked:3231 com.android.server.inputmethod.InputMethodManagerService.showMySoftInput:4198 com.android.server.inputmethod.InputMethodManagerService.access$4100:189 
06-24 22:08:08.610 W/ContextImpl( 3824): Calling a method in the system process without a qualified user: android.app.ContextImpl.sendBroadcast:1111 com.android.server.inputmethod.InputMethodManagerService.sendSoftInputVisibilityBroadcast:3258 com.android.server.inputmethod.InputMethodManagerService.hideCurrentInputLocked:3330 com.android.server.inputmethod.InputMethodManagerService.hideMySoftInput:4180 com.android.server.inputmethod.InputMethodManagerService.access$4000:189 
06-24 22:08:08.627 D/InputMethodManagerService( 3824): Top Package Name: in.startv.hotstar
06-24 22:08:08.629 W/ContextImpl( 3824): Calling a method in the system process without a qualified user: android.app.ContextImpl.sendBroadcast:1111 com.android.server.inputmethod.InputMethodManagerService.sendSoftInputVisibilityBroadcast:3258 com.android.server.inputmethod.InputMethodManagerService.showCurrentInputLocked:3231 com.android.server.inputmethod.InputMethodManagerService.showMySoftInput:4198 com.android.server.inputmethod.InputMethodManagerService.access$4100:189 
06-24 22:08:08.645 D/InputMethodManagerService( 3824): Top Package Name: in.startv.hotstar
06-24 22:08:08.646 W/ContextImpl( 3824): Calling a method in the system process without a qualified user: android.app.ContextImpl.sendBroadcast:1111 com.android.server.inputmethod.InputMethodManagerService.sendSoftInputVisibilityBroadcast:3258 com.android.server.inputmethod.InputMethodManagerService.showCurrentInputLocked:3231 com.android.server.inputmethod.InputMethodManagerService.showMySoftInput:4198 com.android.server.inputmethod.InputMethodManagerService.access$4100:189 
06-24 22:08:08.727 D/InputMethodManagerService( 3824): Top Package Name: in.startv.hotstar
06-24 22:08:08.727 W/ContextImpl( 3824): Calling a method in the system process without a qualified user: android.app.ContextImpl.sendBroadcast:1111 com.android.server.inputmethod.InputMethodManagerService.sendSoftInputVisibilityBroadcast:3258 com.android.server.inputmethod.InputMethodManagerService.showCurrentInputLocked:3231 com.android.server.inputmethod.InputMethodManagerService.showMySoftInput:4198 com.android.server.inputmethod.InputMethodManagerService.access$4100:189 
06-24 22:08:08.730 D/InputMethodManagerService( 3824): Top Package Name: in.startv.hotstar
06-24 22:08:08.731 W/ContextImpl( 3824): Calling a method in the system process without a qualified user: android.app.ContextImpl.sendBroadcast:1111 com.android.server.inputmethod.InputMethodManagerService.sendSoftInputVisibilityBroadcast:3258 com.android.server.inputmethod.InputMethodManagerService.showCurrentInputLocked:3231 com.android.server.inputmethod.InputMethodManagerService.showMySoftInput:4198 com.android.server.inputmethod.InputMethodManagerService.access$4100:189 
06-24 22:08:08.837 W/NotificationHistory( 3824): Attempted to add notif for locked/gone/disabled user 0
06-24 22:08:08.942 W/NotificationHistory( 3824): Attempted to add notif for locked/gone/disabled user 0
06-24 22:08:09.469 D/InputMethodManagerService( 3824): Top Package Name: in.startv.hotstar
06-24 22:08:09.470 W/ContextImpl( 3824): Calling a method in the system process without a qualified user: android.app.ContextImpl.sendBroadcast:1111 com.android.server.inputmethod.InputMethodManagerService.sendSoftInputVisibilityBroadcast:3258 com.android.server.inputmethod.InputMethodManagerService.showCurrentInputLocked:3231 com.android.server.inputmethod.InputMethodManagerService.attachNewInputLocked:2397 com.android.server.inputmethod.InputMethodManagerService.startInputUncheckedLocked:2503 
06-24 22:08:09.473 D/InputMethodManagerService( 3824): Top Package Name: in.startv.hotstar
06-24 22:08:09.474 W/ContextImpl( 3824): Calling a method in the system process without a qualified user: android.app.ContextImpl.sendBroadcast:1111 com.android.server.inputmethod.InputMethodManagerService.sendSoftInputVisibilityBroadcast:3258 com.android.server.inputmethod.InputMethodManagerService.showCurrentInputLocked:3231 com.android.server.inputmethod.InputMethodManagerService.showMySoftInput:4198 com.android.server.inputmethod.InputMethodManagerService.access$4100:189 
06-24 22:08:09.483 D/InputMethodManagerService( 3824): Top Package Name: in.startv.hotstar
06-24 22:08:09.485 W/ContextImpl( 3824): Calling a method in the system process without a qualified user: android.app.ContextImpl.sendBroadcast:1111 com.android.server.inputmethod.InputMethodManagerService.sendSoftInputVisibilityBroadcast:3258 com.android.server.inputmethod.InputMethodManagerService.showCurrentInputLocked:3231 com.android.server.inputmethod.InputMethodManagerService.showMySoftInput:4198 com.android.server.inputmethod.InputMethodManagerService.access$4100:189 
06-24 22:08:10.002 D/InputMethodManagerService( 3824): Top Package Name: in.startv.hotstar
06-24 22:08:10.004 W/ContextImpl( 3824): Calling a method in the system process without a qualified user: android.app.ContextImpl.sendBroadcast:1111 com.android.server.inputmethod.InputMethodManagerService.sendSoftInputVisibilityBroadcast:3258 com.android.server.inputmethod.InputMethodManagerService.showCurrentInputLocked:3231 com.android.server.inputmethod.InputMethodManagerService.attachNewInputLocked:2397 com.android.server.inputmethod.InputMethodManagerService.startInputUncheckedLocked:2503 
06-24 22:08:10.006 D/InputMethodManagerService( 3824): Top Package Name: in.startv.hotstar
06-24 22:08:10.007 W/ContextImpl( 3824): Calling a method in the system process without a qualified user: android.app.ContextImpl.sendBroadcast:1111 com.android.server.inputmethod.InputMethodManagerService.sendSoftInputVisibilityBroadcast:3258 com.android.server.inputmethod.InputMethodManagerService.showCurrentInputLocked:3231 com.android.server.inputmethod.InputMethodManagerService.showMySoftInput:4198 com.android.server.inputmethod.InputMethodManagerService.access$4100:189 
06-24 22:08:10.037 D/InputMethodManagerService( 3824): Top Package Name: in.startv.hotstar
06-24 22:08:10.038 W/ContextImpl( 3824): Calling a method in the system process without a qualified user: android.app.ContextImpl.sendBroadcast:1111 com.android.server.inputmethod.InputMethodManagerService.sendSoftInputVisibilityBroadcast:3258 com.android.server.inputmethod.InputMethodManagerService.showCurrentInputLocked:3231 com.android.server.inputmethod.InputMethodManagerService.showMySoftInput:4198 com.android.server.inputmethod.InputMethodManagerService.access$4100:189 
