06-24 22:12:54.123 I/[11070.967290@0]- dim(    0): pre cfg:ch[1]:10770872ms 1th source change:
06-24 22:12:54.123 I/[11070.967296@0]- dim(    0): source change:0x0/0/0/0=>0x8009/1920/1080/0
06-24 22:12:54.123 D/[11070.967312@0]- dimh_patch_post_update_mc_sw(    0): 0x2->0x3
06-24 22:12:54.157 I/[11071.017245@0]- VID(    0): VD1 off
06-24 22:12:54.157 I/[11071.017420@0]- vc(    0): [0]vc: set enable index=0, val=1
06-24 22:12:54.157 I/        (    0): [11071.017441@0]- dev->index =0, val=2
06-24 22:12:54.157 I/[11071.017446@0]- VID(    0): VD1 off
06-24 22:12:54.157 I/[11071.017453@0]- VID(    0): VD1 set global output as 1
06-24 22:12:54.157 I/[11071.017488@0]- VID(    0): store VD0 path_id changed -1->2
06-24 22:12:54.157 I/[11071.017511@0]- vc(    0): [0]sideband_type =-1
06-24 22:12:56.833 W/[11073.693148@1]- RTW(    0): fill_default_txdesc(wlan0): SP Packet(0x0806) rate=0x4 SeqNum = 3632
06-24 22:12:57.658 I/UsageStatsService( 3824): User[0] Flushing usage stats to disk
06-24 22:13:00.926 W/[11077.788909@0]- RTW(    0): Turbo EDCA =0x5ea42b
06-24 22:13:01.945 W/[11078.804835@0]- RTW(    0): fill_default_txdesc(wlan0): SP Packet(0x0806) rate=0x4 SeqNum = 3955
06-24 22:13:03.654 W/        (    0): [11080.513478@1]- [0] H264 EOS notify.
06-24 22:13:04.378 I/        (    0): [11081.240445@3]- is_reset=1
06-24 22:13:04.379 I/[11081.241002@3]- vframe_rate_uevent(    0): sent uevent FRAME_RATE_HINT=0
06-24 22:13:04.381 I/[11081.242076@0]- dim(    0): ch[1]:di_receiver_event_fun,1:_UNREG
06-24 22:13:04.383 E/[11081.242089@0]- unreg(    0): v4lvideo
06-24 22:13:04.398 I/[11081.259668@2]- dim(    0): unreg:2keep[4], msk:[0x84404,0x0]
06-24 22:13:04.398 D/[11081.259687@2]- dimh_patch_post_update_mc_sw(    0): 0x3->0x0
06-24 22:13:04.413 I/[11081.272246@1]- dim(    0): unreg:use[30]ms
06-24 22:13:04.413 D/        (    0): [11081.272278@1]- vdec_disable_DMC input->target= 0x0
06-24 22:13:04.413 D/[11081.272398@1]- 0(    0): vh264_stop
06-24 22:13:04.413 D/        (    0): [11081.275855@1]- vdec_release instance 000000009d655593, total 1 id = 0
06-24 22:13:04.417 D/        (    0): [11081.276178@1]- the clk_vdec_mux    clock off, ref cnt: 0
06-24 22:13:04.417 D/        (    0): [11081.276193@1]- the vdec            clock off, ref cnt: 0
06-24 22:13:04.417 D/        (    0): [11081.276197@1]- the parser_top      clock off, ref cnt: 1
06-24 22:13:04.417 D/        (    0): [11081.276201@1]- the demux           clock off, ref cnt: 1
06-24 22:13:04.417 D/        (    0): [11081.276340@1]- the demux           clock on, ref cnt: 2
06-24 22:13:04.417 D/        (    0): [11081.276346@1]- the parser_top      clock on, ref cnt: 2
06-24 22:13:04.417 D/        (    0): [11081.276353@1]- the vdec            clock on, ref cnt: 1
06-24 22:13:04.417 D/        (    0): [11081.276373@1]- the clk_vdec_mux    clock on, ref cnt: 1
06-24 22:13:04.418 D/        (    0): [11081.276407@1]- vdec mux clock is 499999992 Hz
06-24 22:13:04.418 D/        (    0): [11081.276666@1]- vdec_create instance 000000004e02770b, total 1, PM: legacy
06-24 22:13:04.418 D/        (    0): [11081.276719@1]- no drmmode
06-24 22:13:04.418 I/        (    0): [11081.276793@1]- is_reset=1
06-24 22:13:04.418 I/        (    0): [11081.276886@1]- vdec_init, dev_name:ammvdec_h264, vdec_type=VDEC_TYPE_FRAME_BLOCK  id = 0
06-24 22:13:04.418 D/        (    0): [11081.278031@1]- ammvdec_h264_mmu_init tvp = 0x0 mmu_enable 0
06-24 22:13:04.418 D/        (    0): [11081.278040@1]- decoder_bmmu_box_alloc_box, tvp_flags = 0
06-24 22:13:04.418 D/[11081.278061@1]- 0(    0): ammvdec_h264_probe mmu_enable 0 double_write_mode 0x10
06-24 22:13:04.418 D/[11081.279527@1]- 0(    0): ammvdec_h264 mem-addr=0,buff_offset=56c10000,buf_start=56c00000
06-24 22:13:04.418 D/        (    0): [11081.279640@1]- vdec mux clock is 666666656 Hz
06-24 22:13:04.418 D/        (    0): [11081.279646@1]- vdec1 video changed to 3840 x 2160 60 fps clk->667MHZ
06-24 22:13:04.418 W/        (    0): [11081.279652@1]- H264 sysinfo: 1920x1080 duration=3200, pts_outside=1
06-24 22:13:04.418 D/        (    0): [11081.279656@1]- sync_outside=0, use_idr_framerate=0, is_used_v4l: 0
06-24 22:13:04.421 I/        (    0): [11081.279816@1]- [TEE], the fw (h264_multi) will be loaded.
06-24 22:13:04.421 D/        (    0): [11081.280113@2]- vh264_init, phy_addr=7446e000 vaddr=00000000c10a4833
06-24 22:13:04.421 D/        (    0): [11081.280299@2]- vfm map vdec-map-0 created
06-24 22:13:04.421 I/[11081.280321@2]- dim(    0): ch[1]:di_receiver_event_fun,8:_REG
06-24 22:13:04.421 I/[11081.280327@2]- dim(    0): reg:vdec.h264.00[105]
06-24 22:13:04.422 I/[11081.280420@2]- dim(    0): reg:use[0]ms
06-24 22:13:04.422 E/[11081.280436@2]- reg(    0): v4lvideo
06-24 22:13:04.422 I/[11081.280443@2]- dim(    0): ch[1]:di_receiver_event_fun,3:_START
06-24 22:13:04.422 D/        (    0): [11081.280447@2]- vdec_init, vf_provider_name = vdec.h264.00, b 0
06-24 22:13:04.422 I/        (    0): [11081.281211@2]- vdec->port_flag=0x102, port_flag=0x10b
06-24 22:13:04.422 I/        (    0): [11081.281335@2]- is_reset=0
06-24 22:13:04.436 I/[11081.284962@0]- vframe_rate_uevent(    0): sent uevent FRAME_RATE_HINT=0
06-24 22:13:04.436 I/[11081.285106@0]- dim(    0): ch[1]:di_receiver_event_fun,1:_UNREG
06-24 22:13:04.436 E/[11081.285119@0]- unreg(    0): v4lvideo
06-24 22:13:04.436 I/[11081.285681@1]- dim(    0): unreg:use[0]ms
06-24 22:13:04.436 D/        (    0): [11081.285713@1]- vdec_disable_DMC input->target= 0x0
06-24 22:13:04.436 D/[11081.285830@1]- 0(    0): vh264_stop
06-24 22:13:04.436 D/        (    0): [11081.286302@1]- vdec_release instance 000000004e02770b, total 1 id = 0
06-24 22:13:04.436 D/        (    0): [11081.286731@1]- the clk_vdec_mux    clock off, ref cnt: 0
06-24 22:13:04.436 D/        (    0): [11081.286744@1]- the vdec            clock off, ref cnt: 0
06-24 22:13:04.436 D/        (    0): [11081.286748@1]- the parser_top      clock off, ref cnt: 1
06-24 22:13:04.436 D/        (    0): [11081.286752@1]- the demux           clock off, ref cnt: 1
06-24 22:13:04.436 D/        (    0): [11081.286775@1]d v4lvideo_release_map 0 OK
06-24 22:13:04.436 D/[11081.287019@1]- v4lvid(    0): dbg: vidioc_close!!!!
06-24 22:13:04.436 I/[11081.288704@1]- resman(    0): 100 release [codec_mm]
06-24 22:13:04.449 I/[11081.310571@2]- resman(    0): 101 appname:OMX-80, type=0
06-24 22:13:04.513 I/[11081.374896@0]- resman(    0): 101 acquire [codec_mm], preempt yes
06-24 22:13:04.513 I/[11081.375760@0]- resman(    0): 101 score 60 secure no
06-24 22:13:04.513 I/[11081.375770@0]- resman(    0): 101 acquire [codec_mm] success
06-24 22:13:04.513 D/        (    0): [11081.375836@0]- the demux           clock on, ref cnt: 2
06-24 22:13:04.513 D/        (    0): [11081.375841@0]- the parser_top      clock on, ref cnt: 2
06-24 22:13:04.513 D/        (    0): [11081.375851@0]- the vdec            clock on, ref cnt: 1
06-24 22:13:04.513 D/        (    0): [11081.375874@0]- the clk_hevc_mux    clock on, ref cnt: 1
06-24 22:13:04.513 D/        (    0): [11081.375879@0]- the clk_hevcb_mux   clock on, ref cnt: 1
06-24 22:13:04.513 D/        (    0): [11081.375910@0]- hevc mux clock is 499999992 Hz
06-24 22:13:04.513 D/        (    0): [11081.375925@0]- hevc back mux clock is 499999992 Hz
06-24 22:13:04.513 D/        (    0): [11081.376176@0]- vdec_create instance 0000000014215609, total 1, PM: legacy
06-24 22:13:04.514 D/        (    0): [11081.376219@0]- no drmmode
06-24 22:13:04.514 I/        (    0): [11081.376261@0]- is_reset=0
06-24 22:13:04.514 I/        (    0): [11081.376288@0]- vdec_init, dev_name:ammvdec_h265, vdec_type=VDEC_TYPE_FRAME_BLOCK  id = 0
06-24 22:13:04.519 D/[11081.378777@0]- [0]pdata->config=hevc_buf_width(    0): 1920;hevc_buf_height:1088;hevc_buf_margin:0;hevc_double_write_mode:16;save_buffer_mode:0;
06-24 22:13:04.519 D/        (    0): [11081.378812@0]- decoder_bmmu_box_alloc_box, tvp_flags = 0
06-24 22:13:04.520 D/        (    0): [11081.382054@2]- [0]dynamic_buf_num_margin=9
06-24 22:13:04.520 D/        (    0): [11081.382062@2]- [0]double_write_mode=16
06-24 22:13:04.520 D/[11081.382075@2]- [0]h265(    0): pts_unstable=0
06-24 22:13:04.520 D/[11081.382081@2]- [0]h265(    0): ver (201602101,0) decinfo: 0x0 rate=3600
06-24 22:13:04.521 I/        (    0): [11081.383560@3]- [TEE], the fw (hevc_mmu) will be loaded.
06-24 22:13:04.521 D/        (    0): [11081.383653@3]- hevc mux clock is 666666656 Hz
06-24 22:13:04.521 D/        (    0): [11081.383670@3]- hevc back mux clock is 666666656 Hz
06-24 22:13:04.521 D/        (    0): [11081.383676@3]- hevc video changed to 3840 x 2160 60 fps clk->667MHZ
06-24 22:13:04.521 D/        (    0): [11081.383713@3]- vfm map vdec-map-0 created
06-24 22:13:04.521 I/[11081.383733@3]- dim(    0): ch[1]:di_receiver_event_fun,8:_REG
06-24 22:13:04.521 I/[11081.383738@3]- dim(    0): reg:vdec.h265.00[106]
06-24 22:13:04.524 I/[11081.384287@3]- dim(    0): reg:use[1]ms
06-24 22:13:04.525 E/[11081.384311@3]- reg(    0): v4lvideo
06-24 22:13:04.525 I/[11081.384320@3]- dim(    0): ch[1]:di_receiver_event_fun,3:_START
06-24 22:13:04.525 D/        (    0): [11081.384326@3]- vdec_init, vf_provider_name = vdec.h265.00, b 0
06-24 22:13:04.525 I/        (    0): [11081.384959@3]- vdec->port_flag=0x102, port_flag=0x10b
06-24 22:13:04.526 D/[11081.387878@3]- v4lvid(    0): dbg: v4lvideo open
06-24 22:13:04.542 E/        (    0): [11081.404158@0]- mmu box NULL !!!
06-24 22:13:04.542 D/        (    0): [11081.404171@0]- [0]vh265 cached=0  need_size=6144 speed= 28 ms
06-24 22:13:04.542 D/        (    0): [11081.404754@1]- [0]hevc->performance_profile 0
06-24 22:13:04.542 D/        (    0): [11081.404764@1]- [0]set pic_list_init_flag 1
06-24 22:13:04.572 D/        (    0): [11081.435146@3]- [0]init_buf_spec2 1920 1080
06-24 22:13:04.572 D/        (    0): [11081.435154@3]- [0]set pic_list_init_flag to 2
06-24 22:13:04.572 D/        (    0): [11081.435186@1]- [0]set pic_list_init_flag to 3
06-24 22:13:04.572 D/        (    0): [11081.435191@1]- [vdec_kpi][vh265_isr_thread_fn] First I frame coming.
06-24 22:13:04.576 D/[11081.438671@1]- [0]VH265(    0): output first frame
06-24 22:13:04.578 D/        (    0): [11081.438692@1]- [vdec_kpi][post_video_frame] First I frame decoded.
06-24 22:13:04.578 I/[11081.438749@2]- dim(    0): value reg:ch[1]:fix_buf:0;ponly <0,0>
06-24 22:13:04.578 I/[11081.438761@2]- dim(    0): 1920x1080-0x9000.
06-24 22:13:04.578 I/[11081.439180@2]- v4lvideo(    0): provider name: vdec.h265.00
06-24 22:13:04.601 D/        (    0): [11081.462600@1]- cal_dur_from_pts vstatus 3840 dur3600 -> 3840, revised 3840
06-24 22:13:04.609 I/[11081.467701@1]- vframe_rate_uevent(    0): sent uevent FRAME_RATE_HINT=3840
06-24 22:13:04.961 W/[11081.820114@2]- RTW(    0): Turbo EDCA =0xa42b
06-24 22:13:06.305 W/[11083.164404@1]- RTW(    0): fill_default_txdesc(wlan0): SP Packet(0x0806) rate=0x4 SeqNum = 295
06-24 22:13:06.977 W/[11083.836947@2]- RTW(    0): Turbo EDCA =0x5ea42b
06-24 22:13:11.409 W/[11088.268681@2]- RTW(    0): fill_default_txdesc(wlan0): SP Packet(0x0806) rate=0x4 SeqNum = 599
06-24 22:13:11.585 W/[11088.443788@2]- RTW(    0): fill_default_txdesc(wlan0): SP Packet(0x0806) rate=0x4 SeqNum = 609
06-24 22:13:13.022 W/[11089.884025@0]- RTW(    0): Turbo EDCA =0xa42b
06-24 22:13:15.041 W/[11091.900460@3]- RTW(    0): Turbo EDCA =0x5ea42b
06-24 22:13:16.328 W/[11093.190725@2]- RTW(    0): fill_default_txdesc(wlan0): SP Packet(0x0806) rate=0x4 SeqNum = 828
06-24 22:13:19.073 W/[11095.932027@3]- RTW(    0): Turbo EDCA =0xa42b
06-24 22:13:21.086 W/[11097.947989@0]- RTW(    0): Turbo EDCA =0x5ea42b
06-24 22:13:21.444 W/[11098.304990@3]- RTW(    0): fill_default_txdesc(wlan0): SP Packet(0x0806) rate=0x4 SeqNum = 1148
06-24 22:13:26.317 W/[11103.175716@0]- RTW(    0): fill_default_txdesc(wlan0): SP Packet(0x0806) rate=0x4 SeqNum = 1420
06-24 22:13:27.141 W/[11103.999914@0]- RTW(    0): Turbo EDCA =0xa42b
06-24 22:13:29.153 W/[11106.011918@0]- RTW(    0): Turbo EDCA =0x5ea42b
06-24 22:13:31.264 W/[11108.124537@2]- healthd(    0): battery l=100 v=4 t=0.0 h=2 st=2 c=1100 fc=10000000 chg=u
06-24 22:13:31.405 W/[11108.265658@3]- RTW(    0): fill_default_txdesc(wlan0): SP Packet(0x0806) rate=0x4 SeqNum = 1707
06-24 22:13:35.201 W/[11112.060117@3]- RTW(    0): Turbo EDCA =0xa42b
06-24 22:13:36.502 W/[11113.362629@1]- RTW(    0): fill_default_txdesc(wlan0): SP Packet(0x0806) rate=0x4 SeqNum = 1969
06-24 22:13:37.217 W/[11114.075929@1]- RTW(    0): Turbo EDCA =0x5ea42b
06-24 22:13:37.837 W/[11114.697271@2]- audit(    0): audit_lost=5976 audit_rate_limit=5 audit_backlog_limit=64
06-24 22:13:37.837 E/[11114.697279@2]- audit(    0): rate limit exceeded
06-24 22:13:27.997 I/chatty  ( 3824): uid=1000(system) android.bg identical 3 lines
06-24 22:13:38.098 I/UsageStatsService( 3824): User[0] Flushing usage stats to disk
06-24 22:13:40.528 D/AutofillManagerService( 3824): onBackKeyPressed()
06-24 22:13:40.581 I/        (    0): [11117.443355@2]- is_reset=1
06-24 22:13:40.583 I/[11117.443910@2]- vframe_rate_uevent(    0): sent uevent FRAME_RATE_HINT=0
06-24 22:13:40.583 I/[11117.445805@3]- dim(    0): ch[1]:di_receiver_event_fun,1:_UNREG
06-24 22:13:40.583 E/[11117.445969@3]- unreg(    0): v4lvideo
06-24 22:13:40.583 I/[11117.446036@1]- dim(    0): unreg:2keep[4], msk:[0x0,0x0]
06-24 22:13:40.599 I/[11117.457530@0]- dim(    0): unreg:use[12]ms
06-24 22:13:40.599 D/        (    0): [11117.457564@0]- vdec_disable_DMC input->target= 0x1
06-24 22:13:40.599 D/        (    0): [11117.459648@1]- vdec_release instance 0000000014215609, total 1 id = 0
06-24 22:13:40.599 D/        (    0): [11117.459834@1]- the clk_hevc_mux    clock off, ref cnt: 0
06-24 22:13:40.599 D/        (    0): [11117.459841@1]- the clk_hevcb_mux   clock off, ref cnt: 0
06-24 22:13:40.599 D/        (    0): [11117.459850@1]- the vdec            clock off, ref cnt: 0
06-24 22:13:40.599 D/        (    0): [11117.459854@1]- the parser_top      clock off, ref cnt: 1
06-24 22:13:40.599 D/        (    0): [11117.459858@1]- the demux           clock off, ref cnt: 1
06-24 22:13:40.599 D/        (    0): [11117.459970@1]- the demux           clock on, ref cnt: 2
06-24 22:13:40.600 D/        (    0): [11117.459975@1]- the parser_top      clock on, ref cnt: 2
06-24 22:13:40.600 D/        (    0): [11117.459983@1]- the vdec            clock on, ref cnt: 1
06-24 22:13:40.600 D/        (    0): [11117.460002@1]- the clk_hevc_mux    clock on, ref cnt: 1
06-24 22:13:40.600 D/        (    0): [11117.460006@1]- the clk_hevcb_mux   clock on, ref cnt: 1
06-24 22:13:40.600 D/        (    0): [11117.460037@1]- hevc mux clock is 499999992 Hz
06-24 22:13:40.600 D/        (    0): [11117.460053@1]- hevc back mux clock is 499999992 Hz
06-24 22:13:40.600 D/        (    0): [11117.460259@1]- vdec_create instance 000000005a638880, total 1, PM: legacy
06-24 22:13:40.600 D/        (    0): [11117.460296@1]- no drmmode
06-24 22:13:40.601 I/        (    0): [11117.460353@1]- is_reset=1
06-24 22:13:40.601 I/        (    0): [11117.460376@1]- vdec_init, dev_name:ammvdec_h265, vdec_type=VDEC_TYPE_FRAME_BLOCK  id = 0
06-24 22:13:40.601 D/[11117.460992@1]- [0]pdata->config=hevc_buf_width(    0): 1920;hevc_buf_height:1088;hevc_buf_margin:0;hevc_double_write_mode:16;save_buffer_mode:0;
06-24 22:13:40.601 D/        (    0): [11117.461024@1]- decoder_bmmu_box_alloc_box, tvp_flags = 0
06-24 22:13:40.601 D/        (    0): [11117.462935@2]- [0]dynamic_buf_num_margin=9
06-24 22:13:40.601 D/        (    0): [11117.462942@2]- [0]double_write_mode=16
06-24 22:13:40.601 D/[11117.462952@2]- [0]h265(    0): pts_unstable=0
06-24 22:13:40.601 D/[11117.462957@2]- [0]h265(    0): ver (201602101,0) decinfo: 0x0 rate=3600
06-24 22:13:40.611 I/        (    0): [11117.464468@2]- [TEE], the fw (hevc_mmu) will be loaded.
06-24 22:13:40.611 D/        (    0): [11117.464516@2]- hevc mux clock is 666666656 Hz
06-24 22:13:40.611 D/        (    0): [11117.464532@2]- hevc back mux clock is 666666656 Hz
06-24 22:13:40.611 D/        (    0): [11117.464538@2]- hevc video changed to 3840 x 2160 60 fps clk->667MHZ
06-24 22:13:40.611 D/        (    0): [11117.464584@2]- vfm map vdec-map-0 created
06-24 22:13:40.611 I/[11117.464604@2]- dim(    0): ch[1]:di_receiver_event_fun,8:_REG
06-24 22:13:40.611 I/[11117.464609@2]- dim(    0): reg:vdec.h265.00[107]
06-24 22:13:40.611 I/[11117.465271@1]- dim(    0): reg:use[1]ms
06-24 22:13:40.611 E/[11117.465297@1]- reg(    0): v4lvideo
06-24 22:13:40.611 I/[11117.465305@1]- dim(    0): ch[1]:di_receiver_event_fun,3:_START
06-24 22:13:40.611 D/        (    0): [11117.465311@1]- vdec_init, vf_provider_name = vdec.h265.00, b 0
06-24 22:13:40.611 I/        (    0): [11117.466273@2]- vdec->port_flag=0x102, port_flag=0x10b
06-24 22:13:40.611 I/        (    0): [11117.466400@2]- is_reset=0
06-24 22:13:40.621 I/        (    0): [11117.481929@2]- is_reset=1
06-24 22:13:40.621 I/[11117.483126@2]- vframe_rate_uevent(    0): sent uevent FRAME_RATE_HINT=0
06-24 22:13:40.621 I/[11117.483203@3]- dim(    0): ch[1]:di_receiver_event_fun,1:_UNREG
06-24 22:13:40.621 E/[11117.483217@3]- unreg(    0): v4lvideo
06-24 22:13:40.626 I/[11117.484095@3]- dim(    0): unreg:use[1]ms
06-24 22:13:40.645 D/        (    0): [11117.484130@3]- vdec_disable_DMC input->target= 0x1
06-24 22:13:40.645 D/        (    0): [11117.484850@3]- vdec_release instance 000000005a638880, total 1 id = 0
06-24 22:13:40.645 D/        (    0): [11117.485013@3]- the clk_hevc_mux    clock off, ref cnt: 0
06-24 22:13:40.645 D/        (    0): [11117.485020@3]- the clk_hevcb_mux   clock off, ref cnt: 0
06-24 22:13:40.645 D/        (    0): [11117.485029@3]- the vdec            clock off, ref cnt: 0
06-24 22:13:40.645 D/        (    0): [11117.485033@3]- the parser_top      clock off, ref cnt: 1
06-24 22:13:40.645 D/        (    0): [11117.485037@3]- the demux           clock off, ref cnt: 1
06-24 22:13:40.645 D/        (    0): [11117.485081@3]- the demux           clock on, ref cnt: 2
06-24 22:13:40.645 D/        (    0): [11117.485087@3]- the parser_top      clock on, ref cnt: 2
06-24 22:13:40.645 D/        (    0): [11117.485094@3]- the vdec            clock on, ref cnt: 1
06-24 22:13:40.645 D/        (    0): [11117.485113@3]- the clk_hevc_mux    clock on, ref cnt: 1
06-24 22:13:40.645 D/        (    0): [11117.485118@3]- the clk_hevcb_mux   clock on, ref cnt: 1
06-24 22:13:40.646 D/        (    0): [11117.485150@3]- hevc mux clock is 499999992 Hz
06-24 22:13:40.646 D/        (    0): [11117.485167@3]- hevc back mux clock is 499999992 Hz
06-24 22:13:40.646 D/        (    0): [11117.485375@3]- vdec_create instance 000000004fabf67a, total 1, PM: legacy
06-24 22:13:40.646 D/        (    0): [11117.485418@3]- no drmmode
06-24 22:13:40.646 I/        (    0): [11117.485453@3]- is_reset=1
06-24 22:13:40.646 I/        (    0): [11117.485482@3]- vdec_init, dev_name:ammvdec_h265, vdec_type=VDEC_TYPE_FRAME_BLOCK  id = 0
06-24 22:13:40.646 D/[11117.486257@3]- [0]pdata->config=hevc_buf_width(    0): 1920;hevc_buf_height:1088;hevc_buf_margin:0;hevc_double_write_mode:16;save_buffer_mode:0;
06-24 22:13:40.646 D/        (    0): [11117.486290@3]- decoder_bmmu_box_alloc_box, tvp_flags = 0
06-24 22:13:40.646 D/        (    0): [11117.491213@2]- [0]dynamic_buf_num_margin=9
06-24 22:13:40.646 D/        (    0): [11117.491219@2]- [0]double_write_mode=16
06-24 22:13:40.646 D/[11117.491229@2]- [0]h265(    0): pts_unstable=0
06-24 22:13:40.646 D/[11117.491234@2]- [0]h265(    0): ver (201602101,0) decinfo: 0x0 rate=3600
06-24 22:13:40.646 I/        (    0): [11117.491853@1]- [TEE], the fw (hevc_mmu) will be loaded.
06-24 22:13:40.646 D/        (    0): [11117.491897@1]- hevc mux clock is 666666656 Hz
06-24 22:13:40.646 D/        (    0): [11117.491913@1]- hevc back mux clock is 666666656 Hz
06-24 22:13:40.646 D/        (    0): [11117.491919@1]- hevc video changed to 3840 x 2160 60 fps clk->667MHZ
06-24 22:13:40.646 D/        (    0): [11117.491961@1]- vfm map vdec-map-0 created
06-24 22:13:40.646 I/[11117.491980@1]- dim(    0): ch[1]:di_receiver_event_fun,8:_REG
06-24 22:13:40.646 I/[11117.491986@1]- dim(    0): reg:vdec.h265.00[108]
06-24 22:13:40.646 I/[11117.492070@1]- dim(    0): reg:use[1]ms
06-24 22:13:40.646 E/[11117.492085@1]- reg(    0): v4lvideo
06-24 22:13:40.646 I/[11117.492091@1]- dim(    0): ch[1]:di_receiver_event_fun,3:_START
06-24 22:13:40.646 D/        (    0): [11117.492095@1]- vdec_init, vf_provider_name = vdec.h265.00, b 0
06-24 22:13:40.646 I/        (    0): [11117.493589@2]- vdec->port_flag=0x102, port_flag=0x10b
06-24 22:13:40.646 I/        (    0): [11117.493693@2]- is_reset=0
06-24 22:13:40.646 I/[11117.504384@1]- vframe_rate_uevent(    0): sent uevent FRAME_RATE_HINT=0
06-24 22:13:40.646 I/[11117.504446@1]- dim(    0): ch[1]:di_receiver_event_fun,1:_UNREG
06-24 22:13:40.646 E/[11117.504458@1]- unreg(    0): v4lvideo
06-24 22:13:40.646 I/[11117.504521@1]- dim(    0): unreg:use[0]ms
06-24 22:13:40.646 D/        (    0): [11117.504539@1]- vdec_disable_DMC input->target= 0x1
06-24 22:13:40.646 D/        (    0): [11117.504997@1]- vdec_release instance 000000004fabf67a, total 1 id = 0
06-24 22:13:40.646 D/        (    0): [11117.505160@1]- the clk_hevc_mux    clock off, ref cnt: 0
06-24 22:13:40.646 D/        (    0): [11117.505166@1]- the clk_hevcb_mux   clock off, ref cnt: 0
06-24 22:13:40.646 D/        (    0): [11117.505175@1]- the vdec            clock off, ref cnt: 0
06-24 22:13:40.646 D/        (    0): [11117.505179@1]- the parser_top      clock off, ref cnt: 1
06-24 22:13:40.646 D/        (    0): [11117.505183@1]- the demux           clock off, ref cnt: 1
06-24 22:13:40.646 D/        (    0): [11117.505213@1]d v4lvideo_release_map 0 OK
06-24 22:13:40.646 D/[11117.505332@1]- v4lvid(    0): dbg: vidioc_close!!!!
06-24 22:13:40.646 I/[11117.506494@1]- resman(    0): 101 release [codec_mm]
06-24 22:13:40.888 I/[11117.747958@0]- vc(    0): [0]vc: set enable index=0, val=0
06-24 22:13:40.888 I/[11117.747981@0]- VID(    0): store VD0 path_id changed 2->-1
06-24 22:13:40.888 I/        (    0): [11117.747986@0]- dev->index =0, val=1
06-24 22:13:40.888 I/[11117.747990@0]- VID(    0): VD1 off
06-24 22:13:40.888 I/[11117.747995@0]- VID(    0): VD1 set global output as 0
06-24 22:13:40.888 I/        (    0): [11117.748015@0]- common_vf_unreg_provider video_render.0: vd1 used: true, vd2 used: false, black_out:0, cur_buf:00000000269fa9eb
06-24 22:13:41.385 W/        (    0): [11118.243779@1]h gpu debug, next index above max-1, set to 2
06-24 22:13:41.617 W/[11118.477798@2]- RTW(    0): fill_default_txdesc(wlan0): SP Packet(0x0806) rate=0x4 SeqNum = 2445
06-24 22:13:42.385 D/AutofillManagerService( 3824): onBackKeyPressed()
06-24 22:13:43.635 D/InputMethodManagerService( 3824): Top Package Name: in.startv.hotstar
06-24 22:13:43.639 W/ContextImpl( 3824): Calling a method in the system process without a qualified user: android.app.ContextImpl.sendBroadcast:1111 com.android.server.inputmethod.InputMethodManagerService.sendSoftInputVisibilityBroadcast:3258 com.android.server.inputmethod.InputMethodManagerService.showCurrentInputLocked:3231 com.android.server.inputmethod.InputMethodManagerService.showSoftInput:3153 com.android.internal.view.IInputMethodManager$Stub.onTransact:304 
06-24 22:13:43.641 D/InputMethodManagerService( 3824): Top Package Name: in.startv.hotstar
06-24 22:13:43.642 W/ContextImpl( 3824): Calling a method in the system process without a qualified user: android.app.ContextImpl.sendBroadcast:1111 com.android.server.inputmethod.InputMethodManagerService.sendSoftInputVisibilityBroadcast:3258 com.android.server.inputmethod.InputMethodManagerService.showCurrentInputLocked:3231 com.android.server.inputmethod.InputMethodManagerService.showMySoftInput:4198 com.android.server.inputmethod.InputMethodManagerService.access$4100:189 
06-24 22:13:43.647 W/ContextImpl( 3824): Calling a method in the system process without a qualified user: android.app.ContextImpl.sendBroadcast:1111 com.android.server.inputmethod.InputMethodManagerService.sendSoftInputVisibilityBroadcast:3258 com.android.server.inputmethod.InputMethodManagerService.hideCurrentInputLocked:3330 com.android.server.inputmethod.InputMethodManagerService.hideMySoftInput:4180 com.android.server.inputmethod.InputMethodManagerService.access$4000:189 
06-24 22:13:43.673 D/InputMethodManagerService( 3824): Top Package Name: in.startv.hotstar
06-24 22:13:43.676 W/ContextImpl( 3824): Calling a method in the system process without a qualified user: android.app.ContextImpl.sendBroadcast:1111 com.android.server.inputmethod.InputMethodManagerService.sendSoftInputVisibilityBroadcast:3258 com.android.server.inputmethod.InputMethodManagerService.showCurrentInputLocked:3231 com.android.server.inputmethod.InputMethodManagerService.showMySoftInput:4198 com.android.server.inputmethod.InputMethodManagerService.access$4100:189 
06-24 22:13:43.715 D/InputMethodManagerService( 3824): Top Package Name: in.startv.hotstar
06-24 22:13:43.715 W/ContextImpl( 3824): Calling a method in the system process without a qualified user: android.app.ContextImpl.sendBroadcast:1111 com.android.server.inputmethod.InputMethodManagerService.sendSoftInputVisibilityBroadcast:3258 com.android.server.inputmethod.InputMethodManagerService.showCurrentInputLocked:3231 com.android.server.inputmethod.InputMethodManagerService.showMySoftInput:4198 com.android.server.inputmethod.InputMethodManagerService.access$4100:189 
06-24 22:13:43.814 D/InputMethodManagerService( 3824): Top Package Name: in.startv.hotstar
06-24 22:13:43.815 W/ContextImpl( 3824): Calling a method in the system process without a qualified user: android.app.ContextImpl.sendBroadcast:1111 com.android.server.inputmethod.InputMethodManagerService.sendSoftInputVisibilityBroadcast:3258 com.android.server.inputmethod.InputMethodManagerService.showCurrentInputLocked:3231 com.android.server.inputmethod.InputMethodManagerService.showMySoftInput:4198 com.android.server.inputmethod.InputMethodManagerService.access$4100:189 
06-24 22:13:43.817 D/InputMethodManagerService( 3824): Top Package Name: in.startv.hotstar
06-24 22:13:43.821 W/ContextImpl( 3824): Calling a method in the system process without a qualified user: android.app.ContextImpl.sendBroadcast:1111 com.android.server.inputmethod.InputMethodManagerService.sendSoftInputVisibilityBroadcast:3258 com.android.server.inputmethod.InputMethodManagerService.showCurrentInputLocked:3231 com.android.server.inputmethod.InputMethodManagerService.showMySoftInput:4198 com.android.server.inputmethod.InputMethodManagerService.access$4100:189 
06-24 22:13:43.877 W/NotificationHistory( 3824): Attempted to add notif for locked/gone/disabled user 0
06-24 22:13:44.029 W/NotificationHistory( 3824): Attempted to add notif for locked/gone/disabled user 0
06-24 22:13:44.565 D/InputMethodManagerService( 3824): Top Package Name: in.startv.hotstar
06-24 22:13:44.566 W/ContextImpl( 3824): Calling a method in the system process without a qualified user: android.app.ContextImpl.sendBroadcast:1111 com.android.server.inputmethod.InputMethodManagerService.sendSoftInputVisibilityBroadcast:3258 com.android.server.inputmethod.InputMethodManagerService.showCurrentInputLocked:3231 com.android.server.inputmethod.InputMethodManagerService.attachNewInputLocked:2397 com.android.server.inputmethod.InputMethodManagerService.startInputUncheckedLocked:2503 
06-24 22:13:44.569 D/InputMethodManagerService( 3824): Top Package Name: in.startv.hotstar
06-24 22:13:44.572 W/ContextImpl( 3824): Calling a method in the system process without a qualified user: android.app.ContextImpl.sendBroadcast:1111 com.android.server.inputmethod.InputMethodManagerService.sendSoftInputVisibilityBroadcast:3258 com.android.server.inputmethod.InputMethodManagerService.showCurrentInputLocked:3231 com.android.server.inputmethod.InputMethodManagerService.showMySoftInput:4198 com.android.server.inputmethod.InputMethodManagerService.access$4100:189 
06-24 22:13:44.693 D/InputMethodManagerService( 3824): Top Package Name: in.startv.hotstar
06-24 22:13:44.694 W/ContextImpl( 3824): Calling a method in the system process without a qualified user: android.app.ContextImpl.sendBroadcast:1111 com.android.server.inputmethod.InputMethodManagerService.sendSoftInputVisibilityBroadcast:3258 com.android.server.inputmethod.InputMethodManagerService.showCurrentInputLocked:3231 com.android.server.inputmethod.InputMethodManagerService.showMySoftInput:4198 com.android.server.inputmethod.InputMethodManagerService.access$4100:189 
06-24 22:13:45.294 D/InputMethodManagerService( 3824): Top Package Name: in.startv.hotstar
06-24 22:13:45.295 W/ContextImpl( 3824): Calling a method in the system process without a qualified user: android.app.ContextImpl.sendBroadcast:1111 com.android.server.inputmethod.InputMethodManagerService.sendSoftInputVisibilityBroadcast:3258 com.android.server.inputmethod.InputMethodManagerService.showCurrentInputLocked:3231 com.android.server.inputmethod.InputMethodManagerService.attachNewInputLocked:2397 com.android.server.inputmethod.InputMethodManagerService.startInputUncheckedLocked:2503 
06-24 22:13:45.298 D/InputMethodManagerService( 3824): Top Package Name: in.startv.hotstar
06-24 22:13:45.299 W/ContextImpl( 3824): Calling a method in the system process without a qualified user: android.app.ContextImpl.sendBroadcast:1111 com.android.server.inputmethod.InputMethodManagerService.sendSoftInputVisibilityBroadcast:3258 com.android.server.inputmethod.InputMethodManagerService.showCurrentInputLocked:3231 com.android.server.inputmethod.InputMethodManagerService.showMySoftInput:4198 com.android.server.inputmethod.InputMethodManagerService.access$4100:189 
06-24 22:13:45.319 D/InputMethodManagerService( 3824): Top Package Name: in.startv.hotstar
06-24 22:13:45.321 W/ContextImpl( 3824): Calling a method in the system process without a qualified user: android.app.ContextImpl.sendBroadcast:1111 com.android.server.inputmethod.InputMethodManagerService.sendSoftInputVisibilityBroadcast:3258 com.android.server.inputmethod.InputMethodManagerService.showCurrentInputLocked:3231 com.android.server.inputmethod.InputMethodManagerService.showMySoftInput:4198 com.android.server.inputmethod.InputMethodManagerService.access$4100:189 
06-24 22:13:46.239 D/AutofillManagerService( 3824): onBackKeyPressed()
06-24 22:13:46.243 W/ContextImpl( 3824): Calling a method in the system process without a qualified user: android.app.ContextImpl.sendBroadcast:1111 com.android.server.inputmethod.InputMethodManagerService.sendSoftInputVisibilityBroadcast:3258 com.android.server.inputmethod.InputMethodManagerService.hideCurrentInputLocked:3330 com.android.server.inputmethod.InputMethodManagerService.hideMySoftInput:4180 com.android.server.inputmethod.InputMethodManagerService.access$4000:189 
06-24 22:13:46.693 W/[11123.554564@1]- RTW(    0): fill_default_txdesc(wlan0): SP Packet(0x0806) rate=0x4 SeqNum = 3112
06-24 22:13:48.193 I/UsageStatsService( 3824): User[0] Flushing usage stats to disk
06-24 22:13:48.609 D/[11125.470266@3]- logd(    0): logdr: UID=0 GID=0 PID=22073 n tail=0 logMask=99 pid=0 start=0ns timeout=0ns
06-24 22:13:49.012 D/HdmiControlService( 3824): Proccess pid: 3824 is calling oneTouchPlay.
06-24 22:13:49.014 D/HdmiControlService( 3824): Local device is under address allocation. Save OTP callback for later process.
06-24 22:13:49.029 D/AutofillManagerService( 3824): Close system dialogs
06-24 22:13:49.044 I/ActivityTaskManager( 3824): START u0 {act=android.intent.action.MAIN cat=[android.intent.category.HOME] flg=0x10000100 cmp=com.iwedia.ui.rjio.launcher.reliance/com.iwedia.ui.rjio.launcher.ui.intro.IntroActivity (has extras)} from uid 0
06-24 22:13:49.044 D/ActivityTaskManager( 3824): recent debug: [launchedPkgName] --> com.iwedia.ui.rjio.launcher.reliance [callingPackage] --> null
06-24 22:13:49.058 V/ActivityTaskManager( 3824): Old State : null Updated state : INITIALIZING Activity : ComponentInfo{com.iwedia.ui.rjio.launcher.reliance/com.iwedia.ui.rjio.launcher.ui.intro.IntroActivity}
06-24 22:13:49.058 V/ActivityTaskManager( 3824): Sending Broadcast : Intent { act=com.jio.remote.action.applaunch flg=0x40000000 pkg=com.jio.remote.btserver (has extras) }
06-24 22:13:49.087 V/ActivityTaskManager( 3824): Old State : RESUMED Updated state : PAUSING Activity : ComponentInfo{in.startv.hotstar/com.hotstar.MainActivity}
06-24 22:13:49.087 V/ActivityTaskManager( 3824): Sending Broadcast : Intent { act=com.jio.remote.action.applaunch flg=0x40000000 pkg=com.jio.remote.btserver (has extras) }
06-24 22:13:49.141 V/ActivityTaskManager( 3824): Old State : PAUSING Updated state : PAUSED Activity : ComponentInfo{in.startv.hotstar/com.hotstar.MainActivity}
06-24 22:13:49.141 V/ActivityTaskManager( 3824): Sending Broadcast : Intent { act=com.jio.remote.action.applaunch flg=0x40000000 pkg=com.jio.remote.btserver (has extras) }
06-24 22:13:49.143 V/ActivityTaskManager( 3824): Old State : STOPPED Updated state : RESUMED Activity : ComponentInfo{com.iwedia.ui.rjio.launcher.reliance/com.iwedia.ui.rjio.launcher.ui.intro.IntroActivity}
06-24 22:13:49.143 V/ActivityTaskManager( 3824): Sending Broadcast : Intent { act=com.jio.remote.action.applaunch flg=0x40000000 pkg=com.jio.remote.btserver (has extras) }
06-24 22:13:49.178 W/WindowManager( 3824): removeWindowToken: Attempted to remove non-existing token: android.os.Binder@a5b53bb
06-24 22:13:49.255 D/PackageManager( 3824): Instant App installer not found with android.intent.action.INSTALL_INSTANT_APP_PACKAGE
06-24 22:13:49.255 D/PackageManager( 3824): Clear ephemeral installer activity
06-24 22:13:49.261 W/ActivityManager( 3824): Receiver with filter android.content.IntentFilter@1026381 already registered for pid 5021, callerPackage is com.iwedia.ui.rjio.launcher.reliance
06-24 22:13:49.268 I/ActivityManager( 3824): Force stopping io.appium.uiautomator2.server appid=10075 user=0: finished inst
06-24 22:13:49.269 I/ActivityManager( 3824): Killing 19348:io.appium.uiautomator2.server/u0a75 (adj 0): stop io.appium.uiautomator2.server due to finished inst
06-24 22:13:49.365 I/[11126.225549@2]- binder(    0): undelivered TRANSACTION_COMPLETE
06-24 22:13:49.365 I/[11126.225559@2]- binder(    0): undelivered transaction 4212548, process died.
06-24 22:13:49.496 I/ActivityManager( 3824): Force stopping io.appium.uiautomator2.server appid=10075 user=0: from pid 22106
06-24 22:13:49.503 I/ActivityManager( 3824): Force stopping io.appium.uiautomator2.server.test appid=10066 user=0: from pid 22105
06-24 22:13:49.615 V/ActivityTaskManager( 3824): Old State : PAUSED Updated state : STOPPING Activity : ComponentInfo{in.startv.hotstar/com.hotstar.MainActivity}
06-24 22:13:49.615 V/ActivityTaskManager( 3824): Sending Broadcast : Intent { act=com.jio.remote.action.applaunch flg=0x40000000 pkg=com.jio.remote.btserver (has extras) }
06-24 22:13:49.721 V/ActivityTaskManager( 3824): Old State : STOPPING Updated state : STOPPED Activity : ComponentInfo{in.startv.hotstar/com.hotstar.MainActivity}
06-24 22:13:49.721 V/ActivityTaskManager( 3824): Sending Broadcast : Intent { act=com.jio.remote.action.applaunch flg=0x40000000 pkg=com.jio.remote.btserver (has extras) }
06-24 22:13:50.310 I/AppsFilter( 3824): interaction: PackageSetting{26cd7da io.appium.uiautomator2.server.test/10066} -> PackageSetting{354167e in.startv.hotstar/10098} BLOCKED
06-24 22:13:50.310 I/AppsFilter( 3824): interaction: PackageSetting{84dc2e8 io.appium.settings/10063} -> PackageSetting{354167e in.startv.hotstar/10098} BLOCKED
06-24 22:13:50.336 I/RoleManagerService( 3824): Granting default roles...
06-24 22:13:51.369 W/[11128.231062@3]- RTW(    0): fill_default_txdesc(wlan0): SP Packet(0x0806) rate=0x4 SeqNum = 1254
06-24 22:13:54.386 I/        (    0): [11131.248234@2]- EXT4-fs (mmcblk0p18): re-mounted. Opts: (null)
06-24 22:13:54.577 D/PackageManager( 3824): Instant App installer not found with android.intent.action.INSTALL_INSTANT_APP_PACKAGE
06-24 22:13:54.577 D/PackageManager( 3824): Clear ephemeral installer activity
06-24 22:13:55.618 I/AppsFilter( 3824): interaction: PackageSetting{26cd7da io.appium.uiautomator2.server.test/10066} -> PackageSetting{354167e in.startv.hotstar/10098} BLOCKED
06-24 22:13:55.619 I/AppsFilter( 3824): interaction: PackageSetting{84dc2e8 io.appium.settings/10063} -> PackageSetting{354167e in.startv.hotstar/10098} BLOCKED
06-24 22:13:55.637 I/RoleManagerService( 3824): Granting default roles...
06-24 22:13:56.881 W/[11133.740044@1]- RTW(    0): fill_default_txdesc(wlan0): SP Packet(0x0806) rate=0x4 SeqNum = 1310
06-24 22:13:58.290 I/UsageStatsService( 3824): User[0] Flushing usage stats to disk
06-24 22:13:59.762 D/[11136.624610@0]- logd(    0): logdr: UID=0 GID=0 PID=22197 b tail=0 logMask=99 pid=0 start=0ns timeout=0ns
06-24 22:13:59.763 I/ActivityManager( 3824): Force stopping in.startv.hotstar appid=10098 user=0: from pid 4931
06-24 22:13:59.764 I/ActivityManager( 3824): Killing 19420:in.startv.hotstar/u0a98 (adj 700): stop in.startv.hotstar due to from pid 4931
06-24 22:13:59.768 W/ActivityTaskManager( 3824): Force removing ActivityRecord{688c3aa u0 in.startv.hotstar/com.hotstar.MainActivity t2226 f}}: app died, no saved state
06-24 22:13:59.771 V/ActivityTaskManager( 3824): Old State : STOPPED Updated state : DESTROYED Activity : ComponentInfo{in.startv.hotstar/com.hotstar.MainActivity}
06-24 22:13:59.771 V/ActivityTaskManager( 3824): Sending Broadcast : Intent { act=com.jio.remote.action.applaunch flg=0x40000000 pkg=com.jio.remote.btserver (has extras) }
06-24 22:13:59.788 I/ActivityManager( 3824): Force stopping in.startv.hotstar appid=10098 user=0: from pid 4931
06-24 22:13:59.803 I/ActivityManager( 3824): Force stopping in.startv.hotstar appid=10098 user=0: from pid 4931
06-24 22:13:59.810 I/ActivityManager( 3824): Force stopping in.startv.hotstar appid=10098 user=0: from pid 4931
06-24 22:13:59.821 I/ActivityManager( 3824): Force stopping in.startv.hotstar appid=10098 user=0: from pid 4931
06-24 22:13:59.838 I/chatty  ( 3824): uid=1000(system) Binder:3824_16 identical 3 lines
06-24 22:13:59.842 I/ActivityManager( 3824): Force stopping in.startv.hotstar appid=10098 user=0: from pid 4931
06-24 22:13:59.848 I/ActivityManager( 3824): Force stopping in.startv.hotstar appid=10098 user=0: from pid 4931
06-24 22:14:00.010 D/ConnectivityService( 3824): ConnectivityService NetworkRequestInfo binderDied(NetworkRequest [ TRACK_DEFAULT id=57, [ Capabilities: INTERNET&NOT_RESTRICTED&TRUSTED Uid: 10098 AdministratorUids: [] RequestorUid: 10098 RequestorPackageName: in.startv.hotstar] ], android.os.BinderProxy@463558a)
06-24 22:14:00.011 D/ConnectivityService( 3824): ConnectivityService NetworkRequestInfo binderDied(NetworkRequest [ LISTEN id=56, [ Capabilities: INTERNET&NOT_RESTRICTED&TRUSTED&NOT_VPN&FOREGROUND Uid: 10098 AdministratorUids: [] RequestorUid: 10098 RequestorPackageName: in.startv.hotstar] ], android.os.BinderProxy@517a7fb)
06-24 22:14:00.015 W/WindowManager( 3824): Cannot find window which accessibility connection is added to
06-24 22:14:00.015 W/ActivityManager( 3824): setHasOverlayUi called on unknown pid: 19420
06-24 22:14:00.016 D/ConnectivityService( 3824): releasing NetworkRequest [ TRACK_DEFAULT id=57, [ Capabilities: INTERNET&NOT_RESTRICTED&TRUSTED Uid: 10098 AdministratorUids: [] RequestorUid: 10098 RequestorPackageName: in.startv.hotstar] ] (release request)
06-24 22:14:00.588 I/ActivityManager( 3824): Force stopping io.appium.uiautomator2.server appid=10075 user=0: from pid 22235
06-24 22:14:00.593 I/ActivityManager( 3824): Force stopping io.appium.uiautomator2.server.test appid=10066 user=0: from pid 22236
06-24 22:14:01.101 W/[11137.961175@1]- RTW(    0): cfg80211_rtw_scan(wlan0)
06-24 22:14:01.101 W/[11137.961196@1]- RTW(    0): cfg80211_rtw_scan (wlan0) tx:5, rx:4, bi:9 kbps, disallow(0)
06-24 22:14:01.107 W/[11137.968568@0]- RTW(    0): [HW_VAR_CHECK_TXBUF] Empty in 4 ms
06-24 22:14:01.107 W/[11137.968707@0]- RTW(    0): wlan0 sleep m0=0x00000003, ori reg_0x4d4=0x00000000
06-24 22:14:01.486 I/ActivityManager( 3824): Force stopping io.appium.uiautomator2.server appid=10075 user=0: start instr
06-24 22:14:01.489 D/CompatibilityChangeReporter( 3824): Compat change id reported: 135634846; UID 10075; state: DISABLED
06-24 22:14:01.490 D/CompatibilityChangeReporter( 3824): Compat change id reported: 143937733; UID 10075; state: ENABLED
06-24 22:14:01.510 I/ActivityManager( 3824): Start proc 22256:io.appium.uiautomator2.server/u0a75 for added application io.appium.uiautomator2.server
06-24 22:14:01.801 W/[11138.659957@2]- RTW(    0): LeaveAllPowerSaveModeDirect.....
06-24 22:14:01.801 W/[11138.659965@2]- RTW(    0): LeaveAllPowerSaveModeDirect: Driver Already Leave LPS
06-24 22:14:01.801 W/[11138.659977@2]- RTW(    0): rtw_hal_set_macaddr_port wlan0- hw port(0) mac_addr =6c:e8:c6:c6:9d:9c
06-24 22:14:01.801 W/[11138.660468@2]- RTW(    0): wlan0- hw port(0) mac_addr =6c:e8:c6:c6:9d:9c
06-24 22:14:01.801 W/[11138.660565@2]- RTW(    0): p2p0- hw port(1) mac_addr =6e:e8:c6:c6:9d:9c
06-24 22:14:01.805 W/[11138.667236@2]- RTW(    0): wlan0 wakeup m0=0x00000003, ori reg_0x4d4=0x00000003
06-24 22:14:01.809 W/[11138.668123@2]- RTW(    0): survey done event(2f) band:0 for wlan0
06-24 22:14:01.809 W/        (    0): [11138.668139@2]- ========== ACS (VER-3) ==========
06-24 22:14:01.809 W/        (    0): [11138.668143@2]- Best 24G Channel:2
06-24 22:14:01.809 W/        (    0): [11138.668146@2]- Best 5G Channel:40
06-24 22:14:01.809 W/        (    0): [11138.668146@2]-
06-24 22:14:01.809 W/[11138.668212@2]- RTW(    0): rtw_indicate_scan_done(wlan0)
06-24 22:14:01.869 W/[11138.730032@2]- RTW(    0): fill_default_txdesc(wlan0): SP Packet(0x0806) rate=0x4 SeqNum = 2490
06-24 22:14:02.824 E/TaskPersister( 3824): File error accessing recents directory (directory doesn't exist?).
06-24 22:14:03.169 W/WindowManager( 3824): removeWindowToken: Attempted to remove non-existing token: android.os.Binder@18e068b
06-24 22:14:04.649 D/WindowManager( 3824): Unhandled key: inputToken=android.os.BinderProxy@ddc628d, title=com.iwedia.ui.rjio.launcher.reliance/com.iwedia.ui.rjio.launcher.ui.intro.IntroActivity, action=0, flags=0, keyCode=4, scanCode=0, metaState=0, repeatCount=0, policyFlags=1795162112
06-24 22:14:04.649 D/WindowManager( 3824): No fallback.
06-24 22:14:04.652 D/AutofillManagerService( 3824): onBackKeyPressed()
06-24 22:14:04.659 D/WindowManager( 3824): Unhandled key: inputToken=android.os.BinderProxy@ddc628d, title=com.iwedia.ui.rjio.launcher.reliance/com.iwedia.ui.rjio.launcher.ui.intro.IntroActivity, action=1, flags=0, keyCode=4, scanCode=0, metaState=0, repeatCount=0, policyFlags=1795162112
06-24 22:14:04.659 D/WindowManager( 3824): No fallback.
06-24 22:14:06.433 W/[11143.295519@1]- RTW(    0): fill_default_txdesc(wlan0): SP Packet(0x0806) rate=0x4 SeqNum = 3058
06-24 22:14:07.088 I/ActivityTaskManager( 3824): START u0 {flg=0x10000000 cmp=com.jiotv.sonyliv/com.sonyliv.ui.splash.SplashActivity} from uid 0
06-24 22:14:07.088 D/ActivityTaskManager( 3824): recent debug: [launchedPkgName] --> com.jiotv.sonyliv [callingPackage] --> com.android.shell
06-24 22:14:07.089 V/ActivityTaskManager( 3824): Old State : null Updated state : INITIALIZING Activity : ComponentInfo{com.jiotv.sonyliv/com.sonyliv.ui.splash.SplashActivity}
06-24 22:14:07.089 V/ActivityTaskManager( 3824): Sending Broadcast : Intent { act=com.jio.remote.action.applaunch flg=0x40000000 pkg=com.jio.remote.btserver (has extras) }
06-24 22:14:07.097 V/ActivityTaskManager( 3824): Old State : RESUMED Updated state : PAUSING Activity : ComponentInfo{com.iwedia.ui.rjio.launcher.reliance/com.iwedia.ui.rjio.launcher.ui.intro.IntroActivity}
06-24 22:14:07.097 V/ActivityTaskManager( 3824): Sending Broadcast : Intent { act=com.jio.remote.action.applaunch flg=0x40000000 pkg=com.jio.remote.btserver (has extras) }
06-24 22:14:07.104 D/CompatibilityChangeReporter( 3824): Compat change id reported: 135634846; UID 10090; state: DISABLED
06-24 22:14:07.105 D/CompatibilityChangeReporter( 3824): Compat change id reported: 143937733; UID 10090; state: ENABLED
06-24 22:14:07.113 V/ActivityTaskManager( 3824): Old State : PAUSING Updated state : PAUSED Activity : ComponentInfo{com.iwedia.ui.rjio.launcher.reliance/com.iwedia.ui.rjio.launcher.ui.intro.IntroActivity}
06-24 22:14:07.113 V/ActivityTaskManager( 3824): Sending Broadcast : Intent { act=com.jio.remote.action.applaunch flg=0x40000000 pkg=com.jio.remote.btserver (has extras) }
06-24 22:14:07.129 I/ActivityManager( 3824): Start proc 22339:com.jiotv.sonyliv/u0a90 for pre-top-activity {com.jiotv.sonyliv/com.sonyliv.ui.splash.SplashActivity}
06-24 22:14:07.174 V/ActivityTaskManager( 3824): Old State : INITIALIZING Updated state : RESUMED Activity : ComponentInfo{com.jiotv.sonyliv/com.sonyliv.ui.splash.SplashActivity}
06-24 22:14:07.174 V/ActivityTaskManager( 3824): Sending Broadcast : Intent { act=com.jio.remote.action.applaunch flg=0x40000000 pkg=com.jio.remote.btserver (has extras) }
06-24 22:14:07.814 D/ConnectivityService( 3824): NetReassign [no changes]
06-24 22:14:07.830 D/ConnectivityService( 3824): requestNetwork for uid/pid:10090/22339 NetworkRequest [ TRACK_DEFAULT id=59, [ Capabilities: INTERNET&NOT_RESTRICTED&TRUSTED Uid: 10090 AdministratorUids: [] RequestorUid: 10090 RequestorPackageName: com.jiotv.sonyliv] ]
06-24 22:14:07.830 D/ConnectivityService( 3824): NetReassign [59 : null  101]
06-24 22:14:08.401 I/UsageStatsService( 3824): User[0] Flushing usage stats to disk
06-24 22:14:08.769 W/ActivityManager( 3824): Unable to start service Intent { act=com.google.android.gms.analytics.service.START cmp=com.google.android.gms/.analytics.service.AnalyticsService (has extras) } U=0: not found
06-24 22:14:09.016 V/ActivityTaskManager( 3824): Old State : PAUSED Updated state : STOPPING Activity : ComponentInfo{com.iwedia.ui.rjio.launcher.reliance/com.iwedia.ui.rjio.launcher.ui.intro.IntroActivity}
06-24 22:14:09.016 V/ActivityTaskManager( 3824): Sending Broadcast : Intent { act=com.jio.remote.action.applaunch flg=0x40000000 pkg=com.jio.remote.btserver (has extras) }
06-24 22:14:09.101 V/ActivityTaskManager( 3824): Old State : STOPPING Updated state : STOPPED Activity : ComponentInfo{com.iwedia.ui.rjio.launcher.reliance/com.iwedia.ui.rjio.launcher.ui.intro.IntroActivity}
06-24 22:14:09.101 V/ActivityTaskManager( 3824): Sending Broadcast : Intent { act=com.jio.remote.action.applaunch flg=0x40000000 pkg=com.jio.remote.btserver (has extras) }
06-24 22:14:09.853 D/ConnectivityService( 3824): requestNetwork for uid/pid:10090/22339 NetworkRequest [ TRACK_DEFAULT id=60, [ Capabilities: INTERNET&NOT_RESTRICTED&TRUSTED Uid: 10090 AdministratorUids: [] RequestorUid: 10090 RequestorPackageName: com.jiotv.sonyliv] ]
06-24 22:14:09.855 D/ConnectivityService( 3824): NetReassign [60 : null  101]
06-24 22:14:10.161 I/ActivityTaskManager( 3824): START u0 {flg=0x14008000 cmp=com.jiotv.sonyliv/com.sonyliv.ui.home.HomeActivity} from uid 10090
06-24 22:14:10.161 D/ActivityTaskManager( 3824): recent debug: [launchedPkgName] --> com.jiotv.sonyliv [callingPackage] --> com.jiotv.sonyliv
06-24 22:14:10.163 V/ActivityTaskManager( 3824): Old State : null Updated state : INITIALIZING Activity : ComponentInfo{com.jiotv.sonyliv/com.sonyliv.ui.home.HomeActivity}
06-24 22:14:10.163 V/ActivityTaskManager( 3824): Sending Broadcast : Intent { act=com.jio.remote.action.applaunch flg=0x40000000 pkg=com.jio.remote.btserver (has extras) }
06-24 22:14:10.181 V/ActivityTaskManager( 3824): Old State : RESUMED Updated state : PAUSING Activity : ComponentInfo{com.jiotv.sonyliv/com.sonyliv.ui.splash.SplashActivity}
06-24 22:14:10.181 V/ActivityTaskManager( 3824): Sending Broadcast : Intent { act=com.jio.remote.action.applaunch flg=0x40000000 pkg=com.jio.remote.btserver (has extras) }
06-24 22:14:10.190 W/ActivityTaskManager( 3824): Duplicate finish request for r=ActivityRecord{610031 u0 com.jiotv.sonyliv/com.sonyliv.ui.splash.SplashActivity t2227 f}}
06-24 22:14:10.207 W/ActivityTaskManager( 3824): Tried to set launchTime (0) < mLastActivityLaunchTime (11143942)
06-24 22:14:10.208 V/ActivityTaskManager( 3824): Old State : PAUSING Updated state : PAUSED Activity : ComponentInfo{com.jiotv.sonyliv/com.sonyliv.ui.splash.SplashActivity}
06-24 22:14:10.209 V/ActivityTaskManager( 3824): Sending Broadcast : Intent { act=com.jio.remote.action.applaunch flg=0x40000000 pkg=com.jio.remote.btserver (has extras) }
06-24 22:14:10.214 V/ActivityTaskManager( 3824): Old State : INITIALIZING Updated state : RESUMED Activity : ComponentInfo{com.jiotv.sonyliv/com.sonyliv.ui.home.HomeActivity}
06-24 22:14:10.214 V/ActivityTaskManager( 3824): Sending Broadcast : Intent { act=com.jio.remote.action.applaunch flg=0x40000000 pkg=com.jio.remote.btserver (has extras) }
06-24 22:14:10.217 V/ActivityTaskManager( 3824): Old State : PAUSED Updated state : STOPPING Activity : ComponentInfo{com.jiotv.sonyliv/com.sonyliv.ui.splash.SplashActivity}
06-24 22:14:10.217 V/ActivityTaskManager( 3824): Sending Broadcast : Intent { act=com.jio.remote.action.applaunch flg=0x40000000 pkg=com.jio.remote.btserver (has extras) }
06-24 22:14:11.045 D/CompatibilityChangeReporter( 3824): Compat change id reported: 135634846; UID 10090; state: DISABLED
06-24 22:14:11.046 D/CompatibilityChangeReporter( 3824): Compat change id reported: 143937733; UID 10090; state: ENABLED
06-24 22:14:11.085 I/ActivityManager( 3824): Start proc 22564:com.android.webview:sandboxed_process0:org.chromium.content.app.SandboxedProcessService0:0/u0i5 for  {com.jiotv.sonyliv/org.chromium.content.app.SandboxedProcessService0:0}
06-24 22:14:11.182 D/CompatibilityChangeReporter( 3824): Compat change id reported: 136274596; UID 10090; state: ENABLED
06-24 22:14:11.278 E/TaskPersister( 3824): File error accessing recents directory (directory doesn't exist?).
