06-27 12:49:35.816 W/[ 2076.837892@0]- tuner(    0): MXL251_Set_Frontend devId:0,tunerId:1 frequency:306003003,bandwidth_hz:7906250,symbol_rate:6875000,modulation:3
06-27 12:49:35.960 W/[ 2076.981020@0]- tuner(    0): mxl251_read_status=0x20
06-27 12:49:35.960 W/[ 2076.981889@0]- tuner(    0): MXL251_Set_Frontend devId:0,tunerId:1 frequency:305996997,bandwidth_hz:7906250,symbol_rate:6875000,modulation:3
06-27 12:49:36.104 W/[ 2077.125027@0]- tuner(    0): mxl251_read_status=0x20
06-27 12:49:36.104 W/[ 2077.125874@0]- tuner(    0): MXL251_Set_Frontend devId:0,tunerId:1 frequency:306003432,bandwidth_hz:7906250,symbol_rate:6875000,modulation:3
06-27 12:49:36.248 W/[ 2077.270110@0]- tuner(    0): mxl251_read_status=0x20
06-27 12:49:36.253 W/[ 2077.274847@0]- tuner(    0): MXL251_Set_Frontend devId:0,tunerId:1 frequency:305996568,bandwidth_hz:7906250,symbol_rate:6875000,modulation:3
06-27 12:49:36.408 W/[ 2077.429083@0]- tuner(    0): mxl251_read_status=0x20
06-27 12:49:36.460 W/[ 2077.481108@0]- tuner(    0): mxl251_read_status=0x20
06-27 12:49:36.460 W/[ 2077.481928@0]- tuner(    0): MXL251_Set_Frontend devId:0,tunerId:1 frequency:306000000,bandwidth_hz:7906250,symbol_rate:6875000,modulation:3
06-27 12:49:36.792 W/[ 2077.811452@0]- tuner(    0): mxl251_read_status=0x20
06-27 12:49:36.889 W/[ 2077.910298@0]- tuner(    0): mxl251_get_frontend: 306000000 7906250
06-27 12:49:36.889 W/        (    0): [ 2077.910298@0]-
06-27 12:49:36.889 W/[ 2077.910306@0]- tuner(    0): msl251_get_property 17
06-27 12:49:36.889 W/[ 2077.911236@0]- tuner(    0): MXL251_Set_Frontend devId:0,tunerId:1 frequency:306000000,bandwidth_hz:7906250,symbol_rate:6875000,modulation:5
06-27 12:49:36.917 D/InputMethodManagerService( 3825): Top Package Name: in.startv.hotstar
06-27 12:49:36.919 W/ContextImpl( 3825): Calling a method in the system process without a qualified user: android.app.ContextImpl.sendBroadcast:1111 com.android.server.inputmethod.InputMethodManagerService.sendSoftInputVisibilityBroadcast:3258 com.android.server.inputmethod.InputMethodManagerService.showCurrentInputLocked:3231 com.android.server.inputmethod.InputMethodManagerService.showMySoftInput:4198 com.android.server.inputmethod.InputMethodManagerService.access$4100:189 
06-27 12:49:36.920 W/ContextImpl( 3825): Calling a method in the system process without a qualified user: android.app.ContextImpl.sendBroadcast:1111 com.android.server.inputmethod.InputMethodManagerService.sendSoftInputVisibilityBroadcast:3258 com.android.server.inputmethod.InputMethodManagerService.hideCurrentInputLocked:3330 com.android.server.inputmethod.InputMethodManagerService.hideSoftInput:3290 com.android.internal.view.IInputMethodManager$Stub.onTransact:325 
06-27 12:49:36.927 W/ContextImpl( 3825): Calling a method in the system process without a qualified user: android.app.ContextImpl.sendBroadcast:1111 com.android.server.inputmethod.InputMethodManagerService.sendSoftInputVisibilityBroadcast:3258 com.android.server.inputmethod.InputMethodManagerService.hideCurrentInputLocked:3330 com.android.server.inputmethod.InputMethodManagerService.hideSoftInput:3290 com.android.internal.view.IInputMethodManager$Stub.onTransact:325 
06-27 12:49:36.928 D/InputMethodManagerService( 3825): Top Package Name: in.startv.hotstar
06-27 12:49:36.934 W/ContextImpl( 3825): Calling a method in the system process without a qualified user: android.app.ContextImpl.sendBroadcast:1111 com.android.server.inputmethod.InputMethodManagerService.sendSoftInputVisibilityBroadcast:3258 com.android.server.inputmethod.InputMethodManagerService.showCurrentInputLocked:3231 com.android.server.inputmethod.InputMethodManagerService.showMySoftInput:4198 com.android.server.inputmethod.InputMethodManagerService.access$4100:189 
06-27 12:49:36.936 W/ContextImpl( 3825): Calling a method in the system process without a qualified user: android.app.ContextImpl.sendBroadcast:1111 com.android.server.inputmethod.InputMethodManagerService.sendSoftInputVisibilityBroadcast:3258 com.android.server.inputmethod.InputMethodManagerService.hideCurrentInputLocked:3330 com.android.server.inputmethod.InputMethodManagerService.hideSoftInput:3290 com.android.internal.view.IInputMethodManager$Stub.onTransact:325 
06-27 12:49:36.952 D/INSETS  ( 3825): else - Package Name ::  left : 0 right :: 0 top :: 0 bottom :: 0 dfu-right :: 1920 dfu-bottom :: 1080
06-27 12:49:36.962 W/ContextImpl( 3825): Calling a method in the system process without a qualified user: android.app.ContextImpl.sendBroadcast:1111 com.android.server.inputmethod.InputMethodManagerService.sendSoftInputVisibilityBroadcast:3258 com.android.server.inputmethod.InputMethodManagerService.hideCurrentInputLocked:3330 com.android.server.inputmethod.InputMethodManagerService.hideSoftInput:3290 com.android.internal.view.IInputMethodManager$Stub.onTransact:325 
06-27 12:49:37.004 D/InputMethodManagerService( 3825): Top Package Name: in.startv.hotstar
06-27 12:49:37.007 W/ContextImpl( 3825): Calling a method in the system process without a qualified user: android.app.ContextImpl.sendBroadcast:1111 com.android.server.inputmethod.InputMethodManagerService.sendSoftInputVisibilityBroadcast:3258 com.android.server.inputmethod.InputMethodManagerService.showCurrentInputLocked:3231 com.android.server.inputmethod.InputMethodManagerService.showMySoftInput:4198 com.android.server.inputmethod.InputMethodManagerService.access$4100:189 
06-27 12:49:37.022 D/InputMethodManagerService( 3825): Top Package Name: in.startv.hotstar
06-27 12:49:37.023 W/ContextImpl( 3825): Calling a method in the system process without a qualified user: android.app.ContextImpl.sendBroadcast:1111 com.android.server.inputmethod.InputMethodManagerService.sendSoftInputVisibilityBroadcast:3258 com.android.server.inputmethod.InputMethodManagerService.showCurrentInputLocked:3231 com.android.server.inputmethod.InputMethodManagerService.showMySoftInput:4198 com.android.server.inputmethod.InputMethodManagerService.access$4100:189 
06-27 12:49:37.036 I/UsageStatsService( 3825): User[0] Flushing usage stats to disk
06-27 12:49:37.040 W/[ 2078.062408@2]- tuner(    0): mxl251_read_status=0x20
06-27 12:49:37.041 D/InputMethodManagerService( 3825): Top Package Name: in.startv.hotstar
06-27 12:49:37.042 W/ContextImpl( 3825): Calling a method in the system process without a qualified user: android.app.ContextImpl.sendBroadcast:1111 com.android.server.inputmethod.InputMethodManagerService.sendSoftInputVisibilityBroadcast:3258 com.android.server.inputmethod.InputMethodManagerService.showCurrentInputLocked:3231 com.android.server.inputmethod.InputMethodManagerService.showMySoftInput:4198 com.android.server.inputmethod.InputMethodManagerService.access$4100:189 
06-27 12:49:37.042 W/[ 2078.063307@0]- tuner(    0): MXL251_Set_Frontend devId:0,tunerId:1 frequency:306000429,bandwidth_hz:7906250,symbol_rate:6875000,modulation:5
06-27 12:49:37.088 D/INSETS  ( 3825): else - Package Name ::  left : 0 right :: 0 top :: 0 bottom :: 0 dfu-right :: 1920 dfu-bottom :: 1080
06-27 12:49:37.141 I/chatty  ( 3825): uid=1000(system) Binder:3825_19 identical 1 line
06-27 12:49:37.141 D/INSETS  ( 3825): else - Package Name ::  left : 0 right :: 0 top :: 0 bottom :: 0 dfu-right :: 1920 dfu-bottom :: 1080
06-27 12:49:37.158 D/INSETS  ( 3825): else - Package Name ::  left : 0 right :: 0 top :: 0 bottom :: 0 dfu-right :: 1920 dfu-bottom :: 1080
06-27 12:49:37.159 D/INSETS  ( 3825): else - Package Name ::  left : 0 right :: 0 top :: 0 bottom :: 0 dfu-right :: 1920 dfu-bottom :: 1080
06-27 12:49:37.164 D/INSETS  ( 3825): else - Package Name ::  left : 0 right :: 0 top :: 0 bottom :: 0 dfu-right :: 1920 dfu-bottom :: 1080
06-27 12:49:37.177 I/chatty  ( 3825): uid=1000(system) android.display identical 4 lines
06-27 12:49:37.178 D/INSETS  ( 3825): else - Package Name ::  left : 0 right :: 0 top :: 0 bottom :: 0 dfu-right :: 1920 dfu-bottom :: 1080
06-27 12:49:37.188 D/InputMethodManagerService( 3825): Top Package Name: in.startv.hotstar
06-27 12:49:37.189 W/ContextImpl( 3825): Calling a method in the system process without a qualified user: android.app.ContextImpl.sendBroadcast:1111 com.android.server.inputmethod.InputMethodManagerService.sendSoftInputVisibilityBroadcast:3258 com.android.server.inputmethod.InputMethodManagerService.showCurrentInputLocked:3231 com.android.server.inputmethod.InputMethodManagerService.showMySoftInput:4198 com.android.server.inputmethod.InputMethodManagerService.access$4100:189 
06-27 12:49:37.195 D/InputMethodManagerService( 3825): Top Package Name: in.startv.hotstar
06-27 12:49:37.196 W/ContextImpl( 3825): Calling a method in the system process without a qualified user: android.app.ContextImpl.sendBroadcast:1111 com.android.server.inputmethod.InputMethodManagerService.sendSoftInputVisibilityBroadcast:3258 com.android.server.inputmethod.InputMethodManagerService.showCurrentInputLocked:3231 com.android.server.inputmethod.InputMethodManagerService.showMySoftInput:4198 com.android.server.inputmethod.InputMethodManagerService.access$4100:189 
06-27 12:49:37.200 W/NotificationHistory( 3825): Attempted to add notif for locked/gone/disabled user 0
06-27 12:49:37.208 D/INSETS  ( 3825): else - Package Name ::  left : 0 right :: 0 top :: 0 bottom :: 0 dfu-right :: 1920 dfu-bottom :: 1080
06-27 12:49:37.208 D/INSETS  ( 3825): else - Package Name ::  left : 0 right :: 0 top :: 0 bottom :: 0 dfu-right :: 1920 dfu-bottom :: 1080
06-27 12:49:37.237 D/INSETS  ( 3825): else - Package Name ::  left : 0 right :: 0 top :: 0 bottom :: 0 dfu-right :: 1920 dfu-bottom :: 1080
06-27 12:49:37.210 W/[ 2078.230721@0]- tuner(    0): mxl251_read_status=0x20
06-27 12:49:37.324 W/[ 2078.234359@2]- tuner(    0): MXL251_Set_Frontend devId:0,tunerId:1 frequency:305999571,bandwidth_hz:7906250,symbol_rate:6875000,modulation:5
06-27 12:49:37.238 D/INSETS  ( 3825): else - Package Name ::  left : 0 right :: 0 top :: 0 bottom :: 0 dfu-right :: 1920 dfu-bottom :: 1080
06-27 12:49:37.268 W/NotificationHistory( 3825): Attempted to add notif for locked/gone/disabled user 0
06-27 12:49:37.385 D/INSETS  ( 3825): else - Package Name ::  left : 0 right :: 0 top :: 0 bottom :: 0 dfu-right :: 1920 dfu-bottom :: 1080
06-27 12:49:37.388 W/[ 2078.409169@0]- tuner(    0): mxl251_read_status=0x20
06-27 12:49:37.388 W/[ 2078.410023@0]- tuner(    0): MXL251_Set_Frontend devId:0,tunerId:1 frequency:306000858,bandwidth_hz:7906250,symbol_rate:6875000,modulation:5
06-27 12:49:37.386 D/INSETS  ( 3825): else - Package Name ::  left : 0 right :: 0 top :: 0 bottom :: 0 dfu-right :: 1920 dfu-bottom :: 1080
06-27 12:49:37.441 D/InputMethodManagerService( 3825): Top Package Name: in.startv.hotstar
06-27 12:49:37.441 W/ContextImpl( 3825): Calling a method in the system process without a qualified user: android.app.ContextImpl.sendBroadcast:1111 com.android.server.inputmethod.InputMethodManagerService.sendSoftInputVisibilityBroadcast:3258 com.android.server.inputmethod.InputMethodManagerService.showCurrentInputLocked:3231 com.android.server.inputmethod.InputMethodManagerService.attachNewInputLocked:2397 com.android.server.inputmethod.InputMethodManagerService.startInputUncheckedLocked:2503 
06-27 12:49:37.448 W/NotificationHistory( 3825): Attempted to add notif for locked/gone/disabled user 0
06-27 12:49:37.450 W/ContextImpl( 3825): Calling a method in the system process without a qualified user: android.app.ContextImpl.sendBroadcast:1111 com.android.server.inputmethod.InputMethodManagerService.sendSoftInputVisibilityBroadcast:3258 com.android.server.inputmethod.InputMethodManagerService.hideCurrentInputLocked:3330 com.android.server.inputmethod.InputMethodManagerService.hideMySoftInput:4180 com.android.server.inputmethod.InputMethodManagerService.access$4000:189 
06-27 12:49:37.501 D/INSETS  ( 3825): else - Package Name ::  left : 0 right :: 0 top :: 0 bottom :: 0 dfu-right :: 1920 dfu-bottom :: 1080
06-27 12:49:37.572 W/[ 2078.593192@0]- tuner(    0): mxl251_read_status=0x20
06-27 12:49:37.572 W/[ 2078.594032@0]- tuner(    0): MXL251_Set_Frontend devId:0,tunerId:1 frequency:305999142,bandwidth_hz:7906250,symbol_rate:6875000,modulation:5
06-27 12:49:37.502 D/INSETS  ( 3825): else - Package Name ::  left : 0 right :: 0 top :: 0 bottom :: 0 dfu-right :: 1920 dfu-bottom :: 1080
06-27 12:49:37.615 D/INSETS  ( 3825): else - Package Name ::  left : 0 right :: 0 top :: 0 bottom :: 0 dfu-right :: 1920 dfu-bottom :: 1080
06-27 12:49:37.748 W/[ 2078.769104@0]- tuner(    0): mxl251_read_status=0x20
06-27 12:49:37.748 W/[ 2078.770019@0]- tuner(    0): MXL251_Set_Frontend devId:0,tunerId:1 frequency:306001287,bandwidth_hz:7906250,symbol_rate:6875000,modulation:5
06-27 12:49:37.616 D/INSETS  ( 3825): else - Package Name ::  left : 0 right :: 0 top :: 0 bottom :: 0 dfu-right :: 1920 dfu-bottom :: 1080
06-27 12:49:37.837 D/INSETS  ( 3825): else - Package Name ::  left : 0 right :: 0 top :: 0 bottom :: 0 dfu-right :: 1920 dfu-bottom :: 1080
06-27 12:49:37.908 W/[ 2078.928926@0]- tuner(    0): mxl251_read_status=0x20
06-27 12:49:37.908 W/[ 2078.929746@0]- tuner(    0): MXL251_Set_Frontend devId:0,tunerId:1 frequency:305998713,bandwidth_hz:7906250,symbol_rate:6875000,modulation:5
06-27 12:49:38.060 W/[ 2079.081798@0]- tuner(    0): mxl251_read_status=0x20
06-27 12:49:38.064 W/[ 2079.083249@0]- tuner(    0): MXL251_Set_Frontend devId:0,tunerId:1 frequency:306001716,bandwidth_hz:7906250,symbol_rate:6875000,modulation:5
06-27 12:49:38.216 W/[ 2079.237230@0]- tuner(    0): mxl251_read_status=0x20
06-27 12:49:38.216 W/[ 2079.238108@0]- tuner(    0): MXL251_Set_Frontend devId:0,tunerId:1 frequency:305998284,bandwidth_hz:7906250,symbol_rate:6875000,modulation:5
06-27 12:49:38.368 W/[ 2079.389009@2]- tuner(    0): mxl251_read_status=0x20
06-27 12:49:38.368 W/[ 2079.389904@3]- tuner(    0): MXL251_Set_Frontend devId:0,tunerId:1 frequency:306002145,bandwidth_hz:7906250,symbol_rate:6875000,modulation:5
06-27 12:49:38.424 W/[ 2079.443897@0]- RTW(    0): fill_default_txdesc(wlan0): SP Packet(0x0806) rate=0x4 SeqNum = 2398
06-27 12:49:38.536 W/[ 2079.557611@3]- tuner(    0): mxl251_read_status=0x20
06-27 12:49:38.536 W/[ 2079.558637@3]- tuner(    0): MXL251_Set_Frontend devId:0,tunerId:1 frequency:305997855,bandwidth_hz:7906250,symbol_rate:6875000,modulation:5
06-27 12:49:38.676 I/[ 2079.697312@3]- resman(    0): 83 appname:OMX-60, type=0
06-27 12:49:38.696 W/[ 2079.717457@2]- tuner(    0): mxl251_read_status=0x20
06-27 12:49:38.696 W/[ 2079.718414@0]- tuner(    0): MXL251_Set_Frontend devId:0,tunerId:1 frequency:306002574,bandwidth_hz:7906250,symbol_rate:6875000,modulation:5
06-27 12:49:38.724 E/[ 2079.746019@3]- ion_import_dma_buf(    0): can not import dmabuf from another exporter
06-27 12:49:38.728 E/[ 2079.746809@2]- ion_import_dma_buf(    0): can not import dmabuf from another exporter
06-27 12:49:38.728 E/[ 2079.748872@1]- ion_import_dma_buf(    0): can not import dmabuf from another exporter
06-27 12:49:38.728 E/[ 2079.749818@3]- ion_import_dma_buf(    0): can not import dmabuf from another exporter
06-27 12:49:38.730 E/[ 2079.751958@1]- ion_import_dma_buf(    0): can not import dmabuf from another exporter
06-27 12:49:38.731 E/[ 2079.752982@2]- ion_import_dma_buf(    0): can not import dmabuf from another exporter
06-27 12:49:38.735 E/[ 2079.755290@2]- ion_import_dma_buf(    0): can not import dmabuf from another exporter
06-27 12:49:38.735 E/[ 2079.755868@0]- ion_import_dma_buf(    0): can not import dmabuf from another exporter
06-27 12:49:38.736 E/[ 2079.757640@1]- ion_import_dma_buf(    0): can not import dmabuf from another exporter
06-27 12:49:38.736 E/[ 2079.758228@2]- ion_import_dma_buf(    0): can not import dmabuf from another exporter
06-27 12:49:38.739 E/[ 2079.760065@1]- ion_import_dma_buf(    0): can not import dmabuf from another exporter
06-27 12:49:38.739 E/[ 2079.760575@3]- ion_import_dma_buf(    0): can not import dmabuf from another exporter
06-27 12:49:38.744 E/[ 2079.765986@3]- ion_import_dma_buf(    0): can not import dmabuf from another exporter
06-27 12:49:38.746 E/[ 2079.766643@0]- ion_import_dma_buf(    0): can not import dmabuf from another exporter
06-27 12:49:38.746 E/[ 2079.768265@3]- ion_import_dma_buf(    0): can not import dmabuf from another exporter
06-27 12:49:38.746 E/[ 2079.768797@2]- ion_import_dma_buf(    0): can not import dmabuf from another exporter
06-27 12:49:38.752 I/[ 2079.773956@0]- 0000000001b0358b(    0): alloc space for storing ion_id
06-27 12:49:38.752 I/[ 2079.773975@0]- 0000000001b0358b(    0): allocated ion_id:0
06-27 12:49:38.752 I/[ 2079.774156@0]- resman(    0): 83 acquire [codec_mm], preempt yes
06-27 12:49:38.752 I/[ 2079.774164@0]- resman(    0): 83 score 60 secure no
06-27 12:49:38.752 I/[ 2079.774169@0]- resman(    0): 83 acquire [codec_mm] success
06-27 12:49:38.752 D/        (    0): [ 2079.774211@0]- the demux           clock on, ref cnt: 2
06-27 12:49:38.752 D/        (    0): [ 2079.774217@0]- the parser_top      clock on, ref cnt: 2
06-27 12:49:38.752 D/        (    0): [ 2079.774227@0]- the vdec            clock on, ref cnt: 1
06-27 12:49:38.752 D/        (    0): [ 2079.774249@0]- the clk_hevc_mux    clock on, ref cnt: 1
06-27 12:49:38.752 D/        (    0): [ 2079.774255@0]- the clk_hevcb_mux   clock on, ref cnt: 1
06-27 12:49:38.752 D/        (    0): [ 2079.774284@0]- hevc mux clock is 499999992 Hz
06-27 12:49:38.752 D/        (    0): [ 2079.774302@0]- hevc back mux clock is 499999992 Hz
06-27 12:49:38.752 D/        (    0): [ 2079.774402@0]- vdec_create instance 00000000f589e6f2, total 1, PM: legacy
06-27 12:49:38.752 D/        (    0): [ 2079.774437@0]- no drmmode
06-27 12:49:38.752 I/        (    0): [ 2079.774533@0]- is_reset=0
06-27 12:49:38.752 I/        (    0): [ 2079.774566@0]- vdec_init, dev_name:ammvdec_h265, vdec_type=VDEC_TYPE_FRAME_BLOCK  id = 0
06-27 12:49:38.760 D/[ 2079.780298@0]- [0]pdata->config=hevc_buf_width(    0): 1920;hevc_buf_height:1088;hevc_buf_margin:0;hevc_double_write_mode:16;save_buffer_mode:0;
06-27 12:49:38.760 D/        (    0): [ 2079.780332@0]- decoder_bmmu_box_alloc_box, tvp_flags = 0
06-27 12:49:38.768 D/        (    0): [ 2079.787326@3]- [0]dynamic_buf_num_margin=9
06-27 12:49:38.770 D/        (    0): [ 2079.787335@3]- [0]double_write_mode=16
06-27 12:49:38.770 D/[ 2079.787345@3]- [0]h265(    0): pts_unstable=0
06-27 12:49:38.770 D/[ 2079.787351@3]- [0]h265(    0): ver (201602101,0) decinfo: 0x0 rate=3600
06-27 12:49:38.770 I/        (    0): [ 2079.788479@1]- [TEE], the fw (hevc_mmu) will be loaded.
06-27 12:49:38.770 D/        (    0): [ 2079.788525@1]- hevc mux clock is 666666656 Hz
06-27 12:49:38.770 D/        (    0): [ 2079.788541@1]- hevc back mux clock is 666666656 Hz
06-27 12:49:38.770 D/        (    0): [ 2079.788547@1]- hevc video changed to 3840 x 2160 60 fps clk->667MHZ
06-27 12:49:38.770 D/        (    0): [ 2079.788587@1]- vfm map vdec-map-0 created
06-27 12:49:38.770 I/[ 2079.788604@1]- reg(    0): ionvideo
06-27 12:49:38.770 D/        (    0): [ 2079.788611@1]- vdec_init, vf_provider_name = vdec.h265.00, b 0
06-27 12:49:38.770 I/        (    0): [ 2079.789285@1]- vdec->port_flag=0x102, port_flag=0x10b
06-27 12:49:38.773 D/[ 2079.793252@1]- ionvid(    0): dbg: ionvideo open
06-27 12:49:38.773 D/[ 2079.793275@1]- ionvid(    0): dbg: ionvideo: set freerun mode
06-27 12:49:38.796 E/        (    0): [ 2079.817716@0]- mmu box NULL !!!
06-27 12:49:38.798 D/        (    0): [ 2079.817731@0]- [0]vh265 cached=0  need_size=6144 speed= 36 ms
06-27 12:49:38.798 D/        (    0): [ 2079.818298@2]- [0]hevc->performance_profile 0
06-27 12:49:38.798 D/        (    0): [ 2079.818313@2]- [0]set pic_list_init_flag 1
06-27 12:49:38.843 D/        (    0): [ 2079.865640@0]- [0]init_buf_spec2 1920 1080
06-27 12:49:38.849 D/        (    0): [ 2079.865649@0]- [0]set pic_list_init_flag to 2
06-27 12:49:38.849 D/        (    0): [ 2079.865689@2]- [0]set pic_list_init_flag to 3
06-27 12:49:38.849 D/        (    0): [ 2079.865694@2]- [vdec_kpi][vh265_isr_thread_fn] First I frame coming.
06-27 12:49:38.849 D/[ 2079.869503@2]- [0]VH265(    0): output first frame
06-27 12:49:38.849 D/        (    0): [ 2079.869523@2]- [vdec_kpi][post_video_frame] First I frame decoded.
06-27 12:49:38.875 W/[ 2079.892728@3]- tuner(    0): mxl251_read_status=0x20
06-27 12:49:38.886 W/[ 2079.893658@2]- tuner(    0): MXL251_Set_Frontend devId:0,tunerId:1 frequency:305997426,bandwidth_hz:7906250,symbol_rate:6875000,modulation:5
06-27 12:49:38.902 D/        (    0): [ 2079.894858@2]- cal_dur_from_pts vstatus 3840 dur3600 -> 3840, revised 3840
06-27 12:49:38.902 I/[ 2079.900448@2]- vframe_rate_uevent(    0): sent uevent FRAME_RATE_HINT=3840
06-27 12:49:39.060 W/[ 2080.081062@1]- tuner(    0): mxl251_read_status=0x20
06-27 12:49:39.060 W/[ 2080.081914@3]- tuner(    0): MXL251_Set_Frontend devId:0,tunerId:1 frequency:306003003,bandwidth_hz:7906250,symbol_rate:6875000,modulation:5
06-27 12:49:39.187 D/INSETS  ( 3825): else - Package Name ::  left : 0 right :: 0 top :: 0 bottom :: 0 dfu-right :: 1920 dfu-bottom :: 1080
06-27 12:49:39.204 E/[ 2080.224085@2]- ion_import_dma_buf(    0): can not import dmabuf from another exporter
06-27 12:49:39.204 E/[ 2080.224614@2]- ion_import_dma_buf(    0): can not import dmabuf from another exporter
06-27 12:49:39.204 E/[ 2080.225051@3]- ion_import_dma_buf(    0): can not import dmabuf from another exporter
06-27 12:49:39.204 E/[ 2080.226164@2]- ion_import_dma_buf(    0): can not import dmabuf from another exporter
06-27 12:49:39.207 E/[ 2080.226982@3]- ion_import_dma_buf(    0): can not import dmabuf from another exporter
06-27 12:49:39.207 E/[ 2080.227725@2]- ion_import_dma_buf(    0): can not import dmabuf from another exporter
06-27 12:49:39.207 E/[ 2080.228462@0]- ion_import_dma_buf(    0): can not import dmabuf from another exporter
06-27 12:49:39.207 E/[ 2080.229167@1]- ion_import_dma_buf(    0): can not import dmabuf from another exporter
06-27 12:49:39.220 E/[ 2080.239999@1]- ion_import_dma_buf(    0): can not import dmabuf from another exporter
06-27 12:49:39.220 I/[ 2080.241503@1]- VID(    0): VD1 off
06-27 12:49:39.224 I/[ 2080.241632@1]- vc(    0): [0]vc: set enable index=0, val=1
06-27 12:49:39.224 I/        (    0): [ 2080.241649@1]- dev->index =0, val=2
06-27 12:49:39.227 I/[ 2080.241653@1]- VID(    0): VD1 off
06-27 12:49:39.228 I/[ 2080.241659@1]- VID(    0): VD1 set global output as 1
06-27 12:49:39.229 I/[ 2080.241691@1]- VID(    0): store VD0 path_id changed -1->2
06-27 12:49:39.229 I/[ 2080.241711@1]- vc(    0): [0]sideband_type =-1
06-27 12:49:39.229 W/[ 2080.245971@0]- tuner(    0): mxl251_read_status=0x20
06-27 12:49:39.229 W/[ 2080.249624@3]- tuner(    0): MXL251_Set_Frontend devId:0,tunerId:1 frequency:305996997,bandwidth_hz:7906250,symbol_rate:6875000,modulation:5
06-27 12:49:39.243 E/[ 2080.255329@2]- ion_import_dma_buf(    0): can not import dmabuf from another exporter
06-27 12:49:39.268 E/[ 2080.288582@1]- ion_import_dma_buf(    0): can not import dmabuf from another exporter
06-27 12:49:39.320 E/[ 2080.338607@0]- ion_import_dma_buf(    0): can not import dmabuf from another exporter
06-27 12:49:39.368 E/[ 2080.388502@1]- ion_import_dma_buf(    0): can not import dmabuf from another exporter
06-27 12:49:39.384 W/[ 2080.405101@3]- tuner(    0): mxl251_read_status=0x20
06-27 12:49:39.384 W/[ 2080.405944@0]- tuner(    0): MXL251_Set_Frontend devId:0,tunerId:1 frequency:306003432,bandwidth_hz:7906250,symbol_rate:6875000,modulation:5
06-27 12:49:39.400 E/[ 2080.421871@2]- ion_import_dma_buf(    0): can not import dmabuf from another exporter
06-27 12:49:39.536 W/[ 2080.556955@0]- tuner(    0): mxl251_read_status=0x20
06-27 12:49:39.536 W/[ 2080.557778@0]- tuner(    0): MXL251_Set_Frontend devId:0,tunerId:1 frequency:305996568,bandwidth_hz:7906250,symbol_rate:6875000,modulation:5
06-27 12:49:39.688 W/[ 2080.709585@0]- tuner(    0): mxl251_read_status=0x20
06-27 12:49:39.744 W/[ 2080.764951@0]- tuner(    0): mxl251_read_status=0x20
06-27 12:49:39.744 W/[ 2080.765771@0]- tuner(    0): MXL251_Set_Frontend devId:0,tunerId:1 frequency:306000000,bandwidth_hz:7906250,symbol_rate:6875000,modulation:5
06-27 12:49:39.805 E/[ 2080.824067@2]- ion_import_dma_buf(    0): can not import dmabuf from another exporter
06-27 12:49:39.836 E/[ 2080.856441@1]- ion_import_dma_buf(    0): can not import dmabuf from another exporter
06-27 12:49:39.900 W/[ 2080.921116@0]- tuner(    0): mxl251_read_status=0x20
06-27 12:49:40.008 W/[ 2081.029107@1]- tuner(    0): mxl251_get_frontend: 306000000 7906250
06-27 12:49:40.008 W/        (    0): [ 2081.029107@1]-
06-27 12:49:40.008 W/[ 2081.030029@1]- tuner(    0): msl251_get_property 17
06-27 12:49:40.008 W/[ 2081.030552@1]- tuner(    0): MXL251_Set_Frontend devId:0,tunerId:1 frequency:306000000,bandwidth_hz:7906250,symbol_rate:6875000,modulation:3
06-27 12:49:40.180 W/[ 2081.199550@2]- tuner(    0): mxl251_read_status=0x20
06-27 12:49:40.180 W/[ 2081.200420@3]- tuner(    0): MXL251_Set_Frontend devId:0,tunerId:1 frequency:306000429,bandwidth_hz:7906250,symbol_rate:6875000,modulation:3
06-27 12:49:40.221 I/        (    0): [ 2081.243625@3]- is_reset=1
06-27 12:49:40.224 I/[ 2081.244351@3]- vframe_rate_uevent(    0): sent uevent FRAME_RATE_HINT=0
06-27 12:49:40.232 I/[ 2081.250581@1]- unreg(    0): ionvideo
06-27 12:49:40.232 D/        (    0): [ 2081.250611@1]- vdec_disable_DMC input->target= 0x1
06-27 12:49:40.236 D/        (    0): [ 2081.257310@0]- vdec_release instance 00000000f589e6f2, total 1 id = 0
06-27 12:49:40.236 D/        (    0): [ 2081.257493@0]- the clk_hevc_mux    clock off, ref cnt: 0
06-27 12:49:40.239 D/        (    0): [ 2081.257527@0]- the clk_hevcb_mux   clock off, ref cnt: 0
06-27 12:49:40.240 D/        (    0): [ 2081.257538@0]- the vdec            clock off, ref cnt: 0
06-27 12:49:40.240 D/        (    0): [ 2081.257542@0]- the parser_top      clock off, ref cnt: 1
06-27 12:49:40.240 D/        (    0): [ 2081.257546@0]- the demux           clock off, ref cnt: 1
06-27 12:49:40.240 D/        (    0): [ 2081.257639@0]- the demux           clock on, ref cnt: 2
06-27 12:49:40.240 D/        (    0): [ 2081.257645@0]- the parser_top      clock on, ref cnt: 2
06-27 12:49:40.240 D/        (    0): [ 2081.257658@0]- the vdec            clock on, ref cnt: 1
06-27 12:49:40.240 D/        (    0): [ 2081.257679@0]- the clk_hevc_mux    clock on, ref cnt: 1
06-27 12:49:40.240 D/        (    0): [ 2081.257684@0]- the clk_hevcb_mux   clock on, ref cnt: 1
06-27 12:49:40.240 D/        (    0): [ 2081.257716@0]- hevc mux clock is 499999992 Hz
06-27 12:49:40.240 D/        (    0): [ 2081.257732@0]- hevc back mux clock is 499999992 Hz
06-27 12:49:40.240 D/        (    0): [ 2081.257968@0]- vdec_create instance 000000009cd03535, total 1, PM: legacy
06-27 12:49:40.240 D/        (    0): [ 2081.258018@0]- no drmmode
06-27 12:49:40.240 I/        (    0): [ 2081.258064@0]- is_reset=1
06-27 12:49:40.240 I/        (    0): [ 2081.258092@0]- vdec_init, dev_name:ammvdec_h265, vdec_type=VDEC_TYPE_FRAME_BLOCK  id = 0
06-27 12:49:40.240 D/[ 2081.259060@0]- [0]pdata->config=hevc_buf_width(    0): 1920;hevc_buf_height:1088;hevc_buf_margin:0;hevc_double_write_mode:16;save_buffer_mode:0;
06-27 12:49:40.240 D/        (    0): [ 2081.259093@0]- decoder_bmmu_box_alloc_box, tvp_flags = 0
06-27 12:49:40.240 D/        (    0): [ 2081.259991@3]- [0]dynamic_buf_num_margin=9
06-27 12:49:40.240 D/        (    0): [ 2081.259998@3]- [0]double_write_mode=16
06-27 12:49:40.240 D/[ 2081.260007@3]- [0]h265(    0): pts_unstable=0
06-27 12:49:40.240 D/[ 2081.260013@3]- [0]h265(    0): ver (201602101,0) decinfo: 0x0 rate=3600
06-27 12:49:40.240 I/        (    0): [ 2081.260502@3]- [TEE], the fw (hevc_mmu) will be loaded.
06-27 12:49:40.240 D/        (    0): [ 2081.260551@3]- hevc mux clock is 666666656 Hz
06-27 12:49:40.240 D/        (    0): [ 2081.260566@3]- hevc back mux clock is 666666656 Hz
06-27 12:49:40.240 D/        (    0): [ 2081.260572@3]- hevc video changed to 3840 x 2160 60 fps clk->667MHZ
06-27 12:49:40.240 D/        (    0): [ 2081.260619@3]- vfm map vdec-map-0 created
06-27 12:49:40.240 I/[ 2081.260637@3]- reg(    0): ionvideo
06-27 12:49:40.240 D/        (    0): [ 2081.260642@3]- vdec_init, vf_provider_name = vdec.h265.00, b 0
06-27 12:49:40.240 I/        (    0): [ 2081.261315@1]- vdec->port_flag=0x102, port_flag=0x10b
06-27 12:49:40.240 I/        (    0): [ 2081.261431@1]- is_reset=0
06-27 12:49:40.283 I/        (    0): [ 2081.297761@1]- is_reset=1
06-27 12:49:40.287 I/[ 2081.298020@1]- vframe_rate_uevent(    0): sent uevent FRAME_RATE_HINT=0
06-27 12:49:40.292 I/[ 2081.311063@3]- unreg(    0): ionvideo
06-27 12:49:40.292 D/        (    0): [ 2081.311094@3]- vdec_disable_DMC input->target= 0x1
06-27 12:49:40.292 D/        (    0): [ 2081.311683@2]- vdec_release instance 000000009cd03535, total 1 id = 0
06-27 12:49:40.292 D/        (    0): [ 2081.311845@2]- the clk_hevc_mux    clock off, ref cnt: 0
06-27 12:49:40.292 D/        (    0): [ 2081.311853@2]- the clk_hevcb_mux   clock off, ref cnt: 0
06-27 12:49:40.292 D/        (    0): [ 2081.311862@2]- the vdec            clock off, ref cnt: 0
06-27 12:49:40.292 D/        (    0): [ 2081.311866@2]- the parser_top      clock off, ref cnt: 1
06-27 12:49:40.292 D/        (    0): [ 2081.311870@2]- the demux           clock off, ref cnt: 1
06-27 12:49:40.292 D/        (    0): [ 2081.312055@2]- the demux           clock on, ref cnt: 2
06-27 12:49:40.292 D/        (    0): [ 2081.312062@2]- the parser_top      clock on, ref cnt: 2
06-27 12:49:40.292 D/        (    0): [ 2081.312071@2]- the vdec            clock on, ref cnt: 1
06-27 12:49:40.292 D/        (    0): [ 2081.312092@2]- the clk_hevc_mux    clock on, ref cnt: 1
06-27 12:49:40.292 D/        (    0): [ 2081.312097@2]- the clk_hevcb_mux   clock on, ref cnt: 1
06-27 12:49:40.292 D/        (    0): [ 2081.312130@2]- hevc mux clock is 499999992 Hz
06-27 12:49:40.292 D/        (    0): [ 2081.312145@2]- hevc back mux clock is 499999992 Hz
06-27 12:49:40.292 D/        (    0): [ 2081.312237@2]- vdec_create instance 0000000061cea4f9, total 1, PM: legacy
06-27 12:49:40.292 D/        (    0): [ 2081.312277@2]- no drmmode
06-27 12:49:40.292 I/        (    0): [ 2081.312319@2]- is_reset=1
06-27 12:49:40.292 I/        (    0): [ 2081.312344@2]- vdec_init, dev_name:ammvdec_h265, vdec_type=VDEC_TYPE_FRAME_BLOCK  id = 0
06-27 12:49:40.292 D/[ 2081.312985@2]- [0]pdata->config=hevc_buf_width(    0): 1920;hevc_buf_height:1088;hevc_buf_margin:0;hevc_double_write_mode:16;save_buffer_mode:0;
06-27 12:49:40.292 D/        (    0): [ 2081.313020@2]- decoder_bmmu_box_alloc_box, tvp_flags = 0
06-27 12:49:40.292 D/        (    0): [ 2081.313597@0]- [0]dynamic_buf_num_margin=9
06-27 12:49:40.292 D/        (    0): [ 2081.313604@0]- [0]double_write_mode=16
06-27 12:49:40.292 D/[ 2081.313614@0]- [0]h265(    0): pts_unstable=0
06-27 12:49:40.292 D/[ 2081.313620@0]- [0]h265(    0): ver (201602101,0) decinfo: 0x0 rate=3600
06-27 12:49:40.293 I/        (    0): [ 2081.314138@0]- [TEE], the fw (hevc_mmu) will be loaded.
06-27 12:49:40.293 D/        (    0): [ 2081.314224@0]- hevc mux clock is 666666656 Hz
06-27 12:49:40.293 D/        (    0): [ 2081.314261@0]- hevc back mux clock is 666666656 Hz
06-27 12:49:40.293 D/        (    0): [ 2081.314267@0]- hevc video changed to 3840 x 2160 60 fps clk->667MHZ
06-27 12:49:40.293 D/        (    0): [ 2081.314343@0]- vfm map vdec-map-0 created
06-27 12:49:40.293 I/[ 2081.314362@0]- reg(    0): ionvideo
06-27 12:49:40.293 D/        (    0): [ 2081.314367@0]- vdec_init, vf_provider_name = vdec.h265.00, b 0
06-27 12:49:40.294 I/        (    0): [ 2081.315597@0]- vdec->port_flag=0x102, port_flag=0x10b
06-27 12:49:40.295 I/        (    0): [ 2081.315662@0]- is_reset=0
06-27 12:49:40.324 I/[ 2081.332646@3]- vframe_rate_uevent(    0): sent uevent FRAME_RATE_HINT=0
06-27 12:49:40.324 I/[ 2081.342674@1]- unreg(    0): ionvideo
06-27 12:49:40.324 D/        (    0): [ 2081.342702@1]- vdec_disable_DMC input->target= 0x1
06-27 12:49:40.324 D/        (    0): [ 2081.343224@1]- vdec_release instance 0000000061cea4f9, total 1 id = 0
06-27 12:49:40.324 D/        (    0): [ 2081.343384@1]- the clk_hevc_mux    clock off, ref cnt: 0
06-27 12:49:40.324 D/        (    0): [ 2081.343391@1]- the clk_hevcb_mux   clock off, ref cnt: 0
06-27 12:49:40.324 D/        (    0): [ 2081.343401@1]- the vdec            clock off, ref cnt: 0
06-27 12:49:40.324 D/        (    0): [ 2081.343405@1]- the parser_top      clock off, ref cnt: 1
06-27 12:49:40.326 D/        (    0): [ 2081.343409@1]- the demux           clock off, ref cnt: 1
06-27 12:49:40.332 I/[ 2081.343446@1]- 0000000001b0358b(    0): free ion_id:0, priv_data:0
06-27 12:49:40.339 D/        (    0): [ 2081.343451@1]d ionvideo_release_map 0 OK
06-27 12:49:40.339 D/[ 2081.355174@0]- ionvid(    0): dbg: vidioc_close!!!!
06-27 12:49:40.339 D/[ 2081.355193@0]- ionvid(    0): dbg: vidioc_close
06-27 12:49:40.339 I/[ 2081.356512@0]- resman(    0): 83 release [codec_mm]
06-27 12:49:40.352 W/[ 2081.371000@0]- tuner(    0): mxl251_read_status=0x20
06-27 12:49:40.352 W/[ 2081.374616@3]- tuner(    0): MXL251_Set_Frontend devId:0,tunerId:1 frequency:305999571,bandwidth_hz:7906250,symbol_rate:6875000,modulation:3
06-27 12:49:40.419 W/[ 2081.438851@0]- RTW(    0): Turbo EDCA =0x431c
06-27 12:49:40.427 D/INSETS  ( 3825): else - Package Name ::  left : 0 right :: 0 top :: 0 bottom :: 0 dfu-right :: 1920 dfu-bottom :: 1080
06-27 12:49:40.456 I/[ 2081.477460@0]- vc(    0): [0]vc: set enable index=0, val=0
06-27 12:49:40.456 I/[ 2081.477547@0]- VID(    0): store VD0 path_id changed 2->-1
06-27 12:49:40.456 I/        (    0): [ 2081.477553@0]- dev->index =0, val=1
06-27 12:49:40.456 I/[ 2081.477558@0]- VID(    0): VD1 off
06-27 12:49:40.456 I/[ 2081.477565@0]- VID(    0): VD1 set global output as 0
06-27 12:49:40.456 I/        (    0): [ 2081.477601@0]- common_vf_unreg_provider video_render.0: vd1 used: true, vd2 used: false, black_out:0, cur_buf:000000003a61488d
06-27 12:49:40.516 W/[ 2081.537113@3]- tuner(    0): mxl251_read_status=0x20
06-27 12:49:40.516 W/[ 2081.537941@3]- tuner(    0): MXL251_Set_Frontend devId:0,tunerId:1 frequency:306000858,bandwidth_hz:7906250,symbol_rate:6875000,modulation:3
06-27 12:49:40.664 W/[ 2081.685091@0]- tuner(    0): mxl251_read_status=0x20
06-27 12:49:40.668 W/[ 2081.686692@0]- tuner(    0): MXL251_Set_Frontend devId:0,tunerId:1 frequency:305999142,bandwidth_hz:7906250,symbol_rate:6875000,modulation:3
06-27 12:49:40.808 W/[ 2081.829047@0]- tuner(    0): mxl251_read_status=0x20
06-27 12:49:40.808 W/[ 2081.829887@0]- tuner(    0): MXL251_Set_Frontend devId:0,tunerId:1 frequency:306001287,bandwidth_hz:7906250,symbol_rate:6875000,modulation:3
06-27 12:49:40.836 W/[ 2081.854598@3]- RTW(    0): fill_default_txdesc(wlan0): SP Packet(0x0806) rate=0x4 SeqNum = 1564
06-27 12:49:40.898 D/INSETS  ( 3825): else - Package Name ::  left : 0 right :: 0 top :: 0 bottom :: 0 dfu-right :: 1920 dfu-bottom :: 1080
06-27 12:49:40.972 W/[ 2081.993707@2]- tuner(    0): mxl251_read_status=0x20
06-27 12:49:40.976 W/[ 2081.995091@2]- tuner(    0): MXL251_Set_Frontend devId:0,tunerId:1 frequency:305998713,bandwidth_hz:7906250,symbol_rate:6875000,modulation:3
06-27 12:49:41.132 W/[ 2082.152968@0]- tuner(    0): mxl251_read_status=0x20
06-27 12:49:41.132 W/[ 2082.153788@0]- tuner(    0): MXL251_Set_Frontend devId:0,tunerId:1 frequency:306001716,bandwidth_hz:7906250,symbol_rate:6875000,modulation:3
06-27 12:49:41.260 I/[ 2082.279624@3]- resman(    0): 84 appname:OMX-61, type=0
06-27 12:49:41.288 W/[ 2082.307969@3]- tuner(    0): mxl251_read_status=0x20
06-27 12:49:41.292 W/[ 2082.312375@3]- tuner(    0): MXL251_Set_Frontend devId:0,tunerId:1 frequency:305998284,bandwidth_hz:7906250,symbol_rate:6875000,modulation:3
06-27 12:49:41.348 I/[ 2082.368034@1]- resman(    0): 84 acquire [codec_mm], preempt yes
06-27 12:49:41.355 I/[ 2082.368045@1]- resman(    0): 84 score 60 secure no
06-27 12:49:41.355 I/[ 2082.368050@1]- resman(    0): 84 acquire [codec_mm] success
06-27 12:49:41.355 D/        (    0): [ 2082.368134@1]- the demux           clock on, ref cnt: 2
06-27 12:49:41.355 D/        (    0): [ 2082.368156@1]- the parser_top      clock on, ref cnt: 2
06-27 12:49:41.355 D/        (    0): [ 2082.368166@1]- the vdec            clock on, ref cnt: 1
06-27 12:49:41.355 D/        (    0): [ 2082.368188@1]- the clk_vdec_mux    clock on, ref cnt: 1
06-27 12:49:41.355 D/        (    0): [ 2082.368236@1]- vdec mux clock is 499999992 Hz
06-27 12:49:41.355 D/        (    0): [ 2082.368388@1]- vdec_create instance 00000000db985050, total 1, PM: legacy
06-27 12:49:41.355 D/        (    0): [ 2082.368430@1]- no drmmode
06-27 12:49:41.355 I/        (    0): [ 2082.368471@1]- is_reset=0
06-27 12:49:41.355 I/        (    0): [ 2082.368498@1]- vdec_init, dev_name:ammvdec_h264, vdec_type=VDEC_TYPE_FRAME_BLOCK  id = 0
06-27 12:49:41.355 D/        (    0): [ 2082.369440@1]- ammvdec_h264_mmu_init tvp = 0x0 mmu_enable 0
06-27 12:49:41.355 D/        (    0): [ 2082.369448@1]- decoder_bmmu_box_alloc_box, tvp_flags = 0
06-27 12:49:41.355 D/[ 2082.369469@1]- 0(    0): ammvdec_h264_probe mmu_enable 0 double_write_mode 0x10
06-27 12:49:41.355 D/[ 2082.370725@3]- 0(    0): ammvdec_h264 mem-addr=0,buff_offset=56f10000,buf_start=56f00000
06-27 12:49:41.355 D/        (    0): [ 2082.370767@3]- vdec mux clock is 666666656 Hz
06-27 12:49:41.355 D/        (    0): [ 2082.370772@3]- vdec1 video changed to 3840 x 2160 60 fps clk->667MHZ
06-27 12:49:41.355 W/        (    0): [ 2082.370778@3]- H264 sysinfo: 1920x1080 duration=3200, pts_outside=1
06-27 12:49:41.355 D/        (    0): [ 2082.370782@3]- sync_outside=0, use_idr_framerate=0, is_used_v4l: 0
06-27 12:49:41.355 I/        (    0): [ 2082.370936@3]- [TEE], the fw (h264_multi) will be loaded.
06-27 12:49:41.355 D/        (    0): [ 2082.376408@3]- vh264_init, phy_addr=7446e000 vaddr=000000003bd7c2d7
06-27 12:49:41.355 D/        (    0): [ 2082.376885@3]- vfm map vdec-map-0 created
06-27 12:49:41.355 I/[ 2082.376907@3]- dim(    0): ch[1]:di_receiver_event_fun,8:_REG
06-27 12:49:41.355 I/[ 2082.376930@3]- dim(    0): reg:vdec.h264.00[74]
06-27 12:49:41.355 I/[ 2082.377511@2]- dim(    0): reg:use[1]ms
06-27 12:49:41.355 E/[ 2082.377534@2]- reg(    0): v4lvideo
06-27 12:49:41.355 I/[ 2082.377542@2]- dim(    0): ch[1]:di_receiver_event_fun,3:_START
06-27 12:49:41.355 D/        (    0): [ 2082.377547@2]- vdec_init, vf_provider_name = vdec.h264.00, b 0
06-27 12:49:41.363 I/        (    0): [ 2082.379395@2]- vdec->port_flag=0x102, port_flag=0x10b
06-27 12:49:41.363 D/[ 2082.382016@2]- v4lvid(    0): dbg: v4lvideo open
06-27 12:49:41.438 D/[ 2082.460352@0]- 0(    0): AV_SCRATCH_1 = 841fe078, AV_SCRATCH_2 1a023
06-27 12:49:41.439 D/[ 2082.460407@0]- 0(    0): chroma_format_idc = 1 frame_mbs_only_flag 1, crop_bottom 8,  frame_height 1080,
06-27 12:49:41.439 D/[ 2082.460412@0]- 0(    0): mb_height 68,crop_right 0, frame_width 1920, mb_width 120
06-27 12:49:41.439 D/[ 2082.460417@0]- 0(    0): level_idc = 40 pic_size = 3133440 size = 4
06-27 12:49:41.439 D/[ 2082.460422@0]- 0(    0): mb height/widht/total: 44/78/1fe0 level_idc 28 max_ref_num 4
06-27 12:49:41.439 D/[ 2082.460427@0]- 0(    0): restriction_flag=1, max_dec_frame_buffering=4, dec_dpb_size=6 num_reorder_frames 2 used_reorder_dpb_size_margin 9
06-27 12:49:41.439 D/[ 2082.460433@0]- 0(    0): vh264_set_params active_buf_spec_num 15 dec_dpb_size 6 collocate_buf_num 8
06-27 12:49:41.468 W/[ 2082.487106@1]- tuner(    0): mxl251_read_status=0x20
06-27 12:49:41.468 W/[ 2082.489188@1]- tuner(    0): MXL251_Set_Frontend devId:0,tunerId:1 frequency:306002145,bandwidth_hz:7906250,symbol_rate:6875000,modulation:3
06-27 12:49:41.472 D/[ 2082.493852@1]- 0(    0): num_ref_frames change from 0 to 4
06-27 12:49:41.524 I/[ 2082.501039@1]- dim(    0): value reg:ch[1]:fix_buf:0;ponly <0,0>
06-27 12:49:41.524 I/[ 2082.501058@1]- dim(    0): di_cnt_i_buf1:tvp:0
06-27 12:49:41.524 I/[ 2082.501791@1]- v4lvideo(    0): provider name: vdec.h264.00
06-27 12:49:41.524 D/[ 2082.523147@1]- dimh_patch_post_update_mc_sw(    0): 0x0->0x2
06-27 12:49:41.524 I/[ 2082.523278@1]- dim(    0): ch[1]:reg:mem cfg[8][5][3]
06-27 12:49:41.524 D/        (    0): [ 2082.528669@1]- cal_dur_from_pts vstatus 3840 dur3600 -> 3840, revised 3840
06-27 12:49:41.526 I/[ 2082.528788@1]- dim(    0): pre cfg:ch[1]:1782432ms 1th source change:
06-27 12:49:41.528 I/[ 2082.528794@1]- dim(    0): source change:0x0/0/0/0=>0x8009/1920/1080/0
06-27 12:49:41.528 D/[ 2082.528814@1]- dimh_patch_post_update_mc_sw(    0): 0x2->0x3
06-27 12:49:41.546 I/[ 2082.528962@0]- vframe_rate_uevent(    0): sent uevent FRAME_RATE_HINT=3840
06-27 12:49:41.575 I/[ 2082.596645@0]- VID(    0): VD1 off
06-27 12:49:41.576 I/[ 2082.596823@0]- vc(    0): [0]vc: set enable index=0, val=1
06-27 12:49:41.576 I/        (    0): [ 2082.596846@0]- dev->index =0, val=2
06-27 12:49:41.576 I/[ 2082.596851@0]- VID(    0): VD1 off
06-27 12:49:41.576 I/[ 2082.596857@0]- VID(    0): VD1 set global output as 1
06-27 12:49:41.576 I/[ 2082.597002@1]- VID(    0): store VD0 path_id changed -1->2
06-27 12:49:41.576 I/[ 2082.597039@1]- vc(    0): [0]sideband_type =-1
06-27 12:49:41.700 W/[ 2082.718762@3]- tuner(    0): mxl251_read_status=0x20
06-27 12:49:41.704 W/[ 2082.719847@3]- tuner(    0): MXL251_Set_Frontend devId:0,tunerId:1 frequency:305997855,bandwidth_hz:7906250,symbol_rate:6875000,modulation:3
06-27 12:49:41.876 W/[ 2082.896318@1]- tuner(    0): mxl251_read_status=0x20
06-27 12:49:41.876 W/[ 2082.897210@2]- tuner(    0): MXL251_Set_Frontend devId:0,tunerId:1 frequency:306002574,bandwidth_hz:7906250,symbol_rate:6875000,modulation:3
06-27 12:49:42.049 W/[ 2083.068898@2]- tuner(    0): mxl251_read_status=0x20
06-27 12:49:42.049 W/[ 2083.070083@2]- tuner(    0): MXL251_Set_Frontend devId:0,tunerId:1 frequency:305997426,bandwidth_hz:7906250,symbol_rate:6875000,modulation:3
06-27 12:49:42.230 W/[ 2083.246608@2]- tuner(    0): mxl251_read_status=0x20
06-27 12:49:42.230 W/[ 2083.247477@3]- tuner(    0): MXL251_Set_Frontend devId:0,tunerId:1 frequency:306003003,bandwidth_hz:7906250,symbol_rate:6875000,modulation:3
06-27 12:49:42.384 W/[ 2083.405108@1]- tuner(    0): mxl251_read_status=0x20
06-27 12:49:42.384 W/[ 2083.406000@0]- tuner(    0): MXL251_Set_Frontend devId:0,tunerId:1 frequency:305996997,bandwidth_hz:7906250,symbol_rate:6875000,modulation:3
06-27 12:49:42.540 W/[ 2083.562283@3]- tuner(    0): mxl251_read_status=0x20
06-27 12:49:42.544 W/[ 2083.563245@3]- tuner(    0): MXL251_Set_Frontend devId:0,tunerId:1 frequency:306003432,bandwidth_hz:7906250,symbol_rate:6875000,modulation:3
06-27 12:49:42.731 W/[ 2083.752958@1]- tuner(    0): mxl251_read_status=0x20
06-27 12:49:42.732 W/[ 2083.754119@1]- tuner(    0): MXL251_Set_Frontend devId:0,tunerId:1 frequency:305996568,bandwidth_hz:7906250,symbol_rate:6875000,modulation:3
06-27 12:49:42.900 W/[ 2083.920983@0]- tuner(    0): mxl251_read_status=0x20
06-27 12:49:42.954 W/[ 2083.973162@1]- tuner(    0): mxl251_read_status=0x20
06-27 12:49:42.960 W/[ 2083.981904@1]- tuner(    0): MXL251_Set_Frontend devId:0,tunerId:1 frequency:306000000,bandwidth_hz:7906250,symbol_rate:6875000,modulation:3
06-27 12:49:43.064 W/[ 2084.085228@3]- tuner(    0): mxl251_read_status=0x20
06-27 12:49:43.172 W/[ 2084.192283@0]- tuner(    0): mxl251_get_frontend: 306000000 7906250
06-27 12:49:43.172 W/        (    0): [ 2084.192283@0]-
06-27 12:49:43.172 W/[ 2084.192296@0]- tuner(    0): msl251_get_property 17
06-27 12:49:43.172 W/[ 2084.192661@3]- tuner(    0): MXL251_Set_Frontend devId:0,tunerId:1 frequency:306000000,bandwidth_hz:7906250,symbol_rate:6875000,modulation:5
06-27 12:49:43.327 W/[ 2084.349284@0]- tuner(    0): mxl251_read_status=0x20
06-27 12:49:43.328 W/[ 2084.350158@0]- tuner(    0): MXL251_Set_Frontend devId:0,tunerId:1 frequency:306000429,bandwidth_hz:7906250,symbol_rate:6875000,modulation:5
06-27 12:49:43.480 W/[ 2084.501019@0]- tuner(    0): mxl251_read_status=0x20
06-27 12:49:43.480 W/[ 2084.501863@3]- tuner(    0): MXL251_Set_Frontend devId:0,tunerId:1 frequency:305999571,bandwidth_hz:7906250,symbol_rate:6875000,modulation:5
06-27 12:49:43.517 W/[ 2084.534531@2]s RTW(    0): fill_default_txdesc(wlan0): SP Packet(0x0806) rate=0x4 SeqNum = 1326
06-27 12:49:43.628 W/[ 2084.649313@2]- tuner(    0): mxl251_read_status=0x20
06-27 12:49:43.628 W/[ 2084.650234@0]- tuner(    0): MXL251_Set_Frontend devId:0,tunerId:1 frequency:306000858,bandwidth_hz:7906250,symbol_rate:6875000,modulation:5
06-27 12:49:43.784 W/[ 2084.804965@3]- tuner(    0): mxl251_read_status=0x20
06-27 12:49:43.784 W/[ 2084.805937@1]- tuner(    0): MXL251_Set_Frontend devId:0,tunerId:1 frequency:305999142,bandwidth_hz:7906250,symbol_rate:6875000,modulation:5
06-27 12:49:43.944 W/[ 2084.965064@3]- tuner(    0): mxl251_read_status=0x20
06-27 12:49:43.944 W/[ 2084.965903@2]- tuner(    0): MXL251_Set_Frontend devId:0,tunerId:1 frequency:306001287,bandwidth_hz:7906250,symbol_rate:6875000,modulation:5
06-27 12:49:44.100 W/[ 2085.121521@1]- tuner(    0): mxl251_read_status=0x20
06-27 12:49:44.100 W/[ 2085.122380@3]- tuner(    0): MXL251_Set_Frontend devId:0,tunerId:1 frequency:305998713,bandwidth_hz:7906250,symbol_rate:6875000,modulation:5
06-27 12:49:44.280 W/[ 2085.301113@2]- tuner(    0): mxl251_read_status=0x20
06-27 12:49:44.280 W/[ 2085.301965@0]- tuner(    0): MXL251_Set_Frontend devId:0,tunerId:1 frequency:306001716,bandwidth_hz:7906250,symbol_rate:6875000,modulation:5
06-27 12:49:44.424 W/[ 2085.445112@3]- tuner(    0): mxl251_read_status=0x20
06-27 12:49:44.424 W/[ 2085.446378@2]- tuner(    0): MXL251_Set_Frontend devId:0,tunerId:1 frequency:305998284,bandwidth_hz:7906250,symbol_rate:6875000,modulation:5
06-27 12:49:44.584 W/[ 2085.605519@3]- tuner(    0): mxl251_read_status=0x20
06-27 12:49:44.584 W/[ 2085.606339@3]- tuner(    0): MXL251_Set_Frontend devId:0,tunerId:1 frequency:306002145,bandwidth_hz:7906250,symbol_rate:6875000,modulation:5
06-27 12:49:44.740 W/[ 2085.761259@0]- tuner(    0): mxl251_read_status=0x20
06-27 12:49:44.740 W/[ 2085.762222@2]- tuner(    0): MXL251_Set_Frontend devId:0,tunerId:1 frequency:305997855,bandwidth_hz:7906250,symbol_rate:6875000,modulation:5
06-27 12:49:44.940 W/[ 2085.961175@0]- tuner(    0): mxl251_read_status=0x20
06-27 12:49:44.941 W/[ 2085.962044@0]- tuner(    0): MXL251_Set_Frontend devId:0,tunerId:1 frequency:306002574,bandwidth_hz:7906250,symbol_rate:6875000,modulation:5
06-27 12:49:45.087 W/[ 2086.108947@0]- tuner(    0): mxl251_read_status=0x20
06-27 12:49:45.088 W/[ 2086.109958@0]- tuner(    0): MXL251_Set_Frontend devId:0,tunerId:1 frequency:305997426,bandwidth_hz:7906250,symbol_rate:6875000,modulation:5
06-27 12:49:45.248 W/[ 2086.268983@0]- tuner(    0): mxl251_read_status=0x20
06-27 12:49:45.248 W/[ 2086.269806@0]- tuner(    0): MXL251_Set_Frontend devId:0,tunerId:1 frequency:306003003,bandwidth_hz:7906250,symbol_rate:6875000,modulation:5
06-27 12:49:45.412 W/[ 2086.434423@3]- tuner(    0): mxl251_read_status=0x20
06-27 12:49:45.413 W/ContextImpl( 6007): Calling a method in the system process without a qualified user: android.app.ContextImpl.bindService:1748 android.content.ContextWrapper.bindService:756 com.jio.adc.core.b.d:56 com.jio.adc.core.b.b:13 com.jio.adc.core.b$c.run:7 
06-27 12:49:45.416 W/[ 2086.435479@3]- tuner(    0): MXL251_Set_Frontend devId:0,tunerId:1 frequency:305996997,bandwidth_hz:7906250,symbol_rate:6875000,modulation:5
06-27 12:49:45.468 W/ContextImpl( 5472): Calling a method in the system process without a qualified user: android.app.ContextImpl.sendBroadcast:1111 android.content.ContextWrapper.sendBroadcast:468 com.iwedia.tvinput.engine.ChannelManager.disconnectCA:3912 com.iwedia.tvinput.engine.ChannelManager.access$4300:116 com.iwedia.tvinput.engine.ChannelManager$CaReconnectTask.run:2434 
06-27 12:49:45.511 W/ContextImpl( 5472): Calling a method in the system process without a qualified user: android.app.ContextImpl.sendBroadcast:1111 android.content.ContextWrapper.sendBroadcast:468 com.iwedia.tvinput.engine.ChannelManager.connectCA:3844 com.iwedia.tvinput.engine.ChannelManager.access$5900:116 com.iwedia.tvinput.engine.ChannelManager$CaMessageHandler.handleMessage:4279 
06-27 12:49:45.577 W/[ 2086.598098@2]- tuner(    0): mxl251_read_status=0x20
06-27 12:49:45.577 W/[ 2086.599114@0]- tuner(    0): MXL251_Set_Frontend devId:0,tunerId:1 frequency:306003432,bandwidth_hz:7906250,symbol_rate:6875000,modulation:5
06-27 12:49:45.740 W/[ 2086.761114@3]- tuner(    0): mxl251_read_status=0x20
06-27 12:49:45.740 W/[ 2086.761955@3]- tuner(    0): MXL251_Set_Frontend devId:0,tunerId:1 frequency:305996568,bandwidth_hz:7906250,symbol_rate:6875000,modulation:5
06-27 12:49:45.884 W/[ 2086.904936@0]- tuner(    0): mxl251_read_status=0x20
06-27 12:49:45.936 W/[ 2086.957126@0]- tuner(    0): mxl251_read_status=0x20
06-27 12:49:45.936 W/[ 2086.957944@0]- tuner(    0): MXL251_Set_Frontend devId:0,tunerId:1 frequency:306000000,bandwidth_hz:7906250,symbol_rate:6875000,modulation:5
06-27 12:49:46.180 W/[ 2087.198561@3]- tuner(    0): mxl251_read_status=0x20
06-27 12:49:46.280 W/[ 2087.298729@0]- tuner(    0): mxl251_get_frontend: 306000000 7906250
06-27 12:49:46.280 W/        (    0): [ 2087.298729@0]-
06-27 12:49:46.280 W/[ 2087.298742@0]- tuner(    0): msl251_get_property 17
06-27 12:49:46.280 W/[ 2087.298906@0]- tuner(    0): MXL251_Set_Frontend devId:0,tunerId:1 frequency:306000000,bandwidth_hz:7906250,symbol_rate:6875000,modulation:3
06-27 12:49:46.440 W/[ 2087.461396@2]- tuner(    0): mxl251_read_status=0x20
06-27 12:49:46.441 W/[ 2087.462285@0]- tuner(    0): MXL251_Set_Frontend devId:0,tunerId:1 frequency:306000429,bandwidth_hz:7906250,symbol_rate:6875000,modulation:3
06-27 12:49:46.620 W/[ 2087.640994@3]- tuner(    0): mxl251_read_status=0x20
