06-27 12:56:44.695 E/ocessService0:( 5772): failed to create Unix domain socket: Operation not permitted
06-27 12:56:44.762 I/android.hardware.power-service.libperfmgr( 3632): Power setBoost: INTERACTION duration: 0
06-27 12:56:44.762 I/libperfmgr( 3632): Do Powerhint: INTERACTION
06-27 12:56:44.802 E/TaskPersister( 3825): File error accessing recents directory (directory doesn't exist?).
06-27 12:56:44.807 W/[ 2505.829009@0]- tuner(    0): mxl251_read_status=0x20
06-27 12:56:44.808 W/[ 2505.829901@0]- tuner(    0): MXL251_Set_Frontend devId:0,tunerId:1 frequency:305997855,bandwidth_hz:7906250,symbol_rate:6875000,modulation:3
06-27 12:56:44.960 W/[ 2505.981950@0]- tuner(    0): mxl251_read_status=0x20
06-27 12:56:44.963 W/[ 2505.983970@0]- tuner(    0): MXL251_Set_Frontend devId:0,tunerId:1 frequency:306002574,bandwidth_hz:7906250,symbol_rate:6875000,modulation:3
06-27 12:56:45.108 W/[ 2506.128204@2]- RTW(    0): fill_default_txdesc(wlan0): SP Packet(0x0806) rate=0x4 SeqNum = 2178
06-27 12:56:45.120 W/[ 2506.141070@0]- tuner(    0): mxl251_read_status=0x20
06-27 12:56:45.120 W/[ 2506.141916@0]- tuner(    0): MXL251_Set_Frontend devId:0,tunerId:1 frequency:305997426,bandwidth_hz:7906250,symbol_rate:6875000,modulation:3
06-27 12:56:45.163 E/rtk_heartbeat( 3588): heartbeat_timed_out: @bbb heartbeatCmdCount = 2484, expected nextSeqNum = 2484
06-27 12:56:45.164 I/rtk_heartbeat( 3588): rtkbt_heartbeat_cmpl_cback: @bbb Current SeqNum = 2484,should SeqNum=2484, status = 0
06-27 12:56:45.237 I/e.swalekh.abct( 4553): oneway function results will be dropped but finished with status OK and parcel size 4
06-27 12:56:45.244 I/chatty  ( 7367): uid=1000(system) RxComputationTh expire 12 lines
06-27 12:56:45.264 W/[ 2506.284973@0]- tuner(    0): mxl251_read_status=0x20
06-27 12:56:45.264 W/[ 2506.285796@0]- tuner(    0): MXL251_Set_Frontend devId:0,tunerId:1 frequency:306003003,bandwidth_hz:7906250,symbol_rate:6875000,modulation:3
06-27 12:56:45.272 I/android.hardware.power-service.libperfmgr( 3632): Power setBoost: INTERACTION duration: 0
06-27 12:56:45.272 I/libperfmgr( 3632): Do Powerhint: INTERACTION
06-27 12:56:45.420 W/[ 2506.440981@0]- tuner(    0): mxl251_read_status=0x20
06-27 12:56:45.420 W/[ 2506.441801@0]- tuner(    0): MXL251_Set_Frontend devId:0,tunerId:1 frequency:305996997,bandwidth_hz:7906250,symbol_rate:6875000,modulation:3
06-27 12:56:45.580 W/[ 2506.601235@0]- tuner(    0): mxl251_read_status=0x20
06-27 12:56:45.580 W/[ 2506.602077@0]- tuner(    0): MXL251_Set_Frontend devId:0,tunerId:1 frequency:306003432,bandwidth_hz:7906250,symbol_rate:6875000,modulation:3
06-27 12:56:45.605 I/chatty  (27363): uid=10069(com.suntv.sunnxt) MediaCodec_loop expire 5 lines
06-27 12:56:45.641 I/chatty  ( 3756): uid=1046(mediacodec) HwBinder:3756_2 expire 5 lines
06-27 12:56:45.720 W/[ 2506.741007@0]- tuner(    0): mxl251_read_status=0x20
06-27 12:56:45.720 W/[ 2506.741863@0]- tuner(    0): MXL251_Set_Frontend devId:0,tunerId:1 frequency:305996568,bandwidth_hz:7906250,symbol_rate:6875000,modulation:3
06-27 12:56:45.876 W/[ 2506.897067@0]- tuner(    0): mxl251_read_status=0x20
06-27 12:56:45.928 W/[ 2506.949165@0]- tuner(    0): mxl251_read_status=0x20
06-27 12:56:45.928 W/[ 2506.950011@0]- tuner(    0): MXL251_Set_Frontend devId:0,tunerId:1 frequency:306000000,bandwidth_hz:7906250,symbol_rate:6875000,modulation:3
06-27 12:56:46.164 E/rtk_heartbeat( 3588): heartbeat_timed_out: @bbb heartbeatCmdCount = 2485, expected nextSeqNum = 2485
06-27 12:56:46.165 I/rtk_heartbeat( 3588): rtkbt_heartbeat_cmpl_cback: @bbb Current SeqNum = 2485,should SeqNum=2485, status = 0
06-27 12:56:46.290 W/[ 2507.311688@0]- tuner(    0): mxl251_read_status=0x20
06-27 12:56:46.400 W/[ 2507.422091@0]- tuner(    0): mxl251_get_frontend: 306000000 7906250
06-27 12:56:46.400 W/        (    0): [ 2507.422091@0]-
06-27 12:56:46.400 W/[ 2507.422099@0]- tuner(    0): msl251_get_property 17
06-27 12:56:46.400 W/[ 2507.422256@0]- tuner(    0): MXL251_Set_Frontend devId:0,tunerId:1 frequency:306000000,bandwidth_hz:7906250,symbol_rate:6875000,modulation:5
06-27 12:56:46.568 W/[ 2507.588954@0]- tuner(    0): mxl251_read_status=0x20
06-27 12:56:46.568 W/[ 2507.589822@0]- tuner(    0): MXL251_Set_Frontend devId:0,tunerId:1 frequency:306000429,bandwidth_hz:7906250,symbol_rate:6875000,modulation:5
06-27 12:56:46.658 I/appium  (27285): Click command
06-27 12:56:46.678 I/android.hardware.power-service.libperfmgr( 3632): Power setBoost: INTERACTION duration: 0
06-27 12:56:46.678 I/libperfmgr( 3632): Do Powerhint: INTERACTION
06-27 12:56:46.679 I/android.hardware.power-service.libperfmgr( 3632): Power setBoost: INTERACTION duration: 0
06-27 12:56:46.679 I/libperfmgr( 3632): Do Powerhint: INTERACTION
06-27 12:56:46.704 W/GestureController(27285): Gestures took longer than expected (38ms >> 16ms), device might be in a busy state.
06-27 12:56:46.705 I/appium  (27285): Waiting up to 10000ms for the device to idle
06-27 12:56:46.720 W/[ 2507.741031@0]- tuner(    0): mxl251_read_status=0x20
06-27 12:56:46.720 W/[ 2507.742042@0]- tuner(    0): MXL251_Set_Frontend devId:0,tunerId:1 frequency:305999571,bandwidth_hz:7906250,symbol_rate:6875000,modulation:5
06-27 12:56:46.735 E/ocessService0:( 5772): failed to create Unix domain socket: Operation not permitted
06-27 12:56:46.876 W/[ 2507.897034@0]- tuner(    0): mxl251_read_status=0x20
06-27 12:56:46.876 W/[ 2507.897881@0]- tuner(    0): MXL251_Set_Frontend devId:0,tunerId:1 frequency:306000858,bandwidth_hz:7906250,symbol_rate:6875000,modulation:5
06-27 12:56:47.032 W/[ 2508.053043@0]- tuner(    0): mxl251_read_status=0x20
06-27 12:56:47.032 W/[ 2508.053888@0]- tuner(    0): MXL251_Set_Frontend devId:0,tunerId:1 frequency:305999142,bandwidth_hz:7906250,symbol_rate:6875000,modulation:5
06-27 12:56:47.086 I/chatty  ( 4810): uid=1000(system) Binder:4810_3 expire 57 lines
06-27 12:56:47.091 I/chatty  ( 4810): uid=1000(system) com.iwedia.comedia.service expire 1 line
06-27 12:56:47.164 E/rtk_heartbeat( 3588): heartbeat_timed_out: @bbb heartbeatCmdCount = 2486, expected nextSeqNum = 2486
06-27 12:56:47.165 I/rtk_heartbeat( 3588): rtkbt_heartbeat_cmpl_cback: @bbb Current SeqNum = 2486,should SeqNum=2486, status = 0
06-27 12:56:47.180 W/[ 2508.200985@0]- tuner(    0): mxl251_read_status=0x20
06-27 12:56:47.180 W/[ 2508.201819@0]- tuner(    0): MXL251_Set_Frontend devId:0,tunerId:1 frequency:306001287,bandwidth_hz:7906250,symbol_rate:6875000,modulation:5
06-27 12:56:47.278 I/JioBackgroundSchedulerService( 6724): Check schedule  
06-27 12:56:47.292 I/e.swalekh.abct( 4553): oneway function results will be dropped but finished with status OK and parcel size 4
06-27 12:56:47.302 I/chatty  ( 7367): uid=1000(system) RxComputationTh expire 10 lines
06-27 12:56:47.324 W/[ 2508.344961@0]- tuner(    0): mxl251_read_status=0x20
06-27 12:56:47.324 W/[ 2508.345779@0]- tuner(    0): MXL251_Set_Frontend devId:0,tunerId:1 frequency:305998713,bandwidth_hz:7906250,symbol_rate:6875000,modulation:5
06-27 12:56:47.415 I/appium  (27285): AppiumResponse: {"sessionId":"fca2acf2-7b85-427a-a2fe-5ecbca92609b","value":null}
06-27 12:56:47.437 I/appium  (27285): channel read: POST /session/fca2acf2-7b85-427a-a2fe-5ecbca92609b/appium/device/press_keycode
06-27 12:56:47.438 I/appium  (27285): PressKeyCode command
06-27 12:56:47.438 I/appium  (27285): Calling PressKeyCode... 
06-27 12:56:47.441 D/UiDevice(27285): Pressing keycodes [23] with modifier 0.
06-27 12:56:47.463 I/android.hardware.power-service.libperfmgr( 3632): Power setBoost: INTERACTION duration: 0
06-27 12:56:47.463 I/libperfmgr( 3632): Do Powerhint: INTERACTION
06-27 12:56:47.464 I/android.hardware.power-service.libperfmgr( 3632): Power setBoost: INTERACTION duration: 0
06-27 12:56:47.464 I/libperfmgr( 3632): Do Powerhint: INTERACTION
06-27 12:56:47.466 I/chatty  ( 4077): uid=1000(system) com.jiostb.inactivitytimer expire 1 line
06-27 12:56:47.473 I/chatty  ( 4077): uid=1000(system) com.jiostb.inactivitytimer expire 11 lines
06-27 12:56:47.477 I/chatty  ( 3825): uid=1000(system) Binder:3825_11 expire 11 lines
06-27 12:56:47.480 W/[ 2508.502022@0]- tuner(    0): mxl251_read_status=0x20
06-27 12:56:47.480 I/sub_mixing_factory( 3587): [usecase_change_validate_l_sm:1196] ++++continuous:0 dev masks:0, out masks:0, out usecase PCM_NORMAL
06-27 12:56:47.480 I/sub_mixing_factory( 3587): [usecase_change_validate_l_sm:1203] add usecase PCM_NORMAL, cnt 1
06-27 12:56:47.480 D/sub_mixing_factory( 3587): [usecase_change_validate_l_sm:1215] cur dev masks:0, add out usecase:PCM_NORMAL
06-27 12:56:47.481 I/sub_mixing_factory( 3587): [usecase_change_validate_l_sm:1246] ----continuous:0 dev masks:0x1, out masks:0x1, out usecase PCM_NORMAL
06-27 12:56:47.481 D/aml_audio_port( 3587): [new_input_port:262] buf_frames:384,frame_size:4 ==> thunk_size:1536
06-27 12:56:47.481 I/aml_audio_port( 3587): [get_input_port_type:109] samplerate:48000, flags:0x2, channel_cnt:2
06-27 12:56:47.481 D/aml_audio_port( 3587): [new_input_port:288] inport:PCM_SYSTEM, buf:6144, direct:0, format:0x1, rate:48000, ch:2
06-27 12:56:47.481 I/amlAudioMixer( 3587): [init_mixer_input_port:168] input port:PCM_SYSTEM, size 384 frames, frame_write_sum:60852224
06-27 12:56:47.481 I/aml_audio_port( 3587): [get_input_port_type:109] samplerate:48000, flags:0x2, channel_cnt:2
06-27 12:56:47.481 I/sub_mixing_factory( 3587): [mixer_aux_buffer_write_sm:1053] stream 0xeb3ee000 input port:PCM_SYSTEM
06-27 12:56:47.481 I/sub_mixing_factory( 3587): [mixer_aux_buffer_write_sm:1063] padding_bytes 12288
06-27 12:56:47.481 I/amlAudioMixer( 3587): [mixer_write_inport:253] input port:PCM_SYSTEM is active now
06-27 12:56:47.481 I/sub_mixing_factory( 3587): [mixer_aux_buffer_write_sm:1063] padding_bytes 10752
06-27 12:56:47.481 I/sub_mixing_factory( 3587): [mixer_aux_buffer_write_sm:1063] padding_bytes 9216
06-27 12:56:47.481 I/sub_mixing_factory( 3587): [mixer_aux_buffer_write_sm:1063] padding_bytes 7680
06-27 12:56:47.481 I/sub_mixing_factory( 3587): [mixer_aux_buffer_write_sm:1063] padding_bytes 6144
06-27 12:56:47.484 W/[ 2508.503425@0]- tuner(    0): MXL251_Set_Frontend devId:0,tunerId:1 frequency:306001716,bandwidth_hz:7906250,symbol_rate:6875000,modulation:5
06-27 12:56:47.484 I/amlAudioMixer( 3587): [mixer_inports_read:697] input port:PCM_SYSTEM first start, portId:0, avail:6144
06-27 12:56:47.484 I/sub_mixing_factory( 3587): [mixer_aux_buffer_write_sm:1063] padding_bytes 4608
06-27 12:56:47.487 I/ActivityTaskManager( 3825): START u0 {cmp=com.suntv.sunnxt/com.androidtv.myplex.ui.activity.ContentDetailsActivityNew (has extras)} from uid 10069
06-27 12:56:47.487 D/ActivityTaskManager( 3825): recent debug: [launchedPkgName] --> com.suntv.sunnxt [callingPackage] --> com.suntv.sunnxt
06-27 12:56:47.489 V/ActivityTaskManager( 3825): Old State : null Updated state : INITIALIZING Activity : ComponentInfo{com.suntv.sunnxt/com.androidtv.myplex.ui.activity.ContentDetailsActivityNew}
06-27 12:56:47.489 V/ActivityTaskManager( 3825): Sending Broadcast : Intent { act=com.jio.remote.action.applaunch flg=0x40000000 pkg=com.jio.remote.btserver (has extras) }
06-27 12:56:47.492 V/ActivityTaskManager( 3825): Old State : RESUMED Updated state : PAUSING Activity : ComponentInfo{com.suntv.sunnxt/com.androidtv.myplex.ui.activity.MainActivity}
06-27 12:56:47.492 V/ActivityTaskManager( 3825): Sending Broadcast : Intent { act=com.jio.remote.action.applaunch flg=0x40000000 pkg=com.jio.remote.btserver (has extras) }
06-27 12:56:47.494 D/INSETS  ( 3825): else - Package Name ::  left : 0 right :: 0 top :: 0 bottom :: 0 dfu-right :: 1920 dfu-bottom :: 1080
06-27 12:56:47.497 I/sub_mixing_factory( 3587): [mixer_aux_buffer_write_sm:1063] padding_bytes 3072
06-27 12:56:47.500 I/sub_mixing_factory( 3587): [mixer_aux_buffer_write_sm:1063] padding_bytes 1536
06-27 12:56:47.523 W/ActivityTaskManager( 3825): Tried to set launchTime (0) < mLastActivityLaunchTime (2453065)
06-27 12:56:47.523 V/ActivityTaskManager( 3825): Old State : PAUSING Updated state : PAUSED Activity : ComponentInfo{com.suntv.sunnxt/com.androidtv.myplex.ui.activity.MainActivity}
06-27 12:56:47.524 V/ActivityTaskManager( 3825): Sending Broadcast : Intent { act=com.jio.remote.action.applaunch flg=0x40000000 pkg=com.jio.remote.btserver (has extras) }
06-27 12:56:47.529 V/ActivityTaskManager( 3825): Old State : INITIALIZING Updated state : RESUMED Activity : ComponentInfo{com.suntv.sunnxt/com.androidtv.myplex.ui.activity.ContentDetailsActivityNew}
06-27 12:56:47.529 V/ActivityTaskManager( 3825): Sending Broadcast : Intent { act=com.jio.remote.action.applaunch flg=0x40000000 pkg=com.jio.remote.btserver (has extras) }
06-27 12:56:47.531 E/ACTION_APP_LAUNCH before( 6769): com.suntv.sunnxt/com.androidtv.myplex.ui.activity.MainActivity
06-27 12:56:47.532 E/ACTION_APP_LAUNCH after( 6769): com.suntv.sunnxt/com.androidtv.myplex.ui.activity.ContentDetailsActivityNew
06-27 12:56:47.532 D/com.jiohome.stb.common.MessageManager( 6769): Game Change Package=com.suntv.sunnxt/com.androidtv.myplex.ui.activity.ContentDetailsActivityNew
06-27 12:56:47.532 E/TAG     ( 6769): Event Sent
06-27 12:56:47.533 I/appium  (27285): AppiumResponse: {"sessionId":"fca2acf2-7b85-427a-a2fe-5ecbca92609b","value":null}
06-27 12:56:47.538 W/pool-8-thread-1( 7405): type=1400 audit(0.0:2315): avc: denied { read } for name="arp" dev="proc" ino=4026531984 scontext=u:r:untrusted_app_27:s0:c76,c256,c512,c768 tcontext=u:object_r:proc_net:s0 tclass=file permissive=0 app=com.jio.myhome.mediasharedmp
06-27 12:56:47.542 W/pool-8-thread-1( 7405): type=1400 audit(0.0:2316): avc: denied { read } for name="arp" dev="proc" ino=4026531984 scontext=u:r:untrusted_app_27:s0:c76,c256,c512,c768 tcontext=u:object_r:proc_net:s0 tclass=file permissive=0 app=com.jio.myhome.mediasharedmp
06-27 12:56:47.560 I/appium  (27285): channel read: POST /session/fca2acf2-7b85-427a-a2fe-5ecbca92609b/element
06-27 12:56:47.562 I/appium  (27285): FindElement command
06-27 12:56:47.565 I/appium  (27285): method: 'id', selector: 'com.suntv.sunnxt:id/playB_btton'
06-27 12:56:47.569 I/appium  (27285): Waiting up to 10000ms for the device to idle
06-27 12:56:47.640 W/[ 2508.660967@0]- tuner(    0): mxl251_read_status=0x20
06-27 12:56:47.640 W/[ 2508.661795@0]- tuner(    0): MXL251_Set_Frontend devId:0,tunerId:1 frequency:305998284,bandwidth_hz:7906250,symbol_rate:6875000,modulation:5
06-27 12:56:47.746 D/INSETS  ( 3825): else - Package Name ::  left : 0 right :: 0 top :: 0 bottom :: 0 dfu-right :: 1920 dfu-bottom :: 1080
06-27 12:56:47.786 W/pool-8-thread-1( 7405): type=1400 audit(0.0:2317): avc: denied { read } for name="arp" dev="proc" ino=4026531984 scontext=u:r:untrusted_app_27:s0:c76,c256,c512,c768 tcontext=u:object_r:proc_net:s0 tclass=file permissive=0 app=com.jio.myhome.mediasharedmp
06-27 12:56:47.808 W/[ 2508.829068@0]- tuner(    0): mxl251_read_status=0x20
06-27 12:56:47.808 W/[ 2508.829908@0]- tuner(    0): MXL251_Set_Frontend devId:0,tunerId:1 frequency:306002145,bandwidth_hz:7906250,symbol_rate:6875000,modulation:5
06-27 12:56:47.812 W/[ 2508.830856@1]- RTW(    0): Turbo EDCA =0x431c
06-27 12:56:47.786 W/pool-8-thread-1( 7405): type=1400 audit(0.0:2318): avc: denied { read } for name="arp" dev="proc" ino=4026531984 scontext=u:r:untrusted_app_27:s0:c76,c256,c512,c768 tcontext=u:object_r:proc_net:s0 tclass=file permissive=0 app=com.jio.myhome.mediasharedmp
06-27 12:56:47.825 W/ByMatcher(27285): Node returned null child: android.view.accessibility.AccessibilityNodeInfo@b95b6; boundsInParent: Rect(0, 0 - 440, 60); boundsInScreen: Rect(20, 188 - 460, 248); packageName: com.suntv.sunnxt; className: android.widget.LinearLayout; text: null; error: null; maxTextLength: -1; stateDescription: null; contentDescription: null; tooltipText: null; viewIdResName: null; checkable: false; checked: false; focusable: false; focused: false; selected: false; clickable: false; longClickable: false; contextClickable: false; enabled: true; password: false; scrollable: false; importantForAccessibility: false; visible: true; actions: [AccessibilityAction: ACTION_SELECT - null, AccessibilityAction: ACTION_CLEAR_SELECTION - null, AccessibilityAction: ACTION_ACCESSIBILITY_FOCUS - null, AccessibilityAction: ACTION_SHOW_ON_SCREEN - null]
06-27 12:56:47.826 W/ByMatcher(27285): Skipping null child (0 of 6)
06-27 12:56:47.827 W/ByMatcher(27285): Skipping null child (1 of 6)
06-27 12:56:47.829 W/ByMatcher(27285): Skipping null child (2 of 6)
06-27 12:56:47.830 W/ByMatcher(27285): Skipping null child (3 of 6)
06-27 12:56:47.832 W/ByMatcher(27285): Skipping null child (4 of 6)
06-27 12:56:47.833 W/ByMatcher(27285): Skipping null child (5 of 6)
06-27 12:56:47.837 W/ByMatcher(27285): Node returned null child: android.view.accessibility.AccessibilityNodeInfo@c3ea3; boundsInParent: Rect(0, 0 - 1425, 1080); boundsInScreen: Rect(495, 0 - 1920, 1080); packageName: com.suntv.sunnxt; className: android.widget.RelativeLayout; text: null; error: null; maxTextLength: -1; stateDescription: null; contentDescription: null; tooltipText: null; viewIdResName: null; checkable: false; checked: false; focusable: false; focused: false; selected: false; clickable: false; longClickable: false; contextClickable: false; enabled: true; password: false; scrollable: false; importantForAccessibility: false; visible: true; actions: [AccessibilityAction: ACTION_SELECT - null, AccessibilityAction: ACTION_CLEAR_SELECTION - null, AccessibilityAction: ACTION_ACCESSIBILITY_FOCUS - null, AccessibilityAction: ACTION_SHOW_ON_SCREEN - null]
06-27 12:56:47.837 W/ByMatcher(27285): Skipping null child (0 of 2)
06-27 12:56:47.838 W/ByMatcher(27285): Skipping null child (1 of 2)
06-27 12:56:47.746 D/INSETS  ( 3825): else - Package Name ::  left : 0 right :: 0 top :: 0 bottom :: 0 dfu-right :: 1920 dfu-bottom :: 1080
06-27 12:56:47.840 D/INSETS  ( 3825): else - Package Name ::  left : 0 right :: 0 top :: 0 bottom :: 0 dfu-right :: 1920 dfu-bottom :: 1080
06-27 12:56:47.841 W/ByMatcher(27285): Node returned null child: android.view.accessibility.AccessibilityNodeInfo@9a09; boundsInParent: Rect(0, 0 - 1920, 1080); boundsInScreen: Rect(0, 0 - 1920, 1080); packageName: com.suntv.sunnxt; className: android.widget.RelativeLayout; text: null; error: null; maxTextLength: -1; stateDescription: null; contentDescription: null; tooltipText: null; viewIdResName: com.suntv.sunnxt:id/main_frame; checkable: false; checked: false; focusable: false; focused: false; selected: false; clickable: false; longClickable: false; contextClickable: false; enabled: true; password: false; scrollable: false; importantForAccessibility: false; visible: true; actions: [AccessibilityAction: ACTION_SELECT - null, AccessibilityAction: ACTION_CLEAR_SELECTION - null, AccessibilityAction: ACTION_ACCESSIBILITY_FOCUS - null, AccessibilityAction: ACTION_SHOW_ON_SCREEN - null]
06-27 12:56:47.841 W/ByMatcher(27285): Skipping null child (1 of 3)
06-27 12:56:47.842 W/ByMatcher(27285): Skipping null child (2 of 3)
06-27 12:56:47.845 W/ByMatcher(27285): Node returned null child: android.view.accessibility.AccessibilityNodeInfo@9287; boundsInParent: Rect(0, 0 - 1920, 1080); boundsInScreen: Rect(0, 0 - 1920, 1080); packageName: com.suntv.sunnxt; className: android.widget.RelativeLayout; text: null; error: null; maxTextLength: -1; stateDescription: null; contentDescription: null; tooltipText: null; viewIdResName: null; checkable: false; checked: false; focusable: false; focused: false; selected: false; clickable: false; longClickable: false; contextClickable: false; enabled: true; password: false; scrollable: false; importantForAccessibility: false; visible: true; actions: [AccessibilityAction: ACTION_SELECT - null, AccessibilityAction: ACTION_CLEAR_SELECTION - null, AccessibilityAction: ACTION_ACCESSIBILITY_FOCUS - null, AccessibilityAction: ACTION_SHOW_ON_SCREEN - null]
06-27 12:56:47.846 W/ByMatcher(27285): Skipping null child (1 of 3)
06-27 12:56:47.848 W/ByMatcher(27285): Skipping null child (2 of 3)
06-27 12:56:47.850 W/ByMatcher(27285): Node returned null child: android.view.accessibility.AccessibilityNodeInfo@80006cfd; boundsInParent: Rect(0, 0 - 1920, 1080); boundsInScreen: Rect(0, 0 - 1920, 1080); packageName: com.suntv.sunnxt; className: android.widget.FrameLayout; text: null; error: null; maxTextLength: -1; stateDescription: null; contentDescription: null; tooltipText: null; viewIdResName: null; checkable: false; checked: false; focusable: false; focused: false; selected: false; clickable: false; longClickable: false; contextClickable: false; enabled: true; password: false; scrollable: false; importantForAccessibility: true; visible: true; actions: [AccessibilityAction: ACTION_SELECT - null, AccessibilityAction: ACTION_CLEAR_SELECTION - null, AccessibilityAction: ACTION_ACCESSIBILITY_FOCUS - null, AccessibilityAction: ACTION_SHOW_ON_SCREEN - null]
06-27 12:56:47.850 W/ByMatcher(27285): Skipping null child (0 of 1)
06-27 12:56:47.858 I/appium  (27285): AppiumResponse: {"sessionId":"fca2acf2-7b85-427a-a2fe-5ecbca92609b","value":{"error":"no such element","message":"An element could not be located on the page using the given search parameters","stacktrace":"io.appium.uiautomator2.common.exceptions.ElementNotFoundException: An element could not be located on the page using the given search parameters\n\tat io.appium.uiautomator2.handler.FindElement.safeHandle(FindElement.java:63)\n\tat io.appium.uiautomator2.handler.request.SafeRequestHandler.handle(SafeRequestHandler.java:59)\n\tat io.appium.uiautomator2.server.AppiumServlet.handleRequest(AppiumServlet.java:259)\n\tat io.appium.uiautomator2.server.AppiumServlet.handleHttpRequest(AppiumServlet.java:253)\n\tat io.appium.uiautomator2.http.ServerHandler.channelRead(ServerHandler.java:77)\n\tat io.netty.channel.AbstractChannelHandlerContext.invokeChannelRead(AbstractChannelHandlerContext.java:374)\n\tat io.netty.channel.AbstractChannelHandlerContext.invokeChannelRead(AbstractChannelHandlerContext.java:360)\n\tat io.netty.channel.AbstractChannelHandlerContext.fireChannelRead(AbstractChannelHandlerContext.java:352)\n\tat io.netty.handler.codec.MessageToMessageDecoder.channelRead(MessageToMessageDecoder.java:102)\n\tat io.netty.channel.AbstractChannelHandlerContext.invokeChannelRead(AbstractChannelHandlerContext.java:374)\n\tat io.netty.channel.AbstractChannelHandlerContext.invokeChannelRead(AbstractChannelHandlerContext.java:360)\n\tat io.netty.channel.AbstractChannelHandlerContext.fireChannelRead(AbstractChannelHandlerContext.java:352)\n\tat io.netty.channel.CombinedChannelDuplexHandler$DelegatingChannelHandlerContext.fireChannelRead(CombinedChannelDuplexHandler.java:438)\n\tat io.netty.handler.codec.ByteToMessageDecoder.fireChannelRead(ByteToMessageDecoder.java:328)\n\tat io.netty.handler.codec.ByteToMessageDecoder.channelRead(ByteToMessageDecoder.java:302)\n\tat io.netty.channel.CombinedChannelDuplexHandler.channelRead(CombinedChannelDuplexHandler.java:253)\n\tat io.netty.channel.AbstractChannelHandlerContext.invokeChannelRead(AbstractChannelHandlerContext.java:374)\n\tat io.netty.channel.AbstractChannelHandlerContext.invokeChannelRead(AbstractChannelHandlerContext.java:360)\n\tat io.netty.channel.AbstractChannelHandlerContext.fireChannelRead(AbstractChannelHandlerContext.java:352)\n\tat io.netty.handler.timeout.IdleStateHandler.channelRead(IdleStateHandler.java:287)\n\tat io.netty.channel.AbstractChannelHandlerContext.invokeChannelRead(AbstractChannelHandlerContext.java:374)\n\tat io.netty.channel.AbstractChannelHandlerContext.invokeChannelRead(AbstractChannelHandlerContext.java:360)\n\tat io.netty.channel.AbstractChannelHandlerContext.fireChannelRead(AbstractChannelHandlerContext.java:352)\n\tat io.netty.channel.DefaultChannelPipeline$HeadContext.channelRead(DefaultChannelPipeline.java:1422)\n\tat io.netty.channel.AbstractChannelHandlerContext.invokeChannelRead(AbstractChannelHandlerContext.java:374)\n\tat io.netty.channel.AbstractChannelHandlerContext.invokeChannelRead(AbstractChannelHandlerContext.java:360)\n\tat io.netty.channel.DefaultChannelPipeline.fireChannelRead(DefaultChannelPipeline.java:931)\n\tat io.netty.channel.nio.AbstractNioByteChannel$NioByteUnsafe.read(AbstractNioByteChannel.java:163)\n\tat io.netty.channel.nio.NioEventLoop.processSelectedKey(NioEventLoop.java:700)\n\tat io.netty.channel.nio.NioEventLoop.processSelectedKeysOptimized(NioEventLoop.java:635)\n\tat io.netty.channel.nio.NioEventLoop.processSelectedKeys(NioEventLoop.java:552)\n\tat io.netty.channel.nio.NioEventLoop.run(NioEventLoop.java:514)\n\tat io.netty.util.concurrent.SingleThreadEventExecutor$6.run(SingleThreadEventExecutor.java:1044)\n\tat io.netty.util.internal.ThreadExecutorMap$2.run(ThreadExecutorMap.java:74)\n\tat io.netty.util.concurrent.FastThreadLocalRunnable.run(FastThreadLocalRunnable.java:30)\n\tat java.lang.Thread.run(Thread.java:923)\n"}}
06-27 12:56:47.956 W/[ 2508.977819@0]- tuner(    0): mxl251_read_status=0x20
06-27 12:56:47.960 W/[ 2508.978660@2]- tuner(    0): MXL251_Set_Frontend devId:0,tunerId:1 frequency:305997855,bandwidth_hz:7906250,symbol_rate:6875000,modulation:5
06-27 12:56:48.030 W/pool-8-thread-1( 7405): type=1400 audit(0.0:2319): avc: denied { read } for name="arp" dev="proc" ino=4026531984 scontext=u:r:untrusted_app_27:s0:c76,c256,c512,c768 tcontext=u:object_r:proc_net:s0 tclass=file permissive=0 app=com.jio.myhome.mediasharedmp
06-27 12:56:48.040 W/[ 2509.061111@2]- audit(    0): audit_lost=1419 audit_rate_limit=5 audit_backlog_limit=64
06-27 12:56:48.040 E/[ 2509.061118@2]- audit(    0): rate limit exceeded
06-27 12:56:48.044 W/APM::AudioPolicyEngine( 3671): getDevicesForStrategy() unknown strategy: -1
06-27 12:56:48.100 W/[ 2509.118634@2]- RTW(    0): fill_default_txdesc(wlan0): SP Packet(0x0806) rate=0x4 SeqNum = 2844
06-27 12:56:48.102 I/chatty  ( 4810): uid=1000(system) com.iwedia.comedia.service expire 4 lines
06-27 12:56:48.103 I/chatty  ( 4810): uid=1000(system) com.iwedia.comedia.service expire 1 line
06-27 12:56:48.104 I/chatty  ( 4810): uid=1000(system) com.iwedia.comedia.service expire 1 line
06-27 12:56:48.112 W/[ 2509.132976@0]- tuner(    0): mxl251_read_status=0x20
06-27 12:56:48.112 W/[ 2509.133809@0]- tuner(    0): MXL251_Set_Frontend devId:0,tunerId:1 frequency:306002574,bandwidth_hz:7906250,symbol_rate:6875000,modulation:5
06-27 12:56:48.164 E/rtk_heartbeat( 3588): heartbeat_timed_out: @bbb heartbeatCmdCount = 2487, expected nextSeqNum = 2487
06-27 12:56:48.165 I/rtk_heartbeat( 3588): rtkbt_heartbeat_cmpl_cback: @bbb Current SeqNum = 2487,should SeqNum=2487, status = 0
06-27 12:56:47.847 I/chatty  ( 3825): uid=1000(system) android.anim identical 2 lines
06-27 12:56:47.848 D/INSETS  ( 3825): else - Package Name ::  left : 0 right :: 0 top :: 0 bottom :: 0 dfu-right :: 1920 dfu-bottom :: 1080
06-27 12:56:48.176 D/INSETS  ( 3825): else - Package Name ::  left : 0 right :: 0 top :: 0 bottom :: 0 dfu-right :: 1920 dfu-bottom :: 1080
06-27 12:56:48.186 V/ActivityTaskManager( 3825): Old State : PAUSED Updated state : STOPPING Activity : ComponentInfo{com.suntv.sunnxt/com.androidtv.myplex.ui.activity.MainActivity}
06-27 12:56:48.186 V/ActivityTaskManager( 3825): Sending Broadcast : Intent { act=com.jio.remote.action.applaunch flg=0x40000000 pkg=com.jio.remote.btserver (has extras) }
06-27 12:56:48.187 D/INSETS  ( 3825): else - Package Name ::  left : 0 right :: 0 top :: 0 bottom :: 0 dfu-right :: 1920 dfu-bottom :: 1080
06-27 12:56:48.217 D/INSETS  ( 3825): else - Package Name ::  left : 0 right :: 0 top :: 0 bottom :: 0 dfu-right :: 1920 dfu-bottom :: 1080
06-27 12:56:48.222 V/ActivityTaskManager( 3825): Old State : STOPPING Updated state : STOPPED Activity : ComponentInfo{com.suntv.sunnxt/com.androidtv.myplex.ui.activity.MainActivity}
06-27 12:56:48.222 V/ActivityTaskManager( 3825): Sending Broadcast : Intent { act=com.jio.remote.action.applaunch flg=0x40000000 pkg=com.jio.remote.btserver (has extras) }
06-27 12:56:48.264 W/[ 2509.285059@0]- tuner(    0): mxl251_read_status=0x20
06-27 12:56:48.264 W/[ 2509.285891@0]- tuner(    0): MXL251_Set_Frontend devId:0,tunerId:1 frequency:305997426,bandwidth_hz:7906250,symbol_rate:6875000,modulation:5
06-27 12:56:48.387 I/appium  (27285): channel read: POST /session/fca2acf2-7b85-427a-a2fe-5ecbca92609b/element
06-27 12:56:48.389 I/appium  (27285): FindElement command
06-27 12:56:48.391 I/appium  (27285): method: 'id', selector: 'com.suntv.sunnxt:id/playB_btton'
06-27 12:56:48.392 I/appium  (27285): Waiting up to 10000ms for the device to idle
06-27 12:56:48.428 W/[ 2509.449116@0]- tuner(    0): mxl251_read_status=0x20
06-27 12:56:48.428 W/[ 2509.449945@0]- tuner(    0): MXL251_Set_Frontend devId:0,tunerId:1 frequency:306003003,bandwidth_hz:7906250,symbol_rate:6875000,modulation:5
06-27 12:56:48.432 D/JioLauncher( 4984): overlay status check for wifi and bt remote false false
06-27 12:56:48.435 D/Match code1( 6007): 2
06-27 12:56:48.438 D/JioLauncher( 4984): network-type-------NonJioNetwork
06-27 12:56:48.442 D/JioLauncher( 4984): live-tv-previousIp-[/fe80::1%wlan0, /192.168.1.1]-newHost-[/fe80::1%wlan0, /192.168.1.1]
06-27 12:56:48.580 W/[ 2509.601060@0]- tuner(    0): mxl251_read_status=0x20
06-27 12:56:48.580 W/[ 2509.601914@0]- tuner(    0): MXL251_Set_Frontend devId:0,tunerId:1 frequency:305996997,bandwidth_hz:7906250,symbol_rate:6875000,modulation:5
06-27 12:56:48.724 W/[ 2509.745077@0]- tuner(    0): mxl251_read_status=0x20
06-27 12:56:48.724 W/[ 2509.745923@0]- tuner(    0): MXL251_Set_Frontend devId:0,tunerId:1 frequency:306003432,bandwidth_hz:7906250,symbol_rate:6875000,modulation:5
06-27 12:56:48.772 E/ocessService0:( 5772): failed to create Unix domain socket: Operation not permitted
06-27 12:56:48.868 W/[ 2509.889886@0]- tuner(    0): mxl251_read_status=0x20
06-27 12:56:48.875 W/[ 2509.891324@0]- tuner(    0): MXL251_Set_Frontend devId:0,tunerId:1 frequency:305996568,bandwidth_hz:7906250,symbol_rate:6875000,modulation:5
06-27 12:56:49.020 W/[ 2510.041058@0]- tuner(    0): mxl251_read_status=0x20
06-27 12:56:49.026 I/appium  (27285): AppiumResponse: {"sessionId":"fca2acf2-7b85-427a-a2fe-5ecbca92609b","value":{"ELEMENT":"00000000-0000-0049-ffff-ffff00001259","element-6066-11e4-a52e-4f735466cecf":"00000000-0000-0049-ffff-ffff00001259"}}
06-27 12:56:49.053 I/appium  (27285): channel read: GET /session/fca2acf2-7b85-427a-a2fe-5ecbca92609b/element/00000000-0000-0049-ffff-ffff00001259/attribute/displayed
06-27 12:56:49.054 I/appium  (27285): GetElementAttribute command
06-27 12:56:49.062 I/appium  (27285): AppiumResponse: {"sessionId":"fca2acf2-7b85-427a-a2fe-5ecbca92609b","value":"true"}
06-27 12:56:49.076 W/[ 2510.096942@0]- tuner(    0): mxl251_read_status=0x20
06-27 12:56:49.076 W/[ 2510.097763@0]- tuner(    0): MXL251_Set_Frontend devId:0,tunerId:1 frequency:306000000,bandwidth_hz:7906250,symbol_rate:6875000,modulation:5
06-27 12:56:49.089 I/appium  (27285): channel read: POST /session/fca2acf2-7b85-427a-a2fe-5ecbca92609b/element/00000000-0000-0049-ffff-ffff00001259/click
06-27 12:56:49.090 I/appium  (27285): Click command
06-27 12:56:49.114 I/android.hardware.power-service.libperfmgr( 3632): Power setBoost: INTERACTION duration: 0
06-27 12:56:49.114 I/libperfmgr( 3632): Do Powerhint: INTERACTION
06-27 12:56:49.115 I/android.hardware.power-service.libperfmgr( 3632): Power setBoost: INTERACTION duration: 0
06-27 12:56:49.115 I/libperfmgr( 3632): Do Powerhint: INTERACTION
06-27 12:56:49.139 I/ActivityTaskManager( 3825): START u0 {flg=0x10000000 cmp=com.suntv.sunnxt/com.androidtv.myplex.ui.activity.VideoPlaybackActivity (has extras)} from uid 10069
06-27 12:56:49.139 D/ActivityTaskManager( 3825): recent debug: [launchedPkgName] --> com.suntv.sunnxt [callingPackage] --> com.suntv.sunnxt
06-27 12:56:49.140 W/ActivityTaskManager( 3825): Activity is launching as a new task, so cancelling activity result.
06-27 12:56:49.140 W/GestureController(27285): Gestures took longer than expected (42ms >> 16ms), device might be in a busy state.
06-27 12:56:49.140 V/ActivityTaskManager( 3825): Old State : null Updated state : INITIALIZING Activity : ComponentInfo{com.suntv.sunnxt/com.androidtv.myplex.ui.activity.VideoPlaybackActivity}
06-27 12:56:49.140 V/ActivityTaskManager( 3825): Sending Broadcast : Intent { act=com.jio.remote.action.applaunch flg=0x40000000 pkg=com.jio.remote.btserver (has extras) }
06-27 12:56:49.141 I/appium  (27285): Waiting up to 10000ms for the device to idle
06-27 12:56:49.145 I/appium  (27285): AppiumResponse: {"sessionId":"fca2acf2-7b85-427a-a2fe-5ecbca92609b","value":null}
06-27 12:56:49.150 V/ActivityTaskManager( 3825): Old State : RESUMED Updated state : PAUSING Activity : ComponentInfo{com.suntv.sunnxt/com.androidtv.myplex.ui.activity.ContentDetailsActivityNew}
06-27 12:56:49.150 V/ActivityTaskManager( 3825): Sending Broadcast : Intent { act=com.jio.remote.action.applaunch flg=0x40000000 pkg=com.jio.remote.btserver (has extras) }
06-27 12:56:49.151 D/INSETS  ( 3825): else - Package Name ::  left : 0 right :: 0 top :: 0 bottom :: 0 dfu-right :: 1920 dfu-bottom :: 1080
06-27 12:56:49.164 E/rtk_heartbeat( 3588): heartbeat_timed_out: @bbb heartbeatCmdCount = 2488, expected nextSeqNum = 2488
06-27 12:56:49.165 I/rtk_heartbeat( 3588): rtkbt_heartbeat_cmpl_cback: @bbb Current SeqNum = 2488,should SeqNum=2488, status = 0
06-27 12:56:49.176 W/ActivityTaskManager( 3825): Tried to set launchTime (0) < mLastActivityLaunchTime (2508453)
06-27 12:56:49.176 V/ActivityTaskManager( 3825): Old State : PAUSING Updated state : PAUSED Activity : ComponentInfo{com.suntv.sunnxt/com.androidtv.myplex.ui.activity.ContentDetailsActivityNew}
06-27 12:56:49.176 V/ActivityTaskManager( 3825): Sending Broadcast : Intent { act=com.jio.remote.action.applaunch flg=0x40000000 pkg=com.jio.remote.btserver (has extras) }
06-27 12:56:49.182 V/ActivityTaskManager( 3825): Old State : INITIALIZING Updated state : RESUMED Activity : ComponentInfo{com.suntv.sunnxt/com.androidtv.myplex.ui.activity.VideoPlaybackActivity}
06-27 12:56:49.182 V/ActivityTaskManager( 3825): Sending Broadcast : Intent { act=com.jio.remote.action.applaunch flg=0x40000000 pkg=com.jio.remote.btserver (has extras) }
06-27 12:56:49.185 D/Html package time( 6769): 1
06-27 12:56:49.185 E/ACTION_APP_LAUNCH before( 6769): com.suntv.sunnxt/com.androidtv.myplex.ui.activity.ContentDetailsActivityNew
06-27 12:56:49.185 E/ACTION_APP_LAUNCH after( 6769): com.suntv.sunnxt/com.androidtv.myplex.ui.activity.VideoPlaybackActivity
06-27 12:56:49.185 D/com.jiohome.stb.common.MessageManager( 6769): Game Change Package=com.suntv.sunnxt/com.androidtv.myplex.ui.activity.VideoPlaybackActivity
06-27 12:56:49.185 E/TAG     ( 6769): Event Sent
06-27 12:56:49.189 D/INSETS  ( 3825): else - Package Name ::  left : 0 right :: 0 top :: 0 bottom :: 0 dfu-right :: 1920 dfu-bottom :: 1080
06-27 12:56:49.229 I/android.hardware.power-service.libperfmgr( 3632): Power setBoost: INTERACTION duration: 0
06-27 12:56:49.230 I/libperfmgr( 3632): Do Powerhint: INTERACTION
06-27 12:56:49.269 I/chatty  (27363): uid=10069(com.suntv.sunnxt) expire 3 lines
06-27 12:56:49.214 I/chatty  ( 3825): uid=1000(system) android.anim identical 1 line
06-27 12:56:49.221 D/INSETS  ( 3825): else - Package Name ::  left : 0 right :: 0 top :: 0 bottom :: 0 dfu-right :: 1920 dfu-bottom :: 1080
06-27 12:56:49.282 D/INSETS  ( 3825): else - Package Name ::  left : 0 right :: 0 top :: 0 bottom :: 0 dfu-right :: 1920 dfu-bottom :: 1080
06-27 12:56:49.282 D/INSETS  ( 3825): else - Package Name ::  left : 0 right :: 0 top :: 0 bottom :: 0 dfu-right :: 1920 dfu-bottom :: 1080
06-27 12:56:49.310 D/INSETS  ( 3825): else - Package Name ::  left : 0 right :: 0 top :: 0 bottom :: 0 dfu-right :: 1920 dfu-bottom :: 1080
06-27 12:56:49.332 I/android.hardware.power-service.libperfmgr( 3632): Power setBoost: INTERACTION duration: 0
06-27 12:56:49.332 I/libperfmgr( 3632): Do Powerhint: INTERACTION
06-27 12:56:49.403 I/e.swalekh.abct( 4553): oneway function results will be dropped but finished with status OK and parcel size 4
06-27 12:56:49.408 W/[ 2510.429455@0]- tuner(    0): mxl251_read_status=0x20
06-27 12:56:49.457 I/chatty  ( 3825): uid=1000(system) WifiHandlerThre expire 15 lines
06-27 12:56:49.516 W/[ 2510.537194@0]- tuner(    0): mxl251_get_frontend: 306000000 7906250
06-27 12:56:49.517 W/        (    0): [ 2510.537194@0]-
06-27 12:56:49.517 W/[ 2510.537203@0]- tuner(    0): msl251_get_property 17
06-27 12:56:49.517 W/[ 2510.537331@3]- tuner(    0): MXL251_Set_Frontend devId:0,tunerId:1 frequency:306000000,bandwidth_hz:7906250,symbol_rate:6875000,modulation:3
06-27 12:56:49.527 I/chatty  ( 4231): uid=1000(system) DefaultDispatch expire 15 lines
06-27 12:56:49.551 I/chatty  (27363): uid=10069(com.suntv.sunnxt) expire 67 lines
06-27 12:56:49.563 I/chatty  ( 3680): uid=1000(system) /system/bin/surfaceflinger expire 1 line
06-27 12:56:49.600 W/android.hardware.drm@1.3-service.youtube( 3598): isCryptoSchemeSupported, false
06-27 12:56:49.601 I/WVCdm   ( 3596): [app][com.suntv.sunnxt] calling virtual Return<void> wvdrm::hardware::drm::V1_3::widevine::WVDrmFactory::createPlugin(const hidl_array<uint8_t, 16> &, const android::hardware::hidl_string &, android::hardware::drm::V1_3::IDrmFactory::createPlugin_cb)
06-27 12:56:49.615 I/chatty  ( 3825): uid=1000(system) android.anim identical 8 lines
06-27 12:56:49.619 D/INSETS  ( 3825): else - Package Name ::  left : 0 right :: 0 top :: 0 bottom :: 0 dfu-right :: 1920 dfu-bottom :: 1080
06-27 12:56:49.622 V/ActivityTaskManager( 3825): Old State : PAUSED Updated state : STOPPING Activity : ComponentInfo{com.suntv.sunnxt/com.androidtv.myplex.ui.activity.ContentDetailsActivityNew}
06-27 12:56:49.622 V/ActivityTaskManager( 3825): Sending Broadcast : Intent { act=com.jio.remote.action.applaunch flg=0x40000000 pkg=com.jio.remote.btserver (has extras) }
06-27 12:56:49.637 I/chatty  ( 3825): uid=1000(system) Binder:3825_1A expire 6 lines
06-27 12:56:49.669 E/BufferQueueProducer( 3680): [com.suntv.sunnxt/com.androidtv.myplex.ui.activity.ContentDetailsActivityNew#0](id:e60000000aa,api:0,p:-1,c:3680) disconnect: not connected (req=1)
06-27 12:56:49.674 W/APM::AudioPolicyEngine( 3671): getDevicesForStrategy() unknown strategy: -1
06-27 12:56:49.676 W/[ 2510.697258@0]- tuner(    0): mxl251_read_status=0x20
06-27 12:56:49.676 W/[ 2510.698178@0]- tuner(    0): MXL251_Set_Frontend devId:0,tunerId:1 frequency:306000429,bandwidth_hz:7906250,symbol_rate:6875000,modulation:3
06-27 12:56:49.676 D/INSETS  ( 3825): else - Package Name ::  left : 0 right :: 0 top :: 0 bottom :: 0 dfu-right :: 1920 dfu-bottom :: 1080
06-27 12:56:49.692 V/ActivityTaskManager( 3825): Old State : STOPPING Updated state : STOPPED Activity : ComponentInfo{com.suntv.sunnxt/com.androidtv.myplex.ui.activity.ContentDetailsActivityNew}
06-27 12:56:49.692 V/ActivityTaskManager( 3825): Sending Broadcast : Intent { act=com.jio.remote.action.applaunch flg=0x40000000 pkg=com.jio.remote.btserver (has extras) }
06-27 12:56:49.757 I/hash_map_utils( 3671): key: 'offloadVariableRateSupported' value: ''
06-27 12:56:49.831 I/WVCdm   ( 3596): [cdm_engine.cpp(517):QueryStatus] Querying status
06-27 12:56:49.831 D/WVCdm   ( 3596): [crypto_session.cpp(714):Open] Opening crypto session: requested_security_level = Default
06-27 12:56:49.833 I/WVCdm   ( 3596): [cdm_engine.cpp(114):OpenSession] Opening session
06-27 12:56:49.833 D/WVCdm   ( 3596): [crypto_session.cpp(714):Open] Opening crypto session: requested_security_level = Default
06-27 12:56:49.837 I/WVCdm   ( 3596): [cdm_engine.cpp(148):OpenSession] New session ID: sid23
06-27 12:56:49.837 I/WVCdm   ( 3596): [cdm_engine.cpp(861):QueryOemCryptoSessionId] Querying OEMCrypto Session ID: session_id = sid23
06-27 12:56:49.842 I/WVCdm   ( 3596): [cdm_engine.cpp(517):QueryStatus] Querying status
06-27 12:56:49.842 I/WVCdm   ( 3596): [cdm_engine.cpp(237):GenerateKeyRequest] Generating key request: session_id = sid23
06-27 12:56:49.846 W/[ 2510.867713@3]- tuner(    0): mxl251_read_status=0x20
06-27 12:56:49.847 W/[ 2510.868884@3]- tuner(    0): MXL251_Set_Frontend devId:0,tunerId:1 frequency:305999571,bandwidth_hz:7906250,symbol_rate:6875000,modulation:3
06-27 12:56:49.890 E/Verimatrix::CryptoFactory( 3595): ::isCryptoSchemeSupported
06-27 12:56:49.891 E/UUID    ( 3595): ::isVerimatrixUUID
06-27 12:56:49.891 E/UUID    ( 3595): 0xed 
06-27 12:56:49.891 E/UUID    ( 3595): 0xef 
06-27 12:56:49.891 E/UUID    ( 3595): 0x8b 
06-27 12:56:49.891 E/UUID    ( 3595): 0xa9 
06-27 12:56:49.891 E/UUID    ( 3595): 0x79 
06-27 12:56:49.891 E/UUID    ( 3595): 0xd6 
06-27 12:56:49.891 E/UUID    ( 3595): 0x4a 
06-27 12:56:49.891 E/UUID    ( 3595): 0xce 
06-27 12:56:49.891 E/UUID    ( 3595): 0xa3 
06-27 12:56:49.891 E/UUID    ( 3595): 0xc8 
06-27 12:56:49.891 E/UUID    ( 3595): 0x27 
06-27 12:56:49.891 E/UUID    ( 3595): 0xdc 
06-27 12:56:49.891 E/UUID    ( 3595): 0xd5 
06-27 12:56:49.891 E/UUID    ( 3595): 0x1d 
06-27 12:56:49.891 E/UUID    ( 3595): 0x21 
06-27 12:56:49.891 E/UUID    ( 3595): 0xed 
06-27 12:56:49.892 I/WVCdm   ( 3596): [app] calling virtual Return<void> wvdrm::hardware::drm::V1_3::widevine::WVCryptoFactory::createPlugin(const hidl_array<uint8_t, 16> &, const hidl_vec<uint8_t> &, android::hardware::drm::V1_3::ICryptoFactory::createPlugin_cb)
06-27 12:56:49.893 E/Verimatrix::CryptoFactory( 3595): ::isCryptoSchemeSupported
06-27 12:56:49.893 E/UUID    ( 3595): ::isVerimatrixUUID
06-27 12:56:49.894 E/UUID    ( 3595): 0xed 
06-27 12:56:49.894 E/UUID    ( 3595): 0xef 
06-27 12:56:49.894 E/UUID    ( 3595): 0x8b 
06-27 12:56:49.894 E/UUID    ( 3595): 0xa9 
06-27 12:56:49.894 E/UUID    ( 3595): 0x79 
06-27 12:56:49.894 E/UUID    ( 3595): 0xd6 
06-27 12:56:49.894 E/UUID    ( 3595): 0x4a 
06-27 12:56:49.894 E/UUID    ( 3595): 0xce 
06-27 12:56:49.894 E/UUID    ( 3595): 0xa3 
06-27 12:56:49.894 E/UUID    ( 3595): 0xc8 
06-27 12:56:49.894 E/UUID    ( 3595): 0x27 
06-27 12:56:49.894 E/UUID    ( 3595): 0xdc 
06-27 12:56:49.894 E/UUID    ( 3595): 0xd5 
06-27 12:56:49.894 E/UUID    ( 3595): 0x1d 
06-27 12:56:49.894 E/UUID    ( 3595): 0x21 
06-27 12:56:49.894 E/UUID    ( 3595): 0xed 
06-27 12:56:49.894 I/WVCdm   ( 3596): [app] calling virtual Return<void> wvdrm::hardware::drm::V1_3::widevine::WVCryptoFactory::createPlugin(const hidl_array<uint8_t, 16> &, const hidl_vec<uint8_t> &, android::hardware::drm::V1_3::ICryptoFactory::createPlugin_cb)
06-27 12:56:49.923 E/Verimatrix::CryptoFactory( 3595): ::isCryptoSchemeSupported
06-27 12:56:49.923 E/UUID    ( 3595): ::isVerimatrixUUID
06-27 12:56:49.923 E/UUID    ( 3595): 0xed 
06-27 12:56:49.923 E/UUID    ( 3595): 0xef 
06-27 12:56:49.923 E/UUID    ( 3595): 0x8b 
06-27 12:56:49.923 E/UUID    ( 3595): 0xa9 
06-27 12:56:49.923 E/UUID    ( 3595): 0x79 
06-27 12:56:49.923 E/UUID    ( 3595): 0xd6 
06-27 12:56:49.923 E/UUID    ( 3595): 0x4a 
06-27 12:56:49.924 E/UUID    ( 3595): 0xce 
06-27 12:56:49.924 E/UUID    ( 3595): 0xa3 
06-27 12:56:49.924 E/UUID    ( 3595): 0xc8 
06-27 12:56:49.924 E/UUID    ( 3595): 0x27 
06-27 12:56:49.924 E/UUID    ( 3595): 0xdc 
06-27 12:56:49.924 E/UUID    ( 3595): 0xd5 
06-27 12:56:49.924 E/UUID    ( 3595): 0x1d 
06-27 12:56:49.924 E/UUID    ( 3595): 0x21 
06-27 12:56:49.924 E/UUID    ( 3595): 0xed 
06-27 12:56:49.925 I/WVCdm   ( 3596): [app] calling virtual Return<void> wvdrm::hardware::drm::V1_3::widevine::WVCryptoFactory::createPlugin(const hidl_array<uint8_t, 16> &, const hidl_vec<uint8_t> &, android::hardware::drm::V1_3::ICryptoFactory::createPlugin_cb)
06-27 12:56:49.928 E/Verimatrix::CryptoFactory( 3595): ::isCryptoSchemeSupported
06-27 12:56:49.928 E/UUID    ( 3595): ::isVerimatrixUUID
06-27 12:56:49.928 E/UUID    ( 3595): 0xed 
06-27 12:56:49.928 E/UUID    ( 3595): 0xef 
06-27 12:56:49.928 E/UUID    ( 3595): 0x8b 
06-27 12:56:49.928 E/UUID    ( 3595): 0xa9 
06-27 12:56:49.928 E/UUID    ( 3595): 0x79 
06-27 12:56:49.928 E/UUID    ( 3595): 0xd6 
06-27 12:56:49.928 E/UUID    ( 3595): 0x4a 
06-27 12:56:49.928 E/UUID    ( 3595): 0xce 
06-27 12:56:49.928 E/UUID    ( 3595): 0xa3 
06-27 12:56:49.928 E/UUID    ( 3595): 0xc8 
06-27 12:56:49.928 E/UUID    ( 3595): 0x27 
06-27 12:56:49.928 E/UUID    ( 3595): 0xdc 
06-27 12:56:49.928 E/UUID    ( 3595): 0xd5 
06-27 12:56:49.929 E/UUID    ( 3595): 0x1d 
06-27 12:56:49.929 E/UUID    ( 3595): 0x21 
06-27 12:56:49.929 E/UUID    ( 3595): 0xed 
06-27 12:56:49.930 I/WVCdm   ( 3596): [app] calling virtual Return<void> wvdrm::hardware::drm::V1_3::widevine::WVCryptoFactory::createPlugin(const hidl_array<uint8_t, 16> &, const hidl_vec<uint8_t> &, android::hardware::drm::V1_3::ICryptoFactory::createPlugin_cb)
06-27 12:56:49.932 I/WVCdm   ( 3596): [cdm_engine.cpp(763):QuerySessionStatus] Querying session status: session_id = sid23
06-27 12:56:49.943 I/chatty  (27363): uid=10069(com.suntv.sunnxt) expire 19 lines
06-27 12:56:49.943 I/chatty  ( 3741): uid=1046(mediacodec) HwBinder:3741_6 expire 142 lines
06-27 12:56:49.950 I/[ 2510.971481@0]- resman(    0): 101 appname:OMX-70, type=0
06-27 12:56:49.965 I/chatty  ( 3825): uid=1000(system) Binder:3825_D expire 3 lines
06-27 12:56:49.966 I/chatty  (27363): uid=10069(com.suntv.sunnxt) expire 5 lines
06-27 12:56:49.971 I/chatty  ( 3741): uid=1046(mediacodec) HwBinder:3741_2 expire 200 lines
06-27 12:56:49.977 I/chatty  ( 3741): uid=1046(mediacodec) HwBinder:3741_4 expire 5 lines
06-27 12:56:50.008 W/[ 2511.029708@2]- tuner(    0): mxl251_read_status=0x20
06-27 12:56:50.008 W/[ 2511.030609@3]- tuner(    0): MXL251_Set_Frontend devId:0,tunerId:1 frequency:306000858,bandwidth_hz:7906250,symbol_rate:6875000,modulation:3
06-27 12:56:49.978 I/chatty  ( 3741): uid=1046(mediacodec) HwBinder:3741_3 expire 46 lines
06-27 12:56:50.022 I/[ 2511.042926@1]- resman(    0): 101 acquire [codec_mm], preempt yes
06-27 12:56:50.029 I/[ 2511.042937@1]- resman(    0): 101 score 160 secure yes
06-27 12:56:50.029 I/[ 2511.042942@1]- resman(    0): 101 acquire [codec_mm] success
06-27 12:56:50.029 I/[ 2511.043210@1]- resman(    0): 103 appname:secmem, type=3
06-27 12:56:50.029 I/[ 2511.044747@1]- resman(    0): 103 acquire [tvp], preempt yes
06-27 12:56:50.032 I/        (    0): [ 2511.052977@3]- protect tvp 0 5 ret 0 56f00000 3540000
06-27 12:56:50.040 I/        (    0): [ 2511.052986@3]- enable tvp for 1
06-27 12:56:50.040 I/        (    0): [ 2511.052990@3]- tvp_user_count is 1
06-27 12:56:50.041 I/[ 2511.052995@3]- resman(    0): 103 acquire [tvp] success
06-27 12:56:50.019 I/chatty  ( 3741): uid=1046(mediacodec) omx@1.0-service expire 86 lines
06-27 12:56:50.041 I/chatty  ( 4810): uid=1000(system) Thread-2 expire 29 lines
06-27 12:56:50.108 D/        (    0): [ 2511.126766@1]- the demux           clock on, ref cnt: 2
06-27 12:56:50.117 D/        (    0): [ 2511.126774@1]- the parser_top      clock on, ref cnt: 2
06-27 12:56:50.117 D/        (    0): [ 2511.126782@1]- the vdec            clock on, ref cnt: 1
06-27 12:56:50.117 D/        (    0): [ 2511.126805@1]- the clk_hevc_mux    clock on, ref cnt: 1
06-27 12:56:50.117 D/        (    0): [ 2511.126810@1]- the clk_hevcb_mux   clock on, ref cnt: 1
06-27 12:56:50.117 D/        (    0): [ 2511.126841@1]- hevc mux clock is 499999992 Hz
06-27 12:56:50.117 D/        (    0): [ 2511.126856@1]- hevc back mux clock is 499999992 Hz
06-27 12:56:50.117 D/        (    0): [ 2511.126973@1]- vdec_create instance 0000000089943f66, total 1, PM: legacy
06-27 12:56:50.117 D/        (    0): [ 2511.127014@1]- set drmmode
06-27 12:56:50.117 I/        (    0): [ 2511.127077@1]- is_reset=0
06-27 12:56:50.117 I/        (    0): [ 2511.127106@1]- vdec_init, dev_name:ammvdec_h265, vdec_type=VDEC_TYPE_FRAME_BLOCK  id = 0
06-27 12:56:50.117 D/[ 2511.127835@1]- [0]pdata->config=hevc_buf_width(    0): 1920;hevc_buf_height:1088;hevc_buf_margin:0;hevc_double_write_mode:3;save_buffer_mode:0;
06-27 12:56:50.117 D/        (    0): [ 2511.127874@1]- decoder_bmmu_box_alloc_box, tvp_flags = 4
06-27 12:56:50.117 D/        (    0): [ 2511.127891@1]- [0]dynamic_buf_num_margin=9
06-27 12:56:50.117 D/        (    0): [ 2511.127895@1]- [0]double_write_mode=3
06-27 12:56:50.117 D/[ 2511.127903@1]- [0]h265(    0): pts_unstable=0
06-27 12:56:50.117 D/[ 2511.127909@1]- [0]h265(    0): ver (201602101,0) decinfo: 0x0 rate=3600
06-27 12:56:50.104 W/ResourceManagerService( 3723): Ignoring request to add new resource entry with value <= 0
06-27 12:56:50.115 I/WVCdm   ( 3596): [cdm_engine.cpp(314):AddKey] Adding key: session_id = sid23
06-27 12:56:50.127 I/        (    0): [ 2511.143891@2]- [TEE], the fw (hevc_mmu) will be loaded.
06-27 12:56:50.136 D/        (    0): [ 2511.143939@2]- hevc mux clock is 666666656 Hz
06-27 12:56:50.136 D/        (    0): [ 2511.143954@2]- hevc back mux clock is 666666656 Hz
06-27 12:56:50.136 D/        (    0): [ 2511.143960@2]- hevc video changed to 3840 x 2160 60 fps clk->667MHZ
06-27 12:56:50.136 D/        (    0): [ 2511.144004@2]- vfm map vdec-map-0 created
06-27 12:56:50.136 I/[ 2511.144022@2]- dim(    0): ch[1]:di_receiver_event_fun,8:_REG
06-27 12:56:50.136 I/[ 2511.144027@2]- dim(    0): reg:vdec.h265.00[93]
06-27 12:56:50.136 I/[ 2511.144584@0]- dim(    0): reg:use[0]ms
06-27 12:56:50.136 E/[ 2511.144608@0]- reg(    0): v4lvideo
06-27 12:56:50.136 I/[ 2511.144617@0]- dim(    0): ch[1]:di_receiver_event_fun,3:_START
06-27 12:56:50.136 D/        (    0): [ 2511.144624@0]- vdec_init, vf_provider_name = vdec.h265.00, b 0
06-27 12:56:50.137 I/        (    0): [ 2511.144640@0]- vdec->port_flag=0x182, port_flag=0x18b
06-27 12:56:50.137 D/[ 2511.147525@0]- v4lvid(    0): dbg: v4lvideo open
06-27 12:56:50.142 D/        (    0): [ 2511.163156@3]- [0]vh265 cached=4096  need_size=6144 speed= 36 ms
06-27 12:56:50.142 D/        (    0): [ 2511.163885@3]- [0]hevc->performance_profile 0
06-27 12:56:50.142 D/        (    0): [ 2511.163898@3]- [0]set pic_list_init_flag 1
06-27 12:56:50.142 W/[ 2511.163952@3]s RTW(    0): fill_default_txdesc(wlan0): SP Packet(0x0806) rate=0x4 SeqNum = 3524
06-27 12:56:50.143 D/        (    0): [ 2511.165112@1]- [0]init_buf_spec2 1920 1080
