01-01 05:30:22.017 W/vold    (  242): Failed to LOOP_GET_STATUS64 /dev/block/loop2: No such device or address
01-01 05:30:22.017 W/vold    (  242): Failed to LOOP_GET_STATUS64 /dev/block/loop0: No such device or address
01-01 05:30:22.017 W/vold    (  242): Failed to LOOP_GET_STATUS64 /dev/block/loop15: No such device or address
01-01 05:30:22.017 W/vold    (  242): Failed to LOOP_GET_STATUS64 /dev/block/loop1: No such device or address
01-01 05:30:22.020 W/        (    0): [   21.876064@0]  EXT4-fs (mmcblk0p3): Ignoring removed nomblk_io_submit option
01-01 05:30:22.022 D/vold    (  242): VoldNativeService::start() completed OK
01-01 05:30:22.027 I/        (    0): [   21.883615@3]  EXT4-fs (mmcblk0p3): recovery complete
01-01 05:30:22.027 I/        (    0): [   21.884263@3]  EXT4-fs (mmcblk0p3): mounted filesystem with ordered data mode. Opts: errors=remount-ro,nomblk_io_submit
01-01 05:30:22.064 I/[   21.920255@3]  e2fsck(    0): e2fsck 1.45.4 (23-Sep-2019)
01-01 05:30:22.072 I/[   21.929016@3]  e2fsck(    0): Pass 1: Checking inodes, blocks, and sizes
01-01 05:30:22.076 I/[   21.933739@0]  e2fsck(    0): Pass 2: Checking directory structure
01-01 05:30:22.080 I/[   21.935747@1]  e2fsck(    0): Pass 3: Checking directory connectivity
01-01 05:30:22.080 I/[   21.936337@1]  e2fsck(    0): Pass 4: Checking reference counts
01-01 05:30:22.084 I/[   21.943148@1]  e2fsck(    0): Pass 5: Checking group summary information
01-01 05:30:22.104 I/[   21.961672@3]  e2fsck(    0): /dev/block/by-name/cache: 27/98304 files (0.0% non-contiguous), 14555/393216 blocks
01-01 05:30:22.108 W/        (    0): [   21.964758@1]  EXT4-fs (mmcblk0p3): Ignoring removed nomblk_io_submit option
01-01 05:30:22.108 I/        (    0): [   21.966906@1]  EXT4-fs (mmcblk0p3): mounted filesystem with ordered data mode. Opts: nodelalloc,nomblk_io_submit,errors=panic
01-01 05:30:22.124 I/[   21.982855@3]  tune2fs(    0): tune2fs 1.45.4 (23-Sep-2019)
01-01 05:30:22.127 I/[   21.985444@1]  tune2fs(    0): Warning: The journal is dirty. You may wish to replay the journal like:
01-01 05:30:22.127 I/[   21.985461@1]  tune2fs(    0):  
01-01 05:30:22.200 W/        (    0): [   22.058695@1]  EXT4-fs (mmcblk0p15): Ignoring removed nomblk_io_submit option
01-01 05:30:22.203 I/        (    0): [   22.060518@0]  EXT4-fs (mmcblk0p15): mounted filesystem with ordered data mode. Opts: nodelalloc,nomblk_io_submit,errors=panic
01-01 05:30:22.256 W/        (    0): [   22.111387@1]  EXT4-fs (mmcblk0p9): Ignoring removed nomblk_io_submit option
01-01 05:30:22.256 I/        (    0): [   22.113277@1]  EXT4-fs (mmcblk0p9): mounted filesystem with ordered data mode. Opts: nodelalloc,nomblk_io_submit,errors=panic
01-01 05:30:22.264 W/        (    0): [   22.120040@1]  FAT-fs (mmcblk0p6): Volume was not properly unmounted. Some data may be corrupt. Please run fsck.
--------- beginning of crash
01-01 05:30:22.327 F/libc    (  243): Fatal signal 6 (SIGABRT), code -1 (SI_QUEUE) in tid 243 (surfaceflinger), pid 243 (surfaceflinger)
01-01 05:30:22.356 I/        (    0): [   22.211411@2]  [bluebank] [usb_dec_thread] usb2_status=1, usb3_status=1
01-01 05:30:22.359 F/DEBUG   (  272): *** *** *** *** *** *** *** *** *** *** *** *** *** *** *** ***
01-01 05:30:22.359 F/DEBUG   (  272): Build fingerprint: 'Jio/4KOTTSTB/MSTB:11/23.1.11/84:userdebug/release-keys'
01-01 05:30:22.359 F/DEBUG   (  272): Revision: '0'
01-01 05:30:22.359 F/DEBUG   (  272): ABI: 'arm'
01-01 05:30:22.360 E/[   22.218479@1]  DEBUG(    0): *** *** *** *** *** *** *** *** *** *** *** *** *** *** *** ***
01-01 05:30:22.360 E/[   22.218665@1]  DEBUG(    0): Build fingerprint: 'Jio/4KOTTSTB/MSTB:11/23.1.11/84:userdebug/release-keys'
01-01 05:30:22.360 E/[   22.218736@1]  DEBUG(    0): Revision: '0'
01-01 05:30:22.361 F/DEBUG   (  272): Timestamp: 1970-01-01 05:30:22+0530
01-01 05:30:22.361 F/DEBUG   (  272): pid: 243, tid: 243, name: surfaceflinger  >>> /system/bin/surfaceflinger <<<
01-01 05:30:22.361 F/DEBUG   (  272): uid: 1000
01-01 05:30:22.361 F/DEBUG   (  272): signal 6 (SIGABRT), code -1 (SI_QUEUE), fault addr --------
01-01 05:30:22.362 F/DEBUG   (  272): Abort message: 'eglQueryStringImplementationANDROID(EGL_VERSION) failed'
01-01 05:30:22.362 F/DEBUG   (  272):     r0  00000000  r1  000000f3  r2  00000006  r3  ffe815f0
01-01 05:30:22.362 F/DEBUG   (  272):     r4  ffe81604  r5  ffe815e8  r6  000000f3  r7  0000016b
01-01 05:30:22.362 F/DEBUG   (  272):     r8  ffe815f0  r9  ffe81600  r10 ffe81620  r11 ffe81610
01-01 05:30:22.362 F/DEBUG   (  272):     ip  000000f3  sp  ffe815c0  lr  f05b2acd  pc  f05b2ae0
01-01 05:30:22.364 E/[   22.218840@1]  DEBUG(    0): ABI: 'arm'
01-01 05:30:22.364 E/[   22.220859@1]  DEBUG(    0): Timestamp: 1970-01-01 05:30:22+0530
01-01 05:30:22.364 E/[   22.220952@1]  DEBUG(    0): pid: 243, tid: 243, name: surfaceflinger  >>> /system/bin/surfaceflinger <<<
01-01 05:30:22.364 E/[   22.221011@1]  DEBUG(    0): uid: 1000
01-01 05:30:22.364 E/[   22.221132@1]  DEBUG(    0): signal 6 (SIGABRT), code -1 (SI_QUEUE), fault addr --------
01-01 05:30:22.364 E/[   22.221228@1]  DEBUG(    0): Abort message: 'eglQueryStringImplementationANDROID(EGL_VERSION) failed'
01-01 05:30:22.364 E/[   22.221305@1]  DEBUG(    0): r0  00000000  r1  000000f3  r2  00000006  r3  ffe815f0
01-01 05:30:22.364 E/[   22.221372@1]  DEBUG(    0): r4  ffe81604  r5  ffe815e8  r6  000000f3  r7  0000016b
01-01 05:30:22.364 E/[   22.221436@1]  DEBUG(    0): r8  ffe815f0  r9  ffe81600  r10 ffe81620  r11 ffe81610
01-01 05:30:22.398 F/DEBUG   (  272): backtrace:
01-01 05:30:22.398 F/DEBUG   (  272):       #00 pc 00062ae0  /apex/com.android.runtime/lib/bionic/libc.so (abort+172) (BuildId: c6b066b54a542edef44120c7cdd096e8)
01-01 05:30:22.398 F/DEBUG   (  272):       #01 pc 00004bdb  /system/lib/liblog.so (__android_log_default_aborter+6) (BuildId: 7474f5ee9967658c54ca5b1d896d06db)
01-01 05:30:22.398 F/DEBUG   (  272):       #02 pc 000052eb  /system/lib/liblog.so (__android_log_assert+174) (BuildId: 7474f5ee9967658c54ca5b1d896d06db)
01-01 05:30:22.399 F/DEBUG   (  272):       #03 pc 00111329  /system/lib/libsurfaceflinger.so (android::renderengine::gl::GLESRenderEngine::create(android::renderengine::RenderEngineCreationArgs const&)+3492) (BuildId: bf502614d04a96df8df8eab7d31f03ca)
01-01 05:30:22.399 F/DEBUG   (  272):       #04 pc 0011047f  /system/lib/libsurfaceflinger.so (android::renderengine::RenderEngine::create(android::renderengine::RenderEngineCreationArgs const&)+130) (BuildId: bf502614d04a96df8df8eab7d31f03ca)
01-01 05:30:22.399 F/DEBUG   (  272):       #05 pc 000b27e1  /system/lib/libsurfaceflinger.so (android::SurfaceFlinger::init()+128) (BuildId: bf502614d04a96df8df8eab7d31f03ca)
01-01 05:30:22.399 F/DEBUG   (  272):       #06 pc 000021d9  /system/bin/surfaceflinger (main+260) (BuildId: 0599dd3eb971428177fd45fd83649b43)
01-01 05:30:22.399 F/DEBUG   (  272):       #07 pc 0005d3b9  /apex/com.android.runtime/lib/bionic/libc.so (__libc_init+68) (BuildId: c6b066b54a542edef44120c7cdd096e8)
01-01 05:30:22.402 E/[   22.221561@1]  DEBUG(    0): ip  000000f3  sp  ffe815c0  lr  f05b2acd  pc  f05b2ae0
01-01 05:30:22.402 E/[   22.257739@1]  DEBUG(    0):  
01-01 05:30:22.402 E/[   22.257750@1]  DEBUG(    0): backtrace:
01-01 05:30:22.402 E/[   22.257877@1]  DEBUG(    0): #00 pc 00062ae0  /apex/com.android.runtime/lib/bionic/libc.so (abort+172) (BuildId: c6b066b54a542edef44120c7cdd096e8)
01-01 05:30:22.402 E/[   22.257974@1]  DEBUG(    0): #01 pc 00004bdb  /system/lib/liblog.so (__android_log_default_aborter+6) (BuildId: 7474f5ee9967658c54ca5b1d896d06db)
01-01 05:30:22.402 E/[   22.258062@1]  DEBUG(    0): #02 pc 000052eb  /system/lib/liblog.so (__android_log_assert+174) (BuildId: 7474f5ee9967658c54ca5b1d896d06db)
01-01 05:30:22.402 E/[   22.258302@1]  DEBUG(    0): #03 pc 00111329  /system/lib/libsurfaceflinger.so (android::renderengine::gl::GLESRenderEngine::create(android::renderengine::RenderEngineCreationArgs const&)+3492) (BuildId: bf502614d04a96df8df8eab7d31f03ca)
01-01 05:30:22.402 E/[   22.258533@1]  DEBUG(    0): #04 pc 0011047f  /system/lib/libsurfaceflinger.so (android::renderengine::RenderEngine::create(android::renderengine::RenderEngineCreationArgs const&)+130) (BuildId: bf502614d04a96df8df8eab7d31f03ca)
01-01 05:30:22.402 E/[   22.258699@1]  DEBUG(    0): #05 pc 000b27e1  /system/lib/libsurfaceflinger.so (android::SurfaceFlinger::init()+128) (BuildId: bf502614d04a96df8df8eab7d31f03ca)
01-01 05:30:22.402 E/[   22.258840@1]  DEBUG(    0): #06 pc 000021d9  /system/bin/surfaceflinger (main+260) (BuildId: 0599dd3eb971428177fd45fd83649b43)
01-01 05:30:22.440 E/[   22.258968@0]  DEBUG(    0): #07 pc 0005d3b9  /apex/com.android.runtime/lib/bionic/libc.so (__libc_init+68) (BuildId: c6b066b54a542edef44120c7cdd096e8)
01-01 05:30:22.440 I/[   22.297947@0]  wait_for_keymaster(    0): Waiting for Keymaster device
01-01 05:30:22.448 I/[   22.303717@0]  HidlServiceManagement(    0): getService: Trying again for android.hardware.keymaster@4.0::IKeymasterDevice/default...
01-01 05:30:22.475 D/[   22.332718@1]  logd(    0): logdr: UID=1000 GID=1003 PID=272 n tail=50 logMask=8 pid=243 start=0ns timeout=0ns
01-01 05:30:22.475 D/[   22.333611@1]  logd(    0): logdr: UID=1000 GID=1003 PID=272 n tail=50 logMask=1 pid=243 start=0ns timeout=0ns
01-01 05:30:22.500 D/[   22.357960@3]  logd(    0): logdr: UID=1000 GID=1003 PID=272 n tail=0 logMask=8 pid=243 start=0ns timeout=0ns
01-01 05:30:22.500 D/[   22.358568@3]  logd(    0): logdr: UID=1000 GID=1003 PID=272 n tail=0 logMask=1 pid=243 start=0ns timeout=0ns
01-01 05:30:22.552 I/[   22.408719@0]  wait_for_keymaster(    0): List of Keymaster HALs found:
01-01 05:30:22.552 I/[   22.409042@0]  wait_for_keymaster(    0): Keymaster HAL #1: AmlogicKeymaster from Google SecurityLevel: TRUSTED_ENVIRONMENT HAL: android.hardware.keymaster@4.1::IKeymasterDevice/default
01-01 05:30:22.552 D/[   22.410267@1]  wait_for_keymaster(    0): Computing HMAC with params { (seed: , nonce: 8836df8ba148364b3c38535a2d7a3d5b337dc486f78f9a49514cd84f99d3) }
01-01 05:30:22.552 D/[   22.410365@1]  wait_for_keymaster(    0): Computing HMAC for AmlogicKeymaster from Google SecurityLevel: TRUSTED_ENVIRONMENT HAL: android.hardware.keymaster@4.1::IKeymasterDevice/default
01-01 05:30:22.552 I/[   22.411439@3]  wait_for_keymaster(    0): Using AmlogicKeymaster from Google for encryption.  Security level: TRUSTED_ENVIRONMENT, HAL: android.hardware.keymaster@4.1::IKeymasterDevice/default
01-01 05:30:22.552 I/[   22.411516@3]  wait_for_keymaster(    0): Keymaster device ready
01-01 05:30:22.574 I/Checkpoint(  242): Validating checkpoint on /dev/block/userdata
01-01 05:30:22.575 E/Checkpoint(  242): No magic
01-01 05:30:22.575 D/[   22.433341@0]  vdc(    0): Waited 0ms for vold
01-01 05:30:22.576 E/[   22.435097@3]  vdc(    0): Command: checkpoint restoreCheckpoint /dev/block/userdata Failed: Status(-8, EX_SERVICE_SPECIFIC): '22: No magic'
01-01 05:30:22.595 D/[   22.452238@3]  vdc(    0): Waited 0ms for vold
01-01 05:30:22.615 D/vold    (  242): fscrypt_mount_metadata_encrypted: /data 0
01-01 05:30:22.616 D/vold    (  242): metadata_key_dir/key: /metadata/vold/metadata_encryption/key
01-01 05:30:22.616 D/[   22.474540@1]  vdc(    0): Waited 0ms for vold
01-01 05:30:22.619 I/vold    (  242): List of Keymaster HALs found:
01-01 05:30:22.619 I/vold    (  242): Keymaster HAL #1: AmlogicKeymaster from Google SecurityLevel: TRUSTED_ENVIRONMENT HAL: android.hardware.keymaster@4.1::IKeymasterDevice/default
01-01 05:30:22.620 D/vold    (  242): Computing HMAC with params { (seed: , nonce: 8836df8ba148364b3c38535a2d7a3d5b337dc486f78f9a49514cd84f99d3) }
01-01 05:30:22.620 D/vold    (  242): Computing HMAC for AmlogicKeymaster from Google SecurityLevel: TRUSTED_ENVIRONMENT HAL: android.hardware.keymaster@4.1::IKeymasterDevice/default
01-01 05:30:22.621 I/vold    (  242): Using AmlogicKeymaster from Google for encryption.  Security level: TRUSTED_ENVIRONMENT, HAL: android.hardware.keymaster@4.1::IKeymasterDevice/default
01-01 05:30:22.622 D/vold    (  242): Key exists, using: /metadata/vold/metadata_encryption/key
01-01 05:30:22.626 I/vold    (  242): List of Keymaster HALs found:
01-01 05:30:22.626 I/vold    (  242): Keymaster HAL #1: AmlogicKeymaster from Google SecurityLevel: TRUSTED_ENVIRONMENT HAL: android.hardware.keymaster@4.1::IKeymasterDevice/default
01-01 05:30:22.627 I/vold    (  242): Using AmlogicKeymaster from Google for encryption.  Security level: TRUSTED_ENVIRONMENT, HAL: android.hardware.keymaster@4.1::IKeymasterDevice/default
01-01 05:30:22.637 D/vold    (  242): Mounting metadata-encrypted filesystem:/data
01-01 05:30:22.640 I/vold    (  242): List of Keymaster HALs found:
01-01 05:30:22.640 I/vold    (  242): Keymaster HAL #1: AmlogicKeymaster from Google SecurityLevel: TRUSTED_ENVIRONMENT HAL: android.hardware.keymaster@4.1::IKeymasterDevice/default
01-01 05:30:22.853 I/vold    (  242): [libfs_mgr]superblock s_max_mnt_count:65535,/dev/block/dm-12
01-01 05:30:22.853 I/vold    (  242): [libfs_mgr]Filesystem on /dev/block/dm-12 was not cleanly shutdown; state flags: 0x1, incompat feature flags: 0x30046
01-01 05:30:22.856 W/        (    0): [   22.713387@0]  EXT4-fs (dm-12): Ignoring removed nomblk_io_submit option
01-01 05:30:22.856 I/        (    0): [   22.713407@0]  EXT4-fs (dm-12): Using encoding defined by superblock: utf8-12.1.0 with flags 0x0
01-01 05:30:22.924 I/        (    0): [   22.781140@0]  EXT4-fs (dm-12): 11 orphan inodes deleted
01-01 05:30:22.924 I/        (    0): [   22.781154@0]  EXT4-fs (dm-12): recovery complete
01-01 05:30:22.936 I/vold    (  242): [libfs_mgr]check_fs(): mount(/dev/block/dm-12,/data,ext4)=0: Success
01-01 05:30:22.939 F/libc    (  291): Fatal signal 6 (SIGABRT), code -1 (SI_QUEUE) in tid 291 (app_process), pid 291 (app_process)
01-01 05:30:22.940 I/        (    0): [   22.795632@1]  EXT4-fs (dm-12): mounted filesystem with ordered data mode. Opts: errors=remount-ro,nomblk_io_submit
01-01 05:30:22.947 I/vold    (  242): [libfs_mgr]check_fs(): unmount(/data) succeeded
01-01 05:30:22.947 I/vold    (  242): [libfs_mgr]Running /system/bin/e2fsck on /dev/block/dm-12
01-01 05:30:22.964 I/[   22.820606@3]  e2fsck(    0): e2fsck 1.45.4 (23-Sep-2019)
01-01 05:30:22.968 F/DEBUG   (  309): *** *** *** *** *** *** *** *** *** *** *** *** *** *** *** ***
01-01 05:30:22.969 F/DEBUG   (  309): Build fingerprint: 'Jio/4KOTTSTB/MSTB:11/23.1.11/84:userdebug/release-keys'
01-01 05:30:22.969 F/DEBUG   (  309): Revision: '0'
01-01 05:30:22.969 F/DEBUG   (  309): ABI: 'arm'
01-01 05:30:22.970 F/DEBUG   (  309): Timestamp: 1970-01-01 05:30:22+0530
01-01 05:30:22.970 F/DEBUG   (  309): pid: 291, tid: 291, name: app_process  >>> /system/bin/app_process <<<
01-01 05:30:22.970 F/DEBUG   (  309): uid: 0
01-01 05:30:22.970 F/DEBUG   (  309): signal 6 (SIGABRT), code -1 (SI_QUEUE), fault addr --------
01-01 05:30:22.970 F/DEBUG   (  309): Abort message: 'Error creating cache dir /data/dalvik-cache/arm : No such file or directory'
01-01 05:30:22.970 F/DEBUG   (  309):     r0  00000000  r1  00000123  r2  00000006  r3  ffea91c8
01-01 05:30:22.970 F/DEBUG   (  309):     r4  ffea91dc  r5  ffea91c0  r6  00000123  r7  0000016b
01-01 05:30:22.970 F/DEBUG   (  309):     r8  ffea91c8  r9  ffea91d8  r10 ffea91f8  r11 ffea91e8
01-01 05:30:22.970 F/DEBUG   (  309):     ip  00000123  sp  ffea9198  lr  ee1b9acd  pc  ee1b9ae0
01-01 05:30:22.972 E/[   22.828079@1]  DEBUG(    0): *** *** *** *** *** *** *** *** *** *** *** *** *** *** *** ***
01-01 05:30:22.972 E/[   22.828300@1]  DEBUG(    0): Build fingerprint: 'Jio/4KOTTSTB/MSTB:11/23.1.11/84:userdebug/release-keys'
01-01 05:30:22.972 E/[   22.828399@1]  DEBUG(    0): Revision: '0'
01-01 05:30:22.972 E/[   22.828522@1]  DEBUG(    0): ABI: 'arm'
01-01 05:30:22.972 E/[   22.829197@1]  DEBUG(    0): Timestamp: 1970-01-01 05:30:22+0530
01-01 05:30:22.972 E/[   22.829275@1]  DEBUG(    0): pid: 291, tid: 291, name: app_process  >>> /system/bin/app_process <<<
01-01 05:30:22.972 E/[   22.829338@1]  DEBUG(    0): uid: 0
01-01 05:30:22.972 E/[   22.829444@1]  DEBUG(    0): signal 6 (SIGABRT), code -1 (SI_QUEUE), fault addr --------
01-01 05:30:22.972 E/[   22.829541@1]  DEBUG(    0): Abort message: 'Error creating cache dir /data/dalvik-cache/arm : No such file or directory'
01-01 05:30:22.972 E/[   22.829622@1]  DEBUG(    0): r0  00000000  r1  00000123  r2  00000006  r3  ffea91c8
01-01 05:30:22.972 E/[   22.829694@1]  DEBUG(    0): r4  ffea91dc  r5  ffea91c0  r6  00000123  r7  0000016b
01-01 05:30:22.972 E/[   22.829763@1]  DEBUG(    0): r8  ffea91c8  r9  ffea91d8  r10 ffea91f8  r11 ffea91e8
01-01 05:30:22.975 F/DEBUG   (  309): backtrace:
01-01 05:30:22.975 F/DEBUG   (  309):       #00 pc 00062ae0  /apex/com.android.runtime/lib/bionic/libc.so (abort+172) (BuildId: c6b066b54a542edef44120c7cdd096e8)
01-01 05:30:22.975 F/DEBUG   (  309):       #01 pc 00004bdb  /system/lib/liblog.so (__android_log_default_aborter+6) (BuildId: 7474f5ee9967658c54ca5b1d896d06db)
01-01 05:30:22.975 F/DEBUG   (  309):       #02 pc 000052eb  /system/lib/liblog.so (__android_log_assert+174) (BuildId: 7474f5ee9967658c54ca5b1d896d06db)
01-01 05:30:22.975 F/DEBUG   (  309):       #03 pc 00002f39  /system/bin/app_process32 (main+1280) (BuildId: 774c0620bf2e434dc68307b6e026fb3a)
01-01 05:30:22.976 F/DEBUG   (  309):       #04 pc 0005d3b9  /apex/com.android.runtime/lib/bionic/libc.so (__libc_init+68) (BuildId: c6b066b54a542edef44120c7cdd096e8)
01-01 05:30:22.976 E/[   22.829872@1]  DEBUG(    0): ip  00000123  sp  ffea9198  lr  ee1b9acd  pc  ee1b9ae0
01-01 05:30:22.976 E/[   22.834414@1]  DEBUG(    0):  
01-01 05:30:22.976 E/[   22.834424@1]  DEBUG(    0): backtrace:
01-01 05:30:22.976 E/[   22.834579@1]  DEBUG(    0): #00 pc 00062ae0  /apex/com.android.runtime/lib/bionic/libc.so (abort+172) (BuildId: c6b066b54a542edef44120c7cdd096e8)
01-01 05:30:22.976 E/[   22.834725@1]  DEBUG(    0): #01 pc 00004bdb  /system/lib/liblog.so (__android_log_default_aborter+6) (BuildId: 7474f5ee9967658c54ca5b1d896d06db)
01-01 05:30:22.976 E/[   22.834854@1]  DEBUG(    0): #02 pc 000052eb  /system/lib/liblog.so (__android_log_assert+174) (BuildId: 7474f5ee9967658c54ca5b1d896d06db)
01-01 05:30:22.976 E/[   22.834980@1]  DEBUG(    0): #03 pc 00002f39  /system/bin/app_process32 (main+1280) (BuildId: 774c0620bf2e434dc68307b6e026fb3a)
01-01 05:30:23.012 E/[   22.835112@3]  DEBUG(    0): #04 pc 0005d3b9  /apex/com.android.runtime/lib/bionic/libc.so (__libc_init+68) (BuildId: c6b066b54a542edef44120c7cdd096e8)
01-01 05:30:23.012 I/[   22.868436@3]  e2fsck(    0): Pass 1: Checking inodes, blocks, and sizes
01-01 05:30:23.096 D/[   22.951392@1]  logd(    0): logdr: UID=0 GID=0 PID=309 n tail=50 logMask=8 pid=291 start=0ns timeout=0ns
01-01 05:30:23.096 D/[   22.952095@2]  logd(    0): logdr: UID=0 GID=0 PID=309 n tail=50 logMask=1 pid=291 start=0ns timeout=0ns
01-01 05:30:23.380 I/        (    0): [   23.235373@2]  [bluebank] [usb_dec_thread] usb2_status=1, usb3_status=1
01-01 05:30:23.384 I/[   23.239996@0]  e2fsck(    0): Pass 2: Checking directory structure
01-01 05:30:23.600 I/[   23.456356@0]  e2fsck(    0): Pass 3: Checking directory connectivity
01-01 05:30:23.608 I/[   23.466582@1]  e2fsck(    0): Pass 4: Checking reference counts
01-01 05:30:23.728 I/[   23.585763@1]  e2fsck(    0): Pass 5: Checking group summary information
01-01 05:30:23.856 I/[   23.713723@1]  e2fsck(    0): /dev/block/dm-12: 10866/1633600 files (17.7% non-contiguous), 1230643/6533116 blocks
01-01 05:30:23.872 I/vold    (  242): [libfs_mgr]superblock s_max_mnt_count:65535,/dev/block/dm-12
01-01 05:30:23.876 I/vold    (  242): [libfs_mgr]__mount(source=/dev/block/dm-12,target=/data,type=ext4)=0: Success
01-01 05:30:23.876 W/        (    0): [   23.731884@2]  EXT4-fs (dm-12): Ignoring removed nomblk_io_submit option
01-01 05:30:23.876 I/        (    0): [   23.731905@2]  EXT4-fs (dm-12): Using encoding defined by superblock: utf8-12.1.0 with flags 0x0
01-01 05:30:23.876 I/        (    0): [   23.734942@0]  EXT4-fs (dm-12): mounted filesystem with ordered data mode. Opts: nodelalloc,nomblk_io_submit,errors=panic
01-01 05:30:23.876 D/vold    (  242): Mounted /data
01-01 05:30:23.877 D/vold    (  242): Disk at 253:12 changed
01-01 05:30:23.952 I/Checkpoint(  242): cp_prepareCheckpoint called
01-01 05:30:23.974 I/vold    (  242): fscrypt_initialize_systemwide_keys
01-01 05:30:23.975 D/vold    (  242): Key exists, using: /data/unencrypted/key
01-01 05:30:23.976 D/[   23.832934@3]  vdc(    0): Waited 0ms for vold
01-01 05:30:23.981 I/vold    (  242): List of Keymaster HALs found:
01-01 05:30:23.982 I/vold    (  242): Keymaster HAL #1: AmlogicKeymaster from Google SecurityLevel: TRUSTED_ENVIRONMENT HAL: android.hardware.keymaster@4.1::IKeymasterDevice/default
01-01 05:30:23.982 I/vold    (  242): Using AmlogicKeymaster from Google for encryption.  Security level: TRUSTED_ENVIRONMENT, HAL: android.hardware.keymaster@4.1::IKeymasterDevice/default
01-01 05:30:23.986 I/wificond(  322): wificond is starting up...
01-01 05:30:23.989 D/vold    (  242): Installed fscrypt key with ref 1fa259c818971e8248022545275d7fb1 to /data
01-01 05:30:23.989 D/vold    (  242): Added fscrypt-provisioning key for 1fa259c818971e8248022545275d7fb1 to session keyring
01-01 05:30:23.997 I/HidlServiceManagement(  322): Registered android.system.wifi.keystore@1.0::IKeystore/default
01-01 05:30:24.004 I/vold    (  242): Wrote system DE key reference to:/data/unencrypted/ref
01-01 05:30:24.005 D/vold    (  242): Installed fscrypt key with ref e582dc948b88a32b613c41110bddebb9 to /data
01-01 05:30:24.005 D/vold    (  242): Added fscrypt-provisioning key for e582dc948b88a32b613c41110bddebb9 to session keyring
01-01 05:30:24.008 I/vold    (  242): Wrote per boot key reference to:/data/unencrypted/per_boot_ref
01-01 05:30:24.017 I/[   23.871512@2]  fscrypt(    0): AES-256-CTS-CBC using implementation "cts-cbc-aes-ce"
01-01 05:30:24.024 I/[   23.880466@2]  fscrypt(    0): AES-256-XTS using implementation "xts-aes-ce"
01-01 05:30:24.049 I/[   23.905512@2]  apexd(    0): This device does not support updatable APEX. Exiting
01-01 05:30:24.049 I/[   23.905603@2]  apexd(    0): Marking APEXd as activated
01-01 05:30:24.084 I/[   23.943179@2]  selinux(    0): SELinux: Skipping restorecon on directory(/cache/ota_package_ab)
01-01 05:30:24.084 I/[   23.943201@2]  selinux(    0):  
01-01 05:30:24.120 E/[   23.977890@3]  init(    0): Control message: Could not find 'android.hardware.audio@6.0::IDevicesFactory/default' for ctl.interface_start from pid: 231 (/system/bin/hwservicemanager)
01-01 05:30:24.124 E/[   23.981512@3]  init(    0): Control message: Could not find 'android.hardware.audio@6.0::IDevicesFactory/default' for ctl.interface_start from pid: 231 (/system/bin/hwservicemanager)
01-01 05:30:24.213 D/vold    (  242): fscrypt_init_user0
01-01 05:30:24.213 D/vold    (  242): Preparing: /data/misc/vold/user_keys
01-01 05:30:24.213 D/vold    (  242): Preparing: /data/misc/vold/user_keys/ce
01-01 05:30:24.215 D/vold    (  242): Preparing: /data/misc/vold/user_keys/de
01-01 05:30:24.216 D/[   24.072117@1]  vdc(    0): Waited 0ms for vold
01-01 05:30:24.216 D/vold    (  242): Skipping non-de-key .
01-01 05:30:24.222 I/vold    (  242): List of Keymaster HALs found:
01-01 05:30:24.222 I/vold    (  242): Keymaster HAL #1: AmlogicKeymaster from Google SecurityLevel: TRUSTED_ENVIRONMENT HAL: android.hardware.keymaster@4.1::IKeymasterDevice/default
01-01 05:30:24.222 I/vold    (  242): Using AmlogicKeymaster from Google for encryption.  Security level: TRUSTED_ENVIRONMENT, HAL: android.hardware.keymaster@4.1::IKeymasterDevice/default
01-01 05:30:24.227 D/vold    (  242): Installed fscrypt key with ref 09c3379609469319497bdf11a3ad642c to /data
01-01 05:30:24.227 D/vold    (  242): Added fscrypt-provisioning key for 09c3379609469319497bdf11a3ad642c to session keyring
01-01 05:30:24.227 D/vold    (  242): Installed de key for user 0
01-01 05:30:24.227 D/vold    (  242): Skipping non-de-key ..
01-01 05:30:24.227 D/vold    (  242): fscrypt_prepare_user_storage for volume null, user 0, serial 0, flags 1
01-01 05:30:24.227 D/vold    (  242): Preparing: /data/system/users/0
01-01 05:30:24.228 D/vold    (  242): Preparing: /data/misc/profiles/cur/0
01-01 05:30:24.228 I/[   24.085295@2]  resman(    0): 2 appname:secmem, type=3
01-01 05:30:24.228 D/vold    (  242): Preparing: /data/system_de/0
01-01 05:30:24.230 D/vold    (  242): Preparing: /data/misc_de/0
01-01 05:30:24.230 D/vold    (  242): Preparing: /data/vendor_de/0
01-01 05:30:24.231 D/vold    (  242): Preparing: /data/user_de/0
01-01 05:30:24.232 I/vold    (  242): Verified that /data/system_de/0 has the encryption policy 09c3379609469319497bdf11a3ad642c v2 modes 1/4 flags 0x2
01-01 05:30:24.232 I/vold    (  242): Verified that /data/misc_de/0 has the encryption policy 09c3379609469319497bdf11a3ad642c v2 modes 1/4 flags 0x2
01-01 05:30:24.232 I/vold    (  242): Verified that /data/vendor_de/0 has the encryption policy 09c3379609469319497bdf11a3ad642c v2 modes 1/4 flags 0x2
01-01 05:30:24.232 I/vold    (  242): Verified that /data/user_de/0 has the encryption policy 09c3379609469319497bdf11a3ad642c v2 modes 1/4 flags 0x2
01-01 05:30:24.232 D/vold    (  242): /system/bin/vold_prepare_subdirs
01-01 05:30:24.232 D/vold    (  242):     prepare
01-01 05:30:24.232 D/vold    (  242):     
01-01 05:30:24.232 D/vold    (  242):     0
01-01 05:30:24.232 D/vold    (  242):     1
01-01 05:30:24.404 I/        (    0): [   24.259362@2]  [bluebank] [usb_dec_thread] usb2_status=1, usb3_status=1
01-01 05:30:25.116 E/[   24.974483@0]  init(    0): Control message: Could not find 'android.hardware.audio@6.0::IDevicesFactory/default' for ctl.interface_start from pid: 231 (/system/bin/hwservicemanager)
01-01 05:30:25.275 D/vold    (  242): Detected support for FS_IOC_ADD_ENCRYPTION_KEY
01-01 05:30:25.304 I/[   25.160971@0]  apexd(    0): This device does not support updatable APEX. Exiting
01-01 05:30:25.304 I/[   25.161039@0]  apexd(    0): Marking APEXd as ready
01-01 05:30:25.308 I/[   25.165016@0]  selinux(    0): SELinux: Skipping restorecon on directory(/data)
01-01 05:30:25.308 I/[   25.165034@0]  selinux(    0):  
01-01 05:30:25.344 I/        (    0): [   25.201182@1]  load module: mali_kbase
01-01 05:30:25.344 I/        (    0): [   25.201448@2]  mali fe400000.bifrost: kbdec-reg_start=0
01-01 05:30:25.344 I/        (    0): [   25.201459@2]  mali fe400000.bifrost: kbdec-reg_size=0
01-01 05:30:25.344 I/        (    0): [   25.201465@2]  mali fe400000.bifrost: Kernel DDK version r43p0-01eac0
01-01 05:30:25.344 I/        (    0): [   25.201470@2]  mali fe400000.bifrost: device1_init_kbdec-reg_start=0
01-01 05:30:25.344 I/        (    0): [   25.201475@2]  mali fe400000.bifrost: device1_init_kbdec-reg_size=0
01-01 05:30:25.344 E/        (    0): [   25.201511@2]  mali fe400000.bifrost: reg_res->start=-29360128
01-01 05:30:25.344 E/        (    0): [   25.201515@2]  mali fe400000.bifrost: resource_size(reg_res)=16384
01-01 05:30:25.344 I/        (    0): [   25.201690@2]  mali fe400000.bifrost: max pp is 2
01-01 05:30:25.344 I/        (    0): [   25.201699@2]  mali fe400000.bifrost: set min pp to default 1
01-01 05:30:25.344 I/        (    0): [   25.201703@2]  mali fe400000.bifrost: min pp is 1
01-01 05:30:25.344 I/        (    0): [   25.201708@2]  mali fe400000.bifrost: set min clk default to 0
01-01 05:30:25.344 I/        (    0): [   25.201713@2]  mali fe400000.bifrost: min clk  is 0
01-01 05:30:25.344 I/        (    0): [   25.201733@2]  mali fe400000.bifrost: hiu io source  0x00000000b0d1c4ec
01-01 05:30:25.344 I/        (    0): [   25.201743@2]  mali fe400000.bifrost: aobus base 0x00000000b1eff135
01-01 05:30:25.344 I/        (    0): [   25.201751@2]  mali fe400000.bifrost: reset bus 0x00000000078593ab
01-01 05:30:25.344 I/        (    0): [   25.201757@2]  mali fe400000.bifrost: clk cntl reg = 0x0
01-01 05:30:25.344 I/        (    0): [   25.201761@2]  mali fe400000.bifrost: num of pp used most of time 1
01-01 05:30:25.344 I/        (    0): [   25.201766@2]  mali fe400000.bifrost: clock dvfs cfg table size is 6
01-01 05:30:25.344 I/        (    0): [   25.201774@2]  mali fe400000.bifrost: no reset_cfg
01-01 05:30:25.344 I/        (    0): [   25.201779@2]  mali fe400000.bifrost: no apb_reset
01-01 05:30:25.344 I/        (    0): [   25.201793@2]  mali fe400000.bifrost: max clk set 4
01-01 05:30:25.344 I/        (    0): [   25.201797@2]  mali fe400000.bifrost: max clk  is 4
01-01 05:30:25.344 I/        (    0): [   25.201802@2]  mali fe400000.bifrost: turbo clk set to 5
01-01 05:30:25.344 I/        (    0): [   25.201806@2]  mali fe400000.bifrost: turbo clk  is 5
01-01 05:30:25.344 I/        (    0): [   25.201811@2]  mali fe400000.bifrost: default clk set to 4
01-01 05:30:25.344 I/        (    0): [   25.201815@2]  mali fe400000.bifrost: default clk  is 4
01-01 05:30:25.344 I/        (    0): [   25.201821@2]  mali fe400000.bifrost: ====================0====================
01-01 05:30:25.344 I/        (    0): [   25.201821@2]  clk_freq= 285714285, clk_parent=fclk_div7, voltage=1150, keep_count=5, threshold=<0 76>, clk_sample=285
01-01 05:30:25.344 I/        (    0): [   25.201827@2]  mali fe400000.bifrost: ====================1====================
01-01 05:30:25.344 I/        (    0): [   25.201827@2]  clk_freq= 400000000, clk_parent=fclk_div5, voltage=1150, keep_count=5, threshold=<80 120>, clk_sample=400
01-01 05:30:25.344 I/        (    0): [   25.201833@2]  mali fe400000.bifrost: ====================2====================
01-01 05:30:25.344 I/        (    0): [   25.201833@2]  clk_freq= 500000000, clk_parent=fclk_div4, voltage=1150, keep_count=5, threshold=<80 120>, clk_sample=500
01-01 05:30:25.344 I/        (    0): [   25.201838@2]  mali fe400000.bifrost: ====================3====================
01-01 05:30:25.344 I/        (    0): [   25.201838@2]  clk_freq= 666666666, clk_parent=fclk_div3, voltage=1150, keep_count=5, threshold=<80 120>, clk_sample=666
01-01 05:30:25.344 I/        (    0): [   25.201844@2]  mali fe400000.bifrost: ====================4====================
01-01 05:30:25.344 I/        (    0): [   25.201844@2]  clk_freq= 846000000, clk_parent=  gp0_pll, voltage=1150, keep_count=5, threshold=<80 255>, clk_sample=846
01-01 05:30:25.344 I/        (    0): [   25.201850@2]  mali fe400000.bifrost: ====================5====================
01-01 05:30:25.344 I/        (    0): [   25.201850@2]  clk_freq= 846000000, clk_parent=  gp0_pll, voltage=1150, keep_count=5, threshold=<80 255>, clk_sample=846
01-01 05:30:25.344 I/        (    0): [   25.201854@2]  mali fe400000.bifrost: clock dvfs table size is 6
01-01 05:30:25.344 I/        (    0): [   25.201863@2]  kernel version >= 5.4
01-01 05:30:25.360 W/        (    0): [   25.215401@1]  gpu cooling register okay with err=0
01-01 05:30:25.360 W/        (    0): [   25.215541@1]  gpu core cooling register okay with err=0
01-01 05:30:25.360 I/        (    0): [   25.215554@1]  mali fe400000.bifrost: kbase_device_runtime_init
01-01 05:30:25.360 I/        (    0): [   25.215564@1]  mali fe400000.bifrost: pm_callback_runtime_on
01-01 05:30:25.360 I/        (    0): [   25.215570@1]  mali fe400000.bifrost: pm_runtime_get_sync ret=0
01-01 05:30:25.360 I/        (    0): [   25.215574@1]  mali fe400000.bifrost: pm_runtime enabled
01-01 05:30:25.360 I/        (    0): [   25.215590@1]  mali fe400000.bifrost: hw_init_kbdec-reg_start=-29360128
01-01 05:30:25.360 I/        (    0): [   25.215595@1]  mali fe400000.bifrost: hw_init_kbdec-reg_size=16384
01-01 05:30:25.360 I/        (    0): [   25.215600@1]  mali fe400000.bifrost: hw_init_kbdec-reg=305463296
01-01 05:30:25.360 I/        (    0): [   25.215605@1]  mali fe400000.bifrost: shader_present=1, tiler_present=1, l2_present=1
01-01 05:30:25.360 E/        (    0): [   25.215758@1]  mali fe400000.bifrost: No OPPs found in device tree! Scaling timeouts using 100000 kHz
01-01 05:30:25.360 I/        (    0): [   25.215770@1]  mali fe400000.bifrost: GPU identified as 0x3 arch 7.0.9 r0p0 status 0
01-01 05:30:25.360 I/        (    0): [   25.215821@1]  mali fe400000.bifrost: No priority control manager is configured
01-01 05:30:25.360 I/        (    0): [   25.216069@1]  mali fe400000.bifrost: No memory group manager is configured
01-01 05:30:25.360 I/        (    0): [   25.217729@1]  mali fe400000.bifrost: device2_init_kbdec-reg_start=-29360128
01-01 05:30:25.360 I/        (    0): [   25.217740@1]  mali fe400000.bifrost: device2_init_kbdec-reg_size=16384
01-01 05:30:25.360 I/        (    0): [   25.217744@1]  mali fe400000.bifrost: Probed as mali0
01-01 05:30:25.412 I/[   25.267876@2]  selinux(    0): SELinux: Skipping restorecon on directory(/data/dalvik-cache/arm)
01-01 05:30:25.412 I/[   25.267896@2]  selinux(    0):  
01-01 05:30:25.412 E/[   25.268167@2]  selinux(    0): SELinux:  Could not stat /data/dalvik-cache/arm64: No such file or directory.
01-01 05:30:25.428 I/        (    0): [   25.283365@2]  [bluebank] [usb_dec_thread] usb2_status=1, usb3_status=1
01-01 05:30:25.452 I/        (    0): [   25.309963@2]  load module: aml_aucpu
01-01 05:30:25.460 W/        (    0): [   25.318307@2]  AUCPU sequence no updated
01-01 05:30:25.464 W/        (    0): [   25.319484@3]  Amlogic Aucpu driver installed
01-01 05:30:25.468 I/        (    0): [   25.326069@0]  load module: dvb_demux
01-01 05:30:25.468 W/        (    0): [   25.326083@0]  aml dvb init
01-01 05:30:25.468 W/        (    0): [   25.326525@0]  probe amlogic dvb driver [V2.1.0].
01-01 05:30:25.468 I/[   25.326537@0]  dvbdev(    0): DVB: registering new adapter (amlogic-dvb)
01-01 05:30:25.468 W/[   25.326560@0]  reg(    0): init_demux_addr base addr = ffffffc012800000
01-01 05:30:25.468 W/[   25.326569@0]  fend(    0): ts0_control: 0x0
01-01 05:30:25.468 W/[   25.326573@0]  fend(    0): ts0:serial-4wire
01-01 05:30:25.468 W/[   25.326672@0]  port(    0): 0, wire_type:1
01-01 05:30:25.468 W/[   25.326678@0]  fend(    0): ts0:pinctrl:0000000043e7ba37 OK.
01-01 05:30:25.468 W/[   25.326685@0]  fend(    0): ts1_control: 0x0
01-01 05:30:25.468 W/[   25.326689@0]  fend(    0): ts1:serial-4wire
01-01 05:30:25.468 W/[   25.326700@0]  port(    0): 1, wire_type:1
01-01 05:30:25.468 W/[   25.326704@0]  fend(    0): ts1:pinctrl:0000000043e7ba37 OK.
01-01 05:30:25.468 W/[   25.326709@0]  fend(    0): read error:ts2_control: 0x0
01-01 05:30:25.468 W/[   25.326716@0]  fend(    0): read error:ts3_control: 0x0
01-01 05:30:25.468 W/[   25.326722@0]  fend(    0): read error:ts4_control: 0x0
01-01 05:30:25.468 W/[   25.326728@0]  fend(    0): read error:ts5_control: 0x0
01-01 05:30:25.468 W/[   25.326734@0]  fend(    0): read error:ts6_control: 0x0
01-01 05:30:25.468 W/[   25.326740@0]  fend(    0): read error:ts7_control: 0x0
01-01 05:30:25.468 W/[   25.326745@0]  fend(    0): no tsinb setting
01-01 05:30:25.468 W/[   25.326771@0]  TC6930(    0): "tc6930_attach demod driver, tc6930_num = 0"
01-01 05:30:25.468 W/[   25.326776@0]  TC6930(    0): "tc6930_attach demod driver, fe->id = 0"
01-01 05:30:25.468 E/[   25.326779@0]  Demod(    0): attach demod0 [id 29] done.
01-01 05:30:25.468 W/[   25.326786@0]  TC6930(    0): "tc6930_attach demod driver, tc6930_num = 1"
01-01 05:30:25.468 W/[   25.326789@0]  TC6930(    0): "tc6930_attach demod driver, fe->id = 1"
01-01 05:30:25.468 E/[   25.326792@0]  Demod(    0): attach demod1 [id 29] done.
01-01 05:30:25.468 I/        (    0): [   25.326804@0]  amlogic-dvb-demux fe000000.dvb-demux: DVB: registering adapter 0 frontend 0 (TC6930 DVB-C)...
01-01 05:30:25.468 I/        (    0): [   25.327086@0]  amlogic-dvb-demux fe000000.dvb-demux: DVB: registering adapter 0 frontend 1 (TC6930 DVB-C)...
01-01 05:30:25.468 W/[   25.327230@0]  dmxdev_num(    0): 0x6
01-01 05:30:25.468 W/[   25.327236@0]  tsn_from(    0): demod
01-01 05:30:25.468 W/[   25.327239@0]  dvb(    0): tsn_in:1, tsn_out:0
01-01 05:30:25.468 W/[   25.327266@0]  ts_output(    0): ts_output_init sid:0,pid start:0, len:128
01-01 05:30:25.468 W/[   25.327270@0]  ts_output(    0): ts_output_init sid:1,pid start:128, len:128
01-01 05:30:25.468 W/[   25.327274@0]  ts_output(    0): ts_output_init sid:2,pid start:256, len:128
01-01 05:30:25.468 W/[   25.327278@0]  ts_output(    0): ts_output_init sid:3,pid start:384, len:128
01-01 05:30:25.468 W/[   25.327282@0]  ts_output(    0): ts_output_init sid:4,pid start:512, len:128
01-01 05:30:25.468 W/[   25.327285@0]  ts_output(    0): ts_output_init sid:5,pid start:640, len:128
01-01 05:30:25.468 W/[   25.327290@0]  ts_output(    0): ts_output_init sid:32,pid start:768, len:128
01-01 05:30:25.468 W/[   25.327293@0]  ts_output(    0): ts_output_init sid:33,pid start:896, len:128
01-01 05:30:25.472 W/[   25.330657@0]  key(    0): dmx_key_init success
01-01 05:30:25.472 W/        (    0): [   25.330742@0]  aml_dvb_probe sysfs_create_tc6930_node  =fe000000.dvb-demux
01-01 05:30:25.472 W/        (    0): [   25.330778@0]  tc6930 sysfs_create_tc6930_node = fe000000.dvb-demux
01-01 05:30:25.472 W/        (    0): [   25.330795@0]  probe dvb done, ret:-1, is_security_dmx:0
01-01 05:30:25.472 W/        (    0): [   25.331371@3]  aucpu trace orig 0x0 now 0xdeadface
01-01 05:30:25.472 W/        (    0): [   25.331380@3]  --stage value 57005 line 64206
01-01 05:30:25.472 W/        (    0): [   25.331387@3]  aucpu trace error orig 0x0 now 0xdeadface
01-01 05:30:25.472 W/        (    0): [   25.331391@3]  --Err value 57005 line 64206
01-01 05:30:25.476 I/        (    0): [   25.335165@0]  load module: ci
01-01 05:30:25.476 W/        (    0): [   25.335179@0]  Amlogic CI mode init
01-01 05:30:25.480 W/[   25.337543@0]  init(    0): Top-level directory needs encryption action, eg mkdir /data/media <mode> <uid> <gid> encryption=Require
01-01 05:30:25.480 I/[   25.337578@0]  init(    0): Not setting encryption policy on: /data/media
01-01 05:30:25.572 I/[   25.427698@1]  update_verifier(    0): Started with arg 1: nonencrypted
01-01 05:30:25.576 I/[   25.431674@1]  update_verifier(    0): Booting slot 1: isSlotMarkedSuccessful=1
01-01 05:30:25.576 I/[   25.431753@1]  update_verifier(    0): Leaving update_verifier.
01-01 05:30:25.616 I/        (    0): [   25.474284@1]  file system registered
01-01 05:30:25.619 W/        (    0): [   25.477767@1]  using random self ethernet address
01-01 05:30:25.619 W/        (    0): [   25.477779@1]  using random host ethernet address
01-01 05:30:25.627 I/        (    0): [   25.482843@1]  assign_ffs_buffer FFS_BUFFER_MAX=256!!!
01-01 05:30:25.632 I/        (    0): [   25.488537@1]  assign_ffs_buffer FFS_BUFFER_MAX=256!!!
01-01 05:30:25.636 I/        (    0): [   25.492382@1]  assign_ffs_buffer FFS_BUFFER_MAX=256!!!
01-01 05:30:25.648 I/        (    0): [   25.505799@1]  load module: amvdec_mh264
01-01 05:30:25.660 I/        (    0): [   25.517980@0]  load module: amvdec_mh264_v4l
01-01 05:30:25.664 I/        (    0): [   25.522225@1]  load module: amvdec_h264mvc
01-01 05:30:25.672 I/        (    0): [   25.529609@1]  load module: amvdec_h265
01-01 05:30:25.684 I/        (    0): [   25.539643@1]  load module: amvdec_h265_v4l
01-01 05:30:25.684 I/        (    0): [   25.543596@1]  load module: amvdec_mmjpeg
01-01 05:30:25.692 I/        (    0): [   25.548723@1]  load module: amvdec_mmjpeg_v4l
01-01 05:30:25.705 I/        (    0): [   25.560293@1]  load module: amvdec_mmpeg12
01-01 05:30:25.716 I/        (    0): [   25.574932@3]  load module: amvdec_mmpeg12_v4l
01-01 05:30:25.725 I/        (    0): [   25.578259@3]  load module: amvdec_mmpeg4
01-01 05:30:25.725 I/        (    0): [   25.581748@3]  load module: amvdec_mmpeg4_v4l
01-01 05:30:25.736 I/        (    0): [   25.592466@3]  load module: amvdec_vc1
01-01 05:30:25.736 W/[   25.592483@3]  0(    0): amvdec_vc1 module init
01-01 05:30:25.744 I/        (    0): [   25.599378@3]  load module: amvdec_vp9
01-01 05:30:25.752 I/        (    0): [   25.607898@3]  load module: amvdec_vp9_v4l
01-01 05:30:25.764 I/        (    0): [   25.620799@3]  load module: amvdec_avs2
01-01 05:30:25.772 I/        (    0): [   25.627689@3]  load module: amvdec_avs2_v4l
01-01 05:30:25.776 I/        (    0): [   25.632270@3]  load module: encoder
01-01 05:30:25.776 W/        (    0): [   25.632544@3]  amvenc_avc_probe -- reserved memory config fail.
01-01 05:30:25.776 W/        (    0): [   25.632554@3]  amvenc_avc - cma memory pool size: 60 MB
01-01 05:30:25.776 W/[   25.632681@3]  hcodec_clk_a(    0): 666 MHz
01-01 05:30:25.776 W/        (    0): [   25.632707@3]  encode_wq_init.
01-01 05:30:25.776 W/        (    0): [   25.632723@3]  encode start monitor.
01-01 05:30:25.776 W/        (    0): [   25.633030@3]  encode workqueue monitor start.
01-01 05:30:25.780 I/        (    0): [   25.637273@3]  load module: vpu
01-01 05:30:25.780 W/        (    0): [   25.637288@3]  vpu_init
01-01 05:30:25.780 W/        (    0): [   25.637552@3]  vpu_probe, clock_a: 0, clock_b: 0, clock_c: 0
01-01 05:30:25.780 W/        (    0): [   25.637562@3]  HevcEnc reserved memory config fail.
01-01 05:30:25.780 W/        (    0): [   25.637567@3]  HevcEnc - cma memory pool size: 64 MB
01-01 05:30:25.780 W/        (    0): [   25.637586@3]  HevcEnc - wave420l_irq: 56
01-01 05:30:25.780 W/[   25.637875@3]  wave_clk_a(    0): 666 MHz
01-01 05:30:25.780 W/[   25.637880@3]  wave_clk_b(    0): 399 MHz
01-01 05:30:25.780 W/[   25.637883@3]  wave_clk_c(    0): 399 MHz
01-01 05:30:25.780 W/        (    0): [   25.637917@3]  vpu base address get from platform driver
01-01 05:30:25.780 W/        (    0): [   25.637921@3]  physical base addr=0xfe310000, virtual base=0xffffffc012f28000
01-01 05:30:25.780 W/        (    0): [   25.638319@3]  SUCCESS alloc_chrdev_region
01-01 05:30:25.780 W/        (    0): [   25.638330@3]  success to probe vpu device with video memory from cma
01-01 05:30:25.797 I/        (    0): [   25.653456@3]  load module: amvdec_ports
01-01 05:30:25.797 I/        (    0): [   25.654902@2]  aml-vcodec-dec vcodec_dec: v4ldec registered as /dev/video26
01-01 05:30:25.800 W/[   25.658909@2]  amlogic_fbc_lib(    0): disagrees about version of symbol module_layout
01-01 05:30:25.800 W/[   25.659553@2]  amlogic_fbc_lib(    0): disagrees about version of symbol register_amlogic_afbc_dec_fun
01-01 05:30:25.805 I/        (    0): [   25.659998@2]  load module: amlogic_fbc_lib
01-01 05:30:25.805 W/        (    0): [   25.660010@2]  register_amlogic_afbc_dec_fun
01-01 05:30:25.805 E/        (    0): [   25.660014@2]  register_amlogic_afbc_dec_fun
01-01 05:30:25.808 I/        (    0): [   25.664613@2]  load module: amvdec_mavs
01-01 05:30:25.812 I/        (    0): [   25.668743@2]  load module: amvdec_mavs_v4l
01-01 05:30:25.820 I/        (    0): [   25.677541@3]  load module: amvdec_av1
01-01 05:30:25.828 I/        (    0): [   25.686386@3]  load module: amvdec_av1_v4l
01-01 05:30:25.832 I/        (    0): [   25.689263@3]  load module: media_sync
01-01 05:30:25.836 I/        (    0): [   25.693700@3]  load module: amvenc_multi
01-01 05:30:25.836 W/        (    0): [   25.693714@3]  vpu_init
01-01 05:30:25.836 E/        (    0): [   25.693718@3]  The chip is not support multi encoder!!
01-01 05:30:25.876 I/        (    0): [   25.734737@0]  load module: jpegenc
01-01 05:30:25.876 W/        (    0): [   25.735019@0]  set mem spec to JPEGENC_BUFFER_LEVEL_8M
01-01 05:30:25.876 E/        (    0): [   25.735033@0]  jpegenc jpegenc: IRQ dos_mbox_slow_irq2 not found
01-01 05:30:25.876 E/[   25.735037@0]  [jpegenc_probe(    0): 4456] get irq dos_mbox_slow_irq2, res_irq=-6
01-01 05:30:25.876 W/        (    0): [   25.735041@0]  [jpegenc_probe] get irq error!
01-01 05:30:25.876 W/[   25.735053@0]  jpegenc(    0): probe of jpegenc failed with error -22
01-01 05:30:25.884 I/        (    0): [   25.737473@0]  load module: video_framerate_adapter
01-01 05:30:25.884 I/        (    0): [   25.737855@0]  Registered frame rate driver success.
01-01 05:30:26.044 I/[   25.902440@3]  gxbb_pm(    0): early_suspend_state=0
01-01 05:30:26.200 W/[   26.059013@3]  healthd(    0): No battery devices found
01-01 05:30:26.252 W/[   26.108978@3]  healthd(    0): battery none chg=
01-01 05:30:26.324 E/[   26.179712@3]  map_store(    0): rm default
01-01 05:30:26.332 I/android.hardware.wifi@1.0-service.droidlogic(  416): Wifi Hal is booting up...
01-01 05:30:26.343 E/[   26.180501@3]  map_store(    0): add default decoder ppmgr deinterlace amvideo
01-01 05:30:26.343 I/[   26.193442@3]  dim(    0): load 0xa00 pq table len 115 later.
01-01 05:30:26.347 I/HidlServiceManagement(  416): Registered android.hardware.wifi@1.4::IWifi/default
01-01 05:30:26.357 I/[   26.214223@3]  hdmitx(    0): RX tmds clk: 150   Calc clk: 27
01-01 05:30:26.357 I/[   26.214241@3]  hdmitx(    0): RX tmds clk: 150   Calc clk: 27
01-01 05:30:26.357 I/[   26.214250@3]  hdmitx(    0): RX tmds clk: 150   Calc clk: 74
01-01 05:30:26.357 I/[   26.214258@3]  hdmitx(    0): RX tmds clk: 150   Calc clk: 74
01-01 05:30:26.357 I/[   26.214266@3]  hdmitx(    0): RX tmds clk: 150   Calc clk: 148
01-01 05:30:26.357 I/[   26.214275@3]  hdmitx(    0): RX tmds clk: 150   Calc clk: 74
01-01 05:30:26.357 I/[   26.214283@3]  hdmitx(    0): RX tmds clk: 150   Calc clk: 74
01-01 05:30:26.357 I/[   26.214292@3]  hdmitx(    0): RX tmds clk: 150   Calc clk: 148
01-01 05:30:26.357 I/[   26.214324@3]  hdmitx(    0): RX tmds clk: 150   Calc clk: 25
01-01 05:30:26.357 I/[   26.214342@3]  hdmitx(    0): RX tmds clk: 150   Calc clk: 40
01-01 05:30:26.357 I/[   26.214364@3]  hdmitx(    0): RX tmds clk: 150   Calc clk: 65
01-01 05:30:26.357 I/[   26.214384@3]  hdmitx(    0): RX tmds clk: 150   Calc clk: 71
01-01 05:30:26.357 I/[   26.214400@3]  hdmitx(    0): RX tmds clk: 150   Calc clk: 108
01-01 05:30:26.357 I/[   26.214420@3]  hdmitx(    0): RX tmds clk: 150   Calc clk: 121
01-01 05:30:26.357 I/[   26.214433@3]  hdmitx(    0): RX tmds clk: 150   Calc clk: 106
01-01 05:30:26.357 I/[   26.214450@3]  hdmitx(    0): RX tmds clk: 150   Calc clk: 108
01-01 05:30:26.357 I/[   26.214468@3]  hdmitx(    0): RX tmds clk: 150   Calc clk: 146
01-01 05:30:26.395 I/gsid    (  463): no DSU: No such file or directory
01-01 05:30:26.420 W/        (    0): [   26.275554@3]  start write qrcode
01-01 05:30:26.436 W/        (    0): [   26.279181@2]  write qrcode over
01-01 05:30:26.436 I/[   26.292568@2]  unifykey(    0): already inited!
01-01 05:30:26.452 I/        (    0): [   26.307402@3]  [bluebank] [usb_dec_thread] usb2_status=1, usb3_status=1
01-01 05:30:26.452 I/[   26.309243@2]  unifykey(    0): unlocked
01-01 05:30:26.468 I/[   26.324992@3]  unifykey(    0): name_store() 936, name qrcode, 6
01-01 05:30:26.468 I/[   26.325005@3]  unifykey(    0): name_store() 946
01-01 05:30:26.468 E/[   26.325094@3]  unifykey(    0): write_store()  is a string
01-01 05:30:26.468 I/        (    0): [   26.325504@3]  new stamp 411, checksum 0x2586076a9f, magic 9
01-01 05:30:26.468 I/        (    0): [   26.327036@2]  cnt 256
01-01 05:30:26.472 I/        (    0): [   26.328980@2]  cnt 0
01-01 05:30:26.472 I/[   26.331009@2]  emmc_write_one_key(    0): 122, write ok
01-01 05:30:26.472 I/        (    0): [   26.331164@2]  new stamp 411, checksum 0x2586076a9f, magic 9
01-01 05:30:26.492 I/        (    0): [   26.347793@2]  cnt 256
01-01 05:30:26.492 I/        (    0): [   26.349114@2]  cnt 0
01-01 05:30:26.492 I/[   26.349942@2]  emmc_write_one_key(    0): 122, write ok
01-01 05:30:26.568 I/        (    0): [   26.421819@3]  [drm] hdisplay = 720
01-01 05:30:26.568 I/        (    0): [   26.421819@3]  vdisplay = 576
01-01 05:30:26.568 I/        (    0): [   26.421819@3]  vrefresh = 50
01-01 05:30:26.568 I/[   26.422068@3]  vout(    0): vout_ioctl: cmd_dir = 0x2, cmd_nr = 0x0
01-01 05:30:26.568 I/        (    0): [   26.425043@3]  video_composer_open iminor(inode) =0
01-01 05:30:26.580 I/        (    0): [   26.427862@3]  video_composer_open iminor(inode) =1
01-01 05:30:26.580 I/[   26.431101@3]  hdmitx(    0): RX tmds clk: 150   Calc clk: 27
01-01 05:30:26.580 I/[   26.431118@3]  hdmitx(    0): RX tmds clk: 150   Calc clk: 27
01-01 05:30:26.580 I/[   26.431126@3]  hdmitx(    0): RX tmds clk: 150   Calc clk: 74
01-01 05:30:26.580 I/[   26.431135@3]  hdmitx(    0): RX tmds clk: 150   Calc clk: 74
01-01 05:30:26.580 I/[   26.431144@3]  hdmitx(    0): RX tmds clk: 150   Calc clk: 148
01-01 05:30:26.580 I/[   26.431152@3]  hdmitx(    0): RX tmds clk: 150   Calc clk: 74
01-01 05:30:26.580 I/[   26.431160@3]  hdmitx(    0): RX tmds clk: 150   Calc clk: 74
01-01 05:30:26.580 I/[   26.431168@3]  hdmitx(    0): RX tmds clk: 150   Calc clk: 148
01-01 05:30:26.580 I/[   26.431201@3]  hdmitx(    0): RX tmds clk: 150   Calc clk: 25
01-01 05:30:26.580 I/[   26.431217@3]  hdmitx(    0): RX tmds clk: 150   Calc clk: 40
01-01 05:30:26.580 I/[   26.431238@3]  hdmitx(    0): RX tmds clk: 150   Calc clk: 65
01-01 05:30:26.580 I/[   26.431258@3]  hdmitx(    0): RX tmds clk: 150   Calc clk: 71
01-01 05:30:26.580 I/[   26.431274@3]  hdmitx(    0): RX tmds clk: 150   Calc clk: 108
01-01 05:30:26.580 I/[   26.431295@3]  hdmitx(    0): RX tmds clk: 150   Calc clk: 121
01-01 05:30:26.580 I/[   26.431307@3]  hdmitx(    0): RX tmds clk: 150   Calc clk: 106
01-01 05:30:26.580 I/[   26.431324@3]  hdmitx(    0): RX tmds clk: 150   Calc clk: 108
01-01 05:30:26.580 I/[   26.431452@3]  hdmitx(    0): RX tmds clk: 150   Calc clk: 146
01-01 05:30:26.580 I/[   26.433570@3]  hdmitx(    0): RX tmds clk: 150   Calc clk: 27
01-01 05:30:26.580 I/[   26.433588@3]  hdmitx(    0): RX tmds clk: 150   Calc clk: 27
01-01 05:30:26.580 I/[   26.433596@3]  hdmitx(    0): RX tmds clk: 150   Calc clk: 74
01-01 05:30:26.580 I/[   26.433605@3]  hdmitx(    0): RX tmds clk: 150   Calc clk: 74
01-01 05:30:26.580 I/[   26.433613@3]  hdmitx(    0): RX tmds clk: 150   Calc clk: 148
01-01 05:30:26.580 I/[   26.433622@3]  hdmitx(    0): RX tmds clk: 150   Calc clk: 74
