06-27 12:32:11.116 W/[ 1032.137200@0]- tuner(    0): mxl251_read_status=0x20
06-27 12:32:11.116 W/[ 1032.138062@0]- tuner(    0): MXL251_Set_Frontend devId:0,tunerId:1 frequency:305998713,bandwidth_hz:7906250,symbol_rate:6875000,modulation:5
06-27 12:32:11.284 W/[ 1032.305399@0]- tuner(    0): mxl251_read_status=0x20
06-27 12:32:11.284 W/[ 1032.306222@0]- tuner(    0): MXL251_Set_Frontend devId:0,tunerId:1 frequency:306001716,bandwidth_hz:7906250,symbol_rate:6875000,modulation:5
06-27 12:32:11.480 W/[ 1032.500945@0]- tuner(    0): mxl251_read_status=0x20
06-27 12:32:11.480 W/[ 1032.501895@0]- tuner(    0): MXL251_Set_Frontend devId:0,tunerId:1 frequency:305998284,bandwidth_hz:7906250,symbol_rate:6875000,modulation:5
06-27 12:32:11.632 W/[ 1032.653312@0]- tuner(    0): mxl251_read_status=0x20
06-27 12:32:11.632 W/[ 1032.654143@0]- tuner(    0): MXL251_Set_Frontend devId:0,tunerId:1 frequency:306002145,bandwidth_hz:7906250,symbol_rate:6875000,modulation:5
06-27 12:32:11.732 W/[ 1032.750624@3]- RTW(    0): fill_default_txdesc(wlan0): SP Packet(0x0806) rate=0x4 SeqNum = 2483
06-27 12:32:11.776 W/[ 1032.797851@0]- tuner(    0): mxl251_read_status=0x20
06-27 12:32:11.780 W/[ 1032.798778@0]- tuner(    0): MXL251_Set_Frontend devId:0,tunerId:1 frequency:305997855,bandwidth_hz:7906250,symbol_rate:6875000,modulation:5
06-27 12:32:11.928 W/[ 1032.950024@0]- tuner(    0): mxl251_read_status=0x20
06-27 12:32:11.932 W/[ 1032.951256@0]- tuner(    0): MXL251_Set_Frontend devId:0,tunerId:1 frequency:306002574,bandwidth_hz:7906250,symbol_rate:6875000,modulation:5
06-27 12:32:12.066 W/[ 1033.088959@1]- tuner(    0): mxl251_read_status=0x20
06-27 12:32:12.068 W/[ 1033.089890@0]- tuner(    0): MXL251_Set_Frontend devId:0,tunerId:1 frequency:305997426,bandwidth_hz:7906250,symbol_rate:6875000,modulation:5
06-27 12:32:12.101 W/[ 1033.118871@0]- RTW(    0): Turbo EDCA =0x431c
06-27 12:32:12.212 W/[ 1033.233048@0]- tuner(    0): mxl251_read_status=0x20
06-27 12:32:12.212 W/[ 1033.233900@0]- tuner(    0): MXL251_Set_Frontend devId:0,tunerId:1 frequency:306003003,bandwidth_hz:7906250,symbol_rate:6875000,modulation:5
06-27 12:32:12.368 W/[ 1033.389757@0]- tuner(    0): mxl251_read_status=0x20
06-27 12:32:12.368 W/[ 1033.390656@1]- tuner(    0): MXL251_Set_Frontend devId:0,tunerId:1 frequency:305996997,bandwidth_hz:7906250,symbol_rate:6875000,modulation:5
06-27 12:32:12.511 W/[ 1033.532969@0]- tuner(    0): mxl251_read_status=0x20
06-27 12:32:12.512 W/[ 1033.533820@0]- tuner(    0): MXL251_Set_Frontend devId:0,tunerId:1 frequency:306003432,bandwidth_hz:7906250,symbol_rate:6875000,modulation:5
06-27 12:32:12.668 W/[ 1033.689083@0]- tuner(    0): mxl251_read_status=0x20
06-27 12:32:12.668 W/[ 1033.690209@0]- tuner(    0): MXL251_Set_Frontend devId:0,tunerId:1 frequency:305996568,bandwidth_hz:7906250,symbol_rate:6875000,modulation:5
06-27 12:32:12.820 W/[ 1033.840982@0]- tuner(    0): mxl251_read_status=0x20
06-27 12:32:12.872 W/[ 1033.893117@3]- tuner(    0): mxl251_read_status=0x20
06-27 12:32:12.872 W/[ 1033.893949@0]- tuner(    0): MXL251_Set_Frontend devId:0,tunerId:1 frequency:306000000,bandwidth_hz:7906250,symbol_rate:6875000,modulation:5
06-27 12:32:13.183 W/[ 1034.205912@0]- tuner(    0): mxl251_read_status=0x20
06-27 12:32:13.300 W/[ 1034.321104@0]- tuner(    0): mxl251_get_frontend: 306000000 7906250
06-27 12:32:13.300 W/        (    0): [ 1034.321104@0]-
06-27 12:32:13.300 W/[ 1034.321113@0]- tuner(    0): msl251_get_property 17
06-27 12:32:13.300 W/[ 1034.321240@1]- tuner(    0): MXL251_Set_Frontend devId:0,tunerId:1 frequency:306000000,bandwidth_hz:7906250,symbol_rate:6875000,modulation:3
06-27 12:32:13.456 W/[ 1034.477059@0]- tuner(    0): mxl251_read_status=0x20
06-27 12:32:13.460 W/[ 1034.479049@0]- tuner(    0): MXL251_Set_Frontend devId:0,tunerId:1 frequency:306000429,bandwidth_hz:7906250,symbol_rate:6875000,modulation:3
06-27 12:32:13.612 W/[ 1034.632955@0]- tuner(    0): mxl251_read_status=0x20
06-27 12:32:13.612 W/[ 1034.633775@0]- tuner(    0): MXL251_Set_Frontend devId:0,tunerId:1 frequency:305999571,bandwidth_hz:7906250,symbol_rate:6875000,modulation:3
--------- beginning of main
06-27 12:32:13.657 E/rtk_heartbeat( 3588): heartbeat_timed_out: @bbb heartbeatCmdCount = 1013, expected nextSeqNum = 1013
06-27 12:32:13.658 I/rtk_heartbeat( 3588): rtkbt_heartbeat_cmpl_cback: @bbb Current SeqNum = 1013,should SeqNum=1013, status = 0
06-27 12:32:13.768 W/[ 1034.788989@0]- tuner(    0): mxl251_read_status=0x20
06-27 12:32:13.768 W/[ 1034.789817@0]- tuner(    0): MXL251_Set_Frontend devId:0,tunerId:1 frequency:306000858,bandwidth_hz:7906250,symbol_rate:6875000,modulation:3
06-27 12:32:13.912 W/[ 1034.933116@0]- tuner(    0): mxl251_read_status=0x20
06-27 12:32:13.912 W/[ 1034.933944@0]- tuner(    0): MXL251_Set_Frontend devId:0,tunerId:1 frequency:305999142,bandwidth_hz:7906250,symbol_rate:6875000,modulation:3
06-27 12:32:14.056 I/chatty  ( 4231): uid=1000(system) DefaultDispatch expire 15 lines
06-27 12:32:14.072 W/[ 1035.093232@0]- tuner(    0): mxl251_read_status=0x20
06-27 12:32:14.076 W/[ 1035.095044@0]- tuner(    0): MXL251_Set_Frontend devId:0,tunerId:1 frequency:306001287,bandwidth_hz:7906250,symbol_rate:6875000,modulation:3
06-27 12:32:14.086 I/chatty  (15051): uid=10075(com.jiotv.sonyliv) HwBinder:15051_ expire 10 lines
06-27 12:32:14.116 W/[ 1035.135057@0]- RTW(    0): Turbo EDCA =0x5ea42b
06-27 12:32:14.220 W/[ 1035.241039@0]- tuner(    0): mxl251_read_status=0x20
06-27 12:32:14.220 W/[ 1035.242182@0]- tuner(    0): MXL251_Set_Frontend devId:0,tunerId:1 frequency:305998713,bandwidth_hz:7906250,symbol_rate:6875000,modulation:3
06-27 12:32:14.376 W/[ 1035.397071@0]- tuner(    0): mxl251_read_status=0x20
06-27 12:32:14.376 W/[ 1035.397904@0]- tuner(    0): MXL251_Set_Frontend devId:0,tunerId:1 frequency:306001716,bandwidth_hz:7906250,symbol_rate:6875000,modulation:3
06-27 12:32:14.524 W/[ 1035.545055@0]- tuner(    0): mxl251_read_status=0x20
06-27 12:32:14.524 W/[ 1035.545878@0]- tuner(    0): MXL251_Set_Frontend devId:0,tunerId:1 frequency:305998284,bandwidth_hz:7906250,symbol_rate:6875000,modulation:3
06-27 12:32:14.657 E/rtk_heartbeat( 3588): heartbeat_timed_out: @bbb heartbeatCmdCount = 1014, expected nextSeqNum = 1014
06-27 12:32:14.658 I/rtk_heartbeat( 3588): rtkbt_heartbeat_cmpl_cback: @bbb Current SeqNum = 1014,should SeqNum=1014, status = 0
06-27 12:32:14.688 W/[ 1035.709062@0]- tuner(    0): mxl251_read_status=0x20
06-27 12:32:14.688 W/[ 1035.709934@0]- tuner(    0): MXL251_Set_Frontend devId:0,tunerId:1 frequency:306002145,bandwidth_hz:7906250,symbol_rate:6875000,modulation:3
06-27 12:32:14.836 E/ocessService0:( 5772): failed to create Unix domain socket: Operation not permitted
06-27 12:32:14.840 W/[ 1035.861820@0]- tuner(    0): mxl251_read_status=0x20
06-27 12:32:14.844 W/[ 1035.862816@0]- tuner(    0): MXL251_Set_Frontend devId:0,tunerId:1 frequency:305997855,bandwidth_hz:7906250,symbol_rate:6875000,modulation:3
06-27 12:32:14.984 W/[ 1036.005138@0]- tuner(    0): mxl251_read_status=0x20
06-27 12:32:14.984 W/[ 1036.006051@0]- tuner(    0): MXL251_Set_Frontend devId:0,tunerId:1 frequency:306002574,bandwidth_hz:7906250,symbol_rate:6875000,modulation:3
06-27 12:32:14.995 I/chatty  (15051): uid=10075(com.jiotv.sonyliv) Binder:15051_3 expire 13 lines
06-27 12:32:14.998 I/e.swalekh.abct( 4553): oneway function results will be dropped but finished with status OK and parcel size 4
06-27 12:32:15.005 I/chatty  ( 7367): uid=1000(system) RxComputationTh expire 12 lines
06-27 12:32:15.144 W/[ 1036.165023@0]- tuner(    0): mxl251_read_status=0x20
06-27 12:32:15.144 W/[ 1036.165842@0]- tuner(    0): MXL251_Set_Frontend devId:0,tunerId:1 frequency:305997426,bandwidth_hz:7906250,symbol_rate:6875000,modulation:3
06-27 12:32:15.328 W/[ 1036.349017@0]- tuner(    0): mxl251_read_status=0x20
06-27 12:32:15.328 W/[ 1036.349843@0]- tuner(    0): MXL251_Set_Frontend devId:0,tunerId:1 frequency:306003003,bandwidth_hz:7906250,symbol_rate:6875000,modulation:3
06-27 12:32:15.367 I/chatty  (15051): uid=10075(com.jiotv.sonyliv) expire 10 lines
06-27 12:32:15.368 I/chatty  (15051): uid=10075(com.jiotv.sonyliv) expire 14 lines
06-27 12:32:15.372 I/chatty  (15051): uid=10075(com.jiotv.sonyliv) expire 10 lines
06-27 12:32:15.373 I/chatty  (15051): uid=10075(com.jiotv.sonyliv) expire 14 lines
06-27 12:32:15.410 E/ocessService0:( 6950): failed to create Unix domain socket: Operation not permitted
06-27 12:32:15.488 W/[ 1036.509021@0]- tuner(    0): mxl251_read_status=0x20
06-27 12:32:15.488 W/[ 1036.509934@0]- tuner(    0): MXL251_Set_Frontend devId:0,tunerId:1 frequency:305996997,bandwidth_hz:7906250,symbol_rate:6875000,modulation:3
06-27 12:32:15.587 W/[ 1036.606609@0]- RTW(    0): fill_default_txdesc(wlan0): SP Packet(0x0806) rate=0x4 SeqNum = 2976
06-27 12:32:15.632 W/[ 1036.652957@0]- tuner(    0): mxl251_read_status=0x20
06-27 12:32:15.632 W/[ 1036.653776@0]- tuner(    0): MXL251_Set_Frontend devId:0,tunerId:1 frequency:306003432,bandwidth_hz:7906250,symbol_rate:6875000,modulation:3
06-27 12:32:15.657 E/rtk_heartbeat( 3588): heartbeat_timed_out: @bbb heartbeatCmdCount = 1015, expected nextSeqNum = 1015
06-27 12:32:15.658 I/rtk_heartbeat( 3588): rtkbt_heartbeat_cmpl_cback: @bbb Current SeqNum = 1015,should SeqNum=1015, status = 0
06-27 12:32:15.788 W/[ 1036.809166@0]- tuner(    0): mxl251_read_status=0x20
06-27 12:32:15.789 W/[ 1036.810178@0]- tuner(    0): MXL251_Set_Frontend devId:0,tunerId:1 frequency:305996568,bandwidth_hz:7906250,symbol_rate:6875000,modulation:3
06-27 12:32:15.932 W/[ 1036.953265@0]- tuner(    0): mxl251_read_status=0x20
06-27 12:32:15.984 W/[ 1037.004989@0]- tuner(    0): mxl251_read_status=0x20
06-27 12:32:15.984 W/[ 1037.005836@0]- tuner(    0): MXL251_Set_Frontend devId:0,tunerId:1 frequency:306000000,bandwidth_hz:7906250,symbol_rate:6875000,modulation:3
06-27 12:32:16.130 W/[ 1037.151006@3]- RTW(    0): Turbo EDCA =0x431c
06-27 12:32:16.253 I/chatty  ( 4810): uid=1000(system) com.iwedia.comedia.service expire 1 line
06-27 12:32:16.304 W/[ 1037.325620@0]- tuner(    0): mxl251_read_status=0x20
06-27 12:32:16.412 W/[ 1037.433591@0]- tuner(    0): mxl251_get_frontend: 306000000 7906250
06-27 12:32:16.412 W/        (    0): [ 1037.433591@0]-
06-27 12:32:16.412 W/[ 1037.433602@0]- tuner(    0): msl251_get_property 17
06-27 12:32:16.412 W/[ 1037.434024@1]- tuner(    0): MXL251_Set_Frontend devId:0,tunerId:1 frequency:306000000,bandwidth_hz:7906250,symbol_rate:6875000,modulation:5
06-27 12:32:16.559 W/[ 1037.581073@0]- tuner(    0): mxl251_read_status=0x20
06-27 12:32:16.560 W/[ 1037.582286@0]- tuner(    0): MXL251_Set_Frontend devId:0,tunerId:1 frequency:306000429,bandwidth_hz:7906250,symbol_rate:6875000,modulation:5
06-27 12:32:16.620 I/chatty  ( 4077): uid=1000(system) com.jiostb.inactivitytimer expire 6 lines
06-27 12:32:16.657 E/rtk_heartbeat( 3588): heartbeat_timed_out: @bbb heartbeatCmdCount = 1016, expected nextSeqNum = 1016
06-27 12:32:16.658 I/rtk_heartbeat( 3588): rtkbt_heartbeat_cmpl_cback: @bbb Current SeqNum = 1016,should SeqNum=1016, status = 0
06-27 12:32:16.708 W/[ 1037.729569@0]- tuner(    0): mxl251_read_status=0x20
06-27 12:32:16.712 W/[ 1037.731006@0]- tuner(    0): MXL251_Set_Frontend devId:0,tunerId:1 frequency:305999571,bandwidth_hz:7906250,symbol_rate:6875000,modulation:5
06-27 12:32:16.818 W/[ 1037.839104@0]- RTW(    0): fill_default_txdesc(wlan0): SP Packet(0x0806) rate=0x4 SeqNum = 3098
06-27 12:32:16.856 W/[ 1037.877082@0]- tuner(    0): mxl251_read_status=0x20
06-27 12:32:16.856 W/[ 1037.877921@3]- tuner(    0): MXL251_Set_Frontend devId:0,tunerId:1 frequency:306000858,bandwidth_hz:7906250,symbol_rate:6875000,modulation:5
06-27 12:32:16.876 E/ocessService0:( 5772): failed to create Unix domain socket: Operation not permitted
06-27 12:32:16.962 D/MulticastUtils( 4984): Timeout 5000ms IOException:Poll timed out
06-27 12:32:16.968 D/JioLauncher( 4984): connected-network-status  1 status true time 0 lPreviousIp [/fe80::1%wlan0, /192.168.1.1] isLiveOnTop() false isOneTimeVisisbleStatus false-remoteConnectedTime-0
06-27 12:32:17.004 W/[ 1038.025236@0]- tuner(    0): mxl251_read_status=0x20
06-27 12:32:17.004 W/[ 1038.026072@0]- tuner(    0): MXL251_Set_Frontend devId:0,tunerId:1 frequency:305999142,bandwidth_hz:7906250,symbol_rate:6875000,modulation:5
06-27 12:32:17.049 I/e.swalekh.abct( 4553): oneway function results will be dropped but finished with status OK and parcel size 4
06-27 12:32:17.164 W/[ 1038.182700@0]- tuner(    0): mxl251_read_status=0x20
06-27 12:32:17.164 W/[ 1038.183678@0]- tuner(    0): MXL251_Set_Frontend devId:0,tunerId:1 frequency:306001287,bandwidth_hz:7906250,symbol_rate:6875000,modulation:5
06-27 12:32:17.221 I/JioBackgroundSchedulerService( 6724): Check schedule  
06-27 12:32:17.265 I/chatty  ( 4810): uid=1000(system) com.iwedia.comedia.service expire 4 lines
06-27 12:32:17.266 I/chatty  ( 4810): uid=1000(system) com.iwedia.comedia.service expire 1 line
06-27 12:32:17.267 I/chatty  ( 4810): uid=1000(system) com.iwedia.comedia.service expire 1 line
06-27 12:32:17.316 W/[ 1038.336959@0]- tuner(    0): mxl251_read_status=0x20
06-27 12:32:17.316 W/[ 1038.337781@0]- tuner(    0): MXL251_Set_Frontend devId:0,tunerId:1 frequency:305998713,bandwidth_hz:7906250,symbol_rate:6875000,modulation:5
06-27 12:32:17.444 E/ocessService0:( 6950): failed to create Unix domain socket: Operation not permitted
06-27 12:32:17.468 W/[ 1038.488950@0]- tuner(    0): mxl251_read_status=0x20
06-27 12:32:17.468 W/[ 1038.489773@0]- tuner(    0): MXL251_Set_Frontend devId:0,tunerId:1 frequency:306001716,bandwidth_hz:7906250,symbol_rate:6875000,modulation:5
06-27 12:32:17.482 I/chatty  (15051): uid=10075(com.jiotv.sonyliv) expire 13 lines
06-27 12:32:17.620 W/[ 1038.641064@0]- tuner(    0): mxl251_read_status=0x20
06-27 12:32:17.620 W/[ 1038.641910@0]- tuner(    0): MXL251_Set_Frontend devId:0,tunerId:1 frequency:305998284,bandwidth_hz:7906250,symbol_rate:6875000,modulation:5
06-27 12:32:17.658 E/rtk_heartbeat( 3588): heartbeat_timed_out: @bbb heartbeatCmdCount = 1017, expected nextSeqNum = 1017
06-27 12:32:17.659 I/rtk_heartbeat( 3588): rtkbt_heartbeat_cmpl_cback: @bbb Current SeqNum = 1017,should SeqNum=1017, status = 0
06-27 12:32:17.768 W/[ 1038.789396@0]- tuner(    0): mxl251_read_status=0x20
06-27 12:32:17.768 W/[ 1038.790241@0]- tuner(    0): MXL251_Set_Frontend devId:0,tunerId:1 frequency:306002145,bandwidth_hz:7906250,symbol_rate:6875000,modulation:5
06-27 12:32:17.924 W/[ 1038.945016@0]- tuner(    0): mxl251_read_status=0x20
06-27 12:32:17.924 W/[ 1038.945853@0]- tuner(    0): MXL251_Set_Frontend devId:0,tunerId:1 frequency:305997855,bandwidth_hz:7906250,symbol_rate:6875000,modulation:5
06-27 12:32:18.002 D/BufferPoolAccessor2.0( 3756): bufferpool2 0xea3d2598 : 5(20480 size) total buffers - 1(4096 size) used buffers - 1742/1747 (recycle/alloc) - 6/1746 (fetch/transfer)
06-27 12:32:18.132 W/[ 1039.153387@0]- tuner(    0): mxl251_read_status=0x20
06-27 12:32:18.136 W/[ 1039.155304@2]- tuner(    0): MXL251_Set_Frontend devId:0,tunerId:1 frequency:306002574,bandwidth_hz:7906250,symbol_rate:6875000,modulation:5
06-27 12:32:18.148 W/[ 1039.166972@1]- RTW(    0): Turbo EDCA =0x5ea42b
06-27 12:32:18.288 W/[ 1039.309956@2]- tuner(    0): mxl251_read_status=0x20
06-27 12:32:18.291 W/[ 1039.311198@0]- tuner(    0): MXL251_Set_Frontend devId:0,tunerId:1 frequency:305997426,bandwidth_hz:7906250,symbol_rate:6875000,modulation:5
06-27 12:32:18.431 D/JioLauncher( 4984): overlay status check for wifi and bt remote false false
06-27 12:32:18.436 D/Match code1( 6007): 2
06-27 12:32:18.439 D/JioLauncher( 4984): network-type-------NonJioNetwork
06-27 12:32:18.443 D/JioLauncher( 4984): live-tv-previousIp-[/fe80::1%wlan0, /192.168.1.1]-newHost-[/fe80::1%wlan0, /192.168.1.1]
06-27 12:32:18.460 W/[ 1039.481262@0]- tuner(    0): mxl251_read_status=0x20
06-27 12:32:18.460 W/[ 1039.482083@0]- tuner(    0): MXL251_Set_Frontend devId:0,tunerId:1 frequency:306003003,bandwidth_hz:7906250,symbol_rate:6875000,modulation:5
06-27 12:32:18.604 W/[ 1039.624981@0]- tuner(    0): mxl251_read_status=0x20
06-27 12:32:18.604 W/[ 1039.626073@2]- tuner(    0): MXL251_Set_Frontend devId:0,tunerId:1 frequency:305996997,bandwidth_hz:7906250,symbol_rate:6875000,modulation:5
06-27 12:32:18.658 E/rtk_heartbeat( 3588): heartbeat_timed_out: @bbb heartbeatCmdCount = 1018, expected nextSeqNum = 1018
06-27 12:32:18.660 I/rtk_heartbeat( 3588): rtkbt_heartbeat_cmpl_cback: @bbb Current SeqNum = 1018,should SeqNum=1018, status = 0
06-27 12:32:18.756 W/[ 1039.777050@0]- tuner(    0): mxl251_read_status=0x20
06-27 12:32:18.756 W/[ 1039.777929@0]- tuner(    0): MXL251_Set_Frontend devId:0,tunerId:1 frequency:306003432,bandwidth_hz:7906250,symbol_rate:6875000,modulation:5
06-27 12:32:18.886 I/chatty  (14969): uid=10064(io.appium.uiautomator2.server) nioEventLoopGro expire 79 lines
06-27 12:32:18.900 W/[ 1039.921689@0]- tuner(    0): mxl251_read_status=0x20
06-27 12:32:18.902 W/[ 1039.923128@0]- tuner(    0): MXL251_Set_Frontend devId:0,tunerId:1 frequency:305996568,bandwidth_hz:7906250,symbol_rate:6875000,modulation:5
06-27 12:32:18.916 E/ocessService0:( 5772): failed to create Unix domain socket: Operation not permitted
06-27 12:32:19.060 W/[ 1040.082188@2]- tuner(    0): mxl251_read_status=0x20
06-27 12:32:19.070 D/audio_hw_primary( 3587): out_dump(0xeb3ee000, 20)
06-27 12:32:19.076 D/Avl_Effect( 3587): Avl_command: cmd = 21
06-27 12:32:19.099 I/e.swalekh.abct( 4553): oneway function results will be dropped but finished with status OK and parcel size 4
06-27 12:32:19.116 W/[ 1040.137039@0]- tuner(    0): mxl251_read_status=0x20
06-27 12:32:19.116 W/[ 1040.137857@0]- tuner(    0): MXL251_Set_Frontend devId:0,tunerId:1 frequency:306000000,bandwidth_hz:7906250,symbol_rate:6875000,modulation:5
06-27 12:32:19.253 I/chatty  ( 4810): uid=1000(system) Binder:4810_4 expire 45 lines
06-27 12:32:19.419 W/[ 1040.439697@2]- tuner(    0): mxl251_read_status=0x20
06-27 12:32:19.426 I/chatty  (15051): uid=10075(com.jiotv.sonyliv) expire 146 lines
06-27 12:32:19.484 E/ocessService0:( 6950): failed to create Unix domain socket: Operation not permitted
06-27 12:32:19.519 I/chatty  ( 4810): uid=1000(system) Thread-2 expire 10 lines
06-27 12:32:19.520 W/[ 1040.541414@0]- tuner(    0): mxl251_get_frontend: 306000000 7906250
06-27 12:32:19.520 W/        (    0): [ 1040.541414@0]-
06-27 12:32:19.520 W/[ 1040.541422@0]- tuner(    0): msl251_get_property 17
06-27 12:32:19.520 W/[ 1040.541744@0]- tuner(    0): MXL251_Set_Frontend devId:0,tunerId:1 frequency:306000000,bandwidth_hz:7906250,symbol_rate:6875000,modulation:3
06-27 12:32:19.659 E/rtk_heartbeat( 3588): heartbeat_timed_out: @bbb heartbeatCmdCount = 1019, expected nextSeqNum = 1019
06-27 12:32:19.661 I/rtk_heartbeat( 3588): rtkbt_heartbeat_cmpl_cback: @bbb Current SeqNum = 1019,should SeqNum=1019, status = 0
06-27 12:32:19.676 W/[ 1040.697176@1]- tuner(    0): mxl251_read_status=0x20
06-27 12:32:19.676 W/[ 1040.698047@0]- tuner(    0): MXL251_Set_Frontend devId:0,tunerId:1 frequency:306000429,bandwidth_hz:7906250,symbol_rate:6875000,modulation:3
06-27 12:32:19.832 W/[ 1040.853238@0]- tuner(    0): mxl251_read_status=0x20
06-27 12:32:19.832 W/[ 1040.854065@3]- tuner(    0): MXL251_Set_Frontend devId:0,tunerId:1 frequency:305999571,bandwidth_hz:7906250,symbol_rate:6875000,modulation:3
06-27 12:32:19.972 W/[ 1040.992946@0]- tuner(    0): mxl251_read_status=0x20
06-27 12:32:19.972 W/[ 1040.993794@0]- tuner(    0): MXL251_Set_Frontend devId:0,tunerId:1 frequency:306000858,bandwidth_hz:7906250,symbol_rate:6875000,modulation:3
06-27 12:32:20.124 W/[ 1041.145049@0]- tuner(    0): mxl251_read_status=0x20
06-27 12:32:20.124 W/[ 1041.145914@0]- tuner(    0): MXL251_Set_Frontend devId:0,tunerId:1 frequency:305999142,bandwidth_hz:7906250,symbol_rate:6875000,modulation:3
06-27 12:32:20.272 W/[ 1041.292999@0]- tuner(    0): mxl251_read_status=0x20
06-27 12:32:20.272 W/[ 1041.293821@0]- tuner(    0): MXL251_Set_Frontend devId:0,tunerId:1 frequency:306001287,bandwidth_hz:7906250,symbol_rate:6875000,modulation:3
06-27 12:32:20.286 I/chatty  (15051): uid=10075(com.jiotv.sonyliv) expire 3 lines
06-27 12:32:20.428 W/[ 1041.449166@0]- tuner(    0): mxl251_read_status=0x20
06-27 12:32:20.428 W/[ 1041.450011@0]- tuner(    0): MXL251_Set_Frontend devId:0,tunerId:1 frequency:305998713,bandwidth_hz:7906250,symbol_rate:6875000,modulation:3
06-27 12:32:20.584 W/[ 1041.606194@0]- tuner(    0): mxl251_read_status=0x20
06-27 12:32:20.588 W/[ 1041.607244@0]- tuner(    0): MXL251_Set_Frontend devId:0,tunerId:1 frequency:306001716,bandwidth_hz:7906250,symbol_rate:6875000,modulation:3
06-27 12:32:20.659 E/rtk_heartbeat( 3588): heartbeat_timed_out: @bbb heartbeatCmdCount = 1020, expected nextSeqNum = 1020
06-27 12:32:20.660 I/rtk_heartbeat( 3588): rtkbt_heartbeat_cmpl_cback: @bbb Current SeqNum = 1020,should SeqNum=1020, status = 0
06-27 12:32:20.728 W/[ 1041.749124@0]- tuner(    0): mxl251_read_status=0x20
06-27 12:32:20.728 W/[ 1041.749973@0]- tuner(    0): MXL251_Set_Frontend devId:0,tunerId:1 frequency:305998284,bandwidth_hz:7906250,symbol_rate:6875000,modulation:3
06-27 12:32:20.928 W/[ 1041.949796@0]- tuner(    0): mxl251_read_status=0x20
06-27 12:32:20.932 W/[ 1041.950814@0]- tuner(    0): MXL251_Set_Frontend devId:0,tunerId:1 frequency:306002145,bandwidth_hz:7906250,symbol_rate:6875000,modulation:3
06-27 12:32:20.956 E/ocessService0:( 5772): failed to create Unix domain socket: Operation not permitted
06-27 12:32:21.072 W/[ 1042.093149@0]- tuner(    0): mxl251_read_status=0x20
06-27 12:32:21.072 W/[ 1042.094088@0]- tuner(    0): MXL251_Set_Frontend devId:0,tunerId:1 frequency:305997855,bandwidth_hz:7906250,symbol_rate:6875000,modulation:3
06-27 12:32:21.152 I/e.swalekh.abct( 4553): oneway function results will be dropped but finished with status OK and parcel size 4
06-27 12:32:21.176 I/chatty  ( 7367): uid=1000(system) RxComputationTh expire 12 lines
06-27 12:32:21.248 W/[ 1042.269315@0]- tuner(    0): mxl251_read_status=0x20
06-27 12:32:21.248 W/[ 1042.270148@0]- tuner(    0): MXL251_Set_Frontend devId:0,tunerId:1 frequency:306002574,bandwidth_hz:7906250,symbol_rate:6875000,modulation:3
06-27 12:32:21.404 W/[ 1042.424962@0]- tuner(    0): mxl251_read_status=0x20
06-27 12:32:21.404 W/[ 1042.425911@0]- tuner(    0): MXL251_Set_Frontend devId:0,tunerId:1 frequency:305997426,bandwidth_hz:7906250,symbol_rate:6875000,modulation:3
06-27 12:32:21.524 E/ocessService0:( 6950): failed to create Unix domain socket: Operation not permitted
06-27 12:32:21.564 W/[ 1042.585134@0]- tuner(    0): mxl251_read_status=0x20
06-27 12:32:21.564 W/[ 1042.585975@0]- tuner(    0): MXL251_Set_Frontend devId:0,tunerId:1 frequency:306003003,bandwidth_hz:7906250,symbol_rate:6875000,modulation:3
06-27 12:32:21.659 E/rtk_heartbeat( 3588): heartbeat_timed_out: @bbb heartbeatCmdCount = 1021, expected nextSeqNum = 1021
06-27 12:32:21.660 I/rtk_heartbeat( 3588): rtkbt_heartbeat_cmpl_cback: @bbb Current SeqNum = 1021,should SeqNum=1021, status = 0
06-27 12:32:21.720 W/[ 1042.740985@0]- tuner(    0): mxl251_read_status=0x20
06-27 12:32:21.720 W/[ 1042.741812@0]- tuner(    0): MXL251_Set_Frontend devId:0,tunerId:1 frequency:305996997,bandwidth_hz:7906250,symbol_rate:6875000,modulation:3
06-27 12:32:21.784 I/chatty  ( 3326): uid=1000(system) /system/bin/servicemanager expire 51 lines
06-27 12:32:21.801 I/android.hardware.power-service.libperfmgr( 3632): Power setBoost: INTERACTION duration: 0
06-27 12:32:21.801 I/libperfmgr( 3632): Do Powerhint: INTERACTION
06-27 12:32:21.802 I/android.hardware.power-service.libperfmgr( 3632): Power setBoost: INTERACTION duration: 0
06-27 12:32:21.802 I/libperfmgr( 3632): Do Powerhint: INTERACTION
06-27 12:32:21.802 I/chatty  ( 3825): uid=1000(system) InputDispatcher expire 20 lines
06-27 12:32:21.803 I/chatty  ( 4077): uid=1000(system) com.jiostb.inactivitytimer expire 56 lines
06-27 12:32:21.805 I/chatty  ( 4077): uid=1000(system) com.jiostb.inactivitytimer expire 1 line
06-27 12:32:04.502 I/chatty  ( 3825): uid=1000(system) android.bg identical 2 lines
06-27 12:32:14.609 I/UsageStatsService( 3825): User[0] Flushing usage stats to disk
06-27 12:32:21.814 D/AutofillManagerService( 3825): onBackKeyPressed()
06-27 12:32:21.819 I/chatty  ( 4077): uid=1000(system) com.jiostb.inactivitytimer expire 2 lines
06-27 12:32:21.830 I/OmxComponent( 3741): OMX_CommandFlush 850 Cmd 0x1 nParam1 0xffffffff
06-27 12:32:21.830 I/OmxComponent( 3741): OMX.amlogic.avc.decoder.awesome2.secure: flush input
06-27 12:32:21.830 V/AmlogicVideoDecoderAwesome( 3741): flushInput:1234 >
06-27 12:32:21.830 V/OMX_WorkerPeer( 3741): vendor/amlogic/common/omx/omx_framework/WorkerPeer.cpp:flushInput:57 --------------------
06-27 12:32:21.831 V/AmlogicVideoDecoderAwesome( 3741): pause:325 >
06-27 12:32:21.831 D/AmlogicVideoDecoderAwesome( 3741): mVideo mDisplayTread stop
06-27 12:32:21.832 I/        (    0): [ 1042.854050@0]- is_reset=1
06-27 12:32:21.831 V/AmlogicVideoDecoderAwesome( 3741): reset:396 >
06-27 12:32:21.831 D/AmlogicVideoDecoderAwesome( 3741): reset_1
06-27 12:32:21.831 I/amcodec ( 3741): AMSTREAM_SET_OMX_RUNNING ret=0
06-27 12:32:21.832 I/chatty  ( 4810): uid=1000(system) Thread-2 expire 10 lines
06-27 12:32:21.836 I/[ 1042.854719@0]- vframe_rate_uevent(    0): sent uevent FRAME_RATE_HINT=0
06-27 12:32:21.840 I/[ 1042.861383@0]- dim(    0): ch[1]:di_receiver_event_fun,1:_UNREG
06-27 12:32:21.840 E/[ 1042.861420@0]- unreg(    0): v4lvideo
06-27 12:32:21.840 I/[ 1042.861475@0]- dim(    0): unreg:2keep[4], msk:[0x0,0x0]
06-27 12:32:21.852 I/[ 1042.872985@0]- dim(    0): unreg:use[11]ms
06-27 12:32:21.852 D/        (    0): [ 1042.873015@0]- vdec_disable_DMC input->target= 0x0
06-27 12:32:21.852 D/[ 1042.873131@0]- 0(    0): vh264_stop
06-27 12:32:21.852 D/        (    0): [ 1042.873654@0]- vdec_release instance 00000000381b62ae, total 1 id = 0
06-27 12:32:21.852 D/        (    0): [ 1042.873723@0]- the clk_vdec_mux    clock off, ref cnt: 0
06-27 12:32:21.853 D/        (    0): [ 1042.873732@0]- the vdec            clock off, ref cnt: 0
06-27 12:32:21.853 D/        (    0): [ 1042.873736@0]- the parser_top      clock off, ref cnt: 1
06-27 12:32:21.853 D/        (    0): [ 1042.873740@0]- the demux           clock off, ref cnt: 1
06-27 12:32:21.853 D/        (    0): [ 1042.873830@0]- the demux           clock on, ref cnt: 2
06-27 12:32:21.853 D/        (    0): [ 1042.873835@0]- the parser_top      clock on, ref cnt: 2
06-27 12:32:21.853 D/        (    0): [ 1042.873843@0]- the vdec            clock on, ref cnt: 1
06-27 12:32:21.853 D/        (    0): [ 1042.873862@0]- the clk_vdec_mux    clock on, ref cnt: 1
06-27 12:32:21.853 D/        (    0): [ 1042.873892@0]- vdec mux clock is 499999992 Hz
06-27 12:32:21.853 D/        (    0): [ 1042.873994@0]- vdec_create instance 0000000057bbc75b, total 1, PM: legacy
06-27 12:32:21.853 D/        (    0): [ 1042.874029@0]- set drmmode
06-27 12:32:21.853 I/        (    0): [ 1042.874075@0]- is_reset=1
06-27 12:32:21.853 I/        (    0): [ 1042.874101@0]- vdec_init, dev_name:ammvdec_h264, vdec_type=VDEC_TYPE_FRAME_BLOCK  id = 0
06-27 12:32:21.853 D/        (    0): [ 1042.874982@0]- ammvdec_h264_mmu_init tvp = 0x4 mmu_enable 0
06-27 12:32:21.853 D/        (    0): [ 1042.874989@0]- decoder_bmmu_box_alloc_box, tvp_flags = 4
06-27 12:32:21.853 D/[ 1042.875008@0]- 0(    0): ammvdec_h264_probe mmu_enable 0 double_write_mode 0x3
06-27 12:32:21.853 D/[ 1042.875049@0]- 0(    0): ammvdec_h264 mem-addr=0,buff_offset=56f10000,buf_start=56f00000
06-27 12:32:21.853 D/        (    0): [ 1042.875087@0]- vdec mux clock is 666666656 Hz
06-27 12:32:21.853 D/        (    0): [ 1042.875092@0]- vdec1 video changed to 3840 x 2160 60 fps clk->667MHZ
06-27 12:32:21.853 W/        (    0): [ 1042.875098@0]- H264 sysinfo: 426x240 duration=4000, pts_outside=1
06-27 12:32:21.853 D/        (    0): [ 1042.875101@0]- sync_outside=0, use_idr_framerate=0, is_used_v4l: 0
06-27 12:32:21.853 I/        (    0): [ 1042.875254@0]- [TEE], the fw (h264_multi) will be loaded.
06-27 12:32:21.854 I/amcodec ( 3741): [codec_reset:1157]ret=0
06-27 12:32:21.854 D/AmlogicVideoDecoderAwesome( 3741): reset_2
06-27 12:32:21.855 D/AmlogicVideoDecoderAwesome( 3741): mVideo mDisplayTread start
06-27 12:32:21.855 D/AmlogicVideoDecoderAwesome( 3741): mDTaskStatus=0
06-27 12:32:21.855 V/AmlogicVideoDecoderAwesome( 3741): start:333 >
06-27 12:32:21.855 E/ThreadWorker( 3741): pthread on exit wait clean
06-27 12:32:21.856 D/AmlogicVideoDecoderAwesome( 3741): mVideo start
06-27 12:32:21.856 V/AmlogicVideoDecoderAwesome( 3741): flushInput:1273 >
06-27 12:32:21.856 I/OmxComponent( 3741): OMX.amlogic.avc.decoder.awesome2.secure: flush output
06-27 12:32:21.856 V/AmlogicVideoDecoderAwesome( 3741): flushOutput:1276 >
06-27 12:32:21.856 D/AmlogicVideoDecoderAwesome( 3741): displayThread__flushOutput__fillBufferDone
06-27 12:32:21.856 V/AmlogicVideoDecoderAwesome( 3741): flushOutput:1332 >
06-27 12:32:21.856 V/OMX_WorkerPeer( 3741): vendor/amlogic/common/omx/omx_framework/WorkerPeer.cpp:runWorkerStatic:155 --------------------
06-27 12:32:21.856 V/OMX_WorkerPeer( 3741): vendor/amlogic/common/omx/omx_framework/WorkerPeer.cpp:runWorker:161 --------------------
06-27 12:32:21.857 D/        (    0): [ 1042.876322@3]- vh264_init, phy_addr=7446e000 vaddr=0000000001b626e3
06-27 12:32:21.857 D/        (    0): [ 1042.876445@3]- vfm map vdec-map-0 created
06-27 12:32:21.857 I/[ 1042.876465@3]- dim(    0): ch[1]:di_receiver_event_fun,8:_REG
06-27 12:32:21.857 I/[ 1042.876471@3]- dim(    0): reg:vdec.h264.00[45]
06-27 12:32:21.857 I/[ 1042.877004@3]- dim(    0): reg:use[1]ms
06-27 12:32:21.857 E/[ 1042.877021@3]- reg(    0): v4lvideo
06-27 12:32:21.857 I/[ 1042.877027@3]- dim(    0): ch[1]:di_receiver_event_fun,3:_START
06-27 12:32:21.857 D/        (    0): [ 1042.877032@3]- vdec_init, vf_provider_name = vdec.h264.00, b 0
06-27 12:32:21.857 I/        (    0): [ 1042.877046@3]- vdec->port_flag=0x182, port_flag=0x18b
06-27 12:32:21.857 I/        (    0): [ 1042.877143@3]- is_reset=0
06-27 12:32:21.868 I/OmxComponent( 3741): OMX_CommandStateSet 850 Cmd 0 nParam1 0x2
06-27 12:32:21.868 I/OmxComponent( 3741): OMX-43 STATE_SET:   OMX_StateExecuting => OMX_StateIdle : OMX.amlogic.avc.decoder.awesome2.secure
06-27 12:32:21.868 I/OmxComponent( 3741): OMX.amlogic.avc.decoder.awesome2.secure: flush input
06-27 12:32:21.868 V/AmlogicVideoDecoderAwesome( 3741): flushInput:1234 >
06-27 12:32:21.868 V/OMX_WorkerPeer( 3741): vendor/amlogic/common/omx/omx_framework/WorkerPeer.cpp:flushInput:57 --------------------
06-27 12:32:21.868 V/AmlogicVideoDecoderAwesome( 3741): pause:325 >
06-27 12:32:21.869 D/AmlogicVideoDecoderAwesome( 3741): mVideo mDisplayTread stop
06-27 12:32:21.869 V/AmlogicVideoDecoderAwesome( 3741): reset:396 >
06-27 12:32:21.869 D/AmlogicVideoDecoderAwesome( 3741): reset_1
06-27 12:32:21.869 I/amcodec ( 3741): AMSTREAM_SET_OMX_RUNNING ret=0
06-27 12:32:21.872 I/        (    0): [ 1042.892172@3]- is_reset=1
06-27 12:32:21.872 I/[ 1042.892507@3]- vframe_rate_uevent(    0): sent uevent FRAME_RATE_HINT=0
06-27 12:32:21.872 I/[ 1042.892632@3]- dim(    0): ch[1]:di_receiver_event_fun,1:_UNREG
06-27 12:32:21.872 E/[ 1042.892644@3]- unreg(    0): v4lvideo
06-27 12:32:21.872 I/[ 1042.893183@3]- dim(    0): unreg:use[1]ms
06-27 12:32:21.872 D/        (    0): [ 1042.893204@3]- vdec_disable_DMC input->target= 0x0
06-27 12:32:21.872 D/[ 1042.893312@3]- 0(    0): vh264_stop
06-27 12:32:21.872 D/        (    0): [ 1042.893778@3]- vdec_release instance 0000000057bbc75b, total 1 id = 0
06-27 12:32:21.872 D/        (    0): [ 1042.893840@3]- the clk_vdec_mux    clock off, ref cnt: 0
06-27 12:32:21.872 D/        (    0): [ 1042.893850@3]- the vdec            clock off, ref cnt: 0
06-27 12:32:21.872 D/        (    0): [ 1042.893854@3]- the parser_top      clock off, ref cnt: 1
06-27 12:32:21.872 D/        (    0): [ 1042.893858@3]- the demux           clock off, ref cnt: 1
06-27 12:32:21.872 D/        (    0): [ 1042.893922@3]- the demux           clock on, ref cnt: 2
06-27 12:32:21.872 D/        (    0): [ 1042.893926@3]- the parser_top      clock on, ref cnt: 2
06-27 12:32:21.872 D/        (    0): [ 1042.893933@3]- the vdec            clock on, ref cnt: 1
06-27 12:32:21.872 D/        (    0): [ 1042.893951@3]- the clk_vdec_mux    clock on, ref cnt: 1
06-27 12:32:21.872 D/        (    0): [ 1042.893983@3]- vdec mux clock is 499999992 Hz
06-27 12:32:21.873 D/        (    0): [ 1042.894055@3]- vdec_create instance 0000000028d35bbe, total 1, PM: legacy
06-27 12:32:21.873 D/        (    0): [ 1042.894092@3]- set drmmode
06-27 12:32:21.873 I/        (    0): [ 1042.894117@3]- is_reset=1
06-27 12:32:21.873 I/        (    0): [ 1042.894169@3]- vdec_init, dev_name:ammvdec_h264, vdec_type=VDEC_TYPE_FRAME_BLOCK  id = 0
06-27 12:32:21.874 D/        (    0): [ 1042.894972@3]- ammvdec_h264_mmu_init tvp = 0x4 mmu_enable 0
06-27 12:32:21.874 D/        (    0): [ 1042.894979@3]- decoder_bmmu_box_alloc_box, tvp_flags = 4
06-27 12:32:21.874 D/[ 1042.894997@3]- 0(    0): ammvdec_h264_probe mmu_enable 0 double_write_mode 0x3
06-27 12:32:21.874 I/amcodec ( 3741): [codec_reset:1157]ret=0
06-27 12:32:21.874 D/AmlogicVideoDecoderAwesome( 3741): reset_2
06-27 12:32:21.874 D/[ 1042.895037@3]- 0(    0): ammvdec_h264 mem-addr=0,buff_offset=56f10000,buf_start=56f00000
06-27 12:32:21.874 D/        (    0): [ 1042.895077@3]- vdec mux clock is 666666656 Hz
06-27 12:32:21.874 D/        (    0): [ 1042.895082@3]- vdec1 video changed to 3840 x 2160 60 fps clk->667MHZ
06-27 12:32:21.874 W/        (    0): [ 1042.895087@3]- H264 sysinfo: 426x240 duration=4000, pts_outside=1
06-27 12:32:21.875 D/        (    0): [ 1042.895091@3]- sync_outside=0, use_idr_framerate=0, is_used_v4l: 0
06-27 12:32:21.875 I/        (    0): [ 1042.895498@3]- [TEE], the fw (h264_multi) will be loaded.
06-27 12:32:21.875 D/        (    0): [ 1042.895839@3]- vh264_init, phy_addr=7446e000 vaddr=0000000074061b25
06-27 12:32:21.875 D/        (    0): [ 1042.896042@3]- vfm map vdec-map-0 created
06-27 12:32:21.875 I/[ 1042.896063@3]- dim(    0): ch[1]:di_receiver_event_fun,8:_REG
06-27 12:32:21.875 I/[ 1042.896069@3]- dim(    0): reg:vdec.h264.00[46]
06-27 12:32:21.875 I/[ 1042.896632@1]- dim(    0): reg:use[0]ms
06-27 12:32:21.875 E/[ 1042.896654@1]- reg(    0): v4lvideo
06-27 12:32:21.875 I/[ 1042.896662@1]- dim(    0): ch[1]:di_receiver_event_fun,3:_START
06-27 12:32:21.875 D/        (    0): [ 1042.896666@1]- vdec_init, vf_provider_name = vdec.h264.00, b 0
06-27 12:32:21.875 I/        (    0): [ 1042.896681@1]- vdec->port_flag=0x182, port_flag=0x18b
06-27 12:32:21.875 I/        (    0): [ 1042.896774@1]- is_reset=0
06-27 12:32:21.874 D/AmlogicVideoDecoderAwesome( 3741): mVideo mDisplayTread start
06-27 12:32:21.875 D/AmlogicVideoDecoderAwesome( 3741): mDTaskStatus=0
06-27 12:32:21.875 V/AmlogicVideoDecoderAwesome( 3741): start:333 >
06-27 12:32:21.875 E/ThreadWorker( 3741): pthread on exit wait clean
06-27 12:32:21.875 D/AmlogicVideoDecoderAwesome( 3741): mVideo start
06-27 12:32:21.875 V/AmlogicVideoDecoderAwesome( 3741): flushInput:1273 >
06-27 12:32:21.875 I/OmxComponent( 3741): OMX.amlogic.avc.decoder.awesome2.secure: flush output
06-27 12:32:21.875 V/AmlogicVideoDecoderAwesome( 3741): flushOutput:1276 >
06-27 12:32:21.875 D/AmlogicVideoDecoderAwesome( 3741): displayThread__flushOutput__fillBufferDone
06-27 12:32:21.875 I/chatty  ( 3741): uid=1046(mediacodec) omx@1.0-service identical 29 lines
06-27 12:32:21.875 I/chatty  ( 3741): uid=1046(mediacodec) omx@1.0-service expire 2 lines
06-27 12:32:21.880 I/[ 1042.901068@1]- vframe_rate_uevent(    0): sent uevent FRAME_RATE_HINT=0
06-27 12:32:21.880 I/[ 1042.901120@1]- dim(    0): ch[1]:di_receiver_event_fun,1:_UNREG
06-27 12:32:21.880 E/[ 1042.901131@1]- unreg(    0): v4lvideo
06-27 12:32:21.880 I/[ 1042.901692@1]- dim(    0): unreg:use[0]ms
06-27 12:32:21.881 D/        (    0): [ 1042.901723@1]- vdec_disable_DMC input->target= 0x0
06-27 12:32:21.881 W/[ 1042.901725@3]- tuner(    0): mxl251_read_status=0x20
06-27 12:32:21.881 D/[ 1042.901837@1]- 0(    0): vh264_stop
06-27 12:32:21.881 D/        (    0): [ 1042.902189@1]- vdec_release instance 0000000028d35bbe, total 1 id = 0
06-27 12:32:21.881 D/        (    0): [ 1042.902249@1]- the clk_vdec_mux    clock off, ref cnt: 0
06-27 12:32:21.881 D/        (    0): [ 1042.902258@1]- the vdec            clock off, ref cnt: 0
06-27 12:32:21.881 D/        (    0): [ 1042.902261@1]- the parser_top      clock off, ref cnt: 1
06-27 12:32:21.881 D/        (    0): [ 1042.902265@1]- the demux           clock off, ref cnt: 1
06-27 12:32:21.881 D/        (    0): [ 1042.902292@1]d v4lvideo_release_map 0 OK
06-27 12:32:21.881 W/[ 1042.902762@3]- tuner(    0): MXL251_Set_Frontend devId:0,tunerId:1 frequency:306003432,bandwidth_hz:7906250,symbol_rate:6875000,modulation:3
06-27 12:32:21.888 I/chatty  (15051): uid=10075(com.jiotv.sonyliv) expire 3 lines
06-27 12:32:21.895 D/ComposerResources( 3604): [getHandle] release cache
06-27 12:32:21.899 D/MesonHwc( 3604): VideoComposerDev (15) set (0).
06-27 12:32:21.899 I/chatty  (15051): uid=10075(com.jiotv.sonyliv) expire 3 lines
06-27 12:32:21.902 I/chatty  ( 3741): uid=1046(mediacodec) HwBinder:3741_5 expire 10 lines
06-27 12:32:21.896 E/[ 1042.916257@1]- Warn(    0): TVP pool will release later.
06-27 12:32:21.903 E/[ 1042.916264@1]- Warn(    0): TVP pool will release later.
06-27 12:32:21.905 I/        (    0): [ 1042.916268@1]- tvp_user_count is 0
06-27 12:32:21.906 I/[ 1042.916274@1]- resman(    0): 58 release [tvp]
06-27 12:32:21.906 D/[ 1042.918025@3]- v4lvid(    0): dbg: vidioc_close!!!!
06-27 12:32:21.906 I/[ 1042.919332@3]- resman(    0): 56 release [codec_mm]
06-27 12:32:21.906 I/[ 1042.921314@0]- vc(    0): [0]vc: set enable index=0, val=0
06-27 12:32:21.906 I/[ 1042.921333@0]- VID(    0): store VD0 path_id changed 2->-1
06-27 12:32:21.906 I/        (    0): [ 1042.921338@0]- dev->index =0, val=1
06-27 12:32:21.906 I/[ 1042.921342@0]- VID(    0): VD1 off
06-27 12:32:21.906 I/[ 1042.921347@0]- VID(    0): VD1 set global output as 0
06-27 12:32:21.906 I/        (    0): [ 1042.921364@0]- common_vf_unreg_provider video_render.0: vd1 used: true, vd2 used: false, black_out:0, cur_buf:000000003a61488d
06-27 12:32:21.906 E/[ 1042.922530@2]- Warn(    0): TVP pool will release later.
06-27 12:32:21.906 I/        (    0): [ 1042.922549@2]- unprotect tvp 1 handle is 6
06-27 12:32:21.906 E/[ 1042.924565@2]- Warn(    0): TVP pool will release later.
06-27 12:32:21.906 E/[ 1042.924573@2]- Warn(    0): TVP pool will release later.
06-27 12:32:21.906 E/[ 1042.924580@2]- Warn(    0): TVP pool will release later.
06-27 12:32:21.906 E/[ 1042.924585@2]- Warn(    0): TVP pool will release later.
06-27 12:32:21.906 E/[ 1042.924591@2]- Warn(    0): TVP pool will release later.
06-27 12:32:21.910 D/SystemControl( 3585): [CPQControl]:onVframeSizeChange: event value = 10(0xa)!
06-27 12:32:21.910 D/SystemControl( 3585): [CPQControl]:onVframeSizeChange: send hdr event,info is 6.!
06-27 12:32:21.915 I/WVCdm   ( 3596): [cdm_engine.cpp(194):CloseSession] Closing session: session_id = sid14
06-27 12:32:21.918 W/[ 1042.938853@0]- RTW(    0): fill_default_txdesc(wlan0): SP Packet(0x0806) rate=0x4 SeqNum = 3807
06-27 12:32:21.922 I/chatty  (15051): uid=10075(com.jiotv.sonyliv) expire 1 line
06-27 12:32:21.923 I/chatty  ( 3756): uid=1046(mediacodec) HwBinder:3756_5 expire 3 lines
06-27 12:32:21.945 I/        (    0): [ 1042.966557@2]- unprotect tvp 0 handle is 5
06-27 12:32:21.952 I/        (    0): [ 1042.973891@2]- disalbe tvp
06-27 12:32:21.964 I/chatty  ( 4810): uid=1000(system) Thread-2 expire 10 lines
06-27 12:32:22.006 W/APM::AudioPolicyEngine( 3671): getDevicesForStrategy() unknown strategy: -1
06-27 12:32:22.007 I/chatty  ( 3671): uid=1041(audioserver) ApmOutput identical 1 line
06-27 12:32:22.007 W/APM::AudioPolicyEngine( 3671): getDevicesForStrategy() unknown strategy: -1
06-27 12:32:22.044 W/[ 1043.065515@3]- tuner(    0): mxl251_read_status=0x20
06-27 12:32:22.050 W/[ 1043.066461@2]- tuner(    0): MXL251_Set_Frontend devId:0,tunerId:1 frequency:305996568,bandwidth_hz:7906250,symbol_rate:6875000,modulation:3
06-27 12:32:22.053 D/INSETS  ( 3825): else - Package Name ::  left : 0 right :: 0 top :: 0 bottom :: 0 dfu-right :: 1920 dfu-bottom :: 1080
06-27 12:32:22.055 I/android.hardware.power-service.libperfmgr( 3632): Power setBoost: INTERACTION duration: 0
06-27 12:32:22.055 I/libperfmgr( 3632): Do Powerhint: INTERACTION
06-27 12:32:22.138 I/chatty  ( 5032): uid=1000(system) DC_Monitor_Hand expire 8 lines
06-27 12:32:22.139 D/JioSettings( 5056): onParameterNotification-DCDataCallbacks-Callback: name=used_memory_updated_event and value={"type":"used_memory_updated_event","value":{"used_memory_percent":70}}
06-27 12:32:22.140 D/JioSettings( 5056): RCUDataManager processServiceDataNotification used_memory_updated_event : {"type":"used_memory_updated_event","value":{"used_memory_percent":70}}
06-27 12:32:22.141 D/JioLauncher( 4984): header-onParameterCallback-parameterName-used_memory_updated_event-parameterValue-{"type":"used_memory_updated_event","value":{"used_memory_percent":70}}
06-27 12:32:22.142 E/JioTR069( 6007): Callback: {"type":"used_memory_updated_event","value":{"used_memory_percent":70}}
06-27 12:32:22.143 E/used_memory_updated_event( 6007): {"type":"used_memory_updated_event","value":{"used_memory_percent":70}}
06-27 12:32:22.166 I/chatty  (15051): uid=10075(com.jiotv.sonyliv) Thread-20 expire 33 lines
06-27 12:32:22.204 W/[ 1043.223039@1]- tuner(    0): mxl251_read_status=0x20
06-27 12:32:22.256 W/[ 1043.277054@1]- tuner(    0): mxl251_read_status=0x20
06-27 12:32:22.256 W/[ 1043.277922@2]- tuner(    0): MXL251_Set_Frontend devId:0,tunerId:1 frequency:306000000,bandwidth_hz:7906250,symbol_rate:6875000,modulation:3
06-27 12:32:22.524 W/[ 1043.546428@2]- tuner(    0): mxl251_read_status=0x20
06-27 12:32:22.629 I/chatty  ( 4810): uid=1000(system) Thread-2 expire 10 lines
06-27 12:32:22.629 I/chatty  ( 4810): uid=1000(system) Thread-2 expire 27 lines
06-27 12:32:22.632 W/[ 1043.651602@1]- tuner(    0): mxl251_get_frontend: 306000000 7906250
06-27 12:32:22.632 W/        (    0): [ 1043.651602@1]-
06-27 12:32:22.632 W/[ 1043.651611@1]- tuner(    0): msl251_get_property 17
06-27 12:32:22.632 W/[ 1043.651961@2]- tuner(    0): MXL251_Set_Frontend devId:0,tunerId:1 frequency:306000000,bandwidth_hz:7906250,symbol_rate:6875000,modulation:5
06-27 12:32:22.660 E/rtk_heartbeat( 3588): heartbeat_timed_out: @bbb heartbeatCmdCount = 1022, expected nextSeqNum = 1022
06-27 12:32:22.661 I/rtk_heartbeat( 3588): rtkbt_heartbeat_cmpl_cback: @bbb Current SeqNum = 1022,should SeqNum=1022, status = 0
06-27 12:32:22.784 W/[ 1043.805048@0]- tuner(    0): mxl251_read_status=0x20
06-27 12:32:22.784 W/[ 1043.805905@3]- tuner(    0): MXL251_Set_Frontend devId:0,tunerId:1 frequency:306000429,bandwidth_hz:7906250,symbol_rate:6875000,modulation:5
06-27 12:32:22.936 W/[ 1043.957392@0]- tuner(    0): mxl251_read_status=0x20
06-27 12:32:22.936 W/[ 1043.958232@0]- tuner(    0): MXL251_Set_Frontend devId:0,tunerId:1 frequency:305999571,bandwidth_hz:7906250,symbol_rate:6875000,modulation:5
06-27 12:32:22.996 E/ocessService0:( 5772): failed to create Unix domain socket: Operation not permitted
06-27 12:32:23.080 W/[ 1044.100983@0]- tuner(    0): mxl251_read_status=0x20
06-27 12:32:23.080 W/[ 1044.101865@2]- tuner(    0): MXL251_Set_Frontend devId:0,tunerId:1 frequency:306000858,bandwidth_hz:7906250,symbol_rate:6875000,modulation:5
06-27 12:32:23.103 D/JioLauncher( 4984): isInternetAvailable-method-response-204
06-27 12:32:23.105 D/JioLauncher( 4984): isMulticastReceiver-Connected-to-5GHz-Wi-Fi-network
06-27 12:32:23.213 I/e.swalekh.abct( 4553): oneway function results will be dropped but finished with status OK and parcel size 4
06-27 12:32:23.225 I/chatty  ( 5032): uid=1000(system) StreamAVDetails expire 36 lines
06-27 12:32:23.240 W/[ 1044.261044@0]- tuner(    0): mxl251_read_status=0x20
06-27 12:32:23.240 W/[ 1044.261884@0]- tuner(    0): MXL251_Set_Frontend devId:0,tunerId:1 frequency:305999142,bandwidth_hz:7906250,symbol_rate:6875000,modulation:5
06-27 12:32:23.396 W/[ 1044.414655@1]- tuner(    0): mxl251_read_status=0x20
06-27 12:32:23.396 W/[ 1044.415525@2]- tuner(    0): MXL251_Set_Frontend devId:0,tunerId:1 frequency:306001287,bandwidth_hz:7906250,symbol_rate:6875000,modulation:5
06-27 12:32:23.430 D/JioLauncher( 4984): overlay status check for wifi and bt remote false false
06-27 12:32:23.434 D/Match code1( 6007): 2
06-27 12:32:23.437 D/JioLauncher( 4984): network-type-------NonJioNetwork
06-27 12:32:23.442 D/JioLauncher( 4984): live-tv-previousIp-[/fe80::1%wlan0, /192.168.1.1]-newHost-[/fe80::1%wlan0, /192.168.1.1]
06-27 12:32:23.464 I/chatty  ( 3825): uid=1000(system) Binder:3825_8 expire 10 lines
06-27 12:32:23.466 I/android.hardware.power-service.libperfmgr( 3632): Power setBoost: INTERACTION duration: 0
06-27 12:32:23.466 I/libperfmgr( 3632): Do Powerhint: INTERACTION
06-27 12:32:23.466 I/android.hardware.power-service.libperfmgr( 3632): Power setBoost: INTERACTION duration: 0
06-27 12:32:23.466 I/libperfmgr( 3632): Do Powerhint: INTERACTION
06-27 12:32:23.472 I/chatty  ( 4077): uid=1000(system) com.jiostb.inactivitytimer expire 1 line
06-27 12:32:23.473 D/AutofillManagerService( 3825): onBackKeyPressed()
06-27 12:32:23.477 I/chatty  ( 4077): uid=1000(system) com.jiostb.inactivitytimer expire 2 lines
06-27 12:32:23.551 W/[ 1044.573038@0]- tuner(    0): mxl251_read_status=0x20
06-27 12:32:23.551 W/[ 1044.573950@0]- tuner(    0): MXL251_Set_Frontend devId:0,tunerId:1 frequency:305998713,bandwidth_hz:7906250,symbol_rate:6875000,modulation:5
06-27 12:32:23.558 W/ActivityManager( 3825): Receiver with filter android.content.IntentFilter@e2f40b1 already registered for pid 15051, callerPackage is com.jiotv.sonyliv
06-27 12:32:23.564 E/ocessService0:( 6950): failed to create Unix domain socket: Operation not permitted
06-27 12:32:23.651 D/INSETS  ( 3825): else - Package Name ::  left : 0 right :: 0 top :: 0 bottom :: 0 dfu-right :: 1920 dfu-bottom :: 1080
06-27 12:32:23.660 E/rtk_heartbeat( 3588): heartbeat_timed_out: @bbb heartbeatCmdCount = 1023, expected nextSeqNum = 1023
06-27 12:32:23.661 I/rtk_heartbeat( 3588): rtkbt_heartbeat_cmpl_cback: @bbb Current SeqNum = 1023,should SeqNum=1023, status = 0
06-27 12:32:23.712 W/[ 1044.733657@2]- tuner(    0): mxl251_read_status=0x20
06-27 12:32:23.712 W/[ 1044.734540@1]- tuner(    0): MXL251_Set_Frontend devId:0,tunerId:1 frequency:306001716,bandwidth_hz:7906250,symbol_rate:6875000,modulation:5
06-27 12:32:23.860 W/[ 1044.880982@0]- tuner(    0): mxl251_read_status=0x20
06-27 12:32:23.860 W/[ 1044.881810@0]- tuner(    0): MXL251_Set_Frontend devId:0,tunerId:1 frequency:305998284,bandwidth_hz:7906250,symbol_rate:6875000,modulation:5
06-27 12:32:24.020 W/[ 1045.041042@0]- tuner(    0): mxl251_read_status=0x20
06-27 12:32:24.024 W/[ 1045.043046@0]- tuner(    0): MXL251_Set_Frontend devId:0,tunerId:1 frequency:306002145,bandwidth_hz:7906250,symbol_rate:6875000,modulation:5
06-27 12:32:24.110 I/AlarmChecker( 4883): Current memory = 1459140
06-27 12:32:24.145 I/AlarmChecker( 4883): Cpu usage = 40.0437%
06-27 12:32:24.176 W/[ 1045.196930@0]- tuner(    0): mxl251_read_status=0x20
06-27 12:32:24.176 W/[ 1045.197747@0]- tuner(    0): MXL251_Set_Frontend devId:0,tunerId:1 frequency:305997855,bandwidth_hz:7906250,symbol_rate:6875000,modulation:5
06-27 12:32:24.328 W/[ 1045.348986@0]- tuner(    0): mxl251_read_status=0x20
06-27 12:32:24.328 W/[ 1045.349808@0]- tuner(    0): MXL251_Set_Frontend devId:0,tunerId:1 frequency:306002574,bandwidth_hz:7906250,symbol_rate:6875000,modulation:5
06-27 12:32:24.484 W/[ 1045.505093@0]- tuner(    0): mxl251_read_status=0x20
06-27 12:32:24.484 W/[ 1045.505925@0]- tuner(    0): MXL251_Set_Frontend devId:0,tunerId:1 frequency:305997426,bandwidth_hz:7906250,symbol_rate:6875000,modulation:5
06-27 12:32:24.513 I/chatty  ( 4859): uid=1000(system) AppOptimizerHan expire 10 lines
06-27 12:32:24.628 W/[ 1045.649071@1]- tuner(    0): mxl251_read_status=0x20
06-27 12:32:24.628 W/[ 1045.649924@3]- tuner(    0): MXL251_Set_Frontend devId:0,tunerId:1 frequency:306003003,bandwidth_hz:7906250,symbol_rate:6875000,modulation:5
06-27 12:32:24.653 I/chatty  ( 4810): uid=1000(system) Thread-1753 expire 11 lines
06-27 12:32:24.660 E/rtk_heartbeat( 3588): heartbeat_timed_out: @bbb heartbeatCmdCount = 1024, expected nextSeqNum = 1024
06-27 12:32:24.661 I/rtk_heartbeat( 3588): rtkbt_heartbeat_cmpl_cback: @bbb Current SeqNum = 1024,should SeqNum=1024, status = 0
06-27 12:32:24.712 I/UsageStatsService( 3825): User[0] Flushing usage stats to disk
06-27 12:32:24.847 D/sub_mixing_factory( 3587): [out_standby_subMixingPCM:1311] out_stream(0xeb3ee000) usecase: PCM_NORMAL
06-27 12:32:24.847 I/sub_mixing_factory( 3587): [usecase_change_validate_l_sm:1157] cur dev masks:0x1, delete out usecase:PCM_NORMAL
06-27 12:32:24.847 I/sub_mixing_factory( 3587): [usecase_change_validate_l_sm:1167] standby unmask usecase PCM_NORMAL
06-27 12:32:24.847 I/amlAudioMixer( 3587): [delete_mixer_input_port:190] input port ID:0, type:PCM_SYSTEM, cur mask:0x1
06-27 12:32:24.852 W/[ 1045.873927@0]- tuner(    0): mxl251_read_status=0x20
06-27 12:32:24.856 W/[ 1045.874798@0]- tuner(    0): MXL251_Set_Frontend devId:0,tunerId:1 frequency:305996997,bandwidth_hz:7906250,symbol_rate:6875000,modulation:5
06-27 12:32:25.008 W/[ 1046.029066@0]- tuner(    0): mxl251_read_status=0x20
06-27 12:32:25.008 W/[ 1046.029888@0]- tuner(    0): MXL251_Set_Frontend devId:0,tunerId:1 frequency:306003432,bandwidth_hz:7906250,symbol_rate:6875000,modulation:5
06-27 12:32:25.016 I/chatty  ( 3825): uid=1000(system) Binder:3825_15 expire 9 lines
06-27 12:32:25.017 I/android.hardware.power-service.libperfmgr( 3632): Power setBoost: INTERACTION duration: 0
06-27 12:32:25.017 I/libperfmgr( 3632): Do Powerhint: INTERACTION
