06-17 21:38:38.766 I/VDA     (  529): [0] "Stop[4] state 3\n"
06-17 21:38:38.766 I/VDA     (  529): [0] "Stop[5] state 1\n"
06-17 21:38:38.766 I/VDA     (  529): [0] "Stop[6] state 1\n"
06-17 21:38:38.766 I/VDA     (  529): [0] "Stop[7] state 1\n"
06-17 21:38:38.766 I/VDA     (  529): [0] "Stop[8] state 1\n"
06-17 21:38:38.766 I/VDA     (  529): [0] "Stop[9] state 1\n"
06-17 21:38:38.766 I/VDA     (  529): [0] "Stop[10] state 1\n"
06-17 21:38:38.766 I/VDA     (  529): [0] "Stop[11] state 1\n"
06-17 21:38:38.766 I/VDA     (  529): [0] "Stop[12] state 3\n"
06-17 21:38:38.766 I/VDA     (  529): [0] "Stop[13] state 3\n"
06-17 21:38:38.766 I/VDA     (  529): [0] "StopInputStream input_streamon 1, input_buffer_map_.size 3\n"
06-17 21:38:38.770 I/VDA     (  529): [0] "----stop input VIDIOC_STREAMOFF----\n"
06-17 21:38:38.770 I/VDA     (  529): [0] "SendPictureReady\n"
06-17 21:38:38.770 I/VDA     (  529): [0] "post ResetDoneTask\n"
06-17 21:38:38.770 I/VDA     (  529): [0] "ResetDoneTask\n"
06-17 21:38:38.770 I/VDA     (  529): [0] "StartDevicePoll\n"
06-17 21:38:38.770 I/[ 3378.811838@1]  [amlv4l](    0): [63]: reset mode: 1, es frames buffering: 0
06-17 21:38:38.769 W/V4L2DecoderThre(  529): type=1400 audit(0.0:4983): avc: denied { search } for name="/" dev="cgroup2" ino=1 scontext=u:r:mediacodec:s0 tcontext=u:object_r:cgroup_bpf:s0 tclass=dir permissive=0
06-17 21:38:38.773 W/[ 3378.816502@2]  audit(    0): audit_lost=4032 audit_rate_limit=5 audit_backlog_limit=64
06-17 21:38:38.774 E/[ 3378.816512@2]  audit(    0): rate limit exceeded
06-17 21:38:38.770 I/VDA     (  529): [0] "NotifyResetDone\n"
06-17 21:38:38.770 I/AmVideoDec(  529): [0] "notifyResetDone\n"
06-17 21:38:38.770 V/AmlogicVideoDecoderAwesome2(  529): [45]NotifyResetDone:2116 >
06-17 21:38:38.770 D/AmlogicVideoDecoderAwesome2(  529): [45]"reset_2"
06-17 21:38:38.770 V/AmlogicVideoDecoderAwesome2(  529): [45]start:341 >
06-17 21:38:38.770 E/ThreadWorker(  529): pthread on exit wait clean
06-17 21:38:38.774 D/AmlogicVideoDecoderAwesome2(  529): [45]"mVideo start\n"
06-17 21:38:38.774 V/AmlogicVideoDecoderAwesome2(  529): [45]flushInput:1018 >
06-17 21:38:38.774 I/OmxComponent(  529): OMX.amlogic.avc.decoder.awesome2: flush output
06-17 21:38:38.774 V/AmlogicVideoDecoderAwesome2(  529): [45]flushOutput:1021 >
06-17 21:38:38.774 D/AmlogicVideoDecoderAwesome2(  529): [45]"__flushOutput__fillBufferDone:2 0xec0eb090\n"
06-17 21:38:38.774 D/AmlogicVideoDecoderAwesome2(  529): [45]"__flushOutput__fillBufferDone:5 0xec0eae60\n"
06-17 21:38:38.774 D/AmlogicVideoDecoderAwesome2(  529): [45]"__flushOutput__fillBufferDone:6 0xec0eae10\n"
06-17 21:38:38.774 D/AmlogicVideoDecoderAwesome2(  529): [45]"__flushOutput__fillBufferDone:7 0xec0eaeb0\n"
06-17 21:38:38.774 D/AmlogicVideoDecoderAwesome2(  529): [45]"__flushOutput__fillBufferDone:8 0xec0eaff0\n"
06-17 21:38:38.774 D/AmlogicVideoDecoderAwesome2(  529): [45]"__flushOutput__fillBufferDone:9 0xec0eb040\n"
06-17 21:38:38.774 D/AmlogicVideoDecoderAwesome2(  529): [45]"__flushOutput__fillBufferDone:10 0xec0eaf00\n"
06-17 21:38:38.774 D/AmlogicVideoDecoderAwesome2(  529): [45]"__flushOutput__fillBufferDone:11 0xec0eadc0\n"
06-17 21:38:38.774 V/AmlogicVideoDecoderAwesome2(  529): [45]flushOutput:1098 >
06-17 21:38:38.774 D/AmlogicVideoDecoderAwesome2(  529): [45]"mVideo stop\n"
06-17 21:38:38.774 V/AmlogicVideoDecoderAwesome2(  529): [45]stop:366 >
06-17 21:38:38.777 V/OMX_WorkerPeer(  529): vendor/amlogic/common/omx/omx_framework/WorkerPeer.cpp:runWorkerStatic:155 --------------------
06-17 21:38:38.778 V/OMX_WorkerPeer(  529): vendor/amlogic/common/omx/omx_framework/WorkerPeer.cpp:runWorker:161 --------------------
06-17 21:38:38.778 I/OmxComponent(  529): OMX-53 STATE_TRANS: OMX_StateExecuting => OMX_StateIdle : OMX.amlogic.avc.decoder.awesome2
06-17 21:38:38.778 I/OmxComponent(  529): STATE_DONE:  OMX_StateExecuting => OMX_StateIdle : OMX.amlogic.avc.decoder.awesome2
06-17 21:38:38.779 I/OmxComponent(  529): OMX_CommandStateSet 850 Cmd 0 nParam1 0x1
06-17 21:38:38.779 I/OmxComponent(  529): OMX-53 STATE_SET:   OMX_StateIdle => OMX_StateLoaded : OMX.amlogic.avc.decoder.awesome2
06-17 21:38:38.779 V/AmlogicVideoDecoderAwesome2(  529): [45]releaseResources:443 >
06-17 21:38:38.779 V/AmlogicVideoDecoderAwesome2(  529): [45]tearDown:802 >
06-17 21:38:38.779 V/AmlogicVideoDecoderAwesome2(  529): [45]tearDown:1563 >
06-17 21:38:38.779 V/AmlogicVideoDecoderAwesome2(  529): [45]initializeState_l:1611 >
06-17 21:38:38.779 D/VideoDecWraper(  529): destroy
06-17 21:38:38.779 I/VDA     (  529): [0] "Destroy"
06-17 21:38:38.781 I/VDA     (  529): [0] "DestroyTask(): IN[0,0], OUT[0,0,0] DEC[0->0] => DEVICE[3+0/3->0+0/14] => CLIENT[12]\n"
06-17 21:38:38.781 I/VDA     (  529): [0] "StopDevicePoll\n"
06-17 21:38:38.785 I/VDA     (  529): [0] "StopInputStream input_streamon 0, input_buffer_map_.size 3\n"
06-17 21:38:38.785 I/VDA     (  529): [0] "DestroyInputBuffers\n"
06-17 21:38:38.797 I/[ 3378.839770@3]  [amlv4l](    0): [63]: reset mode: 1, es frames buffering: 0
06-17 21:38:38.806 W/livelock(  541): sample 1.788s
06-17 21:38:38.811 D/[ 3378.849362@3]  [amlcom](    0): vdec_release instance 0000000037bab37c, total 1
06-17 21:38:38.811 D/[ 3378.849526@3]  [media_clock](    0): the clk_vdec_mux    clock off, ref cnt: 0
06-17 21:38:38.821 I/[ 3378.863381@3]  dim(    0): unreg:2keep[0], msk:[0x0,0x0]
06-17 21:38:38.829 I/[ 3378.873468@3]  vpu(    0): vpu: vpu_dev_clk_gate_off: unsupport vpu mod: 72
06-17 21:38:38.833 I/[ 3378.876346@1]  dim(    0): unreg:use[27]ms
06-17 21:38:38.833 I/[ 3378.876359@1]  dim(    0): di_destroy_instance:ch[2]:end
06-17 21:38:38.833 I/[ 3378.878007@1]  resman(    0): 66 release [decoder]
06-17 21:38:38.833 I/[ 3378.878019@1]  resman(    0): 66 release [codec_mm]
06-17 21:38:38.833 E/        (    0): [ 3378.879026@3]  disalbe fastplay
06-17 21:38:38.832 D/VideoDecWraper(  529): ~VideoDecWraper
06-17 21:38:38.832 I/AmVideoDec(  529): [0] "~AmVideoDec IN[19:19] OUT[28:18]\n"
06-17 21:38:38.832 D/OmxResManage(  529): Release fd = 12
06-17 21:38:38.832 D/resman  (  529): release all, fd:12
06-17 21:38:38.832 I/OmxComponent(  529): OMX-53 STATE_TRANS: OMX_StateIdle => OMX_StateLoaded : OMX.amlogic.avc.decoder.awesome2
06-17 21:38:38.832 I/OmxComponent(  529): STATE_DONE:  OMX_StateIdle => OMX_StateLoaded : OMX.amlogic.avc.decoder.awesome2
06-17 21:38:38.833 D/OmxComponentManagerImpl(  529): DecreaseEntryNumByName pEntry->mNum=1, pEntry->mMaxNum:9,componentName:OMX.amlogic.avc.decoder.awesome2
06-17 21:38:38.833 I/omx_core(  529): OMX_freeHandle_num_= 0
06-17 21:38:38.833 D/OmxVideoDecoder(  529): ~OmxVideoDecoder===pSidebandWindow:0x0
06-17 21:38:38.833 D/AmlogicVideoPassthrough(  529): [1]"~AmlogicVideoPassthrough"
06-17 21:38:38.833 D/AmlogicVideoPassthrough(  529): [0]"~AmlogicVideoPassthrough, mOmxInstancenum 0"
06-17 21:38:38.833 D/OmxComponent(  529): ~OmxComponent 281 : OMX.amlogic.avc.decoder.awesome2
06-17 21:38:38.833 I/AmlogicVideoDecoderAwesome2(  529): [45]"~AmlogicVideoDecoderAwesome2"
06-17 21:38:38.833 D/AmlogicVideoDecoderAwesome2(  529): [45]"~AmlogicVideoDecoder2"
06-17 21:38:38.833 D/AmlogicVideoDecoderAwesome2(  529): [45]"~AmlogicVideoDecoder2, mOmxInstancenum 0"
06-17 21:38:38.833 D/OmxResManage(  529): ~ResManWrapper fd = 12
06-17 21:38:38.833 D/resman  (  529): release all resource, fd = 12
06-17 21:38:38.873 I/        (    0): [ 3378.915552@0]  [bluebank] [usb_dec_thread] usb2_status=1, usb3_status=1
06-17 21:38:38.886 I/ThermalService(  992): CPU temperatures: [52.600002]
06-17 21:38:38.996 I/e.swalekh.abct( 1302): oneway function results will be dropped but finished with status OK and parcel size 4
06-17 21:38:39.009 I/chatty  ( 3507): uid=1000(system) RxComputationTh expire 12 lines
06-17 21:38:39.246 D/rtk_heartbeat(  373): heartbeat_timed_out: heartbeatCmdCount = 3343, expected nextSeqNum = 3343
06-17 21:38:39.247 D/rtk_heartbeat(  373): rtkbt_heartbeat_cmpl_cback: Current SeqNum = 3343,should SeqNum=3343, status = 0
06-17 21:38:39.285 I/JioBackgroundSchedulerService( 2843): Check schedule  
06-17 21:38:39.745 E/ocessService0:( 2361): failed to create Unix domain socket: Operation not permitted
06-17 21:38:39.897 I/        (    0): [ 3379.939355@0]  [bluebank] [usb_dec_thread] usb2_status=1, usb3_status=1
06-17 21:38:40.168 D/JioCastDialServer( 2967): InitiateMulticastUDPConnection :: onUDPMessageReceived() M_SEARCH_REQUEST matches
06-17 21:38:40.168 D/JioCastDialServer( 2967): InitiateMulticastUDPConnection :: onUDPMessageReceived remoteAddress=/192.168.1.10 remotePort=43865
06-17 21:38:40.168 D/JioCastDialServer( 2967): InitiateMulticastUDPConnection :: restService remoteAddress=/192.168.1.10:41050
06-17 21:38:40.168 D/JioCastDialServer( 2967): Utils :: getUUID()
06-17 21:38:40.169 D/JioCastDialServer( 2967): InitiateMulticastUDPConnection :: onUDPMessageReceived() Sent MSEARCH Reponse
06-17 21:38:40.169 D/JioCastDialServer( 2967): InitiateMulticastUDPConnection :: startDialServiceDiscovery()
06-17 21:38:40.169 D/JioCastDialServer( 2967): InitiateMulticastUDPConnection :: DialSocket is Closed()
06-17 21:38:40.169 D/JioCastDialServer( 2967): InitiateMulticastUDPConnection :: onUDPMessageReceived() M_SEARCH_REQUEST matches
06-17 21:38:40.170 D/JioCastDialServer( 2967): InitiateMulticastUDPConnection :: onUDPMessageReceived remoteAddress=/192.168.1.10 remotePort=41029
06-17 21:38:40.170 D/JioCastDialServer( 2967): InitiateMulticastUDPConnection :: restService remoteAddress=/192.168.1.10:41050
06-17 21:38:40.170 D/JioCastDialServer( 2967): Utils :: getUUID()
06-17 21:38:40.170 D/JioCastDialServer( 2967): InitiateMulticastUDPConnection :: onUDPMessageReceived() Sent MSEARCH Reponse
06-17 21:38:40.171 D/JioCastDialServer( 2967): InitiateMulticastUDPConnection :: startDialServiceDiscovery()
06-17 21:38:40.171 D/JioCastDialServer( 2967): InitiateMulticastUDPConnection :: DialSocket is Closed()
06-17 21:38:40.171 D/JioCastDialServer( 2967): InitiateMulticastUDPConnection :: onUDPMessageReceived() M_SEARCH_REQUEST matches
06-17 21:38:40.171 D/JioCastDialServer( 2967): InitiateMulticastUDPConnection :: onUDPMessageReceived remoteAddress=/192.168.1.10 remotePort=48142
06-17 21:38:40.171 D/JioCastDialServer( 2967): InitiateMulticastUDPConnection :: restService remoteAddress=/192.168.1.10:41050
06-17 21:38:40.171 D/JioCastDialServer( 2967): Utils :: getUUID()
06-17 21:38:40.171 D/JioCastDialServer( 2967): InitiateMulticastUDPConnection :: onUDPMessageReceived() Sent MSEARCH Reponse
06-17 21:38:40.172 D/JioCastDialServer( 2967): InitiateMulticastUDPConnection :: startDialServiceDiscovery()
06-17 21:38:40.172 D/JioCastDialServer( 2967): InitiateMulticastUDPConnection :: DialSocket is Closed()
06-17 21:38:40.227 I/chatty  ( 1047): uid=1000(system) DefaultDispatch expire 15 lines
06-17 21:38:40.246 D/rtk_heartbeat(  373): heartbeat_timed_out: heartbeatCmdCount = 3344, expected nextSeqNum = 3344
06-17 21:38:40.249 D/rtk_heartbeat(  373): rtkbt_heartbeat_cmpl_cback: Current SeqNum = 3344,should SeqNum=3344, status = 0
06-17 21:38:40.278 D/JioCastDialServer( 2967): DialRestService :: createAndAcceptSocketAgain() after mServerSocket.accept()
06-17 21:38:40.278 D/JioCastDialServer( 2967): DialRestService :: receiveApplicationInformationRequest()
06-17 21:38:40.278 D/JioCastDialServer( 2967): DialRestService :: receiveApplicationInformationRequest() : socketAddress=/192.168.1.10:48402; socketPort=48402
06-17 21:38:40.283 D/JioCastDialServer( 2967): DialRestService:: receiveApplicationInformationRequest() msg=GET /apps/YouTube HTTP/1.1
06-17 21:38:40.284 D/JioCastDialServer( 2967): Utils :: getDialClientVersion()
06-17 21:38:40.284 D/JioCastDialServer( 2967): Utils :: getDialClientVersion()
06-17 21:38:40.284 D/JioCastDialServer( 2967): DialRestService :: getDialClientVersion: 0.0
06-17 21:38:40.284 D/JioCastDialServer( 2967): DialRestService :: receiveApplicationInformationRequest() APP_INFO_REQUEST msg=GET /apps/YouTube HTTP/1.1
06-17 21:38:40.285 D/JioCastDialServer( 2967): Utils :: getAppName()
06-17 21:38:40.286 D/JioCastDialServer( 2967): DialRestService :: receiveApplicationInformationRequest() appName=YouTube
06-17 21:38:40.286 D/JioCastDialServer( 2967): Utils :: getAppPackageName() appName=YouTube
06-17 21:38:40.286 D/JioCastDialServer( 2967): Utils :: isPackageInstalled() packageName=com.jio.yt
06-17 21:38:40.289 D/JioCastDialServer( 2967): DialRestService :: receiveApplicationInformationRequest() Android Version >= 10; API: 30
06-17 21:38:40.289 D/JioCastDialServer( 2967): Utils :: getDialClientVersion()
06-17 21:38:40.289 D/JioCastDialServer( 2967): DialRestServiceDialClientVersion: 0.0
06-17 21:38:40.289 D/JioCastDialServer( 2967): Utils :: getDialClientVersion()
06-17 21:38:40.290 D/JioCastDialServer( 2967): Utils :: getAppPackageName() appName=YouTube
06-17 21:38:40.290 D/JioCastDialServer( 2967): Utils :: isAppOnForeground()
06-17 21:38:40.292 D/JioCastDialServer( 2967): DialRestService :: sendSpecificApplicationInformationResponse()
06-17 21:38:40.292 D/JioCastDialServer( 2967): Utils :: getAppInfo()
06-17 21:38:40.292 E/JioCastDialServer( 2967): addDataMsg is EMPTY
06-17 21:38:40.292 D/JioCastDialServer( 2967): DialRestService :: sendTCPMessage() message=HTTP/1.1 200 OK 

06-17 21:38:40.292 D/JioCastDialServer( 2967): Content-Type: text/xml

06-17 21:38:40.292 D/JioCastDialServer( 2967): 

06-17 21:38:40.292 D/JioCastDialServer( 2967): <?xml version="1.0" encoding="UTF-8"?>

06-17 21:38:40.292 D/JioCastDialServer( 2967): <service xmlns="urn:dial-multiscreen-org:schemas:dial" dialVer="2.1">

06-17 21:38:40.292 D/JioCastDialServer( 2967): <name>YouTube</name>

06-17 21:38:40.292 D/JioCastDialServer( 2967): <options allowStop="true"/>


06-17 21:38:40.292 D/JioCastDialServer( 2967): <state>stopped</state>

06-17 21:38:40.292 D/JioCastDialServer( 2967): <link rel="run" href="run"/>

06-17 21:38:40.292 D/JioCastDialServer( 2967): </service>

06-17 21:38:40.293 D/JioCastDialServer( 2967): DialRestService :: receiveApplicationInformationRequest() Outside WHILE before stopDiscovery()
06-17 21:38:40.293 D/JioCastDialServer( 2967): DialRestService :: stopDiscovery()
06-17 21:38:40.293 D/JioCastDialServer( 2967): DialRestService :: closeSocket()
06-17 21:38:40.295 D/JioCastDialServer( 2967): DialRestServiceHandler :: handleMessage()
06-17 21:38:40.295 D/JioCastDialServer( 2967): DialRestServiceHandler :: handleMessage() ACTION_CREATE
06-17 21:38:40.296 D/JioCastDialServer( 2967): DialRestService :: createAndAcceptSocketAgain() called.
06-17 21:38:40.296 D/JioCastDialServer( 2967): DialRestService :: createAndAcceptSocketAgain() before mServerSocket.accept()
06-17 21:38:40.305 D/JioCastDialServer( 2967): DialRestService :: createAndAcceptSocketAgain() after mServerSocket.accept()
06-17 21:38:40.305 D/JioCastDialServer( 2967): DialRestService :: receiveApplicationInformationRequest()
06-17 21:38:40.305 D/JioCastDialServer( 2967): DialRestService :: receiveApplicationInformationRequest() : socketAddress=/192.168.1.10:48414; socketPort=48414
06-17 21:38:40.306 D/JioCastDialServer( 2967): DialRestService:: receiveApplicationInformationRequest() msg=GET /apps/YouTube HTTP/1.1
06-17 21:38:40.309 D/JioCastDialServer( 2967): Utils :: getDialClientVersion()
06-17 21:38:40.310 D/JioCastDialServer( 2967): Utils :: getDialClientVersion()
06-17 21:38:40.310 D/JioCastDialServer( 2967): DialRestService :: getDialClientVersion: 0.0
06-17 21:38:40.310 D/JioCastDialServer( 2967): DialRestService :: receiveApplicationInformationRequest() APP_INFO_REQUEST msg=GET /apps/YouTube HTTP/1.1
06-17 21:38:40.310 D/JioCastDialServer( 2967): Utils :: getAppName()
06-17 21:38:40.310 D/JioCastDialServer( 2967): DialRestService :: receiveApplicationInformationRequest() appName=YouTube
06-17 21:38:40.310 D/JioCastDialServer( 2967): Utils :: getAppPackageName() appName=YouTube
06-17 21:38:40.310 D/JioCastDialServer( 2967): Utils :: isPackageInstalled() packageName=com.jio.yt
06-17 21:38:40.310 D/JioCastDialServer( 2967): DialRestService :: receiveApplicationInformationRequest() Android Version >= 10; API: 30
06-17 21:38:40.310 D/JioCastDialServer( 2967): Utils :: getDialClientVersion()
06-17 21:38:40.310 D/JioCastDialServer( 2967): DialRestServiceDialClientVersion: 0.0
06-17 21:38:40.311 D/JioCastDialServer( 2967): Utils :: getDialClientVersion()
06-17 21:38:40.311 D/JioCastDialServer( 2967): Utils :: getAppPackageName() appName=YouTube
06-17 21:38:40.311 D/JioCastDialServer( 2967): Utils :: isAppOnForeground()
06-17 21:38:40.317 D/JioCastDialServer( 2967): DialRestService :: sendSpecificApplicationInformationResponse()
06-17 21:38:40.318 D/JioCastDialServer( 2967): Utils :: getAppInfo()
06-17 21:38:40.318 E/JioCastDialServer( 2967): addDataMsg is EMPTY
06-17 21:38:40.318 D/JioCastDialServer( 2967): DialRestService :: sendTCPMessage() message=HTTP/1.1 200 OK 

06-17 21:38:40.318 D/JioCastDialServer( 2967): Content-Type: text/xml

06-17 21:38:40.318 D/JioCastDialServer( 2967): 

06-17 21:38:40.318 D/JioCastDialServer( 2967): <?xml version="1.0" encoding="UTF-8"?>

06-17 21:38:40.318 D/JioCastDialServer( 2967): <service xmlns="urn:dial-multiscreen-org:schemas:dial" dialVer="2.1">

06-17 21:38:40.318 D/JioCastDialServer( 2967): <name>YouTube</name>

06-17 21:38:40.318 D/JioCastDialServer( 2967): <options allowStop="true"/>


06-17 21:38:40.318 D/JioCastDialServer( 2967): <state>stopped</state>

06-17 21:38:40.318 D/JioCastDialServer( 2967): <link rel="run" href="run"/>

06-17 21:38:40.318 D/JioCastDialServer( 2967): </service>

06-17 21:38:40.319 D/JioCastDialServer( 2967): DialRestService :: receiveApplicationInformationRequest() Outside WHILE before stopDiscovery()
06-17 21:38:40.319 D/JioCastDialServer( 2967): DialRestService :: stopDiscovery()
06-17 21:38:40.319 D/JioCastDialServer( 2967): DialRestService :: closeSocket()
06-17 21:38:40.319 D/JioCastDialServer( 2967): DialRestServiceHandler :: handleMessage()
06-17 21:38:40.320 D/JioCastDialServer( 2967): DialRestServiceHandler :: handleMessage() ACTION_CREATE
06-17 21:38:40.320 D/JioCastDialServer( 2967): DialRestService :: createAndAcceptSocketAgain() called.
06-17 21:38:40.320 D/JioCastDialServer( 2967): DialRestService :: createAndAcceptSocketAgain() before mServerSocket.accept()
06-17 21:38:40.320 D/JioCastDialServer( 2967): DialRestService :: createAndAcceptSocketAgain() after mServerSocket.accept()
06-17 21:38:40.321 D/JioCastDialServer( 2967): DialRestService :: receiveApplicationInformationRequest()
06-17 21:38:40.321 D/JioCastDialServer( 2967): DialRestService :: receiveApplicationInformationRequest() : socketAddress=/192.168.1.10:48426; socketPort=48426
06-17 21:38:40.321 D/JioCastDialServer( 2967): DialRestService:: receiveApplicationInformationRequest() msg=GET /apps/YouTube HTTP/1.1
06-17 21:38:40.321 D/JioCastDialServer( 2967): Utils :: getDialClientVersion()
06-17 21:38:40.321 D/JioCastDialServer( 2967): Utils :: getDialClientVersion()
06-17 21:38:40.321 D/JioCastDialServer( 2967): DialRestService :: getDialClientVersion: 0.0
06-17 21:38:40.321 D/JioCastDialServer( 2967): DialRestService :: receiveApplicationInformationRequest() APP_INFO_REQUEST msg=GET /apps/YouTube HTTP/1.1
06-17 21:38:40.322 D/JioCastDialServer( 2967): Utils :: getAppName()
06-17 21:38:40.322 D/JioCastDialServer( 2967): DialRestService :: receiveApplicationInformationRequest() appName=YouTube
06-17 21:38:40.322 D/JioCastDialServer( 2967): Utils :: getAppPackageName() appName=YouTube
06-17 21:38:40.322 D/JioCastDialServer( 2967): Utils :: isPackageInstalled() packageName=com.jio.yt
06-17 21:38:40.322 D/JioCastDialServer( 2967): DialRestService :: receiveApplicationInformationRequest() Android Version >= 10; API: 30
06-17 21:38:40.322 D/JioCastDialServer( 2967): Utils :: getDialClientVersion()
06-17 21:38:40.322 D/JioCastDialServer( 2967): DialRestServiceDialClientVersion: 0.0
06-17 21:38:40.322 D/JioCastDialServer( 2967): Utils :: getDialClientVersion()
06-17 21:38:40.322 D/JioCastDialServer( 2967): Utils :: getAppPackageName() appName=YouTube
06-17 21:38:40.322 D/JioCastDialServer( 2967): Utils :: isAppOnForeground()
06-17 21:38:40.324 D/JioCastDialServer( 2967): DialRestService :: sendSpecificApplicationInformationResponse()
06-17 21:38:40.324 D/JioCastDialServer( 2967): Utils :: getAppInfo()
06-17 21:38:40.324 E/JioCastDialServer( 2967): addDataMsg is EMPTY
06-17 21:38:40.324 D/JioCastDialServer( 2967): DialRestService :: sendTCPMessage() message=HTTP/1.1 200 OK 

06-17 21:38:40.324 D/JioCastDialServer( 2967): Content-Type: text/xml

06-17 21:38:40.324 D/JioCastDialServer( 2967): 

06-17 21:38:40.324 D/JioCastDialServer( 2967): <?xml version="1.0" encoding="UTF-8"?>

06-17 21:38:40.324 D/JioCastDialServer( 2967): <service xmlns="urn:dial-multiscreen-org:schemas:dial" dialVer="2.1">

06-17 21:38:40.324 D/JioCastDialServer( 2967): <name>YouTube</name>

06-17 21:38:40.324 D/JioCastDialServer( 2967): <options allowStop="true"/>


06-17 21:38:40.324 D/JioCastDialServer( 2967): <state>stopped</state>

06-17 21:38:40.324 D/JioCastDialServer( 2967): <link rel="run" href="run"/>

06-17 21:38:40.324 D/JioCastDialServer( 2967): </service>

06-17 21:38:40.325 D/JioCastDialServer( 2967): DialRestService :: receiveApplicationInformationRequest() Outside WHILE before stopDiscovery()
06-17 21:38:40.325 D/JioCastDialServer( 2967): DialRestService :: stopDiscovery()
06-17 21:38:40.325 D/JioCastDialServer( 2967): DialRestService :: closeSocket()
06-17 21:38:40.326 D/JioCastDialServer( 2967): DialRestServiceHandler :: handleMessage()
06-17 21:38:40.326 D/JioCastDialServer( 2967): DialRestServiceHandler :: handleMessage() ACTION_CREATE
06-17 21:38:40.326 D/JioCastDialServer( 2967): DialRestService :: createAndAcceptSocketAgain() called.
06-17 21:38:40.326 D/JioCastDialServer( 2967): DialRestService :: createAndAcceptSocketAgain() before mServerSocket.accept()
06-17 21:38:40.362 W/[ 3380.404425@0]  RTW(    0): fill_default_txdesc(wlan0): SP Packet(0x0806) rate=0x4 SeqNum = 663
06-17 21:38:40.373 D/JioCastDialServer( 2967): InitiateMulticastUDPConnection :: onUDPMessageReceived() M_SEARCH_REQUEST matches
06-17 21:38:40.373 D/JioCastDialServer( 2967): InitiateMulticastUDPConnection :: onUDPMessageReceived remoteAddress=/192.168.1.10 remotePort=45817
06-17 21:38:40.373 D/JioCastDialServer( 2967): InitiateMulticastUDPConnection :: restService remoteAddress=/192.168.1.10:48426
06-17 21:38:40.373 D/JioCastDialServer( 2967): Utils :: getUUID()
06-17 21:38:40.373 D/JioCastDialServer( 2967): InitiateMulticastUDPConnection :: onUDPMessageReceived() Sent MSEARCH Reponse
06-17 21:38:40.374 D/JioCastDialServer( 2967): InitiateMulticastUDPConnection :: startDialServiceDiscovery()
06-17 21:38:40.374 D/JioCastDialServer( 2967): InitiateMulticastUDPConnection :: DialSocket is Closed()
06-17 21:38:40.390 D/JioCastDialServer( 2967): DialRestService :: createAndAcceptSocketAgain() after mServerSocket.accept()
06-17 21:38:40.390 D/JioCastDialServer( 2967): DialRestService :: receiveApplicationInformationRequest()
06-17 21:38:40.390 D/JioCastDialServer( 2967): DialRestService :: receiveApplicationInformationRequest() : socketAddress=/192.168.1.10:48434; socketPort=48434
06-17 21:38:40.394 D/JioCastDialServer( 2967): DialRestService:: receiveApplicationInformationRequest() msg=GET /apps/YouTube HTTP/1.1
06-17 21:38:40.394 D/JioCastDialServer( 2967): Utils :: getDialClientVersion()
06-17 21:38:40.394 D/JioCastDialServer( 2967): Utils :: getDialClientVersion()
06-17 21:38:40.395 D/JioCastDialServer( 2967): DialRestService :: getDialClientVersion: 0.0
06-17 21:38:40.395 D/JioCastDialServer( 2967): DialRestService :: receiveApplicationInformationRequest() APP_INFO_REQUEST msg=GET /apps/YouTube HTTP/1.1
06-17 21:38:40.395 D/JioCastDialServer( 2967): Utils :: getAppName()
06-17 21:38:40.396 D/JioCastDialServer( 2967): DialRestService :: receiveApplicationInformationRequest() appName=YouTube
06-17 21:38:40.396 D/JioCastDialServer( 2967): Utils :: getAppPackageName() appName=YouTube
06-17 21:38:40.397 D/JioCastDialServer( 2967): Utils :: isPackageInstalled() packageName=com.jio.yt
06-17 21:38:40.397 D/JioCastDialServer( 2967): DialRestService :: receiveApplicationInformationRequest() Android Version >= 10; API: 30
06-17 21:38:40.397 D/JioCastDialServer( 2967): Utils :: getDialClientVersion()
06-17 21:38:40.398 D/JioCastDialServer( 2967): DialRestServiceDialClientVersion: 0.0
06-17 21:38:40.398 D/JioCastDialServer( 2967): Utils :: getDialClientVersion()
06-17 21:38:40.399 D/JioCastDialServer( 2967): Utils :: getAppPackageName() appName=YouTube
06-17 21:38:40.399 D/JioCastDialServer( 2967): Utils :: isAppOnForeground()
06-17 21:38:40.402 D/JioCastDialServer( 2967): DialRestService :: sendSpecificApplicationInformationResponse()
06-17 21:38:40.402 D/JioCastDialServer( 2967): Utils :: getAppInfo()
06-17 21:38:40.402 E/JioCastDialServer( 2967): addDataMsg is EMPTY
06-17 21:38:40.403 D/JioCastDialServer( 2967): DialRestService :: sendTCPMessage() message=HTTP/1.1 200 OK 

06-17 21:38:40.403 D/JioCastDialServer( 2967): Content-Type: text/xml

06-17 21:38:40.403 D/JioCastDialServer( 2967): 

06-17 21:38:40.403 D/JioCastDialServer( 2967): <?xml version="1.0" encoding="UTF-8"?>

06-17 21:38:40.403 D/JioCastDialServer( 2967): <service xmlns="urn:dial-multiscreen-org:schemas:dial" dialVer="2.1">

06-17 21:38:40.403 D/JioCastDialServer( 2967): <name>YouTube</name>

06-17 21:38:40.403 D/JioCastDialServer( 2967): <options allowStop="true"/>


06-17 21:38:40.403 D/JioCastDialServer( 2967): <state>stopped</state>

06-17 21:38:40.403 D/JioCastDialServer( 2967): <link rel="run" href="run"/>

06-17 21:38:40.403 D/JioCastDialServer( 2967): </service>

06-17 21:38:40.404 D/JioCastDialServer( 2967): DialRestService :: receiveApplicationInformationRequest() Outside WHILE before stopDiscovery()
06-17 21:38:40.405 D/JioCastDialServer( 2967): DialRestService :: stopDiscovery()
06-17 21:38:40.405 D/JioCastDialServer( 2967): DialRestService :: closeSocket()
06-17 21:38:40.407 D/JioCastDialServer( 2967): DialRestServiceHandler :: handleMessage()
06-17 21:38:40.407 D/JioCastDialServer( 2967): DialRestServiceHandler :: handleMessage() ACTION_CREATE
06-17 21:38:40.407 D/JioCastDialServer( 2967): DialRestService :: createAndAcceptSocketAgain() called.
06-17 21:38:40.407 D/JioCastDialServer( 2967): DialRestService :: createAndAcceptSocketAgain() before mServerSocket.accept()
06-17 21:38:40.511 I/chatty  (  420): uid=0(root) dtvkit@1.0-serv expire 24 lines
06-17 21:38:40.902 I/ThermalService(  992): CPU temperatures: [52.300003]
06-17 21:38:40.922 I/        (    0): [ 3380.963388@0]  [bluebank] [usb_dec_thread] usb2_status=1, usb3_status=1
06-17 21:38:41.076 I/e.swalekh.abct( 1302): oneway function results will be dropped but finished with status OK and parcel size 4
06-17 21:38:41.247 D/rtk_heartbeat(  373): heartbeat_timed_out: heartbeatCmdCount = 3345, expected nextSeqNum = 3345
06-17 21:38:41.249 D/rtk_heartbeat(  373): rtkbt_heartbeat_cmpl_cback: Current SeqNum = 3345,should SeqNum=3345, status = 0
06-17 21:38:41.746 E/ocessService0:( 2361): failed to create Unix domain socket: Operation not permitted
06-17 21:38:41.949 I/        (    0): [ 3381.991392@0]  [bluebank] [usb_dec_thread] usb2_status=1, usb3_status=1
06-17 21:38:42.247 D/rtk_heartbeat(  373): heartbeat_timed_out: heartbeatCmdCount = 3346, expected nextSeqNum = 3346
06-17 21:38:42.248 D/rtk_heartbeat(  373): rtkbt_heartbeat_cmpl_cback: Current SeqNum = 3346,should SeqNum=3346, status = 0
06-17 21:38:42.922 I/ThermalService(  992): CPU temperatures: [52.2]
06-17 21:38:42.969 I/        (    0): [ 3383.011400@0]  [bluebank] [usb_dec_thread] usb2_status=1, usb3_status=1
06-17 21:38:43.144 I/chatty  ( 1759): uid=10021(com.iwedia.ui.rjio.launcher.reliance) Binder:1759_A expire 10 lines
06-17 21:38:43.153 I/e.swalekh.abct( 1302): oneway function results will be dropped but finished with status OK and parcel size 4
06-17 21:38:43.213 I/chatty  ( 1759): uid=10021(com.iwedia.ui.rjio.launcher.reliance) expire 178 lines
06-17 21:38:43.247 D/rtk_heartbeat(  373): heartbeat_timed_out: heartbeatCmdCount = 3347, expected nextSeqNum = 3347
06-17 21:38:43.248 D/rtk_heartbeat(  373): rtkbt_heartbeat_cmpl_cback: Current SeqNum = 3347,should SeqNum=3347, status = 0
06-17 21:38:43.357 I/chatty  ( 1700): uid=1000(system) AppOptimizerHan expire 10 lines
06-17 21:38:43.638 I/chatty  ( 1759): uid=10021(com.iwedia.ui.rjio.launcher.reliance) expire 10 lines
06-17 21:38:43.746 E/ocessService0:( 2361): failed to create Unix domain socket: Operation not permitted
06-17 21:38:43.993 I/        (    0): [ 3384.035415@2]  [bluebank] [usb_dec_thread] usb2_status=1, usb3_status=1
06-17 21:38:44.247 D/rtk_heartbeat(  373): heartbeat_timed_out: heartbeatCmdCount = 3348, expected nextSeqNum = 3348
06-17 21:38:44.248 D/rtk_heartbeat(  373): rtkbt_heartbeat_cmpl_cback: Current SeqNum = 3348,should SeqNum=3348, status = 0
06-17 21:38:44.433 I/chatty  ( 1759): uid=10021(com.iwedia.ui.rjio.launcher.reliance) HeapTaskDaemon expire 1 line
06-17 21:38:44.789 W/[ 3384.832641@0]  RTW(    0): fill_default_txdesc(wlan0): SP Packet(0x0806) rate=0x4 SeqNum = 1114
06-17 21:38:44.939 I/ThermalService(  992): CPU temperatures: [52.300003]
06-17 21:38:45.017 I/        (    0): [ 3385.059392@2]  [bluebank] [usb_dec_thread] usb2_status=1, usb3_status=1
06-17 21:38:45.221 I/e.swalekh.abct( 1302): oneway function results will be dropped but finished with status OK and parcel size 4
06-17 21:38:45.249 D/rtk_heartbeat(  373): heartbeat_timed_out: heartbeatCmdCount = 3349, expected nextSeqNum = 3349
06-17 21:38:45.250 D/rtk_heartbeat(  373): rtkbt_heartbeat_cmpl_cback: Current SeqNum = 3349,should SeqNum=3349, status = 0
06-17 21:38:45.746 E/ocessService0:( 2361): failed to create Unix domain socket: Operation not permitted
06-17 21:38:46.041 I/        (    0): [ 3386.083366@0]  [bluebank] [usb_dec_thread] usb2_status=1, usb3_status=1
06-17 21:38:46.250 D/rtk_heartbeat(  373): heartbeat_timed_out: heartbeatCmdCount = 3350, expected nextSeqNum = 3350
06-17 21:38:46.251 D/rtk_heartbeat(  373): rtkbt_heartbeat_cmpl_cback: Current SeqNum = 3350,should SeqNum=3350, status = 0
06-17 21:38:46.954 I/ThermalService(  992): CPU temperatures: [52.600002]
06-17 21:38:47.065 I/        (    0): [ 3387.107370@0]  [bluebank] [usb_dec_thread] usb2_status=1, usb3_status=1
06-17 21:38:47.250 D/rtk_heartbeat(  373): heartbeat_timed_out: heartbeatCmdCount = 3351, expected nextSeqNum = 3351
06-17 21:38:47.252 D/rtk_heartbeat(  373): rtkbt_heartbeat_cmpl_cback: Current SeqNum = 3351,should SeqNum=3351, status = 0
06-17 21:38:47.322 I/e.swalekh.abct( 1302): oneway function results will be dropped but finished with status OK and parcel size 4
06-17 21:38:47.652 D/com.jiohome.bleserveradv.service.BluetoothController( 2998): scheduleAdvertising true
06-17 21:38:47.663 D/com.jiohome.bleserveradv.service.BluetoothController( 2998): devices in GattServer size [54:A9:C8:6F:93:DC]false
06-17 21:38:47.665 D/com.jiohome.bleserveradv.service.BluetoothController( 2998): stop Advertise
06-17 21:38:47.746 E/ocessService0:( 2361): failed to create Unix domain socket: Operation not permitted
06-17 21:38:47.766 D/com.jiohome.bleserveradv.service.BluetoothController( 2998): start Advertise
06-17 21:38:47.766 D/BluetoothAdapter( 2998): isLeEnabled(): ON
06-17 21:38:47.770 D/BluetoothAdapter( 2998): isLeEnabled(): ON
06-17 21:38:47.773 D/BluetoothAdapterService(  769): getAdapterService() - returning com.android.bluetooth.btservice.AdapterService@b7b203e
06-17 21:38:47.790 D/com.jiohome.bleserveradv.service.BluetoothController( 2998): Restart  onStartSuccess
06-17 21:38:47.936 I/chatty  (  420): uid=0(root) DK-SiCntrl expire 106 lines
06-17 21:38:48.090 I/        (    0): [ 3388.131398@0]  [bluebank] [usb_dec_thread] usb2_status=1, usb3_status=1
06-17 21:38:48.250 D/rtk_heartbeat(  373): heartbeat_timed_out: heartbeatCmdCount = 3352, expected nextSeqNum = 3352
06-17 21:38:48.252 D/rtk_heartbeat(  373): rtkbt_heartbeat_cmpl_cback: Current SeqNum = 3352,should SeqNum=3352, status = 0
06-17 21:38:48.970 I/ThermalService(  992): CPU temperatures: [52.4]
06-17 21:38:49.014 I/chatty  (  420): uid=0(root) DK-Emm_ReadNetw expire 101 lines
06-17 21:38:49.111 I/        (    0): [ 3389.155602@0]  [bluebank] [usb_dec_thread] usb2_status=1, usb3_status=1
06-17 21:38:49.147 I/chatty  ( 1416): uid=1000(system) Binder:1416_6 expire 15 lines
06-17 21:38:49.250 D/rtk_heartbeat(  373): heartbeat_timed_out: heartbeatCmdCount = 3353, expected nextSeqNum = 3353
06-17 21:38:49.252 D/rtk_heartbeat(  373): rtkbt_heartbeat_cmpl_cback: Current SeqNum = 3353,should SeqNum=3353, status = 0
06-17 21:38:49.285 I/JioBackgroundSchedulerService( 2843): Check schedule  
06-17 21:38:49.381 I/chatty  (  948): uid=1000(system) -1281640025 expire 11 lines
06-17 21:38:49.401 I/e.swalekh.abct( 1302): oneway function results will be dropped but finished with status OK and parcel size 4
06-17 21:38:49.415 I/chatty  ( 3507): uid=1000(system) RxComputationTh expire 11 lines
06-17 21:38:49.747 E/ocessService0:( 2361): failed to create Unix domain socket: Operation not permitted
06-17 21:38:49.897 W/[ 3389.943240@1]  RTW(    0): fill_default_txdesc(wlan0): SP Packet(0x0806) rate=0x4 SeqNum = 1591
06-17 21:38:50.141 I/        (    0): [ 3390.183365@0]  [bluebank] [usb_dec_thread] usb2_status=1, usb3_status=1
06-17 21:38:50.251 D/rtk_heartbeat(  373): heartbeat_timed_out: heartbeatCmdCount = 3354, expected nextSeqNum = 3354
06-17 21:38:50.252 D/rtk_heartbeat(  373): rtkbt_heartbeat_cmpl_cback: Current SeqNum = 3354,should SeqNum=3354, status = 0
06-17 21:38:50.408 D/JioCastDialServer( 2967): InitiateMulticastUDPConnection :: onUDPMessageReceived() M_SEARCH_REQUEST matches
06-17 21:38:50.408 D/JioCastDialServer( 2967): InitiateMulticastUDPConnection :: onUDPMessageReceived remoteAddress=/192.168.1.10 remotePort=45498
06-17 21:38:50.408 D/JioCastDialServer( 2967): InitiateMulticastUDPConnection :: restService remoteAddress=/192.168.1.10:48434
06-17 21:38:50.408 D/JioCastDialServer( 2967): Utils :: getUUID()
06-17 21:38:50.409 D/JioCastDialServer( 2967): InitiateMulticastUDPConnection :: onUDPMessageReceived() Sent MSEARCH Reponse
06-17 21:38:50.409 D/JioCastDialServer( 2967): InitiateMulticastUDPConnection :: startDialServiceDiscovery()
06-17 21:38:50.409 D/JioCastDialServer( 2967): InitiateMulticastUDPConnection :: DialSocket is Closed()
06-17 21:38:50.429 D/JioCastDialServer( 2967): DialRestService :: createAndAcceptSocketAgain() after mServerSocket.accept()
06-17 21:38:50.429 D/JioCastDialServer( 2967): DialRestService :: receiveApplicationInformationRequest()
06-17 21:38:50.429 D/JioCastDialServer( 2967): DialRestService :: receiveApplicationInformationRequest() : socketAddress=/192.168.1.10:42076; socketPort=42076
06-17 21:38:50.430 D/JioCastDialServer( 2967): DialRestService:: receiveApplicationInformationRequest() msg=GET /apps/YouTube HTTP/1.1
06-17 21:38:50.430 D/JioCastDialServer( 2967): Utils :: getDialClientVersion()
06-17 21:38:50.430 D/JioCastDialServer( 2967): Utils :: getDialClientVersion()
06-17 21:38:50.430 D/JioCastDialServer( 2967): DialRestService :: getDialClientVersion: 0.0
06-17 21:38:50.430 D/JioCastDialServer( 2967): DialRestService :: receiveApplicationInformationRequest() APP_INFO_REQUEST msg=GET /apps/YouTube HTTP/1.1
06-17 21:38:50.430 D/JioCastDialServer( 2967): Utils :: getAppName()
06-17 21:38:50.431 D/JioCastDialServer( 2967): DialRestService :: receiveApplicationInformationRequest() appName=YouTube
06-17 21:38:50.431 D/JioCastDialServer( 2967): Utils :: getAppPackageName() appName=YouTube
06-17 21:38:50.431 D/JioCastDialServer( 2967): Utils :: isPackageInstalled() packageName=com.jio.yt
06-17 21:38:50.432 D/JioCastDialServer( 2967): DialRestService :: receiveApplicationInformationRequest() Android Version >= 10; API: 30
06-17 21:38:50.432 D/JioCastDialServer( 2967): Utils :: getDialClientVersion()
06-17 21:38:50.432 D/JioCastDialServer( 2967): DialRestServiceDialClientVersion: 0.0
06-17 21:38:50.432 D/JioCastDialServer( 2967): Utils :: getDialClientVersion()
06-17 21:38:50.432 D/JioCastDialServer( 2967): Utils :: getAppPackageName() appName=YouTube
06-17 21:38:50.432 D/JioCastDialServer( 2967): Utils :: isAppOnForeground()
06-17 21:38:50.435 D/JioCastDialServer( 2967): DialRestService :: sendSpecificApplicationInformationResponse()
06-17 21:38:50.435 D/JioCastDialServer( 2967): Utils :: getAppInfo()
06-17 21:38:50.436 E/JioCastDialServer( 2967): addDataMsg is EMPTY
06-17 21:38:50.436 D/JioCastDialServer( 2967): DialRestService :: sendTCPMessage() message=HTTP/1.1 200 OK 

06-17 21:38:50.436 D/JioCastDialServer( 2967): Content-Type: text/xml

06-17 21:38:50.436 D/JioCastDialServer( 2967): 

06-17 21:38:50.436 D/JioCastDialServer( 2967): <?xml version="1.0" encoding="UTF-8"?>

06-17 21:38:50.436 D/JioCastDialServer( 2967): <service xmlns="urn:dial-multiscreen-org:schemas:dial" dialVer="2.1">

06-17 21:38:50.436 D/JioCastDialServer( 2967): <name>YouTube</name>

06-17 21:38:50.436 D/JioCastDialServer( 2967): <options allowStop="true"/>


06-17 21:38:50.436 D/JioCastDialServer( 2967): <state>stopped</state>

06-17 21:38:50.436 D/JioCastDialServer( 2967): <link rel="run" href="run"/>

06-17 21:38:50.436 D/JioCastDialServer( 2967): </service>

06-17 21:38:50.437 D/JioCastDialServer( 2967): DialRestService :: receiveApplicationInformationRequest() Outside WHILE before stopDiscovery()
06-17 21:38:50.437 D/JioCastDialServer( 2967): DialRestService :: stopDiscovery()
06-17 21:38:50.437 D/JioCastDialServer( 2967): DialRestService :: closeSocket()
06-17 21:38:50.438 D/JioCastDialServer( 2967): DialRestServiceHandler :: handleMessage()
06-17 21:38:50.438 D/JioCastDialServer( 2967): DialRestServiceHandler :: handleMessage() ACTION_CREATE
06-17 21:38:50.438 D/JioCastDialServer( 2967): DialRestService :: createAndAcceptSocketAgain() called.
06-17 21:38:50.438 D/JioCastDialServer( 2967): DialRestService :: createAndAcceptSocketAgain() before mServerSocket.accept()
06-17 21:38:50.521 I/chatty  (  420): uid=0(root) dtvkit@1.0-serv expire 26 lines
06-17 21:38:50.987 I/ThermalService(  992): CPU temperatures: [52.500004]
06-17 21:38:51.162 I/        (    0): [ 3391.203398@0]  [bluebank] [usb_dec_thread] usb2_status=1, usb3_status=1
06-17 21:38:51.251 D/rtk_heartbeat(  373): heartbeat_timed_out: heartbeatCmdCount = 3355, expected nextSeqNum = 3355
06-17 21:38:51.252 D/rtk_heartbeat(  373): rtkbt_heartbeat_cmpl_cback: Current SeqNum = 3355,should SeqNum=3355, status = 0
06-17 21:38:51.496 I/e.swalekh.abct( 1302): oneway function results will be dropped but finished with status OK and parcel size 4
06-17 21:38:51.504 I/chatty  ( 3507): uid=1000(system) RxComputationTh expire 16 lines
06-17 21:38:51.747 E/ocessService0:( 2361): failed to create Unix domain socket: Operation not permitted
06-17 21:38:52.187 I/        (    0): [ 3392.227404@0]  [bluebank] [usb_dec_thread] usb2_status=1, usb3_status=1
06-17 21:38:52.251 D/rtk_heartbeat(  373): heartbeat_timed_out: heartbeatCmdCount = 3356, expected nextSeqNum = 3356
06-17 21:38:52.252 D/rtk_heartbeat(  373): rtkbt_heartbeat_cmpl_cback: Current SeqNum = 3356,should SeqNum=3356, status = 0
06-17 21:38:52.446 W/[ 3392.487480@3]  RTW(    0): fill_default_txdesc(wlan0): SP Packet(0x0806) rate=0x4 SeqNum = 1869
06-17 21:38:53.002 I/ThermalService(  992): CPU temperatures: [52.500004]
06-17 21:38:53.209 I/        (    0): [ 3393.251364@0]  [bluebank] [usb_dec_thread] usb2_status=1, usb3_status=1
06-17 21:38:53.251 D/rtk_heartbeat(  373): heartbeat_timed_out: heartbeatCmdCount = 3357, expected nextSeqNum = 3357
06-17 21:38:53.253 D/rtk_heartbeat(  373): rtkbt_heartbeat_cmpl_cback: Current SeqNum = 3357,should SeqNum=3357, status = 0
06-17 21:38:53.589 I/e.swalekh.abct( 1302): oneway function results will be dropped but finished with status OK and parcel size 4
06-17 21:38:53.610 I/chatty  ( 3507): uid=1000(system) RxComputationTh expire 16 lines
06-17 21:38:53.669 I/chatty  ( 1759): uid=10021(com.iwedia.ui.rjio.launcher.reliance) expire 209 lines
06-17 21:38:53.747 E/ocessService0:( 2361): failed to create Unix domain socket: Operation not permitted
06-17 21:38:54.234 I/        (    0): [ 3394.275355@0]  [bluebank] [usb_dec_thread] usb2_status=1, usb3_status=1
06-17 21:38:54.252 D/rtk_heartbeat(  373): heartbeat_timed_out: heartbeatCmdCount = 3358, expected nextSeqNum = 3358
06-17 21:38:54.253 D/rtk_heartbeat(  373): rtkbt_heartbeat_cmpl_cback: Current SeqNum = 3358,should SeqNum=3358, status = 0
06-17 21:38:54.937 W/[ 3394.981863@0]  RTW(    0): fill_default_txdesc(wlan0): SP Packet(0x0806) rate=0x4 SeqNum = 2103
06-17 21:38:55.019 I/ThermalService(  992): CPU temperatures: [52.600002]
06-17 21:38:55.230 I/chatty  ( 1047): uid=1000(system) DefaultDispatch expire 15 lines
06-17 21:38:55.252 D/rtk_heartbeat(  373): heartbeat_timed_out: heartbeatCmdCount = 3359, expected nextSeqNum = 3359
06-17 21:38:55.253 D/rtk_heartbeat(  373): rtkbt_heartbeat_cmpl_cback: Current SeqNum = 3359,should SeqNum=3359, status = 0
06-17 21:38:55.257 I/        (    0): [ 3395.299419@0]  [bluebank] [usb_dec_thread] usb2_status=1, usb3_status=1
06-17 21:38:55.667 I/e.swalekh.abct( 1302): oneway function results will be dropped but finished with status OK and parcel size 4
06-17 21:38:55.748 E/ocessService0:( 2361): failed to create Unix domain socket: Operation not permitted
06-17 21:38:55.962 I/chatty  (  420): uid=0(root) DK-LTTS_IP_DMXS expire 10 lines
06-17 21:38:56.252 D/rtk_heartbeat(  373): heartbeat_timed_out: heartbeatCmdCount = 3360, expected nextSeqNum = 3360
06-17 21:38:56.254 D/rtk_heartbeat(  373): rtkbt_heartbeat_cmpl_cback: Current SeqNum = 3360,should SeqNum=3360, status = 0
06-17 21:38:56.282 I/        (    0): [ 3396.323381@0]  [bluebank] [usb_dec_thread] usb2_status=1, usb3_status=1
06-17 21:38:57.034 I/ThermalService(  992): CPU temperatures: [52.800003]
06-17 21:38:57.253 D/rtk_heartbeat(  373): heartbeat_timed_out: heartbeatCmdCount = 3361, expected nextSeqNum = 3361
06-17 21:38:57.254 D/rtk_heartbeat(  373): rtkbt_heartbeat_cmpl_cback: Current SeqNum = 3361,should SeqNum=3361, status = 0
06-17 21:38:57.305 I/        (    0): [ 3397.347405@0]  [bluebank] [usb_dec_thread] usb2_status=1, usb3_status=1
06-17 21:38:57.307 E/JTCLOG  ( 3535): JuiceModel -> onFailure to get Account Info java.net.SocketTimeoutException: failed to connect to /192.168.1.1 (port 7443) from /192.168.1.29 (port 34778) after 10000ms
06-17 21:38:57.309 I/JTCLOG  ( 3535): StateHandler -> GET_FLN_FAILED
06-17 21:38:57.317 I/JTCLOG  ( 3535): JuicePresenter -> GET_FLN_FAILED
06-17 21:38:57.317 I/JTCLOG  ( 3535): JtcForegroundService ->FLN Not Found -> Retry after every 30 seconds
06-17 21:38:57.318 I/JTCLOG  ( 3535): JuicePresenter -> GET_FLN_FAILED
06-17 21:38:57.748 E/ocessService0:( 2361): failed to create Unix domain socket: Operation not permitted
06-17 21:38:57.753 I/e.swalekh.abct( 1302): oneway function results will be dropped but finished with status OK and parcel size 4
06-17 21:38:57.780 I/chatty  (  420): uid=0(root) HwBinder:420_1 expire 10 lines
06-17 21:38:57.781 D/CommonClientNotiCbUtilsImpl( 1610): Not Received Valid Info
06-17 21:38:58.253 D/rtk_heartbeat(  373): heartbeat_timed_out: heartbeatCmdCount = 3362, expected nextSeqNum = 3362
06-17 21:38:58.256 D/rtk_heartbeat(  373): rtkbt_heartbeat_cmpl_cback: Current SeqNum = 3362,should SeqNum=3362, status = 0
06-17 21:38:58.329 I/        (    0): [ 3398.371399@0]  [bluebank] [usb_dec_thread] usb2_status=1, usb3_status=1
06-17 21:38:58.556 I/chatty  (  420): uid=0(root) DK-SiCntrl expire 208 lines
06-17 21:38:59.051 I/ThermalService(  992): CPU temperatures: [52.7]
06-17 21:38:59.253 D/rtk_heartbeat(  373): heartbeat_timed_out: heartbeatCmdCount = 3363, expected nextSeqNum = 3363
06-17 21:38:59.254 D/rtk_heartbeat(  373): rtkbt_heartbeat_cmpl_cback: Current SeqNum = 3363,should SeqNum=3363, status = 0
06-17 21:38:59.286 I/JioBackgroundSchedulerService( 2843): Check schedule  
06-17 21:38:59.354 I/        (    0): [ 3399.395428@2]  [bluebank] [usb_dec_thread] usb2_status=1, usb3_status=1
06-17 21:38:59.748 E/ocessService0:( 2361): failed to create Unix domain socket: Operation not permitted
06-17 21:38:59.842 I/e.swalekh.abct( 1302): oneway function results will be dropped but finished with status OK and parcel size 4
06-17 21:39:00.029 W/[ 3400.073278@1]  RTW(    0): fill_default_txdesc(wlan0): SP Packet(0x0806) rate=0x4 SeqNum = 2593
06-17 21:39:00.201 I/chatty  ( 1759): uid=10021(com.iwedia.ui.rjio.launcher.reliance) expire 11 lines
06-17 21:39:00.253 D/rtk_heartbeat(  373): heartbeat_timed_out: heartbeatCmdCount = 3364, expected nextSeqNum = 3364
06-17 21:39:00.255 D/rtk_heartbeat(  373): rtkbt_heartbeat_cmpl_cback: Current SeqNum = 3364,should SeqNum=3364, status = 0
06-17 21:39:00.377 I/        (    0): [ 3400.419402@2]  [bluebank] [usb_dec_thread] usb2_status=1, usb3_status=1
06-17 21:39:00.383 I/chatty  (  948): uid=1000(system) -1281640025 expire 11 lines
06-17 21:39:01.066 I/ThermalService(  992): CPU temperatures: [52.600002]
06-17 21:39:01.254 D/rtk_heartbeat(  373): heartbeat_timed_out: heartbeatCmdCount = 3365, expected nextSeqNum = 3365
06-17 21:39:01.255 D/rtk_heartbeat(  373): rtkbt_heartbeat_cmpl_cback: Current SeqNum = 3365,should SeqNum=3365, status = 0
06-17 21:39:01.401 I/        (    0): [ 3401.443383@2]  [bluebank] [usb_dec_thread] usb2_status=1, usb3_status=1
06-17 21:39:01.598 E/[ 3401.643145@2]  [drm(    0): arm_fbc_check_error [aml_drm]] *ERROR* afbc error happened, 6-1
06-17 21:39:01.748 E/ocessService0:( 2361): failed to create Unix domain socket: Operation not permitted
06-17 21:39:01.928 I/e.swalekh.abct( 1302): oneway function results will be dropped but finished with status OK and parcel size 4
06-17 21:39:02.025 I/chatty  (  420): uid=0(root) dtvkit@1.0-serv expire 21 lines
06-17 21:39:02.254 D/rtk_heartbeat(  373): heartbeat_timed_out: heartbeatCmdCount = 3366, expected nextSeqNum = 3366
06-17 21:39:02.255 D/rtk_heartbeat(  373): rtkbt_heartbeat_cmpl_cback: Current SeqNum = 3366,should SeqNum=3366, status = 0
06-17 21:39:02.429 I/        (    0): [ 3402.471866@3]  [bluebank] [usb_dec_thread] usb2_status=1, usb3_status=1
06-17 21:39:03.083 I/ThermalService(  992): CPU temperatures: [52.600002]
06-17 21:39:03.254 D/rtk_heartbeat(  373): heartbeat_timed_out: heartbeatCmdCount = 3367, expected nextSeqNum = 3367
06-17 21:39:03.255 D/rtk_heartbeat(  373): rtkbt_heartbeat_cmpl_cback: Current SeqNum = 3367,should SeqNum=3367, status = 0
06-17 21:39:03.449 I/        (    0): [ 3403.491381@3]  [bluebank] [usb_dec_thread] usb2_status=1, usb3_status=1
06-17 21:39:03.550 I/chatty  ( 1700): uid=1000(system) AppOptimizerHan expire 10 lines
06-17 21:39:03.749 E/ocessService0:( 2361): failed to create Unix domain socket: Operation not permitted
06-17 21:39:04.031 I/e.swalekh.abct( 1302): oneway function results will be dropped but finished with status OK and parcel size 4
06-17 21:39:04.044 I/chatty  ( 3507): uid=1000(system) RxComputationTh expire 16 lines
06-17 21:39:04.141 I/chatty  ( 1416): uid=1000(system) Binder:1416_6 expire 15 lines
06-17 21:39:04.254 D/rtk_heartbeat(  373): heartbeat_timed_out: heartbeatCmdCount = 3368, expected nextSeqNum = 3368
06-17 21:39:04.255 D/rtk_heartbeat(  373): rtkbt_heartbeat_cmpl_cback: Current SeqNum = 3368,should SeqNum=3368, status = 0
06-17 21:39:04.474 I/        (    0): [ 3404.517493@3]  [bluebank] [usb_dec_thread] usb2_status=1, usb3_status=1
06-17 21:39:05.099 I/ThermalService(  992): CPU temperatures: [52.600002]
06-17 21:39:05.113 W/[ 3405.159153@1]  RTW(    0): fill_default_txdesc(wlan0): SP Packet(0x0806) rate=0x4 SeqNum = 3076
06-17 21:39:05.254 D/rtk_heartbeat(  373): heartbeat_timed_out: heartbeatCmdCount = 3369, expected nextSeqNum = 3369
06-17 21:39:05.256 D/rtk_heartbeat(  373): rtkbt_heartbeat_cmpl_cback: Current SeqNum = 3369,should SeqNum=3369, status = 0
06-17 21:39:05.502 I/        (    0): [ 3405.543377@3]  [bluebank] [usb_dec_thread] usb2_status=1, usb3_status=1
06-17 21:39:05.695 I/chatty  ( 1759): uid=10021(com.iwedia.ui.rjio.launcher.reliance) expire 229 lines
06-17 21:39:05.749 E/ocessService0:( 2361): failed to create Unix domain socket: Operation not permitted
06-17 21:39:06.102 I/e.swalekh.abct( 1302): oneway function results will be dropped but finished with status OK and parcel size 4
06-17 21:39:06.123 I/chatty  ( 3507): uid=1000(system) RxComputationTh expire 13 lines
06-17 21:39:06.255 D/rtk_heartbeat(  373): heartbeat_timed_out: heartbeatCmdCount = 3370, expected nextSeqNum = 3370
06-17 21:39:06.256 D/rtk_heartbeat(  373): rtkbt_heartbeat_cmpl_cback: Current SeqNum = 3370,should SeqNum=3370, status = 0
06-17 21:39:06.521 I/        (    0): [ 3406.563405@3]  [bluebank] [usb_dec_thread] usb2_status=1, usb3_status=1
06-17 21:39:07.114 I/ThermalService(  992): CPU temperatures: [53.000004]
06-17 21:39:07.255 D/rtk_heartbeat(  373): heartbeat_timed_out: heartbeatCmdCount = 3371, expected nextSeqNum = 3371
06-17 21:39:07.256 D/rtk_heartbeat(  373): rtkbt_heartbeat_cmpl_cback: Current SeqNum = 3371,should SeqNum=3371, status = 0
06-17 21:39:07.545 I/        (    0): [ 3407.587382@3]  [bluebank] [usb_dec_thread] usb2_status=1, usb3_status=1
06-17 21:39:07.749 E/ocessService0:( 2361): failed to create Unix domain socket: Operation not permitted
06-17 21:39:08.149 V/Handler ( 2572): running
06-17 21:39:08.195 I/e.swalekh.abct( 1302): oneway function results will be dropped but finished with status OK and parcel size 4
06-17 21:39:08.255 D/rtk_heartbeat(  373): heartbeat_timed_out: heartbeatCmdCount = 3372, expected nextSeqNum = 3372
06-17 21:39:08.257 D/rtk_heartbeat(  373): rtkbt_heartbeat_cmpl_cback: Current SeqNum = 3372,should SeqNum=3372, status = 0
06-17 21:39:08.569 I/        (    0): [ 3408.611365@3]  [bluebank] [usb_dec_thread] usb2_status=1, usb3_status=1
