06-17 21:47:41.013 W/[ 3921.058757@0]  RTW(    0): fill_default_txdesc(wlan0): SP Packet(0x0806) rate=0x4 SeqNum = 2718
06-17 21:47:41.593 I/        (    0): [ 3921.635395@2]  [bluebank] [usb_dec_thread] usb2_status=1, usb3_status=1
06-17 21:47:42.617 I/        (    0): [ 3922.659334@2]  [bluebank] [usb_dec_thread] usb2_status=1, usb3_status=1
06-17 21:47:43.641 I/        (    0): [ 3923.683336@2]  [bluebank] [usb_dec_thread] usb2_status=1, usb3_status=1
06-17 21:47:44.665 I/        (    0): [ 3924.707373@2]  [bluebank] [usb_dec_thread] usb2_status=1, usb3_status=1
06-17 21:47:45.689 I/        (    0): [ 3925.731344@2]  [bluebank] [usb_dec_thread] usb2_status=1, usb3_status=1
06-17 21:47:46.245 W/[ 3926.289172@0]  RTW(    0): fill_default_txdesc(wlan0): SP Packet(0x0806) rate=0x4 SeqNum = 2975
06-17 21:47:46.713 I/        (    0): [ 3926.755397@2]  [bluebank] [usb_dec_thread] usb2_status=1, usb3_status=1
06-17 21:47:47.737 I/        (    0): [ 3927.779373@2]  [bluebank] [usb_dec_thread] usb2_status=1, usb3_status=1
06-17 21:47:48.761 I/        (    0): [ 3928.803393@2]  [bluebank] [usb_dec_thread] usb2_status=1, usb3_status=1
06-17 21:47:49.785 I/        (    0): [ 3929.827351@3]  [bluebank] [usb_dec_thread] usb2_status=1, usb3_status=1
06-17 21:47:49.817 W/[ 3929.859475@0]  RTW(    0): Turbo EDCA =0xa42b
06-17 21:47:49.930 V/DigitalSignage(  502): Package Name: null
06-17 21:47:49.930 V/DigitalSignage(  502): Left: 0
06-17 21:47:49.930 V/DigitalSignage(  502): Right: 0
06-17 21:47:49.930 V/DigitalSignage(  502): Top: 0
06-17 21:47:49.930 V/DigitalSignage(  502): Bottom: 0
06-17 21:47:49.930 D/DigitalSignage(  502): else - Package Name :: null left : 0 right :: 0 top :: 0 bottom :: 0 dfu-right :: 1920 dfu-bottom :: 1080
06-17 21:47:50.793 W/[ 3930.835312@0]  RTW(    0): fill_default_txdesc(wlan0): SP Packet(0x0806) rate=0x4 SeqNum = 3539
06-17 21:47:50.809 I/        (    0): [ 3930.851383@3]  [bluebank] [usb_dec_thread] usb2_status=1, usb3_status=1
06-17 21:47:51.833 I/        (    0): [ 3931.875358@3]  [bluebank] [usb_dec_thread] usb2_status=1, usb3_status=1
06-17 21:47:51.833 W/[ 3931.875474@2]  RTW(    0): Turbo EDCA =0x5ea42b
06-17 21:47:52.857 I/        (    0): [ 3932.899399@0]  [bluebank] [usb_dec_thread] usb2_status=1, usb3_status=1
06-17 21:47:53.882 I/        (    0): [ 3933.923360@0]  [bluebank] [usb_dec_thread] usb2_status=1, usb3_status=1
06-17 21:47:54.905 I/        (    0): [ 3934.947369@0]  [bluebank] [usb_dec_thread] usb2_status=1, usb3_status=1
06-17 21:47:55.913 W/[ 3935.956355@0]  RTW(    0): fill_default_txdesc(wlan0): SP Packet(0x0806) rate=0x4 SeqNum = 3728
06-17 21:47:55.929 I/        (    0): [ 3935.971352@0]  [bluebank] [usb_dec_thread] usb2_status=1, usb3_status=1
06-17 21:47:56.953 I/        (    0): [ 3936.995356@0]  [bluebank] [usb_dec_thread] usb2_status=1, usb3_status=1
06-17 21:47:57.977 I/        (    0): [ 3938.019348@0]  [bluebank] [usb_dec_thread] usb2_status=1, usb3_status=1
06-17 21:47:59.001 I/        (    0): [ 3939.043377@1]  [bluebank] [usb_dec_thread] usb2_status=1, usb3_status=1
06-17 21:48:00.025 I/        (    0): [ 3940.067366@1]  [bluebank] [usb_dec_thread] usb2_status=1, usb3_status=1
06-17 21:48:00.977 W/[ 3941.020205@0]  RTW(    0): fill_default_txdesc(wlan0): SP Packet(0x0806) rate=0x4 SeqNum = 3953
06-17 21:48:01.049 I/        (    0): [ 3941.091365@1]  [bluebank] [usb_dec_thread] usb2_status=1, usb3_status=1
06-17 21:48:02.073 I/        (    0): [ 3942.115380@1]  [bluebank] [usb_dec_thread] usb2_status=1, usb3_status=1
06-17 21:48:02.074 W/[ 3942.115486@0]  RTW(    0): fill_default_txdesc(wlan0): SP Packet(0x0806) rate=0x4 SeqNum = 3985
06-17 21:48:03.098 I/        (    0): [ 3943.139384@2]  [bluebank] [usb_dec_thread] usb2_status=1, usb3_status=1
06-17 21:48:04.121 I/        (    0): [ 3944.163371@2]  [bluebank] [usb_dec_thread] usb2_status=1, usb3_status=1
06-17 21:48:05.145 I/        (    0): [ 3945.187346@2]  [bluebank] [usb_dec_thread] usb2_status=1, usb3_status=1
06-17 21:48:05.989 W/[ 3946.033180@1]  RTW(    0): fill_default_txdesc(wlan0): SP Packet(0x0806) rate=0x4 SeqNum = 51
06-17 21:48:06.169 I/        (    0): [ 3946.211447@0]  [bluebank] [usb_dec_thread] usb2_status=1, usb3_status=1
06-17 21:48:07.193 I/        (    0): [ 3947.235381@3]  [bluebank] [usb_dec_thread] usb2_status=1, usb3_status=1
06-17 21:48:08.217 I/        (    0): [ 3948.259350@0]  [bluebank] [usb_dec_thread] usb2_status=1, usb3_status=1
06-17 21:48:09.241 I/        (    0): [ 3949.283733@0]  [bluebank] [usb_dec_thread] usb2_status=1, usb3_status=1
06-17 21:48:10.265 I/        (    0): [ 3950.307377@0]  [bluebank] [usb_dec_thread] usb2_status=1, usb3_status=1
06-17 21:48:10.821 W/[ 3950.865184@0]  RTW(    0): fill_default_txdesc(wlan0): SP Packet(0x0806) rate=0x4 SeqNum = 299
06-17 21:48:11.289 I/        (    0): [ 3951.331361@0]  [bluebank] [usb_dec_thread] usb2_status=1, usb3_status=1
06-17 21:48:12.313 I/        (    0): [ 3952.355374@3]  [bluebank] [usb_dec_thread] usb2_status=1, usb3_status=1
06-17 21:48:13.337 I/        (    0): [ 3953.379379@3]  [bluebank] [usb_dec_thread] usb2_status=1, usb3_status=1
06-17 21:48:14.361 I/        (    0): [ 3954.403360@0]  [bluebank] [usb_dec_thread] usb2_status=1, usb3_status=1
06-17 21:48:15.385 I/        (    0): [ 3955.427364@0]  [bluebank] [usb_dec_thread] usb2_status=1, usb3_status=1
06-17 21:48:15.821 W/[ 3955.865415@2]  RTW(    0): fill_default_txdesc(wlan0): SP Packet(0x0806) rate=0x4 SeqNum = 497
06-17 21:48:16.406 I/        (    0): [ 3956.451344@0]  [bluebank] [usb_dec_thread] usb2_status=1, usb3_status=1
06-17 21:48:17.433 I/        (    0): [ 3957.475364@0]  [bluebank] [usb_dec_thread] usb2_status=1, usb3_status=1
06-17 21:48:18.457 I/        (    0): [ 3958.499394@0]  [bluebank] [usb_dec_thread] usb2_status=1, usb3_status=1
06-17 21:48:19.481 I/        (    0): [ 3959.523357@3]  [bluebank] [usb_dec_thread] usb2_status=1, usb3_status=1
06-17 21:48:20.505 I/        (    0): [ 3960.547400@3]  [bluebank] [usb_dec_thread] usb2_status=1, usb3_status=1
06-17 21:48:20.845 W/[ 3960.887996@2]  RTW(    0): fill_default_txdesc(wlan0): SP Packet(0x0806) rate=0x4 SeqNum = 733
06-17 21:48:21.529 I/        (    0): [ 3961.571389@0]  [bluebank] [usb_dec_thread] usb2_status=1, usb3_status=1
06-17 21:48:22.553 I/        (    0): [ 3962.595362@0]  [bluebank] [usb_dec_thread] usb2_status=1, usb3_status=1
06-17 21:48:23.577 I/        (    0): [ 3963.619345@3]  [bluebank] [usb_dec_thread] usb2_status=1, usb3_status=1
06-17 21:48:24.601 I/        (    0): [ 3964.643359@3]  [bluebank] [usb_dec_thread] usb2_status=1, usb3_status=1
06-17 21:48:25.625 I/        (    0): [ 3965.667368@3]  [bluebank] [usb_dec_thread] usb2_status=1, usb3_status=1
06-17 21:48:25.909 W/[ 3965.954733@1]  RTW(    0): fill_default_txdesc(wlan0): SP Packet(0x0806) rate=0x4 SeqNum = 1054
06-17 21:48:26.442 W/[ 3966.487058@1]  audit(    0): audit_lost=4561 audit_rate_limit=5 audit_backlog_limit=64
06-17 21:48:26.442 E/[ 3966.487069@1]  audit(    0): rate limit exceeded
06-17 21:48:26.649 I/        (    0): [ 3966.691374@3]  [bluebank] [usb_dec_thread] usb2_status=1, usb3_status=1
06-17 21:48:27.673 I/        (    0): [ 3967.715355@0]  [bluebank] [usb_dec_thread] usb2_status=1, usb3_status=1
06-17 21:48:28.697 I/        (    0): [ 3968.739407@0]  [bluebank] [usb_dec_thread] usb2_status=1, usb3_status=1
06-17 21:48:29.721 I/        (    0): [ 3969.763366@0]  [bluebank] [usb_dec_thread] usb2_status=1, usb3_status=1
06-17 21:48:30.745 I/        (    0): [ 3970.787366@3]  [bluebank] [usb_dec_thread] usb2_status=1, usb3_status=1
06-17 21:48:30.933 W/[ 3970.976970@0]  RTW(    0): fill_default_txdesc(wlan0): SP Packet(0x0806) rate=0x4 SeqNum = 1331
06-17 21:48:31.438 I/DreamManagerService(  502): Gently waking up from dream.
06-17 21:48:31.438 I/DreamManagerService(  502): Performing gentle wake from dream.
06-17 21:48:31.442 D/ActivityTaskManager(  502): JioHomeManagerService :: ActivityRecord :: setState :: StateFrom :: STOPPED StateTo :: RESUMED 
06-17 21:48:31.450 D/ActivityManager(  502): JioHomeManagerService :: StateFrom :: STOPPED StateTo :: RESUMED Activity :: com.iwedia.ui.rjio.launcher.reliance/com.iwedia.ui.rjio.launcher.ui.intro.IntroActivity Action :: com.jio.remote.action.applaunch
06-17 21:48:31.451 V/DigitalSignage(  502): Package Name: null
06-17 21:48:31.452 V/DigitalSignage(  502): Left: 0
06-17 21:48:31.452 V/DigitalSignage(  502): Right: 0
06-17 21:48:31.452 V/DigitalSignage(  502): Top: 0
06-17 21:48:31.452 V/DigitalSignage(  502): Bottom: 0
06-17 21:48:31.452 D/DigitalSignage(  502): else - Package Name :: null left : 0 right :: 0 top :: 0 bottom :: 0 dfu-right :: 1920 dfu-bottom :: 1080
06-17 21:48:31.467 W/ActivityManager(  502): Receiver with filter android.content.IntentFilter@5a06b67 already registered for pid 1759, callerPackage is com.iwedia.ui.rjio.launcher.reliance
06-17 21:48:31.498 V/DigitalSignage(  502): Package Name: null
06-17 21:48:31.498 V/DigitalSignage(  502): Left: 0
06-17 21:48:31.498 V/DigitalSignage(  502): Right: 0
06-17 21:48:31.498 V/DigitalSignage(  502): Top: 0
06-17 21:48:31.498 V/DigitalSignage(  502): Bottom: 0
06-17 21:48:31.498 D/DigitalSignage(  502): else - Package Name :: null left : 0 right :: 0 top :: 0 bottom :: 0 dfu-right :: 1920 dfu-bottom :: 1080
06-17 21:48:31.625 D/AutofillManagerService(  502): onBackKeyPressed()
06-17 21:48:31.630 I/PowerManagerService(  502): Waking up from Dreaming (uid=1000, reason=WAKE_REASON_UNKNOWN, details=android.server.power:DREAM_FINISHED)...
06-17 21:48:31.631 I/PowerManagerService(  502): force-suspend persist.sys.power.key.action,mPowerKeyAction=-1
06-17 21:48:31.636 V/DigitalSignage(  502): Package Name: null
06-17 21:48:31.636 V/DigitalSignage(  502): Left: 0
06-17 21:48:31.636 V/DigitalSignage(  502): Right: 0
06-17 21:48:31.636 V/DigitalSignage(  502): Top: 0
06-17 21:48:31.636 V/DigitalSignage(  502): Bottom: 0
06-17 21:48:31.636 D/DigitalSignage(  502): else - Package Name :: null left : 0 right :: 0 top :: 0 bottom :: 0 dfu-right :: 1920 dfu-bottom :: 1080
06-17 21:48:31.640 V/DigitalSignage(  502): Package Name: null
06-17 21:48:31.640 V/DigitalSignage(  502): Left: 0
06-17 21:48:31.640 V/DigitalSignage(  502): Right: 0
06-17 21:48:31.640 V/DigitalSignage(  502): Top: 0
06-17 21:48:31.640 V/DigitalSignage(  502): Bottom: 0
06-17 21:48:31.641 D/DigitalSignage(  502): else - Package Name :: null left : 0 right :: 0 top :: 0 bottom :: 0 dfu-right :: 1920 dfu-bottom :: 1080
06-17 21:48:31.654 V/DigitalSignage(  502): Package Name: null
06-17 21:48:31.655 V/DigitalSignage(  502): Left: 0
06-17 21:48:31.655 V/DigitalSignage(  502): Right: 0
06-17 21:48:31.655 V/DigitalSignage(  502): Top: 0
06-17 21:48:31.655 V/DigitalSignage(  502): Bottom: 0
06-17 21:48:31.655 D/DigitalSignage(  502): else - Package Name :: null left : 0 right :: 0 top :: 0 bottom :: 0 dfu-right :: 1920 dfu-bottom :: 1080
06-17 21:48:31.746 V/DigitalSignage(  502): Package Name: null
06-17 21:48:31.746 V/DigitalSignage(  502): Left: 0
06-17 21:48:31.746 V/DigitalSignage(  502): Right: 0
06-17 21:48:31.746 V/DigitalSignage(  502): Top: 0
06-17 21:48:31.746 V/DigitalSignage(  502): Bottom: 0
06-17 21:48:31.746 D/DigitalSignage(  502): else - Package Name :: null left : 0 right :: 0 top :: 0 bottom :: 0 dfu-right :: 1920 dfu-bottom :: 1080
06-17 21:48:31.750 V/DigitalSignage(  502): Package Name: null
06-17 21:48:31.750 V/DigitalSignage(  502): Left: 0
06-17 21:48:31.750 V/DigitalSignage(  502): Right: 0
06-17 21:48:31.750 V/DigitalSignage(  502): Top: 0
06-17 21:48:31.750 V/DigitalSignage(  502): Bottom: 0
06-17 21:48:31.751 D/DigitalSignage(  502): else - Package Name :: null left : 0 right :: 0 top :: 0 bottom :: 0 dfu-right :: 1920 dfu-bottom :: 1080
06-17 21:48:31.766 V/DigitalSignage(  502): Package Name: null
06-17 21:48:31.766 V/DigitalSignage(  502): Left: 0
06-17 21:48:31.766 V/DigitalSignage(  502): Right: 0
06-17 21:48:31.766 V/DigitalSignage(  502): Top: 0
06-17 21:48:31.766 V/DigitalSignage(  502): Bottom: 0
06-17 21:48:31.766 D/DigitalSignage(  502): else - Package Name :: null left : 0 right :: 0 top :: 0 bottom :: 0 dfu-right :: 1920 dfu-bottom :: 1080
06-17 21:48:31.769 I/        (    0): [ 3971.811362@1]  [bluebank] [usb_dec_thread] usb2_status=1, usb3_status=1
06-17 21:48:31.875 I/DreamManagerService(  502): Leaving dreamland.
06-17 21:48:31.876 I/DreamManagerService(  502): Performing gentle wake from dream.
06-17 21:48:31.876 I/DreamController(  502): Stopping dream: name=ComponentInfo{com.jio.screensaver/com.jio.halotv.ui.screensaver.DreamActivity}, isTest=false, canDoze=false, userId=0, reason='finished self'(from 'finished self')
06-17 21:48:31.879 V/DigitalSignage(  502): Package Name: null
06-17 21:48:31.879 V/DigitalSignage(  502): Left: 0
06-17 21:48:31.879 V/DigitalSignage(  502): Right: 0
06-17 21:48:31.879 V/DigitalSignage(  502): Top: 0
06-17 21:48:31.879 V/DigitalSignage(  502): Bottom: 0
06-17 21:48:31.879 D/DigitalSignage(  502): else - Package Name :: null left : 0 right :: 0 top :: 0 bottom :: 0 dfu-right :: 1920 dfu-bottom :: 1080
06-17 21:48:32.362 I/ActivityManager(  502): Process com.jio.screensaver (pid 16497) has died: fg  SVC 
06-17 21:48:32.793 I/        (    0): [ 3972.835357@1]  [bluebank] [usb_dec_thread] usb2_status=1, usb3_status=1
06-17 21:48:33.824 I/        (    0): [ 3973.863379@1]  [bluebank] [usb_dec_thread] usb2_status=1, usb3_status=1
06-17 21:48:34.841 I/        (    0): [ 3974.883355@2]  [bluebank] [usb_dec_thread] usb2_status=1, usb3_status=1
06-17 21:48:35.865 I/        (    0): [ 3975.907378@1]  [bluebank] [usb_dec_thread] usb2_status=1, usb3_status=1
06-17 21:48:36.037 W/[ 3976.080620@1]  RTW(    0): fill_default_txdesc(wlan0): SP Packet(0x0806) rate=0x4 SeqNum = 1886
06-17 21:48:36.893 I/        (    0): [ 3976.935358@1]  [bluebank] [usb_dec_thread] usb2_status=1, usb3_status=1
06-17 21:48:37.913 I/        (    0): [ 3977.955381@1]  [bluebank] [usb_dec_thread] usb2_status=1, usb3_status=1
06-17 21:48:38.937 I/        (    0): [ 3978.979387@1]  [bluebank] [usb_dec_thread] usb2_status=1, usb3_status=1
06-17 21:48:39.961 I/        (    0): [ 3980.003365@1]  [bluebank] [usb_dec_thread] usb2_status=1, usb3_status=1
06-17 21:48:40.161 W/[ 3980.206430@2]  audit(    0): audit_lost=4563 audit_rate_limit=5 audit_backlog_limit=64
06-17 21:48:40.162 E/[ 3980.206440@2]  audit(    0): rate limit exceeded
06-17 21:48:40.985 I/        (    0): [ 3981.027378@1]  [bluebank] [usb_dec_thread] usb2_status=1, usb3_status=1
06-17 21:48:41.113 W/[ 3981.158160@0]  RTW(    0): fill_default_txdesc(wlan0): SP Packet(0x0806) rate=0x4 SeqNum = 2380
06-17 21:48:41.643 W/[ 3981.686158@3]  audit(    0): audit_lost=4679 audit_rate_limit=5 audit_backlog_limit=64
06-17 21:48:41.643 E/[ 3981.686169@3]  audit(    0): rate limit exceeded
06-17 21:48:42.013 I/        (    0): [ 3982.055395@0]  [bluebank] [usb_dec_thread] usb2_status=1, usb3_status=1
06-17 21:48:43.037 I/        (    0): [ 3983.079361@1]  [bluebank] [usb_dec_thread] usb2_status=1, usb3_status=1
06-17 21:48:43.525 D/CompatibilityChangeReporter(  502): Compat change id reported: 135634846; UID 10074; state: DISABLED
06-17 21:48:43.526 D/CompatibilityChangeReporter(  502): Compat change id reported: 143937733; UID 10074; state: ENABLED
06-17 21:48:43.537 W/[ 3983.583234@0]  RTW(    0): cfg80211_rtw_scan(wlan0)
06-17 21:48:43.537 W/[ 3983.583255@0]  RTW(    0): WARN cfg80211_rtw_scan (wlan0) : scan abort!! BusyTraffic
06-17 21:48:43.548 I/ActivityManager(  502): Start proc 17440:com.jio.screensaver/u0a74 for service {com.jio.screensaver/com.google.android.gms.measurement.AppMeasurementJobService}
06-17 21:48:43.700 E/ActivityThread(17440): Failed to find provider info for com.google.android.gms.chimera
06-17 21:48:44.057 I/        (    0): [ 3984.099388@1]  [bluebank] [usb_dec_thread] usb2_status=1, usb3_status=1
06-17 21:48:45.081 I/        (    0): [ 3985.123372@0]  [bluebank] [usb_dec_thread] usb2_status=1, usb3_status=1
06-17 21:48:45.961 W/[ 3986.004154@2]  RTW(    0): fill_default_txdesc(wlan0): SP Packet(0x0806) rate=0x4 SeqNum = 2533
06-17 21:48:46.109 I/        (    0): [ 3986.151373@1]  [bluebank] [usb_dec_thread] usb2_status=1, usb3_status=1
06-17 21:48:46.182 I/        (    0): [ 3986.226146@2]  EXT4-fs (mmcblk0p17): re-mounted. Opts: (null)
06-17 21:48:47.130 I/        (    0): [ 3987.171381@1]  [bluebank] [usb_dec_thread] usb2_status=1, usb3_status=1
06-17 21:48:48.153 I/        (    0): [ 3988.195372@1]  [bluebank] [usb_dec_thread] usb2_status=1, usb3_status=1
06-17 21:48:49.177 I/        (    0): [ 3989.219419@1]  [bluebank] [usb_dec_thread] usb2_status=1, usb3_status=1
06-17 21:48:50.201 I/        (    0): [ 3990.243366@1]  [bluebank] [usb_dec_thread] usb2_status=1, usb3_status=1
06-17 21:48:51.225 I/        (    0): [ 3991.267442@2]  [bluebank] [usb_dec_thread] usb2_status=1, usb3_status=1
06-17 21:48:51.249 W/[ 3991.293445@2]  RTW(    0): fill_default_txdesc(wlan0): SP Packet(0x0806) rate=0x4 SeqNum = 2644
06-17 21:48:52.249 I/        (    0): [ 3992.291822@2]  [bluebank] [usb_dec_thread] usb2_status=1, usb3_status=1
06-17 21:48:53.273 I/        (    0): [ 3993.315412@0]  [bluebank] [usb_dec_thread] usb2_status=1, usb3_status=1
06-17 21:48:54.297 I/        (    0): [ 3994.339378@2]  [bluebank] [usb_dec_thread] usb2_status=1, usb3_status=1
06-17 21:48:55.321 I/        (    0): [ 3995.363387@3]  [bluebank] [usb_dec_thread] usb2_status=1, usb3_status=1
06-17 21:48:56.281 W/[ 3996.326650@1]  RTW(    0): fill_default_txdesc(wlan0): SP Packet(0x0806) rate=0x4 SeqNum = 2658
06-17 21:48:56.345 I/        (    0): [ 3996.387364@3]  [bluebank] [usb_dec_thread] usb2_status=1, usb3_status=1
06-17 21:48:57.369 I/        (    0): [ 3997.411366@1]  [bluebank] [usb_dec_thread] usb2_status=1, usb3_status=1
06-17 21:48:58.393 I/        (    0): [ 3998.435365@2]  [bluebank] [usb_dec_thread] usb2_status=1, usb3_status=1
06-17 21:48:59.417 I/        (    0): [ 3999.459366@0]  [bluebank] [usb_dec_thread] usb2_status=1, usb3_status=1
06-17 21:49:00.441 I/        (    0): [ 4000.483370@0]  [bluebank] [usb_dec_thread] usb2_status=1, usb3_status=1
06-17 21:49:01.391 W/[ 4001.432035@0]  RTW(    0): fill_default_txdesc(wlan0): SP Packet(0x0806) rate=0x4 SeqNum = 2675
06-17 21:49:01.465 I/        (    0): [ 4001.507387@2]  [bluebank] [usb_dec_thread] usb2_status=1, usb3_status=1
06-17 21:49:02.489 I/        (    0): [ 4002.531422@3]  [bluebank] [usb_dec_thread] usb2_status=1, usb3_status=1
06-17 21:49:03.001 W/[ 4003.043478@0]  RTW(    0): fill_default_txdesc(wlan0): SP Packet(0x0806) rate=0x4 SeqNum = 2682
06-17 21:49:03.519 I/        (    0): [ 4003.559410@3]  [bluebank] [usb_dec_thread] usb2_status=1, usb3_status=1
06-17 21:49:04.537 I/        (    0): [ 4004.579374@3]  [bluebank] [usb_dec_thread] usb2_status=1, usb3_status=1
06-17 21:49:05.561 I/        (    0): [ 4005.603360@2]  [bluebank] [usb_dec_thread] usb2_status=1, usb3_status=1
06-17 21:49:06.461 W/[ 4006.503689@0]  RTW(    0): fill_default_txdesc(wlan0): SP Packet(0x0806) rate=0x4 SeqNum = 2699
06-17 21:49:06.585 I/        (    0): [ 4006.627422@2]  [bluebank] [usb_dec_thread] usb2_status=1, usb3_status=1
06-17 21:49:07.609 I/        (    0): [ 4007.651378@2]  [bluebank] [usb_dec_thread] usb2_status=1, usb3_status=1
06-17 21:49:08.634 I/        (    0): [ 4008.675371@2]  [bluebank] [usb_dec_thread] usb2_status=1, usb3_status=1
06-17 21:49:09.657 I/        (    0): [ 4009.699392@2]  [bluebank] [usb_dec_thread] usb2_status=1, usb3_status=1
06-17 21:49:10.687 I/        (    0): [ 4010.727374@0]  [bluebank] [usb_dec_thread] usb2_status=1, usb3_status=1
06-17 21:49:10.962 W/[ 4011.003609@0]  RTW(    0): fill_default_txdesc(wlan0): SP Packet(0x0806) rate=0x4 SeqNum = 2775
06-17 21:49:11.705 I/        (    0): [ 4011.747390@2]  [bluebank] [usb_dec_thread] usb2_status=1, usb3_status=1
06-17 21:49:11.705 W/[ 4011.747476@0]  RTW(    0): fill_default_txdesc(wlan0): SP Packet(0x0806) rate=0x4 SeqNum = 2778
06-17 21:49:12.729 I/        (    0): [ 4012.771507@2]  [bluebank] [usb_dec_thread] usb2_status=1, usb3_status=1
06-17 21:49:13.753 I/        (    0): [ 4013.795365@3]  [bluebank] [usb_dec_thread] usb2_status=1, usb3_status=1
06-17 21:49:14.777 I/        (    0): [ 4014.819437@1]  [bluebank] [usb_dec_thread] usb2_status=1, usb3_status=1
06-17 21:49:15.802 I/        (    0): [ 4015.843362@1]  [bluebank] [usb_dec_thread] usb2_status=1, usb3_status=1
06-17 21:49:15.949 W/[ 4015.993251@0]  RTW(    0): fill_default_txdesc(wlan0): SP Packet(0x0806) rate=0x4 SeqNum = 2852
06-17 21:49:16.825 I/        (    0): [ 4016.867372@1]  [bluebank] [usb_dec_thread] usb2_status=1, usb3_status=1
06-17 21:49:17.849 I/        (    0): [ 4017.891377@1]  [bluebank] [usb_dec_thread] usb2_status=1, usb3_status=1
06-17 21:49:18.874 I/        (    0): [ 4018.915353@1]  [bluebank] [usb_dec_thread] usb2_status=1, usb3_status=1
06-17 21:49:19.897 I/        (    0): [ 4019.939398@1]  [bluebank] [usb_dec_thread] usb2_status=1, usb3_status=1
06-17 21:49:20.921 I/        (    0): [ 4020.963359@2]  [bluebank] [usb_dec_thread] usb2_status=1, usb3_status=1
06-17 21:49:20.945 W/[ 4020.989859@0]  RTW(    0): fill_default_txdesc(wlan0): SP Packet(0x0806) rate=0x4 SeqNum = 2952
06-17 21:49:21.949 I/        (    0): [ 4021.991367@1]  [bluebank] [usb_dec_thread] usb2_status=1, usb3_status=1
06-17 21:49:22.457 W/[ 4022.499473@0]  RTW(    0): fill_default_txdesc(wlan0): SP Packet(0x0806) rate=0x4 SeqNum = 2961
06-17 21:49:22.969 I/        (    0): [ 4023.011383@1]  [bluebank] [usb_dec_thread] usb2_status=1, usb3_status=1
06-17 21:49:23.993 I/        (    0): [ 4024.035368@1]  [bluebank] [usb_dec_thread] usb2_status=1, usb3_status=1
06-17 21:49:25.017 I/        (    0): [ 4025.060470@1]  [bluebank] [usb_dec_thread] usb2_status=1, usb3_status=1
06-17 21:49:25.925 W/[ 4025.968792@1]  RTW(    0): fill_default_txdesc(wlan0): SP Packet(0x0806) rate=0x4 SeqNum = 2972
06-17 21:49:26.041 I/        (    0): [ 4026.083369@3]  [bluebank] [usb_dec_thread] usb2_status=1, usb3_status=1
06-17 21:49:26.697 W/[ 4026.741089@3]  audit(    0): audit_lost=4684 audit_rate_limit=5 audit_backlog_limit=64
06-17 21:49:26.697 E/[ 4026.741099@3]  audit(    0): rate limit exceeded
06-17 21:49:27.065 I/        (    0): [ 4027.107370@2]  [bluebank] [usb_dec_thread] usb2_status=1, usb3_status=1
06-17 21:49:28.089 I/        (    0): [ 4028.131365@2]  [bluebank] [usb_dec_thread] usb2_status=1, usb3_status=1
06-17 21:49:29.113 I/        (    0): [ 4029.155353@3]  [bluebank] [usb_dec_thread] usb2_status=1, usb3_status=1
06-17 21:49:30.137 I/        (    0): [ 4030.179422@0]  [bluebank] [usb_dec_thread] usb2_status=1, usb3_status=1
06-17 21:49:30.904 W/[ 4030.949258@0]  RTW(    0): fill_default_txdesc(wlan0): SP Packet(0x0806) rate=0x4 SeqNum = 3019
06-17 21:49:31.161 I/        (    0): [ 4031.203358@0]  [bluebank] [usb_dec_thread] usb2_status=1, usb3_status=1
06-17 21:49:32.185 I/        (    0): [ 4032.227374@2]  [bluebank] [usb_dec_thread] usb2_status=1, usb3_status=1
06-17 21:49:33.209 I/        (    0): [ 4033.251365@2]  [bluebank] [usb_dec_thread] usb2_status=1, usb3_status=1
06-17 21:49:34.233 I/        (    0): [ 4034.275403@2]  [bluebank] [usb_dec_thread] usb2_status=1, usb3_status=1
06-17 21:49:35.257 I/        (    0): [ 4035.299363@2]  [bluebank] [usb_dec_thread] usb2_status=1, usb3_status=1
06-17 21:49:36.005 W/[ 4036.047651@1]  RTW(    0): fill_default_txdesc(wlan0): SP Packet(0x0806) rate=0x4 SeqNum = 3030
06-17 21:49:36.281 I/        (    0): [ 4036.323423@0]  [bluebank] [usb_dec_thread] usb2_status=1, usb3_status=1
06-17 21:49:36.697 I/        (    0): [ 4036.740915@3]  EXT4-fs (mmcblk0p17): re-mounted. Opts: (null)
06-17 21:49:36.793 W/[ 4036.835546@0]  RTW(    0): fill_default_txdesc(wlan0): SP Packet(0x0806) rate=0x4 SeqNum = 3059
06-17 21:49:37.305 I/        (    0): [ 4037.347365@0]  [bluebank] [usb_dec_thread] usb2_status=1, usb3_status=1
06-17 21:49:38.329 I/        (    0): [ 4038.371361@2]  [bluebank] [usb_dec_thread] usb2_status=1, usb3_status=1
06-17 21:49:39.353 I/        (    0): [ 4039.395385@3]  [bluebank] [usb_dec_thread] usb2_status=1, usb3_status=1
06-17 21:49:40.377 I/        (    0): [ 4040.419367@3]  [bluebank] [usb_dec_thread] usb2_status=1, usb3_status=1
06-17 21:49:40.841 W/[ 4040.884037@0]  RTW(    0): fill_default_txdesc(wlan0): SP Packet(0x0806) rate=0x4 SeqNum = 3069
06-17 21:49:41.401 I/        (    0): [ 4041.443368@3]  [bluebank] [usb_dec_thread] usb2_status=1, usb3_status=1
06-17 21:49:41.410 D/[ 4041.451498@3]  logd(    0): logdr: UID=0 GID=0 PID=17679 b tail=0 logMask=99 pid=0 start=0ns timeout=0ns
06-17 21:49:42.430 I/ActivityManager(  502): Force stopping io.appium.uiautomator2.server appid=10097 user=0: from pid 17721
06-17 21:49:42.425 I/        (    0): [ 4042.467390@3]  [bluebank] [usb_dec_thread] usb2_status=1, usb3_status=1
06-17 21:49:42.461 I/ActivityManager(  502): Force stopping io.appium.uiautomator2.server.test appid=10096 user=0: from pid 17722
06-17 21:49:43.265 I/[ 4043.309860@3]  resman(    0): 67 appname:OMX-54, type=0
--------- beginning of main
06-17 21:49:43.299 V/OmxVideoDecoder(  529): VendorExt: getConfig: index=10 (videoLayer)
06-17 21:49:43.299 D/OmxVideoDecoder(  529): getConfig 2867 0x6f100004
06-17 21:49:43.299 V/OmxVideoDecoder(  529): VendorExt: getConfig: index=11 (renderByOmx)
06-17 21:49:43.299 D/OmxVideoDecoder(  529): getConfig 2867 0x6f100004
06-17 21:49:43.299 V/OmxVideoDecoder(  529): VendorExt: getConfig: index=12 (tunerhal)
06-17 21:49:43.299 D/OmxVideoDecoder(  529): getConfig 2867 0x6f100004
06-17 21:49:43.299 V/OmxVideoDecoder(  529): VendorExt: getConfig: index=12 (tunerhal)
06-17 21:49:43.300 D/OmxVideoDecoder(  529): getConfig 2867 0x6f100004
06-17 21:49:43.300 V/OmxVideoDecoder(  529): VendorExt: getConfig: index=13 (VideoQos)
06-17 21:49:43.300 D/OmxVideoDecoder(  529): getConfig 2867 0x6f100004
06-17 21:49:43.300 V/OmxVideoDecoder(  529): VendorExt: getConfig: index=14 (rotation-angle)
06-17 21:49:43.300 D/OmxVideoDecoder(  529): getConfig 2867 0x6f100004
06-17 21:49:43.300 V/OmxVideoDecoder(  529): VendorExt: getConfig: index=15 (McodecReport)
06-17 21:49:43.300 D/OmxVideoDecoder(  529): mMcodecReport=0 mPeer.get=0xec0d2000
06-17 21:49:43.301 D/OmxVideoDecoder(  529): getConfig 2867 0x6f100004
06-17 21:49:43.301 V/OmxVideoDecoder(  529): VendorExt: getConfig: index=16 (START.low-latency)
06-17 21:49:43.301 D/OmxVideoDecoder(  529): getConfig 2867 0x6f100004
06-17 21:49:43.304 I/OmxComponent(  529): OMX_CommandStateSet 850 Cmd 0 nParam1 0x2
06-17 21:49:43.304 I/OmxComponent(  529): OMX-54 STATE_SET:   OMX_StateLoaded => OMX_StateIdle : OMX.amlogic.avc.decoder.awesome2
06-17 21:49:43.304 I/OmxComponent(  529): OMX-54 STATE_TRANS: OMX_StateLoaded => OMX_StateIdle : OMX.amlogic.avc.decoder.awesome2
06-17 21:49:43.305 I/OmxVideoDecoder(  529): getParameter Component Name OMX.amlogic.avc.decoder.awesome2, width 640, height 360 nBufferCountMin:3
06-17 21:49:43.308 I/OmxComponent(  529): OMX-54 STATE_TRANS: OMX_StateLoaded => OMX_StateIdle : OMX.amlogic.avc.decoder.awesome2
06-17 21:49:43.309 I/chatty  (  529): uid=1046(mediacodec) omx@1.0-service identical 1 line
06-17 21:49:43.310 I/OmxComponent(  529): OMX-54 STATE_TRANS: OMX_StateLoaded => OMX_StateIdle : OMX.amlogic.avc.decoder.awesome2
06-17 21:49:43.310 V/OmxVideoDecoder(  529): updatePort mUseNativeBuffers 1
06-17 21:49:43.310 V/OmxVideoDecoder(  529): nWidth=640,nHeight=360, nMinbufs=0
06-17 21:49:43.310 I/OmxVideoDecoder(  529): getParameter Component Name OMX.amlogic.avc.decoder.awesome2, width 640, height 360 nBufferCountMin:10
06-17 21:49:43.311 V/OmxVideoDecoder(  529): updatePort mUseNativeBuffers 1
06-17 21:49:43.311 V/OmxVideoDecoder(  529): nWidth=640,nHeight=360, nMinbufs=0
06-17 21:49:43.311 I/OmxVideoDecoder(  529): getParameter Component Name OMX.amlogic.avc.decoder.awesome2, width 640, height 360 nBufferCountMin:10
06-17 21:49:43.311 D/OmxComponent(  529): getExtensionIndex 1237 name="OMX.google.android.index.AndroidNativeBufferConsumerUsage"
06-17 21:49:43.311 D/OmxVideoDecoder(  529): setParameter 1599 0x7f00000b
06-17 21:49:43.312 D/OmxVideoDecoder(  529): OMX_GoogleAndroidIndexAndroidNativeBufferConsumerUsage 0x100
06-17 21:49:43.312 D/OmxVideoDecoder(  529): Use OSD layer if don't use HWC.
06-17 21:49:43.312 D/OmxComponent(  529): getExtensionIndex 1237 name="OMX.google.android.index.getAndroidNativeBufferUsage"
06-17 21:49:43.312 D/OmxVideoDecoder(  529): Get NativeBufferUsage 0xc00200
06-17 21:49:43.312 D/OmxVideoDecoder(  529): setParameter 1599 0x2000001
06-17 21:49:43.312 W/OmxVideoDecoder(  529): 4kosd set output error, newBufferCount 15 > 14
06-17 21:49:43.312 E/OMXNodeInstance(  529): setParameter(0xec0da438:amlogic.avc.decoder.awesome2, ParamPortDefinition(0x2000001)) ERROR: UnsupportedSetting(0x80001019)
06-17 21:49:43.313 D/OmxVideoDecoder(  529): setParameter 1599 0x2000001
06-17 21:49:43.313 D/OmxVideoDecoder(  529): media.omx.display_mode=3
06-17 21:49:43.313 D/OmxVideoDecoder(  529): mjpeg vc1 wmv wmv3 force display_mode=3
06-17 21:49:43.313 D/OmxVideoDecoder(  529): choose mVideoUsedByOmx=0, mVideoUsedByThis=0, mAmVideoUsed=0
06-17 21:49:43.313 D/OmxVideoDecoder(  529): choose mDisplayMode=0
06-17 21:49:43.309 W/HwBinder:529_5(  529): type=1400 audit(0.0:5761): avc: denied { read } for name="u:object_r:default_prop:s0" dev="tmpfs" ino=214 scontext=u:r:mediacodec:s0 tcontext=u:object_r:default_prop:s0 tclass=file permissive=0
06-17 21:49:43.314 E/libc    (  529): Access denied finding property "media.omx.width"
06-17 21:49:43.313 W/HwBinder:529_5(  529): type=1400 audit(0.0:5762): avc: denied { read } for name="u:object_r:default_prop:s0" dev="tmpfs" ino=214 scontext=u:r:mediacodec:s0 tcontext=u:object_r:default_prop:s0 tclass=file permissive=0
06-17 21:49:43.314 E/libc    (  529): Access denied finding property "media.omx.height"
06-17 21:49:43.314 D/OmxVideoDecoder(  529): mMustOsdDisplay is true
06-17 21:49:43.314 D/OmxVideoDecoder(  529): setParameter nPortIndex 1 nFrameWidth 640 nFrameHeight 360 nSliceHeight 360
06-17 21:49:43.314 V/OmxVideoDecoder(  529): updatePort mUseNativeBuffers 1
06-17 21:49:43.314 V/OmxVideoDecoder(  529): nWidth=640,nHeight=360, nMinbufs=0
06-17 21:49:43.315 E/OMX_AmlogicPeerBufferWrapper(  529): setVideoNativeMetadata
06-17 21:49:43.315 I/OmxComponent(  529): OMX-54 STATE_TRANS: OMX_StateLoaded => OMX_StateIdle : OMX.amlogic.avc.decoder.awesome2
06-17 21:49:43.316 E/OMX_AmlogicPeerBufferWrapper(  529): setVideoNativeMetadata
06-17 21:49:43.316 I/OmxComponent(  529): OMX-54 STATE_TRANS: OMX_StateLoaded => OMX_StateIdle : OMX.amlogic.avc.decoder.awesome2
06-17 21:49:43.317 E/OMX_AmlogicPeerBufferWrapper(  529): setVideoNativeMetadata
06-17 21:49:43.317 I/OmxComponent(  529): OMX-54 STATE_TRANS: OMX_StateLoaded => OMX_StateIdle : OMX.amlogic.avc.decoder.awesome2
06-17 21:49:43.317 E/OMX_AmlogicPeerBufferWrapper(  529): setVideoNativeMetadata
06-17 21:49:43.317 I/OmxComponent(  529): OMX-54 STATE_TRANS: OMX_StateLoaded => OMX_StateIdle : OMX.amlogic.avc.decoder.awesome2
06-17 21:49:43.318 E/OMX_AmlogicPeerBufferWrapper(  529): setVideoNativeMetadata
06-17 21:49:43.318 I/OmxComponent(  529): OMX-54 STATE_TRANS: OMX_StateLoaded => OMX_StateIdle : OMX.amlogic.avc.decoder.awesome2
06-17 21:49:43.318 E/OMX_AmlogicPeerBufferWrapper(  529): setVideoNativeMetadata
06-17 21:49:43.318 I/OmxComponent(  529): OMX-54 STATE_TRANS: OMX_StateLoaded => OMX_StateIdle : OMX.amlogic.avc.decoder.awesome2
06-17 21:49:43.319 E/OMX_AmlogicPeerBufferWrapper(  529): setVideoNativeMetadata
06-17 21:49:43.319 I/OmxComponent(  529): OMX-54 STATE_TRANS: OMX_StateLoaded => OMX_StateIdle : OMX.amlogic.avc.decoder.awesome2
06-17 21:49:43.319 E/OMX_AmlogicPeerBufferWrapper(  529): setVideoNativeMetadata
06-17 21:49:43.319 I/OmxComponent(  529): OMX-54 STATE_TRANS: OMX_StateLoaded => OMX_StateIdle : OMX.amlogic.avc.decoder.awesome2
06-17 21:49:43.320 E/OMX_AmlogicPeerBufferWrapper(  529): setVideoNativeMetadata
06-17 21:49:43.320 I/OmxComponent(  529): OMX-54 STATE_TRANS: OMX_StateLoaded => OMX_StateIdle : OMX.amlogic.avc.decoder.awesome2
06-17 21:49:43.320 E/OMX_AmlogicPeerBufferWrapper(  529): setVideoNativeMetadata
06-17 21:49:43.320 I/OmxComponent(  529): OMX-54 STATE_TRANS: OMX_StateLoaded => OMX_StateIdle : OMX.amlogic.avc.decoder.awesome2
06-17 21:49:43.320 E/OMX_AmlogicPeerBufferWrapper(  529): setVideoNativeMetadata
06-17 21:49:43.320 I/OmxComponent(  529): OMX-54 STATE_TRANS: OMX_StateLoaded => OMX_StateIdle : OMX.amlogic.avc.decoder.awesome2
06-17 21:49:43.321 W/ecoder.awesome2(  529): type=1400 audit(0.0:5763): avc: denied { search } for name="/" dev="cgroup2" ino=1 scontext=u:r:mediacodec:s0 tcontext=u:object_r:cgroup_bpf:s0 tclass=dir permissive=0
06-17 21:49:43.325 I/[ 4043.368868@3]  resman(    0): 67 acquire [decoder], preempt yes
06-17 21:49:43.325 I/[ 4043.368880@3]  resman(    0): 67 acquire [decoder] success
06-17 21:49:43.326 I/[ 4043.368910@3]  resman(    0): 67 acquire [codec_mm], preempt yes
06-17 21:49:43.326 I/[ 4043.368918@3]  resman(    0): 67 score 30 secure no
06-17 21:49:43.326 I/[ 4043.368923@3]  resman(    0): 67 acquire [codec_mm] success
06-17 21:49:43.326 W/[ 4043.369948@1]  audit(    0): audit_lost=4687 audit_rate_limit=5 audit_backlog_limit=64
06-17 21:49:43.326 E/[ 4043.369958@1]  audit(    0): rate limit exceeded
06-17 21:49:43.321 E/OMX_AmlogicPeerBufferWrapper(  529): setVideoNativeMetadata
06-17 21:49:43.321 E/OMX_AmlogicPeerBufferWrapper(  529): setVideoNativeMetadata
06-17 21:49:43.321 E/OMX_AmlogicPeerBufferWrapper(  529): setVideoNativeMetadata
06-17 21:49:43.323 I/OmxComponent(  529): OMX-54 STATE_TRANS: OMX_StateLoaded => OMX_StateIdle : OMX.amlogic.avc.decoder.awesome2
06-17 21:49:43.323 V/AmlogicVideoDecoderAwesome2(  529): [46]acquireResources:429 >
06-17 21:49:43.323 D/AmlogicVideoDecoderAwesome2(  529): [46]"setUp mDurationUs = 0 videoDefine.xFramerate = 0"
06-17 21:49:43.323 V/debugSetup(  529): media.omx.dumpRecv is disabled
06-17 21:49:43.323 V/debugSetup(  529): media.omx.dumpCodec is disabled
06-17 21:49:43.323 E/AmlogicVideoDecoderAwesome2(  529): setUp(): 1200 mOwner->isGameMode()=0
06-17 21:49:43.323 D/AmlogicVideoDecoderAwesome2(  529): [46]"vendor.media.omx.gamemode is not set used def=0\n"
06-17 21:49:43.323 I/AmlogicVideoDecoderAwesome2(  529): [46]"setUp width 640, height 360\n"
06-17 21:49:43.323 D/AmlogicVideoDecoderAwesome2(  529): [46]"vendor.media.omx2.dw is not set used def=16\n"
06-17 21:49:43.323 D/AmlogicVideoDecoderAwesome2(  529): [46]"vendor.media.omx2.margin is not set used def=5\n"
06-17 21:49:43.323 I/AmlogicVideoDecoderAwesome2(  529): [46]"mIsSurfacTexture 1, mDoubleWriteMode 16, default_margin:5 \n"
06-17 21:49:43.323 D/AmlogicVideoDecoderAwesome2(  529): [46]"codecInit"
06-17 21:49:43.323 V/AmlogicVideoDecoderAwesome2(  529): [46]"codecInit avc\n"
06-17 21:49:43.323 I/resman  (  529): acquire fd:12, restype:7, preempt:1, time_out:10000, arg:
06-17 21:49:43.323 I/resman  (  529): acquire fd:12, restype:5, preempt:1, time_out:10000, arg:size:30
06-17 21:49:43.323 D/VideoDecWraper(  529): VideoDecWraper
06-17 21:49:43.323 D/VideoDecWraper(  529): initialize:mime:video/avc
06-17 21:49:43.323 D/VideoDecWraper(  529): version 1.1 use create AmVideoDec_create
06-17 21:49:43.323 I/AmVideoDec(  529): AmVideoDec version: V3.2.159-gadbe096  (dong.liu  Tue Feb 11 11:58:24 UTC 2025), mHalInstanceID 33, mHalInstancenum 1
06-17 21:49:43.323 I/AmVideoDec(  529): vendor.mediahal.loglevels is not set used def = 1
06-17 21:49:43.323 I/AmVideoDec(  529): [0] "new VideoDec\n"
06-17 21:49:43.323 I/AmVideoDec(  529): open dec_stat fd -1
06-17 21:49:43.323 D/VideoDecWraper(  529): getAmVideoDec ok
06-17 21:49:43.323 I/AmVideoDec(  529): [0] "initialize mime video/avc secureMode is 0\n"
06-17 21:49:43.323 I/V4l2Adaptor(  529): V4l2Adaptor::initialize flags is 0x0
06-17 21:49:43.324 I/V4l2Adaptor(  529): V4l2Adaptor::onInit
06-17 21:49:43.324 I/VDA     (  529): vendor.mediahal.loglevels is not set used def = 1
06-17 21:49:43.324 I/VDA     (  529): [0] "open dec_stat fd -1, log_level_ 1\n"
06-17 21:49:43.324 I/VDA     (  529): [0] "VDA Initialize flags is 0\n"
06-17 21:49:43.324 I/VDA     (  529): VideoCodecProfileToV4L2PixFmt profile a
06-17 21:49:43.324 I/VDA     (  529): V4L2_PIX_FMT_H264
06-17 21:49:43.322 W/ResourceManagerService(  521): Ignoring request to add new resource entry with value <= 0
06-17 21:49:43.342 E/ocessService0:( 2361): failed to create Unix domain socket: Operation not permitted
06-17 21:49:43.345 I/VDA     (  529): vendor.vda.disable_config is not set used def = 0
06-17 21:49:43.345 I/VDA     (  529): [0] "v4l2 private parms, magic:1437256755 len:5, adaptiveback:0 height:640 width:360\n"
06-17 21:49:43.345 I/VDA     (  529): [0] "not 8k use max input size\n"
06-17 21:49:43.351 I/[ 4043.390721@3]  [amlv4l](    0): [65]: DW:10, TW:0, Margin:5
06-17 21:49:43.352 D/[ 4043.390967@3]  [amlcom](    0): vdec_create instance 0000000046e1e31a, total 1, PM: power-domain
06-17 21:49:43.352 D/[ 4043.391110@3]  [media_clock](    0): vdec mux clock is 799999988 Hz
06-17 21:49:43.352 I/[ 4043.391393@3]  [amlcom](    0): vdec_init, dev_name:ammvdec_h264_v4l, vdec_type=VDEC_TYPE_FRAME_BLOCK, format: 2, total: 1
06-17 21:49:43.352 D/[ 4043.392310@3]  [h264](    0): 0: pdata->config=parm_v4l_codec_enable:1;mh264_double_write_mode:16;parm_v4l_buffer_margin:5;parm_v4l_canvas_mem_mode:0;parm_v4l_canvas_mem_endian:0;parm_v4l_low_latency_mode:0;parm_v4l_metadata_config_flag:49154;parm_v4l_duration:0;
06-17 21:49:43.352 D/[ 4043.392361@3]  [h264](    0): ammvdec_h264_mmu_init tvp = 0x0
06-17 21:49:43.352 D/[ 4043.396414@3]  [media_clock](    0): vdec mux clock is 799999988 Hz
06-17 21:49:43.358 D/[ 4043.400072@3]  [h264](    0): vh264_init, phy_addr=57429000 vaddr=00000000d166dd50
06-17 21:49:43.368 I/VDA     (  529): [0] "setup output format 3132564e\n"
06-17 21:49:43.368 I/VDA     (  529): IsSupportedOutputFormat v4l2_format 3132564e
06-17 21:49:43.368 D/AmlogicVideoDecoderAwesome2(  529): [46]"codecInit done"
06-17 21:49:43.368 D/AmlogicVideoDecoderAwesome2(  529): [46]"mOutWidth is 640 mOutHeight is 360 mFlvFlag=0 mOutBufferCount is 14"
06-17 21:49:43.368 D/AmlogicVideoDecoderAwesome2(  529): [46]"mOutBufferCount =14 mDecOutWidth 640 mDecOutHeight 384\n"
06-17 21:49:43.368 D/AmlogicVideoDecoderAwesome2(  529): [46]"mIsNativeBuffers =1\n"
06-17 21:49:43.368 D/AmlogicVideoDecoderAwesome2(  529): [46]"setUp mOutPortChanged=0\n"
06-17 21:49:43.368 I/OmxComponent(  529): STATE_DONE:  OMX_StateLoaded => OMX_StateIdle : OMX.amlogic.avc.decoder.awesome2
06-17 21:49:43.371 I/VDA     (  529): [0] "InitializeTask"
06-17 21:49:43.371 I/OmxComponent(  529): OMX_CommandStateSet 850 Cmd 0 nParam1 0x3
06-17 21:49:43.371 I/OmxComponent(  529): OMX-54 STATE_SET:   OMX_StateIdle => OMX_StateExecuting : OMX.amlogic.avc.decoder.awesome2
06-17 21:49:43.371 V/AmlogicVideoDecoderAwesome2(  529): [46]prepare:328 >
06-17 21:49:43.371 I/VDA     (  529): vendor.media.omx2.in_buffer set = 5
06-17 21:49:43.371 V/AmlogicVideoDecoderAwesome2(  529): [46]start:341 >
06-17 21:49:43.371 I/VDA     (  529): [0] "CreateInputBuffers count 3\n"
06-17 21:49:43.371 D/AmlogicVideoDecoderAwesome2(  529): [46]"mVideo start\n"
06-17 21:49:43.371 I/OmxComponent(  529): OMX-54 STATE_TRANS: OMX_StateIdle => OMX_StateExecuting : OMX.amlogic.avc.decoder.awesome2
06-17 21:49:43.371 I/OmxComponent(  529): STATE_DONE:  OMX_StateIdle => OMX_StateExecuting : OMX.amlogic.avc.decoder.awesome2
06-17 21:49:43.372 V/OMX_WorkerPeer(  529): vendor/amlogic/common/omx/omx_framework/WorkerPeer.cpp:runWorkerStatic:155 --------------------
06-17 21:49:43.373 V/OMX_WorkerPeer(  529): vendor/amlogic/common/omx/omx_framework/WorkerPeer.cpp:runWorker:161 --------------------
06-17 21:49:43.386 I/VDA     (  529): [0] "----create input VIDIOC_STREAMON----\n"
06-17 21:49:43.386 I/VDA     (  529): [0] "StartDevicePoll\n"
06-17 21:49:43.408 D/rtk_heartbeat(  373): heartbeat_timed_out: heartbeatCmdCount = 4007, expected nextSeqNum = 4007
06-17 21:49:43.409 D/rtk_heartbeat(  373): rtkbt_heartbeat_cmpl_cback: Current SeqNum = 4007,should SeqNum=4007, status = 0
06-17 21:49:43.450 I/        (    0): [ 4043.491998@3]  [bluebank] [usb_dec_thread] usb2_status=1, usb3_status=1
06-17 21:49:43.448 W/gralloc4(  529): Buffer descriptor with invalid usage bits 0x2000
06-17 21:49:43.456 I/VDA     (  529): [0] "ServiceDeviceTask(): buffer counts: IN[1,1], OUT[0,0,0] DEC[0->0] => DEVICE[3+0/3->0+0/0] => CLIENT[0]\n"
06-17 21:49:43.458 D/[ 4043.501723@3]  [h264](    0): 0: vmh264_get_ps_info mmu_enable 0 double_write_mode 0x10
06-17 21:49:43.458 I/[ 4043.501748@3]  [amlv4l](    0): [65]: Parse from ucode, visible(640 x 360), coded(640 x 384), scan:P, bitdepth(0), dw(10)
06-17 21:49:43.458 I/[ 4043.502102@0]  [amlv4l](    0): [65]: Picture buffer count: dec:5, vpp:0, ge2d:0, margin:5, total:10
06-17 21:49:43.458 D/[ 4043.502116@0]  [amlv4l](    0): [65]: Post event: res chg
06-17 21:49:43.457 W/gralloc4(  529): Buffer descriptor with invalid usage bits 0x2000
06-17 21:49:43.460 I/VDA     (  529): [0] "got V4L2_EVENT_SOURCE_CHANGE change event. changes 1\n"
06-17 21:49:43.460 I/VDA     (  529): [0] "got resolution change event.\n"
06-17 21:49:43.460 I/VDA     (  529): [0] "VIDIOC_G_FMT format.fmt.pix.width 640\n"
06-17 21:49:43.460 I/VDA     (  529): [0] "[GetVisibleSize] visible width 640, height 360\n"
06-17 21:49:43.460 I/VDA     (  529): [0] "[NeedResolutionChange] dpb(0->10),size(0x0->640x360)"
06-17 21:49:43.460 I/VDA     (  529): [0] "StopDevicePoll\n"
06-17 21:49:43.462 W/gralloc4(  529): Buffer descriptor with invalid usage bits 0x2000
06-17 21:49:43.464 I/VDA     (  529): [0] "VIDIOC_G_FMT format.fmt.pix.width 640\n"
06-17 21:49:43.464 I/VDA     (  529): [0] "[GetVisibleSize] visible width 640, height 360\n"
06-17 21:49:43.464 V/android.hardware.media.omx@1.0-service(  529): [0617/214943.464801:VERBOSE1:v4l2_video_decode_accelerator.cc(3173)] CheckInterlaced(): 
06-17 21:49:43.464 I/VDA     (  529): [0] "CheckInterlaced format.fmt.pix.field 1\n"
06-17 21:49:43.469 I/[ 4043.512302@0]  dim(    0): reg:use[1]ms
06-17 21:49:43.469 I/[ 4043.512318@0]  dim(    0): create:ch[2],tmode[3]
06-17 21:49:43.470 I/[ 4043.512322@0]  dim(    0): out:0x80000000
06-17 21:49:43.470 D/[ 4043.513849@3]  [h264](    0): 0: restriction_flag=0, max_dec_frame_buffering=4, dec_dpb_size=5 num_reorder_frames 2 used_reorder_dpb_size_margin 5
06-17 21:49:43.464 I/VDA     (  529): [0] "output_planes_count_ 1, format.fmt.pix.width 640\n"
06-17 21:49:43.465 I/VDA     (  529): [0] "output_dpb_size_ 10, output buffer 10, coded_size_ 640 x 384\n"
06-17 21:49:43.465 I/VDA     (  529): [0] "StartDevicePoll\n"
06-17 21:49:43.465 I/V4l2Adaptor(  529): V4l2Adaptor::ProvidePictureBuffers 10
06-17 21:49:43.465 D/VideoDecWraper(  529): providePictureBuffers:minNumBuffers:10
06-17 21:49:43.465 D/AmlogicVideoDecoderAwesome2(  529): [46]"ProvidePictureBuffers minNumBuffers:10, size(640x360) alignsize(640x384)"
06-17 21:49:43.465 I/AmVideoDec(  529): [0] "setupOutputBufferNum 14\n"
06-17 21:49:43.465 I/V4l2Adaptor(  529): assignPictureBuffers numOutputBuffers 14
06-17 21:49:43.465 I/VideoDecWraper(  529): importBufferForPicture:0
06-17 21:49:43.465 D/VideoDecWraper(  529): outbuf color format NV21
06-17 21:49:43.465 I/V4l2Adaptor(  529): importBufferForPicture pictureBufferId 0, dmabufFd 20, metaFd 21
06-17 21:49:43.465 I/VDA     (  529): [0] "decoder_state_ = kDecoding wait -> decoding in decode buffer task"
06-17 21:49:43.465 I/VideoDecWraper(  529): importBufferForPicture:1
06-17 21:49:43.465 D/VideoDecWraper(  529): outbuf color format NV21
06-17 21:49:43.465 I/V4l2Adaptor(  529): importBufferForPicture pictureBufferId 1, dmabufFd 22, metaFd 23
06-17 21:49:43.465 I/VideoDecWraper(  529): importBufferForPicture:2
06-17 21:49:43.474 D/[ 4043.517926@0]  [h264](    0): 0: decoder duration change old: 0 new: 1601
06-17 21:49:43.474 I/[ 4043.518053@3]  dim(    0): value reg:ch[2]:fix_buf:0;ponly <0,0>
06-17 21:49:43.474 I/[ 4043.518070@3]  dim(    0): di_cnt_i_buf1:tvp:0
06-17 21:49:43.474 I/[ 4043.518081@3]  dim(    0): buf large::0x4fb000, 0x5a1000
06-17 21:49:43.474 I/[ 4043.518118@3]  vpu(    0): vpu: vpu_dev_clk_gate_on: unsupport vpu mod: 72
06-17 21:49:43.474 I/[ 4043.519012@3]  dim(    0): ch[2]:reg:mem cfg[0][0][0]
06-17 21:49:43.465 D/VideoDecWraper(  529): outbuf color format NV21
06-17 21:49:43.465 I/V4l2Adaptor(  529): importBufferForPicture pictureBufferId 2, dmabufFd 24, metaFd 25
06-17 21:49:43.465 I/V4l2Adaptor(  529): onAssignPictureBuffers numOutputBuffers 14
06-17 21:49:43.465 I/V4l2Adaptor(  529): onImportBufferForPicture pictureBufferId 0, dmabufFd 20, metaFd 21, plane size 1
06-17 21:49:43.465 I/V4l2Adaptor(  529): onImportBufferForPicture addr 0x0, stride 0, offset 0, size 0
06-17 21:49:43.465 I/VDA     (  529): [0] "ImportBufferForPicture picture_buffer_id 0\n"
06-17 21:49:43.465 I/V4l2Adaptor(  529): onImportBufferForPicture pictureBufferId 1, dmabufFd 22, metaFd 23, plane size 1
06-17 21:49:43.465 I/V4l2Adaptor(  529): onImportBufferForPicture addr 0x0, stride 0, offset 0, size 0
06-17 21:49:43.465 I/VDA     (  529): [0] "ImportBufferForPicture picture_buffer_id 1\n"
06-17 21:49:43.465 I/V4l2Adaptor(  529): onImportBufferForPicture pictureBufferId 2, dmabufFd 24, metaFd 25, plane size 1
06-17 21:49:43.465 I/V4l2Adaptor(  529): onImportBufferForPicture addr 0x0, stride 0, offset 0, size 0
06-17 21:49:43.465 I/VDA     (  529): [0] "ImportBufferForPicture picture_buffer_id 2\n"
06-17 21:49:43.465 I/VDA     (  529): [0] "AssignPictureBuffersTask"
06-17 21:49:43.465 I/VDA     (  529): [0] "ImportBufferForPictureTask dmabuf_fds 20\n"
06-17 21:49:43.466 I/VDA     (  529): [0] "----enqueue output STREAMON----\n"
06-17 21:49:43.467 I/VDA     (  529): [0] "ImportBufferForPictureTask dmabuf_fds 22\n"
06-17 21:49:43.468 I/VDA     (  529): [0] "ImportBufferForPictureTask dmabuf_fds 24\n"
06-17 21:49:43.475 V/android.hardware.media.omx@1.0-service(  529): [0617/214943.474973:VERBOSE1:v4l2_video_decode_accelerator.cc(3145)] CheckInterlaced(): 
06-17 21:49:43.475 I/VDA     (  529): [0] "VIDIOC_G_FMT format.fmt.pix.width 640\n"
06-17 21:49:43.475 I/VDA     (  529): [0] "[GetVisibleSize] visible width 640, height 360\n"
06-17 21:49:43.475 I/VDA     (  529): [0] "CheckInterlaced format.fmt.pix.field 1\n"
06-17 21:49:43.476 V/OmxVideoDecoder(  529): updatePort mUseNativeBuffers 1
06-17 21:49:43.476 V/OmxVideoDecoder(  529): nWidth=640,nHeight=360, nMinbufs=0
06-17 21:49:43.476 I/OmxVideoDecoder(  529): getParameter Component Name OMX.amlogic.avc.decoder.awesome2, width 640, height 360 nBufferCountMin:10
06-17 21:49:43.477 D/OmxVideoDecoder(  529): getConfig 2867 0x700000f
06-17 21:49:43.477 D/OmxVideoDecoder(  529): getConfig 2870 nIndex 0x700000f
06-17 21:49:43.477 I/AmlogicVideoDecoderAwesome2(  529): [46]"getAndroidNativeBufferCrop [640 x 360] \n"
06-17 21:49:43.477 D/OmxVideoDecoder(  529): getConfig OMX_IndexConfigCommonOutputCrop pRect->nWidth=640, pRect->nHeight=360
06-17 21:49:43.477 D/OmxVideoDecoder(  529): setConfig 3009 0x7f00000c
06-17 21:49:43.477 D/OmxVideoDecoder(  529): getConfig 2867 0x7f00000c
06-17 21:49:43.477 D/OmxVideoDecoder(  529): getConfig 2867 0x7f00000c
06-17 21:49:43.477 E/OMXNodeInstance(  529): getConfig(0xec0da438:amlogic.avc.decoder.awesome2, ??(0x7f00000c)) ERROR: UnsupportedSetting(0x80001019)
06-17 21:49:43.477 D/OmxVideoDecoder(  529): getConfig 2867 0x7f000009
06-17 21:49:43.478 D/OmxVideoDecoder(  529): getConfig 2867 0x6f100004
06-17 21:49:43.478 V/OmxVideoDecoder(  529): VendorExt: getConfig: index=0 (4k-osd)
06-17 21:49:43.478 D/OmxVideoDecoder(  529): getConfig 2867 0x6f100004
06-17 21:49:43.478 V/OmxVideoDecoder(  529): VendorExt: getConfig: index=1 (video-trickmode)
06-17 21:49:43.478 D/OmxVideoDecoder(  529): getConfig 2867 0x6f100004
06-17 21:49:43.478 V/OmxVideoDecoder(  529): VendorExt: getConfig: index=2 (unstable-pts)
06-17 21:49:43.478 D/OmxVideoDecoder(  529): getConfig 2867 0x6f100004
06-17 21:49:43.478 V/OmxVideoDecoder(  529): VendorExt: getConfig: index=3 (is-mvc)
06-17 21:49:43.478 D/OmxVideoDecoder(  529): getConfig 2867 0x6f100004
06-17 21:49:43.478 V/OmxVideoDecoder(  529): VendorExt: getConfig: index=4 (is-flv)
06-17 21:49:43.478 D/OmxVideoDecoder(  529): getConfig 2867 0x6f100004
06-17 21:49:43.479 V/OmxVideoDecoder(  529): VendorExt: getConfig: index=5 (dvconfig-box)
06-17 21:49:43.479 D/OmxVideoDecoder(  529): getConfig 2867 0x6f100004
06-17 21:49:43.479 V/OmxVideoDecoder(  529): VendorExt: getConfig: index=6 (profile-level)
06-17 21:49:43.479 D/OmxVideoDecoder(  529): getConfig 2867 0x6f100004
06-17 21:49:43.479 V/OmxVideoDecoder(  529): VendorExt: getConfig: index=6 (profile-level)
06-17 21:49:43.480 D/OmxVideoDecoder(  529): getConfig 2867 0x6f100004
06-17 21:49:43.480 V/OmxVideoDecoder(  529): VendorExt: getConfig: index=7 (nrdp)
06-17 21:49:43.480 D/OmxVideoDecoder(  529): getConfig 2867 0x6f100004
06-17 21:49:43.480 V/OmxVideoDecoder(  529): VendorExt: getConfig: index=8 (low-latency)
06-17 21:49:43.480 D/OmxVideoDecoder(  529): getConfig 2867 0x6f100004
06-17 21:49:43.480 V/OmxVideoDecoder(  529): VendorExt: getConfig: index=9 (save-mem)
06-17 21:49:43.480 D/OmxVideoDecoder(  529): getConfig 2867 0x6f100004
06-17 21:49:43.480 V/OmxVideoDecoder(  529): VendorExt: getConfig: index=10 (videoLayer)
06-17 21:49:43.480 D/OmxVideoDecoder(  529): getConfig 2867 0x6f100004
06-17 21:49:43.481 V/OmxVideoDecoder(  529): VendorExt: getConfig: index=11 (renderByOmx)
06-17 21:49:43.481 D/OmxVideoDecoder(  529): getConfig 2867 0x6f100004
06-17 21:49:43.481 V/OmxVideoDecoder(  529): VendorExt: getConfig: index=12 (tunerhal)
06-17 21:49:43.481 D/OmxVideoDecoder(  529): getConfig 2867 0x6f100004
06-17 21:49:43.481 V/OmxVideoDecoder(  529): VendorExt: getConfig: index=12 (tunerhal)
