06-17 22:08:30.869 V/DigitalSignage(  502): Bottom: 0
06-17 22:08:30.869 D/DigitalSignage(  502): else - Package Name :: null left : 0 right :: 0 top :: 0 bottom :: 0 dfu-right :: 1920 dfu-bottom :: 1080
06-17 22:08:30.873 I/        (    0): [ 5170.915385@2]  [bluebank] [usb_dec_thread] usb2_status=1, usb3_status=1
06-17 22:08:31.639 I/ActivityManager(  502): Force stopping in.startv.hotstar appid=10072 user=0: from pid 1700
06-17 22:08:31.640 I/ActivityManager(  502): Killing 22398:in.startv.hotstar/u0a72 (adj 900): stop in.startv.hotstar due to from pid 1700
06-17 22:08:31.654 I/ActivityManager(  502): Force stopping in.startv.hotstar appid=10072 user=0: from pid 1700
06-17 22:08:31.707 I/chatty  (  502): uid=1000(system) Binder:502_1D identical 7 lines
06-17 22:08:31.712 I/ActivityManager(  502): Force stopping in.startv.hotstar appid=10072 user=0: from pid 1700
06-17 22:08:31.733 D/ConnectivityService(  502): ConnectivityService NetworkRequestInfo binderDied(NetworkRequest [ LISTEN id=46, [ Capabilities: INTERNET&NOT_RESTRICTED&TRUSTED&NOT_VPN&FOREGROUND Uid: 10072 AdministratorUids: [] RequestorUid: 10072 RequestorPackageName: in.startv.hotstar] ], android.os.BinderProxy@eff81c0)
06-17 22:08:31.735 W/ActivityManager(  502): setHasOverlayUi called on unknown pid: 22398
06-17 22:08:31.897 I/        (    0): [ 5171.939387@2]  [bluebank] [usb_dec_thread] usb2_status=1, usb3_status=1
06-17 22:08:32.129 V/DigitalSignage(  502): Package Name: null
06-17 22:08:32.129 V/DigitalSignage(  502): Left: 0
06-17 22:08:32.129 V/DigitalSignage(  502): Right: 0
06-17 22:08:32.129 V/DigitalSignage(  502): Top: 0
06-17 22:08:32.129 V/DigitalSignage(  502): Bottom: 0
06-17 22:08:32.129 D/DigitalSignage(  502): else - Package Name :: null left : 0 right :: 0 top :: 0 bottom :: 0 dfu-right :: 1920 dfu-bottom :: 1080
06-17 22:08:32.173 D/ActivityTaskManager(  502): JioHomeManagerService :: ActivityRecord :: setState :: StateFrom :: STOPPED StateTo :: RESUMED 
06-17 22:08:32.185 V/DigitalSignage(  502): Package Name: null
06-17 22:08:32.185 V/DigitalSignage(  502): Left: 0
06-17 22:08:32.185 V/DigitalSignage(  502): Right: 0
06-17 22:08:32.185 V/DigitalSignage(  502): Top: 0
06-17 22:08:32.185 V/DigitalSignage(  502): Bottom: 0
06-17 22:08:32.186 D/DigitalSignage(  502): else - Package Name :: null left : 0 right :: 0 top :: 0 bottom :: 0 dfu-right :: 1920 dfu-bottom :: 1080
06-17 22:08:32.188 D/ActivityManager(  502): JioHomeManagerService :: StateFrom :: STOPPED StateTo :: RESUMED Activity :: com.zee5.aosp/com.zee5.android.launch.presentation.AppStartActivity Action :: com.jio.remote.action.applaunch
06-17 22:08:32.433 I/ActivityTaskManager(  502): START u0 {flg=0x4000000 cmp=com.zee5.aosp/com.zee5.androidtv.home.presentation.HomeActivity (has extras)} from uid 10090
06-17 22:08:32.446 V/DigitalSignage(  502): Package Name: null
06-17 22:08:32.446 V/DigitalSignage(  502): Left: 0
06-17 22:08:32.446 V/DigitalSignage(  502): Right: 0
06-17 22:08:32.446 V/DigitalSignage(  502): Top: 0
06-17 22:08:32.446 V/DigitalSignage(  502): Bottom: 0
06-17 22:08:32.446 D/DigitalSignage(  502): else - Package Name :: null left : 0 right :: 0 top :: 0 bottom :: 0 dfu-right :: 1920 dfu-bottom :: 1080
06-17 22:08:32.451 V/DigitalSignage(  502): Package Name: null
06-17 22:08:32.451 V/DigitalSignage(  502): Left: 0
06-17 22:08:32.451 V/DigitalSignage(  502): Right: 0
06-17 22:08:32.451 V/DigitalSignage(  502): Top: 0
06-17 22:08:32.451 V/DigitalSignage(  502): Bottom: 0
06-17 22:08:32.451 D/DigitalSignage(  502): else - Package Name :: null left : 0 right :: 0 top :: 0 bottom :: 0 dfu-right :: 1920 dfu-bottom :: 1080
06-17 22:08:32.485 V/DigitalSignage(  502): Package Name: null
06-17 22:08:32.485 V/DigitalSignage(  502): Left: 0
06-17 22:08:32.485 V/DigitalSignage(  502): Right: 0
06-17 22:08:32.485 V/DigitalSignage(  502): Top: 0
06-17 22:08:32.485 V/DigitalSignage(  502): Bottom: 0
06-17 22:08:32.485 D/DigitalSignage(  502): else - Package Name :: null left : 0 right :: 0 top :: 0 bottom :: 0 dfu-right :: 1920 dfu-bottom :: 1080
06-17 22:08:32.487 V/DigitalSignage(  502): Package Name: null
06-17 22:08:32.487 V/DigitalSignage(  502): Left: 0
06-17 22:08:32.487 V/DigitalSignage(  502): Right: 0
06-17 22:08:32.487 V/DigitalSignage(  502): Top: 0
06-17 22:08:32.487 V/DigitalSignage(  502): Bottom: 0
06-17 22:08:32.487 D/DigitalSignage(  502): else - Package Name :: null left : 0 right :: 0 top :: 0 bottom :: 0 dfu-right :: 1920 dfu-bottom :: 1080
06-17 22:08:32.490 W/ActivityTaskManager(  502): Tried to set launchTime (0) < mLastActivityLaunchTime (4797984)
06-17 22:08:32.495 D/ActivityTaskManager(  502): JioHomeManagerService :: ActivityRecord :: setState :: StateFrom :: INITIALIZING StateTo :: RESUMED 
06-17 22:08:32.501 D/ActivityManager(  502): JioHomeManagerService :: StateFrom :: INITIALIZING StateTo :: RESUMED Activity :: com.zee5.aosp/com.zee5.androidtv.home.presentation.HomeActivity Action :: com.jio.remote.action.applaunch
06-17 22:08:32.572 D/ConnectivityService(  502): NetReassign [no changes]
06-17 22:08:32.925 I/        (    0): [ 5172.967362@1]  [bluebank] [usb_dec_thread] usb2_status=1, usb3_status=1
06-17 22:08:33.310 V/DigitalSignage(  502): Package Name: null
06-17 22:08:33.310 V/DigitalSignage(  502): Left: 0
06-17 22:08:33.310 V/DigitalSignage(  502): Right: 0
06-17 22:08:33.310 V/DigitalSignage(  502): Top: 0
06-17 22:08:33.310 V/DigitalSignage(  502): Bottom: 0
06-17 22:08:33.311 D/DigitalSignage(  502): else - Package Name :: null left : 0 right :: 0 top :: 0 bottom :: 0 dfu-right :: 1920 dfu-bottom :: 1080
06-17 22:08:33.446 V/DigitalSignage(  502): Package Name: null
06-17 22:08:33.446 V/DigitalSignage(  502): Left: 0
06-17 22:08:33.446 V/DigitalSignage(  502): Right: 0
06-17 22:08:33.446 V/DigitalSignage(  502): Top: 0
06-17 22:08:33.446 V/DigitalSignage(  502): Bottom: 0
06-17 22:08:33.446 D/DigitalSignage(  502): else - Package Name :: null left : 0 right :: 0 top :: 0 bottom :: 0 dfu-right :: 1920 dfu-bottom :: 1080
06-17 22:08:33.453 V/DigitalSignage(  502): Package Name: null
06-17 22:08:33.453 V/DigitalSignage(  502): Left: 0
06-17 22:08:33.453 V/DigitalSignage(  502): Right: 0
06-17 22:08:33.453 V/DigitalSignage(  502): Top: 0
06-17 22:08:33.453 V/DigitalSignage(  502): Bottom: 0
06-17 22:08:33.453 D/DigitalSignage(  502): else - Package Name :: null left : 0 right :: 0 top :: 0 bottom :: 0 dfu-right :: 1920 dfu-bottom :: 1080
06-17 22:08:33.508 V/DigitalSignage(  502): Package Name: null
06-17 22:08:33.508 V/DigitalSignage(  502): Left: 0
06-17 22:08:33.508 V/DigitalSignage(  502): Right: 0
06-17 22:08:33.508 V/DigitalSignage(  502): Top: 0
06-17 22:08:33.508 V/DigitalSignage(  502): Bottom: 0
06-17 22:08:33.508 D/DigitalSignage(  502): else - Package Name :: null left : 0 right :: 0 top :: 0 bottom :: 0 dfu-right :: 1920 dfu-bottom :: 1080
06-17 22:08:33.658 D/ConnectivityService(  502): requestNetwork for uid/pid:10090/21134 NetworkRequest [ TRACK_DEFAULT id=48, [ Capabilities: INTERNET&NOT_RESTRICTED&TRUSTED Uid: 10090 AdministratorUids: [] RequestorUid: 10090 RequestorPackageName: com.zee5.aosp] ]
06-17 22:08:33.658 D/ConnectivityService(  502): NetReassign [48 : null → 100]
06-17 22:08:33.689 W/[ 5173.731499@2]  RTW(    0): Turbo EDCA =0xa42b
06-17 22:08:33.847 V/DigitalSignage(  502): Package Name: null
06-17 22:08:33.847 V/DigitalSignage(  502): Left: 0
06-17 22:08:33.847 V/DigitalSignage(  502): Right: 0
06-17 22:08:33.847 V/DigitalSignage(  502): Top: 0
06-17 22:08:33.847 V/DigitalSignage(  502): Bottom: 0
06-17 22:08:33.847 D/DigitalSignage(  502): else - Package Name :: null left : 0 right :: 0 top :: 0 bottom :: 0 dfu-right :: 1920 dfu-bottom :: 1080
06-17 22:08:33.851 V/DigitalSignage(  502): Package Name: null
06-17 22:08:33.851 V/DigitalSignage(  502): Left: 0
06-17 22:08:33.851 V/DigitalSignage(  502): Right: 0
06-17 22:08:33.851 V/DigitalSignage(  502): Top: 0
06-17 22:08:33.851 V/DigitalSignage(  502): Bottom: 0
06-17 22:08:33.851 D/DigitalSignage(  502): else - Package Name :: null left : 0 right :: 0 top :: 0 bottom :: 0 dfu-right :: 1920 dfu-bottom :: 1080
06-17 22:08:33.869 V/DigitalSignage(  502): Package Name: null
06-17 22:08:33.869 V/DigitalSignage(  502): Left: 0
06-17 22:08:33.869 V/DigitalSignage(  502): Right: 0
06-17 22:08:33.869 V/DigitalSignage(  502): Top: 0
06-17 22:08:33.869 V/DigitalSignage(  502): Bottom: 0
06-17 22:08:33.869 D/DigitalSignage(  502): else - Package Name :: null left : 0 right :: 0 top :: 0 bottom :: 0 dfu-right :: 1920 dfu-bottom :: 1080
06-17 22:08:33.945 I/        (    0): [ 5173.987365@1]  [bluebank] [usb_dec_thread] usb2_status=1, usb3_status=1
06-17 22:08:33.983 V/DigitalSignage(  502): Package Name: null
06-17 22:08:33.984 V/DigitalSignage(  502): Left: 0
06-17 22:08:33.984 V/DigitalSignage(  502): Right: 0
06-17 22:08:33.984 V/DigitalSignage(  502): Top: 0
06-17 22:08:33.984 V/DigitalSignage(  502): Bottom: 0
06-17 22:08:33.984 D/DigitalSignage(  502): else - Package Name :: null left : 0 right :: 0 top :: 0 bottom :: 0 dfu-right :: 1920 dfu-bottom :: 1080
06-17 22:08:34.013 W/[ 5174.058948@0]  RTW(    0): fill_default_txdesc(wlan0): SP Packet(0x0806) rate=0x4 SeqNum = 3408
06-17 22:08:34.969 I/        (    0): [ 5175.011348@1]  [bluebank] [usb_dec_thread] usb2_status=1, usb3_status=1
06-17 22:08:35.375 D/AutofillManagerService(  502): onBackKeyPressed()
06-17 22:08:35.993 I/        (    0): [ 5176.035362@2]  [bluebank] [usb_dec_thread] usb2_status=1, usb3_status=1
06-17 22:08:36.295 D/AutofillManagerService(  502): onBackKeyPressed()
06-17 22:08:36.314 E/TaskPersister(  502): File error accessing recents directory (directory doesn't exist?).
06-17 22:08:36.371 V/DigitalSignage(  502): Package Name: null
06-17 22:08:36.371 V/DigitalSignage(  502): Left: 0
06-17 22:08:36.371 V/DigitalSignage(  502): Right: 0
06-17 22:08:36.371 V/DigitalSignage(  502): Top: 0
06-17 22:08:36.371 V/DigitalSignage(  502): Bottom: 0
06-17 22:08:36.371 D/DigitalSignage(  502): else - Package Name :: null left : 0 right :: 0 top :: 0 bottom :: 0 dfu-right :: 1920 dfu-bottom :: 1080
06-17 22:08:36.371 V/DigitalSignage(  502): Package Name: null
06-17 22:08:36.371 V/DigitalSignage(  502): Left: 0
06-17 22:08:36.371 V/DigitalSignage(  502): Right: 0
06-17 22:08:36.371 V/DigitalSignage(  502): Top: 0
06-17 22:08:36.371 V/DigitalSignage(  502): Bottom: 0
06-17 22:08:36.371 D/DigitalSignage(  502): else - Package Name :: null left : 0 right :: 0 top :: 0 bottom :: 0 dfu-right :: 1920 dfu-bottom :: 1080
06-17 22:08:36.372 V/DigitalSignage(  502): Package Name: null
06-17 22:08:36.372 V/DigitalSignage(  502): Left: 0
06-17 22:08:36.372 V/DigitalSignage(  502): Right: 0
06-17 22:08:36.372 V/DigitalSignage(  502): Top: 0
06-17 22:08:36.373 V/DigitalSignage(  502): Bottom: 0
06-17 22:08:36.373 D/DigitalSignage(  502): else - Package Name :: null left : 0 right :: 0 top :: 0 bottom :: 0 dfu-right :: 1920 dfu-bottom :: 1080
06-17 22:08:36.373 V/DigitalSignage(  502): Package Name: null
06-17 22:08:36.373 V/DigitalSignage(  502): Left: 0
06-17 22:08:36.373 V/DigitalSignage(  502): Right: 0
06-17 22:08:36.373 V/DigitalSignage(  502): Top: 0
06-17 22:08:36.373 V/DigitalSignage(  502): Bottom: 0
06-17 22:08:36.373 D/DigitalSignage(  502): else - Package Name :: null left : 0 right :: 0 top :: 0 bottom :: 0 dfu-right :: 1920 dfu-bottom :: 1080
06-17 22:08:36.451 V/DigitalSignage(  502): Package Name: null
06-17 22:08:36.451 V/DigitalSignage(  502): Left: 0
06-17 22:08:36.451 V/DigitalSignage(  502): Right: 0
06-17 22:08:36.451 V/DigitalSignage(  502): Top: 0
06-17 22:08:36.451 V/DigitalSignage(  502): Bottom: 0
06-17 22:08:36.451 D/DigitalSignage(  502): else - Package Name :: null left : 0 right :: 0 top :: 0 bottom :: 0 dfu-right :: 1920 dfu-bottom :: 1080
06-17 22:08:36.451 V/DigitalSignage(  502): Package Name: null
06-17 22:08:36.452 V/DigitalSignage(  502): Left: 0
06-17 22:08:36.452 V/DigitalSignage(  502): Right: 0
06-17 22:08:36.452 V/DigitalSignage(  502): Top: 0
06-17 22:08:36.452 V/DigitalSignage(  502): Bottom: 0
06-17 22:08:36.452 D/DigitalSignage(  502): else - Package Name :: null left : 0 right :: 0 top :: 0 bottom :: 0 dfu-right :: 1920 dfu-bottom :: 1080
06-17 22:08:36.454 V/DigitalSignage(  502): Package Name: null
06-17 22:08:36.454 V/DigitalSignage(  502): Left: 0
06-17 22:08:36.454 V/DigitalSignage(  502): Right: 0
06-17 22:08:36.454 V/DigitalSignage(  502): Top: 0
06-17 22:08:36.454 V/DigitalSignage(  502): Bottom: 0
06-17 22:08:36.454 D/DigitalSignage(  502): else - Package Name :: null left : 0 right :: 0 top :: 0 bottom :: 0 dfu-right :: 1920 dfu-bottom :: 1080
06-17 22:08:36.454 V/DigitalSignage(  502): Package Name: null
06-17 22:08:36.454 V/DigitalSignage(  502): Left: 0
06-17 22:08:36.454 V/DigitalSignage(  502): Right: 0
06-17 22:08:36.454 V/DigitalSignage(  502): Top: 0
06-17 22:08:36.454 V/DigitalSignage(  502): Bottom: 0
06-17 22:08:36.455 D/DigitalSignage(  502): else - Package Name :: null left : 0 right :: 0 top :: 0 bottom :: 0 dfu-right :: 1920 dfu-bottom :: 1080
06-17 22:08:37.017 I/        (    0): [ 5177.059371@2]  [bluebank] [usb_dec_thread] usb2_status=1, usb3_status=1
06-17 22:08:37.144 V/DigitalSignage(  502): Package Name: null
06-17 22:08:37.144 V/DigitalSignage(  502): Left: 0
06-17 22:08:37.144 V/DigitalSignage(  502): Right: 0
06-17 22:08:37.144 V/DigitalSignage(  502): Top: 0
06-17 22:08:37.145 V/DigitalSignage(  502): Bottom: 0
06-17 22:08:37.145 D/DigitalSignage(  502): else - Package Name :: null left : 0 right :: 0 top :: 0 bottom :: 0 dfu-right :: 1920 dfu-bottom :: 1080
06-17 22:08:37.199 D/ActivityTaskManager(  502): JioHomeManagerService :: ActivityRecord :: setState :: StateFrom :: STOPPED StateTo :: RESUMED 
06-17 22:08:37.206 D/ActivityManager(  502): JioHomeManagerService :: StateFrom :: STOPPED StateTo :: RESUMED Activity :: com.amazon.amazonvideo.livingroom/com.amazon.ignition.MainActivity Action :: com.jio.remote.action.applaunch
06-17 22:08:37.217 V/DigitalSignage(  502): Package Name: null
06-17 22:08:37.217 V/DigitalSignage(  502): Left: 0
06-17 22:08:37.217 V/DigitalSignage(  502): Right: 0
06-17 22:08:37.217 V/DigitalSignage(  502): Top: 0
06-17 22:08:37.217 V/DigitalSignage(  502): Bottom: 0
06-17 22:08:37.217 D/DigitalSignage(  502): else - Package Name :: null left : 0 right :: 0 top :: 0 bottom :: 0 dfu-right :: 1920 dfu-bottom :: 1080
06-17 22:08:37.247 V/DigitalSignage(  502): Package Name: null
06-17 22:08:37.248 V/DigitalSignage(  502): Left: 0
06-17 22:08:37.248 V/DigitalSignage(  502): Right: 0
06-17 22:08:37.248 V/DigitalSignage(  502): Top: 0
06-17 22:08:37.250 V/DigitalSignage(  502): Bottom: 0
06-17 22:08:37.250 D/DigitalSignage(  502): else - Package Name :: null left : 0 right :: 0 top :: 0 bottom :: 0 dfu-right :: 1920 dfu-bottom :: 1080
06-17 22:08:37.274 V/DigitalSignage(  502): Package Name: null
06-17 22:08:37.274 V/DigitalSignage(  502): Left: 0
06-17 22:08:37.274 V/DigitalSignage(  502): Right: 0
06-17 22:08:37.274 V/DigitalSignage(  502): Top: 0
06-17 22:08:37.274 V/DigitalSignage(  502): Bottom: 0
06-17 22:08:37.275 D/DigitalSignage(  502): else - Package Name :: null left : 0 right :: 0 top :: 0 bottom :: 0 dfu-right :: 1920 dfu-bottom :: 1080
06-17 22:08:37.282 V/DigitalSignage(  502): Package Name: null
06-17 22:08:37.282 V/DigitalSignage(  502): Left: 0
06-17 22:08:37.282 V/DigitalSignage(  502): Right: 0
06-17 22:08:37.282 V/DigitalSignage(  502): Top: 0
06-17 22:08:37.282 V/DigitalSignage(  502): Bottom: 0
06-17 22:08:37.283 D/DigitalSignage(  502): else - Package Name :: null left : 0 right :: 0 top :: 0 bottom :: 0 dfu-right :: 1920 dfu-bottom :: 1080
06-17 22:08:37.687 V/DigitalSignage(  502): Package Name: null
06-17 22:08:37.687 V/DigitalSignage(  502): Left: 0
06-17 22:08:37.687 V/DigitalSignage(  502): Right: 0
06-17 22:08:37.687 V/DigitalSignage(  502): Top: 0
06-17 22:08:37.687 V/DigitalSignage(  502): Bottom: 0
06-17 22:08:37.687 D/DigitalSignage(  502): else - Package Name :: null left : 0 right :: 0 top :: 0 bottom :: 0 dfu-right :: 1920 dfu-bottom :: 1080
06-17 22:08:37.691 V/DigitalSignage(  502): Package Name: null
06-17 22:08:37.691 V/DigitalSignage(  502): Left: 0
06-17 22:08:37.691 V/DigitalSignage(  502): Right: 0
06-17 22:08:37.691 V/DigitalSignage(  502): Top: 0
06-17 22:08:37.691 V/DigitalSignage(  502): Bottom: 0
06-17 22:08:37.691 D/DigitalSignage(  502): else - Package Name :: null left : 0 right :: 0 top :: 0 bottom :: 0 dfu-right :: 1920 dfu-bottom :: 1080
06-17 22:08:37.709 D/ConnectivityService(  502): releasing NetworkRequest [ TRACK_DEFAULT id=48, [ Capabilities: INTERNET&NOT_RESTRICTED&TRUSTED Uid: 10090 AdministratorUids: [] RequestorUid: 10090 RequestorPackageName: com.zee5.aosp] ] (release request)
06-17 22:08:37.723 W/[ 5177.763565@1]  RTW(    0): Turbo EDCA =0x5ea42b
06-17 22:08:37.822 V/DigitalSignage(  502): Package Name: null
06-17 22:08:37.822 V/DigitalSignage(  502): Left: 0
06-17 22:08:37.822 V/DigitalSignage(  502): Right: 0
06-17 22:08:37.822 V/DigitalSignage(  502): Top: 0
06-17 22:08:37.822 V/DigitalSignage(  502): Bottom: 0
06-17 22:08:37.822 D/DigitalSignage(  502): else - Package Name :: null left : 0 right :: 0 top :: 0 bottom :: 0 dfu-right :: 1920 dfu-bottom :: 1080
06-17 22:08:38.041 I/        (    0): [ 5178.083560@2]  [bluebank] [usb_dec_thread] usb2_status=1, usb3_status=1
06-17 22:08:38.235 D/AutofillManagerService(  502): onBackKeyPressed()
06-17 22:08:39.065 I/        (    0): [ 5179.107357@2]  [bluebank] [usb_dec_thread] usb2_status=1, usb3_status=1
06-17 22:08:39.109 W/[ 5179.152424@0]  RTW(    0): fill_default_txdesc(wlan0): SP Packet(0x0806) rate=0x4 SeqNum = 127
06-17 22:08:39.321 W/[ 5179.363550@0]  RTW(    0): fill_default_txdesc(wlan0): SP Packet(0x0806) rate=0x4 SeqNum = 144
06-17 22:08:39.737 W/[ 5179.779507@2]  RTW(    0): Turbo EDCA =0xa42b
06-17 22:08:40.089 I/        (    0): [ 5180.131349@1]  [bluebank] [usb_dec_thread] usb2_status=1, usb3_status=1
06-17 22:08:40.577 D/ActivityTaskManager(  502): JioHomeManagerService :: ActivityRecord :: setState :: StateFrom :: STOPPED StateTo :: RESUMED 
06-17 22:08:40.587 D/ActivityManager(  502): JioHomeManagerService :: StateFrom :: STOPPED StateTo :: RESUMED Activity :: com.netflix.ninja/com.netflix.ninja.MainActivity Action :: com.jio.remote.action.applaunch
06-17 22:08:40.592 V/DigitalSignage(  502): Package Name: null
06-17 22:08:40.593 V/DigitalSignage(  502): Left: 0
06-17 22:08:40.593 V/DigitalSignage(  502): Right: 0
06-17 22:08:40.593 V/DigitalSignage(  502): Top: 0
06-17 22:08:40.593 V/DigitalSignage(  502): Bottom: 0
06-17 22:08:40.593 D/DigitalSignage(  502): else - Package Name :: null left : 0 right :: 0 top :: 0 bottom :: 0 dfu-right :: 1920 dfu-bottom :: 1080
06-17 22:08:40.668 V/DigitalSignage(  502): Package Name: null
06-17 22:08:40.668 V/DigitalSignage(  502): Left: 0
06-17 22:08:40.668 V/DigitalSignage(  502): Right: 0
06-17 22:08:40.668 V/DigitalSignage(  502): Top: 0
06-17 22:08:40.668 V/DigitalSignage(  502): Bottom: 0
06-17 22:08:40.668 D/DigitalSignage(  502): else - Package Name :: null left : 0 right :: 0 top :: 0 bottom :: 0 dfu-right :: 1920 dfu-bottom :: 1080
06-17 22:08:40.678 V/DigitalSignage(  502): Package Name: null
06-17 22:08:40.678 V/DigitalSignage(  502): Left: 0
06-17 22:08:40.679 V/DigitalSignage(  502): Right: 0
06-17 22:08:40.679 V/DigitalSignage(  502): Top: 0
06-17 22:08:40.679 V/DigitalSignage(  502): Bottom: 0
06-17 22:08:40.679 D/DigitalSignage(  502): else - Package Name :: null left : 0 right :: 0 top :: 0 bottom :: 0 dfu-right :: 1920 dfu-bottom :: 1080
06-17 22:08:40.687 V/DigitalSignage(  502): Package Name: null
06-17 22:08:40.687 V/DigitalSignage(  502): Left: 0
06-17 22:08:40.687 V/DigitalSignage(  502): Right: 0
06-17 22:08:40.687 V/DigitalSignage(  502): Top: 0
06-17 22:08:40.687 V/DigitalSignage(  502): Bottom: 0
06-17 22:08:40.687 D/DigitalSignage(  502): else - Package Name :: null left : 0 right :: 0 top :: 0 bottom :: 0 dfu-right :: 1920 dfu-bottom :: 1080
06-17 22:08:41.077 E/[ 5181.122151@2]  selinux(    0): SELinux:  Could not stat /sys/kernel/dmabuf/buffers/760651/attachments: No such file or directory.
06-17 22:08:41.077 E/[ 5181.122170@2]  selinux(    0):  
06-17 22:08:41.113 I/        (    0): [ 5181.155394@1]  [bluebank] [usb_dec_thread] usb2_status=1, usb3_status=1
06-17 22:08:41.121 V/DigitalSignage(  502): Package Name: null
06-17 22:08:41.121 V/DigitalSignage(  502): Left: 0
06-17 22:08:41.121 V/DigitalSignage(  502): Right: 0
06-17 22:08:41.121 V/DigitalSignage(  502): Top: 0
06-17 22:08:41.121 V/DigitalSignage(  502): Bottom: 0
06-17 22:08:41.121 D/DigitalSignage(  502): else - Package Name :: null left : 0 right :: 0 top :: 0 bottom :: 0 dfu-right :: 1920 dfu-bottom :: 1080
06-17 22:08:41.123 V/DigitalSignage(  502): Package Name: null
06-17 22:08:41.123 V/DigitalSignage(  502): Left: 0
06-17 22:08:41.123 V/DigitalSignage(  502): Right: 0
06-17 22:08:41.123 V/DigitalSignage(  502): Top: 0
06-17 22:08:41.123 V/DigitalSignage(  502): Bottom: 0
06-17 22:08:41.124 D/DigitalSignage(  502): else - Package Name :: null left : 0 right :: 0 top :: 0 bottom :: 0 dfu-right :: 1920 dfu-bottom :: 1080
06-17 22:08:41.128 V/DigitalSignage(  502): Package Name: null
06-17 22:08:41.128 V/DigitalSignage(  502): Left: 0
06-17 22:08:41.128 V/DigitalSignage(  502): Right: 0
06-17 22:08:41.128 V/DigitalSignage(  502): Top: 0
06-17 22:08:41.128 V/DigitalSignage(  502): Bottom: 0
06-17 22:08:41.129 D/DigitalSignage(  502): else - Package Name :: null left : 0 right :: 0 top :: 0 bottom :: 0 dfu-right :: 1920 dfu-bottom :: 1080
06-17 22:08:41.222 I/WindowManager(  502): WIN DEATH: Window{aa34bbc u0 com.amazon.amazonvideo.livingroom/com.amazon.ignition.IgnitionActivity}
06-17 22:08:41.223 I/ActivityManager(  502): Process com.amazon.amazonvideo.livingroom (pid 20753) has died: cch CRE 
06-17 22:08:41.223 V/DigitalSignage(  502): Package Name: null
06-17 22:08:41.223 V/DigitalSignage(  502): Left: 0
06-17 22:08:41.223 V/DigitalSignage(  502): Right: 0
06-17 22:08:41.223 V/DigitalSignage(  502): Top: 0
06-17 22:08:41.223 V/DigitalSignage(  502): Bottom: 0
06-17 22:08:41.224 D/DigitalSignage(  502): else - Package Name :: null left : 0 right :: 0 top :: 0 bottom :: 0 dfu-right :: 1920 dfu-bottom :: 1080
06-17 22:08:41.247 W/ActivityManager(  502): setHasOverlayUi called on unknown pid: 20753
06-17 22:08:41.753 W/[ 5181.795473@1]  RTW(    0): Turbo EDCA =0x5ea42b
06-17 22:08:41.909 E/TaskPersister(  502): File error accessing recents directory (directory doesn't exist?).
06-17 22:08:42.141 I/        (    0): [ 5182.183372@1]  [bluebank] [usb_dec_thread] usb2_status=1, usb3_status=1
06-17 22:08:43.125 D/AutofillManagerService(  502): onBackKeyPressed()
06-17 22:08:43.161 I/        (    0): [ 5183.203369@1]  [bluebank] [usb_dec_thread] usb2_status=1, usb3_status=1
06-17 22:08:43.773 W/[ 5183.815500@2]  RTW(    0): Turbo EDCA =0xa42b
06-17 22:08:44.094 I/[ 5184.135528@0]  resman(    0): 72 appname:OMX-59, type=0
06-17 22:08:44.101 D/HdmiControlService(  502): Proccess pid: 502 is calling oneTouchPlay.
06-17 22:08:44.101 D/HdmiControlService(  502): Local device is under address allocation. Save OTP callback for later process.
06-17 22:08:44.115 D/AutofillManagerService(  502): Close system dialogs
06-17 22:08:44.134 I/[ 5184.176579@0]  resman(    0): 74 appname:secmem, type=3
06-17 22:08:44.134 I/ActivityTaskManager(  502): START u0 {act=android.intent.action.MAIN cat=[android.intent.category.HOME] flg=0x10000100 cmp=com.iwedia.ui.rjio.launcher.reliance/com.iwedia.ui.rjio.launcher.ui.intro.IntroActivity (has extras)} from uid 0
06-17 22:08:44.139 I/[ 5184.181374@0]  resman(    0): 74 acquire [tvp], preempt yes
06-17 22:08:44.218 W/[ 5184.218224@0]  RTW(    0): fill_default_txdesc(wlan0): SP Packet(0x0806) rate=0x4 SeqNum = 1680
06-17 22:08:44.218 I/        (    0): [ 5184.235420@1]  [bluebank] [usb_dec_thread] usb2_status=1, usb3_status=1
06-17 22:08:44.279 V/DigitalSignage(  502): Package Name: null
06-17 22:08:44.279 V/DigitalSignage(  502): Left: 0
06-17 22:08:44.279 V/DigitalSignage(  502): Right: 0
06-17 22:08:44.280 V/DigitalSignage(  502): Top: 0
06-17 22:08:44.280 V/DigitalSignage(  502): Bottom: 0
06-17 22:08:44.280 D/DigitalSignage(  502): else - Package Name :: null left : 0 right :: 0 top :: 0 bottom :: 0 dfu-right :: 1920 dfu-bottom :: 1080
06-17 22:08:44.285 I/        (    0): [ 5184.330364@3]  protect tvp 0 7 ret 0 57c50000 a740000
06-17 22:08:44.286 I/        (    0): [ 5184.330378@3]  enable tvp for 1
06-17 22:08:44.286 I/        (    0): [ 5184.330382@3]  tvp_user_count is 1
06-17 22:08:44.286 I/[ 5184.330389@3]  resman(    0): 74 acquire [tvp] success
06-17 22:08:44.302 W/Looper  (  502): Slow dispatch took 187ms android.ui h=com.android.server.policy.PhoneWindowManager$PolicyHandler c=com.android.server.policy.-$$Lambda$PhoneWindowManager$DisplayHomeButtonHandler$ljCIzo7y96OZCYYMVaAi6LAwRAE@18f6e34 m=0
06-17 22:08:44.318 I/[ 5184.363286@0]  resman(    0): 72 acquire [decoder], preempt yes
06-17 22:08:44.348 D/ActivityTaskManager(  502): JioHomeManagerService :: ActivityRecord :: setState :: StateFrom :: STOPPED StateTo :: RESUMED 
06-17 22:08:44.348 I/[ 5184.363300@0]  resman(    0): 72 acquire [decoder] success
06-17 22:08:44.348 I/[ 5184.363396@0]  resman(    0): 72 acquire [codec_mm], preempt yes
06-17 22:08:44.348 I/[ 5184.363406@0]  resman(    0): 72 score 60 secure yes
06-17 22:08:44.348 I/[ 5184.363412@0]  resman(    0): 72 acquire [codec_mm] success
06-17 22:08:44.348 W/[ 5184.366888@2]  audit(    0): audit_lost=5906 audit_rate_limit=5 audit_backlog_limit=64
06-17 22:08:44.348 E/[ 5184.366897@2]  audit(    0): rate limit exceeded
06-17 22:08:44.348 I/[ 5184.371880@2]  [amlv4l](    0): [75]: set DRM mode: 1
06-17 22:08:44.348 I/[ 5184.372063@2]  [amlv4l](    0): [75]: DW:10, TW:0, Margin:5
06-17 22:08:44.348 D/[ 5184.372310@2]  [amlcom](    0): vdec_create instance 000000008b3f0d0c, total 1, PM: power-domain
06-17 22:08:44.348 D/[ 5184.372442@2]  [media_clock](    0): vdec mux clock is 799999988 Hz
06-17 22:08:44.348 I/[ 5184.372622@2]  [amlcom](    0): vdec_init, dev_name:ammvdec_h264_v4l, vdec_type=VDEC_TYPE_FRAME_BLOCK, format: 2, total: 1
06-17 22:08:44.348 D/[ 5184.373548@2]  [h264](    0): 0: pdata->config=parm_v4l_codec_enable:1;mh264_double_write_mode:16;parm_v4l_buffer_margin:5;parm_v4l_canvas_mem_mode:0;parm_v4l_canvas_mem_endian:0;parm_v4l_low_latency_mode:0;parm_v4l_metadata_config_flag:49154;parm_v4l_duration:3840;
06-17 22:08:44.348 D/[ 5184.373595@2]  [h264](    0): ammvdec_h264_mmu_init tvp = 0x4
06-17 22:08:44.348 D/[ 5184.374794@2]  [media_clock](    0): vdec mux clock is 799999988 Hz
06-17 22:08:44.348 D/[ 5184.377012@2]  [h264](    0): vh264_init, phy_addr=57200000 vaddr=000000006761e12f
06-17 22:08:44.357 D/ActivityManager(  502): JioHomeManagerService :: StateFrom :: STOPPED StateTo :: RESUMED Activity :: com.iwedia.ui.rjio.launcher.reliance/com.iwedia.ui.rjio.launcher.ui.intro.IntroActivity Action :: com.jio.remote.action.applaunch
06-17 22:08:44.360 V/DigitalSignage(  502): Package Name: null
06-17 22:08:44.361 V/DigitalSignage(  502): Left: 0
06-17 22:08:44.361 V/DigitalSignage(  502): Right: 0
06-17 22:08:44.361 V/DigitalSignage(  502): Top: 0
06-17 22:08:44.361 V/DigitalSignage(  502): Bottom: 0
06-17 22:08:44.361 D/DigitalSignage(  502): else - Package Name :: null left : 0 right :: 0 top :: 0 bottom :: 0 dfu-right :: 1920 dfu-bottom :: 1080
06-17 22:08:44.521 W/ActivityManager(  502): Receiver with filter android.content.IntentFilter@ac3892a already registered for pid 1759, callerPackage is com.iwedia.ui.rjio.launcher.reliance
06-17 22:08:44.583 V/DigitalSignage(  502): Package Name: null
06-17 22:08:44.583 V/DigitalSignage(  502): Left: 0
06-17 22:08:44.583 V/DigitalSignage(  502): Right: 0
06-17 22:08:44.583 V/DigitalSignage(  502): Top: 0
06-17 22:08:44.583 V/DigitalSignage(  502): Bottom: 0
06-17 22:08:44.583 D/DigitalSignage(  502): else - Package Name :: null left : 0 right :: 0 top :: 0 bottom :: 0 dfu-right :: 1920 dfu-bottom :: 1080
06-17 22:08:44.749 V/DigitalSignage(  502): Package Name: null
06-17 22:08:44.749 V/DigitalSignage(  502): Left: 0
06-17 22:08:44.750 V/DigitalSignage(  502): Right: 0
06-17 22:08:44.750 V/DigitalSignage(  502): Top: 0
06-17 22:08:44.750 V/DigitalSignage(  502): Bottom: 0
06-17 22:08:44.750 D/DigitalSignage(  502): else - Package Name :: null left : 0 right :: 0 top :: 0 bottom :: 0 dfu-right :: 1920 dfu-bottom :: 1080
06-17 22:08:44.776 V/DigitalSignage(  502): Package Name: null
06-17 22:08:44.776 V/DigitalSignage(  502): Left: 0
06-17 22:08:44.776 V/DigitalSignage(  502): Right: 0
06-17 22:08:44.776 V/DigitalSignage(  502): Top: 0
06-17 22:08:44.776 V/DigitalSignage(  502): Bottom: 0
06-17 22:08:44.776 D/DigitalSignage(  502): else - Package Name :: null left : 0 right :: 0 top :: 0 bottom :: 0 dfu-right :: 1920 dfu-bottom :: 1080
06-17 22:08:44.819 V/DigitalSignage(  502): Package Name: null
06-17 22:08:44.819 V/DigitalSignage(  502): Left: 0
06-17 22:08:44.819 V/DigitalSignage(  502): Right: 0
06-17 22:08:44.819 V/DigitalSignage(  502): Top: 0
06-17 22:08:44.819 V/DigitalSignage(  502): Bottom: 0
06-17 22:08:44.819 D/DigitalSignage(  502): else - Package Name :: null left : 0 right :: 0 top :: 0 bottom :: 0 dfu-right :: 1920 dfu-bottom :: 1080
06-17 22:08:45.209 I/        (    0): [ 5185.251372@1]  [bluebank] [usb_dec_thread] usb2_status=1, usb3_status=1
06-17 22:08:45.753 I/[ 5185.795999@2]  [amlv4l](    0): [75]: reset mode: 1, es frames buffering: 0
06-17 22:08:45.753 D/[ 5185.796045@2]  [h264](    0): 0: !!!wrong seq_info2 0x0 mb_width/mb_height (0x0/0x0), ret:1
06-17 22:08:45.802 D/[ 5185.846562@0]  [amlcom](    0): vdec_release instance 000000008b3f0d0c, total 1
06-17 22:08:45.802 D/[ 5185.846626@0]  [media_clock](    0): the clk_vdec_mux    clock off, ref cnt: 0
06-17 22:08:45.806 I/[ 5185.849250@0]  resman(    0): 72 release [decoder]
06-17 22:08:45.806 I/[ 5185.849263@0]  resman(    0): 72 release [codec_mm]
06-17 22:08:45.862 E/        (    0): [ 5185.889131@0]  disalbe fastplay
06-17 22:08:45.862 I/        (    0): [ 5185.905247@0]  unprotect tvp 0 handle is 7
06-17 22:08:45.862 I/        (    0): [ 5185.907001@0]  disalbe tvp
06-17 22:08:45.862 I/[ 5185.907019@0]  resman(    0): 74 release [tvp]
06-17 22:08:46.233 I/        (    0): [ 5186.275362@3]  [bluebank] [usb_dec_thread] usb2_status=1, usb3_status=1
06-17 22:08:46.669 V/DigitalSignage(  502): Package Name: null
06-17 22:08:46.669 V/DigitalSignage(  502): Left: 0
06-17 22:08:46.669 V/DigitalSignage(  502): Right: 0
06-17 22:08:46.669 V/DigitalSignage(  502): Top: 0
06-17 22:08:46.669 V/DigitalSignage(  502): Bottom: 0
06-17 22:08:46.669 D/DigitalSignage(  502): else - Package Name :: null left : 0 right :: 0 top :: 0 bottom :: 0 dfu-right :: 1920 dfu-bottom :: 1080
06-17 22:08:46.694 V/DigitalSignage(  502): Package Name: null
06-17 22:08:46.694 V/DigitalSignage(  502): Left: 0
06-17 22:08:46.694 V/DigitalSignage(  502): Right: 0
06-17 22:08:46.694 V/DigitalSignage(  502): Top: 0
06-17 22:08:46.694 V/DigitalSignage(  502): Bottom: 0
06-17 22:08:46.694 D/DigitalSignage(  502): else - Package Name :: null left : 0 right :: 0 top :: 0 bottom :: 0 dfu-right :: 1920 dfu-bottom :: 1080
06-17 22:08:47.257 I/        (    0): [ 5187.299389@3]  [bluebank] [usb_dec_thread] usb2_status=1, usb3_status=1
06-17 22:08:47.349 W/[ 5187.392036@1]  audit(    0): audit_lost=5912 audit_rate_limit=5 audit_backlog_limit=64
06-17 22:08:47.349 E/[ 5187.392049@1]  audit(    0): rate limit exceeded
06-17 22:08:47.801 W/[ 5187.843495@0]  RTW(    0): Turbo EDCA =0x5ea42b
06-17 22:08:48.281 I/        (    0): [ 5188.323354@3]  [bluebank] [usb_dec_thread] usb2_status=1, usb3_status=1
06-17 22:08:48.469 W/[ 5188.511788@3]  audit(    0): audit_lost=6030 audit_rate_limit=5 audit_backlog_limit=64
06-17 22:08:48.470 E/[ 5188.511798@3]  audit(    0): rate limit exceeded
06-17 22:08:49.305 I/        (    0): [ 5189.347364@0]  [bluebank] [usb_dec_thread] usb2_status=1, usb3_status=1
06-17 22:08:49.329 W/[ 5189.371616@0]  RTW(    0): fill_default_txdesc(wlan0): SP Packet(0x0806) rate=0x4 SeqNum = 2319
06-17 22:08:50.329 I/        (    0): [ 5190.371360@0]  [bluebank] [usb_dec_thread] usb2_status=1, usb3_status=1
06-17 22:08:51.353 I/        (    0): [ 5191.395348@0]  [bluebank] [usb_dec_thread] usb2_status=1, usb3_status=1
06-17 22:08:52.377 I/        (    0): [ 5192.419337@0]  [bluebank] [usb_dec_thread] usb2_status=1, usb3_status=1
06-17 22:08:53.401 I/        (    0): [ 5193.443364@0]  [bluebank] [usb_dec_thread] usb2_status=1, usb3_status=1
06-17 22:08:54.393 W/[ 5194.438442@1]  RTW(    0): fill_default_txdesc(wlan0): SP Packet(0x0806) rate=0x4 SeqNum = 2354
06-17 22:08:54.425 I/        (    0): [ 5194.467373@0]  [bluebank] [usb_dec_thread] usb2_status=1, usb3_status=1
06-17 22:08:55.449 I/        (    0): [ 5195.491359@0]  [bluebank] [usb_dec_thread] usb2_status=1, usb3_status=1
06-17 22:08:56.035 I/        (    0): [ 5196.078392@1]  EXT4-fs (mmcblk0p17): re-mounted. Opts: (null)
06-17 22:08:56.473 I/        (    0): [ 5196.515393@0]  [bluebank] [usb_dec_thread] usb2_status=1, usb3_status=1
06-17 22:08:57.497 I/        (    0): [ 5197.539366@0]  [bluebank] [usb_dec_thread] usb2_status=1, usb3_status=1
06-17 22:08:58.521 I/        (    0): [ 5198.563370@0]  [bluebank] [usb_dec_thread] usb2_status=1, usb3_status=1
06-17 22:08:59.465 W/[ 5199.509717@0]  RTW(    0): fill_default_txdesc(wlan0): SP Packet(0x0806) rate=0x4 SeqNum = 2395
06-17 22:08:59.545 I/        (    0): [ 5199.587352@0]  [bluebank] [usb_dec_thread] usb2_status=1, usb3_status=1
06-17 22:09:00.569 I/        (    0): [ 5200.611406@0]  [bluebank] [usb_dec_thread] usb2_status=1, usb3_status=1
06-17 22:09:01.593 I/        (    0): [ 5201.635389@1]  [bluebank] [usb_dec_thread] usb2_status=1, usb3_status=1
06-17 22:09:01.661 W/[ 5201.704961@2]  RTW(    0): cfg80211_rtw_scan(wlan0)
06-17 22:09:01.665 W/[ 5201.708704@2]  RTW(    0): [HW_VAR_CHECK_TXBUF] Empty in 0 ms
06-17 22:09:01.665 W/[ 5201.709299@0]  RTW(    0): wlan0 sleep m0=0x00000003, ori reg_0x4d4=0x00000000
06-17 22:09:02.377 W/[ 5202.419586@3]  RTW(    0): LeaveAllPowerSaveModeDirect.....
06-17 22:09:02.377 W/[ 5202.419603@3]  RTW(    0): LeaveAllPowerSaveModeDirect: Driver Already Leave LPS
06-17 22:09:02.378 W/[ 5202.419616@3]  RTW(    0): rtw_hal_set_macaddr_port wlan0- hw port(0) mac_addr =4c:0f:c7:00:9c:28
06-17 22:09:02.378 W/[ 5202.419833@3]  RTW(    0): wlan0- hw port(0) mac_addr =4c:0f:c7:00:9c:28
06-17 22:09:02.378 W/[ 5202.419930@3]  RTW(    0): p2p0- hw port(1) mac_addr =4e:0f:c7:00:9c:28
06-17 22:09:02.396 W/[ 5202.440972@1]  RTW(    0): wlan0 wakeup m0=0x00000003, ori reg_0x4d4=0x00000003
06-17 22:09:02.397 W/[ 5202.441690@1]  RTW(    0): survey done event(35) band:0 for wlan0
06-17 22:09:02.397 W/        (    0): [ 5202.441711@1]  ========== ACS (VER-3) ==========
06-17 22:09:02.398 W/        (    0): [ 5202.441717@1]  Best 24G Channel:12
06-17 22:09:02.398 W/        (    0): [ 5202.441722@1]  Best 5G Channel:52
06-17 22:09:02.398 W/        (    0): [ 5202.441722@1]
06-17 22:09:02.398 W/[ 5202.441816@1]  RTW(    0): rtw_indicate_scan_done(wlan0)
06-17 22:09:02.617 I/        (    0): [ 5202.659363@1]  [bluebank] [usb_dec_thread] usb2_status=1, usb3_status=1
06-17 22:09:03.641 I/        (    0): [ 5203.683345@1]  [bluebank] [usb_dec_thread] usb2_status=1, usb3_status=1
06-17 22:09:03.817 W/[ 5203.860153@0]  RTW(    0): fill_default_txdesc(wlan0): SP Packet(0x0806) rate=0x4 SeqNum = 2412
06-17 22:09:04.665 I/        (    0): [ 5204.707396@1]  [bluebank] [usb_dec_thread] usb2_status=1, usb3_status=1
06-17 22:09:05.689 I/        (    0): [ 5205.731358@1]  [bluebank] [usb_dec_thread] usb2_status=1, usb3_status=1
06-17 22:09:06.713 I/        (    0): [ 5206.755348@1]  [bluebank] [usb_dec_thread] usb2_status=1, usb3_status=1
06-17 22:09:07.737 I/        (    0): [ 5207.779342@0]  [bluebank] [usb_dec_thread] usb2_status=1, usb3_status=1
06-17 22:09:08.761 I/        (    0): [ 5208.803368@0]  [bluebank] [usb_dec_thread] usb2_status=1, usb3_status=1
06-17 22:09:08.837 W/[ 5208.882324@0]  RTW(    0): fill_default_txdesc(wlan0): SP Packet(0x0806) rate=0x4 SeqNum = 2499
06-17 22:09:09.785 I/        (    0): [ 5209.827376@1]  [bluebank] [usb_dec_thread] usb2_status=1, usb3_status=1
06-17 22:09:10.297 W/[ 5210.339472@0]  RTW(    0): fill_default_txdesc(wlan0): SP Packet(0x0806) rate=0x4 SeqNum = 2505
06-17 22:09:10.809 I/        (    0): [ 5210.851358@1]  [bluebank] [usb_dec_thread] usb2_status=1, usb3_status=1
06-17 22:09:11.833 I/        (    0): [ 5211.875357@0]  [bluebank] [usb_dec_thread] usb2_status=1, usb3_status=1
06-17 22:09:12.861 I/        (    0): [ 5212.903342@0]  [bluebank] [usb_dec_thread] usb2_status=1, usb3_status=1
06-17 22:09:13.881 I/        (    0): [ 5213.923348@0]  [bluebank] [usb_dec_thread] usb2_status=1, usb3_status=1
06-17 22:09:14.689 W/[ 5214.731635@0]  RTW(    0): fill_default_txdesc(wlan0): SP Packet(0x0806) rate=0x4 SeqNum = 2520
06-17 22:09:14.905 I/        (    0): [ 5214.947369@1]  [bluebank] [usb_dec_thread] usb2_status=1, usb3_status=1
06-17 22:09:15.929 I/        (    0): [ 5215.971369@1]  [bluebank] [usb_dec_thread] usb2_status=1, usb3_status=1
06-17 22:09:16.953 I/        (    0): [ 5216.995384@0]  [bluebank] [usb_dec_thread] usb2_status=1, usb3_status=1
06-17 22:09:17.721 W/[ 5217.763520@1]  RTW(    0): fill_default_txdesc(wlan0): SP Packet(0x0806) rate=0x4 SeqNum = 2528
06-17 22:09:17.977 I/        (    0): [ 5218.019358@0]  [bluebank] [usb_dec_thread] usb2_status=1, usb3_status=1
06-17 22:09:18.769 W/[ 5218.812076@0]  RTW(    0): fill_default_txdesc(wlan0): SP Packet(0x0806) rate=0x4 SeqNum = 2551
06-17 22:09:19.001 I/        (    0): [ 5219.043383@0]  [bluebank] [usb_dec_thread] usb2_status=1, usb3_status=1
06-17 22:09:20.025 I/        (    0): [ 5220.067378@0]  [bluebank] [usb_dec_thread] usb2_status=1, usb3_status=1
06-17 22:09:21.049 I/        (    0): [ 5221.091364@0]  [bluebank] [usb_dec_thread] usb2_status=1, usb3_status=1
06-17 22:09:22.073 I/        (    0): [ 5222.115456@3]  [bluebank] [usb_dec_thread] usb2_status=1, usb3_status=1
06-17 22:09:23.097 I/        (    0): [ 5223.139366@1]  [bluebank] [usb_dec_thread] usb2_status=1, usb3_status=1
06-17 22:09:23.881 W/[ 5223.926204@1]  RTW(    0): fill_default_txdesc(wlan0): SP Packet(0x0806) rate=0x4 SeqNum = 2566
06-17 22:09:24.121 I/        (    0): [ 5224.163367@2]  [bluebank] [usb_dec_thread] usb2_status=1, usb3_status=1
06-17 22:09:25.145 I/        (    0): [ 5225.187348@2]  [bluebank] [usb_dec_thread] usb2_status=1, usb3_status=1
06-17 22:09:26.169 I/        (    0): [ 5226.211363@0]  [bluebank] [usb_dec_thread] usb2_status=1, usb3_status=1
06-17 22:09:26.733 W/[ 5226.775826@3]  audit(    0): audit_lost=6033 audit_rate_limit=5 audit_backlog_limit=64
06-17 22:09:26.733 E/[ 5226.775840@3]  audit(    0): rate limit exceeded
06-17 22:09:27.193 I/        (    0): [ 5227.235373@2]  [bluebank] [usb_dec_thread] usb2_status=1, usb3_status=1
06-17 22:09:28.221 I/        (    0): [ 5228.263366@2]  [bluebank] [usb_dec_thread] usb2_status=1, usb3_status=1
06-17 22:09:28.909 W/[ 5228.952077@1]  RTW(    0): fill_default_txdesc(wlan0): SP Packet(0x0806) rate=0x4 SeqNum = 2603
06-17 22:09:29.241 I/        (    0): [ 5229.283367@3]  [bluebank] [usb_dec_thread] usb2_status=1, usb3_status=1
06-17 22:09:30.265 I/        (    0): [ 5230.307454@0]  [bluebank] [usb_dec_thread] usb2_status=1, usb3_status=1
06-17 22:09:31.289 I/        (    0): [ 5231.331440@1]  [bluebank] [usb_dec_thread] usb2_status=1, usb3_status=1
06-17 22:09:32.057 W/[ 5232.099486@1]  RTW(    0): fill_default_txdesc(wlan0): SP Packet(0x0806) rate=0x4 SeqNum = 2610
06-17 22:09:32.317 I/        (    0): [ 5232.359360@1]  [bluebank] [usb_dec_thread] usb2_status=1, usb3_status=1
06-17 22:09:33.337 I/        (    0): [ 5233.379351@2]  [bluebank] [usb_dec_thread] usb2_status=1, usb3_status=1
06-17 22:09:34.029 W/[ 5234.073766@0]  RTW(    0): fill_default_txdesc(wlan0): SP Packet(0x0806) rate=0x4 SeqNum = 2618
06-17 22:09:34.361 I/        (    0): [ 5234.403404@1]  [bluebank] [usb_dec_thread] usb2_status=1, usb3_status=1
06-17 22:09:35.385 I/        (    0): [ 5235.427391@1]  [bluebank] [usb_dec_thread] usb2_status=1, usb3_status=1
06-17 22:09:36.409 I/        (    0): [ 5236.451373@1]  [bluebank] [usb_dec_thread] usb2_status=1, usb3_status=1
06-17 22:09:37.433 I/        (    0): [ 5237.475367@2]  [bluebank] [usb_dec_thread] usb2_status=1, usb3_status=1
06-17 22:09:38.201 W/[ 5238.243563@1]  RTW(    0): fill_default_txdesc(wlan0): SP Packet(0x0806) rate=0x4 SeqNum = 2638
06-17 22:09:38.457 I/        (    0): [ 5238.499380@2]  [bluebank] [usb_dec_thread] usb2_status=1, usb3_status=1
06-17 22:09:38.753 W/[ 5238.798073@1]  RTW(    0): fill_default_txdesc(wlan0): SP Packet(0x0806) rate=0x4 SeqNum = 2641
06-17 22:09:39.481 I/        (    0): [ 5239.523389@1]  [bluebank] [usb_dec_thread] usb2_status=1, usb3_status=1
06-17 22:09:40.505 I/        (    0): [ 5240.547375@1]  [bluebank] [usb_dec_thread] usb2_status=1, usb3_status=1
06-17 22:09:41.529 I/        (    0): [ 5241.571352@1]  [bluebank] [usb_dec_thread] usb2_status=1, usb3_status=1
06-17 22:09:42.553 I/        (    0): [ 5242.595352@1]  [bluebank] [usb_dec_thread] usb2_status=1, usb3_status=1
06-17 22:09:43.577 I/        (    0): [ 5243.619396@2]  [bluebank] [usb_dec_thread] usb2_status=1, usb3_status=1
06-17 22:09:44.157 W/[ 5244.202544@0]  RTW(    0): fill_default_txdesc(wlan0): SP Packet(0x0806) rate=0x4 SeqNum = 2697
06-17 22:09:44.601 I/        (    0): [ 5244.643383@2]  [bluebank] [usb_dec_thread] usb2_status=1, usb3_status=1
06-17 22:09:45.625 I/        (    0): [ 5245.667371@3]  [bluebank] [usb_dec_thread] usb2_status=1, usb3_status=1
06-17 22:09:46.649 I/        (    0): [ 5246.691360@3]  [bluebank] [usb_dec_thread] usb2_status=1, usb3_status=1
06-17 22:09:47.673 I/        (    0): [ 5247.715384@3]  [bluebank] [usb_dec_thread] usb2_status=1, usb3_status=1
06-17 22:09:48.697 I/        (    0): [ 5248.739361@1]  [bluebank] [usb_dec_thread] usb2_status=1, usb3_status=1
06-17 22:09:48.769 W/[ 5248.815010@1]  RTW(    0): fill_default_txdesc(wlan0): SP Packet(0x0806) rate=0x4 SeqNum = 2714
06-17 22:09:49.720 I/        (    0): [ 5249.763377@1]  [bluebank] [usb_dec_thread] usb2_status=1, usb3_status=1
06-17 22:09:50.745 I/        (    0): [ 5250.787360@1]  [bluebank] [usb_dec_thread] usb2_status=1, usb3_status=1
06-17 22:09:51.769 I/        (    0): [ 5251.811354@2]  [bluebank] [usb_dec_thread] usb2_status=1, usb3_status=1
06-17 22:09:52.793 I/        (    0): [ 5252.835395@0]  [bluebank] [usb_dec_thread] usb2_status=1, usb3_status=1
06-17 22:09:53.817 I/        (    0): [ 5253.859365@0]  [bluebank] [usb_dec_thread] usb2_status=1, usb3_status=1
06-17 22:09:54.393 W/[ 5254.437681@0]  RTW(    0): fill_default_txdesc(wlan0): SP Packet(0x0806) rate=0x4 SeqNum = 2736
06-17 22:09:54.841 I/        (    0): [ 5254.883365@0]  [bluebank] [usb_dec_thread] usb2_status=1, usb3_status=1
06-17 22:09:55.865 I/        (    0): [ 5255.907360@1]  [bluebank] [usb_dec_thread] usb2_status=1, usb3_status=1
06-17 22:09:56.889 I/        (    0): [ 5256.931364@3]  [bluebank] [usb_dec_thread] usb2_status=1, usb3_status=1
06-17 22:09:57.913 I/        (    0): [ 5257.955371@0]  [bluebank] [usb_dec_thread] usb2_status=1, usb3_status=1
06-17 22:09:58.937 I/        (    0): [ 5258.979353@1]  [bluebank] [usb_dec_thread] usb2_status=1, usb3_status=1
06-17 22:09:59.413 W/[ 5259.458430@0]  RTW(    0): fill_default_txdesc(wlan0): SP Packet(0x0806) rate=0x4 SeqNum = 2748
06-17 22:09:59.705 W/[ 5259.747467@1]  RTW(    0): fill_default_txdesc(wlan0): SP Packet(0x0806) rate=0x4 SeqNum = 2750
06-17 22:09:59.965 I/        (    0): [ 5260.007365@2]  [bluebank] [usb_dec_thread] usb2_status=1, usb3_status=1
06-17 22:10:00.985 I/        (    0): [ 5261.027508@2]  [bluebank] [usb_dec_thread] usb2_status=1, usb3_status=1
06-17 22:10:02.009 I/        (    0): [ 5262.051335@2]  [bluebank] [usb_dec_thread] usb2_status=1, usb3_status=1
06-17 22:10:03.037 I/        (    0): [ 5263.079419@0]  [bluebank] [usb_dec_thread] usb2_status=1, usb3_status=1
06-17 22:10:03.829 W/[ 5263.871530@0]  RTW(    0): fill_default_txdesc(wlan0): SP Packet(0x0806) rate=0x4 SeqNum = 2760
06-17 22:10:04.057 I/        (    0): [ 5264.099352@2]  [bluebank] [usb_dec_thread] usb2_status=1, usb3_status=1
06-17 22:10:05.081 I/        (    0): [ 5265.123354@2]  [bluebank] [usb_dec_thread] usb2_status=1, usb3_status=1
06-17 22:10:06.105 I/        (    0): [ 5266.147355@0]  [bluebank] [usb_dec_thread] usb2_status=1, usb3_status=1
06-17 22:10:07.129 I/        (    0): [ 5267.171374@0]  [bluebank] [usb_dec_thread] usb2_status=1, usb3_status=1
06-17 22:10:08.153 I/        (    0): [ 5268.195353@2]  [bluebank] [usb_dec_thread] usb2_status=1, usb3_status=1
06-17 22:10:09.177 I/        (    0): [ 5269.219329@2]  [bluebank] [usb_dec_thread] usb2_status=1, usb3_status=1
06-17 22:10:09.565 W/[ 5269.610065@2]  RTW(    0): fill_default_txdesc(wlan0): SP Packet(0x0806) rate=0x4 SeqNum = 2784
06-17 22:10:10.201 I/        (    0): [ 5270.243377@2]  [bluebank] [usb_dec_thread] usb2_status=1, usb3_status=1
06-17 22:10:11.225 I/        (    0): [ 5271.267348@2]  [bluebank] [usb_dec_thread] usb2_status=1, usb3_status=1
06-17 22:10:12.250 I/        (    0): [ 5272.291442@1]  [bluebank] [usb_dec_thread] usb2_status=1, usb3_status=1
06-17 22:10:13.273 I/        (    0): [ 5273.315368@1]  [bluebank] [usb_dec_thread] usb2_status=1, usb3_status=1
06-17 22:10:14.297 I/        (    0): [ 5274.339343@1]  [bluebank] [usb_dec_thread] usb2_status=1, usb3_status=1
06-17 22:10:14.685 W/[ 5274.727920@3]  RTW(    0): fill_default_txdesc(wlan0): SP Packet(0x0806) rate=0x4 SeqNum = 2808
06-17 22:10:15.321 I/        (    0): [ 5275.363413@0]  [bluebank] [usb_dec_thread] usb2_status=1, usb3_status=1
06-17 22:10:16.345 I/        (    0): [ 5276.387335@0]  [bluebank] [usb_dec_thread] usb2_status=1, usb3_status=1
06-17 22:10:17.369 I/        (    0): [ 5277.411350@2]  [bluebank] [usb_dec_thread] usb2_status=1, usb3_status=1
06-17 22:10:18.393 I/        (    0): [ 5278.435353@2]  [bluebank] [usb_dec_thread] usb2_status=1, usb3_status=1
06-17 22:10:18.777 W/[ 5278.821788@1]  RTW(    0): fill_default_txdesc(wlan0): SP Packet(0x0806) rate=0x4 SeqNum = 2820
06-17 22:10:19.417 I/        (    0): [ 5279.459359@1]  [bluebank] [usb_dec_thread] usb2_status=1, usb3_status=1
06-17 22:10:20.441 I/        (    0): [ 5280.483399@2]  [bluebank] [usb_dec_thread] usb2_status=1, usb3_status=1
06-17 22:10:21.209 W/[ 5281.251543@0]  RTW(    0): fill_default_txdesc(wlan0): SP Packet(0x0806) rate=0x4 SeqNum = 2826
06-17 22:10:21.465 I/        (    0): [ 5281.507348@2]  [bluebank] [usb_dec_thread] usb2_status=1, usb3_status=1
06-17 22:10:22.489 I/        (    0): [ 5282.531354@1]  [bluebank] [usb_dec_thread] usb2_status=1, usb3_status=1
06-17 22:10:23.513 I/        (    0): [ 5283.555356@1]  [bluebank] [usb_dec_thread] usb2_status=1, usb3_status=1
06-17 22:10:24.513 W/[ 5284.556189@3]  RTW(    0): fill_default_txdesc(wlan0): SP Packet(0x0806) rate=0x4 SeqNum = 2837
06-17 22:10:24.537 I/        (    0): [ 5284.579384@1]  [bluebank] [usb_dec_thread] usb2_status=1, usb3_status=1
06-17 22:10:25.561 I/        (    0): [ 5285.603364@2]  [bluebank] [usb_dec_thread] usb2_status=1, usb3_status=1
06-17 22:10:26.073 W/[ 5286.115470@3]  RTW(    0): fill_default_txdesc(wlan0): SP Packet(0x0806) rate=0x4 SeqNum = 2839
06-17 22:10:26.585 I/        (    0): [ 5286.627345@2]  [bluebank] [usb_dec_thread] usb2_status=1, usb3_status=1
06-17 22:10:26.733 W/[ 5286.778309@2]  audit(    0): audit_lost=6036 audit_rate_limit=5 audit_backlog_limit=64
06-17 22:10:26.733 E/[ 5286.778322@2]  audit(    0): rate limit exceeded
06-17 22:10:27.609 I/        (    0): [ 5287.651341@2]  [bluebank] [usb_dec_thread] usb2_status=1, usb3_status=1
06-17 22:10:28.633 I/        (    0): [ 5288.675387@1]  [bluebank] [usb_dec_thread] usb2_status=1, usb3_status=1
06-17 22:10:28.909 W/[ 5288.954160@3]  RTW(    0): fill_default_txdesc(wlan0): SP Packet(0x0806) rate=0x4 SeqNum = 2874
06-17 22:10:29.657 I/        (    0): [ 5289.699362@1]  [bluebank] [usb_dec_thread] usb2_status=1, usb3_status=1
06-17 22:10:30.681 I/        (    0): [ 5290.723385@1]  [bluebank] [usb_dec_thread] usb2_status=1, usb3_status=1
06-17 22:10:31.705 I/        (    0): [ 5291.747376@1]  [bluebank] [usb_dec_thread] usb2_status=1, usb3_status=1
06-17 22:10:32.733 I/        (    0): [ 5292.775374@3]  [bluebank] [usb_dec_thread] usb2_status=1, usb3_status=1
06-17 22:10:33.753 I/        (    0): [ 5293.795349@3]  [bluebank] [usb_dec_thread] usb2_status=1, usb3_status=1
06-17 22:10:33.829 W/[ 5293.872572@1]  RTW(    0): fill_default_txdesc(wlan0): SP Packet(0x0806) rate=0x4 SeqNum = 2885
06-17 22:10:34.777 I/        (    0): [ 5294.819368@3]  [bluebank] [usb_dec_thread] usb2_status=1, usb3_status=1
06-17 22:10:35.801 I/        (    0): [ 5295.843383@3]  [bluebank] [usb_dec_thread] usb2_status=1, usb3_status=1
06-17 22:10:36.824 I/        (    0): [ 5296.867427@0]  [bluebank] [usb_dec_thread] usb2_status=1, usb3_status=1
06-17 22:10:37.849 I/        (    0): [ 5297.891351@0]  [bluebank] [usb_dec_thread] usb2_status=1, usb3_status=1
06-17 22:10:38.873 I/        (    0): [ 5298.915383@0]  [bluebank] [usb_dec_thread] usb2_status=1, usb3_status=1
06-17 22:10:38.952 W/[ 5298.996680@0]  RTW(    0): fill_default_txdesc(wlan0): SP Packet(0x0806) rate=0x4 SeqNum = 2917
06-17 22:10:39.897 I/        (    0): [ 5299.939340@0]  [bluebank] [usb_dec_thread] usb2_status=1, usb3_status=1
06-17 22:10:40.921 I/        (    0): [ 5300.963380@0]  [bluebank] [usb_dec_thread] usb2_status=1, usb3_status=1
06-17 22:10:41.945 I/        (    0): [ 5301.987369@0]  [bluebank] [usb_dec_thread] usb2_status=1, usb3_status=1
