06-17 20:57:21.203 D/DigitalSignage(  502): else - Package Name :: null left : 0 right :: 0 top :: 0 bottom :: 0 dfu-right :: 1920 dfu-bottom :: 1080
06-17 20:57:21.821 I/        (    0): [  901.863387@2]  [bluebank] [usb_dec_thread] usb2_status=1, usb3_status=1
06-17 20:57:22.078 I/[  902.119399@0]  resman(    0): 43 appname:OMX-32, type=0
06-17 20:57:22.114 I/[  902.158558@2]  resman(    0): 43 acquire [decoder], preempt yes
06-17 20:57:22.115 I/[  902.158571@2]  resman(    0): 43 acquire [decoder] success
06-17 20:57:22.115 I/[  902.158602@2]  resman(    0): 43 acquire [codec_mm], preempt yes
06-17 20:57:22.115 I/[  902.158609@2]  resman(    0): 43 score 60 secure no
06-17 20:57:22.115 I/[  902.158615@2]  resman(    0): 43 acquire [codec_mm] success
06-17 20:57:22.118 I/[  902.161899@2]  [amlv4l](    0): [21]: DW:1, TW:0, Margin:5
06-17 20:57:22.122 D/[  902.162230@2]  [amlcom](    0): vdec_create instance 000000007b2acec6, total 1, PM: power-domain
06-17 20:57:22.123 D/[  902.162540@2]  [media_clock](    0): hevc mux clock is 499999992 Hz
06-17 20:57:22.123 D/[  902.162758@2]  [media_clock](    0): hevc back mux clock is 499999992 Hz
06-17 20:57:22.123 I/[  902.162960@2]  [amlcom](    0): vdec_init, dev_name:ammvdec_h265_v4l, vdec_type=VDEC_TYPE_FRAME_BLOCK, format: 11, total: 1
06-17 20:57:22.123 D/[  902.163682@2]  [h265](    0): [0]pdata->config=parm_v4l_codec_enable:1;parm_v4l_buffer_margin:5;hevc_double_write_mode:1;hevc_triple_write_mode:0;hevc_buf_width:4096;hevc_buf_height:2304;save_buffer_mode:0;parm_v4l_canvas_mem_mode:0;parm_v4l_canvas_mem_endian:0;parm_v4l_low_latency_mode:0;parm_v4l_metadata_config_flag:49154;parm_v4l_duration:3840;dv_profile:0;
06-17 20:57:22.123 D/[  902.163744@2]  [h265](    0): [0]discard dv data
06-17 20:57:22.123 D/[  902.163753@2]  [h265](    0): [0]dv_profile: 0
06-17 20:57:22.125 D/[  902.170832@3]  [h265](    0): [0]dynamic_buf_num_margin=5
06-17 20:57:22.125 D/[  902.170844@3]  [h265](    0): [0]double_write_mode=1
06-17 20:57:22.125 D/[  902.170848@3]  [h265](    0): [0]nal_skip_policy=2
06-17 20:57:22.125 D/[  902.170857@3]  [h265](    0): [0]h265:pts_unstable=0
06-17 20:57:22.125 D/[  902.170861@3]  [h265](    0): [0]h265: ver (201602101,0) decinfo: 0x0 rate=3840
06-17 20:57:22.129 D/[  902.174910@0]  [h265](    0): ucode version 4.138, swap enable 1
06-17 20:57:22.129 D/[  902.175235@0]  [media_clock](    0): hevc mux clock is 799999988 Hz
06-17 20:57:22.133 D/[  902.175496@0]  [media_clock](    0): hevc back mux clock is 799999988 Hz
06-17 20:57:22.133 D/[  902.175505@0]  [amlcom](    0): hevc video changed to 3840 x 2160 60 fps clk->800MHZ
06-17 20:57:22.141 W/[  902.179700@3]  audit(    0): audit_lost=1063 audit_rate_limit=5 audit_backlog_limit=64
06-17 20:57:22.141 E/[  902.179710@3]  audit(    0): rate limit exceeded
06-17 20:57:22.194 D/[  902.235604@3]  [h265](    0): [0]vh265 cached=0  need_size=16384 speed= 72 ms
06-17 20:57:22.194 D/[  902.236084@0]  [h265](    0): set ucode parse
06-17 20:57:22.194 W/        (    0): [  902.236097@0]  hevc get comp info: 64 65536 797
06-17 20:57:22.194 D/[  902.236103@0]  [h265](    0): margin = 5, sps_max_dec_pic_buffering_minus1_0 = 5
06-17 20:57:22.194 I/[  902.236119@0]  [amlv4l](    0): [21]: Parse from ucode, visible(1920 x 1080), coded(1920 x 1088), scan:P, bitdepth(8), DW/TW(1, 0)
06-17 20:57:22.194 I/[  902.236498@3]  [amlv4l](    0): [21]: Picture buffer count: dec:7, vpp:0, ge2d:0, margin:5, total:12
06-17 20:57:22.194 D/[  902.236577@3]  [amlv4l](    0): [21]: Post event: res chg
06-17 20:57:22.194 D/[  902.237695@0]  [h265](    0): [0]hevc->performance_profile 0
06-17 20:57:22.194 D/[  902.237719@0]  [h265](    0): [0]set pic_list_init_flag 1
06-17 20:57:22.194 D/[  902.239032@2]  [h265](    0): [0]init_buf_spec2 1920 1080
06-17 20:57:22.194 D/[  902.239045@2]  [h265](    0): [0]set pic_list_init_flag to 2
06-17 20:57:22.194 D/[  902.239093@0]  [h265](    0): [0]set pic_list_init_flag to 3
06-17 20:57:22.194 D/[  902.239099@0]  [h265](    0): [vdec_kpi][vh265_isr_thread_fn] First I frame coming.
06-17 20:57:22.210 I/[  902.253926@3]  dim(    0): reg:use[0]ms
06-17 20:57:22.210 I/[  902.253939@3]  dim(    0): create:ch[2],tmode[3]
06-17 20:57:22.210 I/[  902.253943@3]  dim(    0): out:0x80000000
06-17 20:57:22.226 D/[  902.270271@0]  [h265](    0): [0]VH265: output first frame poc 0
06-17 20:57:22.226 D/[  902.270294@0]  [h265](    0): [0]decoder duration change old: 0 new: 3840
06-17 20:57:22.226 D/[  902.270318@0]  [h265](    0): [vdec_kpi][post_video_frame] First I frame decoded.
06-17 20:57:22.234 I/[  902.275706@3]  dim(    0): value reg:ch[2]:fix_buf:0;ponly <0,0>
06-17 20:57:22.234 I/[  902.275726@3]  dim(    0): di_cnt_i_buf1:tvp:0
06-17 20:57:22.234 I/[  902.275737@3]  dim(    0): buf large::0x4fb000, 0x5a1000
06-17 20:57:22.234 I/[  902.275774@3]  vpu(    0): vpu: vpu_dev_clk_gate_on: unsupport vpu mod: 72
06-17 20:57:22.234 I/[  902.276660@3]  dim(    0): ch[2]:reg:mem cfg[0][0][0]
06-17 20:57:22.629 V/DigitalSignage(  502): Package Name: null
06-17 20:57:22.629 V/DigitalSignage(  502): Left: 0
06-17 20:57:22.630 V/DigitalSignage(  502): Right: 0
06-17 20:57:22.630 V/DigitalSignage(  502): Top: 0
06-17 20:57:22.630 V/DigitalSignage(  502): Bottom: 0
06-17 20:57:22.630 D/DigitalSignage(  502): else - Package Name :: null left : 0 right :: 0 top :: 0 bottom :: 0 dfu-right :: 1920 dfu-bottom :: 1080
06-17 20:57:22.666 I/[  902.709182@0]  VID(    0): VD1 off
06-17 20:57:22.666 I/[  902.709342@0]  vc(    0): [0]vc: set enable index=0, val=1
06-17 20:57:22.666 I/        (    0): [  902.709371@0]  dev->index =0, val=2
06-17 20:57:22.666 I/[  902.709374@0]  VID(    0): VD1 off
06-17 20:57:22.666 I/[  902.709380@0]  VID(    0): VD1 set global output as 1
06-17 20:57:22.666 I/[  902.709416@0]  VID(    0): store VD0 path_id changed -1->2
06-17 20:57:22.666 I/[  902.709436@0]  vc(    0): [0]sideband_type =-1
06-17 20:57:22.841 I/        (    0): [  902.883404@2]  [bluebank] [usb_dec_thread] usb2_status=1, usb3_status=1
06-17 20:57:23.585 I/[  903.630631@1]  [amlv4l](    0): [21]: reset mode: 1, es frames buffering: 41
06-17 20:57:23.585 D/[  903.630774@1]  [h265](    0): [0]h265:pts_unstable=0
06-17 20:57:23.585 D/[  903.630781@1]  [h265](    0): [0]h265: ver (201602101,0) decinfo: 0x0 rate=3840
06-17 20:57:23.606 I/[  903.649714@3]  [amlv4l](    0): [21]: reset mode: 1, es frames buffering: 0
06-17 20:57:23.606 D/[  903.649833@3]  [h265](    0): [0]h265:pts_unstable=0
06-17 20:57:23.606 D/[  903.649843@3]  [h265](    0): [0]h265: ver (201602101,0) decinfo: 0x0 rate=3840
06-17 20:57:23.629 I/[  903.672343@3]  dim(    0): unreg:2keep[0], msk:[0x0,0x0]
06-17 20:57:23.637 I/[  903.682442@3]  vpu(    0): vpu: vpu_dev_clk_gate_off: unsupport vpu mod: 72
06-17 20:57:23.642 I/[  903.684917@2]  dim(    0): unreg:use[22]ms
06-17 20:57:23.642 I/[  903.684930@2]  dim(    0): di_destroy_instance:ch[2]:end
06-17 20:57:23.642 I/[  903.685529@2]  dim(    0): reg:use[1]ms
06-17 20:57:23.642 I/[  903.685542@2]  dim(    0): create:ch[2],tmode[3]
06-17 20:57:23.642 I/[  903.685545@2]  dim(    0): out:0x80000000
06-17 20:57:23.653 I/[  903.696153@3]  [amlv4l](    0): [21]: reset mode: 1, es frames buffering: 0
06-17 20:57:23.654 D/[  903.696226@3]  [h265](    0): [0]h265:pts_unstable=0
06-17 20:57:23.654 D/[  903.696232@3]  [h265](    0): [0]h265: ver (201602101,0) decinfo: 0x0 rate=3840
06-17 20:57:23.662 I/[  903.705429@3]  [amlv4l](    0): [21]: reset mode: 1, es frames buffering: 0
06-17 20:57:23.662 D/[  903.705521@3]  [h265](    0): [0]h265:pts_unstable=0
06-17 20:57:23.662 D/[  903.705527@3]  [h265](    0): [0]h265: ver (201602101,0) decinfo: 0x0 rate=3840
06-17 20:57:23.706 I/[  903.750316@3]  [amlv4l](    0): [21]: reset mode: 1, es frames buffering: 0
06-17 20:57:23.727 D/[  903.750389@3]  [h265](    0): [0]h265:pts_unstable=0
06-17 20:57:23.727 D/[  903.750395@3]  [h265](    0): [0]h265: ver (201602101,0) decinfo: 0x0 rate=3840
06-17 20:57:23.727 D/[  903.762080@2]  [amlcom](    0): vdec_release instance 000000007b2acec6, total 1
06-17 20:57:23.727 D/[  903.762280@2]  [media_clock](    0): the clk_hevcf_mux   clock off, ref cnt: 0
06-17 20:57:23.727 D/[  903.762293@2]  [media_clock](    0): the clk_hevcb_mux   clock off, ref cnt: 0
06-17 20:57:23.727 I/[  903.763777@2]  dim(    0): unreg:use[0]ms
06-17 20:57:23.730 I/[  903.763790@2]  dim(    0): di_destroy_instance:ch[2]:end
06-17 20:57:23.730 I/[  903.765349@2]  resman(    0): 43 release [decoder]
06-17 20:57:23.730 I/[  903.765361@2]  resman(    0): 43 release [codec_mm]
06-17 20:57:23.730 E/        (    0): [  903.766678@1]  disalbe fastplay
06-17 20:57:23.740 V/DigitalSignage(  502): Package Name: null
06-17 20:57:23.740 V/DigitalSignage(  502): Left: 0
06-17 20:57:23.740 V/DigitalSignage(  502): Right: 0
06-17 20:57:23.740 V/DigitalSignage(  502): Top: 0
06-17 20:57:23.740 V/DigitalSignage(  502): Bottom: 0
06-17 20:57:23.740 D/DigitalSignage(  502): else - Package Name :: null left : 0 right :: 0 top :: 0 bottom :: 0 dfu-right :: 1920 dfu-bottom :: 1080
06-17 20:57:23.770 I/[  903.811676@0]  vc(    0): [0]vc: set enable index=0, val=0
06-17 20:57:23.770 I/[  903.811700@0]  VID(    0): store VD0 path_id changed 2->-1
06-17 20:57:23.770 I/        (    0): [  903.811704@0]  dev->index =0, val=1
06-17 20:57:23.770 I/[  903.811707@0]  VID(    0): VD1 off
06-17 20:57:23.770 I/[  903.811713@0]  VID(    0): VD1 set global output as 0
06-17 20:57:23.770 I/        (    0): [  903.811732@0]  common_vf_unreg_provider video_render.0: vd1 used: true, vd2 used: false, vd3 used: false, black_out:0, cur_buf:00000000671c5e32
06-17 20:57:23.801 W/[  903.843507@3]  RTW(    0): Turbo EDCA =0xa42b
06-17 20:57:23.865 I/        (    0): [  903.907395@2]  [bluebank] [usb_dec_thread] usb2_status=1, usb3_status=1
06-17 20:57:24.096 V/DigitalSignage(  502): Package Name: null
06-17 20:57:24.096 V/DigitalSignage(  502): Left: 0
06-17 20:57:24.096 V/DigitalSignage(  502): Right: 0
06-17 20:57:24.096 V/DigitalSignage(  502): Top: 0
06-17 20:57:24.096 V/DigitalSignage(  502): Bottom: 0
06-17 20:57:24.096 D/DigitalSignage(  502): else - Package Name :: null left : 0 right :: 0 top :: 0 bottom :: 0 dfu-right :: 1920 dfu-bottom :: 1080
06-17 20:57:24.425 I/[  904.469642@2]  resman(    0): 44 appname:OMX-33, type=0
06-17 20:57:24.438 W/[  904.481983@3]  audit(    0): audit_lost=1068 audit_rate_limit=5 audit_backlog_limit=64
06-17 20:57:24.438 E/[  904.481993@3]  audit(    0): rate limit exceeded
06-17 20:57:24.472 I/[  904.513536@3]  resman(    0): 44 acquire [decoder], preempt yes
06-17 20:57:24.472 I/[  904.513549@3]  resman(    0): 44 acquire [decoder] success
06-17 20:57:24.472 I/[  904.513580@3]  resman(    0): 44 acquire [codec_mm], preempt yes
06-17 20:57:24.472 I/[  904.513588@3]  resman(    0): 44 score 60 secure no
06-17 20:57:24.472 I/[  904.513594@3]  resman(    0): 44 acquire [codec_mm] success
06-17 20:57:24.478 I/[  904.522355@2]  [amlv4l](    0): [23]: DW:3, TW:0, Margin:5
06-17 20:57:24.478 D/[  904.522570@2]  [amlcom](    0): vdec_create instance 00000000fbb68e46, total 1, PM: power-domain
06-17 20:57:24.478 D/[  904.522833@2]  [media_clock](    0): hevc mux clock is 499999992 Hz
06-17 20:57:24.478 D/[  904.523046@2]  [media_clock](    0): hevc back mux clock is 499999992 Hz
06-17 20:57:24.478 I/[  904.523225@2]  [amlcom](    0): vdec_init, dev_name:ammvdec_h265_v4l, vdec_type=VDEC_TYPE_FRAME_BLOCK, format: 11, total: 1
06-17 20:57:24.486 D/[  904.523787@2]  [h265](    0): [0]pdata->config=parm_v4l_codec_enable:1;parm_v4l_buffer_margin:5;hevc_double_write_mode:3;hevc_triple_write_mode:0;hevc_buf_width:4096;hevc_buf_height:2304;save_buffer_mode:0;parm_v4l_canvas_mem_mode:0;parm_v4l_canvas_mem_endian:0;parm_v4l_low_latency_mode:0;parm_v4l_metadata_config_flag:49154;parm_v4l_duration:4000;dv_profile:0;
06-17 20:57:24.487 D/[  904.523849@2]  [h265](    0): [0]discard dv data
06-17 20:57:24.487 D/[  904.523858@2]  [h265](    0): [0]dv_profile: 0
06-17 20:57:24.487 D/[  904.528745@2]  [h265](    0): [0]dynamic_buf_num_margin=5
06-17 20:57:24.487 D/[  904.528758@2]  [h265](    0): [0]double_write_mode=3
06-17 20:57:24.487 D/[  904.528761@2]  [h265](    0): [0]nal_skip_policy=2
06-17 20:57:24.487 D/[  904.528773@2]  [h265](    0): [0]h265:pts_unstable=0
06-17 20:57:24.487 D/[  904.528778@2]  [h265](    0): [0]h265: ver (201602101,0) decinfo: 0x0 rate=4000
06-17 20:57:24.487 D/[  904.530527@1]  [h265](    0): ucode version 4.138, swap enable 1
06-17 20:57:24.487 D/[  904.530839@1]  [media_clock](    0): hevc mux clock is 799999988 Hz
06-17 20:57:24.487 D/[  904.531060@1]  [media_clock](    0): hevc back mux clock is 799999988 Hz
06-17 20:57:24.487 D/[  904.531065@1]  [amlcom](    0): hevc video changed to 3840 x 2160 60 fps clk->800MHZ
06-17 20:57:24.588 D/[  904.627578@1]  [h265](    0): [0]vh265 cached=0  need_size=16384 speed= 104 ms
06-17 20:57:24.592 D/[  904.628073@0]  [h265](    0): set ucode parse
06-17 20:57:24.592 W/        (    0): [  904.628089@0]  hevc get comp info: 64 65536 797
06-17 20:57:24.592 D/[  904.628095@0]  [h265](    0): margin = 5, sps_max_dec_pic_buffering_minus1_0 = 5
06-17 20:57:24.592 I/[  904.628111@0]  [amlv4l](    0): [23]: Parse from ucode, visible(1920 x 1080), coded(1920 x 1088), scan:P, bitdepth(8), DW/TW(3, 0)
06-17 20:57:24.593 I/[  904.628358@3]  [amlv4l](    0): [23]: Picture buffer count: dec:7, vpp:0, ge2d:0, margin:5, total:12
06-17 20:57:24.593 D/[  904.628374@3]  [amlv4l](    0): [23]: Post event: res chg
06-17 20:57:24.593 D/[  904.629227@0]  [h265](    0): [0]hevc->performance_profile 0
06-17 20:57:24.593 D/[  904.629251@0]  [h265](    0): [0]set pic_list_init_flag 1
06-17 20:57:24.593 D/[  904.629385@2]  [h265](    0): [0]init_buf_spec2 1920 1080
06-17 20:57:24.593 D/[  904.629396@2]  [h265](    0): [0]set pic_list_init_flag to 2
06-17 20:57:24.596 D/[  904.629433@0]  [h265](    0): [0]set pic_list_init_flag to 3
06-17 20:57:24.596 D/[  904.629437@0]  [h265](    0): [vdec_kpi][vh265_isr_thread_fn] First I frame coming.
06-17 20:57:24.596 I/[  904.637359@1]  dim(    0): reg:use[1]ms
06-17 20:57:24.596 I/[  904.637372@1]  dim(    0): create:ch[2],tmode[3]
06-17 20:57:24.596 I/[  904.637376@1]  dim(    0): out:0x80000000
06-17 20:57:24.607 D/[  904.649068@0]  [h265](    0): [0]VH265: output first frame poc 0
06-17 20:57:24.607 D/[  904.649092@0]  [h265](    0): [0]decoder duration change old: 0 new: 4000
06-17 20:57:24.607 D/[  904.649107@0]  [h265](    0): [vdec_kpi][post_video_frame] First I frame decoded.
06-17 20:57:24.614 I/[  904.657221@3]  dim(    0): value reg:ch[2]:fix_buf:0;ponly <0,0>
06-17 20:57:24.614 I/[  904.657240@3]  dim(    0): di_cnt_i_buf1:tvp:0
06-17 20:57:24.614 I/[  904.657251@3]  dim(    0): buf large::0x4fb000, 0x5a1000
06-17 20:57:24.614 I/[  904.657288@3]  vpu(    0): vpu: vpu_dev_clk_gate_on: unsupport vpu mod: 72
06-17 20:57:24.614 I/[  904.658172@3]  dim(    0): ch[2]:reg:mem cfg[0][0][0]
06-17 20:57:24.822 W/[  904.865127@1]  RTW(    0): fill_default_txdesc(wlan0): SP Packet(0x0806) rate=0x4 SeqNum = 427
06-17 20:57:24.893 I/        (    0): [  904.936295@2]  [bluebank] [usb_dec_thread] usb2_status=1, usb3_status=1
06-17 20:57:25.065 I/[  905.110905@1]  VID(    0): VD1 off
06-17 20:57:25.066 I/[  905.110978@1]  vc(    0): [0]vc: set enable index=0, val=1
06-17 20:57:25.066 I/        (    0): [  905.110997@1]  dev->index =0, val=2
06-17 20:57:25.066 I/[  905.111000@1]  VID(    0): VD1 off
06-17 20:57:25.066 I/[  905.111004@1]  VID(    0): VD1 set global output as 1
06-17 20:57:25.066 I/[  905.111035@1]  VID(    0): store VD0 path_id changed -1->2
06-17 20:57:25.066 I/[  905.111051@1]  vc(    0): [0]sideband_type =-1
06-17 20:57:25.914 I/        (    0): [  905.955411@3]  [bluebank] [usb_dec_thread] usb2_status=1, usb3_status=1
06-17 20:57:26.585 W/[  906.629123@1]  audit(    0): audit_lost=1081 audit_rate_limit=5 audit_backlog_limit=64
06-17 20:57:26.585 E/[  906.629134@1]  audit(    0): rate limit exceeded
06-17 20:57:26.937 I/        (    0): [  906.979386@1]  [bluebank] [usb_dec_thread] usb2_status=1, usb3_status=1
06-17 20:57:27.961 I/        (    0): [  908.003395@1]  [bluebank] [usb_dec_thread] usb2_status=1, usb3_status=1
06-17 20:57:28.985 I/        (    0): [  909.027375@1]  [bluebank] [usb_dec_thread] usb2_status=1, usb3_status=1
06-17 20:57:29.833 W/[  909.878619@2]  RTW(    0): fill_default_txdesc(wlan0): SP Packet(0x0806) rate=0x4 SeqNum = 3819
06-17 20:57:30.009 I/        (    0): [  910.051371@1]  [bluebank] [usb_dec_thread] usb2_status=1, usb3_status=1
06-17 20:57:31.033 I/        (    0): [  911.075389@2]  [bluebank] [usb_dec_thread] usb2_status=1, usb3_status=1
06-17 20:57:31.865 W/[  911.907466@2]  RTW(    0): Turbo EDCA =0x5ea42b
06-17 20:57:32.057 I/        (    0): [  912.099371@2]  [bluebank] [usb_dec_thread] usb2_status=1, usb3_status=1
06-17 20:57:33.082 I/        (    0): [  913.123403@2]  [bluebank] [usb_dec_thread] usb2_status=1, usb3_status=1
06-17 20:57:33.881 W/[  913.923557@3]  RTW(    0): Turbo EDCA =0xa42b
06-17 20:57:34.105 I/        (    0): [  914.147359@2]  [bluebank] [usb_dec_thread] usb2_status=1, usb3_status=1
06-17 20:57:34.977 W/[  915.020238@2]  RTW(    0): fill_default_txdesc(wlan0): SP Packet(0x0806) rate=0x4 SeqNum = 253
06-17 20:57:35.129 I/        (    0): [  915.171433@3]  [bluebank] [usb_dec_thread] usb2_status=1, usb3_status=1
06-17 20:57:35.898 W/[  915.939547@2]  RTW(    0): Turbo EDCA =0x5ea42b
06-17 20:57:36.153 I/        (    0): [  916.195394@3]  [bluebank] [usb_dec_thread] usb2_status=1, usb3_status=1
06-17 20:57:37.181 I/        (    0): [  917.223386@3]  [bluebank] [usb_dec_thread] usb2_status=1, usb3_status=1
06-17 20:57:38.201 I/        (    0): [  918.243360@2]  [bluebank] [usb_dec_thread] usb2_status=1, usb3_status=1
06-17 20:57:39.225 I/        (    0): [  919.267364@3]  [bluebank] [usb_dec_thread] usb2_status=1, usb3_status=1
06-17 20:57:40.085 W/[  920.130618@1]  RTW(    0): fill_default_txdesc(wlan0): SP Packet(0x0806) rate=0x4 SeqNum = 885
06-17 20:57:40.247 I/        (    0): [  920.291393@3]  [bluebank] [usb_dec_thread] usb2_status=1, usb3_status=1
06-17 20:57:41.273 I/        (    0): [  921.315360@3]  [bluebank] [usb_dec_thread] usb2_status=1, usb3_status=1
06-17 20:57:41.945 W/[  921.987546@1]  RTW(    0): Turbo EDCA =0xa42b
06-17 20:57:42.297 I/        (    0): [  922.339446@3]  [bluebank] [usb_dec_thread] usb2_status=1, usb3_status=1
06-17 20:57:43.321 I/        (    0): [  923.363371@3]  [bluebank] [usb_dec_thread] usb2_status=1, usb3_status=1
06-17 20:57:43.960 W/[  924.003474@0]  RTW(    0): Turbo EDCA =0x5ea42b
06-17 20:57:44.345 I/        (    0): [  924.387362@3]  [bluebank] [usb_dec_thread] usb2_status=1, usb3_status=1
06-17 20:57:45.137 W/[  925.180849@1]  RTW(    0): fill_default_txdesc(wlan0): SP Packet(0x0806) rate=0x4 SeqNum = 1450
06-17 20:57:45.369 I/        (    0): [  925.411387@3]  [bluebank] [usb_dec_thread] usb2_status=1, usb3_status=1
06-17 20:57:46.393 I/        (    0): [  926.435373@3]  [bluebank] [usb_dec_thread] usb2_status=1, usb3_status=1
06-17 20:57:47.417 I/        (    0): [  927.459387@2]  [bluebank] [usb_dec_thread] usb2_status=1, usb3_status=1
06-17 20:57:47.993 W/[  928.035498@0]  RTW(    0): Turbo EDCA =0xa42b
06-17 20:57:48.441 I/        (    0): [  928.483364@2]  [bluebank] [usb_dec_thread] usb2_status=1, usb3_status=1
06-17 20:57:49.466 I/        (    0): [  929.507351@2]  [bluebank] [usb_dec_thread] usb2_status=1, usb3_status=1
06-17 20:57:50.010 W/[  930.051597@3]  RTW(    0): Turbo EDCA =0x5ea42b
06-17 20:57:50.225 W/[  930.269623@3]  RTW(    0): fill_default_txdesc(wlan0): SP Packet(0x0806) rate=0x4 SeqNum = 2092
06-17 20:57:50.489 I/        (    0): [  930.531377@2]  [bluebank] [usb_dec_thread] usb2_status=1, usb3_status=1
06-17 20:57:51.513 I/        (    0): [  931.555368@2]  [bluebank] [usb_dec_thread] usb2_status=1, usb3_status=1
06-17 20:57:52.537 I/        (    0): [  932.579431@2]  [bluebank] [usb_dec_thread] usb2_status=1, usb3_status=1
06-17 20:57:53.561 I/        (    0): [  933.603386@2]  [bluebank] [usb_dec_thread] usb2_status=1, usb3_status=1
06-17 20:57:54.585 I/        (    0): [  934.627386@2]  [bluebank] [usb_dec_thread] usb2_status=1, usb3_status=1
06-17 20:57:55.305 W/[  935.349858@1]  RTW(    0): fill_default_txdesc(wlan0): SP Packet(0x0806) rate=0x4 SeqNum = 2666
06-17 20:57:55.609 I/        (    0): [  935.651398@2]  [bluebank] [usb_dec_thread] usb2_status=1, usb3_status=1
06-17 20:57:56.057 W/[  936.099456@1]  RTW(    0): Turbo EDCA =0xa42b
06-17 20:57:56.633 I/        (    0): [  936.675380@2]  [bluebank] [usb_dec_thread] usb2_status=1, usb3_status=1
06-17 20:57:57.657 I/        (    0): [  937.699348@2]  [bluebank] [usb_dec_thread] usb2_status=1, usb3_status=1
06-17 20:57:58.074 W/[  938.115551@1]  RTW(    0): Turbo EDCA =0x5ea42b
06-17 20:57:58.682 I/        (    0): [  938.723377@2]  [bluebank] [usb_dec_thread] usb2_status=1, usb3_status=1
06-17 20:57:59.705 I/        (    0): [  939.747374@2]  [bluebank] [usb_dec_thread] usb2_status=1, usb3_status=1
06-17 20:57:59.793 W/[  939.835937@2]  RTW(    0): fill_default_txdesc(wlan0): SP Packet(0x0806) rate=0x4 SeqNum = 3116
06-17 20:58:00.729 I/        (    0): [  940.771379@2]  [bluebank] [usb_dec_thread] usb2_status=1, usb3_status=1
06-17 20:58:01.753 I/        (    0): [  941.795355@2]  [bluebank] [usb_dec_thread] usb2_status=1, usb3_status=1
06-17 20:58:02.777 I/        (    0): [  942.819381@3]  [bluebank] [usb_dec_thread] usb2_status=1, usb3_status=1
06-17 20:58:03.799 I/        (    0): [  943.843376@3]  [bluebank] [usb_dec_thread] usb2_status=1, usb3_status=1
06-17 20:58:04.121 W/[  944.163593@3]  RTW(    0): Turbo EDCA =0xa42b
06-17 20:58:04.825 I/        (    0): [  944.867391@2]  [bluebank] [usb_dec_thread] usb2_status=1, usb3_status=1
06-17 20:58:05.081 W/[  945.123484@0]  RTW(    0): fill_default_txdesc(wlan0): SP Packet(0x0806) rate=0x4 SeqNum = 3733
06-17 20:58:05.309 W/[  945.351695@2]  RTW(    0): fill_default_txdesc(wlan0): SP Packet(0x0806) rate=0x4 SeqNum = 3745
06-17 20:58:05.849 I/        (    0): [  945.891365@2]  [bluebank] [usb_dec_thread] usb2_status=1, usb3_status=1
06-17 20:58:06.137 W/[  946.179564@2]  RTW(    0): Turbo EDCA =0x5ea42b
06-17 20:58:06.873 I/        (    0): [  946.915385@3]  [bluebank] [usb_dec_thread] usb2_status=1, usb3_status=1
06-17 20:58:07.897 I/        (    0): [  947.939515@3]  [bluebank] [usb_dec_thread] usb2_status=1, usb3_status=1
06-17 20:58:08.921 I/        (    0): [  948.963372@3]  [bluebank] [usb_dec_thread] usb2_status=1, usb3_status=1
06-17 20:58:08.921 W/[  948.963448@2]  RTW(    0): fill_default_txdesc(wlan0): SP Packet(0x0806) rate=0x4 SeqNum = 16
06-17 20:58:09.945 I/        (    0): [  949.987388@3]  [bluebank] [usb_dec_thread] usb2_status=1, usb3_status=1
06-17 20:58:10.017 W/[  950.062051@3]  RTW(    0): fill_default_txdesc(wlan0): SP Packet(0x0806) rate=0x4 SeqNum = 170
06-17 20:58:10.969 I/        (    0): [  951.011381@3]  [bluebank] [usb_dec_thread] usb2_status=1, usb3_status=1
06-17 20:58:11.993 I/        (    0): [  952.035413@3]  [bluebank] [usb_dec_thread] usb2_status=1, usb3_status=1
06-17 20:58:12.185 W/[  952.227552@1]  RTW(    0): Turbo EDCA =0xa42b
06-17 20:58:13.017 I/        (    0): [  953.059363@3]  [bluebank] [usb_dec_thread] usb2_status=1, usb3_status=1
06-17 20:58:14.041 I/        (    0): [  954.083421@3]  [bluebank] [usb_dec_thread] usb2_status=1, usb3_status=1
06-17 20:58:14.201 W/[  954.243791@2]  RTW(    0): Turbo EDCA =0x5ea42b
06-17 20:58:15.065 I/        (    0): [  955.107367@3]  [bluebank] [usb_dec_thread] usb2_status=1, usb3_status=1
06-17 20:58:15.609 W/[  955.652163@2]  RTW(    0): fill_default_txdesc(wlan0): SP Packet(0x0806) rate=0x4 SeqNum = 691
06-17 20:58:16.089 I/        (    0): [  956.131365@0]  [bluebank] [usb_dec_thread] usb2_status=1, usb3_status=1
06-17 20:58:17.113 I/        (    0): [  957.155395@0]  [bluebank] [usb_dec_thread] usb2_status=1, usb3_status=1
06-17 20:58:18.137 I/        (    0): [  958.179364@0]  [bluebank] [usb_dec_thread] usb2_status=1, usb3_status=1
06-17 20:58:18.233 W/[  958.275543@3]  RTW(    0): Turbo EDCA =0xa42b
06-17 20:58:19.161 I/        (    0): [  959.203386@0]  [bluebank] [usb_dec_thread] usb2_status=1, usb3_status=1
06-17 20:58:20.185 I/        (    0): [  960.227392@0]  [bluebank] [usb_dec_thread] usb2_status=1, usb3_status=1
06-17 20:58:20.229 D/AutofillManagerService(  502): onBackKeyPressed()
06-17 20:58:20.250 W/[  960.292628@2]  RTW(    0): Turbo EDCA =0x5ea42b
06-17 20:58:20.274 I/[  960.310499@3]  [amlv4l](    0): [23]: reset mode: 1, es frames buffering: 61
06-17 20:58:20.274 D/[  960.310592@3]  [h265](    0): [0]h265:pts_unstable=0
06-17 20:58:20.274 D/[  960.310599@3]  [h265](    0): [0]h265: ver (201602101,0) decinfo: 0x0 rate=4000
06-17 20:58:20.278 I/[  960.322892@2]  [amlv4l](    0): [23]: reset mode: 1, es frames buffering: 0
06-17 20:58:20.278 D/[  960.322966@2]  [h265](    0): [0]h265:pts_unstable=0
06-17 20:58:20.278 D/[  960.322972@2]  [h265](    0): [0]h265: ver (201602101,0) decinfo: 0x0 rate=4000
06-17 20:58:20.309 I/[  960.351405@3]  dim(    0): unreg:2keep[0], msk:[0x0,0x0]
06-17 20:58:20.317 I/[  960.361504@3]  vpu(    0): vpu: vpu_dev_clk_gate_off: unsupport vpu mod: 72
06-17 20:58:20.321 I/[  960.364019@2]  dim(    0): unreg:use[28]ms
06-17 20:58:20.322 I/[  960.364033@2]  dim(    0): di_destroy_instance:ch[2]:end
06-17 20:58:20.322 I/[  960.364616@2]  dim(    0): reg:use[0]ms
06-17 20:58:20.322 I/[  960.364628@2]  dim(    0): create:ch[2],tmode[3]
06-17 20:58:20.322 I/[  960.364632@2]  dim(    0): out:0x80000000
06-17 20:58:20.335 I/[  960.375429@0]  [amlv4l](    0): [23]: reset mode: 1, es frames buffering: 0
06-17 20:58:20.335 D/[  960.375508@0]  [h265](    0): [0]h265:pts_unstable=0
06-17 20:58:20.335 D/[  960.375514@0]  [h265](    0): [0]h265: ver (201602101,0) decinfo: 0x0 rate=4000
06-17 20:58:20.353 I/[  960.391472@2]  [amlv4l](    0): [23]: reset mode: 1, es frames buffering: 0
06-17 20:58:20.353 D/[  960.391546@2]  [h265](    0): [0]h265:pts_unstable=0
06-17 20:58:20.353 D/[  960.391552@2]  [h265](    0): [0]h265: ver (201602101,0) decinfo: 0x0 rate=4000
06-17 20:58:20.361 I/[  960.405004@2]  [amlv4l](    0): [23]: reset mode: 1, es frames buffering: 0
06-17 20:58:20.361 D/[  960.405091@2]  [h265](    0): [0]h265:pts_unstable=0
06-17 20:58:20.362 D/[  960.405097@2]  [h265](    0): [0]h265: ver (201602101,0) decinfo: 0x0 rate=4000
06-17 20:58:20.369 D/[  960.414155@2]  [amlcom](    0): vdec_release instance 00000000fbb68e46, total 1
06-17 20:58:20.369 D/[  960.414325@2]  [media_clock](    0): the clk_hevcf_mux   clock off, ref cnt: 0
06-17 20:58:20.369 D/[  960.414337@2]  [media_clock](    0): the clk_hevcb_mux   clock off, ref cnt: 0
06-17 20:58:20.370 I/[  960.415252@2]  dim(    0): unreg:use[1]ms
06-17 20:58:20.370 I/[  960.415265@2]  dim(    0): di_destroy_instance:ch[2]:end
06-17 20:58:20.373 I/[  960.416653@2]  resman(    0): 44 release [decoder]
06-17 20:58:20.373 I/[  960.416666@2]  resman(    0): 44 release [codec_mm]
06-17 20:58:20.373 E/        (    0): [  960.417845@2]  disalbe fastplay
06-17 20:58:20.487 V/DigitalSignage(  502): Package Name: null
06-17 20:58:20.487 V/DigitalSignage(  502): Left: 0
06-17 20:58:20.487 V/DigitalSignage(  502): Right: 0
06-17 20:58:20.487 V/DigitalSignage(  502): Top: 0
06-17 20:58:20.487 V/DigitalSignage(  502): Bottom: 0
06-17 20:58:20.487 D/DigitalSignage(  502): else - Package Name :: null left : 0 right :: 0 top :: 0 bottom :: 0 dfu-right :: 1920 dfu-bottom :: 1080
06-17 20:58:20.541 I/[  960.585084@1]  vc(    0): [0]vc: set enable index=0, val=0
06-17 20:58:20.542 I/[  960.585114@1]  VID(    0): store VD0 path_id changed 2->-1
06-17 20:58:20.542 I/        (    0): [  960.585119@1]  dev->index =0, val=1
06-17 20:58:20.542 I/[  960.585122@1]  VID(    0): VD1 off
06-17 20:58:20.542 I/[  960.585128@1]  VID(    0): VD1 set global output as 0
06-17 20:58:20.542 I/        (    0): [  960.585151@1]  common_vf_unreg_provider video_render.0: vd1 used: true, vd2 used: false, vd3 used: false, black_out:0, cur_buf:00000000671c5e32
06-17 20:58:20.701 W/[  960.744414@0]  RTW(    0): fill_default_txdesc(wlan0): SP Packet(0x0806) rate=0x4 SeqNum = 1496
06-17 20:58:21.209 I/        (    0): [  961.251371@0]  [bluebank] [usb_dec_thread] usb2_status=1, usb3_status=1
06-17 20:58:21.813 D/AutofillManagerService(  502): onBackKeyPressed()
06-17 20:58:22.233 I/        (    0): [  962.275368@0]  [bluebank] [usb_dec_thread] usb2_status=1, usb3_status=1
06-17 20:58:23.038 V/DigitalSignage(  502): Package Name: null
06-17 20:58:23.039 V/DigitalSignage(  502): Left: 0
06-17 20:58:23.039 V/DigitalSignage(  502): Right: 0
06-17 20:58:23.039 V/DigitalSignage(  502): Top: 0
06-17 20:58:23.039 V/DigitalSignage(  502): Bottom: 0
06-17 20:58:23.039 D/DigitalSignage(  502): else - Package Name :: null left : 0 right :: 0 top :: 0 bottom :: 0 dfu-right :: 1920 dfu-bottom :: 1080
06-17 20:58:23.040 V/DigitalSignage(  502): Package Name: null
06-17 20:58:23.040 V/DigitalSignage(  502): Left: 0
06-17 20:58:23.040 V/DigitalSignage(  502): Right: 0
06-17 20:58:23.040 V/DigitalSignage(  502): Top: 0
06-17 20:58:23.040 V/DigitalSignage(  502): Bottom: 0
06-17 20:58:23.040 D/DigitalSignage(  502): else - Package Name :: null left : 0 right :: 0 top :: 0 bottom :: 0 dfu-right :: 1920 dfu-bottom :: 1080
06-17 20:58:23.042 V/DigitalSignage(  502): Package Name: null
06-17 20:58:23.042 V/DigitalSignage(  502): Left: 0
06-17 20:58:23.042 V/DigitalSignage(  502): Right: 0
06-17 20:58:23.042 V/DigitalSignage(  502): Top: 0
06-17 20:58:23.042 V/DigitalSignage(  502): Bottom: 0
06-17 20:58:23.042 D/DigitalSignage(  502): else - Package Name :: null left : 0 right :: 0 top :: 0 bottom :: 0 dfu-right :: 1920 dfu-bottom :: 1080
06-17 20:58:23.043 V/DigitalSignage(  502): Package Name: null
06-17 20:58:23.043 V/DigitalSignage(  502): Left: 0
06-17 20:58:23.043 V/DigitalSignage(  502): Right: 0
06-17 20:58:23.043 V/DigitalSignage(  502): Top: 0
06-17 20:58:23.043 V/DigitalSignage(  502): Bottom: 0
06-17 20:58:23.043 D/DigitalSignage(  502): else - Package Name :: null left : 0 right :: 0 top :: 0 bottom :: 0 dfu-right :: 1920 dfu-bottom :: 1080
06-17 20:58:23.058 V/DigitalSignage(  502): Package Name: null
06-17 20:58:23.058 V/DigitalSignage(  502): Left: 0
06-17 20:58:23.058 V/DigitalSignage(  502): Right: 0
06-17 20:58:23.058 V/DigitalSignage(  502): Top: 0
06-17 20:58:23.058 V/DigitalSignage(  502): Bottom: 0
06-17 20:58:23.058 D/DigitalSignage(  502): else - Package Name :: null left : 0 right :: 0 top :: 0 bottom :: 0 dfu-right :: 1920 dfu-bottom :: 1080
06-17 20:58:23.059 V/DigitalSignage(  502): Package Name: null
06-17 20:58:23.059 V/DigitalSignage(  502): Left: 0
06-17 20:58:23.059 V/DigitalSignage(  502): Right: 0
06-17 20:58:23.059 V/DigitalSignage(  502): Top: 0
06-17 20:58:23.059 V/DigitalSignage(  502): Bottom: 0
06-17 20:58:23.059 D/DigitalSignage(  502): else - Package Name :: null left : 0 right :: 0 top :: 0 bottom :: 0 dfu-right :: 1920 dfu-bottom :: 1080
06-17 20:58:23.060 V/DigitalSignage(  502): Package Name: null
06-17 20:58:23.061 V/DigitalSignage(  502): Left: 0
06-17 20:58:23.061 V/DigitalSignage(  502): Right: 0
06-17 20:58:23.061 V/DigitalSignage(  502): Top: 0
06-17 20:58:23.061 V/DigitalSignage(  502): Bottom: 0
06-17 20:58:23.061 D/DigitalSignage(  502): else - Package Name :: null left : 0 right :: 0 top :: 0 bottom :: 0 dfu-right :: 1920 dfu-bottom :: 1080
06-17 20:58:23.061 V/DigitalSignage(  502): Package Name: null
06-17 20:58:23.061 V/DigitalSignage(  502): Left: 0
06-17 20:58:23.061 V/DigitalSignage(  502): Right: 0
06-17 20:58:23.061 V/DigitalSignage(  502): Top: 0
06-17 20:58:23.061 V/DigitalSignage(  502): Bottom: 0
06-17 20:58:23.061 D/DigitalSignage(  502): else - Package Name :: null left : 0 right :: 0 top :: 0 bottom :: 0 dfu-right :: 1920 dfu-bottom :: 1080
06-17 20:58:23.073 V/DigitalSignage(  502): Package Name: null
06-17 20:58:23.073 V/DigitalSignage(  502): Left: 0
06-17 20:58:23.073 V/DigitalSignage(  502): Right: 0
06-17 20:58:23.073 V/DigitalSignage(  502): Top: 0
06-17 20:58:23.073 V/DigitalSignage(  502): Bottom: 0
06-17 20:58:23.073 D/DigitalSignage(  502): else - Package Name :: null left : 0 right :: 0 top :: 0 bottom :: 0 dfu-right :: 1920 dfu-bottom :: 1080
06-17 20:58:23.074 V/DigitalSignage(  502): Package Name: null
06-17 20:58:23.074 V/DigitalSignage(  502): Left: 0
06-17 20:58:23.074 V/DigitalSignage(  502): Right: 0
06-17 20:58:23.074 V/DigitalSignage(  502): Top: 0
06-17 20:58:23.074 V/DigitalSignage(  502): Bottom: 0
06-17 20:58:23.074 D/DigitalSignage(  502): else - Package Name :: null left : 0 right :: 0 top :: 0 bottom :: 0 dfu-right :: 1920 dfu-bottom :: 1080
06-17 20:58:23.128 V/DigitalSignage(  502): Package Name: null
06-17 20:58:23.128 V/DigitalSignage(  502): Left: 0
06-17 20:58:23.128 V/DigitalSignage(  502): Right: 0
06-17 20:58:23.128 V/DigitalSignage(  502): Top: 0
06-17 20:58:23.128 V/DigitalSignage(  502): Bottom: 0
06-17 20:58:23.128 D/DigitalSignage(  502): else - Package Name :: null left : 0 right :: 0 top :: 0 bottom :: 0 dfu-right :: 1920 dfu-bottom :: 1080
06-17 20:58:23.128 V/DigitalSignage(  502): Package Name: null
06-17 20:58:23.128 V/DigitalSignage(  502): Left: 0
06-17 20:58:23.128 V/DigitalSignage(  502): Right: 0
06-17 20:58:23.128 V/DigitalSignage(  502): Top: 0
06-17 20:58:23.129 V/DigitalSignage(  502): Bottom: 0
06-17 20:58:23.129 D/DigitalSignage(  502): else - Package Name :: null left : 0 right :: 0 top :: 0 bottom :: 0 dfu-right :: 1920 dfu-bottom :: 1080
06-17 20:58:23.166 V/DigitalSignage(  502): Package Name: null
06-17 20:58:23.166 V/DigitalSignage(  502): Left: 0
06-17 20:58:23.166 V/DigitalSignage(  502): Right: 0
06-17 20:58:23.166 V/DigitalSignage(  502): Top: 0
06-17 20:58:23.166 V/DigitalSignage(  502): Bottom: 0
06-17 20:58:23.167 D/DigitalSignage(  502): else - Package Name :: null left : 0 right :: 0 top :: 0 bottom :: 0 dfu-right :: 1920 dfu-bottom :: 1080
06-17 20:58:23.167 V/DigitalSignage(  502): Package Name: null
06-17 20:58:23.167 V/DigitalSignage(  502): Left: 0
06-17 20:58:23.167 V/DigitalSignage(  502): Right: 0
06-17 20:58:23.167 V/DigitalSignage(  502): Top: 0
06-17 20:58:23.167 V/DigitalSignage(  502): Bottom: 0
06-17 20:58:23.167 D/DigitalSignage(  502): else - Package Name :: null left : 0 right :: 0 top :: 0 bottom :: 0 dfu-right :: 1920 dfu-bottom :: 1080
06-17 20:58:23.167 V/DigitalSignage(  502): Package Name: null
06-17 20:58:23.167 V/DigitalSignage(  502): Left: 0
06-17 20:58:23.167 V/DigitalSignage(  502): Right: 0
06-17 20:58:23.167 V/DigitalSignage(  502): Top: 0
06-17 20:58:23.167 V/DigitalSignage(  502): Bottom: 0
06-17 20:58:23.168 D/DigitalSignage(  502): else - Package Name :: null left : 0 right :: 0 top :: 0 bottom :: 0 dfu-right :: 1920 dfu-bottom :: 1080
06-17 20:58:23.180 V/DigitalSignage(  502): Package Name: null
06-17 20:58:23.180 V/DigitalSignage(  502): Left: 0
06-17 20:58:23.180 V/DigitalSignage(  502): Right: 0
06-17 20:58:23.180 V/DigitalSignage(  502): Top: 0
06-17 20:58:23.180 V/DigitalSignage(  502): Bottom: 0
06-17 20:58:23.180 D/DigitalSignage(  502): else - Package Name :: null left : 0 right :: 0 top :: 0 bottom :: 0 dfu-right :: 1920 dfu-bottom :: 1080
06-17 20:58:23.180 V/DigitalSignage(  502): Package Name: null
06-17 20:58:23.180 V/DigitalSignage(  502): Left: 0
06-17 20:58:23.181 V/DigitalSignage(  502): Right: 0
06-17 20:58:23.181 V/DigitalSignage(  502): Top: 0
06-17 20:58:23.181 V/DigitalSignage(  502): Bottom: 0
06-17 20:58:23.181 D/DigitalSignage(  502): else - Package Name :: null left : 0 right :: 0 top :: 0 bottom :: 0 dfu-right :: 1920 dfu-bottom :: 1080
06-17 20:58:23.181 V/DigitalSignage(  502): Package Name: null
06-17 20:58:23.181 V/DigitalSignage(  502): Left: 0
06-17 20:58:23.181 V/DigitalSignage(  502): Right: 0
06-17 20:58:23.181 V/DigitalSignage(  502): Top: 0
06-17 20:58:23.181 V/DigitalSignage(  502): Bottom: 0
06-17 20:58:23.181 D/DigitalSignage(  502): else - Package Name :: null left : 0 right :: 0 top :: 0 bottom :: 0 dfu-right :: 1920 dfu-bottom :: 1080
06-17 20:58:23.197 V/DigitalSignage(  502): Package Name: null
06-17 20:58:23.197 V/DigitalSignage(  502): Left: 0
06-17 20:58:23.197 V/DigitalSignage(  502): Right: 0
06-17 20:58:23.197 V/DigitalSignage(  502): Top: 0
06-17 20:58:23.197 V/DigitalSignage(  502): Bottom: 0
06-17 20:58:23.198 D/DigitalSignage(  502): else - Package Name :: null left : 0 right :: 0 top :: 0 bottom :: 0 dfu-right :: 1920 dfu-bottom :: 1080
06-17 20:58:23.198 V/DigitalSignage(  502): Package Name: null
06-17 20:58:23.198 V/DigitalSignage(  502): Left: 0
06-17 20:58:23.198 V/DigitalSignage(  502): Right: 0
06-17 20:58:23.198 V/DigitalSignage(  502): Top: 0
06-17 20:58:23.198 V/DigitalSignage(  502): Bottom: 0
06-17 20:58:23.198 D/DigitalSignage(  502): else - Package Name :: null left : 0 right :: 0 top :: 0 bottom :: 0 dfu-right :: 1920 dfu-bottom :: 1080
06-17 20:58:23.198 V/DigitalSignage(  502): Package Name: null
06-17 20:58:23.198 V/DigitalSignage(  502): Left: 0
06-17 20:58:23.198 V/DigitalSignage(  502): Right: 0
06-17 20:58:23.198 V/DigitalSignage(  502): Top: 0
06-17 20:58:23.198 V/DigitalSignage(  502): Bottom: 0
06-17 20:58:23.199 D/DigitalSignage(  502): else - Package Name :: null left : 0 right :: 0 top :: 0 bottom :: 0 dfu-right :: 1920 dfu-bottom :: 1080
06-17 20:58:23.203 V/DigitalSignage(  502): Package Name: null
06-17 20:58:23.203 V/DigitalSignage(  502): Left: 0
06-17 20:58:23.203 V/DigitalSignage(  502): Right: 0
06-17 20:58:23.203 V/DigitalSignage(  502): Top: 0
06-17 20:58:23.203 V/DigitalSignage(  502): Bottom: 0
06-17 20:58:23.203 D/DigitalSignage(  502): else - Package Name :: null left : 0 right :: 0 top :: 0 bottom :: 0 dfu-right :: 1920 dfu-bottom :: 1080
06-17 20:58:23.203 V/DigitalSignage(  502): Package Name: null
06-17 20:58:23.203 V/DigitalSignage(  502): Left: 0
06-17 20:58:23.203 V/DigitalSignage(  502): Right: 0
06-17 20:58:23.203 V/DigitalSignage(  502): Top: 0
06-17 20:58:23.203 V/DigitalSignage(  502): Bottom: 0
06-17 20:58:23.204 D/DigitalSignage(  502): else - Package Name :: null left : 0 right :: 0 top :: 0 bottom :: 0 dfu-right :: 1920 dfu-bottom :: 1080
06-17 20:58:23.204 V/DigitalSignage(  502): Package Name: null
06-17 20:58:23.204 V/DigitalSignage(  502): Left: 0
06-17 20:58:23.204 V/DigitalSignage(  502): Right: 0
06-17 20:58:23.204 V/DigitalSignage(  502): Top: 0
06-17 20:58:23.204 V/DigitalSignage(  502): Bottom: 0
06-17 20:58:23.204 D/DigitalSignage(  502): else - Package Name :: null left : 0 right :: 0 top :: 0 bottom :: 0 dfu-right :: 1920 dfu-bottom :: 1080
06-17 20:58:23.231 W/NotificationHistory(  502): Attempted to add notif for locked/gone/disabled user 0
06-17 20:58:23.237 V/DigitalSignage(  502): Package Name: null
06-17 20:58:23.237 V/DigitalSignage(  502): Left: 0
06-17 20:58:23.237 V/DigitalSignage(  502): Right: 0
06-17 20:58:23.237 V/DigitalSignage(  502): Top: 0
06-17 20:58:23.237 V/DigitalSignage(  502): Bottom: 0
06-17 20:58:23.237 D/DigitalSignage(  502): else - Package Name :: null left : 0 right :: 0 top :: 0 bottom :: 0 dfu-right :: 1920 dfu-bottom :: 1080
06-17 20:58:23.237 V/DigitalSignage(  502): Package Name: null
06-17 20:58:23.237 V/DigitalSignage(  502): Left: 0
06-17 20:58:23.238 V/DigitalSignage(  502): Right: 0
06-17 20:58:23.238 V/DigitalSignage(  502): Top: 0
06-17 20:58:23.238 V/DigitalSignage(  502): Bottom: 0
06-17 20:58:23.238 D/DigitalSignage(  502): else - Package Name :: null left : 0 right :: 0 top :: 0 bottom :: 0 dfu-right :: 1920 dfu-bottom :: 1080
06-17 20:58:23.238 V/DigitalSignage(  502): Package Name: null
06-17 20:58:23.238 V/DigitalSignage(  502): Left: 0
06-17 20:58:23.238 V/DigitalSignage(  502): Right: 0
06-17 20:58:23.238 V/DigitalSignage(  502): Top: 0
06-17 20:58:23.238 V/DigitalSignage(  502): Bottom: 0
06-17 20:58:23.239 D/DigitalSignage(  502): else - Package Name :: null left : 0 right :: 0 top :: 0 bottom :: 0 dfu-right :: 1920 dfu-bottom :: 1080
06-17 20:58:23.255 I/        (    0): [  963.299580@0]  [bluebank] [usb_dec_thread] usb2_status=1, usb3_status=1
06-17 20:58:23.395 W/NotificationHistory(  502): Attempted to add notif for locked/gone/disabled user 0
06-17 20:58:23.929 V/DigitalSignage(  502): Package Name: null
06-17 20:58:23.929 V/DigitalSignage(  502): Left: 0
06-17 20:58:23.929 V/DigitalSignage(  502): Right: 0
06-17 20:58:23.929 V/DigitalSignage(  502): Top: 0
06-17 20:58:23.929 V/DigitalSignage(  502): Bottom: 0
06-17 20:58:23.930 D/DigitalSignage(  502): else - Package Name :: null left : 0 right :: 0 top :: 0 bottom :: 0 dfu-right :: 1920 dfu-bottom :: 1080
06-17 20:58:23.930 V/DigitalSignage(  502): Package Name: null
06-17 20:58:23.930 V/DigitalSignage(  502): Left: 0
06-17 20:58:23.930 V/DigitalSignage(  502): Right: 0
06-17 20:58:23.930 V/DigitalSignage(  502): Top: 0
06-17 20:58:23.930 V/DigitalSignage(  502): Bottom: 0
06-17 20:58:23.930 D/DigitalSignage(  502): else - Package Name :: null left : 0 right :: 0 top :: 0 bottom :: 0 dfu-right :: 1920 dfu-bottom :: 1080
06-17 20:58:23.930 V/DigitalSignage(  502): Package Name: null
06-17 20:58:23.930 V/DigitalSignage(  502): Left: 0
06-17 20:58:23.930 V/DigitalSignage(  502): Right: 0
06-17 20:58:23.930 V/DigitalSignage(  502): Top: 0
06-17 20:58:23.930 V/DigitalSignage(  502): Bottom: 0
06-17 20:58:23.930 D/DigitalSignage(  502): else - Package Name :: null left : 0 right :: 0 top :: 0 bottom :: 0 dfu-right :: 1920 dfu-bottom :: 1080
06-17 20:58:24.093 V/DigitalSignage(  502): Package Name: null
06-17 20:58:24.093 V/DigitalSignage(  502): Left: 0
06-17 20:58:24.093 V/DigitalSignage(  502): Right: 0
06-17 20:58:24.093 V/DigitalSignage(  502): Top: 0
06-17 20:58:24.093 V/DigitalSignage(  502): Bottom: 0
06-17 20:58:24.093 D/DigitalSignage(  502): else - Package Name :: null left : 0 right :: 0 top :: 0 bottom :: 0 dfu-right :: 1920 dfu-bottom :: 1080
06-17 20:58:24.093 V/DigitalSignage(  502): Package Name: null
06-17 20:58:24.093 V/DigitalSignage(  502): Left: 0
06-17 20:58:24.093 V/DigitalSignage(  502): Right: 0
06-17 20:58:24.093 V/DigitalSignage(  502): Top: 0
06-17 20:58:24.093 V/DigitalSignage(  502): Bottom: 0
06-17 20:58:24.094 D/DigitalSignage(  502): else - Package Name :: null left : 0 right :: 0 top :: 0 bottom :: 0 dfu-right :: 1920 dfu-bottom :: 1080
06-17 20:58:24.107 V/DigitalSignage(  502): Package Name: null
06-17 20:58:24.108 V/DigitalSignage(  502): Left: 0
06-17 20:58:24.108 V/DigitalSignage(  502): Right: 0
06-17 20:58:24.108 V/DigitalSignage(  502): Top: 0
06-17 20:58:24.108 V/DigitalSignage(  502): Bottom: 0
06-17 20:58:24.108 D/DigitalSignage(  502): else - Package Name :: null left : 0 right :: 0 top :: 0 bottom :: 0 dfu-right :: 1920 dfu-bottom :: 1080
06-17 20:58:24.108 V/DigitalSignage(  502): Package Name: null
06-17 20:58:24.108 V/DigitalSignage(  502): Left: 0
06-17 20:58:24.108 V/DigitalSignage(  502): Right: 0
06-17 20:58:24.108 V/DigitalSignage(  502): Top: 0
06-17 20:58:24.108 V/DigitalSignage(  502): Bottom: 0
06-17 20:58:24.108 D/DigitalSignage(  502): else - Package Name :: null left : 0 right :: 0 top :: 0 bottom :: 0 dfu-right :: 1920 dfu-bottom :: 1080
06-17 20:58:24.281 I/        (    0): [  964.323381@3]  [bluebank] [usb_dec_thread] usb2_status=1, usb3_status=1
06-17 20:58:24.658 V/DigitalSignage(  502): Package Name: null
06-17 20:58:24.658 V/DigitalSignage(  502): Left: 0
06-17 20:58:24.658 V/DigitalSignage(  502): Right: 0
06-17 20:58:24.658 V/DigitalSignage(  502): Top: 0
06-17 20:58:24.658 V/DigitalSignage(  502): Bottom: 0
06-17 20:58:24.659 D/DigitalSignage(  502): else - Package Name :: null left : 0 right :: 0 top :: 0 bottom :: 0 dfu-right :: 1920 dfu-bottom :: 1080
06-17 20:58:24.659 V/DigitalSignage(  502): Package Name: null
06-17 20:58:24.659 V/DigitalSignage(  502): Left: 0
06-17 20:58:24.659 V/DigitalSignage(  502): Right: 0
06-17 20:58:24.659 V/DigitalSignage(  502): Top: 0
06-17 20:58:24.659 V/DigitalSignage(  502): Bottom: 0
06-17 20:58:24.659 D/DigitalSignage(  502): else - Package Name :: null left : 0 right :: 0 top :: 0 bottom :: 0 dfu-right :: 1920 dfu-bottom :: 1080
06-17 20:58:24.915 V/DigitalSignage(  502): Package Name: null
06-17 20:58:24.916 V/DigitalSignage(  502): Left: 0
06-17 20:58:24.916 V/DigitalSignage(  502): Right: 0
06-17 20:58:24.916 V/DigitalSignage(  502): Top: 0
06-17 20:58:24.916 V/DigitalSignage(  502): Bottom: 0
06-17 20:58:24.916 D/DigitalSignage(  502): else - Package Name :: null left : 0 right :: 0 top :: 0 bottom :: 0 dfu-right :: 1920 dfu-bottom :: 1080
06-17 20:58:24.916 V/DigitalSignage(  502): Package Name: null
06-17 20:58:24.916 V/DigitalSignage(  502): Left: 0
06-17 20:58:24.916 V/DigitalSignage(  502): Right: 0
06-17 20:58:24.916 V/DigitalSignage(  502): Top: 0
06-17 20:58:24.916 V/DigitalSignage(  502): Bottom: 0
06-17 20:58:24.916 D/DigitalSignage(  502): else - Package Name :: null left : 0 right :: 0 top :: 0 bottom :: 0 dfu-right :: 1920 dfu-bottom :: 1080
06-17 20:58:25.305 I/        (    0): [  965.347370@3]  [bluebank] [usb_dec_thread] usb2_status=1, usb3_status=1
06-17 20:58:25.570 D/AutofillManagerService(  502): onBackKeyPressed()
06-17 20:58:25.579 V/DigitalSignage(  502): Package Name: null
06-17 20:58:25.579 V/DigitalSignage(  502): Left: 0
06-17 20:58:25.579 V/DigitalSignage(  502): Right: 0
06-17 20:58:25.579 V/DigitalSignage(  502): Top: 0
06-17 20:58:25.579 V/DigitalSignage(  502): Bottom: 0
06-17 20:58:25.580 D/DigitalSignage(  502): else - Package Name :: null left : 0 right :: 0 top :: 0 bottom :: 0 dfu-right :: 1920 dfu-bottom :: 1080
06-17 20:58:25.580 V/DigitalSignage(  502): Package Name: null
06-17 20:58:25.580 V/DigitalSignage(  502): Left: 0
06-17 20:58:25.580 V/DigitalSignage(  502): Right: 0
06-17 20:58:25.580 V/DigitalSignage(  502): Top: 0
06-17 20:58:25.580 V/DigitalSignage(  502): Bottom: 0
06-17 20:58:25.580 D/DigitalSignage(  502): else - Package Name :: null left : 0 right :: 0 top :: 0 bottom :: 0 dfu-right :: 1920 dfu-bottom :: 1080
06-17 20:58:25.593 V/DigitalSignage(  502): Package Name: null
06-17 20:58:25.593 V/DigitalSignage(  502): Left: 0
06-17 20:58:25.593 V/DigitalSignage(  502): Right: 0
06-17 20:58:25.593 V/DigitalSignage(  502): Top: 0
06-17 20:58:25.593 V/DigitalSignage(  502): Bottom: 0
06-17 20:58:25.594 D/DigitalSignage(  502): else - Package Name :: null left : 0 right :: 0 top :: 0 bottom :: 0 dfu-right :: 1920 dfu-bottom :: 1080
06-17 20:58:25.594 V/DigitalSignage(  502): Package Name: null
06-17 20:58:25.594 V/DigitalSignage(  502): Left: 0
06-17 20:58:25.594 V/DigitalSignage(  502): Right: 0
06-17 20:58:25.594 V/DigitalSignage(  502): Top: 0
06-17 20:58:25.594 V/DigitalSignage(  502): Bottom: 0
06-17 20:58:25.594 D/DigitalSignage(  502): else - Package Name :: null left : 0 right :: 0 top :: 0 bottom :: 0 dfu-right :: 1920 dfu-bottom :: 1080
06-17 20:58:25.600 V/DigitalSignage(  502): Package Name: null
06-17 20:58:25.600 V/DigitalSignage(  502): Left: 0
06-17 20:58:25.600 V/DigitalSignage(  502): Right: 0
06-17 20:58:25.600 V/DigitalSignage(  502): Top: 0
06-17 20:58:25.600 V/DigitalSignage(  502): Bottom: 0
06-17 20:58:25.601 D/DigitalSignage(  502): else - Package Name :: null left : 0 right :: 0 top :: 0 bottom :: 0 dfu-right :: 1920 dfu-bottom :: 1080
06-17 20:58:25.601 V/DigitalSignage(  502): Package Name: null
06-17 20:58:25.601 V/DigitalSignage(  502): Left: 0
06-17 20:58:25.601 V/DigitalSignage(  502): Right: 0
06-17 20:58:25.601 V/DigitalSignage(  502): Top: 0
06-17 20:58:25.601 V/DigitalSignage(  502): Bottom: 0
06-17 20:58:25.601 D/DigitalSignage(  502): else - Package Name :: null left : 0 right :: 0 top :: 0 bottom :: 0 dfu-right :: 1920 dfu-bottom :: 1080
06-17 20:58:25.765 W/[  965.809028@3]  RTW(    0): fill_default_txdesc(wlan0): SP Packet(0x0806) rate=0x4 SeqNum = 2748
06-17 20:58:25.812 V/DigitalSignage(  502): Package Name: null
06-17 20:58:25.812 V/DigitalSignage(  502): Left: 0
06-17 20:58:25.812 V/DigitalSignage(  502): Right: 0
06-17 20:58:25.812 V/DigitalSignage(  502): Top: 0
06-17 20:58:25.812 V/DigitalSignage(  502): Bottom: 0
06-17 20:58:25.812 D/DigitalSignage(  502): else - Package Name :: null left : 0 right :: 0 top :: 0 bottom :: 0 dfu-right :: 1920 dfu-bottom :: 1080
06-17 20:58:25.981 W/[  966.023668@0]  audit(    0): audit_lost=1084 audit_rate_limit=5 audit_backlog_limit=64
06-17 20:58:25.981 E/[  966.023676@0]  audit(    0): rate limit exceeded
06-17 20:58:26.329 I/        (    0): [  966.371369@3]  [bluebank] [usb_dec_thread] usb2_status=1, usb3_status=1
06-17 20:58:27.029 W/[  967.074119@0]  audit(    0): audit_lost=1212 audit_rate_limit=5 audit_backlog_limit=64
06-17 20:58:27.029 E/[  967.074129@0]  audit(    0): rate limit exceeded
06-17 20:58:27.352 I/        (    0): [  967.395371@0]  [bluebank] [usb_dec_thread] usb2_status=1, usb3_status=1
06-17 20:58:27.671 V/DigitalSignage(  502): Package Name: null
06-17 20:58:27.671 V/DigitalSignage(  502): Left: 0
06-17 20:58:27.671 V/DigitalSignage(  502): Right: 0
06-17 20:58:27.671 V/DigitalSignage(  502): Top: 0
06-17 20:58:27.671 V/DigitalSignage(  502): Bottom: 0
06-17 20:58:27.671 D/DigitalSignage(  502): else - Package Name :: null left : 0 right :: 0 top :: 0 bottom :: 0 dfu-right :: 1920 dfu-bottom :: 1080
06-17 20:58:27.748 V/DigitalSignage(  502): Package Name: null
06-17 20:58:27.748 V/DigitalSignage(  502): Left: 0
06-17 20:58:27.748 V/DigitalSignage(  502): Right: 0
06-17 20:58:27.748 V/DigitalSignage(  502): Top: 0
06-17 20:58:27.748 V/DigitalSignage(  502): Bottom: 0
06-17 20:58:27.748 D/DigitalSignage(  502): else - Package Name :: null left : 0 right :: 0 top :: 0 bottom :: 0 dfu-right :: 1920 dfu-bottom :: 1080
06-17 20:58:27.789 V/DigitalSignage(  502): Package Name: null
06-17 20:58:27.789 V/DigitalSignage(  502): Left: 0
06-17 20:58:27.789 V/DigitalSignage(  502): Right: 0
