06-17 21:43:17.315 D/rtk_heartbeat(  373): rtkbt_heartbeat_cmpl_cback: Current SeqNum = 3621,should SeqNum=3621, status = 0
06-17 21:43:17.401 I/        (    0): [ 3657.443380@2]  [bluebank] [usb_dec_thread] usb2_status=1, usb3_status=1
06-17 21:43:17.670 D/com.jiohome.bleserveradv.service.BluetoothController( 2998): scheduleAdvertising true
06-17 21:43:17.673 D/com.jiohome.bleserveradv.service.BluetoothController( 2998): devices in GattServer size [54:A9:C8:6F:93:DC]false
06-17 21:43:17.677 D/com.jiohome.bleserveradv.service.BluetoothController( 2998): stop Advertise
06-17 21:43:17.778 D/com.jiohome.bleserveradv.service.BluetoothController( 2998): start Advertise
06-17 21:43:17.779 D/BluetoothAdapter( 2998): isLeEnabled(): ON
06-17 21:43:17.779 E/ocessService0:( 2361): failed to create Unix domain socket: Operation not permitted
06-17 21:43:17.782 D/BluetoothAdapter( 2998): isLeEnabled(): ON
06-17 21:43:17.786 D/BluetoothAdapterService(  769): getAdapterService() - returning com.android.bluetooth.btservice.AdapterService@b7b203e
06-17 21:43:17.801 D/com.jiohome.bleserveradv.service.BluetoothController( 2998): Restart  onStartSuccess
06-17 21:43:17.803 D/CommonClientNotiCbUtilsImpl( 1610): Not Received Valid Info
06-17 21:43:18.219 I/e.swalekh.abct( 1302): oneway function results will be dropped but finished with status OK and parcel size 4
06-17 21:43:18.229 I/chatty  ( 3507): uid=1000(system) RxComputationTh expire 12 lines
06-17 21:43:18.314 D/rtk_heartbeat(  373): heartbeat_timed_out: heartbeatCmdCount = 3622, expected nextSeqNum = 3622
06-17 21:43:18.316 D/rtk_heartbeat(  373): rtkbt_heartbeat_cmpl_cback: Current SeqNum = 3622,should SeqNum=3622, status = 0
06-17 21:43:18.425 I/        (    0): [ 3658.468005@2]  [bluebank] [usb_dec_thread] usb2_status=1, usb3_status=1
06-17 21:43:19.150 I/ThermalService(  992): CPU temperatures: [55.9]
06-17 21:43:19.159 I/chatty  ( 1416): uid=1000(system) Binder:1416_6 expire 15 lines
06-17 21:43:19.293 I/JioBackgroundSchedulerService( 2843): Check schedule  
06-17 21:43:19.315 D/rtk_heartbeat(  373): heartbeat_timed_out: heartbeatCmdCount = 3623, expected nextSeqNum = 3623
06-17 21:43:19.316 D/rtk_heartbeat(  373): rtkbt_heartbeat_cmpl_cback: Current SeqNum = 3623,should SeqNum=3623, status = 0
06-17 21:43:19.449 I/        (    0): [ 3659.491374@3]  [bluebank] [usb_dec_thread] usb2_status=1, usb3_status=1
06-17 21:43:19.779 E/ocessService0:( 2361): failed to create Unix domain socket: Operation not permitted
06-17 21:43:20.294 I/chatty  ( 1759): uid=10021(com.iwedia.ui.rjio.launcher.reliance) Binder:1759_1 expire 1 line
06-17 21:43:20.297 I/e.swalekh.abct( 1302): oneway function results will be dropped but finished with status OK and parcel size 4
06-17 21:43:20.315 D/rtk_heartbeat(  373): heartbeat_timed_out: heartbeatCmdCount = 3624, expected nextSeqNum = 3624
06-17 21:43:20.316 D/rtk_heartbeat(  373): rtkbt_heartbeat_cmpl_cback: Current SeqNum = 3624,should SeqNum=3624, status = 0
06-17 21:43:20.325 I/chatty  ( 1759): uid=10021(com.iwedia.ui.rjio.launcher.reliance) expire 106 lines
06-17 21:43:20.473 I/        (    0): [ 3660.515392@2]  [bluebank] [usb_dec_thread] usb2_status=1, usb3_status=1
06-17 21:43:21.121 W/[ 3661.165164@2]  RTW(    0): fill_default_txdesc(wlan0): SP Packet(0x0806) rate=0x4 SeqNum = 3755
06-17 21:43:21.166 I/ThermalService(  992): CPU temperatures: [55.800003]
06-17 21:43:21.315 D/rtk_heartbeat(  373): heartbeat_timed_out: heartbeatCmdCount = 3625, expected nextSeqNum = 3625
06-17 21:43:21.316 D/rtk_heartbeat(  373): rtkbt_heartbeat_cmpl_cback: Current SeqNum = 3625,should SeqNum=3625, status = 0
06-17 21:43:21.497 I/        (    0): [ 3661.539397@2]  [bluebank] [usb_dec_thread] usb2_status=1, usb3_status=1
06-17 21:43:21.780 E/ocessService0:( 2361): failed to create Unix domain socket: Operation not permitted
06-17 21:43:22.120 I/PowerManagerService(  502): Nap time (uid 1000)...
06-17 21:43:22.122 I/PowerManagerService(  502): force-suspend persist.sys.power.key.action,mPowerKeyAction=-1
06-17 21:43:22.122 I/DreamManagerService(  502): Entering dreamland.
06-17 21:43:22.123 I/PowerManagerService(  502): Dreaming...
06-17 21:43:22.128 I/DreamController(  502): Starting dream: name=ComponentInfo{com.jio.screensaver/com.jio.halotv.ui.screensaver.DreamActivity}, isTest=false, canDoze=false, userId=0
06-17 21:43:22.133 D/CompatibilityChangeReporter(  502): Compat change id reported: 135634846; UID 10074; state: DISABLED
06-17 21:43:22.134 D/CompatibilityChangeReporter(  502): Compat change id reported: 143937733; UID 10074; state: ENABLED
06-17 21:43:22.136 D/AutofillManagerService(  502): Close system dialogs
06-17 21:43:22.166 I/ActivityManager(  502): Start proc 16497:com.jio.screensaver/u0a74 for service {com.jio.screensaver/com.jio.halotv.ui.screensaver.DreamActivity}
06-17 21:43:22.244 D/NetworkSecurityConfig(16497): Using Network Security Config from resource network_security_config debugBuild: false
06-17 21:43:22.246 D/NetworkSecurityConfig(16497): Using Network Security Config from resource network_security_config debugBuild: false
06-17 21:43:22.265 W/[ 3662.307464@2]  RTW(    0): fill_default_txdesc(wlan0): SP Packet(0x0806) rate=0x4 SeqNum = 3881
06-17 21:43:22.291 I/FirebaseApp(16497): Device unlocked: initializing all Firebase APIs for app [DEFAULT]
06-17 21:43:22.297 I/FirebaseCrashlytics(16497): Initializing Firebase Crashlytics 18.3.2 for com.jio.screensaver
06-17 21:43:22.316 D/rtk_heartbeat(  373): heartbeat_timed_out: heartbeatCmdCount = 3626, expected nextSeqNum = 3626
06-17 21:43:22.317 D/rtk_heartbeat(  373): rtkbt_heartbeat_cmpl_cback: Current SeqNum = 3626,should SeqNum=3626, status = 0
06-17 21:43:22.337 E/ActivityThread(16497): Failed to find provider info for com.google.android.gms.chimera
06-17 21:43:22.339 W/DynamiteModule(16497): Failed to retrieve remote module version.
06-17 21:43:22.361 W/GooglePlayServicesUtil(16497): Google Play Store is missing.
06-17 21:43:22.362 I/DynamiteModule(16497): Considering local module com.google.android.gms.measurement.dynamite:86 and remote module com.google.android.gms.measurement.dynamite:0
06-17 21:43:22.362 I/DynamiteModule(16497): Selected local version of com.google.android.gms.measurement.dynamite
06-17 21:43:22.365 W/GooglePlayServicesUtil(16497): Google Play Store is missing.
06-17 21:43:22.443 I/e.swalekh.abct( 1302): oneway function results will be dropped but finished with status OK and parcel size 4
06-17 21:43:22.472 I/FirebaseInitProvider(16497): FirebaseApp initialization successful
06-17 21:43:22.476 I/FA      (16497): App measurement initialized, version: 74029
06-17 21:43:22.479 I/FA      (16497): To enable debug logging run: adb shell setprop log.tag.FA VERBOSE
06-17 21:43:22.490 I/FA      (16497): To enable faster debug mode event logging run:
06-17 21:43:22.490 I/FA      (16497):   adb shell setprop debug.firebase.analytics.app com.jio.screensaver
06-17 21:43:22.500 D/WM-WrkMgrInitializer(16497): Initializing WorkManager with default configuration.
06-17 21:43:22.519 I/TetheringManager(16497): registerTetheringEventCallback:com.jio.screensaver
06-17 21:43:22.522 I/        (    0): [ 3662.563418@2]  [bluebank] [usb_dec_thread] usb2_status=1, usb3_status=1
06-17 21:43:22.531 D/AppApplication(16497): onCreate: 
06-17 21:43:22.532 D/AppApplication(16497): adcinit: 
06-17 21:43:22.555 E/ADC     (16497): Initialization done
06-17 21:43:22.591 D/Config  (16497): buildConfig: Flavour stbLive_spotid, Board JioSTB
06-17 21:43:22.599 W/GooglePlayServicesUtil(16497): Google Play Store is missing.
06-17 21:43:22.599 W/FA      (16497): Service invalid
06-17 21:43:22.628 D/AppApplication(16497): onCreate: HaloTvSdk.init
06-17 21:43:22.728 I/ActivityTaskManager(  502): START u0 {flg=0x10000000 pkg=com.jio.screensaver cmp=com.jio.screensaver/android.service.dreams.DreamActivity (has extras)} from uid 10074
06-17 21:43:22.764 V/DigitalSignage(  502): Package Name: null
06-17 21:43:22.764 V/DigitalSignage(  502): Left: 0
06-17 21:43:22.764 V/DigitalSignage(  502): Right: 0
06-17 21:43:22.764 V/DigitalSignage(  502): Top: 0
06-17 21:43:22.764 V/DigitalSignage(  502): Bottom: 0
06-17 21:43:22.764 D/DigitalSignage(  502): else - Package Name :: null left : 0 right :: 0 top :: 0 bottom :: 0 dfu-right :: 1920 dfu-bottom :: 1080
06-17 21:43:22.838 D/ActivityTaskManager(  502): JioHomeManagerService :: ActivityRecord :: setState :: StateFrom :: INITIALIZING StateTo :: RESUMED 
06-17 21:43:22.848 D/NetflixService(  992): onForegroundActivitiesChanged pid:16497,uid:10074,fg:true
06-17 21:43:22.849 D/ActivityManager(  502): JioHomeManagerService :: StateFrom :: INITIALIZING StateTo :: RESUMED Activity :: com.jio.screensaver/android.service.dreams.DreamActivity Action :: com.jio.remote.action.applaunch
06-17 21:43:22.853 E/ACTION_APP_LAUNCH before( 2998): com.iwedia.ui.rjio.launcher.reliance/com.iwedia.ui.rjio.launcher.ui.intro.IntroActivity
06-17 21:43:22.853 E/ACTION_APP_LAUNCH after( 2998): com.jio.screensaver/android.service.dreams.DreamActivity
06-17 21:43:22.853 D/com.jiohome.stb.common.MessageManager( 2998): Game Change Package=com.jio.screensaver/android.service.dreams.DreamActivity
06-17 21:43:22.853 E/TAG     ( 2998): Event Sent
06-17 21:43:22.858 D/NetflixService(  992): processName:com.netflix.ninja,importance:400
06-17 21:43:22.941 I/DrmUtils(16497): found android.hardware.drm@1.0::IDrmFactory clearkey
06-17 21:43:22.944 I/DrmUtils(16497): found android.hardware.drm@1.0::IDrmFactory verimatrix
06-17 21:43:22.945 I/DrmUtils(16497): found android.hardware.drm@1.0::IDrmFactory widevine
06-17 21:43:22.946 I/DrmUtils(16497): found android.hardware.drm@1.0::IDrmFactory youtube
06-17 21:43:22.949 I/DrmUtils(16497): found android.hardware.drm@1.1::IDrmFactory clearkey
06-17 21:43:22.951 I/DrmUtils(16497): found android.hardware.drm@1.1::IDrmFactory verimatrix
06-17 21:43:22.953 I/DrmUtils(16497): found android.hardware.drm@1.1::IDrmFactory widevine
06-17 21:43:22.954 I/DrmUtils(16497): found android.hardware.drm@1.1::IDrmFactory youtube
06-17 21:43:22.959 I/DrmUtils(16497): found android.hardware.drm@1.2::IDrmFactory clearkey
06-17 21:43:22.961 I/DrmUtils(16497): found android.hardware.drm@1.2::IDrmFactory verimatrix
06-17 21:43:22.962 I/DrmUtils(16497): found android.hardware.drm@1.2::IDrmFactory widevine
06-17 21:43:22.964 I/DrmUtils(16497): found android.hardware.drm@1.2::IDrmFactory youtube
06-17 21:43:22.966 W/FA      (16497): Callable skipped the worker queue.
06-17 21:43:22.967 I/DrmUtils(16497): found android.hardware.drm@1.3::IDrmFactory clearkey
06-17 21:43:22.968 I/DrmUtils(16497): found android.hardware.drm@1.3::IDrmFactory verimatrix
06-17 21:43:22.969 I/DrmUtils(16497): found android.hardware.drm@1.3::IDrmFactory widevine
06-17 21:43:22.971 I/DrmUtils(16497): found android.hardware.drm@1.3::IDrmFactory youtube
06-17 21:43:22.972 W/android.hardware.drm@1.3-service.youtube(  379): isCryptoSchemeSupported, false
06-17 21:43:22.973 I/WVCdm   (  378): [app][com.jio.screensaver] calling virtual Return<void> wvdrm::hardware::drm::V1_3::widevine::WVDrmFactory::createPlugin(const hidl_array<uint8_t, 16> &, const android::hardware::hidl_string &, android::hardware::drm::V1_3::IDrmFactory::createPlugin_cb)
06-17 21:43:22.973 D/WVCdm   (  378): Instantiating CDM.
06-17 21:43:22.978 I/WVCdm   (  378): [cdm_engine.cpp(517):QueryStatus] Querying status
06-17 21:43:22.978 I/WVCdm   (  378): [oemcrypto_adapter_dynamic.cpp(696):Initialize] Level 3 Build Info (v15): OEMCrypto Level3 Code 8158 May  8 2019 12:01:38
06-17 21:43:22.981 I/WVCdm   (  378): [(0):] Level3 Library 8158 May  8 2019 12:01:38
06-17 21:43:23.004 I/WVCdm   (  378): [oemcrypto_adapter_dynamic.cpp(710):Initialize] L3 Initialized. Trying L1.
06-17 21:43:23.006 I/FA      (16497): Tag Manager is not found and thus will not be used
06-17 21:43:23.014 E/[ 3663.059075@0]  selinux(    0): SELinux: Could not get canonical path for /sys/kernel/dmabuf/buffers/513081/attachments restorecon: No such file or directory.
06-17 21:43:23.014 E/[ 3663.059092@0]  selinux(    0):  
06-17 21:43:23.014 E/[ 3663.059133@0]  ueventd(    0): selinux_android_restorecon(/sys/kernel/dmabuf/buffers/513081/attachments) failed: No such file or directory
06-17 21:43:23.018 E/[ 3663.061033@1]  selinux(    0): SELinux: Could not get canonical path for /sys/kernel/dmabuf/buffers/513083/attachments restorecon: No such file or directory.
06-17 21:43:23.018 E/[ 3663.061050@1]  selinux(    0):  
06-17 21:43:23.018 E/[ 3663.061093@1]  ueventd(    0): selinux_android_restorecon(/sys/kernel/dmabuf/buffers/513083/attachments) failed: No such file or directory
06-17 21:43:23.006 E/oemcrypto_tz(  378): [init_tee:223] 

06-17 21:43:23.006 E/oemcrypto_tz(  378): MM-module-name:Widevine liboemcrypto,Version:16.3-r62-gf8a81be(build:9430)

06-17 21:43:23.007 I/oemcrypto_tz(  378): [OEMCrypto_AllocParamShm:167] OEMCrypto_AllocParamShm OK
06-17 21:43:23.007 W/GooglePlayServicesUtil(16497): Google Play services is missing.
06-17 21:43:23.029 E/[ 3663.072633@1]  selinux(    0): SELinux:  Could not stat /sys/kernel/dmabuf/buffers/513089/attachments: No such file or directory.
06-17 21:43:23.029 E/[ 3663.072652@1]  selinux(    0):  
06-17 21:43:23.036 D/WVCdm   (  378): [oemcrypto_adapter_dynamic.cpp(729):Initialize] OEMCrypto_Initialize Level 1 success. I will use level 1.
06-17 21:43:23.036 I/WVCdm   (  378): [oemcrypto_adapter_dynamic.cpp(732):Initialize] Level 1 Build Info (v16): OEMCrypto Ref Code Jan 12 2023 11:05:57
06-17 21:43:23.037 D/WVCdm   (  378): [crypto_session.cpp(313):Init] OEMCrypto version (default security level): 16.3
06-17 21:43:23.037 D/WVCdm   (  378): [crypto_session.cpp(322):Init] OEMCrypto version (L3 security level): 15.0
06-17 21:43:23.037 D/WVCdm   (  378): [crypto_session.cpp(714):Open] Opening crypto session: requested_security_level = Default
06-17 21:43:23.038 I/WVCdm   (  378): [usage_table_header.cpp(159):Init] Initializing usage table header: security_level = 1
06-17 21:43:23.038 D/WVCdm   (  378): [usage_table_header.cpp(197):Init] Usage table capacity: 3000, security_level = 1
06-17 21:43:23.039 I/WVCdm   (  378): [usage_table_header.cpp(212):Init] Number of usage entries: 0
06-17 21:43:23.055 E/WVCdm   (  378): [wv_content_decryption_module.cpp(389):GetMetrics] Cdm Identifier not found
06-17 21:43:23.057 V/halotv_sdk_DreamScreen(16497): UUID :: C743FDA09B5DE1D19154B6D8A45AD874953B6DEFF3C546332DAFECA7E21DB51C
06-17 21:43:23.058 E/halotv_sdk_DreamScreen(16497): Name not found exception com.jio.halotv
06-17 21:43:23.059 E/WVCdm   (  378): [wv_content_decryption_module.cpp(449):CloseCdm] Cdm Identifier not found
06-17 21:43:23.059 E/WVCdm   (  378): Failed to close cdm. status 12
06-17 21:43:23.065 V/halotv_sdk_ContentController(16497): navigateFromDS: false 
06-17 21:43:23.085 I/WVCdm   (  378): [(0):] L3 Terminate.
06-17 21:43:23.121 E/[ 3663.164763@1]  selinux(    0): SELinux: Could not get canonical path for /sys/kernel/dmabuf/buffers/512366/attachments restorecon: No such file or directory.
06-17 21:43:23.121 E/[ 3663.164788@1]  selinux(    0):  
06-17 21:43:23.114 E/ThemeUtils(16497): View class androidx.appcompat.widget.AppCompatImageView is an AppCompat widget that can only be used with a Theme.AppCompat theme (or descendant).
06-17 21:43:23.119 E/ThemeUtils(16497): View class androidx.appcompat.widget.AppCompatImageView is an AppCompat widget that can only be used with a Theme.AppCompat theme (or descendant).
06-17 21:43:23.134 I/oemcrypto_tz(  378): [OEMCrypto_FreeShm:198] OEMCrypto_FreeShm
06-17 21:43:23.142 E/ThemeUtils(16497): View class com.jio.halotv.ui.view.CustomFullScreenImageView is an AppCompat widget that can only be used with a Theme.AppCompat theme (or descendant).
06-17 21:43:23.143 E/ThemeUtils(16497): View class androidx.appcompat.widget.AppCompatImageView is an AppCompat widget that can only be used with a Theme.AppCompat theme (or descendant).
06-17 21:43:23.149 I/chatty  (16497): uid=10074(com.jio.screensaver) identical 2 lines
06-17 21:43:23.152 E/ThemeUtils(16497): View class androidx.appcompat.widget.AppCompatImageView is an AppCompat widget that can only be used with a Theme.AppCompat theme (or descendant).
06-17 21:43:23.182 I/ThermalService(  992): CPU temperatures: [57.000004]
06-17 21:43:23.280 E/ThemeUtils(16497): View class androidx.appcompat.widget.AppCompatImageView is an AppCompat widget that can only be used with a Theme.AppCompat theme (or descendant).
06-17 21:43:23.290 E/ThemeUtils(16497): View class androidx.appcompat.widget.AppCompatImageView is an AppCompat widget that can only be used with a Theme.AppCompat theme (or descendant).
06-17 21:43:23.316 D/rtk_heartbeat(  373): heartbeat_timed_out: heartbeatCmdCount = 3627, expected nextSeqNum = 3627
06-17 21:43:23.318 D/rtk_heartbeat(  373): rtkbt_heartbeat_cmpl_cback: Current SeqNum = 3627,should SeqNum=3627, status = 0
06-17 21:43:23.476 V/DigitalSignage(  502): Package Name: null
06-17 21:43:23.476 V/DigitalSignage(  502): Left: 0
06-17 21:43:23.476 V/DigitalSignage(  502): Right: 0
06-17 21:43:23.476 V/DigitalSignage(  502): Top: 0
06-17 21:43:23.476 V/DigitalSignage(  502): Bottom: 0
06-17 21:43:23.476 D/DigitalSignage(  502): else - Package Name :: null left : 0 right :: 0 top :: 0 bottom :: 0 dfu-right :: 1920 dfu-bottom :: 1080
06-17 21:43:23.493 I/hwservicemanager(  231): getTransport: Cannot find entry android.hardware.configstore@1.0::ISurfaceFlingerConfigs/default in either framework or device manifest.
06-17 21:43:23.545 I/        (    0): [ 3663.587380@2]  [bluebank] [usb_dec_thread] usb2_status=1, usb3_status=1
06-17 21:43:23.614 V/DigitalSignage(  502): Package Name: null
06-17 21:43:23.614 I/Choreographer(16497): Skipped 32 frames!  The application may be doing too much work on its main thread.
06-17 21:43:23.615 V/DigitalSignage(  502): Left: 0
06-17 21:43:23.615 V/DigitalSignage(  502): Right: 0
06-17 21:43:23.615 V/DigitalSignage(  502): Top: 0
06-17 21:43:23.615 V/DigitalSignage(  502): Bottom: 0
06-17 21:43:23.615 D/DigitalSignage(  502): else - Package Name :: null left : 0 right :: 0 top :: 0 bottom :: 0 dfu-right :: 1920 dfu-bottom :: 1080
06-17 21:43:23.629 E/halotv_sdk_ContentController(16497): NC: offline to online getLaunchFrom: true
06-17 21:43:23.630 V/DigitalSignage(  502): Package Name: null
06-17 21:43:23.631 V/DigitalSignage(  502): Left: 0
06-17 21:43:23.631 V/DigitalSignage(  502): Right: 0
06-17 21:43:23.631 V/DigitalSignage(  502): Top: 0
06-17 21:43:23.631 V/DigitalSignage(  502): Bottom: 0
06-17 21:43:23.631 D/DigitalSignage(  502): else - Package Name :: null left : 0 right :: 0 top :: 0 bottom :: 0 dfu-right :: 1920 dfu-bottom :: 1080
06-17 21:43:23.642 V/DisplayPowerController(  502): Brightness [0.39763778] reason changing to: 'manual', previous reason: 'manual [ dim ]'.
06-17 21:43:23.780 E/ocessService0:( 2361): failed to create Unix domain socket: Operation not permitted
06-17 21:43:23.801 I/lowmemorykiller(  229): medium memory pressure event is triggered for new strategy
06-17 21:43:23.802 D/lowmemorykiller(  229): LMKD mp_event_psi kill_reasons available are PRESSURE_AFTER_KILL, NOT_RESPONDING, LOW_SWAP_AND_THRASHING, LOW_MEM_AND_SWAP, LOW_MEM_AND_THRASHING, DIRECT_RECL_AND_THRASHING
06-17 21:43:23.802 D/lowmemorykiller(  229): LMKD mp_event_psi kill_reason received= -1
06-17 21:43:23.902 I/lowmemorykiller(  229): medium memory pressure event is triggered for new strategy
06-17 21:43:23.902 D/lowmemorykiller(  229): LMKD mp_event_psi kill_reasons available are PRESSURE_AFTER_KILL, NOT_RESPONDING, LOW_SWAP_AND_THRASHING, LOW_MEM_AND_SWAP, LOW_MEM_AND_THRASHING, DIRECT_RECL_AND_THRASHING
06-17 21:43:23.903 D/lowmemorykiller(  229): LMKD mp_event_psi kill_reason received= -1
06-17 21:43:24.003 I/lowmemorykiller(  229): medium memory pressure event is triggered for new strategy
06-17 21:43:24.103 I/lowmemorykiller(  229): medium memory pressure event is triggered for new strategy
06-17 21:43:24.203 I/lowmemorykiller(  229): medium memory pressure event is triggered for new strategy
06-17 21:43:24.304 I/lowmemorykiller(  229): medium memory pressure event is triggered for new strategy
06-17 21:43:24.304 D/lowmemorykiller(  229): LMKD mp_event_psi kill_reasons available are PRESSURE_AFTER_KILL, NOT_RESPONDING, LOW_SWAP_AND_THRASHING, LOW_MEM_AND_SWAP, LOW_MEM_AND_THRASHING, DIRECT_RECL_AND_THRASHING
06-17 21:43:24.304 D/lowmemorykiller(  229): LMKD mp_event_psi kill_reason received= -1
06-17 21:43:24.316 D/rtk_heartbeat(  373): heartbeat_timed_out: heartbeatCmdCount = 3628, expected nextSeqNum = 3628
06-17 21:43:24.320 D/rtk_heartbeat(  373): rtkbt_heartbeat_cmpl_cback: Current SeqNum = 3628,should SeqNum=3628, status = 0
06-17 21:43:24.404 I/lowmemorykiller(  229): medium memory pressure event is triggered for new strategy
06-17 21:43:24.404 D/lowmemorykiller(  229): LMKD mp_event_psi kill_reasons available are PRESSURE_AFTER_KILL, NOT_RESPONDING, LOW_SWAP_AND_THRASHING, LOW_MEM_AND_SWAP, LOW_MEM_AND_THRASHING, DIRECT_RECL_AND_THRASHING
06-17 21:43:24.405 D/lowmemorykiller(  229): LMKD mp_event_psi kill_reason received= -1
06-17 21:43:24.424 I/chatty  (  948): uid=1000(system) -1281640025 expire 11 lines
06-17 21:43:24.505 I/lowmemorykiller(  229): medium memory pressure event is triggered for new strategy
06-17 21:43:24.528 I/jio.screensave(16497): oneway function results will be dropped but finished with status OK and parcel size 4
06-17 21:43:24.530 I/e.swalekh.abct( 1302): oneway function results will be dropped but finished with status OK and parcel size 4
06-17 21:43:24.544 I/chatty  ( 3507): uid=1000(system) RxComputationTh expire 12 lines
06-17 21:43:24.574 I/        (    0): [ 3664.615376@2]  [bluebank] [usb_dec_thread] usb2_status=1, usb3_status=1
06-17 21:43:24.605 I/lowmemorykiller(  229): medium memory pressure event is triggered for new strategy
06-17 21:43:24.640 V/DigitalSignage(  502): Package Name: null
06-17 21:43:24.640 V/DigitalSignage(  502): Left: 0
06-17 21:43:24.640 V/DigitalSignage(  502): Right: 0
06-17 21:43:24.640 V/DigitalSignage(  502): Top: 0
06-17 21:43:24.640 V/DigitalSignage(  502): Bottom: 0
06-17 21:43:24.640 D/DigitalSignage(  502): else - Package Name :: null left : 0 right :: 0 top :: 0 bottom :: 0 dfu-right :: 1920 dfu-bottom :: 1080
06-17 21:43:24.705 I/lowmemorykiller(  229): medium memory pressure event is triggered for new strategy
06-17 21:43:24.744 E/BufferQueueProducer(  418): [com.iwedia.ui.rjio.launcher.reliance/com.iwedia.ui.rjio.launcher.ui.intro.IntroActivity#0](id:1a20000005f,api:0,p:-1,c:418) disconnect: not connected (req=1)
06-17 21:43:24.744 I/chatty  ( 1759): uid=10021(com.iwedia.ui.rjio.launcher.reliance) RenderThread expire 1 line
06-17 21:43:24.746 V/DigitalSignage(  502): Package Name: null
06-17 21:43:24.746 V/DigitalSignage(  502): Left: 0
06-17 21:43:24.746 V/DigitalSignage(  502): Right: 0
06-17 21:43:24.746 V/DigitalSignage(  502): Top: 0
06-17 21:43:24.746 V/DigitalSignage(  502): Bottom: 0
06-17 21:43:24.746 D/DigitalSignage(  502): else - Package Name :: null left : 0 right :: 0 top :: 0 bottom :: 0 dfu-right :: 1920 dfu-bottom :: 1080
06-17 21:43:24.762 D/NetflixService(  992): onForegroundActivitiesChanged pid:1759,uid:10021,fg:false
06-17 21:43:24.764 D/NetflixService(  992): processName:com.netflix.ninja,importance:400
06-17 21:43:24.809 I/lowmemorykiller(  229): medium memory pressure event is triggered for new strategy
06-17 21:43:24.809 D/lowmemorykiller(  229): LMKD mp_event_psi kill_reasons available are PRESSURE_AFTER_KILL, NOT_RESPONDING, LOW_SWAP_AND_THRASHING, LOW_MEM_AND_SWAP, LOW_MEM_AND_THRASHING, DIRECT_RECL_AND_THRASHING
06-17 21:43:24.809 D/lowmemorykiller(  229): LMKD mp_event_psi kill_reason received= -1
06-17 21:43:25.198 I/ThermalService(  992): CPU temperatures: [53.7]
06-17 21:43:25.284 I/chatty  ( 1047): uid=1000(system) DefaultDispatch expire 15 lines
06-17 21:43:25.316 D/rtk_heartbeat(  373): heartbeat_timed_out: heartbeatCmdCount = 3629, expected nextSeqNum = 3629
06-17 21:43:25.317 D/rtk_heartbeat(  373): rtkbt_heartbeat_cmpl_cback: Current SeqNum = 3629,should SeqNum=3629, status = 0
06-17 21:43:25.597 I/        (    0): [ 3665.639391@2]  [bluebank] [usb_dec_thread] usb2_status=1, usb3_status=1
06-17 21:43:25.605 W/        ( 3593): type=1400 audit(0.0:5292): avc: denied { read } for name="arp" dev="proc" ino=4026532018 scontext=u:r:untrusted_app_27:s0:c76,c256,c512,c768 tcontext=u:object_r:proc_net:s0 tclass=file permissive=0 app=com.jio.myhome.mediasharedmp
06-17 21:43:25.609 W/        ( 3593): type=1400 audit(0.0:5294): avc: denied { read } for name="arp" dev="proc" ino=4026532018 scontext=u:r:untrusted_app_27:s0:c76,c256,c512,c768 tcontext=u:object_r:proc_net:s0 tclass=file permissive=0 app=com.jio.myhome.mediasharedmp
06-17 21:43:25.781 E/ocessService0:( 2361): failed to create Unix domain socket: Operation not permitted
06-17 21:43:25.949 W/[ 3665.992260@3]  RTW(    0): fill_default_txdesc(wlan0): SP Packet(0x0806) rate=0x4 SeqNum = 187
06-17 21:43:26.089 I/chatty  ( 1700): uid=1000(system) AppOptimizerHan expire 10 lines
06-17 21:43:26.181 W/pool-8-thread-1( 3593): type=1400 audit(0.0:5295): avc: denied { read } for name="arp" dev="proc" ino=4026532018 scontext=u:r:untrusted_app_27:s0:c76,c256,c512,c768 tcontext=u:object_r:proc_net:s0 tclass=file permissive=0 app=com.jio.myhome.mediasharedmp
06-17 21:43:26.189 W/pool-8-thread-1( 3593): type=1400 audit(0.0:5296): avc: denied { read } for name="arp" dev="proc" ino=4026532018 scontext=u:r:untrusted_app_27:s0:c76,c256,c512,c768 tcontext=u:object_r:proc_net:s0 tclass=file permissive=0 app=com.jio.myhome.mediasharedmp
06-17 21:43:26.213 E/profile-enabled : ( 1877): 1
06-17 21:43:26.213 D/profile: ( 1877): matched: 2
06-17 21:43:26.215 D/halotv_sdk_CMSDataApiFetcher(16497): AppConfig values are inserted into Preference
06-17 21:43:26.228 D/CompatibilityChangeReporter(  502): Compat change id reported: 136274596; UID 10074; state: ENABLED
06-17 21:43:26.270 I/chatty  ( 1759): uid=10021(com.iwedia.ui.rjio.launcher.reliance) DefaultDispatch expire 5 lines
06-17 21:43:26.317 D/rtk_heartbeat(  373): heartbeat_timed_out: heartbeatCmdCount = 3630, expected nextSeqNum = 3630
06-17 21:43:26.318 D/rtk_heartbeat(  373): rtkbt_heartbeat_cmpl_cback: Current SeqNum = 3630,should SeqNum=3630, status = 0
06-17 21:43:26.380 E/halotv_sdk_CMSDataApiFetcher(16497): Returning as we have the same data already isPrime: true
06-17 21:43:26.401 D/halotv_sdk_AnalyticsUtils(16497): sendData: type - 3
06-17 21:43:26.433 W/[ 3666.477510@0]  audit(    0): audit_lost=4295 audit_rate_limit=5 audit_backlog_limit=64
06-17 21:43:26.433 E/[ 3666.477522@0]  audit(    0): rate limit exceeded
06-17 21:43:26.540 I/chatty  ( 1759): uid=10021(com.iwedia.ui.rjio.launcher.reliance) pool-288-thread expire 5 lines
06-17 21:43:26.547 I/chatty  ( 1759): uid=10021(com.iwedia.ui.rjio.launcher.reliance) expire 34 lines
06-17 21:43:26.579 I/jio.screensave(16497): oneway function results will be dropped but finished with status OK and parcel size 4
06-17 21:43:26.581 I/e.swalekh.abct( 1302): oneway function results will be dropped but finished with status OK and parcel size 4
06-17 21:43:26.621 I/        (    0): [ 3666.663367@2]  [bluebank] [usb_dec_thread] usb2_status=1, usb3_status=1
06-17 21:43:26.642 D/halotv_sdk_AnalyticsUtils(16497): sendData: type - 0
06-17 21:43:26.673 W/pool-8-thread-1( 3593): type=1400 audit(0.0:5299): avc: denied { read } for name="arp" dev="proc" ino=4026532018 scontext=u:r:untrusted_app_27:s0:c76,c256,c512,c768 tcontext=u:object_r:proc_net:s0 tclass=file permissive=0 app=com.jio.myhome.mediasharedmp
06-17 21:43:26.677 W/pool-8-thread-1( 3593): type=1400 audit(0.0:5300): avc: denied { read } for name="arp" dev="proc" ino=4026532018 scontext=u:r:untrusted_app_27:s0:c76,c256,c512,c768 tcontext=u:object_r:proc_net:s0 tclass=file permissive=0 app=com.jio.myhome.mediasharedmp
06-17 21:43:26.917 W/pool-8-thread-1( 3593): type=1400 audit(0.0:5301): avc: denied { read } for name="arp" dev="proc" ino=4026532018 scontext=u:r:untrusted_app_27:s0:c76,c256,c512,c768 tcontext=u:object_r:proc_net:s0 tclass=file permissive=0 app=com.jio.myhome.mediasharedmp
06-17 21:43:26.921 W/pool-8-thread-1( 3593): type=1400 audit(0.0:5302): avc: denied { read } for name="arp" dev="proc" ino=4026532018 scontext=u:r:untrusted_app_27:s0:c76,c256,c512,c768 tcontext=u:object_r:proc_net:s0 tclass=file permissive=0 app=com.jio.myhome.mediasharedmp
06-17 21:43:27.075 V/DigitalSignage(  502): Package Name: null
06-17 21:43:27.075 V/DigitalSignage(  502): Left: 0
06-17 21:43:27.075 V/DigitalSignage(  502): Right: 0
06-17 21:43:27.076 V/DigitalSignage(  502): Top: 0
06-17 21:43:27.076 V/DigitalSignage(  502): Bottom: 0
06-17 21:43:27.076 D/DigitalSignage(  502): else - Package Name :: null left : 0 right :: 0 top :: 0 bottom :: 0 dfu-right :: 1920 dfu-bottom :: 1080
06-17 21:43:27.218 I/ThermalService(  992): CPU temperatures: [55.4]
06-17 21:43:27.317 D/rtk_heartbeat(  373): heartbeat_timed_out: heartbeatCmdCount = 3631, expected nextSeqNum = 3631
06-17 21:43:27.318 D/rtk_heartbeat(  373): rtkbt_heartbeat_cmpl_cback: Current SeqNum = 3631,should SeqNum=3631, status = 0
06-17 21:43:27.333 I/lowmemorykiller(  229): medium memory pressure event is triggered for new strategy
06-17 21:43:27.334 D/lowmemorykiller(  229): LMKD mp_event_psi kill_reasons available are PRESSURE_AFTER_KILL, NOT_RESPONDING, LOW_SWAP_AND_THRASHING, LOW_MEM_AND_SWAP, LOW_MEM_AND_THRASHING, DIRECT_RECL_AND_THRASHING
06-17 21:43:27.334 D/lowmemorykiller(  229): LMKD mp_event_psi kill_reason received= -1
06-17 21:43:27.434 I/lowmemorykiller(  229): medium memory pressure event is triggered for new strategy
06-17 21:43:27.534 I/lowmemorykiller(  229): medium memory pressure event is triggered for new strategy
06-17 21:43:27.635 I/lowmemorykiller(  229): medium memory pressure event is triggered for new strategy
06-17 21:43:27.641 I/        (    0): [ 3667.683389@2]  [bluebank] [usb_dec_thread] usb2_status=1, usb3_status=1
06-17 21:43:27.735 I/lowmemorykiller(  229): medium memory pressure event is triggered for new strategy
06-17 21:43:27.818 E/ocessService0:( 2361): failed to create Unix domain socket: Operation not permitted
06-17 21:43:27.835 I/lowmemorykiller(  229): medium memory pressure event is triggered for new strategy
06-17 21:43:27.936 I/lowmemorykiller(  229): medium memory pressure event is triggered for new strategy
06-17 21:43:28.036 I/lowmemorykiller(  229): medium memory pressure event is triggered for new strategy
06-17 21:43:28.136 I/lowmemorykiller(  229): medium memory pressure event is triggered for new strategy
06-17 21:43:28.181 I/chatty  (  420): uid=0(root) dtvkit@1.0-serv expire 3 lines
06-17 21:43:28.181 I/chatty  (  420): uid=0(root) DK-Emm_ReadNetw expire 101 lines
06-17 21:43:28.237 I/lowmemorykiller(  229): medium memory pressure event is triggered for new strategy
06-17 21:43:28.276 I/chatty  (  420): uid=0(root) DK-SiCntrl expire 81 lines
06-17 21:43:28.317 D/rtk_heartbeat(  373): heartbeat_timed_out: heartbeatCmdCount = 3632, expected nextSeqNum = 3632
06-17 21:43:28.318 D/rtk_heartbeat(  373): rtkbt_heartbeat_cmpl_cback: Current SeqNum = 3632,should SeqNum=3632, status = 0
06-17 21:43:28.337 I/lowmemorykiller(  229): medium memory pressure event is triggered for new strategy
06-17 21:43:28.437 I/lowmemorykiller(  229): medium memory pressure event is triggered for new strategy
06-17 21:43:28.555 D/ProfileInstaller(16497): Skipping profile installation for com.jio.screensaver
06-17 21:43:28.618 I/jio.screensave(16497): oneway function results will be dropped but finished with status OK and parcel size 4
06-17 21:43:28.620 I/e.swalekh.abct( 1302): oneway function results will be dropped but finished with status OK and parcel size 4
06-17 21:43:28.665 I/        (    0): [ 3668.707371@3]  [bluebank] [usb_dec_thread] usb2_status=1, usb3_status=1
06-17 21:43:29.234 I/ThermalService(  992): CPU temperatures: [53.100002]
06-17 21:43:29.293 I/JioBackgroundSchedulerService( 2843): Check schedule  
06-17 21:43:29.317 D/rtk_heartbeat(  373): heartbeat_timed_out: heartbeatCmdCount = 3633, expected nextSeqNum = 3633
06-17 21:43:29.318 D/rtk_heartbeat(  373): rtkbt_heartbeat_cmpl_cback: Current SeqNum = 3633,should SeqNum=3633, status = 0
06-17 21:43:29.688 I/chatty  (  420): uid=0(root) dtvkit@1.0-serv expire 19 lines
06-17 21:43:29.691 I/        (    0): [ 3669.735386@0]  [bluebank] [usb_dec_thread] usb2_status=1, usb3_status=1
06-17 21:43:29.858 E/ocessService0:( 2361): failed to create Unix domain socket: Operation not permitted
06-17 21:43:30.317 D/rtk_heartbeat(  373): heartbeat_timed_out: heartbeatCmdCount = 3634, expected nextSeqNum = 3634
06-17 21:43:30.318 D/rtk_heartbeat(  373): rtkbt_heartbeat_cmpl_cback: Current SeqNum = 3634,should SeqNum=3634, status = 0
06-17 21:43:30.658 I/jio.screensave(16497): oneway function results will be dropped but finished with status OK and parcel size 4
06-17 21:43:30.662 I/e.swalekh.abct( 1302): oneway function results will be dropped but finished with status OK and parcel size 4
06-17 21:43:30.713 I/        (    0): [ 3670.755373@1]  [bluebank] [usb_dec_thread] usb2_status=1, usb3_status=1
06-17 21:43:31.002 W/[ 3671.046309@3]  RTW(    0): fill_default_txdesc(wlan0): SP Packet(0x0806) rate=0x4 SeqNum = 666
06-17 21:43:31.250 I/ThermalService(  992): CPU temperatures: [52.7]
06-17 21:43:31.317 D/rtk_heartbeat(  373): heartbeat_timed_out: heartbeatCmdCount = 3635, expected nextSeqNum = 3635
06-17 21:43:31.318 D/rtk_heartbeat(  373): rtkbt_heartbeat_cmpl_cback: Current SeqNum = 3635,should SeqNum=3635, status = 0
06-17 21:43:31.597 W/pool-8-thread-1( 3593): type=1400 audit(0.0:5303): avc: denied { read } for name="arp" dev="proc" ino=4026532018 scontext=u:r:untrusted_app_27:s0:c76,c256,c512,c768 tcontext=u:object_r:proc_net:s0 tclass=file permissive=0 app=com.jio.myhome.mediasharedmp
06-17 21:43:31.601 W/pool-8-thread-1( 3593): type=1400 audit(0.0:5304): avc: denied { read } for name="arp" dev="proc" ino=4026532018 scontext=u:r:untrusted_app_27:s0:c76,c256,c512,c768 tcontext=u:object_r:proc_net:s0 tclass=file permissive=0 app=com.jio.myhome.mediasharedmp
06-17 21:43:31.652 I/JTCLOG  ( 3535): JtcForegroundService ->retrieveIpv6 -> 2401:4900:889e:3737:29c9:e0e1:9359:1f2f
06-17 21:43:31.652 I/JTCLOG  ( 3535): JtcForegroundService ->ipValidation -> ipAddress = 2401:4900:889e:3737:29c9:e0e1:9359:1f2f preference ip = 2405:201:1006:d95b:3fea:a07e:4b19:f0f3
06-17 21:43:31.737 I/        (    0): [ 3671.779353@2]  [bluebank] [usb_dec_thread] usb2_status=1, usb3_status=1
06-17 21:43:31.797 W/pool-8-thread-1( 3593): type=1400 audit(0.0:5305): avc: denied { read } for name="arp" dev="proc" ino=4026532018 scontext=u:r:untrusted_app_27:s0:c76,c256,c512,c768 tcontext=u:object_r:proc_net:s0 tclass=file permissive=0 app=com.jio.myhome.mediasharedmp
06-17 21:43:31.801 W/pool-8-thread-1( 3593): type=1400 audit(0.0:5306): avc: denied { read } for name="arp" dev="proc" ino=4026532018 scontext=u:r:untrusted_app_27:s0:c76,c256,c512,c768 tcontext=u:object_r:proc_net:s0 tclass=file permissive=0 app=com.jio.myhome.mediasharedmp
06-17 21:43:31.898 E/ocessService0:( 2361): failed to create Unix domain socket: Operation not permitted
06-17 21:43:31.997 W/pool-8-thread-1( 3593): type=1400 audit(0.0:5307): avc: denied { read } for name="arp" dev="proc" ino=4026532018 scontext=u:r:untrusted_app_27:s0:c76,c256,c512,c768 tcontext=u:object_r:proc_net:s0 tclass=file permissive=0 app=com.jio.myhome.mediasharedmp
06-17 21:43:32.001 W/pool-8-thread-1( 3593): type=1400 audit(0.0:5308): avc: denied { read } for name="arp" dev="proc" ino=4026532018 scontext=u:r:untrusted_app_27:s0:c76,c256,c512,c768 tcontext=u:object_r:proc_net:s0 tclass=file permissive=0 app=com.jio.myhome.mediasharedmp
06-17 21:43:32.318 D/rtk_heartbeat(  373): heartbeat_timed_out: heartbeatCmdCount = 3636, expected nextSeqNum = 3636
06-17 21:43:32.319 D/rtk_heartbeat(  373): rtkbt_heartbeat_cmpl_cback: Current SeqNum = 3636,should SeqNum=3636, status = 0
06-17 21:43:32.703 I/jio.screensave(16497): oneway function results will be dropped but finished with status OK and parcel size 4
06-17 21:43:32.704 I/e.swalekh.abct( 1302): oneway function results will be dropped but finished with status OK and parcel size 4
06-17 21:43:32.761 I/        (    0): [ 3672.803361@1]  [bluebank] [usb_dec_thread] usb2_status=1, usb3_status=1
06-17 21:43:33.266 I/ThermalService(  992): CPU temperatures: [51.600002]
06-17 21:43:33.270 D/memtrack_aml(  390): debugfs path
06-17 21:43:33.318 D/rtk_heartbeat(  373): heartbeat_timed_out: heartbeatCmdCount = 3637, expected nextSeqNum = 3637
06-17 21:43:33.319 D/rtk_heartbeat(  373): rtkbt_heartbeat_cmpl_cback: Current SeqNum = 3637,should SeqNum=3637, status = 0
06-17 21:43:33.763 W/AlarmManager(  789): Unrecognized alarm listener com.android.systemui.keyguard.-$$Lambda$KeyguardSliceProvider$IhzByd8TsqFuOrSyuGurVskyPLo@5877848
06-17 21:43:33.763 D/ConditionProviders.SCP(  502): onReceive android.app.action.NEXT_ALARM_CLOCK_CHANGED
06-17 21:43:33.764 D/ConditionProviders.SCP(  502): evaluateSubscriptionLocked cal=ScheduleCalendar[mDays={1, 2, 3, 4, 5, 6, 7}, mSchedule=ScheduleInfo{days=[1, 2, 3, 4, 5, 6, 7], startHour=22, startMinute=0, endHour=7, endMinute=0, exitAtAlarm=true, nextAlarm=Tue Jun 17 21:43:33 GMT+05:30 2025 (1750176813760)}], now=Tue Jun 17 21:43:33 GMT+05:30 2025 (1750176813764), nextUserAlarmTime=Tue Jun 17 21:43:39 GMT+05:30 2025 (1750176819276)
06-17 21:43:33.764 D/ConditionProviders.SCP(  502): notifyCondition condition://android/schedule?days=1.2.3.4.5.6.7&start=22.0&end=7.0&exitAtAlarm=true STATE_FALSE reason=!meetsSchedule
06-17 21:43:33.765 D/ConditionProviders.SCP(  502): Scheduling evaluate for Tue Jun 17 22:00:00 GMT+05:30 2025 (1750177800000), in +16m26s236ms, now=Tue Jun 17 21:43:33 GMT+05:30 2025 (1750176813764)
06-17 21:43:33.768 D/l       ( 3593): Sending volume change to core
06-17 21:43:33.771 I/chatty  ( 1416): uid=1000(system) DefaultDispatch expire 31 lines
06-17 21:43:33.779 I/DigitalWidgetProvider( 3811): onReceive: Intent { act=android.app.action.NEXT_ALARM_CLOCK_CHANGED flg=0x21000010 cmp=com.android.deskclock/com.android.alarmclock.DigitalAppWidgetProvider }
06-17 21:43:33.786 I/        (    0): [ 3673.827415@1]  [bluebank] [usb_dec_thread] usb2_status=1, usb3_status=1
06-17 21:43:33.787 E/nflcDmcClientJNI( 3593): mycallback **************************************
06-17 21:43:33.796 E/nflcDmcClientJNI( 3593): Callback Called : Event 2 : DMC_EVENT_GET_DEVICE_LAST_CHANGE
06-17 21:43:33.796 D/nflcDmcClientJNI( 3593): Data : <nflc>
06-17 21:43:33.796 D/nflcDmcClientJNI( 3593): <Event xmlns="urn:schemas-upnp-org:metadata-1-0/RCS/" device="uuid:13db900a-13c0-1847-9af8-8ee013037dfe" type="urn:schemas-upnp-org:service:RenderingControl:1" name="LastChange">
06-17 21:43:33.796 D/nflcDmcClientJNI( 3593): <InstanceID val="0">
06-17 21:43:33.796 D/nflcDmcClientJNI( 3593): <Mute channel="Master" val="0"/>
06-17 21:43:33.796 D/nflcDmcClientJNI( 3593): <Volume channel="Master" val="27"/>
06-17 21:43:33.796 D/nflcDmcClientJNI( 3593): <VolumeDB channel="Master" val="27"/>
06-17 21:43:33.796 D/nflcDmcClientJNI( 3593): </InstanceID>
06-17 21:43:33.796 D/nflcDmcClientJNI( 3593): </Event>
06-17 21:43:33.796 D/nflcDmcClientJNI( 3593): </nflc>
06-17 21:43:33.923 E/ocessService0:( 2361): failed to create Unix domain socket: Operation not permitted
06-17 21:43:34.126 I/chatty  ( 1759): uid=10021(com.iwedia.ui.rjio.launcher.reliance) expire 12 lines
06-17 21:43:34.318 D/rtk_heartbeat(  373): heartbeat_timed_out: heartbeatCmdCount = 3638, expected nextSeqNum = 3638
06-17 21:43:34.319 D/rtk_heartbeat(  373): rtkbt_heartbeat_cmpl_cback: Current SeqNum = 3638,should SeqNum=3638, status = 0
06-17 21:43:34.742 I/jio.screensave(16497): oneway function results will be dropped but finished with status OK and parcel size 4
06-17 21:43:34.744 I/e.swalekh.abct( 1302): oneway function results will be dropped but finished with status OK and parcel size 4
06-17 21:43:34.809 I/        (    0): [ 3674.851356@1]  [bluebank] [usb_dec_thread] usb2_status=1, usb3_status=1
06-17 21:43:35.282 I/ThermalService(  992): CPU temperatures: [51.4]
06-17 21:43:35.318 D/rtk_heartbeat(  373): heartbeat_timed_out: heartbeatCmdCount = 3639, expected nextSeqNum = 3639
06-17 21:43:35.319 D/rtk_heartbeat(  373): rtkbt_heartbeat_cmpl_cback: Current SeqNum = 3639,should SeqNum=3639, status = 0
06-17 21:43:35.426 I/chatty  (  948): uid=1000(system) -1281640025 expire 11 lines
06-17 21:43:35.833 I/        (    0): [ 3675.875442@1]  [bluebank] [usb_dec_thread] usb2_status=1, usb3_status=1
06-17 21:43:35.951 D/memtrack_aml(  390): debugfs path
06-17 21:43:35.956 E/ocessService0:( 2361): failed to create Unix domain socket: Operation not permitted
06-17 21:43:35.982 I/chatty  (  420): uid=0(root) DK-LTTS_IP_DMXS expire 1 line
06-17 21:43:36.101 W/[ 3676.147091@2]  RTW(    0): fill_default_txdesc(wlan0): SP Packet(0x0806) rate=0x4 SeqNum = 930
06-17 21:43:36.319 D/rtk_heartbeat(  373): heartbeat_timed_out: heartbeatCmdCount = 3640, expected nextSeqNum = 3640
06-17 21:43:36.320 D/rtk_heartbeat(  373): rtkbt_heartbeat_cmpl_cback: Current SeqNum = 3640,should SeqNum=3640, status = 0
06-17 21:43:36.657 I/JTCLOG  ( 3535): JtcForegroundService ->RegisterApp()
06-17 21:43:36.657 I/JTCLOG  ( 3535): JuicePresenter -> registerApp
06-17 21:43:36.658 I/JTCLOG  ( 3535): InitState -> Register
06-17 21:43:36.658 I/JTCLOG  ( 3535): InitState -> Juice Sys NOT Started so do both Start and Registration
06-17 21:43:36.658 I/JTCLOG  ( 3535): JuiceModel -> Registering ...........
06-17 21:43:36.658 E/JTCLOG  ( 3535): networkConnectionType = WIFI
06-17 21:43:36.660 I/JTCLOG  ( 3535): JuiceModel -> SelfIp of type 2  = 2401:4900:889e:3737:29c9:e0e1:9359:1f2f
06-17 21:43:36.660 E/JTCLOG  ( 3535): MacUniqueID: e9:e1:f0:b3:88:de
06-17 21:43:36.660 I/JTCLOG  ( 3535): JuiceModel -> discover IDU services
06-17 21:43:36.786 I/jio.screensave(16497): oneway function results will be dropped but finished with status OK and parcel size 4
06-17 21:43:36.788 I/e.swalekh.abct( 1302): oneway function results will be dropped but finished with status OK and parcel size 4
06-17 21:43:36.793 I/chatty  ( 3507): uid=1000(system) RxComputationTh expire 12 lines
06-17 21:43:36.857 I/        (    0): [ 3676.899345@1]  [bluebank] [usb_dec_thread] usb2_status=1, usb3_status=1
06-17 21:43:37.286 I/ThermalService(  992): CPU temperatures: [51.500004]
06-17 21:43:37.319 D/rtk_heartbeat(  373): heartbeat_timed_out: heartbeatCmdCount = 3641, expected nextSeqNum = 3641
06-17 21:43:37.320 D/rtk_heartbeat(  373): rtkbt_heartbeat_cmpl_cback: Current SeqNum = 3641,should SeqNum=3641, status = 0
06-17 21:43:37.393 I/chatty  (  420): uid=0(root) DK-SiCntrl expire 5 lines
06-17 21:43:37.690 I/chatty  (  420): uid=0(root) dtvkit@1.0-serv expire 1 line
06-17 21:43:37.804 I/chatty  (  420): uid=0(root) HwBinder:420_1 expire 5 lines
06-17 21:43:37.805 D/CommonClientNotiCbUtilsImpl( 1610): Not Received Valid Info
06-17 21:43:37.881 I/        (    0): [ 3677.923362@2]  [bluebank] [usb_dec_thread] usb2_status=1, usb3_status=1
06-17 21:43:37.894 I/chatty  (  420): uid=0(root) DK-SiCntrl expire 2 lines
06-17 21:43:37.982 I/chatty  (  420): uid=0(root) DK-LTTS_IP_DMXS expire 1 line
06-17 21:43:37.996 E/ocessService0:( 2361): failed to create Unix domain socket: Operation not permitted
06-17 21:43:38.094 I/chatty  (  420): uid=0(root) DK-SiCntrl expire 2 lines
06-17 21:43:38.190 I/chatty  (  420): uid=0(root) dtvkit@1.0-serv expire 2 lines
06-17 21:43:38.295 I/chatty  (  420): uid=0(root) DK-SiCntrl expire 10 lines
06-17 21:43:38.319 D/rtk_heartbeat(  373): heartbeat_timed_out: heartbeatCmdCount = 3642, expected nextSeqNum = 3642
06-17 21:43:38.320 D/rtk_heartbeat(  373): rtkbt_heartbeat_cmpl_cback: Current SeqNum = 3642,should SeqNum=3642, status = 0
06-17 21:43:38.421 D/AlarmPingSender( 3837): Sending Ping at:1750176818421
06-17 21:43:38.429 D/AlarmPingSender( 3837): Schedule next alarm at 1750178618429
06-17 21:43:38.430 D/AlarmPingSender( 3837): Alarm scheule using setExactAndAllowWhileIdle, next: 1800000
06-17 21:43:38.456 D/AlarmPingSender( 3837): Success. Release lock(MqttService.client.Jio-STB___23da3a5c-a6b1-45c7-92b2-614241549416):1750176818456
06-17 21:43:38.826 I/jio.screensave(16497): oneway function results will be dropped but finished with status OK and parcel size 4
06-17 21:43:38.828 I/e.swalekh.abct( 1302): oneway function results will be dropped but finished with status OK and parcel size 4
06-17 21:43:38.835 I/chatty  ( 3507): uid=1000(system) RxComputationTh expire 16 lines
06-17 21:43:38.905 I/        (    0): [ 3678.947411@1]  [bluebank] [usb_dec_thread] usb2_status=1, usb3_status=1
06-17 21:43:39.159 I/chatty  ( 1416): uid=1000(system) Binder:1416_4 expire 22 lines
06-17 21:43:39.191 I/chatty  (  420): uid=0(root) dtvkit@1.0-serv expire 1 line
06-17 21:43:39.284 D/ConditionProviders.SCP(  502): onReceive android.app.action.NEXT_ALARM_CLOCK_CHANGED
06-17 21:43:39.285 I/DigitalWidgetProvider( 3811): onReceive: Intent { act=android.app.action.NEXT_ALARM_CLOCK_CHANGED flg=0x21000010 cmp=com.android.deskclock/com.android.alarmclock.DigitalAppWidgetProvider }
06-17 21:43:39.286 D/ConditionProviders.SCP(  502): evaluateSubscriptionLocked cal=ScheduleCalendar[mDays={1, 2, 3, 4, 5, 6, 7}, mSchedule=ScheduleInfo{days=[1, 2, 3, 4, 5, 6, 7], startHour=22, startMinute=0, endHour=7, endMinute=0, exitAtAlarm=true, nextAlarm=Tue Jun 17 21:43:39 GMT+05:30 2025 (1750176819276)}], now=Tue Jun 17 21:43:39 GMT+05:30 2025 (1750176819284), nextUserAlarmTime=Wed Jun 18 02:06:35 GMT+05:30 2025 (1750192595815)
06-17 21:43:39.286 D/ConditionProviders.SCP(  502): notifyCondition condition://android/schedule?days=1.2.3.4.5.6.7&start=22.0&end=7.0&exitAtAlarm=true STATE_FALSE reason=!meetsSchedule
06-17 21:43:39.287 D/ConditionProviders.SCP(  502): Scheduling evaluate for Tue Jun 17 22:00:00 GMT+05:30 2025 (1750177800000), in +16m20s716ms, now=Tue Jun 17 21:43:39 GMT+05:30 2025 (1750176819284)
06-17 21:43:39.287 D/l       ( 3593): Sending volume change to core
06-17 21:43:39.291 E/nflcDmcClientJNI( 3593): mycallback **************************************
06-17 21:43:39.292 E/nflcDmcClientJNI( 3593): Callback Called : Event 2 : DMC_EVENT_GET_DEVICE_LAST_CHANGE
06-17 21:43:39.292 D/nflcDmcClientJNI( 3593): Data : <nflc>
06-17 21:43:39.292 D/nflcDmcClientJNI( 3593): <Event xmlns="urn:schemas-upnp-org:metadata-1-0/RCS/" device="uuid:13db900a-13c0-1847-9af8-8ee013037dfe" type="urn:schemas-upnp-org:service:RenderingControl:1" name="LastChange">
06-17 21:43:39.292 D/nflcDmcClientJNI( 3593): <InstanceID val="0">
06-17 21:43:39.292 D/nflcDmcClientJNI( 3593): <Mute channel="Master" val="0"/>
06-17 21:43:39.292 D/nflcDmcClientJNI( 3593): <Volume channel="Master" val="27"/>
06-17 21:43:39.292 D/nflcDmcClientJNI( 3593): <VolumeDB channel="Master" val="27"/>
06-17 21:43:39.292 D/nflcDmcClientJNI( 3593): </InstanceID>
06-17 21:43:39.292 D/nflcDmcClientJNI( 3593): </Event>
06-17 21:43:39.292 D/nflcDmcClientJNI( 3593): </nflc>
06-17 21:43:39.293 I/JioBackgroundSchedulerService( 2843): Check schedule  
06-17 21:43:39.302 I/ThermalService(  992): CPU temperatures: [51.500004]
06-17 21:43:39.319 D/rtk_heartbeat(  373): heartbeat_timed_out: heartbeatCmdCount = 3643, expected nextSeqNum = 3643
06-17 21:43:39.320 D/rtk_heartbeat(  373): rtkbt_heartbeat_cmpl_cback: Current SeqNum = 3643,should SeqNum=3643, status = 0
06-17 21:43:39.397 I/chatty  (  420): uid=0(root) DK-SiCntrl expire 6 lines
06-17 21:43:39.662 I/JTCLOG  ( 3535): JuiceModel ->  Discover Mesh ONT services started
06-17 21:43:39.691 I/chatty  (  420): uid=0(root) dtvkit@1.0-serv expire 2 lines
06-17 21:43:39.722 I/chatty  (  502): uid=1000(system) WifiHandlerThre expire 10 lines
06-17 21:43:39.929 I/        (    0): [ 3679.971376@1]  [bluebank] [usb_dec_thread] usb2_status=1, usb3_status=1
06-17 21:43:39.983 I/chatty  (  420): uid=0(root) DK-LTTS_IP_DMXS expire 1 line
06-17 21:43:39.998 I/chatty  (  420): uid=0(root) DK-SiCntrl expire 8 lines
06-17 21:43:40.036 E/ocessService0:( 2361): failed to create Unix domain socket: Operation not permitted
06-17 21:43:40.286 I/chatty  ( 1047): uid=1000(system) DefaultDispatch expire 15 lines
06-17 21:43:40.319 D/rtk_heartbeat(  373): heartbeat_timed_out: heartbeatCmdCount = 3644, expected nextSeqNum = 3644
06-17 21:43:40.321 D/rtk_heartbeat(  373): rtkbt_heartbeat_cmpl_cback: Current SeqNum = 3644,should SeqNum=3644, status = 0
06-17 21:43:40.691 I/chatty  (  420): uid=0(root) dtvkit@1.0-serv expire 33 lines
06-17 21:43:40.799 I/chatty  (  420): uid=0(root) DK-SiCntrl expire 184 lines
06-17 21:43:40.866 I/jio.screensave(16497): oneway function results will be dropped but finished with status OK and parcel size 4
06-17 21:43:40.868 I/e.swalekh.abct( 1302): oneway function results will be dropped but finished with status OK and parcel size 4
06-17 21:43:40.885 W/[ 3680.930434@1]  RTW(    0): fill_default_txdesc(wlan0): SP Packet(0x0806) rate=0x4 SeqNum = 1227
06-17 21:43:40.953 I/        (    0): [ 3680.995340@1]  [bluebank] [usb_dec_thread] usb2_status=1, usb3_status=1
06-17 21:43:41.301 I/bt_stack(  769): [INFO:gatt_api.cc(947)] GATT_Register 5309f1d9-c75d-fa7c-25c5-e4911e7ee181
06-17 21:43:41.301 I/bt_stack(  769): [INFO:gatt_api.cc(967)] allocated gatt_if=10
06-17 21:43:41.309 I/DigitalWidgetProvider( 3811): onReceive: Intent { act=android.app.action.NEXT_ALARM_CLOCK_CHANGED flg=0x21000010 cmp=com.android.deskclock/com.android.alarmclock.DigitalAppWidgetProvider }
06-17 21:43:41.309 D/ConditionProviders.SCP(  502): onReceive android.app.action.NEXT_ALARM_CLOCK_CHANGED
