06-17 21:42:17.799 D/CommonClientNotiCbUtilsImpl( 1610): Not Received Valid Info
06-17 21:42:17.803 D/com.jiohome.bleserveradv.service.BluetoothController( 2998): Restart  onStartSuccess
06-17 21:42:17.814 I/e.swalekh.abct( 1302): oneway function results will be dropped but finished with status OK and parcel size 4
06-17 21:42:18.009 I/        (    0): [ 3598.051381@0]  [bluebank] [usb_dec_thread] usb2_status=1, usb3_status=1
06-17 21:42:18.302 D/rtk_heartbeat(  373): heartbeat_timed_out: heartbeatCmdCount = 3562, expected nextSeqNum = 3562
06-17 21:42:18.303 D/rtk_heartbeat(  373): rtkbt_heartbeat_cmpl_cback: Current SeqNum = 3562,should SeqNum=3562, status = 0
06-17 21:42:18.411 I/chatty  (  948): uid=1000(system) -1281640025 expire 11 lines
06-17 21:42:18.659 I/ThermalService(  992): CPU temperatures: [55.4]
06-17 21:42:19.033 I/        (    0): [ 3599.075409@0]  [bluebank] [usb_dec_thread] usb2_status=1, usb3_status=1
06-17 21:42:19.142 I/chatty  ( 1416): uid=1000(system) Binder:1416_4 expire 10 lines
06-17 21:42:19.291 I/JioBackgroundSchedulerService( 2843): Check schedule  
06-17 21:42:19.302 D/rtk_heartbeat(  373): heartbeat_timed_out: heartbeatCmdCount = 3563, expected nextSeqNum = 3563
06-17 21:42:19.304 D/rtk_heartbeat(  373): rtkbt_heartbeat_cmpl_cback: Current SeqNum = 3563,should SeqNum=3563, status = 0
06-17 21:42:19.773 E/ocessService0:( 2361): failed to create Unix domain socket: Operation not permitted
06-17 21:42:19.909 I/e.swalekh.abct( 1302): oneway function results will be dropped but finished with status OK and parcel size 4
06-17 21:42:19.920 I/chatty  ( 3507): uid=1000(system) RxComputationTh expire 12 lines
06-17 21:42:20.058 I/        (    0): [ 3600.099362@0]  [bluebank] [usb_dec_thread] usb2_status=1, usb3_status=1
06-17 21:42:20.069 I/hwservicemanager(  231): getTransport: Cannot find entry android.hardware.power.stats@1.0::IPowerStats/default in either framework or device manifest.
06-17 21:42:20.074 I/hwservicemanager(  231): getTransport: Cannot find entry android.hardware.power@1.0::IPower/default in either framework or device manifest.
06-17 21:42:20.077 I/chatty  (  502): uid=1000(system) batterystats-wo expire 1 line
06-17 21:42:20.077 D/KernelCpuUidUserSysTimeReader(  502): Removing uids 99002-99002
06-17 21:42:20.078 D/KernelCpuUidUserSysTimeReader(  502): Removing uids 99001-99001
06-17 21:42:20.303 D/rtk_heartbeat(  373): heartbeat_timed_out: heartbeatCmdCount = 3564, expected nextSeqNum = 3564
06-17 21:42:20.304 D/rtk_heartbeat(  373): rtkbt_heartbeat_cmpl_cback: Current SeqNum = 3564,should SeqNum=3564, status = 0
06-17 21:42:20.674 I/ThermalService(  992): CPU temperatures: [55.4]
06-17 21:42:21.081 I/        (    0): [ 3601.123582@0]  [bluebank] [usb_dec_thread] usb2_status=1, usb3_status=1
06-17 21:42:21.137 W/[ 3601.182624@3]  RTW(    0): fill_default_txdesc(wlan0): SP Packet(0x0806) rate=0x4 SeqNum = 1810
06-17 21:42:21.303 D/rtk_heartbeat(  373): heartbeat_timed_out: heartbeatCmdCount = 3565, expected nextSeqNum = 3565
06-17 21:42:21.304 D/rtk_heartbeat(  373): rtkbt_heartbeat_cmpl_cback: Current SeqNum = 3565,should SeqNum=3565, status = 0
06-17 21:42:21.773 E/ocessService0:( 2361): failed to create Unix domain socket: Operation not permitted
06-17 21:42:21.977 I/chatty  (  420): uid=0(root) DK-LTTS_IP_DMXS expire 10 lines
06-17 21:42:21.997 I/e.swalekh.abct( 1302): oneway function results will be dropped but finished with status OK and parcel size 4
06-17 21:42:22.011 I/chatty  ( 3507): uid=1000(system) RxComputationTh expire 12 lines
06-17 21:42:22.105 I/        (    0): [ 3602.148148@0]  [bluebank] [usb_dec_thread] usb2_status=1, usb3_status=1
06-17 21:42:22.303 D/rtk_heartbeat(  373): heartbeat_timed_out: heartbeatCmdCount = 3566, expected nextSeqNum = 3566
06-17 21:42:22.304 D/rtk_heartbeat(  373): rtkbt_heartbeat_cmpl_cback: Current SeqNum = 3566,should SeqNum=3566, status = 0
06-17 21:42:22.691 I/ThermalService(  992): CPU temperatures: [55.500004]
06-17 21:42:23.126 I/        (    0): [ 3603.171368@0]  [bluebank] [usb_dec_thread] usb2_status=1, usb3_status=1
06-17 21:42:23.303 D/rtk_heartbeat(  373): heartbeat_timed_out: heartbeatCmdCount = 3567, expected nextSeqNum = 3567
06-17 21:42:23.305 D/rtk_heartbeat(  373): rtkbt_heartbeat_cmpl_cback: Current SeqNum = 3567,should SeqNum=3567, status = 0
06-17 21:42:23.773 E/ocessService0:( 2361): failed to create Unix domain socket: Operation not permitted
06-17 21:42:24.070 I/e.swalekh.abct( 1302): oneway function results will be dropped but finished with status OK and parcel size 4
06-17 21:42:24.083 I/chatty  ( 3507): uid=1000(system) RxComputationTh expire 12 lines
06-17 21:42:24.153 I/        (    0): [ 3604.195363@0]  [bluebank] [usb_dec_thread] usb2_status=1, usb3_status=1
06-17 21:42:24.304 D/rtk_heartbeat(  373): heartbeat_timed_out: heartbeatCmdCount = 3568, expected nextSeqNum = 3568
06-17 21:42:24.305 D/rtk_heartbeat(  373): rtkbt_heartbeat_cmpl_cback: Current SeqNum = 3568,should SeqNum=3568, status = 0
06-17 21:42:24.706 I/ThermalService(  992): CPU temperatures: [55.500004]
06-17 21:42:25.177 I/        (    0): [ 3605.219388@2]  [bluebank] [usb_dec_thread] usb2_status=1, usb3_status=1
06-17 21:42:25.271 I/chatty  ( 1047): uid=1000(system) DefaultDispatch expire 15 lines
06-17 21:42:25.304 D/rtk_heartbeat(  373): heartbeat_timed_out: heartbeatCmdCount = 3569, expected nextSeqNum = 3569
06-17 21:42:25.305 D/rtk_heartbeat(  373): rtkbt_heartbeat_cmpl_cback: Current SeqNum = 3569,should SeqNum=3569, status = 0
06-17 21:42:25.420 I/chatty  ( 1700): uid=1000(system) AppOptimizerHan expire 10 lines
06-17 21:42:25.773 E/ocessService0:( 2361): failed to create Unix domain socket: Operation not permitted
06-17 21:42:25.851 I/chatty  (  420): uid=0(root) DK-SiCntrl expire 108 lines
06-17 21:42:26.143 I/chatty  (  420): uid=0(root) dtvkit@1.0-serv expire 7 lines
06-17 21:42:26.144 I/chatty  (  420): uid=0(root) DK-Emm_ReadNetw expire 101 lines
06-17 21:42:26.159 I/e.swalekh.abct( 1302): oneway function results will be dropped but finished with status OK and parcel size 4
06-17 21:42:26.181 W/pool-8-thread-1( 3593): type=1400 audit(0.0:5146): avc: denied { read } for name="arp" dev="proc" ino=4026532018 scontext=u:r:untrusted_app_27:s0:c76,c256,c512,c768 tcontext=u:object_r:proc_net:s0 tclass=file permissive=0 app=com.jio.myhome.mediasharedmp
06-17 21:42:26.197 I/        (    0): [ 3606.243371@0]  [bluebank] [usb_dec_thread] usb2_status=1, usb3_status=1
06-17 21:42:26.193 W/pool-8-thread-1( 3593): type=1400 audit(0.0:5147): avc: denied { read } for name="arp" dev="proc" ino=4026532018 scontext=u:r:untrusted_app_27:s0:c76,c256,c512,c768 tcontext=u:object_r:proc_net:s0 tclass=file permissive=0 app=com.jio.myhome.mediasharedmp
06-17 21:42:26.213 I/chatty  ( 1759): uid=10021(com.iwedia.ui.rjio.launcher.reliance) expire 185 lines
06-17 21:42:26.245 W/[ 3606.288425@2]  RTW(    0): fill_default_txdesc(wlan0): SP Packet(0x0806) rate=0x4 SeqNum = 2310
06-17 21:42:26.304 D/rtk_heartbeat(  373): heartbeat_timed_out: heartbeatCmdCount = 3570, expected nextSeqNum = 3570
06-17 21:42:26.305 D/rtk_heartbeat(  373): rtkbt_heartbeat_cmpl_cback: Current SeqNum = 3570,should SeqNum=3570, status = 0
06-17 21:42:26.429 W/pool-8-thread-1( 3593): type=1400 audit(0.0:5148): avc: denied { read } for name="arp" dev="proc" ino=4026532018 scontext=u:r:untrusted_app_27:s0:c76,c256,c512,c768 tcontext=u:object_r:proc_net:s0 tclass=file permissive=0 app=com.jio.myhome.mediasharedmp
06-17 21:42:26.437 W/pool-8-thread-1( 3593): type=1400 audit(0.0:5149): avc: denied { read } for name="arp" dev="proc" ino=4026532018 scontext=u:r:untrusted_app_27:s0:c76,c256,c512,c768 tcontext=u:object_r:proc_net:s0 tclass=file permissive=0 app=com.jio.myhome.mediasharedmp
06-17 21:42:26.677 W/pool-8-thread-1( 3593): type=1400 audit(0.0:5150): avc: denied { read } for name="arp" dev="proc" ino=4026532018 scontext=u:r:untrusted_app_27:s0:c76,c256,c512,c768 tcontext=u:object_r:proc_net:s0 tclass=file permissive=0 app=com.jio.myhome.mediasharedmp
06-17 21:42:26.685 W/[ 3606.729991@0]  audit(    0): audit_lost=4169 audit_rate_limit=5 audit_backlog_limit=64
06-17 21:42:26.686 E/[ 3606.730002@0]  audit(    0): rate limit exceeded
06-17 21:42:26.722 I/ThermalService(  992): CPU temperatures: [55.7]
06-17 21:42:27.225 I/        (    0): [ 3607.267396@0]  [bluebank] [usb_dec_thread] usb2_status=1, usb3_status=1
06-17 21:42:27.304 D/rtk_heartbeat(  373): heartbeat_timed_out: heartbeatCmdCount = 3571, expected nextSeqNum = 3571
06-17 21:42:27.307 D/rtk_heartbeat(  373): rtkbt_heartbeat_cmpl_cback: Current SeqNum = 3571,should SeqNum=3571, status = 0
06-17 21:42:27.651 I/chatty  (  420): uid=0(root) dtvkit@1.0-serv expire 24 lines
06-17 21:42:27.774 E/ocessService0:( 2361): failed to create Unix domain socket: Operation not permitted
06-17 21:42:28.237 I/e.swalekh.abct( 1302): oneway function results will be dropped but finished with status OK and parcel size 4
06-17 21:42:28.249 I/        (    0): [ 3608.291389@1]  [bluebank] [usb_dec_thread] usb2_status=1, usb3_status=1
06-17 21:42:28.304 D/rtk_heartbeat(  373): heartbeat_timed_out: heartbeatCmdCount = 3572, expected nextSeqNum = 3572
06-17 21:42:28.306 D/rtk_heartbeat(  373): rtkbt_heartbeat_cmpl_cback: Current SeqNum = 3572,should SeqNum=3572, status = 0
06-17 21:42:28.738 I/ThermalService(  992): CPU temperatures: [55.600002]
06-17 21:42:29.139 I/chatty  ( 1416): uid=1000(system) Binder:1416_6 expire 15 lines
06-17 21:42:29.273 I/        (    0): [ 3609.315726@1]  [bluebank] [usb_dec_thread] usb2_status=1, usb3_status=1
06-17 21:42:29.291 I/JioBackgroundSchedulerService( 2843): Check schedule  
06-17 21:42:29.305 D/rtk_heartbeat(  373): heartbeat_timed_out: heartbeatCmdCount = 3573, expected nextSeqNum = 3573
06-17 21:42:29.307 D/rtk_heartbeat(  373): rtkbt_heartbeat_cmpl_cback: Current SeqNum = 3573,should SeqNum=3573, status = 0
06-17 21:42:29.411 I/chatty  (  948): uid=1000(system) -1281640025 expire 11 lines
06-17 21:42:29.774 E/ocessService0:( 2361): failed to create Unix domain socket: Operation not permitted
06-17 21:42:30.297 I/        (    0): [ 3610.339384@1]  [bluebank] [usb_dec_thread] usb2_status=1, usb3_status=1
06-17 21:42:30.305 D/rtk_heartbeat(  373): heartbeat_timed_out: heartbeatCmdCount = 3574, expected nextSeqNum = 3574
06-17 21:42:30.306 D/rtk_heartbeat(  373): rtkbt_heartbeat_cmpl_cback: Current SeqNum = 3574,should SeqNum=3574, status = 0
06-17 21:42:30.313 I/chatty  ( 1759): uid=10021(com.iwedia.ui.rjio.launcher.reliance) Binder:1759_4 expire 10 lines
06-17 21:42:30.317 I/e.swalekh.abct( 1302): oneway function results will be dropped but finished with status OK and parcel size 4
06-17 21:42:30.564 I/JTCLOG  ( 3535): JtcForegroundService ->retrieveIpv6 -> 2401:4900:889e:3737:29c9:e0e1:9359:1f2f
06-17 21:42:30.564 I/JTCLOG  ( 3535): JtcForegroundService ->ipValidation -> ipAddress = 2401:4900:889e:3737:29c9:e0e1:9359:1f2f preference ip = 2405:201:1006:d95b:3fea:a07e:4b19:f0f3
06-17 21:42:30.754 I/ThermalService(  992): CPU temperatures: [55.600002]
06-17 21:42:31.281 W/[ 3611.324929@1]  RTW(    0): fill_default_txdesc(wlan0): SP Packet(0x0806) rate=0x4 SeqNum = 2818
06-17 21:42:31.305 D/rtk_heartbeat(  373): heartbeat_timed_out: heartbeatCmdCount = 3575, expected nextSeqNum = 3575
06-17 21:42:31.306 D/rtk_heartbeat(  373): rtkbt_heartbeat_cmpl_cback: Current SeqNum = 3575,should SeqNum=3575, status = 0
06-17 21:42:31.325 I/        (    0): [ 3611.367383@3]  [bluebank] [usb_dec_thread] usb2_status=1, usb3_status=1
06-17 21:42:31.774 E/ocessService0:( 2361): failed to create Unix domain socket: Operation not permitted
06-17 21:42:32.305 D/rtk_heartbeat(  373): heartbeat_timed_out: heartbeatCmdCount = 3576, expected nextSeqNum = 3576
06-17 21:42:32.307 D/rtk_heartbeat(  373): rtkbt_heartbeat_cmpl_cback: Current SeqNum = 3576,should SeqNum=3576, status = 0
06-17 21:42:32.345 I/        (    0): [ 3612.387381@3]  [bluebank] [usb_dec_thread] usb2_status=1, usb3_status=1
06-17 21:42:32.386 I/e.swalekh.abct( 1302): oneway function results will be dropped but finished with status OK and parcel size 4
06-17 21:42:32.770 I/ThermalService(  992): CPU temperatures: [55.4]
06-17 21:42:33.305 D/rtk_heartbeat(  373): heartbeat_timed_out: heartbeatCmdCount = 3577, expected nextSeqNum = 3577
06-17 21:42:33.306 D/rtk_heartbeat(  373): rtkbt_heartbeat_cmpl_cback: Current SeqNum = 3577,should SeqNum=3577, status = 0
06-17 21:42:33.369 I/        (    0): [ 3613.411365@3]  [bluebank] [usb_dec_thread] usb2_status=1, usb3_status=1
06-17 21:42:33.774 E/ocessService0:( 2361): failed to create Unix domain socket: Operation not permitted
06-17 21:42:34.306 D/rtk_heartbeat(  373): heartbeat_timed_out: heartbeatCmdCount = 3578, expected nextSeqNum = 3578
06-17 21:42:34.307 D/rtk_heartbeat(  373): rtkbt_heartbeat_cmpl_cback: Current SeqNum = 3578,should SeqNum=3578, status = 0
06-17 21:42:34.393 I/        (    0): [ 3614.435369@1]  [bluebank] [usb_dec_thread] usb2_status=1, usb3_status=1
06-17 21:42:34.481 I/e.swalekh.abct( 1302): oneway function results will be dropped but finished with status OK and parcel size 4
06-17 21:42:34.501 I/chatty  ( 3507): uid=1000(system) RxComputationTh expire 12 lines
06-17 21:42:34.786 I/ThermalService(  992): CPU temperatures: [55.800003]
06-17 21:42:35.306 D/rtk_heartbeat(  373): heartbeat_timed_out: heartbeatCmdCount = 3579, expected nextSeqNum = 3579
06-17 21:42:35.307 D/rtk_heartbeat(  373): rtkbt_heartbeat_cmpl_cback: Current SeqNum = 3579,should SeqNum=3579, status = 0
06-17 21:42:35.418 I/        (    0): [ 3615.459394@1]  [bluebank] [usb_dec_thread] usb2_status=1, usb3_status=1
06-17 21:42:35.570 I/JTCLOG  ( 3535): JtcForegroundService ->RegisterApp()
06-17 21:42:35.570 I/JTCLOG  ( 3535): JuicePresenter -> registerApp
06-17 21:42:35.570 I/JTCLOG  ( 3535): InitState -> Register
06-17 21:42:35.570 I/JTCLOG  ( 3535): InitState -> Juice Sys NOT Started so do both Start and Registration
06-17 21:42:35.570 I/JTCLOG  ( 3535): JuiceModel -> Registering ...........
06-17 21:42:35.572 E/JTCLOG  ( 3535): networkConnectionType = WIFI
06-17 21:42:35.575 I/JTCLOG  ( 3535): JuiceModel -> SelfIp of type 2  = 2401:4900:889e:3737:29c9:e0e1:9359:1f2f
06-17 21:42:35.575 E/JTCLOG  ( 3535): MacUniqueID: e9:e1:f0:b3:88:de
06-17 21:42:35.575 I/JTCLOG  ( 3535): JuiceModel -> discover IDU services
06-17 21:42:35.775 E/ocessService0:( 2361): failed to create Unix domain socket: Operation not permitted
06-17 21:42:35.863 W/[ 3615.906664@0]  RTW(    0): fill_default_txdesc(wlan0): SP Packet(0x0806) rate=0x4 SeqNum = 3281
06-17 21:42:36.306 D/rtk_heartbeat(  373): heartbeat_timed_out: heartbeatCmdCount = 3580, expected nextSeqNum = 3580
06-17 21:42:36.307 D/rtk_heartbeat(  373): rtkbt_heartbeat_cmpl_cback: Current SeqNum = 3580,should SeqNum=3580, status = 0
06-17 21:42:36.446 I/        (    0): [ 3616.483383@1]  [bluebank] [usb_dec_thread] usb2_status=1, usb3_status=1
06-17 21:42:36.551 I/e.swalekh.abct( 1302): oneway function results will be dropped but finished with status OK and parcel size 4
06-17 21:42:36.662 I/chatty  ( 1759): uid=10021(com.iwedia.ui.rjio.launcher.reliance) expire 212 lines
06-17 21:42:36.673 I/chatty  (  420): uid=0(root) DK-SiCntrl expire 291 lines
06-17 21:42:36.806 I/ThermalService(  992): CPU temperatures: [55.600002]
06-17 21:42:37.306 D/rtk_heartbeat(  373): heartbeat_timed_out: heartbeatCmdCount = 3581, expected nextSeqNum = 3581
06-17 21:42:37.308 D/rtk_heartbeat(  373): rtkbt_heartbeat_cmpl_cback: Current SeqNum = 3581,should SeqNum=3581, status = 0
06-17 21:42:37.465 I/        (    0): [ 3617.507393@1]  [bluebank] [usb_dec_thread] usb2_status=1, usb3_status=1
06-17 21:42:37.610 I/chatty  ( 1416): uid=1000(system) DefaultDispatch expire 26 lines
06-17 21:42:37.610 I/chatty  ( 1856): uid=1000(system) Binder:1856_2 expire 30 lines
06-17 21:42:37.624 I/chatty  ( 1856): uid=1000(system) Binder:1856_1 expire 10 lines
06-17 21:42:37.775 E/ocessService0:( 2361): failed to create Unix domain socket: Operation not permitted
06-17 21:42:37.801 D/CommonClientNotiCbUtilsImpl( 1610): Not Received Valid Info
06-17 21:42:38.154 I/chatty  (  420): uid=0(root) dtvkit@1.0-serv expire 21 lines
06-17 21:42:38.307 D/rtk_heartbeat(  373): heartbeat_timed_out: heartbeatCmdCount = 3582, expected nextSeqNum = 3582
06-17 21:42:38.307 D/rtk_heartbeat(  373): rtkbt_heartbeat_cmpl_cback: Current SeqNum = 3582,should SeqNum=3582, status = 0
06-17 21:42:38.489 I/        (    0): [ 3618.531396@2]  [bluebank] [usb_dec_thread] usb2_status=1, usb3_status=1
06-17 21:42:38.577 I/chatty  (  502): uid=1000(system) Binder:502_A expire 2 lines
06-17 21:42:38.581 I/JTCLOG  ( 3535): JuiceModel ->  Discover Mesh ONT services started
06-17 21:42:38.649 I/e.swalekh.abct( 1302): oneway function results will be dropped but finished with status OK and parcel size 4
06-17 21:42:38.693 W/llkd    (  541): type=1400 audit(0.0:5154): avc: denied { ptrace } for scontext=u:r:llkd:s0 tcontext=u:r:kernel:s0 tclass=process permissive=0
06-17 21:42:38.701 W/[ 3618.745112@2]  audit(    0): audit_lost=4172 audit_rate_limit=5 audit_backlog_limit=64
06-17 21:42:38.701 E/[ 3618.745123@2]  audit(    0): rate limit exceeded
06-17 21:42:38.697 W/llkd    (  541): type=1400 audit(0.0:5158): avc: denied { ptrace } for scontext=u:r:llkd:s0 tcontext=u:r:kernel:s0 tclass=process permissive=0
06-17 21:42:38.822 I/ThermalService(  992): CPU temperatures: [56.2]
06-17 21:42:39.292 I/JioBackgroundSchedulerService( 2843): Check schedule  
06-17 21:42:39.307 D/rtk_heartbeat(  373): heartbeat_timed_out: heartbeatCmdCount = 3583, expected nextSeqNum = 3583
06-17 21:42:39.308 D/rtk_heartbeat(  373): rtkbt_heartbeat_cmpl_cback: Current SeqNum = 3583,should SeqNum=3583, status = 0
06-17 21:42:39.513 I/        (    0): [ 3619.555416@2]  [bluebank] [usb_dec_thread] usb2_status=1, usb3_status=1
06-17 21:42:39.550 I/chatty  (  502): uid=1000(system) WifiHandlerThre expire 10 lines
06-17 21:42:39.769 W/llkd    (  541): type=1400 audit(0.0:5277): avc: denied { ptrace } for scontext=u:r:llkd:s0 tcontext=u:r:kernel:s0 tclass=process permissive=0
06-17 21:42:39.775 E/ocessService0:( 2361): failed to create Unix domain socket: Operation not permitted
06-17 21:42:39.877 W/llkd    (  541): type=1400 audit(0.0:5278): avc: denied { ptrace } for scontext=u:r:llkd:s0 tcontext=u:r:kernel:s0 tclass=process permissive=0
06-17 21:42:39.877 W/llkd    (  541): type=1400 audit(0.0:5279): avc: denied { ptrace } for scontext=u:r:llkd:s0 tcontext=u:r:kernel:s0 tclass=process permissive=0
06-17 21:42:40.009 W/llkd    (  541): type=1400 audit(0.0:5280): avc: denied { ptrace } for scontext=u:r:llkd:s0 tcontext=u:r:kernel:s0 tclass=process permissive=0
06-17 21:42:40.009 W/llkd    (  541): type=1400 audit(0.0:5281): avc: denied { ptrace } for scontext=u:r:llkd:s0 tcontext=u:r:kernel:s0 tclass=process permissive=0
06-17 21:42:40.013 W/[ 3620.057738@2]  audit(    0): audit_lost=4290 audit_rate_limit=5 audit_backlog_limit=64
06-17 21:42:40.014 E/[ 3620.057748@2]  audit(    0): rate limit exceeded
06-17 21:42:40.017 W/livelock(  541): sample 1.325s
06-17 21:42:40.274 I/chatty  ( 1047): uid=1000(system) DefaultDispatch expire 15 lines
06-17 21:42:40.307 D/rtk_heartbeat(  373): heartbeat_timed_out: heartbeatCmdCount = 3584, expected nextSeqNum = 3584
06-17 21:42:40.308 D/rtk_heartbeat(  373): rtkbt_heartbeat_cmpl_cback: Current SeqNum = 3584,should SeqNum=3584, status = 0
06-17 21:42:40.412 I/chatty  (  948): uid=1000(system) -1281640025 expire 11 lines
06-17 21:42:40.537 I/        (    0): [ 3620.579394@1]  [bluebank] [usb_dec_thread] usb2_status=1, usb3_status=1
06-17 21:42:40.718 I/chatty  ( 1759): uid=10021(com.iwedia.ui.rjio.launcher.reliance) Binder:1759_1 expire 10 lines
06-17 21:42:40.729 I/e.swalekh.abct( 1302): oneway function results will be dropped but finished with status OK and parcel size 4
06-17 21:42:40.842 I/ThermalService(  992): CPU temperatures: [55.9]
06-17 21:42:41.189 W/[ 3621.231440@0]  RTW(    0): fill_default_txdesc(wlan0): SP Packet(0x0806) rate=0x4 SeqNum = 3841
06-17 21:42:41.307 D/rtk_heartbeat(  373): heartbeat_timed_out: heartbeatCmdCount = 3585, expected nextSeqNum = 3585
06-17 21:42:41.308 D/rtk_heartbeat(  373): rtkbt_heartbeat_cmpl_cback: Current SeqNum = 3585,should SeqNum=3585, status = 0
06-17 21:42:41.561 I/        (    0): [ 3621.603366@1]  [bluebank] [usb_dec_thread] usb2_status=1, usb3_status=1
06-17 21:42:41.584 I/JTCLOG  ( 3535): JuiceModel ->  getOldONTDetails() 
06-17 21:42:41.584 I/JTCLOG  ( 3535): JuiceModel -> Constants.BASEURL_PORT_7443:https://jiofiber.local.html:7443/
06-17 21:42:41.584 I/JTCLOG  ( 3535): JuiceModel -> FQDN=jiofiber.local.html
06-17 21:42:41.585 I/JTCLOG  ( 3535): JuiceModel -> getInfo() called with secured https----- -> count : 59
06-17 21:42:41.775 E/ocessService0:( 2361): failed to create Unix domain socket: Operation not permitted
06-17 21:42:41.978 I/chatty  (  420): uid=0(root) DK-LTTS_IP_DMXS expire 17 lines
06-17 21:42:42.307 D/rtk_heartbeat(  373): heartbeat_timed_out: heartbeatCmdCount = 3586, expected nextSeqNum = 3586
06-17 21:42:42.308 D/rtk_heartbeat(  373): rtkbt_heartbeat_cmpl_cback: Current SeqNum = 3586,should SeqNum=3586, status = 0
06-17 21:42:42.585 I/        (    0): [ 3622.627379@1]  [bluebank] [usb_dec_thread] usb2_status=1, usb3_status=1
06-17 21:42:42.806 I/e.swalekh.abct( 1302): oneway function results will be dropped but finished with status OK and parcel size 4
06-17 21:42:42.858 I/ThermalService(  992): CPU temperatures: [55.9]
06-17 21:42:43.307 D/rtk_heartbeat(  373): heartbeat_timed_out: heartbeatCmdCount = 3587, expected nextSeqNum = 3587
06-17 21:42:43.309 D/rtk_heartbeat(  373): rtkbt_heartbeat_cmpl_cback: Current SeqNum = 3587,should SeqNum=3587, status = 0
06-17 21:42:43.609 I/        (    0): [ 3623.651360@1]  [bluebank] [usb_dec_thread] usb2_status=1, usb3_status=1
06-17 21:42:43.775 E/ocessService0:( 2361): failed to create Unix domain socket: Operation not permitted
06-17 21:42:44.136 I/chatty  ( 1416): uid=1000(system) Binder:1416_4 expire 20 lines
06-17 21:42:44.308 D/rtk_heartbeat(  373): heartbeat_timed_out: heartbeatCmdCount = 3588, expected nextSeqNum = 3588
06-17 21:42:44.309 D/rtk_heartbeat(  373): rtkbt_heartbeat_cmpl_cback: Current SeqNum = 3588,should SeqNum=3588, status = 0
06-17 21:42:44.633 I/        (    0): [ 3624.675624@1]  [bluebank] [usb_dec_thread] usb2_status=1, usb3_status=1
06-17 21:42:44.874 I/ThermalService(  992): CPU temperatures: [55.9]
06-17 21:42:44.881 I/e.swalekh.abct( 1302): oneway function results will be dropped but finished with status OK and parcel size 4
06-17 21:42:44.895 I/chatty  ( 3507): uid=1000(system) RxComputationTh expire 16 lines
06-17 21:42:45.308 D/rtk_heartbeat(  373): heartbeat_timed_out: heartbeatCmdCount = 3589, expected nextSeqNum = 3589
06-17 21:42:45.309 D/rtk_heartbeat(  373): rtkbt_heartbeat_cmpl_cback: Current SeqNum = 3589,should SeqNum=3589, status = 0
06-17 21:42:45.606 I/chatty  ( 1700): uid=1000(system) AppOptimizerHan expire 10 lines
06-17 21:42:45.657 I/        (    0): [ 3625.699362@3]  [bluebank] [usb_dec_thread] usb2_status=1, usb3_status=1
06-17 21:42:45.776 E/ocessService0:( 2361): failed to create Unix domain socket: Operation not permitted
06-17 21:42:46.033 W/[ 3626.078669@0]  RTW(    0): fill_default_txdesc(wlan0): SP Packet(0x0806) rate=0x4 SeqNum = 221
06-17 21:42:46.308 D/rtk_heartbeat(  373): heartbeat_timed_out: heartbeatCmdCount = 3590, expected nextSeqNum = 3590
06-17 21:42:46.309 D/rtk_heartbeat(  373): rtkbt_heartbeat_cmpl_cback: Current SeqNum = 3590,should SeqNum=3590, status = 0
06-17 21:42:46.685 I/        (    0): [ 3626.727402@3]  [bluebank] [usb_dec_thread] usb2_status=1, usb3_status=1
06-17 21:42:46.890 I/ThermalService(  992): CPU temperatures: [55.800003]
06-17 21:42:46.942 I/e.swalekh.abct( 1302): oneway function results will be dropped but finished with status OK and parcel size 4
06-17 21:42:46.953 I/chatty  ( 3507): uid=1000(system) RxComputationTh expire 12 lines
06-17 21:42:47.308 D/rtk_heartbeat(  373): heartbeat_timed_out: heartbeatCmdCount = 3591, expected nextSeqNum = 3591
06-17 21:42:47.309 D/rtk_heartbeat(  373): rtkbt_heartbeat_cmpl_cback: Current SeqNum = 3591,should SeqNum=3591, status = 0
06-17 21:42:47.668 D/com.jiohome.bleserveradv.service.BluetoothController( 2998): scheduleAdvertising true
06-17 21:42:47.672 D/com.jiohome.bleserveradv.service.BluetoothController( 2998): devices in GattServer size [54:A9:C8:6F:93:DC]false
06-17 21:42:47.675 D/com.jiohome.bleserveradv.service.BluetoothController( 2998): stop Advertise
06-17 21:42:47.705 I/        (    0): [ 3627.747381@3]  [bluebank] [usb_dec_thread] usb2_status=1, usb3_status=1
06-17 21:42:47.776 E/ocessService0:( 2361): failed to create Unix domain socket: Operation not permitted
06-17 21:42:47.776 D/com.jiohome.bleserveradv.service.BluetoothController( 2998): start Advertise
06-17 21:42:47.776 D/BluetoothAdapter( 2998): isLeEnabled(): ON
06-17 21:42:47.779 D/BluetoothAdapter( 2998): isLeEnabled(): ON
06-17 21:42:47.788 D/BluetoothAdapterService(  769): getAdapterService() - returning com.android.bluetooth.btservice.AdapterService@b7b203e
06-17 21:42:47.805 D/com.jiohome.bleserveradv.service.BluetoothController( 2998): Restart  onStartSuccess
06-17 21:42:47.974 I/chatty  ( 1759): uid=10021(com.iwedia.ui.rjio.launcher.reliance) expire 7 lines
06-17 21:42:48.308 D/rtk_heartbeat(  373): heartbeat_timed_out: heartbeatCmdCount = 3592, expected nextSeqNum = 3592
06-17 21:42:48.309 D/rtk_heartbeat(  373): rtkbt_heartbeat_cmpl_cback: Current SeqNum = 3592,should SeqNum=3592, status = 0
06-17 21:42:48.659 I/chatty  (  420): uid=0(root) dtvkit@1.0-serv expire 24 lines
06-17 21:42:48.729 I/        (    0): [ 3628.771410@3]  [bluebank] [usb_dec_thread] usb2_status=1, usb3_status=1
06-17 21:42:48.906 I/ThermalService(  992): CPU temperatures: [55.7]
06-17 21:42:48.991 I/chatty  ( 1759): uid=10021(com.iwedia.ui.rjio.launcher.reliance) expire 178 lines
06-17 21:42:49.018 I/e.swalekh.abct( 1302): oneway function results will be dropped but finished with status OK and parcel size 4
06-17 21:42:49.035 I/chatty  ( 3507): uid=1000(system) RxComputationTh expire 12 lines
06-17 21:42:49.292 I/JioBackgroundSchedulerService( 2843): Check schedule  
06-17 21:42:49.309 D/rtk_heartbeat(  373): heartbeat_timed_out: heartbeatCmdCount = 3593, expected nextSeqNum = 3593
06-17 21:42:49.310 D/rtk_heartbeat(  373): rtkbt_heartbeat_cmpl_cback: Current SeqNum = 3593,should SeqNum=3593, status = 0
06-17 21:42:49.753 I/        (    0): [ 3629.795382@3]  [bluebank] [usb_dec_thread] usb2_status=1, usb3_status=1
06-17 21:42:49.776 E/ocessService0:( 2361): failed to create Unix domain socket: Operation not permitted
06-17 21:42:50.309 D/rtk_heartbeat(  373): heartbeat_timed_out: heartbeatCmdCount = 3594, expected nextSeqNum = 3594
06-17 21:42:50.310 D/rtk_heartbeat(  373): rtkbt_heartbeat_cmpl_cback: Current SeqNum = 3594,should SeqNum=3594, status = 0
06-17 21:42:50.384 D/AudioAnalytics(  520): expiring previous audio state after 3600 seconds.
06-17 21:42:50.777 I/        (    0): [ 3630.819408@1]  [bluebank] [usb_dec_thread] usb2_status=1, usb3_status=1
06-17 21:42:50.831 W/[ 3630.874677@1]  RTW(    0): fill_default_txdesc(wlan0): SP Packet(0x0806) rate=0x4 SeqNum = 684
06-17 21:42:50.922 I/ThermalService(  992): CPU temperatures: [56.4]
06-17 21:42:51.105 I/e.swalekh.abct( 1302): oneway function results will be dropped but finished with status OK and parcel size 4
06-17 21:42:51.309 D/rtk_heartbeat(  373): heartbeat_timed_out: heartbeatCmdCount = 3595, expected nextSeqNum = 3595
06-17 21:42:51.310 D/rtk_heartbeat(  373): rtkbt_heartbeat_cmpl_cback: Current SeqNum = 3595,should SeqNum=3595, status = 0
06-17 21:42:51.415 I/chatty  (  948): uid=1000(system) -1281640025 expire 11 lines
06-17 21:42:51.776 E/ocessService0:( 2361): failed to create Unix domain socket: Operation not permitted
06-17 21:42:51.805 I/        (    0): [ 3631.847394@1]  [bluebank] [usb_dec_thread] usb2_status=1, usb3_status=1
06-17 21:42:51.937 I/UsageStatsService(  502): User[0] Flushing usage stats to disk
06-17 21:42:52.309 D/rtk_heartbeat(  373): heartbeat_timed_out: heartbeatCmdCount = 3596, expected nextSeqNum = 3596
06-17 21:42:52.310 D/rtk_heartbeat(  373): rtkbt_heartbeat_cmpl_cback: Current SeqNum = 3596,should SeqNum=3596, status = 0
06-17 21:42:52.825 I/        (    0): [ 3632.867375@3]  [bluebank] [usb_dec_thread] usb2_status=1, usb3_status=1
06-17 21:42:52.938 I/ThermalService(  992): CPU temperatures: [56.000004]
06-17 21:42:52.998 I/chatty  ( 1759): uid=10021(com.iwedia.ui.rjio.launcher.reliance) expire 3 lines
06-17 21:42:53.206 I/e.swalekh.abct( 1302): oneway function results will be dropped but finished with status OK and parcel size 4
06-17 21:42:53.309 D/rtk_heartbeat(  373): heartbeat_timed_out: heartbeatCmdCount = 3597, expected nextSeqNum = 3597
06-17 21:42:53.311 D/rtk_heartbeat(  373): rtkbt_heartbeat_cmpl_cback: Current SeqNum = 3597,should SeqNum=3597, status = 0
06-17 21:42:53.777 E/ocessService0:( 2361): failed to create Unix domain socket: Operation not permitted
06-17 21:42:53.849 I/        (    0): [ 3633.891379@3]  [bluebank] [usb_dec_thread] usb2_status=1, usb3_status=1
06-17 21:42:54.309 D/rtk_heartbeat(  373): heartbeat_timed_out: heartbeatCmdCount = 3598, expected nextSeqNum = 3598
06-17 21:42:54.311 D/rtk_heartbeat(  373): rtkbt_heartbeat_cmpl_cback: Current SeqNum = 3598,should SeqNum=3598, status = 0
06-17 21:42:54.873 I/        (    0): [ 3634.915507@3]  [bluebank] [usb_dec_thread] usb2_status=1, usb3_status=1
06-17 21:42:54.955 I/ThermalService(  992): CPU temperatures: [55.7]
06-17 21:42:55.278 I/chatty  ( 1047): uid=1000(system) DefaultDispatch expire 15 lines
06-17 21:42:55.285 I/e.swalekh.abct( 1302): oneway function results will be dropped but finished with status OK and parcel size 4
06-17 21:42:55.310 D/rtk_heartbeat(  373): heartbeat_timed_out: heartbeatCmdCount = 3599, expected nextSeqNum = 3599
06-17 21:42:55.311 D/rtk_heartbeat(  373): rtkbt_heartbeat_cmpl_cback: Current SeqNum = 3599,should SeqNum=3599, status = 0
06-17 21:42:55.777 E/ocessService0:( 2361): failed to create Unix domain socket: Operation not permitted
06-17 21:42:55.897 I/        (    0): [ 3635.939379@3]  [bluebank] [usb_dec_thread] usb2_status=1, usb3_status=1
06-17 21:42:56.310 D/rtk_heartbeat(  373): heartbeat_timed_out: heartbeatCmdCount = 3600, expected nextSeqNum = 3600
06-17 21:42:56.311 D/rtk_heartbeat(  373): rtkbt_heartbeat_cmpl_cback: Current SeqNum = 3600,should SeqNum=3600, status = 0
06-17 21:42:56.665 W/[ 3636.707487@0]  RTW(    0): fill_default_txdesc(wlan0): SP Packet(0x0806) rate=0x4 SeqNum = 1145
06-17 21:42:56.701 W/[ 3636.744019@1]  RTW(    0): fill_default_txdesc(wlan0): SP Packet(0x0806) rate=0x4 SeqNum = 1151
06-17 21:42:56.921 I/        (    0): [ 3636.963379@3]  [bluebank] [usb_dec_thread] usb2_status=1, usb3_status=1
06-17 21:42:56.970 I/ThermalService(  992): CPU temperatures: [55.9]
06-17 21:42:57.162 I/chatty  (  420): uid=0(root) DK-Emm_ReadNetw expire 101 lines
06-17 21:42:57.310 D/rtk_heartbeat(  373): heartbeat_timed_out: heartbeatCmdCount = 3601, expected nextSeqNum = 3601
06-17 21:42:57.311 D/rtk_heartbeat(  373): rtkbt_heartbeat_cmpl_cback: Current SeqNum = 3601,should SeqNum=3601, status = 0
06-17 21:42:57.345 W/pool-8-thread-1( 3593): type=1400 audit(0.0:5287): avc: denied { read } for name="arp" dev="proc" ino=4026532018 scontext=u:r:untrusted_app_27:s0:c76,c256,c512,c768 tcontext=u:object_r:proc_net:s0 tclass=file permissive=0 app=com.jio.myhome.mediasharedmp
06-17 21:42:57.349 W/pool-8-thread-1( 3593): type=1400 audit(0.0:5289): avc: denied { read } for name="arp" dev="proc" ino=4026532018 scontext=u:r:untrusted_app_27:s0:c76,c256,c512,c768 tcontext=u:object_r:proc_net:s0 tclass=file permissive=0 app=com.jio.myhome.mediasharedmp
06-17 21:42:57.363 I/e.swalekh.abct( 1302): oneway function results will be dropped but finished with status OK and parcel size 4
06-17 21:42:57.777 E/ocessService0:( 2361): failed to create Unix domain socket: Operation not permitted
06-17 21:42:57.801 I/chatty  (  420): uid=0(root) HwBinder:420_1 expire 10 lines
06-17 21:42:57.802 D/CommonClientNotiCbUtilsImpl( 1610): Not Received Valid Info
06-17 21:42:57.945 I/        (    0): [ 3637.987373@1]  [bluebank] [usb_dec_thread] usb2_status=1, usb3_status=1
06-17 21:42:58.310 D/rtk_heartbeat(  373): heartbeat_timed_out: heartbeatCmdCount = 3602, expected nextSeqNum = 3602
06-17 21:42:58.311 D/rtk_heartbeat(  373): rtkbt_heartbeat_cmpl_cback: Current SeqNum = 3602,should SeqNum=3602, status = 0
06-17 21:42:58.670 I/chatty  (  420): uid=0(root) dtvkit@1.0-serv expire 33 lines
06-17 21:42:58.969 I/        (    0): [ 3639.011424@1]  [bluebank] [usb_dec_thread] usb2_status=1, usb3_status=1
06-17 21:42:58.990 I/ThermalService(  992): CPU temperatures: [56.000004]
06-17 21:42:59.001 W/        ( 3593): type=1400 audit(0.0:5290): avc: denied { read } for name="arp" dev="proc" ino=4026532018 scontext=u:r:untrusted_app_27:s0:c76,c256,c512,c768 tcontext=u:object_r:proc_net:s0 tclass=file permissive=0 app=com.jio.myhome.mediasharedmp
06-17 21:42:59.001 W/        ( 3593): type=1400 audit(0.0:5291): avc: denied { read } for name="arp" dev="proc" ino=4026532018 scontext=u:r:untrusted_app_27:s0:c76,c256,c512,c768 tcontext=u:object_r:proc_net:s0 tclass=file permissive=0 app=com.jio.myhome.mediasharedmp
06-17 21:42:59.292 I/JioBackgroundSchedulerService( 2843): Check schedule  
06-17 21:42:59.310 D/rtk_heartbeat(  373): heartbeat_timed_out: heartbeatCmdCount = 3603, expected nextSeqNum = 3603
06-17 21:42:59.311 D/rtk_heartbeat(  373): rtkbt_heartbeat_cmpl_cback: Current SeqNum = 3603,should SeqNum=3603, status = 0
06-17 21:42:59.458 I/e.swalekh.abct( 1302): oneway function results will be dropped but finished with status OK and parcel size 4
06-17 21:42:59.467 I/chatty  ( 3507): uid=1000(system) RxComputationTh expire 12 lines
06-17 21:42:59.526 I/chatty  ( 1759): uid=10021(com.iwedia.ui.rjio.launcher.reliance) expire 180 lines
06-17 21:42:59.777 E/ocessService0:( 2361): failed to create Unix domain socket: Operation not permitted
06-17 21:42:59.993 I/        (    0): [ 3640.035371@2]  [bluebank] [usb_dec_thread] usb2_status=1, usb3_status=1
06-17 21:43:00.311 D/rtk_heartbeat(  373): heartbeat_timed_out: heartbeatCmdCount = 3604, expected nextSeqNum = 3604
06-17 21:43:00.312 D/rtk_heartbeat(  373): rtkbt_heartbeat_cmpl_cback: Current SeqNum = 3604,should SeqNum=3604, status = 0
06-17 21:43:00.793 W/[ 3640.835553@1]  RTW(    0): fill_default_txdesc(wlan0): SP Packet(0x0806) rate=0x4 SeqNum = 1511
06-17 21:43:01.006 I/ThermalService(  992): CPU temperatures: [55.800003]
06-17 21:43:01.017 I/        (    0): [ 3641.059407@3]  [bluebank] [usb_dec_thread] usb2_status=1, usb3_status=1
06-17 21:43:01.311 D/rtk_heartbeat(  373): heartbeat_timed_out: heartbeatCmdCount = 3605, expected nextSeqNum = 3605
06-17 21:43:01.312 D/rtk_heartbeat(  373): rtkbt_heartbeat_cmpl_cback: Current SeqNum = 3605,should SeqNum=3605, status = 0
06-17 21:43:01.534 I/e.swalekh.abct( 1302): oneway function results will be dropped but finished with status OK and parcel size 4
06-17 21:43:01.617 E/JTCLOG  ( 3535): JuiceModel -> onFailure to get Account Info java.net.SocketTimeoutException: failed to connect to /192.168.1.1 (port 7443) from /192.168.1.29 (port 34884) after 10000ms
06-17 21:43:01.618 I/JTCLOG  ( 3535): StateHandler -> GET_FLN_FAILED
06-17 21:43:01.626 I/JTCLOG  ( 3535): JuicePresenter -> GET_FLN_FAILED
06-17 21:43:01.626 I/JTCLOG  ( 3535): JtcForegroundService ->FLN Not Found -> Retry after every 30 seconds
06-17 21:43:01.626 I/JTCLOG  ( 3535): JuicePresenter -> GET_FLN_FAILED
06-17 21:43:01.777 E/ocessService0:( 2361): failed to create Unix domain socket: Operation not permitted
06-17 21:43:02.041 I/        (    0): [ 3642.083358@3]  [bluebank] [usb_dec_thread] usb2_status=1, usb3_status=1
06-17 21:43:02.311 D/rtk_heartbeat(  373): heartbeat_timed_out: heartbeatCmdCount = 3606, expected nextSeqNum = 3606
06-17 21:43:02.312 D/rtk_heartbeat(  373): rtkbt_heartbeat_cmpl_cback: Current SeqNum = 3606,should SeqNum=3606, status = 0
06-17 21:43:02.419 I/chatty  (  948): uid=1000(system) -1281640025 expire 11 lines
06-17 21:43:03.022 I/ThermalService(  992): CPU temperatures: [55.9]
06-17 21:43:03.066 I/        (    0): [ 3643.107593@1]  [bluebank] [usb_dec_thread] usb2_status=1, usb3_status=1
06-17 21:43:03.311 D/rtk_heartbeat(  373): heartbeat_timed_out: heartbeatCmdCount = 3607, expected nextSeqNum = 3607
06-17 21:43:03.313 D/rtk_heartbeat(  373): rtkbt_heartbeat_cmpl_cback: Current SeqNum = 3607,should SeqNum=3607, status = 0
06-17 21:43:03.616 I/e.swalekh.abct( 1302): oneway function results will be dropped but finished with status OK and parcel size 4
06-17 21:43:03.778 E/ocessService0:( 2361): failed to create Unix domain socket: Operation not permitted
06-17 21:43:04.007 V/DisplayPowerController(  502): Brightness [0.05] reason changing to: 'manual [ dim ]', previous reason: 'manual'.
06-17 21:43:04.089 I/        (    0): [ 3644.131382@1]  [bluebank] [usb_dec_thread] usb2_status=1, usb3_status=1
06-17 21:43:04.162 I/chatty  ( 1416): uid=1000(system) Binder:1416_4 expire 10 lines
06-17 21:43:04.311 D/rtk_heartbeat(  373): heartbeat_timed_out: heartbeatCmdCount = 3608, expected nextSeqNum = 3608
06-17 21:43:04.313 D/rtk_heartbeat(  373): rtkbt_heartbeat_cmpl_cback: Current SeqNum = 3608,should SeqNum=3608, status = 0
06-17 21:43:05.038 I/ThermalService(  992): CPU temperatures: [55.9]
06-17 21:43:05.113 I/        (    0): [ 3645.155383@1]  [bluebank] [usb_dec_thread] usb2_status=1, usb3_status=1
06-17 21:43:05.312 D/rtk_heartbeat(  373): heartbeat_timed_out: heartbeatCmdCount = 3609, expected nextSeqNum = 3609
06-17 21:43:05.313 D/rtk_heartbeat(  373): rtkbt_heartbeat_cmpl_cback: Current SeqNum = 3609,should SeqNum=3609, status = 0
06-17 21:43:05.698 I/e.swalekh.abct( 1302): oneway function results will be dropped but finished with status OK and parcel size 4
06-17 21:43:05.778 E/ocessService0:( 2361): failed to create Unix domain socket: Operation not permitted
06-17 21:43:05.785 I/chatty  ( 1700): uid=1000(system) AppOptimizerHan expire 10 lines
06-17 21:43:05.832 I/chatty  (  420): uid=0(root) DK-SiCntrl expire 104 lines
06-17 21:43:05.889 W/[ 3645.933535@1]  RTW(    0): fill_default_txdesc(wlan0): SP Packet(0x0806) rate=0x4 SeqNum = 2011
06-17 21:43:06.137 I/        (    0): [ 3646.179361@1]  [bluebank] [usb_dec_thread] usb2_status=1, usb3_status=1
06-17 21:43:06.312 D/rtk_heartbeat(  373): heartbeat_timed_out: heartbeatCmdCount = 3610, expected nextSeqNum = 3610
06-17 21:43:06.313 D/rtk_heartbeat(  373): rtkbt_heartbeat_cmpl_cback: Current SeqNum = 3610,should SeqNum=3610, status = 0
06-17 21:43:07.054 I/ThermalService(  992): CPU temperatures: [55.9]
06-17 21:43:07.161 I/        (    0): [ 3647.203388@3]  [bluebank] [usb_dec_thread] usb2_status=1, usb3_status=1
06-17 21:43:07.312 D/rtk_heartbeat(  373): heartbeat_timed_out: heartbeatCmdCount = 3611, expected nextSeqNum = 3611
06-17 21:43:07.313 D/rtk_heartbeat(  373): rtkbt_heartbeat_cmpl_cback: Current SeqNum = 3611,should SeqNum=3611, status = 0
06-17 21:43:07.778 E/ocessService0:( 2361): failed to create Unix domain socket: Operation not permitted
06-17 21:43:07.791 I/e.swalekh.abct( 1302): oneway function results will be dropped but finished with status OK and parcel size 4
06-17 21:43:08.185 I/        (    0): [ 3648.227370@1]  [bluebank] [usb_dec_thread] usb2_status=1, usb3_status=1
06-17 21:43:08.312 D/rtk_heartbeat(  373): heartbeat_timed_out: heartbeatCmdCount = 3612, expected nextSeqNum = 3612
06-17 21:43:08.313 D/rtk_heartbeat(  373): rtkbt_heartbeat_cmpl_cback: Current SeqNum = 3612,should SeqNum=3612, status = 0
06-17 21:43:08.345 V/Handler ( 2572): running
06-17 21:43:09.070 I/ThermalService(  992): CPU temperatures: [55.9]
06-17 21:43:09.130 I/chatty  ( 1416): uid=1000(system) Binder:1416_6 expire 10 lines
06-17 21:43:09.209 I/        (    0): [ 3649.251370@1]  [bluebank] [usb_dec_thread] usb2_status=1, usb3_status=1
06-17 21:43:09.292 I/JioBackgroundSchedulerService( 2843): Check schedule  
06-17 21:43:09.312 D/rtk_heartbeat(  373): heartbeat_timed_out: heartbeatCmdCount = 3613, expected nextSeqNum = 3613
06-17 21:43:09.313 D/rtk_heartbeat(  373): rtkbt_heartbeat_cmpl_cback: Current SeqNum = 3613,should SeqNum=3613, status = 0
06-17 21:43:09.637 I/chatty  (  502): uid=1000(system) WifiHandlerThre expire 10 lines
06-17 21:43:09.778 E/ocessService0:( 2361): failed to create Unix domain socket: Operation not permitted
06-17 21:43:09.873 I/e.swalekh.abct( 1302): oneway function results will be dropped but finished with status OK and parcel size 4
06-17 21:43:09.895 I/chatty  ( 1759): uid=10021(com.iwedia.ui.rjio.launcher.reliance) expire 226 lines
06-17 21:43:10.151 I/A_TIP   ( 1473): 1549977347 -> HV: 4.1.10-STB (2122407090), AV: 4.1.10 (2122407090)
06-17 21:43:10.151 I/A_TIP   ( 1473): 1549977347 -> LI: 01-01-2015 00:00:05.884, RM: PRODUCTION, AP: Disabled, JP: Disabled
06-17 21:43:10.151 I/A_TIP   ( 1473): 1549977347 -> E : 75
06-17 21:43:10.151 I/A_TIP   ( 1473): 1549977347 -> LU: 06-17-2025 21:30:29.306 (12 minutes and 40 seconds ago)
06-17 21:43:10.151 I/A_TIP   ( 1473): 1549977347 -> LR: OK, LE: 
06-17 21:43:10.151 I/A_TIP   ( 1473): 1549977347 -> NU: 06-17-2025 21:45:29.311 (In 2 minutes and 19 seconds)
06-17 21:43:10.151 I/A_TIP   ( 1473): 1549977347 -> FI: 9965fcd0-1b3f-4377-a500-3a4577f9fc6e
06-17 21:43:10.151 I/A_TIP   ( 1473): 1549977347 -> BI: [{"T":"c", "P":1, "BI":"a157ad11-2c92-462f-bae5-7309d5d483ed", "BS":7}, {"T":"h", "P":1, "BI":"50ebfe2b-065a-4a69-be00-9d2fee5f1197", "BS":15}, {"T":"d", "P":1, "BI":"c4b2850d-63d2-4b2a-9b53-ef2066787993", "BS":4}]
06-17 21:43:10.151 I/A_TIP   ( 1473): 1549977347 -> CD: []
06-17 21:43:10.152 I/A_TIP   ( 1473): 1549977347 -> TS-n: 2624
06-17 21:43:10.152 I/A_TIP   ( 1473): 1549977347 -> TS-d: 1328
06-17 21:43:10.153 I/A_TIP   ( 1473): 1549977347 -> TS-a: 1084
06-17 21:43:10.153 I/A_TIP   ( 1473): 1549977347 -> TS-c: 18269
06-17 21:43:10.155 I/A_TIP   ( 1473): 1549977347 -> TS-h: 9561
06-17 21:43:10.155 I/A_TIP   ( 1473): 1549977347 -> TS-all: 32866
06-17 21:43:10.233 I/        (    0): [ 3650.275372@2]  [bluebank] [usb_dec_thread] usb2_status=1, usb3_status=1
06-17 21:43:10.281 I/chatty  ( 1047): uid=1000(system) DefaultDispatch expire 15 lines
06-17 21:43:10.312 D/rtk_heartbeat(  373): heartbeat_timed_out: heartbeatCmdCount = 3614, expected nextSeqNum = 3614
06-17 21:43:10.314 D/rtk_heartbeat(  373): rtkbt_heartbeat_cmpl_cback: Current SeqNum = 3614,should SeqNum=3614, status = 0
06-17 21:43:10.941 W/[ 3650.985587@0]  RTW(    0): fill_default_txdesc(wlan0): SP Packet(0x0806) rate=0x4 SeqNum = 2483
06-17 21:43:11.087 I/ThermalService(  992): CPU temperatures: [56.000004]
06-17 21:43:11.189 I/chatty  ( 1759): uid=10021(com.iwedia.ui.rjio.launcher.reliance) DefaultDispatch expire 29 lines
06-17 21:43:11.195 I/chatty  ( 1759): uid=10021(com.iwedia.ui.rjio.launcher.reliance) pool-288-thread expire 49 lines
06-17 21:43:11.210 I/chatty  ( 1759): uid=10021(com.iwedia.ui.rjio.launcher.reliance) pool-289-thread expire 2 lines
06-17 21:43:11.259 I/        (    0): [ 3651.299408@2]  [bluebank] [usb_dec_thread] usb2_status=1, usb3_status=1
06-17 21:43:11.278 I/chatty  ( 1759): uid=10021(com.iwedia.ui.rjio.launcher.reliance) pool-291-thread expire 54 lines
06-17 21:43:11.281 I/chatty  ( 1759): uid=10021(com.iwedia.ui.rjio.launcher.reliance) pool-292-thread expire 2 lines
06-17 21:43:11.313 D/rtk_heartbeat(  373): heartbeat_timed_out: heartbeatCmdCount = 3615, expected nextSeqNum = 3615
06-17 21:43:11.314 D/rtk_heartbeat(  373): rtkbt_heartbeat_cmpl_cback: Current SeqNum = 3615,should SeqNum=3615, status = 0
06-17 21:43:11.353 I/chatty  ( 1759): uid=10021(com.iwedia.ui.rjio.launcher.reliance) pool-294-thread expire 55 lines
06-17 21:43:11.357 I/chatty  ( 1759): uid=10021(com.iwedia.ui.rjio.launcher.reliance) pool-295-thread expire 55 lines
06-17 21:43:11.430 I/chatty  ( 1759): uid=10021(com.iwedia.ui.rjio.launcher.reliance) DefaultDispatch expire 23 lines
06-17 21:43:11.433 I/chatty  ( 1759): uid=10021(com.iwedia.ui.rjio.launcher.reliance) pool-298-thread expire 55 lines
06-17 21:43:11.437 I/chatty  ( 1759): uid=10021(com.iwedia.ui.rjio.launcher.reliance) pool-299-thread expire 2 lines
06-17 21:43:11.516 I/chatty  ( 1759): uid=10021(com.iwedia.ui.rjio.launcher.reliance) pool-301-thread expire 55 lines
06-17 21:43:11.519 I/chatty  ( 1759): uid=10021(com.iwedia.ui.rjio.launcher.reliance) pool-302-thread expire 51 lines
06-17 21:43:11.620 I/chatty  ( 1759): uid=10021(com.iwedia.ui.rjio.launcher.reliance) expire 34 lines
06-17 21:43:11.633 I/chatty  ( 1759): uid=10021(com.iwedia.ui.rjio.launcher.reliance) expire 34 lines
06-17 21:43:11.642 I/chatty  ( 1759): uid=10021(com.iwedia.ui.rjio.launcher.reliance) expire 34 lines
06-17 21:43:11.701 I/chatty  ( 1759): uid=10021(com.iwedia.ui.rjio.launcher.reliance) expire 34 lines
06-17 21:43:11.767 I/chatty  ( 1759): uid=10021(com.iwedia.ui.rjio.launcher.reliance) expire 34 lines
06-17 21:43:11.779 E/ocessService0:( 2361): failed to create Unix domain socket: Operation not permitted
06-17 21:43:11.781 I/chatty  ( 1759): uid=10021(com.iwedia.ui.rjio.launcher.reliance) expire 34 lines
06-17 21:43:11.949 I/chatty  ( 1759): uid=10021(com.iwedia.ui.rjio.launcher.reliance) expire 2 lines
06-17 21:43:11.952 I/e.swalekh.abct( 1302): oneway function results will be dropped but finished with status OK and parcel size 4
06-17 21:43:11.969 I/chatty  ( 3507): uid=1000(system) RxComputationTh expire 12 lines
06-17 21:43:12.282 I/        (    0): [ 3652.323363@2]  [bluebank] [usb_dec_thread] usb2_status=1, usb3_status=1
06-17 21:43:12.313 D/rtk_heartbeat(  373): heartbeat_timed_out: heartbeatCmdCount = 3616, expected nextSeqNum = 3616
06-17 21:43:12.314 D/rtk_heartbeat(  373): rtkbt_heartbeat_cmpl_cback: Current SeqNum = 3616,should SeqNum=3616, status = 0
06-17 21:43:13.102 I/ThermalService(  992): CPU temperatures: [55.9]
06-17 21:43:13.307 I/        (    0): [ 3653.347390@2]  [bluebank] [usb_dec_thread] usb2_status=1, usb3_status=1
06-17 21:43:13.313 D/rtk_heartbeat(  373): heartbeat_timed_out: heartbeatCmdCount = 3617, expected nextSeqNum = 3617
06-17 21:43:13.314 D/rtk_heartbeat(  373): rtkbt_heartbeat_cmpl_cback: Current SeqNum = 3617,should SeqNum=3617, status = 0
06-17 21:43:13.422 I/chatty  (  948): uid=1000(system) -1281640025 expire 11 lines
06-17 21:43:13.675 I/chatty  (  420): uid=0(root) dtvkit@1.0-serv expire 33 lines
06-17 21:43:13.779 E/ocessService0:( 2361): failed to create Unix domain socket: Operation not permitted
06-17 21:43:14.020 I/chatty  ( 1759): uid=10021(com.iwedia.ui.rjio.launcher.reliance) Binder:1759_4 expire 3 lines
06-17 21:43:14.022 I/e.swalekh.abct( 1302): oneway function results will be dropped but finished with status OK and parcel size 4
06-17 21:43:14.034 I/chatty  ( 3507): uid=1000(system) RxComputationTh expire 12 lines
06-17 21:43:14.313 D/rtk_heartbeat(  373): heartbeat_timed_out: heartbeatCmdCount = 3618, expected nextSeqNum = 3618
06-17 21:43:14.314 D/rtk_heartbeat(  373): rtkbt_heartbeat_cmpl_cback: Current SeqNum = 3618,should SeqNum=3618, status = 0
06-17 21:43:14.329 I/        (    0): [ 3654.371368@3]  [bluebank] [usb_dec_thread] usb2_status=1, usb3_status=1
06-17 21:43:15.118 I/ThermalService(  992): CPU temperatures: [55.800003]
06-17 21:43:15.313 D/rtk_heartbeat(  373): heartbeat_timed_out: heartbeatCmdCount = 3619, expected nextSeqNum = 3619
06-17 21:43:15.315 D/rtk_heartbeat(  373): rtkbt_heartbeat_cmpl_cback: Current SeqNum = 3619,should SeqNum=3619, status = 0
06-17 21:43:15.353 I/        (    0): [ 3655.395393@2]  [bluebank] [usb_dec_thread] usb2_status=1, usb3_status=1
06-17 21:43:15.779 E/ocessService0:( 2361): failed to create Unix domain socket: Operation not permitted
06-17 21:43:15.981 I/chatty  (  420): uid=0(root) DK-LTTS_IP_DMXS expire 10 lines
06-17 21:43:16.027 W/[ 3656.068845@0]  RTW(    0): fill_default_txdesc(wlan0): SP Packet(0x0806) rate=0x4 SeqNum = 3265
06-17 21:43:16.114 I/e.swalekh.abct( 1302): oneway function results will be dropped but finished with status OK and parcel size 4
06-17 21:43:16.252 I/chatty  (  420): uid=0(root) DK-SiCntrl expire 131 lines
06-17 21:43:16.314 D/rtk_heartbeat(  373): heartbeat_timed_out: heartbeatCmdCount = 3620, expected nextSeqNum = 3620
06-17 21:43:16.315 D/rtk_heartbeat(  373): rtkbt_heartbeat_cmpl_cback: Current SeqNum = 3620,should SeqNum=3620, status = 0
06-17 21:43:16.377 I/        (    0): [ 3656.419383@2]  [bluebank] [usb_dec_thread] usb2_status=1, usb3_status=1
06-17 21:43:16.633 W/[ 3656.675519@3]  RTW(    0): fill_default_txdesc(wlan0): SP Packet(0x0806) rate=0x4 SeqNum = 3325
06-17 21:43:17.134 I/ThermalService(  992): CPU temperatures: [56.000004]
06-17 21:43:17.159 D/JioCastDialServer( 2967): InitiateMulticastUDPConnection :: onUDPMessageReceived() M_SEARCH_REQUEST matches
06-17 21:43:17.160 D/JioCastDialServer( 2967): InitiateMulticastUDPConnection :: onUDPMessageReceived remoteAddress=/192.168.1.9 remotePort=37170
06-17 21:43:17.160 D/JioCastDialServer( 2967): InitiateMulticastUDPConnection :: restService remoteAddress=/192.168.1.10:43262
06-17 21:43:17.160 D/JioCastDialServer( 2967): Utils :: getUUID()
06-17 21:43:17.160 D/JioCastDialServer( 2967): InitiateMulticastUDPConnection :: onUDPMessageReceived() Sent MSEARCH Reponse
06-17 21:43:17.160 D/JioCastDialServer( 2967): InitiateMulticastUDPConnection :: startDialServiceDiscovery()
06-17 21:43:17.160 D/JioCastDialServer( 2967): InitiateMulticastUDPConnection :: DialSocket is Closed()
06-17 21:43:17.314 D/rtk_heartbeat(  373): heartbeat_timed_out: heartbeatCmdCount = 3621, expected nextSeqNum = 3621
