06-17 21:50:04.675 I/appium  (17762): channel read: GET /session/f3e15fd3-f2f2-483e-9200-e178e3b0810a/element/00000000-0000-001f-ffff-ffff000000d1/attribute/displayed
06-17 21:50:04.676 I/appium  (17762): GetElementAttribute command
06-17 21:50:04.685 I/appium  (17762): AppiumResponse: {"sessionId":"f3e15fd3-f2f2-483e-9200-e178e3b0810a","value":"true"}
06-17 21:50:04.711 I/appium  (17762): channel read: POST /session/f3e15fd3-f2f2-483e-9200-e178e3b0810a/element/00000000-0000-001f-ffff-ffff000000d1/click
06-17 21:50:04.712 I/appium  (17762): Click command
06-17 21:50:04.764 W/GestureController(17762): Gestures took longer than expected (42ms >> 16ms), device might be in a busy state.
06-17 21:50:04.765 I/appium  (17762): Waiting up to 10000ms for the device to idle
06-17 21:50:04.770 I/appium  (17762): AppiumResponse: {"sessionId":"f3e15fd3-f2f2-483e-9200-e178e3b0810a","value":null}
06-17 21:50:04.773 D/InputMethodService( 1302): JioHomeManagerService::showWindow()::notifyJioHomeAboutIMEVisibility(IME_SHOWN) isInputViewShown()::true
06-17 21:50:04.780 D/InputMethodService( 1302): JioHomeMangerService::notifyJioHomeAboutIMEVisibility()::EDIT_TEXT_FOCUS_KEY Value::true Action::com.iwedia.action.SHOW_SOFT_INPUT isVisble :: true
06-17 21:50:04.783 D/com.jiohome.stb.common.MessageManager( 2998): Focus State :: EDIT TEXT FOCUSED
06-17 21:50:04.785 D/memtrack_aml(  390): debugfs path
06-17 21:50:04.799 I/appium  (17762): channel read: POST /session/f3e15fd3-f2f2-483e-9200-e178e3b0810a/element/00000000-0000-001f-ffff-ffff000000d1/value
06-17 21:50:04.801 I/appium  (17762): SendKeysToElement command
06-17 21:50:04.809 D/InputMethod( 1302): JioHomeManagerService::hideSoftInput()::notifyJioHomeAboutIMEVisibility(IME_HIDDEN) isInputViewShown()::false
06-17 21:50:04.809 D/InputMethodService( 1302): JioHomeMangerService::notifyJioHomeAboutIMEVisibility()::EDIT_TEXT_FOCUS_KEY Value::false Action::com.iwedia.action.SHOW_SOFT_INPUT isVisble :: false
06-17 21:50:04.811 D/com.jiohome.stb.common.MessageManager( 2998): Focus State :: EDIT TEXT FOCUSED
06-17 21:50:04.837 V/DigitalSignage(  502): Package Name: null
06-17 21:50:04.837 V/DigitalSignage(  502): Left: 0
06-17 21:50:04.837 V/DigitalSignage(  502): Right: 0
06-17 21:50:04.837 V/DigitalSignage(  502): Top: 0
06-17 21:50:04.837 V/DigitalSignage(  502): Bottom: 0
06-17 21:50:04.837 D/DigitalSignage(  502): else - Package Name :: null left : 0 right :: 0 top :: 0 bottom :: 0 dfu-right :: 1920 dfu-bottom :: 1080
06-17 21:50:04.843 V/DigitalSignage(  502): Package Name: null
06-17 21:50:04.843 V/DigitalSignage(  502): Left: 0
06-17 21:50:04.843 V/DigitalSignage(  502): Right: 0
06-17 21:50:04.843 V/DigitalSignage(  502): Top: 0
06-17 21:50:04.843 V/DigitalSignage(  502): Bottom: 0
06-17 21:50:04.843 D/DigitalSignage(  502): else - Package Name :: null left : 0 right :: 0 top :: 0 bottom :: 0 dfu-right :: 1920 dfu-bottom :: 1080
06-17 21:50:04.844 V/DigitalSignage(  502): Package Name: null
06-17 21:50:04.844 V/DigitalSignage(  502): Left: 0
06-17 21:50:04.844 V/DigitalSignage(  502): Right: 0
06-17 21:50:04.844 V/DigitalSignage(  502): Top: 0
06-17 21:50:04.844 V/DigitalSignage(  502): Bottom: 0
06-17 21:50:04.844 D/DigitalSignage(  502): else - Package Name :: null left : 0 right :: 0 top :: 0 bottom :: 0 dfu-right :: 1920 dfu-bottom :: 1080
06-17 21:50:04.866 V/DigitalSignage(  502): Package Name: null
06-17 21:50:04.866 V/DigitalSignage(  502): Left: 0
06-17 21:50:04.866 V/DigitalSignage(  502): Right: 0
06-17 21:50:04.866 V/DigitalSignage(  502): Top: 0
06-17 21:50:04.866 V/DigitalSignage(  502): Bottom: 0
06-17 21:50:04.866 D/DigitalSignage(  502): else - Package Name :: null left : 0 right :: 0 top :: 0 bottom :: 0 dfu-right :: 1920 dfu-bottom :: 1080
06-17 21:50:04.867 V/DigitalSignage(  502): Package Name: null
06-17 21:50:04.867 V/DigitalSignage(  502): Left: 0
06-17 21:50:04.867 V/DigitalSignage(  502): Right: 0
06-17 21:50:04.867 V/DigitalSignage(  502): Top: 0
06-17 21:50:04.867 V/DigitalSignage(  502): Bottom: 0
06-17 21:50:04.867 D/DigitalSignage(  502): else - Package Name :: null left : 0 right :: 0 top :: 0 bottom :: 0 dfu-right :: 1920 dfu-bottom :: 1080
06-17 21:50:04.876 I/chatty  (  502): uid=1000(system) WifiHandlerThre expire 17 lines
06-17 21:50:04.879 W/InputMethodService( 1302): Re-entrance in to showWindow
06-17 21:50:04.881 W/InputMethodService( 1302): Re-entrance in to showWindow
06-17 21:50:04.883 D/InputMethodService( 1302): JioHomeManagerService::showWindow()::notifyJioHomeAboutIMEVisibility(IME_SHOWN) isInputViewShown()::true
06-17 21:50:04.883 D/InputMethodService( 1302): JioHomeMangerService::notifyJioHomeAboutIMEVisibility()::EDIT_TEXT_FOCUS_KEY Value::true Action::com.iwedia.action.SHOW_SOFT_INPUT isVisble :: true
06-17 21:50:04.885 D/com.jiohome.stb.common.MessageManager( 2998): Focus State :: EDIT TEXT FOCUSED
06-17 21:50:04.898 V/DigitalSignage(  502): Package Name: null
06-17 21:50:04.898 V/DigitalSignage(  502): Left: 0
06-17 21:50:04.898 V/DigitalSignage(  502): Right: 0
06-17 21:50:04.898 V/DigitalSignage(  502): Top: 0
06-17 21:50:04.898 V/DigitalSignage(  502): Bottom: 0
06-17 21:50:04.898 D/DigitalSignage(  502): else - Package Name :: null left : 0 right :: 0 top :: 0 bottom :: 0 dfu-right :: 1920 dfu-bottom :: 1080
06-17 21:50:04.898 V/DigitalSignage(  502): Package Name: null
06-17 21:50:04.898 V/DigitalSignage(  502): Left: 0
06-17 21:50:04.898 V/DigitalSignage(  502): Right: 0
06-17 21:50:04.898 V/DigitalSignage(  502): Top: 0
06-17 21:50:04.898 V/DigitalSignage(  502): Bottom: 0
06-17 21:50:04.898 D/DigitalSignage(  502): else - Package Name :: null left : 0 right :: 0 top :: 0 bottom :: 0 dfu-right :: 1920 dfu-bottom :: 1080
06-17 21:50:04.904 V/DigitalSignage(  502): Package Name: null
06-17 21:50:04.905 V/DigitalSignage(  502): Left: 0
06-17 21:50:04.905 V/DigitalSignage(  502): Right: 0
06-17 21:50:04.905 V/DigitalSignage(  502): Top: 0
06-17 21:50:04.905 V/DigitalSignage(  502): Bottom: 0
06-17 21:50:04.906 D/DigitalSignage(  502): else - Package Name :: null left : 0 right :: 0 top :: 0 bottom :: 0 dfu-right :: 1920 dfu-bottom :: 1080
06-17 21:50:04.906 V/DigitalSignage(  502): Package Name: null
06-17 21:50:04.906 V/DigitalSignage(  502): Left: 0
06-17 21:50:04.906 V/DigitalSignage(  502): Right: 0
06-17 21:50:04.906 V/DigitalSignage(  502): Top: 0
06-17 21:50:04.906 V/DigitalSignage(  502): Bottom: 0
06-17 21:50:04.906 D/DigitalSignage(  502): else - Package Name :: null left : 0 right :: 0 top :: 0 bottom :: 0 dfu-right :: 1920 dfu-bottom :: 1080
06-17 21:50:04.942 V/DigitalSignage(  502): Package Name: null
06-17 21:50:04.942 V/DigitalSignage(  502): Left: 0
06-17 21:50:04.942 V/DigitalSignage(  502): Right: 0
06-17 21:50:04.942 V/DigitalSignage(  502): Top: 0
06-17 21:50:04.942 V/DigitalSignage(  502): Bottom: 0
06-17 21:50:04.942 D/DigitalSignage(  502): else - Package Name :: null left : 0 right :: 0 top :: 0 bottom :: 0 dfu-right :: 1920 dfu-bottom :: 1080
06-17 21:50:04.942 V/DigitalSignage(  502): Package Name: null
06-17 21:50:04.942 V/DigitalSignage(  502): Left: 0
06-17 21:50:04.942 V/DigitalSignage(  502): Right: 0
06-17 21:50:04.942 V/DigitalSignage(  502): Top: 0
06-17 21:50:04.942 V/DigitalSignage(  502): Bottom: 0
06-17 21:50:04.943 D/DigitalSignage(  502): else - Package Name :: null left : 0 right :: 0 top :: 0 bottom :: 0 dfu-right :: 1920 dfu-bottom :: 1080
06-17 21:50:04.948 V/DigitalSignage(  502): Package Name: null
06-17 21:50:04.948 V/DigitalSignage(  502): Left: 0
06-17 21:50:04.948 V/DigitalSignage(  502): Right: 0
06-17 21:50:04.948 V/DigitalSignage(  502): Top: 0
06-17 21:50:04.948 V/DigitalSignage(  502): Bottom: 0
06-17 21:50:04.949 D/DigitalSignage(  502): else - Package Name :: null left : 0 right :: 0 top :: 0 bottom :: 0 dfu-right :: 1920 dfu-bottom :: 1080
06-17 21:50:04.949 V/DigitalSignage(  502): Package Name: null
06-17 21:50:04.949 V/DigitalSignage(  502): Left: 0
06-17 21:50:04.949 V/DigitalSignage(  502): Right: 0
06-17 21:50:04.949 V/DigitalSignage(  502): Top: 0
06-17 21:50:04.949 V/DigitalSignage(  502): Bottom: 0
06-17 21:50:04.949 D/DigitalSignage(  502): else - Package Name :: null left : 0 right :: 0 top :: 0 bottom :: 0 dfu-right :: 1920 dfu-bottom :: 1080
06-17 21:50:04.950 E/BufferQueueProducer(  418): [in.startv.hotstar/com.hotstar.MainActivity#0](id:1a200000063,api:0,p:-1,c:418) disconnect: not connected (req=1)
06-17 21:50:04.950 W/libEGL  (17831): EGLNativeWindowType 0xe97acc08 disconnect failed
06-17 21:50:04.954 I/        (    0): [ 4064.995385@0]  [bluebank] [usb_dec_thread] usb2_status=1, usb3_status=1
06-17 21:50:04.977 W/NotificationHistory(  502): Attempted to add notif for locked/gone/disabled user 0
06-17 21:50:05.002 D/NLService( 1743): The notifications buffer size has reached its maximum size of 100 items. Shrinking it in order to satisfy the constraints.
06-17 21:50:05.004 D/NLService( 1743): Successfully stored the newly arrived notification identified by 8
06-17 21:50:05.015 I/chatty  (  502): uid=1000(system) Binder:502_3 expire 2 lines
06-17 21:50:05.027 D/NLService( 1743): The notifications buffer size has reached its maximum size of 100 items. Shrinking it in order to satisfy the constraints.
06-17 21:50:05.028 D/NLService( 1743): Successfully stored the newly arrived notification identified by 8
06-17 21:50:05.032 D/NLService( 1743): The notifications buffer size has reached its maximum size of 100 items. Shrinking it in order to satisfy the constraints.
06-17 21:50:05.032 D/NLService( 1743): Successfully stored the newly arrived notification identified by 8
06-17 21:50:05.035 D/NLService( 1743): Successfully marked the removed notification identified by 8
06-17 21:50:05.098 D/NLService( 1743): The notifications buffer size has reached its maximum size of 100 items. Shrinking it in order to satisfy the constraints.
06-17 21:50:05.099 D/NLService( 1743): Successfully stored the newly arrived notification identified by 8
06-17 21:50:05.107 D/NLService( 1743): The notifications buffer size has reached its maximum size of 100 items. Shrinking it in order to satisfy the constraints.
06-17 21:50:05.107 D/NLService( 1743): Successfully stored the newly arrived notification identified by 8
06-17 21:50:05.113 D/NLService( 1743): The notifications buffer size has reached its maximum size of 100 items. Shrinking it in order to satisfy the constraints.
06-17 21:50:05.113 D/NLService( 1743): Successfully stored the newly arrived notification identified by 8
06-17 21:50:05.132 D/NLService( 1743): The notifications buffer size has reached its maximum size of 100 items. Shrinking it in order to satisfy the constraints.
06-17 21:50:05.132 D/NLService( 1743): Successfully stored the newly arrived notification identified by 8
06-17 21:50:05.134 D/NLService( 1743): The notifications buffer size has reached its maximum size of 100 items. Shrinking it in order to satisfy the constraints.
06-17 21:50:05.134 D/NLService( 1743): Successfully stored the newly arrived notification identified by 8
06-17 21:50:05.136 D/NLService( 1743): The notifications buffer size has reached its maximum size of 100 items. Shrinking it in order to satisfy the constraints.
06-17 21:50:05.137 D/NLService( 1743): Successfully stored the newly arrived notification identified by 8
06-17 21:50:05.165 I/lowmemorykiller(  229): medium memory pressure event is triggered for new strategy
06-17 21:50:05.166 D/lowmemorykiller(  229): LMKD mp_event_psi kill_reasons available are PRESSURE_AFTER_KILL, NOT_RESPONDING, LOW_SWAP_AND_THRASHING, LOW_MEM_AND_SWAP, LOW_MEM_AND_THRASHING, DIRECT_RECL_AND_THRASHING
06-17 21:50:05.166 D/lowmemorykiller(  229): LMKD mp_event_psi kill_reason received= -1
06-17 21:50:05.204 D/NLService( 1743): The notifications buffer size has reached its maximum size of 100 items. Shrinking it in order to satisfy the constraints.
06-17 21:50:05.204 D/NLService( 1743): Successfully stored the newly arrived notification identified by 8
06-17 21:50:05.266 I/lowmemorykiller(  229): medium memory pressure event is triggered for new strategy
06-17 21:50:05.366 I/lowmemorykiller(  229): medium memory pressure event is triggered for new strategy
06-17 21:50:05.417 D/rtk_heartbeat(  373): heartbeat_timed_out: heartbeatCmdCount = 4029, expected nextSeqNum = 4029
06-17 21:50:05.418 D/rtk_heartbeat(  373): rtkbt_heartbeat_cmpl_cback: Current SeqNum = 4029,should SeqNum=4029, status = 0
06-17 21:50:05.467 I/lowmemorykiller(  229): medium memory pressure event is triggered for new strategy
06-17 21:50:05.567 I/lowmemorykiller(  229): medium memory pressure event is triggered for new strategy
06-17 21:50:05.611 E/ocessService0:( 2361): failed to create Unix domain socket: Operation not permitted
06-17 21:50:05.619 D/UiObject2(17762): Setting text to ''.
06-17 21:50:05.667 I/lowmemorykiller(  229): medium memory pressure event is triggered for new strategy
06-17 21:50:05.669 I/.startv.hotsta(17831): oneway function results will be dropped but finished with status OK and parcel size 4
06-17 21:50:05.699 I/e.swalekh.abct( 1302): oneway function results will be dropped but finished with status OK and parcel size 4
06-17 21:50:05.733 I/.startv.hotsta(17831): oneway function results will be dropped but finished with status OK and parcel size 4
06-17 21:50:05.737 I/e.swalekh.abct( 1302): oneway function results will be dropped but finished with status OK and parcel size 4
06-17 21:50:05.750 I/chatty  ( 3507): uid=1000(system) RxComputationTh expire 12 lines
06-17 21:50:05.768 I/lowmemorykiller(  229): medium memory pressure event is triggered for new strategy
06-17 21:50:05.866 D/NLService( 1743): The notifications buffer size has reached its maximum size of 100 items. Shrinking it in order to satisfy the constraints.
06-17 21:50:05.866 D/NLService( 1743): Successfully stored the newly arrived notification identified by 8
06-17 21:50:05.868 I/lowmemorykiller(  229): medium memory pressure event is triggered for new strategy
06-17 21:50:05.869 D/NLService( 1743): The notifications buffer size has reached its maximum size of 100 items. Shrinking it in order to satisfy the constraints.
06-17 21:50:05.869 D/NLService( 1743): Successfully stored the newly arrived notification identified by 8
06-17 21:50:05.879 D/NLService( 1743): The notifications buffer size has reached its maximum size of 100 items. Shrinking it in order to satisfy the constraints.
06-17 21:50:05.880 D/NLService( 1743): Successfully stored the newly arrived notification identified by 8
06-17 21:50:05.965 W/[ 4066.008731@0]  RTW(    0): fill_default_txdesc(wlan0): SP Packet(0x0806) rate=0x4 SeqNum = 40
06-17 21:50:05.968 I/lowmemorykiller(  229): medium memory pressure event is triggered for new strategy
06-17 21:50:05.977 I/        (    0): [ 4066.019367@1]  [bluebank] [usb_dec_thread] usb2_status=1, usb3_status=1
06-17 21:50:06.069 I/lowmemorykiller(  229): medium memory pressure event is triggered for new strategy
06-17 21:50:05.090 W/NotificationHistory(  502): Attempted to add notif for locked/gone/disabled user 0
06-17 21:50:06.164 V/DigitalSignage(  502): Package Name: null
06-17 21:50:06.164 V/DigitalSignage(  502): Left: 0
06-17 21:50:06.164 V/DigitalSignage(  502): Right: 0
06-17 21:50:06.164 V/DigitalSignage(  502): Top: 0
06-17 21:50:06.164 V/DigitalSignage(  502): Bottom: 0
06-17 21:50:06.164 D/DigitalSignage(  502): else - Package Name :: null left : 0 right :: 0 top :: 0 bottom :: 0 dfu-right :: 1920 dfu-bottom :: 1080
06-17 21:50:06.164 V/DigitalSignage(  502): Package Name: null
06-17 21:50:06.164 V/DigitalSignage(  502): Left: 0
06-17 21:50:06.164 V/DigitalSignage(  502): Right: 0
06-17 21:50:06.164 V/DigitalSignage(  502): Top: 0
06-17 21:50:06.164 V/DigitalSignage(  502): Bottom: 0
06-17 21:50:06.164 D/DigitalSignage(  502): else - Package Name :: null left : 0 right :: 0 top :: 0 bottom :: 0 dfu-right :: 1920 dfu-bottom :: 1080
06-17 21:50:06.169 I/lowmemorykiller(  229): medium memory pressure event is triggered for new strategy
06-17 21:50:06.180 I/appium  (17762): AppiumResponse: {"sessionId":"f3e15fd3-f2f2-483e-9200-e178e3b0810a","value":null}
06-17 21:50:06.225 I/appium  (17762): channel read: POST /session/f3e15fd3-f2f2-483e-9200-e178e3b0810a/appium/device/press_keycode
06-17 21:50:06.227 I/appium  (17762): PressKeyCode command
06-17 21:50:06.227 I/appium  (17762): Calling PressKeyCode... 
06-17 21:50:06.374 I/ThermalService(  992): CPU temperatures: [52.600002]
06-17 21:50:06.406 D/NLService( 1743): The notifications buffer size has reached its maximum size of 100 items. Shrinking it in order to satisfy the constraints.
06-17 21:50:06.406 D/NLService( 1743): Successfully stored the newly arrived notification identified by 8
06-17 21:50:06.411 D/NLService( 1743): The notifications buffer size has reached its maximum size of 100 items. Shrinking it in order to satisfy the constraints.
06-17 21:50:06.411 D/NLService( 1743): Successfully stored the newly arrived notification identified by 8
06-17 21:50:06.414 D/NLService( 1743): The notifications buffer size has reached its maximum size of 100 items. Shrinking it in order to satisfy the constraints.
06-17 21:50:06.415 D/NLService( 1743): Successfully stored the newly arrived notification identified by 8
06-17 21:50:06.417 D/rtk_heartbeat(  373): heartbeat_timed_out: heartbeatCmdCount = 4030, expected nextSeqNum = 4030
06-17 21:50:06.418 D/rtk_heartbeat(  373): rtkbt_heartbeat_cmpl_cback: Current SeqNum = 4030,should SeqNum=4030, status = 0
06-17 21:50:06.488 I/chatty  ( 1759): uid=10021(com.iwedia.ui.rjio.launcher.reliance) expire 478 lines
06-17 21:50:06.490 V/DigitalSignage(  502): Package Name: null
06-17 21:50:06.490 V/DigitalSignage(  502): Left: 0
06-17 21:50:06.490 V/DigitalSignage(  502): Right: 0
06-17 21:50:06.490 V/DigitalSignage(  502): Top: 0
06-17 21:50:06.490 V/DigitalSignage(  502): Bottom: 0
06-17 21:50:06.490 D/DigitalSignage(  502): else - Package Name :: null left : 0 right :: 0 top :: 0 bottom :: 0 dfu-right :: 1920 dfu-bottom :: 1080
06-17 21:50:06.491 V/DigitalSignage(  502): Package Name: null
06-17 21:50:06.491 V/DigitalSignage(  502): Left: 0
06-17 21:50:06.491 V/DigitalSignage(  502): Right: 0
06-17 21:50:06.491 V/DigitalSignage(  502): Top: 0
06-17 21:50:06.491 V/DigitalSignage(  502): Bottom: 0
06-17 21:50:06.491 D/DigitalSignage(  502): else - Package Name :: null left : 0 right :: 0 top :: 0 bottom :: 0 dfu-right :: 1920 dfu-bottom :: 1080
06-17 21:50:07.001 I/        (    0): [ 4067.043368@3]  [bluebank] [usb_dec_thread] usb2_status=1, usb3_status=1
06-17 21:50:07.211 D/UiDevice(17762): Pressing keycodes [4] with modifier 0.
06-17 21:50:07.223 I/chatty  (  502): uid=1000(system) Binder:502_B expire 12 lines
06-17 21:50:07.225 I/chatty  (  392): uid=0(root) android.hardwar expire 10 lines
06-17 21:50:07.230 D/AutofillManagerService(  502): onBackKeyPressed()
06-17 21:50:07.241 D/InputMethod( 1302): JioHomeManagerService::hideSoftInput()::notifyJioHomeAboutIMEVisibility(IME_HIDDEN) isInputViewShown()::false
06-17 21:50:07.241 D/InputMethodService( 1302): JioHomeMangerService::notifyJioHomeAboutIMEVisibility()::EDIT_TEXT_FOCUS_KEY Value::false Action::com.iwedia.action.SHOW_SOFT_INPUT isVisble :: false
06-17 21:50:07.243 D/com.jiohome.stb.common.MessageManager( 2998): Focus State :: EDIT TEXT FOCUSED
06-17 21:50:07.246 V/DigitalSignage(  502): Package Name: null
06-17 21:50:07.246 V/DigitalSignage(  502): Left: 0
06-17 21:50:07.246 V/DigitalSignage(  502): Right: 0
06-17 21:50:07.246 V/DigitalSignage(  502): Top: 0
06-17 21:50:07.246 V/DigitalSignage(  502): Bottom: 0
06-17 21:50:07.246 D/DigitalSignage(  502): else - Package Name :: null left : 0 right :: 0 top :: 0 bottom :: 0 dfu-right :: 1920 dfu-bottom :: 1080
06-17 21:50:07.246 V/DigitalSignage(  502): Package Name: null
06-17 21:50:07.246 V/DigitalSignage(  502): Left: 0
06-17 21:50:07.246 V/DigitalSignage(  502): Right: 0
06-17 21:50:07.246 V/DigitalSignage(  502): Top: 0
06-17 21:50:07.246 V/DigitalSignage(  502): Bottom: 0
06-17 21:50:07.246 D/DigitalSignage(  502): else - Package Name :: null left : 0 right :: 0 top :: 0 bottom :: 0 dfu-right :: 1920 dfu-bottom :: 1080
06-17 21:50:07.246 D/NLService( 1743): Successfully marked the removed notification identified by 8
06-17 21:50:07.261 I/appium  (17762): AppiumResponse: {"sessionId":"f3e15fd3-f2f2-483e-9200-e178e3b0810a","value":null}
06-17 21:50:07.264 V/DigitalSignage(  502): Package Name: null
06-17 21:50:07.265 V/DigitalSignage(  502): Left: 0
06-17 21:50:07.265 V/DigitalSignage(  502): Right: 0
06-17 21:50:07.265 V/DigitalSignage(  502): Top: 0
06-17 21:50:07.265 V/DigitalSignage(  502): Bottom: 0
06-17 21:50:07.265 D/DigitalSignage(  502): else - Package Name :: null left : 0 right :: 0 top :: 0 bottom :: 0 dfu-right :: 1920 dfu-bottom :: 1080
06-17 21:50:07.265 V/DigitalSignage(  502): Package Name: null
06-17 21:50:07.265 V/DigitalSignage(  502): Left: 0
06-17 21:50:07.265 V/DigitalSignage(  502): Right: 0
06-17 21:50:07.265 V/DigitalSignage(  502): Top: 0
06-17 21:50:07.265 V/DigitalSignage(  502): Bottom: 0
06-17 21:50:07.265 D/DigitalSignage(  502): else - Package Name :: null left : 0 right :: 0 top :: 0 bottom :: 0 dfu-right :: 1920 dfu-bottom :: 1080
06-17 21:50:07.270 V/DigitalSignage(  502): Package Name: null
06-17 21:50:07.270 V/DigitalSignage(  502): Left: 0
06-17 21:50:07.270 V/DigitalSignage(  502): Right: 0
06-17 21:50:07.270 V/DigitalSignage(  502): Top: 0
06-17 21:50:07.270 V/DigitalSignage(  502): Bottom: 0
06-17 21:50:07.270 D/DigitalSignage(  502): else - Package Name :: null left : 0 right :: 0 top :: 0 bottom :: 0 dfu-right :: 1920 dfu-bottom :: 1080
06-17 21:50:07.270 V/DigitalSignage(  502): Package Name: null
06-17 21:50:07.270 V/DigitalSignage(  502): Left: 0
06-17 21:50:07.270 V/DigitalSignage(  502): Right: 0
06-17 21:50:07.270 V/DigitalSignage(  502): Top: 0
06-17 21:50:07.270 V/DigitalSignage(  502): Bottom: 0
06-17 21:50:07.271 D/DigitalSignage(  502): else - Package Name :: null left : 0 right :: 0 top :: 0 bottom :: 0 dfu-right :: 1920 dfu-bottom :: 1080
06-17 21:50:07.347 I/appium  (17762): channel read: GET /session/f3e15fd3-f2f2-483e-9200-e178e3b0810a/screenshot
06-17 21:50:07.348 I/appium  (17762): CaptureScreenshot command
06-17 21:50:07.352 W/tomator2.serve(17762): Accessing hidden method Landroid/view/Display;->getAddress()Landroid/view/DisplayAddress; (blacklist, reflection, allowed)
06-17 21:50:07.352 W/tomator2.serve(17762): Accessing hidden method Landroid/view/DisplayAddress$Physical;->getPhysicalDisplayId()J (blacklist, reflection, allowed)
06-17 21:50:07.417 D/rtk_heartbeat(  373): heartbeat_timed_out: heartbeatCmdCount = 4031, expected nextSeqNum = 4031
06-17 21:50:07.418 D/rtk_heartbeat(  373): rtkbt_heartbeat_cmpl_cback: Current SeqNum = 4031,should SeqNum=4031, status = 0
06-17 21:50:07.475 E/BufferQueueProducer(  418): [InputMethod#0](id:1a200000064,api:0,p:-1,c:418) disconnect: not connected (req=1)
06-17 21:50:07.475 W/libEGL  ( 1302): EGLNativeWindowType 0xe97acc08 disconnect failed
06-17 21:50:07.477 V/DigitalSignage(  502): Package Name: null
06-17 21:50:07.477 V/DigitalSignage(  502): Left: 0
06-17 21:50:07.477 V/DigitalSignage(  502): Right: 0
06-17 21:50:07.477 V/DigitalSignage(  502): Top: 0
06-17 21:50:07.477 V/DigitalSignage(  502): Bottom: 0
06-17 21:50:07.478 D/DigitalSignage(  502): else - Package Name :: null left : 0 right :: 0 top :: 0 bottom :: 0 dfu-right :: 1920 dfu-bottom :: 1080
06-17 21:50:07.651 E/ocessService0:( 2361): failed to create Unix domain socket: Operation not permitted
06-17 21:50:07.780 I/.startv.hotsta(17831): oneway function results will be dropped but finished with status OK and parcel size 4
06-17 21:50:07.782 I/e.swalekh.abct( 1302): oneway function results will be dropped but finished with status OK and parcel size 4
06-17 21:50:07.837 I/.startv.hotsta(17831): oneway function results will be dropped but finished with status OK and parcel size 4
06-17 21:50:07.844 I/e.swalekh.abct( 1302): oneway function results will be dropped but finished with status OK and parcel size 4
06-17 21:50:07.852 I/chatty  ( 3507): uid=1000(system) RxComputationTh expire 12 lines
06-17 21:50:08.025 I/        (    0): [ 4068.067362@0]  [bluebank] [usb_dec_thread] usb2_status=1, usb3_status=1
06-17 21:50:08.264 D/BufferPoolAccessor2.0(17831): bufferpool2 0xb2307bd8 : 0(0 size) total buffers - 0(0 size) used buffers - 2/7 (recycle/alloc) - 6/38 (fetch/transfer)
06-17 21:50:08.264 D/BufferPoolAccessor2.0(17831): evictor expired: 1, evicted: 1
06-17 21:50:08.269 D/BufferPoolAccessor2.0(  531): bufferpool2 0xeba6e458 : 0(0 size) total buffers - 0(0 size) used buffers - 14/17 (recycle/alloc) - 3/16 (fetch/transfer)
06-17 21:50:08.269 D/BufferPoolAccessor2.0(  531): evictor expired: 2, evicted: 1
06-17 21:50:08.394 I/ThermalService(  992): CPU temperatures: [53.100002]
06-17 21:50:08.417 D/rtk_heartbeat(  373): heartbeat_timed_out: heartbeatCmdCount = 4032, expected nextSeqNum = 4032
06-17 21:50:08.418 D/rtk_heartbeat(  373): rtkbt_heartbeat_cmpl_cback: Current SeqNum = 4032,should SeqNum=4032, status = 0
06-17 21:50:08.572 I/appium  (17762): AppiumResponse: {"sessionId":"f3e15fd3-f2f2-483e-9200-e178e3b0810a","value":"iVBORw0KGgoAAAANSUhEUgAAB4AAAAQ4CAYAAADo08FDAAAAAXNSR0IArs4c6QAAAARzQklUCAgICHwIZIgAACAASURBVHic7N15dNT1vf/x1yQz2Sb7RsKShLAGWWQLoCziBggo6HW/olhbq7XXBXtbrdW61KW9tuq11q219XdbW1vrUhW1rYgQloSdQACBZAKELJB9zyy/P5DIZCYbTPIlk+fjHM+Z+XyXz3vGSTgnr/l
06-17 21:50:08.609 I/tomator2.serve(17762): Background concurrent copying GC freed 294644(13MB) AllocSpace objects, 58(8888KB) LOS objects, 47% free, 26MB/50MB, paused 80us total 136.780ms
06-17 21:50:08.872 I/appium  (17762): channel read: POST /session/f3e15fd3-f2f2-483e-9200-e178e3b0810a/appium/device/press_keycode
06-17 21:50:08.874 I/appium  (17762): PressKeyCode command
06-17 21:50:08.874 I/appium  (17762): Calling PressKeyCode... 
06-17 21:50:08.879 D/UiDevice(17762): Pressing keycodes [3] with modifier 0.
06-17 21:50:08.891 I/chatty  (  502): uid=1000(system) Binder:502_14 expire 9 lines
06-17 21:50:08.898 I/chatty  (  502): uid=1000(system) Binder:502_7 expire 5 lines
06-17 21:50:08.905 D/HdmiControlService(  502): Proccess pid: 502 is calling oneTouchPlay.
06-17 21:50:08.905 D/HdmiControlService(  502): Local device is under address allocation. Save OTP callback for later process.
06-17 21:50:08.910 D/AutofillManagerService(  502): Close system dialogs
06-17 21:50:08.910 I/chatty  (  502): uid=1000(system) android.ui expire 4 lines
06-17 21:50:08.912 I/appium  (17762): AppiumResponse: {"sessionId":"f3e15fd3-f2f2-483e-9200-e178e3b0810a","value":null}
06-17 21:50:08.912 I/ActivityTaskManager(  502): START u0 {act=android.intent.action.MAIN cat=[android.intent.category.HOME] flg=0x10000100 cmp=com.iwedia.ui.rjio.launcher.reliance/com.iwedia.ui.rjio.launcher.ui.intro.IntroActivity (has extras)} from uid 0
06-17 21:50:08.934 V/DigitalSignage(  502): Package Name: null
06-17 21:50:08.934 V/DigitalSignage(  502): Left: 0
06-17 21:50:08.934 V/DigitalSignage(  502): Right: 0
06-17 21:50:08.934 V/DigitalSignage(  502): Top: 0
06-17 21:50:08.934 V/DigitalSignage(  502): Bottom: 0
06-17 21:50:08.935 D/DigitalSignage(  502): else - Package Name :: null left : 0 right :: 0 top :: 0 bottom :: 0 dfu-right :: 1920 dfu-bottom :: 1080
06-17 21:50:08.949 D/[ 4068.992250@1]  logd(    0): logdr: UID=0 GID=0 PID=18052 n tail=0 logMask=99 pid=0 start=0ns timeout=0ns
06-17 21:50:08.953 D/ActivityTaskManager(  502): JioHomeManagerService :: ActivityRecord :: setState :: StateFrom :: STOPPED StateTo :: RESUMED 
06-17 21:50:08.960 D/ActivityManager(  502): JioHomeManagerService :: StateFrom :: STOPPED StateTo :: RESUMED Activity :: com.iwedia.ui.rjio.launcher.reliance/com.iwedia.ui.rjio.launcher.ui.intro.IntroActivity Action :: com.jio.remote.action.applaunch
06-17 21:50:08.961 D/SessionLifecycleClient(17831): Sending lifecycle 2 to service
06-17 21:50:08.961 D/SessionLifecycleService(17831): Activity backgrounding at 4069003
06-17 21:50:08.970 D/NetflixService(  992): onForegroundActivitiesChanged pid:1759,uid:10021,fg:true
06-17 21:50:08.971 D/Html package time( 2998): 19
06-17 21:50:08.971 E/ACTION_APP_LAUNCH before( 2998): in.startv.hotstar/com.hotstar.MainActivity
06-17 21:50:08.971 E/ACTION_APP_LAUNCH after( 2998): com.iwedia.ui.rjio.launcher.reliance/com.iwedia.ui.rjio.launcher.ui.intro.IntroActivity
06-17 21:50:08.971 D/com.jiohome.stb.common.MessageManager( 2998): Game Change Package=com.iwedia.ui.rjio.launcher.reliance/com.iwedia.ui.rjio.launcher.ui.intro.IntroActivity
06-17 21:50:08.971 E/TAG     ( 2998): Event Sent
06-17 21:50:08.975 D/NetflixService(  992): processName:com.netflix.ninja,importance:400
06-17 21:50:08.983 W/ActivityManager(  502): Receiver with filter android.content.IntentFilter@3aee66e already registered for pid 1759, callerPackage is com.iwedia.ui.rjio.launcher.reliance
06-17 21:50:08.988 D/PODLogService( 1712): VAIdleReceiver onReceive: intent action: com.rjil.podlogservice.HOME_STATE
06-17 21:50:08.988 D/PODLogService( 1712): VAIdleReceiver onReceive: intent: Intent { act=com.rjil.podlogservice.HOME_STATE flg=0x30 pkg=com.rjil.podlogservice cmp=com.rjil.podlogservice/.receiver.VAIdleReceiver }
06-17 21:50:08.988 D/PODLogService( 1712): VAIdleReceiver onReceive: Home event at :1750177208988
06-17 21:50:08.988 D/PODLogService( 1712): VAIdleReceiver onReceive: VA is not launched so skipping event....
06-17 21:50:08.995 I/chatty  ( 1759): uid=10021(com.iwedia.ui.rjio.launcher.reliance) expire 14 lines
06-17 21:50:08.998 D/[ 4069.040536@1]  logd(    0): Skipping 256 entries from slow reader, pid 18052, from LogBuffer::kickMe()
06-17 21:50:09.004 D/[ 4069.040651@1]  logd(    0): Skipping 256 entries from slow reader, pid 18052, from LogBuffer::kickMe()
06-17 21:50:09.004 D/[ 4069.046817@1]  logd(    0): Skipping 256 entries from slow reader, pid 18052, from LogBuffer::kickMe()
06-17 21:50:09.004 D/[ 4069.046965@1]  logd(    0): Skipping 256 entries from slow reader, pid 18052, from LogBuffer::kickMe()
06-17 21:50:09.004 D/[ 4069.047012@1]  logd(    0): Skipping 256 entries from slow reader, pid 18052, from LogBuffer::kickMe()
06-17 21:50:09.004 D/[ 4069.047053@1]  logd(    0): Skipping 256 entries from slow reader, pid 18052, from LogBuffer::kickMe()
06-17 21:50:09.004 D/[ 4069.047091@1]  logd(    0): Skipping 256 entries from slow reader, pid 18052, from LogBuffer::kickMe()
06-17 21:50:09.005 D/[ 4069.048566@1]  logd(    0): Skipping 256 entries from slow reader, pid 18052, from LogBuffer::kickMe()
06-17 21:50:09.005 D/[ 4069.048623@1]  logd(    0): Skipping 256 entries from slow reader, pid 18052, from LogBuffer::kickMe()
06-17 21:50:09.004 D/PODLogService( 1712): VAIdleReceiver onReceive: intent action: com.rjil.podlogservice.HOME_STATE
06-17 21:50:09.004 D/PODLogService( 1712): VAIdleReceiver onReceive: intent: Intent { act=com.rjil.podlogservice.HOME_STATE flg=0x30 pkg=com.rjil.podlogservice cmp=com.rjil.podlogservice/.receiver.VAIdleReceiver }
06-17 21:50:09.004 D/PODLogService( 1712): VAIdleReceiver onReceive: Home event at :1750177209004
06-17 21:50:09.004 D/PODLogService( 1712): VAIdleReceiver onReceive: VA is not launched so skipping event....
06-17 21:50:09.004 I/chatty  ( 1759): uid=10021(com.iwedia.ui.rjio.launcher.reliance) pool-365-thread expire 55 lines
06-17 21:50:09.008 I/chatty  ( 1759): uid=10021(com.iwedia.ui.rjio.launcher.reliance) pool-364-thread expire 2 lines
06-17 21:50:09.019 V/DigitalSignage(  502): Package Name: null
06-17 21:50:09.019 V/DigitalSignage(  502): Left: 0
06-17 21:50:09.019 V/DigitalSignage(  502): Right: 0
06-17 21:50:09.019 V/DigitalSignage(  502): Top: 0
06-17 21:50:09.019 V/DigitalSignage(  502): Bottom: 0
06-17 21:50:09.019 D/DigitalSignage(  502): else - Package Name :: null left : 0 right :: 0 top :: 0 bottom :: 0 dfu-right :: 1920 dfu-bottom :: 1080
06-17 21:50:09.053 I/        (    0): [ 4069.095607@0]  [bluebank] [usb_dec_thread] usb2_status=1, usb3_status=1
06-17 21:50:09.053 E/JTCLOG  ( 3535): JuiceModel -> onFailure to get Account Info java.net.SocketTimeoutException: failed to connect to /192.168.1.1 (port 7443) from /192.168.1.29 (port 35206) after 10000ms
06-17 21:50:09.078 I/JTCLOG  ( 3535): StateHandler -> GET_FLN_FAILED
06-17 21:50:09.092 I/JTCLOG  ( 3535): JuicePresenter -> GET_FLN_FAILED
06-17 21:50:09.092 I/JTCLOG  ( 3535): JtcForegroundService ->FLN Not Found -> Retry after every 30 seconds
06-17 21:50:09.092 I/JTCLOG  ( 3535): JuicePresenter -> GET_FLN_FAILED
06-17 21:50:09.111 I/chatty  ( 1759): uid=10021(com.iwedia.ui.rjio.launcher.reliance) expire 34 lines
06-17 21:50:09.139 V/DigitalSignage(  502): Package Name: null
06-17 21:50:09.139 V/DigitalSignage(  502): Left: 0
06-17 21:50:09.139 V/DigitalSignage(  502): Right: 0
06-17 21:50:09.139 V/DigitalSignage(  502): Top: 0
06-17 21:50:09.139 V/DigitalSignage(  502): Bottom: 0
06-17 21:50:09.140 D/DigitalSignage(  502): else - Package Name :: null left : 0 right :: 0 top :: 0 bottom :: 0 dfu-right :: 1920 dfu-bottom :: 1080
06-17 21:50:09.166 V/DigitalSignage(  502): Package Name: null
06-17 21:50:09.166 V/DigitalSignage(  502): Left: 0
06-17 21:50:09.166 V/DigitalSignage(  502): Right: 0
06-17 21:50:09.166 V/DigitalSignage(  502): Top: 0
06-17 21:50:09.166 V/DigitalSignage(  502): Bottom: 0
06-17 21:50:09.166 D/DigitalSignage(  502): else - Package Name :: null left : 0 right :: 0 top :: 0 bottom :: 0 dfu-right :: 1920 dfu-bottom :: 1080
06-17 21:50:09.167 E/BufferQueueProducer(  418): [in.startv.hotstar/com.hotstar.MainActivity#0](id:1a200000063,api:0,p:-1,c:418) disconnect: not connected (req=1)
06-17 21:50:09.169 W/libEGL  (17831): EGLNativeWindowType 0xe97acc08 disconnect failed
06-17 21:50:09.181 V/DigitalSignage(  502): Package Name: null
06-17 21:50:09.181 V/DigitalSignage(  502): Left: 0
06-17 21:50:09.181 V/DigitalSignage(  502): Right: 0
06-17 21:50:09.181 V/DigitalSignage(  502): Top: 0
06-17 21:50:09.181 V/DigitalSignage(  502): Bottom: 0
06-17 21:50:09.181 D/DigitalSignage(  502): else - Package Name :: null left : 0 right :: 0 top :: 0 bottom :: 0 dfu-right :: 1920 dfu-bottom :: 1080
06-17 21:50:09.187 V/DigitalSignage(  502): Package Name: null
06-17 21:50:09.187 V/DigitalSignage(  502): Left: 0
06-17 21:50:09.187 V/DigitalSignage(  502): Right: 0
06-17 21:50:09.187 V/DigitalSignage(  502): Top: 0
06-17 21:50:09.187 V/DigitalSignage(  502): Bottom: 0
06-17 21:50:09.187 D/DigitalSignage(  502): else - Package Name :: null left : 0 right :: 0 top :: 0 bottom :: 0 dfu-right :: 1920 dfu-bottom :: 1080
06-17 21:50:09.203 I/chatty  ( 1416): uid=1000(system) Binder:1416_7 expire 20 lines
06-17 21:50:09.252 I/chatty  ( 1759): uid=10021(com.iwedia.ui.rjio.launcher.reliance) pool-371-thread expire 55 lines
06-17 21:50:09.262 I/chatty  ( 1759): uid=10021(com.iwedia.ui.rjio.launcher.reliance) pool-370-thread expire 2 lines
06-17 21:50:09.264 D/BufferPoolAccessor2.0(17831): bufferpool2 0xb2309898 : 0(0 size) total buffers - 0(0 size) used buffers - 1/7 (recycle/alloc) - 6/40 (fetch/transfer)
06-17 21:50:09.264 D/BufferPoolAccessor2.0(17831): bufferpool2 0xe7ae5c98 : 0(0 size) total buffers - 0(0 size) used buffers - 2/7 (recycle/alloc) - 5/30 (fetch/transfer)
06-17 21:50:09.264 D/BufferPoolAccessor2.0(17831): bufferpool2 0xb23099d8 : 0(0 size) total buffers - 0(0 size) used buffers - 1/7 (recycle/alloc) - 6/42 (fetch/transfer)
06-17 21:50:09.264 D/BufferPoolAccessor2.0(17831): evictor expired: 4, evicted: 3
06-17 21:50:09.269 D/BufferPoolAccessor2.0(  531): bufferpool2 0xeba6e098 : 0(0 size) total buffers - 0(0 size) used buffers - 15/19 (recycle/alloc) - 4/18 (fetch/transfer)
06-17 21:50:09.269 D/BufferPoolAccessor2.0(  531): bufferpool2 0xeba6ee58 : 0(0 size) total buffers - 0(0 size) used buffers - 10/13 (recycle/alloc) - 3/12 (fetch/transfer)
06-17 21:50:09.269 D/BufferPoolAccessor2.0(  531): bufferpool2 0xeba6ebd8 : 0(0 size) total buffers - 0(0 size) used buffers - 16/18 (recycle/alloc) - 2/17 (fetch/transfer)
06-17 21:50:09.269 D/BufferPoolAccessor2.0(  531): evictor expired: 3, evicted: 3
06-17 21:50:09.305 I/JioBackgroundSchedulerService( 2843): Check schedule  
06-17 21:50:09.385 I/lowmemorykiller(  229): medium memory pressure event is triggered for new strategy
06-17 21:50:09.386 D/lowmemorykiller(  229): LMKD mp_event_psi kill_reasons available are PRESSURE_AFTER_KILL, NOT_RESPONDING, LOW_SWAP_AND_THRASHING, LOW_MEM_AND_SWAP, LOW_MEM_AND_THRASHING, DIRECT_RECL_AND_THRASHING
06-17 21:50:09.386 D/lowmemorykiller(  229): LMKD mp_event_psi kill_reason received= -1
06-17 21:50:09.417 D/rtk_heartbeat(  373): heartbeat_timed_out: heartbeatCmdCount = 4033, expected nextSeqNum = 4033
06-17 21:50:09.418 D/rtk_heartbeat(  373): rtkbt_heartbeat_cmpl_cback: Current SeqNum = 4033,should SeqNum=4033, status = 0
06-17 21:50:09.431 I/chatty  ( 1759): uid=10021(com.iwedia.ui.rjio.launcher.reliance) expire 34 lines
06-17 21:50:09.486 I/lowmemorykiller(  229): medium memory pressure event is triggered for new strategy
06-17 21:50:09.486 D/lowmemorykiller(  229): LMKD mp_event_psi kill_reasons available are PRESSURE_AFTER_KILL, NOT_RESPONDING, LOW_SWAP_AND_THRASHING, LOW_MEM_AND_SWAP, LOW_MEM_AND_THRASHING, DIRECT_RECL_AND_THRASHING
06-17 21:50:09.486 D/lowmemorykiller(  229): LMKD mp_event_psi kill_reason received= -1
06-17 21:50:09.490 I/chatty  (  948): uid=1000(system) -1281640025 expire 11 lines
06-17 21:50:09.545 V/DigitalSignage(  502): Package Name: null
06-17 21:50:09.545 V/DigitalSignage(  502): Left: 0
06-17 21:50:09.545 V/DigitalSignage(  502): Right: 0
06-17 21:50:09.545 V/DigitalSignage(  502): Top: 0
06-17 21:50:09.545 V/DigitalSignage(  502): Bottom: 0
06-17 21:50:09.545 D/DigitalSignage(  502): else - Package Name :: null left : 0 right :: 0 top :: 0 bottom :: 0 dfu-right :: 1920 dfu-bottom :: 1080
06-17 21:50:09.560 I/chatty  ( 1759): uid=10021(com.iwedia.ui.rjio.launcher.reliance) expire 18 lines
06-17 21:50:09.571 I/chatty  ( 1759): uid=10021(com.iwedia.ui.rjio.launcher.reliance) pool-376-thread expire 55 lines
06-17 21:50:09.586 I/lowmemorykiller(  229): medium memory pressure event is triggered for new strategy
06-17 21:50:09.587 D/lowmemorykiller(  229): LMKD mp_event_psi kill_reasons available are PRESSURE_AFTER_KILL, NOT_RESPONDING, LOW_SWAP_AND_THRASHING, LOW_MEM_AND_SWAP, LOW_MEM_AND_THRASHING, DIRECT_RECL_AND_THRASHING
06-17 21:50:09.587 D/lowmemorykiller(  229): LMKD mp_event_psi kill_reason received= -1
06-17 21:50:09.590 I/appium  (17762): channel read: DELETE /session/f3e15fd3-f2f2-483e-9200-e178e3b0810a
06-17 21:50:09.591 I/appium  (17762): DeleteSession command
06-17 21:50:09.595 I/appium  (17762): AppiumResponse: {"sessionId":"f3e15fd3-f2f2-483e-9200-e178e3b0810a","value":null}
06-17 21:50:09.607 I/appium  (17762): Stopping ServerInstrumentation
06-17 21:50:09.607 I/appium  (17762): Stopping MJPEG Server
06-17 21:50:09.614 I/chatty  ( 1759): uid=10021(com.iwedia.ui.rjio.launcher.reliance) pool-377-thread expire 2 lines
06-17 21:50:09.614 E/appium  (17762): Socket Server failed to open connection.
06-17 21:50:09.614 E/appium  (17762): java.net.SocketException: Socket closed
06-17 21:50:09.614 E/appium  (17762): 	at java.net.PlainSocketImpl.socketAccept(PlainSocketImpl.java:213)
06-17 21:50:09.614 E/appium  (17762): 	at java.net.AbstractPlainSocketImpl.accept(AbstractPlainSocketImpl.java:451)
06-17 21:50:09.614 E/appium  (17762): 	at java.net.ServerSocket.implAccept(ServerSocket.java:547)
06-17 21:50:09.614 E/appium  (17762): 	at java.net.ServerSocket.accept(ServerSocket.java:515)
06-17 21:50:09.614 E/appium  (17762): 	at io.appium.uiautomator2.server.mjpeg.MjpegScreenshotServer.run(MjpegScreenshotServer.java:66)
06-17 21:50:09.614 I/appium  (17762): MJPEG Server stopped
06-17 21:50:09.618 I/appium  (17762): ServerInstrumentation stopped
06-17 21:50:09.620 I/appium  (17762): >>>Entry point finish<<<
06-17 21:50:09.621 I/TestRunner(17762): finished: startServer(io.appium.uiautomator2.server.test.AppiumUiAutomator2Server)
06-17 21:50:09.630 I/TestRunner(17762): run finished: 1 tests, 0 failed, 0 ignored
06-17 21:50:09.650 W/WindowManager(  502): removeWindowToken: Attempted to remove non-existing token: android.os.Binder@45b093f
06-17 21:50:09.652 V/DigitalSignage(  502): Package Name: null
06-17 21:50:09.652 V/DigitalSignage(  502): Left: 0
06-17 21:50:09.652 V/DigitalSignage(  502): Right: 0
06-17 21:50:09.652 V/DigitalSignage(  502): Top: 0
06-17 21:50:09.652 V/DigitalSignage(  502): Bottom: 0
06-17 21:50:09.653 D/DigitalSignage(  502): else - Package Name :: null left : 0 right :: 0 top :: 0 bottom :: 0 dfu-right :: 1920 dfu-bottom :: 1080
06-17 21:50:09.654 V/UiAutomation(17762): Init UiAutomation@a0af297[id=-1, flags=0]
06-17 21:50:09.667 I/ActivityManager(  502): Force stopping io.appium.uiautomator2.server appid=10097 user=0: finished inst
06-17 21:50:09.667 I/ActivityManager(  502): Killing 17762:io.appium.uiautomator2.server/u0a97 (adj 0): stop io.appium.uiautomator2.server due to finished inst
06-17 21:50:09.668 D/lowmemorykiller(  229): LMKD pid_remove called. pid=17762
06-17 21:50:09.688 I/lowmemorykiller(  229): medium memory pressure event is triggered for new strategy
06-17 21:50:09.689 D/lowmemorykiller(  229): LMKD mp_event_psi kill_reasons available are PRESSURE_AFTER_KILL, NOT_RESPONDING, LOW_SWAP_AND_THRASHING, LOW_MEM_AND_SWAP, LOW_MEM_AND_THRASHING, DIRECT_RECL_AND_THRASHING
06-17 21:50:09.689 D/lowmemorykiller(  229): LMKD mp_event_psi kill_reason received= -1
06-17 21:50:09.689 E/ocessService0:( 2361): failed to create Unix domain socket: Operation not permitted
06-17 21:50:09.692 D/ClientApplication( 3593): Trim Memory.. Clearing Glide memory
06-17 21:50:09.701 D/NetflixService(  992): onForegroundActivitiesChanged pid:17831,uid:10072,fg:false
06-17 21:50:09.705 D/NetflixService(  992): processName:com.netflix.ninja,importance:400
06-17 21:50:09.765 I/chatty  ( 1759): uid=10021(com.iwedia.ui.rjio.launcher.reliance) expire 34 lines
06-17 21:50:09.783 I/[ 4069.823360@3]  binder(    0): undelivered TRANSACTION_COMPLETE
06-17 21:50:09.783 I/[ 4069.823375@3]  binder(    0): undelivered transaction 2438578, process died.
06-17 21:50:09.786 I/ndroid.systemu(  789): NativeAlloc concurrent copying GC freed 4124(255KB) AllocSpace objects, 0(0B) LOS objects, 49% free, 4818KB/9636KB, paused 80us total 611.366ms
06-17 21:50:09.789 I/lowmemorykiller(  229): medium memory pressure event is triggered for new strategy
06-17 21:50:09.789 D/lowmemorykiller(  229): LMKD mp_event_psi kill_reasons available are PRESSURE_AFTER_KILL, NOT_RESPONDING, LOW_SWAP_AND_THRASHING, LOW_MEM_AND_SWAP, LOW_MEM_AND_THRASHING, DIRECT_RECL_AND_THRASHING
06-17 21:50:09.789 D/lowmemorykiller(  229): LMKD mp_event_psi kill_reason received= -1
06-17 21:50:09.816 I/chatty  ( 1700): uid=1000(system) AppOptimizerHan expire 41 lines
06-17 21:50:09.830 I/ActivityManager(  502): Force stopping in.startv.hotstar appid=10072 user=0: from pid 1700
06-17 21:50:09.831 I/ActivityManager(  502): Killing 17831:in.startv.hotstar/u0a72 (adj 700): stop in.startv.hotstar due to from pid 1700
06-17 21:50:09.832 D/lowmemorykiller(  229): LMKD pid_remove called. pid=17831
06-17 21:50:09.832 W/ActivityTaskManager(  502): Force removing ActivityRecord{112c23b u0 in.startv.hotstar/com.hotstar.MainActivity t4146 f}}: app died, no saved state
06-17 21:50:09.838 V/DigitalSignage(  502): Package Name: null
06-17 21:50:09.838 V/DigitalSignage(  502): Left: 0
06-17 21:50:09.839 V/DigitalSignage(  502): Right: 0
06-17 21:50:09.839 V/DigitalSignage(  502): Top: 0
06-17 21:50:09.839 V/DigitalSignage(  502): Bottom: 0
06-17 21:50:09.839 D/DigitalSignage(  502): else - Package Name :: null left : 0 right :: 0 top :: 0 bottom :: 0 dfu-right :: 1920 dfu-bottom :: 1080
06-17 21:50:09.855 D/ClientApplication( 3593): Trim Memory.. Clearing Glide memory
06-17 21:50:09.869 D/JioSettings( 1877): PackageResetBroadcastReceiver::onReceive: intent->>> android.intent.action.PACKAGE_RESTARTED, reset package: package:in.startv.hotstar
06-17 21:50:09.871 D/JioSettings( 1877): Reset package: package:in.startv.hotstar
06-17 21:50:09.886 I/ActivityManager(  502): Force stopping in.startv.hotstar appid=10072 user=0: from pid 1700
06-17 21:50:09.889 I/lowmemorykiller(  229): medium memory pressure event is triggered for new strategy
06-17 21:50:09.889 D/lowmemorykiller(  229): LMKD mp_event_psi kill_reasons available are PRESSURE_AFTER_KILL, NOT_RESPONDING, LOW_SWAP_AND_THRASHING, LOW_MEM_AND_SWAP, LOW_MEM_AND_THRASHING, DIRECT_RECL_AND_THRASHING
06-17 21:50:09.889 D/lowmemorykiller(  229): LMKD mp_event_psi kill_reason received= -1
06-17 21:50:09.900 D/JioSettings( 1877): PackageResetBroadcastReceiver::onReceive: intent->>> android.intent.action.PACKAGE_RESTARTED, reset package: package:in.startv.hotstar
06-17 21:50:09.900 D/JioSettings( 1877): Reset package: package:in.startv.hotstar
06-17 21:50:09.905 D/JioSettings( 1877): PackageResetBroadcastReceiver::onReceive: intent->>> android.intent.action.PACKAGE_RESTARTED, reset package: package:in.startv.hotstar
06-17 21:50:09.905 D/JioSettings( 1877): Reset package: package:in.startv.hotstar
06-17 21:50:09.918 W/[ 4069.959891@2]  RTW(    0): OnAction_back
06-17 21:50:09.918 W/[ 4069.959905@2]  RTW(    0): OnAction_back, action=0
06-17 21:50:09.918 W/[ 4069.960870@2]  RTW(    0): issue_addba_rsp_wait_ack(wlan0) ra=60:bd:2c:c2:fe:bd status:=0 tid=3 size:64, acked, 1/3 in 0 ms
06-17 21:50:09.900 I/ActivityManager(  502): Force stopping in.startv.hotstar appid=10072 user=0: from pid 1700
06-17 21:50:09.911 I/ActivityManager(  502): Force stopping in.startv.hotstar appid=10072 user=0: from pid 1700
06-17 21:50:09.917 D/JioSettings( 1877): PackageResetBroadcastReceiver::onReceive: intent->>> android.intent.action.PACKAGE_RESTARTED, reset package: package:in.startv.hotstar
06-17 21:50:09.917 D/JioSettings( 1877): Reset package: package:in.startv.hotstar
06-17 21:50:09.934 D/JioSettings( 1877): PackageResetBroadcastReceiver::onReceive: intent->>> android.intent.action.PACKAGE_RESTARTED, reset package: package:in.startv.hotstar
06-17 21:50:09.934 D/JioSettings( 1877): Reset package: package:in.startv.hotstar
06-17 21:50:09.955 D/JioSettings( 1877): PackageResetBroadcastReceiver::onReceive: intent->>> android.intent.action.PACKAGE_RESTARTED, reset package: package:in.startv.hotstar
06-17 21:50:09.955 D/JioSettings( 1877): Reset package: package:in.startv.hotstar
06-17 21:50:09.963 D/JioSettings( 1877): PackageResetBroadcastReceiver::onReceive: intent->>> android.intent.action.PACKAGE_RESTARTED, reset package: package:in.startv.hotstar
06-17 21:50:09.963 D/JioSettings( 1877): Reset package: package:in.startv.hotstar
06-17 21:50:09.979 D/JioSettings( 1877): PackageResetBroadcastReceiver::onReceive: intent->>> android.intent.action.PACKAGE_RESTARTED, reset package: package:in.startv.hotstar
06-17 21:50:09.979 D/JioSettings( 1877): Reset package: package:in.startv.hotstar
06-17 21:50:09.989 I/lowmemorykiller(  229): medium memory pressure event is triggered for new strategy
06-17 21:50:09.990 D/JioSettings( 1877): PackageResetBroadcastReceiver::onReceive: intent->>> android.intent.action.PACKAGE_RESTARTED, reset package: package:in.startv.hotstar
06-17 21:50:09.990 D/JioSettings( 1877): Reset package: package:in.startv.hotstar
06-17 21:50:10.000 D/JioSettings( 1877): PackageResetBroadcastReceiver::onReceive: intent->>> android.intent.action.PACKAGE_RESTARTED, reset package: package:in.startv.hotstar
06-17 21:50:10.001 D/JioSettings( 1877): Reset package: package:in.startv.hotstar
06-17 21:50:10.020 I/e.swalekh.abct( 1302): oneway function results will be dropped but finished with status OK and parcel size 4
06-17 21:50:10.075 I/        (    0): [ 4070.115709@0]  [bluebank] [usb_dec_thread] usb2_status=1, usb3_status=1
06-17 21:50:10.089 I/lowmemorykiller(  229): medium memory pressure event is triggered for new strategy
06-17 21:50:10.190 I/lowmemorykiller(  229): medium memory pressure event is triggered for new strategy
06-17 21:50:10.190 D/lowmemorykiller(  229): LMKD mp_event_psi kill_reasons available are PRESSURE_AFTER_KILL, NOT_RESPONDING, LOW_SWAP_AND_THRASHING, LOW_MEM_AND_SWAP, LOW_MEM_AND_THRASHING, DIRECT_RECL_AND_THRASHING
06-17 21:50:10.190 D/lowmemorykiller(  229): LMKD mp_event_psi kill_reason received= -1
06-17 21:50:10.290 I/lowmemorykiller(  229): medium memory pressure event is triggered for new strategy
06-17 21:50:09.983 I/chatty  (  502): uid=1000(system) Binder:502_15 identical 5 lines
06-17 21:50:09.992 I/ActivityManager(  502): Force stopping in.startv.hotstar appid=10072 user=0: from pid 1700
06-17 21:50:10.336 I/ActivityManager(  502): Force stopping io.appium.uiautomator2.server.test appid=10096 user=0: from pid 18096
06-17 21:50:10.341 I/ActivityManager(  502): Force stopping io.appium.uiautomator2.server appid=10097 user=0: from pid 18095
06-17 21:50:10.348 D/JioSettings( 1877): PackageResetBroadcastReceiver::onReceive: intent->>> android.intent.action.PACKAGE_RESTARTED, reset package: package:io.appium.uiautomator2.server.test
06-17 21:50:10.350 D/JioSettings( 1877): Reset package: package:io.appium.uiautomator2.server.test
06-17 21:50:10.350 D/JioSettings( 1877): PackageResetBroadcastReceiver::onReceive: intent->>> android.intent.action.PACKAGE_RESTARTED, reset package: package:io.appium.uiautomator2.server
06-17 21:50:10.350 D/JioSettings( 1877): Reset package: package:io.appium.uiautomator2.server
06-17 21:50:10.356 I/chatty  (18096): uid=0(root) expire 1 line
06-17 21:50:10.377 I/chatty  ( 1047): uid=1000(system) DefaultDispatch expire 15 lines
06-17 21:50:10.390 I/lowmemorykiller(  229): medium memory pressure event is triggered for new strategy
06-17 21:50:10.391 D/lowmemorykiller(  229): LMKD mp_event_psi kill_reasons available are PRESSURE_AFTER_KILL, NOT_RESPONDING, LOW_SWAP_AND_THRASHING, LOW_MEM_AND_SWAP, LOW_MEM_AND_THRASHING, DIRECT_RECL_AND_THRASHING
