06-17 21:40:09.850 D/JioSDK_OsModule( 1280): sdkRequest is: JioSDK{module='os', api='get-total-inode-usage', regToken='9690ef1edced67b66aded5930ae92e31d171a778', transactionId='-1', argsObj={}}
06-17 21:40:09.968 D/JioSDK_JioSDKServiceInterfaceImpl( 1280): Response Object is: JioSDK{status='success', token='9690ef1edced67b66aded5930ae92e31d171a778', api='get-total-inode-usage', event='null', module='null', transactionId='-1', argsObj={"code":"0","response":{"type":"total-inode-usage","value":"1%"}}}
06-17 21:40:09.968 D/JioSDK_JioSDKServiceInterfaceImpl( 1280): response while returning is :{"code":"0","response":{"type":"total-inode-usage","value":"1%"}}
06-17 21:40:09.984 D/JioSDK_JioSDKServiceInterfaceImpl( 1280): callSdkAPI() called with JSONStr : {"module":"os","api":"get-cpu-temperature","args":{"unit":"celsius"},"package":"com.jio.tr069client"}
06-17 21:40:09.984 D/JioSDK_JioSDKServiceInterfaceImpl( 1280): sdkRequest is :JioSDK{module='os', api='get-cpu-temperature', regToken='9690ef1edced67b66aded5930ae92e31d171a778', transactionId='-1', argsObj={"unit":"celsius"}}
06-17 21:40:09.984 D/JioSDK_SDKRegistrantImpl( 1280): token key map is: {9690ef1edced67b66aded5930ae92e31d171a778=com.jio.tr069client}
06-17 21:40:09.984 D/JioSDK_OsModule( 1280): sdkRequest is: JioSDK{module='os', api='get-cpu-temperature', regToken='9690ef1edced67b66aded5930ae92e31d171a778', transactionId='-1', argsObj={"unit":"celsius"}}
06-17 21:40:09.985 D/JioSDK_SDKNativeService( 1280): performTask(), Module Id: 4
06-17 21:40:10.009 I/        (    0): [ 3470.051564@1]  [bluebank] [usb_dec_thread] usb2_status=1, usb3_status=1
06-17 21:40:10.031 I/JioSDK_SDKNativeService( 1280): performTask() moduleId: 4, result: 54.400002
06-17 21:40:10.031 D/JioSDK_OSModuleAdaptee( 1280): test : retStatus : 54.400002
06-17 21:40:10.031 D/JioSDK_JioSDKServiceInterfaceImpl( 1280): Response Object is: JioSDK{status='success', token='9690ef1edced67b66aded5930ae92e31d171a778', api='get-cpu-temperature', event='null', module='null', transactionId='-1', argsObj={"code":"0","response":{"type":"cpu-temperature","value":{"unit":"celsius","temperature":"54.400002"}}}}
06-17 21:40:10.031 D/JioSDK_JioSDKServiceInterfaceImpl( 1280): response while returning is :{"code":"0","response":{"type":"cpu-temperature","value":{"unit":"celsius","temperature":"54.400002"}}}
06-17 21:40:10.175 W/[ 3470.220602@0]  RTW(    0): fill_default_txdesc(wlan0): SP Packet(0x0806) rate=0x4 SeqNum = 1310
06-17 21:40:10.245 I/chatty  ( 1047): uid=1000(system) DefaultDispatch expire 15 lines
06-17 21:40:10.270 D/rtk_heartbeat(  373): heartbeat_timed_out: heartbeatCmdCount = 3434, expected nextSeqNum = 3434
06-17 21:40:10.272 D/rtk_heartbeat(  373): rtkbt_heartbeat_cmpl_cback: Current SeqNum = 3434,should SeqNum=3434, status = 0
06-17 21:40:10.717 I/e.swalekh.abct( 1302): oneway function results will be dropped but finished with status OK and parcel size 4
06-17 21:40:10.727 I/chatty  ( 3507): uid=1000(system) RxComputationTh expire 12 lines
06-17 21:40:11.033 I/        (    0): [ 3471.075363@1]  [bluebank] [usb_dec_thread] usb2_status=1, usb3_status=1
06-17 21:40:11.271 D/rtk_heartbeat(  373): heartbeat_timed_out: heartbeatCmdCount = 3435, expected nextSeqNum = 3435
06-17 21:40:11.272 D/rtk_heartbeat(  373): rtkbt_heartbeat_cmpl_cback: Current SeqNum = 3435,should SeqNum=3435, status = 0
06-17 21:40:11.627 I/ThermalService(  992): CPU temperatures: [53.9]
06-17 21:40:11.756 E/ocessService0:( 2361): failed to create Unix domain socket: Operation not permitted
06-17 21:40:12.057 I/        (    0): [ 3472.099369@2]  [bluebank] [usb_dec_thread] usb2_status=1, usb3_status=1
06-17 21:40:12.095 I/chatty  (  420): uid=0(root) DK-SiCntrl expire 105 lines
06-17 21:40:12.271 D/rtk_heartbeat(  373): heartbeat_timed_out: heartbeatCmdCount = 3436, expected nextSeqNum = 3436
06-17 21:40:12.272 D/rtk_heartbeat(  373): rtkbt_heartbeat_cmpl_cback: Current SeqNum = 3436,should SeqNum=3436, status = 0
06-17 21:40:12.787 I/chatty  ( 1759): uid=10021(com.iwedia.ui.rjio.launcher.reliance) Binder:1759_1 expire 10 lines
06-17 21:40:12.791 I/e.swalekh.abct( 1302): oneway function results will be dropped but finished with status OK and parcel size 4
06-17 21:40:13.081 I/        (    0): [ 3473.123357@2]  [bluebank] [usb_dec_thread] usb2_status=1, usb3_status=1
06-17 21:40:13.271 D/rtk_heartbeat(  373): heartbeat_timed_out: heartbeatCmdCount = 3437, expected nextSeqNum = 3437
06-17 21:40:13.272 D/rtk_heartbeat(  373): rtkbt_heartbeat_cmpl_cback: Current SeqNum = 3437,should SeqNum=3437, status = 0
06-17 21:40:13.642 I/ThermalService(  992): CPU temperatures: [53.9]
06-17 21:40:13.756 E/ocessService0:( 2361): failed to create Unix domain socket: Operation not permitted
06-17 21:40:14.066 I/chatty  (  420): uid=0(root) dtvkit@1.0-serv expire 23 lines
06-17 21:40:14.105 I/        (    0): [ 3474.147361@2]  [bluebank] [usb_dec_thread] usb2_status=1, usb3_status=1
06-17 21:40:14.271 D/rtk_heartbeat(  373): heartbeat_timed_out: heartbeatCmdCount = 3438, expected nextSeqNum = 3438
06-17 21:40:14.272 D/rtk_heartbeat(  373): rtkbt_heartbeat_cmpl_cback: Current SeqNum = 3438,should SeqNum=3438, status = 0
06-17 21:40:14.862 I/e.swalekh.abct( 1302): oneway function results will be dropped but finished with status OK and parcel size 4
06-17 21:40:14.876 I/chatty  ( 3507): uid=1000(system) RxComputationTh expire 12 lines
06-17 21:40:15.130 I/        (    0): [ 3475.171369@2]  [bluebank] [usb_dec_thread] usb2_status=1, usb3_status=1
06-17 21:40:15.217 W/[ 3475.262342@2]  RTW(    0): fill_default_txdesc(wlan0): SP Packet(0x0806) rate=0x4 SeqNum = 1796
06-17 21:40:15.271 D/rtk_heartbeat(  373): heartbeat_timed_out: heartbeatCmdCount = 3439, expected nextSeqNum = 3439
06-17 21:40:15.272 D/rtk_heartbeat(  373): rtkbt_heartbeat_cmpl_cback: Current SeqNum = 3439,should SeqNum=3439, status = 0
06-17 21:40:15.658 I/ThermalService(  992): CPU temperatures: [53.800003]
06-17 21:40:15.757 E/ocessService0:( 2361): failed to create Unix domain socket: Operation not permitted
06-17 21:40:15.968 I/chatty  (  420): uid=0(root) DK-LTTS_IP_DMXS expire 10 lines
06-17 21:40:16.153 I/        (    0): [ 3476.195368@2]  [bluebank] [usb_dec_thread] usb2_status=1, usb3_status=1
06-17 21:40:16.271 D/rtk_heartbeat(  373): heartbeat_timed_out: heartbeatCmdCount = 3440, expected nextSeqNum = 3440
06-17 21:40:16.273 D/rtk_heartbeat(  373): rtkbt_heartbeat_cmpl_cback: Current SeqNum = 3440,should SeqNum=3440, status = 0
06-17 21:40:16.937 I/e.swalekh.abct( 1302): oneway function results will be dropped but finished with status OK and parcel size 4
06-17 21:40:16.953 I/chatty  ( 3507): uid=1000(system) RxComputationTh expire 12 lines
06-17 21:40:17.177 I/        (    0): [ 3477.219377@2]  [bluebank] [usb_dec_thread] usb2_status=1, usb3_status=1
06-17 21:40:17.272 D/rtk_heartbeat(  373): heartbeat_timed_out: heartbeatCmdCount = 3441, expected nextSeqNum = 3441
06-17 21:40:17.273 D/rtk_heartbeat(  373): rtkbt_heartbeat_cmpl_cback: Current SeqNum = 3441,should SeqNum=3441, status = 0
06-17 21:40:17.393 I/chatty  (  948): uid=1000(system) -1281640025 expire 11 lines
06-17 21:40:17.657 D/com.jiohome.bleserveradv.service.BluetoothController( 2998): scheduleAdvertising true
06-17 21:40:17.661 D/com.jiohome.bleserveradv.service.BluetoothController( 2998): devices in GattServer size [54:A9:C8:6F:93:DC]false
06-17 21:40:17.664 D/com.jiohome.bleserveradv.service.BluetoothController( 2998): stop Advertise
06-17 21:40:17.674 I/ThermalService(  992): CPU temperatures: [54.000004]
06-17 21:40:17.757 E/ocessService0:( 2361): failed to create Unix domain socket: Operation not permitted
06-17 21:40:17.764 D/com.jiohome.bleserveradv.service.BluetoothController( 2998): start Advertise
06-17 21:40:17.765 D/BluetoothAdapter( 2998): isLeEnabled(): ON
06-17 21:40:17.769 D/BluetoothAdapter( 2998): isLeEnabled(): ON
06-17 21:40:17.773 D/BluetoothAdapterService(  769): getAdapterService() - returning com.android.bluetooth.btservice.AdapterService@b7b203e
06-17 21:40:17.788 D/com.jiohome.bleserveradv.service.BluetoothController( 2998): Restart  onStartSuccess
06-17 21:40:17.789 I/chatty  (  420): uid=0(root) HwBinder:420_1 expire 10 lines
06-17 21:40:17.790 D/CommonClientNotiCbUtilsImpl( 1610): Not Received Valid Info
06-17 21:40:18.138 I/chatty  ( 1759): uid=10021(com.iwedia.ui.rjio.launcher.reliance) expire 194 lines
06-17 21:40:18.201 I/        (    0): [ 3478.243364@2]  [bluebank] [usb_dec_thread] usb2_status=1, usb3_status=1
06-17 21:40:18.272 D/rtk_heartbeat(  373): heartbeat_timed_out: heartbeatCmdCount = 3442, expected nextSeqNum = 3442
06-17 21:40:18.273 D/rtk_heartbeat(  373): rtkbt_heartbeat_cmpl_cback: Current SeqNum = 3442,should SeqNum=3442, status = 0
06-17 21:40:19.018 I/e.swalekh.abct( 1302): oneway function results will be dropped but finished with status OK and parcel size 4
06-17 21:40:19.157 I/chatty  ( 1416): uid=1000(system) Binder:1416_4 expire 15 lines
06-17 21:40:19.226 I/        (    0): [ 3479.267367@2]  [bluebank] [usb_dec_thread] usb2_status=1, usb3_status=1
06-17 21:40:19.272 D/rtk_heartbeat(  373): heartbeat_timed_out: heartbeatCmdCount = 3443, expected nextSeqNum = 3443
06-17 21:40:19.273 D/rtk_heartbeat(  373): rtkbt_heartbeat_cmpl_cback: Current SeqNum = 3443,should SeqNum=3443, status = 0
06-17 21:40:19.288 I/JioBackgroundSchedulerService( 2843): Check schedule  
06-17 21:40:19.691 I/ThermalService(  992): CPU temperatures: [53.9]
06-17 21:40:19.757 E/ocessService0:( 2361): failed to create Unix domain socket: Operation not permitted
06-17 21:40:20.250 I/        (    0): [ 3480.291376@0]  [bluebank] [usb_dec_thread] usb2_status=1, usb3_status=1
06-17 21:40:20.272 D/rtk_heartbeat(  373): heartbeat_timed_out: heartbeatCmdCount = 3444, expected nextSeqNum = 3444
06-17 21:40:20.274 D/rtk_heartbeat(  373): rtkbt_heartbeat_cmpl_cback: Current SeqNum = 3444,should SeqNum=3444, status = 0
06-17 21:40:20.277 W/[ 3480.320864@0]  RTW(    0): fill_default_txdesc(wlan0): SP Packet(0x0806) rate=0x4 SeqNum = 2283
06-17 21:40:21.111 I/e.swalekh.abct( 1302): oneway function results will be dropped but finished with status OK and parcel size 4
06-17 21:40:21.272 D/rtk_heartbeat(  373): heartbeat_timed_out: heartbeatCmdCount = 3445, expected nextSeqNum = 3445
06-17 21:40:21.273 I/        (    0): [ 3481.315368@3]  [bluebank] [usb_dec_thread] usb2_status=1, usb3_status=1
06-17 21:40:21.274 D/rtk_heartbeat(  373): rtkbt_heartbeat_cmpl_cback: Current SeqNum = 3445,should SeqNum=3445, status = 0
06-17 21:40:21.706 I/ThermalService(  992): CPU temperatures: [54.100002]
06-17 21:40:21.757 E/ocessService0:( 2361): failed to create Unix domain socket: Operation not permitted
06-17 21:40:22.069 I/chatty  (  420): uid=0(root) DK-Emm_ReadNetw expire 101 lines
06-17 21:40:22.273 D/rtk_heartbeat(  373): heartbeat_timed_out: heartbeatCmdCount = 3446, expected nextSeqNum = 3446
06-17 21:40:22.274 D/rtk_heartbeat(  373): rtkbt_heartbeat_cmpl_cback: Current SeqNum = 3446,should SeqNum=3446, status = 0
06-17 21:40:22.297 I/        (    0): [ 3482.339378@3]  [bluebank] [usb_dec_thread] usb2_status=1, usb3_status=1
06-17 21:40:22.614 I/chatty  (  420): uid=0(root) DK-SiCntrl expire 110 lines
06-17 21:40:23.203 I/e.swalekh.abct( 1302): oneway function results will be dropped but finished with status OK and parcel size 4
06-17 21:40:23.273 D/rtk_heartbeat(  373): heartbeat_timed_out: heartbeatCmdCount = 3447, expected nextSeqNum = 3447
06-17 21:40:23.274 D/rtk_heartbeat(  373): rtkbt_heartbeat_cmpl_cback: Current SeqNum = 3447,should SeqNum=3447, status = 0
06-17 21:40:23.322 I/        (    0): [ 3483.363414@3]  [bluebank] [usb_dec_thread] usb2_status=1, usb3_status=1
06-17 21:40:23.577 I/chatty  (  420): uid=0(root) dtvkit@1.0-serv expire 26 lines
06-17 21:40:23.722 I/ThermalService(  992): CPU temperatures: [54.100002]
06-17 21:40:23.757 E/ocessService0:( 2361): failed to create Unix domain socket: Operation not permitted
06-17 21:40:24.274 D/rtk_heartbeat(  373): heartbeat_timed_out: heartbeatCmdCount = 3448, expected nextSeqNum = 3448
06-17 21:40:24.275 D/rtk_heartbeat(  373): rtkbt_heartbeat_cmpl_cback: Current SeqNum = 3448,should SeqNum=3448, status = 0
06-17 21:40:24.277 I/chatty  ( 1700): uid=1000(system) AppOptimizerHan expire 10 lines
06-17 21:40:24.345 I/        (    0): [ 3484.387361@3]  [bluebank] [usb_dec_thread] usb2_status=1, usb3_status=1
06-17 21:40:25.247 I/chatty  ( 1047): uid=1000(system) DefaultDispatch expire 15 lines
06-17 21:40:25.274 D/rtk_heartbeat(  373): heartbeat_timed_out: heartbeatCmdCount = 3449, expected nextSeqNum = 3449
06-17 21:40:25.275 D/rtk_heartbeat(  373): rtkbt_heartbeat_cmpl_cback: Current SeqNum = 3449,should SeqNum=3449, status = 0
06-17 21:40:25.286 I/e.swalekh.abct( 1302): oneway function results will be dropped but finished with status OK and parcel size 4
06-17 21:40:25.301 W/[ 3485.345290@0]  RTW(    0): fill_default_txdesc(wlan0): SP Packet(0x0806) rate=0x4 SeqNum = 2759
06-17 21:40:25.369 I/        (    0): [ 3485.411358@3]  [bluebank] [usb_dec_thread] usb2_status=1, usb3_status=1
06-17 21:40:25.734 I/ThermalService(  992): CPU temperatures: [54.100002]
06-17 21:40:25.758 E/ocessService0:( 2361): failed to create Unix domain socket: Operation not permitted
06-17 21:40:26.181 W/pool-8-thread-1( 3593): type=1400 audit(0.0:4999): avc: denied { read } for name="arp" dev="proc" ino=4026532018 scontext=u:r:untrusted_app_27:s0:c76,c256,c512,c768 tcontext=u:object_r:proc_net:s0 tclass=file permissive=0 app=com.jio.myhome.mediasharedmp
06-17 21:40:26.185 W/pool-8-thread-1( 3593): type=1400 audit(0.0:5000): avc: denied { read } for name="arp" dev="proc" ino=4026532018 scontext=u:r:untrusted_app_27:s0:c76,c256,c512,c768 tcontext=u:object_r:proc_net:s0 tclass=file permissive=0 app=com.jio.myhome.mediasharedmp
06-17 21:40:26.274 D/rtk_heartbeat(  373): heartbeat_timed_out: heartbeatCmdCount = 3450, expected nextSeqNum = 3450
06-17 21:40:26.275 D/rtk_heartbeat(  373): rtkbt_heartbeat_cmpl_cback: Current SeqNum = 3450,should SeqNum=3450, status = 0
06-17 21:40:26.393 I/        (    0): [ 3486.435374@3]  [bluebank] [usb_dec_thread] usb2_status=1, usb3_status=1
06-17 21:40:26.429 W/pool-8-thread-1( 3593): type=1400 audit(0.0:5001): avc: denied { read } for name="arp" dev="proc" ino=4026532018 scontext=u:r:untrusted_app_27:s0:c76,c256,c512,c768 tcontext=u:object_r:proc_net:s0 tclass=file permissive=0 app=com.jio.myhome.mediasharedmp
06-17 21:40:26.433 W/pool-8-thread-1( 3593): type=1400 audit(0.0:5002): avc: denied { read } for name="arp" dev="proc" ino=4026532018 scontext=u:r:untrusted_app_27:s0:c76,c256,c512,c768 tcontext=u:object_r:proc_net:s0 tclass=file permissive=0 app=com.jio.myhome.mediasharedmp
06-17 21:40:26.669 W/pool-8-thread-1( 3593): type=1400 audit(0.0:5003): avc: denied { read } for name="arp" dev="proc" ino=4026532018 scontext=u:r:untrusted_app_27:s0:c76,c256,c512,c768 tcontext=u:object_r:proc_net:s0 tclass=file permissive=0 app=com.jio.myhome.mediasharedmp
06-17 21:40:26.678 W/[ 3486.723152@1]  audit(    0): audit_lost=4042 audit_rate_limit=5 audit_backlog_limit=64
06-17 21:40:26.678 E/[ 3486.723163@1]  audit(    0): rate limit exceeded
06-17 21:40:27.275 D/rtk_heartbeat(  373): heartbeat_timed_out: heartbeatCmdCount = 3451, expected nextSeqNum = 3451
06-17 21:40:27.276 D/rtk_heartbeat(  373): rtkbt_heartbeat_cmpl_cback: Current SeqNum = 3451,should SeqNum=3451, status = 0
06-17 21:40:27.355 I/e.swalekh.abct( 1302): oneway function results will be dropped but finished with status OK and parcel size 4
06-17 21:40:27.421 I/        (    0): [ 3487.464954@3]  [bluebank] [usb_dec_thread] usb2_status=1, usb3_status=1
06-17 21:40:27.441 I/chatty  (  502): uid=1000(system) HeapTaskDaemon expire 2 lines
06-17 21:40:27.750 I/ThermalService(  992): CPU temperatures: [54.2]
06-17 21:40:27.758 E/ocessService0:( 2361): failed to create Unix domain socket: Operation not permitted
06-17 21:40:28.275 D/rtk_heartbeat(  373): heartbeat_timed_out: heartbeatCmdCount = 3452, expected nextSeqNum = 3452
06-17 21:40:28.276 D/rtk_heartbeat(  373): rtkbt_heartbeat_cmpl_cback: Current SeqNum = 3452,should SeqNum=3452, status = 0
06-17 21:40:28.397 I/chatty  (  948): uid=1000(system) -1281640025 expire 11 lines
06-17 21:40:28.411 I/JTCLOG  ( 3535): JtcForegroundService ->retrieveIpv6 -> 2401:4900:889e:3737:29c9:e0e1:9359:1f2f
06-17 21:40:28.412 I/JTCLOG  ( 3535): JtcForegroundService ->ipValidation -> ipAddress = 2401:4900:889e:3737:29c9:e0e1:9359:1f2f preference ip = 2405:201:1006:d95b:3fea:a07e:4b19:f0f3
06-17 21:40:28.441 I/        (    0): [ 3488.483354@3]  [bluebank] [usb_dec_thread] usb2_status=1, usb3_status=1
06-17 21:40:29.275 D/rtk_heartbeat(  373): heartbeat_timed_out: heartbeatCmdCount = 3453, expected nextSeqNum = 3453
06-17 21:40:29.277 D/rtk_heartbeat(  373): rtkbt_heartbeat_cmpl_cback: Current SeqNum = 3453,should SeqNum=3453, status = 0
06-17 21:40:29.288 I/JioBackgroundSchedulerService( 2843): Check schedule  
06-17 21:40:29.441 I/e.swalekh.abct( 1302): oneway function results will be dropped but finished with status OK and parcel size 4
06-17 21:40:29.455 I/chatty  ( 3507): uid=1000(system) RxComputationTh expire 12 lines
06-17 21:40:29.465 I/        (    0): [ 3489.507412@3]  [bluebank] [usb_dec_thread] usb2_status=1, usb3_status=1
06-17 21:40:29.509 I/chatty  ( 1759): uid=10021(com.iwedia.ui.rjio.launcher.reliance) expire 215 lines
06-17 21:40:29.758 E/ocessService0:( 2361): failed to create Unix domain socket: Operation not permitted
06-17 21:40:29.770 I/ThermalService(  992): CPU temperatures: [54.000004]
06-17 21:40:30.127 I/chatty  (  502): uid=1000(system) WifiHandlerThre expire 10 lines
06-17 21:40:30.275 D/rtk_heartbeat(  373): heartbeat_timed_out: heartbeatCmdCount = 3454, expected nextSeqNum = 3454
06-17 21:40:30.277 D/rtk_heartbeat(  373): rtkbt_heartbeat_cmpl_cback: Current SeqNum = 3454,should SeqNum=3454, status = 0
06-17 21:40:30.493 I/        (    0): [ 3490.536526@3]  [bluebank] [usb_dec_thread] usb2_status=1, usb3_status=1
06-17 21:40:30.717 W/[ 3490.763144@0]  RTW(    0): fill_default_txdesc(wlan0): SP Packet(0x0806) rate=0x4 SeqNum = 3311
06-17 21:40:31.276 D/rtk_heartbeat(  373): heartbeat_timed_out: heartbeatCmdCount = 3455, expected nextSeqNum = 3455
06-17 21:40:31.277 D/rtk_heartbeat(  373): rtkbt_heartbeat_cmpl_cback: Current SeqNum = 3455,should SeqNum=3455, status = 0
06-17 21:40:31.508 I/e.swalekh.abct( 1302): oneway function results will be dropped but finished with status OK and parcel size 4
06-17 21:40:31.513 I/        (    0): [ 3491.555356@3]  [bluebank] [usb_dec_thread] usb2_status=1, usb3_status=1
06-17 21:40:31.758 E/ocessService0:( 2361): failed to create Unix domain socket: Operation not permitted
06-17 21:40:31.786 I/ThermalService(  992): CPU temperatures: [54.2]
06-17 21:40:32.276 D/rtk_heartbeat(  373): heartbeat_timed_out: heartbeatCmdCount = 3456, expected nextSeqNum = 3456
06-17 21:40:32.278 D/rtk_heartbeat(  373): rtkbt_heartbeat_cmpl_cback: Current SeqNum = 3456,should SeqNum=3456, status = 0
06-17 21:40:32.537 I/        (    0): [ 3492.579354@3]  [bluebank] [usb_dec_thread] usb2_status=1, usb3_status=1
06-17 21:40:33.276 D/rtk_heartbeat(  373): heartbeat_timed_out: heartbeatCmdCount = 3457, expected nextSeqNum = 3457
06-17 21:40:33.278 D/rtk_heartbeat(  373): rtkbt_heartbeat_cmpl_cback: Current SeqNum = 3457,should SeqNum=3457, status = 0
06-17 21:40:33.416 I/JTCLOG  ( 3535): JtcForegroundService ->RegisterApp()
06-17 21:40:33.416 I/JTCLOG  ( 3535): JuicePresenter -> registerApp
06-17 21:40:33.416 I/JTCLOG  ( 3535): InitState -> Register
06-17 21:40:33.416 I/JTCLOG  ( 3535): InitState -> Juice Sys NOT Started so do both Start and Registration
06-17 21:40:33.416 I/JTCLOG  ( 3535): JuiceModel -> Registering ...........
06-17 21:40:33.417 E/JTCLOG  ( 3535): networkConnectionType = WIFI
06-17 21:40:33.418 I/JTCLOG  ( 3535): JuiceModel -> SelfIp of type 2  = 2401:4900:889e:3737:29c9:e0e1:9359:1f2f
06-17 21:40:33.419 E/JTCLOG  ( 3535): MacUniqueID: e9:e1:f0:b3:88:de
06-17 21:40:33.419 I/JTCLOG  ( 3535): JuiceModel -> discover IDU services
06-17 21:40:33.562 I/        (    0): [ 3493.603423@2]  [bluebank] [usb_dec_thread] usb2_status=1, usb3_status=1
06-17 21:40:33.587 I/e.swalekh.abct( 1302): oneway function results will be dropped but finished with status OK and parcel size 4
06-17 21:40:33.636 I/chatty  (  420): uid=0(root) DK-SiCntrl expire 105 lines
06-17 21:40:33.759 E/ocessService0:( 2361): failed to create Unix domain socket: Operation not permitted
06-17 21:40:33.803 I/ThermalService(  992): CPU temperatures: [54.2]
06-17 21:40:34.155 I/chatty  ( 1416): uid=1000(system) Binder:1416_4 expire 15 lines
06-17 21:40:34.276 D/rtk_heartbeat(  373): heartbeat_timed_out: heartbeatCmdCount = 3458, expected nextSeqNum = 3458
06-17 21:40:34.277 D/rtk_heartbeat(  373): rtkbt_heartbeat_cmpl_cback: Current SeqNum = 3458,should SeqNum=3458, status = 0
06-17 21:40:34.585 I/        (    0): [ 3494.627375@2]  [bluebank] [usb_dec_thread] usb2_status=1, usb3_status=1
06-17 21:40:35.081 I/chatty  (  420): uid=0(root) dtvkit@1.0-serv expire 21 lines
06-17 21:40:35.277 D/rtk_heartbeat(  373): heartbeat_timed_out: heartbeatCmdCount = 3459, expected nextSeqNum = 3459
06-17 21:40:35.279 D/rtk_heartbeat(  373): rtkbt_heartbeat_cmpl_cback: Current SeqNum = 3459,should SeqNum=3459, status = 0
06-17 21:40:35.549 W/[ 3495.594101@3]  RTW(    0): fill_default_txdesc(wlan0): SP Packet(0x0806) rate=0x4 SeqNum = 3762
06-17 21:40:35.611 I/        (    0): [ 3495.651382@2]  [bluebank] [usb_dec_thread] usb2_status=1, usb3_status=1
06-17 21:40:35.679 I/e.swalekh.abct( 1302): oneway function results will be dropped but finished with status OK and parcel size 4
06-17 21:40:35.690 I/chatty  ( 3507): uid=1000(system) RxComputationTh expire 12 lines
06-17 21:40:35.759 E/ocessService0:( 2361): failed to create Unix domain socket: Operation not permitted
06-17 21:40:35.822 I/ThermalService(  992): CPU temperatures: [54.300003]
06-17 21:40:35.969 I/chatty  (  420): uid=0(root) DK-LTTS_IP_DMXS expire 10 lines
06-17 21:40:36.277 D/rtk_heartbeat(  373): heartbeat_timed_out: heartbeatCmdCount = 3460, expected nextSeqNum = 3460
06-17 21:40:36.278 D/rtk_heartbeat(  373): rtkbt_heartbeat_cmpl_cback: Current SeqNum = 3460,should SeqNum=3460, status = 0
06-17 21:40:36.420 I/chatty  (  502): uid=1000(system) Binder:502_18 expire 4 lines
06-17 21:40:36.421 I/JTCLOG  ( 3535): JuiceModel ->  Discover Mesh ONT services started
06-17 21:40:36.633 I/        (    0): [ 3496.675367@2]  [bluebank] [usb_dec_thread] usb2_status=1, usb3_status=1
06-17 21:40:37.277 D/rtk_heartbeat(  373): heartbeat_timed_out: heartbeatCmdCount = 3461, expected nextSeqNum = 3461
06-17 21:40:37.278 D/rtk_heartbeat(  373): rtkbt_heartbeat_cmpl_cback: Current SeqNum = 3461,should SeqNum=3461, status = 0
06-17 21:40:37.657 I/        (    0): [ 3497.699370@0]  [bluebank] [usb_dec_thread] usb2_status=1, usb3_status=1
06-17 21:40:37.759 E/ocessService0:( 2361): failed to create Unix domain socket: Operation not permitted
06-17 21:40:37.767 I/chatty  ( 1759): uid=10021(com.iwedia.ui.rjio.launcher.reliance) Binder:1759_A expire 10 lines
06-17 21:40:37.774 I/e.swalekh.abct( 1302): oneway function results will be dropped but finished with status OK and parcel size 4
06-17 21:40:37.791 D/CommonClientNotiCbUtilsImpl( 1610): Not Received Valid Info
06-17 21:40:37.838 I/ThermalService(  992): CPU temperatures: [54.4]
06-17 21:40:37.885 W/llkd    (  541): type=1400 audit(0.0:5007): avc: denied { ptrace } for scontext=u:r:llkd:s0 tcontext=u:r:kernel:s0 tclass=process permissive=0
06-17 21:40:37.897 W/[ 3497.939493@1]  audit(    0): audit_lost=4045 audit_rate_limit=5 audit_backlog_limit=64
06-17 21:40:37.898 E/[ 3497.939504@1]  audit(    0): rate limit exceeded
06-17 21:40:37.889 W/llkd    (  541): type=1400 audit(0.0:5011): avc: denied { ptrace } for scontext=u:r:llkd:s0 tcontext=u:r:kernel:s0 tclass=process permissive=0
06-17 21:40:38.277 D/rtk_heartbeat(  373): heartbeat_timed_out: heartbeatCmdCount = 3462, expected nextSeqNum = 3462
06-17 21:40:38.278 D/rtk_heartbeat(  373): rtkbt_heartbeat_cmpl_cback: Current SeqNum = 3462,should SeqNum=3462, status = 0
06-17 21:40:38.681 I/        (    0): [ 3498.723377@0]  [bluebank] [usb_dec_thread] usb2_status=1, usb3_status=1
06-17 21:40:39.077 W/llkd    (  541): type=1400 audit(0.0:5129): avc: denied { ptrace } for scontext=u:r:llkd:s0 tcontext=u:r:kernel:s0 tclass=process permissive=0
06-17 21:40:39.209 W/llkd    (  541): type=1400 audit(0.0:5130): avc: denied { ptrace } for scontext=u:r:llkd:s0 tcontext=u:r:kernel:s0 tclass=process permissive=0
06-17 21:40:39.277 D/rtk_heartbeat(  373): heartbeat_timed_out: heartbeatCmdCount = 3463, expected nextSeqNum = 3463
06-17 21:40:39.279 D/rtk_heartbeat(  373): rtkbt_heartbeat_cmpl_cback: Current SeqNum = 3463,should SeqNum=3463, status = 0
06-17 21:40:39.288 I/JioBackgroundSchedulerService( 2843): Check schedule  
06-17 21:40:39.365 W/llkd    (  541): type=1400 audit(0.0:5131): avc: denied { ptrace } for scontext=u:r:llkd:s0 tcontext=u:r:kernel:s0 tclass=process permissive=0
06-17 21:40:39.365 W/llkd    (  541): type=1400 audit(0.0:5132): avc: denied { ptrace } for scontext=u:r:llkd:s0 tcontext=u:r:kernel:s0 tclass=process permissive=0
06-17 21:40:39.399 I/chatty  (  948): uid=1000(system) -1281640025 expire 11 lines
06-17 21:40:39.425 I/JTCLOG  ( 3535): JuiceModel ->  getOldONTDetails() 
06-17 21:40:39.425 I/JTCLOG  ( 3535): JuiceModel -> Constants.BASEURL_PORT_7443:https://jiofiber.local.html:7443/
06-17 21:40:39.425 I/JTCLOG  ( 3535): JuiceModel -> FQDN=jiofiber.local.html
06-17 21:40:39.425 I/JTCLOG  ( 3535): JuiceModel -> getInfo() called with secured https----- -> count : 57
06-17 21:40:39.541 W/llkd    (  541): type=1400 audit(0.0:5133): avc: denied { ptrace } for scontext=u:r:llkd:s0 tcontext=u:r:kernel:s0 tclass=process permissive=0
06-17 21:40:39.549 W/[ 3499.593795@0]  audit(    0): audit_lost=4162 audit_rate_limit=5 audit_backlog_limit=64
06-17 21:40:39.550 E/[ 3499.593819@0]  audit(    0): rate limit exceeded
06-17 21:40:39.557 W/livelock(  541): sample 1.673s
06-17 21:40:39.709 I/        (    0): [ 3499.751359@0]  [bluebank] [usb_dec_thread] usb2_status=1, usb3_status=1
06-17 21:40:39.759 E/ocessService0:( 2361): failed to create Unix domain socket: Operation not permitted
06-17 21:40:39.854 I/ThermalService(  992): CPU temperatures: [54.600002]
06-17 21:40:39.870 I/e.swalekh.abct( 1302): oneway function results will be dropped but finished with status OK and parcel size 4
06-17 21:40:39.882 I/chatty  ( 3507): uid=1000(system) RxComputationTh expire 12 lines
06-17 21:40:40.250 I/chatty  ( 1047): uid=1000(system) DefaultDispatch expire 15 lines
06-17 21:40:40.278 D/rtk_heartbeat(  373): heartbeat_timed_out: heartbeatCmdCount = 3464, expected nextSeqNum = 3464
06-17 21:40:40.279 D/rtk_heartbeat(  373): rtkbt_heartbeat_cmpl_cback: Current SeqNum = 3464,should SeqNum=3464, status = 0
06-17 21:40:40.654 W/[ 3500.696444@1]  RTW(    0): fill_default_txdesc(wlan0): SP Packet(0x0806) rate=0x4 SeqNum = 176
06-17 21:40:40.729 I/        (    0): [ 3500.771633@0]  [bluebank] [usb_dec_thread] usb2_status=1, usb3_status=1
06-17 21:40:41.278 D/rtk_heartbeat(  373): heartbeat_timed_out: heartbeatCmdCount = 3465, expected nextSeqNum = 3465
06-17 21:40:41.279 D/rtk_heartbeat(  373): rtkbt_heartbeat_cmpl_cback: Current SeqNum = 3465,should SeqNum=3465, status = 0
06-17 21:40:41.753 I/        (    0): [ 3501.795452@0]  [bluebank] [usb_dec_thread] usb2_status=1, usb3_status=1
06-17 21:40:41.759 E/ocessService0:( 2361): failed to create Unix domain socket: Operation not permitted
06-17 21:40:41.870 I/ThermalService(  992): CPU temperatures: [54.300003]
06-17 21:40:41.979 I/e.swalekh.abct( 1302): oneway function results will be dropped but finished with status OK and parcel size 4
06-17 21:40:41.994 I/chatty  ( 3507): uid=1000(system) RxComputationTh expire 12 lines
06-17 21:40:42.006 I/chatty  ( 1759): uid=10021(com.iwedia.ui.rjio.launcher.reliance) expire 245 lines
06-17 21:40:42.278 D/rtk_heartbeat(  373): heartbeat_timed_out: heartbeatCmdCount = 3466, expected nextSeqNum = 3466
06-17 21:40:42.279 D/rtk_heartbeat(  373): rtkbt_heartbeat_cmpl_cback: Current SeqNum = 3466,should SeqNum=3466, status = 0
06-17 21:40:42.777 I/        (    0): [ 3502.819362@2]  [bluebank] [usb_dec_thread] usb2_status=1, usb3_status=1
06-17 21:40:43.278 D/rtk_heartbeat(  373): heartbeat_timed_out: heartbeatCmdCount = 3467, expected nextSeqNum = 3467
06-17 21:40:43.279 D/rtk_heartbeat(  373): rtkbt_heartbeat_cmpl_cback: Current SeqNum = 3467,should SeqNum=3467, status = 0
06-17 21:40:43.760 E/ocessService0:( 2361): failed to create Unix domain socket: Operation not permitted
06-17 21:40:43.801 I/        (    0): [ 3503.843366@2]  [bluebank] [usb_dec_thread] usb2_status=1, usb3_status=1
06-17 21:40:43.886 I/ThermalService(  992): CPU temperatures: [54.500004]
06-17 21:40:44.064 I/e.swalekh.abct( 1302): oneway function results will be dropped but finished with status OK and parcel size 4
06-17 21:40:44.157 I/chatty  (  420): uid=0(root) DK-SiCntrl expire 105 lines
06-17 21:40:44.278 D/rtk_heartbeat(  373): heartbeat_timed_out: heartbeatCmdCount = 3468, expected nextSeqNum = 3468
06-17 21:40:44.279 D/rtk_heartbeat(  373): rtkbt_heartbeat_cmpl_cback: Current SeqNum = 3468,should SeqNum=3468, status = 0
06-17 21:40:44.470 I/chatty  ( 1700): uid=1000(system) AppOptimizerHan expire 10 lines
06-17 21:40:44.825 I/        (    0): [ 3504.869190@2]  [bluebank] [usb_dec_thread] usb2_status=1, usb3_status=1
06-17 21:40:45.279 D/rtk_heartbeat(  373): heartbeat_timed_out: heartbeatCmdCount = 3469, expected nextSeqNum = 3469
06-17 21:40:45.280 D/rtk_heartbeat(  373): rtkbt_heartbeat_cmpl_cback: Current SeqNum = 3469,should SeqNum=3469, status = 0
06-17 21:40:45.585 I/chatty  (  420): uid=0(root) dtvkit@1.0-serv expire 23 lines
06-17 21:40:45.730 W/[ 3505.773537@1]  RTW(    0): fill_default_txdesc(wlan0): SP Packet(0x0806) rate=0x4 SeqNum = 736
06-17 21:40:45.760 E/ocessService0:( 2361): failed to create Unix domain socket: Operation not permitted
06-17 21:40:45.849 I/        (    0): [ 3505.892573@2]  [bluebank] [usb_dec_thread] usb2_status=1, usb3_status=1
06-17 21:40:45.902 I/ThermalService(  992): CPU temperatures: [54.800003]
06-17 21:40:46.156 I/e.swalekh.abct( 1302): oneway function results will be dropped but finished with status OK and parcel size 4
06-17 21:40:46.280 D/rtk_heartbeat(  373): heartbeat_timed_out: heartbeatCmdCount = 3470, expected nextSeqNum = 3470
06-17 21:40:46.281 D/rtk_heartbeat(  373): rtkbt_heartbeat_cmpl_cback: Current SeqNum = 3470,should SeqNum=3470, status = 0
06-17 21:40:46.873 I/        (    0): [ 3506.915396@2]  [bluebank] [usb_dec_thread] usb2_status=1, usb3_status=1
06-17 21:40:47.280 D/rtk_heartbeat(  373): heartbeat_timed_out: heartbeatCmdCount = 3471, expected nextSeqNum = 3471
06-17 21:40:47.282 D/rtk_heartbeat(  373): rtkbt_heartbeat_cmpl_cback: Current SeqNum = 3471,should SeqNum=3471, status = 0
06-17 21:40:47.455 I/chatty  ( 1759): uid=10021(com.iwedia.ui.rjio.launcher.reliance) expire 10 lines
06-17 21:40:47.660 D/com.jiohome.bleserveradv.service.BluetoothController( 2998): scheduleAdvertising true
06-17 21:40:47.663 D/com.jiohome.bleserveradv.service.BluetoothController( 2998): devices in GattServer size [54:A9:C8:6F:93:DC]false
06-17 21:40:47.665 D/com.jiohome.bleserveradv.service.BluetoothController( 2998): stop Advertise
06-17 21:40:47.760 E/ocessService0:( 2361): failed to create Unix domain socket: Operation not permitted
06-17 21:40:47.767 D/com.jiohome.bleserveradv.service.BluetoothController( 2998): start Advertise
06-17 21:40:47.767 D/BluetoothAdapter( 2998): isLeEnabled(): ON
06-17 21:40:47.769 D/BluetoothAdapter( 2998): isLeEnabled(): ON
06-17 21:40:47.773 D/BluetoothAdapterService(  769): getAdapterService() - returning com.android.bluetooth.btservice.AdapterService@b7b203e
06-17 21:40:47.785 D/com.jiohome.bleserveradv.service.BluetoothController( 2998): Restart  onStartSuccess
06-17 21:40:47.898 I/        (    0): [ 3507.939351@2]  [bluebank] [usb_dec_thread] usb2_status=1, usb3_status=1
06-17 21:40:47.919 I/ThermalService(  992): CPU temperatures: [54.4]
06-17 21:40:48.259 I/e.swalekh.abct( 1302): oneway function results will be dropped but finished with status OK and parcel size 4
06-17 21:40:48.281 D/rtk_heartbeat(  373): heartbeat_timed_out: heartbeatCmdCount = 3472, expected nextSeqNum = 3472
06-17 21:40:48.283 D/rtk_heartbeat(  373): rtkbt_heartbeat_cmpl_cback: Current SeqNum = 3472,should SeqNum=3472, status = 0
06-17 21:40:48.921 I/        (    0): [ 3508.963373@3]  [bluebank] [usb_dec_thread] usb2_status=1, usb3_status=1
06-17 21:40:49.159 I/chatty  ( 1416): uid=1000(system) Binder:1416_4 expire 15 lines
06-17 21:40:49.281 D/rtk_heartbeat(  373): heartbeat_timed_out: heartbeatCmdCount = 3473, expected nextSeqNum = 3473
06-17 21:40:49.282 D/rtk_heartbeat(  373): rtkbt_heartbeat_cmpl_cback: Current SeqNum = 3473,should SeqNum=3473, status = 0
06-17 21:40:49.289 I/JioBackgroundSchedulerService( 2843): Check schedule  
06-17 21:40:49.718 I/chatty  ( 1759): uid=10021(com.iwedia.ui.rjio.launcher.reliance) expire 10 lines
06-17 21:40:49.760 E/ocessService0:( 2361): failed to create Unix domain socket: Operation not permitted
06-17 21:40:49.785 W/[ 3509.829142@0]  RTW(    0): fill_default_txdesc(wlan0): SP Packet(0x0806) rate=0x4 SeqNum = 1177
06-17 21:40:49.934 I/ThermalService(  992): CPU temperatures: [54.7]
06-17 21:40:49.945 I/        (    0): [ 3509.987382@3]  [bluebank] [usb_dec_thread] usb2_status=1, usb3_status=1
06-17 21:40:50.281 D/rtk_heartbeat(  373): heartbeat_timed_out: heartbeatCmdCount = 3474, expected nextSeqNum = 3474
06-17 21:40:50.283 D/rtk_heartbeat(  373): rtkbt_heartbeat_cmpl_cback: Current SeqNum = 3474,should SeqNum=3474, status = 0
06-17 21:40:50.318 D/JioCastDialServer( 2967): InitiateMulticastUDPConnection :: onUDPMessageReceived() M_SEARCH_REQUEST matches
06-17 21:40:50.318 D/JioCastDialServer( 2967): InitiateMulticastUDPConnection :: onUDPMessageReceived remoteAddress=/192.168.1.10 remotePort=43306
06-17 21:40:50.318 D/JioCastDialServer( 2967): InitiateMulticastUDPConnection :: restService remoteAddress=/192.168.1.10:46378
06-17 21:40:50.319 D/JioCastDialServer( 2967): Utils :: getUUID()
06-17 21:40:50.319 D/JioCastDialServer( 2967): InitiateMulticastUDPConnection :: onUDPMessageReceived() Sent MSEARCH Reponse
06-17 21:40:50.319 D/JioCastDialServer( 2967): InitiateMulticastUDPConnection :: startDialServiceDiscovery()
06-17 21:40:50.319 D/JioCastDialServer( 2967): InitiateMulticastUDPConnection :: DialSocket is Closed()
06-17 21:40:50.340 D/JioCastDialServer( 2967): DialRestService :: createAndAcceptSocketAgain() after mServerSocket.accept()
06-17 21:40:50.340 D/JioCastDialServer( 2967): DialRestService :: receiveApplicationInformationRequest()
06-17 21:40:50.340 D/JioCastDialServer( 2967): DialRestService :: receiveApplicationInformationRequest() : socketAddress=/192.168.1.10:43262; socketPort=43262
06-17 21:40:50.356 I/e.swalekh.abct( 1302): oneway function results will be dropped but finished with status OK and parcel size 4
06-17 21:40:50.401 I/chatty  (  948): uid=1000(system) -1281640025 expire 11 lines
06-17 21:40:50.423 D/JioCastDialServer( 2967): DialRestService:: receiveApplicationInformationRequest() msg=GET /apps/YouTube HTTP/1.1
06-17 21:40:50.423 D/JioCastDialServer( 2967): Utils :: getDialClientVersion()
06-17 21:40:50.424 D/JioCastDialServer( 2967): Utils :: getDialClientVersion()
06-17 21:40:50.424 D/JioCastDialServer( 2967): DialRestService :: getDialClientVersion: 0.0
06-17 21:40:50.424 D/JioCastDialServer( 2967): DialRestService :: receiveApplicationInformationRequest() APP_INFO_REQUEST msg=GET /apps/YouTube HTTP/1.1
06-17 21:40:50.424 D/JioCastDialServer( 2967): Utils :: getAppName()
06-17 21:40:50.424 D/JioCastDialServer( 2967): DialRestService :: receiveApplicationInformationRequest() appName=YouTube
06-17 21:40:50.424 D/JioCastDialServer( 2967): Utils :: getAppPackageName() appName=YouTube
06-17 21:40:50.424 D/JioCastDialServer( 2967): Utils :: isPackageInstalled() packageName=com.jio.yt
06-17 21:40:50.424 D/JioCastDialServer( 2967): DialRestService :: receiveApplicationInformationRequest() Android Version >= 10; API: 30
06-17 21:40:50.424 D/JioCastDialServer( 2967): Utils :: getDialClientVersion()
06-17 21:40:50.424 D/JioCastDialServer( 2967): DialRestServiceDialClientVersion: 0.0
06-17 21:40:50.424 D/JioCastDialServer( 2967): Utils :: getDialClientVersion()
06-17 21:40:50.424 D/JioCastDialServer( 2967): Utils :: getAppPackageName() appName=YouTube
06-17 21:40:50.424 D/JioCastDialServer( 2967): Utils :: isAppOnForeground()
06-17 21:40:50.428 D/JioCastDialServer( 2967): DialRestService :: sendSpecificApplicationInformationResponse()
06-17 21:40:50.429 D/JioCastDialServer( 2967): Utils :: getAppInfo()
06-17 21:40:50.429 E/JioCastDialServer( 2967): addDataMsg is EMPTY
06-17 21:40:50.429 D/JioCastDialServer( 2967): DialRestService :: sendTCPMessage() message=HTTP/1.1 200 OK 

06-17 21:40:50.429 D/JioCastDialServer( 2967): Content-Type: text/xml

06-17 21:40:50.429 D/JioCastDialServer( 2967): 

06-17 21:40:50.429 D/JioCastDialServer( 2967): <?xml version="1.0" encoding="UTF-8"?>

06-17 21:40:50.429 D/JioCastDialServer( 2967): <service xmlns="urn:dial-multiscreen-org:schemas:dial" dialVer="2.1">

06-17 21:40:50.429 D/JioCastDialServer( 2967): <name>YouTube</name>

06-17 21:40:50.429 D/JioCastDialServer( 2967): <options allowStop="true"/>


06-17 21:40:50.429 D/JioCastDialServer( 2967): <state>stopped</state>

06-17 21:40:50.429 D/JioCastDialServer( 2967): <link rel="run" href="run"/>

06-17 21:40:50.429 D/JioCastDialServer( 2967): </service>

06-17 21:40:50.429 D/JioCastDialServer( 2967): DialRestService :: receiveApplicationInformationRequest() Outside WHILE before stopDiscovery()
06-17 21:40:50.430 D/JioCastDialServer( 2967): DialRestService :: stopDiscovery()
06-17 21:40:50.430 D/JioCastDialServer( 2967): DialRestService :: closeSocket()
06-17 21:40:50.431 D/JioCastDialServer( 2967): DialRestServiceHandler :: handleMessage()
06-17 21:40:50.431 D/JioCastDialServer( 2967): DialRestServiceHandler :: handleMessage() ACTION_CREATE
06-17 21:40:50.431 D/JioCastDialServer( 2967): DialRestService :: createAndAcceptSocketAgain() called.
06-17 21:40:50.431 D/JioCastDialServer( 2967): DialRestService :: createAndAcceptSocketAgain() before mServerSocket.accept()
06-17 21:40:50.969 I/        (    0): [ 3511.011384@0]  [bluebank] [usb_dec_thread] usb2_status=1, usb3_status=1
06-17 21:40:51.281 D/rtk_heartbeat(  373): heartbeat_timed_out: heartbeatCmdCount = 3475, expected nextSeqNum = 3475
06-17 21:40:51.283 D/rtk_heartbeat(  373): rtkbt_heartbeat_cmpl_cback: Current SeqNum = 3475,should SeqNum=3475, status = 0
06-17 21:40:51.761 E/ocessService0:( 2361): failed to create Unix domain socket: Operation not permitted
06-17 21:40:51.954 I/ThermalService(  992): CPU temperatures: [54.600002]
06-17 21:40:51.993 I/        (    0): [ 3512.035372@2]  [bluebank] [usb_dec_thread] usb2_status=1, usb3_status=1
06-17 21:40:52.282 D/rtk_heartbeat(  373): heartbeat_timed_out: heartbeatCmdCount = 3476, expected nextSeqNum = 3476
06-17 21:40:52.283 D/rtk_heartbeat(  373): rtkbt_heartbeat_cmpl_cback: Current SeqNum = 3476,should SeqNum=3476, status = 0
06-17 21:40:52.437 I/e.swalekh.abct( 1302): oneway function results will be dropped but finished with status OK and parcel size 4
06-17 21:40:53.017 I/        (    0): [ 3513.059376@0]  [bluebank] [usb_dec_thread] usb2_status=1, usb3_status=1
06-17 21:40:53.088 I/chatty  (  420): uid=0(root) DK-Emm_ReadNetw expire 101 lines
06-17 21:40:53.282 D/rtk_heartbeat(  373): heartbeat_timed_out: heartbeatCmdCount = 3477, expected nextSeqNum = 3477
06-17 21:40:53.283 D/rtk_heartbeat(  373): rtkbt_heartbeat_cmpl_cback: Current SeqNum = 3477,should SeqNum=3477, status = 0
06-17 21:40:53.761 E/ocessService0:( 2361): failed to create Unix domain socket: Operation not permitted
06-17 21:40:53.970 I/ThermalService(  992): CPU temperatures: [54.600002]
06-17 21:40:54.042 I/        (    0): [ 3514.083512@0]  [bluebank] [usb_dec_thread] usb2_status=1, usb3_status=1
06-17 21:40:54.282 D/rtk_heartbeat(  373): heartbeat_timed_out: heartbeatCmdCount = 3478, expected nextSeqNum = 3478
06-17 21:40:54.283 D/rtk_heartbeat(  373): rtkbt_heartbeat_cmpl_cback: Current SeqNum = 3478,should SeqNum=3478, status = 0
06-17 21:40:54.553 W/[ 3514.595468@3]  RTW(    0): fill_default_txdesc(wlan0): SP Packet(0x0806) rate=0x4 SeqNum = 1655
06-17 21:40:54.577 I/e.swalekh.abct( 1302): oneway function results will be dropped but finished with status OK and parcel size 4
06-17 21:40:54.594 I/chatty  ( 3507): uid=1000(system) RxComputationTh expire 12 lines
06-17 21:40:54.595 I/chatty  (  420): uid=0(root) dtvkit@1.0-serv expire 28 lines
06-17 21:40:54.677 I/chatty  (  420): uid=0(root) DK-SiCntrl expire 116 lines
06-17 21:40:54.841 W/[ 3514.886032@0]  RTW(    0): fill_default_txdesc(wlan0): SP Packet(0x0806) rate=0x4 SeqNum = 1685
06-17 21:40:55.065 I/        (    0): [ 3515.107452@3]  [bluebank] [usb_dec_thread] usb2_status=1, usb3_status=1
06-17 21:40:55.253 I/chatty  ( 1047): uid=1000(system) DefaultDispatch expire 15 lines
06-17 21:40:55.282 D/rtk_heartbeat(  373): heartbeat_timed_out: heartbeatCmdCount = 3479, expected nextSeqNum = 3479
06-17 21:40:55.283 D/rtk_heartbeat(  373): rtkbt_heartbeat_cmpl_cback: Current SeqNum = 3479,should SeqNum=3479, status = 0
06-17 21:40:55.541 W/[ 3515.583857@1]  RTW(    0): fill_default_txdesc(wlan0): SP Packet(0x0806) rate=0x4 SeqNum = 1766
06-17 21:40:55.577 W/[ 3515.619523@1]  RTW(    0): fill_default_txdesc(wlan0): SP Packet(0x0806) rate=0x4 SeqNum = 1773
06-17 21:40:55.761 E/ocessService0:( 2361): failed to create Unix domain socket: Operation not permitted
06-17 21:40:55.971 I/chatty  (  420): uid=0(root) DK-LTTS_IP_DMXS expire 10 lines
06-17 21:40:55.987 I/ThermalService(  992): CPU temperatures: [54.500004]
06-17 21:40:56.089 I/        (    0): [ 3516.131387@3]  [bluebank] [usb_dec_thread] usb2_status=1, usb3_status=1
06-17 21:40:56.282 D/rtk_heartbeat(  373): heartbeat_timed_out: heartbeatCmdCount = 3480, expected nextSeqNum = 3480
06-17 21:40:56.284 D/rtk_heartbeat(  373): rtkbt_heartbeat_cmpl_cback: Current SeqNum = 3480,should SeqNum=3480, status = 0
06-17 21:40:56.364 I/chatty  ( 1759): uid=10021(com.iwedia.ui.rjio.launcher.reliance) expire 190 lines
06-17 21:40:56.650 I/e.swalekh.abct( 1302): oneway function results will be dropped but finished with status OK and parcel size 4
06-17 21:40:57.113 I/        (    0): [ 3517.155361@1]  [bluebank] [usb_dec_thread] usb2_status=1, usb3_status=1
06-17 21:40:57.282 D/rtk_heartbeat(  373): heartbeat_timed_out: heartbeatCmdCount = 3481, expected nextSeqNum = 3481
06-17 21:40:57.283 D/rtk_heartbeat(  373): rtkbt_heartbeat_cmpl_cback: Current SeqNum = 3481,should SeqNum=3481, status = 0
06-17 21:40:57.761 E/ocessService0:( 2361): failed to create Unix domain socket: Operation not permitted
06-17 21:40:57.792 I/chatty  (  420): uid=0(root) HwBinder:420_1 expire 10 lines
06-17 21:40:57.793 D/CommonClientNotiCbUtilsImpl( 1610): Not Received Valid Info
06-17 21:40:58.002 I/ThermalService(  992): CPU temperatures: [54.600002]
06-17 21:40:58.137 I/        (    0): [ 3518.179455@1]  [bluebank] [usb_dec_thread] usb2_status=1, usb3_status=1
06-17 21:40:58.283 D/rtk_heartbeat(  373): heartbeat_timed_out: heartbeatCmdCount = 3482, expected nextSeqNum = 3482
06-17 21:40:58.284 D/rtk_heartbeat(  373): rtkbt_heartbeat_cmpl_cback: Current SeqNum = 3482,should SeqNum=3482, status = 0
06-17 21:40:58.741 I/e.swalekh.abct( 1302): oneway function results will be dropped but finished with status OK and parcel size 4
06-17 21:40:59.161 I/        (    0): [ 3519.203375@1]  [bluebank] [usb_dec_thread] usb2_status=1, usb3_status=1
06-17 21:40:59.283 D/rtk_heartbeat(  373): heartbeat_timed_out: heartbeatCmdCount = 3483, expected nextSeqNum = 3483
06-17 21:40:59.284 D/rtk_heartbeat(  373): rtkbt_heartbeat_cmpl_cback: Current SeqNum = 3483,should SeqNum=3483, status = 0
06-17 21:40:59.289 I/JioBackgroundSchedulerService( 2843): Check schedule  
06-17 21:40:59.446 E/JTCLOG  ( 3535): JuiceModel -> onFailure to get Account Info java.net.SocketTimeoutException: failed to connect to /192.168.1.1 (port 7443) from /192.168.1.29 (port 34830) after 10000ms
06-17 21:40:59.449 I/JTCLOG  ( 3535): StateHandler -> GET_FLN_FAILED
06-17 21:40:59.464 I/JTCLOG  ( 3535): JuicePresenter -> GET_FLN_FAILED
06-17 21:40:59.465 I/JTCLOG  ( 3535): JtcForegroundService ->FLN Not Found -> Retry after every 30 seconds
06-17 21:40:59.465 I/JTCLOG  ( 3535): JuicePresenter -> GET_FLN_FAILED
06-17 21:40:59.762 E/ocessService0:( 2361): failed to create Unix domain socket: Operation not permitted
06-17 21:40:59.938 W/[ 3519.981603@0]  RTW(    0): fill_default_txdesc(wlan0): SP Packet(0x0806) rate=0x4 SeqNum = 2206
06-17 21:41:00.018 I/ThermalService(  992): CPU temperatures: [54.500004]
06-17 21:41:00.038 I/chatty  ( 1759): uid=10021(com.iwedia.ui.rjio.launcher.reliance) expire 10 lines
06-17 21:41:00.185 I/        (    0): [ 3520.227364@1]  [bluebank] [usb_dec_thread] usb2_status=1, usb3_status=1
06-17 21:41:00.231 I/chatty  (  502): uid=1000(system) WifiHandlerThre expire 10 lines
06-17 21:41:00.283 D/rtk_heartbeat(  373): heartbeat_timed_out: heartbeatCmdCount = 3484, expected nextSeqNum = 3484
06-17 21:41:00.284 D/rtk_heartbeat(  373): rtkbt_heartbeat_cmpl_cback: Current SeqNum = 3484,should SeqNum=3484, status = 0
06-17 21:41:00.819 I/chatty  ( 1759): uid=10021(com.iwedia.ui.rjio.launcher.reliance) Binder:1759_1 expire 10 lines
06-17 21:41:00.821 I/e.swalekh.abct( 1302): oneway function results will be dropped but finished with status OK and parcel size 4
06-17 21:41:00.831 I/chatty  ( 3507): uid=1000(system) RxComputationTh expire 12 lines
06-17 21:41:01.209 I/        (    0): [ 3521.251372@1]  [bluebank] [usb_dec_thread] usb2_status=1, usb3_status=1
06-17 21:41:01.283 D/rtk_heartbeat(  373): heartbeat_timed_out: heartbeatCmdCount = 3485, expected nextSeqNum = 3485
06-17 21:41:01.284 D/rtk_heartbeat(  373): rtkbt_heartbeat_cmpl_cback: Current SeqNum = 3485,should SeqNum=3485, status = 0
06-17 21:41:01.401 I/chatty  (  948): uid=1000(system) -1281640025 expire 11 lines
06-17 21:41:01.762 E/ocessService0:( 2361): failed to create Unix domain socket: Operation not permitted
06-17 21:41:02.034 I/ThermalService(  992): CPU temperatures: [54.600002]
06-17 21:41:02.233 I/        (    0): [ 3522.275372@1]  [bluebank] [usb_dec_thread] usb2_status=1, usb3_status=1
06-17 21:41:02.283 D/rtk_heartbeat(  373): heartbeat_timed_out: heartbeatCmdCount = 3486, expected nextSeqNum = 3486
06-17 21:41:02.287 D/rtk_heartbeat(  373): rtkbt_heartbeat_cmpl_cback: Current SeqNum = 3486,should SeqNum=3486, status = 0
06-17 21:41:02.899 I/e.swalekh.abct( 1302): oneway function results will be dropped but finished with status OK and parcel size 4
06-17 21:41:03.261 I/        (    0): [ 3523.303375@3]  [bluebank] [usb_dec_thread] usb2_status=1, usb3_status=1
06-17 21:41:03.284 D/rtk_heartbeat(  373): heartbeat_timed_out: heartbeatCmdCount = 3487, expected nextSeqNum = 3487
06-17 21:41:03.284 D/rtk_heartbeat(  373): rtkbt_heartbeat_cmpl_cback: Current SeqNum = 3487,should SeqNum=3487, status = 0
06-17 21:41:03.762 E/ocessService0:( 2361): failed to create Unix domain socket: Operation not permitted
06-17 21:41:04.050 I/ThermalService(  992): CPU temperatures: [54.600002]
06-17 21:41:04.147 I/chatty  ( 1416): uid=1000(system) Binder:1416_4 expire 15 lines
06-17 21:41:04.284 D/rtk_heartbeat(  373): heartbeat_timed_out: heartbeatCmdCount = 3488, expected nextSeqNum = 3488
06-17 21:41:04.285 D/rtk_heartbeat(  373): rtkbt_heartbeat_cmpl_cback: Current SeqNum = 3488,should SeqNum=3488, status = 0
06-17 21:41:04.286 I/        (    0): [ 3524.327362@3]  [bluebank] [usb_dec_thread] usb2_status=1, usb3_status=1
06-17 21:41:04.689 I/chatty  ( 1700): uid=1000(system) AppOptimizerHan expire 10 lines
06-17 21:41:04.968 I/e.swalekh.abct( 1302): oneway function results will be dropped but finished with status OK and parcel size 4
06-17 21:41:04.979 I/chatty  ( 3507): uid=1000(system) RxComputationTh expire 12 lines
06-17 21:41:05.054 W/[ 3525.097345@0]  RTW(    0): fill_default_txdesc(wlan0): SP Packet(0x0806) rate=0x4 SeqNum = 2691
06-17 21:41:05.284 D/rtk_heartbeat(  373): heartbeat_timed_out: heartbeatCmdCount = 3489, expected nextSeqNum = 3489
06-17 21:41:05.285 D/rtk_heartbeat(  373): rtkbt_heartbeat_cmpl_cback: Current SeqNum = 3489,should SeqNum=3489, status = 0
06-17 21:41:05.305 I/        (    0): [ 3525.347381@3]  [bluebank] [usb_dec_thread] usb2_status=1, usb3_status=1
06-17 21:41:05.763 E/ocessService0:( 2361): failed to create Unix domain socket: Operation not permitted
06-17 21:41:06.066 I/ThermalService(  992): CPU temperatures: [54.600002]
06-17 21:41:06.284 D/rtk_heartbeat(  373): heartbeat_timed_out: heartbeatCmdCount = 3490, expected nextSeqNum = 3490
06-17 21:41:06.285 D/rtk_heartbeat(  373): rtkbt_heartbeat_cmpl_cback: Current SeqNum = 3490,should SeqNum=3490, status = 0
06-17 21:41:06.299 I/chatty  (  420): uid=0(root) DK-SiCntrl expire 193 lines
06-17 21:41:06.329 I/        (    0): [ 3526.371615@3]  [bluebank] [usb_dec_thread] usb2_status=1, usb3_status=1
06-17 21:41:07.047 I/e.swalekh.abct( 1302): oneway function results will be dropped but finished with status OK and parcel size 4
06-17 21:41:07.065 I/chatty  ( 3507): uid=1000(system) RxComputationTh expire 12 lines
06-17 21:41:07.090 I/chatty  ( 1759): uid=10021(com.iwedia.ui.rjio.launcher.reliance) expire 178 lines
06-17 21:41:07.100 I/chatty  (  420): uid=0(root) dtvkit@1.0-serv expire 22 lines
06-17 21:41:07.285 D/rtk_heartbeat(  373): heartbeat_timed_out: heartbeatCmdCount = 3491, expected nextSeqNum = 3491
