01-01 05:30:22.041 W/vold    (  241): Failed to LOOP_GET_STATUS64 /dev/block/loop2: No such device or address
01-01 05:30:22.041 W/vold    (  241): Failed to LOOP_GET_STATUS64 /dev/block/loop0: No such device or address
01-01 05:30:22.041 W/vold    (  241): Failed to LOOP_GET_STATUS64 /dev/block/loop15: No such device or address
01-01 05:30:22.041 W/vold    (  241): Failed to LOOP_GET_STATUS64 /dev/block/loop1: No such device or address
01-01 05:30:22.041 W/        (    0): [   21.897735@1]  EXT4-fs (mmcblk0p3): Ignoring removed nomblk_io_submit option
01-01 05:30:22.045 D/vold    (  241): VoldNativeService::start() completed OK
01-01 05:30:22.049 I/        (    0): [   21.904659@1]  EXT4-fs (mmcblk0p3): recovery complete
01-01 05:30:22.049 I/        (    0): [   21.905109@1]  EXT4-fs (mmcblk0p3): mounted filesystem with ordered data mode. Opts: errors=remount-ro,nomblk_io_submit
01-01 05:30:22.089 I/[   21.944909@2]  e2fsck(    0): e2fsck 1.45.4 (23-Sep-2019)
01-01 05:30:22.093 I/[   21.951194@2]  e2fsck(    0): Pass 1: Checking inodes, blocks, and sizes
01-01 05:30:22.097 I/[   21.955291@3]  e2fsck(    0): Pass 2: Checking directory structure
01-01 05:30:22.101 I/[   21.957337@3]  e2fsck(    0): Pass 3: Checking directory connectivity
01-01 05:30:22.101 I/[   21.957941@3]  e2fsck(    0): Pass 4: Checking reference counts
01-01 05:30:22.109 I/[   21.964671@3]  e2fsck(    0): Pass 5: Checking group summary information
01-01 05:30:22.129 I/[   21.984511@3]  e2fsck(    0): /dev/block/by-name/cache: 27/98304 files (0.0% non-contiguous), 14555/393216 blocks
01-01 05:30:22.133 W/        (    0): [   21.987625@1]  EXT4-fs (mmcblk0p3): Ignoring removed nomblk_io_submit option
01-01 05:30:22.133 I/        (    0): [   21.989409@1]  EXT4-fs (mmcblk0p3): mounted filesystem with ordered data mode. Opts: nodelalloc,nomblk_io_submit,errors=panic
01-01 05:30:22.149 I/[   22.005446@3]  tune2fs(    0): tune2fs 1.45.4 (23-Sep-2019)
01-01 05:30:22.150 I/[   22.007970@1]  tune2fs(    0): Warning: The journal is dirty. You may wish to replay the journal like:
01-01 05:30:22.150 I/[   22.007988@1]  tune2fs(    0):  
01-01 05:30:22.221 W/        (    0): [   22.079084@3]  EXT4-fs (mmcblk0p15): Ignoring removed nomblk_io_submit option
01-01 05:30:22.225 I/        (    0): [   22.080817@3]  EXT4-fs (mmcblk0p15): mounted filesystem with ordered data mode. Opts: nodelalloc,nomblk_io_submit,errors=panic
01-01 05:30:22.277 W/        (    0): [   22.132241@2]  EXT4-fs (mmcblk0p9): Ignoring removed nomblk_io_submit option
01-01 05:30:22.277 I/        (    0): [   22.134807@2]  EXT4-fs (mmcblk0p9): mounted filesystem with ordered data mode. Opts: nodelalloc,nomblk_io_submit,errors=panic
01-01 05:30:22.285 W/        (    0): [   22.140942@2]  FAT-fs (mmcblk0p6): Volume was not properly unmounted. Some data may be corrupt. Please run fsck.
--------- beginning of crash
01-01 05:30:22.343 F/libc    (  242): Fatal signal 6 (SIGABRT), code -1 (SI_QUEUE) in tid 242 (surfaceflinger), pid 242 (surfaceflinger)
01-01 05:30:22.357 I/        (    0): [   22.211510@2]  [bluebank] [usb_dec_thread] usb2_status=1, usb3_status=1
01-01 05:30:22.370 F/DEBUG   (  273): *** *** *** *** *** *** *** *** *** *** *** *** *** *** *** ***
01-01 05:30:22.370 F/DEBUG   (  273): Build fingerprint: 'Jio/4KOTTSTB/MSTB:11/23.1.11/84:userdebug/release-keys'
01-01 05:30:22.370 F/DEBUG   (  273): Revision: '0'
01-01 05:30:22.370 F/DEBUG   (  273): ABI: 'arm'
01-01 05:30:22.372 F/DEBUG   (  273): Timestamp: 1970-01-01 05:30:22+0530
01-01 05:30:22.372 F/DEBUG   (  273): pid: 242, tid: 242, name: surfaceflinger  >>> /system/bin/surfaceflinger <<<
01-01 05:30:22.372 F/DEBUG   (  273): uid: 1000
01-01 05:30:22.372 F/DEBUG   (  273): signal 6 (SIGABRT), code -1 (SI_QUEUE), fault addr --------
01-01 05:30:22.372 F/DEBUG   (  273): Abort message: 'eglQueryStringImplementationANDROID(EGL_VERSION) failed'
01-01 05:30:22.372 F/DEBUG   (  273):     r0  00000000  r1  000000f2  r2  00000006  r3  ffac8f60
01-01 05:30:22.372 F/DEBUG   (  273):     r4  ffac8f74  r5  ffac8f58  r6  000000f2  r7  0000016b
01-01 05:30:22.372 F/DEBUG   (  273):     r8  ffac8f60  r9  ffac8f70  r10 ffac8f90  r11 ffac8f80
01-01 05:30:22.372 F/DEBUG   (  273):     ip  000000f2  sp  ffac8f30  lr  f633dacd  pc  f633dae0
01-01 05:30:22.373 E/[   22.228356@3]  DEBUG(    0): *** *** *** *** *** *** *** *** *** *** *** *** *** *** *** ***
01-01 05:30:22.373 E/[   22.228583@3]  DEBUG(    0): Build fingerprint: 'Jio/4KOTTSTB/MSTB:11/23.1.11/84:userdebug/release-keys'
01-01 05:30:22.373 E/[   22.228656@3]  DEBUG(    0): Revision: '0'
01-01 05:30:22.373 E/[   22.228773@3]  DEBUG(    0): ABI: 'arm'
01-01 05:30:22.373 E/[   22.230148@3]  DEBUG(    0): Timestamp: 1970-01-01 05:30:22+0530
01-01 05:30:22.373 E/[   22.230243@3]  DEBUG(    0): pid: 242, tid: 242, name: surfaceflinger  >>> /system/bin/surfaceflinger <<<
01-01 05:30:22.373 E/[   22.230311@3]  DEBUG(    0): uid: 1000
01-01 05:30:22.373 E/[   22.230445@3]  DEBUG(    0): signal 6 (SIGABRT), code -1 (SI_QUEUE), fault addr --------
01-01 05:30:22.373 E/[   22.230550@3]  DEBUG(    0): Abort message: 'eglQueryStringImplementationANDROID(EGL_VERSION) failed'
01-01 05:30:22.373 E/[   22.230634@3]  DEBUG(    0): r0  00000000  r1  000000f2  r2  00000006  r3  ffac8f60
01-01 05:30:22.373 E/[   22.230706@3]  DEBUG(    0): r4  ffac8f74  r5  ffac8f58  r6  000000f2  r7  0000016b
01-01 05:30:22.373 E/[   22.230777@3]  DEBUG(    0): r8  ffac8f60  r9  ffac8f70  r10 ffac8f90  r11 ffac8f80
01-01 05:30:22.408 F/DEBUG   (  273): backtrace:
01-01 05:30:22.408 F/DEBUG   (  273):       #00 pc 00062ae0  /apex/com.android.runtime/lib/bionic/libc.so (abort+172) (BuildId: c6b066b54a542edef44120c7cdd096e8)
01-01 05:30:22.408 F/DEBUG   (  273):       #01 pc 00004bdb  /system/lib/liblog.so (__android_log_default_aborter+6) (BuildId: 7474f5ee9967658c54ca5b1d896d06db)
01-01 05:30:22.409 F/DEBUG   (  273):       #02 pc 000052eb  /system/lib/liblog.so (__android_log_assert+174) (BuildId: 7474f5ee9967658c54ca5b1d896d06db)
01-01 05:30:22.409 F/DEBUG   (  273):       #03 pc 00111329  /system/lib/libsurfaceflinger.so (android::renderengine::gl::GLESRenderEngine::create(android::renderengine::RenderEngineCreationArgs const&)+3492) (BuildId: bf502614d04a96df8df8eab7d31f03ca)
01-01 05:30:22.409 F/DEBUG   (  273):       #04 pc 0011047f  /system/lib/libsurfaceflinger.so (android::renderengine::RenderEngine::create(android::renderengine::RenderEngineCreationArgs const&)+130) (BuildId: bf502614d04a96df8df8eab7d31f03ca)
01-01 05:30:22.409 E/[   22.230919@3]  DEBUG(    0): ip  000000f2  sp  ffac8f30  lr  f633dacd  pc  f633dae0
01-01 05:30:22.409 E/[   22.266714@3]  DEBUG(    0):  
01-01 05:30:22.409 E/[   22.266724@3]  DEBUG(    0): backtrace:
01-01 05:30:22.409 E/[   22.266883@3]  DEBUG(    0): #00 pc 00062ae0  /apex/com.android.runtime/lib/bionic/libc.so (abort+172) (BuildId: c6b066b54a542edef44120c7cdd096e8)
01-01 05:30:22.409 E/[   22.266989@3]  DEBUG(    0): #01 pc 00004bdb  /system/lib/liblog.so (__android_log_default_aborter+6) (BuildId: 7474f5ee9967658c54ca5b1d896d06db)
01-01 05:30:22.409 E/[   22.267080@3]  DEBUG(    0): #02 pc 000052eb  /system/lib/liblog.so (__android_log_assert+174) (BuildId: 7474f5ee9967658c54ca5b1d896d06db)
01-01 05:30:22.409 E/[   22.267319@3]  DEBUG(    0): #03 pc 00111329  /system/lib/libsurfaceflinger.so (android::renderengine::gl::GLESRenderEngine::create(android::renderengine::RenderEngineCreationArgs const&)+3492) (BuildId: bf502614d04a96df8df8eab7d31f03ca)
01-01 05:30:22.409 F/DEBUG   (  273):       #05 pc 000b27e1  /system/lib/libsurfaceflinger.so (android::SurfaceFlinger::init()+128) (BuildId: bf502614d04a96df8df8eab7d31f03ca)
01-01 05:30:22.409 F/DEBUG   (  273):       #06 pc 000021d9  /system/bin/surfaceflinger (main+260) (BuildId: 0599dd3eb971428177fd45fd83649b43)
01-01 05:30:22.410 F/DEBUG   (  273):       #07 pc 0005d3b9  /apex/com.android.runtime/lib/bionic/libc.so (__libc_init+68) (BuildId: c6b066b54a542edef44120c7cdd096e8)
01-01 05:30:22.413 E/[   22.267596@3]  DEBUG(    0): #04 pc 0011047f  /system/lib/libsurfaceflinger.so (android::renderengine::RenderEngine::create(android::renderengine::RenderEngineCreationArgs const&)+130) (BuildId: bf502614d04a96df8df8eab7d31f03ca)
01-01 05:30:22.413 E/[   22.267765@3]  DEBUG(    0): #05 pc 000b27e1  /system/lib/libsurfaceflinger.so (android::SurfaceFlinger::init()+128) (BuildId: bf502614d04a96df8df8eab7d31f03ca)
01-01 05:30:22.413 E/[   22.267915@3]  DEBUG(    0): #06 pc 000021d9  /system/bin/surfaceflinger (main+260) (BuildId: 0599dd3eb971428177fd45fd83649b43)
01-01 05:30:22.465 E/[   22.268048@2]  DEBUG(    0): #07 pc 0005d3b9  /apex/com.android.runtime/lib/bionic/libc.so (__libc_init+68) (BuildId: c6b066b54a542edef44120c7cdd096e8)
01-01 05:30:22.465 I/[   22.321537@2]  wait_for_keymaster(    0): Waiting for Keymaster device
01-01 05:30:22.470 I/[   22.325726@2]  HidlServiceManagement(    0): getService: Trying again for android.hardware.keymaster@4.0::IKeymasterDevice/default...
01-01 05:30:22.485 D/[   22.341339@3]  logd(    0): logdr: UID=1000 GID=1003 PID=273 n tail=50 logMask=8 pid=242 start=0ns timeout=0ns
01-01 05:30:22.485 D/[   22.342172@3]  logd(    0): logdr: UID=1000 GID=1003 PID=273 n tail=50 logMask=1 pid=242 start=0ns timeout=0ns
01-01 05:30:22.509 D/[   22.365434@0]  logd(    0): logdr: UID=1000 GID=1003 PID=273 n tail=0 logMask=8 pid=242 start=0ns timeout=0ns
01-01 05:30:22.509 D/[   22.366135@2]  logd(    0): logdr: UID=1000 GID=1003 PID=273 n tail=0 logMask=1 pid=242 start=0ns timeout=0ns
01-01 05:30:22.557 I/[   22.413531@3]  wait_for_keymaster(    0): List of Keymaster HALs found:
01-01 05:30:22.557 I/[   22.413874@0]  wait_for_keymaster(    0): Keymaster HAL #1: AmlogicKeymaster from Google SecurityLevel: TRUSTED_ENVIRONMENT HAL: android.hardware.keymaster@4.1::IKeymasterDevice/default
01-01 05:30:22.557 D/[   22.415061@0]  wait_for_keymaster(    0): Computing HMAC with params { (seed: , nonce: 5cd5f6ceb17058fe1e1426dfbde2651ea2f459f4e462ac9a90ad3989aa7159) }
01-01 05:30:22.557 D/[   22.415135@0]  wait_for_keymaster(    0): Computing HMAC for AmlogicKeymaster from Google SecurityLevel: TRUSTED_ENVIRONMENT HAL: android.hardware.keymaster@4.1::IKeymasterDevice/default
01-01 05:30:22.564 I/[   22.416210@3]  wait_for_keymaster(    0): Using AmlogicKeymaster from Google for encryption.  Security level: TRUSTED_ENVIRONMENT, HAL: android.hardware.keymaster@4.1::IKeymasterDevice/default
01-01 05:30:22.564 I/[   22.416288@3]  wait_for_keymaster(    0): Keymaster device ready
01-01 05:30:22.580 I/Checkpoint(  241): Validating checkpoint on /dev/block/userdata
01-01 05:30:22.581 E/Checkpoint(  241): No magic
01-01 05:30:22.581 D/[   22.438143@2]  vdc(    0): Waited 0ms for vold
01-01 05:30:22.585 E/[   22.439679@2]  vdc(    0): Command: checkpoint restoreCheckpoint /dev/block/userdata Failed: Status(-8, EX_SERVICE_SPECIFIC): '22: No magic'
01-01 05:30:22.600 D/[   22.456552@2]  vdc(    0): Waited 0ms for vold
01-01 05:30:22.619 D/vold    (  241): fscrypt_mount_metadata_encrypted: /data 0
01-01 05:30:22.619 D/vold    (  241): metadata_key_dir/key: /metadata/vold/metadata_encryption/key
01-01 05:30:22.621 D/[   22.477297@0]  vdc(    0): Waited 0ms for vold
01-01 05:30:22.622 I/vold    (  241): List of Keymaster HALs found:
01-01 05:30:22.623 I/vold    (  241): Keymaster HAL #1: AmlogicKeymaster from Google SecurityLevel: TRUSTED_ENVIRONMENT HAL: android.hardware.keymaster@4.1::IKeymasterDevice/default
01-01 05:30:22.624 D/vold    (  241): Computing HMAC with params { (seed: , nonce: 5cd5f6ceb17058fe1e1426dfbde2651ea2f459f4e462ac9a90ad3989aa7159) }
01-01 05:30:22.624 D/vold    (  241): Computing HMAC for AmlogicKeymaster from Google SecurityLevel: TRUSTED_ENVIRONMENT HAL: android.hardware.keymaster@4.1::IKeymasterDevice/default
01-01 05:30:22.625 I/vold    (  241): Using AmlogicKeymaster from Google for encryption.  Security level: TRUSTED_ENVIRONMENT, HAL: android.hardware.keymaster@4.1::IKeymasterDevice/default
01-01 05:30:22.626 D/vold    (  241): Key exists, using: /metadata/vold/metadata_encryption/key
01-01 05:30:22.632 I/vold    (  241): List of Keymaster HALs found:
01-01 05:30:22.632 I/vold    (  241): Keymaster HAL #1: AmlogicKeymaster from Google SecurityLevel: TRUSTED_ENVIRONMENT HAL: android.hardware.keymaster@4.1::IKeymasterDevice/default
01-01 05:30:22.633 I/vold    (  241): Using AmlogicKeymaster from Google for encryption.  Security level: TRUSTED_ENVIRONMENT, HAL: android.hardware.keymaster@4.1::IKeymasterDevice/default
01-01 05:30:22.644 D/vold    (  241): Mounting metadata-encrypted filesystem:/data
01-01 05:30:22.646 I/vold    (  241): List of Keymaster HALs found:
01-01 05:30:22.646 I/vold    (  241): Keymaster HAL #1: AmlogicKeymaster from Google SecurityLevel: TRUSTED_ENVIRONMENT HAL: android.hardware.keymaster@4.1::IKeymasterDevice/default
01-01 05:30:22.922 I/vold    (  241): [libfs_mgr]superblock s_max_mnt_count:65535,/dev/block/dm-12
01-01 05:30:22.922 I/vold    (  241): [libfs_mgr]Filesystem on /dev/block/dm-12 was not cleanly shutdown; state flags: 0x1, incompat feature flags: 0x30046
01-01 05:30:22.925 W/        (    0): [   22.781745@0]  EXT4-fs (dm-12): Ignoring removed nomblk_io_submit option
01-01 05:30:22.925 I/        (    0): [   22.781764@0]  EXT4-fs (dm-12): Using encoding defined by superblock: utf8-12.1.0 with flags 0x0
01-01 05:30:22.931 F/libc    (  292): Fatal signal 6 (SIGABRT), code -1 (SI_QUEUE) in tid 292 (app_process), pid 292 (app_process)
01-01 05:30:22.963 F/DEBUG   (  306): *** *** *** *** *** *** *** *** *** *** *** *** *** *** *** ***
01-01 05:30:22.963 F/DEBUG   (  306): Build fingerprint: 'Jio/4KOTTSTB/MSTB:11/23.1.11/84:userdebug/release-keys'
01-01 05:30:22.963 F/DEBUG   (  306): Revision: '0'
01-01 05:30:22.963 F/DEBUG   (  306): ABI: 'arm'
01-01 05:30:22.964 F/DEBUG   (  306): Timestamp: 1970-01-01 05:30:22+0530
01-01 05:30:22.964 F/DEBUG   (  306): pid: 292, tid: 292, name: app_process  >>> /system/bin/app_process <<<
01-01 05:30:22.964 F/DEBUG   (  306): uid: 0
01-01 05:30:22.964 F/DEBUG   (  306): signal 6 (SIGABRT), code -1 (SI_QUEUE), fault addr --------
01-01 05:30:22.965 F/DEBUG   (  306): Abort message: 'Error creating cache dir /data/dalvik-cache/arm : No such file or directory'
01-01 05:30:22.965 F/DEBUG   (  306):     r0  00000000  r1  00000124  r2  00000006  r3  ffaa0748
01-01 05:30:22.965 F/DEBUG   (  306):     r4  ffaa075c  r5  ffaa0740  r6  00000124  r7  0000016b
01-01 05:30:22.965 F/DEBUG   (  306):     r8  ffaa0748  r9  ffaa0758  r10 ffaa0778  r11 ffaa0768
01-01 05:30:22.965 F/DEBUG   (  306):     ip  00000124  sp  ffaa0718  lr  f37ccacd  pc  f37ccae0
01-01 05:30:22.965 E/[   22.821658@3]  DEBUG(    0): *** *** *** *** *** *** *** *** *** *** *** *** *** *** *** ***
01-01 05:30:22.965 E/[   22.821872@3]  DEBUG(    0): Build fingerprint: 'Jio/4KOTTSTB/MSTB:11/23.1.11/84:userdebug/release-keys'
01-01 05:30:22.965 E/[   22.821944@3]  DEBUG(    0): Revision: '0'
01-01 05:30:22.965 E/[   22.822059@3]  DEBUG(    0): ABI: 'arm'
01-01 05:30:22.965 E/[   22.822793@3]  DEBUG(    0): Timestamp: 1970-01-01 05:30:22+0530
01-01 05:30:22.965 E/[   22.822869@3]  DEBUG(    0): pid: 292, tid: 292, name: app_process  >>> /system/bin/app_process <<<
01-01 05:30:22.965 E/[   22.822923@3]  DEBUG(    0): uid: 0
01-01 05:30:22.965 E/[   22.823021@3]  DEBUG(    0): signal 6 (SIGABRT), code -1 (SI_QUEUE), fault addr --------
01-01 05:30:22.965 E/[   22.823116@3]  DEBUG(    0): Abort message: 'Error creating cache dir /data/dalvik-cache/arm : No such file or directory'
01-01 05:30:22.965 E/[   22.823195@3]  DEBUG(    0): r0  00000000  r1  00000124  r2  00000006  r3  ffaa0748
01-01 05:30:22.965 E/[   22.823260@3]  DEBUG(    0): r4  ffaa075c  r5  ffaa0740  r6  00000124  r7  0000016b
01-01 05:30:22.965 E/[   22.823323@3]  DEBUG(    0): r8  ffaa0748  r9  ffaa0758  r10 ffaa0778  r11 ffaa0768
01-01 05:30:22.970 F/DEBUG   (  306): backtrace:
01-01 05:30:22.970 F/DEBUG   (  306):       #00 pc 00062ae0  /apex/com.android.runtime/lib/bionic/libc.so (abort+172) (BuildId: c6b066b54a542edef44120c7cdd096e8)
01-01 05:30:22.970 F/DEBUG   (  306):       #01 pc 00004bdb  /system/lib/liblog.so (__android_log_default_aborter+6) (BuildId: 7474f5ee9967658c54ca5b1d896d06db)
01-01 05:30:22.970 F/DEBUG   (  306):       #02 pc 000052eb  /system/lib/liblog.so (__android_log_assert+174) (BuildId: 7474f5ee9967658c54ca5b1d896d06db)
01-01 05:30:22.971 F/DEBUG   (  306):       #03 pc 00002f39  /system/bin/app_process32 (main+1280) (BuildId: 774c0620bf2e434dc68307b6e026fb3a)
01-01 05:30:22.971 F/DEBUG   (  306):       #04 pc 0005d3b9  /apex/com.android.runtime/lib/bionic/libc.so (__libc_init+68) (BuildId: c6b066b54a542edef44120c7cdd096e8)
01-01 05:30:22.973 E/[   22.823448@3]  DEBUG(    0): ip  00000124  sp  ffaa0718  lr  f37ccacd  pc  f37ccae0
01-01 05:30:22.973 E/[   22.828480@3]  DEBUG(    0):  
01-01 05:30:22.973 E/[   22.828490@3]  DEBUG(    0): backtrace:
01-01 05:30:22.973 E/[   22.828650@3]  DEBUG(    0): #00 pc 00062ae0  /apex/com.android.runtime/lib/bionic/libc.so (abort+172) (BuildId: c6b066b54a542edef44120c7cdd096e8)
01-01 05:30:22.973 E/[   22.828796@3]  DEBUG(    0): #01 pc 00004bdb  /system/lib/liblog.so (__android_log_default_aborter+6) (BuildId: 7474f5ee9967658c54ca5b1d896d06db)
01-01 05:30:22.973 E/[   22.828924@3]  DEBUG(    0): #02 pc 000052eb  /system/lib/liblog.so (__android_log_assert+174) (BuildId: 7474f5ee9967658c54ca5b1d896d06db)
01-01 05:30:22.973 E/[   22.829047@3]  DEBUG(    0): #03 pc 00002f39  /system/bin/app_process32 (main+1280) (BuildId: 774c0620bf2e434dc68307b6e026fb3a)
01-01 05:30:23.069 E/[   22.829181@3]  DEBUG(    0): #04 pc 0005d3b9  /apex/com.android.runtime/lib/bionic/libc.so (__libc_init+68) (BuildId: c6b066b54a542edef44120c7cdd096e8)
01-01 05:30:23.069 I/        (    0): [   22.924794@3]  EXT4-fs (dm-12): 13 orphan inodes deleted
01-01 05:30:23.069 I/        (    0): [   22.924801@3]  EXT4-fs (dm-12): recovery complete
01-01 05:30:23.076 I/vold    (  241): [libfs_mgr]check_fs(): mount(/dev/block/dm-12,/data,ext4)=0: Success
01-01 05:30:23.077 I/        (    0): [   22.934728@3]  EXT4-fs (dm-12): mounted filesystem with ordered data mode. Opts: errors=remount-ro,nomblk_io_submit
01-01 05:30:23.093 D/[   22.950841@0]  logd(    0): logdr: UID=0 GID=0 PID=306 n tail=50 logMask=8 pid=292 start=0ns timeout=0ns
01-01 05:30:23.093 D/[   22.951487@1]  logd(    0): logdr: UID=0 GID=0 PID=306 n tail=50 logMask=1 pid=292 start=0ns timeout=0ns
01-01 05:30:23.107 I/vold    (  241): [libfs_mgr]check_fs(): unmount(/data) succeeded
01-01 05:30:23.107 I/vold    (  241): [libfs_mgr]Running /system/bin/e2fsck on /dev/block/dm-12
01-01 05:30:23.121 I/[   22.978713@3]  e2fsck(    0): e2fsck 1.45.4 (23-Sep-2019)
01-01 05:30:23.169 I/[   23.025788@3]  e2fsck(    0): Pass 1: Checking inodes, blocks, and sizes
01-01 05:30:23.381 I/        (    0): [   23.235489@2]  [bluebank] [usb_dec_thread] usb2_status=1, usb3_status=1
01-01 05:30:23.381 I/[   23.236335@3]  e2fsck(    0): Inode 589681 extent tree (at level 1) could be shorter.  Optimize? yes
01-01 05:30:23.381 I/[   23.236352@3]  e2fsck(    0):  
01-01 05:30:23.629 I/[   23.483500@3]  e2fsck(    0): Pass 1E: Optimizing extent trees
01-01 05:30:23.629 I/[   23.484113@3]  e2fsck(    0): Pass 2: Checking directory structure
01-01 05:30:23.837 I/[   23.693904@3]  e2fsck(    0): Pass 3: Checking directory connectivity
01-01 05:30:23.841 I/[   23.696780@3]  e2fsck(    0): Pass 4: Checking reference counts
01-01 05:30:23.957 I/[   23.814043@3]  e2fsck(    0): Pass 5: Checking group summary information
01-01 05:30:24.025 I/[   23.879744@3]  e2fsck(    0): [QUOTA WARNING] Usage inconsistent for ID 10078:actual (243109888, 710) != expected (243113984, 710)
01-01 05:30:24.173 I/vold    (  241): [libfs_mgr]e2fsck returned status 0x100
01-01 05:30:24.175 I/vold    (  241): [libfs_mgr]superblock s_max_mnt_count:65535,/dev/block/dm-12
01-01 05:30:24.177 W/        (    0): [   24.034047@3]  EXT4-fs (dm-12): Ignoring removed nomblk_io_submit option
01-01 05:30:24.177 I/        (    0): [   24.034067@3]  EXT4-fs (dm-12): Using encoding defined by superblock: utf8-12.1.0 with flags 0x0
01-01 05:30:24.179 I/vold    (  241): [libfs_mgr]__mount(source=/dev/block/dm-12,target=/data,type=ext4)=0: Success
01-01 05:30:24.179 D/vold    (  241): Mounted /data
01-01 05:30:24.180 D/vold    (  241): Disk at 253:12 changed
01-01 05:30:24.181 I/        (    0): [   24.037145@0]  EXT4-fs (dm-12): mounted filesystem with ordered data mode. Opts: nodelalloc,nomblk_io_submit,errors=panic
01-01 05:30:24.201 E/[   24.059190@1]  init(    0): Unable to set property 'ro.crypto.state' from uid:0 gid:0 pid:1: Read-only property was already set
01-01 05:30:24.225 E/[   24.081228@1]  init(    0): Could not restart 'netd': Cannot start an updatable service 'netd' before configs from APEXes are all loaded. Queued for execution.
01-01 05:30:24.250 I/Checkpoint(  241): cp_prepareCheckpoint called
01-01 05:30:24.270 I/vold    (  241): fscrypt_initialize_systemwide_keys
01-01 05:30:24.271 D/vold    (  241): Key exists, using: /data/unencrypted/key
01-01 05:30:24.273 D/[   24.128722@2]  vdc(    0): Waited 0ms for vold
01-01 05:30:24.279 I/vold    (  241): List of Keymaster HALs found:
01-01 05:30:24.280 I/vold    (  241): Keymaster HAL #1: AmlogicKeymaster from Google SecurityLevel: TRUSTED_ENVIRONMENT HAL: android.hardware.keymaster@4.1::IKeymasterDevice/default
01-01 05:30:24.280 I/vold    (  241): Using AmlogicKeymaster from Google for encryption.  Security level: TRUSTED_ENVIRONMENT, HAL: android.hardware.keymaster@4.1::IKeymasterDevice/default
01-01 05:30:24.281 I/wificond(  323): wificond is starting up...
01-01 05:30:24.285 D/vold    (  241): Installed fscrypt key with ref 1fa259c818971e8248022545275d7fb1 to /data
01-01 05:30:24.286 D/vold    (  241): Added fscrypt-provisioning key for 1fa259c818971e8248022545275d7fb1 to session keyring
01-01 05:30:24.289 I/HidlServiceManagement(  323): Registered android.system.wifi.keystore@1.0::IKeystore/default
01-01 05:30:24.301 I/vold    (  241): Wrote system DE key reference to:/data/unencrypted/ref
01-01 05:30:24.301 D/vold    (  241): Installed fscrypt key with ref 1e024d30042941a00cf3805a805619c0 to /data
01-01 05:30:24.301 D/vold    (  241): Added fscrypt-provisioning key for 1e024d30042941a00cf3805a805619c0 to session keyring
01-01 05:30:24.304 I/vold    (  241): Wrote per boot key reference to:/data/unencrypted/per_boot_ref
01-01 05:30:24.309 I/[   24.165676@3]  fscrypt(    0): AES-256-CTS-CBC using implementation "cts-cbc-aes-ce"
01-01 05:30:24.321 I/[   24.176755@3]  fscrypt(    0): AES-256-XTS using implementation "xts-aes-ce"
01-01 05:30:24.341 I/[   24.197360@2]  apexd(    0): This device does not support updatable APEX. Exiting
01-01 05:30:24.341 I/[   24.197443@2]  apexd(    0): Marking APEXd as activated
01-01 05:30:24.381 I/[   24.235914@3]  selinux(    0): SELinux: Skipping restorecon on directory(/cache/ota_package_ab)
01-01 05:30:24.381 I/[   24.235936@3]  selinux(    0):  
01-01 05:30:24.405 I/        (    0): [   24.259497@2]  [bluebank] [usb_dec_thread] usb2_status=1, usb3_status=1
01-01 05:30:24.413 E/[   24.269054@0]  init(    0): Control message: Could not find 'android.hardware.audio@6.0::IDevicesFactory/default' for ctl.interface_start from pid: 232 (/system/bin/hwservicemanager)
01-01 05:30:24.417 E/[   24.272922@0]  init(    0): Control message: Could not find 'android.hardware.audio@6.0::IDevicesFactory/default' for ctl.interface_start from pid: 232 (/system/bin/hwservicemanager)
01-01 05:30:24.511 D/vold    (  241): fscrypt_init_user0
01-01 05:30:24.512 D/vold    (  241): Preparing: /data/misc/vold/user_keys
01-01 05:30:24.512 D/vold    (  241): Preparing: /data/misc/vold/user_keys/ce
01-01 05:30:24.513 D/vold    (  241): Preparing: /data/misc/vold/user_keys/de
01-01 05:30:24.513 D/[   24.369596@0]  vdc(    0): Waited 0ms for vold
01-01 05:30:24.514 D/vold    (  241): Skipping non-de-key .
01-01 05:30:24.520 I/vold    (  241): List of Keymaster HALs found:
01-01 05:30:24.520 I/vold    (  241): Keymaster HAL #1: AmlogicKeymaster from Google SecurityLevel: TRUSTED_ENVIRONMENT HAL: android.hardware.keymaster@4.1::IKeymasterDevice/default
01-01 05:30:24.520 I/vold    (  241): Using AmlogicKeymaster from Google for encryption.  Security level: TRUSTED_ENVIRONMENT, HAL: android.hardware.keymaster@4.1::IKeymasterDevice/default
01-01 05:30:24.521 I/[   24.378599@1]  resman(    0): 2 appname:secmem, type=3
01-01 05:30:24.525 D/vold    (  241): Installed fscrypt key with ref 09c3379609469319497bdf11a3ad642c to /data
01-01 05:30:24.525 D/vold    (  241): Added fscrypt-provisioning key for 09c3379609469319497bdf11a3ad642c to session keyring
01-01 05:30:24.525 D/vold    (  241): Installed de key for user 0
01-01 05:30:24.525 D/vold    (  241): Skipping non-de-key ..
01-01 05:30:24.525 D/vold    (  241): fscrypt_prepare_user_storage for volume null, user 0, serial 0, flags 1
01-01 05:30:24.525 D/vold    (  241): Preparing: /data/system/users/0
01-01 05:30:24.525 E/[   24.381471@1]  selinux(    0): SELinux: Could not get canonical path for /sys/kernel/dmabuf/buffers/20659/attachments restorecon: No such file or directory.
01-01 05:30:24.525 E/[   24.381488@1]  selinux(    0):  
01-01 05:30:24.525 E/[   24.381529@1]  ueventd(    0): selinux_android_restorecon(/sys/kernel/dmabuf/buffers/20659/attachments) failed: No such file or directory
01-01 05:30:24.525 E/[   24.382499@1]  selinux(    0): SELinux:  Could not stat /sys/kernel/dmabuf/buffers/20661/attachments: No such file or directory.
01-01 05:30:24.525 E/[   24.382514@1]  selinux(    0):  
01-01 05:30:24.526 D/vold    (  241): Preparing: /data/misc/profiles/cur/0
01-01 05:30:24.527 D/vold    (  241): Preparing: /data/system_de/0
01-01 05:30:24.527 D/vold    (  241): Preparing: /data/misc_de/0
01-01 05:30:24.528 D/vold    (  241): Preparing: /data/vendor_de/0
01-01 05:30:24.528 D/vold    (  241): Preparing: /data/user_de/0
01-01 05:30:24.529 I/vold    (  241): Verified that /data/system_de/0 has the encryption policy 09c3379609469319497bdf11a3ad642c v2 modes 1/4 flags 0x2
01-01 05:30:24.529 I/vold    (  241): Verified that /data/misc_de/0 has the encryption policy 09c3379609469319497bdf11a3ad642c v2 modes 1/4 flags 0x2
01-01 05:30:24.529 I/vold    (  241): Verified that /data/vendor_de/0 has the encryption policy 09c3379609469319497bdf11a3ad642c v2 modes 1/4 flags 0x2
01-01 05:30:24.529 I/vold    (  241): Verified that /data/user_de/0 has the encryption policy 09c3379609469319497bdf11a3ad642c v2 modes 1/4 flags 0x2
01-01 05:30:24.529 D/vold    (  241): /system/bin/vold_prepare_subdirs
01-01 05:30:24.530 D/vold    (  241):     prepare
01-01 05:30:24.530 D/vold    (  241):     
01-01 05:30:24.530 D/vold    (  241):     0
01-01 05:30:24.530 D/vold    (  241):     1
01-01 05:30:25.413 E/[   25.269570@1]  init(    0): Control message: Could not find 'android.hardware.audio@6.0::IDevicesFactory/default' for ctl.interface_start from pid: 232 (/system/bin/hwservicemanager)
01-01 05:30:25.429 I/        (    0): [   25.283480@2]  [bluebank] [usb_dec_thread] usb2_status=1, usb3_status=1
01-01 05:30:25.580 D/vold    (  241): Detected support for FS_IOC_ADD_ENCRYPTION_KEY
01-01 05:30:25.609 I/[   25.464681@2]  apexd(    0): This device does not support updatable APEX. Exiting
01-01 05:30:25.609 I/[   25.464756@2]  apexd(    0): Marking APEXd as ready
01-01 05:30:25.613 I/[   25.468698@1]  selinux(    0): SELinux: Skipping restorecon on directory(/data)
01-01 05:30:25.613 I/[   25.468716@1]  selinux(    0):  
01-01 05:30:25.649 I/        (    0): [   25.505432@3]  load module: mali_kbase
01-01 05:30:25.649 I/        (    0): [   25.505693@1]  mali fe400000.bifrost: kbdec-reg_start=0
01-01 05:30:25.649 I/        (    0): [   25.505700@1]  mali fe400000.bifrost: kbdec-reg_size=0
01-01 05:30:25.649 I/        (    0): [   25.505705@1]  mali fe400000.bifrost: Kernel DDK version r43p0-01eac0
01-01 05:30:25.649 I/        (    0): [   25.505711@1]  mali fe400000.bifrost: device1_init_kbdec-reg_start=0
01-01 05:30:25.649 I/        (    0): [   25.505715@1]  mali fe400000.bifrost: device1_init_kbdec-reg_size=0
01-01 05:30:25.649 E/        (    0): [   25.505752@1]  mali fe400000.bifrost: reg_res->start=-29360128
01-01 05:30:25.649 E/        (    0): [   25.505756@1]  mali fe400000.bifrost: resource_size(reg_res)=16384
01-01 05:30:25.649 I/        (    0): [   25.505941@1]  mali fe400000.bifrost: max pp is 2
01-01 05:30:25.649 I/        (    0): [   25.505949@1]  mali fe400000.bifrost: set min pp to default 1
01-01 05:30:25.649 I/        (    0): [   25.505954@1]  mali fe400000.bifrost: min pp is 1
01-01 05:30:25.649 I/        (    0): [   25.505959@1]  mali fe400000.bifrost: set min clk default to 0
01-01 05:30:25.649 I/        (    0): [   25.505963@1]  mali fe400000.bifrost: min clk  is 0
01-01 05:30:25.649 I/        (    0): [   25.505987@1]  mali fe400000.bifrost: hiu io source  0x000000008f5edd19
01-01 05:30:25.649 I/        (    0): [   25.505997@1]  mali fe400000.bifrost: aobus base 0x000000005fa47552
01-01 05:30:25.649 I/        (    0): [   25.506006@1]  mali fe400000.bifrost: reset bus 0x000000002b5180b6
01-01 05:30:25.649 I/        (    0): [   25.506011@1]  mali fe400000.bifrost: clk cntl reg = 0x0
01-01 05:30:25.649 I/        (    0): [   25.506016@1]  mali fe400000.bifrost: num of pp used most of time 1
01-01 05:30:25.649 I/        (    0): [   25.506020@1]  mali fe400000.bifrost: clock dvfs cfg table size is 6
01-01 05:30:25.649 I/        (    0): [   25.506029@1]  mali fe400000.bifrost: no reset_cfg
01-01 05:30:25.649 I/        (    0): [   25.506034@1]  mali fe400000.bifrost: no apb_reset
01-01 05:30:25.649 I/        (    0): [   25.506049@1]  mali fe400000.bifrost: max clk set 4
01-01 05:30:25.649 I/        (    0): [   25.506053@1]  mali fe400000.bifrost: max clk  is 4
01-01 05:30:25.649 I/        (    0): [   25.506058@1]  mali fe400000.bifrost: turbo clk set to 5
01-01 05:30:25.649 I/        (    0): [   25.506061@1]  mali fe400000.bifrost: turbo clk  is 5
01-01 05:30:25.649 I/        (    0): [   25.506066@1]  mali fe400000.bifrost: default clk set to 4
01-01 05:30:25.649 I/        (    0): [   25.506071@1]  mali fe400000.bifrost: default clk  is 4
01-01 05:30:25.649 I/        (    0): [   25.506077@1]  mali fe400000.bifrost: ====================0====================
01-01 05:30:25.649 I/        (    0): [   25.506077@1]  clk_freq= 285714285, clk_parent=fclk_div7, voltage=1150, keep_count=5, threshold=<0 76>, clk_sample=285
01-01 05:30:25.649 I/        (    0): [   25.506083@1]  mali fe400000.bifrost: ====================1====================
01-01 05:30:25.650 I/        (    0): [   25.506083@1]  clk_freq= 400000000, clk_parent=fclk_div5, voltage=1150, keep_count=5, threshold=<80 120>, clk_sample=400
01-01 05:30:25.650 I/        (    0): [   25.506088@1]  mali fe400000.bifrost: ====================2====================
01-01 05:30:25.650 I/        (    0): [   25.506088@1]  clk_freq= 500000000, clk_parent=fclk_div4, voltage=1150, keep_count=5, threshold=<80 120>, clk_sample=500
01-01 05:30:25.650 I/        (    0): [   25.506094@1]  mali fe400000.bifrost: ====================3====================
01-01 05:30:25.650 I/        (    0): [   25.506094@1]  clk_freq= 666666666, clk_parent=fclk_div3, voltage=1150, keep_count=5, threshold=<80 120>, clk_sample=666
01-01 05:30:25.650 I/        (    0): [   25.506100@1]  mali fe400000.bifrost: ====================4====================
01-01 05:30:25.650 I/        (    0): [   25.506100@1]  clk_freq= 846000000, clk_parent=  gp0_pll, voltage=1150, keep_count=5, threshold=<80 255>, clk_sample=846
01-01 05:30:25.650 I/        (    0): [   25.506106@1]  mali fe400000.bifrost: ====================5====================
01-01 05:30:25.650 I/        (    0): [   25.506106@1]  clk_freq= 846000000, clk_parent=  gp0_pll, voltage=1150, keep_count=5, threshold=<80 255>, clk_sample=846
01-01 05:30:25.650 I/        (    0): [   25.506110@1]  mali fe400000.bifrost: clock dvfs table size is 6
01-01 05:30:25.650 I/        (    0): [   25.506119@1]  kernel version >= 5.4
01-01 05:30:25.665 W/        (    0): [   25.519518@2]  gpu cooling register okay with err=0
01-01 05:30:25.665 W/        (    0): [   25.519635@2]  gpu core cooling register okay with err=0
01-01 05:30:25.665 I/        (    0): [   25.519646@2]  mali fe400000.bifrost: kbase_device_runtime_init
01-01 05:30:25.665 I/        (    0): [   25.519654@2]  mali fe400000.bifrost: pm_callback_runtime_on
01-01 05:30:25.665 I/        (    0): [   25.519660@2]  mali fe400000.bifrost: pm_runtime_get_sync ret=0
01-01 05:30:25.665 I/        (    0): [   25.519664@2]  mali fe400000.bifrost: pm_runtime enabled
01-01 05:30:25.665 I/        (    0): [   25.519680@2]  mali fe400000.bifrost: hw_init_kbdec-reg_start=-29360128
01-01 05:30:25.665 I/        (    0): [   25.519684@2]  mali fe400000.bifrost: hw_init_kbdec-reg_size=16384
01-01 05:30:25.665 I/        (    0): [   25.519689@2]  mali fe400000.bifrost: hw_init_kbdec-reg=305463296
01-01 05:30:25.665 I/        (    0): [   25.519694@2]  mali fe400000.bifrost: shader_present=1, tiler_present=1, l2_present=1
01-01 05:30:25.665 E/        (    0): [   25.519852@2]  mali fe400000.bifrost: No OPPs found in device tree! Scaling timeouts using 100000 kHz
01-01 05:30:25.665 I/        (    0): [   25.519864@2]  mali fe400000.bifrost: GPU identified as 0x3 arch 7.0.9 r0p0 status 0
01-01 05:30:25.665 I/        (    0): [   25.519915@2]  mali fe400000.bifrost: No priority control manager is configured
01-01 05:30:25.665 I/        (    0): [   25.520163@1]  mali fe400000.bifrost: No memory group manager is configured
01-01 05:30:25.665 I/        (    0): [   25.521814@1]  mali fe400000.bifrost: device2_init_kbdec-reg_start=-29360128
01-01 05:30:25.665 I/        (    0): [   25.521825@1]  mali fe400000.bifrost: device2_init_kbdec-reg_size=16384
01-01 05:30:25.665 I/        (    0): [   25.521830@1]  mali fe400000.bifrost: Probed as mali0
01-01 05:30:25.717 I/[   25.571688@3]  selinux(    0): SELinux: Skipping restorecon on directory(/data/dalvik-cache/arm)
01-01 05:30:25.757 I/        (    0): [   25.613071@0]  load module: aml_aucpu
01-01 05:30:25.761 W/        (    0): [   25.618000@2]  AUCPU sequence no updated
01-01 05:30:25.761 W/        (    0): [   25.619529@2]  Amlogic Aucpu driver installed
01-01 05:30:25.769 I/        (    0): [   25.626413@0]  load module: dvb_demux
01-01 05:30:25.769 W/        (    0): [   25.626428@0]  aml dvb init
01-01 05:30:25.769 W/        (    0): [   25.626893@0]  probe amlogic dvb driver [V2.1.0].
01-01 05:30:25.769 I/[   25.626908@0]  dvbdev(    0): DVB: registering new adapter (amlogic-dvb)
01-01 05:30:25.769 W/[   25.626933@0]  reg(    0): init_demux_addr base addr = ffffffc012800000
01-01 05:30:25.769 W/[   25.626942@0]  fend(    0): ts0_control: 0x0
01-01 05:30:25.769 W/[   25.626946@0]  fend(    0): ts0:serial-4wire
01-01 05:30:25.769 W/[   25.627071@0]  port(    0): 0, wire_type:1
01-01 05:30:25.769 W/[   25.627080@0]  fend(    0): ts0:pinctrl:000000001a55b841 OK.
01-01 05:30:25.769 W/[   25.627087@0]  fend(    0): ts1_control: 0x0
01-01 05:30:25.769 W/[   25.627091@0]  fend(    0): ts1:serial-4wire
01-01 05:30:25.769 W/[   25.627104@0]  port(    0): 1, wire_type:1
01-01 05:30:25.769 W/[   25.627108@0]  fend(    0): ts1:pinctrl:000000001a55b841 OK.
01-01 05:30:25.769 W/[   25.627114@0]  fend(    0): read error:ts2_control: 0x0
01-01 05:30:25.769 W/[   25.627120@0]  fend(    0): read error:ts3_control: 0x0
01-01 05:30:25.769 W/[   25.627126@0]  fend(    0): read error:ts4_control: 0x0
01-01 05:30:25.769 W/[   25.627132@0]  fend(    0): read error:ts5_control: 0x0
01-01 05:30:25.769 W/[   25.627138@0]  fend(    0): read error:ts6_control: 0x0
01-01 05:30:25.769 W/[   25.627144@0]  fend(    0): read error:ts7_control: 0x0
01-01 05:30:25.769 W/[   25.627148@0]  fend(    0): no tsinb setting
01-01 05:30:25.769 W/[   25.627181@0]  TC6930(    0): "tc6930_attach demod driver, tc6930_num = 0"
01-01 05:30:25.769 W/[   25.627186@0]  TC6930(    0): "tc6930_attach demod driver, fe->id = 0"
01-01 05:30:25.769 E/[   25.627191@0]  Demod(    0): attach demod0 [id 29] done.
01-01 05:30:25.769 W/[   25.627197@0]  TC6930(    0): "tc6930_attach demod driver, tc6930_num = 1"
01-01 05:30:25.769 W/[   25.627200@0]  TC6930(    0): "tc6930_attach demod driver, fe->id = 1"
01-01 05:30:25.769 E/[   25.627203@0]  Demod(    0): attach demod1 [id 29] done.
01-01 05:30:25.769 I/        (    0): [   25.627218@0]  amlogic-dvb-demux fe000000.dvb-demux: DVB: registering adapter 0 frontend 0 (TC6930 DVB-C)...
01-01 05:30:25.769 I/        (    0): [   25.627650@2]  amlogic-dvb-demux fe000000.dvb-demux: DVB: registering adapter 0 frontend 1 (TC6930 DVB-C)...
01-01 05:30:25.769 W/[   25.627855@2]  dmxdev_num(    0): 0x6
01-01 05:30:25.770 W/[   25.627861@2]  tsn_from(    0): demod
01-01 05:30:25.770 W/[   25.627864@2]  dvb(    0): tsn_in:1, tsn_out:0
01-01 05:30:25.770 W/[   25.627892@2]  ts_output(    0): ts_output_init sid:0,pid start:0, len:128
01-01 05:30:25.770 W/[   25.627897@2]  ts_output(    0): ts_output_init sid:1,pid start:128, len:128
01-01 05:30:25.770 W/[   25.627900@2]  ts_output(    0): ts_output_init sid:2,pid start:256, len:128
01-01 05:30:25.770 W/[   25.627904@2]  ts_output(    0): ts_output_init sid:3,pid start:384, len:128
01-01 05:30:25.770 W/[   25.627907@2]  ts_output(    0): ts_output_init sid:4,pid start:512, len:128
01-01 05:30:25.770 W/[   25.627911@2]  ts_output(    0): ts_output_init sid:5,pid start:640, len:128
01-01 05:30:25.770 W/[   25.627915@2]  ts_output(    0): ts_output_init sid:32,pid start:768, len:128
01-01 05:30:25.770 W/[   25.627922@2]  ts_output(    0): ts_output_init sid:33,pid start:896, len:128
01-01 05:30:25.773 W/[   25.630889@2]  key(    0): dmx_key_init success
01-01 05:30:25.773 W/        (    0): [   25.630963@2]  aml_dvb_probe sysfs_create_tc6930_node  =fe000000.dvb-demux
01-01 05:30:25.773 W/        (    0): [   25.631001@2]  tc6930 sysfs_create_tc6930_node = fe000000.dvb-demux
01-01 05:30:25.773 W/        (    0): [   25.631018@2]  probe dvb done, ret:-1, is_security_dmx:0
01-01 05:30:25.773 W/        (    0): [   25.631519@2]  aucpu trace orig 0x0 now 0xdeadface
01-01 05:30:25.773 W/        (    0): [   25.631526@2]  --stage value 57005 line 64206
01-01 05:30:25.773 W/        (    0): [   25.631531@2]  aucpu trace error orig 0x0 now 0xdeadface
01-01 05:30:25.773 W/        (    0): [   25.631534@2]  --Err value 57005 line 64206
01-01 05:30:25.777 I/        (    0): [   25.635310@1]  load module: ci
01-01 05:30:25.777 W/        (    0): [   25.635324@1]  Amlogic CI mode init
01-01 05:30:25.781 W/[   25.637644@1]  init(    0): Top-level directory needs encryption action, eg mkdir /data/media <mode> <uid> <gid> encryption=Require
01-01 05:30:25.781 I/[   25.637675@1]  init(    0): Not setting encryption policy on: /data/media
01-01 05:30:25.865 I/[   25.722381@1]  update_verifier(    0): Started with arg 1: nonencrypted
01-01 05:30:25.869 I/[   25.726280@1]  update_verifier(    0): Booting slot 1: isSlotMarkedSuccessful=1
01-01 05:30:25.869 I/[   25.726397@1]  update_verifier(    0): Leaving update_verifier.
01-01 05:30:25.921 I/        (    0): [   25.777773@2]  file system registered
01-01 05:30:25.929 W/        (    0): [   25.784829@2]  using random self ethernet address
01-01 05:30:25.929 W/        (    0): [   25.784841@2]  using random host ethernet address
01-01 05:30:25.938 I/        (    0): [   25.793534@2]  assign_ffs_buffer FFS_BUFFER_MAX=256!!!
01-01 05:30:25.945 I/        (    0): [   25.799582@3]  assign_ffs_buffer FFS_BUFFER_MAX=256!!!
01-01 05:30:25.945 I/        (    0): [   25.803594@0]  assign_ffs_buffer FFS_BUFFER_MAX=256!!!
01-01 05:30:25.965 I/        (    0): [   25.820682@0]  load module: amvdec_mh264
01-01 05:30:25.974 I/        (    0): [   25.828565@0]  load module: amvdec_mh264_v4l
01-01 05:30:25.974 I/        (    0): [   25.832163@0]  load module: amvdec_h264mvc
01-01 05:30:25.985 I/        (    0): [   25.840015@0]  load module: amvdec_h265
01-01 05:30:25.993 I/        (    0): [   25.851383@0]  load module: amvdec_h265_v4l
01-01 05:30:26.001 I/        (    0): [   25.857737@0]  load module: amvdec_mmjpeg
01-01 05:30:26.005 I/        (    0): [   25.861897@0]  load module: amvdec_mmjpeg_v4l
01-01 05:30:26.010 I/        (    0): [   25.867047@0]  load module: amvdec_mmpeg12
01-01 05:30:26.021 I/        (    0): [   25.874131@0]  load module: amvdec_mmpeg12_v4l
01-01 05:30:26.025 I/        (    0): [   25.882793@0]  load module: amvdec_mmpeg4
01-01 05:30:26.029 I/        (    0): [   25.886779@0]  load module: amvdec_mmpeg4_v4l
01-01 05:30:26.037 I/        (    0): [   25.890281@0]  load module: amvdec_vc1
01-01 05:30:26.037 W/[   25.890298@0]  0(    0): amvdec_vc1 module init
01-01 05:30:26.045 I/        (    0): [   25.902419@0]  load module: amvdec_vp9
01-01 05:30:26.057 I/        (    0): [   25.910104@0]  load module: amvdec_vp9_v4l
01-01 05:30:26.065 I/        (    0): [   25.922337@0]  load module: amvdec_avs2
01-01 05:30:26.078 I/        (    0): [   25.933985@3]  load module: amvdec_avs2_v4l
01-01 05:30:26.082 I/        (    0): [   25.938761@3]  load module: encoder
01-01 05:30:26.082 W/        (    0): [   25.939040@3]  amvenc_avc_probe -- reserved memory config fail.
01-01 05:30:26.082 W/        (    0): [   25.939050@3]  amvenc_avc - cma memory pool size: 60 MB
01-01 05:30:26.082 W/[   25.939176@3]  hcodec_clk_a(    0): 666 MHz
01-01 05:30:26.082 W/        (    0): [   25.939201@3]  encode_wq_init.
01-01 05:30:26.082 W/        (    0): [   25.939209@3]  encode start monitor.
01-01 05:30:26.082 W/        (    0): [   25.939560@1]  encode workqueue monitor start.
01-01 05:30:26.089 I/        (    0): [   25.944513@3]  load module: vpu
01-01 05:30:26.089 W/        (    0): [   25.944528@3]  vpu_init
01-01 05:30:26.089 W/        (    0): [   25.944794@3]  vpu_probe, clock_a: 0, clock_b: 0, clock_c: 0
01-01 05:30:26.089 W/        (    0): [   25.944804@3]  HevcEnc reserved memory config fail.
01-01 05:30:26.089 W/        (    0): [   25.944809@3]  HevcEnc - cma memory pool size: 64 MB
01-01 05:30:26.089 W/        (    0): [   25.944828@3]  HevcEnc - wave420l_irq: 56
01-01 05:30:26.089 W/[   25.945123@3]  wave_clk_a(    0): 666 MHz
01-01 05:30:26.089 W/[   25.945127@3]  wave_clk_b(    0): 399 MHz
01-01 05:30:26.089 W/[   25.945130@3]  wave_clk_c(    0): 399 MHz
01-01 05:30:26.089 W/        (    0): [   25.945164@3]  vpu base address get from platform driver
01-01 05:30:26.089 W/        (    0): [   25.945168@3]  physical base addr=0xfe310000, virtual base=0xffffffc012f28000
01-01 05:30:26.089 W/        (    0): [   25.945738@3]  SUCCESS alloc_chrdev_region
01-01 05:30:26.089 W/        (    0): [   25.945749@3]  success to probe vpu device with video memory from cma
01-01 05:30:26.105 I/        (    0): [   25.960435@1]  load module: amvdec_ports
01-01 05:30:26.105 I/        (    0): [   25.961160@1]  aml-vcodec-dec vcodec_dec: v4ldec registered as /dev/video26
01-01 05:30:26.109 W/[   25.964141@3]  amlogic_fbc_lib(    0): disagrees about version of symbol module_layout
01-01 05:30:26.109 W/[   25.964457@3]  amlogic_fbc_lib(    0): disagrees about version of symbol register_amlogic_afbc_dec_fun
01-01 05:30:26.109 I/        (    0): [   25.964856@3]  load module: amlogic_fbc_lib
01-01 05:30:26.109 W/        (    0): [   25.964867@3]  register_amlogic_afbc_dec_fun
01-01 05:30:26.109 E/        (    0): [   25.964871@3]  register_amlogic_afbc_dec_fun
01-01 05:30:26.113 I/        (    0): [   25.969039@3]  load module: amvdec_mavs
01-01 05:30:26.117 I/        (    0): [   25.972995@1]  load module: amvdec_mavs_v4l
01-01 05:30:26.125 I/        (    0): [   25.981860@2]  load module: amvdec_av1
01-01 05:30:26.137 I/        (    0): [   25.992252@1]  load module: amvdec_av1_v4l
01-01 05:30:26.137 I/        (    0): [   25.995095@1]  load module: media_sync
01-01 05:30:26.145 I/        (    0): [   25.999661@3]  load module: amvenc_multi
01-01 05:30:26.145 W/        (    0): [   25.999676@3]  vpu_init
01-01 05:30:26.145 E/        (    0): [   25.999680@3]  The chip is not support multi encoder!!
01-01 05:30:26.189 I/        (    0): [   26.047065@0]  load module: jpegenc
01-01 05:30:26.189 W/        (    0): [   26.047342@0]  set mem spec to JPEGENC_BUFFER_LEVEL_8M
01-01 05:30:26.189 E/        (    0): [   26.047359@0]  jpegenc jpegenc: IRQ dos_mbox_slow_irq2 not found
01-01 05:30:26.189 E/[   26.047364@0]  [jpegenc_probe(    0): 4456] get irq dos_mbox_slow_irq2, res_irq=-6
01-01 05:30:26.189 W/        (    0): [   26.047367@0]  [jpegenc_probe] get irq error!
01-01 05:30:26.189 W/[   26.047381@0]  jpegenc(    0): probe of jpegenc failed with error -22
01-01 05:30:26.193 I/        (    0): [   26.050317@1]  load module: video_framerate_adapter
01-01 05:30:26.193 I/        (    0): [   26.050581@1]  Registered frame rate driver success.
01-01 05:30:26.429 I/[   26.285007@1]  gxbb_pm(    0): early_suspend_state=0
01-01 05:30:26.459 I/        (    0): [   26.307516@2]  [bluebank] [usb_dec_thread] usb2_status=1, usb3_status=1
01-01 05:30:26.485 W/[   26.338525@2]  healthd(    0): No battery devices found
01-01 05:30:26.485 W/[   26.342591@2]  healthd(    0): battery none chg=
01-01 05:30:26.605 I/[   26.459993@1]  hdmitx(    0): RX tmds clk: 150   Calc clk: 27
01-01 05:30:26.605 I/[   26.460011@1]  hdmitx(    0): RX tmds clk: 150   Calc clk: 27
01-01 05:30:26.605 I/[   26.460019@1]  hdmitx(    0): RX tmds clk: 150   Calc clk: 74
01-01 05:30:26.605 I/[   26.460028@1]  hdmitx(    0): RX tmds clk: 150   Calc clk: 74
01-01 05:30:26.605 I/[   26.460036@1]  hdmitx(    0): RX tmds clk: 150   Calc clk: 148
01-01 05:30:26.605 I/[   26.460045@1]  hdmitx(    0): RX tmds clk: 150   Calc clk: 74
01-01 05:30:26.605 I/[   26.460052@1]  hdmitx(    0): RX tmds clk: 150   Calc clk: 74
01-01 05:30:26.605 I/[   26.460060@1]  hdmitx(    0): RX tmds clk: 150   Calc clk: 148
01-01 05:30:26.605 I/[   26.460092@1]  hdmitx(    0): RX tmds clk: 150   Calc clk: 25
01-01 05:30:26.605 I/[   26.460108@1]  hdmitx(    0): RX tmds clk: 150   Calc clk: 40
01-01 05:30:26.605 I/[   26.460128@1]  hdmitx(    0): RX tmds clk: 150   Calc clk: 65
01-01 05:30:26.605 I/[   26.460148@1]  hdmitx(    0): RX tmds clk: 150   Calc clk: 71
01-01 05:30:26.605 I/[   26.460163@1]  hdmitx(    0): RX tmds clk: 150   Calc clk: 108
01-01 05:30:26.605 I/[   26.460184@1]  hdmitx(    0): RX tmds clk: 150   Calc clk: 121
01-01 05:30:26.605 I/[   26.460196@1]  hdmitx(    0): RX tmds clk: 150   Calc clk: 106
01-01 05:30:26.605 I/[   26.460213@1]  hdmitx(    0): RX tmds clk: 150   Calc clk: 108
01-01 05:30:26.605 I/[   26.460230@1]  hdmitx(    0): RX tmds clk: 150   Calc clk: 146
01-01 05:30:26.609 I/[   26.465815@1]  dim(    0): load 0xa00 pq table len 115 later.
01-01 05:30:26.669 E/[   26.526954@1]  map_store(    0): rm default
01-01 05:30:26.673 E/[   26.527663@1]  map_store(    0): add default decoder ppmgr deinterlace amvideo
01-01 05:30:26.700 I/android.hardware.wifi@1.0-service.droidlogic(  422): Wifi Hal is booting up...
01-01 05:30:26.703 I/HidlServiceManagement(  422): Registered android.hardware.wifi@1.4::IWifi/default
01-01 05:30:26.731 I/gsid    (  470): no DSU: No such file or directory
01-01 05:30:26.746 W/        (    0): [   26.595331@1]  start write qrcode
01-01 05:30:26.777 W/        (    0): [   26.600725@1]  write qrcode over
01-01 05:30:26.777 I/[   26.633944@1]  unifykey(    0): already inited!
01-01 05:30:26.814 I/        (    0): [   26.668727@1]  [drm] hdisplay = 720
01-01 05:30:26.814 I/        (    0): [   26.668727@1]  vdisplay = 576
01-01 05:30:26.814 I/        (    0): [   26.668727@1]  vrefresh = 50
01-01 05:30:26.814 I/[   26.669012@1]  vout(    0): vout_ioctl: cmd_dir = 0x2, cmd_nr = 0x0
01-01 05:30:26.814 I/        (    0): [   26.671912@1]  video_composer_open iminor(inode) =0
01-01 05:30:26.825 I/        (    0): [   26.672420@1]  video_composer_open iminor(inode) =1
01-01 05:30:26.967 I/[   26.674496@1]  hdmitx(    0): RX tmds clk: 150   Calc clk: 27
01-01 05:30:26.967 I/[   26.674513@1]  hdmitx(    0): RX tmds clk: 150   Calc clk: 27
01-01 05:30:26.967 I/[   26.674522@1]  hdmitx(    0): RX tmds clk: 150   Calc clk: 74
01-01 05:30:26.967 I/[   26.674530@1]  hdmitx(    0): RX tmds clk: 150   Calc clk: 74
01-01 05:30:26.967 I/[   26.674539@1]  hdmitx(    0): RX tmds clk: 150   Calc clk: 148
01-01 05:30:26.967 I/[   26.674547@1]  hdmitx(    0): RX tmds clk: 150   Calc clk: 74
01-01 05:30:26.967 I/[   26.674555@1]  hdmitx(    0): RX tmds clk: 150   Calc clk: 74
01-01 05:30:26.967 I/[   26.674564@1]  hdmitx(    0): RX tmds clk: 150   Calc clk: 148
01-01 05:30:26.967 I/[   26.674597@1]  hdmitx(    0): RX tmds clk: 150   Calc clk: 25
01-01 05:30:26.967 I/[   26.674614@1]  hdmitx(    0): RX tmds clk: 150   Calc clk: 40
01-01 05:30:26.967 I/[   26.674634@1]  hdmitx(    0): RX tmds clk: 150   Calc clk: 65
01-01 05:30:26.967 I/[   26.674655@1]  hdmitx(    0): RX tmds clk: 150   Calc clk: 71
01-01 05:30:26.967 I/[   26.674670@1]  hdmitx(    0): RX tmds clk: 150   Calc clk: 108
01-01 05:30:26.967 I/[   26.674691@1]  hdmitx(    0): RX tmds clk: 150   Calc clk: 121
01-01 05:30:26.967 I/[   26.674703@1]  hdmitx(    0): RX tmds clk: 150   Calc clk: 106
01-01 05:30:26.967 I/[   26.674720@1]  hdmitx(    0): RX tmds clk: 150   Calc clk: 108
01-01 05:30:26.967 I/[   26.674738@1]  hdmitx(    0): RX tmds clk: 150   Calc clk: 146
01-01 05:30:26.967 I/[   26.676784@1]  hdmitx(    0): RX tmds clk: 150   Calc clk: 27
01-01 05:30:26.967 I/[   26.676801@1]  hdmitx(    0): RX tmds clk: 150   Calc clk: 27
01-01 05:30:26.967 I/[   26.676809@1]  hdmitx(    0): RX tmds clk: 150   Calc clk: 74
